--------- beginning of /dev/log/main
04-12 12:29:12.561 I/Gecko   (   83): 1397330952573	Marionette	INFO	sendToClient: {"from":"0","ok":true}, {ac9c9c1e-4a42-48ac-af5e-6d3f47e29183}, {ac9c9c1e-4a42-48ac-af5e-6d3f47e29183}
04-12 12:29:12.591 I/Gecko   (   83): 1397330952602	Marionette	DEBUG	Got request: switchToFrame, data: {"to":"0","sessionId":"3-b2g","name":"switchToFrame","parameters":{"id":null,"focus":true}}, id: {c5e072fc-5449-4766-af8e-34635df4229f}
04-12 12:29:12.591 I/Gecko   (   83): 1397330952605	Marionette	INFO	Switched to frame: {"frameValue":null}
04-12 12:29:12.691 I/Gecko   (   83): [Parent 83] WARNING: pipe error (116): Connection reset by peer: file ../../../gecko/ipc/chromium/src/chrome/common/ipc_channel_posix.cc, line 446
04-12 12:29:12.751 I/Gecko   (   83): [Parent 83] WARNING: waitpid failed pid:551 errno:10: file ../../../gecko/ipc/chromium/src/base/process_util_posix.cc, line 254
04-12 12:29:12.761 I/Gecko   (   83): 1397330952767	Marionette	INFO	sendToClient: {"from":"0","ok":true}, {c5e072fc-5449-4766-af8e-34635df4229f}, {c5e072fc-5449-4766-af8e-34635df4229f}
04-12 12:29:12.801 I/Gecko   (   83): 1397330952815	Marionette	DEBUG	Got request: executeWithCallback, data: {"to":"0","sessionId":"3-b2g","name":"executeAsyncScript","parameters":{"specialPowers":false,"scriptTimeout":null,"newSandbox":true,"args":[],"filename":"gaia_test.py","script":"return GaiaApps.displayedApp();","line":66}}, id: {7370859e-b156-45f5-a255-d286c42b61ff}
04-12 12:29:12.851 I/Gecko   (   83): 1397330952863	Marionette	INFO	sendToClient: {"from":"0","value":{"frame":{"ELEMENT":"{98c4e8e8-33ef-4072-ab94-5c93a27afc10}"},"src":"app://homescreen.gaiamobile.org/index.html#root","name":"Homescreen","origin":"app://homescreen.gaiamobile.org"}}, {7370859e-b156-45f5-a255-d286c42b61ff}, {7370859e-b156-45f5-a255-d286c42b61ff}
04-12 12:29:12.861 E/GeckoConsole(   83): Content JS LOG at dummy file:392 in GaiaApps.displayedApp: app with origin 'app://homescreen.gaiamobile.org' is displayed
04-12 12:29:12.881 I/Gecko   (   83): 1397330952890	Marionette	DEBUG	Got request: switchToFrame, data: {"to":"0","sessionId":"3-b2g","name":"switchToFrame","parameters":{"id":null,"focus":true}}, id: {e294adbc-88a3-4cde-a866-200609c0e75f}
04-12 12:29:12.891 I/Gecko   (   83): 1397330952899	Marionette	INFO	Switched to frame: {"frameValue":null}
04-12 12:29:12.991 I/Gecko   (   83): 1397330953001	Marionette	INFO	sendToClient: {"from":"0","ok":true}, {e294adbc-88a3-4cde-a866-200609c0e75f}, {e294adbc-88a3-4cde-a866-200609c0e75f}
04-12 12:29:13.001 I/Gecko   (   83): 1397330953007	Marionette	DEBUG	Got request: switchToFrame, data: {"to":"0","sessionId":"3-b2g","name":"switchToFrame","parameters":{"id":null,"focus":true}}, id: {ba9ecbc5-6525-4ca0-9775-24c350b4ce3e}
04-12 12:29:13.001 I/Gecko   (   83): 1397330953009	Marionette	INFO	Switched to frame: {"frameValue":null}
04-12 12:29:13.111 I/Gecko   (   83): 1397330953125	Marionette	INFO	sendToClient: {"from":"0","ok":true}, {ba9ecbc5-6525-4ca0-9775-24c350b4ce3e}, {ba9ecbc5-6525-4ca0-9775-24c350b4ce3e}
04-12 12:29:13.121 I/Gecko   (   83): 1397330953132	Marionette	DEBUG	Got request: executeWithCallback, data: {"to":"0","sessionId":"3-b2g","name":"executeAsyncScript","parameters":{"specialPowers":false,"scriptTimeout":null,"newSandbox":true,"args":[],"filename":"gaia_test.py","script":"return GaiaApps.displayedApp();","line":66}}, id: {152238fb-f9c2-4c2e-9c97-cf1115d1b515}
04-12 12:29:13.191 E/GeckoConsole(   83): Content JS LOG at dummy file:392 in GaiaApps.displayedApp: app with origin 'app://homescreen.gaiamobile.org' is displayed
04-12 12:29:13.201 I/Gecko   (   83): 1397330953208	Marionette	INFO	sendToClient: {"from":"0","value":{"frame":{"ELEMENT":"{98c4e8e8-33ef-4072-ab94-5c93a27afc10}"},"src":"app://homescreen.gaiamobile.org/index.html#root","name":"Homescreen","origin":"app://homescreen.gaiamobile.org"}}, {152238fb-f9c2-4c2e-9c97-cf1115d1b515}, {152238fb-f9c2-4c2e-9c97-cf1115d1b515}
04-12 12:29:13.211 I/Gecko   (   83): 1397330953217	Marionette	DEBUG	Got request: switchToFrame, data: {"to":"0","sessionId":"3-b2g","name":"switchToFrame","parameters":{"focus":true,"element":"{98c4e8e8-33ef-4072-ab94-5c93a27afc10}"}}, id: {3e477706-4779-48ed-a339-bab061ee0c2c}
04-12 12:29:13.221 I/Gecko   (   83): 1397330953228	Marionette	INFO	Switched to frame: {"frameValue":"{98c4e8e8-33ef-4072-ab94-5c93a27afc10}"}
04-12 12:29:13.221 I/Gecko   (   83): 1397330953230	Marionette	INFO	trying remote frame 0
04-12 12:29:13.221 I/Gecko   (   83): 1397330953236	Marionette	INFO	deleting frame
04-12 12:29:13.231 I/Gecko   (   83): 1397330953243	Marionette	INFO	frame-manager load script: [object ChromeMessageSender]
04-12 12:29:13.441 W/WifiHW  (   83): wifi_command: SIGNAL_POLL
04-12 12:29:13.591 I/Gecko   (   83): 1397330953599	Marionette	INFO	sendToClient: {"from":"0","ok":true}, {3e477706-4779-48ed-a339-bab061ee0c2c}, {3e477706-4779-48ed-a339-bab061ee0c2c}
04-12 12:29:13.731 I/Gecko   (   83): 1397330953739	Marionette	INFO	sendToClient: {"from":"0","value":{"ELEMENT":"{960f4336-bbbd-4dbc-a015-bdedb7a2e515}"}}, {ba99d607-08e4-4dec-b138-06c3d050475b}, {ba99d607-08e4-4dec-b138-06c3d050475b}
04-12 12:29:13.841 I/Gonk    (   83): Setting nice for pid 628 to 18
04-12 12:29:13.851 I/Gonk    (   83): Changed nice for pid 628 from 0 to 18.
04-12 12:29:14.071 E/GeckoConsole(  580): [JavaScript Warning: "Use of getAttributeNode() is deprecated. Use getAttribute() instead." {file: "chrome://marionette/content/atoms.js" line: 25}]
04-12 12:29:14.071 E/GeckoConsole(  580): [JavaScript Warning: "Use of attributes' specified attribute is deprecated. It always returns true." {file: "chrome://marionette/content/atoms.js" line: 25}]
04-12 12:29:14.071 I/Gecko   (   83): 1397330954080	Marionette	INFO	sendToClient: {"from":"0","value":"normal"}, {025b58a7-4b3d-41ad-8bea-f8d629360287}, {025b58a7-4b3d-41ad-8bea-f8d629360287}
04-12 12:29:14.071 I/Gecko   (   83): 1397330954086	Marionette	DEBUG	Got request: switchToFrame, data: {"to":"0","sessionId":"3-b2g","name":"switchToFrame","parameters":{"id":null,"focus":true}}, id: {8a275c5e-f39d-4376-889c-6e1da2335063}
04-12 12:29:14.091 I/Gecko   (   83): 1397330954097	Marionette	INFO	Switched to frame: {"frameValue":null}
04-12 12:29:14.191 I/Gecko   (   83): 1397330954199	Marionette	INFO	sendToClient: {"from":"0","ok":true}, {8a275c5e-f39d-4376-889c-6e1da2335063}, {8a275c5e-f39d-4376-889c-6e1da2335063}
04-12 12:29:14.191 I/Gecko   (   83): 1397330954206	Marionette	DEBUG	Got request: execute, data: {"to":"0","sessionId":"3-b2g","name":"executeScript","parameters":{"specialPowers":false,"scriptTimeout":null,"newSandbox":true,"args":[],"filename":"gaia_test.py","script":"window.wrappedJSObject.dispatchEvent(new Event('home'));","line":788}}, id: {2ee33706-8912-4d51-b506-43330e965e85}
04-12 12:29:14.291 I/Gecko   (   83): 1397330954298	Marionette	INFO	sendToClient: {"from":"0","value":null}, {2ee33706-8912-4d51-b506-43330e965e85}, {2ee33706-8912-4d51-b506-43330e965e85}
04-12 12:29:14.291 I/Gecko   (   83): 1397330954304	Marionette	DEBUG	Got request: switchToFrame, data: {"to":"0","sessionId":"3-b2g","name":"switchToFrame","parameters":{"id":null,"focus":true}}, id: {285e7652-d1fb-4996-9ef6-a3a7129083f1}
04-12 12:29:14.291 I/Gecko   (   83): 1397330954306	Marionette	INFO	Switched to frame: {"frameValue":null}
04-12 12:29:14.401 I/Gecko   (   83): 1397330954414	Marionette	INFO	sendToClient: {"from":"0","ok":true}, {285e7652-d1fb-4996-9ef6-a3a7129083f1}, {285e7652-d1fb-4996-9ef6-a3a7129083f1}
04-12 12:29:14.411 I/Gecko   (   83): 1397330954420	Marionette	DEBUG	Got request: switchToFrame, data: {"to":"0","sessionId":"3-b2g","name":"switchToFrame","parameters":{"id":null,"focus":true}}, id: {ea811b5a-ccd3-4056-86fc-324ea5d222c6}
04-12 12:29:14.411 I/Gecko   (   83): 1397330954422	Marionette	INFO	Switched to frame: {"frameValue":null}
04-12 12:29:14.511 I/Gecko   (   83): 1397330954524	Marionette	INFO	sendToClient: {"from":"0","ok":true}, {ea811b5a-ccd3-4056-86fc-324ea5d222c6}, {ea811b5a-ccd3-4056-86fc-324ea5d222c6}
04-12 12:29:14.521 I/Gecko   (   83): 1397330954531	Marionette	DEBUG	Got request: executeWithCallback, data: {"to":"0","sessionId":"3-b2g","name":"executeAsyncScript","parameters":{"specialPowers":false,"scriptTimeout":null,"newSandbox":true,"args":[],"filename":"gaia_test.py","script":"return GaiaApps.displayedApp();","line":66}}, id: {98fbb761-0eb9-4606-ae1c-1ad5716cf433}
04-12 12:29:14.581 E/GeckoConsole(   83): Content JS LOG at dummy file:392 in GaiaApps.displayedApp: app with origin 'app://homescreen.gaiamobile.org' is displayed
04-12 12:29:14.581 I/Gecko   (   83): 1397330954589	Marionette	INFO	sendToClient: {"from":"0","value":{"frame":{"ELEMENT":"{98c4e8e8-33ef-4072-ab94-5c93a27afc10}"},"src":"app://homescreen.gaiamobile.org/index.html#rootSat%20Apr%2012%202014%2012:29:14%20GMT-0700%20(UTC)","name":"Homescreen","origin":"app://homescreen.gaiamobile.org"}}, {98fbb761-0eb9-4606-ae1c-1ad5716cf433}, {98fbb761-0eb9-4606-ae1c-1ad5716cf433}
04-12 12:29:14.581 I/Gecko   (   83): 1397330954596	Marionette	DEBUG	Got request: switchToFrame, data: {"to":"0","sessionId":"3-b2g","name":"switchToFrame","parameters":{"focus":true,"element":"{98c4e8e8-33ef-4072-ab94-5c93a27afc10}"}}, id: {459a5eb9-4397-4537-a0d8-ec90375c7e30}
04-12 12:29:14.601 I/Gecko   (   83): 1397330954611	Marionette	INFO	Switched to frame: {"frameValue":"{98c4e8e8-33ef-4072-ab94-5c93a27afc10}"}
04-12 12:29:14.601 I/Gecko   (   83): 1397330954613	Marionette	INFO	trying remote frame 0
04-12 12:29:14.751 I/Gecko   (   83): [Parent 83] WARNING: waitpid failed pid:551 errno:10: file ../../../gecko/ipc/chromium/src/base/process_util_posix.cc, line 254
04-12 12:29:14.751 I/Gecko   (   83): [Parent 83] WARNING: Failed to deliver SIGKILL to 551!(3).: file ../../../gecko/ipc/chromium/src/chrome/common/process_watcher_posix_sigchld.cc, line 118
04-12 12:29:15.071 E/GeckoConsole(  580): Content JS WARN at app://homescreen.gaiamobile.org/gaia_build_defer_index.js:184 in isHiddenApp: Unexpected role when checking hidden app: undefined
04-12 12:29:15.071 E/GeckoConsole(  580): Content JS WARN at app://homescreen.gaiamobile.org/gaia_build_defer_index.js:184 in isHiddenApp: Unexpected role when checking hidden app: undefined
04-12 12:29:15.081 E/GeckoConsole(  580): Content JS WARN at app://homescreen.gaiamobile.org/gaia_build_defer_index.js:184 in isHiddenApp: Unexpected role when checking hidden app: undefined
04-12 12:29:15.081 E/GeckoConsole(  580): Content JS WARN at app://homescreen.gaiamobile.org/gaia_build_defer_index.js:184 in isHiddenApp: Unexpected role when checking hidden app: undefined
04-12 12:29:15.081 E/GeckoConsole(  580): Content JS WARN at app://homescreen.gaiamobile.org/gaia_build_defer_index.js:184 in isHiddenApp: Unexpected role when checking hidden app: undefined
04-12 12:29:15.081 E/GeckoConsole(  580): Content JS WARN at app://homescreen.gaiamobile.org/gaia_build_defer_index.js:184 in isHiddenApp: Unexpected role when checking hidden app: undefined
04-12 12:29:15.081 E/GeckoConsole(  580): Content JS WARN at app://homescreen.gaiamobile.org/gaia_build_defer_index.js:184 in isHiddenApp: Unexpected role when checking hidden app: undefined
04-12 12:29:15.081 E/GeckoConsole(  580): Content JS WARN at app://homescreen.gaiamobile.org/gaia_build_defer_index.js:184 in isHiddenApp: Unexpected role when checking hidden app: undefined
04-12 12:29:15.081 E/GeckoConsole(  580): Content JS WARN at app://homescreen.gaiamobile.org/gaia_build_defer_index.js:184 in isHiddenApp: Unexpected role when checking hidden app: undefined
04-12 12:29:15.081 E/GeckoConsole(  580): Content JS WARN at app://homescreen.gaiamobile.org/gaia_build_defer_index.js:184 in isHiddenApp: Unexpected role when checking hidden app: undefined
04-12 12:29:15.081 E/GeckoConsole(  580): Content JS WARN at app://homescreen.gaiamobile.org/gaia_build_defer_index.js:184 in isHiddenApp: Unexpected role when checking hidden app: undefined
04-12 12:29:15.081 E/GeckoConsole(  580): Content JS WARN at app://homescreen.gaiamobile.org/gaia_build_defer_index.js:184 in isHiddenApp: Unexpected role when checking hidden app: undefined
04-12 12:29:15.081 E/GeckoConsole(  580): Content JS WARN at app://homescreen.gaiamobile.org/gaia_build_defer_index.js:184 in isHiddenApp: Unexpected role when checking hidden app: undefined
04-12 12:29:15.081 E/GeckoConsole(  580): Content JS WARN at app://homescreen.gaiamobile.org/gaia_build_defer_index.js:184 in isHiddenApp: Unexpected role when checking hidden app: undefined
04-12 12:29:15.081 E/GeckoConsole(  580): Content JS WARN at app://homescreen.gaiamobile.org/gaia_build_defer_index.js:184 in isHiddenApp: Unexpected role when checking hidden app: undefined
04-12 12:29:15.081 E/GeckoConsole(  580): Content JS WARN at app://homescreen.gaiamobile.org/gaia_build_defer_index.js:184 in isHiddenApp: Unexpected role when checking hidden app: undefined
04-12 12:29:15.091 I/Gecko   (   83): 1397330955099	Marionette	INFO	sendToClient: {"from":"0","ok":true}, {459a5eb9-4397-4537-a0d8-ec90375c7e30}, {459a5eb9-4397-4537-a0d8-ec90375c7e30}
04-12 12:29:15.091 I/Gecko   (   83): 1397330955106	Marionette	DEBUG	Got request: execute, data: {"to":"0","sessionId":"3-b2g","name":"executeScript","parameters":{"specialPowers":false,"scriptTimeout":null,"newSandbox":true,"args":[],"filename":"gaia_test.py","script":"return window.wrappedJSObject.GridManager.pageHelper.getCurrentPageNumber();","line":784}}, id: {07a79087-69c0-400d-ab86-9339b5bd0130}
04-12 12:29:15.361 I/Gecko   (   83): 1397330955373	Marionette	INFO	sendToClient: {"from":"0","value":0}, {07a79087-69c0-400d-ab86-9339b5bd0130}, {07a79087-69c0-400d-ab86-9339b5bd0130}
04-12 12:29:15.451 I/Gecko   (   83): 1397330955464	Marionette	INFO	sendToClient: {"from":"0","value":["{845f9e2d-daa2-4d15-8525-d78aa3f265fa}","{da2ee7c9-b442-45dd-a3d7-6d50c9d7ed01}","{97450a5b-4798-4507-983c-76e1ca1b57a8}","{d04814bc-1252-428b-a54f-094b18bfaf61}","{c80e66c5-1478-402d-9d70-b945be194b76}","{605a9fd9-a8b7-48af-af99-c8af587b08a2}","{2e557686-dde8-4ea4-8b20-11c3dd438b54}","{6d9da73c-2f03-42b2-8522-07e7b51b8ed2}","{ff81656e-a5ef-4f5c-9355-6ea0bb8eec36}","{14d4903e-cb79-4f7b-ba28-0c364299754f}","{44c5a454-7c0c-4128-81dc-d5cd162e02d7}","{2f497582-e0a2-4414-b7c5-279c33c6db50}","{50b6f2fa-501c-4137-82d9-544deaa3df12}","{e38a003e-2552-493a-8c66-e8f13ff15caf}","{997b1e27-0a8a-4c2c-b6bd-8ad983d9ddb1}","{ebcbf7e4-465d-479f-b298-f3ab228d3411}","{eb25856f-9d26-4869-92af-0de59aa8a86e}","{829bd37c-1182-42c3-9584-91e9fb95611d}","{e8f111af-44a3-4b6a-b858-4fc0ab735372}","{456f5838-3864-4b54-988b-a9ed62f2b5e0}"]}, {9865be94-d586-4849-845b-4b0585184dc5}, {9865be94-d586-4849-845b-4b0585184dc5}
04-12 12:29:15.501 I/Gecko   (   83): 1397330955516	Marionette	INFO	sendToClient: {"from":"0","value":"app://homescreen.gaiamobile.org/index.html#rootSat%20Apr%2012%202014%2012:29:14%20GMT-0700%20(UTC)"}, {915c9101-3218-4744-8c34-8069d0650f21}, {915c9101-3218-4744-8c34-8069d0650f21}
04-12 12:29:15.511 I/Gecko   (   83): 1397330955522	Marionette	DEBUG	Got request: switchToFrame, data: {"to":"0","sessionId":"3-b2g","name":"switchToFrame","parameters":{"id":null,"focus":true}}, id: {ec45b902-42dc-4227-85e5-94a71fb93c68}
04-12 12:29:15.521 I/Gecko   (   83): 1397330955535	Marionette	INFO	Switched to frame: {"frameValue":null}
04-12 12:29:15.631 I/Gecko   (   83): 1397330955637	Marionette	INFO	sendToClient: {"from":"0","ok":true}, {ec45b902-42dc-4227-85e5-94a71fb93c68}, {ec45b902-42dc-4227-85e5-94a71fb93c68}
04-12 12:29:15.631 I/Gecko   (   83): 1397330955644	Marionette	DEBUG	Got request: switchToFrame, data: {"to":"0","sessionId":"3-b2g","name":"switchToFrame","parameters":{"id":null,"focus":true}}, id: {2de6df30-247d-4a9f-8c56-018e8330a661}
04-12 12:29:15.631 I/Gecko   (   83): 1397330955646	Marionette	INFO	Switched to frame: {"frameValue":null}
04-12 12:29:15.741 I/Gecko   (   83): 1397330955748	Marionette	INFO	sendToClient: {"from":"0","ok":true}, {2de6df30-247d-4a9f-8c56-018e8330a661}, {2de6df30-247d-4a9f-8c56-018e8330a661}
04-12 12:29:15.741 I/Gecko   (   83): 1397330955754	Marionette	DEBUG	Got request: executeWithCallback, data: {"to":"0","sessionId":"3-b2g","name":"executeAsyncScript","parameters":{"specialPowers":false,"scriptTimeout":30000,"newSandbox":true,"args":[],"filename":"app_checker.py","script":"GaiaApps.launchWithManifestURL('https://marketplace.firefox.com/app/c01b00f9-b97f-4d23-8cbc-07d0266c73b3/manifest.webapp')","line":106}}, id: {bbe29cbb-324e-4870-9508-5cb784b441ee}
04-12 12:29:15.821 I/Gonk    (   83): Setting nice for pid 628 to 18
04-12 12:29:15.821 I/Gonk    (   83): Changed nice for pid 628 from 18 to 18.
04-12 12:29:15.821 I/Gecko   (   83): [Parent 83] WARNING: waitpid failed pid:628 errno:10: file ../../../gecko/ipc/chromium/src/base/process_util_posix.cc, line 254
04-12 12:29:15.821 I/Gonk    (   83): Setting nice for pid 628 to 1
04-12 12:29:15.821 I/Gonk    (   83): Changed nice for pid 628 from 18 to 1.
04-12 12:29:15.841 E/GeckoConsole(   83): Content JS LOG at dummy file:334 in GaiaApps.launch: launching app with name 'AgendaImpacte'
04-12 12:29:15.891 D/Sensors (   83): SensorTMD2771::readEvents()======data_fd=54,count=16
04-12 12:29:15.891 D/Sensors (   83): SensorTMD2771::processEvent()=====code=40::value=468 
04-12 12:29:15.891 D/Sensors (   83): SensorTMD2771: mPendingEvents[Light].light = 468.000000
04-12 12:29:16.151 D/Sensors (   83): activate handle=0; drv=0
04-12 12:29:16.161 D/Sensors (   83): Lis3dhSensor: Control set 1
04-12 12:29:16.161 D/Sensors (   83): Lis3dhSensor: mEnabled = 1
04-12 12:29:16.171 I/Gonk    (   83): Setting nice for pid 580 to 18
04-12 12:29:16.181 I/Gonk    (   83): Changed nice for pid 580 from 1 to 18.
04-12 12:29:17.041 I/Gecko   (  628): ###################################### forms.js loaded
04-12 12:29:17.121 I/Gecko   (  628): ############################### browserElementPanning.js loaded
04-12 12:29:17.161 I/Gecko   (  628): ######################## BrowserElementChildPreload.js loaded
04-12 12:29:18.441 W/WifiHW  (   83): wifi_command: SIGNAL_POLL
04-12 12:29:18.461 E/GeckoConsole(  628): [JavaScript Warning: "Unknown property 'box-sizing'.  Declaration dropped." {file: "app://{c3dd8520-3b2c-498d-a729-b2b80f26a444}/css/normalize.css" line: 150 column: 14 source: "    box-sizing: content-box;"}]
04-12 12:29:18.471 E/GeckoConsole(  628): [JavaScript Warning: "Unknown property 'box-sizing'.  Declaration dropped." {file: "app://{c3dd8520-3b2c-498d-a729-b2b80f26a444}/css/normalize.css" line: 344 column: 14 source: "    box-sizing: border-box; /* 1 */"}]
04-12 12:29:18.471 E/GeckoConsole(  628): [JavaScript Warning: "Unknown property 'box-sizing'.  Declaration dropped." {file: "app://{c3dd8520-3b2c-498d-a729-b2b80f26a444}/css/normalize.css" line: 358 column: 14 source: "    box-sizing: content-box;"}]
04-12 12:29:18.471 E/GeckoConsole(  628): [JavaScript Warning: "Unknown pseudo-class or pseudo-element '-webkit-search-cancel-button'.  Ruleset ignored due to bad selector." {file: "app://{c3dd8520-3b2c-498d-a729-b2b80f26a444}/css/normalize.css" line: 366 column: 22 source: "input[type="search"]::-webkit-search-cancel-button,"}]
04-12 12:29:18.471 E/GeckoConsole(  628): [JavaScript Warning: "Unknown property 'box-sizing'.  Declaration dropped." {file: "app://{c3dd8520-3b2c-498d-a729-b2b80f26a444}/css/bootstrap.css" line: 69 column: 12 source: "  box-sizing: content-box;"}]
04-12 12:29:18.471 E/GeckoConsole(  628): [JavaScript Warning: "Unknown property 'box-sizing'.  Declaration dropped." {file: "app://{c3dd8520-3b2c-498d-a729-b2b80f26a444}/css/bootstrap.css" line: 152 column: 12 source: "  box-sizing: border-box;"}]
04-12 12:29:18.471 E/GeckoConsole(  628): [JavaScript Warning: "Unknown property 'box-sizing'.  Declaration dropped." {file: "app://{c3dd8520-3b2c-498d-a729-b2b80f26a444}/css/bootstrap.css" line: 159 column: 12 source: "  box-sizing: content-box;"}]
04-12 12:29:18.471 E/GeckoConsole(  628): [JavaScript Warning: "Unknown pseudo-class or pseudo-element '-webkit-search-cancel-button'.  Ruleset ignored due to bad selector." {file: "app://{c3dd8520-3b2c-498d-a729-b2b80f26a444}/css/bootstrap.css" line: 161 column: 22 source: "input[type="search"]::-webkit-search-cancel-button,"}]
04-12 12:29:18.471 E/GeckoConsole(  628): [JavaScript Warning: "Unknown property 'box-sizing'.  Declaration dropped." {file: "app://{c3dd8520-3b2c-498d-a729-b2b80f26a444}/css/bootstrap.css" line: 183 column: 12 source: "  box-sizing: border-box;"}]
04-12 12:29:18.471 E/GeckoConsole(  628): [JavaScript Warning: "Expected color but found 'auto'.  Expected color but found '-webkit-focus-ring-color'.  Expected end of value but found '-webkit-focus-ring-color'.  Error in parsing value for 'outline'.  Declaration dropped." {file: "app://{c3dd8520-3b2c-498d-a729-b2b80f26a444}/css/bootstrap.css" line: 221 column: 15 source: "  outline: 5px auto -webkit-focus-ring-color;"}]
04-12 12:29:18.491 E/GeckoConsole(  628): [JavaScript Warning: "Unknown property 'box-sizing'.  Declaration dropped." {file: "app://{c3dd8520-3b2c-498d-a729-b2b80f26a444}/css/bootstrap.css" line: 1511 column: 12 source: "  box-sizing: border-box;"}]
04-12 12:29:18.491 E/GeckoConsole(  628): [JavaScript Warning: "Expected end of value but found '\9 '.  Error in parsing value for 'margin-top'.  Declaration dropped." {file: "app://{c3dd8520-3b2c-498d-a729-b2b80f26a444}/css/bootstrap.css" line: 1516 column: 18 source: "  margin-top: 1px \9;"}]
04-12 12:29:18.491 E/GeckoConsole(  628): [JavaScript Warning: "Expected color but found 'auto'.  Expected color but found '-webkit-focus-ring-color'.  Expected end of value but found '-webkit-focus-ring-color'.  Error in parsing value for 'outline'.  Declaration dropped." {file: "app://{c3dd8520-3b2c-498d-a729-b2b80f26a444}/css/bootstrap.css" line: 1537 column: 15 source: "  outline: 5px auto -webkit-focus-ring-color;"}]
04-12 12:29:18.491 E/GeckoConsole(  628): [JavaScript Warning: "Unknown pseudo-class or pseudo-element '-webkit-outer-spin-button'.  Ruleset ignored due to bad selector." {file: "app://{c3dd8520-3b2c-498d-a729-b2b80f26a444}/css/bootstrap.css" line: 1540 column: 22 source: "input[type="number"]::-webkit-outer-spin-button,"}]
04-12 12:29:18.491 E/GeckoConsole(  628): [JavaScript Warning: "Unknown pseudo-class or pseudo-element '-ms-input-placeholder'.  Ruleset ignored due to bad selector." {file: "app://{c3dd8520-3b2c-498d-a729-b2b80f26a444}/css/bootstrap.css" line: 1550 column: 14 source: ".form-control:-ms-input-placeholder {"}]
04-12 12:29:18.491 E/GeckoConsole(  628): [JavaScript Warning: "Unknown pseudo-class or pseudo-element '-webkit-input-placeholder'.  Ruleset ignored due to bad selector." {file: "app://{c3dd8520-3b2c-498d-a729-b2b80f26a444}/css/bootstrap.css" line: 1553 column: 15 source: ".form-control::-webkit-input-placeholder {"}]
04-12 12:29:18.491 E/GeckoConsole(  628): [JavaScript Warning: "Unknown property 'user-select'.  Declaration dropped." {file: "app://{c3dd8520-3b2c-498d-a729-b2b80f26a444}/css/bootstrap.css" line: 1822 column: 13 source: "  user-select: none;"}]
04-12 12:29:18.491 E/GeckoConsole(  628): [JavaScript Warning: "Expected color but found 'auto'.  Expected color but found '-webkit-focus-ring-color'.  Expected end of value but found '-webkit-focus-ring-color'.  Error in parsing value for 'outline'.  Declaration dropped." {file: "app://{c3dd8520-3b2c-498d-a729-b2b80f26a444}/css/bootstrap.css" line: 1826 column: 15 source: "  outline: 5px auto -webkit-focus-ring-color;"}]
04-12 12:29:18.491 E/GeckoConsole(  628): [JavaScript Warning: "Expected 'none' or URL but found 'alpha('.  Error in parsing value for 'filter'.  Declaration dropped." {file: "app://{c3dd8520-3b2c-498d-a729-b2b80f26a444}/css/bootstrap.css" line: 1847 column: 10 source: "  filter: alpha(opacity=65);"}]
04-12 12:29:18.521 E/GeckoConsole(  628): [JavaScript Warning: "Error in parsing value for 'background-image'.  Declaration dropped." {file: "app://{c3dd8520-3b2c-498d-a729-b2b80f26a444}/css/bootstrap.css" line: 4320 column: 20 source: "  background-image: -webkit-gradient(linear, 0 100%, 100% 0, color-stop(0.25, rgba(255, 255, 255, 0.15)), color-stop(0.25, transparent), color-stop(0.5, transparent), color-stop(0.5, rgba(255, 255, 255, 0.15)), color-stop(0.75, rgba(255, 255, 255, 0.15)), color-stop(0.75, transparent), to(transparent));"}]
04-12 12:29:18.521 E/GeckoConsole(  628): [JavaScript Warning: "Error in parsing value for 'background-image'.  Declaration dropped." {file: "app://{c3dd8520-3b2c-498d-a729-b2b80f26a444}/css/bootstrap.css" line: 4321 column: 20 source: "  background-image: -webkit-linear-gradient(45deg, rgba(255, 255, 255, 0.15) 25%, transparent 25%, transparent 50%, rgba(255, 255, 255, 0.15) 50%, rgba(255, 255, 255, 0.15) 75%, transparent 75%, transparent);"}]
04-12 12:29:18.521 E/GeckoConsole(  628): [JavaScript Warning: "Error in parsing value for 'background-image'.  Declaration dropped." {file: "app://{c3dd8520-3b2c-498d-a729-b2b80f26a444}/css/bootstrap.css" line: 4337 column: 20 source: "  background-image: -webkit-gradient(linear, 0 100%, 100% 0, color-stop(0.25, rgba(255, 255, 255, 0.15)), color-stop(0.25, transparent), color-stop(0.5, transparent), color-stop(0.5, rgba(255, 255, 255, 0.15)), color-stop(0.75, rgba(255, 255, 255, 0.15)), color-stop(0.75, transparent), to(transparent));"}]
04-12 12:29:18.521 E/GeckoConsole(  628): [JavaScript Warning: "Error in parsing value for 'background-image'.  Declaration dropped." {file: "app://{c3dd8520-3b2c-498d-a729-b2b80f26a444}/css/bootstrap.css" line: 4338 column: 20 source: "  background-image: -webkit-linear-gradient(45deg, rgba(255, 255, 255, 0.15) 25%, transparent 25%, transparent 50%, rgba(255, 255, 255, 0.15) 50%, rgba(255, 255, 255, 0.15) 75%, transparent 75%, transparent);"}]
04-12 12:29:18.521 E/GeckoConsole(  628): [JavaScript Warning: "Error in parsing value for 'background-image'.  Declaration dropped." {file: "app://{c3dd8520-3b2c-498d-a729-b2b80f26a444}/css/bootstrap.css" line: 4346 column: 20 source: "  background-image: -webkit-gradient(linear, 0 100%, 100% 0, color-stop(0.25, rgba(255, 255, 255, 0.15)), color-stop(0.25, transparent), color-stop(0.5, transparent), color-stop(0.5, rgba(255, 255, 255, 0.15)), color-stop(0.75, rgba(255, 255, 255, 0.15)), color-stop(0.75, transparent), to(transparent));"}]
04-12 12:29:18.521 E/GeckoConsole(  628): [JavaScript Warning: "Error in parsing value for 'background-image'.  Declaration dropped." {file: "app://{c3dd8520-3b2c-498d-a729-b2b80f26a444}/css/bootstrap.css" line: 4347 column: 20 source: "  background-image: -webkit-linear-gradient(45deg, rgba(255, 255, 255, 0.15) 25%, transparent 25%, transparent 50%, rgba(255, 255, 255, 0.15) 50%, rgba(255, 255, 255, 0.15) 75%, transparent 75%, transparent);"}]
04-12 12:29:18.531 E/GeckoConsole(  628): [JavaScript Warning: "Error in parsing value for 'background-image'.  Declaration dropped." {file: "app://{c3dd8520-3b2c-498d-a729-b2b80f26a444}/css/bootstrap.css" line: 4355 column: 20 source: "  background-image: -webkit-gradient(linear, 0 100%, 100% 0, color-stop(0.25, rgba(255, 255, 255, 0.15)), color-stop(0.25, transparent), color-stop(0.5, transparent), color-stop(0.5, rgba(255, 255, 255, 0.15)), color-stop(0.75, rgba(255, 255, 255, 0.15)), color-stop(0.75, transparent), to(transparent));"}]
04-12 12:29:18.531 E/GeckoConsole(  628): [JavaScript Warning: "Error in parsing value for 'background-image'.  Declaration dropped." {file: "app://{c3dd8520-3b2c-498d-a729-b2b80f26a444}/css/bootstrap.css" line: 4356 column: 20 source: "  background-image: -webkit-linear-gradient(45deg, rgba(255, 255, 255, 0.15) 25%, transparent 25%, transparent 50%, rgba(255, 255, 255, 0.15) 50%, rgba(255, 255, 255, 0.15) 75%, transparent 75%, transparent);"}]
04-12 12:29:18.531 E/GeckoConsole(  628): [JavaScript Warning: "Error in parsing value for 'background-image'.  Declaration dropped." {file: "app://{c3dd8520-3b2c-498d-a729-b2b80f26a444}/css/bootstrap.css" line: 4364 column: 20 source: "  background-image: -webkit-gradient(linear, 0 100%, 100% 0, color-stop(0.25, rgba(255, 255, 255, 0.15)), color-stop(0.25, transparent), color-stop(0.5, transparent), color-stop(0.5, rgba(255, 255, 255, 0.15)), color-stop(0.75, rgba(255, 255, 255, 0.15)), color-stop(0.75, transparent), to(transparent));"}]
04-12 12:29:18.531 E/GeckoConsole(  628): [JavaScript Warning: "Error in parsing value for 'background-image'.  Declaration dropped." {file: "app://{c3dd8520-3b2c-498d-a729-b2b80f26a444}/css/bootstrap.css" line: 4365 column: 20 source: "  background-image: -webkit-linear-gradient(45deg, rgba(255, 255, 255, 0.15) 25%, transparent 25%, transparent 50%, rgba(255, 255, 255, 0.15) 50%, rgba(255, 255, 255, 0.15) 75%, transparent 75%, transparent);"}]
04-12 12:29:18.531 E/GeckoConsole(  628): [JavaScript Warning: "Unknown property 'zoom'.  Declaration dropped." {file: "app://{c3dd8520-3b2c-498d-a729-b2b80f26a444}/css/bootstrap.css" line: 4372 column: 6 source: "  zoom: 1;"}]
04-12 12:29:18.531 E/GeckoConsole(  628): [JavaScript Warning: "Expected 'none' or URL but found 'alpha('.  Error in parsing value for 'filter'.  Declaration dropped." {file: "app://{c3dd8520-3b2c-498d-a729-b2b80f26a444}/css/bootstrap.css" line: 4673 column: 10 source: "  filter: alpha(opacity=20);"}]
04-12 12:29:18.531 E/GeckoConsole(  628): [JavaScript Warning: "Expected 'none' or URL but found 'alpha('.  Error in parsing value for 'filter'.  Declaration dropped." {file: "app://{c3dd8520-3b2c-498d-a729-b2b80f26a444}/css/bootstrap.css" line: 4681 column: 10 source: "  filter: alpha(opacity=50);"}]
04-12 12:29:18.531 E/GeckoConsole(  628): [JavaScript Warning: "Expected 'none' or URL but found 'progid'.  Error in parsing value for 'filter'.  Declaration dropped." {file: "app://{c3dd8520-3b2c-498d-a729-b2b80f26a444}/css/bootstrap.css" line: 4771 column: 10 source: "  filter: progid:DXImageTransform.Microsoft.gradient(enabled = false);"}]
04-12 12:29:18.541 E/GeckoConsole(  628): [JavaScript Warning: "Expected 'none' or URL but found 'alpha('.  Error in parsing value for 'filter'.  Declaration dropped." {file: "app://{c3dd8520-3b2c-498d-a729-b2b80f26a444}/css/bootstrap.css" line: 4825 column: 10 source: "  filter: alpha(opacity=0);"}]
04-12 12:29:18.541 E/GeckoConsole(  628): [JavaScript Warning: "Expected 'none' or URL but found 'alpha('.  Error in parsing value for 'filter'.  Declaration dropped." {file: "app://{c3dd8520-3b2c-498d-a729-b2b80f26a444}/css/bootstrap.css" line: 4829 column: 10 source: "  filter: alpha(opacity=90);"}]
04-12 12:29:18.541 E/GeckoConsole(  628): [JavaScript Warning: "Expected 'none' or URL but found 'alpha('.  Error in parsing value for 'filter'.  Declaration dropped." {file: "app://{c3dd8520-3b2c-498d-a729-b2b80f26a444}/css/bootstrap.css" line: 5096 column: 10 source: "  filter: alpha(opacity=0);"}]
04-12 12:29:18.541 E/GeckoConsole(  628): [JavaScript Warning: "Expected 'none' or URL but found 'alpha('.  Error in parsing value for 'filter'.  Declaration dropped." {file: "app://{c3dd8520-3b2c-498d-a729-b2b80f26a444}/css/bootstrap.css" line: 5100 column: 10 source: "  filter: alpha(opacity=50);"}]
04-12 12:29:18.541 E/GeckoConsole(  628): [JavaScript Warning: "Expected 'none' or URL but found 'alpha('.  Error in parsing value for 'filter'.  Declaration dropped." {file: "app://{c3dd8520-3b2c-498d-a729-b2b80f26a444}/css/bootstrap.css" line: 5229 column: 10 source: "  filter: alpha(opacity=50);"}]
04-12 12:29:18.541 E/GeckoConsole(  628): [JavaScript Warning: "Error in parsing value for 'background-image'.  Declaration dropped." {file: "app://{c3dd8520-3b2c-498d-a729-b2b80f26a444}/css/bootstrap.css" line: 5236 column: 20 source: "  background-image: -webkit-gradient(linear, 0% top, 100% top, from(rgba(0, 0, 0, 0.5)), to(rgba(0, 0, 0, 0.0001)));"}]
04-12 12:29:18.541 E/GeckoConsole(  628): [JavaScript Warning: "Error in parsing value for 'background-image'.  Declaration dropped." {file: "app://{c3dd8520-3b2c-498d-a729-b2b80f26a444}/css/bootstrap.css" line: 5237 column: 20 source: "  background-image: -webkit-linear-gradient(left, color-stop(rgba(0, 0, 0, 0.5) 0%), color-stop(rgba(0, 0, 0, 0.0001) 100%));"}]
04-12 12:29:18.541 E/GeckoConsole(  628): [JavaScript Warning: "Expected 'none' or URL but found 'progid'.  Error in parsing value for 'filter'.  Declaration dropped." {file: "app://{c3dd8520-3b2c-498d-a729-b2b80f26a444}/css/bootstrap.css" line: 5241 column: 10 source: "  filter: progid:DXImageTransform.Microsoft.gradient(startColorstr='#80000000', endColorstr='#00000000', GradientType=1);"}]
04-12 12:29:18.541 E/GeckoConsole(  628): [JavaScript Warning: "Error in parsing value for 'background-image'.  Declaration dropped." {file: "app://{c3dd8520-3b2c-498d-a729-b2b80f26a444}/css/bootstrap.css" line: 5246 column: 20 source: "  background-image: -webkit-gradient(linear, 0% top, 100% top, from(rgba(0, 0, 0, 0.0001)), to(rgba(0, 0, 0, 0.5)));"}]
04-12 12:29:18.541 E/GeckoConsole(  628): [JavaScript Warning: "Error in parsing value for 'background-image'.  Declaration dropped." {file: "app://{c3dd8520-3b2c-498d-a729-b2b80f26a444}/css/bootstrap.css" line: 5247 column: 20 source: "  background-image: -webkit-linear-gradient(left, color-stop(rgba(0, 0, 0, 0.0001) 0%), color-stop(rgba(0, 0, 0, 0.5) 100%));"}]
04-12 12:29:18.541 E/GeckoConsole(  628): [JavaScript Warning: "Expected 'none' or URL but found 'progid'.  Error in parsing value for 'filter'.  Declaration dropped." {file: "app://{c3dd8520-3b2c-498d-a729-b2b80f26a444}/css/bootstrap.css" line: 5251 column: 10 source: "  filter: progid:DXImageTransform.Microsoft.gradient(startColorstr='#00000000', endColorstr='#80000000', GradientType=1);"}]
04-12 12:29:18.541 E/GeckoConsole(  628): [JavaScript Warning: "Expected 'none' or URL but found 'alpha('.  Error in parsing value for 'filter'.  Declaration dropped." {file: "app://{c3dd8520-3b2c-498d-a729-b2b80f26a444}/css/bootstrap.css" line: 5258 column: 10 source: "  filter: alpha(opacity=90);"}]
04-12 12:29:18.551 E/GeckoConsole(  628): [JavaScript Warning: "Expected declaration but found '*'.  Skipped to next declaration." {file: "app://{c3dd8520-3b2c-498d-a729-b2b80f26a444}/css/genericons.css" line: 50 column: 1 source: "	*overflow: auto;"}]
04-12 12:29:18.551 E/GeckoConsole(  628): [JavaScript Warning: "Expected declaration but found '*'.  Skipped to next declaration." {file: "app://{c3dd8520-3b2c-498d-a729-b2b80f26a444}/css/genericons.css" line: 51 column: 1 source: "	*zoom: 1;"}]
04-12 12:29:18.551 E/GeckoConsole(  628): [JavaScript Warning: "Expected declaration but found '*'.  Skipped to next declaration." {file: "app://{c3dd8520-3b2c-498d-a729-b2b80f26a444}/css/genericons.css" line: 52 column: 1 source: "	*display: inline;"}]
04-12 12:29:18.571 E/GeckoConsole(  628): [JavaScript Warning: "Error in parsing value for 'background-image'.  Declaration dropped." {file: "app://{c3dd8520-3b2c-498d-a729-b2b80f26a444}/css/style.css" line: 24 column: 19 source: " background-image: -webkit-gradient(linear,left top,left bottom,from(#efefef),to(#ddd));"}]
04-12 12:29:18.571 E/GeckoConsole(  628): [JavaScript Warning: "Error in parsing value for 'background-image'.  Declaration dropped." {file: "app://{c3dd8520-3b2c-498d-a729-b2b80f26a444}/css/style.css" line: 25 column: 19 source: " background-image: -webkit-linear-gradient(#efefef,#ddd);"}]
04-12 12:29:18.571 E/GeckoConsole(  628): [JavaScript Warning: "Error in parsing value for 'background-image'.  Declaration dropped." {file: "app://{c3dd8520-3b2c-498d-a729-b2b80f26a444}/css/style.css" line: 27 column: 19 source: " background-image: -ms-linear-gradient(#efefef,#ddd);"}]
04-12 12:29:18.571 E/GeckoConsole(  628): [JavaScript Warning: "Error in parsing value for 'background-image'.  Declaration dropped." {file: "app://{c3dd8520-3b2c-498d-a729-b2b80f26a444}/css/style.css" line: 28 column: 19 source: " background-image: -o-linear-gradient(#efefef,#ddd);"}]
04-12 12:29:18.571 E/GeckoConsole(  628): [JavaScript Warning: "Error in parsing value for 'background-image'.  Declaration dropped." {file: "app://{c3dd8520-3b2c-498d-a729-b2b80f26a444}/css/style.css" line: 34 column: 19 source: " background-image: -webkit-gradient(linear,left top,left bottom,from(#fc0000),to(#c00));"}]
04-12 12:29:18.571 E/GeckoConsole(  628): [JavaScript Warning: "Error in parsing value for 'background-image'.  Declaration dropped." {file: "app://{c3dd8520-3b2c-498d-a729-b2b80f26a444}/css/style.css" line: 35 column: 19 source: " background-image: -webkit-linear-gradient(#fc0000,#c00);"}]
04-12 12:29:18.571 E/GeckoConsole(  628): [JavaScript Warning: "Error in parsing value for 'background-image'.  Declaration dropped." {file: "app://{c3dd8520-3b2c-498d-a729-b2b80f26a444}/css/style.css" line: 37 column: 19 source: " background-image: -ms-linear-gradient(#fc0000,#c00);"}]
04-12 12:29:18.571 E/GeckoConsole(  628): [JavaScript Warning: "Error in parsing value for 'background-image'.  Declaration dropped." {file: "app://{c3dd8520-3b2c-498d-a729-b2b80f26a444}/css/style.css" line: 38 column: 19 source: " background-image: -o-linear-gradient(#fc0000,#c00);"}]
04-12 12:29:18.571 E/GeckoConsole(  628): [JavaScript Warning: "Error in parsing value for 'background-image'.  Declaration dropped." {file: "app://{c3dd8520-3b2c-498d-a729-b2b80f26a444}/css/style.css" line: 44 column: 19 source: " background-image: -webkit-gradient(linear,left top,left bottom,from(#444),to(#222));"}]
04-12 12:29:18.571 E/GeckoConsole(  628): [JavaScript Warning: "Error in parsing value for 'background-image'.  Declaration dropped." {file: "app://{c3dd8520-3b2c-498d-a729-b2b80f26a444}/css/style.css" line: 45 column: 19 source: " background-image: -webkit-linear-gradient(#444,#222);"}]
04-12 12:29:18.571 E/GeckoConsole(  628): [JavaScript Warning: "Error in parsing value for 'background-image'.  Declaration dropped." {file: "app://{c3dd8520-3b2c-498d-a729-b2b80f26a444}/css/style.css" line: 47 column: 19 source: " background-image: -ms-linear-gradient(#444,#222);"}]
04-12 12:29:18.571 E/GeckoConsole(  628): [JavaScript Warning: "Error in parsing value for 'background-image'.  Declaration dropped." {file: "app://{c3dd8520-3b2c-498d-a729-b2b80f26a444}/css/style.css" line: 48 column: 19 source: " background-image: -o-linear-gradient(#444,#222);"}]
04-12 12:29:18.571 E/GeckoConsole(  628): [JavaScript Warning: "Unknown property '-moz-box-shadow'.  Declaration dropped." {file: "app://{c3dd8520-3b2c-498d-a729-b2b80f26a444}/css/style.css" line: 157 column: 17 source: "  -moz-box-shadow: 0 15px 10px #777;"}]
04-12 12:29:18.571 E/GeckoConsole(  628): [JavaScript Warning: "Unknown property '-moz-box-shadow'.  Declaration dropped." {file: "app://{c3dd8520-3b2c-498d-a729-b2b80f26a444}/css/style.css" line: 168 column: 20 source: "     -moz-box-shadow: 0 10px 6px -6px #777;"}]
04-12 12:29:18.571 E/GeckoConsole(  628): [JavaScript Warning: "Unknown property '-moz-box-shadow'.  Declaration dropped." {file: "app://{c3dd8520-3b2c-498d-a729-b2b80f26a444}/css/style.css" line: 174 column: 20 source: "     -moz-box-shadow: 0 1px 2px 1px #888;"}]
04-12 12:29:19.071 I/Gecko   (  628): No permission to use the keyboard API for app://{c3dd8520-3b2c-498d-a729-b2b80f26a444}
04-12 12:29:20.471 D/Sensors (   83): SensorTMD2771::readEvents()======data_fd=54,count=16
04-12 12:29:20.471 D/Sensors (   83): SensorTMD2771::processEvent()=====code=40::value=324 
04-12 12:29:20.471 D/Sensors (   83): SensorTMD2771: mPendingEvents[Light].light = 324.000000
04-12 12:29:20.981 I/Gonk    (   83): Setting nice for pid 653 to 18
04-12 12:29:20.981 I/Gonk    (   83): Changed nice for pid 653 from 0 to 18.
04-12 12:29:21.231 E/GeckoConsole(  628): [JavaScript Warning: "Unknown property 'box-sizing'.  Declaration dropped." {file: "app://{c3dd8520-3b2c-498d-a729-b2b80f26a444}/index.html" line: 0 column: 10 source: "box-sizing:border-box;-moz-box-sizing:border-box;-webkit-box-sizing:border-box;padding:1px;border:1px;display:block;width:4px;margin-top:1%;position:absolute;top:1%;"}]
04-12 12:29:21.231 E/GeckoConsole(  628): [JavaScript Warning: "Unknown property 'box-sizing'.  Declaration dropped." {file: "app://{c3dd8520-3b2c-498d-a729-b2b80f26a444}/index.html" line: 0 column: 52 source: "padding:0;margin:0;border:0;display:block;box-sizing:content-box;-moz-box-sizing:content-box;-webkit-box-sizing:content-box;"}]
04-12 12:29:21.231 E/GeckoConsole(  628): [JavaScript Warning: "Unknown property 'box-sizing'.  Declaration dropped." {file: "app://{c3dd8520-3b2c-498d-a729-b2b80f26a444}/index.html" line: 0 column: 52 source: "padding:0;margin:0;border:0;display:block;box-sizing:content-box;-moz-box-sizing:content-box;-webkit-box-sizing:content-box;"}]
04-12 12:29:21.701 D/Sensors (   83): SensorTMD2771::readEvents()======data_fd=54,count=16
04-12 12:29:21.701 D/Sensors (   83): SensorTMD2771::processEvent()=====code=40::value=232 
04-12 12:29:21.701 D/Sensors (   83): SensorTMD2771: mPendingEvents[Light].light = 232.000000
04-12 12:29:22.381 E/GeckoConsole(  628): Content JS LOG at app://{c3dd8520-3b2c-498d-a729-b2b80f26a444}/cordova.js:857 in anonymous: WARNING: please require cordova/exec/proxy instead
04-12 12:29:22.381 E/GeckoConsole(  628): Content JS LOG at app://{c3dd8520-3b2c-498d-a729-b2b80f26a444}/cordova.js:835 in module.exports.add: adding proxy for Geolocation
04-12 12:29:22.391 E/GeckoConsole(  628): Content JS LOG at app://{c3dd8520-3b2c-498d-a729-b2b80f26a444}/js/app.js:604 in onDeviceReady: ubicacio
04-12 12:29:23.461 E/GeckoConsole(  628): [JavaScript Warning: "Use of getPreventDefault() is deprecated.  Use defaultPrevented instead." {file: "app://{c3dd8520-3b2c-498d-a729-b2b80f26a444}/js/libs/jquery-1.9.1.js" line: 3346}]
04-12 12:29:23.521 W/WifiHW  (   83): wifi_command: SIGNAL_POLL
04-12 12:29:23.881 E/GeckoConsole(   83): Content JS LOG at dummy file:326 in GaiaApps.launch/appOpen/<: app with origin 'app://{c3dd8520-3b2c-498d-a729-b2b80f26a444}' has launched
04-12 12:29:23.881 I/Gecko   (   83): 1397330963896	Marionette	INFO	sendToClient: {"from":"0","value":{"frame":{"ELEMENT":"{7b2d7426-c956-4299-8bf0-c4a1c731e98b}"},"src":"app://{c3dd8520-3b2c-498d-a729-b2b80f26a444}/index.html","name":"AgendaImpacte","origin":"app://{c3dd8520-3b2c-498d-a729-b2b80f26a444}"}}, {bbe29cbb-324e-4870-9508-5cb784b441ee}, {bbe29cbb-324e-4870-9508-5cb784b441ee}
04-12 12:29:23.911 I/Gecko   (   83): 1397330963923	Marionette	DEBUG	Got request: switchToFrame, data: {"to":"0","sessionId":"3-b2g","name":"switchToFrame","parameters":{"focus":true,"element":"{7b2d7426-c956-4299-8bf0-c4a1c731e98b}"}}, id: {82472157-b4ce-4fbd-afa9-3f1f622a11de}
04-12 12:29:23.921 I/Gecko   (   83): 1397330963932	Marionette	INFO	Switched to frame: {"frameValue":"{7b2d7426-c956-4299-8bf0-c4a1c731e98b}"}
04-12 12:29:23.921 I/Gecko   (   83): 1397330963934	Marionette	INFO	trying remote frame 0
04-12 12:29:23.921 I/Gecko   (   83): 1397330963935	Marionette	INFO	trying remote frame 1
04-12 12:29:23.931 I/Gecko   (   83): 1397330963941	Marionette	INFO	frame-manager load script: [object ChromeMessageSender]
04-12 12:29:24.311 I/Gecko   (   83): 1397330964326	Marionette	INFO	sendToClient: {"from":"0","ok":true}, {82472157-b4ce-4fbd-afa9-3f1f622a11de}, {82472157-b4ce-4fbd-afa9-3f1f622a11de}
04-12 12:29:24.331 I/Gecko   (   83): 1397330964340	Marionette	INFO	sendToClient: {"from":"0","value":"app://{c3dd8520-3b2c-498d-a729-b2b80f26a444}/index.html"}, {3e3685e8-8fea-4206-85ef-3d7010538e20}, {3e3685e8-8fea-4206-85ef-3d7010538e20}
04-12 12:29:24.331 I/Gecko   (   83): 1397330964346	Marionette	DEBUG	Got request: execute, data: {"to":"0","sessionId":"3-b2g","name":"executeScript","parameters":{"specialPowers":false,"scriptTimeout":null,"newSandbox":true,"args":[],"filename":"app_checker.py","script":"return window.document.readyState;","line":191}}, id: {11333801-3d2f-4c11-854d-52d37f4c7c45}
04-12 12:29:24.371 I/Gecko   (   83): 1397330964386	Marionette	INFO	sendToClient: {"from":"0","value":"complete"}, {11333801-3d2f-4c11-854d-52d37f4c7c45}, {11333801-3d2f-4c11-854d-52d37f4c7c45}
04-12 12:29:24.391 I/Gecko   (   83): 1397330964401	Marionette	INFO	sendToClient: {"from":"0","value":"app://{c3dd8520-3b2c-498d-a729-b2b80f26a444}/index.html"}, {079c6240-fd45-425e-a631-578878e8d252}, {079c6240-fd45-425e-a631-578878e8d252}
04-12 12:29:24.431 I/Gecko   (  628): Attempting load of libEGL.so
04-12 12:29:24.521 D/libEGL  (  628): loaded /system/lib/egl/libEGL_mali.so
04-12 12:29:24.551 D/libEGL  (  628): loaded /system/lib/egl/libGLESv1_CM_mali.so
04-12 12:29:24.551 D/libEGL  (  628): loaded /system/lib/egl/libGLESv2_mali.so
04-12 12:29:24.621 I/Gecko   (  628): SharedSurface_Gralloc::Create -------
04-12 12:29:24.641 I/Gecko   (  628): SharedSurface_Gralloc::Create: success -- surface 0x440326c0, GraphicBuffer 0x4402d280.
04-12 12:29:25.201 I/log     (  666): <4>0[ 108.442493] lowmem_shrink select 580 (Homescreen), adj 8, size 7417, to kill 
04-12 12:29:25.571 I/Gecko   (   83): 
04-12 12:29:25.571 I/Gecko   (   83): ###!!! [Parent][MessageChannel] Error: Channel error: cannot send/recv
04-12 12:29:25.571 I/Gecko   (   83): 
04-12 12:29:25.661 I/Gecko   (   83): [Parent 83] WARNING: waitpid failed pid:580 errno:10: file ../../../gecko/ipc/chromium/src/base/process_util_posix.cc, line 254
04-12 12:29:25.831 I/Gecko   (   83): 1397330965840	Marionette	INFO	sendToClient: {"from":"0","value":"iVBORw0KGgoAAAANSUhEUgAAAUAAAAHMCAYAAACk4nEJAAAgAElEQVR4nOx9aVhUWZomVZ01PTXVU13VUzVPdffUVE/PdPf0/JnqOaCAkCYqKrhkomgqCiSYpAmukKLirqlm4pYuiQsp7qigqLgmCComuKCAoKAgIIjsm+zBEvHOD/oe7424EXEjCDbje5/nfZRzz/qdc944y73n2KhUKhCJRKI10mawM0AkEomDRRJAIpFotSQBJBKJVksSQCKRaLUkASQSiVZLEkAikWi1JAEkEolWSxJAIpFotSQBJBKJVksSQCKRaLUkASQSiVZLEkAikWi1JAEkEolWSxJAIpFotSQBJBKJVksSQCKRaLUkASQSiVZLEkAikWi17JMAzps3b0A42EYiEonvJ/skgIyxAeFgG4lIJPYf29raEB8fj7a2tgFPmwSQSCQOGqurqxEQEADGGAICAlBdXT2g6fdJAPfv3z8gHOxKIhKJlmd2djbc3d0lgx13d3dkZ2cPWB5oE4RINIPnz5/HJ598ggULFqCysnLQ8zPcGB8fD0dHR9kZn6OjI+Lj4wckHySAVsIdO3Zg7ty5CA4ORlJS0rBNb+vWrfjyyy/h6emJJ0+eDIotm5qaMGLECN5h9+zZY3IcBw8exIIFC/Dpp5/i5s2bFs3fULCRPra1tWHbtm2Klr62bdvW7+uCJIAKWFJSgjVr1nB+++23g54nU7lmzRresAZiWaG/0nNxceHxZmRkWCzeo0ePSup4zZo1CA8PR2RkJDIzM9HR0cH9trW1SfJx/Phxk9Pz9vbm4a9evWpR2/eXjfpK8XqfUvb3uiAJoAIeP35cp2Ly8/NNjqe9vR0tLS2DUgYSQMMMCgoy2BG9vb0lHfHJkyfYuHEjDh8+bFadWpsAyq33KWV/rgv2SQC1fzH7i4NdefPmzdOplKioKEVh29vbUVpaipiYGH
04-12 12:29:26.101 I/Gecko   (   83): 1397330966111	Marionette	INFO	sendToClient: {"from":"0","ok":true}, {4c977968-7271-4b9e-9d6b-2420582b9d3e}, {4c977968-7271-4b9e-9d6b-2420582b9d3e}
04-12 12:29:26.151 I/Gecko   (   83): 1397330966158	Marionette	DEBUG	Got request: switchToFrame, data: {"to":"0","sessionId":"3-b2g","name":"switchToFrame","parameters":{"id":null,"focus":true}}, id: {87261154-d9b8-4de5-a55b-1f4d6a6f5596}
04-12 12:29:26.181 I/Gecko   (   83): 1397330966192	Marionette	INFO	Switched to frame: {"frameValue":null}
04-12 12:29:26.301 I/Gecko   (   83): 1397330966310	Marionette	INFO	sendToClient: {"from":"0","ok":true}, {87261154-d9b8-4de5-a55b-1f4d6a6f5596}, {87261154-d9b8-4de5-a55b-1f4d6a6f5596}
04-12 12:29:26.311 I/Gecko   (   83): 1397330966317	Marionette	DEBUG	Got request: executeWithCallback, data: {"to":"0","sessionId":"3-b2g","name":"executeAsyncScript","parameters":{"specialPowers":false,"scriptTimeout":null,"newSandbox":true,"args":[],"filename":"gaia_test.py","script":"return GaiaApps.displayedApp();","line":66}}, id: {93a4f991-b306-43d8-9aef-b9c1fb161cdd}
04-12 12:29:26.421 I/Gecko   (   83): 1397330966436	Marionette	INFO	sendToClient: {"from":"0","value":{"frame":{"ELEMENT":"{7b2d7426-c956-4299-8bf0-c4a1c731e98b}"},"src":"app://{c3dd8520-3b2c-498d-a729-b2b80f26a444}/index.html","name":"AgendaImpacte","origin":"app://{c3dd8520-3b2c-498d-a729-b2b80f26a444}"}}, {93a4f991-b306-43d8-9aef-b9c1fb161cdd}, {93a4f991-b306-43d8-9aef-b9c1fb161cdd}
04-12 12:29:26.431 E/GeckoConsole(   83): Content JS LOG at dummy file:392 in GaiaApps.displayedApp: app with origin 'app://{c3dd8520-3b2c-498d-a729-b2b80f26a444}' is displayed
04-12 12:29:26.451 I/Gecko   (   83): 1397330966463	Marionette	DEBUG	Got request: switchToFrame, data: {"to":"0","sessionId":"3-b2g","name":"switchToFrame","parameters":{"id":null,"focus":true}}, id: {f5abb799-e225-4e31-8cd9-1a9af2599998}
04-12 12:29:26.451 I/Gecko   (   83): 1397330966465	Marionette	INFO	Switched to frame: {"frameValue":null}
04-12 12:29:26.501 E/GeckoConsole(  628): [JavaScript Warning: "Error in parsing value for 'background'.  Declaration dropped." {file: "app://{c3dd8520-3b2c-498d-a729-b2b80f26a444}/index.html" line: 0 column: 0 source: "-webkit-linear-gradient(left, #000, #fff)"}]
04-12 12:29:26.561 I/Gecko   (   83): 1397330966568	Marionette	INFO	sendToClient: {"from":"0","ok":true}, {f5abb799-e225-4e31-8cd9-1a9af2599998}, {f5abb799-e225-4e31-8cd9-1a9af2599998}
04-12 12:29:26.561 I/Gecko   (   83): 1397330966575	Marionette	DEBUG	Got request: execute, data: {"to":"0","sessionId":"3-b2g","name":"executeScript","parameters":{"specialPowers":false,"scriptTimeout":null,"newSandbox":true,"args":[],"filename":"gaia_test.py","script":"window.wrappedJSObject.dispatchEvent(new Event('home'));","line":788}}, id: {763a9acf-f73e-4a3f-8afe-cf9228c16478}
04-12 12:29:26.671 I/Gonk    (   83): Setting nice for pid 653 to 18
04-12 12:29:26.671 I/Gonk    (   83): Changed nice for pid 653 from 18 to 18.
04-12 12:29:26.671 I/Gecko   (   83): [Parent 83] WARNING: waitpid failed pid:653 errno:10: file ../../../gecko/ipc/chromium/src/base/process_util_posix.cc, line 254
04-12 12:29:26.691 I/Gonk    (   83): Setting nice for pid 653 to 1
04-12 12:29:26.691 I/Gonk    (   83): Changed nice for pid 653 from 18 to 1.
04-12 12:29:26.711 D/Sensors (   83): activate handle=0; drv=0
04-12 12:29:26.721 D/Sensors (   83): Lis3dhSensor: Control set 0
04-12 12:29:26.721 D/Sensors (   83): Lis3dhSensor: mEnabled = 0
