04-26 03:35:42.664 E/GeckoConsole( 1115): [JavaScript Warning: "Error in parsing value for '-moz-animation-fill-mode'.  Declaration dropped." {file: "http://www.powrsurg.com/bestxofy/best.css" line: 15 column: 626 source: ".spin { -webkit-animation-direction: normal; -webkit-animation-name: transform; -webkit-animation-duration: 0.5s; -webkit-animation-iteration-count: 1; -webkit-animation-timing-function: linear; -webkit-animation-fill-mode: forward; -o-animation-direction: normal; -o-animation-name: transform; -o-animation-duration: 0.5s; -o-animation-iteration-count: 1; -o-animation-timing-function: linear; -o-animation-fill-mode: forward; -moz-animation-direction: normal; -moz-animation-name: transform; -moz-animation-duration: 0.5s; -moz-animation-iteration-count: 1; -moz-animation-timing-function: linear; -moz-animation-fill-mode: forward; animation-direction: normal; animation-name: transform; animation-duration: 0.5s; animation-iteration-count: 1; animation-timing-function: linear; animation-fill-mode: forwards; }"}]
04-26 03:35:44.404 I/Gecko   (   83): 1398508544416	Marionette	INFO	sendToClient: {"from":"0","value":{"frame":{"ELEMENT":"{4544000c-ed29-47c1-9a2d-ede45f16375f}"},"src":"http://www.powrsurg.com/bestxofy/","name":"Best X of Y","origin":"http://www.powrsurg.com"}}, {cf791d7e-072d-48b7-93c5-62066bc8bd6b}, {cf791d7e-072d-48b7-93c5-62066bc8bd6b}
04-26 03:35:44.414 E/GeckoConsole(   83): Content JS LOG at dummy file:326 in GaiaApps.launch/appOpen/<: app with origin 'http://www.powrsurg.com' has launched
04-26 03:35:44.724 I/Gecko   (   83): 1398508544726	Marionette	DEBUG	Got request: switchToFrame, data: {"to":"0","sessionId":"3-b2g","name":"switchToFrame","parameters":{"focus":true,"element":"{4544000c-ed29-47c1-9a2d-ede45f16375f}"}}, id: {392a0284-fb86-4f7c-a34e-8a1043f8f2b7}
04-26 03:35:44.724 W/WifiHW  (   83): wifi_command: SIGNAL_POLL
04-26 03:35:44.754 I/Gecko   (   83): 1398508544759	Marionette	INFO	Switched to frame: {"frameValue":"{4544000c-ed29-47c1-9a2d-ede45f16375f}"}
04-26 03:35:44.784 I/Gecko   (   83): 1398508544790	Marionette	INFO	trying remote frame 0
04-26 03:35:44.784 I/Gecko   (   83): 1398508544792	Marionette	INFO	trying remote frame 1
04-26 03:35:44.784 I/Gecko   (   83): 1398508544798	Marionette	INFO	frame-manager load script: [object ChromeMessageSender]
04-26 03:35:46.524 I/Gecko   (   83): 1398508546533	Marionette	INFO	sendToClient: {"from":"0","ok":true}, {392a0284-fb86-4f7c-a34e-8a1043f8f2b7}, {392a0284-fb86-4f7c-a34e-8a1043f8f2b7}
04-26 03:35:46.624 I/Gecko   (   83): 1398508546631	Marionette	INFO	sendToClient: {"from":"0","value":"http://www.powrsurg.com/bestxofy/"}, {90b21dd1-2bbd-43a3-91ce-4ad20e89262c}, {90b21dd1-2bbd-43a3-91ce-4ad20e89262c}
04-26 03:35:46.634 I/Gecko   (   83): 1398508546638	Marionette	DEBUG	Got request: execute, data: {"to":"0","sessionId":"3-b2g","name":"executeScript","parameters":{"specialPowers":false,"scriptTimeout":null,"newSandbox":true,"args":[],"filename":"app_checker.py","script":"return window.document.readyState;","line":191}}, id: {de453cff-5cc9-4cae-87d0-0ecd8b3f1f5d}
04-26 03:35:46.664 I/Gecko   (   83): 1398508546677	Marionette	INFO	sendToClient: {"from":"0","value":"complete"}, {de453cff-5cc9-4cae-87d0-0ecd8b3f1f5d}, {de453cff-5cc9-4cae-87d0-0ecd8b3f1f5d}
04-26 03:35:46.674 I/Gecko   (   83): 1398508546686	Marionette	INFO	sendToClient: {"from":"0","value":"http://www.powrsurg.com/bestxofy/"}, {94ca3a50-0f89-478b-be22-0c6fa45770de}, {94ca3a50-0f89-478b-be22-0c6fa45770de}
04-26 03:35:46.684 I/Gecko   ( 1115): Attempting load of libEGL.so
04-26 03:35:46.704 E/GeckoConsole(   83): Offline cache update done, URL=http://www.powrsurg.com/bestxofy/best.appcache
04-26 03:35:46.794 D/libEGL  ( 1115): loaded /system/lib/egl/libEGL_mali.so
04-26 03:35:46.824 D/libEGL  ( 1115): loaded /system/lib/egl/libGLESv1_CM_mali.so
04-26 03:35:46.834 D/libEGL  ( 1115): loaded /system/lib/egl/libGLESv2_mali.so
04-26 03:35:46.894 I/Gecko   ( 1115): SharedSurface_Gralloc::Create -------
04-26 03:35:47.024 E/Profiler(   83): BPUnw: [1 total] thread_unregister_for_profiling(me=0x44e500)  (NOT REGISTERED) 
04-26 03:35:47.044 I/Gecko   ( 1115): SharedSurface_Gralloc::Create: success -- surface 0x43f16d80, GraphicBuffer 0x43cd1580.
04-26 03:35:47.204 I/Gonk    (   83): Setting nice for pid 1147 to 18
04-26 03:35:47.204 I/Gonk    (   83): Changed nice for pid 1147 from 0 to 18.
04-26 03:35:48.134 I/Gecko   (   83): 
04-26 03:35:48.134 I/Gecko   (   83): ###!!! [Parent][MessageChannel] Error: Channel error: cannot send/recv
04-26 03:35:48.134 I/Gecko   (   83): 
04-26 03:35:48.164 E/GeckoConsole(   83): [JavaScript Error: "[Exception... "Component returned failure code: 0x80070057 (NS_ERROR_ILLEGAL_VALUE) [nsIXPCComponents_Utils.isDeadWrapper]"  nsresult: "0x80070057 (NS_ERROR_ILLEGAL_VALUE)"  location: "JS frame :: resource://gre/modules/BrowserElementParent.jsm :: BrowserElementParent.prototype._isAlive :: line 34"  data: no]" {file: "resource://gre/modules/BrowserElementParent.jsm" line: 34}]
04-26 03:35:48.404 I/Gecko   (   83): 1398508548410	Marionette	INFO	sendToClient: {"from":"0","value":"iVBORw0KGgoAAAANSUhEUgAAAUAAAAHMCAYAAACk4nEJAAAgAElEQVR4nO3deXzMd/4H8O/MJJPJnclFIkIOXVt6LOuosgySCGmxaHe1ahHd6pE46mh02tJiIsQSWkeO1hktdZSuHz3kkTpCu1otjbZa4lhWHIkQkfD6/WEza+Qwk2Tm7XjN4/F8PJj5fj/f18wj83p8r/l+FUVRQER0nxIPQEQkRTwAEZEU8QBERFLEAxARSREPQEQkRTwAEZEU8QBERFLEAxARSREPQEQkRTwAEZEU8QBVuLooiGymQcc/OKPn4y7o0ckF7R52RtNgDVQq+XxEdM8QDwCdi4KHWzrhL3E6TH7JA++97YW17+nx5Upf7Fnnh32f+OPr9X7IXe2Lde/5IOU1T/wlTofmIWrx7ER0V5NbeMsIJ7w0xB3vp/jgs2V+2L/ZHwW5AfhtewC+Xu+Hzek+yEr2xtzXPTH7NU/Mf9MLK+d444tlehzY4o8TOwOw9X0fPPOkDs5O4h8kEd19HL/Qh37nhDdeccf6RXrsXuuH4zsCkL/VH0tTvPG3P7viwUgnuOpUtY4R4KtG98e0MI33QN5aX3y7yQ8jBrlKf5hEdHdx3MIC/dQYP9INaxb4IHe1L07uDEButi9GPu2KAN+6b846aRT8OVqHLVl67F7ji+6PaaU/VCK6OzhmQVGdtVg22xufZvigIDcAeWt98XQfXYMv55m+Ohz4pz9SkzykP1giuvPZdwFOTgpeGeqGVfN8sHONL07sCMDkF92h1da+iVsfgX5qrJ7ngy+W6+Htab/lENFdz36De3uqMH28B1bP90H+Nn/sXuOLP7Z2ttvy1E6WZTdjvAf+tcEPfj4sQSKqln0G9terMGeyJ7LTfFDwVQBWpnrD3a3+RaR2UuCic4GXhw8CfILR1P8BtAhqg4ebdkXHsCfRJjQKXq6+5umNL7vj63
04-26 03:35:48.444 I/Gecko   (   83): [Parent 83] WARNING: waitpid failed pid:1030 errno:10: file ../../../gecko/ipc/chromium/src/base/process_util_posix.cc, line 254
04-26 03:35:48.984 I/Gecko   (   83): 1398508548997	Marionette	INFO	sendToClient: {"from":"0","ok":true}, {60a037c5-47a3-4609-8db5-1b0c3d1388db}, {60a037c5-47a3-4609-8db5-1b0c3d1388db}
04-26 03:35:49.004 I/Gecko   (   83): 1398508549016	Marionette	DEBUG	Got request: switchToFrame, data: {"to":"0","sessionId":"3-b2g","name":"switchToFrame","parameters":{"id":null,"focus":true}}, id: {91b64476-98d9-478a-beda-d2dc34a97f5d}
04-26 03:35:49.034 I/Gecko   (   83): 1398508549042	Marionette	INFO	Switched to frame: {"frameValue":null}
04-26 03:35:49.154 I/Gecko   (   83): 1398508549166	Marionette	INFO	sendToClient: {"from":"0","ok":true}, {91b64476-98d9-478a-beda-d2dc34a97f5d}, {91b64476-98d9-478a-beda-d2dc34a97f5d}
04-26 03:35:49.164 I/Gecko   (   83): 1398508549174	Marionette	DEBUG	Got request: executeWithCallback, data: {"to":"0","sessionId":"3-b2g","name":"executeAsyncScript","parameters":{"specialPowers":false,"scriptTimeout":null,"newSandbox":true,"args":[],"filename":"gaia_test.py","script":"return GaiaApps.displayedApp();","line":66}}, id: {863ec91a-7271-42fb-ab99-75c9e2e2841d}
04-26 03:35:49.434 E/GeckoConsole(   83): Content JS LOG at dummy file:392 in GaiaApps.displayedApp: app with origin 'http://www.powrsurg.com' is displayed
04-26 03:35:49.434 I/Gecko   (   83): 1398508549443	Marionette	INFO	sendToClient: {"from":"0","value":{"frame":{"ELEMENT":"{4544000c-ed29-47c1-9a2d-ede45f16375f}"},"src":"http://www.powrsurg.com/bestxofy/","name":"Best X of Y","origin":"http://www.powrsurg.com"}}, {863ec91a-7271-42fb-ab99-75c9e2e2841d}, {863ec91a-7271-42fb-ab99-75c9e2e2841d}
04-26 03:35:49.444 I/Gecko   (   83): 1398508549450	Marionette	DEBUG	Got request: switchToFrame, data: {"to":"0","sessionId":"3-b2g","name":"switchToFrame","parameters":{"id":null,"focus":true}}, id: {e8a9e70e-f31d-4646-b232-30b5a658a71d}
04-26 03:35:49.454 I/Gecko   (   83): 1398508549460	Marionette	INFO	Switched to frame: {"frameValue":null}
04-26 03:35:49.564 I/Gecko   (   83): 1398508549575	Marionette	INFO	sendToClient: {"from":"0","ok":true}, {e8a9e70e-f31d-4646-b232-30b5a658a71d}, {e8a9e70e-f31d-4646-b232-30b5a658a71d}
04-26 03:35:49.574 I/Gecko   (   83): 1398508549582	Marionette	DEBUG	Got request: execute, data: {"to":"0","sessionId":"3-b2g","name":"executeScript","parameters":{"specialPowers":false,"scriptTimeout":null,"newSandbox":true,"args":[],"filename":"gaia_test.py","script":"window.wrappedJSObject.dispatchEvent(new Event('home'));","line":788}}, id: {c66fa3eb-442a-4195-9d8a-a1f2f29b1e60}
04-26 03:35:49.834 I/Gonk    (   83): Setting nice for pid 1147 to 18
04-26 03:35:49.834 I/Gonk    (   83): Changed nice for pid 1147 from 0 to 18.
04-26 03:35:49.834 I/Gecko   (   83): [Parent 83] WARNING: waitpid failed pid:1147 errno:10: file ../../../gecko/ipc/chromium/src/base/process_util_posix.cc, line 254
04-26 03:35:49.854 I/Gonk    (   83): Setting nice for pid 1147 to 1
04-26 03:35:49.854 I/Gonk    (   83): Changed nice for pid 1147 from 18 to 1.
04-26 03:35:49.914 D/Sensors (   83): activate handle=0; drv=0
04-26 03:35:49.914 D/Sensors (   83): Lis3dhSensor: Control set 0
04-26 03:35:49.914 D/Sensors (   83): Lis3dhSensor: mEnabled = 0
04-26 03:35:49.944 W/WifiHW  (   83): wifi_command: SIGNAL_POLL
04-26 03:35:49.974 I/Gecko   (   83): 1398508549980	Marionette	INFO	sendToClient: {"from":"0","value":null}, {c66fa3eb-442a-4195-9d8a-a1f2f29b1e60}, {c66fa3eb-442a-4195-9d8a-a1f2f29b1e60}
04-26 03:35:50.004 I/Gecko   (   83): 1398508550010	Marionette	DEBUG	Got request: switchToFrame, data: {"to":"0","sessionId":"3-b2g","name":"switchToFrame","parameters":{"id":null,"focus":true}}, id: {feef529c-aeff-4db0-965a-8acd63ec62a5}
04-26 03:35:50.024 I/Gecko   (   83): 1398508550030	Marionette	INFO	Switched to frame: {"frameValue":null}
04-26 03:35:50.124 I/Gecko   (   83): 1398508550136	Marionette	INFO	sendToClient: {"from":"0","ok":true}, {feef529c-aeff-4db0-965a-8acd63ec62a5}, {feef529c-aeff-4db0-965a-8acd63ec62a5}
04-26 03:35:50.144 I/Gecko   (   83): 1398508550155	Marionette	DEBUG	Got request: executeWithCallback, data: {"to":"0","sessionId":"3-b2g","name":"executeAsyncScript","parameters":{"specialPowers":false,"scriptTimeout":null,"newSandbox":true,"args":[],"filename":"gaia_test.py","script":"return GaiaApps.displayedApp();","line":66}}, id: {24cad632-a77d-4537-bb96-95d29a7d462b}
04-26 03:35:50.214 I/Gecko   (   83): 1398508550228	Marionette	INFO	sendToClient: {"from":"0","value":{"frame":{"ELEMENT":"{bafb3d51-f214-4f76-9779-f414d3464765}"},"src":"app://homescreen.gaiamobile.org/index.html#root","name":"Homescreen","origin":"app://homescreen.gaiamobile.org"}}, {24cad632-a77d-4537-bb96-95d29a7d462b}, {24cad632-a77d-4537-bb96-95d29a7d462b}
04-26 03:35:50.224 E/GeckoConsole(   83): Content JS LOG at dummy file:392 in GaiaApps.displayedApp: app with origin 'app://homescreen.gaiamobile.org' is displayed
04-26 03:35:50.224 I/Gecko   (   83): 1398508550236	Marionette	DEBUG	Got request: switchToFrame, data: {"to":"0","sessionId":"3-b2g","name":"switchToFrame","parameters":{"id":null,"focus":true}}, id: {0e421329-507b-4284-96d6-09eb7a115c5e}
04-26 03:35:50.244 I/Gecko   (   83): 1398508550250	Marionette	INFO	Switched to frame: {"frameValue":null}
04-26 03:35:50.344 I/Gecko   (   83): 1398508550354	Marionette	INFO	sendToClient: {"from":"0","ok":true}, {0e421329-507b-4284-96d6-09eb7a115c5e}, {0e421329-507b-4284-96d6-09eb7a115c5e}
04-26 03:35:50.354 I/Gecko   (   83): 1398508550361	Marionette	DEBUG	Got request: switchToFrame, data: {"to":"0","sessionId":"3-b2g","name":"switchToFrame","parameters":{"id":null,"focus":true}}, id: {3e40e5bf-a807-4680-88cf-ad0709820a4c}
04-26 03:35:50.354 I/Gecko   (   83): 1398508550363	Marionette	INFO	Switched to frame: {"frameValue":null}
04-26 03:35:50.444 I/Gecko   (   83): [Parent 83] WARNING: waitpid failed pid:1030 errno:10: file ../../../gecko/ipc/chromium/src/base/process_util_posix.cc, line 254
04-26 03:35:50.444 I/Gecko   (   83): [Parent 83] WARNING: Failed to deliver SIGKILL to 1030!(3).: file ../../../gecko/ipc/chromium/src/chrome/common/process_watcher_posix_sigchld.cc, line 118
04-26 03:35:50.454 I/Gecko   (   83): 1398508550466	Marionette	INFO	sendToClient: {"from":"0","ok":true}, {3e40e5bf-a807-4680-88cf-ad0709820a4c}, {3e40e5bf-a807-4680-88cf-ad0709820a4c}
04-26 03:35:50.464 I/Gecko   (   83): 1398508550473	Marionette	DEBUG	Got request: executeWithCallback, data: {"to":"0","sessionId":"3-b2g","name":"executeAsyncScript","parameters":{"specialPowers":false,"scriptTimeout":null,"newSandbox":true,"args":[],"filename":"gaia_test.py","script":"return GaiaApps.displayedApp();","line":66}}, id: {effe45f8-c6a0-403a-a87f-aabc88bf7f7c}
04-26 03:35:50.514 I/Gecko   (   83): 1398508550524	Marionette	INFO	sendToClient: {"from":"0","value":{"frame":{"ELEMENT":"{bafb3d51-f214-4f76-9779-f414d3464765}"},"src":"app://homescreen.gaiamobile.org/index.html#root","name":"Homescreen","origin":"app://homescreen.gaiamobile.org"}}, {effe45f8-c6a0-403a-a87f-aabc88bf7f7c}, {effe45f8-c6a0-403a-a87f-aabc88bf7f7c}
04-26 03:35:50.524 E/GeckoConsole(   83): Content JS LOG at dummy file:392 in GaiaApps.displayedApp: app with origin 'app://homescreen.gaiamobile.org' is displayed
04-26 03:35:50.524 I/Gecko   (   83): 1398508550536	Marionette	DEBUG	Got request: switchToFrame, data: {"to":"0","sessionId":"3-b2g","name":"switchToFrame","parameters":{"focus":true,"element":"{bafb3d51-f214-4f76-9779-f414d3464765}"}}, id: {6bc43902-d20e-4e70-938b-f0d7b233360d}
04-26 03:35:50.544 I/Gecko   (   83): 1398508550553	Marionette	INFO	Switched to frame: {"frameValue":"{bafb3d51-f214-4f76-9779-f414d3464765}"}
04-26 03:35:50.544 I/Gecko   (   83): 1398508550556	Marionette	INFO	trying remote frame 0
04-26 03:35:50.554 I/Gecko   ( 1147): ###################################### forms.js loaded
04-26 03:35:50.564 I/Gecko   (   83): 1398508550569	Marionette	INFO	deleting frame
04-26 03:35:50.564 I/Gecko   (   83): 1398508550569	Marionette	INFO	trying remote frame 1
04-26 03:35:50.564 I/Gecko   (   83): 1398508550576	Marionette	INFO	frame-manager load script: [object ChromeMessageSender]
04-26 03:35:50.604 I/Gecko   ( 1147): ############################### browserElementPanning.js loaded
04-26 03:35:50.624 I/Gecko   ( 1147): ######################## BrowserElementChildPreload.js loaded
04-26 03:35:51.784 I/Gonk    (   83): Setting nice for pid 1115 to 18
04-26 03:35:51.784 I/Gonk    (   83): Changed nice for pid 1115 from 1 to 18.
04-26 03:35:51.874 I/log     ( 1162): <4>0[ 467.209927] lowmem_shrink select 1115 (Best X of Y), adj 10, size 6667, to kill 
04-26 03:35:52.384 I/Gecko   (   83): 1398508552388	Marionette	INFO	sendToClient: {"from":"0","ok":true}, {6bc43902-d20e-4e70-938b-f0d7b233360d}, {6bc43902-d20e-4e70-938b-f0d7b233360d}
04-26 03:35:52.464 I/Gecko   (   83): [Parent 83] WARNING: pipe error (90): Connection reset by peer: file ../../../gecko/ipc/chromium/src/chrome/common/ipc_channel_posix.cc, line 446
04-26 03:35:52.464 I/Gecko   (   83): 
04-26 03:35:52.464 I/Gecko   (   83): ###!!! [Parent][MessageChannel] Error: Channel error: cannot send/recv
04-26 03:35:52.464 I/Gecko   (   83): 
04-26 03:35:52.494 E/GeckoConsole(   83): [JavaScript Error: "[Exception... "Component returned failure code: 0x80070057 (NS_ERROR_ILLEGAL_VALUE) [nsIXPCComponents_Utils.isDeadWrapper]"  nsresult: "0x80070057 (NS_ERROR_ILLEGAL_VALUE)"  location: "JS frame :: resource://gre/modules/BrowserElementParent.jsm :: BrowserElementParent.prototype._isAlive :: line 34"  data: no]" {file: "resource://gre/modules/BrowserElementParent.jsm" line: 34}]
04-26 03:35:52.544 I/Gecko   (   83): [Parent 83] WARNING: waitpid failed pid:1115 errno:10: file ../../../gecko/ipc/chromium/src/base/process_util_posix.cc, line 254
04-26 03:35:52.654 I/Gecko   (   83): 1398508552662	Marionette	INFO	sendToClient: {"from":"0","value":"app://homescreen.gaiamobile.org/index.html#root"}, {130b223a-6c18-4420-af62-1e994824b163}, {130b223a-6c18-4420-af62-1e994824b163}
04-26 03:35:52.664 I/Gecko   (   83): 1398508552669	Marionette	DEBUG	Got request: switchToFrame, data: {"to":"0","sessionId":"3-b2g","name":"switchToFrame","parameters":{"id":null,"focus":true}}, id: {054e7b06-428b-423d-a228-7ae78d047fc8}
04-26 03:35:52.674 I/Gecko   (   83): 1398508552682	Marionette	INFO	Switched to frame: {"frameValue":null}
04-26 03:35:52.784 I/Gecko   (   83): 1398508552789	Marionette	INFO	sendToClient: {"from":"0","ok":true}, {054e7b06-428b-423d-a228-7ae78d047fc8}, {054e7b06-428b-423d-a228-7ae78d047fc8}
04-26 03:35:52.784 I/Gecko   (   83): 1398508552795	Marionette	DEBUG	Got request: switchToFrame, data: {"to":"0","sessionId":"3-b2g","name":"switchToFrame","parameters":{"id":null,"focus":true}}, id: {42c99d8d-9435-4436-a1d1-fc387d690895}
04-26 03:35:52.794 I/Gecko   (   83): 1398508552799	Marionette	INFO	Switched to frame: {"frameValue":null}
04-26 03:35:52.904 I/Gecko   (   83): 1398508552912	Marionette	INFO	sendToClient: {"from":"0","ok":true}, {42c99d8d-9435-4436-a1d1-fc387d690895}, {42c99d8d-9435-4436-a1d1-fc387d690895}
04-26 03:35:52.914 I/Gecko   (   83): 1398508552919	Marionette	DEBUG	Got request: executeWithCallback, data: {"to":"0","sessionId":"3-b2g","name":"executeAsyncScript","parameters":{"specialPowers":false,"scriptTimeout":null,"newSandbox":true,"args":[],"filename":"gaia_test.py","script":"GaiaApps.killAll()","line":91}}, id: {899bca54-c1e1-43d1-ba7b-881afc7203e9}
04-26 03:35:53.194 E/GeckoConsole(   83): Content JS LOG at dummy file:266 in GaiaApps.kill: terminating app with origin 'app://browser.gaiamobile.org'
04-26 03:35:53.194 E/GeckoConsole(   83): Content JS LOG at dummy file:258 in GaiaApps.kill/gt_onAppTerminated/<: app with origin 'app://browser.gaiamobile.org' has terminated
04-26 03:35:53.464 I/Gecko   (   83): 1398508553477	Marionette	INFO	sendToClient: {"from":"0","value":true}, {899bca54-c1e1-43d1-ba7b-881afc7203e9}, {899bca54-c1e1-43d1-ba7b-881afc7203e9}