--------- beginning of /dev/log/main
04-26 03:56:46.235 I/Gecko   (   83): [Parent 83] WARNING: waitpid failed pid:1102 errno:10: file ../../../gecko/ipc/chromium/src/base/process_util_posix.cc, line 254
04-26 03:56:46.235 I/Gecko   (   83): [Parent 83] WARNING: Failed to deliver SIGKILL to 1102!(3).: file ../../../gecko/ipc/chromium/src/chrome/common/process_watcher_posix_sigchld.cc, line 118
04-26 03:56:46.515 I/Gecko   (   83): 1398509806527	Marionette	INFO	sendToClient: {"from":"0","ok":true}, {371a9a1e-762b-4b59-bbf2-3704a0d84ef6}, {371a9a1e-762b-4b59-bbf2-3704a0d84ef6}
04-26 03:56:46.545 I/Gecko   (   83): 1398509806556	Marionette	DEBUG	Got request: switchToFrame, data: {"to":"0","sessionId":"3-b2g","name":"switchToFrame","parameters":{"id":null,"focus":true}}, id: {29a5cdbf-33aa-46cd-a735-29cde85e5c13}
04-26 03:56:46.565 I/Gecko   (   83): 1398509806578	Marionette	INFO	Switched to frame: {"frameValue":null}
04-26 03:56:46.665 I/Gecko   (   83): 1398509806681	Marionette	INFO	sendToClient: {"from":"0","ok":true}, {29a5cdbf-33aa-46cd-a735-29cde85e5c13}, {29a5cdbf-33aa-46cd-a735-29cde85e5c13}
04-26 03:56:46.675 I/Gecko   (   83): 1398509806689	Marionette	DEBUG	Got request: executeWithCallback, data: {"to":"0","sessionId":"3-b2g","name":"executeAsyncScript","parameters":{"specialPowers":false,"scriptTimeout":null,"newSandbox":true,"args":[],"filename":"gaia_test.py","script":"return GaiaApps.displayedApp();","line":66}}, id: {7ca67d20-c3c7-4121-8695-c025c5fddd54}
04-26 03:56:46.765 I/Gecko   (   83): 1398509806784	Marionette	INFO	sendToClient: {"from":"0","value":{"frame":{"ELEMENT":"{41cfa6fe-1274-4a82-aaaa-5e41006e6752}"},"src":"app://homescreen.gaiamobile.org/index.html#root","name":"Homescreen","origin":"app://homescreen.gaiamobile.org"}}, {7ca67d20-c3c7-4121-8695-c025c5fddd54}, {7ca67d20-c3c7-4121-8695-c025c5fddd54}
04-26 03:56:46.775 E/GeckoConsole(   83): Content JS LOG at dummy file:392 in GaiaApps.displayedApp: app with origin 'app://homescreen.gaiamobile.org' is displayed
04-26 03:56:46.775 I/Gecko   (   83): 1398509806792	Marionette	DEBUG	Got request: switchToFrame, data: {"to":"0","sessionId":"3-b2g","name":"switchToFrame","parameters":{"id":null,"focus":true}}, id: {363c8a9e-ec5c-43ed-9e40-ec723fc97680}
04-26 03:56:46.775 I/Gecko   (   83): 1398509806794	Marionette	INFO	Switched to frame: {"frameValue":null}
04-26 03:56:46.885 I/Gecko   (   83): 1398509806903	Marionette	INFO	sendToClient: {"from":"0","ok":true}, {363c8a9e-ec5c-43ed-9e40-ec723fc97680}, {363c8a9e-ec5c-43ed-9e40-ec723fc97680}
04-26 03:56:46.895 I/Gecko   (   83): 1398509806914	Marionette	DEBUG	Got request: switchToFrame, data: {"to":"0","sessionId":"3-b2g","name":"switchToFrame","parameters":{"id":null,"focus":true}}, id: {3f41e052-ee96-45a3-a812-af522f11a405}
04-26 03:56:46.905 I/Gecko   (   83): 1398509806921	Marionette	INFO	Switched to frame: {"frameValue":null}
04-26 03:56:47.015 I/Gecko   (   83): 1398509807030	Marionette	INFO	sendToClient: {"from":"0","ok":true}, {3f41e052-ee96-45a3-a812-af522f11a405}, {3f41e052-ee96-45a3-a812-af522f11a405}
04-26 03:56:47.025 I/Gecko   (   83): 1398509807038	Marionette	DEBUG	Got request: executeWithCallback, data: {"to":"0","sessionId":"3-b2g","name":"executeAsyncScript","parameters":{"specialPowers":false,"scriptTimeout":null,"newSandbox":true,"args":[],"filename":"gaia_test.py","script":"return GaiaApps.displayedApp();","line":66}}, id: {dc68cf40-ccff-4f6c-920c-6b839a184bf9}
04-26 03:56:47.075 I/Gecko   (   83): 1398509807092	Marionette	INFO	sendToClient: {"from":"0","value":{"frame":{"ELEMENT":"{41cfa6fe-1274-4a82-aaaa-5e41006e6752}"},"src":"app://homescreen.gaiamobile.org/index.html#root","name":"Homescreen","origin":"app://homescreen.gaiamobile.org"}}, {dc68cf40-ccff-4f6c-920c-6b839a184bf9}, {dc68cf40-ccff-4f6c-920c-6b839a184bf9}
04-26 03:56:47.095 E/GeckoConsole(   83): Content JS LOG at dummy file:392 in GaiaApps.displayedApp: app with origin 'app://homescreen.gaiamobile.org' is displayed
04-26 03:56:47.105 I/Gecko   (   83): 1398509807114	Marionette	DEBUG	Got request: switchToFrame, data: {"to":"0","sessionId":"3-b2g","name":"switchToFrame","parameters":{"focus":true,"element":"{41cfa6fe-1274-4a82-aaaa-5e41006e6752}"}}, id: {1cf21d79-bfc7-486d-a03d-c705dc72bb89}
04-26 03:56:47.115 I/Gecko   (   83): 1398509807131	Marionette	INFO	Switched to frame: {"frameValue":"{41cfa6fe-1274-4a82-aaaa-5e41006e6752}"}
04-26 03:56:47.115 I/Gecko   (   83): 1398509807133	Marionette	INFO	trying remote frame 0
04-26 03:56:47.115 I/Gecko   (   83): 1398509807134	Marionette	INFO	trying remote frame 1
04-26 03:56:47.125 I/Gecko   (   83): 1398509807137	Marionette	INFO	deleting frame
04-26 03:56:47.125 I/Gecko   (   83): 1398509807143	Marionette	INFO	frame-manager load script: [object ChromeMessageSender]
04-26 03:56:47.395 I/Gecko   (   83): 1398509807405	Marionette	INFO	sendToClient: {"from":"0","ok":true}, {1cf21d79-bfc7-486d-a03d-c705dc72bb89}, {1cf21d79-bfc7-486d-a03d-c705dc72bb89}
04-26 03:56:47.485 I/Gecko   (   83): 1398509807499	Marionette	INFO	sendToClient: {"from":"0","value":{"ELEMENT":"{d89753e4-3d61-4bb1-a988-8ca99b3ccde7}"}}, {6eae847c-db9a-42ee-8db7-d1f1e7fffaaf}, {6eae847c-db9a-42ee-8db7-d1f1e7fffaaf}
04-26 03:56:47.845 E/GeckoConsole( 1150): [JavaScript Warning: "Use of getAttributeNode() is deprecated. Use getAttribute() instead." {file: "chrome://marionette/content/atoms.js" line: 25}]
04-26 03:56:47.845 E/GeckoConsole( 1150): [JavaScript Warning: "Use of attributes' specified attribute is deprecated. It always returns true." {file: "chrome://marionette/content/atoms.js" line: 25}]
04-26 03:56:47.845 I/Gecko   (   83): 1398509807864	Marionette	INFO	sendToClient: {"from":"0","value":"normal"}, {dfc4f8fc-33c1-486c-9e69-37ad04175cee}, {dfc4f8fc-33c1-486c-9e69-37ad04175cee}
04-26 03:56:47.855 I/Gecko   (   83): 1398509807871	Marionette	DEBUG	Got request: switchToFrame, data: {"to":"0","sessionId":"3-b2g","name":"switchToFrame","parameters":{"id":null,"focus":true}}, id: {76bd324c-594b-4bec-b1f2-f90c8beca5a9}
04-26 03:56:47.865 I/Gecko   (   83): 1398509807880	Marionette	INFO	Switched to frame: {"frameValue":null}
04-26 03:56:47.975 I/Gecko   (   83): 1398509807986	Marionette	INFO	sendToClient: {"from":"0","ok":true}, {76bd324c-594b-4bec-b1f2-f90c8beca5a9}, {76bd324c-594b-4bec-b1f2-f90c8beca5a9}
04-26 03:56:47.975 I/Gecko   (   83): 1398509807993	Marionette	DEBUG	Got request: execute, data: {"to":"0","sessionId":"3-b2g","name":"executeScript","parameters":{"specialPowers":false,"scriptTimeout":null,"newSandbox":true,"args":[],"filename":"gaia_test.py","script":"window.wrappedJSObject.dispatchEvent(new Event('home'));","line":788}}, id: {c7590ed7-e30f-4727-b191-b99046a6cd66}
04-26 03:56:48.025 I/Gecko   (   83): 1398509808040	Marionette	INFO	sendToClient: {"from":"0","value":null}, {c7590ed7-e30f-4727-b191-b99046a6cd66}, {c7590ed7-e30f-4727-b191-b99046a6cd66}
04-26 03:56:48.055 I/Gecko   (   83): 1398509808060	Marionette	DEBUG	Got request: switchToFrame, data: {"to":"0","sessionId":"3-b2g","name":"switchToFrame","parameters":{"id":null,"focus":true}}, id: {90ed013c-ce8f-4333-a076-3851a6a5cc56}
04-26 03:56:48.055 I/Gecko   (   83): 1398509808067	Marionette	INFO	Switched to frame: {"frameValue":null}
04-26 03:56:48.365 I/Gecko   (   83): 1398509808382	Marionette	INFO	sendToClient: {"from":"0","ok":true}, {90ed013c-ce8f-4333-a076-3851a6a5cc56}, {90ed013c-ce8f-4333-a076-3851a6a5cc56}
04-26 03:56:48.385 I/Gecko   (   83): 1398509808402	Marionette	DEBUG	Got request: switchToFrame, data: {"to":"0","sessionId":"3-b2g","name":"switchToFrame","parameters":{"id":null,"focus":true}}, id: {e2af8846-0bb5-489c-b37c-08e2eabb17a8}
04-26 03:56:48.385 W/WifiHW  (   83): wifi_command: SIGNAL_POLL
04-26 03:56:48.405 I/Gecko   (   83): 1398509808417	Marionette	INFO	Switched to frame: {"frameValue":null}
04-26 03:56:48.515 I/Gecko   (   83): 1398509808533	Marionette	INFO	sendToClient: {"from":"0","ok":true}, {e2af8846-0bb5-489c-b37c-08e2eabb17a8}, {e2af8846-0bb5-489c-b37c-08e2eabb17a8}
04-26 03:56:48.525 I/Gecko   (   83): 1398509808540	Marionette	DEBUG	Got request: executeWithCallback, data: {"to":"0","sessionId":"3-b2g","name":"executeAsyncScript","parameters":{"specialPowers":false,"scriptTimeout":null,"newSandbox":true,"args":[],"filename":"gaia_test.py","script":"return GaiaApps.displayedApp();","line":66}}, id: {b99a1fab-7500-47c8-9dd4-68e6884d6847}
04-26 03:56:48.665 E/GeckoConsole(   83): Content JS LOG at dummy file:392 in GaiaApps.displayedApp: app with origin 'app://homescreen.gaiamobile.org' is displayed
04-26 03:56:48.665 I/Gecko   (   83): 1398509808679	Marionette	INFO	sendToClient: {"from":"0","value":{"frame":{"ELEMENT":"{41cfa6fe-1274-4a82-aaaa-5e41006e6752}"},"src":"app://homescreen.gaiamobile.org/index.html#rootSat%20Apr%2026%202014%2003:56:48%20GMT-0700%20(UTC)","name":"Homescreen","origin":"app://homescreen.gaiamobile.org"}}, {b99a1fab-7500-47c8-9dd4-68e6884d6847}, {b99a1fab-7500-47c8-9dd4-68e6884d6847}
04-26 03:56:48.685 V/AudioPolicyManagerBase(   88): startOutput() output 1, stream 1, session 5
04-26 03:56:48.685 V/AudioPolicyManagerBase(   88): changeRefCount() stream 1, count 1
04-26 03:56:48.685 V/AudioPolicyManagerBase(   88): getDeviceForStrategy() from cache strategy 0, device 2
04-26 03:56:48.685 V/AudioPolicyManagerBase(   88): getNewDevice() selected device 2
04-26 03:56:48.685 D/AudioPolicyManagerBase(   88): setOutputDevice() output 1 device 2 delayMs 0
04-26 03:56:48.685 V/AudioPolicyManagerBase(   88): setOutputDevice() setting same device 2 or null device for output 1
04-26 03:56:48.685 E/AudioPolicyManagerBase(   88): checkAndSetVolume stream=1, index=15, output=1, device=2
04-26 03:56:48.685 E/AudioPolicyManagerBase(   88): computeVolume, streamDesc=0x4cbbb0
04-26 03:56:48.685 V/AudioPolicyManagerBase(   88): VOLUME vol index=[60 100 100], dB=[-11.0 0.0 0.0] ampl=1.00000
04-26 03:56:48.715 I/Gecko   (   83): 1398509808725	Marionette	DEBUG	Got request: switchToFrame, data: {"to":"0","sessionId":"3-b2g","name":"switchToFrame","parameters":{"focus":true,"element":"{41cfa6fe-1274-4a82-aaaa-5e41006e6752}"}}, id: {86b60b7e-2494-4e4a-ba13-fb6bfe910b96}
04-26 03:56:48.715 I/Gecko   (   83): 1398509808731	Marionette	INFO	Switched to frame: {"frameValue":"{41cfa6fe-1274-4a82-aaaa-5e41006e6752}"}
04-26 03:56:48.735 W/AudioFlinger(   88): Thread AudioOut_1 cannot connect to the power manager service
04-26 03:56:48.735 V/AudioPolicyManagerBase(   88): stopOutput() output 1, stream 1, session 5
04-26 03:56:48.735 V/AudioPolicyManagerBase(   88): changeRefCount() stream 1, count 0
04-26 03:56:48.735 V/AudioPolicyManagerBase(   88): getNewDevice() selected device 0
04-26 03:56:48.735 D/AudioPolicyManagerBase(   88): setOutputDevice() output 1 device 0 delayMs 290
04-26 03:56:48.735 V/AudioPolicyManagerBase(   88): setOutputDevice() setting same device 0 or null device for output 1
04-26 03:56:48.735 I/Gecko   (   83): 1398509808749	Marionette	INFO	trying remote frame 0
04-26 03:56:48.735 I/Gecko   (   83): 1398509808750	Marionette	INFO	trying remote frame 1
04-26 03:56:48.745 V/AudioPolicyManagerBase(   88): startOutput() output 1, stream 1, session 5
04-26 03:56:48.745 V/AudioPolicyManagerBase(   88): changeRefCount() stream 1, count 1
04-26 03:56:48.745 V/AudioPolicyManagerBase(   88): getDeviceForStrategy() from cache strategy 0, device 2
04-26 03:56:48.745 V/AudioPolicyManagerBase(   88): getNewDevice() selected device 2
04-26 03:56:48.745 D/AudioPolicyManagerBase(   88): setOutputDevice() output 1 device 2 delayMs 0
04-26 03:56:48.745 V/AudioPolicyManagerBase(   88): setOutputDevice() setting same device 2 or null device for output 1
04-26 03:56:48.745 E/AudioPolicyManagerBase(   88): checkAndSetVolume stream=1, index=15, output=1, device=2
04-26 03:56:48.745 E/AudioPolicyManagerBase(   88): computeVolume, streamDesc=0x4cbbb0
04-26 03:56:48.745 V/AudioPolicyManagerBase(   88): VOLUME vol index=[60 100 100], dB=[-11.0 0.0 0.0] ampl=1.00000
04-26 03:56:48.745 V/AudioPolicyManagerBase(   88): stopOutput() output 1, stream 1, session 5
04-26 03:56:48.745 V/AudioPolicyManagerBase(   88): changeRefCount() stream 1, count 0
04-26 03:56:48.745 V/AudioPolicyManagerBase(   88): getNewDevice() selected device 0
04-26 03:56:48.745 D/AudioPolicyManagerBase(   88): setOutputDevice() output 1 device 0 delayMs 290
04-26 03:56:48.745 V/AudioPolicyManagerBase(   88): setOutputDevice() setting same device 0 or null device for output 1
04-26 03:56:48.755 V/AudioPolicyManagerBase(   88): releaseOutput() 1
04-26 03:56:49.595 I/Gecko   (   83): 1398509809610	Marionette	INFO	sendToClient: {"from":"0","ok":true}, {86b60b7e-2494-4e4a-ba13-fb6bfe910b96}, {86b60b7e-2494-4e4a-ba13-fb6bfe910b96}
04-26 03:56:49.605 I/Gecko   (   83): 1398509809619	Marionette	DEBUG	Got request: execute, data: {"to":"0","sessionId":"3-b2g","name":"executeScript","parameters":{"specialPowers":false,"scriptTimeout":null,"newSandbox":true,"args":[],"filename":"gaia_test.py","script":"return window.wrappedJSObject.GridManager.pageHelper.getCurrentPageNumber();","line":784}}, id: {5d25e53e-27a9-4b28-b849-774263a32c03}
04-26 03:56:49.615 E/GeckoConsole( 1150): Content JS WARN at app://homescreen.gaiamobile.org/gaia_build_defer_index.js:184 in isHiddenApp: Unexpected role when checking hidden app: undefined
04-26 03:56:49.615 E/GeckoConsole( 1150): Content JS WARN at app://homescreen.gaiamobile.org/gaia_build_defer_index.js:184 in isHiddenApp: Unexpected role when checking hidden app: undefined
04-26 03:56:49.615 E/GeckoConsole( 1150): Content JS WARN at app://homescreen.gaiamobile.org/gaia_build_defer_index.js:184 in isHiddenApp: Unexpected role when checking hidden app: undefined
04-26 03:56:49.615 E/GeckoConsole( 1150): Content JS WARN at app://homescreen.gaiamobile.org/gaia_build_defer_index.js:184 in isHiddenApp: Unexpected role when checking hidden app: undefined
04-26 03:56:49.615 E/GeckoConsole( 1150): Content JS WARN at app://homescreen.gaiamobile.org/gaia_build_defer_index.js:184 in isHiddenApp: Unexpected role when checking hidden app: undefined
04-26 03:56:49.615 E/GeckoConsole( 1150): Content JS WARN at app://homescreen.gaiamobile.org/gaia_build_defer_index.js:184 in isHiddenApp: Unexpected role when checking hidden app: undefined
04-26 03:56:49.615 E/GeckoConsole( 1150): Content JS WARN at app://homescreen.gaiamobile.org/gaia_build_defer_index.js:184 in isHiddenApp: Unexpected role when checking hidden app: undefined
04-26 03:56:49.615 E/GeckoConsole( 1150): Content JS WARN at app://homescreen.gaiamobile.org/gaia_build_defer_index.js:184 in isHiddenApp: Unexpected role when checking hidden app: undefined
04-26 03:56:49.625 E/GeckoConsole( 1150): Content JS WARN at app://homescreen.gaiamobile.org/gaia_build_defer_index.js:184 in isHiddenApp: Unexpected role when checking hidden app: undefined
04-26 03:56:49.625 E/GeckoConsole( 1150): Content JS WARN at app://homescreen.gaiamobile.org/gaia_build_defer_index.js:184 in isHiddenApp: Unexpected role when checking hidden app: undefined
04-26 03:56:49.625 E/GeckoConsole( 1150): Content JS WARN at app://homescreen.gaiamobile.org/gaia_build_defer_index.js:184 in isHiddenApp: Unexpected role when checking hidden app: undefined
04-26 03:56:49.625 E/GeckoConsole( 1150): Content JS WARN at app://homescreen.gaiamobile.org/gaia_build_defer_index.js:184 in isHiddenApp: Unexpected role when checking hidden app: undefined
04-26 03:56:49.625 E/GeckoConsole( 1150): Content JS WARN at app://homescreen.gaiamobile.org/gaia_build_defer_index.js:184 in isHiddenApp: Unexpected role when checking hidden app: undefined
04-26 03:56:49.625 E/GeckoConsole( 1150): Content JS WARN at app://homescreen.gaiamobile.org/gaia_build_defer_index.js:184 in isHiddenApp: Unexpected role when checking hidden app: undefined
04-26 03:56:49.625 E/GeckoConsole( 1150): Content JS WARN at app://homescreen.gaiamobile.org/gaia_build_defer_index.js:184 in isHiddenApp: Unexpected role when checking hidden app: undefined
04-26 03:56:49.625 E/GeckoConsole( 1150): Content JS WARN at app://homescreen.gaiamobile.org/gaia_build_defer_index.js:184 in isHiddenApp: Unexpected role when checking hidden app: undefined
04-26 03:56:49.625 E/GeckoConsole( 1150): Content JS WARN at app://homescreen.gaiamobile.org/gaia_build_defer_index.js:184 in isHiddenApp: Unexpected role when checking hidden app: undefined
04-26 03:56:49.625 E/GeckoConsole( 1150): Content JS WARN at app://homescreen.gaiamobile.org/gaia_build_defer_index.js:184 in isHiddenApp: Unexpected role when checking hidden app: undefined
04-26 03:56:49.625 E/GeckoConsole( 1150): Content JS WARN at app://homescreen.gaiamobile.org/gaia_build_defer_index.js:184 in isHiddenApp: Unexpected role when checking hidden app: undefined
04-26 03:56:49.625 E/GeckoConsole( 1150): Content JS WARN at app://homescreen.gaiamobile.org/gaia_build_defer_index.js:184 in isHiddenApp: Unexpected role when checking hidden app: undefined
04-26 03:56:49.625 E/GeckoConsole( 1150): Content JS WARN at app://homescreen.gaiamobile.org/gaia_build_defer_index.js:184 in isHiddenApp: Unexpected role when checking hidden app: undefined
04-26 03:56:49.915 I/Gecko   (   83): 1398509809925	Marionette	INFO	sendToClient: {"from":"0","value":0}, {5d25e53e-27a9-4b28-b849-774263a32c03}, {5d25e53e-27a9-4b28-b849-774263a32c03}
04-26 03:56:49.985 I/Gecko   (   83): 1398509809996	Marionette	INFO	sendToClient: {"from":"0","value":["{f0fd6bfc-3f32-4c34-bb7b-a81ee060ee5a}","{ad787bb7-8f12-4145-8002-cf5d305d5f54}","{5660e149-7cec-4c42-9e72-6699f6862d66}","{74a23030-2065-46d9-9ee8-4aab403a857b}","{8bc0ff40-20d2-48a7-879b-d097a8d91840}","{c5f8043f-b81a-4f54-af32-09bacb784cec}","{bc4b8a5d-deb5-44b6-9fe4-674dfe00d5ec}","{4ef81ad1-d1d4-4f3f-988d-891e97113b95}","{09eade8d-e123-4de4-a22a-72bad8a9713b}","{14ccdfe2-1fae-4ab5-9914-e43e268ec1e8}","{d5241c09-0ae7-442f-ab27-1cd2976e780f}","{b6567155-a0a8-409b-ad4f-095b5bcf3a10}","{ab6da438-3e99-4321-9c47-585690a0d3fd}","{2274f459-fa16-4bb9-8219-ec77802a285f}","{40f3ffe0-8ef4-4d18-b873-361dccd51034}","{0361733b-71a7-4ec4-bfff-3627f3ac53a5}","{fedb752c-cdb6-4847-bafc-38aff67a1aa5}","{edafae42-e33d-4174-8f9e-0dac5800cb1f}","{51b4d18b-60e8-44fe-a607-7286e63917ac}","{474d9cad-f6eb-4a21-b4b4-70fe89181856}","{dde29391-ba30-4255-88fa-c8399e3fbbcf}","{d02f9dbc-ece3-4aef-b90e-81c7d6adc5f2}","{bc2f93f3-7646-4a46-9764-36115dc1781c}","{034af250-9a7a
04-26 03:56:50.005 I/Gecko   (   83): 1398509810017	Marionette	INFO	sendToClient: {"from":"0","value":"app://homescreen.gaiamobile.org/index.html#rootSat%20Apr%2026%202014%2003:56:48%20GMT-0700%20(UTC)"}, {32839dfd-b9b1-4ef4-a88e-e9b315066dd8}, {32839dfd-b9b1-4ef4-a88e-e9b315066dd8}
04-26 03:56:50.015 I/Gecko   (   83): 1398509810026	Marionette	DEBUG	Got request: switchToFrame, data: {"to":"0","sessionId":"3-b2g","name":"switchToFrame","parameters":{"id":null,"focus":true}}, id: {44c38152-1a28-4f0c-ae79-0d530d998226}
04-26 03:56:50.025 I/Gecko   (   83): 1398509810036	Marionette	INFO	Switched to frame: {"frameValue":null}
04-26 03:56:50.125 I/Gecko   (   83): 1398509810138	Marionette	INFO	sendToClient: {"from":"0","ok":true}, {44c38152-1a28-4f0c-ae79-0d530d998226}, {44c38152-1a28-4f0c-ae79-0d530d998226}
04-26 03:56:50.135 I/Gecko   (   83): 1398509810145	Marionette	DEBUG	Got request: switchToFrame, data: {"to":"0","sessionId":"3-b2g","name":"switchToFrame","parameters":{"id":null,"focus":true}}, id: {e4d90d0c-5778-4a65-9ed1-47630799a464}
04-26 03:56:50.135 I/Gecko   (   83): 1398509810146	Marionette	INFO	Switched to frame: {"frameValue":null}
04-26 03:56:50.235 I/Gecko   (   83): 1398509810248	Marionette	INFO	sendToClient: {"from":"0","ok":true}, {e4d90d0c-5778-4a65-9ed1-47630799a464}, {e4d90d0c-5778-4a65-9ed1-47630799a464}
04-26 03:56:50.245 I/Gecko   (   83): 1398509810255	Marionette	DEBUG	Got request: executeWithCallback, data: {"to":"0","sessionId":"3-b2g","name":"executeAsyncScript","parameters":{"specialPowers":false,"scriptTimeout":30000,"newSandbox":true,"args":[],"filename":"app_checker.py","script":"GaiaApps.launchWithManifestURL('https://marketplace.firefox.com/app/d56adc9d-8122-4d58-843f-1930d9a38fb1/manifest.webapp')","line":106}}, id: {d44eb994-9a05-4708-9690-c78d99b8ea0f}
04-26 03:56:50.305 E/GeckoConsole(   83): Content JS LOG at dummy file:334 in GaiaApps.launch: launching app with name 'Confidence'
04-26 03:56:50.345 I/Gonk    (   83): Setting nice for pid 1158 to 18
04-26 03:56:50.345 I/Gonk    (   83): Changed nice for pid 1158 from 18 to 18.
04-26 03:56:50.365 I/Gecko   (   83): [Parent 83] WARNING: waitpid failed pid:1158 errno:10: file ../../../gecko/ipc/chromium/src/base/process_util_posix.cc, line 254
04-26 03:56:50.365 I/Gonk    (   83): Setting nice for pid 1158 to 1
04-26 03:56:50.365 I/Gonk    (   83): Changed nice for pid 1158 from 18 to 1.
04-26 03:56:50.705 D/Sensors (   83): activate handle=0; drv=0
04-26 03:56:50.715 D/Sensors (   83): Lis3dhSensor: Control set 1
04-26 03:56:50.715 D/Sensors (   83): Lis3dhSensor: mEnabled = 1
04-26 03:56:50.755 I/Gonk    (   83): Setting nice for pid 1150 to 18
04-26 03:56:50.765 I/Gonk    (   83): Changed nice for pid 1150 from 1 to 18.
04-26 03:56:51.325 I/Gecko   ( 1158): ###################################### forms.js loaded
04-26 03:56:51.345 I/Gecko   ( 1158): ############################### browserElementPanning.js loaded
04-26 03:56:51.365 I/Gecko   ( 1158): ######################## BrowserElementChildPreload.js loaded
04-26 03:56:51.695 I/Gonk    (   83): Setting nice for pid 1211 to 18
04-26 03:56:51.695 I/Gonk    (   83): Changed nice for pid 1211 from 0 to 18.
04-26 03:56:53.215 E/GeckoConsole(   83): Content JS LOG at dummy file:326 in GaiaApps.launch/appOpen/<: app with origin 'app://{c20f512c-f20a-499b-b079-60a4ba57bd97}' has launched
04-26 03:56:53.215 I/Gecko   (   83): 1398509813228	Marionette	INFO	sendToClient: {"from":"0","value":{"frame":{"ELEMENT":"{009eabb3-6820-4259-a4e6-6ccfbbcbb6ce}"},"src":"app://{c20f512c-f20a-499b-b079-60a4ba57bd97}/index.html","name":"Confidence","origin":"app://{c20f512c-f20a-499b-b079-60a4ba57bd97}"}}, {d44eb994-9a05-4708-9690-c78d99b8ea0f}, {d44eb994-9a05-4708-9690-c78d99b8ea0f}
04-26 03:56:53.275 I/Gecko   (   83): 1398509813294	Marionette	DEBUG	Got request: switchToFrame, data: {"to":"0","sessionId":"3-b2g","name":"switchToFrame","parameters":{"focus":true,"element":"{009eabb3-6820-4259-a4e6-6ccfbbcbb6ce}"}}, id: {fe4c609a-9da8-4890-be3b-4d8aeefcad14}
04-26 03:56:53.285 I/Gecko   (   83): 1398509813303	Marionette	INFO	Switched to frame: {"frameValue":"{009eabb3-6820-4259-a4e6-6ccfbbcbb6ce}"}
04-26 03:56:53.295 I/Gecko   (   83): 1398509813306	Marionette	INFO	trying remote frame 0
04-26 03:56:53.295 I/Gecko   (   83): 1398509813308	Marionette	INFO	trying remote frame 1
04-26 03:56:53.295 I/Gecko   (   83): 1398509813309	Marionette	INFO	trying remote frame 2
04-26 03:56:53.305 I/Gecko   (   83): 1398509813315	Marionette	INFO	frame-manager load script: [object ChromeMessageSender]
04-26 03:56:53.385 W/WifiHW  (   83): wifi_command: SIGNAL_POLL
04-26 03:56:53.875 I/Gecko   (   83): 1398509813893	Marionette	INFO	sendToClient: {"from":"0","ok":true}, {fe4c609a-9da8-4890-be3b-4d8aeefcad14}, {fe4c609a-9da8-4890-be3b-4d8aeefcad14}
04-26 03:56:53.895 I/Gecko   (   83): 1398509813906	Marionette	INFO	sendToClient: {"from":"0","value":"app://{c20f512c-f20a-499b-b079-60a4ba57bd97}/index.html"}, {793b5cf3-b670-4e94-96ea-6a6d2d72585c}, {793b5cf3-b670-4e94-96ea-6a6d2d72585c}
04-26 03:56:53.895 I/Gecko   (   83): 1398509813913	Marionette	DEBUG	Got request: execute, data: {"to":"0","sessionId":"3-b2g","name":"executeScript","parameters":{"specialPowers":false,"scriptTimeout":null,"newSandbox":true,"args":[],"filename":"app_checker.py","script":"return window.document.readyState;","line":191}}, id: {4c4c770e-7e43-4ee5-aa90-f41ce6e958d8}
04-26 03:56:54.005 I/Gecko   (   83): 1398509814017	Marionette	INFO	sendToClient: {"from":"0","value":"complete"}, {4c4c770e-7e43-4ee5-aa90-f41ce6e958d8}, {4c4c770e-7e43-4ee5-aa90-f41ce6e958d8}
04-26 03:56:54.015 I/Gecko   (   83): 1398509814030	Marionette	INFO	sendToClient: {"from":"0","value":"app://{c20f512c-f20a-499b-b079-60a4ba57bd97}/index.html"}, {ff41cd1b-5064-4369-8668-1835bf75bf70}, {ff41cd1b-5064-4369-8668-1835bf75bf70}
04-26 03:56:54.025 I/Gecko   ( 1158): Attempting load of libEGL.so
04-26 03:56:54.165 D/libEGL  ( 1158): loaded /system/lib/egl/libEGL_mali.so
04-26 03:56:54.185 D/libEGL  ( 1158): loaded /system/lib/egl/libGLESv1_CM_mali.so
04-26 03:56:54.185 D/libEGL  ( 1158): loaded /system/lib/egl/libGLESv2_mali.so
04-26 03:56:54.215 I/Gecko   ( 1158): SharedSurface_Gralloc::Create -------
04-26 03:56:54.285 I/Gecko   ( 1158): SharedSurface_Gralloc::Create: success -- surface 0x43cb0040, GraphicBuffer 0x43c18980.
04-26 03:56:55.595 I/Gecko   (   83): 1398509815606	Marionette	INFO	sendToClient: {"from":"0","value":"iVBORw0KGgoAAAANSUhEUgAAAUAAAAHMCAYAAACk4nEJAAALv0lEQVR4nO3USZLgyA0EwPn/d/WA1kE26ll6qcoiGSDC3SzuJJCIP74BlPoj/QEAKQoQqKUAgVoKEKilAIFaChCopQCBWgoQqKUAgVoKEKilAIFaChCopQCBWgoQqKUAgVoKEKilAIFaChCopQCBWgoQqKUAgVoKEKilAIFaChCopQCBWgoQqKUAgVoKEKilAIFaChCopQCBWgoQqKUAgVoKEKilAIFaChCopQCBWgoQqKUAgVoKEKilAIFaChCopQCBWgoQqKUAgVoKEKilAIFaChCopQCBWgoQqKUAgVoKEKilAIFaChCopQCBWgoQqKUAgVoKEKilAIFaChCopQCBWgoQqKUAgVoKEKilAIFaChCopQCBWgoQqKUAgVoKEKilAIFaChCopQCBWgoQqKUAgVoKEKilAIFaChCopQCBWgoQqKUAgVoKEKilAIFaChCopQCBWgoQqKUAgVoKEKilAIFaChCopQCBWgoQqKUAgVoKEKilAIFaChCopQCBWgoQqKUAgVoKEKilAIFaChCopQCBWgqQjP/88T0Q4vXxvL+WnxIkyMvjWT8qPyVIiFfHc35VfkqQAC+OZ3yk/JQgD/PauN9nyk8J8iAvjXudlJ8S5CFeGff5SvkpQR7ghXGPK8pPCXIzr4vrXVl+SpAbeVlc744CVILcwKviWneVnwLkBl4V17mz/JQgN/CiuMYT5acEuZjXxNc9WX5KkAt5SXxNovyUIBfxijiXLD8lyAW8IM6ki08JcgGvh89LF54S5CJeDp+TLjolyIW8Gj4uXXBKkIt5MXxMutiUIDfwWvi9dKEpQW7ipfBr6SJTgtzIK+Hn0gWmBLmZF8KPpYtLCfIAr4N/SxeWEuQhXgZ/ly4qJciDvAq+SxeUEuRhXgTfpctJCfIwr4
04-26 03:56:55.815 I/Gecko   (   83): 1398509815831	Marionette	INFO	sendToClient: {"from":"0","ok":true}, {5434d2dc-f29b-4610-aba7-beb774f73f16}, {5434d2dc-f29b-4610-aba7-beb774f73f16}
04-26 03:56:55.825 I/Gecko   (   83): 1398509815838	Marionette	DEBUG	Got request: switchToFrame, data: {"to":"0","sessionId":"3-b2g","name":"switchToFrame","parameters":{"id":null,"focus":true}}, id: {fe9e7718-04a7-4063-af56-a0597c91f08e}
04-26 03:56:55.845 I/Gecko   (   83): 1398509815861	Marionette	INFO	Switched to frame: {"frameValue":null}
04-26 03:56:55.955 I/Gecko   (   83): 1398509815966	Marionette	INFO	sendToClient: {"from":"0","ok":true}, {fe9e7718-04a7-4063-af56-a0597c91f08e}, {fe9e7718-04a7-4063-af56-a0597c91f08e}
04-26 03:56:55.955 I/Gecko   (   83): 1398509815973	Marionette	DEBUG	Got request: executeWithCallback, data: {"to":"0","sessionId":"3-b2g","name":"executeAsyncScript","parameters":{"specialPowers":false,"scriptTimeout":null,"newSandbox":true,"args":[],"filename":"gaia_test.py","script":"return GaiaApps.displayedApp();","line":66}}, id: {39a8b9dc-bcde-4663-b37c-f7711658871e}
04-26 03:56:56.015 I/Gecko   (   83): 1398509816030	Marionette	INFO	sendToClient: {"from":"0","value":{"frame":{"ELEMENT":"{009eabb3-6820-4259-a4e6-6ccfbbcbb6ce}"},"src":"app://{c20f512c-f20a-499b-b079-60a4ba57bd97}/index.html","name":"Confidence","origin":"app://{c20f512c-f20a-499b-b079-60a4ba57bd97}"}}, {39a8b9dc-bcde-4663-b37c-f7711658871e}, {39a8b9dc-bcde-4663-b37c-f7711658871e}
04-26 03:56:56.025 I/Gecko   (   83): 1398509816038	Marionette	DEBUG	Got request: switchToFrame, data: {"to":"0","sessionId":"3-b2g","name":"switchToFrame","parameters":{"id":null,"focus":true}}, id: {199fc61b-43dc-4ef6-8217-50736ea604db}
04-26 03:56:56.025 E/GeckoConsole(   83): Content JS LOG at dummy file:392 in GaiaApps.displayedApp: app with origin 'app://{c20f512c-f20a-499b-b079-60a4ba57bd97}' is displayed
04-26 03:56:56.025 I/Gecko   (   83): 1398509816042	Marionette	INFO	Switched to frame: {"frameValue":null}
04-26 03:56:56.045 I/Gecko   (   83): 
04-26 03:56:56.045 I/Gecko   (   83): ###!!! [Parent][MessageChannel] Error: Channel error: cannot send/recv
04-26 03:56:56.045 I/Gecko   (   83): 
04-26 03:56:56.105 I/Gecko   (   83): [Parent 83] WARNING: waitpid failed pid:1150 errno:10: file ../../../gecko/ipc/chromium/src/base/process_util_posix.cc, line 254
04-26 03:56:56.135 I/Gecko   (   83): 1398509816147	Marionette	INFO	sendToClient: {"from":"0","ok":true}, {199fc61b-43dc-4ef6-8217-50736ea604db}, {199fc61b-43dc-4ef6-8217-50736ea604db}
04-26 03:56:56.135 I/Gecko   (   83): 1398509816154	Marionette	DEBUG	Got request: execute, data: {"to":"0","sessionId":"3-b2g","name":"executeScript","parameters":{"specialPowers":false,"scriptTimeout":null,"newSandbox":true,"args":[],"filename":"gaia_test.py","script":"window.wrappedJSObject.dispatchEvent(new Event('home'));","line":788}}, id: {dcab7022-a031-4a42-b970-93162f0d1707}
04-26 03:56:56.205 I/Gonk    (   83): Setting nice for pid 1211 to 18
04-26 03:56:56.205 I/Gonk    (   83): Changed nice for pid 1211 from 18 to 18.
04-26 03:56:56.205 I/Gecko   (   83): [Parent 83] WARNING: waitpid failed pid:1211 errno:10: file ../../../gecko/ipc/chromium/src/base/process_util_posix.cc, line 254
04-26 03:56:56.205 I/Gonk    (   83): Setting nice for pid 1211 to 1
04-26 03:56:56.205 I/Gonk    (   83): Changed nice for pid 1211 from 18 to 1.
04-26 03:56:56.225 D/Sensors (   83): activate handle=0; drv=0
04-26 03:56:56.225 D/Sensors (   83): Lis3dhSensor: Control set 0
04-26 03:56:56.225 D/Sensors (   83): Lis3dhSensor: mEnabled = 0
04-26 03:56:56.255 I/Gecko   (   83): 1398509816271	Marionette	INFO	sendToClient: {"from":"0","value":null}, {dcab7022-a031-4a42-b970-93162f0d1707}, {dcab7022-a031-4a42-b970-93162f0d1707}
04-26 03:56:56.275 I/Gecko   (   83): 1398509816288	Marionette	DEBUG	Got request: switchToFrame, data: {"to":"0","sessionId":"3-b2g","name":"switchToFrame","parameters":{"id":null,"focus":true}}, id: {bb296d2f-49b7-4727-96bd-1bd6e9c87b95}
04-26 03:56:56.275 I/Gecko   (   83): 1398509816290	Marionette	INFO	Switched to frame: {"frameValue":null}
04-26 03:56:56.385 I/Gecko   (   83): 1398509816397	Marionette	INFO	sendToClient: {"from":"0","ok":true}, {bb296d2f-49b7-4727-96bd-1bd6e9c87b95}, {bb296d2f-49b7-4727-96bd-1bd6e9c87b95}
04-26 03:56:56.385 I/Gecko   (   83): 1398509816403	Marionette	DEBUG	Got request: executeWithCallback, data: {"to":"0","sessionId":"3-b2g","name":"executeAsyncScript","parameters":{"specialPowers":false,"scriptTimeout":null,"newSandbox":true,"args":[],"filename":"gaia_test.py","script":"return GaiaApps.displayedApp();","line":66}}, id: {442e3cae-88b6-48fc-adc9-1b984e3dde5c}
04-26 03:56:56.435 I/Gecko   (   83): 1398509816449	Marionette	INFO	sendToClient: {"from":"0","value":{"frame":{"ELEMENT":"{d261d719-79f8-4dda-b5dc-3eb5234ae916}"},"src":"app://homescreen.gaiamobile.org/index.html#root","name":"Homescreen","origin":"app://homescreen.gaiamobile.org"}}, {442e3cae-88b6-48fc-adc9-1b984e3dde5c}, {442e3cae-88b6-48fc-adc9-1b984e3dde5c}
04-26 03:56:56.445 E/GeckoConsole(   83): Content JS LOG at dummy file:392 in GaiaApps.displayedApp: app with origin 'app://homescreen.gaiamobile.org' is displayed
04-26 03:56:56.445 I/Gecko   (   83): 1398509816461	Marionette	DEBUG	Got request: switchToFrame, data: {"to":"0","sessionId":"3-b2g","name":"switchToFrame","parameters":{"id":null,"focus":true}}, id: {653b4416-44c5-4243-8be0-23b3d26385b6}
04-26 03:56:56.455 I/Gecko   (   83): 1398509816466	Marionette	INFO	Switched to frame: {"frameValue":null}
04-26 03:56:56.555 I/Gecko   (   83): 1398509816569	Marionette	INFO	sendToClient: {"from":"0","ok":true}, {653b4416-44c5-4243-8be0-23b3d26385b6}, {653b4416-44c5-4243-8be0-23b3d26385b6}
04-26 03:56:56.575 I/Gecko   (   83): 1398509816586	Marionette	DEBUG	Got request: switchToFrame, data: {"to":"0","sessionId":"3-b2g","name":"switchToFrame","parameters":{"id":null,"focus":true}}, id: {cafddcd9-834c-4f75-aa69-abe8422a2a78}
04-26 03:56:56.575 I/Gecko   (   83): 1398509816588	Marionette	INFO	Switched to frame: {"frameValue":null}
04-26 03:56:56.725 I/Gecko   (   83): 1398509816736	Marionette	INFO	sendToClient: {"from":"0","ok":true}, {cafddcd9-834c-4f75-aa69-abe8422a2a78}, {cafddcd9-834c-4f75-aa69-abe8422a2a78}
04-26 03:56:56.725 I/Gecko   (   83): 1398509816743	Marionette	DEBUG	Got request: executeWithCallback, data: {"to":"0","sessionId":"3-b2g","name":"executeAsyncScript","parameters":{"specialPowers":false,"scriptTimeout":null,"newSandbox":true,"args":[],"filename":"gaia_test.py","script":"return GaiaApps.displayedApp();","line":66}}, id: {815ca1b3-7984-4440-9f37-12a17f007522}
04-26 03:56:56.775 I/Gecko   (   83): 1398509816793	Marionette	INFO	sendToClient: {"from":"0","value":{"frame":{"ELEMENT":"{d261d719-79f8-4dda-b5dc-3eb5234ae916}"},"src":"app://homescreen.gaiamobile.org/index.html#root","name":"Homescreen","origin":"app://homescreen.gaiamobile.org"}}, {815ca1b3-7984-4440-9f37-12a17f007522}, {815ca1b3-7984-4440-9f37-12a17f007522}
04-26 03:56:56.785 E/GeckoConsole(   83): Content JS LOG at dummy file:392 in GaiaApps.displayedApp: app with origin 'app://homescreen.gaiamobile.org' is displayed
04-26 03:56:56.795 I/Gecko   (   83): 1398509816808	Marionette	DEBUG	Got request: switchToFrame, data: {"to":"0","sessionId":"3-b2g","name":"switchToFrame","parameters":{"focus":true,"element":"{d261d719-79f8-4dda-b5dc-3eb5234ae916}"}}, id: {ccb56b50-4310-45d8-8c3c-132364482b8d}
04-26 03:56:56.805 I/Gecko   (   83): 1398509816822	Marionette	INFO	Switched to frame: {"frameValue":"{d261d719-79f8-4dda-b5dc-3eb5234ae916}"}
04-26 03:56:56.815 I/Gecko   (   83): 1398509816825	Marionette	INFO	trying remote frame 0
04-26 03:56:56.825 I/Gecko   (   83): 1398509816835	Marionette	INFO	trying remote frame 1
04-26 03:56:56.825 I/Gecko   (   83): 1398509816836	Marionette	INFO	deleting frame
04-26 03:56:56.825 I/Gecko   (   83): 1398509816837	Marionette	INFO	trying remote frame 2
04-26 03:56:56.825 I/Gecko   (   83): 1398509816842	Marionette	INFO	frame-manager load script: [object ChromeMessageSender]
04-26 03:56:57.815 I/Gecko   ( 1211): ###################################### forms.js loaded
04-26 03:56:57.945 I/Gecko   ( 1211): ############################### browserElementPanning.js loaded
04-26 03:56:58.005 I/Gecko   ( 1211): ######################## BrowserElementChildPreload.js loaded
04-26 03:56:58.115 I/Gecko   (   83): [Parent 83] WARNING: waitpid failed pid:1150 errno:10: file ../../../gecko/ipc/chromium/src/base/process_util_posix.cc, line 254
04-26 03:56:58.115 I/Gecko   (   83): [Parent 83] WARNING: Failed to deliver SIGKILL to 1150!(3).: file ../../../gecko/ipc/chromium/src/chrome/common/process_watcher_posix_sigchld.cc, line 118
04-26 03:56:58.245 I/Gonk    (   83): Setting nice for pid 1230 to 18
04-26 03:56:58.245 I/Gonk    (   83): Changed nice for pid 1230 from 0 to 18.
04-26 03:56:58.375 W/WifiHW  (   83): wifi_command: SIGNAL_POLL
04-26 03:56:58.395 I/Gonk    (   83): Setting nice for pid 1158 to 18
04-26 03:56:58.395 I/Gonk    (   83): Changed nice for pid 1158 from 1 to 18.
04-26 03:56:58.845 I/Gecko   (   83): [Parent 83] WARNING: pipe error (172): Connection reset by peer: file ../../../gecko/ipc/chromium/src/chrome/common/ipc_channel_posix.cc, line 446
04-26 03:56:58.845 I/Gecko   (   83): 
04-26 03:56:58.845 I/Gecko   (   83): ###!!! [Parent][MessageChannel] Error: Channel error: cannot send/recv
04-26 03:56:58.845 I/Gecko   (   83): 
04-26 03:56:58.885 I/Gecko   (   83): [Parent 83] WARNING: waitpid failed pid:1158 errno:10: file ../../../gecko/ipc/chromium/src/base/process_util_posix.cc, line 254
04-26 03:56:59.275 I/Gecko   (   83): 1398509819286	Marionette	INFO	sendToClient: {"from":"0","ok":true}, {ccb56b50-4310-45d8-8c3c-132364482b8d}, {ccb56b50-4310-45d8-8c3c-132364482b8d}
04-26 03:56:59.495 I/Gecko   (   83): 1398509819505	Marionette	INFO	sendToClient: {"from":"0","value":"app://homescreen.gaiamobile.org/index.html#root"}, {03a51749-3619-4481-bc74-e960ca72b7a2}, {03a51749-3619-4481-bc74-e960ca72b7a2}
04-26 03:56:59.495 I/Gecko   (   83): 1398509819512	Marionette	DEBUG	Got request: switchToFrame, data: {"to":"0","sessionId":"3-b2g","name":"switchToFrame","parameters":{"id":null,"focus":true}}, id: {9741ebbb-eb9c-4379-aa7c-e273c345ea59}
04-26 03:56:59.515 I/Gecko   (   83): 1398509819527	Marionette	INFO	Switched to frame: {"frameValue":null}
04-26 03:56:59.615 I/Gecko   (   83): 1398509819631	Marionette	INFO	sendToClient: {"from":"0","ok":true}, {9741ebbb-eb9c-4379-aa7c-e273c345ea59}, {9741ebbb-eb9c-4379-aa7c-e273c345ea59}
04-26 03:56:59.625 I/Gecko   (   83): 1398509819637	Marionette	DEBUG	Got request: switchToFrame, data: {"to":"0","sessionId":"3-b2g","name":"switchToFrame","parameters":{"id":null,"focus":true}}, id: {57c384f5-8161-4090-8c26-97b72fff083d}
04-26 03:56:59.625 I/Gecko   (   83): 1398509819639	Marionette	INFO	Switched to frame: {"frameValue":null}
04-26 03:56:59.725 I/Gecko   (   83): 1398509819741	Marionette	INFO	sendToClient: {"from":"0","ok":true}, {57c384f5-8161-4090-8c26-97b72fff083d}, {57c384f5-8161-4090-8c26-97b72fff083d}
04-26 03:56:59.735 I/Gecko   (   83): 1398509819748	Marionette	DEBUG	Got request: executeWithCallback, data: {"to":"0","sessionId":"3-b2g","name":"executeAsyncScript","parameters":{"specialPowers":false,"scriptTimeout":null,"newSandbox":true,"args":[],"filename":"gaia_test.py","script":"GaiaApps.killAll()","line":91}}, id: {e484173f-9050-408b-bb6f-3c905cf1114e}
04-26 03:56:59.795 I/Gecko   (   83): 1398509819810	Marionette	INFO	sendToClient: {"from":"0","value":true}, {e484173f-9050-408b-bb6f-3c905cf1114e}, {e484173f-9050-408b-bb6f-3c905cf1114e}
04-26 03:56:59.805 I/Gecko   (   83): 1398509819820	Marionette	DEBUG	Got request: switchToFrame, data: {"to":"0","sessionId":"3-b2g","name":"switchToFrame","parameters":{"id":null,"focus":true}}, id: {460e2cda-1436-4c6a-89a9-4153153548e4}
04-26 03:56:59.805 I/Gecko   (   83): 1398509819822	Marionette	INFO	Switched to frame: {"frameValue":null}
04-26 03:56:59.915 I/Gecko   (   83): 1398509819925	Marionette	INFO	sendToClient: {"from":"0","ok":true}, {460e2cda-1436-4c6a-89a9-4153153548e4}, {460e2cda-1436-4c6a-89a9-4153153548e4}
04-26 03:56:59.915 I/Gecko   (   83): 1398509819932	Marionette	DEBUG	Got request: executeWithCallback, data: {"to":"0","sessionId":"3-b2g","name":"executeAsyncScript","parameters":{"specialPowers":false,"scriptTimeout":60000,"newSandbox":true,"args":[],"filename":"app_checker.py","script":"\n        GaiaApps.locateWithManifestURL('https://marketplace.firefox.com/app/d56adc9d-8122-4d58-843f-1930d9a38fb1/manifest.webapp',\n                                       null,\n                                       function uninstall(app) {\n                                       navigator.mozApps.mgmt.uninstall(app);\n                                       marionetteScriptFinished(true);\n                                       });\n        ","line":129}}, id: {3617d72e-1723-4b96-91eb-e870f7fce32a}
04-26 03:56:59.975 I/Gecko   (   83): -- webapps.js uninstall https://marketplace.firefox.com/app/d56adc9d-8122-4d58-843f-1930d9a38fb1/manifest.webapp
04-26 03:57:00.215 I/Gecko   (   83): 1398509820226	Marionette	INFO	sendToClient: {"from":"0","value":true}, {3617d72e-1723-4b96-91eb-e870f7fce32a}, {3617d72e-1723-4b96-91eb-e870f7fce32a}