--------- beginning of /dev/log/main
04-26 08:32:12.035 I/Gecko   (   83): 1398526332041	Marionette	INFO	sendToClient: {"from":"0","ok":true}, {a262570f-8dc1-4e1c-9d6e-fb34a0e51c3f}, {a262570f-8dc1-4e1c-9d6e-fb34a0e51c3f}
04-26 08:32:12.045 I/Gecko   (   83): 1398526332059	Marionette	DEBUG	Got request: switchToFrame, data: {"to":"0","sessionId":"3-b2g","name":"switchToFrame","parameters":{"id":null,"focus":true}}, id: {e3adfb0b-c37e-4c53-b3f2-db5468209187}
04-26 08:32:12.065 I/Gecko   (   83): 1398526332071	Marionette	INFO	Switched to frame: {"frameValue":null}
04-26 08:32:12.165 I/Gecko   (   83): 1398526332173	Marionette	INFO	sendToClient: {"from":"0","ok":true}, {e3adfb0b-c37e-4c53-b3f2-db5468209187}, {e3adfb0b-c37e-4c53-b3f2-db5468209187}
04-26 08:32:12.175 I/Gecko   (   83): 1398526332181	Marionette	DEBUG	Got request: executeWithCallback, data: {"to":"0","sessionId":"3-b2g","name":"executeAsyncScript","parameters":{"specialPowers":false,"scriptTimeout":null,"newSandbox":true,"args":[],"filename":"gaia_test.py","script":"return GaiaApps.displayedApp();","line":66}}, id: {d4106864-4237-453e-892b-ccd1374c545e}
04-26 08:32:12.255 E/GeckoConsole(   83): Content JS LOG at dummy file:392 in GaiaApps.displayedApp: app with origin 'app://homescreen.gaiamobile.org' is displayed
04-26 08:32:12.265 I/Gecko   (   83): 1398526332270	Marionette	INFO	sendToClient: {"from":"0","value":{"frame":{"ELEMENT":"{3320ca2a-c89f-460b-8c3e-046cc9a0f11b}"},"src":"app://homescreen.gaiamobile.org/index.html#root","name":"Homescreen","origin":"app://homescreen.gaiamobile.org"}}, {d4106864-4237-453e-892b-ccd1374c545e}, {d4106864-4237-453e-892b-ccd1374c545e}
04-26 08:32:12.265 I/Gecko   (   83): 1398526332279	Marionette	DEBUG	Got request: switchToFrame, data: {"to":"0","sessionId":"3-b2g","name":"switchToFrame","parameters":{"id":null,"focus":true}}, id: {01b43233-ec8e-4da9-8b06-8f5c2db211d1}
04-26 08:32:12.275 I/Gecko   (   83): 1398526332281	Marionette	INFO	Switched to frame: {"frameValue":null}
04-26 08:32:12.385 I/Gecko   (   83): 1398526332391	Marionette	INFO	sendToClient: {"from":"0","ok":true}, {01b43233-ec8e-4da9-8b06-8f5c2db211d1}, {01b43233-ec8e-4da9-8b06-8f5c2db211d1}
04-26 08:32:12.395 I/Gecko   (   83): 1398526332402	Marionette	DEBUG	Got request: switchToFrame, data: {"to":"0","sessionId":"3-b2g","name":"switchToFrame","parameters":{"id":null,"focus":true}}, id: {d6b6b19d-5d19-4c79-8bff-dfdcd38cf051}
04-26 08:32:12.395 I/Gecko   (   83): 1398526332404	Marionette	INFO	Switched to frame: {"frameValue":null}
04-26 08:32:12.555 I/Gecko   (   83): 1398526332566	Marionette	INFO	sendToClient: {"from":"0","ok":true}, {d6b6b19d-5d19-4c79-8bff-dfdcd38cf051}, {d6b6b19d-5d19-4c79-8bff-dfdcd38cf051}
04-26 08:32:12.655 I/Gecko   (   83): 1398526332664	Marionette	DEBUG	Got request: executeWithCallback, data: {"to":"0","sessionId":"3-b2g","name":"executeAsyncScript","parameters":{"specialPowers":false,"scriptTimeout":null,"newSandbox":true,"args":[],"filename":"gaia_test.py","script":"return GaiaApps.displayedApp();","line":66}}, id: {06084c71-7a0e-4504-ac4f-357a4c7b55f3}
04-26 08:32:12.735 I/Gecko   (   83): 1398526332747	Marionette	INFO	sendToClient: {"from":"0","value":{"frame":{"ELEMENT":"{3320ca2a-c89f-460b-8c3e-046cc9a0f11b}"},"src":"app://homescreen.gaiamobile.org/index.html#root","name":"Homescreen","origin":"app://homescreen.gaiamobile.org"}}, {06084c71-7a0e-4504-ac4f-357a4c7b55f3}, {06084c71-7a0e-4504-ac4f-357a4c7b55f3}
04-26 08:32:12.755 E/GeckoConsole(   83): Content JS LOG at dummy file:392 in GaiaApps.displayedApp: app with origin 'app://homescreen.gaiamobile.org' is displayed
04-26 08:32:12.755 I/Gecko   (   83): 1398526332768	Marionette	DEBUG	Got request: switchToFrame, data: {"to":"0","sessionId":"3-b2g","name":"switchToFrame","parameters":{"focus":true,"element":"{3320ca2a-c89f-460b-8c3e-046cc9a0f11b}"}}, id: {a59df768-4e7d-42c6-8501-2e7a14dd85c3}
04-26 08:32:12.765 I/Gecko   (   83): 1398526332774	Marionette	INFO	Switched to frame: {"frameValue":"{3320ca2a-c89f-460b-8c3e-046cc9a0f11b}"}
04-26 08:32:12.775 I/Gecko   (   83): 1398526332782	Marionette	INFO	trying remote frame 0
04-26 08:32:12.775 I/Gecko   (   83): 1398526332783	Marionette	INFO	deleting frame
04-26 08:32:12.775 I/Gecko   (   83): 1398526332788	Marionette	INFO	frame-manager load script: [object ChromeMessageSender]
04-26 08:32:13.485 V/AudioPolicyManagerBase(   88): getDeviceForStrategy() from cache strategy 0, device 2
04-26 08:32:13.505 V/AudioPolicyManagerBase(   88): getOutput() stream 1, samplingRate 0, format 0, channels 3, flags 0
04-26 08:32:13.535 V/AudioPolicyManagerBase(   88): startOutput() output 1, stream 1, session 2
04-26 08:32:13.535 V/AudioPolicyManagerBase(   88): startReadingThread
04-26 08:32:13.535 V/AudioPolicyManagerBase(   88): changeRefCount() stream 1, count 1
04-26 08:32:13.535 V/AudioPolicyManagerBase(   88): getDeviceForStrategy() from cache strategy 0, device 2
04-26 08:32:13.535 V/AudioPolicyManagerBase(   88): getNewDevice() selected device 2
04-26 08:32:13.535 D/AudioPolicyManagerBase(   88): setOutputDevice() output 1 device 2 delayMs 0
04-26 08:32:13.535 V/AudioPolicyManagerBase(   88): setOutputDevice() setting same device 2 or null device for output 1
04-26 08:32:13.535 E/AudioPolicyManagerBase(   88): checkAndSetVolume stream=1, index=15, output=1, device=2
04-26 08:32:13.535 E/AudioPolicyManagerBase(   88): computeVolume, streamDesc=0xab3bb0
04-26 08:32:13.535 V/AudioPolicyManagerBase(   88): VOLUME vol index=[60 100 100], dB=[-11.0 0.0 0.0] ampl=1.00000
04-26 08:32:13.555 V/AudioPolicyManagerBase(   88): ThreadWrapper 0xab3b38
04-26 08:32:13.555 V/AudioPolicyManagerBase(   88): threadFunc in
04-26 08:32:13.575 W/AudioFlinger(   88): Thread AudioOut_1 cannot connect to the power manager service
04-26 08:32:13.575 V/AudioPolicyManagerBase(   88): stopOutput() output 1, stream 1, session 2
04-26 08:32:13.575 V/AudioPolicyManagerBase(   88): stopReadingThread
04-26 08:32:13.595 I/Gecko   (   83): 1398526333606	Marionette	INFO	sendToClient: {"from":"0","ok":true}, {a59df768-4e7d-42c6-8501-2e7a14dd85c3}, {a59df768-4e7d-42c6-8501-2e7a14dd85c3}
04-26 08:32:13.665 V/AudioPolicyManagerBase(   88): threadFunc exit
04-26 08:32:13.665 V/AudioPolicyManagerBase(   88): changeRefCount() stream 1, count 0
04-26 08:32:13.665 V/AudioPolicyManagerBase(   88): getNewDevice() selected device 0
04-26 08:32:13.665 D/AudioPolicyManagerBase(   88): setOutputDevice() output 1 device 0 delayMs 290
04-26 08:32:13.665 V/AudioPolicyManagerBase(   88): setOutputDevice() setting same device 0 or null device for output 1
04-26 08:32:13.675 V/AudioPolicyManagerBase(   88): startOutput() output 1, stream 1, session 2
04-26 08:32:13.675 V/AudioPolicyManagerBase(   88): changeRefCount() stream 1, count 1
04-26 08:32:13.675 V/AudioPolicyManagerBase(   88): getDeviceForStrategy() from cache strategy 0, device 2
04-26 08:32:13.675 V/AudioPolicyManagerBase(   88): getNewDevice() selected device 2
04-26 08:32:13.675 D/AudioPolicyManagerBase(   88): setOutputDevice() output 1 device 2 delayMs 0
04-26 08:32:13.675 V/AudioPolicyManagerBase(   88): setOutputDevice() setting same device 2 or null device for output 1
04-26 08:32:13.675 E/AudioPolicyManagerBase(   88): checkAndSetVolume stream=1, index=15, output=1, device=2
04-26 08:32:13.675 E/AudioPolicyManagerBase(   88): computeVolume, streamDesc=0xab3bb0
04-26 08:32:13.675 V/AudioPolicyManagerBase(   88): VOLUME vol index=[60 100 100], dB=[-11.0 0.0 0.0] ampl=1.00000
04-26 08:32:13.675 V/AudioPolicyManagerBase(   88): stopOutput() output 1, stream 1, session 2
04-26 08:32:13.675 V/AudioPolicyManagerBase(   88): changeRefCount() stream 1, count 0
04-26 08:32:13.675 V/AudioPolicyManagerBase(   88): getNewDevice() selected device 0
04-26 08:32:13.675 D/AudioPolicyManagerBase(   88): setOutputDevice() output 1 device 0 delayMs 290
04-26 08:32:13.675 V/AudioPolicyManagerBase(   88): setOutputDevice() setting same device 0 or null device for output 1
04-26 08:32:13.675 V/AudioPolicyManagerBase(   88): releaseOutput() 1
04-26 08:32:13.715 I/Gecko   (   83): 1398526333726	Marionette	INFO	sendToClient: {"from":"0","value":{"ELEMENT":"{f5303113-c5c2-45b6-b9af-d183268bf5fa}"}}, {bcfe552d-93c9-492e-b70d-431e7d4be090}, {bcfe552d-93c9-492e-b70d-431e7d4be090}
04-26 08:32:14.085 E/GeckoConsole(  537): [JavaScript Warning: "Use of getAttributeNode() is deprecated. Use getAttribute() instead." {file: "chrome://marionette/content/atoms.js" line: 25}]
04-26 08:32:14.085 E/GeckoConsole(  537): [JavaScript Warning: "Use of attributes' specified attribute is deprecated. It always returns true." {file: "chrome://marionette/content/atoms.js" line: 25}]
04-26 08:32:14.085 I/Gecko   (   83): 1398526334098	Marionette	INFO	sendToClient: {"from":"0","value":"normal"}, {370121a6-346c-428f-9221-3c7fb8142f48}, {370121a6-346c-428f-9221-3c7fb8142f48}
04-26 08:32:14.095 I/Gecko   (   83): 1398526334104	Marionette	DEBUG	Got request: switchToFrame, data: {"to":"0","sessionId":"3-b2g","name":"switchToFrame","parameters":{"id":null,"focus":true}}, id: {3f889851-2711-4681-a461-c87f7fa7ffd6}
04-26 08:32:14.105 I/Gecko   (   83): 1398526334114	Marionette	INFO	Switched to frame: {"frameValue":null}
04-26 08:32:14.205 I/Gecko   (   83): 1398526334218	Marionette	INFO	sendToClient: {"from":"0","ok":true}, {3f889851-2711-4681-a461-c87f7fa7ffd6}, {3f889851-2711-4681-a461-c87f7fa7ffd6}
04-26 08:32:14.215 I/Gecko   (   83): 1398526334225	Marionette	DEBUG	Got request: execute, data: {"to":"0","sessionId":"3-b2g","name":"executeScript","parameters":{"specialPowers":false,"scriptTimeout":null,"newSandbox":true,"args":[],"filename":"gaia_test.py","script":"window.wrappedJSObject.dispatchEvent(new Event('home'));","line":788}}, id: {f995cea2-74a3-4e1d-9817-281e472d4890}
04-26 08:32:14.255 I/Gecko   (   83): 1398526334262	Marionette	INFO	sendToClient: {"from":"0","value":null}, {f995cea2-74a3-4e1d-9817-281e472d4890}, {f995cea2-74a3-4e1d-9817-281e472d4890}
04-26 08:32:14.265 I/Gecko   (   83): 1398526334276	Marionette	DEBUG	Got request: switchToFrame, data: {"to":"0","sessionId":"3-b2g","name":"switchToFrame","parameters":{"id":null,"focus":true}}, id: {ef512458-104a-4ea7-9d62-deeacdadc35f}
04-26 08:32:14.265 I/Gecko   (   83): 1398526334279	Marionette	INFO	Switched to frame: {"frameValue":null}
04-26 08:32:14.385 I/Gecko   (   83): 1398526334391	Marionette	INFO	sendToClient: {"from":"0","ok":true}, {ef512458-104a-4ea7-9d62-deeacdadc35f}, {ef512458-104a-4ea7-9d62-deeacdadc35f}
04-26 08:32:14.395 I/Gecko   (   83): 1398526334400	Marionette	DEBUG	Got request: switchToFrame, data: {"to":"0","sessionId":"3-b2g","name":"switchToFrame","parameters":{"id":null,"focus":true}}, id: {e3c0574a-c21c-4d82-bb9d-ed598c3cb07a}
04-26 08:32:14.395 I/Gecko   (   83): 1398526334402	Marionette	INFO	Switched to frame: {"frameValue":null}
04-26 08:32:14.495 I/Gecko   (   83): 1398526334505	Marionette	INFO	sendToClient: {"from":"0","ok":true}, {e3c0574a-c21c-4d82-bb9d-ed598c3cb07a}, {e3c0574a-c21c-4d82-bb9d-ed598c3cb07a}
04-26 08:32:14.505 I/Gecko   (   83): 1398526334512	Marionette	DEBUG	Got request: executeWithCallback, data: {"to":"0","sessionId":"3-b2g","name":"executeAsyncScript","parameters":{"specialPowers":false,"scriptTimeout":null,"newSandbox":true,"args":[],"filename":"gaia_test.py","script":"return GaiaApps.displayedApp();","line":66}}, id: {1a9ad944-5765-4300-b83d-2602740a85de}
04-26 08:32:14.545 I/Gecko   (   83): 1398526334557	Marionette	INFO	sendToClient: {"from":"0","value":{"frame":{"ELEMENT":"{3320ca2a-c89f-460b-8c3e-046cc9a0f11b}"},"src":"app://homescreen.gaiamobile.org/index.html#rootSat%20Apr%2026%202014%2008:32:14%20GMT-0700%20(UTC)","name":"Homescreen","origin":"app://homescreen.gaiamobile.org"}}, {1a9ad944-5765-4300-b83d-2602740a85de}, {1a9ad944-5765-4300-b83d-2602740a85de}
04-26 08:32:14.555 E/GeckoConsole(   83): Content JS LOG at dummy file:392 in GaiaApps.displayedApp: app with origin 'app://homescreen.gaiamobile.org' is displayed
04-26 08:32:14.565 I/Gecko   (   83): 1398526334575	Marionette	DEBUG	Got request: switchToFrame, data: {"to":"0","sessionId":"3-b2g","name":"switchToFrame","parameters":{"focus":true,"element":"{3320ca2a-c89f-460b-8c3e-046cc9a0f11b}"}}, id: {5f941ee0-74e2-42a6-a3e8-4d59f258a255}
04-26 08:32:14.595 I/Gecko   (   83): 1398526334600	Marionette	INFO	Switched to frame: {"frameValue":"{3320ca2a-c89f-460b-8c3e-046cc9a0f11b}"}
04-26 08:32:14.595 I/Gecko   (   83): 1398526334602	Marionette	INFO	trying remote frame 0
04-26 08:32:14.695 I/Gecko   (   83): 1398526334708	Marionette	INFO	sendToClient: {"from":"0","ok":true}, {5f941ee0-74e2-42a6-a3e8-4d59f258a255}, {5f941ee0-74e2-42a6-a3e8-4d59f258a255}
04-26 08:32:14.735 I/Gecko   (   83): 1398526334743	Marionette	DEBUG	Got request: execute, data: {"to":"0","sessionId":"3-b2g","name":"executeScript","parameters":{"specialPowers":false,"scriptTimeout":null,"newSandbox":true,"args":[],"filename":"gaia_test.py","script":"return window.wrappedJSObject.GridManager.pageHelper.getCurrentPageNumber();","line":784}}, id: {b8f965d3-592e-4d63-92db-28fa6147b04f}
04-26 08:32:14.835 I/Gecko   (   83): 1398526334840	Marionette	INFO	sendToClient: {"from":"0","value":0}, {b8f965d3-592e-4d63-92db-28fa6147b04f}, {b8f965d3-592e-4d63-92db-28fa6147b04f}
04-26 08:32:14.915 I/Gecko   (   83): 1398526334923	Marionette	INFO	sendToClient: {"from":"0","value":["{966bb4d7-62fa-41b6-817b-4e8251bb9ab2}","{c4afb0d2-7418-400d-863e-f78ef21f77bc}","{4b883e38-cc2e-45fb-a879-6de3eb2ccdac}","{054224ee-87d6-48ed-a6a5-665a354fb047}","{47aca00d-df4b-4be9-9790-57ac8597b467}","{deb7ad8a-9ea3-4b0a-b592-5ebfb88b89c4}","{fac7efe0-b4b0-4f21-9ff2-6e8098c7533b}","{0157be0d-5d84-4c5c-83a0-c514405a940a}","{8650d14f-43c7-423a-b4f5-04b7cba4d9dc}","{ca732489-805b-4aca-9ccc-f9f1ab8fb27c}","{771f2528-c17e-4ea1-b8b7-04ade8d0f19d}","{7eac03d6-15fc-4188-9148-5efff5467e00}","{1ad4497c-a9a8-467c-9aa9-ade2b1b818aa}","{f3522282-6fc1-4361-875b-5bb5fc98979b}","{640915b5-3347-41d9-8dd7-3e3e7dadea27}","{029dd865-fc55-4b85-89da-82cb344548f0}","{01e4cba7-7230-488e-a15c-8e2c96577e85}","{2840bb5e-7e2c-4b47-a866-db3cd4888fc6}","{452beed7-9861-40f1-921d-992451d4428e}","{295bddc0-80ec-4224-b35b-c0918480e69d}","{81b7dd01-cd2d-4562-8220-19efd588e74b}","{9683df78-b911-4ae7-8739-9cf8f2c1660b}","{78327cd1-412b-4caf-9845-4f9281c54662}","{796171bb-a28c
04-26 08:32:14.935 I/Gecko   (   83): 1398526334948	Marionette	INFO	sendToClient: {"from":"0","value":"app://homescreen.gaiamobile.org/index.html#rootSat%20Apr%2026%202014%2008:32:14%20GMT-0700%20(UTC)"}, {a7b59e47-ad3b-4347-86ca-fdb6ce43a4b5}, {a7b59e47-ad3b-4347-86ca-fdb6ce43a4b5}
04-26 08:32:14.965 I/Gecko   (   83): 1398526334979	Marionette	DEBUG	Got request: switchToFrame, data: {"to":"0","sessionId":"3-b2g","name":"switchToFrame","parameters":{"id":null,"focus":true}}, id: {9ca4bbe2-9672-4691-8b50-68f7047a5820}
04-26 08:32:14.995 I/Gecko   (   83): 1398526335007	Marionette	INFO	Switched to frame: {"frameValue":null}
04-26 08:32:15.095 I/Gecko   (   83): 1398526335109	Marionette	INFO	sendToClient: {"from":"0","ok":true}, {9ca4bbe2-9672-4691-8b50-68f7047a5820}, {9ca4bbe2-9672-4691-8b50-68f7047a5820}
04-26 08:32:15.105 I/Gecko   (   83): 1398526335116	Marionette	DEBUG	Got request: switchToFrame, data: {"to":"0","sessionId":"3-b2g","name":"switchToFrame","parameters":{"id":null,"focus":true}}, id: {2144e89e-aec4-4730-bed6-ba0e008f7039}
04-26 08:32:15.105 I/Gecko   (   83): 1398526335118	Marionette	INFO	Switched to frame: {"frameValue":null}
04-26 08:32:15.215 I/Gecko   (   83): 1398526335220	Marionette	INFO	sendToClient: {"from":"0","ok":true}, {2144e89e-aec4-4730-bed6-ba0e008f7039}, {2144e89e-aec4-4730-bed6-ba0e008f7039}
04-26 08:32:15.215 I/Gecko   (   83): 1398526335227	Marionette	DEBUG	Got request: executeWithCallback, data: {"to":"0","sessionId":"3-b2g","name":"executeAsyncScript","parameters":{"specialPowers":false,"scriptTimeout":30000,"newSandbox":true,"args":[],"filename":"app_checker.py","script":"GaiaApps.launchWithManifestURL('http://dontstepwhite.com/firefox.webapp')","line":106}}, id: {51498270-ce2e-4d59-95df-ee16bbb5222c}
04-26 08:32:15.375 I/Gonk    (   83): Setting nice for pid 557 to 18
04-26 08:32:15.375 I/Gonk    (   83): Changed nice for pid 557 from 18 to 18.
04-26 08:32:15.375 I/Gecko   (   83): [Parent 83] WARNING: waitpid failed pid:557 errno:10: file ../../../gecko/ipc/chromium/src/base/process_util_posix.cc, line 254
04-26 08:32:15.385 I/Gonk    (   83): Setting nice for pid 557 to 1
04-26 08:32:15.385 I/Gonk    (   83): Changed nice for pid 557 from 18 to 1.
04-26 08:32:15.415 E/GeckoConsole(   83): Content JS LOG at dummy file:334 in GaiaApps.launch: launching app with name 'Don't Step On The White Shark'
04-26 08:32:15.765 D/Sensors (   83): activate handle=0; drv=0
04-26 08:32:15.775 D/Sensors (   83): Lis3dhSensor: Control set 1
04-26 08:32:15.775 D/Sensors (   83): Lis3dhSensor: mEnabled = 1
04-26 08:32:15.905 I/Gonk    (   83): Setting nice for pid 537 to 18
04-26 08:32:15.905 I/Gonk    (   83): Changed nice for pid 537 from 1 to 18.
04-26 08:32:16.785 W/WifiHW  (   83): wifi_command: SIGNAL_POLL
04-26 08:32:17.045 I/Gecko   (  557): ###################################### forms.js loaded
04-26 08:32:17.065 I/Gecko   (  557): ############################### browserElementPanning.js loaded
04-26 08:32:17.085 I/Gecko   (  557): ######################## BrowserElementChildPreload.js loaded
04-26 08:32:17.975 I/Gonk    (   83): Setting nice for pid 620 to 18
04-26 08:32:17.975 I/Gonk    (   83): Changed nice for pid 620 from 0 to 18.
04-26 08:32:19.315 E/GeckoConsole(  557): [JavaScript Warning: "Unknown property 'user-select'.  Declaration dropped." {file: "http://www.dontstepwhite.com/css/add2home.css" line: 9 column: 12 source: "	user-select:none;"}]
04-26 08:32:19.315 E/GeckoConsole(  557): [JavaScript Warning: "Unknown property 'box-sizing'.  Declaration dropped." {file: "http://www.dontstepwhite.com/css/add2home.css" line: 11 column: 11 source: "	box-sizing:border-box;"}]
04-26 08:32:19.315 E/GeckoConsole(  557): [JavaScript Warning: "Unknown property 'touch-callout'.  Declaration dropped." {file: "http://www.dontstepwhite.com/css/add2home.css" line: 13 column: 14 source: "	touch-callout:none;"}]
04-26 08:32:19.325 E/GeckoConsole(  557): [JavaScript Warning: "Error in parsing value for 'background-image'.  Declaration dropped." {file: "http://www.dontstepwhite.com/css/add2home.css" line: 19 column: 18 source: "	background-image:-webkit-gradient(linear,0 0,0 100%,color-stop(0,#fff),color-stop(0.02,#eee),color-stop(0.98,#ccc),color-stop(1,#a3a3a3));"}]
04-26 08:32:19.325 E/GeckoConsole(  557): [JavaScript Warning: "Error in parsing value for 'background-image'.  Declaration dropped." {file: "http://www.dontstepwhite.com/css/add2home.css" line: 64 column: 18 source: "	background-image:-webkit-gradient(linear,0 0,100% 100%,color-stop(0,rgba(204,204,204,0)),color-stop(0.4,rgba(204,204,204,0)),color-stop(0.4,#ccc));"}]
04-26 08:32:19.335 E/GeckoConsole(  557): [JavaScript Warning: "Error in parsing value for 'background-image'.  Declaration dropped." {file: "http://www.dontstepwhite.com/css/add2home.css" line: 78 column: 18 source: "	background-image:-webkit-gradient(linear,0 0,100% 100%,color-stop(0,rgba(204,204,204,0)),color-stop(0.4,rgba(204,204,204,0)),color-stop(0.4,#f2f2f2)) !important;"}]
04-26 08:32:19.345 E/GeckoConsole(  557): [JavaScript Warning: "Error in parsing value for 'background-image'.  Declaration dropped." {file: "http://www.dontstepwhite.com/css/add2home.css" line: 90 column: 18 source: "	background-image:-webkit-gradient(linear,0 0,100% 100%,color-stop(0,rgba(238,238,238,0)),color-stop(0.4,rgba(238,238,238,0)),color-stop(0.4,#eee));"}]
04-26 08:32:20.865 I/Gecko   (  620): ###################################### forms.js loaded
04-26 08:32:21.005 I/Gecko   (  620): ############################### browserElementPanning.js loaded
04-26 08:32:21.105 I/Gecko   (  620): ######################## BrowserElementChildPreload.js loaded
04-26 08:32:22.165 W/WifiHW  (   83): wifi_command: SIGNAL_POLL
04-26 08:32:27.215 W/WifiHW  (   83): wifi_command: SIGNAL_POLL
04-26 08:32:27.965 E/GeckoConsole(   83): Offline cache doesn't need to update, URL=http://www.dontstepwhite.com/cache.manifest
04-26 08:32:28.105 E/GeckoConsole(   83): Content JS LOG at dummy file:326 in GaiaApps.launch/appOpen/<: app with origin 'http://dontstepwhite.com' has launched
04-26 08:32:28.105 I/Gecko   (   83): 1398526348112	Marionette	INFO	sendToClient: {"from":"0","value":{"frame":{"ELEMENT":"{059b6cf3-8266-4b36-9528-bb4e0a0c0a15}"},"src":"http://dontstepwhite.com/","name":"Don't Step On The White Shark","origin":"http://dontstepwhite.com"}}, {51498270-ce2e-4d59-95df-ee16bbb5222c}, {51498270-ce2e-4d59-95df-ee16bbb5222c}
04-26 08:32:28.205 I/Gecko   (   83): 1398526348218	Marionette	DEBUG	Got request: switchToFrame, data: {"to":"0","sessionId":"3-b2g","name":"switchToFrame","parameters":{"focus":true,"element":"{059b6cf3-8266-4b36-9528-bb4e0a0c0a15}"}}, id: {c0dfe4e7-bee8-43f1-96a2-82fab7dd40e2}
04-26 08:32:28.215 E/GeckoConsole(  557): [JavaScript Warning: "Unknown property 'user-select'.  Declaration dropped." {file: "http://www.dontstep.com/css/add2home.css" line: 9 column: 12 source: "	user-select:none;"}]
04-26 08:32:28.225 E/GeckoConsole(  557): [JavaScript Warning: "Unknown property 'box-sizing'.  Declaration dropped." {file: "http://www.dontstep.com/css/add2home.css" line: 11 column: 11 source: "	box-sizing:border-box;"}]
04-26 08:32:28.225 E/GeckoConsole(  557): [JavaScript Warning: "Unknown property 'touch-callout'.  Declaration dropped." {file: "http://www.dontstep.com/css/add2home.css" line: 13 column: 14 source: "	touch-callout:none;"}]
04-26 08:32:28.225 E/GeckoConsole(  557): [JavaScript Warning: "Error in parsing value for 'background-image'.  Declaration dropped." {file: "http://www.dontstep.com/css/add2home.css" line: 19 column: 18 source: "	background-image:-webkit-gradient(linear,0 0,0 100%,color-stop(0,#fff),color-stop(0.02,#eee),color-stop(0.98,#ccc),color-stop(1,#a3a3a3));"}]
04-26 08:32:28.225 E/GeckoConsole(  557): [JavaScript Warning: "Error in parsing value for 'background-image'.  Declaration dropped." {file: "http://www.dontstep.com/css/add2home.css" line: 64 column: 18 source: "	background-image:-webkit-gradient(linear,0 0,100% 100%,color-stop(0,rgba(204,204,204,0)),color-stop(0.4,rgba(204,204,204,0)),color-stop(0.4,#ccc));"}]
04-26 08:32:28.235 I/Gecko   (   83): 1398526348248	Marionette	INFO	Switched to frame: {"frameValue":"{059b6cf3-8266-4b36-9528-bb4e0a0c0a15}"}
04-26 08:32:28.245 E/GeckoConsole(  557): [JavaScript Warning: "Error in parsing value for 'background-image'.  Declaration dropped." {file: "http://www.dontstep.com/css/add2home.css" line: 78 column: 18 source: "	background-image:-webkit-gradient(linear,0 0,100% 100%,color-stop(0,rgba(204,204,204,0)),color-stop(0.4,rgba(204,204,204,0)),color-stop(0.4,#f2f2f2)) !important;"}]
04-26 08:32:28.245 E/GeckoConsole(  557): [JavaScript Warning: "Error in parsing value for 'background-image'.  Declaration dropped." {file: "http://www.dontstep.com/css/add2home.css" line: 90 column: 18 source: "	background-image:-webkit-gradient(linear,0 0,100% 100%,color-stop(0,rgba(238,238,238,0)),color-stop(0.4,rgba(238,238,238,0)),color-stop(0.4,#eee));"}]
04-26 08:32:28.455 I/Gecko   (   83): 1398526348469	Marionette	INFO	trying remote frame 0
04-26 08:32:28.465 I/Gecko   (   83): 1398526348471	Marionette	INFO	trying remote frame 1
04-26 08:32:28.475 I/Gecko   (   83): 1398526348485	Marionette	INFO	frame-manager load script: [object ChromeMessageSender]
04-26 08:32:32.215 W/WifiHW  (   83): wifi_command: SIGNAL_POLL
04-26 08:32:33.435 I/Gecko   (   83): 1398526353447	Marionette	INFO	sendToClient: {"from":"0","ok":true}, {c0dfe4e7-bee8-43f1-96a2-82fab7dd40e2}, {c0dfe4e7-bee8-43f1-96a2-82fab7dd40e2}
04-26 08:32:33.695 I/Gecko   (   83): 1398526353707	Marionette	INFO	sendToClient: {"from":"0","value":"http://www.dontstep.com/"}, {e0ff251c-9219-40b6-b131-47fee54bcc58}, {e0ff251c-9219-40b6-b131-47fee54bcc58}
04-26 08:32:33.705 I/Gecko   (   83): 1398526353715	Marionette	DEBUG	Got request: execute, data: {"to":"0","sessionId":"3-b2g","name":"executeScript","parameters":{"specialPowers":false,"scriptTimeout":null,"newSandbox":true,"args":[],"filename":"app_checker.py","script":"return window.document.readyState;","line":191}}, id: {d0bb48d7-3489-4f5c-bcca-c01a1ad6f957}
04-26 08:32:34.085 I/Gecko   (   83): 1398526354092	Marionette	INFO	sendToClient: {"from":"0","value":"interactive"}, {d0bb48d7-3489-4f5c-bcca-c01a1ad6f957}, {d0bb48d7-3489-4f5c-bcca-c01a1ad6f957}
04-26 08:32:34.325 E/GeckoConsole(   83): Offline cache doesn't need to update, URL=http://www.dontstep.com/cache.manifest
04-26 08:32:34.355 I/Gecko   (   83): 1398526354366	Marionette	DEBUG	Got request: execute, data: {"to":"0","sessionId":"3-b2g","name":"executeScript","parameters":{"specialPowers":false,"scriptTimeout":null,"newSandbox":true,"args":[],"filename":"app_checker.py","script":"return window.document.readyState;","line":191}}, id: {dc9d3770-bfbc-4e5a-9849-ce2fa40776a6}
04-26 08:32:34.555 I/Gecko   (   83): 1398526354569	Marionette	INFO	sendToClient: {"from":"0","value":"complete"}, {dc9d3770-bfbc-4e5a-9849-ce2fa40776a6}, {dc9d3770-bfbc-4e5a-9849-ce2fa40776a6}
04-26 08:32:34.795 I/Gecko   (   83): 1398526354806	Marionette	INFO	sendToClient: {"from":"0","value":"http://www.dontstep.com/"}, {ae47b83b-53e1-46f1-8c1c-f1fb8e4a1821}, {ae47b83b-53e1-46f1-8c1c-f1fb8e4a1821}
04-26 08:32:35.655 I/Gecko   (  557): Attempting load of libEGL.so
04-26 08:32:35.765 D/libEGL  (  557): loaded /system/lib/egl/libEGL_mali.so
04-26 08:32:35.785 D/libEGL  (  557): loaded /system/lib/egl/libGLESv1_CM_mali.so
04-26 08:32:35.785 D/libEGL  (  557): loaded /system/lib/egl/libGLESv2_mali.so
04-26 08:32:35.835 I/Gecko   (  557): SharedSurface_Gralloc::Create -------
04-26 08:32:35.885 I/Gecko   (  557): SharedSurface_Gralloc::Create: success -- surface 0x44584340, GraphicBuffer 0x436ea900.
04-26 08:32:36.425 I/Gecko   (   83): 
04-26 08:32:36.425 I/Gecko   (   83): ###!!! [Parent][MessageChannel] Error: Channel error: cannot send/recv
04-26 08:32:36.425 I/Gecko   (   83): 
04-26 08:32:36.605 I/Gecko   (   83): [Parent 83] WARNING: waitpid failed pid:537 errno:10: file ../../../gecko/ipc/chromium/src/base/process_util_posix.cc, line 254
04-26 08:32:36.655 I/Gecko   (   83): 1398526356667	Marionette	INFO	sendToClient: {"from":"0","value":"iVBORw0KGgoAAAANSUhEUgAAAUAAAAHgCAYAAADUjLREAAANW0lEQVR4nO3az6vdZ7nw4bWTJiFJk0ZjSlJtQnYbG0m1MWmaGNLsgGlMSGuIoWnrqEgF7cQfbQdObIOIUBAnKuJAnTiw9h8QHKkDRRBBEHEgUqoTO2jBiSV4n0HJxnjqmx55OZ9TvBZck+/3Xs/6PGvwsNZee7FYLAbgP1QeAFDJAwAqeQBAJQ8AqOQBAJU8AKCSBwBU8gCASh4AUMkDACp5AEAlDwCo5AEAlTwAoJIHAFTyAIBKHgBQyQMAKnkAQCUPAKjkAQCVPACgkgcAVPIAgEoeAFDJAwAqeQBAJQ8AqOQBAJU8AKCSBwBU8gCASh4AUMkDACp5AEAlDwCo5AEAlTwAoJIHAFTyAIBKHgBQyQMAKnkAQCUPAKjkAQCVPACgkgcAVPIAgEoeAFDJAwAqeQBAJQ8AqOQBAJU8AKCSBwBU8gCASh4AUMkDACp5AEAlDwCo5AEAlTwAoJIHAFTyAIBKHgBQyQMAKnkAQCUPAKjkAQCVPACgkgcAVPIAgEoeAFDJAwAqeQBAJQ8AqOQBAJU8AKCSBwBU8gCASh4AUMkDACp5AEAlDwCo5AEAlTwAoJIHAFTyAIBKHgBQyQMAKnkAQCUPAKjkAQCVPACgkgcAVPIAgEoeAFDJAwAqeQBAJQ8AqOQBAJU8AKCSBwBU8gCASh4AUMkDACp5AEAlDwCo5AEAlTwAoJIHAFTyAIBKHgBQyQMAKnkAQCUPAKjkAQCVPACgkgcAVPIAgEoeAFDJAwAqeQBAJQ8AqOQBAJU8AKCSBwBU8gCASh4AUMkDACp5AEAlDwCo5AEAlTwAoJIHAFTyAIBKHgBQyQMAKnkAQCUPAKjkAQCVPACgkgcAVPIAgEoeAFDJAwAqeQBAJQ8AqOQBAJU8AKCSBwBU8gCASh4AUMkDAC
04-26 08:32:36.985 I/Gecko   (   83): 1398526356998	Marionette	INFO	sendToClient: {"from":"0","ok":true}, {bb346b12-12e6-485f-a7a0-e02b391f4c34}, {bb346b12-12e6-485f-a7a0-e02b391f4c34}
04-26 08:32:37.005 I/Gecko   (   83): 1398526357014	Marionette	DEBUG	Got request: switchToFrame, data: {"to":"0","sessionId":"3-b2g","name":"switchToFrame","parameters":{"id":null,"focus":true}}, id: {62cea5e2-4184-4042-9a6f-96d04c0301a0}
04-26 08:32:37.055 I/Gecko   (   83): 1398526357068	Marionette	INFO	Switched to frame: {"frameValue":null}
04-26 08:32:37.195 I/Gecko   (   83): 1398526357202	Marionette	INFO	sendToClient: {"from":"0","ok":true}, {62cea5e2-4184-4042-9a6f-96d04c0301a0}, {62cea5e2-4184-4042-9a6f-96d04c0301a0}
04-26 08:32:37.215 W/WifiHW  (   83): wifi_command: SIGNAL_POLL
04-26 08:32:37.245 I/Gecko   (   83): 1398526357252	Marionette	DEBUG	Got request: executeWithCallback, data: {"to":"0","sessionId":"3-b2g","name":"executeAsyncScript","parameters":{"specialPowers":false,"scriptTimeout":null,"newSandbox":true,"args":[],"filename":"gaia_test.py","script":"return GaiaApps.displayedApp();","line":66}}, id: {5465288d-9af3-4ee8-bb8a-77ff85a80e64}
04-26 08:32:37.555 I/Gecko   (   83): 1398526357569	Marionette	INFO	sendToClient: {"from":"0","value":{"frame":{"ELEMENT":"{059b6cf3-8266-4b36-9528-bb4e0a0c0a15}"},"src":"http://dontstepwhite.com/","name":"Don't Step On The White Shark","origin":"http://dontstepwhite.com"}}, {5465288d-9af3-4ee8-bb8a-77ff85a80e64}, {5465288d-9af3-4ee8-bb8a-77ff85a80e64}
04-26 08:32:37.565 E/GeckoConsole(   83): Content JS LOG at dummy file:392 in GaiaApps.displayedApp: app with origin 'http://dontstepwhite.com' is displayed
04-26 08:32:37.585 I/Gecko   (   83): 1398526357590	Marionette	DEBUG	Got request: switchToFrame, data: {"to":"0","sessionId":"3-b2g","name":"switchToFrame","parameters":{"id":null,"focus":true}}, id: {d1251b23-e246-4a2e-9ee1-5b937ec4cceb}
04-26 08:32:37.595 I/Gecko   (   83): 1398526357609	Marionette	INFO	Switched to frame: {"frameValue":null}
04-26 08:32:37.715 I/Gecko   (   83): 1398526357723	Marionette	INFO	sendToClient: {"from":"0","ok":true}, {d1251b23-e246-4a2e-9ee1-5b937ec4cceb}, {d1251b23-e246-4a2e-9ee1-5b937ec4cceb}
04-26 08:32:37.725 I/Gecko   (   83): 1398526357735	Marionette	DEBUG	Got request: execute, data: {"to":"0","sessionId":"3-b2g","name":"executeScript","parameters":{"specialPowers":false,"scriptTimeout":null,"newSandbox":true,"args":[],"filename":"gaia_test.py","script":"window.wrappedJSObject.dispatchEvent(new Event('home'));","line":788}}, id: {13e27c95-762b-4222-af42-820af5d70d79}
04-26 08:32:37.945 I/Gonk    (   83): Setting nice for pid 620 to 18
04-26 08:32:37.945 I/Gonk    (   83): Changed nice for pid 620 from 0 to 18.
04-26 08:32:37.945 I/Gecko   (   83): [Parent 83] WARNING: waitpid failed pid:620 errno:10: file ../../../gecko/ipc/chromium/src/base/process_util_posix.cc, line 254
04-26 08:32:37.975 I/Gonk    (   83): Setting nice for pid 620 to 1
04-26 08:32:37.975 I/Gonk    (   83): Changed nice for pid 620 from 18 to 1.
04-26 08:32:38.055 D/Sensors (   83): activate handle=0; drv=0
04-26 08:32:38.065 D/Sensors (   83): Lis3dhSensor: Control set 0
04-26 08:32:38.065 D/Sensors (   83): Lis3dhSensor: mEnabled = 0
04-26 08:32:38.505 I/Gecko   (   83): 1398526358513	Marionette	INFO	sendToClient: {"from":"0","value":null}, {13e27c95-762b-4222-af42-820af5d70d79}, {13e27c95-762b-4222-af42-820af5d70d79}
04-26 08:32:38.605 I/Gecko   (   83): [Parent 83] WARNING: waitpid failed pid:537 errno:10: file ../../../gecko/ipc/chromium/src/base/process_util_posix.cc, line 254
04-26 08:32:38.605 I/Gecko   (   83): [Parent 83] WARNING: Failed to deliver SIGKILL to 537!(3).: file ../../../gecko/ipc/chromium/src/chrome/common/process_watcher_posix_sigchld.cc, line 118
04-26 08:32:38.685 I/Gecko   (   83): 1398526358690	Marionette	DEBUG	Got request: switchToFrame, data: {"to":"0","sessionId":"3-b2g","name":"switchToFrame","parameters":{"id":null,"focus":true}}, id: {0606c60a-9cb5-45ee-b2e9-00ad76c276b2}
04-26 08:32:38.785 I/Gecko   (   83): 1398526358796	Marionette	INFO	Switched to frame: {"frameValue":null}
04-26 08:32:38.925 I/Gecko   (   83): 1398526358935	Marionette	INFO	sendToClient: {"from":"0","ok":true}, {0606c60a-9cb5-45ee-b2e9-00ad76c276b2}, {0606c60a-9cb5-45ee-b2e9-00ad76c276b2}
04-26 08:32:38.995 I/Gecko   (   83): 1398526359008	Marionette	DEBUG	Got request: executeWithCallback, data: {"to":"0","sessionId":"3-b2g","name":"executeAsyncScript","parameters":{"specialPowers":false,"scriptTimeout":null,"newSandbox":true,"args":[],"filename":"gaia_test.py","script":"return GaiaApps.displayedApp();","line":66}}, id: {e846b186-378d-4664-b65c-7df9564759fc}
04-26 08:32:39.485 I/Gecko   (   83): 1398526359491	Marionette	INFO	sendToClient: {"from":"0","value":{"frame":{"ELEMENT":"{dfa921b2-fd29-40d8-ac06-05c5b6dbb983}"},"src":"app://homescreen.gaiamobile.org/index.html#root","name":"Homescreen","origin":"app://homescreen.gaiamobile.org"}}, {e846b186-378d-4664-b65c-7df9564759fc}, {e846b186-378d-4664-b65c-7df9564759fc}
04-26 08:32:39.575 E/GeckoConsole(   83): Content JS LOG at dummy file:392 in GaiaApps.displayedApp: app with origin 'app://homescreen.gaiamobile.org' is displayed
04-26 08:32:39.755 I/Gecko   (   83): 1398526359762	Marionette	DEBUG	Got request: switchToFrame, data: {"to":"0","sessionId":"3-b2g","name":"switchToFrame","parameters":{"id":null,"focus":true}}, id: {3f303753-1ce6-4895-bf24-3524693e302e}
04-26 08:32:39.795 I/Gecko   (   83): 1398526359802	Marionette	INFO	Switched to frame: {"frameValue":null}
04-26 08:32:39.905 I/Gecko   (   83): 1398526359913	Marionette	INFO	sendToClient: {"from":"0","ok":true}, {3f303753-1ce6-4895-bf24-3524693e302e}, {3f303753-1ce6-4895-bf24-3524693e302e}
04-26 08:32:39.905 I/Gecko   (   83): 1398526359919	Marionette	DEBUG	Got request: switchToFrame, data: {"to":"0","sessionId":"3-b2g","name":"switchToFrame","parameters":{"id":null,"focus":true}}, id: {b1cd5373-3e81-4bb4-ae02-b1d74d92304c}
04-26 08:32:39.915 I/Gecko   (   83): 1398526359922	Marionette	INFO	Switched to frame: {"frameValue":null}
04-26 08:32:40.015 I/Gecko   (   83): 1398526360024	Marionette	INFO	sendToClient: {"from":"0","ok":true}, {b1cd5373-3e81-4bb4-ae02-b1d74d92304c}, {b1cd5373-3e81-4bb4-ae02-b1d74d92304c}
04-26 08:32:40.025 I/Gecko   (   83): 1398526360032	Marionette	DEBUG	Got request: executeWithCallback, data: {"to":"0","sessionId":"3-b2g","name":"executeAsyncScript","parameters":{"specialPowers":false,"scriptTimeout":null,"newSandbox":true,"args":[],"filename":"gaia_test.py","script":"return GaiaApps.displayedApp();","line":66}}, id: {50773f95-478c-4836-b09f-4f96035db38a}
04-26 08:32:40.275 I/Gonk    (   83): Setting nice for pid 557 to 18
04-26 08:32:40.275 I/Gonk    (   83): Changed nice for pid 557 from 1 to 18.
04-26 08:32:40.305 E/GeckoConsole(   83): Content JS LOG at dummy file:392 in GaiaApps.displayedApp: app with origin 'app://homescreen.gaiamobile.org' is displayed
04-26 08:32:40.315 I/Gecko   (   83): 1398526360323	Marionette	INFO	sendToClient: {"from":"0","value":{"frame":{"ELEMENT":"{dfa921b2-fd29-40d8-ac06-05c5b6dbb983}"},"src":"app://homescreen.gaiamobile.org/index.html#root","name":"Homescreen","origin":"app://homescreen.gaiamobile.org"}}, {50773f95-478c-4836-b09f-4f96035db38a}, {50773f95-478c-4836-b09f-4f96035db38a}
04-26 08:32:40.395 I/Gecko   (   83): 1398526360401	Marionette	DEBUG	Got request: switchToFrame, data: {"to":"0","sessionId":"3-b2g","name":"switchToFrame","parameters":{"focus":true,"element":"{dfa921b2-fd29-40d8-ac06-05c5b6dbb983}"}}, id: {46fd055b-32bb-4cc2-ab6a-c0c4db61a19c}
04-26 08:32:40.415 I/Gecko   (   83): 1398526360428	Marionette	INFO	Switched to frame: {"frameValue":"{dfa921b2-fd29-40d8-ac06-05c5b6dbb983}"}
04-26 08:32:40.425 I/Gecko   (   83): 1398526360433	Marionette	INFO	trying remote frame 0
04-26 08:32:40.445 I/Gecko   (   83): 1398526360451	Marionette	INFO	deleting frame
04-26 08:32:40.445 I/Gecko   (   83): 1398526360452	Marionette	INFO	trying remote frame 1
04-26 08:32:40.445 I/Gecko   (   83): 1398526360459	Marionette	INFO	frame-manager load script: [object ChromeMessageSender]
04-26 08:32:40.945 I/Gecko   (   83): 1398526360951	Marionette	INFO	sendToClient: {"from":"0","ok":true}, {46fd055b-32bb-4cc2-ab6a-c0c4db61a19c}, {46fd055b-32bb-4cc2-ab6a-c0c4db61a19c}
04-26 08:32:41.105 I/Gecko   (   83): 1398526361117	Marionette	INFO	sendToClient: {"from":"0","value":"app://homescreen.gaiamobile.org/index.html#root"}, {d3da3781-da65-4c00-86b4-cdbd20fb19c8}, {d3da3781-da65-4c00-86b4-cdbd20fb19c8}
04-26 08:32:41.115 I/Gecko   (   83): 1398526361124	Marionette	DEBUG	Got request: switchToFrame, data: {"to":"0","sessionId":"3-b2g","name":"switchToFrame","parameters":{"id":null,"focus":true}}, id: {802995d7-e86f-4829-8b47-e312b738a033}
04-26 08:32:41.135 I/Gecko   (   83): 1398526361142	Marionette	INFO	Switched to frame: {"frameValue":null}
04-26 08:32:41.235 I/Gecko   (   83): 1398526361244	Marionette	INFO	sendToClient: {"from":"0","ok":true}, {802995d7-e86f-4829-8b47-e312b738a033}, {802995d7-e86f-4829-8b47-e312b738a033}
04-26 08:32:41.245 I/Gecko   (   83): 1398526361251	Marionette	DEBUG	Got request: switchToFrame, data: {"to":"0","sessionId":"3-b2g","name":"switchToFrame","parameters":{"id":null,"focus":true}}, id: {e43694aa-402f-4847-b4dd-ed1606bdfb70}
04-26 08:32:41.245 I/Gecko   (   83): 1398526361253	Marionette	INFO	Switched to frame: {"frameValue":null}
04-26 08:32:41.345 I/Gecko   (   83): 1398526361355	Marionette	INFO	sendToClient: {"from":"0","ok":true}, {e43694aa-402f-4847-b4dd-ed1606bdfb70}, {e43694aa-402f-4847-b4dd-ed1606bdfb70}
04-26 08:32:41.355 I/Gecko   (   83): 1398526361363	Marionette	DEBUG	Got request: executeWithCallback, data: {"to":"0","sessionId":"3-b2g","name":"executeAsyncScript","parameters":{"specialPowers":false,"scriptTimeout":null,"newSandbox":true,"args":[],"filename":"gaia_test.py","script":"GaiaApps.killAll()","line":91}}, id: {1791a684-e800-427f-b5ae-ebe6533c9642}
04-26 08:32:41.465 E/GeckoConsole(   83): Content JS LOG at dummy file:266 in GaiaApps.kill: terminating app with origin 'http://dontstepwhite.com'
04-26 08:32:41.465 E/GeckoConsole(   83): Content JS LOG at dummy file:258 in GaiaApps.kill/gt_onAppTerminated/<: app with origin 'http://dontstepwhite.com' has terminated
04-26 08:32:41.465 I/Gecko   (   83): 1398526361474	Marionette	INFO	sendToClient: {"from":"0","value":true}, {1791a684-e800-427f-b5ae-ebe6533c9642}, {1791a684-e800-427f-b5ae-ebe6533c9642}
04-26 08:32:41.485 I/Gecko   (   83): 1398526361496	Marionette	DEBUG	Got request: switchToFrame, data: {"to":"0","sessionId":"3-b2g","name":"switchToFrame","parameters":{"id":null,"focus":true}}, id: {6a3ea598-41fe-497c-bf5d-1111364266d1}
04-26 08:32:41.495 I/Gecko   (   83): 1398526361502	Marionette	INFO	Switched to frame: {"frameValue":null}
04-26 08:32:41.545 I/Gecko   (   83): [Parent 83] WARNING: pipe error (95): Connection reset by peer: file ../../../gecko/ipc/chromium/src/chrome/common/ipc_channel_posix.cc, line 446
04-26 08:32:41.625 I/Gecko   (   83): [Parent 83] WARNING: waitpid failed pid:557 errno:10: file ../../../gecko/ipc/chromium/src/base/process_util_posix.cc, line 254
04-26 08:32:41.625 I/Gecko   (   83): 1398526361635	Marionette	INFO	sendToClient: {"from":"0","ok":true}, {6a3ea598-41fe-497c-bf5d-1111364266d1}, {6a3ea598-41fe-497c-bf5d-1111364266d1}
04-26 08:32:41.655 I/Gecko   (   83): 1398526361666	Marionette	DEBUG	Got request: executeWithCallback, data: {"to":"0","sessionId":"3-b2g","name":"executeAsyncScript","parameters":{"specialPowers":false,"scriptTimeout":60000,"newSandbox":true,"args":[],"filename":"app_checker.py","script":"\n        GaiaApps.locateWithManifestURL('http://dontstepwhite.com/firefox.webapp',\n                                       null,\n                                       function uninstall(app) {\n                                       navigator.mozApps.mgmt.uninstall(app);\n                                       marionetteScriptFinished(true);\n                                       });\n        ","line":129}}, id: {b1b1da99-b596-4e9d-9bdd-cd49ee175f06}
04-26 08:32:41.715 I/Gecko   (   83): -- webapps.js uninstall http://dontstepwhite.com/firefox.webapp
04-26 08:32:42.145 I/Gecko   (   83): 1398526362154	Marionette	INFO	sendToClient: {"from":"0","value":true}, {b1b1da99-b596-4e9d-9bdd-cd49ee175f06}, {b1b1da99-b596-4e9d-9bdd-cd49ee175f06}
04-26 08:32:42.455 W/WifiHW  (   83): wifi_command: SIGNAL_POLL