--------- beginning of /dev/log/main
04-26 14:09:37.695 I/Gecko   (   83): 1398546577699	Marionette	INFO	sendToClient: {"from":"0","ok":true}, {cad44db9-93f2-42e2-bd36-18bc2766405a}, {cad44db9-93f2-42e2-bd36-18bc2766405a}
04-26 14:09:37.715 I/Gecko   (   83): 1398546577720	Marionette	DEBUG	Got request: switchToFrame, data: {"to":"0","sessionId":"3-b2g","name":"switchToFrame","parameters":{"id":null,"focus":true}}, id: {18a4543e-7c6d-4015-8fa6-e8802ee5c0b3}
04-26 14:09:37.715 I/Gecko   (   83): 1398546577723	Marionette	INFO	Switched to frame: {"frameValue":null}
04-26 14:09:37.835 I/Gecko   (   83): 1398546577838	Marionette	INFO	sendToClient: {"from":"0","ok":true}, {18a4543e-7c6d-4015-8fa6-e8802ee5c0b3}, {18a4543e-7c6d-4015-8fa6-e8802ee5c0b3}
04-26 14:09:37.835 I/Gecko   (   83): [Parent 83] WARNING: waitpid failed pid:2364 errno:10: file ../../../gecko/ipc/chromium/src/base/process_util_posix.cc, line 254
04-26 14:09:37.835 I/Gecko   (   83): [Parent 83] WARNING: Failed to deliver SIGKILL to 2364!(3).: file ../../../gecko/ipc/chromium/src/chrome/common/process_watcher_posix_sigchld.cc, line 118
04-26 14:09:37.835 I/Gecko   (   83): 1398546577847	Marionette	DEBUG	Got request: executeWithCallback, data: {"to":"0","sessionId":"3-b2g","name":"executeAsyncScript","parameters":{"specialPowers":false,"scriptTimeout":null,"newSandbox":true,"args":[],"filename":"gaia_test.py","script":"return GaiaApps.displayedApp();","line":66}}, id: {dc26419b-6d4c-4c84-95ab-1fed5066cb3e}
04-26 14:09:37.895 I/Gecko   (   83): 1398546577898	Marionette	INFO	sendToClient: {"from":"0","value":{"frame":{"ELEMENT":"{ab28c363-e86b-4b70-9dac-43572f4f300e}"},"src":"app://homescreen.gaiamobile.org/index.html#root","name":"Homescreen","origin":"app://homescreen.gaiamobile.org"}}, {dc26419b-6d4c-4c84-95ab-1fed5066cb3e}, {dc26419b-6d4c-4c84-95ab-1fed5066cb3e}
04-26 14:09:37.895 E/GeckoConsole(   83): Content JS LOG at dummy file:392 in GaiaApps.displayedApp: app with origin 'app://homescreen.gaiamobile.org' is displayed
04-26 14:09:37.905 I/Gecko   (   83): 1398546577914	Marionette	DEBUG	Got request: switchToFrame, data: {"to":"0","sessionId":"3-b2g","name":"switchToFrame","parameters":{"id":null,"focus":true}}, id: {e9505dde-ef69-487c-b1dd-16e57297593e}
04-26 14:09:37.935 I/Gecko   (   83): 1398546577940	Marionette	INFO	Switched to frame: {"frameValue":null}
04-26 14:09:38.035 I/Gecko   (   83): 1398546578043	Marionette	INFO	sendToClient: {"from":"0","ok":true}, {e9505dde-ef69-487c-b1dd-16e57297593e}, {e9505dde-ef69-487c-b1dd-16e57297593e}
04-26 14:09:38.045 I/Gecko   (   83): 1398546578049	Marionette	DEBUG	Got request: switchToFrame, data: {"to":"0","sessionId":"3-b2g","name":"switchToFrame","parameters":{"id":null,"focus":true}}, id: {a7067062-c210-4eb8-9788-faefed19fb75}
04-26 14:09:38.045 I/Gecko   (   83): 1398546578052	Marionette	INFO	Switched to frame: {"frameValue":null}
04-26 14:09:38.145 I/Gecko   (   83): 1398546578157	Marionette	INFO	sendToClient: {"from":"0","ok":true}, {a7067062-c210-4eb8-9788-faefed19fb75}, {a7067062-c210-4eb8-9788-faefed19fb75}
04-26 14:09:38.165 I/Gecko   (   83): 1398546578172	Marionette	DEBUG	Got request: executeWithCallback, data: {"to":"0","sessionId":"3-b2g","name":"executeAsyncScript","parameters":{"specialPowers":false,"scriptTimeout":null,"newSandbox":true,"args":[],"filename":"gaia_test.py","script":"return GaiaApps.displayedApp();","line":66}}, id: {3740d926-5d2f-4cc3-88c5-5f450fa045dc}
04-26 14:09:38.255 I/Gecko   (   83): 1398546578258	Marionette	INFO	sendToClient: {"from":"0","value":{"frame":{"ELEMENT":"{ab28c363-e86b-4b70-9dac-43572f4f300e}"},"src":"app://homescreen.gaiamobile.org/index.html#root","name":"Homescreen","origin":"app://homescreen.gaiamobile.org"}}, {3740d926-5d2f-4cc3-88c5-5f450fa045dc}, {3740d926-5d2f-4cc3-88c5-5f450fa045dc}
04-26 14:09:38.255 E/GeckoConsole(   83): Content JS LOG at dummy file:392 in GaiaApps.displayedApp: app with origin 'app://homescreen.gaiamobile.org' is displayed
04-26 14:09:38.265 I/Gecko   (   83): 1398546578272	Marionette	DEBUG	Got request: switchToFrame, data: {"to":"0","sessionId":"3-b2g","name":"switchToFrame","parameters":{"focus":true,"element":"{ab28c363-e86b-4b70-9dac-43572f4f300e}"}}, id: {4f18867d-76ff-4c3b-b13e-c5f4af21b7f9}
04-26 14:09:38.285 I/Gecko   (   83): 1398546578290	Marionette	INFO	Switched to frame: {"frameValue":"{ab28c363-e86b-4b70-9dac-43572f4f300e}"}
04-26 14:09:38.295 I/Gecko   (   83): 1398546578301	Marionette	INFO	trying remote frame 0
04-26 14:09:38.305 I/Gecko   (   83): 1398546578308	Marionette	INFO	trying remote frame 1
04-26 14:09:38.305 I/Gecko   (   83): 1398546578309	Marionette	INFO	trying remote frame 2
04-26 14:09:38.305 I/Gecko   (   83): 1398546578310	Marionette	INFO	deleting frame
04-26 14:09:38.305 I/Gecko   (   83): 1398546578311	Marionette	INFO	trying remote frame 3
04-26 14:09:38.415 I/Gonk    (   83): Setting nice for pid 2423 to 18
04-26 14:09:38.415 I/Gonk    (   83): Changed nice for pid 2423 from 0 to 18.
04-26 14:09:38.545 I/Gecko   (   83): 1398546578556	Marionette	INFO	sendToClient: {"from":"0","ok":true}, {4f18867d-76ff-4c3b-b13e-c5f4af21b7f9}, {4f18867d-76ff-4c3b-b13e-c5f4af21b7f9}
04-26 14:09:38.665 I/Gecko   (   83): 1398546578672	Marionette	INFO	sendToClient: {"from":"0","value":{"ELEMENT":"{0a881d75-5b41-480d-bfdc-98d0e3dcc4ee}"}}, {cf3a7844-1793-41f9-9fdc-29a0e1ebdc88}, {cf3a7844-1793-41f9-9fdc-29a0e1ebdc88}
04-26 14:09:39.025 E/GeckoConsole( 2400): [JavaScript Warning: "Use of getAttributeNode() is deprecated. Use getAttribute() instead." {file: "chrome://marionette/content/atoms.js" line: 25}]
04-26 14:09:39.025 E/GeckoConsole( 2400): [JavaScript Warning: "Use of attributes' specified attribute is deprecated. It always returns true." {file: "chrome://marionette/content/atoms.js" line: 25}]
04-26 14:09:39.025 I/Gecko   (   83): 1398546579035	Marionette	INFO	sendToClient: {"from":"0","value":"normal"}, {34183ecf-4c28-438a-8224-1c947aa63cab}, {34183ecf-4c28-438a-8224-1c947aa63cab}
04-26 14:09:39.035 I/Gecko   (   83): 1398546579042	Marionette	DEBUG	Got request: switchToFrame, data: {"to":"0","sessionId":"3-b2g","name":"switchToFrame","parameters":{"id":null,"focus":true}}, id: {1815d870-b207-4941-8d07-8a77d9f3733d}
04-26 14:09:39.045 I/Gecko   (   83): 1398546579050	Marionette	INFO	Switched to frame: {"frameValue":null}
04-26 14:09:39.145 I/Gecko   (   83): 1398546579154	Marionette	INFO	sendToClient: {"from":"0","ok":true}, {1815d870-b207-4941-8d07-8a77d9f3733d}, {1815d870-b207-4941-8d07-8a77d9f3733d}
04-26 14:09:39.155 I/Gecko   (   83): 1398546579161	Marionette	DEBUG	Got request: execute, data: {"to":"0","sessionId":"3-b2g","name":"executeScript","parameters":{"specialPowers":false,"scriptTimeout":null,"newSandbox":true,"args":[],"filename":"gaia_test.py","script":"window.wrappedJSObject.dispatchEvent(new Event('home'));","line":788}}, id: {c0e3bdb1-31af-4834-97ec-aea4ce2eb949}
04-26 14:09:39.215 I/Gecko   (   83): 1398546579219	Marionette	INFO	sendToClient: {"from":"0","value":null}, {c0e3bdb1-31af-4834-97ec-aea4ce2eb949}, {c0e3bdb1-31af-4834-97ec-aea4ce2eb949}
04-26 14:09:39.215 I/Gecko   (   83): 1398546579225	Marionette	DEBUG	Got request: switchToFrame, data: {"to":"0","sessionId":"3-b2g","name":"switchToFrame","parameters":{"id":null,"focus":true}}, id: {fc376433-2a17-4c2a-9a53-16eb75a14c3c}
04-26 14:09:39.215 I/Gecko   (   83): 1398546579227	Marionette	INFO	Switched to frame: {"frameValue":null}
04-26 14:09:39.335 I/Gecko   (   83): 1398546579339	Marionette	INFO	sendToClient: {"from":"0","ok":true}, {fc376433-2a17-4c2a-9a53-16eb75a14c3c}, {fc376433-2a17-4c2a-9a53-16eb75a14c3c}
04-26 14:09:39.335 I/Gecko   (   83): 1398546579346	Marionette	DEBUG	Got request: switchToFrame, data: {"to":"0","sessionId":"3-b2g","name":"switchToFrame","parameters":{"id":null,"focus":true}}, id: {8b5ac250-e0f6-4b0c-ad4d-767112264f48}
04-26 14:09:39.345 I/Gecko   (   83): 1398546579348	Marionette	INFO	Switched to frame: {"frameValue":null}
04-26 14:09:39.445 I/Gecko   (   83): 1398546579450	Marionette	INFO	sendToClient: {"from":"0","ok":true}, {8b5ac250-e0f6-4b0c-ad4d-767112264f48}, {8b5ac250-e0f6-4b0c-ad4d-767112264f48}
04-26 14:09:39.455 I/Gecko   (   83): 1398546579457	Marionette	DEBUG	Got request: executeWithCallback, data: {"to":"0","sessionId":"3-b2g","name":"executeAsyncScript","parameters":{"specialPowers":false,"scriptTimeout":null,"newSandbox":true,"args":[],"filename":"gaia_test.py","script":"return GaiaApps.displayedApp();","line":66}}, id: {16eb1b8e-64b9-4127-a42c-922741b673a9}
04-26 14:09:39.515 E/GeckoConsole(   83): Content JS LOG at dummy file:392 in GaiaApps.displayedApp: app with origin 'app://homescreen.gaiamobile.org' is displayed
04-26 14:09:39.535 I/Gecko   (   83): 1398546579538	Marionette	INFO	sendToClient: {"from":"0","value":{"frame":{"ELEMENT":"{ab28c363-e86b-4b70-9dac-43572f4f300e}"},"src":"app://homescreen.gaiamobile.org/index.html#rootSat%20Apr%2026%202014%2014:09:39%20GMT-0700%20(UTC)","name":"Homescreen","origin":"app://homescreen.gaiamobile.org"}}, {16eb1b8e-64b9-4127-a42c-922741b673a9}, {16eb1b8e-64b9-4127-a42c-922741b673a9}
04-26 14:09:39.535 I/Gecko   (   83): 1398546579545	Marionette	DEBUG	Got request: switchToFrame, data: {"to":"0","sessionId":"3-b2g","name":"switchToFrame","parameters":{"focus":true,"element":"{ab28c363-e86b-4b70-9dac-43572f4f300e}"}}, id: {ec77363b-229d-4eee-aee8-cf9e8d41ab6b}
04-26 14:09:39.545 I/Gecko   (   83): 1398546579552	Marionette	INFO	Switched to frame: {"frameValue":"{ab28c363-e86b-4b70-9dac-43572f4f300e}"}
04-26 14:09:39.555 I/Gecko   (   83): 1398546579559	Marionette	INFO	trying remote frame 0
04-26 14:09:39.565 I/Gecko   (   83): 1398546579568	Marionette	INFO	trying remote frame 1
04-26 14:09:39.565 I/Gecko   (   83): 1398546579571	Marionette	INFO	trying remote frame 2
04-26 14:09:39.565 I/Gecko   (   83): 1398546579572	Marionette	INFO	deleting frame
04-26 14:09:39.575 I/Gecko   (   83): 1398546579582	Marionette	INFO	frame-manager load script: [object ChromeMessageSender]
04-26 14:09:39.915 I/Gecko   (   83): 1398546579921	Marionette	INFO	sendToClient: {"from":"0","ok":true}, {ec77363b-229d-4eee-aee8-cf9e8d41ab6b}, {ec77363b-229d-4eee-aee8-cf9e8d41ab6b}
04-26 14:09:39.925 I/Gecko   (   83): 1398546579930	Marionette	DEBUG	Got request: execute, data: {"to":"0","sessionId":"3-b2g","name":"executeScript","parameters":{"specialPowers":false,"scriptTimeout":null,"newSandbox":true,"args":[],"filename":"gaia_test.py","script":"return window.wrappedJSObject.GridManager.pageHelper.getCurrentPageNumber();","line":784}}, id: {1c62573b-2afd-4197-8786-35d9ed686169}
04-26 14:09:40.965 I/Gecko   (   83): 1398546580977	Marionette	INFO	sendToClient: {"from":"0","value":0}, {1c62573b-2afd-4197-8786-35d9ed686169}, {1c62573b-2afd-4197-8786-35d9ed686169}
04-26 14:09:40.985 W/WifiHW  (   83): wifi_command: SIGNAL_POLL
04-26 14:09:41.115 E/GeckoConsole( 2400): Content JS WARN at app://homescreen.gaiamobile.org/gaia_build_defer_index.js:184 in isHiddenApp: Unexpected role when checking hidden app: undefined
04-26 14:09:41.115 E/GeckoConsole( 2400): Content JS WARN at app://homescreen.gaiamobile.org/gaia_build_defer_index.js:184 in isHiddenApp: Unexpected role when checking hidden app: undefined
04-26 14:09:41.115 E/GeckoConsole( 2400): Content JS WARN at app://homescreen.gaiamobile.org/gaia_build_defer_index.js:184 in isHiddenApp: Unexpected role when checking hidden app: undefined
04-26 14:09:41.115 E/GeckoConsole( 2400): Content JS WARN at app://homescreen.gaiamobile.org/gaia_build_defer_index.js:184 in isHiddenApp: Unexpected role when checking hidden app: undefined
04-26 14:09:41.115 E/GeckoConsole( 2400): Content JS WARN at app://homescreen.gaiamobile.org/gaia_build_defer_index.js:184 in isHiddenApp: Unexpected role when checking hidden app: undefined
04-26 14:09:41.115 E/GeckoConsole( 2400): Content JS WARN at app://homescreen.gaiamobile.org/gaia_build_defer_index.js:184 in isHiddenApp: Unexpected role when checking hidden app: undefined
04-26 14:09:41.115 E/GeckoConsole( 2400): Content JS WARN at app://homescreen.gaiamobile.org/gaia_build_defer_index.js:184 in isHiddenApp: Unexpected role when checking hidden app: undefined
04-26 14:09:41.115 E/GeckoConsole( 2400): Content JS WARN at app://homescreen.gaiamobile.org/gaia_build_defer_index.js:184 in isHiddenApp: Unexpected role when checking hidden app: undefined
04-26 14:09:41.115 E/GeckoConsole( 2400): Content JS WARN at app://homescreen.gaiamobile.org/gaia_build_defer_index.js:184 in isHiddenApp: Unexpected role when checking hidden app: undefined
04-26 14:09:41.115 E/GeckoConsole( 2400): Content JS WARN at app://homescreen.gaiamobile.org/gaia_build_defer_index.js:184 in isHiddenApp: Unexpected role when checking hidden app: undefined
04-26 14:09:41.115 E/GeckoConsole( 2400): Content JS WARN at app://homescreen.gaiamobile.org/gaia_build_defer_index.js:184 in isHiddenApp: Unexpected role when checking hidden app: undefined
04-26 14:09:41.115 E/GeckoConsole( 2400): Content JS WARN at app://homescreen.gaiamobile.org/gaia_build_defer_index.js:184 in isHiddenApp: Unexpected role when checking hidden app: undefined
04-26 14:09:41.115 E/GeckoConsole( 2400): Content JS WARN at app://homescreen.gaiamobile.org/gaia_build_defer_index.js:184 in isHiddenApp: Unexpected role when checking hidden app: undefined
04-26 14:09:41.135 E/GeckoConsole( 2400): Content JS WARN at app://homescreen.gaiamobile.org/gaia_build_defer_index.js:184 in isHiddenApp: Unexpected role when checking hidden app: undefined
04-26 14:09:41.135 E/GeckoConsole( 2400): Content JS WARN at app://homescreen.gaiamobile.org/gaia_build_defer_index.js:184 in isHiddenApp: Unexpected role when checking hidden app: undefined
04-26 14:09:41.135 E/GeckoConsole( 2400): Content JS WARN at app://homescreen.gaiamobile.org/gaia_build_defer_index.js:184 in isHiddenApp: Unexpected role when checking hidden app: undefined
04-26 14:09:41.135 E/GeckoConsole( 2400): Content JS WARN at app://homescreen.gaiamobile.org/gaia_build_defer_index.js:184 in isHiddenApp: Unexpected role when checking hidden app: undefined
04-26 14:09:41.145 E/GeckoConsole( 2400): Content JS WARN at app://homescreen.gaiamobile.org/gaia_build_defer_index.js:184 in isHiddenApp: Unexpected role when checking hidden app: undefined
04-26 14:09:41.145 E/GeckoConsole( 2400): Content JS WARN at app://homescreen.gaiamobile.org/gaia_build_defer_index.js:184 in isHiddenApp: Unexpected role when checking hidden app: undefined
04-26 14:09:41.145 E/GeckoConsole( 2400): Content JS WARN at app://homescreen.gaiamobile.org/gaia_build_defer_index.js:184 in isHiddenApp: Unexpected role when checking hidden app: undefined
04-26 14:09:41.145 E/GeckoConsole( 2400): Content JS WARN at app://homescreen.gaiamobile.org/gaia_build_defer_index.js:184 in isHiddenApp: Unexpected role when checking hidden app: undefined
04-26 14:09:41.145 E/GeckoConsole( 2400): Content JS WARN at app://homescreen.gaiamobile.org/gaia_build_defer_index.js:184 in isHiddenApp: Unexpected role when checking hidden app: undefined
04-26 14:09:41.145 E/GeckoConsole( 2400): Content JS WARN at app://homescreen.gaiamobile.org/gaia_build_defer_index.js:184 in isHiddenApp: Unexpected role when checking hidden app: undefined
04-26 14:09:41.145 E/GeckoConsole( 2400): Content JS WARN at app://homescreen.gaiamobile.org/gaia_build_defer_index.js:184 in isHiddenApp: Unexpected role when checking hidden app: undefined
04-26 14:09:41.145 E/GeckoConsole( 2400): Content JS WARN at app://homescreen.gaiamobile.org/gaia_build_defer_index.js:184 in isHiddenApp: Unexpected role when checking hidden app: undefined
04-26 14:09:41.145 E/GeckoConsole( 2400): Content JS WARN at app://homescreen.gaiamobile.org/gaia_build_defer_index.js:184 in isHiddenApp: Unexpected role when checking hidden app: undefined
04-26 14:09:41.465 I/Gecko   (   83): 1398546581471	Marionette	INFO	sendToClient: {"from":"0","value":["{60f725b5-f836-45db-9e97-32d142f5aff0}","{f3c365a7-0b92-4a04-bb35-fb4843755079}","{cbdc5329-f6cd-4e2a-9556-1426cf09e23a}","{2629af38-719e-4846-8ae4-14c5afaa4ee5}","{5c14a038-bf63-4f5a-9eb8-6b2163fc1f16}","{c3585305-367f-4d18-b917-5bda2526c780}","{d0610713-f224-4769-bf5d-de7ea1a63891}","{df208426-b755-47b6-9248-e171826aba68}","{5476b0ca-fe30-47cc-ac62-3362160ea910}","{6096f4b5-61ef-487a-818a-185bdf711094}","{4ce2abd5-1c01-4bf6-93b7-c8492b14ef38}","{5e3b7b00-bac2-4858-aca3-8a153819f542}","{fb07ac84-74fa-4de6-9c56-55ccf2279f6c}","{0a0a2f78-da06-4bbc-b02f-af2f3c8b0887}","{c5325256-3b5b-43d8-b98c-c5cd63862250}","{2695dbe4-f102-40c7-9e63-a01076ac7d82}","{b7692564-0b04-4c37-9c8a-c77857f11022}","{fccb1258-8f4e-44bd-9c48-c11951ba0b0b}","{7d43b500-db3e-493c-92a9-5402c7e4e11e}","{2ab0c56a-b162-4aec-8b07-57cbf285b638}","{26ec23f5-d01c-4094-9215-422a835b0388}","{5ef31190-b8e9-485d-896e-373a56ffddbb}","{8d581b8b-0457-4ac0-b0ba-614272849570}","{64432015-6f8a
04-26 14:09:41.755 I/Gecko   (   83): 1398546581763	Marionette	INFO	sendToClient: {"from":"0","value":"app://homescreen.gaiamobile.org/index.html#rootSat%20Apr%2026%202014%2014:09:39%20GMT-0700%20(UTC)"}, {0b464c60-31f1-4869-8d01-36c8ca20a23b}, {0b464c60-31f1-4869-8d01-36c8ca20a23b}
04-26 14:09:41.765 I/Gecko   (   83): 1398546581771	Marionette	DEBUG	Got request: switchToFrame, data: {"to":"0","sessionId":"3-b2g","name":"switchToFrame","parameters":{"id":null,"focus":true}}, id: {4243c2d1-db98-496c-a4a5-1f3f90867290}
04-26 14:09:41.815 I/Gecko   (   83): 1398546581822	Marionette	INFO	Switched to frame: {"frameValue":null}
04-26 14:09:41.815 V/AudioPolicyManagerBase(   88): startOutput() output 1, stream 1, session 10
04-26 14:09:41.815 V/AudioPolicyManagerBase(   88): changeRefCount() stream 1, count 1
04-26 14:09:41.815 V/AudioPolicyManagerBase(   88): getDeviceForStrategy() from cache strategy 0, device 2
04-26 14:09:41.815 V/AudioPolicyManagerBase(   88): getNewDevice() selected device 2
04-26 14:09:41.815 D/AudioPolicyManagerBase(   88): setOutputDevice() output 1 device 2 delayMs 0
04-26 14:09:41.815 V/AudioPolicyManagerBase(   88): setOutputDevice() setting same device 2 or null device for output 1
04-26 14:09:41.815 E/AudioPolicyManagerBase(   88): checkAndSetVolume stream=1, index=15, output=1, device=2
04-26 14:09:41.815 E/AudioPolicyManagerBase(   88): computeVolume, streamDesc=0x1c66bb0
04-26 14:09:41.835 V/AudioPolicyManagerBase(   88): VOLUME vol index=[60 100 100], dB=[-11.0 0.0 0.0] ampl=1.00000
04-26 14:09:41.885 W/AudioFlinger(   88): Thread AudioOut_1 cannot connect to the power manager service
04-26 14:09:41.885 V/AudioPolicyManagerBase(   88): stopOutput() output 1, stream 1, session 10
04-26 14:09:41.885 V/AudioPolicyManagerBase(   88): changeRefCount() stream 1, count 0
04-26 14:09:41.885 V/AudioPolicyManagerBase(   88): getNewDevice() selected device 0
04-26 14:09:41.885 D/AudioPolicyManagerBase(   88): setOutputDevice() output 1 device 0 delayMs 290
04-26 14:09:41.885 V/AudioPolicyManagerBase(   88): setOutputDevice() setting same device 0 or null device for output 1
04-26 14:09:41.895 V/AudioPolicyManagerBase(   88): startOutput() output 1, stream 1, session 10
04-26 14:09:41.895 V/AudioPolicyManagerBase(   88): changeRefCount() stream 1, count 1
04-26 14:09:41.895 V/AudioPolicyManagerBase(   88): getDeviceForStrategy() from cache strategy 0, device 2
04-26 14:09:41.895 V/AudioPolicyManagerBase(   88): getNewDevice() selected device 2
04-26 14:09:41.895 D/AudioPolicyManagerBase(   88): setOutputDevice() output 1 device 2 delayMs 0
04-26 14:09:41.895 V/AudioPolicyManagerBase(   88): setOutputDevice() setting same device 2 or null device for output 1
04-26 14:09:41.895 E/AudioPolicyManagerBase(   88): checkAndSetVolume stream=1, index=15, output=1, device=2
04-26 14:09:41.895 E/AudioPolicyManagerBase(   88): computeVolume, streamDesc=0x1c66bb0
04-26 14:09:41.895 V/AudioPolicyManagerBase(   88): VOLUME vol index=[60 100 100], dB=[-11.0 0.0 0.0] ampl=1.00000
04-26 14:09:41.895 V/AudioPolicyManagerBase(   88): stopOutput() output 1, stream 1, session 10
04-26 14:09:41.895 V/AudioPolicyManagerBase(   88): changeRefCount() stream 1, count 0
04-26 14:09:41.895 V/AudioPolicyManagerBase(   88): getNewDevice() selected device 0
04-26 14:09:41.895 D/AudioPolicyManagerBase(   88): setOutputDevice() output 1 device 0 delayMs 290
04-26 14:09:41.895 V/AudioPolicyManagerBase(   88): setOutputDevice() setting same device 0 or null device for output 1
04-26 14:09:41.895 V/AudioPolicyManagerBase(   88): releaseOutput() 1
04-26 14:09:41.915 I/Gecko   (   83): 1398546581926	Marionette	INFO	sendToClient: {"from":"0","ok":true}, {4243c2d1-db98-496c-a4a5-1f3f90867290}, {4243c2d1-db98-496c-a4a5-1f3f90867290}
04-26 14:09:41.935 I/Gecko   (   83): 1398546581938	Marionette	DEBUG	Got request: switchToFrame, data: {"to":"0","sessionId":"3-b2g","name":"switchToFrame","parameters":{"id":null,"focus":true}}, id: {dcc651ce-a711-46d9-affc-9d036715efa9}
04-26 14:09:41.935 I/Gecko   (   83): 1398546581940	Marionette	INFO	Switched to frame: {"frameValue":null}
04-26 14:09:42.035 I/Gecko   (   83): 1398546582045	Marionette	INFO	sendToClient: {"from":"0","ok":true}, {dcc651ce-a711-46d9-affc-9d036715efa9}, {dcc651ce-a711-46d9-affc-9d036715efa9}
04-26 14:09:42.045 I/Gecko   (   83): 1398546582052	Marionette	DEBUG	Got request: executeWithCallback, data: {"to":"0","sessionId":"3-b2g","name":"executeAsyncScript","parameters":{"specialPowers":false,"scriptTimeout":30000,"newSandbox":true,"args":[],"filename":"app_checker.py","script":"GaiaApps.launchWithManifestURL('https://marketplace.firefox.com/app/e9441ee0-b258-43c8-bb3f-3aa2e394ae5d/manifest.webapp')","line":106}}, id: {f9cac36c-6d67-4095-a36e-417d20781689}
04-26 14:09:42.185 I/Gonk    (   83): Setting nice for pid 2423 to 18
04-26 14:09:42.185 I/Gonk    (   83): Changed nice for pid 2423 from 18 to 18.
04-26 14:09:42.185 I/Gecko   (   83): [Parent 83] WARNING: waitpid failed pid:2423 errno:10: file ../../../gecko/ipc/chromium/src/base/process_util_posix.cc, line 254
04-26 14:09:42.195 I/Gonk    (   83): Setting nice for pid 2423 to 1
04-26 14:09:42.195 I/Gonk    (   83): Changed nice for pid 2423 from 18 to 1.
04-26 14:09:42.225 E/GeckoConsole(   83): Content JS LOG at dummy file:334 in GaiaApps.launch: launching app with name 'Fire Weather'
04-26 14:09:42.535 D/Sensors (   83): activate handle=0; drv=0
04-26 14:09:42.545 D/Sensors (   83): Lis3dhSensor: Control set 1
04-26 14:09:42.545 D/Sensors (   83): Lis3dhSensor: mEnabled = 1
04-26 14:09:42.575 I/Gonk    (   83): Setting nice for pid 2400 to 18
04-26 14:09:42.585 I/Gonk    (   83): Changed nice for pid 2400 from 1 to 18.
04-26 14:09:43.345 I/Gecko   ( 2423): ###################################### forms.js loaded
04-26 14:09:43.365 I/Gecko   ( 2423): ############################### browserElementPanning.js loaded
04-26 14:09:43.395 I/Gecko   ( 2423): ######################## BrowserElementChildPreload.js loaded
04-26 14:09:44.065 E/GeckoConsole( 2423): [JavaScript Warning: "SyntaxError: Using //@ to indicate sourceMappingURL pragmas is deprecated. Use //# instead" {file: "app://{03075363-1d71-4c9d-9c64-eed221225931}/jquery.min.js" line: 1}]
04-26 14:09:44.585 E/GeckoConsole(   83): [JavaScript Warning: "Content Security Policy: Failed to parse unrecognized source app://"]
04-26 14:09:44.595 E/GeckoConsole( 2423): [JavaScript Error: "The character encoding of the HTML document was not declared. The document will render with garbled text in some browser configurations if the document contains characters from outside the US-ASCII range. The character encoding of the page must be declared in the document or in the transfer protocol." {file: "app://{03075363-1d71-4c9d-9c64-eed221225931}/ui1.html" line: 0}]
04-26 14:09:44.605 E/GeckoConsole(   83): [JavaScript Warning: "Content Security Policy: Failed to parse unrecognized source app://"]
04-26 14:09:44.605 E/GeckoConsole(   83): [JavaScript Error: "Content Security Policy: Can't use 'self' if self data is not provided"]
04-26 14:09:44.605 E/GeckoConsole(   83): [JavaScript Warning: "Content Security Policy: Failed to parse unrecognized source unsafe-inline"]
04-26 14:09:44.635 E/GeckoConsole( 2423): [JavaScript Warning: "Content Security Policy: The page's settings blocked the loading of a resource: An attempt to execute inline scripts has been blocked" {file: "app://{03075363-1d71-4c9d-9c64-eed221225931}/ui1.html" line: 0 column: 0 source: "onsubmit attribute on DIV element"}]
04-26 14:09:44.635 E/GeckoConsole( 2423): [JavaScript Warning: "Content Security Policy: The page's settings blocked the loading of a resource: An attempt to execute inline scripts has been blocked" {file: "app://{03075363-1d71-4c9d-9c64-eed221225931}/ui1.html" line: 0 column: 0 source: "onchange attribute on DIV element"}]
04-26 14:09:44.635 E/GeckoConsole( 2423): [JavaScript Warning: "Content Security Policy: The page's settings blocked the loading of a resource: An attempt to execute inline scripts has been blocked" {file: "app://{03075363-1d71-4c9d-9c64-eed221225931}/ui1.html" line: 0 column: 0 source: "onsubmit attribute on DIV element"}]
04-26 14:09:44.635 E/GeckoConsole( 2423): [JavaScript Warning: "Content Security Policy: The page's settings blocked the loading of a resource: An attempt to execute inline scripts has been blocked" {file: "app://{03075363-1d71-4c9d-9c64-eed221225931}/ui1.html" line: 0 column: 0 source: "onchange attribute on DIV element"}]
04-26 14:09:44.725 E/GeckoConsole( 2423): [JavaScript Warning: "Unknown property 'box-sizing'.  Declaration dropped." {file: "app://{03075363-1d71-4c9d-9c64-eed221225931}/ui1.html" line: 0 column: 10 source: "box-sizing:border-box;-moz-box-sizing:border-box;-webkit-box-sizing:border-box;padding:1px;border:1px;display:block;width:4px;margin-top:1%;position:absolute;top:1%;"}]
04-26 14:09:44.735 E/GeckoConsole( 2423): [JavaScript Warning: "Unknown property 'box-sizing'.  Declaration dropped." {file: "app://{03075363-1d71-4c9d-9c64-eed221225931}/ui1.html" line: 0 column: 52 source: "padding:0;margin:0;border:0;display:block;box-sizing:content-box;-moz-box-sizing:content-box;-webkit-box-sizing:content-box;"}]
04-26 14:09:44.745 E/GeckoConsole( 2423): [JavaScript Warning: "Unknown property 'box-sizing'.  Declaration dropped." {file: "app://{03075363-1d71-4c9d-9c64-eed221225931}/ui1.html" line: 0 column: 52 source: "padding:0;margin:0;border:0;display:block;box-sizing:content-box;-moz-box-sizing:content-box;-webkit-box-sizing:content-box;"}]
04-26 14:09:45.055 E/GeckoConsole(   83): Content JS LOG at dummy file:326 in GaiaApps.launch/appOpen/<: app with origin 'app://{03075363-1d71-4c9d-9c64-eed221225931}' has launched
04-26 14:09:45.055 I/Gecko   (   83): 1398546585067	Marionette	INFO	sendToClient: {"from":"0","value":{"frame":{"ELEMENT":"{16acb9cf-1de4-4290-ae24-046e9e034b6d}"},"src":"app://{03075363-1d71-4c9d-9c64-eed221225931}/ui1.html","name":"Fire Weather","origin":"app://{03075363-1d71-4c9d-9c64-eed221225931}"}}, {f9cac36c-6d67-4095-a36e-417d20781689}, {f9cac36c-6d67-4095-a36e-417d20781689}
04-26 14:09:45.155 I/Gecko   (   83): 1398546585159	Marionette	DEBUG	Got request: switchToFrame, data: {"to":"0","sessionId":"3-b2g","name":"switchToFrame","parameters":{"focus":true,"element":"{16acb9cf-1de4-4290-ae24-046e9e034b6d}"}}, id: {6fb9bdbb-9c91-4a77-bbe1-59c4eb79a140}
04-26 14:09:45.155 I/Gecko   (   83): 1398546585167	Marionette	INFO	Switched to frame: {"frameValue":"{16acb9cf-1de4-4290-ae24-046e9e034b6d}"}
04-26 14:09:45.165 I/Gecko   (   83): 1398546585169	Marionette	INFO	trying remote frame 0
04-26 14:09:45.165 I/Gecko   (   83): 1398546585171	Marionette	INFO	trying remote frame 1
04-26 14:09:45.165 I/Gecko   (   83): 1398546585172	Marionette	INFO	trying remote frame 2
04-26 14:09:45.165 I/Gecko   (   83): 1398546585172	Marionette	INFO	trying remote frame 3
04-26 14:09:45.175 I/Gecko   (   83): 1398546585178	Marionette	INFO	frame-manager load script: [object ChromeMessageSender]
04-26 14:09:45.265 I/Gecko   (   83): [Parent 83] WARNING: pipe error (99): Connection reset by peer: file ../../../gecko/ipc/chromium/src/chrome/common/ipc_channel_posix.cc, line 446
04-26 14:09:45.265 I/Gecko   (   83): 
04-26 14:09:45.265 I/Gecko   (   83): ###!!! [Parent][MessageChannel] Error: Channel error: cannot send/recv
04-26 14:09:45.265 I/Gecko   (   83): 
04-26 14:09:45.335 I/Gecko   (   83): [Parent 83] WARNING: waitpid failed pid:2400 errno:10: file ../../../gecko/ipc/chromium/src/base/process_util_posix.cc, line 254
04-26 14:09:45.875 I/Gecko   (   83): 1398546585878	Marionette	INFO	sendToClient: {"from":"0","ok":true}, {6fb9bdbb-9c91-4a77-bbe1-59c4eb79a140}, {6fb9bdbb-9c91-4a77-bbe1-59c4eb79a140}
04-26 14:09:45.925 I/Gecko   (   83): 1398546585929	Marionette	INFO	sendToClient: {"from":"0","value":"app://{03075363-1d71-4c9d-9c64-eed221225931}/ui1.html"}, {90328ed4-62c6-4c69-86b7-b3c9086b6211}, {90328ed4-62c6-4c69-86b7-b3c9086b6211}
04-26 14:09:45.925 I/Gecko   (   83): 1398546585935	Marionette	DEBUG	Got request: execute, data: {"to":"0","sessionId":"3-b2g","name":"executeScript","parameters":{"specialPowers":false,"scriptTimeout":null,"newSandbox":true,"args":[],"filename":"app_checker.py","script":"return window.document.readyState;","line":191}}, id: {b9cf6e58-4171-44b6-bc6f-9818d7cceda0}
04-26 14:09:45.955 I/Gecko   (   83): 1398546585959	Marionette	INFO	sendToClient: {"from":"0","value":"complete"}, {b9cf6e58-4171-44b6-bc6f-9818d7cceda0}, {b9cf6e58-4171-44b6-bc6f-9818d7cceda0}
04-26 14:09:45.965 I/Gecko   (   83): 1398546585969	Marionette	INFO	sendToClient: {"from":"0","value":"app://{03075363-1d71-4c9d-9c64-eed221225931}/ui1.html"}, {de20025f-4c5b-43de-b879-29eb6cbb1fe6}, {de20025f-4c5b-43de-b879-29eb6cbb1fe6}
04-26 14:09:45.985 I/Gecko   ( 2423): Attempting load of libEGL.so
04-26 14:09:46.015 W/WifiHW  (   83): wifi_command: SIGNAL_POLL
04-26 14:09:46.035 D/libEGL  ( 2423): loaded /system/lib/egl/libEGL_mali.so
04-26 14:09:46.085 D/libEGL  ( 2423): loaded /system/lib/egl/libGLESv1_CM_mali.so
04-26 14:09:46.105 D/libEGL  ( 2423): loaded /system/lib/egl/libGLESv2_mali.so
04-26 14:09:46.175 I/Gecko   ( 2423): SharedSurface_Gralloc::Create -------
04-26 14:09:46.205 I/Gecko   ( 2423): SharedSurface_Gralloc::Create: success -- surface 0x440a8640, GraphicBuffer 0x440bb980.
04-26 14:09:46.915 I/Gecko   (   83): 1398546586925	Marionette	INFO	sendToClient: {"from":"0","value":"iVBORw0KGgoAAAANSUhEUgAAAUAAAAHMCAYAAACk4nEJAAAIRUlEQVR4nO3dvWqU3RqAYc/Dn17QnMOEgIgHoEiYFApWGUGwNIPEysraxs5GeyERK0EkIwgRzeRk1q4++UC/vbc/O7PNfRVXP7BYN+t932E9Z86ePTsAis6s+gcArIoAAlkCCGQJIJAlgEDWvw3g2tramM1m48GDB2N3dxf4wzx48GBsb2+Py5cv/+M+39jYGPv7++Pg4GAsFos/2sHBwdjb2xvr6+u/FsC1tbUxn8/HbDYbW1tb4+bNm8AfZmtra8xmszGfz8elS5e+G7/FYjEODw/H0dHROD4+/qMdHR2Nw8PDsVgsxmQy+fkAzmazMZvNVr6AwK/b3t4e29vb3+zz/f39cXh4uPJw/W6fPn0ae3t7Px/A+Xw+ptPpyhcO+HXT6XTs7Ox8s88Xi8VYLpcrD9bvtlwux2Kx+PkA7u7urnzRgN9nd3f3uwFcdaz+VwQQ+EoABRCyBFAAIUsABRCyBFAAIWsVATw6Ohr3798fL1++PPGvzQIIfLWKAL5582Zcu3ZtTCaTsbm5OZ4/f35if7gWQOCrVT0CHx4ejqdPn47r16+PyWQybty4MZ49eza+fPkigMDJWPU7wOVyOV68eDHu3LkzJpPJuH37tgACJ2PVATw+Ph5v374dDx8+HBsbG2Nzc1MAgZOxygC+evVq3Lt3b6yvr48rV66MR48ejffv3wsgcDJWEcB3796NW7dujclkMq5evToeP348Pnz4cCLRFUDgq1UE8PPnz2M6nY4nT56Mjx8/nkj4BBD4xqoegVd124wAAl/9P3wEEUBgJQRQACFLAAUQsgTwBwK4s7PjSnw4JabT6ZjP598N4Gm9Ev/g4ODnA2goEpwehiL9YAD/PhbTSRD+TNPp9L8ei3kaToLL5fL3jMX8K4J3794d8/l85QOegR
04-26 14:09:47.125 I/Gecko   (   83): 1398546587134	Marionette	INFO	sendToClient: {"from":"0","ok":true}, {b5989457-f85f-43d4-87dd-789d8d9fff8e}, {b5989457-f85f-43d4-87dd-789d8d9fff8e}
04-26 14:09:47.245 I/Gecko   (   83): 1398546587253	Marionette	DEBUG	Got request: switchToFrame, data: {"to":"0","sessionId":"3-b2g","name":"switchToFrame","parameters":{"id":null,"focus":true}}, id: {0b67d3f9-3d3d-423f-8cc0-f314b5dc1dac}
04-26 14:09:47.285 I/Gecko   (   83): 1398546587292	Marionette	INFO	Switched to frame: {"frameValue":null}
04-26 14:09:47.335 I/Gecko   (   83): [Parent 83] WARNING: waitpid failed pid:2400 errno:10: file ../../../gecko/ipc/chromium/src/base/process_util_posix.cc, line 254
04-26 14:09:47.335 I/Gecko   (   83): [Parent 83] WARNING: Failed to deliver SIGKILL to 2400!(3).: file ../../../gecko/ipc/chromium/src/chrome/common/process_watcher_posix_sigchld.cc, line 118
04-26 14:09:47.365 I/Gonk    (   83): Setting nice for pid 2478 to 18
04-26 14:09:47.365 I/Gonk    (   83): Changed nice for pid 2478 from 0 to 18.
04-26 14:09:47.475 I/Gecko   (   83): 1398546587486	Marionette	INFO	sendToClient: {"from":"0","ok":true}, {0b67d3f9-3d3d-423f-8cc0-f314b5dc1dac}, {0b67d3f9-3d3d-423f-8cc0-f314b5dc1dac}
04-26 14:09:47.485 I/Gecko   (   83): 1398546587494	Marionette	DEBUG	Got request: executeWithCallback, data: {"to":"0","sessionId":"3-b2g","name":"executeAsyncScript","parameters":{"specialPowers":false,"scriptTimeout":null,"newSandbox":true,"args":[],"filename":"gaia_test.py","script":"return GaiaApps.displayedApp();","line":66}}, id: {48930d2a-9453-436e-bffd-b3c27b227600}
04-26 14:09:47.555 I/Gecko   (   83): 1398546587566	Marionette	INFO	sendToClient: {"from":"0","value":{"frame":{"ELEMENT":"{16acb9cf-1de4-4290-ae24-046e9e034b6d}"},"src":"app://{03075363-1d71-4c9d-9c64-eed221225931}/ui1.html","name":"Fire Weather","origin":"app://{03075363-1d71-4c9d-9c64-eed221225931}"}}, {48930d2a-9453-436e-bffd-b3c27b227600}, {48930d2a-9453-436e-bffd-b3c27b227600}
04-26 14:09:47.565 I/Gecko   (   83): 1398546587572	Marionette	DEBUG	Got request: switchToFrame, data: {"to":"0","sessionId":"3-b2g","name":"switchToFrame","parameters":{"id":null,"focus":true}}, id: {5ff37163-d361-410d-a06a-74dfd8920b1a}
04-26 14:09:47.565 I/Gecko   (   83): 1398546587574	Marionette	INFO	Switched to frame: {"frameValue":null}
04-26 14:09:47.565 E/GeckoConsole(   83): Content JS LOG at dummy file:392 in GaiaApps.displayedApp: app with origin 'app://{03075363-1d71-4c9d-9c64-eed221225931}' is displayed
04-26 14:09:47.785 I/Gecko   (   83): 1398546587789	Marionette	INFO	sendToClient: {"from":"0","ok":true}, {5ff37163-d361-410d-a06a-74dfd8920b1a}, {5ff37163-d361-410d-a06a-74dfd8920b1a}
04-26 14:09:47.785 I/Gecko   (   83): 1398546587797	Marionette	DEBUG	Got request: execute, data: {"to":"0","sessionId":"3-b2g","name":"executeScript","parameters":{"specialPowers":false,"scriptTimeout":null,"newSandbox":true,"args":[],"filename":"gaia_test.py","script":"window.wrappedJSObject.dispatchEvent(new Event('home'));","line":788}}, id: {bdffe5ff-7d70-4a99-be3b-d137e6a5fd81}
04-26 14:09:47.825 I/GeckoDump(   83): XXX FIXME : Got a mozContentEvent: permission-deny
04-26 14:09:47.875 I/Gonk    (   83): Setting nice for pid 2478 to 18
04-26 14:09:47.875 I/Gonk    (   83): Changed nice for pid 2478 from 18 to 18.
04-26 14:09:47.875 I/Gecko   (   83): [Parent 83] WARNING: waitpid failed pid:2478 errno:10: file ../../../gecko/ipc/chromium/src/base/process_util_posix.cc, line 254
04-26 14:09:47.875 I/Gonk    (   83): Setting nice for pid 2478 to 1
04-26 14:09:47.875 I/Gonk    (   83): Changed nice for pid 2478 from 18 to 1.
04-26 14:09:47.895 D/Sensors (   83): activate handle=0; drv=0
04-26 14:09:47.895 D/Sensors (   83): Lis3dhSensor: Control set 0
04-26 14:09:47.895 D/Sensors (   83): Lis3dhSensor: mEnabled = 0
04-26 14:09:47.965 I/Gecko   (   83): 1398546587969	Marionette	INFO	sendToClient: {"from":"0","value":null}, {bdffe5ff-7d70-4a99-be3b-d137e6a5fd81}, {bdffe5ff-7d70-4a99-be3b-d137e6a5fd81}
04-26 14:09:48.005 I/Gecko   (   83): 1398546588013	Marionette	DEBUG	Got request: switchToFrame, data: {"to":"0","sessionId":"3-b2g","name":"switchToFrame","parameters":{"id":null,"focus":true}}, id: {f2cb3ebb-31f4-4e73-9331-77d372985214}
04-26 14:09:48.005 I/Gecko   (   83): 1398546588017	Marionette	INFO	Switched to frame: {"frameValue":null}
04-26 14:09:48.115 I/Gecko   (   83): 1398546588121	Marionette	INFO	sendToClient: {"from":"0","ok":true}, {f2cb3ebb-31f4-4e73-9331-77d372985214}, {f2cb3ebb-31f4-4e73-9331-77d372985214}
04-26 14:09:48.125 I/Gecko   (   83): 1398546588129	Marionette	DEBUG	Got request: executeWithCallback, data: {"to":"0","sessionId":"3-b2g","name":"executeAsyncScript","parameters":{"specialPowers":false,"scriptTimeout":null,"newSandbox":true,"args":[],"filename":"gaia_test.py","script":"return GaiaApps.displayedApp();","line":66}}, id: {da7a19b8-85ad-4651-b933-a4ecd5f80906}
04-26 14:09:48.245 E/GeckoConsole(   83): Content JS LOG at dummy file:392 in GaiaApps.displayedApp: app with origin 'app://homescreen.gaiamobile.org' is displayed
04-26 14:09:48.245 I/Gecko   (   83): 1398546588250	Marionette	INFO	sendToClient: {"from":"0","value":{"frame":{"ELEMENT":"{38d42153-9978-46b9-8c26-a65ab76fe3c1}"},"src":"app://homescreen.gaiamobile.org/index.html#root","name":"Homescreen","origin":"app://homescreen.gaiamobile.org"}}, {da7a19b8-85ad-4651-b933-a4ecd5f80906}, {da7a19b8-85ad-4651-b933-a4ecd5f80906}
04-26 14:09:48.255 I/Gecko   (   83): 1398546588257	Marionette	DEBUG	Got request: switchToFrame, data: {"to":"0","sessionId":"3-b2g","name":"switchToFrame","parameters":{"id":null,"focus":true}}, id: {06a3931d-7ef1-4157-b7a9-e60314b43f70}
04-26 14:09:48.255 I/Gecko   (   83): 1398546588259	Marionette	INFO	Switched to frame: {"frameValue":null}
04-26 14:09:48.355 I/Gecko   (   83): 1398546588366	Marionette	INFO	sendToClient: {"from":"0","ok":true}, {06a3931d-7ef1-4157-b7a9-e60314b43f70}, {06a3931d-7ef1-4157-b7a9-e60314b43f70}
04-26 14:09:48.365 I/Gecko   (   83): 1398546588373	Marionette	DEBUG	Got request: switchToFrame, data: {"to":"0","sessionId":"3-b2g","name":"switchToFrame","parameters":{"id":null,"focus":true}}, id: {924f0b71-6960-4543-ad83-a12ebd13d102}
04-26 14:09:48.365 I/Gecko   (   83): 1398546588375	Marionette	INFO	Switched to frame: {"frameValue":null}
04-26 14:09:48.475 I/Gecko   (   83): 1398546588479	Marionette	INFO	sendToClient: {"from":"0","ok":true}, {924f0b71-6960-4543-ad83-a12ebd13d102}, {924f0b71-6960-4543-ad83-a12ebd13d102}
04-26 14:09:48.475 I/Gecko   (   83): 1398546588486	Marionette	DEBUG	Got request: executeWithCallback, data: {"to":"0","sessionId":"3-b2g","name":"executeAsyncScript","parameters":{"specialPowers":false,"scriptTimeout":null,"newSandbox":true,"args":[],"filename":"gaia_test.py","script":"return GaiaApps.displayedApp();","line":66}}, id: {250ed555-d324-4f54-af1c-509cf7e9095d}
04-26 14:09:48.525 I/Gecko   (   83): 1398546588536	Marionette	INFO	sendToClient: {"from":"0","value":{"frame":{"ELEMENT":"{38d42153-9978-46b9-8c26-a65ab76fe3c1}"},"src":"app://homescreen.gaiamobile.org/index.html#root","name":"Homescreen","origin":"app://homescreen.gaiamobile.org"}}, {250ed555-d324-4f54-af1c-509cf7e9095d}, {250ed555-d324-4f54-af1c-509cf7e9095d}
04-26 14:09:48.535 E/GeckoConsole(   83): Content JS LOG at dummy file:392 in GaiaApps.displayedApp: app with origin 'app://homescreen.gaiamobile.org' is displayed
04-26 14:09:48.555 I/Gecko   (   83): 1398546588558	Marionette	DEBUG	Got request: switchToFrame, data: {"to":"0","sessionId":"3-b2g","name":"switchToFrame","parameters":{"focus":true,"element":"{38d42153-9978-46b9-8c26-a65ab76fe3c1}"}}, id: {95c66ce0-a8c3-47c4-8f81-91422a0817bb}
04-26 14:09:48.565 I/Gecko   (   83): 1398546588570	Marionette	INFO	Switched to frame: {"frameValue":"{38d42153-9978-46b9-8c26-a65ab76fe3c1}"}
04-26 14:09:48.565 I/Gecko   (   83): 1398546588573	Marionette	INFO	trying remote frame 0
04-26 14:09:48.575 I/Gecko   (   83): 1398546588580	Marionette	INFO	trying remote frame 1
04-26 14:09:48.575 I/Gecko   (   83): 1398546588581	Marionette	INFO	trying remote frame 2
04-26 14:09:48.575 I/Gecko   (   83): 1398546588582	Marionette	INFO	deleting frame
04-26 14:09:48.575 I/Gecko   (   83): 1398546588582	Marionette	INFO	trying remote frame 3
04-26 14:09:48.595 I/Gecko   (   83): 1398546588599	Marionette	INFO	frame-manager load script: [object ChromeMessageSender]
04-26 14:09:50.145 I/Gecko   ( 2478): ###################################### forms.js loaded
04-26 14:09:50.365 I/Gecko   ( 2478): ############################### browserElementPanning.js loaded
04-26 14:09:50.415 I/Gecko   ( 2478): ######################## BrowserElementChildPreload.js loaded
04-26 14:09:50.915 I/Gonk    (   83): Setting nice for pid 2423 to 18
04-26 14:09:50.915 I/Gonk    (   83): Changed nice for pid 2423 from 1 to 18.
04-26 14:09:51.035 I/log     ( 2491): <4>0[ 723.551974] lowmem_shrink select 2423 (Fire Weather), adj 10, size 6868, to kill 
04-26 14:09:51.125 W/WifiHW  (   83): wifi_command: SIGNAL_POLL
04-26 14:09:51.725 I/Gecko   (   83): 1398546591730	Marionette	INFO	sendToClient: {"from":"0","ok":true}, {95c66ce0-a8c3-47c4-8f81-91422a0817bb}, {95c66ce0-a8c3-47c4-8f81-91422a0817bb}
04-26 14:09:51.805 I/Gecko   (   83): [Parent 83] WARNING: pipe error (153): Connection reset by peer: file ../../../gecko/ipc/chromium/src/chrome/common/ipc_channel_posix.cc, line 446
04-26 14:09:51.805 I/Gecko   (   83): 
04-26 14:09:51.805 I/Gecko   (   83): ###!!! [Parent][MessageChannel] Error: Channel error: cannot send/recv
04-26 14:09:51.805 I/Gecko   (   83): 
04-26 14:09:51.885 I/Gecko   (   83): [Parent 83] WARNING: waitpid failed pid:2423 errno:10: file ../../../gecko/ipc/chromium/src/base/process_util_posix.cc, line 254
04-26 14:09:52.015 I/Gecko   (   83): 1398546592021	Marionette	INFO	sendToClient: {"from":"0","value":"app://homescreen.gaiamobile.org/index.html#root"}, {d3251fc8-4a69-4c9b-b9ba-2f08ada7c4dc}, {d3251fc8-4a69-4c9b-b9ba-2f08ada7c4dc}
04-26 14:09:52.025 I/Gecko   (   83): 1398546592028	Marionette	DEBUG	Got request: switchToFrame, data: {"to":"0","sessionId":"3-b2g","name":"switchToFrame","parameters":{"id":null,"focus":true}}, id: {c258168e-9aa2-4e23-be79-5e7543271925}
04-26 14:09:52.035 I/Gecko   (   83): 1398546592041	Marionette	INFO	Switched to frame: {"frameValue":null}
04-26 14:09:52.135 I/Gecko   (   83): 1398546592146	Marionette	INFO	sendToClient: {"from":"0","ok":true}, {c258168e-9aa2-4e23-be79-5e7543271925}, {c258168e-9aa2-4e23-be79-5e7543271925}
04-26 14:09:52.145 I/Gecko   (   83): 1398546592152	Marionette	DEBUG	Got request: switchToFrame, data: {"to":"0","sessionId":"3-b2g","name":"switchToFrame","parameters":{"id":null,"focus":true}}, id: {b87fb2b0-b565-49f7-84d0-8859c916e34a}
04-26 14:09:52.145 I/Gecko   (   83): 1398546592154	Marionette	INFO	Switched to frame: {"frameValue":null}
04-26 14:09:52.245 I/Gecko   (   83): 1398546592257	Marionette	INFO	sendToClient: {"from":"0","ok":true}, {b87fb2b0-b565-49f7-84d0-8859c916e34a}, {b87fb2b0-b565-49f7-84d0-8859c916e34a}
04-26 14:09:52.255 I/Gecko   (   83): 1398546592264	Marionette	DEBUG	Got request: executeWithCallback, data: {"to":"0","sessionId":"3-b2g","name":"executeAsyncScript","parameters":{"specialPowers":false,"scriptTimeout":null,"newSandbox":true,"args":[],"filename":"gaia_test.py","script":"GaiaApps.killAll()","line":91}}, id: {296eb708-e71e-40ff-8014-7bc4cc9d1f69}
04-26 14:09:52.325 I/Gecko   (   83): 1398546592329	Marionette	INFO	sendToClient: {"from":"0","value":true}, {296eb708-e71e-40ff-8014-7bc4cc9d1f69}, {296eb708-e71e-40ff-8014-7bc4cc9d1f69}
04-26 14:09:52.325 I/Gecko   (   83): 1398546592335	Marionette	DEBUG	Got request: switchToFrame, data: {"to":"0","sessionId":"3-b2g","name":"switchToFrame","parameters":{"id":null,"focus":true}}, id: {ad476983-f025-4bae-8564-0f35abe0c074}
04-26 14:09:52.325 I/Gecko   (   83): 1398546592337	Marionette	INFO	Switched to frame: {"frameValue":null}
04-26 14:09:52.455 I/Gecko   (   83): 1398546592458	Marionette	INFO	sendToClient: {"from":"0","ok":true}, {ad476983-f025-4bae-8564-0f35abe0c074}, {ad476983-f025-4bae-8564-0f35abe0c074}
04-26 14:09:52.465 I/Gecko   (   83): 1398546592473	Marionette	DEBUG	Got request: executeWithCallback, data: {"to":"0","sessionId":"3-b2g","name":"executeAsyncScript","parameters":{"specialPowers":false,"scriptTimeout":60000,"newSandbox":true,"args":[],"filename":"app_checker.py","script":"\n        GaiaApps.locateWithManifestURL('https://marketplace.firefox.com/app/e9441ee0-b258-43c8-bb3f-3aa2e394ae5d/manifest.webapp',\n                                       null,\n                                       function uninstall(app) {\n                                       navigator.mozApps.mgmt.uninstall(app);\n                                       marionetteScriptFinished(true);\n                                       });\n        ","line":129}}, id: {6f7bb0ae-138c-4b16-9c8b-b8cee78ccda0}
04-26 14:09:52.515 I/Gecko   (   83): -- webapps.js uninstall https://marketplace.firefox.com/app/e9441ee0-b258-43c8-bb3f-3aa2e394ae5d/manifest.webapp
04-26 14:09:52.965 I/Gecko   (   83): 1398546592968	Marionette	INFO	sendToClient: {"from":"0","value":true}, {6f7bb0ae-138c-4b16-9c8b-b8cee78ccda0}, {6f7bb0ae-138c-4b16-9c8b-b8cee78ccda0}
04-26 14:09:53.305 I/Gonk    (   83): Setting nice for pid 2497 to 18
04-26 14:09:53.305 I/Gonk    (   83): Changed nice for pid 2497 from 0 to 18.