04-26 20:35:31.608 E/GeckoConsole( 2000): Content JS LOG at app://{fb071ab9-320e-465a-ac7e-8f65098ebd0f}/assets/js/main.js:36 in $.mobile.appL.init/<: tic
04-26 20:35:31.608 E/GeckoConsole( 2000): Content JS LOG at app://{fb071ab9-320e-465a-ac7e-8f65098ebd0f}/assets/js/main.js:43 in $.mobile.appL.init/<: 
04-26 20:35:31.608 E/GeckoConsole( 2000): Content JS LOG at app://{fb071ab9-320e-465a-ac7e-8f65098ebd0f}/assets/js/main.js:204 in checkData/<: pass1
04-26 20:35:32.748 W/WifiHW  (   83): wifi_command: SIGNAL_POLL
04-26 20:35:33.078 I/Gecko   (   83): [Parent 83] WARNING: waitpid failed pid:1927 errno:10: file ../../../gecko/ipc/chromium/src/base/process_util_posix.cc, line 254
04-26 20:35:33.078 I/Gecko   (   83): [Parent 83] WARNING: Failed to deliver SIGKILL to 1927!(3).: file ../../../gecko/ipc/chromium/src/chrome/common/process_watcher_posix_sigchld.cc, line 118
04-26 20:35:33.628 E/GeckoConsole( 2000): [JavaScript Error: "Load denied by X-Frame-Options: https://m.facebook.com/aguilasdoradasitagui?id=277646506601&fref=ts&refsrc=https%3A%2F%2Fwww.facebook.com%2Faguilasdoradasitagui&_rdr does not permit framing."]
04-26 20:35:34.488 E/GeckoConsole( 2000): Security Error: Content at http://m.youtube.com/#/user/AguilasDoradas0/videos may not load data from app://{fb071ab9-320e-465a-ac7e-8f65098ebd0f}/home.html.
04-26 20:35:34.488 E/GeckoConsole( 2000): [JavaScript Error: "Load denied by X-Frame-Options: http://m.youtube.com/#/user/AguilasDoradas0/videos does not permit cross-origin framing."]
04-26 20:35:39.578 E/GeckoConsole( 2000): [JavaScript Warning: "Unknown property '-moz-opacity'.  Declaration dropped." {file: "http://www.aguilasdoradasitagui.com/" line: 0 column: 44 source: "opacity:.55;-webkit-opacity:.55;-moz-opacity:.55;-o-opacity:.55;-ms-opacity:.55;"}]
04-26 20:35:39.578 E/GeckoConsole( 2000): [JavaScript Warning: "Error in parsing value for 'background-image'.  Declaration dropped." {file: "http://www.aguilasdoradasitagui.com/" line: 0 column: 17 source: "background-image:-webkit-gradient(linear,left top,right bottom,from(#9f9),to(white));background-image:linear-gradient(left top,#9f9, white);background-image:-webkit-linear-gradient(left top,#9f9, white);background-image:-moz-linear-gradient(left top,#9f9, white);background-image:-o-linear-gradient(left top,#9f9, white);background-image:-ms-linear-gradient(left top,#9f9, white);"}]
04-26 20:35:39.608 E/GeckoConsole( 2000): [JavaScript Warning: "Expected color but found 'left'.  Error in parsing value for 'background-image'.  Declaration dropped." {file: "http://www.aguilasdoradasitagui.com/" line: 0 column: 118 source: "background-image:-webkit-gradient(linear,left top,right bottom,from(#9f9),to(white));background-image:linear-gradient(left top,#9f9, white);background-image:-webkit-linear-gradient(left top,#9f9, white);background-image:-moz-linear-gradient(left top,#9f9, white);background-image:-o-linear-gradient(left top,#9f9, white);background-image:-ms-linear-gradient(left top,#9f9, white);"}]
04-26 20:35:39.618 E/GeckoConsole( 2000): [JavaScript Warning: "Error in parsing value for 'background-image'.  Declaration dropped." {file: "http://www.aguilasdoradasitagui.com/" line: 0 column: 157 source: "background-image:-webkit-gradient(linear,left top,right bottom,from(#9f9),to(white));background-image:linear-gradient(left top,#9f9, white);background-image:-webkit-linear-gradient(left top,#9f9, white);background-image:-moz-linear-gradient(left top,#9f9, white);background-image:-o-linear-gradient(left top,#9f9, white);background-image:-ms-linear-gradient(left top,#9f9, white);"}]
04-26 20:35:39.618 E/GeckoConsole( 2000): [JavaScript Warning: "Error in parsing value for 'background-image'.  Declaration dropped." {file: "http://www.aguilasdoradasitagui.com/" line: 0 column: 280 source: "background-image:-webkit-gradient(linear,left top,right bottom,from(#9f9),to(white));background-image:linear-gradient(left top,#9f9, white);background-image:-webkit-linear-gradient(left top,#9f9, white);background-image:-moz-linear-gradient(left top,#9f9, white);background-image:-o-linear-gradient(left top,#9f9, white);background-image:-ms-linear-gradient(left top,#9f9, white);"}]
04-26 20:35:39.618 E/GeckoConsole( 2000): [JavaScript Warning: "Error in parsing value for 'background-image'.  Declaration dropped." {file: "http://www.aguilasdoradasitagui.com/" line: 0 column: 338 source: "background-image:-webkit-gradient(linear,left top,right bottom,from(#9f9),to(white));background-image:linear-gradient(left top,#9f9, white);background-image:-webkit-linear-gradient(left top,#9f9, white);background-image:-moz-linear-gradient(left top,#9f9, white);background-image:-o-linear-gradient(left top,#9f9, white);background-image:-ms-linear-gradient(left top,#9f9, white);"}]
04-26 20:35:40.718 I/GonkMemoryPressure(   83): Checking to see if memory pressure is over.
04-26 20:35:40.718 I/GonkMemoryPressure( 2000): Checking to see if memory pressure is over.
04-26 20:35:40.718 I/GonkMemoryPressure( 2000): Memory pressure is over.
04-26 20:35:40.718 I/GonkMemoryPressure(   83): Memory pressure is over.
04-26 20:35:41.328 I/GonkMemoryPressure( 2025): Checking to see if memory pressure is over.
04-26 20:35:41.468 I/GonkMemoryPressure( 2025): Memory pressure is over.
04-26 20:35:41.888 W/WifiHW  (   83): wifi_command: SIGNAL_POLL
04-26 20:35:43.578 E/GeckoConsole( 2000): [JavaScript Warning: "Expected 'none' or URL but found 'alpha('.  Error in parsing value for 'filter'.  Declaration dropped." {file: "http://www.aguilasdoradasitagui.com/" line: 0 column: 7 source: "filter:alpha(opacity=0.9);"}]
04-26 20:35:43.608 E/GeckoConsole( 2000): [JavaScript Warning: "Unknown property '-moz-border-radius-topright'.  Declaration dropped." {file: "http://www.aguilasdoradasitagui.com/" line: 0 column: 27 source: "-moz-border-radius-topright:0.3em;"}]
04-26 20:35:45.668 I/Gecko   (   83): 
04-26 20:35:45.668 I/Gecko   (   83): ###!!! [Parent][OnMaybeDequeueOne] Error: Channel error: cannot send/recv
04-26 20:35:45.668 I/Gecko   (   83): 
04-26 20:35:45.668 I/Gecko   (   83): 
04-26 20:35:45.668 I/Gecko   (   83): ###!!! [Parent][OnMaybeDequeueOne] Error: Channel error: cannot send/recv
04-26 20:35:45.668 I/Gecko   (   83): 
04-26 20:35:45.668 I/Gecko   (   83): 
04-26 20:35:45.668 I/Gecko   (   83): ###!!! [Parent][OnMaybeDequeueOne] Error: Channel error: cannot send/recv
04-26 20:35:45.668 I/Gecko   (   83): 
04-26 20:35:45.668 I/Gecko   (   83): 
04-26 20:35:45.668 I/Gecko   (   83): ###!!! [Parent][OnMaybeDequeueOne] Error: Channel error: cannot send/recv
04-26 20:35:45.668 I/Gecko   (   83): 
04-26 20:35:45.668 I/Gecko   (   83): 
04-26 20:35:45.668 I/Gecko   (   83): ###!!! [Parent][OnMaybeDequeueOne] Error: Channel error: cannot send/recv
04-26 20:35:45.668 I/Gecko   (   83): 
04-26 20:35:45.668 I/Gecko   (   83): 
04-26 20:35:45.668 I/Gecko   (   83): ###!!! [Parent][OnMaybeDequeueOne] Error: Channel error: cannot send/recv
04-26 20:35:45.668 I/Gecko   (   83): 
04-26 20:35:45.678 I/Gecko   (   83): 
04-26 20:35:45.678 I/Gecko   (   83): ###!!! [Parent][MessageChannel] Error: Channel error: cannot send/recv
04-26 20:35:45.678 I/Gecko   (   83): 
04-26 20:35:45.748 I/Gonk    (   83): Setting nice for pid 2025 to 18
04-26 20:35:45.748 I/Gonk    (   83): Changed nice for pid 2025 from 18 to 18.
04-26 20:35:45.748 I/Gecko   (   83): [Parent 83] WARNING: waitpid failed pid:2025 errno:10: file ../../../gecko/ipc/chromium/src/base/process_util_posix.cc, line 254
04-26 20:35:45.748 I/Gonk    (   83): Setting nice for pid 2025 to 1
04-26 20:35:45.758 I/Gonk    (   83): Changed nice for pid 2025 from 18 to 1.
04-26 20:35:45.778 D/Sensors (   83): activate handle=0; drv=0
04-26 20:35:45.778 D/Sensors (   83): Lis3dhSensor: Control set 0
04-26 20:35:45.778 D/Sensors (   83): Lis3dhSensor: mEnabled = 0
04-26 20:35:45.878 I/Gecko   (   83): [Parent 83] WARNING: waitpid failed pid:2000 errno:10: file ../../../gecko/ipc/chromium/src/base/process_util_posix.cc, line 254
04-26 20:35:46.508 I/Gecko   ( 2025): ###################################### forms.js loaded
04-26 20:35:46.528 I/Gecko   ( 2025): ############################### browserElementPanning.js loaded
04-26 20:35:46.548 I/Gecko   ( 2025): ######################## BrowserElementChildPreload.js loaded
04-26 20:35:46.928 W/WifiHW  (   83): wifi_command: SIGNAL_POLL
04-26 20:35:47.038 I/GonkMemoryPressure( 2025): Checking to see if memory pressure is over.
04-26 20:35:47.038 I/GonkMemoryPressure( 2025): Memory pressure is over.
04-26 20:35:47.878 I/Gecko   (   83): [Parent 83] WARNING: waitpid failed pid:2000 errno:10: file ../../../gecko/ipc/chromium/src/base/process_util_posix.cc, line 254
04-26 20:35:47.878 I/Gecko   (   83): [Parent 83] WARNING: Failed to deliver SIGKILL to 2000!(3).: file ../../../gecko/ipc/chromium/src/chrome/common/process_watcher_posix_sigchld.cc, line 118
04-26 20:35:49.788 I/GonkMemoryPressure(   83): Checking to see if memory pressure is over.
04-26 20:35:49.788 I/GonkMemoryPressure(   83): Memory pressure is over.
04-26 20:35:50.768 E/GeckoConsole( 2025): Content JS WARN at app://homescreen.gaiamobile.org/gaia_build_defer_index.js:184 in isHiddenApp: Unexpected role when checking hidden app: undefined
04-26 20:35:50.788 E/GeckoConsole( 2025): Content JS WARN at app://homescreen.gaiamobile.org/gaia_build_defer_index.js:184 in isHiddenApp: Unexpected role when checking hidden app: undefined
04-26 20:35:50.788 E/GeckoConsole( 2025): Content JS WARN at app://homescreen.gaiamobile.org/gaia_build_defer_index.js:184 in isHiddenApp: Unexpected role when checking hidden app: undefined
04-26 20:35:50.788 E/GeckoConsole( 2025): Content JS WARN at app://homescreen.gaiamobile.org/gaia_build_defer_index.js:184 in isHiddenApp: Unexpected role when checking hidden app: undefined
04-26 20:35:50.788 E/GeckoConsole( 2025): Content JS WARN at app://homescreen.gaiamobile.org/gaia_build_defer_index.js:184 in isHiddenApp: Unexpected role when checking hidden app: undefined
04-26 20:35:50.788 E/GeckoConsole( 2025): Content JS WARN at app://homescreen.gaiamobile.org/gaia_build_defer_index.js:184 in isHiddenApp: Unexpected role when checking hidden app: undefined
04-26 20:35:50.788 E/GeckoConsole( 2025): Content JS WARN at app://homescreen.gaiamobile.org/gaia_build_defer_index.js:184 in isHiddenApp: Unexpected role when checking hidden app: undefined
04-26 20:35:50.788 E/GeckoConsole( 2025): Content JS WARN at app://homescreen.gaiamobile.org/gaia_build_defer_index.js:184 in isHiddenApp: Unexpected role when checking hidden app: undefined
04-26 20:35:50.788 E/GeckoConsole( 2025): Content JS WARN at app://homescreen.gaiamobile.org/gaia_build_defer_index.js:184 in isHiddenApp: Unexpected role when checking hidden app: undefined
04-26 20:35:50.788 E/GeckoConsole( 2025): Content JS WARN at app://homescreen.gaiamobile.org/gaia_build_defer_index.js:184 in isHiddenApp: Unexpected role when checking hidden app: undefined
04-26 20:35:50.788 E/GeckoConsole( 2025): Content JS WARN at app://homescreen.gaiamobile.org/gaia_build_defer_index.js:184 in isHiddenApp: Unexpected role when checking hidden app: undefined
04-26 20:35:50.788 E/GeckoConsole( 2025): Content JS WARN at app://homescreen.gaiamobile.org/gaia_build_defer_index.js:184 in isHiddenApp: Unexpected role when checking hidden app: undefined
04-26 20:35:50.788 E/GeckoConsole( 2025): Content JS WARN at app://homescreen.gaiamobile.org/gaia_build_defer_index.js:184 in isHiddenApp: Unexpected role when checking hidden app: undefined
04-26 20:35:50.788 E/GeckoConsole( 2025): Content JS WARN at app://homescreen.gaiamobile.org/gaia_build_defer_index.js:184 in isHiddenApp: Unexpected role when checking hidden app: undefined
04-26 20:35:50.798 E/GeckoConsole( 2025): Content JS WARN at app://homescreen.gaiamobile.org/gaia_build_defer_index.js:184 in isHiddenApp: Unexpected role when checking hidden app: undefined
04-26 20:35:50.798 E/GeckoConsole( 2025): Content JS WARN at app://homescreen.gaiamobile.org/gaia_build_defer_index.js:184 in isHiddenApp: Unexpected role when checking hidden app: undefined
04-26 20:35:50.798 E/GeckoConsole( 2025): Content JS WARN at app://homescreen.gaiamobile.org/gaia_build_defer_index.js:184 in isHiddenApp: Unexpected role when checking hidden app: undefined
04-26 20:35:50.798 E/GeckoConsole( 2025): Content JS WARN at app://homescreen.gaiamobile.org/gaia_build_defer_index.js:184 in isHiddenApp: Unexpected role when checking hidden app: undefined
04-26 20:35:50.818 E/GeckoConsole( 2025): Content JS WARN at app://homescreen.gaiamobile.org/gaia_build_defer_index.js:184 in isHiddenApp: Unexpected role when checking hidden app: undefined
04-26 20:35:50.818 E/GeckoConsole( 2025): Content JS WARN at app://homescreen.gaiamobile.org/gaia_build_defer_index.js:184 in isHiddenApp: Unexpected role when checking hidden app: undefined
04-26 20:35:50.818 E/GeckoConsole( 2025): Content JS WARN at app://homescreen.gaiamobile.org/gaia_build_defer_index.js:184 in isHiddenApp: Unexpected role when checking hidden app: undefined
04-26 20:35:50.818 E/GeckoConsole( 2025): Content JS WARN at app://homescreen.gaiamobile.org/gaia_build_defer_index.js:184 in isHiddenApp: Unexpected role when checking hidden app: undefined
04-26 20:35:50.838 E/GeckoConsole( 2025): Content JS WARN at app://homescreen.gaiamobile.org/gaia_build_defer_index.js:184 in isHiddenApp: Unexpected role when checking hidden app: undefined
04-26 20:35:50.838 E/GeckoConsole( 2025): Content JS WARN at app://homescreen.gaiamobile.org/gaia_build_defer_index.js:184 in isHiddenApp: Unexpected role when checking hidden app: undefined
04-26 20:35:50.838 E/GeckoConsole( 2025): Content JS WARN at app://homescreen.gaiamobile.org/gaia_build_defer_index.js:184 in isHiddenApp: Unexpected role when checking hidden app: undefined
04-26 20:35:50.838 E/GeckoConsole( 2025): Content JS WARN at app://homescreen.gaiamobile.org/gaia_build_defer_index.js:184 in isHiddenApp: Unexpected role when checking hidden app: undefined
04-26 20:35:50.838 E/GeckoConsole( 2025): Content JS WARN at app://homescreen.gaiamobile.org/gaia_build_defer_index.js:184 in isHiddenApp: Unexpected role when checking hidden app: undefined
04-26 20:35:50.858 E/GeckoConsole( 2025): Content JS WARN at app://homescreen.gaiamobile.org/gaia_build_defer_index.js:184 in isHiddenApp: Unexpected role when checking hidden app: undefined
04-26 20:35:50.868 E/GeckoConsole( 2025): Content JS WARN at app://homescreen.gaiamobile.org/gaia_build_defer_index.js:184 in isHiddenApp: Unexpected role when checking hidden app: undefined
04-26 20:35:50.868 E/GeckoConsole( 2025): Content JS WARN at app://homescreen.gaiamobile.org/gaia_build_defer_index.js:184 in isHiddenApp: Unexpected role when checking hidden app: undefined
04-26 20:35:50.908 I/Gonk    (   83): Setting nice for pid 2091 to 18
04-26 20:35:50.908 I/Gonk    (   83): Changed nice for pid 2091 from 0 to 18.
04-26 20:35:51.948 W/WifiHW  (   83): wifi_command: SIGNAL_POLL
04-26 20:35:52.288 I/Gecko   ( 2091): ###################################### forms.js loaded
04-26 20:35:52.318 I/Gecko   ( 2091): ############################### browserElementPanning.js loaded
04-26 20:35:52.328 I/Gecko   ( 2091): ######################## BrowserElementChildPreload.js loaded
04-26 20:35:54.478 I/Gecko   (   83): 1398569754480	Marionette	INFO	sendToClient: {"from":"0","error":{"message":"timed out","status":28,"stacktrace":null}}, {8cb26589-6ac3-4eb3-b6d6-8558e6a43d20}, {8cb26589-6ac3-4eb3-b6d6-8558e6a43d20}
04-26 20:35:54.488 I/Gecko   (   83): 1398569754496	Marionette	DEBUG	Got request: switchToFrame, data: {"to":"0","sessionId":"3-b2g","name":"switchToFrame","parameters":{"id":null,"focus":true}}, id: {96ac4713-c90d-41ba-8142-3f3867788323}
04-26 20:35:54.498 I/Gecko   (   83): 1398569754502	Marionette	INFO	Switched to frame: {"frameValue":null}
04-26 20:35:54.608 I/Gecko   (   83): 1398569754614	Marionette	INFO	sendToClient: {"from":"0","ok":true}, {96ac4713-c90d-41ba-8142-3f3867788323}, {96ac4713-c90d-41ba-8142-3f3867788323}
04-26 20:35:54.618 I/Gecko   (   83): 1398569754622	Marionette	DEBUG	Got request: executeWithCallback, data: {"to":"0","sessionId":"3-b2g","name":"executeAsyncScript","parameters":{"specialPowers":false,"scriptTimeout":60000,"newSandbox":true,"args":[],"filename":"app_checker.py","script":"\n        GaiaApps.locateWithManifestURL('https://marketplace.firefox.com/app/73c55822-4165-48f6-bdbd-0bbc16bbd2b0/manifest.webapp',\n                                       null,\n                                       function uninstall(app) {\n                                       navigator.mozApps.mgmt.uninstall(app);\n                                       marionetteScriptFinished(true);\n                                       });\n        ","line":129}}, id: {088d936a-f081-406b-8c93-76dd86f6901b}
04-26 20:35:54.668 I/Gecko   (   83): -- webapps.js uninstall https://marketplace.firefox.com/app/73c55822-4165-48f6-bdbd-0bbc16bbd2b0/manifest.webapp
04-26 20:35:55.088 I/Gecko   (   83): 1398569755092	Marionette	INFO	sendToClient: {"from":"0","value":true}, {088d936a-f081-406b-8c93-76dd86f6901b}, {088d936a-f081-406b-8c93-76dd86f6901b}