--------- beginning of /dev/log/main
04-26 11:41:23.203 I/Gecko   (   83): 1398537683219	Marionette	INFO	sendToClient: {"from":"0","ok":true}, {346528e3-d55e-4be6-a846-d3d1db81b713}, {346528e3-d55e-4be6-a846-d3d1db81b713}
04-26 11:41:23.233 W/WifiHW  (   83): wifi_command: SIGNAL_POLL
04-26 11:41:23.273 I/Gecko   (   83): 1398537683291	Marionette	DEBUG	Got request: switchToFrame, data: {"to":"0","sessionId":"3-b2g","name":"switchToFrame","parameters":{"id":null,"focus":true}}, id: {1affe4d6-f6f0-4aee-9088-81e8a322388a}
04-26 11:41:23.283 I/Gecko   (   83): 1398537683295	Marionette	INFO	Switched to frame: {"frameValue":null}
04-26 11:41:23.383 I/Gecko   (   83): 1398537683398	Marionette	INFO	sendToClient: {"from":"0","ok":true}, {1affe4d6-f6f0-4aee-9088-81e8a322388a}, {1affe4d6-f6f0-4aee-9088-81e8a322388a}
04-26 11:41:23.393 I/Gecko   (   83): 1398537683406	Marionette	DEBUG	Got request: executeWithCallback, data: {"to":"0","sessionId":"3-b2g","name":"executeAsyncScript","parameters":{"specialPowers":false,"scriptTimeout":null,"newSandbox":true,"args":[],"filename":"gaia_test.py","script":"return GaiaApps.displayedApp();","line":66}}, id: {04a65710-d2d0-4319-aa8f-1455ebff5a2b}
04-26 11:41:23.463 I/Gecko   (   83): [Parent 83] WARNING: waitpid failed pid:1479 errno:10: file ../../../gecko/ipc/chromium/src/base/process_util_posix.cc, line 254
04-26 11:41:23.463 I/Gecko   (   83): [Parent 83] WARNING: Failed to deliver SIGKILL to 1479!(3).: file ../../../gecko/ipc/chromium/src/chrome/common/process_watcher_posix_sigchld.cc, line 118
04-26 11:41:23.493 I/Gecko   (   83): 1398537683504	Marionette	INFO	sendToClient: {"from":"0","value":{"frame":{"ELEMENT":"{3969f94c-0a5f-4cb6-a729-fa73e2fcb548}"},"src":"app://homescreen.gaiamobile.org/index.html#root","name":"Homescreen","origin":"app://homescreen.gaiamobile.org"}}, {04a65710-d2d0-4319-aa8f-1455ebff5a2b}, {04a65710-d2d0-4319-aa8f-1455ebff5a2b}
04-26 11:41:23.493 E/GeckoConsole(   83): Content JS LOG at dummy file:392 in GaiaApps.displayedApp: app with origin 'app://homescreen.gaiamobile.org' is displayed
04-26 11:41:23.503 I/Gecko   (   83): 1398537683518	Marionette	DEBUG	Got request: switchToFrame, data: {"to":"0","sessionId":"3-b2g","name":"switchToFrame","parameters":{"id":null,"focus":true}}, id: {053222b3-92cb-4ad0-8965-8c2be73d40aa}
04-26 11:41:23.503 I/Gecko   (   83): 1398537683520	Marionette	INFO	Switched to frame: {"frameValue":null}
04-26 11:41:23.623 I/Gonk    (   83): Setting nice for pid 1526 to 18
04-26 11:41:23.623 I/Gonk    (   83): Changed nice for pid 1526 from 0 to 18.
04-26 11:41:23.623 I/Gecko   (   83): 1398537683639	Marionette	INFO	sendToClient: {"from":"0","ok":true}, {053222b3-92cb-4ad0-8965-8c2be73d40aa}, {053222b3-92cb-4ad0-8965-8c2be73d40aa}
04-26 11:41:23.653 I/Gecko   (   83): 1398537683668	Marionette	DEBUG	Got request: switchToFrame, data: {"to":"0","sessionId":"3-b2g","name":"switchToFrame","parameters":{"id":null,"focus":true}}, id: {da171aab-402a-44c9-8879-78045e128434}
04-26 11:41:23.653 I/Gecko   (   83): 1398537683669	Marionette	INFO	Switched to frame: {"frameValue":null}
04-26 11:41:23.773 I/Gecko   (   83): 1398537683791	Marionette	INFO	sendToClient: {"from":"0","ok":true}, {da171aab-402a-44c9-8879-78045e128434}, {da171aab-402a-44c9-8879-78045e128434}
04-26 11:41:23.783 I/Gecko   (   83): 1398537683798	Marionette	DEBUG	Got request: executeWithCallback, data: {"to":"0","sessionId":"3-b2g","name":"executeAsyncScript","parameters":{"specialPowers":false,"scriptTimeout":null,"newSandbox":true,"args":[],"filename":"gaia_test.py","script":"return GaiaApps.displayedApp();","line":66}}, id: {ccbc273b-5dc0-4f20-abb1-4368ddc129fe}
04-26 11:41:23.863 I/Gecko   (   83): 1398537683873	Marionette	INFO	sendToClient: {"from":"0","value":{"frame":{"ELEMENT":"{3969f94c-0a5f-4cb6-a729-fa73e2fcb548}"},"src":"app://homescreen.gaiamobile.org/index.html#root","name":"Homescreen","origin":"app://homescreen.gaiamobile.org"}}, {ccbc273b-5dc0-4f20-abb1-4368ddc129fe}, {ccbc273b-5dc0-4f20-abb1-4368ddc129fe}
04-26 11:41:23.863 E/GeckoConsole(   83): Content JS LOG at dummy file:392 in GaiaApps.displayedApp: app with origin 'app://homescreen.gaiamobile.org' is displayed
04-26 11:41:23.863 I/Gecko   (   83): 1398537683881	Marionette	DEBUG	Got request: switchToFrame, data: {"to":"0","sessionId":"3-b2g","name":"switchToFrame","parameters":{"focus":true,"element":"{3969f94c-0a5f-4cb6-a729-fa73e2fcb548}"}}, id: {e4fb9936-f39e-40d4-8612-dae29e2d9587}
04-26 11:41:23.883 I/Gecko   (   83): 1398537683898	Marionette	INFO	Switched to frame: {"frameValue":"{3969f94c-0a5f-4cb6-a729-fa73e2fcb548}"}
04-26 11:41:23.883 I/Gecko   (   83): 1398537683900	Marionette	INFO	trying remote frame 0
04-26 11:41:23.883 I/Gecko   (   83): 1398537683901	Marionette	INFO	trying remote frame 1
04-26 11:41:23.883 I/Gecko   (   83): 1398537683902	Marionette	INFO	trying remote frame 2
04-26 11:41:23.903 I/Gecko   (   83): 1398537683916	Marionette	INFO	deleting frame
04-26 11:41:23.903 I/Gecko   (   83): 1398537683920	Marionette	INFO	frame-manager load script: [object ChromeMessageSender]
04-26 11:41:24.203 I/Gecko   (   83): 1398537684214	Marionette	INFO	sendToClient: {"from":"0","ok":true}, {e4fb9936-f39e-40d4-8612-dae29e2d9587}, {e4fb9936-f39e-40d4-8612-dae29e2d9587}
04-26 11:41:24.283 I/Gecko   (   83): 1398537684295	Marionette	INFO	sendToClient: {"from":"0","value":{"ELEMENT":"{ce7538ec-22c5-40f0-b4fb-63028c299ccc}"}}, {3a1ffb09-561c-415d-af2a-c3db75ed036d}, {3a1ffb09-561c-415d-af2a-c3db75ed036d}
04-26 11:41:24.633 E/GeckoConsole( 1504): [JavaScript Warning: "Use of getAttributeNode() is deprecated. Use getAttribute() instead." {file: "chrome://marionette/content/atoms.js" line: 25}]
04-26 11:41:24.653 E/GeckoConsole( 1504): [JavaScript Warning: "Use of attributes' specified attribute is deprecated. It always returns true." {file: "chrome://marionette/content/atoms.js" line: 25}]
04-26 11:41:24.653 I/Gecko   (   83): 1398537684664	Marionette	INFO	sendToClient: {"from":"0","value":"normal"}, {c13a4067-1634-45d1-9b9b-4f3f1e5f7072}, {c13a4067-1634-45d1-9b9b-4f3f1e5f7072}
04-26 11:41:24.653 I/Gecko   (   83): 1398537684672	Marionette	DEBUG	Got request: switchToFrame, data: {"to":"0","sessionId":"3-b2g","name":"switchToFrame","parameters":{"id":null,"focus":true}}, id: {14dc2ec4-5c3e-4f72-8e14-2a8d753dd3f3}
04-26 11:41:24.663 I/Gecko   (   83): 1398537684680	Marionette	INFO	Switched to frame: {"frameValue":null}
04-26 11:41:24.773 I/Gecko   (   83): 1398537684788	Marionette	INFO	sendToClient: {"from":"0","ok":true}, {14dc2ec4-5c3e-4f72-8e14-2a8d753dd3f3}, {14dc2ec4-5c3e-4f72-8e14-2a8d753dd3f3}
04-26 11:41:24.783 I/Gecko   (   83): 1398537684795	Marionette	DEBUG	Got request: execute, data: {"to":"0","sessionId":"3-b2g","name":"executeScript","parameters":{"specialPowers":false,"scriptTimeout":null,"newSandbox":true,"args":[],"filename":"gaia_test.py","script":"window.wrappedJSObject.dispatchEvent(new Event('home'));","line":788}}, id: {b7a17cf2-aa5b-4f95-b2de-6ec90eced1dd}
04-26 11:41:24.863 I/Gecko   (   83): 1398537684874	Marionette	INFO	sendToClient: {"from":"0","value":null}, {b7a17cf2-aa5b-4f95-b2de-6ec90eced1dd}, {b7a17cf2-aa5b-4f95-b2de-6ec90eced1dd}
04-26 11:41:24.863 I/Gecko   (   83): 1398537684880	Marionette	DEBUG	Got request: switchToFrame, data: {"to":"0","sessionId":"3-b2g","name":"switchToFrame","parameters":{"id":null,"focus":true}}, id: {fc7aeefc-d9fe-4c33-a13e-ca5cad1a8e14}
04-26 11:41:24.873 I/Gecko   (   83): 1398537684882	Marionette	INFO	Switched to frame: {"frameValue":null}
04-26 11:41:25.093 I/Gecko   (   83): 1398537685103	Marionette	INFO	sendToClient: {"from":"0","ok":true}, {fc7aeefc-d9fe-4c33-a13e-ca5cad1a8e14}, {fc7aeefc-d9fe-4c33-a13e-ca5cad1a8e14}
04-26 11:41:25.113 I/Gecko   (   83): 1398537685123	Marionette	DEBUG	Got request: switchToFrame, data: {"to":"0","sessionId":"3-b2g","name":"switchToFrame","parameters":{"id":null,"focus":true}}, id: {1a361cfd-bfd5-4849-adac-b95ab86a9952}
04-26 11:41:25.113 I/Gecko   (   83): 1398537685125	Marionette	INFO	Switched to frame: {"frameValue":null}
04-26 11:41:25.223 I/Gecko   (   83): 1398537685232	Marionette	INFO	sendToClient: {"from":"0","ok":true}, {1a361cfd-bfd5-4849-adac-b95ab86a9952}, {1a361cfd-bfd5-4849-adac-b95ab86a9952}
04-26 11:41:25.223 V/AudioPolicyManagerBase(   88): startOutput() output 1, stream 1, session 4
04-26 11:41:25.223 V/AudioPolicyManagerBase(   88): changeRefCount() stream 1, count 1
04-26 11:41:25.223 V/AudioPolicyManagerBase(   88): getDeviceForStrategy() from cache strategy 0, device 2
04-26 11:41:25.223 V/AudioPolicyManagerBase(   88): getNewDevice() selected device 2
04-26 11:41:25.223 D/AudioPolicyManagerBase(   88): setOutputDevice() output 1 device 2 delayMs 0
04-26 11:41:25.223 V/AudioPolicyManagerBase(   88): setOutputDevice() setting same device 2 or null device for output 1
04-26 11:41:25.223 E/AudioPolicyManagerBase(   88): checkAndSetVolume stream=1, index=15, output=1, device=2
04-26 11:41:25.223 E/AudioPolicyManagerBase(   88): computeVolume, streamDesc=0x179cbb0
04-26 11:41:25.223 V/AudioPolicyManagerBase(   88): VOLUME vol index=[60 100 100], dB=[-11.0 0.0 0.0] ampl=1.00000
04-26 11:41:25.223 I/Gecko   (   83): 1398537685242	Marionette	DEBUG	Got request: executeWithCallback, data: {"to":"0","sessionId":"3-b2g","name":"executeAsyncScript","parameters":{"specialPowers":false,"scriptTimeout":null,"newSandbox":true,"args":[],"filename":"gaia_test.py","script":"return GaiaApps.displayedApp();","line":66}}, id: {4aa34f71-5481-483e-868b-350629be1894}
04-26 11:41:25.273 W/AudioFlinger(   88): Thread AudioOut_1 cannot connect to the power manager service
04-26 11:41:25.273 V/AudioPolicyManagerBase(   88): stopOutput() output 1, stream 1, session 4
04-26 11:41:25.273 V/AudioPolicyManagerBase(   88): changeRefCount() stream 1, count 0
04-26 11:41:25.273 V/AudioPolicyManagerBase(   88): getNewDevice() selected device 0
04-26 11:41:25.273 D/AudioPolicyManagerBase(   88): setOutputDevice() output 1 device 0 delayMs 290
04-26 11:41:25.273 V/AudioPolicyManagerBase(   88): setOutputDevice() setting same device 0 or null device for output 1
04-26 11:41:25.273 V/AudioPolicyManagerBase(   88): releaseOutput() 1
04-26 11:41:25.353 I/Gecko   (   83): 1398537685363	Marionette	INFO	sendToClient: {"from":"0","value":{"frame":{"ELEMENT":"{3969f94c-0a5f-4cb6-a729-fa73e2fcb548}"},"src":"app://homescreen.gaiamobile.org/index.html#rootSat%20Apr%2026%202014%2011:41:24%20GMT-0700%20(UTC)","name":"Homescreen","origin":"app://homescreen.gaiamobile.org"}}, {4aa34f71-5481-483e-868b-350629be1894}, {4aa34f71-5481-483e-868b-350629be1894}
04-26 11:41:25.353 E/GeckoConsole(   83): Content JS LOG at dummy file:392 in GaiaApps.displayedApp: app with origin 'app://homescreen.gaiamobile.org' is displayed
04-26 11:41:25.373 I/Gecko   (   83): 1398537685386	Marionette	DEBUG	Got request: switchToFrame, data: {"to":"0","sessionId":"3-b2g","name":"switchToFrame","parameters":{"focus":true,"element":"{3969f94c-0a5f-4cb6-a729-fa73e2fcb548}"}}, id: {5c3b1f55-a156-4ca2-bd09-4b10e0e67713}
04-26 11:41:25.383 I/Gecko   (   83): 1398537685398	Marionette	INFO	Switched to frame: {"frameValue":"{3969f94c-0a5f-4cb6-a729-fa73e2fcb548}"}
04-26 11:41:25.383 I/Gecko   (   83): 1398537685400	Marionette	INFO	trying remote frame 0
04-26 11:41:25.393 I/Gecko   (   83): 1398537685403	Marionette	INFO	trying remote frame 1
04-26 11:41:25.393 I/Gecko   (   83): 1398537685404	Marionette	INFO	trying remote frame 2
04-26 11:41:26.283 I/Gecko   (   83): 1398537686293	Marionette	INFO	sendToClient: {"from":"0","ok":true}, {5c3b1f55-a156-4ca2-bd09-4b10e0e67713}, {5c3b1f55-a156-4ca2-bd09-4b10e0e67713}
04-26 11:41:26.283 I/Gecko   (   83): 1398537686302	Marionette	DEBUG	Got request: execute, data: {"to":"0","sessionId":"3-b2g","name":"executeScript","parameters":{"specialPowers":false,"scriptTimeout":null,"newSandbox":true,"args":[],"filename":"gaia_test.py","script":"return window.wrappedJSObject.GridManager.pageHelper.getCurrentPageNumber();","line":784}}, id: {5d51817c-e1e9-44ed-93b2-54e048ba8350}
04-26 11:41:26.363 E/GeckoConsole( 1504): Content JS WARN at app://homescreen.gaiamobile.org/gaia_build_defer_index.js:184 in isHiddenApp: Unexpected role when checking hidden app: undefined
04-26 11:41:26.363 E/GeckoConsole( 1504): Content JS WARN at app://homescreen.gaiamobile.org/gaia_build_defer_index.js:184 in isHiddenApp: Unexpected role when checking hidden app: undefined
04-26 11:41:26.363 E/GeckoConsole( 1504): Content JS WARN at app://homescreen.gaiamobile.org/gaia_build_defer_index.js:184 in isHiddenApp: Unexpected role when checking hidden app: undefined
04-26 11:41:26.363 E/GeckoConsole( 1504): Content JS WARN at app://homescreen.gaiamobile.org/gaia_build_defer_index.js:184 in isHiddenApp: Unexpected role when checking hidden app: undefined
04-26 11:41:26.363 E/GeckoConsole( 1504): Content JS WARN at app://homescreen.gaiamobile.org/gaia_build_defer_index.js:184 in isHiddenApp: Unexpected role when checking hidden app: undefined
04-26 11:41:26.363 E/GeckoConsole( 1504): Content JS WARN at app://homescreen.gaiamobile.org/gaia_build_defer_index.js:184 in isHiddenApp: Unexpected role when checking hidden app: undefined
04-26 11:41:26.363 E/GeckoConsole( 1504): Content JS WARN at app://homescreen.gaiamobile.org/gaia_build_defer_index.js:184 in isHiddenApp: Unexpected role when checking hidden app: undefined
04-26 11:41:26.363 E/GeckoConsole( 1504): Content JS WARN at app://homescreen.gaiamobile.org/gaia_build_defer_index.js:184 in isHiddenApp: Unexpected role when checking hidden app: undefined
04-26 11:41:26.363 E/GeckoConsole( 1504): Content JS WARN at app://homescreen.gaiamobile.org/gaia_build_defer_index.js:184 in isHiddenApp: Unexpected role when checking hidden app: undefined
04-26 11:41:26.373 E/GeckoConsole( 1504): Content JS WARN at app://homescreen.gaiamobile.org/gaia_build_defer_index.js:184 in isHiddenApp: Unexpected role when checking hidden app: undefined
04-26 11:41:26.373 E/GeckoConsole( 1504): Content JS WARN at app://homescreen.gaiamobile.org/gaia_build_defer_index.js:184 in isHiddenApp: Unexpected role when checking hidden app: undefined
04-26 11:41:26.373 E/GeckoConsole( 1504): Content JS WARN at app://homescreen.gaiamobile.org/gaia_build_defer_index.js:184 in isHiddenApp: Unexpected role when checking hidden app: undefined
04-26 11:41:26.373 E/GeckoConsole( 1504): Content JS WARN at app://homescreen.gaiamobile.org/gaia_build_defer_index.js:184 in isHiddenApp: Unexpected role when checking hidden app: undefined
04-26 11:41:26.373 E/GeckoConsole( 1504): Content JS WARN at app://homescreen.gaiamobile.org/gaia_build_defer_index.js:184 in isHiddenApp: Unexpected role when checking hidden app: undefined
04-26 11:41:26.373 E/GeckoConsole( 1504): Content JS WARN at app://homescreen.gaiamobile.org/gaia_build_defer_index.js:184 in isHiddenApp: Unexpected role when checking hidden app: undefined
04-26 11:41:26.373 E/GeckoConsole( 1504): Content JS WARN at app://homescreen.gaiamobile.org/gaia_build_defer_index.js:184 in isHiddenApp: Unexpected role when checking hidden app: undefined
04-26 11:41:26.373 E/GeckoConsole( 1504): Content JS WARN at app://homescreen.gaiamobile.org/gaia_build_defer_index.js:184 in isHiddenApp: Unexpected role when checking hidden app: undefined
04-26 11:41:26.373 E/GeckoConsole( 1504): Content JS WARN at app://homescreen.gaiamobile.org/gaia_build_defer_index.js:184 in isHiddenApp: Unexpected role when checking hidden app: undefined
04-26 11:41:26.373 E/GeckoConsole( 1504): Content JS WARN at app://homescreen.gaiamobile.org/gaia_build_defer_index.js:184 in isHiddenApp: Unexpected role when checking hidden app: undefined
04-26 11:41:26.373 E/GeckoConsole( 1504): Content JS WARN at app://homescreen.gaiamobile.org/gaia_build_defer_index.js:184 in isHiddenApp: Unexpected role when checking hidden app: undefined
04-26 11:41:26.373 E/GeckoConsole( 1504): Content JS WARN at app://homescreen.gaiamobile.org/gaia_build_defer_index.js:184 in isHiddenApp: Unexpected role when checking hidden app: undefined
04-26 11:41:26.373 E/GeckoConsole( 1504): Content JS WARN at app://homescreen.gaiamobile.org/gaia_build_defer_index.js:184 in isHiddenApp: Unexpected role when checking hidden app: undefined
04-26 11:41:26.373 E/GeckoConsole( 1504): Content JS WARN at app://homescreen.gaiamobile.org/gaia_build_defer_index.js:184 in isHiddenApp: Unexpected role when checking hidden app: undefined
04-26 11:41:26.383 E/GeckoConsole( 1504): Content JS WARN at app://homescreen.gaiamobile.org/gaia_build_defer_index.js:184 in isHiddenApp: Unexpected role when checking hidden app: undefined
04-26 11:41:26.383 E/GeckoConsole( 1504): Content JS WARN at app://homescreen.gaiamobile.org/gaia_build_defer_index.js:184 in isHiddenApp: Unexpected role when checking hidden app: undefined
04-26 11:41:26.513 I/Gecko   (   83): 1398537686522	Marionette	INFO	sendToClient: {"from":"0","value":0}, {5d51817c-e1e9-44ed-93b2-54e048ba8350}, {5d51817c-e1e9-44ed-93b2-54e048ba8350}
04-26 11:41:26.713 I/Gecko   (   83): 1398537686725	Marionette	INFO	sendToClient: {"from":"0","value":["{ee957c5a-b5cf-4dbb-9e7e-4f0ff4af7892}","{1472506d-db68-4f3e-b44d-1b0718762545}","{0eadda40-7a88-4844-8ac5-69f1597477db}","{b4cd2575-9355-4b65-acb0-1c7a519c6e54}","{15b30242-6326-48ea-8d8f-d3558a3c6a8c}","{9e3eb67b-da6a-4364-9286-549c94b027a2}","{2a6884a7-afab-4aac-875f-78fa81cb311c}","{445066b2-22af-48ee-8cff-edd1026511ee}","{b613ce76-4971-422a-b520-a025303f42c7}","{1e80d9ea-f7f7-407d-992b-2be16cd8da65}","{3d25995c-0a21-4ddf-9266-5e148ea736cb}","{f7c0f3f7-36fe-4e83-84be-d7a73f18f4e6}","{6c7ef50e-ac84-4815-8504-3a2054faccdb}","{969b7f22-4435-4d82-989f-5f97a6e19e32}","{717faa64-bfbb-4b76-8b4e-38f65b348c88}","{f7b944b4-09a3-45dd-a17b-e23a1ed366fb}","{1f533679-0dd3-4ec2-9267-ab9697051d12}","{bde30b7f-3740-42c3-9145-58f472d0262a}","{a801835b-4d4a-48df-8517-bab0b80cf7a2}","{098fc415-86fa-4972-8c74-9cc798685730}","{20002fd0-f226-4b4a-88f2-728ac71aa573}","{5483a701-c2f7-4219-8df6-693171d4240c}","{2aca91c7-6c85-475d-809b-fc1cadabe0dc}","{88cfaaa8-1529
04-26 11:41:26.733 I/Gecko   (   83): 1398537686749	Marionette	INFO	sendToClient: {"from":"0","value":"app://homescreen.gaiamobile.org/index.html#rootSat%20Apr%2026%202014%2011:41:24%20GMT-0700%20(UTC)"}, {9fbfbfef-c448-4f8d-b909-3c181f991e9d}, {9fbfbfef-c448-4f8d-b909-3c181f991e9d}
04-26 11:41:26.743 I/Gecko   (   83): 1398537686755	Marionette	DEBUG	Got request: switchToFrame, data: {"to":"0","sessionId":"3-b2g","name":"switchToFrame","parameters":{"id":null,"focus":true}}, id: {6c9cef0e-33ce-446a-a53f-db8a758cc95a}
04-26 11:41:26.753 I/Gecko   (   83): 1398537686768	Marionette	INFO	Switched to frame: {"frameValue":null}
04-26 11:41:26.853 I/Gecko   (   83): 1398537686870	Marionette	INFO	sendToClient: {"from":"0","ok":true}, {6c9cef0e-33ce-446a-a53f-db8a758cc95a}, {6c9cef0e-33ce-446a-a53f-db8a758cc95a}
04-26 11:41:26.863 I/Gecko   (   83): 1398537686876	Marionette	DEBUG	Got request: switchToFrame, data: {"to":"0","sessionId":"3-b2g","name":"switchToFrame","parameters":{"id":null,"focus":true}}, id: {17e49d01-ea26-4454-8bb3-e4d6f02800bc}
04-26 11:41:26.863 I/Gecko   (   83): 1398537686878	Marionette	INFO	Switched to frame: {"frameValue":null}
04-26 11:41:26.963 I/Gecko   (   83): 1398537686980	Marionette	INFO	sendToClient: {"from":"0","ok":true}, {17e49d01-ea26-4454-8bb3-e4d6f02800bc}, {17e49d01-ea26-4454-8bb3-e4d6f02800bc}
04-26 11:41:26.973 I/Gecko   (   83): 1398537686987	Marionette	DEBUG	Got request: executeWithCallback, data: {"to":"0","sessionId":"3-b2g","name":"executeAsyncScript","parameters":{"specialPowers":false,"scriptTimeout":30000,"newSandbox":true,"args":[],"filename":"app_checker.py","script":"GaiaApps.launchWithManifestURL('http://mufwatch.fxos.cattaka.net/manifest.webapp')","line":106}}, id: {7683ee57-06b5-4254-98c6-105eef715507}
04-26 11:41:27.053 I/Gonk    (   83): Setting nice for pid 1526 to 18
04-26 11:41:27.053 I/Gonk    (   83): Changed nice for pid 1526 from 18 to 18.
04-26 11:41:27.063 I/Gecko   (   83): [Parent 83] WARNING: waitpid failed pid:1526 errno:10: file ../../../gecko/ipc/chromium/src/base/process_util_posix.cc, line 254
04-26 11:41:27.063 I/Gonk    (   83): Setting nice for pid 1526 to 1
04-26 11:41:27.063 I/Gonk    (   83): Changed nice for pid 1526 from 18 to 1.
04-26 11:41:27.083 E/GeckoConsole(   83): Content JS LOG at dummy file:334 in GaiaApps.launch: launching app with name 'MufWatch'
04-26 11:41:27.393 D/Sensors (   83): activate handle=0; drv=0
04-26 11:41:27.403 D/Sensors (   83): Lis3dhSensor: Control set 1
04-26 11:41:27.403 D/Sensors (   83): Lis3dhSensor: mEnabled = 1
04-26 11:41:27.483 I/Gonk    (   83): Setting nice for pid 1504 to 18
04-26 11:41:27.483 I/Gonk    (   83): Changed nice for pid 1504 from 1 to 18.
04-26 11:41:28.073 I/Gecko   ( 1526): ###################################### forms.js loaded
04-26 11:41:28.103 I/Gecko   ( 1526): ############################### browserElementPanning.js loaded
04-26 11:41:28.123 I/Gecko   ( 1526): ######################## BrowserElementChildPreload.js loaded
04-26 11:41:28.253 W/WifiHW  (   83): wifi_command: SIGNAL_POLL
04-26 11:41:30.413 E/GeckoConsole(   83): Content JS LOG at dummy file:326 in GaiaApps.launch/appOpen/<: app with origin 'http://mufwatch.fxos.cattaka.net' has launched
04-26 11:41:30.463 I/Gecko   (   83): 1398537690477	Marionette	INFO	sendToClient: {"from":"0","value":{"frame":{"ELEMENT":"{7efe4501-3e74-49f2-9072-8d45e4c9d5ba}"},"src":"http://mufwatch.fxos.cattaka.net/index.html","name":"MufWatch","origin":"http://mufwatch.fxos.cattaka.net"}}, {7683ee57-06b5-4254-98c6-105eef715507}, {7683ee57-06b5-4254-98c6-105eef715507}
04-26 11:41:30.493 I/Gecko   (   83): 1398537690504	Marionette	DEBUG	Got request: switchToFrame, data: {"to":"0","sessionId":"3-b2g","name":"switchToFrame","parameters":{"focus":true,"element":"{7efe4501-3e74-49f2-9072-8d45e4c9d5ba}"}}, id: {e6febcc1-b680-4b1c-85ed-a5311b6fcdb4}
04-26 11:41:30.513 I/Gecko   (   83): 1398537690524	Marionette	INFO	Switched to frame: {"frameValue":"{7efe4501-3e74-49f2-9072-8d45e4c9d5ba}"}
04-26 11:41:30.513 I/Gecko   (   83): 1398537690527	Marionette	INFO	trying remote frame 0
04-26 11:41:30.513 I/Gecko   (   83): 1398537690528	Marionette	INFO	trying remote frame 1
04-26 11:41:30.513 I/Gecko   (   83): 1398537690529	Marionette	INFO	trying remote frame 2
04-26 11:41:30.513 I/Gecko   (   83): 1398537690530	Marionette	INFO	trying remote frame 3
04-26 11:41:30.523 I/Gecko   (   83): 1398537690536	Marionette	INFO	frame-manager load script: [object ChromeMessageSender]
04-26 11:41:31.143 I/Gecko   (   83): 1398537691154	Marionette	INFO	sendToClient: {"from":"0","ok":true}, {e6febcc1-b680-4b1c-85ed-a5311b6fcdb4}, {e6febcc1-b680-4b1c-85ed-a5311b6fcdb4}
04-26 11:41:31.193 I/Gecko   (   83): 1398537691202	Marionette	INFO	sendToClient: {"from":"0","value":"http://mufwatch.fxos.cattaka.net/index.html"}, {6b331975-cef7-49a5-b2df-6f521c642fdb}, {6b331975-cef7-49a5-b2df-6f521c642fdb}
04-26 11:41:31.193 I/Gecko   (   83): 1398537691209	Marionette	DEBUG	Got request: execute, data: {"to":"0","sessionId":"3-b2g","name":"executeScript","parameters":{"specialPowers":false,"scriptTimeout":null,"newSandbox":true,"args":[],"filename":"app_checker.py","script":"return window.document.readyState;","line":191}}, id: {1ca6bbbf-7dde-4cfa-936b-7b300d62059f}
04-26 11:41:31.443 I/Gecko   (   83): 1398537691453	Marionette	INFO	sendToClient: {"from":"0","value":"complete"}, {1ca6bbbf-7dde-4cfa-936b-7b300d62059f}, {1ca6bbbf-7dde-4cfa-936b-7b300d62059f}
04-26 11:41:31.453 I/Gecko   (   83): 1398537691463	Marionette	INFO	sendToClient: {"from":"0","value":"http://mufwatch.fxos.cattaka.net/index.html"}, {495f38d6-a69d-4104-a065-9271d645f85b}, {495f38d6-a69d-4104-a065-9271d645f85b}
04-26 11:41:31.483 I/Gecko   ( 1526): Attempting load of libEGL.so
04-26 11:41:31.543 D/libEGL  ( 1526): loaded /system/lib/egl/libEGL_mali.so
04-26 11:41:31.623 D/libEGL  ( 1526): loaded /system/lib/egl/libGLESv1_CM_mali.so
04-26 11:41:31.623 D/libEGL  ( 1526): loaded /system/lib/egl/libGLESv2_mali.so
04-26 11:41:31.733 I/Gecko   ( 1526): SharedSurface_Gralloc::Create -------
04-26 11:41:31.773 I/Gecko   ( 1526): SharedSurface_Gralloc::Create: success -- surface 0x43c508c0, GraphicBuffer 0x43c81d00.
04-26 11:41:32.433 I/Gonk    (   83): Setting nice for pid 1574 to 18
04-26 11:41:32.463 I/Gonk    (   83): Changed nice for pid 1574 from 0 to 18.
04-26 11:41:33.103 I/Gecko   (   83): 1398537693114	Marionette	INFO	sendToClient: {"from":"0","value":"iVBORw0KGgoAAAANSUhEUgAAAUAAAAHMCAYAAACk4nEJAAAa00lEQVR4nO3ceXzU9Z3H8UkAEaEqiHhiPallFaji2kp1O5MQDoFAOEO4EQQERJBDTkUIhBBAIIQQuZKAIBE04TJyiASQJByetG7X3Va71R6PXtvaSuG9f1AmjiZkfpP5ZRI/rz+ej4dOfvOdmW9+n9ckkxk8E0rTBAAWeSJ9BwAgUgggALMIIACzCCAAswggALMIIACzCCAAs8IWwPElS9RpZ67uzy1Q8/Q3VX/hSUXNewcAwq7+wpNqnv6m7s8tUOeCXI0vWRK5APbbn6Wmy45GfFMA2NR02REl7s+q/gD6tm9V3eRTEd8AALbVTT6lmB1bqi+ASQczVWf+af8daJJyQml5+Tqyb7P+fPxFqTQTAMLuz8dfVNG+zUrdlq/GKScDIjjg4Br3AziueKmaLS/y3/CPVxbp06L1Ed8YALZ8UrRe7VaWtei65UVBvyYYcgDjXnvJf4PXpJzQr4rWRXwjANj0adF6NUk54W9Sh/zN7gawdfYu/40tzcuP+AYAsC0tL9/fpDY5O90N4PUrDvtvrHR/bsQfPADbivfn+pt0w4rD7gawXnLZC49fFGdF/MEDsO2L4ix/k+oln3Q3gF/983OkHzgAqDQzoEsEEIApBBCAWQQQgFkEEIBZBBCAWQQQgFkEEIBZBBCAWQQwAs4Vr66Va9cE7F3NfHy1de8IYDX625GV6hVzn+rWiVabFs01dXAH3XvnTWr/4PeV/ER33XrjNWp+XWNtS3m8Rq1dE7B37J0bCGA1WjKxtzweT6V+8L3mNWrtmoC9Y+/cQACrUfrUxKBOls7t7qlRa9cE7B175wYCWE12Lx+nbo+0lsfjUb26ddQv7gG9vvJJjUx4WPPGxCt77lBd/Z0r5PF4dNctzTQxKVZ/LVoR8bVrAvaOvXMLAawGpz
04-26 11:41:33.153 I/Gecko   (   83): 
04-26 11:41:33.153 I/Gecko   (   83): ###!!! [Parent][MessageChannel] Error: Channel error: cannot send/recv
04-26 11:41:33.153 I/Gecko   (   83): 
04-26 11:41:33.213 I/Gecko   (   83): [Parent 83] WARNING: waitpid failed pid:1504 errno:10: file ../../../gecko/ipc/chromium/src/base/process_util_posix.cc, line 254
04-26 11:41:33.313 I/Gecko   (   83): 1398537693331	Marionette	INFO	sendToClient: {"from":"0","ok":true}, {111568bf-92bd-4d02-b663-5b113ba7b184}, {111568bf-92bd-4d02-b663-5b113ba7b184}
04-26 11:41:33.333 W/WifiHW  (   83): wifi_command: SIGNAL_POLL
04-26 11:41:33.383 I/Gecko   (   83): 1398537693400	Marionette	DEBUG	Got request: switchToFrame, data: {"to":"0","sessionId":"3-b2g","name":"switchToFrame","parameters":{"id":null,"focus":true}}, id: {6cb71dce-d283-41ee-8179-c7021191c523}
04-26 11:41:33.433 I/Gecko   (   83): 1398537693445	Marionette	INFO	Switched to frame: {"frameValue":null}
04-26 11:41:33.543 I/Gecko   (   83): 1398537693555	Marionette	INFO	sendToClient: {"from":"0","ok":true}, {6cb71dce-d283-41ee-8179-c7021191c523}, {6cb71dce-d283-41ee-8179-c7021191c523}
04-26 11:41:33.543 I/Gecko   (   83): 1398537693562	Marionette	DEBUG	Got request: executeWithCallback, data: {"to":"0","sessionId":"3-b2g","name":"executeAsyncScript","parameters":{"specialPowers":false,"scriptTimeout":null,"newSandbox":true,"args":[],"filename":"gaia_test.py","script":"return GaiaApps.displayedApp();","line":66}}, id: {063b7cca-28bb-4cf2-b472-5edafd7c6e26}
04-26 11:41:33.623 I/Gecko   (   83): 1398537693636	Marionette	INFO	sendToClient: {"from":"0","value":{"frame":{"ELEMENT":"{7efe4501-3e74-49f2-9072-8d45e4c9d5ba}"},"src":"http://mufwatch.fxos.cattaka.net/index.html","name":"MufWatch","origin":"http://mufwatch.fxos.cattaka.net"}}, {063b7cca-28bb-4cf2-b472-5edafd7c6e26}, {063b7cca-28bb-4cf2-b472-5edafd7c6e26}
04-26 11:41:33.633 I/Gecko   (   83): 1398537693643	Marionette	DEBUG	Got request: switchToFrame, data: {"to":"0","sessionId":"3-b2g","name":"switchToFrame","parameters":{"id":null,"focus":true}}, id: {18c01234-9de3-4edd-9f89-bfc18844fe7b}
04-26 11:41:33.633 E/GeckoConsole(   83): Content JS LOG at dummy file:392 in GaiaApps.displayedApp: app with origin 'http://mufwatch.fxos.cattaka.net' is displayed
04-26 11:41:33.633 I/Gecko   (   83): 1398537693647	Marionette	INFO	Switched to frame: {"frameValue":null}
04-26 11:41:33.743 I/Gecko   (   83): 1398537693755	Marionette	INFO	sendToClient: {"from":"0","ok":true}, {18c01234-9de3-4edd-9f89-bfc18844fe7b}, {18c01234-9de3-4edd-9f89-bfc18844fe7b}
04-26 11:41:33.753 I/Gecko   (   83): 1398537693762	Marionette	DEBUG	Got request: execute, data: {"to":"0","sessionId":"3-b2g","name":"executeScript","parameters":{"specialPowers":false,"scriptTimeout":null,"newSandbox":true,"args":[],"filename":"gaia_test.py","script":"window.wrappedJSObject.dispatchEvent(new Event('home'));","line":788}}, id: {cd1ca9a7-abb7-4971-91f0-fda993a82ee7}
04-26 11:41:33.843 I/Gonk    (   83): Setting nice for pid 1574 to 18
04-26 11:41:33.843 I/Gonk    (   83): Changed nice for pid 1574 from 18 to 18.
04-26 11:41:33.843 I/Gecko   (   83): [Parent 83] WARNING: waitpid failed pid:1574 errno:10: file ../../../gecko/ipc/chromium/src/base/process_util_posix.cc, line 254
04-26 11:41:33.843 I/Gonk    (   83): Setting nice for pid 1574 to 1
04-26 11:41:33.843 I/Gonk    (   83): Changed nice for pid 1574 from 18 to 1.
04-26 11:41:33.893 D/Sensors (   83): activate handle=0; drv=0
04-26 11:41:33.913 D/Sensors (   83): Lis3dhSensor: Control set 0
04-26 11:41:33.913 D/Sensors (   83): Lis3dhSensor: mEnabled = 0
04-26 11:41:34.463 I/Gecko   (   83): 1398537694477	Marionette	INFO	sendToClient: {"from":"0","value":null}, {cd1ca9a7-abb7-4971-91f0-fda993a82ee7}, {cd1ca9a7-abb7-4971-91f0-fda993a82ee7}
04-26 11:41:34.523 I/Gecko   (   83): 1398537694533	Marionette	DEBUG	Got request: switchToFrame, data: {"to":"0","sessionId":"3-b2g","name":"switchToFrame","parameters":{"id":null,"focus":true}}, id: {2b8ddd2e-9534-4f0e-9b75-fa579fb25bd1}
04-26 11:41:34.533 I/Gecko   (   83): 1398537694547	Marionette	INFO	Switched to frame: {"frameValue":null}
04-26 11:41:34.643 I/Gecko   (   83): 1398537694655	Marionette	INFO	sendToClient: {"from":"0","ok":true}, {2b8ddd2e-9534-4f0e-9b75-fa579fb25bd1}, {2b8ddd2e-9534-4f0e-9b75-fa579fb25bd1}
04-26 11:41:34.653 I/Gecko   (   83): 1398537694662	Marionette	DEBUG	Got request: executeWithCallback, data: {"to":"0","sessionId":"3-b2g","name":"executeAsyncScript","parameters":{"specialPowers":false,"scriptTimeout":null,"newSandbox":true,"args":[],"filename":"gaia_test.py","script":"return GaiaApps.displayedApp();","line":66}}, id: {f2ff455c-02ea-44f4-a0b8-9b5110a2f314}
04-26 11:41:34.713 E/GeckoConsole(   83): Content JS LOG at dummy file:392 in GaiaApps.displayedApp: app with origin 'app://homescreen.gaiamobile.org' is displayed
04-26 11:41:34.713 I/Gecko   (   83): 1398537694730	Marionette	INFO	sendToClient: {"from":"0","value":{"frame":{"ELEMENT":"{50d1c6eb-d1f0-4209-afc0-14c12d9e41a1}"},"src":"app://homescreen.gaiamobile.org/index.html#root","name":"Homescreen","origin":"app://homescreen.gaiamobile.org"}}, {f2ff455c-02ea-44f4-a0b8-9b5110a2f314}, {f2ff455c-02ea-44f4-a0b8-9b5110a2f314}
04-26 11:41:34.723 I/Gecko   (   83): 1398537694737	Marionette	DEBUG	Got request: switchToFrame, data: {"to":"0","sessionId":"3-b2g","name":"switchToFrame","parameters":{"id":null,"focus":true}}, id: {34ddd801-2dd6-455f-b79c-13ca042b063d}
04-26 11:41:34.743 I/Gecko   (   83): 1398537694753	Marionette	INFO	Switched to frame: {"frameValue":null}
04-26 11:41:34.853 I/Gecko   (   83): 1398537694867	Marionette	INFO	sendToClient: {"from":"0","ok":true}, {34ddd801-2dd6-455f-b79c-13ca042b063d}, {34ddd801-2dd6-455f-b79c-13ca042b063d}
04-26 11:41:34.863 I/Gecko   (   83): 1398537694873	Marionette	DEBUG	Got request: switchToFrame, data: {"to":"0","sessionId":"3-b2g","name":"switchToFrame","parameters":{"id":null,"focus":true}}, id: {d78b18ff-8cc2-41bf-97d2-e53f3df52a89}
04-26 11:41:34.873 I/Gecko   (   83): 1398537694884	Marionette	INFO	Switched to frame: {"frameValue":null}
04-26 11:41:35.213 I/Gecko   (   83): [Parent 83] WARNING: waitpid failed pid:1504 errno:10: file ../../../gecko/ipc/chromium/src/base/process_util_posix.cc, line 254
04-26 11:41:35.213 I/Gecko   (   83): [Parent 83] WARNING: Failed to deliver SIGKILL to 1504!(3).: file ../../../gecko/ipc/chromium/src/chrome/common/process_watcher_posix_sigchld.cc, line 118
04-26 11:41:35.223 I/Gecko   (   83): 1398537695235	Marionette	INFO	sendToClient: {"from":"0","ok":true}, {d78b18ff-8cc2-41bf-97d2-e53f3df52a89}, {d78b18ff-8cc2-41bf-97d2-e53f3df52a89}
04-26 11:41:35.373 I/Gecko   (   83): 1398537695386	Marionette	DEBUG	Got request: executeWithCallback, data: {"to":"0","sessionId":"3-b2g","name":"executeAsyncScript","parameters":{"specialPowers":false,"scriptTimeout":null,"newSandbox":true,"args":[],"filename":"gaia_test.py","script":"return GaiaApps.displayedApp();","line":66}}, id: {918ff5da-19dc-4861-877b-2d5bca2b2749}
04-26 11:41:35.463 E/GeckoConsole(   83): Content JS LOG at dummy file:392 in GaiaApps.displayedApp: app with origin 'app://homescreen.gaiamobile.org' is displayed
04-26 11:41:35.473 I/Gecko   (   83): 1398537695485	Marionette	INFO	sendToClient: {"from":"0","value":{"frame":{"ELEMENT":"{50d1c6eb-d1f0-4209-afc0-14c12d9e41a1}"},"src":"app://homescreen.gaiamobile.org/index.html#root","name":"Homescreen","origin":"app://homescreen.gaiamobile.org"}}, {918ff5da-19dc-4861-877b-2d5bca2b2749}, {918ff5da-19dc-4861-877b-2d5bca2b2749}
04-26 11:41:35.483 I/Gecko   (   83): 1398537695499	Marionette	DEBUG	Got request: switchToFrame, data: {"to":"0","sessionId":"3-b2g","name":"switchToFrame","parameters":{"focus":true,"element":"{50d1c6eb-d1f0-4209-afc0-14c12d9e41a1}"}}, id: {a4c23f6c-3a74-46eb-a29e-7af373d5a8f1}
04-26 11:41:35.493 I/Gecko   (   83): 1398537695509	Marionette	INFO	Switched to frame: {"frameValue":"{50d1c6eb-d1f0-4209-afc0-14c12d9e41a1}"}
04-26 11:41:35.513 I/Gecko   (   83): 1398537695524	Marionette	INFO	trying remote frame 0
04-26 11:41:35.523 I/Gecko   (   83): 1398537695533	Marionette	INFO	trying remote frame 1
04-26 11:41:35.523 I/Gecko   (   83): 1398537695534	Marionette	INFO	trying remote frame 2
04-26 11:41:35.523 I/Gecko   (   83): 1398537695535	Marionette	INFO	deleting frame
04-26 11:41:35.523 I/Gecko   (   83): 1398537695535	Marionette	INFO	trying remote frame 3
04-26 11:41:35.523 I/Gecko   (   83): 1398537695540	Marionette	INFO	frame-manager load script: [object ChromeMessageSender]
04-26 11:41:35.763 I/Gonk    (   83): Setting nice for pid 1526 to 18
04-26 11:41:35.763 I/Gonk    (   83): Changed nice for pid 1526 from 1 to 18.
04-26 11:41:36.113 I/Gecko   ( 1574): ###################################### forms.js loaded
04-26 11:41:36.133 I/Gecko   ( 1574): ############################### browserElementPanning.js loaded
04-26 11:41:36.173 I/Gecko   ( 1574): ######################## BrowserElementChildPreload.js loaded
04-26 11:41:36.933 I/Gecko   (   83): 
04-26 11:41:36.933 I/Gecko   (   83): ###!!! [Parent][MessageChannel] Error: Channel error: cannot send/recv
04-26 11:41:36.933 I/Gecko   (   83): 
04-26 11:41:37.013 I/Gecko   (   83): [Parent 83] WARNING: waitpid failed pid:1526 errno:10: file ../../../gecko/ipc/chromium/src/base/process_util_posix.cc, line 254
04-26 11:41:37.073 I/Gecko   (   83): 1398537697087	Marionette	INFO	sendToClient: {"from":"0","ok":true}, {a4c23f6c-3a74-46eb-a29e-7af373d5a8f1}, {a4c23f6c-3a74-46eb-a29e-7af373d5a8f1}
04-26 11:41:37.283 I/Gecko   (   83): 1398537697298	Marionette	INFO	sendToClient: {"from":"0","value":"app://homescreen.gaiamobile.org/index.html#root"}, {e0c735ee-0a50-4c86-b4a0-1179d975d624}, {e0c735ee-0a50-4c86-b4a0-1179d975d624}
04-26 11:41:37.293 I/Gecko   (   83): 1398537697306	Marionette	DEBUG	Got request: switchToFrame, data: {"to":"0","sessionId":"3-b2g","name":"switchToFrame","parameters":{"id":null,"focus":true}}, id: {fc153ace-332c-4ee5-9dbd-dafbcc21fb69}
04-26 11:41:37.313 I/Gecko   (   83): 1398537697324	Marionette	INFO	Switched to frame: {"frameValue":null}
04-26 11:41:37.413 I/Gecko   (   83): 1398537697429	Marionette	INFO	sendToClient: {"from":"0","ok":true}, {fc153ace-332c-4ee5-9dbd-dafbcc21fb69}, {fc153ace-332c-4ee5-9dbd-dafbcc21fb69}
04-26 11:41:37.423 I/Gecko   (   83): 1398537697438	Marionette	DEBUG	Got request: switchToFrame, data: {"to":"0","sessionId":"3-b2g","name":"switchToFrame","parameters":{"id":null,"focus":true}}, id: {526eae53-2bac-4d46-ac9c-a36e61849463}
04-26 11:41:37.433 I/Gecko   (   83): 1398537697444	Marionette	INFO	Switched to frame: {"frameValue":null}
04-26 11:41:37.533 I/Gecko   (   83): 1398537697546	Marionette	INFO	sendToClient: {"from":"0","ok":true}, {526eae53-2bac-4d46-ac9c-a36e61849463}, {526eae53-2bac-4d46-ac9c-a36e61849463}
04-26 11:41:37.543 I/Gecko   (   83): 1398537697553	Marionette	DEBUG	Got request: executeWithCallback, data: {"to":"0","sessionId":"3-b2g","name":"executeAsyncScript","parameters":{"specialPowers":false,"scriptTimeout":null,"newSandbox":true,"args":[],"filename":"gaia_test.py","script":"GaiaApps.killAll()","line":91}}, id: {2ba00a1e-0b42-4cd9-8d5e-1686f1d84f61}
04-26 11:41:37.583 I/Gecko   (   83): 1398537697594	Marionette	INFO	sendToClient: {"from":"0","value":true}, {2ba00a1e-0b42-4cd9-8d5e-1686f1d84f61}, {2ba00a1e-0b42-4cd9-8d5e-1686f1d84f61}
04-26 11:41:37.583 I/Gecko   (   83): 1398537697600	Marionette	DEBUG	Got request: switchToFrame, data: {"to":"0","sessionId":"3-b2g","name":"switchToFrame","parameters":{"id":null,"focus":true}}, id: {a82fb0c0-81b3-48be-9d8d-e3073b2188b1}
04-26 11:41:37.593 I/Gecko   (   83): 1398537697602	Marionette	INFO	Switched to frame: {"frameValue":null}
04-26 11:41:37.703 I/Gecko   (   83): 1398537697720	Marionette	INFO	sendToClient: {"from":"0","ok":true}, {a82fb0c0-81b3-48be-9d8d-e3073b2188b1}, {a82fb0c0-81b3-48be-9d8d-e3073b2188b1}
04-26 11:41:37.713 I/Gecko   (   83): 1398537697727	Marionette	DEBUG	Got request: executeWithCallback, data: {"to":"0","sessionId":"3-b2g","name":"executeAsyncScript","parameters":{"specialPowers":false,"scriptTimeout":60000,"newSandbox":true,"args":[],"filename":"app_checker.py","script":"\n        GaiaApps.locateWithManifestURL('http://mufwatch.fxos.cattaka.net/manifest.webapp',\n                                       null,\n                                       function uninstall(app) {\n                                       navigator.mozApps.mgmt.uninstall(app);\n                                       marionetteScriptFinished(true);\n                                       });\n        ","line":129}}, id: {39c40773-93f1-40ef-9dbe-5b7a35754151}
04-26 11:41:37.763 I/Gecko   (   83): -- webapps.js uninstall http://mufwatch.fxos.cattaka.net/manifest.webapp
04-26 11:41:38.093 I/Gecko   (   83): 1398537698103	Marionette	INFO	sendToClient: {"from":"0","value":true}, {39c40773-93f1-40ef-9dbe-5b7a35754151}, {39c40773-93f1-40ef-9dbe-5b7a35754151}