04-26 00:35:19.456 E/GeckoConsole( 1239): [JavaScript Warning: "Error in parsing value for 'transition-duration'.  Declaration dropped." {file: "http://315217.mippin.com/mip/raw/mippins/3/1/5/2/1/7/html5/" line: 0 column: 0 source: "0"}]
04-26 00:35:19.456 E/GeckoConsole( 1239): [JavaScript Warning: "Error in parsing value for 'transition-duration'.  Declaration dropped." {file: "http://315217.mippin.com/mip/raw/mippins/3/1/5/2/1/7/html5/" line: 0 column: 0 source: "0"}]
04-26 00:35:19.826 E/GeckoConsole( 1239): [JavaScript Warning: "Error in parsing value for 'transition-duration'.  Declaration dropped." {file: "http://315217.mippin.com/mip/raw/mippins/3/1/5/2/1/7/html5/" line: 0 column: 0 source: "0"}]
04-26 00:35:19.826 E/GeckoConsole( 1239): [JavaScript Warning: "Error in parsing value for 'transition-duration'.  Declaration dropped." {file: "http://315217.mippin.com/mip/raw/mippins/3/1/5/2/1/7/html5/" line: 0 column: 0 source: "0"}]
04-26 00:35:21.356 I/Gecko   (   83): [Parent 83] WARNING: waitpid failed pid:1162 errno:10: file ../../../gecko/ipc/chromium/src/base/process_util_posix.cc, line 254
04-26 00:35:21.356 I/Gecko   (   83): [Parent 83] WARNING: Failed to deliver SIGKILL to 1162!(3).: file ../../../gecko/ipc/chromium/src/chrome/common/process_watcher_posix_sigchld.cc, line 118
04-26 00:35:21.496 I/Gecko   (   83): 1398497721509	Marionette	INFO	sendToClient: {"from":"0","value":"http://315217.mippin.com/mip/raw/mippins/3/1/5/2/1/7/html5/"}, {00c766fd-025c-4220-8a76-733154ea3270}, {00c766fd-025c-4220-8a76-733154ea3270}
04-26 00:35:21.526 I/Gecko   (   83): 1398497721545	Marionette	DEBUG	Got request: execute, data: {"to":"0","sessionId":"3-b2g","name":"executeScript","parameters":{"specialPowers":false,"scriptTimeout":null,"newSandbox":true,"args":[],"filename":"app_checker.py","script":"return window.document.readyState;","line":191}}, id: {6e32b47c-524d-42d2-bbaa-293f4ad34e0e}
04-26 00:35:22.466 W/WifiHW  (   83): wifi_command: SIGNAL_POLL
04-26 00:35:26.436 E/GeckoConsole( 1239): [JavaScript Warning: "Error in parsing value for 'transition-duration'.  Declaration dropped." {file: "http://315217.mippin.com/mip/raw/mippins/3/1/5/2/1/7/html5/" line: 0 column: 0 source: "0"}]
04-26 00:35:28.226 I/GonkMemoryPressure(   83): Checking to see if memory pressure is over.
04-26 00:35:28.226 I/GonkMemoryPressure(   83): Memory pressure is over.
04-26 00:35:28.226 I/GonkMemoryPressure( 1239): Checking to see if memory pressure is over.
04-26 00:35:28.226 I/GonkMemoryPressure( 1239): Memory pressure is over.
04-26 00:35:28.326 I/GonkMemoryPressure( 1276): Checking to see if memory pressure is over.
04-26 00:35:28.366 I/GonkMemoryPressure( 1276): Memory pressure is over.
04-26 00:35:30.796 W/WifiHW  (   83): wifi_command: SIGNAL_POLL
04-26 00:35:31.006 I/Gecko   (   83): 1398497730985	Marionette	INFO	sendToClient: {"from":"0","value":"complete"}, {6e32b47c-524d-42d2-bbaa-293f4ad34e0e}, {6e32b47c-524d-42d2-bbaa-293f4ad34e0e}
04-26 00:35:32.406 I/Gecko   (   83): 1398497732423	Marionette	INFO	sendToClient: {"from":"0","value":"http://315217.mippin.com/mip/raw/mippins/3/1/5/2/1/7/html5/"}, {7b52f441-7ed4-4fba-a104-20ed7a7a556a}, {7b52f441-7ed4-4fba-a104-20ed7a7a556a}
04-26 00:35:32.686 I/Gecko   ( 1239): Attempting load of libEGL.so
04-26 00:35:32.746 D/libEGL  ( 1239): loaded /system/lib/egl/libEGL_mali.so
04-26 00:35:32.766 D/libEGL  ( 1239): loaded /system/lib/egl/libGLESv1_CM_mali.so
04-26 00:35:32.766 D/libEGL  ( 1239): loaded /system/lib/egl/libGLESv2_mali.so
04-26 00:35:32.806 I/Gecko   ( 1239): SharedSurface_Gralloc::Create -------
04-26 00:35:32.826 I/Gecko   ( 1239): SharedSurface_Gralloc::Create: success -- surface 0x432ae5c0, GraphicBuffer 0x44035200.
04-26 00:35:33.656 I/Gecko   (   83): 1398497733663	Marionette	INFO	sendToClient: {"from":"0","value":"iVBORw0KGgoAAAANSUhEUgAAAUAAAAHMCAYAAACk4nEJAAAgAElEQVR4nOy9fVhTZ57/787uXF9nr732Yna788t2+9sO8+3uTGa7v2/Zuv3K1GnXTJ0paWlLZugMaenUScViSpVSbDE+N8WHpqgYnzCiokFFQxUbVDSAoEEeDAgYBDRBeThCgAMEcoBA3r8/zskh4UF5UAN6v73eFyS5z33u+2Be53M/nlkDAwMYGBiA0+kkJiYmHpf37dvn8zJMxW7uzXK5XCAmJiaeiPfs2ePzMjwIzwIRERHRBLV3715fF+GBiACQiIhowiIAJCIiemJFAEhERPTEigCQiIjoiRUBIBER0RMrAkAiIqInVgSARERET6yeKAAODrrQ6xxAh6MXLd2Mt+2sbd0MbN0OdDh64RwYfNjl9okGBgfR1s2goa0DLpfrvuldLhf6BwbR3deP1uHXjbPNzsBmd6C92wFHX/+48iUi8rWeCAC6XC7YmT6UWBqw9+xFrE46jDU7k7F2937ea3axXrf7ABT7juKbjBwcLayEpaX9sfsy2+w92H42H7vSTqGvr2/MdC4A/QODqLPR+O5KGTaknsSqHclYu2u/17VzX7+VSYew7qgeSbnFuFRzG739/Y+uUkREk9BjD8CBwUHcbqWx6/QFfLRqA9Zv24Hv9GdgvFKEopKrI1xQVAzd6TP4bOMW/GnjbkQf1uN6XcNjA0EXgBtNNizasg/JR9LAMMzo6VwudDn6cP5aNT5V7cTSrzYh+UgacvMujXrdCkuuwnAxH9/u3Y/316rwwa5jSLlYjD4CQaJprMcagIODg6imbFi+6xA+XfM1cvMuof7OHXR0dMDhcIBhGPT29nqZYRh0d3eDoijsOKLDO/G7EbMnFR1d3RjOwEGXC33OAdi6elDXSsNqo2G1taOulUYT3YWmDjuoDjvsTB8GB72b0739Tlib23
04-26 00:35:33.696 E/GeckoConsole( 1239): [JavaScript Warning: "Error in parsing value for 'transition-duration'.  Declaration dropped." {file: "http://315217.mippin.com/mip/raw/mippins/3/1/5/2/1/7/html5/" line: 0 column: 0 source: "0"}]
04-26 00:35:33.696 E/GeckoConsole( 1239): [JavaScript Warning: "Error in parsing value for 'transition-duration'.  Declaration dropped." {file: "http://315217.mippin.com/mip/raw/mippins/3/1/5/2/1/7/html5/" line: 0 column: 0 source: "0"}]
04-26 00:35:33.976 I/Gecko   (   83): 1398497733988	Marionette	INFO	sendToClient: {"from":"0","ok":true}, {6ba98827-1ec9-4719-b834-84983ea62533}, {6ba98827-1ec9-4719-b834-84983ea62533}
04-26 00:35:33.986 I/Gecko   (   83): 1398497733996	Marionette	DEBUG	Got request: switchToFrame, data: {"to":"0","sessionId":"3-b2g","name":"switchToFrame","parameters":{"id":null,"focus":true}}, id: {cc6e0e06-8971-4516-b7f4-4fa645b87f33}
04-26 00:35:34.046 I/Gecko   (   83): 1398497734064	Marionette	INFO	Switched to frame: {"frameValue":null}
04-26 00:35:34.186 I/Gecko   (   83): 1398497734203	Marionette	INFO	sendToClient: {"from":"0","ok":true}, {cc6e0e06-8971-4516-b7f4-4fa645b87f33}, {cc6e0e06-8971-4516-b7f4-4fa645b87f33}
04-26 00:35:34.196 I/Gecko   (   83): 1398497734211	Marionette	DEBUG	Got request: executeWithCallback, data: {"to":"0","sessionId":"3-b2g","name":"executeAsyncScript","parameters":{"specialPowers":false,"scriptTimeout":null,"newSandbox":true,"args":[],"filename":"gaia_test.py","script":"return GaiaApps.displayedApp();","line":66}}, id: {f01b8af6-c238-4d84-9172-efa71d41b169}
04-26 00:35:34.426 E/Profiler(   83): BPUnw: [1 total] thread_unregister_for_profiling(me=0x155e530)  (NOT REGISTERED) 
04-26 00:35:34.506 E/GeckoConsole(   83): Content JS LOG at dummy file:392 in GaiaApps.displayedApp: app with origin 'http://315217.mippin.com' is displayed
04-26 00:35:34.506 I/Gecko   (   83): 1398497734526	Marionette	INFO	sendToClient: {"from":"0","value":{"frame":{"ELEMENT":"{7909bc30-b51a-4435-9486-bf747593879d}"},"src":"http://315217.mippin.com/mip/raw/mippins/3/1/5/2/1/7/html5","name":"Nerd News","origin":"http://315217.mippin.com"}}, {f01b8af6-c238-4d84-9172-efa71d41b169}, {f01b8af6-c238-4d84-9172-efa71d41b169}
04-26 00:35:34.516 I/Gecko   (   83): 1398497734533	Marionette	DEBUG	Got request: switchToFrame, data: {"to":"0","sessionId":"3-b2g","name":"switchToFrame","parameters":{"id":null,"focus":true}}, id: {9e39ea2e-ed2d-409e-a9ba-dfaa56cd498c}
04-26 00:35:34.516 I/Gecko   (   83): 1398497734535	Marionette	INFO	Switched to frame: {"frameValue":null}
04-26 00:35:34.626 I/Gecko   (   83): 1398497734638	Marionette	INFO	sendToClient: {"from":"0","ok":true}, {9e39ea2e-ed2d-409e-a9ba-dfaa56cd498c}, {9e39ea2e-ed2d-409e-a9ba-dfaa56cd498c}
04-26 00:35:34.626 I/Gecko   (   83): 1398497734645	Marionette	DEBUG	Got request: execute, data: {"to":"0","sessionId":"3-b2g","name":"executeScript","parameters":{"specialPowers":false,"scriptTimeout":null,"newSandbox":true,"args":[],"filename":"gaia_test.py","script":"window.wrappedJSObject.dispatchEvent(new Event('home'));","line":788}}, id: {52f6d812-c23c-4a3f-b4e3-f8d1947f8ebc}
04-26 00:35:34.696 I/GonkMemoryPressure( 1239): Checking to see if memory pressure is over.
04-26 00:35:34.696 I/GonkMemoryPressure(   83): Checking to see if memory pressure is over.
04-26 00:35:34.696 I/GonkMemoryPressure(   83): Memory pressure is over.
04-26 00:35:34.706 I/GonkMemoryPressure( 1239): Memory pressure is over.
04-26 00:35:34.746 I/GonkMemoryPressure( 1276): Checking to see if memory pressure is over.
04-26 00:35:34.756 I/GonkMemoryPressure( 1276): Memory pressure is over.
04-26 00:35:34.986 I/Gonk    (   83): Setting nice for pid 1276 to 18
04-26 00:35:34.986 I/Gonk    (   83): Changed nice for pid 1276 from 18 to 18.
04-26 00:35:34.986 I/Gecko   (   83): [Parent 83] WARNING: waitpid failed pid:1276 errno:10: file ../../../gecko/ipc/chromium/src/base/process_util_posix.cc, line 254
04-26 00:35:34.986 I/Gonk    (   83): Setting nice for pid 1276 to 1
04-26 00:35:34.986 I/Gonk    (   83): Changed nice for pid 1276 from 18 to 1.
04-26 00:35:35.006 E/Profiler(   83): BPUnw: [1 total] thread_unregister_for_profiling(me=0x154bea8)  (NOT REGISTERED) 
04-26 00:35:35.026 D/Sensors (   83): activate handle=0; drv=0
04-26 00:35:35.046 D/Sensors (   83): Lis3dhSensor: Control set 0
04-26 00:35:35.046 D/Sensors (   83): Lis3dhSensor: mEnabled = 0
04-26 00:35:35.096 I/Gecko   ( 1239): [SharedSurface_Gralloc 0x432ae5c0] destroyed
04-26 00:35:35.206 E/Profiler(   83): BPUnw: [1 total] thread_unregister_for_profiling(me=0x1553708)  (NOT REGISTERED) 
04-26 00:35:35.486 E/Profiler(   83): BPUnw: [1 total] thread_unregister_for_profiling(me=0x155e600)  (NOT REGISTERED) 
04-26 00:35:37.386 I/Gecko   (   83): 1398497737399	Marionette	INFO	sendToClient: {"from":"0","value":null}, {52f6d812-c23c-4a3f-b4e3-f8d1947f8ebc}, {52f6d812-c23c-4a3f-b4e3-f8d1947f8ebc}
04-26 00:35:37.396 W/WifiHW  (   83): wifi_command: SIGNAL_POLL
04-26 00:35:38.766 I/Gonk    (   83): Setting nice for pid 1239 to 18
04-26 00:35:38.816 I/Gonk    (   83): Changed nice for pid 1239 from 1 to 18.
04-26 00:35:38.896 I/Gecko   (   83): 1398497738911	Marionette	DEBUG	Got request: switchToFrame, data: {"to":"0","sessionId":"3-b2g","name":"switchToFrame","parameters":{"id":null,"focus":true}}, id: {56a82232-326f-439e-97c3-b1846f49d52e}
04-26 00:35:38.896 I/Gecko   (   83): 1398497738916	Marionette	INFO	Switched to frame: {"frameValue":null}
04-26 00:35:39.036 I/Gecko   (   83): 1398497739052	Marionette	INFO	sendToClient: {"from":"0","ok":true}, {56a82232-326f-439e-97c3-b1846f49d52e}, {56a82232-326f-439e-97c3-b1846f49d52e}
04-26 00:35:39.046 I/Gecko   (   83): 1398497739060	Marionette	DEBUG	Got request: executeWithCallback, data: {"to":"0","sessionId":"3-b2g","name":"executeAsyncScript","parameters":{"specialPowers":false,"scriptTimeout":null,"newSandbox":true,"args":[],"filename":"gaia_test.py","script":"return GaiaApps.displayedApp();","line":66}}, id: {c2b1f63f-1e10-46b3-8568-2320c79a2b6d}
04-26 00:35:39.226 E/GeckoConsole(   83): Content JS LOG at dummy file:392 in GaiaApps.displayedApp: app with origin 'app://homescreen.gaiamobile.org' is displayed
04-26 00:35:39.226 I/Gecko   (   83): 1398497739238	Marionette	INFO	sendToClient: {"from":"0","value":{"frame":{"ELEMENT":"{4c29e95a-1b6c-4210-9195-fa574a282296}"},"src":"app://homescreen.gaiamobile.org/index.html#root","name":"Homescreen","origin":"app://homescreen.gaiamobile.org"}}, {c2b1f63f-1e10-46b3-8568-2320c79a2b6d}, {c2b1f63f-1e10-46b3-8568-2320c79a2b6d}
04-26 00:35:39.236 I/Gecko   (   83): 1398497739255	Marionette	DEBUG	Got request: switchToFrame, data: {"to":"0","sessionId":"3-b2g","name":"switchToFrame","parameters":{"id":null,"focus":true}}, id: {3ed6f9b9-a5d2-42a3-8159-9c046fe78028}
04-26 00:35:39.246 I/Gecko   (   83): 1398497739258	Marionette	INFO	Switched to frame: {"frameValue":null}
04-26 00:35:39.256 I/Gecko   ( 1276): ###################################### forms.js loaded
04-26 00:35:39.306 I/Gecko   ( 1276): ############################### browserElementPanning.js loaded
04-26 00:35:39.356 I/Gecko   (   83): 1398497739369	Marionette	INFO	sendToClient: {"from":"0","ok":true}, {3ed6f9b9-a5d2-42a3-8159-9c046fe78028}, {3ed6f9b9-a5d2-42a3-8159-9c046fe78028}
04-26 00:35:39.356 I/Gecko   (   83): 1398497739375	Marionette	DEBUG	Got request: switchToFrame, data: {"to":"0","sessionId":"3-b2g","name":"switchToFrame","parameters":{"id":null,"focus":true}}, id: {d71191e9-d1f2-4349-854f-707e9790b23d}
04-26 00:35:39.366 I/Gecko   (   83): 1398497739378	Marionette	INFO	Switched to frame: {"frameValue":null}
04-26 00:35:39.366 I/Gecko   ( 1276): ######################## BrowserElementChildPreload.js loaded
04-26 00:35:39.486 I/Gecko   (   83): 1398497739500	Marionette	INFO	sendToClient: {"from":"0","ok":true}, {d71191e9-d1f2-4349-854f-707e9790b23d}, {d71191e9-d1f2-4349-854f-707e9790b23d}
04-26 00:35:39.496 I/Gecko   (   83): 1398497739507	Marionette	DEBUG	Got request: executeWithCallback, data: {"to":"0","sessionId":"3-b2g","name":"executeAsyncScript","parameters":{"specialPowers":false,"scriptTimeout":null,"newSandbox":true,"args":[],"filename":"gaia_test.py","script":"return GaiaApps.displayedApp();","line":66}}, id: {be5c1c80-e5fe-4472-b864-2fb356d7a6d9}
04-26 00:35:39.566 E/GeckoConsole(   83): Content JS LOG at dummy file:392 in GaiaApps.displayedApp: app with origin 'app://homescreen.gaiamobile.org' is displayed
04-26 00:35:39.566 I/Gecko   (   83): 1398497739580	Marionette	INFO	sendToClient: {"from":"0","value":{"frame":{"ELEMENT":"{4c29e95a-1b6c-4210-9195-fa574a282296}"},"src":"app://homescreen.gaiamobile.org/index.html#root","name":"Homescreen","origin":"app://homescreen.gaiamobile.org"}}, {be5c1c80-e5fe-4472-b864-2fb356d7a6d9}, {be5c1c80-e5fe-4472-b864-2fb356d7a6d9}
04-26 00:35:39.566 I/Gecko   (   83): 1398497739586	Marionette	DEBUG	Got request: switchToFrame, data: {"to":"0","sessionId":"3-b2g","name":"switchToFrame","parameters":{"focus":true,"element":"{4c29e95a-1b6c-4210-9195-fa574a282296}"}}, id: {9eadbd07-823d-41a5-b64d-b9e664fcb321}
04-26 00:35:39.576 I/Gecko   (   83): 1398497739594	Marionette	INFO	Switched to frame: {"frameValue":"{4c29e95a-1b6c-4210-9195-fa574a282296}"}
04-26 00:35:39.596 I/Gecko   (   83): 1398497739609	Marionette	INFO	trying remote frame 0
04-26 00:35:39.596 I/Gecko   (   83): 1398497739610	Marionette	INFO	deleting frame
04-26 00:35:39.596 I/Gecko   (   83): 1398497739611	Marionette	INFO	trying remote frame 1
04-26 00:35:39.596 I/Gecko   (   83): 1398497739616	Marionette	INFO	frame-manager load script: [object ChromeMessageSender]
04-26 00:35:39.816 I/GonkMemoryPressure( 1276): Checking to see if memory pressure is over.
04-26 00:35:39.816 I/GonkMemoryPressure( 1276): Memory pressure is over.
04-26 00:35:39.816 I/GonkMemoryPressure(   83): Checking to see if memory pressure is over.
04-26 00:35:39.816 I/GonkMemoryPressure(   83): Memory pressure is over.
04-26 00:35:39.966 I/Gecko   (   83): [Parent 83] WARNING: pipe error (94): Connection reset by peer: file ../../../gecko/ipc/chromium/src/chrome/common/ipc_channel_posix.cc, line 446
04-26 00:35:39.966 I/Gecko   (   83): 
04-26 00:35:39.966 I/Gecko   (   83): ###!!! [Parent][MessageChannel] Error: Channel error: cannot send/recv
04-26 00:35:39.966 I/Gecko   (   83): 
04-26 00:35:40.066 I/Gecko   (   83): [Parent 83] WARNING: waitpid failed pid:1239 errno:10: file ../../../gecko/ipc/chromium/src/base/process_util_posix.cc, line 254
04-26 00:35:40.116 I/Gonk    (   83): Setting nice for pid 1302 to 18
04-26 00:35:40.116 I/Gonk    (   83): Changed nice for pid 1302 from 0 to 18.
04-26 00:35:40.546 I/Gecko   (   83): 1398497740564	Marionette	INFO	sendToClient: {"from":"0","ok":true}, {9eadbd07-823d-41a5-b64d-b9e664fcb321}, {9eadbd07-823d-41a5-b64d-b9e664fcb321}
04-26 00:35:40.746 I/Gecko   (   83): 1398497740766	Marionette	INFO	sendToClient: {"from":"0","value":"app://homescreen.gaiamobile.org/index.html#root"}, {c7267d53-8369-4120-8c94-2856ee864f2a}, {c7267d53-8369-4120-8c94-2856ee864f2a}
04-26 00:35:40.756 I/Gecko   (   83): 1398497740772	Marionette	DEBUG	Got request: switchToFrame, data: {"to":"0","sessionId":"3-b2g","name":"switchToFrame","parameters":{"id":null,"focus":true}}, id: {87d2566f-d21e-4f58-9c57-735e4dfad4b9}
04-26 00:35:40.766 I/Gecko   (   83): 1398497740785	Marionette	INFO	Switched to frame: {"frameValue":null}
04-26 00:35:40.876 I/Gecko   (   83): 1398497740890	Marionette	INFO	sendToClient: {"from":"0","ok":true}, {87d2566f-d21e-4f58-9c57-735e4dfad4b9}, {87d2566f-d21e-4f58-9c57-735e4dfad4b9}
04-26 00:35:40.876 I/Gecko   (   83): 1398497740896	Marionette	DEBUG	Got request: switchToFrame, data: {"to":"0","sessionId":"3-b2g","name":"switchToFrame","parameters":{"id":null,"focus":true}}, id: {7c4aa965-b227-405e-9230-5f5f645f638f}
04-26 00:35:40.886 I/Gecko   (   83): 1398497740898	Marionette	INFO	Switched to frame: {"frameValue":null}
04-26 00:35:40.986 I/Gecko   (   83): 1398497741000	Marionette	INFO	sendToClient: {"from":"0","ok":true}, {7c4aa965-b227-405e-9230-5f5f645f638f}, {7c4aa965-b227-405e-9230-5f5f645f638f}
04-26 00:35:40.996 I/Gecko   (   83): 1398497741007	Marionette	DEBUG	Got request: executeWithCallback, data: {"to":"0","sessionId":"3-b2g","name":"executeAsyncScript","parameters":{"specialPowers":false,"scriptTimeout":null,"newSandbox":true,"args":[],"filename":"gaia_test.py","script":"GaiaApps.killAll()","line":91}}, id: {132664ab-6e63-4271-b178-3e3630c831d2}
04-26 00:35:41.216 E/GeckoConsole(   83): Content JS LOG at dummy file:266 in GaiaApps.kill: terminating app with origin 'app://browser.gaiamobile.org'
04-26 00:35:41.226 E/GeckoConsole(   83): Content JS LOG at dummy file:258 in GaiaApps.kill/gt_onAppTerminated/<: app with origin 'app://browser.gaiamobile.org' has terminated
04-26 00:35:41.406 I/Gecko   (   83): 1398497741417	Marionette	INFO	sendToClient: {"from":"0","value":true}, {132664ab-6e63-4271-b178-3e3630c831d2}, {132664ab-6e63-4271-b178-3e3630c831d2}