--------- beginning of /dev/log/main
04-26 17:30:35.755 I/Gecko   (   83): 1398558635739	Marionette	INFO	sendToClient: {"from":"0","ok":true}, {e100d01c-621c-4a22-869a-7eba63e36857}, {e100d01c-621c-4a22-869a-7eba63e36857}
04-26 17:30:35.785 I/Gecko   (   83): 1398558635790	Marionette	DEBUG	Got request: switchToFrame, data: {"to":"0","sessionId":"3-b2g","name":"switchToFrame","parameters":{"id":null,"focus":true}}, id: {77d22204-7a55-4729-8b59-29bcaf22c20c}
04-26 17:30:35.795 I/Gecko   (   83): 1398558635802	Marionette	INFO	Switched to frame: {"frameValue":null}
04-26 17:30:35.895 I/Gecko   (   83): 1398558635907	Marionette	INFO	sendToClient: {"from":"0","ok":true}, {77d22204-7a55-4729-8b59-29bcaf22c20c}, {77d22204-7a55-4729-8b59-29bcaf22c20c}
04-26 17:30:35.905 I/Gecko   (   83): 1398558635916	Marionette	DEBUG	Got request: executeWithCallback, data: {"to":"0","sessionId":"3-b2g","name":"executeAsyncScript","parameters":{"specialPowers":false,"scriptTimeout":null,"newSandbox":true,"args":[],"filename":"gaia_test.py","script":"return GaiaApps.displayedApp();","line":66}}, id: {fe68d2bb-90eb-49a6-ab80-6239d24cda09}
04-26 17:30:35.995 I/Gecko   (   83): 1398558636005	Marionette	INFO	sendToClient: {"from":"0","value":{"frame":{"ELEMENT":"{ace2cb30-8cc2-455b-8f3a-b1699fefb787}"},"src":"app://homescreen.gaiamobile.org/index.html#root","name":"Homescreen","origin":"app://homescreen.gaiamobile.org"}}, {fe68d2bb-90eb-49a6-ab80-6239d24cda09}, {fe68d2bb-90eb-49a6-ab80-6239d24cda09}
04-26 17:30:36.005 E/GeckoConsole(   83): Content JS LOG at dummy file:392 in GaiaApps.displayedApp: app with origin 'app://homescreen.gaiamobile.org' is displayed
04-26 17:30:36.005 I/Gecko   (   83): 1398558636017	Marionette	DEBUG	Got request: switchToFrame, data: {"to":"0","sessionId":"3-b2g","name":"switchToFrame","parameters":{"id":null,"focus":true}}, id: {5b88f16a-217a-4d80-bf08-ff49dd228f9c}
04-26 17:30:36.005 I/Gecko   (   83): 1398558636018	Marionette	INFO	Switched to frame: {"frameValue":null}
04-26 17:30:36.115 I/Gecko   (   83): 1398558636122	Marionette	INFO	sendToClient: {"from":"0","ok":true}, {5b88f16a-217a-4d80-bf08-ff49dd228f9c}, {5b88f16a-217a-4d80-bf08-ff49dd228f9c}
04-26 17:30:36.115 I/Gecko   (   83): 1398558636128	Marionette	DEBUG	Got request: switchToFrame, data: {"to":"0","sessionId":"3-b2g","name":"switchToFrame","parameters":{"id":null,"focus":true}}, id: {46131b83-e5e1-4190-9cb7-6ea3fa5b9099}
04-26 17:30:36.125 I/Gecko   (   83): 1398558636130	Marionette	INFO	Switched to frame: {"frameValue":null}
04-26 17:30:36.235 I/Gecko   (   83): 1398558636248	Marionette	INFO	sendToClient: {"from":"0","ok":true}, {46131b83-e5e1-4190-9cb7-6ea3fa5b9099}, {46131b83-e5e1-4190-9cb7-6ea3fa5b9099}
04-26 17:30:36.255 I/Gecko   (   83): 1398558636267	Marionette	DEBUG	Got request: executeWithCallback, data: {"to":"0","sessionId":"3-b2g","name":"executeAsyncScript","parameters":{"specialPowers":false,"scriptTimeout":null,"newSandbox":true,"args":[],"filename":"gaia_test.py","script":"return GaiaApps.displayedApp();","line":66}}, id: {0a6a2a63-594e-41b7-8cb4-3ea67dec0920}
04-26 17:30:36.315 I/Gecko   (   83): 1398558636326	Marionette	INFO	sendToClient: {"from":"0","value":{"frame":{"ELEMENT":"{ace2cb30-8cc2-455b-8f3a-b1699fefb787}"},"src":"app://homescreen.gaiamobile.org/index.html#root","name":"Homescreen","origin":"app://homescreen.gaiamobile.org"}}, {0a6a2a63-594e-41b7-8cb4-3ea67dec0920}, {0a6a2a63-594e-41b7-8cb4-3ea67dec0920}
04-26 17:30:36.325 E/GeckoConsole(   83): Content JS LOG at dummy file:392 in GaiaApps.displayedApp: app with origin 'app://homescreen.gaiamobile.org' is displayed
04-26 17:30:36.335 I/Gecko   (   83): 1398558636341	Marionette	DEBUG	Got request: switchToFrame, data: {"to":"0","sessionId":"3-b2g","name":"switchToFrame","parameters":{"focus":true,"element":"{ace2cb30-8cc2-455b-8f3a-b1699fefb787}"}}, id: {5a4673c3-2b49-45d2-af61-828efc9e5163}
04-26 17:30:36.335 I/Gecko   (   83): 1398558636348	Marionette	INFO	Switched to frame: {"frameValue":"{ace2cb30-8cc2-455b-8f3a-b1699fefb787}"}
04-26 17:30:36.355 I/Gecko   (   83): 1398558636363	Marionette	INFO	trying remote frame 0
04-26 17:30:36.355 I/Gecko   (   83): 1398558636367	Marionette	INFO	trying remote frame 1
04-26 17:30:36.365 I/Gecko   (   83): 1398558636370	Marionette	INFO	deleting frame
04-26 17:30:36.365 I/Gecko   (   83): 1398558636375	Marionette	INFO	frame-manager load script: [object ChromeMessageSender]
04-26 17:30:36.695 I/Gecko   (   83): 1398558636707	Marionette	INFO	sendToClient: {"from":"0","ok":true}, {5a4673c3-2b49-45d2-af61-828efc9e5163}, {5a4673c3-2b49-45d2-af61-828efc9e5163}
04-26 17:30:36.855 I/Gecko   (   83): 1398558636859	Marionette	INFO	sendToClient: {"from":"0","value":{"ELEMENT":"{d7e1da77-1838-47bb-a963-aea85d9fa093}"}}, {25feb329-a7dc-435d-a900-6355dc67334d}, {25feb329-a7dc-435d-a900-6355dc67334d}
04-26 17:30:37.275 E/GeckoConsole( 1455): [JavaScript Warning: "Use of getAttributeNode() is deprecated. Use getAttribute() instead." {file: "chrome://marionette/content/atoms.js" line: 25}]
04-26 17:30:37.295 E/GeckoConsole( 1455): [JavaScript Warning: "Use of attributes' specified attribute is deprecated. It always returns true." {file: "chrome://marionette/content/atoms.js" line: 25}]
04-26 17:30:37.295 I/Gecko   (   83): 1398558637303	Marionette	INFO	sendToClient: {"from":"0","value":"normal"}, {158f40f6-cef4-4ba2-8e87-b5b787dc30a9}, {158f40f6-cef4-4ba2-8e87-b5b787dc30a9}
04-26 17:30:37.305 I/Gecko   (   83): 1398558637310	Marionette	DEBUG	Got request: switchToFrame, data: {"to":"0","sessionId":"3-b2g","name":"switchToFrame","parameters":{"id":null,"focus":true}}, id: {25b101fa-a033-454f-a14c-d244b296078f}
04-26 17:30:37.305 I/Gecko   (   83): 1398558637319	Marionette	INFO	Switched to frame: {"frameValue":null}
04-26 17:30:37.425 I/Gecko   (   83): 1398558637438	Marionette	INFO	sendToClient: {"from":"0","ok":true}, {25b101fa-a033-454f-a14c-d244b296078f}, {25b101fa-a033-454f-a14c-d244b296078f}
04-26 17:30:37.435 I/Gecko   (   83): 1398558637444	Marionette	DEBUG	Got request: execute, data: {"to":"0","sessionId":"3-b2g","name":"executeScript","parameters":{"specialPowers":false,"scriptTimeout":null,"newSandbox":true,"args":[],"filename":"gaia_test.py","script":"window.wrappedJSObject.dispatchEvent(new Event('home'));","line":788}}, id: {af6da459-94f4-4f33-9c05-b50b111fd907}
04-26 17:30:37.485 V/AudioPolicyManagerBase(   88): startOutput() output 1, stream 1, session 6
04-26 17:30:37.485 V/AudioPolicyManagerBase(   88): changeRefCount() stream 1, count 1
04-26 17:30:37.485 V/AudioPolicyManagerBase(   88): getDeviceForStrategy() from cache strategy 0, device 2
04-26 17:30:37.485 V/AudioPolicyManagerBase(   88): getNewDevice() selected device 2
04-26 17:30:37.485 D/AudioPolicyManagerBase(   88): setOutputDevice() output 1 device 2 delayMs 0
04-26 17:30:37.485 V/AudioPolicyManagerBase(   88): setOutputDevice() setting same device 2 or null device for output 1
04-26 17:30:37.485 E/AudioPolicyManagerBase(   88): checkAndSetVolume stream=1, index=15, output=1, device=2
04-26 17:30:37.485 E/AudioPolicyManagerBase(   88): computeVolume, streamDesc=0x1ccdbb0
04-26 17:30:37.485 V/AudioPolicyManagerBase(   88): VOLUME vol index=[60 100 100], dB=[-11.0 0.0 0.0] ampl=1.00000
04-26 17:30:37.555 W/AudioFlinger(   88): Thread AudioOut_1 cannot connect to the power manager service
04-26 17:30:37.555 V/AudioPolicyManagerBase(   88): stopOutput() output 1, stream 1, session 6
04-26 17:30:37.555 V/AudioPolicyManagerBase(   88): changeRefCount() stream 1, count 0
04-26 17:30:37.555 V/AudioPolicyManagerBase(   88): getNewDevice() selected device 0
04-26 17:30:37.555 D/AudioPolicyManagerBase(   88): setOutputDevice() output 1 device 0 delayMs 290
04-26 17:30:37.555 V/AudioPolicyManagerBase(   88): setOutputDevice() setting same device 0 or null device for output 1
04-26 17:30:37.565 V/AudioPolicyManagerBase(   88): startOutput() output 1, stream 1, session 6
04-26 17:30:37.565 V/AudioPolicyManagerBase(   88): changeRefCount() stream 1, count 1
04-26 17:30:37.565 V/AudioPolicyManagerBase(   88): getDeviceForStrategy() from cache strategy 0, device 2
04-26 17:30:37.565 V/AudioPolicyManagerBase(   88): getNewDevice() selected device 2
04-26 17:30:37.565 D/AudioPolicyManagerBase(   88): setOutputDevice() output 1 device 2 delayMs 0
04-26 17:30:37.565 V/AudioPolicyManagerBase(   88): setOutputDevice() setting same device 2 or null device for output 1
04-26 17:30:37.565 E/AudioPolicyManagerBase(   88): checkAndSetVolume stream=1, index=15, output=1, device=2
04-26 17:30:37.565 E/AudioPolicyManagerBase(   88): computeVolume, streamDesc=0x1ccdbb0
04-26 17:30:37.565 V/AudioPolicyManagerBase(   88): VOLUME vol index=[60 100 100], dB=[-11.0 0.0 0.0] ampl=1.00000
04-26 17:30:37.575 V/AudioPolicyManagerBase(   88): stopOutput() output 1, stream 1, session 6
04-26 17:30:37.575 V/AudioPolicyManagerBase(   88): changeRefCount() stream 1, count 0
04-26 17:30:37.575 V/AudioPolicyManagerBase(   88): getNewDevice() selected device 0
04-26 17:30:37.575 D/AudioPolicyManagerBase(   88): setOutputDevice() output 1 device 0 delayMs 290
04-26 17:30:37.575 V/AudioPolicyManagerBase(   88): setOutputDevice() setting same device 0 or null device for output 1
04-26 17:30:37.575 I/Gecko   (   83): 1398558637583	Marionette	INFO	sendToClient: {"from":"0","value":null}, {af6da459-94f4-4f33-9c05-b50b111fd907}, {af6da459-94f4-4f33-9c05-b50b111fd907}
04-26 17:30:37.575 V/AudioPolicyManagerBase(   88): releaseOutput() 1
04-26 17:30:37.585 I/Gecko   (   83): 1398558637591	Marionette	DEBUG	Got request: switchToFrame, data: {"to":"0","sessionId":"3-b2g","name":"switchToFrame","parameters":{"id":null,"focus":true}}, id: {2acf047b-ba21-490c-9eff-58dfbe52a0d8}
04-26 17:30:37.585 I/Gecko   (   83): 1398558637593	Marionette	INFO	Switched to frame: {"frameValue":null}
04-26 17:30:37.695 I/Gecko   (   83): 1398558637709	Marionette	INFO	sendToClient: {"from":"0","ok":true}, {2acf047b-ba21-490c-9eff-58dfbe52a0d8}, {2acf047b-ba21-490c-9eff-58dfbe52a0d8}
04-26 17:30:37.705 I/Gecko   (   83): 1398558637716	Marionette	DEBUG	Got request: switchToFrame, data: {"to":"0","sessionId":"3-b2g","name":"switchToFrame","parameters":{"id":null,"focus":true}}, id: {307ae1ee-03bc-4e6b-a995-9d4c67ec3492}
04-26 17:30:37.705 I/Gecko   (   83): 1398558637718	Marionette	INFO	Switched to frame: {"frameValue":null}
04-26 17:30:37.815 I/Gecko   (   83): 1398558637820	Marionette	INFO	sendToClient: {"from":"0","ok":true}, {307ae1ee-03bc-4e6b-a995-9d4c67ec3492}, {307ae1ee-03bc-4e6b-a995-9d4c67ec3492}
04-26 17:30:37.815 I/Gecko   (   83): 1398558637827	Marionette	DEBUG	Got request: executeWithCallback, data: {"to":"0","sessionId":"3-b2g","name":"executeAsyncScript","parameters":{"specialPowers":false,"scriptTimeout":null,"newSandbox":true,"args":[],"filename":"gaia_test.py","script":"return GaiaApps.displayedApp();","line":66}}, id: {5014eadd-ab93-4cb2-89bf-c07b8a83d873}
04-26 17:30:37.905 E/GeckoConsole(   83): Content JS LOG at dummy file:392 in GaiaApps.displayedApp: app with origin 'app://homescreen.gaiamobile.org' is displayed
04-26 17:30:37.905 I/Gecko   (   83): 1398558637911	Marionette	INFO	sendToClient: {"from":"0","value":{"frame":{"ELEMENT":"{ace2cb30-8cc2-455b-8f3a-b1699fefb787}"},"src":"app://homescreen.gaiamobile.org/index.html#rootSat%20Apr%2026%202014%2017:30:37%20GMT-0700%20(UTC)","name":"Homescreen","origin":"app://homescreen.gaiamobile.org"}}, {5014eadd-ab93-4cb2-89bf-c07b8a83d873}, {5014eadd-ab93-4cb2-89bf-c07b8a83d873}
04-26 17:30:37.915 I/Gecko   (   83): 1398558637925	Marionette	DEBUG	Got request: switchToFrame, data: {"to":"0","sessionId":"3-b2g","name":"switchToFrame","parameters":{"focus":true,"element":"{ace2cb30-8cc2-455b-8f3a-b1699fefb787}"}}, id: {1f9a4e7b-4f74-45a1-b7c8-e50b0b2a5b10}
04-26 17:30:37.925 I/Gecko   (   83): 1398558637935	Marionette	INFO	Switched to frame: {"frameValue":"{ace2cb30-8cc2-455b-8f3a-b1699fefb787}"}
04-26 17:30:37.935 I/Gecko   (   83): 1398558637939	Marionette	INFO	trying remote frame 0
04-26 17:30:37.945 I/Gecko   (   83): 1398558637950	Marionette	INFO	trying remote frame 1
04-26 17:30:38.175 I/Gecko   (   83): 1398558638184	Marionette	INFO	sendToClient: {"from":"0","ok":true}, {1f9a4e7b-4f74-45a1-b7c8-e50b0b2a5b10}, {1f9a4e7b-4f74-45a1-b7c8-e50b0b2a5b10}
04-26 17:30:38.185 I/Gecko   (   83): 1398558638193	Marionette	DEBUG	Got request: execute, data: {"to":"0","sessionId":"3-b2g","name":"executeScript","parameters":{"specialPowers":false,"scriptTimeout":null,"newSandbox":true,"args":[],"filename":"gaia_test.py","script":"return window.wrappedJSObject.GridManager.pageHelper.getCurrentPageNumber();","line":784}}, id: {36267db0-d799-493e-aa45-bf49fefb780b}
04-26 17:30:38.435 I/Gecko   (   83): 1398558638448	Marionette	INFO	sendToClient: {"from":"0","value":0}, {36267db0-d799-493e-aa45-bf49fefb780b}, {36267db0-d799-493e-aa45-bf49fefb780b}
04-26 17:30:39.575 I/Gecko   (   83): 1398558639587	Marionette	INFO	sendToClient: {"from":"0","value":["{380fb91e-44d4-47b0-bcba-cc275aec009c}","{c195a20d-b6f7-438e-8b78-d3bba6da4080}","{7a4bcd66-a59e-4bc4-b9ac-cd659f4065a2}","{7e256d2e-7b4e-4b11-8115-92e62174a1f5}","{fd8c6efa-acdf-4158-b0e1-3de4edb77162}","{fb949884-4ca1-47be-a052-7c93e2ee3094}","{85c72f90-5153-425d-8698-f7ebd3ef32d3}","{6b5256dc-6c28-4ed0-be25-f6849263b549}","{82cb13f5-300e-4990-b2e1-f4c4fc9761c8}","{82a0464f-b125-45e0-9ce0-0cecd625a19e}","{4111c4db-171a-4780-bc92-f9d1b0272d05}","{b276cbbe-31e9-4b49-a084-1a0e38a32a64}","{db481c1e-8b6e-4e6d-a292-4106c9734f49}","{40d04a4b-88f2-43be-b2dd-b6ab2edd1df4}","{74da3bc8-9185-465a-b5b7-abf3b71b1b66}","{bcbdb611-a984-4e03-a7c8-6c34e2a4d65a}","{f439d019-be2d-40cc-a893-b8bfd0ecbc9b}","{dc98b1f9-9f51-4275-9913-8f28156ac1f8}","{40c7d6a6-ddc6-4bde-9982-1c32c055d736}","{b9afaf70-e8a3-45b7-a31b-9a8602a8b5c2}","{ba09daff-dc33-4143-871c-c085104becd4}","{240fd0d2-b82c-4264-8db3-e8dbfc5be09c}","{82e483d9-9624-4be5-91bc-2887a932acb3}","{63302696-1abd
04-26 17:30:39.685 E/GeckoConsole( 1455): Content JS WARN at app://homescreen.gaiamobile.org/gaia_build_defer_index.js:184 in isHiddenApp: Unexpected role when checking hidden app: undefined
04-26 17:30:39.685 E/GeckoConsole( 1455): Content JS WARN at app://homescreen.gaiamobile.org/gaia_build_defer_index.js:184 in isHiddenApp: Unexpected role when checking hidden app: undefined
04-26 17:30:39.685 E/GeckoConsole( 1455): Content JS WARN at app://homescreen.gaiamobile.org/gaia_build_defer_index.js:184 in isHiddenApp: Unexpected role when checking hidden app: undefined
04-26 17:30:39.685 E/GeckoConsole( 1455): Content JS WARN at app://homescreen.gaiamobile.org/gaia_build_defer_index.js:184 in isHiddenApp: Unexpected role when checking hidden app: undefined
04-26 17:30:39.685 E/GeckoConsole( 1455): Content JS WARN at app://homescreen.gaiamobile.org/gaia_build_defer_index.js:184 in isHiddenApp: Unexpected role when checking hidden app: undefined
04-26 17:30:39.685 E/GeckoConsole( 1455): Content JS WARN at app://homescreen.gaiamobile.org/gaia_build_defer_index.js:184 in isHiddenApp: Unexpected role when checking hidden app: undefined
04-26 17:30:39.685 E/GeckoConsole( 1455): Content JS WARN at app://homescreen.gaiamobile.org/gaia_build_defer_index.js:184 in isHiddenApp: Unexpected role when checking hidden app: undefined
04-26 17:30:39.685 E/GeckoConsole( 1455): Content JS WARN at app://homescreen.gaiamobile.org/gaia_build_defer_index.js:184 in isHiddenApp: Unexpected role when checking hidden app: undefined
04-26 17:30:39.685 E/GeckoConsole( 1455): Content JS WARN at app://homescreen.gaiamobile.org/gaia_build_defer_index.js:184 in isHiddenApp: Unexpected role when checking hidden app: undefined
04-26 17:30:39.695 E/GeckoConsole( 1455): Content JS WARN at app://homescreen.gaiamobile.org/gaia_build_defer_index.js:184 in isHiddenApp: Unexpected role when checking hidden app: undefined
04-26 17:30:39.695 E/GeckoConsole( 1455): Content JS WARN at app://homescreen.gaiamobile.org/gaia_build_defer_index.js:184 in isHiddenApp: Unexpected role when checking hidden app: undefined
04-26 17:30:39.695 E/GeckoConsole( 1455): Content JS WARN at app://homescreen.gaiamobile.org/gaia_build_defer_index.js:184 in isHiddenApp: Unexpected role when checking hidden app: undefined
04-26 17:30:39.695 E/GeckoConsole( 1455): Content JS WARN at app://homescreen.gaiamobile.org/gaia_build_defer_index.js:184 in isHiddenApp: Unexpected role when checking hidden app: undefined
04-26 17:30:39.695 E/GeckoConsole( 1455): Content JS WARN at app://homescreen.gaiamobile.org/gaia_build_defer_index.js:184 in isHiddenApp: Unexpected role when checking hidden app: undefined
04-26 17:30:39.695 E/GeckoConsole( 1455): Content JS WARN at app://homescreen.gaiamobile.org/gaia_build_defer_index.js:184 in isHiddenApp: Unexpected role when checking hidden app: undefined
04-26 17:30:39.695 E/GeckoConsole( 1455): Content JS WARN at app://homescreen.gaiamobile.org/gaia_build_defer_index.js:184 in isHiddenApp: Unexpected role when checking hidden app: undefined
04-26 17:30:39.695 E/GeckoConsole( 1455): Content JS WARN at app://homescreen.gaiamobile.org/gaia_build_defer_index.js:184 in isHiddenApp: Unexpected role when checking hidden app: undefined
04-26 17:30:39.695 E/GeckoConsole( 1455): Content JS WARN at app://homescreen.gaiamobile.org/gaia_build_defer_index.js:184 in isHiddenApp: Unexpected role when checking hidden app: undefined
04-26 17:30:39.695 E/GeckoConsole( 1455): Content JS WARN at app://homescreen.gaiamobile.org/gaia_build_defer_index.js:184 in isHiddenApp: Unexpected role when checking hidden app: undefined
04-26 17:30:39.695 E/GeckoConsole( 1455): Content JS WARN at app://homescreen.gaiamobile.org/gaia_build_defer_index.js:184 in isHiddenApp: Unexpected role when checking hidden app: undefined
04-26 17:30:39.695 E/GeckoConsole( 1455): Content JS WARN at app://homescreen.gaiamobile.org/gaia_build_defer_index.js:184 in isHiddenApp: Unexpected role when checking hidden app: undefined
04-26 17:30:39.695 E/GeckoConsole( 1455): Content JS WARN at app://homescreen.gaiamobile.org/gaia_build_defer_index.js:184 in isHiddenApp: Unexpected role when checking hidden app: undefined
04-26 17:30:39.695 E/GeckoConsole( 1455): Content JS WARN at app://homescreen.gaiamobile.org/gaia_build_defer_index.js:184 in isHiddenApp: Unexpected role when checking hidden app: undefined
04-26 17:30:39.705 E/GeckoConsole( 1455): Content JS WARN at app://homescreen.gaiamobile.org/gaia_build_defer_index.js:184 in isHiddenApp: Unexpected role when checking hidden app: undefined
04-26 17:30:39.705 E/GeckoConsole( 1455): Content JS WARN at app://homescreen.gaiamobile.org/gaia_build_defer_index.js:184 in isHiddenApp: Unexpected role when checking hidden app: undefined
04-26 17:30:39.705 E/GeckoConsole( 1455): Content JS WARN at app://homescreen.gaiamobile.org/gaia_build_defer_index.js:184 in isHiddenApp: Unexpected role when checking hidden app: undefined
04-26 17:30:39.705 E/GeckoConsole( 1455): Content JS WARN at app://homescreen.gaiamobile.org/gaia_build_defer_index.js:184 in isHiddenApp: Unexpected role when checking hidden app: undefined
04-26 17:30:39.705 E/GeckoConsole( 1455): Content JS WARN at app://homescreen.gaiamobile.org/gaia_build_defer_index.js:184 in isHiddenApp: Unexpected role when checking hidden app: undefined
04-26 17:30:39.825 I/Gecko   (   83): 1398558639831	Marionette	INFO	sendToClient: {"from":"0","value":"app://homescreen.gaiamobile.org/index.html#rootSat%20Apr%2026%202014%2017:30:37%20GMT-0700%20(UTC)"}, {872ed1bd-1c36-41c8-9357-51df08dd629c}, {872ed1bd-1c36-41c8-9357-51df08dd629c}
04-26 17:30:39.835 I/Gecko   (   83): 1398558639844	Marionette	DEBUG	Got request: switchToFrame, data: {"to":"0","sessionId":"3-b2g","name":"switchToFrame","parameters":{"id":null,"focus":true}}, id: {ae743c23-50ba-46a3-864f-dc3237de2129}
04-26 17:30:39.875 I/Gecko   (   83): 1398558639885	Marionette	INFO	Switched to frame: {"frameValue":null}
04-26 17:30:39.975 I/Gecko   (   83): 1398558639989	Marionette	INFO	sendToClient: {"from":"0","ok":true}, {ae743c23-50ba-46a3-864f-dc3237de2129}, {ae743c23-50ba-46a3-864f-dc3237de2129}
04-26 17:30:39.995 I/Gecko   (   83): 1398558640003	Marionette	DEBUG	Got request: switchToFrame, data: {"to":"0","sessionId":"3-b2g","name":"switchToFrame","parameters":{"id":null,"focus":true}}, id: {ed016464-6f47-4de0-9494-5f1ed4a899cf}
04-26 17:30:39.995 I/Gecko   (   83): 1398558640005	Marionette	INFO	Switched to frame: {"frameValue":null}
04-26 17:30:40.095 I/Gecko   (   83): 1398558640109	Marionette	INFO	sendToClient: {"from":"0","ok":true}, {ed016464-6f47-4de0-9494-5f1ed4a899cf}, {ed016464-6f47-4de0-9494-5f1ed4a899cf}
04-26 17:30:40.105 I/Gecko   (   83): 1398558640116	Marionette	DEBUG	Got request: executeWithCallback, data: {"to":"0","sessionId":"3-b2g","name":"executeAsyncScript","parameters":{"specialPowers":false,"scriptTimeout":30000,"newSandbox":true,"args":[],"filename":"app_checker.py","script":"GaiaApps.launchWithManifestURL('https://marketplace.firefox.com/app/ab1d16b2-f125-4cf6-9b8b-f506d1dbc06d/manifest.webapp')","line":106}}, id: {bd8b9f81-3a6e-4c14-a961-3dd2d2087afd}
04-26 17:30:40.305 I/Gonk    (   83): Setting nice for pid 1470 to 18
04-26 17:30:40.305 I/Gonk    (   83): Changed nice for pid 1470 from 18 to 18.
04-26 17:30:40.305 I/Gecko   (   83): [Parent 83] WARNING: waitpid failed pid:1470 errno:10: file ../../../gecko/ipc/chromium/src/base/process_util_posix.cc, line 254
04-26 17:30:40.365 I/Gonk    (   83): Setting nice for pid 1470 to 1
04-26 17:30:40.365 I/Gonk    (   83): Changed nice for pid 1470 from 18 to 1.
04-26 17:30:40.425 E/GeckoConsole(   83): Content JS LOG at dummy file:334 in GaiaApps.launch: launching app with name 'Niksic'
04-26 17:30:40.675 W/WifiHW  (   83): wifi_command: SIGNAL_POLL
04-26 17:30:40.775 D/Sensors (   83): activate handle=0; drv=0
04-26 17:30:40.785 D/Sensors (   83): Lis3dhSensor: Control set 1
04-26 17:30:40.785 D/Sensors (   83): Lis3dhSensor: mEnabled = 1
04-26 17:30:40.905 I/Gonk    (   83): Setting nice for pid 1455 to 18
04-26 17:30:40.905 I/Gonk    (   83): Changed nice for pid 1455 from 1 to 18.
04-26 17:30:41.335 I/Gonk    (   83): Setting nice for pid 1538 to 18
04-26 17:30:41.335 I/Gonk    (   83): Changed nice for pid 1538 from 0 to 18.
04-26 17:30:42.825 I/Gecko   ( 1470): ###################################### forms.js loaded
04-26 17:30:42.875 I/Gecko   ( 1470): ############################### browserElementPanning.js loaded
04-26 17:30:42.895 I/Gecko   ( 1470): ######################## BrowserElementChildPreload.js loaded
04-26 17:30:44.135 I/log     ( 1554): <4>0[ 418.787058] lowmem_shrink select 1455 (Homescreen), adj 8, size 6639, to kill 
04-26 17:30:45.415 I/Gecko   (   83): 
04-26 17:30:45.415 I/Gecko   (   83): ###!!! [Parent][MessageChannel] Error: Channel error: cannot send/recv
04-26 17:30:45.415 I/Gecko   (   83): 
04-26 17:30:45.505 I/Gonk    (   83): Setting nice for pid 1538 to 18
04-26 17:30:45.505 I/Gonk    (   83): Changed nice for pid 1538 from 18 to 18.
04-26 17:30:45.505 I/Gecko   (   83): [Parent 83] WARNING: waitpid failed pid:1538 errno:10: file ../../../gecko/ipc/chromium/src/base/process_util_posix.cc, line 254
04-26 17:30:45.515 I/Gonk    (   83): Setting nice for pid 1538 to 1
04-26 17:30:45.515 I/Gonk    (   83): Changed nice for pid 1538 from 18 to 1.
04-26 17:30:45.525 I/Gonk    (   83): Setting nice for pid 1538 to 18
04-26 17:30:45.525 I/Gonk    (   83): Changed nice for pid 1538 from 1 to 18.
04-26 17:30:45.565 I/Gecko   (   83): [Parent 83] WARNING: waitpid failed pid:1455 errno:10: file ../../../gecko/ipc/chromium/src/base/process_util_posix.cc, line 254
04-26 17:30:45.765 I/Gecko   (   83): 1398558645770	Marionette	INFO	sendToClient: {"from":"0","value":{"frame":{"ELEMENT":"{1ef62340-75b9-47ed-965a-607d473a71b4}"},"src":"app://{150c2b3d-f065-409a-a268-e99a0e64057f}/index.html","name":"Niksic","origin":"app://{150c2b3d-f065-409a-a268-e99a0e64057f}"}}, {bd8b9f81-3a6e-4c14-a961-3dd2d2087afd}, {bd8b9f81-3a6e-4c14-a961-3dd2d2087afd}
04-26 17:30:45.765 E/GeckoConsole(   83): Content JS LOG at dummy file:326 in GaiaApps.launch/appOpen/<: app with origin 'app://{150c2b3d-f065-409a-a268-e99a0e64057f}' has launched
04-26 17:30:45.775 W/WifiHW  (   83): wifi_command: SIGNAL_POLL
04-26 17:30:45.925 I/Gecko   (   83): 1398558645930	Marionette	DEBUG	Got request: switchToFrame, data: {"to":"0","sessionId":"3-b2g","name":"switchToFrame","parameters":{"focus":true,"element":"{1ef62340-75b9-47ed-965a-607d473a71b4}"}}, id: {f7957de7-8f83-4640-af7b-051bd9f24c26}
04-26 17:30:45.935 I/Gecko   (   83): 1398558645940	Marionette	INFO	Switched to frame: {"frameValue":"{1ef62340-75b9-47ed-965a-607d473a71b4}"}
04-26 17:30:45.935 I/Gecko   (   83): 1398558645943	Marionette	INFO	trying remote frame 0
04-26 17:30:45.935 I/Gecko   (   83): 1398558645945	Marionette	INFO	trying remote frame 1
04-26 17:30:45.935 I/Gecko   (   83): 1398558645945	Marionette	INFO	deleting frame
04-26 17:30:45.945 I/Gecko   (   83): 1398558645951	Marionette	INFO	frame-manager load script: [object ChromeMessageSender]
04-26 17:30:46.335 I/Gecko   (   83): 1398558646346	Marionette	INFO	sendToClient: {"from":"0","ok":true}, {f7957de7-8f83-4640-af7b-051bd9f24c26}, {f7957de7-8f83-4640-af7b-051bd9f24c26}
04-26 17:30:46.345 I/Gecko   (   83): 1398558646357	Marionette	INFO	sendToClient: {"from":"0","value":"app://{150c2b3d-f065-409a-a268-e99a0e64057f}/index.html"}, {d54495fa-62f4-4b4f-acd1-7d7db971f4b8}, {d54495fa-62f4-4b4f-acd1-7d7db971f4b8}
04-26 17:30:46.355 I/Gecko   (   83): 1398558646364	Marionette	DEBUG	Got request: execute, data: {"to":"0","sessionId":"3-b2g","name":"executeScript","parameters":{"specialPowers":false,"scriptTimeout":null,"newSandbox":true,"args":[],"filename":"app_checker.py","script":"return window.document.readyState;","line":191}}, id: {1058a607-fab6-4604-9f25-87918040eea6}
04-26 17:30:46.415 I/Gecko   (   83): 1398558646424	Marionette	INFO	sendToClient: {"from":"0","value":"complete"}, {1058a607-fab6-4604-9f25-87918040eea6}, {1058a607-fab6-4604-9f25-87918040eea6}
04-26 17:30:46.425 I/Gecko   (   83): 1398558646433	Marionette	INFO	sendToClient: {"from":"0","value":"app://{150c2b3d-f065-409a-a268-e99a0e64057f}/index.html"}, {603e5d24-d979-4772-8517-4ef859cab8a9}, {603e5d24-d979-4772-8517-4ef859cab8a9}
04-26 17:30:46.435 I/Gecko   ( 1470): Attempting load of libEGL.so
04-26 17:30:46.535 D/libEGL  ( 1470): loaded /system/lib/egl/libEGL_mali.so
04-26 17:30:46.555 D/libEGL  ( 1470): loaded /system/lib/egl/libGLESv1_CM_mali.so
04-26 17:30:46.555 D/libEGL  ( 1470): loaded /system/lib/egl/libGLESv2_mali.so
04-26 17:30:46.615 I/Gecko   ( 1470): SharedSurface_Gralloc::Create -------
04-26 17:30:46.645 I/Gecko   ( 1470): SharedSurface_Gralloc::Create: success -- surface 0x440b1200, GraphicBuffer 0x440aba00.
04-26 17:30:47.435 I/Gecko   (   83): 1398558647441	Marionette	INFO	sendToClient: {"from":"0","value":"iVBORw0KGgoAAAANSUhEUgAAAUAAAAHgCAYAAADUjLREAAAgAElEQVR4nOydeXgb1dX/E5J4X7TPyLZsq5SlUKC8QClrEseLxk4ChCTspdCFtkBp2fd9bQhQ9i2QzEjykoVAeUtb6NuXtrw/SlugdIECGcm7Yzv7bpJ8fn/MjCSbkDCxbMfO/T7PeSRL1mhmNPcz59577jnjEBISEtpPNW6kd0BISEhopCQAKCQktN9KAFBISGi/lQCgkJDQfisBQCEhof1WAoBCQkL7rQQAhYSE9lsJANqUrnnRVRldc9OsysZzYcJGwrTU5x50VR7p5jHqJABoU7rqQY/40FWJNtU78o1A2H5rcdVrQtCNHjZeE7InAUCb0lXJuOgiEnp05BuBsP3ZJPSIbFyLqoSuCgDalQCgTTWH3bRpxsW35ZVxIEzYCNnWZePQozLtqiw8wL3UuJHegdEmPSyhq256GgspmdnHxFNh0qmQkfIoTNhQ2KRTSVxvE08Ff81ndDZmoYd96GGJmOob6eYx6iQAaFMxzYOu+uiOZnPMrE6KFIQJGxYrViCgQJkCfgWOnNVNbzQLXZWIqcID3BsJANqUrnmIaTId9fkcPacTv3lBligQFCZsCK1MMQBYYtrhs7rpjOahqzItqocW1TPSzWPUSQDQpnRVRte8tNc7OfrMzsSFaQGwRDHu1MKEpdtKFeMaC5iPR87qprM+17wmhQe4NxIAtClrBq690cnRczoTd+cSBdyVMO+mG3n45it5+DZhwvbCbt/160/efhkFlf09QsMDzOo3MyxkTwKANrU7AOZNgY8WHEhM9RGP+oiphcRUnzBh9i3sI6YW0hwxrqWOaC4ZkwUA0y0BQJvaHQDzp8A/XjwQPSIR17ysbsoWJmxQ1qy50SNO2hsEAIdCAoA2tTsAOqfAfxYcaAxKhyUmngyuKtOqx7hVDbCx/r1DeD
04-26 17:30:47.565 I/Gecko   (   83): [Parent 83] WARNING: waitpid failed pid:1455 errno:10: file ../../../gecko/ipc/chromium/src/base/process_util_posix.cc, line 254
04-26 17:30:47.565 I/Gecko   (   83): [Parent 83] WARNING: Failed to deliver SIGKILL to 1455!(3).: file ../../../gecko/ipc/chromium/src/chrome/common/process_watcher_posix_sigchld.cc, line 118
04-26 17:30:47.735 I/Gecko   (   83): 1398558647747	Marionette	INFO	sendToClient: {"from":"0","ok":true}, {db4792dc-c94e-4977-8798-469d52272524}, {db4792dc-c94e-4977-8798-469d52272524}
04-26 17:30:48.565 I/Gecko   (   83): 1398558648572	Marionette	DEBUG	Got request: switchToFrame, data: {"to":"0","sessionId":"3-b2g","name":"switchToFrame","parameters":{"id":null,"focus":true}}, id: {2033a809-96ce-4e07-8237-0f9862d6c9a9}
04-26 17:30:48.605 I/Gecko   (   83): 1398558648619	Marionette	INFO	Switched to frame: {"frameValue":null}
04-26 17:30:48.725 I/Gecko   (   83): 1398558648729	Marionette	INFO	sendToClient: {"from":"0","ok":true}, {2033a809-96ce-4e07-8237-0f9862d6c9a9}, {2033a809-96ce-4e07-8237-0f9862d6c9a9}
04-26 17:30:48.725 I/Gecko   (   83): 1398558648737	Marionette	DEBUG	Got request: executeWithCallback, data: {"to":"0","sessionId":"3-b2g","name":"executeAsyncScript","parameters":{"specialPowers":false,"scriptTimeout":null,"newSandbox":true,"args":[],"filename":"gaia_test.py","script":"return GaiaApps.displayedApp();","line":66}}, id: {7d8c8996-550a-45e4-a0e3-1300a4768532}
04-26 17:30:49.015 E/GeckoConsole(   83): Content JS LOG at dummy file:392 in GaiaApps.displayedApp: app with origin 'app://{150c2b3d-f065-409a-a268-e99a0e64057f}' is displayed
04-26 17:30:49.045 I/Gecko   (   83): 1398558649051	Marionette	INFO	sendToClient: {"from":"0","value":{"frame":{"ELEMENT":"{1ef62340-75b9-47ed-965a-607d473a71b4}"},"src":"app://{150c2b3d-f065-409a-a268-e99a0e64057f}/index.html","name":"Niksic","origin":"app://{150c2b3d-f065-409a-a268-e99a0e64057f}"}}, {7d8c8996-550a-45e4-a0e3-1300a4768532}, {7d8c8996-550a-45e4-a0e3-1300a4768532}
04-26 17:30:49.145 I/Gonk    (   83): Setting nice for pid 1570 to 18
04-26 17:30:49.145 I/Gonk    (   83): Changed nice for pid 1570 from 0 to 18.
04-26 17:30:49.185 I/Gecko   (   83): 1398558649195	Marionette	DEBUG	Got request: switchToFrame, data: {"to":"0","sessionId":"3-b2g","name":"switchToFrame","parameters":{"id":null,"focus":true}}, id: {ce80e60e-34ab-45ee-901c-346ea2042300}
04-26 17:30:49.195 I/Gecko   (   83): 1398558649205	Marionette	INFO	Switched to frame: {"frameValue":null}
04-26 17:30:49.295 I/Gecko   (   83): 1398558649308	Marionette	INFO	sendToClient: {"from":"0","ok":true}, {ce80e60e-34ab-45ee-901c-346ea2042300}, {ce80e60e-34ab-45ee-901c-346ea2042300}
04-26 17:30:49.305 I/Gecko   (   83): 1398558649315	Marionette	DEBUG	Got request: execute, data: {"to":"0","sessionId":"3-b2g","name":"executeScript","parameters":{"specialPowers":false,"scriptTimeout":null,"newSandbox":true,"args":[],"filename":"gaia_test.py","script":"window.wrappedJSObject.dispatchEvent(new Event('home'));","line":788}}, id: {4b7721de-105c-4372-bca5-6fb649b8f9a5}
04-26 17:30:49.435 I/Gonk    (   83): Setting nice for pid 1538 to 1
04-26 17:30:49.435 I/Gonk    (   83): Changed nice for pid 1538 from 18 to 1.
04-26 17:30:49.495 D/Sensors (   83): activate handle=0; drv=0
04-26 17:30:49.505 D/Sensors (   83): Lis3dhSensor: Control set 0
04-26 17:30:49.505 D/Sensors (   83): Lis3dhSensor: mEnabled = 0
04-26 17:30:49.765 I/Gecko   (   83): 1398558649769	Marionette	INFO	sendToClient: {"from":"0","value":null}, {4b7721de-105c-4372-bca5-6fb649b8f9a5}, {4b7721de-105c-4372-bca5-6fb649b8f9a5}
04-26 17:30:51.045 W/WifiHW  (   83): wifi_command: SIGNAL_POLL
04-26 17:30:51.185 I/Gecko   (   83): 1398558651197	Marionette	DEBUG	Got request: switchToFrame, data: {"to":"0","sessionId":"3-b2g","name":"switchToFrame","parameters":{"id":null,"focus":true}}, id: {e84f4773-6069-4a33-a3f3-eeb83c287dfb}
04-26 17:30:51.235 I/Gecko   (   83): 1398558651244	Marionette	INFO	Switched to frame: {"frameValue":null}
04-26 17:30:51.365 I/Gecko   (   83): 1398558651371	Marionette	INFO	sendToClient: {"from":"0","ok":true}, {e84f4773-6069-4a33-a3f3-eeb83c287dfb}, {e84f4773-6069-4a33-a3f3-eeb83c287dfb}
04-26 17:30:51.395 I/Gonk    (   83): Setting nice for pid 1470 to 18
04-26 17:30:51.395 I/Gonk    (   83): Changed nice for pid 1470 from 1 to 18.
04-26 17:30:51.555 I/Gecko   (   83): 1398558651561	Marionette	DEBUG	Got request: executeWithCallback, data: {"to":"0","sessionId":"3-b2g","name":"executeAsyncScript","parameters":{"specialPowers":false,"scriptTimeout":null,"newSandbox":true,"args":[],"filename":"gaia_test.py","script":"return GaiaApps.displayedApp();","line":66}}, id: {193e6f15-7ab1-4a45-955c-142016e2eba5}
04-26 17:30:51.645 I/log     ( 1578): <4>0[ 426.100516] lowmem_shrink select 1470 (Niksic), adj 10, size 6915, to kill 
04-26 17:30:51.745 I/Gecko   (   83): 1398558651753	Marionette	INFO	sendToClient: {"from":"0","value":{"frame":{"ELEMENT":"{1c9fa74c-2161-4ea4-9b0a-023173e60f6f}"},"src":"app://homescreen.gaiamobile.org/index.html#root","name":"Homescreen","origin":"app://homescreen.gaiamobile.org"}}, {193e6f15-7ab1-4a45-955c-142016e2eba5}, {193e6f15-7ab1-4a45-955c-142016e2eba5}
04-26 17:30:51.745 E/GeckoConsole(   83): Content JS LOG at dummy file:392 in GaiaApps.displayedApp: app with origin 'app://homescreen.gaiamobile.org' is displayed
04-26 17:30:51.755 I/Gecko   (   83): 1398558651762	Marionette	DEBUG	Got request: switchToFrame, data: {"to":"0","sessionId":"3-b2g","name":"switchToFrame","parameters":{"id":null,"focus":true}}, id: {98f50acb-324e-48f0-bfb7-bcd11a7af648}
04-26 17:30:51.755 I/Gecko   (   83): 1398558651764	Marionette	INFO	Switched to frame: {"frameValue":null}
04-26 17:30:51.855 I/Gecko   (   83): 1398558651869	Marionette	INFO	sendToClient: {"from":"0","ok":true}, {98f50acb-324e-48f0-bfb7-bcd11a7af648}, {98f50acb-324e-48f0-bfb7-bcd11a7af648}
04-26 17:30:51.865 I/Gecko   (   83): 1398558651875	Marionette	DEBUG	Got request: switchToFrame, data: {"to":"0","sessionId":"3-b2g","name":"switchToFrame","parameters":{"id":null,"focus":true}}, id: {77712ba8-5173-4e94-b160-749463099e1d}
04-26 17:30:51.865 I/Gecko   (   83): 1398558651877	Marionette	INFO	Switched to frame: {"frameValue":null}
04-26 17:30:51.975 I/Gecko   (   83): 1398558651980	Marionette	INFO	sendToClient: {"from":"0","ok":true}, {77712ba8-5173-4e94-b160-749463099e1d}, {77712ba8-5173-4e94-b160-749463099e1d}
04-26 17:30:51.975 I/Gecko   (   83): 1398558651987	Marionette	DEBUG	Got request: executeWithCallback, data: {"to":"0","sessionId":"3-b2g","name":"executeAsyncScript","parameters":{"specialPowers":false,"scriptTimeout":null,"newSandbox":true,"args":[],"filename":"gaia_test.py","script":"return GaiaApps.displayedApp();","line":66}}, id: {ea395942-8d34-4a9b-8da5-da5d538483c3}
04-26 17:30:52.055 I/Gecko   (   83): 1398558652061	Marionette	INFO	sendToClient: {"from":"0","value":{"frame":{"ELEMENT":"{1c9fa74c-2161-4ea4-9b0a-023173e60f6f}"},"src":"app://homescreen.gaiamobile.org/index.html#root","name":"Homescreen","origin":"app://homescreen.gaiamobile.org"}}, {ea395942-8d34-4a9b-8da5-da5d538483c3}, {ea395942-8d34-4a9b-8da5-da5d538483c3}
04-26 17:30:52.055 E/GeckoConsole(   83): Content JS LOG at dummy file:392 in GaiaApps.displayedApp: app with origin 'app://homescreen.gaiamobile.org' is displayed
04-26 17:30:52.085 I/Gecko   (   83): 1398558652092	Marionette	DEBUG	Got request: switchToFrame, data: {"to":"0","sessionId":"3-b2g","name":"switchToFrame","parameters":{"focus":true,"element":"{1c9fa74c-2161-4ea4-9b0a-023173e60f6f}"}}, id: {301450cb-08c5-46ae-b1a7-66dfb81807cc}
04-26 17:30:52.095 I/Gecko   (   83): 1398558652106	Marionette	INFO	Switched to frame: {"frameValue":"{1c9fa74c-2161-4ea4-9b0a-023173e60f6f}"}
04-26 17:30:52.095 I/Gecko   (   83): 1398558652108	Marionette	INFO	trying remote frame 0
04-26 17:30:52.115 I/Gecko   (   83): 1398558652120	Marionette	INFO	trying remote frame 1
04-26 17:30:52.115 I/Gecko   (   83): 1398558652121	Marionette	INFO	deleting frame
04-26 17:30:52.115 I/Gecko   (   83): 1398558652126	Marionette	INFO	frame-manager load script: [object ChromeMessageSender]
04-26 17:30:52.795 I/Gecko   ( 1570): ###################################### forms.js loaded
04-26 17:30:52.805 I/Gecko   ( 1538): ###################################### forms.js loaded
04-26 17:30:52.905 I/Gecko   ( 1570): ############################### browserElementPanning.js loaded
04-26 17:30:52.925 I/Gecko   ( 1538): ############################### browserElementPanning.js loaded
04-26 17:30:53.015 I/Gecko   ( 1570): ######################## BrowserElementChildPreload.js loaded
04-26 17:30:53.045 I/Gecko   ( 1538): ######################## BrowserElementChildPreload.js loaded
04-26 17:30:53.545 I/Gecko   (   83): [Parent 83] WARNING: pipe error (170): Connection reset by peer: file ../../../gecko/ipc/chromium/src/chrome/common/ipc_channel_posix.cc, line 446
04-26 17:30:53.545 I/Gecko   (   83): 
04-26 17:30:53.545 I/Gecko   (   83): ###!!! [Parent][MessageChannel] Error: Channel error: cannot send/recv
04-26 17:30:53.545 I/Gecko   (   83): 
04-26 17:30:53.685 I/Gecko   (   83): [Parent 83] WARNING: waitpid failed pid:1470 errno:10: file ../../../gecko/ipc/chromium/src/base/process_util_posix.cc, line 254
04-26 17:30:53.945 I/Gonk    (   83): Setting nice for pid 1538 to 18
04-26 17:30:53.945 I/Gonk    (   83): Changed nice for pid 1538 from 1 to 18.
04-26 17:30:54.115 I/Gonk    (   83): Setting nice for pid 1538 to 1
04-26 17:30:54.115 I/Gonk    (   83): Changed nice for pid 1538 from 18 to 1.
04-26 17:30:54.785 I/Gecko   (   83): 1398558654792	Marionette	INFO	sendToClient: {"from":"0","ok":true}, {301450cb-08c5-46ae-b1a7-66dfb81807cc}, {301450cb-08c5-46ae-b1a7-66dfb81807cc}
04-26 17:30:55.045 I/Gecko   (   83): 1398558655050	Marionette	INFO	sendToClient: {"from":"0","value":"app://homescreen.gaiamobile.org/index.html#root"}, {ef53dcfc-7c78-44d4-aa57-a771131a3be9}, {ef53dcfc-7c78-44d4-aa57-a771131a3be9}
04-26 17:30:55.045 I/Gecko   (   83): 1398558655057	Marionette	DEBUG	Got request: switchToFrame, data: {"to":"0","sessionId":"3-b2g","name":"switchToFrame","parameters":{"id":null,"focus":true}}, id: {e95fab56-175c-46e1-a026-6cc1f5029513}
04-26 17:30:55.075 I/Gecko   (   83): 1398558655081	Marionette	INFO	Switched to frame: {"frameValue":null}
04-26 17:30:55.185 I/Gecko   (   83): 1398558655192	Marionette	INFO	sendToClient: {"from":"0","ok":true}, {e95fab56-175c-46e1-a026-6cc1f5029513}, {e95fab56-175c-46e1-a026-6cc1f5029513}
04-26 17:30:55.185 I/Gecko   (   83): 1398558655199	Marionette	DEBUG	Got request: switchToFrame, data: {"to":"0","sessionId":"3-b2g","name":"switchToFrame","parameters":{"id":null,"focus":true}}, id: {72c8f655-ae4c-42c8-bf8a-a78e0bc9ffb8}
04-26 17:30:55.205 I/Gecko   (   83): 1398558655210	Marionette	INFO	Switched to frame: {"frameValue":null}
04-26 17:30:55.315 I/Gecko   (   83): 1398558655322	Marionette	INFO	sendToClient: {"from":"0","ok":true}, {72c8f655-ae4c-42c8-bf8a-a78e0bc9ffb8}, {72c8f655-ae4c-42c8-bf8a-a78e0bc9ffb8}
04-26 17:30:55.325 I/Gecko   (   83): 1398558655330	Marionette	DEBUG	Got request: executeWithCallback, data: {"to":"0","sessionId":"3-b2g","name":"executeAsyncScript","parameters":{"specialPowers":false,"scriptTimeout":null,"newSandbox":true,"args":[],"filename":"gaia_test.py","script":"GaiaApps.killAll()","line":91}}, id: {651e9e6b-2095-48f1-8fea-2088969ef146}
04-26 17:30:55.375 I/Gecko   (   83): 1398558655381	Marionette	INFO	sendToClient: {"from":"0","value":true}, {651e9e6b-2095-48f1-8fea-2088969ef146}, {651e9e6b-2095-48f1-8fea-2088969ef146}
04-26 17:30:55.375 I/Gecko   (   83): 1398558655388	Marionette	DEBUG	Got request: switchToFrame, data: {"to":"0","sessionId":"3-b2g","name":"switchToFrame","parameters":{"id":null,"focus":true}}, id: {3db7ac5b-e673-4dac-a8e5-a1005cc8e4ee}
04-26 17:30:55.385 I/Gecko   (   83): 1398558655390	Marionette	INFO	Switched to frame: {"frameValue":null}
04-26 17:30:55.485 I/Gecko   (   83): 1398558655492	Marionette	INFO	sendToClient: {"from":"0","ok":true}, {3db7ac5b-e673-4dac-a8e5-a1005cc8e4ee}, {3db7ac5b-e673-4dac-a8e5-a1005cc8e4ee}
04-26 17:30:55.495 I/Gecko   (   83): 1398558655499	Marionette	DEBUG	Got request: executeWithCallback, data: {"to":"0","sessionId":"3-b2g","name":"executeAsyncScript","parameters":{"specialPowers":false,"scriptTimeout":60000,"newSandbox":true,"args":[],"filename":"app_checker.py","script":"\n        GaiaApps.locateWithManifestURL('https://marketplace.firefox.com/app/ab1d16b2-f125-4cf6-9b8b-f506d1dbc06d/manifest.webapp',\n                                       null,\n                                       function uninstall(app) {\n                                       navigator.mozApps.mgmt.uninstall(app);\n                                       marionetteScriptFinished(true);\n                                       });\n        ","line":129}}, id: {72f213af-96ff-4bc9-acb3-4fbd51af03c2}
04-26 17:30:55.545 I/Gecko   (   83): -- webapps.js uninstall https://marketplace.firefox.com/app/ab1d16b2-f125-4cf6-9b8b-f506d1dbc06d/manifest.webapp
04-26 17:30:55.685 I/Gecko   (   83): [Parent 83] WARNING: waitpid failed pid:1470 errno:10: file ../../../gecko/ipc/chromium/src/base/process_util_posix.cc, line 254
04-26 17:30:55.685 I/Gecko   (   83): [Parent 83] WARNING: Failed to deliver SIGKILL to 1470!(3).: file ../../../gecko/ipc/chromium/src/chrome/common/process_watcher_posix_sigchld.cc, line 118
04-26 17:30:55.785 I/Gecko   (   83): 1398558655790	Marionette	INFO	sendToClient: {"from":"0","value":true}, {72f213af-96ff-4bc9-acb3-4fbd51af03c2}, {72f213af-96ff-4bc9-acb3-4fbd51af03c2}