--------- beginning of /dev/log/main
04-25 23:12:04.551 I/Gecko   (   83): 1398492724566	Marionette	INFO	sendToClient: {"from":"0","ok":true}, {75a03e15-f199-4877-b471-31709da5f252}, {75a03e15-f199-4877-b471-31709da5f252}
04-25 23:12:04.601 I/Gecko   (   83): 1398492724613	Marionette	DEBUG	Got request: switchToFrame, data: {"to":"0","sessionId":"3-b2g","name":"switchToFrame","parameters":{"id":null,"focus":true}}, id: {e11cb7d8-43e3-409a-a782-445077e5ccf8}
04-25 23:12:04.601 I/Gecko   (   83): 1398492724615	Marionette	INFO	Switched to frame: {"frameValue":null}
04-25 23:12:04.701 I/Gecko   (   83): 1398492724719	Marionette	INFO	sendToClient: {"from":"0","ok":true}, {e11cb7d8-43e3-409a-a782-445077e5ccf8}, {e11cb7d8-43e3-409a-a782-445077e5ccf8}
04-25 23:12:04.711 I/Gecko   (   83): 1398492724726	Marionette	DEBUG	Got request: executeWithCallback, data: {"to":"0","sessionId":"3-b2g","name":"executeAsyncScript","parameters":{"specialPowers":false,"scriptTimeout":null,"newSandbox":true,"args":[],"filename":"gaia_test.py","script":"return GaiaApps.displayedApp();","line":66}}, id: {9ce78560-1142-44f3-b59e-181074e9caa1}
04-25 23:12:04.811 V/AudioPolicyManagerBase(   88): startOutput() output 1, stream 1, session 14
04-25 23:12:04.811 V/AudioPolicyManagerBase(   88): changeRefCount() stream 1, count 1
04-25 23:12:04.811 V/AudioPolicyManagerBase(   88): getDeviceForStrategy() from cache strategy 0, device 2
04-25 23:12:04.811 V/AudioPolicyManagerBase(   88): getNewDevice() selected device 2
04-25 23:12:04.811 D/AudioPolicyManagerBase(   88): setOutputDevice() output 1 device 2 delayMs 0
04-25 23:12:04.811 V/AudioPolicyManagerBase(   88): setOutputDevice() setting same device 2 or null device for output 1
04-25 23:12:04.811 E/AudioPolicyManagerBase(   88): checkAndSetVolume stream=1, index=15, output=1, device=2
04-25 23:12:04.811 E/AudioPolicyManagerBase(   88): computeVolume, streamDesc=0x15abb0
04-25 23:12:04.811 V/AudioPolicyManagerBase(   88): VOLUME vol index=[60 100 100], dB=[-11.0 0.0 0.0] ampl=1.00000
04-25 23:12:04.821 W/WifiHW  (   83): wifi_command: SIGNAL_POLL
04-25 23:12:04.851 I/Gecko   (   83): 1398492724862	Marionette	INFO	sendToClient: {"from":"0","value":{"frame":{"ELEMENT":"{ca8e4f90-40e4-48c7-8939-998f742ac254}"},"src":"app://homescreen.gaiamobile.org/index.html#root","name":"Homescreen","origin":"app://homescreen.gaiamobile.org"}}, {9ce78560-1142-44f3-b59e-181074e9caa1}, {9ce78560-1142-44f3-b59e-181074e9caa1}
04-25 23:12:04.851 E/GeckoConsole(   83): Content JS LOG at dummy file:392 in GaiaApps.displayedApp: app with origin 'app://homescreen.gaiamobile.org' is displayed
04-25 23:12:04.891 I/Gecko   (   83): 1398492724910	Marionette	DEBUG	Got request: switchToFrame, data: {"to":"0","sessionId":"3-b2g","name":"switchToFrame","parameters":{"id":null,"focus":true}}, id: {3b7b4963-d861-47e2-8407-7d812d994653}
04-25 23:12:04.901 I/Gecko   (   83): 1398492724913	Marionette	INFO	Switched to frame: {"frameValue":null}
04-25 23:12:04.911 W/AudioFlinger(   88): Thread AudioOut_1 cannot connect to the power manager service
04-25 23:12:04.911 V/AudioPolicyManagerBase(   88): stopOutput() output 1, stream 1, session 14
04-25 23:12:04.911 V/AudioPolicyManagerBase(   88): changeRefCount() stream 1, count 0
04-25 23:12:04.911 V/AudioPolicyManagerBase(   88): getNewDevice() selected device 0
04-25 23:12:04.911 D/AudioPolicyManagerBase(   88): setOutputDevice() output 1 device 0 delayMs 290
04-25 23:12:04.911 V/AudioPolicyManagerBase(   88): setOutputDevice() setting same device 0 or null device for output 1
04-25 23:12:04.921 V/AudioPolicyManagerBase(   88): startOutput() output 1, stream 1, session 14
04-25 23:12:04.921 V/AudioPolicyManagerBase(   88): changeRefCount() stream 1, count 1
04-25 23:12:04.921 V/AudioPolicyManagerBase(   88): getDeviceForStrategy() from cache strategy 0, device 2
04-25 23:12:04.921 V/AudioPolicyManagerBase(   88): getNewDevice() selected device 2
04-25 23:12:04.921 D/AudioPolicyManagerBase(   88): setOutputDevice() output 1 device 2 delayMs 0
04-25 23:12:04.921 V/AudioPolicyManagerBase(   88): setOutputDevice() setting same device 2 or null device for output 1
04-25 23:12:04.921 E/AudioPolicyManagerBase(   88): checkAndSetVolume stream=1, index=15, output=1, device=2
04-25 23:12:04.921 E/AudioPolicyManagerBase(   88): computeVolume, streamDesc=0x15abb0
04-25 23:12:04.921 V/AudioPolicyManagerBase(   88): VOLUME vol index=[60 100 100], dB=[-11.0 0.0 0.0] ampl=1.00000
04-25 23:12:04.921 V/AudioPolicyManagerBase(   88): stopOutput() output 1, stream 1, session 14
04-25 23:12:04.921 V/AudioPolicyManagerBase(   88): changeRefCount() stream 1, count 0
04-25 23:12:04.921 V/AudioPolicyManagerBase(   88): getNewDevice() selected device 0
04-25 23:12:04.921 D/AudioPolicyManagerBase(   88): setOutputDevice() output 1 device 0 delayMs 290
04-25 23:12:04.921 V/AudioPolicyManagerBase(   88): setOutputDevice() setting same device 0 or null device for output 1
04-25 23:12:04.941 V/AudioPolicyManagerBase(   88): releaseOutput() 1
04-25 23:12:05.001 I/Gecko   (   83): 1398492725016	Marionette	INFO	sendToClient: {"from":"0","ok":true}, {3b7b4963-d861-47e2-8407-7d812d994653}, {3b7b4963-d861-47e2-8407-7d812d994653}
04-25 23:12:05.001 I/Gecko   (   83): 1398492725021	Marionette	DEBUG	Got request: switchToFrame, data: {"to":"0","sessionId":"3-b2g","name":"switchToFrame","parameters":{"id":null,"focus":true}}, id: {2670e284-fc93-4b2c-b00f-394b862b974e}
04-25 23:12:05.011 I/Gecko   (   83): 1398492725023	Marionette	INFO	Switched to frame: {"frameValue":null}
04-25 23:12:05.111 I/Gecko   (   83): 1398492725129	Marionette	INFO	sendToClient: {"from":"0","ok":true}, {2670e284-fc93-4b2c-b00f-394b862b974e}, {2670e284-fc93-4b2c-b00f-394b862b974e}
04-25 23:12:05.121 I/Gecko   (   83): 1398492725136	Marionette	DEBUG	Got request: executeWithCallback, data: {"to":"0","sessionId":"3-b2g","name":"executeAsyncScript","parameters":{"specialPowers":false,"scriptTimeout":null,"newSandbox":true,"args":[],"filename":"gaia_test.py","script":"return GaiaApps.displayedApp();","line":66}}, id: {7d7264da-51c1-437e-bc75-e5f16a22e1e3}
04-25 23:12:05.161 I/Gecko   (   83): 1398492725177	Marionette	INFO	sendToClient: {"from":"0","value":{"frame":{"ELEMENT":"{ca8e4f90-40e4-48c7-8939-998f742ac254}"},"src":"app://homescreen.gaiamobile.org/index.html#root","name":"Homescreen","origin":"app://homescreen.gaiamobile.org"}}, {7d7264da-51c1-437e-bc75-e5f16a22e1e3}, {7d7264da-51c1-437e-bc75-e5f16a22e1e3}
04-25 23:12:05.171 E/GeckoConsole(   83): Content JS LOG at dummy file:392 in GaiaApps.displayedApp: app with origin 'app://homescreen.gaiamobile.org' is displayed
04-25 23:12:05.201 I/Gecko   (   83): 1398492725217	Marionette	DEBUG	Got request: switchToFrame, data: {"to":"0","sessionId":"3-b2g","name":"switchToFrame","parameters":{"focus":true,"element":"{ca8e4f90-40e4-48c7-8939-998f742ac254}"}}, id: {5f17ab35-ba4e-45d9-b4e9-0e990baeed32}
04-25 23:12:05.221 I/Gecko   (   83): 1398492725236	Marionette	INFO	Switched to frame: {"frameValue":"{ca8e4f90-40e4-48c7-8939-998f742ac254}"}
04-25 23:12:05.241 I/Gecko   (   83): 1398492725257	Marionette	INFO	trying remote frame 0
04-25 23:12:05.241 I/Gecko   (   83): 1398492725258	Marionette	INFO	trying remote frame 1
04-25 23:12:05.241 I/Gecko   (   83): 1398492725259	Marionette	INFO	trying remote frame 2
04-25 23:12:05.261 I/Gecko   (   83): 1398492725279	Marionette	INFO	deleting frame
04-25 23:12:05.291 I/Gecko   (   83): 1398492725302	Marionette	INFO	frame-manager load script: [object ChromeMessageSender]
04-25 23:12:05.651 I/Gecko   (   83): 1398492725668	Marionette	INFO	sendToClient: {"from":"0","ok":true}, {5f17ab35-ba4e-45d9-b4e9-0e990baeed32}, {5f17ab35-ba4e-45d9-b4e9-0e990baeed32}
04-25 23:12:05.821 I/Gecko   (   83): 1398492725836	Marionette	INFO	sendToClient: {"from":"0","value":{"ELEMENT":"{66e8205a-9282-406d-b9c8-82dccb30f811}"}}, {db2315cf-b67f-4ae0-b2d2-fc3814223828}, {db2315cf-b67f-4ae0-b2d2-fc3814223828}
04-25 23:12:05.961 E/GeckoConsole( 3208): [JavaScript Warning: "Use of getAttributeNode() is deprecated. Use getAttribute() instead." {file: "chrome://marionette/content/atoms.js" line: 25}]
04-25 23:12:05.961 E/GeckoConsole( 3208): [JavaScript Warning: "Use of attributes' specified attribute is deprecated. It always returns true." {file: "chrome://marionette/content/atoms.js" line: 25}]
04-25 23:12:05.961 I/Gecko   (   83): 1398492725980	Marionette	INFO	sendToClient: {"from":"0","value":"normal"}, {53aeb81d-5cf7-44a6-9156-47ddefb2ffcb}, {53aeb81d-5cf7-44a6-9156-47ddefb2ffcb}
04-25 23:12:05.971 I/Gecko   (   83): 1398492725987	Marionette	DEBUG	Got request: switchToFrame, data: {"to":"0","sessionId":"3-b2g","name":"switchToFrame","parameters":{"id":null,"focus":true}}, id: {b33608a6-082d-4f6d-b054-517e6ec5836b}
04-25 23:12:05.981 I/Gecko   (   83): 1398492725998	Marionette	INFO	Switched to frame: {"frameValue":null}
04-25 23:12:06.091 I/Gecko   (   83): 1398492726102	Marionette	INFO	sendToClient: {"from":"0","ok":true}, {b33608a6-082d-4f6d-b054-517e6ec5836b}, {b33608a6-082d-4f6d-b054-517e6ec5836b}
04-25 23:12:06.101 I/Gecko   (   83): 1398492726112	Marionette	DEBUG	Got request: execute, data: {"to":"0","sessionId":"3-b2g","name":"executeScript","parameters":{"specialPowers":false,"scriptTimeout":null,"newSandbox":true,"args":[],"filename":"gaia_test.py","script":"window.wrappedJSObject.dispatchEvent(new Event('home'));","line":788}}, id: {c43a1496-6958-44fa-bcab-0f8d812ae55f}
04-25 23:12:06.181 I/Gecko   (   83): 1398492726201	Marionette	INFO	sendToClient: {"from":"0","value":null}, {c43a1496-6958-44fa-bcab-0f8d812ae55f}, {c43a1496-6958-44fa-bcab-0f8d812ae55f}
04-25 23:12:06.201 I/Gecko   (   83): 1398492726221	Marionette	DEBUG	Got request: switchToFrame, data: {"to":"0","sessionId":"3-b2g","name":"switchToFrame","parameters":{"id":null,"focus":true}}, id: {383e16a2-0a23-4071-ad74-15a52ab5586b}
04-25 23:12:06.211 I/Gecko   (   83): 1398492726224	Marionette	INFO	Switched to frame: {"frameValue":null}
04-25 23:12:06.321 I/Gecko   (   83): 1398492726338	Marionette	INFO	sendToClient: {"from":"0","ok":true}, {383e16a2-0a23-4071-ad74-15a52ab5586b}, {383e16a2-0a23-4071-ad74-15a52ab5586b}
04-25 23:12:06.331 I/Gecko   (   83): 1398492726344	Marionette	DEBUG	Got request: switchToFrame, data: {"to":"0","sessionId":"3-b2g","name":"switchToFrame","parameters":{"id":null,"focus":true}}, id: {8389273d-b718-4324-bfe5-4b8708f7913b}
04-25 23:12:06.331 I/Gecko   (   83): 1398492726346	Marionette	INFO	Switched to frame: {"frameValue":null}
04-25 23:12:06.441 I/Gecko   (   83): 1398492726454	Marionette	INFO	sendToClient: {"from":"0","ok":true}, {8389273d-b718-4324-bfe5-4b8708f7913b}, {8389273d-b718-4324-bfe5-4b8708f7913b}
04-25 23:12:06.451 I/Gecko   (   83): 1398492726461	Marionette	DEBUG	Got request: executeWithCallback, data: {"to":"0","sessionId":"3-b2g","name":"executeAsyncScript","parameters":{"specialPowers":false,"scriptTimeout":null,"newSandbox":true,"args":[],"filename":"gaia_test.py","script":"return GaiaApps.displayedApp();","line":66}}, id: {24d6f85d-8808-48a6-b306-bb8e8f279f62}
04-25 23:12:06.551 I/Gecko   (   83): 1398492726565	Marionette	INFO	sendToClient: {"from":"0","value":{"frame":{"ELEMENT":"{ca8e4f90-40e4-48c7-8939-998f742ac254}"},"src":"app://homescreen.gaiamobile.org/index.html#rootFri%20Apr%2025%202014%2023:12:06%20GMT-0700%20(UTC)","name":"Homescreen","origin":"app://homescreen.gaiamobile.org"}}, {24d6f85d-8808-48a6-b306-bb8e8f279f62}, {24d6f85d-8808-48a6-b306-bb8e8f279f62}
04-25 23:12:06.561 I/Gecko   (   83): 1398492726574	Marionette	DEBUG	Got request: switchToFrame, data: {"to":"0","sessionId":"3-b2g","name":"switchToFrame","parameters":{"focus":true,"element":"{ca8e4f90-40e4-48c7-8939-998f742ac254}"}}, id: {86cca088-b578-45fa-91f2-1cfea7385547}
04-25 23:12:06.561 I/Gecko   (   83): 1398492726579	Marionette	INFO	Switched to frame: {"frameValue":"{ca8e4f90-40e4-48c7-8939-998f742ac254}"}
04-25 23:12:06.561 I/Gecko   (   83): 1398492726580	Marionette	INFO	trying remote frame 0
04-25 23:12:06.571 I/Gecko   (   83): 1398492726581	Marionette	INFO	trying remote frame 1
04-25 23:12:06.571 I/Gecko   (   83): 1398492726589	Marionette	INFO	trying remote frame 2
04-25 23:12:06.611 E/GeckoConsole(   83): Content JS LOG at dummy file:392 in GaiaApps.displayedApp: app with origin 'app://homescreen.gaiamobile.org' is displayed
04-25 23:12:06.751 I/Gecko   (   83): 1398492726761	Marionette	INFO	sendToClient: {"from":"0","ok":true}, {86cca088-b578-45fa-91f2-1cfea7385547}, {86cca088-b578-45fa-91f2-1cfea7385547}
04-25 23:12:06.751 I/Gecko   (   83): 1398492726769	Marionette	DEBUG	Got request: execute, data: {"to":"0","sessionId":"3-b2g","name":"executeScript","parameters":{"specialPowers":false,"scriptTimeout":null,"newSandbox":true,"args":[],"filename":"gaia_test.py","script":"return window.wrappedJSObject.GridManager.pageHelper.getCurrentPageNumber();","line":784}}, id: {1d30e1af-d699-41a4-8dd8-1cc8c0e38da7}
04-25 23:12:06.981 I/Gecko   (   83): 1398492726999	Marionette	INFO	sendToClient: {"from":"0","value":0}, {1d30e1af-d699-41a4-8dd8-1cc8c0e38da7}, {1d30e1af-d699-41a4-8dd8-1cc8c0e38da7}
04-25 23:12:07.121 I/Gecko   (   83): 1398492727140	Marionette	INFO	sendToClient: {"from":"0","value":["{4392852b-f8d1-401c-834a-e5335e928ca7}","{74b1eb03-809a-4e27-bb83-53294d92ace7}","{35ecf986-6a98-4c31-a494-01644fc7a878}","{692476de-938f-472f-91fd-8557cec02cdc}","{8d51990b-6856-4c27-ab4a-71549533e32a}","{ba7360e7-7713-48dd-8702-40942add8f4e}","{19e1d024-546a-41cc-b47f-f84b9e74dd0c}","{30124d89-9f72-4d2b-9c42-001c2d115575}","{cad20e7b-0c9b-482b-a861-e79b03e91154}","{742487f7-75d5-4a43-b994-e4ee4ce102f8}","{ae246d35-13be-4360-9783-09fbf2668025}","{de158964-ceea-4f06-9f14-c51294274a5d}","{17839d2c-b85e-4e2f-9029-8d17b3c68cf9}","{f367cff6-758b-4c30-b3a1-29d45c9c4d43}","{e3bb4255-0cac-470f-b122-8909cd645300}","{0a752385-a355-4409-b3c5-5be71733ce23}","{2731f7a5-68b5-4b52-b721-363281c08cb0}","{be21c9a7-90b8-4991-8cec-4d2764e29944}","{fb5a103f-adf8-4085-b495-6985383ff716}","{f58d53d7-78f2-461d-835c-55fe4eab106c}","{9e9d50f1-9c57-4f7b-bff8-a39d27b9416a}","{1795e350-eeba-4c52-b2ef-250bb9cb0fc5}","{91999437-6095-433c-8941-2fde5fa7b4ae}"]}, {896716d6-8d
04-25 23:12:07.151 I/Gecko   (   83): 1398492727170	Marionette	INFO	sendToClient: {"from":"0","value":"app://homescreen.gaiamobile.org/index.html#rootFri%20Apr%2025%202014%2023:12:06%20GMT-0700%20(UTC)"}, {c4c3cabd-6aa1-4b54-976d-d2db925bd3f4}, {c4c3cabd-6aa1-4b54-976d-d2db925bd3f4}
04-25 23:12:07.171 I/Gecko   (   83): 1398492727190	Marionette	DEBUG	Got request: switchToFrame, data: {"to":"0","sessionId":"3-b2g","name":"switchToFrame","parameters":{"id":null,"focus":true}}, id: {53e70a4d-88e0-40bc-94e0-c3cacb56f3ab}
04-25 23:12:07.241 I/Gecko   (   83): 1398492727255	Marionette	INFO	Switched to frame: {"frameValue":null}
04-25 23:12:07.351 I/Gecko   (   83): 1398492727367	Marionette	INFO	sendToClient: {"from":"0","ok":true}, {53e70a4d-88e0-40bc-94e0-c3cacb56f3ab}, {53e70a4d-88e0-40bc-94e0-c3cacb56f3ab}
04-25 23:12:07.371 I/Gecko   (   83): 1398492727383	Marionette	DEBUG	Got request: switchToFrame, data: {"to":"0","sessionId":"3-b2g","name":"switchToFrame","parameters":{"id":null,"focus":true}}, id: {b3ae044d-6e6b-4744-bfc8-23ff4a757d9d}
04-25 23:12:07.371 I/Gecko   (   83): 1398492727385	Marionette	INFO	Switched to frame: {"frameValue":null}
04-25 23:12:07.471 I/Gecko   (   83): 1398492727488	Marionette	INFO	sendToClient: {"from":"0","ok":true}, {b3ae044d-6e6b-4744-bfc8-23ff4a757d9d}, {b3ae044d-6e6b-4744-bfc8-23ff4a757d9d}
04-25 23:12:07.481 I/Gecko   (   83): 1398492727495	Marionette	DEBUG	Got request: executeWithCallback, data: {"to":"0","sessionId":"3-b2g","name":"executeAsyncScript","parameters":{"specialPowers":false,"scriptTimeout":30000,"newSandbox":true,"args":[],"filename":"app_checker.py","script":"GaiaApps.launchWithManifestURL('http://ordertosanta.com/mor/manifest.webapp')","line":106}}, id: {d9d773c2-8baa-4c9c-ba8e-a50f4daaf2d9}
04-25 23:12:07.721 I/Gonk    (   83): Setting nice for pid 3219 to 18
04-25 23:12:07.721 I/Gonk    (   83): Changed nice for pid 3219 from 18 to 18.
04-25 23:12:07.721 I/Gecko   (   83): [Parent 83] WARNING: waitpid failed pid:3219 errno:10: file ../../../gecko/ipc/chromium/src/base/process_util_posix.cc, line 254
04-25 23:12:07.751 I/Gonk    (   83): Setting nice for pid 3219 to 1
04-25 23:12:07.751 I/Gonk    (   83): Changed nice for pid 3219 from 18 to 1.
04-25 23:12:07.791 E/GeckoConsole(   83): Content JS LOG at dummy file:334 in GaiaApps.launch: launching app with name 'OrderToSanta.com'
04-25 23:12:08.161 D/Sensors (   83): activate handle=0; drv=0
04-25 23:12:08.181 D/Sensors (   83): Lis3dhSensor: Control set 1
04-25 23:12:08.181 D/Sensors (   83): Lis3dhSensor: mEnabled = 1
04-25 23:12:08.221 I/Gonk    (   83): Setting nice for pid 3208 to 18
04-25 23:12:08.221 I/Gonk    (   83): Changed nice for pid 3208 from 1 to 18.
04-25 23:12:09.851 W/WifiHW  (   83): wifi_command: SIGNAL_POLL
04-25 23:12:09.911 I/Gecko   ( 3219): ###################################### forms.js loaded
04-25 23:12:09.931 I/Gecko   ( 3219): ############################### browserElementPanning.js loaded
04-25 23:12:09.971 I/Gecko   ( 3219): ######################## BrowserElementChildPreload.js loaded
04-25 23:12:10.741 I/Gonk    (   83): Setting nice for pid 3271 to 18
04-25 23:12:10.751 I/Gonk    (   83): Changed nice for pid 3271 from 0 to 18.
04-25 23:12:11.601 E/GeckoConsole( 3219): [JavaScript Warning: "Unknown property 'appearance'.  Declaration dropped." {file: "http://ordertosanta.com/mor/css/front.css" line: 78 column: 14 source: "    appearance: none;"}]
04-25 23:12:11.601 E/GeckoConsole( 3219): [JavaScript Warning: "Unknown property 'box-sizing'.  Declaration dropped." {file: "http://ordertosanta.com/mor/css/front.css" line: 83 column: 12 source: "  box-sizing:border-box;"}]
04-25 23:12:11.611 E/GeckoConsole( 3219): [JavaScript Warning: "Unknown pseudo-class or pseudo-element '-webkit-input-placeholder'.  Ruleset ignored due to bad selector." {file: "http://ordertosanta.com/mor/css/front.css" line: 196 column: 19 source: "form .error:focus::-webkit-input-placeholder  {  color:rgba(255, 80, 80, 0.701961);}"}]
04-25 23:12:11.611 E/GeckoConsole( 3219): [JavaScript Warning: "Unknown property '-moz-box-shadow'.  Declaration dropped." {file: "http://ordertosanta.com/mor/css/front.css" line: 300 column: 57 source: "                                          -moz-box-shadow: 4px 6px 5px 0px rgba(51,49,51,1);"}]
04-25 23:12:11.621 E/GeckoConsole( 3219): [JavaScript Warning: "Unknown property 'box-sizing'.  Declaration dropped." {file: "http://ordertosanta.com/mor/css/front.css" line: 424 column: 46 source: "                                    box-sizing:border-box;"}]
04-25 23:12:11.621 E/GeckoConsole( 3219): [JavaScript Warning: "Unknown property 'box-sizing'.  Declaration dropped." {file: "http://ordertosanta.com/mor/css/front.css" line: 450 column: 48 source: "                                      box-sizing:border-box;"}]
04-25 23:12:11.621 E/GeckoConsole( 3219): [JavaScript Warning: "Selector expected.  Ruleset ignored due to bad selector." {file: "http://ordertosanta.com/mor/css/responsive.css" line: 84 column: 0 source: "}"}]
04-25 23:12:11.631 E/GeckoConsole( 3219): [JavaScript Warning: "Expected media feature name but found '-webkit-min-device-pixel-ratio'." {file: "http://ordertosanta.com/mor/css/responsive.css" line: 166 column: 17 source: "only screen and (-webkit-min-device-pixel-ratio : 1.5),"}]
04-25 23:12:11.631 E/GeckoConsole( 3219): [JavaScript Warning: "Expected media feature name but found 'min-device-pixel-ratio'." {file: "http://ordertosanta.com/mor/css/responsive.css" line: 167 column: 17 source: "only screen and (min-device-pixel-ratio : 1.5) {"}]
04-25 23:12:13.291 E/GeckoConsole( 3219): [JavaScript Warning: "SyntaxError: Using //@ to indicate sourceMappingURL pragmas is deprecated. Use //# instead" {file: "http://ordertosanta.com/mor/frameworks/jquery-1.9.1.min.js" line: 1}]
04-25 23:12:13.661 E/GeckoConsole( 3219): [JavaScript Warning: "Error: http://ordertosanta.com/mor/frameworks/jquery-1.9.1.min.js is being assigned a //# sourceMappingURL, but already has one"]
04-25 23:12:14.581 I/Gecko   (   83): 
04-25 23:12:14.581 I/Gecko   (   83): ###!!! [Parent][MessageChannel] Error: Channel error: cannot send/recv
04-25 23:12:14.581 I/Gecko   (   83): 
04-25 23:12:14.741 I/Gecko   (   83): [Parent 83] WARNING: waitpid failed pid:3208 errno:10: file ../../../gecko/ipc/chromium/src/base/process_util_posix.cc, line 254
04-25 23:12:14.861 W/WifiHW  (   83): wifi_command: SIGNAL_POLL
04-25 23:12:15.231 E/GeckoConsole( 3219): [JavaScript Warning: "Unknown property 'box-sizing'.  Declaration dropped." {file: "http://ordertosanta.com/mor/index.html" line: 0 column: 10 source: "box-sizing:border-box;-moz-box-sizing:border-box;-webkit-box-sizing:border-box;padding:1px;border:1px;display:block;width:4px;margin-top:1%;position:absolute;top:1%;"}]
04-25 23:12:15.231 E/GeckoConsole( 3219): [JavaScript Warning: "Unknown property 'box-sizing'.  Declaration dropped." {file: "http://ordertosanta.com/mor/index.html" line: 0 column: 52 source: "padding:0;margin:0;border:0;display:block;box-sizing:content-box;-moz-box-sizing:content-box;-webkit-box-sizing:content-box;"}]
04-25 23:12:15.231 E/GeckoConsole( 3219): [JavaScript Warning: "Unknown property 'box-sizing'.  Declaration dropped." {file: "http://ordertosanta.com/mor/index.html" line: 0 column: 52 source: "padding:0;margin:0;border:0;display:block;box-sizing:content-box;-moz-box-sizing:content-box;-webkit-box-sizing:content-box;"}]
04-25 23:12:16.151 E/GeckoConsole( 3219): [JavaScript Error: "ReferenceError: device is not defined" {file: "http://ordertosanta.com/mor/js/index.js" line: 163}]
04-25 23:12:16.741 I/Gecko   (   83): [Parent 83] WARNING: waitpid failed pid:3208 errno:10: file ../../../gecko/ipc/chromium/src/base/process_util_posix.cc, line 254
04-25 23:12:16.741 I/Gecko   (   83): [Parent 83] WARNING: Failed to deliver SIGKILL to 3208!(3).: file ../../../gecko/ipc/chromium/src/chrome/common/process_watcher_posix_sigchld.cc, line 118
04-25 23:12:17.951 E/GeckoConsole( 3219): [JavaScript Warning: "Use of getPreventDefault() is deprecated.  Use defaultPrevented instead." {file: "http://ordertosanta.com/mor/frameworks/jquery-1.9.1.min.js" line: 3}]
04-25 23:12:18.161 I/Gonk    (   83): Setting nice for pid 3271 to 18
04-25 23:12:18.161 I/Gonk    (   83): Changed nice for pid 3271 from 18 to 18.
04-25 23:12:18.171 I/Gecko   (   83): [Parent 83] WARNING: waitpid failed pid:3271 errno:10: file ../../../gecko/ipc/chromium/src/base/process_util_posix.cc, line 254
04-25 23:12:18.171 I/Gonk    (   83): Setting nice for pid 3271 to 1
04-25 23:12:18.171 I/Gonk    (   83): Changed nice for pid 3271 from 18 to 1.
04-25 23:12:18.201 I/Gonk    (   83): Setting nice for pid 3271 to 18
04-25 23:12:18.211 I/Gonk    (   83): Changed nice for pid 3271 from 1 to 18.
04-25 23:12:18.761 E/GeckoConsole(   83): Content JS LOG at dummy file:326 in GaiaApps.launch/appOpen/<: app with origin 'http://ordertosanta.com' has launched
04-25 23:12:20.191 I/Gecko   (   83): 1398492740210	Marionette	INFO	sendToClient: {"from":"0","value":{"frame":{"ELEMENT":"{8d6c471f-0d3d-435a-82ff-8ee2d6b94853}"},"src":"http://ordertosanta.com/mor/index.html","name":"OrderToSanta.com","origin":"http://ordertosanta.com"}}, {d9d773c2-8baa-4c9c-ba8e-a50f4daaf2d9}, {d9d773c2-8baa-4c9c-ba8e-a50f4daaf2d9}
04-25 23:12:20.251 W/WifiHW  (   83): wifi_command: SIGNAL_POLL
04-25 23:12:20.361 I/Gecko   (   83): 1398492740375	Marionette	DEBUG	Got request: switchToFrame, data: {"to":"0","sessionId":"3-b2g","name":"switchToFrame","parameters":{"focus":true,"element":"{8d6c471f-0d3d-435a-82ff-8ee2d6b94853}"}}, id: {8d44e93b-7734-430c-aa1e-6cc887fa4d0a}
04-25 23:12:20.401 I/Gecko   (   83): 1398492740417	Marionette	INFO	Switched to frame: {"frameValue":"{8d6c471f-0d3d-435a-82ff-8ee2d6b94853}"}
04-25 23:12:20.411 I/Gecko   (   83): 1398492740423	Marionette	INFO	trying remote frame 0
04-25 23:12:20.421 I/Gecko   (   83): 1398492740440	Marionette	INFO	trying remote frame 1
04-25 23:12:20.441 I/Gecko   (   83): 1398492740459	Marionette	INFO	trying remote frame 2
04-25 23:12:20.461 I/Gecko   (   83): 1398492740473	Marionette	INFO	deleting frame
04-25 23:12:20.461 I/Gecko   (   83): 1398492740480	Marionette	INFO	frame-manager load script: [object ChromeMessageSender]
04-25 23:12:21.341 I/Gecko   (   83): 1398492741352	Marionette	INFO	sendToClient: {"from":"0","ok":true}, {8d44e93b-7734-430c-aa1e-6cc887fa4d0a}, {8d44e93b-7734-430c-aa1e-6cc887fa4d0a}
04-25 23:12:21.631 I/Gecko   (   83): 1398492741644	Marionette	INFO	sendToClient: {"from":"0","value":"http://ordertosanta.com/mor/index.html"}, {c1c47b06-8632-477c-9253-764ba1bee3a1}, {c1c47b06-8632-477c-9253-764ba1bee3a1}
04-25 23:12:21.641 I/Gecko   (   83): 1398492741653	Marionette	DEBUG	Got request: execute, data: {"to":"0","sessionId":"3-b2g","name":"executeScript","parameters":{"specialPowers":false,"scriptTimeout":null,"newSandbox":true,"args":[],"filename":"app_checker.py","script":"return window.document.readyState;","line":191}}, id: {13932118-c5fc-4d3b-bcd6-2c1a9102d989}
04-25 23:12:21.881 I/Gecko   (   83): 1398492741900	Marionette	INFO	sendToClient: {"from":"0","value":"complete"}, {13932118-c5fc-4d3b-bcd6-2c1a9102d989}, {13932118-c5fc-4d3b-bcd6-2c1a9102d989}
04-25 23:12:22.291 I/Gecko   (   83): 1398492742301	Marionette	INFO	sendToClient: {"from":"0","value":"http://ordertosanta.com/mor/index.html"}, {b8e746a0-bf41-4f51-806c-bc38edc32b84}, {b8e746a0-bf41-4f51-806c-bc38edc32b84}
04-25 23:12:22.661 I/Gecko   ( 3219): Attempting load of libEGL.so
04-25 23:12:22.811 D/libEGL  ( 3219): loaded /system/lib/egl/libEGL_mali.so
04-25 23:12:22.871 D/libEGL  ( 3219): loaded /system/lib/egl/libGLESv1_CM_mali.so
04-25 23:12:22.881 D/libEGL  ( 3219): loaded /system/lib/egl/libGLESv2_mali.so
04-25 23:12:22.921 I/Gecko   ( 3219): SharedSurface_Gralloc::Create -------
04-25 23:12:22.961 I/Gecko   ( 3219): SharedSurface_Gralloc::Create: success -- surface 0x4470ea40, GraphicBuffer 0x447b1880.
04-25 23:12:23.451 I/Gonk    (   83): Setting nice for pid 3296 to 18
04-25 23:12:23.461 I/Gonk    (   83): Changed nice for pid 3296 from 0 to 18.
04-25 23:12:25.381 W/WifiHW  (   83): wifi_command: SIGNAL_POLL
04-25 23:12:25.391 I/Gecko   (   83): 
04-25 23:12:25.391 I/Gecko   (   83): ###!!! [Parent][MessageChannel] Error: Channel error: cannot send/recv
04-25 23:12:25.391 I/Gecko   (   83): 
04-25 23:12:25.451 I/log     ( 3304): <4>0[ 1281.741154] lowmem_shrink select 3271 ((Preallocated a), adj 8, size 3052, to kill 
04-25 23:12:25.851 I/Gecko   (   83): 1398492745850	Marionette	INFO	sendToClient: {"from":"0","value":"iVBORw0KGgoAAAANSUhEUgAAAUAAAAHMCAYAAACk4nEJAAAgAElEQVR4nOy9e1hMbf/3fx/P8X2e47ie3/f3/X3v57nvC+1I6ArhunDJPjWlDdmmkJRQ2lGISEikkBCFSonSDu21L1PTfr/f75TKpuwlzfv3x5pZzdRMTSmD1jqO16GZWWtmzWa9nOf5+Zyf8x8mdAYoKCgoxiP/EPYJUFBQUAgLSoAUFBTjFkqAFBQU4xZKgBQUFOMWSoAUFBTjFkqAFBQU4xZKgBQUFOMWSoAUFBTjFkqAFBQU4xZKgBQUFOMWSoAUFBTjFkqAFBQU4xZKgBQUFOMWSoAUFBTjFkqAFBQU4xZKgBQUFOMWSoAUFBTjFkqAFBQU4xZKgBQUFOMWSoAUFBTjFkqAFBQU4xZKgBQUFOMWSoAUFBTjFkqAFBQU4xZKgBQUFOMWSoAUFBTjFkqAFBQU4xZKgBQUFOMWSoAUFBTjFkqAY4hx0lPsT0iGVXQMHH18cMfpPAJtjyNivykSdm5DrN52ROw3RbCNNe44ncdFT08cC4vA/oRkGCc9/a7nutPnITZuvAgzMy9oaV2GltZlGBndgpbWZWhru2DXLjdoaV2Grq4rdHVdoaV1Gbt2uUFb24Vr30Cto+jQ3jts2jftgv2tO0L/zijGF5QARxmLuEQcC4vAVXd3BNoeR6zedqSrKyNPaQUqVVahWlWBJ5Uqq5CntALp6spI2LkNwTbWuOruTgpxrM9b+7ovTEw8ERqaDVvbAJw4EYB79+iwtQ3A6dNBcHeLha1tAJydI+DsHAFb2wC4u8fi9OkgnDgRgPv3iX0TL9zFm+uefPDgfb+rBzodXHDKzUPo3x/F+IIS4ChgnJKKY2ERuHHtCmL2GqBstTxf0Q2XEtpKROw3xUVPT1jEJY7Ze9By9YGR0W1YWt7Fo0dZuHAhDJaWPsjKqoGl5V1YWv
04-25 23:12:25.891 I/Gecko   (   83): [Parent 83] WARNING: waitpid failed pid:3271 errno:10: file ../../../gecko/ipc/chromium/src/base/process_util_posix.cc, line 254
04-25 23:12:26.301 I/Gecko   (   83): 1398492746305	Marionette	INFO	sendToClient: {"from":"0","ok":true}, {3bb83fcb-6f60-4e9a-9628-f33fbcc100e5}, {3bb83fcb-6f60-4e9a-9628-f33fbcc100e5}
04-25 23:12:26.321 I/Gecko   (   83): 1398492746333	Marionette	DEBUG	Got request: switchToFrame, data: {"to":"0","sessionId":"3-b2g","name":"switchToFrame","parameters":{"id":null,"focus":true}}, id: {16851f3e-8a2f-4f2c-8587-16265dcce042}
04-25 23:12:26.351 I/Gecko   (   83): 1398492746365	Marionette	INFO	Switched to frame: {"frameValue":null}
04-25 23:12:26.481 I/Gecko   (   83): 1398492746496	Marionette	INFO	sendToClient: {"from":"0","ok":true}, {16851f3e-8a2f-4f2c-8587-16265dcce042}, {16851f3e-8a2f-4f2c-8587-16265dcce042}
04-25 23:12:26.491 I/Gecko   (   83): 1398492746507	Marionette	DEBUG	Got request: executeWithCallback, data: {"to":"0","sessionId":"3-b2g","name":"executeAsyncScript","parameters":{"specialPowers":false,"scriptTimeout":null,"newSandbox":true,"args":[],"filename":"gaia_test.py","script":"return GaiaApps.displayedApp();","line":66}}, id: {7e61d3c1-e7ca-41b7-a225-dc2700907613}
04-25 23:12:26.871 E/GeckoConsole(   83): Content JS LOG at dummy file:392 in GaiaApps.displayedApp: app with origin 'http://ordertosanta.com' is displayed
04-25 23:12:26.871 I/Gecko   (   83): 1398492746887	Marionette	INFO	sendToClient: {"from":"0","value":{"frame":{"ELEMENT":"{8d6c471f-0d3d-435a-82ff-8ee2d6b94853}"},"src":"http://ordertosanta.com/mor/index.html","name":"OrderToSanta.com","origin":"http://ordertosanta.com"}}, {7e61d3c1-e7ca-41b7-a225-dc2700907613}, {7e61d3c1-e7ca-41b7-a225-dc2700907613}
04-25 23:12:26.911 I/Gecko   (   83): 1398492746922	Marionette	DEBUG	Got request: switchToFrame, data: {"to":"0","sessionId":"3-b2g","name":"switchToFrame","parameters":{"id":null,"focus":true}}, id: {b48dabfd-4b24-4a7c-bbcc-f3b5744c11e5}
04-25 23:12:26.911 I/Gecko   (   83): 1398492746924	Marionette	INFO	Switched to frame: {"frameValue":null}
04-25 23:12:27.011 I/Gecko   (   83): 1398492747026	Marionette	INFO	sendToClient: {"from":"0","ok":true}, {b48dabfd-4b24-4a7c-bbcc-f3b5744c11e5}, {b48dabfd-4b24-4a7c-bbcc-f3b5744c11e5}
04-25 23:12:27.021 I/Gecko   (   83): 1398492747034	Marionette	DEBUG	Got request: execute, data: {"to":"0","sessionId":"3-b2g","name":"executeScript","parameters":{"specialPowers":false,"scriptTimeout":null,"newSandbox":true,"args":[],"filename":"gaia_test.py","script":"window.wrappedJSObject.dispatchEvent(new Event('home'));","line":788}}, id: {fa624e9a-c501-45d2-b20c-1f2087f783e0}
04-25 23:12:27.221 I/Gonk    (   83): Setting nice for pid 3296 to 18
04-25 23:12:27.221 I/Gonk    (   83): Changed nice for pid 3296 from 18 to 18.
04-25 23:12:27.221 I/Gecko   (   83): [Parent 83] WARNING: waitpid failed pid:3296 errno:10: file ../../../gecko/ipc/chromium/src/base/process_util_posix.cc, line 254
04-25 23:12:27.231 I/Gonk    (   83): Setting nice for pid 3296 to 1
04-25 23:12:27.231 I/Gonk    (   83): Changed nice for pid 3296 from 18 to 1.
04-25 23:12:27.421 D/Sensors (   83): activate handle=0; drv=0
04-25 23:12:27.441 D/Sensors (   83): Lis3dhSensor: Control set 0
04-25 23:12:27.441 D/Sensors (   83): Lis3dhSensor: mEnabled = 0
04-25 23:12:27.521 I/Gecko   (   83): 1398492747532	Marionette	INFO	sendToClient: {"from":"0","value":null}, {fa624e9a-c501-45d2-b20c-1f2087f783e0}, {fa624e9a-c501-45d2-b20c-1f2087f783e0}
04-25 23:12:27.571 I/Gecko   (   83): 1398492747581	Marionette	DEBUG	Got request: switchToFrame, data: {"to":"0","sessionId":"3-b2g","name":"switchToFrame","parameters":{"id":null,"focus":true}}, id: {1a077a50-9fce-4fd3-933b-d2de30fe6df8}
04-25 23:12:27.581 I/Gecko   (   83): 1398492747599	Marionette	INFO	Switched to frame: {"frameValue":null}
04-25 23:12:27.691 I/Gecko   (   83): 1398492747709	Marionette	INFO	sendToClient: {"from":"0","ok":true}, {1a077a50-9fce-4fd3-933b-d2de30fe6df8}, {1a077a50-9fce-4fd3-933b-d2de30fe6df8}
04-25 23:12:27.731 I/Gecko   (   83): 1398492747729	Marionette	DEBUG	Got request: executeWithCallback, data: {"to":"0","sessionId":"3-b2g","name":"executeAsyncScript","parameters":{"specialPowers":false,"scriptTimeout":null,"newSandbox":true,"args":[],"filename":"gaia_test.py","script":"return GaiaApps.displayedApp();","line":66}}, id: {b22b4028-a3d6-4026-9635-831b5c85c95a}
04-25 23:12:27.831 E/GeckoConsole(   83): Content JS LOG at dummy file:392 in GaiaApps.displayedApp: app with origin 'app://homescreen.gaiamobile.org' is displayed
04-25 23:12:27.851 I/Gecko   (   83): 1398492747865	Marionette	INFO	sendToClient: {"from":"0","value":{"frame":{"ELEMENT":"{469ff4e2-a315-4fb9-885f-e2811e099af4}"},"src":"app://homescreen.gaiamobile.org/index.html#root","name":"Homescreen","origin":"app://homescreen.gaiamobile.org"}}, {b22b4028-a3d6-4026-9635-831b5c85c95a}, {b22b4028-a3d6-4026-9635-831b5c85c95a}
04-25 23:12:27.861 I/Gecko   (   83): 1398492747873	Marionette	DEBUG	Got request: switchToFrame, data: {"to":"0","sessionId":"3-b2g","name":"switchToFrame","parameters":{"id":null,"focus":true}}, id: {464a171f-0802-4618-a672-796470c6874f}
04-25 23:12:27.871 I/Gecko   (   83): 1398492747883	Marionette	INFO	Switched to frame: {"frameValue":null}
04-25 23:12:27.891 I/Gecko   (   83): [Parent 83] WARNING: waitpid failed pid:3271 errno:10: file ../../../gecko/ipc/chromium/src/base/process_util_posix.cc, line 254
04-25 23:12:27.891 I/Gecko   (   83): [Parent 83] WARNING: Failed to deliver SIGKILL to 3271!(3).: file ../../../gecko/ipc/chromium/src/chrome/common/process_watcher_posix_sigchld.cc, line 118
04-25 23:12:27.971 I/Gecko   (   83): 1398492747987	Marionette	INFO	sendToClient: {"from":"0","ok":true}, {464a171f-0802-4618-a672-796470c6874f}, {464a171f-0802-4618-a672-796470c6874f}
04-25 23:12:27.981 I/Gecko   (   83): 1398492747993	Marionette	DEBUG	Got request: switchToFrame, data: {"to":"0","sessionId":"3-b2g","name":"switchToFrame","parameters":{"id":null,"focus":true}}, id: {87ee5e47-73df-4876-af18-ea5c339d970c}
04-25 23:12:27.981 I/Gecko   (   83): 1398492747996	Marionette	INFO	Switched to frame: {"frameValue":null}
04-25 23:12:28.081 I/Gecko   (   83): 1398492748098	Marionette	INFO	sendToClient: {"from":"0","ok":true}, {87ee5e47-73df-4876-af18-ea5c339d970c}, {87ee5e47-73df-4876-af18-ea5c339d970c}
04-25 23:12:28.091 I/Gecko   (   83): 1398492748107	Marionette	DEBUG	Got request: executeWithCallback, data: {"to":"0","sessionId":"3-b2g","name":"executeAsyncScript","parameters":{"specialPowers":false,"scriptTimeout":null,"newSandbox":true,"args":[],"filename":"gaia_test.py","script":"return GaiaApps.displayedApp();","line":66}}, id: {73989664-d404-4977-8525-5896af6e543b}
04-25 23:12:28.201 I/Gecko   (   83): 1398492748220	Marionette	INFO	sendToClient: {"from":"0","value":{"frame":{"ELEMENT":"{469ff4e2-a315-4fb9-885f-e2811e099af4}"},"src":"app://homescreen.gaiamobile.org/index.html#root","name":"Homescreen","origin":"app://homescreen.gaiamobile.org"}}, {73989664-d404-4977-8525-5896af6e543b}, {73989664-d404-4977-8525-5896af6e543b}
04-25 23:12:28.211 E/GeckoConsole(   83): Content JS LOG at dummy file:392 in GaiaApps.displayedApp: app with origin 'app://homescreen.gaiamobile.org' is displayed
04-25 23:12:28.221 I/Gecko   (   83): 1398492748239	Marionette	DEBUG	Got request: switchToFrame, data: {"to":"0","sessionId":"3-b2g","name":"switchToFrame","parameters":{"focus":true,"element":"{469ff4e2-a315-4fb9-885f-e2811e099af4}"}}, id: {02191f05-cc24-456f-a072-a27472f8c919}
04-25 23:12:28.261 I/Gecko   (   83): 1398492748275	Marionette	INFO	Switched to frame: {"frameValue":"{469ff4e2-a315-4fb9-885f-e2811e099af4}"}
04-25 23:12:28.261 I/Gecko   (   83): 1398492748277	Marionette	INFO	trying remote frame 0
04-25 23:12:28.281 I/Gecko   (   83): 1398492748295	Marionette	INFO	trying remote frame 1
04-25 23:12:28.291 I/Gecko   (   83): 1398492748302	Marionette	INFO	trying remote frame 2
04-25 23:12:28.301 I/Gecko   (   83): 1398492748313	Marionette	INFO	deleting frame
04-25 23:12:28.301 I/Gecko   (   83): 1398492748319	Marionette	INFO	frame-manager load script: [object ChromeMessageSender]
04-25 23:12:29.401 I/Gonk    (   83): Setting nice for pid 3219 to 18
04-25 23:12:29.401 I/Gonk    (   83): Changed nice for pid 3219 from 1 to 18.
04-25 23:12:30.121 I/Gecko   ( 3296): ###################################### forms.js loaded
04-25 23:12:30.141 I/Gecko   ( 3296): ############################### browserElementPanning.js loaded
04-25 23:12:30.161 I/Gecko   ( 3296): ######################## BrowserElementChildPreload.js loaded
04-25 23:12:30.401 W/WifiHW  (   83): wifi_command: SIGNAL_POLL
04-25 23:12:30.631 I/Gecko   (   83): [Parent 83] WARNING: pipe error (102): Connection reset by peer: file ../../../gecko/ipc/chromium/src/chrome/common/ipc_channel_posix.cc, line 446
04-25 23:12:30.631 I/Gecko   (   83): 
04-25 23:12:30.631 I/Gecko   (   83): ###!!! [Parent][MessageChannel] Error: Channel error: cannot send/recv
04-25 23:12:30.631 I/Gecko   (   83): 
04-25 23:12:30.681 I/Gecko   (   83): [Parent 83] WARNING: waitpid failed pid:3219 errno:10: file ../../../gecko/ipc/chromium/src/base/process_util_posix.cc, line 254
04-25 23:12:31.051 I/Gecko   (   83): 1398492751065	Marionette	INFO	sendToClient: {"from":"0","ok":true}, {02191f05-cc24-456f-a072-a27472f8c919}, {02191f05-cc24-456f-a072-a27472f8c919}
04-25 23:12:31.251 I/Gecko   (   83): 1398492751268	Marionette	INFO	sendToClient: {"from":"0","value":"app://homescreen.gaiamobile.org/index.html#root"}, {29945afa-b0e6-41e1-9fef-c7e1db2af3aa}, {29945afa-b0e6-41e1-9fef-c7e1db2af3aa}
04-25 23:12:31.261 I/Gecko   (   83): 1398492751275	Marionette	DEBUG	Got request: switchToFrame, data: {"to":"0","sessionId":"3-b2g","name":"switchToFrame","parameters":{"id":null,"focus":true}}, id: {98546acf-fed7-4455-85ef-5aaca004f817}
04-25 23:12:31.281 I/Gecko   (   83): 1398492751294	Marionette	INFO	Switched to frame: {"frameValue":null}
04-25 23:12:31.401 I/Gecko   (   83): 1398492751413	Marionette	INFO	sendToClient: {"from":"0","ok":true}, {98546acf-fed7-4455-85ef-5aaca004f817}, {98546acf-fed7-4455-85ef-5aaca004f817}
04-25 23:12:31.401 I/Gecko   (   83): 1398492751419	Marionette	DEBUG	Got request: switchToFrame, data: {"to":"0","sessionId":"3-b2g","name":"switchToFrame","parameters":{"id":null,"focus":true}}, id: {048148db-1473-40d6-9e71-7136fcf7fd55}
04-25 23:12:31.401 I/Gecko   (   83): 1398492751421	Marionette	INFO	Switched to frame: {"frameValue":null}
04-25 23:12:31.511 I/Gecko   (   83): 1398492751523	Marionette	INFO	sendToClient: {"from":"0","ok":true}, {048148db-1473-40d6-9e71-7136fcf7fd55}, {048148db-1473-40d6-9e71-7136fcf7fd55}
04-25 23:12:31.511 I/Gecko   (   83): 1398492751530	Marionette	DEBUG	Got request: executeWithCallback, data: {"to":"0","sessionId":"3-b2g","name":"executeAsyncScript","parameters":{"specialPowers":false,"scriptTimeout":null,"newSandbox":true,"args":[],"filename":"gaia_test.py","script":"GaiaApps.killAll()","line":91}}, id: {6cee58c0-c7a7-4a7e-8e5a-34a94307d392}
04-25 23:12:31.561 I/Gecko   (   83): 1398492751573	Marionette	INFO	sendToClient: {"from":"0","value":true}, {6cee58c0-c7a7-4a7e-8e5a-34a94307d392}, {6cee58c0-c7a7-4a7e-8e5a-34a94307d392}
04-25 23:12:31.561 I/Gecko   (   83): 1398492751579	Marionette	DEBUG	Got request: switchToFrame, data: {"to":"0","sessionId":"3-b2g","name":"switchToFrame","parameters":{"id":null,"focus":true}}, id: {dd0575f8-3c2d-4a66-b77c-a1c385c7ee31}
04-25 23:12:31.571 I/Gecko   (   83): 1398492751588	Marionette	INFO	Switched to frame: {"frameValue":null}
04-25 23:12:31.681 I/Gecko   (   83): 1398492751691	Marionette	INFO	sendToClient: {"from":"0","ok":true}, {dd0575f8-3c2d-4a66-b77c-a1c385c7ee31}, {dd0575f8-3c2d-4a66-b77c-a1c385c7ee31}
04-25 23:12:31.691 I/Gecko   (   83): 1398492751705	Marionette	DEBUG	Got request: executeWithCallback, data: {"to":"0","sessionId":"3-b2g","name":"executeAsyncScript","parameters":{"specialPowers":false,"scriptTimeout":60000,"newSandbox":true,"args":[],"filename":"app_checker.py","script":"\n        GaiaApps.locateWithManifestURL('http://ordertosanta.com/mor/manifest.webapp',\n                                       null,\n                                       function uninstall(app) {\n                                       navigator.mozApps.mgmt.uninstall(app);\n                                       marionetteScriptFinished(true);\n                                       });\n        ","line":129}}, id: {3001052c-1e0c-4015-bee3-5fc9b4dee4e9}
04-25 23:12:31.741 I/Gecko   (   83): -- webapps.js uninstall http://ordertosanta.com/mor/manifest.webapp
04-25 23:12:32.251 I/Gecko   (   83): 1398492752263	Marionette	INFO	sendToClient: {"from":"0","value":true}, {3001052c-1e0c-4015-bee3-5fc9b4dee4e9}, {3001052c-1e0c-4015-bee3-5fc9b4dee4e9}
04-25 23:12:32.661 I/Gonk    (   83): Setting nice for pid 3315 to 18
04-25 23:12:32.661 I/Gonk    (   83): Changed nice for pid 3315 from 0 to 18.
04-25 23:12:32.681 I/Gecko   (   83): [Parent 83] WARNING: waitpid failed pid:3219 errno:10: file ../../../gecko/ipc/chromium/src/base/process_util_posix.cc, line 254
04-25 23:12:32.681 I/Gecko   (   83): [Parent 83] WARNING: Failed to deliver SIGKILL to 3219!(3).: file ../../../gecko/ipc/chromium/src/chrome/common/process_watcher_posix_sigchld.cc, line 118