--------- beginning of /dev/log/main
04-26 13:24:50.103 I/Gecko   (   83): 1398543890113	Marionette	INFO	sendToClient: {"from":"0","ok":true}, {a6a6c549-771c-4753-af4f-1717156cb450}, {a6a6c549-771c-4753-af4f-1717156cb450}
04-26 13:24:50.113 I/Gecko   (   83): 1398543890123	Marionette	DEBUG	Got request: switchToFrame, data: {"to":"0","sessionId":"3-b2g","name":"switchToFrame","parameters":{"id":null,"focus":true}}, id: {5b5dc377-1c81-46a8-91dc-c3193c171d0f}
04-26 13:24:50.123 I/Gecko   (   83): 1398543890127	Marionette	INFO	Switched to frame: {"frameValue":null}
04-26 13:24:50.223 I/Gecko   (   83): 1398543890229	Marionette	INFO	sendToClient: {"from":"0","ok":true}, {5b5dc377-1c81-46a8-91dc-c3193c171d0f}, {5b5dc377-1c81-46a8-91dc-c3193c171d0f}
04-26 13:24:50.233 I/Gecko   (   83): 1398543890237	Marionette	DEBUG	Got request: executeWithCallback, data: {"to":"0","sessionId":"3-b2g","name":"executeAsyncScript","parameters":{"specialPowers":false,"scriptTimeout":null,"newSandbox":true,"args":[],"filename":"gaia_test.py","script":"return GaiaApps.displayedApp();","line":66}}, id: {53e22034-cf88-41e4-898b-0a403b5c89f4}
04-26 13:24:50.293 E/GeckoConsole(   83): Content JS LOG at dummy file:392 in GaiaApps.displayedApp: app with origin 'app://homescreen.gaiamobile.org' is displayed
04-26 13:24:50.293 I/Gecko   (   83): 1398543890299	Marionette	INFO	sendToClient: {"from":"0","value":{"frame":{"ELEMENT":"{e506c11e-8262-4a89-a825-4cbb6600b327}"},"src":"app://homescreen.gaiamobile.org/index.html#root","name":"Homescreen","origin":"app://homescreen.gaiamobile.org"}}, {53e22034-cf88-41e4-898b-0a403b5c89f4}, {53e22034-cf88-41e4-898b-0a403b5c89f4}
04-26 13:24:50.303 I/Gecko   (   83): 1398543890306	Marionette	DEBUG	Got request: switchToFrame, data: {"to":"0","sessionId":"3-b2g","name":"switchToFrame","parameters":{"id":null,"focus":true}}, id: {61ec6480-4a54-408f-94c7-299ea8b2e045}
04-26 13:24:50.303 I/Gecko   (   83): 1398543890308	Marionette	INFO	Switched to frame: {"frameValue":null}
04-26 13:24:50.403 I/Gecko   (   83): 1398543890411	Marionette	INFO	sendToClient: {"from":"0","ok":true}, {61ec6480-4a54-408f-94c7-299ea8b2e045}, {61ec6480-4a54-408f-94c7-299ea8b2e045}
04-26 13:24:50.413 I/Gecko   (   83): 1398543890418	Marionette	DEBUG	Got request: switchToFrame, data: {"to":"0","sessionId":"3-b2g","name":"switchToFrame","parameters":{"id":null,"focus":true}}, id: {99905f57-3483-4568-8b99-88d9178b3937}
04-26 13:24:50.413 I/Gecko   (   83): 1398543890420	Marionette	INFO	Switched to frame: {"frameValue":null}
04-26 13:24:50.513 I/Gecko   (   83): 1398543890522	Marionette	INFO	sendToClient: {"from":"0","ok":true}, {99905f57-3483-4568-8b99-88d9178b3937}, {99905f57-3483-4568-8b99-88d9178b3937}
04-26 13:24:50.523 I/Gecko   (   83): 1398543890528	Marionette	DEBUG	Got request: executeWithCallback, data: {"to":"0","sessionId":"3-b2g","name":"executeAsyncScript","parameters":{"specialPowers":false,"scriptTimeout":null,"newSandbox":true,"args":[],"filename":"gaia_test.py","script":"return GaiaApps.displayedApp();","line":66}}, id: {aaae6e3e-a793-42d2-95c9-62354717cf0f}
04-26 13:24:50.573 I/Gecko   (   83): 1398543890578	Marionette	INFO	sendToClient: {"from":"0","value":{"frame":{"ELEMENT":"{e506c11e-8262-4a89-a825-4cbb6600b327}"},"src":"app://homescreen.gaiamobile.org/index.html#root","name":"Homescreen","origin":"app://homescreen.gaiamobile.org"}}, {aaae6e3e-a793-42d2-95c9-62354717cf0f}, {aaae6e3e-a793-42d2-95c9-62354717cf0f}
04-26 13:24:50.583 E/GeckoConsole(   83): Content JS LOG at dummy file:392 in GaiaApps.displayedApp: app with origin 'app://homescreen.gaiamobile.org' is displayed
04-26 13:24:50.583 I/Gecko   (   83): 1398543890591	Marionette	DEBUG	Got request: switchToFrame, data: {"to":"0","sessionId":"3-b2g","name":"switchToFrame","parameters":{"focus":true,"element":"{e506c11e-8262-4a89-a825-4cbb6600b327}"}}, id: {fcfeb63b-16ff-49f6-b293-b1cc2c29652f}
04-26 13:24:50.623 I/Gecko   (   83): 1398543890615	Marionette	INFO	Switched to frame: {"frameValue":"{e506c11e-8262-4a89-a825-4cbb6600b327}"}
04-26 13:24:50.623 I/Gecko   (   83): 1398543890627	Marionette	INFO	trying remote frame 0
04-26 13:24:50.623 I/Gecko   (   83): 1398543890628	Marionette	INFO	deleting frame
04-26 13:24:50.623 I/Gecko   (   83): 1398543890633	Marionette	INFO	frame-manager load script: [object ChromeMessageSender]
04-26 13:24:50.723 I/Gecko   (   83): [Parent 83] WARNING: waitpid failed pid:508 errno:10: file ../../../gecko/ipc/chromium/src/base/process_util_posix.cc, line 254
04-26 13:24:50.723 I/Gecko   (   83): [Parent 83] WARNING: Failed to deliver SIGKILL to 508!(3).: file ../../../gecko/ipc/chromium/src/chrome/common/process_watcher_posix_sigchld.cc, line 118
04-26 13:24:50.983 I/Gecko   (   83): 1398543890994	Marionette	INFO	sendToClient: {"from":"0","ok":true}, {fcfeb63b-16ff-49f6-b293-b1cc2c29652f}, {fcfeb63b-16ff-49f6-b293-b1cc2c29652f}
04-26 13:24:51.013 I/Gecko   (   83): 1398543891022	Marionette	INFO	sendToClient: {"from":"0","value":{"ELEMENT":"{dcbf2647-a53b-409f-b778-3c136da739b8}"}}, {2d400cf6-2cbe-438c-bd2d-989150babcc8}, {2d400cf6-2cbe-438c-bd2d-989150babcc8}
04-26 13:24:51.103 E/GeckoConsole(  536): [JavaScript Warning: "Use of getAttributeNode() is deprecated. Use getAttribute() instead." {file: "chrome://marionette/content/atoms.js" line: 25}]
04-26 13:24:51.103 E/GeckoConsole(  536): [JavaScript Warning: "Use of attributes' specified attribute is deprecated. It always returns true." {file: "chrome://marionette/content/atoms.js" line: 25}]
04-26 13:24:51.103 I/Gecko   (   83): 1398543891110	Marionette	INFO	sendToClient: {"from":"0","value":"normal"}, {47cce837-9256-4d8f-aa97-fe1474599934}, {47cce837-9256-4d8f-aa97-fe1474599934}
04-26 13:24:51.113 I/Gecko   (   83): 1398543891117	Marionette	DEBUG	Got request: switchToFrame, data: {"to":"0","sessionId":"3-b2g","name":"switchToFrame","parameters":{"id":null,"focus":true}}, id: {8e7f91d1-573e-4a0a-969b-280dddeccc92}
04-26 13:24:51.123 I/Gecko   (   83): 1398543891133	Marionette	INFO	Switched to frame: {"frameValue":null}
04-26 13:24:51.233 I/Gecko   (   83): 1398543891242	Marionette	INFO	sendToClient: {"from":"0","ok":true}, {8e7f91d1-573e-4a0a-969b-280dddeccc92}, {8e7f91d1-573e-4a0a-969b-280dddeccc92}
04-26 13:24:51.253 I/Gecko   (   83): 1398543891262	Marionette	DEBUG	Got request: execute, data: {"to":"0","sessionId":"3-b2g","name":"executeScript","parameters":{"specialPowers":false,"scriptTimeout":null,"newSandbox":true,"args":[],"filename":"gaia_test.py","script":"window.wrappedJSObject.dispatchEvent(new Event('home'));","line":788}}, id: {6abaa06b-eeca-4d32-b5a0-51b15361bf42}
04-26 13:24:51.313 I/Gecko   (   83): 1398543891316	Marionette	INFO	sendToClient: {"from":"0","value":null}, {6abaa06b-eeca-4d32-b5a0-51b15361bf42}, {6abaa06b-eeca-4d32-b5a0-51b15361bf42}
04-26 13:24:51.333 I/Gecko   (   83): 1398543891341	Marionette	DEBUG	Got request: switchToFrame, data: {"to":"0","sessionId":"3-b2g","name":"switchToFrame","parameters":{"id":null,"focus":true}}, id: {ae1bfef0-3454-4733-b2b9-82041a5ce007}
04-26 13:24:51.343 I/Gecko   (   83): 1398543891348	Marionette	INFO	Switched to frame: {"frameValue":null}
04-26 13:24:51.443 I/Gecko   (   83): 1398543891452	Marionette	INFO	sendToClient: {"from":"0","ok":true}, {ae1bfef0-3454-4733-b2b9-82041a5ce007}, {ae1bfef0-3454-4733-b2b9-82041a5ce007}
04-26 13:24:51.463 I/Gecko   (   83): 1398543891471	Marionette	DEBUG	Got request: switchToFrame, data: {"to":"0","sessionId":"3-b2g","name":"switchToFrame","parameters":{"id":null,"focus":true}}, id: {7e53f933-ab88-48a1-bfb0-8152df70c11b}
04-26 13:24:51.463 I/Gecko   (   83): 1398543891473	Marionette	INFO	Switched to frame: {"frameValue":null}
04-26 13:24:51.683 I/Gecko   (   83): 1398543891691	Marionette	INFO	sendToClient: {"from":"0","ok":true}, {7e53f933-ab88-48a1-bfb0-8152df70c11b}, {7e53f933-ab88-48a1-bfb0-8152df70c11b}
04-26 13:24:51.693 I/Gecko   (   83): 1398543891698	Marionette	DEBUG	Got request: executeWithCallback, data: {"to":"0","sessionId":"3-b2g","name":"executeAsyncScript","parameters":{"specialPowers":false,"scriptTimeout":null,"newSandbox":true,"args":[],"filename":"gaia_test.py","script":"return GaiaApps.displayedApp();","line":66}}, id: {25dee4f8-ab59-4cb8-a9ea-6eca820a5e8a}
04-26 13:24:51.753 I/Gecko   (   83): 1398543891762	Marionette	INFO	sendToClient: {"from":"0","value":{"frame":{"ELEMENT":"{e506c11e-8262-4a89-a825-4cbb6600b327}"},"src":"app://homescreen.gaiamobile.org/index.html#rootSat%20Apr%2026%202014%2013:24:51%20GMT-0700%20(UTC)","name":"Homescreen","origin":"app://homescreen.gaiamobile.org"}}, {25dee4f8-ab59-4cb8-a9ea-6eca820a5e8a}, {25dee4f8-ab59-4cb8-a9ea-6eca820a5e8a}
04-26 13:24:51.763 E/GeckoConsole(   83): Content JS LOG at dummy file:392 in GaiaApps.displayedApp: app with origin 'app://homescreen.gaiamobile.org' is displayed
04-26 13:24:51.833 I/Gecko   (   83): 1398543891836	Marionette	DEBUG	Got request: switchToFrame, data: {"to":"0","sessionId":"3-b2g","name":"switchToFrame","parameters":{"focus":true,"element":"{e506c11e-8262-4a89-a825-4cbb6600b327}"}}, id: {3882f816-11e7-4691-8428-75ae3b222861}
04-26 13:24:51.843 I/Gecko   (   83): 1398543891849	Marionette	INFO	Switched to frame: {"frameValue":"{e506c11e-8262-4a89-a825-4cbb6600b327}"}
04-26 13:24:51.853 I/Gecko   (   83): 1398543891856	Marionette	INFO	trying remote frame 0
04-26 13:24:52.753 I/Gecko   (   83): 1398543892758	Marionette	INFO	sendToClient: {"from":"0","ok":true}, {3882f816-11e7-4691-8428-75ae3b222861}, {3882f816-11e7-4691-8428-75ae3b222861}
04-26 13:24:52.763 I/Gecko   (   83): 1398543892770	Marionette	DEBUG	Got request: execute, data: {"to":"0","sessionId":"3-b2g","name":"executeScript","parameters":{"specialPowers":false,"scriptTimeout":null,"newSandbox":true,"args":[],"filename":"gaia_test.py","script":"return window.wrappedJSObject.GridManager.pageHelper.getCurrentPageNumber();","line":784}}, id: {2c7cb37f-14e0-48fd-84c6-f5bf77478ba8}
04-26 13:24:52.873 E/GeckoConsole(  536): Content JS WARN at app://homescreen.gaiamobile.org/gaia_build_defer_index.js:184 in isHiddenApp: Unexpected role when checking hidden app: undefined
04-26 13:24:52.883 E/GeckoConsole(  536): Content JS WARN at app://homescreen.gaiamobile.org/gaia_build_defer_index.js:184 in isHiddenApp: Unexpected role when checking hidden app: undefined
04-26 13:24:52.883 E/GeckoConsole(  536): Content JS WARN at app://homescreen.gaiamobile.org/gaia_build_defer_index.js:184 in isHiddenApp: Unexpected role when checking hidden app: undefined
04-26 13:24:52.883 E/GeckoConsole(  536): Content JS WARN at app://homescreen.gaiamobile.org/gaia_build_defer_index.js:184 in isHiddenApp: Unexpected role when checking hidden app: undefined
04-26 13:24:52.883 E/GeckoConsole(  536): Content JS WARN at app://homescreen.gaiamobile.org/gaia_build_defer_index.js:184 in isHiddenApp: Unexpected role when checking hidden app: undefined
04-26 13:24:52.883 E/GeckoConsole(  536): Content JS WARN at app://homescreen.gaiamobile.org/gaia_build_defer_index.js:184 in isHiddenApp: Unexpected role when checking hidden app: undefined
04-26 13:24:52.883 E/GeckoConsole(  536): Content JS WARN at app://homescreen.gaiamobile.org/gaia_build_defer_index.js:184 in isHiddenApp: Unexpected role when checking hidden app: undefined
04-26 13:24:52.883 E/GeckoConsole(  536): Content JS WARN at app://homescreen.gaiamobile.org/gaia_build_defer_index.js:184 in isHiddenApp: Unexpected role when checking hidden app: undefined
04-26 13:24:52.883 E/GeckoConsole(  536): Content JS WARN at app://homescreen.gaiamobile.org/gaia_build_defer_index.js:184 in isHiddenApp: Unexpected role when checking hidden app: undefined
04-26 13:24:52.883 E/GeckoConsole(  536): Content JS WARN at app://homescreen.gaiamobile.org/gaia_build_defer_index.js:184 in isHiddenApp: Unexpected role when checking hidden app: undefined
04-26 13:24:52.883 E/GeckoConsole(  536): Content JS WARN at app://homescreen.gaiamobile.org/gaia_build_defer_index.js:184 in isHiddenApp: Unexpected role when checking hidden app: undefined
04-26 13:24:52.883 E/GeckoConsole(  536): Content JS WARN at app://homescreen.gaiamobile.org/gaia_build_defer_index.js:184 in isHiddenApp: Unexpected role when checking hidden app: undefined
04-26 13:24:52.883 E/GeckoConsole(  536): Content JS WARN at app://homescreen.gaiamobile.org/gaia_build_defer_index.js:184 in isHiddenApp: Unexpected role when checking hidden app: undefined
04-26 13:24:52.893 E/GeckoConsole(  536): Content JS WARN at app://homescreen.gaiamobile.org/gaia_build_defer_index.js:184 in isHiddenApp: Unexpected role when checking hidden app: undefined
04-26 13:24:52.893 E/GeckoConsole(  536): Content JS WARN at app://homescreen.gaiamobile.org/gaia_build_defer_index.js:184 in isHiddenApp: Unexpected role when checking hidden app: undefined
04-26 13:24:52.893 E/GeckoConsole(  536): Content JS WARN at app://homescreen.gaiamobile.org/gaia_build_defer_index.js:184 in isHiddenApp: Unexpected role when checking hidden app: undefined
04-26 13:24:52.893 E/GeckoConsole(  536): Content JS WARN at app://homescreen.gaiamobile.org/gaia_build_defer_index.js:184 in isHiddenApp: Unexpected role when checking hidden app: undefined
04-26 13:24:52.893 E/GeckoConsole(  536): Content JS WARN at app://homescreen.gaiamobile.org/gaia_build_defer_index.js:184 in isHiddenApp: Unexpected role when checking hidden app: undefined
04-26 13:24:52.893 E/GeckoConsole(  536): Content JS WARN at app://homescreen.gaiamobile.org/gaia_build_defer_index.js:184 in isHiddenApp: Unexpected role when checking hidden app: undefined
04-26 13:24:52.893 E/GeckoConsole(  536): Content JS WARN at app://homescreen.gaiamobile.org/gaia_build_defer_index.js:184 in isHiddenApp: Unexpected role when checking hidden app: undefined
04-26 13:24:52.893 E/GeckoConsole(  536): Content JS WARN at app://homescreen.gaiamobile.org/gaia_build_defer_index.js:184 in isHiddenApp: Unexpected role when checking hidden app: undefined
04-26 13:24:52.893 E/GeckoConsole(  536): Content JS WARN at app://homescreen.gaiamobile.org/gaia_build_defer_index.js:184 in isHiddenApp: Unexpected role when checking hidden app: undefined
04-26 13:24:52.893 E/GeckoConsole(  536): Content JS WARN at app://homescreen.gaiamobile.org/gaia_build_defer_index.js:184 in isHiddenApp: Unexpected role when checking hidden app: undefined
04-26 13:24:52.893 E/GeckoConsole(  536): Content JS WARN at app://homescreen.gaiamobile.org/gaia_build_defer_index.js:184 in isHiddenApp: Unexpected role when checking hidden app: undefined
04-26 13:24:52.893 E/GeckoConsole(  536): Content JS WARN at app://homescreen.gaiamobile.org/gaia_build_defer_index.js:184 in isHiddenApp: Unexpected role when checking hidden app: undefined
04-26 13:24:52.893 E/GeckoConsole(  536): Content JS WARN at app://homescreen.gaiamobile.org/gaia_build_defer_index.js:184 in isHiddenApp: Unexpected role when checking hidden app: undefined
04-26 13:24:52.993 I/Gecko   (   83): 1398543892997	Marionette	INFO	sendToClient: {"from":"0","value":0}, {2c7cb37f-14e0-48fd-84c6-f5bf77478ba8}, {2c7cb37f-14e0-48fd-84c6-f5bf77478ba8}
04-26 13:24:53.053 W/WifiHW  (   83): wifi_command: SIGNAL_POLL
04-26 13:24:53.173 I/Gecko   (   83): 1398543893176	Marionette	INFO	sendToClient: {"from":"0","value":["{98524899-a4d6-4f19-a1cb-868057639605}","{3f383876-ef52-40e1-9fb0-f33b01ff332f}","{4bccf566-35bb-4833-90f1-1b7e1d670595}","{49e9e35f-9543-4391-96e7-a2ff3cb1a775}","{6dfaf389-e1a6-4099-bac7-ef5379447f2e}","{74a23dd8-28c4-4d71-b2f9-8471186e5935}","{828180b9-891c-4565-84d9-a05a72992e42}","{8d80caca-a116-4758-9be1-7265af6dd7f9}","{041cbd9a-6092-4e94-954e-bdfd907adf91}","{70b918d1-fc25-4c57-959b-a2759ed5eff0}","{68e3ae7d-12e3-409c-9500-0ddcb2753499}","{a1dbb9d9-2032-4aa7-851d-483cc2e15fb0}","{425ef66e-df76-48dc-b33c-191f30faeb1b}","{fcbf6dfd-b38e-4454-91b3-32b429a62fc4}","{17da4253-ee38-4780-bae6-a1f7090d7995}","{2c9c4c60-49f8-472b-ae1e-836c6c946762}","{db1bb45b-d92a-47e7-8f0f-c8157184130f}","{28dc3f1d-6c50-4303-a458-adc37e48e42a}","{503d68f3-5178-4e78-aa41-582694402608}","{cdf95df4-02e6-44d8-8fa5-fb9c6351464e}","{932db04d-82fd-448e-b7d8-e1acecfe3ea0}","{ce29c417-b52e-4874-a65b-e327df81217a}","{33407b49-be20-484a-98b7-4f32881ca44b}","{156f26da-ded2
04-26 13:24:53.203 I/Gecko   (   83): 1398543893214	Marionette	INFO	sendToClient: {"from":"0","value":"app://homescreen.gaiamobile.org/index.html#rootSat%20Apr%2026%202014%2013:24:51%20GMT-0700%20(UTC)"}, {942abfe6-a0e6-4669-b913-4af34106db26}, {942abfe6-a0e6-4669-b913-4af34106db26}
04-26 13:24:53.213 I/Gecko   (   83): 1398543893222	Marionette	DEBUG	Got request: switchToFrame, data: {"to":"0","sessionId":"3-b2g","name":"switchToFrame","parameters":{"id":null,"focus":true}}, id: {bb8ee774-3873-4be8-ba8b-25e085935087}
04-26 13:24:53.223 I/Gecko   (   83): 1398543893235	Marionette	INFO	Switched to frame: {"frameValue":null}
04-26 13:24:53.333 I/Gecko   (   83): 1398543893338	Marionette	INFO	sendToClient: {"from":"0","ok":true}, {bb8ee774-3873-4be8-ba8b-25e085935087}, {bb8ee774-3873-4be8-ba8b-25e085935087}
04-26 13:24:53.333 I/Gecko   (   83): 1398543893344	Marionette	DEBUG	Got request: switchToFrame, data: {"to":"0","sessionId":"3-b2g","name":"switchToFrame","parameters":{"id":null,"focus":true}}, id: {e9831180-b455-4f95-96ea-b6f29c59f76d}
04-26 13:24:53.343 I/Gecko   (   83): 1398543893346	Marionette	INFO	Switched to frame: {"frameValue":null}
04-26 13:24:53.443 I/Gecko   (   83): 1398543893449	Marionette	INFO	sendToClient: {"from":"0","ok":true}, {e9831180-b455-4f95-96ea-b6f29c59f76d}, {e9831180-b455-4f95-96ea-b6f29c59f76d}
04-26 13:24:53.453 I/Gecko   (   83): 1398543893456	Marionette	DEBUG	Got request: executeWithCallback, data: {"to":"0","sessionId":"3-b2g","name":"executeAsyncScript","parameters":{"specialPowers":false,"scriptTimeout":30000,"newSandbox":true,"args":[],"filename":"app_checker.py","script":"GaiaApps.launchWithManifestURL('http://hoffburg.at/radla/manifest.webapp')","line":106}}, id: {8456ba6a-53e3-437a-aa78-37077a9f91ed}
04-26 13:24:53.533 I/Gonk    (   83): Setting nice for pid 564 to 18
04-26 13:24:53.533 I/Gonk    (   83): Changed nice for pid 564 from 18 to 18.
04-26 13:24:53.533 I/Gecko   (   83): [Parent 83] WARNING: waitpid failed pid:564 errno:10: file ../../../gecko/ipc/chromium/src/base/process_util_posix.cc, line 254
04-26 13:24:53.553 I/Gonk    (   83): Setting nice for pid 564 to 1
04-26 13:24:53.553 I/Gonk    (   83): Changed nice for pid 564 from 18 to 1.
04-26 13:24:53.573 E/GeckoConsole(   83): Content JS LOG at dummy file:334 in GaiaApps.launch: launching app with name 'radla'
04-26 13:24:53.883 D/Sensors (   83): activate handle=0; drv=0
04-26 13:24:53.893 D/Sensors (   83): Lis3dhSensor: Control set 1
04-26 13:24:53.893 D/Sensors (   83): Lis3dhSensor: mEnabled = 1
04-26 13:24:53.933 I/Gonk    (   83): Setting nice for pid 536 to 18
04-26 13:24:53.953 I/Gonk    (   83): Changed nice for pid 536 from 1 to 18.
04-26 13:24:54.113 I/Gonk    (   83): Setting nice for pid 613 to 18
04-26 13:24:54.113 I/Gonk    (   83): Changed nice for pid 613 from 0 to 18.
04-26 13:24:54.573 I/Gecko   (  564): ###################################### forms.js loaded
04-26 13:24:54.593 I/Gecko   (  564): ############################### browserElementPanning.js loaded
04-26 13:24:54.613 I/Gecko   (  564): ######################## BrowserElementChildPreload.js loaded
04-26 13:24:55.793 V/AudioPolicyManagerBase(   88): getDeviceForStrategy() from cache strategy 0, device 2
04-26 13:24:55.843 V/AudioPolicyManagerBase(   88): getOutput() stream 1, samplingRate 0, format 0, channels 3, flags 0
04-26 13:24:55.923 V/AudioPolicyManagerBase(   88): startOutput() output 1, stream 1, session 2
04-26 13:24:55.923 V/AudioPolicyManagerBase(   88): startReadingThread
04-26 13:24:55.923 V/AudioPolicyManagerBase(   88): changeRefCount() stream 1, count 1
04-26 13:24:55.923 V/AudioPolicyManagerBase(   88): getDeviceForStrategy() from cache strategy 0, device 2
04-26 13:24:55.923 V/AudioPolicyManagerBase(   88): getNewDevice() selected device 2
04-26 13:24:55.923 D/AudioPolicyManagerBase(   88): setOutputDevice() output 1 device 2 delayMs 0
04-26 13:24:55.923 V/AudioPolicyManagerBase(   88): setOutputDevice() setting same device 2 or null device for output 1
04-26 13:24:55.923 E/AudioPolicyManagerBase(   88): checkAndSetVolume stream=1, index=15, output=1, device=2
04-26 13:24:55.923 E/AudioPolicyManagerBase(   88): computeVolume, streamDesc=0x12e8bb0
04-26 13:24:55.923 V/AudioPolicyManagerBase(   88): VOLUME vol index=[60 100 100], dB=[-11.0 0.0 0.0] ampl=1.00000
04-26 13:24:55.933 V/AudioPolicyManagerBase(   88): ThreadWrapper 0x12e8b38
04-26 13:24:55.933 V/AudioPolicyManagerBase(   88): threadFunc in
04-26 13:24:55.993 W/AudioFlinger(   88): Thread AudioOut_1 cannot connect to the power manager service
04-26 13:24:55.993 V/AudioPolicyManagerBase(   88): stopOutput() output 1, stream 1, session 2
04-26 13:24:55.993 V/AudioPolicyManagerBase(   88): stopReadingThread
04-26 13:24:56.043 V/AudioPolicyManagerBase(   88): threadFunc exit
04-26 13:24:56.043 V/AudioPolicyManagerBase(   88): changeRefCount() stream 1, count 0
04-26 13:24:56.043 V/AudioPolicyManagerBase(   88): getNewDevice() selected device 0
04-26 13:24:56.043 D/AudioPolicyManagerBase(   88): setOutputDevice() output 1 device 0 delayMs 290
04-26 13:24:56.043 V/AudioPolicyManagerBase(   88): setOutputDevice() setting same device 0 or null device for output 1
04-26 13:24:56.053 V/AudioPolicyManagerBase(   88): startOutput() output 1, stream 1, session 2
04-26 13:24:56.053 V/AudioPolicyManagerBase(   88): changeRefCount() stream 1, count 1
04-26 13:24:56.053 V/AudioPolicyManagerBase(   88): getDeviceForStrategy() from cache strategy 0, device 2
04-26 13:24:56.053 V/AudioPolicyManagerBase(   88): getNewDevice() selected device 2
04-26 13:24:56.053 D/AudioPolicyManagerBase(   88): setOutputDevice() output 1 device 2 delayMs 0
04-26 13:24:56.053 V/AudioPolicyManagerBase(   88): setOutputDevice() setting same device 2 or null device for output 1
04-26 13:24:56.053 E/AudioPolicyManagerBase(   88): checkAndSetVolume stream=1, index=15, output=1, device=2
04-26 13:24:56.053 E/AudioPolicyManagerBase(   88): computeVolume, streamDesc=0x12e8bb0
04-26 13:24:56.053 V/AudioPolicyManagerBase(   88): VOLUME vol index=[60 100 100], dB=[-11.0 0.0 0.0] ampl=1.00000
04-26 13:24:56.063 V/AudioPolicyManagerBase(   88): stopOutput() output 1, stream 1, session 2
04-26 13:24:56.063 V/AudioPolicyManagerBase(   88): changeRefCount() stream 1, count 0
04-26 13:24:56.063 V/AudioPolicyManagerBase(   88): getNewDevice() selected device 0
04-26 13:24:56.063 D/AudioPolicyManagerBase(   88): setOutputDevice() output 1 device 0 delayMs 290
04-26 13:24:56.063 V/AudioPolicyManagerBase(   88): setOutputDevice() setting same device 0 or null device for output 1
04-26 13:24:56.073 V/AudioPolicyManagerBase(   88): releaseOutput() 1
04-26 13:24:56.673 I/Gecko   (  613): ###################################### forms.js loaded
04-26 13:24:56.703 E/GeckoConsole(  564): [JavaScript Warning: "Unknown property 'user-select'.  Declaration dropped." {file: "http://hoffburg.at/radla/lib/leaflet.css" line: 29 column: 20 source: "	        user-select: none;"}]
04-26 13:24:56.733 E/GeckoConsole(  564): [JavaScript Warning: "Error in parsing value for 'cursor'.  Declaration dropped." {file: "http://hoffburg.at/radla/lib/leaflet.css" line: 150 column: 9 source: "	cursor: -webkit-grab;"}]
04-26 13:24:56.733 E/GeckoConsole(  564): [JavaScript Warning: "Error in parsing value for 'cursor'.  Declaration dropped." {file: "http://hoffburg.at/radla/lib/leaflet.css" line: 161 column: 9 source: "	cursor: -webkit-grabbing;"}]
04-26 13:24:56.733 I/Gecko   (  613): ############################### browserElementPanning.js loaded
04-26 13:24:56.773 I/Gecko   (  613): ######################## BrowserElementChildPreload.js loaded
04-26 13:24:57.283 E/GeckoConsole(  564): [JavaScript Warning: "SyntaxError: Using //@ to indicate sourceMappingURL pragmas is deprecated. Use //# instead" {file: "http://hoffburg.at/radla/lib/jquery-2.0.0.min.js" line: 1}]
04-26 13:24:57.343 E/GeckoConsole(  564): [JavaScript Warning: "Error: http://hoffburg.at/radla/lib/jquery-2.0.0.min.js is being assigned a //# sourceMappingURL, but already has one"]
04-26 13:24:57.723 E/GeckoConsole(  564): [JavaScript Warning: "Error in parsing value for 'background'.  Declaration dropped." {file: "http://hoffburg.at/radla/styles/base.css" line: 40 column: 14 source: "  background: -webkit-gradient(linear, left top, left bottom, color-stop(0%,#e2e2e2), color-stop(50%,#dbdbdb), color-stop(51%,#dbdbdb), color-stop(100%,#fefefe)); /* Chrome,Safari4+ */"}]
04-26 13:24:57.723 E/GeckoConsole(  564): [JavaScript Warning: "Error in parsing value for 'background'.  Declaration dropped." {file: "http://hoffburg.at/radla/styles/base.css" line: 41 column: 14 source: "  background: -webkit-linear-gradient(top, #e2e2e2 0%,#dbdbdb 50%,#dbdbdb 51%,#fefefe 100%); /* Chrome10+,Safari5.1+ */"}]
04-26 13:24:57.723 E/GeckoConsole(  564): [JavaScript Warning: "Error in parsing value for 'height'.  Declaration dropped." {file: "http://hoffburg.at/radla/styles/base.css" line: 57 column: 10 source: "  height: -webkit-calc(100% - 73px);"}]
04-26 13:24:57.723 E/GeckoConsole(  564): [JavaScript Warning: "Error in parsing value for 'width'.  Declaration dropped." {file: "http://hoffburg.at/radla/styles/base.css" line: 73 column: 9 source: "  width: -webkit-calc(100% - 70px - 50px);"}]
04-26 13:24:58.063 W/WifiHW  (   83): wifi_command: SIGNAL_POLL
04-26 13:24:58.163 E/GeckoConsole(  564): [JavaScript Warning: "Unknown property 'box-sizing'.  Declaration dropped." {file: "http://hoffburg.at/radla/index.html" line: 0 column: 67 source: "-webkit-box-sizing:border-box;-moz-box-sizing:border-box;box-sizing:border-box;padding:1px;border:1px;display:block;width:4px;margin-top:1%;position:absolute;top:1%"}]
04-26 13:24:58.283 E/GeckoConsole(  564): [JavaScript Warning: "Unknown property 'box-sizing'.  Declaration dropped." {file: "http://hoffburg.at/radla/index.html" line: 0 column: 111 source: "padding:0;margin:0;border:0;display:block;-webkit-box-sizing:content-box;-moz-box-sizing:content-box;box-sizing:content-box"}]
04-26 13:24:58.283 E/GeckoConsole(  564): [JavaScript Warning: "Unknown property 'box-sizing'.  Declaration dropped." {file: "http://hoffburg.at/radla/index.html" line: 0 column: 111 source: "padding:0;margin:0;border:0;display:block;-webkit-box-sizing:content-box;-moz-box-sizing:content-box;box-sizing:content-box"}]
04-26 13:25:01.313 E/GeckoConsole(  564): [JavaScript Warning: "Use of getPreventDefault() is deprecated.  Use defaultPrevented instead." {file: "http://hoffburg.at/radla/lib/jquery-2.0.0.min.js" line: 5}]
04-26 13:25:02.083 E/GeckoConsole(   83): Content JS LOG at dummy file:326 in GaiaApps.launch/appOpen/<: app with origin 'http://hoffburg.at' has launched
04-26 13:25:02.083 I/Gecko   (   83): 1398543902093	Marionette	INFO	sendToClient: {"from":"0","value":{"frame":{"ELEMENT":"{d51413c6-df94-4d28-84da-e68225dee0e0}"},"src":"http://hoffburg.at/radla/index.html","name":"radla","origin":"http://hoffburg.at"}}, {8456ba6a-53e3-437a-aa78-37077a9f91ed}, {8456ba6a-53e3-437a-aa78-37077a9f91ed}
04-26 13:25:02.203 I/Gecko   (   83): 1398543902212	Marionette	DEBUG	Got request: switchToFrame, data: {"to":"0","sessionId":"3-b2g","name":"switchToFrame","parameters":{"focus":true,"element":"{d51413c6-df94-4d28-84da-e68225dee0e0}"}}, id: {6ce516f5-a13d-4830-8add-d89569fff1b3}
04-26 13:25:02.233 I/Gecko   (   83): 1398543902243	Marionette	INFO	Switched to frame: {"frameValue":"{d51413c6-df94-4d28-84da-e68225dee0e0}"}
04-26 13:25:02.253 I/Gecko   (   83): 1398543902259	Marionette	INFO	trying remote frame 0
04-26 13:25:02.253 I/Gecko   (   83): 1398543902261	Marionette	INFO	trying remote frame 1
04-26 13:25:02.273 I/Gecko   (   83): 1398543902277	Marionette	INFO	frame-manager load script: [object ChromeMessageSender]
04-26 13:25:02.793 I/Gecko   (   83): 1398543902800	Marionette	INFO	sendToClient: {"from":"0","ok":true}, {6ce516f5-a13d-4830-8add-d89569fff1b3}, {6ce516f5-a13d-4830-8add-d89569fff1b3}
04-26 13:25:02.843 I/Gecko   (   83): 1398543902851	Marionette	INFO	sendToClient: {"from":"0","value":"http://hoffburg.at/radla/index.html"}, {2aabef1b-141f-4d27-927e-7777a1c8adf1}, {2aabef1b-141f-4d27-927e-7777a1c8adf1}
04-26 13:25:02.863 I/Gecko   (   83): 1398543902871	Marionette	DEBUG	Got request: execute, data: {"to":"0","sessionId":"3-b2g","name":"executeScript","parameters":{"specialPowers":false,"scriptTimeout":null,"newSandbox":true,"args":[],"filename":"app_checker.py","script":"return window.document.readyState;","line":191}}, id: {0e2a4ed4-05fb-4d65-8ca6-bf3339d21712}
04-26 13:25:02.893 I/Gecko   (   83): 1398543902898	Marionette	INFO	sendToClient: {"from":"0","value":"complete"}, {0e2a4ed4-05fb-4d65-8ca6-bf3339d21712}, {0e2a4ed4-05fb-4d65-8ca6-bf3339d21712}
04-26 13:25:02.903 I/Gecko   (   83): 1398543902906	Marionette	INFO	sendToClient: {"from":"0","value":"http://hoffburg.at/radla/index.html"}, {99e3acca-7851-4aa3-b656-8b3ba687d865}, {99e3acca-7851-4aa3-b656-8b3ba687d865}
04-26 13:25:02.913 I/Gecko   (  564): Attempting load of libEGL.so
04-26 13:25:02.943 D/libEGL  (  564): loaded /system/lib/egl/libEGL_mali.so
04-26 13:25:02.993 D/libEGL  (  564): loaded /system/lib/egl/libGLESv1_CM_mali.so
04-26 13:25:02.993 D/libEGL  (  564): loaded /system/lib/egl/libGLESv2_mali.so
04-26 13:25:03.033 I/Gecko   (  564): SharedSurface_Gralloc::Create -------
04-26 13:25:03.073 I/Gecko   (  564): SharedSurface_Gralloc::Create: success -- surface 0x4410fc80, GraphicBuffer 0x44109180.
04-26 13:25:03.083 W/WifiHW  (   83): wifi_command: SIGNAL_POLL
04-26 13:25:04.003 I/log     (  646): <4>0[ 110.254964] lowmem_shrink select 536 (Homescreen), adj 8, size 6379, to kill 
04-26 13:25:04.243 I/Gecko   (   83): 
04-26 13:25:04.243 I/Gecko   (   83): ###!!! [Parent][MessageChannel] Error: Channel error: cannot send/recv
04-26 13:25:04.243 I/Gecko   (   83): 
04-26 13:25:04.333 I/Gecko   (   83): [Parent 83] WARNING: waitpid failed pid:536 errno:10: file ../../../gecko/ipc/chromium/src/base/process_util_posix.cc, line 254
04-26 13:25:04.783 I/Gecko   (   83): 1398543904759	Marionette	INFO	sendToClient: {"from":"0","value":"iVBORw0KGgoAAAANSUhEUgAAAUAAAAHMCAYAAACk4nEJAAAgAElEQVR4nOydeVxbZb7/T9XRuTN39Do6Mzp35vV7OXeud+4dda7jPu7eoWrpXtoKVVtbbVW6Sqt2SWs71alA16G0RbqgDbRIWqAkbYGwlgRISEJDEkJIIGwHEiBhCYel7ef3x+E85CSHrRuOJq/X+wXnOc/znGf9nO+zJA9lt9sRIECAAD9EqIlOQIAAAQJMFAEBDBAgwA+WgAAGCBDgB8uECKC1QoeqNDEMB7dD/9n70IZPg2bhC1C/8STUMx9ieeNJaBa+AG34NOg/ex+Gg9tRlSaGtUI34YUWIECA7wdUbW0tbgaWgixU7NoA3bLXoJ76X1BP+8PVMfW/oFv2Gip2bYClIOumpD1AgADfT6gbGbmt0ghT/E5o35t89YI3Ctr3JsMUvxO2SuOEF2aAAAH+uaBuRKRWYwUMsdtRNvfxGyZ8vpTNfRyG2O2wGismvFADBAjwzwF1PSOrqamBKekQyuY/cdOEz08I5z8BU9Ih1NTUTHjhBggQ4LsNdb0ismlLoVs1a8KEzxfdqlmwaUsnvIADBAjw3YWqqanBtWLOykBZ6JMTLnp+1mDokzBnZVxz/gIECPD95JoF0CQ+wG5b+Q4IniAzH4JJfGDCCzpAgADfPa5aAG3V1aiIXj/xAjdGKqLXw1ZdPeEFHuCHjc1mQ2pqKqKioiASiQLcYKKiopCamgqbzSZYH1clgLbqaug+XTjhojZedJ8uDIhggAklIyMDR44cQV1dHQKfG/+pq6vD4cOHIZVKBevjqgTwn8nyE7IEJ7oTBPjhEhkZicbGRly5ciXATaKhoQGRkZGC9UHZbDaMB5P4wISL2LViEh8YV56vhoqKCuTm5kIqlUIikUAmkyE/Px9Go/Gq4quurobJZILFYrkh6d29ezfuvPNOVFRU3PCy+S
04-26 13:25:05.223 I/Gecko   (   83): 1398543905234	Marionette	INFO	sendToClient: {"from":"0","ok":true}, {2e785145-a20e-4ff4-b9ea-0d800ede148a}, {2e785145-a20e-4ff4-b9ea-0d800ede148a}
04-26 13:25:05.243 I/Gecko   (   83): 1398543905252	Marionette	DEBUG	Got request: switchToFrame, data: {"to":"0","sessionId":"3-b2g","name":"switchToFrame","parameters":{"id":null,"focus":true}}, id: {b6d11684-86a2-46fa-9e55-35d5d330d35b}
04-26 13:25:05.323 I/Gecko   (   83): 1398543905330	Marionette	INFO	Switched to frame: {"frameValue":null}
04-26 13:25:05.423 I/Gecko   (   83): 1398543905434	Marionette	INFO	sendToClient: {"from":"0","ok":true}, {b6d11684-86a2-46fa-9e55-35d5d330d35b}, {b6d11684-86a2-46fa-9e55-35d5d330d35b}
04-26 13:25:05.433 I/Gecko   (   83): 1398543905442	Marionette	DEBUG	Got request: executeWithCallback, data: {"to":"0","sessionId":"3-b2g","name":"executeAsyncScript","parameters":{"specialPowers":false,"scriptTimeout":null,"newSandbox":true,"args":[],"filename":"gaia_test.py","script":"return GaiaApps.displayedApp();","line":66}}, id: {18dfda6f-3939-42d8-b1a9-87665317eb1f}
04-26 13:25:05.603 I/Gecko   (   83): 1398543905605	Marionette	INFO	sendToClient: {"from":"0","value":{"frame":{"ELEMENT":"{d51413c6-df94-4d28-84da-e68225dee0e0}"},"src":"http://hoffburg.at/radla/index.html","name":"radla","origin":"http://hoffburg.at"}}, {18dfda6f-3939-42d8-b1a9-87665317eb1f}, {18dfda6f-3939-42d8-b1a9-87665317eb1f}
04-26 13:25:05.613 E/GeckoConsole(   83): Content JS LOG at dummy file:392 in GaiaApps.displayedApp: app with origin 'http://hoffburg.at' is displayed
04-26 13:25:05.613 I/Gecko   (   83): 1398543905618	Marionette	DEBUG	Got request: switchToFrame, data: {"to":"0","sessionId":"3-b2g","name":"switchToFrame","parameters":{"id":null,"focus":true}}, id: {13b546ba-bd84-4059-b0e0-a9de771bf3fa}
04-26 13:25:05.613 I/Gecko   (   83): 1398543905620	Marionette	INFO	Switched to frame: {"frameValue":null}
04-26 13:25:05.713 I/Gecko   (   83): 1398543905723	Marionette	INFO	sendToClient: {"from":"0","ok":true}, {13b546ba-bd84-4059-b0e0-a9de771bf3fa}, {13b546ba-bd84-4059-b0e0-a9de771bf3fa}
04-26 13:25:05.733 I/Gecko   (   83): 1398543905741	Marionette	DEBUG	Got request: execute, data: {"to":"0","sessionId":"3-b2g","name":"executeScript","parameters":{"specialPowers":false,"scriptTimeout":null,"newSandbox":true,"args":[],"filename":"gaia_test.py","script":"window.wrappedJSObject.dispatchEvent(new Event('home'));","line":788}}, id: {74ac317e-5b86-48ee-9f98-adc1ee08322c}
04-26 13:25:05.833 I/Gonk    (   83): Setting nice for pid 613 to 18
04-26 13:25:05.833 I/Gonk    (   83): Changed nice for pid 613 from 0 to 18.
04-26 13:25:05.843 I/Gecko   (   83): [Parent 83] WARNING: waitpid failed pid:613 errno:10: file ../../../gecko/ipc/chromium/src/base/process_util_posix.cc, line 254
04-26 13:25:05.853 I/Gonk    (   83): Setting nice for pid 613 to 1
04-26 13:25:05.853 I/Gonk    (   83): Changed nice for pid 613 from 18 to 1.
04-26 13:25:05.873 D/Sensors (   83): activate handle=0; drv=0
04-26 13:25:05.883 D/Sensors (   83): Lis3dhSensor: Control set 0
04-26 13:25:05.883 D/Sensors (   83): Lis3dhSensor: mEnabled = 0
04-26 13:25:05.943 I/Gecko   (   83): 1398543905953	Marionette	INFO	sendToClient: {"from":"0","value":null}, {74ac317e-5b86-48ee-9f98-adc1ee08322c}, {74ac317e-5b86-48ee-9f98-adc1ee08322c}
04-26 13:25:05.973 I/Gecko   (   83): 1398543905976	Marionette	DEBUG	Got request: switchToFrame, data: {"to":"0","sessionId":"3-b2g","name":"switchToFrame","parameters":{"id":null,"focus":true}}, id: {daa6c0c3-7355-4338-8f9c-219fcf7c2e5b}
04-26 13:25:05.973 I/Gecko   (   83): 1398543905978	Marionette	INFO	Switched to frame: {"frameValue":null}
04-26 13:25:06.073 I/Gecko   (   83): 1398543906081	Marionette	INFO	sendToClient: {"from":"0","ok":true}, {daa6c0c3-7355-4338-8f9c-219fcf7c2e5b}, {daa6c0c3-7355-4338-8f9c-219fcf7c2e5b}
04-26 13:25:06.083 I/Gecko   (   83): 1398543906089	Marionette	DEBUG	Got request: executeWithCallback, data: {"to":"0","sessionId":"3-b2g","name":"executeAsyncScript","parameters":{"specialPowers":false,"scriptTimeout":null,"newSandbox":true,"args":[],"filename":"gaia_test.py","script":"return GaiaApps.displayedApp();","line":66}}, id: {93102f1f-d27c-4227-a1b9-278223e05a4a}
04-26 13:25:06.293 I/Gecko   (   83): 1398543906296	Marionette	INFO	sendToClient: {"from":"0","value":{"frame":{"ELEMENT":"{7c638ca3-934c-4632-ae6e-0ea45c0ae98d}"},"src":"app://homescreen.gaiamobile.org/index.html#root","name":"Homescreen","origin":"app://homescreen.gaiamobile.org"}}, {93102f1f-d27c-4227-a1b9-278223e05a4a}, {93102f1f-d27c-4227-a1b9-278223e05a4a}
04-26 13:25:06.303 E/GeckoConsole(   83): Content JS LOG at dummy file:392 in GaiaApps.displayedApp: app with origin 'app://homescreen.gaiamobile.org' is displayed
04-26 13:25:06.333 I/Gecko   (   83): 1398543906337	Marionette	DEBUG	Got request: switchToFrame, data: {"to":"0","sessionId":"3-b2g","name":"switchToFrame","parameters":{"id":null,"focus":true}}, id: {c22ad503-5681-46fa-9e33-85a0a11fab4f}
04-26 13:25:06.333 I/Gecko   (   83): [Parent 83] WARNING: waitpid failed pid:536 errno:10: file ../../../gecko/ipc/chromium/src/base/process_util_posix.cc, line 254
04-26 13:25:06.333 I/Gecko   (   83): [Parent 83] WARNING: Failed to deliver SIGKILL to 536!(3).: file ../../../gecko/ipc/chromium/src/chrome/common/process_watcher_posix_sigchld.cc, line 118
04-26 13:25:06.333 I/Gecko   (   83): 1398543906340	Marionette	INFO	Switched to frame: {"frameValue":null}
04-26 13:25:06.433 I/Gecko   (   83): 1398543906444	Marionette	INFO	sendToClient: {"from":"0","ok":true}, {c22ad503-5681-46fa-9e33-85a0a11fab4f}, {c22ad503-5681-46fa-9e33-85a0a11fab4f}
04-26 13:25:06.443 I/Gecko   (   83): 1398543906451	Marionette	DEBUG	Got request: switchToFrame, data: {"to":"0","sessionId":"3-b2g","name":"switchToFrame","parameters":{"id":null,"focus":true}}, id: {3905150e-8d7f-48a0-b7b7-bb933709f520}
04-26 13:25:06.443 I/Gecko   (   83): 1398543906453	Marionette	INFO	Switched to frame: {"frameValue":null}
04-26 13:25:06.553 I/Gecko   (   83): 1398543906558	Marionette	INFO	sendToClient: {"from":"0","ok":true}, {3905150e-8d7f-48a0-b7b7-bb933709f520}, {3905150e-8d7f-48a0-b7b7-bb933709f520}
04-26 13:25:06.563 I/Gecko   (   83): 1398543906565	Marionette	DEBUG	Got request: executeWithCallback, data: {"to":"0","sessionId":"3-b2g","name":"executeAsyncScript","parameters":{"specialPowers":false,"scriptTimeout":null,"newSandbox":true,"args":[],"filename":"gaia_test.py","script":"return GaiaApps.displayedApp();","line":66}}, id: {00c1ab3a-173c-4c30-bee9-09c52e131a2f}
04-26 13:25:06.633 E/GeckoConsole(   83): Content JS LOG at dummy file:392 in GaiaApps.displayedApp: app with origin 'app://homescreen.gaiamobile.org' is displayed
04-26 13:25:06.633 I/Gecko   (   83): 1398543906638	Marionette	INFO	sendToClient: {"from":"0","value":{"frame":{"ELEMENT":"{7c638ca3-934c-4632-ae6e-0ea45c0ae98d}"},"src":"app://homescreen.gaiamobile.org/index.html#root","name":"Homescreen","origin":"app://homescreen.gaiamobile.org"}}, {00c1ab3a-173c-4c30-bee9-09c52e131a2f}, {00c1ab3a-173c-4c30-bee9-09c52e131a2f}
04-26 13:25:06.633 I/Gecko   (   83): 1398543906644	Marionette	DEBUG	Got request: switchToFrame, data: {"to":"0","sessionId":"3-b2g","name":"switchToFrame","parameters":{"focus":true,"element":"{7c638ca3-934c-4632-ae6e-0ea45c0ae98d}"}}, id: {7e62f984-6605-4426-9279-410b82589c63}
04-26 13:25:06.663 I/Gecko   (   83): 1398543906666	Marionette	INFO	Switched to frame: {"frameValue":"{7c638ca3-934c-4632-ae6e-0ea45c0ae98d}"}
04-26 13:25:06.663 I/Gecko   (   83): 1398543906669	Marionette	INFO	trying remote frame 0
04-26 13:25:06.663 I/Gecko   (   83): 1398543906670	Marionette	INFO	deleting frame
04-26 13:25:06.663 I/Gecko   (   83): 1398543906670	Marionette	INFO	trying remote frame 1
04-26 13:25:06.673 I/Gecko   (   83): 1398543906676	Marionette	INFO	frame-manager load script: [object ChromeMessageSender]
04-26 13:25:07.793 I/Gonk    (   83): Setting nice for pid 564 to 18
04-26 13:25:07.793 I/Gonk    (   83): Changed nice for pid 564 from 1 to 18.
04-26 13:25:07.953 I/Gecko   (   83): 1398543907959	Marionette	INFO	sendToClient: {"from":"0","ok":true}, {7e62f984-6605-4426-9279-410b82589c63}, {7e62f984-6605-4426-9279-410b82589c63}
04-26 13:25:08.033 I/Gecko   (   83): 1398543908042	Marionette	INFO	sendToClient: {"from":"0","value":"app://homescreen.gaiamobile.org/index.html#root"}, {7d73b658-a284-4007-89b3-f5fe3b1f0a4b}, {7d73b658-a284-4007-89b3-f5fe3b1f0a4b}
04-26 13:25:08.043 I/Gecko   (   83): 1398543908048	Marionette	DEBUG	Got request: switchToFrame, data: {"to":"0","sessionId":"3-b2g","name":"switchToFrame","parameters":{"id":null,"focus":true}}, id: {7ac4a47d-0d15-46fa-976d-af5d36505e33}
04-26 13:25:08.053 I/Gecko   (   83): 1398543908057	Marionette	INFO	Switched to frame: {"frameValue":null}
04-26 13:25:08.093 W/WifiHW  (   83): wifi_command: SIGNAL_POLL
04-26 13:25:08.173 I/Gecko   (   83): 1398543908176	Marionette	INFO	sendToClient: {"from":"0","ok":true}, {7ac4a47d-0d15-46fa-976d-af5d36505e33}, {7ac4a47d-0d15-46fa-976d-af5d36505e33}
04-26 13:25:08.173 I/Gecko   (   83): 1398543908183	Marionette	DEBUG	Got request: switchToFrame, data: {"to":"0","sessionId":"3-b2g","name":"switchToFrame","parameters":{"id":null,"focus":true}}, id: {485f7833-056a-414e-91dd-c89a93f635c3}
04-26 13:25:08.183 I/Gecko   (   83): 1398543908185	Marionette	INFO	Switched to frame: {"frameValue":null}
04-26 13:25:08.293 I/Gecko   (   83): 1398543908298	Marionette	INFO	sendToClient: {"from":"0","ok":true}, {485f7833-056a-414e-91dd-c89a93f635c3}, {485f7833-056a-414e-91dd-c89a93f635c3}
04-26 13:25:08.303 I/Gecko   (   83): 1398543908306	Marionette	DEBUG	Got request: executeWithCallback, data: {"to":"0","sessionId":"3-b2g","name":"executeAsyncScript","parameters":{"specialPowers":false,"scriptTimeout":null,"newSandbox":true,"args":[],"filename":"gaia_test.py","script":"GaiaApps.killAll()","line":91}}, id: {4244a3b3-c372-4461-b228-95825b7ace13}
04-26 13:25:08.403 E/GeckoConsole(   83): Content JS LOG at dummy file:266 in GaiaApps.kill: terminating app with origin 'http://hoffburg.at'
04-26 13:25:08.413 E/GeckoConsole(   83): Content JS LOG at dummy file:258 in GaiaApps.kill/gt_onAppTerminated/<: app with origin 'http://hoffburg.at' has terminated
04-26 13:25:08.413 I/Gecko   (   83): 1398543908418	Marionette	INFO	sendToClient: {"from":"0","value":true}, {4244a3b3-c372-4461-b228-95825b7ace13}, {4244a3b3-c372-4461-b228-95825b7ace13}
04-26 13:25:08.423 I/Gecko   (   83): 1398543908434	Marionette	DEBUG	Got request: switchToFrame, data: {"to":"0","sessionId":"3-b2g","name":"switchToFrame","parameters":{"id":null,"focus":true}}, id: {c67c63fa-42cc-4fd6-892b-fe007bb8617f}
04-26 13:25:08.433 I/Gecko   (   83): 1398543908438	Marionette	INFO	Switched to frame: {"frameValue":null}
04-26 13:25:08.543 I/Gecko   (   83): 1398543908548	Marionette	INFO	sendToClient: {"from":"0","ok":true}, {c67c63fa-42cc-4fd6-892b-fe007bb8617f}, {c67c63fa-42cc-4fd6-892b-fe007bb8617f}
04-26 13:25:08.543 I/Gecko   (   83): 1398543908555	Marionette	DEBUG	Got request: executeWithCallback, data: {"to":"0","sessionId":"3-b2g","name":"executeAsyncScript","parameters":{"specialPowers":false,"scriptTimeout":60000,"newSandbox":true,"args":[],"filename":"app_checker.py","script":"\n        GaiaApps.locateWithManifestURL('http://hoffburg.at/radla/manifest.webapp',\n                                       null,\n                                       function uninstall(app) {\n                                       navigator.mozApps.mgmt.uninstall(app);\n                                       marionetteScriptFinished(true);\n                                       });\n        ","line":129}}, id: {53b22651-4553-41ed-9a02-9e27fa35d269}
04-26 13:25:08.593 I/Gecko   (   83): -- webapps.js uninstall http://hoffburg.at/radla/manifest.webapp
04-26 13:25:08.683 I/Gecko   (   83): [Parent 83] WARNING: pipe error (89): Connection reset by peer: file ../../../gecko/ipc/chromium/src/chrome/common/ipc_channel_posix.cc, line 446
04-26 13:25:08.763 I/Gecko   (   83): 
04-26 13:25:08.763 I/Gecko   (   83): ###!!! [Parent][MessageChannel] Error: Channel error: cannot send/recv
04-26 13:25:08.763 I/Gecko   (   83): 
04-26 13:25:08.763 I/Gecko   (   83): 
04-26 13:25:08.763 I/Gecko   (   83): ###!!! [Parent][MessageChannel] Error: Channel error: cannot send/recv
04-26 13:25:08.763 I/Gecko   (   83): 
04-26 13:25:08.793 I/Gecko   (   83): 1398543908799	Marionette	INFO	sendToClient: {"from":"0","value":true}, {53b22651-4553-41ed-9a02-9e27fa35d269}, {53b22651-4553-41ed-9a02-9e27fa35d269}
04-26 13:25:08.853 I/Gecko   (   83): [Parent 83] WARNING: waitpid failed pid:564 errno:10: file ../../../gecko/ipc/chromium/src/base/process_util_posix.cc, line 254