04-25 19:03:58.438 I/Gecko   (   83): 1398477838452	Marionette	INFO	sendToClient: {"from":"0","value":""}, {6a1ccc20-7c24-4489-8fcd-054d21cd1fe6}, {6a1ccc20-7c24-4489-8fcd-054d21cd1fe6}
04-25 19:03:58.468 I/Gecko   (   83): 1398477838484	Marionette	INFO	sendToClient: {"from":"0","value":""}, {499a4dfd-0a2d-4624-a5ec-30a8532c3f13}, {499a4dfd-0a2d-4624-a5ec-30a8532c3f13}
04-25 19:03:58.478 I/Gecko   ( 1199): ###################################### forms.js loaded
04-25 19:03:58.488 I/Gecko   (   83): 1398477838505	Marionette	INFO	sendToClient: {"from":"0","value":""}, {969ddbec-8599-48cc-88e1-12ef93355404}, {969ddbec-8599-48cc-88e1-12ef93355404}
04-25 19:03:58.528 I/Gecko   (   83): 1398477838542	Marionette	INFO	sendToClient: {"from":"0","value":""}, {79015d98-8e8e-4ebc-addc-e889c10fcab5}, {79015d98-8e8e-4ebc-addc-e889c10fcab5}
04-25 19:03:58.538 I/Gecko   (   83): 1398477838554	Marionette	INFO	sendToClient: {"from":"0","value":""}, {90c5145c-8240-4bd2-82f0-4f9b441b15bd}, {90c5145c-8240-4bd2-82f0-4f9b441b15bd}
04-25 19:03:58.568 I/Gecko   (   83): 1398477838578	Marionette	INFO	sendToClient: {"from":"0","value":""}, {51f3c014-6fc7-4020-a2d2-25727ad389d8}, {51f3c014-6fc7-4020-a2d2-25727ad389d8}
04-25 19:03:58.578 I/Gecko   ( 1199): ############################### browserElementPanning.js loaded
04-25 19:03:58.608 I/Gecko   (   83): 1398477838619	Marionette	INFO	sendToClient: {"from":"0","value":""}, {96de8d83-e6f0-4bf6-8778-cdefe24822c9}, {96de8d83-e6f0-4bf6-8778-cdefe24822c9}
04-25 19:03:58.628 I/Gecko   (   83): 1398477838643	Marionette	INFO	sendToClient: {"from":"0","value":""}, {7932bb4c-2510-4ef9-bac1-56fe0425339b}, {7932bb4c-2510-4ef9-bac1-56fe0425339b}
04-25 19:03:58.648 I/Gecko   ( 1199): ######################## BrowserElementChildPreload.js loaded
04-25 19:03:58.658 I/Gecko   (   83): 1398477838669	Marionette	INFO	sendToClient: {"from":"0","value":""}, {e087e0aa-9f58-42d2-a9db-b83296aaf30d}, {e087e0aa-9f58-42d2-a9db-b83296aaf30d}
04-25 19:03:58.678 I/Gecko   (   83): 1398477838692	Marionette	INFO	sendToClient: {"from":"0","value":""}, {3e6554af-e5aa-453f-a3a2-908aef811dd4}, {3e6554af-e5aa-453f-a3a2-908aef811dd4}
04-25 19:03:58.698 I/Gecko   (   83): 1398477838710	Marionette	INFO	sendToClient: {"from":"0","value":""}, {2db701dc-b379-494c-9ced-c4aefc2b5078}, {2db701dc-b379-494c-9ced-c4aefc2b5078}
04-25 19:03:58.748 I/Gecko   (   83): 1398477838760	Marionette	INFO	sendToClient: {"from":"0","value":""}, {bd6c28a2-f2fd-4dff-875c-032a8024a011}, {bd6c28a2-f2fd-4dff-875c-032a8024a011}
04-25 19:03:58.758 I/Gecko   (   83): 1398477838774	Marionette	INFO	sendToClient: {"from":"0","value":""}, {494a181c-3e18-4358-bf1b-75f48991027d}, {494a181c-3e18-4358-bf1b-75f48991027d}
04-25 19:03:58.848 I/Gecko   (   83): 1398477838860	Marionette	INFO	sendToClient: {"from":"0","value":""}, {881a52e5-8cdf-428c-a02e-ef3c80cfd02c}, {881a52e5-8cdf-428c-a02e-ef3c80cfd02c}
04-25 19:03:58.858 I/Gecko   (   83): 1398477838873	Marionette	INFO	sendToClient: {"from":"0","value":""}, {79ca611e-6ae4-49af-9c97-549c2938f21f}, {79ca611e-6ae4-49af-9c97-549c2938f21f}
04-25 19:03:58.888 I/Gecko   (   83): 1398477838904	Marionette	INFO	sendToClient: {"from":"0","value":""}, {b0b7063d-c9a6-49d5-baf1-7c9c3e49e89d}, {b0b7063d-c9a6-49d5-baf1-7c9c3e49e89d}
04-25 19:03:58.908 I/Gecko   (   83): 1398477838928	Marionette	INFO	sendToClient: {"from":"0","value":""}, {0afc0bef-162a-4f8b-957d-fceba4617ca7}, {0afc0bef-162a-4f8b-957d-fceba4617ca7}
04-25 19:03:58.958 I/Gecko   (   83): 1398477838969	Marionette	INFO	sendToClient: {"from":"0","value":""}, {e3c841db-52b3-49c8-abc9-ee47645dea85}, {e3c841db-52b3-49c8-abc9-ee47645dea85}
04-25 19:03:58.968 I/Gecko   (   83): 1398477838987	Marionette	INFO	sendToClient: {"from":"0","value":""}, {d8ee57e4-7023-49fa-86a5-73ff6d7440ad}, {d8ee57e4-7023-49fa-86a5-73ff6d7440ad}
04-25 19:03:59.008 I/Gecko   (   83): 1398477839025	Marionette	INFO	sendToClient: {"from":"0","value":""}, {1851a2d4-aa32-4fb1-a1e9-27785edacb11}, {1851a2d4-aa32-4fb1-a1e9-27785edacb11}
04-25 19:03:59.048 I/Gecko   (   83): 1398477839067	Marionette	INFO	sendToClient: {"from":"0","value":""}, {873c381c-de14-4dde-8c3f-25e06cffd37f}, {873c381c-de14-4dde-8c3f-25e06cffd37f}
04-25 19:03:59.078 I/Gecko   (   83): 1398477839089	Marionette	INFO	sendToClient: {"from":"0","value":""}, {b765e72b-182e-4a43-90fb-fe54828b57fa}, {b765e72b-182e-4a43-90fb-fe54828b57fa}
04-25 19:03:59.088 I/Gecko   (   83): 1398477839106	Marionette	INFO	sendToClient: {"from":"0","value":""}, {00a62519-d885-4f39-a3fc-bc4197715a97}, {00a62519-d885-4f39-a3fc-bc4197715a97}
04-25 19:03:59.128 I/Gecko   (   83): 1398477839140	Marionette	INFO	sendToClient: {"from":"0","value":""}, {86795388-3a23-4730-a749-230116ac79a6}, {86795388-3a23-4730-a749-230116ac79a6}
04-25 19:03:59.158 I/Gecko   (   83): 1398477839170	Marionette	INFO	sendToClient: {"from":"0","value":""}, {34d99028-29c4-4576-a3f1-c257a8625d82}, {34d99028-29c4-4576-a3f1-c257a8625d82}
04-25 19:03:59.208 I/Gecko   (   83): 1398477839226	Marionette	INFO	sendToClient: {"from":"0","value":""}, {d70110f8-55c3-4515-bf23-25e896325b11}, {d70110f8-55c3-4515-bf23-25e896325b11}
04-25 19:03:59.298 W/WifiHW  (   83): wifi_command: SIGNAL_POLL
04-25 19:03:59.298 I/Gecko   (   83): 1398477839314	Marionette	INFO	sendToClient: {"from":"0","value":"Cancel"}, {a87966f3-8442-4662-b92d-06e915ba3a87}, {a87966f3-8442-4662-b92d-06e915ba3a87}
04-25 19:03:59.438 I/Gecko   (   83): 1398477839456	Marionette	INFO	sendToClient: {"from":"0","value":"Install"}, {3537c8b2-ad23-4287-83f3-dab435441d1b}, {3537c8b2-ad23-4287-83f3-dab435441d1b}
04-25 19:03:59.568 I/Gecko   (   83): 1398477839586	Marionette	INFO	Switched to frame: {"restorePrevious":true}
04-25 19:03:59.578 I/Gecko   (   83): 1398477839593	Marionette	INFO	sendToClient: {"from":"0","ok":true}, {558dae0f-b7ed-4e35-8e6a-4e654a6e0d66}, {558dae0f-b7ed-4e35-8e6a-4e654a6e0d66}
04-25 19:03:59.638 I/Gecko   (   83): 1398477839649	Marionette	INFO	sendToClient: {"from":"0","value":""}, {7667da3a-28ae-4916-b6e5-d0bb9e007f82}, {7667da3a-28ae-4916-b6e5-d0bb9e007f82}
04-25 19:03:59.688 I/Gecko   (   83): 1398477839701	Marionette	INFO	sendToClient: {"from":"0","value":""}, {99139e08-c046-4f94-9388-6c6b5fc44157}, {99139e08-c046-4f94-9388-6c6b5fc44157}
04-25 19:03:59.708 I/Gecko   ( 1199): ###################################### forms.js loaded
04-25 19:03:59.718 I/Gecko   (   83): 1398477839737	Marionette	INFO	sendToClient: {"from":"0","value":""}, {1acfbfcd-de10-4221-9ce4-9d26a79c9022}, {1acfbfcd-de10-4221-9ce4-9d26a79c9022}
04-25 19:03:59.748 I/Gecko   (   83): 1398477839767	Marionette	INFO	sendToClient: {"from":"0","value":""}, {b069c5e5-bc1b-4a00-a644-93e08467d018}, {b069c5e5-bc1b-4a00-a644-93e08467d018}
04-25 19:03:59.758 I/Gecko   ( 1199): ############################### browserElementPanning.js loaded
04-25 19:03:59.808 I/Gecko   (   83): 1398477839820	Marionette	INFO	sendToClient: {"from":"0","value":""}, {135f059d-18fc-4be2-b8f9-9b6f1cf2cc23}, {135f059d-18fc-4be2-b8f9-9b6f1cf2cc23}
04-25 19:03:59.938 I/Gonk    (   83): Setting nice for pid 1212 to 18
04-25 19:03:59.938 I/Gonk    (   83): Changed nice for pid 1212 from 0 to 18.
04-25 19:03:59.958 I/Gecko   ( 1199): ######################## BrowserElementChildPreload.js loaded
04-25 19:03:59.988 I/Gecko   (   83): 1398477840005	Marionette	INFO	sendToClient: {"from":"0","value":""}, {712b23c8-b7d2-4001-9211-2f4b7bf68b15}, {712b23c8-b7d2-4001-9211-2f4b7bf68b15}
04-25 19:04:00.018 I/GeckoDump(   83): XXX FIXME : Got a mozContentEvent: undefined
04-25 19:04:00.058 I/Gecko   (   83): 1398477840074	Marionette	INFO	sendToClient: {"from":"0","value":""}, {1b7419f5-0ee7-478d-bc6e-6f95fbc3efd4}, {1b7419f5-0ee7-478d-bc6e-6f95fbc3efd4}
04-25 19:04:00.178 I/Gecko   (   83): 1398477840191	Marionette	INFO	sendToClient: {"from":"0","value":""}, {226a04c6-51e9-4bb3-8996-2d33cb4386c9}, {226a04c6-51e9-4bb3-8996-2d33cb4386c9}
04-25 19:04:00.678 I/Gecko   (   83): 1398477840690	Marionette	INFO	sendToClient: {"from":"0","value":""}, {23da78e0-168f-45fe-a822-f6d5a3245337}, {23da78e0-168f-45fe-a822-f6d5a3245337}
04-25 19:04:00.758 I/Gecko   (   83): 1398477840776	Marionette	INFO	sendToClient: {"from":"0","value":""}, {4384be36-7433-4e06-b86a-71da83e7614e}, {4384be36-7433-4e06-b86a-71da83e7614e}
04-25 19:04:00.878 I/Gecko   (   83): 1398477840890	Marionette	INFO	sendToClient: {"from":"0","value":""}, {f7bbe3c0-717e-49eb-b41a-6be4edd3275d}, {f7bbe3c0-717e-49eb-b41a-6be4edd3275d}
04-25 19:04:01.088 I/Gecko   (   83): 1398477841104	Marionette	INFO	sendToClient: {"from":"0","value":""}, {fb419ffa-d81d-4e3d-a531-3a53abb56b4c}, {fb419ffa-d81d-4e3d-a531-3a53abb56b4c}
04-25 19:04:01.158 I/Gecko   (   83): 1398477841176	Marionette	INFO	sendToClient: {"from":"0","value":""}, {8e3bb662-e77d-4f38-8480-ffccd46ac9d9}, {8e3bb662-e77d-4f38-8480-ffccd46ac9d9}
04-25 19:04:01.228 I/Gecko   (   83): 1398477841245	Marionette	INFO	sendToClient: {"from":"0","value":""}, {da3942b9-ebfc-435d-bb50-2e061f620740}, {da3942b9-ebfc-435d-bb50-2e061f620740}
04-25 19:04:01.408 I/Gecko   (   83): 1398477841422	Marionette	INFO	sendToClient: {"from":"0","value":""}, {34a3fa99-ef9c-41b5-9ce0-383d9af0fb52}, {34a3fa99-ef9c-41b5-9ce0-383d9af0fb52}
04-25 19:04:01.438 I/Gecko   (   83): 1398477841454	Marionette	INFO	sendToClient: {"from":"0","value":""}, {b1abcc9c-354e-4a4e-836a-0e651a9ba5ce}, {b1abcc9c-354e-4a4e-836a-0e651a9ba5ce}
04-25 19:04:01.488 I/Gecko   (   83): 1398477841499	Marionette	INFO	sendToClient: {"from":"0","value":""}, {75f2caaf-c76d-4759-ac4e-611001650a53}, {75f2caaf-c76d-4759-ac4e-611001650a53}
04-25 19:04:01.518 I/Gecko   (   83): 1398477841529	Marionette	INFO	sendToClient: {"from":"0","value":""}, {96e1daae-f287-4254-8080-06727c26370e}, {96e1daae-f287-4254-8080-06727c26370e}
04-25 19:04:01.538 E/GeckoConsole( 1199): [JavaScript Error: "uncaught exception: target window is same as present window -- not allowed"]
04-25 19:04:01.538 I/Gecko   (   83): 1398477841556	Marionette	INFO	sendToClient: {"from":"0","value":""}, {6e69ec80-8780-4375-a0d4-e71b979dc1c8}, {6e69ec80-8780-4375-a0d4-e71b979dc1c8}
04-25 19:04:01.568 I/Gecko   (   83): 1398477841587	Marionette	INFO	sendToClient: {"from":"0","value":""}, {43176d3b-b2c9-4274-9bb6-8b304591a2ff}, {43176d3b-b2c9-4274-9bb6-8b304591a2ff}
04-25 19:04:01.638 I/Gecko   (   83): 1398477841652	Marionette	INFO	sendToClient: {"from":"0","value":""}, {3804939e-9292-471c-b94e-c3ff0d5b3177}, {3804939e-9292-471c-b94e-c3ff0d5b3177}
04-25 19:04:01.748 I/Gecko   (   83): 1398477841762	Marionette	INFO	sendToClient: {"from":"0","value":""}, {7f32c854-676d-4770-a74b-abcac3efebdd}, {7f32c854-676d-4770-a74b-abcac3efebdd}
04-25 19:04:01.838 I/Gecko   (   83): 1398477841857	Marionette	INFO	sendToClient: {"from":"0","value":""}, {da97ab34-f0cd-4aaf-b0a8-c94eead3b10b}, {da97ab34-f0cd-4aaf-b0a8-c94eead3b10b}
04-25 19:04:01.878 I/Gecko   (   83): 1398477841893	Marionette	INFO	sendToClient: {"from":"0","value":""}, {1cf4e293-0fdf-4d82-a5b3-88bb0eddabac}, {1cf4e293-0fdf-4d82-a5b3-88bb0eddabac}
04-25 19:04:01.888 I/GeckoDump(   83): XXX FIXME : Got a mozContentEvent: undefined
04-25 19:04:02.428 E/GeckoConsole(   83): Content JS LOG at https://marketplace.cdn.mozilla.net/media/fireplace/js/include.js?b=1398192110201:5 in s/<: [mkt] Reloading chrome
04-25 19:04:02.428 I/Gecko   (   83): [Parent 83] WARNING: waitpid failed pid:1199 errno:10: file ../../../gecko/ipc/chromium/src/base/process_util_posix.cc, line 254
04-25 19:04:02.468 I/Gecko   (   83): 1398477842478	Marionette	INFO	sendToClient: {"from":"0","value":""}, {949098d4-eaac-4811-83e4-68d534b135e6}, {949098d4-eaac-4811-83e4-68d534b135e6}
04-25 19:04:02.508 I/Gecko   (   83): 1398477842526	Marionette	INFO	sendToClient: {"from":"0","value":""}, {7ef2beee-6bf5-4ecf-a399-55160b630bc5}, {7ef2beee-6bf5-4ecf-a399-55160b630bc5}
04-25 19:04:02.538 I/Gecko   (   83): 1398477842554	Marionette	INFO	sendToClient: {"from":"0","value":""}, {f5a27ce1-8fa7-4442-9403-47c8eee64973}, {f5a27ce1-8fa7-4442-9403-47c8eee64973}
04-25 19:04:02.578 I/Gecko   (   83): 1398477842593	Marionette	INFO	sendToClient: {"from":"0","value":""}, {ab708e1b-a992-4903-99b1-4234b97a1ee5}, {ab708e1b-a992-4903-99b1-4234b97a1ee5}
04-25 19:04:02.608 I/Gecko   (   83): 1398477842626	Marionette	INFO	sendToClient: {"from":"0","value":""}, {77ba412b-8a01-4941-a36b-68ea026e28e9}, {77ba412b-8a01-4941-a36b-68ea026e28e9}
04-25 19:04:02.618 I/Gecko   (   83): 1398477842637	Marionette	INFO	sendToClient: {"from":"0","value":""}, {a608ffdd-1df5-4e1e-b9fe-6692af83ed36}, {a608ffdd-1df5-4e1e-b9fe-6692af83ed36}
04-25 19:04:02.668 I/Gecko   (   83): 1398477842680	Marionette	INFO	sendToClient: {"from":"0","value":""}, {0197fa1a-d27e-4b58-85da-171f4603c019}, {0197fa1a-d27e-4b58-85da-171f4603c019}
04-25 19:04:02.708 I/Gecko   (   83): 1398477842723	Marionette	INFO	sendToClient: {"from":"0","value":""}, {41970750-af9a-4be7-8018-f37080165c6b}, {41970750-af9a-4be7-8018-f37080165c6b}
04-25 19:04:02.718 I/Gecko   (   83): 1398477842730	Marionette	DEBUG	Got request: switchToFrame, data: {"to":"0","sessionId":"3-b2g","name":"switchToFrame","parameters":{"id":null,"focus":true}}, id: {5bbd5ed4-b4fb-4c65-80a2-ba8f04e0d7ab}
04-25 19:04:02.718 I/Gecko   (   83): 1398477842733	Marionette	INFO	Switched to frame: {"frameValue":null}
04-25 19:04:02.778 I/Gecko   (   83): [Parent 83] WARNING: pipe error (133): Connection reset by peer: file ../../../gecko/ipc/chromium/src/chrome/common/ipc_channel_posix.cc, line 446
04-25 19:04:02.778 I/Gecko   (   83): 
04-25 19:04:02.778 I/Gecko   (   83): ###!!! [Parent][MessageChannel] Error: Channel error: cannot send/recv
04-25 19:04:02.778 I/Gecko   (   83): 
04-25 19:04:02.798 E/GeckoConsole(   83): [JavaScript Error: "[Exception... "Component returned failure code: 0x80070057 (NS_ERROR_ILLEGAL_VALUE) [nsIXPCComponents_Utils.isDeadWrapper]"  nsresult: "0x80070057 (NS_ERROR_ILLEGAL_VALUE)"  location: "JS frame :: resource://gre/modules/BrowserElementParent.jsm :: BrowserElementParent.prototype._isAlive :: line 34"  data: no]" {file: "resource://gre/modules/BrowserElementParent.jsm" line: 34}]
04-25 19:04:02.838 I/Gecko   (   83): [Parent 83] WARNING: waitpid failed pid:1141 errno:10: file ../../../gecko/ipc/chromium/src/base/process_util_posix.cc, line 254
04-25 19:04:02.838 I/Gecko   (   83): 1398477842856	Marionette	INFO	sendToClient: {"from":"0","ok":true}, {5bbd5ed4-b4fb-4c65-80a2-ba8f04e0d7ab}, {5bbd5ed4-b4fb-4c65-80a2-ba8f04e0d7ab}
04-25 19:04:02.878 I/Gecko   (   83): 1398477842896	Marionette	DEBUG	Got request: switchToFrame, data: {"to":"0","sessionId":"3-b2g","name":"switchToFrame","parameters":{"id":null,"focus":true}}, id: {8c9fb7bc-8565-452e-bcef-0df243ef80b6}
04-25 19:04:02.878 I/Gecko   (   83): 1398477842898	Marionette	INFO	Switched to frame: {"frameValue":null}
04-25 19:04:02.988 I/Gecko   (   83): 1398477843000	Marionette	INFO	sendToClient: {"from":"0","ok":true}, {8c9fb7bc-8565-452e-bcef-0df243ef80b6}, {8c9fb7bc-8565-452e-bcef-0df243ef80b6}
04-25 19:04:02.988 I/Gecko   (   83): 1398477843008	Marionette	DEBUG	Got request: executeWithCallback, data: {"to":"0","sessionId":"3-b2g","name":"executeAsyncScript","parameters":{"specialPowers":false,"scriptTimeout":null,"newSandbox":true,"args":[],"filename":"gaia_test.py","script":"return GaiaApps.displayedApp();","line":66}}, id: {12ec7b06-ee20-426f-8e57-850ca82b9191}
04-25 19:04:03.078 I/Gecko   (   83): 1398477843088	Marionette	INFO	sendToClient: {"from":"0","value":{"frame":{"ELEMENT":"{fb367cb3-5d6c-40f5-ab8a-39ebf292c9c3}"},"src":"app://browser.gaiamobile.org/index.html","name":"Browser","origin":"app://browser.gaiamobile.org"}}, {12ec7b06-ee20-426f-8e57-850ca82b9191}, {12ec7b06-ee20-426f-8e57-850ca82b9191}
04-25 19:04:03.078 E/GeckoConsole(   83): Content JS LOG at dummy file:392 in GaiaApps.displayedApp: app with origin 'app://browser.gaiamobile.org' is displayed
04-25 19:04:03.078 I/Gecko   (   83): 1398477843097	Marionette	DEBUG	Got request: switchToFrame, data: {"to":"0","sessionId":"3-b2g","name":"switchToFrame","parameters":{"focus":true,"element":"{fb367cb3-5d6c-40f5-ab8a-39ebf292c9c3}"}}, id: {d414373a-00a0-446e-8faa-e6d10b913501}
04-25 19:04:03.088 I/Gecko   (   83): 1398477843103	Marionette	INFO	Switched to frame: {"frameValue":"{fb367cb3-5d6c-40f5-ab8a-39ebf292c9c3}"}
04-25 19:04:03.168 I/Gecko   ( 1212): ###################################### forms.js loaded
04-25 19:04:03.188 I/Gecko   ( 1212): ############################### browserElementPanning.js loaded
04-25 19:04:03.208 I/Gecko   (   83): 1398477843220	Marionette	INFO	sendToClient: {"from":"0","ok":true}, {d414373a-00a0-446e-8faa-e6d10b913501}, {d414373a-00a0-446e-8faa-e6d10b913501}
04-25 19:04:03.218 I/Gecko   (   83): 1398477843229	Marionette	INFO	sendToClient: {"from":"0","value":"https://marketplace.firefox.com/"}, {1fb8a09d-9d2f-423c-ba50-81e760f1a7aa}, {1fb8a09d-9d2f-423c-ba50-81e760f1a7aa}
04-25 19:04:03.218 I/Gecko   ( 1212): ######################## BrowserElementChildPreload.js loaded
04-25 19:04:03.228 I/Gecko   (   83): 1398477843241	Marionette	DEBUG	Got request: execute, data: {"to":"0","sessionId":"3-b2g","name":"executeScript","parameters":{"specialPowers":false,"scriptTimeout":null,"newSandbox":true,"args":[],"filename":"app_checker.py","script":"return window.wrappedJSObject.marionette_install_result","line":339}}, id: {d1fc47aa-3399-4c20-96ac-656e1ff85cce}
04-25 19:04:03.288 I/Gecko   (   83): 1398477843302	Marionette	INFO	sendToClient: {"from":"0","value":null}, {d1fc47aa-3399-4c20-96ac-656e1ff85cce}, {d1fc47aa-3399-4c20-96ac-656e1ff85cce}