04-26 14:10:13.015 I/Gecko   (   83): 1398546613020	Marionette	INFO	sendToClient: {"from":"0","value":""}, {4bb187ef-6fb0-4256-bc88-618437941daa}, {4bb187ef-6fb0-4256-bc88-618437941daa}
04-26 14:10:13.025 I/Gecko   (   83): 1398546613036	Marionette	INFO	sendToClient: {"from":"0","value":""}, {19243bd4-1fd2-4af1-b33c-93312ee68f27}, {19243bd4-1fd2-4af1-b33c-93312ee68f27}
04-26 14:10:13.345 W/WifiHW  (   83): wifi_command: SIGNAL_POLL
04-26 14:10:13.695 I/Gonk    (   83): Setting nice for pid 2561 to 18
04-26 14:10:13.705 I/Gonk    (   83): Changed nice for pid 2561 from 0 to 18.
04-26 14:10:13.775 I/Gecko   (   83): 1398546613779	Marionette	INFO	sendToClient: {"from":"0","value":""}, {9d2283d6-d586-4de7-a082-93b78011d1b1}, {9d2283d6-d586-4de7-a082-93b78011d1b1}
04-26 14:10:13.785 I/Gecko   (   83): 1398546613793	Marionette	INFO	sendToClient: {"from":"0","value":""}, {311d39c0-221c-48e3-93bd-eba264f25be2}, {311d39c0-221c-48e3-93bd-eba264f25be2}
04-26 14:10:13.825 I/Gecko   ( 2549): ###################################### forms.js loaded
04-26 14:10:13.835 I/Gecko   (   83): 1398546613839	Marionette	INFO	sendToClient: {"from":"0","value":""}, {c00cb1e0-13f7-4ebb-bb05-33a39bf6dbf5}, {c00cb1e0-13f7-4ebb-bb05-33a39bf6dbf5}
04-26 14:10:13.855 I/Gecko   (   83): 1398546613858	Marionette	INFO	sendToClient: {"from":"0","value":""}, {7c992df4-a663-4ec7-bb6b-563f8b0d3691}, {7c992df4-a663-4ec7-bb6b-563f8b0d3691}
04-26 14:10:13.865 I/Gecko   ( 2549): ############################### browserElementPanning.js loaded
04-26 14:10:13.865 I/Gecko   (   83): 1398546613877	Marionette	INFO	sendToClient: {"from":"0","value":""}, {9670a114-e9ad-43ba-9cf2-4e80640cf4e2}, {9670a114-e9ad-43ba-9cf2-4e80640cf4e2}
04-26 14:10:13.905 I/Gecko   (   83): 1398546613911	Marionette	INFO	sendToClient: {"from":"0","value":""}, {3753f53d-d613-46fd-a87b-a0314d00df66}, {3753f53d-d613-46fd-a87b-a0314d00df66}
04-26 14:10:13.915 I/Gecko   (   83): 1398546613927	Marionette	INFO	sendToClient: {"from":"0","value":""}, {5c1bc3fd-f755-44f1-be2e-a914b6e8314d}, {5c1bc3fd-f755-44f1-be2e-a914b6e8314d}
04-26 14:10:13.955 I/Gecko   (   83): 1398546613961	Marionette	INFO	sendToClient: {"from":"0","value":""}, {88f7bf00-0062-4a12-b493-705af2d3f1dc}, {88f7bf00-0062-4a12-b493-705af2d3f1dc}
04-26 14:10:13.985 I/Gecko   (   83): 1398546613989	Marionette	INFO	sendToClient: {"from":"0","value":""}, {0ac1c57b-0920-4a78-8dad-8ccbd2b7027a}, {0ac1c57b-0920-4a78-8dad-8ccbd2b7027a}
04-26 14:10:13.985 I/Gecko   ( 2549): ######################## BrowserElementChildPreload.js loaded
04-26 14:10:14.005 I/Gecko   (   83): 1398546614008	Marionette	INFO	sendToClient: {"from":"0","value":""}, {b0456696-90e1-4fd7-97eb-350d331af8e0}, {b0456696-90e1-4fd7-97eb-350d331af8e0}
04-26 14:10:14.055 I/GeckoDump(   83): XXX FIXME : Got a mozContentEvent: undefined
04-26 14:10:14.065 I/Gecko   (   83): 1398546614070	Marionette	INFO	sendToClient: {"from":"0","value":""}, {2fbc4e3d-bd5d-436e-abbf-1bfffff01526}, {2fbc4e3d-bd5d-436e-abbf-1bfffff01526}
04-26 14:10:14.505 I/Gecko   (   83): 1398546614513	Marionette	INFO	sendToClient: {"from":"0","value":""}, {689c24c9-697e-4c1b-a8f3-da2560dffef4}, {689c24c9-697e-4c1b-a8f3-da2560dffef4}
04-26 14:10:14.695 I/Gecko   (   83): 1398546614699	Marionette	INFO	sendToClient: {"from":"0","value":""}, {605ac0e0-0776-456d-a5ad-22ff138a4472}, {605ac0e0-0776-456d-a5ad-22ff138a4472}
04-26 14:10:14.735 I/Gecko   (   83): 1398546614739	Marionette	INFO	sendToClient: {"from":"0","value":""}, {f1a0bfe6-4ffc-4d51-89d0-cbf39d2a1874}, {f1a0bfe6-4ffc-4d51-89d0-cbf39d2a1874}
04-26 14:10:14.775 I/Gecko   (   83): 1398546614781	Marionette	INFO	sendToClient: {"from":"0","value":""}, {31c02d3f-b097-4f40-95a1-3055c7ab2199}, {31c02d3f-b097-4f40-95a1-3055c7ab2199}
04-26 14:10:14.825 I/Gecko   (   83): 1398546614831	Marionette	INFO	sendToClient: {"from":"0","value":""}, {8adbe37f-7f30-4ef6-822b-ccab26ece71a}, {8adbe37f-7f30-4ef6-822b-ccab26ece71a}
04-26 14:10:14.845 I/Gecko   (   83): 1398546614854	Marionette	INFO	sendToClient: {"from":"0","value":""}, {bf6e3b43-9e36-4850-9c42-1ca0b294bcc3}, {bf6e3b43-9e36-4850-9c42-1ca0b294bcc3}
04-26 14:10:15.125 I/Gecko   (   83): 1398546615134	Marionette	INFO	sendToClient: {"from":"0","value":""}, {48326afb-b50a-42f5-812e-e3eaf594a510}, {48326afb-b50a-42f5-812e-e3eaf594a510}
04-26 14:10:15.285 I/Gecko   (   83): 1398546615288	Marionette	INFO	sendToClient: {"from":"0","value":""}, {484bf2fb-d5e9-4c3e-aba9-ee46f001e9c0}, {484bf2fb-d5e9-4c3e-aba9-ee46f001e9c0}
04-26 14:10:15.505 I/log     ( 2572): <4>0[ 747.954277] lowmem_shrink select 2478 (Homescreen), adj 8, size 7434, to kill 
04-26 14:10:15.605 I/Gecko   (   83): 1398546615609	Marionette	INFO	sendToClient: {"from":"0","value":"Cancel"}, {1b6f1640-66e2-46aa-b7d6-bce2469c86d4}, {1b6f1640-66e2-46aa-b7d6-bce2469c86d4}
04-26 14:10:15.685 I/Gecko   (   83): 1398546615688	Marionette	INFO	sendToClient: {"from":"0","value":"Install"}, {908759d1-fd0d-4450-bc85-9625e80a030f}, {908759d1-fd0d-4450-bc85-9625e80a030f}
04-26 14:10:15.835 I/Gecko   (   83): 1398546615840	Marionette	INFO	Switched to frame: {"restorePrevious":true}
04-26 14:10:15.835 I/Gecko   (   83): 1398546615843	Marionette	INFO	sendToClient: {"from":"0","ok":true}, {15706999-ad08-44f4-bbe9-a42a793a90f0}, {15706999-ad08-44f4-bbe9-a42a793a90f0}
04-26 14:10:15.905 I/Gecko   (   83): 1398546615908	Marionette	INFO	sendToClient: {"from":"0","value":""}, {2b361607-2896-4b4a-8707-45ee69315da0}, {2b361607-2896-4b4a-8707-45ee69315da0}
04-26 14:10:15.905 E/GeckoConsole( 2549): [JavaScript Error: "uncaught exception: target window is same as present window -- not allowed"]
04-26 14:10:15.945 I/Gecko   (   83): 1398546615948	Marionette	INFO	sendToClient: {"from":"0","value":""}, {9153d6d9-90da-42f3-b8d7-76184ca6971e}, {9153d6d9-90da-42f3-b8d7-76184ca6971e}
04-26 14:10:15.995 I/Gecko   (   83): 1398546616003	Marionette	INFO	sendToClient: {"from":"0","value":""}, {9b2b5edf-0a28-4735-a49c-51a658df9f13}, {9b2b5edf-0a28-4735-a49c-51a658df9f13}
04-26 14:10:16.035 I/Gecko   (   83): 1398546616046	Marionette	INFO	sendToClient: {"from":"0","value":""}, {9b6fc93b-3bb2-4950-9d81-31b94426c2e2}, {9b6fc93b-3bb2-4950-9d81-31b94426c2e2}
04-26 14:10:16.205 I/Gecko   (   83): 1398546616212	Marionette	INFO	sendToClient: {"from":"0","value":""}, {d61c9737-a98d-4e3e-a729-54cda47c8012}, {d61c9737-a98d-4e3e-a729-54cda47c8012}
04-26 14:10:16.225 I/GeckoDump(   83): XXX FIXME : Got a mozContentEvent: undefined
04-26 14:10:16.335 I/Gecko   (   83): [Parent 83] WARNING: pipe error (99): Connection reset by peer: file ../../../gecko/ipc/chromium/src/chrome/common/ipc_channel_posix.cc, line 446
04-26 14:10:16.585 I/Gecko   (   83): 
04-26 14:10:16.585 I/Gecko   (   83): ###!!! [Parent][MessageChannel] Error: Channel error: cannot send/recv
04-26 14:10:16.585 I/Gecko   (   83): 
04-26 14:10:16.595 E/GeckoConsole(   83): [JavaScript Error: "[Exception... "Component returned failure code: 0x80070057 (NS_ERROR_ILLEGAL_VALUE) [nsIXPCComponents_Utils.isDeadWrapper]"  nsresult: "0x80070057 (NS_ERROR_ILLEGAL_VALUE)"  location: "JS frame :: resource://gre/modules/BrowserElementParent.jsm :: BrowserElementParent.prototype._isAlive :: line 34"  data: no]" {file: "resource://gre/modules/BrowserElementParent.jsm" line: 34}]
04-26 14:10:16.635 I/Gecko   (   83): [Parent 83] WARNING: waitpid failed pid:2478 errno:10: file ../../../gecko/ipc/chromium/src/base/process_util_posix.cc, line 254
04-26 14:10:16.635 I/Gecko   ( 2549): WARNING: child tried to open http IPDL channel w/o security info
04-26 14:10:16.635 I/Gecko   ( 2549): WARNING: child tried to open http IPDL channel w/o security info
04-26 14:10:16.635 I/Gecko   ( 2549): WARNING: child tried to open http IPDL channel w/o security info
04-26 14:10:16.635 I/Gecko   ( 2549): WARNING: child tried to open http IPDL channel w/o security info
04-26 14:10:16.635 I/Gecko   ( 2549): WARNING: child tried to open http IPDL channel w/o security info
04-26 14:10:16.635 I/Gecko   ( 2549): WARNING: child tried to open http IPDL channel w/o security info
04-26 14:10:16.635 I/Gecko   ( 2549): WARNING: child tried to open http IPDL channel w/o security info
04-26 14:10:16.635 I/Gecko   ( 2549): WARNING: child tried to open http IPDL channel w/o security info
04-26 14:10:16.635 I/Gecko   ( 2549): WARNING: child tried to open http IPDL channel w/o security info
04-26 14:10:16.635 I/Gecko   ( 2549): WARNING: child tried to open http IPDL channel w/o security info
04-26 14:10:16.645 E/GeckoConsole(   83): Content JS LOG at https://marketplace.cdn.mozilla.net/media/fireplace/js/include.js?b=1398192110201:5 in s/<: [mkt] Reloading chrome
04-26 14:10:16.695 I/Gecko   (   83): [Parent 83] WARNING: waitpid failed pid:2549 errno:10: file ../../../gecko/ipc/chromium/src/base/process_util_posix.cc, line 254
04-26 14:10:16.725 I/Gecko   (   83): 1398546616732	Marionette	INFO	sendToClient: {"from":"0","value":""}, {03748db8-20a1-4d58-9a99-4102c0165695}, {03748db8-20a1-4d58-9a99-4102c0165695}
04-26 14:10:16.745 I/Gecko   (   83): 1398546616751	Marionette	INFO	sendToClient: {"from":"0","value":""}, {80304124-e25c-4233-8f1a-15197a946c59}, {80304124-e25c-4233-8f1a-15197a946c59}
04-26 14:10:16.765 I/Gecko   (   83): 1398546616771	Marionette	INFO	sendToClient: {"from":"0","value":""}, {55ee1af3-09eb-49ab-b2c7-a70ee3794614}, {55ee1af3-09eb-49ab-b2c7-a70ee3794614}
04-26 14:10:16.785 I/Gecko   (   83): 1398546616791	Marionette	INFO	sendToClient: {"from":"0","value":""}, {ed1b9350-f82d-4ea7-b55a-09e22110eead}, {ed1b9350-f82d-4ea7-b55a-09e22110eead}
04-26 14:10:16.805 I/Gecko   (   83): 1398546616808	Marionette	INFO	sendToClient: {"from":"0","value":""}, {a576cc8d-70c9-428c-b55a-934a7f21ea97}, {a576cc8d-70c9-428c-b55a-934a7f21ea97}
04-26 14:10:16.815 I/Gecko   (   83): 1398546616824	Marionette	INFO	sendToClient: {"from":"0","value":""}, {39dd41f4-2e47-4e4e-89e0-66fd2d215c45}, {39dd41f4-2e47-4e4e-89e0-66fd2d215c45}
04-26 14:10:16.835 I/Gecko   (   83): 1398546616843	Marionette	INFO	sendToClient: {"from":"0","value":""}, {3d607338-9130-4f25-959d-5c7c9f852433}, {3d607338-9130-4f25-959d-5c7c9f852433}
04-26 14:10:16.855 I/Gecko   (   83): 1398546616865	Marionette	INFO	sendToClient: {"from":"0","value":""}, {afe4ef51-3550-49f8-9564-80efe1acd010}, {afe4ef51-3550-49f8-9564-80efe1acd010}
04-26 14:10:16.875 I/Gecko   (   83): 1398546616882	Marionette	INFO	sendToClient: {"from":"0","value":""}, {57a04a30-ea24-4c68-ac0f-d7794b978660}, {57a04a30-ea24-4c68-ac0f-d7794b978660}
04-26 14:10:16.905 I/Gecko   (   83): 1398546616916	Marionette	INFO	sendToClient: {"from":"0","value":""}, {3bbb8c43-6995-47a2-a457-4685ac716156}, {3bbb8c43-6995-47a2-a457-4685ac716156}
04-26 14:10:16.925 I/Gecko   (   83): 1398546616934	Marionette	INFO	sendToClient: {"from":"0","value":""}, {c985548a-71f5-4508-8513-b429458d7aa6}, {c985548a-71f5-4508-8513-b429458d7aa6}
04-26 14:10:16.945 I/Gecko   (   83): 1398546616954	Marionette	INFO	sendToClient: {"from":"0","value":""}, {cf50a1e5-5818-4965-a4d6-616e6534a4ce}, {cf50a1e5-5818-4965-a4d6-616e6534a4ce}
04-26 14:10:16.975 I/Gecko   (   83): 1398546616980	Marionette	INFO	sendToClient: {"from":"0","value":""}, {6f2de072-b2aa-48f7-a35d-5ab1e434cd8d}, {6f2de072-b2aa-48f7-a35d-5ab1e434cd8d}
04-26 14:10:16.995 I/Gecko   (   83): 1398546617000	Marionette	INFO	sendToClient: {"from":"0","value":""}, {57d78390-aef8-4109-a198-f41110d81386}, {57d78390-aef8-4109-a198-f41110d81386}
04-26 14:10:17.015 I/Gecko   (   83): 1398546617023	Marionette	INFO	sendToClient: {"from":"0","value":""}, {92923430-9655-4cee-9257-afc6d99819ab}, {92923430-9655-4cee-9257-afc6d99819ab}
04-26 14:10:17.045 I/Gecko   (   83): 1398546617048	Marionette	INFO	sendToClient: {"from":"0","value":""}, {622d77ba-204f-46de-9992-b66cf331bc92}, {622d77ba-204f-46de-9992-b66cf331bc92}
04-26 14:10:17.065 I/Gecko   (   83): 1398546617072	Marionette	INFO	sendToClient: {"from":"0","value":""}, {df86449d-1bd0-4c18-981a-4cc01dba0488}, {df86449d-1bd0-4c18-981a-4cc01dba0488}
04-26 14:10:17.095 I/Gecko   (   83): 1398546617103	Marionette	INFO	sendToClient: {"from":"0","value":""}, {00fc4dc8-96b6-4f89-8744-21f92c392d8d}, {00fc4dc8-96b6-4f89-8744-21f92c392d8d}
04-26 14:10:17.125 I/Gecko   (   83): 1398546617130	Marionette	INFO	sendToClient: {"from":"0","value":""}, {be65b174-7298-4436-a911-f8a8ecaeded5}, {be65b174-7298-4436-a911-f8a8ecaeded5}
04-26 14:10:17.135 I/Gecko   (   83): 1398546617145	Marionette	INFO	sendToClient: {"from":"0","value":""}, {cb139cb7-4be1-4703-83c8-f4e0aaa9879e}, {cb139cb7-4be1-4703-83c8-f4e0aaa9879e}
04-26 14:10:17.155 I/Gecko   (   83): 1398546617166	Marionette	INFO	sendToClient: {"from":"0","value":""}, {bd14e034-ca81-4d16-ab66-f43ea267581b}, {bd14e034-ca81-4d16-ab66-f43ea267581b}
04-26 14:10:17.175 I/Gecko   (   83): 1398546617183	Marionette	INFO	sendToClient: {"from":"0","value":""}, {576f52d8-3c70-4f21-a832-50fe411b67be}, {576f52d8-3c70-4f21-a832-50fe411b67be}
04-26 14:10:17.195 I/Gecko   (   83): 1398546617201	Marionette	INFO	sendToClient: {"from":"0","value":""}, {d4281758-4987-4a51-ad58-9a4c4e73fb57}, {d4281758-4987-4a51-ad58-9a4c4e73fb57}
04-26 14:10:17.215 I/Gecko   (   83): 1398546617224	Marionette	INFO	sendToClient: {"from":"0","value":""}, {f2e486e9-c5e8-45aa-865b-90689b910554}, {f2e486e9-c5e8-45aa-865b-90689b910554}
04-26 14:10:17.225 I/Gecko   (   83): 1398546617235	Marionette	INFO	sendToClient: {"from":"0","value":""}, {b9cf5ded-8f85-4f68-a771-32725d64974a}, {b9cf5ded-8f85-4f68-a771-32725d64974a}
04-26 14:10:17.255 I/Gecko   (   83): 1398546617258	Marionette	INFO	sendToClient: {"from":"0","value":""}, {863936f8-a91f-4de0-bab0-2076d9e20ee7}, {863936f8-a91f-4de0-bab0-2076d9e20ee7}
04-26 14:10:17.275 I/Gecko   (   83): 1398546617283	Marionette	INFO	sendToClient: {"from":"0","value":""}, {094c5b0f-2bca-4128-95d5-e755a6c4c681}, {094c5b0f-2bca-4128-95d5-e755a6c4c681}
04-26 14:10:17.285 I/Gecko   (   83): 1398546617293	Marionette	DEBUG	Got request: switchToFrame, data: {"to":"0","sessionId":"3-b2g","name":"switchToFrame","parameters":{"id":null,"focus":true}}, id: {941c0756-17cf-4ad3-a8b4-6e699b60690b}
04-26 14:10:17.305 I/Gecko   (   83): 1398546617310	Marionette	INFO	Switched to frame: {"frameValue":null}
04-26 14:10:17.415 I/Gecko   (   83): 1398546617419	Marionette	INFO	sendToClient: {"from":"0","ok":true}, {941c0756-17cf-4ad3-a8b4-6e699b60690b}, {941c0756-17cf-4ad3-a8b4-6e699b60690b}
04-26 14:10:17.415 I/Gecko   (   83): 1398546617425	Marionette	DEBUG	Got request: switchToFrame, data: {"to":"0","sessionId":"3-b2g","name":"switchToFrame","parameters":{"id":null,"focus":true}}, id: {186fd503-05e0-4238-9614-5a473e8c94f7}
04-26 14:10:17.415 I/Gecko   (   83): 1398546617426	Marionette	INFO	Switched to frame: {"frameValue":null}
04-26 14:10:17.525 I/Gecko   (   83): 1398546617529	Marionette	INFO	sendToClient: {"from":"0","ok":true}, {186fd503-05e0-4238-9614-5a473e8c94f7}, {186fd503-05e0-4238-9614-5a473e8c94f7}
04-26 14:10:17.525 I/Gecko   (   83): 1398546617536	Marionette	DEBUG	Got request: executeWithCallback, data: {"to":"0","sessionId":"3-b2g","name":"executeAsyncScript","parameters":{"specialPowers":false,"scriptTimeout":null,"newSandbox":true,"args":[],"filename":"gaia_test.py","script":"return GaiaApps.displayedApp();","line":66}}, id: {625e1d7b-26e0-4e96-b2ce-273851b4b577}
04-26 14:10:17.585 I/Gecko   (   83): 1398546617592	Marionette	INFO	sendToClient: {"from":"0","value":{"frame":{"ELEMENT":"{8441ff61-df0a-45b9-a019-627242c1e3f5}"},"src":"app://browser.gaiamobile.org/index.html","name":"Browser","origin":"app://browser.gaiamobile.org"}}, {625e1d7b-26e0-4e96-b2ce-273851b4b577}, {625e1d7b-26e0-4e96-b2ce-273851b4b577}
04-26 14:10:17.595 I/Gecko   (   83): 1398546617599	Marionette	DEBUG	Got request: switchToFrame, data: {"to":"0","sessionId":"3-b2g","name":"switchToFrame","parameters":{"focus":true,"element":"{8441ff61-df0a-45b9-a019-627242c1e3f5}"}}, id: {3a4ba29e-c7f0-4344-9b29-946477277073}
04-26 14:10:17.595 E/GeckoConsole(   83): Content JS LOG at dummy file:392 in GaiaApps.displayedApp: app with origin 'app://browser.gaiamobile.org' is displayed
04-26 14:10:17.625 I/Gecko   (   83): 1398546617630	Marionette	INFO	Switched to frame: {"frameValue":"{8441ff61-df0a-45b9-a019-627242c1e3f5}"}
04-26 14:10:17.725 I/Gecko   (   83): 1398546617732	Marionette	INFO	sendToClient: {"from":"0","ok":true}, {3a4ba29e-c7f0-4344-9b29-946477277073}, {3a4ba29e-c7f0-4344-9b29-946477277073}
04-26 14:10:17.735 I/Gecko   (   83): 1398546617739	Marionette	INFO	sendToClient: {"from":"0","value":"https://marketplace.firefox.com/"}, {2d53e795-44d9-459e-b7c3-d366793af0b7}, {2d53e795-44d9-459e-b7c3-d366793af0b7}
04-26 14:10:17.735 I/Gecko   (   83): 1398546617745	Marionette	DEBUG	Got request: execute, data: {"to":"0","sessionId":"3-b2g","name":"executeScript","parameters":{"specialPowers":false,"scriptTimeout":null,"newSandbox":true,"args":[],"filename":"app_checker.py","script":"return window.wrappedJSObject.marionette_install_result","line":339}}, id: {9e39c787-038b-439c-8f6c-0da377ce4302}
04-26 14:10:17.765 I/Gecko   (   83): 1398546617769	Marionette	INFO	sendToClient: {"from":"0","value":null}, {9e39c787-038b-439c-8f6c-0da377ce4302}, {9e39c787-038b-439c-8f6c-0da377ce4302}