--------- beginning of /dev/log/main
04-26 04:43:45.985 I/Gecko   (   83): 1398512625995	Marionette	INFO	sendToClient: {"from":"0","ok":true}, {6788e294-535e-4ddf-a484-55f8d27a78d9}, {6788e294-535e-4ddf-a484-55f8d27a78d9}
04-26 04:43:46.045 I/Gecko   (   83): 1398512626056	Marionette	DEBUG	Got request: switchToFrame, data: {"to":"0","sessionId":"3-b2g","name":"switchToFrame","parameters":{"id":null,"focus":true}}, id: {92b14101-81d8-480a-8744-df4fb0ce3237}
04-26 04:43:46.045 I/Gecko   (   83): 1398512626058	Marionette	INFO	Switched to frame: {"frameValue":null}
04-26 04:43:46.155 I/Gonk    (   83): Setting nice for pid 780 to 18
04-26 04:43:46.155 I/Gonk    (   83): Changed nice for pid 780 from 0 to 18.
04-26 04:43:46.155 I/Gecko   (   83): 1398512626170	Marionette	INFO	sendToClient: {"from":"0","ok":true}, {92b14101-81d8-480a-8744-df4fb0ce3237}, {92b14101-81d8-480a-8744-df4fb0ce3237}
04-26 04:43:46.185 I/Gecko   (   83): 1398512626201	Marionette	DEBUG	Got request: executeWithCallback, data: {"to":"0","sessionId":"3-b2g","name":"executeAsyncScript","parameters":{"specialPowers":false,"scriptTimeout":null,"newSandbox":true,"args":[],"filename":"gaia_test.py","script":"return GaiaApps.displayedApp();","line":66}}, id: {2aa0a66a-0547-4b4e-aca1-13411791fa46}
04-26 04:43:46.205 I/Gecko   (   83): [Parent 83] WARNING: waitpid failed pid:721 errno:10: file ../../../gecko/ipc/chromium/src/base/process_util_posix.cc, line 254
04-26 04:43:46.205 I/Gecko   (   83): [Parent 83] WARNING: Failed to deliver SIGKILL to 721!(3).: file ../../../gecko/ipc/chromium/src/chrome/common/process_watcher_posix_sigchld.cc, line 118
04-26 04:43:46.255 I/Gecko   (   83): 1398512626267	Marionette	INFO	sendToClient: {"from":"0","value":{"frame":{"ELEMENT":"{2d557d0c-3d33-43fa-ab43-bb38c7419e78}"},"src":"app://homescreen.gaiamobile.org/index.html#root","name":"Homescreen","origin":"app://homescreen.gaiamobile.org"}}, {2aa0a66a-0547-4b4e-aca1-13411791fa46}, {2aa0a66a-0547-4b4e-aca1-13411791fa46}
04-26 04:43:46.275 E/GeckoConsole(   83): Content JS LOG at dummy file:392 in GaiaApps.displayedApp: app with origin 'app://homescreen.gaiamobile.org' is displayed
04-26 04:43:46.275 I/Gecko   (   83): 1398512626291	Marionette	DEBUG	Got request: switchToFrame, data: {"to":"0","sessionId":"3-b2g","name":"switchToFrame","parameters":{"id":null,"focus":true}}, id: {e072a4ef-a486-45b7-9f2e-43859a02c32e}
04-26 04:43:46.275 I/Gecko   (   83): 1398512626292	Marionette	INFO	Switched to frame: {"frameValue":null}
04-26 04:43:46.385 I/Gecko   (   83): 1398512626398	Marionette	INFO	sendToClient: {"from":"0","ok":true}, {e072a4ef-a486-45b7-9f2e-43859a02c32e}, {e072a4ef-a486-45b7-9f2e-43859a02c32e}
04-26 04:43:46.395 I/Gecko   (   83): 1398512626405	Marionette	DEBUG	Got request: switchToFrame, data: {"to":"0","sessionId":"3-b2g","name":"switchToFrame","parameters":{"id":null,"focus":true}}, id: {1fbbab45-c5e9-44db-8e16-fc4595278439}
04-26 04:43:46.395 I/Gecko   (   83): 1398512626407	Marionette	INFO	Switched to frame: {"frameValue":null}
04-26 04:43:46.495 I/Gecko   (   83): 1398512626509	Marionette	INFO	sendToClient: {"from":"0","ok":true}, {1fbbab45-c5e9-44db-8e16-fc4595278439}, {1fbbab45-c5e9-44db-8e16-fc4595278439}
04-26 04:43:46.505 I/Gecko   (   83): 1398512626519	Marionette	DEBUG	Got request: executeWithCallback, data: {"to":"0","sessionId":"3-b2g","name":"executeAsyncScript","parameters":{"specialPowers":false,"scriptTimeout":null,"newSandbox":true,"args":[],"filename":"gaia_test.py","script":"return GaiaApps.displayedApp();","line":66}}, id: {b1c24a8a-968a-4016-8fd0-bd160f5774ce}
04-26 04:43:46.625 E/GeckoConsole(   83): Content JS LOG at dummy file:392 in GaiaApps.displayedApp: app with origin 'app://homescreen.gaiamobile.org' is displayed
04-26 04:43:46.635 I/Gecko   (   83): 1398512626647	Marionette	INFO	sendToClient: {"from":"0","value":{"frame":{"ELEMENT":"{2d557d0c-3d33-43fa-ab43-bb38c7419e78}"},"src":"app://homescreen.gaiamobile.org/index.html#root","name":"Homescreen","origin":"app://homescreen.gaiamobile.org"}}, {b1c24a8a-968a-4016-8fd0-bd160f5774ce}, {b1c24a8a-968a-4016-8fd0-bd160f5774ce}
04-26 04:43:46.645 I/Gecko   (   83): 1398512626656	Marionette	DEBUG	Got request: switchToFrame, data: {"to":"0","sessionId":"3-b2g","name":"switchToFrame","parameters":{"focus":true,"element":"{2d557d0c-3d33-43fa-ab43-bb38c7419e78}"}}, id: {2d66a2a8-7f97-4022-ab22-8fb3fd6d7754}
04-26 04:43:46.655 I/Gecko   (   83): 1398512626669	Marionette	INFO	Switched to frame: {"frameValue":"{2d557d0c-3d33-43fa-ab43-bb38c7419e78}"}
04-26 04:43:46.675 I/Gecko   (   83): 1398512626687	Marionette	INFO	trying remote frame 0
04-26 04:43:46.685 I/Gecko   (   83): 1398512626702	Marionette	INFO	trying remote frame 1
04-26 04:43:46.705 I/Gecko   (   83): 1398512626715	Marionette	INFO	deleting frame
04-26 04:43:46.705 I/Gecko   (   83): 1398512626716	Marionette	INFO	trying remote frame 2
04-26 04:43:46.855 I/Gecko   (   83): 1398512626864	Marionette	INFO	sendToClient: {"from":"0","ok":true}, {2d66a2a8-7f97-4022-ab22-8fb3fd6d7754}, {2d66a2a8-7f97-4022-ab22-8fb3fd6d7754}
04-26 04:43:46.945 I/Gecko   (   83): 1398512626957	Marionette	INFO	sendToClient: {"from":"0","value":{"ELEMENT":"{66032d60-e102-47c1-831b-d214b1777131}"}}, {01cea159-4b02-4197-9841-02270d10d415}, {01cea159-4b02-4197-9841-02270d10d415}
04-26 04:43:47.165 E/GeckoConsole(  757): [JavaScript Warning: "Use of getAttributeNode() is deprecated. Use getAttribute() instead." {file: "chrome://marionette/content/atoms.js" line: 25}]
04-26 04:43:47.165 E/GeckoConsole(  757): [JavaScript Warning: "Use of attributes' specified attribute is deprecated. It always returns true." {file: "chrome://marionette/content/atoms.js" line: 25}]
04-26 04:43:47.165 I/Gecko   (   83): 1398512627183	Marionette	INFO	sendToClient: {"from":"0","value":"normal"}, {d1caf1b3-ad21-477b-81c4-9f9ab3ba6fc9}, {d1caf1b3-ad21-477b-81c4-9f9ab3ba6fc9}
04-26 04:43:47.175 I/Gecko   (   83): 1398512627190	Marionette	DEBUG	Got request: switchToFrame, data: {"to":"0","sessionId":"3-b2g","name":"switchToFrame","parameters":{"id":null,"focus":true}}, id: {795eaa81-091d-4b30-aa94-ac7f60eaf0e9}
04-26 04:43:47.185 I/Gecko   (   83): 1398512627201	Marionette	INFO	Switched to frame: {"frameValue":null}
04-26 04:43:47.295 I/Gecko   (   83): 1398512627306	Marionette	INFO	sendToClient: {"from":"0","ok":true}, {795eaa81-091d-4b30-aa94-ac7f60eaf0e9}, {795eaa81-091d-4b30-aa94-ac7f60eaf0e9}
04-26 04:43:47.305 I/Gecko   (   83): 1398512627314	Marionette	DEBUG	Got request: execute, data: {"to":"0","sessionId":"3-b2g","name":"executeScript","parameters":{"specialPowers":false,"scriptTimeout":null,"newSandbox":true,"args":[],"filename":"gaia_test.py","script":"window.wrappedJSObject.dispatchEvent(new Event('home'));","line":788}}, id: {77df48c8-d756-4cbd-be22-a88ebe530e65}
04-26 04:43:47.395 I/Gecko   (   83): 1398512627404	Marionette	INFO	sendToClient: {"from":"0","value":null}, {77df48c8-d756-4cbd-be22-a88ebe530e65}, {77df48c8-d756-4cbd-be22-a88ebe530e65}
04-26 04:43:47.395 I/Gecko   (   83): 1398512627412	Marionette	DEBUG	Got request: switchToFrame, data: {"to":"0","sessionId":"3-b2g","name":"switchToFrame","parameters":{"id":null,"focus":true}}, id: {95d4ba4b-5ed9-4739-9596-e993998f1b5c}
04-26 04:43:47.405 I/Gecko   (   83): 1398512627414	Marionette	INFO	Switched to frame: {"frameValue":null}
04-26 04:43:47.505 I/Gecko   (   83): 1398512627517	Marionette	INFO	sendToClient: {"from":"0","ok":true}, {95d4ba4b-5ed9-4739-9596-e993998f1b5c}, {95d4ba4b-5ed9-4739-9596-e993998f1b5c}
04-26 04:43:47.515 I/Gecko   (   83): 1398512627523	Marionette	DEBUG	Got request: switchToFrame, data: {"to":"0","sessionId":"3-b2g","name":"switchToFrame","parameters":{"id":null,"focus":true}}, id: {aecbafda-8a42-42b1-9df6-6ab80215ff2a}
04-26 04:43:47.515 I/Gecko   (   83): 1398512627525	Marionette	INFO	Switched to frame: {"frameValue":null}
04-26 04:43:47.715 I/Gecko   (   83): 1398512627726	Marionette	INFO	sendToClient: {"from":"0","ok":true}, {aecbafda-8a42-42b1-9df6-6ab80215ff2a}, {aecbafda-8a42-42b1-9df6-6ab80215ff2a}
04-26 04:43:47.735 I/Gecko   (   83): 1398512627750	Marionette	DEBUG	Got request: executeWithCallback, data: {"to":"0","sessionId":"3-b2g","name":"executeAsyncScript","parameters":{"specialPowers":false,"scriptTimeout":null,"newSandbox":true,"args":[],"filename":"gaia_test.py","script":"return GaiaApps.displayedApp();","line":66}}, id: {1ea5b073-4a74-4430-a717-af2dda25a0a5}
04-26 04:43:47.795 I/Gecko   (   83): 1398512627810	Marionette	INFO	sendToClient: {"from":"0","value":{"frame":{"ELEMENT":"{2d557d0c-3d33-43fa-ab43-bb38c7419e78}"},"src":"app://homescreen.gaiamobile.org/index.html#rootSat%20Apr%2026%202014%2004:43:47%20GMT-0700%20(UTC)","name":"Homescreen","origin":"app://homescreen.gaiamobile.org"}}, {1ea5b073-4a74-4430-a717-af2dda25a0a5}, {1ea5b073-4a74-4430-a717-af2dda25a0a5}
04-26 04:43:47.805 E/GeckoConsole(   83): Content JS LOG at dummy file:392 in GaiaApps.displayedApp: app with origin 'app://homescreen.gaiamobile.org' is displayed
04-26 04:43:47.815 I/Gecko   (   83): 1398512627830	Marionette	DEBUG	Got request: switchToFrame, data: {"to":"0","sessionId":"3-b2g","name":"switchToFrame","parameters":{"focus":true,"element":"{2d557d0c-3d33-43fa-ab43-bb38c7419e78}"}}, id: {d081a98a-1728-4e03-a5e3-6c9d08563aa8}
04-26 04:43:47.825 I/Gecko   (   83): 1398512627840	Marionette	INFO	Switched to frame: {"frameValue":"{2d557d0c-3d33-43fa-ab43-bb38c7419e78}"}
04-26 04:43:47.835 I/Gecko   (   83): 1398512627845	Marionette	INFO	trying remote frame 0
04-26 04:43:47.835 I/Gecko   (   83): 1398512627852	Marionette	INFO	trying remote frame 1
04-26 04:43:47.835 I/Gecko   (   83): 1398512627853	Marionette	INFO	deleting frame
04-26 04:43:47.845 I/Gecko   (   83): 1398512627858	Marionette	INFO	frame-manager load script: [object ChromeMessageSender]
04-26 04:43:48.455 V/AudioPolicyManagerBase(   88): startOutput() output 1, stream 1, session 3
04-26 04:43:48.455 V/AudioPolicyManagerBase(   88): changeRefCount() stream 1, count 1
04-26 04:43:48.455 V/AudioPolicyManagerBase(   88): getDeviceForStrategy() from cache strategy 0, device 2
04-26 04:43:48.455 V/AudioPolicyManagerBase(   88): getNewDevice() selected device 2
04-26 04:43:48.455 D/AudioPolicyManagerBase(   88): setOutputDevice() output 1 device 2 delayMs 0
04-26 04:43:48.455 V/AudioPolicyManagerBase(   88): setOutputDevice() setting same device 2 or null device for output 1
04-26 04:43:48.465 E/AudioPolicyManagerBase(   88): checkAndSetVolume stream=1, index=15, output=1, device=2
04-26 04:43:48.465 E/AudioPolicyManagerBase(   88): computeVolume, streamDesc=0x130ebb0
04-26 04:43:48.465 V/AudioPolicyManagerBase(   88): VOLUME vol index=[60 100 100], dB=[-11.0 0.0 0.0] ampl=1.00000
04-26 04:43:48.505 W/AudioFlinger(   88): Thread AudioOut_1 cannot connect to the power manager service
04-26 04:43:48.505 V/AudioPolicyManagerBase(   88): stopOutput() output 1, stream 1, session 3
04-26 04:43:48.505 V/AudioPolicyManagerBase(   88): changeRefCount() stream 1, count 0
04-26 04:43:48.505 V/AudioPolicyManagerBase(   88): getNewDevice() selected device 0
04-26 04:43:48.505 D/AudioPolicyManagerBase(   88): setOutputDevice() output 1 device 0 delayMs 290
04-26 04:43:48.505 V/AudioPolicyManagerBase(   88): setOutputDevice() setting same device 0 or null device for output 1
04-26 04:43:48.515 V/AudioPolicyManagerBase(   88): releaseOutput() 1
04-26 04:43:49.095 I/Gecko   (   83): 1398512629106	Marionette	INFO	sendToClient: {"from":"0","ok":true}, {d081a98a-1728-4e03-a5e3-6c9d08563aa8}, {d081a98a-1728-4e03-a5e3-6c9d08563aa8}
04-26 04:43:49.105 I/Gecko   (   83): 1398512629117	Marionette	DEBUG	Got request: execute, data: {"to":"0","sessionId":"3-b2g","name":"executeScript","parameters":{"specialPowers":false,"scriptTimeout":null,"newSandbox":true,"args":[],"filename":"gaia_test.py","script":"return window.wrappedJSObject.GridManager.pageHelper.getCurrentPageNumber();","line":784}}, id: {224cb00f-6734-4582-b09e-53b801b059cd}
04-26 04:43:49.185 E/GeckoConsole(  757): Content JS WARN at app://homescreen.gaiamobile.org/gaia_build_defer_index.js:184 in isHiddenApp: Unexpected role when checking hidden app: undefined
04-26 04:43:49.185 E/GeckoConsole(  757): Content JS WARN at app://homescreen.gaiamobile.org/gaia_build_defer_index.js:184 in isHiddenApp: Unexpected role when checking hidden app: undefined
04-26 04:43:49.185 E/GeckoConsole(  757): Content JS WARN at app://homescreen.gaiamobile.org/gaia_build_defer_index.js:184 in isHiddenApp: Unexpected role when checking hidden app: undefined
04-26 04:43:49.195 E/GeckoConsole(  757): Content JS WARN at app://homescreen.gaiamobile.org/gaia_build_defer_index.js:184 in isHiddenApp: Unexpected role when checking hidden app: undefined
04-26 04:43:49.195 E/GeckoConsole(  757): Content JS WARN at app://homescreen.gaiamobile.org/gaia_build_defer_index.js:184 in isHiddenApp: Unexpected role when checking hidden app: undefined
04-26 04:43:49.195 E/GeckoConsole(  757): Content JS WARN at app://homescreen.gaiamobile.org/gaia_build_defer_index.js:184 in isHiddenApp: Unexpected role when checking hidden app: undefined
04-26 04:43:49.195 E/GeckoConsole(  757): Content JS WARN at app://homescreen.gaiamobile.org/gaia_build_defer_index.js:184 in isHiddenApp: Unexpected role when checking hidden app: undefined
04-26 04:43:49.195 E/GeckoConsole(  757): Content JS WARN at app://homescreen.gaiamobile.org/gaia_build_defer_index.js:184 in isHiddenApp: Unexpected role when checking hidden app: undefined
04-26 04:43:49.195 E/GeckoConsole(  757): Content JS WARN at app://homescreen.gaiamobile.org/gaia_build_defer_index.js:184 in isHiddenApp: Unexpected role when checking hidden app: undefined
04-26 04:43:49.195 E/GeckoConsole(  757): Content JS WARN at app://homescreen.gaiamobile.org/gaia_build_defer_index.js:184 in isHiddenApp: Unexpected role when checking hidden app: undefined
04-26 04:43:49.195 E/GeckoConsole(  757): Content JS WARN at app://homescreen.gaiamobile.org/gaia_build_defer_index.js:184 in isHiddenApp: Unexpected role when checking hidden app: undefined
04-26 04:43:49.195 E/GeckoConsole(  757): Content JS WARN at app://homescreen.gaiamobile.org/gaia_build_defer_index.js:184 in isHiddenApp: Unexpected role when checking hidden app: undefined
04-26 04:43:49.195 E/GeckoConsole(  757): Content JS WARN at app://homescreen.gaiamobile.org/gaia_build_defer_index.js:184 in isHiddenApp: Unexpected role when checking hidden app: undefined
04-26 04:43:49.195 E/GeckoConsole(  757): Content JS WARN at app://homescreen.gaiamobile.org/gaia_build_defer_index.js:184 in isHiddenApp: Unexpected role when checking hidden app: undefined
04-26 04:43:49.195 E/GeckoConsole(  757): Content JS WARN at app://homescreen.gaiamobile.org/gaia_build_defer_index.js:184 in isHiddenApp: Unexpected role when checking hidden app: undefined
04-26 04:43:49.195 E/GeckoConsole(  757): Content JS WARN at app://homescreen.gaiamobile.org/gaia_build_defer_index.js:184 in isHiddenApp: Unexpected role when checking hidden app: undefined
04-26 04:43:49.205 E/GeckoConsole(  757): Content JS WARN at app://homescreen.gaiamobile.org/gaia_build_defer_index.js:184 in isHiddenApp: Unexpected role when checking hidden app: undefined
04-26 04:43:49.205 E/GeckoConsole(  757): Content JS WARN at app://homescreen.gaiamobile.org/gaia_build_defer_index.js:184 in isHiddenApp: Unexpected role when checking hidden app: undefined
04-26 04:43:49.205 E/GeckoConsole(  757): Content JS WARN at app://homescreen.gaiamobile.org/gaia_build_defer_index.js:184 in isHiddenApp: Unexpected role when checking hidden app: undefined
04-26 04:43:49.205 E/GeckoConsole(  757): Content JS WARN at app://homescreen.gaiamobile.org/gaia_build_defer_index.js:184 in isHiddenApp: Unexpected role when checking hidden app: undefined
04-26 04:43:49.205 E/GeckoConsole(  757): Content JS WARN at app://homescreen.gaiamobile.org/gaia_build_defer_index.js:184 in isHiddenApp: Unexpected role when checking hidden app: undefined
04-26 04:43:49.385 I/Gecko   (   83): 1398512629403	Marionette	INFO	sendToClient: {"from":"0","value":0}, {224cb00f-6734-4582-b09e-53b801b059cd}, {224cb00f-6734-4582-b09e-53b801b059cd}
04-26 04:43:49.755 I/Gecko   (   83): 1398512629763	Marionette	INFO	sendToClient: {"from":"0","value":["{22e056ec-2874-4459-a73b-7e9242d3feef}","{5aa0d590-0849-4792-a627-9a1eee8747bc}","{9b87a5c1-0d22-4895-a529-90a849596646}","{ba8fbc4b-c42a-4ef6-bce4-ffe0f623a108}","{4a768791-80bb-4246-8815-4f7cbcef82d4}","{4e7323ef-8435-4868-9aca-ae9891bf98c5}","{774b1bb4-eced-4e9f-bf3d-dd1243adad31}","{5be26aab-a419-429a-aea6-e2e69c578470}","{30a60a69-2776-4cd4-8d37-5afcd8be285f}","{767d6ff5-3840-405c-ac5f-aec21a657394}","{dc3f87b5-183b-4455-8fbb-d8a10e1c825b}","{79a6a175-3115-4471-98e8-41a046696b63}","{39799240-4adc-4241-b90b-2c020ce27e3b}","{5fe82f5c-78e8-4b81-b66f-b86c3f930224}","{18ad59dc-abb2-4044-bd8c-e3890b6308a3}","{c745a7c4-4188-4831-9092-183415ea048f}","{f60ae1ff-e27b-4016-8098-2e6a1d3ca3f8}","{04cb82be-1959-4452-b331-9584d88e6764}","{ee931b0b-a27a-4221-974f-90e3fda935cb}","{33e50924-ea66-4ed9-bec4-a2ccec7c6119}","{22067c62-bfac-4f4c-a5c2-24e9ae864870}","{c8e1cdca-a1b6-4110-8863-fa7e6d096780}","{38404391-8fff-4848-ac44-cb3fad5eed39}","{121b0195-f590
04-26 04:43:49.835 I/Gecko   (   83): 1398512629849	Marionette	INFO	sendToClient: {"from":"0","value":"app://homescreen.gaiamobile.org/index.html#rootSat%20Apr%2026%202014%2004:43:47%20GMT-0700%20(UTC)"}, {1afa6a11-29d0-496c-a126-c5f18e27f591}, {1afa6a11-29d0-496c-a126-c5f18e27f591}
04-26 04:43:49.845 I/Gecko   (   83): 1398512629862	Marionette	DEBUG	Got request: switchToFrame, data: {"to":"0","sessionId":"3-b2g","name":"switchToFrame","parameters":{"id":null,"focus":true}}, id: {a290ecdd-097c-4c73-9cbc-d610455ca4d1}
04-26 04:43:49.875 I/Gecko   (   83): 1398512629885	Marionette	INFO	Switched to frame: {"frameValue":null}
04-26 04:43:49.985 I/Gecko   (   83): 1398512629996	Marionette	INFO	sendToClient: {"from":"0","ok":true}, {a290ecdd-097c-4c73-9cbc-d610455ca4d1}, {a290ecdd-097c-4c73-9cbc-d610455ca4d1}
04-26 04:43:49.985 I/Gecko   (   83): 1398512630002	Marionette	DEBUG	Got request: switchToFrame, data: {"to":"0","sessionId":"3-b2g","name":"switchToFrame","parameters":{"id":null,"focus":true}}, id: {3f7d2c87-d084-45d4-b532-db8d9e8879b1}
04-26 04:43:49.995 I/Gecko   (   83): 1398512630009	Marionette	INFO	Switched to frame: {"frameValue":null}
04-26 04:43:50.095 I/Gecko   (   83): 1398512630113	Marionette	INFO	sendToClient: {"from":"0","ok":true}, {3f7d2c87-d084-45d4-b532-db8d9e8879b1}, {3f7d2c87-d084-45d4-b532-db8d9e8879b1}
04-26 04:43:50.105 I/Gecko   (   83): 1398512630120	Marionette	DEBUG	Got request: executeWithCallback, data: {"to":"0","sessionId":"3-b2g","name":"executeAsyncScript","parameters":{"specialPowers":false,"scriptTimeout":30000,"newSandbox":true,"args":[],"filename":"app_checker.py","script":"GaiaApps.launchWithManifestURL('https://marketplace.firefox.com/app/e7b522af-756d-4f51-a041-e90a505d29c6/manifest.webapp')","line":106}}, id: {baef8e75-82d4-48e4-ad57-6fd6462a7b15}
04-26 04:43:50.185 I/Gonk    (   83): Setting nice for pid 780 to 18
04-26 04:43:50.185 I/Gonk    (   83): Changed nice for pid 780 from 18 to 18.
04-26 04:43:50.195 I/Gecko   (   83): [Parent 83] WARNING: waitpid failed pid:780 errno:10: file ../../../gecko/ipc/chromium/src/base/process_util_posix.cc, line 254
04-26 04:43:50.195 I/Gonk    (   83): Setting nice for pid 780 to 1
04-26 04:43:50.195 I/Gonk    (   83): Changed nice for pid 780 from 18 to 1.
04-26 04:43:50.455 I/InputReader(   83): Reconfiguring input devices.  changes=0x00000004
04-26 04:43:50.455 I/InputReader(   83): Device reconfigured: id=6, name='ms-msg21xx', size 320x480, orientation 1, mode 1, display id 0
04-26 04:43:50.465 E/GeckoConsole(   83): Content JS LOG at dummy file:334 in GaiaApps.launch: launching app with name 'Touch 12i'
04-26 04:43:50.535 W/WifiHW  (   83): wifi_command: SIGNAL_POLL
04-26 04:43:50.895 I/Gonk    (   83): Setting nice for pid 757 to 18
04-26 04:43:50.895 I/Gonk    (   83): Changed nice for pid 757 from 1 to 18.
04-26 04:43:51.455 I/Gonk    (   83): Setting nice for pid 818 to 18
04-26 04:43:51.455 I/Gonk    (   83): Changed nice for pid 818 from 0 to 18.
04-26 04:43:52.165 I/Gecko   (  780): ###################################### forms.js loaded
04-26 04:43:52.185 I/Gecko   (  780): ############################### browserElementPanning.js loaded
04-26 04:43:52.225 I/Gecko   (  780): ######################## BrowserElementChildPreload.js loaded
04-26 04:43:55.555 W/WifiHW  (   83): wifi_command: SIGNAL_POLL
04-26 04:43:56.115 E/GeckoConsole(  780): Content JS LOG at app://{dde02373-dda0-4ae5-8a6e-62b62be47a51}/patch.js:79 in pre_init: Waiting for receipt confirm
04-26 04:43:56.125 E/GeckoConsole(  780): Content JS INFO at app://{dde02373-dda0-4ae5-8a6e-62b62be47a51}/receiptverifier.js:642 in Verifier.consoleLogger: Got application: https://marketplace.firefox.com/app/e7b522af-756d-4f51-a041-e90a505d29c6/manifest.webapp
04-26 04:43:56.365 E/GeckoConsole(   83): Content JS LOG at dummy file:326 in GaiaApps.launch/appOpen/<: app with origin 'app://{dde02373-dda0-4ae5-8a6e-62b62be47a51}' has launched
04-26 04:43:56.375 I/Gecko   (   83): 1398512636385	Marionette	INFO	sendToClient: {"from":"0","value":{"frame":{"ELEMENT":"{45a1b138-6b5e-42d1-b807-6df406f4e9d5}"},"src":"app://{dde02373-dda0-4ae5-8a6e-62b62be47a51}/index.html","name":"Touch 12i","origin":"app://{dde02373-dda0-4ae5-8a6e-62b62be47a51}"}}, {baef8e75-82d4-48e4-ad57-6fd6462a7b15}, {baef8e75-82d4-48e4-ad57-6fd6462a7b15}
04-26 04:43:56.445 I/Gecko   (   83): 1398512636457	Marionette	DEBUG	Got request: switchToFrame, data: {"to":"0","sessionId":"3-b2g","name":"switchToFrame","parameters":{"focus":true,"element":"{45a1b138-6b5e-42d1-b807-6df406f4e9d5}"}}, id: {77759c6f-21bb-41d4-8834-0d4a77c7c0e4}
04-26 04:43:56.465 I/Gecko   (   83): 1398512636482	Marionette	INFO	Switched to frame: {"frameValue":"{45a1b138-6b5e-42d1-b807-6df406f4e9d5}"}
04-26 04:43:56.495 I/Gecko   (   83): 1398512636506	Marionette	INFO	trying remote frame 0
04-26 04:43:56.515 I/Gecko   (   83): 1398512636532	Marionette	INFO	trying remote frame 1
04-26 04:43:56.525 I/Gecko   (   83): 1398512636534	Marionette	INFO	trying remote frame 2
04-26 04:43:56.565 I/Gecko   (   83): 1398512636578	Marionette	INFO	frame-manager load script: [object ChromeMessageSender]
04-26 04:43:57.255 I/log     (  838): <4>0[ 191.166261] lowmem_shrink select 757 (Homescreen), adj 8, size 7315, to kill 
04-26 04:43:57.385 I/Gecko   (   83): 1398512637396	Marionette	INFO	sendToClient: {"from":"0","ok":true}, {77759c6f-21bb-41d4-8834-0d4a77c7c0e4}, {77759c6f-21bb-41d4-8834-0d4a77c7c0e4}
04-26 04:43:57.405 I/Gecko   (   83): 1398512637420	Marionette	INFO	sendToClient: {"from":"0","value":"app://{dde02373-dda0-4ae5-8a6e-62b62be47a51}/index.html"}, {12457f0c-27c7-45d2-943b-a93ef1c25887}, {12457f0c-27c7-45d2-943b-a93ef1c25887}
04-26 04:43:57.415 I/Gecko   (   83): 1398512637427	Marionette	DEBUG	Got request: execute, data: {"to":"0","sessionId":"3-b2g","name":"executeScript","parameters":{"specialPowers":false,"scriptTimeout":null,"newSandbox":true,"args":[],"filename":"app_checker.py","script":"return window.document.readyState;","line":191}}, id: {2b8a4c0b-b419-4579-a1ab-91b25b6fe370}
04-26 04:43:57.465 I/Gecko   (   83): 
04-26 04:43:57.465 I/Gecko   (   83): ###!!! [Parent][MessageChannel] Error: Channel error: cannot send/recv
04-26 04:43:57.465 I/Gecko   (   83): 
04-26 04:43:57.505 I/Gecko   (   83): [Parent 83] WARNING: waitpid failed pid:757 errno:10: file ../../../gecko/ipc/chromium/src/base/process_util_posix.cc, line 254
04-26 04:43:57.515 I/Gecko   (   83): 1398512637527	Marionette	INFO	sendToClient: {"from":"0","value":"complete"}, {2b8a4c0b-b419-4579-a1ab-91b25b6fe370}, {2b8a4c0b-b419-4579-a1ab-91b25b6fe370}
04-26 04:43:57.895 I/Gecko   (   83): 1398512637912	Marionette	INFO	sendToClient: {"from":"0","value":"app://{dde02373-dda0-4ae5-8a6e-62b62be47a51}/index.html"}, {937aded6-68ec-4da6-abe1-e43e8d11e31e}, {937aded6-68ec-4da6-abe1-e43e8d11e31e}
04-26 04:43:57.985 I/Gecko   (  780): Attempting load of libEGL.so
04-26 04:43:57.995 D/libEGL  (  780): loaded /system/lib/egl/libEGL_mali.so
04-26 04:43:58.005 D/libEGL  (  780): loaded /system/lib/egl/libGLESv1_CM_mali.so
04-26 04:43:58.015 D/libEGL  (  780): loaded /system/lib/egl/libGLESv2_mali.so
04-26 04:43:58.035 I/Gecko   (  780): SharedSurface_Gralloc::Create -------
04-26 04:43:58.045 I/Gecko   (  780): SharedSurface_Gralloc::Create: success -- surface 0x44250e40, GraphicBuffer 0x44262600.
04-26 04:43:58.815 I/Gecko   (   83): 1398512638826	Marionette	INFO	sendToClient: {"from":"0","value":"iVBORw0KGgoAAAANSUhEUgAAAeAAAAFACAYAAABkyK97AAAgAElEQVR4nOydd3hTVR/H0wmljDJlyyiU2faUdLesztwkbdJ0rySEIZS9oeylMmQoGxSVIUvc+rpwK+IeCM5XBVFQ9hAofN8/TnKTNElJ2uTewHt4ns9D7jr3d+4593zuOXdUcuTD/WAwGAwGgyEsErEDYDAYDAbj/xEmYAaDwWAwROCuFPAnB5/EuvlleGR2MYPBYLiNdXNLcfjg46K3cYy7g7tOwF+8vwePzC7G5kU67H/I4DJ7lhuwm8Fg/F+wZ7nrbcS6uSX4+r09ord1jDufu07Az22bj00LtS6fVE8tH4IpE8pQMaaYwWD8HzFhfCl2LB3iUnuxcaFO9LaOcedz1wl4+6oJ2LXM9V6v2I0Ag8EQF1fajadXDRe9rWPc+dx9Al45Dntd7P0+vEgv+snPYDDEZflc50fOmIAZ7uCuFLCrw8+TJpTyJ+GkqUMwc94oVC6oYDAYdznTZo/A2PH01tOE8aVMwAxBYQJ+yDz8PHGKXvQGgcFgCMvMeaMwdiyVMBMwQ0iYgC0EXDlf/MaAwWAIz+TpBiZghuAwARsFPGZcqeiNAIPBEIm5FUzADMFhAmYCZjAYTMAMEWACZgJmMBhMwAwRYAL2EgFPqRyOglIFghs2QIPgoNvSJyIMk6YPFTxNT6bLYIgGEzBDBJiAvUTAmYoByJD3R3ZuGiQ+Ekh8JPDx8bHCND8uiaBUr0JYzy6Cp+nJdBkM0WACZogAE7CXCDh5UDQkEgk0hTIo1IPh4+sD/wB/K3x8fJCVkwpVbhp8fH3Qq283wdP0ZLoMhmgwATNEgAnYSwQc2a8X32ssN+Rg5vxRdhkwOJZfLzYhUvA0PZkugyEaTMAMEWAC9hIBh3a/l5dVTcO1EgldRyKRIDUzUfA0PZkugyEaTMAMEWAC9hIBd+
04-26 04:43:59.005 I/Gecko   (   83): 1398512639017	Marionette	INFO	sendToClient: {"from":"0","ok":true}, {e97ccc99-00a2-4344-82e6-8642624d5702}, {e97ccc99-00a2-4344-82e6-8642624d5702}
04-26 04:43:59.015 I/Gecko   (   83): 1398512639025	Marionette	DEBUG	Got request: switchToFrame, data: {"to":"0","sessionId":"3-b2g","name":"switchToFrame","parameters":{"id":null,"focus":true}}, id: {ee4d12d7-a0f5-4490-bf4c-7d4cbd6f0351}
04-26 04:43:59.035 I/Gecko   (   83): 1398512639047	Marionette	INFO	Switched to frame: {"frameValue":null}
04-26 04:43:59.135 I/Gecko   (   83): 1398512639149	Marionette	INFO	sendToClient: {"from":"0","ok":true}, {ee4d12d7-a0f5-4490-bf4c-7d4cbd6f0351}, {ee4d12d7-a0f5-4490-bf4c-7d4cbd6f0351}
04-26 04:43:59.145 I/Gecko   (   83): 1398512639157	Marionette	DEBUG	Got request: executeWithCallback, data: {"to":"0","sessionId":"3-b2g","name":"executeAsyncScript","parameters":{"specialPowers":false,"scriptTimeout":null,"newSandbox":true,"args":[],"filename":"gaia_test.py","script":"return GaiaApps.displayedApp();","line":66}}, id: {d327a5d5-5396-4979-b80a-7bb37bd73de5}
04-26 04:43:59.225 I/Gecko   (   83): 1398512639242	Marionette	INFO	sendToClient: {"from":"0","value":{"frame":{"ELEMENT":"{45a1b138-6b5e-42d1-b807-6df406f4e9d5}"},"src":"app://{dde02373-dda0-4ae5-8a6e-62b62be47a51}/index.html","name":"Touch 12i","origin":"app://{dde02373-dda0-4ae5-8a6e-62b62be47a51}"}}, {d327a5d5-5396-4979-b80a-7bb37bd73de5}, {d327a5d5-5396-4979-b80a-7bb37bd73de5}
04-26 04:43:59.235 E/GeckoConsole(   83): Content JS LOG at dummy file:392 in GaiaApps.displayedApp: app with origin 'app://{dde02373-dda0-4ae5-8a6e-62b62be47a51}' is displayed
04-26 04:43:59.235 I/Gecko   (   83): 1398512639251	Marionette	DEBUG	Got request: switchToFrame, data: {"to":"0","sessionId":"3-b2g","name":"switchToFrame","parameters":{"id":null,"focus":true}}, id: {c4501389-c87c-4b71-9910-ff8b7c21bb4a}
04-26 04:43:59.245 I/Gecko   (   83): 1398512639253	Marionette	INFO	Switched to frame: {"frameValue":null}
04-26 04:43:59.345 I/Gecko   (   83): 1398512639357	Marionette	INFO	sendToClient: {"from":"0","ok":true}, {c4501389-c87c-4b71-9910-ff8b7c21bb4a}, {c4501389-c87c-4b71-9910-ff8b7c21bb4a}
04-26 04:43:59.355 I/Gecko   (   83): 1398512639371	Marionette	DEBUG	Got request: execute, data: {"to":"0","sessionId":"3-b2g","name":"executeScript","parameters":{"specialPowers":false,"scriptTimeout":null,"newSandbox":true,"args":[],"filename":"gaia_test.py","script":"window.wrappedJSObject.dispatchEvent(new Event('home'));","line":788}}, id: {1bed0f8b-232f-46d8-a16b-6df537fcab04}
04-26 04:43:59.445 I/Gonk    (   83): Setting nice for pid 818 to 18
04-26 04:43:59.445 I/Gonk    (   83): Changed nice for pid 818 from 18 to 18.
04-26 04:43:59.445 I/Gecko   (   83): [Parent 83] WARNING: waitpid failed pid:818 errno:10: file ../../../gecko/ipc/chromium/src/base/process_util_posix.cc, line 254
04-26 04:43:59.445 I/Gonk    (   83): Setting nice for pid 818 to 1
04-26 04:43:59.445 I/Gonk    (   83): Changed nice for pid 818 from 18 to 1.
04-26 04:43:59.525 I/Gecko   (   83): [Parent 83] WARNING: waitpid failed pid:757 errno:10: file ../../../gecko/ipc/chromium/src/base/process_util_posix.cc, line 254
04-26 04:43:59.525 I/Gecko   (   83): [Parent 83] WARNING: Failed to deliver SIGKILL to 757!(3).: file ../../../gecko/ipc/chromium/src/chrome/common/process_watcher_posix_sigchld.cc, line 118
04-26 04:43:59.805 I/InputReader(   83): Reconfiguring input devices.  changes=0x00000004
04-26 04:43:59.805 I/InputReader(   83): Device reconfigured: id=6, name='ms-msg21xx', size 320x480, orientation 0, mode 1, display id 0
04-26 04:43:59.965 I/Gecko   (   83): 1398512639979	Marionette	INFO	sendToClient: {"from":"0","value":null}, {1bed0f8b-232f-46d8-a16b-6df537fcab04}, {1bed0f8b-232f-46d8-a16b-6df537fcab04}
04-26 04:44:00.015 I/Gecko   (   83): 1398512640032	Marionette	DEBUG	Got request: switchToFrame, data: {"to":"0","sessionId":"3-b2g","name":"switchToFrame","parameters":{"id":null,"focus":true}}, id: {2208a378-177a-4b1b-ab6e-b7fda1561b84}
04-26 04:44:00.035 I/Gecko   (   83): 1398512640048	Marionette	INFO	Switched to frame: {"frameValue":null}
04-26 04:44:00.155 I/Gecko   (   83): 1398512640164	Marionette	INFO	sendToClient: {"from":"0","ok":true}, {2208a378-177a-4b1b-ab6e-b7fda1561b84}, {2208a378-177a-4b1b-ab6e-b7fda1561b84}
04-26 04:44:00.175 I/Gecko   (   83): 1398512640191	Marionette	DEBUG	Got request: executeWithCallback, data: {"to":"0","sessionId":"3-b2g","name":"executeAsyncScript","parameters":{"specialPowers":false,"scriptTimeout":null,"newSandbox":true,"args":[],"filename":"gaia_test.py","script":"return GaiaApps.displayedApp();","line":66}}, id: {b8a5ebe2-f823-43f7-90f0-115d45d73ceb}
04-26 04:44:00.265 I/Gecko   (   83): 1398512640282	Marionette	INFO	sendToClient: {"from":"0","value":{"frame":{"ELEMENT":"{24525912-f21a-4de7-abae-678953560778}"},"src":"app://homescreen.gaiamobile.org/index.html#root","name":"Homescreen","origin":"app://homescreen.gaiamobile.org"}}, {b8a5ebe2-f823-43f7-90f0-115d45d73ceb}, {b8a5ebe2-f823-43f7-90f0-115d45d73ceb}
04-26 04:44:00.275 E/GeckoConsole(   83): Content JS LOG at dummy file:392 in GaiaApps.displayedApp: app with origin 'app://homescreen.gaiamobile.org' is displayed
04-26 04:44:00.285 I/Gecko   (   83): 1398512640299	Marionette	DEBUG	Got request: switchToFrame, data: {"to":"0","sessionId":"3-b2g","name":"switchToFrame","parameters":{"id":null,"focus":true}}, id: {37ece68a-d81a-45c0-bec7-f5a8addc0c2f}
04-26 04:44:00.295 I/Gecko   (   83): 1398512640306	Marionette	INFO	Switched to frame: {"frameValue":null}
04-26 04:44:00.405 I/Gecko   (   83): 1398512640422	Marionette	INFO	sendToClient: {"from":"0","ok":true}, {37ece68a-d81a-45c0-bec7-f5a8addc0c2f}, {37ece68a-d81a-45c0-bec7-f5a8addc0c2f}
04-26 04:44:00.415 I/Gecko   (   83): 1398512640429	Marionette	DEBUG	Got request: switchToFrame, data: {"to":"0","sessionId":"3-b2g","name":"switchToFrame","parameters":{"id":null,"focus":true}}, id: {accfa841-48d4-4317-bd02-4d276bb3b416}
04-26 04:44:00.425 I/Gecko   (   83): 1398512640431	Marionette	INFO	Switched to frame: {"frameValue":null}
04-26 04:44:00.525 I/Gecko   (   83): 1398512640537	Marionette	INFO	sendToClient: {"from":"0","ok":true}, {accfa841-48d4-4317-bd02-4d276bb3b416}, {accfa841-48d4-4317-bd02-4d276bb3b416}
04-26 04:44:00.545 I/Gecko   (   83): 1398512640554	Marionette	DEBUG	Got request: executeWithCallback, data: {"to":"0","sessionId":"3-b2g","name":"executeAsyncScript","parameters":{"specialPowers":false,"scriptTimeout":null,"newSandbox":true,"args":[],"filename":"gaia_test.py","script":"return GaiaApps.displayedApp();","line":66}}, id: {1f1064ee-18f0-42b2-bdcc-035af8cc130b}
04-26 04:44:00.605 W/WifiHW  (   83): wifi_command: SIGNAL_POLL
04-26 04:44:00.625 I/Gecko   (   83): 1398512640638	Marionette	INFO	sendToClient: {"from":"0","value":{"frame":{"ELEMENT":"{24525912-f21a-4de7-abae-678953560778}"},"src":"app://homescreen.gaiamobile.org/index.html#root","name":"Homescreen","origin":"app://homescreen.gaiamobile.org"}}, {1f1064ee-18f0-42b2-bdcc-035af8cc130b}, {1f1064ee-18f0-42b2-bdcc-035af8cc130b}
04-26 04:44:00.645 E/GeckoConsole(   83): Content JS LOG at dummy file:392 in GaiaApps.displayedApp: app with origin 'app://homescreen.gaiamobile.org' is displayed
04-26 04:44:00.685 I/Gecko   (   83): 1398512640701	Marionette	DEBUG	Got request: switchToFrame, data: {"to":"0","sessionId":"3-b2g","name":"switchToFrame","parameters":{"focus":true,"element":"{24525912-f21a-4de7-abae-678953560778}"}}, id: {c62b2ddf-076d-444d-9808-ed2252816273}
04-26 04:44:00.715 I/Gecko   (   83): 1398512640725	Marionette	INFO	Switched to frame: {"frameValue":"{24525912-f21a-4de7-abae-678953560778}"}
04-26 04:44:00.735 I/Gecko   (   83): 1398512640749	Marionette	INFO	trying remote frame 0
04-26 04:44:00.735 I/Gecko   (   83): 1398512640750	Marionette	INFO	trying remote frame 1
04-26 04:44:00.735 I/Gecko   (   83): 1398512640751	Marionette	INFO	deleting frame
04-26 04:44:00.735 I/Gecko   (   83): 1398512640752	Marionette	INFO	trying remote frame 2
04-26 04:44:00.745 I/Gecko   (   83): 1398512640759	Marionette	INFO	frame-manager load script: [object ChromeMessageSender]
04-26 04:44:01.005 I/Gecko   (  818): ###################################### forms.js loaded
04-26 04:44:01.125 I/Gecko   (  818): ############################### browserElementPanning.js loaded
04-26 04:44:01.225 I/Gecko   (  818): ######################## BrowserElementChildPreload.js loaded
04-26 04:44:01.485 I/Gonk    (   83): Setting nice for pid 780 to 18
04-26 04:44:01.485 I/Gonk    (   83): Changed nice for pid 780 from 1 to 18.
04-26 04:44:02.575 I/Gecko   (   83): 1398512642588	Marionette	INFO	sendToClient: {"from":"0","ok":true}, {c62b2ddf-076d-444d-9808-ed2252816273}, {c62b2ddf-076d-444d-9808-ed2252816273}
04-26 04:44:02.675 I/Gonk    (   83): Setting nice for pid 850 to 18
04-26 04:44:02.675 I/Gonk    (   83): Changed nice for pid 850 from 0 to 18.
04-26 04:44:02.825 I/Gecko   (   83): [Parent 83] WARNING: pipe error (130): Connection reset by peer: file ../../../gecko/ipc/chromium/src/chrome/common/ipc_channel_posix.cc, line 446
04-26 04:44:02.835 I/Gecko   (   83): 
04-26 04:44:02.835 I/Gecko   (   83): ###!!! [Parent][MessageChannel] Error: Channel error: cannot send/recv
04-26 04:44:02.835 I/Gecko   (   83): 
04-26 04:44:02.915 I/Gecko   (   83): [Parent 83] WARNING: waitpid failed pid:780 errno:10: file ../../../gecko/ipc/chromium/src/base/process_util_posix.cc, line 254
04-26 04:44:03.045 I/Gecko   (   83): 1398512643059	Marionette	INFO	sendToClient: {"from":"0","value":"app://homescreen.gaiamobile.org/index.html#root"}, {27edfb2a-bc29-4c78-8614-28725c6a801c}, {27edfb2a-bc29-4c78-8614-28725c6a801c}
04-26 04:44:03.055 I/Gecko   (   83): 1398512643067	Marionette	DEBUG	Got request: switchToFrame, data: {"to":"0","sessionId":"3-b2g","name":"switchToFrame","parameters":{"id":null,"focus":true}}, id: {1efb3fac-908a-47aa-8902-a0f282aff745}
04-26 04:44:03.115 I/Gecko   (   83): 1398512643125	Marionette	INFO	Switched to frame: {"frameValue":null}
04-26 04:44:03.255 I/Gecko   (   83): 1398512643265	Marionette	INFO	sendToClient: {"from":"0","ok":true}, {1efb3fac-908a-47aa-8902-a0f282aff745}, {1efb3fac-908a-47aa-8902-a0f282aff745}
04-26 04:44:03.255 I/Gecko   (   83): 1398512643272	Marionette	DEBUG	Got request: switchToFrame, data: {"to":"0","sessionId":"3-b2g","name":"switchToFrame","parameters":{"id":null,"focus":true}}, id: {ea777188-7e7b-47d0-918f-28a7e61a0e32}
04-26 04:44:03.265 I/Gecko   (   83): 1398512643274	Marionette	INFO	Switched to frame: {"frameValue":null}
04-26 04:44:03.405 I/Gecko   (   83): 1398512643417	Marionette	INFO	sendToClient: {"from":"0","ok":true}, {ea777188-7e7b-47d0-918f-28a7e61a0e32}, {ea777188-7e7b-47d0-918f-28a7e61a0e32}
04-26 04:44:03.415 I/Gecko   (   83): 1398512643425	Marionette	DEBUG	Got request: executeWithCallback, data: {"to":"0","sessionId":"3-b2g","name":"executeAsyncScript","parameters":{"specialPowers":false,"scriptTimeout":null,"newSandbox":true,"args":[],"filename":"gaia_test.py","script":"GaiaApps.killAll()","line":91}}, id: {5b871986-acef-47f6-9688-99fe9e801426}
04-26 04:44:03.485 I/Gecko   (   83): 1398512643498	Marionette	INFO	sendToClient: {"from":"0","value":true}, {5b871986-acef-47f6-9688-99fe9e801426}, {5b871986-acef-47f6-9688-99fe9e801426}
04-26 04:44:03.495 I/Gecko   (   83): 1398512643507	Marionette	DEBUG	Got request: switchToFrame, data: {"to":"0","sessionId":"3-b2g","name":"switchToFrame","parameters":{"id":null,"focus":true}}, id: {46517d15-fdc8-4387-b5af-bd682e6ca217}
04-26 04:44:03.495 I/Gecko   (   83): 1398512643509	Marionette	INFO	Switched to frame: {"frameValue":null}
04-26 04:44:03.595 I/Gecko   (   83): 1398512643612	Marionette	INFO	sendToClient: {"from":"0","ok":true}, {46517d15-fdc8-4387-b5af-bd682e6ca217}, {46517d15-fdc8-4387-b5af-bd682e6ca217}
04-26 04:44:03.605 I/Gecko   (   83): 1398512643620	Marionette	DEBUG	Got request: executeWithCallback, data: {"to":"0","sessionId":"3-b2g","name":"executeAsyncScript","parameters":{"specialPowers":false,"scriptTimeout":60000,"newSandbox":true,"args":[],"filename":"app_checker.py","script":"\n        GaiaApps.locateWithManifestURL('https://marketplace.firefox.com/app/e7b522af-756d-4f51-a041-e90a505d29c6/manifest.webapp',\n                                       null,\n                                       function uninstall(app) {\n                                       navigator.mozApps.mgmt.uninstall(app);\n                                       marionetteScriptFinished(true);\n                                       });\n        ","line":129}}, id: {8a63788e-0ac4-45ed-99ef-489970642d90}
04-26 04:44:03.635 I/Gecko   (   83): -- webapps.js uninstall https://marketplace.firefox.com/app/e7b522af-756d-4f51-a041-e90a505d29c6/manifest.webapp
04-26 04:44:03.915 I/Gecko   (   83): 1398512643932	Marionette	INFO	sendToClient: {"from":"0","value":true}, {8a63788e-0ac4-45ed-99ef-489970642d90}, {8a63788e-0ac4-45ed-99ef-489970642d90}