--------- beginning of /dev/log/system
09-26 10:37:56.290 I/Vold    (   78): Vold 2.1 (the revenge) firing up
09-26 10:37:56.350 D/Vold    (   78): Volume sdcard state changing -1 (Initializing) -> 0 (No-Media)
09-26 10:38:01.690 D/VoldCmdListener(   78): volume list
--------- beginning of /dev/log/main
09-26 10:38:02.710 D/EventHub(   83): No input device configuration file found for device 'headset-keyboard'.
09-26 10:38:02.710 D/Sensors (   83): Lis3dhSensor: mEnabled = 0
09-26 10:38:02.710 D/Sensors (   83): activate handle=3; drv=1
09-26 10:38:02.720 D/Sensors (   83): SensorTMD2771::setEnable=0= en=0; newState=0; what=0; mEnabled=0
09-26 10:38:02.720 W/EventHub(   83): Unable to disable kernel key repeat for /dev/input/event4: Function not implemented
09-26 10:38:02.730 I/EventHub(   83): New device: id=2, fd=50, path='/dev/input/event4', name='headset-keyboard', classes=0x1, configuration='', keyLayout='/system/usr/keylayout/Generic.kl', keyCharacterMap='/system/usr/keychars/Generic.kcm', builtinKeyboard=false, usingSuspendBlockIoctl=false, usingClockIoctl=false
09-26 10:38:02.730 D/Sensors (   83): taos ---Light::TAOS_IOCTL_ALS_OFF=== err=0
09-26 10:38:02.730 D/Sensors (   83): SensorTMD2771::setEnable=1= en=0; newState=0; what=0; mEnabled=0
09-26 10:38:02.730 D/Sensors (   83): activate handle=4; drv=1
09-26 10:38:02.730 D/Sensors (   83): SensorTMD2771::setEnable=0= en=0; newState=0; what=1; mEnabled=0
09-26 10:38:02.730 D/Sensors (   83): taos ---Proximity::TAOS_IOCTL_PROX_OFF=== err=0
09-26 10:38:02.730 D/Sensors (   83): SensorTMD2771::setEnable=1= en=0; newState=0; what=1; mEnabled=0
09-26 10:38:02.730 D/EventHub(   83): No input device configuration file found for device 'accelerometer'.
09-26 10:38:02.730 D/Sensors (   83): activate handle=0; drv=0
09-26 10:38:02.730 D/Sensors (   83): Lis3dhSensor: Control set 1
09-26 10:38:02.730 D/Sensors (   83): Lis3dhSensor: mEnabled = 1
09-26 10:38:02.750 D/EventHub(   83): No input device configuration file found for device 'sprd-keypad'.
09-26 10:38:02.760 W/EventHub(   83): Unable to disable kernel key repeat for /dev/input/event0: Function not implemented
09-26 10:38:02.760 I/EventHub(   83): New device: id=4, fd=55, path='/dev/input/event0', name='sprd-keypad', classes=0x1, configuration='', keyLayout='/system/usr/keylayout/sprd-keypad.kl', keyCharacterMap='/system/usr/keychars/Generic.kcm', builtinKeyboard=true, usingSuspendBlockIoctl=false, usingClockIoctl=false
09-26 10:38:02.760 D/EventHub(   83): No input device configuration file found for device 'rohm_proximity'.
09-26 10:38:02.800 D/BTWIFIMAC(   93): read_btwifimac_from_modem
09-26 10:38:02.800 D/BTWIFIMAC(   93): read_btwifimac_from_modem modem_fd=7
09-26 10:38:02.800 D/BTWIFIMAC(   93): ===========BT MAC===========
09-26 10:38:02.800 D/BTWIFIMAC(   93): read_btwifimac_from_modem: send 39,1,AT+SNVM=0,401
09-26 10:38:02.800 D/BTWIFIMAC(   93): send_to_modem
09-26 10:38:02.800 D/BTWIFIMAC(   93): recv_from_modem: Waiting modem response ... fd=7
09-26 10:38:02.800 D/SPRDENG (  156): eng_servermodem_comm: use SIM1 /dev/CHNPTY13
09-26 10:38:02.800 D/SPRDENG (  156): AT > AT+SNVM=0,401
09-26 10:38:02.800 D/SPRDENG (  156): 41
09-26 10:38:02.800 D/SPRDENG (  156): 54
09-26 10:38:02.800 D/SPRDENG (  156): 2b
09-26 10:38:02.800 D/SPRDENG (  156): 53
09-26 10:38:02.800 D/SPRDENG (  156): 4e
09-26 10:38:02.800 D/SPRDENG (  156): 56
09-26 10:38:02.800 D/SPRDENG (  156): 4d
09-26 10:38:02.800 D/SPRDENG (  156): 3d
09-26 10:38:02.800 D/SPRDENG (  156): 30
09-26 10:38:02.800 D/SPRDENG (  156): 2c
09-26 10:38:02.800 D/SPRDENG (  156): 34
09-26 10:38:02.800 D/SPRDENG (  156): 30
09-26 10:38:02.800 D/SPRDENG (  156): 31
09-26 10:38:02.800 D/SPRDENG (  156): eng_modem2server: use SIM1 /dev/CHNPTY13
09-26 10:38:02.800 D/SPRDENG (  156): AT < 
09-26 10:38:02.800 D/SPRDENG (  156): +SNVM: 8,FFFFFFFFFFFF2500
09-26 10:38:02.800 D/SPRDENG (  156): 
09-26 10:38:02.800 D/SPRDENG (  156): OK
09-26 10:38:02.800 D/SPRDENG (  156): 
09-26 10:38:02.800 D/BTWIFIMAC(   93): recv_from_modem: Receive 1 Modem Response
09-26 10:38:02.800 D/BTWIFIMAC(   93): read_btwifimac_from_modem: BT timeout=35, response=
09-26 10:38:02.800 D/BTWIFIMAC(   93): +SNVM: 8,FFFFFFFFFFFF2500
09-26 10:38:02.800 D/BTWIFIMAC(   93): 
09-26 10:38:02.800 D/BTWIFIMAC(   93): OK
09-26 10:38:02.800 D/BTWIFIMAC(   93): 
09-26 10:38:02.810 E/filemap (   83): mmap(0,4096) failed: No such device
09-26 10:38:02.820 W/EventHub(   83): Unable to disable kernel key repeat for /dev/input/event1: Function not implemented
09-26 10:38:02.820 I/EventHub(   83): New device: id=6, fd=56, path='/dev/input/event1', name='ms-msg21xx', classes=0x15, configuration='/system/usr/idc/ms-msg21xx.idc', keyLayout='/system/usr/keylayout/Generic.kl', keyCharacterMap='/system/usr/keychars/Generic.kcm', builtinKeyboard=false, usingSuspendBlockIoctl=false, usingClockIoctl=false
09-26 10:38:02.840 I/InputReader(   83): Device added: id=-1, name='Virtual', sources=0x00000301
09-26 10:38:02.840 I/InputReader(   83): Device reconfigured: id=6, name='ms-msg21xx', size 320x480, orientation 0, mode 1, display id 0
09-26 10:38:02.840 I/InputReader(   83): Device added: id=6, name='ms-msg21xx', sources=0x00001103
09-26 10:38:02.840 I/InputReader(   83): Device added: id=0, name='sprd-keypad', sources=0x00000101
09-26 10:38:02.840 I/InputReader(   83): Device added: id=2, name='headset-keyboard', sources=0x00000101
09-26 10:38:02.900 D/BTWIFIMAC(   93): get_macaddress: mac address is FF:FF:FF:FF:FF:FF
09-26 10:38:02.900 D/BTWIFIMAC(   93): ===========WIFI MAC===========
09-26 10:38:02.900 D/BTWIFIMAC(   93): read_btwifimac_from_modem: send 39,1,AT+SNVM=0,409
09-26 10:38:02.900 D/BTWIFIMAC(   93): send_to_modem
09-26 10:38:02.900 D/BTWIFIMAC(   93): recv_from_modem: Waiting modem response ... fd=7
09-26 10:38:02.900 D/SPRDENG (  156): eng_servermodem_comm: use SIM1 /dev/CHNPTY13
09-26 10:38:02.900 D/SPRDENG (  156): AT > AT+SNVM=0,409
09-26 10:38:02.900 D/SPRDENG (  156): 41
09-26 10:38:02.900 D/SPRDENG (  156): 54
09-26 10:38:02.900 D/SPRDENG (  156): 2b
09-26 10:38:02.900 D/SPRDENG (  156): 53
09-26 10:38:02.900 D/SPRDENG (  156): 4e
09-26 10:38:02.900 D/SPRDENG (  156): 56
09-26 10:38:02.900 D/SPRDENG (  156): 4d
09-26 10:38:02.900 D/SPRDENG (  156): 3d
09-26 10:38:02.900 D/SPRDENG (  156): 30
09-26 10:38:02.900 D/SPRDENG (  156): 2c
09-26 10:38:02.900 D/SPRDENG (  156): 34
09-26 10:38:02.900 D/SPRDENG (  156): 30
09-26 10:38:02.900 D/SPRDENG (  156): 39
09-26 10:38:02.900 D/SPRDENG (  156): eng_modem2server: use SIM1 /dev/CHNPTY13
09-26 10:38:02.900 D/SPRDENG (  156): AT < 
09-26 10:38:02.900 D/SPRDENG (  156): +SNVM: 20,FFFFFFFFFFFF0000000000000000000000000000
09-26 10:38:02.900 D/SPRDENG (  156): 
09-26 10:38:02.900 D/SPRDENG (  156): OK
09-26 10:38:02.900 D/SPRDENG (  156): 
09-26 10:38:02.900 D/BTWIFIMAC(   93): recv_from_modem: Receive 1 Modem Response
09-26 10:38:02.900 D/BTWIFIMAC(   93): read_btwifimac_from_modem: WIFI timeout=60, response=
09-26 10:38:02.900 D/BTWIFIMAC(   93): +SNVM: 20,FFFFFFFFFFFF0000000000000000000000000000
09-26 10:38:02.900 D/BTWIFIMAC(   93): 
09-26 10:38:02.900 D/BTWIFIMAC(   93): OK
09-26 10:38:02.900 D/BTWIFIMAC(   93): 
09-26 10:38:02.900 D/BTWIFIMAC(   93): get_macaddress: mac address is FF:FF:FF:FF:FF:FF
09-26 10:38:02.900 D/BTWIFIMAC(   93): bt_ok:0 wifi_ok:0 
09-26 10:38:02.900 D/BTWIFIMAC(   93): +mac_rand+
09-26 10:38:02.900 D/BTWIFIMAC(   93): mac_rand: /data/rand_mac.txt exists
09-26 10:38:02.900 D/BTWIFIMAC(   93): mac_rand: read /data/rand_mac.txt 00:7a:7a:b0:1e:04;00:3f:8e:cc:98:8e
09-26 10:38:02.900 D/BTWIFIMAC(   93): mac_rand: read btmac=00:7a:7a:b0:1e:04, wifimac=00:3f:8e:cc:98:8e
09-26 10:38:02.900 D/BTWIFIMAC(   93): property ro.mac.wifi=00:3f:8e:cc:98:8e, ro.mac.bluetooth=00:7a:7a:b0:1e:04
09-26 10:38:02.900 D/BTWIFIMAC(   93): write_mac2file: mac=00:3f:8e:cc:98:8e, fd[/data/wifimac.txt]=9
09-26 10:38:02.910 D/BTWIFIMAC(   93): write_mac2file: mac=00:7a:7a:b0:1e:04, fd[/data/btmac.txt]=9
09-26 10:38:02.930 D/BTWIFIMAC(   93): begin to run  trout_genpskey
09-26 10:38:02.930 D/BTWIFIMAC(   93): run trout_genpskey, ret=0
09-26 10:38:02.940 D/pskey_bt(  327): set BT mac
09-26 10:38:02.950 D/pskey_bt(  327): main, bt_mac from nv:
09-26 10:38:02.950 D/pskey_bt(  327): get_pskey_from_file
09-26 10:38:02.950 D/pskey_bt(  327): open bt pskey structure file fd=7
09-26 10:38:02.950 D/pskey_bt(  327): buf from pskey file:2048
09-26 10:38:02.950 D/pskey_bt(  327): parser_pskey_info
09-26 10:38:02.950 D/pskey_bt(  327): char:0, 0
09-26 10:38:02.950 D/pskey_bt(  327): get_one_item(data) = 0x0
09-26 10:38:02.950 D/pskey_bt(  327): get_next_u8: here:0
09-26 10:38:02.950 D/pskey_bt(  327): char:1, 1
09-26 10:38:02.950 D/pskey_bt(  327): get_one_item(data) = 0x1
09-26 10:38:02.950 D/pskey_bt(  327): get_next_u8: here:1
09-26 10:38:02.950 D/pskey_bt(  327): char:1, 1
09-26 10:38:02.950 D/pskey_bt(  327): get_one_item(data) = 0x1
09-26 10:38:02.950 D/pskey_bt(  327): get_next_u8: here:1
09-26 10:38:02.950 D/pskey_bt(  327): char:1, 1
09-26 10:38:02.950 D/pskey_bt(  327): get_one_item(data) = 0x1
09-26 10:38:02.950 D/pskey_bt(  327): get_next_u8: here:1
09-26 10:38:02.950 D/pskey_bt(  327): char:0, 0
09-26 10:38:02.950 D/pskey_bt(  327): char:1, 1
09-26 10:38:02.950 D/pskey_bt(  327): char:8, 8
09-26 10:38:02.950 D/pskey_bt(  327): char:C, C
09-26 10:38:02.950 D/pskey_bt(  327): char:B, B
09-26 10:38:02.950 D/pskey_bt(  327): char:A, A
09-26 10:38:02.950 D/pskey_bt(  327): char:8, 8
09-26 10:38:02.950 D/pskey_bt(  327): char:0, 0
09-26 10:38:02.950 D/pskey_bt(  327): get_one_item(data) = 0x18cba80
09-26 10:38:02.950 D/pskey_bt(  327): get_next_u32: here:18cba80
09-26 10:38:02.950 D/pskey_bt(  327): char:1, 1
09-26 10:38:02.950 D/pskey_bt(  327): char:f, f
09-26 10:38:02.950 D/pskey_bt(  327): char:0, 0
09-26 10:38:02.950 D/pskey_bt(  327): char:0, 0
09-26 10:38:02.950 D/pskey_bt(  327): get_one_item(data) = 0x1f00
09-26 10:38:02.950 D/pskey_bt(  327): get_next_u32: here:1f00
09-26 10:38:02.950 D/pskey_bt(  327): char:1, 1
09-26 10:38:02.950 D/pskey_bt(  327): char:E, E
09-26 10:38:02.950 D/pskey_bt(  327): get_one_item(data) = 0x1e
09-26 10:38:02.950 D/pskey_bt(  327): get_next_u32: here:1e
09-26 10:38:02.950 D/pskey_bt(  327): char:7, 7
09-26 10:38:02.950 D/pskey_bt(  327): char:B, B
09-26 10:38:02.950 D/pskey_bt(  327): char:0, 0
09-26 10:38:02.950 D/pskey_bt(  327): char:0, 0
09-26 10:38:02.950 D/pskey_bt(  327): char:7, 7
09-26 10:38:02.950 D/pskey_bt(  327): char:C, C
09-26 10:38:02.950 D/pskey_bt(  327): get_one_item(data) = 0x7b007c
09-26 10:38:02.950 D/pskey_bt(  327): get_next_u32: here:7b007c
09-26 10:38:02.950 D/pskey_bt(  327): char:3, 3
09-26 10:38:02.950 D/pskey_bt(  327): char:7, 7
09-26 10:38:02.950 D/pskey_bt(  327): char:0, 0
09-26 10:38:02.950 D/pskey_bt(  327): char:0, 0
09-26 10:38:02.950 D/pskey_bt(  327): char:7, 7
09-26 10:38:02.950 D/pskey_bt(  327): char:A, A
09-26 10:38:02.950 D/pskey_bt(  327): get_one_item(data) = 0x37007a
09-26 10:38:02.950 D/pskey_bt(  327): get_next_u32: here:37007a
09-26 10:38:02.950 D/pskey_bt(  327): char:3, 3
09-26 10:38:02.950 D/pskey_bt(  327): char:5, 5
09-26 10:38:02.950 D/pskey_bt(  327): char:0, 0
09-26 10:38:02.950 D/pskey_bt(  327): char:0, 0
09-26 10:38:02.950 D/pskey_bt(  327): char:3, 3
09-26 10:38:02.950 D/pskey_bt(  327): char:6, 6
09-26 10:38:02.950 D/pskey_bt(  327): get_one_item(data) = 0x350036
09-26 10:38:02.950 D/pskey_bt(  327): get_next_u32: here:350036
09-26 10:38:02.950 D/pskey_bt(  327): char:2, 2
09-26 10:38:02.950 D/pskey_bt(  327): char:9, 9
09-26 10:38:02.950 D/pskey_bt(  327): char:0, 0
09-26 10:38:02.950 D/pskey_bt(  327): char:0, 0
09-26 10:38:02.950 D/pskey_bt(  327): char:3, 3
09-26 10:38:02.950 D/pskey_bt(  327): char:4, 4
09-26 10:38:02.950 D/pskey_bt(  327): get_one_item(data) = 0x290034
09-26 10:38:02.950 D/pskey_bt(  327): get_next_u32: here:290034
09-26 10:38:02.950 D/pskey_bt(  327): char:0, 0
09-26 10:38:02.950 D/pskey_bt(  327): char:A, A
09-26 10:38:02.950 D/pskey_bt(  327): char:0, 0
09-26 10:38:02.950 D/pskey_bt(  327): char:0, 0
09-26 10:38:02.950 D/pskey_bt(  327): char:2, 2
09-26 10:38:02.950 D/pskey_bt(  327): char:8, 8
09-26 10:38:02.950 D/pskey_bt(  327): get_one_item(data) = 0xa0028
09-26 10:38:02.950 D/pskey_bt(  327): get_next_u32: here:a0028
09-26 10:38:02.950 D/pskey_bt(  327): char:0, 0
09-26 10:38:02.950 D/pskey_bt(  327): char:0, 0
09-26 10:38:02.950 D/pskey_bt(  327): char:0, 0
09-26 10:38:02.950 D/pskey_bt(  327): char:6, 6
09-26 10:38:02.950 D/pskey_bt(  327): char:0, 0
09-26 10:38:02.950 D/pskey_bt(  327): char:0, 0
09-26 10:38:02.950 D/pskey_bt(  327): char:0, 0
09-26 10:38:02.950 D/pskey_bt(  327): char:9, 9
09-26 10:38:02.950 D/pskey_bt(  327): get_one_item(data) = 0x60009
09-26 10:38:02.960 D/pskey_bt(  327): get_next_u32: here:60009
09-26 10:38:02.960 D/pskey_bt(  327): end of buff, str=},
09-26 10:38:02.960 D/pskey_bt(  327): {0x0B,0x0A,0x09, 0x08, 0x07},
09-26 10:38:02.960 D/pskey_bt(  327): {0xFF, 0xFF, 0x8D, 0xFE, 0x9B, 0x3F, 0x79, 0x83,
09-26 10:38:02.960 D/pskey_bt(  327):   0xFF, 0xA7, 0xFF, 0x7F, 0x00, 0xE0, 0xF7, 0x3E},
09-26 10:38:02.960 D/pskey_bt(  327): {0xFF, 0xFF, 0xFF, 0xFF, 0xFF, 0xFF},
09-26 10:38:02.960 D/pskey_bt(  327): 0,
09-26 10:38:02.960 D/pskey_bt(  327): 1,
09-26 10:38:02.960 D/pskey_bt(  327): 5,
09-26 10:38:02.960 D/pskey_bt(  327): 0xE,
09-26 10:38:02.960 D/pskey_bt(  327): 1,
09-26 10:38:02.960 D/pskey_bt(  327): 1,
09-26 10:38:02.960 D/pskey_bt(  327): 0x50000000,
09-26 10:38:02.960 D/pskey_bt(  327): 0x50000150,
09-26 10:38:02.960 D/pskey_bt(  327): 0x50000150,
09-26 10:38:02.960 D/pskey_bt(  327): 0x50000154,
09-26 10:38:02.960 D/pskey_bt(  327): 0xFFFFFFFF,
09-26 10:38:02.960 D/pskey_bt(  327): 0x100,
09-26 10:38:02.960 D/pskey_bt(  327): 0xA0,
09-26 10:38:02.960 D/pskey_bt(  327): 0xDC,
09-26 10:38:02.960 D/pskey_bt(  327): 0x20,
09-26 10:38:02.960 D/pskey_bt(  327): 0x55,
09-26 10:38:02.960 D/pskey_bt(  327): 0x64,
09-26 10:38:02.960 D/pskey_bt(  327): 0,
09-26 10:38:02.960 D/pskey_bt(  327): 0x8,
09-26 10:38:02.960 D/pskey_bt(  327): 0x13C,
09-26 10:38:02.960 D/pskey_bt(  327): 0x2,
09-26 10:38:02.960 D/pskey_bt(  327): 0xD704,
09-26 10:38:02.960 D/pskey_bt(  327): 0x88888888,
09-26 10:38:02.960 D/pskey_bt(  327): 0x6,
09-26 10:38:02.960 D/pskey_bt(  327): 0x0,
09-26 10:38:02.960 D/pskey_bt(  327): {0x0001,0x0000,0x0000,0x0000,0x0000,0x0000,0x0000,0x0000,0x0000
09-26 10:38:02.960 D/pskey_bt(  327): char:0, 0
09-26 10:38:02.960 D/pskey_bt(  327): char:B, B
09-26 10:38:02.960 D/pskey_bt(  327): get_one_item(data) = 0xb
09-26 10:38:02.960 D/pskey_bt(  327): get_next_u32: here:b
09-26 10:38:02.960 D/pskey_bt(  327): char:0, 0
09-26 10:38:02.960 D/pskey_bt(  327): char:A, A
09-26 10:38:02.960 D/pskey_bt(  327): get_one_item(data) = 0xa
09-26 10:38:02.960 D/pskey_bt(  327): get_next_u32: here:a
09-26 10:38:02.960 D/pskey_bt(  327): char:0, 0
09-26 10:38:02.960 D/pskey_bt(  327): char:9, 9
09-26 10:38:02.960 D/pskey_bt(  327): get_one_item(data) = 0x9
09-26 10:38:02.960 D/pskey_bt(  327): get_next_u32: here:9
09-26 10:38:02.960 D/pskey_bt(  327): char:0, 0
09-26 10:38:02.960 D/pskey_bt(  327): char:8, 8
09-26 10:38:02.960 D/pskey_bt(  327): get_one_item(data) = 0x8
09-26 10:38:02.960 D/pskey_bt(  327): get_next_u32: here:8
09-26 10:38:02.960 D/pskey_bt(  327): char:0, 0
09-26 10:38:02.960 D/pskey_bt(  327): char:7, 7
09-26 10:38:02.960 D/pskey_bt(  327): get_one_item(data) = 0x7
09-26 10:38:02.960 D/pskey_bt(  327): get_next_u32: here:7
09-26 10:38:02.960 D/pskey_bt(  327): end of buff, str=},
09-26 10:38:02.960 D/pskey_bt(  327): {0xFF, 0xFF, 0x8D, 0xFE, 0x9B, 0x3F, 0x79, 0x83,
09-26 10:38:02.960 D/pskey_bt(  327):   0xFF, 0xA7, 0xFF, 0x7F, 0x00, 0xE0, 0xF7, 0x3E},
09-26 10:38:02.960 D/pskey_bt(  327): {0xFF, 0xFF, 0xFF, 0xFF, 0xFF, 0xFF},
09-26 10:38:02.960 D/pskey_bt(  327): 0,
09-26 10:38:02.960 D/pskey_bt(  327): 1,
09-26 10:38:02.960 D/pskey_bt(  327): 5,
09-26 10:38:02.960 D/pskey_bt(  327): 0xE,
09-26 10:38:02.960 D/pskey_bt(  327): 1,
09-26 10:38:02.960 D/pskey_bt(  327): 1,
09-26 10:38:02.960 D/pskey_bt(  327): 0x50000000,
09-26 10:38:02.960 D/pskey_bt(  327): 0x50000150,
09-26 10:38:02.960 D/pskey_bt(  327): 0x50000150,
09-26 10:38:02.960 D/pskey_bt(  327): 0x50000154,
09-26 10:38:02.960 D/pskey_bt(  327): 0xFFFFFFFF,
09-26 10:38:02.960 D/pskey_bt(  327): 0x100,
09-26 10:38:02.960 D/pskey_bt(  327): 0xA0,
09-26 10:38:02.960 D/pskey_bt(  327): 0xDC,
09-26 10:38:02.960 D/pskey_bt(  327): 0x20,
09-26 10:38:02.960 D/pskey_bt(  327): 0x55,
09-26 10:38:02.960 D/pskey_bt(  327): 0x64,
09-26 10:38:02.960 D/pskey_bt(  327): 0,
09-26 10:38:02.960 D/pskey_bt(  327): 0x8,
09-26 10:38:02.960 D/pskey_bt(  327): 0x13C,
09-26 10:38:02.960 D/pskey_bt(  327): 0x2,
09-26 10:38:02.960 D/pskey_bt(  327): 0xD704,
09-26 10:38:02.960 D/pskey_bt(  327): 0x88888888,
09-26 10:38:02.960 D/pskey_bt(  327): 0x6,
09-26 10:38:02.960 D/pskey_bt(  327): 0x0,
09-26 10:38:02.960 D/pskey_bt(  327): {0x0001,0x0000,0x0000,0x0000,0x0000,0x0000,0x0000,0x0000,0x0000
09-26 10:38:02.960 D/pskey_bt(  327): char:F, F
09-26 10:38:02.960 D/pskey_bt(  327): char:F, F
09-26 10:38:02.960 D/pskey_bt(  327): get_one_item(data) = 0xff
09-26 10:38:02.960 D/pskey_bt(  327): get_next_u8: here:ff
09-26 10:38:02.960 D/pskey_bt(  327): char:F, F
09-26 10:38:02.960 D/pskey_bt(  327): char:F, F
09-26 10:38:02.960 D/pskey_bt(  327): get_one_item(data) = 0xff
09-26 10:38:02.960 D/pskey_bt(  327): get_next_u8: here:ff
09-26 10:38:02.960 D/pskey_bt(  327): char:8, 8
09-26 10:38:02.960 D/pskey_bt(  327): char:D, D
09-26 10:38:02.960 D/pskey_bt(  327): get_one_item(data) = 0x8d
09-26 10:38:02.960 D/pskey_bt(  327): get_next_u8: here:8d
09-26 10:38:02.960 D/pskey_bt(  327): char:F, F
09-26 10:38:02.960 D/pskey_bt(  327): char:E, E
09-26 10:38:02.960 D/pskey_bt(  327): get_one_item(data) = 0xfe
09-26 10:38:02.960 D/pskey_bt(  327): get_next_u8: here:fe
09-26 10:38:02.960 D/pskey_bt(  327): char:9, 9
09-26 10:38:02.960 D/pskey_bt(  327): char:B, B
09-26 10:38:02.960 D/pskey_bt(  327): get_one_item(data) = 0x9b
09-26 10:38:02.960 D/pskey_bt(  327): get_next_u8: here:9b
09-26 10:38:02.960 D/pskey_bt(  327): char:3, 3
09-26 10:38:02.960 D/pskey_bt(  327): char:F, F
09-26 10:38:02.960 D/pskey_bt(  327): get_one_item(data) = 0x3f
09-26 10:38:02.960 D/pskey_bt(  327): get_next_u8: here:3f
09-26 10:38:02.960 D/pskey_bt(  327): char:7, 7
09-26 10:38:02.960 D/pskey_bt(  327): char:9, 9
09-26 10:38:02.960 D/pskey_bt(  327): get_one_item(data) = 0x79
09-26 10:38:02.960 D/pskey_bt(  327): get_next_u8: here:79
09-26 10:38:02.960 D/pskey_bt(  327): char:8, 8
09-26 10:38:02.960 D/pskey_bt(  327): char:3, 3
09-26 10:38:02.960 D/pskey_bt(  327): get_one_item(data) = 0x83
09-26 10:38:02.960 D/pskey_bt(  327): get_next_u8: here:83
09-26 10:38:02.960 D/pskey_bt(  327): char:F, F
09-26 10:38:02.960 D/pskey_bt(  327): char:F, F
09-26 10:38:02.960 D/pskey_bt(  327): get_one_item(data) = 0xff
09-26 10:38:02.960 D/pskey_bt(  327): get_next_u8: here:ff
09-26 10:38:02.960 D/pskey_bt(  327): char:A, A
09-26 10:38:02.960 D/pskey_bt(  327): char:7, 7
09-26 10:38:02.960 D/pskey_bt(  327): get_one_item(data) = 0xa7
09-26 10:38:02.960 D/pskey_bt(  327): get_next_u8: here:a7
09-26 10:38:02.960 D/pskey_bt(  327): char:F, F
09-26 10:38:02.960 D/pskey_bt(  327): char:F, F
09-26 10:38:02.960 D/pskey_bt(  327): get_one_item(data) = 0xff
09-26 10:38:02.960 D/pskey_bt(  327): get_next_u8: here:ff
09-26 10:38:02.960 D/pskey_bt(  327): char:7, 7
09-26 10:38:02.960 D/pskey_bt(  327): char:F, F
09-26 10:38:02.960 D/pskey_bt(  327): get_one_item(data) = 0x7f
09-26 10:38:02.960 D/pskey_bt(  327): get_next_u8: here:7f
09-26 10:38:02.960 D/pskey_bt(  327): char:0, 0
09-26 10:38:02.960 D/pskey_bt(  327): char:0, 0
09-26 10:38:02.960 D/pskey_bt(  327): get_one_item(data) = 0x0
09-26 10:38:02.960 D/pskey_bt(  327): get_next_u8: here:0
09-26 10:38:02.960 D/pskey_bt(  327): char:E, E
09-26 10:38:02.960 D/pskey_bt(  327): char:0, 0
09-26 10:38:02.960 D/pskey_bt(  327): get_one_item(data) = 0xe0
09-26 10:38:02.960 D/pskey_bt(  327): get_next_u8: here:e0
09-26 10:38:02.960 D/pskey_bt(  327): char:F, F
09-26 10:38:02.960 D/pskey_bt(  327): char:7, 7
09-26 10:38:02.960 D/pskey_bt(  327): get_one_item(data) = 0xf7
09-26 10:38:02.960 D/pskey_bt(  327): get_next_u8: here:f7
09-26 10:38:02.960 D/pskey_bt(  327): char:3, 3
09-26 10:38:02.960 D/pskey_bt(  327): char:E, E
09-26 10:38:02.960 D/pskey_bt(  327): get_one_item(data) = 0x3e
09-26 10:38:02.960 D/pskey_bt(  327): get_next_u8: here:3e
09-26 10:38:02.960 D/pskey_bt(  327): end of buff, str=},
09-26 10:38:02.960 D/pskey_bt(  327): {0xFF, 0xFF, 0xFF, 0xFF, 0xFF, 0xFF},
09-26 10:38:02.960 D/pskey_bt(  327): 0,
09-26 10:38:02.960 D/pskey_bt(  327): 1,
09-26 10:38:02.960 D/pskey_bt(  327): 5,
09-26 10:38:02.960 D/pskey_bt(  327): 0xE,
09-26 10:38:02.960 D/pskey_bt(  327): 1,
09-26 10:38:02.960 D/pskey_bt(  327): 1,
09-26 10:38:02.960 D/pskey_bt(  327): 0x50000000,
09-26 10:38:02.960 D/pskey_bt(  327): 0x50000150,
09-26 10:38:02.960 D/pskey_bt(  327): 0x50000150,
09-26 10:38:02.960 D/pskey_bt(  327): 0x50000154,
09-26 10:38:02.960 D/pskey_bt(  327): 0xFFFFFFFF,
09-26 10:38:02.960 D/pskey_bt(  327): 0x100,
09-26 10:38:02.960 D/pskey_bt(  327): 0xA0,
09-26 10:38:02.960 D/pskey_bt(  327): 0xDC,
09-26 10:38:02.960 D/pskey_bt(  327): 0x20,
09-26 10:38:02.960 D/pskey_bt(  327): 0x55,
09-26 10:38:02.960 D/pskey_bt(  327): 0x64,
09-26 10:38:02.960 D/pskey_bt(  327): 0,
09-26 10:38:02.960 D/pskey_bt(  327): 0x8,
09-26 10:38:02.960 D/pskey_bt(  327): 0x13C,
09-26 10:38:02.960 D/pskey_bt(  327): 0x2,
09-26 10:38:02.960 D/pskey_bt(  327): 0xD704,
09-26 10:38:02.960 D/pskey_bt(  327): 0x88888888,
09-26 10:38:02.960 D/pskey_bt(  327): 0x6,
09-26 10:38:02.960 D/pskey_bt(  327): 0x0,
09-26 10:38:02.960 D/pskey_bt(  327): {0x0001,0x0000,0x0000,0x0000,0x0000,0x0000,0x0000,0x0000,0x0000
09-26 10:38:02.960 D/pskey_bt(  327): char:F, F
09-26 10:38:02.960 D/pskey_bt(  327): char:F, F
09-26 10:38:02.960 D/pskey_bt(  327): get_one_item(data) = 0xff
09-26 10:38:02.960 D/pskey_bt(  327): get_next_u8: here:ff
09-26 10:38:02.960 D/pskey_bt(  327): char:F, F
09-26 10:38:02.960 D/pskey_bt(  327): char:F, F
09-26 10:38:02.960 D/pskey_bt(  327): get_one_item(data) = 0xff
09-26 10:38:02.960 D/pskey_bt(  327): get_next_u8: here:ff
09-26 10:38:02.960 D/pskey_bt(  327): char:F, F
09-26 10:38:02.960 D/pskey_bt(  327): char:F, F
09-26 10:38:02.960 D/pskey_bt(  327): get_one_item(data) = 0xff
09-26 10:38:02.960 D/pskey_bt(  327): get_next_u8: here:ff
09-26 10:38:02.960 D/pskey_bt(  327): char:F, F
09-26 10:38:02.960 D/pskey_bt(  327): char:F, F
09-26 10:38:02.960 D/pskey_bt(  327): get_one_item(data) = 0xff
09-26 10:38:02.960 D/pskey_bt(  327): get_next_u8: here:ff
09-26 10:38:02.960 D/pskey_bt(  327): char:F, F
09-26 10:38:02.960 D/pskey_bt(  327): char:F, F
09-26 10:38:02.960 D/pskey_bt(  327): get_one_item(data) = 0xff
09-26 10:38:02.960 D/pskey_bt(  327): get_next_u8: here:ff
09-26 10:38:02.960 D/pskey_bt(  327): char:F, F
09-26 10:38:02.960 D/pskey_bt(  327): char:F, F
09-26 10:38:02.960 D/pskey_bt(  327): get_one_item(data) = 0xff
09-26 10:38:02.960 D/pskey_bt(  327): get_next_u8: here:ff
09-26 10:38:02.960 D/pskey_bt(  327): end of buff, str=},
09-26 10:38:02.960 D/pskey_bt(  327): 0,
09-26 10:38:02.960 D/pskey_bt(  327): 1,
09-26 10:38:02.960 D/pskey_bt(  327): 5,
09-26 10:38:02.960 D/pskey_bt(  327): 0xE,
09-26 10:38:02.960 D/pskey_bt(  327): 1,
09-26 10:38:02.960 D/pskey_bt(  327): 1,
09-26 10:38:02.960 D/pskey_bt(  327): 0x50000000,
09-26 10:38:02.960 D/pskey_bt(  327): 0x50000150,
09-26 10:38:02.960 D/pskey_bt(  327): 0x50000150,
09-26 10:38:02.960 D/pskey_bt(  327): 0x50000154,
09-26 10:38:02.960 D/pskey_bt(  327): 0xFFFFFFFF,
09-26 10:38:02.960 D/pskey_bt(  327): 0x100,
09-26 10:38:02.960 D/pskey_bt(  327): 0xA0,
09-26 10:38:02.960 D/pskey_bt(  327): 0xDC,
09-26 10:38:02.960 D/pskey_bt(  327): 0x20,
09-26 10:38:02.960 D/pskey_bt(  327): 0x55,
09-26 10:38:02.960 D/pskey_bt(  327): 0x64,
09-26 10:38:02.960 D/pskey_bt(  327): 0,
09-26 10:38:02.960 D/pskey_bt(  327): 0x8,
09-26 10:38:02.960 D/pskey_bt(  327): 0x13C,
09-26 10:38:02.960 D/pskey_bt(  327): 0x2,
09-26 10:38:02.960 D/pskey_bt(  327): 0xD704,
09-26 10:38:02.960 D/pskey_bt(  327): 0x88888888,
09-26 10:38:02.960 D/pskey_bt(  327): 0x6,
09-26 10:38:02.960 D/pskey_bt(  327): 0x0,
09-26 10:38:02.960 D/pskey_bt(  327): {0x0001,0x0000,0x0000,0x0000,0x0000,0x0000,0x0000,0x0000,0x0000
09-26 10:38:02.960 D/pskey_bt(  327): char:0, 0
09-26 10:38:02.960 D/pskey_bt(  327): get_one_item(data) = 0x0
09-26 10:38:02.960 D/pskey_bt(  327): get_next_u8: here:0
09-26 10:38:02.960 D/pskey_bt(  327): char:1, 1
09-26 10:38:02.960 D/pskey_bt(  327): get_one_item(data) = 0x1
09-26 10:38:02.960 D/pskey_bt(  327): get_next_u8: here:1
09-26 10:38:02.960 D/pskey_bt(  327): char:5, 5
09-26 10:38:02.960 D/pskey_bt(  327): get_one_item(data) = 0x5
09-26 10:38:02.960 D/pskey_bt(  327): get_next_u8: here:5
09-26 10:38:02.960 D/pskey_bt(  327): char:E, E
09-26 10:38:02.960 D/pskey_bt(  327): get_one_item(data) = 0xe
09-26 10:38:02.960 D/pskey_bt(  327): get_next_u8: here:e
09-26 10:38:02.960 D/pskey_bt(  327): char:1, 1
09-26 10:38:02.960 D/pskey_bt(  327): get_one_item(data) = 0x1
09-26 10:38:02.960 D/pskey_bt(  327): get_next_u8: here:1
09-26 10:38:02.960 D/pskey_bt(  327): char:1, 1
09-26 10:38:02.960 D/pskey_bt(  327): get_one_item(data) = 0x1
09-26 10:38:02.960 D/pskey_bt(  327): get_next_u8: here:1
09-26 10:38:02.960 D/pskey_bt(  327): char:5, 5
09-26 10:38:02.960 D/pskey_bt(  327): char:0, 0
09-26 10:38:02.960 D/pskey_bt(  327): char:0, 0
09-26 10:38:02.960 D/pskey_bt(  327): char:0, 0
09-26 10:38:02.960 D/pskey_bt(  327): char:0, 0
09-26 10:38:02.960 D/pskey_bt(  327): char:0, 0
09-26 10:38:02.960 D/pskey_bt(  327): char:0, 0
09-26 10:38:02.960 D/pskey_bt(  327): char:0, 0
09-26 10:38:02.960 D/pskey_bt(  327): get_one_item(data) = 0x50000000
09-26 10:38:02.960 D/pskey_bt(  327): get_next_u32: here:50000000
09-26 10:38:02.960 D/pskey_bt(  327): char:5, 5
09-26 10:38:02.960 D/pskey_bt(  327): char:0, 0
09-26 10:38:02.960 D/pskey_bt(  327): char:0, 0
09-26 10:38:02.960 D/pskey_bt(  327): char:0, 0
09-26 10:38:02.960 D/pskey_bt(  327): char:0, 0
09-26 10:38:02.960 D/pskey_bt(  327): char:1, 1
09-26 10:38:02.960 D/pskey_bt(  327): char:5, 5
09-26 10:38:02.960 D/pskey_bt(  327): char:0, 0
09-26 10:38:02.960 D/pskey_bt(  327): get_one_item(data) = 0x50000150
09-26 10:38:02.960 D/pskey_bt(  327): get_next_u32: here:50000150
09-26 10:38:02.960 D/pskey_bt(  327): char:5, 5
09-26 10:38:02.960 D/pskey_bt(  327): char:0, 0
09-26 10:38:02.960 D/pskey_bt(  327): char:0, 0
09-26 10:38:02.960 D/pskey_bt(  327): char:0, 0
09-26 10:38:02.960 D/pskey_bt(  327): char:0, 0
09-26 10:38:02.960 D/pskey_bt(  327): char:1, 1
09-26 10:38:02.960 D/pskey_bt(  327): char:5, 5
09-26 10:38:02.960 D/pskey_bt(  327): char:0, 0
09-26 10:38:02.960 D/pskey_bt(  327): get_one_item(data) = 0x50000150
09-26 10:38:02.960 D/pskey_bt(  327): get_next_u32: here:50000150
09-26 10:38:02.960 D/pskey_bt(  327): char:5, 5
09-26 10:38:02.960 D/pskey_bt(  327): char:0, 0
09-26 10:38:02.960 D/pskey_bt(  327): char:0, 0
09-26 10:38:02.960 D/pskey_bt(  327): char:0, 0
09-26 10:38:02.960 D/pskey_bt(  327): char:0, 0
09-26 10:38:02.960 D/pskey_bt(  327): char:1, 1
09-26 10:38:02.960 D/pskey_bt(  327): char:5, 5
09-26 10:38:02.960 D/pskey_bt(  327): char:4, 4
09-26 10:38:02.960 D/pskey_bt(  327): get_one_item(data) = 0x50000154
09-26 10:38:02.960 D/pskey_bt(  327): get_next_u32: here:50000154
09-26 10:38:02.960 D/pskey_bt(  327): char:F, F
09-26 10:38:02.960 D/pskey_bt(  327): char:F, F
09-26 10:38:02.960 D/pskey_bt(  327): char:F, F
09-26 10:38:02.960 D/pskey_bt(  327): char:F, F
09-26 10:38:02.960 D/pskey_bt(  327): char:F, F
09-26 10:38:02.960 D/pskey_bt(  327): char:F, F
09-26 10:38:02.960 D/pskey_bt(  327): char:F, F
09-26 10:38:02.960 D/pskey_bt(  327): char:F, F
09-26 10:38:02.960 D/pskey_bt(  327): get_one_item(data) = 0xffffffff
09-26 10:38:02.960 D/pskey_bt(  327): get_next_u32: here:ffffffff
09-26 10:38:02.960 D/pskey_bt(  327): char:1, 1
09-26 10:38:02.960 D/pskey_bt(  327): char:0, 0
09-26 10:38:02.960 D/pskey_bt(  327): char:0, 0
09-26 10:38:02.960 D/pskey_bt(  327): get_one_item(data) = 0x100
09-26 10:38:02.960 D/pskey_bt(  327): get_next_u16: here:100
09-26 10:38:02.960 D/pskey_bt(  327): char:A, A
09-26 10:38:02.960 D/pskey_bt(  327): char:0, 0
09-26 10:38:02.960 D/pskey_bt(  327): get_one_item(data) = 0xa0
09-26 10:38:02.960 D/pskey_bt(  327): get_next_u16: here:a0
09-26 10:38:02.960 D/pskey_bt(  327): char:D, D
09-26 10:38:02.960 D/pskey_bt(  327): char:C, C
09-26 10:38:02.960 D/pskey_bt(  327): get_one_item(data) = 0xdc
09-26 10:38:02.960 D/pskey_bt(  327): get_next_u16: here:dc
09-26 10:38:02.960 D/pskey_bt(  327): char:2, 2
09-26 10:38:02.960 D/pskey_bt(  327): char:0, 0
09-26 10:38:02.960 D/pskey_bt(  327): get_one_item(data) = 0x20
09-26 10:38:02.960 D/pskey_bt(  327): get_next_u16: here:20
09-26 10:38:02.960 D/pskey_bt(  327): char:5, 5
09-26 10:38:02.960 D/pskey_bt(  327): char:5, 5
09-26 10:38:02.960 D/pskey_bt(  327): get_one_item(data) = 0x55
09-26 10:38:02.960 D/pskey_bt(  327): get_next_u16: here:55
09-26 10:38:02.960 D/pskey_bt(  327): char:6, 6
09-26 10:38:02.960 D/pskey_bt(  327): char:4, 4
09-26 10:38:02.960 D/pskey_bt(  327): get_one_item(data) = 0x64
09-26 10:38:02.960 D/pskey_bt(  327): get_next_u16: here:64
09-26 10:38:02.960 D/pskey_bt(  327): char:0, 0
09-26 10:38:02.960 D/pskey_bt(  327): get_one_item(data) = 0x0
09-26 10:38:02.960 D/pskey_bt(  327): get_next_u32: here:0
09-26 10:38:02.960 D/pskey_bt(  327): char:8, 8
09-26 10:38:02.960 D/pskey_bt(  327): get_one_item(data) = 0x8
09-26 10:38:02.960 D/pskey_bt(  327): get_next_u16: here:8
09-26 10:38:02.960 D/pskey_bt(  327): char:1, 1
09-26 10:38:02.960 D/pskey_bt(  327): char:3, 3
09-26 10:38:02.960 D/pskey_bt(  327): char:C, C
09-26 10:38:02.960 D/pskey_bt(  327): get_one_item(data) = 0x13c
09-26 10:38:02.960 D/pskey_bt(  327): get_next_u16: here:13c
09-26 10:38:02.960 D/pskey_bt(  327): char:2, 2
09-26 10:38:02.960 D/pskey_bt(  327): get_one_item(data) = 0x2
09-26 10:38:02.960 D/pskey_bt(  327): get_next_u16: here:2
09-26 10:38:02.960 D/pskey_bt(  327): char:D, D
09-26 10:38:02.960 D/pskey_bt(  327): char:7, 7
09-26 10:38:02.960 D/pskey_bt(  327): char:0, 0
09-26 10:38:02.960 D/pskey_bt(  327): char:4, 4
09-26 10:38:02.960 D/pskey_bt(  327): get_one_item(data) = 0xd704
09-26 10:38:02.960 D/pskey_bt(  327): get_next_u16: here:d704
09-26 10:38:02.960 D/pskey_bt(  327): char:8, 8
09-26 10:38:02.960 D/pskey_bt(  327): char:8, 8
09-26 10:38:02.960 D/pskey_bt(  327): char:8, 8
09-26 10:38:02.960 D/pskey_bt(  327): char:8, 8
09-26 10:38:02.960 D/pskey_bt(  327): char:8, 8
09-26 10:38:02.960 D/pskey_bt(  327): char:8, 8
09-26 10:38:02.960 D/pskey_bt(  327): char:8, 8
09-26 10:38:02.960 D/pskey_bt(  327): char:8, 8
09-26 10:38:02.960 D/pskey_bt(  327): get_one_item(data) = 0x88888888
09-26 10:38:02.960 D/pskey_bt(  327): get_next_u32: here:88888888
09-26 10:38:02.960 D/pskey_bt(  327): char:6, 6
09-26 10:38:02.960 D/pskey_bt(  327): get_one_item(data) = 0x6
09-26 10:38:02.960 D/pskey_bt(  327): get_next_u16: here:6
09-26 10:38:02.960 D/pskey_bt(  327): char:0, 0
09-26 10:38:02.960 D/pskey_bt(  327): get_one_item(data) = 0x0
09-26 10:38:02.960 D/pskey_bt(  327): get_next_u16: here:0
09-26 10:38:02.960 D/pskey_bt(  327): char:0, 0
09-26 10:38:02.960 D/pskey_bt(  327): char:0, 0
09-26 10:38:02.960 D/pskey_bt(  327): char:0, 0
09-26 10:38:02.960 D/pskey_bt(  327): char:1, 1
09-26 10:38:02.960 D/pskey_bt(  327): get_one_item(data) = 0x1
09-26 10:38:02.960 D/pskey_bt(  327): get_next_u32: here:1
09-26 10:38:02.960 D/pskey_bt(  327): char:0, 0
09-26 10:38:02.960 D/pskey_bt(  327): char:0, 0
09-26 10:38:02.960 D/pskey_bt(  327): char:0, 0
09-26 10:38:02.960 D/pskey_bt(  327): char:0, 0
09-26 10:38:02.960 D/pskey_bt(  327): get_one_item(data) = 0x0
09-26 10:38:02.960 D/pskey_bt(  327): get_next_u32: here:0
09-26 10:38:02.960 D/pskey_bt(  327): char:0, 0
09-26 10:38:02.960 D/pskey_bt(  327): char:0, 0
09-26 10:38:02.960 D/pskey_bt(  327): char:0, 0
09-26 10:38:02.960 D/pskey_bt(  327): char:0, 0
09-26 10:38:02.960 D/pskey_bt(  327): get_one_item(data) = 0x0
09-26 10:38:02.960 D/pskey_bt(  327): get_next_u32: here:0
09-26 10:38:02.960 D/pskey_bt(  327): char:0, 0
09-26 10:38:02.960 D/pskey_bt(  327): char:0, 0
09-26 10:38:02.960 D/pskey_bt(  327): char:0, 0
09-26 10:38:02.960 D/pskey_bt(  327): char:0, 0
09-26 10:38:02.960 D/pskey_bt(  327): get_one_item(data) = 0x0
09-26 10:38:02.960 D/pskey_bt(  327): get_next_u32: here:0
09-26 10:38:02.960 D/pskey_bt(  327): char:0, 0
09-26 10:38:02.960 D/pskey_bt(  327): char:0, 0
09-26 10:38:02.960 D/pskey_bt(  327): char:0, 0
09-26 10:38:02.960 D/pskey_bt(  327): char:0, 0
09-26 10:38:02.960 D/pskey_bt(  327): get_one_item(data) = 0x0
09-26 10:38:02.960 D/pskey_bt(  327): get_next_u32: here:0
09-26 10:38:02.960 D/pskey_bt(  327): char:0, 0
09-26 10:38:02.960 D/pskey_bt(  327): char:0, 0
09-26 10:38:02.960 D/pskey_bt(  327): char:0, 0
09-26 10:38:02.960 D/pskey_bt(  327): char:0, 0
09-26 10:38:02.960 D/pskey_bt(  327): get_one_item(data) = 0x0
09-26 10:38:02.960 D/pskey_bt(  327): get_next_u32: here:0
09-26 10:38:02.960 D/pskey_bt(  327): char:0, 0
09-26 10:38:02.960 D/pskey_bt(  327): char:0, 0
09-26 10:38:02.960 D/pskey_bt(  327): char:0, 0
09-26 10:38:02.960 D/pskey_bt(  327): char:0, 0
09-26 10:38:02.960 D/pskey_bt(  327): get_one_item(data) = 0x0
09-26 10:38:02.960 D/pskey_bt(  327): get_next_u32: here:0
09-26 10:38:02.960 D/pskey_bt(  327): char:0, 0
09-26 10:38:02.960 D/pskey_bt(  327): char:0, 0
09-26 10:38:02.960 D/pskey_bt(  327): char:0, 0
09-26 10:38:02.960 D/pskey_bt(  327): char:0, 0
09-26 10:38:02.960 D/pskey_bt(  327): get_one_item(data) = 0x0
09-26 10:38:02.960 D/pskey_bt(  327): get_next_u32: here:0
09-26 10:38:02.960 D/pskey_bt(  327): char:0, 0
09-26 10:38:02.960 D/pskey_bt(  327): char:0, 0
09-26 10:38:02.960 D/pskey_bt(  327): char:0, 0
09-26 10:38:02.960 D/pskey_bt(  327): char:0, 0
09-26 10:38:02.960 D/pskey_bt(  327): get_one_item(data) = 0x0
09-26 10:38:02.960 D/pskey_bt(  327): get_next_u32: here:0
09-26 10:38:02.960 D/pskey_bt(  327): get_one_item(data) = 0x0
09-26 10:38:02.960 D/pskey_bt(  327): get_next_u32: here:0
09-26 10:38:02.960 D/pskey_bt(  327): leave out tmp_buff=
09-26 10:38:02.960 D/pskey_bt(  327): parse pskey success, tmp_buff=0x1f7b120
09-26 10:38:02.960 D/pskey_bt(  327): ret get pskey from file =0
09-26 10:38:02.960 D/pskey_bt(  327): data/btmac.txt does not exist 0 
09-26 10:38:03.060 D/pskey_bt(  327): tmp_mac:007a7ab01e04
09-26 10:38:03.060 D/pskey_bt(  327): 4  
09-26 10:38:03.060 D/pskey_bt(  327): 1e  
09-26 10:38:03.060 D/pskey_bt(  327): b0  
09-26 10:38:03.060 D/pskey_bt(  327): 7a  
09-26 10:38:03.060 D/pskey_bt(  327): 7a  
09-26 10:38:03.060 D/pskey_bt(  327): 0  
09-26 10:38:03.550 I/Gonk    (   83): RIL[0]: OnConnectSuccess
09-26 10:38:03.730 I/Gonk    (   83): RIL[1]: OnConnectSuccess
09-26 10:38:03.960 I/Gecko   (   83): 1380217083969	Marionette	DEBUG	accepted connection on 127.0.0.1:45058
09-26 10:38:04.200 E/bluedroid(   83): test bt_is_enabled
09-26 10:38:04.850 D/NetUtils(   83): failed to remove default route for wlan0: No such device
09-26 10:38:04.850 W/WifiHW  (   83): wifi_load_driver enter 211
09-26 10:38:05.070 W/WifiHW  (   86): wifi_change_fw_path: /system/lib/modules/itm_sta.ko
09-26 10:38:05.270 D/WifiHW  (   86): Unable to unload driver module "itm_ap": No such file or directory
09-26 10:38:05.470 D/WifiHW  (   86): Unable to unload driver module "itm_sta": No such file or directory
09-26 10:38:05.560 V/AudioPolicyManagerBase(   88): setStreamVolumeIndex() stream 3, index 15
09-26 10:38:05.560 E/AudioPolicyManagerBase(   88): checkAndSetVolume stream=3, index=15, output=1, device=2
09-26 10:38:05.560 E/AudioPolicyManagerBase(   88): computeVolume, streamDesc=0x14f3be8
09-26 10:38:05.560 V/AudioPolicyManagerBase(   88): VOLUME vol index=[60 100 100], dB=[-11.0 0.0 0.0] ampl=1.00000
09-26 10:38:05.560 V/AudioPolicyManagerBase(   88): setStreamVolumeIndex() stream 1, index 15
09-26 10:38:05.560 E/AudioPolicyManagerBase(   88): checkAndSetVolume stream=1, index=15, output=1, device=2
09-26 10:38:05.560 E/AudioPolicyManagerBase(   88): computeVolume, streamDesc=0x14f3bb0
09-26 10:38:05.560 V/AudioPolicyManagerBase(   88): VOLUME vol index=[60 100 100], dB=[-11.0 0.0 0.0] ampl=1.00000
09-26 10:38:05.560 V/AudioPolicyManagerBase(   88): setStreamVolumeIndex() stream 5, index 15
09-26 10:38:05.560 E/AudioPolicyManagerBase(   88): checkAndSetVolume stream=5, index=15, output=1, device=2
09-26 10:38:05.560 E/AudioPolicyManagerBase(   88): computeVolume, streamDesc=0x14f3c20
09-26 10:38:05.560 V/AudioPolicyManagerBase(   88): VOLUME vol index=[66 100 100], dB=[-10.2 0.0 0.0] ampl=1.00000
09-26 10:38:05.560 V/AudioPolicyManagerBase(   88): setStreamVolumeIndex() stream 2, index 15
09-26 10:38:05.560 E/AudioPolicyManagerBase(   88): checkAndSetVolume stream=2, index=15, output=1, device=2
09-26 10:38:05.560 E/AudioPolicyManagerBase(   88): computeVolume, streamDesc=0x14f3bcc
09-26 10:38:05.560 V/AudioPolicyManagerBase(   88): VOLUME vol index=[66 100 100], dB=[-10.2 0.0 0.0] ampl=1.00000
09-26 10:38:05.560 V/AudioPolicyManagerBase(   88): setStreamVolumeIndex() stream 4, index 15
09-26 10:38:05.560 E/AudioPolicyManagerBase(   88): checkAndSetVolume stream=4, index=15, output=1, device=2
09-26 10:38:05.560 E/AudioPolicyManagerBase(   88): computeVolume, streamDesc=0x14f3c04
09-26 10:38:05.560 V/AudioPolicyManagerBase(   88): VOLUME vol index=[66 100 100], dB=[-10.2 0.0 0.0] ampl=1.00000
09-26 10:38:05.560 V/AudioPolicyManagerBase(   88): setStreamVolumeIndex() stream 0, index 5
09-26 10:38:05.560 E/AudioPolicyManagerBase(   88): checkAndSetVolume stream=0, index=5, output=1, device=2
09-26 10:38:05.560 E/AudioPolicyManagerBase(   88): computeVolume, streamDesc=0x14f3b94
09-26 10:38:05.560 V/AudioPolicyManagerBase(   88): VOLUME vol index=[66 100 100], dB=[-17.0 0.0 0.0] ampl=1.00000
09-26 10:38:05.560 V/AudioPolicyManagerBase(   88): setStreamVolumeIndex() stream 6, index 15
09-26 10:38:05.560 V/AudioPolicyManagerBase(   88): checkAndSetVolume() cannot set stream 6 volume with force use = 0 for comm
09-26 10:38:05.670 W/WifiHW  (   86): wifi_load_driver enter 211
09-26 10:38:05.670 W/WifiHW  (   86): DRIVER_MODULE_PATH=/system/lib/modules/itm_sta.ko DRIVER_MODULE_ARG= 
09-26 10:38:05.670 W/WifiHW  (   86): insmod filename=/system/lib/modules/itm_sta.ko args= 
09-26 10:38:05.900 I/VolumeManager(   83): SetSharingMode for volume sdcard to 1 canBeShared = 1
09-26 10:38:05.900 I/AutoMounter(   83): UpdateState: umsAvail:1 umsEnabled:1 mode:0 usbCablePluggedIn:1 tryToShare:0
09-26 10:38:05.900 I/AutoMounter(   83): UpdateState: Volume sdcard is NoMedia and missing
09-26 10:38:06.150 I/Gecko   (   83): ###################################### forms.js loaded
09-26 10:38:06.170 I/Gecko   (   83): ############################### browserElementPanning.js loaded
09-26 10:38:06.220 I/Gecko   (   83): ######################## BrowserElementChildPreload.js loaded
09-26 10:38:06.290 I/Gecko   (   83): *** UTM:SVC TimerManager:registerTimer - id: user-agent-updates-timer
09-26 10:38:06.290 E/GeckoConsole(   83): UTM:SVC TimerManager:registerTimer - id: user-agent-updates-timer
09-26 10:38:06.980 E/Profiler(  346): BEGIN mozilla_sampler_init
09-26 10:38:06.980 E/Profiler(  346): BPUnw: [1 total] thread_register_for_profiling(me=0x40140488, stacktop=0xbef84997)
09-26 10:38:06.980 E/Profiler(  346): SPS:
09-26 10:38:06.990 E/Profiler(  346): SPS: Unwind mode       = pseudo
09-26 10:38:06.990 E/Profiler(  346): SPS: Sampling interval = 0 ms (zero means "platform default")
09-26 10:38:06.990 E/Profiler(  346): SPS: Entry store size  = 0 (zero means "platform default")
09-26 10:38:06.990 E/Profiler(  346): SPS: UnwindStackScan   = 0 (max dubious frames per unwind).
09-26 10:38:06.990 E/Profiler(  346): SPS: Use env var MOZ_PROFILER_MODE=help for further information.
09-26 10:38:06.990 E/Profiler(  346): SPS:
09-26 10:38:06.990 E/Profiler(  346): Registering start signal
09-26 10:38:07.420 W/WifiHW  (   86): driver insmod complete 
09-26 10:38:07.420 D/SoftapController(   86): Softap fwReload - Ok
09-26 10:38:07.420 E/BandwidthController(   86): No such iface wlan0 to delete
09-26 10:38:07.430 E/GeckoConsole(   83): [JavaScript Warning: "Error in parsing value for 'font-weight'.  Declaration dropped." {file: "app://system.gaiamobile.org/style/shrinking_ui/shrinking_ui.css" line: 9 column: 15 source: "  font-weight: medium;"}]
09-26 10:38:07.620 E/GeckoConsole(  346): Could not read chrome manifest 'file:///system/b2g/chrome.manifest'.
09-26 10:38:08.220 D/Sensors (   83): activate handle=0; drv=0
09-26 10:38:08.220 D/Sensors (   83): Lis3dhSensor: Control set 0
09-26 10:38:08.220 D/Sensors (   83): Lis3dhSensor: mEnabled = 0
09-26 10:38:08.230 I/Gecko   (   83): MobileConnection initialized
09-26 10:38:08.230 I/Gecko   (   83): MobileConnection initialized
09-26 10:38:08.750 I/Gecko   (   83): Attempting load of libEGL.so
09-26 10:38:08.790 D/libEGL  (   83): loaded /system/lib/egl/libEGL_mali.so
09-26 10:38:08.830 D/libEGL  (   83): loaded /system/lib/egl/libGLESv1_CM_mali.so
09-26 10:38:08.830 D/libEGL  (   83): loaded /system/lib/egl/libGLESv2_mali.so
09-26 10:38:08.850 I/HWComposer(   83): Creating new instance
09-26 10:38:08.850 E/HWComposer(   83): Failed to initialize hwc
09-26 10:38:08.900 E/GeckoConsole(   83): OpenGL compositor Initialized Succesfully.
09-26 10:38:08.900 E/GeckoConsole(   83): Version: OpenGL ES 2.0 Spreadtrum Build
09-26 10:38:08.900 E/GeckoConsole(   83): Vendor: ARM
09-26 10:38:08.900 E/GeckoConsole(   83): Renderer: Mali-300
09-26 10:38:08.900 E/GeckoConsole(   83): FBO Texture Target: TEXTURE_2D
09-26 10:38:09.400 E/Profiler(   83): BPUnw: [1 total] thread_unregister_for_profiling(me=0x3f9f68)  (NOT REGISTERED) 
09-26 10:38:09.790 E/WifiHW  (   83): Leo ensure_config_file_exists config_file=/data/misc/wifi/wpa_supplicant.conf
09-26 10:38:09.790 E/WifiHW  (   83): daemon_cmd=wpa_supplicant:-iwlan0 -c/data/misc/wifi/wpa_supplicant.conf
09-26 10:38:10.240 I/Gecko   (   83): 1380217090245	Marionette	DEBUG	accepted connection on 127.0.0.1:45059
09-26 10:38:11.360 I/power   (   83): *** set_screen_state 1
09-26 10:38:11.360 D/Sensors (   83): activate handle=3; drv=1
09-26 10:38:11.360 D/Sensors (   83): SensorTMD2771::setEnable=0= en=1; newState=1; what=0; mEnabled=0
09-26 10:38:11.520 D/Sensors (   83): taos ---Light::TAOS_IOCTL_ALS_ON=== err=0
09-26 10:38:11.520 D/Sensors (   83): SensorTMD2771::setEnable=1= en=1; newState=1; what=0; mEnabled=1
09-26 10:38:11.520 D/Sensors (   83): SensorTMD2771::getEnable===mEnabled=0x1; enable=1
09-26 10:38:11.530 I/GeckoDump(   83): XXX FIXME : Got a mozContentEvent: nfc-hardware-state-change
09-26 10:38:11.580 I/Gecko   (   83): ############################### browserElementPanning.js loaded
09-26 10:38:11.600 I/Gecko   (   83): ######################## BrowserElementChildPreload.js loaded
09-26 10:38:11.640 I/GeckoDump(   83): XXX FIXME : Got a mozContentEvent: system-message-listener-ready
09-26 10:38:11.720 W/WifiHW  (   83): wifi_command: LOG_LEVEL
09-26 10:38:11.720 W/WifiHW  (   83): wifi_command: STATUS
09-26 10:38:11.950 I/Gonk    (   83): Setting nice for pid 364 to 18
09-26 10:38:11.950 I/Gonk    (   83): Changed nice for pid 364 from 0 to 18.
09-26 10:38:11.980 W/WifiHW  (   83): wifi_command: LIST_NETWORKS
09-26 10:38:11.980 W/WifiHW  (   83): wifi_command: DRIVER MACADDR
09-26 10:38:12.000 D/Sensors (   83): SensorTMD2771::readEvents()======data_fd=53,count=16
09-26 10:38:12.000 D/Sensors (   83): SensorTMD2771::processEvent()=====code=40::value=182 
09-26 10:38:12.000 D/Sensors (   83): SensorTMD2771: mPendingEvents[Light].light = 182.000000
09-26 10:38:12.260 W/WifiHW  (   83): wifi_command: GET_NETWORK 0 ssid
09-26 10:38:12.260 W/WifiHW  (   83): wifi_command: GET_NETWORK 0 bssid
09-26 10:38:12.260 W/WifiHW  (   83): wifi_command: GET_NETWORK 0 psk
09-26 10:38:12.260 W/WifiHW  (   83): wifi_command: GET_NETWORK 0 wep_key0
09-26 10:38:12.260 W/WifiHW  (   83): wifi_command: GET_NETWORK 0 wep_key1
09-26 10:38:12.260 W/WifiHW  (   83): wifi_command: GET_NETWORK 0 wep_key2
09-26 10:38:12.260 W/WifiHW  (   83): wifi_command: GET_NETWORK 0 wep_key3
09-26 10:38:12.260 W/WifiHW  (   83): wifi_command: GET_NETWORK 0 wep_tx_keyidx
09-26 10:38:12.260 W/WifiHW  (   83): wifi_command: GET_NETWORK 0 priority
09-26 10:38:12.260 W/WifiHW  (   83): wifi_command: GET_NETWORK 0 key_mgmt
09-26 10:38:12.260 W/WifiHW  (   83): wifi_command: GET_NETWORK 0 scan_ssid
09-26 10:38:12.260 W/WifiHW  (   83): wifi_command: GET_NETWORK 0 disabled
09-26 10:38:12.260 W/WifiHW  (   83): wifi_command: GET_NETWORK 0 identity
09-26 10:38:12.260 W/WifiHW  (   83): wifi_command: GET_NETWORK 0 password
09-26 10:38:12.270 W/WifiHW  (   83): wifi_command: GET_NETWORK 0 auth_alg
09-26 10:38:12.270 W/WifiHW  (   83): wifi_command: GET_NETWORK 0 phase1
09-26 10:38:12.270 W/WifiHW  (   83): wifi_command: GET_NETWORK 0 phase2
09-26 10:38:12.270 W/WifiHW  (   83): wifi_command: GET_NETWORK 0 eap
09-26 10:38:12.270 W/WifiHW  (   83): wifi_command: GET_NETWORK 0 pin
09-26 10:38:12.270 W/WifiHW  (   83): wifi_command: GET_NETWORK 0 pcsc
09-26 10:38:12.370 E/GeckoConsole(   83): [JavaScript Warning: "Error in parsing value for 'padding'.  Declaration dropped." {file: "app://callscreen.gaiamobile.org/style/oncall.css" line: 280 column: 13 source: "    padding: none;"}]
09-26 10:38:12.590 I/Gecko   (   83): MobileConnection initialized
09-26 10:38:12.590 I/Gecko   (   83): MobileConnection initialized
09-26 10:38:12.620 W/WifiHW  (   83): wifi_command: ENABLE_NETWORK 0
09-26 10:38:12.620 W/WifiHW  (   83): wifi_command: AP_SCAN 1
09-26 10:38:12.740 V/AudioPolicyManagerBase(   88): getDeviceForStrategy() from cache strategy 0, device 2
09-26 10:38:12.740 V/AudioPolicyManagerBase(   88): getOutput() stream 3, samplingRate 0, format 0, channels 3, flags 0
09-26 10:38:12.780 W/WifiHW  (   83): wifi_command: SAVE_CONFIG
09-26 10:38:12.890 I/Gecko   (   83): 1380217092896	Marionette	INFO	loaded marionette-listener.js
09-26 10:38:12.890 I/Gecko   (   83): 1380217092898	Marionette	INFO	sendToClient: {"from":"0","value":"3-b2g"}, {30b50d03-86e0-4921-8c13-82129efc5057}, {30b50d03-86e0-4921-8c13-82129efc5057}
09-26 10:38:13.230 W/audio_hw_primary(   88): adev_set_mode, mode=0
09-26 10:38:13.230 W/audio_hw_primary(   88): adev_set_mode,the same mode(0)
09-26 10:38:13.230 V/AudioPolicyManagerBase(   88): setPhoneState() state 0
09-26 10:38:13.230 W/AudioPolicyManagerBase(   88): setPhoneState() setting same state 0
09-26 10:38:13.350 I/Gecko   (   83): 1380217093356	Marionette	INFO	sendToClient: {"from":"0","value":{"ELEMENT":"{eca18657-b73b-456d-b84a-69baa7f85873}"}}, {8663369a-d66a-41c6-89e3-12e0991de74c}, {8663369a-d66a-41c6-89e3-12e0991de74c}
09-26 10:38:13.420 I/Gecko   (   83): 1380217093433	Marionette	INFO	sendToClient: {"from":"0","value":false}, {7d725159-8ef9-40a4-a275-ba97b5a1ae9d}, {7d725159-8ef9-40a4-a275-ba97b5a1ae9d}
09-26 10:38:13.640 I/Gecko   (   83): 1380217093644	Marionette	INFO	sendToClient: {"from":"0","value":{"ELEMENT":"{eca18657-b73b-456d-b84a-69baa7f85873}"}}, {b770f91a-9887-43a3-ac53-5d0189489a28}, {b770f91a-9887-43a3-ac53-5d0189489a28}
09-26 10:38:13.720 I/Gecko   (   83): 1380217093732	Marionette	INFO	sendToClient: {"from":"0","value":false}, {75cc8488-0e67-4e73-b042-ca7667300502}, {75cc8488-0e67-4e73-b042-ca7667300502}
09-26 10:38:14.540 I/Gecko   (   83): 1380217094550	Marionette	INFO	sendToClient: {"from":"0","value":{"ELEMENT":"{eca18657-b73b-456d-b84a-69baa7f85873}"}}, {7dea6959-7695-4475-abb3-5b6812089b6f}, {7dea6959-7695-4475-abb3-5b6812089b6f}
09-26 10:38:14.580 I/Gecko   (   83): 1380217094584	Marionette	INFO	sendToClient: {"from":"0","value":false}, {15271ff7-a078-4593-a071-b8511bcaed07}, {15271ff7-a078-4593-a071-b8511bcaed07}
09-26 10:38:14.700 I/GeckoDump(   83): XXX FIXME : Got a mozContentEvent: accessibility-screenreader
09-26 10:38:14.740 I/GeckoDump(   83): XXX FIXME : Got a mozContentEvent: nfc-hardware-state-change
09-26 10:38:14.920 W/WifiHW  (   83): wifi_command: DRIVER SCAN-ACTIVE
09-26 10:38:15.070 W/WifiHW  (   83): wifi_command: SCAN
09-26 10:38:15.160 W/WifiHW  (   83): wifi_command: DRIVER SCAN-PASSIVE
09-26 10:38:15.190 I/Gecko   (   83): 1380217095200	Marionette	INFO	sendToClient: {"from":"0","value":{"ELEMENT":"{eca18657-b73b-456d-b84a-69baa7f85873}"}}, {692533d0-95d9-4944-9264-11c77f5ad9ea}, {692533d0-95d9-4944-9264-11c77f5ad9ea}
09-26 10:38:15.310 I/Gecko   (   83): 1380217095316	Marionette	INFO	sendToClient: {"from":"0","value":true}, {351a4f3c-a199-4d00-9f43-60c4ba8d8fc8}, {351a4f3c-a199-4d00-9f43-60c4ba8d8fc8}
09-26 10:38:15.570 E/GeckoConsole(   83): Content JS ERROR at app://system.gaiamobile.org/js/telephony_settings.js:23 in set_vpm_error: Error setting voice privacy.
09-26 10:38:15.570 E/GeckoConsole(   83): Content JS ERROR at app://system.gaiamobile.org/js/telephony_settings.js:23 in set_vpm_error: Error setting voice privacy.
09-26 10:38:15.590 I/FMRadio (   83): FMRadio is initialized.
09-26 10:38:15.610 E/GeckoConsole(   83): Content JS ERROR at app://system.gaiamobile.org/js/telephony_settings.js:42 in set_vpm_error: Error roaming preference.
09-26 10:38:15.620 E/GeckoConsole(   83): Content JS ERROR at app://system.gaiamobile.org/js/telephony_settings.js:42 in set_vpm_error: Error roaming preference.
09-26 10:38:16.170 I/GeckoDump(   83): XXX FIXME : Got a mozContentEvent: inputmethod-update-layouts
09-26 10:38:16.240 I/Gecko   (   83): ############################### browserElementPanning.js loaded
09-26 10:38:16.310 I/Gecko   (   83): ######################## BrowserElementChildPreload.js loaded
