--------- beginning of /dev/log/main
04-26 10:08:49.651 I/Gecko   (   83): 1398532129660	Marionette	INFO	sendToClient: {"from":"0","ok":true}, {aa44f82d-b88d-47c6-95d4-392178492ed4}, {aa44f82d-b88d-47c6-95d4-392178492ed4}
04-26 10:08:49.731 I/Gecko   (   83): 1398532129746	Marionette	DEBUG	Got request: switchToFrame, data: {"to":"0","sessionId":"3-b2g","name":"switchToFrame","parameters":{"id":null,"focus":true}}, id: {1952d018-0899-4f29-aa29-1488e984cad8}
04-26 10:08:49.731 I/Gecko   (   83): 1398532129748	Marionette	INFO	Switched to frame: {"frameValue":null}
04-26 10:08:49.741 I/Gecko   (   83): [Parent 83] WARNING: waitpid failed pid:934 errno:10: file ../../../gecko/ipc/chromium/src/base/process_util_posix.cc, line 254
04-26 10:08:49.741 I/Gecko   (   83): [Parent 83] WARNING: Failed to deliver SIGKILL to 934!(3).: file ../../../gecko/ipc/chromium/src/chrome/common/process_watcher_posix_sigchld.cc, line 118
04-26 10:08:49.771 I/Gonk    (   83): Setting nice for pid 996 to 18
04-26 10:08:49.771 I/Gonk    (   83): Changed nice for pid 996 from 0 to 18.
04-26 10:08:49.841 I/Gecko   (   83): 1398532129852	Marionette	INFO	sendToClient: {"from":"0","ok":true}, {1952d018-0899-4f29-aa29-1488e984cad8}, {1952d018-0899-4f29-aa29-1488e984cad8}
04-26 10:08:49.841 I/Gecko   (   83): 1398532129859	Marionette	DEBUG	Got request: executeWithCallback, data: {"to":"0","sessionId":"3-b2g","name":"executeAsyncScript","parameters":{"specialPowers":false,"scriptTimeout":null,"newSandbox":true,"args":[],"filename":"gaia_test.py","script":"return GaiaApps.displayedApp();","line":66}}, id: {eb59ff9b-880b-4b05-8a75-d4617479076a}
04-26 10:08:49.961 I/Gecko   (   83): 1398532129979	Marionette	INFO	sendToClient: {"from":"0","value":{"frame":{"ELEMENT":"{8940d6cd-e272-47f3-9fdd-dce75161ba50}"},"src":"app://homescreen.gaiamobile.org/index.html#root","name":"Homescreen","origin":"app://homescreen.gaiamobile.org"}}, {eb59ff9b-880b-4b05-8a75-d4617479076a}, {eb59ff9b-880b-4b05-8a75-d4617479076a}
04-26 10:08:49.981 E/GeckoConsole(   83): Content JS LOG at dummy file:392 in GaiaApps.displayedApp: app with origin 'app://homescreen.gaiamobile.org' is displayed
04-26 10:08:49.981 I/Gecko   (   83): 1398532129997	Marionette	DEBUG	Got request: switchToFrame, data: {"to":"0","sessionId":"3-b2g","name":"switchToFrame","parameters":{"id":null,"focus":true}}, id: {70b66577-788a-4647-8403-93cca68f0e70}
04-26 10:08:49.991 I/Gecko   (   83): 1398532130000	Marionette	INFO	Switched to frame: {"frameValue":null}
04-26 10:08:50.091 I/Gecko   (   83): 1398532130103	Marionette	INFO	sendToClient: {"from":"0","ok":true}, {70b66577-788a-4647-8403-93cca68f0e70}, {70b66577-788a-4647-8403-93cca68f0e70}
04-26 10:08:50.091 I/Gecko   (   83): 1398532130110	Marionette	DEBUG	Got request: switchToFrame, data: {"to":"0","sessionId":"3-b2g","name":"switchToFrame","parameters":{"id":null,"focus":true}}, id: {90c46aa9-8eac-4361-b709-97459829b0fa}
04-26 10:08:50.101 I/Gecko   (   83): 1398532130111	Marionette	INFO	Switched to frame: {"frameValue":null}
04-26 10:08:50.201 I/Gecko   (   83): 1398532130214	Marionette	INFO	sendToClient: {"from":"0","ok":true}, {90c46aa9-8eac-4361-b709-97459829b0fa}, {90c46aa9-8eac-4361-b709-97459829b0fa}
04-26 10:08:50.211 I/Gecko   (   83): 1398532130221	Marionette	DEBUG	Got request: executeWithCallback, data: {"to":"0","sessionId":"3-b2g","name":"executeAsyncScript","parameters":{"specialPowers":false,"scriptTimeout":null,"newSandbox":true,"args":[],"filename":"gaia_test.py","script":"return GaiaApps.displayedApp();","line":66}}, id: {7194f361-0858-48ca-b768-ad1c7e0e242c}
04-26 10:08:50.321 E/GeckoConsole(   83): Content JS LOG at dummy file:392 in GaiaApps.displayedApp: app with origin 'app://homescreen.gaiamobile.org' is displayed
04-26 10:08:50.341 I/Gecko   (   83): 1398532130351	Marionette	INFO	sendToClient: {"from":"0","value":{"frame":{"ELEMENT":"{8940d6cd-e272-47f3-9fdd-dce75161ba50}"},"src":"app://homescreen.gaiamobile.org/index.html#root","name":"Homescreen","origin":"app://homescreen.gaiamobile.org"}}, {7194f361-0858-48ca-b768-ad1c7e0e242c}, {7194f361-0858-48ca-b768-ad1c7e0e242c}
04-26 10:08:50.351 I/Gecko   (   83): 1398532130366	Marionette	DEBUG	Got request: switchToFrame, data: {"to":"0","sessionId":"3-b2g","name":"switchToFrame","parameters":{"focus":true,"element":"{8940d6cd-e272-47f3-9fdd-dce75161ba50}"}}, id: {04075f23-ff6d-4866-ba7f-69d69dc5a179}
04-26 10:08:50.371 I/Gecko   (   83): 1398532130383	Marionette	INFO	Switched to frame: {"frameValue":"{8940d6cd-e272-47f3-9fdd-dce75161ba50}"}
04-26 10:08:50.371 I/Gecko   (   83): 1398532130385	Marionette	INFO	trying remote frame 0
04-26 10:08:50.371 I/Gecko   (   83): 1398532130386	Marionette	INFO	deleting frame
04-26 10:08:50.371 I/Gecko   (   83): 1398532130387	Marionette	INFO	trying remote frame 1
04-26 10:08:50.371 I/Gecko   (   83): 1398532130387	Marionette	INFO	deleting frame
04-26 10:08:50.391 I/Gecko   (   83): 1398532130402	Marionette	INFO	frame-manager load script: [object ChromeMessageSender]
04-26 10:08:51.071 I/Gecko   (   83): 1398532131087	Marionette	INFO	sendToClient: {"from":"0","ok":true}, {04075f23-ff6d-4866-ba7f-69d69dc5a179}, {04075f23-ff6d-4866-ba7f-69d69dc5a179}
04-26 10:08:51.441 I/Gecko   (   83): 1398532131456	Marionette	INFO	sendToClient: {"from":"0","value":{"ELEMENT":"{becea16c-c15e-4240-a970-299797d2fe93}"}}, {e41cb03c-3c73-4ecf-b842-e85776f87367}, {e41cb03c-3c73-4ecf-b842-e85776f87367}
04-26 10:08:51.811 E/GeckoConsole(  965): [JavaScript Warning: "Use of getAttributeNode() is deprecated. Use getAttribute() instead." {file: "chrome://marionette/content/atoms.js" line: 25}]
04-26 10:08:51.811 W/WifiHW  (   83): wifi_command: SIGNAL_POLL
04-26 10:08:51.851 E/GeckoConsole(  965): [JavaScript Warning: "Use of attributes' specified attribute is deprecated. It always returns true." {file: "chrome://marionette/content/atoms.js" line: 25}]
04-26 10:08:51.861 I/Gecko   (   83): 1398532131875	Marionette	INFO	sendToClient: {"from":"0","value":"normal"}, {c3678815-4915-4f0b-9916-dc9d44631051}, {c3678815-4915-4f0b-9916-dc9d44631051}
04-26 10:08:51.871 I/Gecko   (   83): 1398532131882	Marionette	DEBUG	Got request: switchToFrame, data: {"to":"0","sessionId":"3-b2g","name":"switchToFrame","parameters":{"id":null,"focus":true}}, id: {7bfba977-584f-46ab-bb0d-8041778399eb}
04-26 10:08:51.891 I/Gecko   (   83): 1398532131902	Marionette	INFO	Switched to frame: {"frameValue":null}
04-26 10:08:51.991 I/Gecko   (   83): 1398532132005	Marionette	INFO	sendToClient: {"from":"0","ok":true}, {7bfba977-584f-46ab-bb0d-8041778399eb}, {7bfba977-584f-46ab-bb0d-8041778399eb}
04-26 10:08:52.011 I/Gecko   (   83): 1398532132023	Marionette	DEBUG	Got request: execute, data: {"to":"0","sessionId":"3-b2g","name":"executeScript","parameters":{"specialPowers":false,"scriptTimeout":null,"newSandbox":true,"args":[],"filename":"gaia_test.py","script":"window.wrappedJSObject.dispatchEvent(new Event('home'));","line":788}}, id: {5c58e1c7-2011-4734-bc3b-3b6a2cf7a8fb}
04-26 10:08:52.161 I/Gecko   (   83): 1398532132172	Marionette	INFO	sendToClient: {"from":"0","value":null}, {5c58e1c7-2011-4734-bc3b-3b6a2cf7a8fb}, {5c58e1c7-2011-4734-bc3b-3b6a2cf7a8fb}
04-26 10:08:52.171 I/Gecko   (   83): 1398532132185	Marionette	DEBUG	Got request: switchToFrame, data: {"to":"0","sessionId":"3-b2g","name":"switchToFrame","parameters":{"id":null,"focus":true}}, id: {f8d9a16c-fa69-436d-9d73-a08d85a926f7}
04-26 10:08:52.181 I/Gecko   (   83): 1398532132196	Marionette	INFO	Switched to frame: {"frameValue":null}
04-26 10:08:52.291 I/Gecko   (   83): 1398532132302	Marionette	INFO	sendToClient: {"from":"0","ok":true}, {f8d9a16c-fa69-436d-9d73-a08d85a926f7}, {f8d9a16c-fa69-436d-9d73-a08d85a926f7}
04-26 10:08:52.291 I/Gecko   (   83): 1398532132309	Marionette	DEBUG	Got request: switchToFrame, data: {"to":"0","sessionId":"3-b2g","name":"switchToFrame","parameters":{"id":null,"focus":true}}, id: {28ecc378-21c9-4576-9d3b-587746de0078}
04-26 10:08:52.301 I/Gecko   (   83): 1398532132313	Marionette	INFO	Switched to frame: {"frameValue":null}
04-26 10:08:52.401 I/Gecko   (   83): 1398532132415	Marionette	INFO	sendToClient: {"from":"0","ok":true}, {28ecc378-21c9-4576-9d3b-587746de0078}, {28ecc378-21c9-4576-9d3b-587746de0078}
04-26 10:08:52.411 I/Gecko   (   83): 1398532132422	Marionette	DEBUG	Got request: executeWithCallback, data: {"to":"0","sessionId":"3-b2g","name":"executeAsyncScript","parameters":{"specialPowers":false,"scriptTimeout":null,"newSandbox":true,"args":[],"filename":"gaia_test.py","script":"return GaiaApps.displayedApp();","line":66}}, id: {43ea540b-dc77-4ad2-b5cf-47d9aeee048f}
04-26 10:08:52.471 I/Gecko   (  996): ###################################### forms.js loaded
04-26 10:08:52.521 E/GeckoConsole(   83): Content JS LOG at dummy file:392 in GaiaApps.displayedApp: app with origin 'app://homescreen.gaiamobile.org' is displayed
04-26 10:08:52.531 I/Gecko   (   83): 1398532132541	Marionette	INFO	sendToClient: {"from":"0","value":{"frame":{"ELEMENT":"{8940d6cd-e272-47f3-9fdd-dce75161ba50}"},"src":"app://homescreen.gaiamobile.org/index.html#rootSat%20Apr%2026%202014%2010:08:52%20GMT-0700%20(UTC)","name":"Homescreen","origin":"app://homescreen.gaiamobile.org"}}, {43ea540b-dc77-4ad2-b5cf-47d9aeee048f}, {43ea540b-dc77-4ad2-b5cf-47d9aeee048f}
04-26 10:08:52.531 I/Gecko   (   83): 1398532132549	Marionette	DEBUG	Got request: switchToFrame, data: {"to":"0","sessionId":"3-b2g","name":"switchToFrame","parameters":{"focus":true,"element":"{8940d6cd-e272-47f3-9fdd-dce75161ba50}"}}, id: {d2c3bbbc-5c6e-42e1-8566-300ba5222e99}
04-26 10:08:52.561 I/Gecko   (  996): ############################### browserElementPanning.js loaded
04-26 10:08:52.571 I/Gecko   (   83): 1398532132560	Marionette	INFO	Switched to frame: {"frameValue":"{8940d6cd-e272-47f3-9fdd-dce75161ba50}"}
04-26 10:08:52.601 I/Gecko   (   83): 1398532132615	Marionette	INFO	trying remote frame 0
04-26 10:08:52.601 I/Gecko   (  996): ######################## BrowserElementChildPreload.js loaded
04-26 10:08:52.621 I/Gecko   (   83): 1398532132631	Marionette	INFO	trying remote frame 1
04-26 10:08:53.261 I/Gecko   (   83): 1398532133274	Marionette	INFO	sendToClient: {"from":"0","ok":true}, {d2c3bbbc-5c6e-42e1-8566-300ba5222e99}, {d2c3bbbc-5c6e-42e1-8566-300ba5222e99}
04-26 10:08:53.271 I/Gecko   (   83): 1398532133282	Marionette	DEBUG	Got request: execute, data: {"to":"0","sessionId":"3-b2g","name":"executeScript","parameters":{"specialPowers":false,"scriptTimeout":null,"newSandbox":true,"args":[],"filename":"gaia_test.py","script":"return window.wrappedJSObject.GridManager.pageHelper.getCurrentPageNumber();","line":784}}, id: {3bd6a47f-d75e-45c5-8e25-3ba9c424a90a}
04-26 10:08:53.561 I/Gecko   (   83): 1398532133573	Marionette	INFO	sendToClient: {"from":"0","value":0}, {3bd6a47f-d75e-45c5-8e25-3ba9c424a90a}, {3bd6a47f-d75e-45c5-8e25-3ba9c424a90a}
04-26 10:08:53.731 I/Gecko   (   83): 1398532133749	Marionette	INFO	sendToClient: {"from":"0","value":["{317b6992-e716-4ef0-9d2f-6e1f560074c0}","{a783af95-c7c3-4373-bb00-a8a79b5d8691}","{47a6d896-13c2-42e3-9343-0c8072dfc551}","{dd58919e-da7d-4185-910e-2b648413bd05}","{e3eb3da1-edb3-4e56-b444-035bb705e7d5}","{f52465dd-0b54-4976-a5be-ea1187a45397}","{5399de2c-d135-4110-a5ac-a81484f836b6}","{2db70406-5014-454d-a1f2-d12e969b3ee9}","{8571ca81-1e05-4926-9ce4-9462de407b54}","{7d1e1787-2272-4612-85c5-957ca9c1077d}","{b0b305dd-e3d8-4b8b-9999-b6394cd15d5a}","{b2d0870d-ce05-41e3-8428-b4dce71f5ed3}","{4770ddd0-3974-4bf5-8b55-68337e2a734e}","{4623851a-9078-4b6d-842d-a7b2f28328c1}","{c98dc1c5-d688-4e40-9488-729659b06a74}","{a3f0cbac-d720-407a-9764-9fe8d0f3a6b4}","{70a0f2b6-c48d-469d-8097-58f8777b30bb}","{8626bc3b-c8f2-4b81-b4a8-0fe6fc6d21d3}","{8872abf0-d6fb-422d-a8da-205a96e437b1}","{a8848ae0-9bfb-410f-a71a-5338647667a4}","{2627d2e1-b27c-4ab6-ba4a-c130a3e0fa52}","{494f232f-afbf-40f2-9ec3-db4ec786f239}","{ea4d56af-a200-4537-a267-04a038e039be}","{bd9c6c53-6263
04-26 10:08:54.761 I/Gecko   (   83): 1398532134777	Marionette	INFO	sendToClient: {"from":"0","value":"app://homescreen.gaiamobile.org/index.html#rootSat%20Apr%2026%202014%2010:08:52%20GMT-0700%20(UTC)"}, {e5bbd74e-7abb-4391-9bfc-ac3b47911935}, {e5bbd74e-7abb-4391-9bfc-ac3b47911935}
04-26 10:08:54.771 I/Gecko   (   83): 1398532134788	Marionette	DEBUG	Got request: switchToFrame, data: {"to":"0","sessionId":"3-b2g","name":"switchToFrame","parameters":{"id":null,"focus":true}}, id: {7fad9c2b-692e-4b36-9327-b732e54224e1}
04-26 10:08:54.791 I/Gecko   (   83): 1398532134803	Marionette	INFO	Switched to frame: {"frameValue":null}
04-26 10:08:54.841 E/GeckoConsole(  965): Content JS WARN at app://homescreen.gaiamobile.org/gaia_build_defer_index.js:184 in isHiddenApp: Unexpected role when checking hidden app: undefined
04-26 10:08:54.841 E/GeckoConsole(  965): Content JS WARN at app://homescreen.gaiamobile.org/gaia_build_defer_index.js:184 in isHiddenApp: Unexpected role when checking hidden app: undefined
04-26 10:08:54.841 E/GeckoConsole(  965): Content JS WARN at app://homescreen.gaiamobile.org/gaia_build_defer_index.js:184 in isHiddenApp: Unexpected role when checking hidden app: undefined
04-26 10:08:54.841 E/GeckoConsole(  965): Content JS WARN at app://homescreen.gaiamobile.org/gaia_build_defer_index.js:184 in isHiddenApp: Unexpected role when checking hidden app: undefined
04-26 10:08:54.841 E/GeckoConsole(  965): Content JS WARN at app://homescreen.gaiamobile.org/gaia_build_defer_index.js:184 in isHiddenApp: Unexpected role when checking hidden app: undefined
04-26 10:08:54.841 E/GeckoConsole(  965): Content JS WARN at app://homescreen.gaiamobile.org/gaia_build_defer_index.js:184 in isHiddenApp: Unexpected role when checking hidden app: undefined
04-26 10:08:54.851 E/GeckoConsole(  965): Content JS WARN at app://homescreen.gaiamobile.org/gaia_build_defer_index.js:184 in isHiddenApp: Unexpected role when checking hidden app: undefined
04-26 10:08:54.851 E/GeckoConsole(  965): Content JS WARN at app://homescreen.gaiamobile.org/gaia_build_defer_index.js:184 in isHiddenApp: Unexpected role when checking hidden app: undefined
04-26 10:08:54.851 E/GeckoConsole(  965): Content JS WARN at app://homescreen.gaiamobile.org/gaia_build_defer_index.js:184 in isHiddenApp: Unexpected role when checking hidden app: undefined
04-26 10:08:54.851 E/GeckoConsole(  965): Content JS WARN at app://homescreen.gaiamobile.org/gaia_build_defer_index.js:184 in isHiddenApp: Unexpected role when checking hidden app: undefined
04-26 10:08:54.851 E/GeckoConsole(  965): Content JS WARN at app://homescreen.gaiamobile.org/gaia_build_defer_index.js:184 in isHiddenApp: Unexpected role when checking hidden app: undefined
04-26 10:08:54.851 E/GeckoConsole(  965): Content JS WARN at app://homescreen.gaiamobile.org/gaia_build_defer_index.js:184 in isHiddenApp: Unexpected role when checking hidden app: undefined
04-26 10:08:54.851 E/GeckoConsole(  965): Content JS WARN at app://homescreen.gaiamobile.org/gaia_build_defer_index.js:184 in isHiddenApp: Unexpected role when checking hidden app: undefined
04-26 10:08:54.851 E/GeckoConsole(  965): Content JS WARN at app://homescreen.gaiamobile.org/gaia_build_defer_index.js:184 in isHiddenApp: Unexpected role when checking hidden app: undefined
04-26 10:08:54.851 E/GeckoConsole(  965): Content JS WARN at app://homescreen.gaiamobile.org/gaia_build_defer_index.js:184 in isHiddenApp: Unexpected role when checking hidden app: undefined
04-26 10:08:54.851 E/GeckoConsole(  965): Content JS WARN at app://homescreen.gaiamobile.org/gaia_build_defer_index.js:184 in isHiddenApp: Unexpected role when checking hidden app: undefined
04-26 10:08:54.851 E/GeckoConsole(  965): Content JS WARN at app://homescreen.gaiamobile.org/gaia_build_defer_index.js:184 in isHiddenApp: Unexpected role when checking hidden app: undefined
04-26 10:08:54.851 E/GeckoConsole(  965): Content JS WARN at app://homescreen.gaiamobile.org/gaia_build_defer_index.js:184 in isHiddenApp: Unexpected role when checking hidden app: undefined
04-26 10:08:54.851 E/GeckoConsole(  965): Content JS WARN at app://homescreen.gaiamobile.org/gaia_build_defer_index.js:184 in isHiddenApp: Unexpected role when checking hidden app: undefined
04-26 10:08:54.851 E/GeckoConsole(  965): Content JS WARN at app://homescreen.gaiamobile.org/gaia_build_defer_index.js:184 in isHiddenApp: Unexpected role when checking hidden app: undefined
04-26 10:08:54.861 E/GeckoConsole(  965): Content JS WARN at app://homescreen.gaiamobile.org/gaia_build_defer_index.js:184 in isHiddenApp: Unexpected role when checking hidden app: undefined
04-26 10:08:54.861 E/GeckoConsole(  965): Content JS WARN at app://homescreen.gaiamobile.org/gaia_build_defer_index.js:184 in isHiddenApp: Unexpected role when checking hidden app: undefined
04-26 10:08:54.861 E/GeckoConsole(  965): Content JS WARN at app://homescreen.gaiamobile.org/gaia_build_defer_index.js:184 in isHiddenApp: Unexpected role when checking hidden app: undefined
04-26 10:08:54.891 I/Gecko   (   83): 1398532134906	Marionette	INFO	sendToClient: {"from":"0","ok":true}, {7fad9c2b-692e-4b36-9327-b732e54224e1}, {7fad9c2b-692e-4b36-9327-b732e54224e1}
04-26 10:08:54.901 I/Gecko   (   83): 1398532134912	Marionette	DEBUG	Got request: switchToFrame, data: {"to":"0","sessionId":"3-b2g","name":"switchToFrame","parameters":{"id":null,"focus":true}}, id: {08f9e846-6720-44f2-a8f3-ca4578525492}
04-26 10:08:54.951 I/Gecko   (   83): 1398532134961	Marionette	INFO	Switched to frame: {"frameValue":null}
04-26 10:08:55.061 I/Gecko   (   83): 1398532135079	Marionette	INFO	sendToClient: {"from":"0","ok":true}, {08f9e846-6720-44f2-a8f3-ca4578525492}, {08f9e846-6720-44f2-a8f3-ca4578525492}
04-26 10:08:55.091 I/Gecko   (   83): 1398532135102	Marionette	DEBUG	Got request: executeWithCallback, data: {"to":"0","sessionId":"3-b2g","name":"executeAsyncScript","parameters":{"specialPowers":false,"scriptTimeout":30000,"newSandbox":true,"args":[],"filename":"app_checker.py","script":"GaiaApps.launchWithManifestURL('http://u18487.fos.universo.mobi/open_manifest')","line":106}}, id: {bc1ec1ac-d6b6-4c95-94dc-614b67c77e46}
04-26 10:08:55.321 I/Gonk    (   83): Setting nice for pid 996 to 18
04-26 10:08:55.321 I/Gonk    (   83): Changed nice for pid 996 from 0 to 18.
04-26 10:08:55.321 I/Gecko   (   83): [Parent 83] WARNING: waitpid failed pid:996 errno:10: file ../../../gecko/ipc/chromium/src/base/process_util_posix.cc, line 254
04-26 10:08:55.321 I/Gonk    (   83): Setting nice for pid 996 to 1
04-26 10:08:55.321 I/Gonk    (   83): Changed nice for pid 996 from 18 to 1.
04-26 10:08:55.351 E/GeckoConsole(   83): Content JS LOG at dummy file:334 in GaiaApps.launch: launching app with name 'Via Certa Natal Trânsito'
04-26 10:08:55.691 D/Sensors (   83): activate handle=0; drv=0
04-26 10:08:55.691 D/Sensors (   83): Lis3dhSensor: Control set 1
04-26 10:08:55.691 D/Sensors (   83): Lis3dhSensor: mEnabled = 1
04-26 10:08:55.781 I/Gonk    (   83): Setting nice for pid 965 to 18
04-26 10:08:55.781 I/Gonk    (   83): Changed nice for pid 965 from 1 to 18.
04-26 10:08:56.091 E/GeckoConsole(  996): [JavaScript Warning: "Error in parsing value for 'background-image'.  Declaration dropped." {file: "http://u18487.fos.universo.mobi/webroot/css/universo.css" line: 89 column: 19 source: "	background-image: -webkit-linear-gradient( #fffadf , #fff3a5 );"}]
04-26 10:08:56.161 E/GeckoConsole(  996): [JavaScript Warning: "Error in parsing value for 'background-image'.  Declaration dropped." {file: "http://u18487.fos.universo.mobi/webroot/css/universo.css" line: 174 column: 19 source: "	background-image: -webkit-linear-gradient(#888, #2D2D2D);"}]
04-26 10:08:56.171 E/GeckoConsole(  996): [JavaScript Warning: "Expected media feature name but found '-webkit-min-device-pixel-ratio'." {file: "http://u18487.fos.universo.mobi/webroot/css/universo.css" line: 260 column: 1 source: "(-webkit-min-device-pixel-ratio: 2),"}]
04-26 10:08:56.171 E/GeckoConsole(  996): [JavaScript Warning: "Expected media feature name but found 'min-device-pixel-ratio'." {file: "http://u18487.fos.universo.mobi/webroot/css/universo.css" line: 261 column: 1 source: "(min-device-pixel-ratio: 2)"}]
04-26 10:08:56.171 E/GeckoConsole(  996): [JavaScript Warning: "Error in parsing value for 'background-image'.  Declaration dropped." {file: "http://u18487.fos.universo.mobi/webroot/css/universo.css" line: 386 column: 19 source: "	background-image: -webkit-linear-gradient(#444444, #2D2D2D);"}]
04-26 10:08:56.171 E/GeckoConsole(  996): [JavaScript Warning: "Error in parsing value for 'background-image'.  Declaration dropped." {file: "http://u18487.fos.universo.mobi/webroot/css/universo.css" line: 417 column: 19 source: "	background-image: -webkit-linear-gradient(#444444, #2D2D2D);"}]
04-26 10:08:56.171 E/GeckoConsole(  996): [JavaScript Warning: "Error in parsing value for 'background-image'.  Declaration dropped." {file: "http://u18487.fos.universo.mobi/webroot/css/universo.css" line: 433 column: 19 source: "	background-image: -webkit-linear-gradient(#888, #2D2D2D);"}]
04-26 10:08:56.171 E/GeckoConsole(  996): [JavaScript Warning: "Error in parsing value for 'background-image'.  Declaration dropped." {file: "http://u18487.fos.universo.mobi/webroot/css/universo.css" line: 505 column: 19 source: "	background-image: -webkit-linear-gradient(#666,#222);"}]
04-26 10:08:56.171 E/GeckoConsole(  996): [JavaScript Warning: "Error in parsing value for 'background-image'.  Declaration dropped." {file: "http://u18487.fos.universo.mobi/webroot/css/universo.css" line: 680 column: 19 source: "	background-image: -webkit-linear-gradient(#666,#222);"}]
04-26 10:08:56.181 E/GeckoConsole(  996): [JavaScript Warning: "Error in parsing value for 'background'.  Declaration dropped." {file: "http://u18487.fos.universo.mobi/webroot/css/photoswipe.css" line: 70 column: 13 source: "	background: -webkit-gradient(linear, left top, left bottom, color-stop(0%,#303130), color-stop(100%,#000101));"}]
04-26 10:08:56.181 E/GeckoConsole(  996): [JavaScript Warning: "Error in parsing value for 'background'.  Declaration dropped." {file: "http://u18487.fos.universo.mobi/webroot/css/photoswipe.css" line: 98 column: 13 source: "	background: -webkit-gradient(linear, left top, left bottom, color-stop(0%,#303130), color-stop(100%,#000101));"}]
04-26 10:08:56.181 E/GeckoConsole(  996): [JavaScript Warning: "Expected media feature name but found '-webkit-min-device-pixel-ratio'." {file: "http://u18487.fos.universo.mobi/webroot/css/photoswipe.css" line: 164 column: 24 source: "@media only screen and (-webkit-min-device-pixel-ratio: 1.5),"}]
04-26 10:08:56.181 E/GeckoConsole(  996): [JavaScript Warning: "Expected media feature name but found '-moz-min-device-pixel-ratio'." {file: "http://u18487.fos.universo.mobi/webroot/css/photoswipe.css" line: 165 column: 24 source: "       only screen and (-moz-min-device-pixel-ratio: 1.5),"}]
04-26 10:08:56.181 E/GeckoConsole(  996): [JavaScript Warning: "Unknown property '-moz-background-size'.  Declaration dropped." {file: "http://u18487.fos.universo.mobi/webroot/css/photoswipe.css" line: 170 column: 22 source: "		-moz-background-size: 176px 88px;"}]
04-26 10:08:57.121 E/GeckoConsole(  996): [JavaScript Warning: "Unknown property 'box-sizing'.  Declaration dropped." {file: "http://u18487.fos.universo.mobi/" line: 0 column: 10 source: "box-sizing:border-box;-moz-box-sizing:border-box;-webkit-box-sizing:border-box;padding:1px;border:1px;display:block;width:4px;margin-top:1%;position:absolute;top:1%;"}]
04-26 10:08:57.161 E/GeckoConsole(  996): [JavaScript Warning: "Unknown property 'box-sizing'.  Declaration dropped." {file: "http://u18487.fos.universo.mobi/" line: 0 column: 52 source: "padding:0;margin:0;border:0;display:block;box-sizing:content-box;-moz-box-sizing:content-box;-webkit-box-sizing:content-box;"}]
04-26 10:08:57.161 E/GeckoConsole(  996): [JavaScript Warning: "Unknown property 'box-sizing'.  Declaration dropped." {file: "http://u18487.fos.universo.mobi/" line: 0 column: 52 source: "padding:0;margin:0;border:0;display:block;box-sizing:content-box;-moz-box-sizing:content-box;-webkit-box-sizing:content-box;"}]
04-26 10:08:57.801 W/WifiHW  (   83): wifi_command: SIGNAL_POLL
04-26 10:08:58.291 E/GeckoConsole(   83): [JavaScript Error: "Error installing app from: http://u18487.fos.universo.mobi: MULTIPLE_APPS_PER_ORIGIN_FORBIDDEN" {file: "resource://gre/modules/Webapps.jsm" line: 215}]
04-26 10:08:59.781 E/GeckoConsole(  996): [JavaScript Warning: "Use of getPreventDefault() is deprecated.  Use defaultPrevented instead." {file: "http://u18487.fos.universo.mobi/webroot/js/jquery-1.9.1.min.js" line: 3}]
04-26 10:09:00.941 E/GeckoConsole(   83): Content JS LOG at dummy file:326 in GaiaApps.launch/appOpen/<: app with origin 'http://u18487.fos.universo.mobi' has launched
04-26 10:09:00.951 I/Gecko   (   83): 1398532140964	Marionette	INFO	sendToClient: {"from":"0","value":{"frame":{"ELEMENT":"{9fbdac10-c60b-4b79-9def-4dfc8668dbe3}"},"src":"http://u18487.fos.universo.mobi/","name":"Via Certa Natal TrÃ¢nsito","origin":"http://u18487.fos.universo.mobi"}}, {bc1ec1ac-d6b6-4c95-94dc-614b67c77e46}, {bc1ec1ac-d6b6-4c95-94dc-614b67c77e46}
04-26 10:09:01.261 I/Gonk    (   83): Setting nice for pid 1045 to 18
04-26 10:09:01.261 I/Gonk    (   83): Changed nice for pid 1045 from 0 to 18.
04-26 10:09:01.491 E/GeckoConsole(   83): Offline cache doesn't need to update, URL=http://u18487.fos.universo.mobi/web_cache/18487
04-26 10:09:01.681 I/Gecko   (   83): 1398532141698	Marionette	DEBUG	Got request: switchToFrame, data: {"to":"0","sessionId":"3-b2g","name":"switchToFrame","parameters":{"focus":true,"element":"{9fbdac10-c60b-4b79-9def-4dfc8668dbe3}"}}, id: {da8b4a4f-3140-4bb3-bd91-c206addf12e0}
04-26 10:09:01.721 I/Gecko   (   83): 1398532141739	Marionette	INFO	Switched to frame: {"frameValue":"{9fbdac10-c60b-4b79-9def-4dfc8668dbe3}"}
04-26 10:09:01.731 I/Gecko   (   83): 1398532141749	Marionette	INFO	trying remote frame 0
04-26 10:09:01.741 I/Gecko   (   83): 1398532141752	Marionette	INFO	trying remote frame 1
04-26 10:09:01.741 I/Gecko   (   83): 1398532141757	Marionette	INFO	trying remote frame 2
04-26 10:09:01.761 I/Gecko   (   83): 1398532141776	Marionette	INFO	frame-manager load script: [object ChromeMessageSender]
04-26 10:09:02.381 I/Gecko   (   83): 1398532142394	Marionette	INFO	sendToClient: {"from":"0","ok":true}, {da8b4a4f-3140-4bb3-bd91-c206addf12e0}, {da8b4a4f-3140-4bb3-bd91-c206addf12e0}
04-26 10:09:02.431 I/Gecko   (   83): 1398532142448	Marionette	INFO	sendToClient: {"from":"0","value":"http://u18487.fos.universo.mobi/"}, {914b4f60-b7b2-48c1-bebe-0d1db5c76d86}, {914b4f60-b7b2-48c1-bebe-0d1db5c76d86}
04-26 10:09:02.441 I/Gecko   (   83): 1398532142455	Marionette	DEBUG	Got request: execute, data: {"to":"0","sessionId":"3-b2g","name":"executeScript","parameters":{"specialPowers":false,"scriptTimeout":null,"newSandbox":true,"args":[],"filename":"app_checker.py","script":"return window.document.readyState;","line":191}}, id: {69574832-f5e8-48ed-9bb5-c9147dc7f281}
04-26 10:09:02.491 I/Gecko   (   83): 1398532142501	Marionette	INFO	sendToClient: {"from":"0","value":"complete"}, {69574832-f5e8-48ed-9bb5-c9147dc7f281}, {69574832-f5e8-48ed-9bb5-c9147dc7f281}
04-26 10:09:02.501 I/Gecko   (   83): 1398532142511	Marionette	INFO	sendToClient: {"from":"0","value":"http://u18487.fos.universo.mobi/"}, {64b9296c-597e-4abf-aa03-25c42a0ac7cc}, {64b9296c-597e-4abf-aa03-25c42a0ac7cc}
04-26 10:09:02.521 I/Gecko   (  996): Attempting load of libEGL.so
04-26 10:09:02.621 D/libEGL  (  996): loaded /system/lib/egl/libEGL_mali.so
04-26 10:09:02.651 D/libEGL  (  996): loaded /system/lib/egl/libGLESv1_CM_mali.so
04-26 10:09:02.651 D/libEGL  (  996): loaded /system/lib/egl/libGLESv2_mali.so
04-26 10:09:02.711 I/Gecko   (  996): SharedSurface_Gralloc::Create -------
04-26 10:09:02.741 I/Gecko   (  996): SharedSurface_Gralloc::Create: success -- surface 0x441273c0, GraphicBuffer 0x4419ec80.
04-26 10:09:02.821 W/WifiHW  (   83): wifi_command: SIGNAL_POLL
04-26 10:09:04.271 V/AudioPolicyManagerBase(   88): startOutput() output 1, stream 1, session 4
04-26 10:09:04.271 V/AudioPolicyManagerBase(   88): changeRefCount() stream 1, count 1
04-26 10:09:04.271 V/AudioPolicyManagerBase(   88): getDeviceForStrategy() from cache strategy 0, device 2
04-26 10:09:04.271 V/AudioPolicyManagerBase(   88): getNewDevice() selected device 2
04-26 10:09:04.271 D/AudioPolicyManagerBase(   88): setOutputDevice() output 1 device 2 delayMs 0
04-26 10:09:04.271 V/AudioPolicyManagerBase(   88): setOutputDevice() setting same device 2 or null device for output 1
04-26 10:09:04.271 E/AudioPolicyManagerBase(   88): checkAndSetVolume stream=1, index=15, output=1, device=2
04-26 10:09:04.271 E/AudioPolicyManagerBase(   88): computeVolume, streamDesc=0x1275bb0
04-26 10:09:04.271 V/AudioPolicyManagerBase(   88): VOLUME vol index=[60 100 100], dB=[-11.0 0.0 0.0] ampl=1.00000
04-26 10:09:04.311 W/AudioFlinger(   88): Thread AudioOut_1 cannot connect to the power manager service
04-26 10:09:04.311 V/AudioPolicyManagerBase(   88): stopOutput() output 1, stream 1, session 4
04-26 10:09:04.311 V/AudioPolicyManagerBase(   88): changeRefCount() stream 1, count 0
04-26 10:09:04.311 V/AudioPolicyManagerBase(   88): getNewDevice() selected device 0
04-26 10:09:04.311 D/AudioPolicyManagerBase(   88): setOutputDevice() output 1 device 0 delayMs 290
04-26 10:09:04.311 V/AudioPolicyManagerBase(   88): setOutputDevice() setting same device 0 or null device for output 1
04-26 10:09:04.321 V/AudioPolicyManagerBase(   88): startOutput() output 1, stream 1, session 4
04-26 10:09:04.321 V/AudioPolicyManagerBase(   88): changeRefCount() stream 1, count 1
04-26 10:09:04.321 V/AudioPolicyManagerBase(   88): getDeviceForStrategy() from cache strategy 0, device 2
04-26 10:09:04.321 V/AudioPolicyManagerBase(   88): getNewDevice() selected device 2
04-26 10:09:04.321 D/AudioPolicyManagerBase(   88): setOutputDevice() output 1 device 2 delayMs 0
04-26 10:09:04.321 V/AudioPolicyManagerBase(   88): setOutputDevice() setting same device 2 or null device for output 1
04-26 10:09:04.321 E/AudioPolicyManagerBase(   88): checkAndSetVolume stream=1, index=15, output=1, device=2
04-26 10:09:04.321 E/AudioPolicyManagerBase(   88): computeVolume, streamDesc=0x1275bb0
04-26 10:09:04.321 V/AudioPolicyManagerBase(   88): VOLUME vol index=[60 100 100], dB=[-11.0 0.0 0.0] ampl=1.00000
04-26 10:09:04.321 V/AudioPolicyManagerBase(   88): stopOutput() output 1, stream 1, session 4
04-26 10:09:04.321 V/AudioPolicyManagerBase(   88): changeRefCount() stream 1, count 0
04-26 10:09:04.321 V/AudioPolicyManagerBase(   88): getNewDevice() selected device 0
04-26 10:09:04.321 D/AudioPolicyManagerBase(   88): setOutputDevice() output 1 device 0 delayMs 290
04-26 10:09:04.321 V/AudioPolicyManagerBase(   88): setOutputDevice() setting same device 0 or null device for output 1
04-26 10:09:04.331 V/AudioPolicyManagerBase(   88): releaseOutput() 1
04-26 10:09:04.491 I/Gecko   (   83): [Parent 83] WARNING: pipe error (140): Connection reset by peer: file ../../../gecko/ipc/chromium/src/chrome/common/ipc_channel_posix.cc, line 446
04-26 10:09:04.561 I/Gecko   (   83): 
04-26 10:09:04.561 I/Gecko   (   83): ###!!! [Parent][MessageChannel] Error: Channel error: cannot send/recv
04-26 10:09:04.561 I/Gecko   (   83): 
04-26 10:09:04.621 I/Gecko   (   83): [Parent 83] WARNING: waitpid failed pid:965 errno:10: file ../../../gecko/ipc/chromium/src/base/process_util_posix.cc, line 254
04-26 10:09:04.751 I/Gecko   (   83): 1398532144761	Marionette	INFO	sendToClient: {"from":"0","value":"iVBORw0KGgoAAAANSUhEUgAAAUAAAAHMCAYAAACk4nEJAAAgAElEQVR4nOydX4xbaXn/fbEX5yIX5yIX52IuYikXsZSLWAkQQ/gTt2kbVxHaEauSadN2meanrqZ7kY6CupqmLekQqcEENZi0RCZAVIey4CAiHNioToFQR9sBT8Fdm5XBprj0LXLbFxjgAAP7/V28f87zvuc9x55k4rTLHOnR2OccHx87M598n79vBhttICS2IY08DsctcNZCyOVzLm3cAnh0TqiOjaXJ51y+nrMW+Lglrkf3OSw0jjejnyOHqf36dU3TyHmhfH9q6vOGvIWQNRHyVvQ9cHnNURN81NDXEp9XndcCuLBwojURjq37cJ1jnCuMj5vxz2ZYQ97jIzYmbUwes4b8ru191nHWAGMNsGEdfNQQn2vUQEiuBd4EH9XBejWwvrReLXreM5/zYQ18WAcbRsf5sC72j+oIx+L64OJnKH/qa7tMv0c1sk5VvN+oDtavgvdrCEd1hKM6+Ejex0jeS68OxloAOGa3hUDYBWcNhKwBPqqBdSrgw6q8ryp4X9qQ/KTWr2LQqTisjMF6RVo5srUKBr06wo2BeP9Zfc5NBs6a+t6Ysl4FrFPGoFMGH1bAR1XwUcVtrIaM/kPfSICfBB0fCwCGCna8bdqYHKPnWwDU8JsAQM5aGmoR4FIASK8/SgagMgofDcBxBDeEbYQbClLkNVNBbloYOoCnH8cBGB1vxo8pSG4j6Jhr/1ACJXYfEi5jBeJ6BMNRHWxUF9AjoFLX4qwuzh/WMejVULu6jO56NQ5AAigBvZp8HwE7+5gAYc0EII9AKM6vWuCrJtqgVxXgG0WvC5mEHwXgSLz3oFMFHzWBzVlCEMAmQzhuyXuoRPfUl5+lb8HPgqKAnYCIYetlMAo/ub+7XsagV0O40cXsIAgAHHzclv9RVcD7kbG+gF/IqghZRf
04-26 10:09:05.171 I/Gecko   (   83): 1398532145186	Marionette	INFO	sendToClient: {"from":"0","ok":true}, {6efb7da9-773e-40fa-9c52-0f8db03e0565}, {6efb7da9-773e-40fa-9c52-0f8db03e0565}
04-26 10:09:05.191 I/Gecko   (   83): 1398532145205	Marionette	DEBUG	Got request: switchToFrame, data: {"to":"0","sessionId":"3-b2g","name":"switchToFrame","parameters":{"id":null,"focus":true}}, id: {5dddbfdb-dea8-47c6-b971-b8b5746cdc0d}
04-26 10:09:05.231 I/Gecko   (   83): 1398532145244	Marionette	INFO	Switched to frame: {"frameValue":null}
04-26 10:09:05.341 I/Gecko   (   83): 1398532145360	Marionette	INFO	sendToClient: {"from":"0","ok":true}, {5dddbfdb-dea8-47c6-b971-b8b5746cdc0d}, {5dddbfdb-dea8-47c6-b971-b8b5746cdc0d}
04-26 10:09:05.361 I/Gecko   (   83): 1398532145373	Marionette	DEBUG	Got request: executeWithCallback, data: {"to":"0","sessionId":"3-b2g","name":"executeAsyncScript","parameters":{"specialPowers":false,"scriptTimeout":null,"newSandbox":true,"args":[],"filename":"gaia_test.py","script":"return GaiaApps.displayedApp();","line":66}}, id: {a4a87d70-bea4-464a-89ef-8cc9a7d83d08}
04-26 10:09:05.491 E/GeckoConsole(   83): Content JS LOG at dummy file:392 in GaiaApps.displayedApp: app with origin 'http://u18487.fos.universo.mobi' is displayed
04-26 10:09:05.501 I/Gecko   (   83): 1398532145510	Marionette	INFO	sendToClient: {"from":"0","value":{"frame":{"ELEMENT":"{9fbdac10-c60b-4b79-9def-4dfc8668dbe3}"},"src":"http://u18487.fos.universo.mobi/","name":"Via Certa Natal TrÃ¢nsito","origin":"http://u18487.fos.universo.mobi"}}, {a4a87d70-bea4-464a-89ef-8cc9a7d83d08}, {a4a87d70-bea4-464a-89ef-8cc9a7d83d08}
04-26 10:09:05.501 I/Gecko   (   83): 1398532145517	Marionette	DEBUG	Got request: switchToFrame, data: {"to":"0","sessionId":"3-b2g","name":"switchToFrame","parameters":{"id":null,"focus":true}}, id: {c90a5704-3b9f-410d-8f93-a8e24df0d49a}
04-26 10:09:05.501 I/Gecko   (   83): 1398532145519	Marionette	INFO	Switched to frame: {"frameValue":null}
04-26 10:09:05.611 I/Gecko   (   83): 1398532145624	Marionette	INFO	sendToClient: {"from":"0","ok":true}, {c90a5704-3b9f-410d-8f93-a8e24df0d49a}, {c90a5704-3b9f-410d-8f93-a8e24df0d49a}
04-26 10:09:05.621 I/Gecko   (   83): 1398532145630	Marionette	DEBUG	Got request: execute, data: {"to":"0","sessionId":"3-b2g","name":"executeScript","parameters":{"specialPowers":false,"scriptTimeout":null,"newSandbox":true,"args":[],"filename":"gaia_test.py","script":"window.wrappedJSObject.dispatchEvent(new Event('home'));","line":788}}, id: {acc420ca-5ff4-42a8-8c80-d8c3741d27d3}
04-26 10:09:05.731 I/Gonk    (   83): Setting nice for pid 1045 to 18
04-26 10:09:05.731 I/Gonk    (   83): Changed nice for pid 1045 from 18 to 18.
04-26 10:09:05.731 I/Gecko   (   83): [Parent 83] WARNING: waitpid failed pid:1045 errno:10: file ../../../gecko/ipc/chromium/src/base/process_util_posix.cc, line 254
04-26 10:09:05.741 I/Gonk    (   83): Setting nice for pid 1045 to 1
04-26 10:09:05.741 I/Gonk    (   83): Changed nice for pid 1045 from 18 to 1.
04-26 10:09:05.771 D/Sensors (   83): activate handle=0; drv=0
04-26 10:09:05.771 D/Sensors (   83): Lis3dhSensor: Control set 0
04-26 10:09:05.771 D/Sensors (   83): Lis3dhSensor: mEnabled = 0
04-26 10:09:05.791 I/Gecko   (   83): 1398532145801	Marionette	INFO	sendToClient: {"from":"0","value":null}, {acc420ca-5ff4-42a8-8c80-d8c3741d27d3}, {acc420ca-5ff4-42a8-8c80-d8c3741d27d3}
04-26 10:09:05.801 I/Gecko   (   83): 1398532145815	Marionette	DEBUG	Got request: switchToFrame, data: {"to":"0","sessionId":"3-b2g","name":"switchToFrame","parameters":{"id":null,"focus":true}}, id: {d536293b-ad5d-47a8-989e-6a400d125028}
04-26 10:09:05.801 I/Gecko   (   83): 1398532145817	Marionette	INFO	Switched to frame: {"frameValue":null}
04-26 10:09:05.911 I/Gecko   (   83): 1398532145924	Marionette	INFO	sendToClient: {"from":"0","ok":true}, {d536293b-ad5d-47a8-989e-6a400d125028}, {d536293b-ad5d-47a8-989e-6a400d125028}
04-26 10:09:05.921 I/Gecko   (   83): 1398532145933	Marionette	DEBUG	Got request: executeWithCallback, data: {"to":"0","sessionId":"3-b2g","name":"executeAsyncScript","parameters":{"specialPowers":false,"scriptTimeout":null,"newSandbox":true,"args":[],"filename":"gaia_test.py","script":"return GaiaApps.displayedApp();","line":66}}, id: {191d4efa-5cf7-49f7-8bb4-7dc8e9faaaeb}
04-26 10:09:05.981 I/Gecko   (   83): 1398532145991	Marionette	INFO	sendToClient: {"from":"0","value":{"frame":{"ELEMENT":"{bb9fe03e-042c-4b67-9cb6-8ab0f52cd5a6}"},"src":"app://homescreen.gaiamobile.org/index.html#root","name":"Homescreen","origin":"app://homescreen.gaiamobile.org"}}, {191d4efa-5cf7-49f7-8bb4-7dc8e9faaaeb}, {191d4efa-5cf7-49f7-8bb4-7dc8e9faaaeb}
04-26 10:09:06.011 E/GeckoConsole(   83): Content JS LOG at dummy file:392 in GaiaApps.displayedApp: app with origin 'app://homescreen.gaiamobile.org' is displayed
04-26 10:09:06.011 I/Gecko   (   83): 1398532146027	Marionette	DEBUG	Got request: switchToFrame, data: {"to":"0","sessionId":"3-b2g","name":"switchToFrame","parameters":{"id":null,"focus":true}}, id: {2211dc2a-ad4e-42e4-a21f-20cf63cc65d5}
04-26 10:09:06.011 I/Gecko   (   83): 1398532146029	Marionette	INFO	Switched to frame: {"frameValue":null}
04-26 10:09:06.141 I/Gecko   (   83): 1398532146152	Marionette	INFO	sendToClient: {"from":"0","ok":true}, {2211dc2a-ad4e-42e4-a21f-20cf63cc65d5}, {2211dc2a-ad4e-42e4-a21f-20cf63cc65d5}
04-26 10:09:06.151 I/Gecko   (   83): 1398532146162	Marionette	DEBUG	Got request: switchToFrame, data: {"to":"0","sessionId":"3-b2g","name":"switchToFrame","parameters":{"id":null,"focus":true}}, id: {d83d388a-5370-42fb-b9aa-b7c1dd646ffa}
04-26 10:09:06.151 I/Gecko   (   83): 1398532146163	Marionette	INFO	Switched to frame: {"frameValue":null}
04-26 10:09:06.251 I/Gecko   (   83): 1398532146266	Marionette	INFO	sendToClient: {"from":"0","ok":true}, {d83d388a-5370-42fb-b9aa-b7c1dd646ffa}, {d83d388a-5370-42fb-b9aa-b7c1dd646ffa}
04-26 10:09:06.261 I/Gecko   (   83): 1398532146274	Marionette	DEBUG	Got request: executeWithCallback, data: {"to":"0","sessionId":"3-b2g","name":"executeAsyncScript","parameters":{"specialPowers":false,"scriptTimeout":null,"newSandbox":true,"args":[],"filename":"gaia_test.py","script":"return GaiaApps.displayedApp();","line":66}}, id: {cfd5919c-80f5-4f2a-b9da-036b5b448357}
04-26 10:09:06.311 I/Gecko   (   83): 1398532146326	Marionette	INFO	sendToClient: {"from":"0","value":{"frame":{"ELEMENT":"{bb9fe03e-042c-4b67-9cb6-8ab0f52cd5a6}"},"src":"app://homescreen.gaiamobile.org/index.html#root","name":"Homescreen","origin":"app://homescreen.gaiamobile.org"}}, {cfd5919c-80f5-4f2a-b9da-036b5b448357}, {cfd5919c-80f5-4f2a-b9da-036b5b448357}
04-26 10:09:06.321 E/GeckoConsole(   83): Content JS LOG at dummy file:392 in GaiaApps.displayedApp: app with origin 'app://homescreen.gaiamobile.org' is displayed
04-26 10:09:06.321 I/Gecko   (   83): 1398532146338	Marionette	DEBUG	Got request: switchToFrame, data: {"to":"0","sessionId":"3-b2g","name":"switchToFrame","parameters":{"focus":true,"element":"{bb9fe03e-042c-4b67-9cb6-8ab0f52cd5a6}"}}, id: {a2860c42-cc5d-4581-bae8-8da485c8f896}
04-26 10:09:06.341 I/Gecko   (   83): 1398532146358	Marionette	INFO	Switched to frame: {"frameValue":"{bb9fe03e-042c-4b67-9cb6-8ab0f52cd5a6}"}
04-26 10:09:06.351 I/Gecko   (   83): 1398532146361	Marionette	INFO	trying remote frame 0
04-26 10:09:06.361 I/Gecko   (   83): 1398532146379	Marionette	INFO	trying remote frame 1
04-26 10:09:06.371 I/Gecko   (   83): 1398532146381	Marionette	INFO	deleting frame
04-26 10:09:06.371 I/Gecko   (   83): 1398532146381	Marionette	INFO	trying remote frame 2
04-26 10:09:06.371 I/Gecko   (   83): 1398532146388	Marionette	INFO	frame-manager load script: [object ChromeMessageSender]
04-26 10:09:06.621 I/Gecko   (   83): [Parent 83] WARNING: waitpid failed pid:965 errno:10: file ../../../gecko/ipc/chromium/src/base/process_util_posix.cc, line 254
04-26 10:09:06.621 I/Gecko   (   83): [Parent 83] WARNING: Failed to deliver SIGKILL to 965!(3).: file ../../../gecko/ipc/chromium/src/chrome/common/process_watcher_posix_sigchld.cc, line 118
04-26 10:09:07.671 I/Gonk    (   83): Setting nice for pid 996 to 18
04-26 10:09:07.671 I/Gonk    (   83): Changed nice for pid 996 from 1 to 18.
04-26 10:09:07.821 W/WifiHW  (   83): wifi_command: SIGNAL_POLL
04-26 10:09:07.921 I/Gecko   ( 1045): ###################################### forms.js loaded
04-26 10:09:07.951 I/Gecko   ( 1045): ############################### browserElementPanning.js loaded
04-26 10:09:07.991 I/Gecko   ( 1045): ######################## BrowserElementChildPreload.js loaded
04-26 10:09:08.551 I/Gecko   (   83): [Parent 83] WARNING: pipe error (123): Connection reset by peer: file ../../../gecko/ipc/chromium/src/chrome/common/ipc_channel_posix.cc, line 446
04-26 10:09:08.551 I/Gecko   (   83): 
04-26 10:09:08.551 I/Gecko   (   83): ###!!! [Parent][MessageChannel] Error: Channel error: cannot send/recv
04-26 10:09:08.551 I/Gecko   (   83): 
04-26 10:09:08.631 I/Gecko   (   83): [Parent 83] WARNING: waitpid failed pid:996 errno:10: file ../../../gecko/ipc/chromium/src/base/process_util_posix.cc, line 254
04-26 10:09:09.321 I/Gecko   (   83): 1398532149332	Marionette	INFO	sendToClient: {"from":"0","ok":true}, {a2860c42-cc5d-4581-bae8-8da485c8f896}, {a2860c42-cc5d-4581-bae8-8da485c8f896}
04-26 10:09:09.671 I/Gecko   (   83): 1398532149689	Marionette	INFO	sendToClient: {"from":"0","value":"app://homescreen.gaiamobile.org/index.html#root"}, {2ee9dd68-5869-4df9-aee5-aa080fec95c1}, {2ee9dd68-5869-4df9-aee5-aa080fec95c1}
04-26 10:09:09.681 I/Gecko   (   83): 1398532149696	Marionette	DEBUG	Got request: switchToFrame, data: {"to":"0","sessionId":"3-b2g","name":"switchToFrame","parameters":{"id":null,"focus":true}}, id: {910dcbc0-581a-4200-92b8-26e80ab9691a}
04-26 10:09:09.711 I/Gecko   (   83): 1398532149721	Marionette	INFO	Switched to frame: {"frameValue":null}
04-26 10:09:09.821 I/Gecko   (   83): 1398532149833	Marionette	INFO	sendToClient: {"from":"0","ok":true}, {910dcbc0-581a-4200-92b8-26e80ab9691a}, {910dcbc0-581a-4200-92b8-26e80ab9691a}
04-26 10:09:09.821 I/Gecko   (   83): 1398532149839	Marionette	DEBUG	Got request: switchToFrame, data: {"to":"0","sessionId":"3-b2g","name":"switchToFrame","parameters":{"id":null,"focus":true}}, id: {5e02e815-25c9-4296-8da9-9c6dddbfc3ff}
04-26 10:09:09.831 I/Gecko   (   83): 1398532149841	Marionette	INFO	Switched to frame: {"frameValue":null}
04-26 10:09:10.011 I/Gecko   (   83): 1398532150028	Marionette	INFO	sendToClient: {"from":"0","ok":true}, {5e02e815-25c9-4296-8da9-9c6dddbfc3ff}, {5e02e815-25c9-4296-8da9-9c6dddbfc3ff}
04-26 10:09:10.031 I/Gecko   (   83): 1398532150046	Marionette	DEBUG	Got request: executeWithCallback, data: {"to":"0","sessionId":"3-b2g","name":"executeAsyncScript","parameters":{"specialPowers":false,"scriptTimeout":null,"newSandbox":true,"args":[],"filename":"gaia_test.py","script":"GaiaApps.killAll()","line":91}}, id: {8aef5003-d20f-4434-a768-ac08b6842496}
04-26 10:09:10.081 I/Gecko   (   83): 1398532150090	Marionette	INFO	sendToClient: {"from":"0","value":true}, {8aef5003-d20f-4434-a768-ac08b6842496}, {8aef5003-d20f-4434-a768-ac08b6842496}
04-26 10:09:10.081 I/Gecko   (   83): 1398532150096	Marionette	DEBUG	Got request: switchToFrame, data: {"to":"0","sessionId":"3-b2g","name":"switchToFrame","parameters":{"id":null,"focus":true}}, id: {94f8ad8b-a4e2-4168-a9d1-529ba0898ad4}
04-26 10:09:10.081 I/Gecko   (   83): 1398532150098	Marionette	INFO	Switched to frame: {"frameValue":null}
04-26 10:09:10.191 I/Gecko   (   83): 1398532150202	Marionette	INFO	sendToClient: {"from":"0","ok":true}, {94f8ad8b-a4e2-4168-a9d1-529ba0898ad4}, {94f8ad8b-a4e2-4168-a9d1-529ba0898ad4}
04-26 10:09:10.201 I/Gecko   (   83): 1398532150209	Marionette	DEBUG	Got request: executeWithCallback, data: {"to":"0","sessionId":"3-b2g","name":"executeAsyncScript","parameters":{"specialPowers":false,"scriptTimeout":60000,"newSandbox":true,"args":[],"filename":"app_checker.py","script":"\n        GaiaApps.locateWithManifestURL('http://u18487.fos.universo.mobi/open_manifest',\n                                       null,\n                                       function uninstall(app) {\n                                       navigator.mozApps.mgmt.uninstall(app);\n                                       marionetteScriptFinished(true);\n                                       });\n        ","line":129}}, id: {c28acd80-996e-4a8f-98f7-9e952656813e}
04-26 10:09:10.241 I/Gecko   (   83): -- webapps.js uninstall http://u18487.fos.universo.mobi/open_manifest
04-26 10:09:10.631 I/Gecko   (   83): 1398532150645	Marionette	INFO	sendToClient: {"from":"0","value":true}, {c28acd80-996e-4a8f-98f7-9e952656813e}, {c28acd80-996e-4a8f-98f7-9e952656813e}
04-26 10:09:10.631 I/Gecko   (   83): [Parent 83] WARNING: waitpid failed pid:996 errno:10: file ../../../gecko/ipc/chromium/src/base/process_util_posix.cc, line 254
04-26 10:09:10.631 I/Gecko   (   83): [Parent 83] WARNING: Failed to deliver SIGKILL to 996!(3).: file ../../../gecko/ipc/chromium/src/chrome/common/process_watcher_posix_sigchld.cc, line 118