01-01 04:42:33.830 E/eng_rf_nv_update(   98): [set_rf_nvconf]: waiting rf finish self calibration!
01-01 04:42:34.000 D/NetUtils(   81): failed to remove default route for wlan0: No such device
01-01 04:42:34.010 W/WifiHW  (   81): wifi_load_driver enter 262
01-01 04:42:34.010 W/WifiHW  (   81): DRIVER_MODULE_PATH= DRIVER_MODULE_ARG= 
01-01 04:42:34.010 W/WifiHW  (   81): driver insmod complete 
01-01 04:42:34.010 W/WifiHW  (   81): Driver() loaded succesffuly
01-01 04:42:34.190 W/WifiHW  (   84): wifi_change_fw_path: /system/lib/modules/itm_sta.ko
01-01 04:42:34.190 D/WifiHW  (   84): Unable to unload driver module "itm_ap.ko": No such file or directory
01-01 04:42:34.330 E/eng_rf_nv_update(   98): [set_rf_nvconf]: waiting rf finish self calibration!
01-01 04:42:34.390 D/WifiHW  (   84): Unable to unload driver module "itm_sta.ko": No such file or directory
01-01 04:42:34.590 W/WifiHW  (   84): insmod filename=/system/lib/modules/itm_sta.ko args= 
01-01 04:42:34.740 V/AudioPolicyManagerBase(   86): setStreamVolumeIndex() stream 3, index 0
01-01 04:42:34.740 E/AudioPolicyManagerBase(   86): checkAndSetVolume stream=3, index=0, output=1, device=2
01-01 04:42:34.740 E/AudioPolicyManagerBase(   86): computeVolume, streamDesc=0x1535368
01-01 04:42:34.740 V/AudioPolicyManagerBase(   86): setStreamVolume() for output 1 stream 3, volume 0.000000, delay 0
01-01 04:42:34.740 V/AudioPolicyManagerBase(   86): setStreamVolumeIndex() stream 1, index 0
01-01 04:42:34.740 E/AudioPolicyManagerBase(   86): checkAndSetVolume stream=1, index=0, output=1, device=2
01-01 04:42:34.740 E/AudioPolicyManagerBase(   86): computeVolume, streamDesc=0x1535330
01-01 04:42:34.740 V/AudioPolicyManagerBase(   86): setStreamVolume() for output 1 stream 1, volume 0.000000, delay 0
01-01 04:42:34.740 V/AudioPolicyManagerBase(   86): setStreamVolumeIndex() stream 5, index 14
01-01 04:42:34.740 E/AudioPolicyManagerBase(   86): checkAndSetVolume stream=5, index=14, output=1, device=2
01-01 04:42:34.740 E/AudioPolicyManagerBase(   86): computeVolume, streamDesc=0x15353a0
01-01 04:42:34.740 V/AudioPolicyManagerBase(   86): VOLUME vol index=[66 93 100], dB=[-10.2 -2.1 0.0] ampl=0.78524
01-01 04:42:34.740 V/AudioPolicyManagerBase(   86): setStreamVolume() for output 1 stream 5, volume 0.785236, delay 0
01-01 04:42:34.740 V/AudioPolicyManagerBase(   86): setStreamVolumeIndex() stream 2, index 14
01-01 04:42:34.740 E/AudioPolicyManagerBase(   86): checkAndSetVolume stream=2, index=14, output=1, device=2
01-01 04:42:34.740 E/AudioPolicyManagerBase(   86): computeVolume, streamDesc=0x153534c
01-01 04:42:34.740 V/AudioPolicyManagerBase(   86): VOLUME vol index=[66 93 100], dB=[-10.2 -2.1 0.0] ampl=0.78524
01-01 04:42:34.740 V/AudioPolicyManagerBase(   86): setStreamVolume() for output 1 stream 2, volume 0.785236, delay 0
01-01 04:42:34.750 V/AudioPolicyManagerBase(   86): setStreamVolumeIndex() stream 4, index 15
01-01 04:42:34.750 E/AudioPolicyManagerBase(   86): checkAndSetVolume stream=4, index=15, output=1, device=2
01-01 04:42:34.750 E/AudioPolicyManagerBase(   86): computeVolume, streamDesc=0x1535384
01-01 04:42:34.750 V/AudioPolicyManagerBase(   86): VOLUME vol index=[66 100 100], dB=[-10.2 0.0 0.0] ampl=1.00000
01-01 04:42:34.760 V/AudioPolicyManagerBase(   86): setStreamVolumeIndex() stream 0, index 5
01-01 04:42:34.760 E/AudioPolicyManagerBase(   86): checkAndSetVolume stream=0, index=5, output=1, device=2
01-01 04:42:34.760 E/AudioPolicyManagerBase(   86): computeVolume, streamDesc=0x1535314
01-01 04:42:34.760 V/AudioPolicyManagerBase(   86): VOLUME vol index=[66 100 100], dB=[-17.0 0.0 0.0] ampl=1.00000
01-01 04:42:34.760 V/AudioPolicyManagerBase(   86): setStreamVolumeIndex() stream 6, index 15
01-01 04:42:34.760 V/AudioPolicyManagerBase(   86): checkAndSetVolume() cannot set stream 6 volume with force use = 0 for comm
01-01 04:42:34.830 E/eng_rf_nv_update(   98): [set_rf_nvconf]: waiting rf finish self calibration!
01-01 04:42:35.080 I/VolumeManager(   81): SetSharingMode for volume sdcard to 1 canBeShared = 1
01-01 04:42:35.080 I/AutoMounter(   81): UpdateState: umsAvail:1 umsEnabled:1 mode:0 usbCablePluggedIn:1 tryToShare:0
01-01 04:42:35.080 I/AutoMounter(   81): UpdateState: Volume sdcard is Mounted and inserted @ /mnt/sdcard gen 1 locked 0 sharing y
01-01 04:42:35.310 I/Gecko   (   81): ###################################### forms.js loaded
01-01 04:42:35.320 I/Gecko   (   81): ############################### browserElementPanning.js loaded
01-01 04:42:35.340 E/eng_rf_nv_update(   98): [set_rf_nvconf]: waiting rf finish self calibration!
01-01 04:42:35.340 I/Gecko   (   81): ######################## BrowserElementChildPreload.js loaded
01-01 04:42:35.370 I/Gecko   (   81): *** UTM:SVC TimerManager:registerTimer - id: user-agent-updates-timer
01-01 04:42:35.370 E/GeckoConsole(   81): UTM:SVC TimerManager:registerTimer - id: user-agent-updates-timer
01-01 04:42:35.450 I/Gecko:ProcessPriorityManager(   81): [(Preallocated), child-id=1, pid=346] Creating ParticularProcessPriorityManager.
01-01 04:42:35.450 I/Gecko:ProcessPriorityManager(   81): [(Preallocated), child-id=1, pid=346] Done starting up.  mHoldsCPUWakeLock=0, mHoldsHighPriorityWakeLock=0
01-01 04:42:35.840 E/eng_rf_nv_update(   98): [set_rf_nvconf]: waiting rf finish self calibration!
01-01 04:42:36.000 E/Profiler(  346): BEGIN mozilla_sampler_init
01-01 04:42:36.000 E/Profiler(  346): BPUnw: [1 total] thread_register_for_profiling(me=0x40178488, stacktop=0xbea499c7)
01-01 04:42:36.000 E/Profiler(  346): SPS:
01-01 04:42:36.000 E/Profiler(  346): SPS: Unwind mode       = pseudo
01-01 04:42:36.000 E/Profiler(  346): SPS: Sampling interval = 0 ms (zero means "platform default")
01-01 04:42:36.000 E/Profiler(  346): SPS: Entry store size  = 0 (zero means "platform default")
01-01 04:42:36.000 E/Profiler(  346): SPS: UnwindStackScan   = 0 (max dubious frames per unwind).
01-01 04:42:36.000 E/Profiler(  346): SPS: Use env var MOZ_PROFILER_MODE=help for further information.
01-01 04:42:36.000 E/Profiler(  346): SPS:
01-01 04:42:36.000 E/Profiler(  346): Registering start signal
01-01 04:42:36.340 E/eng_rf_nv_update(   98): [set_rf_nvconf]: waiting rf finish self calibration!
01-01 04:42:36.420 E/GeckoConsole(   81): [JavaScript Warning: "Error in parsing value for 'font-weight'.  Declaration dropped." {file: "app://system.gaiamobile.org/style/shrinking_ui/shrinking_ui.css" line: 9 column: 15 source: "  font-weight: medium;"}]
01-01 04:42:36.590 E/GeckoConsole(  346): Could not read chrome manifest 'file:///system/b2g/chrome.manifest'.
01-01 04:42:36.790 D/Sensors (   81): activate handle=0; drv=0
01-01 04:42:36.790 D/Sensors (   81): Lis3dhSensor: Control set 0
01-01 04:42:36.790 D/Sensors (   81): Lis3dhSensor: mEnabled = 0
01-01 04:42:36.800 I/Gecko   (   81): MobileConnection initialized
01-01 04:42:36.800 I/Gecko   (   81): MobileConnection initialized
01-01 04:42:36.810 D/SoftapController(   84): Softap fwReload - Ok
01-01 04:42:36.810 E/BandwidthController(   84): No such iface wlan0 to delete
01-01 04:42:36.840 E/eng_rf_nv_update(   98): [set_rf_nvconf]: waiting rf finish self calibration!
01-01 04:42:37.290 I/Gecko   (   81): Attempting load of libEGL.so
01-01 04:42:37.330 D/libEGL  (   81): loaded /system/lib/egl/libEGL_mali.so
01-01 04:42:37.340 E/eng_rf_nv_update(   98): [set_rf_nvconf]: waiting rf finish self calibration!
01-01 04:42:37.360 D/libEGL  (   81): loaded /system/lib/egl/libGLESv1_CM_mali.so
01-01 04:42:37.370 D/libEGL  (   81): loaded /system/lib/egl/libGLESv2_mali.so
01-01 04:42:37.390 I/HWComposer(   81): Creating new instance
01-01 04:42:37.390 E/HWComposer(   81): Failed to initialize hwc
01-01 04:42:37.440 E/GeckoConsole(   81): OpenGL compositor Initialized Succesfully.
01-01 04:42:37.440 E/GeckoConsole(   81): Version: OpenGL ES 2.0 Spreadtrum Build
01-01 04:42:37.440 E/GeckoConsole(   81): Vendor: ARM
01-01 04:42:37.440 E/GeckoConsole(   81): Renderer: Mali-300
01-01 04:42:37.440 E/GeckoConsole(   81): FBO Texture Target: TEXTURE_2D
01-01 04:42:37.840 E/eng_rf_nv_update(   98): [set_rf_nvconf]: waiting rf finish self calibration!
01-01 04:42:37.940 E/Profiler(   81): BPUnw: [1 total] thread_unregister_for_profiling(me=0xfa8f38)  (NOT REGISTERED) 
01-01 04:42:38.340 E/eng_rf_nv_update(   98): [set_rf_nvconf]: waiting rf finish self calibration!
01-01 04:42:38.840 E/eng_rf_nv_update(   98): [set_rf_nvconf]: waiting rf finish self calibration!
01-01 04:42:39.340 E/eng_rf_nv_update(   98): [set_rf_nvconf]: waiting rf finish self calibration!
01-01 04:42:39.430 I/power   (   81): *** set_screen_state 1
01-01 04:42:39.430 D/Sensors (   81): activate handle=3; drv=1
01-01 04:42:39.430 D/Sensors (   81): SensorTMD2771::setEnable=0= en=1; newState=1; what=0; mEnabled=0
01-01 04:42:39.540 D/Sensors (   81): taos ---Light::TAOS_IOCTL_ALS_ON=== err=0
01-01 04:42:39.540 D/Sensors (   81): SensorTMD2771::setEnable=1= en=1; newState=1; what=0; mEnabled=1
01-01 04:42:39.540 D/Sensors (   81): SensorTMD2771::getEnable===mEnabled=0x1; enable=1
01-01 04:42:39.560 I/GeckoDump(   81): XXX FIXME : Got a mozContentEvent: nfc-hardware-state-change
01-01 04:42:39.590 I/GeckoDump(   81): XXX FIXME : Got a mozContentEvent: system-message-listener-ready
01-01 04:42:39.630 I/Gecko:ProcessPriorityManager(   81): [(Preallocated), child-id=2, pid=360] Creating ParticularProcessPriorityManager.
01-01 04:42:39.630 I/Gecko:ProcessPriorityManager(   81): [(Preallocated), child-id=2, pid=360] Done starting up.  mHoldsCPUWakeLock=0, mHoldsHighPriorityWakeLock=0
01-01 04:42:39.630 I/Gecko:ProcessPriorityManager(   81): [(Preallocated), child-id=2, pid=360] Changing priority from UNKNOWN:CPU_NORMAL to MASTER:CPU_NORMAL.
01-01 04:42:39.630 I/Gonk    (   81): Setting nice for pid 360 to 0
01-01 04:42:39.630 I/Gonk    (   81): Changed nice for pid 360 from 0 to 0.
01-01 04:42:39.720 I/Gecko   (   81): 1325410959725	Marionette	DEBUG	accepted connection on 127.0.0.1:60407
01-01 04:42:39.840 E/eng_rf_nv_update(   98): [set_rf_nvconf]: waiting rf finish self calibration!
01-01 04:42:40.030 D/Sensors (   81): SensorTMD2771::readEvents()======data_fd=53,count=16
01-01 04:42:40.030 D/Sensors (   81): SensorTMD2771::processEvent()=====code=40::value=1 
01-01 04:42:40.030 D/Sensors (   81): SensorTMD2771: mPendingEvents[Light].light = 1.000000
01-01 04:42:40.070 E/GeckoConsole(   81): [JavaScript Error: "TypeError: widgetFrame is undefined" {file: "app://system.gaiamobile.org/js/cost_control.js" line: 119}]
01-01 04:42:40.080 E/WifiHW  (   81): Leo ensure_config_file_exists config_file=/data/misc/wifi/wpa_supplicant.conf
01-01 04:42:40.080 E/WifiHW  (   81): daemon_cmd=wpa_supplicant:-iwlan0 -c/data/misc/wifi/wpa_supplicant.conf
01-01 04:42:40.340 E/eng_rf_nv_update(   98): [set_rf_nvconf]: waiting rf finish self calibration!
01-01 04:42:40.770 I/Gecko   (   81): 1325410960781	Marionette	INFO	loaded marionette-listener.js
01-01 04:42:40.770 I/Gecko   (   81): 1325410960783	Marionette	INFO	sendToClient: {"from":"0","value":"3-b2g"}, {1d0397a4-9dbe-401b-aedf-cd0d78f310e9}, {1d0397a4-9dbe-401b-aedf-cd0d78f310e9}
01-01 04:42:40.840 E/eng_rf_nv_update(   98): [set_rf_nvconf]: waiting rf finish self calibration!
01-01 04:42:40.880 I/Gecko   (   81): 1325410960890	Marionette	INFO	sendToClient: {"from":"0","value":{"ELEMENT":"{7e0c49bf-66e8-4985-8009-cd032d2ba455}"}}, {a79a5b3d-23df-48f4-adff-a251af36d667}, {a79a5b3d-23df-48f4-adff-a251af36d667}
01-01 04:42:40.940 I/Gecko   (   81): 1325410960953	Marionette	INFO	sendToClient: {"from":"0","value":false}, {0152cab4-5a59-488e-929c-e70f48b216d5}, {0152cab4-5a59-488e-929c-e70f48b216d5}
01-01 04:42:41.120 I/Gecko   (   81): 1325410961125	Marionette	INFO	sendToClient: {"from":"0","value":{"ELEMENT":"{7e0c49bf-66e8-4985-8009-cd032d2ba455}"}}, {c219cd1c-dc6c-4f81-be0e-d19c631429a8}, {c219cd1c-dc6c-4f81-be0e-d19c631429a8}
01-01 04:42:41.180 I/Gecko   (   81): 1325410961193	Marionette	INFO	sendToClient: {"from":"0","value":false}, {ab04f5f4-ba01-4327-b98c-c1ee139c8ad9}, {ab04f5f4-ba01-4327-b98c-c1ee139c8ad9}
01-01 04:42:41.330 E/slog    (  314): handle_top_logdir: slog use external storage [17]
01-01 04:42:41.340 I/Gecko   (   81): 1325410961348	Marionette	INFO	sendToClient: {"from":"0","value":{"ELEMENT":"{7e0c49bf-66e8-4985-8009-cd032d2ba455}"}}, {1e0a428a-27a6-4055-84d9-33640c78e7ab}, {1e0a428a-27a6-4055-84d9-33640c78e7ab}
01-01 04:42:41.350 E/eng_rf_nv_update(   98): [set_rf_nvconf]: waiting rf finish self calibration!
01-01 04:42:41.410 I/Gecko   (   81): 1325410961418	Marionette	INFO	sendToClient: {"from":"0","value":false}, {37390924-0265-4427-8a79-b5e659cafeca}, {37390924-0265-4427-8a79-b5e659cafeca}
01-01 04:42:41.570 I/GeckoDump(   81): XXX FIXME : Got a mozContentEvent: accessibility-screenreader
01-01 04:42:41.650 I/GeckoDump(   81): XXX FIXME : Got a mozContentEvent: nfc-hardware-state-change
01-01 04:42:41.850 E/eng_rf_nv_update(   98): [set_rf_nvconf]: waiting rf finish self calibration!
01-01 04:42:42.120 I/Gecko   (   81): 1325410962128	Marionette	INFO	sendToClient: {"from":"0","value":{"ELEMENT":"{7e0c49bf-66e8-4985-8009-cd032d2ba455}"}}, {c4465df6-9f47-4eba-8f5f-fa029a039422}, {c4465df6-9f47-4eba-8f5f-fa029a039422}
01-01 04:42:42.210 I/Gecko   (   81): 1325410962215	Marionette	INFO	sendToClient: {"from":"0","value":true}, {e454f4ad-6d95-454c-b848-f76c961689e2}, {e454f4ad-6d95-454c-b848-f76c961689e2}
01-01 04:42:42.350 E/eng_rf_nv_update(   98): [set_rf_nvconf]: waiting rf finish self calibration!
01-01 04:42:42.400 I/FMRadio (   81): FMRadio is initialized.
01-01 04:42:42.450 E/GeckoConsole(   81): Content JS ERROR at app://system.gaiamobile.org/js/telephony_settings.js:23 in set_vpm_error: Error setting voice privacy.
01-01 04:42:42.450 E/GeckoConsole(   81): Content JS ERROR at app://system.gaiamobile.org/js/telephony_settings.js:23 in set_vpm_error: Error setting voice privacy.
01-01 04:42:42.620 E/GeckoConsole(   81): Content JS ERROR at app://system.gaiamobile.org/js/telephony_settings.js:42 in set_vpm_error: Error roaming preference.
01-01 04:42:42.620 E/GeckoConsole(   81): Content JS ERROR at app://system.gaiamobile.org/js/telephony_settings.js:42 in set_vpm_error: Error roaming preference.
01-01 04:42:42.850 E/eng_rf_nv_update(   98): [set_rf_nvconf]: waiting rf finish self calibration!
01-01 04:42:42.920 I/Gecko:ProcessPriorityManager(   81): [Homescreen, child-id=2, pid=360] Changing priority from MASTER:CPU_NORMAL to FOREGROUND:CPU_NORMAL.
01-01 04:42:42.920 I/Gonk    (   81): Setting nice for pid 360 to 1
01-01 04:42:42.920 I/Gonk    (   81): Changed nice for pid 360 from 0 to 1.
01-01 04:42:42.920 I/Gecko:ProcessPriorityManager(   81): Making background LRU pool with size(3)
01-01 04:42:42.920 I/Gecko:ProcessPriorityManager(   81): KillBackgroundApps
01-01 04:42:42.920 I/Gecko   (   81): [Parent 81] WARNING: waitpid failed pid:360 errno:10: file /var/lib/jenkins/jobs/B2G.v1.3.0.Tarako/workspace/gecko/ipc/chromium/src/base/process_util_posix.cc, line 254
01-01 04:42:43.040 E/[Gralloc-ERROR](   81): int gralloc_register_buffer(const gralloc_module_t*, const native_handle_t*):79 Unable to register handle 0x45f9d150 coming from different process: 81
01-01 04:42:43.070 E/[Gralloc-ERROR](   81): int gralloc_register_buffer(const gralloc_module_t*, const native_handle_t*):79 Unable to register handle 0x45f9dec0 coming from different process: 81
01-01 04:42:43.130 E/[Gralloc-ERROR](   81): int gralloc_register_buffer(const gralloc_module_t*, const native_handle_t*):79 Unable to register handle 0x4606f880 coming from different process: 81
01-01 04:42:43.130 E/[Gralloc-ERROR](   81): int gralloc_register_buffer(const gralloc_module_t*, const native_handle_t*):79 Unable to register handle 0x4606fc90 coming from different process: 81
01-01 04:42:43.270 I/GeckoDump(   81): XXX FIXME : Got a mozContentEvent: inputmethod-update-layouts
01-01 04:42:43.330 I/Gecko   (   81): ############################### browserElementPanning.js loaded
01-01 04:42:43.350 E/eng_rf_nv_update(   98): [set_rf_nvconf]: waiting rf finish self calibration!
01-01 04:42:43.370 I/Gecko   (   81): ######################## BrowserElementChildPreload.js loaded
01-01 04:42:43.460 I/GeckoDump(   81): XXX FIXME : Got a mozContentEvent: inputmethod-update-layouts
01-01 04:42:43.850 E/eng_rf_nv_update(   98): [set_rf_nvconf]: waiting rf finish self calibration!
01-01 04:42:43.870 E/GeckoConsole(   81): [JavaScript Warning: "Error in parsing value for 'font-weight'.  Declaration dropped." {file: "app://keyboard.gaiamobile.org/style/keyboard.css" line: 132 column: 15 source: "  font-weight: medium;"}]
01-01 04:42:44.060 I/Gecko   (  360): ###################################### forms.js loaded
01-01 04:42:44.130 I/Gecko   (  360): ############################### browserElementPanning.js loaded
01-01 04:42:44.350 E/eng_rf_nv_update(   98): [set_rf_nvconf]: waiting rf finish self calibration!
01-01 04:42:44.620 I/Gecko   (  360): ######################## BrowserElementChildPreload.js loaded
01-01 04:42:44.850 E/eng_rf_nv_update(   98): [set_rf_nvconf]: waiting rf finish self calibration!
01-01 04:42:44.950 I/Gecko   (   81): 1325410964956	Marionette	INFO	sendToClient: {"from":"0","ok":true}, {33ff7e38-52bb-4fc2-bbef-1068573d7d13}, {33ff7e38-52bb-4fc2-bbef-1068573d7d13}
01-01 04:42:44.990 I/Gecko   (   81): 1325410964997	Marionette	DEBUG	Got request: switchToFrame, data: {"to":"0","sessionId":"3-b2g","name":"switchToFrame","parameters":{"id":null,"focus":true}}, id: {8b9a321d-e61c-4800-bdae-73676c5b718b}
01-01 04:42:45.000 I/Gecko   (   81): 1325410965005	Marionette	INFO	Switched to frame: {"frameValue":null}
01-01 04:42:45.100 I/Gecko   (   81): 1325410965111	Marionette	INFO	sendToClient: {"from":"0","ok":true}, {8b9a321d-e61c-4800-bdae-73676c5b718b}, {8b9a321d-e61c-4800-bdae-73676c5b718b}
01-01 04:42:45.110 I/Gecko   (   81): 1325410965118	Marionette	DEBUG	Got request: executeWithCallback, data: {"to":"0","sessionId":"3-b2g","name":"executeAsyncScript","parameters":{"specialPowers":false,"scriptTimeout":null,"newSandbox":true,"args":[],"filename":"gaia_test.py","script":"GaiaLockScreen.unlock()","line":810}}, id: {a25bd33a-1481-4c79-8c8c-a46563443cd5}
01-01 04:42:45.350 E/eng_rf_nv_update(   98): [set_rf_nvconf]: waiting rf finish self calibration!
01-01 04:42:45.530 I/Gecko   (   81): 1325410965538	Marionette	INFO	sendToClient: {"from":"0","value":{"passed":0,"failed":0,"failures":[]}}, {a25bd33a-1481-4c79-8c8c-a46563443cd5}, {a25bd33a-1481-4c79-8c8c-a46563443cd5}
01-01 04:42:45.850 E/eng_rf_nv_update(   98): [set_rf_nvconf]: waiting rf finish self calibration!
01-01 04:42:46.040 E/[Gralloc-ERROR](   81): int gralloc_register_buffer(const gralloc_module_t*, const native_handle_t*):79 Unable to register handle 0x46382470 coming from different process: 81
01-01 04:42:46.050 E/[Gralloc-ERROR](   81): int gralloc_register_buffer(const gralloc_module_t*, const native_handle_t*):79 Unable to register handle 0x46382510 coming from different process: 81
01-01 04:42:46.100 E/[Gralloc-ERROR](   81): int gralloc_register_buffer(const gralloc_module_t*, const native_handle_t*):79 Unable to register handle 0x463825b0 coming from different process: 81
01-01 04:42:46.110 E/[Gralloc-ERROR](   81): int gralloc_register_buffer(const gralloc_module_t*, const native_handle_t*):79 Unable to register handle 0x46382650 coming from different process: 81
01-01 04:42:46.110 E/[Gralloc-ERROR](   81): int gralloc_register_buffer(const gralloc_module_t*, const native_handle_t*):79 Unable to register handle 0x463826f0 coming from different process: 81
01-01 04:42:46.130 E/[Gralloc-ERROR](   81): int gralloc_register_buffer(const gralloc_module_t*, const native_handle_t*):79 Unable to register handle 0x46382790 coming from different process: 81
01-01 04:42:46.210 I/GeckoDump(   81): XXX FIXME : Got a mozContentEvent: nfc-hardware-state-change
01-01 04:42:46.220 I/GeckoDump(   81): XXX FIXME : Got a mozContentEvent: nfc-hardware-state-change
01-01 04:42:46.350 E/eng_rf_nv_update(   98): [set_rf_nvconf]: waiting rf finish self calibration!
01-01 04:42:46.370 E/[Gralloc-ERROR](   81): int gralloc_unregister_buffer(const gralloc_module_t*, const native_handle_t*):274 Trying to unregister buffer 0x4606fc90 from process 81 that was not created in current process: 81
01-01 04:42:46.370 E/[Gralloc-ERROR](   81): int gralloc_unregister_buffer(const gralloc_module_t*, const native_handle_t*):274 Trying to unregister buffer 0x4606f880 from process 81 that was not created in current process: 81
01-01 04:42:46.370 I/Gecko   (   81): 1325410966382	Marionette	INFO	sendToClient: {"from":"0","ok":true}, {140ca4d2-1fed-46ec-b711-a8568ca54a6b}, {140ca4d2-1fed-46ec-b711-a8568ca54a6b}
01-01 04:42:46.400 E/[Gralloc-ERROR](   81): int gralloc_unregister_buffer(const gralloc_module_t*, const native_handle_t*):274 Trying to unregister buffer 0x46382510 from process 81 that was not created in current process: 81
01-01 04:42:46.400 E/[Gralloc-ERROR](   81): int gralloc_unregister_buffer(const gralloc_module_t*, const native_handle_t*):274 Trying to unregister buffer 0x46382470 from process 81 that was not created in current process: 81
01-01 04:42:46.400 E/[Gralloc-ERROR](   81): int gralloc_unregister_buffer(const gralloc_module_t*, const native_handle_t*):274 Trying to unregister buffer 0x46382650 from process 81 that was not created in current process: 81
01-01 04:42:46.400 E/[Gralloc-ERROR](   81): int gralloc_unregister_buffer(const gralloc_module_t*, const native_handle_t*):274 Trying to unregister buffer 0x463825b0 from process 81 that was not created in current process: 81
01-01 04:42:46.400 E/[Gralloc-ERROR](   81): int gralloc_unregister_buffer(const gralloc_module_t*, const native_handle_t*):274 Trying to unregister buffer 0x46382790 from process 81 that was not created in current process: 81
01-01 04:42:46.400 E/[Gralloc-ERROR](   81): int gralloc_unregister_buffer(const gralloc_module_t*, const native_handle_t*):274 Trying to unregister buffer 0x463826f0 from process 81 that was not created in current process: 81
01-01 04:42:46.480 E/Profiler(   81): BPUnw: [1 total] thread_unregister_for_profiling(me=0xfa9038)  (NOT REGISTERED) 
01-01 04:42:46.480 I/Gecko   (   81): 1325410966485	Marionette	DEBUG	Got request: switchToFrame, data: {"to":"0","sessionId":"3-b2g","name":"switchToFrame","parameters":{"id":null,"focus":true}}, id: {1ce3effe-14be-44cb-9d0b-dc0b9a0133a5}
01-01 04:42:46.480 I/Gecko   (   81): 1325410966488	Marionette	INFO	Switched to frame: {"frameValue":null}
01-01 04:42:46.590 I/Gecko   (   81): 1325410966602	Marionette	INFO	sendToClient: {"from":"0","ok":true}, {1ce3effe-14be-44cb-9d0b-dc0b9a0133a5}, {1ce3effe-14be-44cb-9d0b-dc0b9a0133a5}
01-01 04:42:46.600 I/Gecko   (   81): 1325410966609	Marionette	DEBUG	Got request: executeWithCallback, data: {"to":"0","sessionId":"3-b2g","name":"executeAsyncScript","parameters":{"specialPowers":false,"scriptTimeout":60000,"newSandbox":true,"args":[],"filename":"app_checker.py","script":"\n        GaiaApps.locateWithManifestURL('https://marketplace.firefox.com/app/d50a9e71-f09f-479c-949f-40c2cfa4734f/manifest.webapp',\n                                       null,\n                                       function uninstall(app) {\n                                       navigator.mozApps.mgmt.uninstall(app);\n                                       marionetteScriptFinished(true);\n                                       });\n        ","line":129}}, id: {8b70fa9f-1061-4fd7-894a-06638416320f}
01-01 04:42:46.630 I/Gecko   (   81): 1325410966643	Marionette	INFO	sendToClient: {"from":"0","error":{"message":"TypeError: app is null","status":17,"stacktrace":"execute_async_script @app_checker.py, line 129\ninline javascript, line 221\nsrc: \"      appName = app.manifest.name;\""}}, {8b70fa9f-1061-4fd7-894a-06638416320f}, {8b70fa9f-1061-4fd7-894a-06638416320f}
01-01 04:42:46.850 E/eng_rf_nv_update(   98): [set_rf_nvconf]: waiting rf finish self calibration!