01-01 02:56:32.200 E/eng_rf_nv_update(  100): [set_rf_nvconf]: waiting rf finish self calibration!
01-01 02:56:32.250 E/bluedroid(   81): test bt_is_enabled
01-01 02:56:32.700 E/eng_rf_nv_update(  100): [set_rf_nvconf]: waiting rf finish self calibration!
01-01 02:56:32.980 D/NetUtils(   81): failed to remove default route for wlan0: No such device
01-01 02:56:32.990 W/WifiHW  (   81): wifi_load_driver enter 262
01-01 02:56:32.990 W/WifiHW  (   81): DRIVER_MODULE_PATH= DRIVER_MODULE_ARG= 
01-01 02:56:32.990 W/WifiHW  (   81): driver insmod complete 
01-01 02:56:32.990 W/WifiHW  (   81): Driver() loaded succesffuly
01-01 02:56:33.160 W/WifiHW  (   84): wifi_change_fw_path: /system/lib/modules/itm_sta.ko
01-01 02:56:33.160 D/WifiHW  (   84): Unable to unload driver module "itm_ap.ko": No such file or directory
01-01 02:56:33.200 E/eng_rf_nv_update(  100): [set_rf_nvconf]: waiting rf finish self calibration!
01-01 02:56:33.360 D/WifiHW  (   84): Unable to unload driver module "itm_sta.ko": No such file or directory
01-01 02:56:33.560 W/WifiHW  (   84): insmod filename=/system/lib/modules/itm_sta.ko args= 
01-01 02:56:33.670 V/AudioPolicyManagerBase(   86): setStreamVolumeIndex() stream 3, index 0
01-01 02:56:33.670 E/AudioPolicyManagerBase(   86): checkAndSetVolume stream=3, index=0, output=1, device=2
01-01 02:56:33.670 E/AudioPolicyManagerBase(   86): computeVolume, streamDesc=0x1899368
01-01 02:56:33.670 V/AudioPolicyManagerBase(   86): setStreamVolume() for output 1 stream 3, volume 0.000000, delay 0
01-01 02:56:33.670 V/AudioPolicyManagerBase(   86): setStreamVolumeIndex() stream 1, index 0
01-01 02:56:33.670 E/AudioPolicyManagerBase(   86): checkAndSetVolume stream=1, index=0, output=1, device=2
01-01 02:56:33.670 E/AudioPolicyManagerBase(   86): computeVolume, streamDesc=0x1899330
01-01 02:56:33.670 V/AudioPolicyManagerBase(   86): setStreamVolume() for output 1 stream 1, volume 0.000000, delay 0
01-01 02:56:33.670 V/AudioPolicyManagerBase(   86): setStreamVolumeIndex() stream 5, index 14
01-01 02:56:33.670 E/AudioPolicyManagerBase(   86): checkAndSetVolume stream=5, index=14, output=1, device=2
01-01 02:56:33.670 E/AudioPolicyManagerBase(   86): computeVolume, streamDesc=0x18993a0
01-01 02:56:33.670 V/AudioPolicyManagerBase(   86): VOLUME vol index=[66 93 100], dB=[-10.2 -2.1 0.0] ampl=0.78524
01-01 02:56:33.670 V/AudioPolicyManagerBase(   86): setStreamVolume() for output 1 stream 5, volume 0.785236, delay 0
01-01 02:56:33.670 V/AudioPolicyManagerBase(   86): setStreamVolumeIndex() stream 2, index 14
01-01 02:56:33.670 E/AudioPolicyManagerBase(   86): checkAndSetVolume stream=2, index=14, output=1, device=2
01-01 02:56:33.670 E/AudioPolicyManagerBase(   86): computeVolume, streamDesc=0x189934c
01-01 02:56:33.670 V/AudioPolicyManagerBase(   86): VOLUME vol index=[66 93 100], dB=[-10.2 -2.1 0.0] ampl=0.78524
01-01 02:56:33.670 V/AudioPolicyManagerBase(   86): setStreamVolume() for output 1 stream 2, volume 0.785236, delay 0
01-01 02:56:33.670 V/AudioPolicyManagerBase(   86): setStreamVolumeIndex() stream 4, index 15
01-01 02:56:33.670 E/AudioPolicyManagerBase(   86): checkAndSetVolume stream=4, index=15, output=1, device=2
01-01 02:56:33.670 E/AudioPolicyManagerBase(   86): computeVolume, streamDesc=0x1899384
01-01 02:56:33.670 V/AudioPolicyManagerBase(   86): VOLUME vol index=[66 100 100], dB=[-10.2 0.0 0.0] ampl=1.00000
01-01 02:56:33.670 V/AudioPolicyManagerBase(   86): setStreamVolumeIndex() stream 0, index 5
01-01 02:56:33.670 E/AudioPolicyManagerBase(   86): checkAndSetVolume stream=0, index=5, output=1, device=2
01-01 02:56:33.670 E/AudioPolicyManagerBase(   86): computeVolume, streamDesc=0x1899314
01-01 02:56:33.670 V/AudioPolicyManagerBase(   86): VOLUME vol index=[66 100 100], dB=[-17.0 0.0 0.0] ampl=1.00000
01-01 02:56:33.670 V/AudioPolicyManagerBase(   86): setStreamVolumeIndex() stream 6, index 15
01-01 02:56:33.670 V/AudioPolicyManagerBase(   86): checkAndSetVolume() cannot set stream 6 volume with force use = 0 for comm
01-01 02:56:33.700 E/eng_rf_nv_update(  100): [set_rf_nvconf]: waiting rf finish self calibration!
01-01 02:56:34.030 I/VolumeManager(   81): SetSharingMode for volume sdcard to 1 canBeShared = 1
01-01 02:56:34.040 I/AutoMounter(   81): UpdateState: umsAvail:1 umsEnabled:1 mode:0 usbCablePluggedIn:1 tryToShare:0
01-01 02:56:34.040 I/AutoMounter(   81): UpdateState: Volume sdcard is Mounted and inserted @ /mnt/sdcard gen 1 locked 0 sharing y
01-01 02:56:34.200 E/eng_rf_nv_update(  100): [set_rf_nvconf]: waiting rf finish self calibration!
01-01 02:56:34.280 I/Gecko   (   81): ###################################### forms.js loaded
01-01 02:56:34.280 I/Gecko   (   81): ############################### browserElementPanning.js loaded
01-01 02:56:34.310 I/Gecko   (   81): ######################## BrowserElementChildPreload.js loaded
01-01 02:56:34.330 I/Gecko   (   81): *** UTM:SVC TimerManager:registerTimer - id: user-agent-updates-timer
01-01 02:56:34.350 E/GeckoConsole(   81): UTM:SVC TimerManager:registerTimer - id: user-agent-updates-timer
01-01 02:56:34.410 I/Gecko:ProcessPriorityManager(   81): [(Preallocated), child-id=1, pid=346] Creating ParticularProcessPriorityManager.
01-01 02:56:34.410 I/Gecko:ProcessPriorityManager(   81): [(Preallocated), child-id=1, pid=346] Done starting up.  mHoldsCPUWakeLock=0, mHoldsHighPriorityWakeLock=0
01-01 02:56:34.700 E/eng_rf_nv_update(  100): [set_rf_nvconf]: waiting rf finish self calibration!
01-01 02:56:34.930 E/Profiler(  346): BEGIN mozilla_sampler_init
01-01 02:56:34.930 E/Profiler(  346): BPUnw: [1 total] thread_register_for_profiling(me=0x40058488, stacktop=0xbe8279c7)
01-01 02:56:34.930 E/Profiler(  346): SPS:
01-01 02:56:34.930 E/Profiler(  346): SPS: Unwind mode       = pseudo
01-01 02:56:34.930 E/Profiler(  346): SPS: Sampling interval = 0 ms (zero means "platform default")
01-01 02:56:34.930 E/Profiler(  346): SPS: Entry store size  = 0 (zero means "platform default")
01-01 02:56:34.930 E/Profiler(  346): SPS: UnwindStackScan   = 0 (max dubious frames per unwind).
01-01 02:56:34.930 E/Profiler(  346): SPS: Use env var MOZ_PROFILER_MODE=help for further information.
01-01 02:56:34.930 E/Profiler(  346): SPS:
01-01 02:56:34.930 E/Profiler(  346): Registering start signal
01-01 02:56:35.200 E/eng_rf_nv_update(  100): [set_rf_nvconf]: waiting rf finish self calibration!
01-01 02:56:35.380 E/GeckoConsole(   81): [JavaScript Warning: "Error in parsing value for 'font-weight'.  Declaration dropped." {file: "app://system.gaiamobile.org/style/shrinking_ui/shrinking_ui.css" line: 9 column: 15 source: "  font-weight: medium;"}]
01-01 02:56:35.560 E/GeckoConsole(  346): Could not read chrome manifest 'file:///system/b2g/chrome.manifest'.
01-01 02:56:35.700 E/eng_rf_nv_update(  100): [set_rf_nvconf]: waiting rf finish self calibration!
01-01 02:56:35.750 D/Sensors (   81): activate handle=0; drv=0
01-01 02:56:35.750 D/Sensors (   81): Lis3dhSensor: Control set 0
01-01 02:56:35.750 D/Sensors (   81): Lis3dhSensor: mEnabled = 0
01-01 02:56:35.760 I/Gecko   (   81): MobileConnection initialized
01-01 02:56:35.760 I/Gecko   (   81): MobileConnection initialized
01-01 02:56:35.790 D/SoftapController(   84): Softap fwReload - Ok
01-01 02:56:35.790 E/BandwidthController(   84): No such iface wlan0 to delete
01-01 02:56:36.200 E/eng_rf_nv_update(  100): [set_rf_nvconf]: waiting rf finish self calibration!
01-01 02:56:36.260 I/Gecko   (   81): Attempting load of libEGL.so
01-01 02:56:36.290 D/libEGL  (   81): loaded /system/lib/egl/libEGL_mali.so
01-01 02:56:36.330 D/libEGL  (   81): loaded /system/lib/egl/libGLESv1_CM_mali.so
01-01 02:56:36.330 D/libEGL  (   81): loaded /system/lib/egl/libGLESv2_mali.so
01-01 02:56:36.350 I/HWComposer(   81): Creating new instance
01-01 02:56:36.350 E/HWComposer(   81): Failed to initialize hwc
01-01 02:56:36.400 E/GeckoConsole(   81): OpenGL compositor Initialized Succesfully.
01-01 02:56:36.400 E/GeckoConsole(   81): Version: OpenGL ES 2.0 Spreadtrum Build
01-01 02:56:36.400 E/GeckoConsole(   81): Vendor: ARM
01-01 02:56:36.400 E/GeckoConsole(   81): Renderer: Mali-300
01-01 02:56:36.400 E/GeckoConsole(   81): FBO Texture Target: TEXTURE_2D
01-01 02:56:36.700 E/eng_rf_nv_update(  100): [set_rf_nvconf]: waiting rf finish self calibration!
01-01 02:56:36.890 E/Profiler(   81): BPUnw: [1 total] thread_unregister_for_profiling(me=0xa4ff38)  (NOT REGISTERED) 
01-01 02:56:37.200 E/eng_rf_nv_update(  100): [set_rf_nvconf]: waiting rf finish self calibration!
01-01 02:56:37.700 E/eng_rf_nv_update(  100): [set_rf_nvconf]: waiting rf finish self calibration!
01-01 02:56:38.200 E/eng_rf_nv_update(  100): [set_rf_nvconf]: waiting rf finish self calibration!
01-01 02:56:38.410 I/power   (   81): *** set_screen_state 1
01-01 02:56:38.410 D/Sensors (   81): activate handle=3; drv=1
01-01 02:56:38.410 D/Sensors (   81): SensorTMD2771::setEnable=0= en=1; newState=1; what=0; mEnabled=0
01-01 02:56:38.520 D/Sensors (   81): taos ---Light::TAOS_IOCTL_ALS_ON=== err=0
01-01 02:56:38.520 D/Sensors (   81): SensorTMD2771::setEnable=1= en=1; newState=1; what=0; mEnabled=1
01-01 02:56:38.520 D/Sensors (   81): SensorTMD2771::getEnable===mEnabled=0x1; enable=1
01-01 02:56:38.540 I/GeckoDump(   81): XXX FIXME : Got a mozContentEvent: nfc-hardware-state-change
01-01 02:56:38.560 I/GeckoDump(   81): XXX FIXME : Got a mozContentEvent: system-message-listener-ready
01-01 02:56:38.610 I/Gecko:ProcessPriorityManager(   81): [(Preallocated), child-id=2, pid=360] Creating ParticularProcessPriorityManager.
01-01 02:56:38.610 I/Gecko:ProcessPriorityManager(   81): [(Preallocated), child-id=2, pid=360] Done starting up.  mHoldsCPUWakeLock=0, mHoldsHighPriorityWakeLock=0
01-01 02:56:38.610 I/Gecko:ProcessPriorityManager(   81): [(Preallocated), child-id=2, pid=360] Changing priority from UNKNOWN:CPU_NORMAL to MASTER:CPU_NORMAL.
01-01 02:56:38.610 I/Gonk    (   81): Setting nice for pid 360 to 0
01-01 02:56:38.610 I/Gonk    (   81): Changed nice for pid 360 from 0 to 0.
01-01 02:56:38.670 I/Gecko   (   81): 1325404598682	Marionette	DEBUG	accepted connection on 127.0.0.1:43174
01-01 02:56:38.700 E/eng_rf_nv_update(  100): [set_rf_nvconf]: waiting rf finish self calibration!
01-01 02:56:39.010 D/Sensors (   81): SensorTMD2771::readEvents()======data_fd=53,count=16
01-01 02:56:39.010 D/Sensors (   81): SensorTMD2771::processEvent()=====code=40::value=1 
01-01 02:56:39.010 D/Sensors (   81): SensorTMD2771: mPendingEvents[Light].light = 1.000000
01-01 02:56:39.050 E/GeckoConsole(   81): [JavaScript Error: "TypeError: widgetFrame is undefined" {file: "app://system.gaiamobile.org/js/cost_control.js" line: 119}]
01-01 02:56:39.060 E/WifiHW  (   81): Leo ensure_config_file_exists config_file=/data/misc/wifi/wpa_supplicant.conf
01-01 02:56:39.060 E/WifiHW  (   81): daemon_cmd=wpa_supplicant:-iwlan0 -c/data/misc/wifi/wpa_supplicant.conf
01-01 02:56:39.200 E/eng_rf_nv_update(  100): [set_rf_nvconf]: waiting rf finish self calibration!
01-01 02:56:39.700 E/eng_rf_nv_update(  100): [set_rf_nvconf]: waiting rf finish self calibration!
01-01 02:56:39.750 I/Gecko   (   81): 1325404599762	Marionette	INFO	loaded marionette-listener.js
01-01 02:56:39.760 I/Gecko   (   81): 1325404599764	Marionette	INFO	sendToClient: {"from":"0","value":"3-b2g"}, {0f78aabf-ff86-41f1-b605-3e2cf46402b1}, {0f78aabf-ff86-41f1-b605-3e2cf46402b1}
01-01 02:56:39.880 I/Gecko   (   81): 1325404599889	Marionette	INFO	sendToClient: {"from":"0","value":{"ELEMENT":"{3a89fd83-e25a-4f7f-b002-eda71a2745ef}"}}, {60a4fdb1-478f-427d-b9a6-6a8f568f1721}, {60a4fdb1-478f-427d-b9a6-6a8f568f1721}
01-01 02:56:39.940 I/Gecko   (   81): 1325404599949	Marionette	INFO	sendToClient: {"from":"0","value":false}, {f0a1c094-c3b3-40d1-b87f-68615d033f3e}, {f0a1c094-c3b3-40d1-b87f-68615d033f3e}
01-01 02:56:40.100 I/Gecko   (   81): 1325404600109	Marionette	INFO	sendToClient: {"from":"0","value":{"ELEMENT":"{3a89fd83-e25a-4f7f-b002-eda71a2745ef}"}}, {435f6001-3f5a-41e9-9819-9d3da173ae5a}, {435f6001-3f5a-41e9-9819-9d3da173ae5a}
01-01 02:56:40.200 I/Gecko   (   81): 1325404600203	Marionette	INFO	sendToClient: {"from":"0","value":false}, {b950b48b-45ae-47ed-a48b-296ff8a179c5}, {b950b48b-45ae-47ed-a48b-296ff8a179c5}
01-01 02:56:40.200 E/eng_rf_nv_update(  100): [set_rf_nvconf]: waiting rf finish self calibration!
01-01 02:56:40.330 I/Gecko   (   81): 1325404600342	Marionette	INFO	sendToClient: {"from":"0","value":{"ELEMENT":"{3a89fd83-e25a-4f7f-b002-eda71a2745ef}"}}, {ac0cab51-dfba-425f-9819-a0b9701a8065}, {ac0cab51-dfba-425f-9819-a0b9701a8065}
01-01 02:56:40.350 E/slog    (  314): handle_top_logdir: slog use external storage [17]
01-01 02:56:40.410 I/Gecko   (   81): 1325404600421	Marionette	INFO	sendToClient: {"from":"0","value":false}, {9fc4fedf-f45e-4b95-b2f4-e6d3d4f482c8}, {9fc4fedf-f45e-4b95-b2f4-e6d3d4f482c8}
01-01 02:56:40.540 I/GeckoDump(   81): XXX FIXME : Got a mozContentEvent: accessibility-screenreader
01-01 02:56:40.600 I/GeckoDump(   81): XXX FIXME : Got a mozContentEvent: nfc-hardware-state-change
01-01 02:56:40.710 E/eng_rf_nv_update(  100): [set_rf_nvconf]: waiting rf finish self calibration!
01-01 02:56:40.960 I/Gecko   (   81): 1325404600964	Marionette	INFO	sendToClient: {"from":"0","value":{"ELEMENT":"{3a89fd83-e25a-4f7f-b002-eda71a2745ef}"}}, {9f867f80-e73c-4c38-8c79-27320a07b52c}, {9f867f80-e73c-4c38-8c79-27320a07b52c}
01-01 02:56:41.060 I/Gecko   (   81): 1325404601072	Marionette	INFO	sendToClient: {"from":"0","value":true}, {d9f541d5-80d5-41a1-b7d5-f98bfc60a3b0}, {d9f541d5-80d5-41a1-b7d5-f98bfc60a3b0}
01-01 02:56:41.210 E/eng_rf_nv_update(  100): [set_rf_nvconf]: waiting rf finish self calibration!
01-01 02:56:41.260 I/FMRadio (   81): FMRadio is initialized.
01-01 02:56:41.370 E/GeckoConsole(   81): Content JS ERROR at app://system.gaiamobile.org/js/telephony_settings.js:23 in set_vpm_error: Error setting voice privacy.
01-01 02:56:41.370 E/GeckoConsole(   81): Content JS ERROR at app://system.gaiamobile.org/js/telephony_settings.js:23 in set_vpm_error: Error setting voice privacy.
01-01 02:56:41.540 E/GeckoConsole(   81): Content JS ERROR at app://system.gaiamobile.org/js/telephony_settings.js:42 in set_vpm_error: Error roaming preference.
01-01 02:56:41.540 E/GeckoConsole(   81): Content JS ERROR at app://system.gaiamobile.org/js/telephony_settings.js:42 in set_vpm_error: Error roaming preference.
01-01 02:56:41.710 E/eng_rf_nv_update(  100): [set_rf_nvconf]: waiting rf finish self calibration!
01-01 02:56:41.790 I/Gecko:ProcessPriorityManager(   81): [Homescreen, child-id=2, pid=360] Changing priority from MASTER:CPU_NORMAL to FOREGROUND:CPU_NORMAL.
01-01 02:56:41.790 I/Gonk    (   81): Setting nice for pid 360 to 1
01-01 02:56:41.790 I/Gonk    (   81): Changed nice for pid 360 from 0 to 1.
01-01 02:56:41.790 I/Gecko:ProcessPriorityManager(   81): Making background LRU pool with size(3)
01-01 02:56:41.790 I/Gecko:ProcessPriorityManager(   81): KillBackgroundApps
01-01 02:56:41.790 I/Gecko   (   81): [Parent 81] WARNING: waitpid failed pid:360 errno:10: file /var/lib/jenkins/jobs/B2G.v1.3.0.Tarako/workspace/gecko/ipc/chromium/src/base/process_util_posix.cc, line 254
01-01 02:56:42.000 E/[Gralloc-ERROR](   81): int gralloc_register_buffer(const gralloc_module_t*, const native_handle_t*):79 Unable to register handle 0x4780fce0 coming from different process: 81
01-01 02:56:42.020 E/[Gralloc-ERROR](   81): int gralloc_register_buffer(const gralloc_module_t*, const native_handle_t*):79 Unable to register handle 0x4780ffb0 coming from different process: 81
01-01 02:56:42.120 E/[Gralloc-ERROR](   81): int gralloc_register_buffer(const gralloc_module_t*, const native_handle_t*):79 Unable to register handle 0x479a31a0 coming from different process: 81
01-01 02:56:42.120 E/[Gralloc-ERROR](   81): int gralloc_register_buffer(const gralloc_module_t*, const native_handle_t*):79 Unable to register handle 0x479a32e0 coming from different process: 81
01-01 02:56:42.210 E/eng_rf_nv_update(  100): [set_rf_nvconf]: waiting rf finish self calibration!
01-01 02:56:42.270 I/GeckoDump(   81): XXX FIXME : Got a mozContentEvent: inputmethod-update-layouts
01-01 02:56:42.330 I/Gecko   (   81): ############################### browserElementPanning.js loaded
01-01 02:56:42.370 I/Gecko   (   81): ######################## BrowserElementChildPreload.js loaded
01-01 02:56:42.470 I/GeckoDump(   81): XXX FIXME : Got a mozContentEvent: inputmethod-update-layouts
01-01 02:56:42.710 E/eng_rf_nv_update(  100): [set_rf_nvconf]: waiting rf finish self calibration!
01-01 02:56:42.870 E/GeckoConsole(   81): [JavaScript Warning: "Error in parsing value for 'font-weight'.  Declaration dropped." {file: "app://keyboard.gaiamobile.org/style/keyboard.css" line: 132 column: 15 source: "  font-weight: medium;"}]
01-01 02:56:43.120 I/Gecko   (  360): ###################################### forms.js loaded
01-01 02:56:43.170 I/Gecko   (  360): ############################### browserElementPanning.js loaded
01-01 02:56:43.210 E/eng_rf_nv_update(  100): [set_rf_nvconf]: waiting rf finish self calibration!
01-01 02:56:43.570 I/Gecko   (   81): 1325404603575	Marionette	INFO	sendToClient: {"from":"0","ok":true}, {d3f08ace-614a-4643-a4c5-544a5f58677a}, {d3f08ace-614a-4643-a4c5-544a5f58677a}
01-01 02:56:43.710 I/Gecko   (   81): 1325404603714	Marionette	DEBUG	Got request: switchToFrame, data: {"to":"0","sessionId":"3-b2g","name":"switchToFrame","parameters":{"id":null,"focus":true}}, id: {929f1faa-3e62-43cf-954b-eb4cec6126ac}
01-01 02:56:43.720 E/eng_rf_nv_update(  100): [set_rf_nvconf]: waiting rf finish self calibration!
01-01 02:56:43.780 I/Gecko   (   81): 1325404603787	Marionette	INFO	Switched to frame: {"frameValue":null}
01-01 02:56:43.900 I/Gecko   (   81): 1325404603906	Marionette	INFO	sendToClient: {"from":"0","ok":true}, {929f1faa-3e62-43cf-954b-eb4cec6126ac}, {929f1faa-3e62-43cf-954b-eb4cec6126ac}
01-01 02:56:43.910 I/Gecko   (   81): 1325404603913	Marionette	DEBUG	Got request: executeWithCallback, data: {"to":"0","sessionId":"3-b2g","name":"executeAsyncScript","parameters":{"specialPowers":false,"scriptTimeout":null,"newSandbox":true,"args":[],"filename":"gaia_test.py","script":"GaiaLockScreen.unlock()","line":810}}, id: {540cba7b-8a05-40c0-881c-d6b6a03417f9}
01-01 02:56:44.030 I/Gecko   (  360): ######################## BrowserElementChildPreload.js loaded
01-01 02:56:44.220 E/eng_rf_nv_update(  100): [set_rf_nvconf]: waiting rf finish self calibration!
01-01 02:56:44.320 I/Gecko   (   81): 1325404604329	Marionette	INFO	sendToClient: {"from":"0","value":{"passed":0,"failed":0,"failures":[]}}, {540cba7b-8a05-40c0-881c-d6b6a03417f9}, {540cba7b-8a05-40c0-881c-d6b6a03417f9}
01-01 02:56:44.720 E/eng_rf_nv_update(  100): [set_rf_nvconf]: waiting rf finish self calibration!
01-01 02:56:44.870 E/[Gralloc-ERROR](   81): int gralloc_register_buffer(const gralloc_module_t*, const native_handle_t*):79 Unable to register handle 0x465b51f0 coming from different process: 81
01-01 02:56:44.890 E/[Gralloc-ERROR](   81): int gralloc_register_buffer(const gralloc_module_t*, const native_handle_t*):79 Unable to register handle 0x46877bf0 coming from different process: 81
01-01 02:56:44.920 E/[Gralloc-ERROR](   81): int gralloc_register_buffer(const gralloc_module_t*, const native_handle_t*):79 Unable to register handle 0x468d9600 coming from different process: 81
01-01 02:56:44.930 E/[Gralloc-ERROR](   81): int gralloc_register_buffer(const gralloc_module_t*, const native_handle_t*):79 Unable to register handle 0x47458c90 coming from different process: 81
01-01 02:56:44.940 E/[Gralloc-ERROR](   81): int gralloc_register_buffer(const gralloc_module_t*, const native_handle_t*):79 Unable to register handle 0x47458e20 coming from different process: 81
01-01 02:56:44.940 E/[Gralloc-ERROR](   81): int gralloc_register_buffer(const gralloc_module_t*, const native_handle_t*):79 Unable to register handle 0x47458ec0 coming from different process: 81
01-01 02:56:44.980 I/Gecko   (   81): 1325404604988	Marionette	INFO	sendToClient: {"from":"0","ok":true}, {f619ecb4-cb78-4d14-bd25-60d57c42ecd7}, {f619ecb4-cb78-4d14-bd25-60d57c42ecd7}
01-01 02:56:45.040 E/[Gralloc-ERROR](   81): int gralloc_unregister_buffer(const gralloc_module_t*, const native_handle_t*):274 Trying to unregister buffer 0x479a32e0 from process 81 that was not created in current process: 81
01-01 02:56:45.040 E/[Gralloc-ERROR](   81): int gralloc_unregister_buffer(const gralloc_module_t*, const native_handle_t*):274 Trying to unregister buffer 0x479a31a0 from process 81 that was not created in current process: 81
01-01 02:56:45.090 I/GeckoDump(   81): XXX FIXME : Got a mozContentEvent: nfc-hardware-state-change
01-01 02:56:45.110 I/GeckoDump(   81): XXX FIXME : Got a mozContentEvent: nfc-hardware-state-change
01-01 02:56:45.220 E/eng_rf_nv_update(  100): [set_rf_nvconf]: waiting rf finish self calibration!
01-01 02:56:45.280 E/[Gralloc-ERROR](   81): int gralloc_unregister_buffer(const gralloc_module_t*, const native_handle_t*):274 Trying to unregister buffer 0x46877bf0 from process 81 that was not created in current process: 81
01-01 02:56:45.280 E/[Gralloc-ERROR](   81): int gralloc_unregister_buffer(const gralloc_module_t*, const native_handle_t*):274 Trying to unregister buffer 0x465b51f0 from process 81 that was not created in current process: 81
01-01 02:56:45.280 I/Gecko   (   81): 1325404605285	Marionette	DEBUG	Got request: switchToFrame, data: {"to":"0","sessionId":"3-b2g","name":"switchToFrame","parameters":{"id":null,"focus":true}}, id: {608f3ebf-cef2-49d8-b786-837ff719edce}
01-01 02:56:45.280 E/[Gralloc-ERROR](   81): int gralloc_unregister_buffer(const gralloc_module_t*, const native_handle_t*):274 Trying to unregister buffer 0x47458c90 from process 81 that was not created in current process: 81
01-01 02:56:45.280 E/[Gralloc-ERROR](   81): int gralloc_unregister_buffer(const gralloc_module_t*, const native_handle_t*):274 Trying to unregister buffer 0x468d9600 from process 81 that was not created in current process: 81
01-01 02:56:45.280 E/[Gralloc-ERROR](   81): int gralloc_unregister_buffer(const gralloc_module_t*, const native_handle_t*):274 Trying to unregister buffer 0x47458ec0 from process 81 that was not created in current process: 81
01-01 02:56:45.280 E/[Gralloc-ERROR](   81): int gralloc_unregister_buffer(const gralloc_module_t*, const native_handle_t*):274 Trying to unregister buffer 0x47458e20 from process 81 that was not created in current process: 81
01-01 02:56:45.290 I/Gecko   (   81): 1325404605295	Marionette	INFO	Switched to frame: {"frameValue":null}
01-01 02:56:45.350 E/Profiler(   81): BPUnw: [1 total] thread_unregister_for_profiling(me=0xa50038)  (NOT REGISTERED) 
01-01 02:56:45.400 I/Gecko   (   81): 1325404605409	Marionette	INFO	sendToClient: {"from":"0","ok":true}, {608f3ebf-cef2-49d8-b786-837ff719edce}, {608f3ebf-cef2-49d8-b786-837ff719edce}
01-01 02:56:45.410 I/Gecko   (   81): 1325404605416	Marionette	DEBUG	Got request: executeWithCallback, data: {"to":"0","sessionId":"3-b2g","name":"executeAsyncScript","parameters":{"specialPowers":false,"scriptTimeout":60000,"newSandbox":true,"args":[],"filename":"app_checker.py","script":"\n        GaiaApps.locateWithManifestURL('https://marketplace.firefox.com/app/7136bfc9-ae42-42c8-9f07-8f8b9f04d100/manifest.webapp',\n                                       null,\n                                       function uninstall(app) {\n                                       navigator.mozApps.mgmt.uninstall(app);\n                                       marionetteScriptFinished(true);\n                                       });\n        ","line":129}}, id: {ac96217e-3e11-4920-a602-c7c3535107e8}
01-01 02:56:45.470 I/Gecko   (   81): 1325404605478	Marionette	INFO	sendToClient: {"from":"0","error":{"message":"TypeError: app is null","status":17,"stacktrace":"execute_async_script @app_checker.py, line 129\ninline javascript, line 221\nsrc: \"      appName = app.manifest.name;\""}}, {ac96217e-3e11-4920-a602-c7c3535107e8}, {ac96217e-3e11-4920-a602-c7c3535107e8}