--------- beginning of /dev/log/main
04-28 15:18:16.034 I/Gecko   (   81): 1398712696051	Marionette	DEBUG	Got request: switchToFrame, data: {"to":"0","sessionId":"3-b2g","name":"switchToFrame","parameters":{"id":null,"focus":true}}, id: {0613c727-959d-40fe-af8d-a4f2b0f792f9}
04-28 15:18:16.044 I/Gecko   (   81): 1398712696054	Marionette	INFO	Switched to frame: {"frameValue":null}
04-28 15:18:16.144 I/Gecko   (   81): 1398712696159	Marionette	INFO	sendToClient: {"from":"0","ok":true}, {0613c727-959d-40fe-af8d-a4f2b0f792f9}, {0613c727-959d-40fe-af8d-a4f2b0f792f9}
04-28 15:18:16.154 I/Gecko   (   81): 1398712696168	Marionette	DEBUG	Got request: switchToFrame, data: {"to":"0","sessionId":"3-b2g","name":"switchToFrame","parameters":{"id":null,"focus":true}}, id: {bb334394-d5b0-480b-9723-c0dfa64269e7}
04-28 15:18:16.154 I/Gecko   (   81): 1398712696170	Marionette	INFO	Switched to frame: {"frameValue":null}
04-28 15:18:16.284 I/Gecko   (   81): 1398712696299	Marionette	INFO	sendToClient: {"from":"0","ok":true}, {bb334394-d5b0-480b-9723-c0dfa64269e7}, {bb334394-d5b0-480b-9723-c0dfa64269e7}
04-28 15:18:16.294 I/Gecko   (   81): 1398712696307	Marionette	DEBUG	Got request: executeWithCallback, data: {"to":"0","sessionId":"3-b2g","name":"executeAsyncScript","parameters":{"specialPowers":false,"scriptTimeout":null,"newSandbox":true,"args":[],"filename":"gaia_test.py","script":"return GaiaApps.displayedApp();","line":66}}, id: {f0c95933-c5ef-40ed-803e-1c732fd7b5a5}
04-28 15:18:16.344 I/Gecko   (   81): 1398712696361	Marionette	INFO	sendToClient: {"from":"0","value":{"frame":{"ELEMENT":"{a31355a7-ef29-496f-af2f-fdb6d9eaa2df}"},"src":"app://browser.gaiamobile.org/index.html","name":"Browser","origin":"app://browser.gaiamobile.org"}}, {f0c95933-c5ef-40ed-803e-1c732fd7b5a5}, {f0c95933-c5ef-40ed-803e-1c732fd7b5a5}
04-28 15:18:16.354 E/GeckoConsole(   81): Content JS LOG at dummy file:804 in GaiaApps.displayedApp: app with origin 'app://browser.gaiamobile.org' is displayed
04-28 15:18:16.364 I/Gecko   (   81): 1398712696374	Marionette	DEBUG	Got request: switchToFrame, data: {"to":"0","sessionId":"3-b2g","name":"switchToFrame","parameters":{"focus":true,"element":"{a31355a7-ef29-496f-af2f-fdb6d9eaa2df}"}}, id: {09fee638-e3bf-40fc-84e9-8804bf664a36}
04-28 15:18:16.374 I/Gecko   (   81): 1398712696385	Marionette	INFO	Switched to frame: {"frameValue":"{a31355a7-ef29-496f-af2f-fdb6d9eaa2df}"}
04-28 15:18:16.484 I/Gecko   (   81): 1398712696502	Marionette	INFO	sendToClient: {"from":"0","ok":true}, {09fee638-e3bf-40fc-84e9-8804bf664a36}, {09fee638-e3bf-40fc-84e9-8804bf664a36}
04-28 15:18:16.494 I/Gecko   (   81): 1398712696510	Marionette	INFO	sendToClient: {"from":"0","value":"https://marketplace.firefox.com/"}, {e3f8325b-8fe0-4940-96ba-3e82d7d5930b}, {e3f8325b-8fe0-4940-96ba-3e82d7d5930b}
04-28 15:18:16.514 I/Gecko   (   81): 1398712696525	Marionette	DEBUG	Got request: execute, data: {"to":"0","sessionId":"3-b2g","name":"executeScript","parameters":{"specialPowers":false,"scriptTimeout":null,"newSandbox":true,"args":[],"filename":"app_checker.py","script":"return window.wrappedJSObject.marionette_install_result","line":339}}, id: {fc10965c-ee44-46b2-9c4c-bebb64d43b2a}
04-28 15:18:16.554 I/Gecko   (   81): 1398712696568	Marionette	INFO	sendToClient: {"from":"0","value":true}, {fc10965c-ee44-46b2-9c4c-bebb64d43b2a}, {fc10965c-ee44-46b2-9c4c-bebb64d43b2a}
04-28 15:18:16.564 I/Gecko   (   81): 1398712696575	Marionette	INFO	sendToClient: {"from":"0","value":"https://marketplace.firefox.com/"}, {a6897024-f063-4864-9d19-a61b2e8ef96b}, {a6897024-f063-4864-9d19-a61b2e8ef96b}
04-28 15:18:16.574 I/Gecko   (   81): 1398712696584	Marionette	DEBUG	Got request: switchToFrame, data: {"to":"0","sessionId":"3-b2g","name":"switchToFrame","parameters":{"id":null,"focus":true}}, id: {49753310-c955-4a42-ac41-67a42aea44ba}
04-28 15:18:16.574 I/Gecko   (   81): 1398712696588	Marionette	INFO	Switched to frame: {"frameValue":null}
04-28 15:18:16.704 I/Gecko   (   81): 1398712696722	Marionette	INFO	sendToClient: {"from":"0","ok":true}, {49753310-c955-4a42-ac41-67a42aea44ba}, {49753310-c955-4a42-ac41-67a42aea44ba}
04-28 15:18:16.724 I/Gecko   (   81): 1398712696738	Marionette	INFO	sendToClient: {"from":"0","value":"app://system.gaiamobile.org/index.html"}, {94478884-785e-4262-a3cc-38e64797573e}, {94478884-785e-4262-a3cc-38e64797573e}
04-28 15:18:16.764 I/Gecko   (   81): 1398712696782	Marionette	DEBUG	Got request: execute, data: {"to":"0","sessionId":"3-b2g","name":"executeScript","parameters":{"specialPowers":false,"scriptTimeout":null,"newSandbox":true,"args":[],"filename":"app_checker.py","script":"return window.wrappedJSObject.Applications.getByManifestURL(\"http://subdropflowers.dseffects.com/DropFlowers.webapp\");","line":347}}, id: {27421b06-c769-497a-969a-70aca3e5498d}
04-28 15:18:16.874 I/Gecko   (   81): 1398712696884	Marionette	INFO	sendToClient: {"from":"0","value":{"manifest":{"name":"DropFlowers","description":"Touch the right color before the flower reaches the basket.","version":"1","launch_path":"/DropFlowers.php?pid=6900","icons":{"128":"/DropFlowers_128x128.png"},"developer":{"name":"DS Effects","url":"http://www.dseffects.com"},"orientation":"portrait","default_locale":"en"},"updateManifest":null,"manifestURL":"http://subdropflowers.dseffects.com/DropFlowers.webapp","receipts":[],"origin":"http://subdropflowers.dseffects.com","installOrigin":"https://marketplace.firefox.com","installTime":1398712694381,"removable":true,"progress":null,"installState":"installed","onprogress":null,"lastUpdateCheck":1398712694381,"updateTime":1398712694381,"downloadAvailable":false,"downloading":false,"readyToApplyDownload":false,"downloadSize":0,"downloadError":{"name":"","message":""},"ondownloadsuccess":null,"ondownloaderror":null,"ondownloadavailable":{},"ondownloadapplied":null}}, {27421b06-c769-497a-969a-70aca3e
04-28 15:18:16.904 I/Gecko   (   81): 1398712696921	Marionette	INFO	sendToClient: {"from":"0","value":"app://system.gaiamobile.org/index.html"}, {340d7fb9-b4a0-4f9e-abca-ab41406f979f}, {340d7fb9-b4a0-4f9e-abca-ab41406f979f}
04-28 15:18:16.914 I/Gecko   (   81): 1398712696928	Marionette	DEBUG	Got request: execute, data: {"to":"0","sessionId":"3-b2g","name":"executeScript","parameters":{"specialPowers":false,"scriptTimeout":null,"newSandbox":true,"args":[],"filename":"app_checker.py","script":"return window.wrappedJSObject.Applications.getByManifestURL(\"http://subdropflowers.dseffects.com/DropFlowers.webapp\").manifest != undefined;","line":349}}, id: {e2dae51b-dde7-42dc-ae21-5790b869997f}
04-28 15:18:16.954 I/Gecko   (   81): 1398712696968	Marionette	INFO	sendToClient: {"from":"0","value":true}, {e2dae51b-dde7-42dc-ae21-5790b869997f}, {e2dae51b-dde7-42dc-ae21-5790b869997f}
04-28 15:18:17.064 I/Gecko   (   81): 1398712697079	Marionette	INFO	sendToClient: {"from":"0","ok":true}, {ac775acc-8571-4e35-a112-7e6ab6895870}, {ac775acc-8571-4e35-a112-7e6ab6895870}
04-28 15:18:17.094 I/Gecko   (   81): 1398712697109	Marionette	DEBUG	Got request: switchToFrame, data: {"to":"0","sessionId":"3-b2g","name":"switchToFrame","parameters":{"id":null,"focus":true}}, id: {a1ed6aaf-8e8e-470a-8c62-51e7a324039d}
04-28 15:18:17.094 I/Gecko   (   81): 1398712697112	Marionette	INFO	Switched to frame: {"frameValue":null}
04-28 15:18:17.164 E/GeckoConsole(  365): Content JS WARN at app://homescreen.gaiamobile.org/gaia_build_defer_index.js:181 in isHiddenApp: Unexpected role when checking hidden app: undefined
04-28 15:18:17.204 I/Gecko   (   81): 1398712697214	Marionette	INFO	sendToClient: {"from":"0","ok":true}, {a1ed6aaf-8e8e-470a-8c62-51e7a324039d}, {a1ed6aaf-8e8e-470a-8c62-51e7a324039d}
04-28 15:18:17.214 I/Gecko   (   81): 1398712697230	Marionette	DEBUG	Got request: executeWithCallback, data: {"to":"0","sessionId":"3-b2g","name":"executeAsyncScript","parameters":{"specialPowers":false,"scriptTimeout":null,"newSandbox":true,"args":[],"filename":"gaia_test.py","script":"return GaiaApps.displayedApp();","line":66}}, id: {67a1200e-61dc-4384-8798-3cf6874fde03}
04-28 15:18:17.364 I/Gecko   (   81): 1398712697377	Marionette	INFO	sendToClient: {"from":"0","value":{"frame":{"ELEMENT":"{a31355a7-ef29-496f-af2f-fdb6d9eaa2df}"},"src":"app://browser.gaiamobile.org/index.html","name":"Browser","origin":"app://browser.gaiamobile.org"}}, {67a1200e-61dc-4384-8798-3cf6874fde03}, {67a1200e-61dc-4384-8798-3cf6874fde03}
04-28 15:18:17.364 E/GeckoConsole(   81): Content JS LOG at dummy file:804 in GaiaApps.displayedApp: app with origin 'app://browser.gaiamobile.org' is displayed
04-28 15:18:17.374 I/Gecko   (   81): 1398712697393	Marionette	DEBUG	Got request: switchToFrame, data: {"to":"0","sessionId":"3-b2g","name":"switchToFrame","parameters":{"id":null,"focus":true}}, id: {f82afad5-b314-491c-9165-08a23266e876}
04-28 15:18:17.384 I/Gecko   (   81): 1398712697397	Marionette	INFO	Switched to frame: {"frameValue":null}
04-28 15:18:17.544 I/Gecko   (   81): 1398712697555	Marionette	INFO	sendToClient: {"from":"0","ok":true}, {f82afad5-b314-491c-9165-08a23266e876}, {f82afad5-b314-491c-9165-08a23266e876}
04-28 15:18:17.554 I/Gecko   (   81): 1398712697571	Marionette	DEBUG	Got request: execute, data: {"to":"0","sessionId":"3-b2g","name":"executeScript","parameters":{"specialPowers":false,"scriptTimeout":null,"newSandbox":true,"args":[],"filename":"gaia_test.py","script":"window.wrappedJSObject.dispatchEvent(new Event('home'));","line":788}}, id: {a05cc6b2-5d20-4993-a8e3-cc54e5efad33}
04-28 15:18:17.604 I/Gecko:ProcessPriorityManager(   81): [Homescreen, child-id=2, pid=365] Changing priority from BACKGROUND_HOMESCREEN:CPU_LOW to FOREGROUND:CPU_LOW.
04-28 15:18:17.604 I/Gonk    (   81): Setting nice for pid 365 to 18
04-28 15:18:17.604 I/Gonk    (   81): Changed nice for pid 365 from 18 to 18.
04-28 15:18:17.604 I/Gecko:ProcessPriorityManager(   81): KillBackgroundApps
04-28 15:18:17.614 D/Sensors (   81): activate handle=0; drv=0
04-28 15:18:17.614 D/Sensors (   81): Lis3dhSensor: Control set 0
04-28 15:18:17.614 D/Sensors (   81): Lis3dhSensor: mEnabled = 0
04-28 15:18:17.614 I/Gecko   (   81): 1398712697630	Marionette	INFO	sendToClient: {"from":"0","value":null}, {a05cc6b2-5d20-4993-a8e3-cc54e5efad33}, {a05cc6b2-5d20-4993-a8e3-cc54e5efad33}
04-28 15:18:17.624 I/Gecko   (   81): 1398712697638	Marionette	DEBUG	Got request: switchToFrame, data: {"to":"0","sessionId":"3-b2g","name":"switchToFrame","parameters":{"id":null,"focus":true}}, id: {1b6ee665-92a0-4701-af40-231b5c7a0e3b}
04-28 15:18:17.624 I/Gecko   (   81): 1398712697639	Marionette	INFO	Switched to frame: {"frameValue":null}
04-28 15:18:17.734 I/Gecko   (   81): 1398712697743	Marionette	INFO	sendToClient: {"from":"0","ok":true}, {1b6ee665-92a0-4701-af40-231b5c7a0e3b}, {1b6ee665-92a0-4701-af40-231b5c7a0e3b}
04-28 15:18:17.734 I/Gecko   (   81): 1398712697751	Marionette	DEBUG	Got request: executeWithCallback, data: {"to":"0","sessionId":"3-b2g","name":"executeAsyncScript","parameters":{"specialPowers":false,"scriptTimeout":null,"newSandbox":true,"args":[],"filename":"gaia_test.py","script":"return GaiaApps.displayedApp();","line":66}}, id: {37979d01-6e2e-48c4-ad63-9db2c650283a}
04-28 15:18:17.774 I/Gecko   (   81): 1398712697790	Marionette	INFO	sendToClient: {"from":"0","value":{"frame":{"ELEMENT":"{b3b956d2-49ab-408c-9ff4-61f746edb2dc}"},"src":"app://homescreen.gaiamobile.org/index.html#rootMon%20Apr%2028%202014%2015:17:59%20GMT-0400%20(EDT)","name":"Homescreen","origin":"app://homescreen.gaiamobile.org"}}, {37979d01-6e2e-48c4-ad63-9db2c650283a}, {37979d01-6e2e-48c4-ad63-9db2c650283a}
04-28 15:18:17.784 I/Gecko   (   81): 1398712697799	Marionette	DEBUG	Got request: switchToFrame, data: {"to":"0","sessionId":"3-b2g","name":"switchToFrame","parameters":{"id":null,"focus":true}}, id: {337e0b01-e0c5-4a3e-8ac0-095bd7f8efb0}
04-28 15:18:17.784 I/Gecko   (   81): 1398712697801	Marionette	INFO	Switched to frame: {"frameValue":null}
04-28 15:18:17.794 E/GeckoConsole(   81): Content JS LOG at dummy file:804 in GaiaApps.displayedApp: app with origin 'app://homescreen.gaiamobile.org' is displayed
04-28 15:18:17.884 I/Gecko   (   81): 1398712697902	Marionette	INFO	sendToClient: {"from":"0","ok":true}, {337e0b01-e0c5-4a3e-8ac0-095bd7f8efb0}, {337e0b01-e0c5-4a3e-8ac0-095bd7f8efb0}
04-28 15:18:17.894 I/Gecko   (   81): 1398712697910	Marionette	DEBUG	Got request: switchToFrame, data: {"to":"0","sessionId":"3-b2g","name":"switchToFrame","parameters":{"id":null,"focus":true}}, id: {fbf202a9-9072-4f4b-8df1-efe5274e301e}
04-28 15:18:17.894 I/Gecko   (   81): 1398712697912	Marionette	INFO	Switched to frame: {"frameValue":null}
04-28 15:18:18.004 I/Gecko   (   81): 1398712698023	Marionette	INFO	sendToClient: {"from":"0","ok":true}, {fbf202a9-9072-4f4b-8df1-efe5274e301e}, {fbf202a9-9072-4f4b-8df1-efe5274e301e}
04-28 15:18:18.024 I/Gecko   (   81): 1398712698035	Marionette	DEBUG	Got request: executeWithCallback, data: {"to":"0","sessionId":"3-b2g","name":"executeAsyncScript","parameters":{"specialPowers":false,"scriptTimeout":null,"newSandbox":true,"args":[],"filename":"gaia_test.py","script":"return GaiaApps.displayedApp();","line":66}}, id: {76a81815-de95-45b5-a2d9-dc3d2c9aa1a1}
04-28 15:18:18.064 I/Gecko   (   81): 1398712698075	Marionette	INFO	sendToClient: {"from":"0","value":{"frame":{"ELEMENT":"{b3b956d2-49ab-408c-9ff4-61f746edb2dc}"},"src":"app://homescreen.gaiamobile.org/index.html#rootMon%20Apr%2028%202014%2015:17:59%20GMT-0400%20(EDT)","name":"Homescreen","origin":"app://homescreen.gaiamobile.org"}}, {76a81815-de95-45b5-a2d9-dc3d2c9aa1a1}, {76a81815-de95-45b5-a2d9-dc3d2c9aa1a1}
04-28 15:18:18.074 I/Gecko   (   81): 1398712698083	Marionette	DEBUG	Got request: switchToFrame, data: {"to":"0","sessionId":"3-b2g","name":"switchToFrame","parameters":{"focus":true,"element":"{b3b956d2-49ab-408c-9ff4-61f746edb2dc}"}}, id: {8ed2ae44-4cf8-408e-9ca4-e8ad30da502c}
04-28 15:18:18.094 E/GeckoConsole(   81): Content JS LOG at dummy file:804 in GaiaApps.displayedApp: app with origin 'app://homescreen.gaiamobile.org' is displayed
04-28 15:18:18.094 I/Gecko   (   81): 1398712698109	Marionette	INFO	Switched to frame: {"frameValue":"{b3b956d2-49ab-408c-9ff4-61f746edb2dc}"}
04-28 15:18:18.104 I/Gecko   (   81): 1398712698113	Marionette	INFO	trying remote frame 0
04-28 15:18:18.494 W/WifiHW  (   81): wifi_command: SIGNAL_POLL
04-28 15:18:18.834 E/[Gralloc-ERROR](   81): int gralloc_register_buffer(const gralloc_module_t*, const native_handle_t*):79 Unable to register handle 0x465c7f10 coming from different process: 81
04-28 15:18:18.844 E/[Gralloc-ERROR](   81): int gralloc_register_buffer(const gralloc_module_t*, const native_handle_t*):79 Unable to register handle 0x4662d150 coming from different process: 81
04-28 15:18:18.954 E/[Gralloc-ERROR](   81): int gralloc_register_buffer(const gralloc_module_t*, const native_handle_t*):79 Unable to register handle 0x4662d290 coming from different process: 81
04-28 15:18:18.954 E/[Gralloc-ERROR](   81): int gralloc_register_buffer(const gralloc_module_t*, const native_handle_t*):79 Unable to register handle 0x4662d330 coming from different process: 81
04-28 15:18:18.964 E/[Gralloc-ERROR](   81): int gralloc_unregister_buffer(const gralloc_module_t*, const native_handle_t*):274 Trying to unregister buffer 0x44fcf330 from process 81 that was not created in current process: 81
04-28 15:18:18.964 E/[Gralloc-ERROR](   81): int gralloc_unregister_buffer(const gralloc_module_t*, const native_handle_t*):274 Trying to unregister buffer 0x44fcf290 from process 81 that was not created in current process: 81
04-28 15:18:19.134 E/[Gralloc-ERROR](   81): int gralloc_unregister_buffer(const gralloc_module_t*, const native_handle_t*):274 Trying to unregister buffer 0x4662d150 from process 81 that was not created in current process: 81
04-28 15:18:19.134 E/[Gralloc-ERROR](   81): int gralloc_unregister_buffer(const gralloc_module_t*, const native_handle_t*):274 Trying to unregister buffer 0x465c7f10 from process 81 that was not created in current process: 81
04-28 15:18:19.134 E/[Gralloc-ERROR](   81): int gralloc_unregister_buffer(const gralloc_module_t*, const native_handle_t*):274 Trying to unregister buffer 0x4662d330 from process 81 that was not created in current process: 81
04-28 15:18:19.134 E/[Gralloc-ERROR](   81): int gralloc_unregister_buffer(const gralloc_module_t*, const native_handle_t*):274 Trying to unregister buffer 0x4662d290 from process 81 that was not created in current process: 81
04-28 15:18:19.784 I/Gecko   (   81): 1398712699802	Marionette	INFO	sendToClient: {"from":"0","ok":true}, {8ed2ae44-4cf8-408e-9ca4-e8ad30da502c}, {8ed2ae44-4cf8-408e-9ca4-e8ad30da502c}
04-28 15:18:20.034 I/Gecko   (   81): 1398712700045	Marionette	INFO	sendToClient: {"from":"0","value":["{09afe3e1-4b06-42c1-81c5-f42a60ddb1fe}","{57c4a236-00ba-4d68-a7e3-06f28e3f7a04}","{624637ba-8633-4ccc-9724-8564cb8fd8be}","{2e741a9b-bf2a-47a9-8513-9403fd60d04f}","{a623fcfe-4ba1-41f0-9240-45d20ac7d0b8}","{66c879bb-9f6e-46e7-96c1-576399e2b9e5}","{0725e67f-e14d-43ba-9bc5-5c2c84bb8b37}","{52d73b7b-8be4-4a9e-ae47-6421c697c6db}","{7bbbd634-f0ed-4b0e-b4b9-720b1fdc9e99}","{521e07a0-5248-4eb0-b531-53e6a298324b}","{79acd3a2-49d6-4fc4-95fb-199b448d5cbd}","{fabc4faa-210f-44ea-8510-009d19510659}","{84fe830a-a654-470f-be1e-a8cebeb9b21b}","{265ea663-61d9-4c32-bc4e-5e0ded5afe97}","{e1fc4f3c-5fda-4a59-a9cc-33acf489c5a1}","{32235b4b-15f7-41de-a5cf-4616894c230e}","{50d4839b-a507-4f98-ad2e-8c85e26607a0}","{3c5aaac4-17e7-4286-a825-9bfe2ad7ae61}","{868858f1-8ea0-4128-8511-b128ba1b8d5a}","{75ad2c1d-7f03-436f-938d-2d15ecbde51c}","{8318033f-8344-4ced-9aaa-d4c6ac7b6e06}"]}, {498c5a9c-0aa5-4309-b437-31b6556f0970}, {498c5a9c-0aa5-4309-b437-31b6556f0970}
04-28 15:18:20.084 D/Sensors (   81): SensorTMD2771::readEvents()======data_fd=53,count=16
04-28 15:18:20.104 D/Sensors (   81): SensorTMD2771::processEvent()=====code=40::value=57 
04-28 15:18:20.104 D/Sensors (   81): SensorTMD2771: mPendingEvents[Light].light = 57.000000
04-28 15:18:20.334 I/Gecko   (   81): 1398712700350	Marionette	INFO	sendToClient: {"from":"0","value":["{09afe3e1-4b06-42c1-81c5-f42a60ddb1fe}","{57c4a236-00ba-4d68-a7e3-06f28e3f7a04}","{624637ba-8633-4ccc-9724-8564cb8fd8be}","{2e741a9b-bf2a-47a9-8513-9403fd60d04f}","{a623fcfe-4ba1-41f0-9240-45d20ac7d0b8}","{66c879bb-9f6e-46e7-96c1-576399e2b9e5}","{0725e67f-e14d-43ba-9bc5-5c2c84bb8b37}","{52d73b7b-8be4-4a9e-ae47-6421c697c6db}","{7bbbd634-f0ed-4b0e-b4b9-720b1fdc9e99}","{521e07a0-5248-4eb0-b531-53e6a298324b}","{79acd3a2-49d6-4fc4-95fb-199b448d5cbd}","{fabc4faa-210f-44ea-8510-009d19510659}","{84fe830a-a654-470f-be1e-a8cebeb9b21b}","{265ea663-61d9-4c32-bc4e-5e0ded5afe97}","{e1fc4f3c-5fda-4a59-a9cc-33acf489c5a1}","{32235b4b-15f7-41de-a5cf-4616894c230e}","{50d4839b-a507-4f98-ad2e-8c85e26607a0}","{3c5aaac4-17e7-4286-a825-9bfe2ad7ae61}","{868858f1-8ea0-4128-8511-b128ba1b8d5a}","{75ad2c1d-7f03-436f-938d-2d15ecbde51c}","{8318033f-8344-4ced-9aaa-d4c6ac7b6e06}"]}, {cd481b05-d042-49ba-abc3-3de8aacc9596}, {cd481b05-d042-49ba-abc3-3de8aacc9596}
04-28 15:18:20.444 I/Gecko   (   81): 1398712700457	Marionette	INFO	sendToClient: {"from":"0","value":"<div><img src=\"blob:650268c8-3994-4bac-a859-86558ed3d12e\" style=\"visibility: visible;\" role=\"presentation\" height=\"64\" width=\"64\"><span class=\"labelWrapper\"><span>Social</span></span></div><span data-is-icon=\"true\" class=\"options\"></span>"}, {c7fa526f-75f3-46dd-8250-12155208b3e3}, {c7fa526f-75f3-46dd-8250-12155208b3e3}
04-28 15:18:20.504 I/Gecko   (   81): 1398712700514	Marionette	INFO	sendToClient: {"from":"0","value":"<div><img src=\"blob:80605f48-690a-4530-a9a2-573ccb264f62\" style=\"visibility: visible;\" role=\"presentation\" height=\"64\" width=\"64\"><span class=\"labelWrapper\"><span>Games</span></span></div><span data-is-icon=\"true\" class=\"options\"></span>"}, {550b54a7-190a-4780-baa5-69c935c589c7}, {550b54a7-190a-4780-baa5-69c935c589c7}
04-28 15:18:20.514 I/Gecko   (   81): 1398712700527	Marionette	INFO	sendToClient: {"from":"0","value":"<div><img src=\"blob:918396f2-7d06-4437-8538-93f3315fa068\" style=\"visibility: visible;\" role=\"presentation\" height=\"64\" width=\"64\"><span class=\"labelWrapper\"><span>Music</span></span></div><span data-is-icon=\"true\" class=\"options\"></span>"}, {918d981a-5889-4e11-aef6-01ccb258409a}, {918d981a-5889-4e11-aef6-01ccb258409a}
04-28 15:18:20.534 I/Gecko   (   81): 1398712700547	Marionette	INFO	sendToClient: {"from":"0","value":"<div><img src=\"blob:32eb1afd-25e9-474e-bba1-5a66e0048068\" style=\"visibility: visible;\" role=\"presentation\" height=\"64\" width=\"64\"><span class=\"labelWrapper\"><span>Showbiz</span></span></div><span data-is-icon=\"true\" class=\"options\"></span>"}, {7c9a9a2e-a661-488f-b50f-a21543641909}, {7c9a9a2e-a661-488f-b50f-a21543641909}
04-28 15:18:20.544 I/Gecko   (   81): 1398712700558	Marionette	INFO	sendToClient: {"from":"0","value":"<div><img src=\"blob:d05ca757-7b89-4fe7-98fd-aaa8b6e2dbe5\" style=\"visibility: visible;\" role=\"presentation\" height=\"64\" width=\"64\"><span class=\"labelWrapper\"><span>CutTheRope</span></span></div><span data-is-icon=\"true\" class=\"options\"></span>"}, {8ddc26dc-c55f-489e-8dfb-8f16805facfe}, {8ddc26dc-c55f-489e-8dfb-8f16805facfe}
04-28 15:18:20.564 I/Gecko   (   81): 1398712700579	Marionette	INFO	sendToClient: {"from":"0","value":"<div><img src=\"blob:ea10c929-e40c-4bc5-b3d5-715b8888e233\" style=\"visibility: visible;\" role=\"presentation\" height=\"64\" width=\"64\"><span class=\"labelWrapper mask\"><span>DropFlowers</span></span></div><span data-is-icon=\"true\" class=\"options\"></span>"}, {4c5ccc1e-c71e-4a48-ad94-72ecda22dab3}, {4c5ccc1e-c71e-4a48-ad94-72ecda22dab3}
04-28 15:18:20.574 I/Gecko   (   81): 1398712700589	Marionette	INFO	sendToClient: {"from":"0","value":"<div><img src=\"blob:601e0733-a4d1-49d5-8bdd-28d85307fb3f\" style=\"visibility: visible;\" role=\"presentation\" height=\"64\" width=\"64\"><span class=\"labelWrapper\"><span>Camera</span></span></div><span data-is-icon=\"true\" class=\"options\"></span>"}, {d7eae178-a3d6-4b0f-ab00-299807207ee1}, {d7eae178-a3d6-4b0f-ab00-299807207ee1}
04-28 15:18:20.644 I/Gecko   (   81): 1398712700654	Marionette	INFO	sendToClient: {"from":"0","value":"<div><img src=\"blob:20eb4571-1d2e-42bb-92a7-4ddb6f3ad1e0\" style=\"visibility: visible;\" role=\"presentation\" height=\"64\" width=\"64\"><span class=\"labelWrapper\"><span>Gallery</span></span></div><span data-is-icon=\"true\" class=\"options\"></span>"}, {8d5bdb8f-c5ac-4b5c-a42b-322523bd3c81}, {8d5bdb8f-c5ac-4b5c-a42b-322523bd3c81}
04-28 15:18:20.674 I/Gecko   (   81): 1398712700690	Marionette	INFO	sendToClient: {"from":"0","value":"<div><img src=\"blob:a6566dc1-b902-41ab-bffd-60ae1a341010\" style=\"visibility: visible;\" role=\"presentation\" height=\"64\" width=\"64\"><span class=\"labelWrapper\"><span>FM Radio</span></span></div><span data-is-icon=\"true\" class=\"options\"></span>"}, {d708e701-d214-43f4-b365-8434ece4ff44}, {d708e701-d214-43f4-b365-8434ece4ff44}
04-28 15:18:20.684 I/Gecko   (   81): 1398712700701	Marionette	INFO	sendToClient: {"from":"0","value":"<div><img src=\"blob:f040589e-3f0b-4ac9-9ec1-6a59472e65d7\" style=\"visibility: visible;\" role=\"presentation\" height=\"64\" width=\"64\"><span class=\"labelWrapper\"><span>Settings</span></span></div><span data-is-icon=\"true\" class=\"options\"></span>"}, {e6e9edca-46c5-4b64-a2ae-bc70962e10c6}, {e6e9edca-46c5-4b64-a2ae-bc70962e10c6}
04-28 15:18:20.694 I/Gecko   (   81): 1398712700711	Marionette	INFO	sendToClient: {"from":"0","value":"<div><img src=\"blob:a639a6f4-12fd-40ce-b8b8-9e07472afa86\" style=\"visibility: visible;\" role=\"presentation\" height=\"64\" width=\"64\"><span class=\"labelWrapper\"><span>Marketplace</span></span></div>"}, {57f810d6-b20e-4df2-956b-ba47c1276471}, {57f810d6-b20e-4df2-956b-ba47c1276471}
04-28 15:18:20.714 I/Gecko   (   81): 1398712700730	Marionette	INFO	sendToClient: {"from":"0","value":"<div><img src=\"blob:4dabc75f-17bb-4567-be60-19f041957b48\" style=\"visibility: visible;\" role=\"presentation\" height=\"64\" width=\"64\"><span class=\"labelWrapper\"><span>Calendar</span></span></div><span data-is-icon=\"true\" class=\"options\"></span>"}, {7a0a0b37-345a-42e5-9e19-433285ffb44e}, {7a0a0b37-345a-42e5-9e19-433285ffb44e}
04-28 15:18:20.724 I/Gecko   (   81): 1398712700740	Marionette	INFO	sendToClient: {"from":"0","value":"<div><img src=\"blob:713d6fcf-7029-4c88-8ff6-2b43c36e424d\" style=\"visibility: visible;\" role=\"presentation\" height=\"64\" width=\"64\"><span class=\"labelWrapper\"><span>Clock</span></span></div><span data-is-icon=\"true\" class=\"options\"></span>"}, {27217f1a-c4a2-41f1-952e-a35e10b6dc62}, {27217f1a-c4a2-41f1-952e-a35e10b6dc62}
04-28 15:18:20.744 I/Gecko   (   81): 1398712700757	Marionette	INFO	sendToClient: {"from":"0","value":"<div><img src=\"blob:20867eaf-d389-4620-b796-049ff69b9423\" style=\"visibility: visible;\" role=\"presentation\" height=\"64\" width=\"64\"><span class=\"labelWrapper\"><span>Usage</span></span></div><span data-is-icon=\"true\" class=\"options\"></span>"}, {a17dcdb5-b8d0-48d3-a91d-2bbdd2cf1644}, {a17dcdb5-b8d0-48d3-a91d-2bbdd2cf1644}
04-28 15:18:20.754 I/Gecko   (   81): 1398712700767	Marionette	INFO	sendToClient: {"from":"0","value":"<div><img src=\"blob:220d681a-beba-4c8c-9188-29210ed326c6\" style=\"visibility: visible;\" role=\"presentation\" height=\"64\" width=\"64\"><span class=\"labelWrapper\"><span>E-Mail</span></span></div><span data-is-icon=\"true\" class=\"options\"></span>"}, {2943fa50-616f-4560-9c4f-b77d4063e3bf}, {2943fa50-616f-4560-9c4f-b77d4063e3bf}
04-28 15:18:20.774 I/Gecko   (   81): 1398712700786	Marionette	INFO	sendToClient: {"from":"0","value":"<div><img src=\"blob:035d1564-04bd-4c95-bcf2-c7cd4f02f366\" style=\"visibility: visible;\" role=\"presentation\" height=\"64\" width=\"64\"><span class=\"labelWrapper\"><span>Music</span></span></div><span data-is-icon=\"true\" class=\"options\"></span>"}, {e8ceb8dd-3953-467c-9828-a429cb79d040}, {e8ceb8dd-3953-467c-9828-a429cb79d040}
04-28 15:18:20.794 I/Gecko   (   81): 1398712700804	Marionette	INFO	sendToClient: {"from":"0","value":"<div><img src=\"blob:b9181412-2437-4074-9b4d-9674eae50786\" style=\"visibility: visible;\" role=\"presentation\" height=\"64\" width=\"64\"><span class=\"labelWrapper\"><span>Video</span></span></div><span data-is-icon=\"true\" class=\"options\"></span>"}, {8119ee90-7267-43e2-a64f-ec7f33eec4b6}, {8119ee90-7267-43e2-a64f-ec7f33eec4b6}
04-28 15:18:20.824 I/Gecko   (   81): 1398712700836	Marionette	INFO	sendToClient: {"from":"0","value":"<div><img src=\"blob:cbd5d663-d006-455c-80e7-89f375f1b167\" style=\"visibility: visible;\" role=\"presentation\" height=\"64\" width=\"64\"><span class=\"labelWrapper\"><span>Phone</span></span></div><span data-is-icon=\"true\" class=\"options\"></span>"}, {e8d23847-3100-4077-8236-b750282c1418}, {e8d23847-3100-4077-8236-b750282c1418}
04-28 15:18:20.834 I/Gecko   (   81): 1398712700850	Marionette	INFO	sendToClient: {"from":"0","value":"<div><img src=\"blob:7d9f215d-7367-4071-82c6-dc605a4c9325\" style=\"visibility: visible;\" role=\"presentation\" height=\"64\" width=\"64\"><span class=\"labelWrapper\"><span>Messages</span></span></div><span data-is-icon=\"true\" class=\"options\"></span>"}, {8fc35904-b182-4758-93c6-3d5c470669dd}, {8fc35904-b182-4758-93c6-3d5c470669dd}
04-28 15:18:20.844 I/Gecko   (   81): 1398712700860	Marionette	INFO	sendToClient: {"from":"0","value":"<div><img src=\"blob:b53cf2a3-2856-4e9f-b012-7b98d903d633\" style=\"visibility: visible;\" role=\"presentation\" height=\"64\" width=\"64\"><span class=\"labelWrapper\"><span>Contacts</span></span></div><span data-is-icon=\"true\" class=\"options\"></span>"}, {f08e8a61-9884-4af5-b66d-69e4cf43eba3}, {f08e8a61-9884-4af5-b66d-69e4cf43eba3}
04-28 15:18:20.864 I/Gecko   (   81): 1398712700875	Marionette	INFO	sendToClient: {"from":"0","value":"<div><img src=\"blob:d1781aa7-cc3b-49a4-ab5e-447b19606737\" style=\"visibility: visible;\" role=\"presentation\" height=\"64\" width=\"64\"><span class=\"labelWrapper\"><span>Browser</span></span></div><span data-is-icon=\"true\" class=\"options\"></span>"}, {1961fb88-450a-4bec-98e3-187852ad2a38}, {1961fb88-450a-4bec-98e3-187852ad2a38}
04-28 15:18:21.104 E/Profiler(  761): BEGIN mozilla_sampler_init
04-28 15:18:21.104 E/Profiler(  761): BPUnw: [1 total] thread_register_for_profiling(me=0x4016e488, stacktop=0xbef129d7)
04-28 15:18:21.104 E/Profiler(  761): SPS:
04-28 15:18:21.104 E/Profiler(  761): SPS: Unwind mode       = pseudo
04-28 15:18:21.104 E/Profiler(  761): SPS: Sampling interval = 0 ms (zero means "platform default")
04-28 15:18:21.104 E/Profiler(  761): SPS: Entry store size  = 0 (zero means "platform default")
04-28 15:18:21.104 E/Profiler(  761): SPS: UnwindStackScan   = 0 (max dubious frames per unwind).
04-28 15:18:21.104 E/Profiler(  761): SPS: Use env var MOZ_PROFILER_MODE=help for further information.
04-28 15:18:21.104 E/Profiler(  761): SPS:
04-28 15:18:21.104 E/Profiler(  761): Registering start signal
04-28 15:18:21.334 E/GeckoConsole(  761): Could not read chrome manifest 'file:///system/b2g/chrome.manifest'.
04-28 15:18:22.894 I/Gecko   (   81): 1398712702911	Marionette	INFO	sendToClient: {"from":"0","value":["{09afe3e1-4b06-42c1-81c5-f42a60ddb1fe}","{57c4a236-00ba-4d68-a7e3-06f28e3f7a04}","{624637ba-8633-4ccc-9724-8564cb8fd8be}","{2e741a9b-bf2a-47a9-8513-9403fd60d04f}","{a623fcfe-4ba1-41f0-9240-45d20ac7d0b8}","{66c879bb-9f6e-46e7-96c1-576399e2b9e5}","{0725e67f-e14d-43ba-9bc5-5c2c84bb8b37}","{52d73b7b-8be4-4a9e-ae47-6421c697c6db}","{7bbbd634-f0ed-4b0e-b4b9-720b1fdc9e99}","{521e07a0-5248-4eb0-b531-53e6a298324b}","{79acd3a2-49d6-4fc4-95fb-199b448d5cbd}","{fabc4faa-210f-44ea-8510-009d19510659}","{84fe830a-a654-470f-be1e-a8cebeb9b21b}","{265ea663-61d9-4c32-bc4e-5e0ded5afe97}","{e1fc4f3c-5fda-4a59-a9cc-33acf489c5a1}","{32235b4b-15f7-41de-a5cf-4616894c230e}","{50d4839b-a507-4f98-ad2e-8c85e26607a0}","{3c5aaac4-17e7-4286-a825-9bfe2ad7ae61}","{868858f1-8ea0-4128-8511-b128ba1b8d5a}","{75ad2c1d-7f03-436f-938d-2d15ecbde51c}","{8318033f-8344-4ced-9aaa-d4c6ac7b6e06}"]}, {04320119-cc39-4fc0-a55d-eccd65ab13cb}, {04320119-cc39-4fc0-a55d-eccd65ab13cb}
04-28 15:18:22.914 I/Gecko   (   81): 1398712702928	Marionette	INFO	sendToClient: {"from":"0","value":"<div><img src=\"blob:650268c8-3994-4bac-a859-86558ed3d12e\" style=\"visibility: visible;\" role=\"presentation\" height=\"64\" width=\"64\"><span class=\"labelWrapper\"><span>Social</span></span></div><span data-is-icon=\"true\" class=\"options\"></span>"}, {204a23d5-8f0d-4372-882a-ed5660715357}, {204a23d5-8f0d-4372-882a-ed5660715357}
04-28 15:18:22.934 I/Gecko   (   81): 1398712702944	Marionette	INFO	sendToClient: {"from":"0","value":"<div><img src=\"blob:80605f48-690a-4530-a9a2-573ccb264f62\" style=\"visibility: visible;\" role=\"presentation\" height=\"64\" width=\"64\"><span class=\"labelWrapper\"><span>Games</span></span></div><span data-is-icon=\"true\" class=\"options\"></span>"}, {c484d402-87b9-4a98-be58-e99692b71d9f}, {c484d402-87b9-4a98-be58-e99692b71d9f}
04-28 15:18:22.954 I/Gecko   (   81): 1398712702965	Marionette	INFO	sendToClient: {"from":"0","value":"<div><img src=\"blob:918396f2-7d06-4437-8538-93f3315fa068\" style=\"visibility: visible;\" role=\"presentation\" height=\"64\" width=\"64\"><span class=\"labelWrapper\"><span>Music</span></span></div><span data-is-icon=\"true\" class=\"options\"></span>"}, {427dcb56-e8a9-4daa-9cef-6c437ca050a3}, {427dcb56-e8a9-4daa-9cef-6c437ca050a3}
04-28 15:18:22.974 I/Gecko   (   81): 1398712702987	Marionette	INFO	sendToClient: {"from":"0","value":"<div><img src=\"blob:32eb1afd-25e9-474e-bba1-5a66e0048068\" style=\"visibility: visible;\" role=\"presentation\" height=\"64\" width=\"64\"><span class=\"labelWrapper\"><span>Showbiz</span></span></div><span data-is-icon=\"true\" class=\"options\"></span>"}, {21b3ce3a-3a44-4485-a01c-ce3c487ed7c0}, {21b3ce3a-3a44-4485-a01c-ce3c487ed7c0}
04-28 15:18:22.984 I/Gecko   (   81): 1398712702997	Marionette	INFO	sendToClient: {"from":"0","value":"<div><img src=\"blob:d05ca757-7b89-4fe7-98fd-aaa8b6e2dbe5\" style=\"visibility: visible;\" role=\"presentation\" height=\"64\" width=\"64\"><span class=\"labelWrapper\"><span>CutTheRope</span></span></div><span data-is-icon=\"true\" class=\"options\"></span>"}, {e34ce73f-98da-41c6-854c-cd066f56312a}, {e34ce73f-98da-41c6-854c-cd066f56312a}
04-28 15:18:23.014 I/Gecko   (   81): 1398712703025	Marionette	INFO	sendToClient: {"from":"0","value":"<div><img src=\"blob:ea10c929-e40c-4bc5-b3d5-715b8888e233\" style=\"visibility: visible;\" role=\"presentation\" height=\"64\" width=\"64\"><span class=\"labelWrapper mask\"><span>DropFlowers</span></span></div><span data-is-icon=\"true\" class=\"options\"></span>"}, {3d04ab33-3092-4297-823f-595d48b325bb}, {3d04ab33-3092-4297-823f-595d48b325bb}
04-28 15:18:23.044 I/Gecko   (   81): 1398712703056	Marionette	INFO	sendToClient: {"from":"0","value":"<div><img src=\"blob:601e0733-a4d1-49d5-8bdd-28d85307fb3f\" style=\"visibility: visible;\" role=\"presentation\" height=\"64\" width=\"64\"><span class=\"labelWrapper\"><span>Camera</span></span></div><span data-is-icon=\"true\" class=\"options\"></span>"}, {69a0d1a9-0b35-469a-a184-8e67f7ab5156}, {69a0d1a9-0b35-469a-a184-8e67f7ab5156}
04-28 15:18:23.064 I/Gecko   (   81): 1398712703077	Marionette	INFO	sendToClient: {"from":"0","value":"<div><img src=\"blob:20eb4571-1d2e-42bb-92a7-4ddb6f3ad1e0\" style=\"visibility: visible;\" role=\"presentation\" height=\"64\" width=\"64\"><span class=\"labelWrapper\"><span>Gallery</span></span></div><span data-is-icon=\"true\" class=\"options\"></span>"}, {f67638f3-e0b2-4db1-ac18-f0db848ce13a}, {f67638f3-e0b2-4db1-ac18-f0db848ce13a}
04-28 15:18:23.084 I/Gecko   (   81): 1398712703094	Marionette	INFO	sendToClient: {"from":"0","value":"<div><img src=\"blob:a6566dc1-b902-41ab-bffd-60ae1a341010\" style=\"visibility: visible;\" role=\"presentation\" height=\"64\" width=\"64\"><span class=\"labelWrapper\"><span>FM Radio</span></span></div><span data-is-icon=\"true\" class=\"options\"></span>"}, {82145f86-0b28-4751-970a-eabd4d94d119}, {82145f86-0b28-4751-970a-eabd4d94d119}
04-28 15:18:23.104 I/Gecko   (   81): 1398712703113	Marionette	INFO	sendToClient: {"from":"0","value":"<div><img src=\"blob:f040589e-3f0b-4ac9-9ec1-6a59472e65d7\" style=\"visibility: visible;\" role=\"presentation\" height=\"64\" width=\"64\"><span class=\"labelWrapper\"><span>Settings</span></span></div><span data-is-icon=\"true\" class=\"options\"></span>"}, {9f2fdf45-1b2a-47e4-b3c1-315da049e9c9}, {9f2fdf45-1b2a-47e4-b3c1-315da049e9c9}
04-28 15:18:23.114 I/Gecko   (   81): 1398712703123	Marionette	INFO	sendToClient: {"from":"0","value":"<div><img src=\"blob:a639a6f4-12fd-40ce-b8b8-9e07472afa86\" style=\"visibility: visible;\" role=\"presentation\" height=\"64\" width=\"64\"><span class=\"labelWrapper\"><span>Marketplace</span></span></div>"}, {d9124cb9-247c-4af7-a56d-9fa2ee52ef86}, {d9124cb9-247c-4af7-a56d-9fa2ee52ef86}
04-28 15:18:23.124 I/Gecko   (   81): 1398712703137	Marionette	INFO	sendToClient: {"from":"0","value":"<div><img src=\"blob:4dabc75f-17bb-4567-be60-19f041957b48\" style=\"visibility: visible;\" role=\"presentation\" height=\"64\" width=\"64\"><span class=\"labelWrapper\"><span>Calendar</span></span></div><span data-is-icon=\"true\" class=\"options\"></span>"}, {97047471-c736-4efa-ad9a-7968408e5bb2}, {97047471-c736-4efa-ad9a-7968408e5bb2}
04-28 15:18:23.144 I/Gecko   (   81): 1398712703157	Marionette	INFO	sendToClient: {"from":"0","value":"<div><img src=\"blob:713d6fcf-7029-4c88-8ff6-2b43c36e424d\" style=\"visibility: visible;\" role=\"presentation\" height=\"64\" width=\"64\"><span class=\"labelWrapper\"><span>Clock</span></span></div><span data-is-icon=\"true\" class=\"options\"></span>"}, {01f16fb8-a552-4b6a-8a31-a40a7ce3feef}, {01f16fb8-a552-4b6a-8a31-a40a7ce3feef}
04-28 15:18:23.154 I/Gecko   (   81): 1398712703167	Marionette	INFO	sendToClient: {"from":"0","value":"<div><img src=\"blob:20867eaf-d389-4620-b796-049ff69b9423\" style=\"visibility: visible;\" role=\"presentation\" height=\"64\" width=\"64\"><span class=\"labelWrapper\"><span>Usage</span></span></div><span data-is-icon=\"true\" class=\"options\"></span>"}, {52e4f36c-3412-42ba-ad27-370e2f21f0af}, {52e4f36c-3412-42ba-ad27-370e2f21f0af}
04-28 15:18:23.174 I/Gecko   (   81): 1398712703189	Marionette	INFO	sendToClient: {"from":"0","value":"<div><img src=\"blob:220d681a-beba-4c8c-9188-29210ed326c6\" style=\"visibility: visible;\" role=\"presentation\" height=\"64\" width=\"64\"><span class=\"labelWrapper\"><span>E-Mail</span></span></div><span data-is-icon=\"true\" class=\"options\"></span>"}, {1e188560-3076-4239-8d65-cf2aee1400c0}, {1e188560-3076-4239-8d65-cf2aee1400c0}
04-28 15:18:23.184 I/Gecko   (   81): 1398712703199	Marionette	INFO	sendToClient: {"from":"0","value":"<div><img src=\"blob:035d1564-04bd-4c95-bcf2-c7cd4f02f366\" style=\"visibility: visible;\" role=\"presentation\" height=\"64\" width=\"64\"><span class=\"labelWrapper\"><span>Music</span></span></div><span data-is-icon=\"true\" class=\"options\"></span>"}, {7cecaa59-465a-40e4-8530-6aef160eb38b}, {7cecaa59-465a-40e4-8530-6aef160eb38b}
04-28 15:18:23.204 I/Gecko   (   81): 1398712703217	Marionette	INFO	sendToClient: {"from":"0","value":"<div><img src=\"blob:b9181412-2437-4074-9b4d-9674eae50786\" style=\"visibility: visible;\" role=\"presentation\" height=\"64\" width=\"64\"><span class=\"labelWrapper\"><span>Video</span></span></div><span data-is-icon=\"true\" class=\"options\"></span>"}, {e2f132e7-4506-417a-bde1-69e5332bc9af}, {e2f132e7-4506-417a-bde1-69e5332bc9af}
04-28 15:18:23.214 I/Gecko   (   81): 1398712703227	Marionette	INFO	sendToClient: {"from":"0","value":"<div><img src=\"blob:cbd5d663-d006-455c-80e7-89f375f1b167\" style=\"visibility: visible;\" role=\"presentation\" height=\"64\" width=\"64\"><span class=\"labelWrapper\"><span>Phone</span></span></div><span data-is-icon=\"true\" class=\"options\"></span>"}, {a9e21824-569f-46de-a1d4-7b53c798a995}, {a9e21824-569f-46de-a1d4-7b53c798a995}
04-28 15:18:23.244 I/Gecko   (   81): 1398712703255	Marionette	INFO	sendToClient: {"from":"0","value":"<div><img src=\"blob:7d9f215d-7367-4071-82c6-dc605a4c9325\" style=\"visibility: visible;\" role=\"presentation\" height=\"64\" width=\"64\"><span class=\"labelWrapper\"><span>Messages</span></span></div><span data-is-icon=\"true\" class=\"options\"></span>"}, {827d2d5c-9402-489c-bfe2-8b1b79b85b3b}, {827d2d5c-9402-489c-bfe2-8b1b79b85b3b}
04-28 15:18:23.264 I/Gecko   (   81): 1398712703275	Marionette	INFO	sendToClient: {"from":"0","value":"<div><img src=\"blob:b53cf2a3-2856-4e9f-b012-7b98d903d633\" style=\"visibility: visible;\" role=\"presentation\" height=\"64\" width=\"64\"><span class=\"labelWrapper\"><span>Contacts</span></span></div><span data-is-icon=\"true\" class=\"options\"></span>"}, {8bb7b86d-4478-475d-8b53-c0d690f42b2d}, {8bb7b86d-4478-475d-8b53-c0d690f42b2d}
04-28 15:18:23.284 I/Gecko   (   81): 1398712703295	Marionette	INFO	sendToClient: {"from":"0","value":"<div><img src=\"blob:d1781aa7-cc3b-49a4-ab5e-447b19606737\" style=\"visibility: visible;\" role=\"presentation\" height=\"64\" width=\"64\"><span class=\"labelWrapper\"><span>Browser</span></span></div><span data-is-icon=\"true\" class=\"options\"></span>"}, {3bd5421c-99c2-4a55-b417-0a121cc9182e}, {3bd5421c-99c2-4a55-b417-0a121cc9182e}
04-28 15:18:23.304 I/Gecko   (  761): ###################################### forms.js loaded
04-28 15:18:23.334 I/Gecko   (  761): ############################### browserElementPanning.js loaded
04-28 15:18:23.354 I/Gecko   (  761): ######################## BrowserElementChildPreload.js loaded
04-28 15:18:23.494 W/WifiHW  (   81): wifi_command: SIGNAL_POLL
04-28 15:18:23.794 I/Gecko   (  761): ###################################### forms.js loaded
04-28 15:18:23.814 I/Gecko   (  761): ############################### browserElementPanning.js loaded
04-28 15:18:23.854 I/Gecko   (  761): ######################## BrowserElementChildPreload.js loaded
04-28 15:18:23.884 I/GeckoDump(   81): XXX FIXME : Got a mozContentEvent: undefined
04-28 15:18:24.644 E/GeckoConsole(  761): [JavaScript Error: "uncaught exception: target window is same as present window -- not allowed"]
04-28 15:18:25.184 I/GeckoDump(   81): XXX FIXME : Got a mozContentEvent: undefined
04-28 15:18:25.394 E/GeckoConsole(   81): Content JS LOG at https://marketplace.cdn.mozilla.net/media/fireplace/js/include.js?b=1398192110201:5 in s/<: [mkt] Reloading chrome
04-28 15:18:25.434 I/Gecko   (   81): 1398712705451	Marionette	INFO	sendToClient: {"from":"0","value":["{09afe3e1-4b06-42c1-81c5-f42a60ddb1fe}","{57c4a236-00ba-4d68-a7e3-06f28e3f7a04}","{624637ba-8633-4ccc-9724-8564cb8fd8be}","{2e741a9b-bf2a-47a9-8513-9403fd60d04f}","{a623fcfe-4ba1-41f0-9240-45d20ac7d0b8}","{66c879bb-9f6e-46e7-96c1-576399e2b9e5}","{0725e67f-e14d-43ba-9bc5-5c2c84bb8b37}","{52d73b7b-8be4-4a9e-ae47-6421c697c6db}","{7bbbd634-f0ed-4b0e-b4b9-720b1fdc9e99}","{521e07a0-5248-4eb0-b531-53e6a298324b}","{79acd3a2-49d6-4fc4-95fb-199b448d5cbd}","{fabc4faa-210f-44ea-8510-009d19510659}","{84fe830a-a654-470f-be1e-a8cebeb9b21b}","{265ea663-61d9-4c32-bc4e-5e0ded5afe97}","{e1fc4f3c-5fda-4a59-a9cc-33acf489c5a1}","{32235b4b-15f7-41de-a5cf-4616894c230e}","{50d4839b-a507-4f98-ad2e-8c85e26607a0}","{3c5aaac4-17e7-4286-a825-9bfe2ad7ae61}","{868858f1-8ea0-4128-8511-b128ba1b8d5a}","{75ad2c1d-7f03-436f-938d-2d15ecbde51c}","{8318033f-8344-4ced-9aaa-d4c6ac7b6e06}"]}, {041d02f9-bbc6-4bd9-865f-975d8eea0136}, {041d02f9-bbc6-4bd9-865f-975d8eea0136}
04-28 15:18:25.454 I/Gecko   (   81): 1398712705468	Marionette	INFO	sendToClient: {"from":"0","value":"<div><img src=\"blob:650268c8-3994-4bac-a859-86558ed3d12e\" style=\"visibility: visible;\" role=\"presentation\" height=\"64\" width=\"64\"><span class=\"labelWrapper\"><span>Social</span></span></div><span data-is-icon=\"true\" class=\"options\"></span>"}, {dcc5113a-9ffe-483c-a5e6-d0881b69e700}, {dcc5113a-9ffe-483c-a5e6-d0881b69e700}
04-28 15:18:25.464 I/Gecko   (  761): WARNING: child tried to open http IPDL channel w/o security info
04-28 15:18:25.474 I/Gecko:ProcessPriorityManager(   81): [Browser, child-id=10, pid=761] Scheduling reset timer to fire in 1000ms.
04-28 15:18:25.504 I/Gecko:ProcessPriorityManager(   81): [Browser, child-id=10, pid=761] ScheduleResetPriority bailing; the timer is already running.
04-28 15:18:25.534 I/Gecko:ProcessPriorityManager(   81): [child-id=10, pid=-1] Destroying ParticularProcessPriorityManager.
04-28 15:18:25.534 I/Gecko   (   81): 1398712705548	Marionette	INFO	sendToClient: {"from":"0","value":"<div><img src=\"blob:80605f48-690a-4530-a9a2-573ccb264f62\" style=\"visibility: visible;\" role=\"presentation\" height=\"64\" width=\"64\"><span class=\"labelWrapper\"><span>Games</span></span></div><span data-is-icon=\"true\" class=\"options\"></span>"}, {84be40c3-9d58-44fb-8551-7eb83a5524f4}, {84be40c3-9d58-44fb-8551-7eb83a5524f4}
04-28 15:18:25.604 I/Gecko   (  761): WARNING: child tried to open http IPDL channel w/o security info
04-28 15:18:25.604 I/Gecko   (  761): WARNING: child tried to open http IPDL channel w/o security info
04-28 15:18:25.604 I/Gecko   (  761): WARNING: child tried to open http IPDL channel w/o security info
04-28 15:18:25.604 I/Gecko   (  761): WARNING: child tried to open http IPDL channel w/o security info
04-28 15:18:25.604 I/Gecko   (  761): WARNING: child tried to open http IPDL channel w/o security info
04-28 15:18:25.604 I/Gecko   (  761): WARNING: child tried to open http IPDL channel w/o security info
04-28 15:18:25.604 I/Gecko   (  761): WARNING: child tried to open http IPDL channel w/o security info
04-28 15:18:25.604 I/Gecko   (  761): WARNING: child tried to open http IPDL channel w/o security info
04-28 15:18:25.604 I/Gecko   (  761): WARNING: child tried to open http IPDL channel w/o security info
04-28 15:18:25.604 I/Gecko   (  761): WARNING: child tried to open http IPDL channel w/o security info
04-28 15:18:25.604 I/Gecko   (  761): 
04-28 15:18:25.604 I/Gecko   (  761): ###!!! [Child][MessageChannel] Error: Channel closing: too late to send/recv, messages will be lost
04-28 15:18:25.604 I/Gecko   (  761): 
04-28 15:18:25.614 I/Gecko   (   81): 1398712705628	Marionette	INFO	sendToClient: {"from":"0","value":"<div><img src=\"blob:918396f2-7d06-4437-8538-93f3315fa068\" style=\"visibility: visible;\" role=\"presentation\" height=\"64\" width=\"64\"><span class=\"labelWrapper\"><span>Music</span></span></div><span data-is-icon=\"true\" class=\"options\"></span>"}, {c1bd93b7-07fe-4636-9456-662ef7b2b48e}, {c1bd93b7-07fe-4636-9456-662ef7b2b48e}
04-28 15:18:25.634 I/Gecko   (   81): 1398712705644	Marionette	INFO	sendToClient: {"from":"0","value":"<div><img src=\"blob:32eb1afd-25e9-474e-bba1-5a66e0048068\" style=\"visibility: visible;\" role=\"presentation\" height=\"64\" width=\"64\"><span class=\"labelWrapper\"><span>Showbiz</span></span></div><span data-is-icon=\"true\" class=\"options\"></span>"}, {521ccb4b-d43a-4749-8769-de53cef59474}, {521ccb4b-d43a-4749-8769-de53cef59474}
04-28 15:18:25.644 I/Gecko   (   81): 1398712705657	Marionette	INFO	sendToClient: {"from":"0","value":"<div><img src=\"blob:d05ca757-7b89-4fe7-98fd-aaa8b6e2dbe5\" style=\"visibility: visible;\" role=\"presentation\" height=\"64\" width=\"64\"><span class=\"labelWrapper\"><span>CutTheRope</span></span></div><span data-is-icon=\"true\" class=\"options\"></span>"}, {5d8ffaf0-1af5-45f7-bbb3-f2082a6ce150}, {5d8ffaf0-1af5-45f7-bbb3-f2082a6ce150}
04-28 15:18:25.654 I/Gecko   (   81): 1398712705667	Marionette	INFO	sendToClient: {"from":"0","value":"<div><img src=\"blob:ea10c929-e40c-4bc5-b3d5-715b8888e233\" style=\"visibility: visible;\" role=\"presentation\" height=\"64\" width=\"64\"><span class=\"labelWrapper mask\"><span>DropFlowers</span></span></div><span data-is-icon=\"true\" class=\"options\"></span>"}, {c8b1622d-8f49-470f-afe4-a98eba289222}, {c8b1622d-8f49-470f-afe4-a98eba289222}
04-28 15:18:25.674 I/Gecko   (   81): 1398712705687	Marionette	INFO	sendToClient: {"from":"0","value":"<div><img src=\"blob:601e0733-a4d1-49d5-8bdd-28d85307fb3f\" style=\"visibility: visible;\" role=\"presentation\" height=\"64\" width=\"64\"><span class=\"labelWrapper\"><span>Camera</span></span></div><span data-is-icon=\"true\" class=\"options\"></span>"}, {0957fb3b-25ce-4b87-b5f8-f5ee7f7aec33}, {0957fb3b-25ce-4b87-b5f8-f5ee7f7aec33}
04-28 15:18:25.694 I/Gecko   (   81): 1398712705710	Marionette	INFO	sendToClient: {"from":"0","value":"<div><img src=\"blob:20eb4571-1d2e-42bb-92a7-4ddb6f3ad1e0\" style=\"visibility: visible;\" role=\"presentation\" height=\"64\" width=\"64\"><span class=\"labelWrapper\"><span>Gallery</span></span></div><span data-is-icon=\"true\" class=\"options\"></span>"}, {2065f954-d4c3-407a-93d9-c89f7d6f770c}, {2065f954-d4c3-407a-93d9-c89f7d6f770c}
04-28 15:18:25.704 I/Gecko   (   81): 1398712705721	Marionette	INFO	sendToClient: {"from":"0","value":"<div><img src=\"blob:a6566dc1-b902-41ab-bffd-60ae1a341010\" style=\"visibility: visible;\" role=\"presentation\" height=\"64\" width=\"64\"><span class=\"labelWrapper\"><span>FM Radio</span></span></div><span data-is-icon=\"true\" class=\"options\"></span>"}, {0bc92e89-d123-4ac3-a11c-e2a607f5d358}, {0bc92e89-d123-4ac3-a11c-e2a607f5d358}
04-28 15:18:25.714 I/Gecko   (   81): 1398712705732	Marionette	INFO	sendToClient: {"from":"0","value":"<div><img src=\"blob:f040589e-3f0b-4ac9-9ec1-6a59472e65d7\" style=\"visibility: visible;\" role=\"presentation\" height=\"64\" width=\"64\"><span class=\"labelWrapper\"><span>Settings</span></span></div><span data-is-icon=\"true\" class=\"options\"></span>"}, {0a78b04d-c0f7-437d-98cd-1f4fc2403666}, {0a78b04d-c0f7-437d-98cd-1f4fc2403666}
04-28 15:18:25.724 I/Gecko   (   81): 1398712705742	Marionette	INFO	sendToClient: {"from":"0","value":"<div><img src=\"blob:a639a6f4-12fd-40ce-b8b8-9e07472afa86\" style=\"visibility: visible;\" role=\"presentation\" height=\"64\" width=\"64\"><span class=\"labelWrapper\"><span>Marketplace</span></span></div>"}, {049e13c1-a83b-411c-b3bd-37de48ad6e22}, {049e13c1-a83b-411c-b3bd-37de48ad6e22}
04-28 15:18:25.744 I/Gecko   (   81): 1398712705754	Marionette	INFO	sendToClient: {"from":"0","value":"<div><img src=\"blob:4dabc75f-17bb-4567-be60-19f041957b48\" style=\"visibility: visible;\" role=\"presentation\" height=\"64\" width=\"64\"><span class=\"labelWrapper\"><span>Calendar</span></span></div><span data-is-icon=\"true\" class=\"options\"></span>"}, {dae0ff35-a26e-437e-9936-3509f584ee0f}, {dae0ff35-a26e-437e-9936-3509f584ee0f}
04-28 15:18:25.754 I/Gecko   (   81): 1398712705765	Marionette	INFO	sendToClient: {"from":"0","value":"<div><img src=\"blob:713d6fcf-7029-4c88-8ff6-2b43c36e424d\" style=\"visibility: visible;\" role=\"presentation\" height=\"64\" width=\"64\"><span class=\"labelWrapper\"><span>Clock</span></span></div><span data-is-icon=\"true\" class=\"options\"></span>"}, {6e175bd6-dfc3-4e1a-9c65-c42790ec8837}, {6e175bd6-dfc3-4e1a-9c65-c42790ec8837}
04-28 15:18:25.764 I/Gecko   (   81): 1398712705775	Marionette	INFO	sendToClient: {"from":"0","value":"<div><img src=\"blob:20867eaf-d389-4620-b796-049ff69b9423\" style=\"visibility: visible;\" role=\"presentation\" height=\"64\" width=\"64\"><span class=\"labelWrapper\"><span>Usage</span></span></div><span data-is-icon=\"true\" class=\"options\"></span>"}, {ca3e0a2e-c6c1-44da-8357-c494eaababd2}, {ca3e0a2e-c6c1-44da-8357-c494eaababd2}
04-28 15:18:25.774 I/Gecko   (   81): 1398712705786	Marionette	INFO	sendToClient: {"from":"0","value":"<div><img src=\"blob:220d681a-beba-4c8c-9188-29210ed326c6\" style=\"visibility: visible;\" role=\"presentation\" height=\"64\" width=\"64\"><span class=\"labelWrapper\"><span>E-Mail</span></span></div><span data-is-icon=\"true\" class=\"options\"></span>"}, {54cbafe2-dfc8-4934-8bdc-0daa83f72499}, {54cbafe2-dfc8-4934-8bdc-0daa83f72499}
