--------- beginning of /dev/log/system
01-01 08:10:48.780 I/Vold    (   75): Vold 2.1 (the revenge) firing up
01-01 08:10:48.780 D/Vold    (   75): Volume sdcard state changing -1 (Initializing) -> 0 (No-Media)
01-01 08:10:48.920 D/Vold    (   75): Volume sdcard state changing 0 (No-Media) -> 2 (Pending)
01-01 08:10:48.920 D/Vold    (   75): Volume sdcard state changing 2 (Pending) -> 1 (Idle-Unmounted)
01-01 08:10:53.900 D/VoldCmdListener(   75): volume list
01-01 08:10:53.910 D/VoldCmdListener(   75): volume mount sdcard
01-01 08:10:53.910 I/Vold    (   75): /dev/block/vold/179:1 being considered for volume sdcard
01-01 08:10:53.910 D/Vold    (   75): Volume sdcard state changing 1 (Idle-Unmounted) -> 3 (Checking)
01-01 08:10:53.910 W/Vold    (   75): Skipping fs checks
01-01 08:10:53.960 I/Vold    (   75): Device /dev/block/vold/179:1, target /mnt/sdcard mounted @ /mnt/secure/staging
01-01 08:10:53.960 D/Vold    (   75): Volume sdcard state changing 3 (Checking) -> 4 (Mounted)
--------- beginning of /dev/log/main
01-01 08:11:05.110 D/SPRDENG (  167): 38
01-01 08:11:05.110 D/SPRDENG (  167): 34
01-01 08:11:05.110 D/SPRDENG (  167): 35
01-01 08:11:05.110 D/SPRDENG (  167): 38
01-01 08:11:05.110 D/SPRDENG (  167): 37
01-01 08:11:05.110 D/SPRDENG (  167): 65
01-01 08:11:05.110 D/SPRDENG (  167): 36
01-01 08:11:05.110 D/SPRDENG (  167): 64
01-01 08:11:05.110 D/SPRDENG (  167): 39
01-01 08:11:05.110 D/SPRDENG (  167): 32
01-01 08:11:05.110 D/SPRDENG (  167): 61
01-01 08:11:05.110 D/SPRDENG (  167): 30
01-01 08:11:05.110 D/SPRDENG (  167): 37
01-01 08:11:05.110 D/SPRDENG (  167): 65
01-01 08:11:05.110 D/SPRDENG (  167): 36
01-01 08:11:05.110 D/SPRDENG (  167): 61
01-01 08:11:05.110 D/SPRDENG (  167): 1a
01-01 08:11:05.110 D/SoftapController(   84): Softap fwReload - Ok
01-01 08:11:05.120 E/BandwidthController(   84): No such iface wlan0 to delete
01-01 08:11:05.120 D/SPRDENG (  167): eng_modem2server: use SIM1 /dev/CHNPTY13
01-01 08:11:05.120 D/SPRDENG (  167): AT < 
01-01 08:11:05.120 D/SPRDENG (  167): OK
01-01 08:11:05.120 D/SPRDENG (  167): 
01-01 08:11:05.120 E/        (   98): nvcal_recv_from_modem: Receive 1 Modem Response
01-01 08:11:05.120 E/        (   98): write_rf_nvconf_cmd: wifi recv_num =6, response=[
01-01 08:11:05.120 E/        (   98): OK
01-01 08:11:05.120 E/        (   98): ]
01-01 08:11:05.220 E/        (   98): write_rf_nvconf_cmd
01-01 08:11:05.220 E/        (   98): write_rf_nvconf_cmd: send [39,1,AT+SNVM=1,417]
01-01 08:11:05.220 E/        (   98): write data cmdbuf:[39,1,AT+SNVM=1,417]
01-01 08:11:05.220 E/        (   98): nvcal_send_to_modem
01-01 08:11:05.220 E/        (   98): nvcal_recv_from_modem: Waiting modem response ... fd=7
01-01 08:11:05.220 D/SPRDENG (  167): eng_servermodem_comm: use SIM1 /dev/CHNPTY13
01-01 08:11:05.220 D/SPRDENG (  167): AT > AT+SNVM=1,417
01-01 08:11:05.220 D/SPRDENG (  167): 41
01-01 08:11:05.220 D/SPRDENG (  167): 54
01-01 08:11:05.220 D/SPRDENG (  167): 2b
01-01 08:11:05.220 D/SPRDENG (  167): 53
01-01 08:11:05.220 D/SPRDENG (  167): 4e
01-01 08:11:05.230 D/SPRDENG (  167): 56
01-01 08:11:05.230 D/SPRDENG (  167): 4d
01-01 08:11:05.230 D/SPRDENG (  167): 3d
01-01 08:11:05.230 D/SPRDENG (  167): 31
01-01 08:11:05.230 D/SPRDENG (  167): 2c
01-01 08:11:05.230 D/SPRDENG (  167): 34
01-01 08:11:05.230 D/SPRDENG (  167): 31
01-01 08:11:05.230 D/SPRDENG (  167): 37
01-01 08:11:05.230 D/SPRDENG (  167): eng_modem2server: use SIM1 /dev/CHNPTY13
01-01 08:11:05.230 D/SPRDENG (  167): AT < 
01-01 08:11:05.230 D/SPRDENG (  167): > 
01-01 08:11:05.230 D/SPRDENG (  167): 
01-01 08:11:05.230 E/        (   98): nvcal_recv_from_modem: Receive 1 Modem Response
01-01 08:11:05.230 E/        (   98): recv from modem cmdbuf=[
01-01 08:11:05.230 E/        (   98): > 
01-01 08:11:05.230 E/        (   98): ]
01-01 08:11:05.330 E/        (   98): (strstr(cmdbuf, ">") != NULL)
01-01 08:11:05.330 E/        (   98): write_rf_nvconf_cmd: cmd_len[406], nv_len[400]
01-01 08:11:05.330 E/        (   98): write_rf_nvconf_cmd: cmd_buf:[39,1,1b0050021f00500221005002030050023d0050022000500224005002280050023d0050022000500224005002280050021c1c00001c1c000040020000000000000000000000000000000000000000000000000000000000000000000000000000000000000000000000000000000000000000000000000000bbbec2c61a231c2300000000000000001a231c2300000000000000001b231c2300000000000000001b231c2300000000000000001b231c2300000000000000000000000000000000000000002c000000]
01-01 08:11:05.330 E/        (   98): nvcal_send_to_modem
01-01 08:11:05.330 E/        (   98): nvcal_recv_from_modem: Waiting modem response ... fd=7
01-01 08:11:05.330 D/SPRDENG (  167): eng_servermodem_comm: use SIM1 /dev/CHNPTY13
01-01 08:11:05.330 D/SPRDENG (  167): AT > 1b0050021f00500221005002030050023d0050022000500224005002280050023d0050022000500224005002280050021c1c00001c1c000040020000000000000000000000000000000000000000000000000000000000000000000000000000000000000000000000000000000000000000000000000000bbbec2c61a231c2300000000000000001a231c2300000000000000001b231c2300000000000000001b231c2300000000000000001b231c2300000000000000000000000000000000000000002c000000
01-01 08:11:05.330 D/SPRDENG (  167): 31
01-01 08:11:05.330 D/SPRDENG (  167): 62
01-01 08:11:05.330 D/SPRDENG (  167): 30
01-01 08:11:05.330 D/SPRDENG (  167): 30
01-01 08:11:05.330 D/SPRDENG (  167): 35
01-01 08:11:05.330 D/SPRDENG (  167): 30
01-01 08:11:05.330 D/SPRDENG (  167): 30
01-01 08:11:05.330 D/SPRDENG (  167): 32
01-01 08:11:05.330 D/SPRDENG (  167): 31
01-01 08:11:05.330 D/SPRDENG (  167): 66
01-01 08:11:05.330 D/SPRDENG (  167): 30
01-01 08:11:05.330 D/SPRDENG (  167): 30
01-01 08:11:05.330 D/SPRDENG (  167): 35
01-01 08:11:05.330 D/SPRDENG (  167): 30
01-01 08:11:05.330 D/SPRDENG (  167): 30
01-01 08:11:05.330 D/SPRDENG (  167): 32
01-01 08:11:05.330 D/SPRDENG (  167): 32
01-01 08:11:05.330 D/SPRDENG (  167): 31
01-01 08:11:05.330 D/SPRDENG (  167): 30
01-01 08:11:05.330 D/SPRDENG (  167): 30
01-01 08:11:05.330 D/SPRDENG (  167): 35
01-01 08:11:05.330 D/SPRDENG (  167): 30
01-01 08:11:05.330 D/SPRDENG (  167): 30
01-01 08:11:05.330 D/SPRDENG (  167): 32
01-01 08:11:05.330 D/SPRDENG (  167): 30
01-01 08:11:05.330 D/SPRDENG (  167): 33
01-01 08:11:05.330 D/SPRDENG (  167): 30
01-01 08:11:05.330 D/SPRDENG (  167): 30
01-01 08:11:05.330 D/SPRDENG (  167): 35
01-01 08:11:05.330 D/SPRDENG (  167): 30
01-01 08:11:05.330 D/SPRDENG (  167): 30
01-01 08:11:05.330 D/SPRDENG (  167): 32
01-01 08:11:05.330 D/SPRDENG (  167): 33
01-01 08:11:05.330 D/SPRDENG (  167): 64
01-01 08:11:05.330 D/SPRDENG (  167): 30
01-01 08:11:05.330 D/SPRDENG (  167): 30
01-01 08:11:05.330 D/SPRDENG (  167): 35
01-01 08:11:05.330 D/SPRDENG (  167): 30
01-01 08:11:05.330 D/SPRDENG (  167): 30
01-01 08:11:05.330 D/SPRDENG (  167): 32
01-01 08:11:05.330 D/SPRDENG (  167): 32
01-01 08:11:05.330 D/SPRDENG (  167): 30
01-01 08:11:05.330 D/SPRDENG (  167): 30
01-01 08:11:05.330 D/SPRDENG (  167): 30
01-01 08:11:05.330 D/SPRDENG (  167): 35
01-01 08:11:05.330 D/SPRDENG (  167): 30
01-01 08:11:05.330 D/SPRDENG (  167): 30
01-01 08:11:05.330 D/SPRDENG (  167): 32
01-01 08:11:05.330 D/SPRDENG (  167): 32
01-01 08:11:05.330 D/SPRDENG (  167): 34
01-01 08:11:05.330 D/SPRDENG (  167): 30
01-01 08:11:05.330 D/SPRDENG (  167): 30
01-01 08:11:05.330 D/SPRDENG (  167): 35
01-01 08:11:05.330 D/SPRDENG (  167): 30
01-01 08:11:05.330 D/SPRDENG (  167): 30
01-01 08:11:05.330 D/SPRDENG (  167): 32
01-01 08:11:05.330 D/SPRDENG (  167): 32
01-01 08:11:05.330 D/SPRDENG (  167): 38
01-01 08:11:05.330 D/SPRDENG (  167): 30
01-01 08:11:05.330 D/SPRDENG (  167): 30
01-01 08:11:05.330 D/SPRDENG (  167): 35
01-01 08:11:05.330 D/SPRDENG (  167): 30
01-01 08:11:05.330 D/SPRDENG (  167): 30
01-01 08:11:05.330 D/SPRDENG (  167): 32
01-01 08:11:05.330 D/SPRDENG (  167): 33
01-01 08:11:05.330 D/SPRDENG (  167): 64
01-01 08:11:05.330 D/SPRDENG (  167): 30
01-01 08:11:05.330 D/SPRDENG (  167): 30
01-01 08:11:05.330 D/SPRDENG (  167): 35
01-01 08:11:05.330 D/SPRDENG (  167): 30
01-01 08:11:05.330 D/SPRDENG (  167): 30
01-01 08:11:05.330 D/SPRDENG (  167): 32
01-01 08:11:05.330 D/SPRDENG (  167): 32
01-01 08:11:05.330 D/SPRDENG (  167): 30
01-01 08:11:05.330 D/SPRDENG (  167): 30
01-01 08:11:05.330 D/SPRDENG (  167): 30
01-01 08:11:05.330 D/SPRDENG (  167): 35
01-01 08:11:05.330 D/SPRDENG (  167): 30
01-01 08:11:05.330 D/SPRDENG (  167): 30
01-01 08:11:05.330 D/SPRDENG (  167): 32
01-01 08:11:05.330 D/SPRDENG (  167): 32
01-01 08:11:05.330 D/SPRDENG (  167): 34
01-01 08:11:05.330 D/SPRDENG (  167): 30
01-01 08:11:05.330 D/SPRDENG (  167): 30
01-01 08:11:05.330 D/SPRDENG (  167): 35
01-01 08:11:05.330 D/SPRDENG (  167): 30
01-01 08:11:05.330 D/SPRDENG (  167): 30
01-01 08:11:05.330 D/SPRDENG (  167): 32
01-01 08:11:05.330 D/SPRDENG (  167): 32
01-01 08:11:05.330 D/SPRDENG (  167): 38
01-01 08:11:05.330 D/SPRDENG (  167): 30
01-01 08:11:05.330 D/SPRDENG (  167): 30
01-01 08:11:05.330 D/SPRDENG (  167): 35
01-01 08:11:05.330 D/SPRDENG (  167): 30
01-01 08:11:05.330 D/SPRDENG (  167): 30
01-01 08:11:05.330 D/SPRDENG (  167): 32
01-01 08:11:05.330 D/SPRDENG (  167): 31
01-01 08:11:05.330 D/SPRDENG (  167): 63
01-01 08:11:05.330 D/SPRDENG (  167): 31
01-01 08:11:05.330 D/SPRDENG (  167): 63
01-01 08:11:05.330 D/SPRDENG (  167): 30
01-01 08:11:05.330 D/SPRDENG (  167): 30
01-01 08:11:05.330 D/SPRDENG (  167): 30
01-01 08:11:05.330 D/SPRDENG (  167): 30
01-01 08:11:05.330 D/SPRDENG (  167): 31
01-01 08:11:05.330 D/SPRDENG (  167): 63
01-01 08:11:05.330 D/SPRDENG (  167): 31
01-01 08:11:05.330 D/SPRDENG (  167): 63
01-01 08:11:05.330 D/SPRDENG (  167): 30
01-01 08:11:05.330 D/SPRDENG (  167): 30
01-01 08:11:05.330 D/SPRDENG (  167): 30
01-01 08:11:05.330 D/SPRDENG (  167): 30
01-01 08:11:05.330 D/SPRDENG (  167): 34
01-01 08:11:05.330 D/SPRDENG (  167): 30
01-01 08:11:05.330 D/SPRDENG (  167): 30
01-01 08:11:05.330 D/SPRDENG (  167): 32
01-01 08:11:05.330 D/SPRDENG (  167): 30
01-01 08:11:05.330 D/SPRDENG (  167): 30
01-01 08:11:05.330 D/SPRDENG (  167): 30
01-01 08:11:05.330 D/SPRDENG (  167): 30
01-01 08:11:05.330 D/SPRDENG (  167): 30
01-01 08:11:05.330 D/SPRDENG (  167): 30
01-01 08:11:05.330 D/SPRDENG (  167): 30
01-01 08:11:05.330 D/SPRDENG (  167): 30
01-01 08:11:05.330 D/SPRDENG (  167): 30
01-01 08:11:05.330 D/SPRDENG (  167): 30
01-01 08:11:05.330 D/SPRDENG (  167): 30
01-01 08:11:05.330 D/SPRDENG (  167): 30
01-01 08:11:05.330 D/SPRDENG (  167): 30
01-01 08:11:05.330 D/SPRDENG (  167): 30
01-01 08:11:05.330 D/SPRDENG (  167): 30
01-01 08:11:05.330 D/SPRDENG (  167): 30
01-01 08:11:05.330 D/SPRDENG (  167): 30
01-01 08:11:05.330 D/SPRDENG (  167): 30
01-01 08:11:05.330 D/SPRDENG (  167): 30
01-01 08:11:05.330 D/SPRDENG (  167): 30
01-01 08:11:05.330 D/SPRDENG (  167): 30
01-01 08:11:05.330 D/SPRDENG (  167): 30
01-01 08:11:05.330 D/SPRDENG (  167): 30
01-01 08:11:05.330 D/SPRDENG (  167): 30
01-01 08:11:05.330 D/SPRDENG (  167): 30
01-01 08:11:05.330 D/SPRDENG (  167): 30
01-01 08:11:05.330 D/SPRDENG (  167): 30
01-01 08:11:05.330 D/SPRDENG (  167): 30
01-01 08:11:05.330 D/SPRDENG (  167): 30
01-01 08:11:05.330 D/SPRDENG (  167): 30
01-01 08:11:05.330 D/SPRDENG (  167): 30
01-01 08:11:05.330 D/SPRDENG (  167): 30
01-01 08:11:05.330 D/SPRDENG (  167): 30
01-01 08:11:05.330 D/SPRDENG (  167): 30
01-01 08:11:05.330 D/SPRDENG (  167): 30
01-01 08:11:05.330 D/SPRDENG (  167): 30
01-01 08:11:05.330 D/SPRDENG (  167): 30
01-01 08:11:05.330 D/SPRDENG (  167): 30
01-01 08:11:05.330 D/SPRDENG (  167): 30
01-01 08:11:05.330 D/SPRDENG (  167): 30
01-01 08:11:05.330 D/SPRDENG (  167): 30
01-01 08:11:05.330 D/SPRDENG (  167): 30
01-01 08:11:05.330 D/SPRDENG (  167): 30
01-01 08:11:05.330 D/SPRDENG (  167): 30
01-01 08:11:05.330 D/SPRDENG (  167): 30
01-01 08:11:05.330 D/SPRDENG (  167): 30
01-01 08:11:05.330 D/SPRDENG (  167): 30
01-01 08:11:05.330 D/SPRDENG (  167): 30
01-01 08:11:05.330 D/SPRDENG (  167): 30
01-01 08:11:05.330 D/SPRDENG (  167): 30
01-01 08:11:05.330 D/SPRDENG (  167): 30
01-01 08:11:05.330 D/SPRDENG (  167): 30
01-01 08:11:05.330 D/SPRDENG (  167): 30
01-01 08:11:05.330 D/SPRDENG (  167): 30
01-01 08:11:05.330 D/SPRDENG (  167): 30
01-01 08:11:05.330 D/SPRDENG (  167): 30
01-01 08:11:05.330 D/SPRDENG (  167): 30
01-01 08:11:05.330 D/SPRDENG (  167): 30
01-01 08:11:05.330 D/SPRDENG (  167): 30
01-01 08:11:05.330 D/SPRDENG (  167): 30
01-01 08:11:05.330 D/SPRDENG (  167): 30
01-01 08:11:05.330 D/SPRDENG (  167): 30
01-01 08:11:05.330 D/SPRDENG (  167): 30
01-01 08:11:05.330 D/SPRDENG (  167): 30
01-01 08:11:05.330 D/SPRDENG (  167): 30
01-01 08:11:05.330 D/SPRDENG (  167): 30
01-01 08:11:05.330 D/SPRDENG (  167): 30
01-01 08:11:05.330 D/SPRDENG (  167): 30
01-01 08:11:05.330 D/SPRDENG (  167): 30
01-01 08:11:05.330 D/SPRDENG (  167): 30
01-01 08:11:05.330 D/SPRDENG (  167): 30
01-01 08:11:05.330 D/SPRDENG (  167): 30
01-01 08:11:05.330 D/SPRDENG (  167): 30
01-01 08:11:05.330 D/SPRDENG (  167): 30
01-01 08:11:05.330 D/SPRDENG (  167): 30
01-01 08:11:05.330 D/SPRDENG (  167): 30
01-01 08:11:05.330 D/SPRDENG (  167): 30
01-01 08:11:05.330 D/SPRDENG (  167): 30
01-01 08:11:05.330 D/SPRDENG (  167): 30
01-01 08:11:05.330 D/SPRDENG (  167): 30
01-01 08:11:05.330 D/SPRDENG (  167): 30
01-01 08:11:05.330 D/SPRDENG (  167): 30
01-01 08:11:05.330 D/SPRDENG (  167): 30
01-01 08:11:05.330 D/SPRDENG (  167): 30
01-01 08:11:05.330 D/SPRDENG (  167): 30
01-01 08:11:05.330 D/SPRDENG (  167): 30
01-01 08:11:05.330 D/SPRDENG (  167): 30
01-01 08:11:05.330 D/SPRDENG (  167): 30
01-01 08:11:05.330 D/SPRDENG (  167): 30
01-01 08:11:05.330 D/SPRDENG (  167): 30
01-01 08:11:05.330 D/SPRDENG (  167): 30
01-01 08:11:05.330 D/SPRDENG (  167): 30
01-01 08:11:05.330 D/SPRDENG (  167): 30
01-01 08:11:05.330 D/SPRDENG (  167): 30
01-01 08:11:05.330 D/SPRDENG (  167): 30
01-01 08:11:05.330 D/SPRDENG (  167): 30
01-01 08:11:05.330 D/SPRDENG (  167): 30
01-01 08:11:05.330 D/SPRDENG (  167): 30
01-01 08:11:05.330 D/SPRDENG (  167): 30
01-01 08:11:05.330 D/SPRDENG (  167): 30
01-01 08:11:05.330 D/SPRDENG (  167): 30
01-01 08:11:05.330 D/SPRDENG (  167): 30
01-01 08:11:05.330 D/SPRDENG (  167): 30
01-01 08:11:05.330 D/SPRDENG (  167): 30
01-01 08:11:05.330 D/SPRDENG (  167): 30
01-01 08:11:05.330 D/SPRDENG (  167): 30
01-01 08:11:05.330 D/SPRDENG (  167): 30
01-01 08:11:05.330 D/SPRDENG (  167): 30
01-01 08:11:05.330 D/SPRDENG (  167): 30
01-01 08:11:05.330 D/SPRDENG (  167): 30
01-01 08:11:05.330 D/SPRDENG (  167): 30
01-01 08:11:05.330 D/SPRDENG (  167): 30
01-01 08:11:05.330 D/SPRDENG (  167): 30
01-01 08:11:05.330 D/SPRDENG (  167): 30
01-01 08:11:05.330 D/SPRDENG (  167): 30
01-01 08:11:05.330 D/SPRDENG (  167): 30
01-01 08:11:05.330 D/SPRDENG (  167): 30
01-01 08:11:05.330 D/SPRDENG (  167): 30
01-01 08:11:05.330 D/SPRDENG (  167): 30
01-01 08:11:05.330 D/SPRDENG (  167): 30
01-01 08:11:05.330 D/SPRDENG (  167): 30
01-01 08:11:05.330 D/SPRDENG (  167): 30
01-01 08:11:05.330 D/SPRDENG (  167): 30
01-01 08:11:05.330 D/SPRDENG (  167): 30
01-01 08:11:05.330 D/SPRDENG (  167): 62
01-01 08:11:05.330 D/SPRDENG (  167): 62
01-01 08:11:05.330 D/SPRDENG (  167): 62
01-01 08:11:05.330 D/SPRDENG (  167): 65
01-01 08:11:05.330 D/SPRDENG (  167): 63
01-01 08:11:05.330 D/SPRDENG (  167): 32
01-01 08:11:05.330 D/SPRDENG (  167): 63
01-01 08:11:05.330 D/SPRDENG (  167): 36
01-01 08:11:05.330 D/SPRDENG (  167): 31
01-01 08:11:05.330 D/SPRDENG (  167): 61
01-01 08:11:05.330 D/SPRDENG (  167): 32
01-01 08:11:05.330 D/SPRDENG (  167): 33
01-01 08:11:05.330 D/SPRDENG (  167): 31
01-01 08:11:05.330 D/SPRDENG (  167): 63
01-01 08:11:05.330 D/SPRDENG (  167): 32
01-01 08:11:05.330 D/SPRDENG (  167): 33
01-01 08:11:05.330 D/SPRDENG (  167): 30
01-01 08:11:05.330 D/SPRDENG (  167): 30
01-01 08:11:05.330 D/SPRDENG (  167): 30
01-01 08:11:05.330 D/SPRDENG (  167): 30
01-01 08:11:05.330 D/SPRDENG (  167): 30
01-01 08:11:05.330 D/SPRDENG (  167): 30
01-01 08:11:05.330 D/SPRDENG (  167): 30
01-01 08:11:05.330 D/SPRDENG (  167): 30
01-01 08:11:05.330 D/SPRDENG (  167): 30
01-01 08:11:05.330 D/SPRDENG (  167): 30
01-01 08:11:05.330 D/SPRDENG (  167): 30
01-01 08:11:05.330 D/SPRDENG (  167): 30
01-01 08:11:05.330 D/SPRDENG (  167): 30
01-01 08:11:05.330 D/SPRDENG (  167): 30
01-01 08:11:05.330 D/SPRDENG (  167): 30
01-01 08:11:05.330 D/SPRDENG (  167): 30
01-01 08:11:05.330 D/SPRDENG (  167): 31
01-01 08:11:05.330 D/SPRDENG (  167): 61
01-01 08:11:05.330 D/SPRDENG (  167): 32
01-01 08:11:05.330 D/SPRDENG (  167): 33
01-01 08:11:05.330 D/SPRDENG (  167): 31
01-01 08:11:05.330 D/SPRDENG (  167): 63
01-01 08:11:05.330 D/SPRDENG (  167): 32
01-01 08:11:05.330 D/SPRDENG (  167): 33
01-01 08:11:05.330 D/SPRDENG (  167): 30
01-01 08:11:05.330 D/SPRDENG (  167): 30
01-01 08:11:05.330 D/SPRDENG (  167): 30
01-01 08:11:05.330 D/SPRDENG (  167): 30
01-01 08:11:05.330 D/SPRDENG (  167): 30
01-01 08:11:05.330 D/SPRDENG (  167): 30
01-01 08:11:05.330 D/SPRDENG (  167): 30
01-01 08:11:05.330 D/SPRDENG (  167): 30
01-01 08:11:05.330 D/SPRDENG (  167): 30
01-01 08:11:05.330 D/SPRDENG (  167): 30
01-01 08:11:05.330 D/SPRDENG (  167): 30
01-01 08:11:05.330 D/SPRDENG (  167): 30
01-01 08:11:05.330 D/SPRDENG (  167): 30
01-01 08:11:05.330 D/SPRDENG (  167): 30
01-01 08:11:05.330 D/SPRDENG (  167): 30
01-01 08:11:05.330 D/SPRDENG (  167): 30
01-01 08:11:05.330 D/SPRDENG (  167): 31
01-01 08:11:05.330 D/SPRDENG (  167): 62
01-01 08:11:05.330 D/SPRDENG (  167): 32
01-01 08:11:05.330 D/SPRDENG (  167): 33
01-01 08:11:05.330 D/SPRDENG (  167): 31
01-01 08:11:05.330 D/SPRDENG (  167): 63
01-01 08:11:05.330 D/SPRDENG (  167): 32
01-01 08:11:05.330 D/SPRDENG (  167): 33
01-01 08:11:05.330 D/SPRDENG (  167): 30
01-01 08:11:05.330 D/SPRDENG (  167): 30
01-01 08:11:05.330 D/SPRDENG (  167): 30
01-01 08:11:05.330 D/SPRDENG (  167): 30
01-01 08:11:05.330 D/SPRDENG (  167): 30
01-01 08:11:05.330 D/SPRDENG (  167): 30
01-01 08:11:05.330 D/SPRDENG (  167): 30
01-01 08:11:05.330 D/SPRDENG (  167): 30
01-01 08:11:05.330 D/SPRDENG (  167): 30
01-01 08:11:05.330 D/SPRDENG (  167): 30
01-01 08:11:05.330 D/SPRDENG (  167): 30
01-01 08:11:05.330 D/SPRDENG (  167): 30
01-01 08:11:05.330 D/SPRDENG (  167): 30
01-01 08:11:05.330 D/SPRDENG (  167): 30
01-01 08:11:05.330 D/SPRDENG (  167): 30
01-01 08:11:05.330 D/SPRDENG (  167): 30
01-01 08:11:05.330 D/SPRDENG (  167): 31
01-01 08:11:05.330 D/SPRDENG (  167): 62
01-01 08:11:05.330 D/SPRDENG (  167): 32
01-01 08:11:05.330 D/SPRDENG (  167): 33
01-01 08:11:05.330 D/SPRDENG (  167): 31
01-01 08:11:05.330 D/SPRDENG (  167): 63
01-01 08:11:05.330 D/SPRDENG (  167): 32
01-01 08:11:05.330 D/SPRDENG (  167): 33
01-01 08:11:05.330 D/SPRDENG (  167): 30
01-01 08:11:05.330 D/SPRDENG (  167): 30
01-01 08:11:05.330 D/SPRDENG (  167): 30
01-01 08:11:05.330 D/SPRDENG (  167): 30
01-01 08:11:05.330 D/SPRDENG (  167): 30
01-01 08:11:05.330 D/SPRDENG (  167): 30
01-01 08:11:05.330 D/SPRDENG (  167): 30
01-01 08:11:05.330 D/SPRDENG (  167): 30
01-01 08:11:05.330 D/SPRDENG (  167): 30
01-01 08:11:05.330 D/SPRDENG (  167): 30
01-01 08:11:05.330 D/SPRDENG (  167): 30
01-01 08:11:05.330 D/SPRDENG (  167): 30
01-01 08:11:05.330 D/SPRDENG (  167): 30
01-01 08:11:05.330 D/SPRDENG (  167): 30
01-01 08:11:05.330 D/SPRDENG (  167): 30
01-01 08:11:05.330 D/SPRDENG (  167): 30
01-01 08:11:05.330 D/SPRDENG (  167): 31
01-01 08:11:05.330 D/SPRDENG (  167): 62
01-01 08:11:05.330 D/SPRDENG (  167): 32
01-01 08:11:05.330 D/SPRDENG (  167): 33
01-01 08:11:05.330 D/SPRDENG (  167): 31
01-01 08:11:05.330 D/SPRDENG (  167): 63
01-01 08:11:05.330 D/SPRDENG (  167): 32
01-01 08:11:05.330 D/SPRDENG (  167): 33
01-01 08:11:05.330 D/SPRDENG (  167): 30
01-01 08:11:05.330 D/SPRDENG (  167): 30
01-01 08:11:05.330 D/SPRDENG (  167): 30
01-01 08:11:05.330 D/SPRDENG (  167): 30
01-01 08:11:05.330 D/SPRDENG (  167): 30
01-01 08:11:05.330 D/SPRDENG (  167): 30
01-01 08:11:05.330 D/SPRDENG (  167): 30
01-01 08:11:05.330 D/SPRDENG (  167): 30
01-01 08:11:05.330 D/SPRDENG (  167): 30
01-01 08:11:05.330 D/SPRDENG (  167): 30
01-01 08:11:05.330 D/SPRDENG (  167): 30
01-01 08:11:05.330 D/SPRDENG (  167): 30
01-01 08:11:05.330 D/SPRDENG (  167): 30
01-01 08:11:05.330 D/SPRDENG (  167): 30
01-01 08:11:05.330 D/SPRDENG (  167): 30
01-01 08:11:05.330 D/SPRDENG (  167): 30
01-01 08:11:05.330 D/SPRDENG (  167): 30
01-01 08:11:05.330 D/SPRDENG (  167): 30
01-01 08:11:05.330 D/SPRDENG (  167): 30
01-01 08:11:05.330 D/SPRDENG (  167): 30
01-01 08:11:05.330 D/SPRDENG (  167): 30
01-01 08:11:05.330 D/SPRDENG (  167): 30
01-01 08:11:05.330 D/SPRDENG (  167): 30
01-01 08:11:05.330 D/SPRDENG (  167): 30
01-01 08:11:05.330 D/SPRDENG (  167): 30
01-01 08:11:05.330 D/SPRDENG (  167): 30
01-01 08:11:05.330 D/SPRDENG (  167): 30
01-01 08:11:05.330 D/SPRDENG (  167): 30
01-01 08:11:05.330 D/SPRDENG (  167): 30
01-01 08:11:05.330 D/SPRDENG (  167): 30
01-01 08:11:05.330 D/SPRDENG (  167): 30
01-01 08:11:05.330 D/SPRDENG (  167): 30
01-01 08:11:05.330 D/SPRDENG (  167): 30
01-01 08:11:05.330 D/SPRDENG (  167): 30
01-01 08:11:05.330 D/SPRDENG (  167): 30
01-01 08:11:05.330 D/SPRDENG (  167): 30
01-01 08:11:05.330 D/SPRDENG (  167): 30
01-01 08:11:05.330 D/SPRDENG (  167): 30
01-01 08:11:05.330 D/SPRDENG (  167): 30
01-01 08:11:05.330 D/SPRDENG (  167): 30
01-01 08:11:05.330 D/SPRDENG (  167): 32
01-01 08:11:05.330 D/SPRDENG (  167): 63
01-01 08:11:05.330 D/SPRDENG (  167): 30
01-01 08:11:05.330 D/SPRDENG (  167): 30
01-01 08:11:05.330 D/SPRDENG (  167): 30
01-01 08:11:05.330 D/SPRDENG (  167): 30
01-01 08:11:05.330 D/SPRDENG (  167): 30
01-01 08:11:05.330 D/SPRDENG (  167): 30
01-01 08:11:05.330 D/SPRDENG (  167): 1a
01-01 08:11:05.330 D/SPRDENG (  167): eng_modem2server: use SIM1 /dev/CHNPTY13
01-01 08:11:05.330 D/SPRDENG (  167): AT < 
01-01 08:11:05.330 D/SPRDENG (  167): OK
01-01 08:11:05.330 D/SPRDENG (  167): 
01-01 08:11:05.330 E/        (   98): nvcal_recv_from_modem: Receive 1 Modem Response
01-01 08:11:05.330 E/        (   98): write_rf_nvconf_cmd: wifi recv_num =6, response=[
01-01 08:11:05.330 E/        (   98): OK
01-01 08:11:05.330 E/        (   98): ]
01-01 08:11:05.430 E/eng_rf_nv_update(   98): [set_rf_nvconf]: NV updated OK!
01-01 08:11:05.440 E/eng_rf_nv_update(   98): [save_rf_nv_to_bak_file] NV data save to bake file OK
01-01 08:11:05.440 E/eng_rf_nv_update(   98): [eng_rf_nv_update]: end eng rf nv update!
01-01 08:11:05.440 I/logwrapper(   80): /system/bin/eng_rf_nv_update terminated by exit(0)
01-01 08:11:05.890 I/power   (   81): *** set_screen_state 1
01-01 08:11:05.890 D/Sensors (   81): activate handle=3; drv=1
01-01 08:11:05.890 D/Sensors (   81): SensorTMD2771::setEnable=0= en=1; newState=1; what=0; mEnabled=0
01-01 08:11:06.080 D/Sensors (   81): taos ---Light::TAOS_IOCTL_ALS_ON=== err=0
01-01 08:11:06.080 D/Sensors (   81): SensorTMD2771::setEnable=1= en=1; newState=1; what=0; mEnabled=1
01-01 08:11:06.080 D/Sensors (   81): SensorTMD2771::getEnable===mEnabled=0x1; enable=1
01-01 08:11:06.090 I/GeckoDump(   81): XXX FIXME : Got a mozContentEvent: nfc-hardware-state-change
01-01 08:11:06.120 I/GeckoDump(   81): XXX FIXME : Got a mozContentEvent: system-message-listener-ready
01-01 08:11:06.170 I/Gecko:ProcessPriorityManager(   81): [(Preallocated), child-id=2, pid=371] Creating ParticularProcessPriorityManager.
01-01 08:11:06.170 I/Gecko:ProcessPriorityManager(   81): [(Preallocated), child-id=2, pid=371] Done starting up.  mHoldsCPUWakeLock=0, mHoldsHighPriorityWakeLock=0
01-01 08:11:06.170 I/Gecko:ProcessPriorityManager(   81): [(Preallocated), child-id=2, pid=371] Changing priority from UNKNOWN:CPU_NORMAL to MASTER:CPU_NORMAL.
01-01 08:11:06.170 I/Gonk    (   81): Setting nice for pid 371 to 0
01-01 08:11:06.170 I/Gonk    (   81): Changed nice for pid 371 from 0 to 0.
01-01 08:11:06.690 D/Sensors (   81): SensorTMD2771::readEvents()======data_fd=53,count=16
01-01 08:11:06.690 D/Sensors (   81): SensorTMD2771::processEvent()=====code=40::value=1 
01-01 08:11:06.690 D/Sensors (   81): SensorTMD2771: mPendingEvents[Light].light = 1.000000
01-01 08:11:06.800 I/Gecko   (   81): 1325423466805	Marionette	INFO	loaded marionette-listener.js
01-01 08:11:06.800 I/Gecko   (   81): 1325423466808	Marionette	INFO	sendToClient: {"from":"0","value":"3-b2g"}, {01a2e0fa-5b24-4d07-bc6d-6f7ea1fcabb3}, {01a2e0fa-5b24-4d07-bc6d-6f7ea1fcabb3}
01-01 08:11:06.970 E/GeckoConsole(   81): [JavaScript Error: "TypeError: widgetFrame is undefined" {file: "app://system.gaiamobile.org/js/cost_control.js" line: 119}]
01-01 08:11:07.360 I/Gecko   (   81): 1325423467363	Marionette	INFO	sendToClient: {"from":"0","value":{"ELEMENT":"{11f9089a-2e99-44c7-ba42-78f769b5d4d7}"}}, {2c4230fd-8237-40e6-b722-8c53bb1fbf80}, {2c4230fd-8237-40e6-b722-8c53bb1fbf80}
01-01 08:11:07.430 I/Gecko   (   81): 1325423467433	Marionette	INFO	sendToClient: {"from":"0","value":false}, {0a1c90de-3923-4aa8-8833-13a082f8c822}, {0a1c90de-3923-4aa8-8833-13a082f8c822}
01-01 08:11:07.600 I/Gecko   (   81): 1325423467609	Marionette	INFO	sendToClient: {"from":"0","value":{"ELEMENT":"{11f9089a-2e99-44c7-ba42-78f769b5d4d7}"}}, {27262ddd-d1ca-4829-a086-b736f77f39a1}, {27262ddd-d1ca-4829-a086-b736f77f39a1}
01-01 08:11:07.720 I/Gecko   (   81): 1325423467727	Marionette	INFO	sendToClient: {"from":"0","value":false}, {791e8299-00a7-4a18-b906-2a1a0278bfce}, {791e8299-00a7-4a18-b906-2a1a0278bfce}
01-01 08:11:07.850 I/Gecko   (   81): 1325423467854	Marionette	INFO	sendToClient: {"from":"0","value":{"ELEMENT":"{11f9089a-2e99-44c7-ba42-78f769b5d4d7}"}}, {fd6d6a47-0c75-4438-bb1b-451d234fa291}, {fd6d6a47-0c75-4438-bb1b-451d234fa291}
01-01 08:11:07.880 I/Gecko   (   81): 1325423467889	Marionette	INFO	sendToClient: {"from":"0","value":false}, {fce505af-749c-4a44-b005-7b5c91ca1570}, {fce505af-749c-4a44-b005-7b5c91ca1570}
01-01 08:11:08.040 I/GeckoDump(   81): XXX FIXME : Got a mozContentEvent: accessibility-screenreader
01-01 08:11:08.090 I/GeckoDump(   81): XXX FIXME : Got a mozContentEvent: nfc-hardware-state-change
01-01 08:11:08.340 E/WifiHW  (   81): Leo ensure_config_file_exists config_file=/data/misc/wifi/wpa_supplicant.conf
01-01 08:11:08.340 E/WifiHW  (   81): daemon_cmd=wpa_supplicant:-iwlan0 -c/data/misc/wifi/wpa_supplicant.conf
01-01 08:11:08.430 I/Gecko   (   81): 1325423468439	Marionette	INFO	sendToClient: {"from":"0","value":{"ELEMENT":"{11f9089a-2e99-44c7-ba42-78f769b5d4d7}"}}, {124cd184-c8cf-4300-b822-e7efb3d14b63}, {124cd184-c8cf-4300-b822-e7efb3d14b63}
01-01 08:11:08.580 I/Gecko   (   81): 1325423468584	Marionette	INFO	sendToClient: {"from":"0","value":true}, {67435b90-f15d-4f1c-bd21-7c11ff32f541}, {67435b90-f15d-4f1c-bd21-7c11ff32f541}
01-01 08:11:08.820 I/FMRadio (   81): FMRadio is initialized.
01-01 08:11:08.890 E/GeckoConsole(   81): Content JS ERROR at app://system.gaiamobile.org/js/telephony_settings.js:23 in set_vpm_error: Error setting voice privacy.
01-01 08:11:08.890 E/GeckoConsole(   81): Content JS ERROR at app://system.gaiamobile.org/js/telephony_settings.js:23 in set_vpm_error: Error setting voice privacy.
01-01 08:11:09.130 E/GeckoConsole(   81): Content JS ERROR at app://system.gaiamobile.org/js/telephony_settings.js:42 in set_vpm_error: Error roaming preference.
01-01 08:11:09.140 E/GeckoConsole(   81): Content JS ERROR at app://system.gaiamobile.org/js/telephony_settings.js:42 in set_vpm_error: Error roaming preference.
01-01 08:11:09.140 W/WifiHW  (   81): wifi_command: LOG_LEVEL
01-01 08:11:09.140 W/WifiHW  (   81): wifi_command: STATUS
01-01 08:11:09.180 W/WifiHW  (   81): wifi_command: LIST_NETWORKS
01-01 08:11:09.180 W/WifiHW  (   81): wifi_command: DRIVER MACADDR
01-01 08:11:09.190 W/WifiHW  (   81): wifi_command: GET_NETWORK 0 ssid
01-01 08:11:09.190 W/WifiHW  (   81): wifi_command: GET_NETWORK 0 bssid
01-01 08:11:09.190 W/WifiHW  (   81): wifi_command: GET_NETWORK 0 psk
01-01 08:11:09.190 W/WifiHW  (   81): wifi_command: GET_NETWORK 0 wep_key0
01-01 08:11:09.200 W/WifiHW  (   81): wifi_command: GET_NETWORK 0 wep_key1
01-01 08:11:09.200 W/WifiHW  (   81): wifi_command: GET_NETWORK 0 wep_key2
01-01 08:11:09.200 W/WifiHW  (   81): wifi_command: GET_NETWORK 0 wep_key3
01-01 08:11:09.200 W/WifiHW  (   81): wifi_command: GET_NETWORK 0 wep_tx_keyidx
01-01 08:11:09.200 W/WifiHW  (   81): wifi_command: GET_NETWORK 0 priority
01-01 08:11:09.200 W/WifiHW  (   81): wifi_command: GET_NETWORK 0 key_mgmt
01-01 08:11:09.200 W/WifiHW  (   81): wifi_command: GET_NETWORK 0 scan_ssid
01-01 08:11:09.200 W/WifiHW  (   81): wifi_command: GET_NETWORK 0 disabled
01-01 08:11:09.200 W/WifiHW  (   81): wifi_command: GET_NETWORK 0 identity
01-01 08:11:09.200 W/WifiHW  (   81): wifi_command: GET_NETWORK 0 password
01-01 08:11:09.200 W/WifiHW  (   81): wifi_command: GET_NETWORK 0 auth_alg
01-01 08:11:09.200 W/WifiHW  (   81): wifi_command: GET_NETWORK 0 phase1
01-01 08:11:09.200 W/WifiHW  (   81): wifi_command: GET_NETWORK 0 phase2
01-01 08:11:09.200 W/WifiHW  (   81): wifi_command: GET_NETWORK 0 eap
01-01 08:11:09.210 W/WifiHW  (   81): wifi_command: GET_NETWORK 0 pin
01-01 08:11:09.210 W/WifiHW  (   81): wifi_command: GET_NETWORK 0 pcsc
01-01 08:11:09.220 W/WifiHW  (   81): wifi_command: GET_NETWORK 1 ssid
01-01 08:11:09.220 W/WifiHW  (   81): wifi_command: GET_NETWORK 1 bssid
01-01 08:11:09.220 W/WifiHW  (   81): wifi_command: GET_NETWORK 1 psk
01-01 08:11:09.220 W/WifiHW  (   81): wifi_command: GET_NETWORK 1 wep_key0
01-01 08:11:09.220 W/WifiHW  (   81): wifi_command: GET_NETWORK 1 wep_key1
01-01 08:11:09.220 W/WifiHW  (   81): wifi_command: GET_NETWORK 1 wep_key2
01-01 08:11:09.220 W/WifiHW  (   81): wifi_command: GET_NETWORK 1 wep_key3
01-01 08:11:09.220 W/WifiHW  (   81): wifi_command: GET_NETWORK 1 wep_tx_keyidx
01-01 08:11:09.220 W/WifiHW  (   81): wifi_command: GET_NETWORK 1 priority
01-01 08:11:09.220 W/WifiHW  (   81): wifi_command: GET_NETWORK 1 key_mgmt
01-01 08:11:09.220 W/WifiHW  (   81): wifi_command: GET_NETWORK 1 scan_ssid
01-01 08:11:09.230 W/WifiHW  (   81): wifi_command: GET_NETWORK 1 disabled
01-01 08:11:09.230 W/WifiHW  (   81): wifi_command: GET_NETWORK 1 identity
01-01 08:11:09.230 W/WifiHW  (   81): wifi_command: GET_NETWORK 1 password
01-01 08:11:09.230 W/WifiHW  (   81): wifi_command: GET_NETWORK 1 auth_alg
01-01 08:11:09.230 W/WifiHW  (   81): wifi_command: GET_NETWORK 1 phase1
01-01 08:11:09.230 W/WifiHW  (   81): wifi_command: GET_NETWORK 1 phase2
01-01 08:11:09.230 W/WifiHW  (   81): wifi_command: GET_NETWORK 1 eap
01-01 08:11:09.230 W/WifiHW  (   81): wifi_command: GET_NETWORK 1 pin
01-01 08:11:09.230 W/WifiHW  (   81): wifi_command: GET_NETWORK 1 pcsc
01-01 08:11:09.230 W/WifiHW  (   81): wifi_command: GET_NETWORK 2 ssid
01-01 08:11:09.230 W/WifiHW  (   81): wifi_command: GET_NETWORK 2 bssid
01-01 08:11:09.240 W/WifiHW  (   81): wifi_command: GET_NETWORK 2 psk
01-01 08:11:09.240 W/WifiHW  (   81): wifi_command: GET_NETWORK 2 wep_key0
01-01 08:11:09.250 W/WifiHW  (   81): wifi_command: GET_NETWORK 2 wep_key1
01-01 08:11:09.250 W/WifiHW  (   81): wifi_command: GET_NETWORK 2 wep_key2
01-01 08:11:09.250 W/WifiHW  (   81): wifi_command: GET_NETWORK 2 wep_key3
01-01 08:11:09.250 W/WifiHW  (   81): wifi_command: GET_NETWORK 2 wep_tx_keyidx
01-01 08:11:09.250 W/WifiHW  (   81): wifi_command: GET_NETWORK 2 priority
01-01 08:11:09.250 W/WifiHW  (   81): wifi_command: GET_NETWORK 2 key_mgmt
01-01 08:11:09.250 W/WifiHW  (   81): wifi_command: GET_NETWORK 2 scan_ssid
01-01 08:11:09.250 W/WifiHW  (   81): wifi_command: GET_NETWORK 2 disabled
01-01 08:11:09.250 W/WifiHW  (   81): wifi_command: GET_NETWORK 2 identity
01-01 08:11:09.250 W/WifiHW  (   81): wifi_command: GET_NETWORK 2 password
01-01 08:11:09.250 W/WifiHW  (   81): wifi_command: GET_NETWORK 2 auth_alg
01-01 08:11:09.250 W/WifiHW  (   81): wifi_command: GET_NETWORK 2 phase1
01-01 08:11:09.260 W/WifiHW  (   81): wifi_command: GET_NETWORK 2 phase2
01-01 08:11:09.260 W/WifiHW  (   81): wifi_command: GET_NETWORK 2 eap
01-01 08:11:09.260 W/WifiHW  (   81): wifi_command: GET_NETWORK 2 pin
01-01 08:11:09.260 W/WifiHW  (   81): wifi_command: GET_NETWORK 2 pcsc
01-01 08:11:09.260 W/WifiHW  (   81): wifi_command: GET_NETWORK 3 ssid
01-01 08:11:09.260 W/WifiHW  (   81): wifi_command: GET_NETWORK 3 bssid
01-01 08:11:09.260 W/WifiHW  (   81): wifi_command: GET_NETWORK 3 psk
01-01 08:11:09.260 W/WifiHW  (   81): wifi_command: GET_NETWORK 3 wep_key0
01-01 08:11:09.260 W/WifiHW  (   81): wifi_command: GET_NETWORK 3 wep_key1
01-01 08:11:09.260 W/WifiHW  (   81): wifi_command: GET_NETWORK 3 wep_key2
01-01 08:11:09.260 W/WifiHW  (   81): wifi_command: GET_NETWORK 3 wep_key3
01-01 08:11:09.260 W/WifiHW  (   81): wifi_command: GET_NETWORK 3 wep_tx_keyidx
01-01 08:11:09.260 W/WifiHW  (   81): wifi_command: GET_NETWORK 3 priority
01-01 08:11:09.260 W/WifiHW  (   81): wifi_command: GET_NETWORK 3 key_mgmt
01-01 08:11:09.270 W/WifiHW  (   81): wifi_command: GET_NETWORK 3 scan_ssid
01-01 08:11:09.270 W/WifiHW  (   81): wifi_command: GET_NETWORK 3 disabled
01-01 08:11:09.270 W/WifiHW  (   81): wifi_command: GET_NETWORK 3 identity
01-01 08:11:09.280 W/WifiHW  (   81): wifi_command: GET_NETWORK 3 password
01-01 08:11:09.280 W/WifiHW  (   81): wifi_command: GET_NETWORK 3 auth_alg
01-01 08:11:09.280 W/WifiHW  (   81): wifi_command: GET_NETWORK 3 phase1
01-01 08:11:09.280 W/WifiHW  (   81): wifi_command: GET_NETWORK 3 phase2
01-01 08:11:09.280 W/WifiHW  (   81): wifi_command: GET_NETWORK 3 eap
01-01 08:11:09.280 W/WifiHW  (   81): wifi_command: GET_NETWORK 3 pin
01-01 08:11:09.280 W/WifiHW  (   81): wifi_command: GET_NETWORK 3 pcsc
01-01 08:11:09.350 W/WifiHW  (   81): wifi_command: ENABLE_NETWORK 0
01-01 08:11:09.350 W/WifiHW  (   81): wifi_command: ENABLE_NETWORK 1
01-01 08:11:09.350 W/WifiHW  (   81): wifi_command: ENABLE_NETWORK 2
01-01 08:11:09.350 W/WifiHW  (   81): wifi_command: ENABLE_NETWORK 3
01-01 08:11:09.350 W/WifiHW  (   81): wifi_command: AP_SCAN 1
01-01 08:11:09.370 W/WifiHW  (   81): wifi_command: SAVE_CONFIG
01-01 08:11:09.560 I/Gecko:ProcessPriorityManager(   81): [Homescreen, child-id=2, pid=371] Changing priority from MASTER:CPU_NORMAL to FOREGROUND:CPU_NORMAL.
01-01 08:11:09.560 I/Gonk    (   81): Setting nice for pid 371 to 1
01-01 08:11:09.560 I/Gonk    (   81): Changed nice for pid 371 from 0 to 1.
01-01 08:11:09.560 I/Gecko:ProcessPriorityManager(   81): Making background LRU pool with size(3)
01-01 08:11:09.560 I/Gecko:ProcessPriorityManager(   81): KillBackgroundApps
01-01 08:11:09.570 I/Gecko   (   81): [Parent 81] WARNING: waitpid failed pid:371 errno:10: file /var/lib/jenkins/jobs/B2G.v1.3.0.Tarako/workspace/gecko/ipc/chromium/src/base/process_util_posix.cc, line 254
01-01 08:11:09.770 E/[Gralloc-ERROR](   81): int gralloc_register_buffer(const gralloc_module_t*, const native_handle_t*):79 Unable to register handle 0x464b65b0 coming from different process: 81
01-01 08:11:09.780 E/[Gralloc-ERROR](   81): int gralloc_register_buffer(const gralloc_module_t*, const native_handle_t*):79 Unable to register handle 0x464b6650 coming from different process: 81
01-01 08:11:09.900 E/[Gralloc-ERROR](   81): int gralloc_register_buffer(const gralloc_module_t*, const native_handle_t*):79 Unable to register handle 0x469c00b0 coming from different process: 81
01-01 08:11:09.900 E/[Gralloc-ERROR](   81): int gralloc_register_buffer(const gralloc_module_t*, const native_handle_t*):79 Unable to register handle 0x469c0150 coming from different process: 81
01-01 08:11:10.150 I/GeckoDump(   81): XXX FIXME : Got a mozContentEvent: inputmethod-update-layouts
01-01 08:11:10.230 I/Gecko   (   81): ############################### browserElementPanning.js loaded
01-01 08:11:10.270 I/Gecko   (   81): ######################## BrowserElementChildPreload.js loaded
01-01 08:11:10.370 I/GeckoDump(   81): XXX FIXME : Got a mozContentEvent: inputmethod-update-layouts
01-01 08:11:10.980 E/GeckoConsole(   81): [JavaScript Warning: "Error in parsing value for 'font-weight'.  Declaration dropped." {file: "app://keyboard.gaiamobile.org/style/keyboard.css" line: 132 column: 15 source: "  font-weight: medium;"}]
01-01 08:11:11.710 I/Gecko   (   81): 1325423471716	Marionette	INFO	sendToClient: {"from":"0","ok":true}, {9b972288-3ba2-4ca3-9075-e7bf6d8aea81}, {9b972288-3ba2-4ca3-9075-e7bf6d8aea81}
01-01 08:11:11.770 I/Gecko   (   81): 1325423471780	Marionette	DEBUG	Got request: switchToFrame, data: {"to":"0","sessionId":"3-b2g","name":"switchToFrame","parameters":{"id":null,"focus":true}}, id: {b1bcebed-0815-453b-a1b5-0fdcd97165d3}
01-01 08:11:11.800 I/Gecko   (   81): 1325423471807	Marionette	INFO	Switched to frame: {"frameValue":null}
01-01 08:11:11.890 I/Gecko   (  371): ###################################### forms.js loaded
01-01 08:11:11.940 I/Gecko   (   81): 1325423471951	Marionette	INFO	sendToClient: {"from":"0","ok":true}, {b1bcebed-0815-453b-a1b5-0fdcd97165d3}, {b1bcebed-0815-453b-a1b5-0fdcd97165d3}
01-01 08:11:11.970 W/WifiHW  (   81): wifi_command: SCAN_RESULTS
01-01 08:11:12.000 W/WifiHW  (   81): wifi_command: DRIVER SCAN-PASSIVE
01-01 08:11:12.010 I/Gecko   (  371): ############################### browserElementPanning.js loaded
01-01 08:11:12.030 I/Gecko   (   81): 1325423472033	Marionette	DEBUG	Got request: executeWithCallback, data: {"to":"0","sessionId":"3-b2g","name":"executeAsyncScript","parameters":{"specialPowers":false,"scriptTimeout":null,"newSandbox":true,"args":[],"filename":"gaia_test.py","script":"GaiaLockScreen.unlock()","line":810}}, id: {dd2e4823-5f19-4f45-a817-6658b80d1a30}
01-01 08:11:12.360 W/WifiHW  (   81): wifi_command: GET_NETWORK 3 ssid
01-01 08:11:12.360 W/WifiHW  (   81): wifi_command: GET_NETWORK 3 bssid
01-01 08:11:12.360 W/WifiHW  (   81): wifi_command: GET_NETWORK 3 psk
01-01 08:11:12.360 W/WifiHW  (   81): wifi_command: GET_NETWORK 3 wep_key0
01-01 08:11:12.360 W/WifiHW  (   81): wifi_command: GET_NETWORK 3 wep_key1
01-01 08:11:12.360 W/WifiHW  (   81): wifi_command: GET_NETWORK 3 wep_key2
01-01 08:11:12.360 W/WifiHW  (   81): wifi_command: GET_NETWORK 3 wep_key3
01-01 08:11:12.370 W/WifiHW  (   81): wifi_command: GET_NETWORK 3 wep_tx_keyidx
01-01 08:11:12.370 W/WifiHW  (   81): wifi_command: GET_NETWORK 3 priority
01-01 08:11:12.370 W/WifiHW  (   81): wifi_command: GET_NETWORK 3 key_mgmt
01-01 08:11:12.370 W/WifiHW  (   81): wifi_command: GET_NETWORK 3 scan_ssid
01-01 08:11:12.370 W/WifiHW  (   81): wifi_command: GET_NETWORK 3 disabled
01-01 08:11:12.370 W/WifiHW  (   81): wifi_command: GET_NETWORK 3 identity
01-01 08:11:12.370 W/WifiHW  (   81): wifi_command: GET_NETWORK 3 password
01-01 08:11:12.370 W/WifiHW  (   81): wifi_command: GET_NETWORK 3 auth_alg
01-01 08:11:12.370 W/WifiHW  (   81): wifi_command: GET_NETWORK 3 phase1
01-01 08:11:12.370 W/WifiHW  (   81): wifi_command: GET_NETWORK 3 phase2
01-01 08:11:12.380 W/WifiHW  (   81): wifi_command: GET_NETWORK 3 eap
01-01 08:11:12.380 W/WifiHW  (   81): wifi_command: GET_NETWORK 3 pin
01-01 08:11:12.380 W/WifiHW  (   81): wifi_command: GET_NETWORK 3 pcsc
01-01 08:11:12.380 I/Gecko   (   81): 1325423472388	Marionette	INFO	sendToClient: {"from":"0","value":{"passed":0,"failed":0,"failures":[]}}, {dd2e4823-5f19-4f45-a817-6658b80d1a30}, {dd2e4823-5f19-4f45-a817-6658b80d1a30}
01-01 08:11:12.840 E/[Gralloc-ERROR](   81): int gralloc_register_buffer(const gralloc_module_t*, const native_handle_t*):79 Unable to register handle 0x45d796a0 coming from different process: 81
01-01 08:11:12.860 E/[Gralloc-ERROR](   81): int gralloc_register_buffer(const gralloc_module_t*, const native_handle_t*):79 Unable to register handle 0x45d79740 coming from different process: 81
01-01 08:11:12.890 E/[Gralloc-ERROR](   81): int gralloc_register_buffer(const gralloc_module_t*, const native_handle_t*):79 Unable to register handle 0x45d797e0 coming from different process: 81
01-01 08:11:12.890 E/[Gralloc-ERROR](   81): int gralloc_register_buffer(const gralloc_module_t*, const native_handle_t*):79 Unable to register handle 0x45d798d0 coming from different process: 81
01-01 08:11:12.900 E/[Gralloc-ERROR](   81): int gralloc_register_buffer(const gralloc_module_t*, const native_handle_t*):79 Unable to register handle 0x45d79970 coming from different process: 81
01-01 08:11:12.900 E/[Gralloc-ERROR](   81): int gralloc_register_buffer(const gralloc_module_t*, const native_handle_t*):79 Unable to register handle 0x45d79a10 coming from different process: 81
01-01 08:11:12.960 W/WifiHW  (   81): wifi_command: SIGNAL_POLL
01-01 08:11:12.960 W/WifiHW  (   81): wifi_command: GET_NETWORK 3 ssid
01-01 08:11:12.960 W/WifiHW  (   81): wifi_command: GET_NETWORK 3 bssid
01-01 08:11:12.960 W/WifiHW  (   81): wifi_command: GET_NETWORK 3 psk
01-01 08:11:12.960 W/WifiHW  (   81): wifi_command: GET_NETWORK 3 wep_key0
01-01 08:11:12.960 W/WifiHW  (   81): wifi_command: GET_NETWORK 3 wep_key1
01-01 08:11:12.960 W/WifiHW  (   81): wifi_command: GET_NETWORK 3 wep_key2
01-01 08:11:12.960 W/WifiHW  (   81): wifi_command: GET_NETWORK 3 wep_key3
01-01 08:11:12.960 W/WifiHW  (   81): wifi_command: GET_NETWORK 3 wep_tx_keyidx
01-01 08:11:12.960 W/WifiHW  (   81): wifi_command: GET_NETWORK 3 priority
01-01 08:11:12.960 W/WifiHW  (   81): wifi_command: GET_NETWORK 3 key_mgmt
01-01 08:11:12.960 W/WifiHW  (   81): wifi_command: GET_NETWORK 3 scan_ssid
01-01 08:11:12.960 W/WifiHW  (   81): wifi_command: GET_NETWORK 3 disabled
01-01 08:11:12.960 W/WifiHW  (   81): wifi_command: GET_NETWORK 3 identity
01-01 08:11:12.970 W/WifiHW  (   81): wifi_command: GET_NETWORK 3 password
01-01 08:11:12.970 W/WifiHW  (   81): wifi_command: GET_NETWORK 3 auth_alg
01-01 08:11:12.970 W/WifiHW  (   81): wifi_command: GET_NETWORK 3 phase1
01-01 08:11:12.970 W/WifiHW  (   81): wifi_command: GET_NETWORK 3 phase2
01-01 08:11:12.970 W/WifiHW  (   81): wifi_command: GET_NETWORK 3 eap
01-01 08:11:12.970 W/WifiHW  (   81): wifi_command: GET_NETWORK 3 pin
01-01 08:11:12.970 W/WifiHW  (   81): wifi_command: GET_NETWORK 3 pcsc
01-01 08:11:13.060 I/Gecko   (  371): ######################## BrowserElementChildPreload.js loaded
01-01 08:11:13.120 E/[Gralloc-ERROR](   81): int gralloc_unregister_buffer(const gralloc_module_t*, const native_handle_t*):274 Trying to unregister buffer 0x469c0150 from process 81 that was not created in current process: 81
01-01 08:11:13.120 E/[Gralloc-ERROR](   81): int gralloc_unregister_buffer(const gralloc_module_t*, const native_handle_t*):274 Trying to unregister buffer 0x469c00b0 from process 81 that was not created in current process: 81
01-01 08:11:13.190 E/Profiler(   81): BPUnw: [1 total] thread_unregister_for_profiling(me=0x645038)  (NOT REGISTERED) 
01-01 08:11:13.310 I/GeckoDump(   81): XXX FIXME : Got a mozContentEvent: nfc-hardware-state-change
01-01 08:11:13.340 I/GeckoDump(   81): XXX FIXME : Got a mozContentEvent: nfc-hardware-state-change
01-01 08:11:13.550 I/Gecko   (   81): 1325423473561	Marionette	INFO	sendToClient: {"from":"0","ok":true}, {4d937f07-4e47-4feb-9fef-b7f8268bf54d}, {4d937f07-4e47-4feb-9fef-b7f8268bf54d}
01-01 08:11:13.680 E/[Gralloc-ERROR](   81): int gralloc_unregister_buffer(const gralloc_module_t*, const native_handle_t*):274 Trying to unregister buffer 0x45d79740 from process 81 that was not created in current process: 81
01-01 08:11:13.690 E/[Gralloc-ERROR](   81): int gralloc_unregister_buffer(const gralloc_module_t*, const native_handle_t*):274 Trying to unregister buffer 0x45d796a0 from process 81 that was not created in current process: 81
01-01 08:11:13.690 E/[Gralloc-ERROR](   81): int gralloc_unregister_buffer(const gralloc_module_t*, const native_handle_t*):274 Trying to unregister buffer 0x45d798d0 from process 81 that was not created in current process: 81
01-01 08:11:13.690 E/[Gralloc-ERROR](   81): int gralloc_unregister_buffer(const gralloc_module_t*, const native_handle_t*):274 Trying to unregister buffer 0x45d797e0 from process 81 that was not created in current process: 81
01-01 08:11:13.690 E/[Gralloc-ERROR](   81): int gralloc_unregister_buffer(const gralloc_module_t*, const native_handle_t*):274 Trying to unregister buffer 0x45d79a10 from process 81 that was not created in current process: 81
01-01 08:11:13.690 E/[Gralloc-ERROR](   81): int gralloc_unregister_buffer(const gralloc_module_t*, const native_handle_t*):274 Trying to unregister buffer 0x45d79970 from process 81 that was not created in current process: 81
01-01 08:11:13.750 I/Gecko   (   81): 1325423473759	Marionette	DEBUG	Got request: switchToFrame, data: {"to":"0","sessionId":"3-b2g","name":"switchToFrame","parameters":{"id":null,"focus":true}}, id: {cb6f30ad-ca86-4248-bde2-cbd944b1b248}
01-01 08:11:13.760 I/Gecko   (   81): 1325423473768	Marionette	INFO	Switched to frame: {"frameValue":null}
01-01 08:11:13.970 I/Gecko   (   81): 1325423473982	Marionette	INFO	sendToClient: {"from":"0","ok":true}, {cb6f30ad-ca86-4248-bde2-cbd944b1b248}, {cb6f30ad-ca86-4248-bde2-cbd944b1b248}
01-01 08:11:14.230 I/Gecko   (   81): 1325423474240	Marionette	DEBUG	Got request: executeWithCallback, data: {"to":"0","sessionId":"3-b2g","name":"executeAsyncScript","parameters":{"specialPowers":false,"scriptTimeout":60000,"newSandbox":true,"args":[],"filename":"app_checker.py","script":"\n        GaiaApps.locateWithManifestURL('https://marketplace.firefox.com/app/259ab7ed-224b-4894-aaa6-c369f60d3bed/manifest.webapp',\n                                       null,\n                                       function uninstall(app) {\n                                       navigator.mozApps.mgmt.uninstall(app);\n                                       marionetteScriptFinished(true);\n                                       });\n        ","line":129}}, id: {f8fb10ad-d5d7-4c0d-9fa3-8ee78e4c4d16}
01-01 08:11:14.650 I/Gecko   (   81): 1325423474655	Marionette	INFO	sendToClient: {"from":"0","error":{"message":"TypeError: app is null","status":17,"stacktrace":"execute_async_script @app_checker.py, line 129\ninline javascript, line 221\nsrc: \"      appName = app.manifest.name;\""}}, {f8fb10ad-d5d7-4c0d-9fa3-8ee78e4c4d16}, {f8fb10ad-d5d7-4c0d-9fa3-8ee78e4c4d16}
01-01 08:11:14.770 I/Gecko:ProcessPriorityManager(   81): [(Preallocated), child-id=3, pid=441] Creating ParticularProcessPriorityManager.
01-01 08:11:14.770 I/Gecko:ProcessPriorityManager(   81): [(Preallocated), child-id=3, pid=441] Done starting up.  mHoldsCPUWakeLock=0, mHoldsHighPriorityWakeLock=0
01-01 08:11:14.770 I/Gecko:ProcessPriorityManager(   81): [(Preallocated), child-id=3, pid=441] Changing priority from UNKNOWN:CPU_NORMAL to MASTER:CPU_NORMAL.
01-01 08:11:14.770 I/Gonk    (   81): Setting nice for pid 441 to 0
01-01 08:11:14.770 I/Gonk    (   81): Changed nice for pid 441 from 0 to 0.
01-01 08:11:14.780 I/Gecko:ProcessPriorityManager(   81): [Homescreen, child-id=2, pid=371] Changing priority from FOREGROUND:CPU_NORMAL to FOREGROUND:CPU_LOW.
01-01 08:11:14.780 I/Gonk    (   81): Setting nice for pid 371 to 18
01-01 08:11:14.780 I/Gonk    (   81): Changed nice for pid 371 from 1 to 18.
01-01 08:11:14.780 I/Gecko:ProcessPriorityManager(   81): KillBackgroundApps