--------- beginning of /dev/log/main
04-28 15:45:53.784 I/Gecko   (   81): 1398714353800	Marionette	DEBUG	Got request: executeWithCallback, data: {"to":"0","sessionId":"3-b2g","name":"executeAsyncScript","parameters":{"specialPowers":false,"scriptTimeout":null,"newSandbox":true,"args":[],"filename":"gaia_test.py","script":"return GaiaApps.displayedApp();","line":66}}, id: {0898c56a-66a9-4bc5-a9a6-772b77e75f63}
04-28 15:45:53.934 I/Gecko   (   81): 1398714353944	Marionette	INFO	sendToClient: {"from":"0","value":{"frame":{"ELEMENT":"{7016fb08-4368-4d90-9497-d194de1818f3}"},"src":"app://homescreen.gaiamobile.org/index.html#rootMon%20Apr%2028%202014%2015:45:32%20GMT-0400%20(EDT)","name":"Homescreen","origin":"app://homescreen.gaiamobile.org"}}, {0898c56a-66a9-4bc5-a9a6-772b77e75f63}, {0898c56a-66a9-4bc5-a9a6-772b77e75f63}
04-28 15:45:53.934 E/GeckoConsole(   81): Content JS LOG at dummy file:804 in GaiaApps.displayedApp: app with origin 'app://homescreen.gaiamobile.org' is displayed
04-28 15:45:53.934 I/Gecko   (   81): 1398714353953	Marionette	DEBUG	Got request: switchToFrame, data: {"to":"0","sessionId":"3-b2g","name":"switchToFrame","parameters":{"id":null,"focus":true}}, id: {644cab44-09bf-40de-b51a-ce3e87c9f229}
04-28 15:45:53.944 I/Gecko   (   81): 1398714353955	Marionette	INFO	Switched to frame: {"frameValue":null}
04-28 15:45:54.044 I/Gecko   (   81): 1398714354058	Marionette	INFO	sendToClient: {"from":"0","ok":true}, {644cab44-09bf-40de-b51a-ce3e87c9f229}, {644cab44-09bf-40de-b51a-ce3e87c9f229}
04-28 15:45:54.054 I/Gecko   (   81): 1398714354068	Marionette	DEBUG	Got request: switchToFrame, data: {"to":"0","sessionId":"3-b2g","name":"switchToFrame","parameters":{"id":null,"focus":true}}, id: {9350d8d8-a972-486a-bdbc-9778c520817e}
04-28 15:45:54.054 I/Gecko   (   81): 1398714354069	Marionette	INFO	Switched to frame: {"frameValue":null}
04-28 15:45:54.164 I/Gecko   (   81): 1398714354176	Marionette	INFO	sendToClient: {"from":"0","ok":true}, {9350d8d8-a972-486a-bdbc-9778c520817e}, {9350d8d8-a972-486a-bdbc-9778c520817e}
04-28 15:45:54.164 I/Gecko   (   81): 1398714354183	Marionette	DEBUG	Got request: executeWithCallback, data: {"to":"0","sessionId":"3-b2g","name":"executeAsyncScript","parameters":{"specialPowers":false,"scriptTimeout":null,"newSandbox":true,"args":[],"filename":"gaia_test.py","script":"return GaiaApps.displayedApp();","line":66}}, id: {257b308e-b2af-45bc-be12-948a92b27c17}
04-28 15:45:54.204 I/Gecko   (   81): 1398714354222	Marionette	INFO	sendToClient: {"from":"0","value":{"frame":{"ELEMENT":"{7016fb08-4368-4d90-9497-d194de1818f3}"},"src":"app://homescreen.gaiamobile.org/index.html#rootMon%20Apr%2028%202014%2015:45:32%20GMT-0400%20(EDT)","name":"Homescreen","origin":"app://homescreen.gaiamobile.org"}}, {257b308e-b2af-45bc-be12-948a92b27c17}, {257b308e-b2af-45bc-be12-948a92b27c17}
04-28 15:45:54.214 I/Gecko   (   81): 1398714354228	Marionette	DEBUG	Got request: switchToFrame, data: {"to":"0","sessionId":"3-b2g","name":"switchToFrame","parameters":{"focus":true,"element":"{7016fb08-4368-4d90-9497-d194de1818f3}"}}, id: {c3c4cfe6-b9f5-4718-90cc-2743549a06cd}
04-28 15:45:54.234 I/Gecko   (   81): 1398714354244	Marionette	INFO	Switched to frame: {"frameValue":"{7016fb08-4368-4d90-9497-d194de1818f3}"}
04-28 15:45:54.244 E/GeckoConsole(   81): Content JS LOG at dummy file:804 in GaiaApps.displayedApp: app with origin 'app://homescreen.gaiamobile.org' is displayed
04-28 15:45:54.264 I/Gecko   (   81): 1398714354273	Marionette	INFO	trying remote frame 0
04-28 15:45:54.264 I/Gecko   (   81): 1398714354275	Marionette	INFO	trying remote frame 1
04-28 15:45:54.264 I/Gecko   (   81): 1398714354276	Marionette	INFO	trying remote frame 2
04-28 15:45:54.264 I/Gecko   (   81): 1398714354277	Marionette	INFO	trying remote frame 3
04-28 15:45:54.264 I/Gecko   (   81): 1398714354278	Marionette	INFO	trying remote frame 4
04-28 15:45:54.264 I/Gecko   (   81): 1398714354279	Marionette	INFO	trying remote frame 5
04-28 15:45:54.264 I/Gecko   (   81): 1398714354280	Marionette	INFO	trying remote frame 6
04-28 15:45:54.264 I/Gecko   (   81): 1398714354280	Marionette	INFO	trying remote frame 7
04-28 15:45:54.264 I/Gecko   (   81): 1398714354281	Marionette	INFO	trying remote frame 8
04-28 15:45:54.264 I/Gecko   (   81): 1398714354282	Marionette	INFO	trying remote frame 9
04-28 15:45:54.264 I/Gecko   (   81): 1398714354283	Marionette	INFO	trying remote frame 10
04-28 15:45:54.274 I/Gecko   (   81): 1398714354284	Marionette	INFO	trying remote frame 11
04-28 15:45:54.274 I/Gecko   (   81): 1398714354285	Marionette	INFO	trying remote frame 12
04-28 15:45:54.274 I/Gecko   (   81): 1398714354286	Marionette	INFO	trying remote frame 13
04-28 15:45:54.274 I/Gecko   (   81): 1398714354287	Marionette	INFO	trying remote frame 14
04-28 15:45:54.974 E/[Gralloc-ERROR](   81): int gralloc_register_buffer(const gralloc_module_t*, const native_handle_t*):79 Unable to register handle 0x465c7920 coming from different process: 81
04-28 15:45:54.994 E/[Gralloc-ERROR](   81): int gralloc_register_buffer(const gralloc_module_t*, const native_handle_t*):79 Unable to register handle 0x465c79c0 coming from different process: 81
04-28 15:45:55.074 E/[Gralloc-ERROR](   81): int gralloc_register_buffer(const gralloc_module_t*, const native_handle_t*):79 Unable to register handle 0x465c7ab0 coming from different process: 81
04-28 15:45:55.074 E/[Gralloc-ERROR](   81): int gralloc_register_buffer(const gralloc_module_t*, const native_handle_t*):79 Unable to register handle 0x465c7c90 coming from different process: 81
04-28 15:45:55.474 E/[Gralloc-ERROR](   81): int gralloc_unregister_buffer(const gralloc_module_t*, const native_handle_t*):274 Trying to unregister buffer 0x465c79c0 from process 81 that was not created in current process: 81
04-28 15:45:55.474 E/[Gralloc-ERROR](   81): int gralloc_unregister_buffer(const gralloc_module_t*, const native_handle_t*):274 Trying to unregister buffer 0x465c7920 from process 81 that was not created in current process: 81
04-28 15:45:55.474 E/[Gralloc-ERROR](   81): int gralloc_unregister_buffer(const gralloc_module_t*, const native_handle_t*):274 Trying to unregister buffer 0x465c7c90 from process 81 that was not created in current process: 81
04-28 15:45:55.474 E/[Gralloc-ERROR](   81): int gralloc_unregister_buffer(const gralloc_module_t*, const native_handle_t*):274 Trying to unregister buffer 0x465c7ab0 from process 81 that was not created in current process: 81
04-28 15:45:56.484 I/Gecko   (   81): 1398714356494	Marionette	INFO	sendToClient: {"from":"0","ok":true}, {c3c4cfe6-b9f5-4718-90cc-2743549a06cd}, {c3c4cfe6-b9f5-4718-90cc-2743549a06cd}
04-28 15:45:56.664 I/Gecko   ( 3025): Unsupported event type undefined
04-28 15:45:56.934 E/GeckoConsole( 3025): Content JS WARN at app://homescreen.gaiamobile.org/gaia_build_defer_index.js:181 in isHiddenApp: Unexpected role when checking hidden app: undefined
04-28 15:45:57.034 W/WifiHW  (   81): wifi_command: SIGNAL_POLL
04-28 15:45:58.124 I/Gecko   (   81): 1398714358134	Marionette	INFO	sendToClient: {"from":"0","value":["{0a8cfbea-1db2-4c5f-a8d2-0bc313ba7125}","{a416da98-ccd9-4e1a-8876-4d4f36ce453d}","{b8dae33f-d239-4b6d-bf59-32442c228917}","{c311b397-0741-4e3e-be2d-ba1319f7f496}","{c6d4835e-d362-4c68-b456-fc19396c6c20}","{a3ee4649-9006-424f-b863-0021a4c57181}","{356a4eda-a242-4c4a-bb5a-38467ecaeba5}","{6d75f871-dc6d-4a82-9b94-fd2ea0c4e4f6}","{6c790ed4-03ec-4672-b62f-61ad77e3d3b7}","{5538e9c2-734a-4cae-be9c-1cb034d9e1dc}","{235b674f-efd9-469a-be3e-5ef135b25086}","{777f842f-39a8-4cf7-bdbf-9d4ac1edc555}","{a9364be5-1ff9-4377-9377-a86624c9abf1}","{614c09f2-a968-43ec-b557-b8b5b1a32902}","{7b080081-a892-4103-bf11-8fc62dd8a4bb}","{f811045b-4f77-4ddd-9892-22a81332a826}","{bd3a6253-f323-4bf5-b9ae-6f19e01c1edf}","{721aa746-0150-40e4-a47a-74cab0ac8265}","{103a1b13-a586-41ed-9612-966bd685e7a4}","{c0bcd2f3-73d2-4d99-815b-158762922570}","{7b4863f5-265f-4dcb-8109-c14781b03d10}"]}, {d91739ab-c171-426a-9f19-a9a1bbdf9bdc}, {d91739ab-c171-426a-9f19-a9a1bbdf9bdc}
04-28 15:45:58.524 I/Gecko   (   81): 1398714358534	Marionette	INFO	sendToClient: {"from":"0","value":["{0a8cfbea-1db2-4c5f-a8d2-0bc313ba7125}","{a416da98-ccd9-4e1a-8876-4d4f36ce453d}","{b8dae33f-d239-4b6d-bf59-32442c228917}","{c311b397-0741-4e3e-be2d-ba1319f7f496}","{c6d4835e-d362-4c68-b456-fc19396c6c20}","{a3ee4649-9006-424f-b863-0021a4c57181}","{356a4eda-a242-4c4a-bb5a-38467ecaeba5}","{6d75f871-dc6d-4a82-9b94-fd2ea0c4e4f6}","{6c790ed4-03ec-4672-b62f-61ad77e3d3b7}","{5538e9c2-734a-4cae-be9c-1cb034d9e1dc}","{235b674f-efd9-469a-be3e-5ef135b25086}","{777f842f-39a8-4cf7-bdbf-9d4ac1edc555}","{a9364be5-1ff9-4377-9377-a86624c9abf1}","{614c09f2-a968-43ec-b557-b8b5b1a32902}","{7b080081-a892-4103-bf11-8fc62dd8a4bb}","{f811045b-4f77-4ddd-9892-22a81332a826}","{bd3a6253-f323-4bf5-b9ae-6f19e01c1edf}","{721aa746-0150-40e4-a47a-74cab0ac8265}","{103a1b13-a586-41ed-9612-966bd685e7a4}","{c0bcd2f3-73d2-4d99-815b-158762922570}","{7b4863f5-265f-4dcb-8109-c14781b03d10}"]}, {9f2529b8-46c1-4c74-955e-e74f61c04384}, {9f2529b8-46c1-4c74-955e-e74f61c04384}
04-28 15:45:58.634 E/Profiler( 3191): BEGIN mozilla_sampler_init
04-28 15:45:58.634 E/Profiler( 3191): BPUnw: [1 total] thread_register_for_profiling(me=0x40163488, stacktop=0xbec039d7)
04-28 15:45:58.634 E/Profiler( 3191): SPS:
04-28 15:45:58.634 E/Profiler( 3191): SPS: Unwind mode       = pseudo
04-28 15:45:58.634 E/Profiler( 3191): SPS: Sampling interval = 0 ms (zero means "platform default")
04-28 15:45:58.634 E/Profiler( 3191): SPS: Entry store size  = 0 (zero means "platform default")
04-28 15:45:58.634 E/Profiler( 3191): SPS: UnwindStackScan   = 0 (max dubious frames per unwind).
04-28 15:45:58.634 E/Profiler( 3191): SPS: Use env var MOZ_PROFILER_MODE=help for further information.
04-28 15:45:58.634 E/Profiler( 3191): SPS:
04-28 15:45:58.634 E/Profiler( 3191): Registering start signal
04-28 15:45:58.894 I/Gecko   (   81): 1398714358904	Marionette	INFO	sendToClient: {"from":"0","value":"<div><img src=\"blob:186a24b3-cf38-4aa0-b031-0352d6b07342\" style=\"visibility: visible;\" role=\"presentation\" height=\"64\" width=\"64\"><span class=\"labelWrapper\"><span>Social</span></span></div><span data-is-icon=\"true\" class=\"options\"></span>"}, {d65b2f1e-a7c8-42a6-9707-4e77d34c20f7}, {d65b2f1e-a7c8-42a6-9707-4e77d34c20f7}
04-28 15:45:58.904 I/Gecko   (   81): 1398714358920	Marionette	INFO	sendToClient: {"from":"0","value":"<div><img src=\"blob:5a584c5f-054f-45fb-a095-a2fdf070589e\" style=\"visibility: visible;\" role=\"presentation\" height=\"64\" width=\"64\"><span class=\"labelWrapper\"><span>Games</span></span></div><span data-is-icon=\"true\" class=\"options\"></span>"}, {7db8dbd8-0be6-4430-8cab-a042bbb4cc0a}, {7db8dbd8-0be6-4430-8cab-a042bbb4cc0a}
04-28 15:45:59.074 I/Gecko   (   81): 1398714359089	Marionette	INFO	sendToClient: {"from":"0","value":"<div><img src=\"blob:cb575374-c51a-4c8c-98ed-15f0c54aabc5\" style=\"visibility: visible;\" role=\"presentation\" height=\"64\" width=\"64\"><span class=\"labelWrapper\"><span>Music</span></span></div><span data-is-icon=\"true\" class=\"options\"></span>"}, {6311fb16-2233-4e3d-8898-06d0947d6346}, {6311fb16-2233-4e3d-8898-06d0947d6346}
04-28 15:45:59.184 E/GeckoConsole( 3191): Could not read chrome manifest 'file:///system/b2g/chrome.manifest'.
04-28 15:45:59.194 I/Gecko   (   81): 1398714359209	Marionette	INFO	sendToClient: {"from":"0","value":"<div><img src=\"blob:cfa43e55-1a80-49ec-84f0-51661f33b419\" style=\"visibility: visible;\" role=\"presentation\" height=\"64\" width=\"64\"><span class=\"labelWrapper\"><span>Showbiz</span></span></div><span data-is-icon=\"true\" class=\"options\"></span>"}, {274124c7-4354-4e42-8c5d-84cd835fc301}, {274124c7-4354-4e42-8c5d-84cd835fc301}
04-28 15:45:59.414 I/Gecko   (   81): 1398714359430	Marionette	INFO	sendToClient: {"from":"0","value":"<div><img src=\"blob:f66f5da4-664b-4680-8565-cb0aec80445d\" style=\"visibility: visible;\" role=\"presentation\" height=\"64\" width=\"64\"><span class=\"labelWrapper\"><span>CutTheRope</span></span></div><span data-is-icon=\"true\" class=\"options\"></span>"}, {e759210c-55f9-487f-a776-0064e240af61}, {e759210c-55f9-487f-a776-0064e240af61}
04-28 15:46:00.334 I/Gecko   (   81): 1398714360350	Marionette	INFO	sendToClient: {"from":"0","value":"<div class=\"\"><img src=\"blob:83a3e568-c6a5-482d-ad09-601bcfe88f92\" style=\"visibility: visible;\" role=\"presentation\" height=\"64\" width=\"64\"><span class=\"labelWrapper\"><span>Fusion</span></span></div><span data-is-icon=\"true\" class=\"options\"></span>"}, {d2429795-32c0-486b-b9f9-3c01a7b1586b}, {d2429795-32c0-486b-b9f9-3c01a7b1586b}
04-28 15:46:00.814 I/Gecko   (   81): 1398714360824	Marionette	INFO	sendToClient: {"from":"0","value":"<div><img src=\"blob:accddc44-4ee8-40d4-b8e5-c4d98af64819\" style=\"visibility: visible;\" role=\"presentation\" height=\"64\" width=\"64\"><span class=\"labelWrapper\"><span>Camera</span></span></div><span data-is-icon=\"true\" class=\"options\"></span>"}, {7a9c3160-c23c-44ce-9d9d-087d5f26ec31}, {7a9c3160-c23c-44ce-9d9d-087d5f26ec31}
04-28 15:46:00.824 I/Gecko   (   81): 1398714360836	Marionette	INFO	sendToClient: {"from":"0","value":"<div><img src=\"blob:ec82212a-ea62-43ba-892d-4ab30193adfd\" style=\"visibility: visible;\" role=\"presentation\" height=\"64\" width=\"64\"><span class=\"labelWrapper\"><span>Gallery</span></span></div><span data-is-icon=\"true\" class=\"options\"></span>"}, {66b05f99-cc5f-49c8-9d46-c66cfc303fd6}, {66b05f99-cc5f-49c8-9d46-c66cfc303fd6}
04-28 15:46:00.924 I/Gecko   (   81): 1398714360941	Marionette	INFO	sendToClient: {"from":"0","value":"<div><img src=\"blob:d7b8b919-f4a4-4c19-8830-ba6a9c179186\" style=\"visibility: visible;\" role=\"presentation\" height=\"64\" width=\"64\"><span class=\"labelWrapper\"><span>FM Radio</span></span></div><span data-is-icon=\"true\" class=\"options\"></span>"}, {32a254f2-1ae2-4438-a5c3-577ded4c0ae7}, {32a254f2-1ae2-4438-a5c3-577ded4c0ae7}
04-28 15:46:00.954 I/Gecko   (   81): 1398714360964	Marionette	INFO	sendToClient: {"from":"0","value":"<div><img src=\"blob:72daf2df-752b-4bd0-9051-f2caf2b81eab\" style=\"visibility: visible;\" role=\"presentation\" height=\"64\" width=\"64\"><span class=\"labelWrapper\"><span>Settings</span></span></div><span data-is-icon=\"true\" class=\"options\"></span>"}, {5a07737b-e46e-456d-9697-98116051ef18}, {5a07737b-e46e-456d-9697-98116051ef18}
04-28 15:46:00.964 I/Gecko   (   81): 1398714360979	Marionette	INFO	sendToClient: {"from":"0","value":"<div><img src=\"blob:15cab3a0-e311-4227-9a1d-e015ea1763a8\" style=\"visibility: visible;\" role=\"presentation\" height=\"64\" width=\"64\"><span class=\"labelWrapper\"><span>Marketplace</span></span></div>"}, {2360d71d-505a-411b-93e2-1aa3e65759c8}, {2360d71d-505a-411b-93e2-1aa3e65759c8}
04-28 15:46:01.014 I/Gecko   (   81): 1398714361029	Marionette	INFO	sendToClient: {"from":"0","value":"<div><img src=\"blob:102b727c-fe4a-4941-89c7-84b65cf7ad9c\" style=\"visibility: visible;\" role=\"presentation\" height=\"64\" width=\"64\"><span class=\"labelWrapper\"><span>Calendar</span></span></div><span data-is-icon=\"true\" class=\"options\"></span>"}, {1aeebf9f-979f-4271-92d2-97e780dc81f3}, {1aeebf9f-979f-4271-92d2-97e780dc81f3}
04-28 15:46:01.074 I/Gecko   (   81): 1398714361090	Marionette	INFO	sendToClient: {"from":"0","value":"<div><img src=\"blob:5e19b34a-7cc8-4474-9a18-1167521f2f2e\" style=\"visibility: visible;\" role=\"presentation\" height=\"64\" width=\"64\"><span class=\"labelWrapper\"><span>Clock</span></span></div><span data-is-icon=\"true\" class=\"options\"></span>"}, {479fecac-da70-466d-89fe-6e95ba029f60}, {479fecac-da70-466d-89fe-6e95ba029f60}
04-28 15:46:01.114 I/Gecko   (   81): 1398714361130	Marionette	INFO	sendToClient: {"from":"0","value":"<div><img src=\"blob:d8608e9b-4c33-45dc-a1eb-b674d9890e7b\" style=\"visibility: visible;\" role=\"presentation\" height=\"64\" width=\"64\"><span class=\"labelWrapper\"><span>Usage</span></span></div><span data-is-icon=\"true\" class=\"options\"></span>"}, {8d9dadb8-5918-4fe4-b109-a21d0a459c3a}, {8d9dadb8-5918-4fe4-b109-a21d0a459c3a}
04-28 15:46:01.144 I/Gecko   (   81): 1398714361158	Marionette	INFO	sendToClient: {"from":"0","value":"<div><img src=\"blob:20b114d3-47da-46ae-9230-70d67bfacd45\" style=\"visibility: visible;\" role=\"presentation\" height=\"64\" width=\"64\"><span class=\"labelWrapper\"><span>E-Mail</span></span></div><span data-is-icon=\"true\" class=\"options\"></span>"}, {bd7118c8-c6fa-4303-b55b-1ed3d26cbebc}, {bd7118c8-c6fa-4303-b55b-1ed3d26cbebc}
04-28 15:46:01.204 I/Gecko   (   81): 1398714361220	Marionette	INFO	sendToClient: {"from":"0","value":"<div><img src=\"blob:caa9d601-9cf7-4d40-85aa-cc79db98b741\" style=\"visibility: visible;\" role=\"presentation\" height=\"64\" width=\"64\"><span class=\"labelWrapper\"><span>Music</span></span></div><span data-is-icon=\"true\" class=\"options\"></span>"}, {f8b867a8-dfad-49ea-a69e-89a3126ea080}, {f8b867a8-dfad-49ea-a69e-89a3126ea080}
04-28 15:46:01.214 I/Gecko   (   81): 1398714361232	Marionette	INFO	sendToClient: {"from":"0","value":"<div><img src=\"blob:49440bb9-2186-4851-b92a-b69a7cf7ccf4\" style=\"visibility: visible;\" role=\"presentation\" height=\"64\" width=\"64\"><span class=\"labelWrapper\"><span>Video</span></span></div><span data-is-icon=\"true\" class=\"options\"></span>"}, {b37f8d2e-dafe-4382-b64a-7ee2e3ca1f60}, {b37f8d2e-dafe-4382-b64a-7ee2e3ca1f60}
04-28 15:46:01.274 I/Gecko   (   81): 1398714361283	Marionette	INFO	sendToClient: {"from":"0","value":"<div><img src=\"blob:67c32203-9c18-424e-8c0c-213e84617c29\" style=\"visibility: visible;\" role=\"presentation\" height=\"64\" width=\"64\"><span class=\"labelWrapper\"><span>Phone</span></span></div><span data-is-icon=\"true\" class=\"options\"></span>"}, {ff59e6ae-9657-4721-8484-f6d13ba6cda3}, {ff59e6ae-9657-4721-8484-f6d13ba6cda3}
04-28 15:46:01.294 I/Gecko   (   81): 1398714361305	Marionette	INFO	sendToClient: {"from":"0","value":"<div><img src=\"blob:70e07ddc-5d84-4045-a2e7-e39b0f7474e6\" style=\"visibility: visible;\" role=\"presentation\" height=\"64\" width=\"64\"><span class=\"labelWrapper\"><span>Messages</span></span></div><span data-is-icon=\"true\" class=\"options\"></span>"}, {60af4016-99d7-4473-9b22-603b15d41e5d}, {60af4016-99d7-4473-9b22-603b15d41e5d}
04-28 15:46:01.364 I/Gecko   (   81): 1398714361373	Marionette	INFO	sendToClient: {"from":"0","value":"<div><img src=\"blob:ff6c4e79-24fc-461f-92b5-e2721918d255\" style=\"visibility: visible;\" role=\"presentation\" height=\"64\" width=\"64\"><span class=\"labelWrapper\"><span>Contacts</span></span></div><span data-is-icon=\"true\" class=\"options\"></span>"}, {d68ea270-e094-4bbc-9760-e3db90e6d72c}, {d68ea270-e094-4bbc-9760-e3db90e6d72c}
04-28 15:46:01.374 I/Gecko   (   81): 1398714361390	Marionette	INFO	sendToClient: {"from":"0","value":"<div><img src=\"blob:3e1b7f39-89e1-4ce5-b594-88cd9c124919\" style=\"visibility: visible;\" role=\"presentation\" height=\"64\" width=\"64\"><span class=\"labelWrapper\"><span>Browser</span></span></div><span data-is-icon=\"true\" class=\"options\"></span>"}, {2e61b2d8-83fc-49a2-881e-660dca88fbbd}, {2e61b2d8-83fc-49a2-881e-660dca88fbbd}
04-28 15:46:02.074 W/WifiHW  (   81): wifi_command: SIGNAL_POLL
04-28 15:46:03.434 I/Gecko   (   81): 1398714363444	Marionette	INFO	sendToClient: {"from":"0","value":["{0a8cfbea-1db2-4c5f-a8d2-0bc313ba7125}","{a416da98-ccd9-4e1a-8876-4d4f36ce453d}","{b8dae33f-d239-4b6d-bf59-32442c228917}","{c311b397-0741-4e3e-be2d-ba1319f7f496}","{c6d4835e-d362-4c68-b456-fc19396c6c20}","{a3ee4649-9006-424f-b863-0021a4c57181}","{356a4eda-a242-4c4a-bb5a-38467ecaeba5}","{6d75f871-dc6d-4a82-9b94-fd2ea0c4e4f6}","{6c790ed4-03ec-4672-b62f-61ad77e3d3b7}","{5538e9c2-734a-4cae-be9c-1cb034d9e1dc}","{235b674f-efd9-469a-be3e-5ef135b25086}","{777f842f-39a8-4cf7-bdbf-9d4ac1edc555}","{a9364be5-1ff9-4377-9377-a86624c9abf1}","{614c09f2-a968-43ec-b557-b8b5b1a32902}","{7b080081-a892-4103-bf11-8fc62dd8a4bb}","{f811045b-4f77-4ddd-9892-22a81332a826}","{bd3a6253-f323-4bf5-b9ae-6f19e01c1edf}","{721aa746-0150-40e4-a47a-74cab0ac8265}","{103a1b13-a586-41ed-9612-966bd685e7a4}","{c0bcd2f3-73d2-4d99-815b-158762922570}","{7b4863f5-265f-4dcb-8109-c14781b03d10}"]}, {2ba4d51e-39fd-4149-99d1-2a94665a2dba}, {2ba4d51e-39fd-4149-99d1-2a94665a2dba}
04-28 15:46:03.534 I/Gecko   (   81): 1398714363546	Marionette	INFO	sendToClient: {"from":"0","value":"<div><img src=\"blob:186a24b3-cf38-4aa0-b031-0352d6b07342\" style=\"visibility: visible;\" role=\"presentation\" height=\"64\" width=\"64\"><span class=\"labelWrapper\"><span>Social</span></span></div><span data-is-icon=\"true\" class=\"options\"></span>"}, {bcdbd3b8-5002-4f0a-b287-b9c8858dfc50}, {bcdbd3b8-5002-4f0a-b287-b9c8858dfc50}
04-28 15:46:03.554 I/Gecko   (   81): 1398714363565	Marionette	INFO	sendToClient: {"from":"0","value":"<div><img src=\"blob:5a584c5f-054f-45fb-a095-a2fdf070589e\" style=\"visibility: visible;\" role=\"presentation\" height=\"64\" width=\"64\"><span class=\"labelWrapper\"><span>Games</span></span></div><span data-is-icon=\"true\" class=\"options\"></span>"}, {b9b3d705-20fd-46cb-98f5-37430e44e152}, {b9b3d705-20fd-46cb-98f5-37430e44e152}
04-28 15:46:03.564 I/Gecko   (   81): 1398714363576	Marionette	INFO	sendToClient: {"from":"0","value":"<div><img src=\"blob:cb575374-c51a-4c8c-98ed-15f0c54aabc5\" style=\"visibility: visible;\" role=\"presentation\" height=\"64\" width=\"64\"><span class=\"labelWrapper\"><span>Music</span></span></div><span data-is-icon=\"true\" class=\"options\"></span>"}, {ee4a8cc4-9856-4045-adea-396f56bfb18c}, {ee4a8cc4-9856-4045-adea-396f56bfb18c}
04-28 15:46:03.584 I/Gecko   (   81): 1398714363598	Marionette	INFO	sendToClient: {"from":"0","value":"<div><img src=\"blob:cfa43e55-1a80-49ec-84f0-51661f33b419\" style=\"visibility: visible;\" role=\"presentation\" height=\"64\" width=\"64\"><span class=\"labelWrapper\"><span>Showbiz</span></span></div><span data-is-icon=\"true\" class=\"options\"></span>"}, {989e29e5-8325-4d1f-a98c-842c6ad461c9}, {989e29e5-8325-4d1f-a98c-842c6ad461c9}
04-28 15:46:03.594 I/Gecko   (   81): 1398714363608	Marionette	INFO	sendToClient: {"from":"0","value":"<div><img src=\"blob:f66f5da4-664b-4680-8565-cb0aec80445d\" style=\"visibility: visible;\" role=\"presentation\" height=\"64\" width=\"64\"><span class=\"labelWrapper\"><span>CutTheRope</span></span></div><span data-is-icon=\"true\" class=\"options\"></span>"}, {694b19d4-90f0-4c97-9dd4-a003b8857751}, {694b19d4-90f0-4c97-9dd4-a003b8857751}
04-28 15:46:03.614 I/Gecko   (   81): 1398714363628	Marionette	INFO	sendToClient: {"from":"0","value":"<div class=\"\"><img src=\"blob:83a3e568-c6a5-482d-ad09-601bcfe88f92\" style=\"visibility: visible;\" role=\"presentation\" height=\"64\" width=\"64\"><span class=\"labelWrapper\"><span>Fusion</span></span></div><span data-is-icon=\"true\" class=\"options\"></span>"}, {b3827bad-6547-43c4-bdb6-6112782192b9}, {b3827bad-6547-43c4-bdb6-6112782192b9}
04-28 15:46:03.624 I/Gecko   (   81): 1398714363639	Marionette	INFO	sendToClient: {"from":"0","value":"<div><img src=\"blob:accddc44-4ee8-40d4-b8e5-c4d98af64819\" style=\"visibility: visible;\" role=\"presentation\" height=\"64\" width=\"64\"><span class=\"labelWrapper\"><span>Camera</span></span></div><span data-is-icon=\"true\" class=\"options\"></span>"}, {283ad793-96d5-4017-9a64-0e26415ef02a}, {283ad793-96d5-4017-9a64-0e26415ef02a}
04-28 15:46:03.684 I/Gecko   (   81): 1398714363699	Marionette	INFO	sendToClient: {"from":"0","value":"<div><img src=\"blob:ec82212a-ea62-43ba-892d-4ab30193adfd\" style=\"visibility: visible;\" role=\"presentation\" height=\"64\" width=\"64\"><span class=\"labelWrapper\"><span>Gallery</span></span></div><span data-is-icon=\"true\" class=\"options\"></span>"}, {258a3183-9a32-4101-a109-57925ec2541a}, {258a3183-9a32-4101-a109-57925ec2541a}
04-28 15:46:03.734 I/Gecko   (   81): 1398714363752	Marionette	INFO	sendToClient: {"from":"0","value":"<div><img src=\"blob:d7b8b919-f4a4-4c19-8830-ba6a9c179186\" style=\"visibility: visible;\" role=\"presentation\" height=\"64\" width=\"64\"><span class=\"labelWrapper\"><span>FM Radio</span></span></div><span data-is-icon=\"true\" class=\"options\"></span>"}, {db906922-c741-4629-8092-b309305eca12}, {db906922-c741-4629-8092-b309305eca12}
04-28 15:46:03.744 I/Gecko   (   81): 1398714363763	Marionette	INFO	sendToClient: {"from":"0","value":"<div><img src=\"blob:72daf2df-752b-4bd0-9051-f2caf2b81eab\" style=\"visibility: visible;\" role=\"presentation\" height=\"64\" width=\"64\"><span class=\"labelWrapper\"><span>Settings</span></span></div><span data-is-icon=\"true\" class=\"options\"></span>"}, {e11fc6a1-6495-4512-bc04-e655d96f9a0f}, {e11fc6a1-6495-4512-bc04-e655d96f9a0f}
04-28 15:46:03.764 I/Gecko   (   81): 1398714363782	Marionette	INFO	sendToClient: {"from":"0","value":"<div><img src=\"blob:15cab3a0-e311-4227-9a1d-e015ea1763a8\" style=\"visibility: visible;\" role=\"presentation\" height=\"64\" width=\"64\"><span class=\"labelWrapper\"><span>Marketplace</span></span></div>"}, {9e6f184c-de8e-44ff-90ae-c6891dca1117}, {9e6f184c-de8e-44ff-90ae-c6891dca1117}
04-28 15:46:03.804 I/Gecko   (   81): 1398714363821	Marionette	INFO	sendToClient: {"from":"0","value":"<div><img src=\"blob:102b727c-fe4a-4941-89c7-84b65cf7ad9c\" style=\"visibility: visible;\" role=\"presentation\" height=\"64\" width=\"64\"><span class=\"labelWrapper\"><span>Calendar</span></span></div><span data-is-icon=\"true\" class=\"options\"></span>"}, {c34ba038-5fd0-4bb8-a7d1-eef799667800}, {c34ba038-5fd0-4bb8-a7d1-eef799667800}
04-28 15:46:03.824 I/Gecko   (   81): 1398714363837	Marionette	INFO	sendToClient: {"from":"0","value":"<div><img src=\"blob:5e19b34a-7cc8-4474-9a18-1167521f2f2e\" style=\"visibility: visible;\" role=\"presentation\" height=\"64\" width=\"64\"><span class=\"labelWrapper\"><span>Clock</span></span></div><span data-is-icon=\"true\" class=\"options\"></span>"}, {0525942c-ea14-4846-bbfb-c6af586378bf}, {0525942c-ea14-4846-bbfb-c6af586378bf}
04-28 15:46:03.844 I/Gecko   (   81): 1398714363857	Marionette	INFO	sendToClient: {"from":"0","value":"<div><img src=\"blob:d8608e9b-4c33-45dc-a1eb-b674d9890e7b\" style=\"visibility: visible;\" role=\"presentation\" height=\"64\" width=\"64\"><span class=\"labelWrapper\"><span>Usage</span></span></div><span data-is-icon=\"true\" class=\"options\"></span>"}, {d7305c06-88a0-4d24-8012-a5ea6038e986}, {d7305c06-88a0-4d24-8012-a5ea6038e986}
04-28 15:46:03.874 I/Gecko   (   81): 1398714363887	Marionette	INFO	sendToClient: {"from":"0","value":"<div><img src=\"blob:20b114d3-47da-46ae-9230-70d67bfacd45\" style=\"visibility: visible;\" role=\"presentation\" height=\"64\" width=\"64\"><span class=\"labelWrapper\"><span>E-Mail</span></span></div><span data-is-icon=\"true\" class=\"options\"></span>"}, {345d631a-df00-4587-9809-d63924c8afee}, {345d631a-df00-4587-9809-d63924c8afee}
04-28 15:46:03.894 I/Gecko   (   81): 1398714363911	Marionette	INFO	sendToClient: {"from":"0","value":"<div><img src=\"blob:caa9d601-9cf7-4d40-85aa-cc79db98b741\" style=\"visibility: visible;\" role=\"presentation\" height=\"64\" width=\"64\"><span class=\"labelWrapper\"><span>Music</span></span></div><span data-is-icon=\"true\" class=\"options\"></span>"}, {8bc4e333-50b9-407d-ab63-43cc724c3b90}, {8bc4e333-50b9-407d-ab63-43cc724c3b90}
04-28 15:46:03.904 I/Gecko   (   81): 1398714363921	Marionette	INFO	sendToClient: {"from":"0","value":"<div><img src=\"blob:49440bb9-2186-4851-b92a-b69a7cf7ccf4\" style=\"visibility: visible;\" role=\"presentation\" height=\"64\" width=\"64\"><span class=\"labelWrapper\"><span>Video</span></span></div><span data-is-icon=\"true\" class=\"options\"></span>"}, {747721ad-a60b-4686-a9a5-96aca41c713b}, {747721ad-a60b-4686-a9a5-96aca41c713b}
04-28 15:46:03.924 I/Gecko   (   81): 1398714363939	Marionette	INFO	sendToClient: {"from":"0","value":"<div><img src=\"blob:67c32203-9c18-424e-8c0c-213e84617c29\" style=\"visibility: visible;\" role=\"presentation\" height=\"64\" width=\"64\"><span class=\"labelWrapper\"><span>Phone</span></span></div><span data-is-icon=\"true\" class=\"options\"></span>"}, {deb7afd7-01f4-4aa0-ad48-9938b7960536}, {deb7afd7-01f4-4aa0-ad48-9938b7960536}
04-28 15:46:03.944 I/Gecko   (   81): 1398714363957	Marionette	INFO	sendToClient: {"from":"0","value":"<div><img src=\"blob:70e07ddc-5d84-4045-a2e7-e39b0f7474e6\" style=\"visibility: visible;\" role=\"presentation\" height=\"64\" width=\"64\"><span class=\"labelWrapper\"><span>Messages</span></span></div><span data-is-icon=\"true\" class=\"options\"></span>"}, {adf34937-33ab-497c-828a-3bf783d709a1}, {adf34937-33ab-497c-828a-3bf783d709a1}
04-28 15:46:03.964 I/Gecko   (   81): 1398714363978	Marionette	INFO	sendToClient: {"from":"0","value":"<div><img src=\"blob:ff6c4e79-24fc-461f-92b5-e2721918d255\" style=\"visibility: visible;\" role=\"presentation\" height=\"64\" width=\"64\"><span class=\"labelWrapper\"><span>Contacts</span></span></div><span data-is-icon=\"true\" class=\"options\"></span>"}, {1bb23f1c-555d-4a74-99d2-33a260921f3a}, {1bb23f1c-555d-4a74-99d2-33a260921f3a}
04-28 15:46:04.694 I/Gecko   (   81): 1398714364704	Marionette	INFO	sendToClient: {"from":"0","value":"<div><img src=\"blob:3e1b7f39-89e1-4ce5-b594-88cd9c124919\" style=\"visibility: visible;\" role=\"presentation\" height=\"64\" width=\"64\"><span class=\"labelWrapper\"><span>Browser</span></span></div><span data-is-icon=\"true\" class=\"options\"></span>"}, {d1adc22c-2939-4f3b-9c38-a4d59638b84e}, {d1adc22c-2939-4f3b-9c38-a4d59638b84e}
04-28 15:46:05.164 I/Gecko   ( 3191): ###################################### forms.js loaded
04-28 15:46:05.214 I/Gecko   ( 3191): ############################### browserElementPanning.js loaded
04-28 15:46:05.244 I/Gecko   ( 3191): ######################## BrowserElementChildPreload.js loaded
04-28 15:46:05.774 I/Gecko   ( 3191): ###################################### forms.js loaded
04-28 15:46:05.804 I/Gecko   ( 3191): ############################### browserElementPanning.js loaded
04-28 15:46:05.844 I/Gecko   ( 3191): ######################## BrowserElementChildPreload.js loaded
04-28 15:46:05.874 I/GeckoDump(   81): XXX FIXME : Got a mozContentEvent: undefined
04-28 15:46:06.714 I/Gecko   (   81): 1398714366727	Marionette	INFO	sendToClient: {"from":"0","value":["{0a8cfbea-1db2-4c5f-a8d2-0bc313ba7125}","{a416da98-ccd9-4e1a-8876-4d4f36ce453d}","{b8dae33f-d239-4b6d-bf59-32442c228917}","{c311b397-0741-4e3e-be2d-ba1319f7f496}","{c6d4835e-d362-4c68-b456-fc19396c6c20}","{a3ee4649-9006-424f-b863-0021a4c57181}","{356a4eda-a242-4c4a-bb5a-38467ecaeba5}","{6d75f871-dc6d-4a82-9b94-fd2ea0c4e4f6}","{6c790ed4-03ec-4672-b62f-61ad77e3d3b7}","{5538e9c2-734a-4cae-be9c-1cb034d9e1dc}","{235b674f-efd9-469a-be3e-5ef135b25086}","{777f842f-39a8-4cf7-bdbf-9d4ac1edc555}","{a9364be5-1ff9-4377-9377-a86624c9abf1}","{614c09f2-a968-43ec-b557-b8b5b1a32902}","{7b080081-a892-4103-bf11-8fc62dd8a4bb}","{f811045b-4f77-4ddd-9892-22a81332a826}","{bd3a6253-f323-4bf5-b9ae-6f19e01c1edf}","{721aa746-0150-40e4-a47a-74cab0ac8265}","{103a1b13-a586-41ed-9612-966bd685e7a4}","{c0bcd2f3-73d2-4d99-815b-158762922570}","{7b4863f5-265f-4dcb-8109-c14781b03d10}"]}, {3f4c6f3e-65a8-4ce5-b93f-1fbcd96203d4}, {3f4c6f3e-65a8-4ce5-b93f-1fbcd96203d4}
04-28 15:46:06.734 I/Gecko   (   81): 1398714366750	Marionette	INFO	sendToClient: {"from":"0","value":"<div><img src=\"blob:186a24b3-cf38-4aa0-b031-0352d6b07342\" style=\"visibility: visible;\" role=\"presentation\" height=\"64\" width=\"64\"><span class=\"labelWrapper\"><span>Social</span></span></div><span data-is-icon=\"true\" class=\"options\"></span>"}, {38d8a109-cd04-4386-9495-cc5492fbda54}, {38d8a109-cd04-4386-9495-cc5492fbda54}
04-28 15:46:06.744 I/Gecko   (   81): 1398714366760	Marionette	INFO	sendToClient: {"from":"0","value":"<div><img src=\"blob:5a584c5f-054f-45fb-a095-a2fdf070589e\" style=\"visibility: visible;\" role=\"presentation\" height=\"64\" width=\"64\"><span class=\"labelWrapper\"><span>Games</span></span></div><span data-is-icon=\"true\" class=\"options\"></span>"}, {89613817-0094-4d7e-b283-91a21bfd208a}, {89613817-0094-4d7e-b283-91a21bfd208a}
04-28 15:46:06.754 I/Gecko   (   81): 1398714366770	Marionette	INFO	sendToClient: {"from":"0","value":"<div><img src=\"blob:cb575374-c51a-4c8c-98ed-15f0c54aabc5\" style=\"visibility: visible;\" role=\"presentation\" height=\"64\" width=\"64\"><span class=\"labelWrapper\"><span>Music</span></span></div><span data-is-icon=\"true\" class=\"options\"></span>"}, {4bf7cdc4-0441-4a54-8c9c-cc1893d56952}, {4bf7cdc4-0441-4a54-8c9c-cc1893d56952}
04-28 15:46:06.764 I/Gecko   (   81): 1398714366781	Marionette	INFO	sendToClient: {"from":"0","value":"<div><img src=\"blob:cfa43e55-1a80-49ec-84f0-51661f33b419\" style=\"visibility: visible;\" role=\"presentation\" height=\"64\" width=\"64\"><span class=\"labelWrapper\"><span>Showbiz</span></span></div><span data-is-icon=\"true\" class=\"options\"></span>"}, {637b8644-2ee8-457f-8da3-c545f3af0757}, {637b8644-2ee8-457f-8da3-c545f3af0757}
04-28 15:46:06.784 I/Gecko   (   81): 1398714366798	Marionette	INFO	sendToClient: {"from":"0","value":"<div><img src=\"blob:f66f5da4-664b-4680-8565-cb0aec80445d\" style=\"visibility: visible;\" role=\"presentation\" height=\"64\" width=\"64\"><span class=\"labelWrapper\"><span>CutTheRope</span></span></div><span data-is-icon=\"true\" class=\"options\"></span>"}, {7a0da223-a915-4459-9ba7-fafb907aeff8}, {7a0da223-a915-4459-9ba7-fafb907aeff8}
04-28 15:46:06.794 I/Gecko   (   81): 1398714366809	Marionette	INFO	sendToClient: {"from":"0","value":"<div class=\"\"><img src=\"blob:83a3e568-c6a5-482d-ad09-601bcfe88f92\" style=\"visibility: visible;\" role=\"presentation\" height=\"64\" width=\"64\"><span class=\"labelWrapper\"><span>Fusion</span></span></div><span data-is-icon=\"true\" class=\"options\"></span>"}, {1514beec-a252-4a29-958e-785c4264fef1}, {1514beec-a252-4a29-958e-785c4264fef1}
04-28 15:46:06.804 I/Gecko   (   81): 1398714366819	Marionette	INFO	sendToClient: {"from":"0","value":"<div><img src=\"blob:accddc44-4ee8-40d4-b8e5-c4d98af64819\" style=\"visibility: visible;\" role=\"presentation\" height=\"64\" width=\"64\"><span class=\"labelWrapper\"><span>Camera</span></span></div><span data-is-icon=\"true\" class=\"options\"></span>"}, {44274973-9695-4808-a006-e24f3f244e66}, {44274973-9695-4808-a006-e24f3f244e66}
04-28 15:46:06.814 I/Gecko   (   81): 1398714366830	Marionette	INFO	sendToClient: {"from":"0","value":"<div><img src=\"blob:ec82212a-ea62-43ba-892d-4ab30193adfd\" style=\"visibility: visible;\" role=\"presentation\" height=\"64\" width=\"64\"><span class=\"labelWrapper\"><span>Gallery</span></span></div><span data-is-icon=\"true\" class=\"options\"></span>"}, {c46e793f-356e-4250-854e-d12e2cde2a3b}, {c46e793f-356e-4250-854e-d12e2cde2a3b}
04-28 15:46:06.834 I/Gecko   (   81): 1398714366851	Marionette	INFO	sendToClient: {"from":"0","value":"<div><img src=\"blob:d7b8b919-f4a4-4c19-8830-ba6a9c179186\" style=\"visibility: visible;\" role=\"presentation\" height=\"64\" width=\"64\"><span class=\"labelWrapper\"><span>FM Radio</span></span></div><span data-is-icon=\"true\" class=\"options\"></span>"}, {cca30948-7602-4ace-975a-a823eadaff34}, {cca30948-7602-4ace-975a-a823eadaff34}
04-28 15:46:06.844 I/Gecko   (   81): 1398714366862	Marionette	INFO	sendToClient: {"from":"0","value":"<div><img src=\"blob:72daf2df-752b-4bd0-9051-f2caf2b81eab\" style=\"visibility: visible;\" role=\"presentation\" height=\"64\" width=\"64\"><span class=\"labelWrapper\"><span>Settings</span></span></div><span data-is-icon=\"true\" class=\"options\"></span>"}, {0e14d49e-e091-4dc3-ad76-67e9cb331c0e}, {0e14d49e-e091-4dc3-ad76-67e9cb331c0e}
04-28 15:46:06.854 I/Gecko   (   81): 1398714366872	Marionette	INFO	sendToClient: {"from":"0","value":"<div><img src=\"blob:15cab3a0-e311-4227-9a1d-e015ea1763a8\" style=\"visibility: visible;\" role=\"presentation\" height=\"64\" width=\"64\"><span class=\"labelWrapper\"><span>Marketplace</span></span></div>"}, {91b681d1-4fd0-4ccd-bad8-22815ce46aaf}, {91b681d1-4fd0-4ccd-bad8-22815ce46aaf}
04-28 15:46:06.874 I/Gecko   (   81): 1398714366884	Marionette	INFO	sendToClient: {"from":"0","value":"<div><img src=\"blob:102b727c-fe4a-4941-89c7-84b65cf7ad9c\" style=\"visibility: visible;\" role=\"presentation\" height=\"64\" width=\"64\"><span class=\"labelWrapper\"><span>Calendar</span></span></div><span data-is-icon=\"true\" class=\"options\"></span>"}, {45ca95e6-fa39-4e2d-8a66-44751ece8d4e}, {45ca95e6-fa39-4e2d-8a66-44751ece8d4e}
04-28 15:46:06.884 I/Gecko   (   81): 1398714366898	Marionette	INFO	sendToClient: {"from":"0","value":"<div><img src=\"blob:5e19b34a-7cc8-4474-9a18-1167521f2f2e\" style=\"visibility: visible;\" role=\"presentation\" height=\"64\" width=\"64\"><span class=\"labelWrapper\"><span>Clock</span></span></div><span data-is-icon=\"true\" class=\"options\"></span>"}, {0fa32317-0ff7-47ba-8e2c-bf02d7f08a07}, {0fa32317-0ff7-47ba-8e2c-bf02d7f08a07}
04-28 15:46:06.894 I/Gecko   (   81): 1398714366909	Marionette	INFO	sendToClient: {"from":"0","value":"<div><img src=\"blob:d8608e9b-4c33-45dc-a1eb-b674d9890e7b\" style=\"visibility: visible;\" role=\"presentation\" height=\"64\" width=\"64\"><span class=\"labelWrapper\"><span>Usage</span></span></div><span data-is-icon=\"true\" class=\"options\"></span>"}, {2d9cbdd6-ff54-42b5-bed8-d6c62c3066d5}, {2d9cbdd6-ff54-42b5-bed8-d6c62c3066d5}
04-28 15:46:06.904 I/Gecko   (   81): 1398714366920	Marionette	INFO	sendToClient: {"from":"0","value":"<div><img src=\"blob:20b114d3-47da-46ae-9230-70d67bfacd45\" style=\"visibility: visible;\" role=\"presentation\" height=\"64\" width=\"64\"><span class=\"labelWrapper\"><span>E-Mail</span></span></div><span data-is-icon=\"true\" class=\"options\"></span>"}, {2ed45fa9-9db9-4b84-bb5e-5e42aaa6f05a}, {2ed45fa9-9db9-4b84-bb5e-5e42aaa6f05a}
04-28 15:46:06.914 I/Gecko   (   81): 1398714366931	Marionette	INFO	sendToClient: {"from":"0","value":"<div><img src=\"blob:caa9d601-9cf7-4d40-85aa-cc79db98b741\" style=\"visibility: visible;\" role=\"presentation\" height=\"64\" width=\"64\"><span class=\"labelWrapper\"><span>Music</span></span></div><span data-is-icon=\"true\" class=\"options\"></span>"}, {30619643-dd24-45ab-8fd2-c5baaf531d79}, {30619643-dd24-45ab-8fd2-c5baaf531d79}
04-28 15:46:06.924 I/Gecko   (   81): 1398714366941	Marionette	INFO	sendToClient: {"from":"0","value":"<div><img src=\"blob:49440bb9-2186-4851-b92a-b69a7cf7ccf4\" style=\"visibility: visible;\" role=\"presentation\" height=\"64\" width=\"64\"><span class=\"labelWrapper\"><span>Video</span></span></div><span data-is-icon=\"true\" class=\"options\"></span>"}, {c3536898-64c1-4979-baa0-30a0d93ae5b2}, {c3536898-64c1-4979-baa0-30a0d93ae5b2}
04-28 15:46:06.934 I/Gecko   (   81): 1398714366953	Marionette	INFO	sendToClient: {"from":"0","value":"<div><img src=\"blob:67c32203-9c18-424e-8c0c-213e84617c29\" style=\"visibility: visible;\" role=\"presentation\" height=\"64\" width=\"64\"><span class=\"labelWrapper\"><span>Phone</span></span></div><span data-is-icon=\"true\" class=\"options\"></span>"}, {2fbc123a-1099-490c-b3ba-912e54de6d96}, {2fbc123a-1099-490c-b3ba-912e54de6d96}
04-28 15:46:06.954 I/Gecko   (   81): 1398714366965	Marionette	INFO	sendToClient: {"from":"0","value":"<div><img src=\"blob:70e07ddc-5d84-4045-a2e7-e39b0f7474e6\" style=\"visibility: visible;\" role=\"presentation\" height=\"64\" width=\"64\"><span class=\"labelWrapper\"><span>Messages</span></span></div><span data-is-icon=\"true\" class=\"options\"></span>"}, {736f56d1-814b-4041-9ee0-c2463cdebb69}, {736f56d1-814b-4041-9ee0-c2463cdebb69}
04-28 15:46:06.964 I/Gecko   (   81): 1398714366975	Marionette	INFO	sendToClient: {"from":"0","value":"<div><img src=\"blob:ff6c4e79-24fc-461f-92b5-e2721918d255\" style=\"visibility: visible;\" role=\"presentation\" height=\"64\" width=\"64\"><span class=\"labelWrapper\"><span>Contacts</span></span></div><span data-is-icon=\"true\" class=\"options\"></span>"}, {3d7d5353-3648-41e3-a087-b8c475e67a9a}, {3d7d5353-3648-41e3-a087-b8c475e67a9a}
04-28 15:46:06.974 I/Gecko   (   81): 1398714366986	Marionette	INFO	sendToClient: {"from":"0","value":"<div><img src=\"blob:3e1b7f39-89e1-4ce5-b594-88cd9c124919\" style=\"visibility: visible;\" role=\"presentation\" height=\"64\" width=\"64\"><span class=\"labelWrapper\"><span>Browser</span></span></div><span data-is-icon=\"true\" class=\"options\"></span>"}, {24a9eb93-3ea2-4a06-a728-1dd4e7b0679d}, {24a9eb93-3ea2-4a06-a728-1dd4e7b0679d}
04-28 15:46:06.984 I/Gecko   (   81): 1398714366999	Marionette	INFO	sendToClient: {"from":"0","value":"app://homescreen.gaiamobile.org/index.html#rootMon%20Apr%2028%202014%2015:45:32%20GMT-0400%20(EDT)"}, {4903527b-d79f-4453-9fc8-f49ce69ca9ec}, {4903527b-d79f-4453-9fc8-f49ce69ca9ec}
04-28 15:46:06.994 I/Gecko   (   81): 1398714367005	Marionette	DEBUG	Got request: switchToFrame, data: {"to":"0","sessionId":"3-b2g","name":"switchToFrame","parameters":{"id":null,"focus":true}}, id: {eaaea087-2279-426a-9379-a3ab2ca3e08b}
04-28 15:46:07.004 I/Gecko   (   81): 1398714367014	Marionette	INFO	Switched to frame: {"frameValue":null}
04-28 15:46:07.094 W/WifiHW  (   81): wifi_command: SIGNAL_POLL
04-28 15:46:07.114 I/Gecko   (   81): 1398714367125	Marionette	INFO	sendToClient: {"from":"0","ok":true}, {eaaea087-2279-426a-9379-a3ab2ca3e08b}, {eaaea087-2279-426a-9379-a3ab2ca3e08b}
04-28 15:46:07.114 I/Gecko   (   81): 1398714367131	Marionette	DEBUG	Got request: switchToFrame, data: {"to":"0","sessionId":"3-b2g","name":"switchToFrame","parameters":{"id":null,"focus":true}}, id: {1e85c546-c5db-4edf-a0ca-df8fbfa63aa8}
04-28 15:46:07.124 I/Gecko   (   81): 1398714367135	Marionette	INFO	Switched to frame: {"frameValue":null}
04-28 15:46:07.224 I/Gecko   (   81): 1398714367241	Marionette	INFO	sendToClient: {"from":"0","ok":true}, {1e85c546-c5db-4edf-a0ca-df8fbfa63aa8}, {1e85c546-c5db-4edf-a0ca-df8fbfa63aa8}
04-28 15:46:07.234 I/Gecko   (   81): 1398714367248	Marionette	DEBUG	Got request: executeWithCallback, data: {"to":"0","sessionId":"3-b2g","name":"executeAsyncScript","parameters":{"specialPowers":false,"scriptTimeout":30000,"newSandbox":true,"args":[],"filename":"app_checker.py","script":"GaiaApps.launchWithManifestURL('https://marketplace.firefox.com/app/76a0bb2a-e261-42cc-a951-0644561a2c03/manifest.webapp')","line":106}}, id: {2ee776ba-f6c2-4316-98ad-9dd1c16cf80b}
04-28 15:46:07.434 I/Gecko:ProcessPriorityManager(   81): [Fusion, child-id=98, pid=3162] Changing priority from MASTER:CPU_NORMAL to FOREGROUND:CPU_NORMAL.
04-28 15:46:07.454 I/Gonk    (   81): Setting nice for pid 3162 to 1
04-28 15:46:07.454 I/Gonk    (   81): Changed nice for pid 3162 from 0 to 1.
04-28 15:46:07.464 I/Gecko:ProcessPriorityManager(   81): [Homescreen, child-id=94, pid=3025] Changing priority from FOREGROUND:CPU_LOW to FOREGROUND:CPU_NORMAL.
04-28 15:46:07.464 I/Gonk    (   81): Setting nice for pid 3025 to 1
04-28 15:46:07.464 I/Gonk    (   81): Changed nice for pid 3025 from 18 to 1.
04-28 15:46:07.464 I/Gecko:ProcessPriorityManager(   81): KillBackgroundApps
04-28 15:46:07.464 I/Gecko:ProcessPriorityManager(   81): [Browser, child-id=100, pid=3191] Changing priority from FOREGROUND:CPU_LOW to FOREGROUND:CPU_NORMAL.
04-28 15:46:07.464 I/Gonk    (   81): Setting nice for pid 3191 to 1
04-28 15:46:07.464 I/Gonk    (   81): Changed nice for pid 3191 from 18 to 1.
04-28 15:46:07.464 I/Gecko:ProcessPriorityManager(   81): KillBackgroundApps
04-28 15:46:07.464 I/Gecko:ProcessPriorityManager(   81): KillBackgroundApps
04-28 15:46:07.464 I/Gecko   (   81): [Parent 81] WARNING: waitpid failed pid:3162 errno:10: file /var/lib/jenkins/jobs/B2G.v1.3.0.Tarako/workspace/gecko/ipc/chromium/src/base/process_util_posix.cc, line 254
04-28 15:46:07.574 E/GeckoConsole(   81): Content JS LOG at dummy file:746 in GaiaApps.launch: launching app with name 'Fusion'
04-28 15:46:08.394 D/Sensors (   81): activate handle=0; drv=0
04-28 15:46:08.404 D/Sensors (   81): Lis3dhSensor: Control set 1
04-28 15:46:08.404 D/Sensors (   81): Lis3dhSensor: mEnabled = 1
04-28 15:46:08.604 E/[Gralloc-ERROR](   81): int gralloc_register_buffer(const gralloc_module_t*, const native_handle_t*):79 Unable to register handle 0x466ff6a0 coming from different process: 81
04-28 15:46:08.684 E/[Gralloc-ERROR](   81): int gralloc_register_buffer(const gralloc_module_t*, const native_handle_t*):79 Unable to register handle 0x466ff7e0 coming from different process: 81
04-28 15:46:08.784 I/Gecko:ProcessPriorityManager(   81): [Homescreen, child-id=94, pid=3025] Changing priority from FOREGROUND:CPU_NORMAL to BACKGROUND_HOMESCREEN:CPU_NORMAL.
04-28 15:46:08.794 I/Gonk    (   81): Setting nice for pid 3025 to 18
04-28 15:46:08.794 I/Gonk    (   81): Changed nice for pid 3025 from 1 to 18.
04-28 15:46:09.884 E/GeckoConsole( 3191): [JavaScript Error: "uncaught exception: target window is same as present window -- not allowed"]
04-28 15:46:10.164 I/Gecko   ( 3162): ###################################### forms.js loaded
04-28 15:46:10.244 I/Gecko   ( 3162): ############################### browserElementPanning.js loaded
04-28 15:46:10.774 I/GeckoDump(   81): XXX FIXME : Got a mozContentEvent: undefined
04-28 15:46:11.484 I/Gecko   ( 3162): ######################## BrowserElementChildPreload.js loaded
04-28 15:46:12.484 E/[Gralloc-ERROR](   81): int gralloc_register_buffer(const gralloc_module_t*, const native_handle_t*):79 Unable to register handle 0x476884c0 coming from different process: 81
04-28 15:46:12.504 E/[Gralloc-ERROR](   81): int gralloc_register_buffer(const gralloc_module_t*, const native_handle_t*):79 Unable to register handle 0x47688560 coming from different process: 81
04-28 15:46:12.884 I/Gecko:ProcessPriorityManager(   81): [Browser, child-id=100, pid=3191] Scheduling reset timer to fire in 1000ms.
04-28 15:46:12.944 E/GeckoConsole(   81): Content JS LOG at https://marketplace.cdn.mozilla.net/media/fireplace/js/include.js?b=1398192110201:5 in s/<: [mkt] Reloading chrome
04-28 15:46:12.964 W/WifiHW  (   81): wifi_command: SIGNAL_POLL
04-28 15:46:13.054 I/Gecko:ProcessPriorityManager(   81): [(Preallocated), child-id=101, pid=3225] Creating ParticularProcessPriorityManager.
04-28 15:46:13.054 I/Gecko:ProcessPriorityManager(   81): [(Preallocated), child-id=101, pid=3225] Done starting up.  mHoldsCPUWakeLock=0, mHoldsHighPriorityWakeLock=0
04-28 15:46:13.054 I/Gecko:ProcessPriorityManager(   81): [(Preallocated), child-id=101, pid=3225] Changing priority from UNKNOWN:CPU_NORMAL to MASTER:CPU_NORMAL.
04-28 15:46:13.054 I/Gonk    (   81): Setting nice for pid 3225 to 0
04-28 15:46:13.054 I/Gonk    (   81): Changed nice for pid 3225 from 0 to 0.
04-28 15:46:13.054 I/Gecko:ProcessPriorityManager(   81): [Homescreen, child-id=94, pid=3025] Changing priority from BACKGROUND_HOMESCREEN:CPU_NORMAL to BACKGROUND_HOMESCREEN:CPU_LOW.
04-28 15:46:13.054 I/Gonk    (   81): Setting nice for pid 3025 to 18
04-28 15:46:13.054 I/Gonk    (   81): Changed nice for pid 3025 from 18 to 18.
04-28 15:46:13.054 I/Gecko:ProcessPriorityManager(   81): [Fusion, child-id=98, pid=3162] Changing priority from FOREGROUND:CPU_NORMAL to FOREGROUND:CPU_LOW.
04-28 15:46:13.054 I/Gonk    (   81): Setting nice for pid 3162 to 18
04-28 15:46:13.054 I/Gonk    (   81): Changed nice for pid 3162 from 1 to 18.
04-28 15:46:13.054 I/Gecko:ProcessPriorityManager(   81): KillBackgroundApps
04-28 15:46:13.054 I/Gecko:ProcessPriorityManager(   81): [Browser, child-id=100, pid=3191] Changing priority from FOREGROUND:CPU_NORMAL to FOREGROUND:CPU_LOW.
04-28 15:46:13.054 I/Gonk    (   81): Setting nice for pid 3191 to 18
04-28 15:46:13.054 I/Gonk    (   81): Changed nice for pid 3191 from 1 to 18.
04-28 15:46:13.054 I/Gecko:ProcessPriorityManager(   81): KillBackgroundApps
04-28 15:46:13.304 I/Gecko:ProcessPriorityManager(   81): [Browser, child-id=100, pid=3191] ScheduleResetPriority bailing; the timer is already running.
04-28 15:46:13.324 I/Gecko:ProcessPriorityManager(   81): [child-id=100, pid=-1] Destroying ParticularProcessPriorityManager.
04-28 15:46:13.394 E/[Gralloc-ERROR](   81): int gralloc_unregister_buffer(const gralloc_module_t*, const native_handle_t*):274 Trying to unregister buffer 0x466ff6a0 from process 81 that was not created in current process: 81
04-28 15:46:13.394 E/[Gralloc-ERROR](   81): int gralloc_unregister_buffer(const gralloc_module_t*, const native_handle_t*):274 Trying to unregister buffer 0x466ff7e0 from process 81 that was not created in current process: 81
04-28 15:46:14.874 E/GeckoConsole( 3162): [JavaScript Error: "The character encoding of the HTML document was not declared. The document will render with garbled text in some browser configurations if the document contains characters from outside the US-ASCII range. The character encoding of the page must be declared in the document or in the transfer protocol." {file: "app://{29dfaf6f-fb7d-455f-9666-eb67b9e493e2}/index.html" line: 0}]
04-28 15:46:15.404 E/GeckoConsole(   81): Content JS LOG at dummy file:738 in GaiaApps.launch/appOpen/<: app with origin 'app://{29dfaf6f-fb7d-455f-9666-eb67b9e493e2}' has launched
04-28 15:46:15.404 I/Gecko   (   81): 1398714375418	Marionette	INFO	sendToClient: {"from":"0","value":{"frame":{"ELEMENT":"{41d4b90f-352a-414d-8b60-ce47f690bb7b}"},"src":"app://{29dfaf6f-fb7d-455f-9666-eb67b9e493e2}/index.html","name":"Fusion","origin":"app://{29dfaf6f-fb7d-455f-9666-eb67b9e493e2}"}}, {2ee776ba-f6c2-4316-98ad-9dd1c16cf80b}, {2ee776ba-f6c2-4316-98ad-9dd1c16cf80b}
04-28 15:46:15.414 E/[Gralloc-ERROR](   81): int gralloc_unregister_buffer(const gralloc_module_t*, const native_handle_t*):274 Trying to unregister buffer 0x47688560 from process 81 that was not created in current process: 81
04-28 15:46:15.414 E/[Gralloc-ERROR](   81): int gralloc_unregister_buffer(const gralloc_module_t*, const native_handle_t*):274 Trying to unregister buffer 0x476884c0 from process 81 that was not created in current process: 81
