--------- beginning of /dev/log/main
04-28 15:25:30.924 I/Gecko   (   81): 1398713130934	Marionette	INFO	sendToClient: {"from":"0","ok":true}, {7e860c86-0db9-4dce-98d3-74e14d187cc1}, {7e860c86-0db9-4dce-98d3-74e14d187cc1}
04-28 15:25:30.924 I/Gecko   (   81): 1398713130940	Marionette	DEBUG	Got request: switchToFrame, data: {"to":"0","sessionId":"3-b2g","name":"switchToFrame","parameters":{"id":null,"focus":true}}, id: {b8995bf1-cbb7-44fd-ad07-97e576b658b4}
04-28 15:25:30.924 I/Gecko   (   81): 1398713130942	Marionette	INFO	Switched to frame: {"frameValue":null}
04-28 15:25:31.034 I/Gecko   (   81): 1398713131045	Marionette	INFO	sendToClient: {"from":"0","ok":true}, {b8995bf1-cbb7-44fd-ad07-97e576b658b4}, {b8995bf1-cbb7-44fd-ad07-97e576b658b4}
04-28 15:25:31.034 I/Gecko   (   81): 1398713131052	Marionette	DEBUG	Got request: executeWithCallback, data: {"to":"0","sessionId":"3-b2g","name":"executeAsyncScript","parameters":{"specialPowers":false,"scriptTimeout":null,"newSandbox":true,"args":[],"filename":"gaia_test.py","script":"return GaiaApps.displayedApp();","line":66}}, id: {4d8ff40f-33b0-4c62-8e72-6226a32d3a18}
04-28 15:25:31.084 I/Gecko   (   81): 1398713131100	Marionette	INFO	sendToClient: {"from":"0","value":{"frame":{"ELEMENT":"{b3b956d2-49ab-408c-9ff4-61f746edb2dc}"},"src":"app://homescreen.gaiamobile.org/index.html#rootMon%20Apr%2028%202014%2015:24:45%20GMT-0400%20(EDT)","name":"Homescreen","origin":"app://homescreen.gaiamobile.org"}}, {4d8ff40f-33b0-4c62-8e72-6226a32d3a18}, {4d8ff40f-33b0-4c62-8e72-6226a32d3a18}
04-28 15:25:31.094 I/Gecko   (   81): 1398713131107	Marionette	DEBUG	Got request: switchToFrame, data: {"to":"0","sessionId":"3-b2g","name":"switchToFrame","parameters":{"id":null,"focus":true}}, id: {da7f4364-eb57-4351-852a-45184f830cc9}
04-28 15:25:31.094 I/Gecko   (   81): 1398713131108	Marionette	INFO	Switched to frame: {"frameValue":null}
04-28 15:25:31.094 E/GeckoConsole(   81): Content JS LOG at dummy file:804 in GaiaApps.displayedApp: app with origin 'app://homescreen.gaiamobile.org' is displayed
04-28 15:25:31.194 I/Gecko   (   81): 1398713131211	Marionette	INFO	sendToClient: {"from":"0","ok":true}, {da7f4364-eb57-4351-852a-45184f830cc9}, {da7f4364-eb57-4351-852a-45184f830cc9}
04-28 15:25:31.204 I/Gecko   (   81): 1398713131216	Marionette	DEBUG	Got request: switchToFrame, data: {"to":"0","sessionId":"3-b2g","name":"switchToFrame","parameters":{"id":null,"focus":true}}, id: {d4765ddd-f9ba-4927-aaad-91a18e402120}
04-28 15:25:31.204 I/Gecko   (   81): 1398713131218	Marionette	INFO	Switched to frame: {"frameValue":null}
04-28 15:25:31.224 W/WifiHW  (   81): wifi_command: SIGNAL_POLL
04-28 15:25:31.334 I/Gecko   (   81): 1398713131346	Marionette	INFO	sendToClient: {"from":"0","ok":true}, {d4765ddd-f9ba-4927-aaad-91a18e402120}, {d4765ddd-f9ba-4927-aaad-91a18e402120}
04-28 15:25:31.344 I/Gecko   (   81): 1398713131360	Marionette	DEBUG	Got request: executeWithCallback, data: {"to":"0","sessionId":"3-b2g","name":"executeAsyncScript","parameters":{"specialPowers":false,"scriptTimeout":null,"newSandbox":true,"args":[],"filename":"gaia_test.py","script":"return GaiaApps.displayedApp();","line":66}}, id: {31a613d1-5465-4bd0-8427-0bbf94888ea9}
04-28 15:25:31.434 I/Gecko   (   81): 1398713131450	Marionette	INFO	sendToClient: {"from":"0","value":{"frame":{"ELEMENT":"{b3b956d2-49ab-408c-9ff4-61f746edb2dc}"},"src":"app://homescreen.gaiamobile.org/index.html#rootMon%20Apr%2028%202014%2015:24:45%20GMT-0400%20(EDT)","name":"Homescreen","origin":"app://homescreen.gaiamobile.org"}}, {31a613d1-5465-4bd0-8427-0bbf94888ea9}, {31a613d1-5465-4bd0-8427-0bbf94888ea9}
04-28 15:25:31.454 E/GeckoConsole(   81): Content JS LOG at dummy file:804 in GaiaApps.displayedApp: app with origin 'app://homescreen.gaiamobile.org' is displayed
04-28 15:25:31.464 I/Gecko   (   81): 1398713131474	Marionette	DEBUG	Got request: switchToFrame, data: {"to":"0","sessionId":"3-b2g","name":"switchToFrame","parameters":{"focus":true,"element":"{b3b956d2-49ab-408c-9ff4-61f746edb2dc}"}}, id: {144b103d-bdba-483f-adf5-211edfcb3122}
04-28 15:25:31.464 I/Gecko   (   81): 1398713131477	Marionette	INFO	Switched to frame: {"frameValue":"{b3b956d2-49ab-408c-9ff4-61f746edb2dc}"}
04-28 15:25:31.464 I/Gecko   (   81): 1398713131479	Marionette	INFO	trying remote frame 0
04-28 15:25:31.494 I/Gecko   (   81): 1398713131510	Marionette	INFO	sendToClient: {"from":"0","ok":true}, {144b103d-bdba-483f-adf5-211edfcb3122}, {144b103d-bdba-483f-adf5-211edfcb3122}
04-28 15:25:31.514 V/AudioPolicyManagerBase(   86): startOutput() output 1, stream 1, session 8
04-28 15:25:31.514 V/AudioPolicyManagerBase(   86): changeRefCount() stream 1, count 1
04-28 15:25:31.514 V/AudioPolicyManagerBase(   86): getDeviceForStrategy() from cache strategy 0, device 2
04-28 15:25:31.514 V/AudioPolicyManagerBase(   86): getNewDevice() selected device 2
04-28 15:25:31.514 D/AudioPolicyManagerBase(   86): setOutputDevice() output 1 device 2 delayMs 0
04-28 15:25:31.514 V/AudioPolicyManagerBase(   86): setOutputDevice() setting same device 2 or null device for output 1
04-28 15:25:31.514 E/AudioPolicyManagerBase(   86): checkAndSetVolume stream=1, index=0, output=1, device=2
04-28 15:25:31.514 E/AudioPolicyManagerBase(   86): computeVolume, streamDesc=0x8c7330
04-28 15:25:31.554 W/AudioFlinger(   86): Thread AudioOut_1 cannot connect to the power manager service
04-28 15:25:31.554 V/AudioPolicyManagerBase(   86): stopOutput() output 1, stream 1, session 8
04-28 15:25:31.554 V/AudioPolicyManagerBase(   86): changeRefCount() stream 1, count 0
04-28 15:25:31.554 V/AudioPolicyManagerBase(   86): getNewDevice() selected device 0
04-28 15:25:31.554 D/AudioPolicyManagerBase(   86): setOutputDevice() output 1 device 0 delayMs 290
04-28 15:25:31.554 V/AudioPolicyManagerBase(   86): setOutputDevice() setting same device 0 or null device for output 1
04-28 15:25:31.554 V/AudioPolicyManagerBase(   86): releaseOutput() 1
04-28 15:25:31.574 I/Gecko   (   81): 1398713131592	Marionette	INFO	sendToClient: {"from":"0","value":{"ELEMENT":"{23a30bcb-65c5-4e29-afef-6386b2265be1}"}}, {dd608f72-2102-4cce-ad66-87871b3a67ee}, {dd608f72-2102-4cce-ad66-87871b3a67ee}
04-28 15:25:31.624 I/Gecko   (   81): 1398713131638	Marionette	INFO	sendToClient: {"from":"0","value":"normal"}, {e372022a-37b0-4743-abc5-f89da423f088}, {e372022a-37b0-4743-abc5-f89da423f088}
04-28 15:25:31.634 I/Gecko   (   81): 1398713131645	Marionette	DEBUG	Got request: switchToFrame, data: {"to":"0","sessionId":"3-b2g","name":"switchToFrame","parameters":{"id":null,"focus":true}}, id: {1428ea62-31e5-49aa-8e27-d52b5c7d0bed}
04-28 15:25:31.644 I/Gecko   (   81): 1398713131654	Marionette	INFO	Switched to frame: {"frameValue":null}
04-28 15:25:31.744 I/Gecko   (   81): 1398713131756	Marionette	INFO	sendToClient: {"from":"0","ok":true}, {1428ea62-31e5-49aa-8e27-d52b5c7d0bed}, {1428ea62-31e5-49aa-8e27-d52b5c7d0bed}
04-28 15:25:31.754 I/Gecko   (   81): 1398713131763	Marionette	DEBUG	Got request: execute, data: {"to":"0","sessionId":"3-b2g","name":"executeScript","parameters":{"specialPowers":false,"scriptTimeout":null,"newSandbox":true,"args":[],"filename":"gaia_test.py","script":"window.wrappedJSObject.dispatchEvent(new Event('home'));","line":788}}, id: {e0940597-9352-4ae0-bea1-d75686c8c769}
04-28 15:25:31.754 I/Gecko   (   81): [Parent 81] WARNING: waitpid failed pid:1292 errno:10: file /var/lib/jenkins/jobs/B2G.v1.3.0.Tarako/workspace/gecko/ipc/chromium/src/base/process_util_posix.cc, line 254
04-28 15:25:31.754 I/Gecko   (   81): [Parent 81] WARNING: Failed to deliver SIGKILL to 1292!(3).: file /var/lib/jenkins/jobs/B2G.v1.3.0.Tarako/workspace/gecko/ipc/chromium/src/chrome/common/process_watcher_posix_sigchld.cc, line 118
04-28 15:25:31.804 I/Gecko   (   81): 1398713131816	Marionette	INFO	sendToClient: {"from":"0","value":null}, {e0940597-9352-4ae0-bea1-d75686c8c769}, {e0940597-9352-4ae0-bea1-d75686c8c769}
04-28 15:25:31.804 I/Gecko   (   81): 1398713131823	Marionette	DEBUG	Got request: switchToFrame, data: {"to":"0","sessionId":"3-b2g","name":"switchToFrame","parameters":{"id":null,"focus":true}}, id: {84916fc3-0dfb-475d-b738-f8c341ee1ea5}
04-28 15:25:31.814 I/Gecko   (   81): 1398713131825	Marionette	INFO	Switched to frame: {"frameValue":null}
04-28 15:25:31.914 I/Gecko   (   81): 1398713131927	Marionette	INFO	sendToClient: {"from":"0","ok":true}, {84916fc3-0dfb-475d-b738-f8c341ee1ea5}, {84916fc3-0dfb-475d-b738-f8c341ee1ea5}
04-28 15:25:31.924 I/Gecko   (   81): 1398713131934	Marionette	DEBUG	Got request: switchToFrame, data: {"to":"0","sessionId":"3-b2g","name":"switchToFrame","parameters":{"id":null,"focus":true}}, id: {0582bb43-3abe-4b49-9aad-ddb75b26bded}
04-28 15:25:31.924 I/Gecko   (   81): 1398713131935	Marionette	INFO	Switched to frame: {"frameValue":null}
04-28 15:25:32.024 I/Gecko   (   81): 1398713132037	Marionette	INFO	sendToClient: {"from":"0","ok":true}, {0582bb43-3abe-4b49-9aad-ddb75b26bded}, {0582bb43-3abe-4b49-9aad-ddb75b26bded}
04-28 15:25:32.034 I/Gecko   (   81): 1398713132044	Marionette	DEBUG	Got request: executeWithCallback, data: {"to":"0","sessionId":"3-b2g","name":"executeAsyncScript","parameters":{"specialPowers":false,"scriptTimeout":null,"newSandbox":true,"args":[],"filename":"gaia_test.py","script":"return GaiaApps.displayedApp();","line":66}}, id: {3a41786e-a2b0-4f5d-9f1b-03e3bb2864e4}
04-28 15:25:32.064 I/Gecko   (   81): 1398713132079	Marionette	INFO	sendToClient: {"from":"0","value":{"frame":{"ELEMENT":"{b3b956d2-49ab-408c-9ff4-61f746edb2dc}"},"src":"app://homescreen.gaiamobile.org/index.html#rootMon%20Apr%2028%202014%2015:25:31%20GMT-0400%20(EDT)","name":"Homescreen","origin":"app://homescreen.gaiamobile.org"}}, {3a41786e-a2b0-4f5d-9f1b-03e3bb2864e4}, {3a41786e-a2b0-4f5d-9f1b-03e3bb2864e4}
04-28 15:25:32.074 I/Gecko   (   81): 1398713132086	Marionette	DEBUG	Got request: switchToFrame, data: {"to":"0","sessionId":"3-b2g","name":"switchToFrame","parameters":{"focus":true,"element":"{b3b956d2-49ab-408c-9ff4-61f746edb2dc}"}}, id: {97cf2f60-9b81-4664-8780-c74eb26c7fa5}
04-28 15:25:32.074 I/Gecko   (   81): 1398713132088	Marionette	INFO	Switched to frame: {"frameValue":"{b3b956d2-49ab-408c-9ff4-61f746edb2dc}"}
04-28 15:25:32.074 E/GeckoConsole(   81): Content JS LOG at dummy file:804 in GaiaApps.displayedApp: app with origin 'app://homescreen.gaiamobile.org' is displayed
04-28 15:25:32.084 I/Gecko   (   81): 1398713132093	Marionette	INFO	trying remote frame 0
04-28 15:25:32.094 I/Gecko   (   81): 1398713132104	Marionette	INFO	sendToClient: {"from":"0","ok":true}, {97cf2f60-9b81-4664-8780-c74eb26c7fa5}, {97cf2f60-9b81-4664-8780-c74eb26c7fa5}
04-28 15:25:32.094 I/Gecko   (   81): 1398713132111	Marionette	DEBUG	Got request: execute, data: {"to":"0","sessionId":"3-b2g","name":"executeScript","parameters":{"specialPowers":false,"scriptTimeout":null,"newSandbox":true,"args":[],"filename":"gaia_test.py","script":"return window.wrappedJSObject.GridManager.pageHelper.getCurrentPageNumber();","line":784}}, id: {e5f6770b-7626-4d5e-b7d5-0b0a45034900}
04-28 15:25:32.134 I/Gecko   (   81): 1398713132150	Marionette	INFO	sendToClient: {"from":"0","value":0}, {e5f6770b-7626-4d5e-b7d5-0b0a45034900}, {e5f6770b-7626-4d5e-b7d5-0b0a45034900}
04-28 15:25:32.164 I/Gecko   (   81): 1398713132174	Marionette	INFO	sendToClient: {"from":"0","value":["{775f398a-7603-480a-a63e-b0d95b9bc332}","{c7e628ca-dc8e-4239-b0ba-d569cee69f91}","{0e838b69-f392-4856-a643-b8c10712c656}","{fad764fb-9c50-4e63-8e80-a88c1d3f97a5}","{a8369ea2-9193-4193-9f7e-c128206ad869}","{01ec2c5a-f826-42ab-8328-a2ec2e6b9496}","{a2149239-f6dc-4d05-bb55-f7b5c4ba5826}","{fdb9a40b-898c-4115-bf5e-b6c12aca640a}","{b3c60abd-27f7-4c93-b248-6cfb58acb21b}","{d5c34e8e-8976-4543-a341-50e6d563cfd2}","{bb1b71a0-4b54-4365-b2c1-7c8e1af62fc0}","{7bec3f8e-2788-4516-b362-6fe14d834a29}","{9342cfef-4d0c-4f2e-b3e1-02273997b55a}","{1c1fa416-0412-47c7-9be6-cadf0ae7089e}","{f375ad6b-6e59-4b05-9f9c-865160239dea}","{025e8216-22a1-4718-80bc-c936832635eb}","{f3190228-e3c2-4589-aab5-8619d95106f5}","{317d7a2d-5a8e-4a58-b743-bfe5f311452e}","{7247e3ce-56e8-499d-87ec-b2ba0c6e3b9c}","{8c0a2a01-7976-4f8d-a5b4-fbafa8090a24}","{c705f95d-065b-4145-877a-909e82634c70}"]}, {76cfee22-ad58-4716-b7db-b4980d4aa647}, {76cfee22-ad58-4716-b7db-b4980d4aa647}
04-28 15:25:32.174 I/Gecko   (   81): 1398713132185	Marionette	INFO	sendToClient: {"from":"0","value":"app://homescreen.gaiamobile.org/index.html#rootMon%20Apr%2028%202014%2015:25:31%20GMT-0400%20(EDT)"}, {99337353-5288-4a00-9098-1a18ebf1516d}, {99337353-5288-4a00-9098-1a18ebf1516d}
04-28 15:25:32.174 I/Gecko   (   81): 1398713132191	Marionette	DEBUG	Got request: switchToFrame, data: {"to":"0","sessionId":"3-b2g","name":"switchToFrame","parameters":{"id":null,"focus":true}}, id: {0234a47c-f818-4141-b057-ee48bd4e2120}
04-28 15:25:32.204 I/Gecko   (   81): 1398713132215	Marionette	INFO	Switched to frame: {"frameValue":null}
04-28 15:25:32.304 I/Gecko   (   81): 1398713132317	Marionette	INFO	sendToClient: {"from":"0","ok":true}, {0234a47c-f818-4141-b057-ee48bd4e2120}, {0234a47c-f818-4141-b057-ee48bd4e2120}
04-28 15:25:32.314 I/Gecko   (   81): 1398713132323	Marionette	DEBUG	Got request: switchToFrame, data: {"to":"0","sessionId":"3-b2g","name":"switchToFrame","parameters":{"id":null,"focus":true}}, id: {0339d54e-e143-4b78-b789-dfd368e5d5ff}
04-28 15:25:32.314 I/Gecko   (   81): 1398713132325	Marionette	INFO	Switched to frame: {"frameValue":null}
04-28 15:25:32.414 I/Gecko   (   81): 1398713132428	Marionette	INFO	sendToClient: {"from":"0","ok":true}, {0339d54e-e143-4b78-b789-dfd368e5d5ff}, {0339d54e-e143-4b78-b789-dfd368e5d5ff}
04-28 15:25:32.424 I/Gecko   (   81): 1398713132435	Marionette	DEBUG	Got request: executeWithCallback, data: {"to":"0","sessionId":"3-b2g","name":"executeAsyncScript","parameters":{"specialPowers":false,"scriptTimeout":30000,"newSandbox":true,"args":[],"filename":"app_checker.py","script":"GaiaApps.launchWithManifestURL('https://marketplace.firefox.com/app/4bcda4fb-d624-4d97-8c10-02ea23fd9539/manifest.webapp')","line":106}}, id: {c49d2669-dc87-443c-b075-525897aa15a4}
04-28 15:25:32.544 I/Gecko:ProcessPriorityManager(   81): [Magic Stones, child-id=32, pid=1366] Changing priority from MASTER:CPU_NORMAL to FOREGROUND:CPU_NORMAL.
04-28 15:25:32.544 I/Gonk    (   81): Setting nice for pid 1366 to 1
04-28 15:25:32.544 I/Gonk    (   81): Changed nice for pid 1366 from 0 to 1.
04-28 15:25:32.544 I/Gecko:ProcessPriorityManager(   81): [Homescreen, child-id=2, pid=365] Changing priority from FOREGROUND:CPU_LOW to FOREGROUND:CPU_NORMAL.
04-28 15:25:32.544 I/Gonk    (   81): Setting nice for pid 365 to 1
04-28 15:25:32.544 I/Gonk    (   81): Changed nice for pid 365 from 18 to 1.
04-28 15:25:32.544 I/Gecko:ProcessPriorityManager(   81): KillBackgroundApps
04-28 15:25:32.544 I/Gecko:ProcessPriorityManager(   81): KillBackgroundApps
04-28 15:25:32.544 I/Gecko   (   81): [Parent 81] WARNING: waitpid failed pid:1366 errno:10: file /var/lib/jenkins/jobs/B2G.v1.3.0.Tarako/workspace/gecko/ipc/chromium/src/base/process_util_posix.cc, line 254
04-28 15:25:32.584 D/Sensors (   81): activate handle=0; drv=0
04-28 15:25:32.604 D/Sensors (   81): Lis3dhSensor: Control set 1
04-28 15:25:32.604 D/Sensors (   81): Lis3dhSensor: mEnabled = 1
04-28 15:25:32.994 I/InputReader(   81): Reconfiguring input devices.  changes=0x00000004
04-28 15:25:32.994 I/InputReader(   81): Device reconfigured: id=6, name='ms-msg21xx', size 320x480, orientation 1, mode 1, display id 0
04-28 15:25:32.994 E/GeckoConsole(   81): Content JS LOG at dummy file:746 in GaiaApps.launch: launching app with name 'Magic Stones'
04-28 15:25:33.044 E/[Gralloc-ERROR](   81): int gralloc_register_buffer(const gralloc_module_t*, const native_handle_t*):79 Unable to register handle 0x477340b0 coming from different process: 81
04-28 15:25:33.044 E/[Gralloc-ERROR](   81): int gralloc_register_buffer(const gralloc_module_t*, const native_handle_t*):79 Unable to register handle 0x47734240 coming from different process: 81
04-28 15:25:33.054 E/[Gralloc-ERROR](   81): int gralloc_unregister_buffer(const gralloc_module_t*, const native_handle_t*):274 Trying to unregister buffer 0x44f775b0 from process 81 that was not created in current process: 81
04-28 15:25:33.114 E/[Gralloc-ERROR](   81): int gralloc_register_buffer(const gralloc_module_t*, const native_handle_t*):79 Unable to register handle 0x47690830 coming from different process: 81
04-28 15:25:33.124 E/[Gralloc-ERROR](   81): int gralloc_register_buffer(const gralloc_module_t*, const native_handle_t*):79 Unable to register handle 0x47734ce0 coming from different process: 81
04-28 15:25:33.134 E/[Gralloc-ERROR](   81): int gralloc_unregister_buffer(const gralloc_module_t*, const native_handle_t*):274 Trying to unregister buffer 0x44f773d0 from process 81 that was not created in current process: 81
04-28 15:25:33.394 I/Gecko:ProcessPriorityManager(   81): [Homescreen, child-id=2, pid=365] Changing priority from FOREGROUND:CPU_NORMAL to BACKGROUND_HOMESCREEN:CPU_NORMAL.
04-28 15:25:33.394 I/Gonk    (   81): Setting nice for pid 365 to 18
04-28 15:25:33.394 I/Gonk    (   81): Changed nice for pid 365 from 1 to 18.
04-28 15:25:33.784 I/Gecko   ( 1366): ###################################### forms.js loaded
04-28 15:25:33.814 I/Gecko   ( 1366): ############################### browserElementPanning.js loaded
04-28 15:25:34.094 I/Gecko   ( 1366): ######################## BrowserElementChildPreload.js loaded
04-28 15:25:34.534 E/GeckoConsole( 1366): [JavaScript Warning: "Error in parsing value for 'margin'.  Declaration dropped." {file: "app://{27d3de79-d430-4e9d-ad3a-01f7056696d1}/index.html" line: 17 column: 9 source: "	margin: none;"}]
04-28 15:25:34.554 E/GeckoConsole( 1366): [JavaScript Warning: "Unknown property '-moz-border-radius'.  Declaration dropped." {file: "app://{27d3de79-d430-4e9d-ad3a-01f7056696d1}/index.html" line: 227 column: 19 source: "	-moz-border-radius: 40px;"}]
04-28 15:25:34.554 E/GeckoConsole( 1366): [JavaScript Warning: "Unknown property '-moz-box-shadow'.  Declaration dropped." {file: "app://{27d3de79-d430-4e9d-ad3a-01f7056696d1}/index.html" line: 231 column: 16 source: "	-moz-box-shadow: 3px 3px 10px 0 #000;"}]
04-28 15:25:34.554 E/GeckoConsole( 1366): [JavaScript Warning: "Unknown property '-moz-border-radius'.  Declaration dropped." {file: "app://{27d3de79-d430-4e9d-ad3a-01f7056696d1}/index.html" line: 251 column: 19 source: "	-moz-border-radius: 40px;"}]
04-28 15:25:34.554 E/GeckoConsole( 1366): [JavaScript Warning: "Unknown property '-moz-box-shadow'.  Declaration dropped." {file: "app://{27d3de79-d430-4e9d-ad3a-01f7056696d1}/index.html" line: 255 column: 16 source: "	-moz-box-shadow: 3px 3px 10px 0 #000;"}]
04-28 15:25:36.324 W/WifiHW  (   81): wifi_command: SIGNAL_POLL
04-28 15:25:37.194 E/GeckoConsole(   81): Content JS LOG at dummy file:738 in GaiaApps.launch/appOpen/<: app with origin 'app://{27d3de79-d430-4e9d-ad3a-01f7056696d1}' has launched
04-28 15:25:37.194 I/Gecko   (   81): 1398713137206	Marionette	INFO	sendToClient: {"from":"0","value":{"frame":{"ELEMENT":"{ec6406ee-4b8f-4d4e-88b5-18a519f6a4f1}"},"src":"app://{27d3de79-d430-4e9d-ad3a-01f7056696d1}/index.html","name":"Magic Stones","origin":"app://{27d3de79-d430-4e9d-ad3a-01f7056696d1}"}}, {c49d2669-dc87-443c-b075-525897aa15a4}, {c49d2669-dc87-443c-b075-525897aa15a4}
04-28 15:25:37.234 E/GeckoConsole( 1366): Content JS LOG at app://{27d3de79-d430-4e9d-ad3a-01f7056696d1}/index.html:439 in i: init
04-28 15:25:37.234 E/GeckoConsole( 1366): Content JS LOG at app://{27d3de79-d430-4e9d-ad3a-01f7056696d1}/index.html:1057 in aci: update image loading
04-28 15:25:37.334 E/[Gralloc-ERROR](   81): int gralloc_unregister_buffer(const gralloc_module_t*, const native_handle_t*):274 Trying to unregister buffer 0x47734ce0 from process 81 that was not created in current process: 81
04-28 15:25:37.334 E/[Gralloc-ERROR](   81): int gralloc_unregister_buffer(const gralloc_module_t*, const native_handle_t*):274 Trying to unregister buffer 0x47690830 from process 81 that was not created in current process: 81
04-28 15:25:37.334 I/Gecko   (   81): 1398713137350	Marionette	DEBUG	Got request: switchToFrame, data: {"to":"0","sessionId":"3-b2g","name":"switchToFrame","parameters":{"focus":true,"element":"{ec6406ee-4b8f-4d4e-88b5-18a519f6a4f1}"}}, id: {371eee83-3a5a-451c-9602-57dd8a883bfe}
04-28 15:25:37.354 I/Gecko   (   81): 1398713137371	Marionette	INFO	Switched to frame: {"frameValue":"{ec6406ee-4b8f-4d4e-88b5-18a519f6a4f1}"}
04-28 15:25:37.364 I/Gecko   (   81): 1398713137374	Marionette	INFO	trying remote frame 0
04-28 15:25:37.364 I/Gecko   (   81): 1398713137375	Marionette	INFO	trying remote frame 1
04-28 15:25:37.364 E/GeckoConsole( 1366): Content JS LOG at app://{27d3de79-d430-4e9d-ad3a-01f7056696d1}/index.html:1057 in aci: update image loading
04-28 15:25:37.374 I/Gecko   (   81): 1398713137384	Marionette	INFO	trying remote frame 2
04-28 15:25:37.374 I/Gecko   (   81): 1398713137385	Marionette	INFO	trying remote frame 3
04-28 15:25:37.374 I/Gecko   (   81): 1398713137386	Marionette	INFO	trying remote frame 4
04-28 15:25:37.374 I/Gecko   (   81): 1398713137387	Marionette	INFO	deleting frame
04-28 15:25:37.374 I/Gecko   (   81): 1398713137392	Marionette	INFO	frame-manager load script: [object ChromeMessageSender]
04-28 15:25:37.664 I/Gecko:ProcessPriorityManager(   81): [(Preallocated), child-id=33, pid=1399] Creating ParticularProcessPriorityManager.
04-28 15:25:37.664 I/Gecko:ProcessPriorityManager(   81): [(Preallocated), child-id=33, pid=1399] Done starting up.  mHoldsCPUWakeLock=0, mHoldsHighPriorityWakeLock=0
04-28 15:25:37.674 I/Gecko:ProcessPriorityManager(   81): [(Preallocated), child-id=33, pid=1399] Changing priority from UNKNOWN:CPU_NORMAL to MASTER:CPU_NORMAL.
04-28 15:25:37.674 I/Gonk    (   81): Setting nice for pid 1399 to 0
04-28 15:25:37.684 I/Gonk    (   81): Changed nice for pid 1399 from 0 to 0.
04-28 15:25:37.684 I/Gecko:ProcessPriorityManager(   81): [Homescreen, child-id=2, pid=365] Changing priority from BACKGROUND_HOMESCREEN:CPU_NORMAL to BACKGROUND_HOMESCREEN:CPU_LOW.
04-28 15:25:37.684 I/Gonk    (   81): Setting nice for pid 365 to 18
04-28 15:25:37.684 I/Gonk    (   81): Changed nice for pid 365 from 18 to 18.
04-28 15:25:37.684 I/Gecko:ProcessPriorityManager(   81): [Magic Stones, child-id=32, pid=1366] Changing priority from FOREGROUND:CPU_NORMAL to FOREGROUND:CPU_LOW.
04-28 15:25:37.684 I/Gonk    (   81): Setting nice for pid 1366 to 18
04-28 15:25:37.684 I/Gonk    (   81): Changed nice for pid 1366 from 1 to 18.
04-28 15:25:37.684 I/Gecko:ProcessPriorityManager(   81): KillBackgroundApps
04-28 15:25:38.904 I/Gecko   (   81): 1398713138915	Marionette	INFO	sendToClient: {"from":"0","ok":true}, {371eee83-3a5a-451c-9602-57dd8a883bfe}, {371eee83-3a5a-451c-9602-57dd8a883bfe}
04-28 15:25:38.924 I/Gecko   (   81): 1398713138936	Marionette	INFO	sendToClient: {"from":"0","value":"app://{27d3de79-d430-4e9d-ad3a-01f7056696d1}/index.html"}, {60562744-e865-48b9-a9fb-cb85e7e6a11f}, {60562744-e865-48b9-a9fb-cb85e7e6a11f}
04-28 15:25:38.934 I/Gecko   (   81): 1398713138943	Marionette	DEBUG	Got request: execute, data: {"to":"0","sessionId":"3-b2g","name":"executeScript","parameters":{"specialPowers":false,"scriptTimeout":null,"newSandbox":true,"args":[],"filename":"app_checker.py","script":"return window.document.readyState;","line":191}}, id: {2a0a7605-496e-4c61-9cca-2ca53959aff0}
04-28 15:25:38.974 I/Gecko   (   81): 1398713138991	Marionette	INFO	sendToClient: {"from":"0","value":"complete"}, {2a0a7605-496e-4c61-9cca-2ca53959aff0}, {2a0a7605-496e-4c61-9cca-2ca53959aff0}
04-28 15:25:38.984 I/Gecko   (   81): 1398713139000	Marionette	INFO	sendToClient: {"from":"0","value":"app://{27d3de79-d430-4e9d-ad3a-01f7056696d1}/index.html"}, {35bacb23-3c58-4dcd-a1db-20c110af1598}, {35bacb23-3c58-4dcd-a1db-20c110af1598}
04-28 15:25:39.014 I/Gecko   ( 1366): Attempting load of libEGL.so
04-28 15:25:39.064 D/libEGL  ( 1366): loaded /system/lib/egl/libEGL_mali.so
04-28 15:25:39.084 D/libEGL  ( 1366): loaded /system/lib/egl/libGLESv1_CM_mali.so
04-28 15:25:39.084 D/libEGL  ( 1366): loaded /system/lib/egl/libGLESv2_mali.so
04-28 15:25:39.134 I/Gecko   ( 1366): SharedSurface_Gralloc::Create -------
04-28 15:25:39.164 I/Gecko   ( 1366): SharedSurface_Gralloc::Create: success -- surface 0x43fe8780, GraphicBuffer 0x43bcf080.
04-28 15:25:39.834 I/Gecko   (   81): 1398713139851	Marionette	INFO	sendToClient: {"from":"0","value":"iVBORw0KGgoAAAANSUhEUgAAAeAAAAFACAYAAABkyK97AAAGNUlEQVR4nO3UsQ3AQBDDsNt/6WSLV2EaYK/Kd3cfAPBcHgAAi/IAAFiUBwDAojwAABblAQCwKA8AgEV5AAAsygMAYFEeAACL8gAAWJQHAMCiPAAAFuUBALAoDwCARXkAACzKAwBgUR4AAIvyAABYlAcAwKI8AAAW5QEAsCgPAIBFeQAALMoDAGBRHgAAi/IAAFiUBwDAojwAABblAQCwKA8AgEV5AAAsygMAYFEeAACL8gAAWJQHAMCiPAAAFuUBALAoDwCARXkAACzKAwBgUR4AAIvyAABYlAcAwKI8AAAW5QEAsCgPAIBFeQAALMoDAGBRHgAAi/IAAFiUBwDAojwAABblAQCwKA8AgEV5AAAsygMAYFEeAACL8gAAWJQHAMCiPAAAFuUBALAoDwCARXkAACzKAwBgUR4AAIvyAABYlAcAwKI8AAAW5QEAsCgPAIBFeQAALMoDAGBRHgAAi/IAAFiUBwDAojwAABblAQCwKA8AgEV5AAAsygMAYFEeAACL8gAAWJQHAMCiPAAAFuUBALAoDwCARXkAACzKAwBgUR4AAIvyAABYlAcAwKI8AAAW5QEAsCgPAIBFeQAALMoDAGBRHgAAi/IAAFiUBwDAojwAABblAQCwKA8AgEV5AAAsygMAYFEeAACL8gAAWJQHAMCiPAAAFuUBALAoDwCARXkAACzKAwBgUR4AAIvyAABYlAcAwKI8AAAW5QEAsCgPAIBFeQAALMoDAGBRHgAAi/IAAFiUBwDAojwAABblAQCwKA8AgEV5AAAsygMAYFEeAACL8gAAWJQHAMCiPAAAFuUBALAoDwCARXkAACzKAwBgUR4AAIvyAABYlAcAwKI8AAAW5QEAsCgPAIBFeQAALMoDAGBRHpAzM7Nm9f/H8oCcmZk1q/8/lg
04-28 15:25:40.134 I/Gecko   (   81): 1398713140146	Marionette	INFO	sendToClient: {"from":"0","ok":true}, {1b96ebb4-471d-423f-a5e1-a62288e10fff}, {1b96ebb4-471d-423f-a5e1-a62288e10fff}
04-28 15:25:40.144 I/Gecko   (   81): 1398713140157	Marionette	DEBUG	Got request: switchToFrame, data: {"to":"0","sessionId":"3-b2g","name":"switchToFrame","parameters":{"id":null,"focus":true}}, id: {cad32067-a3e1-40a3-8acd-f850cb0f4023}
04-28 15:25:40.164 I/Gecko   (   81): 1398713140180	Marionette	INFO	Switched to frame: {"frameValue":null}
04-28 15:25:40.284 I/Gecko   (   81): 1398713140297	Marionette	INFO	sendToClient: {"from":"0","ok":true}, {cad32067-a3e1-40a3-8acd-f850cb0f4023}, {cad32067-a3e1-40a3-8acd-f850cb0f4023}
04-28 15:25:40.294 I/Gecko   (   81): 1398713140305	Marionette	DEBUG	Got request: executeWithCallback, data: {"to":"0","sessionId":"3-b2g","name":"executeAsyncScript","parameters":{"specialPowers":false,"scriptTimeout":null,"newSandbox":true,"args":[],"filename":"gaia_test.py","script":"return GaiaApps.displayedApp();","line":66}}, id: {7b75716d-b461-47c5-98ea-b4f067c7d49b}
04-28 15:25:40.464 E/GeckoConsole(   81): Content JS LOG at dummy file:804 in GaiaApps.displayedApp: app with origin 'app://{27d3de79-d430-4e9d-ad3a-01f7056696d1}' is displayed
04-28 15:25:40.464 I/Gecko   (   81): 1398713140476	Marionette	INFO	sendToClient: {"from":"0","value":{"frame":{"ELEMENT":"{ec6406ee-4b8f-4d4e-88b5-18a519f6a4f1}"},"src":"app://{27d3de79-d430-4e9d-ad3a-01f7056696d1}/index.html","name":"Magic Stones","origin":"app://{27d3de79-d430-4e9d-ad3a-01f7056696d1}"}}, {7b75716d-b461-47c5-98ea-b4f067c7d49b}, {7b75716d-b461-47c5-98ea-b4f067c7d49b}
04-28 15:25:40.464 I/Gecko   (   81): 1398713140482	Marionette	DEBUG	Got request: switchToFrame, data: {"to":"0","sessionId":"3-b2g","name":"switchToFrame","parameters":{"id":null,"focus":true}}, id: {9933b0d1-5f97-4ea3-8d0f-68c26240888e}
04-28 15:25:40.474 I/Gecko   (   81): 1398713140485	Marionette	INFO	Switched to frame: {"frameValue":null}
04-28 15:25:40.574 I/Gecko   (   81): 1398713140591	Marionette	INFO	sendToClient: {"from":"0","ok":true}, {9933b0d1-5f97-4ea3-8d0f-68c26240888e}, {9933b0d1-5f97-4ea3-8d0f-68c26240888e}
04-28 15:25:40.614 I/Gecko   (   81): 1398713140625	Marionette	DEBUG	Got request: execute, data: {"to":"0","sessionId":"3-b2g","name":"executeScript","parameters":{"specialPowers":false,"scriptTimeout":null,"newSandbox":true,"args":[],"filename":"gaia_test.py","script":"window.wrappedJSObject.dispatchEvent(new Event('home'));","line":788}}, id: {d4bd9c31-5ada-4520-9cdf-33eeabae574f}
04-28 15:25:40.694 I/Gecko:ProcessPriorityManager(   81): [Homescreen, child-id=2, pid=365] Changing priority from BACKGROUND_HOMESCREEN:CPU_LOW to FOREGROUND:CPU_LOW.
04-28 15:25:40.694 I/Gonk    (   81): Setting nice for pid 365 to 18
04-28 15:25:40.694 I/Gonk    (   81): Changed nice for pid 365 from 18 to 18.
04-28 15:25:40.694 I/Gecko:ProcessPriorityManager(   81): KillBackgroundApps
04-28 15:25:40.714 D/Sensors (   81): activate handle=0; drv=0
04-28 15:25:40.714 D/Sensors (   81): Lis3dhSensor: Control set 0
04-28 15:25:40.714 D/Sensors (   81): Lis3dhSensor: mEnabled = 0
04-28 15:25:41.244 I/InputReader(   81): Reconfiguring input devices.  changes=0x00000004
04-28 15:25:41.244 I/InputReader(   81): Device reconfigured: id=6, name='ms-msg21xx', size 320x480, orientation 0, mode 1, display id 0
04-28 15:25:41.274 E/Profiler(   81): BPUnw: [1 total] thread_unregister_for_profiling(me=0xdd62b0)  (NOT REGISTERED) 
04-28 15:25:41.274 E/Profiler(   81): BPUnw: [1 total] thread_unregister_for_profiling(me=0xde3d48)  (NOT REGISTERED) 
04-28 15:25:41.314 E/[Gralloc-ERROR](   81): int gralloc_register_buffer(const gralloc_module_t*, const native_handle_t*):79 Unable to register handle 0x449f1880 coming from different process: 81
04-28 15:25:41.324 E/[Gralloc-ERROR](   81): int gralloc_register_buffer(const gralloc_module_t*, const native_handle_t*):79 Unable to register handle 0x449f1ec0 coming from different process: 81
04-28 15:25:41.394 I/Gecko   (   81): 1398713141407	Marionette	INFO	sendToClient: {"from":"0","value":null}, {d4bd9c31-5ada-4520-9cdf-33eeabae574f}, {d4bd9c31-5ada-4520-9cdf-33eeabae574f}
04-28 15:25:41.474 W/WifiHW  (   81): wifi_command: SIGNAL_POLL
04-28 15:25:41.474 E/[Gralloc-ERROR](   81): int gralloc_unregister_buffer(const gralloc_module_t*, const native_handle_t*):274 Trying to unregister buffer 0x477340b0 from process 81 that was not created in current process: 81
04-28 15:25:41.474 E/[Gralloc-ERROR](   81): int gralloc_unregister_buffer(const gralloc_module_t*, const native_handle_t*):274 Trying to unregister buffer 0x47734240 from process 81 that was not created in current process: 81
04-28 15:25:41.534 I/Gecko   (   81): 1398713141544	Marionette	DEBUG	Got request: switchToFrame, data: {"to":"0","sessionId":"3-b2g","name":"switchToFrame","parameters":{"id":null,"focus":true}}, id: {f61f6d0c-1278-4ab7-ac8a-853397e8b6f3}
04-28 15:25:41.534 I/Gecko   (   81): 1398713141546	Marionette	INFO	Switched to frame: {"frameValue":null}
04-28 15:25:41.654 I/Gecko   (   81): 1398713141664	Marionette	INFO	sendToClient: {"from":"0","ok":true}, {f61f6d0c-1278-4ab7-ac8a-853397e8b6f3}, {f61f6d0c-1278-4ab7-ac8a-853397e8b6f3}
04-28 15:25:41.654 I/Gecko   (   81): 1398713141672	Marionette	DEBUG	Got request: executeWithCallback, data: {"to":"0","sessionId":"3-b2g","name":"executeAsyncScript","parameters":{"specialPowers":false,"scriptTimeout":null,"newSandbox":true,"args":[],"filename":"gaia_test.py","script":"return GaiaApps.displayedApp();","line":66}}, id: {1791182c-a0ca-44b5-9d83-1fd58eeb2cd6}
04-28 15:25:41.764 I/Gecko   (   81): 1398713141776	Marionette	INFO	sendToClient: {"from":"0","value":{"frame":{"ELEMENT":"{b3b956d2-49ab-408c-9ff4-61f746edb2dc}"},"src":"app://homescreen.gaiamobile.org/index.html#rootMon%20Apr%2028%202014%2015:25:31%20GMT-0400%20(EDT)","name":"Homescreen","origin":"app://homescreen.gaiamobile.org"}}, {1791182c-a0ca-44b5-9d83-1fd58eeb2cd6}, {1791182c-a0ca-44b5-9d83-1fd58eeb2cd6}
04-28 15:25:41.764 E/GeckoConsole(   81): Content JS LOG at dummy file:804 in GaiaApps.displayedApp: app with origin 'app://homescreen.gaiamobile.org' is displayed
04-28 15:25:41.824 I/Gecko   (   81): 1398713141839	Marionette	DEBUG	Got request: switchToFrame, data: {"to":"0","sessionId":"3-b2g","name":"switchToFrame","parameters":{"id":null,"focus":true}}, id: {ee40cee7-3ab0-4b00-80ea-6369bb7865e7}
04-28 15:25:41.854 I/Gecko   (   81): 1398713141867	Marionette	INFO	Switched to frame: {"frameValue":null}
04-28 15:25:41.954 I/Gecko   (   81): 1398713141971	Marionette	INFO	sendToClient: {"from":"0","ok":true}, {ee40cee7-3ab0-4b00-80ea-6369bb7865e7}, {ee40cee7-3ab0-4b00-80ea-6369bb7865e7}
04-28 15:25:41.974 I/Gecko   (   81): 1398713141983	Marionette	DEBUG	Got request: switchToFrame, data: {"to":"0","sessionId":"3-b2g","name":"switchToFrame","parameters":{"id":null,"focus":true}}, id: {8724a7e8-dd22-4c6d-892d-3cdb471f9db9}
04-28 15:25:41.974 I/Gecko   (   81): 1398713141985	Marionette	INFO	Switched to frame: {"frameValue":null}
04-28 15:25:42.074 I/Gecko   (   81): 1398713142091	Marionette	INFO	sendToClient: {"from":"0","ok":true}, {8724a7e8-dd22-4c6d-892d-3cdb471f9db9}, {8724a7e8-dd22-4c6d-892d-3cdb471f9db9}
04-28 15:25:42.084 I/Gecko   (   81): 1398713142097	Marionette	DEBUG	Got request: executeWithCallback, data: {"to":"0","sessionId":"3-b2g","name":"executeAsyncScript","parameters":{"specialPowers":false,"scriptTimeout":null,"newSandbox":true,"args":[],"filename":"gaia_test.py","script":"return GaiaApps.displayedApp();","line":66}}, id: {8c26d546-b3e6-4b4f-8659-04d88445ffdc}
04-28 15:25:42.134 I/Gecko   (   81): 1398713142150	Marionette	INFO	sendToClient: {"from":"0","value":{"frame":{"ELEMENT":"{b3b956d2-49ab-408c-9ff4-61f746edb2dc}"},"src":"app://homescreen.gaiamobile.org/index.html#rootMon%20Apr%2028%202014%2015:25:31%20GMT-0400%20(EDT)","name":"Homescreen","origin":"app://homescreen.gaiamobile.org"}}, {8c26d546-b3e6-4b4f-8659-04d88445ffdc}, {8c26d546-b3e6-4b4f-8659-04d88445ffdc}
04-28 15:25:42.154 E/GeckoConsole(   81): Content JS LOG at dummy file:804 in GaiaApps.displayedApp: app with origin 'app://homescreen.gaiamobile.org' is displayed
04-28 15:25:42.164 I/Gecko   (   81): 1398713142180	Marionette	DEBUG	Got request: switchToFrame, data: {"to":"0","sessionId":"3-b2g","name":"switchToFrame","parameters":{"focus":true,"element":"{b3b956d2-49ab-408c-9ff4-61f746edb2dc}"}}, id: {13491b25-1c82-41b2-8046-564026f8b82c}
04-28 15:25:42.174 I/Gecko   (   81): 1398713142184	Marionette	INFO	Switched to frame: {"frameValue":"{b3b956d2-49ab-408c-9ff4-61f746edb2dc}"}
04-28 15:25:42.174 I/Gecko   (   81): 1398713142188	Marionette	INFO	trying remote frame 0
04-28 15:25:42.434 I/Gecko:ProcessPriorityManager(   81): Add ChildID(32) into LRU pool
04-28 15:25:42.444 I/Gecko:ProcessPriorityManager(   81): [Magic Stones, child-id=32, pid=1366] Changing priority from FOREGROUND:CPU_LOW to BACKGROUND:CPU_LOW.
04-28 15:25:42.444 I/Gonk    (   81): Setting nice for pid 1366 to 18
04-28 15:25:42.444 I/Gonk    (   81): Changed nice for pid 1366 from 18 to 18.
04-28 15:25:42.464 E/[Gralloc-ERROR](   81): int gralloc_register_buffer(const gralloc_module_t*, const native_handle_t*):79 Unable to register handle 0x4550bbf0 coming from different process: 81
04-28 15:25:42.474 E/[Gralloc-ERROR](   81): int gralloc_register_buffer(const gralloc_module_t*, const native_handle_t*):79 Unable to register handle 0x4552bc90 coming from different process: 81
04-28 15:25:42.604 E/GeckoConsole( 1366): Content JS LOG at app://{27d3de79-d430-4e9d-ad3a-01f7056696d1}/index.html:480 in mp: show screen l
04-28 15:25:42.744 E/[Gralloc-ERROR](   81): int gralloc_unregister_buffer(const gralloc_module_t*, const native_handle_t*):274 Trying to unregister buffer 0x4552bc90 from process 81 that was not created in current process: 81
04-28 15:25:42.744 E/[Gralloc-ERROR](   81): int gralloc_unregister_buffer(const gralloc_module_t*, const native_handle_t*):274 Trying to unregister buffer 0x4550bbf0 from process 81 that was not created in current process: 81
04-28 15:25:42.804 I/Gecko   (   81): 
04-28 15:25:42.804 I/Gecko   (   81): ###!!! [Parent][MessageChannel] Error: Channel error: cannot send/recv
04-28 15:25:42.804 I/Gecko   (   81): 
04-28 15:25:42.864 I/Gecko:ProcessPriorityManager(   81): Remove ChildID(32) from LRU pool
04-28 15:25:42.864 I/Gecko:ProcessPriorityManager(   81): [child-id=32, pid=-1] Destroying ParticularProcessPriorityManager.
04-28 15:25:42.894 I/Gecko   (   81): [Parent 81] WARNING: waitpid failed pid:1366 errno:10: file /var/lib/jenkins/jobs/B2G.v1.3.0.Tarako/workspace/gecko/ipc/chromium/src/base/process_util_posix.cc, line 254
04-28 15:25:43.314 I/Gecko   (   81): 1398713143331	Marionette	INFO	sendToClient: {"from":"0","ok":true}, {13491b25-1c82-41b2-8046-564026f8b82c}, {13491b25-1c82-41b2-8046-564026f8b82c}
04-28 15:25:43.424 I/Gecko   (   81): 1398713143435	Marionette	INFO	sendToClient: {"from":"0","value":"app://homescreen.gaiamobile.org/index.html#rootMon%20Apr%2028%202014%2015:25:31%20GMT-0400%20(EDT)"}, {5c849b59-1377-41e5-a478-3ae3bc5db153}, {5c849b59-1377-41e5-a478-3ae3bc5db153}
04-28 15:25:43.424 I/Gecko   (   81): 1398713143441	Marionette	DEBUG	Got request: switchToFrame, data: {"to":"0","sessionId":"3-b2g","name":"switchToFrame","parameters":{"id":null,"focus":true}}, id: {deb7f5c4-0bc7-4dc6-8201-dc74fc101a97}
04-28 15:25:43.444 I/Gecko   (   81): 1398713143453	Marionette	INFO	Switched to frame: {"frameValue":null}
04-28 15:25:43.544 I/Gecko   (   81): 1398713143556	Marionette	INFO	sendToClient: {"from":"0","ok":true}, {deb7f5c4-0bc7-4dc6-8201-dc74fc101a97}, {deb7f5c4-0bc7-4dc6-8201-dc74fc101a97}
04-28 15:25:43.554 I/Gecko   (   81): 1398713143573	Marionette	DEBUG	Got request: switchToFrame, data: {"to":"0","sessionId":"3-b2g","name":"switchToFrame","parameters":{"id":null,"focus":true}}, id: {6aace856-41f6-42ce-ac40-6bf9f578c4da}
04-28 15:25:43.564 I/Gecko   (   81): 1398713143576	Marionette	INFO	Switched to frame: {"frameValue":null}
04-28 15:25:43.664 I/Gecko   (   81): 1398713143678	Marionette	INFO	sendToClient: {"from":"0","ok":true}, {6aace856-41f6-42ce-ac40-6bf9f578c4da}, {6aace856-41f6-42ce-ac40-6bf9f578c4da}
04-28 15:25:43.674 I/Gecko   (   81): 1398713143685	Marionette	DEBUG	Got request: executeWithCallback, data: {"to":"0","sessionId":"3-b2g","name":"executeAsyncScript","parameters":{"specialPowers":false,"scriptTimeout":null,"newSandbox":true,"args":[],"filename":"gaia_test.py","script":"GaiaApps.killAll()","line":91}}, id: {c9d65f24-520d-4fd7-acaf-3e1f6e5917e4}
04-28 15:25:43.704 E/Profiler(   81): BPUnw: [1 total] thread_unregister_for_profiling(me=0xdd73f8)  (NOT REGISTERED) 
04-28 15:25:43.704 I/Gecko   (   81): 1398713143716	Marionette	INFO	sendToClient: {"from":"0","value":true}, {c9d65f24-520d-4fd7-acaf-3e1f6e5917e4}, {c9d65f24-520d-4fd7-acaf-3e1f6e5917e4}
04-28 15:25:43.714 I/Gecko   (   81): 1398713143724	Marionette	DEBUG	Got request: switchToFrame, data: {"to":"0","sessionId":"3-b2g","name":"switchToFrame","parameters":{"id":null,"focus":true}}, id: {dc1d198e-36d1-4342-9a9e-16394e457869}
04-28 15:25:43.714 I/Gecko   (   81): 1398713143725	Marionette	INFO	Switched to frame: {"frameValue":null}
04-28 15:25:43.814 I/Gecko   (   81): 1398713143829	Marionette	INFO	sendToClient: {"from":"0","ok":true}, {dc1d198e-36d1-4342-9a9e-16394e457869}, {dc1d198e-36d1-4342-9a9e-16394e457869}
04-28 15:25:43.824 I/Gecko   (   81): 1398713143837	Marionette	DEBUG	Got request: executeWithCallback, data: {"to":"0","sessionId":"3-b2g","name":"executeAsyncScript","parameters":{"specialPowers":false,"scriptTimeout":60000,"newSandbox":true,"args":[],"filename":"app_checker.py","script":"\n        GaiaApps.locateWithManifestURL('https://marketplace.firefox.com/app/4bcda4fb-d624-4d97-8c10-02ea23fd9539/manifest.webapp',\n                                       null,\n                                       function uninstall(app) {\n                                       navigator.mozApps.mgmt.uninstall(app);\n                                       marionetteScriptFinished(true);\n                                       });\n        ","line":129}}, id: {a5191524-bfbc-4e99-8a31-c9bcf0924891}
04-28 15:25:43.864 I/Gecko   (   81): -- webapps.js uninstall https://marketplace.firefox.com/app/4bcda4fb-d624-4d97-8c10-02ea23fd9539/manifest.webapp
04-28 15:25:44.044 I/Gecko   (   81): 1398713144062	Marionette	INFO	sendToClient: {"from":"0","value":true}, {a5191524-bfbc-4e99-8a31-c9bcf0924891}, {a5191524-bfbc-4e99-8a31-c9bcf0924891}
04-28 15:25:44.214 E/Profiler(   81): BPUnw: [1 total] thread_unregister_for_profiling(me=0xde9248)  (NOT REGISTERED)