--------- beginning of /dev/log/main
04-28 15:44:50.654 I/Gecko   (   81): 1398714290669	Marionette	DEBUG	Got request: switchToFrame, data: {"to":"0","sessionId":"3-b2g","name":"switchToFrame","parameters":{"id":null,"focus":true}}, id: {3a35a735-0847-4fff-982e-dd6db5f6d277}
04-28 15:44:50.664 I/Gecko   (   81): 1398714290675	Marionette	INFO	Switched to frame: {"frameValue":null}
04-28 15:44:50.764 I/Gecko   (   81): 1398714290778	Marionette	INFO	sendToClient: {"from":"0","ok":true}, {3a35a735-0847-4fff-982e-dd6db5f6d277}, {3a35a735-0847-4fff-982e-dd6db5f6d277}
04-28 15:44:50.774 I/Gecko   (   81): 1398714290785	Marionette	DEBUG	Got request: executeWithCallback, data: {"to":"0","sessionId":"3-b2g","name":"executeAsyncScript","parameters":{"specialPowers":false,"scriptTimeout":null,"newSandbox":true,"args":[],"filename":"gaia_test.py","script":"return GaiaApps.displayedApp();","line":66}}, id: {b46f9e2a-c510-48c6-8052-1f7bcad7f743}
04-28 15:44:50.834 I/Gecko   (   81): 1398714290850	Marionette	INFO	sendToClient: {"from":"0","value":{"frame":{"ELEMENT":"{7016fb08-4368-4d90-9497-d194de1818f3}"},"src":"app://homescreen.gaiamobile.org/index.html#rootMon%20Apr%2028%202014%2015:44:32%20GMT-0400%20(EDT)","name":"Homescreen","origin":"app://homescreen.gaiamobile.org"}}, {b46f9e2a-c510-48c6-8052-1f7bcad7f743}, {b46f9e2a-c510-48c6-8052-1f7bcad7f743}
04-28 15:44:50.864 E/GeckoConsole(   81): Content JS LOG at dummy file:804 in GaiaApps.displayedApp: app with origin 'app://homescreen.gaiamobile.org' is displayed
04-28 15:44:50.874 I/Gecko   (   81): 1398714290890	Marionette	DEBUG	Got request: switchToFrame, data: {"to":"0","sessionId":"3-b2g","name":"switchToFrame","parameters":{"focus":true,"element":"{7016fb08-4368-4d90-9497-d194de1818f3}"}}, id: {4facb5ef-742d-4182-988e-b5865304f44e}
04-28 15:44:50.884 I/Gecko   (   81): 1398714290896	Marionette	INFO	Switched to frame: {"frameValue":"{7016fb08-4368-4d90-9497-d194de1818f3}"}
04-28 15:44:50.884 I/Gecko   (   81): 1398714290898	Marionette	INFO	trying remote frame 0
04-28 15:44:50.884 I/Gecko   (   81): 1398714290899	Marionette	INFO	trying remote frame 1
04-28 15:44:50.884 I/Gecko   (   81): 1398714290900	Marionette	INFO	trying remote frame 2
04-28 15:44:50.884 I/Gecko   (   81): 1398714290901	Marionette	INFO	trying remote frame 3
04-28 15:44:50.884 I/Gecko   (   81): 1398714290902	Marionette	INFO	trying remote frame 4
04-28 15:44:50.884 I/Gecko   (   81): 1398714290902	Marionette	INFO	trying remote frame 5
04-28 15:44:50.884 I/Gecko   (   81): 1398714290903	Marionette	INFO	trying remote frame 6
04-28 15:44:50.894 I/Gecko   (   81): 1398714290904	Marionette	INFO	trying remote frame 7
04-28 15:44:50.894 I/Gecko   (   81): 1398714290905	Marionette	INFO	trying remote frame 8
04-28 15:44:50.894 I/Gecko   (   81): 1398714290905	Marionette	INFO	trying remote frame 9
04-28 15:44:50.894 I/Gecko   (   81): 1398714290906	Marionette	INFO	trying remote frame 10
04-28 15:44:50.894 I/Gecko   (   81): 1398714290907	Marionette	INFO	trying remote frame 11
04-28 15:44:50.894 I/Gecko   (   81): 1398714290907	Marionette	INFO	trying remote frame 12
04-28 15:44:50.894 I/Gecko   (   81): 1398714290908	Marionette	INFO	trying remote frame 13
04-28 15:44:50.894 I/Gecko   (   81): 1398714290909	Marionette	INFO	trying remote frame 14
04-28 15:44:51.234 E/[Gralloc-ERROR](   81): int gralloc_register_buffer(const gralloc_module_t*, const native_handle_t*):79 Unable to register handle 0x455ef470 coming from different process: 81
04-28 15:44:51.264 E/[Gralloc-ERROR](   81): int gralloc_register_buffer(const gralloc_module_t*, const native_handle_t*):79 Unable to register handle 0x455ef650 coming from different process: 81
04-28 15:44:51.324 E/[Gralloc-ERROR](   81): int gralloc_register_buffer(const gralloc_module_t*, const native_handle_t*):79 Unable to register handle 0x455ef8d0 coming from different process: 81
04-28 15:44:51.324 E/[Gralloc-ERROR](   81): int gralloc_register_buffer(const gralloc_module_t*, const native_handle_t*):79 Unable to register handle 0x455efa10 coming from different process: 81
04-28 15:44:51.404 W/WifiHW  (   81): wifi_command: SIGNAL_POLL
04-28 15:44:51.494 E/[Gralloc-ERROR](   81): int gralloc_unregister_buffer(const gralloc_module_t*, const native_handle_t*):274 Trying to unregister buffer 0x455ef650 from process 81 that was not created in current process: 81
04-28 15:44:51.494 E/[Gralloc-ERROR](   81): int gralloc_unregister_buffer(const gralloc_module_t*, const native_handle_t*):274 Trying to unregister buffer 0x455ef470 from process 81 that was not created in current process: 81
04-28 15:44:51.494 E/[Gralloc-ERROR](   81): int gralloc_unregister_buffer(const gralloc_module_t*, const native_handle_t*):274 Trying to unregister buffer 0x455efa10 from process 81 that was not created in current process: 81
04-28 15:44:51.494 E/[Gralloc-ERROR](   81): int gralloc_unregister_buffer(const gralloc_module_t*, const native_handle_t*):274 Trying to unregister buffer 0x455ef8d0 from process 81 that was not created in current process: 81
04-28 15:44:51.594 E/GeckoConsole( 3025): Content JS WARN at app://homescreen.gaiamobile.org/gaia_build_defer_index.js:181 in isHiddenApp: Unexpected role when checking hidden app: undefined
04-28 15:44:51.964 I/Gecko   (   81): 1398714291976	Marionette	INFO	sendToClient: {"from":"0","ok":true}, {4facb5ef-742d-4182-988e-b5865304f44e}, {4facb5ef-742d-4182-988e-b5865304f44e}
04-28 15:44:53.384 I/Gecko   (   81): 1398714293403	Marionette	INFO	sendToClient: {"from":"0","value":["{bbd011d4-4a23-47b1-9fdd-38dd1c25f41c}","{21ebed94-6275-4377-b795-f410f2c6dbbd}","{25cb9612-7027-4307-a8b2-54432a8d6147}","{d24933cf-d21a-4008-8b8d-74e209552d10}","{8ba36417-be4d-45e2-bcd2-50bd518f992d}","{4362283f-df22-4328-a3f4-5760238e9747}","{bb1fdf61-ccc3-4c13-a86a-da1ca716f385}","{6935f5db-0b31-4d28-b7c9-d744a8612066}","{d6ec00d2-cf14-4114-9d37-c013b9f64a38}","{b150ecb3-03a5-48e0-84ff-6d903bec7c01}","{8cabdbb9-f690-456d-9cab-428fd20df856}","{f3799495-392a-4e8f-8793-645b074def29}","{f4165442-03a6-4da9-9885-65dce9840af2}","{2a5c1edb-d8c8-432c-9b31-b2b67f878634}","{65877fd0-c500-4590-aff6-4bd9ee9f6e4c}","{37b0f64c-f03d-402d-90a0-9f732e38dca2}","{2d3462cb-1e08-453c-877e-10a00a027865}","{d9e9e695-b287-4fb2-9f72-7e9e5f4ba894}","{841ec784-78cc-4a32-8d3e-9300ab934408}","{1a4f59d0-2653-453e-9357-870bf36019d8}","{b417dc6c-7b08-414e-8f58-d66cb200394d}"]}, {167c130a-d07b-438e-8c32-defd0b089fb9}, {167c130a-d07b-438e-8c32-defd0b089fb9}
04-28 15:44:53.914 I/Gecko   (   81): 1398714293925	Marionette	INFO	sendToClient: {"from":"0","value":["{bbd011d4-4a23-47b1-9fdd-38dd1c25f41c}","{21ebed94-6275-4377-b795-f410f2c6dbbd}","{25cb9612-7027-4307-a8b2-54432a8d6147}","{d24933cf-d21a-4008-8b8d-74e209552d10}","{8ba36417-be4d-45e2-bcd2-50bd518f992d}","{4362283f-df22-4328-a3f4-5760238e9747}","{bb1fdf61-ccc3-4c13-a86a-da1ca716f385}","{6935f5db-0b31-4d28-b7c9-d744a8612066}","{d6ec00d2-cf14-4114-9d37-c013b9f64a38}","{b150ecb3-03a5-48e0-84ff-6d903bec7c01}","{8cabdbb9-f690-456d-9cab-428fd20df856}","{f3799495-392a-4e8f-8793-645b074def29}","{f4165442-03a6-4da9-9885-65dce9840af2}","{2a5c1edb-d8c8-432c-9b31-b2b67f878634}","{65877fd0-c500-4590-aff6-4bd9ee9f6e4c}","{37b0f64c-f03d-402d-90a0-9f732e38dca2}","{2d3462cb-1e08-453c-877e-10a00a027865}","{d9e9e695-b287-4fb2-9f72-7e9e5f4ba894}","{841ec784-78cc-4a32-8d3e-9300ab934408}","{1a4f59d0-2653-453e-9357-870bf36019d8}","{b417dc6c-7b08-414e-8f58-d66cb200394d}"]}, {d22515ae-7216-4bb2-9d72-7007edbdc438}, {d22515ae-7216-4bb2-9d72-7007edbdc438}
04-28 15:44:54.254 I/Gecko   (   81): 1398714294271	Marionette	INFO	sendToClient: {"from":"0","value":"<div><img src=\"blob:186a24b3-cf38-4aa0-b031-0352d6b07342\" style=\"visibility: visible;\" role=\"presentation\" height=\"64\" width=\"64\"><span class=\"labelWrapper\"><span>Social</span></span></div><span data-is-icon=\"true\" class=\"options\"></span>"}, {43d2a09d-3570-4a88-97a2-3b4d84cd0f9b}, {43d2a09d-3570-4a88-97a2-3b4d84cd0f9b}
04-28 15:44:54.274 I/Gecko   (   81): 1398714294284	Marionette	INFO	sendToClient: {"from":"0","value":"<div><img src=\"blob:5a584c5f-054f-45fb-a095-a2fdf070589e\" style=\"visibility: visible;\" role=\"presentation\" height=\"64\" width=\"64\"><span class=\"labelWrapper\"><span>Games</span></span></div><span data-is-icon=\"true\" class=\"options\"></span>"}, {f6e30591-9580-465c-a2e7-fd5fc77a9c6d}, {f6e30591-9580-465c-a2e7-fd5fc77a9c6d}
04-28 15:44:54.304 I/Gecko   (   81): 1398714294314	Marionette	INFO	sendToClient: {"from":"0","value":"<div><img src=\"blob:cb575374-c51a-4c8c-98ed-15f0c54aabc5\" style=\"visibility: visible;\" role=\"presentation\" height=\"64\" width=\"64\"><span class=\"labelWrapper\"><span>Music</span></span></div><span data-is-icon=\"true\" class=\"options\"></span>"}, {ef60db70-640d-496c-9aed-0e66a48de32d}, {ef60db70-640d-496c-9aed-0e66a48de32d}
04-28 15:44:54.354 I/Gecko   (   81): 1398714294368	Marionette	INFO	sendToClient: {"from":"0","value":"<div><img src=\"blob:cfa43e55-1a80-49ec-84f0-51661f33b419\" style=\"visibility: visible;\" role=\"presentation\" height=\"64\" width=\"64\"><span class=\"labelWrapper\"><span>Showbiz</span></span></div><span data-is-icon=\"true\" class=\"options\"></span>"}, {29694154-bd27-4bd7-98e1-4794c4407509}, {29694154-bd27-4bd7-98e1-4794c4407509}
04-28 15:44:54.654 I/Gecko   (   81): 1398714294665	Marionette	INFO	sendToClient: {"from":"0","value":"<div><img src=\"blob:f66f5da4-664b-4680-8565-cb0aec80445d\" style=\"visibility: visible;\" role=\"presentation\" height=\"64\" width=\"64\"><span class=\"labelWrapper\"><span>CutTheRope</span></span></div><span data-is-icon=\"true\" class=\"options\"></span>"}, {af4e3a3f-0fb3-49d6-92d4-e6497f554ef6}, {af4e3a3f-0fb3-49d6-92d4-e6497f554ef6}
04-28 15:44:54.674 E/Profiler( 3094): BEGIN mozilla_sampler_init
04-28 15:44:54.684 E/Profiler( 3094): BPUnw: [1 total] thread_register_for_profiling(me=0x400ef488, stacktop=0xbe91e9d7)
04-28 15:44:54.684 E/Profiler( 3094): SPS:
04-28 15:44:54.684 E/Profiler( 3094): SPS: Unwind mode       = pseudo
04-28 15:44:54.684 E/Profiler( 3094): SPS: Sampling interval = 0 ms (zero means "platform default")
04-28 15:44:54.684 E/Profiler( 3094): SPS: Entry store size  = 0 (zero means "platform default")
04-28 15:44:54.684 E/Profiler( 3094): SPS: UnwindStackScan   = 0 (max dubious frames per unwind).
04-28 15:44:54.684 E/Profiler( 3094): SPS: Use env var MOZ_PROFILER_MODE=help for further information.
04-28 15:44:54.684 E/Profiler( 3094): SPS:
04-28 15:44:54.684 E/Profiler( 3094): Registering start signal
04-28 15:44:54.684 I/Gecko   (   81): 1398714294703	Marionette	INFO	sendToClient: {"from":"0","value":"<div><img src=\"blob:a5de1ca4-3de7-4ec1-9984-6ddc66812d42\" style=\"visibility: visible;\" role=\"presentation\" height=\"64\" width=\"64\"><span class=\"labelWrapper\"><span>Zombie Pop</span></span></div><span data-is-icon=\"true\" class=\"options\"></span>"}, {50144edc-b282-4795-98f3-633fe46890ff}, {50144edc-b282-4795-98f3-633fe46890ff}
04-28 15:44:54.714 I/Gecko   (   81): 1398714294728	Marionette	INFO	sendToClient: {"from":"0","value":"<div><img src=\"blob:accddc44-4ee8-40d4-b8e5-c4d98af64819\" style=\"visibility: visible;\" role=\"presentation\" height=\"64\" width=\"64\"><span class=\"labelWrapper\"><span>Camera</span></span></div><span data-is-icon=\"true\" class=\"options\"></span>"}, {35ef1f12-80b8-4407-888b-9873aa07bec1}, {35ef1f12-80b8-4407-888b-9873aa07bec1}
04-28 15:44:54.734 I/Gecko   (   81): 1398714294747	Marionette	INFO	sendToClient: {"from":"0","value":"<div><img src=\"blob:ec82212a-ea62-43ba-892d-4ab30193adfd\" style=\"visibility: visible;\" role=\"presentation\" height=\"64\" width=\"64\"><span class=\"labelWrapper\"><span>Gallery</span></span></div><span data-is-icon=\"true\" class=\"options\"></span>"}, {5e32ffe6-510a-4b62-95a5-d5d9a62ca29d}, {5e32ffe6-510a-4b62-95a5-d5d9a62ca29d}
04-28 15:44:54.774 I/Gecko   (   81): 1398714294788	Marionette	INFO	sendToClient: {"from":"0","value":"<div><img src=\"blob:d7b8b919-f4a4-4c19-8830-ba6a9c179186\" style=\"visibility: visible;\" role=\"presentation\" height=\"64\" width=\"64\"><span class=\"labelWrapper\"><span>FM Radio</span></span></div><span data-is-icon=\"true\" class=\"options\"></span>"}, {a869a005-463c-42a8-81e2-233c597b4a94}, {a869a005-463c-42a8-81e2-233c597b4a94}
04-28 15:44:54.794 I/Gecko   (   81): 1398714294807	Marionette	INFO	sendToClient: {"from":"0","value":"<div><img src=\"blob:72daf2df-752b-4bd0-9051-f2caf2b81eab\" style=\"visibility: visible;\" role=\"presentation\" height=\"64\" width=\"64\"><span class=\"labelWrapper\"><span>Settings</span></span></div><span data-is-icon=\"true\" class=\"options\"></span>"}, {9cf02810-d5f0-40e6-ad3e-8048fa986cc3}, {9cf02810-d5f0-40e6-ad3e-8048fa986cc3}
04-28 15:44:54.804 I/Gecko   (   81): 1398714294818	Marionette	INFO	sendToClient: {"from":"0","value":"<div><img src=\"blob:15cab3a0-e311-4227-9a1d-e015ea1763a8\" style=\"visibility: visible;\" role=\"presentation\" height=\"64\" width=\"64\"><span class=\"labelWrapper\"><span>Marketplace</span></span></div>"}, {7ab35dae-0d4c-4b36-82df-09cb5ee3f312}, {7ab35dae-0d4c-4b36-82df-09cb5ee3f312}
04-28 15:44:54.824 I/Gecko   (   81): 1398714294840	Marionette	INFO	sendToClient: {"from":"0","value":"<div><img src=\"blob:102b727c-fe4a-4941-89c7-84b65cf7ad9c\" style=\"visibility: visible;\" role=\"presentation\" height=\"64\" width=\"64\"><span class=\"labelWrapper\"><span>Calendar</span></span></div><span data-is-icon=\"true\" class=\"options\"></span>"}, {167cd2e0-0240-4212-be99-adcda16027d3}, {167cd2e0-0240-4212-be99-adcda16027d3}
04-28 15:44:54.844 I/Gecko   (   81): 1398714294855	Marionette	INFO	sendToClient: {"from":"0","value":"<div><img src=\"blob:5e19b34a-7cc8-4474-9a18-1167521f2f2e\" style=\"visibility: visible;\" role=\"presentation\" height=\"64\" width=\"64\"><span class=\"labelWrapper\"><span>Clock</span></span></div><span data-is-icon=\"true\" class=\"options\"></span>"}, {16aea9d1-7c32-48d1-8620-234018f559ef}, {16aea9d1-7c32-48d1-8620-234018f559ef}
04-28 15:44:54.864 I/Gecko   (   81): 1398714294874	Marionette	INFO	sendToClient: {"from":"0","value":"<div><img src=\"blob:d8608e9b-4c33-45dc-a1eb-b674d9890e7b\" style=\"visibility: visible;\" role=\"presentation\" height=\"64\" width=\"64\"><span class=\"labelWrapper\"><span>Usage</span></span></div><span data-is-icon=\"true\" class=\"options\"></span>"}, {4f80fa48-436d-4f4a-8853-7172f035d40d}, {4f80fa48-436d-4f4a-8853-7172f035d40d}
04-28 15:44:54.884 I/Gecko   (   81): 1398714294901	Marionette	INFO	sendToClient: {"from":"0","value":"<div><img src=\"blob:20b114d3-47da-46ae-9230-70d67bfacd45\" style=\"visibility: visible;\" role=\"presentation\" height=\"64\" width=\"64\"><span class=\"labelWrapper\"><span>E-Mail</span></span></div><span data-is-icon=\"true\" class=\"options\"></span>"}, {2847aac5-7921-4717-9f1a-4660f7ccfe54}, {2847aac5-7921-4717-9f1a-4660f7ccfe54}
04-28 15:44:54.894 I/Gecko   (   81): 1398714294911	Marionette	INFO	sendToClient: {"from":"0","value":"<div><img src=\"blob:caa9d601-9cf7-4d40-85aa-cc79db98b741\" style=\"visibility: visible;\" role=\"presentation\" height=\"64\" width=\"64\"><span class=\"labelWrapper\"><span>Music</span></span></div><span data-is-icon=\"true\" class=\"options\"></span>"}, {8dc93273-4d3c-4c39-b2cf-10306f1ad8ed}, {8dc93273-4d3c-4c39-b2cf-10306f1ad8ed}
04-28 15:44:54.914 I/Gecko   (   81): 1398714294927	Marionette	INFO	sendToClient: {"from":"0","value":"<div><img src=\"blob:49440bb9-2186-4851-b92a-b69a7cf7ccf4\" style=\"visibility: visible;\" role=\"presentation\" height=\"64\" width=\"64\"><span class=\"labelWrapper\"><span>Video</span></span></div><span data-is-icon=\"true\" class=\"options\"></span>"}, {d373f8aa-6e22-4fc8-a484-86995218a82c}, {d373f8aa-6e22-4fc8-a484-86995218a82c}
04-28 15:44:54.924 I/Gecko   (   81): 1398714294938	Marionette	INFO	sendToClient: {"from":"0","value":"<div><img src=\"blob:67c32203-9c18-424e-8c0c-213e84617c29\" style=\"visibility: visible;\" role=\"presentation\" height=\"64\" width=\"64\"><span class=\"labelWrapper\"><span>Phone</span></span></div><span data-is-icon=\"true\" class=\"options\"></span>"}, {7ca63221-3324-4d9a-9e1d-4b5f608fc557}, {7ca63221-3324-4d9a-9e1d-4b5f608fc557}
04-28 15:44:54.954 I/Gecko   (   81): 1398714294969	Marionette	INFO	sendToClient: {"from":"0","value":"<div><img src=\"blob:70e07ddc-5d84-4045-a2e7-e39b0f7474e6\" style=\"visibility: visible;\" role=\"presentation\" height=\"64\" width=\"64\"><span class=\"labelWrapper\"><span>Messages</span></span></div><span data-is-icon=\"true\" class=\"options\"></span>"}, {441399b2-7766-4f43-bb23-f52deefc85c7}, {441399b2-7766-4f43-bb23-f52deefc85c7}
04-28 15:44:54.964 I/Gecko   (   81): 1398714294979	Marionette	INFO	sendToClient: {"from":"0","value":"<div><img src=\"blob:ff6c4e79-24fc-461f-92b5-e2721918d255\" style=\"visibility: visible;\" role=\"presentation\" height=\"64\" width=\"64\"><span class=\"labelWrapper\"><span>Contacts</span></span></div><span data-is-icon=\"true\" class=\"options\"></span>"}, {4f68edac-aa87-4317-a72c-edbea60e8127}, {4f68edac-aa87-4317-a72c-edbea60e8127}
04-28 15:44:54.984 I/Gecko   (   81): 1398714295003	Marionette	INFO	sendToClient: {"from":"0","value":"<div><img src=\"blob:3e1b7f39-89e1-4ce5-b594-88cd9c124919\" style=\"visibility: visible;\" role=\"presentation\" height=\"64\" width=\"64\"><span class=\"labelWrapper\"><span>Browser</span></span></div><span data-is-icon=\"true\" class=\"options\"></span>"}, {57f53e05-23d1-4f3f-834c-0cd6abafe4f6}, {57f53e05-23d1-4f3f-834c-0cd6abafe4f6}
04-28 15:44:55.104 E/GeckoConsole( 3094): Could not read chrome manifest 'file:///system/b2g/chrome.manifest'.
04-28 15:44:56.424 W/WifiHW  (   81): wifi_command: SIGNAL_POLL
04-28 15:44:57.474 I/Gecko   (   81): 1398714297490	Marionette	INFO	sendToClient: {"from":"0","value":["{bbd011d4-4a23-47b1-9fdd-38dd1c25f41c}","{21ebed94-6275-4377-b795-f410f2c6dbbd}","{25cb9612-7027-4307-a8b2-54432a8d6147}","{d24933cf-d21a-4008-8b8d-74e209552d10}","{8ba36417-be4d-45e2-bcd2-50bd518f992d}","{4362283f-df22-4328-a3f4-5760238e9747}","{bb1fdf61-ccc3-4c13-a86a-da1ca716f385}","{6935f5db-0b31-4d28-b7c9-d744a8612066}","{d6ec00d2-cf14-4114-9d37-c013b9f64a38}","{b150ecb3-03a5-48e0-84ff-6d903bec7c01}","{8cabdbb9-f690-456d-9cab-428fd20df856}","{f3799495-392a-4e8f-8793-645b074def29}","{f4165442-03a6-4da9-9885-65dce9840af2}","{2a5c1edb-d8c8-432c-9b31-b2b67f878634}","{65877fd0-c500-4590-aff6-4bd9ee9f6e4c}","{37b0f64c-f03d-402d-90a0-9f732e38dca2}","{2d3462cb-1e08-453c-877e-10a00a027865}","{d9e9e695-b287-4fb2-9f72-7e9e5f4ba894}","{841ec784-78cc-4a32-8d3e-9300ab934408}","{1a4f59d0-2653-453e-9357-870bf36019d8}","{b417dc6c-7b08-414e-8f58-d66cb200394d}"]}, {b19ea8e4-68d3-4a8a-b81f-1ac612fb8e3f}, {b19ea8e4-68d3-4a8a-b81f-1ac612fb8e3f}
04-28 15:44:57.674 I/Gecko   (   81): 1398714297683	Marionette	INFO	sendToClient: {"from":"0","value":"<div><img src=\"blob:186a24b3-cf38-4aa0-b031-0352d6b07342\" style=\"visibility: visible;\" role=\"presentation\" height=\"64\" width=\"64\"><span class=\"labelWrapper\"><span>Social</span></span></div><span data-is-icon=\"true\" class=\"options\"></span>"}, {a92b9172-8af4-4c32-b611-f6d71df20732}, {a92b9172-8af4-4c32-b611-f6d71df20732}
04-28 15:44:57.814 I/Gecko   (   81): 1398714297825	Marionette	INFO	sendToClient: {"from":"0","value":"<div><img src=\"blob:5a584c5f-054f-45fb-a095-a2fdf070589e\" style=\"visibility: visible;\" role=\"presentation\" height=\"64\" width=\"64\"><span class=\"labelWrapper\"><span>Games</span></span></div><span data-is-icon=\"true\" class=\"options\"></span>"}, {6e964167-8a3c-41b5-a43a-860cf24b587c}, {6e964167-8a3c-41b5-a43a-860cf24b587c}
04-28 15:44:57.904 I/Gecko   (   81): 1398714297921	Marionette	INFO	sendToClient: {"from":"0","value":"<div><img src=\"blob:cb575374-c51a-4c8c-98ed-15f0c54aabc5\" style=\"visibility: visible;\" role=\"presentation\" height=\"64\" width=\"64\"><span class=\"labelWrapper\"><span>Music</span></span></div><span data-is-icon=\"true\" class=\"options\"></span>"}, {4d37680a-4b4e-45db-948f-90edbd1a3302}, {4d37680a-4b4e-45db-948f-90edbd1a3302}
04-28 15:44:57.934 I/Gecko   (   81): 1398714297948	Marionette	INFO	sendToClient: {"from":"0","value":"<div><img src=\"blob:cfa43e55-1a80-49ec-84f0-51661f33b419\" style=\"visibility: visible;\" role=\"presentation\" height=\"64\" width=\"64\"><span class=\"labelWrapper\"><span>Showbiz</span></span></div><span data-is-icon=\"true\" class=\"options\"></span>"}, {d20264e7-4716-493f-af28-4ac833c65720}, {d20264e7-4716-493f-af28-4ac833c65720}
04-28 15:44:57.944 I/Gecko   (   81): 1398714297958	Marionette	INFO	sendToClient: {"from":"0","value":"<div><img src=\"blob:f66f5da4-664b-4680-8565-cb0aec80445d\" style=\"visibility: visible;\" role=\"presentation\" height=\"64\" width=\"64\"><span class=\"labelWrapper\"><span>CutTheRope</span></span></div><span data-is-icon=\"true\" class=\"options\"></span>"}, {cfcce1b2-100e-4514-8b76-aeb6591ddfff}, {cfcce1b2-100e-4514-8b76-aeb6591ddfff}
04-28 15:44:58.014 I/Gecko   (   81): 1398714298028	Marionette	INFO	sendToClient: {"from":"0","value":"<div><img src=\"blob:a5de1ca4-3de7-4ec1-9984-6ddc66812d42\" style=\"visibility: visible;\" role=\"presentation\" height=\"64\" width=\"64\"><span class=\"labelWrapper\"><span>Zombie Pop</span></span></div><span data-is-icon=\"true\" class=\"options\"></span>"}, {1b747ef1-ff57-4358-ab64-1371f475f932}, {1b747ef1-ff57-4358-ab64-1371f475f932}
04-28 15:44:58.024 I/Gecko   (   81): 1398714298041	Marionette	INFO	sendToClient: {"from":"0","value":"<div><img src=\"blob:accddc44-4ee8-40d4-b8e5-c4d98af64819\" style=\"visibility: visible;\" role=\"presentation\" height=\"64\" width=\"64\"><span class=\"labelWrapper\"><span>Camera</span></span></div><span data-is-icon=\"true\" class=\"options\"></span>"}, {9e8269aa-d4f4-45b2-9e79-72939a11ef99}, {9e8269aa-d4f4-45b2-9e79-72939a11ef99}
04-28 15:44:58.054 I/Gecko   (   81): 1398714298072	Marionette	INFO	sendToClient: {"from":"0","value":"<div><img src=\"blob:ec82212a-ea62-43ba-892d-4ab30193adfd\" style=\"visibility: visible;\" role=\"presentation\" height=\"64\" width=\"64\"><span class=\"labelWrapper\"><span>Gallery</span></span></div><span data-is-icon=\"true\" class=\"options\"></span>"}, {a14687b3-6278-466b-a1ce-9c1f07db15f4}, {a14687b3-6278-466b-a1ce-9c1f07db15f4}
04-28 15:44:58.084 I/Gecko   (   81): 1398714298097	Marionette	INFO	sendToClient: {"from":"0","value":"<div><img src=\"blob:d7b8b919-f4a4-4c19-8830-ba6a9c179186\" style=\"visibility: visible;\" role=\"presentation\" height=\"64\" width=\"64\"><span class=\"labelWrapper\"><span>FM Radio</span></span></div><span data-is-icon=\"true\" class=\"options\"></span>"}, {2b250030-8feb-4c0e-8788-310e85a90abf}, {2b250030-8feb-4c0e-8788-310e85a90abf}
04-28 15:44:58.094 I/Gecko   (   81): 1398714298109	Marionette	INFO	sendToClient: {"from":"0","value":"<div><img src=\"blob:72daf2df-752b-4bd0-9051-f2caf2b81eab\" style=\"visibility: visible;\" role=\"presentation\" height=\"64\" width=\"64\"><span class=\"labelWrapper\"><span>Settings</span></span></div><span data-is-icon=\"true\" class=\"options\"></span>"}, {933874ea-aa8d-4bf1-a542-85b7cd95d2ab}, {933874ea-aa8d-4bf1-a542-85b7cd95d2ab}
04-28 15:44:58.154 I/Gecko   (   81): 1398714298168	Marionette	INFO	sendToClient: {"from":"0","value":"<div><img src=\"blob:15cab3a0-e311-4227-9a1d-e015ea1763a8\" style=\"visibility: visible;\" role=\"presentation\" height=\"64\" width=\"64\"><span class=\"labelWrapper\"><span>Marketplace</span></span></div>"}, {2c0ccfa2-8d10-4d2a-a178-20b17bf5cef2}, {2c0ccfa2-8d10-4d2a-a178-20b17bf5cef2}
04-28 15:44:58.164 I/Gecko   (   81): 1398714298181	Marionette	INFO	sendToClient: {"from":"0","value":"<div><img src=\"blob:102b727c-fe4a-4941-89c7-84b65cf7ad9c\" style=\"visibility: visible;\" role=\"presentation\" height=\"64\" width=\"64\"><span class=\"labelWrapper\"><span>Calendar</span></span></div><span data-is-icon=\"true\" class=\"options\"></span>"}, {64d2feb7-d97e-4378-aae6-df87b11ee490}, {64d2feb7-d97e-4378-aae6-df87b11ee490}
04-28 15:44:58.184 I/Gecko   (   81): 1398714298197	Marionette	INFO	sendToClient: {"from":"0","value":"<div><img src=\"blob:5e19b34a-7cc8-4474-9a18-1167521f2f2e\" style=\"visibility: visible;\" role=\"presentation\" height=\"64\" width=\"64\"><span class=\"labelWrapper\"><span>Clock</span></span></div><span data-is-icon=\"true\" class=\"options\"></span>"}, {9a6cc26e-c49a-4417-80a5-12a78c5e14cc}, {9a6cc26e-c49a-4417-80a5-12a78c5e14cc}
04-28 15:44:58.194 I/Gecko   (   81): 1398714298207	Marionette	INFO	sendToClient: {"from":"0","value":"<div><img src=\"blob:d8608e9b-4c33-45dc-a1eb-b674d9890e7b\" style=\"visibility: visible;\" role=\"presentation\" height=\"64\" width=\"64\"><span class=\"labelWrapper\"><span>Usage</span></span></div><span data-is-icon=\"true\" class=\"options\"></span>"}, {227e950b-4fce-4f51-9a24-19882e051a85}, {227e950b-4fce-4f51-9a24-19882e051a85}
04-28 15:44:58.214 I/Gecko   (   81): 1398714298227	Marionette	INFO	sendToClient: {"from":"0","value":"<div><img src=\"blob:20b114d3-47da-46ae-9230-70d67bfacd45\" style=\"visibility: visible;\" role=\"presentation\" height=\"64\" width=\"64\"><span class=\"labelWrapper\"><span>E-Mail</span></span></div><span data-is-icon=\"true\" class=\"options\"></span>"}, {9bf13b5f-c77b-4aa8-83c2-8e4eab5d9935}, {9bf13b5f-c77b-4aa8-83c2-8e4eab5d9935}
04-28 15:44:58.234 I/Gecko   (   81): 1398714298251	Marionette	INFO	sendToClient: {"from":"0","value":"<div><img src=\"blob:caa9d601-9cf7-4d40-85aa-cc79db98b741\" style=\"visibility: visible;\" role=\"presentation\" height=\"64\" width=\"64\"><span class=\"labelWrapper\"><span>Music</span></span></div><span data-is-icon=\"true\" class=\"options\"></span>"}, {84c37466-06c6-4594-9450-2bbbc9ebe29c}, {84c37466-06c6-4594-9450-2bbbc9ebe29c}
04-28 15:44:58.354 I/Gecko   (   81): 1398714298369	Marionette	INFO	sendToClient: {"from":"0","value":"<div><img src=\"blob:49440bb9-2186-4851-b92a-b69a7cf7ccf4\" style=\"visibility: visible;\" role=\"presentation\" height=\"64\" width=\"64\"><span class=\"labelWrapper\"><span>Video</span></span></div><span data-is-icon=\"true\" class=\"options\"></span>"}, {8074eea1-02eb-4047-b06e-3a876cb4d6c4}, {8074eea1-02eb-4047-b06e-3a876cb4d6c4}
04-28 15:44:58.364 I/Gecko   (   81): 1398714298381	Marionette	INFO	sendToClient: {"from":"0","value":"<div><img src=\"blob:67c32203-9c18-424e-8c0c-213e84617c29\" style=\"visibility: visible;\" role=\"presentation\" height=\"64\" width=\"64\"><span class=\"labelWrapper\"><span>Phone</span></span></div><span data-is-icon=\"true\" class=\"options\"></span>"}, {7ba896fb-8392-4df9-b4fa-6d94b7c53737}, {7ba896fb-8392-4df9-b4fa-6d94b7c53737}
04-28 15:44:58.384 I/Gecko   (   81): 1398714298398	Marionette	INFO	sendToClient: {"from":"0","value":"<div><img src=\"blob:70e07ddc-5d84-4045-a2e7-e39b0f7474e6\" style=\"visibility: visible;\" role=\"presentation\" height=\"64\" width=\"64\"><span class=\"labelWrapper\"><span>Messages</span></span></div><span data-is-icon=\"true\" class=\"options\"></span>"}, {ad77071b-ca11-46df-a48d-448294c8e410}, {ad77071b-ca11-46df-a48d-448294c8e410}
04-28 15:44:58.394 I/Gecko   (   81): 1398714298408	Marionette	INFO	sendToClient: {"from":"0","value":"<div><img src=\"blob:ff6c4e79-24fc-461f-92b5-e2721918d255\" style=\"visibility: visible;\" role=\"presentation\" height=\"64\" width=\"64\"><span class=\"labelWrapper\"><span>Contacts</span></span></div><span data-is-icon=\"true\" class=\"options\"></span>"}, {7a3ff62b-e094-403f-99ae-65189d253e74}, {7a3ff62b-e094-403f-99ae-65189d253e74}
04-28 15:44:58.434 I/Gecko   (   81): 1398714298445	Marionette	INFO	sendToClient: {"from":"0","value":"<div><img src=\"blob:3e1b7f39-89e1-4ce5-b594-88cd9c124919\" style=\"visibility: visible;\" role=\"presentation\" height=\"64\" width=\"64\"><span class=\"labelWrapper\"><span>Browser</span></span></div><span data-is-icon=\"true\" class=\"options\"></span>"}, {17f5baf6-e39a-4fd7-b918-b6e75fdf2b6e}, {17f5baf6-e39a-4fd7-b918-b6e75fdf2b6e}
04-28 15:44:59.214 I/Gecko   ( 3094): ###################################### forms.js loaded
04-28 15:44:59.234 I/Gecko   ( 3094): ############################### browserElementPanning.js loaded
04-28 15:44:59.274 I/Gecko   ( 3094): ######################## BrowserElementChildPreload.js loaded
04-28 15:45:00.004 I/Gecko   ( 3094): ###################################### forms.js loaded
04-28 15:45:00.034 I/Gecko   ( 3094): ############################### browserElementPanning.js loaded
04-28 15:45:00.084 I/Gecko   ( 3094): ######################## BrowserElementChildPreload.js loaded
04-28 15:45:00.124 I/GeckoDump(   81): XXX FIXME : Got a mozContentEvent: undefined
04-28 15:45:00.724 I/Gecko   (   81): 1398714300734	Marionette	INFO	sendToClient: {"from":"0","value":["{bbd011d4-4a23-47b1-9fdd-38dd1c25f41c}","{21ebed94-6275-4377-b795-f410f2c6dbbd}","{25cb9612-7027-4307-a8b2-54432a8d6147}","{d24933cf-d21a-4008-8b8d-74e209552d10}","{8ba36417-be4d-45e2-bcd2-50bd518f992d}","{4362283f-df22-4328-a3f4-5760238e9747}","{bb1fdf61-ccc3-4c13-a86a-da1ca716f385}","{6935f5db-0b31-4d28-b7c9-d744a8612066}","{d6ec00d2-cf14-4114-9d37-c013b9f64a38}","{b150ecb3-03a5-48e0-84ff-6d903bec7c01}","{8cabdbb9-f690-456d-9cab-428fd20df856}","{f3799495-392a-4e8f-8793-645b074def29}","{f4165442-03a6-4da9-9885-65dce9840af2}","{2a5c1edb-d8c8-432c-9b31-b2b67f878634}","{65877fd0-c500-4590-aff6-4bd9ee9f6e4c}","{37b0f64c-f03d-402d-90a0-9f732e38dca2}","{2d3462cb-1e08-453c-877e-10a00a027865}","{d9e9e695-b287-4fb2-9f72-7e9e5f4ba894}","{841ec784-78cc-4a32-8d3e-9300ab934408}","{1a4f59d0-2653-453e-9357-870bf36019d8}","{b417dc6c-7b08-414e-8f58-d66cb200394d}"]}, {e2d9103e-1e97-4a20-9fd0-8703b85a7b1c}, {e2d9103e-1e97-4a20-9fd0-8703b85a7b1c}
04-28 15:45:00.874 I/Gecko   (   81): 1398714300884	Marionette	INFO	sendToClient: {"from":"0","value":"<div><img src=\"blob:186a24b3-cf38-4aa0-b031-0352d6b07342\" style=\"visibility: visible;\" role=\"presentation\" height=\"64\" width=\"64\"><span class=\"labelWrapper\"><span>Social</span></span></div><span data-is-icon=\"true\" class=\"options\"></span>"}, {4794e898-f1df-4042-a566-d426dfd3a79f}, {4794e898-f1df-4042-a566-d426dfd3a79f}
04-28 15:45:00.884 I/Gecko   (   81): 1398714300901	Marionette	INFO	sendToClient: {"from":"0","value":"<div><img src=\"blob:5a584c5f-054f-45fb-a095-a2fdf070589e\" style=\"visibility: visible;\" role=\"presentation\" height=\"64\" width=\"64\"><span class=\"labelWrapper\"><span>Games</span></span></div><span data-is-icon=\"true\" class=\"options\"></span>"}, {8feae59e-87c8-42f1-84d2-d7111fa871ee}, {8feae59e-87c8-42f1-84d2-d7111fa871ee}
04-28 15:45:00.904 I/Gecko   (   81): 1398714300913	Marionette	INFO	sendToClient: {"from":"0","value":"<div><img src=\"blob:cb575374-c51a-4c8c-98ed-15f0c54aabc5\" style=\"visibility: visible;\" role=\"presentation\" height=\"64\" width=\"64\"><span class=\"labelWrapper\"><span>Music</span></span></div><span data-is-icon=\"true\" class=\"options\"></span>"}, {9c012fe8-648d-48ce-9128-cc499165fe6a}, {9c012fe8-648d-48ce-9128-cc499165fe6a}
04-28 15:45:00.924 I/Gecko   (   81): 1398714300940	Marionette	INFO	sendToClient: {"from":"0","value":"<div><img src=\"blob:cfa43e55-1a80-49ec-84f0-51661f33b419\" style=\"visibility: visible;\" role=\"presentation\" height=\"64\" width=\"64\"><span class=\"labelWrapper\"><span>Showbiz</span></span></div><span data-is-icon=\"true\" class=\"options\"></span>"}, {e5d078ea-5658-4e34-b8f4-34aae83e45a4}, {e5d078ea-5658-4e34-b8f4-34aae83e45a4}
04-28 15:45:00.974 I/Gecko   (   81): 1398714300984	Marionette	INFO	sendToClient: {"from":"0","value":"<div><img src=\"blob:f66f5da4-664b-4680-8565-cb0aec80445d\" style=\"visibility: visible;\" role=\"presentation\" height=\"64\" width=\"64\"><span class=\"labelWrapper\"><span>CutTheRope</span></span></div><span data-is-icon=\"true\" class=\"options\"></span>"}, {8fc4fb3e-f744-4ebc-9345-58c2e326efd3}, {8fc4fb3e-f744-4ebc-9345-58c2e326efd3}
04-28 15:45:00.984 I/Gecko   (   81): 1398714300995	Marionette	INFO	sendToClient: {"from":"0","value":"<div><img src=\"blob:a5de1ca4-3de7-4ec1-9984-6ddc66812d42\" style=\"visibility: visible;\" role=\"presentation\" height=\"64\" width=\"64\"><span class=\"labelWrapper\"><span>Zombie Pop</span></span></div><span data-is-icon=\"true\" class=\"options\"></span>"}, {9c6a1b35-dd6a-41ad-8ce9-31868f5463e8}, {9c6a1b35-dd6a-41ad-8ce9-31868f5463e8}
04-28 15:45:01.004 I/Gecko   (   81): 1398714301020	Marionette	INFO	sendToClient: {"from":"0","value":"<div><img src=\"blob:accddc44-4ee8-40d4-b8e5-c4d98af64819\" style=\"visibility: visible;\" role=\"presentation\" height=\"64\" width=\"64\"><span class=\"labelWrapper\"><span>Camera</span></span></div><span data-is-icon=\"true\" class=\"options\"></span>"}, {4e61e4c7-17bf-49d2-ba34-46bf8112820a}, {4e61e4c7-17bf-49d2-ba34-46bf8112820a}
04-28 15:45:01.014 I/Gecko   (   81): 1398714301033	Marionette	INFO	sendToClient: {"from":"0","value":"<div><img src=\"blob:ec82212a-ea62-43ba-892d-4ab30193adfd\" style=\"visibility: visible;\" role=\"presentation\" height=\"64\" width=\"64\"><span class=\"labelWrapper\"><span>Gallery</span></span></div><span data-is-icon=\"true\" class=\"options\"></span>"}, {387cbf45-df0d-4274-935e-9b0a1f9502ff}, {387cbf45-df0d-4274-935e-9b0a1f9502ff}
04-28 15:45:01.034 I/Gecko   (   81): 1398714301044	Marionette	INFO	sendToClient: {"from":"0","value":"<div><img src=\"blob:d7b8b919-f4a4-4c19-8830-ba6a9c179186\" style=\"visibility: visible;\" role=\"presentation\" height=\"64\" width=\"64\"><span class=\"labelWrapper\"><span>FM Radio</span></span></div><span data-is-icon=\"true\" class=\"options\"></span>"}, {99a927cf-1451-4c89-826b-2aab9daea855}, {99a927cf-1451-4c89-826b-2aab9daea855}
04-28 15:45:01.044 I/Gecko   (   81): 1398714301055	Marionette	INFO	sendToClient: {"from":"0","value":"<div><img src=\"blob:72daf2df-752b-4bd0-9051-f2caf2b81eab\" style=\"visibility: visible;\" role=\"presentation\" height=\"64\" width=\"64\"><span class=\"labelWrapper\"><span>Settings</span></span></div><span data-is-icon=\"true\" class=\"options\"></span>"}, {c240d79d-1a7d-4187-979c-7e097f10fbec}, {c240d79d-1a7d-4187-979c-7e097f10fbec}
04-28 15:45:01.054 I/Gecko   (   81): 1398714301066	Marionette	INFO	sendToClient: {"from":"0","value":"<div><img src=\"blob:15cab3a0-e311-4227-9a1d-e015ea1763a8\" style=\"visibility: visible;\" role=\"presentation\" height=\"64\" width=\"64\"><span class=\"labelWrapper\"><span>Marketplace</span></span></div>"}, {bf4edac0-93f7-4bae-a1e4-cf3efc4c28dd}, {bf4edac0-93f7-4bae-a1e4-cf3efc4c28dd}
04-28 15:45:01.074 I/Gecko   (   81): 1398714301088	Marionette	INFO	sendToClient: {"from":"0","value":"<div><img src=\"blob:102b727c-fe4a-4941-89c7-84b65cf7ad9c\" style=\"visibility: visible;\" role=\"presentation\" height=\"64\" width=\"64\"><span class=\"labelWrapper\"><span>Calendar</span></span></div><span data-is-icon=\"true\" class=\"options\"></span>"}, {c4bccad7-71f9-47fe-9eeb-2a03eb6765f0}, {c4bccad7-71f9-47fe-9eeb-2a03eb6765f0}
04-28 15:45:01.084 I/Gecko   (   81): 1398714301100	Marionette	INFO	sendToClient: {"from":"0","value":"<div><img src=\"blob:5e19b34a-7cc8-4474-9a18-1167521f2f2e\" style=\"visibility: visible;\" role=\"presentation\" height=\"64\" width=\"64\"><span class=\"labelWrapper\"><span>Clock</span></span></div><span data-is-icon=\"true\" class=\"options\"></span>"}, {12159369-267f-4133-b1b6-05cc0222ff35}, {12159369-267f-4133-b1b6-05cc0222ff35}
04-28 15:45:01.094 I/Gecko   (   81): 1398714301111	Marionette	INFO	sendToClient: {"from":"0","value":"<div><img src=\"blob:d8608e9b-4c33-45dc-a1eb-b674d9890e7b\" style=\"visibility: visible;\" role=\"presentation\" height=\"64\" width=\"64\"><span class=\"labelWrapper\"><span>Usage</span></span></div><span data-is-icon=\"true\" class=\"options\"></span>"}, {4027baba-e842-4c75-9d46-893d6b805480}, {4027baba-e842-4c75-9d46-893d6b805480}
04-28 15:45:01.104 I/Gecko   (   81): 1398714301123	Marionette	INFO	sendToClient: {"from":"0","value":"<div><img src=\"blob:20b114d3-47da-46ae-9230-70d67bfacd45\" style=\"visibility: visible;\" role=\"presentation\" height=\"64\" width=\"64\"><span class=\"labelWrapper\"><span>E-Mail</span></span></div><span data-is-icon=\"true\" class=\"options\"></span>"}, {695df8ff-6298-45cc-a8dc-3225d1aab18e}, {695df8ff-6298-45cc-a8dc-3225d1aab18e}
04-28 15:45:01.124 I/Gecko   (   81): 1398714301133	Marionette	INFO	sendToClient: {"from":"0","value":"<div><img src=\"blob:caa9d601-9cf7-4d40-85aa-cc79db98b741\" style=\"visibility: visible;\" role=\"presentation\" height=\"64\" width=\"64\"><span class=\"labelWrapper\"><span>Music</span></span></div><span data-is-icon=\"true\" class=\"options\"></span>"}, {7e1edbcc-b328-490d-b4ea-d23ba16ef41f}, {7e1edbcc-b328-490d-b4ea-d23ba16ef41f}
04-28 15:45:01.134 I/Gecko   (   81): 1398714301150	Marionette	INFO	sendToClient: {"from":"0","value":"<div><img src=\"blob:49440bb9-2186-4851-b92a-b69a7cf7ccf4\" style=\"visibility: visible;\" role=\"presentation\" height=\"64\" width=\"64\"><span class=\"labelWrapper\"><span>Video</span></span></div><span data-is-icon=\"true\" class=\"options\"></span>"}, {12953851-a072-4360-99ff-5b9a1a8eb142}, {12953851-a072-4360-99ff-5b9a1a8eb142}
04-28 15:45:01.154 I/Gecko   (   81): 1398714301167	Marionette	INFO	sendToClient: {"from":"0","value":"<div><img src=\"blob:67c32203-9c18-424e-8c0c-213e84617c29\" style=\"visibility: visible;\" role=\"presentation\" height=\"64\" width=\"64\"><span class=\"labelWrapper\"><span>Phone</span></span></div><span data-is-icon=\"true\" class=\"options\"></span>"}, {4728d299-60a9-4ba8-8f2e-27aa5c72975d}, {4728d299-60a9-4ba8-8f2e-27aa5c72975d}
04-28 15:45:01.164 I/Gecko   (   81): 1398714301182	Marionette	INFO	sendToClient: {"from":"0","value":"<div><img src=\"blob:70e07ddc-5d84-4045-a2e7-e39b0f7474e6\" style=\"visibility: visible;\" role=\"presentation\" height=\"64\" width=\"64\"><span class=\"labelWrapper\"><span>Messages</span></span></div><span data-is-icon=\"true\" class=\"options\"></span>"}, {61004c2a-0018-45e7-8c98-f56e0fd864e6}, {61004c2a-0018-45e7-8c98-f56e0fd864e6}
04-28 15:45:01.184 I/Gecko   (   81): 1398714301193	Marionette	INFO	sendToClient: {"from":"0","value":"<div><img src=\"blob:ff6c4e79-24fc-461f-92b5-e2721918d255\" style=\"visibility: visible;\" role=\"presentation\" height=\"64\" width=\"64\"><span class=\"labelWrapper\"><span>Contacts</span></span></div><span data-is-icon=\"true\" class=\"options\"></span>"}, {ac0be753-6bca-4a5a-b704-31e4aba0f61f}, {ac0be753-6bca-4a5a-b704-31e4aba0f61f}
04-28 15:45:01.194 I/Gecko   (   81): 1398714301205	Marionette	INFO	sendToClient: {"from":"0","value":"<div><img src=\"blob:3e1b7f39-89e1-4ce5-b594-88cd9c124919\" style=\"visibility: visible;\" role=\"presentation\" height=\"64\" width=\"64\"><span class=\"labelWrapper\"><span>Browser</span></span></div><span data-is-icon=\"true\" class=\"options\"></span>"}, {40fed1f1-9b6e-483d-a2e5-8176517b2b90}, {40fed1f1-9b6e-483d-a2e5-8176517b2b90}
04-28 15:45:01.204 I/Gecko   (   81): 1398714301215	Marionette	INFO	sendToClient: {"from":"0","value":"app://homescreen.gaiamobile.org/index.html#rootMon%20Apr%2028%202014%2015:44:32%20GMT-0400%20(EDT)"}, {6dfed484-7bc2-4cde-ab8f-07f7a13824a1}, {6dfed484-7bc2-4cde-ab8f-07f7a13824a1}
04-28 15:45:01.204 I/Gecko   (   81): 1398714301222	Marionette	DEBUG	Got request: switchToFrame, data: {"to":"0","sessionId":"3-b2g","name":"switchToFrame","parameters":{"id":null,"focus":true}}, id: {f5eebbfd-0dd9-43aa-a0fe-62ce421b0f97}
04-28 15:45:01.214 I/Gecko   (   81): 1398714301232	Marionette	INFO	Switched to frame: {"frameValue":null}
04-28 15:45:01.324 I/Gecko   (   81): 1398714301337	Marionette	INFO	sendToClient: {"from":"0","ok":true}, {f5eebbfd-0dd9-43aa-a0fe-62ce421b0f97}, {f5eebbfd-0dd9-43aa-a0fe-62ce421b0f97}
04-28 15:45:01.324 I/Gecko   (   81): 1398714301343	Marionette	DEBUG	Got request: switchToFrame, data: {"to":"0","sessionId":"3-b2g","name":"switchToFrame","parameters":{"id":null,"focus":true}}, id: {ba883b7f-bf30-4446-9ef6-5afaa3da4682}
04-28 15:45:01.334 I/Gecko   (   81): 1398714301345	Marionette	INFO	Switched to frame: {"frameValue":null}
04-28 15:45:01.434 W/WifiHW  (   81): wifi_command: SIGNAL_POLL
04-28 15:45:01.444 I/Gecko   (   81): 1398714301454	Marionette	INFO	sendToClient: {"from":"0","ok":true}, {ba883b7f-bf30-4446-9ef6-5afaa3da4682}, {ba883b7f-bf30-4446-9ef6-5afaa3da4682}
04-28 15:45:01.454 I/Gecko   (   81): 1398714301464	Marionette	DEBUG	Got request: executeWithCallback, data: {"to":"0","sessionId":"3-b2g","name":"executeAsyncScript","parameters":{"specialPowers":false,"scriptTimeout":30000,"newSandbox":true,"args":[],"filename":"app_checker.py","script":"GaiaApps.launchWithManifestURL('http://zombiepop.justplaymobile.com/zombiepop.webapp')","line":106}}, id: {d4740026-b83d-4387-874d-db335c795f04}
04-28 15:45:01.644 I/Gecko:ProcessPriorityManager(   81): [Zombie Pop, child-id=95, pid=3067] Changing priority from MASTER:CPU_NORMAL to FOREGROUND:CPU_NORMAL.
04-28 15:45:01.644 I/Gonk    (   81): Setting nice for pid 3067 to 1
04-28 15:45:01.644 I/Gonk    (   81): Changed nice for pid 3067 from 0 to 1.
04-28 15:45:01.644 I/Gecko:ProcessPriorityManager(   81): [Homescreen, child-id=94, pid=3025] Changing priority from FOREGROUND:CPU_LOW to FOREGROUND:CPU_NORMAL.
04-28 15:45:01.654 I/Gonk    (   81): Setting nice for pid 3025 to 1
04-28 15:45:01.654 I/Gonk    (   81): Changed nice for pid 3025 from 18 to 1.
04-28 15:45:01.654 I/Gecko:ProcessPriorityManager(   81): KillBackgroundApps
04-28 15:45:01.654 I/Gecko:ProcessPriorityManager(   81): [Browser, child-id=96, pid=3094] Changing priority from FOREGROUND:CPU_LOW to FOREGROUND:CPU_NORMAL.
04-28 15:45:01.654 I/Gonk    (   81): Setting nice for pid 3094 to 1
04-28 15:45:01.654 I/Gonk    (   81): Changed nice for pid 3094 from 18 to 1.
04-28 15:45:01.654 I/Gecko:ProcessPriorityManager(   81): KillBackgroundApps
04-28 15:45:01.654 I/Gecko:ProcessPriorityManager(   81): KillBackgroundApps
04-28 15:45:01.654 I/Gecko   (   81): [Parent 81] WARNING: waitpid failed pid:3067 errno:10: file /var/lib/jenkins/jobs/B2G.v1.3.0.Tarako/workspace/gecko/ipc/chromium/src/base/process_util_posix.cc, line 254
04-28 15:45:01.714 D/Sensors (   81): activate handle=0; drv=0
04-28 15:45:01.754 D/Sensors (   81): Lis3dhSensor: Control set 1
04-28 15:45:01.754 D/Sensors (   81): Lis3dhSensor: mEnabled = 1
04-28 15:45:02.314 I/InputReader(   81): Reconfiguring input devices.  changes=0x00000004
04-28 15:45:02.314 I/InputReader(   81): Device reconfigured: id=6, name='ms-msg21xx', size 320x480, orientation 1, mode 1, display id 0
04-28 15:45:02.324 E/GeckoConsole(   81): Content JS LOG at dummy file:746 in GaiaApps.launch: launching app with name 'Zombie Pop'
04-28 15:45:02.424 E/[Gralloc-ERROR](   81): int gralloc_register_buffer(const gralloc_module_t*, const native_handle_t*):79 Unable to register handle 0x44f641f0 coming from different process: 81
04-28 15:45:02.464 E/[Gralloc-ERROR](   81): int gralloc_register_buffer(const gralloc_module_t*, const native_handle_t*):79 Unable to register handle 0x44fcf510 coming from different process: 81
04-28 15:45:02.714 E/[Gralloc-ERROR](   81): int gralloc_unregister_buffer(const gralloc_module_t*, const native_handle_t*):274 Trying to unregister buffer 0x449f1ec0 from process 81 that was not created in current process: 81
04-28 15:45:02.714 E/[Gralloc-ERROR](   81): int gralloc_unregister_buffer(const gralloc_module_t*, const native_handle_t*):274 Trying to unregister buffer 0x449f1880 from process 81 that was not created in current process: 81
04-28 15:45:02.844 I/Gecko:ProcessPriorityManager(   81): [Homescreen, child-id=94, pid=3025] Changing priority from FOREGROUND:CPU_NORMAL to BACKGROUND_HOMESCREEN:CPU_NORMAL.
04-28 15:45:02.854 I/Gonk    (   81): Setting nice for pid 3025 to 18
04-28 15:45:02.854 I/Gonk    (   81): Changed nice for pid 3025 from 1 to 18.
04-28 15:45:03.984 I/Gecko   ( 3067): ###################################### forms.js loaded
04-28 15:45:04.074 I/Gecko   ( 3067): ############################### browserElementPanning.js loaded
04-28 15:45:04.254 E/GeckoConsole( 3094): [JavaScript Error: "uncaught exception: target window is same as present window -- not allowed"]
04-28 15:45:04.734 E/Profiler(   81): BPUnw: [1 total] thread_unregister_for_profiling(me=0xde7170)  (NOT REGISTERED) 
04-28 15:45:04.814 I/Gecko   ( 3067): ######################## BrowserElementChildPreload.js loaded
04-28 15:45:04.994 I/GeckoDump(   81): XXX FIXME : Got a mozContentEvent: undefined
04-28 15:45:06.024 I/Gecko:ProcessPriorityManager(   81): [Browser, child-id=96, pid=3094] Scheduling reset timer to fire in 1000ms.
04-28 15:45:06.074 I/Gecko:ProcessPriorityManager(   81): [Browser, child-id=96, pid=3094] ScheduleResetPriority bailing; the timer is already running.
04-28 15:45:06.104 I/Gecko:ProcessPriorityManager(   81): [child-id=96, pid=-1] Destroying ParticularProcessPriorityManager.
04-28 15:45:06.204 E/GeckoConsole(   81): Content JS LOG at https://marketplace.cdn.mozilla.net/media/fireplace/js/include.js?b=1398192110201:5 in s/<: [mkt] Reloading chrome
04-28 15:45:06.244 I/Gecko:ProcessPriorityManager(   81): [(Preallocated), child-id=97, pid=3125] Creating ParticularProcessPriorityManager.
04-28 15:45:06.244 I/Gecko:ProcessPriorityManager(   81): [(Preallocated), child-id=97, pid=3125] Done starting up.  mHoldsCPUWakeLock=0, mHoldsHighPriorityWakeLock=0
04-28 15:45:06.244 I/Gecko:ProcessPriorityManager(   81): [(Preallocated), child-id=97, pid=3125] Changing priority from UNKNOWN:CPU_NORMAL to MASTER:CPU_NORMAL.
04-28 15:45:06.244 I/Gonk    (   81): Setting nice for pid 3125 to 0
04-28 15:45:06.244 I/Gonk    (   81): Changed nice for pid 3125 from 0 to 0.
04-28 15:45:06.244 I/Gecko:ProcessPriorityManager(   81): [Homescreen, child-id=94, pid=3025] Changing priority from BACKGROUND_HOMESCREEN:CPU_NORMAL to BACKGROUND_HOMESCREEN:CPU_LOW.
04-28 15:45:06.244 I/Gonk    (   81): Setting nice for pid 3025 to 18
04-28 15:45:06.244 I/Gonk    (   81): Changed nice for pid 3025 from 18 to 18.
04-28 15:45:06.244 I/Gecko:ProcessPriorityManager(   81): [Zombie Pop, child-id=95, pid=3067] Changing priority from FOREGROUND:CPU_NORMAL to FOREGROUND:CPU_LOW.
04-28 15:45:06.244 I/Gonk    (   81): Setting nice for pid 3067 to 18
04-28 15:45:06.244 I/Gonk    (   81): Changed nice for pid 3067 from 1 to 18.
04-28 15:45:06.244 I/Gecko:ProcessPriorityManager(   81): KillBackgroundApps
04-28 15:45:06.444 W/WifiHW  (   81): wifi_command: SIGNAL_POLL
04-28 15:45:06.754 E/GeckoConsole( 3067): [JavaScript Warning: "Error in parsing value for 'margin'.  Declaration dropped." {file: "http://zombiepop.justplaymobile.com/" line: 17 column: 20 source: "            margin: none;"}]
04-28 15:45:06.774 E/GeckoConsole( 3067): [JavaScript Warning: "Unknown property 'text-aling'.  Declaration dropped." {file: "http://zombiepop.justplaymobile.com/" line: 62 column: 11 source: "	text-aling: center;"}]
04-28 15:45:06.774 E/GeckoConsole( 3067): [JavaScript Warning: "Unknown property 'align'.  Declaration dropped." {file: "http://zombiepop.justplaymobile.com/" line: 63 column: 6 source: "	align: center;"}]
04-28 15:45:08.434 E/GeckoConsole(   81): Content JS LOG at dummy file:738 in GaiaApps.launch/appOpen/<: app with origin 'http://zombiepop.justplaymobile.com' has launched
04-28 15:45:08.444 I/Gecko   (   81): 1398714308454	Marionette	INFO	sendToClient: {"from":"0","value":{"frame":{"ELEMENT":"{60239196-2e24-4c62-88bd-28ce97d69f57}"},"src":"http://zombiepop.justplaymobile.com/","name":"Zombie Pop","origin":"http://zombiepop.justplaymobile.com"}}, {d4740026-b83d-4387-874d-db335c795f04}, {d4740026-b83d-4387-874d-db335c795f04}
04-28 15:45:08.504 I/Gecko   (   81): 1398714308520	Marionette	DEBUG	Got request: switchToFrame, data: {"to":"0","sessionId":"3-b2g","name":"switchToFrame","parameters":{"focus":true,"element":"{60239196-2e24-4c62-88bd-28ce97d69f57}"}}, id: {4e7f2df5-5790-4248-9825-e224586d9d1c}
04-28 15:45:08.514 I/Gecko   (   81): 1398714308533	Marionette	INFO	Switched to frame: {"frameValue":"{60239196-2e24-4c62-88bd-28ce97d69f57}"}
04-28 15:45:08.534 I/Gecko   (   81): 1398714308543	Marionette	INFO	trying remote frame 0
04-28 15:45:08.534 I/Gecko   (   81): 1398714308547	Marionette	INFO	trying remote frame 1
04-28 15:45:08.534 I/Gecko   (   81): 1398714308548	Marionette	INFO	trying remote frame 2
04-28 15:45:08.534 I/Gecko   (   81): 1398714308549	Marionette	INFO	trying remote frame 3
04-28 15:45:08.534 I/Gecko   (   81): 1398714308551	Marionette	INFO	trying remote frame 4
04-28 15:45:08.534 I/Gecko   (   81): 1398714308552	Marionette	INFO	trying remote frame 5
04-28 15:45:08.544 I/Gecko   (   81): 1398714308553	Marionette	INFO	trying remote frame 6
04-28 15:45:08.544 I/Gecko   (   81): 1398714308554	Marionette	INFO	trying remote frame 7
04-28 15:45:08.544 I/Gecko   (   81): 1398714308555	Marionette	INFO	trying remote frame 8
04-28 15:45:08.544 I/Gecko   (   81): 1398714308556	Marionette	INFO	trying remote frame 9
04-28 15:45:08.544 I/Gecko   (   81): 1398714308558	Marionette	INFO	trying remote frame 10
04-28 15:45:08.544 I/Gecko   (   81): 1398714308558	Marionette	INFO	trying remote frame 11
04-28 15:45:08.544 I/Gecko   (   81): 1398714308559	Marionette	INFO	trying remote frame 12
04-28 15:45:08.544 I/Gecko   (   81): 1398714308560	Marionette	INFO	trying remote frame 13
04-28 15:45:08.544 I/Gecko   (   81): 1398714308561	Marionette	INFO	trying remote frame 14
04-28 15:45:08.554 I/Gecko   (   81): 1398714308567	Marionette	INFO	frame-manager load script: [object ChromeMessageSender]
04-28 15:45:09.114 I/Gecko   (   81): 1398714309129	Marionette	INFO	sendToClient: {"from":"0","ok":true}, {4e7f2df5-5790-4248-9825-e224586d9d1c}, {4e7f2df5-5790-4248-9825-e224586d9d1c}
04-28 15:45:09.134 E/GeckoConsole( 3067): [JavaScript Warning: "Error in parsing value for 'margin'.  Declaration dropped." {file: "http://zombiepop.justplaymobile.com/480px.htm" line: 17 column: 9 source: "	margin: none;"}]
