--------- beginning of /dev/log/main
04-26 23:54:23.724 I/Gecko   (   84): [Parent 84] WARNING: waitpid failed pid:1595 errno:10: file ../../../gecko/ipc/chromium/src/base/process_util_posix.cc, line 254
04-26 23:54:23.724 I/Gecko   (   84): [Parent 84] WARNING: Failed to deliver SIGKILL to 1595!(3).: file ../../../gecko/ipc/chromium/src/chrome/common/process_watcher_posix_sigchld.cc, line 118
04-26 23:54:24.034 I/Gecko   (   84): 1398581664053	Marionette	INFO	sendToClient: {"from":"0","ok":true}, {749a57fc-2188-4d52-931e-f79b708755df}, {749a57fc-2188-4d52-931e-f79b708755df}
04-26 23:54:24.144 I/Gecko   (   84): 1398581664164	Marionette	DEBUG	Got request: switchToFrame, data: {"to":"0","sessionId":"3-b2g","name":"switchToFrame","parameters":{"id":null,"focus":true}}, id: {72ef62f0-ad95-419a-9e05-2ec7da42a055}
04-26 23:54:24.224 I/Gecko   (   84): 1398581664243	Marionette	INFO	Switched to frame: {"frameValue":null}
04-26 23:54:24.344 I/Gecko   (   84): 1398581664356	Marionette	INFO	sendToClient: {"from":"0","ok":true}, {72ef62f0-ad95-419a-9e05-2ec7da42a055}, {72ef62f0-ad95-419a-9e05-2ec7da42a055}
04-26 23:54:24.344 I/Gecko   (   84): 1398581664363	Marionette	DEBUG	Got request: executeWithCallback, data: {"to":"0","sessionId":"3-b2g","name":"executeAsyncScript","parameters":{"specialPowers":false,"scriptTimeout":null,"newSandbox":true,"args":[],"filename":"gaia_test.py","script":"return GaiaApps.displayedApp();","line":66}}, id: {5bd66dd4-d2e9-4acb-a2e6-fb7370c897ef}
04-26 23:54:24.444 I/Gecko   (   84): 1398581664460	Marionette	INFO	sendToClient: {"from":"0","value":{"frame":{"ELEMENT":"{0a7567ec-f985-479b-a758-1475488e8342}"},"src":"app://homescreen.gaiamobile.org/index.html#root","name":"Homescreen","origin":"app://homescreen.gaiamobile.org"}}, {5bd66dd4-d2e9-4acb-a2e6-fb7370c897ef}, {5bd66dd4-d2e9-4acb-a2e6-fb7370c897ef}
04-26 23:54:24.444 E/GeckoConsole(   84): Content JS LOG at dummy file:392 in GaiaApps.displayedApp: app with origin 'app://homescreen.gaiamobile.org' is displayed
04-26 23:54:24.504 I/Gecko   (   84): 1398581664519	Marionette	DEBUG	Got request: switchToFrame, data: {"to":"0","sessionId":"3-b2g","name":"switchToFrame","parameters":{"id":null,"focus":true}}, id: {2d46e67b-1083-4498-a9bc-8358ea30c72e}
04-26 23:54:24.514 I/Gecko   (   84): 1398581664526	Marionette	INFO	Switched to frame: {"frameValue":null}
04-26 23:54:24.674 I/Gecko   (   84): 1398581664692	Marionette	INFO	sendToClient: {"from":"0","ok":true}, {2d46e67b-1083-4498-a9bc-8358ea30c72e}, {2d46e67b-1083-4498-a9bc-8358ea30c72e}
04-26 23:54:24.684 I/Gecko   (   84): 1398581664700	Marionette	DEBUG	Got request: switchToFrame, data: {"to":"0","sessionId":"3-b2g","name":"switchToFrame","parameters":{"id":null,"focus":true}}, id: {d1525cc1-db98-4718-a522-1cc7a6b03268}
04-26 23:54:24.704 I/Gecko   (   84): 1398581664722	Marionette	INFO	Switched to frame: {"frameValue":null}
04-26 23:54:24.824 I/Gecko   (   84): 1398581664834	Marionette	INFO	sendToClient: {"from":"0","ok":true}, {d1525cc1-db98-4718-a522-1cc7a6b03268}, {d1525cc1-db98-4718-a522-1cc7a6b03268}
04-26 23:54:24.824 I/Gecko   (   84): 1398581664841	Marionette	DEBUG	Got request: executeWithCallback, data: {"to":"0","sessionId":"3-b2g","name":"executeAsyncScript","parameters":{"specialPowers":false,"scriptTimeout":null,"newSandbox":true,"args":[],"filename":"gaia_test.py","script":"return GaiaApps.displayedApp();","line":66}}, id: {08f60aff-d75d-41a6-8998-ac3fc9e0f829}
04-26 23:54:24.934 E/GeckoConsole(   84): Content JS LOG at dummy file:392 in GaiaApps.displayedApp: app with origin 'app://homescreen.gaiamobile.org' is displayed
04-26 23:54:24.954 I/Gecko   (   84): 1398581664968	Marionette	INFO	sendToClient: {"from":"0","value":{"frame":{"ELEMENT":"{0a7567ec-f985-479b-a758-1475488e8342}"},"src":"app://homescreen.gaiamobile.org/index.html#root","name":"Homescreen","origin":"app://homescreen.gaiamobile.org"}}, {08f60aff-d75d-41a6-8998-ac3fc9e0f829}, {08f60aff-d75d-41a6-8998-ac3fc9e0f829}
04-26 23:54:25.054 I/Gecko   (   84): 1398581665066	Marionette	DEBUG	Got request: switchToFrame, data: {"to":"0","sessionId":"3-b2g","name":"switchToFrame","parameters":{"focus":true,"element":"{0a7567ec-f985-479b-a758-1475488e8342}"}}, id: {4117356e-f8e5-4dd9-ac8d-14a3dd118866}
04-26 23:54:25.104 I/Gecko   (   84): 1398581665116	Marionette	INFO	Switched to frame: {"frameValue":"{0a7567ec-f985-479b-a758-1475488e8342}"}
04-26 23:54:25.104 I/Gecko   (   84): 1398581665122	Marionette	INFO	trying remote frame 0
04-26 23:54:25.124 I/Gecko   (   84): 1398581665139	Marionette	INFO	trying remote frame 1
04-26 23:54:25.134 I/Gecko   (   84): 1398581665145	Marionette	INFO	trying remote frame 2
04-26 23:54:25.134 I/Gecko   (   84): 1398581665146	Marionette	INFO	trying remote frame 3
04-26 23:54:25.134 I/Gecko   (   84): 1398581665147	Marionette	INFO	deleting frame
04-26 23:54:25.134 I/Gecko   (   84): 1398581665152	Marionette	INFO	frame-manager load script: [object ChromeMessageSender]
04-26 23:54:25.344 I/Gecko   ( 1643): ###################################### forms.js loaded
04-26 23:54:25.454 I/Gecko   ( 1643): ############################### browserElementPanning.js loaded
04-26 23:54:25.494 I/Gecko   ( 1643): ######################## BrowserElementChildPreload.js loaded
04-26 23:54:26.084 I/Gecko   (   84): 1398581666101	Marionette	INFO	sendToClient: {"from":"0","ok":true}, {4117356e-f8e5-4dd9-ac8d-14a3dd118866}, {4117356e-f8e5-4dd9-ac8d-14a3dd118866}
04-26 23:54:26.124 W/WifiHW  (   84): wifi_command: SIGNAL_POLL
04-26 23:54:26.304 I/Gecko   (   84): 1398581666314	Marionette	INFO	sendToClient: {"from":"0","value":{"ELEMENT":"{5414c942-a704-44c0-a3f3-88f313311ae7}"}}, {42ca896e-6154-4a0e-8b27-15ef9a58ad69}, {42ca896e-6154-4a0e-8b27-15ef9a58ad69}
04-26 23:54:26.694 E/GeckoConsole( 1625): [JavaScript Warning: "Use of getAttributeNode() is deprecated. Use getAttribute() instead." {file: "chrome://marionette/content/atoms.js" line: 25}]
04-26 23:54:26.704 E/GeckoConsole( 1625): [JavaScript Warning: "Use of attributes' specified attribute is deprecated. It always returns true." {file: "chrome://marionette/content/atoms.js" line: 25}]
04-26 23:54:26.704 I/Gecko   (   84): 1398581666716	Marionette	INFO	sendToClient: {"from":"0","value":"normal"}, {e9d44fd6-66a8-4281-9867-a8fec49f4a23}, {e9d44fd6-66a8-4281-9867-a8fec49f4a23}
04-26 23:54:26.704 I/Gecko   (   84): 1398581666723	Marionette	DEBUG	Got request: switchToFrame, data: {"to":"0","sessionId":"3-b2g","name":"switchToFrame","parameters":{"id":null,"focus":true}}, id: {d3a2558a-3bf8-4e50-94ed-c3465b471680}
04-26 23:54:26.714 I/Gecko   (   84): 1398581666732	Marionette	INFO	Switched to frame: {"frameValue":null}
04-26 23:54:26.834 I/Gecko   (   84): 1398581666845	Marionette	INFO	sendToClient: {"from":"0","ok":true}, {d3a2558a-3bf8-4e50-94ed-c3465b471680}, {d3a2558a-3bf8-4e50-94ed-c3465b471680}
04-26 23:54:26.834 I/Gecko   (   84): 1398581666851	Marionette	DEBUG	Got request: execute, data: {"to":"0","sessionId":"3-b2g","name":"executeScript","parameters":{"specialPowers":false,"scriptTimeout":null,"newSandbox":true,"args":[],"filename":"gaia_test.py","script":"window.wrappedJSObject.dispatchEvent(new Event('home'));","line":788}}, id: {f570d88c-aa2f-4131-aed1-6bde3c0c9da3}
04-26 23:54:26.924 I/Gecko   (   84): 1398581666938	Marionette	INFO	sendToClient: {"from":"0","value":null}, {f570d88c-aa2f-4131-aed1-6bde3c0c9da3}, {f570d88c-aa2f-4131-aed1-6bde3c0c9da3}
04-26 23:54:26.934 I/Gecko   (   84): 1398581666950	Marionette	DEBUG	Got request: switchToFrame, data: {"to":"0","sessionId":"3-b2g","name":"switchToFrame","parameters":{"id":null,"focus":true}}, id: {988e8a76-7b4d-4504-8254-bdf200f2f0d3}
04-26 23:54:26.944 I/Gecko   (   84): 1398581666955	Marionette	INFO	Switched to frame: {"frameValue":null}
04-26 23:54:27.044 I/Gecko   (   84): 1398581667058	Marionette	INFO	sendToClient: {"from":"0","ok":true}, {988e8a76-7b4d-4504-8254-bdf200f2f0d3}, {988e8a76-7b4d-4504-8254-bdf200f2f0d3}
04-26 23:54:27.054 I/Gecko   (   84): 1398581667064	Marionette	DEBUG	Got request: switchToFrame, data: {"to":"0","sessionId":"3-b2g","name":"switchToFrame","parameters":{"id":null,"focus":true}}, id: {f758d6b5-8096-441d-89a8-0be87a2253a5}
04-26 23:54:27.054 I/Gecko   (   84): 1398581667066	Marionette	INFO	Switched to frame: {"frameValue":null}
04-26 23:54:27.154 I/Gecko   (   84): 1398581667168	Marionette	INFO	sendToClient: {"from":"0","ok":true}, {f758d6b5-8096-441d-89a8-0be87a2253a5}, {f758d6b5-8096-441d-89a8-0be87a2253a5}
04-26 23:54:27.174 I/Gecko   (   84): 1398581667188	Marionette	DEBUG	Got request: executeWithCallback, data: {"to":"0","sessionId":"3-b2g","name":"executeAsyncScript","parameters":{"specialPowers":false,"scriptTimeout":null,"newSandbox":true,"args":[],"filename":"gaia_test.py","script":"return GaiaApps.displayedApp();","line":66}}, id: {c8cfee6a-d613-478a-9d69-95fc063660ad}
04-26 23:54:27.244 I/Gecko   (   84): 1398581667257	Marionette	INFO	sendToClient: {"from":"0","value":{"frame":{"ELEMENT":"{0a7567ec-f985-479b-a758-1475488e8342}"},"src":"app://homescreen.gaiamobile.org/index.html#rootSat%20Apr%2026%202014%2023:54:26%20GMT-0700%20(UTC)","name":"Homescreen","origin":"app://homescreen.gaiamobile.org"}}, {c8cfee6a-d613-478a-9d69-95fc063660ad}, {c8cfee6a-d613-478a-9d69-95fc063660ad}
04-26 23:54:27.254 E/GeckoConsole(   84): Content JS LOG at dummy file:392 in GaiaApps.displayedApp: app with origin 'app://homescreen.gaiamobile.org' is displayed
04-26 23:54:27.254 I/Gecko   (   84): 1398581667273	Marionette	DEBUG	Got request: switchToFrame, data: {"to":"0","sessionId":"3-b2g","name":"switchToFrame","parameters":{"focus":true,"element":"{0a7567ec-f985-479b-a758-1475488e8342}"}}, id: {846ecf8d-56ae-43d1-b020-1199568f29c0}
04-26 23:54:27.264 I/Gecko   (   84): 1398581667282	Marionette	INFO	Switched to frame: {"frameValue":"{0a7567ec-f985-479b-a758-1475488e8342}"}
04-26 23:54:27.274 I/Gecko   (   84): 1398581667288	Marionette	INFO	trying remote frame 0
04-26 23:54:27.284 I/Gecko   (   84): 1398581667295	Marionette	INFO	trying remote frame 1
04-26 23:54:27.284 I/Gecko   (   84): 1398581667296	Marionette	INFO	trying remote frame 2
04-26 23:54:27.284 I/Gecko   (   84): 1398581667297	Marionette	INFO	trying remote frame 3
04-26 23:54:27.474 I/Gecko   (   84): 1398581667487	Marionette	INFO	sendToClient: {"from":"0","ok":true}, {846ecf8d-56ae-43d1-b020-1199568f29c0}, {846ecf8d-56ae-43d1-b020-1199568f29c0}
04-26 23:54:27.484 I/Gecko   (   84): 1398581667500	Marionette	DEBUG	Got request: execute, data: {"to":"0","sessionId":"3-b2g","name":"executeScript","parameters":{"specialPowers":false,"scriptTimeout":null,"newSandbox":true,"args":[],"filename":"gaia_test.py","script":"return window.wrappedJSObject.GridManager.pageHelper.getCurrentPageNumber();","line":784}}, id: {436a3cd6-8449-43c6-a9b6-2975e9c68fa8}
04-26 23:54:28.724 I/Gecko   (   84): 1398581668735	Marionette	INFO	sendToClient: {"from":"0","value":0}, {436a3cd6-8449-43c6-a9b6-2975e9c68fa8}, {436a3cd6-8449-43c6-a9b6-2975e9c68fa8}
04-26 23:54:28.784 E/GeckoConsole( 1625): Content JS WARN at app://homescreen.gaiamobile.org/gaia_build_defer_index.js:184 in isHiddenApp: Unexpected role when checking hidden app: undefined
04-26 23:54:28.784 E/GeckoConsole( 1625): Content JS WARN at app://homescreen.gaiamobile.org/gaia_build_defer_index.js:184 in isHiddenApp: Unexpected role when checking hidden app: undefined
04-26 23:54:28.784 E/GeckoConsole( 1625): Content JS WARN at app://homescreen.gaiamobile.org/gaia_build_defer_index.js:184 in isHiddenApp: Unexpected role when checking hidden app: undefined
04-26 23:54:28.784 E/GeckoConsole( 1625): Content JS WARN at app://homescreen.gaiamobile.org/gaia_build_defer_index.js:184 in isHiddenApp: Unexpected role when checking hidden app: undefined
04-26 23:54:28.784 E/GeckoConsole( 1625): Content JS WARN at app://homescreen.gaiamobile.org/gaia_build_defer_index.js:184 in isHiddenApp: Unexpected role when checking hidden app: undefined
04-26 23:54:28.784 E/GeckoConsole( 1625): Content JS WARN at app://homescreen.gaiamobile.org/gaia_build_defer_index.js:184 in isHiddenApp: Unexpected role when checking hidden app: undefined
04-26 23:54:28.784 E/GeckoConsole( 1625): Content JS WARN at app://homescreen.gaiamobile.org/gaia_build_defer_index.js:184 in isHiddenApp: Unexpected role when checking hidden app: undefined
04-26 23:54:28.784 E/GeckoConsole( 1625): Content JS WARN at app://homescreen.gaiamobile.org/gaia_build_defer_index.js:184 in isHiddenApp: Unexpected role when checking hidden app: undefined
04-26 23:54:28.794 E/GeckoConsole( 1625): Content JS WARN at app://homescreen.gaiamobile.org/gaia_build_defer_index.js:184 in isHiddenApp: Unexpected role when checking hidden app: undefined
04-26 23:54:28.794 E/GeckoConsole( 1625): Content JS WARN at app://homescreen.gaiamobile.org/gaia_build_defer_index.js:184 in isHiddenApp: Unexpected role when checking hidden app: undefined
04-26 23:54:28.794 E/GeckoConsole( 1625): Content JS WARN at app://homescreen.gaiamobile.org/gaia_build_defer_index.js:184 in isHiddenApp: Unexpected role when checking hidden app: undefined
04-26 23:54:28.794 E/GeckoConsole( 1625): Content JS WARN at app://homescreen.gaiamobile.org/gaia_build_defer_index.js:184 in isHiddenApp: Unexpected role when checking hidden app: undefined
04-26 23:54:28.794 E/GeckoConsole( 1625): Content JS WARN at app://homescreen.gaiamobile.org/gaia_build_defer_index.js:184 in isHiddenApp: Unexpected role when checking hidden app: undefined
04-26 23:54:28.794 E/GeckoConsole( 1625): Content JS WARN at app://homescreen.gaiamobile.org/gaia_build_defer_index.js:184 in isHiddenApp: Unexpected role when checking hidden app: undefined
04-26 23:54:28.794 E/GeckoConsole( 1625): Content JS WARN at app://homescreen.gaiamobile.org/gaia_build_defer_index.js:184 in isHiddenApp: Unexpected role when checking hidden app: undefined
04-26 23:54:28.794 E/GeckoConsole( 1625): Content JS WARN at app://homescreen.gaiamobile.org/gaia_build_defer_index.js:184 in isHiddenApp: Unexpected role when checking hidden app: undefined
04-26 23:54:28.794 E/GeckoConsole( 1625): Content JS WARN at app://homescreen.gaiamobile.org/gaia_build_defer_index.js:184 in isHiddenApp: Unexpected role when checking hidden app: undefined
04-26 23:54:28.794 E/GeckoConsole( 1625): Content JS WARN at app://homescreen.gaiamobile.org/gaia_build_defer_index.js:184 in isHiddenApp: Unexpected role when checking hidden app: undefined
04-26 23:54:28.794 E/GeckoConsole( 1625): Content JS WARN at app://homescreen.gaiamobile.org/gaia_build_defer_index.js:184 in isHiddenApp: Unexpected role when checking hidden app: undefined
04-26 23:54:28.794 E/GeckoConsole( 1625): Content JS WARN at app://homescreen.gaiamobile.org/gaia_build_defer_index.js:184 in isHiddenApp: Unexpected role when checking hidden app: undefined
04-26 23:54:28.794 E/GeckoConsole( 1625): Content JS WARN at app://homescreen.gaiamobile.org/gaia_build_defer_index.js:184 in isHiddenApp: Unexpected role when checking hidden app: undefined
04-26 23:54:28.804 E/GeckoConsole( 1625): Content JS WARN at app://homescreen.gaiamobile.org/gaia_build_defer_index.js:184 in isHiddenApp: Unexpected role when checking hidden app: undefined
04-26 23:54:28.804 E/GeckoConsole( 1625): Content JS WARN at app://homescreen.gaiamobile.org/gaia_build_defer_index.js:184 in isHiddenApp: Unexpected role when checking hidden app: undefined
04-26 23:54:28.804 E/GeckoConsole( 1625): Content JS WARN at app://homescreen.gaiamobile.org/gaia_build_defer_index.js:184 in isHiddenApp: Unexpected role when checking hidden app: undefined
04-26 23:54:28.804 E/GeckoConsole( 1625): Content JS WARN at app://homescreen.gaiamobile.org/gaia_build_defer_index.js:184 in isHiddenApp: Unexpected role when checking hidden app: undefined
04-26 23:54:28.804 E/GeckoConsole( 1625): Content JS WARN at app://homescreen.gaiamobile.org/gaia_build_defer_index.js:184 in isHiddenApp: Unexpected role when checking hidden app: undefined
04-26 23:54:28.804 E/GeckoConsole( 1625): Content JS WARN at app://homescreen.gaiamobile.org/gaia_build_defer_index.js:184 in isHiddenApp: Unexpected role when checking hidden app: undefined
04-26 23:54:28.814 E/GeckoConsole( 1625): Content JS WARN at app://homescreen.gaiamobile.org/gaia_build_defer_index.js:184 in isHiddenApp: Unexpected role when checking hidden app: undefined
04-26 23:54:28.814 E/GeckoConsole( 1625): Content JS WARN at app://homescreen.gaiamobile.org/gaia_build_defer_index.js:184 in isHiddenApp: Unexpected role when checking hidden app: undefined
04-26 23:54:28.964 I/Gecko   (   84): 1398581668976	Marionette	INFO	sendToClient: {"from":"0","value":["{e1c6aff1-0a71-4802-b103-6630d5db5a5a}","{0285992a-5e50-406b-b878-510ad6baad17}","{97ddc102-0103-47c0-af29-a81c5b4cc14f}","{666c88ce-e05f-48b8-afc8-37b67abe7437}","{09624cc2-483e-4f30-b7e2-94aa2137ca94}","{e54041ca-66f4-47f3-99e8-b4876c4dfe2d}","{d4d62716-ab56-4b56-b0d3-3c1031236b4e}","{c646bd55-c8ca-4266-8e43-84a4ec59cc28}","{cb7d7600-c022-413d-b1da-e9b6ea14bf48}","{c293894e-84e3-40f9-a98b-2160fba2c84e}","{1f7dd0de-fc7c-4b3e-a004-fc1dadc31bc6}","{26df1ca4-bbcf-41c2-bd64-b14320b695c4}","{eef10d1c-039e-43ef-a8ec-e70073653186}","{a40880dc-699e-4980-aca2-e60428f95b78}","{89ce6e4a-9662-405a-9631-f47c569463fc}","{93b761f8-ee6c-4c67-8346-3e52d4cacf59}","{129c5afc-9106-4949-8d77-71a40b7d7f81}","{b6a02a9b-aeb4-4b80-9ab4-cf462f85780c}","{0adc9b69-ee4b-4a62-9959-61c0338a6d83}","{44de3515-3ded-4f8f-a599-68f2222ef5e4}","{ddcc5c96-c2b1-4fb9-90e2-92400c6f7934}","{c0be2e11-1a92-47ef-94b1-f8e6a9d090dc}","{34a16578-5060-4b78-ab09-7a01a1793c91}","{f15aa5d7-6905
04-26 23:54:29.254 I/Gecko   (   84): 1398581669271	Marionette	INFO	sendToClient: {"from":"0","value":"app://homescreen.gaiamobile.org/index.html#rootSat%20Apr%2026%202014%2023:54:26%20GMT-0700%20(UTC)"}, {ed3550ff-ee11-4228-ae1b-d95cd0a44c92}, {ed3550ff-ee11-4228-ae1b-d95cd0a44c92}
04-26 23:54:29.334 I/Gecko   (   84): 1398581669346	Marionette	DEBUG	Got request: switchToFrame, data: {"to":"0","sessionId":"3-b2g","name":"switchToFrame","parameters":{"id":null,"focus":true}}, id: {d47438f8-2dd7-4ce9-ae4f-b9bec26c1387}
04-26 23:54:29.374 I/Gecko   (   84): 1398581669388	Marionette	INFO	Switched to frame: {"frameValue":null}
04-26 23:54:29.474 I/Gecko   (   84): 1398581669491	Marionette	INFO	sendToClient: {"from":"0","ok":true}, {d47438f8-2dd7-4ce9-ae4f-b9bec26c1387}, {d47438f8-2dd7-4ce9-ae4f-b9bec26c1387}
04-26 23:54:29.484 I/Gecko   (   84): 1398581669499	Marionette	DEBUG	Got request: switchToFrame, data: {"to":"0","sessionId":"3-b2g","name":"switchToFrame","parameters":{"id":null,"focus":true}}, id: {7287ad13-1058-47a9-9534-dc8b7e4f36f0}
04-26 23:54:29.494 I/Gecko   (   84): 1398581669505	Marionette	INFO	Switched to frame: {"frameValue":null}
04-26 23:54:29.494 V/AudioPolicyManagerBase(   89): startOutput() output 1, stream 1, session 5
04-26 23:54:29.494 V/AudioPolicyManagerBase(   89): changeRefCount() stream 1, count 1
04-26 23:54:29.494 V/AudioPolicyManagerBase(   89): getDeviceForStrategy() from cache strategy 0, device 2
04-26 23:54:29.494 V/AudioPolicyManagerBase(   89): getNewDevice() selected device 2
04-26 23:54:29.494 D/AudioPolicyManagerBase(   89): setOutputDevice() output 1 device 2 delayMs 0
04-26 23:54:29.494 V/AudioPolicyManagerBase(   89): setOutputDevice() setting same device 2 or null device for output 1
04-26 23:54:29.494 E/AudioPolicyManagerBase(   89): checkAndSetVolume stream=1, index=0, output=1, device=2
04-26 23:54:29.494 E/AudioPolicyManagerBase(   89): computeVolume, streamDesc=0xaa5bb8
04-26 23:54:29.514 W/AudioFlinger(   89): Thread AudioOut_1 cannot connect to the power manager service
04-26 23:54:29.514 V/AudioPolicyManagerBase(   89): stopOutput() output 1, stream 1, session 5
04-26 23:54:29.514 V/AudioPolicyManagerBase(   89): changeRefCount() stream 1, count 0
04-26 23:54:29.514 V/AudioPolicyManagerBase(   89): getNewDevice() selected device 0
04-26 23:54:29.514 D/AudioPolicyManagerBase(   89): setOutputDevice() output 1 device 0 delayMs 290
04-26 23:54:29.514 V/AudioPolicyManagerBase(   89): setOutputDevice() setting same device 0 or null device for output 1
04-26 23:54:29.524 V/AudioPolicyManagerBase(   89): releaseOutput() 1
04-26 23:54:29.594 I/Gecko   (   84): 1398581669607	Marionette	INFO	sendToClient: {"from":"0","ok":true}, {7287ad13-1058-47a9-9534-dc8b7e4f36f0}, {7287ad13-1058-47a9-9534-dc8b7e4f36f0}
04-26 23:54:29.594 I/Gecko   (   84): 1398581669613	Marionette	DEBUG	Got request: executeWithCallback, data: {"to":"0","sessionId":"3-b2g","name":"executeAsyncScript","parameters":{"specialPowers":false,"scriptTimeout":30000,"newSandbox":true,"args":[],"filename":"app_checker.py","script":"GaiaApps.launchWithManifestURL('https://marketplace.firefox.com/app/7f7c9bef-e0e5-4edc-a2d9-2d77f2309d46/manifest.webapp')","line":106}}, id: {13fe9839-74a2-4ca3-996c-468c4f1dea0f}
04-26 23:54:29.714 I/Gonk    (   84): Setting nice for pid 1643 to 18
04-26 23:54:29.714 I/Gonk    (   84): Changed nice for pid 1643 from 0 to 18.
04-26 23:54:29.714 I/Gecko   (   84): [Parent 84] WARNING: waitpid failed pid:1643 errno:10: file ../../../gecko/ipc/chromium/src/base/process_util_posix.cc, line 254
04-26 23:54:29.724 I/Gonk    (   84): Setting nice for pid 1643 to 1
04-26 23:54:29.724 I/Gonk    (   84): Changed nice for pid 1643 from 18 to 1.
04-26 23:54:29.784 E/GeckoConsole(   84): Content JS LOG at dummy file:334 in GaiaApps.launch: launching app with name 'Ab FB2 reader'
04-26 23:54:29.904 E/[Gralloc-ERROR](   84): int gralloc_register_buffer(const gralloc_module_t*, const native_handle_t*):79 Unable to register handle 0x462601f0 coming from different process: 84
04-26 23:54:29.904 E/[Gralloc-ERROR](   84): int gralloc_register_buffer(const gralloc_module_t*, const native_handle_t*):79 Unable to register handle 0x46624150 coming from different process: 84
04-26 23:54:29.924 E/[Gralloc-ERROR](   84): int gralloc_register_buffer(const gralloc_module_t*, const native_handle_t*):79 Unable to register handle 0x466241f0 coming from different process: 84
04-26 23:54:29.924 E/[Gralloc-ERROR](   84): int gralloc_register_buffer(const gralloc_module_t*, const native_handle_t*):79 Unable to register handle 0x466242e0 coming from different process: 84
04-26 23:54:30.094 D/Sensors (   84): activate handle=0; drv=0
04-26 23:54:30.104 D/Sensors (   84): Lis3dhSensor: Control set 1
04-26 23:54:30.104 D/Sensors (   84): Lis3dhSensor: mEnabled = 1
04-26 23:54:30.144 I/Gonk    (   84): Setting nice for pid 1625 to 18
04-26 23:54:30.144 I/Gonk    (   84): Changed nice for pid 1625 from 1 to 18.
04-26 23:54:30.534 E/GeckoConsole( 1643): [JavaScript Warning: "Unknown property 'align'.  Declaration dropped." {file: "app://{75ab5e91-5325-4a8b-a64e-37b5c8e7cd34}/css/main.css" line: 16 column: 9 source: "    align: center;"}]
04-26 23:54:30.534 E/GeckoConsole( 1643): [JavaScript Warning: "Unknown property 'align'.  Declaration dropped." {file: "app://{75ab5e91-5325-4a8b-a64e-37b5c8e7cd34}/css/main.css" line: 26 column: 9 source: "    align: left;"}]
04-26 23:54:30.534 E/GeckoConsole( 1643): [JavaScript Warning: "Error in parsing value for 'display'.  Declaration dropped." {file: "app://{75ab5e91-5325-4a8b-a64e-37b5c8e7cd34}/css/main.css" line: 51 column: 13 source: "    display: -webkit-flex;"}]
04-26 23:54:30.534 E/GeckoConsole( 1643): [JavaScript Warning: "Error in parsing value for 'display'.  Declaration dropped." {file: "app://{75ab5e91-5325-4a8b-a64e-37b5c8e7cd34}/css/main.css" line: 81 column: 13 source: "    display: -webkit-flex;"}]
04-26 23:54:30.534 E/GeckoConsole( 1643): [JavaScript Warning: "Unknown property 'align'.  Declaration dropped." {file: "app://{75ab5e91-5325-4a8b-a64e-37b5c8e7cd34}/css/main.css" line: 114 column: 9 source: "    align: left;"}]
04-26 23:54:30.534 E/GeckoConsole( 1643): [JavaScript Warning: "Error in parsing value for 'display'.  Declaration dropped." {file: "app://{75ab5e91-5325-4a8b-a64e-37b5c8e7cd34}/css/main.css" line: 117 column: 13 source: "    display: -webkit-flex;"}]
04-26 23:54:30.544 E/GeckoConsole( 1643): [JavaScript Warning: "Expected color but found 'right'.  Error in parsing value for 'background-image'.  Declaration dropped." {file: "app://{75ab5e91-5325-4a8b-a64e-37b5c8e7cd34}/css/main.css" line: 165 column: 38 source: "    background-image: linear-gradient(right , rgb(222,211,165) 0%, rgb(235,232,200) 50%, rgb(209,200,148) 100%);"}]
04-26 23:54:30.544 E/GeckoConsole( 1643): [JavaScript Warning: "Error in parsing value for 'background-image'.  Declaration dropped." {file: "app://{75ab5e91-5325-4a8b-a64e-37b5c8e7cd34}/css/main.css" line: 166 column: 22 source: "    background-image: -o-linear-gradient(right , rgb(222,211,165) 0%, rgb(235,232,200) 50%, rgb(209,200,148) 100%);"}]
04-26 23:54:30.544 E/GeckoConsole( 1643): [JavaScript Warning: "Error in parsing value for 'background-image'.  Declaration dropped." {file: "app://{75ab5e91-5325-4a8b-a64e-37b5c8e7cd34}/css/main.css" line: 168 column: 22 source: "    background-image: -webkit-linear-gradient(right , rgb(222,211,165) 0%, rgb(235,232,200) 50%, rgb(209,200,148) 100%);"}]
04-26 23:54:30.544 E/GeckoConsole( 1643): [JavaScript Warning: "Error in parsing value for 'background-image'.  Declaration dropped." {file: "app://{75ab5e91-5325-4a8b-a64e-37b5c8e7cd34}/css/main.css" line: 169 column: 22 source: "    background-image: -ms-linear-gradient(right , rgb(222,211,165) 0%, rgb(235,232,200) 50%, rgb(209,200,148) 100%);"}]
04-26 23:54:30.554 E/GeckoConsole( 1643): [JavaScript Warning: "Error in parsing value for 'background-image'.  Declaration dropped." {file: "app://{75ab5e91-5325-4a8b-a64e-37b5c8e7cd34}/css/main.css" line: 171 column: 22 source: "    background-image: -webkit-gradient("}]
04-26 23:54:31.124 W/WifiHW  (   84): wifi_command: SIGNAL_POLL
04-26 23:54:31.934 E/GeckoConsole(   84): Content JS LOG at dummy file:326 in GaiaApps.launch/appOpen/<: app with origin 'app://{75ab5e91-5325-4a8b-a64e-37b5c8e7cd34}' has launched
04-26 23:54:31.934 I/Gecko   (   84): 1398581671951	Marionette	INFO	sendToClient: {"from":"0","value":{"frame":{"ELEMENT":"{efc5da0a-5910-4206-829f-030bc4d3b3a9}"},"src":"app://{75ab5e91-5325-4a8b-a64e-37b5c8e7cd34}/index.html","name":"Ab FB2 reader","origin":"app://{75ab5e91-5325-4a8b-a64e-37b5c8e7cd34}"}}, {13fe9839-74a2-4ca3-996c-468c4f1dea0f}, {13fe9839-74a2-4ca3-996c-468c4f1dea0f}
04-26 23:54:31.994 I/Gecko   (   84): 1398581672010	Marionette	DEBUG	Got request: switchToFrame, data: {"to":"0","sessionId":"3-b2g","name":"switchToFrame","parameters":{"focus":true,"element":"{efc5da0a-5910-4206-829f-030bc4d3b3a9}"}}, id: {bf6cf4b0-4416-4eca-bef8-2ae99fe70ff5}
04-26 23:54:32.034 I/Gecko   (   84): 1398581672046	Marionette	INFO	Switched to frame: {"frameValue":"{efc5da0a-5910-4206-829f-030bc4d3b3a9}"}
04-26 23:54:32.034 E/[Gralloc-ERROR](   84): int gralloc_unregister_buffer(const gralloc_module_t*, const native_handle_t*):274 Trying to unregister buffer 0x462601f0 from process 84 that was not created in current process: 84
04-26 23:54:32.044 E/[Gralloc-ERROR](   84): int gralloc_unregister_buffer(const gralloc_module_t*, const native_handle_t*):274 Trying to unregister buffer 0x46624150 from process 84 that was not created in current process: 84
04-26 23:54:32.044 E/[Gralloc-ERROR](   84): int gralloc_unregister_buffer(const gralloc_module_t*, const native_handle_t*):274 Trying to unregister buffer 0x466242e0 from process 84 that was not created in current process: 84
04-26 23:54:32.044 E/[Gralloc-ERROR](   84): int gralloc_unregister_buffer(const gralloc_module_t*, const native_handle_t*):274 Trying to unregister buffer 0x466241f0 from process 84 that was not created in current process: 84
04-26 23:54:32.044 I/Gecko   (   84): 1398581672057	Marionette	INFO	trying remote frame 0
04-26 23:54:32.044 I/Gecko   (   84): 1398581672058	Marionette	INFO	trying remote frame 1
04-26 23:54:32.044 I/Gecko   (   84): 1398581672059	Marionette	INFO	trying remote frame 2
04-26 23:54:32.054 I/Gecko   (   84): 1398581672072	Marionette	INFO	trying remote frame 3
04-26 23:54:32.064 I/Gecko   (   84): 1398581672079	Marionette	INFO	trying remote frame 4
04-26 23:54:32.104 I/Gecko   (   84): 1398581672117	Marionette	INFO	frame-manager load script: [object ChromeMessageSender]
04-26 23:54:32.774 I/Gecko   (   84): 1398581672790	Marionette	INFO	sendToClient: {"from":"0","ok":true}, {bf6cf4b0-4416-4eca-bef8-2ae99fe70ff5}, {bf6cf4b0-4416-4eca-bef8-2ae99fe70ff5}
04-26 23:54:32.894 I/Gecko   (   84): 1398581672910	Marionette	INFO	sendToClient: {"from":"0","value":"app://{75ab5e91-5325-4a8b-a64e-37b5c8e7cd34}/index.html"}, {b071b96d-084e-4d82-bd4b-1b2418d34d79}, {b071b96d-084e-4d82-bd4b-1b2418d34d79}
04-26 23:54:32.904 I/Gecko   (   84): 1398581672918	Marionette	DEBUG	Got request: execute, data: {"to":"0","sessionId":"3-b2g","name":"executeScript","parameters":{"specialPowers":false,"scriptTimeout":null,"newSandbox":true,"args":[],"filename":"app_checker.py","script":"return window.document.readyState;","line":191}}, id: {e2859fe8-b751-4755-9127-ff58eacba24c}
04-26 23:54:32.994 I/Gecko   (   84): 1398581673005	Marionette	INFO	sendToClient: {"from":"0","value":"complete"}, {e2859fe8-b751-4755-9127-ff58eacba24c}, {e2859fe8-b751-4755-9127-ff58eacba24c}
04-26 23:54:33.134 I/Gecko   (   84): 1398581673144	Marionette	INFO	sendToClient: {"from":"0","value":"app://{75ab5e91-5325-4a8b-a64e-37b5c8e7cd34}/index.html"}, {64118521-4fa9-4ace-94a6-e6086f9d582b}, {64118521-4fa9-4ace-94a6-e6086f9d582b}
04-26 23:54:33.494 I/Gecko   ( 1643): Attempting load of libEGL.so
04-26 23:54:33.614 D/libEGL  ( 1643): loaded /system/lib/egl/libEGL_mali.so
04-26 23:54:33.694 D/libEGL  ( 1643): loaded /system/lib/egl/libGLESv1_CM_mali.so
04-26 23:54:33.734 D/libEGL  ( 1643): loaded /system/lib/egl/libGLESv2_mali.so
04-26 23:54:33.934 I/Gecko   ( 1643): SharedSurface_Gralloc::Create -------
04-26 23:54:34.054 I/Gecko   ( 1643): SharedSurface_Gralloc::Create: success -- surface 0x44116c40, GraphicBuffer 0x44162c00.
04-26 23:54:35.064 I/log     ( 1705): <4>0[ 588.803169] select 1625 (Homescreen), adj 8, size 7542, to kill 
04-26 23:54:35.544 I/Gonk    (   84): Setting nice for pid 1706 to 18
04-26 23:54:35.554 I/Gonk    (   84): Changed nice for pid 1706 from 0 to 18.
04-26 23:54:36.004 I/Gecko   (   84): 1398581676022	Marionette	INFO	sendToClient: {"from":"0","value":"iVBORw0KGgoAAAANSUhEUgAAAUAAAAHMCAYAAACk4nEJAAAGgElEQVR4nO3WvaoaURiGUW9SsB8Yb0MvZrwpLaZIEVIGTJqBnSIYjpD2/OCzFrzVbnb18O32+/0wM6vsrd1+vx+/7t/H7/uPcf/5bQC8qv8G8PFgZlbZUwDneR632+1jcwzwgeZ5HtfrdRyPxzHGmwAuyzLO5/NY1/Uz/wfwbqZpGqfTaVwulzHGGLvH5bdt21iWZUzT9OmnqZnZe+xwOIxlWca2bX8D6PIDXt26rk+X38PO5Wdmr75pmp4uv38B/MgKA3wlAghkCSCQJYBAlgACWQIIZAkgkCWAQJYAAlkCCGQJIJAlgECWAAJZAghkCSCQJYBAlgACWQIIZAkgkCWAQJYAAlkCCGQJIJAlgECWAAJZAghkCSCQJYBAlgACWQIIZAkgkCWAQJYAAlkCCGQJIJAlgECWAAJZAghkCSCQJYBAlgACWQIIZAkgkCWAQJYAAlkCCGQJIJAlgECWAAJZAghkCSCQJYBAlgACWQIIZAkgkCWAQJYAAlkCCGQJIJAlgECWAAJZAghkCSCQJYBAlgACWQIIZAkgkCWAQJYAAlkCCGQJIJAlgECWAAJZAghkCSCQJYBAlgACWQIIZAkgkCWAQJYAAlkCCGQJIJAlgECWAAJZAghkCSCQJYBAlgACWQIIZAkgkCWAQJYAAlkCCGQJIJAlgECWAAJZAghkCSCQJYBAlgACWQIIZAkgkCWAQJYAAlkCCGQJIJAlgECWAAJZAghkCSCQJYBAlgACWQIIZAkgkCWAQJYAAlkCCGQJIJAlgECWAAJZAghkCSCQJYBAlgACWQIIZAkgkCWAQJYAAlkCCGQJIJAlgECWAAJZAghkCSCQJYBAlgACWQIIZAkgkCWAQJYAAlkCCGQJIJAlgECWAAJZAghkCSCQJYBAlgACWQIIZA
04-26 23:54:36.044 E/GeckoConsole( 1643): Content JS LOG at app://{75ab5e91-5325-4a8b-a64e-37b5c8e7cd34}/scripts/thefb2.js:21 in anonymous: No cordova transform available.
04-26 23:54:36.284 I/Gecko   (   84): 1398581676302	Marionette	INFO	sendToClient: {"from":"0","ok":true}, {ce66ab4f-6c34-4d23-9bb3-db568da83c3a}, {ce66ab4f-6c34-4d23-9bb3-db568da83c3a}
04-26 23:54:36.414 W/WifiHW  (   84): wifi_command: SIGNAL_POLL
04-26 23:54:36.474 I/Gecko   (   84): 
04-26 23:54:36.474 I/Gecko   (   84): ###!!! [Parent][MessageChannel] Error: Channel error: cannot send/recv
04-26 23:54:36.474 I/Gecko   (   84): 
04-26 23:54:36.724 I/GeckoDump(   84): Crash reporter : Can't fetch app.reportCrashes. Exception: [Exception... "Component returned failure code: 0x8000ffff (NS_ERROR_UNEXPECTED) [nsIPrefBranch.getBoolPref]"  nsresult: "0x8000ffff (NS_ERROR_UNEXPECTED)"  location: "JS frame :: chrome://browser/content/shell.js :: shell_reportCrash :: line 7"  data: no]
04-26 23:54:36.934 I/Gecko   (   84): [Parent 84] WARNING: waitpid failed pid:1625 errno:10: file ../../../gecko/ipc/chromium/src/base/process_util_posix.cc, line 254
04-26 23:54:36.954 I/Gecko   (   84): 1398581676967	Marionette	DEBUG	Got request: switchToFrame, data: {"to":"0","sessionId":"3-b2g","name":"switchToFrame","parameters":{"id":null,"focus":true}}, id: {5bd8bccf-a7d0-45be-a173-89d16793850e}
04-26 23:54:36.974 I/Gecko   (   84): 1398581676986	Marionette	INFO	Switched to frame: {"frameValue":null}
04-26 23:54:37.104 I/Gecko   (   84): 1398581677116	Marionette	INFO	sendToClient: {"from":"0","ok":true}, {5bd8bccf-a7d0-45be-a173-89d16793850e}, {5bd8bccf-a7d0-45be-a173-89d16793850e}
04-26 23:54:37.124 I/Gecko   (   84): 1398581677136	Marionette	DEBUG	Got request: executeWithCallback, data: {"to":"0","sessionId":"3-b2g","name":"executeAsyncScript","parameters":{"specialPowers":false,"scriptTimeout":null,"newSandbox":true,"args":[],"filename":"gaia_test.py","script":"return GaiaApps.displayedApp();","line":66}}, id: {5197f655-d298-48a2-96e2-9db91f379268}
04-26 23:54:37.344 E/GeckoConsole(   84): Content JS LOG at dummy file:392 in GaiaApps.displayedApp: app with origin 'app://{75ab5e91-5325-4a8b-a64e-37b5c8e7cd34}' is displayed
04-26 23:54:37.344 I/Gecko   (   84): 1398581677360	Marionette	INFO	sendToClient: {"from":"0","value":{"frame":{"ELEMENT":"{efc5da0a-5910-4206-829f-030bc4d3b3a9}"},"src":"app://{75ab5e91-5325-4a8b-a64e-37b5c8e7cd34}/index.html","name":"Ab FB2 reader","origin":"app://{75ab5e91-5325-4a8b-a64e-37b5c8e7cd34}"}}, {5197f655-d298-48a2-96e2-9db91f379268}, {5197f655-d298-48a2-96e2-9db91f379268}
04-26 23:54:37.354 I/Gecko   (   84): 1398581677373	Marionette	DEBUG	Got request: switchToFrame, data: {"to":"0","sessionId":"3-b2g","name":"switchToFrame","parameters":{"id":null,"focus":true}}, id: {8e2e195b-b17b-437e-af9a-ed083ffd5f50}
04-26 23:54:37.364 I/Gecko   (   84): 1398581677378	Marionette	INFO	Switched to frame: {"frameValue":null}
04-26 23:54:37.544 I/Gecko   (   84): 1398581677563	Marionette	INFO	sendToClient: {"from":"0","ok":true}, {8e2e195b-b17b-437e-af9a-ed083ffd5f50}, {8e2e195b-b17b-437e-af9a-ed083ffd5f50}
04-26 23:54:37.604 I/Gecko   (   84): 1398581677618	Marionette	DEBUG	Got request: execute, data: {"to":"0","sessionId":"3-b2g","name":"executeScript","parameters":{"specialPowers":false,"scriptTimeout":null,"newSandbox":true,"args":[],"filename":"gaia_test.py","script":"window.wrappedJSObject.dispatchEvent(new Event('home'));","line":788}}, id: {22cbfe42-fe23-494d-817e-673c07bc6e8a}
04-26 23:54:37.694 I/Gonk    (   84): Setting nice for pid 1706 to 18
04-26 23:54:37.694 I/Gonk    (   84): Changed nice for pid 1706 from 18 to 18.
04-26 23:54:37.694 I/Gecko   (   84): [Parent 84] WARNING: waitpid failed pid:1706 errno:10: file ../../../gecko/ipc/chromium/src/base/process_util_posix.cc, line 254
04-26 23:54:37.694 I/Gonk    (   84): Setting nice for pid 1706 to 1
04-26 23:54:37.694 I/Gonk    (   84): Changed nice for pid 1706 from 18 to 1.
04-26 23:54:37.734 D/Sensors (   84): activate handle=0; drv=0
04-26 23:54:37.734 D/Sensors (   84): Lis3dhSensor: Control set 0
04-26 23:54:37.734 D/Sensors (   84): Lis3dhSensor: mEnabled = 0
04-26 23:54:37.864 I/Gecko   (   84): 1398581677880	Marionette	INFO	sendToClient: {"from":"0","value":null}, {22cbfe42-fe23-494d-817e-673c07bc6e8a}, {22cbfe42-fe23-494d-817e-673c07bc6e8a}
04-26 23:54:37.934 I/Gecko   (   84): 1398581677948	Marionette	DEBUG	Got request: switchToFrame, data: {"to":"0","sessionId":"3-b2g","name":"switchToFrame","parameters":{"id":null,"focus":true}}, id: {5e0e5aa7-a72a-4a39-aa08-86724eb2bad5}
04-26 23:54:37.954 I/Gecko   (   84): 1398581677966	Marionette	INFO	Switched to frame: {"frameValue":null}
04-26 23:54:38.154 I/Gecko   (   84): 1398581678167	Marionette	INFO	sendToClient: {"from":"0","ok":true}, {5e0e5aa7-a72a-4a39-aa08-86724eb2bad5}, {5e0e5aa7-a72a-4a39-aa08-86724eb2bad5}
04-26 23:54:38.164 I/Gecko   (   84): 1398581678175	Marionette	DEBUG	Got request: executeWithCallback, data: {"to":"0","sessionId":"3-b2g","name":"executeAsyncScript","parameters":{"specialPowers":false,"scriptTimeout":null,"newSandbox":true,"args":[],"filename":"gaia_test.py","script":"return GaiaApps.displayedApp();","line":66}}, id: {29d2b7d9-1576-4dfb-a9a7-2520d5a2f54f}
04-26 23:54:38.284 E/GeckoConsole( 1643): Content JS LOG at app://{75ab5e91-5325-4a8b-a64e-37b5c8e7cd34}/scripts/socket.js:41 in anonymous: No cordova sockets available.
04-26 23:54:38.284 E/GeckoConsole( 1643): Content JS WARN at app://{75ab5e91-5325-4a8b-a64e-37b5c8e7cd34}/scripts/options.js:22 in anonymous: chrome.storage not available
04-26 23:54:38.364 E/GeckoConsole(   84): Content JS LOG at dummy file:392 in GaiaApps.displayedApp: app with origin 'app://homescreen.gaiamobile.org' is displayed
04-26 23:54:38.394 I/Gecko   (   84): 1398581678405	Marionette	INFO	sendToClient: {"from":"0","value":{"frame":{"ELEMENT":"{061a1cf6-7403-43da-8ca1-3b269658eeec}"},"src":"app://homescreen.gaiamobile.org/index.html#root","name":"Homescreen","origin":"app://homescreen.gaiamobile.org"}}, {29d2b7d9-1576-4dfb-a9a7-2520d5a2f54f}, {29d2b7d9-1576-4dfb-a9a7-2520d5a2f54f}
04-26 23:54:38.474 I/Gecko   (   84): 1398581678489	Marionette	DEBUG	Got request: switchToFrame, data: {"to":"0","sessionId":"3-b2g","name":"switchToFrame","parameters":{"id":null,"focus":true}}, id: {d0a836ad-33cb-4e75-8173-6b8dbbb0ebd8}
04-26 23:54:38.564 I/Gecko   (   84): 1398581678576	Marionette	INFO	Switched to frame: {"frameValue":null}
04-26 23:54:38.944 I/Gecko   (   84): [Parent 84] WARNING: waitpid failed pid:1625 errno:10: file ../../../gecko/ipc/chromium/src/base/process_util_posix.cc, line 254
04-26 23:54:38.944 I/Gecko   (   84): [Parent 84] WARNING: Failed to deliver SIGKILL to 1625!(3).: file ../../../gecko/ipc/chromium/src/chrome/common/process_watcher_posix_sigchld.cc, line 118
04-26 23:54:39.494 I/Gecko   (   84): 1398581679506	Marionette	INFO	sendToClient: {"from":"0","ok":true}, {d0a836ad-33cb-4e75-8173-6b8dbbb0ebd8}, {d0a836ad-33cb-4e75-8173-6b8dbbb0ebd8}
04-26 23:54:39.744 I/Gonk    (   84): Setting nice for pid 1643 to 18
04-26 23:54:39.754 I/Gonk    (   84): Changed nice for pid 1643 from 1 to 18.
04-26 23:54:39.824 I/Gecko   (   84): 1398581679842	Marionette	DEBUG	Got request: switchToFrame, data: {"to":"0","sessionId":"3-b2g","name":"switchToFrame","parameters":{"id":null,"focus":true}}, id: {6937563d-d4ac-487c-b175-d795ac8f353d}
04-26 23:54:39.884 I/Gecko   (   84): 1398581679895	Marionette	INFO	Switched to frame: {"frameValue":null}
04-26 23:54:40.014 I/Gecko   (   84): 1398581680024	Marionette	INFO	sendToClient: {"from":"0","ok":true}, {6937563d-d4ac-487c-b175-d795ac8f353d}, {6937563d-d4ac-487c-b175-d795ac8f353d}
04-26 23:54:40.014 I/Gecko   (   84): 1398581680034	Marionette	DEBUG	Got request: executeWithCallback, data: {"to":"0","sessionId":"3-b2g","name":"executeAsyncScript","parameters":{"specialPowers":false,"scriptTimeout":null,"newSandbox":true,"args":[],"filename":"gaia_test.py","script":"return GaiaApps.displayedApp();","line":66}}, id: {7ce92c3a-f0bb-4bfc-a16b-548b02192e21}
04-26 23:54:40.254 E/GeckoConsole(   84): Content JS LOG at dummy file:392 in GaiaApps.displayedApp: app with origin 'app://homescreen.gaiamobile.org' is displayed
04-26 23:54:40.254 I/Gecko   (   84): 1398581680269	Marionette	INFO	sendToClient: {"from":"0","value":{"frame":{"ELEMENT":"{061a1cf6-7403-43da-8ca1-3b269658eeec}"},"src":"app://homescreen.gaiamobile.org/index.html#root","name":"Homescreen","origin":"app://homescreen.gaiamobile.org"}}, {7ce92c3a-f0bb-4bfc-a16b-548b02192e21}, {7ce92c3a-f0bb-4bfc-a16b-548b02192e21}
04-26 23:54:40.314 I/Gecko   (   84): 1398581680325	Marionette	DEBUG	Got request: switchToFrame, data: {"to":"0","sessionId":"3-b2g","name":"switchToFrame","parameters":{"focus":true,"element":"{061a1cf6-7403-43da-8ca1-3b269658eeec}"}}, id: {9ab53482-ab9e-4b33-9702-5cc80bfef142}
04-26 23:54:40.334 I/Gecko   (   84): 1398581680344	Marionette	INFO	Switched to frame: {"frameValue":"{061a1cf6-7403-43da-8ca1-3b269658eeec}"}
04-26 23:54:40.334 I/Gecko   (   84): 1398581680347	Marionette	INFO	trying remote frame 0
04-26 23:54:40.334 I/Gecko   (   84): 1398581680349	Marionette	INFO	trying remote frame 1
04-26 23:54:40.334 I/Gecko   (   84): 1398581680350	Marionette	INFO	trying remote frame 2
04-26 23:54:40.334 I/Gecko   (   84): 1398581680351	Marionette	INFO	trying remote frame 3
04-26 23:54:40.334 I/Gecko   (   84): 1398581680352	Marionette	INFO	deleting frame
04-26 23:54:40.344 I/Gecko   (   84): 1398581680354	Marionette	INFO	trying remote frame 4
04-26 23:54:40.344 I/Gecko   (   84): 1398581680360	Marionette	INFO	frame-manager load script: [object ChromeMessageSender]
04-26 23:54:40.634 I/Gecko   ( 1706): ###################################### forms.js loaded
04-26 23:54:40.654 I/Gecko   ( 1706): ############################### browserElementPanning.js loaded
04-26 23:54:40.694 I/Gecko   ( 1706): ######################## BrowserElementChildPreload.js loaded
04-26 23:54:40.884 I/Gecko   (   84): [Parent 84] WARNING: pipe error (131): Connection reset by peer: file ../../../gecko/ipc/chromium/src/chrome/common/ipc_channel_posix.cc, line 446
04-26 23:54:40.894 I/Gecko   (   84): 
04-26 23:54:40.894 I/Gecko   (   84): ###!!! [Parent][MessageChannel] Error: Channel error: cannot send/recv
04-26 23:54:40.894 I/Gecko   (   84): 
04-26 23:54:40.984 I/GeckoDump(   84): Crash reporter : Can't fetch app.reportCrashes. Exception: [Exception... "Component returned failure code: 0x8000ffff (NS_ERROR_UNEXPECTED) [nsIPrefBranch.getBoolPref]"  nsresult: "0x8000ffff (NS_ERROR_UNEXPECTED)"  location: "JS frame :: chrome://browser/content/shell.js :: shell_reportCrash :: line 7"  data: no]
04-26 23:54:41.004 I/Gecko   (   84): [Parent 84] WARNING: waitpid failed pid:1643 errno:10: file ../../../gecko/ipc/chromium/src/base/process_util_posix.cc, line 254
04-26 23:54:41.484 W/WifiHW  (   84): wifi_command: SIGNAL_POLL
04-26 23:54:41.894 I/Gecko   (   84): 1398581681906	Marionette	INFO	sendToClient: {"from":"0","ok":true}, {9ab53482-ab9e-4b33-9702-5cc80bfef142}, {9ab53482-ab9e-4b33-9702-5cc80bfef142}
04-26 23:54:42.284 I/Gecko   (   84): 1398581682297	Marionette	INFO	sendToClient: {"from":"0","value":"app://homescreen.gaiamobile.org/index.html#root"}, {2e52c7c5-cca1-467d-b7c9-a8e7aba5499f}, {2e52c7c5-cca1-467d-b7c9-a8e7aba5499f}
04-26 23:54:42.314 I/Gecko   (   84): 1398581682326	Marionette	DEBUG	Got request: switchToFrame, data: {"to":"0","sessionId":"3-b2g","name":"switchToFrame","parameters":{"id":null,"focus":true}}, id: {7f92ab6d-9e02-48bf-af92-079bea2bd304}
04-26 23:54:42.334 I/Gecko   (   84): 1398581682348	Marionette	INFO	Switched to frame: {"frameValue":null}
04-26 23:54:42.444 I/Gecko   (   84): 1398581682455	Marionette	INFO	sendToClient: {"from":"0","ok":true}, {7f92ab6d-9e02-48bf-af92-079bea2bd304}, {7f92ab6d-9e02-48bf-af92-079bea2bd304}
04-26 23:54:42.444 I/Gecko   (   84): 1398581682461	Marionette	DEBUG	Got request: switchToFrame, data: {"to":"0","sessionId":"3-b2g","name":"switchToFrame","parameters":{"id":null,"focus":true}}, id: {da660b65-efbe-416f-ae1e-719fcf4f298a}
04-26 23:54:42.444 I/Gecko   (   84): 1398581682463	Marionette	INFO	Switched to frame: {"frameValue":null}
04-26 23:54:42.554 I/Gecko   (   84): 1398581682569	Marionette	INFO	sendToClient: {"from":"0","ok":true}, {da660b65-efbe-416f-ae1e-719fcf4f298a}, {da660b65-efbe-416f-ae1e-719fcf4f298a}
04-26 23:54:42.564 I/Gecko   (   84): 1398581682575	Marionette	DEBUG	Got request: executeWithCallback, data: {"to":"0","sessionId":"3-b2g","name":"executeAsyncScript","parameters":{"specialPowers":false,"scriptTimeout":null,"newSandbox":true,"args":[],"filename":"gaia_test.py","script":"GaiaApps.killAll()","line":91}}, id: {ce0c62d1-3479-4147-988d-f683fcfa817e}
04-26 23:54:42.624 I/Gecko   (   84): 1398581682635	Marionette	INFO	sendToClient: {"from":"0","value":true}, {ce0c62d1-3479-4147-988d-f683fcfa817e}, {ce0c62d1-3479-4147-988d-f683fcfa817e}
04-26 23:54:42.624 I/Gecko   (   84): 1398581682643	Marionette	DEBUG	Got request: switchToFrame, data: {"to":"0","sessionId":"3-b2g","name":"switchToFrame","parameters":{"id":null,"focus":true}}, id: {b5ee85db-68fb-46b5-bd7c-d8a1c361f72d}
04-26 23:54:42.634 I/Gecko   (   84): 1398581682646	Marionette	INFO	Switched to frame: {"frameValue":null}
04-26 23:54:42.744 I/Gecko   (   84): 1398581682756	Marionette	INFO	sendToClient: {"from":"0","ok":true}, {b5ee85db-68fb-46b5-bd7c-d8a1c361f72d}, {b5ee85db-68fb-46b5-bd7c-d8a1c361f72d}
04-26 23:54:42.744 I/Gecko   (   84): 1398581682764	Marionette	DEBUG	Got request: executeWithCallback, data: {"to":"0","sessionId":"3-b2g","name":"executeAsyncScript","parameters":{"specialPowers":false,"scriptTimeout":60000,"newSandbox":true,"args":[],"filename":"app_checker.py","script":"\n        GaiaApps.locateWithManifestURL('https://marketplace.firefox.com/app/7f7c9bef-e0e5-4edc-a2d9-2d77f2309d46/manifest.webapp',\n                                       null,\n                                       function uninstall(app) {\n                                       navigator.mozApps.mgmt.uninstall(app);\n                                       marionetteScriptFinished(true);\n                                       });\n        ","line":129}}, id: {36f36983-569e-4ce1-af1c-adf076aae894}
04-26 23:54:42.794 I/Gecko   (   84): -- webapps.js uninstall https://marketplace.firefox.com/app/7f7c9bef-e0e5-4edc-a2d9-2d77f2309d46/manifest.webapp
04-26 23:54:42.884 I/Gonk    (   84): Setting nice for pid 1724 to 18
04-26 23:54:42.894 I/Gonk    (   84): Changed nice for pid 1724 from 0 to 18.
04-26 23:54:43.004 I/Gecko   (   84): [Parent 84] WARNING: waitpid failed pid:1643 errno:10: file ../../../gecko/ipc/chromium/src/base/process_util_posix.cc, line 254
04-26 23:54:43.004 I/Gecko   (   84): [Parent 84] WARNING: Failed to deliver SIGKILL to 1643!(3).: file ../../../gecko/ipc/chromium/src/chrome/common/process_watcher_posix_sigchld.cc, line 118
04-26 23:54:43.184 I/Gecko   (   84): 1398581683202	Marionette	INFO	sendToClient: {"from":"0","value":true}, {36f36983-569e-4ce1-af1c-adf076aae894}, {36f36983-569e-4ce1-af1c-adf076aae894}