--------- beginning of /dev/log/main
04-25 22:24:39.471 I/Gecko   (   83): 1398489879474	Marionette	INFO	sendToClient: {"from":"0","ok":true}, {c9402f9d-49a6-4258-ba79-81418508c96a}, {c9402f9d-49a6-4258-ba79-81418508c96a}
04-25 22:24:39.501 I/Gecko   (   83): 1398489879508	Marionette	DEBUG	Got request: switchToFrame, data: {"to":"0","sessionId":"3-b2g","name":"switchToFrame","parameters":{"id":null,"focus":true}}, id: {7aaded00-8fa7-4534-b803-94c51acf37d8}
04-25 22:24:39.501 I/Gecko   (   83): 1398489879511	Marionette	INFO	Switched to frame: {"frameValue":null}
04-25 22:24:39.611 I/Gecko   (   83): 1398489879617	Marionette	INFO	sendToClient: {"from":"0","ok":true}, {7aaded00-8fa7-4534-b803-94c51acf37d8}, {7aaded00-8fa7-4534-b803-94c51acf37d8}
04-25 22:24:39.631 I/Gecko   (   83): 1398489879639	Marionette	DEBUG	Got request: executeWithCallback, data: {"to":"0","sessionId":"3-b2g","name":"executeAsyncScript","parameters":{"specialPowers":false,"scriptTimeout":null,"newSandbox":true,"args":[],"filename":"gaia_test.py","script":"return GaiaApps.displayedApp();","line":66}}, id: {b4bdfe1e-cd77-4650-81c9-864403d8397d}
04-25 22:24:39.771 E/GeckoConsole(   83): Content JS LOG at dummy file:392 in GaiaApps.displayedApp: app with origin 'app://homescreen.gaiamobile.org' is displayed
04-25 22:24:39.781 I/Gecko   (   83): 1398489879784	Marionette	INFO	sendToClient: {"from":"0","value":{"frame":{"ELEMENT":"{dd9ced31-6a64-4653-bcf7-a89c9b78464d}"},"src":"app://homescreen.gaiamobile.org/index.html#root","name":"Homescreen","origin":"app://homescreen.gaiamobile.org"}}, {b4bdfe1e-cd77-4650-81c9-864403d8397d}, {b4bdfe1e-cd77-4650-81c9-864403d8397d}
04-25 22:24:39.801 I/Gecko   (   83): 1398489879807	Marionette	DEBUG	Got request: switchToFrame, data: {"to":"0","sessionId":"3-b2g","name":"switchToFrame","parameters":{"id":null,"focus":true}}, id: {359c546e-5d77-46e1-9ffe-46bd8b45a190}
04-25 22:24:39.801 I/Gecko   (   83): 1398489879809	Marionette	INFO	Switched to frame: {"frameValue":null}
04-25 22:24:40.191 I/Gecko   (   83): 1398489880194	Marionette	INFO	sendToClient: {"from":"0","ok":true}, {359c546e-5d77-46e1-9ffe-46bd8b45a190}, {359c546e-5d77-46e1-9ffe-46bd8b45a190}
04-25 22:24:40.201 I/Gecko   (   83): 1398489880206	Marionette	DEBUG	Got request: switchToFrame, data: {"to":"0","sessionId":"3-b2g","name":"switchToFrame","parameters":{"id":null,"focus":true}}, id: {b7fd66de-3df7-4cb7-9ba7-ed7b1bdad9a2}
04-25 22:24:40.201 I/Gecko   (   83): 1398489880208	Marionette	INFO	Switched to frame: {"frameValue":null}
04-25 22:24:40.321 I/Gecko   (   83): 1398489880323	Marionette	INFO	sendToClient: {"from":"0","ok":true}, {b7fd66de-3df7-4cb7-9ba7-ed7b1bdad9a2}, {b7fd66de-3df7-4cb7-9ba7-ed7b1bdad9a2}
04-25 22:24:40.321 I/Gecko   (   83): 1398489880330	Marionette	DEBUG	Got request: executeWithCallback, data: {"to":"0","sessionId":"3-b2g","name":"executeAsyncScript","parameters":{"specialPowers":false,"scriptTimeout":null,"newSandbox":true,"args":[],"filename":"gaia_test.py","script":"return GaiaApps.displayedApp();","line":66}}, id: {d5591e10-14a4-4688-902c-3ef0351ae0e8}
04-25 22:24:40.371 V/AudioPolicyManagerBase(   88): startOutput() output 1, stream 1, session 3
04-25 22:24:40.371 V/AudioPolicyManagerBase(   88): changeRefCount() stream 1, count 1
04-25 22:24:40.371 V/AudioPolicyManagerBase(   88): getDeviceForStrategy() from cache strategy 0, device 2
04-25 22:24:40.371 V/AudioPolicyManagerBase(   88): getNewDevice() selected device 2
04-25 22:24:40.371 D/AudioPolicyManagerBase(   88): setOutputDevice() output 1 device 2 delayMs 0
04-25 22:24:40.371 V/AudioPolicyManagerBase(   88): setOutputDevice() setting same device 2 or null device for output 1
04-25 22:24:40.371 E/AudioPolicyManagerBase(   88): checkAndSetVolume stream=1, index=0, output=1, device=2
04-25 22:24:40.371 E/AudioPolicyManagerBase(   88): computeVolume, streamDesc=0x142bbb8
04-25 22:24:40.391 W/AudioFlinger(   88): Thread AudioOut_1 cannot connect to the power manager service
04-25 22:24:40.391 V/AudioPolicyManagerBase(   88): stopOutput() output 1, stream 1, session 3
04-25 22:24:40.391 V/AudioPolicyManagerBase(   88): changeRefCount() stream 1, count 0
04-25 22:24:40.391 V/AudioPolicyManagerBase(   88): getNewDevice() selected device 0
04-25 22:24:40.391 D/AudioPolicyManagerBase(   88): setOutputDevice() output 1 device 0 delayMs 290
04-25 22:24:40.391 V/AudioPolicyManagerBase(   88): setOutputDevice() setting same device 0 or null device for output 1
04-25 22:24:40.391 V/AudioPolicyManagerBase(   88): releaseOutput() 1
04-25 22:24:40.421 I/Gecko   (   83): 1398489880424	Marionette	INFO	sendToClient: {"from":"0","value":{"frame":{"ELEMENT":"{dd9ced31-6a64-4653-bcf7-a89c9b78464d}"},"src":"app://homescreen.gaiamobile.org/index.html#root","name":"Homescreen","origin":"app://homescreen.gaiamobile.org"}}, {d5591e10-14a4-4688-902c-3ef0351ae0e8}, {d5591e10-14a4-4688-902c-3ef0351ae0e8}
04-25 22:24:40.421 E/GeckoConsole(   83): Content JS LOG at dummy file:392 in GaiaApps.displayedApp: app with origin 'app://homescreen.gaiamobile.org' is displayed
04-25 22:24:40.431 I/Gecko   (   83): 1398489880438	Marionette	DEBUG	Got request: switchToFrame, data: {"to":"0","sessionId":"3-b2g","name":"switchToFrame","parameters":{"focus":true,"element":"{dd9ced31-6a64-4653-bcf7-a89c9b78464d}"}}, id: {f1a8cec4-1d34-43dc-bb26-321591f09f94}
04-25 22:24:40.461 I/Gecko   (   83): 1398489880468	Marionette	INFO	Switched to frame: {"frameValue":"{dd9ced31-6a64-4653-bcf7-a89c9b78464d}"}
04-25 22:24:40.471 I/Gecko   (   83): 1398489880480	Marionette	INFO	trying remote frame 0
04-25 22:24:40.471 I/Gecko   (   83): 1398489880481	Marionette	INFO	deleting frame
04-25 22:24:40.481 I/Gecko   (   83): 1398489880486	Marionette	INFO	frame-manager load script: [object ChromeMessageSender]
04-25 22:24:40.871 I/Gecko   (   83): 1398489880876	Marionette	INFO	sendToClient: {"from":"0","ok":true}, {f1a8cec4-1d34-43dc-bb26-321591f09f94}, {f1a8cec4-1d34-43dc-bb26-321591f09f94}
04-25 22:24:40.971 I/Gecko   (   83): 1398489880976	Marionette	INFO	sendToClient: {"from":"0","value":{"ELEMENT":"{b162c60b-46d2-4799-af56-efbf93ee69f6}"}}, {c36faace-14a9-4b07-bcad-646eaa5bb470}, {c36faace-14a9-4b07-bcad-646eaa5bb470}
04-25 22:24:41.311 E/GeckoConsole(  766): [JavaScript Warning: "Use of getAttributeNode() is deprecated. Use getAttribute() instead." {file: "chrome://marionette/content/atoms.js" line: 25}]
04-25 22:24:41.311 E/GeckoConsole(  766): [JavaScript Warning: "Use of attributes' specified attribute is deprecated. It always returns true." {file: "chrome://marionette/content/atoms.js" line: 25}]
04-25 22:24:41.311 I/Gecko   (   83): 1398489881320	Marionette	INFO	sendToClient: {"from":"0","value":"normal"}, {afd5d8a7-4c7b-43d1-85fa-a96a1a322a2e}, {afd5d8a7-4c7b-43d1-85fa-a96a1a322a2e}
04-25 22:24:41.321 I/Gecko   (   83): 1398489881327	Marionette	DEBUG	Got request: switchToFrame, data: {"to":"0","sessionId":"3-b2g","name":"switchToFrame","parameters":{"id":null,"focus":true}}, id: {aca4630b-a7a0-4de7-8e33-75c22e59972f}
04-25 22:24:41.331 I/Gecko   (   83): 1398489881339	Marionette	INFO	Switched to frame: {"frameValue":null}
04-25 22:24:41.431 I/Gecko   (   83): 1398489881442	Marionette	INFO	sendToClient: {"from":"0","ok":true}, {aca4630b-a7a0-4de7-8e33-75c22e59972f}, {aca4630b-a7a0-4de7-8e33-75c22e59972f}
04-25 22:24:41.441 I/Gecko   (   83): 1398489881450	Marionette	DEBUG	Got request: execute, data: {"to":"0","sessionId":"3-b2g","name":"executeScript","parameters":{"specialPowers":false,"scriptTimeout":null,"newSandbox":true,"args":[],"filename":"gaia_test.py","script":"window.wrappedJSObject.dispatchEvent(new Event('home'));","line":788}}, id: {5ab4d270-e1f0-46da-b143-efb588f84427}
04-25 22:24:41.511 I/Gecko   (   83): 1398489881514	Marionette	INFO	sendToClient: {"from":"0","value":null}, {5ab4d270-e1f0-46da-b143-efb588f84427}, {5ab4d270-e1f0-46da-b143-efb588f84427}
04-25 22:24:41.521 I/Gecko   (   83): 1398489881526	Marionette	DEBUG	Got request: switchToFrame, data: {"to":"0","sessionId":"3-b2g","name":"switchToFrame","parameters":{"id":null,"focus":true}}, id: {5d24d24a-9cf7-4c4b-8e89-0b916b315d36}
04-25 22:24:41.521 I/Gecko   (   83): 1398489881527	Marionette	INFO	Switched to frame: {"frameValue":null}
04-25 22:24:41.631 I/Gecko   (   83): 1398489881636	Marionette	INFO	sendToClient: {"from":"0","ok":true}, {5d24d24a-9cf7-4c4b-8e89-0b916b315d36}, {5d24d24a-9cf7-4c4b-8e89-0b916b315d36}
04-25 22:24:41.631 I/Gecko   (   83): 1398489881642	Marionette	DEBUG	Got request: switchToFrame, data: {"to":"0","sessionId":"3-b2g","name":"switchToFrame","parameters":{"id":null,"focus":true}}, id: {7a60ab00-3e0c-4f93-89cb-4c8924157915}
04-25 22:24:41.641 I/Gecko   (   83): 1398489881644	Marionette	INFO	Switched to frame: {"frameValue":null}
04-25 22:24:41.671 W/WifiHW  (   83): wifi_command: SIGNAL_POLL
04-25 22:24:41.741 I/Gecko   (   83): 1398489881746	Marionette	INFO	sendToClient: {"from":"0","ok":true}, {7a60ab00-3e0c-4f93-89cb-4c8924157915}, {7a60ab00-3e0c-4f93-89cb-4c8924157915}
04-25 22:24:41.751 I/Gecko   (   83): 1398489881754	Marionette	DEBUG	Got request: executeWithCallback, data: {"to":"0","sessionId":"3-b2g","name":"executeAsyncScript","parameters":{"specialPowers":false,"scriptTimeout":null,"newSandbox":true,"args":[],"filename":"gaia_test.py","script":"return GaiaApps.displayedApp();","line":66}}, id: {91a9112c-cd00-4804-9822-7a32cea2ab07}
04-25 22:24:41.831 I/Gecko   (   83): 1398489881841	Marionette	INFO	sendToClient: {"from":"0","value":{"frame":{"ELEMENT":"{dd9ced31-6a64-4653-bcf7-a89c9b78464d}"},"src":"app://homescreen.gaiamobile.org/index.html#rootFri%20Apr%2025%202014%2022:24:41%20GMT-0700%20(UTC)","name":"Homescreen","origin":"app://homescreen.gaiamobile.org"}}, {91a9112c-cd00-4804-9822-7a32cea2ab07}, {91a9112c-cd00-4804-9822-7a32cea2ab07}
04-25 22:24:41.841 E/GeckoConsole(   83): Content JS LOG at dummy file:392 in GaiaApps.displayedApp: app with origin 'app://homescreen.gaiamobile.org' is displayed
04-25 22:24:41.841 I/Gecko   (   83): 1398489881851	Marionette	DEBUG	Got request: switchToFrame, data: {"to":"0","sessionId":"3-b2g","name":"switchToFrame","parameters":{"focus":true,"element":"{dd9ced31-6a64-4653-bcf7-a89c9b78464d}"}}, id: {26703cf9-6624-4d11-bf0c-a51cc519aff9}
04-25 22:24:41.851 I/Gecko   (   83): 1398489881858	Marionette	INFO	Switched to frame: {"frameValue":"{dd9ced31-6a64-4653-bcf7-a89c9b78464d}"}
04-25 22:24:41.861 I/Gecko   (   83): 1398489881866	Marionette	INFO	trying remote frame 0
04-25 22:24:42.211 I/Gecko   (   83): 1398489882216	Marionette	INFO	sendToClient: {"from":"0","ok":true}, {26703cf9-6624-4d11-bf0c-a51cc519aff9}, {26703cf9-6624-4d11-bf0c-a51cc519aff9}
04-25 22:24:42.221 I/Gecko   (   83): 1398489882224	Marionette	DEBUG	Got request: execute, data: {"to":"0","sessionId":"3-b2g","name":"executeScript","parameters":{"specialPowers":false,"scriptTimeout":null,"newSandbox":true,"args":[],"filename":"gaia_test.py","script":"return window.wrappedJSObject.GridManager.pageHelper.getCurrentPageNumber();","line":784}}, id: {c0bb5403-4be5-44ba-bf03-13958a340bf2}
04-25 22:24:42.491 I/Gecko   (   83): 1398489882502	Marionette	INFO	sendToClient: {"from":"0","value":0}, {c0bb5403-4be5-44ba-bf03-13958a340bf2}, {c0bb5403-4be5-44ba-bf03-13958a340bf2}
04-25 22:24:43.571 I/Gecko   (   83): 1398489883578	Marionette	INFO	sendToClient: {"from":"0","value":["{51a5d66b-b55a-48ba-bb29-a5fbafbb360c}","{f0a62991-2573-4b92-b22f-4d07442f7187}","{c14bcf66-e27b-403b-aa12-59b9f0999cea}","{6ce08d69-610d-45c6-87a8-84c3e2ea8fc4}","{8e499c45-0b3c-4d01-9d9f-dd79756047e2}","{09d2037e-6b1f-4b2d-84fb-fdf6b7d4e482}","{dfbd0fa6-a7ea-446d-9cb4-c46d16839b46}","{701767ad-da0b-4874-80ea-e49f3fd33369}","{437278ee-964c-4752-8a39-63443431cb1d}","{aed207f9-129b-4311-a722-f2fae95607e0}","{26f24785-68f6-458c-b612-39b52fd7e119}","{b41b25c9-b192-4593-a6d5-b53f7ca40d7b}","{2560c56d-e27d-4f83-8cf0-9ad83ae4188b}","{808d4c28-34fe-4f71-a601-368b2f1bad06}","{7f1c31e7-d059-4d6a-8e45-6730c49115fd}","{773b67ba-fe96-402a-9ee6-89300e3cb593}","{44727387-97ed-4c0c-897c-bf51c17a1938}","{1f97c5ab-f191-4f17-a100-2d9087c3350d}","{bb24ee8c-5237-41ca-ae8b-08dd5a1edf71}","{6fbeb377-23f5-49ec-b0c8-775ed9d5aa31}","{c92732ed-e1f9-4d48-ab95-299720376c88}"]}, {39a225d9-19b4-463b-a21d-99a7b69342eb}, {39a225d9-19b4-463b-a21d-99a7b69342eb}
04-25 22:24:43.691 E/GeckoConsole(  766): Content JS WARN at app://homescreen.gaiamobile.org/gaia_build_defer_index.js:184 in isHiddenApp: Unexpected role when checking hidden app: undefined
04-25 22:24:43.691 E/GeckoConsole(  766): Content JS WARN at app://homescreen.gaiamobile.org/gaia_build_defer_index.js:184 in isHiddenApp: Unexpected role when checking hidden app: undefined
04-25 22:24:43.691 E/GeckoConsole(  766): Content JS WARN at app://homescreen.gaiamobile.org/gaia_build_defer_index.js:184 in isHiddenApp: Unexpected role when checking hidden app: undefined
04-25 22:24:43.701 E/GeckoConsole(  766): Content JS WARN at app://homescreen.gaiamobile.org/gaia_build_defer_index.js:184 in isHiddenApp: Unexpected role when checking hidden app: undefined
04-25 22:24:43.701 E/GeckoConsole(  766): Content JS WARN at app://homescreen.gaiamobile.org/gaia_build_defer_index.js:184 in isHiddenApp: Unexpected role when checking hidden app: undefined
04-25 22:24:43.701 E/GeckoConsole(  766): Content JS WARN at app://homescreen.gaiamobile.org/gaia_build_defer_index.js:184 in isHiddenApp: Unexpected role when checking hidden app: undefined
04-25 22:24:43.701 E/GeckoConsole(  766): Content JS WARN at app://homescreen.gaiamobile.org/gaia_build_defer_index.js:184 in isHiddenApp: Unexpected role when checking hidden app: undefined
04-25 22:24:43.701 E/GeckoConsole(  766): Content JS WARN at app://homescreen.gaiamobile.org/gaia_build_defer_index.js:184 in isHiddenApp: Unexpected role when checking hidden app: undefined
04-25 22:24:43.701 E/GeckoConsole(  766): Content JS WARN at app://homescreen.gaiamobile.org/gaia_build_defer_index.js:184 in isHiddenApp: Unexpected role when checking hidden app: undefined
04-25 22:24:43.701 E/GeckoConsole(  766): Content JS WARN at app://homescreen.gaiamobile.org/gaia_build_defer_index.js:184 in isHiddenApp: Unexpected role when checking hidden app: undefined
04-25 22:24:43.701 E/GeckoConsole(  766): Content JS WARN at app://homescreen.gaiamobile.org/gaia_build_defer_index.js:184 in isHiddenApp: Unexpected role when checking hidden app: undefined
04-25 22:24:43.701 E/GeckoConsole(  766): Content JS WARN at app://homescreen.gaiamobile.org/gaia_build_defer_index.js:184 in isHiddenApp: Unexpected role when checking hidden app: undefined
04-25 22:24:43.701 E/GeckoConsole(  766): Content JS WARN at app://homescreen.gaiamobile.org/gaia_build_defer_index.js:184 in isHiddenApp: Unexpected role when checking hidden app: undefined
04-25 22:24:43.701 E/GeckoConsole(  766): Content JS WARN at app://homescreen.gaiamobile.org/gaia_build_defer_index.js:184 in isHiddenApp: Unexpected role when checking hidden app: undefined
04-25 22:24:43.701 E/GeckoConsole(  766): Content JS WARN at app://homescreen.gaiamobile.org/gaia_build_defer_index.js:184 in isHiddenApp: Unexpected role when checking hidden app: undefined
04-25 22:24:43.701 E/GeckoConsole(  766): Content JS WARN at app://homescreen.gaiamobile.org/gaia_build_defer_index.js:184 in isHiddenApp: Unexpected role when checking hidden app: undefined
04-25 22:24:43.711 E/GeckoConsole(  766): Content JS WARN at app://homescreen.gaiamobile.org/gaia_build_defer_index.js:184 in isHiddenApp: Unexpected role when checking hidden app: undefined
04-25 22:24:43.831 I/Gecko   (   83): 1398489883834	Marionette	INFO	sendToClient: {"from":"0","value":"app://homescreen.gaiamobile.org/index.html#rootFri%20Apr%2025%202014%2022:24:41%20GMT-0700%20(UTC)"}, {9bc18221-0faf-49d1-b4e3-a73a2dbb627e}, {9bc18221-0faf-49d1-b4e3-a73a2dbb627e}
04-25 22:24:43.831 I/Gecko   (   83): 1398489883840	Marionette	DEBUG	Got request: switchToFrame, data: {"to":"0","sessionId":"3-b2g","name":"switchToFrame","parameters":{"id":null,"focus":true}}, id: {8b417dd5-058f-4933-a374-6bae6c3ca85e}
04-25 22:24:43.861 I/Gecko   (   83): 1398489883867	Marionette	INFO	Switched to frame: {"frameValue":null}
04-25 22:24:43.961 I/Gecko   (   83): 1398489883970	Marionette	INFO	sendToClient: {"from":"0","ok":true}, {8b417dd5-058f-4933-a374-6bae6c3ca85e}, {8b417dd5-058f-4933-a374-6bae6c3ca85e}
04-25 22:24:43.971 I/Gecko   (   83): 1398489883976	Marionette	DEBUG	Got request: switchToFrame, data: {"to":"0","sessionId":"3-b2g","name":"switchToFrame","parameters":{"id":null,"focus":true}}, id: {c479b83c-a170-4159-baf4-3512efa324a7}
04-25 22:24:43.971 I/Gecko   (   83): 1398489883978	Marionette	INFO	Switched to frame: {"frameValue":null}
04-25 22:24:44.771 I/Gecko   (   83): 1398489884774	Marionette	INFO	sendToClient: {"from":"0","ok":true}, {c479b83c-a170-4159-baf4-3512efa324a7}, {c479b83c-a170-4159-baf4-3512efa324a7}
04-25 22:24:44.801 I/Gecko   (   83): 1398489884808	Marionette	DEBUG	Got request: executeWithCallback, data: {"to":"0","sessionId":"3-b2g","name":"executeAsyncScript","parameters":{"specialPowers":false,"scriptTimeout":30000,"newSandbox":true,"args":[],"filename":"app_checker.py","script":"GaiaApps.launchWithManifestURL('https://marketplace.firefox.com/app/b5a9ea38-57d1-4a68-8600-b249fa5ca048/manifest.webapp')","line":106}}, id: {f88538ae-d6ee-402b-8493-462b6968df3e}
04-25 22:24:44.971 I/Gonk    (   83): Setting nice for pid 776 to 18
04-25 22:24:44.971 I/Gonk    (   83): Changed nice for pid 776 from 18 to 18.
04-25 22:24:44.971 I/Gecko   (   83): [Parent 83] WARNING: waitpid failed pid:776 errno:10: file ../../../gecko/ipc/chromium/src/base/process_util_posix.cc, line 254
04-25 22:24:44.981 I/Gonk    (   83): Setting nice for pid 776 to 1
04-25 22:24:44.981 I/Gonk    (   83): Changed nice for pid 776 from 18 to 1.
04-25 22:24:45.001 E/GeckoConsole(   83): Content JS LOG at dummy file:334 in GaiaApps.launch: launching app with name 'AfterEffects'
04-25 22:24:45.131 E/[Gralloc-ERROR](   83): int gralloc_register_buffer(const gralloc_module_t*, const native_handle_t*):79 Unable to register handle 0x475cf1a0 coming from different process: 83
04-25 22:24:45.141 E/[Gralloc-ERROR](   83): int gralloc_register_buffer(const gralloc_module_t*, const native_handle_t*):79 Unable to register handle 0x475cf420 coming from different process: 83
04-25 22:24:45.161 E/[Gralloc-ERROR](   83): int gralloc_register_buffer(const gralloc_module_t*, const native_handle_t*):79 Unable to register handle 0x475d5100 coming from different process: 83
04-25 22:24:45.161 E/[Gralloc-ERROR](   83): int gralloc_register_buffer(const gralloc_module_t*, const native_handle_t*):79 Unable to register handle 0x477691f0 coming from different process: 83
04-25 22:24:45.321 D/Sensors (   83): activate handle=0; drv=0
04-25 22:24:45.351 D/Sensors (   83): Lis3dhSensor: Control set 1
04-25 22:24:45.351 D/Sensors (   83): Lis3dhSensor: mEnabled = 1
04-25 22:24:45.491 I/Gonk    (   83): Setting nice for pid 766 to 18
04-25 22:24:45.491 I/Gonk    (   83): Changed nice for pid 766 from 1 to 18.
04-25 22:24:45.571 I/Gonk    (   83): Setting nice for pid 827 to 18
04-25 22:24:45.571 I/Gonk    (   83): Changed nice for pid 827 from 0 to 18.
04-25 22:24:46.671 W/WifiHW  (   83): wifi_command: SIGNAL_POLL
04-25 22:24:47.361 I/Gecko   (  776): ###################################### forms.js loaded
04-25 22:24:47.401 I/Gecko   (  776): ############################### browserElementPanning.js loaded
04-25 22:24:47.461 I/Gecko   (  776): ######################## BrowserElementChildPreload.js loaded
04-25 22:24:47.661 I/Gecko   (  827): ###################################### forms.js loaded
04-25 22:24:47.711 I/Gecko   (  827): ############################### browserElementPanning.js loaded
04-25 22:24:47.761 I/Gecko   (  827): ######################## BrowserElementChildPreload.js loaded
04-25 22:24:49.001 E/GeckoConsole(  776): [JavaScript Warning: "Unknown property 'speak'.  Declaration dropped." {file: "app://{49a24a26-70c9-4a4b-8bcf-fab55dcbbb02}/css/vendor/jqmobile_flatui/jquery.mobile.flatui.css" line: 70 column: 7 source: "  speak: none;"}]
04-25 22:24:49.011 E/GeckoConsole(  776): [JavaScript Warning: "Expected 'none' or URL but found 'Alpha('.  Error in parsing value for 'filter'.  Declaration dropped." {file: "app://{49a24a26-70c9-4a4b-8bcf-fab55dcbbb02}/css/vendor/jqmobile_flatui/jquery.mobile.flatui.css" line: 370 column: 9 source: "	filter: Alpha(Opacity=30);"}]
04-25 22:24:49.011 E/GeckoConsole(  776): [JavaScript Warning: "Unknown property 'zoom'.  Declaration dropped." {file: "app://{49a24a26-70c9-4a4b-8bcf-fab55dcbbb02}/css/vendor/jqmobile_flatui/jquery.mobile.flatui.css" line: 372 column: 5 source: "	zoom: 1;"}]
04-25 22:24:49.011 E/GeckoConsole(  776): [JavaScript Warning: "Unknown property '-moz-border-radius'.  Declaration dropped." {file: "app://{49a24a26-70c9-4a4b-8bcf-fab55dcbbb02}/css/vendor/jqmobile_flatui/jquery.mobile.flatui.css" line: 388 column: 19 source: "	-moz-border-radius: 10px;"}]
04-25 22:24:49.011 E/GeckoConsole(  776): [JavaScript Warning: "Expected media feature name but found '-webkit-min-device-pixel-ratio'." {file: "app://{49a24a26-70c9-4a4b-8bcf-fab55dcbbb02}/css/vendor/jqmobile_flatui/jquery.mobile.flatui.css" line: 526 column: 24 source: "@media only screen and (-webkit-min-device-pixel-ratio: 1.3),"}]
04-25 22:24:49.011 E/GeckoConsole(  776): [JavaScript Warning: "Unknown property '-moz-background-size'.  Declaration dropped." {file: "app://{49a24a26-70c9-4a4b-8bcf-fab55dcbbb02}/css/vendor/jqmobile_flatui/jquery.mobile.flatui.css" line: 537 column: 22 source: "		-moz-background-size: 864px 18px;"}]
04-25 22:24:49.011 E/GeckoConsole(  776): [JavaScript Warning: "Expected 'none' or URL but found 'Alpha('.  Error in parsing value for 'filter'.  Declaration dropped." {file: "app://{49a24a26-70c9-4a4b-8bcf-fab55dcbbb02}/css/vendor/jqmobile_flatui/jquery.mobile.flatui.css" line: 666 column: 9 source: "	filter: Alpha(Opacity=50);"}]
04-25 22:24:49.011 E/GeckoConsole(  776): [JavaScript Warning: "Unknown property '-moz-box-shadow'.  Declaration dropped." {file: "app://{49a24a26-70c9-4a4b-8bcf-fab55dcbbb02}/css/vendor/jqmobile_flatui/jquery.mobile.flatui.css" line: 686 column: 16 source: "	-moz-box-shadow: none !important;"}]
04-25 22:24:49.031 E/GeckoConsole(  776): [JavaScript Warning: "Expected 'none' or URL but found 'Alpha('.  Error in parsing value for 'filter'.  Declaration dropped." {file: "app://{49a24a26-70c9-4a4b-8bcf-fab55dcbbb02}/css/vendor/jqmobile_flatui/jquery.mobile.flatui.css" line: 734 column: 47 source: ".ui-loader-default { background: none; filter: Alpha(Opacity=18); opacity: .18; width: 46px; height: 46px; margin-left: -23px; margin-top: -23px; }"}]
04-25 22:24:49.031 E/GeckoConsole(  776): [JavaScript Warning: "Expected 'none' or URL but found 'Alpha('.  Error in parsing value for 'filter'.  Declaration dropped." {file: "app://{49a24a26-70c9-4a4b-8bcf-fab55dcbbb02}/css/vendor/jqmobile_flatui/jquery.mobile.flatui.css" line: 735 column: 43 source: ".ui-loader-verbose { width: 200px; filter: Alpha(Opacity=88); opacity: .88; box-shadow: 0 1px 1px -1px #fff; height: auto; margin-left: -110px; margin-top: -43px; padding: 10px; }"}]
04-25 22:24:49.031 E/GeckoConsole(  776): [JavaScript Warning: "Expected 'none' or URL but found 'Alpha('.  Error in parsing value for 'filter'.  Declaration dropped." {file: "app://{49a24a26-70c9-4a4b-8bcf-fab55dcbbb02}/css/vendor/jqmobile_flatui/jquery.mobile.flatui.css" line: 739 column: 59 source: ".ui-loader-verbose .ui-icon { margin: 0 auto 10px; filter: Alpha(Opacity=75); opacity: .75; }"}]
04-25 22:24:49.031 E/GeckoConsole(  776): [JavaScript Warning: "Unknown property 'zoom'.  Declaration dropped." {file: "app://{49a24a26-70c9-4a4b-8bcf-fab55dcbbb02}/css/vendor/jqmobile_flatui/jquery.mobile.flatui.css" line: 749 column: 49 source: ".ui-header, .ui-footer { position: relative; zoom: 1; opacity: 0.75 }"}]
04-25 22:24:49.031 E/GeckoConsole(  776): [JavaScript Warning: "Unknown property 'box-sizing'.  Declaration dropped." {file: "app://{49a24a26-70c9-4a4b-8bcf-fab55dcbbb02}/css/vendor/jqmobile_flatui/jquery.mobile.flatui.css" line: 803 column: 11 source: "	box-sizing: border-box;"}]
04-25 22:24:49.051 E/GeckoConsole(  776): [JavaScript Warning: "Error in parsing value for '-moz-perspective'.  Declaration dropped." {file: "app://{49a24a26-70c9-4a4b-8bcf-fab55dcbbb02}/css/vendor/jqmobile_flatui/jquery.mobile.flatui.css" line: 1233 column: 19 source: "	-moz-perspective: 1000;"}]
04-25 22:24:49.051 E/GeckoConsole(  776): [JavaScript Warning: "Error in parsing value for 'perspective'.  Declaration dropped." {file: "app://{49a24a26-70c9-4a4b-8bcf-fab55dcbbb02}/css/vendor/jqmobile_flatui/jquery.mobile.flatui.css" line: 1234 column: 14 source: "	perspective: 1000;"}]
04-25 22:24:49.061 E/GeckoConsole(  776): [JavaScript Warning: "Unknown property '-moz-box-shadow'.  Declaration dropped." {file: "app://{49a24a26-70c9-4a4b-8bcf-fab55dcbbb02}/css/vendor/jqmobile_flatui/jquery.mobile.flatui.css" line: 1437 column: 16 source: "	-moz-box-shadow: 0 0 20px rgba(0,0,0,.4);"}]
04-25 22:24:49.061 E/GeckoConsole(  776): [JavaScript Warning: "Error in parsing value for '-moz-transform-origin'.  Declaration dropped." {file: "app://{49a24a26-70c9-4a4b-8bcf-fab55dcbbb02}/css/vendor/jqmobile_flatui/jquery.mobile.flatui.css" line: 1444 column: 24 source: "	-moz-transform-origin: none;"}]
04-25 22:24:49.061 E/GeckoConsole(  776): [JavaScript Warning: "Unknown property '-moz-box-shadow'.  Declaration dropped." {file: "app://{49a24a26-70c9-4a4b-8bcf-fab55dcbbb02}/css/vendor/jqmobile_flatui/jquery.mobile.flatui.css" line: 1445 column: 16 source: "	-moz-box-shadow: none;"}]
04-25 22:24:49.061 E/GeckoConsole(  776): [JavaScript Warning: "Error in parsing value for 'transform-origin'.  Declaration dropped." {file: "app://{49a24a26-70c9-4a4b-8bcf-fab55dcbbb02}/css/vendor/jqmobile_flatui/jquery.mobile.flatui.css" line: 1446 column: 19 source: "	transform-origin: none;"}]
04-25 22:24:49.061 E/GeckoConsole(  776): [JavaScript Warning: "Unknown property 'box-sizing'.  Declaration dropped." {file: "app://{49a24a26-70c9-4a4b-8bcf-fab55dcbbb02}/css/vendor/jqmobile_flatui/jquery.mobile.flatui.css" line: 1552 column: 229 source: ".ui-block-a, .ui-block-b, .ui-block-c, .ui-block-d, .ui-block-e { margin: 0; padding: 0; border: 0; float: left; min-height: 1px; -webkit-box-sizing: border-box; -moz-box-sizing: border-box; -ms-box-sizing: border-box; box-sizing: border-box; }"}]
04-25 22:24:49.061 E/GeckoConsole(  776): [JavaScript Warning: "Expected 'none' or URL but found 'Alpha('.  Error in parsing value for 'filter'.  Declaration dropped." {file: "app://{49a24a26-70c9-4a4b-8bcf-fab55dcbbb02}/css/vendor/jqmobile_flatui/jquery.mobile.flatui.css" line: 1610 column: 9 source: "	filter: Alpha(Opacity=90);"}]
04-25 22:24:49.061 E/GeckoConsole(  776): [JavaScript Warning: "Unknown property 'zoom'.  Declaration dropped." {file: "app://{49a24a26-70c9-4a4b-8bcf-fab55dcbbb02}/css/vendor/jqmobile_flatui/jquery.mobile.flatui.css" line: 1642 column: 143 source: ".ui-navbar ul { list-style:none; margin: 0; padding: 0; position: relative; display: block; border: 0; max-width: 100%; overflow: visible; zoom: 1; }"}]
04-25 22:24:49.061 E/GeckoConsole(  776): [JavaScript Warning: "Unknown property 'zoom'.  Declaration dropped." {file: "app://{49a24a26-70c9-4a4b-8bcf-fab55dcbbb02}/css/vendor/jqmobile_flatui/jquery.mobile.flatui.css" line: 1675 column: 175 source: ".ui-btn-inner { font-size: 16px; padding: .6em 20px; min-width: .75em; display: block; position: relative; text-overflow: ellipsis; overflow: hidden; white-space: nowrap; zoom: 1; }"}]
04-25 22:24:49.071 E/GeckoConsole(  776): [JavaScript Warning: "Expected 'none' or URL but found 'Alpha('.  Error in parsing value for 'filter'.  Declaration dropped." {file: "app://{49a24a26-70c9-4a4b-8bcf-fab55dcbbb02}/css/vendor/jqmobile_flatui/jquery.mobile.flatui.css" line: 1745 column: 183 source: ".ui-btn-hidden { position: absolute; top: 0; left: 0; width: 100%; height: 100%; -webkit-appearance: none; cursor: pointer; background: #fff; background: rgba(255,255,255,0); filter: Alpha(Opacity=0); opacity: .1; font-size: 1px; border: none; text-indent: -9999px; }"}]
04-25 22:24:49.071 E/GeckoConsole(  776): [JavaScript Warning: "Unknown property 'box-sizing'.  Declaration dropped." {file: "app://{49a24a26-70c9-4a4b-8bcf-fab55dcbbb02}/css/vendor/jqmobile_flatui/jquery.mobile.flatui.css" line: 1753 column: 173 source: "	.ui-field-contain .ui-btn.ui-submit { width: 78%; display: inline-block; -webkit-box-sizing: border-box; -moz-box-sizing: border-box; -ms-box-sizing: border-box; box-sizing: border-box; }"}]
04-25 22:24:49.071 E/GeckoConsole(  776): [JavaScript Warning: "Unknown property 'zoom'.  Declaration dropped." {file: "app://{49a24a26-70c9-4a4b-8bcf-fab55dcbbb02}/css/vendor/jqmobile_flatui/jquery.mobile.flatui.css" line: 1816 column: 77 source: ".ui-controlgroup, fieldset.ui-controlgroup { padding: 0; margin: .5em 0; zoom: 1; }"}]
04-25 22:24:49.071 E/GeckoConsole(  776): [JavaScript Warning: "Unknown property 'zoom'.  Declaration dropped." {file: "app://{49a24a26-70c9-4a4b-8bcf-fab55dcbbb02}/css/vendor/jqmobile_flatui/jquery.mobile.flatui.css" line: 1838 column: 107 source: ".ui-controlgroup-horizontal .ui-controlgroup-controls { display: inline-block; vertical-align: middle; zoom: 1; }"}]
04-25 22:24:49.071 E/GeckoConsole(  776): [JavaScript Warning: "Unknown property '-moz-box-shadow'.  Declaration dropped." {file: "app://{49a24a26-70c9-4a4b-8bcf-fab55dcbbb02}/css/vendor/jqmobile_flatui/jquery.mobile.flatui.css" line: 1885 column: 16 source: "	-moz-box-shadow: none;"}]
04-25 22:24:49.071 E/GeckoConsole(  776): [JavaScript Warning: "Expected 'none' or URL but found 'Alpha('.  Error in parsing value for 'filter'.  Declaration dropped." {file: "app://{49a24a26-70c9-4a4b-8bcf-fab55dcbbb02}/css/vendor/jqmobile_flatui/jquery.mobile.flatui.css" line: 1939 column: 9 source: "	filter: Alpha(Opacity=0);"}]
04-25 22:24:49.071 E/GeckoConsole(  776): [JavaScript Warning: "Expected 'none' or URL but found 'Alpha('.  Error in parsing value for 'filter'.  Declaration dropped." {file: "app://{49a24a26-70c9-4a4b-8bcf-fab55dcbbb02}/css/vendor/jqmobile_flatui/jquery.mobile.flatui.css" line: 1945 column: 9 source: "	filter: Alpha(Opacity=50);"}]
04-25 22:24:49.071 E/GeckoConsole(  776): [JavaScript Warning: "Expected 'none' or URL but found 'Alpha('.  Error in parsing value for 'filter'.  Declaration dropped." {file: "app://{49a24a26-70c9-4a4b-8bcf-fab55dcbbb02}/css/vendor/jqmobile_flatui/jquery.mobile.flatui.css" line: 1949 column: 9 source: "	filter: Alpha(Opacity=0);"}]
04-25 22:24:49.081 E/GeckoConsole(  776): [JavaScript Warning: "Expected 'none' or URL but found 'Alpha('.  Error in parsing value for 'filter'.  Declaration dropped." {file: "app://{49a24a26-70c9-4a4b-8bcf-fab55dcbbb02}/css/vendor/jqmobile_flatui/jquery.mobile.flatui.css" line: 2094 column: 176 source: ".ui-select .ui-btn select { cursor: pointer; -webkit-appearance: none; left: 0; top:0; width: 100%; min-height: 1.5em; min-height: 100%; height: 3em; max-height: 100%; filter: Alpha(Opacity=0); opacity: 0; z-index: 2; }"}]
04-25 22:24:49.081 E/GeckoConsole(  776): [JavaScript Warning: "Unknown property 'box-sizing'.  Declaration dropped." {file: "app://{49a24a26-70c9-4a4b-8bcf-fab55dcbbb02}/css/vendor/jqmobile_flatui/jquery.mobile.flatui.css" line: 2145 column: 124 source: "textarea.ui-input-text { -webkit-box-sizing: border-box; -moz-box-sizing: border-box; -ms-box-sizing: border-box; box-sizing: border-box; }"}]
04-25 22:24:49.081 E/GeckoConsole(  776): [JavaScript Warning: "Unknown pseudo-class or pseudo-element '-webkit-outer-spin-button'.  Ruleset ignored due to bad selector." {file: "app://{49a24a26-70c9-4a4b-8bcf-fab55dcbbb02}/css/vendor/jqmobile_flatui/jquery.mobile.flatui.css" line: 2156 column: 20 source: "input[type=number]::-webkit-outer-spin-button { margin: 0; }"}]
04-25 22:24:49.081 E/GeckoConsole(  776): [JavaScript Warning: "Unknown property 'box-sizing'.  Declaration dropped." {file: "app://{49a24a26-70c9-4a4b-8bcf-fab55dcbbb02}/css/vendor/jqmobile_flatui/jquery.mobile.flatui.css" line: 2164 column: 138 source: "	.ui-field-contain div.ui-input-text { -webkit-box-sizing: border-box; -moz-box-sizing: border-box; -ms-box-sizing: border-box; box-sizing: border-box; }"}]
04-25 22:24:49.081 E/GeckoConsole(  776): [JavaScript Warning: "Unknown property 'zoom'.  Declaration dropped." {file: "app://{49a24a26-70c9-4a4b-8bcf-fab55dcbbb02}/css/vendor/jqmobile_flatui/jquery.mobile.flatui.css" line: 2173 column: 5 source: "	zoom: 1;"}]
04-25 22:24:49.091 E/GeckoConsole(  776): [JavaScript Warning: "Unknown property 'zoom'.  Declaration dropped." {file: "app://{49a24a26-70c9-4a4b-8bcf-fab55dcbbb02}/css/vendor/jqmobile_flatui/jquery.mobile.flatui.css" line: 2383 column: 5 source: "	zoom: 1;"}]
04-25 22:24:49.091 E/GeckoConsole(  776): [JavaScript Warning: "Unknown property 'box-sizing'.  Declaration dropped." {file: "app://{49a24a26-70c9-4a4b-8bcf-fab55dcbbb02}/css/vendor/jqmobile_flatui/jquery.mobile.flatui.css" line: 2418 column: 11 source: "	box-sizing: content-box;"}]
04-25 22:24:49.091 E/GeckoConsole(  776): [JavaScript Warning: "Unknown pseudo-class or pseudo-element '-webkit-outer-spin-button'.  Ruleset ignored due to bad selector." {file: "app://{49a24a26-70c9-4a4b-8bcf-fab55dcbbb02}/css/vendor/jqmobile_flatui/jquery.mobile.flatui.css" line: 2420 column: 18 source: ".ui-slider-input::-webkit-outer-spin-button,"}]
04-25 22:24:49.101 E/GeckoConsole(  776): [JavaScript Warning: "Unknown property 'box-sizing'.  Declaration dropped." {file: "app://{49a24a26-70c9-4a4b-8bcf-fab55dcbbb02}/css/vendor/jqmobile_flatui/jquery.mobile.flatui.css" line: 2777 column: 12 source: "		box-sizing: border-box;"}]
04-25 22:24:49.101 E/GeckoConsole(  776): [JavaScript Warning: "Unknown property '-moz-box-shadow'.  Declaration dropped." {file: "app://{49a24a26-70c9-4a4b-8bcf-fab55dcbbb02}/css/vendor/jqmobile_flatui/jquery.mobile.flatui.css" line: 2955 column: 16 source: "	-moz-box-shadow: inset -5px 0 5px rgba(0,0,0,.15);"}]
04-25 22:24:49.101 E/GeckoConsole(  776): [JavaScript Warning: "Unknown property '-moz-box-shadow'.  Declaration dropped." {file: "app://{49a24a26-70c9-4a4b-8bcf-fab55dcbbb02}/css/vendor/jqmobile_flatui/jquery.mobile.flatui.css" line: 2960 column: 16 source: "	-moz-box-shadow: inset 5px 0 5px rgba(0,0,0,.15);"}]
04-25 22:24:49.101 E/GeckoConsole(  776): [JavaScript Warning: "Unknown property '-moz-box-shadow'.  Declaration dropped." {file: "app://{49a24a26-70c9-4a4b-8bcf-fab55dcbbb02}/css/vendor/jqmobile_flatui/jquery.mobile.flatui.css" line: 2965 column: 16 source: "	-moz-box-shadow: 5px 0 5px rgba(0,0,0,.15);"}]
04-25 22:24:49.101 E/GeckoConsole(  776): [JavaScript Warning: "Unknown property '-moz-box-shadow'.  Declaration dropped." {file: "app://{49a24a26-70c9-4a4b-8bcf-fab55dcbbb02}/css/vendor/jqmobile_flatui/jquery.mobile.flatui.css" line: 2970 column: 16 source: "	-moz-box-shadow: -5px 0 5px rgba(0,0,0,.15);"}]
04-25 22:24:49.101 E/GeckoConsole(  776): [JavaScript Warning: "Unknown property 'user-select'.  Declaration dropped." {file: "app://{49a24a26-70c9-4a4b-8bcf-fab55dcbbb02}/css/style.css" line: 82 column: 12 source: "	user-select: none;"}]
04-25 22:24:49.111 E/GeckoConsole(  776): [JavaScript Warning: "Unknown property 'zoom'.  Declaration dropped." {file: "app://{49a24a26-70c9-4a4b-8bcf-fab55dcbbb02}/css/style.css" line: 174 column: 5 source: "	zoom: 1;"}]
04-25 22:24:49.171 I/Gecko   (   83): 
04-25 22:24:49.171 I/Gecko   (   83): ###!!! [Parent][MessageChannel] Error: Channel error: cannot send/recv
04-25 22:24:49.171 I/Gecko   (   83): 
04-25 22:24:49.221 I/Gecko   (   83): [Parent 83] WARNING: waitpid failed pid:766 errno:10: file ../../../gecko/ipc/chromium/src/base/process_util_posix.cc, line 254
04-25 22:24:50.091 E/GeckoConsole(  776): [JavaScript Warning: "SyntaxError: Using //@ to indicate sourceMappingURL pragmas is deprecated. Use //# instead" {file: "app://{49a24a26-70c9-4a4b-8bcf-fab55dcbbb02}/js/vendor/jquery/jquery-1.10.2.min.js" line: 1}]
04-25 22:24:50.451 E/GeckoConsole(  776): [JavaScript Warning: "SyntaxError: Using //@ to indicate sourceMappingURL pragmas is deprecated. Use //# instead" {file: "app://{49a24a26-70c9-4a4b-8bcf-fab55dcbbb02}/js/vendor/jquery_mobile/jquery.mobile-1.3.2.min.js" line: 7}]
04-25 22:24:50.581 E/GeckoConsole(  776): [JavaScript Warning: "Expected media feature name but found '-webkit-transform-3d'." {file: "from DOM" line: 0 column: 1 source: "(-Webkit-transform-3d),(-Moz-transform-3d),(-O-transform-3d),(transform-3d)"}]
04-25 22:24:50.581 E/GeckoConsole(  776): [JavaScript Warning: "Expected media feature name but found '-moz-transform-3d'." {file: "from DOM" line: 0 column: 24 source: "(-Webkit-transform-3d),(-Moz-transform-3d),(-O-transform-3d),(transform-3d)"}]
04-25 22:24:50.591 E/GeckoConsole(  776): [JavaScript Warning: "Expected media feature name but found '-o-transform-3d'." {file: "from DOM" line: 0 column: 44 source: "(-Webkit-transform-3d),(-Moz-transform-3d),(-O-transform-3d),(transform-3d)"}]
04-25 22:24:50.591 E/GeckoConsole(  776): [JavaScript Warning: "Expected media feature name but found 'transform-3d'." {file: "from DOM" line: 0 column: 62 source: "(-Webkit-transform-3d),(-Moz-transform-3d),(-O-transform-3d),(transform-3d)"}]
04-25 22:24:50.661 E/GeckoConsole(  776): [JavaScript Warning: "Error in parsing value for 'pointer-events'.  Declaration dropped." {file: "app://{49a24a26-70c9-4a4b-8bcf-fab55dcbbb02}/index.html" line: 0 column: 0 source: "x"}]
04-25 22:24:51.221 I/Gecko   (   83): [Parent 83] WARNING: waitpid failed pid:766 errno:10: file ../../../gecko/ipc/chromium/src/base/process_util_posix.cc, line 254
04-25 22:24:51.221 I/Gecko   (   83): [Parent 83] WARNING: Failed to deliver SIGKILL to 766!(3).: file ../../../gecko/ipc/chromium/src/chrome/common/process_watcher_posix_sigchld.cc, line 118
04-25 22:24:51.501 E/GeckoConsole(  776): [JavaScript Warning: "SyntaxError: Using //@ to indicate sourceMappingURL pragmas is deprecated. Use //# instead" {file: "app://{49a24a26-70c9-4a4b-8bcf-fab55dcbbb02}/js/vendor/backbone/backbone-min.js" line: 2}]
04-25 22:24:51.561 E/GeckoConsole(  776): [JavaScript Warning: "Unknown property 'box-sizing'.  Declaration dropped." {file: "app://{49a24a26-70c9-4a4b-8bcf-fab55dcbbb02}/index.html" line: 0 column: 10 source: "box-sizing:border-box;-moz-box-sizing:border-box;-webkit-box-sizing:border-box;padding:1px;border:1px;display:block;width:4px;margin-top:1%;position:absolute;top:1%;"}]
04-25 22:24:51.561 E/GeckoConsole(  776): [JavaScript Warning: "Unknown property 'box-sizing'.  Declaration dropped." {file: "app://{49a24a26-70c9-4a4b-8bcf-fab55dcbbb02}/index.html" line: 0 column: 52 source: "padding:0;margin:0;border:0;display:block;box-sizing:content-box;-moz-box-sizing:content-box;-webkit-box-sizing:content-box;"}]
04-25 22:24:51.561 E/GeckoConsole(  776): [JavaScript Warning: "Unknown property 'box-sizing'.  Declaration dropped." {file: "app://{49a24a26-70c9-4a4b-8bcf-fab55dcbbb02}/index.html" line: 0 column: 52 source: "padding:0;margin:0;border:0;display:block;box-sizing:content-box;-moz-box-sizing:content-box;-webkit-box-sizing:content-box;"}]
04-25 22:24:51.591 E/GeckoConsole(  776): [JavaScript Warning: "Empty string passed to getElementById()." {file: "app://{49a24a26-70c9-4a4b-8bcf-fab55dcbbb02}/js/vendor/jquery_mobile/jquery.mobile-1.3.2.min.js" line: 6}]
04-25 22:24:51.671 W/WifiHW  (   83): wifi_command: SIGNAL_POLL
04-25 22:24:52.181 E/GeckoConsole(  776): [JavaScript Warning: "Use of getPreventDefault() is deprecated.  Use defaultPrevented instead." {file: "app://{49a24a26-70c9-4a4b-8bcf-fab55dcbbb02}/js/vendor/jquery/jquery-1.10.2.min.js" line: 5}]
04-25 22:24:52.201 I/Gonk    (   83): Setting nice for pid 827 to 18
04-25 22:24:52.201 I/Gonk    (   83): Changed nice for pid 827 from 0 to 18.
04-25 22:24:52.201 I/Gecko   (   83): [Parent 83] WARNING: waitpid failed pid:827 errno:10: file ../../../gecko/ipc/chromium/src/base/process_util_posix.cc, line 254
04-25 22:24:52.211 I/Gonk    (   83): Setting nice for pid 827 to 1
04-25 22:24:52.211 I/Gonk    (   83): Changed nice for pid 827 from 18 to 1.
04-25 22:24:52.241 I/Gonk    (   83): Setting nice for pid 827 to 18
04-25 22:24:52.241 I/Gonk    (   83): Changed nice for pid 827 from 1 to 18.
04-25 22:24:52.641 E/GeckoConsole(   83): Content JS LOG at dummy file:326 in GaiaApps.launch/appOpen/<: app with origin 'app://{49a24a26-70c9-4a4b-8bcf-fab55dcbbb02}' has launched
04-25 22:24:52.651 I/Gecko   (   83): 1398489892659	Marionette	INFO	sendToClient: {"from":"0","value":{"frame":{"ELEMENT":"{123aba7f-aa27-4ad2-87a5-ecdd6b629061}"},"src":"app://{49a24a26-70c9-4a4b-8bcf-fab55dcbbb02}/index.html","name":"AfterEffects","origin":"app://{49a24a26-70c9-4a4b-8bcf-fab55dcbbb02}"}}, {f88538ae-d6ee-402b-8493-462b6968df3e}, {f88538ae-d6ee-402b-8493-462b6968df3e}
04-25 22:24:52.661 E/[Gralloc-ERROR](   83): int gralloc_unregister_buffer(const gralloc_module_t*, const native_handle_t*):274 Trying to unregister buffer 0x475cf1a0 from process 83 that was not created in current process: 83
04-25 22:24:52.661 E/[Gralloc-ERROR](   83): int gralloc_unregister_buffer(const gralloc_module_t*, const native_handle_t*):274 Trying to unregister buffer 0x475cf420 from process 83 that was not created in current process: 83
04-25 22:24:52.661 E/[Gralloc-ERROR](   83): int gralloc_unregister_buffer(const gralloc_module_t*, const native_handle_t*):274 Trying to unregister buffer 0x477691f0 from process 83 that was not created in current process: 83
04-25 22:24:52.661 E/[Gralloc-ERROR](   83): int gralloc_unregister_buffer(const gralloc_module_t*, const native_handle_t*):274 Trying to unregister buffer 0x475d5100 from process 83 that was not created in current process: 83
04-25 22:24:52.671 I/Gecko   (   83): 1398489892680	Marionette	DEBUG	Got request: switchToFrame, data: {"to":"0","sessionId":"3-b2g","name":"switchToFrame","parameters":{"focus":true,"element":"{123aba7f-aa27-4ad2-87a5-ecdd6b629061}"}}, id: {2f394d1c-4ef8-4faf-84f6-86f2c057e953}
04-25 22:24:52.681 I/Gecko   (   83): 1398489892689	Marionette	INFO	Switched to frame: {"frameValue":"{123aba7f-aa27-4ad2-87a5-ecdd6b629061}"}
04-25 22:24:52.681 I/Gecko   (   83): 1398489892692	Marionette	INFO	trying remote frame 0
04-25 22:24:52.691 I/Gecko   (   83): 1398489892693	Marionette	INFO	deleting frame
04-25 22:24:52.691 I/Gecko   (   83): 1398489892700	Marionette	INFO	frame-manager load script: [object ChromeMessageSender]
04-25 22:24:53.521 I/Gecko   (   83): 
04-25 22:24:53.521 I/Gecko   (   83): ###!!! [Parent][MessageChannel] Error: Channel error: cannot send/recv
04-25 22:24:53.521 I/Gecko   (   83): 
04-25 22:24:53.581 I/Gecko   (   83): 1398489893589	Marionette	INFO	sendToClient: {"from":"0","ok":true}, {2f394d1c-4ef8-4faf-84f6-86f2c057e953}, {2f394d1c-4ef8-4faf-84f6-86f2c057e953}
04-25 22:24:53.591 I/Gecko   (   83): [Parent 83] WARNING: waitpid failed pid:827 errno:10: file ../../../gecko/ipc/chromium/src/base/process_util_posix.cc, line 254
04-25 22:24:53.661 I/Gecko   (   83): 1398489893671	Marionette	INFO	sendToClient: {"from":"0","value":"app://{49a24a26-70c9-4a4b-8bcf-fab55dcbbb02}/index.html"}, {93c7ca38-80a5-4ef4-8737-e7787e968815}, {93c7ca38-80a5-4ef4-8737-e7787e968815}
04-25 22:24:53.681 I/Gecko   (   83): 1398489893683	Marionette	DEBUG	Got request: execute, data: {"to":"0","sessionId":"3-b2g","name":"executeScript","parameters":{"specialPowers":false,"scriptTimeout":null,"newSandbox":true,"args":[],"filename":"app_checker.py","script":"return window.document.readyState;","line":191}}, id: {3fb9774c-cb0a-468e-865c-651afbf6dafc}
04-25 22:24:53.701 I/Gecko   (   83): 1398489893709	Marionette	INFO	sendToClient: {"from":"0","value":"complete"}, {3fb9774c-cb0a-468e-865c-651afbf6dafc}, {3fb9774c-cb0a-468e-865c-651afbf6dafc}
04-25 22:24:53.711 I/Gecko   (   83): 1398489893718	Marionette	INFO	sendToClient: {"from":"0","value":"app://{49a24a26-70c9-4a4b-8bcf-fab55dcbbb02}/index.html"}, {70cf964e-e361-41ab-aa1f-d6f7277491bb}, {70cf964e-e361-41ab-aa1f-d6f7277491bb}
04-25 22:24:53.721 I/Gecko   (  776): Attempting load of libEGL.so
04-25 22:24:53.811 D/libEGL  (  776): loaded /system/lib/egl/libEGL_mali.so
04-25 22:24:53.851 D/libEGL  (  776): loaded /system/lib/egl/libGLESv1_CM_mali.so
04-25 22:24:53.861 D/libEGL  (  776): loaded /system/lib/egl/libGLESv2_mali.so
04-25 22:24:53.901 I/Gecko   (  776): SharedSurface_Gralloc::Create -------
04-25 22:24:53.951 I/Gecko   (  776): SharedSurface_Gralloc::Create: success -- surface 0x44626e00, GraphicBuffer 0x44264600.
04-25 22:24:54.061 I/Gonk    (   83): Setting nice for pid 855 to 18
04-25 22:24:54.061 I/Gonk    (   83): Changed nice for pid 855 from 0 to 18.
04-25 22:24:55.121 I/Gecko   (   83): 1398489895130	Marionette	INFO	sendToClient: {"from":"0","value":"iVBORw0KGgoAAAANSUhEUgAAAUAAAAHMCAYAAACk4nEJAAAgAElEQVR4nO3daV9UZ57w8fttsCPIvlOsIiCbgICCCoICsgsCUUI0dowJLnGNu6JEE02M2RcN7nbS43Qm9qcn3aZ77JmetD0mMUsbeQ//+4FWWUWdKpY6xSnO9XvwfaLU4Vx1XedHLadO/T+LxSIAoKL/Z/QOAIBRCCAAZRFAAMoigACURQABKIsAAlAWAQSgLAIIQFkEEICyCCAAZRFAAMoigACURQABKIsAAlAWAQSgLAIIQFkEEICyCCAAZRFAAMoigACURQABKIsAAlAWAQSgLAIIQFkEEICyCCAAZRFAAMoigACURQABKIsAAlAWAQSgLAIIQFkEEICyCCAAZRFAAMoigACURQABKIsAAlAWAQSgLAIIQFkEEICyCCAAZRFAAMoigACURQABKIsAAlAWAQSgLAIIQFkEEICyCCAAZRFAAMoigACURQABKIsAAlAWAQSgLAIIQFkEEICyCCAAZRFAAMoigACURQABKIsAAlAWAQSgLAIIQFkEEICyCCAAZRFAAMoigACURQABKMuUAUzKKZDYsnqJXNojYSs3SWjzSxLSukNCWrbJnMbNEl43INGVzZKQXy6paemG769KYspXSnD7Tq8KrxswfJyYHUwTwKT5hRKxrFeCOveJX//IpAWsPSZhDRsldmGtpKZlGD4Os4ta0j6l+ZmO0NVDho8Ts8OsD2BiXqnMaXpR/J/x/MAJ6D4sETU9kjwvX5d9S01Ll+ScAkmaXySpmdmG31e+wJcC6Mn8MLfmMGsDmJI5T8LrBsTfCwdQSNsrHu1bUm6JhK18Xvx7j9u26f/MiIS07pD4wsWG33dG8oUAejI/zK25zMoAJixYJIFd+6d9gAS375TA7kNeCWBMRZP4951wue2Y8pWG339G8jSAoU1bJKq6063Y8g
04-25 22:24:55.331 I/Gecko   (   83): 1398489895334	Marionette	INFO	sendToClient: {"from":"0","ok":true}, {da8fdd2c-812f-4341-a675-4580f938e39c}, {da8fdd2c-812f-4341-a675-4580f938e39c}
04-25 22:24:55.331 I/Gecko   (   83): 1398489895342	Marionette	DEBUG	Got request: switchToFrame, data: {"to":"0","sessionId":"3-b2g","name":"switchToFrame","parameters":{"id":null,"focus":true}}, id: {5935de50-0671-4859-a82c-b140eaa47bdc}
04-25 22:24:55.371 I/Gecko   (   83): 1398489895378	Marionette	INFO	Switched to frame: {"frameValue":null}
04-25 22:24:55.481 I/Gecko   (   83): 1398489895492	Marionette	INFO	sendToClient: {"from":"0","ok":true}, {5935de50-0671-4859-a82c-b140eaa47bdc}, {5935de50-0671-4859-a82c-b140eaa47bdc}
04-25 22:24:55.491 I/Gecko   (   83): 1398489895501	Marionette	DEBUG	Got request: executeWithCallback, data: {"to":"0","sessionId":"3-b2g","name":"executeAsyncScript","parameters":{"specialPowers":false,"scriptTimeout":null,"newSandbox":true,"args":[],"filename":"gaia_test.py","script":"return GaiaApps.displayedApp();","line":66}}, id: {4376e81c-54cd-49a5-abf2-5f50c1e5b0d7}
04-25 22:24:55.551 I/Gecko   (   83): 1398489895560	Marionette	INFO	sendToClient: {"from":"0","value":{"frame":{"ELEMENT":"{123aba7f-aa27-4ad2-87a5-ecdd6b629061}"},"src":"app://{49a24a26-70c9-4a4b-8bcf-fab55dcbbb02}/index.html","name":"AfterEffects","origin":"app://{49a24a26-70c9-4a4b-8bcf-fab55dcbbb02}"}}, {4376e81c-54cd-49a5-abf2-5f50c1e5b0d7}, {4376e81c-54cd-49a5-abf2-5f50c1e5b0d7}
04-25 22:24:55.561 I/Gecko   (   83): 1398489895567	Marionette	DEBUG	Got request: switchToFrame, data: {"to":"0","sessionId":"3-b2g","name":"switchToFrame","parameters":{"id":null,"focus":true}}, id: {28186bd6-1a53-4e75-99e7-e42eef4f8ce9}
04-25 22:24:55.561 I/Gecko   (   83): 1398489895568	Marionette	INFO	Switched to frame: {"frameValue":null}
04-25 22:24:55.561 E/GeckoConsole(   83): Content JS LOG at dummy file:392 in GaiaApps.displayedApp: app with origin 'app://{49a24a26-70c9-4a4b-8bcf-fab55dcbbb02}' is displayed
04-25 22:24:55.601 I/Gecko   (   83): [Parent 83] WARNING: waitpid failed pid:827 errno:10: file ../../../gecko/ipc/chromium/src/base/process_util_posix.cc, line 254
04-25 22:24:55.601 I/Gecko   (   83): [Parent 83] WARNING: Failed to deliver SIGKILL to 827!(3).: file ../../../gecko/ipc/chromium/src/chrome/common/process_watcher_posix_sigchld.cc, line 118
04-25 22:24:55.661 I/Gecko   (   83): 1398489895671	Marionette	INFO	sendToClient: {"from":"0","ok":true}, {28186bd6-1a53-4e75-99e7-e42eef4f8ce9}, {28186bd6-1a53-4e75-99e7-e42eef4f8ce9}
04-25 22:24:55.671 I/Gecko   (   83): 1398489895677	Marionette	DEBUG	Got request: execute, data: {"to":"0","sessionId":"3-b2g","name":"executeScript","parameters":{"specialPowers":false,"scriptTimeout":null,"newSandbox":true,"args":[],"filename":"gaia_test.py","script":"window.wrappedJSObject.dispatchEvent(new Event('home'));","line":788}}, id: {207f89ab-6edc-47db-b4f7-f229ec9a859f}
04-25 22:24:55.831 I/Gonk    (   83): Setting nice for pid 855 to 18
04-25 22:24:55.831 I/Gonk    (   83): Changed nice for pid 855 from 18 to 18.
04-25 22:24:55.831 I/Gecko   (   83): [Parent 83] WARNING: waitpid failed pid:855 errno:10: file ../../../gecko/ipc/chromium/src/base/process_util_posix.cc, line 254
04-25 22:24:55.841 I/Gonk    (   83): Setting nice for pid 855 to 1
04-25 22:24:55.841 I/Gonk    (   83): Changed nice for pid 855 from 18 to 1.
04-25 22:24:55.861 D/Sensors (   83): activate handle=0; drv=0
04-25 22:24:55.861 D/Sensors (   83): Lis3dhSensor: Control set 0
04-25 22:24:55.861 D/Sensors (   83): Lis3dhSensor: mEnabled = 0
04-25 22:24:55.901 I/Gecko   (   83): 1398489895910	Marionette	INFO	sendToClient: {"from":"0","value":null}, {207f89ab-6edc-47db-b4f7-f229ec9a859f}, {207f89ab-6edc-47db-b4f7-f229ec9a859f}
