--------- beginning of /dev/log/main
04-27 17:38:25.860 I/Gecko   (   83): 1398645505865	Marionette	INFO	sendToClient: {"from":"0","ok":true}, {69c9a054-9291-4ac2-adc6-4ec9369fdfae}, {69c9a054-9291-4ac2-adc6-4ec9369fdfae}
04-27 17:38:25.890 W/WifiHW  (   83): wifi_command: SIGNAL_POLL
04-27 17:38:25.930 I/Gecko   (   83): 1398645505936	Marionette	DEBUG	Got request: switchToFrame, data: {"to":"0","sessionId":"3-b2g","name":"switchToFrame","parameters":{"id":null,"focus":true}}, id: {52bf5cde-0bea-4209-a584-e704986feeef}
04-27 17:38:25.930 I/Gecko   (   83): 1398645505940	Marionette	INFO	Switched to frame: {"frameValue":null}
04-27 17:38:26.040 I/Gecko   (   83): 1398645506049	Marionette	INFO	sendToClient: {"from":"0","ok":true}, {52bf5cde-0bea-4209-a584-e704986feeef}, {52bf5cde-0bea-4209-a584-e704986feeef}
04-27 17:38:26.050 I/Gecko   (   83): 1398645506058	Marionette	DEBUG	Got request: executeWithCallback, data: {"to":"0","sessionId":"3-b2g","name":"executeAsyncScript","parameters":{"specialPowers":false,"scriptTimeout":null,"newSandbox":true,"args":[],"filename":"gaia_test.py","script":"return GaiaApps.displayedApp();","line":66}}, id: {1b961992-27fd-4577-93a9-955e65c6f5d8}
04-27 17:38:26.110 I/Gecko   (   83): 1398645506122	Marionette	INFO	sendToClient: {"from":"0","value":{"frame":{"ELEMENT":"{acb5fb59-e297-4709-87a5-ef98c9c081ab}"},"src":"app://homescreen.gaiamobile.org/index.html#root","name":"Homescreen","origin":"app://homescreen.gaiamobile.org"}}, {1b961992-27fd-4577-93a9-955e65c6f5d8}, {1b961992-27fd-4577-93a9-955e65c6f5d8}
04-27 17:38:26.120 E/GeckoConsole(   83): Content JS LOG at dummy file:392 in GaiaApps.displayedApp: app with origin 'app://homescreen.gaiamobile.org' is displayed
04-27 17:38:26.160 I/Gecko   (   83): 1398645506174	Marionette	DEBUG	Got request: switchToFrame, data: {"to":"0","sessionId":"3-b2g","name":"switchToFrame","parameters":{"id":null,"focus":true}}, id: {7742d561-9921-47c3-a772-a1fa85566021}
04-27 17:38:26.170 I/Gecko   (   83): 1398645506176	Marionette	INFO	Switched to frame: {"frameValue":null}
04-27 17:38:26.270 I/Gecko   (   83): 1398645506278	Marionette	INFO	sendToClient: {"from":"0","ok":true}, {7742d561-9921-47c3-a772-a1fa85566021}, {7742d561-9921-47c3-a772-a1fa85566021}
04-27 17:38:26.280 I/Gecko   (   83): 1398645506287	Marionette	DEBUG	Got request: switchToFrame, data: {"to":"0","sessionId":"3-b2g","name":"switchToFrame","parameters":{"id":null,"focus":true}}, id: {5998c93b-d4a5-4963-a812-453bbb70c881}
04-27 17:38:26.310 I/Gecko   (   83): 1398645506324	Marionette	INFO	Switched to frame: {"frameValue":null}
04-27 17:38:26.420 I/Gecko   (   83): 1398645506428	Marionette	INFO	sendToClient: {"from":"0","ok":true}, {5998c93b-d4a5-4963-a812-453bbb70c881}, {5998c93b-d4a5-4963-a812-453bbb70c881}
04-27 17:38:26.430 I/Gecko   (   83): 1398645506438	Marionette	DEBUG	Got request: executeWithCallback, data: {"to":"0","sessionId":"3-b2g","name":"executeAsyncScript","parameters":{"specialPowers":false,"scriptTimeout":null,"newSandbox":true,"args":[],"filename":"gaia_test.py","script":"return GaiaApps.displayedApp();","line":66}}, id: {d457ff50-e483-4441-99c0-67327bd40550}
04-27 17:38:26.480 I/Gecko   (   83): 1398645506491	Marionette	INFO	sendToClient: {"from":"0","value":{"frame":{"ELEMENT":"{acb5fb59-e297-4709-87a5-ef98c9c081ab}"},"src":"app://homescreen.gaiamobile.org/index.html#root","name":"Homescreen","origin":"app://homescreen.gaiamobile.org"}}, {d457ff50-e483-4441-99c0-67327bd40550}, {d457ff50-e483-4441-99c0-67327bd40550}
04-27 17:38:26.490 I/Gecko   (   83): 1398645506499	Marionette	DEBUG	Got request: switchToFrame, data: {"to":"0","sessionId":"3-b2g","name":"switchToFrame","parameters":{"focus":true,"element":"{acb5fb59-e297-4709-87a5-ef98c9c081ab}"}}, id: {a539f09f-a050-4307-a73c-dc5771c1387e}
04-27 17:38:26.520 I/Gecko   (   83): 1398645506526	Marionette	INFO	Switched to frame: {"frameValue":"{acb5fb59-e297-4709-87a5-ef98c9c081ab}"}
04-27 17:38:26.520 E/GeckoConsole(   83): Content JS LOG at dummy file:392 in GaiaApps.displayedApp: app with origin 'app://homescreen.gaiamobile.org' is displayed
04-27 17:38:26.520 I/Gecko   (   83): 1398645506530	Marionette	INFO	trying remote frame 0
04-27 17:38:26.520 I/Gecko   (   83): 1398645506531	Marionette	INFO	deleting frame
04-27 17:38:26.540 I/Gecko   (   83): 1398645506547	Marionette	INFO	frame-manager load script: [object ChromeMessageSender]
04-27 17:38:26.820 I/Gecko   (   83): 1398645506831	Marionette	INFO	sendToClient: {"from":"0","ok":true}, {a539f09f-a050-4307-a73c-dc5771c1387e}, {a539f09f-a050-4307-a73c-dc5771c1387e}
04-27 17:38:26.940 I/Gecko   (   83): 1398645506952	Marionette	INFO	sendToClient: {"from":"0","value":{"ELEMENT":"{7724803c-2c28-4dc4-8c19-aaf3f709b8ac}"}}, {b953bd3e-7d32-4443-bb19-0e32fb33ad05}, {b953bd3e-7d32-4443-bb19-0e32fb33ad05}
04-27 17:38:27.260 E/GeckoConsole(  614): [JavaScript Warning: "Use of getAttributeNode() is deprecated. Use getAttribute() instead." {file: "chrome://marionette/content/atoms.js" line: 25}]
04-27 17:38:27.260 E/GeckoConsole(  614): [JavaScript Warning: "Use of attributes' specified attribute is deprecated. It always returns true." {file: "chrome://marionette/content/atoms.js" line: 25}]
04-27 17:38:27.260 I/Gecko   (   83): 1398645507274	Marionette	INFO	sendToClient: {"from":"0","value":"normal"}, {00b8ba48-55dd-4827-a2d7-0b599cc71b52}, {00b8ba48-55dd-4827-a2d7-0b599cc71b52}
04-27 17:38:27.280 I/Gecko   (   83): 1398645507292	Marionette	DEBUG	Got request: switchToFrame, data: {"to":"0","sessionId":"3-b2g","name":"switchToFrame","parameters":{"id":null,"focus":true}}, id: {c5a137f5-c893-4b4d-b701-9ecf5d704c87}
04-27 17:38:27.290 I/Gecko   (   83): 1398645507303	Marionette	INFO	Switched to frame: {"frameValue":null}
04-27 17:38:27.400 I/Gecko   (   83): 1398645507409	Marionette	INFO	sendToClient: {"from":"0","ok":true}, {c5a137f5-c893-4b4d-b701-9ecf5d704c87}, {c5a137f5-c893-4b4d-b701-9ecf5d704c87}
04-27 17:38:27.410 I/Gecko   (   83): 1398645507416	Marionette	DEBUG	Got request: execute, data: {"to":"0","sessionId":"3-b2g","name":"executeScript","parameters":{"specialPowers":false,"scriptTimeout":null,"newSandbox":true,"args":[],"filename":"gaia_test.py","script":"window.wrappedJSObject.dispatchEvent(new Event('home'));","line":788}}, id: {cb205818-0095-4489-b1f7-ca6d6bf7b056}
04-27 17:38:27.460 I/Gecko   (   83): 1398645507474	Marionette	INFO	sendToClient: {"from":"0","value":null}, {cb205818-0095-4489-b1f7-ca6d6bf7b056}, {cb205818-0095-4489-b1f7-ca6d6bf7b056}
04-27 17:38:27.480 I/Gecko   (   83): 1398645507488	Marionette	DEBUG	Got request: switchToFrame, data: {"to":"0","sessionId":"3-b2g","name":"switchToFrame","parameters":{"id":null,"focus":true}}, id: {03ae528a-871f-4fac-9ece-211e8677a707}
04-27 17:38:27.480 I/Gecko   (   83): 1398645507494	Marionette	INFO	Switched to frame: {"frameValue":null}
04-27 17:38:27.590 I/Gecko   (   83): 1398645507597	Marionette	INFO	sendToClient: {"from":"0","ok":true}, {03ae528a-871f-4fac-9ece-211e8677a707}, {03ae528a-871f-4fac-9ece-211e8677a707}
04-27 17:38:27.590 I/Gecko   (   83): 1398645507603	Marionette	DEBUG	Got request: switchToFrame, data: {"to":"0","sessionId":"3-b2g","name":"switchToFrame","parameters":{"id":null,"focus":true}}, id: {72dd393c-df99-4765-9591-9dbd610f3730}
04-27 17:38:27.610 I/Gecko   (   83): 1398645507615	Marionette	INFO	Switched to frame: {"frameValue":null}
04-27 17:38:27.710 I/Gecko   (   83): 1398645507719	Marionette	INFO	sendToClient: {"from":"0","ok":true}, {72dd393c-df99-4765-9591-9dbd610f3730}, {72dd393c-df99-4765-9591-9dbd610f3730}
04-27 17:38:27.720 I/Gecko   (   83): 1398645507728	Marionette	DEBUG	Got request: executeWithCallback, data: {"to":"0","sessionId":"3-b2g","name":"executeAsyncScript","parameters":{"specialPowers":false,"scriptTimeout":null,"newSandbox":true,"args":[],"filename":"gaia_test.py","script":"return GaiaApps.displayedApp();","line":66}}, id: {64e8d0dd-be8e-4d90-8d70-53aadfa6bea8}
04-27 17:38:27.790 I/Gecko   (   83): 1398645507798	Marionette	INFO	sendToClient: {"from":"0","value":{"frame":{"ELEMENT":"{acb5fb59-e297-4709-87a5-ef98c9c081ab}"},"src":"app://homescreen.gaiamobile.org/index.html#rootSun%20Apr%2027%202014%2017:38:27%20GMT-0700%20(UTC)","name":"Homescreen","origin":"app://homescreen.gaiamobile.org"}}, {64e8d0dd-be8e-4d90-8d70-53aadfa6bea8}, {64e8d0dd-be8e-4d90-8d70-53aadfa6bea8}
04-27 17:38:27.800 E/GeckoConsole(   83): Content JS LOG at dummy file:392 in GaiaApps.displayedApp: app with origin 'app://homescreen.gaiamobile.org' is displayed
04-27 17:38:27.800 I/Gecko   (   83): 1398645507813	Marionette	DEBUG	Got request: switchToFrame, data: {"to":"0","sessionId":"3-b2g","name":"switchToFrame","parameters":{"focus":true,"element":"{acb5fb59-e297-4709-87a5-ef98c9c081ab}"}}, id: {07fd7e5e-9b72-478b-9680-6bf4724646b9}
04-27 17:38:27.820 I/Gecko   (   83): 1398645507826	Marionette	INFO	Switched to frame: {"frameValue":"{acb5fb59-e297-4709-87a5-ef98c9c081ab}"}
04-27 17:38:27.830 I/Gecko   (   83): 1398645507843	Marionette	INFO	trying remote frame 0
04-27 17:38:27.940 I/Gecko   (   83): 1398645507950	Marionette	INFO	sendToClient: {"from":"0","ok":true}, {07fd7e5e-9b72-478b-9680-6bf4724646b9}, {07fd7e5e-9b72-478b-9680-6bf4724646b9}
04-27 17:38:27.950 I/Gecko   (   83): 1398645507957	Marionette	DEBUG	Got request: execute, data: {"to":"0","sessionId":"3-b2g","name":"executeScript","parameters":{"specialPowers":false,"scriptTimeout":null,"newSandbox":true,"args":[],"filename":"gaia_test.py","script":"return window.wrappedJSObject.GridManager.pageHelper.getCurrentPageNumber();","line":784}}, id: {0c32b31c-6817-4ad0-ab3e-923b1085e50c}
04-27 17:38:28.030 I/Gecko   (   83): 1398645508037	Marionette	INFO	sendToClient: {"from":"0","value":0}, {0c32b31c-6817-4ad0-ab3e-923b1085e50c}, {0c32b31c-6817-4ad0-ab3e-923b1085e50c}
04-27 17:38:28.230 I/Gecko   (   83): 1398645508240	Marionette	INFO	sendToClient: {"from":"0","value":["{1aee3788-98c2-4c8f-b834-cba3fd6d2312}","{d18bfa54-e776-4594-b195-123caa955dc0}","{2f01ba91-2ec0-43b6-bc44-d462024c93b8}","{24223b93-0176-4f9a-8fbb-61b793b3c7c2}","{9061013b-eeba-4ff9-830d-8b311e311a60}","{ed4fbe2a-1a81-487e-8a01-498dfacb6155}","{5eefc7d7-56cf-4755-a740-5d3ca3e604d0}","{87cd438f-61ac-4071-aa47-8ad3bef12d6a}","{b5f6fc6f-4160-4c3c-a82f-3993fdd4c715}","{45e92953-e5a5-4eb4-acbd-a5017e316378}","{d1ccf68d-1571-493c-bb53-fd56201f736d}","{592fd37f-3262-4a74-80eb-53ebf598738c}","{c645306c-7ea1-4ff0-932b-d17753bc91e1}","{102f12fc-f537-4597-81d8-6b3a011b7e98}","{b0a49c78-093e-47c9-836a-fb63f790b5fe}","{030788f5-f33d-4cd2-b7fc-f4955e5990ba}","{6c190b03-7d52-4f68-813c-1d12bf35de83}","{b4d29cee-394b-45a3-828e-ed1a58f4eda8}","{6af558a0-309f-4a28-a098-93ba8fe4fd51}","{2597d8ce-bf3a-408a-a088-ea1e99edbc69}","{dbcfccab-8e0d-4bc0-84d9-845ec3b8a719}","{cceae9cd-affd-4d02-beaa-1420fbc767fa}","{bd7c764e-97f4-445b-be77-de55aff47cc0}","{9e385144-8bf7
04-27 17:38:29.540 I/Gecko   (   83): 1398645509548	Marionette	INFO	sendToClient: {"from":"0","value":"app://homescreen.gaiamobile.org/index.html#rootSun%20Apr%2027%202014%2017:38:27%20GMT-0700%20(UTC)"}, {13d42dab-eb01-4826-8030-cd43ed271df0}, {13d42dab-eb01-4826-8030-cd43ed271df0}
04-27 17:38:29.550 I/Gecko   (   83): 1398645509556	Marionette	DEBUG	Got request: switchToFrame, data: {"to":"0","sessionId":"3-b2g","name":"switchToFrame","parameters":{"id":null,"focus":true}}, id: {707984a1-cfbd-45b0-af53-bd1adf471ac1}
04-27 17:38:29.570 I/Gecko   (   83): 1398645509581	Marionette	INFO	Switched to frame: {"frameValue":null}
04-27 17:38:29.670 E/GeckoConsole(  614): Content JS WARN at app://homescreen.gaiamobile.org/gaia_build_defer_index.js:184 in isHiddenApp: Unexpected role when checking hidden app: undefined
04-27 17:38:29.670 E/GeckoConsole(  614): Content JS WARN at app://homescreen.gaiamobile.org/gaia_build_defer_index.js:184 in isHiddenApp: Unexpected role when checking hidden app: undefined
04-27 17:38:29.670 E/GeckoConsole(  614): Content JS WARN at app://homescreen.gaiamobile.org/gaia_build_defer_index.js:184 in isHiddenApp: Unexpected role when checking hidden app: undefined
04-27 17:38:29.670 E/GeckoConsole(  614): Content JS WARN at app://homescreen.gaiamobile.org/gaia_build_defer_index.js:184 in isHiddenApp: Unexpected role when checking hidden app: undefined
04-27 17:38:29.680 I/Gecko   (   83): 1398645509685	Marionette	INFO	sendToClient: {"from":"0","ok":true}, {707984a1-cfbd-45b0-af53-bd1adf471ac1}, {707984a1-cfbd-45b0-af53-bd1adf471ac1}
04-27 17:38:29.680 E/GeckoConsole(  614): Content JS WARN at app://homescreen.gaiamobile.org/gaia_build_defer_index.js:184 in isHiddenApp: Unexpected role when checking hidden app: undefined
04-27 17:38:29.680 I/Gecko   (   83): 1398645509692	Marionette	DEBUG	Got request: switchToFrame, data: {"to":"0","sessionId":"3-b2g","name":"switchToFrame","parameters":{"id":null,"focus":true}}, id: {b6c6f535-d635-497c-b2a3-e4c9e0df964a}
04-27 17:38:29.680 I/Gecko   (   83): 1398645509694	Marionette	INFO	Switched to frame: {"frameValue":null}
04-27 17:38:29.690 E/GeckoConsole(  614): Content JS WARN at app://homescreen.gaiamobile.org/gaia_build_defer_index.js:184 in isHiddenApp: Unexpected role when checking hidden app: undefined
04-27 17:38:29.690 E/GeckoConsole(  614): Content JS WARN at app://homescreen.gaiamobile.org/gaia_build_defer_index.js:184 in isHiddenApp: Unexpected role when checking hidden app: undefined
04-27 17:38:29.690 E/GeckoConsole(  614): Content JS WARN at app://homescreen.gaiamobile.org/gaia_build_defer_index.js:184 in isHiddenApp: Unexpected role when checking hidden app: undefined
04-27 17:38:29.690 E/GeckoConsole(  614): Content JS WARN at app://homescreen.gaiamobile.org/gaia_build_defer_index.js:184 in isHiddenApp: Unexpected role when checking hidden app: undefined
04-27 17:38:29.690 E/GeckoConsole(  614): Content JS WARN at app://homescreen.gaiamobile.org/gaia_build_defer_index.js:184 in isHiddenApp: Unexpected role when checking hidden app: undefined
04-27 17:38:29.690 E/GeckoConsole(  614): Content JS WARN at app://homescreen.gaiamobile.org/gaia_build_defer_index.js:184 in isHiddenApp: Unexpected role when checking hidden app: undefined
04-27 17:38:29.690 E/GeckoConsole(  614): Content JS WARN at app://homescreen.gaiamobile.org/gaia_build_defer_index.js:184 in isHiddenApp: Unexpected role when checking hidden app: undefined
04-27 17:38:29.690 E/GeckoConsole(  614): Content JS WARN at app://homescreen.gaiamobile.org/gaia_build_defer_index.js:184 in isHiddenApp: Unexpected role when checking hidden app: undefined
04-27 17:38:29.690 E/GeckoConsole(  614): Content JS WARN at app://homescreen.gaiamobile.org/gaia_build_defer_index.js:184 in isHiddenApp: Unexpected role when checking hidden app: undefined
04-27 17:38:29.690 E/GeckoConsole(  614): Content JS WARN at app://homescreen.gaiamobile.org/gaia_build_defer_index.js:184 in isHiddenApp: Unexpected role when checking hidden app: undefined
04-27 17:38:29.700 E/GeckoConsole(  614): Content JS WARN at app://homescreen.gaiamobile.org/gaia_build_defer_index.js:184 in isHiddenApp: Unexpected role when checking hidden app: undefined
04-27 17:38:29.700 E/GeckoConsole(  614): Content JS WARN at app://homescreen.gaiamobile.org/gaia_build_defer_index.js:184 in isHiddenApp: Unexpected role when checking hidden app: undefined
04-27 17:38:29.700 E/GeckoConsole(  614): Content JS WARN at app://homescreen.gaiamobile.org/gaia_build_defer_index.js:184 in isHiddenApp: Unexpected role when checking hidden app: undefined
04-27 17:38:29.700 E/GeckoConsole(  614): Content JS WARN at app://homescreen.gaiamobile.org/gaia_build_defer_index.js:184 in isHiddenApp: Unexpected role when checking hidden app: undefined
04-27 17:38:29.700 E/GeckoConsole(  614): Content JS WARN at app://homescreen.gaiamobile.org/gaia_build_defer_index.js:184 in isHiddenApp: Unexpected role when checking hidden app: undefined
04-27 17:38:29.700 E/GeckoConsole(  614): Content JS WARN at app://homescreen.gaiamobile.org/gaia_build_defer_index.js:184 in isHiddenApp: Unexpected role when checking hidden app: undefined
04-27 17:38:29.700 E/GeckoConsole(  614): Content JS WARN at app://homescreen.gaiamobile.org/gaia_build_defer_index.js:184 in isHiddenApp: Unexpected role when checking hidden app: undefined
04-27 17:38:29.700 E/GeckoConsole(  614): Content JS WARN at app://homescreen.gaiamobile.org/gaia_build_defer_index.js:184 in isHiddenApp: Unexpected role when checking hidden app: undefined
04-27 17:38:29.700 E/GeckoConsole(  614): Content JS WARN at app://homescreen.gaiamobile.org/gaia_build_defer_index.js:184 in isHiddenApp: Unexpected role when checking hidden app: undefined
04-27 17:38:29.700 E/GeckoConsole(  614): Content JS WARN at app://homescreen.gaiamobile.org/gaia_build_defer_index.js:184 in isHiddenApp: Unexpected role when checking hidden app: undefined
04-27 17:38:29.700 E/GeckoConsole(  614): Content JS WARN at app://homescreen.gaiamobile.org/gaia_build_defer_index.js:184 in isHiddenApp: Unexpected role when checking hidden app: undefined
04-27 17:38:29.700 E/GeckoConsole(  614): Content JS WARN at app://homescreen.gaiamobile.org/gaia_build_defer_index.js:184 in isHiddenApp: Unexpected role when checking hidden app: undefined
04-27 17:38:29.700 E/GeckoConsole(  614): Content JS WARN at app://homescreen.gaiamobile.org/gaia_build_defer_index.js:184 in isHiddenApp: Unexpected role when checking hidden app: undefined
04-27 17:38:29.700 E/GeckoConsole(  614): Content JS WARN at app://homescreen.gaiamobile.org/gaia_build_defer_index.js:184 in isHiddenApp: Unexpected role when checking hidden app: undefined
04-27 17:38:29.710 E/GeckoConsole(  614): Content JS WARN at app://homescreen.gaiamobile.org/gaia_build_defer_index.js:184 in isHiddenApp: Unexpected role when checking hidden app: undefined
04-27 17:38:29.710 E/GeckoConsole(  614): Content JS WARN at app://homescreen.gaiamobile.org/gaia_build_defer_index.js:184 in isHiddenApp: Unexpected role when checking hidden app: undefined
04-27 17:38:29.710 E/GeckoConsole(  614): Content JS WARN at app://homescreen.gaiamobile.org/gaia_build_defer_index.js:184 in isHiddenApp: Unexpected role when checking hidden app: undefined
04-27 17:38:29.710 E/GeckoConsole(  614): Content JS WARN at app://homescreen.gaiamobile.org/gaia_build_defer_index.js:184 in isHiddenApp: Unexpected role when checking hidden app: undefined
04-27 17:38:29.710 E/GeckoConsole(  614): Content JS WARN at app://homescreen.gaiamobile.org/gaia_build_defer_index.js:184 in isHiddenApp: Unexpected role when checking hidden app: undefined
04-27 17:38:29.710 E/GeckoConsole(  614): Content JS WARN at app://homescreen.gaiamobile.org/gaia_build_defer_index.js:184 in isHiddenApp: Unexpected role when checking hidden app: undefined
04-27 17:38:29.710 E/GeckoConsole(  614): Content JS WARN at app://homescreen.gaiamobile.org/gaia_build_defer_index.js:184 in isHiddenApp: Unexpected role when checking hidden app: undefined
04-27 17:38:29.790 I/Gecko   (   83): 1398645509798	Marionette	INFO	sendToClient: {"from":"0","ok":true}, {b6c6f535-d635-497c-b2a3-e4c9e0df964a}, {b6c6f535-d635-497c-b2a3-e4c9e0df964a}
04-27 17:38:29.800 I/Gecko   (   83): 1398645509807	Marionette	DEBUG	Got request: executeWithCallback, data: {"to":"0","sessionId":"3-b2g","name":"executeAsyncScript","parameters":{"specialPowers":false,"scriptTimeout":30000,"newSandbox":true,"args":[],"filename":"app_checker.py","script":"GaiaApps.launchWithManifestURL('https://marketplace.firefox.com/app/3c15061e-596d-423c-8015-1b6158dcf124/manifest.webapp')","line":106}}, id: {7d5d657d-6557-4c74-9207-e6956e9aa6da}
04-27 17:38:30.010 I/Gonk    (   83): Setting nice for pid 623 to 18
04-27 17:38:30.010 I/Gonk    (   83): Changed nice for pid 623 from 18 to 18.
04-27 17:38:30.010 I/Gecko   (   83): [Parent 83] WARNING: waitpid failed pid:623 errno:10: file ../../../gecko/ipc/chromium/src/base/process_util_posix.cc, line 254
04-27 17:38:30.020 I/Gonk    (   83): Setting nice for pid 623 to 1
04-27 17:38:30.020 I/Gonk    (   83): Changed nice for pid 623 from 18 to 1.
04-27 17:38:30.100 E/GeckoConsole(   83): Content JS LOG at dummy file:334 in GaiaApps.launch: launching app with name 'Alien Syncope'
04-27 17:38:30.190 E/[Gralloc-ERROR](   83): int gralloc_register_buffer(const gralloc_module_t*, const native_handle_t*):79 Unable to register handle 0x4a9785b0 coming from different process: 83
04-27 17:38:30.200 E/[Gralloc-ERROR](   83): int gralloc_register_buffer(const gralloc_module_t*, const native_handle_t*):79 Unable to register handle 0x4a978b50 coming from different process: 83
04-27 17:38:30.210 E/[Gralloc-ERROR](   83): int gralloc_register_buffer(const gralloc_module_t*, const native_handle_t*):79 Unable to register handle 0x4a978bf0 coming from different process: 83
04-27 17:38:30.220 E/[Gralloc-ERROR](   83): int gralloc_register_buffer(const gralloc_module_t*, const native_handle_t*):79 Unable to register handle 0x4a978d30 coming from different process: 83
04-27 17:38:30.410 D/Sensors (   83): activate handle=0; drv=0
04-27 17:38:30.420 D/Sensors (   83): Lis3dhSensor: Control set 1
04-27 17:38:30.420 D/Sensors (   83): Lis3dhSensor: mEnabled = 1
04-27 17:38:30.480 I/Gonk    (   83): Setting nice for pid 614 to 18
04-27 17:38:30.480 I/Gonk    (   83): Changed nice for pid 614 from 1 to 18.
04-27 17:38:30.780 I/log     (  687): <4>0[ 100.766320] select 614 (Homescreen), adj 8, size 7941, to kill 
04-27 17:38:31.080 W/WifiHW  (   83): wifi_command: SIGNAL_POLL
04-27 17:38:31.370 I/Gonk    (   83): Setting nice for pid 689 to 18
04-27 17:38:31.390 I/Gonk    (   83): Changed nice for pid 689 from 0 to 18.
04-27 17:38:31.470 V/AudioPolicyManagerBase(   88): getDeviceForStrategy() from cache strategy 0, device 2
04-27 17:38:31.470 V/AudioPolicyManagerBase(   88): getOutput() stream 1, samplingRate 0, format 0, channels 3, flags 0
04-27 17:38:31.530 V/AudioPolicyManagerBase(   88): startOutput() output 1, stream 1, session 2
04-27 17:38:31.530 V/AudioPolicyManagerBase(   88): startReadingThread
04-27 17:38:31.530 V/AudioPolicyManagerBase(   88): changeRefCount() stream 1, count 1
04-27 17:38:31.530 V/AudioPolicyManagerBase(   88): getDeviceForStrategy() from cache strategy 0, device 2
04-27 17:38:31.530 V/AudioPolicyManagerBase(   88): getNewDevice() selected device 2
04-27 17:38:31.530 D/AudioPolicyManagerBase(   88): setOutputDevice() output 1 device 2 delayMs 0
04-27 17:38:31.530 V/AudioPolicyManagerBase(   88): setOutputDevice() setting same device 2 or null device for output 1
04-27 17:38:31.530 E/AudioPolicyManagerBase(   88): checkAndSetVolume stream=1, index=0, output=1, device=2
04-27 17:38:31.530 E/AudioPolicyManagerBase(   88): computeVolume, streamDesc=0xfddbb8
04-27 17:38:31.540 V/AudioPolicyManagerBase(   88): ThreadWrapper 0xfddb40
04-27 17:38:31.540 V/AudioPolicyManagerBase(   88): threadFunc in
04-27 17:38:31.560 W/AudioFlinger(   88): Thread AudioOut_1 cannot connect to the power manager service
04-27 17:38:31.560 V/AudioPolicyManagerBase(   88): stopOutput() output 1, stream 1, session 2
04-27 17:38:31.560 V/AudioPolicyManagerBase(   88): stopReadingThread
04-27 17:38:31.640 V/AudioPolicyManagerBase(   88): threadFunc exit
04-27 17:38:31.640 V/AudioPolicyManagerBase(   88): changeRefCount() stream 1, count 0
04-27 17:38:31.640 V/AudioPolicyManagerBase(   88): getNewDevice() selected device 0
04-27 17:38:31.640 D/AudioPolicyManagerBase(   88): setOutputDevice() output 1 device 0 delayMs 290
04-27 17:38:31.640 V/AudioPolicyManagerBase(   88): setOutputDevice() setting same device 0 or null device for output 1
04-27 17:38:31.640 V/AudioPolicyManagerBase(   88): releaseOutput() 1
04-27 17:38:31.970 I/Gecko   (   83): [Parent 83] WARNING: pipe error (146): Connection reset by peer: file ../../../gecko/ipc/chromium/src/chrome/common/ipc_channel_posix.cc, line 446
04-27 17:38:32.020 I/Gecko   (   83): 
04-27 17:38:32.020 I/Gecko   (   83): ###!!! [Parent][MessageChannel] Error: Channel error: cannot send/recv
04-27 17:38:32.020 I/Gecko   (   83): 
04-27 17:38:32.080 I/Gecko   (  623): ###################################### forms.js loaded
04-27 17:38:32.090 I/GeckoDump(   83): Crash reporter : Can't fetch app.reportCrashes. Exception: [Exception... "Component returned failure code: 0x8000ffff (NS_ERROR_UNEXPECTED) [nsIPrefBranch.getBoolPref]"  nsresult: "0x8000ffff (NS_ERROR_UNEXPECTED)"  location: "JS frame :: chrome://browser/content/shell.js :: shell_reportCrash :: line 7"  data: no]
04-27 17:38:32.100 I/Gecko   (   83): [Parent 83] WARNING: waitpid failed pid:614 errno:10: file ../../../gecko/ipc/chromium/src/base/process_util_posix.cc, line 254
04-27 17:38:32.240 I/Gecko   (  623): ############################### browserElementPanning.js loaded
04-27 17:38:32.280 I/Gecko   (  623): ######################## BrowserElementChildPreload.js loaded
04-27 17:38:32.950 E/GeckoConsole(  623): [JavaScript Warning: "Unknown property 'touch-action-delay'.  Declaration dropped." {file: "app://{7ad04471-2703-462f-844c-2da55f932a27}/index.html" line: 32 column: 21 source: "			touch-action-delay: none;"}]
04-27 17:38:32.960 E/GeckoConsole(  623): [JavaScript Warning: "Unknown property 'touch-action'.  Declaration dropped." {file: "app://{7ad04471-2703-462f-844c-2da55f932a27}/index.html" line: 33 column: 15 source: "			touch-action: none;"}]
04-27 17:38:33.540 E/GeckoConsole(  623): [JavaScript Warning: "Unknown property 'box-sizing'.  Declaration dropped." {file: "app://{7ad04471-2703-462f-844c-2da55f932a27}/index.html" line: 0 column: 67 source: "-webkit-box-sizing:border-box;-moz-box-sizing:border-box;box-sizing:border-box;padding:1px;border:1px;display:block;width:4px;margin-top:1%;position:absolute;top:1%"}]
04-27 17:38:33.540 E/GeckoConsole(  623): [JavaScript Warning: "Unknown property 'box-sizing'.  Declaration dropped." {file: "app://{7ad04471-2703-462f-844c-2da55f932a27}/index.html" line: 0 column: 111 source: "padding:0;margin:0;border:0;display:block;-webkit-box-sizing:content-box;-moz-box-sizing:content-box;box-sizing:content-box"}]
04-27 17:38:33.550 E/GeckoConsole(  623): [JavaScript Warning: "Unknown property 'box-sizing'.  Declaration dropped." {file: "app://{7ad04471-2703-462f-844c-2da55f932a27}/index.html" line: 0 column: 111 source: "padding:0;margin:0;border:0;display:block;-webkit-box-sizing:content-box;-moz-box-sizing:content-box;box-sizing:content-box"}]
04-27 17:38:34.100 I/Gecko   (   83): [Parent 83] WARNING: waitpid failed pid:614 errno:10: file ../../../gecko/ipc/chromium/src/base/process_util_posix.cc, line 254
04-27 17:38:34.100 I/Gecko   (   83): [Parent 83] WARNING: Failed to deliver SIGKILL to 614!(3).: file ../../../gecko/ipc/chromium/src/chrome/common/process_watcher_posix_sigchld.cc, line 118
04-27 17:38:34.150 V/AudioPolicyManagerBase(   88): getDeviceForStrategy() from cache strategy 0, device 2
04-27 17:38:34.150 V/AudioPolicyManagerBase(   88): getOutput() stream 3, samplingRate 0, format 0, channels 3, flags 0
04-27 17:38:34.910 I/Gecko   (  623): Attempting load of libEGL.so
04-27 17:38:34.970 D/libEGL  (  623): loaded /system/lib/egl/libEGL_mali.so
04-27 17:38:34.990 D/libEGL  (  623): loaded /system/lib/egl/libGLESv1_CM_mali.so
04-27 17:38:34.990 D/libEGL  (  623): loaded /system/lib/egl/libGLESv2_mali.so
04-27 17:38:35.030 I/Gecko   (  623): SharedSurface_Gralloc::Create -------
04-27 17:38:35.040 I/Gecko   (  623): SharedSurface_Gralloc::Create: success -- surface 0x43667080, GraphicBuffer 0x435f2080.
04-27 17:38:36.130 W/WifiHW  (   83): wifi_command: SIGNAL_POLL
04-27 17:38:36.600 I/Gecko   (  623): SharedSurface_Gralloc::Create -------
04-27 17:38:36.620 I/Gecko   (  623): SharedSurface_Gralloc::Create: success -- surface 0x45175340, GraphicBuffer 0x4302ef80.
04-27 17:38:37.430 I/Gecko   (  623): SharedSurface_Gralloc::Create -------
04-27 17:38:37.460 I/Gecko   (  623): SharedSurface_Gralloc::Create: success -- surface 0x45175c00, GraphicBuffer 0x4302d080.
04-27 17:38:37.530 I/Gonk    (   83): Setting nice for pid 689 to 18
04-27 17:38:37.530 I/Gonk    (   83): Changed nice for pid 689 from 18 to 18.
04-27 17:38:37.530 I/Gecko   (   83): [Parent 83] WARNING: waitpid failed pid:689 errno:10: file ../../../gecko/ipc/chromium/src/base/process_util_posix.cc, line 254
04-27 17:38:37.540 I/Gonk    (   83): Setting nice for pid 689 to 1
04-27 17:38:37.540 I/Gonk    (   83): Changed nice for pid 689 from 18 to 1.
04-27 17:38:37.560 I/Gonk    (   83): Setting nice for pid 689 to 18
04-27 17:38:37.560 I/Gonk    (   83): Changed nice for pid 689 from 1 to 18.
04-27 17:38:37.870 E/[Gralloc-ERROR](   83): int gralloc_unregister_buffer(const gralloc_module_t*, const native_handle_t*):274 Trying to unregister buffer 0x4a9785b0 from process 83 that was not created in current process: 83
04-27 17:38:37.870 E/GeckoConsole(   83): Content JS LOG at dummy file:326 in GaiaApps.launch/appOpen/<: app with origin 'app://{7ad04471-2703-462f-844c-2da55f932a27}' has launched
04-27 17:38:37.870 I/Gecko   (   83): 1398645517882	Marionette	INFO	sendToClient: {"from":"0","value":{"frame":{"ELEMENT":"{6f959945-cbde-4205-b200-8d858ab8eebd}"},"src":"app://{7ad04471-2703-462f-844c-2da55f932a27}/index.html","name":"Alien Syncope","origin":"app://{7ad04471-2703-462f-844c-2da55f932a27}"}}, {7d5d657d-6557-4c74-9207-e6956e9aa6da}, {7d5d657d-6557-4c74-9207-e6956e9aa6da}
04-27 17:38:37.880 E/[Gralloc-ERROR](   83): int gralloc_unregister_buffer(const gralloc_module_t*, const native_handle_t*):274 Trying to unregister buffer 0x4a978b50 from process 83 that was not created in current process: 83
04-27 17:38:37.880 E/[Gralloc-ERROR](   83): int gralloc_unregister_buffer(const gralloc_module_t*, const native_handle_t*):274 Trying to unregister buffer 0x4a978d30 from process 83 that was not created in current process: 83
04-27 17:38:37.880 E/[Gralloc-ERROR](   83): int gralloc_unregister_buffer(const gralloc_module_t*, const native_handle_t*):274 Trying to unregister buffer 0x4a978bf0 from process 83 that was not created in current process: 83
04-27 17:38:37.880 I/Gecko   (   83): 1398645517894	Marionette	DEBUG	Got request: switchToFrame, data: {"to":"0","sessionId":"3-b2g","name":"switchToFrame","parameters":{"focus":true,"element":"{6f959945-cbde-4205-b200-8d858ab8eebd}"}}, id: {eb01f960-5c69-4cfb-b05e-341ebfea42c7}
04-27 17:38:37.900 I/Gecko   (   83): 1398645517912	Marionette	INFO	Switched to frame: {"frameValue":"{6f959945-cbde-4205-b200-8d858ab8eebd}"}
04-27 17:38:37.910 I/Gecko   (   83): 1398645517915	Marionette	INFO	trying remote frame 0
04-27 17:38:37.910 I/Gecko   (   83): 1398645517916	Marionette	INFO	deleting frame
04-27 17:38:37.910 I/Gecko   (   83): 1398645517922	Marionette	INFO	frame-manager load script: [object ChromeMessageSender]
04-27 17:38:38.760 I/Gecko   (   83): 1398645518765	Marionette	INFO	sendToClient: {"from":"0","ok":true}, {eb01f960-5c69-4cfb-b05e-341ebfea42c7}, {eb01f960-5c69-4cfb-b05e-341ebfea42c7}
04-27 17:38:39.260 I/Gecko   (   83): 
04-27 17:38:39.260 I/Gecko   (   83): ###!!! [Parent][MessageChannel] Error: Channel error: cannot send/recv
04-27 17:38:39.260 I/Gecko   (   83): 
04-27 17:38:39.300 I/GeckoDump(   83): Crash reporter : Can't fetch app.reportCrashes. Exception: [Exception... "Component returned failure code: 0x8000ffff (NS_ERROR_UNEXPECTED) [nsIPrefBranch.getBoolPref]"  nsresult: "0x8000ffff (NS_ERROR_UNEXPECTED)"  location: "JS frame :: chrome://browser/content/shell.js :: shell_reportCrash :: line 7"  data: no]
04-27 17:38:39.330 I/Gecko   (   83): [Parent 83] WARNING: waitpid failed pid:689 errno:10: file ../../../gecko/ipc/chromium/src/base/process_util_posix.cc, line 254
04-27 17:38:39.340 I/Gecko   (   83): 1398645519353	Marionette	INFO	sendToClient: {"from":"0","value":"app://{7ad04471-2703-462f-844c-2da55f932a27}/index.html"}, {bb6d72c1-2596-4138-928e-bb3744284634}, {bb6d72c1-2596-4138-928e-bb3744284634}
04-27 17:38:39.380 I/Gecko   (   83): 1398645519387	Marionette	DEBUG	Got request: execute, data: {"to":"0","sessionId":"3-b2g","name":"executeScript","parameters":{"specialPowers":false,"scriptTimeout":null,"newSandbox":true,"args":[],"filename":"app_checker.py","script":"return window.document.readyState;","line":191}}, id: {7eb30066-13c6-47a7-bc67-449c1e984f47}
04-27 17:38:39.420 I/Gecko   (   83): 1398645519433	Marionette	INFO	sendToClient: {"from":"0","value":"complete"}, {7eb30066-13c6-47a7-bc67-449c1e984f47}, {7eb30066-13c6-47a7-bc67-449c1e984f47}
04-27 17:38:39.430 I/Gecko   (   83): 1398645519443	Marionette	INFO	sendToClient: {"from":"0","value":"app://{7ad04471-2703-462f-844c-2da55f932a27}/index.html"}, {270793bf-6d6f-4c62-8e40-3add05a9783c}, {270793bf-6d6f-4c62-8e40-3add05a9783c}
04-27 17:38:39.500 I/Gecko   (  623): SharedSurface_Gralloc::Create -------
04-27 17:38:39.520 I/Gecko   (  623): SharedSurface_Gralloc::Create: success -- surface 0x4445f240, GraphicBuffer 0x4361e080.
04-27 17:38:40.800 I/Gecko   (   83): 1398645520806	Marionette	INFO	sendToClient: {"from":"0","value":"iVBORw0KGgoAAAANSUhEUgAAAUAAAAHMCAYAAACk4nEJAAAgAElEQVR4nO3dP2gbSfsHcBVXqLhiiyumuOI38BbvwhUnSHGGNGdIEcMVMaSIwYUJKUJIYYwLY9wY48IEF8a4MMZFwC4CThFQioDSBHRFQCle0BUHTpFCxRUqUqi44vkVO7M7uzu7kvzvu5K+Bx+ek2WtH0n25KvZ3dlarVYTIqIZBW+AiAgF3gAREQq8ASIiFHgDREQo8AaIiFDgDRARocAbICJCgTdARIQCb4CICAXeABERCrwBIiIUeANERCjwBoiIUOANEBGhwBsgIkKBN0BEhAJvgIgIBd4AEREKvAEiIhR4A0REKPAGiIhQ4A0QEaHAGyAiQoE3QESEAm+AiAgF3gAREQq8ASIiFHgDREQo8AaIiFDgDRARocAbICJCgTdARIQCb4CICAXeABERCrwBIiIUeANERCjwBoiIUOANEBGhwBsgIkKBN0BEhAJvgIgIBd4AEREKvAEiIhR4A0REKPAGiIhQ4A0QEaHAGyAiQoE3QESEAm+AiAgF3gAREQq8ASIiFHgDREQo8AaIiFDgDRARocAbICJCgTdARIQCb4CICAXeABERCrwBIiIUeANERCjwBoiIUOANEBGhwBsgIkKBN0BEhAJvgIgIBd4AEREKvAEiIhR4A0REKPAGiIhQ4A0QEaHAGyAiQoE3QESEAm+AiAgF3gAREQq8ASIiFHgDREQo8AaIiFDgDRARocAbICJCgTdARIQCb4CICAXeABERCrwBIiIUeANERCjwBoiIUOANEBGhwBsgIkKBN0BEhAJvgIgIBd4AEREKvAEiIhR4A0REKPAGiIhQ4A0QEaHAGyAiQoE3QESEAm+AaKotnCtZOA9kbiOA90I58AaIptrCeSAL50oa63V4L5QDb4Boqi0yAVYZvAGiqRQlv6A0AeqHdWls1G
04-27 17:38:41.020 I/Gecko   (   83): 1398645521032	Marionette	INFO	sendToClient: {"from":"0","ok":true}, {d404d90a-fb8c-46e4-99ca-542322bee4c6}, {d404d90a-fb8c-46e4-99ca-542322bee4c6}
04-27 17:38:41.330 I/Gecko   (   83): [Parent 83] WARNING: waitpid failed pid:689 errno:10: file ../../../gecko/ipc/chromium/src/base/process_util_posix.cc, line 254
04-27 17:38:41.330 I/Gecko   (   83): [Parent 83] WARNING: Failed to deliver SIGKILL to 689!(3).: file ../../../gecko/ipc/chromium/src/chrome/common/process_watcher_posix_sigchld.cc, line 118
04-27 17:38:41.990 W/WifiHW  (   83): wifi_command: SIGNAL_POLL
04-27 17:38:42.070 I/Gecko   (   83): 1398645522079	Marionette	DEBUG	Got request: switchToFrame, data: {"to":"0","sessionId":"3-b2g","name":"switchToFrame","parameters":{"id":null,"focus":true}}, id: {0439f036-7bf1-49cd-8cc4-a343966b262c}
04-27 17:38:42.090 I/Gecko   (   83): 1398645522102	Marionette	INFO	Switched to frame: {"frameValue":null}
04-27 17:38:42.200 I/Gecko   (   83): 1398645522207	Marionette	INFO	sendToClient: {"from":"0","ok":true}, {0439f036-7bf1-49cd-8cc4-a343966b262c}, {0439f036-7bf1-49cd-8cc4-a343966b262c}
04-27 17:38:42.200 I/Gecko   (   83): 1398645522214	Marionette	DEBUG	Got request: executeWithCallback, data: {"to":"0","sessionId":"3-b2g","name":"executeAsyncScript","parameters":{"specialPowers":false,"scriptTimeout":null,"newSandbox":true,"args":[],"filename":"gaia_test.py","script":"return GaiaApps.displayedApp();","line":66}}, id: {c5a107aa-6397-4dd7-b112-0e6784093ec6}
04-27 17:38:42.290 I/Gecko   (   83): 1398645522294	Marionette	INFO	sendToClient: {"from":"0","value":{"frame":{"ELEMENT":"{6f959945-cbde-4205-b200-8d858ab8eebd}"},"src":"app://{7ad04471-2703-462f-844c-2da55f932a27}/index.html","name":"Alien Syncope","origin":"app://{7ad04471-2703-462f-844c-2da55f932a27}"}}, {c5a107aa-6397-4dd7-b112-0e6784093ec6}, {c5a107aa-6397-4dd7-b112-0e6784093ec6}
04-27 17:38:42.290 E/GeckoConsole(   83): Content JS LOG at dummy file:392 in GaiaApps.displayedApp: app with origin 'app://{7ad04471-2703-462f-844c-2da55f932a27}' is displayed
04-27 17:38:42.300 I/Gecko   (   83): 1398645522314	Marionette	DEBUG	Got request: switchToFrame, data: {"to":"0","sessionId":"3-b2g","name":"switchToFrame","parameters":{"id":null,"focus":true}}, id: {196113f4-763e-4e43-ab70-8036aeb242c0}
04-27 17:38:42.310 I/Gecko   (   83): 1398645522316	Marionette	INFO	Switched to frame: {"frameValue":null}
04-27 17:38:42.410 I/Gecko   (   83): 1398645522419	Marionette	INFO	sendToClient: {"from":"0","ok":true}, {196113f4-763e-4e43-ab70-8036aeb242c0}, {196113f4-763e-4e43-ab70-8036aeb242c0}
04-27 17:38:42.450 I/Gecko   (   83): 1398645522462	Marionette	DEBUG	Got request: execute, data: {"to":"0","sessionId":"3-b2g","name":"executeScript","parameters":{"specialPowers":false,"scriptTimeout":null,"newSandbox":true,"args":[],"filename":"gaia_test.py","script":"window.wrappedJSObject.dispatchEvent(new Event('home'));","line":788}}, id: {ca0813d7-14a7-4bc5-aa80-25654730139b}
04-27 17:38:43.050 I/Gonk    (   83): Setting nice for pid 718 to 18
04-27 17:38:43.060 I/Gonk    (   83): Changed nice for pid 718 from 0 to 18.
04-27 17:38:43.100 I/Gecko   (   83): 1398645523106	Marionette	INFO	sendToClient: {"from":"0","value":null}, {ca0813d7-14a7-4bc5-aa80-25654730139b}, {ca0813d7-14a7-4bc5-aa80-25654730139b}
04-27 17:38:43.140 I/Gonk    (   83): Setting nice for pid 718 to 18
04-27 17:38:43.140 I/Gonk    (   83): Changed nice for pid 718 from 18 to 18.
04-27 17:38:43.140 I/Gecko   (   83): [Parent 83] WARNING: waitpid failed pid:718 errno:10: file ../../../gecko/ipc/chromium/src/base/process_util_posix.cc, line 254
04-27 17:38:43.200 I/Gonk    (   83): Setting nice for pid 718 to 1
04-27 17:38:43.200 I/Gonk    (   83): Changed nice for pid 718 from 18 to 1.
04-27 17:38:43.270 I/Gonk    (   83): Setting nice for pid 726 to 18
04-27 17:38:43.280 I/Gonk    (   83): Changed nice for pid 726 from 0 to 18.
04-27 17:38:43.290 I/Gecko   (   83): 1398645523299	Marionette	DEBUG	Got request: switchToFrame, data: {"to":"0","sessionId":"3-b2g","name":"switchToFrame","parameters":{"id":null,"focus":true}}, id: {88242c7a-619b-416a-90ff-4a7314174a82}
04-27 17:38:43.300 I/Gecko   (   83): 1398645523307	Marionette	INFO	Switched to frame: {"frameValue":null}
04-27 17:38:43.420 I/Gecko   (   83): 1398645523429	Marionette	INFO	sendToClient: {"from":"0","ok":true}, {88242c7a-619b-416a-90ff-4a7314174a82}, {88242c7a-619b-416a-90ff-4a7314174a82}
04-27 17:38:43.430 I/Gecko   (   83): 1398645523441	Marionette	DEBUG	Got request: executeWithCallback, data: {"to":"0","sessionId":"3-b2g","name":"executeAsyncScript","parameters":{"specialPowers":false,"scriptTimeout":null,"newSandbox":true,"args":[],"filename":"gaia_test.py","script":"return GaiaApps.displayedApp();","line":66}}, id: {ff93b911-7884-4a8a-aa47-272cad95a095}
04-27 17:38:43.600 I/Gecko   (   83): 1398645523605	Marionette	INFO	sendToClient: {"from":"0","value":{"frame":{"ELEMENT":"{c7b62953-b6ad-498d-a58a-9a2ca0118f25}"},"src":"app://homescreen.gaiamobile.org/index.html#root","name":"Homescreen","origin":"app://homescreen.gaiamobile.org"}}, {ff93b911-7884-4a8a-aa47-272cad95a095}, {ff93b911-7884-4a8a-aa47-272cad95a095}
04-27 17:38:43.600 E/GeckoConsole(   83): Content JS LOG at dummy file:392 in GaiaApps.displayedApp: app with origin 'app://homescreen.gaiamobile.org' is displayed
04-27 17:38:43.610 I/Gecko   (   83): 1398645523617	Marionette	DEBUG	Got request: switchToFrame, data: {"to":"0","sessionId":"3-b2g","name":"switchToFrame","parameters":{"id":null,"focus":true}}, id: {1bfd76e6-8e39-46ec-a3a8-35266b75950e}
04-27 17:38:43.610 I/Gecko   (   83): 1398645523620	Marionette	INFO	Switched to frame: {"frameValue":null}
04-27 17:38:43.720 I/Gecko   (   83): 1398645523727	Marionette	INFO	sendToClient: {"from":"0","ok":true}, {1bfd76e6-8e39-46ec-a3a8-35266b75950e}, {1bfd76e6-8e39-46ec-a3a8-35266b75950e}
04-27 17:38:44.330 I/Gecko   (   83): 1398645524341	Marionette	DEBUG	Got request: switchToFrame, data: {"to":"0","sessionId":"3-b2g","name":"switchToFrame","parameters":{"id":null,"focus":true}}, id: {4156bbfc-8221-42f7-876c-31a0fffad75f}
04-27 17:38:44.350 I/Gecko   (   83): 1398645524358	Marionette	INFO	Switched to frame: {"frameValue":null}
04-27 17:38:44.470 I/Gecko   (   83): 1398645524484	Marionette	INFO	sendToClient: {"from":"0","ok":true}, {4156bbfc-8221-42f7-876c-31a0fffad75f}, {4156bbfc-8221-42f7-876c-31a0fffad75f}
04-27 17:38:44.480 I/Gecko   (   83): 1398645524493	Marionette	DEBUG	Got request: executeWithCallback, data: {"to":"0","sessionId":"3-b2g","name":"executeAsyncScript","parameters":{"specialPowers":false,"scriptTimeout":null,"newSandbox":true,"args":[],"filename":"gaia_test.py","script":"return GaiaApps.displayedApp();","line":66}}, id: {c9fe7b7f-a531-40f0-9f61-fae9f7656e59}
04-27 17:38:44.670 I/Gonk    (   83): Setting nice for pid 623 to 7
04-27 17:38:44.670 I/Gonk    (   83): Changed nice for pid 623 from 1 to 7.
04-27 17:38:44.680 I/Gecko   (   83): 1398645524685	Marionette	INFO	sendToClient: {"from":"0","value":{"frame":{"ELEMENT":"{c7b62953-b6ad-498d-a58a-9a2ca0118f25}"},"src":"app://homescreen.gaiamobile.org/index.html#root","name":"Homescreen","origin":"app://homescreen.gaiamobile.org"}}, {c9fe7b7f-a531-40f0-9f61-fae9f7656e59}, {c9fe7b7f-a531-40f0-9f61-fae9f7656e59}
04-27 17:38:44.680 E/GeckoConsole(   83): Content JS LOG at dummy file:392 in GaiaApps.displayedApp: app with origin 'app://homescreen.gaiamobile.org' is displayed
04-27 17:38:44.720 I/Gecko   (   83): 1398645524728	Marionette	DEBUG	Got request: switchToFrame, data: {"to":"0","sessionId":"3-b2g","name":"switchToFrame","parameters":{"focus":true,"element":"{c7b62953-b6ad-498d-a58a-9a2ca0118f25}"}}, id: {74233f49-0054-4c5d-8062-0517ce400aaa}
04-27 17:38:44.730 I/Gecko   (   83): 1398645524739	Marionette	INFO	Switched to frame: {"frameValue":"{c7b62953-b6ad-498d-a58a-9a2ca0118f25}"}
04-27 17:38:44.770 I/Gecko   (   83): 1398645524776	Marionette	INFO	trying remote frame 0
04-27 17:38:44.770 I/Gecko   (   83): 1398645524777	Marionette	INFO	deleting frame
04-27 17:38:44.770 I/Gecko   (   83): 1398645524784	Marionette	INFO	frame-manager load script: [object ChromeMessageSender]
04-27 17:38:45.040 I/Gecko   (   83): 
04-27 17:38:45.040 I/Gecko   (   83): ###!!! [Parent][MessageChannel] Error: Channel error: cannot send/recv
04-27 17:38:45.040 I/Gecko   (   83): 
04-27 17:38:45.120 D/Sensors (   83): activate handle=0; drv=0
04-27 17:38:45.130 D/Sensors (   83): Lis3dhSensor: Control set 0
04-27 17:38:45.130 D/Sensors (   83): Lis3dhSensor: mEnabled = 0
04-27 17:38:45.260 I/GeckoDump(   83): Crash reporter : Can't fetch app.reportCrashes. Exception: [Exception... "Component returned failure code: 0x8000ffff (NS_ERROR_UNEXPECTED) [nsIPrefBranch.getBoolPref]"  nsresult: "0x8000ffff (NS_ERROR_UNEXPECTED)"  location: "JS frame :: chrome://browser/content/shell.js :: shell_reportCrash :: line 7"  data: no]
04-27 17:38:45.280 I/Gecko   (   83): [Parent 83] WARNING: waitpid failed pid:623 errno:10: file ../../../gecko/ipc/chromium/src/base/process_util_posix.cc, line 254
04-27 17:38:45.680 I/Gecko   (  718): ###################################### forms.js loaded
04-27 17:38:45.700 I/Gecko   (  718): ############################### browserElementPanning.js loaded
04-27 17:38:45.720 I/Gecko   (  718): ######################## BrowserElementChildPreload.js loaded
04-27 17:38:46.870 I/Gecko   (   83): 1398645526882	Marionette	INFO	sendToClient: {"from":"0","ok":true}, {74233f49-0054-4c5d-8062-0517ce400aaa}, {74233f49-0054-4c5d-8062-0517ce400aaa}
04-27 17:38:47.030 W/WifiHW  (   83): wifi_command: SIGNAL_POLL
04-27 17:38:47.280 I/Gecko   (   83): [Parent 83] WARNING: waitpid failed pid:623 errno:10: file ../../../gecko/ipc/chromium/src/base/process_util_posix.cc, line 254
04-27 17:38:47.280 I/Gecko   (   83): [Parent 83] WARNING: Failed to deliver SIGKILL to 623!(3).: file ../../../gecko/ipc/chromium/src/chrome/common/process_watcher_posix_sigchld.cc, line 118
04-27 17:38:47.280 I/Gecko   (   83): 1398645527293	Marionette	INFO	sendToClient: {"from":"0","value":"app://homescreen.gaiamobile.org/index.html#root"}, {15a9e17e-6520-44cc-8c48-bdadbc552211}, {15a9e17e-6520-44cc-8c48-bdadbc552211}
04-27 17:38:47.380 I/Gecko   (   83): 1398645527384	Marionette	DEBUG	Got request: switchToFrame, data: {"to":"0","sessionId":"3-b2g","name":"switchToFrame","parameters":{"id":null,"focus":true}}, id: {4cb951ea-2bfc-4a6d-84d4-992a3dbc52f5}
04-27 17:38:47.390 I/Gecko   (   83): 1398645527399	Marionette	INFO	Switched to frame: {"frameValue":null}
04-27 17:38:47.560 I/Gecko   (   83): 1398645527566	Marionette	INFO	sendToClient: {"from":"0","ok":true}, {4cb951ea-2bfc-4a6d-84d4-992a3dbc52f5}, {4cb951ea-2bfc-4a6d-84d4-992a3dbc52f5}
04-27 17:38:47.580 I/Gecko   (   83): 1398645527589	Marionette	DEBUG	Got request: switchToFrame, data: {"to":"0","sessionId":"3-b2g","name":"switchToFrame","parameters":{"id":null,"focus":true}}, id: {e7e4ac56-58e3-4bda-ba05-525b11d40b0d}
04-27 17:38:47.590 I/Gecko   (   83): 1398645527596	Marionette	INFO	Switched to frame: {"frameValue":null}
04-27 17:38:47.730 I/Gecko   (   83): 1398645527739	Marionette	INFO	sendToClient: {"from":"0","ok":true}, {e7e4ac56-58e3-4bda-ba05-525b11d40b0d}, {e7e4ac56-58e3-4bda-ba05-525b11d40b0d}
04-27 17:38:47.740 I/Gecko   (   83): 1398645527746	Marionette	DEBUG	Got request: executeWithCallback, data: {"to":"0","sessionId":"3-b2g","name":"executeAsyncScript","parameters":{"specialPowers":false,"scriptTimeout":null,"newSandbox":true,"args":[],"filename":"gaia_test.py","script":"GaiaApps.killAll()","line":91}}, id: {52594ad5-aeaa-4fa3-81d4-753a48869c8e}
04-27 17:38:47.810 I/Gecko   (   83): 1398645527815	Marionette	INFO	sendToClient: {"from":"0","value":true}, {52594ad5-aeaa-4fa3-81d4-753a48869c8e}, {52594ad5-aeaa-4fa3-81d4-753a48869c8e}
04-27 17:38:47.810 I/Gecko   (   83): 1398645527823	Marionette	DEBUG	Got request: switchToFrame, data: {"to":"0","sessionId":"3-b2g","name":"switchToFrame","parameters":{"id":null,"focus":true}}, id: {a6dda324-f69a-4e04-a016-76cc477c5de3}
04-27 17:38:47.820 I/Gecko   (   83): 1398645527832	Marionette	INFO	Switched to frame: {"frameValue":null}
04-27 17:38:48.040 I/Gecko   (   83): 1398645528045	Marionette	INFO	sendToClient: {"from":"0","ok":true}, {a6dda324-f69a-4e04-a016-76cc477c5de3}, {a6dda324-f69a-4e04-a016-76cc477c5de3}
04-27 17:38:48.070 I/Gecko   (   83): 1398645528064	Marionette	DEBUG	Got request: executeWithCallback, data: {"to":"0","sessionId":"3-b2g","name":"executeAsyncScript","parameters":{"specialPowers":false,"scriptTimeout":60000,"newSandbox":true,"args":[],"filename":"app_checker.py","script":"\n        GaiaApps.locateWithManifestURL('https://marketplace.firefox.com/app/3c15061e-596d-423c-8015-1b6158dcf124/manifest.webapp',\n                                       null,\n                                       function uninstall(app) {\n                                       navigator.mozApps.mgmt.uninstall(app);\n                                       marionetteScriptFinished(true);\n                                       });\n        ","line":129}}, id: {acaf7a53-a05c-4686-83d2-97be2cc4cf49}
04-27 17:38:48.100 I/Gecko   (   83): -- webapps.js uninstall https://marketplace.firefox.com/app/3c15061e-596d-423c-8015-1b6158dcf124/manifest.webapp
04-27 17:38:48.430 I/Gecko   (   83): 1398645528435	Marionette	INFO	sendToClient: {"from":"0","value":true}, {acaf7a53-a05c-4686-83d2-97be2cc4cf49}, {acaf7a53-a05c-4686-83d2-97be2cc4cf49}
04-27 17:38:48.950 I/GeckoDump(   83): XXX FIXME : Got a mozContentEvent: inputmethod-update-layouts