04-26 00:15:53.164 I/GonkMemoryPressure( 5877): Memory pressure is over.
04-26 00:15:53.864 I/GonkMemoryPressure( 5938): Checking to see if memory pressure is over.
04-26 00:15:53.934 I/GonkMemoryPressure( 5938): Memory pressure is over.
04-26 00:15:56.614 I/Gecko   (   83): 1398496556585	Marionette	INFO	sendToClient: {"from":"0","value":"iVBORw0KGgoAAAANSUhEUgAAAUAAAAHMCAYAAACk4nEJAAAgAElEQVR4nO2da7M0V3XfzxfK23yAfItUqvLORVxU7ErhKi4qHBdlg4S4CEyQQIAsgRA2SGCQkETMxTEQ7DKCcAdLiGAc42CIwJ7ufV95MWf1Wb16777MdM/MOfv/q1p1nqene/fePdO/WXvv7p6r//yHjxECgUDUGFcvfP/HhEAgEDXG1TNfeIEQCASixoAAEQhEtXH15OdeIAQCgagxIEAEAlFtQIAIBKLauHrysy8QAoFA1BhXj3/2q4RAIBA1xtXjn/4qIRAIRI0BASIQiGoDAkQgENXG1Qee+iohEAhEjQEBIhCIauPqA3/2eUIgEIgaAwJEIBDVxtV7Pvp5QiDWjPs/8Gn6j7/9ul68/UNPH1zeA48+R/e+7yl6y0NPnr1tiLsVECBi9Xjb+/6MXvn1b3px/0N/elBZb7j3Yfqt372HXv+mt9F9f/wnZ28b4m7F1Xse+zwhEGvGJz7130nzxJPPHVTWM3/xta6M7//o5bO3DXG34uptj32eEIi14t4PPkvf++FLRETkvO/k9c1v/4Due+T53rq/+wfvpVe99n561Wvvp/s+9Dy99q2P0n/47TfQv/9Pr6f7Hvkcveq199MTn3y+K+Pb33+xW/+P3v/02duKuP1x9bYPPUMIxFrxpnc+RiklIiL67g9fpn/4+S+IiMj7QH/wzsd66376uS/RV772dfrK175Ob7j3/fSehz9Cv/jnX9GvXvk1vfNPnqGvfO3r9PJPf9YJ8JVf/6Zb/8EnPnf2tiJuf0CAiFXjkSc+3Qnr+b96gf7nC9/r/v/+D3+yt+5LL/9999pH/vTPu3//0y9+SQ88+uygGy1594efP3tbEbc/rt72/mcIgVgj3vrQZ+iv//Z/dZL68FNfpk89/zfd///qq39L97/v6W59KUBrXf
04-26 00:15:57.454 I/Gecko   (   83): 1398496557461	Marionette	INFO	sendToClient: {"from":"0","ok":true}, {96ceaa2c-3e3b-4214-bcda-13c260385536}, {96ceaa2c-3e3b-4214-bcda-13c260385536}
04-26 00:15:57.514 W/WifiHW  (   83): wifi_command: SIGNAL_POLL
04-26 00:15:57.594 I/Gecko   (   83): 1398496557603	Marionette	DEBUG	Got request: switchToFrame, data: {"to":"0","sessionId":"3-b2g","name":"switchToFrame","parameters":{"id":null,"focus":true}}, id: {0f150219-f3d9-4eac-83d5-7f0084bb6cd3}
04-26 00:15:57.704 I/Gecko   (   83): 1398496557715	Marionette	INFO	Switched to frame: {"frameValue":null}
04-26 00:15:57.964 I/Gecko   (   83): 1398496557972	Marionette	INFO	sendToClient: {"from":"0","ok":true}, {0f150219-f3d9-4eac-83d5-7f0084bb6cd3}, {0f150219-f3d9-4eac-83d5-7f0084bb6cd3}
04-26 00:15:57.994 I/Gecko   (   83): 1398496558005	Marionette	DEBUG	Got request: executeWithCallback, data: {"to":"0","sessionId":"3-b2g","name":"executeAsyncScript","parameters":{"specialPowers":false,"scriptTimeout":null,"newSandbox":true,"args":[],"filename":"gaia_test.py","script":"return GaiaApps.displayedApp();","line":66}}, id: {32f0e885-2d55-4c06-ab80-82486313e205}
04-26 00:15:58.164 I/GonkMemoryPressure( 5877): Checking to see if memory pressure is over.
04-26 00:15:58.164 I/GonkMemoryPressure( 5877): Memory pressure is over.
04-26 00:15:58.164 I/GonkMemoryPressure(   83): Checking to see if memory pressure is over.
04-26 00:15:58.164 I/GonkMemoryPressure(   83): Memory pressure is over.
04-26 00:15:58.924 E/GeckoConsole(   83): Content JS LOG at dummy file:392 in GaiaApps.displayedApp: app with origin 'http://www.noenga.com' is displayed
04-26 00:15:58.924 I/Gecko   (   83): 1398496558936	Marionette	INFO	sendToClient: {"from":"0","value":{"frame":{"ELEMENT":"{67e7c306-8b50-4cb2-9f11-78afb4f3ac15}"},"src":"http://www.noenga.com/firefoxOS/index.html","name":"Art","origin":"http://www.noenga.com"}}, {32f0e885-2d55-4c06-ab80-82486313e205}, {32f0e885-2d55-4c06-ab80-82486313e205}
04-26 00:15:58.934 I/Gecko   (   83): 1398496558945	Marionette	DEBUG	Got request: switchToFrame, data: {"to":"0","sessionId":"3-b2g","name":"switchToFrame","parameters":{"id":null,"focus":true}}, id: {30ff9c7c-4124-412b-b702-58f32cbb1586}
04-26 00:15:58.954 I/Gecko   (   83): 1398496558956	Marionette	INFO	Switched to frame: {"frameValue":null}
04-26 00:15:59.004 I/GonkMemoryPressure( 5938): Checking to see if memory pressure is over.
04-26 00:15:59.104 I/GonkMemoryPressure( 5938): Memory pressure is over.
04-26 00:16:02.614 I/Gecko   ( 5877): [SharedSurface_Gralloc 0x4303c1c0] destroyed
04-26 00:16:03.714 E/GeckoConsole( 5877): [JavaScript Warning: "Expected 'none' or URL but found 'alpha('.  Error in parsing value for 'filter'.  Declaration dropped." {file: "http://www.noenga.com/iphone/index_iphone.php#_home" line: 0 column: 0 source: "alpha(opacity:5)"}]
04-26 00:16:03.784 W/WifiHW  (   83): wifi_command: SIGNAL_POLL
04-26 00:16:04.024 I/GonkMemoryPressure(   83): Checking to see if memory pressure is over.
04-26 00:16:04.024 I/GonkMemoryPressure(   83): Memory pressure is over.
04-26 00:16:04.024 I/GonkMemoryPressure( 5877): Checking to see if memory pressure is over.
04-26 00:16:04.024 I/GonkMemoryPressure( 5877): Memory pressure is over.
04-26 00:16:04.174 I/GonkMemoryPressure( 5938): Checking to see if memory pressure is over.
04-26 00:16:04.244 I/GonkMemoryPressure( 5938): Memory pressure is over.
04-26 00:16:04.314 I/Gecko   (   83): 1398496564324	Marionette	INFO	sendToClient: {"from":"0","ok":true}, {30ff9c7c-4124-412b-b702-58f32cbb1586}, {30ff9c7c-4124-412b-b702-58f32cbb1586}
04-26 00:16:04.724 I/Gecko   (   83): 1398496564734	Marionette	DEBUG	Got request: execute, data: {"to":"0","sessionId":"3-b2g","name":"executeScript","parameters":{"specialPowers":false,"scriptTimeout":null,"newSandbox":true,"args":[],"filename":"gaia_test.py","script":"window.wrappedJSObject.dispatchEvent(new Event('home'));","line":788}}, id: {50f4e029-4bbf-4298-ae9b-a6d72116381c}
04-26 00:16:05.354 I/Gonk    (   83): Setting nice for pid 5938 to 18
04-26 00:16:05.354 I/Gonk    (   83): Changed nice for pid 5938 from 0 to 18.
04-26 00:16:05.354 I/Gecko   (   83): [Parent 83] WARNING: waitpid failed pid:5938 errno:10: file ../../../gecko/ipc/chromium/src/base/process_util_posix.cc, line 254
04-26 00:16:05.384 I/Gonk    (   83): Setting nice for pid 5938 to 1
04-26 00:16:05.394 I/Gonk    (   83): Changed nice for pid 5938 from 18 to 1.
04-26 00:16:05.484 D/Sensors (   83): activate handle=0; drv=0
04-26 00:16:05.494 D/Sensors (   83): Lis3dhSensor: Control set 0
04-26 00:16:05.494 D/Sensors (   83): Lis3dhSensor: mEnabled = 0
04-26 00:16:05.624 I/Gecko   (   83): 1398496565628	Marionette	INFO	sendToClient: {"from":"0","value":null}, {50f4e029-4bbf-4298-ae9b-a6d72116381c}, {50f4e029-4bbf-4298-ae9b-a6d72116381c}
04-26 00:16:05.654 I/Gecko   (   83): 1398496565658	Marionette	DEBUG	Got request: switchToFrame, data: {"to":"0","sessionId":"3-b2g","name":"switchToFrame","parameters":{"id":null,"focus":true}}, id: {200c8bc9-ecd1-4dbd-99f2-77dc21243a80}
04-26 00:16:05.664 I/Gecko   (   83): 1398496565667	Marionette	INFO	Switched to frame: {"frameValue":null}
04-26 00:16:05.764 I/Gecko   (   83): 1398496565774	Marionette	INFO	sendToClient: {"from":"0","ok":true}, {200c8bc9-ecd1-4dbd-99f2-77dc21243a80}, {200c8bc9-ecd1-4dbd-99f2-77dc21243a80}
04-26 00:16:05.774 I/Gecko   (   83): 1398496565781	Marionette	DEBUG	Got request: executeWithCallback, data: {"to":"0","sessionId":"3-b2g","name":"executeAsyncScript","parameters":{"specialPowers":false,"scriptTimeout":null,"newSandbox":true,"args":[],"filename":"gaia_test.py","script":"return GaiaApps.displayedApp();","line":66}}, id: {957eff99-5c75-4b04-bd65-845f18ad55ee}
04-26 00:16:05.944 E/GeckoConsole( 5877): [JavaScript Warning: "Expected 'none' or URL but found 'alpha('.  Error in parsing value for 'filter'.  Declaration dropped." {file: "http://www.noenga.com/iphone/index_iphone.php#_home" line: 0 column: 0 source: "alpha(opacity:6)"}]
04-26 00:16:06.204 E/GeckoConsole( 5877): [JavaScript Warning: "Expected 'none' or URL but found 'alpha('.  Error in parsing value for 'filter'.  Declaration dropped." {file: "http://www.noenga.com/iphone/index_iphone.php#_home" line: 0 column: 0 source: "alpha(opacity:7)"}]
04-26 00:16:06.244 E/GeckoConsole(   83): Content JS LOG at dummy file:392 in GaiaApps.displayedApp: app with origin 'app://homescreen.gaiamobile.org' is displayed
04-26 00:16:06.254 I/Gecko   (   83): 1398496566257	Marionette	INFO	sendToClient: {"from":"0","value":{"frame":{"ELEMENT":"{70823191-ede5-4093-ac41-b963607f27fa}"},"src":"app://homescreen.gaiamobile.org/index.html#root","name":"Homescreen","origin":"app://homescreen.gaiamobile.org"}}, {957eff99-5c75-4b04-bd65-845f18ad55ee}, {957eff99-5c75-4b04-bd65-845f18ad55ee}
04-26 00:16:06.424 E/GeckoConsole( 5877): [JavaScript Warning: "Expected 'none' or URL but found 'alpha('.  Error in parsing value for 'filter'.  Declaration dropped." {file: "http://www.noenga.com/iphone/index_iphone.php#_home" line: 0 column: 0 source: "alpha(opacity:8)"}]
04-26 00:16:06.514 E/GeckoConsole( 5877): [JavaScript Warning: "Expected 'none' or URL but found 'alpha('.  Error in parsing value for 'filter'.  Declaration dropped." {file: "http://www.noenga.com/iphone/index_iphone.php#_home" line: 0 column: 0 source: "alpha(opacity:9)"}]
04-26 00:16:06.564 E/GeckoConsole( 5877): [JavaScript Warning: "Expected 'none' or URL but found 'alpha('.  Error in parsing value for 'filter'.  Declaration dropped." {file: "http://www.noenga.com/iphone/index_iphone.php#_home" line: 0 column: 0 source: "alpha(opacity:10)"}]
04-26 00:16:07.474 E/[Gralloc-ERROR](   83): int gralloc_register_buffer(const gralloc_module_t*, const native_handle_t*):79 Unable to register handle 0x443fdd30 coming from different process: 83
04-26 00:16:07.474 E/[Gralloc-ERROR](   83): int gralloc_register_buffer(const gralloc_module_t*, const native_handle_t*):79 Unable to register handle 0x443fde70 coming from different process: 83
04-26 00:16:07.544 I/Gecko   (   83): 1398496567551	Marionette	DEBUG	Got request: switchToFrame, data: {"to":"0","sessionId":"3-b2g","name":"switchToFrame","parameters":{"id":null,"focus":true}}, id: {40587eb3-e5de-4099-86b7-4118b1a0f210}
04-26 00:16:07.544 E/GeckoConsole( 5877): [JavaScript Warning: "Expected 'none' or URL but found 'alpha('.  Error in parsing value for 'filter'.  Declaration dropped." {file: "http://www.noenga.com/iphone/index_iphone.php#_home" line: 0 column: 0 source: "alpha(opacity:11)"}]
04-26 00:16:07.744 E/GeckoConsole( 5877): [JavaScript Warning: "Expected 'none' or URL but found 'alpha('.  Error in parsing value for 'filter'.  Declaration dropped." {file: "http://www.noenga.com/iphone/index_iphone.php#_home" line: 0 column: 0 source: "alpha(opacity:12)"}]
04-26 00:16:07.764 I/Gecko   (   83): 1398496567776	Marionette	INFO	Switched to frame: {"frameValue":null}
04-26 00:16:07.824 E/[Gralloc-ERROR](   83): int gralloc_unregister_buffer(const gralloc_module_t*, const native_handle_t*):274 Trying to unregister buffer 0x443fde70 from process 83 that was not created in current process: 83
04-26 00:16:07.824 E/GeckoConsole( 5877): [JavaScript Warning: "Expected 'none' or URL but found 'alpha('.  Error in parsing value for 'filter'.  Declaration dropped." {file: "http://www.noenga.com/iphone/index_iphone.php#_home" line: 0 column: 0 source: "alpha(opacity:13)"}]
04-26 00:16:07.844 E/[Gralloc-ERROR](   83): int gralloc_unregister_buffer(const gralloc_module_t*, const native_handle_t*):274 Trying to unregister buffer 0x443fdd30 from process 83 that was not created in current process: 83
04-26 00:16:07.924 I/Gonk    (   83): Setting nice for pid 5877 to 18
04-26 00:16:07.934 I/Gonk    (   83): Changed nice for pid 5877 from 1 to 18.
04-26 00:16:08.244 I/Gecko   (   83): 1398496568248	Marionette	INFO	sendToClient: {"from":"0","ok":true}, {40587eb3-e5de-4099-86b7-4118b1a0f210}, {40587eb3-e5de-4099-86b7-4118b1a0f210}
04-26 00:16:08.384 I/Gecko   (   83): 1398496568389	Marionette	DEBUG	Got request: switchToFrame, data: {"to":"0","sessionId":"3-b2g","name":"switchToFrame","parameters":{"id":null,"focus":true}}, id: {75085af7-9216-467f-a2b3-ecd11f1aed80}
04-26 00:16:08.444 I/Gecko   (   83): 1398496568456	Marionette	INFO	Switched to frame: {"frameValue":null}
04-26 00:16:08.574 I/Gecko   (   83): 1398496568581	Marionette	INFO	sendToClient: {"from":"0","ok":true}, {75085af7-9216-467f-a2b3-ecd11f1aed80}, {75085af7-9216-467f-a2b3-ecd11f1aed80}
04-26 00:16:08.584 I/Gecko   (   83): 1398496568590	Marionette	DEBUG	Got request: executeWithCallback, data: {"to":"0","sessionId":"3-b2g","name":"executeAsyncScript","parameters":{"specialPowers":false,"scriptTimeout":null,"newSandbox":true,"args":[],"filename":"gaia_test.py","script":"return GaiaApps.displayedApp();","line":66}}, id: {6edc13aa-5160-4c7c-aefe-770d613d89b3}
04-26 00:16:08.734 I/Gecko   (   83): 1398496568741	Marionette	INFO	sendToClient: {"from":"0","value":{"frame":{"ELEMENT":"{70823191-ede5-4093-ac41-b963607f27fa}"},"src":"app://homescreen.gaiamobile.org/index.html#root","name":"Homescreen","origin":"app://homescreen.gaiamobile.org"}}, {6edc13aa-5160-4c7c-aefe-770d613d89b3}, {6edc13aa-5160-4c7c-aefe-770d613d89b3}
04-26 00:16:08.734 E/GeckoConsole(   83): Content JS LOG at dummy file:392 in GaiaApps.displayedApp: app with origin 'app://homescreen.gaiamobile.org' is displayed
04-26 00:16:08.764 I/Gecko   (   83): 1398496568771	Marionette	DEBUG	Got request: switchToFrame, data: {"to":"0","sessionId":"3-b2g","name":"switchToFrame","parameters":{"focus":true,"element":"{70823191-ede5-4093-ac41-b963607f27fa}"}}, id: {e992bd28-86d2-4427-814a-a92b18708719}
04-26 00:16:08.794 I/Gecko   (   83): 1398496568804	Marionette	INFO	Switched to frame: {"frameValue":"{70823191-ede5-4093-ac41-b963607f27fa}"}
04-26 00:16:08.804 I/Gecko   (   83): 1398496568810	Marionette	INFO	trying remote frame 0
04-26 00:16:08.834 I/Gecko   (   83): 1398496568839	Marionette	INFO	trying remote frame 1
04-26 00:16:08.834 I/Gecko   (   83): 1398496568841	Marionette	INFO	trying remote frame 2
04-26 00:16:08.844 I/Gecko   (   83): 1398496568847	Marionette	INFO	trying remote frame 3
04-26 00:16:08.844 I/Gecko   (   83): 1398496568849	Marionette	INFO	trying remote frame 4
04-26 00:16:08.844 I/Gecko   (   83): 1398496568850	Marionette	INFO	trying remote frame 5
04-26 00:16:08.844 I/Gecko   (   83): 1398496568851	Marionette	INFO	trying remote frame 6
04-26 00:16:08.844 I/Gecko   (   83): 1398496568852	Marionette	INFO	trying remote frame 7
04-26 00:16:08.854 I/Gecko   (   83): 1398496568857	Marionette	INFO	trying remote frame 8
04-26 00:16:08.854 I/Gecko   (   83): 1398496568859	Marionette	INFO	trying remote frame 9
04-26 00:16:08.854 I/Gecko   (   83): 1398496568860	Marionette	INFO	trying remote frame 10
04-26 00:16:08.854 I/Gecko   (   83): 1398496568861	Marionette	INFO	trying remote frame 11
04-26 00:16:08.854 I/Gecko   (   83): 1398496568862	Marionette	INFO	trying remote frame 12
04-26 00:16:08.854 I/Gecko   (   83): 1398496568863	Marionette	INFO	trying remote frame 13
04-26 00:16:08.864 I/Gecko   (   83): 1398496568872	Marionette	INFO	frame-manager load script: [object ChromeMessageSender]
04-26 00:16:08.884 W/WifiHW  (   83): wifi_command: SIGNAL_POLL
04-26 00:16:09.534 I/Gecko   (   83): 1398496569541	Marionette	INFO	sendToClient: {"from":"0","ok":true}, {e992bd28-86d2-4427-814a-a92b18708719}, {e992bd28-86d2-4427-814a-a92b18708719}
04-26 00:16:09.584 I/Gecko   (   83): [Parent 83] WARNING: pipe error (115): Connection reset by peer: file ../../../gecko/ipc/chromium/src/chrome/common/ipc_channel_posix.cc, line 446
04-26 00:16:09.584 I/Gecko   (   83): 
04-26 00:16:09.584 I/Gecko   (   83): ###!!! [Parent][MessageChannel] Error: Channel error: cannot send/recv
04-26 00:16:09.584 I/Gecko   (   83): 
04-26 00:16:09.704 I/Gecko   (   83): 1398496569711	Marionette	INFO	sendToClient: {"from":"0","value":"app://homescreen.gaiamobile.org/index.html#root"}, {c58246f0-25e4-499c-9742-12aa2ae8c58b}, {c58246f0-25e4-499c-9742-12aa2ae8c58b}
04-26 00:16:09.724 I/Gecko   (   83): [Parent 83] WARNING: waitpid failed pid:5877 errno:10: file ../../../gecko/ipc/chromium/src/base/process_util_posix.cc, line 254
04-26 00:16:09.744 I/Gecko   (   83): 1398496569754	Marionette	DEBUG	Got request: switchToFrame, data: {"to":"0","sessionId":"3-b2g","name":"switchToFrame","parameters":{"id":null,"focus":true}}, id: {a14b90fd-fed0-45f4-9258-8c52eee20b2d}
04-26 00:16:09.764 I/Gecko   (   83): 1398496569772	Marionette	INFO	Switched to frame: {"frameValue":null}
04-26 00:16:09.874 I/Gecko   (   83): 1398496569878	Marionette	INFO	sendToClient: {"from":"0","ok":true}, {a14b90fd-fed0-45f4-9258-8c52eee20b2d}, {a14b90fd-fed0-45f4-9258-8c52eee20b2d}
04-26 00:16:09.874 I/Gecko   (   83): 1398496569886	Marionette	DEBUG	Got request: switchToFrame, data: {"to":"0","sessionId":"3-b2g","name":"switchToFrame","parameters":{"id":null,"focus":true}}, id: {c057f80e-f065-40f7-91d7-7fdd7f3e4243}
04-26 00:16:09.884 I/Gecko   (   83): 1398496569889	Marionette	INFO	Switched to frame: {"frameValue":null}
04-26 00:16:09.994 I/Gecko   (   83): 1398496569999	Marionette	INFO	sendToClient: {"from":"0","ok":true}, {c057f80e-f065-40f7-91d7-7fdd7f3e4243}, {c057f80e-f065-40f7-91d7-7fdd7f3e4243}
04-26 00:16:09.994 I/Gecko   (   83): 1398496570005	Marionette	DEBUG	Got request: executeWithCallback, data: {"to":"0","sessionId":"3-b2g","name":"executeAsyncScript","parameters":{"specialPowers":false,"scriptTimeout":null,"newSandbox":true,"args":[],"filename":"gaia_test.py","script":"GaiaApps.killAll()","line":91}}, id: {264cae69-659e-4c66-8afb-9f6e804bce8e}
04-26 00:16:10.314 E/GeckoConsole(   83): Content JS LOG at dummy file:266 in GaiaApps.kill: terminating app with origin 'app://browser.gaiamobile.org'
04-26 00:16:10.314 E/GeckoConsole(   83): Content JS LOG at dummy file:258 in GaiaApps.kill/gt_onAppTerminated/<: app with origin 'app://browser.gaiamobile.org' has terminated
04-26 00:16:10.464 I/Gecko   (   83): 1398496570473	Marionette	INFO	sendToClient: {"from":"0","value":true}, {264cae69-659e-4c66-8afb-9f6e804bce8e}, {264cae69-659e-4c66-8afb-9f6e804bce8e}
04-26 00:16:10.624 I/Gonk    (   83): Setting nice for pid 5981 to 18
04-26 00:16:10.624 I/Gonk    (   83): Changed nice for pid 5981 from 0 to 18.