--------- beginning of /dev/log/main
04-27 12:07:12.184 I/Gecko   (   83): 1398625632192	Marionette	INFO	sendToClient: {"from":"0","ok":true}, {b67840b3-cbf3-422c-99d1-f24b4545c061}, {b67840b3-cbf3-422c-99d1-f24b4545c061}
04-27 12:07:12.214 I/Gecko   (   83): 1398625632226	Marionette	DEBUG	Got request: switchToFrame, data: {"to":"0","sessionId":"3-b2g","name":"switchToFrame","parameters":{"id":null,"focus":true}}, id: {75d72e49-6738-45ec-8cd5-c4aab2498145}
04-27 12:07:12.224 I/Gecko   (   83): 1398625632229	Marionette	INFO	Switched to frame: {"frameValue":null}
04-27 12:07:12.324 I/Gecko   (   83): 1398625632332	Marionette	INFO	sendToClient: {"from":"0","ok":true}, {75d72e49-6738-45ec-8cd5-c4aab2498145}, {75d72e49-6738-45ec-8cd5-c4aab2498145}
04-27 12:07:12.334 I/Gecko   (   83): 1398625632343	Marionette	DEBUG	Got request: executeWithCallback, data: {"to":"0","sessionId":"3-b2g","name":"executeAsyncScript","parameters":{"specialPowers":false,"scriptTimeout":null,"newSandbox":true,"args":[],"filename":"gaia_test.py","script":"return GaiaApps.displayedApp();","line":66}}, id: {da730c64-2c63-4e6e-be1d-12b9f6b966da}
04-27 12:07:12.414 E/GeckoConsole(   83): Content JS LOG at dummy file:392 in GaiaApps.displayedApp: app with origin 'app://homescreen.gaiamobile.org' is displayed
04-27 12:07:12.424 I/Gecko   (   83): 1398625632438	Marionette	INFO	sendToClient: {"from":"0","value":{"frame":{"ELEMENT":"{ad91e9a2-15f8-48d3-b1d4-d07447b92e03}"},"src":"app://homescreen.gaiamobile.org/index.html#root","name":"Homescreen","origin":"app://homescreen.gaiamobile.org"}}, {da730c64-2c63-4e6e-be1d-12b9f6b966da}, {da730c64-2c63-4e6e-be1d-12b9f6b966da}
04-27 12:07:12.444 I/Gecko   (   83): 1398625632454	Marionette	DEBUG	Got request: switchToFrame, data: {"to":"0","sessionId":"3-b2g","name":"switchToFrame","parameters":{"id":null,"focus":true}}, id: {35ddd938-2829-4f3b-9034-adc091462f8f}
04-27 12:07:12.444 I/Gecko   (   83): 1398625632455	Marionette	INFO	Switched to frame: {"frameValue":null}
04-27 12:07:12.554 I/Gecko   (   83): 1398625632559	Marionette	INFO	sendToClient: {"from":"0","ok":true}, {35ddd938-2829-4f3b-9034-adc091462f8f}, {35ddd938-2829-4f3b-9034-adc091462f8f}
04-27 12:07:12.554 I/Gecko   (   83): 1398625632565	Marionette	DEBUG	Got request: switchToFrame, data: {"to":"0","sessionId":"3-b2g","name":"switchToFrame","parameters":{"id":null,"focus":true}}, id: {3c50d80c-c34d-4646-be78-e0945b311477}
04-27 12:07:12.554 I/Gecko   (   83): 1398625632566	Marionette	INFO	Switched to frame: {"frameValue":null}
04-27 12:07:12.734 W/WifiHW  (   83): wifi_command: SIGNAL_POLL
04-27 12:07:12.764 I/Gecko   (   83): 1398625632775	Marionette	INFO	sendToClient: {"from":"0","ok":true}, {3c50d80c-c34d-4646-be78-e0945b311477}, {3c50d80c-c34d-4646-be78-e0945b311477}
04-27 12:07:12.774 I/Gecko   (   83): 1398625632786	Marionette	DEBUG	Got request: executeWithCallback, data: {"to":"0","sessionId":"3-b2g","name":"executeAsyncScript","parameters":{"specialPowers":false,"scriptTimeout":null,"newSandbox":true,"args":[],"filename":"gaia_test.py","script":"return GaiaApps.displayedApp();","line":66}}, id: {53d09664-d078-49c3-a360-70e8b524204d}
04-27 12:07:12.854 I/Gecko   (   83): 1398625632860	Marionette	INFO	sendToClient: {"from":"0","value":{"frame":{"ELEMENT":"{ad91e9a2-15f8-48d3-b1d4-d07447b92e03}"},"src":"app://homescreen.gaiamobile.org/index.html#root","name":"Homescreen","origin":"app://homescreen.gaiamobile.org"}}, {53d09664-d078-49c3-a360-70e8b524204d}, {53d09664-d078-49c3-a360-70e8b524204d}
04-27 12:07:12.864 E/GeckoConsole(   83): Content JS LOG at dummy file:392 in GaiaApps.displayedApp: app with origin 'app://homescreen.gaiamobile.org' is displayed
04-27 12:07:12.884 I/Gecko   (   83): 1398625632892	Marionette	DEBUG	Got request: switchToFrame, data: {"to":"0","sessionId":"3-b2g","name":"switchToFrame","parameters":{"focus":true,"element":"{ad91e9a2-15f8-48d3-b1d4-d07447b92e03}"}}, id: {ef0d703a-2209-4529-b5a1-cc80e71903c6}
04-27 12:07:12.894 I/Gecko   (   83): 1398625632903	Marionette	INFO	Switched to frame: {"frameValue":"{ad91e9a2-15f8-48d3-b1d4-d07447b92e03}"}
04-27 12:07:12.894 I/Gecko   (   83): 1398625632906	Marionette	INFO	trying remote frame 0
04-27 12:07:12.894 I/Gecko   (   83): 1398625632907	Marionette	INFO	deleting frame
04-27 12:07:12.904 I/Gecko   (   83): 1398625632913	Marionette	INFO	frame-manager load script: [object ChromeMessageSender]
04-27 12:07:13.214 I/Gecko   (   83): 1398625633220	Marionette	INFO	sendToClient: {"from":"0","ok":true}, {ef0d703a-2209-4529-b5a1-cc80e71903c6}, {ef0d703a-2209-4529-b5a1-cc80e71903c6}
04-27 12:07:13.294 I/Gecko   (   83): 1398625633303	Marionette	INFO	sendToClient: {"from":"0","value":{"ELEMENT":"{911a7b9b-a4b8-4f3d-aad2-87d68daf07fe}"}}, {07b61d64-1d6f-4d2e-8711-f36ed2ea20e5}, {07b61d64-1d6f-4d2e-8711-f36ed2ea20e5}
04-27 12:07:13.734 E/GeckoConsole(  759): [JavaScript Warning: "Use of getAttributeNode() is deprecated. Use getAttribute() instead." {file: "chrome://marionette/content/atoms.js" line: 25}]
04-27 12:07:13.734 E/GeckoConsole(  759): [JavaScript Warning: "Use of attributes' specified attribute is deprecated. It always returns true." {file: "chrome://marionette/content/atoms.js" line: 25}]
04-27 12:07:13.744 I/Gecko   (   83): 1398625633749	Marionette	INFO	sendToClient: {"from":"0","value":"normal"}, {11f7b291-e418-4f93-8acf-ce10d307063e}, {11f7b291-e418-4f93-8acf-ce10d307063e}
04-27 12:07:13.744 I/Gecko   (   83): 1398625633757	Marionette	DEBUG	Got request: switchToFrame, data: {"to":"0","sessionId":"3-b2g","name":"switchToFrame","parameters":{"id":null,"focus":true}}, id: {e84d81cf-e029-485d-969c-381c19252148}
04-27 12:07:13.754 I/Gecko   (   83): 1398625633766	Marionette	INFO	Switched to frame: {"frameValue":null}
04-27 12:07:13.864 I/Gecko   (   83): 1398625633872	Marionette	INFO	sendToClient: {"from":"0","ok":true}, {e84d81cf-e029-485d-969c-381c19252148}, {e84d81cf-e029-485d-969c-381c19252148}
04-27 12:07:13.874 I/Gecko   (   83): 1398625633880	Marionette	DEBUG	Got request: execute, data: {"to":"0","sessionId":"3-b2g","name":"executeScript","parameters":{"specialPowers":false,"scriptTimeout":null,"newSandbox":true,"args":[],"filename":"gaia_test.py","script":"window.wrappedJSObject.dispatchEvent(new Event('home'));","line":788}}, id: {67629fe7-dfd3-448e-8cf9-4f9ec0f773e7}
04-27 12:07:13.924 I/Gecko   (   83): 1398625633935	Marionette	INFO	sendToClient: {"from":"0","value":null}, {67629fe7-dfd3-448e-8cf9-4f9ec0f773e7}, {67629fe7-dfd3-448e-8cf9-4f9ec0f773e7}
04-27 12:07:13.934 I/Gecko   (   83): 1398625633944	Marionette	DEBUG	Got request: switchToFrame, data: {"to":"0","sessionId":"3-b2g","name":"switchToFrame","parameters":{"id":null,"focus":true}}, id: {080f6e1d-5406-4d12-83df-29d1e7abc11f}
04-27 12:07:13.934 I/Gecko   (   83): 1398625633945	Marionette	INFO	Switched to frame: {"frameValue":null}
04-27 12:07:14.044 I/Gecko   (   83): 1398625634052	Marionette	INFO	sendToClient: {"from":"0","ok":true}, {080f6e1d-5406-4d12-83df-29d1e7abc11f}, {080f6e1d-5406-4d12-83df-29d1e7abc11f}
04-27 12:07:14.054 I/Gecko   (   83): 1398625634059	Marionette	DEBUG	Got request: switchToFrame, data: {"to":"0","sessionId":"3-b2g","name":"switchToFrame","parameters":{"id":null,"focus":true}}, id: {b56f672c-1b36-4d14-b3b4-567adbe419f6}
04-27 12:07:14.064 I/Gecko   (   83): 1398625634073	Marionette	INFO	Switched to frame: {"frameValue":null}
04-27 12:07:14.164 D/Sensors (   83): SensorTMD2771::readEvents()======data_fd=53,count=16
04-27 12:07:14.164 D/Sensors (   83): SensorTMD2771::processEvent()=====code=40::value=9 
04-27 12:07:14.164 D/Sensors (   83): SensorTMD2771: mPendingEvents[Light].light = 9.000000
04-27 12:07:14.174 I/Gecko   (   83): 1398625634181	Marionette	INFO	sendToClient: {"from":"0","ok":true}, {b56f672c-1b36-4d14-b3b4-567adbe419f6}, {b56f672c-1b36-4d14-b3b4-567adbe419f6}
04-27 12:07:14.174 I/Gecko   (   83): 1398625634187	Marionette	DEBUG	Got request: executeWithCallback, data: {"to":"0","sessionId":"3-b2g","name":"executeAsyncScript","parameters":{"specialPowers":false,"scriptTimeout":null,"newSandbox":true,"args":[],"filename":"gaia_test.py","script":"return GaiaApps.displayedApp();","line":66}}, id: {4b5f7e66-cc44-49d1-be92-95514274bc68}
04-27 12:07:14.464 I/Gecko   (   83): 1398625634478	Marionette	INFO	sendToClient: {"from":"0","value":{"frame":{"ELEMENT":"{ad91e9a2-15f8-48d3-b1d4-d07447b92e03}"},"src":"app://homescreen.gaiamobile.org/index.html#rootSun%20Apr%2027%202014%2012:07:13%20GMT-0700%20(UTC)","name":"Homescreen","origin":"app://homescreen.gaiamobile.org"}}, {4b5f7e66-cc44-49d1-be92-95514274bc68}, {4b5f7e66-cc44-49d1-be92-95514274bc68}
04-27 12:07:14.484 E/GeckoConsole(   83): Content JS LOG at dummy file:392 in GaiaApps.displayedApp: app with origin 'app://homescreen.gaiamobile.org' is displayed
04-27 12:07:14.524 I/Gecko   (   83): 1398625634530	Marionette	DEBUG	Got request: switchToFrame, data: {"to":"0","sessionId":"3-b2g","name":"switchToFrame","parameters":{"focus":true,"element":"{ad91e9a2-15f8-48d3-b1d4-d07447b92e03}"}}, id: {80dc15a1-cba7-46c2-8a74-8a0f91ea6e1b}
04-27 12:07:14.534 I/Gecko   (   83): 1398625634541	Marionette	INFO	Switched to frame: {"frameValue":"{ad91e9a2-15f8-48d3-b1d4-d07447b92e03}"}
04-27 12:07:14.544 I/Gecko   (   83): 1398625634555	Marionette	INFO	trying remote frame 0
04-27 12:07:14.694 V/AudioPolicyManagerBase(   88): getDeviceForStrategy() from cache strategy 0, device 2
04-27 12:07:14.704 V/AudioPolicyManagerBase(   88): getOutput() stream 1, samplingRate 0, format 0, channels 3, flags 0
04-27 12:07:14.794 V/AudioPolicyManagerBase(   88): startOutput() output 1, stream 1, session 2
04-27 12:07:14.794 V/AudioPolicyManagerBase(   88): startReadingThread
04-27 12:07:14.794 V/AudioPolicyManagerBase(   88): changeRefCount() stream 1, count 1
04-27 12:07:14.794 V/AudioPolicyManagerBase(   88): getDeviceForStrategy() from cache strategy 0, device 2
04-27 12:07:14.794 V/AudioPolicyManagerBase(   88): getNewDevice() selected device 2
04-27 12:07:14.794 D/AudioPolicyManagerBase(   88): setOutputDevice() output 1 device 2 delayMs 0
04-27 12:07:14.794 V/AudioPolicyManagerBase(   88): setOutputDevice() setting same device 2 or null device for output 1
04-27 12:07:14.794 E/AudioPolicyManagerBase(   88): checkAndSetVolume stream=1, index=0, output=1, device=2
04-27 12:07:14.794 E/AudioPolicyManagerBase(   88): computeVolume, streamDesc=0x16f6bb8
04-27 12:07:14.804 V/AudioPolicyManagerBase(   88): ThreadWrapper 0x16f6b40
04-27 12:07:14.804 V/AudioPolicyManagerBase(   88): threadFunc in
04-27 12:07:14.824 W/AudioFlinger(   88): Thread AudioOut_1 cannot connect to the power manager service
04-27 12:07:14.824 V/AudioPolicyManagerBase(   88): stopOutput() output 1, stream 1, session 2
04-27 12:07:14.824 V/AudioPolicyManagerBase(   88): stopReadingThread
04-27 12:07:14.874 I/Gecko   (   83): 1398625634886	Marionette	INFO	sendToClient: {"from":"0","ok":true}, {80dc15a1-cba7-46c2-8a74-8a0f91ea6e1b}, {80dc15a1-cba7-46c2-8a74-8a0f91ea6e1b}
04-27 12:07:14.904 V/AudioPolicyManagerBase(   88): threadFunc exit
04-27 12:07:14.904 V/AudioPolicyManagerBase(   88): changeRefCount() stream 1, count 0
04-27 12:07:14.904 V/AudioPolicyManagerBase(   88): getNewDevice() selected device 0
04-27 12:07:14.904 D/AudioPolicyManagerBase(   88): setOutputDevice() output 1 device 0 delayMs 290
04-27 12:07:14.904 V/AudioPolicyManagerBase(   88): setOutputDevice() setting same device 0 or null device for output 1
04-27 12:07:14.904 I/Gecko   (   83): 1398625634911	Marionette	DEBUG	Got request: execute, data: {"to":"0","sessionId":"3-b2g","name":"executeScript","parameters":{"specialPowers":false,"scriptTimeout":null,"newSandbox":true,"args":[],"filename":"gaia_test.py","script":"return window.wrappedJSObject.GridManager.pageHelper.getCurrentPageNumber();","line":784}}, id: {13340adc-0555-4723-9c32-80d00b78e0cc}
04-27 12:07:14.914 V/AudioPolicyManagerBase(   88): startOutput() output 1, stream 1, session 2
04-27 12:07:14.914 V/AudioPolicyManagerBase(   88): changeRefCount() stream 1, count 1
04-27 12:07:14.914 V/AudioPolicyManagerBase(   88): getDeviceForStrategy() from cache strategy 0, device 2
04-27 12:07:14.914 V/AudioPolicyManagerBase(   88): getNewDevice() selected device 2
04-27 12:07:14.914 D/AudioPolicyManagerBase(   88): setOutputDevice() output 1 device 2 delayMs 0
04-27 12:07:14.914 V/AudioPolicyManagerBase(   88): setOutputDevice() setting same device 2 or null device for output 1
04-27 12:07:14.914 E/AudioPolicyManagerBase(   88): checkAndSetVolume stream=1, index=0, output=1, device=2
04-27 12:07:14.914 E/AudioPolicyManagerBase(   88): computeVolume, streamDesc=0x16f6bb8
04-27 12:07:14.914 V/AudioPolicyManagerBase(   88): stopOutput() output 1, stream 1, session 2
04-27 12:07:14.914 V/AudioPolicyManagerBase(   88): changeRefCount() stream 1, count 0
04-27 12:07:14.914 V/AudioPolicyManagerBase(   88): getNewDevice() selected device 0
04-27 12:07:14.914 D/AudioPolicyManagerBase(   88): setOutputDevice() output 1 device 0 delayMs 290
04-27 12:07:14.914 V/AudioPolicyManagerBase(   88): setOutputDevice() setting same device 0 or null device for output 1
04-27 12:07:14.924 V/AudioPolicyManagerBase(   88): releaseOutput() 1
04-27 12:07:16.234 I/Gecko   (   83): 1398625636246	Marionette	INFO	sendToClient: {"from":"0","value":0}, {13340adc-0555-4723-9c32-80d00b78e0cc}, {13340adc-0555-4723-9c32-80d00b78e0cc}
04-27 12:07:16.244 E/GeckoConsole(  759): Content JS WARN at app://homescreen.gaiamobile.org/gaia_build_defer_index.js:184 in isHiddenApp: Unexpected role when checking hidden app: undefined
04-27 12:07:16.244 E/GeckoConsole(  759): Content JS WARN at app://homescreen.gaiamobile.org/gaia_build_defer_index.js:184 in isHiddenApp: Unexpected role when checking hidden app: undefined
04-27 12:07:16.244 E/GeckoConsole(  759): Content JS WARN at app://homescreen.gaiamobile.org/gaia_build_defer_index.js:184 in isHiddenApp: Unexpected role when checking hidden app: undefined
04-27 12:07:16.254 E/GeckoConsole(  759): Content JS WARN at app://homescreen.gaiamobile.org/gaia_build_defer_index.js:184 in isHiddenApp: Unexpected role when checking hidden app: undefined
04-27 12:07:16.254 E/GeckoConsole(  759): Content JS WARN at app://homescreen.gaiamobile.org/gaia_build_defer_index.js:184 in isHiddenApp: Unexpected role when checking hidden app: undefined
04-27 12:07:16.254 E/GeckoConsole(  759): Content JS WARN at app://homescreen.gaiamobile.org/gaia_build_defer_index.js:184 in isHiddenApp: Unexpected role when checking hidden app: undefined
04-27 12:07:16.254 E/GeckoConsole(  759): Content JS WARN at app://homescreen.gaiamobile.org/gaia_build_defer_index.js:184 in isHiddenApp: Unexpected role when checking hidden app: undefined
04-27 12:07:16.254 E/GeckoConsole(  759): Content JS WARN at app://homescreen.gaiamobile.org/gaia_build_defer_index.js:184 in isHiddenApp: Unexpected role when checking hidden app: undefined
04-27 12:07:16.254 E/GeckoConsole(  759): Content JS WARN at app://homescreen.gaiamobile.org/gaia_build_defer_index.js:184 in isHiddenApp: Unexpected role when checking hidden app: undefined
04-27 12:07:16.254 E/GeckoConsole(  759): Content JS WARN at app://homescreen.gaiamobile.org/gaia_build_defer_index.js:184 in isHiddenApp: Unexpected role when checking hidden app: undefined
04-27 12:07:16.254 E/GeckoConsole(  759): Content JS WARN at app://homescreen.gaiamobile.org/gaia_build_defer_index.js:184 in isHiddenApp: Unexpected role when checking hidden app: undefined
04-27 12:07:16.254 E/GeckoConsole(  759): Content JS WARN at app://homescreen.gaiamobile.org/gaia_build_defer_index.js:184 in isHiddenApp: Unexpected role when checking hidden app: undefined
04-27 12:07:16.254 E/GeckoConsole(  759): Content JS WARN at app://homescreen.gaiamobile.org/gaia_build_defer_index.js:184 in isHiddenApp: Unexpected role when checking hidden app: undefined
04-27 12:07:16.254 E/GeckoConsole(  759): Content JS WARN at app://homescreen.gaiamobile.org/gaia_build_defer_index.js:184 in isHiddenApp: Unexpected role when checking hidden app: undefined
04-27 12:07:16.254 E/GeckoConsole(  759): Content JS WARN at app://homescreen.gaiamobile.org/gaia_build_defer_index.js:184 in isHiddenApp: Unexpected role when checking hidden app: undefined
04-27 12:07:16.264 E/GeckoConsole(  759): Content JS WARN at app://homescreen.gaiamobile.org/gaia_build_defer_index.js:184 in isHiddenApp: Unexpected role when checking hidden app: undefined
04-27 12:07:16.264 E/GeckoConsole(  759): Content JS WARN at app://homescreen.gaiamobile.org/gaia_build_defer_index.js:184 in isHiddenApp: Unexpected role when checking hidden app: undefined
04-27 12:07:16.264 E/GeckoConsole(  759): Content JS WARN at app://homescreen.gaiamobile.org/gaia_build_defer_index.js:184 in isHiddenApp: Unexpected role when checking hidden app: undefined
04-27 12:07:16.264 E/GeckoConsole(  759): Content JS WARN at app://homescreen.gaiamobile.org/gaia_build_defer_index.js:184 in isHiddenApp: Unexpected role when checking hidden app: undefined
04-27 12:07:16.264 E/GeckoConsole(  759): Content JS WARN at app://homescreen.gaiamobile.org/gaia_build_defer_index.js:184 in isHiddenApp: Unexpected role when checking hidden app: undefined
04-27 12:07:16.264 E/GeckoConsole(  759): Content JS WARN at app://homescreen.gaiamobile.org/gaia_build_defer_index.js:184 in isHiddenApp: Unexpected role when checking hidden app: undefined
04-27 12:07:16.264 E/GeckoConsole(  759): Content JS WARN at app://homescreen.gaiamobile.org/gaia_build_defer_index.js:184 in isHiddenApp: Unexpected role when checking hidden app: undefined
04-27 12:07:16.264 E/GeckoConsole(  759): Content JS WARN at app://homescreen.gaiamobile.org/gaia_build_defer_index.js:184 in isHiddenApp: Unexpected role when checking hidden app: undefined
04-27 12:07:16.264 E/GeckoConsole(  759): Content JS WARN at app://homescreen.gaiamobile.org/gaia_build_defer_index.js:184 in isHiddenApp: Unexpected role when checking hidden app: undefined
04-27 12:07:16.264 E/GeckoConsole(  759): Content JS WARN at app://homescreen.gaiamobile.org/gaia_build_defer_index.js:184 in isHiddenApp: Unexpected role when checking hidden app: undefined
04-27 12:07:16.264 E/GeckoConsole(  759): Content JS WARN at app://homescreen.gaiamobile.org/gaia_build_defer_index.js:184 in isHiddenApp: Unexpected role when checking hidden app: undefined
04-27 12:07:16.264 E/GeckoConsole(  759): Content JS WARN at app://homescreen.gaiamobile.org/gaia_build_defer_index.js:184 in isHiddenApp: Unexpected role when checking hidden app: undefined
04-27 12:07:16.274 E/GeckoConsole(  759): Content JS WARN at app://homescreen.gaiamobile.org/gaia_build_defer_index.js:184 in isHiddenApp: Unexpected role when checking hidden app: undefined
04-27 12:07:16.274 E/GeckoConsole(  759): Content JS WARN at app://homescreen.gaiamobile.org/gaia_build_defer_index.js:184 in isHiddenApp: Unexpected role when checking hidden app: undefined
04-27 12:07:16.274 E/GeckoConsole(  759): Content JS WARN at app://homescreen.gaiamobile.org/gaia_build_defer_index.js:184 in isHiddenApp: Unexpected role when checking hidden app: undefined
04-27 12:07:16.274 E/GeckoConsole(  759): Content JS WARN at app://homescreen.gaiamobile.org/gaia_build_defer_index.js:184 in isHiddenApp: Unexpected role when checking hidden app: undefined
04-27 12:07:16.274 E/GeckoConsole(  759): Content JS WARN at app://homescreen.gaiamobile.org/gaia_build_defer_index.js:184 in isHiddenApp: Unexpected role when checking hidden app: undefined
04-27 12:07:16.274 E/GeckoConsole(  759): Content JS WARN at app://homescreen.gaiamobile.org/gaia_build_defer_index.js:184 in isHiddenApp: Unexpected role when checking hidden app: undefined
04-27 12:07:16.274 E/GeckoConsole(  759): Content JS WARN at app://homescreen.gaiamobile.org/gaia_build_defer_index.js:184 in isHiddenApp: Unexpected role when checking hidden app: undefined
04-27 12:07:16.584 I/Gecko   (   83): 1398625636591	Marionette	INFO	sendToClient: {"from":"0","value":["{edd64bae-0296-42f9-abfa-fe0c2b8c7c79}","{8b65a3a9-c3c4-4256-bcd6-5dc87daec29f}","{80960028-d882-4130-b5f9-2668c6130e77}","{6668ff28-1b7a-4a73-8db4-5fd275c81f06}","{e4fe61bb-1da3-46e3-8043-dfa36f1295fd}","{c1efe0f4-a571-4892-ad0e-e355ab7a6647}","{a89c3a85-4f7c-44ea-8b73-50790cf4b2e0}","{da3a2350-0f04-4d11-a31a-9d03030894f8}","{523c6717-794f-409d-a025-488d5914bbc4}","{494faf18-19e6-4191-81ae-3fa63d4440af}","{31113285-5241-4794-9e86-074e2cd6de20}","{b9e7a123-b952-44b1-9c15-5cd9c96baefa}","{f5465058-a971-4674-a3d8-8d210597c346}","{8866d6b7-21f8-4076-8844-41f513d2c046}","{0c16069e-759c-4324-ab30-e84bd355dfa4}","{fd8197f1-0e72-4301-8176-7e892738f7c3}","{0c0b2a31-a933-4395-bfe7-56ae68effa49}","{3368c74c-3aa2-480e-a36f-bce6127ff752}","{0199dfde-4842-42e9-8eec-81f15a5d4bcb}","{566c3cda-541e-40e5-9cee-f543268fcc30}","{66e38836-5890-4e1c-8b85-6f7a07695bc7}","{473c98d2-2dce-4285-bd72-195053b3500a}","{562f4f3d-9f5d-4265-8ef0-35fc973d1150}","{b9b7a8fd-7917
04-27 12:07:16.644 I/Gecko   (   83): 1398625636651	Marionette	INFO	sendToClient: {"from":"0","value":"app://homescreen.gaiamobile.org/index.html#rootSun%20Apr%2027%202014%2012:07:13%20GMT-0700%20(UTC)"}, {d28e7b91-1620-421b-bcec-c27c03fa9ee8}, {d28e7b91-1620-421b-bcec-c27c03fa9ee8}
04-27 12:07:16.644 I/Gecko   (   83): 1398625636658	Marionette	DEBUG	Got request: switchToFrame, data: {"to":"0","sessionId":"3-b2g","name":"switchToFrame","parameters":{"id":null,"focus":true}}, id: {97f96764-9857-44fc-a4c8-1d41d8404163}
04-27 12:07:16.664 I/Gecko   (   83): 1398625636672	Marionette	INFO	Switched to frame: {"frameValue":null}
04-27 12:07:16.764 I/Gecko   (   83): 1398625636774	Marionette	INFO	sendToClient: {"from":"0","ok":true}, {97f96764-9857-44fc-a4c8-1d41d8404163}, {97f96764-9857-44fc-a4c8-1d41d8404163}
04-27 12:07:16.774 I/Gecko   (   83): 1398625636781	Marionette	DEBUG	Got request: switchToFrame, data: {"to":"0","sessionId":"3-b2g","name":"switchToFrame","parameters":{"id":null,"focus":true}}, id: {b76842e3-7747-41ed-97e2-a703cfca2b70}
04-27 12:07:16.774 I/Gecko   (   83): 1398625636782	Marionette	INFO	Switched to frame: {"frameValue":null}
04-27 12:07:16.874 I/Gecko   (   83): 1398625636884	Marionette	INFO	sendToClient: {"from":"0","ok":true}, {b76842e3-7747-41ed-97e2-a703cfca2b70}, {b76842e3-7747-41ed-97e2-a703cfca2b70}
04-27 12:07:16.894 I/Gecko   (   83): 1398625636898	Marionette	DEBUG	Got request: executeWithCallback, data: {"to":"0","sessionId":"3-b2g","name":"executeAsyncScript","parameters":{"specialPowers":false,"scriptTimeout":30000,"newSandbox":true,"args":[],"filename":"app_checker.py","script":"GaiaApps.launchWithManifestURL('http://carlosstenzel.github.io/appbattery/manifest.webapp')","line":106}}, id: {8085fee4-c3c6-4b45-9d23-cbe82583f19d}
04-27 12:07:16.974 I/Gonk    (   83): Setting nice for pid 767 to 18
04-27 12:07:16.974 I/Gonk    (   83): Changed nice for pid 767 from 18 to 18.
04-27 12:07:16.974 I/Gecko   (   83): [Parent 83] WARNING: waitpid failed pid:767 errno:10: file ../../../gecko/ipc/chromium/src/base/process_util_posix.cc, line 254
04-27 12:07:16.974 I/Gonk    (   83): Setting nice for pid 767 to 1
04-27 12:07:16.974 I/Gonk    (   83): Changed nice for pid 767 from 18 to 1.
04-27 12:07:16.994 E/GeckoConsole(   83): Content JS LOG at dummy file:334 in GaiaApps.launch: launching app with name 'Battery'
04-27 12:07:17.074 E/[Gralloc-ERROR](   83): int gralloc_register_buffer(const gralloc_module_t*, const native_handle_t*):79 Unable to register handle 0x49e28470 coming from different process: 83
04-27 12:07:17.084 E/[Gralloc-ERROR](   83): int gralloc_register_buffer(const gralloc_module_t*, const native_handle_t*):79 Unable to register handle 0x49e28510 coming from different process: 83
04-27 12:07:17.104 E/[Gralloc-ERROR](   83): int gralloc_register_buffer(const gralloc_module_t*, const native_handle_t*):79 Unable to register handle 0x49e28600 coming from different process: 83
04-27 12:07:17.104 E/[Gralloc-ERROR](   83): int gralloc_register_buffer(const gralloc_module_t*, const native_handle_t*):79 Unable to register handle 0x49e286a0 coming from different process: 83
04-27 12:07:17.324 D/Sensors (   83): activate handle=0; drv=0
04-27 12:07:17.324 D/Sensors (   83): Lis3dhSensor: Control set 1
04-27 12:07:17.324 D/Sensors (   83): Lis3dhSensor: mEnabled = 1
04-27 12:07:17.374 I/Gonk    (   83): Setting nice for pid 759 to 18
04-27 12:07:17.374 I/Gonk    (   83): Changed nice for pid 759 from 1 to 18.
04-27 12:07:17.634 I/Gonk    (   83): Setting nice for pid 835 to 18
04-27 12:07:17.634 I/Gonk    (   83): Changed nice for pid 835 from 0 to 18.
04-27 12:07:17.714 W/WifiHW  (   83): wifi_command: SIGNAL_POLL
04-27 12:07:18.054 I/Gecko   (  767): ###################################### forms.js loaded
04-27 12:07:18.094 I/Gecko   (  767): ############################### browserElementPanning.js loaded
04-27 12:07:18.114 I/Gecko   (  767): ######################## BrowserElementChildPreload.js loaded
04-27 12:07:18.724 I/log     (  845): <4>0[ 294.223641] select 759 (Homescreen), adj 8, size 7669, to kill 
04-27 12:07:19.664 E/GeckoConsole(  767): [JavaScript Warning: "SyntaxError: Using //@ to indicate sourceMappingURL pragmas is deprecated. Use //# instead" {file: "http://carlosstenzel.github.io/appbattery/js/jquery.js" line: 1}]
04-27 12:07:19.724 E/GeckoConsole(  767): [JavaScript Warning: "Error: http://carlosstenzel.github.io/appbattery/js/jquery.js is being assigned a //# sourceMappingURL, but already has one"]
04-27 12:07:19.814 I/Gecko   (   83): 
04-27 12:07:19.814 I/Gecko   (   83): ###!!! [Parent][MessageChannel] Error: Channel error: cannot send/recv
04-27 12:07:19.814 I/Gecko   (   83): 
04-27 12:07:19.854 I/GeckoDump(   83): Crash reporter : Can't fetch app.reportCrashes. Exception: [Exception... "Component returned failure code: 0x8000ffff (NS_ERROR_UNEXPECTED) [nsIPrefBranch.getBoolPref]"  nsresult: "0x8000ffff (NS_ERROR_UNEXPECTED)"  location: "JS frame :: chrome://browser/content/shell.js :: shell_reportCrash :: line 7"  data: no]
04-27 12:07:19.854 I/Gecko   (   83): [Parent 83] WARNING: waitpid failed pid:759 errno:10: file ../../../gecko/ipc/chromium/src/base/process_util_posix.cc, line 254
04-27 12:07:20.234 E/GeckoConsole(  767): [JavaScript Warning: "Unknown property 'box-sizing'.  Declaration dropped." {file: "http://carlosstenzel.github.io/appbattery/index.html" line: 0 column: 10 source: "box-sizing:border-box;-moz-box-sizing:border-box;-webkit-box-sizing:border-box;padding:1px;border:1px;display:block;width:4px;margin-top:1%;position:absolute;top:1%;"}]
04-27 12:07:20.244 E/GeckoConsole(  767): [JavaScript Warning: "Unknown property 'box-sizing'.  Declaration dropped." {file: "http://carlosstenzel.github.io/appbattery/index.html" line: 0 column: 52 source: "padding:0;margin:0;border:0;display:block;box-sizing:content-box;-moz-box-sizing:content-box;-webkit-box-sizing:content-box;"}]
04-27 12:07:20.244 E/GeckoConsole(  767): [JavaScript Warning: "Unknown property 'box-sizing'.  Declaration dropped." {file: "http://carlosstenzel.github.io/appbattery/index.html" line: 0 column: 52 source: "padding:0;margin:0;border:0;display:block;box-sizing:content-box;-moz-box-sizing:content-box;-webkit-box-sizing:content-box;"}]
04-27 12:07:20.324 D/Sensors (   83): SensorTMD2771::readEvents()======data_fd=53,count=16
04-27 12:07:20.324 D/Sensors (   83): SensorTMD2771::processEvent()=====code=40::value=11 
04-27 12:07:20.324 D/Sensors (   83): SensorTMD2771: mPendingEvents[Light].light = 11.000000
04-27 12:07:20.444 I/Gecko   (  767): Attempting load of libEGL.so
04-27 12:07:20.564 D/libEGL  (  767): loaded /system/lib/egl/libEGL_mali.so
04-27 12:07:20.614 D/libEGL  (  767): loaded /system/lib/egl/libGLESv1_CM_mali.so
04-27 12:07:20.634 D/libEGL  (  767): loaded /system/lib/egl/libGLESv2_mali.so
04-27 12:07:20.734 I/Gecko   (  767): SharedSurface_Gralloc::Create -------
04-27 12:07:20.744 I/Gecko   (  767): SharedSurface_Gralloc::Create: success -- surface 0x43dd3600, GraphicBuffer 0x436a8d80.
04-27 12:07:20.964 I/Gecko   (  767): SharedSurface_Gralloc::Create -------
04-27 12:07:20.984 I/Gecko   (  767): SharedSurface_Gralloc::Create: success -- surface 0x43dd3c00, GraphicBuffer 0x43df8a80.
04-27 12:07:21.164 I/Gonk    (   83): Setting nice for pid 835 to 18
04-27 12:07:21.164 I/Gonk    (   83): Changed nice for pid 835 from 18 to 18.
04-27 12:07:21.164 I/Gecko   (   83): [Parent 83] WARNING: waitpid failed pid:835 errno:10: file ../../../gecko/ipc/chromium/src/base/process_util_posix.cc, line 254
04-27 12:07:21.174 I/Gonk    (   83): Setting nice for pid 835 to 1
04-27 12:07:21.174 I/Gonk    (   83): Changed nice for pid 835 from 18 to 1.
04-27 12:07:21.194 I/Gonk    (   83): Setting nice for pid 835 to 18
04-27 12:07:21.194 I/Gonk    (   83): Changed nice for pid 835 from 1 to 18.
04-27 12:07:21.364 I/Gecko   (  767): SharedSurface_Gralloc::Create -------
04-27 12:07:21.384 I/Gecko   (  767): SharedSurface_Gralloc::Create: success -- surface 0x43605080, GraphicBuffer 0x435b9b80.
04-27 12:07:21.484 E/GeckoConsole(   83): Content JS LOG at dummy file:326 in GaiaApps.launch/appOpen/<: app with origin 'http://carlosstenzel.github.io' has launched
04-27 12:07:21.574 I/Gecko   (   83): 1398625641582	Marionette	INFO	sendToClient: {"from":"0","value":{"frame":{"ELEMENT":"{5ade0272-2ba6-4bfe-8068-0063b0496315}"},"src":"http://carlosstenzel.github.io/appbattery/index.html","name":"Battery","origin":"http://carlosstenzel.github.io"}}, {8085fee4-c3c6-4b45-9d23-cbe82583f19d}, {8085fee4-c3c6-4b45-9d23-cbe82583f19d}
04-27 12:07:21.584 E/[Gralloc-ERROR](   83): int gralloc_unregister_buffer(const gralloc_module_t*, const native_handle_t*):274 Trying to unregister buffer 0x49e28470 from process 83 that was not created in current process: 83
04-27 12:07:21.584 E/[Gralloc-ERROR](   83): int gralloc_unregister_buffer(const gralloc_module_t*, const native_handle_t*):274 Trying to unregister buffer 0x49e28510 from process 83 that was not created in current process: 83
04-27 12:07:21.584 E/[Gralloc-ERROR](   83): int gralloc_unregister_buffer(const gralloc_module_t*, const native_handle_t*):274 Trying to unregister buffer 0x49e286a0 from process 83 that was not created in current process: 83
04-27 12:07:21.584 E/[Gralloc-ERROR](   83): int gralloc_unregister_buffer(const gralloc_module_t*, const native_handle_t*):274 Trying to unregister buffer 0x49e28600 from process 83 that was not created in current process: 83
04-27 12:07:21.584 I/Gecko   (   83): 1398625641597	Marionette	DEBUG	Got request: switchToFrame, data: {"to":"0","sessionId":"3-b2g","name":"switchToFrame","parameters":{"focus":true,"element":"{5ade0272-2ba6-4bfe-8068-0063b0496315}"}}, id: {3f9045ec-670f-4aad-8420-941b87fd3ef8}
04-27 12:07:21.604 I/Gecko   (   83): 1398625641613	Marionette	INFO	Switched to frame: {"frameValue":"{5ade0272-2ba6-4bfe-8068-0063b0496315}"}
04-27 12:07:21.604 I/Gecko   (   83): 1398625641616	Marionette	INFO	trying remote frame 0
04-27 12:07:21.604 I/Gecko   (   83): 1398625641617	Marionette	INFO	deleting frame
04-27 12:07:21.614 I/Gecko   (   83): 1398625641622	Marionette	INFO	frame-manager load script: [object ChromeMessageSender]
04-27 12:07:21.854 I/Gecko   (   83): [Parent 83] WARNING: waitpid failed pid:759 errno:10: file ../../../gecko/ipc/chromium/src/base/process_util_posix.cc, line 254
04-27 12:07:21.854 I/Gecko   (   83): [Parent 83] WARNING: Failed to deliver SIGKILL to 759!(3).: file ../../../gecko/ipc/chromium/src/chrome/common/process_watcher_posix_sigchld.cc, line 118
04-27 12:07:22.134 I/Gecko   (   83): 1398625642142	Marionette	INFO	sendToClient: {"from":"0","ok":true}, {3f9045ec-670f-4aad-8420-941b87fd3ef8}, {3f9045ec-670f-4aad-8420-941b87fd3ef8}
04-27 12:07:22.244 I/Gecko   (  767): [SharedSurface_Gralloc 0x43dd3600] destroyed
04-27 12:07:22.254 I/Gecko   (  767): SharedSurface_Gralloc::Create -------
04-27 12:07:22.254 I/Gecko   (  767): SharedSurface_Gralloc::Create: success -- surface 0x43dd35c0, GraphicBuffer 0x436a8b00.
04-27 12:07:22.284 I/Gecko   (  767): SharedSurface_Gralloc::Create -------
04-27 12:07:22.304 I/Gecko   (  767): SharedSurface_Gralloc::Create: success -- surface 0x44537540, GraphicBuffer 0x445fd400.
04-27 12:07:22.344 I/Gecko   (   83): 1398625642350	Marionette	INFO	sendToClient: {"from":"0","value":"http://carlosstenzel.github.io/appbattery/index.html"}, {e1c05e84-1d39-4a10-ae61-a2b08a54be2e}, {e1c05e84-1d39-4a10-ae61-a2b08a54be2e}
04-27 12:07:22.364 I/Gecko   (   83): 1398625642368	Marionette	DEBUG	Got request: execute, data: {"to":"0","sessionId":"3-b2g","name":"executeScript","parameters":{"specialPowers":false,"scriptTimeout":null,"newSandbox":true,"args":[],"filename":"app_checker.py","script":"return window.document.readyState;","line":191}}, id: {b424c361-e74f-41d4-bf96-bd66744e9a9e}
04-27 12:07:22.414 I/Gecko   (  767): SharedSurface_Gralloc::Create -------
04-27 12:07:22.444 I/Gecko   (  767): SharedSurface_Gralloc::Create: success -- surface 0x44537a80, GraphicBuffer 0x435b9980.
04-27 12:07:22.464 I/Gecko   (  767): [SharedSurface_Gralloc 0x43dd3c00] destroyed
04-27 12:07:22.464 I/Gecko   (  767): [SharedSurface_Gralloc 0x43605080] destroyed
04-27 12:07:22.484 I/Gecko   (   83): 
04-27 12:07:22.484 I/Gecko   (   83): ###!!! [Parent][MessageChannel] Error: Channel error: cannot send/recv
04-27 12:07:22.484 I/Gecko   (   83): 
04-27 12:07:22.544 I/GeckoDump(   83): Crash reporter : Can't fetch app.reportCrashes. Exception: [Exception... "Component returned failure code: 0x8000ffff (NS_ERROR_UNEXPECTED) [nsIPrefBranch.getBoolPref]"  nsresult: "0x8000ffff (NS_ERROR_UNEXPECTED)"  location: "JS frame :: chrome://browser/content/shell.js :: shell_reportCrash :: line 7"  data: no]
04-27 12:07:22.564 I/Gecko   (   83): [Parent 83] WARNING: waitpid failed pid:835 errno:10: file ../../../gecko/ipc/chromium/src/base/process_util_posix.cc, line 254
04-27 12:07:22.584 I/Gecko   (   83): 1398625642597	Marionette	INFO	sendToClient: {"from":"0","value":"complete"}, {b424c361-e74f-41d4-bf96-bd66744e9a9e}, {b424c361-e74f-41d4-bf96-bd66744e9a9e}
04-27 12:07:22.594 I/Gecko   (   83): 1398625642606	Marionette	INFO	sendToClient: {"from":"0","value":"http://carlosstenzel.github.io/appbattery/index.html"}, {ee2adba4-0389-4d4a-8247-31ad1fbd72ae}, {ee2adba4-0389-4d4a-8247-31ad1fbd72ae}
04-27 12:07:22.624 I/Gecko   (  767): SharedSurface_Gralloc::Create -------
04-27 12:07:22.634 I/Gecko   (  767): SharedSurface_Gralloc::Create: success -- surface 0x44385080, GraphicBuffer 0x42db6900.
04-27 12:07:22.714 W/WifiHW  (   83): wifi_command: SIGNAL_POLL
04-27 12:07:23.724 I/Gecko   (   83): 1398625643730	Marionette	INFO	sendToClient: {"from":"0","value":"iVBORw0KGgoAAAANSUhEUgAAAUAAAAHMCAYAAACk4nEJAAAgAElEQVR4nO3de3xT9f0/8E7n9v1ua+fm1M9JQdF8ixpqUbM4baAlrcq0BQUvVGWuUspNWjcYDQXS2bheVG5eH5NNW9Q5d2FCnQ/dfmzUbepw0OlkDOrUid32Hfa7CQUCTcP790dISHvS5JzkJJ/POZ9XHo/nY5OeJifn8urnfK45jDECAJBRDu8dAADgBQEIANJCAAKAtBCAACAtBCAASAsBCADSQgACgLQQgAAgLQQgAEgLAQgA0kIAAoC0EIAAIC0EIABICwEIANKSKgDHjx9P8+bNo7a2Nnruueeou7uburq66Mknn6TFixfTxIkTue+jLCZPnkxTpkyJq6SkhAoLCyk/P5/7foK1SRGABQUF9N3vfpcCgQAleh0/fpw2b95MkydPTvh+48aNI7fbTcXFxVn9Hrw+NxP+/e9/JzwXkfPx0Ucf0aZNm+iOO+6gc845R+jjbaXzIwvLB+DEiRNpz549SW+22Nfg4CAtXbp02Pvcfffd9Oabb1J/f390uyeffDLj+8/rczNNSwCOfP3zn/+k66+/XqjjbdXzIwtLB6DNZqPXXntN941GRPTmm28OK3E8/PDDqm2ycaHz+txMSyUAiYgOHz5MpaWlwhxvq54fWVg6AGfNmhX3Jtq9ezfV1dXR1KlTadasWXTvvffSb3/72+jPP/zwQyoqKhr2XghAY8ULwN/85je0YcMG2rhxI7388st05MiRuOdv8+bNwhxvq54fWVg6AJ944gnVxXn48GG68MILVdsqikJz5syh3bt3U0lJiernqV7o48aNoxkzZtBdd91FLS0t9Mgjj5DP56M777yTrrrqKrLZbAl/n/cNlp+fT9OmTaOVK1fSunXr6JFHHqHm5maqrq4mh8OR8vvGC8CR1Q4XXXQRvfvuu6rt/vOf/w
04-27 12:07:23.754 I/Gecko   (  767): [SharedSurface_Gralloc 0x44537540] destroyed
04-27 12:07:23.764 I/Gecko   (  767): [SharedSurface_Gralloc 0x44537a80] destroyed
04-27 12:07:23.914 I/Gecko   (  767): [SharedSurface_Gralloc 0x43dd35c0] destroyed
04-27 12:07:23.944 I/Gecko   (  767): SharedSurface_Gralloc::Create -------
04-27 12:07:23.944 I/Gecko   (  767): SharedSurface_Gralloc::Create: success -- surface 0x43dd35c0, GraphicBuffer 0x436a8b00.
04-27 12:07:24.104 I/Gecko   (   83): 1398625644116	Marionette	INFO	sendToClient: {"from":"0","ok":true}, {0c6801aa-478d-438e-b089-df027980610c}, {0c6801aa-478d-438e-b089-df027980610c}
04-27 12:07:24.124 I/Gecko   (   83): 1398625644135	Marionette	DEBUG	Got request: switchToFrame, data: {"to":"0","sessionId":"3-b2g","name":"switchToFrame","parameters":{"id":null,"focus":true}}, id: {dcbd5f6e-033e-4141-9273-a4eec4e4cb5a}
04-27 12:07:24.154 I/Gecko   (   83): 1398625644160	Marionette	INFO	Switched to frame: {"frameValue":null}
04-27 12:07:24.154 I/Gecko   (  767): [SharedSurface_Gralloc 0x44385080] destroyed
04-27 12:07:24.284 I/Gecko   (   83): 1398625644291	Marionette	INFO	sendToClient: {"from":"0","ok":true}, {dcbd5f6e-033e-4141-9273-a4eec4e4cb5a}, {dcbd5f6e-033e-4141-9273-a4eec4e4cb5a}
04-27 12:07:24.294 I/Gecko   (   83): 1398625644302	Marionette	DEBUG	Got request: executeWithCallback, data: {"to":"0","sessionId":"3-b2g","name":"executeAsyncScript","parameters":{"specialPowers":false,"scriptTimeout":null,"newSandbox":true,"args":[],"filename":"gaia_test.py","script":"return GaiaApps.displayedApp();","line":66}}, id: {a415a3c3-1c26-4610-8d7d-5383d008e651}
04-27 12:07:24.454 E/GeckoConsole(   83): Content JS LOG at dummy file:392 in GaiaApps.displayedApp: app with origin 'http://carlosstenzel.github.io' is displayed
04-27 12:07:24.454 I/Gecko   (   83): 1398625644466	Marionette	INFO	sendToClient: {"from":"0","value":{"frame":{"ELEMENT":"{5ade0272-2ba6-4bfe-8068-0063b0496315}"},"src":"http://carlosstenzel.github.io/appbattery/index.html","name":"Battery","origin":"http://carlosstenzel.github.io"}}, {a415a3c3-1c26-4610-8d7d-5383d008e651}, {a415a3c3-1c26-4610-8d7d-5383d008e651}
04-27 12:07:24.464 I/Gecko   (   83): 1398625644473	Marionette	DEBUG	Got request: switchToFrame, data: {"to":"0","sessionId":"3-b2g","name":"switchToFrame","parameters":{"id":null,"focus":true}}, id: {7f23dc07-a4fe-4efe-b545-789951b565bb}
04-27 12:07:24.474 I/Gecko   (   83): 1398625644480	Marionette	INFO	Switched to frame: {"frameValue":null}
04-27 12:07:24.564 I/Gecko   (   83): [Parent 83] WARNING: waitpid failed pid:835 errno:10: file ../../../gecko/ipc/chromium/src/base/process_util_posix.cc, line 254
04-27 12:07:24.564 I/Gecko   (   83): [Parent 83] WARNING: Failed to deliver SIGKILL to 835!(3).: file ../../../gecko/ipc/chromium/src/chrome/common/process_watcher_posix_sigchld.cc, line 118
04-27 12:07:24.574 I/Gecko   (   83): 1398625644583	Marionette	INFO	sendToClient: {"from":"0","ok":true}, {7f23dc07-a4fe-4efe-b545-789951b565bb}, {7f23dc07-a4fe-4efe-b545-789951b565bb}
04-27 12:07:24.584 I/Gecko   (   83): 1398625644591	Marionette	DEBUG	Got request: execute, data: {"to":"0","sessionId":"3-b2g","name":"executeScript","parameters":{"specialPowers":false,"scriptTimeout":null,"newSandbox":true,"args":[],"filename":"gaia_test.py","script":"window.wrappedJSObject.dispatchEvent(new Event('home'));","line":788}}, id: {b6c8ac28-f93e-4224-8759-999946651f4c}
04-27 12:07:24.754 I/Gecko   (  767): SharedSurface_Gralloc::Create -------
04-27 12:07:24.784 I/Gecko   (  767): SharedSurface_Gralloc::Create: success -- surface 0x42dd2300, GraphicBuffer 0x43542380.
04-27 12:07:24.824 D/Sensors (   83): activate handle=0; drv=0
04-27 12:07:24.854 D/Sensors (   83): Lis3dhSensor: Control set 0
04-27 12:07:24.854 D/Sensors (   83): Lis3dhSensor: mEnabled = 0
04-27 12:07:25.024 I/Gonk    (   83): Setting nice for pid 857 to 18
04-27 12:07:25.084 I/Gonk    (   83): Changed nice for pid 857 from 0 to 18.
04-27 12:07:25.094 I/Gecko   (   83): 1398625645100	Marionette	INFO	sendToClient: {"from":"0","value":null}, {b6c8ac28-f93e-4224-8759-999946651f4c}, {b6c8ac28-f93e-4224-8759-999946651f4c}
04-27 12:07:25.144 I/Gonk    (   83): Setting nice for pid 857 to 18
04-27 12:07:25.144 I/Gonk    (   83): Changed nice for pid 857 from 18 to 18.
04-27 12:07:25.144 I/Gecko   (   83): [Parent 83] WARNING: waitpid failed pid:857 errno:10: file ../../../gecko/ipc/chromium/src/base/process_util_posix.cc, line 254
04-27 12:07:25.154 I/Gonk    (   83): Setting nice for pid 857 to 1
04-27 12:07:25.154 I/Gecko   (  767): [SharedSurface_Gralloc 0x43dd35c0] destroyed
04-27 12:07:25.154 I/Gonk    (   83): Changed nice for pid 857 from 18 to 1.
04-27 12:07:25.214 I/Gonk    (   83): Setting nice for pid 865 to 18
04-27 12:07:25.234 I/Gonk    (   83): Changed nice for pid 865 from 0 to 18.
04-27 12:07:25.244 I/Gecko   (   83): 1398625645249	Marionette	DEBUG	Got request: switchToFrame, data: {"to":"0","sessionId":"3-b2g","name":"switchToFrame","parameters":{"id":null,"focus":true}}, id: {d6f8a26c-65a0-4ae0-812a-72bbcc5ae03f}
04-27 12:07:25.244 I/Gecko   (   83): 1398625645253	Marionette	INFO	Switched to frame: {"frameValue":null}
04-27 12:07:25.354 I/Gecko   (   83): 1398625645361	Marionette	INFO	sendToClient: {"from":"0","ok":true}, {d6f8a26c-65a0-4ae0-812a-72bbcc5ae03f}, {d6f8a26c-65a0-4ae0-812a-72bbcc5ae03f}
04-27 12:07:25.354 I/Gecko   (   83): 1398625645367	Marionette	DEBUG	Got request: executeWithCallback, data: {"to":"0","sessionId":"3-b2g","name":"executeAsyncScript","parameters":{"specialPowers":false,"scriptTimeout":null,"newSandbox":true,"args":[],"filename":"gaia_test.py","script":"return GaiaApps.displayedApp();","line":66}}, id: {b7096162-25ef-494b-b392-4a5a0e081e88}
04-27 12:07:25.424 E/GeckoConsole(   83): Content JS LOG at dummy file:392 in GaiaApps.displayedApp: app with origin 'app://homescreen.gaiamobile.org' is displayed
04-27 12:07:25.434 I/Gecko   (   83): 1398625645447	Marionette	INFO	sendToClient: {"from":"0","value":{"frame":{"ELEMENT":"{24408840-70e3-482f-a771-9f730fc59160}"},"src":"app://homescreen.gaiamobile.org/index.html#root","name":"Homescreen","origin":"app://homescreen.gaiamobile.org"}}, {b7096162-25ef-494b-b392-4a5a0e081e88}, {b7096162-25ef-494b-b392-4a5a0e081e88}
04-27 12:07:25.444 I/Gecko   (   83): 1398625645454	Marionette	DEBUG	Got request: switchToFrame, data: {"to":"0","sessionId":"3-b2g","name":"switchToFrame","parameters":{"id":null,"focus":true}}, id: {e93a1e7e-a583-4167-bfaf-e6a36e83b1f1}
04-27 12:07:25.444 I/Gecko   (   83): 1398625645456	Marionette	INFO	Switched to frame: {"frameValue":null}
04-27 12:07:25.554 I/Gecko   (   83): 1398625645563	Marionette	INFO	sendToClient: {"from":"0","ok":true}, {e93a1e7e-a583-4167-bfaf-e6a36e83b1f1}, {e93a1e7e-a583-4167-bfaf-e6a36e83b1f1}
04-27 12:07:25.564 I/Gecko   (   83): 1398625645578	Marionette	DEBUG	Got request: switchToFrame, data: {"to":"0","sessionId":"3-b2g","name":"switchToFrame","parameters":{"id":null,"focus":true}}, id: {6165ecf0-74ed-453e-a7aa-5527fa38b9a7}
04-27 12:07:25.574 I/Gecko   (   83): 1398625645580	Marionette	INFO	Switched to frame: {"frameValue":null}
04-27 12:07:25.604 I/Gecko   (  767): SharedSurface_Gralloc::Create -------
04-27 12:07:25.644 I/Gecko   (  767): SharedSurface_Gralloc::Create: success -- surface 0x42deb0c0, GraphicBuffer 0x435fdc80.
04-27 12:07:25.674 I/Gecko   (   83): 1398625645682	Marionette	INFO	sendToClient: {"from":"0","ok":true}, {6165ecf0-74ed-453e-a7aa-5527fa38b9a7}, {6165ecf0-74ed-453e-a7aa-5527fa38b9a7}
04-27 12:07:25.684 I/Gecko   (   83): 1398625645690	Marionette	DEBUG	Got request: executeWithCallback, data: {"to":"0","sessionId":"3-b2g","name":"executeAsyncScript","parameters":{"specialPowers":false,"scriptTimeout":null,"newSandbox":true,"args":[],"filename":"gaia_test.py","script":"return GaiaApps.displayedApp();","line":66}}, id: {131d0f84-f9a6-46cc-bd39-7d0c5683342c}
04-27 12:07:25.784 E/GeckoConsole(   83): Content JS LOG at dummy file:392 in GaiaApps.displayedApp: app with origin 'app://homescreen.gaiamobile.org' is displayed
04-27 12:07:25.804 I/Gecko   (   83): 1398625645810	Marionette	INFO	sendToClient: {"from":"0","value":{"frame":{"ELEMENT":"{24408840-70e3-482f-a771-9f730fc59160}"},"src":"app://homescreen.gaiamobile.org/index.html#root","name":"Homescreen","origin":"app://homescreen.gaiamobile.org"}}, {131d0f84-f9a6-46cc-bd39-7d0c5683342c}, {131d0f84-f9a6-46cc-bd39-7d0c5683342c}
04-27 12:07:25.814 I/Gecko   (   83): 1398625645824	Marionette	DEBUG	Got request: switchToFrame, data: {"to":"0","sessionId":"3-b2g","name":"switchToFrame","parameters":{"focus":true,"element":"{24408840-70e3-482f-a771-9f730fc59160}"}}, id: {8b0a9d99-4843-432d-8f69-0e1d47867ef8}
04-27 12:07:25.834 I/Gecko   (   83): 1398625645843	Marionette	INFO	Switched to frame: {"frameValue":"{24408840-70e3-482f-a771-9f730fc59160}"}
04-27 12:07:25.844 I/Gecko   (   83): 1398625645854	Marionette	INFO	trying remote frame 0
04-27 12:07:25.854 I/Gecko   (   83): 1398625645859	Marionette	INFO	deleting frame
04-27 12:07:25.854 I/Gecko   (  767): [SharedSurface_Gralloc 0x42dd2300] destroyed
04-27 12:07:25.864 I/Gecko   (   83): 1398625645871	Marionette	INFO	frame-manager load script: [object ChromeMessageSender]
04-27 12:07:26.704 I/Gonk    (   83): Setting nice for pid 767 to 18
04-27 12:07:26.704 I/Gonk    (   83): Changed nice for pid 767 from 1 to 18.
04-27 12:07:27.814 I/Gecko   (  857): ###################################### forms.js loaded
04-27 12:07:27.884 I/Gecko   (  857): ############################### browserElementPanning.js loaded
04-27 12:07:27.964 I/Gecko   (  857): ######################## BrowserElementChildPreload.js loaded
04-27 12:07:28.264 W/WifiHW  (   83): wifi_command: SIGNAL_POLL
04-27 12:07:28.444 I/Gecko   (   83): 
04-27 12:07:28.444 I/Gecko   (   83): ###!!! [Parent][MessageChannel] Error: Channel error: cannot send/recv
04-27 12:07:28.444 I/Gecko   (   83): 
04-27 12:07:28.524 I/GeckoDump(   83): Crash reporter : Can't fetch app.reportCrashes. Exception: [Exception... "Component returned failure code: 0x8000ffff (NS_ERROR_UNEXPECTED) [nsIPrefBranch.getBoolPref]"  nsresult: "0x8000ffff (NS_ERROR_UNEXPECTED)"  location: "JS frame :: chrome://browser/content/shell.js :: shell_reportCrash :: line 7"  data: no]
04-27 12:07:28.534 I/Gecko   (   83): [Parent 83] WARNING: waitpid failed pid:767 errno:10: file ../../../gecko/ipc/chromium/src/base/process_util_posix.cc, line 254
04-27 12:07:29.344 I/Gecko   (   83): 1398625649358	Marionette	INFO	sendToClient: {"from":"0","ok":true}, {8b0a9d99-4843-432d-8f69-0e1d47867ef8}, {8b0a9d99-4843-432d-8f69-0e1d47867ef8}
04-27 12:07:29.774 I/Gecko   (   83): 1398625649781	Marionette	INFO	sendToClient: {"from":"0","value":"app://homescreen.gaiamobile.org/index.html#root"}, {4e072d42-d6fd-4832-bde6-5451644caa34}, {4e072d42-d6fd-4832-bde6-5451644caa34}
04-27 12:07:29.784 I/Gecko   (   83): 1398625649790	Marionette	DEBUG	Got request: switchToFrame, data: {"to":"0","sessionId":"3-b2g","name":"switchToFrame","parameters":{"id":null,"focus":true}}, id: {638d7473-d6a3-44d6-bb45-3f97b6a7c5c8}
04-27 12:07:29.794 I/Gecko   (   83): 1398625649803	Marionette	INFO	Switched to frame: {"frameValue":null}
04-27 12:07:29.904 I/Gecko   (   83): 1398625649909	Marionette	INFO	sendToClient: {"from":"0","ok":true}, {638d7473-d6a3-44d6-bb45-3f97b6a7c5c8}, {638d7473-d6a3-44d6-bb45-3f97b6a7c5c8}
04-27 12:07:29.904 I/Gecko   (   83): 1398625649915	Marionette	DEBUG	Got request: switchToFrame, data: {"to":"0","sessionId":"3-b2g","name":"switchToFrame","parameters":{"id":null,"focus":true}}, id: {b71a00b6-cb13-4979-9a91-76c83a874be7}
04-27 12:07:29.904 I/Gecko   (   83): 1398625649917	Marionette	INFO	Switched to frame: {"frameValue":null}
04-27 12:07:30.014 I/Gecko   (   83): 1398625650022	Marionette	INFO	sendToClient: {"from":"0","ok":true}, {b71a00b6-cb13-4979-9a91-76c83a874be7}, {b71a00b6-cb13-4979-9a91-76c83a874be7}
04-27 12:07:30.014 I/Gecko   (   83): 1398625650028	Marionette	DEBUG	Got request: executeWithCallback, data: {"to":"0","sessionId":"3-b2g","name":"executeAsyncScript","parameters":{"specialPowers":false,"scriptTimeout":null,"newSandbox":true,"args":[],"filename":"gaia_test.py","script":"GaiaApps.killAll()","line":91}}, id: {b4d79595-a2de-43b8-9fd8-bd3f008c48ea}
04-27 12:07:30.084 I/Gecko   (   83): 1398625650091	Marionette	INFO	sendToClient: {"from":"0","value":true}, {b4d79595-a2de-43b8-9fd8-bd3f008c48ea}, {b4d79595-a2de-43b8-9fd8-bd3f008c48ea}
04-27 12:07:30.084 I/Gecko   (   83): 1398625650097	Marionette	DEBUG	Got request: switchToFrame, data: {"to":"0","sessionId":"3-b2g","name":"switchToFrame","parameters":{"id":null,"focus":true}}, id: {7bfd7e61-9456-4b9c-967b-260d0bc05fe8}
04-27 12:07:30.084 I/Gecko   (   83): 1398625650098	Marionette	INFO	Switched to frame: {"frameValue":null}
04-27 12:07:30.194 I/Gecko   (   83): 1398625650201	Marionette	INFO	sendToClient: {"from":"0","ok":true}, {7bfd7e61-9456-4b9c-967b-260d0bc05fe8}, {7bfd7e61-9456-4b9c-967b-260d0bc05fe8}
04-27 12:07:30.194 I/Gecko   (   83): 1398625650208	Marionette	DEBUG	Got request: executeWithCallback, data: {"to":"0","sessionId":"3-b2g","name":"executeAsyncScript","parameters":{"specialPowers":false,"scriptTimeout":60000,"newSandbox":true,"args":[],"filename":"app_checker.py","script":"\n        GaiaApps.locateWithManifestURL('http://carlosstenzel.github.io/appbattery/manifest.webapp',\n                                       null,\n                                       function uninstall(app) {\n                                       navigator.mozApps.mgmt.uninstall(app);\n                                       marionetteScriptFinished(true);\n                                       });\n        ","line":129}}, id: {1d0f7d95-d578-4b08-9d88-4b5a923d9498}
04-27 12:07:30.254 I/Gecko   (   83): -- webapps.js uninstall http://carlosstenzel.github.io/appbattery/manifest.webapp
04-27 12:07:30.534 I/Gecko   (   83): [Parent 83] WARNING: waitpid failed pid:767 errno:10: file ../../../gecko/ipc/chromium/src/base/process_util_posix.cc, line 254
04-27 12:07:30.534 I/Gecko   (   83): [Parent 83] WARNING: Failed to deliver SIGKILL to 767!(3).: file ../../../gecko/ipc/chromium/src/chrome/common/process_watcher_posix_sigchld.cc, line 118
