--------- beginning of /dev/log/main
04-25 21:43:33.043 I/Gecko   (   83): [Parent 83] WARNING: waitpid failed pid:752 errno:10: file ../../../gecko/ipc/chromium/src/base/process_util_posix.cc, line 254
04-25 21:43:33.043 I/Gecko   (   83): [Parent 83] WARNING: Failed to deliver SIGKILL to 752!(3).: file ../../../gecko/ipc/chromium/src/chrome/common/process_watcher_posix_sigchld.cc, line 118
04-25 21:43:33.053 I/Gecko   (   83): 1398487413064	Marionette	INFO	sendToClient: {"from":"0","ok":true}, {154d27bf-5c41-4399-85c9-a692e654d6c3}, {154d27bf-5c41-4399-85c9-a692e654d6c3}
04-25 21:43:33.103 I/Gecko   (   83): 1398487413109	Marionette	DEBUG	Got request: switchToFrame, data: {"to":"0","sessionId":"3-b2g","name":"switchToFrame","parameters":{"id":null,"focus":true}}, id: {e184d2f7-3c31-427f-a038-efc45ceb47d2}
04-25 21:43:33.113 I/Gecko   (   83): 1398487413119	Marionette	INFO	Switched to frame: {"frameValue":null}
04-25 21:43:33.213 I/Gecko   (   83): 1398487413222	Marionette	INFO	sendToClient: {"from":"0","ok":true}, {e184d2f7-3c31-427f-a038-efc45ceb47d2}, {e184d2f7-3c31-427f-a038-efc45ceb47d2}
04-25 21:43:33.223 I/Gecko   (   83): 1398487413230	Marionette	DEBUG	Got request: executeWithCallback, data: {"to":"0","sessionId":"3-b2g","name":"executeAsyncScript","parameters":{"specialPowers":false,"scriptTimeout":null,"newSandbox":true,"args":[],"filename":"gaia_test.py","script":"return GaiaApps.displayedApp();","line":66}}, id: {c1297021-5d21-4ad2-a002-bc81f3a37f75}
04-25 21:43:33.283 I/Gecko   (   83): 1398487413286	Marionette	INFO	sendToClient: {"from":"0","value":{"frame":{"ELEMENT":"{cc8030ea-8e64-4c4c-ba85-33d1590a3549}"},"src":"app://homescreen.gaiamobile.org/index.html#root","name":"Homescreen","origin":"app://homescreen.gaiamobile.org"}}, {c1297021-5d21-4ad2-a002-bc81f3a37f75}, {c1297021-5d21-4ad2-a002-bc81f3a37f75}
04-25 21:43:33.283 E/GeckoConsole(   83): Content JS LOG at dummy file:392 in GaiaApps.displayedApp: app with origin 'app://homescreen.gaiamobile.org' is displayed
04-25 21:43:33.293 I/Gecko   (   83): 1398487413301	Marionette	DEBUG	Got request: switchToFrame, data: {"to":"0","sessionId":"3-b2g","name":"switchToFrame","parameters":{"id":null,"focus":true}}, id: {c436d9d2-2f0a-41d8-b5c5-3e84049e1b2a}
04-25 21:43:33.323 I/Gecko   (   83): 1398487413328	Marionette	INFO	Switched to frame: {"frameValue":null}
04-25 21:43:33.473 I/Gecko   (   83): 1398487413476	Marionette	INFO	sendToClient: {"from":"0","ok":true}, {c436d9d2-2f0a-41d8-b5c5-3e84049e1b2a}, {c436d9d2-2f0a-41d8-b5c5-3e84049e1b2a}
04-25 21:43:33.493 I/Gecko   (   83): 1398487413498	Marionette	DEBUG	Got request: switchToFrame, data: {"to":"0","sessionId":"3-b2g","name":"switchToFrame","parameters":{"id":null,"focus":true}}, id: {50036834-8a58-4086-8f64-dd5769ef1583}
04-25 21:43:33.493 I/Gecko   (   83): 1398487413500	Marionette	INFO	Switched to frame: {"frameValue":null}
04-25 21:43:33.613 I/Gecko   (   83): 1398487413617	Marionette	INFO	sendToClient: {"from":"0","ok":true}, {50036834-8a58-4086-8f64-dd5769ef1583}, {50036834-8a58-4086-8f64-dd5769ef1583}
04-25 21:43:33.613 I/Gecko   (   83): 1398487413624	Marionette	DEBUG	Got request: executeWithCallback, data: {"to":"0","sessionId":"3-b2g","name":"executeAsyncScript","parameters":{"specialPowers":false,"scriptTimeout":null,"newSandbox":true,"args":[],"filename":"gaia_test.py","script":"return GaiaApps.displayedApp();","line":66}}, id: {8db94323-3b20-45c0-900d-9f6cba0364d6}
04-25 21:43:33.673 I/Gecko   (   83): 1398487413681	Marionette	INFO	sendToClient: {"from":"0","value":{"frame":{"ELEMENT":"{cc8030ea-8e64-4c4c-ba85-33d1590a3549}"},"src":"app://homescreen.gaiamobile.org/index.html#root","name":"Homescreen","origin":"app://homescreen.gaiamobile.org"}}, {8db94323-3b20-45c0-900d-9f6cba0364d6}, {8db94323-3b20-45c0-900d-9f6cba0364d6}
04-25 21:43:33.693 E/GeckoConsole(   83): Content JS LOG at dummy file:392 in GaiaApps.displayedApp: app with origin 'app://homescreen.gaiamobile.org' is displayed
04-25 21:43:33.693 I/Gecko   (   83): 1398487413704	Marionette	DEBUG	Got request: switchToFrame, data: {"to":"0","sessionId":"3-b2g","name":"switchToFrame","parameters":{"focus":true,"element":"{cc8030ea-8e64-4c4c-ba85-33d1590a3549}"}}, id: {0251fe29-1bca-444e-ba84-34b319edaea8}
04-25 21:43:33.703 I/Gecko   (   83): 1398487413715	Marionette	INFO	Switched to frame: {"frameValue":"{cc8030ea-8e64-4c4c-ba85-33d1590a3549}"}
04-25 21:43:33.723 I/Gecko   (   83): 1398487413726	Marionette	INFO	trying remote frame 0
04-25 21:43:33.723 I/Gecko   (   83): 1398487413727	Marionette	INFO	deleting frame
04-25 21:43:33.723 I/Gecko   (   83): 1398487413732	Marionette	INFO	frame-manager load script: [object ChromeMessageSender]
04-25 21:43:33.973 I/Gecko   (   83): 1398487413982	Marionette	INFO	sendToClient: {"from":"0","ok":true}, {0251fe29-1bca-444e-ba84-34b319edaea8}, {0251fe29-1bca-444e-ba84-34b319edaea8}
04-25 21:43:34.073 I/Gecko   (   83): 1398487414079	Marionette	INFO	sendToClient: {"from":"0","value":{"ELEMENT":"{97bb61e3-4f99-4864-96c9-05a26ec6d734}"}}, {131ea291-864d-449a-bf8c-02ad451dc9db}, {131ea291-864d-449a-bf8c-02ad451dc9db}
04-25 21:43:34.393 E/GeckoConsole(  775): [JavaScript Warning: "Use of getAttributeNode() is deprecated. Use getAttribute() instead." {file: "chrome://marionette/content/atoms.js" line: 25}]
04-25 21:43:34.393 E/GeckoConsole(  775): [JavaScript Warning: "Use of attributes' specified attribute is deprecated. It always returns true." {file: "chrome://marionette/content/atoms.js" line: 25}]
04-25 21:43:34.403 I/Gecko   (   83): 1398487414406	Marionette	INFO	sendToClient: {"from":"0","value":"normal"}, {a625abb0-8944-4a1b-9a7f-235264f9f2f2}, {a625abb0-8944-4a1b-9a7f-235264f9f2f2}
04-25 21:43:34.403 I/Gecko   (   83): 1398487414413	Marionette	DEBUG	Got request: switchToFrame, data: {"to":"0","sessionId":"3-b2g","name":"switchToFrame","parameters":{"id":null,"focus":true}}, id: {099c4667-5619-4909-b570-7bda8ccdd4b9}
04-25 21:43:34.423 I/Gecko   (   83): 1398487414429	Marionette	INFO	Switched to frame: {"frameValue":null}
04-25 21:43:34.523 I/Gecko   (   83): 1398487414532	Marionette	INFO	sendToClient: {"from":"0","ok":true}, {099c4667-5619-4909-b570-7bda8ccdd4b9}, {099c4667-5619-4909-b570-7bda8ccdd4b9}
04-25 21:43:34.533 I/Gecko   (   83): 1398487414539	Marionette	DEBUG	Got request: execute, data: {"to":"0","sessionId":"3-b2g","name":"executeScript","parameters":{"specialPowers":false,"scriptTimeout":null,"newSandbox":true,"args":[],"filename":"gaia_test.py","script":"window.wrappedJSObject.dispatchEvent(new Event('home'));","line":788}}, id: {3c17fccd-69bb-4f84-9a05-06a419f0a427}
04-25 21:43:34.633 I/Gecko   (   83): 1398487414638	Marionette	INFO	sendToClient: {"from":"0","value":null}, {3c17fccd-69bb-4f84-9a05-06a419f0a427}, {3c17fccd-69bb-4f84-9a05-06a419f0a427}
04-25 21:43:34.643 I/Gecko   (   83): 1398487414649	Marionette	DEBUG	Got request: switchToFrame, data: {"to":"0","sessionId":"3-b2g","name":"switchToFrame","parameters":{"id":null,"focus":true}}, id: {f67e17c9-7018-4dea-8504-5178fd0acdbb}
04-25 21:43:34.643 I/Gecko   (   83): 1398487414651	Marionette	INFO	Switched to frame: {"frameValue":null}
04-25 21:43:34.753 I/Gecko   (   83): 1398487414758	Marionette	INFO	sendToClient: {"from":"0","ok":true}, {f67e17c9-7018-4dea-8504-5178fd0acdbb}, {f67e17c9-7018-4dea-8504-5178fd0acdbb}
04-25 21:43:34.753 I/Gecko   (   83): 1398487414765	Marionette	DEBUG	Got request: switchToFrame, data: {"to":"0","sessionId":"3-b2g","name":"switchToFrame","parameters":{"id":null,"focus":true}}, id: {c62f728f-caf5-49ee-ad9e-99f0a241e628}
04-25 21:43:34.763 I/Gecko   (   83): 1398487414767	Marionette	INFO	Switched to frame: {"frameValue":null}
04-25 21:43:34.883 I/Gecko   (   83): 1398487414885	Marionette	INFO	sendToClient: {"from":"0","ok":true}, {c62f728f-caf5-49ee-ad9e-99f0a241e628}, {c62f728f-caf5-49ee-ad9e-99f0a241e628}
04-25 21:43:34.893 I/Gecko   (   83): 1398487414899	Marionette	DEBUG	Got request: executeWithCallback, data: {"to":"0","sessionId":"3-b2g","name":"executeAsyncScript","parameters":{"specialPowers":false,"scriptTimeout":null,"newSandbox":true,"args":[],"filename":"gaia_test.py","script":"return GaiaApps.displayedApp();","line":66}}, id: {d6aca0e1-10c2-477b-9e4c-119cbbc2d285}
04-25 21:43:34.973 E/GeckoConsole(   83): Content JS LOG at dummy file:392 in GaiaApps.displayedApp: app with origin 'app://homescreen.gaiamobile.org' is displayed
04-25 21:43:34.973 I/Gecko   (   83): 1398487414981	Marionette	INFO	sendToClient: {"from":"0","value":{"frame":{"ELEMENT":"{cc8030ea-8e64-4c4c-ba85-33d1590a3549}"},"src":"app://homescreen.gaiamobile.org/index.html#rootFri%20Apr%2025%202014%2021:43:34%20GMT-0700%20(UTC)","name":"Homescreen","origin":"app://homescreen.gaiamobile.org"}}, {d6aca0e1-10c2-477b-9e4c-119cbbc2d285}, {d6aca0e1-10c2-477b-9e4c-119cbbc2d285}
04-25 21:43:34.983 I/Gecko   (   83): 1398487414987	Marionette	DEBUG	Got request: switchToFrame, data: {"to":"0","sessionId":"3-b2g","name":"switchToFrame","parameters":{"focus":true,"element":"{cc8030ea-8e64-4c4c-ba85-33d1590a3549}"}}, id: {000c19dd-6916-4024-8d4e-7b1f3d2e807a}
04-25 21:43:34.983 I/Gecko   (   83): 1398487414992	Marionette	INFO	Switched to frame: {"frameValue":"{cc8030ea-8e64-4c4c-ba85-33d1590a3549}"}
04-25 21:43:34.993 I/Gecko   (   83): 1398487415000	Marionette	INFO	trying remote frame 0
04-25 21:43:36.023 V/AudioPolicyManagerBase(   90): startOutput() output 1, stream 1, session 3
04-25 21:43:36.023 V/AudioPolicyManagerBase(   90): changeRefCount() stream 1, count 1
04-25 21:43:36.023 V/AudioPolicyManagerBase(   90): getDeviceForStrategy() from cache strategy 0, device 2
04-25 21:43:36.023 V/AudioPolicyManagerBase(   90): getNewDevice() selected device 2
04-25 21:43:36.023 D/AudioPolicyManagerBase(   90): setOutputDevice() output 1 device 2 delayMs 0
04-25 21:43:36.023 V/AudioPolicyManagerBase(   90): setOutputDevice() setting same device 2 or null device for output 1
04-25 21:43:36.023 E/AudioPolicyManagerBase(   90): checkAndSetVolume stream=1, index=0, output=1, device=2
04-25 21:43:36.023 E/AudioPolicyManagerBase(   90): computeVolume, streamDesc=0x18c3bb8
04-25 21:43:36.043 W/AudioFlinger(   90): Thread AudioOut_1 cannot connect to the power manager service
04-25 21:43:36.043 V/AudioPolicyManagerBase(   90): stopOutput() output 1, stream 1, session 3
04-25 21:43:36.043 V/AudioPolicyManagerBase(   90): changeRefCount() stream 1, count 0
04-25 21:43:36.043 V/AudioPolicyManagerBase(   90): getNewDevice() selected device 0
04-25 21:43:36.043 D/AudioPolicyManagerBase(   90): setOutputDevice() output 1 device 0 delayMs 290
04-25 21:43:36.043 V/AudioPolicyManagerBase(   90): setOutputDevice() setting same device 0 or null device for output 1
04-25 21:43:36.043 V/AudioPolicyManagerBase(   90): releaseOutput() 1
04-25 21:43:36.233 I/Gecko   (   83): 1398487416237	Marionette	INFO	sendToClient: {"from":"0","ok":true}, {000c19dd-6916-4024-8d4e-7b1f3d2e807a}, {000c19dd-6916-4024-8d4e-7b1f3d2e807a}
04-25 21:43:36.243 I/Gecko   (   83): 1398487416249	Marionette	DEBUG	Got request: execute, data: {"to":"0","sessionId":"3-b2g","name":"executeScript","parameters":{"specialPowers":false,"scriptTimeout":null,"newSandbox":true,"args":[],"filename":"gaia_test.py","script":"return window.wrappedJSObject.GridManager.pageHelper.getCurrentPageNumber();","line":784}}, id: {ebd4bde6-b9fe-4e4a-8fcd-699dc5d723ed}
04-25 21:43:36.243 E/GeckoConsole(  775): Content JS WARN at app://homescreen.gaiamobile.org/gaia_build_defer_index.js:184 in isHiddenApp: Unexpected role when checking hidden app: undefined
04-25 21:43:36.253 E/GeckoConsole(  775): Content JS WARN at app://homescreen.gaiamobile.org/gaia_build_defer_index.js:184 in isHiddenApp: Unexpected role when checking hidden app: undefined
04-25 21:43:36.253 E/GeckoConsole(  775): Content JS WARN at app://homescreen.gaiamobile.org/gaia_build_defer_index.js:184 in isHiddenApp: Unexpected role when checking hidden app: undefined
04-25 21:43:36.253 E/GeckoConsole(  775): Content JS WARN at app://homescreen.gaiamobile.org/gaia_build_defer_index.js:184 in isHiddenApp: Unexpected role when checking hidden app: undefined
04-25 21:43:36.253 E/GeckoConsole(  775): Content JS WARN at app://homescreen.gaiamobile.org/gaia_build_defer_index.js:184 in isHiddenApp: Unexpected role when checking hidden app: undefined
04-25 21:43:36.253 E/GeckoConsole(  775): Content JS WARN at app://homescreen.gaiamobile.org/gaia_build_defer_index.js:184 in isHiddenApp: Unexpected role when checking hidden app: undefined
04-25 21:43:36.253 E/GeckoConsole(  775): Content JS WARN at app://homescreen.gaiamobile.org/gaia_build_defer_index.js:184 in isHiddenApp: Unexpected role when checking hidden app: undefined
04-25 21:43:36.253 E/GeckoConsole(  775): Content JS WARN at app://homescreen.gaiamobile.org/gaia_build_defer_index.js:184 in isHiddenApp: Unexpected role when checking hidden app: undefined
04-25 21:43:36.253 E/GeckoConsole(  775): Content JS WARN at app://homescreen.gaiamobile.org/gaia_build_defer_index.js:184 in isHiddenApp: Unexpected role when checking hidden app: undefined
04-25 21:43:36.253 E/GeckoConsole(  775): Content JS WARN at app://homescreen.gaiamobile.org/gaia_build_defer_index.js:184 in isHiddenApp: Unexpected role when checking hidden app: undefined
04-25 21:43:36.253 E/GeckoConsole(  775): Content JS WARN at app://homescreen.gaiamobile.org/gaia_build_defer_index.js:184 in isHiddenApp: Unexpected role when checking hidden app: undefined
04-25 21:43:36.253 E/GeckoConsole(  775): Content JS WARN at app://homescreen.gaiamobile.org/gaia_build_defer_index.js:184 in isHiddenApp: Unexpected role when checking hidden app: undefined
04-25 21:43:36.253 E/GeckoConsole(  775): Content JS WARN at app://homescreen.gaiamobile.org/gaia_build_defer_index.js:184 in isHiddenApp: Unexpected role when checking hidden app: undefined
04-25 21:43:36.263 E/GeckoConsole(  775): Content JS WARN at app://homescreen.gaiamobile.org/gaia_build_defer_index.js:184 in isHiddenApp: Unexpected role when checking hidden app: undefined
04-25 21:43:36.263 E/GeckoConsole(  775): Content JS WARN at app://homescreen.gaiamobile.org/gaia_build_defer_index.js:184 in isHiddenApp: Unexpected role when checking hidden app: undefined
04-25 21:43:36.263 E/GeckoConsole(  775): Content JS WARN at app://homescreen.gaiamobile.org/gaia_build_defer_index.js:184 in isHiddenApp: Unexpected role when checking hidden app: undefined
04-25 21:43:36.263 E/GeckoConsole(  775): Content JS WARN at app://homescreen.gaiamobile.org/gaia_build_defer_index.js:184 in isHiddenApp: Unexpected role when checking hidden app: undefined
04-25 21:43:36.263 E/GeckoConsole(  775): Content JS WARN at app://homescreen.gaiamobile.org/gaia_build_defer_index.js:184 in isHiddenApp: Unexpected role when checking hidden app: undefined
04-25 21:43:36.563 I/Gecko   (   83): 1398487416569	Marionette	INFO	sendToClient: {"from":"0","value":0}, {ebd4bde6-b9fe-4e4a-8fcd-699dc5d723ed}, {ebd4bde6-b9fe-4e4a-8fcd-699dc5d723ed}
04-25 21:43:36.623 I/Gecko   (   83): 1398487416635	Marionette	INFO	sendToClient: {"from":"0","value":["{92856bc4-4d7c-49bc-8d86-0eafcfc6a04b}","{edf8550c-3552-4a94-93c8-d6c96c5dbd1a}","{95658fde-7d73-4fbd-8786-d6d5950a023f}","{d952ff11-eac1-4bc6-bdb9-112835c76c59}","{18e8a211-7677-4f44-8dea-b34f3a36ed9e}","{8952a650-eb7b-4124-a7af-03cf7cb13f09}","{8de7d850-a7e1-4505-a6e7-f08475eddadf}","{48366e0b-0e97-4c4e-8b04-c919d7e07367}","{c58cf88f-6ca7-43c3-bb4f-ea3003df7194}","{6a18302c-0664-4af9-9129-93a6e50f36ff}","{62f3f07e-596f-4a9d-a09d-af31eebd144d}","{9359bce6-a848-42a7-9aa4-9b217d0f841b}","{99307ad4-8397-4bf9-9376-532ea804d9ba}","{0e54d9e2-fa9d-4ed4-af8d-c1c8c65e1e1f}","{283c3d77-b366-4bc3-b65b-861057704958}","{cb936c3f-93e6-4f09-811f-9a46e8bb9863}","{0c8d2da5-735a-4775-8c0d-acab52355c5b}","{dcdfc178-07ba-41bd-8294-6d56d29e8fd5}","{05dde7b1-497b-4e16-a10a-1c333a16c36d}","{8bb2d008-57f1-4d79-be96-21e5b3c3f1c6}","{9e299253-c70a-454b-90bc-b3586ae23fd2}","{58c7a142-76e1-4cda-9b6a-b8a15fb21271}"]}, {2c928227-ac61-4be7-81d7-eb95dd35c008}, {2c928227-ac6
04-25 21:43:36.653 I/Gecko   (   83): 1398487416657	Marionette	INFO	sendToClient: {"from":"0","value":"app://homescreen.gaiamobile.org/index.html#rootFri%20Apr%2025%202014%2021:43:34%20GMT-0700%20(UTC)"}, {a2bac221-449b-45f1-861e-2cc0abf242dc}, {a2bac221-449b-45f1-861e-2cc0abf242dc}
04-25 21:43:36.673 I/Gecko   (   83): 1398487416677	Marionette	DEBUG	Got request: switchToFrame, data: {"to":"0","sessionId":"3-b2g","name":"switchToFrame","parameters":{"id":null,"focus":true}}, id: {b565fe61-879c-4395-94a5-f9f225196f01}
04-25 21:43:36.693 I/Gecko   (   83): 1398487416697	Marionette	INFO	Switched to frame: {"frameValue":null}
04-25 21:43:36.793 I/Gecko   (   83): 1398487416800	Marionette	INFO	sendToClient: {"from":"0","ok":true}, {b565fe61-879c-4395-94a5-f9f225196f01}, {b565fe61-879c-4395-94a5-f9f225196f01}
04-25 21:43:36.803 I/Gecko   (   83): 1398487416807	Marionette	DEBUG	Got request: switchToFrame, data: {"to":"0","sessionId":"3-b2g","name":"switchToFrame","parameters":{"id":null,"focus":true}}, id: {4779e60f-0b81-4085-a543-38142d194b29}
04-25 21:43:36.803 I/Gecko   (   83): 1398487416813	Marionette	INFO	Switched to frame: {"frameValue":null}
04-25 21:43:36.913 I/Gecko   (   83): 1398487416916	Marionette	INFO	sendToClient: {"from":"0","ok":true}, {4779e60f-0b81-4085-a543-38142d194b29}, {4779e60f-0b81-4085-a543-38142d194b29}
04-25 21:43:36.913 I/Gecko   (   83): 1398487416922	Marionette	DEBUG	Got request: executeWithCallback, data: {"to":"0","sessionId":"3-b2g","name":"executeAsyncScript","parameters":{"specialPowers":false,"scriptTimeout":30000,"newSandbox":true,"args":[],"filename":"app_checker.py","script":"GaiaApps.launchWithManifestURL('https://marketplace.firefox.com/app/400e7a2f-bbc4-42c8-9490-65837168b613/manifest.webapp')","line":106}}, id: {84055305-1ded-4454-a66c-bba080ea6f65}
04-25 21:43:37.033 I/Gonk    (   83): Setting nice for pid 785 to 18
04-25 21:43:37.033 I/Gonk    (   83): Changed nice for pid 785 from 18 to 18.
04-25 21:43:37.033 I/Gecko   (   83): [Parent 83] WARNING: waitpid failed pid:785 errno:10: file ../../../gecko/ipc/chromium/src/base/process_util_posix.cc, line 254
04-25 21:43:37.043 I/Gonk    (   83): Setting nice for pid 785 to 1
04-25 21:43:37.043 I/Gonk    (   83): Changed nice for pid 785 from 18 to 1.
04-25 21:43:37.053 E/GeckoConsole(   83): Content JS LOG at dummy file:334 in GaiaApps.launch: launching app with name 'Beet Kit'
04-25 21:43:37.203 E/[Gralloc-ERROR](   83): int gralloc_register_buffer(const gralloc_module_t*, const native_handle_t*):79 Unable to register handle 0x49a20290 coming from different process: 83
04-25 21:43:37.213 E/[Gralloc-ERROR](   83): int gralloc_register_buffer(const gralloc_module_t*, const native_handle_t*):79 Unable to register handle 0x49a20380 coming from different process: 83
04-25 21:43:37.223 E/[Gralloc-ERROR](   83): int gralloc_register_buffer(const gralloc_module_t*, const native_handle_t*):79 Unable to register handle 0x49a20420 coming from different process: 83
04-25 21:43:37.223 E/[Gralloc-ERROR](   83): int gralloc_register_buffer(const gralloc_module_t*, const native_handle_t*):79 Unable to register handle 0x49a20790 coming from different process: 83
04-25 21:43:37.393 D/Sensors (   83): activate handle=0; drv=0
04-25 21:43:37.413 D/Sensors (   83): Lis3dhSensor: Control set 1
04-25 21:43:37.413 D/Sensors (   83): Lis3dhSensor: mEnabled = 1
04-25 21:43:37.413 W/WifiHW  (   83): wifi_command: SIGNAL_POLL
04-25 21:43:37.463 I/Gonk    (   83): Setting nice for pid 775 to 18
04-25 21:43:37.463 I/Gonk    (   83): Changed nice for pid 775 from 1 to 18.
04-25 21:43:38.083 I/Gecko   (  785): ###################################### forms.js loaded
04-25 21:43:38.103 I/Gecko   (  785): ############################### browserElementPanning.js loaded
04-25 21:43:38.123 I/Gecko   (  785): ######################## BrowserElementChildPreload.js loaded
04-25 21:43:39.253 E/GeckoConsole(   83): Content JS LOG at dummy file:326 in GaiaApps.launch/appOpen/<: app with origin 'app://{3d33b3bb-8f8f-4f72-9328-d3d8a46f5ec4}' has launched
04-25 21:43:39.273 I/Gecko   (   83): 1398487419277	Marionette	INFO	sendToClient: {"from":"0","value":{"frame":{"ELEMENT":"{de987336-00af-4726-82c4-cc6126a2cb96}"},"src":"app://{3d33b3bb-8f8f-4f72-9328-d3d8a46f5ec4}/index.html","name":"Beet Kit","origin":"app://{3d33b3bb-8f8f-4f72-9328-d3d8a46f5ec4}"}}, {84055305-1ded-4454-a66c-bba080ea6f65}, {84055305-1ded-4454-a66c-bba080ea6f65}
04-25 21:43:39.353 E/[Gralloc-ERROR](   83): int gralloc_unregister_buffer(const gralloc_module_t*, const native_handle_t*):274 Trying to unregister buffer 0x49a20290 from process 83 that was not created in current process: 83
04-25 21:43:39.353 E/[Gralloc-ERROR](   83): int gralloc_unregister_buffer(const gralloc_module_t*, const native_handle_t*):274 Trying to unregister buffer 0x49a20380 from process 83 that was not created in current process: 83
04-25 21:43:39.353 E/[Gralloc-ERROR](   83): int gralloc_unregister_buffer(const gralloc_module_t*, const native_handle_t*):274 Trying to unregister buffer 0x49a20790 from process 83 that was not created in current process: 83
04-25 21:43:39.353 E/[Gralloc-ERROR](   83): int gralloc_unregister_buffer(const gralloc_module_t*, const native_handle_t*):274 Trying to unregister buffer 0x49a20420 from process 83 that was not created in current process: 83
04-25 21:43:39.353 I/Gecko   (   83): 1398487419360	Marionette	DEBUG	Got request: switchToFrame, data: {"to":"0","sessionId":"3-b2g","name":"switchToFrame","parameters":{"focus":true,"element":"{de987336-00af-4726-82c4-cc6126a2cb96}"}}, id: {3c4cca24-95a8-444c-b951-092746480b46}
04-25 21:43:39.373 I/Gecko   (   83): 1398487419383	Marionette	INFO	Switched to frame: {"frameValue":"{de987336-00af-4726-82c4-cc6126a2cb96}"}
04-25 21:43:39.403 I/Gecko   (   83): 1398487419409	Marionette	INFO	trying remote frame 0
04-25 21:43:39.403 I/Gecko   (   83): 1398487419410	Marionette	INFO	trying remote frame 1
04-25 21:43:39.413 I/Gecko   (   83): 1398487419424	Marionette	INFO	frame-manager load script: [object ChromeMessageSender]
04-25 21:43:39.663 I/log     (  837): <4>0[ 174.492153] select 775 (Homescreen), adj 8, size 7465, to kill 
04-25 21:43:40.243 I/Gecko   (   83): 1398487420251	Marionette	INFO	sendToClient: {"from":"0","ok":true}, {3c4cca24-95a8-444c-b951-092746480b46}, {3c4cca24-95a8-444c-b951-092746480b46}
04-25 21:43:40.253 I/Gecko   (   83): 
04-25 21:43:40.253 I/Gecko   (   83): ###!!! [Parent][MessageChannel] Error: Channel error: cannot send/recv
04-25 21:43:40.253 I/Gecko   (   83): 
04-25 21:43:40.303 I/Gecko   (   83): [Parent 83] WARNING: waitpid failed pid:775 errno:10: file ../../../gecko/ipc/chromium/src/base/process_util_posix.cc, line 254
04-25 21:43:40.303 I/Gecko   (   83): 1398487420314	Marionette	INFO	sendToClient: {"from":"0","value":"app://{3d33b3bb-8f8f-4f72-9328-d3d8a46f5ec4}/index.html"}, {cb320412-fe4a-450b-9caf-2771002d9edb}, {cb320412-fe4a-450b-9caf-2771002d9edb}
04-25 21:43:40.313 I/Gecko   (   83): 1398487420321	Marionette	DEBUG	Got request: execute, data: {"to":"0","sessionId":"3-b2g","name":"executeScript","parameters":{"specialPowers":false,"scriptTimeout":null,"newSandbox":true,"args":[],"filename":"app_checker.py","script":"return window.document.readyState;","line":191}}, id: {ed9718fe-6e59-4ef3-abe5-79638bf5b3af}
04-25 21:43:40.383 I/Gecko   (   83): 1398487420386	Marionette	INFO	sendToClient: {"from":"0","value":"complete"}, {ed9718fe-6e59-4ef3-abe5-79638bf5b3af}, {ed9718fe-6e59-4ef3-abe5-79638bf5b3af}
04-25 21:43:40.393 I/Gecko   (   83): 1398487420396	Marionette	INFO	sendToClient: {"from":"0","value":"app://{3d33b3bb-8f8f-4f72-9328-d3d8a46f5ec4}/index.html"}, {be25a95f-aaa6-46a0-bbf6-35df0949f392}, {be25a95f-aaa6-46a0-bbf6-35df0949f392}
04-25 21:43:40.403 I/Gecko   (  785): Attempting load of libEGL.so
04-25 21:43:40.423 D/libEGL  (  785): loaded /system/lib/egl/libEGL_mali.so
04-25 21:43:40.453 D/libEGL  (  785): loaded /system/lib/egl/libGLESv1_CM_mali.so
04-25 21:43:40.463 D/libEGL  (  785): loaded /system/lib/egl/libGLESv2_mali.so
04-25 21:43:40.503 I/Gecko   (  785): SharedSurface_Gralloc::Create -------
04-25 21:43:40.503 I/Gecko   (  785): SharedSurface_Gralloc::Create: success -- surface 0x43b46a40, GraphicBuffer 0x43be9900.
04-25 21:43:41.303 I/Gecko   (   83): 1398487421306	Marionette	INFO	sendToClient: {"from":"0","value":"iVBORw0KGgoAAAANSUhEUgAAAUAAAAHMCAYAAACk4nEJAAAcKklEQVR4nO3de3CV5Z3AcRCsVdFcOCQ5uScnOcnJhZMruUHk4rqd6bBjtU51GNtZO+3azqBj1XXWHS0W22m7tdtRVo0U1PVWb6j1srhV64qM1oZgRG6CUMQCoohc5Br47R/4vnnOe943Ock55CX8vpn5zMCRhBffme/8nud5czJm3rx5AgAajZk3b56kpaVJenq6ZGRkSGZmpkycOFEC2Tly/rTZMuHyn8hZ194p4375oozp6h4Vxv/qJTn7ugWSNucGCcy6RPKLiqWgoADAKJefn2/Ly8uz5ebmSm5urgSDQcnJyZHs7GzJzs6WSZMmSSAQkIkTJ0pmZqZkZGRIenq6pKWl9QcwJnyBgGTUd8j425f4HrJUOfP2ZyTYNkuKi4sBjDJFRUVxCgsLbWYYrRiaIczKynINoR1AO35ZWXLuZdfI2Lvf9j1aqTb27rckc84NUlpWJqWlpQBGoZKSEpszkGYMvUJoRtAOoDX5nXv5db6H6mSb+N2bpLy8HMAoUFZWFicUCtnMKFox9AqhM4J2AAOBgGTWd8iYe/7ie6BO+iR47ztS1PkNqaioADCKhMNhmzOQZgzdQugWQTuAk4K5Mv62J32P00j5+s+XSKR2slRVVQE4RUUiEVeVlZVSWVkZE0Yrhm4h9IqgHcD0ztm+R2mkFX3zCqmpqQFwiquuro7hDKQzhmYIzWnQGUE7gBOuuN73II207O/fIpMnTwYwStTW1trMOFoxtEJoToTWNOicBHNycvoDeNb19/gepJGWdvMiqa+vB3CKqaur8xSNRiUajcZE0SuEZgTN5XBeXp4Eg8H+AI6740++B2mknfnbV6SxsRHAKaihocGVM5JWDJ0h9IqguRS2A+h3jPzS3NwM4BTV1NQUxwykGUMzhG4RDIVCMUvhvL
04-25 21:43:41.473 I/Gecko   (   83): 1398487421484	Marionette	INFO	sendToClient: {"from":"0","ok":true}, {ebb53ca5-28fe-49ba-af72-9513c3135bda}, {ebb53ca5-28fe-49ba-af72-9513c3135bda}
04-25 21:43:41.503 I/Gecko   (   83): 1398487421511	Marionette	DEBUG	Got request: switchToFrame, data: {"to":"0","sessionId":"3-b2g","name":"switchToFrame","parameters":{"id":null,"focus":true}}, id: {9c333b77-71e0-4b67-a36f-a01c92d7e13f}
04-25 21:43:41.523 I/Gecko   (   83): 1398487421532	Marionette	INFO	Switched to frame: {"frameValue":null}
04-25 21:43:41.833 I/Gecko   (   83): 1398487421839	Marionette	INFO	sendToClient: {"from":"0","ok":true}, {9c333b77-71e0-4b67-a36f-a01c92d7e13f}, {9c333b77-71e0-4b67-a36f-a01c92d7e13f}
04-25 21:43:41.843 I/Gecko   (   83): 1398487421853	Marionette	DEBUG	Got request: executeWithCallback, data: {"to":"0","sessionId":"3-b2g","name":"executeAsyncScript","parameters":{"specialPowers":false,"scriptTimeout":null,"newSandbox":true,"args":[],"filename":"gaia_test.py","script":"return GaiaApps.displayedApp();","line":66}}, id: {549b1cac-cf2c-41fe-a299-9ed9f3d2ce33}
04-25 21:43:42.063 I/Gonk    (   83): Setting nice for pid 841 to 18
04-25 21:43:42.063 I/Gonk    (   83): Changed nice for pid 841 from 0 to 18.
04-25 21:43:42.133 E/GeckoConsole(   83): Content JS LOG at dummy file:392 in GaiaApps.displayedApp: app with origin 'app://{3d33b3bb-8f8f-4f72-9328-d3d8a46f5ec4}' is displayed
04-25 21:43:42.133 I/Gecko   (   83): 1398487422141	Marionette	INFO	sendToClient: {"from":"0","value":{"frame":{"ELEMENT":"{de987336-00af-4726-82c4-cc6126a2cb96}"},"src":"app://{3d33b3bb-8f8f-4f72-9328-d3d8a46f5ec4}/index.html","name":"Beet Kit","origin":"app://{3d33b3bb-8f8f-4f72-9328-d3d8a46f5ec4}"}}, {549b1cac-cf2c-41fe-a299-9ed9f3d2ce33}, {549b1cac-cf2c-41fe-a299-9ed9f3d2ce33}
04-25 21:43:42.143 I/Gecko   (   83): 1398487422150	Marionette	DEBUG	Got request: switchToFrame, data: {"to":"0","sessionId":"3-b2g","name":"switchToFrame","parameters":{"id":null,"focus":true}}, id: {a0998e17-e985-4e42-bf6d-ee764955ec5e}
04-25 21:43:42.143 I/Gecko   (   83): 1398487422152	Marionette	INFO	Switched to frame: {"frameValue":null}
04-25 21:43:42.313 I/Gecko   (   83): [Parent 83] WARNING: waitpid failed pid:775 errno:10: file ../../../gecko/ipc/chromium/src/base/process_util_posix.cc, line 254
04-25 21:43:42.313 I/Gecko   (   83): [Parent 83] WARNING: Failed to deliver SIGKILL to 775!(3).: file ../../../gecko/ipc/chromium/src/chrome/common/process_watcher_posix_sigchld.cc, line 118
04-25 21:43:42.393 I/Gecko   (   83): 1398487422403	Marionette	INFO	sendToClient: {"from":"0","ok":true}, {a0998e17-e985-4e42-bf6d-ee764955ec5e}, {a0998e17-e985-4e42-bf6d-ee764955ec5e}
04-25 21:43:42.403 I/Gecko   (   83): 1398487422413	Marionette	DEBUG	Got request: execute, data: {"to":"0","sessionId":"3-b2g","name":"executeScript","parameters":{"specialPowers":false,"scriptTimeout":null,"newSandbox":true,"args":[],"filename":"gaia_test.py","script":"window.wrappedJSObject.dispatchEvent(new Event('home'));","line":788}}, id: {47a61d24-58fc-4330-beb5-a4350efe0d9b}
04-25 21:43:42.463 I/Gonk    (   83): Setting nice for pid 841 to 18
04-25 21:43:42.463 I/Gonk    (   83): Changed nice for pid 841 from 18 to 18.
04-25 21:43:42.463 I/Gecko   (   83): [Parent 83] WARNING: waitpid failed pid:841 errno:10: file ../../../gecko/ipc/chromium/src/base/process_util_posix.cc, line 254
04-25 21:43:42.473 I/Gonk    (   83): Setting nice for pid 841 to 1
04-25 21:43:42.473 I/Gonk    (   83): Changed nice for pid 841 from 18 to 1.
04-25 21:43:42.483 D/Sensors (   83): activate handle=0; drv=0
04-25 21:43:42.483 D/Sensors (   83): Lis3dhSensor: Control set 0
04-25 21:43:42.483 D/Sensors (   83): Lis3dhSensor: mEnabled = 0
04-25 21:43:42.523 W/WifiHW  (   83): wifi_command: SIGNAL_POLL
04-25 21:43:42.553 I/Gecko   (   83): 1398487422557	Marionette	INFO	sendToClient: {"from":"0","value":null}, {47a61d24-58fc-4330-beb5-a4350efe0d9b}, {47a61d24-58fc-4330-beb5-a4350efe0d9b}
04-25 21:43:42.783 I/Gecko   (   83): 1398487422792	Marionette	DEBUG	Got request: switchToFrame, data: {"to":"0","sessionId":"3-b2g","name":"switchToFrame","parameters":{"id":null,"focus":true}}, id: {9268065d-815d-4bec-a144-867b9ae1bfec}
04-25 21:43:42.783 I/Gecko   (   83): 1398487422794	Marionette	INFO	Switched to frame: {"frameValue":null}
04-25 21:43:42.893 I/Gecko   (   83): 1398487422897	Marionette	INFO	sendToClient: {"from":"0","ok":true}, {9268065d-815d-4bec-a144-867b9ae1bfec}, {9268065d-815d-4bec-a144-867b9ae1bfec}
04-25 21:43:42.913 I/Gecko   (   83): 1398487422915	Marionette	DEBUG	Got request: executeWithCallback, data: {"to":"0","sessionId":"3-b2g","name":"executeAsyncScript","parameters":{"specialPowers":false,"scriptTimeout":null,"newSandbox":true,"args":[],"filename":"gaia_test.py","script":"return GaiaApps.displayedApp();","line":66}}, id: {67652551-5c30-4bbd-b360-7f8de06b4f8b}
04-25 21:43:42.953 I/Gecko   (   83): 1398487422956	Marionette	INFO	sendToClient: {"from":"0","value":{"frame":{"ELEMENT":"{33c18793-2f4e-4d8f-bc7d-b53084b71e53}"},"src":"app://homescreen.gaiamobile.org/index.html#root","name":"Homescreen","origin":"app://homescreen.gaiamobile.org"}}, {67652551-5c30-4bbd-b360-7f8de06b4f8b}, {67652551-5c30-4bbd-b360-7f8de06b4f8b}
04-25 21:43:42.963 E/GeckoConsole(   83): Content JS LOG at dummy file:392 in GaiaApps.displayedApp: app with origin 'app://homescreen.gaiamobile.org' is displayed
04-25 21:43:42.973 I/Gecko   (   83): 1398487422977	Marionette	DEBUG	Got request: switchToFrame, data: {"to":"0","sessionId":"3-b2g","name":"switchToFrame","parameters":{"id":null,"focus":true}}, id: {d08ef536-2ab0-4af4-ae7b-8f1712e3d279}
04-25 21:43:42.973 I/Gecko   (   83): 1398487422980	Marionette	INFO	Switched to frame: {"frameValue":null}
04-25 21:43:43.083 I/Gecko   (   83): 1398487423087	Marionette	INFO	sendToClient: {"from":"0","ok":true}, {d08ef536-2ab0-4af4-ae7b-8f1712e3d279}, {d08ef536-2ab0-4af4-ae7b-8f1712e3d279}
04-25 21:43:43.083 I/Gecko   (   83): 1398487423094	Marionette	DEBUG	Got request: switchToFrame, data: {"to":"0","sessionId":"3-b2g","name":"switchToFrame","parameters":{"id":null,"focus":true}}, id: {be74761a-fe56-440e-b970-b4b2a65c5bcf}
04-25 21:43:43.093 I/Gecko   (   83): 1398487423096	Marionette	INFO	Switched to frame: {"frameValue":null}
04-25 21:43:43.193 I/Gecko   (   83): 1398487423198	Marionette	INFO	sendToClient: {"from":"0","ok":true}, {be74761a-fe56-440e-b970-b4b2a65c5bcf}, {be74761a-fe56-440e-b970-b4b2a65c5bcf}
04-25 21:43:43.193 I/Gecko   (   83): 1398487423205	Marionette	DEBUG	Got request: executeWithCallback, data: {"to":"0","sessionId":"3-b2g","name":"executeAsyncScript","parameters":{"specialPowers":false,"scriptTimeout":null,"newSandbox":true,"args":[],"filename":"gaia_test.py","script":"return GaiaApps.displayedApp();","line":66}}, id: {2c8e5bc6-79a0-40d1-9ed4-5ef0402e2a15}
04-25 21:43:43.243 I/Gecko   (   83): 1398487423252	Marionette	INFO	sendToClient: {"from":"0","value":{"frame":{"ELEMENT":"{33c18793-2f4e-4d8f-bc7d-b53084b71e53}"},"src":"app://homescreen.gaiamobile.org/index.html#root","name":"Homescreen","origin":"app://homescreen.gaiamobile.org"}}, {2c8e5bc6-79a0-40d1-9ed4-5ef0402e2a15}, {2c8e5bc6-79a0-40d1-9ed4-5ef0402e2a15}
04-25 21:43:43.253 E/GeckoConsole(   83): Content JS LOG at dummy file:392 in GaiaApps.displayedApp: app with origin 'app://homescreen.gaiamobile.org' is displayed
04-25 21:43:43.263 I/Gecko   (   83): 1398487423270	Marionette	DEBUG	Got request: switchToFrame, data: {"to":"0","sessionId":"3-b2g","name":"switchToFrame","parameters":{"focus":true,"element":"{33c18793-2f4e-4d8f-bc7d-b53084b71e53}"}}, id: {33f90522-c295-41ec-b8e1-dac48500c364}
04-25 21:43:43.293 I/Gecko   (   83): 1398487423296	Marionette	INFO	Switched to frame: {"frameValue":"{33c18793-2f4e-4d8f-bc7d-b53084b71e53}"}
04-25 21:43:43.293 I/Gecko   (   83): 1398487423299	Marionette	INFO	trying remote frame 0
04-25 21:43:43.293 I/Gecko   (   83): 1398487423300	Marionette	INFO	deleting frame
04-25 21:43:43.293 I/Gecko   (   83): 1398487423301	Marionette	INFO	trying remote frame 1
04-25 21:43:43.303 I/Gecko   (   83): 1398487423311	Marionette	INFO	frame-manager load script: [object ChromeMessageSender]
04-25 21:43:43.743 E/[Gralloc-ERROR](   83): int gralloc_register_buffer(const gralloc_module_t*, const native_handle_t*):79 Unable to register handle 0x44395060 coming from different process: 83
04-25 21:43:43.743 E/[Gralloc-ERROR](   83): int gralloc_register_buffer(const gralloc_module_t*, const native_handle_t*):79 Unable to register handle 0x44395150 coming from different process: 83
04-25 21:43:43.943 E/[Gralloc-ERROR](   83): int gralloc_unregister_buffer(const gralloc_module_t*, const native_handle_t*):274 Trying to unregister buffer 0x44395150 from process 83 that was not created in current process: 83
04-25 21:43:43.943 E/[Gralloc-ERROR](   83): int gralloc_unregister_buffer(const gralloc_module_t*, const native_handle_t*):274 Trying to unregister buffer 0x44395060 from process 83 that was not created in current process: 83
04-25 21:43:44.393 I/Gonk    (   83): Setting nice for pid 785 to 18
04-25 21:43:44.393 I/Gonk    (   83): Changed nice for pid 785 from 1 to 18.
04-25 21:43:44.663 I/Gecko   (  841): ###################################### forms.js loaded
04-25 21:43:44.763 I/Gecko   (  841): ############################### browserElementPanning.js loaded
04-25 21:43:44.813 I/log     (  852): <4>0[ 179.513396] select 785 (Beet Kit), adj 10, size 6444, to kill 
04-25 21:43:44.823 I/Gecko   (  841): ######################## BrowserElementChildPreload.js loaded
04-25 21:43:46.123 I/Gecko   (   83): 
04-25 21:43:46.123 I/Gecko   (   83): ###!!! [Parent][MessageChannel] Error: Channel error: cannot send/recv
04-25 21:43:46.123 I/Gecko   (   83): 
04-25 21:43:46.253 I/Gecko   (   83): [Parent 83] WARNING: waitpid failed pid:785 errno:10: file ../../../gecko/ipc/chromium/src/base/process_util_posix.cc, line 254
04-25 21:43:46.333 I/Gecko   (   83): 1398487426343	Marionette	INFO	sendToClient: {"from":"0","ok":true}, {33f90522-c295-41ec-b8e1-dac48500c364}, {33f90522-c295-41ec-b8e1-dac48500c364}
04-25 21:43:46.613 I/Gecko   (   83): 1398487426619	Marionette	INFO	sendToClient: {"from":"0","value":"app://homescreen.gaiamobile.org/index.html#root"}, {271dc716-bd15-4d3f-81e5-e2de9e6e7100}, {271dc716-bd15-4d3f-81e5-e2de9e6e7100}
04-25 21:43:46.623 I/Gecko   (   83): 1398487426625	Marionette	DEBUG	Got request: switchToFrame, data: {"to":"0","sessionId":"3-b2g","name":"switchToFrame","parameters":{"id":null,"focus":true}}, id: {f6755f8e-593e-4c9c-bd37-e286e178f562}
04-25 21:43:46.633 I/Gecko   (   83): 1398487426641	Marionette	INFO	Switched to frame: {"frameValue":null}
04-25 21:43:46.743 I/Gecko   (   83): 1398487426746	Marionette	INFO	sendToClient: {"from":"0","ok":true}, {f6755f8e-593e-4c9c-bd37-e286e178f562}, {f6755f8e-593e-4c9c-bd37-e286e178f562}
04-25 21:43:46.743 I/Gecko   (   83): 1398487426753	Marionette	DEBUG	Got request: switchToFrame, data: {"to":"0","sessionId":"3-b2g","name":"switchToFrame","parameters":{"id":null,"focus":true}}, id: {4ccca40d-1a84-476c-a86d-ed328ee9ea5a}
04-25 21:43:46.743 I/Gecko   (   83): 1398487426754	Marionette	INFO	Switched to frame: {"frameValue":null}
04-25 21:43:46.853 I/Gecko   (   83): 1398487426857	Marionette	INFO	sendToClient: {"from":"0","ok":true}, {4ccca40d-1a84-476c-a86d-ed328ee9ea5a}, {4ccca40d-1a84-476c-a86d-ed328ee9ea5a}
04-25 21:43:46.853 I/Gecko   (   83): 1398487426864	Marionette	DEBUG	Got request: executeWithCallback, data: {"to":"0","sessionId":"3-b2g","name":"executeAsyncScript","parameters":{"specialPowers":false,"scriptTimeout":null,"newSandbox":true,"args":[],"filename":"gaia_test.py","script":"GaiaApps.killAll()","line":91}}, id: {ec980c9f-9355-4c1a-a68f-ccc31da0f543}
04-25 21:43:46.923 I/Gecko   (   83): 1398487426931	Marionette	INFO	sendToClient: {"from":"0","value":true}, {ec980c9f-9355-4c1a-a68f-ccc31da0f543}, {ec980c9f-9355-4c1a-a68f-ccc31da0f543}
04-25 21:43:46.933 I/Gecko   (   83): 1398487426937	Marionette	DEBUG	Got request: switchToFrame, data: {"to":"0","sessionId":"3-b2g","name":"switchToFrame","parameters":{"id":null,"focus":true}}, id: {c4c31c63-0cdc-41e1-bcdc-1faed0b3a157}
04-25 21:43:46.933 I/Gecko   (   83): 1398487426939	Marionette	INFO	Switched to frame: {"frameValue":null}
04-25 21:43:47.043 I/Gecko   (   83): 1398487427046	Marionette	INFO	sendToClient: {"from":"0","ok":true}, {c4c31c63-0cdc-41e1-bcdc-1faed0b3a157}, {c4c31c63-0cdc-41e1-bcdc-1faed0b3a157}
04-25 21:43:47.043 I/Gecko   (   83): 1398487427053	Marionette	DEBUG	Got request: executeWithCallback, data: {"to":"0","sessionId":"3-b2g","name":"executeAsyncScript","parameters":{"specialPowers":false,"scriptTimeout":60000,"newSandbox":true,"args":[],"filename":"app_checker.py","script":"\n        GaiaApps.locateWithManifestURL('https://marketplace.firefox.com/app/400e7a2f-bbc4-42c8-9490-65837168b613/manifest.webapp',\n                                       null,\n                                       function uninstall(app) {\n                                       navigator.mozApps.mgmt.uninstall(app);\n                                       marionetteScriptFinished(true);\n                                       });\n        ","line":129}}, id: {2a7df0cd-2cc9-44d4-9e27-04db4a8a9381}
04-25 21:43:47.083 I/Gecko   (   83): -- webapps.js uninstall https://marketplace.firefox.com/app/400e7a2f-bbc4-42c8-9490-65837168b613/manifest.webapp
04-25 21:43:47.403 I/Gecko   (   83): 1398487427406	Marionette	INFO	sendToClient: {"from":"0","value":true}, {2a7df0cd-2cc9-44d4-9e27-04db4a8a9381}, {2a7df0cd-2cc9-44d4-9e27-04db4a8a9381}
04-25 21:43:47.623 W/WifiHW  (   83): wifi_command: SIGNAL_POLL