--------- beginning of /dev/log/main
04-27 08:56:13.219 I/Gecko   (   83): 1398614173230	Marionette	INFO	sendToClient: {"from":"0","ok":true}, {401602c5-107c-4ce9-ab86-4ed10a8a96ff}, {401602c5-107c-4ce9-ab86-4ed10a8a96ff}
04-27 08:56:13.269 I/Gecko   (   83): 1398614173274	Marionette	DEBUG	Got request: switchToFrame, data: {"to":"0","sessionId":"3-b2g","name":"switchToFrame","parameters":{"id":null,"focus":true}}, id: {6b774635-1b99-4cb8-a2f4-898bfbf1069a}
04-27 08:56:13.279 I/Gecko   (   83): 1398614173289	Marionette	INFO	Switched to frame: {"frameValue":null}
04-27 08:56:13.389 I/Gecko   (   83): 1398614173396	Marionette	INFO	sendToClient: {"from":"0","ok":true}, {6b774635-1b99-4cb8-a2f4-898bfbf1069a}, {6b774635-1b99-4cb8-a2f4-898bfbf1069a}
04-27 08:56:13.399 I/Gecko   (   83): 1398614173407	Marionette	DEBUG	Got request: executeWithCallback, data: {"to":"0","sessionId":"3-b2g","name":"executeAsyncScript","parameters":{"specialPowers":false,"scriptTimeout":null,"newSandbox":true,"args":[],"filename":"gaia_test.py","script":"return GaiaApps.displayedApp();","line":66}}, id: {66c6023a-f1f2-4a6e-8e40-52ca2fde8ebe}
04-27 08:56:13.479 E/GeckoConsole(   83): Content JS LOG at dummy file:392 in GaiaApps.displayedApp: app with origin 'app://homescreen.gaiamobile.org' is displayed
04-27 08:56:13.489 I/Gecko   (   83): 1398614173495	Marionette	INFO	sendToClient: {"from":"0","value":{"frame":{"ELEMENT":"{e05beb87-5092-4c1b-addc-5c120044b3d6}"},"src":"app://homescreen.gaiamobile.org/index.html#root","name":"Homescreen","origin":"app://homescreen.gaiamobile.org"}}, {66c6023a-f1f2-4a6e-8e40-52ca2fde8ebe}, {66c6023a-f1f2-4a6e-8e40-52ca2fde8ebe}
04-27 08:56:13.519 I/Gecko   (   83): 1398614173527	Marionette	DEBUG	Got request: switchToFrame, data: {"to":"0","sessionId":"3-b2g","name":"switchToFrame","parameters":{"id":null,"focus":true}}, id: {1d56ca22-dbbc-466d-bd7f-bd69fe002238}
04-27 08:56:13.529 I/Gecko   (   83): 1398614173534	Marionette	INFO	Switched to frame: {"frameValue":null}
04-27 08:56:13.629 I/Gecko   (   83): 1398614173637	Marionette	INFO	sendToClient: {"from":"0","ok":true}, {1d56ca22-dbbc-466d-bd7f-bd69fe002238}, {1d56ca22-dbbc-466d-bd7f-bd69fe002238}
04-27 08:56:13.639 I/Gecko   (   83): 1398614173643	Marionette	DEBUG	Got request: switchToFrame, data: {"to":"0","sessionId":"3-b2g","name":"switchToFrame","parameters":{"id":null,"focus":true}}, id: {2a67725c-bce2-45db-b455-ff30c71c8bf5}
04-27 08:56:13.639 I/Gecko   (   83): 1398614173645	Marionette	INFO	Switched to frame: {"frameValue":null}
04-27 08:56:13.749 I/Gecko   (   83): 1398614173755	Marionette	INFO	sendToClient: {"from":"0","ok":true}, {2a67725c-bce2-45db-b455-ff30c71c8bf5}, {2a67725c-bce2-45db-b455-ff30c71c8bf5}
04-27 08:56:13.749 I/Gecko   (   83): 1398614173762	Marionette	DEBUG	Got request: executeWithCallback, data: {"to":"0","sessionId":"3-b2g","name":"executeAsyncScript","parameters":{"specialPowers":false,"scriptTimeout":null,"newSandbox":true,"args":[],"filename":"gaia_test.py","script":"return GaiaApps.displayedApp();","line":66}}, id: {71cf9933-abcd-4078-a1fb-9e1122e4f0a4}
04-27 08:56:13.839 I/Gecko   (   83): 1398614173846	Marionette	INFO	sendToClient: {"from":"0","value":{"frame":{"ELEMENT":"{e05beb87-5092-4c1b-addc-5c120044b3d6}"},"src":"app://homescreen.gaiamobile.org/index.html#root","name":"Homescreen","origin":"app://homescreen.gaiamobile.org"}}, {71cf9933-abcd-4078-a1fb-9e1122e4f0a4}, {71cf9933-abcd-4078-a1fb-9e1122e4f0a4}
04-27 08:56:13.879 E/GeckoConsole(   83): Content JS LOG at dummy file:392 in GaiaApps.displayedApp: app with origin 'app://homescreen.gaiamobile.org' is displayed
04-27 08:56:13.889 I/Gecko   (   83): 1398614173900	Marionette	DEBUG	Got request: switchToFrame, data: {"to":"0","sessionId":"3-b2g","name":"switchToFrame","parameters":{"focus":true,"element":"{e05beb87-5092-4c1b-addc-5c120044b3d6}"}}, id: {fecae6f4-dc77-490b-ab1e-5ee01103554a}
04-27 08:56:13.899 I/Gecko   (   83): 1398614173909	Marionette	INFO	Switched to frame: {"frameValue":"{e05beb87-5092-4c1b-addc-5c120044b3d6}"}
04-27 08:56:13.959 I/Gecko   (   83): 1398614173964	Marionette	INFO	trying remote frame 0
04-27 08:56:13.959 I/Gecko   (   83): 1398614173965	Marionette	INFO	deleting frame
04-27 08:56:13.959 I/Gecko   (   83): 1398614173970	Marionette	INFO	frame-manager load script: [object ChromeMessageSender]
04-27 08:56:14.369 I/Gecko   (   83): 1398614174373	Marionette	INFO	sendToClient: {"from":"0","ok":true}, {fecae6f4-dc77-490b-ab1e-5ee01103554a}, {fecae6f4-dc77-490b-ab1e-5ee01103554a}
04-27 08:56:14.449 I/Gecko   (   83): 1398614174461	Marionette	INFO	sendToClient: {"from":"0","value":{"ELEMENT":"{9f72ed3d-fd41-422c-9ae4-6016b8f1dd79}"}}, {c82130ae-e6ad-48d6-80ea-fe1618cb40e5}, {c82130ae-e6ad-48d6-80ea-fe1618cb40e5}
04-27 08:56:14.729 E/GeckoConsole(  697): [JavaScript Warning: "Use of getAttributeNode() is deprecated. Use getAttribute() instead." {file: "chrome://marionette/content/atoms.js" line: 25}]
04-27 08:56:14.739 E/GeckoConsole(  697): [JavaScript Warning: "Use of attributes' specified attribute is deprecated. It always returns true." {file: "chrome://marionette/content/atoms.js" line: 25}]
04-27 08:56:14.739 I/Gecko   (   83): 1398614174750	Marionette	INFO	sendToClient: {"from":"0","value":"normal"}, {77aee53d-c2f4-4af4-996c-98b6ad5cf0cb}, {77aee53d-c2f4-4af4-996c-98b6ad5cf0cb}
04-27 08:56:14.749 I/Gecko   (   83): 1398614174757	Marionette	DEBUG	Got request: switchToFrame, data: {"to":"0","sessionId":"3-b2g","name":"switchToFrame","parameters":{"id":null,"focus":true}}, id: {085ddabf-c25e-4b1d-98d8-9dfb141b78d7}
04-27 08:56:14.759 I/Gecko   (   83): 1398614174766	Marionette	INFO	Switched to frame: {"frameValue":null}
04-27 08:56:14.859 I/Gecko   (   83): 1398614174871	Marionette	INFO	sendToClient: {"from":"0","ok":true}, {085ddabf-c25e-4b1d-98d8-9dfb141b78d7}, {085ddabf-c25e-4b1d-98d8-9dfb141b78d7}
04-27 08:56:14.869 I/Gecko   (   83): 1398614174878	Marionette	DEBUG	Got request: execute, data: {"to":"0","sessionId":"3-b2g","name":"executeScript","parameters":{"specialPowers":false,"scriptTimeout":null,"newSandbox":true,"args":[],"filename":"gaia_test.py","script":"window.wrappedJSObject.dispatchEvent(new Event('home'));","line":788}}, id: {59cb3e57-5f3e-442f-9f49-13aa9bbdbe21}
04-27 08:56:14.969 I/Gecko   (   83): 1398614174975	Marionette	INFO	sendToClient: {"from":"0","value":null}, {59cb3e57-5f3e-442f-9f49-13aa9bbdbe21}, {59cb3e57-5f3e-442f-9f49-13aa9bbdbe21}
04-27 08:56:15.239 I/Gecko   (   83): 1398614175247	Marionette	DEBUG	Got request: switchToFrame, data: {"to":"0","sessionId":"3-b2g","name":"switchToFrame","parameters":{"id":null,"focus":true}}, id: {cf68e5d1-54f3-43ab-bcc5-f0b84a716176}
04-27 08:56:15.239 I/Gecko   (   83): 1398614175250	Marionette	INFO	Switched to frame: {"frameValue":null}
04-27 08:56:15.349 I/Gecko   (   83): 1398614175353	Marionette	INFO	sendToClient: {"from":"0","ok":true}, {cf68e5d1-54f3-43ab-bcc5-f0b84a716176}, {cf68e5d1-54f3-43ab-bcc5-f0b84a716176}
04-27 08:56:15.379 I/Gecko   (   83): 1398614175389	Marionette	DEBUG	Got request: switchToFrame, data: {"to":"0","sessionId":"3-b2g","name":"switchToFrame","parameters":{"id":null,"focus":true}}, id: {4cb146fd-1f64-4c84-869f-072475bbaacb}
04-27 08:56:15.379 I/Gecko   (   83): 1398614175392	Marionette	INFO	Switched to frame: {"frameValue":null}
04-27 08:56:15.489 I/Gecko   (   83): 1398614175498	Marionette	INFO	sendToClient: {"from":"0","ok":true}, {4cb146fd-1f64-4c84-869f-072475bbaacb}, {4cb146fd-1f64-4c84-869f-072475bbaacb}
04-27 08:56:15.499 I/Gecko   (   83): 1398614175505	Marionette	DEBUG	Got request: executeWithCallback, data: {"to":"0","sessionId":"3-b2g","name":"executeAsyncScript","parameters":{"specialPowers":false,"scriptTimeout":null,"newSandbox":true,"args":[],"filename":"gaia_test.py","script":"return GaiaApps.displayedApp();","line":66}}, id: {1978ced1-d09b-457b-8efe-90d07e705767}
04-27 08:56:15.589 I/Gecko   (   83): 1398614175594	Marionette	INFO	sendToClient: {"from":"0","value":{"frame":{"ELEMENT":"{e05beb87-5092-4c1b-addc-5c120044b3d6}"},"src":"app://homescreen.gaiamobile.org/index.html#rootSun%20Apr%2027%202014%2008:56:14%20GMT-0700%20(UTC)","name":"Homescreen","origin":"app://homescreen.gaiamobile.org"}}, {1978ced1-d09b-457b-8efe-90d07e705767}, {1978ced1-d09b-457b-8efe-90d07e705767}
04-27 08:56:15.589 E/GeckoConsole(   83): Content JS LOG at dummy file:392 in GaiaApps.displayedApp: app with origin 'app://homescreen.gaiamobile.org' is displayed
04-27 08:56:15.599 I/Gecko   (   83): 1398614175608	Marionette	DEBUG	Got request: switchToFrame, data: {"to":"0","sessionId":"3-b2g","name":"switchToFrame","parameters":{"focus":true,"element":"{e05beb87-5092-4c1b-addc-5c120044b3d6}"}}, id: {431521a5-830b-4cdb-9a5b-a986ee5cd081}
04-27 08:56:15.609 I/Gecko   (   83): 1398614175622	Marionette	INFO	Switched to frame: {"frameValue":"{e05beb87-5092-4c1b-addc-5c120044b3d6}"}
04-27 08:56:15.619 I/Gecko   (   83): 1398614175624	Marionette	INFO	trying remote frame 0
04-27 08:56:15.779 I/Gecko   (   83): 1398614175792	Marionette	INFO	sendToClient: {"from":"0","ok":true}, {431521a5-830b-4cdb-9a5b-a986ee5cd081}, {431521a5-830b-4cdb-9a5b-a986ee5cd081}
04-27 08:56:15.789 I/Gecko   (   83): 1398614175799	Marionette	DEBUG	Got request: execute, data: {"to":"0","sessionId":"3-b2g","name":"executeScript","parameters":{"specialPowers":false,"scriptTimeout":null,"newSandbox":true,"args":[],"filename":"gaia_test.py","script":"return window.wrappedJSObject.GridManager.pageHelper.getCurrentPageNumber();","line":784}}, id: {e1cad30c-0ab6-4ed2-9095-f44f1edea679}
04-27 08:56:16.039 I/Gecko   (   83): 1398614176051	Marionette	INFO	sendToClient: {"from":"0","value":0}, {e1cad30c-0ab6-4ed2-9095-f44f1edea679}, {e1cad30c-0ab6-4ed2-9095-f44f1edea679}
04-27 08:56:16.469 W/WifiHW  (   83): wifi_command: SIGNAL_POLL
04-27 08:56:17.489 I/Gecko   (   83): 1398614177502	Marionette	INFO	sendToClient: {"from":"0","value":["{1df0b35b-7e45-46a3-9c09-27eeb1edf105}","{056f906f-38c3-4827-a9e9-612e8f4df9f1}","{b50790db-c46c-441c-bfc7-774f7d33536f}","{dd306cb1-eec5-4fc5-bd63-ffeebb1d0496}","{b3ab2c0d-2415-43e3-8ba9-6c30729e664e}","{5e3e2f3c-3c23-4ca1-aa9b-390aba17d7a5}","{828280af-ed36-4158-a3fb-6e38ef159919}","{c628468c-0515-4eda-8b51-85b696433343}","{0d177290-9e4b-46dd-8f67-0499d73c1473}","{7a3a4ff9-2bd9-4dfa-823d-97795eeef24a}","{3f26818f-6e87-4a82-b6f8-bc9bf3b18a2f}","{1f244b1e-89b6-45d3-a945-1eb2f4a417d5}","{d3486920-57d3-40d4-b455-4000bdaa4a3b}","{f6bb13fc-2d49-4724-93df-e0268c3f96ee}","{c2168b34-091c-45f6-afb9-32f4fbb8769e}","{f6f84f6e-6b1c-46d5-ad29-8031bc92206b}","{226769db-1b51-415d-86e9-24aaf2cba5a2}","{3354b100-381b-4fd7-b3af-141a94956e2d}","{2a271ddd-1643-4541-b6f3-41d783b55795}","{8fb9f9b2-d450-4cd6-a767-6c16895a1809}","{5485704f-a858-4d1c-a164-b33c9e5f232e}","{6b71c7cf-d382-44ce-8418-2dad61142e67}","{ebf8500a-7d5d-4d21-9693-7796538357e3}","{6396e462-01f5
04-27 08:56:17.629 E/GeckoConsole(  697): Content JS WARN at app://homescreen.gaiamobile.org/gaia_build_defer_index.js:184 in isHiddenApp: Unexpected role when checking hidden app: undefined
04-27 08:56:17.639 E/GeckoConsole(  697): Content JS WARN at app://homescreen.gaiamobile.org/gaia_build_defer_index.js:184 in isHiddenApp: Unexpected role when checking hidden app: undefined
04-27 08:56:17.639 E/GeckoConsole(  697): Content JS WARN at app://homescreen.gaiamobile.org/gaia_build_defer_index.js:184 in isHiddenApp: Unexpected role when checking hidden app: undefined
04-27 08:56:17.639 E/GeckoConsole(  697): Content JS WARN at app://homescreen.gaiamobile.org/gaia_build_defer_index.js:184 in isHiddenApp: Unexpected role when checking hidden app: undefined
04-27 08:56:17.639 E/GeckoConsole(  697): Content JS WARN at app://homescreen.gaiamobile.org/gaia_build_defer_index.js:184 in isHiddenApp: Unexpected role when checking hidden app: undefined
04-27 08:56:17.639 E/GeckoConsole(  697): Content JS WARN at app://homescreen.gaiamobile.org/gaia_build_defer_index.js:184 in isHiddenApp: Unexpected role when checking hidden app: undefined
04-27 08:56:17.639 E/GeckoConsole(  697): Content JS WARN at app://homescreen.gaiamobile.org/gaia_build_defer_index.js:184 in isHiddenApp: Unexpected role when checking hidden app: undefined
04-27 08:56:17.639 E/GeckoConsole(  697): Content JS WARN at app://homescreen.gaiamobile.org/gaia_build_defer_index.js:184 in isHiddenApp: Unexpected role when checking hidden app: undefined
04-27 08:56:17.639 E/GeckoConsole(  697): Content JS WARN at app://homescreen.gaiamobile.org/gaia_build_defer_index.js:184 in isHiddenApp: Unexpected role when checking hidden app: undefined
04-27 08:56:17.639 E/GeckoConsole(  697): Content JS WARN at app://homescreen.gaiamobile.org/gaia_build_defer_index.js:184 in isHiddenApp: Unexpected role when checking hidden app: undefined
04-27 08:56:17.649 E/GeckoConsole(  697): Content JS WARN at app://homescreen.gaiamobile.org/gaia_build_defer_index.js:184 in isHiddenApp: Unexpected role when checking hidden app: undefined
04-27 08:56:17.649 E/GeckoConsole(  697): Content JS WARN at app://homescreen.gaiamobile.org/gaia_build_defer_index.js:184 in isHiddenApp: Unexpected role when checking hidden app: undefined
04-27 08:56:17.649 E/GeckoConsole(  697): Content JS WARN at app://homescreen.gaiamobile.org/gaia_build_defer_index.js:184 in isHiddenApp: Unexpected role when checking hidden app: undefined
04-27 08:56:17.649 E/GeckoConsole(  697): Content JS WARN at app://homescreen.gaiamobile.org/gaia_build_defer_index.js:184 in isHiddenApp: Unexpected role when checking hidden app: undefined
04-27 08:56:17.649 E/GeckoConsole(  697): Content JS WARN at app://homescreen.gaiamobile.org/gaia_build_defer_index.js:184 in isHiddenApp: Unexpected role when checking hidden app: undefined
04-27 08:56:17.649 E/GeckoConsole(  697): Content JS WARN at app://homescreen.gaiamobile.org/gaia_build_defer_index.js:184 in isHiddenApp: Unexpected role when checking hidden app: undefined
04-27 08:56:17.649 E/GeckoConsole(  697): Content JS WARN at app://homescreen.gaiamobile.org/gaia_build_defer_index.js:184 in isHiddenApp: Unexpected role when checking hidden app: undefined
04-27 08:56:17.649 E/GeckoConsole(  697): Content JS WARN at app://homescreen.gaiamobile.org/gaia_build_defer_index.js:184 in isHiddenApp: Unexpected role when checking hidden app: undefined
04-27 08:56:17.649 E/GeckoConsole(  697): Content JS WARN at app://homescreen.gaiamobile.org/gaia_build_defer_index.js:184 in isHiddenApp: Unexpected role when checking hidden app: undefined
04-27 08:56:17.649 E/GeckoConsole(  697): Content JS WARN at app://homescreen.gaiamobile.org/gaia_build_defer_index.js:184 in isHiddenApp: Unexpected role when checking hidden app: undefined
04-27 08:56:17.659 E/GeckoConsole(  697): Content JS WARN at app://homescreen.gaiamobile.org/gaia_build_defer_index.js:184 in isHiddenApp: Unexpected role when checking hidden app: undefined
04-27 08:56:17.659 E/GeckoConsole(  697): Content JS WARN at app://homescreen.gaiamobile.org/gaia_build_defer_index.js:184 in isHiddenApp: Unexpected role when checking hidden app: undefined
04-27 08:56:17.659 E/GeckoConsole(  697): Content JS WARN at app://homescreen.gaiamobile.org/gaia_build_defer_index.js:184 in isHiddenApp: Unexpected role when checking hidden app: undefined
04-27 08:56:17.659 E/GeckoConsole(  697): Content JS WARN at app://homescreen.gaiamobile.org/gaia_build_defer_index.js:184 in isHiddenApp: Unexpected role when checking hidden app: undefined
04-27 08:56:17.659 E/GeckoConsole(  697): Content JS WARN at app://homescreen.gaiamobile.org/gaia_build_defer_index.js:184 in isHiddenApp: Unexpected role when checking hidden app: undefined
04-27 08:56:17.659 E/GeckoConsole(  697): Content JS WARN at app://homescreen.gaiamobile.org/gaia_build_defer_index.js:184 in isHiddenApp: Unexpected role when checking hidden app: undefined
04-27 08:56:17.659 E/GeckoConsole(  697): Content JS WARN at app://homescreen.gaiamobile.org/gaia_build_defer_index.js:184 in isHiddenApp: Unexpected role when checking hidden app: undefined
04-27 08:56:17.659 E/GeckoConsole(  697): Content JS WARN at app://homescreen.gaiamobile.org/gaia_build_defer_index.js:184 in isHiddenApp: Unexpected role when checking hidden app: undefined
04-27 08:56:17.659 E/GeckoConsole(  697): Content JS WARN at app://homescreen.gaiamobile.org/gaia_build_defer_index.js:184 in isHiddenApp: Unexpected role when checking hidden app: undefined
04-27 08:56:17.659 E/GeckoConsole(  697): Content JS WARN at app://homescreen.gaiamobile.org/gaia_build_defer_index.js:184 in isHiddenApp: Unexpected role when checking hidden app: undefined
04-27 08:56:17.659 E/GeckoConsole(  697): Content JS WARN at app://homescreen.gaiamobile.org/gaia_build_defer_index.js:184 in isHiddenApp: Unexpected role when checking hidden app: undefined
04-27 08:56:17.659 E/GeckoConsole(  697): Content JS WARN at app://homescreen.gaiamobile.org/gaia_build_defer_index.js:184 in isHiddenApp: Unexpected role when checking hidden app: undefined
04-27 08:56:17.669 E/GeckoConsole(  697): Content JS WARN at app://homescreen.gaiamobile.org/gaia_build_defer_index.js:184 in isHiddenApp: Unexpected role when checking hidden app: undefined
04-27 08:56:17.669 E/GeckoConsole(  697): Content JS WARN at app://homescreen.gaiamobile.org/gaia_build_defer_index.js:184 in isHiddenApp: Unexpected role when checking hidden app: undefined
04-27 08:56:17.829 I/Gecko   (   83): 1398614177836	Marionette	INFO	sendToClient: {"from":"0","value":"app://homescreen.gaiamobile.org/index.html#rootSun%20Apr%2027%202014%2008:56:14%20GMT-0700%20(UTC)"}, {5cbdf6f0-958a-482f-b7a9-12b5d503688a}, {5cbdf6f0-958a-482f-b7a9-12b5d503688a}
04-27 08:56:17.859 I/Gecko   (   83): 1398614177872	Marionette	DEBUG	Got request: switchToFrame, data: {"to":"0","sessionId":"3-b2g","name":"switchToFrame","parameters":{"id":null,"focus":true}}, id: {fa818dc3-9ee2-419e-8f88-a14210c6ee05}
04-27 08:56:17.889 I/Gecko   (   83): 1398614177901	Marionette	INFO	Switched to frame: {"frameValue":null}
04-27 08:56:17.999 I/Gecko   (   83): 1398614178004	Marionette	INFO	sendToClient: {"from":"0","ok":true}, {fa818dc3-9ee2-419e-8f88-a14210c6ee05}, {fa818dc3-9ee2-419e-8f88-a14210c6ee05}
04-27 08:56:17.999 I/Gecko   (   83): 1398614178010	Marionette	DEBUG	Got request: switchToFrame, data: {"to":"0","sessionId":"3-b2g","name":"switchToFrame","parameters":{"id":null,"focus":true}}, id: {51497d06-3306-4aa8-b530-dfcb7fe90a83}
04-27 08:56:17.999 I/Gecko   (   83): 1398614178012	Marionette	INFO	Switched to frame: {"frameValue":null}
04-27 08:56:18.129 I/Gecko   (   83): 1398614178134	Marionette	INFO	sendToClient: {"from":"0","ok":true}, {51497d06-3306-4aa8-b530-dfcb7fe90a83}, {51497d06-3306-4aa8-b530-dfcb7fe90a83}
04-27 08:56:18.129 I/Gecko   (   83): 1398614178141	Marionette	DEBUG	Got request: executeWithCallback, data: {"to":"0","sessionId":"3-b2g","name":"executeAsyncScript","parameters":{"specialPowers":false,"scriptTimeout":30000,"newSandbox":true,"args":[],"filename":"app_checker.py","script":"GaiaApps.launchWithManifestURL('https://marketplace.firefox.com/app/e51bcc1d-0947-4924-b3d1-898eee07c5a1/manifest.webapp')","line":106}}, id: {5c998f1a-eb91-44a6-a17c-0f54124c654c}
04-27 08:56:18.559 I/Gonk    (   83): Setting nice for pid 705 to 18
04-27 08:56:18.559 I/Gonk    (   83): Changed nice for pid 705 from 18 to 18.
04-27 08:56:18.559 I/Gecko   (   83): [Parent 83] WARNING: waitpid failed pid:705 errno:10: file ../../../gecko/ipc/chromium/src/base/process_util_posix.cc, line 254
04-27 08:56:18.569 V/AudioPolicyManagerBase(   88): getDeviceForStrategy() from cache strategy 0, device 2
04-27 08:56:18.579 I/Gonk    (   83): Setting nice for pid 705 to 1
04-27 08:56:18.579 I/Gonk    (   83): Changed nice for pid 705 from 18 to 1.
04-27 08:56:18.599 V/AudioPolicyManagerBase(   88): getOutput() stream 1, samplingRate 0, format 0, channels 3, flags 0
04-27 08:56:18.689 E/GeckoConsole(   83): Content JS LOG at dummy file:334 in GaiaApps.launch: launching app with name 'BibleZ'
04-27 08:56:18.739 V/AudioPolicyManagerBase(   88): startOutput() output 1, stream 1, session 2
04-27 08:56:18.739 V/AudioPolicyManagerBase(   88): startReadingThread
04-27 08:56:18.739 V/AudioPolicyManagerBase(   88): changeRefCount() stream 1, count 1
04-27 08:56:18.739 V/AudioPolicyManagerBase(   88): getDeviceForStrategy() from cache strategy 0, device 2
04-27 08:56:18.739 V/AudioPolicyManagerBase(   88): getNewDevice() selected device 2
04-27 08:56:18.739 D/AudioPolicyManagerBase(   88): setOutputDevice() output 1 device 2 delayMs 0
04-27 08:56:18.739 V/AudioPolicyManagerBase(   88): setOutputDevice() setting same device 2 or null device for output 1
04-27 08:56:18.739 E/AudioPolicyManagerBase(   88): checkAndSetVolume stream=1, index=0, output=1, device=2
04-27 08:56:18.739 E/AudioPolicyManagerBase(   88): computeVolume, streamDesc=0x1319bb8
04-27 08:56:18.769 V/AudioPolicyManagerBase(   88): ThreadWrapper 0x1319b40
04-27 08:56:18.769 V/AudioPolicyManagerBase(   88): threadFunc in
04-27 08:56:18.819 W/AudioFlinger(   88): Thread AudioOut_1 cannot connect to the power manager service
04-27 08:56:18.819 V/AudioPolicyManagerBase(   88): stopOutput() output 1, stream 1, session 2
04-27 08:56:18.819 V/AudioPolicyManagerBase(   88): stopReadingThread
04-27 08:56:18.869 V/AudioPolicyManagerBase(   88): threadFunc exit
04-27 08:56:18.869 V/AudioPolicyManagerBase(   88): changeRefCount() stream 1, count 0
04-27 08:56:18.869 V/AudioPolicyManagerBase(   88): getNewDevice() selected device 0
04-27 08:56:18.869 D/AudioPolicyManagerBase(   88): setOutputDevice() output 1 device 0 delayMs 290
04-27 08:56:18.869 V/AudioPolicyManagerBase(   88): setOutputDevice() setting same device 0 or null device for output 1
04-27 08:56:18.869 V/AudioPolicyManagerBase(   88): releaseOutput() 1
04-27 08:56:18.889 I/Gonk    (   83): Setting nice for pid 767 to 18
04-27 08:56:18.889 I/Gonk    (   83): Changed nice for pid 767 from 0 to 18.
04-27 08:56:18.989 E/[Gralloc-ERROR](   83): int gralloc_register_buffer(const gralloc_module_t*, const native_handle_t*):79 Unable to register handle 0x46af1150 coming from different process: 83
04-27 08:56:18.999 E/[Gralloc-ERROR](   83): int gralloc_register_buffer(const gralloc_module_t*, const native_handle_t*):79 Unable to register handle 0x46af1240 coming from different process: 83
04-27 08:56:19.009 E/[Gralloc-ERROR](   83): int gralloc_register_buffer(const gralloc_module_t*, const native_handle_t*):79 Unable to register handle 0x46af12e0 coming from different process: 83
04-27 08:56:19.009 E/[Gralloc-ERROR](   83): int gralloc_register_buffer(const gralloc_module_t*, const native_handle_t*):79 Unable to register handle 0x46af1380 coming from different process: 83
04-27 08:56:19.049 D/Sensors (   83): activate handle=0; drv=0
04-27 08:56:19.059 D/Sensors (   83): Lis3dhSensor: Control set 1
04-27 08:56:19.059 D/Sensors (   83): Lis3dhSensor: mEnabled = 1
04-27 08:56:19.159 I/Gonk    (   83): Setting nice for pid 697 to 18
04-27 08:56:19.159 I/Gonk    (   83): Changed nice for pid 697 from 1 to 18.
04-27 08:56:20.099 I/Gecko   (  705): ###################################### forms.js loaded
04-27 08:56:20.119 I/Gecko   (  705): ############################### browserElementPanning.js loaded
04-27 08:56:20.139 I/Gecko   (  705): ######################## BrowserElementChildPreload.js loaded
04-27 08:56:21.109 I/log     (  782): <4>0[ 134.821809] select 697 (Homescreen), adj 8, size 7570, to kill 
04-27 08:56:21.279 I/Gecko   (   83): 
04-27 08:56:21.279 I/Gecko   (   83): ###!!! [Parent][MessageChannel] Error: Channel error: cannot send/recv
04-27 08:56:21.279 I/Gecko   (   83): 
04-27 08:56:21.389 I/GeckoDump(   83): Crash reporter : Can't fetch app.reportCrashes. Exception: [Exception... "Component returned failure code: 0x8000ffff (NS_ERROR_UNEXPECTED) [nsIPrefBranch.getBoolPref]"  nsresult: "0x8000ffff (NS_ERROR_UNEXPECTED)"  location: "JS frame :: chrome://browser/content/shell.js :: shell_reportCrash :: line 7"  data: no]
04-27 08:56:21.399 I/Gecko   (   83): [Parent 83] WARNING: waitpid failed pid:697 errno:10: file ../../../gecko/ipc/chromium/src/base/process_util_posix.cc, line 254
04-27 08:56:21.449 E/GeckoConsole(   83): [JavaScript Warning: "Content Security Policy: Failed to parse unrecognized source app://"]
04-27 08:56:21.459 E/GeckoConsole(   83): [JavaScript Warning: "Content Security Policy: Failed to parse unrecognized source app://"]
04-27 08:56:21.459 E/GeckoConsole(   83): [JavaScript Error: "Content Security Policy: Can't use 'self' if self data is not provided"]
04-27 08:56:21.459 E/GeckoConsole(   83): [JavaScript Warning: "Content Security Policy: Failed to parse unrecognized source unsafe-inline"]
04-27 08:56:21.489 W/WifiHW  (   83): wifi_command: SIGNAL_POLL
04-27 08:56:21.589 E/GeckoConsole(  705): [JavaScript Warning: "Unknown property 'user-select'.  Declaration dropped." {file: "app://{422996e1-41da-49fd-9c16-e11f5aec539c}/build/enyo.css" line: 55 column: 12 source: "	user-select: none;"}]
04-27 08:56:21.609 E/GeckoConsole(  705): [JavaScript Warning: "Unknown pseudo-class or pseudo-element 'selection'.  Ruleset ignored due to bad selector." {file: "app://{422996e1-41da-49fd-9c16-e11f5aec539c}/build/enyo.css" line: 58 column: 20 source: ".enyo-unselectable::selection, .enyo-unselectable ::selection {"}]
04-27 08:56:21.609 E/GeckoConsole(  705): [JavaScript Warning: "Unknown property 'user-select'.  Declaration dropped." {file: "app://{422996e1-41da-49fd-9c16-e11f5aec539c}/build/enyo.css" line: 67 column: 12 source: "	user-select: text;"}]
04-27 08:56:21.609 E/GeckoConsole(  705): [JavaScript Warning: "Unknown pseudo-class or pseudo-element 'selection'.  Ruleset ignored due to bad selector." {file: "app://{422996e1-41da-49fd-9c16-e11f5aec539c}/build/enyo.css" line: 70 column: 18 source: ".enyo-selectable::selection, .enyo-selectable ::selection {"}]
04-27 08:56:21.609 E/GeckoConsole(  705): [JavaScript Warning: "Unknown property 'box-sizing'.  Declaration dropped." {file: "app://{422996e1-41da-49fd-9c16-e11f5aec539c}/build/enyo.css" line: 92 column: 11 source: "	box-sizing: border-box;"}]
04-27 08:56:21.609 E/GeckoConsole(  705): [JavaScript Warning: "Unknown pseudo-class or pseudo-element '-webkit-full-screen'.  Ruleset ignored due to bad selector." {file: "app://{422996e1-41da-49fd-9c16-e11f5aec539c}/build/enyo.css" line: 106 column: 1 source: ":-webkit-full-screen {"}]
04-27 08:56:21.609 E/GeckoConsole(  705): [JavaScript Warning: "Unknown pseudo-class or pseudo-element '-ms-full-screen'.  Ruleset ignored due to bad selector." {file: "app://{422996e1-41da-49fd-9c16-e11f5aec539c}/build/enyo.css" line: 114 column: 1 source: ":-ms-full-screen {"}]
04-27 08:56:21.619 E/GeckoConsole(  705): [JavaScript Warning: "Unknown pseudo-class or pseudo-element '-o-full-screen'.  Ruleset ignored due to bad selector." {file: "app://{422996e1-41da-49fd-9c16-e11f5aec539c}/build/enyo.css" line: 118 column: 1 source: ":-o-full-screen {"}]
04-27 08:56:21.619 E/GeckoConsole(  705): [JavaScript Warning: "Unknown pseudo-class or pseudo-element 'full-screen'.  Ruleset ignored due to bad selector." {file: "app://{422996e1-41da-49fd-9c16-e11f5aec539c}/build/enyo.css" line: 122 column: 1 source: ":full-screen {"}]
04-27 08:56:21.619 E/GeckoConsole(  705): [JavaScript Warning: "Unknown property 'box-sizing'.  Declaration dropped." {file: "app://{422996e1-41da-49fd-9c16-e11f5aec539c}/build/enyo.css" line: 135 column: 11 source: "	box-sizing: border-box !important;"}]
04-27 08:56:21.619 E/GeckoConsole(  705): [JavaScript Warning: "Unknown property 'box-sizing'.  Declaration dropped." {file: "app://{422996e1-41da-49fd-9c16-e11f5aec539c}/build/enyo.css" line: 144 column: 11 source: "	box-sizing: border-box;"}]
04-27 08:56:21.619 E/GeckoConsole(  705): [JavaScript Warning: "Unknown property 'box-sizing'.  Declaration dropped." {file: "app://{422996e1-41da-49fd-9c16-e11f5aec539c}/build/enyo.css" line: 245 column: 12 source: "  box-sizing: border-box;"}]
04-27 08:56:21.619 E/GeckoConsole(  705): [JavaScript Warning: "Expected 'none' or URL but found 'alpha('.  Error in parsing value for 'filter'.  Declaration dropped." {file: "app://{422996e1-41da-49fd-9c16-e11f5aec539c}/build/enyo.css" line: 262 column: 10 source: "  filter: alpha(opacity=0);"}]
04-27 08:56:21.619 E/GeckoConsole(  705): [JavaScript Warning: "Expected 'none' or URL but found 'alpha('.  Error in parsing value for 'filter'.  Declaration dropped." {file: "app://{422996e1-41da-49fd-9c16-e11f5aec539c}/build/enyo.css" line: 274 column: 10 source: "  filter: alpha(opacity=100);"}]
04-27 08:56:21.619 E/GeckoConsole(  705): [JavaScript Warning: "Unknown property 'box-sizing'.  Declaration dropped." {file: "app://{422996e1-41da-49fd-9c16-e11f5aec539c}/build/enyo.css" line: 296 column: 12 source: "  box-sizing: border-box;"}]
04-27 08:56:21.619 E/GeckoConsole(  705): [JavaScript Warning: "Unknown property 'box-sizing'.  Declaration dropped." {file: "app://{422996e1-41da-49fd-9c16-e11f5aec539c}/build/app.css" line: 70 column: 11 source: "	box-sizing: border-box;"}]
04-27 08:56:21.619 E/GeckoConsole(  705): [JavaScript Warning: "Unknown property 'box-sizing'.  Declaration dropped." {file: "app://{422996e1-41da-49fd-9c16-e11f5aec539c}/build/app.css" line: 111 column: 11 source: "	box-sizing: border-box;"}]
04-27 08:56:21.619 E/GeckoConsole(  705): [JavaScript Warning: "Expected 'none' or URL but found 'alpha('.  Error in parsing value for 'filter'.  Declaration dropped." {file: "app://{422996e1-41da-49fd-9c16-e11f5aec539c}/build/app.css" line: 325 column: 9 source: "	filter: alpha(opacity=40);"}]
04-27 08:56:21.629 E/GeckoConsole(  705): [JavaScript Warning: "Unknown property 'box-sizing'.  Declaration dropped." {file: "app://{422996e1-41da-49fd-9c16-e11f5aec539c}/build/app.css" line: 370 column: 11 source: "	box-sizing: border-box;"}]
04-27 08:56:21.629 E/GeckoConsole(  705): [JavaScript Warning: "Expected 'none' or URL but found 'alpha('.  Error in parsing value for 'filter'.  Declaration dropped." {file: "app://{422996e1-41da-49fd-9c16-e11f5aec539c}/build/app.css" line: 503 column: 10 source: "  filter: alpha(opacity=40);"}]
04-27 08:56:21.629 E/GeckoConsole(  705): [JavaScript Warning: "Expected 'none' or URL but found 'alpha('.  Error in parsing value for 'filter'.  Declaration dropped." {file: "app://{422996e1-41da-49fd-9c16-e11f5aec539c}/build/app.css" line: 559 column: 10 source: "  filter: alpha(opacity=40);"}]
04-27 08:56:21.629 E/GeckoConsole(  705): [JavaScript Warning: "Expected 'none' or URL but found 'alpha('.  Error in parsing value for 'filter'.  Declaration dropped." {file: "app://{422996e1-41da-49fd-9c16-e11f5aec539c}/build/app.css" line: 687 column: 10 source: "  filter: alpha(opacity=40);"}]
04-27 08:56:21.629 E/GeckoConsole(  705): [JavaScript Warning: "Unknown property 'user-select'.  Declaration dropped." {file: "app://{422996e1-41da-49fd-9c16-e11f5aec539c}/build/app.css" line: 754 column: 13 source: "  user-select: none;"}]
04-27 08:56:21.629 E/GeckoConsole(  705): [JavaScript Warning: "Expected 'none' or URL but found 'alpha('.  Error in parsing value for 'filter'.  Declaration dropped." {file: "app://{422996e1-41da-49fd-9c16-e11f5aec539c}/build/app.css" line: 756 column: 10 source: "  filter: alpha(opacity=40);"}]
04-27 08:56:21.629 E/GeckoConsole(  705): [JavaScript Warning: "Unknown property 'box-sizing'.  Declaration dropped." {file: "app://{422996e1-41da-49fd-9c16-e11f5aec539c}/build/app.css" line: 781 column: 12 source: "  box-sizing: border-box;"}]
04-27 08:56:21.629 E/GeckoConsole(  705): [JavaScript Warning: "Expected 'none' or URL but found 'alpha('.  Error in parsing value for 'filter'.  Declaration dropped." {file: "app://{422996e1-41da-49fd-9c16-e11f5aec539c}/build/app.css" line: 927 column: 10 source: "  filter: alpha(opacity=65);"}]
04-27 08:56:21.639 E/GeckoConsole(  705): [JavaScript Warning: "Error in parsing value for 'background'.  Declaration dropped." {file: "app://{422996e1-41da-49fd-9c16-e11f5aec539c}/build/app.css" line: 1009 column: 14 source: "  background: -webkit-linear-gradient(left, rgba(177, 177, 177, 0), #b1b1b1);"}]
04-27 08:56:21.639 E/GeckoConsole(  705): [JavaScript Warning: "Error in parsing value for 'background'.  Declaration dropped." {file: "app://{422996e1-41da-49fd-9c16-e11f5aec539c}/build/app.css" line: 1012 column: 14 source: "  background: -webkit-gradient(linear, right top, left top, color-stop(0%, #b1b1b1), color-stop(100%, rgba(177, 177, 177, 0)));"}]
04-27 08:56:21.639 E/GeckoConsole(  705): [JavaScript Warning: "Error in parsing value for 'background'.  Declaration dropped." {file: "app://{422996e1-41da-49fd-9c16-e11f5aec539c}/build/app.css" line: 1015 column: 14 source: "  background: -o-linear-gradient(left, #b1b1b1 0%, rgba(177, 177, 177, 0) 100%);"}]
04-27 08:56:21.639 E/GeckoConsole(  705): [JavaScript Warning: "Error in parsing value for 'background'.  Declaration dropped." {file: "app://{422996e1-41da-49fd-9c16-e11f5aec539c}/build/app.css" line: 1018 column: 14 source: "  background: -ms-linear-gradient(left, rgba(177, 177, 177, 0) 0%, #b1b1b1 100%);"}]
04-27 08:56:21.639 E/GeckoConsole(  705): [JavaScript Warning: "Expected 'none' or URL but found 'progid'.  Error in parsing value for 'filter'.  Declaration dropped." {file: "app://{422996e1-41da-49fd-9c16-e11f5aec539c}/build/app.css" line: 1021 column: 10 source: "  filter: progid:DXImageTransform.Microsoft.gradient(startColorstr=#00b1b1b1, endColorstr=#ffb1b1b1, GradientType=1);"}]
04-27 08:56:21.639 E/GeckoConsole(  705): [JavaScript Warning: "Error in parsing value for 'background'.  Declaration dropped." {file: "app://{422996e1-41da-49fd-9c16-e11f5aec539c}/build/app.css" line: 1032 column: 14 source: "  background: -webkit-linear-gradient(left, rgba(202, 202, 202, 0), #cacaca);"}]
04-27 08:56:21.639 E/GeckoConsole(  705): [JavaScript Warning: "Error in parsing value for 'background'.  Declaration dropped." {file: "app://{422996e1-41da-49fd-9c16-e11f5aec539c}/build/app.css" line: 1035 column: 14 source: "  background: -webkit-gradient(linear, right top, left top, color-stop(0%, #cacaca), color-stop(100%, rgba(202, 202, 202, 0)));"}]
04-27 08:56:21.639 E/GeckoConsole(  705): [JavaScript Warning: "Error in parsing value for 'background'.  Declaration dropped." {file: "app://{422996e1-41da-49fd-9c16-e11f5aec539c}/build/app.css" line: 1038 column: 14 source: "  background: -o-linear-gradient(left, #cacaca 0%, rgba(202, 202, 202, 0) 100%);"}]
04-27 08:56:21.639 E/GeckoConsole(  705): [JavaScript Warning: "Error in parsing value for 'background'.  Declaration dropped." {file: "app://{422996e1-41da-49fd-9c16-e11f5aec539c}/build/app.css" line: 1041 column: 14 source: "  background: -ms-linear-gradient(left, rgba(202, 202, 202, 0) 0%, #cacaca 100%);"}]
04-27 08:56:21.639 E/GeckoConsole(  705): [JavaScript Warning: "Expected 'none' or URL but found 'progid'.  Error in parsing value for 'filter'.  Declaration dropped." {file: "app://{422996e1-41da-49fd-9c16-e11f5aec539c}/build/app.css" line: 1044 column: 10 source: "  filter: progid:DXImageTransform.Microsoft.gradient(startColorstr=#00cacaca, endColorstr=#ffcacaca, GradientType=1);"}]
04-27 08:56:21.639 E/GeckoConsole(  705): [JavaScript Warning: "Error in parsing value for 'background'.  Declaration dropped." {file: "app://{422996e1-41da-49fd-9c16-e11f5aec539c}/build/app.css" line: 1055 column: 14 source: "  background: -webkit-linear-gradient(left, rgba(202, 202, 202, 0), #cacaca);"}]
04-27 08:56:21.639 E/GeckoConsole(  705): [JavaScript Warning: "Error in parsing value for 'background'.  Declaration dropped." {file: "app://{422996e1-41da-49fd-9c16-e11f5aec539c}/build/app.css" line: 1058 column: 14 source: "  background: -webkit-gradient(linear, right top, left top, color-stop(0%, #cacaca), color-stop(100%, rgba(202, 202, 202, 0)));"}]
04-27 08:56:21.639 E/GeckoConsole(  705): [JavaScript Warning: "Error in parsing value for 'background'.  Declaration dropped." {file: "app://{422996e1-41da-49fd-9c16-e11f5aec539c}/build/app.css" line: 1061 column: 14 source: "  background: -o-linear-gradient(left, #cacaca 0%, rgba(202, 202, 202, 0) 100%);"}]
04-27 08:56:21.639 E/GeckoConsole(  705): [JavaScript Warning: "Error in parsing value for 'background'.  Declaration dropped." {file: "app://{422996e1-41da-49fd-9c16-e11f5aec539c}/build/app.css" line: 1064 column: 14 source: "  background: -ms-linear-gradient(left, rgba(202, 202, 202, 0) 0%, #cacaca 100%);"}]
04-27 08:56:21.639 E/GeckoConsole(  705): [JavaScript Warning: "Expected 'none' or URL but found 'progid'.  Error in parsing value for 'filter'.  Declaration dropped." {file: "app://{422996e1-41da-49fd-9c16-e11f5aec539c}/build/app.css" line: 1067 column: 10 source: "  filter: progid:DXImageTransform.Microsoft.gradient(startColorstr=#00cacaca, endColorstr=#ffcacaca, GradientType=1);"}]
04-27 08:56:21.639 E/GeckoConsole(  705): [JavaScript Warning: "Expected 'none' or URL but found 'alpha('.  Error in parsing value for 'filter'.  Declaration dropped." {file: "app://{422996e1-41da-49fd-9c16-e11f5aec539c}/build/app.css" line: 1127 column: 10 source: "  filter: alpha(opacity=40);"}]
04-27 08:56:21.639 E/GeckoConsole(  705): [JavaScript Warning: "Unknown property 'box-sizing'.  Declaration dropped." {file: "app://{422996e1-41da-49fd-9c16-e11f5aec539c}/build/app.css" line: 1167 column: 12 source: "  box-sizing: border-box;"}]
04-27 08:56:21.639 E/GeckoConsole(  705): [JavaScript Warning: "Unknown pseudo-class or pseudo-element '-webkit-input-placeholder'.  Ruleset ignored due to bad selector." {file: "app://{422996e1-41da-49fd-9c16-e11f5aec539c}/build/app.css" line: 1202 column: 55 source: ".onyx-toolbar .onyx-input-decorator .onyx-input:focus::-webkit-input-placeholder {"}]
04-27 08:56:21.639 E/GeckoConsole(  705): [JavaScript Warning: "Error in parsing value for 'background-image'.  Declaration dropped." {file: "app://{422996e1-41da-49fd-9c16-e11f5aec539c}/build/app.css" line: 1282 column: 20 source: "  background-image: -webkit-gradient(linear, 0 100%, 100% 0, color-stop(0.25, rgba(255, 255, 255, 0.15)), color-stop(0.25, transparent), color-stop(0.5, transparent), color-stop(0.5, rgba(255, 255, 255, 0.15)), color-stop(0.75, rgba(255, 255, 255, 0.15)), color-stop(0.75, transparent), to(transparent));"}]
04-27 08:56:21.639 E/GeckoConsole(  705): [JavaScript Warning: "Error in parsing value for 'background-image'.  Declaration dropped." {file: "app://{422996e1-41da-49fd-9c16-e11f5aec539c}/build/app.css" line: 1283 column: 20 source: "  background-image: -webkit-linear-gradient(-45deg, rgba(255, 255, 255, 0.15) 25%, transparent 25%, transparent 50%, rgba(255, 255, 255, 0.15) 50%, rgba(255, 255, 255, 0.15) 75%, transparent 75%, transparent);"}]
04-27 08:56:21.639 E/GeckoConsole(  705): [JavaScript Warning: "Error in parsing value for 'background-image'.  Declaration dropped." {file: "app://{422996e1-41da-49fd-9c16-e11f5aec539c}/build/app.css" line: 1285 column: 20 source: "  background-image: -ms-linear-gradient(-45deg, rgba(255, 255, 255, 0.15) 25%, transparent 25%, transparent 50%, rgba(255, 255, 255, 0.15) 50%, rgba(255, 255, 255, 0.15) 75%, transparent 75%, transparent);"}]
04-27 08:56:21.639 E/GeckoConsole(  705): [JavaScript Warning: "Error in parsing value for 'background-image'.  Declaration dropped." {file: "app://{422996e1-41da-49fd-9c16-e11f5aec539c}/build/app.css" line: 1286 column: 20 source: "  background-image: -o-linear-gradient(-45deg, rgba(255, 255, 255, 0.15) 25%, transparent 25%, transparent 50%, rgba(255, 255, 255, 0.15) 50%, rgba(255, 255, 255, 0.15) 75%, transparent 75%, transparent);"}]
04-27 08:56:21.649 E/GeckoConsole(  705): [JavaScript Warning: "Unknown property 'box-sizing'.  Declaration dropped." {file: "app://{422996e1-41da-49fd-9c16-e11f5aec539c}/build/app.css" line: 1411 column: 12 source: "  box-sizing: border-box;"}]
04-27 08:56:23.419 I/Gecko   (   83): [Parent 83] WARNING: waitpid failed pid:697 errno:10: file ../../../gecko/ipc/chromium/src/base/process_util_posix.cc, line 254
04-27 08:56:23.419 I/Gecko   (   83): [Parent 83] WARNING: Failed to deliver SIGKILL to 697!(3).: file ../../../gecko/ipc/chromium/src/chrome/common/process_watcher_posix_sigchld.cc, line 118
04-27 08:56:26.509 W/WifiHW  (   83): wifi_command: SIGNAL_POLL
04-27 08:56:27.079 E/GeckoConsole(  705): [JavaScript Warning: "Error in parsing value for 'width'.  Declaration dropped." {file: "app://{422996e1-41da-49fd-9c16-e11f5aec539c}/index.html" line: 0 column: 7 source: "width: -11px;"}]
04-27 08:56:27.239 E/GeckoConsole(  705): [JavaScript Warning: "Error in parsing value for 'width'.  Declaration dropped." {file: "app://{422996e1-41da-49fd-9c16-e11f5aec539c}/index.html" line: 0 column: 7 source: "width: -8px;"}]
04-27 08:56:27.619 I/Gonk    (   83): Setting nice for pid 767 to 18
04-27 08:56:27.659 I/Gonk    (   83): Changed nice for pid 767 from 18 to 18.
04-27 08:56:27.659 I/Gecko   (   83): [Parent 83] WARNING: waitpid failed pid:767 errno:10: file ../../../gecko/ipc/chromium/src/base/process_util_posix.cc, line 254
04-27 08:56:27.689 I/Gonk    (   83): Setting nice for pid 767 to 1
04-27 08:56:27.689 I/Gonk    (   83): Changed nice for pid 767 from 18 to 1.
04-27 08:56:27.689 I/Gonk    (   83): Setting nice for pid 767 to 18
04-27 08:56:27.689 I/Gonk    (   83): Changed nice for pid 767 from 1 to 18.
04-27 08:56:28.089 E/GeckoConsole(   83): Content JS LOG at dummy file:326 in GaiaApps.launch/appOpen/<: app with origin 'app://{422996e1-41da-49fd-9c16-e11f5aec539c}' has launched
04-27 08:56:28.089 I/Gecko   (   83): 1398614188099	Marionette	INFO	sendToClient: {"from":"0","value":{"frame":{"ELEMENT":"{40141514-38fc-4bcc-b598-5d91d2cea418}"},"src":"app://{422996e1-41da-49fd-9c16-e11f5aec539c}/index.html","name":"BibleZ","origin":"app://{422996e1-41da-49fd-9c16-e11f5aec539c}"}}, {5c998f1a-eb91-44a6-a17c-0f54124c654c}, {5c998f1a-eb91-44a6-a17c-0f54124c654c}
04-27 08:56:28.769 E/[Gralloc-ERROR](   83): int gralloc_unregister_buffer(const gralloc_module_t*, const native_handle_t*):274 Trying to unregister buffer 0x46af1150 from process 83 that was not created in current process: 83
04-27 08:56:28.769 E/[Gralloc-ERROR](   83): int gralloc_unregister_buffer(const gralloc_module_t*, const native_handle_t*):274 Trying to unregister buffer 0x46af1240 from process 83 that was not created in current process: 83
04-27 08:56:28.769 E/[Gralloc-ERROR](   83): int gralloc_unregister_buffer(const gralloc_module_t*, const native_handle_t*):274 Trying to unregister buffer 0x46af1380 from process 83 that was not created in current process: 83
04-27 08:56:28.769 E/[Gralloc-ERROR](   83): int gralloc_unregister_buffer(const gralloc_module_t*, const native_handle_t*):274 Trying to unregister buffer 0x46af12e0 from process 83 that was not created in current process: 83
04-27 08:56:28.909 I/Gecko   (   83): 1398614188914	Marionette	DEBUG	Got request: switchToFrame, data: {"to":"0","sessionId":"3-b2g","name":"switchToFrame","parameters":{"focus":true,"element":"{40141514-38fc-4bcc-b598-5d91d2cea418}"}}, id: {2c04fb75-fe77-40ab-9f63-b1ba4d7a4773}
04-27 08:56:28.919 I/Gecko   (   83): 1398614188930	Marionette	INFO	Switched to frame: {"frameValue":"{40141514-38fc-4bcc-b598-5d91d2cea418}"}
04-27 08:56:28.939 I/Gecko   (   83): 1398614188948	Marionette	INFO	trying remote frame 0
04-27 08:56:28.939 I/Gecko   (   83): 1398614188949	Marionette	INFO	deleting frame
04-27 08:56:28.959 I/Gecko   (   83): 1398614188965	Marionette	INFO	frame-manager load script: [object ChromeMessageSender]
04-27 08:56:29.519 I/Gecko   (   83): 1398614189524	Marionette	INFO	sendToClient: {"from":"0","ok":true}, {2c04fb75-fe77-40ab-9f63-b1ba4d7a4773}, {2c04fb75-fe77-40ab-9f63-b1ba4d7a4773}
04-27 08:56:29.589 I/Gecko   (   83): 1398614189602	Marionette	INFO	sendToClient: {"from":"0","value":"app://{422996e1-41da-49fd-9c16-e11f5aec539c}/index.html"}, {49fd1090-4a75-44d6-b6cf-8f353e7f0a53}, {49fd1090-4a75-44d6-b6cf-8f353e7f0a53}
04-27 08:56:29.599 I/Gecko   (   83): 1398614189609	Marionette	DEBUG	Got request: execute, data: {"to":"0","sessionId":"3-b2g","name":"executeScript","parameters":{"specialPowers":false,"scriptTimeout":null,"newSandbox":true,"args":[],"filename":"app_checker.py","script":"return window.document.readyState;","line":191}}, id: {347421d3-727d-4d6b-a6be-9fcd359ef301}
04-27 08:56:29.659 I/Gecko   (   83): 1398614189670	Marionette	INFO	sendToClient: {"from":"0","value":"complete"}, {347421d3-727d-4d6b-a6be-9fcd359ef301}, {347421d3-727d-4d6b-a6be-9fcd359ef301}
04-27 08:56:30.009 I/Gecko   (   83): 1398614190018	Marionette	INFO	sendToClient: {"from":"0","value":"app://{422996e1-41da-49fd-9c16-e11f5aec539c}/index.html"}, {b5c34b43-81dd-4b33-988c-b8c7cb799e69}, {b5c34b43-81dd-4b33-988c-b8c7cb799e69}
04-27 08:56:30.479 I/Gecko   (  705): Attempting load of libEGL.so
04-27 08:56:30.549 D/libEGL  (  705): loaded /system/lib/egl/libEGL_mali.so
04-27 08:56:30.579 D/libEGL  (  705): loaded /system/lib/egl/libGLESv1_CM_mali.so
04-27 08:56:30.589 D/libEGL  (  705): loaded /system/lib/egl/libGLESv2_mali.so
04-27 08:56:30.679 I/Gecko   (  705): SharedSurface_Gralloc::Create -------
04-27 08:56:30.729 I/Gecko   (  705): SharedSurface_Gralloc::Create: success -- surface 0x42dd0040, GraphicBuffer 0x4301fe80.
04-27 08:56:31.319 I/log     (  793): <4>0[ 145.049145] select 767 ((Preallocated a), adj 8, size 3186, to kill 
04-27 08:56:31.449 I/Gecko   (   83): 
04-27 08:56:31.449 I/Gecko   (   83): ###!!! [Parent][MessageChannel] Error: Channel error: cannot send/recv
04-27 08:56:31.449 I/Gecko   (   83): 
04-27 08:56:31.729 I/GeckoDump(   83): Crash reporter : Can't fetch app.reportCrashes. Exception: [Exception... "Component returned failure code: 0x8000ffff (NS_ERROR_UNEXPECTED) [nsIPrefBranch.getBoolPref]"  nsresult: "0x8000ffff (NS_ERROR_UNEXPECTED)"  location: "JS frame :: chrome://browser/content/shell.js :: shell_reportCrash :: line 7"  data: no]
04-27 08:56:31.749 I/Gecko   (   83): [Parent 83] WARNING: waitpid failed pid:767 errno:10: file ../../../gecko/ipc/chromium/src/base/process_util_posix.cc, line 254
04-27 08:56:31.789 W/WifiHW  (   83): wifi_command: SIGNAL_POLL
04-27 08:56:32.309 I/Gecko   (   83): 1398614192271	Marionette	INFO	sendToClient: {"from":"0","value":"iVBORw0KGgoAAAANSUhEUgAAAUAAAAHMCAYAAACk4nEJAAAgAElEQVR4nOS9Z3RV1Rr3y8d33HHvHeMOz3nPwd49x+6xgQ0r6rFBSAihl1BCSAIJNfTeizQBQbFgOR672DAqR40FDSoajkYTMMAObGBThNDkfz+ssp/5zOeZa+2Avu8Y74c59t5rr7X22mvN+Zv/p8w5m6U2VCKxoQIpWjZW+q/++430vVcaayqRqvFfN/rv67zXVF0lGuuq/G3p18a6KjTWV6OxPnjvf05U+9ur0/sE2xKk0M/JWvm7YHuyFo3J4LXWPI7uk6hGY6IWCLaH37PPpCBFzpHS98uo0GtzbeMlVWteQ0rfDr7NdU7xfyfcv5USthvnTcjf+dcGch6kEsZnbZ/gPEglwmeDcBs/PmH8Nt0P0n8wfjeRvof0XpDrokV8PsK9C/6ncQ2O5wHpXBkWBPdcre/VkfURdL84JWj3vL2H26sYF8hnUlI+T1I1hEOES6nwM+VYJVLrK5BYtxqp9WnOJdatRjO6kwHCjQyIG33ABT/iwy8s7CLFP6MW4UYwsCFpfnbCkRcCujgACiujA0DgFfAkgRC8AYogUT5r1+C4NrDfsSCnAU5szBlcEzu3BSGhiKDg18a3CVClQJP+K+j++xPGMwG7Hmk7ha0LshYs+TVonyOeY9S+aYAp250db9CmqNgg21ztsF54X89KnQDDOgGGNYIIc5WAZesrQhgm1legWfhFDduRKUL+I41E8dGLsVRf+AeqBSBW2++lm6L2KHx7rbeNP6S4lSEAZFyYsQZkNQiloTvPHwcYAmSizmspHFdDERqr9Nti43aB0wKMACMOEbqv67eSROHxz9a5E9b51edjQY8cG+M+8/O5r9/xbLX9YhbxmEQgLpTj6HfUqjKsKQVygkAxRIxVFMFUxwFYGQJQYk/AsMT61QbDEj74UhsqkP
04-27 08:56:32.579 I/Gecko   (   83): 1398614192586	Marionette	INFO	sendToClient: {"from":"0","ok":true}, {7062534f-b282-4993-b01c-5b2d5f225188}, {7062534f-b282-4993-b01c-5b2d5f225188}
04-27 08:56:32.589 I/Gecko   (   83): 1398614192594	Marionette	DEBUG	Got request: switchToFrame, data: {"to":"0","sessionId":"3-b2g","name":"switchToFrame","parameters":{"id":null,"focus":true}}, id: {9a6401cf-fcf2-4808-999c-3eaae20a01d0}
04-27 08:56:32.619 I/Gecko   (   83): 1398614192629	Marionette	INFO	Switched to frame: {"frameValue":null}
04-27 08:56:32.739 I/Gecko   (   83): 1398614192747	Marionette	INFO	sendToClient: {"from":"0","ok":true}, {9a6401cf-fcf2-4808-999c-3eaae20a01d0}, {9a6401cf-fcf2-4808-999c-3eaae20a01d0}
04-27 08:56:32.749 I/Gecko   (   83): 1398614192761	Marionette	DEBUG	Got request: executeWithCallback, data: {"to":"0","sessionId":"3-b2g","name":"executeAsyncScript","parameters":{"specialPowers":false,"scriptTimeout":null,"newSandbox":true,"args":[],"filename":"gaia_test.py","script":"return GaiaApps.displayedApp();","line":66}}, id: {86e8b0c4-f903-4139-8ef0-78919b991b5b}
04-27 08:56:33.649 I/Gonk    (   83): Setting nice for pid 796 to 18
04-27 08:56:33.649 I/Gonk    (   83): Changed nice for pid 796 from 0 to 18.
04-27 08:56:33.689 I/Gecko   (   83): 1398614193702	Marionette	INFO	sendToClient: {"from":"0","value":{"frame":{"ELEMENT":"{40141514-38fc-4bcc-b598-5d91d2cea418}"},"src":"app://{422996e1-41da-49fd-9c16-e11f5aec539c}/index.html","name":"BibleZ","origin":"app://{422996e1-41da-49fd-9c16-e11f5aec539c}"}}, {86e8b0c4-f903-4139-8ef0-78919b991b5b}, {86e8b0c4-f903-4139-8ef0-78919b991b5b}
04-27 08:56:33.749 E/GeckoConsole(   83): Content JS LOG at dummy file:392 in GaiaApps.displayedApp: app with origin 'app://{422996e1-41da-49fd-9c16-e11f5aec539c}' is displayed
04-27 08:56:33.749 I/Gecko   (   83): [Parent 83] WARNING: waitpid failed pid:767 errno:10: file ../../../gecko/ipc/chromium/src/base/process_util_posix.cc, line 254
04-27 08:56:33.749 I/Gecko   (   83): [Parent 83] WARNING: Failed to deliver SIGKILL to 767!(3).: file ../../../gecko/ipc/chromium/src/chrome/common/process_watcher_posix_sigchld.cc, line 118
04-27 08:56:33.749 I/Gecko   (   83): 1398614193760	Marionette	DEBUG	Got request: switchToFrame, data: {"to":"0","sessionId":"3-b2g","name":"switchToFrame","parameters":{"id":null,"focus":true}}, id: {4cf0849c-af9f-42df-8268-de7de63d17f1}
04-27 08:56:33.759 I/Gecko   (   83): 1398614193763	Marionette	INFO	Switched to frame: {"frameValue":null}
04-27 08:56:33.899 I/Gecko   (   83): 1398614193910	Marionette	INFO	sendToClient: {"from":"0","ok":true}, {4cf0849c-af9f-42df-8268-de7de63d17f1}, {4cf0849c-af9f-42df-8268-de7de63d17f1}
