04-25 07:12:42.670 I/Gecko   (   83): 1398435162687	Marionette	INFO	sendToClient: {"from":"0","value":"<div><img src=\"blob:95cb8a58-c2de-495e-a666-13a61d0dd4fd\" style=\"visibility: visible;\" role=\"presentation\" height=\"64\" width=\"64\"><span class=\"labelWrapper\"><span>Clock</span></span></div>"}, {ce43fbc5-cdc0-420f-bfe5-4c6eaf54113f}, {ce43fbc5-cdc0-420f-bfe5-4c6eaf54113f}
04-25 07:12:42.680 I/Gecko   (   83): 1398435162699	Marionette	INFO	sendToClient: {"from":"0","value":"<div><img src=\"blob:4c3f613c-651f-4775-9ab8-babbd21aba29\" style=\"visibility: visible;\" role=\"presentation\" height=\"64\" width=\"64\"><span class=\"labelWrapper\"><span>Usage</span></span></div>"}, {1635789c-ffa3-41d8-a71b-21e8e182a122}, {1635789c-ffa3-41d8-a71b-21e8e182a122}
04-25 07:12:42.690 I/Gecko   (   83): 1398435162709	Marionette	INFO	sendToClient: {"from":"0","value":"<div><img src=\"blob:36af1366-f2ba-4c8f-a621-f961be3645cd\" style=\"visibility: visible;\" role=\"presentation\" height=\"64\" width=\"64\"><span class=\"labelWrapper\"><span>E-Mail</span></span></div>"}, {4d1de082-fe3e-49fa-8b46-a0ea4df937c3}, {4d1de082-fe3e-49fa-8b46-a0ea4df937c3}
04-25 07:12:42.710 I/Gecko   (   83): 1398435162721	Marionette	INFO	sendToClient: {"from":"0","value":"<div><img src=\"blob:ed38746e-7368-42af-932b-f4d09cac027d\" style=\"visibility: visible;\" role=\"presentation\" height=\"64\" width=\"64\"><span class=\"labelWrapper\"><span>Music</span></span></div>"}, {dd3f4bc2-1edc-4d99-b3e2-7aac8e99bbbc}, {dd3f4bc2-1edc-4d99-b3e2-7aac8e99bbbc}
04-25 07:12:42.730 I/Gecko   (   83): 1398435162747	Marionette	INFO	sendToClient: {"from":"0","value":"<div><img src=\"blob:ff72a392-c3d5-4d37-85d5-ead09dd236a2\" style=\"visibility: visible;\" role=\"presentation\" height=\"64\" width=\"64\"><span class=\"labelWrapper\"><span>Video</span></span></div>"}, {42823aac-d665-4eb0-804f-5eda5b195cde}, {42823aac-d665-4eb0-804f-5eda5b195cde}
04-25 07:12:42.750 I/Gecko   (   83): 1398435162761	Marionette	INFO	sendToClient: {"from":"0","value":"<div><img src=\"blob:b6e0f920-5aba-473b-a724-12fd36b80846\" style=\"visibility: visible;\" role=\"presentation\" height=\"64\" width=\"64\"><span class=\"labelWrapper\"><span>BlockedCar</span></span></div><span data-is-icon=\"true\" class=\"options\"></span>"}, {2f1dc2f4-2763-426c-9fb3-273008260b00}, {2f1dc2f4-2763-426c-9fb3-273008260b00}
04-25 07:12:42.760 I/Gecko   (   83): 1398435162774	Marionette	INFO	sendToClient: {"from":"0","value":"<div><img src=\"blob:0dcbbc6d-e713-4e70-ba8e-2f5ff0fa4ad8\" style=\"visibility: visible;\" role=\"presentation\" height=\"64\" width=\"64\"><span class=\"labelWrapper\"><span>Phone</span></span></div>"}, {b621c83e-b868-4658-bf1d-5fdc12b2cc6d}, {b621c83e-b868-4658-bf1d-5fdc12b2cc6d}
04-25 07:12:42.780 I/Gecko   (   83): 1398435162798	Marionette	INFO	sendToClient: {"from":"0","value":"<div><img src=\"blob:9cfd223b-8ced-4550-abc9-a1a6aa4e9642\" style=\"visibility: visible;\" role=\"presentation\" height=\"64\" width=\"64\"><span class=\"labelWrapper\"><span>Messages</span></span></div>"}, {7b312a4f-5c1d-4f5e-95eb-e969b93a679b}, {7b312a4f-5c1d-4f5e-95eb-e969b93a679b}
04-25 07:12:42.790 I/Gecko   (   83): 1398435162809	Marionette	INFO	sendToClient: {"from":"0","value":"<div><img src=\"blob:79ae911b-327e-47d4-9849-1c8a5d79a660\" style=\"visibility: visible;\" role=\"presentation\" height=\"64\" width=\"64\"><span class=\"labelWrapper\"><span>Contacts</span></span></div>"}, {53c069f8-ffd7-4ca3-9e7e-dabb8f7f2b42}, {53c069f8-ffd7-4ca3-9e7e-dabb8f7f2b42}
04-25 07:12:42.810 I/Gecko   (   83): 1398435162821	Marionette	INFO	sendToClient: {"from":"0","value":"<div><img src=\"blob:da6de08f-aa34-4c1c-95c3-9ca301824470\" style=\"visibility: visible;\" role=\"presentation\" height=\"64\" width=\"64\"><span class=\"labelWrapper\"><span>Browser</span></span></div>"}, {2c9de42b-e221-4d96-8ccf-558972dc0c21}, {2c9de42b-e221-4d96-8ccf-558972dc0c21}
04-25 07:12:42.820 I/Gecko   (   83): 1398435162835	Marionette	INFO	sendToClient: {"from":"0","value":"app://homescreen.gaiamobile.org/index.html#root"}, {2d06b873-4eff-48d0-b68a-6b59117bc01c}, {2d06b873-4eff-48d0-b68a-6b59117bc01c}
04-25 07:12:42.830 I/Gecko   (   83): 1398435162841	Marionette	DEBUG	Got request: switchToFrame, data: {"to":"0","sessionId":"3-b2g","name":"switchToFrame","parameters":{"id":null,"focus":true}}, id: {c43e50e0-584c-48b9-aaeb-0fdaa0520c9a}
04-25 07:12:42.850 I/Gecko   (   83): 1398435162863	Marionette	INFO	Switched to frame: {"frameValue":null}
04-25 07:12:42.980 I/Gecko   (   83): 1398435162999	Marionette	INFO	sendToClient: {"from":"0","ok":true}, {c43e50e0-584c-48b9-aaeb-0fdaa0520c9a}, {c43e50e0-584c-48b9-aaeb-0fdaa0520c9a}
04-25 07:12:42.990 I/Gecko   (   83): 1398435163007	Marionette	DEBUG	Got request: switchToFrame, data: {"to":"0","sessionId":"3-b2g","name":"switchToFrame","parameters":{"id":null,"focus":true}}, id: {32093ab2-fc4b-4a87-8f96-ca96370d210c}
04-25 07:12:42.990 I/Gecko   (   83): 1398435163009	Marionette	INFO	Switched to frame: {"frameValue":null}
04-25 07:12:43.100 I/Gecko   (   83): 1398435163112	Marionette	INFO	sendToClient: {"from":"0","ok":true}, {32093ab2-fc4b-4a87-8f96-ca96370d210c}, {32093ab2-fc4b-4a87-8f96-ca96370d210c}
04-25 07:12:43.100 I/Gecko   (   83): 1398435163120	Marionette	DEBUG	Got request: executeWithCallback, data: {"to":"0","sessionId":"3-b2g","name":"executeAsyncScript","parameters":{"specialPowers":false,"scriptTimeout":30000,"newSandbox":true,"args":[],"filename":"app_checker.py","script":"GaiaApps.launchWithManifestURL('http://blockedcar.dseffects.com/BlockedCar.webapp')","line":106}}, id: {a8916493-f901-4882-97cb-45bdd8720b62}
04-25 07:12:43.360 E/GeckoConsole(   83): Content JS LOG at dummy file:334 in GaiaApps.launch: launching app with name 'BlockedCar'
04-25 07:12:43.550 I/Gonk    (   83): Setting nice for pid 5162 to 18
04-25 07:12:43.550 I/Gonk    (   83): Changed nice for pid 5162 from 18 to 18.
04-25 07:12:43.550 I/Gecko   (   83): [Parent 83] WARNING: waitpid failed pid:5162 errno:10: file ../../../gecko/ipc/chromium/src/base/process_util_posix.cc, line 254
04-25 07:12:43.620 I/Gonk    (   83): Setting nice for pid 5162 to 1
04-25 07:12:43.620 I/Gonk    (   83): Changed nice for pid 5162 from 18 to 1.
04-25 07:12:43.900 E/[Gralloc-ERROR](   83): int gralloc_register_buffer(const gralloc_module_t*, const native_handle_t*):79 Unable to register handle 0x45f728d0 coming from different process: 83
04-25 07:12:43.910 E/[Gralloc-ERROR](   83): int gralloc_register_buffer(const gralloc_module_t*, const native_handle_t*):79 Unable to register handle 0x45f72970 coming from different process: 83
04-25 07:12:43.990 I/GonkMemoryPressure( 5080): Checking to see if memory pressure is over.
04-25 07:12:43.990 I/GonkMemoryPressure( 5080): Memory pressure is over.
04-25 07:12:43.990 I/GonkMemoryPressure(   83): Checking to see if memory pressure is over.
04-25 07:12:43.990 I/GonkMemoryPressure(   83): Memory pressure is over.
04-25 07:12:44.040 I/GonkMemoryPressure( 5109): Checking to see if memory pressure is over.
04-25 07:12:44.110 I/GonkMemoryPressure( 5162): Checking to see if memory pressure is over.
04-25 07:12:44.110 I/GonkMemoryPressure( 5162): Memory pressure is over.
04-25 07:12:44.150 I/GonkMemoryPressure( 5109): Memory pressure is over.
04-25 07:12:44.190 E/[Gralloc-ERROR](   83): int gralloc_register_buffer(const gralloc_module_t*, const native_handle_t*):79 Unable to register handle 0x45f72b50 coming from different process: 83
04-25 07:12:44.190 E/[Gralloc-ERROR](   83): int gralloc_register_buffer(const gralloc_module_t*, const native_handle_t*):79 Unable to register handle 0x45f72c90 coming from different process: 83
04-25 07:12:44.530 D/Sensors (   83): activate handle=0; drv=0
04-25 07:12:44.530 D/Sensors (   83): Lis3dhSensor: Control set 1
04-25 07:12:44.540 D/Sensors (   83): Lis3dhSensor: mEnabled = 1
04-25 07:12:44.610 I/Gonk    (   83): Setting nice for pid 5080 to 18
04-25 07:12:44.610 I/Gonk    (   83): Changed nice for pid 5080 from 1 to 18.
04-25 07:12:45.780 I/Gecko   (   83): 
04-25 07:12:45.780 I/Gecko   (   83): ###!!! [Parent][MessageChannel] Error: Channel error: cannot send/recv
04-25 07:12:45.780 I/Gecko   (   83): 
04-25 07:12:45.900 I/Gecko   (   83): [Parent 83] WARNING: waitpid failed pid:5080 errno:10: file ../../../gecko/ipc/chromium/src/base/process_util_posix.cc, line 254
04-25 07:12:46.290 I/Gecko   ( 5162): ###################################### forms.js loaded
04-25 07:12:46.320 I/Gecko   ( 5162): ############################### browserElementPanning.js loaded
04-25 07:12:46.340 I/Gecko   ( 5162): ######################## BrowserElementChildPreload.js loaded
04-25 07:12:47.080 W/WifiHW  (   83): wifi_command: SIGNAL_POLL
04-25 07:12:47.900 I/Gecko   (   83): [Parent 83] WARNING: waitpid failed pid:5080 errno:10: file ../../../gecko/ipc/chromium/src/base/process_util_posix.cc, line 254
04-25 07:12:47.900 I/Gecko   (   83): [Parent 83] WARNING: Failed to deliver SIGKILL to 5080!(3).: file ../../../gecko/ipc/chromium/src/chrome/common/process_watcher_posix_sigchld.cc, line 118
04-25 07:12:49.550 E/GeckoConsole( 5162): [JavaScript Warning: "An unbalanced tree was written using document.write() causing data from the network to be reparsed. For more information https://developer.mozilla.org/en/Optimizing_Your_Pages_for_Speculative_Parsing" {file: "http://blockedcar.dseffects.com/BlockedCar.php?pid=6900" line: 68}]
04-25 07:12:50.870 E/GeckoConsole( 5162): [JavaScript Warning: "Unknown property '-moz-border-radius'.  Declaration dropped." {file: "http://blockedcar.dseffects.com/BlockedCar.php?pid=6900" line: 0 column: 18 source: "-moz-border-radius:16px;-webkit-border-radius:16px;"}]
04-25 07:12:51.380 E/GeckoConsole( 5162): [JavaScript Warning: "Unknown property '-moz-opacity'.  Declaration dropped." {file: "http://blockedcar.dseffects.com/BlockedCar.php?pid=6900" line: 0 column: 89 source: "position:absolute;top:448px;left:67px;visibility:visible;z-Index:2;opacity:1;-moz-opacity:1;filter:alpha(opacity=100);background-color:#000000;border:1px solid #000;width:250px;height:16px;font-size:12px;color:#ffffff;text-align:center;-moz-border-radius:8;-webkit-border-radius:8px;"}]
04-25 07:12:51.380 E/GeckoConsole( 5162): [JavaScript Warning: "Expected 'none' or URL but found 'alpha('.  Error in parsing value for 'filter'.  Declaration dropped." {file: "http://blockedcar.dseffects.com/BlockedCar.php?pid=6900" line: 0 column: 99 source: "position:absolute;top:448px;left:67px;visibility:visible;z-Index:2;opacity:1;-moz-opacity:1;filter:alpha(opacity=100);background-color:#000000;border:1px solid #000;width:250px;height:16px;font-size:12px;color:#ffffff;text-align:center;-moz-border-radius:8;-webkit-border-radius:8px;"}]
04-25 07:12:51.380 E/GeckoConsole( 5162): [JavaScript Warning: "Unknown property '-moz-border-radius'.  Declaration dropped." {file: "http://blockedcar.dseffects.com/BlockedCar.php?pid=6900" line: 0 column: 254 source: "position:absolute;top:448px;left:67px;visibility:visible;z-Index:2;opacity:1;-moz-opacity:1;filter:alpha(opacity=100);background-color:#000000;border:1px solid #000;width:250px;height:16px;font-size:12px;color:#ffffff;text-align:center;-moz-border-radius:8;-webkit-border-radius:8px;"}]
04-25 07:12:51.380 E/GeckoConsole( 5162): [JavaScript Warning: "Unknown property '-moz-opacity'.  Declaration dropped." {file: "http://blockedcar.dseffects.com/BlockedCar.php?pid=6900" line: 0 column: 89 source: "position:absolute;top:448px;left:67px;visibility:visible;z-Index:3;opacity:1;-moz-opacity:1;filter:alpha(opacity=100);background-color:#00bfdf;width:0px;height:16px;-moz-border-radius:8;-webkit-border-radius:8px;"}]
04-25 07:12:51.380 E/GeckoConsole( 5162): [JavaScript Warning: "Expected 'none' or URL but found 'alpha('.  Error in parsing value for 'filter'.  Declaration dropped." {file: "http://blockedcar.dseffects.com/BlockedCar.php?pid=6900" line: 0 column: 99 source: "position:absolute;top:448px;left:67px;visibility:visible;z-Index:3;opacity:1;-moz-opacity:1;filter:alpha(opacity=100);background-color:#00bfdf;width:0px;height:16px;-moz-border-radius:8;-webkit-border-radius:8px;"}]
04-25 07:12:51.380 E/GeckoConsole( 5162): [JavaScript Warning: "Unknown property '-moz-border-radius'.  Declaration dropped." {file: "http://blockedcar.dseffects.com/BlockedCar.php?pid=6900" line: 0 column: 183 source: "position:absolute;top:448px;left:67px;visibility:visible;z-Index:3;opacity:1;-moz-opacity:1;filter:alpha(opacity=100);background-color:#00bfdf;width:0px;height:16px;-moz-border-radius:8;-webkit-border-radius:8px;"}]
04-25 07:12:51.640 E/GeckoConsole( 5162): [JavaScript Warning: "Unknown property '-moz-opacity'.  Declaration dropped." {file: "http://blockedcar.dseffects.com/BlockedCar.php?pid=6900" line: 0 column: 87 source: "position:absolute;top:0px;left:0px;z-Index:1;visibility:hidden;opacity:0.6;-moz-opacity:0.6;filter:alpha(opacity=60);"}]
04-25 07:12:51.640 E/GeckoConsole( 5162): [JavaScript Warning: "Expected 'none' or URL but found 'alpha('.  Error in parsing value for 'filter'.  Declaration dropped." {file: "http://blockedcar.dseffects.com/BlockedCar.php?pid=6900" line: 0 column: 99 source: "position:absolute;top:0px;left:0px;z-Index:1;visibility:hidden;opacity:0.6;-moz-opacity:0.6;filter:alpha(opacity=60);"}]
04-25 07:12:51.800 E/GeckoConsole( 5162): [JavaScript Error: "The character encoding of the HTML document was not declared. The document will render with garbled text in some browser configurations if the document contains characters from outside the US-ASCII range. The character encoding of the page must be declared in the document or in the transfer protocol." {file: "http://blockedcar.dseffects.com/BlockedCar.php?pid=6900" line: 0}]
04-25 07:12:52.270 W/WifiHW  (   83): wifi_command: SIGNAL_POLL
04-25 07:12:58.030 W/WifiHW  (   83): wifi_command: SIGNAL_POLL
04-25 07:12:58.830 E/Profiler(   83): BPUnw: [1 total] thread_unregister_for_profiling(me=0x1454d38)  (NOT REGISTERED) 
04-25 07:13:02.040 E/Profiler(   83): BPUnw: [1 total] thread_unregister_for_profiling(me=0x1453c08)  (NOT REGISTERED) 
04-25 07:13:02.170 E/Profiler(   83): BPUnw: [1 total] thread_unregister_for_profiling(me=0x145afd8)  (NOT REGISTERED) 
04-25 07:13:06.000 I/GonkMemoryPressure(   83): Checking to see if memory pressure is over.
04-25 07:13:06.000 I/GonkMemoryPressure(   83): Memory pressure is over.
04-25 07:13:06.020 I/GonkMemoryPressure( 5109): Checking to see if memory pressure is over.
04-25 07:13:06.030 I/GonkMemoryPressure( 5162): Checking to see if memory pressure is over.
04-25 07:13:06.030 I/GonkMemoryPressure( 5162): Memory pressure is over.
04-25 07:13:06.160 I/GonkMemoryPressure( 5109): Memory pressure is over.
04-25 07:13:06.680 W/WifiHW  (   83): wifi_command: SIGNAL_POLL
04-25 07:13:08.350 E/Profiler(   83): BPUnw: [1 total] thread_unregister_for_profiling(me=0x14535a0)  (NOT REGISTERED) 
04-25 07:13:09.400 E/GeckoConsole( 5162): Content JS WARN at http://connect.facebook.net/en_US/all.js#xfbml=1:53 in i: Invalid App Id: Must be a number or numeric string representing the application id.
04-25 07:13:09.410 E/GeckoConsole( 5162): Content JS WARN at http://connect.facebook.net/en_US/all.js#xfbml=1:53 in i: FB.getLoginStatus() called before calling FB.init().
04-25 07:13:11.290 E/GeckoConsole( 5162): [JavaScript Warning: "Error in parsing value for 'word-break'.  Declaration dropped." {file: "http://googleads.g.doubleclick.net/pagead/ads?client=ca-pub-4043932294023609&output=html&h=60&slotname=2361238819&adk=978157237&w=468&lmt=1398435167&ea=0&flash=0&url=http%3A%2F%2Fblockedcar.dseffects.com%2FBlockedCar.php%3Fpid%3D6900&dt=1398435169685&bpp=609&bdt=2580&shv=r20140422&cbv=r20140417&saldr=sa&correlator=1398435173827&frm=20&ga_vid=1037912048.1398435176&ga_sid=1398435176&ga_hid=764444908&ga_fc=0&u_tz=-420&u_his=1&u_java=0&u_h=480&u_w=320&u_ah=480&u_aw=320&u_cd=16&u_nplug=0&u_nmime=0&dff=sans-serif&dfs=16&adx=-74&ady=0&biw=320&bih=460&eid=317150304&oid=3&rx=0&eae=4&fc=2&vis=1&fu=0&ifi=1&dtd=6982" line: 22 column: 556 source: "#adunit {background-color: #ffffff;height: 60px;width: 468px;}#ads {height: 60px;left: 0px;position: absolute;top: 0px;width: 468px;}#ads ul{list-style: none;}#ads ul li {clear: both;float: left;line-height: 0;overflow: hidden;position: relative;  }#ads table {border-collapse: collapse
04-25 07:13:11.300 E/GeckoConsole( 5162): [JavaScript Warning: "Error in parsing value for 'fill'.  Declaration dropped." {file: "http://googleads.g.doubleclick.net/pagead/ads?client=ca-pub-4043932294023609&output=html&h=60&slotname=2361238819&adk=978157237&w=468&lmt=1398435167&ea=0&flash=0&url=http%3A%2F%2Fblockedcar.dseffects.com%2FBlockedCar.php%3Fpid%3D6900&dt=1398435169685&bpp=609&bdt=2580&shv=r20140422&cbv=r20140417&saldr=sa&correlator=1398435173827&frm=20&ga_vid=1037912048.1398435176&ga_sid=1398435176&ga_hid=764444908&ga_fc=0&u_tz=-420&u_his=1&u_java=0&u_h=480&u_w=320&u_ah=480&u_aw=320&u_cd=16&u_nplug=0&u_nmime=0&dff=sans-serif&dfs=16&adx=-74&ady=0&biw=320&bih=460&eid=317150304&oid=3&rx=0&eae=4&fc=2&vis=1&fu=0&ifi=1&dtd=6982" line: 22 column: 1195 source: "#adunit {background-color: #ffffff;height: 60px;width: 468px;}#ads {height: 60px;left: 0px;position: absolute;top: 0px;width: 468px;}#ads ul{list-style: none;}#ads ul li {clear: both;float: left;line-height: 0;overflow: hidden;position: relative;  }#ads table {border-collapse: collapse;bord
04-25 07:13:12.820 E/Profiler(   83): BPUnw: [1 total] thread_unregister_for_profiling(me=0x145b018)  (NOT REGISTERED) 
04-25 07:13:14.580 W/WifiHW  (   83): wifi_command: SIGNAL_POLL
04-25 07:13:14.980 I/Gecko   (   83): 1398435194989	Marionette	INFO	sendToClient: {"from":"0","error":{"message":"timed out","status":28,"stacktrace":null}}, {a8916493-f901-4882-97cb-45bdd8720b62}, {a8916493-f901-4882-97cb-45bdd8720b62}