--------- beginning of /dev/log/system
04-26 07:13:07.020 I/Vold    (   77): Vold 2.1 (the revenge) firing up
04-26 07:13:07.040 D/Vold    (   77): Volume sdcard state changing -1 (Initializing) -> 0 (No-Media)
04-26 07:13:11.860 D/VoldCmdListener(   77): volume list
--------- beginning of /dev/log/main
04-26 07:13:12.800 W/EventHub(   83): Unable to disable kernel key repeat for /dev/input/event0: Function not implemented
04-26 07:13:12.800 I/EventHub(   83): New device: id=4, fd=55, path='/dev/input/event0', name='sprd-keypad', classes=0x1, configuration='', keyLayout='/system/usr/keylayout/sprd-keypad.kl', keyCharacterMap='/system/usr/keychars/Generic.kcm', builtinKeyboard=true, usingSuspendBlockIoctl=false, usingClockIoctl=false
04-26 07:13:12.800 D/EventHub(   83): No input device configuration file found for device 'rohm_proximity'.
04-26 07:13:12.840 E/filemap (   83): mmap(0,4096) failed: No such device
04-26 07:13:12.850 W/EventHub(   83): Unable to disable kernel key repeat for /dev/input/event1: Function not implemented
04-26 07:13:12.850 I/EventHub(   83): New device: id=6, fd=57, path='/dev/input/event1', name='ms-msg21xx', classes=0x15, configuration='/system/usr/idc/ms-msg21xx.idc', keyLayout='/system/usr/keylayout/Generic.kl', keyCharacterMap='/system/usr/keychars/Generic.kcm', builtinKeyboard=false, usingSuspendBlockIoctl=false, usingClockIoctl=false
04-26 07:13:12.860 I/InputReader(   83): Device added: id=-1, name='Virtual', sources=0x00000301
04-26 07:13:12.860 I/InputReader(   83): Device reconfigured: id=6, name='ms-msg21xx', size 320x480, orientation 0, mode 1, display id 0
04-26 07:13:12.860 I/InputReader(   83): Device added: id=6, name='ms-msg21xx', sources=0x00001103
04-26 07:13:12.860 I/InputReader(   83): Device added: id=0, name='sprd-keypad', sources=0x00000101
04-26 07:13:12.860 I/InputReader(   83): Device added: id=2, name='headset-keyboard', sources=0x00000101
04-26 07:13:13.470 D/BTWIFIMAC(   93): read_btwifimac_from_modem
04-26 07:13:13.470 D/BTWIFIMAC(   93): read_btwifimac_from_modem modem_fd=7
04-26 07:13:13.470 D/BTWIFIMAC(   93): ===========BT MAC===========
04-26 07:13:13.470 D/BTWIFIMAC(   93): read_btwifimac_from_modem: send 39,1,AT+SNVM=0,401
04-26 07:13:13.470 D/BTWIFIMAC(   93): send_to_modem
04-26 07:13:13.470 D/BTWIFIMAC(   93): recv_from_modem: Waiting modem response ... fd=7
04-26 07:13:13.470 D/SPRDENG (  159): eng_servermodem_comm: use SIM1 /dev/CHNPTY13
04-26 07:13:13.470 D/SPRDENG (  159): AT > AT+SNVM=0,401
04-26 07:13:13.470 D/SPRDENG (  159): 41
04-26 07:13:13.470 D/SPRDENG (  159): 54
04-26 07:13:13.470 D/SPRDENG (  159): 2b
04-26 07:13:13.470 D/SPRDENG (  159): 53
04-26 07:13:13.470 D/SPRDENG (  159): 4e
04-26 07:13:13.470 D/SPRDENG (  159): 56
04-26 07:13:13.470 D/SPRDENG (  159): 4d
04-26 07:13:13.470 D/SPRDENG (  159): 3d
04-26 07:13:13.470 D/SPRDENG (  159): 30
04-26 07:13:13.470 D/SPRDENG (  159): 2c
04-26 07:13:13.470 D/SPRDENG (  159): 34
04-26 07:13:13.470 D/SPRDENG (  159): 30
04-26 07:13:13.470 D/SPRDENG (  159): 31
04-26 07:13:13.470 D/SPRDENG (  159): eng_modem2server: use SIM1 /dev/CHNPTY13
04-26 07:13:13.470 D/SPRDENG (  159): AT < 
04-26 07:13:13.470 D/SPRDENG (  159): +SNVM: 8,FFFFFFFFFFFF2500
04-26 07:13:13.470 D/SPRDENG (  159): 
04-26 07:13:13.470 D/SPRDENG (  159): OK
04-26 07:13:13.470 D/SPRDENG (  159): 
04-26 07:13:13.470 D/BTWIFIMAC(   93): recv_from_modem: Receive 1 Modem Response
04-26 07:13:13.470 D/BTWIFIMAC(   93): read_btwifimac_from_modem: BT timeout=35, response=
04-26 07:13:13.470 D/BTWIFIMAC(   93): +SNVM: 8,FFFFFFFFFFFF2500
04-26 07:13:13.470 D/BTWIFIMAC(   93): 
04-26 07:13:13.470 D/BTWIFIMAC(   93): OK
04-26 07:13:13.470 D/BTWIFIMAC(   93): 
04-26 07:13:13.500 I/Gonk    (   83): RIL[0]: OnConnectSuccess
04-26 07:13:13.570 D/BTWIFIMAC(   93): get_macaddress: mac address is FF:FF:FF:FF:FF:FF
04-26 07:13:13.570 D/BTWIFIMAC(   93): ===========WIFI MAC===========
04-26 07:13:13.570 D/BTWIFIMAC(   93): read_btwifimac_from_modem: send 39,1,AT+SNVM=0,409
04-26 07:13:13.570 D/BTWIFIMAC(   93): send_to_modem
04-26 07:13:13.570 D/BTWIFIMAC(   93): recv_from_modem: Waiting modem response ... fd=7
04-26 07:13:13.570 D/SPRDENG (  159): eng_servermodem_comm: use SIM1 /dev/CHNPTY13
04-26 07:13:13.570 D/SPRDENG (  159): AT > AT+SNVM=0,409
04-26 07:13:13.570 D/SPRDENG (  159): 41
04-26 07:13:13.570 D/SPRDENG (  159): 54
04-26 07:13:13.570 D/SPRDENG (  159): 2b
04-26 07:13:13.570 D/SPRDENG (  159): 53
04-26 07:13:13.570 D/SPRDENG (  159): 4e
04-26 07:13:13.570 D/SPRDENG (  159): 56
04-26 07:13:13.570 D/SPRDENG (  159): 4d
04-26 07:13:13.570 D/SPRDENG (  159): 3d
04-26 07:13:13.570 D/SPRDENG (  159): 30
04-26 07:13:13.570 D/SPRDENG (  159): 2c
04-26 07:13:13.570 D/SPRDENG (  159): 34
04-26 07:13:13.570 D/SPRDENG (  159): 30
04-26 07:13:13.570 D/SPRDENG (  159): 39
04-26 07:13:13.570 D/SPRDENG (  159): eng_modem2server: use SIM1 /dev/CHNPTY13
04-26 07:13:13.570 D/SPRDENG (  159): AT < 
04-26 07:13:13.570 D/SPRDENG (  159): +SNVM: 20,FFFFFFFFFFFF0000000000000000000000000000
04-26 07:13:13.570 D/SPRDENG (  159): 
04-26 07:13:13.570 D/SPRDENG (  159): OK
04-26 07:13:13.570 D/SPRDENG (  159): 
04-26 07:13:13.570 D/BTWIFIMAC(   93): recv_from_modem: Receive 1 Modem Response
04-26 07:13:13.570 D/BTWIFIMAC(   93): read_btwifimac_from_modem: WIFI timeout=60, response=
04-26 07:13:13.570 D/BTWIFIMAC(   93): +SNVM: 20,FFFFFFFFFFFF0000000000000000000000000000
04-26 07:13:13.570 D/BTWIFIMAC(   93): 
04-26 07:13:13.570 D/BTWIFIMAC(   93): OK
04-26 07:13:13.570 D/BTWIFIMAC(   93): 
04-26 07:13:13.570 D/BTWIFIMAC(   93): get_macaddress: mac address is FF:FF:FF:FF:FF:FF
04-26 07:13:13.570 D/BTWIFIMAC(   93): bt_ok:0 wifi_ok:0 
04-26 07:13:13.570 D/BTWIFIMAC(   93): +mac_rand+
04-26 07:13:13.570 D/BTWIFIMAC(   93): mac_rand: /data/rand_mac.txt exists
04-26 07:13:13.570 D/BTWIFIMAC(   93): mac_rand: read /data/rand_mac.txt 00:c3:87:02:74:d3;00:b2:8b:a3:d0:dd
04-26 07:13:13.570 D/BTWIFIMAC(   93): mac_rand: read btmac=00:c3:87:02:74:d3, wifimac=00:b2:8b:a3:d0:dd
04-26 07:13:13.570 D/BTWIFIMAC(   93): property ro.mac.wifi=00:b2:8b:a3:d0:dd, ro.mac.bluetooth=00:c3:87:02:74:d3
04-26 07:13:13.580 D/BTWIFIMAC(   93): write_mac2file: mac=00:b2:8b:a3:d0:dd, fd[/data/wifimac.txt]=9
04-26 07:13:13.580 D/BTWIFIMAC(   93): write_mac2file: mac=00:c3:87:02:74:d3, fd[/data/btmac.txt]=9
04-26 07:13:13.580 D/BTWIFIMAC(   93): begin to run  trout_genpskey
04-26 07:13:13.580 D/BTWIFIMAC(   93): run trout_genpskey, ret=0
04-26 07:13:13.600 D/pskey_bt(  327): set BT mac
04-26 07:13:13.600 D/pskey_bt(  327): main, bt_mac from nv:
04-26 07:13:13.620 D/pskey_bt(  327): get_pskey_from_file
04-26 07:13:13.620 D/pskey_bt(  327): open bt pskey structure file fd=7
04-26 07:13:13.620 D/pskey_bt(  327): buf from pskey file:2048
04-26 07:13:13.620 D/pskey_bt(  327): parser_pskey_info
04-26 07:13:13.620 D/pskey_bt(  327): char:0, 0
04-26 07:13:13.620 D/pskey_bt(  327): get_one_item(data) = 0x0
04-26 07:13:13.620 D/pskey_bt(  327): get_next_u8: here:0
04-26 07:13:13.620 D/pskey_bt(  327): char:1, 1
04-26 07:13:13.620 D/pskey_bt(  327): get_one_item(data) = 0x1
04-26 07:13:13.620 D/pskey_bt(  327): get_next_u8: here:1
04-26 07:13:13.620 D/pskey_bt(  327): char:1, 1
04-26 07:13:13.620 D/pskey_bt(  327): get_one_item(data) = 0x1
04-26 07:13:13.620 D/pskey_bt(  327): get_next_u8: here:1
04-26 07:13:13.620 D/pskey_bt(  327): char:1, 1
04-26 07:13:13.620 D/pskey_bt(  327): get_one_item(data) = 0x1
04-26 07:13:13.620 D/pskey_bt(  327): get_next_u8: here:1
04-26 07:13:13.620 D/pskey_bt(  327): char:0, 0
04-26 07:13:13.620 D/pskey_bt(  327): char:1, 1
04-26 07:13:13.620 D/pskey_bt(  327): char:8, 8
04-26 07:13:13.620 D/pskey_bt(  327): char:C, C
04-26 07:13:13.620 D/pskey_bt(  327): char:B, B
04-26 07:13:13.620 D/pskey_bt(  327): char:A, A
04-26 07:13:13.620 D/pskey_bt(  327): char:8, 8
04-26 07:13:13.620 D/pskey_bt(  327): char:0, 0
04-26 07:13:13.620 D/pskey_bt(  327): get_one_item(data) = 0x18cba80
04-26 07:13:13.620 D/pskey_bt(  327): get_next_u32: here:18cba80
04-26 07:13:13.620 D/pskey_bt(  327): char:1, 1
04-26 07:13:13.620 D/pskey_bt(  327): char:f, f
04-26 07:13:13.620 D/pskey_bt(  327): char:0, 0
04-26 07:13:13.620 D/pskey_bt(  327): char:0, 0
04-26 07:13:13.620 D/pskey_bt(  327): get_one_item(data) = 0x1f00
04-26 07:13:13.620 D/pskey_bt(  327): get_next_u32: here:1f00
04-26 07:13:13.620 D/pskey_bt(  327): char:1, 1
04-26 07:13:13.620 D/pskey_bt(  327): char:E, E
04-26 07:13:13.620 D/pskey_bt(  327): get_one_item(data) = 0x1e
04-26 07:13:13.620 D/pskey_bt(  327): get_next_u32: here:1e
04-26 07:13:13.620 D/pskey_bt(  327): char:7, 7
04-26 07:13:13.620 D/pskey_bt(  327): char:B, B
04-26 07:13:13.620 D/pskey_bt(  327): char:0, 0
04-26 07:13:13.620 D/pskey_bt(  327): char:0, 0
04-26 07:13:13.620 D/pskey_bt(  327): char:7, 7
04-26 07:13:13.620 D/pskey_bt(  327): char:C, C
04-26 07:13:13.620 D/pskey_bt(  327): get_one_item(data) = 0x7b007c
04-26 07:13:13.620 D/pskey_bt(  327): get_next_u32: here:7b007c
04-26 07:13:13.620 D/pskey_bt(  327): char:3, 3
04-26 07:13:13.620 D/pskey_bt(  327): char:7, 7
04-26 07:13:13.620 D/pskey_bt(  327): char:0, 0
04-26 07:13:13.620 D/pskey_bt(  327): char:0, 0
04-26 07:13:13.620 D/pskey_bt(  327): char:7, 7
04-26 07:13:13.620 D/pskey_bt(  327): char:A, A
04-26 07:13:13.620 D/pskey_bt(  327): get_one_item(data) = 0x37007a
04-26 07:13:13.620 D/pskey_bt(  327): get_next_u32: here:37007a
04-26 07:13:13.620 D/pskey_bt(  327): char:3, 3
04-26 07:13:13.620 D/pskey_bt(  327): char:5, 5
04-26 07:13:13.620 D/pskey_bt(  327): char:0, 0
04-26 07:13:13.620 D/pskey_bt(  327): char:0, 0
04-26 07:13:13.620 D/pskey_bt(  327): char:3, 3
04-26 07:13:13.620 D/pskey_bt(  327): char:6, 6
04-26 07:13:13.620 D/pskey_bt(  327): get_one_item(data) = 0x350036
04-26 07:13:13.620 D/pskey_bt(  327): get_next_u32: here:350036
04-26 07:13:13.620 D/pskey_bt(  327): char:2, 2
04-26 07:13:13.620 D/pskey_bt(  327): char:9, 9
04-26 07:13:13.620 D/pskey_bt(  327): char:0, 0
04-26 07:13:13.620 D/pskey_bt(  327): char:0, 0
04-26 07:13:13.620 D/pskey_bt(  327): char:3, 3
04-26 07:13:13.620 D/pskey_bt(  327): char:4, 4
04-26 07:13:13.620 D/pskey_bt(  327): get_one_item(data) = 0x290034
04-26 07:13:13.620 D/pskey_bt(  327): get_next_u32: here:290034
04-26 07:13:13.620 D/pskey_bt(  327): char:0, 0
04-26 07:13:13.620 D/pskey_bt(  327): char:A, A
04-26 07:13:13.620 D/pskey_bt(  327): char:0, 0
04-26 07:13:13.620 D/pskey_bt(  327): char:0, 0
04-26 07:13:13.620 D/pskey_bt(  327): char:2, 2
04-26 07:13:13.620 D/pskey_bt(  327): char:8, 8
04-26 07:13:13.620 D/pskey_bt(  327): get_one_item(data) = 0xa0028
04-26 07:13:13.620 D/pskey_bt(  327): get_next_u32: here:a0028
04-26 07:13:13.620 D/pskey_bt(  327): char:0, 0
04-26 07:13:13.620 D/pskey_bt(  327): char:0, 0
04-26 07:13:13.620 D/pskey_bt(  327): char:0, 0
04-26 07:13:13.620 D/pskey_bt(  327): char:6, 6
04-26 07:13:13.620 D/pskey_bt(  327): char:0, 0
04-26 07:13:13.620 D/pskey_bt(  327): char:0, 0
04-26 07:13:13.620 D/pskey_bt(  327): char:0, 0
04-26 07:13:13.620 D/pskey_bt(  327): char:9, 9
04-26 07:13:13.620 D/pskey_bt(  327): get_one_item(data) = 0x60009
04-26 07:13:13.620 D/pskey_bt(  327): get_next_u32: here:60009
04-26 07:13:13.620 D/pskey_bt(  327): end of buff, str=},
04-26 07:13:13.620 D/pskey_bt(  327): {0x0B,0x0A,0x09, 0x08, 0x07},
04-26 07:13:13.620 D/pskey_bt(  327): {0xFF, 0xFF, 0x8D, 0xFE, 0x9B, 0x3F, 0x79, 0x83,
04-26 07:13:13.620 D/pskey_bt(  327):   0xFF, 0xA7, 0xFF, 0x7F, 0x00, 0xE0, 0xF7, 0x3E},
04-26 07:13:13.620 D/pskey_bt(  327): {0xFF, 0xFF, 0xFF, 0xFF, 0xFF, 0xFF},
04-26 07:13:13.620 D/pskey_bt(  327): 0,
04-26 07:13:13.620 D/pskey_bt(  327): 1,
04-26 07:13:13.620 D/pskey_bt(  327): 5,
04-26 07:13:13.620 D/pskey_bt(  327): 0xE,
04-26 07:13:13.620 D/pskey_bt(  327): 1,
04-26 07:13:13.620 D/pskey_bt(  327): 1,
04-26 07:13:13.620 D/pskey_bt(  327): 0x50000000,
04-26 07:13:13.620 D/pskey_bt(  327): 0x50000150,
04-26 07:13:13.620 D/pskey_bt(  327): 0x50000150,
04-26 07:13:13.620 D/pskey_bt(  327): 0x50000154,
04-26 07:13:13.620 D/pskey_bt(  327): 0xFFFFFFFF,
04-26 07:13:13.620 D/pskey_bt(  327): 0x100,
04-26 07:13:13.620 D/pskey_bt(  327): 0xA0,
04-26 07:13:13.620 D/pskey_bt(  327): 0xDC,
04-26 07:13:13.620 D/pskey_bt(  327): 0x20,
04-26 07:13:13.620 D/pskey_bt(  327): 0x55,
04-26 07:13:13.620 D/pskey_bt(  327): 0x64,
04-26 07:13:13.620 D/pskey_bt(  327): 0,
04-26 07:13:13.620 D/pskey_bt(  327): 0x8,
04-26 07:13:13.620 D/pskey_bt(  327): 0x13C,
04-26 07:13:13.620 D/pskey_bt(  327): 0x2,
04-26 07:13:13.620 D/pskey_bt(  327): 0xD704,
04-26 07:13:13.620 D/pskey_bt(  327): 0x88888888,
04-26 07:13:13.620 D/pskey_bt(  327): 0x6,
04-26 07:13:13.620 D/pskey_bt(  327): 0x0,
04-26 07:13:13.620 D/pskey_bt(  327): {0x0001,0x0000,0x0000,0x0000,0x0000,0x0000,0x0000,0x0000,0x0000
04-26 07:13:13.620 D/pskey_bt(  327): char:0, 0
04-26 07:13:13.620 D/pskey_bt(  327): char:B, B
04-26 07:13:13.620 D/pskey_bt(  327): get_one_item(data) = 0xb
04-26 07:13:13.620 D/pskey_bt(  327): get_next_u32: here:b
04-26 07:13:13.620 D/pskey_bt(  327): char:0, 0
04-26 07:13:13.620 D/pskey_bt(  327): char:A, A
04-26 07:13:13.620 D/pskey_bt(  327): get_one_item(data) = 0xa
04-26 07:13:13.620 D/pskey_bt(  327): get_next_u32: here:a
04-26 07:13:13.620 D/pskey_bt(  327): char:0, 0
04-26 07:13:13.620 D/pskey_bt(  327): char:9, 9
04-26 07:13:13.620 D/pskey_bt(  327): get_one_item(data) = 0x9
04-26 07:13:13.620 D/pskey_bt(  327): get_next_u32: here:9
04-26 07:13:13.620 D/pskey_bt(  327): char:0, 0
04-26 07:13:13.620 D/pskey_bt(  327): char:8, 8
04-26 07:13:13.620 D/pskey_bt(  327): get_one_item(data) = 0x8
04-26 07:13:13.620 D/pskey_bt(  327): get_next_u32: here:8
04-26 07:13:13.620 D/pskey_bt(  327): char:0, 0
04-26 07:13:13.620 D/pskey_bt(  327): char:7, 7
04-26 07:13:13.620 D/pskey_bt(  327): get_one_item(data) = 0x7
04-26 07:13:13.620 D/pskey_bt(  327): get_next_u32: here:7
04-26 07:13:13.620 D/pskey_bt(  327): end of buff, str=},
04-26 07:13:13.620 D/pskey_bt(  327): {0xFF, 0xFF, 0x8D, 0xFE, 0x9B, 0x3F, 0x79, 0x83,
04-26 07:13:13.620 D/pskey_bt(  327):   0xFF, 0xA7, 0xFF, 0x7F, 0x00, 0xE0, 0xF7, 0x3E},
04-26 07:13:13.620 D/pskey_bt(  327): {0xFF, 0xFF, 0xFF, 0xFF, 0xFF, 0xFF},
04-26 07:13:13.620 D/pskey_bt(  327): 0,
04-26 07:13:13.620 D/pskey_bt(  327): 1,
04-26 07:13:13.620 D/pskey_bt(  327): 5,
04-26 07:13:13.620 D/pskey_bt(  327): 0xE,
04-26 07:13:13.620 D/pskey_bt(  327): 1,
04-26 07:13:13.620 D/pskey_bt(  327): 1,
04-26 07:13:13.620 D/pskey_bt(  327): 0x50000000,
04-26 07:13:13.620 D/pskey_bt(  327): 0x50000150,
04-26 07:13:13.620 D/pskey_bt(  327): 0x50000150,
04-26 07:13:13.620 D/pskey_bt(  327): 0x50000154,
04-26 07:13:13.620 D/pskey_bt(  327): 0xFFFFFFFF,
04-26 07:13:13.620 D/pskey_bt(  327): 0x100,
04-26 07:13:13.620 D/pskey_bt(  327): 0xA0,
04-26 07:13:13.620 D/pskey_bt(  327): 0xDC,
04-26 07:13:13.620 D/pskey_bt(  327): 0x20,
04-26 07:13:13.620 D/pskey_bt(  327): 0x55,
04-26 07:13:13.620 D/pskey_bt(  327): 0x64,
04-26 07:13:13.620 D/pskey_bt(  327): 0,
04-26 07:13:13.620 D/pskey_bt(  327): 0x8,
04-26 07:13:13.620 D/pskey_bt(  327): 0x13C,
04-26 07:13:13.620 D/pskey_bt(  327): 0x2,
04-26 07:13:13.620 D/pskey_bt(  327): 0xD704,
04-26 07:13:13.620 D/pskey_bt(  327): 0x88888888,
04-26 07:13:13.620 D/pskey_bt(  327): 0x6,
04-26 07:13:13.620 D/pskey_bt(  327): 0x0,
04-26 07:13:13.620 D/pskey_bt(  327): {0x0001,0x0000,0x0000,0x0000,0x0000,0x0000,0x0000,0x0000,0x0000
04-26 07:13:13.620 D/pskey_bt(  327): char:F, F
04-26 07:13:13.620 D/pskey_bt(  327): char:F, F
04-26 07:13:13.620 D/pskey_bt(  327): get_one_item(data) = 0xff
04-26 07:13:13.620 D/pskey_bt(  327): get_next_u8: here:ff
04-26 07:13:13.620 D/pskey_bt(  327): char:F, F
04-26 07:13:13.620 D/pskey_bt(  327): char:F, F
04-26 07:13:13.620 D/pskey_bt(  327): get_one_item(data) = 0xff
04-26 07:13:13.620 D/pskey_bt(  327): get_next_u8: here:ff
04-26 07:13:13.620 D/pskey_bt(  327): char:8, 8
04-26 07:13:13.620 D/pskey_bt(  327): char:D, D
04-26 07:13:13.620 D/pskey_bt(  327): get_one_item(data) = 0x8d
04-26 07:13:13.620 D/pskey_bt(  327): get_next_u8: here:8d
04-26 07:13:13.620 D/pskey_bt(  327): char:F, F
04-26 07:13:13.620 D/pskey_bt(  327): char:E, E
04-26 07:13:13.620 D/pskey_bt(  327): get_one_item(data) = 0xfe
04-26 07:13:13.620 D/pskey_bt(  327): get_next_u8: here:fe
04-26 07:13:13.620 D/pskey_bt(  327): char:9, 9
04-26 07:13:13.620 D/pskey_bt(  327): char:B, B
04-26 07:13:13.620 D/pskey_bt(  327): get_one_item(data) = 0x9b
04-26 07:13:13.620 D/pskey_bt(  327): get_next_u8: here:9b
04-26 07:13:13.620 D/pskey_bt(  327): char:3, 3
04-26 07:13:13.620 D/pskey_bt(  327): char:F, F
04-26 07:13:13.620 D/pskey_bt(  327): get_one_item(data) = 0x3f
04-26 07:13:13.620 D/pskey_bt(  327): get_next_u8: here:3f
04-26 07:13:13.620 D/pskey_bt(  327): char:7, 7
04-26 07:13:13.620 D/pskey_bt(  327): char:9, 9
04-26 07:13:13.620 D/pskey_bt(  327): get_one_item(data) = 0x79
04-26 07:13:13.620 D/pskey_bt(  327): get_next_u8: here:79
04-26 07:13:13.620 D/pskey_bt(  327): char:8, 8
04-26 07:13:13.620 D/pskey_bt(  327): char:3, 3
04-26 07:13:13.620 D/pskey_bt(  327): get_one_item(data) = 0x83
04-26 07:13:13.620 D/pskey_bt(  327): get_next_u8: here:83
04-26 07:13:13.620 D/pskey_bt(  327): char:F, F
04-26 07:13:13.620 D/pskey_bt(  327): char:F, F
04-26 07:13:13.620 D/pskey_bt(  327): get_one_item(data) = 0xff
04-26 07:13:13.620 D/pskey_bt(  327): get_next_u8: here:ff
04-26 07:13:13.620 D/pskey_bt(  327): char:A, A
04-26 07:13:13.620 D/pskey_bt(  327): char:7, 7
04-26 07:13:13.620 D/pskey_bt(  327): get_one_item(data) = 0xa7
04-26 07:13:13.620 D/pskey_bt(  327): get_next_u8: here:a7
04-26 07:13:13.620 D/pskey_bt(  327): char:F, F
04-26 07:13:13.620 D/pskey_bt(  327): char:F, F
04-26 07:13:13.620 D/pskey_bt(  327): get_one_item(data) = 0xff
04-26 07:13:13.620 D/pskey_bt(  327): get_next_u8: here:ff
04-26 07:13:13.620 D/pskey_bt(  327): char:7, 7
04-26 07:13:13.620 D/pskey_bt(  327): char:F, F
04-26 07:13:13.620 D/pskey_bt(  327): get_one_item(data) = 0x7f
04-26 07:13:13.620 D/pskey_bt(  327): get_next_u8: here:7f
04-26 07:13:13.620 D/pskey_bt(  327): char:0, 0
04-26 07:13:13.620 D/pskey_bt(  327): char:0, 0
04-26 07:13:13.620 D/pskey_bt(  327): get_one_item(data) = 0x0
04-26 07:13:13.620 D/pskey_bt(  327): get_next_u8: here:0
04-26 07:13:13.620 D/pskey_bt(  327): char:E, E
04-26 07:13:13.620 D/pskey_bt(  327): char:0, 0
04-26 07:13:13.620 D/pskey_bt(  327): get_one_item(data) = 0xe0
04-26 07:13:13.620 D/pskey_bt(  327): get_next_u8: here:e0
04-26 07:13:13.620 D/pskey_bt(  327): char:F, F
04-26 07:13:13.620 D/pskey_bt(  327): char:7, 7
04-26 07:13:13.620 D/pskey_bt(  327): get_one_item(data) = 0xf7
04-26 07:13:13.620 D/pskey_bt(  327): get_next_u8: here:f7
04-26 07:13:13.620 D/pskey_bt(  327): char:3, 3
04-26 07:13:13.620 D/pskey_bt(  327): char:E, E
04-26 07:13:13.620 D/pskey_bt(  327): get_one_item(data) = 0x3e
04-26 07:13:13.620 D/pskey_bt(  327): get_next_u8: here:3e
04-26 07:13:13.620 D/pskey_bt(  327): end of buff, str=},
04-26 07:13:13.620 D/pskey_bt(  327): {0xFF, 0xFF, 0xFF, 0xFF, 0xFF, 0xFF},
04-26 07:13:13.620 D/pskey_bt(  327): 0,
04-26 07:13:13.620 D/pskey_bt(  327): 1,
04-26 07:13:13.620 D/pskey_bt(  327): 5,
04-26 07:13:13.620 D/pskey_bt(  327): 0xE,
04-26 07:13:13.620 D/pskey_bt(  327): 1,
04-26 07:13:13.620 D/pskey_bt(  327): 1,
04-26 07:13:13.620 D/pskey_bt(  327): 0x50000000,
04-26 07:13:13.620 D/pskey_bt(  327): 0x50000150,
04-26 07:13:13.620 D/pskey_bt(  327): 0x50000150,
04-26 07:13:13.620 D/pskey_bt(  327): 0x50000154,
04-26 07:13:13.620 D/pskey_bt(  327): 0xFFFFFFFF,
04-26 07:13:13.620 D/pskey_bt(  327): 0x100,
04-26 07:13:13.620 D/pskey_bt(  327): 0xA0,
04-26 07:13:13.620 D/pskey_bt(  327): 0xDC,
04-26 07:13:13.620 D/pskey_bt(  327): 0x20,
04-26 07:13:13.620 D/pskey_bt(  327): 0x55,
04-26 07:13:13.620 D/pskey_bt(  327): 0x64,
04-26 07:13:13.620 D/pskey_bt(  327): 0,
04-26 07:13:13.620 D/pskey_bt(  327): 0x8,
04-26 07:13:13.620 D/pskey_bt(  327): 0x13C,
04-26 07:13:13.620 D/pskey_bt(  327): 0x2,
04-26 07:13:13.620 D/pskey_bt(  327): 0xD704,
04-26 07:13:13.620 D/pskey_bt(  327): 0x88888888,
04-26 07:13:13.620 D/pskey_bt(  327): 0x6,
04-26 07:13:13.620 D/pskey_bt(  327): 0x0,
04-26 07:13:13.620 D/pskey_bt(  327): {0x0001,0x0000,0x0000,0x0000,0x0000,0x0000,0x0000,0x0000,0x0000
04-26 07:13:13.620 D/pskey_bt(  327): char:F, F
04-26 07:13:13.620 D/pskey_bt(  327): char:F, F
04-26 07:13:13.620 D/pskey_bt(  327): get_one_item(data) = 0xff
04-26 07:13:13.620 D/pskey_bt(  327): get_next_u8: here:ff
04-26 07:13:13.620 D/pskey_bt(  327): char:F, F
04-26 07:13:13.620 D/pskey_bt(  327): char:F, F
04-26 07:13:13.620 D/pskey_bt(  327): get_one_item(data) = 0xff
04-26 07:13:13.620 D/pskey_bt(  327): get_next_u8: here:ff
04-26 07:13:13.620 D/pskey_bt(  327): char:F, F
04-26 07:13:13.620 D/pskey_bt(  327): char:F, F
04-26 07:13:13.620 D/pskey_bt(  327): get_one_item(data) = 0xff
04-26 07:13:13.620 D/pskey_bt(  327): get_next_u8: here:ff
04-26 07:13:13.620 D/pskey_bt(  327): char:F, F
04-26 07:13:13.620 D/pskey_bt(  327): char:F, F
04-26 07:13:13.620 D/pskey_bt(  327): get_one_item(data) = 0xff
04-26 07:13:13.620 D/pskey_bt(  327): get_next_u8: here:ff
04-26 07:13:13.620 D/pskey_bt(  327): char:F, F
04-26 07:13:13.620 D/pskey_bt(  327): char:F, F
04-26 07:13:13.620 D/pskey_bt(  327): get_one_item(data) = 0xff
04-26 07:13:13.620 D/pskey_bt(  327): get_next_u8: here:ff
04-26 07:13:13.620 D/pskey_bt(  327): char:F, F
04-26 07:13:13.620 D/pskey_bt(  327): char:F, F
04-26 07:13:13.620 D/pskey_bt(  327): get_one_item(data) = 0xff
04-26 07:13:13.620 D/pskey_bt(  327): get_next_u8: here:ff
04-26 07:13:13.620 D/pskey_bt(  327): end of buff, str=},
04-26 07:13:13.620 D/pskey_bt(  327): 0,
04-26 07:13:13.620 D/pskey_bt(  327): 1,
04-26 07:13:13.620 D/pskey_bt(  327): 5,
04-26 07:13:13.620 D/pskey_bt(  327): 0xE,
04-26 07:13:13.620 D/pskey_bt(  327): 1,
04-26 07:13:13.620 D/pskey_bt(  327): 1,
04-26 07:13:13.620 D/pskey_bt(  327): 0x50000000,
04-26 07:13:13.620 D/pskey_bt(  327): 0x50000150,
04-26 07:13:13.620 D/pskey_bt(  327): 0x50000150,
04-26 07:13:13.620 D/pskey_bt(  327): 0x50000154,
04-26 07:13:13.620 D/pskey_bt(  327): 0xFFFFFFFF,
04-26 07:13:13.620 D/pskey_bt(  327): 0x100,
04-26 07:13:13.620 D/pskey_bt(  327): 0xA0,
04-26 07:13:13.620 D/pskey_bt(  327): 0xDC,
04-26 07:13:13.620 D/pskey_bt(  327): 0x20,
04-26 07:13:13.620 D/pskey_bt(  327): 0x55,
04-26 07:13:13.620 D/pskey_bt(  327): 0x64,
04-26 07:13:13.620 D/pskey_bt(  327): 0,
04-26 07:13:13.620 D/pskey_bt(  327): 0x8,
04-26 07:13:13.620 D/pskey_bt(  327): 0x13C,
04-26 07:13:13.620 D/pskey_bt(  327): 0x2,
04-26 07:13:13.620 D/pskey_bt(  327): 0xD704,
04-26 07:13:13.620 D/pskey_bt(  327): 0x88888888,
04-26 07:13:13.620 D/pskey_bt(  327): 0x6,
04-26 07:13:13.620 D/pskey_bt(  327): 0x0,
04-26 07:13:13.620 D/pskey_bt(  327): {0x0001,0x0000,0x0000,0x0000,0x0000,0x0000,0x0000,0x0000,0x0000
04-26 07:13:13.620 D/pskey_bt(  327): char:0, 0
04-26 07:13:13.620 D/pskey_bt(  327): get_one_item(data) = 0x0
04-26 07:13:13.620 D/pskey_bt(  327): get_next_u8: here:0
04-26 07:13:13.620 D/pskey_bt(  327): char:1, 1
04-26 07:13:13.620 D/pskey_bt(  327): get_one_item(data) = 0x1
04-26 07:13:13.620 D/pskey_bt(  327): get_next_u8: here:1
04-26 07:13:13.620 D/pskey_bt(  327): char:5, 5
04-26 07:13:13.620 D/pskey_bt(  327): get_one_item(data) = 0x5
04-26 07:13:13.620 D/pskey_bt(  327): get_next_u8: here:5
04-26 07:13:13.620 D/pskey_bt(  327): char:E, E
04-26 07:13:13.620 D/pskey_bt(  327): get_one_item(data) = 0xe
04-26 07:13:13.620 D/pskey_bt(  327): get_next_u8: here:e
04-26 07:13:13.620 D/pskey_bt(  327): char:1, 1
04-26 07:13:13.620 D/pskey_bt(  327): get_one_item(data) = 0x1
04-26 07:13:13.620 D/pskey_bt(  327): get_next_u8: here:1
04-26 07:13:13.620 D/pskey_bt(  327): char:1, 1
04-26 07:13:13.620 D/pskey_bt(  327): get_one_item(data) = 0x1
04-26 07:13:13.620 D/pskey_bt(  327): get_next_u8: here:1
04-26 07:13:13.620 D/pskey_bt(  327): char:5, 5
04-26 07:13:13.620 D/pskey_bt(  327): char:0, 0
04-26 07:13:13.620 D/pskey_bt(  327): char:0, 0
04-26 07:13:13.620 D/pskey_bt(  327): char:0, 0
04-26 07:13:13.620 D/pskey_bt(  327): char:0, 0
04-26 07:13:13.620 D/pskey_bt(  327): char:0, 0
04-26 07:13:13.620 D/pskey_bt(  327): char:0, 0
04-26 07:13:13.620 D/pskey_bt(  327): char:0, 0
04-26 07:13:13.620 D/pskey_bt(  327): get_one_item(data) = 0x50000000
04-26 07:13:13.620 D/pskey_bt(  327): get_next_u32: here:50000000
04-26 07:13:13.620 D/pskey_bt(  327): char:5, 5
04-26 07:13:13.620 D/pskey_bt(  327): char:0, 0
04-26 07:13:13.620 D/pskey_bt(  327): char:0, 0
04-26 07:13:13.620 D/pskey_bt(  327): char:0, 0
04-26 07:13:13.620 D/pskey_bt(  327): char:0, 0
04-26 07:13:13.620 D/pskey_bt(  327): char:1, 1
04-26 07:13:13.620 D/pskey_bt(  327): char:5, 5
04-26 07:13:13.620 D/pskey_bt(  327): char:0, 0
04-26 07:13:13.620 D/pskey_bt(  327): get_one_item(data) = 0x50000150
04-26 07:13:13.620 D/pskey_bt(  327): get_next_u32: here:50000150
04-26 07:13:13.620 D/pskey_bt(  327): char:5, 5
04-26 07:13:13.620 D/pskey_bt(  327): char:0, 0
04-26 07:13:13.620 D/pskey_bt(  327): char:0, 0
04-26 07:13:13.620 D/pskey_bt(  327): char:0, 0
04-26 07:13:13.620 D/pskey_bt(  327): char:0, 0
04-26 07:13:13.620 D/pskey_bt(  327): char:1, 1
04-26 07:13:13.620 D/pskey_bt(  327): char:5, 5
04-26 07:13:13.620 D/pskey_bt(  327): char:0, 0
04-26 07:13:13.620 D/pskey_bt(  327): get_one_item(data) = 0x50000150
04-26 07:13:13.620 D/pskey_bt(  327): get_next_u32: here:50000150
04-26 07:13:13.620 D/pskey_bt(  327): char:5, 5
04-26 07:13:13.620 D/pskey_bt(  327): char:0, 0
04-26 07:13:13.620 D/pskey_bt(  327): char:0, 0
04-26 07:13:13.620 D/pskey_bt(  327): char:0, 0
04-26 07:13:13.620 D/pskey_bt(  327): char:0, 0
04-26 07:13:13.620 D/pskey_bt(  327): char:1, 1
04-26 07:13:13.620 D/pskey_bt(  327): char:5, 5
04-26 07:13:13.620 D/pskey_bt(  327): char:4, 4
04-26 07:13:13.620 D/pskey_bt(  327): get_one_item(data) = 0x50000154
04-26 07:13:13.620 D/pskey_bt(  327): get_next_u32: here:50000154
04-26 07:13:13.620 D/pskey_bt(  327): char:F, F
04-26 07:13:13.620 D/pskey_bt(  327): char:F, F
04-26 07:13:13.620 D/pskey_bt(  327): char:F, F
04-26 07:13:13.620 D/pskey_bt(  327): char:F, F
04-26 07:13:13.620 D/pskey_bt(  327): char:F, F
04-26 07:13:13.620 D/pskey_bt(  327): char:F, F
04-26 07:13:13.620 D/pskey_bt(  327): char:F, F
04-26 07:13:13.620 D/pskey_bt(  327): char:F, F
04-26 07:13:13.620 D/pskey_bt(  327): get_one_item(data) = 0xffffffff
04-26 07:13:13.620 D/pskey_bt(  327): get_next_u32: here:ffffffff
04-26 07:13:13.620 D/pskey_bt(  327): char:1, 1
04-26 07:13:13.620 D/pskey_bt(  327): char:0, 0
04-26 07:13:13.620 D/pskey_bt(  327): char:0, 0
04-26 07:13:13.620 D/pskey_bt(  327): get_one_item(data) = 0x100
04-26 07:13:13.620 D/pskey_bt(  327): get_next_u16: here:100
04-26 07:13:13.620 D/pskey_bt(  327): char:A, A
04-26 07:13:13.620 D/pskey_bt(  327): char:0, 0
04-26 07:13:13.620 D/pskey_bt(  327): get_one_item(data) = 0xa0
04-26 07:13:13.620 D/pskey_bt(  327): get_next_u16: here:a0
04-26 07:13:13.620 D/pskey_bt(  327): char:D, D
04-26 07:13:13.620 D/pskey_bt(  327): char:C, C
04-26 07:13:13.620 D/pskey_bt(  327): get_one_item(data) = 0xdc
04-26 07:13:13.620 D/pskey_bt(  327): get_next_u16: here:dc
04-26 07:13:13.620 D/pskey_bt(  327): char:2, 2
04-26 07:13:13.620 D/pskey_bt(  327): char:0, 0
04-26 07:13:13.620 D/pskey_bt(  327): get_one_item(data) = 0x20
04-26 07:13:13.620 D/pskey_bt(  327): get_next_u16: here:20
04-26 07:13:13.620 D/pskey_bt(  327): char:5, 5
04-26 07:13:13.620 D/pskey_bt(  327): char:5, 5
04-26 07:13:13.620 D/pskey_bt(  327): get_one_item(data) = 0x55
04-26 07:13:13.620 D/pskey_bt(  327): get_next_u16: here:55
04-26 07:13:13.620 D/pskey_bt(  327): char:6, 6
04-26 07:13:13.620 D/pskey_bt(  327): char:4, 4
04-26 07:13:13.620 D/pskey_bt(  327): get_one_item(data) = 0x64
04-26 07:13:13.620 D/pskey_bt(  327): get_next_u16: here:64
04-26 07:13:13.620 D/pskey_bt(  327): char:0, 0
04-26 07:13:13.620 D/pskey_bt(  327): get_one_item(data) = 0x0
04-26 07:13:13.620 D/pskey_bt(  327): get_next_u32: here:0
04-26 07:13:13.620 D/pskey_bt(  327): char:8, 8
04-26 07:13:13.620 D/pskey_bt(  327): get_one_item(data) = 0x8
04-26 07:13:13.620 D/pskey_bt(  327): get_next_u16: here:8
04-26 07:13:13.620 D/pskey_bt(  327): char:1, 1
04-26 07:13:13.620 D/pskey_bt(  327): char:3, 3
04-26 07:13:13.620 D/pskey_bt(  327): char:C, C
04-26 07:13:13.620 D/pskey_bt(  327): get_one_item(data) = 0x13c
04-26 07:13:13.620 D/pskey_bt(  327): get_next_u16: here:13c
04-26 07:13:13.620 D/pskey_bt(  327): char:2, 2
04-26 07:13:13.620 D/pskey_bt(  327): get_one_item(data) = 0x2
04-26 07:13:13.620 D/pskey_bt(  327): get_next_u16: here:2
04-26 07:13:13.620 D/pskey_bt(  327): char:D, D
04-26 07:13:13.620 D/pskey_bt(  327): char:7, 7
04-26 07:13:13.620 D/pskey_bt(  327): char:0, 0
04-26 07:13:13.620 D/pskey_bt(  327): char:4, 4
04-26 07:13:13.620 D/pskey_bt(  327): get_one_item(data) = 0xd704
04-26 07:13:13.620 D/pskey_bt(  327): get_next_u16: here:d704
04-26 07:13:13.620 D/pskey_bt(  327): char:8, 8
04-26 07:13:13.620 D/pskey_bt(  327): char:8, 8
04-26 07:13:13.620 D/pskey_bt(  327): char:8, 8
04-26 07:13:13.620 D/pskey_bt(  327): char:8, 8
04-26 07:13:13.620 D/pskey_bt(  327): char:8, 8
04-26 07:13:13.620 D/pskey_bt(  327): char:8, 8
04-26 07:13:13.620 D/pskey_bt(  327): char:8, 8
04-26 07:13:13.620 D/pskey_bt(  327): char:8, 8
04-26 07:13:13.620 D/pskey_bt(  327): get_one_item(data) = 0x88888888
04-26 07:13:13.620 D/pskey_bt(  327): get_next_u32: here:88888888
04-26 07:13:13.620 D/pskey_bt(  327): char:6, 6
04-26 07:13:13.620 D/pskey_bt(  327): get_one_item(data) = 0x6
04-26 07:13:13.620 D/pskey_bt(  327): get_next_u16: here:6
04-26 07:13:13.620 D/pskey_bt(  327): char:0, 0
04-26 07:13:13.620 D/pskey_bt(  327): get_one_item(data) = 0x0
04-26 07:13:13.620 D/pskey_bt(  327): get_next_u16: here:0
04-26 07:13:13.620 D/pskey_bt(  327): char:0, 0
04-26 07:13:13.620 D/pskey_bt(  327): char:0, 0
04-26 07:13:13.620 D/pskey_bt(  327): char:0, 0
04-26 07:13:13.620 D/pskey_bt(  327): char:1, 1
04-26 07:13:13.620 D/pskey_bt(  327): get_one_item(data) = 0x1
04-26 07:13:13.620 D/pskey_bt(  327): get_next_u32: here:1
04-26 07:13:13.620 D/pskey_bt(  327): char:0, 0
04-26 07:13:13.620 D/pskey_bt(  327): char:0, 0
04-26 07:13:13.620 D/pskey_bt(  327): char:0, 0
04-26 07:13:13.620 D/pskey_bt(  327): char:0, 0
04-26 07:13:13.620 D/pskey_bt(  327): get_one_item(data) = 0x0
04-26 07:13:13.620 D/pskey_bt(  327): get_next_u32: here:0
04-26 07:13:13.620 D/pskey_bt(  327): char:0, 0
04-26 07:13:13.620 D/pskey_bt(  327): char:0, 0
04-26 07:13:13.620 D/pskey_bt(  327): char:0, 0
04-26 07:13:13.620 D/pskey_bt(  327): char:0, 0
04-26 07:13:13.620 D/pskey_bt(  327): get_one_item(data) = 0x0
04-26 07:13:13.620 D/pskey_bt(  327): get_next_u32: here:0
04-26 07:13:13.620 D/pskey_bt(  327): char:0, 0
04-26 07:13:13.620 D/pskey_bt(  327): char:0, 0
04-26 07:13:13.620 D/pskey_bt(  327): char:0, 0
04-26 07:13:13.620 D/pskey_bt(  327): char:0, 0
04-26 07:13:13.620 D/pskey_bt(  327): get_one_item(data) = 0x0
04-26 07:13:13.620 D/pskey_bt(  327): get_next_u32: here:0
04-26 07:13:13.620 D/pskey_bt(  327): char:0, 0
04-26 07:13:13.620 D/pskey_bt(  327): char:0, 0
04-26 07:13:13.620 D/pskey_bt(  327): char:0, 0
04-26 07:13:13.620 D/pskey_bt(  327): char:0, 0
04-26 07:13:13.620 D/pskey_bt(  327): get_one_item(data) = 0x0
04-26 07:13:13.620 D/pskey_bt(  327): get_next_u32: here:0
04-26 07:13:13.620 D/pskey_bt(  327): char:0, 0
04-26 07:13:13.620 D/pskey_bt(  327): char:0, 0
04-26 07:13:13.620 D/pskey_bt(  327): char:0, 0
04-26 07:13:13.620 D/pskey_bt(  327): char:0, 0
04-26 07:13:13.620 D/pskey_bt(  327): get_one_item(data) = 0x0
04-26 07:13:13.620 D/pskey_bt(  327): get_next_u32: here:0
04-26 07:13:13.620 D/pskey_bt(  327): char:0, 0
04-26 07:13:13.620 D/pskey_bt(  327): char:0, 0
04-26 07:13:13.620 D/pskey_bt(  327): char:0, 0
04-26 07:13:13.620 D/pskey_bt(  327): char:0, 0
04-26 07:13:13.620 D/pskey_bt(  327): get_one_item(data) = 0x0
04-26 07:13:13.620 D/pskey_bt(  327): get_next_u32: here:0
04-26 07:13:13.620 D/pskey_bt(  327): char:0, 0
04-26 07:13:13.620 D/pskey_bt(  327): char:0, 0
04-26 07:13:13.620 D/pskey_bt(  327): char:0, 0
04-26 07:13:13.620 D/pskey_bt(  327): char:0, 0
04-26 07:13:13.620 D/pskey_bt(  327): get_one_item(data) = 0x0
04-26 07:13:13.620 D/pskey_bt(  327): get_next_u32: here:0
04-26 07:13:13.620 D/pskey_bt(  327): char:0, 0
04-26 07:13:13.620 D/pskey_bt(  327): char:0, 0
04-26 07:13:13.620 D/pskey_bt(  327): char:0, 0
04-26 07:13:13.620 D/pskey_bt(  327): char:0, 0
04-26 07:13:13.620 D/pskey_bt(  327): get_one_item(data) = 0x0
04-26 07:13:13.620 D/pskey_bt(  327): get_next_u32: here:0
04-26 07:13:13.620 D/pskey_bt(  327): get_one_item(data) = 0x0
04-26 07:13:13.620 D/pskey_bt(  327): get_next_u32: here:0
04-26 07:13:13.620 D/pskey_bt(  327): leave out tmp_buff=
04-26 07:13:13.620 D/pskey_bt(  327): parse pskey success, tmp_buff=0x15e7120
04-26 07:13:13.620 D/pskey_bt(  327): ret get pskey from file =0
04-26 07:13:13.620 D/pskey_bt(  327): data/btmac.txt does not exist 0 
04-26 07:13:13.680 I/Gonk    (   83): RIL[1]: OnConnectSuccess
04-26 07:13:13.720 D/pskey_bt(  327): tmp_mac:00c3870274d3
04-26 07:13:13.720 D/pskey_bt(  327): d3  
04-26 07:13:13.720 D/pskey_bt(  327): 74  
04-26 07:13:13.720 D/pskey_bt(  327): 2  
04-26 07:13:13.720 D/pskey_bt(  327): 87  
04-26 07:13:13.720 D/pskey_bt(  327): c3  
04-26 07:13:13.720 D/pskey_bt(  327): 0  
04-26 07:13:13.950 I/Gecko   (   83): 1398521593955	Marionette	DEBUG	accepted connection on 127.0.0.1:55864
04-26 07:13:14.130 E/bluedroid(   83): test bt_is_enabled
04-26 07:13:14.770 D/NetUtils(   83): failed to remove default route for wlan0: No such device
04-26 07:13:14.780 W/WifiHW  (   83): wifi_load_driver enter 262
04-26 07:13:14.780 W/WifiHW  (   83): DRIVER_MODULE_PATH= DRIVER_MODULE_ARG= 
04-26 07:13:14.780 W/WifiHW  (   83): driver insmod complete 
04-26 07:13:14.780 W/WifiHW  (   83): Driver() loaded succesffuly
04-26 07:13:15.020 W/WifiHW  (   86): wifi_change_fw_path: /system/lib/modules/itm_sta.ko
04-26 07:13:15.020 D/WifiHW  (   86): Unable to unload driver module "itm_ap.ko": No such file or directory
04-26 07:13:15.220 D/WifiHW  (   86): Unable to unload driver module "itm_sta.ko": No such file or directory
04-26 07:13:15.420 W/WifiHW  (   86): insmod filename=/system/lib/modules/itm_sta.ko args= 
04-26 07:13:15.550 V/AudioPolicyManagerBase(   88): setStreamVolumeIndex() stream 3, index 0
04-26 07:13:15.550 E/AudioPolicyManagerBase(   88): checkAndSetVolume stream=3, index=0, output=1, device=2
04-26 07:13:15.550 E/AudioPolicyManagerBase(   88): computeVolume, streamDesc=0x14d7bf0
04-26 07:13:15.550 V/AudioPolicyManagerBase(   88): setStreamVolume() for output 1 stream 3, volume 0.000000, delay 0
04-26 07:13:15.550 V/AudioPolicyManagerBase(   88): setStreamVolumeIndex() stream 1, index 0
04-26 07:13:15.550 E/AudioPolicyManagerBase(   88): checkAndSetVolume stream=1, index=0, output=1, device=2
04-26 07:13:15.550 E/AudioPolicyManagerBase(   88): computeVolume, streamDesc=0x14d7bb8
04-26 07:13:15.550 V/AudioPolicyManagerBase(   88): setStreamVolume() for output 1 stream 1, volume 0.000000, delay 0
04-26 07:13:15.550 V/AudioPolicyManagerBase(   88): setStreamVolumeIndex() stream 5, index 0
04-26 07:13:15.550 E/AudioPolicyManagerBase(   88): checkAndSetVolume stream=5, index=0, output=1, device=2
04-26 07:13:15.550 E/AudioPolicyManagerBase(   88): computeVolume, streamDesc=0x14d7c28
04-26 07:13:15.550 V/AudioPolicyManagerBase(   88): setStreamVolume() for output 1 stream 5, volume 0.000000, delay 0
04-26 07:13:15.550 V/AudioPolicyManagerBase(   88): setStreamVolumeIndex() stream 2, index 0
04-26 07:13:15.550 E/AudioPolicyManagerBase(   88): checkAndSetVolume stream=2, index=0, output=1, device=2
04-26 07:13:15.550 E/AudioPolicyManagerBase(   88): computeVolume, streamDesc=0x14d7bd4
04-26 07:13:15.550 V/AudioPolicyManagerBase(   88): setStreamVolume() for output 1 stream 2, volume 0.000000, delay 0
04-26 07:13:15.550 V/AudioPolicyManagerBase(   88): setStreamVolumeIndex() stream 4, index 15
04-26 07:13:15.550 E/AudioPolicyManagerBase(   88): checkAndSetVolume stream=4, index=15, output=1, device=2
04-26 07:13:15.550 E/AudioPolicyManagerBase(   88): computeVolume, streamDesc=0x14d7c0c
04-26 07:13:15.550 V/AudioPolicyManagerBase(   88): VOLUME vol index=[66 100 100], dB=[-10.2 0.0 0.0] ampl=1.00000
04-26 07:13:15.560 V/AudioPolicyManagerBase(   88): setStreamVolumeIndex() stream 0, index 5
04-26 07:13:15.560 E/AudioPolicyManagerBase(   88): checkAndSetVolume stream=0, index=5, output=1, device=2
04-26 07:13:15.560 E/AudioPolicyManagerBase(   88): computeVolume, streamDesc=0x14d7b9c
04-26 07:13:15.560 V/AudioPolicyManagerBase(   88): VOLUME vol index=[66 100 100], dB=[-17.0 0.0 0.0] ampl=1.00000
04-26 07:13:15.560 V/AudioPolicyManagerBase(   88): setStreamVolumeIndex() stream 6, index 15
04-26 07:13:15.560 V/AudioPolicyManagerBase(   88): checkAndSetVolume() cannot set stream 6 volume with force use = 0 for comm
04-26 07:13:15.900 I/VolumeManager(   83): SetSharingMode for volume sdcard to 1 canBeShared = 1
04-26 07:13:15.910 I/AutoMounter(   83): UpdateState: umsAvail:1 umsEnabled:1 mode:0 usbCablePluggedIn:1 tryToShare:0
04-26 07:13:15.910 I/AutoMounter(   83): UpdateState: Volume sdcard is NoMedia and missing
04-26 07:13:16.150 I/Gecko   (   83): ###################################### forms.js loaded
04-26 07:13:16.160 I/Gecko   (   83): ############################### browserElementPanning.js loaded
04-26 07:13:16.180 I/Gecko   (   83): ######################## BrowserElementChildPreload.js loaded
04-26 07:13:16.210 I/Gecko   (   83): *** UTM:SVC TimerManager:registerTimer - id: user-agent-updates-timer
04-26 07:13:16.210 E/GeckoConsole(   83): UTM:SVC TimerManager:registerTimer - id: user-agent-updates-timer
04-26 07:13:16.870 E/Profiler(  342): BEGIN mozilla_sampler_init
04-26 07:13:16.890 E/Profiler(  342): BPUnw: [1 total] thread_register_for_profiling(me=0x40156488, stacktop=0xbea819b7)
04-26 07:13:16.890 E/Profiler(  342): SPS:
04-26 07:13:16.890 E/Profiler(  342): SPS: Unwind mode       = pseudo
04-26 07:13:16.890 E/Profiler(  342): SPS: Sampling interval = 0 ms (zero means "platform default")
04-26 07:13:16.890 E/Profiler(  342): SPS: Entry store size  = 0 (zero means "platform default")
04-26 07:13:16.890 E/Profiler(  342): SPS: UnwindStackScan   = 0 (max dubious frames per unwind).
04-26 07:13:16.900 E/Profiler(  342): SPS: Use env var MOZ_PROFILER_MODE=help for further information.
04-26 07:13:16.900 E/Profiler(  342): SPS:
04-26 07:13:16.900 E/Profiler(  342): Registering start signal
04-26 07:13:17.700 E/GeckoConsole(   83): [JavaScript Warning: "Error in parsing value for 'font-weight'.  Declaration dropped." {file: "app://system.gaiamobile.org/style/shrinking_ui/shrinking_ui.css" line: 9 column: 15 source: "  font-weight: medium;"}]
04-26 07:13:17.810 E/Profiler(   83): BPUnw: [1 total] thread_unregister_for_profiling(me=0x1bf6f48)  (NOT REGISTERED) 
04-26 07:13:17.950 E/GeckoConsole(  342): Could not read chrome manifest 'file:///system/b2g/chrome.manifest'.
04-26 07:13:18.120 D/SoftapController(   86): Softap fwReload - Ok
04-26 07:13:18.120 E/BandwidthController(   86): No such iface wlan0 to delete
04-26 07:13:18.130 D/Sensors (   83): activate handle=0; drv=0
04-26 07:13:18.130 D/Sensors (   83): Lis3dhSensor: Control set 0
04-26 07:13:18.130 D/Sensors (   83): Lis3dhSensor: mEnabled = 0
04-26 07:13:18.140 I/Gecko   (   83): MobileConnection initialized
04-26 07:13:18.140 I/Gecko   (   83): MobileConnection initialized
04-26 07:13:18.650 I/Gecko   (   83): Attempting load of libEGL.so
04-26 07:13:18.690 D/libEGL  (   83): loaded /system/lib/egl/libEGL_mali.so
04-26 07:13:18.720 D/libEGL  (   83): loaded /system/lib/egl/libGLESv1_CM_mali.so
04-26 07:13:18.730 D/libEGL  (   83): loaded /system/lib/egl/libGLESv2_mali.so
04-26 07:13:18.740 I/HWComposer(   83): Creating new instance
04-26 07:13:18.740 E/HWComposer(   83): Failed to initialize hwc
04-26 07:13:18.800 E/GeckoConsole(   83): OpenGL compositor Initialized Succesfully.
04-26 07:13:18.800 E/GeckoConsole(   83): Version: OpenGL ES 2.0 Spreadtrum Build
04-26 07:13:18.800 E/GeckoConsole(   83): Vendor: ARM
04-26 07:13:18.800 E/GeckoConsole(   83): Renderer: Mali-300
04-26 07:13:18.800 E/GeckoConsole(   83): FBO Texture Target: TEXTURE_2D
04-26 07:13:20.820 I/power   (   83): *** set_screen_state 1
04-26 07:13:20.820 D/Sensors (   83): activate handle=3; drv=1
04-26 07:13:20.820 D/Sensors (   83): SensorTMD2771::setEnable=0= en=1; newState=1; what=0; mEnabled=0
04-26 07:13:20.930 D/Sensors (   83): taos ---Light::TAOS_IOCTL_ALS_ON=== err=0
04-26 07:13:20.930 D/Sensors (   83): SensorTMD2771::setEnable=1= en=1; newState=1; what=0; mEnabled=1
04-26 07:13:20.930 D/Sensors (   83): SensorTMD2771::getEnable===mEnabled=0x1; enable=1
04-26 07:13:20.940 I/GeckoDump(   83): XXX FIXME : Got a mozContentEvent: nfc-hardware-state-change
04-26 07:13:20.990 I/Gecko   (   83): ############################### browserElementPanning.js loaded
04-26 07:13:21.020 I/Gecko   (   83): ######################## BrowserElementChildPreload.js loaded
04-26 07:13:21.050 I/GeckoDump(   83): XXX FIXME : Got a mozContentEvent: system-message-listener-ready
04-26 07:13:21.080 I/Gecko   (   83): 1398521601091	Marionette	DEBUG	accepted connection on 127.0.0.1:55865
04-26 07:13:21.320 I/Gonk    (   83): Setting nice for pid 358 to 18
04-26 07:13:21.320 I/Gonk    (   83): Changed nice for pid 358 from 0 to 18.
04-26 07:13:21.410 D/Sensors (   83): SensorTMD2771::readEvents()======data_fd=53,count=16
04-26 07:13:21.410 D/Sensors (   83): SensorTMD2771::processEvent()=====code=40::value=3 
04-26 07:13:21.410 D/Sensors (   83): SensorTMD2771: mPendingEvents[Light].light = 3.000000
04-26 07:13:21.630 E/WifiHW  (   83): Leo ensure_config_file_exists config_file=/data/misc/wifi/wpa_supplicant.conf
04-26 07:13:21.640 E/WifiHW  (   83): daemon_cmd=wpa_supplicant:-iwlan0 -c/data/misc/wifi/wpa_supplicant.conf
04-26 07:13:21.880 E/GeckoConsole(   83): [JavaScript Warning: "Error in parsing value for 'padding'.  Declaration dropped." {file: "app://callscreen.gaiamobile.org/style/oncall.css" line: 280 column: 13 source: "    padding: none;"}]
04-26 07:13:22.390 I/Gecko   (   83): MobileConnection initialized
04-26 07:13:22.390 I/Gecko   (   83): MobileConnection initialized
04-26 07:13:22.750 V/AudioPolicyManagerBase(   88): getDeviceForStrategy() from cache strategy 0, device 2
04-26 07:13:22.750 V/AudioPolicyManagerBase(   88): getOutput() stream 3, samplingRate 0, format 0, channels 3, flags 0
04-26 07:13:23.140 W/WifiHW  (   83): wifi_command: LOG_LEVEL
04-26 07:13:23.140 W/WifiHW  (   83): wifi_command: STATUS
04-26 07:13:23.270 W/WifiHW  (   83): wifi_command: LIST_NETWORKS
04-26 07:13:23.270 W/WifiHW  (   83): wifi_command: DRIVER MACADDR
04-26 07:13:23.530 I/Gecko   (   83): 1398521603538	Marionette	INFO	loaded marionette-listener.js
04-26 07:13:23.530 I/Gecko   (   83): 1398521603540	Marionette	INFO	sendToClient: {"from":"0","value":"3-b2g"}, {710726d6-e5f8-4f37-99e2-292c73a0b8ba}, {710726d6-e5f8-4f37-99e2-292c73a0b8ba}
04-26 07:13:23.570 W/WifiHW  (   83): wifi_command: GET_NETWORK 0 ssid
04-26 07:13:23.580 W/WifiHW  (   83): wifi_command: GET_NETWORK 0 bssid
04-26 07:13:23.580 W/WifiHW  (   83): wifi_command: GET_NETWORK 0 psk
04-26 07:13:23.590 W/WifiHW  (   83): wifi_command: GET_NETWORK 0 wep_key0
04-26 07:13:23.590 W/WifiHW  (   83): wifi_command: GET_NETWORK 0 wep_key1
04-26 07:13:23.590 W/WifiHW  (   83): wifi_command: GET_NETWORK 0 wep_key2
04-26 07:13:23.590 W/WifiHW  (   83): wifi_command: GET_NETWORK 0 wep_key3
04-26 07:13:23.590 W/WifiHW  (   83): wifi_command: GET_NETWORK 0 wep_tx_keyidx
04-26 07:13:23.590 W/WifiHW  (   83): wifi_command: GET_NETWORK 0 priority
04-26 07:13:23.590 W/WifiHW  (   83): wifi_command: GET_NETWORK 0 key_mgmt
04-26 07:13:23.590 W/WifiHW  (   83): wifi_command: GET_NETWORK 0 scan_ssid
04-26 07:13:23.590 W/WifiHW  (   83): wifi_command: GET_NETWORK 0 disabled
04-26 07:13:23.590 W/WifiHW  (   83): wifi_command: GET_NETWORK 0 identity
04-26 07:13:23.590 W/WifiHW  (   83): wifi_command: GET_NETWORK 0 password
04-26 07:13:23.590 W/WifiHW  (   83): wifi_command: GET_NETWORK 0 auth_alg
04-26 07:13:23.590 W/WifiHW  (   83): wifi_command: GET_NETWORK 0 phase1
04-26 07:13:23.600 W/WifiHW  (   83): wifi_command: GET_NETWORK 0 phase2
04-26 07:13:23.600 W/WifiHW  (   83): wifi_command: GET_NETWORK 0 eap
04-26 07:13:23.600 W/WifiHW  (   83): wifi_command: GET_NETWORK 0 pin
04-26 07:13:23.600 W/WifiHW  (   83): wifi_command: GET_NETWORK 0 pcsc
04-26 07:13:23.680 W/WifiHW  (   83): wifi_command: ENABLE_NETWORK 0
04-26 07:13:23.680 W/WifiHW  (   83): wifi_command: AP_SCAN 1
04-26 07:13:23.700 W/WifiHW  (   83): wifi_command: SAVE_CONFIG
04-26 07:13:23.750 I/Gecko   (   83): 1398521603760	Marionette	INFO	sendToClient: {"from":"0","value":{"ELEMENT":"{bd761e2b-f930-4d9f-9c67-501d493f30cc}"}}, {0d602a2e-a375-47ca-b639-ef87288ce158}, {0d602a2e-a375-47ca-b639-ef87288ce158}
04-26 07:13:23.930 I/Gecko   (   83): 1398521603942	Marionette	INFO	sendToClient: {"from":"0","value":false}, {8183465a-9552-4370-87f7-c7a46cdf8d29}, {8183465a-9552-4370-87f7-c7a46cdf8d29}
04-26 07:13:23.960 W/WifiHW  (   83): wifi_command: SCAN_RESULTS
04-26 07:13:23.960 W/WifiHW  (   83): wifi_command: DRIVER SCAN-PASSIVE
04-26 07:13:24.180 I/Gecko   (   83): 1398521604185	Marionette	INFO	sendToClient: {"from":"0","value":{"ELEMENT":"{bd761e2b-f930-4d9f-9c67-501d493f30cc}"}}, {e4f475f3-9eeb-4577-bd6d-fef082a36bbe}, {e4f475f3-9eeb-4577-bd6d-fef082a36bbe}
04-26 07:13:24.900 I/Gecko   (   83): 1398521604909	Marionette	INFO	sendToClient: {"from":"0","value":false}, {c022f4d1-55c0-4fef-91a8-a3caf1cedfc9}, {c022f4d1-55c0-4fef-91a8-a3caf1cedfc9}
04-26 07:13:25.030 I/Gecko   (   83): 1398521605042	Marionette	INFO	sendToClient: {"from":"0","value":{"ELEMENT":"{bd761e2b-f930-4d9f-9c67-501d493f30cc}"}}, {25aa01b8-6eb9-4470-b658-6ff3affe2b1a}, {25aa01b8-6eb9-4470-b658-6ff3affe2b1a}
04-26 07:13:25.080 I/Gecko   (   83): 1398521605085	Marionette	INFO	sendToClient: {"from":"0","value":false}, {99fb4564-0a2b-4171-8089-924de5642920}, {99fb4564-0a2b-4171-8089-924de5642920}
04-26 07:13:25.190 I/GeckoDump(   83): XXX FIXME : Got a mozContentEvent: accessibility-screenreader
04-26 07:13:25.230 I/GeckoDump(   83): XXX FIXME : Got a mozContentEvent: nfc-hardware-state-change
04-26 07:13:25.400 W/WifiHW  (   83): wifi_command: DRIVER SCAN-ACTIVE
04-26 07:13:25.580 W/WifiHW  (   83): wifi_command: SCAN
04-26 07:13:25.640 W/WifiHW  (   83): wifi_command: DRIVER SCAN-PASSIVE
04-26 07:13:25.680 I/Gecko   (   83): 1398521605686	Marionette	INFO	sendToClient: {"from":"0","value":{"ELEMENT":"{bd761e2b-f930-4d9f-9c67-501d493f30cc}"}}, {8c9364de-6a2f-4ea1-b9d2-756f87c5c1b8}, {8c9364de-6a2f-4ea1-b9d2-756f87c5c1b8}
04-26 07:13:25.830 I/Gecko   (   83): 1398521605843	Marionette	INFO	sendToClient: {"from":"0","value":true}, {a015dccf-7edd-4c63-a7af-bc6c82443bfc}, {a015dccf-7edd-4c63-a7af-bc6c82443bfc}
04-26 07:13:26.070 E/GeckoConsole(   83): Content JS ERROR at app://system.gaiamobile.org/js/telephony_settings.js:23 in set_vpm_error: Error setting voice privacy.
04-26 07:13:26.070 E/GeckoConsole(   83): Content JS ERROR at app://system.gaiamobile.org/js/telephony_settings.js:23 in set_vpm_error: Error setting voice privacy.
04-26 07:13:26.070 E/GeckoConsole(   83): Content JS ERROR at app://system.gaiamobile.org/js/telephony_settings.js:42 in set_vpm_error: Error roaming preference.
04-26 07:13:26.070 E/GeckoConsole(   83): Content JS ERROR at app://system.gaiamobile.org/js/telephony_settings.js:42 in set_vpm_error: Error roaming preference.
04-26 07:13:26.120 I/FMRadio (   83): FMRadio is initialized.
04-26 07:13:26.840 E/Profiler(   83): BPUnw: [1 total] thread_unregister_for_profiling(me=0x1bf6f08)  (NOT REGISTERED) 
04-26 07:13:26.900 I/GeckoDump(   83): XXX FIXME : Got a mozContentEvent: inputmethod-update-layouts
04-26 07:13:26.950 I/Gecko   (   83): ############################### browserElementPanning.js loaded
04-26 07:13:27.160 I/Gecko   (   83): ######################## BrowserElementChildPreload.js loaded
04-26 07:13:27.260 I/GeckoDump(   83): XXX FIXME : Got a mozContentEvent: inputmethod-update-layouts
04-26 07:13:27.880 E/GeckoConsole(   83): [JavaScript Warning: "Error in parsing value for 'font-weight'.  Declaration dropped." {file: "app://keyboard.gaiamobile.org/style/keyboard.css" line: 133 column: 15 source: "  font-weight: medium;"}]
04-26 07:13:28.610 I/Gecko   (   83): 1398521608616	Marionette	INFO	sendToClient: {"from":"0","ok":true}, {acae8248-3a53-48e4-8782-24fc1192f3e2}, {acae8248-3a53-48e4-8782-24fc1192f3e2}
04-26 07:13:28.620 I/Gecko   (   83): 1398521608625	Marionette	DEBUG	Got request: switchToFrame, data: {"to":"0","sessionId":"3-b2g","name":"switchToFrame","parameters":{"id":null,"focus":true}}, id: {3bda472b-d4cb-4f38-a611-d63b23410b4f}
04-26 07:13:28.630 I/Gecko   (   83): 1398521608635	Marionette	INFO	Switched to frame: {"frameValue":null}
04-26 07:13:28.730 W/WifiHW  (   83): wifi_command: SCAN_RESULTS
04-26 07:13:28.750 W/WifiHW  (   83): wifi_command: DRIVER SCAN-PASSIVE
04-26 07:13:28.760 I/Gecko   (   83): 1398521608770	Marionette	INFO	sendToClient: {"from":"0","ok":true}, {3bda472b-d4cb-4f38-a611-d63b23410b4f}, {3bda472b-d4cb-4f38-a611-d63b23410b4f}
04-26 07:13:28.790 W/WifiHW  (   83): wifi_command: GET_NETWORK 0 ssid
04-26 07:13:28.790 W/WifiHW  (   83): wifi_command: GET_NETWORK 0 bssid
04-26 07:13:28.790 W/WifiHW  (   83): wifi_command: GET_NETWORK 0 psk
04-26 07:13:28.790 W/WifiHW  (   83): wifi_command: GET_NETWORK 0 wep_key0
04-26 07:13:28.800 W/WifiHW  (   83): wifi_command: GET_NETWORK 0 wep_key1
04-26 07:13:28.800 W/WifiHW  (   83): wifi_command: GET_NETWORK 0 wep_key2
04-26 07:13:28.800 W/WifiHW  (   83): wifi_command: GET_NETWORK 0 wep_key3
04-26 07:13:28.800 W/WifiHW  (   83): wifi_command: GET_NETWORK 0 wep_tx_keyidx
