--------- beginning of /dev/log/main
04-27 10:53:27.621 V/AudioPolicyManagerBase(   88): startOutput() output 1, stream 1, session 2
04-27 10:53:27.621 V/AudioPolicyManagerBase(   88): startReadingThread
04-27 10:53:27.621 V/AudioPolicyManagerBase(   88): changeRefCount() stream 1, count 1
04-27 10:53:27.621 V/AudioPolicyManagerBase(   88): getDeviceForStrategy() from cache strategy 0, device 2
04-27 10:53:27.621 V/AudioPolicyManagerBase(   88): getNewDevice() selected device 2
04-27 10:53:27.621 D/AudioPolicyManagerBase(   88): setOutputDevice() output 1 device 2 delayMs 0
04-27 10:53:27.621 V/AudioPolicyManagerBase(   88): setOutputDevice() setting same device 2 or null device for output 1
04-27 10:53:27.621 E/AudioPolicyManagerBase(   88): checkAndSetVolume stream=1, index=0, output=1, device=2
04-27 10:53:27.621 E/AudioPolicyManagerBase(   88): computeVolume, streamDesc=0xce4bb8
04-27 10:53:27.641 V/AudioPolicyManagerBase(   88): ThreadWrapper 0xce4b40
04-27 10:53:27.641 V/AudioPolicyManagerBase(   88): threadFunc in
04-27 10:53:27.701 W/AudioFlinger(   88): Thread AudioOut_1 cannot connect to the power manager service
04-27 10:53:27.701 V/AudioPolicyManagerBase(   88): stopOutput() output 1, stream 1, session 2
04-27 10:53:27.701 V/AudioPolicyManagerBase(   88): stopReadingThread
04-27 10:53:27.741 V/AudioPolicyManagerBase(   88): threadFunc exit
04-27 10:53:27.741 V/AudioPolicyManagerBase(   88): changeRefCount() stream 1, count 0
04-27 10:53:27.741 V/AudioPolicyManagerBase(   88): getNewDevice() selected device 0
04-27 10:53:27.741 D/AudioPolicyManagerBase(   88): setOutputDevice() output 1 device 0 delayMs 290
04-27 10:53:27.741 V/AudioPolicyManagerBase(   88): setOutputDevice() setting same device 0 or null device for output 1
04-27 10:53:27.791 V/AudioPolicyManagerBase(   88): startOutput() output 1, stream 1, session 2
04-27 10:53:27.791 V/AudioPolicyManagerBase(   88): changeRefCount() stream 1, count 1
04-27 10:53:27.791 V/AudioPolicyManagerBase(   88): getDeviceForStrategy() from cache strategy 0, device 2
04-27 10:53:27.791 V/AudioPolicyManagerBase(   88): getNewDevice() selected device 2
04-27 10:53:27.791 D/AudioPolicyManagerBase(   88): setOutputDevice() output 1 device 2 delayMs 0
04-27 10:53:27.791 V/AudioPolicyManagerBase(   88): setOutputDevice() setting same device 2 or null device for output 1
04-27 10:53:27.791 E/AudioPolicyManagerBase(   88): checkAndSetVolume stream=1, index=0, output=1, device=2
04-27 10:53:27.791 E/AudioPolicyManagerBase(   88): computeVolume, streamDesc=0xce4bb8
04-27 10:53:27.791 V/AudioPolicyManagerBase(   88): stopOutput() output 1, stream 1, session 2
04-27 10:53:27.791 V/AudioPolicyManagerBase(   88): changeRefCount() stream 1, count 0
04-27 10:53:27.791 V/AudioPolicyManagerBase(   88): getNewDevice() selected device 0
04-27 10:53:27.791 D/AudioPolicyManagerBase(   88): setOutputDevice() output 1 device 0 delayMs 290
04-27 10:53:27.791 V/AudioPolicyManagerBase(   88): setOutputDevice() setting same device 0 or null device for output 1
04-27 10:53:27.791 V/AudioPolicyManagerBase(   88): releaseOutput() 1
04-27 10:53:27.851 I/Gecko   (   83): 1398621207860	Marionette	INFO	sendToClient: {"from":"0","ok":true}, {c8740f5a-36bc-4237-b55e-62619491cafd}, {c8740f5a-36bc-4237-b55e-62619491cafd}
04-27 10:53:27.871 I/Gecko   (   83): 1398621207884	Marionette	DEBUG	Got request: switchToFrame, data: {"to":"0","sessionId":"3-b2g","name":"switchToFrame","parameters":{"id":null,"focus":true}}, id: {6c10cb19-5f63-4cce-9c47-1708daabf12d}
04-27 10:53:27.871 I/Gecko   (   83): 1398621207888	Marionette	INFO	Switched to frame: {"frameValue":null}
04-27 10:53:27.981 I/Gecko   (   83): 1398621207996	Marionette	INFO	sendToClient: {"from":"0","ok":true}, {6c10cb19-5f63-4cce-9c47-1708daabf12d}, {6c10cb19-5f63-4cce-9c47-1708daabf12d}
04-27 10:53:27.991 I/Gecko   (   83): 1398621208004	Marionette	DEBUG	Got request: executeWithCallback, data: {"to":"0","sessionId":"3-b2g","name":"executeAsyncScript","parameters":{"specialPowers":false,"scriptTimeout":null,"newSandbox":true,"args":[],"filename":"gaia_test.py","script":"return GaiaApps.displayedApp();","line":66}}, id: {50dbf092-1a20-4a05-920e-0a7335fe294c}
04-27 10:53:28.071 I/Gecko   (   83): 1398621208088	Marionette	INFO	sendToClient: {"from":"0","value":{"frame":{"ELEMENT":"{2af3eb4e-64db-4f74-957f-d5e92a73c8f8}"},"src":"app://homescreen.gaiamobile.org/index.html#root","name":"Homescreen","origin":"app://homescreen.gaiamobile.org"}}, {50dbf092-1a20-4a05-920e-0a7335fe294c}, {50dbf092-1a20-4a05-920e-0a7335fe294c}
04-27 10:53:28.081 E/GeckoConsole(   83): Content JS LOG at dummy file:392 in GaiaApps.displayedApp: app with origin 'app://homescreen.gaiamobile.org' is displayed
04-27 10:53:28.091 I/Gecko   (   83): 1398621208102	Marionette	DEBUG	Got request: switchToFrame, data: {"to":"0","sessionId":"3-b2g","name":"switchToFrame","parameters":{"id":null,"focus":true}}, id: {9cbd5f02-1e25-4001-9725-d13949a89e5f}
04-27 10:53:28.091 I/Gecko   (   83): 1398621208105	Marionette	INFO	Switched to frame: {"frameValue":null}
04-27 10:53:28.191 I/Gecko   (   83): 1398621208208	Marionette	INFO	sendToClient: {"from":"0","ok":true}, {9cbd5f02-1e25-4001-9725-d13949a89e5f}, {9cbd5f02-1e25-4001-9725-d13949a89e5f}
04-27 10:53:28.201 I/Gecko   (   83): 1398621208214	Marionette	DEBUG	Got request: switchToFrame, data: {"to":"0","sessionId":"3-b2g","name":"switchToFrame","parameters":{"id":null,"focus":true}}, id: {c9d15140-1862-456e-bcca-3beb5b9b2dad}
04-27 10:53:28.201 I/Gecko   (   83): 1398621208216	Marionette	INFO	Switched to frame: {"frameValue":null}
04-27 10:53:28.311 I/Gecko   (   83): 1398621208321	Marionette	INFO	sendToClient: {"from":"0","ok":true}, {c9d15140-1862-456e-bcca-3beb5b9b2dad}, {c9d15140-1862-456e-bcca-3beb5b9b2dad}
04-27 10:53:28.311 I/Gecko   (   83): 1398621208328	Marionette	DEBUG	Got request: executeWithCallback, data: {"to":"0","sessionId":"3-b2g","name":"executeAsyncScript","parameters":{"specialPowers":false,"scriptTimeout":null,"newSandbox":true,"args":[],"filename":"gaia_test.py","script":"return GaiaApps.displayedApp();","line":66}}, id: {e1f12a6c-90f2-44d3-b8d5-43d5120e36a0}
04-27 10:53:28.361 W/WifiHW  (   83): wifi_command: SIGNAL_POLL
04-27 10:53:28.371 I/Gecko   (   83): 1398621208384	Marionette	INFO	sendToClient: {"from":"0","value":{"frame":{"ELEMENT":"{2af3eb4e-64db-4f74-957f-d5e92a73c8f8}"},"src":"app://homescreen.gaiamobile.org/index.html#root","name":"Homescreen","origin":"app://homescreen.gaiamobile.org"}}, {e1f12a6c-90f2-44d3-b8d5-43d5120e36a0}, {e1f12a6c-90f2-44d3-b8d5-43d5120e36a0}
04-27 10:53:28.371 E/GeckoConsole(   83): Content JS LOG at dummy file:392 in GaiaApps.displayedApp: app with origin 'app://homescreen.gaiamobile.org' is displayed
04-27 10:53:28.391 I/Gecko   (   83): 1398621208404	Marionette	DEBUG	Got request: switchToFrame, data: {"to":"0","sessionId":"3-b2g","name":"switchToFrame","parameters":{"focus":true,"element":"{2af3eb4e-64db-4f74-957f-d5e92a73c8f8}"}}, id: {b234d06d-e9f0-4fa0-b160-2a5d094f6fba}
04-27 10:53:28.411 I/Gecko   (   83): 1398621208428	Marionette	INFO	Switched to frame: {"frameValue":"{2af3eb4e-64db-4f74-957f-d5e92a73c8f8}"}
04-27 10:53:28.421 I/Gecko   (   83): 1398621208438	Marionette	INFO	trying remote frame 0
04-27 10:53:28.431 I/Gecko   (   83): 1398621208440	Marionette	INFO	deleting frame
04-27 10:53:28.441 I/Gecko   (   83): 1398621208454	Marionette	INFO	frame-manager load script: [object ChromeMessageSender]
04-27 10:53:28.941 I/Gecko   (   83): 1398621208956	Marionette	INFO	sendToClient: {"from":"0","ok":true}, {b234d06d-e9f0-4fa0-b160-2a5d094f6fba}, {b234d06d-e9f0-4fa0-b160-2a5d094f6fba}
04-27 10:53:29.001 I/Gecko   (   83): 1398621209018	Marionette	INFO	sendToClient: {"from":"0","value":{"ELEMENT":"{61478bfd-ea03-4742-be69-665df8dc1302}"}}, {03e9df3b-7b05-4688-beee-0f321a5a1217}, {03e9df3b-7b05-4688-beee-0f321a5a1217}
04-27 10:53:29.241 E/GeckoConsole(  809): [JavaScript Warning: "Use of getAttributeNode() is deprecated. Use getAttribute() instead." {file: "chrome://marionette/content/atoms.js" line: 25}]
04-27 10:53:29.241 E/GeckoConsole(  809): [JavaScript Warning: "Use of attributes' specified attribute is deprecated. It always returns true." {file: "chrome://marionette/content/atoms.js" line: 25}]
04-27 10:53:29.241 I/Gecko   (   83): 1398621209256	Marionette	INFO	sendToClient: {"from":"0","value":"normal"}, {173699cc-9882-43eb-994b-c7fa63186708}, {173699cc-9882-43eb-994b-c7fa63186708}
04-27 10:53:29.251 I/Gecko   (   83): 1398621209263	Marionette	DEBUG	Got request: switchToFrame, data: {"to":"0","sessionId":"3-b2g","name":"switchToFrame","parameters":{"id":null,"focus":true}}, id: {ec66792c-5efe-427f-8f07-3009413208c4}
04-27 10:53:29.271 I/Gecko   (   83): 1398621209279	Marionette	INFO	Switched to frame: {"frameValue":null}
04-27 10:53:29.371 I/Gecko   (   83): 1398621209382	Marionette	INFO	sendToClient: {"from":"0","ok":true}, {ec66792c-5efe-427f-8f07-3009413208c4}, {ec66792c-5efe-427f-8f07-3009413208c4}
04-27 10:53:29.381 I/Gecko   (   83): 1398621209389	Marionette	DEBUG	Got request: execute, data: {"to":"0","sessionId":"3-b2g","name":"executeScript","parameters":{"specialPowers":false,"scriptTimeout":null,"newSandbox":true,"args":[],"filename":"gaia_test.py","script":"window.wrappedJSObject.dispatchEvent(new Event('home'));","line":788}}, id: {7c0e9c5a-adc7-40aa-8ca5-47a4eb4300ff}
04-27 10:53:29.451 I/Gecko   (   83): 1398621209462	Marionette	INFO	sendToClient: {"from":"0","value":null}, {7c0e9c5a-adc7-40aa-8ca5-47a4eb4300ff}, {7c0e9c5a-adc7-40aa-8ca5-47a4eb4300ff}
04-27 10:53:29.651 I/Gecko   (   83): 1398621209664	Marionette	DEBUG	Got request: switchToFrame, data: {"to":"0","sessionId":"3-b2g","name":"switchToFrame","parameters":{"id":null,"focus":true}}, id: {4975fa4b-f82f-4ccd-8dd1-880065d5c750}
04-27 10:53:29.651 I/Gecko   (   83): 1398621209667	Marionette	INFO	Switched to frame: {"frameValue":null}
04-27 10:53:29.761 I/Gecko   (   83): 1398621209771	Marionette	INFO	sendToClient: {"from":"0","ok":true}, {4975fa4b-f82f-4ccd-8dd1-880065d5c750}, {4975fa4b-f82f-4ccd-8dd1-880065d5c750}
04-27 10:53:29.771 I/Gecko   (   83): 1398621209779	Marionette	DEBUG	Got request: switchToFrame, data: {"to":"0","sessionId":"3-b2g","name":"switchToFrame","parameters":{"id":null,"focus":true}}, id: {8efc9e6a-cfe8-4e62-8b8d-d5ac08a26125}
04-27 10:53:29.771 I/Gecko   (   83): 1398621209781	Marionette	INFO	Switched to frame: {"frameValue":null}
04-27 10:53:29.871 I/Gecko   (   83): 1398621209887	Marionette	INFO	sendToClient: {"from":"0","ok":true}, {8efc9e6a-cfe8-4e62-8b8d-d5ac08a26125}, {8efc9e6a-cfe8-4e62-8b8d-d5ac08a26125}
04-27 10:53:29.881 I/Gecko   (   83): 1398621209894	Marionette	DEBUG	Got request: executeWithCallback, data: {"to":"0","sessionId":"3-b2g","name":"executeAsyncScript","parameters":{"specialPowers":false,"scriptTimeout":null,"newSandbox":true,"args":[],"filename":"gaia_test.py","script":"return GaiaApps.displayedApp();","line":66}}, id: {cae04065-7cc4-4aab-9233-1f7799f9038b}
04-27 10:53:29.951 I/Gecko   (   83): 1398621209965	Marionette	INFO	sendToClient: {"from":"0","value":{"frame":{"ELEMENT":"{2af3eb4e-64db-4f74-957f-d5e92a73c8f8}"},"src":"app://homescreen.gaiamobile.org/index.html#rootSun%20Apr%2027%202014%2010:53:29%20GMT-0700%20(UTC)","name":"Homescreen","origin":"app://homescreen.gaiamobile.org"}}, {cae04065-7cc4-4aab-9233-1f7799f9038b}, {cae04065-7cc4-4aab-9233-1f7799f9038b}
04-27 10:53:29.951 E/GeckoConsole(   83): Content JS LOG at dummy file:392 in GaiaApps.displayedApp: app with origin 'app://homescreen.gaiamobile.org' is displayed
04-27 10:53:29.971 I/Gecko   (   83): 1398621209979	Marionette	DEBUG	Got request: switchToFrame, data: {"to":"0","sessionId":"3-b2g","name":"switchToFrame","parameters":{"focus":true,"element":"{2af3eb4e-64db-4f74-957f-d5e92a73c8f8}"}}, id: {5636bee2-0633-47a7-b6f4-ea2ae655c9a9}
04-27 10:53:29.981 I/Gecko   (   83): 1398621209990	Marionette	INFO	Switched to frame: {"frameValue":"{2af3eb4e-64db-4f74-957f-d5e92a73c8f8}"}
04-27 10:53:29.981 I/Gecko   (   83): 1398621209992	Marionette	INFO	trying remote frame 0
04-27 10:53:30.271 I/Gecko   (   83): 1398621210287	Marionette	INFO	sendToClient: {"from":"0","ok":true}, {5636bee2-0633-47a7-b6f4-ea2ae655c9a9}, {5636bee2-0633-47a7-b6f4-ea2ae655c9a9}
04-27 10:53:30.281 I/Gecko   (   83): 1398621210295	Marionette	DEBUG	Got request: execute, data: {"to":"0","sessionId":"3-b2g","name":"executeScript","parameters":{"specialPowers":false,"scriptTimeout":null,"newSandbox":true,"args":[],"filename":"gaia_test.py","script":"return window.wrappedJSObject.GridManager.pageHelper.getCurrentPageNumber();","line":784}}, id: {b5820ca0-c70c-4f56-afe3-3dd34cf48a0d}
04-27 10:53:30.401 I/Gecko   (   83): 1398621210409	Marionette	INFO	sendToClient: {"from":"0","value":0}, {b5820ca0-c70c-4f56-afe3-3dd34cf48a0d}, {b5820ca0-c70c-4f56-afe3-3dd34cf48a0d}
04-27 10:53:30.681 I/Gecko   (   83): 1398621210692	Marionette	INFO	sendToClient: {"from":"0","value":["{8131348c-8cbd-4cb4-997a-616fca865463}","{7cfaab2e-3b45-4da3-a478-42da53662b1e}","{f20b2cad-7231-4fd8-90d3-42f3913f7977}","{38a05d0f-333b-4bc6-ad2c-99f1ea8fe5ab}","{b0d99b4e-5277-49d8-a7c8-1f7c65deb10d}","{4f7ddfb7-2496-4673-a9df-7a34980130ab}","{d0d00291-71c9-4a83-8cf7-5500c70ce944}","{97bf4aa5-f366-4069-bc7e-af1f5dacea73}","{3cdc67c0-865d-4fa9-b217-a2f55271fd8b}","{a481fc77-be9d-42d1-bdb5-e7baacaf0df9}","{888937c5-b6d0-49be-a28b-b123784f07dc}","{cb92e018-ef57-4161-865e-ea2342024a02}","{5668bdea-55d8-4714-9f4e-83c5e4c60d5f}","{29621ece-2caa-4694-897f-e28b17b183bd}","{75a802de-e8d5-4b40-9efa-31fee95e573f}","{bf2673be-5c0b-4e6d-baaf-1bf07418cccb}","{8765baf9-b486-4198-9eda-8e634672ef56}","{46901a72-1911-41ea-968a-c67696431c35}","{f4658207-5607-4932-a351-bca14178e446}","{3d0d4b05-3c38-4be6-aa53-70e9331411a3}","{40135d45-aa61-4e8a-b985-e3c5e492d164}","{575e8c91-1de0-43cb-9ec5-4a556a98c0d5}","{0cac03f6-06e4-4af5-9676-5d42226d15bc}","{30e89172-7223
04-27 10:53:32.601 I/Gecko   (   83): 1398621212616	Marionette	INFO	sendToClient: {"from":"0","value":"app://homescreen.gaiamobile.org/index.html#rootSun%20Apr%2027%202014%2010:53:29%20GMT-0700%20(UTC)"}, {893eb729-7e42-4e26-a879-8b1dbf326ff7}, {893eb729-7e42-4e26-a879-8b1dbf326ff7}
04-27 10:53:32.681 I/Gecko   (   83): 1398621212684	Marionette	DEBUG	Got request: switchToFrame, data: {"to":"0","sessionId":"3-b2g","name":"switchToFrame","parameters":{"id":null,"focus":true}}, id: {f7548c51-db54-4976-8244-c268f226295a}
04-27 10:53:32.701 I/Gecko   (   83): 1398621212717	Marionette	INFO	Switched to frame: {"frameValue":null}
04-27 10:53:32.751 E/GeckoConsole(  809): Content JS WARN at app://homescreen.gaiamobile.org/gaia_build_defer_index.js:184 in isHiddenApp: Unexpected role when checking hidden app: undefined
04-27 10:53:32.761 E/GeckoConsole(  809): Content JS WARN at app://homescreen.gaiamobile.org/gaia_build_defer_index.js:184 in isHiddenApp: Unexpected role when checking hidden app: undefined
04-27 10:53:32.761 E/GeckoConsole(  809): Content JS WARN at app://homescreen.gaiamobile.org/gaia_build_defer_index.js:184 in isHiddenApp: Unexpected role when checking hidden app: undefined
04-27 10:53:32.761 E/GeckoConsole(  809): Content JS WARN at app://homescreen.gaiamobile.org/gaia_build_defer_index.js:184 in isHiddenApp: Unexpected role when checking hidden app: undefined
04-27 10:53:32.771 E/GeckoConsole(  809): Content JS WARN at app://homescreen.gaiamobile.org/gaia_build_defer_index.js:184 in isHiddenApp: Unexpected role when checking hidden app: undefined
04-27 10:53:32.771 E/GeckoConsole(  809): Content JS WARN at app://homescreen.gaiamobile.org/gaia_build_defer_index.js:184 in isHiddenApp: Unexpected role when checking hidden app: undefined
04-27 10:53:32.781 E/GeckoConsole(  809): Content JS WARN at app://homescreen.gaiamobile.org/gaia_build_defer_index.js:184 in isHiddenApp: Unexpected role when checking hidden app: undefined
04-27 10:53:32.791 E/GeckoConsole(  809): Content JS WARN at app://homescreen.gaiamobile.org/gaia_build_defer_index.js:184 in isHiddenApp: Unexpected role when checking hidden app: undefined
04-27 10:53:32.801 E/GeckoConsole(  809): Content JS WARN at app://homescreen.gaiamobile.org/gaia_build_defer_index.js:184 in isHiddenApp: Unexpected role when checking hidden app: undefined
04-27 10:53:32.801 E/GeckoConsole(  809): Content JS WARN at app://homescreen.gaiamobile.org/gaia_build_defer_index.js:184 in isHiddenApp: Unexpected role when checking hidden app: undefined
04-27 10:53:32.801 E/GeckoConsole(  809): Content JS WARN at app://homescreen.gaiamobile.org/gaia_build_defer_index.js:184 in isHiddenApp: Unexpected role when checking hidden app: undefined
04-27 10:53:32.801 E/GeckoConsole(  809): Content JS WARN at app://homescreen.gaiamobile.org/gaia_build_defer_index.js:184 in isHiddenApp: Unexpected role when checking hidden app: undefined
04-27 10:53:32.801 E/GeckoConsole(  809): Content JS WARN at app://homescreen.gaiamobile.org/gaia_build_defer_index.js:184 in isHiddenApp: Unexpected role when checking hidden app: undefined
04-27 10:53:32.801 E/GeckoConsole(  809): Content JS WARN at app://homescreen.gaiamobile.org/gaia_build_defer_index.js:184 in isHiddenApp: Unexpected role when checking hidden app: undefined
04-27 10:53:32.801 E/GeckoConsole(  809): Content JS WARN at app://homescreen.gaiamobile.org/gaia_build_defer_index.js:184 in isHiddenApp: Unexpected role when checking hidden app: undefined
04-27 10:53:32.801 E/GeckoConsole(  809): Content JS WARN at app://homescreen.gaiamobile.org/gaia_build_defer_index.js:184 in isHiddenApp: Unexpected role when checking hidden app: undefined
04-27 10:53:32.801 E/GeckoConsole(  809): Content JS WARN at app://homescreen.gaiamobile.org/gaia_build_defer_index.js:184 in isHiddenApp: Unexpected role when checking hidden app: undefined
04-27 10:53:32.801 E/GeckoConsole(  809): Content JS WARN at app://homescreen.gaiamobile.org/gaia_build_defer_index.js:184 in isHiddenApp: Unexpected role when checking hidden app: undefined
04-27 10:53:32.811 E/GeckoConsole(  809): Content JS WARN at app://homescreen.gaiamobile.org/gaia_build_defer_index.js:184 in isHiddenApp: Unexpected role when checking hidden app: undefined
04-27 10:53:32.811 E/GeckoConsole(  809): Content JS WARN at app://homescreen.gaiamobile.org/gaia_build_defer_index.js:184 in isHiddenApp: Unexpected role when checking hidden app: undefined
04-27 10:53:32.811 I/Gecko   (   83): 1398621212824	Marionette	INFO	sendToClient: {"from":"0","ok":true}, {f7548c51-db54-4976-8244-c268f226295a}, {f7548c51-db54-4976-8244-c268f226295a}
04-27 10:53:32.831 I/Gecko   (   83): 1398621212841	Marionette	DEBUG	Got request: switchToFrame, data: {"to":"0","sessionId":"3-b2g","name":"switchToFrame","parameters":{"id":null,"focus":true}}, id: {4e6421ce-104f-4a39-95e2-c4900b29dd85}
04-27 10:53:32.831 E/GeckoConsole(  809): Content JS WARN at app://homescreen.gaiamobile.org/gaia_build_defer_index.js:184 in isHiddenApp: Unexpected role when checking hidden app: undefined
04-27 10:53:32.831 I/Gecko   (   83): 1398621212848	Marionette	INFO	Switched to frame: {"frameValue":null}
04-27 10:53:32.841 E/GeckoConsole(  809): Content JS WARN at app://homescreen.gaiamobile.org/gaia_build_defer_index.js:184 in isHiddenApp: Unexpected role when checking hidden app: undefined
04-27 10:53:32.841 E/GeckoConsole(  809): Content JS WARN at app://homescreen.gaiamobile.org/gaia_build_defer_index.js:184 in isHiddenApp: Unexpected role when checking hidden app: undefined
04-27 10:53:32.841 E/GeckoConsole(  809): Content JS WARN at app://homescreen.gaiamobile.org/gaia_build_defer_index.js:184 in isHiddenApp: Unexpected role when checking hidden app: undefined
04-27 10:53:32.841 E/GeckoConsole(  809): Content JS WARN at app://homescreen.gaiamobile.org/gaia_build_defer_index.js:184 in isHiddenApp: Unexpected role when checking hidden app: undefined
04-27 10:53:32.841 E/GeckoConsole(  809): Content JS WARN at app://homescreen.gaiamobile.org/gaia_build_defer_index.js:184 in isHiddenApp: Unexpected role when checking hidden app: undefined
04-27 10:53:32.841 E/GeckoConsole(  809): Content JS WARN at app://homescreen.gaiamobile.org/gaia_build_defer_index.js:184 in isHiddenApp: Unexpected role when checking hidden app: undefined
04-27 10:53:32.851 E/GeckoConsole(  809): Content JS WARN at app://homescreen.gaiamobile.org/gaia_build_defer_index.js:184 in isHiddenApp: Unexpected role when checking hidden app: undefined
04-27 10:53:32.851 E/GeckoConsole(  809): Content JS WARN at app://homescreen.gaiamobile.org/gaia_build_defer_index.js:184 in isHiddenApp: Unexpected role when checking hidden app: undefined
04-27 10:53:32.851 E/GeckoConsole(  809): Content JS WARN at app://homescreen.gaiamobile.org/gaia_build_defer_index.js:184 in isHiddenApp: Unexpected role when checking hidden app: undefined
04-27 10:53:32.851 E/GeckoConsole(  809): Content JS WARN at app://homescreen.gaiamobile.org/gaia_build_defer_index.js:184 in isHiddenApp: Unexpected role when checking hidden app: undefined
04-27 10:53:32.851 E/GeckoConsole(  809): Content JS WARN at app://homescreen.gaiamobile.org/gaia_build_defer_index.js:184 in isHiddenApp: Unexpected role when checking hidden app: undefined
04-27 10:53:32.851 E/GeckoConsole(  809): Content JS WARN at app://homescreen.gaiamobile.org/gaia_build_defer_index.js:184 in isHiddenApp: Unexpected role when checking hidden app: undefined
04-27 10:53:32.851 E/GeckoConsole(  809): Content JS WARN at app://homescreen.gaiamobile.org/gaia_build_defer_index.js:184 in isHiddenApp: Unexpected role when checking hidden app: undefined
04-27 10:53:32.961 I/Gecko   (   83): 1398621212976	Marionette	INFO	sendToClient: {"from":"0","ok":true}, {4e6421ce-104f-4a39-95e2-c4900b29dd85}, {4e6421ce-104f-4a39-95e2-c4900b29dd85}
04-27 10:53:32.981 I/Gecko   (   83): 1398621212997	Marionette	DEBUG	Got request: executeWithCallback, data: {"to":"0","sessionId":"3-b2g","name":"executeAsyncScript","parameters":{"specialPowers":false,"scriptTimeout":30000,"newSandbox":true,"args":[],"filename":"app_checker.py","script":"GaiaApps.launchWithManifestURL('https://marketplace.firefox.com/app/658588cd-dd61-4a35-b824-40228d95f6c9/manifest.webapp')","line":106}}, id: {15f51361-b493-495a-82a5-184140c29c24}
04-27 10:53:33.271 I/Gonk    (   83): Setting nice for pid 818 to 18
04-27 10:53:33.271 I/Gonk    (   83): Changed nice for pid 818 from 18 to 18.
04-27 10:53:33.271 I/Gecko   (   83): [Parent 83] WARNING: waitpid failed pid:818 errno:10: file ../../../gecko/ipc/chromium/src/base/process_util_posix.cc, line 254
04-27 10:53:33.281 I/Gonk    (   83): Setting nice for pid 818 to 1
04-27 10:53:33.281 I/Gonk    (   83): Changed nice for pid 818 from 18 to 1.
04-27 10:53:33.341 E/GeckoConsole(   83): Content JS LOG at dummy file:334 in GaiaApps.launch: launching app with name 'Calorie Calc'
04-27 10:53:33.531 E/[Gralloc-ERROR](   83): int gralloc_register_buffer(const gralloc_module_t*, const native_handle_t*):79 Unable to register handle 0x493821f0 coming from different process: 83
04-27 10:53:33.561 E/[Gralloc-ERROR](   83): int gralloc_register_buffer(const gralloc_module_t*, const native_handle_t*):79 Unable to register handle 0x48cebbf0 coming from different process: 83
04-27 10:53:33.601 E/[Gralloc-ERROR](   83): int gralloc_register_buffer(const gralloc_module_t*, const native_handle_t*):79 Unable to register handle 0x48cebc90 coming from different process: 83
04-27 10:53:33.601 E/[Gralloc-ERROR](   83): int gralloc_register_buffer(const gralloc_module_t*, const native_handle_t*):79 Unable to register handle 0x49382290 coming from different process: 83
04-27 10:53:33.631 W/WifiHW  (   83): wifi_command: SIGNAL_POLL
04-27 10:53:33.671 D/Sensors (   83): activate handle=0; drv=0
04-27 10:53:33.681 D/Sensors (   83): Lis3dhSensor: Control set 1
04-27 10:53:33.681 D/Sensors (   83): Lis3dhSensor: mEnabled = 1
04-27 10:53:33.871 I/Gonk    (   83): Setting nice for pid 884 to 18
04-27 10:53:33.881 I/Gonk    (   83): Changed nice for pid 884 from 0 to 18.
04-27 10:53:33.931 I/Gonk    (   83): Setting nice for pid 809 to 18
04-27 10:53:33.931 I/Gonk    (   83): Changed nice for pid 809 from 1 to 18.
04-27 10:53:35.031 I/Gecko   (  818): ###################################### forms.js loaded
04-27 10:53:35.051 I/Gecko   (  818): ############################### browserElementPanning.js loaded
04-27 10:53:35.051 I/Gecko   (   83): [Parent 83] WARNING: pipe error (128): Connection reset by peer: file ../../../gecko/ipc/chromium/src/chrome/common/ipc_channel_posix.cc, line 446
04-27 10:53:35.071 I/Gecko   (   83): 
04-27 10:53:35.071 I/Gecko   (   83): ###!!! [Parent][MessageChannel] Error: Channel error: cannot send/recv
04-27 10:53:35.071 I/Gecko   (   83): 
04-27 10:53:35.101 I/Gecko   (  818): ######################## BrowserElementChildPreload.js loaded
04-27 10:53:35.111 I/Gecko   (   83): [Parent 83] WARNING: pipe error (139): Connection reset by peer: file ../../../gecko/ipc/chromium/src/chrome/common/ipc_channel_posix.cc, line 446
04-27 10:53:35.121 I/GeckoDump(   83): Crash reporter : Can't fetch app.reportCrashes. Exception: [Exception... "Component returned failure code: 0x8000ffff (NS_ERROR_UNEXPECTED) [nsIPrefBranch.getBoolPref]"  nsresult: "0x8000ffff (NS_ERROR_UNEXPECTED)"  location: "JS frame :: chrome://browser/content/shell.js :: shell_reportCrash :: line 7"  data: no]
04-27 10:53:35.131 I/Gecko   (   83): [Parent 83] WARNING: waitpid failed pid:809 errno:10: file ../../../gecko/ipc/chromium/src/base/process_util_posix.cc, line 254
04-27 10:53:36.171 I/Gonk    (   83): Setting nice for pid 884 to 18
04-27 10:53:36.171 I/Gonk    (   83): Changed nice for pid 884 from 18 to 18.
04-27 10:53:36.171 I/Gecko   (   83): [Parent 83] WARNING: waitpid failed pid:884 errno:10: file ../../../gecko/ipc/chromium/src/base/process_util_posix.cc, line 254
04-27 10:53:36.171 I/Gonk    (   83): Setting nice for pid 884 to 1
04-27 10:53:36.171 I/Gonk    (   83): Changed nice for pid 884 from 18 to 1.
04-27 10:53:36.191 I/Gonk    (   83): Setting nice for pid 884 to 18
04-27 10:53:36.191 I/Gonk    (   83): Changed nice for pid 884 from 1 to 18.
04-27 10:53:36.471 E/GeckoConsole(   83): Content JS LOG at dummy file:326 in GaiaApps.launch/appOpen/<: app with origin 'app://{4c6c0b28-4d46-4b24-9d65-1b100b928c3d}' has launched
04-27 10:53:36.471 I/Gecko   (   83): 1398621216488	Marionette	INFO	sendToClient: {"from":"0","value":{"frame":{"ELEMENT":"{fee7e452-cafd-480a-bc7e-1d4beaa48a33}"},"src":"app://{4c6c0b28-4d46-4b24-9d65-1b100b928c3d}/app-template/index.html","name":"Calorie Calc","origin":"app://{4c6c0b28-4d46-4b24-9d65-1b100b928c3d}"}}, {15f51361-b493-495a-82a5-184140c29c24}, {15f51361-b493-495a-82a5-184140c29c24}
04-27 10:53:36.491 E/[Gralloc-ERROR](   83): int gralloc_unregister_buffer(const gralloc_module_t*, const native_handle_t*):274 Trying to unregister buffer 0x493821f0 from process 83 that was not created in current process: 83
04-27 10:53:36.491 E/[Gralloc-ERROR](   83): int gralloc_unregister_buffer(const gralloc_module_t*, const native_handle_t*):274 Trying to unregister buffer 0x48cebbf0 from process 83 that was not created in current process: 83
04-27 10:53:36.491 E/[Gralloc-ERROR](   83): int gralloc_unregister_buffer(const gralloc_module_t*, const native_handle_t*):274 Trying to unregister buffer 0x49382290 from process 83 that was not created in current process: 83
04-27 10:53:36.491 E/[Gralloc-ERROR](   83): int gralloc_unregister_buffer(const gralloc_module_t*, const native_handle_t*):274 Trying to unregister buffer 0x48cebc90 from process 83 that was not created in current process: 83
04-27 10:53:36.501 I/Gecko   (   83): 1398621216509	Marionette	DEBUG	Got request: switchToFrame, data: {"to":"0","sessionId":"3-b2g","name":"switchToFrame","parameters":{"focus":true,"element":"{fee7e452-cafd-480a-bc7e-1d4beaa48a33}"}}, id: {d66cbfaa-f31b-49be-8135-86af9493f89b}
04-27 10:53:36.501 I/Gecko   (   83): 1398621216516	Marionette	INFO	Switched to frame: {"frameValue":"{fee7e452-cafd-480a-bc7e-1d4beaa48a33}"}
04-27 10:53:36.521 I/Gecko   (   83): 1398621216532	Marionette	INFO	trying remote frame 0
04-27 10:53:36.521 I/Gecko   (   83): 1398621216532	Marionette	INFO	deleting frame
04-27 10:53:36.521 I/Gecko   (   83): 1398621216538	Marionette	INFO	frame-manager load script: [object ChromeMessageSender]
04-27 10:53:36.981 I/Gecko   (   83): 1398621216996	Marionette	INFO	sendToClient: {"from":"0","ok":true}, {d66cbfaa-f31b-49be-8135-86af9493f89b}, {d66cbfaa-f31b-49be-8135-86af9493f89b}
04-27 10:53:37.001 I/Gecko   (   83): 1398621217010	Marionette	INFO	sendToClient: {"from":"0","value":"app://{4c6c0b28-4d46-4b24-9d65-1b100b928c3d}/app-template/index.html"}, {496b9091-3bcb-4420-b4a1-3113605ebf27}, {496b9091-3bcb-4420-b4a1-3113605ebf27}
04-27 10:53:37.001 I/Gecko   (   83): 1398621217016	Marionette	DEBUG	Got request: execute, data: {"to":"0","sessionId":"3-b2g","name":"executeScript","parameters":{"specialPowers":false,"scriptTimeout":null,"newSandbox":true,"args":[],"filename":"app_checker.py","script":"return window.document.readyState;","line":191}}, id: {5133c4a3-506e-4fb7-a136-286ef7816325}
04-27 10:53:37.031 I/Gecko   (   83): 1398621217049	Marionette	INFO	sendToClient: {"from":"0","value":"complete"}, {5133c4a3-506e-4fb7-a136-286ef7816325}, {5133c4a3-506e-4fb7-a136-286ef7816325}
04-27 10:53:37.041 I/Gecko   (   83): 1398621217058	Marionette	INFO	sendToClient: {"from":"0","value":"app://{4c6c0b28-4d46-4b24-9d65-1b100b928c3d}/app-template/index.html"}, {a150889f-c325-49a3-b983-af651d9e9a4d}, {a150889f-c325-49a3-b983-af651d9e9a4d}
04-27 10:53:37.061 I/Gecko   (  818): Attempting load of libEGL.so
04-27 10:53:37.111 D/libEGL  (  818): loaded /system/lib/egl/libEGL_mali.so
04-27 10:53:37.131 I/Gecko   (   83): [Parent 83] WARNING: waitpid failed pid:809 errno:10: file ../../../gecko/ipc/chromium/src/base/process_util_posix.cc, line 254
04-27 10:53:37.131 I/Gecko   (   83): [Parent 83] WARNING: Failed to deliver SIGKILL to 809!(3).: file ../../../gecko/ipc/chromium/src/chrome/common/process_watcher_posix_sigchld.cc, line 118
04-27 10:53:37.141 D/libEGL  (  818): loaded /system/lib/egl/libGLESv1_CM_mali.so
04-27 10:53:37.141 D/libEGL  (  818): loaded /system/lib/egl/libGLESv2_mali.so
04-27 10:53:37.201 I/Gecko   (  818): SharedSurface_Gralloc::Create -------
04-27 10:53:37.251 I/Gecko   (  818): SharedSurface_Gralloc::Create: success -- surface 0x432b1ec0, GraphicBuffer 0x43c63800.
04-27 10:53:38.161 I/Gecko   (   83): 1398621218175	Marionette	INFO	sendToClient: {"from":"0","value":"iVBORw0KGgoAAAANSUhEUgAAAUAAAAHMCAYAAACk4nEJAAAgAElEQVR4nOzdd1QU5/4/8M+CiAkgXpWoyder32usSSQhzdx4NceImqLGaKz7/ZnYEiOG2K4FV70BS4wYo2KJDZWoqDH2gkhVikqxYENBBQGpC+zOqIjv3x+4cxl2gV1ZXHQ/zzmvc3Rm9plnnpl5M213aP0ZHzDGmDUiSzeAMcYshVae8QFjjFkjWhntA8YYs0a0MtoLjDFmjTgAGWNWiwOQMWa1aEm0FxhjzBpxADLGrBYtiZwCxhizRhyAjDGrxQHIGLNa5BM5BYwxZo04ABl8Iqdg4cl/W7wNjD1t5BM5AaxuW5+wCLF3QnAoeVut1L/78jqUlD5Act4F+ER6WHx5LdkXT3s+zLI4AGvJmjhvBN3YhQt3TyMuMxJBN3ZhWezMJ6rrcPJ2AEBCVlSttDXs5kEAQNF9NRacnGjVffG058Msi7xCJoCZz+xQD4TdPIZHeAQAEB5ocf/hfQDAvYcitpxbbXKd+66W7YxnM6Jqpc1zwn7A5nN++PmUl9X3hTnn85/wSbiSewG31Dee6jbIjMcBaGbBKWVHU7lCNvzO/IzZIR6YHeqBTYkrcDU3CT6R00yu82nt9NwX5p2Pd8RUAIBYIlh8XTDDyCtkNJh5/BI1DaWPSvHo0SMsjZ5p1PS7L21AcMpfCE7Zi8CLazEvbLzedPuubn28M0YYrMc7YiK2nl+O4JS/8NdlfyyPnas3jU/ERAScX4kVp+diTti32HVpPUJTD8DvzE9YeHIyAs6vxNq4BXqfW3DyR+y4uAYnUvZhx8U1mB/pWef7Ysu53xCc8hcOXPsDK0/Pk8ZVtpy/xsxCwPmV+C1WZdR8jGnr2rgF2Jm0DgDw4OF9BJxfiYDzK7EsZrZZ152lt/lnHQegGZ1I2QcASMqOq3Za/8Sl0JXSR6XSvw
04-27 10:53:38.431 I/Gecko   (   83): 1398621218444	Marionette	INFO	sendToClient: {"from":"0","ok":true}, {770a3e00-209d-4307-9284-72b5f7876813}, {770a3e00-209d-4307-9284-72b5f7876813}
04-27 10:53:38.441 I/Gecko   (   83): 1398621218452	Marionette	DEBUG	Got request: switchToFrame, data: {"to":"0","sessionId":"3-b2g","name":"switchToFrame","parameters":{"id":null,"focus":true}}, id: {0765624e-1fb6-400b-b2cd-013c954a0bb9}
04-27 10:53:38.461 I/Gecko   (   83): 1398621218471	Marionette	INFO	Switched to frame: {"frameValue":null}
04-27 10:53:38.561 I/Gecko   (   83): 1398621218573	Marionette	INFO	sendToClient: {"from":"0","ok":true}, {0765624e-1fb6-400b-b2cd-013c954a0bb9}, {0765624e-1fb6-400b-b2cd-013c954a0bb9}
04-27 10:53:38.571 I/Gecko   (   83): 1398621218581	Marionette	DEBUG	Got request: executeWithCallback, data: {"to":"0","sessionId":"3-b2g","name":"executeAsyncScript","parameters":{"specialPowers":false,"scriptTimeout":null,"newSandbox":true,"args":[],"filename":"gaia_test.py","script":"return GaiaApps.displayedApp();","line":66}}, id: {a32fdcff-615e-47dc-a428-2e1923701a04}
04-27 10:53:38.631 I/Gecko   (   83): 1398621218643	Marionette	INFO	sendToClient: {"from":"0","value":{"frame":{"ELEMENT":"{fee7e452-cafd-480a-bc7e-1d4beaa48a33}"},"src":"app://{4c6c0b28-4d46-4b24-9d65-1b100b928c3d}/app-template/index.html","name":"Calorie Calc","origin":"app://{4c6c0b28-4d46-4b24-9d65-1b100b928c3d}"}}, {a32fdcff-615e-47dc-a428-2e1923701a04}, {a32fdcff-615e-47dc-a428-2e1923701a04}
04-27 10:53:38.641 I/Gecko   (   83): 1398621218650	Marionette	DEBUG	Got request: switchToFrame, data: {"to":"0","sessionId":"3-b2g","name":"switchToFrame","parameters":{"id":null,"focus":true}}, id: {dd204650-1ff1-4053-b1aa-f8f45ae8263f}
04-27 10:53:38.641 E/GeckoConsole(   83): Content JS LOG at dummy file:392 in GaiaApps.displayedApp: app with origin 'app://{4c6c0b28-4d46-4b24-9d65-1b100b928c3d}' is displayed
04-27 10:53:38.641 I/Gecko   (   83): 1398621218655	Marionette	INFO	Switched to frame: {"frameValue":null}
04-27 10:53:38.651 W/WifiHW  (   83): wifi_command: SIGNAL_POLL
04-27 10:53:38.751 I/Gecko   (   83): 1398621218761	Marionette	INFO	sendToClient: {"from":"0","ok":true}, {dd204650-1ff1-4053-b1aa-f8f45ae8263f}, {dd204650-1ff1-4053-b1aa-f8f45ae8263f}
04-27 10:53:38.761 I/Gecko   (   83): 1398621218769	Marionette	DEBUG	Got request: execute, data: {"to":"0","sessionId":"3-b2g","name":"executeScript","parameters":{"specialPowers":false,"scriptTimeout":null,"newSandbox":true,"args":[],"filename":"gaia_test.py","script":"window.wrappedJSObject.dispatchEvent(new Event('home'));","line":788}}, id: {7bfef97c-9c07-4376-8516-691ffc429d3e}
04-27 10:53:38.801 I/Gonk    (   83): Setting nice for pid 884 to 1
04-27 10:53:38.801 I/Gonk    (   83): Changed nice for pid 884 from 18 to 1.
04-27 10:53:38.821 D/Sensors (   83): activate handle=0; drv=0
04-27 10:53:38.821 D/Sensors (   83): Lis3dhSensor: Control set 0
04-27 10:53:38.821 D/Sensors (   83): Lis3dhSensor: mEnabled = 0
04-27 10:53:38.831 I/Gecko   (   83): 1398621218842	Marionette	INFO	sendToClient: {"from":"0","value":null}, {7bfef97c-9c07-4376-8516-691ffc429d3e}, {7bfef97c-9c07-4376-8516-691ffc429d3e}
04-27 10:53:38.841 I/Gecko   (   83): 1398621218849	Marionette	DEBUG	Got request: switchToFrame, data: {"to":"0","sessionId":"3-b2g","name":"switchToFrame","parameters":{"id":null,"focus":true}}, id: {32c78cde-1f3d-4279-beb8-46cbf2c8758a}
04-27 10:53:38.861 I/Gecko   (   83): 1398621218869	Marionette	INFO	Switched to frame: {"frameValue":null}
04-27 10:53:38.961 I/Gecko   (   83): 1398621218972	Marionette	INFO	sendToClient: {"from":"0","ok":true}, {32c78cde-1f3d-4279-beb8-46cbf2c8758a}, {32c78cde-1f3d-4279-beb8-46cbf2c8758a}
04-27 10:53:38.971 I/Gecko   (   83): 1398621218981	Marionette	DEBUG	Got request: executeWithCallback, data: {"to":"0","sessionId":"3-b2g","name":"executeAsyncScript","parameters":{"specialPowers":false,"scriptTimeout":null,"newSandbox":true,"args":[],"filename":"gaia_test.py","script":"return GaiaApps.displayedApp();","line":66}}, id: {c6552615-f08e-498d-8124-e0cf78cf0cdc}
04-27 10:53:39.071 I/Gecko   (   83): 1398621219079	Marionette	INFO	sendToClient: {"from":"0","value":{"frame":{"ELEMENT":"{09b84b59-8799-4ead-a872-2c753a8af339}"},"src":"app://homescreen.gaiamobile.org/index.html#root","name":"Homescreen","origin":"app://homescreen.gaiamobile.org"}}, {c6552615-f08e-498d-8124-e0cf78cf0cdc}, {c6552615-f08e-498d-8124-e0cf78cf0cdc}
04-27 10:53:39.071 E/GeckoConsole(   83): Content JS LOG at dummy file:392 in GaiaApps.displayedApp: app with origin 'app://homescreen.gaiamobile.org' is displayed
04-27 10:53:39.081 I/Gecko   (   83): 1398621219091	Marionette	DEBUG	Got request: switchToFrame, data: {"to":"0","sessionId":"3-b2g","name":"switchToFrame","parameters":{"id":null,"focus":true}}, id: {a2a6347e-5b65-43cf-98b4-d9638c874996}
04-27 10:53:39.081 I/Gecko   (   83): 1398621219093	Marionette	INFO	Switched to frame: {"frameValue":null}
04-27 10:53:39.191 I/Gecko   (   83): 1398621219201	Marionette	INFO	sendToClient: {"from":"0","ok":true}, {a2a6347e-5b65-43cf-98b4-d9638c874996}, {a2a6347e-5b65-43cf-98b4-d9638c874996}
04-27 10:53:39.191 I/Gecko   (   83): 1398621219208	Marionette	DEBUG	Got request: switchToFrame, data: {"to":"0","sessionId":"3-b2g","name":"switchToFrame","parameters":{"id":null,"focus":true}}, id: {7356a3f1-239a-4faa-9928-dbcfb17c6e99}
04-27 10:53:39.211 I/Gecko   (   83): 1398621219220	Marionette	INFO	Switched to frame: {"frameValue":null}
04-27 10:53:39.311 I/Gecko   (   83): 1398621219322	Marionette	INFO	sendToClient: {"from":"0","ok":true}, {7356a3f1-239a-4faa-9928-dbcfb17c6e99}, {7356a3f1-239a-4faa-9928-dbcfb17c6e99}
04-27 10:53:39.321 I/Gecko   (   83): 1398621219329	Marionette	DEBUG	Got request: executeWithCallback, data: {"to":"0","sessionId":"3-b2g","name":"executeAsyncScript","parameters":{"specialPowers":false,"scriptTimeout":null,"newSandbox":true,"args":[],"filename":"gaia_test.py","script":"return GaiaApps.displayedApp();","line":66}}, id: {dcb2bd4f-311b-471f-b8ba-28e57ba1a8d8}
04-27 10:53:39.371 E/GeckoConsole(   83): Content JS LOG at dummy file:392 in GaiaApps.displayedApp: app with origin 'app://homescreen.gaiamobile.org' is displayed
04-27 10:53:39.381 I/Gecko   (   83): 1398621219390	Marionette	INFO	sendToClient: {"from":"0","value":{"frame":{"ELEMENT":"{09b84b59-8799-4ead-a872-2c753a8af339}"},"src":"app://homescreen.gaiamobile.org/index.html#root","name":"Homescreen","origin":"app://homescreen.gaiamobile.org"}}, {dcb2bd4f-311b-471f-b8ba-28e57ba1a8d8}, {dcb2bd4f-311b-471f-b8ba-28e57ba1a8d8}
04-27 10:53:39.381 I/Gecko   (   83): 1398621219396	Marionette	DEBUG	Got request: switchToFrame, data: {"to":"0","sessionId":"3-b2g","name":"switchToFrame","parameters":{"focus":true,"element":"{09b84b59-8799-4ead-a872-2c753a8af339}"}}, id: {d5cc836e-4246-4dd7-ad83-7f71e9c9661a}
04-27 10:53:39.401 I/Gecko   (   83): 1398621219409	Marionette	INFO	Switched to frame: {"frameValue":"{09b84b59-8799-4ead-a872-2c753a8af339}"}
04-27 10:53:39.401 I/Gecko   (   83): 1398621219412	Marionette	INFO	trying remote frame 0
04-27 10:53:39.401 I/Gecko   (   83): 1398621219413	Marionette	INFO	deleting frame
04-27 10:53:39.411 I/Gecko   (   83): 1398621219423	Marionette	INFO	frame-manager load script: [object ChromeMessageSender]
04-27 10:53:39.781 I/Gecko   (  884): ###################################### forms.js loaded
04-27 10:53:39.801 I/Gecko   (  884): ############################### browserElementPanning.js loaded
04-27 10:53:39.841 I/Gecko   (  884): ######################## BrowserElementChildPreload.js loaded
04-27 10:53:40.071 E/[Gralloc-ERROR](   83): int gralloc_register_buffer(const gralloc_module_t*, const native_handle_t*):79 Unable to register handle 0x443ff7e0 coming from different process: 83
04-27 10:53:40.071 E/[Gralloc-ERROR](   83): int gralloc_register_buffer(const gralloc_module_t*, const native_handle_t*):79 Unable to register handle 0x443ff8d0 coming from different process: 83
04-27 10:53:40.321 E/[Gralloc-ERROR](   83): int gralloc_unregister_buffer(const gralloc_module_t*, const native_handle_t*):274 Trying to unregister buffer 0x443ff8d0 from process 83 that was not created in current process: 83
04-27 10:53:40.321 E/[Gralloc-ERROR](   83): int gralloc_unregister_buffer(const gralloc_module_t*, const native_handle_t*):274 Trying to unregister buffer 0x443ff7e0 from process 83 that was not created in current process: 83
04-27 10:53:40.671 I/Gonk    (   83): Setting nice for pid 818 to 18
04-27 10:53:40.671 I/Gonk    (   83): Changed nice for pid 818 from 1 to 18.
04-27 10:53:41.021 I/Gonk    (   83): Setting nice for pid 909 to 18
04-27 10:53:41.021 I/Gonk    (   83): Changed nice for pid 909 from 0 to 18.
04-27 10:53:41.071 I/log     (  908): <4>0[ 324.618740] select 818 (Calorie Calc), adj 10, size 6173, to kill 
04-27 10:53:41.171 I/Gecko   (   83): 
04-27 10:53:41.171 I/Gecko   (   83): ###!!! [Parent][MessageChannel] Error: Channel error: cannot send/recv
04-27 10:53:41.171 I/Gecko   (   83): 
04-27 10:53:41.291 I/GeckoDump(   83): Crash reporter : Can't fetch app.reportCrashes. Exception: [Exception... "Component returned failure code: 0x8000ffff (NS_ERROR_UNEXPECTED) [nsIPrefBranch.getBoolPref]"  nsresult: "0x8000ffff (NS_ERROR_UNEXPECTED)"  location: "JS frame :: chrome://browser/content/shell.js :: shell_reportCrash :: line 7"  data: no]
04-27 10:53:41.311 I/Gonk    (   83): Setting nice for pid 884 to 18
04-27 10:53:41.311 I/Gonk    (   83): Changed nice for pid 884 from 1 to 18.
04-27 10:53:41.311 I/Gecko   (   83): [Parent 83] WARNING: waitpid failed pid:818 errno:10: file ../../../gecko/ipc/chromium/src/base/process_util_posix.cc, line 254
04-27 10:53:42.071 I/Gecko   (  909): ###################################### forms.js loaded
04-27 10:53:42.091 I/Gecko   (  909): ############################### browserElementPanning.js loaded
04-27 10:53:42.131 I/Gecko   (  909): ######################## BrowserElementChildPreload.js loaded
04-27 10:53:42.371 I/Gonk    (   83): Setting nice for pid 884 to 1
04-27 10:53:42.371 I/Gonk    (   83): Changed nice for pid 884 from 18 to 1.
04-27 10:53:42.851 I/Gecko   (   83): 1398621222867	Marionette	INFO	sendToClient: {"from":"0","ok":true}, {d5cc836e-4246-4dd7-ad83-7f71e9c9661a}, {d5cc836e-4246-4dd7-ad83-7f71e9c9661a}
04-27 10:53:43.131 I/Gecko   (   83): 1398621223147	Marionette	INFO	sendToClient: {"from":"0","value":"app://homescreen.gaiamobile.org/index.html#root"}, {b129e436-8f2a-4739-8959-416542e350e9}, {b129e436-8f2a-4739-8959-416542e350e9}
04-27 10:53:43.141 I/Gecko   (   83): 1398621223156	Marionette	DEBUG	Got request: switchToFrame, data: {"to":"0","sessionId":"3-b2g","name":"switchToFrame","parameters":{"id":null,"focus":true}}, id: {d891a548-5d85-47ba-92ef-3a108b65e767}
04-27 10:53:43.161 I/Gecko   (   83): 1398621223176	Marionette	INFO	Switched to frame: {"frameValue":null}
04-27 10:53:43.271 I/Gecko   (   83): 1398621223281	Marionette	INFO	sendToClient: {"from":"0","ok":true}, {d891a548-5d85-47ba-92ef-3a108b65e767}, {d891a548-5d85-47ba-92ef-3a108b65e767}
04-27 10:53:43.271 I/Gecko   (   83): 1398621223287	Marionette	DEBUG	Got request: switchToFrame, data: {"to":"0","sessionId":"3-b2g","name":"switchToFrame","parameters":{"id":null,"focus":true}}, id: {d3ce4e74-d247-4827-a38e-ee66953bd1f9}
04-27 10:53:43.281 I/Gecko   (   83): 1398621223291	Marionette	INFO	Switched to frame: {"frameValue":null}
04-27 10:53:43.321 I/Gecko   (   83): [Parent 83] WARNING: waitpid failed pid:818 errno:10: file ../../../gecko/ipc/chromium/src/base/process_util_posix.cc, line 254
04-27 10:53:43.321 I/Gecko   (   83): [Parent 83] WARNING: Failed to deliver SIGKILL to 818!(3).: file ../../../gecko/ipc/chromium/src/chrome/common/process_watcher_posix_sigchld.cc, line 118
04-27 10:53:43.381 I/Gecko   (   83): 1398621223397	Marionette	INFO	sendToClient: {"from":"0","ok":true}, {d3ce4e74-d247-4827-a38e-ee66953bd1f9}, {d3ce4e74-d247-4827-a38e-ee66953bd1f9}
04-27 10:53:43.391 I/Gecko   (   83): 1398621223405	Marionette	DEBUG	Got request: executeWithCallback, data: {"to":"0","sessionId":"3-b2g","name":"executeAsyncScript","parameters":{"specialPowers":false,"scriptTimeout":null,"newSandbox":true,"args":[],"filename":"gaia_test.py","script":"GaiaApps.killAll()","line":91}}, id: {6bdf7f92-695c-406b-a693-b9d0d85125ce}
04-27 10:53:43.501 I/Gecko   (   83): 1398621223512	Marionette	INFO	sendToClient: {"from":"0","value":true}, {6bdf7f92-695c-406b-a693-b9d0d85125ce}, {6bdf7f92-695c-406b-a693-b9d0d85125ce}
04-27 10:53:43.501 I/Gecko   (   83): 1398621223518	Marionette	DEBUG	Got request: switchToFrame, data: {"to":"0","sessionId":"3-b2g","name":"switchToFrame","parameters":{"id":null,"focus":true}}, id: {4e3f0063-95ff-41fe-815d-418d15a411ec}
04-27 10:53:43.521 I/Gecko   (   83): 1398621223531	Marionette	INFO	Switched to frame: {"frameValue":null}
04-27 10:53:43.621 I/Gecko   (   83): 1398621223633	Marionette	INFO	sendToClient: {"from":"0","ok":true}, {4e3f0063-95ff-41fe-815d-418d15a411ec}, {4e3f0063-95ff-41fe-815d-418d15a411ec}
04-27 10:53:43.641 I/Gecko   (   83): 1398621223655	Marionette	DEBUG	Got request: executeWithCallback, data: {"to":"0","sessionId":"3-b2g","name":"executeAsyncScript","parameters":{"specialPowers":false,"scriptTimeout":60000,"newSandbox":true,"args":[],"filename":"app_checker.py","script":"\n        GaiaApps.locateWithManifestURL('https://marketplace.firefox.com/app/658588cd-dd61-4a35-b824-40228d95f6c9/manifest.webapp',\n                                       null,\n                                       function uninstall(app) {\n                                       navigator.mozApps.mgmt.uninstall(app);\n                                       marionetteScriptFinished(true);\n                                       });\n        ","line":129}}, id: {cf9589e4-3063-4bec-9a24-d307f35adfa5}
04-27 10:53:43.691 I/Gecko   (   83): -- webapps.js uninstall https://marketplace.firefox.com/app/658588cd-dd61-4a35-b824-40228d95f6c9/manifest.webapp
04-27 10:53:43.721 W/WifiHW  (   83): wifi_command: SIGNAL_POLL
04-27 10:53:44.031 I/Gecko   (   83): 1398621224046	Marionette	INFO	sendToClient: {"from":"0","value":true}, {cf9589e4-3063-4bec-9a24-d307f35adfa5}, {cf9589e4-3063-4bec-9a24-d307f35adfa5}