--------- beginning of /dev/log/main
04-25 22:20:25.612 I/Gecko   (   83): 1398489625623	Marionette	INFO	sendToClient: {"from":"0","ok":true}, {ad13c323-4282-4896-b665-9e00f62a9181}, {ad13c323-4282-4896-b665-9e00f62a9181}
04-25 22:20:25.642 I/Gecko   (   83): 1398489625659	Marionette	DEBUG	Got request: switchToFrame, data: {"to":"0","sessionId":"3-b2g","name":"switchToFrame","parameters":{"id":null,"focus":true}}, id: {c99dcf33-e1d3-4aa6-ab1b-083eaa240ef8}
04-25 22:20:25.642 I/Gecko   (   83): 1398489625661	Marionette	INFO	Switched to frame: {"frameValue":null}
04-25 22:20:25.752 I/Gecko   (   83): 1398489625763	Marionette	INFO	sendToClient: {"from":"0","ok":true}, {c99dcf33-e1d3-4aa6-ab1b-083eaa240ef8}, {c99dcf33-e1d3-4aa6-ab1b-083eaa240ef8}
04-25 22:20:25.752 I/Gecko   (   83): 1398489625771	Marionette	DEBUG	Got request: executeWithCallback, data: {"to":"0","sessionId":"3-b2g","name":"executeAsyncScript","parameters":{"specialPowers":false,"scriptTimeout":null,"newSandbox":true,"args":[],"filename":"gaia_test.py","script":"return GaiaApps.displayedApp();","line":66}}, id: {98a79834-47fc-4a15-90c9-1f772a3c7357}
04-25 22:20:25.862 E/GeckoConsole(   83): Content JS LOG at dummy file:392 in GaiaApps.displayedApp: app with origin 'app://homescreen.gaiamobile.org' is displayed
04-25 22:20:25.872 I/Gecko   (   83): 1398489625883	Marionette	INFO	sendToClient: {"from":"0","value":{"frame":{"ELEMENT":"{c25e550b-6ac1-4c52-b011-e2bfef64dbd3}"},"src":"app://homescreen.gaiamobile.org/index.html#root","name":"Homescreen","origin":"app://homescreen.gaiamobile.org"}}, {98a79834-47fc-4a15-90c9-1f772a3c7357}, {98a79834-47fc-4a15-90c9-1f772a3c7357}
04-25 22:20:25.882 I/Gecko   (   83): 1398489625900	Marionette	DEBUG	Got request: switchToFrame, data: {"to":"0","sessionId":"3-b2g","name":"switchToFrame","parameters":{"id":null,"focus":true}}, id: {19a29326-6bd2-4ea3-be95-c3571c055c01}
04-25 22:20:25.902 I/Gecko   (   83): 1398489625914	Marionette	INFO	Switched to frame: {"frameValue":null}
04-25 22:20:26.002 I/Gecko   (   83): 1398489626016	Marionette	INFO	sendToClient: {"from":"0","ok":true}, {19a29326-6bd2-4ea3-be95-c3571c055c01}, {19a29326-6bd2-4ea3-be95-c3571c055c01}
04-25 22:20:26.012 I/Gecko   (   83): 1398489626024	Marionette	DEBUG	Got request: switchToFrame, data: {"to":"0","sessionId":"3-b2g","name":"switchToFrame","parameters":{"id":null,"focus":true}}, id: {3a113c03-6163-4c89-b67b-ba6d4639c426}
04-25 22:20:26.022 I/Gecko   (   83): 1398489626033	Marionette	INFO	Switched to frame: {"frameValue":null}
04-25 22:20:26.122 I/Gecko   (   83): 1398489626141	Marionette	INFO	sendToClient: {"from":"0","ok":true}, {3a113c03-6163-4c89-b67b-ba6d4639c426}, {3a113c03-6163-4c89-b67b-ba6d4639c426}
04-25 22:20:26.132 I/Gecko   (   83): 1398489626149	Marionette	DEBUG	Got request: executeWithCallback, data: {"to":"0","sessionId":"3-b2g","name":"executeAsyncScript","parameters":{"specialPowers":false,"scriptTimeout":null,"newSandbox":true,"args":[],"filename":"gaia_test.py","script":"return GaiaApps.displayedApp();","line":66}}, id: {a0e2c42e-0cdf-4a32-842b-bc99c74a5b0d}
04-25 22:20:26.252 I/Gecko   (   83): 1398489626266	Marionette	INFO	sendToClient: {"from":"0","value":{"frame":{"ELEMENT":"{c25e550b-6ac1-4c52-b011-e2bfef64dbd3}"},"src":"app://homescreen.gaiamobile.org/index.html#root","name":"Homescreen","origin":"app://homescreen.gaiamobile.org"}}, {a0e2c42e-0cdf-4a32-842b-bc99c74a5b0d}, {a0e2c42e-0cdf-4a32-842b-bc99c74a5b0d}
04-25 22:20:26.272 E/GeckoConsole(   83): Content JS LOG at dummy file:392 in GaiaApps.displayedApp: app with origin 'app://homescreen.gaiamobile.org' is displayed
04-25 22:20:26.322 I/Gecko   (   83): 1398489626339	Marionette	DEBUG	Got request: switchToFrame, data: {"to":"0","sessionId":"3-b2g","name":"switchToFrame","parameters":{"focus":true,"element":"{c25e550b-6ac1-4c52-b011-e2bfef64dbd3}"}}, id: {078da4c2-599d-4b7c-8f32-e3cb723d1b9d}
04-25 22:20:26.342 I/Gecko   (   83): 1398489626353	Marionette	INFO	Switched to frame: {"frameValue":"{c25e550b-6ac1-4c52-b011-e2bfef64dbd3}"}
04-25 22:20:26.362 I/Gecko   (   83): 1398489626373	Marionette	INFO	trying remote frame 0
04-25 22:20:26.362 I/Gecko   (   83): 1398489626375	Marionette	INFO	trying remote frame 1
04-25 22:20:26.362 I/Gecko   (   83): 1398489626375	Marionette	INFO	trying remote frame 2
04-25 22:20:26.362 I/Gecko   (   83): 1398489626376	Marionette	INFO	trying remote frame 3
04-25 22:20:26.362 I/Gecko   (   83): 1398489626377	Marionette	INFO	trying remote frame 4
04-25 22:20:26.362 I/Gecko   (   83): 1398489626378	Marionette	INFO	trying remote frame 5
04-25 22:20:26.362 I/Gecko   (   83): 1398489626378	Marionette	INFO	deleting frame
04-25 22:20:26.372 I/Gecko   (   83): 1398489626388	Marionette	INFO	frame-manager load script: [object ChromeMessageSender]
04-25 22:20:26.532 W/WifiHW  (   83): wifi_command: SIGNAL_POLL
04-25 22:20:26.832 I/Gecko   (   83): 1398489626846	Marionette	INFO	sendToClient: {"from":"0","ok":true}, {078da4c2-599d-4b7c-8f32-e3cb723d1b9d}, {078da4c2-599d-4b7c-8f32-e3cb723d1b9d}
04-25 22:20:26.952 I/Gecko   (   83): 1398489626964	Marionette	INFO	sendToClient: {"from":"0","value":{"ELEMENT":"{720b5505-710c-4300-8692-94e3a8c34260}"}}, {b9f24087-14ed-46e6-82e5-97b239525ba9}, {b9f24087-14ed-46e6-82e5-97b239525ba9}
04-25 22:20:27.192 E/GeckoConsole( 2541): [JavaScript Warning: "Use of getAttributeNode() is deprecated. Use getAttribute() instead." {file: "chrome://marionette/content/atoms.js" line: 25}]
04-25 22:20:27.202 E/GeckoConsole( 2541): [JavaScript Warning: "Use of attributes' specified attribute is deprecated. It always returns true." {file: "chrome://marionette/content/atoms.js" line: 25}]
04-25 22:20:27.202 I/Gecko   (   83): 1398489627215	Marionette	INFO	sendToClient: {"from":"0","value":"normal"}, {77e90cff-c0db-459e-b1f2-d0571671132a}, {77e90cff-c0db-459e-b1f2-d0571671132a}
04-25 22:20:27.202 I/Gecko   (   83): 1398489627221	Marionette	DEBUG	Got request: switchToFrame, data: {"to":"0","sessionId":"3-b2g","name":"switchToFrame","parameters":{"id":null,"focus":true}}, id: {dd55a9ba-97e1-4fdd-b3aa-e7e9a99362f0}
04-25 22:20:27.212 I/Gecko   (   83): 1398489627229	Marionette	INFO	Switched to frame: {"frameValue":null}
04-25 22:20:27.322 I/Gecko   (   83): 1398489627332	Marionette	INFO	sendToClient: {"from":"0","ok":true}, {dd55a9ba-97e1-4fdd-b3aa-e7e9a99362f0}, {dd55a9ba-97e1-4fdd-b3aa-e7e9a99362f0}
04-25 22:20:27.322 I/Gecko   (   83): 1398489627339	Marionette	DEBUG	Got request: execute, data: {"to":"0","sessionId":"3-b2g","name":"executeScript","parameters":{"specialPowers":false,"scriptTimeout":null,"newSandbox":true,"args":[],"filename":"gaia_test.py","script":"window.wrappedJSObject.dispatchEvent(new Event('home'));","line":788}}, id: {f6fa8503-30c2-4b19-b23e-26ed83e85d1d}
04-25 22:20:27.392 I/Gecko   (   83): 1398489627408	Marionette	INFO	sendToClient: {"from":"0","value":null}, {f6fa8503-30c2-4b19-b23e-26ed83e85d1d}, {f6fa8503-30c2-4b19-b23e-26ed83e85d1d}
04-25 22:20:27.402 I/Gecko   (   83): 1398489627414	Marionette	DEBUG	Got request: switchToFrame, data: {"to":"0","sessionId":"3-b2g","name":"switchToFrame","parameters":{"id":null,"focus":true}}, id: {ed0966ab-9a32-484b-9788-b2846e7d170d}
04-25 22:20:27.402 I/Gecko   (   83): 1398489627416	Marionette	INFO	Switched to frame: {"frameValue":null}
04-25 22:20:27.502 I/Gecko   (   83): 1398489627519	Marionette	INFO	sendToClient: {"from":"0","ok":true}, {ed0966ab-9a32-484b-9788-b2846e7d170d}, {ed0966ab-9a32-484b-9788-b2846e7d170d}
04-25 22:20:27.512 I/Gecko   (   83): 1398489627526	Marionette	DEBUG	Got request: switchToFrame, data: {"to":"0","sessionId":"3-b2g","name":"switchToFrame","parameters":{"id":null,"focus":true}}, id: {458bec23-2e6c-479d-82f6-8eb8a956af3c}
04-25 22:20:27.512 I/Gecko   (   83): 1398489627527	Marionette	INFO	Switched to frame: {"frameValue":null}
04-25 22:20:27.612 I/Gecko   (   83): 1398489627629	Marionette	INFO	sendToClient: {"from":"0","ok":true}, {458bec23-2e6c-479d-82f6-8eb8a956af3c}, {458bec23-2e6c-479d-82f6-8eb8a956af3c}
04-25 22:20:27.622 I/Gecko   (   83): 1398489627636	Marionette	DEBUG	Got request: executeWithCallback, data: {"to":"0","sessionId":"3-b2g","name":"executeAsyncScript","parameters":{"specialPowers":false,"scriptTimeout":null,"newSandbox":true,"args":[],"filename":"gaia_test.py","script":"return GaiaApps.displayedApp();","line":66}}, id: {67e572f0-1217-40b4-b8f2-bd62dabcd4b4}
04-25 22:20:27.702 I/Gecko   (   83): 1398489627714	Marionette	INFO	sendToClient: {"from":"0","value":{"frame":{"ELEMENT":"{c25e550b-6ac1-4c52-b011-e2bfef64dbd3}"},"src":"app://homescreen.gaiamobile.org/index.html#rootFri%20Apr%2025%202014%2022:20:27%20GMT-0700%20(UTC)","name":"Homescreen","origin":"app://homescreen.gaiamobile.org"}}, {67e572f0-1217-40b4-b8f2-bd62dabcd4b4}, {67e572f0-1217-40b4-b8f2-bd62dabcd4b4}
04-25 22:20:27.702 E/GeckoConsole(   83): Content JS LOG at dummy file:392 in GaiaApps.displayedApp: app with origin 'app://homescreen.gaiamobile.org' is displayed
04-25 22:20:27.722 I/Gecko   (   83): 1398489627734	Marionette	DEBUG	Got request: switchToFrame, data: {"to":"0","sessionId":"3-b2g","name":"switchToFrame","parameters":{"focus":true,"element":"{c25e550b-6ac1-4c52-b011-e2bfef64dbd3}"}}, id: {6d37ef2e-8d95-47e0-8542-d7668f375c7e}
04-25 22:20:27.722 I/Gecko   (   83): 1398489627740	Marionette	INFO	Switched to frame: {"frameValue":"{c25e550b-6ac1-4c52-b011-e2bfef64dbd3}"}
04-25 22:20:27.732 I/Gecko   (   83): 1398489627747	Marionette	INFO	trying remote frame 0
04-25 22:20:27.742 I/Gecko   (   83): 1398489627752	Marionette	INFO	trying remote frame 1
04-25 22:20:27.742 I/Gecko   (   83): 1398489627753	Marionette	INFO	trying remote frame 2
04-25 22:20:27.742 I/Gecko   (   83): 1398489627753	Marionette	INFO	trying remote frame 3
04-25 22:20:27.742 I/Gecko   (   83): 1398489627754	Marionette	INFO	trying remote frame 4
04-25 22:20:27.742 I/Gecko   (   83): 1398489627758	Marionette	INFO	trying remote frame 5
04-25 22:20:27.972 I/Gecko   (   83): 1398489627989	Marionette	INFO	sendToClient: {"from":"0","ok":true}, {6d37ef2e-8d95-47e0-8542-d7668f375c7e}, {6d37ef2e-8d95-47e0-8542-d7668f375c7e}
04-25 22:20:28.002 I/Gecko   (   83): 1398489628014	Marionette	DEBUG	Got request: execute, data: {"to":"0","sessionId":"3-b2g","name":"executeScript","parameters":{"specialPowers":false,"scriptTimeout":null,"newSandbox":true,"args":[],"filename":"gaia_test.py","script":"return window.wrappedJSObject.GridManager.pageHelper.getCurrentPageNumber();","line":784}}, id: {c304e129-4728-48f1-82a4-3e5ac3e8e4a5}
04-25 22:20:28.772 V/AudioPolicyManagerBase(   88): startOutput() output 1, stream 1, session 11
04-25 22:20:28.772 V/AudioPolicyManagerBase(   88): changeRefCount() stream 1, count 1
04-25 22:20:28.772 V/AudioPolicyManagerBase(   88): getDeviceForStrategy() from cache strategy 0, device 2
04-25 22:20:28.772 V/AudioPolicyManagerBase(   88): getNewDevice() selected device 2
04-25 22:20:28.772 D/AudioPolicyManagerBase(   88): setOutputDevice() output 1 device 2 delayMs 0
04-25 22:20:28.772 V/AudioPolicyManagerBase(   88): setOutputDevice() setting same device 2 or null device for output 1
04-25 22:20:28.772 E/AudioPolicyManagerBase(   88): checkAndSetVolume stream=1, index=0, output=1, device=2
04-25 22:20:28.772 E/AudioPolicyManagerBase(   88): computeVolume, streamDesc=0x1e83bb8
04-25 22:20:28.802 W/AudioFlinger(   88): Thread AudioOut_1 cannot connect to the power manager service
04-25 22:20:28.802 V/AudioPolicyManagerBase(   88): stopOutput() output 1, stream 1, session 11
04-25 22:20:28.802 V/AudioPolicyManagerBase(   88): changeRefCount() stream 1, count 0
04-25 22:20:28.802 V/AudioPolicyManagerBase(   88): getNewDevice() selected device 0
04-25 22:20:28.802 D/AudioPolicyManagerBase(   88): setOutputDevice() output 1 device 0 delayMs 290
04-25 22:20:28.802 V/AudioPolicyManagerBase(   88): setOutputDevice() setting same device 0 or null device for output 1
04-25 22:20:28.802 V/AudioPolicyManagerBase(   88): releaseOutput() 1
04-25 22:20:29.512 I/Gecko   (   83): 1398489629522	Marionette	INFO	sendToClient: {"from":"0","value":0}, {c304e129-4728-48f1-82a4-3e5ac3e8e4a5}, {c304e129-4728-48f1-82a4-3e5ac3e8e4a5}
04-25 22:20:29.652 E/GeckoConsole( 2541): Content JS WARN at app://homescreen.gaiamobile.org/gaia_build_defer_index.js:184 in isHiddenApp: Unexpected role when checking hidden app: undefined
04-25 22:20:29.652 E/GeckoConsole( 2541): Content JS WARN at app://homescreen.gaiamobile.org/gaia_build_defer_index.js:184 in isHiddenApp: Unexpected role when checking hidden app: undefined
04-25 22:20:29.652 E/GeckoConsole( 2541): Content JS WARN at app://homescreen.gaiamobile.org/gaia_build_defer_index.js:184 in isHiddenApp: Unexpected role when checking hidden app: undefined
04-25 22:20:29.662 E/GeckoConsole( 2541): Content JS WARN at app://homescreen.gaiamobile.org/gaia_build_defer_index.js:184 in isHiddenApp: Unexpected role when checking hidden app: undefined
04-25 22:20:29.662 E/GeckoConsole( 2541): Content JS WARN at app://homescreen.gaiamobile.org/gaia_build_defer_index.js:184 in isHiddenApp: Unexpected role when checking hidden app: undefined
04-25 22:20:29.662 E/GeckoConsole( 2541): Content JS WARN at app://homescreen.gaiamobile.org/gaia_build_defer_index.js:184 in isHiddenApp: Unexpected role when checking hidden app: undefined
04-25 22:20:29.662 E/GeckoConsole( 2541): Content JS WARN at app://homescreen.gaiamobile.org/gaia_build_defer_index.js:184 in isHiddenApp: Unexpected role when checking hidden app: undefined
04-25 22:20:29.662 E/GeckoConsole( 2541): Content JS WARN at app://homescreen.gaiamobile.org/gaia_build_defer_index.js:184 in isHiddenApp: Unexpected role when checking hidden app: undefined
04-25 22:20:29.662 E/GeckoConsole( 2541): Content JS WARN at app://homescreen.gaiamobile.org/gaia_build_defer_index.js:184 in isHiddenApp: Unexpected role when checking hidden app: undefined
04-25 22:20:29.662 E/GeckoConsole( 2541): Content JS WARN at app://homescreen.gaiamobile.org/gaia_build_defer_index.js:184 in isHiddenApp: Unexpected role when checking hidden app: undefined
04-25 22:20:29.662 E/GeckoConsole( 2541): Content JS WARN at app://homescreen.gaiamobile.org/gaia_build_defer_index.js:184 in isHiddenApp: Unexpected role when checking hidden app: undefined
04-25 22:20:29.662 E/GeckoConsole( 2541): Content JS WARN at app://homescreen.gaiamobile.org/gaia_build_defer_index.js:184 in isHiddenApp: Unexpected role when checking hidden app: undefined
04-25 22:20:29.662 E/GeckoConsole( 2541): Content JS WARN at app://homescreen.gaiamobile.org/gaia_build_defer_index.js:184 in isHiddenApp: Unexpected role when checking hidden app: undefined
04-25 22:20:29.672 E/GeckoConsole( 2541): Content JS WARN at app://homescreen.gaiamobile.org/gaia_build_defer_index.js:184 in isHiddenApp: Unexpected role when checking hidden app: undefined
04-25 22:20:29.672 E/GeckoConsole( 2541): Content JS WARN at app://homescreen.gaiamobile.org/gaia_build_defer_index.js:184 in isHiddenApp: Unexpected role when checking hidden app: undefined
04-25 22:20:29.672 E/GeckoConsole( 2541): Content JS WARN at app://homescreen.gaiamobile.org/gaia_build_defer_index.js:184 in isHiddenApp: Unexpected role when checking hidden app: undefined
04-25 22:20:29.672 E/GeckoConsole( 2541): Content JS WARN at app://homescreen.gaiamobile.org/gaia_build_defer_index.js:184 in isHiddenApp: Unexpected role when checking hidden app: undefined
04-25 22:20:29.672 E/GeckoConsole( 2541): Content JS WARN at app://homescreen.gaiamobile.org/gaia_build_defer_index.js:184 in isHiddenApp: Unexpected role when checking hidden app: undefined
04-25 22:20:29.822 I/Gecko   (   83): 1398489629833	Marionette	INFO	sendToClient: {"from":"0","value":["{47bbca45-0d67-4503-93e0-52d31c6353e9}","{37caaf1c-b606-46f3-aba9-b2cd99951caf}","{c665ad0f-2c9e-4758-a674-545a7f90ea11}","{1115db84-b134-4e03-861b-74d63b47f43e}","{677610c6-7ca8-4aec-abe6-3da6e371d1bc}","{27d8d811-436d-45f8-95f4-56b0191b6da8}","{7c1aff38-dd2e-4f4d-b536-6aac6125a76d}","{b08fc7a8-496e-424e-933d-67ba33638a59}","{3783096e-f9fe-4f86-93d7-dc27e9069524}","{1b33ed18-2d29-4c8b-90e5-158ae10e4e88}","{0f592e53-9028-4444-b9b4-bea5263e10e7}","{80a290fc-b5c8-4412-be02-1375cec1e619}","{078a6256-afe1-4330-85bf-de029dcd9a70}","{5aab7af9-5bec-4015-aba3-c983883ba7a5}","{017a2207-caf3-4783-9f99-721b8bd11a16}","{40b98e4f-8e42-4d44-9c5a-231235709fae}","{395cc778-aae5-4018-a615-016cf66b8810}","{fcaf8bf2-c7b8-4a89-a3bb-3be8f01d76a2}","{6f6bdf69-06cd-4e29-875e-a6e83a08c436}","{b3757a2d-e5b6-4273-aec5-4222d7a6c9e9}","{46047632-2899-46fa-a25c-ab9a2fc1010e}","{42f3996a-08ef-4608-86c4-9b18ff0729fd}"]}, {e06dda25-4408-4a67-9723-4fd0a3a5c8c6}, {e06dda25-440
04-25 22:20:30.022 I/Gecko   (   83): 1398489630039	Marionette	INFO	sendToClient: {"from":"0","value":"app://homescreen.gaiamobile.org/index.html#rootFri%20Apr%2025%202014%2022:20:27%20GMT-0700%20(UTC)"}, {839c52fa-7dbf-48c6-89d6-03f21946dbbe}, {839c52fa-7dbf-48c6-89d6-03f21946dbbe}
04-25 22:20:30.032 I/Gecko   (   83): 1398489630051	Marionette	DEBUG	Got request: switchToFrame, data: {"to":"0","sessionId":"3-b2g","name":"switchToFrame","parameters":{"id":null,"focus":true}}, id: {7830d0ef-e90a-430e-a9f0-d86e95b7812e}
04-25 22:20:30.082 I/Gecko   (   83): 1398489630097	Marionette	INFO	Switched to frame: {"frameValue":null}
04-25 22:20:30.182 I/Gecko   (   83): 1398489630200	Marionette	INFO	sendToClient: {"from":"0","ok":true}, {7830d0ef-e90a-430e-a9f0-d86e95b7812e}, {7830d0ef-e90a-430e-a9f0-d86e95b7812e}
04-25 22:20:30.192 I/Gecko   (   83): 1398489630206	Marionette	DEBUG	Got request: switchToFrame, data: {"to":"0","sessionId":"3-b2g","name":"switchToFrame","parameters":{"id":null,"focus":true}}, id: {e7b053db-9473-415f-bcbd-deb65e90d088}
04-25 22:20:30.192 I/Gecko   (   83): 1398489630208	Marionette	INFO	Switched to frame: {"frameValue":null}
04-25 22:20:30.292 I/Gecko   (   83): 1398489630310	Marionette	INFO	sendToClient: {"from":"0","ok":true}, {e7b053db-9473-415f-bcbd-deb65e90d088}, {e7b053db-9473-415f-bcbd-deb65e90d088}
04-25 22:20:30.302 I/Gecko   (   83): 1398489630317	Marionette	DEBUG	Got request: executeWithCallback, data: {"to":"0","sessionId":"3-b2g","name":"executeAsyncScript","parameters":{"specialPowers":false,"scriptTimeout":30000,"newSandbox":true,"args":[],"filename":"app_checker.py","script":"GaiaApps.launchWithManifestURL('https://marketplace.firefox.com/app/c65bcd8d-c31c-4cd9-a6c0-7aed3905b7b1/manifest.webapp')","line":106}}, id: {ffe18db4-c178-47a9-beee-66bfa62cde6a}
04-25 22:20:30.432 I/Gonk    (   83): Setting nice for pid 2552 to 18
04-25 22:20:30.432 I/Gonk    (   83): Changed nice for pid 2552 from 18 to 18.
04-25 22:20:30.432 I/Gecko   (   83): [Parent 83] WARNING: waitpid failed pid:2552 errno:10: file ../../../gecko/ipc/chromium/src/base/process_util_posix.cc, line 254
04-25 22:20:30.452 I/Gonk    (   83): Setting nice for pid 2552 to 1
04-25 22:20:30.452 I/Gonk    (   83): Changed nice for pid 2552 from 18 to 1.
04-25 22:20:30.702 E/GeckoConsole(   83): Content JS LOG at dummy file:334 in GaiaApps.launch: launching app with name 'Candle'
04-25 22:20:30.842 E/[Gralloc-ERROR](   83): int gralloc_register_buffer(const gralloc_module_t*, const native_handle_t*):79 Unable to register handle 0x4779f240 coming from different process: 83
04-25 22:20:30.862 E/[Gralloc-ERROR](   83): int gralloc_register_buffer(const gralloc_module_t*, const native_handle_t*):79 Unable to register handle 0x4779fce0 coming from different process: 83
04-25 22:20:31.072 I/Gonk    (   83): Setting nice for pid 2541 to 18
04-25 22:20:31.072 I/Gonk    (   83): Changed nice for pid 2541 from 1 to 18.
04-25 22:20:31.192 I/Gonk    (   83): Setting nice for pid 2598 to 18
04-25 22:20:31.192 I/Gonk    (   83): Changed nice for pid 2598 from 0 to 18.
04-25 22:20:31.542 W/WifiHW  (   83): wifi_command: SIGNAL_POLL
04-25 22:20:32.162 I/Gecko   ( 2552): ###################################### forms.js loaded
04-25 22:20:32.182 I/Gecko   ( 2552): ############################### browserElementPanning.js loaded
04-25 22:20:32.212 I/Gecko   ( 2552): ######################## BrowserElementChildPreload.js loaded
04-25 22:20:34.022 E/GeckoConsole( 2552): [JavaScript Warning: "Unknown property '-moz-border-radius'.  Declaration dropped." {file: "app://{c096ca28-f9e4-4a8c-bafc-f60a2ec10135}/css/style.css" line: 93 column: 22 source: "    -moz-border-radius: 10px;"}]
04-25 22:20:34.032 E/GeckoConsole( 2552): [JavaScript Warning: "Unknown property '-moz-box-shadow'.  Declaration dropped." {file: "app://{c096ca28-f9e4-4a8c-bafc-f60a2ec10135}/css/style.css" line: 96 column: 19 source: "    -moz-box-shadow: 10px 10px 5px #888;"}]
04-25 22:20:34.912 I/Gecko   ( 2552): Attempting load of libEGL.so
04-25 22:20:35.032 D/libEGL  ( 2552): loaded /system/lib/egl/libEGL_mali.so
04-25 22:20:35.082 D/libEGL  ( 2552): loaded /system/lib/egl/libGLESv1_CM_mali.so
04-25 22:20:35.102 D/libEGL  ( 2552): loaded /system/lib/egl/libGLESv2_mali.so
04-25 22:20:35.222 I/Gecko   ( 2552): SharedSurface_Gralloc::Create -------
04-25 22:20:35.222 I/Gecko   ( 2552): SharedSurface_Gralloc::Create: success -- surface 0x4353c840, GraphicBuffer 0x43d34180.
04-25 22:20:35.702 I/Gecko   (   83): 
04-25 22:20:35.702 I/Gecko   (   83): ###!!! [Parent][MessageChannel] Error: Channel error: cannot send/recv
04-25 22:20:35.702 I/Gecko   (   83): 
04-25 22:20:35.762 I/Gecko   (   83): [Parent 83] WARNING: waitpid failed pid:2541 errno:10: file ../../../gecko/ipc/chromium/src/base/process_util_posix.cc, line 254
04-25 22:20:35.792 E/GeckoConsole( 2552): [JavaScript Warning: "Unknown property 'box-sizing'.  Declaration dropped." {file: "app://{c096ca28-f9e4-4a8c-bafc-f60a2ec10135}/index.html" line: 0 column: 10 source: "box-sizing:border-box;-moz-box-sizing:border-box;-webkit-box-sizing:border-box;padding:1px;border:1px;display:block;width:4px;margin-top:1%;position:absolute;top:1%;"}]
04-25 22:20:36.152 E/GeckoConsole( 2552): [JavaScript Warning: "Invalid URI. Load of media resource  failed." {file: "app://{c096ca28-f9e4-4a8c-bafc-f60a2ec10135}/index.html" line: 0}]
04-25 22:20:36.152 E/GeckoConsole( 2552): [JavaScript Warning: "Invalid URI. Load of media resource  failed." {file: "app://{c096ca28-f9e4-4a8c-bafc-f60a2ec10135}/index.html" line: 0}]
04-25 22:20:36.322 E/GeckoConsole( 2552): Content JS LOG at app://{c096ca28-f9e4-4a8c-bafc-f60a2ec10135}/src/audio.js:17 in loadAudio: AAAUUUUUUUDDDDDDDDDDDIIIIIIIIIIIOOOOOOOOOOO LOADED
04-25 22:20:36.442 I/Gecko   ( 2552): SharedSurface_Gralloc::Create -------
04-25 22:20:36.552 I/Gecko   ( 2552): SharedSurface_Gralloc::Create: success -- surface 0x435ecd00, GraphicBuffer 0x43639900.
04-25 22:20:36.682 W/WifiHW  (   83): wifi_command: SIGNAL_POLL
04-25 22:20:37.292 I/Gecko   ( 2552): SharedSurface_Gralloc::Create -------
04-25 22:20:37.332 I/Gecko   ( 2552): SharedSurface_Gralloc::Create: success -- surface 0x44865b80, GraphicBuffer 0x43639800.
04-25 22:20:37.412 E/GeckoConsole( 2552): Content JS LOG at app://{c096ca28-f9e4-4a8c-bafc-f60a2ec10135}/src/game.js:102 in Game</<.initialize/<: 
04-25 22:20:37.412 E/GeckoConsole( 2552): Content JS LOG at app://{c096ca28-f9e4-4a8c-bafc-f60a2ec10135}/src/game.js:90 in Game</<.initialize/<: ***************************************
04-25 22:20:37.412 E/GeckoConsole( 2552): Content JS LOG at app://{c096ca28-f9e4-4a8c-bafc-f60a2ec10135}/src/game.js:91 in Game</<.initialize/<:  all assets are loaded 
04-25 22:20:37.412 E/GeckoConsole( 2552): Content JS LOG at app://{c096ca28-f9e4-4a8c-bafc-f60a2ec10135}/src/game.js:92 in Game</<.initialize/<: ***************************************
04-25 22:20:37.412 E/GeckoConsole( 2552): Content JS LOG at app://{c096ca28-f9e4-4a8c-bafc-f60a2ec10135}/src/gamePlay.js:303 in setScreenScale: total width and height of the window  320 440
04-25 22:20:37.512 I/Gecko   ( 2552): SharedSurface_Gralloc::Create -------
04-25 22:20:37.582 I/Gecko   ( 2552): SharedSurface_Gralloc::Create: success -- surface 0x435eedc0, GraphicBuffer 0x4359ab80.
04-25 22:20:37.762 I/Gecko   (   83): [Parent 83] WARNING: waitpid failed pid:2541 errno:10: file ../../../gecko/ipc/chromium/src/base/process_util_posix.cc, line 254
04-25 22:20:37.762 I/Gecko   (   83): [Parent 83] WARNING: Failed to deliver SIGKILL to 2541!(3).: file ../../../gecko/ipc/chromium/src/chrome/common/process_watcher_posix_sigchld.cc, line 118
04-25 22:20:40.452 I/Gonk    (   83): Setting nice for pid 2598 to 18
04-25 22:20:40.462 I/Gonk    (   83): Changed nice for pid 2598 from 18 to 18.
04-25 22:20:40.462 I/Gecko   (   83): [Parent 83] WARNING: waitpid failed pid:2598 errno:10: file ../../../gecko/ipc/chromium/src/base/process_util_posix.cc, line 254
04-25 22:20:40.472 I/Gonk    (   83): Setting nice for pid 2598 to 1
04-25 22:20:40.472 I/Gonk    (   83): Changed nice for pid 2598 from 18 to 1.
04-25 22:20:40.492 I/Gonk    (   83): Setting nice for pid 2598 to 18
04-25 22:20:40.492 I/Gonk    (   83): Changed nice for pid 2598 from 1 to 18.
04-25 22:20:40.752 E/GeckoConsole(   83): Content JS LOG at dummy file:326 in GaiaApps.launch/appOpen/<: app with origin 'app://{c096ca28-f9e4-4a8c-bafc-f60a2ec10135}' has launched
04-25 22:20:40.762 I/Gecko   (   83): 1398489640775	Marionette	INFO	sendToClient: {"from":"0","value":{"frame":{"ELEMENT":"{902e740b-ad84-4644-b1a1-2b25f7597065}"},"src":"app://{c096ca28-f9e4-4a8c-bafc-f60a2ec10135}/index.html","name":"Candle","origin":"app://{c096ca28-f9e4-4a8c-bafc-f60a2ec10135}"}}, {ffe18db4-c178-47a9-beee-66bfa62cde6a}, {ffe18db4-c178-47a9-beee-66bfa62cde6a}
04-25 22:20:40.782 E/[Gralloc-ERROR](   83): int gralloc_unregister_buffer(const gralloc_module_t*, const native_handle_t*):274 Trying to unregister buffer 0x4779f240 from process 83 that was not created in current process: 83
04-25 22:20:40.782 E/[Gralloc-ERROR](   83): int gralloc_unregister_buffer(const gralloc_module_t*, const native_handle_t*):274 Trying to unregister buffer 0x4779fce0 from process 83 that was not created in current process: 83
04-25 22:20:40.812 I/Gecko   (   83): 1398489640829	Marionette	DEBUG	Got request: switchToFrame, data: {"to":"0","sessionId":"3-b2g","name":"switchToFrame","parameters":{"focus":true,"element":"{902e740b-ad84-4644-b1a1-2b25f7597065}"}}, id: {824159b6-4410-456b-88f7-7ad43122ab22}
04-25 22:20:40.822 I/Gecko   (   83): 1398489640840	Marionette	INFO	Switched to frame: {"frameValue":"{902e740b-ad84-4644-b1a1-2b25f7597065}"}
04-25 22:20:40.832 I/Gecko   (   83): 1398489640845	Marionette	INFO	trying remote frame 0
04-25 22:20:40.832 I/Gecko   (   83): 1398489640846	Marionette	INFO	trying remote frame 1
04-25 22:20:40.832 I/Gecko   (   83): 1398489640847	Marionette	INFO	trying remote frame 2
04-25 22:20:40.832 I/Gecko   (   83): 1398489640848	Marionette	INFO	trying remote frame 3
04-25 22:20:40.832 I/Gecko   (   83): 1398489640849	Marionette	INFO	trying remote frame 4
04-25 22:20:40.832 I/Gecko   (   83): 1398489640850	Marionette	INFO	trying remote frame 5
04-25 22:20:40.832 I/Gecko   (   83): 1398489640851	Marionette	INFO	deleting frame
04-25 22:20:40.842 I/Gecko   (   83): 1398489640857	Marionette	INFO	frame-manager load script: [object ChromeMessageSender]
04-25 22:20:41.342 I/Gecko   (   83): 1398489641361	Marionette	INFO	sendToClient: {"from":"0","ok":true}, {824159b6-4410-456b-88f7-7ad43122ab22}, {824159b6-4410-456b-88f7-7ad43122ab22}
04-25 22:20:41.362 I/Gecko   (   83): 1398489641377	Marionette	INFO	sendToClient: {"from":"0","value":"app://{c096ca28-f9e4-4a8c-bafc-f60a2ec10135}/index.html"}, {5f36cca0-2e30-43dd-983e-a538c31d633b}, {5f36cca0-2e30-43dd-983e-a538c31d633b}
04-25 22:20:41.372 I/Gecko   (   83): 1398489641384	Marionette	DEBUG	Got request: execute, data: {"to":"0","sessionId":"3-b2g","name":"executeScript","parameters":{"specialPowers":false,"scriptTimeout":null,"newSandbox":true,"args":[],"filename":"app_checker.py","script":"return window.document.readyState;","line":191}}, id: {358f3122-3217-438f-976f-9ba1e1fba6bf}
04-25 22:20:41.422 I/Gecko   (   83): 1398489641440	Marionette	INFO	sendToClient: {"from":"0","value":"complete"}, {358f3122-3217-438f-976f-9ba1e1fba6bf}, {358f3122-3217-438f-976f-9ba1e1fba6bf}
04-25 22:20:41.432 I/Gecko   (   83): 1398489641448	Marionette	INFO	sendToClient: {"from":"0","value":"app://{c096ca28-f9e4-4a8c-bafc-f60a2ec10135}/index.html"}, {0aacd912-87e9-47b8-ad3a-525787a0abd1}, {0aacd912-87e9-47b8-ad3a-525787a0abd1}
04-25 22:20:41.462 I/Gecko   ( 2552): SharedSurface_Gralloc::Create -------
04-25 22:20:41.482 I/Gecko   ( 2552): SharedSurface_Gralloc::Create: success -- surface 0x44de3800, GraphicBuffer 0x44db9e00.
04-25 22:20:41.722 W/WifiHW  (   83): wifi_command: SIGNAL_POLL
04-25 22:20:42.102 I/Gecko   (   83): 
04-25 22:20:42.102 I/Gecko   (   83): ###!!! [Parent][MessageChannel] Error: Channel error: cannot send/recv
04-25 22:20:42.102 I/Gecko   (   83): 
04-25 22:20:42.252 I/Gecko   (   83): [Parent 83] WARNING: waitpid failed pid:2598 errno:10: file ../../../gecko/ipc/chromium/src/base/process_util_posix.cc, line 254
04-25 22:20:43.452 I/Gecko   (   83): 1398489643469	Marionette	INFO	sendToClient: {"from":"0","value":"iVBORw0KGgoAAAANSUhEUgAAAUAAAAHgCAYAAADUjLREAAAgAElEQVR4nO3dXXQc1Z0u/O7q7w91q7vVLXWrJUuyMDbhIxCSCQcygGcgQRnzoWA+bAgYBfMhDNjGYCObOFiAMYqdgPCAIwI4iCQYkzgZMbM4r3lPTmaZM8frOLOW3yWfFQ/iIhe64EIXXOiCi+e96L3bW1vVsrFd/svyo7V+q7urq6v+3dX1aO+q6ipfe+cyEEkBgMnJSSIRPukVgM5tDECSxAAkUQxAksQAJFEMQJLEACRRDECSxAAkUQxAksQAJFEMQJLEACRRDECSNGsDcNnd/Zj8YhKTX0xi8bVrxeshb3gVgGvXrXU1vHsYE59PVMcb3DmIkQ9HzuhKN7x7GGvXrcXgzsEzNr+eFT3oWtKFriVd6FnRg+Hdw9PGGz0yirXr1npej9tnPnpkFGOfjZ3R5TA5OQsCsG/DECa/mMTeDw5MGX7o4Cj03+DLe6vDL728B/s/PgQAGN69X3wFplPjVQB2LenC3g/2YvTwaNXeD/aie2k3+p/tr47Xt6HPNQy8MvbZGLqWdOHAJwcwdtT7FX5g2wC6l3Zj5A8j1eDf//F+dC/tnhZ2h/5yCF1Lujyvye0z1/+cztRy0MQDcPKLyWrQ9T40iPbOZVh87VqYf2YA7v3gQHX4oYOj4iswnRovA/DQXw5NGYYvgQOfHJiykp/pADx08MyEzOTkJEY+HEHXki6MfTYGfHnsc8aXqAax2RI7UwEIYEo9EstBEw3AZXf3Twm68fEJtHcuQ//zw64BaI/PADz7nckANFfyQwcP1VzxRj4cmdZlHD0yOuX5gW0D06Y9sG0A+z/eP2Mg9a7qRdeSLqxdt3ZK+OjupzlPu5s4uHMQe9/bi8Gdg+he2l19D7WsXbcWA9un16kN7RpyDcDh3cPVOrqXdk+rY+LzCfQ/218dp2
04-25 22:20:43.722 I/Gecko   (   83): 1398489643736	Marionette	INFO	sendToClient: {"from":"0","ok":true}, {d09cb2b0-9d9e-4a9a-92d2-c3d83e3cb6d3}, {d09cb2b0-9d9e-4a9a-92d2-c3d83e3cb6d3}
04-25 22:20:43.802 I/Gecko   (   83): 1398489643812	Marionette	DEBUG	Got request: switchToFrame, data: {"to":"0","sessionId":"3-b2g","name":"switchToFrame","parameters":{"id":null,"focus":true}}, id: {6ddc7d89-4649-438f-81b7-c11fe6e0a6fb}
04-25 22:20:43.852 I/Gecko   (   83): 1398489643865	Marionette	INFO	Switched to frame: {"frameValue":null}
04-25 22:20:43.972 I/Gecko   (   83): 1398489643988	Marionette	INFO	sendToClient: {"from":"0","ok":true}, {6ddc7d89-4649-438f-81b7-c11fe6e0a6fb}, {6ddc7d89-4649-438f-81b7-c11fe6e0a6fb}
04-25 22:20:43.982 I/Gecko   (   83): 1398489643997	Marionette	DEBUG	Got request: executeWithCallback, data: {"to":"0","sessionId":"3-b2g","name":"executeAsyncScript","parameters":{"specialPowers":false,"scriptTimeout":null,"newSandbox":true,"args":[],"filename":"gaia_test.py","script":"return GaiaApps.displayedApp();","line":66}}, id: {b722c917-d96b-49ef-b9e7-985bf86cfa57}
04-25 22:20:44.032 I/Gecko   (   83): 1398489644051	Marionette	INFO	sendToClient: {"from":"0","value":{"frame":{"ELEMENT":"{902e740b-ad84-4644-b1a1-2b25f7597065}"},"src":"app://{c096ca28-f9e4-4a8c-bafc-f60a2ec10135}/index.html","name":"Candle","origin":"app://{c096ca28-f9e4-4a8c-bafc-f60a2ec10135}"}}, {b722c917-d96b-49ef-b9e7-985bf86cfa57}, {b722c917-d96b-49ef-b9e7-985bf86cfa57}
04-25 22:20:44.102 E/GeckoConsole(   83): Content JS LOG at dummy file:392 in GaiaApps.displayedApp: app with origin 'app://{c096ca28-f9e4-4a8c-bafc-f60a2ec10135}' is displayed
04-25 22:20:44.122 I/Gecko   (   83): 1398489644136	Marionette	DEBUG	Got request: switchToFrame, data: {"to":"0","sessionId":"3-b2g","name":"switchToFrame","parameters":{"id":null,"focus":true}}, id: {f567c3f6-4d4d-4f2b-94d2-e1e8698fc7e6}
04-25 22:20:44.122 I/Gecko   (   83): 1398489644138	Marionette	INFO	Switched to frame: {"frameValue":null}
04-25 22:20:44.212 I/Gonk    (   83): Setting nice for pid 2629 to 18
04-25 22:20:44.212 I/Gonk    (   83): Changed nice for pid 2629 from 0 to 18.
04-25 22:20:44.252 I/Gecko   (   83): [Parent 83] WARNING: waitpid failed pid:2598 errno:10: file ../../../gecko/ipc/chromium/src/base/process_util_posix.cc, line 254
04-25 22:20:44.272 I/Gecko   (   83): 1398489644287	Marionette	INFO	sendToClient: {"from":"0","ok":true}, {f567c3f6-4d4d-4f2b-94d2-e1e8698fc7e6}, {f567c3f6-4d4d-4f2b-94d2-e1e8698fc7e6}
04-25 22:20:44.302 I/Gecko   (   83): [Parent 83] WARNING: Failed to deliver SIGKILL to 2598!(3).: file ../../../gecko/ipc/chromium/src/chrome/common/process_watcher_posix_sigchld.cc, line 118
04-25 22:20:44.302 I/Gecko   (   83): 1398489644318	Marionette	DEBUG	Got request: execute, data: {"to":"0","sessionId":"3-b2g","name":"executeScript","parameters":{"specialPowers":false,"scriptTimeout":null,"newSandbox":true,"args":[],"filename":"gaia_test.py","script":"window.wrappedJSObject.dispatchEvent(new Event('home'));","line":788}}, id: {5b7bc307-fed3-444b-b954-57731b8fbb5e}
04-25 22:20:44.432 I/Gonk    (   83): Setting nice for pid 2629 to 18
04-25 22:20:44.432 I/Gonk    (   83): Changed nice for pid 2629 from 0 to 18.
04-25 22:20:44.432 I/Gecko   (   83): [Parent 83] WARNING: waitpid failed pid:2629 errno:10: file ../../../gecko/ipc/chromium/src/base/process_util_posix.cc, line 254
04-25 22:20:44.432 I/Gonk    (   83): Setting nice for pid 2629 to 1
04-25 22:20:44.432 I/Gonk    (   83): Changed nice for pid 2629 from 18 to 1.
04-25 22:20:44.772 I/Gecko   (   83): 1398489644784	Marionette	INFO	sendToClient: {"from":"0","value":null}, {5b7bc307-fed3-444b-b954-57731b8fbb5e}, {5b7bc307-fed3-444b-b954-57731b8fbb5e}
04-25 22:20:44.842 E/[Gralloc-ERROR](   83): int gralloc_register_buffer(const gralloc_module_t*, const native_handle_t*):79 Unable to register handle 0x451d4fb0 coming from different process: 83
04-25 22:20:44.842 E/[Gralloc-ERROR](   83): int gralloc_register_buffer(const gralloc_module_t*, const native_handle_t*):79 Unable to register handle 0x45c0e0b0 coming from different process: 83
04-25 22:20:44.972 I/Gecko   (   83): 1398489644983	Marionette	DEBUG	Got request: switchToFrame, data: {"to":"0","sessionId":"3-b2g","name":"switchToFrame","parameters":{"id":null,"focus":true}}, id: {15e24be0-2a99-4619-85d2-017628b7be61}
04-25 22:20:44.982 I/Gecko   (   83): 1398489644993	Marionette	INFO	Switched to frame: {"frameValue":null}
04-25 22:20:45.092 I/Gecko   (   83): 1398489645109	Marionette	INFO	sendToClient: {"from":"0","ok":true}, {15e24be0-2a99-4619-85d2-017628b7be61}, {15e24be0-2a99-4619-85d2-017628b7be61}
04-25 22:20:45.102 I/Gecko   (   83): 1398489645116	Marionette	DEBUG	Got request: executeWithCallback, data: {"to":"0","sessionId":"3-b2g","name":"executeAsyncScript","parameters":{"specialPowers":false,"scriptTimeout":null,"newSandbox":true,"args":[],"filename":"gaia_test.py","script":"return GaiaApps.displayedApp();","line":66}}, id: {1f32ca40-5c7f-4c7e-a42a-861a9c69f8ff}
04-25 22:20:45.182 I/Gecko   (   83): 1398489645193	Marionette	INFO	sendToClient: {"from":"0","value":{"frame":{"ELEMENT":"{cbd1763f-6e17-4b49-ae5c-289b7f5161d3}"},"src":"app://homescreen.gaiamobile.org/index.html#root","name":"Homescreen","origin":"app://homescreen.gaiamobile.org"}}, {1f32ca40-5c7f-4c7e-a42a-861a9c69f8ff}, {1f32ca40-5c7f-4c7e-a42a-861a9c69f8ff}
04-25 22:20:45.182 E/GeckoConsole(   83): Content JS LOG at dummy file:392 in GaiaApps.displayedApp: app with origin 'app://homescreen.gaiamobile.org' is displayed
04-25 22:20:45.232 I/Gecko   (   83): 1398489645251	Marionette	DEBUG	Got request: switchToFrame, data: {"to":"0","sessionId":"3-b2g","name":"switchToFrame","parameters":{"id":null,"focus":true}}, id: {3a32b743-ebb0-482c-a4f7-250efde5e45b}
04-25 22:20:45.242 I/Gecko   (   83): 1398489645260	Marionette	INFO	Switched to frame: {"frameValue":null}
04-25 22:20:45.442 I/Gecko   (   83): 1398489645459	Marionette	INFO	sendToClient: {"from":"0","ok":true}, {3a32b743-ebb0-482c-a4f7-250efde5e45b}, {3a32b743-ebb0-482c-a4f7-250efde5e45b}
04-25 22:20:45.472 I/Gecko   (   83): 1398489645483	Marionette	DEBUG	Got request: switchToFrame, data: {"to":"0","sessionId":"3-b2g","name":"switchToFrame","parameters":{"id":null,"focus":true}}, id: {08ea5176-0594-4ce3-acb5-6a7274aab6b4}
04-25 22:20:45.742 I/Gecko   (   83): 1398489645753	Marionette	INFO	Switched to frame: {"frameValue":null}
04-25 22:20:46.032 I/Gecko   (   83): 1398489646045	Marionette	INFO	sendToClient: {"from":"0","ok":true}, {08ea5176-0594-4ce3-acb5-6a7274aab6b4}, {08ea5176-0594-4ce3-acb5-6a7274aab6b4}
04-25 22:20:46.572 E/[Gralloc-ERROR](   83): int gralloc_unregister_buffer(const gralloc_module_t*, const native_handle_t*):274 Trying to unregister buffer 0x45c0e0b0 from process 83 that was not created in current process: 83
04-25 22:20:46.592 E/[Gralloc-ERROR](   83): int gralloc_unregister_buffer(const gralloc_module_t*, const native_handle_t*):274 Trying to unregister buffer 0x451d4fb0 from process 83 that was not created in current process: 83
04-25 22:20:47.102 I/Gonk    (   83): Setting nice for pid 2552 to 18
04-25 22:20:47.102 I/Gonk    (   83): Changed nice for pid 2552 from 1 to 18.
04-25 22:20:47.172 W/WifiHW  (   83): wifi_command: SIGNAL_POLL
04-25 22:20:47.292 I/Gecko   (   83): 1398489647310	Marionette	DEBUG	Got request: executeWithCallback, data: {"to":"0","sessionId":"3-b2g","name":"executeAsyncScript","parameters":{"specialPowers":false,"scriptTimeout":null,"newSandbox":true,"args":[],"filename":"gaia_test.py","script":"return GaiaApps.displayedApp();","line":66}}, id: {0d16217e-bf98-424d-8b03-2835ab3cff57}
04-25 22:20:47.422 I/Gecko   (   83): 1398489647441	Marionette	INFO	sendToClient: {"from":"0","value":{"frame":{"ELEMENT":"{cbd1763f-6e17-4b49-ae5c-289b7f5161d3}"},"src":"app://homescreen.gaiamobile.org/index.html#root","name":"Homescreen","origin":"app://homescreen.gaiamobile.org"}}, {0d16217e-bf98-424d-8b03-2835ab3cff57}, {0d16217e-bf98-424d-8b03-2835ab3cff57}
04-25 22:20:47.432 I/Gecko   (   83): 1398489647448	Marionette	DEBUG	Got request: switchToFrame, data: {"to":"0","sessionId":"3-b2g","name":"switchToFrame","parameters":{"focus":true,"element":"{cbd1763f-6e17-4b49-ae5c-289b7f5161d3}"}}, id: {d83c745d-b681-4d65-9eae-bebe931441ad}
04-25 22:20:47.432 E/GeckoConsole(   83): Content JS LOG at dummy file:392 in GaiaApps.displayedApp: app with origin 'app://homescreen.gaiamobile.org' is displayed
04-25 22:20:47.452 I/Gecko   (   83): 1398489647464	Marionette	INFO	Switched to frame: {"frameValue":"{cbd1763f-6e17-4b49-ae5c-289b7f5161d3}"}
04-25 22:20:47.462 I/Gecko   (   83): 1398489647472	Marionette	INFO	trying remote frame 0
04-25 22:20:47.462 I/Gecko   (   83): 1398489647479	Marionette	INFO	trying remote frame 1
04-25 22:20:47.462 I/Gecko   (   83): 1398489647480	Marionette	INFO	trying remote frame 2
04-25 22:20:47.462 I/Gecko   (   83): 1398489647481	Marionette	INFO	trying remote frame 3
04-25 22:20:47.472 I/Gecko   (   83): 1398489647482	Marionette	INFO	trying remote frame 4
04-25 22:20:47.472 I/Gecko   (   83): 1398489647483	Marionette	INFO	trying remote frame 5
04-25 22:20:47.472 I/Gecko   (   83): 1398489647484	Marionette	INFO	deleting frame
04-25 22:20:47.472 I/Gecko   (   83): 1398489647489	Marionette	INFO	frame-manager load script: [object ChromeMessageSender]
04-25 22:20:47.532 I/Gecko   (   83): 
04-25 22:20:47.532 I/Gecko   (   83): ###!!! [Parent][MessageChannel] Error: Channel error: cannot send/recv
04-25 22:20:47.532 I/Gecko   (   83): 
04-25 22:20:47.612 I/Gecko   (   83): [Parent 83] WARNING: waitpid failed pid:2552 errno:10: file ../../../gecko/ipc/chromium/src/base/process_util_posix.cc, line 254
04-25 22:20:48.592 I/Gecko   ( 2629): ###################################### forms.js loaded
04-25 22:20:48.612 I/Gecko   ( 2629): ############################### browserElementPanning.js loaded
04-25 22:20:48.632 I/Gecko   ( 2629): ######################## BrowserElementChildPreload.js loaded
04-25 22:20:49.482 I/Gonk    (   83): Setting nice for pid 2643 to 18
04-25 22:20:49.482 I/Gonk    (   83): Changed nice for pid 2643 from 0 to 18.
04-25 22:20:49.612 I/Gecko   (   83): [Parent 83] WARNING: waitpid failed pid:2552 errno:10: file ../../../gecko/ipc/chromium/src/base/process_util_posix.cc, line 254
04-25 22:20:49.612 I/Gecko   (   83): [Parent 83] WARNING: Failed to deliver SIGKILL to 2552!(3).: file ../../../gecko/ipc/chromium/src/chrome/common/process_watcher_posix_sigchld.cc, line 118
04-25 22:20:49.732 I/Gecko   (   83): 1398489649750	Marionette	INFO	sendToClient: {"from":"0","ok":true}, {d83c745d-b681-4d65-9eae-bebe931441ad}, {d83c745d-b681-4d65-9eae-bebe931441ad}
04-25 22:20:50.472 I/Gecko   (   83): 1398489650488	Marionette	INFO	sendToClient: {"from":"0","value":"app://homescreen.gaiamobile.org/index.html#root"}, {59e43bb4-9795-425f-b709-ad5972a437ee}, {59e43bb4-9795-425f-b709-ad5972a437ee}
04-25 22:20:50.482 I/Gecko   (   83): 1398489650494	Marionette	DEBUG	Got request: switchToFrame, data: {"to":"0","sessionId":"3-b2g","name":"switchToFrame","parameters":{"id":null,"focus":true}}, id: {775ffbfd-c1fa-4d81-9c33-da1f7ccc64fa}
04-25 22:20:50.492 I/Gecko   (   83): 1398489650502	Marionette	INFO	Switched to frame: {"frameValue":null}
04-25 22:20:50.592 I/Gecko   (   83): 1398489650606	Marionette	INFO	sendToClient: {"from":"0","ok":true}, {775ffbfd-c1fa-4d81-9c33-da1f7ccc64fa}, {775ffbfd-c1fa-4d81-9c33-da1f7ccc64fa}
04-25 22:20:50.602 I/Gecko   (   83): 1398489650612	Marionette	DEBUG	Got request: switchToFrame, data: {"to":"0","sessionId":"3-b2g","name":"switchToFrame","parameters":{"id":null,"focus":true}}, id: {5e55cd8e-e03b-4a17-8bd0-17bcdb814108}
04-25 22:20:50.602 I/Gecko   (   83): 1398489650614	Marionette	INFO	Switched to frame: {"frameValue":null}
04-25 22:20:50.702 I/Gecko   (   83): 1398489650716	Marionette	INFO	sendToClient: {"from":"0","ok":true}, {5e55cd8e-e03b-4a17-8bd0-17bcdb814108}, {5e55cd8e-e03b-4a17-8bd0-17bcdb814108}
04-25 22:20:50.712 I/Gecko   (   83): 1398489650727	Marionette	DEBUG	Got request: executeWithCallback, data: {"to":"0","sessionId":"3-b2g","name":"executeAsyncScript","parameters":{"specialPowers":false,"scriptTimeout":null,"newSandbox":true,"args":[],"filename":"gaia_test.py","script":"GaiaApps.killAll()","line":91}}, id: {5dbbdfee-f1e1-45cb-992c-713d4e4889ab}
04-25 22:20:50.752 I/Gecko   (   83): 1398489650768	Marionette	INFO	sendToClient: {"from":"0","value":true}, {5dbbdfee-f1e1-45cb-992c-713d4e4889ab}, {5dbbdfee-f1e1-45cb-992c-713d4e4889ab}
04-25 22:20:50.762 I/Gecko   (   83): 1398489650776	Marionette	DEBUG	Got request: switchToFrame, data: {"to":"0","sessionId":"3-b2g","name":"switchToFrame","parameters":{"id":null,"focus":true}}, id: {b1b6e7dd-5abf-43e5-ba36-a078e3d0ad49}
04-25 22:20:50.762 I/Gecko   (   83): 1398489650778	Marionette	INFO	Switched to frame: {"frameValue":null}
04-25 22:20:50.862 I/Gecko   (   83): 1398489650880	Marionette	INFO	sendToClient: {"from":"0","ok":true}, {b1b6e7dd-5abf-43e5-ba36-a078e3d0ad49}, {b1b6e7dd-5abf-43e5-ba36-a078e3d0ad49}
04-25 22:20:50.872 I/Gecko   (   83): 1398489650888	Marionette	DEBUG	Got request: executeWithCallback, data: {"to":"0","sessionId":"3-b2g","name":"executeAsyncScript","parameters":{"specialPowers":false,"scriptTimeout":60000,"newSandbox":true,"args":[],"filename":"app_checker.py","script":"\n        GaiaApps.locateWithManifestURL('https://marketplace.firefox.com/app/c65bcd8d-c31c-4cd9-a6c0-7aed3905b7b1/manifest.webapp',\n                                       null,\n                                       function uninstall(app) {\n                                       navigator.mozApps.mgmt.uninstall(app);\n                                       marionetteScriptFinished(true);\n                                       });\n        ","line":129}}, id: {8bd16059-a962-404a-b191-a39e2e53253c}
04-25 22:20:50.902 I/Gecko   (   83): -- webapps.js uninstall https://marketplace.firefox.com/app/c65bcd8d-c31c-4cd9-a6c0-7aed3905b7b1/manifest.webapp
04-25 22:20:51.202 I/Gecko   (   83): 1398489651217	Marionette	INFO	sendToClient: {"from":"0","value":true}, {8bd16059-a962-404a-b191-a39e2e53253c}, {8bd16059-a962-404a-b191-a39e2e53253c}