--------- beginning of /dev/log/main
04-25 06:42:00.710 I/Gecko   (   83): 1398433320730	Marionette	INFO	sendToClient: {"from":"0","ok":true}, {03f3f227-bbd0-4d2e-bd0f-c6f7933b1ea3}, {03f3f227-bbd0-4d2e-bd0f-c6f7933b1ea3}
04-25 06:42:00.720 V/AudioPolicyManagerBase(   89): startOutput() output 1, stream 1, session 4
04-25 06:42:00.720 V/AudioPolicyManagerBase(   89): changeRefCount() stream 1, count 1
04-25 06:42:00.720 V/AudioPolicyManagerBase(   89): getDeviceForStrategy() from cache strategy 0, device 2
04-25 06:42:00.720 V/AudioPolicyManagerBase(   89): getNewDevice() selected device 2
04-25 06:42:00.720 D/AudioPolicyManagerBase(   89): setOutputDevice() output 1 device 2 delayMs 0
04-25 06:42:00.720 V/AudioPolicyManagerBase(   89): setOutputDevice() setting same device 2 or null device for output 1
04-25 06:42:00.720 E/AudioPolicyManagerBase(   89): checkAndSetVolume stream=1, index=0, output=1, device=2
04-25 06:42:00.720 E/AudioPolicyManagerBase(   89): computeVolume, streamDesc=0x1ddbbb8
04-25 06:42:00.770 W/AudioFlinger(   89): Thread AudioOut_1 cannot connect to the power manager service
04-25 06:42:00.770 V/AudioPolicyManagerBase(   89): stopOutput() output 1, stream 1, session 4
04-25 06:42:00.770 V/AudioPolicyManagerBase(   89): changeRefCount() stream 1, count 0
04-25 06:42:00.770 V/AudioPolicyManagerBase(   89): getNewDevice() selected device 0
04-25 06:42:00.770 D/AudioPolicyManagerBase(   89): setOutputDevice() output 1 device 0 delayMs 290
04-25 06:42:00.770 V/AudioPolicyManagerBase(   89): setOutputDevice() setting same device 0 or null device for output 1
04-25 06:42:00.780 I/Gecko   (   83): 1398433320791	Marionette	DEBUG	Got request: switchToFrame, data: {"to":"0","sessionId":"3-b2g","name":"switchToFrame","parameters":{"id":null,"focus":true}}, id: {134f21aa-8ea0-4b00-85aa-e99535aa04ae}
04-25 06:42:00.780 I/Gecko   (   83): 1398433320794	Marionette	INFO	Switched to frame: {"frameValue":null}
04-25 06:42:00.780 V/AudioPolicyManagerBase(   89): startOutput() output 1, stream 1, session 4
04-25 06:42:00.780 V/AudioPolicyManagerBase(   89): changeRefCount() stream 1, count 1
04-25 06:42:00.780 V/AudioPolicyManagerBase(   89): getDeviceForStrategy() from cache strategy 0, device 2
04-25 06:42:00.780 V/AudioPolicyManagerBase(   89): getNewDevice() selected device 2
04-25 06:42:00.780 D/AudioPolicyManagerBase(   89): setOutputDevice() output 1 device 2 delayMs 0
04-25 06:42:00.780 V/AudioPolicyManagerBase(   89): setOutputDevice() setting same device 2 or null device for output 1
04-25 06:42:00.780 E/AudioPolicyManagerBase(   89): checkAndSetVolume stream=1, index=0, output=1, device=2
04-25 06:42:00.780 E/AudioPolicyManagerBase(   89): computeVolume, streamDesc=0x1ddbbb8
04-25 06:42:00.780 V/AudioPolicyManagerBase(   89): stopOutput() output 1, stream 1, session 4
04-25 06:42:00.780 V/AudioPolicyManagerBase(   89): changeRefCount() stream 1, count 0
04-25 06:42:00.780 V/AudioPolicyManagerBase(   89): getNewDevice() selected device 0
04-25 06:42:00.780 D/AudioPolicyManagerBase(   89): setOutputDevice() output 1 device 0 delayMs 290
04-25 06:42:00.780 V/AudioPolicyManagerBase(   89): setOutputDevice() setting same device 0 or null device for output 1
04-25 06:42:00.810 V/AudioPolicyManagerBase(   89): releaseOutput() 1
04-25 06:42:00.910 I/Gecko   (   83): 1398433320925	Marionette	INFO	sendToClient: {"from":"0","ok":true}, {134f21aa-8ea0-4b00-85aa-e99535aa04ae}, {134f21aa-8ea0-4b00-85aa-e99535aa04ae}
04-25 06:42:01.000 I/Gecko   (   83): 1398433321013	Marionette	DEBUG	Got request: executeWithCallback, data: {"to":"0","sessionId":"3-b2g","name":"executeAsyncScript","parameters":{"specialPowers":false,"scriptTimeout":null,"newSandbox":true,"args":[],"filename":"gaia_test.py","script":"return GaiaApps.displayedApp();","line":66}}, id: {9717f297-60b5-4d2b-ba48-8549a677e80c}
04-25 06:42:01.120 E/GeckoConsole(   83): Content JS LOG at dummy file:392 in GaiaApps.displayedApp: app with origin 'app://homescreen.gaiamobile.org' is displayed
04-25 06:42:01.120 I/Gecko   (   83): 1398433321135	Marionette	INFO	sendToClient: {"from":"0","value":{"frame":{"ELEMENT":"{db0511a8-c309-4fae-a05a-1524ae077f2b}"},"src":"app://homescreen.gaiamobile.org/index.html#root","name":"Homescreen","origin":"app://homescreen.gaiamobile.org"}}, {9717f297-60b5-4d2b-ba48-8549a677e80c}, {9717f297-60b5-4d2b-ba48-8549a677e80c}
04-25 06:42:01.170 I/Gecko   (   83): 1398433321184	Marionette	DEBUG	Got request: switchToFrame, data: {"to":"0","sessionId":"3-b2g","name":"switchToFrame","parameters":{"id":null,"focus":true}}, id: {70adf04a-5708-4de1-953f-c266470d54ce}
04-25 06:42:01.170 I/Gecko   (   83): 1398433321186	Marionette	INFO	Switched to frame: {"frameValue":null}
04-25 06:42:01.280 I/Gecko   (   83): 1398433321293	Marionette	INFO	sendToClient: {"from":"0","ok":true}, {70adf04a-5708-4de1-953f-c266470d54ce}, {70adf04a-5708-4de1-953f-c266470d54ce}
04-25 06:42:01.280 I/Gecko   (   83): 1398433321300	Marionette	DEBUG	Got request: switchToFrame, data: {"to":"0","sessionId":"3-b2g","name":"switchToFrame","parameters":{"id":null,"focus":true}}, id: {ffb64428-1159-44ed-8c54-438c30995cfe}
04-25 06:42:01.290 I/Gecko   (   83): 1398433321302	Marionette	INFO	Switched to frame: {"frameValue":null}
04-25 06:42:01.410 I/Gecko   (   83): 1398433321423	Marionette	INFO	sendToClient: {"from":"0","ok":true}, {ffb64428-1159-44ed-8c54-438c30995cfe}, {ffb64428-1159-44ed-8c54-438c30995cfe}
04-25 06:42:01.420 I/Gecko   (   83): 1398433321431	Marionette	DEBUG	Got request: executeWithCallback, data: {"to":"0","sessionId":"3-b2g","name":"executeAsyncScript","parameters":{"specialPowers":false,"scriptTimeout":null,"newSandbox":true,"args":[],"filename":"gaia_test.py","script":"return GaiaApps.displayedApp();","line":66}}, id: {74964a29-af01-4ac3-a319-bdad8ea9a60b}
04-25 06:42:01.480 I/Gecko   (   83): 1398433321491	Marionette	INFO	sendToClient: {"from":"0","value":{"frame":{"ELEMENT":"{db0511a8-c309-4fae-a05a-1524ae077f2b}"},"src":"app://homescreen.gaiamobile.org/index.html#root","name":"Homescreen","origin":"app://homescreen.gaiamobile.org"}}, {74964a29-af01-4ac3-a319-bdad8ea9a60b}, {74964a29-af01-4ac3-a319-bdad8ea9a60b}
04-25 06:42:01.480 E/GeckoConsole(   83): Content JS LOG at dummy file:392 in GaiaApps.displayedApp: app with origin 'app://homescreen.gaiamobile.org' is displayed
04-25 06:42:01.500 I/Gecko   (   83): 1398433321516	Marionette	DEBUG	Got request: switchToFrame, data: {"to":"0","sessionId":"3-b2g","name":"switchToFrame","parameters":{"focus":true,"element":"{db0511a8-c309-4fae-a05a-1524ae077f2b}"}}, id: {2e551ef1-73a5-46d4-872d-bcfb2823990a}
04-25 06:42:01.510 I/Gecko   (   83): 1398433321526	Marionette	INFO	Switched to frame: {"frameValue":"{db0511a8-c309-4fae-a05a-1524ae077f2b}"}
04-25 06:42:01.520 I/Gecko   (   83): 1398433321534	Marionette	INFO	trying remote frame 0
04-25 06:42:01.540 I/Gecko   (   83): 1398433321556	Marionette	INFO	deleting frame
04-25 06:42:01.570 I/Gecko   (   83): 1398433321588	Marionette	INFO	frame-manager load script: [object ChromeMessageSender]
04-25 06:42:02.040 I/Gecko   (   83): 1398433322057	Marionette	INFO	sendToClient: {"from":"0","ok":true}, {2e551ef1-73a5-46d4-872d-bcfb2823990a}, {2e551ef1-73a5-46d4-872d-bcfb2823990a}
04-25 06:42:02.090 I/Gecko   (   83): 1398433322108	Marionette	INFO	sendToClient: {"from":"0","value":{"ELEMENT":"{e56c88e6-8233-4667-886a-a626dd28eab7}"}}, {4255d86f-dd3a-4b70-b3e8-fffde73c75ad}, {4255d86f-dd3a-4b70-b3e8-fffde73c75ad}
04-25 06:42:02.480 E/GeckoConsole(  720): [JavaScript Warning: "Use of getAttributeNode() is deprecated. Use getAttribute() instead." {file: "chrome://marionette/content/atoms.js" line: 25}]
04-25 06:42:02.480 E/GeckoConsole(  720): [JavaScript Warning: "Use of attributes' specified attribute is deprecated. It always returns true." {file: "chrome://marionette/content/atoms.js" line: 25}]
04-25 06:42:02.490 I/Gecko   (   83): 1398433322502	Marionette	INFO	sendToClient: {"from":"0","value":"normal"}, {e4158fc2-90c9-45ce-9a68-86144a901b52}, {e4158fc2-90c9-45ce-9a68-86144a901b52}
04-25 06:42:02.520 I/Gecko   (   83): 1398433322540	Marionette	DEBUG	Got request: switchToFrame, data: {"to":"0","sessionId":"3-b2g","name":"switchToFrame","parameters":{"id":null,"focus":true}}, id: {06c37fc2-9d7a-4e5f-b6d4-56ececbf7b9c}
04-25 06:42:02.610 I/Gecko   (   83): 1398433322623	Marionette	INFO	Switched to frame: {"frameValue":null}
04-25 06:42:02.710 I/Gecko   (   83): 1398433322726	Marionette	INFO	sendToClient: {"from":"0","ok":true}, {06c37fc2-9d7a-4e5f-b6d4-56ececbf7b9c}, {06c37fc2-9d7a-4e5f-b6d4-56ececbf7b9c}
04-25 06:42:02.720 I/Gecko   (   83): 1398433322732	Marionette	DEBUG	Got request: execute, data: {"to":"0","sessionId":"3-b2g","name":"executeScript","parameters":{"specialPowers":false,"scriptTimeout":null,"newSandbox":true,"args":[],"filename":"gaia_test.py","script":"window.wrappedJSObject.dispatchEvent(new Event('home'));","line":788}}, id: {8f6416e1-e80f-4107-8df5-1af8b165e137}
04-25 06:42:02.770 I/Gecko   (   83): 1398433322787	Marionette	INFO	sendToClient: {"from":"0","value":null}, {8f6416e1-e80f-4107-8df5-1af8b165e137}, {8f6416e1-e80f-4107-8df5-1af8b165e137}
04-25 06:42:02.790 I/Gecko   (   83): 1398433322807	Marionette	DEBUG	Got request: switchToFrame, data: {"to":"0","sessionId":"3-b2g","name":"switchToFrame","parameters":{"id":null,"focus":true}}, id: {02ea816e-3760-4f5e-85c9-40e5d75a69ca}
04-25 06:42:02.790 I/Gecko   (   83): 1398433322810	Marionette	INFO	Switched to frame: {"frameValue":null}
04-25 06:42:02.900 I/Gecko   (   83): 1398433322912	Marionette	INFO	sendToClient: {"from":"0","ok":true}, {02ea816e-3760-4f5e-85c9-40e5d75a69ca}, {02ea816e-3760-4f5e-85c9-40e5d75a69ca}
04-25 06:42:02.900 I/Gecko   (   83): 1398433322918	Marionette	DEBUG	Got request: switchToFrame, data: {"to":"0","sessionId":"3-b2g","name":"switchToFrame","parameters":{"id":null,"focus":true}}, id: {1e95e617-9609-4a6b-bc38-4974e315b341}
04-25 06:42:02.900 I/Gecko   (   83): 1398433322920	Marionette	INFO	Switched to frame: {"frameValue":null}
04-25 06:42:02.980 W/WifiHW  (   83): wifi_command: SIGNAL_POLL
04-25 06:42:03.020 I/Gecko   (   83): 1398433323032	Marionette	INFO	sendToClient: {"from":"0","ok":true}, {1e95e617-9609-4a6b-bc38-4974e315b341}, {1e95e617-9609-4a6b-bc38-4974e315b341}
04-25 06:42:03.020 I/Gecko   (   83): 1398433323039	Marionette	DEBUG	Got request: executeWithCallback, data: {"to":"0","sessionId":"3-b2g","name":"executeAsyncScript","parameters":{"specialPowers":false,"scriptTimeout":null,"newSandbox":true,"args":[],"filename":"gaia_test.py","script":"return GaiaApps.displayedApp();","line":66}}, id: {503aa71b-e7c9-4251-99bd-022b8cf25608}
04-25 06:42:03.160 I/Gecko   (   83): 1398433323179	Marionette	INFO	sendToClient: {"from":"0","value":{"frame":{"ELEMENT":"{db0511a8-c309-4fae-a05a-1524ae077f2b}"},"src":"app://homescreen.gaiamobile.org/index.html#rootFri%20Apr%2025%202014%2006:42:02%20GMT-0700%20(UTC)","name":"Homescreen","origin":"app://homescreen.gaiamobile.org"}}, {503aa71b-e7c9-4251-99bd-022b8cf25608}, {503aa71b-e7c9-4251-99bd-022b8cf25608}
04-25 06:42:03.180 E/GeckoConsole(   83): Content JS LOG at dummy file:392 in GaiaApps.displayedApp: app with origin 'app://homescreen.gaiamobile.org' is displayed
04-25 06:42:03.190 I/Gecko   (   83): 1398433323207	Marionette	DEBUG	Got request: switchToFrame, data: {"to":"0","sessionId":"3-b2g","name":"switchToFrame","parameters":{"focus":true,"element":"{db0511a8-c309-4fae-a05a-1524ae077f2b}"}}, id: {2cc49e86-6250-4c54-8a81-6634e11681de}
04-25 06:42:03.200 I/Gecko   (   83): 1398433323219	Marionette	INFO	Switched to frame: {"frameValue":"{db0511a8-c309-4fae-a05a-1524ae077f2b}"}
04-25 06:42:03.210 I/Gecko   (   83): 1398433323225	Marionette	INFO	trying remote frame 0
04-25 06:42:03.870 E/GeckoConsole(  720): Content JS WARN at app://homescreen.gaiamobile.org/gaia_build_defer_index.js:184 in isHiddenApp: Unexpected role when checking hidden app: undefined
04-25 06:42:03.880 E/GeckoConsole(  720): Content JS WARN at app://homescreen.gaiamobile.org/gaia_build_defer_index.js:184 in isHiddenApp: Unexpected role when checking hidden app: undefined
04-25 06:42:03.880 E/GeckoConsole(  720): Content JS WARN at app://homescreen.gaiamobile.org/gaia_build_defer_index.js:184 in isHiddenApp: Unexpected role when checking hidden app: undefined
04-25 06:42:03.880 E/GeckoConsole(  720): Content JS WARN at app://homescreen.gaiamobile.org/gaia_build_defer_index.js:184 in isHiddenApp: Unexpected role when checking hidden app: undefined
04-25 06:42:03.880 E/GeckoConsole(  720): Content JS WARN at app://homescreen.gaiamobile.org/gaia_build_defer_index.js:184 in isHiddenApp: Unexpected role when checking hidden app: undefined
04-25 06:42:03.880 E/GeckoConsole(  720): Content JS WARN at app://homescreen.gaiamobile.org/gaia_build_defer_index.js:184 in isHiddenApp: Unexpected role when checking hidden app: undefined
04-25 06:42:03.880 E/GeckoConsole(  720): Content JS WARN at app://homescreen.gaiamobile.org/gaia_build_defer_index.js:184 in isHiddenApp: Unexpected role when checking hidden app: undefined
04-25 06:42:03.890 E/GeckoConsole(  720): Content JS WARN at app://homescreen.gaiamobile.org/gaia_build_defer_index.js:184 in isHiddenApp: Unexpected role when checking hidden app: undefined
04-25 06:42:03.890 E/GeckoConsole(  720): Content JS WARN at app://homescreen.gaiamobile.org/gaia_build_defer_index.js:184 in isHiddenApp: Unexpected role when checking hidden app: undefined
04-25 06:42:03.890 E/GeckoConsole(  720): Content JS WARN at app://homescreen.gaiamobile.org/gaia_build_defer_index.js:184 in isHiddenApp: Unexpected role when checking hidden app: undefined
04-25 06:42:03.890 E/GeckoConsole(  720): Content JS WARN at app://homescreen.gaiamobile.org/gaia_build_defer_index.js:184 in isHiddenApp: Unexpected role when checking hidden app: undefined
04-25 06:42:03.890 E/GeckoConsole(  720): Content JS WARN at app://homescreen.gaiamobile.org/gaia_build_defer_index.js:184 in isHiddenApp: Unexpected role when checking hidden app: undefined
04-25 06:42:03.890 E/GeckoConsole(  720): Content JS WARN at app://homescreen.gaiamobile.org/gaia_build_defer_index.js:184 in isHiddenApp: Unexpected role when checking hidden app: undefined
04-25 06:42:03.890 E/GeckoConsole(  720): Content JS WARN at app://homescreen.gaiamobile.org/gaia_build_defer_index.js:184 in isHiddenApp: Unexpected role when checking hidden app: undefined
04-25 06:42:03.890 E/GeckoConsole(  720): Content JS WARN at app://homescreen.gaiamobile.org/gaia_build_defer_index.js:184 in isHiddenApp: Unexpected role when checking hidden app: undefined
04-25 06:42:03.890 E/GeckoConsole(  720): Content JS WARN at app://homescreen.gaiamobile.org/gaia_build_defer_index.js:184 in isHiddenApp: Unexpected role when checking hidden app: undefined
04-25 06:42:03.890 I/Gecko   (   83): 1398433323909	Marionette	INFO	sendToClient: {"from":"0","ok":true}, {2cc49e86-6250-4c54-8a81-6634e11681de}, {2cc49e86-6250-4c54-8a81-6634e11681de}
04-25 06:42:03.900 I/Gecko   (   83): 1398433323918	Marionette	DEBUG	Got request: execute, data: {"to":"0","sessionId":"3-b2g","name":"executeScript","parameters":{"specialPowers":false,"scriptTimeout":null,"newSandbox":true,"args":[],"filename":"gaia_test.py","script":"return window.wrappedJSObject.GridManager.pageHelper.getCurrentPageNumber();","line":784}}, id: {52281ad7-1fef-4562-88a5-8f8164622fc2}
04-25 06:42:04.200 I/Gecko   (   83): 1398433324218	Marionette	INFO	sendToClient: {"from":"0","value":0}, {52281ad7-1fef-4562-88a5-8f8164622fc2}, {52281ad7-1fef-4562-88a5-8f8164622fc2}
04-25 06:42:04.260 I/Gecko   (   83): 1398433324275	Marionette	INFO	sendToClient: {"from":"0","value":["{0c3ab637-3f77-4cec-8bb5-53f5fa2586e4}","{f51af606-cdd3-4b5e-96da-0bc99741f99a}","{5615ebd7-4dda-4f72-a2c6-1e82482c62c4}","{2a1e6f85-b4ed-4ade-899d-680246548d42}","{eb4078f4-65bd-47ac-b5c6-4fb565e6b1c5}","{c587ec4a-231b-4071-a0b1-fb38dca11379}","{bef2b56f-124e-470c-8640-f2b02c2def30}","{e51d8722-6b4c-4b68-85e6-43677e7e7089}","{61137485-e9dd-449b-bd42-ae0bebc55b85}","{f8d92d79-cdc9-42fb-a122-76d00a56a021}","{a412ca5e-158a-444e-b17a-5d72a25b43ba}","{33dc9f64-94a8-4290-a1bc-336013c44324}","{be171357-0add-4475-bcce-34015d772e3b}","{a8605dd1-105b-42b2-8df3-9812600e71b9}","{b294006c-b474-42c7-b1ba-b6bc0455a61f}","{4929bd62-b836-4f9e-bf51-793524983245}","{d93e54de-6f16-4099-87dc-3bc7a6528aad}","{f8817f46-9371-43aa-81f9-29c1e2c95110}","{28069d4e-e013-49dd-8641-736c6e5ce051}","{cf91299f-8cc3-49cc-a36a-0e940977faee}"]}, {f509ab5f-a8d4-4d78-9c57-64426383a3d0}, {f509ab5f-a8d4-4d78-9c57-64426383a3d0}
04-25 06:42:04.290 I/Gecko   (   83): 1398433324304	Marionette	INFO	sendToClient: {"from":"0","value":"app://homescreen.gaiamobile.org/index.html#rootFri%20Apr%2025%202014%2006:42:02%20GMT-0700%20(UTC)"}, {f69fac4b-0eec-44ec-8391-9e535dd516ff}, {f69fac4b-0eec-44ec-8391-9e535dd516ff}
04-25 06:42:04.300 I/Gecko   (   83): 1398433324313	Marionette	DEBUG	Got request: switchToFrame, data: {"to":"0","sessionId":"3-b2g","name":"switchToFrame","parameters":{"id":null,"focus":true}}, id: {9b3cdf83-4ee4-4150-aff3-fe8a8a4af583}
04-25 06:42:04.340 I/Gecko   (   83): 1398433324352	Marionette	INFO	Switched to frame: {"frameValue":null}
04-25 06:42:04.670 I/Gecko   (   83): 1398433324686	Marionette	INFO	sendToClient: {"from":"0","ok":true}, {9b3cdf83-4ee4-4150-aff3-fe8a8a4af583}, {9b3cdf83-4ee4-4150-aff3-fe8a8a4af583}
04-25 06:42:04.690 I/Gecko   (   83): 1398433324705	Marionette	DEBUG	Got request: switchToFrame, data: {"to":"0","sessionId":"3-b2g","name":"switchToFrame","parameters":{"id":null,"focus":true}}, id: {58aa21bc-0598-49bd-b200-ad0420fc0255}
04-25 06:42:04.690 I/Gecko   (   83): 1398433324707	Marionette	INFO	Switched to frame: {"frameValue":null}
04-25 06:42:04.820 I/Gecko   (   83): 1398433324833	Marionette	INFO	sendToClient: {"from":"0","ok":true}, {58aa21bc-0598-49bd-b200-ad0420fc0255}, {58aa21bc-0598-49bd-b200-ad0420fc0255}
04-25 06:42:04.840 I/Gecko   (   83): 1398433324852	Marionette	DEBUG	Got request: executeWithCallback, data: {"to":"0","sessionId":"3-b2g","name":"executeAsyncScript","parameters":{"specialPowers":false,"scriptTimeout":30000,"newSandbox":true,"args":[],"filename":"app_checker.py","script":"GaiaApps.launchWithManifestURL('https://marketplace.firefox.com/app/0f2b5b79-b314-465e-a63c-9a34d37265cc/manifest.webapp')","line":106}}, id: {845455e1-b12f-4d76-97d4-f5fd40933a32}
04-25 06:42:04.940 I/Gonk    (   83): Setting nice for pid 740 to 18
04-25 06:42:04.940 I/Gonk    (   83): Changed nice for pid 740 from 18 to 18.
04-25 06:42:04.940 I/Gecko   (   83): [Parent 83] WARNING: waitpid failed pid:740 errno:10: file ../../../gecko/ipc/chromium/src/base/process_util_posix.cc, line 254
04-25 06:42:04.950 I/Gonk    (   83): Setting nice for pid 740 to 1
04-25 06:42:04.950 I/Gonk    (   83): Changed nice for pid 740 from 18 to 1.
04-25 06:42:05.220 E/GeckoConsole(   83): Content JS LOG at dummy file:334 in GaiaApps.launch: launching app with name 'Candy Crush'
04-25 06:42:05.350 E/[Gralloc-ERROR](   83): int gralloc_register_buffer(const gralloc_module_t*, const native_handle_t*):79 Unable to register handle 0x46bcb9c0 coming from different process: 83
04-25 06:42:05.410 E/[Gralloc-ERROR](   83): int gralloc_register_buffer(const gralloc_module_t*, const native_handle_t*):79 Unable to register handle 0x46bcbf60 coming from different process: 83
04-25 06:42:05.430 D/Sensors (   83): activate handle=0; drv=0
04-25 06:42:05.430 D/Sensors (   83): Lis3dhSensor: Control set 1
04-25 06:42:05.430 D/Sensors (   83): Lis3dhSensor: mEnabled = 1
04-25 06:42:05.620 I/Gonk    (   83): Setting nice for pid 720 to 18
04-25 06:42:05.640 I/Gonk    (   83): Changed nice for pid 720 from 1 to 18.
04-25 06:42:06.640 I/Gonk    (   83): Setting nice for pid 778 to 18
04-25 06:42:06.660 I/Gonk    (   83): Changed nice for pid 778 from 0 to 18.
04-25 06:42:06.920 I/Gecko   (  740): ###################################### forms.js loaded
04-25 06:42:06.950 I/Gecko   (  740): ############################### browserElementPanning.js loaded
04-25 06:42:06.970 I/Gecko   (  740): ######################## BrowserElementChildPreload.js loaded
04-25 06:42:07.740 E/GeckoConsole(  740): [JavaScript Error: "TypeError: document.getElementById(...) is null" {file: "app://{3c135f3a-e3d6-49fc-be9f-33863a858510}/index.html" line: 7}]
04-25 06:42:07.820 E/GeckoConsole(  740): [JavaScript Error: "The character encoding of the HTML document was not declared. The document will render with garbled text in some browser configurations if the document contains characters from outside the US-ASCII range. The character encoding of the page must be declared in the document or in the transfer protocol." {file: "app://{3c135f3a-e3d6-49fc-be9f-33863a858510}/index.html" line: 0}]
04-25 06:42:08.030 W/WifiHW  (   83): wifi_command: SIGNAL_POLL
04-25 06:42:10.800 E/GeckoConsole(   83): Content JS LOG at dummy file:326 in GaiaApps.launch/appOpen/<: app with origin 'app://{3c135f3a-e3d6-49fc-be9f-33863a858510}' has launched
04-25 06:42:10.810 I/Gecko   (   83): 1398433330820	Marionette	INFO	sendToClient: {"from":"0","value":{"frame":{"ELEMENT":"{a4a140ea-5ecf-468b-81a0-a0261a8af465}"},"src":"app://{3c135f3a-e3d6-49fc-be9f-33863a858510}/index.html","name":"Candy Crush","origin":"app://{3c135f3a-e3d6-49fc-be9f-33863a858510}"}}, {845455e1-b12f-4d76-97d4-f5fd40933a32}, {845455e1-b12f-4d76-97d4-f5fd40933a32}
04-25 06:42:10.880 W/AudioFlinger(   89): Thread AudioOut_1 cannot connect to the power manager service
04-25 06:42:10.910 V/AudioPolicyManagerBase(   89): getDeviceForStrategy() from cache strategy 0, device 2
04-25 06:42:10.910 V/AudioPolicyManagerBase(   89): getOutput() stream 1, samplingRate 0, format 0, channels 3, flags 0
04-25 06:42:10.910 V/AudioPolicyManagerBase(   89): startOutput() output 1, stream 1, session 5
04-25 06:42:10.920 V/AudioPolicyManagerBase(   89): changeRefCount() stream 1, count 1
04-25 06:42:10.920 V/AudioPolicyManagerBase(   89): getDeviceForStrategy() from cache strategy 0, device 2
04-25 06:42:10.920 V/AudioPolicyManagerBase(   89): getNewDevice() selected device 2
04-25 06:42:10.920 D/AudioPolicyManagerBase(   89): setOutputDevice() output 1 device 2 delayMs 0
04-25 06:42:10.920 V/AudioPolicyManagerBase(   89): setOutputDevice() setting same device 2 or null device for output 1
04-25 06:42:10.920 E/AudioPolicyManagerBase(   89): checkAndSetVolume stream=1, index=0, output=1, device=2
04-25 06:42:10.920 E/AudioPolicyManagerBase(   89): computeVolume, streamDesc=0x1ddbbb8
04-25 06:42:10.950 V/AudioPolicyManagerBase(   89): stopOutput() output 1, stream 1, session 5
04-25 06:42:10.950 V/AudioPolicyManagerBase(   89): changeRefCount() stream 1, count 0
04-25 06:42:10.950 V/AudioPolicyManagerBase(   89): getNewDevice() selected device 0
04-25 06:42:10.950 D/AudioPolicyManagerBase(   89): setOutputDevice() output 1 device 0 delayMs 290
04-25 06:42:10.950 V/AudioPolicyManagerBase(   89): setOutputDevice() setting same device 0 or null device for output 1
04-25 06:42:10.960 E/[Gralloc-ERROR](   83): int gralloc_unregister_buffer(const gralloc_module_t*, const native_handle_t*):274 Trying to unregister buffer 0x46bcb9c0 from process 83 that was not created in current process: 83
04-25 06:42:10.960 E/[Gralloc-ERROR](   83): int gralloc_unregister_buffer(const gralloc_module_t*, const native_handle_t*):274 Trying to unregister buffer 0x46bcbf60 from process 83 that was not created in current process: 83
04-25 06:42:10.960 V/AudioPolicyManagerBase(   89): startOutput() output 1, stream 1, session 5
04-25 06:42:10.960 V/AudioPolicyManagerBase(   89): changeRefCount() stream 1, count 1
04-25 06:42:10.960 V/AudioPolicyManagerBase(   89): getDeviceForStrategy() from cache strategy 0, device 2
04-25 06:42:10.960 V/AudioPolicyManagerBase(   89): getNewDevice() selected device 2
04-25 06:42:10.960 D/AudioPolicyManagerBase(   89): setOutputDevice() output 1 device 2 delayMs 0
04-25 06:42:10.960 V/AudioPolicyManagerBase(   89): setOutputDevice() setting same device 2 or null device for output 1
04-25 06:42:10.960 E/AudioPolicyManagerBase(   89): checkAndSetVolume stream=1, index=0, output=1, device=2
04-25 06:42:10.960 E/AudioPolicyManagerBase(   89): computeVolume, streamDesc=0x1ddbbb8
04-25 06:42:11.000 I/audio_hw_primary(   89): select_devices_signal starting...
04-25 06:42:11.000 I/audio_hw_primary(   89): select_devices_signal finished.
04-25 06:42:11.000 W/audio_hw_primary(   89): open s_tinycard in
04-25 06:42:11.000 W/audio_hw_primary(   89): open s_tinycard successfully
04-25 06:42:11.000 I/audio_hw_primary(   89): Changing devices: 0x00000002
04-25 06:42:11.010 I/Gecko   (   83): 1398433331030	Marionette	DEBUG	Got request: switchToFrame, data: {"to":"0","sessionId":"3-b2g","name":"switchToFrame","parameters":{"focus":true,"element":"{a4a140ea-5ecf-468b-81a0-a0261a8af465}"}}, id: {f059c330-13f8-477b-858f-430c6357121e}
04-25 06:42:11.040 I/Gecko   (   83): 1398433331058	Marionette	INFO	Switched to frame: {"frameValue":"{a4a140ea-5ecf-468b-81a0-a0261a8af465}"}
04-25 06:42:11.050 I/Gecko   (   83): 1398433331069	Marionette	INFO	trying remote frame 0
04-25 06:42:11.060 I/Gecko   (   83): 1398433331080	Marionette	INFO	trying remote frame 1
04-25 06:42:11.070 I/Gecko   (   83): 1398433331087	Marionette	INFO	frame-manager load script: [object ChromeMessageSender]
04-25 06:42:11.130 I/audio_hw_primary(   89): Set 'HeadPhone Function'.0 to 0
04-25 06:42:11.130 I/audio_hw_primary(   89): Set 'Earpiece Function'.0 to 0
04-25 06:42:11.130 I/audio_hw_primary(   89): Set 'Mic Function'.0 to 0
04-25 06:42:11.130 I/audio_hw_primary(   89): Set 'HP Mic Function'.0 to 0
04-25 06:42:11.130 I/audio_hw_primary(   89): Set 'Line Function'.0 to 0
04-25 06:42:11.130 I/audio_hw_primary(   89): Changing devices, mask: 0x00004002
04-25 06:42:11.130 I/audio_hw_primary(   89): Set 'Speaker Function'.0 to 1
04-25 06:42:11.130 W/audio_hw_primary(   89): GetAudio_pga_nv, dac_pga_gain_l:0xc3 adc_pga_gain_l:0xc fm_pga_gain_l:0xff fm_pga_gain_r:0xff device:0x2 vol_level:0x1 
04-25 06:42:11.140 D/audio_pga(   89): 'speaker-l' apply
04-25 06:42:11.140 I/audio_pga(   89): 'Master Playback Volume' set to 12
04-25 06:42:11.140 I/audio_pga(   89): 'Inter PA Playback Volume' set to 12
04-25 06:42:11.140 I/audio_pga(   89): 'VBC DACL DG Set' set to 0
04-25 06:42:11.140 I/audio_pga(   89): 'VBC DACL DG Switch' set to 0
04-25 06:42:11.140 D/audio_pga(   89): 'speaker-r' apply
04-25 06:42:11.140 I/audio_pga(   89): 'Master Playback Volume' set to 12
04-25 06:42:11.140 I/audio_pga(   89): 'Inter PA Playback Volume' set to 12
04-25 06:42:11.140 I/audio_pga(   89): 'VBC DACR DG Set' set to 0
04-25 06:42:11.140 I/audio_pga(   89): 'VBC DACR DG Switch' set to 0
04-25 06:42:11.140 W/audio_hw_primary(   89): SetAudio_gain_by_devices out, devices:0x2 
04-25 06:42:11.140 I/audio_hw_primary(   89): stream_routing_thread looping done.
04-25 06:42:11.140 I/audio_hw_primary(   89): stream_routing_thread looping now...
04-25 06:42:11.730 I/Gecko   (   83): 1398433331750	Marionette	INFO	sendToClient: {"from":"0","ok":true}, {f059c330-13f8-477b-858f-430c6357121e}, {f059c330-13f8-477b-858f-430c6357121e}
04-25 06:42:11.800 I/Gecko   (   83): 1398433331815	Marionette	INFO	sendToClient: {"from":"0","value":"app://{3c135f3a-e3d6-49fc-be9f-33863a858510}/index.html"}, {f263b719-c736-40ea-bbd1-2b1808a5162e}, {f263b719-c736-40ea-bbd1-2b1808a5162e}
04-25 06:42:11.810 I/Gecko   (   83): 1398433331824	Marionette	DEBUG	Got request: execute, data: {"to":"0","sessionId":"3-b2g","name":"executeScript","parameters":{"specialPowers":false,"scriptTimeout":null,"newSandbox":true,"args":[],"filename":"app_checker.py","script":"return window.document.readyState;","line":191}}, id: {0422213d-b336-4d1d-82b8-487305be525e}
04-25 06:42:11.880 I/Gecko   (   83): 1398433331892	Marionette	INFO	sendToClient: {"from":"0","value":"complete"}, {0422213d-b336-4d1d-82b8-487305be525e}, {0422213d-b336-4d1d-82b8-487305be525e}
04-25 06:42:11.890 I/Gecko   (   83): 1398433331901	Marionette	INFO	sendToClient: {"from":"0","value":"app://{3c135f3a-e3d6-49fc-be9f-33863a858510}/index.html"}, {f89efcf8-026b-46e7-adea-8fb5a63a4221}, {f89efcf8-026b-46e7-adea-8fb5a63a4221}
04-25 06:42:11.900 I/Gecko   (  740): Attempting load of libEGL.so
04-25 06:42:11.980 D/libEGL  (  740): loaded /system/lib/egl/libEGL_mali.so
04-25 06:42:12.020 D/libEGL  (  740): loaded /system/lib/egl/libGLESv1_CM_mali.so
04-25 06:42:12.020 D/libEGL  (  740): loaded /system/lib/egl/libGLESv2_mali.so
04-25 06:42:12.060 I/Gecko   (  740): SharedSurface_Gralloc::Create -------
04-25 06:42:12.130 I/Gecko   (  740): SharedSurface_Gralloc::Create: success -- surface 0x44b15c00, GraphicBuffer 0x44b10f80.
04-25 06:42:12.850 I/log     (  806): <4>0[ 168.896141] select 720 (Homescreen), adj 8, size 7153, to kill 
04-25 06:42:13.000 W/WifiHW  (   83): wifi_command: SIGNAL_POLL
04-25 06:42:14.420 I/Gecko   (   83): 
04-25 06:42:14.420 I/Gecko   (   83): ###!!! [Parent][MessageChannel] Error: Channel error: cannot send/recv
04-25 06:42:14.420 I/Gecko   (   83): 
04-25 06:42:14.670 I/Gecko   (   83): 1398433334662	Marionette	INFO	sendToClient: {"from":"0","value":"iVBORw0KGgoAAAANSUhEUgAAAUAAAAHgCAYAAADUjLREAAAgAElEQVR4nOyde1zN9//APyMcCQeNg5hGaMPYMAxjc5nrzH1sdrHN7ma2mZm1zS0cCUkIuYRGCEUoJV1P55w61alO9YmSg7adWfiwQ8/fH58TSbmMjX1//fF81Pmc9/n0ed+en9f78jkJbnoTc/Xi38ZNn81cfQZ+B8JY3aQ1oa2d0fXvgumlF8h/tj3mjq5YWrfE4tyEwqb1MTkqSaitYF9NO/zt7VhXXWCdQsDQ6nH+aF0Ha7d6MFSF9Loz0pvOSJPbI33aBembl/jjp4H8uXAMf3q8yyWvD/n953H8+nE3pDddufK6M1fGOMNrzkj9VUi9GmLpqOBsR3ssA5pw5bWW8MbTWCe4cmVsS6SRzvBaY6wD6/Bb32YcWraE+TpjmfyVfX07StLeX3lWUkkl/x7C3xdgFnP1Wfysz2Cu3siG6Dg8Wz1N8BMqEno8g7FbJ8T2bTjp2hJzS2fMzVUUNK6Pqb6SOAcFQQoBf3sBf4VMdL0qSG0doJcKRjrfEOD7nbg8rQfS9wMpWjQCyed9pA3fcDXADcn3Ky67DUN69xk5/Rhnrr7qjDRQhdTDEUvHmpxyFbD0bcj5gU2RXnNGGuXM5RGyKHnVicv961HQQ8URLy/ctJUCrKSS/08Is+6pk5eHkZ/0RrwTDczp3J39jVXEdGxDYoc2GNs0J7tlc8QnVJxq2pCTDZWkKZUcta/KTkXV6/Lzry5wuIaA1L4eDGjG1TE2Ab7hgvR+J67OeBlp4Sik1R/x19aZsNcDQr1hjxq8P0b6vAeXJrogjbVFgANVSD0d+b2TA6KLgKV7Ayx9VEivqJCGNqV4qDMMc+ba4Kb82bcBOc83JtjLB1nqN+ftXspB/lkpwEoq+a9wDwLMLkOmjXR+0IvMTTSw4p0p7KzXiMNOTTjavC
04-25 06:42:14.960 I/Gecko   (   83): [Parent 83] WARNING: waitpid failed pid:720 errno:10: file ../../../gecko/ipc/chromium/src/base/process_util_posix.cc, line 254
04-25 06:42:15.280 I/Gecko   (   83): 1398433335299	Marionette	INFO	sendToClient: {"from":"0","ok":true}, {265ef904-4b38-4940-80aa-6b378ac47c22}, {265ef904-4b38-4940-80aa-6b378ac47c22}
04-25 06:42:15.290 I/Gecko   (   83): 1398433335306	Marionette	DEBUG	Got request: switchToFrame, data: {"to":"0","sessionId":"3-b2g","name":"switchToFrame","parameters":{"id":null,"focus":true}}, id: {4bc5e106-d459-49f2-a9d9-af806bd80f8a}
04-25 06:42:15.390 I/Gecko   (   83): 1398433335408	Marionette	INFO	Switched to frame: {"frameValue":null}
04-25 06:42:15.540 I/Gecko   (   83): 1398433335551	Marionette	INFO	sendToClient: {"from":"0","ok":true}, {4bc5e106-d459-49f2-a9d9-af806bd80f8a}, {4bc5e106-d459-49f2-a9d9-af806bd80f8a}
04-25 06:42:15.540 I/Gecko   (   83): 1398433335558	Marionette	DEBUG	Got request: executeWithCallback, data: {"to":"0","sessionId":"3-b2g","name":"executeAsyncScript","parameters":{"specialPowers":false,"scriptTimeout":null,"newSandbox":true,"args":[],"filename":"gaia_test.py","script":"return GaiaApps.displayedApp();","line":66}}, id: {153bfb49-cec4-45af-9beb-3405ff11fe68}
04-25 06:42:15.690 I/Gecko   (   83): 1398433335710	Marionette	INFO	sendToClient: {"from":"0","value":{"frame":{"ELEMENT":"{a4a140ea-5ecf-468b-81a0-a0261a8af465}"},"src":"app://{3c135f3a-e3d6-49fc-be9f-33863a858510}/index.html","name":"Candy Crush","origin":"app://{3c135f3a-e3d6-49fc-be9f-33863a858510}"}}, {153bfb49-cec4-45af-9beb-3405ff11fe68}, {153bfb49-cec4-45af-9beb-3405ff11fe68}
04-25 06:42:15.700 E/GeckoConsole(   83): Content JS LOG at dummy file:392 in GaiaApps.displayedApp: app with origin 'app://{3c135f3a-e3d6-49fc-be9f-33863a858510}' is displayed
04-25 06:42:15.700 I/Gecko   (   83): 1398433335720	Marionette	DEBUG	Got request: switchToFrame, data: {"to":"0","sessionId":"3-b2g","name":"switchToFrame","parameters":{"id":null,"focus":true}}, id: {cb3f5294-da94-4e3a-bb58-dff32e47afab}
04-25 06:42:15.710 I/Gecko   (   83): 1398433335722	Marionette	INFO	Switched to frame: {"frameValue":null}
04-25 06:42:15.830 I/Gecko   (   83): 1398433335847	Marionette	INFO	sendToClient: {"from":"0","ok":true}, {cb3f5294-da94-4e3a-bb58-dff32e47afab}, {cb3f5294-da94-4e3a-bb58-dff32e47afab}
04-25 06:42:15.840 I/Gecko   (   83): 1398433335855	Marionette	DEBUG	Got request: execute, data: {"to":"0","sessionId":"3-b2g","name":"executeScript","parameters":{"specialPowers":false,"scriptTimeout":null,"newSandbox":true,"args":[],"filename":"gaia_test.py","script":"window.wrappedJSObject.dispatchEvent(new Event('home'));","line":788}}, id: {8625e713-8b78-4bb4-b49c-957da8965ebe}
04-25 06:42:15.930 I/Gonk    (   83): Setting nice for pid 778 to 18
04-25 06:42:15.930 I/Gonk    (   83): Changed nice for pid 778 from 18 to 18.
04-25 06:42:15.930 I/Gecko   (   83): [Parent 83] WARNING: waitpid failed pid:778 errno:10: file ../../../gecko/ipc/chromium/src/base/process_util_posix.cc, line 254
04-25 06:42:15.950 I/Gonk    (   83): Setting nice for pid 778 to 1
04-25 06:42:15.950 I/Gonk    (   83): Changed nice for pid 778 from 18 to 1.
04-25 06:42:16.080 D/Sensors (   83): activate handle=0; drv=0
04-25 06:42:16.080 D/Sensors (   83): Lis3dhSensor: Control set 0
04-25 06:42:16.080 D/Sensors (   83): Lis3dhSensor: mEnabled = 0
04-25 06:42:16.590 E/[Gralloc-ERROR](   83): int gralloc_register_buffer(const gralloc_module_t*, const native_handle_t*):79 Unable to register handle 0x45faed30 coming from different process: 83
04-25 06:42:16.610 E/[Gralloc-ERROR](   83): int gralloc_register_buffer(const gralloc_module_t*, const native_handle_t*):79 Unable to register handle 0x46001510 coming from different process: 83
04-25 06:42:16.860 I/Gecko   (   83): 1398433336876	Marionette	INFO	sendToClient: {"from":"0","value":null}, {8625e713-8b78-4bb4-b49c-957da8965ebe}, {8625e713-8b78-4bb4-b49c-957da8965ebe}
04-25 06:42:16.930 I/Gecko   (   83): 1398433336948	Marionette	DEBUG	Got request: switchToFrame, data: {"to":"0","sessionId":"3-b2g","name":"switchToFrame","parameters":{"id":null,"focus":true}}, id: {d035524d-43a0-4bb6-a52d-0ee69ed070f5}
04-25 06:42:16.970 I/Gecko   (   83): [Parent 83] WARNING: waitpid failed pid:720 errno:10: file ../../../gecko/ipc/chromium/src/base/process_util_posix.cc, line 254
04-25 06:42:16.970 I/Gecko   (   83): [Parent 83] WARNING: Failed to deliver SIGKILL to 720!(3).: file ../../../gecko/ipc/chromium/src/chrome/common/process_watcher_posix_sigchld.cc, line 118
04-25 06:42:16.980 I/Gecko   (   83): 1398433336992	Marionette	INFO	Switched to frame: {"frameValue":null}
04-25 06:42:17.640 I/Gecko   (   83): 1398433337658	Marionette	INFO	sendToClient: {"from":"0","ok":true}, {d035524d-43a0-4bb6-a52d-0ee69ed070f5}, {d035524d-43a0-4bb6-a52d-0ee69ed070f5}
04-25 06:42:18.550 I/Gonk    (   83): Setting nice for pid 740 to 7
04-25 06:42:18.560 I/Gonk    (   83): Changed nice for pid 740 from 1 to 7.
04-25 06:42:18.560 E/[Gralloc-ERROR](   83): int gralloc_unregister_buffer(const gralloc_module_t*, const native_handle_t*):274 Trying to unregister buffer 0x46001510 from process 83 that was not created in current process: 83
04-25 06:42:18.570 E/[Gralloc-ERROR](   83): int gralloc_unregister_buffer(const gralloc_module_t*, const native_handle_t*):274 Trying to unregister buffer 0x45faed30 from process 83 that was not created in current process: 83
04-25 06:42:18.630 W/WifiHW  (   83): wifi_command: SIGNAL_POLL
04-25 06:42:18.780 I/Gecko   (   83): 1398433338796	Marionette	DEBUG	Got request: executeWithCallback, data: {"to":"0","sessionId":"3-b2g","name":"executeAsyncScript","parameters":{"specialPowers":false,"scriptTimeout":null,"newSandbox":true,"args":[],"filename":"gaia_test.py","script":"return GaiaApps.displayedApp();","line":66}}, id: {0883e521-e682-41e3-a85d-76996e5841cf}
04-25 06:42:18.900 I/Gecko   (   83): 
04-25 06:42:18.900 I/Gecko   (   83): ###!!! [Parent][MessageChannel] Error: Channel error: cannot send/recv
04-25 06:42:18.900 I/Gecko   (   83): 
04-25 06:42:18.980 V/AudioPolicyManagerBase(   89): stopOutput() output 1, stream 1, session 5
04-25 06:42:18.980 V/AudioPolicyManagerBase(   89): changeRefCount() stream 1, count 0
04-25 06:42:18.980 V/AudioPolicyManagerBase(   89): getNewDevice() selected device 0
04-25 06:42:18.990 D/AudioPolicyManagerBase(   89): setOutputDevice() output 1 device 0 delayMs 290
04-25 06:42:18.990 V/AudioPolicyManagerBase(   89): setOutputDevice() setting same device 0 or null device for output 1
04-25 06:42:19.020 V/AudioPolicyManagerBase(   89): releaseOutput() 1
04-25 06:42:19.040 E/GeckoConsole(   83): Content JS LOG at dummy file:392 in GaiaApps.displayedApp: app with origin 'app://homescreen.gaiamobile.org' is displayed
04-25 06:42:19.040 I/Gecko   (   83): 1398433339053	Marionette	INFO	sendToClient: {"from":"0","value":{"frame":{"ELEMENT":"{cd40d7dd-6157-4e64-be0c-9d9cdc6fa3e5}"},"src":"app://homescreen.gaiamobile.org/index.html#root","name":"Homescreen","origin":"app://homescreen.gaiamobile.org"}}, {0883e521-e682-41e3-a85d-76996e5841cf}, {0883e521-e682-41e3-a85d-76996e5841cf}
04-25 06:42:19.050 I/Gecko   (   83): [Parent 83] WARNING: waitpid failed pid:740 errno:10: file ../../../gecko/ipc/chromium/src/base/process_util_posix.cc, line 254
04-25 06:42:19.070 I/Gecko   (   83): 1398433339081	Marionette	DEBUG	Got request: switchToFrame, data: {"to":"0","sessionId":"3-b2g","name":"switchToFrame","parameters":{"id":null,"focus":true}}, id: {64e64f15-1c9b-46a7-812e-d7dcf371881f}
04-25 06:42:19.070 I/Gecko   (   83): 1398433339083	Marionette	INFO	Switched to frame: {"frameValue":null}
04-25 06:42:19.180 I/Gecko   (   83): 1398433339192	Marionette	INFO	sendToClient: {"from":"0","ok":true}, {64e64f15-1c9b-46a7-812e-d7dcf371881f}, {64e64f15-1c9b-46a7-812e-d7dcf371881f}
04-25 06:42:19.180 I/Gecko   (   83): 1398433339198	Marionette	DEBUG	Got request: switchToFrame, data: {"to":"0","sessionId":"3-b2g","name":"switchToFrame","parameters":{"id":null,"focus":true}}, id: {0f443475-9e65-494f-a9ac-a4a1bdc6de11}
04-25 06:42:19.190 I/Gecko   (   83): 1398433339200	Marionette	INFO	Switched to frame: {"frameValue":null}
04-25 06:42:19.290 I/Gecko   (  778): ###################################### forms.js loaded
04-25 06:42:19.300 I/Gecko   (   83): 1398433339312	Marionette	INFO	sendToClient: {"from":"0","ok":true}, {0f443475-9e65-494f-a9ac-a4a1bdc6de11}, {0f443475-9e65-494f-a9ac-a4a1bdc6de11}
04-25 06:42:19.300 I/Gecko   (   83): 1398433339319	Marionette	DEBUG	Got request: executeWithCallback, data: {"to":"0","sessionId":"3-b2g","name":"executeAsyncScript","parameters":{"specialPowers":false,"scriptTimeout":null,"newSandbox":true,"args":[],"filename":"gaia_test.py","script":"return GaiaApps.displayedApp();","line":66}}, id: {a7e05861-06d5-49af-b930-594315f201f6}
04-25 06:42:19.360 E/GeckoConsole(   83): Content JS LOG at dummy file:392 in GaiaApps.displayedApp: app with origin 'app://homescreen.gaiamobile.org' is displayed
04-25 06:42:19.370 I/Gecko   (   83): 1398433339381	Marionette	INFO	sendToClient: {"from":"0","value":{"frame":{"ELEMENT":"{cd40d7dd-6157-4e64-be0c-9d9cdc6fa3e5}"},"src":"app://homescreen.gaiamobile.org/index.html#root","name":"Homescreen","origin":"app://homescreen.gaiamobile.org"}}, {a7e05861-06d5-49af-b930-594315f201f6}, {a7e05861-06d5-49af-b930-594315f201f6}
04-25 06:42:19.370 I/Gecko   (   83): 1398433339390	Marionette	DEBUG	Got request: switchToFrame, data: {"to":"0","sessionId":"3-b2g","name":"switchToFrame","parameters":{"focus":true,"element":"{cd40d7dd-6157-4e64-be0c-9d9cdc6fa3e5}"}}, id: {4a481dc1-5c60-4887-af0c-e1eb30fee682}
04-25 06:42:19.390 I/Gecko   (  778): ############################### browserElementPanning.js loaded
04-25 06:42:19.390 I/Gecko   (   83): 1398433339409	Marionette	INFO	Switched to frame: {"frameValue":"{cd40d7dd-6157-4e64-be0c-9d9cdc6fa3e5}"}
04-25 06:42:19.400 I/Gecko   (   83): 1398433339412	Marionette	INFO	trying remote frame 0
04-25 06:42:19.400 I/Gecko   (   83): 1398433339413	Marionette	INFO	deleting frame
04-25 06:42:19.400 I/Gecko   (   83): 1398433339413	Marionette	INFO	trying remote frame 1
04-25 06:42:19.400 I/Gecko   (   83): 1398433339414	Marionette	INFO	deleting frame
04-25 06:42:19.410 I/Gecko   (   83): 1398433339422	Marionette	INFO	frame-manager load script: [object ChromeMessageSender]
04-25 06:42:19.430 I/Gecko   (  778): ######################## BrowserElementChildPreload.js loaded
04-25 06:42:20.380 I/Gecko   (   83): 1398433340391	Marionette	INFO	sendToClient: {"from":"0","ok":true}, {4a481dc1-5c60-4887-af0c-e1eb30fee682}, {4a481dc1-5c60-4887-af0c-e1eb30fee682}
04-25 06:42:20.650 I/Gecko   (   83): 1398433340670	Marionette	INFO	sendToClient: {"from":"0","value":"app://homescreen.gaiamobile.org/index.html#root"}, {32f28169-f167-457b-95cf-e5a6111b505f}, {32f28169-f167-457b-95cf-e5a6111b505f}
04-25 06:42:20.660 I/Gecko   (   83): 1398433340677	Marionette	DEBUG	Got request: switchToFrame, data: {"to":"0","sessionId":"3-b2g","name":"switchToFrame","parameters":{"id":null,"focus":true}}, id: {401e32af-37be-4338-9c1d-8ef7119c7f0b}
04-25 06:42:20.690 I/Gecko   (   83): 1398433340705	Marionette	INFO	Switched to frame: {"frameValue":null}
04-25 06:42:20.800 I/Gecko   (   83): 1398433340816	Marionette	INFO	sendToClient: {"from":"0","ok":true}, {401e32af-37be-4338-9c1d-8ef7119c7f0b}, {401e32af-37be-4338-9c1d-8ef7119c7f0b}
04-25 06:42:20.810 I/Gecko   (   83): 1398433340822	Marionette	DEBUG	Got request: switchToFrame, data: {"to":"0","sessionId":"3-b2g","name":"switchToFrame","parameters":{"id":null,"focus":true}}, id: {53cafbbe-de72-43ef-b4d9-3dae4f33731f}
04-25 06:42:20.810 I/Gecko   (   83): 1398433340824	Marionette	INFO	Switched to frame: {"frameValue":null}
04-25 06:42:20.910 I/Gecko   (   83): 1398433340929	Marionette	INFO	sendToClient: {"from":"0","ok":true}, {53cafbbe-de72-43ef-b4d9-3dae4f33731f}, {53cafbbe-de72-43ef-b4d9-3dae4f33731f}
04-25 06:42:20.920 I/Gecko   (   83): 1398433340936	Marionette	DEBUG	Got request: executeWithCallback, data: {"to":"0","sessionId":"3-b2g","name":"executeAsyncScript","parameters":{"specialPowers":false,"scriptTimeout":null,"newSandbox":true,"args":[],"filename":"gaia_test.py","script":"GaiaApps.killAll()","line":91}}, id: {dfc423c9-4af7-4c47-a4a1-df5097cbaef6}
04-25 06:42:21.000 I/Gecko   (   83): 1398433341015	Marionette	INFO	sendToClient: {"from":"0","value":true}, {dfc423c9-4af7-4c47-a4a1-df5097cbaef6}, {dfc423c9-4af7-4c47-a4a1-df5097cbaef6}
04-25 06:42:21.010 I/Gecko   (   83): 1398433341024	Marionette	DEBUG	Got request: switchToFrame, data: {"to":"0","sessionId":"3-b2g","name":"switchToFrame","parameters":{"id":null,"focus":true}}, id: {a3acd53c-43d8-4c48-8068-5735258fd64a}
04-25 06:42:21.010 I/Gecko   (   83): 1398433341026	Marionette	INFO	Switched to frame: {"frameValue":null}
04-25 06:42:21.050 I/Gecko   (   83): [Parent 83] WARNING: waitpid failed pid:740 errno:10: file ../../../gecko/ipc/chromium/src/base/process_util_posix.cc, line 254
04-25 06:42:21.050 I/Gecko   (   83): [Parent 83] WARNING: Failed to deliver SIGKILL to 740!(3).: file ../../../gecko/ipc/chromium/src/chrome/common/process_watcher_posix_sigchld.cc, line 118
04-25 06:42:21.150 I/Gonk    (   83): Setting nice for pid 817 to 18
04-25 06:42:21.150 I/Gonk    (   83): Changed nice for pid 817 from 0 to 18.
04-25 06:42:21.150 I/Gecko   (   83): 1398433341167	Marionette	INFO	sendToClient: {"from":"0","ok":true}, {a3acd53c-43d8-4c48-8068-5735258fd64a}, {a3acd53c-43d8-4c48-8068-5735258fd64a}
04-25 06:42:21.200 I/Gecko   (   83): 1398433341200	Marionette	DEBUG	Got request: executeWithCallback, data: {"to":"0","sessionId":"3-b2g","name":"executeAsyncScript","parameters":{"specialPowers":false,"scriptTimeout":60000,"newSandbox":true,"args":[],"filename":"app_checker.py","script":"\n        GaiaApps.locateWithManifestURL('https://marketplace.firefox.com/app/0f2b5b79-b314-465e-a63c-9a34d37265cc/manifest.webapp',\n                                       null,\n                                       function uninstall(app) {\n                                       navigator.mozApps.mgmt.uninstall(app);\n                                       marionetteScriptFinished(true);\n                                       });\n        ","line":129}}, id: {7e6f0b63-26f3-4ca0-b477-4f40d0462acf}
04-25 06:42:21.250 I/Gecko   (   83): -- webapps.js uninstall https://marketplace.firefox.com/app/0f2b5b79-b314-465e-a63c-9a34d37265cc/manifest.webapp
04-25 06:42:21.570 I/Gecko   (   83): 1398433341581	Marionette	INFO	sendToClient: {"from":"0","value":true}, {7e6f0b63-26f3-4ca0-b477-4f40d0462acf}, {7e6f0b63-26f3-4ca0-b477-4f40d0462acf}
04-25 06:42:21.770 W/audio_hw_primary(   89): do_output_standby.mode:0