--------- beginning of /dev/log/main
04-26 06:03:44.146 I/Gecko   (   84): 1398517424152	Marionette	INFO	sendToClient: {"from":"0","ok":true}, {cd8718a6-6673-4722-8f45-a3d935a87430}, {cd8718a6-6673-4722-8f45-a3d935a87430}
04-26 06:03:44.346 E/Profiler(   84): BPUnw: [1 total] thread_unregister_for_profiling(me=0x87a058)  (NOT REGISTERED) 
04-26 06:03:44.406 I/Gecko   (   84): 1398517424414	Marionette	INFO	sendToClient: {"from":"0","value":[]}, {0c2894dd-8aff-49db-ad43-f347777cd585}, {0c2894dd-8aff-49db-ad43-f347777cd585}
04-26 06:03:44.436 I/Gecko   (   84): 1398517424441	Marionette	INFO	sendToClient: {"from":"0","value":[]}, {083b2cc0-a50a-4378-bff4-167f47e41d39}, {083b2cc0-a50a-4378-bff4-167f47e41d39}
04-26 06:03:46.546 I/Gonk    (   84): Setting nice for pid 517 to 18
04-26 06:03:46.556 I/Gonk    (   84): Changed nice for pid 517 from 0 to 18.
04-26 06:03:46.606 I/Gecko   (   84): 1398517426615	Marionette	INFO	sendToClient: {"from":"0","value":["{1b96046a-8c76-4d69-9119-dd2eb1ffcf0a}","{893401ad-5388-43f1-bdb9-6df08b8b2851}","{0bc47f58-2e08-45f0-b904-e5f7d9977440}","{ce9287bb-c089-4fc6-8deb-fa3ca02a7cba}","{159d3730-8b5f-4d1d-bcbc-af6c2a1f1515}","{95ee2f8f-a185-4fdb-b73c-8c411c7333c7}","{784df60b-7086-4c8f-9feb-565d05cef93a}","{a3915627-e296-4611-88cf-747a73000892}"]}, {ae1878fe-8e32-4f25-a2cc-1bc17be16cba}, {ae1878fe-8e32-4f25-a2cc-1bc17be16cba}
04-26 06:03:48.726 E/GeckoConsole(  488): Content JS WARN at app://homescreen.gaiamobile.org/gaia_build_defer_index.js:184 in isHiddenApp: Unexpected role when checking hidden app: undefined
04-26 06:03:48.736 E/GeckoConsole(  488): Content JS WARN at app://homescreen.gaiamobile.org/gaia_build_defer_index.js:184 in isHiddenApp: Unexpected role when checking hidden app: undefined
04-26 06:03:48.736 E/GeckoConsole(  488): Content JS WARN at app://homescreen.gaiamobile.org/gaia_build_defer_index.js:184 in isHiddenApp: Unexpected role when checking hidden app: undefined
04-26 06:03:48.736 E/GeckoConsole(  488): Content JS WARN at app://homescreen.gaiamobile.org/gaia_build_defer_index.js:184 in isHiddenApp: Unexpected role when checking hidden app: undefined
04-26 06:03:48.736 E/GeckoConsole(  488): Content JS WARN at app://homescreen.gaiamobile.org/gaia_build_defer_index.js:184 in isHiddenApp: Unexpected role when checking hidden app: undefined
04-26 06:03:48.736 E/GeckoConsole(  488): Content JS WARN at app://homescreen.gaiamobile.org/gaia_build_defer_index.js:184 in isHiddenApp: Unexpected role when checking hidden app: undefined
04-26 06:03:48.736 E/GeckoConsole(  488): Content JS WARN at app://homescreen.gaiamobile.org/gaia_build_defer_index.js:184 in isHiddenApp: Unexpected role when checking hidden app: undefined
04-26 06:03:48.736 E/GeckoConsole(  488): Content JS WARN at app://homescreen.gaiamobile.org/gaia_build_defer_index.js:184 in isHiddenApp: Unexpected role when checking hidden app: undefined
04-26 06:03:48.736 E/GeckoConsole(  488): Content JS WARN at app://homescreen.gaiamobile.org/gaia_build_defer_index.js:184 in isHiddenApp: Unexpected role when checking hidden app: undefined
04-26 06:03:48.736 E/GeckoConsole(  488): Content JS WARN at app://homescreen.gaiamobile.org/gaia_build_defer_index.js:184 in isHiddenApp: Unexpected role when checking hidden app: undefined
04-26 06:03:48.736 E/GeckoConsole(  488): Content JS WARN at app://homescreen.gaiamobile.org/gaia_build_defer_index.js:184 in isHiddenApp: Unexpected role when checking hidden app: undefined
04-26 06:03:48.746 E/GeckoConsole(  488): Content JS WARN at app://homescreen.gaiamobile.org/gaia_build_defer_index.js:184 in isHiddenApp: Unexpected role when checking hidden app: undefined
04-26 06:03:48.746 E/GeckoConsole(  488): Content JS WARN at app://homescreen.gaiamobile.org/gaia_build_defer_index.js:184 in isHiddenApp: Unexpected role when checking hidden app: undefined
04-26 06:03:48.746 E/GeckoConsole(  488): Content JS WARN at app://homescreen.gaiamobile.org/gaia_build_defer_index.js:184 in isHiddenApp: Unexpected role when checking hidden app: undefined
04-26 06:03:48.746 E/GeckoConsole(  488): Content JS WARN at app://homescreen.gaiamobile.org/gaia_build_defer_index.js:184 in isHiddenApp: Unexpected role when checking hidden app: undefined
04-26 06:03:48.746 E/GeckoConsole(  488): Content JS WARN at app://homescreen.gaiamobile.org/gaia_build_defer_index.js:184 in isHiddenApp: Unexpected role when checking hidden app: undefined
04-26 06:03:48.746 E/GeckoConsole(  488): Content JS WARN at app://homescreen.gaiamobile.org/gaia_build_defer_index.js:184 in isHiddenApp: Unexpected role when checking hidden app: undefined
04-26 06:03:48.746 E/GeckoConsole(  488): Content JS WARN at app://homescreen.gaiamobile.org/gaia_build_defer_index.js:184 in isHiddenApp: Unexpected role when checking hidden app: undefined
04-26 06:03:48.746 E/GeckoConsole(  488): Content JS WARN at app://homescreen.gaiamobile.org/gaia_build_defer_index.js:184 in isHiddenApp: Unexpected role when checking hidden app: undefined
04-26 06:03:48.746 E/GeckoConsole(  488): Content JS WARN at app://homescreen.gaiamobile.org/gaia_build_defer_index.js:184 in isHiddenApp: Unexpected role when checking hidden app: undefined
04-26 06:03:48.746 E/GeckoConsole(  488): Content JS WARN at app://homescreen.gaiamobile.org/gaia_build_defer_index.js:184 in isHiddenApp: Unexpected role when checking hidden app: undefined
04-26 06:03:48.746 E/GeckoConsole(  488): Content JS WARN at app://homescreen.gaiamobile.org/gaia_build_defer_index.js:184 in isHiddenApp: Unexpected role when checking hidden app: undefined
04-26 06:03:48.796 W/WifiHW  (   84): wifi_command: SIGNAL_POLL
04-26 06:03:48.946 I/Gecko   (   84): 1398517428955	Marionette	INFO	sendToClient: {"from":"0","value":["{1b96046a-8c76-4d69-9119-dd2eb1ffcf0a}","{893401ad-5388-43f1-bdb9-6df08b8b2851}","{0bc47f58-2e08-45f0-b904-e5f7d9977440}","{ce9287bb-c089-4fc6-8deb-fa3ca02a7cba}","{760b0a18-c077-4112-867a-deb6d1e91c9e}","{333357ff-816a-4de9-a528-5a5ea1913693}","{a19d7b59-201a-4ebd-8c09-377456d55b6a}","{95e18f8b-aed2-4d35-baee-72994ca09945}","{c8e2272e-ca80-49a3-8816-bc1965f9b2a5}","{8e8e6a20-023a-412e-91ae-90bf85c98f84}","{75d427da-baf9-4679-8382-b60d5a7eab02}","{f198f358-c54f-4a46-ad65-e7d5e9435dc6}","{ec94a5e7-6f04-4f3f-a9a2-aa3aea3006b0}","{a455010d-3790-412f-b5c0-dc1c94023587}","{f40a4cec-70b5-428c-8cc4-cd02ab3fee6e}","{83d05cb8-4b5e-4682-a749-d8810b8eeba5}","{7f4e79bd-d4f7-4f6c-ab34-3aff731f38ba}","{06d5bbb0-d9e9-4008-bf5a-dab599deec99}","{06eda4aa-15a2-4197-829a-ab4be7991be2}","{fb2db1fd-d506-4c4a-8dee-8bb07977fe17}","{51094a15-29c9-4313-80f5-3358af493217}","{b90d0b22-2473-41a6-871c-3ee17574f9ff}","{159d3730-8b5f-4d1d-bcbc-af6c2a1f1515}","{95ee2f8f-a185
04-26 06:03:49.216 I/Gecko   (   84): 1398517429224	Marionette	INFO	sendToClient: {"from":"0","value":"<div><img src=\"blob:548383ef-d28b-4b68-9402-ef6e40d6a8b8\" style=\"visibility: visible;\" role=\"presentation\" height=\"64\" width=\"64\"><span class=\"labelWrapper\"><span>Social</span></span></div><span data-is-icon=\"true\" class=\"options\"></span>"}, {9d4574db-0d21-4242-9c54-6275543d19e1}, {9d4574db-0d21-4242-9c54-6275543d19e1}
04-26 06:03:49.306 I/Gecko   (   84): 1398517429309	Marionette	INFO	sendToClient: {"from":"0","value":"<div><img src=\"blob:6ab553b6-025c-4f1a-b41a-9279fdecf0ee\" style=\"visibility: visible;\" role=\"presentation\" height=\"64\" width=\"64\"><span class=\"labelWrapper\"><span>Games</span></span></div><span data-is-icon=\"true\" class=\"options\"></span>"}, {a4557b90-db13-470b-8256-ab900130aefb}, {a4557b90-db13-470b-8256-ab900130aefb}
04-26 06:03:49.326 I/Gecko   (   84): 1398517429336	Marionette	INFO	sendToClient: {"from":"0","value":"<div><img src=\"blob:5bc62f01-d034-4839-89d1-bfc9a262a5a1\" style=\"visibility: visible;\" role=\"presentation\" height=\"64\" width=\"64\"><span class=\"labelWrapper\"><span>Music</span></span></div><span data-is-icon=\"true\" class=\"options\"></span>"}, {5632014b-1d44-4d8a-9543-fe341fa2a902}, {5632014b-1d44-4d8a-9543-fe341fa2a902}
04-26 06:03:49.346 I/Gecko   (   84): 1398517429352	Marionette	INFO	sendToClient: {"from":"0","value":"<div><img src=\"blob:fc6788ef-1f9d-4dc8-b383-9e20b3288014\" style=\"visibility: visible;\" role=\"presentation\" height=\"64\" width=\"64\"><span class=\"labelWrapper\"><span>Showbiz</span></span></div><span data-is-icon=\"true\" class=\"options\"></span>"}, {783ffc45-4a31-4579-bef9-4dd00b1aadd8}, {783ffc45-4a31-4579-bef9-4dd00b1aadd8}
04-26 06:03:49.356 I/Gecko   (   84): 1398517429364	Marionette	INFO	sendToClient: {"from":"0","value":"<div><img src=\"blob:62ee4daf-f8ea-4198-88a1-0d79ca0b631e\" style=\"visibility: visible;\" role=\"presentation\" height=\"64\" width=\"64\"><span class=\"labelWrapper\"><span>Camera</span></span></div>"}, {4f7aa3f3-e5a7-4076-9666-b1746a311c5c}, {4f7aa3f3-e5a7-4076-9666-b1746a311c5c}
04-26 06:03:49.376 I/Gecko   (   84): 1398517429378	Marionette	INFO	sendToClient: {"from":"0","value":"<div><img src=\"blob:59937826-a01d-49ee-9cb1-a53951129566\" style=\"visibility: visible;\" role=\"presentation\" height=\"64\" width=\"64\"><span class=\"labelWrapper\"><span>Gallery</span></span></div>"}, {91a8c8bd-0859-48cb-bb61-60cc03a893d1}, {91a8c8bd-0859-48cb-bb61-60cc03a893d1}
04-26 06:03:49.386 I/Gecko   (   84): 1398517429391	Marionette	INFO	sendToClient: {"from":"0","value":"<div><img src=\"blob:585686ce-4c15-4904-83f4-dac329113f0b\" style=\"visibility: visible;\" role=\"presentation\" height=\"64\" width=\"64\"><span class=\"labelWrapper\"><span>FM Radio</span></span></div>"}, {8d08d75f-d64b-48ff-894d-f9cfcffe081e}, {8d08d75f-d64b-48ff-894d-f9cfcffe081e}
04-26 06:03:49.396 I/Gecko   (   84): 1398517429403	Marionette	INFO	sendToClient: {"from":"0","value":"<div><img src=\"blob:a7533ac2-bc04-4893-b3a6-19412cbce9aa\" style=\"visibility: visible;\" role=\"presentation\" height=\"64\" width=\"64\"><span class=\"labelWrapper\"><span>Settings</span></span></div>"}, {304e06fe-867a-4ea8-9dd9-f4172b3c1e1f}, {304e06fe-867a-4ea8-9dd9-f4172b3c1e1f}
04-26 06:03:49.406 I/Gecko   (   84): 1398517429413	Marionette	INFO	sendToClient: {"from":"0","value":"<div><img src=\"blob:e70cb49b-a162-427f-b14c-d77a1389f1e7\" style=\"visibility: visible;\" role=\"presentation\" height=\"64\" width=\"64\"><span class=\"labelWrapper\"><span>Marketplace</span></span></div>"}, {b205cceb-73e4-491e-a31a-9a024b149251}, {b205cceb-73e4-491e-a31a-9a024b149251}
04-26 06:03:49.416 I/Gecko   (   84): 1398517429425	Marionette	INFO	sendToClient: {"from":"0","value":"<div><img src=\"blob:c39aaa9e-a110-4387-8c79-68d062807595\" style=\"visibility: visible;\" role=\"presentation\" height=\"64\" width=\"64\"><span class=\"labelWrapper\"><span>Calendar</span></span></div>"}, {1e8526ae-07c0-4bfc-979b-f22742fd7d6b}, {1e8526ae-07c0-4bfc-979b-f22742fd7d6b}
04-26 06:03:49.426 I/Gecko   (   84): 1398517429435	Marionette	INFO	sendToClient: {"from":"0","value":"<div><img src=\"blob:b9c70aa9-f9ba-4156-8d03-8502493cf2e3\" style=\"visibility: visible;\" role=\"presentation\" height=\"64\" width=\"64\"><span class=\"labelWrapper\"><span>Clock</span></span></div>"}, {26500c11-eeaa-4b7c-8cd9-cc833c56647d}, {26500c11-eeaa-4b7c-8cd9-cc833c56647d}
04-26 06:03:49.436 I/Gecko   (   84): 1398517429446	Marionette	INFO	sendToClient: {"from":"0","value":"<div><img src=\"blob:24ed6376-997e-45be-bc01-f2bb996f1ca2\" style=\"visibility: visible;\" role=\"presentation\" height=\"64\" width=\"64\"><span class=\"labelWrapper\"><span>Usage</span></span></div>"}, {375f2c6a-3ee5-4166-9ce6-b740a9c12c15}, {375f2c6a-3ee5-4166-9ce6-b740a9c12c15}
04-26 06:03:49.446 I/Gecko   (   84): 1398517429457	Marionette	INFO	sendToClient: {"from":"0","value":"<div><img src=\"blob:fc0b246b-fdc9-4e3e-a537-dd8b1fc476b4\" style=\"visibility: visible;\" role=\"presentation\" height=\"64\" width=\"64\"><span class=\"labelWrapper\"><span>E-Mail</span></span></div>"}, {8e493ca4-9e1f-483e-8966-64a27179a702}, {8e493ca4-9e1f-483e-8966-64a27179a702}
04-26 06:03:49.516 I/Gecko   (   84): 1398517429518	Marionette	INFO	sendToClient: {"from":"0","value":"<div><img src=\"blob:f501203e-c6e3-4dad-807e-fcf2d439f1ef\" style=\"visibility: visible;\" role=\"presentation\" height=\"64\" width=\"64\"><span class=\"labelWrapper\"><span>Music</span></span></div>"}, {08f1b754-31fb-4077-a62e-3a780ffc1915}, {08f1b754-31fb-4077-a62e-3a780ffc1915}
04-26 06:03:49.526 I/Gecko   (   84): 1398517429529	Marionette	INFO	sendToClient: {"from":"0","value":"<div><img src=\"blob:1241bea8-4f0d-483f-82da-4c9da64b97d2\" style=\"visibility: visible;\" role=\"presentation\" height=\"64\" width=\"64\"><span class=\"labelWrapper\"><span>Video</span></span></div>"}, {5d6afa9b-634b-438e-b39f-77b50ca8e8a3}, {5d6afa9b-634b-438e-b39f-77b50ca8e8a3}
04-26 06:03:49.556 I/Gecko   (   84): 1398517429564	Marionette	INFO	sendToClient: {"from":"0","value":"<div><img src=\"blob:a5233015-6ff3-4ab5-b78d-0a212168d9f9\" style=\"visibility: visible;\" role=\"presentation\" height=\"64\" width=\"64\"><span class=\"labelWrapper mask\"><span>GoldNuggets</span></span></div><span data-is-icon=\"true\" class=\"options\"></span>"}, {e579a6b3-1f2f-48df-b204-620726fd9709}, {e579a6b3-1f2f-48df-b204-620726fd9709}
04-26 06:03:49.566 I/Gecko   (   84): 1398517429575	Marionette	INFO	sendToClient: {"from":"0","value":"<div><img src=\"blob:5f0e1e9a-e812-470d-bab0-bc14c0ccba38\" style=\"visibility: visible;\" role=\"presentation\" height=\"64\" width=\"64\"><span class=\"labelWrapper mask\"><span>Space Shooter</span></span></div><span data-is-icon=\"true\" class=\"options\"></span>"}, {ba160b8e-bf7f-4f3f-8f40-1de257bf522e}, {ba160b8e-bf7f-4f3f-8f40-1de257bf522e}
04-26 06:03:49.586 I/Gecko   (   84): 1398517429592	Marionette	INFO	sendToClient: {"from":"0","value":"<div><img src=\"blob:395a9969-001f-45fa-acb2-8b1d65db8f03\" style=\"visibility: visible;\" role=\"presentation\" height=\"64\" width=\"64\"><span class=\"labelWrapper mask\"><span>Rebel Thumb</span></span></div><span data-is-icon=\"true\" class=\"options\"></span>"}, {a1ac7228-dde2-48b4-936d-a40d65c8095d}, {a1ac7228-dde2-48b4-936d-a40d65c8095d}
04-26 06:03:49.606 I/Gecko   (   84): 1398517429608	Marionette	INFO	sendToClient: {"from":"0","value":"<div><img src=\"blob:c1184135-1185-467d-b6f4-1e08aaff1d57\" style=\"visibility: visible;\" role=\"presentation\" height=\"64\" width=\"64\"><span class=\"labelWrapper\"><span>8tracks</span></span></div><span data-is-icon=\"true\" class=\"options\"></span>"}, {3b4df4a1-5806-4a59-90cc-150744e62c11}, {3b4df4a1-5806-4a59-90cc-150744e62c11}
04-26 06:03:49.626 I/Gecko   (   84): 1398517429628	Marionette	INFO	sendToClient: {"from":"0","value":"<div><img src=\"blob:dffbef5d-e6f8-494b-be07-e77bf155c5db\" style=\"visibility: visible;\" role=\"presentation\" height=\"64\" width=\"64\"><span class=\"labelWrapper mask\"><span>The Weather Channel</span></span></div><span data-is-icon=\"true\" class=\"options\"></span>"}, {bbff5b2d-d089-4623-99f9-23b163c57c67}, {bbff5b2d-d089-4623-99f9-23b163c57c67}
04-26 06:03:49.636 I/Gecko   (   84): 1398517429645	Marionette	INFO	sendToClient: {"from":"0","value":"<div><img src=\"blob:b14b3f4d-934e-4eb0-b337-68a2ed4e7038\" style=\"visibility: visible;\" role=\"presentation\" height=\"64\" width=\"64\"><span class=\"labelWrapper\"><span>Marketplace</span></span></div><span data-is-icon=\"true\" class=\"options\"></span>"}, {a84a0a7b-d770-4db1-97f8-362087d0547c}, {a84a0a7b-d770-4db1-97f8-362087d0547c}
04-26 06:03:49.656 I/Gecko   (   84): 1398517429658	Marionette	INFO	sendToClient: {"from":"0","value":"<div><img src=\"blob:4c384ae5-071c-43e2-857b-17e54f7d5942\" style=\"visibility: visible;\" role=\"presentation\" height=\"64\" width=\"64\"><span class=\"labelWrapper mask\"><span>Clumsy Ninja - Flappy Bird Style</span></span></div><span data-is-icon=\"true\" class=\"options\"></span>"}, {b57ded39-66a6-4676-a964-42f7394f69e6}, {b57ded39-66a6-4676-a964-42f7394f69e6}
04-26 06:03:49.676 I/Gecko   (   84): 1398517429683	Marionette	INFO	sendToClient: {"from":"0","value":"<div><img src=\"blob:230e1b43-1709-4252-8692-51a215bfaa01\" style=\"visibility: visible;\" role=\"presentation\" height=\"64\" width=\"64\"><span class=\"labelWrapper\"><span>Phone</span></span></div>"}, {f74d11be-bf9e-4734-8f0d-99b822a6413c}, {f74d11be-bf9e-4734-8f0d-99b822a6413c}
04-26 06:03:49.686 I/Gecko   (   84): 1398517429694	Marionette	INFO	sendToClient: {"from":"0","value":"<div><img src=\"blob:b98a553e-200a-4062-93ab-41bb33e4ef1d\" style=\"visibility: visible;\" role=\"presentation\" height=\"64\" width=\"64\"><span class=\"labelWrapper\"><span>Messages</span></span></div>"}, {20d7d7ae-ac5e-4a0a-8548-5c18bf63af2c}, {20d7d7ae-ac5e-4a0a-8548-5c18bf63af2c}
04-26 06:03:49.696 I/Gecko   (   84): 1398517429705	Marionette	INFO	sendToClient: {"from":"0","value":"<div><img src=\"blob:f33a8d91-1398-4b51-a2fd-b6a51107e87e\" style=\"visibility: visible;\" role=\"presentation\" height=\"64\" width=\"64\"><span class=\"labelWrapper\"><span>Contacts</span></span></div>"}, {bf3d3f73-a7c9-48d5-8344-9b9dffd78598}, {bf3d3f73-a7c9-48d5-8344-9b9dffd78598}
04-26 06:03:49.706 I/Gecko   (   84): 1398517429716	Marionette	INFO	sendToClient: {"from":"0","value":"<div><img src=\"blob:4942d775-28fc-4a24-bdd2-7e9e0d838fc6\" style=\"visibility: visible;\" role=\"presentation\" height=\"64\" width=\"64\"><span class=\"labelWrapper\"><span>Browser</span></span></div>"}, {5df6e8d9-1288-4d6f-ba8b-4802e3612a27}, {5df6e8d9-1288-4d6f-ba8b-4802e3612a27}
04-26 06:03:51.046 I/Gecko   (  517): ###################################### forms.js loaded
04-26 06:03:51.066 I/Gecko   (  517): ############################### browserElementPanning.js loaded
04-26 06:03:51.116 I/Gecko   (  517): ######################## BrowserElementChildPreload.js loaded
04-26 06:03:51.746 I/Gecko   (   84): 1398517431748	Marionette	INFO	sendToClient: {"from":"0","value":["{1b96046a-8c76-4d69-9119-dd2eb1ffcf0a}","{893401ad-5388-43f1-bdb9-6df08b8b2851}","{0bc47f58-2e08-45f0-b904-e5f7d9977440}","{ce9287bb-c089-4fc6-8deb-fa3ca02a7cba}","{760b0a18-c077-4112-867a-deb6d1e91c9e}","{333357ff-816a-4de9-a528-5a5ea1913693}","{a19d7b59-201a-4ebd-8c09-377456d55b6a}","{95e18f8b-aed2-4d35-baee-72994ca09945}","{c8e2272e-ca80-49a3-8816-bc1965f9b2a5}","{8e8e6a20-023a-412e-91ae-90bf85c98f84}","{75d427da-baf9-4679-8382-b60d5a7eab02}","{f198f358-c54f-4a46-ad65-e7d5e9435dc6}","{ec94a5e7-6f04-4f3f-a9a2-aa3aea3006b0}","{a455010d-3790-412f-b5c0-dc1c94023587}","{f40a4cec-70b5-428c-8cc4-cd02ab3fee6e}","{83d05cb8-4b5e-4682-a749-d8810b8eeba5}","{7f4e79bd-d4f7-4f6c-ab34-3aff731f38ba}","{06d5bbb0-d9e9-4008-bf5a-dab599deec99}","{06eda4aa-15a2-4197-829a-ab4be7991be2}","{fb2db1fd-d506-4c4a-8dee-8bb07977fe17}","{51094a15-29c9-4313-80f5-3358af493217}","{b90d0b22-2473-41a6-871c-3ee17574f9ff}","{159d3730-8b5f-4d1d-bcbc-af6c2a1f1515}","{95ee2f8f-a185
04-26 06:03:51.756 I/Gecko   (   84): 1398517431761	Marionette	INFO	sendToClient: {"from":"0","value":"<div><img src=\"blob:548383ef-d28b-4b68-9402-ef6e40d6a8b8\" style=\"visibility: visible;\" role=\"presentation\" height=\"64\" width=\"64\"><span class=\"labelWrapper\"><span>Social</span></span></div><span data-is-icon=\"true\" class=\"options\"></span>"}, {5307c49b-c8a1-4a17-b28e-49ed7186f941}, {5307c49b-c8a1-4a17-b28e-49ed7186f941}
04-26 06:03:51.766 I/Gecko   (   84): 1398517431774	Marionette	INFO	sendToClient: {"from":"0","value":"<div><img src=\"blob:6ab553b6-025c-4f1a-b41a-9279fdecf0ee\" style=\"visibility: visible;\" role=\"presentation\" height=\"64\" width=\"64\"><span class=\"labelWrapper\"><span>Games</span></span></div><span data-is-icon=\"true\" class=\"options\"></span>"}, {78993009-d0e2-4229-99a8-8a39fe8dbf73}, {78993009-d0e2-4229-99a8-8a39fe8dbf73}
04-26 06:03:51.776 I/Gecko   (   84): 1398517431785	Marionette	INFO	sendToClient: {"from":"0","value":"<div><img src=\"blob:5bc62f01-d034-4839-89d1-bfc9a262a5a1\" style=\"visibility: visible;\" role=\"presentation\" height=\"64\" width=\"64\"><span class=\"labelWrapper\"><span>Music</span></span></div><span data-is-icon=\"true\" class=\"options\"></span>"}, {a406f731-cd5a-4016-985d-5593a7b51d2a}, {a406f731-cd5a-4016-985d-5593a7b51d2a}
04-26 06:03:51.786 I/Gecko   (   84): 1398517431795	Marionette	INFO	sendToClient: {"from":"0","value":"<div><img src=\"blob:fc6788ef-1f9d-4dc8-b383-9e20b3288014\" style=\"visibility: visible;\" role=\"presentation\" height=\"64\" width=\"64\"><span class=\"labelWrapper\"><span>Showbiz</span></span></div><span data-is-icon=\"true\" class=\"options\"></span>"}, {a6dd1ffb-dd80-40d5-abbe-8deeebae05de}, {a6dd1ffb-dd80-40d5-abbe-8deeebae05de}
04-26 06:03:51.806 I/Gecko   (   84): 1398517431808	Marionette	INFO	sendToClient: {"from":"0","value":"<div><img src=\"blob:62ee4daf-f8ea-4198-88a1-0d79ca0b631e\" style=\"visibility: visible;\" role=\"presentation\" height=\"64\" width=\"64\"><span class=\"labelWrapper\"><span>Camera</span></span></div>"}, {b806873e-1226-4dfb-84ab-b44b1fe3447b}, {b806873e-1226-4dfb-84ab-b44b1fe3447b}
04-26 06:03:51.826 I/Gecko   (   84): 1398517431833	Marionette	INFO	sendToClient: {"from":"0","value":"<div><img src=\"blob:59937826-a01d-49ee-9cb1-a53951129566\" style=\"visibility: visible;\" role=\"presentation\" height=\"64\" width=\"64\"><span class=\"labelWrapper\"><span>Gallery</span></span></div>"}, {e54bfb07-7ef6-4d4d-837c-cb869b8162a8}, {e54bfb07-7ef6-4d4d-837c-cb869b8162a8}
04-26 06:03:51.836 I/Gecko   (   84): 1398517431843	Marionette	INFO	sendToClient: {"from":"0","value":"<div><img src=\"blob:585686ce-4c15-4904-83f4-dac329113f0b\" style=\"visibility: visible;\" role=\"presentation\" height=\"64\" width=\"64\"><span class=\"labelWrapper\"><span>FM Radio</span></span></div>"}, {06fe26f1-6de5-4cde-b443-edd5c13e9518}, {06fe26f1-6de5-4cde-b443-edd5c13e9518}
04-26 06:03:51.846 I/Gecko   (   84): 1398517431855	Marionette	INFO	sendToClient: {"from":"0","value":"<div><img src=\"blob:a7533ac2-bc04-4893-b3a6-19412cbce9aa\" style=\"visibility: visible;\" role=\"presentation\" height=\"64\" width=\"64\"><span class=\"labelWrapper\"><span>Settings</span></span></div>"}, {41fd9456-b8c3-4d07-9c88-f51a9d5d5afa}, {41fd9456-b8c3-4d07-9c88-f51a9d5d5afa}
04-26 06:03:51.856 I/Gecko   (   84): 1398517431866	Marionette	INFO	sendToClient: {"from":"0","value":"<div><img src=\"blob:e70cb49b-a162-427f-b14c-d77a1389f1e7\" style=\"visibility: visible;\" role=\"presentation\" height=\"64\" width=\"64\"><span class=\"labelWrapper\"><span>Marketplace</span></span></div>"}, {0d71ba3c-fe3d-4a94-9773-6642cca64e79}, {0d71ba3c-fe3d-4a94-9773-6642cca64e79}
04-26 06:03:51.876 I/Gecko   (   84): 1398517431877	Marionette	INFO	sendToClient: {"from":"0","value":"<div><img src=\"blob:c39aaa9e-a110-4387-8c79-68d062807595\" style=\"visibility: visible;\" role=\"presentation\" height=\"64\" width=\"64\"><span class=\"labelWrapper\"><span>Calendar</span></span></div>"}, {afbe5590-2fc7-4ed2-b772-61284e7f307d}, {afbe5590-2fc7-4ed2-b772-61284e7f307d}
04-26 06:03:51.886 I/Gecko   (   84): 1398517431888	Marionette	INFO	sendToClient: {"from":"0","value":"<div><img src=\"blob:b9c70aa9-f9ba-4156-8d03-8502493cf2e3\" style=\"visibility: visible;\" role=\"presentation\" height=\"64\" width=\"64\"><span class=\"labelWrapper\"><span>Clock</span></span></div>"}, {846214c6-ab7c-4dae-99a5-5623ffaa8ca4}, {846214c6-ab7c-4dae-99a5-5623ffaa8ca4}
04-26 06:03:51.896 I/Gecko   (   84): 1398517431899	Marionette	INFO	sendToClient: {"from":"0","value":"<div><img src=\"blob:24ed6376-997e-45be-bc01-f2bb996f1ca2\" style=\"visibility: visible;\" role=\"presentation\" height=\"64\" width=\"64\"><span class=\"labelWrapper\"><span>Usage</span></span></div>"}, {e9f095a3-a676-4db7-b985-cd8f908675a8}, {e9f095a3-a676-4db7-b985-cd8f908675a8}
04-26 06:03:51.906 I/Gecko   (   84): 1398517431910	Marionette	INFO	sendToClient: {"from":"0","value":"<div><img src=\"blob:fc0b246b-fdc9-4e3e-a537-dd8b1fc476b4\" style=\"visibility: visible;\" role=\"presentation\" height=\"64\" width=\"64\"><span class=\"labelWrapper\"><span>E-Mail</span></span></div>"}, {321a7d05-36cc-4983-a41d-4dff40119ab9}, {321a7d05-36cc-4983-a41d-4dff40119ab9}
04-26 06:03:51.926 I/Gecko   (   84): 1398517431935	Marionette	INFO	sendToClient: {"from":"0","value":"<div><img src=\"blob:f501203e-c6e3-4dad-807e-fcf2d439f1ef\" style=\"visibility: visible;\" role=\"presentation\" height=\"64\" width=\"64\"><span class=\"labelWrapper\"><span>Music</span></span></div>"}, {b5448518-cd9c-4da9-93c4-35a00334fa5e}, {b5448518-cd9c-4da9-93c4-35a00334fa5e}
04-26 06:03:51.936 I/Gecko   (   84): 1398517431945	Marionette	INFO	sendToClient: {"from":"0","value":"<div><img src=\"blob:1241bea8-4f0d-483f-82da-4c9da64b97d2\" style=\"visibility: visible;\" role=\"presentation\" height=\"64\" width=\"64\"><span class=\"labelWrapper\"><span>Video</span></span></div>"}, {3e91c5dd-abf6-4d7b-9fff-de066c8a7e39}, {3e91c5dd-abf6-4d7b-9fff-de066c8a7e39}
04-26 06:03:51.946 I/Gecko   (   84): 1398517431956	Marionette	INFO	sendToClient: {"from":"0","value":"<div><img src=\"blob:a5233015-6ff3-4ab5-b78d-0a212168d9f9\" style=\"visibility: visible;\" role=\"presentation\" height=\"64\" width=\"64\"><span class=\"labelWrapper mask\"><span>GoldNuggets</span></span></div><span data-is-icon=\"true\" class=\"options\"></span>"}, {6544c6f7-bb9d-4113-b93f-0300b19a88fe}, {6544c6f7-bb9d-4113-b93f-0300b19a88fe}
04-26 06:03:51.966 I/Gecko   (   84): 1398517431975	Marionette	INFO	sendToClient: {"from":"0","value":"<div><img src=\"blob:5f0e1e9a-e812-470d-bab0-bc14c0ccba38\" style=\"visibility: visible;\" role=\"presentation\" height=\"64\" width=\"64\"><span class=\"labelWrapper mask\"><span>Space Shooter</span></span></div><span data-is-icon=\"true\" class=\"options\"></span>"}, {a0cfd9ee-6c89-465b-a233-06a458acb077}, {a0cfd9ee-6c89-465b-a233-06a458acb077}
04-26 06:03:51.976 I/Gecko   (   84): 1398517431987	Marionette	INFO	sendToClient: {"from":"0","value":"<div><img src=\"blob:395a9969-001f-45fa-acb2-8b1d65db8f03\" style=\"visibility: visible;\" role=\"presentation\" height=\"64\" width=\"64\"><span class=\"labelWrapper mask\"><span>Rebel Thumb</span></span></div><span data-is-icon=\"true\" class=\"options\"></span>"}, {279a316e-948b-44b2-bc65-96055d21c804}, {279a316e-948b-44b2-bc65-96055d21c804}
04-26 06:03:51.996 I/Gecko   (   84): 1398517431998	Marionette	INFO	sendToClient: {"from":"0","value":"<div><img src=\"blob:c1184135-1185-467d-b6f4-1e08aaff1d57\" style=\"visibility: visible;\" role=\"presentation\" height=\"64\" width=\"64\"><span class=\"labelWrapper\"><span>8tracks</span></span></div><span data-is-icon=\"true\" class=\"options\"></span>"}, {627d72c6-40fc-40f3-a062-69deefc45bde}, {627d72c6-40fc-40f3-a062-69deefc45bde}
04-26 06:03:52.006 I/Gecko   (   84): 1398517432009	Marionette	INFO	sendToClient: {"from":"0","value":"<div><img src=\"blob:dffbef5d-e6f8-494b-be07-e77bf155c5db\" style=\"visibility: visible;\" role=\"presentation\" height=\"64\" width=\"64\"><span class=\"labelWrapper mask\"><span>The Weather Channel</span></span></div><span data-is-icon=\"true\" class=\"options\"></span>"}, {76764095-93cf-43d4-9f25-f5c665c26be4}, {76764095-93cf-43d4-9f25-f5c665c26be4}
04-26 06:03:52.016 I/Gecko   (   84): 1398517432020	Marionette	INFO	sendToClient: {"from":"0","value":"<div><img src=\"blob:b14b3f4d-934e-4eb0-b337-68a2ed4e7038\" style=\"visibility: visible;\" role=\"presentation\" height=\"64\" width=\"64\"><span class=\"labelWrapper\"><span>Marketplace</span></span></div><span data-is-icon=\"true\" class=\"options\"></span>"}, {2eeaadfb-2aad-4ddf-b59c-628d99e5ce5b}, {2eeaadfb-2aad-4ddf-b59c-628d99e5ce5b}
04-26 06:03:52.026 I/Gecko   (   84): 1398517432033	Marionette	INFO	sendToClient: {"from":"0","value":"<div><img src=\"blob:4c384ae5-071c-43e2-857b-17e54f7d5942\" style=\"visibility: visible;\" role=\"presentation\" height=\"64\" width=\"64\"><span class=\"labelWrapper mask\"><span>Clumsy Ninja - Flappy Bird Style</span></span></div><span data-is-icon=\"true\" class=\"options\"></span>"}, {0db1e7a0-13de-4140-ad9f-5aae555d43cd}, {0db1e7a0-13de-4140-ad9f-5aae555d43cd}
04-26 06:03:52.196 I/Gecko   (   84): 1398517432201	Marionette	INFO	sendToClient: {"from":"0","value":"<div><img src=\"blob:230e1b43-1709-4252-8692-51a215bfaa01\" style=\"visibility: visible;\" role=\"presentation\" height=\"64\" width=\"64\"><span class=\"labelWrapper\"><span>Phone</span></span></div>"}, {420c8561-e818-4f06-9a10-725f06a7519d}, {420c8561-e818-4f06-9a10-725f06a7519d}
04-26 06:03:52.226 I/Gecko   (   84): 1398517432234	Marionette	INFO	sendToClient: {"from":"0","value":"<div><img src=\"blob:b98a553e-200a-4062-93ab-41bb33e4ef1d\" style=\"visibility: visible;\" role=\"presentation\" height=\"64\" width=\"64\"><span class=\"labelWrapper\"><span>Messages</span></span></div>"}, {3dd685ef-6537-4d10-bdb9-0c70de2ac54e}, {3dd685ef-6537-4d10-bdb9-0c70de2ac54e}
04-26 06:03:52.236 I/Gecko   (   84): 1398517432246	Marionette	INFO	sendToClient: {"from":"0","value":"<div><img src=\"blob:f33a8d91-1398-4b51-a2fd-b6a51107e87e\" style=\"visibility: visible;\" role=\"presentation\" height=\"64\" width=\"64\"><span class=\"labelWrapper\"><span>Contacts</span></span></div>"}, {2e06f43f-df51-44c5-aaf5-ffa0ef33867a}, {2e06f43f-df51-44c5-aaf5-ffa0ef33867a}
04-26 06:03:52.246 I/Gecko   (   84): 1398517432257	Marionette	INFO	sendToClient: {"from":"0","value":"<div><img src=\"blob:4942d775-28fc-4a24-bdd2-7e9e0d838fc6\" style=\"visibility: visible;\" role=\"presentation\" height=\"64\" width=\"64\"><span class=\"labelWrapper\"><span>Browser</span></span></div>"}, {15df9391-6822-46e0-ab59-791c7be8bd6b}, {15df9391-6822-46e0-ab59-791c7be8bd6b}
04-26 06:03:53.826 W/WifiHW  (   84): wifi_command: SIGNAL_POLL
04-26 06:03:54.296 I/Gecko   (   84): 1398517434305	Marionette	INFO	sendToClient: {"from":"0","value":["{1b96046a-8c76-4d69-9119-dd2eb1ffcf0a}","{893401ad-5388-43f1-bdb9-6df08b8b2851}","{0bc47f58-2e08-45f0-b904-e5f7d9977440}","{ce9287bb-c089-4fc6-8deb-fa3ca02a7cba}","{760b0a18-c077-4112-867a-deb6d1e91c9e}","{333357ff-816a-4de9-a528-5a5ea1913693}","{a19d7b59-201a-4ebd-8c09-377456d55b6a}","{95e18f8b-aed2-4d35-baee-72994ca09945}","{c8e2272e-ca80-49a3-8816-bc1965f9b2a5}","{8e8e6a20-023a-412e-91ae-90bf85c98f84}","{75d427da-baf9-4679-8382-b60d5a7eab02}","{f198f358-c54f-4a46-ad65-e7d5e9435dc6}","{ec94a5e7-6f04-4f3f-a9a2-aa3aea3006b0}","{a455010d-3790-412f-b5c0-dc1c94023587}","{f40a4cec-70b5-428c-8cc4-cd02ab3fee6e}","{83d05cb8-4b5e-4682-a749-d8810b8eeba5}","{7f4e79bd-d4f7-4f6c-ab34-3aff731f38ba}","{06d5bbb0-d9e9-4008-bf5a-dab599deec99}","{06eda4aa-15a2-4197-829a-ab4be7991be2}","{fb2db1fd-d506-4c4a-8dee-8bb07977fe17}","{51094a15-29c9-4313-80f5-3358af493217}","{b90d0b22-2473-41a6-871c-3ee17574f9ff}","{159d3730-8b5f-4d1d-bcbc-af6c2a1f1515}","{95ee2f8f-a185
04-26 06:03:54.316 I/Gecko   (   84): 1398517434321	Marionette	INFO	sendToClient: {"from":"0","value":"<div><img src=\"blob:548383ef-d28b-4b68-9402-ef6e40d6a8b8\" style=\"visibility: visible;\" role=\"presentation\" height=\"64\" width=\"64\"><span class=\"labelWrapper\"><span>Social</span></span></div><span data-is-icon=\"true\" class=\"options\"></span>"}, {798c6d41-8627-4ae6-8f85-f57e0478c872}, {798c6d41-8627-4ae6-8f85-f57e0478c872}
04-26 06:03:54.326 I/Gecko   (   84): 1398517434333	Marionette	INFO	sendToClient: {"from":"0","value":"<div><img src=\"blob:6ab553b6-025c-4f1a-b41a-9279fdecf0ee\" style=\"visibility: visible;\" role=\"presentation\" height=\"64\" width=\"64\"><span class=\"labelWrapper\"><span>Games</span></span></div><span data-is-icon=\"true\" class=\"options\"></span>"}, {bb1e90f8-edf4-46b0-9c06-c6f1f88f405a}, {bb1e90f8-edf4-46b0-9c06-c6f1f88f405a}
04-26 06:03:54.336 I/Gecko   (   84): 1398517434344	Marionette	INFO	sendToClient: {"from":"0","value":"<div><img src=\"blob:5bc62f01-d034-4839-89d1-bfc9a262a5a1\" style=\"visibility: visible;\" role=\"presentation\" height=\"64\" width=\"64\"><span class=\"labelWrapper\"><span>Music</span></span></div><span data-is-icon=\"true\" class=\"options\"></span>"}, {8609f6aa-eead-4b17-8ca2-a57f21027241}, {8609f6aa-eead-4b17-8ca2-a57f21027241}
04-26 06:03:54.346 I/Gecko   (   84): 1398517434355	Marionette	INFO	sendToClient: {"from":"0","value":"<div><img src=\"blob:fc6788ef-1f9d-4dc8-b383-9e20b3288014\" style=\"visibility: visible;\" role=\"presentation\" height=\"64\" width=\"64\"><span class=\"labelWrapper\"><span>Showbiz</span></span></div><span data-is-icon=\"true\" class=\"options\"></span>"}, {c2b06691-b673-4ad9-b957-84bff04e0276}, {c2b06691-b673-4ad9-b957-84bff04e0276}
04-26 06:03:54.356 I/Gecko   (   84): 1398517434366	Marionette	INFO	sendToClient: {"from":"0","value":"<div><img src=\"blob:62ee4daf-f8ea-4198-88a1-0d79ca0b631e\" style=\"visibility: visible;\" role=\"presentation\" height=\"64\" width=\"64\"><span class=\"labelWrapper\"><span>Camera</span></span></div>"}, {aead0771-0fa4-440c-88a0-e34a87e410aa}, {aead0771-0fa4-440c-88a0-e34a87e410aa}
04-26 06:03:54.376 I/Gecko   (   84): 1398517434378	Marionette	INFO	sendToClient: {"from":"0","value":"<div><img src=\"blob:59937826-a01d-49ee-9cb1-a53951129566\" style=\"visibility: visible;\" role=\"presentation\" height=\"64\" width=\"64\"><span class=\"labelWrapper\"><span>Gallery</span></span></div>"}, {5252bb8b-9190-4484-a133-b1850bb041d3}, {5252bb8b-9190-4484-a133-b1850bb041d3}
04-26 06:03:54.386 I/Gecko   (   84): 1398517434391	Marionette	INFO	sendToClient: {"from":"0","value":"<div><img src=\"blob:585686ce-4c15-4904-83f4-dac329113f0b\" style=\"visibility: visible;\" role=\"presentation\" height=\"64\" width=\"64\"><span class=\"labelWrapper\"><span>FM Radio</span></span></div>"}, {4c9e960f-c767-4a90-ab77-d607902d65f6}, {4c9e960f-c767-4a90-ab77-d607902d65f6}
04-26 06:03:54.396 I/Gecko   (   84): 1398517434402	Marionette	INFO	sendToClient: {"from":"0","value":"<div><img src=\"blob:a7533ac2-bc04-4893-b3a6-19412cbce9aa\" style=\"visibility: visible;\" role=\"presentation\" height=\"64\" width=\"64\"><span class=\"labelWrapper\"><span>Settings</span></span></div>"}, {2941c21c-6e80-4e05-a953-1d01e2a05f77}, {2941c21c-6e80-4e05-a953-1d01e2a05f77}
04-26 06:03:54.406 I/Gecko   (   84): 1398517434412	Marionette	INFO	sendToClient: {"from":"0","value":"<div><img src=\"blob:e70cb49b-a162-427f-b14c-d77a1389f1e7\" style=\"visibility: visible;\" role=\"presentation\" height=\"64\" width=\"64\"><span class=\"labelWrapper\"><span>Marketplace</span></span></div>"}, {71be957b-42eb-4a39-9e20-02a1565aabb5}, {71be957b-42eb-4a39-9e20-02a1565aabb5}
04-26 06:03:54.416 I/Gecko   (   84): 1398517434425	Marionette	INFO	sendToClient: {"from":"0","value":"<div><img src=\"blob:c39aaa9e-a110-4387-8c79-68d062807595\" style=\"visibility: visible;\" role=\"presentation\" height=\"64\" width=\"64\"><span class=\"labelWrapper\"><span>Calendar</span></span></div>"}, {9ca4b37f-b0b3-4b5f-8b2d-4d9bd45fdf65}, {9ca4b37f-b0b3-4b5f-8b2d-4d9bd45fdf65}
04-26 06:03:54.426 I/Gecko   (   84): 1398517434436	Marionette	INFO	sendToClient: {"from":"0","value":"<div><img src=\"blob:b9c70aa9-f9ba-4156-8d03-8502493cf2e3\" style=\"visibility: visible;\" role=\"presentation\" height=\"64\" width=\"64\"><span class=\"labelWrapper\"><span>Clock</span></span></div>"}, {09435ee1-29ea-4ba0-8618-0587498b8e33}, {09435ee1-29ea-4ba0-8618-0587498b8e33}
04-26 06:03:54.436 I/Gecko   (   84): 1398517434446	Marionette	INFO	sendToClient: {"from":"0","value":"<div><img src=\"blob:24ed6376-997e-45be-bc01-f2bb996f1ca2\" style=\"visibility: visible;\" role=\"presentation\" height=\"64\" width=\"64\"><span class=\"labelWrapper\"><span>Usage</span></span></div>"}, {f605fef1-5573-4d04-8e66-ebcab6df0aa5}, {f605fef1-5573-4d04-8e66-ebcab6df0aa5}
04-26 06:03:54.456 I/Gecko   (   84): 1398517434458	Marionette	INFO	sendToClient: {"from":"0","value":"<div><img src=\"blob:fc0b246b-fdc9-4e3e-a537-dd8b1fc476b4\" style=\"visibility: visible;\" role=\"presentation\" height=\"64\" width=\"64\"><span class=\"labelWrapper\"><span>E-Mail</span></span></div>"}, {5eaf874b-0fb7-49b7-aa42-5271e7864eae}, {5eaf874b-0fb7-49b7-aa42-5271e7864eae}
04-26 06:03:54.466 I/Gecko   (   84): 1398517434470	Marionette	INFO	sendToClient: {"from":"0","value":"<div><img src=\"blob:f501203e-c6e3-4dad-807e-fcf2d439f1ef\" style=\"visibility: visible;\" role=\"presentation\" height=\"64\" width=\"64\"><span class=\"labelWrapper\"><span>Music</span></span></div>"}, {3d507078-6612-4aba-8638-4da26e64183d}, {3d507078-6612-4aba-8638-4da26e64183d}
04-26 06:03:54.486 I/Gecko   (   84): 1398517434490	Marionette	INFO	sendToClient: {"from":"0","value":"<div><img src=\"blob:1241bea8-4f0d-483f-82da-4c9da64b97d2\" style=\"visibility: visible;\" role=\"presentation\" height=\"64\" width=\"64\"><span class=\"labelWrapper\"><span>Video</span></span></div>"}, {10853aac-ee90-428a-aa86-863ddf397d76}, {10853aac-ee90-428a-aa86-863ddf397d76}
04-26 06:03:54.496 I/Gecko   (   84): 1398517434501	Marionette	INFO	sendToClient: {"from":"0","value":"<div><img src=\"blob:a5233015-6ff3-4ab5-b78d-0a212168d9f9\" style=\"visibility: visible;\" role=\"presentation\" height=\"64\" width=\"64\"><span class=\"labelWrapper mask\"><span>GoldNuggets</span></span></div><span data-is-icon=\"true\" class=\"options\"></span>"}, {0cd60b4b-a90c-441f-9e2f-abcf5d4b2019}, {0cd60b4b-a90c-441f-9e2f-abcf5d4b2019}
04-26 06:03:54.506 I/Gecko   (   84): 1398517434512	Marionette	INFO	sendToClient: {"from":"0","value":"<div><img src=\"blob:5f0e1e9a-e812-470d-bab0-bc14c0ccba38\" style=\"visibility: visible;\" role=\"presentation\" height=\"64\" width=\"64\"><span class=\"labelWrapper mask\"><span>Space Shooter</span></span></div><span data-is-icon=\"true\" class=\"options\"></span>"}, {553471ae-2f1b-4724-8ea5-09f3e55da5ac}, {553471ae-2f1b-4724-8ea5-09f3e55da5ac}
04-26 06:03:54.516 I/Gecko   (   84): 1398517434523	Marionette	INFO	sendToClient: {"from":"0","value":"<div><img src=\"blob:395a9969-001f-45fa-acb2-8b1d65db8f03\" style=\"visibility: visible;\" role=\"presentation\" height=\"64\" width=\"64\"><span class=\"labelWrapper mask\"><span>Rebel Thumb</span></span></div><span data-is-icon=\"true\" class=\"options\"></span>"}, {44fae3bc-b6fa-4b6c-888e-7328eb03ecca}, {44fae3bc-b6fa-4b6c-888e-7328eb03ecca}
04-26 06:03:54.526 I/Gecko   (   84): 1398517434534	Marionette	INFO	sendToClient: {"from":"0","value":"<div><img src=\"blob:c1184135-1185-467d-b6f4-1e08aaff1d57\" style=\"visibility: visible;\" role=\"presentation\" height=\"64\" width=\"64\"><span class=\"labelWrapper\"><span>8tracks</span></span></div><span data-is-icon=\"true\" class=\"options\"></span>"}, {49fb9214-bf50-403f-98fd-a82098582da7}, {49fb9214-bf50-403f-98fd-a82098582da7}
04-26 06:03:54.536 I/Gecko   (   84): 1398517434544	Marionette	INFO	sendToClient: {"from":"0","value":"<div><img src=\"blob:dffbef5d-e6f8-494b-be07-e77bf155c5db\" style=\"visibility: visible;\" role=\"presentation\" height=\"64\" width=\"64\"><span class=\"labelWrapper mask\"><span>The Weather Channel</span></span></div><span data-is-icon=\"true\" class=\"options\"></span>"}, {348ace05-715d-4465-8d0e-ce80c437cd44}, {348ace05-715d-4465-8d0e-ce80c437cd44}
04-26 06:03:54.546 I/Gecko   (   84): 1398517434555	Marionette	INFO	sendToClient: {"from":"0","value":"<div><img src=\"blob:b14b3f4d-934e-4eb0-b337-68a2ed4e7038\" style=\"visibility: visible;\" role=\"presentation\" height=\"64\" width=\"64\"><span class=\"labelWrapper\"><span>Marketplace</span></span></div><span data-is-icon=\"true\" class=\"options\"></span>"}, {3e96e52b-85b1-42b6-b1ec-010f62ad86b4}, {3e96e52b-85b1-42b6-b1ec-010f62ad86b4}
04-26 06:03:54.556 I/Gecko   (   84): 1398517434567	Marionette	INFO	sendToClient: {"from":"0","value":"<div><img src=\"blob:4c384ae5-071c-43e2-857b-17e54f7d5942\" style=\"visibility: visible;\" role=\"presentation\" height=\"64\" width=\"64\"><span class=\"labelWrapper mask\"><span>Clumsy Ninja - Flappy Bird Style</span></span></div><span data-is-icon=\"true\" class=\"options\"></span>"}, {33476a14-faec-4ffe-89d6-487160f75de7}, {33476a14-faec-4ffe-89d6-487160f75de7}
04-26 06:03:54.566 I/Gecko   (   84): 1398517434577	Marionette	INFO	sendToClient: {"from":"0","value":"<div><img src=\"blob:230e1b43-1709-4252-8692-51a215bfaa01\" style=\"visibility: visible;\" role=\"presentation\" height=\"64\" width=\"64\"><span class=\"labelWrapper\"><span>Phone</span></span></div>"}, {c4303b2e-38b1-4245-ba16-e5f14300df27}, {c4303b2e-38b1-4245-ba16-e5f14300df27}
04-26 06:03:54.596 I/Gecko   (   84): 1398517434604	Marionette	INFO	sendToClient: {"from":"0","value":"<div><img src=\"blob:b98a553e-200a-4062-93ab-41bb33e4ef1d\" style=\"visibility: visible;\" role=\"presentation\" height=\"64\" width=\"64\"><span class=\"labelWrapper\"><span>Messages</span></span></div>"}, {e8e2ccf9-286e-4954-80ab-e849bbbcad47}, {e8e2ccf9-286e-4954-80ab-e849bbbcad47}
04-26 06:03:54.606 I/Gecko   (   84): 1398517434615	Marionette	INFO	sendToClient: {"from":"0","value":"<div><img src=\"blob:f33a8d91-1398-4b51-a2fd-b6a51107e87e\" style=\"visibility: visible;\" role=\"presentation\" height=\"64\" width=\"64\"><span class=\"labelWrapper\"><span>Contacts</span></span></div>"}, {dee09008-4e43-48e7-ad2e-82fab2a1959f}, {dee09008-4e43-48e7-ad2e-82fab2a1959f}
04-26 06:03:54.616 I/Gecko   (   84): 1398517434626	Marionette	INFO	sendToClient: {"from":"0","value":"<div><img src=\"blob:4942d775-28fc-4a24-bdd2-7e9e0d838fc6\" style=\"visibility: visible;\" role=\"presentation\" height=\"64\" width=\"64\"><span class=\"labelWrapper\"><span>Browser</span></span></div>"}, {9bb1520f-caf1-4c78-ad35-75b6cc94fcc8}, {9bb1520f-caf1-4c78-ad35-75b6cc94fcc8}
04-26 06:03:54.626 I/Gecko   (   84): 1398517434635	Marionette	INFO	sendToClient: {"from":"0","value":"app://homescreen.gaiamobile.org/index.html#root"}, {f48f8964-540e-4045-9cf9-6e0304e6b602}, {f48f8964-540e-4045-9cf9-6e0304e6b602}
04-26 06:03:54.636 I/Gecko   (   84): 1398517434641	Marionette	DEBUG	Got request: switchToFrame, data: {"to":"0","sessionId":"3-b2g","name":"switchToFrame","parameters":{"id":null,"focus":true}}, id: {00bef4d6-75d9-4bba-80eb-e2dc57ecd28f}
04-26 06:03:54.646 I/Gecko   (   84): 1398517434656	Marionette	INFO	Switched to frame: {"frameValue":null}
04-26 06:03:54.766 I/Gecko   (   84): 1398517434770	Marionette	INFO	sendToClient: {"from":"0","ok":true}, {00bef4d6-75d9-4bba-80eb-e2dc57ecd28f}, {00bef4d6-75d9-4bba-80eb-e2dc57ecd28f}
04-26 06:03:54.766 I/Gecko   (   84): 1398517434776	Marionette	DEBUG	Got request: switchToFrame, data: {"to":"0","sessionId":"3-b2g","name":"switchToFrame","parameters":{"id":null,"focus":true}}, id: {a8cfc881-ab49-434e-864c-0b26f32cb8e9}
04-26 06:03:54.776 I/Gecko   (   84): 1398517434779	Marionette	INFO	Switched to frame: {"frameValue":null}
04-26 06:03:54.876 I/Gecko   (   84): 1398517434881	Marionette	INFO	sendToClient: {"from":"0","ok":true}, {a8cfc881-ab49-434e-864c-0b26f32cb8e9}, {a8cfc881-ab49-434e-864c-0b26f32cb8e9}
04-26 06:03:54.886 I/Gecko   (   84): 1398517434888	Marionette	DEBUG	Got request: executeWithCallback, data: {"to":"0","sessionId":"3-b2g","name":"executeAsyncScript","parameters":{"specialPowers":false,"scriptTimeout":30000,"newSandbox":true,"args":[],"filename":"app_checker.py","script":"GaiaApps.launchWithManifestURL('https://marketplace.firefox.com/app/eb533d8e-032a-4537-8d12-c261ba1e7443/manifest.webapp')","line":106}}, id: {76c88256-dac8-4c86-91f0-cfbbdd26a8c6}
04-26 06:03:55.026 I/Gonk    (   84): Setting nice for pid 517 to 18
04-26 06:03:55.026 I/Gonk    (   84): Changed nice for pid 517 from 18 to 18.
04-26 06:03:55.036 I/Gecko   (   84): [Parent 84] WARNING: waitpid failed pid:517 errno:10: file ../../../gecko/ipc/chromium/src/base/process_util_posix.cc, line 254
04-26 06:03:55.036 I/Gonk    (   84): Setting nice for pid 517 to 1
04-26 06:03:55.036 I/Gonk    (   84): Changed nice for pid 517 from 18 to 1.
04-26 06:03:55.246 E/GeckoConsole(   84): Content JS LOG at dummy file:334 in GaiaApps.launch: launching app with name 'Clumsy Ninja - Flappy Bird Style'
04-26 06:03:55.356 E/[Gralloc-ERROR](   84): int gralloc_register_buffer(const gralloc_module_t*, const native_handle_t*):79 Unable to register handle 0x45e3df60 coming from different process: 84
04-26 06:03:55.366 E/[Gralloc-ERROR](   84): int gralloc_register_buffer(const gralloc_module_t*, const native_handle_t*):79 Unable to register handle 0x45e42060 coming from different process: 84
04-26 06:03:55.506 D/Sensors (   84): activate handle=0; drv=0
04-26 06:03:55.506 D/Sensors (   84): Lis3dhSensor: Control set 1
04-26 06:03:55.506 D/Sensors (   84): Lis3dhSensor: mEnabled = 1
04-26 06:03:55.596 I/Gonk    (   84): Setting nice for pid 488 to 18
04-26 06:03:55.606 I/Gonk    (   84): Changed nice for pid 488 from 1 to 18.
04-26 06:03:55.846 I/log     (  554): <4>0[ 71.803634] select 488 (Homescreen), adj 8, size 7548, to kill 
04-26 06:03:57.456 E/GeckoConsole(  517): [JavaScript Warning: "Unknown property 'box-sizing'.  Declaration dropped." {file: "app://{2d0ebe90-b9f0-4481-91aa-f4d56bb8352b}/index.html" line: 0 column: 67 source: "-webkit-box-sizing:border-box;-moz-box-sizing:border-box;box-sizing:border-box;padding:1px;border:1px;display:block;width:4px;margin-top:1%;position:absolute;top:1%"}]
04-26 06:03:57.466 E/GeckoConsole(  517): [JavaScript Warning: "Unknown property 'box-sizing'.  Declaration dropped." {file: "app://{2d0ebe90-b9f0-4481-91aa-f4d56bb8352b}/index.html" line: 0 column: 111 source: "padding:0;margin:0;border:0;display:block;-webkit-box-sizing:content-box;-moz-box-sizing:content-box;box-sizing:content-box"}]
04-26 06:03:57.466 E/GeckoConsole(  517): [JavaScript Warning: "Unknown property 'box-sizing'.  Declaration dropped." {file: "app://{2d0ebe90-b9f0-4481-91aa-f4d56bb8352b}/index.html" line: 0 column: 111 source: "padding:0;margin:0;border:0;display:block;-webkit-box-sizing:content-box;-moz-box-sizing:content-box;box-sizing:content-box"}]
04-26 06:03:57.526 I/Gecko   (   84): [Parent 84] WARNING: pipe error (140): Connection reset by peer: file ../../../gecko/ipc/chromium/src/chrome/common/ipc_channel_posix.cc, line 446
04-26 06:03:57.526 I/Gecko   (   84): 
04-26 06:03:57.526 I/Gecko   (   84): ###!!! [Parent][MessageChannel] Error: Channel error: cannot send/recv
04-26 06:03:57.526 I/Gecko   (   84): 
04-26 06:03:57.576 I/Gecko   (   84): [Parent 84] WARNING: waitpid failed pid:488 errno:10: file ../../../gecko/ipc/chromium/src/base/process_util_posix.cc, line 254
04-26 06:03:58.046 V/AudioPolicyManagerBase(   89): getDeviceForStrategy() from cache strategy 0, device 2
04-26 06:03:58.046 V/AudioPolicyManagerBase(   89): getOutput() stream 3, samplingRate 0, format 0, channels 3, flags 0
04-26 06:03:58.046 W/AudioFlinger(   89): Thread AudioOut_1 cannot connect to the power manager service
04-26 06:03:58.306 I/Gecko   (  517): Attempting load of libEGL.so
04-26 06:03:58.326 D/libEGL  (  517): loaded /system/lib/egl/libEGL_mali.so
04-26 06:03:58.346 D/libEGL  (  517): loaded /system/lib/egl/libGLESv1_CM_mali.so
04-26 06:03:58.346 D/libEGL  (  517): loaded /system/lib/egl/libGLESv2_mali.so
04-26 06:03:58.376 I/Gecko   (  517): SharedSurface_Gralloc::Create -------
04-26 06:03:58.386 I/Gecko   (  517): SharedSurface_Gralloc::Create: success -- surface 0x440a2100, GraphicBuffer 0x44034480.
04-26 06:03:58.816 I/Gecko   (  517): SharedSurface_Gralloc::Create -------
04-26 06:03:58.816 I/Gecko   (  517): SharedSurface_Gralloc::Create: success -- surface 0x432f6e00, GraphicBuffer 0x44034b80.
04-26 06:03:58.836 W/WifiHW  (   84): wifi_command: SIGNAL_POLL
04-26 06:03:58.936 I/Gecko   (  517): [SharedSurface_Gralloc 0x432f6e00] destroyed
04-26 06:03:59.006 I/Gecko   (  517): SharedSurface_Gralloc::Create -------
04-26 06:03:59.016 I/Gecko   (  517): SharedSurface_Gralloc::Create: success -- surface 0x43536840, GraphicBuffer 0x432f4700.
04-26 06:03:59.576 I/Gecko   (   84): [Parent 84] WARNING: waitpid failed pid:488 errno:10: file ../../../gecko/ipc/chromium/src/base/process_util_posix.cc, line 254
04-26 06:03:59.576 I/Gecko   (   84): [Parent 84] WARNING: Failed to deliver SIGKILL to 488!(3).: file ../../../gecko/ipc/chromium/src/chrome/common/process_watcher_posix_sigchld.cc, line 118
04-26 06:03:59.976 I/Gecko   (  517): SharedSurface_Gralloc::Create -------
04-26 06:03:59.976 I/Gecko   (  517): SharedSurface_Gralloc::Create: success -- surface 0x441eddc0, GraphicBuffer 0x432f4400.
04-26 06:04:00.466 I/Gonk    (   84): Setting nice for pid 566 to 18
04-26 06:04:00.466 I/Gonk    (   84): Changed nice for pid 566 from 0 to 18.
04-26 06:04:01.786 I/Gonk    (   84): Setting nice for pid 566 to 18
04-26 06:04:01.786 I/Gonk    (   84): Changed nice for pid 566 from 18 to 18.
04-26 06:04:01.786 I/Gecko   (   84): [Parent 84] WARNING: waitpid failed pid:566 errno:10: file ../../../gecko/ipc/chromium/src/base/process_util_posix.cc, line 254
04-26 06:04:01.796 I/Gonk    (   84): Setting nice for pid 566 to 1
04-26 06:04:01.796 I/Gonk    (   84): Changed nice for pid 566 from 18 to 1.
04-26 06:04:01.816 I/Gonk    (   84): Setting nice for pid 566 to 18
04-26 06:04:01.816 I/Gonk    (   84): Changed nice for pid 566 from 1 to 18.
04-26 06:04:02.116 E/GeckoConsole(   84): Content JS LOG at dummy file:326 in GaiaApps.launch/appOpen/<: app with origin 'app://{2d0ebe90-b9f0-4481-91aa-f4d56bb8352b}' has launched
04-26 06:04:02.126 I/Gecko   (   84): 1398517442130	Marionette	INFO	sendToClient: {"from":"0","value":{"frame":{"ELEMENT":"{d2edd3ee-0d8f-474f-9c9b-647597a20ab3}"},"src":"app://{2d0ebe90-b9f0-4481-91aa-f4d56bb8352b}/index.html","name":"Clumsy Ninja - Flappy Bird Style","origin":"app://{2d0ebe90-b9f0-4481-91aa-f4d56bb8352b}"}}, {76c88256-dac8-4c86-91f0-cfbbdd26a8c6}, {76c88256-dac8-4c86-91f0-cfbbdd26a8c6}
04-26 06:04:02.136 E/[Gralloc-ERROR](   84): int gralloc_unregister_buffer(const gralloc_module_t*, const native_handle_t*):274 Trying to unregister buffer 0x45e3df60 from process 84 that was not created in current process: 84
04-26 06:04:02.136 E/[Gralloc-ERROR](   84): int gralloc_unregister_buffer(const gralloc_module_t*, const native_handle_t*):274 Trying to unregister buffer 0x45e42060 from process 84 that was not created in current process: 84
