--------- beginning of /dev/log/main
04-26 18:03:39.173 I/Gecko   (   83): 1398560619179	Marionette	INFO	sendToClient: {"from":"0","ok":true}, {4ad5d3ee-f0f7-40d8-ba15-3be90aee912c}, {4ad5d3ee-f0f7-40d8-ba15-3be90aee912c}
04-26 18:03:39.243 I/Gecko   (   83): 1398560619256	Marionette	DEBUG	Got request: switchToFrame, data: {"to":"0","sessionId":"3-b2g","name":"switchToFrame","parameters":{"id":null,"focus":true}}, id: {7878b54a-e383-4137-8424-58eee5964115}
04-26 18:03:39.253 I/Gecko   (   83): 1398560619263	Marionette	INFO	Switched to frame: {"frameValue":null}
04-26 18:03:39.363 I/Gecko   (   83): 1398560619371	Marionette	INFO	sendToClient: {"from":"0","ok":true}, {7878b54a-e383-4137-8424-58eee5964115}, {7878b54a-e383-4137-8424-58eee5964115}
04-26 18:03:39.373 I/Gecko   (   83): 1398560619378	Marionette	DEBUG	Got request: executeWithCallback, data: {"to":"0","sessionId":"3-b2g","name":"executeAsyncScript","parameters":{"specialPowers":false,"scriptTimeout":null,"newSandbox":true,"args":[],"filename":"gaia_test.py","script":"return GaiaApps.displayedApp();","line":66}}, id: {7fc8c396-2332-45f1-96bd-f0b68953ae80}
04-26 18:03:39.453 I/Gecko   (   83): 1398560619459	Marionette	INFO	sendToClient: {"from":"0","value":{"frame":{"ELEMENT":"{a02e2d10-9de4-4170-aa59-94350685084a}"},"src":"app://homescreen.gaiamobile.org/index.html#root","name":"Homescreen","origin":"app://homescreen.gaiamobile.org"}}, {7fc8c396-2332-45f1-96bd-f0b68953ae80}, {7fc8c396-2332-45f1-96bd-f0b68953ae80}
04-26 18:03:39.453 E/GeckoConsole(   83): Content JS LOG at dummy file:392 in GaiaApps.displayedApp: app with origin 'app://homescreen.gaiamobile.org' is displayed
04-26 18:03:39.453 I/Gecko   (   83): 1398560619467	Marionette	DEBUG	Got request: switchToFrame, data: {"to":"0","sessionId":"3-b2g","name":"switchToFrame","parameters":{"id":null,"focus":true}}, id: {85fea301-8e21-420e-93dd-8f9c13625d5b}
04-26 18:03:39.463 I/Gecko   (   83): 1398560619469	Marionette	INFO	Switched to frame: {"frameValue":null}
04-26 18:03:39.463 W/WifiHW  (   83): wifi_command: SIGNAL_POLL
04-26 18:03:39.563 I/Gecko   (   83): 1398560619571	Marionette	INFO	sendToClient: {"from":"0","ok":true}, {85fea301-8e21-420e-93dd-8f9c13625d5b}, {85fea301-8e21-420e-93dd-8f9c13625d5b}
04-26 18:03:39.573 I/Gecko   (   83): 1398560619581	Marionette	DEBUG	Got request: switchToFrame, data: {"to":"0","sessionId":"3-b2g","name":"switchToFrame","parameters":{"id":null,"focus":true}}, id: {5c9f7d6e-a4b4-457f-ae7b-58d393908730}
04-26 18:03:39.583 I/Gecko   (   83): 1398560619589	Marionette	INFO	Switched to frame: {"frameValue":null}
04-26 18:03:39.683 I/Gecko   (   83): 1398560619692	Marionette	INFO	sendToClient: {"from":"0","ok":true}, {5c9f7d6e-a4b4-457f-ae7b-58d393908730}, {5c9f7d6e-a4b4-457f-ae7b-58d393908730}
04-26 18:03:39.703 I/Gecko   (   83): 1398560619715	Marionette	DEBUG	Got request: executeWithCallback, data: {"to":"0","sessionId":"3-b2g","name":"executeAsyncScript","parameters":{"specialPowers":false,"scriptTimeout":null,"newSandbox":true,"args":[],"filename":"gaia_test.py","script":"return GaiaApps.displayedApp();","line":66}}, id: {ec948200-572b-4b95-ac98-64c8e2b1080e}
04-26 18:03:39.903 E/GeckoConsole(   83): Content JS LOG at dummy file:392 in GaiaApps.displayedApp: app with origin 'app://homescreen.gaiamobile.org' is displayed
04-26 18:03:39.903 I/Gecko   (   83): 1398560619916	Marionette	INFO	sendToClient: {"from":"0","value":{"frame":{"ELEMENT":"{a02e2d10-9de4-4170-aa59-94350685084a}"},"src":"app://homescreen.gaiamobile.org/index.html#root","name":"Homescreen","origin":"app://homescreen.gaiamobile.org"}}, {ec948200-572b-4b95-ac98-64c8e2b1080e}, {ec948200-572b-4b95-ac98-64c8e2b1080e}
04-26 18:03:39.923 I/Gecko   (   83): 1398560619935	Marionette	DEBUG	Got request: switchToFrame, data: {"to":"0","sessionId":"3-b2g","name":"switchToFrame","parameters":{"focus":true,"element":"{a02e2d10-9de4-4170-aa59-94350685084a}"}}, id: {56130f85-9b42-4062-9b88-15abc1938f92}
04-26 18:03:39.963 I/Gecko   (   83): 1398560619953	Marionette	INFO	Switched to frame: {"frameValue":"{a02e2d10-9de4-4170-aa59-94350685084a}"}
04-26 18:03:39.963 I/Gecko   (   83): 1398560619976	Marionette	INFO	trying remote frame 0
04-26 18:03:39.963 I/Gecko   (   83): 1398560619977	Marionette	INFO	trying remote frame 1
04-26 18:03:39.973 I/Gecko   (   83): 1398560619978	Marionette	INFO	trying remote frame 2
04-26 18:03:39.973 I/Gecko   (   83): 1398560619979	Marionette	INFO	deleting frame
04-26 18:03:39.973 I/Gecko   (   83): 1398560619983	Marionette	INFO	frame-manager load script: [object ChromeMessageSender]
04-26 18:03:40.453 I/Gecko   (   83): 1398560620464	Marionette	INFO	sendToClient: {"from":"0","ok":true}, {56130f85-9b42-4062-9b88-15abc1938f92}, {56130f85-9b42-4062-9b88-15abc1938f92}
04-26 18:03:40.613 I/Gecko   (   83): 1398560620621	Marionette	INFO	sendToClient: {"from":"0","value":{"ELEMENT":"{fde911f0-8dac-49ba-96f0-368c257bdd50}"}}, {155a690a-df7f-44a8-a1d6-8241b8a7054c}, {155a690a-df7f-44a8-a1d6-8241b8a7054c}
04-26 18:03:40.723 E/GeckoConsole( 2128): [JavaScript Warning: "Use of getAttributeNode() is deprecated. Use getAttribute() instead." {file: "chrome://marionette/content/atoms.js" line: 25}]
04-26 18:03:40.733 E/GeckoConsole( 2128): [JavaScript Warning: "Use of attributes' specified attribute is deprecated. It always returns true." {file: "chrome://marionette/content/atoms.js" line: 25}]
04-26 18:03:40.733 I/Gecko   (   83): 1398560620742	Marionette	INFO	sendToClient: {"from":"0","value":"normal"}, {f7908956-94e8-43d1-98a2-5c2219f457de}, {f7908956-94e8-43d1-98a2-5c2219f457de}
04-26 18:03:40.743 I/Gecko   (   83): 1398560620749	Marionette	DEBUG	Got request: switchToFrame, data: {"to":"0","sessionId":"3-b2g","name":"switchToFrame","parameters":{"id":null,"focus":true}}, id: {4db31a19-ad76-4cb8-a190-b64d61c45dc9}
04-26 18:03:40.753 I/Gecko   (   83): 1398560620759	Marionette	INFO	Switched to frame: {"frameValue":null}
04-26 18:03:40.853 I/Gecko   (   83): 1398560620863	Marionette	INFO	sendToClient: {"from":"0","ok":true}, {4db31a19-ad76-4cb8-a190-b64d61c45dc9}, {4db31a19-ad76-4cb8-a190-b64d61c45dc9}
04-26 18:03:40.863 I/Gecko   (   83): 1398560620871	Marionette	DEBUG	Got request: execute, data: {"to":"0","sessionId":"3-b2g","name":"executeScript","parameters":{"specialPowers":false,"scriptTimeout":null,"newSandbox":true,"args":[],"filename":"gaia_test.py","script":"window.wrappedJSObject.dispatchEvent(new Event('home'));","line":788}}, id: {93d3a5c1-ebf4-4e9b-90a5-0b6f8e7cf288}
04-26 18:03:40.913 I/Gecko   (   83): 1398560620920	Marionette	INFO	sendToClient: {"from":"0","value":null}, {93d3a5c1-ebf4-4e9b-90a5-0b6f8e7cf288}, {93d3a5c1-ebf4-4e9b-90a5-0b6f8e7cf288}
04-26 18:03:40.923 I/Gecko   (   83): 1398560620932	Marionette	DEBUG	Got request: switchToFrame, data: {"to":"0","sessionId":"3-b2g","name":"switchToFrame","parameters":{"id":null,"focus":true}}, id: {e5513f55-8b1c-4f1e-86c0-784b27b76b60}
04-26 18:03:40.923 I/Gecko   (   83): 1398560620934	Marionette	INFO	Switched to frame: {"frameValue":null}
04-26 18:03:41.043 I/Gecko   (   83): 1398560621053	Marionette	INFO	sendToClient: {"from":"0","ok":true}, {e5513f55-8b1c-4f1e-86c0-784b27b76b60}, {e5513f55-8b1c-4f1e-86c0-784b27b76b60}
04-26 18:03:41.063 I/Gecko   (   83): 1398560621070	Marionette	DEBUG	Got request: switchToFrame, data: {"to":"0","sessionId":"3-b2g","name":"switchToFrame","parameters":{"id":null,"focus":true}}, id: {5cfe094d-5226-483c-b5fa-a2ea956bef2b}
04-26 18:03:41.103 I/Gecko   (   83): 1398560621093	Marionette	INFO	Switched to frame: {"frameValue":null}
04-26 18:03:41.203 I/Gecko   (   83): 1398560621210	Marionette	INFO	sendToClient: {"from":"0","ok":true}, {5cfe094d-5226-483c-b5fa-a2ea956bef2b}, {5cfe094d-5226-483c-b5fa-a2ea956bef2b}
04-26 18:03:41.213 I/Gecko   (   83): 1398560621221	Marionette	DEBUG	Got request: executeWithCallback, data: {"to":"0","sessionId":"3-b2g","name":"executeAsyncScript","parameters":{"specialPowers":false,"scriptTimeout":null,"newSandbox":true,"args":[],"filename":"gaia_test.py","script":"return GaiaApps.displayedApp();","line":66}}, id: {21b635d2-4813-434e-bee3-1a91c21a26a6}
04-26 18:03:41.273 E/GeckoConsole(   83): Content JS LOG at dummy file:392 in GaiaApps.displayedApp: app with origin 'app://homescreen.gaiamobile.org' is displayed
04-26 18:03:41.273 I/Gecko   (   83): 1398560621281	Marionette	INFO	sendToClient: {"from":"0","value":{"frame":{"ELEMENT":"{a02e2d10-9de4-4170-aa59-94350685084a}"},"src":"app://homescreen.gaiamobile.org/index.html#rootSat%20Apr%2026%202014%2018:03:40%20GMT-0700%20(UTC)","name":"Homescreen","origin":"app://homescreen.gaiamobile.org"}}, {21b635d2-4813-434e-bee3-1a91c21a26a6}, {21b635d2-4813-434e-bee3-1a91c21a26a6}
04-26 18:03:41.293 I/Gecko   (   83): 1398560621300	Marionette	DEBUG	Got request: switchToFrame, data: {"to":"0","sessionId":"3-b2g","name":"switchToFrame","parameters":{"focus":true,"element":"{a02e2d10-9de4-4170-aa59-94350685084a}"}}, id: {be94fbc3-984d-4166-a972-891dbe34f083}
04-26 18:03:41.293 I/Gecko   (   83): 1398560621307	Marionette	INFO	Switched to frame: {"frameValue":"{a02e2d10-9de4-4170-aa59-94350685084a}"}
04-26 18:03:41.303 I/Gecko   (   83): 1398560621317	Marionette	INFO	trying remote frame 0
04-26 18:03:41.313 I/Gecko   (   83): 1398560621320	Marionette	INFO	trying remote frame 1
04-26 18:03:41.313 I/Gecko   (   83): 1398560621321	Marionette	INFO	trying remote frame 2
04-26 18:03:41.353 I/Gecko   (   83): 1398560621361	Marionette	INFO	sendToClient: {"from":"0","ok":true}, {be94fbc3-984d-4166-a972-891dbe34f083}, {be94fbc3-984d-4166-a972-891dbe34f083}
04-26 18:03:41.363 I/Gecko   (   83): 1398560621368	Marionette	DEBUG	Got request: execute, data: {"to":"0","sessionId":"3-b2g","name":"executeScript","parameters":{"specialPowers":false,"scriptTimeout":null,"newSandbox":true,"args":[],"filename":"gaia_test.py","script":"return window.wrappedJSObject.GridManager.pageHelper.getCurrentPageNumber();","line":784}}, id: {1d093803-8ea4-448a-9cdf-c39313027529}
04-26 18:03:41.553 I/Gecko   (   83): 1398560621558	Marionette	INFO	sendToClient: {"from":"0","value":0}, {1d093803-8ea4-448a-9cdf-c39313027529}, {1d093803-8ea4-448a-9cdf-c39313027529}
04-26 18:03:42.393 I/Gecko   (   83): 1398560622403	Marionette	INFO	sendToClient: {"from":"0","value":["{fa913bd4-5582-477c-96c3-b057bd8d0732}","{7de75c68-905d-44a1-bb4f-e473da0b0c22}","{cf489c38-7f1b-4a36-833d-6f880c97bd1b}","{054d546b-4fd4-4153-b0d7-27c4d335937f}","{d74db674-cbb0-419d-9e6c-f6d3d9f7592d}","{d29163ff-f31a-48c4-9a0c-317734d8d2ff}","{e68eba64-3f34-40aa-954b-caa79b785b99}","{41f1e75e-16dc-4367-9f30-b20f8365648b}","{63d1ccea-985a-45c5-93d0-c6c8be5dada7}","{bdab25f5-88f4-4ae6-a0a9-f3c27c439ed6}","{fae2b5b2-782a-4449-a153-b54815e54855}","{850c114f-85c7-4ea0-b3ef-e8b6b753f044}","{92d1a823-e562-4b12-9a92-4aac78506301}","{211e6c83-fc81-4079-981d-80c0d7b02548}","{ec2fddad-588c-4468-b9cc-874d6afbe530}","{557e5c38-3372-46af-a829-7b62580ce9b1}","{f19a2ced-b89c-424c-aaa7-9280df3df8cb}","{f2d96617-d65f-4844-ab7e-085b7d1378bb}","{ba822359-c8cc-4d67-b7df-95627490460a}","{bce418e2-885e-403f-a731-c22ba877c07e}","{71295ec3-2560-4e9f-837d-12ef4e76bb74}","{69d053e9-2684-4e50-9971-92ada6d8a2bb}","{5913520a-319d-46b4-82fa-4ec1251295dd}","{0eca368b-3a53
04-26 18:03:42.433 V/AudioPolicyManagerBase(   88): startOutput() output 1, stream 1, session 7
04-26 18:03:42.433 V/AudioPolicyManagerBase(   88): changeRefCount() stream 1, count 1
04-26 18:03:42.433 V/AudioPolicyManagerBase(   88): getDeviceForStrategy() from cache strategy 0, device 2
04-26 18:03:42.433 V/AudioPolicyManagerBase(   88): getNewDevice() selected device 2
04-26 18:03:42.433 D/AudioPolicyManagerBase(   88): setOutputDevice() output 1 device 2 delayMs 0
04-26 18:03:42.433 V/AudioPolicyManagerBase(   88): setOutputDevice() setting same device 2 or null device for output 1
04-26 18:03:42.433 E/AudioPolicyManagerBase(   88): checkAndSetVolume stream=1, index=0, output=1, device=2
04-26 18:03:42.433 E/AudioPolicyManagerBase(   88): computeVolume, streamDesc=0x1069bb8
04-26 18:03:42.513 W/AudioFlinger(   88): Thread AudioOut_1 cannot connect to the power manager service
04-26 18:03:42.513 V/AudioPolicyManagerBase(   88): stopOutput() output 1, stream 1, session 7
04-26 18:03:42.513 V/AudioPolicyManagerBase(   88): changeRefCount() stream 1, count 0
04-26 18:03:42.513 V/AudioPolicyManagerBase(   88): getNewDevice() selected device 0
04-26 18:03:42.513 D/AudioPolicyManagerBase(   88): setOutputDevice() output 1 device 0 delayMs 290
04-26 18:03:42.513 V/AudioPolicyManagerBase(   88): setOutputDevice() setting same device 0 or null device for output 1
04-26 18:03:42.523 V/AudioPolicyManagerBase(   88): startOutput() output 1, stream 1, session 7
04-26 18:03:42.523 V/AudioPolicyManagerBase(   88): changeRefCount() stream 1, count 1
04-26 18:03:42.523 V/AudioPolicyManagerBase(   88): getDeviceForStrategy() from cache strategy 0, device 2
04-26 18:03:42.523 V/AudioPolicyManagerBase(   88): getNewDevice() selected device 2
04-26 18:03:42.523 D/AudioPolicyManagerBase(   88): setOutputDevice() output 1 device 2 delayMs 0
04-26 18:03:42.523 V/AudioPolicyManagerBase(   88): setOutputDevice() setting same device 2 or null device for output 1
04-26 18:03:42.523 E/AudioPolicyManagerBase(   88): checkAndSetVolume stream=1, index=0, output=1, device=2
04-26 18:03:42.523 E/AudioPolicyManagerBase(   88): computeVolume, streamDesc=0x1069bb8
04-26 18:03:42.523 V/AudioPolicyManagerBase(   88): stopOutput() output 1, stream 1, session 7
04-26 18:03:42.523 V/AudioPolicyManagerBase(   88): changeRefCount() stream 1, count 0
04-26 18:03:42.523 V/AudioPolicyManagerBase(   88): getNewDevice() selected device 0
04-26 18:03:42.533 D/AudioPolicyManagerBase(   88): setOutputDevice() output 1 device 0 delayMs 290
04-26 18:03:42.533 V/AudioPolicyManagerBase(   88): setOutputDevice() setting same device 0 or null device for output 1
04-26 18:03:42.533 V/AudioPolicyManagerBase(   88): releaseOutput() 1
04-26 18:03:42.773 I/Gecko   (   83): 1398560622782	Marionette	INFO	sendToClient: {"from":"0","value":"app://homescreen.gaiamobile.org/index.html#rootSat%20Apr%2026%202014%2018:03:40%20GMT-0700%20(UTC)"}, {a0a012a2-ca5f-4e87-a8cb-c855cf170dcf}, {a0a012a2-ca5f-4e87-a8cb-c855cf170dcf}
04-26 18:03:42.783 I/Gecko   (   83): 1398560622789	Marionette	DEBUG	Got request: switchToFrame, data: {"to":"0","sessionId":"3-b2g","name":"switchToFrame","parameters":{"id":null,"focus":true}}, id: {42035990-b0e2-42c7-9b6e-45c164f84ca4}
04-26 18:03:42.793 I/Gecko   (   83): 1398560622800	Marionette	INFO	Switched to frame: {"frameValue":null}
04-26 18:03:42.893 I/Gecko   (   83): 1398560622906	Marionette	INFO	sendToClient: {"from":"0","ok":true}, {42035990-b0e2-42c7-9b6e-45c164f84ca4}, {42035990-b0e2-42c7-9b6e-45c164f84ca4}
04-26 18:03:42.903 I/Gecko   (   83): 1398560622913	Marionette	DEBUG	Got request: switchToFrame, data: {"to":"0","sessionId":"3-b2g","name":"switchToFrame","parameters":{"id":null,"focus":true}}, id: {a0590fc6-a6a2-4867-a632-3ba95e71b153}
04-26 18:03:42.903 I/Gecko   (   83): 1398560622915	Marionette	INFO	Switched to frame: {"frameValue":null}
04-26 18:03:43.013 I/Gecko   (   83): 1398560623020	Marionette	INFO	sendToClient: {"from":"0","ok":true}, {a0590fc6-a6a2-4867-a632-3ba95e71b153}, {a0590fc6-a6a2-4867-a632-3ba95e71b153}
04-26 18:03:43.023 I/Gecko   (   83): 1398560623029	Marionette	DEBUG	Got request: executeWithCallback, data: {"to":"0","sessionId":"3-b2g","name":"executeAsyncScript","parameters":{"specialPowers":false,"scriptTimeout":30000,"newSandbox":true,"args":[],"filename":"app_checker.py","script":"GaiaApps.launchWithManifestURL('http://m.cnnexpansion.com/manifest.webapp')","line":106}}, id: {857ba0bf-8976-41f3-a8e0-5351619d9e07}
04-26 18:03:43.143 E/GeckoConsole(   83): Content JS LOG at dummy file:334 in GaiaApps.launch: launching app with name 'CNNExpansión'
04-26 18:03:43.243 I/Gonk    (   83): Setting nice for pid 2136 to 18
04-26 18:03:43.243 I/Gonk    (   83): Changed nice for pid 2136 from 18 to 18.
04-26 18:03:43.243 I/Gecko   (   83): [Parent 83] WARNING: waitpid failed pid:2136 errno:10: file ../../../gecko/ipc/chromium/src/base/process_util_posix.cc, line 254
04-26 18:03:43.263 I/Gonk    (   83): Setting nice for pid 2136 to 1
04-26 18:03:43.263 I/Gonk    (   83): Changed nice for pid 2136 from 18 to 1.
04-26 18:03:43.453 E/[Gralloc-ERROR](   83): int gralloc_register_buffer(const gralloc_module_t*, const native_handle_t*):79 Unable to register handle 0x4434dfb0 coming from different process: 83
04-26 18:03:43.463 E/[Gralloc-ERROR](   83): int gralloc_register_buffer(const gralloc_module_t*, const native_handle_t*):79 Unable to register handle 0x4470b330 coming from different process: 83
04-26 18:03:43.463 E/[Gralloc-ERROR](   83): int gralloc_register_buffer(const gralloc_module_t*, const native_handle_t*):79 Unable to register handle 0x4470e290 coming from different process: 83
04-26 18:03:43.463 E/[Gralloc-ERROR](   83): int gralloc_register_buffer(const gralloc_module_t*, const native_handle_t*):79 Unable to register handle 0x4472e330 coming from different process: 83
04-26 18:03:43.583 D/Sensors (   83): activate handle=0; drv=0
04-26 18:03:43.593 D/Sensors (   83): Lis3dhSensor: Control set 1
04-26 18:03:43.593 D/Sensors (   83): Lis3dhSensor: mEnabled = 1
04-26 18:03:43.683 I/Gonk    (   83): Setting nice for pid 2128 to 18
04-26 18:03:43.683 I/Gonk    (   83): Changed nice for pid 2128 from 1 to 18.
04-26 18:03:44.513 W/WifiHW  (   83): wifi_command: SIGNAL_POLL
04-26 18:03:44.793 I/Gecko   ( 2136): ###################################### forms.js loaded
04-26 18:03:44.813 I/Gecko   ( 2136): ############################### browserElementPanning.js loaded
04-26 18:03:44.843 I/Gecko   ( 2136): ######################## BrowserElementChildPreload.js loaded
04-26 18:03:45.233 I/Gonk    (   83): Setting nice for pid 2203 to 18
04-26 18:03:45.243 I/Gonk    (   83): Changed nice for pid 2203 from 0 to 18.
04-26 18:03:47.613 E/GeckoConsole( 2136): [JavaScript Warning: "Error in parsing value for 'font'.  Declaration dropped." {file: "http://static.cnnexpansion.com/mobile/css/default.css?v=1.0.6" line: 315 column: 6 source: "	font:nomral 12px arial;"}]
04-26 18:03:47.633 E/GeckoConsole( 2136): [JavaScript Warning: "Error in parsing value for 'background'.  Declaration dropped." {file: "http://static.cnnexpansion.com/mobile/css/default.css?v=1.0.6" line: 487 column: 13 source: "	background: -webkit-gradient(linear, left top, left bottom, color-stop(0%,#f7f7f7), color-stop(100%,#d1d1d1)); /* Chrome,Safari4+ */"}]
04-26 18:03:47.683 E/GeckoConsole( 2136): [JavaScript Warning: "Error in parsing value for 'background'.  Declaration dropped." {file: "http://static.cnnexpansion.com/mobile/css/default.css?v=1.0.6" line: 488 column: 13 source: "	background: -webkit-linear-gradient(top,  #f7f7f7 0%,#d1d1d1 100%); /* Chrome10+,Safari5.1+ */"}]
04-26 18:03:47.693 E/GeckoConsole( 2136): [JavaScript Warning: "Error in parsing value for 'background'.  Declaration dropped." {file: "http://static.cnnexpansion.com/mobile/css/default.css?v=1.0.6" line: 489 column: 13 source: "	background: -o-linear-gradient(top,  #f7f7f7 0%,#d1d1d1 100%); /* Opera 11.10+ */"}]
04-26 18:03:47.693 E/GeckoConsole( 2136): [JavaScript Warning: "Error in parsing value for 'background'.  Declaration dropped." {file: "http://static.cnnexpansion.com/mobile/css/default.css?v=1.0.6" line: 490 column: 13 source: "	background: -ms-linear-gradient(top,  #f7f7f7 0%,#d1d1d1 100%); /* IE10+ */"}]
04-26 18:03:47.693 E/GeckoConsole( 2136): [JavaScript Warning: "Expected 'none' or URL but found 'progid'.  Error in parsing value for 'filter'.  Declaration dropped." {file: "http://static.cnnexpansion.com/mobile/css/default.css?v=1.0.6" line: 492 column: 9 source: "	filter: progid:DXImageTransform.Microsoft.gradient( startColorstr='#f7f7f7', endColorstr='#d1d1d1',GradientType=0 ); /* IE6-9 */"}]
04-26 18:03:47.703 E/GeckoConsole( 2136): [JavaScript Warning: "Selector expected.  Ruleset ignored due to bad selector." {file: "http://static.cnnexpansion.com/mobile/css/default.css?v=1.0.6" line: 559 column: 0 source: "//default cnn mexico"}]
04-26 18:03:47.703 E/GeckoConsole( 2136): [JavaScript Warning: "Unknown property 'box-sizing'.  Declaration dropped." {file: "http://static.cnnexpansion.com/mobile/css/default.css?v=1.0.6" line: 572 column: 11 source: " box-sizing:border-box; "}]
04-26 18:03:47.763 E/GeckoConsole( 2136): [JavaScript Warning: "Expected declaration but found '#'.  Skipped to next declaration." {file: "http://static.cnnexpansion.com/mobile/css/default.css?v=1.0.6" line: 825 column: 0 source: "#    border:1px solid #868686;"}]
04-26 18:03:47.763 E/GeckoConsole( 2136): [JavaScript Warning: "Error in parsing value for 'background'.  Declaration dropped." {file: "http://static.cnnexpansion.com/mobile/css/default.css?v=1.0.6" line: 1455 column: 12 source: "background: -webkit-gradient(linear, left top, left bottom, from(#7FAF6D), to(#56B233));"}]
04-26 18:03:47.783 E/GeckoConsole( 2136): [JavaScript Warning: "Unknown property '-moz-border-radius'.  Declaration dropped." {file: "http://static.cnnexpansion.com/mobile/css/default.css?v=1.0.6" line: 1462 column: 18 source: "-moz-border-radius: 3px;"}]
04-26 18:03:47.783 E/GeckoConsole( 2136): [JavaScript Warning: "Error in parsing value for 'background'.  Declaration dropped." {file: "http://static.cnnexpansion.com/mobile/css/default.css?v=1.0.6" line: 1472 column: 12 source: "background: -webkit-gradient(linear, left top, left bottom, from(#8D8F96), to(#75777F));"}]
04-26 18:03:47.783 E/GeckoConsole( 2136): [JavaScript Warning: "Unknown property '-moz-border-radius'.  Declaration dropped." {file: "http://static.cnnexpansion.com/mobile/css/default.css?v=1.0.6" line: 1479 column: 18 source: "-moz-border-radius: 3px;"}]
04-26 18:03:47.783 E/GeckoConsole( 2136): [JavaScript Warning: "Error in parsing value for 'overflow'.  Declaration dropped." {file: "http://static.cnnexpansion.com/mobile/css/default.css?v=1.0.6" line: 1601 column: 18 source: ".cxCont{ overflow:hissen;}"}]
04-26 18:03:47.783 E/GeckoConsole( 2136): [JavaScript Warning: "Error in parsing value for 'background'.  Declaration dropped." {file: "http://static.cnnexpansion.com/mobile/css/default.css?v=1.0.6" line: 1628 column: 12 source: "background: -webkit-gradient(linear, left top, left bottom, color-stop(0%,#f1f1f1), color-stop(100%,#a8a8a8)); /* Chrome,Safari4+ */"}]
04-26 18:03:47.783 E/GeckoConsole( 2136): [JavaScript Warning: "Error in parsing value for 'background'.  Declaration dropped." {file: "http://static.cnnexpansion.com/mobile/css/default.css?v=1.0.6" line: 1629 column: 12 source: "background: -webkit-linear-gradient(top,  #f1f1f1 0%,#a8a8a8 100%); /* Chrome10+,Safari5.1+ */"}]
04-26 18:03:47.783 E/GeckoConsole( 2136): [JavaScript Warning: "Error in parsing value for 'background'.  Declaration dropped." {file: "http://static.cnnexpansion.com/mobile/css/default.css?v=1.0.6" line: 1630 column: 12 source: "background: -o-linear-gradient(top,  #f1f1f1 0%,#a8a8a8 100%); /* Opera 11.10+ */"}]
04-26 18:03:47.783 E/GeckoConsole( 2136): [JavaScript Warning: "Error in parsing value for 'background'.  Declaration dropped." {file: "http://static.cnnexpansion.com/mobile/css/default.css?v=1.0.6" line: 1631 column: 12 source: "background: -ms-linear-gradient(top,  #f1f1f1 0%,#a8a8a8 100%); /* IE10+ */"}]
04-26 18:03:47.783 E/GeckoConsole( 2136): [JavaScript Warning: "Expected 'none' or URL but found 'progid'.  Error in parsing value for 'filter'.  Declaration dropped." {file: "http://static.cnnexpansion.com/mobile/css/default.css?v=1.0.6" line: 1633 column: 8 source: "filter: progid:DXImageTransform.Microsoft.gradient( startColorstr='#f1f1f1', endColorstr='#a8a8a8',GradientType=0 ); /* IE6-9 */"}]
04-26 18:03:47.913 D/Sensors (   83): SensorTMD2771::readEvents()======data_fd=54,count=16
04-26 18:03:47.913 D/Sensors (   83): SensorTMD2771::processEvent()=====code=40::value=12 
04-26 18:03:47.913 D/Sensors (   83): SensorTMD2771: mPendingEvents[Light].light = 12.000000
04-26 18:03:48.693 E/GeckoConsole( 2136): [JavaScript Warning: "Unknown property 'text-algin'.  Declaration dropped." {file: "http://m.cnnexpansion.com/" line: 0 column: 10 source: "text-algin:left;width:25%"}]
04-26 18:03:48.693 E/GeckoConsole( 2136): [JavaScript Warning: "Unknown property 'text-algin'.  Declaration dropped." {file: "http://m.cnnexpansion.com/" line: 0 column: 10 source: "text-algin:left"}]
04-26 18:03:48.693 E/GeckoConsole( 2136): [JavaScript Warning: "Unknown property 'text-algin'.  Declaration dropped." {file: "http://m.cnnexpansion.com/" line: 0 column: 10 source: "text-algin:center"}]
04-26 18:03:48.693 E/GeckoConsole( 2136): [JavaScript Warning: "Unknown property 'text-algin'.  Declaration dropped." {file: "http://m.cnnexpansion.com/" line: 0 column: 10 source: "text-algin:right"}]
04-26 18:03:48.693 E/GeckoConsole( 2136): [JavaScript Warning: "Unknown property 'text-algin'.  Declaration dropped." {file: "http://m.cnnexpansion.com/" line: 0 column: 10 source: "text-algin:left;width:25%"}]
04-26 18:03:48.693 E/GeckoConsole( 2136): [JavaScript Warning: "Unknown property 'text-algin'.  Declaration dropped." {file: "http://m.cnnexpansion.com/" line: 0 column: 10 source: "text-algin:left"}]
04-26 18:03:48.693 E/GeckoConsole( 2136): [JavaScript Warning: "Unknown property 'text-algin'.  Declaration dropped." {file: "http://m.cnnexpansion.com/" line: 0 column: 10 source: "text-algin:center"}]
04-26 18:03:48.693 E/GeckoConsole( 2136): [JavaScript Warning: "Unknown property 'text-algin'.  Declaration dropped." {file: "http://m.cnnexpansion.com/" line: 0 column: 10 source: "text-algin:right"}]
04-26 18:03:48.693 E/GeckoConsole( 2136): [JavaScript Warning: "Unknown property 'text-algin'.  Declaration dropped." {file: "http://m.cnnexpansion.com/" line: 0 column: 10 source: "text-algin:left;width:25%"}]
04-26 18:03:48.693 E/GeckoConsole( 2136): [JavaScript Warning: "Unknown property 'text-algin'.  Declaration dropped." {file: "http://m.cnnexpansion.com/" line: 0 column: 10 source: "text-algin:right"}]
04-26 18:03:48.693 E/GeckoConsole( 2136): [JavaScript Warning: "Unknown property 'text-algin'.  Declaration dropped." {file: "http://m.cnnexpansion.com/" line: 0 column: 10 source: "text-algin:left"}]
04-26 18:03:48.693 E/GeckoConsole( 2136): [JavaScript Warning: "Unknown property 'text-algin'.  Declaration dropped." {file: "http://m.cnnexpansion.com/" line: 0 column: 10 source: "text-algin:left"}]
04-26 18:03:48.693 E/GeckoConsole( 2136): [JavaScript Warning: "Unknown property 'text-algin'.  Declaration dropped." {file: "http://m.cnnexpansion.com/" line: 0 column: 10 source: "text-algin:left;width:25%"}]
04-26 18:03:48.693 E/GeckoConsole( 2136): [JavaScript Warning: "Unknown property 'text-algin'.  Declaration dropped." {file: "http://m.cnnexpansion.com/" line: 0 column: 10 source: "text-algin:right"}]
04-26 18:03:48.693 E/GeckoConsole( 2136): [JavaScript Warning: "Unknown property 'text-algin'.  Declaration dropped." {file: "http://m.cnnexpansion.com/" line: 0 column: 10 source: "text-algin:left"}]
04-26 18:03:48.693 E/GeckoConsole( 2136): [JavaScript Warning: "Unknown property 'text-algin'.  Declaration dropped." {file: "http://m.cnnexpansion.com/" line: 0 column: 10 source: "text-algin:left"}]
04-26 18:03:48.693 E/GeckoConsole( 2136): [JavaScript Warning: "Unknown property 'text-algin'.  Declaration dropped." {file: "http://m.cnnexpansion.com/" line: 0 column: 10 source: "text-algin:left;width:25%"}]
04-26 18:03:48.693 E/GeckoConsole( 2136): [JavaScript Warning: "Unknown property 'text-algin'.  Declaration dropped." {file: "http://m.cnnexpansion.com/" line: 0 column: 10 source: "text-algin:right"}]
04-26 18:03:48.693 E/GeckoConsole( 2136): [JavaScript Warning: "Unknown property 'text-algin'.  Declaration dropped." {file: "http://m.cnnexpansion.com/" line: 0 column: 10 source: "text-algin:left"}]
04-26 18:03:48.703 E/GeckoConsole( 2136): [JavaScript Warning: "Unknown property 'text-algin'.  Declaration dropped." {file: "http://m.cnnexpansion.com/" line: 0 column: 10 source: "text-algin:left"}]
04-26 18:03:48.703 E/GeckoConsole( 2136): [JavaScript Warning: "Unknown property 'text-algin'.  Declaration dropped." {file: "http://m.cnnexpansion.com/" line: 0 column: 10 source: "text-algin:left;width:25%"}]
04-26 18:03:48.703 E/GeckoConsole( 2136): [JavaScript Warning: "Unknown property 'text-algin'.  Declaration dropped." {file: "http://m.cnnexpansion.com/" line: 0 column: 10 source: "text-algin:right"}]
04-26 18:03:48.703 E/GeckoConsole( 2136): [JavaScript Warning: "Unknown property 'text-algin'.  Declaration dropped." {file: "http://m.cnnexpansion.com/" line: 0 column: 10 source: "text-algin:left"}]
04-26 18:03:48.703 E/GeckoConsole( 2136): [JavaScript Warning: "Unknown property 'text-algin'.  Declaration dropped." {file: "http://m.cnnexpansion.com/" line: 0 column: 10 source: "text-algin:left"}]
04-26 18:03:48.763 I/Gecko   (   83): 
04-26 18:03:48.763 I/Gecko   (   83): ###!!! [Parent][MessageChannel] Error: Channel error: cannot send/recv
04-26 18:03:48.763 I/Gecko   (   83): 
04-26 18:03:48.823 I/GeckoDump(   83): Crash reporter : Can't fetch app.reportCrashes. Exception: [Exception... "Component returned failure code: 0x8000ffff (NS_ERROR_UNEXPECTED) [nsIPrefBranch.getBoolPref]"  nsresult: "0x8000ffff (NS_ERROR_UNEXPECTED)"  location: "JS frame :: chrome://browser/content/shell.js :: shell_reportCrash :: line 7"  data: no]
04-26 18:03:48.833 I/Gecko   (   83): [Parent 83] WARNING: waitpid failed pid:2128 errno:10: file ../../../gecko/ipc/chromium/src/base/process_util_posix.cc, line 254
04-26 18:03:49.513 W/WifiHW  (   83): wifi_command: SIGNAL_POLL
04-26 18:03:50.833 I/Gecko   (   83): [Parent 83] WARNING: waitpid failed pid:2128 errno:10: file ../../../gecko/ipc/chromium/src/base/process_util_posix.cc, line 254
04-26 18:03:50.833 I/Gecko   (   83): [Parent 83] WARNING: Failed to deliver SIGKILL to 2128!(3).: file ../../../gecko/ipc/chromium/src/chrome/common/process_watcher_posix_sigchld.cc, line 118
04-26 18:03:54.473 E/GeckoConsole( 2136): [JavaScript Warning: "Unknown property 'box-sizing'.  Declaration dropped." {file: "http://m.cnnexpansion.com/" line: 0 column: 10 source: "box-sizing:border-box;-moz-box-sizing:border-box;-webkit-box-sizing:border-box;padding:1px;border:1px;display:block;width:4px;margin-top:1%;position:absolute;top:1%;"}]
04-26 18:03:54.513 W/WifiHW  (   83): wifi_command: SIGNAL_POLL
04-26 18:03:54.753 I/Gonk    (   83): Setting nice for pid 2203 to 18
04-26 18:03:54.753 I/Gonk    (   83): Changed nice for pid 2203 from 18 to 18.
04-26 18:03:54.763 I/Gecko   (   83): [Parent 83] WARNING: waitpid failed pid:2203 errno:10: file ../../../gecko/ipc/chromium/src/base/process_util_posix.cc, line 254
04-26 18:03:54.773 I/Gonk    (   83): Setting nice for pid 2203 to 1
04-26 18:03:54.773 I/Gonk    (   83): Changed nice for pid 2203 from 18 to 1.
04-26 18:03:54.783 I/Gonk    (   83): Setting nice for pid 2203 to 18
04-26 18:03:54.783 I/Gonk    (   83): Changed nice for pid 2203 from 1 to 18.
04-26 18:03:55.053 E/[Gralloc-ERROR](   83): int gralloc_unregister_buffer(const gralloc_module_t*, const native_handle_t*):274 Trying to unregister buffer 0x4434dfb0 from process 83 that was not created in current process: 83
04-26 18:03:55.063 E/GeckoConsole(   83): Content JS LOG at dummy file:326 in GaiaApps.launch/appOpen/<: app with origin 'http://m.cnnexpansion.com' has launched
04-26 18:03:55.063 I/Gecko   (   83): 1398560635070	Marionette	INFO	sendToClient: {"from":"0","value":{"frame":{"ELEMENT":"{7c70e7ba-be16-4ec1-aa45-f535d8f32ab7}"},"src":"http://m.cnnexpansion.com/webapp.html","name":"CNNExpansiÃ³n","origin":"http://m.cnnexpansion.com"}}, {857ba0bf-8976-41f3-a8e0-5351619d9e07}, {857ba0bf-8976-41f3-a8e0-5351619d9e07}
04-26 18:03:55.063 E/[Gralloc-ERROR](   83): int gralloc_unregister_buffer(const gralloc_module_t*, const native_handle_t*):274 Trying to unregister buffer 0x4470b330 from process 83 that was not created in current process: 83
04-26 18:03:55.063 E/[Gralloc-ERROR](   83): int gralloc_unregister_buffer(const gralloc_module_t*, const native_handle_t*):274 Trying to unregister buffer 0x4472e330 from process 83 that was not created in current process: 83
04-26 18:03:55.063 E/[Gralloc-ERROR](   83): int gralloc_unregister_buffer(const gralloc_module_t*, const native_handle_t*):274 Trying to unregister buffer 0x4470e290 from process 83 that was not created in current process: 83
04-26 18:03:55.083 I/Gecko   (   83): 1398560635094	Marionette	DEBUG	Got request: switchToFrame, data: {"to":"0","sessionId":"3-b2g","name":"switchToFrame","parameters":{"focus":true,"element":"{7c70e7ba-be16-4ec1-aa45-f535d8f32ab7}"}}, id: {02f9cb0a-aff6-4909-8d9d-0355d4117f0f}
04-26 18:03:55.093 I/Gecko   (   83): 1398560635105	Marionette	INFO	Switched to frame: {"frameValue":"{7c70e7ba-be16-4ec1-aa45-f535d8f32ab7}"}
04-26 18:03:55.113 I/Gecko   (   83): 1398560635121	Marionette	INFO	trying remote frame 0
04-26 18:03:55.113 I/Gecko   (   83): 1398560635122	Marionette	INFO	trying remote frame 1
04-26 18:03:55.113 I/Gecko   (   83): 1398560635123	Marionette	INFO	trying remote frame 2
04-26 18:03:55.113 I/Gecko   (   83): 1398560635124	Marionette	INFO	deleting frame
04-26 18:03:55.123 I/Gecko   (   83): 1398560635130	Marionette	INFO	frame-manager load script: [object ChromeMessageSender]
04-26 18:03:55.563 I/log     ( 2223): <4>0[ 779.113538] select 2203 ((Preallocated a), adj 8, size 3060, to kill 
04-26 18:03:55.843 D/Sensors (   83): SensorTMD2771::readEvents()======data_fd=54,count=16
04-26 18:03:55.843 D/Sensors (   83): SensorTMD2771::processEvent()=====code=40::value=15 
04-26 18:03:55.843 D/Sensors (   83): SensorTMD2771: mPendingEvents[Light].light = 15.000000
04-26 18:03:56.173 I/Gecko   (   83): 1398560636185	Marionette	INFO	sendToClient: {"from":"0","ok":true}, {02f9cb0a-aff6-4909-8d9d-0355d4117f0f}, {02f9cb0a-aff6-4909-8d9d-0355d4117f0f}
04-26 18:03:56.273 I/Gecko   (   83): 1398560636281	Marionette	INFO	sendToClient: {"from":"0","value":"http://m.cnnexpansion.com/webapp.html"}, {1dd32339-6fb8-45cf-9a9c-c2ada9d8e16d}, {1dd32339-6fb8-45cf-9a9c-c2ada9d8e16d}
04-26 18:03:56.313 I/Gecko   (   83): 1398560636319	Marionette	DEBUG	Got request: execute, data: {"to":"0","sessionId":"3-b2g","name":"executeScript","parameters":{"specialPowers":false,"scriptTimeout":null,"newSandbox":true,"args":[],"filename":"app_checker.py","script":"return window.document.readyState;","line":191}}, id: {899fa93c-38ea-49e8-af19-7b919c68c5f8}
04-26 18:03:56.353 I/Gecko   (   83): 
04-26 18:03:56.353 I/Gecko   (   83): ###!!! [Parent][MessageChannel] Error: Channel error: cannot send/recv
04-26 18:03:56.353 I/Gecko   (   83): 
04-26 18:03:56.433 I/GeckoDump(   83): Crash reporter : Can't fetch app.reportCrashes. Exception: [Exception... "Component returned failure code: 0x8000ffff (NS_ERROR_UNEXPECTED) [nsIPrefBranch.getBoolPref]"  nsresult: "0x8000ffff (NS_ERROR_UNEXPECTED)"  location: "JS frame :: chrome://browser/content/shell.js :: shell_reportCrash :: line 7"  data: no]
04-26 18:03:56.483 I/Gecko   (   83): [Parent 83] WARNING: waitpid failed pid:2203 errno:10: file ../../../gecko/ipc/chromium/src/base/process_util_posix.cc, line 254
04-26 18:03:56.483 I/Gecko   (   83): 1398560636497	Marionette	INFO	sendToClient: {"from":"0","value":"complete"}, {899fa93c-38ea-49e8-af19-7b919c68c5f8}, {899fa93c-38ea-49e8-af19-7b919c68c5f8}
04-26 18:03:56.503 I/Gecko   (   83): 1398560636513	Marionette	INFO	sendToClient: {"from":"0","value":"http://m.cnnexpansion.com/webapp.html"}, {a5828da7-0da0-4757-803b-daa56a2dff06}, {a5828da7-0da0-4757-803b-daa56a2dff06}
04-26 18:03:56.513 I/Gecko   ( 2136): Attempting load of libEGL.so
04-26 18:03:56.643 D/libEGL  ( 2136): loaded /system/lib/egl/libEGL_mali.so
04-26 18:03:56.663 D/libEGL  ( 2136): loaded /system/lib/egl/libGLESv1_CM_mali.so
04-26 18:03:56.663 D/libEGL  ( 2136): loaded /system/lib/egl/libGLESv2_mali.so
04-26 18:03:56.723 I/Gecko   ( 2136): SharedSurface_Gralloc::Create -------
04-26 18:03:56.773 I/Gecko   ( 2136): SharedSurface_Gralloc::Create: success -- surface 0x432b1a40, GraphicBuffer 0x440b5e80.
04-26 18:03:58.473 I/Gecko   (   83): 1398560638478	Marionette	INFO	sendToClient: {"from":"0","value":"iVBORw0KGgoAAAANSUhEUgAAAUAAAAHMCAYAAACk4nEJAAAgAElEQVR4nOydeVxVdf7/L2qpaWlNOfrL0bGxvSwry2ZsrGmZvmVp20xNm00zB9kUBEFQ0lxQUkFQAlFEcN9NRHEBBU0dAXdxyQWXQIXYL+u99/n743QPd+eCXMHu5/l4vB8Pzmc7n8/7nPO6n+UcPioEAoHASVG1dAUEAoGgpRACKBAInBYhgAKBwGkRAigQCJwWIYACgcBpEQIoEAicFiGAAoHAaRECKBAInBYhgAKBwGkRAigQCJwWIYACgcBpEQIoEAicFiGAAoHAaRECKBAInBYhgAKBwGkRAigQCJwWIYACgcBpEQIoEAicFiGAAoHAaRECKBAInBYhgAKBgyhcnwbHTrR0NQQ2EAIoEDiAkm37OfnAUM4+/g9qso+3dHUEVhACKHA6Luflk5yUTGJCInv37KO6prbJZZ0/f5nVq1aTmJBIclIyl/PyKVyfxskHhpLT9W/kdP0bRcGRzVh7QXMiBNDR1NaiOXaMmtgFqIe8T/kLgyju2UexmpXr0OacpvyTTynu3ZeSF16kJj4RqqqMitEVl1I1cTLFDz9G8cOPUTlmLLqrV43SlH/4McU9+1C3IFEpnxNnAFCpVA3a3Mi57Nq1CxcXF1QqFQFjAsyaU11dzbChw5Q8S5csxcfbx6yshx58iH9/9W82Jm2huLjEomvUlVU82PdB3hnyDhqNxqoLfbx9aN++PVFRUTbTGabX1yMxIVEJv3jxIl4eXrRv396orv2e7MeO1Azqfi37+NHjStzgwYPNys/PzycxIZGn+j1l1u6Bt/2O3V1eUsTvykdj0P5SrOQ9dOgQXbt25Y3X36CgoKDBtujTq1Qqvv7q6wbTCxqHEEBHUl1LlccoSh590kj0DK1qbizlb75jHN67L5UTvwWNVimqatpMinv3rU/zhw
04-26 18:03:58.503 I/Gecko   (   83): [Parent 83] WARNING: waitpid failed pid:2203 errno:10: file ../../../gecko/ipc/chromium/src/base/process_util_posix.cc, line 254
04-26 18:03:58.503 I/Gecko   (   83): [Parent 83] WARNING: Failed to deliver SIGKILL to 2203!(3).: file ../../../gecko/ipc/chromium/src/chrome/common/process_watcher_posix_sigchld.cc, line 118
04-26 18:03:58.833 I/Gecko   (   83): 1398560638841	Marionette	INFO	sendToClient: {"from":"0","ok":true}, {3d1790c3-eb56-41fc-b5d8-387c724b5343}, {3d1790c3-eb56-41fc-b5d8-387c724b5343}
04-26 18:03:58.843 I/Gecko   (   83): 1398560638851	Marionette	DEBUG	Got request: switchToFrame, data: {"to":"0","sessionId":"3-b2g","name":"switchToFrame","parameters":{"id":null,"focus":true}}, id: {6edb45c6-cf12-4d14-927f-d06a49c84056}
04-26 18:03:58.863 I/Gecko   (   83): 1398560638875	Marionette	INFO	Switched to frame: {"frameValue":null}
04-26 18:03:58.973 I/Gecko   (   83): 1398560638985	Marionette	INFO	sendToClient: {"from":"0","ok":true}, {6edb45c6-cf12-4d14-927f-d06a49c84056}, {6edb45c6-cf12-4d14-927f-d06a49c84056}
04-26 18:03:58.983 I/Gecko   (   83): 1398560638992	Marionette	DEBUG	Got request: executeWithCallback, data: {"to":"0","sessionId":"3-b2g","name":"executeAsyncScript","parameters":{"specialPowers":false,"scriptTimeout":null,"newSandbox":true,"args":[],"filename":"gaia_test.py","script":"return GaiaApps.displayedApp();","line":66}}, id: {6fb97146-0ded-4807-b0a3-efbe6f7bbd04}
04-26 18:03:59.143 I/Gecko   (   83): 1398560639149	Marionette	INFO	sendToClient: {"from":"0","value":{"frame":{"ELEMENT":"{7c70e7ba-be16-4ec1-aa45-f535d8f32ab7}"},"src":"http://m.cnnexpansion.com/webapp.html","name":"CNNExpansiÃ³n","origin":"http://m.cnnexpansion.com"}}, {6fb97146-0ded-4807-b0a3-efbe6f7bbd04}, {6fb97146-0ded-4807-b0a3-efbe6f7bbd04}
04-26 18:03:59.153 E/GeckoConsole(   83): Content JS LOG at dummy file:392 in GaiaApps.displayedApp: app with origin 'http://m.cnnexpansion.com' is displayed
04-26 18:03:59.153 I/Gecko   (   83): 1398560639167	Marionette	DEBUG	Got request: switchToFrame, data: {"to":"0","sessionId":"3-b2g","name":"switchToFrame","parameters":{"id":null,"focus":true}}, id: {dd1dd7b6-cc2a-4c38-b829-bfc56a84e637}
04-26 18:03:59.163 I/Gecko   (   83): 1398560639169	Marionette	INFO	Switched to frame: {"frameValue":null}
04-26 18:03:59.353 I/Gecko   (   83): 1398560639364	Marionette	INFO	sendToClient: {"from":"0","ok":true}, {dd1dd7b6-cc2a-4c38-b829-bfc56a84e637}, {dd1dd7b6-cc2a-4c38-b829-bfc56a84e637}
04-26 18:03:59.373 I/Gecko   (   83): 1398560639382	Marionette	DEBUG	Got request: execute, data: {"to":"0","sessionId":"3-b2g","name":"executeScript","parameters":{"specialPowers":false,"scriptTimeout":null,"newSandbox":true,"args":[],"filename":"gaia_test.py","script":"window.wrappedJSObject.dispatchEvent(new Event('home'));","line":788}}, id: {cf10d4be-c7cb-4cc3-88a4-dd69c0dc0b1f}
04-26 18:03:59.523 D/Sensors (   83): activate handle=0; drv=0
04-26 18:03:59.533 D/Sensors (   83): Lis3dhSensor: Control set 0
04-26 18:03:59.533 D/Sensors (   83): Lis3dhSensor: mEnabled = 0
04-26 18:03:59.693 I/Gonk    (   83): Setting nice for pid 2229 to 18
04-26 18:03:59.693 I/Gonk    (   83): Changed nice for pid 2229 from 0 to 18.
04-26 18:03:59.703 W/WifiHW  (   83): wifi_command: SIGNAL_POLL
04-26 18:03:59.753 I/Gecko   (   83): 1398560639758	Marionette	INFO	sendToClient: {"from":"0","value":null}, {cf10d4be-c7cb-4cc3-88a4-dd69c0dc0b1f}, {cf10d4be-c7cb-4cc3-88a4-dd69c0dc0b1f}
04-26 18:03:59.833 I/Gonk    (   83): Setting nice for pid 2229 to 18
04-26 18:03:59.833 I/Gonk    (   83): Changed nice for pid 2229 from 18 to 18.
04-26 18:03:59.833 I/Gecko   (   83): [Parent 83] WARNING: waitpid failed pid:2229 errno:10: file ../../../gecko/ipc/chromium/src/base/process_util_posix.cc, line 254
04-26 18:03:59.853 I/Gonk    (   83): Setting nice for pid 2229 to 1
04-26 18:03:59.853 I/Gonk    (   83): Changed nice for pid 2229 from 18 to 1.
04-26 18:03:59.943 I/Gecko   (   83): 1398560639948	Marionette	DEBUG	Got request: switchToFrame, data: {"to":"0","sessionId":"3-b2g","name":"switchToFrame","parameters":{"id":null,"focus":true}}, id: {f4fcb3a7-7dc4-4ec9-b291-65112bb37056}
04-26 18:03:59.943 I/Gecko   (   83): 1398560639950	Marionette	INFO	Switched to frame: {"frameValue":null}
04-26 18:04:00.043 I/Gecko   (   83): 1398560640054	Marionette	INFO	sendToClient: {"from":"0","ok":true}, {f4fcb3a7-7dc4-4ec9-b291-65112bb37056}, {f4fcb3a7-7dc4-4ec9-b291-65112bb37056}
04-26 18:04:00.053 I/Gecko   (   83): 1398560640061	Marionette	DEBUG	Got request: executeWithCallback, data: {"to":"0","sessionId":"3-b2g","name":"executeAsyncScript","parameters":{"specialPowers":false,"scriptTimeout":null,"newSandbox":true,"args":[],"filename":"gaia_test.py","script":"return GaiaApps.displayedApp();","line":66}}, id: {9c38eb46-e119-4381-a96b-57f49271f1f7}
04-26 18:04:00.123 I/Gecko   (   83): 1398560640134	Marionette	INFO	sendToClient: {"from":"0","value":{"frame":{"ELEMENT":"{4c40747a-d71c-45fb-914c-331eaef0b17b}"},"src":"app://homescreen.gaiamobile.org/index.html#root","name":"Homescreen","origin":"app://homescreen.gaiamobile.org"}}, {9c38eb46-e119-4381-a96b-57f49271f1f7}, {9c38eb46-e119-4381-a96b-57f49271f1f7}
04-26 18:04:00.133 E/GeckoConsole(   83): Content JS LOG at dummy file:392 in GaiaApps.displayedApp: app with origin 'app://homescreen.gaiamobile.org' is displayed
04-26 18:04:00.143 I/Gecko   (   83): 1398560640149	Marionette	DEBUG	Got request: switchToFrame, data: {"to":"0","sessionId":"3-b2g","name":"switchToFrame","parameters":{"id":null,"focus":true}}, id: {ccfe251a-04db-42bb-8c28-a94046a23d78}
04-26 18:04:00.143 I/Gecko   (   83): 1398560640151	Marionette	INFO	Switched to frame: {"frameValue":null}
04-26 18:04:00.253 I/Gecko   (   83): 1398560640257	Marionette	INFO	sendToClient: {"from":"0","ok":true}, {ccfe251a-04db-42bb-8c28-a94046a23d78}, {ccfe251a-04db-42bb-8c28-a94046a23d78}
04-26 18:04:00.263 I/Gecko   (   83): 1398560640265	Marionette	DEBUG	Got request: switchToFrame, data: {"to":"0","sessionId":"3-b2g","name":"switchToFrame","parameters":{"id":null,"focus":true}}, id: {23161fcc-2f1e-46f4-90e2-817c8065c13c}
04-26 18:04:00.393 I/Gecko   (   83): 1398560640402	Marionette	INFO	Switched to frame: {"frameValue":null}
04-26 18:04:00.493 I/Gecko   (   83): 1398560640504	Marionette	INFO	sendToClient: {"from":"0","ok":true}, {23161fcc-2f1e-46f4-90e2-817c8065c13c}, {23161fcc-2f1e-46f4-90e2-817c8065c13c}
04-26 18:04:00.503 I/Gecko   (   83): 1398560640512	Marionette	DEBUG	Got request: executeWithCallback, data: {"to":"0","sessionId":"3-b2g","name":"executeAsyncScript","parameters":{"specialPowers":false,"scriptTimeout":null,"newSandbox":true,"args":[],"filename":"gaia_test.py","script":"return GaiaApps.displayedApp();","line":66}}, id: {c99e84f8-f359-4deb-95da-d8863099425f}
04-26 18:04:00.753 I/Gecko   (   83): 1398560640764	Marionette	INFO	sendToClient: {"from":"0","value":{"frame":{"ELEMENT":"{4c40747a-d71c-45fb-914c-331eaef0b17b}"},"src":"app://homescreen.gaiamobile.org/index.html#root","name":"Homescreen","origin":"app://homescreen.gaiamobile.org"}}, {c99e84f8-f359-4deb-95da-d8863099425f}, {c99e84f8-f359-4deb-95da-d8863099425f}
04-26 18:04:00.753 E/GeckoConsole(   83): Content JS LOG at dummy file:392 in GaiaApps.displayedApp: app with origin 'app://homescreen.gaiamobile.org' is displayed
04-26 18:04:00.893 E/[Gralloc-ERROR](   83): int gralloc_register_buffer(const gralloc_module_t*, const native_handle_t*):79 Unable to register handle 0x43cb96f0 coming from different process: 83
04-26 18:04:00.893 E/[Gralloc-ERROR](   83): int gralloc_register_buffer(const gralloc_module_t*, const native_handle_t*):79 Unable to register handle 0x43cb9790 coming from different process: 83
04-26 18:04:01.013 D/Sensors (   83): SensorTMD2771::readEvents()======data_fd=54,count=16
04-26 18:04:01.013 D/Sensors (   83): SensorTMD2771::processEvent()=====code=40::value=18 
04-26 18:04:01.013 D/Sensors (   83): SensorTMD2771: mPendingEvents[Light].light = 18.000000
04-26 18:04:01.523 E/[Gralloc-ERROR](   83): int gralloc_unregister_buffer(const gralloc_module_t*, const native_handle_t*):274 Trying to unregister buffer 0x43cb9790 from process 83 that was not created in current process: 83
04-26 18:04:01.563 I/Gecko   (   83): 1398560641559	Marionette	DEBUG	Got request: switchToFrame, data: {"to":"0","sessionId":"3-b2g","name":"switchToFrame","parameters":{"focus":true,"element":"{4c40747a-d71c-45fb-914c-331eaef0b17b}"}}, id: {0bfd3edc-eed2-4b92-b3a5-b6594f2660b7}
04-26 18:04:01.573 E/[Gralloc-ERROR](   83): int gralloc_unregister_buffer(const gralloc_module_t*, const native_handle_t*):274 Trying to unregister buffer 0x43cb96f0 from process 83 that was not created in current process: 83
04-26 18:04:01.573 I/Gecko   (   83): 1398560641584	Marionette	INFO	Switched to frame: {"frameValue":"{4c40747a-d71c-45fb-914c-331eaef0b17b}"}
04-26 18:04:01.583 I/Gecko   (   83): 1398560641595	Marionette	INFO	trying remote frame 0
04-26 18:04:01.603 I/Gecko   (   83): 1398560641608	Marionette	INFO	trying remote frame 1
04-26 18:04:01.603 I/Gecko   (   83): 1398560641610	Marionette	INFO	trying remote frame 2
04-26 18:04:01.603 I/Gecko   (   83): 1398560641611	Marionette	INFO	deleting frame
04-26 18:04:01.603 I/Gecko   (   83): 1398560641616	Marionette	INFO	frame-manager load script: [object ChromeMessageSender]
04-26 18:04:01.883 I/Gonk    (   83): Setting nice for pid 2136 to 18
04-26 18:04:01.883 I/Gonk    (   83): Changed nice for pid 2136 from 1 to 18.
04-26 18:04:02.653 I/Gecko   (   83): 
04-26 18:04:02.653 I/Gecko   (   83): ###!!! [Parent][MessageChannel] Error: Channel error: cannot send/recv
04-26 18:04:02.653 I/Gecko   (   83): 
04-26 18:04:02.723 I/GeckoDump(   83): Crash reporter : Can't fetch app.reportCrashes. Exception: [Exception... "Component returned failure code: 0x8000ffff (NS_ERROR_UNEXPECTED) [nsIPrefBranch.getBoolPref]"  nsresult: "0x8000ffff (NS_ERROR_UNEXPECTED)"  location: "JS frame :: chrome://browser/content/shell.js :: shell_reportCrash :: line 7"  data: no]
04-26 18:04:02.743 I/Gecko   (   83): [Parent 83] WARNING: waitpid failed pid:2136 errno:10: file ../../../gecko/ipc/chromium/src/base/process_util_posix.cc, line 254
04-26 18:04:02.933 I/Gecko   ( 2229): ###################################### forms.js loaded
04-26 18:04:02.943 I/Gecko   ( 2229): ############################### browserElementPanning.js loaded
04-26 18:04:02.973 I/Gecko   ( 2229): ######################## BrowserElementChildPreload.js loaded
04-26 18:04:03.773 I/Gecko   (   83): 1398560643778	Marionette	INFO	sendToClient: {"from":"0","ok":true}, {0bfd3edc-eed2-4b92-b3a5-b6594f2660b7}, {0bfd3edc-eed2-4b92-b3a5-b6594f2660b7}
04-26 18:04:03.983 I/Gecko   (   83): 1398560643991	Marionette	INFO	sendToClient: {"from":"0","value":"app://homescreen.gaiamobile.org/index.html#root"}, {11bc1e22-3654-493a-bc4f-3ae72bc30d8c}, {11bc1e22-3654-493a-bc4f-3ae72bc30d8c}
04-26 18:04:04.003 I/Gecko   (   83): 1398560644012	Marionette	DEBUG	Got request: switchToFrame, data: {"to":"0","sessionId":"3-b2g","name":"switchToFrame","parameters":{"id":null,"focus":true}}, id: {1314119c-e230-42a3-9424-5911843df719}
04-26 18:04:04.033 I/Gecko   (   83): 1398560644040	Marionette	INFO	Switched to frame: {"frameValue":null}
04-26 18:04:04.133 I/Gecko   (   83): 1398560644142	Marionette	INFO	sendToClient: {"from":"0","ok":true}, {1314119c-e230-42a3-9424-5911843df719}, {1314119c-e230-42a3-9424-5911843df719}
04-26 18:04:04.143 I/Gecko   (   83): 1398560644151	Marionette	DEBUG	Got request: switchToFrame, data: {"to":"0","sessionId":"3-b2g","name":"switchToFrame","parameters":{"id":null,"focus":true}}, id: {2ffd2a89-08e7-4282-9f06-df684fd6be4c}
04-26 18:04:04.143 I/Gecko   (   83): 1398560644153	Marionette	INFO	Switched to frame: {"frameValue":null}
04-26 18:04:04.253 I/Gecko   (   83): 1398560644260	Marionette	INFO	sendToClient: {"from":"0","ok":true}, {2ffd2a89-08e7-4282-9f06-df684fd6be4c}, {2ffd2a89-08e7-4282-9f06-df684fd6be4c}
04-26 18:04:04.253 I/Gecko   (   83): 1398560644267	Marionette	DEBUG	Got request: executeWithCallback, data: {"to":"0","sessionId":"3-b2g","name":"executeAsyncScript","parameters":{"specialPowers":false,"scriptTimeout":null,"newSandbox":true,"args":[],"filename":"gaia_test.py","script":"GaiaApps.killAll()","line":91}}, id: {68e5801f-a92a-4f69-b62d-8051afc49291}
04-26 18:04:04.333 I/Gecko   (   83): 1398560644338	Marionette	INFO	sendToClient: {"from":"0","value":true}, {68e5801f-a92a-4f69-b62d-8051afc49291}, {68e5801f-a92a-4f69-b62d-8051afc49291}
