04-25 21:58:39.120 I/log     ( 1470): <4>0[ 586.200656] select 1457 ((Preallocated a), adj 8, size 3067, to kill 
04-25 21:58:39.630 I/Gecko   (   83): 
04-25 21:58:39.630 I/Gecko   (   83): ###!!! [Parent][MessageChannel] Error: Channel error: cannot send/recv
04-25 21:58:39.630 I/Gecko   (   83): 
04-25 21:58:39.800 I/Gecko   (   83): [Parent 83] WARNING: waitpid failed pid:1457 errno:10: file ../../../gecko/ipc/chromium/src/base/process_util_posix.cc, line 254
04-25 21:58:40.510 W/WifiHW  (   83): wifi_command: SIGNAL_POLL
04-25 21:58:40.550 I/Gecko   (   83): 1398488320570	Marionette	INFO	sendToClient: {"from":"0","ok":true}, {6ee9e328-e92e-4ec3-8557-17a53b126deb}, {6ee9e328-e92e-4ec3-8557-17a53b126deb}
04-25 21:58:40.650 I/Gecko   (   83): 1398488320664	Marionette	INFO	sendToClient: {"from":"0","value":"http://subcoloredcats.dseffects.com/ColoredCats.php?pid=6900"}, {85629649-2115-49c6-ba04-9cc2bf3ab455}, {85629649-2115-49c6-ba04-9cc2bf3ab455}
04-25 21:58:40.660 I/Gecko   (   83): 1398488320672	Marionette	DEBUG	Got request: execute, data: {"to":"0","sessionId":"3-b2g","name":"executeScript","parameters":{"specialPowers":false,"scriptTimeout":null,"newSandbox":true,"args":[],"filename":"app_checker.py","script":"return window.document.readyState;","line":191}}, id: {65aead41-af5e-42a3-a0e6-37bbb9089625}
04-25 21:58:40.770 I/Gecko   (   83): 1398488320782	Marionette	INFO	sendToClient: {"from":"0","value":"complete"}, {65aead41-af5e-42a3-a0e6-37bbb9089625}, {65aead41-af5e-42a3-a0e6-37bbb9089625}
04-25 21:58:40.890 I/Gecko   (   83): 1398488320907	Marionette	INFO	sendToClient: {"from":"0","value":"http://subcoloredcats.dseffects.com/ColoredCats.php?pid=6900"}, {cc1af39e-c2e6-45f2-9df2-0e1f032c3d4c}, {cc1af39e-c2e6-45f2-9df2-0e1f032c3d4c}
04-25 21:58:40.990 I/Gecko   ( 1408): Attempting load of libEGL.so
04-25 21:58:41.080 D/libEGL  ( 1408): loaded /system/lib/egl/libEGL_mali.so
04-25 21:58:41.090 D/libEGL  ( 1408): loaded /system/lib/egl/libGLESv1_CM_mali.so
04-25 21:58:41.100 D/libEGL  ( 1408): loaded /system/lib/egl/libGLESv2_mali.so
04-25 21:58:41.170 I/Gecko   ( 1408): SharedSurface_Gralloc::Create -------
04-25 21:58:41.200 I/Gecko   ( 1408): SharedSurface_Gralloc::Create: success -- surface 0x44981200, GraphicBuffer 0x447f1280.
04-25 21:58:41.730 I/Gonk    (   83): Setting nice for pid 1474 to 18
04-25 21:58:41.730 I/Gonk    (   83): Changed nice for pid 1474 from 0 to 18.
04-25 21:58:41.800 I/Gecko   (   83): [Parent 83] WARNING: waitpid failed pid:1457 errno:10: file ../../../gecko/ipc/chromium/src/base/process_util_posix.cc, line 254
04-25 21:58:41.800 I/Gecko   (   83): [Parent 83] WARNING: Failed to deliver SIGKILL to 1457!(3).: file ../../../gecko/ipc/chromium/src/chrome/common/process_watcher_posix_sigchld.cc, line 118
04-25 21:58:42.630 I/Gecko   (   83): 1398488322631	Marionette	INFO	sendToClient: {"from":"0","value":"iVBORw0KGgoAAAANSUhEUgAAAUAAAAHMCAYAAACk4nEJAAAgAElEQVR4nOydd1xV5R+AKUvJiSNHpTnSHOXKheIiLbXUtNScpaa5s6wcuMWF5kwtZ5qIirhxpOBA0UoxVLYMQbwCwmXec/fz++Nc4DIugmK/9L7P5/P9XO655573rPvw7mODQCAQWCk2/+8dEAgEgv8XQoACgcBq+c8IMCwMQkPzLr95E9zd4c4dy+sUhbt34datJ9uGQCB4PiiUAE+ehL17LX9+/LgsqSehc2do2zbnshkzwMYGypeHlSvzX6eofPEFVK78ZNsQCATPB4US4Ny5sohCQvJ+lpICtrayWJ6EkydlkWYSHw8vvggTJ1pe53EQAhQIBJkUSoDh4fDCCzB/ft7PduyQ5XjuXPHu2JUr8nYPHy7e7QoBCgSCTLIEGBQEK1aAn1/+K3bsCG+/nXd59+7w5ptgNGYvi4uDpUthwgRYtQqSk7M/27wZfHzkdL75BgID5eV794Krq/y3t7ec87OxgVGjZMnmXqcwaYFc3zd9OkydChcvCgEKBIJssgTYoQO8/npegWSydasspGvXspc9eAAlSsCcOdnLAgOhalV46y0YMgSqV4f69SEjQ/78zTehXTu5Xq9WLbh9W15uXr+3dassXBsbed0pU/KuU5i0Ll2CkiWhRg345BOoWVP+WwhQIBAA2Bw4AHv2yLI5dszyiikpULo0TJuWvWzdOvl7d+5kL2vfPqeE7t6FUqXk3BnIAqxaFSIjc24/t9x8fPLuU+51HpVW585QuzYkJsrvlUpo2FAIUCAQyNjUrSvnjIYOffTKQ4fCG2+AwSC/b9cOHByyP4+JkaU1caJcpM6MRo1gwAB5nTffhEGD8m67qAJ8VFpKpfz5vHk50xFFYIHgv0l6ejohISFcuXKFc+fO4enpiYeHBx4eHnh6enLu3DmuXLlCSE
04-25 21:58:43.130 I/Gecko   (   83): 1398488323141	Marionette	INFO	sendToClient: {"from":"0","ok":true}, {d2a81744-025f-41c5-846e-e6810eb09188}, {d2a81744-025f-41c5-846e-e6810eb09188}
04-25 21:58:43.140 I/Gecko   (   83): 1398488323151	Marionette	DEBUG	Got request: switchToFrame, data: {"to":"0","sessionId":"3-b2g","name":"switchToFrame","parameters":{"id":null,"focus":true}}, id: {cd999755-d5b7-49db-bf73-707ef0a898fc}
04-25 21:58:43.260 I/Gecko   (   83): 1398488323278	Marionette	INFO	Switched to frame: {"frameValue":null}
04-25 21:58:43.420 I/Gecko   (   83): 1398488323436	Marionette	INFO	sendToClient: {"from":"0","ok":true}, {cd999755-d5b7-49db-bf73-707ef0a898fc}, {cd999755-d5b7-49db-bf73-707ef0a898fc}
04-25 21:58:43.430 I/Gecko   (   83): 1398488323444	Marionette	DEBUG	Got request: executeWithCallback, data: {"to":"0","sessionId":"3-b2g","name":"executeAsyncScript","parameters":{"specialPowers":false,"scriptTimeout":null,"newSandbox":true,"args":[],"filename":"gaia_test.py","script":"return GaiaApps.displayedApp();","line":66}}, id: {108adbdf-8e09-47b8-8f2a-cd2bb59277f1}
04-25 21:58:44.290 E/GeckoConsole(   83): Content JS LOG at dummy file:392 in GaiaApps.displayedApp: app with origin 'http://subcoloredcats.dseffects.com' is displayed
04-25 21:58:46.720 I/Gecko   ( 1408): [SharedSurface_Gralloc 0x44981200] destroyed
04-25 21:58:48.010 E/Profiler(   83): BPUnw: [1 total] thread_unregister_for_profiling(me=0x4cb008)  (NOT REGISTERED) 
04-25 21:58:48.020 E/Profiler(   83): BPUnw: [1 total] thread_unregister_for_profiling(me=0x4e2220)  (NOT REGISTERED) 
04-25 21:58:48.290 E/Profiler(   83): BPUnw: [1 total] thread_unregister_for_profiling(me=0x4cae08)  (NOT REGISTERED) 
04-25 21:58:48.310 E/Profiler(   83): BPUnw: [1 total] thread_unregister_for_profiling(me=0x4e1e18)  (NOT REGISTERED) 
04-25 21:58:49.260 I/GonkMemoryPressure( 1408): Checking to see if memory pressure is over.
04-25 21:58:49.260 I/GonkMemoryPressure(   83): Checking to see if memory pressure is over.
04-25 21:58:49.260 I/GonkMemoryPressure(   83): Memory pressure is over.
04-25 21:58:49.260 I/GonkMemoryPressure( 1474): Checking to see if memory pressure is over.
04-25 21:58:49.260 I/GonkMemoryPressure( 1474): Memory pressure is over.
04-25 21:58:49.280 I/GonkMemoryPressure( 1408): Memory pressure is over.
04-25 21:58:52.650 I/Gecko   (   83): 1398488332667	Marionette	INFO	sendToClient: {"from":"0","value":{"frame":{"ELEMENT":"{9868e399-d8f2-4874-a1dc-8277bddfb46d}"},"src":"http://subcoloredcats.dseffects.com/ColoredCats.php?pid=6900","name":"ColoredCats","origin":"http://subcoloredcats.dseffects.com"}}, {108adbdf-8e09-47b8-8f2a-cd2bb59277f1}, {108adbdf-8e09-47b8-8f2a-cd2bb59277f1}
04-25 21:58:53.100 W/WifiHW  (   83): wifi_command: SIGNAL_POLL
04-25 21:58:53.250 E/Profiler(   83): BPUnw: [1 total] thread_unregister_for_profiling(me=0x4d2708)  (NOT REGISTERED) 
04-25 21:58:53.660 I/Gecko   (   83): 1398488333672	Marionette	DEBUG	Got request: switchToFrame, data: {"to":"0","sessionId":"3-b2g","name":"switchToFrame","parameters":{"id":null,"focus":true}}, id: {d9273e0a-3c7e-4b56-b6d9-f1ebc5d8c747}
04-25 21:58:53.680 I/Gecko   (   83): 1398488333696	Marionette	INFO	Switched to frame: {"frameValue":null}
04-25 21:58:53.800 I/Gecko   (   83): 1398488333819	Marionette	INFO	sendToClient: {"from":"0","ok":true}, {d9273e0a-3c7e-4b56-b6d9-f1ebc5d8c747}, {d9273e0a-3c7e-4b56-b6d9-f1ebc5d8c747}
04-25 21:58:53.810 I/Gecko   (   83): 1398488333827	Marionette	DEBUG	Got request: execute, data: {"to":"0","sessionId":"3-b2g","name":"executeScript","parameters":{"specialPowers":false,"scriptTimeout":null,"newSandbox":true,"args":[],"filename":"gaia_test.py","script":"window.wrappedJSObject.dispatchEvent(new Event('home'));","line":788}}, id: {9f128f4e-7693-412e-9c26-6e05dc7b1fe5}
04-25 21:58:54.290 I/Gonk    (   83): Setting nice for pid 1474 to 18
04-25 21:58:54.290 I/Gonk    (   83): Changed nice for pid 1474 from 18 to 18.
04-25 21:58:54.290 I/Gecko   (   83): [Parent 83] WARNING: waitpid failed pid:1474 errno:10: file ../../../gecko/ipc/chromium/src/base/process_util_posix.cc, line 254
04-25 21:58:54.290 I/Gonk    (   83): Setting nice for pid 1474 to 1
04-25 21:58:54.290 I/Gonk    (   83): Changed nice for pid 1474 from 18 to 1.
04-25 21:58:54.320 D/Sensors (   83): activate handle=0; drv=0
04-25 21:58:54.320 D/Sensors (   83): Lis3dhSensor: Control set 0
04-25 21:58:54.320 D/Sensors (   83): Lis3dhSensor: mEnabled = 0
04-25 21:58:54.410 I/Gecko   (   83): 1398488334425	Marionette	INFO	sendToClient: {"from":"0","value":null}, {9f128f4e-7693-412e-9c26-6e05dc7b1fe5}, {9f128f4e-7693-412e-9c26-6e05dc7b1fe5}
04-25 21:58:54.420 I/Gecko   (   83): 1398488334437	Marionette	DEBUG	Got request: switchToFrame, data: {"to":"0","sessionId":"3-b2g","name":"switchToFrame","parameters":{"id":null,"focus":true}}, id: {d3f2f36e-4198-4359-ab3e-97995b19eae1}
04-25 21:58:54.430 I/Gecko   (   83): 1398488334442	Marionette	INFO	Switched to frame: {"frameValue":null}
04-25 21:58:54.530 I/Gecko   (   83): 1398488334547	Marionette	INFO	sendToClient: {"from":"0","ok":true}, {d3f2f36e-4198-4359-ab3e-97995b19eae1}, {d3f2f36e-4198-4359-ab3e-97995b19eae1}
04-25 21:58:54.540 I/Gecko   (   83): 1398488334554	Marionette	DEBUG	Got request: executeWithCallback, data: {"to":"0","sessionId":"3-b2g","name":"executeAsyncScript","parameters":{"specialPowers":false,"scriptTimeout":null,"newSandbox":true,"args":[],"filename":"gaia_test.py","script":"return GaiaApps.displayedApp();","line":66}}, id: {c0c667d7-8227-4a65-995f-943b08c90c35}
04-25 21:58:54.680 E/GeckoConsole(   83): Content JS LOG at dummy file:392 in GaiaApps.displayedApp: app with origin 'app://homescreen.gaiamobile.org' is displayed
04-25 21:58:54.690 I/Gecko   (   83): 1398488334701	Marionette	INFO	sendToClient: {"from":"0","value":{"frame":{"ELEMENT":"{11ddceb4-0e49-41c0-ae09-d8ab5029f52a}"},"src":"app://homescreen.gaiamobile.org/index.html#root","name":"Homescreen","origin":"app://homescreen.gaiamobile.org"}}, {c0c667d7-8227-4a65-995f-943b08c90c35}, {c0c667d7-8227-4a65-995f-943b08c90c35}
04-25 21:58:54.700 I/Gecko   (   83): 1398488334718	Marionette	DEBUG	Got request: switchToFrame, data: {"to":"0","sessionId":"3-b2g","name":"switchToFrame","parameters":{"id":null,"focus":true}}, id: {9e93329f-c90f-41cf-8ab7-f53f33756240}
04-25 21:58:54.710 I/Gecko   (   83): 1398488334720	Marionette	INFO	Switched to frame: {"frameValue":null}
04-25 21:58:54.810 I/Gecko   (   83): 1398488334822	Marionette	INFO	sendToClient: {"from":"0","ok":true}, {9e93329f-c90f-41cf-8ab7-f53f33756240}, {9e93329f-c90f-41cf-8ab7-f53f33756240}
04-25 21:58:54.810 I/Gecko   (   83): 1398488334829	Marionette	DEBUG	Got request: switchToFrame, data: {"to":"0","sessionId":"3-b2g","name":"switchToFrame","parameters":{"id":null,"focus":true}}, id: {dc9cc541-8895-4126-8556-67041a0c267b}
04-25 21:58:54.830 I/Gecko   (   83): 1398488334841	Marionette	INFO	Switched to frame: {"frameValue":null}
04-25 21:58:54.930 I/Gecko   (   83): 1398488334944	Marionette	INFO	sendToClient: {"from":"0","ok":true}, {dc9cc541-8895-4126-8556-67041a0c267b}, {dc9cc541-8895-4126-8556-67041a0c267b}
04-25 21:58:54.940 I/Gecko   (   83): 1398488334950	Marionette	DEBUG	Got request: executeWithCallback, data: {"to":"0","sessionId":"3-b2g","name":"executeAsyncScript","parameters":{"specialPowers":false,"scriptTimeout":null,"newSandbox":true,"args":[],"filename":"gaia_test.py","script":"return GaiaApps.displayedApp();","line":66}}, id: {b5c0ffba-c74d-4a56-861b-fac61e912da3}
04-25 21:58:55.010 I/Gecko   (   83): 1398488335024	Marionette	INFO	sendToClient: {"from":"0","value":{"frame":{"ELEMENT":"{11ddceb4-0e49-41c0-ae09-d8ab5029f52a}"},"src":"app://homescreen.gaiamobile.org/index.html#root","name":"Homescreen","origin":"app://homescreen.gaiamobile.org"}}, {b5c0ffba-c74d-4a56-861b-fac61e912da3}, {b5c0ffba-c74d-4a56-861b-fac61e912da3}
04-25 21:58:55.020 E/GeckoConsole(   83): Content JS LOG at dummy file:392 in GaiaApps.displayedApp: app with origin 'app://homescreen.gaiamobile.org' is displayed
04-25 21:58:55.030 I/Gecko   (   83): 1398488335042	Marionette	DEBUG	Got request: switchToFrame, data: {"to":"0","sessionId":"3-b2g","name":"switchToFrame","parameters":{"focus":true,"element":"{11ddceb4-0e49-41c0-ae09-d8ab5029f52a}"}}, id: {b96d6bf2-54bf-4a19-b7e4-633e031b6869}
04-25 21:58:55.050 I/Gecko   (   83): 1398488335069	Marionette	INFO	Switched to frame: {"frameValue":"{11ddceb4-0e49-41c0-ae09-d8ab5029f52a}"}
04-25 21:58:55.060 I/Gecko   (   83): 1398488335074	Marionette	INFO	trying remote frame 0
04-25 21:58:55.080 I/Gecko   (   83): 1398488335091	Marionette	INFO	trying remote frame 1
04-25 21:58:55.090 I/Gecko   (   83): 1398488335107	Marionette	INFO	frame-manager load script: [object ChromeMessageSender]
04-25 21:58:57.860 I/Gonk    (   83): Setting nice for pid 1408 to 18
04-25 21:58:57.880 I/Gonk    (   83): Changed nice for pid 1408 from 1 to 18.
04-25 21:58:58.080 I/log     ( 1490): <4>0[ 605.028386] select 1408 (ColoredCats), adj 10, size 8737, to kill 
04-25 21:58:58.190 W/WifiHW  (   83): wifi_command: SIGNAL_POLL
04-25 21:58:58.630 I/Gecko   (   83): 
04-25 21:58:58.630 I/Gecko   (   83): ###!!! [Parent][MessageChannel] Error: Channel error: cannot send/recv
04-25 21:58:58.630 I/Gecko   (   83): 
04-25 21:58:58.770 I/Gecko   (   83): [Parent 83] WARNING: waitpid failed pid:1408 errno:10: file ../../../gecko/ipc/chromium/src/base/process_util_posix.cc, line 254
04-25 21:58:59.000 I/Gecko   ( 1474): ###################################### forms.js loaded
04-25 21:58:59.030 I/Gecko   ( 1474): ############################### browserElementPanning.js loaded
04-25 21:58:59.070 I/Gecko   ( 1474): ######################## BrowserElementChildPreload.js loaded
04-25 21:58:59.510 I/Gonk    (   83): Setting nice for pid 1494 to 18
04-25 21:58:59.510 I/Gonk    (   83): Changed nice for pid 1494 from 0 to 18.
04-25 21:59:00.400 I/Gecko   (   83): 1398488340411	Marionette	INFO	sendToClient: {"from":"0","ok":true}, {b96d6bf2-54bf-4a19-b7e4-633e031b6869}, {b96d6bf2-54bf-4a19-b7e4-633e031b6869}
04-25 21:59:00.780 I/Gecko   (   83): [Parent 83] WARNING: waitpid failed pid:1408 errno:10: file ../../../gecko/ipc/chromium/src/base/process_util_posix.cc, line 254
04-25 21:59:00.780 I/Gecko   (   83): [Parent 83] WARNING: Failed to deliver SIGKILL to 1408!(3).: file ../../../gecko/ipc/chromium/src/chrome/common/process_watcher_posix_sigchld.cc, line 118
04-25 21:59:00.810 I/Gecko   (   83): 1398488340824	Marionette	INFO	sendToClient: {"from":"0","value":"app://homescreen.gaiamobile.org/index.html#root"}, {6e01292c-852c-43a0-b30d-22ad11cef12d}, {6e01292c-852c-43a0-b30d-22ad11cef12d}
04-25 21:59:00.840 I/Gecko   (   83): 1398488340854	Marionette	DEBUG	Got request: switchToFrame, data: {"to":"0","sessionId":"3-b2g","name":"switchToFrame","parameters":{"id":null,"focus":true}}, id: {4c46c194-3142-41c6-aaa3-19183e481f2f}
04-25 21:59:01.180 I/Gecko   (   83): 1398488341195	Marionette	INFO	Switched to frame: {"frameValue":null}
04-25 21:59:01.300 I/Gecko   (   83): 1398488341315	Marionette	INFO	sendToClient: {"from":"0","ok":true}, {4c46c194-3142-41c6-aaa3-19183e481f2f}, {4c46c194-3142-41c6-aaa3-19183e481f2f}
04-25 21:59:01.330 I/Gecko   (   83): 1398488341342	Marionette	DEBUG	Got request: switchToFrame, data: {"to":"0","sessionId":"3-b2g","name":"switchToFrame","parameters":{"id":null,"focus":true}}, id: {1cd885f7-5f10-4e73-9880-5009be2f3b06}
04-25 21:59:01.330 I/Gecko   (   83): 1398488341344	Marionette	INFO	Switched to frame: {"frameValue":null}
04-25 21:59:01.430 I/Gecko   (   83): 1398488341448	Marionette	INFO	sendToClient: {"from":"0","ok":true}, {1cd885f7-5f10-4e73-9880-5009be2f3b06}, {1cd885f7-5f10-4e73-9880-5009be2f3b06}
04-25 21:59:01.440 I/Gecko   (   83): 1398488341454	Marionette	DEBUG	Got request: executeWithCallback, data: {"to":"0","sessionId":"3-b2g","name":"executeAsyncScript","parameters":{"specialPowers":false,"scriptTimeout":null,"newSandbox":true,"args":[],"filename":"gaia_test.py","script":"GaiaApps.killAll()","line":91}}, id: {c01f4031-a65b-4d90-abb0-1436d0664345}
04-25 21:59:01.700 E/GeckoConsole(   83): Content JS LOG at dummy file:266 in GaiaApps.kill: terminating app with origin 'app://browser.gaiamobile.org'
04-25 21:59:01.700 E/GeckoConsole(   83): Content JS LOG at dummy file:258 in GaiaApps.kill/gt_onAppTerminated/<: app with origin 'app://browser.gaiamobile.org' has terminated
04-25 21:59:02.050 I/Gecko   (   83): 1398488342062	Marionette	INFO	sendToClient: {"from":"0","value":true}, {c01f4031-a65b-4d90-abb0-1436d0664345}, {c01f4031-a65b-4d90-abb0-1436d0664345}
04-25 21:59:02.090 V/AudioPolicyManagerBase(   88): startOutput() output 1, stream 1, session 5
04-25 21:59:02.090 V/AudioPolicyManagerBase(   88): changeRefCount() stream 1, count 1
04-25 21:59:02.090 V/AudioPolicyManagerBase(   88): getDeviceForStrategy() from cache strategy 0, device 2
04-25 21:59:02.090 V/AudioPolicyManagerBase(   88): getNewDevice() selected device 2
04-25 21:59:02.090 D/AudioPolicyManagerBase(   88): setOutputDevice() output 1 device 2 delayMs 0
04-25 21:59:02.090 V/AudioPolicyManagerBase(   88): setOutputDevice() setting same device 2 or null device for output 1
04-25 21:59:02.090 E/AudioPolicyManagerBase(   88): checkAndSetVolume stream=1, index=0, output=1, device=2
04-25 21:59:02.090 E/AudioPolicyManagerBase(   88): computeVolume, streamDesc=0x1efbb8
04-25 21:59:02.110 W/AudioFlinger(   88): Thread AudioOut_1 cannot connect to the power manager service
04-25 21:59:02.110 V/AudioPolicyManagerBase(   88): stopOutput() output 1, stream 1, session 5
04-25 21:59:02.110 V/AudioPolicyManagerBase(   88): changeRefCount() stream 1, count 0
04-25 21:59:02.110 V/AudioPolicyManagerBase(   88): getNewDevice() selected device 0
04-25 21:59:02.110 D/AudioPolicyManagerBase(   88): setOutputDevice() output 1 device 0 delayMs 290
04-25 21:59:02.110 V/AudioPolicyManagerBase(   88): setOutputDevice() setting same device 0 or null device for output 1
04-25 21:59:02.110 V/AudioPolicyManagerBase(   88): releaseOutput() 1