--------- beginning of /dev/log/system
04-28 17:11:50.620 I/Vold    (   77): Vold 2.1 (the revenge) firing up
04-28 17:11:50.620 D/Vold    (   77): Volume sdcard state changing -1 (Initializing) -> 0 (No-Media)
04-28 17:11:55.600 D/VoldCmdListener(   77): volume list
--------- beginning of /dev/log/main
04-28 17:11:56.540 W/EventHub(   83): Unable to disable kernel key repeat for /dev/input/event0: Function not implemented
04-28 17:11:56.540 I/EventHub(   83): New device: id=4, fd=55, path='/dev/input/event0', name='sprd-keypad', classes=0x1, configuration='', keyLayout='/system/usr/keylayout/sprd-keypad.kl', keyCharacterMap='/system/usr/keychars/Generic.kcm', builtinKeyboard=true, usingSuspendBlockIoctl=false, usingClockIoctl=false
04-28 17:11:56.540 D/EventHub(   83): No input device configuration file found for device 'rohm_proximity'.
04-28 17:11:56.580 E/filemap (   83): mmap(0,4096) failed: No such device
04-28 17:11:56.590 W/EventHub(   83): Unable to disable kernel key repeat for /dev/input/event1: Function not implemented
04-28 17:11:56.590 I/EventHub(   83): New device: id=6, fd=57, path='/dev/input/event1', name='ms-msg21xx', classes=0x15, configuration='/system/usr/idc/ms-msg21xx.idc', keyLayout='/system/usr/keylayout/Generic.kl', keyCharacterMap='/system/usr/keychars/Generic.kcm', builtinKeyboard=false, usingSuspendBlockIoctl=false, usingClockIoctl=false
04-28 17:11:56.600 I/InputReader(   83): Device added: id=-1, name='Virtual', sources=0x00000301
04-28 17:11:56.600 I/InputReader(   83): Device reconfigured: id=6, name='ms-msg21xx', size 320x480, orientation 0, mode 1, display id 0
04-28 17:11:56.600 I/InputReader(   83): Device added: id=6, name='ms-msg21xx', sources=0x00001103
04-28 17:11:56.600 I/InputReader(   83): Device added: id=0, name='sprd-keypad', sources=0x00000101
04-28 17:11:56.600 I/InputReader(   83): Device added: id=2, name='headset-keyboard', sources=0x00000101
04-28 17:11:57.120 D/BTWIFIMAC(   93): read_btwifimac_from_modem
04-28 17:11:57.120 D/BTWIFIMAC(   93): read_btwifimac_from_modem modem_fd=7
04-28 17:11:57.120 D/BTWIFIMAC(   93): ===========BT MAC===========
04-28 17:11:57.120 D/BTWIFIMAC(   93): read_btwifimac_from_modem: send 39,1,AT+SNVM=0,401
04-28 17:11:57.120 D/BTWIFIMAC(   93): send_to_modem
04-28 17:11:57.120 D/BTWIFIMAC(   93): recv_from_modem: Waiting modem response ... fd=7
04-28 17:11:57.120 D/SPRDENG (  151): eng_servermodem_comm: use SIM1 /dev/CHNPTY13
04-28 17:11:57.120 D/SPRDENG (  151): AT > AT+SNVM=0,401
04-28 17:11:57.120 D/SPRDENG (  151): 41
04-28 17:11:57.120 D/SPRDENG (  151): 54
04-28 17:11:57.120 D/SPRDENG (  151): 2b
04-28 17:11:57.120 D/SPRDENG (  151): 53
04-28 17:11:57.120 D/SPRDENG (  151): 4e
04-28 17:11:57.120 D/SPRDENG (  151): 56
04-28 17:11:57.120 D/SPRDENG (  151): 4d
04-28 17:11:57.120 D/SPRDENG (  151): 3d
04-28 17:11:57.120 D/SPRDENG (  151): 30
04-28 17:11:57.120 D/SPRDENG (  151): 2c
04-28 17:11:57.120 D/SPRDENG (  151): 34
04-28 17:11:57.120 D/SPRDENG (  151): 30
04-28 17:11:57.120 D/SPRDENG (  151): 31
04-28 17:11:57.120 D/SPRDENG (  151): eng_modem2server: use SIM1 /dev/CHNPTY13
04-28 17:11:57.120 D/SPRDENG (  151): AT < 
04-28 17:11:57.120 D/SPRDENG (  151): +SNVM: 8,FFFFFFFFFFFF2500
04-28 17:11:57.120 D/SPRDENG (  151): 
04-28 17:11:57.120 D/SPRDENG (  151): OK
04-28 17:11:57.120 D/SPRDENG (  151): 
04-28 17:11:57.120 D/BTWIFIMAC(   93): recv_from_modem: Receive 1 Modem Response
04-28 17:11:57.120 D/BTWIFIMAC(   93): read_btwifimac_from_modem: BT timeout=35, response=
04-28 17:11:57.120 D/BTWIFIMAC(   93): +SNVM: 8,FFFFFFFFFFFF2500
04-28 17:11:57.120 D/BTWIFIMAC(   93): 
04-28 17:11:57.120 D/BTWIFIMAC(   93): OK
04-28 17:11:57.120 D/BTWIFIMAC(   93): 
04-28 17:11:57.220 D/BTWIFIMAC(   93): get_macaddress: mac address is FF:FF:FF:FF:FF:FF
04-28 17:11:57.220 D/BTWIFIMAC(   93): ===========WIFI MAC===========
04-28 17:11:57.220 D/BTWIFIMAC(   93): read_btwifimac_from_modem: send 39,1,AT+SNVM=0,409
04-28 17:11:57.220 D/BTWIFIMAC(   93): send_to_modem
04-28 17:11:57.220 D/BTWIFIMAC(   93): recv_from_modem: Waiting modem response ... fd=7
04-28 17:11:57.220 D/SPRDENG (  151): eng_servermodem_comm: use SIM1 /dev/CHNPTY13
04-28 17:11:57.220 D/SPRDENG (  151): AT > AT+SNVM=0,409
04-28 17:11:57.220 D/SPRDENG (  151): 41
04-28 17:11:57.220 D/SPRDENG (  151): 54
04-28 17:11:57.220 D/SPRDENG (  151): 2b
04-28 17:11:57.220 D/SPRDENG (  151): 53
04-28 17:11:57.220 D/SPRDENG (  151): 4e
04-28 17:11:57.220 D/SPRDENG (  151): 56
04-28 17:11:57.220 D/SPRDENG (  151): 4d
04-28 17:11:57.220 D/SPRDENG (  151): 3d
04-28 17:11:57.220 D/SPRDENG (  151): 30
04-28 17:11:57.220 D/SPRDENG (  151): 2c
04-28 17:11:57.220 D/SPRDENG (  151): 34
04-28 17:11:57.220 D/SPRDENG (  151): 30
04-28 17:11:57.220 D/SPRDENG (  151): 39
04-28 17:11:57.220 D/SPRDENG (  151): eng_modem2server: use SIM1 /dev/CHNPTY13
04-28 17:11:57.220 D/SPRDENG (  151): AT < 
04-28 17:11:57.220 D/SPRDENG (  151): +SNVM: 20,FFFFFFFFFFFF0000000000000000000000000000
04-28 17:11:57.220 D/SPRDENG (  151): 
04-28 17:11:57.220 D/SPRDENG (  151): OK
04-28 17:11:57.220 D/SPRDENG (  151): 
04-28 17:11:57.220 D/BTWIFIMAC(   93): recv_from_modem: Receive 1 Modem Response
04-28 17:11:57.220 D/BTWIFIMAC(   93): read_btwifimac_from_modem: WIFI timeout=60, response=
04-28 17:11:57.220 D/BTWIFIMAC(   93): +SNVM: 20,FFFFFFFFFFFF0000000000000000000000000000
04-28 17:11:57.220 D/BTWIFIMAC(   93): 
04-28 17:11:57.220 D/BTWIFIMAC(   93): OK
04-28 17:11:57.220 D/BTWIFIMAC(   93): 
04-28 17:11:57.220 D/BTWIFIMAC(   93): get_macaddress: mac address is FF:FF:FF:FF:FF:FF
04-28 17:11:57.230 D/BTWIFIMAC(   93): bt_ok:0 wifi_ok:0 
04-28 17:11:57.230 D/BTWIFIMAC(   93): +mac_rand+
04-28 17:11:57.230 D/BTWIFIMAC(   93): mac_rand: /data/rand_mac.txt exists
04-28 17:11:57.230 D/BTWIFIMAC(   93): mac_rand: read /data/rand_mac.txt 00:88:98:ad:c6:e5;00:13:cc:91:61:8c
04-28 17:11:57.230 D/BTWIFIMAC(   93): mac_rand: read btmac=00:88:98:ad:c6:e5, wifimac=00:13:cc:91:61:8c
04-28 17:11:57.230 D/BTWIFIMAC(   93): property ro.mac.wifi=00:13:cc:91:61:8c, ro.mac.bluetooth=00:88:98:ad:c6:e5
04-28 17:11:57.230 D/BTWIFIMAC(   93): write_mac2file: mac=00:13:cc:91:61:8c, fd[/data/wifimac.txt]=9
04-28 17:11:57.230 D/BTWIFIMAC(   93): write_mac2file: mac=00:88:98:ad:c6:e5, fd[/data/btmac.txt]=9
04-28 17:11:57.230 D/BTWIFIMAC(   93): begin to run  trout_genpskey
04-28 17:11:57.250 D/BTWIFIMAC(   93): run trout_genpskey, ret=0
04-28 17:11:57.250 I/Gonk    (   83): RIL[0]: OnConnectSuccess
04-28 17:11:57.260 D/pskey_bt(  327): set BT mac
04-28 17:11:57.280 D/pskey_bt(  327): main, bt_mac from nv:
04-28 17:11:57.280 D/pskey_bt(  327): get_pskey_from_file
04-28 17:11:57.280 D/pskey_bt(  327): open bt pskey structure file fd=7
04-28 17:11:57.280 D/pskey_bt(  327): buf from pskey file:2048
04-28 17:11:57.280 D/pskey_bt(  327): parser_pskey_info
04-28 17:11:57.280 D/pskey_bt(  327): char:0, 0
04-28 17:11:57.280 D/pskey_bt(  327): get_one_item(data) = 0x0
04-28 17:11:57.280 D/pskey_bt(  327): get_next_u8: here:0
04-28 17:11:57.280 D/pskey_bt(  327): char:1, 1
04-28 17:11:57.280 D/pskey_bt(  327): get_one_item(data) = 0x1
04-28 17:11:57.280 D/pskey_bt(  327): get_next_u8: here:1
04-28 17:11:57.280 D/pskey_bt(  327): char:1, 1
04-28 17:11:57.280 D/pskey_bt(  327): get_one_item(data) = 0x1
04-28 17:11:57.280 D/pskey_bt(  327): get_next_u8: here:1
04-28 17:11:57.280 D/pskey_bt(  327): char:1, 1
04-28 17:11:57.280 D/pskey_bt(  327): get_one_item(data) = 0x1
04-28 17:11:57.280 D/pskey_bt(  327): get_next_u8: here:1
04-28 17:11:57.280 D/pskey_bt(  327): char:0, 0
04-28 17:11:57.280 D/pskey_bt(  327): char:1, 1
04-28 17:11:57.280 D/pskey_bt(  327): char:8, 8
04-28 17:11:57.280 D/pskey_bt(  327): char:C, C
04-28 17:11:57.280 D/pskey_bt(  327): char:B, B
04-28 17:11:57.280 D/pskey_bt(  327): char:A, A
04-28 17:11:57.280 D/pskey_bt(  327): char:8, 8
04-28 17:11:57.280 D/pskey_bt(  327): char:0, 0
04-28 17:11:57.280 D/pskey_bt(  327): get_one_item(data) = 0x18cba80
04-28 17:11:57.280 D/pskey_bt(  327): get_next_u32: here:18cba80
04-28 17:11:57.280 D/pskey_bt(  327): char:1, 1
04-28 17:11:57.280 D/pskey_bt(  327): char:f, f
04-28 17:11:57.280 D/pskey_bt(  327): char:0, 0
04-28 17:11:57.280 D/pskey_bt(  327): char:0, 0
04-28 17:11:57.280 D/pskey_bt(  327): get_one_item(data) = 0x1f00
04-28 17:11:57.280 D/pskey_bt(  327): get_next_u32: here:1f00
04-28 17:11:57.280 D/pskey_bt(  327): char:1, 1
04-28 17:11:57.280 D/pskey_bt(  327): char:E, E
04-28 17:11:57.280 D/pskey_bt(  327): get_one_item(data) = 0x1e
04-28 17:11:57.280 D/pskey_bt(  327): get_next_u32: here:1e
04-28 17:11:57.280 D/pskey_bt(  327): char:7, 7
04-28 17:11:57.280 D/pskey_bt(  327): char:B, B
04-28 17:11:57.280 D/pskey_bt(  327): char:0, 0
04-28 17:11:57.280 D/pskey_bt(  327): char:0, 0
04-28 17:11:57.280 D/pskey_bt(  327): char:7, 7
04-28 17:11:57.280 D/pskey_bt(  327): char:C, C
04-28 17:11:57.280 D/pskey_bt(  327): get_one_item(data) = 0x7b007c
04-28 17:11:57.280 D/pskey_bt(  327): get_next_u32: here:7b007c
04-28 17:11:57.280 D/pskey_bt(  327): char:3, 3
04-28 17:11:57.280 D/pskey_bt(  327): char:7, 7
04-28 17:11:57.280 D/pskey_bt(  327): char:0, 0
04-28 17:11:57.280 D/pskey_bt(  327): char:0, 0
04-28 17:11:57.280 D/pskey_bt(  327): char:7, 7
04-28 17:11:57.280 D/pskey_bt(  327): char:A, A
04-28 17:11:57.280 D/pskey_bt(  327): get_one_item(data) = 0x37007a
04-28 17:11:57.280 D/pskey_bt(  327): get_next_u32: here:37007a
04-28 17:11:57.280 D/pskey_bt(  327): char:3, 3
04-28 17:11:57.280 D/pskey_bt(  327): char:5, 5
04-28 17:11:57.280 D/pskey_bt(  327): char:0, 0
04-28 17:11:57.280 D/pskey_bt(  327): char:0, 0
04-28 17:11:57.280 D/pskey_bt(  327): char:3, 3
04-28 17:11:57.280 D/pskey_bt(  327): char:6, 6
04-28 17:11:57.280 D/pskey_bt(  327): get_one_item(data) = 0x350036
04-28 17:11:57.280 D/pskey_bt(  327): get_next_u32: here:350036
04-28 17:11:57.280 D/pskey_bt(  327): char:2, 2
04-28 17:11:57.280 D/pskey_bt(  327): char:9, 9
04-28 17:11:57.280 D/pskey_bt(  327): char:0, 0
04-28 17:11:57.280 D/pskey_bt(  327): char:0, 0
04-28 17:11:57.280 D/pskey_bt(  327): char:3, 3
04-28 17:11:57.280 D/pskey_bt(  327): char:4, 4
04-28 17:11:57.280 D/pskey_bt(  327): get_one_item(data) = 0x290034
04-28 17:11:57.280 D/pskey_bt(  327): get_next_u32: here:290034
04-28 17:11:57.280 D/pskey_bt(  327): char:0, 0
04-28 17:11:57.280 D/pskey_bt(  327): char:A, A
04-28 17:11:57.280 D/pskey_bt(  327): char:0, 0
04-28 17:11:57.280 D/pskey_bt(  327): char:0, 0
04-28 17:11:57.280 D/pskey_bt(  327): char:2, 2
04-28 17:11:57.280 D/pskey_bt(  327): char:8, 8
04-28 17:11:57.280 D/pskey_bt(  327): get_one_item(data) = 0xa0028
04-28 17:11:57.280 D/pskey_bt(  327): get_next_u32: here:a0028
04-28 17:11:57.280 D/pskey_bt(  327): char:0, 0
04-28 17:11:57.280 D/pskey_bt(  327): char:0, 0
04-28 17:11:57.280 D/pskey_bt(  327): char:0, 0
04-28 17:11:57.280 D/pskey_bt(  327): char:6, 6
04-28 17:11:57.280 D/pskey_bt(  327): char:0, 0
04-28 17:11:57.280 D/pskey_bt(  327): char:0, 0
04-28 17:11:57.280 D/pskey_bt(  327): char:0, 0
04-28 17:11:57.280 D/pskey_bt(  327): char:9, 9
04-28 17:11:57.280 D/pskey_bt(  327): get_one_item(data) = 0x60009
04-28 17:11:57.280 D/pskey_bt(  327): get_next_u32: here:60009
04-28 17:11:57.280 D/pskey_bt(  327): end of buff, str=},
04-28 17:11:57.280 D/pskey_bt(  327): {0x0B,0x0A,0x09, 0x08, 0x07},
04-28 17:11:57.280 D/pskey_bt(  327): {0xFF, 0xFF, 0x8D, 0xFE, 0x9B, 0x3F, 0x79, 0x83,
04-28 17:11:57.280 D/pskey_bt(  327):   0xFF, 0xA7, 0xFF, 0x7F, 0x00, 0xE0, 0xF7, 0x3E},
04-28 17:11:57.280 D/pskey_bt(  327): {0xFF, 0xFF, 0xFF, 0xFF, 0xFF, 0xFF},
04-28 17:11:57.280 D/pskey_bt(  327): 0,
04-28 17:11:57.280 D/pskey_bt(  327): 1,
04-28 17:11:57.280 D/pskey_bt(  327): 5,
04-28 17:11:57.280 D/pskey_bt(  327): 0xE,
04-28 17:11:57.280 D/pskey_bt(  327): 1,
04-28 17:11:57.280 D/pskey_bt(  327): 1,
04-28 17:11:57.280 D/pskey_bt(  327): 0x50000000,
04-28 17:11:57.280 D/pskey_bt(  327): 0x50000150,
04-28 17:11:57.280 D/pskey_bt(  327): 0x50000150,
04-28 17:11:57.280 D/pskey_bt(  327): 0x50000154,
04-28 17:11:57.280 D/pskey_bt(  327): 0xFFFFFFFF,
04-28 17:11:57.280 D/pskey_bt(  327): 0x100,
04-28 17:11:57.280 D/pskey_bt(  327): 0xA0,
04-28 17:11:57.280 D/pskey_bt(  327): 0xDC,
04-28 17:11:57.280 D/pskey_bt(  327): 0x20,
04-28 17:11:57.280 D/pskey_bt(  327): 0x55,
04-28 17:11:57.280 D/pskey_bt(  327): 0x64,
04-28 17:11:57.280 D/pskey_bt(  327): 0,
04-28 17:11:57.280 D/pskey_bt(  327): 0x8,
04-28 17:11:57.280 D/pskey_bt(  327): 0x13C,
04-28 17:11:57.280 D/pskey_bt(  327): 0x2,
04-28 17:11:57.280 D/pskey_bt(  327): 0xD704,
04-28 17:11:57.280 D/pskey_bt(  327): 0x88888888,
04-28 17:11:57.280 D/pskey_bt(  327): 0x6,
04-28 17:11:57.280 D/pskey_bt(  327): 0x0,
04-28 17:11:57.280 D/pskey_bt(  327): {0x0001,0x0000,0x0000,0x0000,0x0000,0x0000,0x0000,0x0000,0x0000
04-28 17:11:57.280 D/pskey_bt(  327): char:0, 0
04-28 17:11:57.280 D/pskey_bt(  327): char:B, B
04-28 17:11:57.280 D/pskey_bt(  327): get_one_item(data) = 0xb
04-28 17:11:57.280 D/pskey_bt(  327): get_next_u32: here:b
04-28 17:11:57.280 D/pskey_bt(  327): char:0, 0
04-28 17:11:57.280 D/pskey_bt(  327): char:A, A
04-28 17:11:57.280 D/pskey_bt(  327): get_one_item(data) = 0xa
04-28 17:11:57.280 D/pskey_bt(  327): get_next_u32: here:a
04-28 17:11:57.280 D/pskey_bt(  327): char:0, 0
04-28 17:11:57.280 D/pskey_bt(  327): char:9, 9
04-28 17:11:57.280 D/pskey_bt(  327): get_one_item(data) = 0x9
04-28 17:11:57.280 D/pskey_bt(  327): get_next_u32: here:9
04-28 17:11:57.280 D/pskey_bt(  327): char:0, 0
04-28 17:11:57.280 D/pskey_bt(  327): char:8, 8
04-28 17:11:57.280 D/pskey_bt(  327): get_one_item(data) = 0x8
04-28 17:11:57.280 D/pskey_bt(  327): get_next_u32: here:8
04-28 17:11:57.280 D/pskey_bt(  327): char:0, 0
04-28 17:11:57.280 D/pskey_bt(  327): char:7, 7
04-28 17:11:57.280 D/pskey_bt(  327): get_one_item(data) = 0x7
04-28 17:11:57.280 D/pskey_bt(  327): get_next_u32: here:7
04-28 17:11:57.280 D/pskey_bt(  327): end of buff, str=},
04-28 17:11:57.280 D/pskey_bt(  327): {0xFF, 0xFF, 0x8D, 0xFE, 0x9B, 0x3F, 0x79, 0x83,
04-28 17:11:57.280 D/pskey_bt(  327):   0xFF, 0xA7, 0xFF, 0x7F, 0x00, 0xE0, 0xF7, 0x3E},
04-28 17:11:57.280 D/pskey_bt(  327): {0xFF, 0xFF, 0xFF, 0xFF, 0xFF, 0xFF},
04-28 17:11:57.280 D/pskey_bt(  327): 0,
04-28 17:11:57.280 D/pskey_bt(  327): 1,
04-28 17:11:57.280 D/pskey_bt(  327): 5,
04-28 17:11:57.280 D/pskey_bt(  327): 0xE,
04-28 17:11:57.280 D/pskey_bt(  327): 1,
04-28 17:11:57.280 D/pskey_bt(  327): 1,
04-28 17:11:57.280 D/pskey_bt(  327): 0x50000000,
04-28 17:11:57.280 D/pskey_bt(  327): 0x50000150,
04-28 17:11:57.280 D/pskey_bt(  327): 0x50000150,
04-28 17:11:57.280 D/pskey_bt(  327): 0x50000154,
04-28 17:11:57.280 D/pskey_bt(  327): 0xFFFFFFFF,
04-28 17:11:57.280 D/pskey_bt(  327): 0x100,
04-28 17:11:57.280 D/pskey_bt(  327): 0xA0,
04-28 17:11:57.280 D/pskey_bt(  327): 0xDC,
04-28 17:11:57.280 D/pskey_bt(  327): 0x20,
04-28 17:11:57.280 D/pskey_bt(  327): 0x55,
04-28 17:11:57.280 D/pskey_bt(  327): 0x64,
04-28 17:11:57.280 D/pskey_bt(  327): 0,
04-28 17:11:57.280 D/pskey_bt(  327): 0x8,
04-28 17:11:57.280 D/pskey_bt(  327): 0x13C,
04-28 17:11:57.280 D/pskey_bt(  327): 0x2,
04-28 17:11:57.280 D/pskey_bt(  327): 0xD704,
04-28 17:11:57.280 D/pskey_bt(  327): 0x88888888,
04-28 17:11:57.280 D/pskey_bt(  327): 0x6,
04-28 17:11:57.280 D/pskey_bt(  327): 0x0,
04-28 17:11:57.280 D/pskey_bt(  327): {0x0001,0x0000,0x0000,0x0000,0x0000,0x0000,0x0000,0x0000,0x0000
04-28 17:11:57.280 D/pskey_bt(  327): char:F, F
04-28 17:11:57.280 D/pskey_bt(  327): char:F, F
04-28 17:11:57.280 D/pskey_bt(  327): get_one_item(data) = 0xff
04-28 17:11:57.280 D/pskey_bt(  327): get_next_u8: here:ff
04-28 17:11:57.280 D/pskey_bt(  327): char:F, F
04-28 17:11:57.280 D/pskey_bt(  327): char:F, F
04-28 17:11:57.280 D/pskey_bt(  327): get_one_item(data) = 0xff
04-28 17:11:57.280 D/pskey_bt(  327): get_next_u8: here:ff
04-28 17:11:57.280 D/pskey_bt(  327): char:8, 8
04-28 17:11:57.280 D/pskey_bt(  327): char:D, D
04-28 17:11:57.280 D/pskey_bt(  327): get_one_item(data) = 0x8d
04-28 17:11:57.280 D/pskey_bt(  327): get_next_u8: here:8d
04-28 17:11:57.280 D/pskey_bt(  327): char:F, F
04-28 17:11:57.280 D/pskey_bt(  327): char:E, E
04-28 17:11:57.280 D/pskey_bt(  327): get_one_item(data) = 0xfe
04-28 17:11:57.280 D/pskey_bt(  327): get_next_u8: here:fe
04-28 17:11:57.280 D/pskey_bt(  327): char:9, 9
04-28 17:11:57.280 D/pskey_bt(  327): char:B, B
04-28 17:11:57.280 D/pskey_bt(  327): get_one_item(data) = 0x9b
04-28 17:11:57.280 D/pskey_bt(  327): get_next_u8: here:9b
04-28 17:11:57.280 D/pskey_bt(  327): char:3, 3
04-28 17:11:57.280 D/pskey_bt(  327): char:F, F
04-28 17:11:57.280 D/pskey_bt(  327): get_one_item(data) = 0x3f
04-28 17:11:57.280 D/pskey_bt(  327): get_next_u8: here:3f
04-28 17:11:57.280 D/pskey_bt(  327): char:7, 7
04-28 17:11:57.280 D/pskey_bt(  327): char:9, 9
04-28 17:11:57.280 D/pskey_bt(  327): get_one_item(data) = 0x79
04-28 17:11:57.280 D/pskey_bt(  327): get_next_u8: here:79
04-28 17:11:57.280 D/pskey_bt(  327): char:8, 8
04-28 17:11:57.280 D/pskey_bt(  327): char:3, 3
04-28 17:11:57.280 D/pskey_bt(  327): get_one_item(data) = 0x83
04-28 17:11:57.280 D/pskey_bt(  327): get_next_u8: here:83
04-28 17:11:57.280 D/pskey_bt(  327): char:F, F
04-28 17:11:57.280 D/pskey_bt(  327): char:F, F
04-28 17:11:57.280 D/pskey_bt(  327): get_one_item(data) = 0xff
04-28 17:11:57.280 D/pskey_bt(  327): get_next_u8: here:ff
04-28 17:11:57.280 D/pskey_bt(  327): char:A, A
04-28 17:11:57.280 D/pskey_bt(  327): char:7, 7
04-28 17:11:57.280 D/pskey_bt(  327): get_one_item(data) = 0xa7
04-28 17:11:57.280 D/pskey_bt(  327): get_next_u8: here:a7
04-28 17:11:57.280 D/pskey_bt(  327): char:F, F
04-28 17:11:57.280 D/pskey_bt(  327): char:F, F
04-28 17:11:57.280 D/pskey_bt(  327): get_one_item(data) = 0xff
04-28 17:11:57.280 D/pskey_bt(  327): get_next_u8: here:ff
04-28 17:11:57.280 D/pskey_bt(  327): char:7, 7
04-28 17:11:57.280 D/pskey_bt(  327): char:F, F
04-28 17:11:57.280 D/pskey_bt(  327): get_one_item(data) = 0x7f
04-28 17:11:57.280 D/pskey_bt(  327): get_next_u8: here:7f
04-28 17:11:57.280 D/pskey_bt(  327): char:0, 0
04-28 17:11:57.280 D/pskey_bt(  327): char:0, 0
04-28 17:11:57.280 D/pskey_bt(  327): get_one_item(data) = 0x0
04-28 17:11:57.280 D/pskey_bt(  327): get_next_u8: here:0
04-28 17:11:57.280 D/pskey_bt(  327): char:E, E
04-28 17:11:57.280 D/pskey_bt(  327): char:0, 0
04-28 17:11:57.280 D/pskey_bt(  327): get_one_item(data) = 0xe0
04-28 17:11:57.280 D/pskey_bt(  327): get_next_u8: here:e0
04-28 17:11:57.280 D/pskey_bt(  327): char:F, F
04-28 17:11:57.280 D/pskey_bt(  327): char:7, 7
04-28 17:11:57.280 D/pskey_bt(  327): get_one_item(data) = 0xf7
04-28 17:11:57.280 D/pskey_bt(  327): get_next_u8: here:f7
04-28 17:11:57.280 D/pskey_bt(  327): char:3, 3
04-28 17:11:57.280 D/pskey_bt(  327): char:E, E
04-28 17:11:57.280 D/pskey_bt(  327): get_one_item(data) = 0x3e
04-28 17:11:57.280 D/pskey_bt(  327): get_next_u8: here:3e
04-28 17:11:57.280 D/pskey_bt(  327): end of buff, str=},
04-28 17:11:57.280 D/pskey_bt(  327): {0xFF, 0xFF, 0xFF, 0xFF, 0xFF, 0xFF},
04-28 17:11:57.280 D/pskey_bt(  327): 0,
04-28 17:11:57.280 D/pskey_bt(  327): 1,
04-28 17:11:57.280 D/pskey_bt(  327): 5,
04-28 17:11:57.280 D/pskey_bt(  327): 0xE,
04-28 17:11:57.280 D/pskey_bt(  327): 1,
04-28 17:11:57.280 D/pskey_bt(  327): 1,
04-28 17:11:57.280 D/pskey_bt(  327): 0x50000000,
04-28 17:11:57.280 D/pskey_bt(  327): 0x50000150,
04-28 17:11:57.280 D/pskey_bt(  327): 0x50000150,
04-28 17:11:57.280 D/pskey_bt(  327): 0x50000154,
04-28 17:11:57.280 D/pskey_bt(  327): 0xFFFFFFFF,
04-28 17:11:57.280 D/pskey_bt(  327): 0x100,
04-28 17:11:57.280 D/pskey_bt(  327): 0xA0,
04-28 17:11:57.280 D/pskey_bt(  327): 0xDC,
04-28 17:11:57.280 D/pskey_bt(  327): 0x20,
04-28 17:11:57.280 D/pskey_bt(  327): 0x55,
04-28 17:11:57.280 D/pskey_bt(  327): 0x64,
04-28 17:11:57.280 D/pskey_bt(  327): 0,
04-28 17:11:57.280 D/pskey_bt(  327): 0x8,
04-28 17:11:57.280 D/pskey_bt(  327): 0x13C,
04-28 17:11:57.280 D/pskey_bt(  327): 0x2,
04-28 17:11:57.280 D/pskey_bt(  327): 0xD704,
04-28 17:11:57.280 D/pskey_bt(  327): 0x88888888,
04-28 17:11:57.280 D/pskey_bt(  327): 0x6,
04-28 17:11:57.280 D/pskey_bt(  327): 0x0,
04-28 17:11:57.280 D/pskey_bt(  327): {0x0001,0x0000,0x0000,0x0000,0x0000,0x0000,0x0000,0x0000,0x0000
04-28 17:11:57.280 D/pskey_bt(  327): char:F, F
04-28 17:11:57.280 D/pskey_bt(  327): char:F, F
04-28 17:11:57.280 D/pskey_bt(  327): get_one_item(data) = 0xff
04-28 17:11:57.280 D/pskey_bt(  327): get_next_u8: here:ff
04-28 17:11:57.280 D/pskey_bt(  327): char:F, F
04-28 17:11:57.280 D/pskey_bt(  327): char:F, F
04-28 17:11:57.280 D/pskey_bt(  327): get_one_item(data) = 0xff
04-28 17:11:57.280 D/pskey_bt(  327): get_next_u8: here:ff
04-28 17:11:57.280 D/pskey_bt(  327): char:F, F
04-28 17:11:57.280 D/pskey_bt(  327): char:F, F
04-28 17:11:57.280 D/pskey_bt(  327): get_one_item(data) = 0xff
04-28 17:11:57.280 D/pskey_bt(  327): get_next_u8: here:ff
04-28 17:11:57.280 D/pskey_bt(  327): char:F, F
04-28 17:11:57.280 D/pskey_bt(  327): char:F, F
04-28 17:11:57.280 D/pskey_bt(  327): get_one_item(data) = 0xff
04-28 17:11:57.280 D/pskey_bt(  327): get_next_u8: here:ff
04-28 17:11:57.280 D/pskey_bt(  327): char:F, F
04-28 17:11:57.280 D/pskey_bt(  327): char:F, F
04-28 17:11:57.280 D/pskey_bt(  327): get_one_item(data) = 0xff
04-28 17:11:57.280 D/pskey_bt(  327): get_next_u8: here:ff
04-28 17:11:57.280 D/pskey_bt(  327): char:F, F
04-28 17:11:57.280 D/pskey_bt(  327): char:F, F
04-28 17:11:57.280 D/pskey_bt(  327): get_one_item(data) = 0xff
04-28 17:11:57.280 D/pskey_bt(  327): get_next_u8: here:ff
04-28 17:11:57.280 D/pskey_bt(  327): end of buff, str=},
04-28 17:11:57.280 D/pskey_bt(  327): 0,
04-28 17:11:57.280 D/pskey_bt(  327): 1,
04-28 17:11:57.280 D/pskey_bt(  327): 5,
04-28 17:11:57.280 D/pskey_bt(  327): 0xE,
04-28 17:11:57.280 D/pskey_bt(  327): 1,
04-28 17:11:57.280 D/pskey_bt(  327): 1,
04-28 17:11:57.280 D/pskey_bt(  327): 0x50000000,
04-28 17:11:57.280 D/pskey_bt(  327): 0x50000150,
04-28 17:11:57.280 D/pskey_bt(  327): 0x50000150,
04-28 17:11:57.280 D/pskey_bt(  327): 0x50000154,
04-28 17:11:57.280 D/pskey_bt(  327): 0xFFFFFFFF,
04-28 17:11:57.280 D/pskey_bt(  327): 0x100,
04-28 17:11:57.280 D/pskey_bt(  327): 0xA0,
04-28 17:11:57.280 D/pskey_bt(  327): 0xDC,
04-28 17:11:57.280 D/pskey_bt(  327): 0x20,
04-28 17:11:57.280 D/pskey_bt(  327): 0x55,
04-28 17:11:57.280 D/pskey_bt(  327): 0x64,
04-28 17:11:57.280 D/pskey_bt(  327): 0,
04-28 17:11:57.280 D/pskey_bt(  327): 0x8,
04-28 17:11:57.280 D/pskey_bt(  327): 0x13C,
04-28 17:11:57.280 D/pskey_bt(  327): 0x2,
04-28 17:11:57.280 D/pskey_bt(  327): 0xD704,
04-28 17:11:57.280 D/pskey_bt(  327): 0x88888888,
04-28 17:11:57.280 D/pskey_bt(  327): 0x6,
04-28 17:11:57.280 D/pskey_bt(  327): 0x0,
04-28 17:11:57.280 D/pskey_bt(  327): {0x0001,0x0000,0x0000,0x0000,0x0000,0x0000,0x0000,0x0000,0x0000
04-28 17:11:57.280 D/pskey_bt(  327): char:0, 0
04-28 17:11:57.280 D/pskey_bt(  327): get_one_item(data) = 0x0
04-28 17:11:57.280 D/pskey_bt(  327): get_next_u8: here:0
04-28 17:11:57.280 D/pskey_bt(  327): char:1, 1
04-28 17:11:57.280 D/pskey_bt(  327): get_one_item(data) = 0x1
04-28 17:11:57.280 D/pskey_bt(  327): get_next_u8: here:1
04-28 17:11:57.280 D/pskey_bt(  327): char:5, 5
04-28 17:11:57.280 D/pskey_bt(  327): get_one_item(data) = 0x5
04-28 17:11:57.280 D/pskey_bt(  327): get_next_u8: here:5
04-28 17:11:57.280 D/pskey_bt(  327): char:E, E
04-28 17:11:57.280 D/pskey_bt(  327): get_one_item(data) = 0xe
04-28 17:11:57.280 D/pskey_bt(  327): get_next_u8: here:e
04-28 17:11:57.280 D/pskey_bt(  327): char:1, 1
04-28 17:11:57.280 D/pskey_bt(  327): get_one_item(data) = 0x1
04-28 17:11:57.280 D/pskey_bt(  327): get_next_u8: here:1
04-28 17:11:57.280 D/pskey_bt(  327): char:1, 1
04-28 17:11:57.280 D/pskey_bt(  327): get_one_item(data) = 0x1
04-28 17:11:57.280 D/pskey_bt(  327): get_next_u8: here:1
04-28 17:11:57.280 D/pskey_bt(  327): char:5, 5
04-28 17:11:57.280 D/pskey_bt(  327): char:0, 0
04-28 17:11:57.280 D/pskey_bt(  327): char:0, 0
04-28 17:11:57.280 D/pskey_bt(  327): char:0, 0
04-28 17:11:57.280 D/pskey_bt(  327): char:0, 0
04-28 17:11:57.280 D/pskey_bt(  327): char:0, 0
04-28 17:11:57.280 D/pskey_bt(  327): char:0, 0
04-28 17:11:57.280 D/pskey_bt(  327): char:0, 0
04-28 17:11:57.280 D/pskey_bt(  327): get_one_item(data) = 0x50000000
04-28 17:11:57.280 D/pskey_bt(  327): get_next_u32: here:50000000
04-28 17:11:57.280 D/pskey_bt(  327): char:5, 5
04-28 17:11:57.280 D/pskey_bt(  327): char:0, 0
04-28 17:11:57.280 D/pskey_bt(  327): char:0, 0
04-28 17:11:57.280 D/pskey_bt(  327): char:0, 0
04-28 17:11:57.280 D/pskey_bt(  327): char:0, 0
04-28 17:11:57.280 D/pskey_bt(  327): char:1, 1
04-28 17:11:57.280 D/pskey_bt(  327): char:5, 5
04-28 17:11:57.280 D/pskey_bt(  327): char:0, 0
04-28 17:11:57.280 D/pskey_bt(  327): get_one_item(data) = 0x50000150
04-28 17:11:57.280 D/pskey_bt(  327): get_next_u32: here:50000150
04-28 17:11:57.280 D/pskey_bt(  327): char:5, 5
04-28 17:11:57.280 D/pskey_bt(  327): char:0, 0
04-28 17:11:57.280 D/pskey_bt(  327): char:0, 0
04-28 17:11:57.280 D/pskey_bt(  327): char:0, 0
04-28 17:11:57.280 D/pskey_bt(  327): char:0, 0
04-28 17:11:57.280 D/pskey_bt(  327): char:1, 1
04-28 17:11:57.280 D/pskey_bt(  327): char:5, 5
04-28 17:11:57.280 D/pskey_bt(  327): char:0, 0
04-28 17:11:57.280 D/pskey_bt(  327): get_one_item(data) = 0x50000150
04-28 17:11:57.280 D/pskey_bt(  327): get_next_u32: here:50000150
04-28 17:11:57.280 D/pskey_bt(  327): char:5, 5
04-28 17:11:57.280 D/pskey_bt(  327): char:0, 0
04-28 17:11:57.280 D/pskey_bt(  327): char:0, 0
04-28 17:11:57.280 D/pskey_bt(  327): char:0, 0
04-28 17:11:57.280 D/pskey_bt(  327): char:0, 0
04-28 17:11:57.280 D/pskey_bt(  327): char:1, 1
04-28 17:11:57.280 D/pskey_bt(  327): char:5, 5
04-28 17:11:57.280 D/pskey_bt(  327): char:4, 4
04-28 17:11:57.280 D/pskey_bt(  327): get_one_item(data) = 0x50000154
04-28 17:11:57.280 D/pskey_bt(  327): get_next_u32: here:50000154
04-28 17:11:57.280 D/pskey_bt(  327): char:F, F
04-28 17:11:57.280 D/pskey_bt(  327): char:F, F
04-28 17:11:57.280 D/pskey_bt(  327): char:F, F
04-28 17:11:57.280 D/pskey_bt(  327): char:F, F
04-28 17:11:57.280 D/pskey_bt(  327): char:F, F
04-28 17:11:57.280 D/pskey_bt(  327): char:F, F
04-28 17:11:57.280 D/pskey_bt(  327): char:F, F
04-28 17:11:57.280 D/pskey_bt(  327): char:F, F
04-28 17:11:57.280 D/pskey_bt(  327): get_one_item(data) = 0xffffffff
04-28 17:11:57.280 D/pskey_bt(  327): get_next_u32: here:ffffffff
04-28 17:11:57.280 D/pskey_bt(  327): char:1, 1
04-28 17:11:57.280 D/pskey_bt(  327): char:0, 0
04-28 17:11:57.280 D/pskey_bt(  327): char:0, 0
04-28 17:11:57.280 D/pskey_bt(  327): get_one_item(data) = 0x100
04-28 17:11:57.280 D/pskey_bt(  327): get_next_u16: here:100
04-28 17:11:57.280 D/pskey_bt(  327): char:A, A
04-28 17:11:57.280 D/pskey_bt(  327): char:0, 0
04-28 17:11:57.280 D/pskey_bt(  327): get_one_item(data) = 0xa0
04-28 17:11:57.280 D/pskey_bt(  327): get_next_u16: here:a0
04-28 17:11:57.280 D/pskey_bt(  327): char:D, D
04-28 17:11:57.280 D/pskey_bt(  327): char:C, C
04-28 17:11:57.290 D/pskey_bt(  327): get_one_item(data) = 0xdc
04-28 17:11:57.290 D/pskey_bt(  327): get_next_u16: here:dc
04-28 17:11:57.290 D/pskey_bt(  327): char:2, 2
04-28 17:11:57.290 D/pskey_bt(  327): char:0, 0
04-28 17:11:57.290 D/pskey_bt(  327): get_one_item(data) = 0x20
04-28 17:11:57.290 D/pskey_bt(  327): get_next_u16: here:20
04-28 17:11:57.290 D/pskey_bt(  327): char:5, 5
04-28 17:11:57.290 D/pskey_bt(  327): char:5, 5
04-28 17:11:57.290 D/pskey_bt(  327): get_one_item(data) = 0x55
04-28 17:11:57.290 D/pskey_bt(  327): get_next_u16: here:55
04-28 17:11:57.290 D/pskey_bt(  327): char:6, 6
04-28 17:11:57.290 D/pskey_bt(  327): char:4, 4
04-28 17:11:57.290 D/pskey_bt(  327): get_one_item(data) = 0x64
04-28 17:11:57.290 D/pskey_bt(  327): get_next_u16: here:64
04-28 17:11:57.290 D/pskey_bt(  327): char:0, 0
04-28 17:11:57.290 D/pskey_bt(  327): get_one_item(data) = 0x0
04-28 17:11:57.290 D/pskey_bt(  327): get_next_u32: here:0
04-28 17:11:57.290 D/pskey_bt(  327): char:8, 8
04-28 17:11:57.290 D/pskey_bt(  327): get_one_item(data) = 0x8
04-28 17:11:57.290 D/pskey_bt(  327): get_next_u16: here:8
04-28 17:11:57.290 D/pskey_bt(  327): char:1, 1
04-28 17:11:57.290 D/pskey_bt(  327): char:3, 3
04-28 17:11:57.290 D/pskey_bt(  327): char:C, C
04-28 17:11:57.290 D/pskey_bt(  327): get_one_item(data) = 0x13c
04-28 17:11:57.290 D/pskey_bt(  327): get_next_u16: here:13c
04-28 17:11:57.290 D/pskey_bt(  327): char:2, 2
04-28 17:11:57.290 D/pskey_bt(  327): get_one_item(data) = 0x2
04-28 17:11:57.290 D/pskey_bt(  327): get_next_u16: here:2
04-28 17:11:57.290 D/pskey_bt(  327): char:D, D
04-28 17:11:57.290 D/pskey_bt(  327): char:7, 7
04-28 17:11:57.290 D/pskey_bt(  327): char:0, 0
04-28 17:11:57.290 D/pskey_bt(  327): char:4, 4
04-28 17:11:57.290 D/pskey_bt(  327): get_one_item(data) = 0xd704
04-28 17:11:57.290 D/pskey_bt(  327): get_next_u16: here:d704
04-28 17:11:57.290 D/pskey_bt(  327): char:8, 8
04-28 17:11:57.290 D/pskey_bt(  327): char:8, 8
04-28 17:11:57.290 D/pskey_bt(  327): char:8, 8
04-28 17:11:57.290 D/pskey_bt(  327): char:8, 8
04-28 17:11:57.290 D/pskey_bt(  327): char:8, 8
04-28 17:11:57.290 D/pskey_bt(  327): char:8, 8
04-28 17:11:57.290 D/pskey_bt(  327): char:8, 8
04-28 17:11:57.290 D/pskey_bt(  327): char:8, 8
04-28 17:11:57.290 D/pskey_bt(  327): get_one_item(data) = 0x88888888
04-28 17:11:57.290 D/pskey_bt(  327): get_next_u32: here:88888888
04-28 17:11:57.290 D/pskey_bt(  327): char:6, 6
04-28 17:11:57.290 D/pskey_bt(  327): get_one_item(data) = 0x6
04-28 17:11:57.290 D/pskey_bt(  327): get_next_u16: here:6
04-28 17:11:57.290 D/pskey_bt(  327): char:0, 0
04-28 17:11:57.290 D/pskey_bt(  327): get_one_item(data) = 0x0
04-28 17:11:57.290 D/pskey_bt(  327): get_next_u16: here:0
04-28 17:11:57.290 D/pskey_bt(  327): char:0, 0
04-28 17:11:57.290 D/pskey_bt(  327): char:0, 0
04-28 17:11:57.290 D/pskey_bt(  327): char:0, 0
04-28 17:11:57.290 D/pskey_bt(  327): char:1, 1
04-28 17:11:57.290 D/pskey_bt(  327): get_one_item(data) = 0x1
04-28 17:11:57.290 D/pskey_bt(  327): get_next_u32: here:1
04-28 17:11:57.290 D/pskey_bt(  327): char:0, 0
04-28 17:11:57.290 D/pskey_bt(  327): char:0, 0
04-28 17:11:57.290 D/pskey_bt(  327): char:0, 0
04-28 17:11:57.290 D/pskey_bt(  327): char:0, 0
04-28 17:11:57.290 D/pskey_bt(  327): get_one_item(data) = 0x0
04-28 17:11:57.290 D/pskey_bt(  327): get_next_u32: here:0
04-28 17:11:57.290 D/pskey_bt(  327): char:0, 0
04-28 17:11:57.290 D/pskey_bt(  327): char:0, 0
04-28 17:11:57.290 D/pskey_bt(  327): char:0, 0
04-28 17:11:57.290 D/pskey_bt(  327): char:0, 0
04-28 17:11:57.290 D/pskey_bt(  327): get_one_item(data) = 0x0
04-28 17:11:57.290 D/pskey_bt(  327): get_next_u32: here:0
04-28 17:11:57.290 D/pskey_bt(  327): char:0, 0
04-28 17:11:57.290 D/pskey_bt(  327): char:0, 0
04-28 17:11:57.290 D/pskey_bt(  327): char:0, 0
04-28 17:11:57.290 D/pskey_bt(  327): char:0, 0
04-28 17:11:57.290 D/pskey_bt(  327): get_one_item(data) = 0x0
04-28 17:11:57.290 D/pskey_bt(  327): get_next_u32: here:0
04-28 17:11:57.290 D/pskey_bt(  327): char:0, 0
04-28 17:11:57.290 D/pskey_bt(  327): char:0, 0
04-28 17:11:57.290 D/pskey_bt(  327): char:0, 0
04-28 17:11:57.290 D/pskey_bt(  327): char:0, 0
04-28 17:11:57.290 D/pskey_bt(  327): get_one_item(data) = 0x0
04-28 17:11:57.290 D/pskey_bt(  327): get_next_u32: here:0
04-28 17:11:57.290 D/pskey_bt(  327): char:0, 0
04-28 17:11:57.290 D/pskey_bt(  327): char:0, 0
04-28 17:11:57.290 D/pskey_bt(  327): char:0, 0
04-28 17:11:57.290 D/pskey_bt(  327): char:0, 0
04-28 17:11:57.290 D/pskey_bt(  327): get_one_item(data) = 0x0
04-28 17:11:57.290 D/pskey_bt(  327): get_next_u32: here:0
04-28 17:11:57.290 D/pskey_bt(  327): char:0, 0
04-28 17:11:57.290 D/pskey_bt(  327): char:0, 0
04-28 17:11:57.290 D/pskey_bt(  327): char:0, 0
04-28 17:11:57.290 D/pskey_bt(  327): char:0, 0
04-28 17:11:57.290 D/pskey_bt(  327): get_one_item(data) = 0x0
04-28 17:11:57.290 D/pskey_bt(  327): get_next_u32: here:0
04-28 17:11:57.290 D/pskey_bt(  327): char:0, 0
04-28 17:11:57.290 D/pskey_bt(  327): char:0, 0
04-28 17:11:57.290 D/pskey_bt(  327): char:0, 0
04-28 17:11:57.290 D/pskey_bt(  327): char:0, 0
04-28 17:11:57.290 D/pskey_bt(  327): get_one_item(data) = 0x0
04-28 17:11:57.290 D/pskey_bt(  327): get_next_u32: here:0
04-28 17:11:57.290 D/pskey_bt(  327): char:0, 0
04-28 17:11:57.290 D/pskey_bt(  327): char:0, 0
04-28 17:11:57.290 D/pskey_bt(  327): char:0, 0
04-28 17:11:57.290 D/pskey_bt(  327): char:0, 0
04-28 17:11:57.290 D/pskey_bt(  327): get_one_item(data) = 0x0
04-28 17:11:57.290 D/pskey_bt(  327): get_next_u32: here:0
04-28 17:11:57.290 D/pskey_bt(  327): get_one_item(data) = 0x0
04-28 17:11:57.290 D/pskey_bt(  327): get_next_u32: here:0
04-28 17:11:57.290 D/pskey_bt(  327): leave out tmp_buff=
04-28 17:11:57.290 D/pskey_bt(  327): parse pskey success, tmp_buff=0x1b37120
04-28 17:11:57.290 D/pskey_bt(  327): ret get pskey from file =0
04-28 17:11:57.290 D/pskey_bt(  327): data/btmac.txt does not exist 0 
04-28 17:11:57.390 D/pskey_bt(  327): tmp_mac:008898adc6e5
04-28 17:11:57.390 D/pskey_bt(  327): e5  
04-28 17:11:57.390 D/pskey_bt(  327): c6  
04-28 17:11:57.390 D/pskey_bt(  327): ad  
04-28 17:11:57.390 D/pskey_bt(  327): 98  
04-28 17:11:57.390 D/pskey_bt(  327): 88  
04-28 17:11:57.390 D/pskey_bt(  327): 0  
04-28 17:11:57.420 I/Gonk    (   83): RIL[1]: OnConnectSuccess
04-28 17:11:57.730 I/Gecko   (   83): 1398705117742	Marionette	DEBUG	accepted connection on 127.0.0.1:42619
04-28 17:11:57.900 E/bluedroid(   83): test bt_is_enabled
04-28 17:11:58.520 D/NetUtils(   83): failed to remove default route for wlan0: No such device
04-28 17:11:58.530 W/WifiHW  (   83): wifi_load_driver enter 262
04-28 17:11:58.530 W/WifiHW  (   83): DRIVER_MODULE_PATH= DRIVER_MODULE_ARG= 
04-28 17:11:58.530 W/WifiHW  (   83): driver insmod complete 
04-28 17:11:58.530 W/WifiHW  (   83): Driver() loaded succesffuly
04-28 17:11:58.740 W/WifiHW  (   86): wifi_change_fw_path: /system/lib/modules/itm_sta.ko
04-28 17:11:58.740 D/WifiHW  (   86): Unable to unload driver module "itm_ap.ko": No such file or directory
04-28 17:11:58.940 D/WifiHW  (   86): Unable to unload driver module "itm_sta.ko": No such file or directory
04-28 17:11:59.140 W/WifiHW  (   86): insmod filename=/system/lib/modules/itm_sta.ko args= 
04-28 17:11:59.260 V/AudioPolicyManagerBase(   88): setStreamVolumeIndex() stream 3, index 15
04-28 17:11:59.260 E/AudioPolicyManagerBase(   88): checkAndSetVolume stream=3, index=15, output=1, device=2
04-28 17:11:59.260 E/AudioPolicyManagerBase(   88): computeVolume, streamDesc=0x16b8bf0
04-28 17:11:59.260 V/AudioPolicyManagerBase(   88): VOLUME vol index=[60 100 100], dB=[-11.0 0.0 0.0] ampl=1.00000
04-28 17:11:59.260 V/AudioPolicyManagerBase(   88): setStreamVolumeIndex() stream 1, index 15
04-28 17:11:59.260 E/AudioPolicyManagerBase(   88): checkAndSetVolume stream=1, index=15, output=1, device=2
04-28 17:11:59.260 E/AudioPolicyManagerBase(   88): computeVolume, streamDesc=0x16b8bb8
04-28 17:11:59.260 V/AudioPolicyManagerBase(   88): VOLUME vol index=[60 100 100], dB=[-11.0 0.0 0.0] ampl=1.00000
04-28 17:11:59.260 V/AudioPolicyManagerBase(   88): setStreamVolumeIndex() stream 5, index 15
04-28 17:11:59.260 E/AudioPolicyManagerBase(   88): checkAndSetVolume stream=5, index=15, output=1, device=2
04-28 17:11:59.260 E/AudioPolicyManagerBase(   88): computeVolume, streamDesc=0x16b8c28
04-28 17:11:59.260 V/AudioPolicyManagerBase(   88): VOLUME vol index=[66 100 100], dB=[-10.2 0.0 0.0] ampl=1.00000
04-28 17:11:59.260 V/AudioPolicyManagerBase(   88): setStreamVolumeIndex() stream 2, index 15
04-28 17:11:59.260 E/AudioPolicyManagerBase(   88): checkAndSetVolume stream=2, index=15, output=1, device=2
04-28 17:11:59.260 E/AudioPolicyManagerBase(   88): computeVolume, streamDesc=0x16b8bd4
04-28 17:11:59.260 V/AudioPolicyManagerBase(   88): VOLUME vol index=[66 100 100], dB=[-10.2 0.0 0.0] ampl=1.00000
04-28 17:11:59.260 V/AudioPolicyManagerBase(   88): setStreamVolumeIndex() stream 4, index 15
04-28 17:11:59.260 E/AudioPolicyManagerBase(   88): checkAndSetVolume stream=4, index=15, output=1, device=2
04-28 17:11:59.260 E/AudioPolicyManagerBase(   88): computeVolume, streamDesc=0x16b8c0c
04-28 17:11:59.260 V/AudioPolicyManagerBase(   88): VOLUME vol index=[66 100 100], dB=[-10.2 0.0 0.0] ampl=1.00000
04-28 17:11:59.260 V/AudioPolicyManagerBase(   88): setStreamVolumeIndex() stream 0, index 5
04-28 17:11:59.260 E/AudioPolicyManagerBase(   88): checkAndSetVolume stream=0, index=5, output=1, device=2
04-28 17:11:59.260 E/AudioPolicyManagerBase(   88): computeVolume, streamDesc=0x16b8b9c
04-28 17:11:59.260 V/AudioPolicyManagerBase(   88): VOLUME vol index=[66 100 100], dB=[-17.0 0.0 0.0] ampl=1.00000
04-28 17:11:59.260 V/AudioPolicyManagerBase(   88): setStreamVolumeIndex() stream 6, index 15
04-28 17:11:59.260 V/AudioPolicyManagerBase(   88): checkAndSetVolume() cannot set stream 6 volume with force use = 0 for comm
04-28 17:11:59.580 I/VolumeManager(   83): SetSharingMode for volume sdcard to 1 canBeShared = 1
04-28 17:11:59.580 I/AutoMounter(   83): UpdateState: umsAvail:1 umsEnabled:1 mode:0 usbCablePluggedIn:1 tryToShare:0
04-28 17:11:59.580 I/AutoMounter(   83): UpdateState: Volume sdcard is NoMedia and missing
04-28 17:11:59.830 I/Gecko   (   83): ###################################### forms.js loaded
04-28 17:11:59.840 I/Gecko   (   83): ############################### browserElementPanning.js loaded
04-28 17:11:59.860 I/Gecko   (   83): ######################## BrowserElementChildPreload.js loaded
04-28 17:11:59.890 I/Gecko   (   83): *** UTM:SVC TimerManager:registerTimer - id: user-agent-updates-timer
04-28 17:11:59.890 E/GeckoConsole(   83): UTM:SVC TimerManager:registerTimer - id: user-agent-updates-timer
04-28 17:12:00.730 E/Profiler(  346): BEGIN mozilla_sampler_init
04-28 17:12:00.750 E/Profiler(  346): BPUnw: [1 total] thread_register_for_profiling(me=0x400e4488, stacktop=0xbebfa9b7)
04-28 17:12:00.760 E/Profiler(  346): SPS:
04-28 17:12:00.760 E/Profiler(  346): SPS: Unwind mode       = pseudo
04-28 17:12:00.760 E/Profiler(  346): SPS: Sampling interval = 0 ms (zero means "platform default")
04-28 17:12:00.760 E/Profiler(  346): SPS: Entry store size  = 0 (zero means "platform default")
04-28 17:12:00.760 E/Profiler(  346): SPS: UnwindStackScan   = 0 (max dubious frames per unwind).
04-28 17:12:00.760 E/Profiler(  346): SPS: Use env var MOZ_PROFILER_MODE=help for further information.
04-28 17:12:00.760 E/Profiler(  346): SPS:
04-28 17:12:00.760 E/Profiler(  346): Registering start signal
04-28 17:12:01.400 E/GeckoConsole(   83): [JavaScript Warning: "Error in parsing value for 'font-weight'.  Declaration dropped." {file: "app://system.gaiamobile.org/style/shrinking_ui/shrinking_ui.css" line: 9 column: 15 source: "  font-weight: medium;"}]
04-28 17:12:01.540 E/Profiler(   83): BPUnw: [1 total] thread_unregister_for_profiling(me=0xf93f48)  (NOT REGISTERED) 
04-28 17:12:01.640 E/GeckoConsole(  346): Could not read chrome manifest 'file:///system/b2g/chrome.manifest'.
04-28 17:12:01.730 D/SoftapController(   86): Softap fwReload - Ok
04-28 17:12:01.730 E/BandwidthController(   86): No such iface wlan0 to delete
04-28 17:12:01.820 D/Sensors (   83): activate handle=0; drv=0
04-28 17:12:01.820 D/Sensors (   83): Lis3dhSensor: Control set 0
04-28 17:12:01.820 D/Sensors (   83): Lis3dhSensor: mEnabled = 0
04-28 17:12:01.830 I/Gecko   (   83): MobileConnection initialized
04-28 17:12:01.830 I/Gecko   (   83): MobileConnection initialized
04-28 17:12:02.340 I/Gecko   (   83): Attempting load of libEGL.so
04-28 17:12:02.380 D/libEGL  (   83): loaded /system/lib/egl/libEGL_mali.so
04-28 17:12:02.410 D/libEGL  (   83): loaded /system/lib/egl/libGLESv1_CM_mali.so
04-28 17:12:02.420 D/libEGL  (   83): loaded /system/lib/egl/libGLESv2_mali.so
04-28 17:12:02.430 I/HWComposer(   83): Creating new instance
04-28 17:12:02.430 E/HWComposer(   83): Failed to initialize hwc
04-28 17:12:02.490 E/GeckoConsole(   83): OpenGL compositor Initialized Succesfully.
04-28 17:12:02.490 E/GeckoConsole(   83): Version: OpenGL ES 2.0 Spreadtrum Build
04-28 17:12:02.490 E/GeckoConsole(   83): Vendor: ARM
04-28 17:12:02.490 E/GeckoConsole(   83): Renderer: Mali-300
04-28 17:12:02.490 E/GeckoConsole(   83): FBO Texture Target: TEXTURE_2D
04-28 17:12:04.390 I/power   (   83): *** set_screen_state 1
04-28 17:12:04.390 D/Sensors (   83): activate handle=3; drv=1
04-28 17:12:04.390 D/Sensors (   83): SensorTMD2771::setEnable=0= en=1; newState=1; what=0; mEnabled=0
04-28 17:12:04.490 D/Sensors (   83): taos ---Light::TAOS_IOCTL_ALS_ON=== err=0
04-28 17:12:04.490 D/Sensors (   83): SensorTMD2771::setEnable=1= en=1; newState=1; what=0; mEnabled=1
04-28 17:12:04.490 D/Sensors (   83): SensorTMD2771::getEnable===mEnabled=0x1; enable=1
04-28 17:12:04.500 I/GeckoDump(   83): XXX FIXME : Got a mozContentEvent: nfc-hardware-state-change
04-28 17:12:04.550 I/Gecko   (   83): ############################### browserElementPanning.js loaded
04-28 17:12:04.570 I/Gecko   (   83): ######################## BrowserElementChildPreload.js loaded
04-28 17:12:04.610 I/GeckoDump(   83): XXX FIXME : Got a mozContentEvent: system-message-listener-ready
04-28 17:12:04.700 I/Gecko   (   83): 1398705124704	Marionette	DEBUG	accepted connection on 127.0.0.1:42620
04-28 17:12:04.900 I/Gonk    (   83): Setting nice for pid 361 to 18
04-28 17:12:04.900 I/Gonk    (   83): Changed nice for pid 361 from 0 to 18.
04-28 17:12:04.970 D/Sensors (   83): SensorTMD2771::readEvents()======data_fd=53,count=16
04-28 17:12:04.970 D/Sensors (   83): SensorTMD2771::processEvent()=====code=40::value=891 
04-28 17:12:04.970 D/Sensors (   83): SensorTMD2771: mPendingEvents[Light].light = 891.000000
04-28 17:12:05.240 E/WifiHW  (   83): Leo ensure_config_file_exists config_file=/data/misc/wifi/wpa_supplicant.conf
04-28 17:12:05.250 E/WifiHW  (   83): daemon_cmd=wpa_supplicant:-iwlan0 -c/data/misc/wifi/wpa_supplicant.conf
04-28 17:12:05.360 E/GeckoConsole(   83): [JavaScript Warning: "Error in parsing value for 'padding'.  Declaration dropped." {file: "app://callscreen.gaiamobile.org/style/oncall.css" line: 280 column: 13 source: "    padding: none;"}]
04-28 17:12:05.840 I/Gecko   (   83): MobileConnection initialized
04-28 17:12:05.850 I/Gecko   (   83): MobileConnection initialized
04-28 17:12:06.150 V/AudioPolicyManagerBase(   88): getDeviceForStrategy() from cache strategy 0, device 2
04-28 17:12:06.150 V/AudioPolicyManagerBase(   88): getOutput() stream 3, samplingRate 0, format 0, channels 3, flags 0
04-28 17:12:06.610 W/WifiHW  (   83): wifi_command: LOG_LEVEL
04-28 17:12:06.620 W/WifiHW  (   83): wifi_command: STATUS
04-28 17:12:06.900 I/Gecko   (   83): 1398705126904	Marionette	INFO	loaded marionette-listener.js
04-28 17:12:06.900 I/Gecko   (   83): 1398705126906	Marionette	INFO	sendToClient: {"from":"0","value":"3-b2g"}, {c6224ad6-a97e-474a-9c97-c44da17811fd}, {c6224ad6-a97e-474a-9c97-c44da17811fd}
04-28 17:12:06.920 W/WifiHW  (   83): wifi_command: LIST_NETWORKS
04-28 17:12:06.930 W/WifiHW  (   83): wifi_command: DRIVER MACADDR
04-28 17:12:07.020 W/WifiHW  (   83): wifi_command: GET_NETWORK 0 ssid
04-28 17:12:07.020 W/WifiHW  (   83): wifi_command: GET_NETWORK 0 bssid
04-28 17:12:07.020 W/WifiHW  (   83): wifi_command: GET_NETWORK 0 psk
04-28 17:12:07.020 W/WifiHW  (   83): wifi_command: GET_NETWORK 0 wep_key0
04-28 17:12:07.030 W/WifiHW  (   83): wifi_command: GET_NETWORK 0 wep_key1
04-28 17:12:07.030 W/WifiHW  (   83): wifi_command: GET_NETWORK 0 wep_key2
04-28 17:12:07.030 W/WifiHW  (   83): wifi_command: GET_NETWORK 0 wep_key3
04-28 17:12:07.030 W/WifiHW  (   83): wifi_command: GET_NETWORK 0 wep_tx_keyidx
04-28 17:12:07.030 W/WifiHW  (   83): wifi_command: GET_NETWORK 0 priority
04-28 17:12:07.030 W/WifiHW  (   83): wifi_command: GET_NETWORK 0 key_mgmt
04-28 17:12:07.030 W/WifiHW  (   83): wifi_command: GET_NETWORK 0 scan_ssid
04-28 17:12:07.030 W/WifiHW  (   83): wifi_command: GET_NETWORK 0 disabled
04-28 17:12:07.030 W/WifiHW  (   83): wifi_command: GET_NETWORK 0 identity
04-28 17:12:07.030 W/WifiHW  (   83): wifi_command: GET_NETWORK 0 password
04-28 17:12:07.030 W/WifiHW  (   83): wifi_command: GET_NETWORK 0 auth_alg
04-28 17:12:07.030 W/WifiHW  (   83): wifi_command: GET_NETWORK 0 phase1
04-28 17:12:07.030 W/WifiHW  (   83): wifi_command: GET_NETWORK 0 phase2
04-28 17:12:07.030 W/WifiHW  (   83): wifi_command: GET_NETWORK 0 eap
04-28 17:12:07.030 W/WifiHW  (   83): wifi_command: GET_NETWORK 0 pin
04-28 17:12:07.040 W/WifiHW  (   83): wifi_command: GET_NETWORK 0 pcsc
04-28 17:12:07.060 W/WifiHW  (   83): wifi_command: ENABLE_NETWORK 0
04-28 17:12:07.060 W/WifiHW  (   83): wifi_command: AP_SCAN 1
04-28 17:12:07.080 W/WifiHW  (   83): wifi_command: SAVE_CONFIG
04-28 17:12:07.120 I/Gecko   (   83): 1398705127128	Marionette	INFO	sendToClient: {"from":"0","value":{"ELEMENT":"{0de62fd6-3606-4da4-902c-f44529fb48a8}"}}, {85122e72-46ea-4c8d-bbe8-164757ab5484}, {85122e72-46ea-4c8d-bbe8-164757ab5484}
04-28 17:12:07.270 I/Gecko   (   83): 1398705127281	Marionette	INFO	sendToClient: {"from":"0","value":false}, {77adf19e-e555-4e7a-8032-5768acc04eb1}, {77adf19e-e555-4e7a-8032-5768acc04eb1}
04-28 17:12:07.570 I/Gecko   (   83): 1398705127574	Marionette	INFO	sendToClient: {"from":"0","value":{"ELEMENT":"{0de62fd6-3606-4da4-902c-f44529fb48a8}"}}, {56b77689-1d78-445d-9d34-01c3f0cac1c3}, {56b77689-1d78-445d-9d34-01c3f0cac1c3}
04-28 17:12:07.620 W/WifiHW  (   83): wifi_command: SCAN_RESULTS
04-28 17:12:07.640 W/WifiHW  (   83): wifi_command: DRIVER SCAN-PASSIVE
04-28 17:12:07.720 I/Gecko   (   83): 1398705127730	Marionette	INFO	sendToClient: {"from":"0","value":false}, {98113996-3ab6-4dda-aa23-fd663fd52fed}, {98113996-3ab6-4dda-aa23-fd663fd52fed}
04-28 17:12:08.460 I/Gecko   (   83): 1398705128473	Marionette	INFO	sendToClient: {"from":"0","value":{"ELEMENT":"{0de62fd6-3606-4da4-902c-f44529fb48a8}"}}, {01d4870c-cc5e-4d0a-b0a3-fd0584f83f81}, {01d4870c-cc5e-4d0a-b0a3-fd0584f83f81}
04-28 17:12:08.510 I/Gecko   (   83): 1398705128520	Marionette	INFO	sendToClient: {"from":"0","value":false}, {5ae39f3a-ec49-4ed9-bdb7-526d9cc2fc8b}, {5ae39f3a-ec49-4ed9-bdb7-526d9cc2fc8b}
04-28 17:12:08.630 I/GeckoDump(   83): XXX FIXME : Got a mozContentEvent: accessibility-screenreader
04-28 17:12:08.670 I/GeckoDump(   83): XXX FIXME : Got a mozContentEvent: nfc-hardware-state-change
04-28 17:12:08.850 W/WifiHW  (   83): wifi_command: DRIVER SCAN-ACTIVE
04-28 17:12:08.930 W/WifiHW  (   83): wifi_command: SCAN
04-28 17:12:09.150 W/WifiHW  (   83): wifi_command: DRIVER SCAN-PASSIVE
04-28 17:12:09.180 I/Gecko   (   83): 1398705129185	Marionette	INFO	sendToClient: {"from":"0","value":{"ELEMENT":"{0de62fd6-3606-4da4-902c-f44529fb48a8}"}}, {e67fdcec-3663-43ca-81d7-50b4d8402f7e}, {e67fdcec-3663-43ca-81d7-50b4d8402f7e}
04-28 17:12:09.300 I/Gecko   (   83): 1398705129313	Marionette	INFO	sendToClient: {"from":"0","value":true}, {43bf6e3e-6b12-4ee5-aee1-730b0e6c4efb}, {43bf6e3e-6b12-4ee5-aee1-730b0e6c4efb}
04-28 17:12:09.560 I/FMRadio (   83): FMRadio is initialized.
04-28 17:12:09.580 E/GeckoConsole(   83): Content JS ERROR at app://system.gaiamobile.org/js/telephony_settings.js:23 in set_vpm_error: Error setting voice privacy.
04-28 17:12:09.600 E/GeckoConsole(   83): Content JS ERROR at app://system.gaiamobile.org/js/telephony_settings.js:23 in set_vpm_error: Error setting voice privacy.
04-28 17:12:09.600 E/GeckoConsole(   83): Content JS ERROR at app://system.gaiamobile.org/js/telephony_settings.js:42 in set_vpm_error: Error roaming preference.
04-28 17:12:09.600 E/GeckoConsole(   83): Content JS ERROR at app://system.gaiamobile.org/js/telephony_settings.js:42 in set_vpm_error: Error roaming preference.
04-28 17:12:10.160 E/Profiler(   83): BPUnw: [1 total] thread_unregister_for_profiling(me=0xf93e88)  (NOT REGISTERED) 
04-28 17:12:10.240 I/GeckoDump(   83): XXX FIXME : Got a mozContentEvent: inputmethod-update-layouts
04-28 17:12:10.440 I/Gecko   (   83): ############################### browserElementPanning.js loaded
04-28 17:12:10.520 I/Gecko   (   83): ######################## BrowserElementChildPreload.js loaded
04-28 17:12:10.580 I/GeckoDump(   83): XXX FIXME : Got a mozContentEvent: inputmethod-update-layouts
04-28 17:12:11.340 E/GeckoConsole(   83): [JavaScript Warning: "Error in parsing value for 'font-weight'.  Declaration dropped." {file: "app://keyboard.gaiamobile.org/style/keyboard.css" line: 133 column: 15 source: "  font-weight: medium;"}]
04-28 17:12:11.960 I/Gecko   (   83): 1398705131965	Marionette	INFO	sendToClient: {"from":"0","ok":true}, {61922a92-52c5-4c7b-af78-5eb2e8b0d369}, {61922a92-52c5-4c7b-af78-5eb2e8b0d369}
04-28 17:12:12.000 I/Gecko   (   83): 1398705132005	Marionette	DEBUG	Got request: switchToFrame, data: {"to":"0","sessionId":"3-b2g","name":"switchToFrame","parameters":{"id":null,"focus":true}}, id: {0aed1d3b-3fc9-4dc5-a628-40b45ab6aa40}
04-28 17:12:12.020 I/Gecko   (   83): 1398705132024	Marionette	INFO	Switched to frame: {"frameValue":null}
04-28 17:12:12.050 W/WifiHW  (   83): wifi_command: SCAN_RESULTS
04-28 17:12:12.050 W/WifiHW  (   83): wifi_command: DRIVER SCAN-PASSIVE
04-28 17:12:12.090 W/WifiHW  (   83): wifi_command: GET_NETWORK 0 ssid
04-28 17:12:12.090 W/WifiHW  (   83): wifi_command: GET_NETWORK 0 bssid
04-28 17:12:12.090 W/WifiHW  (   83): wifi_command: GET_NETWORK 0 psk
04-28 17:12:12.090 W/WifiHW  (   83): wifi_command: GET_NETWORK 0 wep_key0
04-28 17:12:12.090 W/WifiHW  (   83): wifi_command: GET_NETWORK 0 wep_key1
04-28 17:12:12.090 W/WifiHW  (   83): wifi_command: GET_NETWORK 0 wep_key2
04-28 17:12:12.090 W/WifiHW  (   83): wifi_command: GET_NETWORK 0 wep_key3
04-28 17:12:12.090 W/WifiHW  (   83): wifi_command: GET_NETWORK 0 wep_tx_keyidx
04-28 17:12:12.090 W/WifiHW  (   83): wifi_command: GET_NETWORK 0 priority
04-28 17:12:12.100 W/WifiHW  (   83): wifi_command: GET_NETWORK 0 key_mgmt
