--------- beginning of /dev/log/main
04-27 14:43:19.613 E/Profiler(   83): BPUnw: [1 total] thread_unregister_for_profiling(me=0xa1ce88)  (NOT REGISTERED) 
04-27 14:43:19.703 E/Profiler(   83): BPUnw: [1 total] thread_unregister_for_profiling(me=0xa1c238)  (NOT REGISTERED) 
04-27 14:43:19.923 I/Gecko   (   83): 1398634999932	Marionette	INFO	sendToClient: {"from":"0","ok":true}, {fe867039-4e29-43b6-8312-80cca0107b90}, {fe867039-4e29-43b6-8312-80cca0107b90}
04-27 14:43:20.003 I/Gecko   (   83): 1398635000012	Marionette	DEBUG	Got request: switchToFrame, data: {"to":"0","sessionId":"3-b2g","name":"switchToFrame","parameters":{"id":null,"focus":true}}, id: {fa3cb890-f8cf-4b2e-9a5c-9c5df848d872}
04-27 14:43:20.003 I/Gecko   (   83): 1398635000014	Marionette	INFO	Switched to frame: {"frameValue":null}
04-27 14:43:20.103 I/Gecko   (   83): 1398635000117	Marionette	INFO	sendToClient: {"from":"0","ok":true}, {fa3cb890-f8cf-4b2e-9a5c-9c5df848d872}, {fa3cb890-f8cf-4b2e-9a5c-9c5df848d872}
04-27 14:43:20.123 I/Gecko   (   83): 1398635000131	Marionette	DEBUG	Got request: executeWithCallback, data: {"to":"0","sessionId":"3-b2g","name":"executeAsyncScript","parameters":{"specialPowers":false,"scriptTimeout":null,"newSandbox":true,"args":[],"filename":"gaia_test.py","script":"return GaiaApps.displayedApp();","line":66}}, id: {b6578979-eaf8-4590-8533-8e8f94d93fe8}
04-27 14:43:20.203 I/Gecko   (   83): 1398635000217	Marionette	INFO	sendToClient: {"from":"0","value":{"frame":{"ELEMENT":"{8c4006f7-b114-4729-9434-2bdcb5d1cb17}"},"src":"app://homescreen.gaiamobile.org/index.html#root","name":"Homescreen","origin":"app://homescreen.gaiamobile.org"}}, {b6578979-eaf8-4590-8533-8e8f94d93fe8}, {b6578979-eaf8-4590-8533-8e8f94d93fe8}
04-27 14:43:20.223 E/GeckoConsole(   83): Content JS LOG at dummy file:392 in GaiaApps.displayedApp: app with origin 'app://homescreen.gaiamobile.org' is displayed
04-27 14:43:20.223 I/Gecko   (   83): 1398635000237	Marionette	DEBUG	Got request: switchToFrame, data: {"to":"0","sessionId":"3-b2g","name":"switchToFrame","parameters":{"id":null,"focus":true}}, id: {38f39954-8d4c-42bf-ad4b-154ba30c72eb}
04-27 14:43:20.223 I/Gecko   (   83): 1398635000238	Marionette	INFO	Switched to frame: {"frameValue":null}
04-27 14:43:20.283 W/WifiHW  (   83): wifi_command: SIGNAL_POLL
04-27 14:43:20.343 I/Gecko   (   83): 1398635000353	Marionette	INFO	sendToClient: {"from":"0","ok":true}, {38f39954-8d4c-42bf-ad4b-154ba30c72eb}, {38f39954-8d4c-42bf-ad4b-154ba30c72eb}
04-27 14:43:20.353 I/Gecko   (   83): 1398635000362	Marionette	DEBUG	Got request: switchToFrame, data: {"to":"0","sessionId":"3-b2g","name":"switchToFrame","parameters":{"id":null,"focus":true}}, id: {57925fae-b643-4356-beb9-6b62f3c4a7d5}
04-27 14:43:20.363 I/Gecko   (   83): 1398635000370	Marionette	INFO	Switched to frame: {"frameValue":null}
04-27 14:43:20.463 I/Gecko   (   83): 1398635000473	Marionette	INFO	sendToClient: {"from":"0","ok":true}, {57925fae-b643-4356-beb9-6b62f3c4a7d5}, {57925fae-b643-4356-beb9-6b62f3c4a7d5}
04-27 14:43:20.473 I/Gecko   (   83): 1398635000480	Marionette	DEBUG	Got request: executeWithCallback, data: {"to":"0","sessionId":"3-b2g","name":"executeAsyncScript","parameters":{"specialPowers":false,"scriptTimeout":null,"newSandbox":true,"args":[],"filename":"gaia_test.py","script":"return GaiaApps.displayedApp();","line":66}}, id: {0383b93a-2a6b-438a-8d5b-a0c8412ac11a}
04-27 14:43:20.543 E/GeckoConsole(   83): Content JS LOG at dummy file:392 in GaiaApps.displayedApp: app with origin 'app://homescreen.gaiamobile.org' is displayed
04-27 14:43:20.543 I/Gecko   (   83): 1398635000552	Marionette	INFO	sendToClient: {"from":"0","value":{"frame":{"ELEMENT":"{8c4006f7-b114-4729-9434-2bdcb5d1cb17}"},"src":"app://homescreen.gaiamobile.org/index.html#root","name":"Homescreen","origin":"app://homescreen.gaiamobile.org"}}, {0383b93a-2a6b-438a-8d5b-a0c8412ac11a}, {0383b93a-2a6b-438a-8d5b-a0c8412ac11a}
04-27 14:43:20.543 I/Gecko   (   83): 1398635000559	Marionette	DEBUG	Got request: switchToFrame, data: {"to":"0","sessionId":"3-b2g","name":"switchToFrame","parameters":{"focus":true,"element":"{8c4006f7-b114-4729-9434-2bdcb5d1cb17}"}}, id: {2770e6e9-807c-48ab-8ba6-e84eb27762f2}
04-27 14:43:20.573 I/Gecko   (   83): 1398635000584	Marionette	INFO	Switched to frame: {"frameValue":"{8c4006f7-b114-4729-9434-2bdcb5d1cb17}"}
04-27 14:43:20.593 I/Gecko   (   83): 1398635000594	Marionette	INFO	trying remote frame 0
04-27 14:43:20.603 I/Gecko   (   83): 1398635000611	Marionette	INFO	trying remote frame 1
04-27 14:43:20.643 I/Gecko   (   83): 1398635000651	Marionette	INFO	sendToClient: {"from":"0","ok":true}, {2770e6e9-807c-48ab-8ba6-e84eb27762f2}, {2770e6e9-807c-48ab-8ba6-e84eb27762f2}
04-27 14:43:20.843 I/Gecko   (   83): 1398635000850	Marionette	INFO	sendToClient: {"from":"0","value":{"ELEMENT":"{d5946ce1-98fd-4161-accb-93ddb4814426}"}}, {e6588914-44a1-4ab6-bd7f-1c353ab7cba4}, {e6588914-44a1-4ab6-bd7f-1c353ab7cba4}
04-27 14:43:21.003 E/GeckoConsole(  850): [JavaScript Warning: "Use of getAttributeNode() is deprecated. Use getAttribute() instead." {file: "chrome://marionette/content/atoms.js" line: 25}]
04-27 14:43:21.013 E/GeckoConsole(  850): [JavaScript Warning: "Use of attributes' specified attribute is deprecated. It always returns true." {file: "chrome://marionette/content/atoms.js" line: 25}]
04-27 14:43:21.013 I/Gecko   (   83): 1398635001022	Marionette	INFO	sendToClient: {"from":"0","value":"normal"}, {8d2491af-c8db-4487-aa64-0cf2d843bad9}, {8d2491af-c8db-4487-aa64-0cf2d843bad9}
04-27 14:43:21.023 I/Gecko   (   83): 1398635001030	Marionette	DEBUG	Got request: switchToFrame, data: {"to":"0","sessionId":"3-b2g","name":"switchToFrame","parameters":{"id":null,"focus":true}}, id: {78eb7999-8459-45bf-8e26-e80fd7b91afe}
04-27 14:43:21.043 I/Gecko   (   83): 1398635001049	Marionette	INFO	Switched to frame: {"frameValue":null}
04-27 14:43:21.153 I/Gecko   (   83): 1398635001161	Marionette	INFO	sendToClient: {"from":"0","ok":true}, {78eb7999-8459-45bf-8e26-e80fd7b91afe}, {78eb7999-8459-45bf-8e26-e80fd7b91afe}
04-27 14:43:21.163 I/Gecko   (   83): 1398635001171	Marionette	DEBUG	Got request: execute, data: {"to":"0","sessionId":"3-b2g","name":"executeScript","parameters":{"specialPowers":false,"scriptTimeout":null,"newSandbox":true,"args":[],"filename":"gaia_test.py","script":"window.wrappedJSObject.dispatchEvent(new Event('home'));","line":788}}, id: {810d6d5b-6c04-49f7-b73f-6f21110f887e}
04-27 14:43:21.233 I/Gecko   (   83): 1398635001241	Marionette	INFO	sendToClient: {"from":"0","value":null}, {810d6d5b-6c04-49f7-b73f-6f21110f887e}, {810d6d5b-6c04-49f7-b73f-6f21110f887e}
04-27 14:43:21.243 I/Gecko   (   83): 1398635001250	Marionette	DEBUG	Got request: switchToFrame, data: {"to":"0","sessionId":"3-b2g","name":"switchToFrame","parameters":{"id":null,"focus":true}}, id: {10e31f63-759e-420b-a50e-9a59298da6b5}
04-27 14:43:21.243 I/Gecko   (   83): 1398635001252	Marionette	INFO	Switched to frame: {"frameValue":null}
04-27 14:43:21.353 I/Gecko   (   83): 1398635001362	Marionette	INFO	sendToClient: {"from":"0","ok":true}, {10e31f63-759e-420b-a50e-9a59298da6b5}, {10e31f63-759e-420b-a50e-9a59298da6b5}
04-27 14:43:21.363 I/Gecko   (   83): 1398635001372	Marionette	DEBUG	Got request: switchToFrame, data: {"to":"0","sessionId":"3-b2g","name":"switchToFrame","parameters":{"id":null,"focus":true}}, id: {10a83811-2061-425d-8bcb-7923822935bb}
04-27 14:43:21.363 I/Gecko   (   83): 1398635001374	Marionette	INFO	Switched to frame: {"frameValue":null}
04-27 14:43:21.473 I/Gecko   (   83): 1398635001481	Marionette	INFO	sendToClient: {"from":"0","ok":true}, {10a83811-2061-425d-8bcb-7923822935bb}, {10a83811-2061-425d-8bcb-7923822935bb}
04-27 14:43:21.493 I/Gecko   (   83): 1398635001501	Marionette	DEBUG	Got request: executeWithCallback, data: {"to":"0","sessionId":"3-b2g","name":"executeAsyncScript","parameters":{"specialPowers":false,"scriptTimeout":null,"newSandbox":true,"args":[],"filename":"gaia_test.py","script":"return GaiaApps.displayedApp();","line":66}}, id: {0b7054b0-59d5-463a-b105-747650a5bde3}
04-27 14:43:21.553 I/Gecko   (   83): 1398635001561	Marionette	INFO	sendToClient: {"from":"0","value":{"frame":{"ELEMENT":"{8c4006f7-b114-4729-9434-2bdcb5d1cb17}"},"src":"app://homescreen.gaiamobile.org/index.html#rootSun%20Apr%2027%202014%2014:43:21%20GMT-0700%20(UTC)","name":"Homescreen","origin":"app://homescreen.gaiamobile.org"}}, {0b7054b0-59d5-463a-b105-747650a5bde3}, {0b7054b0-59d5-463a-b105-747650a5bde3}
04-27 14:43:21.553 E/GeckoConsole(   83): Content JS LOG at dummy file:392 in GaiaApps.displayedApp: app with origin 'app://homescreen.gaiamobile.org' is displayed
04-27 14:43:21.573 I/Gecko   (   83): 1398635001581	Marionette	DEBUG	Got request: switchToFrame, data: {"to":"0","sessionId":"3-b2g","name":"switchToFrame","parameters":{"focus":true,"element":"{8c4006f7-b114-4729-9434-2bdcb5d1cb17}"}}, id: {0d214e2e-8730-4ade-86ee-3ecd6a62d38b}
04-27 14:43:21.583 I/Gecko   (   83): 1398635001594	Marionette	INFO	Switched to frame: {"frameValue":"{8c4006f7-b114-4729-9434-2bdcb5d1cb17}"}
04-27 14:43:21.583 I/Gecko   (   83): 1398635001597	Marionette	INFO	trying remote frame 0
04-27 14:43:21.583 I/Gecko   (   83): 1398635001598	Marionette	INFO	trying remote frame 1
04-27 14:43:21.903 I/Gecko   (   83): 1398635001911	Marionette	INFO	sendToClient: {"from":"0","ok":true}, {0d214e2e-8730-4ade-86ee-3ecd6a62d38b}, {0d214e2e-8730-4ade-86ee-3ecd6a62d38b}
04-27 14:43:21.913 I/Gecko   (   83): 1398635001919	Marionette	DEBUG	Got request: execute, data: {"to":"0","sessionId":"3-b2g","name":"executeScript","parameters":{"specialPowers":false,"scriptTimeout":null,"newSandbox":true,"args":[],"filename":"gaia_test.py","script":"return window.wrappedJSObject.GridManager.pageHelper.getCurrentPageNumber();","line":784}}, id: {15b17b78-b9e9-40a6-9275-01b536f0ca65}
04-27 14:43:22.073 I/Gecko   (   83): 1398635002088	Marionette	INFO	sendToClient: {"from":"0","value":0}, {15b17b78-b9e9-40a6-9275-01b536f0ca65}, {15b17b78-b9e9-40a6-9275-01b536f0ca65}
04-27 14:43:22.173 I/Gecko   (   83): 1398635002184	Marionette	INFO	sendToClient: {"from":"0","value":["{f089d430-f8b8-44af-a924-264e82c7c273}","{1d73041e-1ca0-4817-8415-a79874e15576}","{10b99c23-c58a-410a-8702-c124dd333e34}","{d1aa1b16-a09e-4cc9-9cf0-2eda5f750a52}","{faf67c47-8e02-4a6d-9f94-a1d4e84b7611}","{2c105b35-0e3a-4dd5-b970-4ac8dc4fabd7}","{848c8a3a-3ca6-4c2b-9678-266c37ab6ef8}","{4d580057-0a87-4e99-96cd-d59395deaad0}","{10497765-9492-4189-955c-1bcbde634044}","{a7ac4286-40af-4196-8bc5-c845c05f8996}","{1c83dd0b-2014-44d2-a85e-20be0eb13eef}","{db53c9f5-0f8b-4d7d-8f6c-06081d6cc848}","{1bd436bb-cefd-4865-b501-a1de632fd8be}","{58c8221a-53ee-454e-865c-5464e5c9d8e5}","{65769921-1ed9-4684-83f8-9fb87df76a03}","{60f0fdde-d2a9-4523-9517-eb779b869285}","{7d139b6c-9554-4294-bfad-c5dd4c0ff647}","{563e619d-f299-4402-9d1d-9dcdb7beeb18}","{a1b6c724-a960-448b-af2e-5aceff91a6ee}","{e00e9700-19c1-4901-82fb-ecb98711526d}","{2f90c0f7-f9bb-4df6-97e0-6d7fc2484401}","{b6da1d95-6ce7-449c-8b76-2f3093e2b10f}","{3b860b5e-eb13-40e1-b528-61daa6f12199}","{7654131f-11eb
04-27 14:43:22.273 I/Gecko   (   83): 1398635002281	Marionette	INFO	sendToClient: {"from":"0","value":"app://homescreen.gaiamobile.org/index.html#rootSun%20Apr%2027%202014%2014:43:21%20GMT-0700%20(UTC)"}, {7bba33d4-70e2-4075-97f1-9367c5674ffb}, {7bba33d4-70e2-4075-97f1-9367c5674ffb}
04-27 14:43:22.293 I/Gecko   (   83): 1398635002306	Marionette	DEBUG	Got request: switchToFrame, data: {"to":"0","sessionId":"3-b2g","name":"switchToFrame","parameters":{"id":null,"focus":true}}, id: {980796ea-1c1e-49db-9b61-4d2a36e765c8}
04-27 14:43:22.323 I/Gecko   (   83): 1398635002333	Marionette	INFO	Switched to frame: {"frameValue":null}
04-27 14:43:22.433 I/Gecko   (   83): 1398635002442	Marionette	INFO	sendToClient: {"from":"0","ok":true}, {980796ea-1c1e-49db-9b61-4d2a36e765c8}, {980796ea-1c1e-49db-9b61-4d2a36e765c8}
04-27 14:43:22.453 I/Gecko   (   83): 1398635002464	Marionette	DEBUG	Got request: switchToFrame, data: {"to":"0","sessionId":"3-b2g","name":"switchToFrame","parameters":{"id":null,"focus":true}}, id: {e025a1ef-93d9-4b46-9a37-9bc014e6ed55}
04-27 14:43:22.463 I/Gecko   (   83): 1398635002474	Marionette	INFO	Switched to frame: {"frameValue":null}
04-27 14:43:22.573 I/Gecko   (   83): 1398635002584	Marionette	INFO	sendToClient: {"from":"0","ok":true}, {e025a1ef-93d9-4b46-9a37-9bc014e6ed55}, {e025a1ef-93d9-4b46-9a37-9bc014e6ed55}
04-27 14:43:22.613 I/Gecko   (   83): 1398635002624	Marionette	DEBUG	Got request: executeWithCallback, data: {"to":"0","sessionId":"3-b2g","name":"executeAsyncScript","parameters":{"specialPowers":false,"scriptTimeout":30000,"newSandbox":true,"args":[],"filename":"app_checker.py","script":"GaiaApps.launchWithManifestURL('https://marketplace.firefox.com/app/7136bfc9-ae42-42c8-9f07-8f8b9f04d100/manifest.webapp')","line":106}}, id: {12c1e469-9381-4b31-9fa2-b7379b2b8fa0}
04-27 14:43:22.723 I/Gonk    (   83): Setting nice for pid 840 to 18
04-27 14:43:22.723 I/Gonk    (   83): Changed nice for pid 840 from 18 to 18.
04-27 14:43:22.723 I/Gecko   (   83): [Parent 83] WARNING: waitpid failed pid:840 errno:10: file ../../../gecko/ipc/chromium/src/base/process_util_posix.cc, line 254
04-27 14:43:22.743 I/Gonk    (   83): Setting nice for pid 840 to 1
04-27 14:43:22.743 I/Gonk    (   83): Changed nice for pid 840 from 18 to 1.
04-27 14:43:22.763 E/GeckoConsole(   83): Content JS LOG at dummy file:334 in GaiaApps.launch: launching app with name 'Daily'
04-27 14:43:22.853 E/[Gralloc-ERROR](   83): int gralloc_register_buffer(const gralloc_module_t*, const native_handle_t*):79 Unable to register handle 0x45f1b240 coming from different process: 83
04-27 14:43:22.863 E/[Gralloc-ERROR](   83): int gralloc_register_buffer(const gralloc_module_t*, const native_handle_t*):79 Unable to register handle 0x45f1b2e0 coming from different process: 83
04-27 14:43:22.873 E/[Gralloc-ERROR](   83): int gralloc_register_buffer(const gralloc_module_t*, const native_handle_t*):79 Unable to register handle 0x45f1b650 coming from different process: 83
04-27 14:43:22.873 E/[Gralloc-ERROR](   83): int gralloc_register_buffer(const gralloc_module_t*, const native_handle_t*):79 Unable to register handle 0x45f1b8d0 coming from different process: 83
04-27 14:43:23.263 I/Gonk    (   83): Setting nice for pid 850 to 18
04-27 14:43:23.263 I/Gonk    (   83): Changed nice for pid 850 from 1 to 18.
04-27 14:43:23.463 V/AudioPolicyManagerBase(   88): startOutput() output 1, stream 1, session 3
04-27 14:43:23.463 V/AudioPolicyManagerBase(   88): changeRefCount() stream 1, count 1
04-27 14:43:23.463 V/AudioPolicyManagerBase(   88): getDeviceForStrategy() from cache strategy 0, device 2
04-27 14:43:23.463 V/AudioPolicyManagerBase(   88): getNewDevice() selected device 2
04-27 14:43:23.463 D/AudioPolicyManagerBase(   88): setOutputDevice() output 1 device 2 delayMs 0
04-27 14:43:23.463 V/AudioPolicyManagerBase(   88): setOutputDevice() setting same device 2 or null device for output 1
04-27 14:43:23.463 E/AudioPolicyManagerBase(   88): checkAndSetVolume stream=1, index=0, output=1, device=2
04-27 14:43:23.463 E/AudioPolicyManagerBase(   88): computeVolume, streamDesc=0x1654bb8
04-27 14:43:23.483 W/AudioFlinger(   88): Thread AudioOut_1 cannot connect to the power manager service
04-27 14:43:23.483 V/AudioPolicyManagerBase(   88): stopOutput() output 1, stream 1, session 3
04-27 14:43:23.483 V/AudioPolicyManagerBase(   88): changeRefCount() stream 1, count 0
04-27 14:43:23.483 V/AudioPolicyManagerBase(   88): getNewDevice() selected device 0
04-27 14:43:23.483 D/AudioPolicyManagerBase(   88): setOutputDevice() output 1 device 0 delayMs 290
04-27 14:43:23.483 V/AudioPolicyManagerBase(   88): setOutputDevice() setting same device 0 or null device for output 1
04-27 14:43:23.483 V/AudioPolicyManagerBase(   88): releaseOutput() 1
04-27 14:43:24.223 I/Gecko   (  840): ###################################### forms.js loaded
04-27 14:43:24.263 I/Gecko   (  840): ############################### browserElementPanning.js loaded
04-27 14:43:24.293 I/Gecko   (  840): ######################## BrowserElementChildPreload.js loaded
04-27 14:43:25.303 W/WifiHW  (   83): wifi_command: SIGNAL_POLL
04-27 14:43:25.543 I/Gonk    (   83): Setting nice for pid 926 to 18
04-27 14:43:25.543 I/Gonk    (   83): Changed nice for pid 926 from 0 to 18.
04-27 14:43:25.673 I/log     (  936): <4>0[ 179.487891] select 850 (Homescreen), adj 8, size 6866, to kill 
04-27 14:43:26.253 E/GeckoConsole(  840): [JavaScript Warning: "Unknown property '-moz-border-radius'.  Declaration dropped." {file: "app://{904b3ca0-90b5-4b7a-8fe2-f28f15221d52}/css/globals/inputs.css" line: 26 column: 19 source: "	-moz-border-radius: 0em 1em 1em 0em;"}]
04-27 14:43:26.253 E/GeckoConsole(  840): [JavaScript Warning: "Unknown property '-moz-border-radius'.  Declaration dropped." {file: "app://{904b3ca0-90b5-4b7a-8fe2-f28f15221d52}/css/globals/inputs.css" line: 33 column: 19 source: "	-moz-border-radius: 1em 0em 0em 1em;"}]
04-27 14:43:26.263 E/GeckoConsole(  840): [JavaScript Warning: "Error in parsing value for 'transition-duration'.  Declaration dropped." {file: "app://{904b3ca0-90b5-4b7a-8fe2-f28f15221d52}/css/globals/popup.css" line: 16 column: 22 source: "	transition-duration: 500;"}]
04-27 14:43:26.263 E/GeckoConsole(  840): [JavaScript Warning: "Error in parsing value for 'transition-duration'.  Declaration dropped." {file: "app://{904b3ca0-90b5-4b7a-8fe2-f28f15221d52}/css/globals/popup.css" line: 31 column: 22 source: "	transition-duration: 300;"}]
04-27 14:43:26.263 E/GeckoConsole(  840): [JavaScript Warning: "Error in parsing value for 'transition-duration'.  Declaration dropped." {file: "app://{904b3ca0-90b5-4b7a-8fe2-f28f15221d52}/css/globals/popup.css" line: 150 column: 22 source: "	transition-duration: 500;"}]
04-27 14:43:26.263 E/GeckoConsole(  840): [JavaScript Warning: "Error in parsing value for 'transition-duration'.  Declaration dropped." {file: "app://{904b3ca0-90b5-4b7a-8fe2-f28f15221d52}/css/globals/popup.css" line: 165 column: 22 source: "	transition-duration: 300;"}]
04-27 14:43:26.263 E/GeckoConsole(  840): [JavaScript Warning: "Error in parsing value for 'transition-duration'.  Declaration dropped." {file: "app://{904b3ca0-90b5-4b7a-8fe2-f28f15221d52}/css/globals/popup.css" line: 288 column: 22 source: "	transition-duration: 250;"}]
04-27 14:43:26.263 E/GeckoConsole(  840): [JavaScript Warning: "Error in parsing value for 'transition-duration'.  Declaration dropped." {file: "app://{904b3ca0-90b5-4b7a-8fe2-f28f15221d52}/css/globals/popup.css" line: 304 column: 22 source: "	transition-duration: 250;"}]
04-27 14:43:26.263 E/GeckoConsole(  840): [JavaScript Warning: "Unknown property '-moz-box-shadow'.  Declaration dropped." {file: "app://{904b3ca0-90b5-4b7a-8fe2-f28f15221d52}/css/globals/shadows.css" line: 3 column: 16 source: "	-moz-box-shadow:    0px 1em 1em rgba(50, 50, 50, 0.25);"}]
04-27 14:43:26.263 E/GeckoConsole(  840): [JavaScript Warning: "Unknown property '-moz-box-shadow'.  Declaration dropped." {file: "app://{904b3ca0-90b5-4b7a-8fe2-f28f15221d52}/css/globals/shadows.css" line: 8 column: 16 source: "	-moz-box-shadow:    0px 0px 1em rgba(52, 50, 50, 1);"}]
04-27 14:43:26.273 E/GeckoConsole(  840): [JavaScript Warning: "Unknown property 'verflow'.  Declaration dropped." {file: "app://{904b3ca0-90b5-4b7a-8fe2-f28f15221d52}/css/globals/style.css" line: 6 column: 8 source: "	verflow: hidden;"}]
04-27 14:43:26.273 E/GeckoConsole(  840): [JavaScript Warning: "Error in parsing value for 'width'.  Declaration dropped." {file: "app://{904b3ca0-90b5-4b7a-8fe2-f28f15221d52}/css/partials/login.css" line: 9 column: 8 source: "	width: -webkit-calc(100% - 4em);"}]
04-27 14:43:26.273 E/GeckoConsole(  840): [JavaScript Warning: "Error in parsing value for 'transition'.  Declaration dropped." {file: "app://{904b3ca0-90b5-4b7a-8fe2-f28f15221d52}/css/partials/home.css" line: 109 column: 59 source: "    transition: width 0.5s, right 0.5s, bottom 0.5s, height: 0.5s;"}]
04-27 14:43:26.273 E/GeckoConsole(  840): [JavaScript Warning: "Error in parsing value for 'transition'.  Declaration dropped." {file: "app://{904b3ca0-90b5-4b7a-8fe2-f28f15221d52}/css/partials/home.css" line: 124 column: 59 source: "    transition: width 0.5s, right 0.5s, bottom 0.5s, height: 0.5s;"}]
04-27 14:43:26.283 E/GeckoConsole(  840): [JavaScript Warning: "Unknown property '-moz-box-shadow'.  Declaration dropped." {file: "app://{904b3ca0-90b5-4b7a-8fe2-f28f15221d52}/css/partials/review.css" line: 38 column: 16 source: "	-moz-box-shadow: inset 0px 1em 1em 0px rgba(0,0,0,0.2);"}]
04-27 14:43:26.293 E/GeckoConsole(  840): [JavaScript Warning: "Expected 'none' or URL but found 'FlipH'.  Error in parsing value for 'filter'.  Declaration dropped." {file: "app://{904b3ca0-90b5-4b7a-8fe2-f28f15221d52}/css/partials/tutorial.css" line: 49 column: 9 source: "	filter: FlipH;"}]
04-27 14:43:26.293 I/Gecko   (   83): 
04-27 14:43:26.293 I/Gecko   (   83): ###!!! [Parent][MessageChannel] Error: Channel error: cannot send/recv
04-27 14:43:26.293 I/Gecko   (   83): 
04-27 14:43:26.373 I/GeckoDump(   83): Crash reporter : Can't fetch app.reportCrashes. Exception: [Exception... "Component returned failure code: 0x8000ffff (NS_ERROR_UNEXPECTED) [nsIPrefBranch.getBoolPref]"  nsresult: "0x8000ffff (NS_ERROR_UNEXPECTED)"  location: "JS frame :: chrome://browser/content/shell.js :: shell_reportCrash :: line 7"  data: no]
04-27 14:43:26.373 I/Gecko   (   83): [Parent 83] WARNING: waitpid failed pid:850 errno:10: file ../../../gecko/ipc/chromium/src/base/process_util_posix.cc, line 254
04-27 14:43:28.383 I/Gecko   (   83): [Parent 83] WARNING: waitpid failed pid:850 errno:10: file ../../../gecko/ipc/chromium/src/base/process_util_posix.cc, line 254
04-27 14:43:28.383 I/Gecko   (   83): [Parent 83] WARNING: Failed to deliver SIGKILL to 850!(3).: file ../../../gecko/ipc/chromium/src/chrome/common/process_watcher_posix_sigchld.cc, line 118
04-27 14:43:29.963 E/GeckoConsole(  840): [JavaScript Warning: "Use of attributes' specified attribute is deprecated. It always returns true." {file: "app://{904b3ca0-90b5-4b7a-8fe2-f28f15221d52}/lib/angular/angular.js" line: 4586}]
04-27 14:43:30.313 W/WifiHW  (   83): wifi_command: SIGNAL_POLL
04-27 14:43:30.533 E/GeckoConsole(  840): [JavaScript Warning: "Unknown property 'box-sizing'.  Declaration dropped." {file: "app://{904b3ca0-90b5-4b7a-8fe2-f28f15221d52}/index.html#/login" line: 0 column: 10 source: "box-sizing:border-box;-moz-box-sizing:border-box;-webkit-box-sizing:border-box;padding:1px;border:1px;display:block;width:4px;margin-top:1%;position:absolute;top:1%;"}]
04-27 14:43:30.543 E/GeckoConsole(  840): [JavaScript Warning: "Unknown property 'box-sizing'.  Declaration dropped." {file: "app://{904b3ca0-90b5-4b7a-8fe2-f28f15221d52}/index.html#/login" line: 0 column: 52 source: "padding:0;margin:0;border:0;display:block;box-sizing:content-box;-moz-box-sizing:content-box;-webkit-box-sizing:content-box;"}]
04-27 14:43:30.543 E/GeckoConsole(  840): [JavaScript Warning: "Unknown property 'box-sizing'.  Declaration dropped." {file: "app://{904b3ca0-90b5-4b7a-8fe2-f28f15221d52}/index.html#/login" line: 0 column: 52 source: "padding:0;margin:0;border:0;display:block;box-sizing:content-box;-moz-box-sizing:content-box;-webkit-box-sizing:content-box;"}]
04-27 14:43:31.053 E/GeckoConsole(  840): [JavaScript Error: "duplicate attribute" {file: "app://{904b3ca0-90b5-4b7a-8fe2-f28f15221d52}/partials/login.html" line: 11 column: 122 source: "				<input type='password' class='pencil pencil_left register' placeholder='Repeat password' id='passwordRepeatRegister' type='password' ng-model='registerRepeatPassword'>"}]
04-27 14:43:34.153 I/Gonk    (   83): Setting nice for pid 926 to 18
04-27 14:43:34.153 I/Gonk    (   83): Changed nice for pid 926 from 18 to 18.
04-27 14:43:34.163 I/Gecko   (   83): [Parent 83] WARNING: waitpid failed pid:926 errno:10: file ../../../gecko/ipc/chromium/src/base/process_util_posix.cc, line 254
04-27 14:43:34.193 I/Gonk    (   83): Setting nice for pid 926 to 1
04-27 14:43:34.193 I/Gonk    (   83): Changed nice for pid 926 from 18 to 1.
04-27 14:43:34.243 I/Gonk    (   83): Setting nice for pid 926 to 18
04-27 14:43:34.243 I/Gonk    (   83): Changed nice for pid 926 from 1 to 18.
04-27 14:43:34.633 I/log     (  944): <4>0[ 188.196015] select 926 ((Preallocated a), adj 8, size 2934, to kill 
04-27 14:43:35.263 E/[Gralloc-ERROR](   83): int gralloc_unregister_buffer(const gralloc_module_t*, const native_handle_t*):274 Trying to unregister buffer 0x45f1b240 from process 83 that was not created in current process: 83
04-27 14:43:35.283 E/GeckoConsole(   83): Content JS LOG at dummy file:326 in GaiaApps.launch/appOpen/<: app with origin 'app://{904b3ca0-90b5-4b7a-8fe2-f28f15221d52}' has launched
04-27 14:43:35.293 I/Gecko   (   83): 1398635015305	Marionette	INFO	sendToClient: {"from":"0","value":{"frame":{"ELEMENT":"{93d16037-2a9a-4d98-936c-08976dbd52e8}"},"src":"app://{904b3ca0-90b5-4b7a-8fe2-f28f15221d52}/index.html","name":"Daily","origin":"app://{904b3ca0-90b5-4b7a-8fe2-f28f15221d52}"}}, {12c1e469-9381-4b31-9fa2-b7379b2b8fa0}, {12c1e469-9381-4b31-9fa2-b7379b2b8fa0}
04-27 14:43:35.443 E/[Gralloc-ERROR](   83): int gralloc_unregister_buffer(const gralloc_module_t*, const native_handle_t*):274 Trying to unregister buffer 0x45f1b2e0 from process 83 that was not created in current process: 83
04-27 14:43:35.443 E/[Gralloc-ERROR](   83): int gralloc_unregister_buffer(const gralloc_module_t*, const native_handle_t*):274 Trying to unregister buffer 0x45f1b8d0 from process 83 that was not created in current process: 83
04-27 14:43:35.443 E/[Gralloc-ERROR](   83): int gralloc_unregister_buffer(const gralloc_module_t*, const native_handle_t*):274 Trying to unregister buffer 0x45f1b650 from process 83 that was not created in current process: 83
04-27 14:43:35.453 W/WifiHW  (   83): wifi_command: SIGNAL_POLL
04-27 14:43:35.573 I/Gecko   (   83): 1398635015570	Marionette	DEBUG	Got request: switchToFrame, data: {"to":"0","sessionId":"3-b2g","name":"switchToFrame","parameters":{"focus":true,"element":"{93d16037-2a9a-4d98-936c-08976dbd52e8}"}}, id: {4c8174b2-3405-459c-8f32-0c8d1050b48a}
04-27 14:43:35.653 I/Gecko   (   83): 1398635015666	Marionette	INFO	Switched to frame: {"frameValue":"{93d16037-2a9a-4d98-936c-08976dbd52e8}"}
04-27 14:43:35.753 I/Gecko   (   83): 1398635015763	Marionette	INFO	trying remote frame 0
04-27 14:43:35.793 I/Gecko   (   83): 1398635015805	Marionette	INFO	trying remote frame 1
04-27 14:43:35.803 I/Gecko   (   83): 1398635015810	Marionette	INFO	deleting frame
04-27 14:43:35.823 I/Gecko   (   83): 1398635015838	Marionette	INFO	frame-manager load script: [object ChromeMessageSender]
04-27 14:43:35.963 I/Gecko   (   83): [Parent 83] WARNING: pipe error (148): Connection reset by peer: file ../../../gecko/ipc/chromium/src/chrome/common/ipc_channel_posix.cc, line 446
04-27 14:43:35.963 I/Gecko   (   83): 
04-27 14:43:35.963 I/Gecko   (   83): ###!!! [Parent][MessageChannel] Error: Channel error: cannot send/recv
04-27 14:43:35.963 I/Gecko   (   83): 
04-27 14:43:36.083 I/GeckoDump(   83): Crash reporter : Can't fetch app.reportCrashes. Exception: [Exception... "Component returned failure code: 0x8000ffff (NS_ERROR_UNEXPECTED) [nsIPrefBranch.getBoolPref]"  nsresult: "0x8000ffff (NS_ERROR_UNEXPECTED)"  location: "JS frame :: chrome://browser/content/shell.js :: shell_reportCrash :: line 7"  data: no]
04-27 14:43:36.083 I/Gecko   (   83): [Parent 83] WARNING: waitpid failed pid:926 errno:10: file ../../../gecko/ipc/chromium/src/base/process_util_posix.cc, line 254
04-27 14:43:36.773 I/Gecko   (   83): 1398635016788	Marionette	INFO	sendToClient: {"from":"0","ok":true}, {4c8174b2-3405-459c-8f32-0c8d1050b48a}, {4c8174b2-3405-459c-8f32-0c8d1050b48a}
04-27 14:43:36.843 I/Gecko   (   83): 1398635016853	Marionette	INFO	sendToClient: {"from":"0","value":"app://{904b3ca0-90b5-4b7a-8fe2-f28f15221d52}/index.html#/login"}, {35809cfe-4f8f-4b8b-a8bb-b0c8f9685e13}, {35809cfe-4f8f-4b8b-a8bb-b0c8f9685e13}
04-27 14:43:36.853 I/Gecko   (   83): 1398635016863	Marionette	DEBUG	Got request: execute, data: {"to":"0","sessionId":"3-b2g","name":"executeScript","parameters":{"specialPowers":false,"scriptTimeout":null,"newSandbox":true,"args":[],"filename":"app_checker.py","script":"return window.document.readyState;","line":191}}, id: {3272202a-5ed5-472e-9b4d-9e8197a01511}
04-27 14:43:36.953 I/Gecko   (   83): 1398635016966	Marionette	INFO	sendToClient: {"from":"0","value":"complete"}, {3272202a-5ed5-472e-9b4d-9e8197a01511}, {3272202a-5ed5-472e-9b4d-9e8197a01511}
04-27 14:43:36.973 I/Gecko   (   83): 1398635016981	Marionette	INFO	sendToClient: {"from":"0","value":"app://{904b3ca0-90b5-4b7a-8fe2-f28f15221d52}/index.html#/login"}, {3f5435c3-e608-4bc4-8c3f-9f9b9081740a}, {3f5435c3-e608-4bc4-8c3f-9f9b9081740a}
04-27 14:43:37.003 I/Gecko   (  840): Attempting load of libEGL.so
04-27 14:43:37.133 D/libEGL  (  840): loaded /system/lib/egl/libEGL_mali.so
04-27 14:43:37.163 D/libEGL  (  840): loaded /system/lib/egl/libGLESv1_CM_mali.so
04-27 14:43:37.163 D/libEGL  (  840): loaded /system/lib/egl/libGLESv2_mali.so
04-27 14:43:37.243 I/Gecko   (  840): SharedSurface_Gralloc::Create -------
04-27 14:43:37.273 I/Gecko   (  840): SharedSurface_Gralloc::Create: success -- surface 0x4464fec0, GraphicBuffer 0x4468cb00.
04-27 14:43:38.083 I/Gecko   (   83): [Parent 83] WARNING: waitpid failed pid:926 errno:10: file ../../../gecko/ipc/chromium/src/base/process_util_posix.cc, line 254
04-27 14:43:38.083 I/Gecko   (   83): [Parent 83] WARNING: Failed to deliver SIGKILL to 926!(3).: file ../../../gecko/ipc/chromium/src/chrome/common/process_watcher_posix_sigchld.cc, line 118
04-27 14:43:38.953 I/Gecko   (   83): 1398635018948	Marionette	INFO	sendToClient: {"from":"0","value":"iVBORw0KGgoAAAANSUhEUgAAAUAAAAHMCAYAAACk4nEJAAAgAElEQVR4nOydd3jbZp7nnZmdXvZub3Zud2ef3dud2XY3229u9mZuMyO5xCW2E5fYcZzqOGUSO3GJ4zhOnOo4mVRXSJZlyzXucZHkIsuWZYmSSFWr914pWRJ7Ab73B02QECmKIAG+FPn7Ps/nSUyCwAu8eD96AbwApvCWfBAEQcQjU1gXgCAIghUkQIIg4hYSIEEQcQsJkCCIuIUESBBE3EICJAgibiEBEkSIWE0FEVmOwaBD11A1mgYa0TTQgI7BWtwZLVVteaOGYtT3NaOkqweadj007XoUdvShsrsD7YO1cJo1ii6vd6gKJZ2eZY3ldncn7oyUqbKuJECCCIKa3pZxG6g3JV3dcJjDX15Vb1tQy9O066Ht6IPNHJ6MneY8FLX3Bb1MTbsepV09YS1T19Era3madj10nb2K1isJkCACoA2hkbqxmIpkL6+pvyHk5Wna9bCH0Cst7gx9HTXtehR3yBNhx2B1WMvTtOtR09uqSP2SAAnCDw6zJuxGqmnXQydDDgXtA4oss76vOehlKrE8N8Esr7KnXbHlFbQPhF3PJECCGIPdVKCoGIJpqEouT9OuR3l3V8SXOZEEmwbC6936o6ijP6y6JgESxBjUEENR5/gNVRfmIeh41Pc3jbvM0q5uVZY5ngStCv9R8aauryXkuiYBEoQXajVSTbsebfpan+XZTcocasuRkdlYqOoyG/yIV83ladr1IV+ZJgESxF3sZvV6KZ6GmidZptrL83f4rfYyx4rXYlJXuP6WGSwkQIK4SyQaaZnXuTmTsSgiy7SYCsVl2syRkZH3YalSF3cmIpReIAmQIO4SiUbq3VMJZ4iNHLQdnrFzxQEGHKu1npFaXmV3h+w6JwEShCUfjf2NEWuoZqNrfGCklsdCRu5l9t2pZLKewUICJA
04-27 14:43:39.383 I/Gecko   (   83): 1398635019396	Marionette	INFO	sendToClient: {"from":"0","ok":true}, {2a675201-7e86-436f-a6f6-37b989a0a7d1}, {2a675201-7e86-436f-a6f6-37b989a0a7d1}
04-27 14:43:39.443 I/Gecko   (   83): 1398635019456	Marionette	DEBUG	Got request: switchToFrame, data: {"to":"0","sessionId":"3-b2g","name":"switchToFrame","parameters":{"id":null,"focus":true}}, id: {175d9c59-03a8-45ed-b84c-f01c3a89abdb}
04-27 14:43:39.563 I/Gecko   (   83): 1398635019572	Marionette	INFO	Switched to frame: {"frameValue":null}
04-27 14:43:39.793 I/Gonk    (   83): Setting nice for pid 950 to 18
04-27 14:43:39.793 I/Gonk    (   83): Changed nice for pid 950 from 0 to 18.
04-27 14:43:39.843 I/Gecko   (   83): 1398635019852	Marionette	INFO	sendToClient: {"from":"0","ok":true}, {175d9c59-03a8-45ed-b84c-f01c3a89abdb}, {175d9c59-03a8-45ed-b84c-f01c3a89abdb}
04-27 14:43:39.873 I/Gecko   (   83): 1398635019883	Marionette	DEBUG	Got request: executeWithCallback, data: {"to":"0","sessionId":"3-b2g","name":"executeAsyncScript","parameters":{"specialPowers":false,"scriptTimeout":null,"newSandbox":true,"args":[],"filename":"gaia_test.py","script":"return GaiaApps.displayedApp();","line":66}}, id: {67909901-e7da-41ce-a065-79c46f056692}
04-27 14:43:40.093 E/GeckoConsole(   83): Content JS LOG at dummy file:392 in GaiaApps.displayedApp: app with origin 'app://{904b3ca0-90b5-4b7a-8fe2-f28f15221d52}' is displayed
04-27 14:43:40.093 I/Gecko   (   83): 1398635020106	Marionette	INFO	sendToClient: {"from":"0","value":{"frame":{"ELEMENT":"{93d16037-2a9a-4d98-936c-08976dbd52e8}"},"src":"app://{904b3ca0-90b5-4b7a-8fe2-f28f15221d52}/index.html","name":"Daily","origin":"app://{904b3ca0-90b5-4b7a-8fe2-f28f15221d52}"}}, {67909901-e7da-41ce-a065-79c46f056692}, {67909901-e7da-41ce-a065-79c46f056692}
04-27 14:43:40.113 I/Gecko   (   83): 1398635020121	Marionette	DEBUG	Got request: switchToFrame, data: {"to":"0","sessionId":"3-b2g","name":"switchToFrame","parameters":{"id":null,"focus":true}}, id: {338c6f0a-1f20-4bb4-80ff-1531f5563695}
04-27 14:43:40.113 I/Gecko   (   83): 1398635020123	Marionette	INFO	Switched to frame: {"frameValue":null}
04-27 14:43:40.223 I/Gecko   (   83): 1398635020233	Marionette	INFO	sendToClient: {"from":"0","ok":true}, {338c6f0a-1f20-4bb4-80ff-1531f5563695}, {338c6f0a-1f20-4bb4-80ff-1531f5563695}
04-27 14:43:40.253 I/Gecko   (   83): 1398635020262	Marionette	DEBUG	Got request: execute, data: {"to":"0","sessionId":"3-b2g","name":"executeScript","parameters":{"specialPowers":false,"scriptTimeout":null,"newSandbox":true,"args":[],"filename":"gaia_test.py","script":"window.wrappedJSObject.dispatchEvent(new Event('home'));","line":788}}, id: {0f85d2fe-cc7d-4a67-89d4-dba1385b0cea}
04-27 14:43:40.693 I/Gonk    (   83): Setting nice for pid 950 to 18
04-27 14:43:40.703 I/Gonk    (   83): Changed nice for pid 950 from 18 to 18.
04-27 14:43:40.703 I/Gecko   (   83): [Parent 83] WARNING: waitpid failed pid:950 errno:10: file ../../../gecko/ipc/chromium/src/base/process_util_posix.cc, line 254
04-27 14:43:40.753 I/Gonk    (   83): Setting nice for pid 950 to 1
04-27 14:43:40.753 I/Gonk    (   83): Changed nice for pid 950 from 18 to 1.
04-27 14:43:41.113 W/WifiHW  (   83): wifi_command: SIGNAL_POLL
04-27 14:43:41.123 I/Gecko   (   83): 1398635021135	Marionette	INFO	sendToClient: {"from":"0","value":null}, {0f85d2fe-cc7d-4a67-89d4-dba1385b0cea}, {0f85d2fe-cc7d-4a67-89d4-dba1385b0cea}
04-27 14:43:41.413 I/Gecko   (   83): 1398635021425	Marionette	DEBUG	Got request: switchToFrame, data: {"to":"0","sessionId":"3-b2g","name":"switchToFrame","parameters":{"id":null,"focus":true}}, id: {e66825ae-85be-4e20-afaa-6adf5328c289}
04-27 14:43:41.423 I/Gecko   (   83): 1398635021436	Marionette	INFO	Switched to frame: {"frameValue":null}
04-27 14:43:41.533 I/Gecko   (   83): 1398635021541	Marionette	INFO	sendToClient: {"from":"0","ok":true}, {e66825ae-85be-4e20-afaa-6adf5328c289}, {e66825ae-85be-4e20-afaa-6adf5328c289}
04-27 14:43:41.543 I/Gecko   (   83): 1398635021553	Marionette	DEBUG	Got request: executeWithCallback, data: {"to":"0","sessionId":"3-b2g","name":"executeAsyncScript","parameters":{"specialPowers":false,"scriptTimeout":null,"newSandbox":true,"args":[],"filename":"gaia_test.py","script":"return GaiaApps.displayedApp();","line":66}}, id: {c53c8503-6da1-4059-9682-90be4d8fc70f}
04-27 14:43:41.683 I/Gecko   (   83): 1398635021693	Marionette	INFO	sendToClient: {"from":"0","value":{"frame":{"ELEMENT":"{fc9f4051-3682-4da2-a006-208df6dd1643}"},"src":"app://homescreen.gaiamobile.org/index.html#root","name":"Homescreen","origin":"app://homescreen.gaiamobile.org"}}, {c53c8503-6da1-4059-9682-90be4d8fc70f}, {c53c8503-6da1-4059-9682-90be4d8fc70f}
04-27 14:43:41.693 E/GeckoConsole(   83): Content JS LOG at dummy file:392 in GaiaApps.displayedApp: app with origin 'app://homescreen.gaiamobile.org' is displayed
04-27 14:43:41.703 I/Gecko   (   83): 1398635021716	Marionette	DEBUG	Got request: switchToFrame, data: {"to":"0","sessionId":"3-b2g","name":"switchToFrame","parameters":{"id":null,"focus":true}}, id: {69779800-b66e-4926-970a-2b518dbd6298}
04-27 14:43:41.713 I/Gecko   (   83): 1398635021721	Marionette	INFO	Switched to frame: {"frameValue":null}
04-27 14:43:41.813 I/Gecko   (   83): 1398635021823	Marionette	INFO	sendToClient: {"from":"0","ok":true}, {69779800-b66e-4926-970a-2b518dbd6298}, {69779800-b66e-4926-970a-2b518dbd6298}
04-27 14:43:41.833 I/Gecko   (   83): 1398635021844	Marionette	DEBUG	Got request: switchToFrame, data: {"to":"0","sessionId":"3-b2g","name":"switchToFrame","parameters":{"id":null,"focus":true}}, id: {7a8a8ae3-03ea-40b1-9bd7-1ace031a4f82}
04-27 14:43:41.833 I/Gecko   (   83): 1398635021848	Marionette	INFO	Switched to frame: {"frameValue":null}
04-27 14:43:42.483 I/Gecko   (   83): 1398635022491	Marionette	INFO	sendToClient: {"from":"0","ok":true}, {7a8a8ae3-03ea-40b1-9bd7-1ace031a4f82}, {7a8a8ae3-03ea-40b1-9bd7-1ace031a4f82}
04-27 14:43:42.563 I/Gecko   (   83): 1398635022574	Marionette	DEBUG	Got request: executeWithCallback, data: {"to":"0","sessionId":"3-b2g","name":"executeAsyncScript","parameters":{"specialPowers":false,"scriptTimeout":null,"newSandbox":true,"args":[],"filename":"gaia_test.py","script":"return GaiaApps.displayedApp();","line":66}}, id: {0414f557-9f7d-4aca-8f73-fb5030e083b0}
04-27 14:43:42.873 E/GeckoConsole(   83): Content JS LOG at dummy file:392 in GaiaApps.displayedApp: app with origin 'app://homescreen.gaiamobile.org' is displayed
04-27 14:43:42.873 I/Gecko   (   83): 1398635022882	Marionette	INFO	sendToClient: {"from":"0","value":{"frame":{"ELEMENT":"{fc9f4051-3682-4da2-a006-208df6dd1643}"},"src":"app://homescreen.gaiamobile.org/index.html#root","name":"Homescreen","origin":"app://homescreen.gaiamobile.org"}}, {0414f557-9f7d-4aca-8f73-fb5030e083b0}, {0414f557-9f7d-4aca-8f73-fb5030e083b0}
04-27 14:43:42.913 I/Gonk    (   83): Setting nice for pid 840 to 18
04-27 14:43:42.923 I/Gonk    (   83): Changed nice for pid 840 from 1 to 18.
04-27 14:43:42.963 I/Gecko   (   83): 1398635022971	Marionette	DEBUG	Got request: switchToFrame, data: {"to":"0","sessionId":"3-b2g","name":"switchToFrame","parameters":{"focus":true,"element":"{fc9f4051-3682-4da2-a006-208df6dd1643}"}}, id: {fdd759fc-aa60-4fc6-9408-688f522d4499}
04-27 14:43:42.973 I/Gecko   (   83): 1398635022980	Marionette	INFO	Switched to frame: {"frameValue":"{fc9f4051-3682-4da2-a006-208df6dd1643}"}
04-27 14:43:42.973 I/Gecko   (   83): 1398635022984	Marionette	INFO	trying remote frame 0
04-27 14:43:43.003 I/Gecko   (   83): 1398635022985	Marionette	INFO	trying remote frame 1
04-27 14:43:43.003 I/Gecko   (   83): 1398635023015	Marionette	INFO	frame-manager load script: [object ChromeMessageSender]
04-27 14:43:43.913 I/Gecko   (  950): ###################################### forms.js loaded
04-27 14:43:43.933 I/Gecko   (  950): ############################### browserElementPanning.js loaded
04-27 14:43:43.963 I/Gecko   (  950): ######################## BrowserElementChildPreload.js loaded
04-27 14:43:44.123 I/Gecko   (   83): 
04-27 14:43:44.123 I/Gecko   (   83): ###!!! [Parent][MessageChannel] Error: Channel error: cannot send/recv
04-27 14:43:44.123 I/Gecko   (   83): 
04-27 14:43:44.293 I/GeckoDump(   83): Crash reporter : Can't fetch app.reportCrashes. Exception: [Exception... "Component returned failure code: 0x8000ffff (NS_ERROR_UNEXPECTED) [nsIPrefBranch.getBoolPref]"  nsresult: "0x8000ffff (NS_ERROR_UNEXPECTED)"  location: "JS frame :: chrome://browser/content/shell.js :: shell_reportCrash :: line 7"  data: no]
04-27 14:43:44.303 I/Gecko   (   83): [Parent 83] WARNING: waitpid failed pid:840 errno:10: file ../../../gecko/ipc/chromium/src/base/process_util_posix.cc, line 254
04-27 14:43:44.873 I/Gecko   (   83): 1398635024888	Marionette	INFO	sendToClient: {"from":"0","ok":true}, {fdd759fc-aa60-4fc6-9408-688f522d4499}, {fdd759fc-aa60-4fc6-9408-688f522d4499}
04-27 14:43:45.073 I/Gecko   (   83): 1398635025088	Marionette	INFO	sendToClient: {"from":"0","value":"app://homescreen.gaiamobile.org/index.html#root"}, {d08d23e0-a4cc-46ee-a0f4-521b7c8a3b52}, {d08d23e0-a4cc-46ee-a0f4-521b7c8a3b52}
04-27 14:43:45.093 I/Gecko   (   83): 1398635025107	Marionette	DEBUG	Got request: switchToFrame, data: {"to":"0","sessionId":"3-b2g","name":"switchToFrame","parameters":{"id":null,"focus":true}}, id: {8ac9085d-a04f-40c6-8ca7-3bdffea2f919}
04-27 14:43:45.113 I/Gecko   (   83): 1398635025128	Marionette	INFO	Switched to frame: {"frameValue":null}
04-27 14:43:45.223 I/Gecko   (   83): 1398635025230	Marionette	INFO	sendToClient: {"from":"0","ok":true}, {8ac9085d-a04f-40c6-8ca7-3bdffea2f919}, {8ac9085d-a04f-40c6-8ca7-3bdffea2f919}
04-27 14:43:45.223 I/Gecko   (   83): 1398635025236	Marionette	DEBUG	Got request: switchToFrame, data: {"to":"0","sessionId":"3-b2g","name":"switchToFrame","parameters":{"id":null,"focus":true}}, id: {5b7c4cae-5e2d-46ea-bc4f-801f3b9a9e20}
04-27 14:43:45.233 I/Gecko   (   83): 1398635025239	Marionette	INFO	Switched to frame: {"frameValue":null}
04-27 14:43:45.333 I/Gecko   (   83): 1398635025344	Marionette	INFO	sendToClient: {"from":"0","ok":true}, {5b7c4cae-5e2d-46ea-bc4f-801f3b9a9e20}, {5b7c4cae-5e2d-46ea-bc4f-801f3b9a9e20}
04-27 14:43:45.343 I/Gecko   (   83): 1398635025352	Marionette	DEBUG	Got request: executeWithCallback, data: {"to":"0","sessionId":"3-b2g","name":"executeAsyncScript","parameters":{"specialPowers":false,"scriptTimeout":null,"newSandbox":true,"args":[],"filename":"gaia_test.py","script":"GaiaApps.killAll()","line":91}}, id: {550919e7-72fa-4745-85b5-4cacf12973e7}
04-27 14:43:45.393 I/Gecko   (   83): 1398635025399	Marionette	INFO	sendToClient: {"from":"0","value":true}, {550919e7-72fa-4745-85b5-4cacf12973e7}, {550919e7-72fa-4745-85b5-4cacf12973e7}
04-27 14:43:45.393 I/Gecko   (   83): 1398635025405	Marionette	DEBUG	Got request: switchToFrame, data: {"to":"0","sessionId":"3-b2g","name":"switchToFrame","parameters":{"id":null,"focus":true}}, id: {97840aac-9c4a-44bd-9a9d-5d18c8955b05}
04-27 14:43:45.403 I/Gecko   (   83): 1398635025411	Marionette	INFO	Switched to frame: {"frameValue":null}
04-27 14:43:45.503 I/Gecko   (   83): 1398635025513	Marionette	INFO	sendToClient: {"from":"0","ok":true}, {97840aac-9c4a-44bd-9a9d-5d18c8955b05}, {97840aac-9c4a-44bd-9a9d-5d18c8955b05}
04-27 14:43:45.513 I/Gecko   (   83): 1398635025520	Marionette	DEBUG	Got request: executeWithCallback, data: {"to":"0","sessionId":"3-b2g","name":"executeAsyncScript","parameters":{"specialPowers":false,"scriptTimeout":60000,"newSandbox":true,"args":[],"filename":"app_checker.py","script":"\n        GaiaApps.locateWithManifestURL('https://marketplace.firefox.com/app/7136bfc9-ae42-42c8-9f07-8f8b9f04d100/manifest.webapp',\n                                       null,\n                                       function uninstall(app) {\n                                       navigator.mozApps.mgmt.uninstall(app);\n                                       marionetteScriptFinished(true);\n                                       });\n        ","line":129}}, id: {1bb6ee64-ee5e-4612-8ef1-3d83edaec308}
04-27 14:43:45.543 I/Gecko   (   83): -- webapps.js uninstall https://marketplace.firefox.com/app/7136bfc9-ae42-42c8-9f07-8f8b9f04d100/manifest.webapp
04-27 14:43:45.733 I/Gecko   (   83): 1398635025740	Marionette	INFO	sendToClient: {"from":"0","value":true}, {1bb6ee64-ee5e-4612-8ef1-3d83edaec308}, {1bb6ee64-ee5e-4612-8ef1-3d83edaec308}
04-27 14:43:46.023 I/Gonk    (   83): Setting nice for pid 966 to 18
04-27 14:43:46.023 I/Gonk    (   83): Changed nice for pid 966 from 0 to 18.
04-27 14:43:46.303 I/Gecko   (   83): [Parent 83] WARNING: waitpid failed pid:840 errno:10: file ../../../gecko/ipc/chromium/src/base/process_util_posix.cc, line 254
04-27 14:43:46.303 I/Gecko   (   83): [Parent 83] WARNING: Failed to deliver SIGKILL to 840!(3).: file ../../../gecko/ipc/chromium/src/chrome/common/process_watcher_posix_sigchld.cc, line 118