04-26 12:03:07.922 D/libEGL  ( 1381): loaded /system/lib/egl/libGLESv2_mali.so
04-26 12:03:07.972 I/Gecko   ( 1381): SharedSurface_Gralloc::Create -------
04-26 12:03:08.032 I/Gecko   ( 1381): SharedSurface_Gralloc::Create: success -- surface 0x455fbc40, GraphicBuffer 0x44967d80.
04-26 12:03:11.612 I/Gecko   (   83): 1398538991543	Marionette	INFO	sendToClient: {"from":"0","value":"iVBORw0KGgoAAAANSUhEUgAAAUAAAAHMCAYAAACk4nEJAAAgAElEQVR4nOydd3gU1f7Gh44GqSIo+gNB8WK5KihyBS927/Wq2Ct6Fbw2LGAPoYTepQoECL1DKEIIJdQAAUIvgZBA6u5mN8lmk90ku2nv749xy+zM7M5sm43zfZ/n8yizZ86cNm9OmxkGJBKJpFIxSieARCKRlBIZIIlEUq3IAEkkkmpFBkgikVQrMkASiaRakQGSSCTVigyQRCKpVmSAJBJJtSIDJJFIqhUZIIlEUq3IAEkkkmpFBkgikVQrMkASiaRakQGSSCTVigyQRCKpVmSAJBJJtSIDJJFIqhUZIIlEUq3IAEkkkmpFBkgikVQrMkASiaRakQGSSCTVigyQRCKpVmSAJBJJtSIDJJFIqhUZIIlEUq3IAEkkkmpFBkgikVQrMkASiaRakQGSSCTVigyQRCKpVmSAJBJJtSIDJJFIqhUZIIlEUq3IAEkkkmpFBkgikVQrMkASiaRakQGSSCTVigyQRCKpVmSAJBJJtSIDlKijmTYsOVGGjMKqsIqLRCL5roAbYI8YaYSrLLZapBdUobyy1nFs+iEzIiI1iIjUoOUwLY5l23yOP5BxkUgk/0QG+Ke+22LCraN0DnNKMzh7Z92n6x3HIyI1GLzV5PN1AhkXiUTyT2FpgIlXrfhsQzGHrzcVY+yeUiw6bkHiVSsqqmo9RyJT76wo4hiTqwG+uYz72+zDZp+vE8i4SH8tVVVVwWyuG+0hlGkN5rXC0gDnHLZwTEKIW0ZqMWp3KSy2wBihJwPMNVXjvZVFeGSGHj9vN8FW7fs1AxkX6a+jmpoarF69GjExMbhy5YrSyfGoUKY12NeqswZop+/vBTBV1Pidbk8GSCLJkVarRWZmJnJyciSfYzQaERMTg5iYGOzZsyeIqZOmiooKXLp0CcnJyTh37hxyc3NRU8
04-26 12:03:13.612 I/GonkMemoryPressure(   83): Checking to see if memory pressure is over.
04-26 12:03:13.652 I/GonkMemoryPressure(   83): Memory pressure is over.
04-26 12:03:13.792 I/GonkMemoryPressure( 1415): Checking to see if memory pressure is over.
04-26 12:03:13.882 I/GonkMemoryPressure( 1381): Checking to see if memory pressure is over.
04-26 12:03:13.882 I/GonkMemoryPressure( 1381): Memory pressure is over.
04-26 12:03:14.422 I/GonkMemoryPressure( 1415): Memory pressure is over.
04-26 12:03:17.952 W/WifiHW  (   83): wifi_command: SIGNAL_POLL
04-26 12:03:18.692 I/GonkMemoryPressure(   83): Checking to see if memory pressure is over.
04-26 12:03:18.702 I/GonkMemoryPressure(   83): Memory pressure is over.
04-26 12:03:18.922 I/GonkMemoryPressure( 1381): Checking to see if memory pressure is over.
04-26 12:03:18.922 I/GonkMemoryPressure( 1381): Memory pressure is over.
04-26 12:03:19.922 I/GonkMemoryPressure( 1415): Checking to see if memory pressure is over.
04-26 12:03:20.152 I/GonkMemoryPressure( 1415): Memory pressure is over.
04-26 12:03:21.162 I/Gecko   (   83): 1398539001178	Marionette	INFO	sendToClient: {"from":"0","ok":true}, {6173367c-3b06-4b1c-843d-4f63d1e3c322}, {6173367c-3b06-4b1c-843d-4f63d1e3c322}
04-26 12:03:21.532 I/Gecko   (   83): 1398539001542	Marionette	DEBUG	Got request: switchToFrame, data: {"to":"0","sessionId":"3-b2g","name":"switchToFrame","parameters":{"id":null,"focus":true}}, id: {1178b40b-d280-4a5b-a8d5-96492e111a92}
04-26 12:03:21.602 I/Gecko   (   83): 1398539001615	Marionette	INFO	Switched to frame: {"frameValue":null}
04-26 12:03:21.792 I/Gecko   (   83): 1398539001803	Marionette	INFO	sendToClient: {"from":"0","ok":true}, {1178b40b-d280-4a5b-a8d5-96492e111a92}, {1178b40b-d280-4a5b-a8d5-96492e111a92}
04-26 12:03:21.802 I/Gecko   (   83): 1398539001816	Marionette	DEBUG	Got request: executeWithCallback, data: {"to":"0","sessionId":"3-b2g","name":"executeAsyncScript","parameters":{"specialPowers":false,"scriptTimeout":null,"newSandbox":true,"args":[],"filename":"gaia_test.py","script":"return GaiaApps.displayedApp();","line":66}}, id: {5fb7de05-d927-42be-bb70-13fb15dc5de3}
04-26 12:03:22.092 E/GeckoConsole(   83): Content JS LOG at dummy file:392 in GaiaApps.displayedApp: app with origin 'https://delicious.com' is displayed
04-26 12:03:22.092 I/Gecko   (   83): 1398539002103	Marionette	INFO	sendToClient: {"from":"0","value":{"frame":{"ELEMENT":"{33e82893-9997-48b9-b2b3-3e912277d1b7}"},"src":"https://delicious.com/","name":"Delicious","origin":"https://delicious.com"}}, {5fb7de05-d927-42be-bb70-13fb15dc5de3}, {5fb7de05-d927-42be-bb70-13fb15dc5de3}
04-26 12:03:22.392 I/Gecko   (   83): 1398539002405	Marionette	DEBUG	Got request: switchToFrame, data: {"to":"0","sessionId":"3-b2g","name":"switchToFrame","parameters":{"id":null,"focus":true}}, id: {918af905-8ccd-4dae-a211-c0f8a321b1e6}
04-26 12:03:22.492 I/Gecko   (   83): 1398539002508	Marionette	INFO	Switched to frame: {"frameValue":null}
04-26 12:03:22.742 I/Gecko   (   83): 1398539002752	Marionette	INFO	sendToClient: {"from":"0","ok":true}, {918af905-8ccd-4dae-a211-c0f8a321b1e6}, {918af905-8ccd-4dae-a211-c0f8a321b1e6}
04-26 12:03:22.752 I/Gecko   (   83): 1398539002761	Marionette	DEBUG	Got request: execute, data: {"to":"0","sessionId":"3-b2g","name":"executeScript","parameters":{"specialPowers":false,"scriptTimeout":null,"newSandbox":true,"args":[],"filename":"gaia_test.py","script":"window.wrappedJSObject.dispatchEvent(new Event('home'));","line":788}}, id: {35a4228d-d17b-499a-9473-cd1b43ca7bd8}
04-26 12:03:23.592 I/Gonk    (   83): Setting nice for pid 1415 to 18
04-26 12:03:23.612 I/Gonk    (   83): Changed nice for pid 1415 from 18 to 18.
04-26 12:03:23.612 I/Gecko   (   83): [Parent 83] WARNING: waitpid failed pid:1415 errno:10: file ../../../gecko/ipc/chromium/src/base/process_util_posix.cc, line 254
04-26 12:03:23.652 I/Gonk    (   83): Setting nice for pid 1415 to 1
04-26 12:03:23.652 I/Gonk    (   83): Changed nice for pid 1415 from 18 to 1.
04-26 12:03:23.762 I/GonkMemoryPressure(   83): Checking to see if memory pressure is over.
04-26 12:03:23.762 I/GonkMemoryPressure(   83): Memory pressure is over.
04-26 12:03:23.972 D/Sensors (   83): activate handle=0; drv=0
04-26 12:03:24.022 D/Sensors (   83): Lis3dhSensor: Control set 0
04-26 12:03:24.022 D/Sensors (   83): Lis3dhSensor: mEnabled = 0
04-26 12:03:24.052 I/GonkMemoryPressure( 1381): Checking to see if memory pressure is over.
04-26 12:03:24.052 I/GonkMemoryPressure( 1381): Memory pressure is over.
04-26 12:03:24.342 W/WifiHW  (   83): wifi_command: SIGNAL_POLL
04-26 12:03:24.442 I/Gecko   (   83): 1398539004451	Marionette	INFO	sendToClient: {"from":"0","value":null}, {35a4228d-d17b-499a-9473-cd1b43ca7bd8}, {35a4228d-d17b-499a-9473-cd1b43ca7bd8}
04-26 12:03:24.532 I/Gecko   (   83): 1398539004547	Marionette	DEBUG	Got request: switchToFrame, data: {"to":"0","sessionId":"3-b2g","name":"switchToFrame","parameters":{"id":null,"focus":true}}, id: {debcb9f7-33e8-46b8-831d-0366dfc13cb7}
04-26 12:03:24.562 I/Gecko   (   83): 1398539004573	Marionette	INFO	Switched to frame: {"frameValue":null}
04-26 12:03:24.672 I/Gecko   (   83): 1398539004683	Marionette	INFO	sendToClient: {"from":"0","ok":true}, {debcb9f7-33e8-46b8-831d-0366dfc13cb7}, {debcb9f7-33e8-46b8-831d-0366dfc13cb7}
04-26 12:03:24.682 I/Gecko   (   83): 1398539004690	Marionette	DEBUG	Got request: executeWithCallback, data: {"to":"0","sessionId":"3-b2g","name":"executeAsyncScript","parameters":{"specialPowers":false,"scriptTimeout":null,"newSandbox":true,"args":[],"filename":"gaia_test.py","script":"return GaiaApps.displayedApp();","line":66}}, id: {0d11628b-7737-42cf-b01e-d55bab93f9d2}
04-26 12:03:25.062 E/GeckoConsole(   83): Content JS LOG at dummy file:392 in GaiaApps.displayedApp: app with origin 'app://homescreen.gaiamobile.org' is displayed
04-26 12:03:25.062 I/Gecko   (   83): 1398539005073	Marionette	INFO	sendToClient: {"from":"0","value":{"frame":{"ELEMENT":"{04505831-41c9-405d-bb00-f157e418a33d}"},"src":"app://homescreen.gaiamobile.org/index.html#root","name":"Homescreen","origin":"app://homescreen.gaiamobile.org"}}, {0d11628b-7737-42cf-b01e-d55bab93f9d2}, {0d11628b-7737-42cf-b01e-d55bab93f9d2}
04-26 12:03:29.682 I/Gecko   ( 1381): [SharedSurface_Gralloc 0x455fbc40] destroyed
04-26 12:03:30.442 I/GonkMemoryPressure( 1381): Checking to see if memory pressure is over.
04-26 12:03:30.452 I/GonkMemoryPressure(   83): Checking to see if memory pressure is over.
04-26 12:03:30.452 I/GonkMemoryPressure( 1415): Checking to see if memory pressure is over.
04-26 12:03:30.462 I/GonkMemoryPressure(   83): Memory pressure is over.
04-26 12:03:30.462 I/GonkMemoryPressure( 1381): Memory pressure is over.
04-26 12:03:30.462 I/GonkMemoryPressure( 1415): Memory pressure is over.
04-26 12:03:30.472 I/Gonk    (   83): Setting nice for pid 1381 to 18
04-26 12:03:30.472 I/Gonk    (   83): Changed nice for pid 1381 from 1 to 18.
04-26 12:03:30.652 I/Gonk    (   83): Setting nice for pid 1439 to 18
04-26 12:03:30.652 I/Gonk    (   83): Changed nice for pid 1439 from 0 to 18.
04-26 12:03:30.772 W/WifiHW  (   83): wifi_command: SIGNAL_POLL
04-26 12:03:30.822 I/Gecko   (   83): 1398539010838	Marionette	DEBUG	Got request: switchToFrame, data: {"to":"0","sessionId":"3-b2g","name":"switchToFrame","parameters":{"id":null,"focus":true}}, id: {2614a0bf-6f37-427f-98e2-8b87fd54e208}
04-26 12:03:30.902 I/Gecko   (   83): 1398539010915	Marionette	INFO	Switched to frame: {"frameValue":null}
04-26 12:03:31.012 I/Gecko   (   83): 1398539011023	Marionette	INFO	sendToClient: {"from":"0","ok":true}, {2614a0bf-6f37-427f-98e2-8b87fd54e208}, {2614a0bf-6f37-427f-98e2-8b87fd54e208}
04-26 12:03:31.022 I/Gecko   (   83): 1398539011032	Marionette	DEBUG	Got request: switchToFrame, data: {"to":"0","sessionId":"3-b2g","name":"switchToFrame","parameters":{"id":null,"focus":true}}, id: {af6de64c-6170-4493-b85d-476b25d7b1b8}
04-26 12:03:31.032 I/Gecko   (   83): 1398539011041	Marionette	INFO	Switched to frame: {"frameValue":null}
04-26 12:03:31.132 I/Gecko   (   83): 1398539011143	Marionette	INFO	sendToClient: {"from":"0","ok":true}, {af6de64c-6170-4493-b85d-476b25d7b1b8}, {af6de64c-6170-4493-b85d-476b25d7b1b8}
04-26 12:03:31.142 I/Gecko   (   83): 1398539011150	Marionette	DEBUG	Got request: executeWithCallback, data: {"to":"0","sessionId":"3-b2g","name":"executeAsyncScript","parameters":{"specialPowers":false,"scriptTimeout":null,"newSandbox":true,"args":[],"filename":"gaia_test.py","script":"return GaiaApps.displayedApp();","line":66}}, id: {1ccbabc3-86b4-4168-b98c-9909c327dbeb}
04-26 12:03:31.402 E/GeckoConsole(   83): Content JS LOG at dummy file:392 in GaiaApps.displayedApp: app with origin 'app://homescreen.gaiamobile.org' is displayed
04-26 12:03:31.412 I/Gecko   (   83): 1398539011420	Marionette	INFO	sendToClient: {"from":"0","value":{"frame":{"ELEMENT":"{04505831-41c9-405d-bb00-f157e418a33d}"},"src":"app://homescreen.gaiamobile.org/index.html#root","name":"Homescreen","origin":"app://homescreen.gaiamobile.org"}}, {1ccbabc3-86b4-4168-b98c-9909c327dbeb}, {1ccbabc3-86b4-4168-b98c-9909c327dbeb}
04-26 12:03:31.442 I/Gecko   (   83): 
04-26 12:03:31.442 I/Gecko   (   83): ###!!! [Parent][MessageChannel] Error: Channel error: cannot send/recv
04-26 12:03:31.442 I/Gecko   (   83): 
04-26 12:03:31.592 I/Gecko   (   83): [Parent 83] WARNING: waitpid failed pid:1381 errno:10: file ../../../gecko/ipc/chromium/src/base/process_util_posix.cc, line 254
04-26 12:03:31.612 I/Gecko   (   83): 1398539011619	Marionette	DEBUG	Got request: switchToFrame, data: {"to":"0","sessionId":"3-b2g","name":"switchToFrame","parameters":{"focus":true,"element":"{04505831-41c9-405d-bb00-f157e418a33d}"}}, id: {f3ab0507-a494-49cd-b026-7498e6c6f739}
04-26 12:03:31.612 I/Gecko   (   83): 1398539011628	Marionette	INFO	Switched to frame: {"frameValue":"{04505831-41c9-405d-bb00-f157e418a33d}"}
04-26 12:03:31.632 I/Gecko   (   83): 1398539011642	Marionette	INFO	trying remote frame 0
04-26 12:03:31.632 I/Gecko   (   83): 1398539011643	Marionette	INFO	trying remote frame 1
04-26 12:03:31.632 I/Gecko   (   83): 1398539011644	Marionette	INFO	deleting frame
04-26 12:03:31.652 I/Gecko   (   83): 1398539011660	Marionette	INFO	frame-manager load script: [object ChromeMessageSender]
04-26 12:03:31.922 I/Gecko   ( 1415): ###################################### forms.js loaded
04-26 12:03:31.942 I/Gecko   ( 1415): ############################### browserElementPanning.js loaded
04-26 12:03:31.972 I/Gecko   ( 1415): ######################## BrowserElementChildPreload.js loaded
04-26 12:03:32.922 I/Gecko   (   83): 1398539012929	Marionette	INFO	sendToClient: {"from":"0","ok":true}, {f3ab0507-a494-49cd-b026-7498e6c6f739}, {f3ab0507-a494-49cd-b026-7498e6c6f739}
04-26 12:03:33.232 I/Gecko   (   83): 1398539013243	Marionette	INFO	sendToClient: {"from":"0","value":"app://homescreen.gaiamobile.org/index.html#root"}, {0b78d470-43df-433d-a60e-0609e600c001}, {0b78d470-43df-433d-a60e-0609e600c001}
04-26 12:03:33.242 I/Gecko   (   83): 1398539013250	Marionette	DEBUG	Got request: switchToFrame, data: {"to":"0","sessionId":"3-b2g","name":"switchToFrame","parameters":{"id":null,"focus":true}}, id: {b6b920c9-f4a0-4767-bebc-91eca0254bce}
04-26 12:03:33.262 I/Gecko   (   83): 1398539013272	Marionette	INFO	Switched to frame: {"frameValue":null}
04-26 12:03:33.362 I/Gecko   (   83): 1398539013374	Marionette	INFO	sendToClient: {"from":"0","ok":true}, {b6b920c9-f4a0-4767-bebc-91eca0254bce}, {b6b920c9-f4a0-4767-bebc-91eca0254bce}
04-26 12:03:33.372 I/Gecko   (   83): 1398539013381	Marionette	DEBUG	Got request: switchToFrame, data: {"to":"0","sessionId":"3-b2g","name":"switchToFrame","parameters":{"id":null,"focus":true}}, id: {43d53208-cc2b-4912-8e2e-dcf3eb8ff181}
04-26 12:03:33.372 I/Gecko   (   83): 1398539013383	Marionette	INFO	Switched to frame: {"frameValue":null}
04-26 12:03:33.472 I/Gecko   (   83): 1398539013485	Marionette	INFO	sendToClient: {"from":"0","ok":true}, {43d53208-cc2b-4912-8e2e-dcf3eb8ff181}, {43d53208-cc2b-4912-8e2e-dcf3eb8ff181}
04-26 12:03:33.482 I/Gecko   (   83): 1398539013493	Marionette	DEBUG	Got request: executeWithCallback, data: {"to":"0","sessionId":"3-b2g","name":"executeAsyncScript","parameters":{"specialPowers":false,"scriptTimeout":null,"newSandbox":true,"args":[],"filename":"gaia_test.py","script":"GaiaApps.killAll()","line":91}}, id: {e274f23d-9ffd-43a7-b276-5c81446d0192}
04-26 12:03:33.592 I/Gecko   (   83): [Parent 83] WARNING: waitpid failed pid:1381 errno:10: file ../../../gecko/ipc/chromium/src/base/process_util_posix.cc, line 254
04-26 12:03:33.592 I/Gecko   (   83): [Parent 83] WARNING: Failed to deliver SIGKILL to 1381!(3).: file ../../../gecko/ipc/chromium/src/chrome/common/process_watcher_posix_sigchld.cc, line 118
04-26 12:03:33.762 E/GeckoConsole(   83): Content JS LOG at dummy file:266 in GaiaApps.kill: terminating app with origin 'app://browser.gaiamobile.org'
04-26 12:03:33.762 E/GeckoConsole(   83): Content JS LOG at dummy file:258 in GaiaApps.kill/gt_onAppTerminated/<: app with origin 'app://browser.gaiamobile.org' has terminated
04-26 12:03:33.912 I/Gecko   (   83): 1398539013928	Marionette	INFO	sendToClient: {"from":"0","value":true}, {e274f23d-9ffd-43a7-b276-5c81446d0192}, {e274f23d-9ffd-43a7-b276-5c81446d0192}
04-26 12:03:33.952 I/Gecko   (   83): 1398539013967	Marionette	DEBUG	Got request: switchToFrame, data: {"to":"0","sessionId":"3-b2g","name":"switchToFrame","parameters":{"id":null,"focus":true}}, id: {42d619c8-3aa9-4090-bfa3-996d3a619376}
04-26 12:03:33.962 I/Gecko   (   83): 1398539013970	Marionette	INFO	Switched to frame: {"frameValue":null}
04-26 12:03:34.072 I/Gecko   (   83): 1398539014082	Marionette	INFO	sendToClient: {"from":"0","ok":true}, {42d619c8-3aa9-4090-bfa3-996d3a619376}, {42d619c8-3aa9-4090-bfa3-996d3a619376}
04-26 12:03:34.082 I/Gecko   (   83): 1398539014089	Marionette	DEBUG	Got request: executeWithCallback, data: {"to":"0","sessionId":"3-b2g","name":"executeAsyncScript","parameters":{"specialPowers":false,"scriptTimeout":60000,"newSandbox":true,"args":[],"filename":"app_checker.py","script":"\n        GaiaApps.locateWithManifestURL('https://delicious.com/delicious.webapp',\n                                       null,\n                                       function uninstall(app) {\n                                       navigator.mozApps.mgmt.uninstall(app);\n                                       marionetteScriptFinished(true);\n                                       });\n        ","line":129}}, id: {44800374-7bb4-4e43-9411-0e74c73fd6fa}
04-26 12:03:34.152 I/Gecko   (   83): -- webapps.js uninstall https://delicious.com/delicious.webapp
04-26 12:03:34.602 I/GonkMemoryPressure( 1439): Checking to see if memory pressure is over.
04-26 12:03:34.602 I/GonkMemoryPressure( 1439): Memory pressure is over.
04-26 12:03:34.992 I/Gecko   (   83): 1398539015005	Marionette	INFO	sendToClient: {"from":"0","value":true}, {44800374-7bb4-4e43-9411-0e74c73fd6fa}, {44800374-7bb4-4e43-9411-0e74c73fd6fa}