04-27 03:17:28.998 E/[Gralloc-ERROR](   83): int gralloc_unregister_buffer(const gralloc_module_t*, const native_handle_t*):274 Trying to unregister buffer 0x4951a510 from process 83 that was not created in current process: 83
04-27 03:17:29.008 I/Gecko   (   83): 1398593849025	Marionette	INFO	sendToClient: {"from":"0","value":null}, {dd9a1507-ceeb-4d8a-9b5c-c0e5a0274630}, {dd9a1507-ceeb-4d8a-9b5c-c0e5a0274630}
04-27 03:17:29.018 I/Gecko   (  768): [SharedSurface_Gralloc 0x42debac0] destroyed
04-27 03:17:29.018 I/Gecko   (  768): [SharedSurface_Gralloc 0x430c2840] destroyed
04-27 03:17:29.028 I/Gecko   (  768): SharedSurface_Gralloc::Create -------
04-27 03:17:29.048 I/Gecko   (  768): SharedSurface_Gralloc::Create: success -- surface 0x42debb00, GraphicBuffer 0x435d7b00.
04-27 03:17:29.058 E/[Gralloc-ERROR](   83): int gralloc_unregister_buffer(const gralloc_module_t*, const native_handle_t*):274 Trying to unregister buffer 0x4951a6f0 from process 83 that was not created in current process: 83
04-27 03:17:29.108 I/Gecko   (   83): 1398593849120	Marionette	DEBUG	Got request: switchToFrame, data: {"to":"0","sessionId":"3-b2g","name":"switchToFrame","parameters":{"id":null,"focus":true}}, id: {c2a4f3d2-e9e4-4823-b042-8c8376b16fed}
04-27 03:17:29.118 I/Gecko   (  768): SharedSurface_Gralloc::Create -------
04-27 03:17:29.118 I/Gecko   (  768): SharedSurface_Gralloc::Create: success -- surface 0x430c2d40, GraphicBuffer 0x435d7780.
04-27 03:17:29.138 I/Gecko   (   83): 1398593849148	Marionette	INFO	Switched to frame: {"frameValue":null}
04-27 03:17:29.188 I/Gecko   (  768): [SharedSurface_Gralloc 0x42deb9c0] destroyed
04-27 03:17:29.188 I/Gecko   (  768): [SharedSurface_Gralloc 0x430c2cc0] destroyed
04-27 03:17:29.188 I/Gecko   (  768): SharedSurface_Gralloc::Create -------
04-27 03:17:29.208 I/Gecko   (  768): SharedSurface_Gralloc::Create: success -- surface 0x42deba00, GraphicBuffer 0x435d6f00.
04-27 03:17:29.238 I/Gecko   (   83): 1398593849252	Marionette	INFO	sendToClient: {"from":"0","ok":true}, {c2a4f3d2-e9e4-4823-b042-8c8376b16fed}, {c2a4f3d2-e9e4-4823-b042-8c8376b16fed}
04-27 03:17:29.268 I/Gecko   (  768): SharedSurface_Gralloc::Create -------
04-27 03:17:29.268 I/Gecko   (  768): SharedSurface_Gralloc::Create: success -- surface 0x430f8040, GraphicBuffer 0x435d6e00.
04-27 03:17:29.298 I/Gecko   (   83): 1398593849313	Marionette	DEBUG	Got request: executeWithCallback, data: {"to":"0","sessionId":"3-b2g","name":"executeAsyncScript","parameters":{"specialPowers":false,"scriptTimeout":null,"newSandbox":true,"args":[],"filename":"gaia_test.py","script":"return GaiaApps.displayedApp();","line":66}}, id: {36561e13-fbc9-42ec-8c93-d0b54c715a23}
04-27 03:17:29.318 I/Gecko   (  768): [SharedSurface_Gralloc 0x42debb00] destroyed
04-27 03:17:29.318 I/Gecko   (  768): [SharedSurface_Gralloc 0x430c2d40] destroyed
04-27 03:17:29.338 I/Gecko   (  768): SharedSurface_Gralloc::Create -------
04-27 03:17:29.348 I/Gecko   (  768): SharedSurface_Gralloc::Create: success -- surface 0x42debb40, GraphicBuffer 0x435d7b00.
04-27 03:17:29.418 I/Gecko   (  768): SharedSurface_Gralloc::Create -------
04-27 03:17:29.418 I/Gecko   (  768): SharedSurface_Gralloc::Create: success -- surface 0x430f8140, GraphicBuffer 0x435d7780.
04-27 03:17:29.448 E/GeckoConsole(   83): Content JS LOG at dummy file:392 in GaiaApps.displayedApp: app with origin 'app://homescreen.gaiamobile.org' is displayed
04-27 03:17:29.458 I/Gecko   (   83): 1398593849471	Marionette	INFO	sendToClient: {"from":"0","value":{"frame":{"ELEMENT":"{fe9e2e89-24c5-40d9-934c-e7516fe6af68}"},"src":"app://homescreen.gaiamobile.org/index.html#root","name":"Homescreen","origin":"app://homescreen.gaiamobile.org"}}, {36561e13-fbc9-42ec-8c93-d0b54c715a23}, {36561e13-fbc9-42ec-8c93-d0b54c715a23}
04-27 03:17:29.468 I/Gecko   (  768): [SharedSurface_Gralloc 0x42deba00] destroyed
04-27 03:17:29.468 I/Gecko   (  768): [SharedSurface_Gralloc 0x430f8040] destroyed
04-27 03:17:29.498 I/Gecko   (  768): SharedSurface_Gralloc::Create -------
04-27 03:17:29.508 I/Gecko   (  768): SharedSurface_Gralloc::Create: success -- surface 0x42deba40, GraphicBuffer 0x435d6f00.
04-27 03:17:29.508 I/Gecko   (   83): 1398593849525	Marionette	DEBUG	Got request: switchToFrame, data: {"to":"0","sessionId":"3-b2g","name":"switchToFrame","parameters":{"id":null,"focus":true}}, id: {1551b83f-0978-4831-a977-8f015fca8d6e}
04-27 03:17:29.538 I/Gecko   (   83): 1398593849549	Marionette	INFO	Switched to frame: {"frameValue":null}
04-27 03:17:29.558 I/Gecko   (  768): SharedSurface_Gralloc::Create -------
04-27 03:17:29.598 I/Gecko   (  768): SharedSurface_Gralloc::Create: success -- surface 0x430f8300, GraphicBuffer 0x435d6e00.
04-27 03:17:29.638 I/Gecko   (  768): [SharedSurface_Gralloc 0x42debb40] destroyed
04-27 03:17:29.638 I/Gecko   (  768): [SharedSurface_Gralloc 0x430f8140] destroyed
04-27 03:17:29.648 I/Gecko   (   83): 1398593849665	Marionette	INFO	sendToClient: {"from":"0","ok":true}, {1551b83f-0978-4831-a977-8f015fca8d6e}, {1551b83f-0978-4831-a977-8f015fca8d6e}
04-27 03:17:29.658 I/Gecko   (  768): SharedSurface_Gralloc::Create -------
04-27 03:17:29.668 I/Gecko   (  768): SharedSurface_Gralloc::Create: success -- surface 0x42debcc0, GraphicBuffer 0x435d7880.
04-27 03:17:29.708 I/Gecko   (   83): 1398593849723	Marionette	DEBUG	Got request: switchToFrame, data: {"to":"0","sessionId":"3-b2g","name":"switchToFrame","parameters":{"id":null,"focus":true}}, id: {db92aad0-5c9e-443f-8bcf-145873c73a30}
04-27 03:17:29.738 I/Gecko   (   83): 1398593849752	Marionette	INFO	Switched to frame: {"frameValue":null}
04-27 03:17:29.758 I/Gecko   (  768): SharedSurface_Gralloc::Create -------
04-27 03:17:29.818 I/Gecko   (  768): SharedSurface_Gralloc::Create: success -- surface 0x432a8780, GraphicBuffer 0x435d7780.
04-27 03:17:29.858 I/Gecko   (  768): [SharedSurface_Gralloc 0x42deba40] destroyed
04-27 03:17:29.858 I/Gecko   (  768): [SharedSurface_Gralloc 0x430f8300] destroyed
04-27 03:17:29.888 I/Gecko   (  768): SharedSurface_Gralloc::Create -------
04-27 03:17:29.898 I/Gecko   (  768): SharedSurface_Gralloc::Create: success -- surface 0x42debec0, GraphicBuffer 0x435d6f00.
04-27 03:17:29.968 I/Gecko   (  768): SharedSurface_Gralloc::Create -------
04-27 03:17:30.088 I/Gecko   (  768): SharedSurface_Gralloc::Create: success -- surface 0x432ad400, GraphicBuffer 0x435d6e00.
04-27 03:17:30.158 I/Gecko   (  768): [SharedSurface_Gralloc 0x42debcc0] destroyed
04-27 03:17:30.158 I/Gecko   (  768): [SharedSurface_Gralloc 0x432a8780] destroyed
04-27 03:17:30.168 I/Gecko   (  768): SharedSurface_Gralloc::Create -------
04-27 03:17:30.198 I/Gecko   (  768): SharedSurface_Gralloc::Create: success -- surface 0x42debdc0, GraphicBuffer 0x435d7880.
04-27 03:17:30.278 I/Gecko   (  768): SharedSurface_Gralloc::Create -------
04-27 03:17:30.308 I/Gecko   (  768): SharedSurface_Gralloc::Create: success -- surface 0x430c2880, GraphicBuffer 0x435d7780.
04-27 03:17:30.368 I/Gecko   (  768): [SharedSurface_Gralloc 0x42debec0] destroyed
04-27 03:17:30.368 I/Gecko   (  768): [SharedSurface_Gralloc 0x432ad400] destroyed
04-27 03:17:30.368 I/Gecko   (  768): SharedSurface_Gralloc::Create -------
04-27 03:17:30.378 I/Gecko   (  768): SharedSurface_Gralloc::Create: success -- surface 0x42debf80, GraphicBuffer 0x435d6f00.
04-27 03:17:30.478 I/Gecko   (  768): SharedSurface_Gralloc::Create -------
04-27 03:17:30.558 I/Gecko   (  768): SharedSurface_Gralloc::Create: success -- surface 0x430f8280, GraphicBuffer 0x435d6e00.
04-27 03:17:30.598 I/Gecko   (  768): [SharedSurface_Gralloc 0x42debdc0] destroyed
04-27 03:17:30.608 I/Gecko   (  768): [SharedSurface_Gralloc 0x430c2880] destroyed
04-27 03:17:30.618 I/Gecko   (   83): 1398593850632	Marionette	INFO	sendToClient: {"from":"0","ok":true}, {db92aad0-5c9e-443f-8bcf-145873c73a30}, {db92aad0-5c9e-443f-8bcf-145873c73a30}
04-27 03:17:30.638 I/Gecko   (  768): SharedSurface_Gralloc::Create -------
04-27 03:17:30.648 I/Gecko   (  768): SharedSurface_Gralloc::Create: success -- surface 0x430c2cc0, GraphicBuffer 0x435d7880.
04-27 03:17:30.678 W/WifiHW  (   83): wifi_command: SIGNAL_POLL
04-27 03:17:30.708 I/Gecko   (   83): 1398593850721	Marionette	DEBUG	Got request: executeWithCallback, data: {"to":"0","sessionId":"3-b2g","name":"executeAsyncScript","parameters":{"specialPowers":false,"scriptTimeout":null,"newSandbox":true,"args":[],"filename":"gaia_test.py","script":"return GaiaApps.displayedApp();","line":66}}, id: {8ca8a1b9-f7a7-468f-829e-b2927ec32c40}
04-27 03:17:30.728 I/Gecko   (  768): SharedSurface_Gralloc::Create -------
04-27 03:17:30.778 I/Gecko   (  768): SharedSurface_Gralloc::Create: success -- surface 0x432ae4c0, GraphicBuffer 0x435d7780.
04-27 03:17:30.818 I/Gecko   (  768): [SharedSurface_Gralloc 0x42debf80] destroyed
04-27 03:17:30.818 I/Gecko   (  768): [SharedSurface_Gralloc 0x430f8280] destroyed
04-27 03:17:30.828 I/Gecko   (  768): SharedSurface_Gralloc::Create -------
04-27 03:17:30.838 E/GeckoConsole(   83): Content JS LOG at dummy file:392 in GaiaApps.displayedApp: app with origin 'app://homescreen.gaiamobile.org' is displayed
04-27 03:17:30.848 I/Gecko   (  768): SharedSurface_Gralloc::Create: success -- surface 0x43019340, GraphicBuffer 0x435d6f00.
04-27 03:17:30.848 I/Gecko   (   83): 1398593850865	Marionette	INFO	sendToClient: {"from":"0","value":{"frame":{"ELEMENT":"{fe9e2e89-24c5-40d9-934c-e7516fe6af68}"},"src":"app://homescreen.gaiamobile.org/index.html#root","name":"Homescreen","origin":"app://homescreen.gaiamobile.org"}}, {8ca8a1b9-f7a7-468f-829e-b2927ec32c40}, {8ca8a1b9-f7a7-468f-829e-b2927ec32c40}
04-27 03:17:30.888 I/Gecko   (   83): 1398593850904	Marionette	DEBUG	Got request: switchToFrame, data: {"to":"0","sessionId":"3-b2g","name":"switchToFrame","parameters":{"focus":true,"element":"{fe9e2e89-24c5-40d9-934c-e7516fe6af68}"}}, id: {2f402e3d-2642-4ae1-9569-fba12933a0e3}
04-27 03:17:30.918 I/Gecko   (   83): 1398593850932	Marionette	INFO	Switched to frame: {"frameValue":"{fe9e2e89-24c5-40d9-934c-e7516fe6af68}"}
04-27 03:17:30.918 I/Gecko   (  768): SharedSurface_Gralloc::Create -------
04-27 03:17:30.928 I/Gecko   (  768): SharedSurface_Gralloc::Create: success -- surface 0x432ae540, GraphicBuffer 0x435d6e00.
04-27 03:17:30.968 I/Gonk    (   83): Setting nice for pid 768 to 18
04-27 03:17:30.968 I/Gonk    (   83): Changed nice for pid 768 from 1 to 18.
04-27 03:17:30.988 I/Gecko   (   83): 1398593850992	Marionette	INFO	trying remote frame 0
04-27 03:17:30.988 I/Gecko   (   83): 1398593851001	Marionette	INFO	deleting frame
04-27 03:17:30.988 I/Gecko   (   83): 1398593851006	Marionette	INFO	frame-manager load script: [object ChromeMessageSender]
04-27 03:17:31.168 I/log     (  847): <4>0[ 314.947275] select 768 (Desert Rescue), adj 10, size 6748, to kill 
04-27 03:17:31.428 I/Gecko   (  822): ###################################### forms.js loaded
04-27 03:17:31.448 I/Gecko   (  822): ############################### browserElementPanning.js loaded
04-27 03:17:31.468 I/Gecko   (  822): ######################## BrowserElementChildPreload.js loaded
04-27 03:17:32.108 I/Gecko   (   83): 
04-27 03:17:32.108 I/Gecko   (   83): ###!!! [Parent][MessageChannel] Error: Channel error: cannot send/recv
04-27 03:17:32.108 I/Gecko   (   83): 
04-27 03:17:32.158 I/GeckoDump(   83): Crash reporter : Can't fetch app.reportCrashes. Exception: [Exception... "Component returned failure code: 0x8000ffff (NS_ERROR_UNEXPECTED) [nsIPrefBranch.getBoolPref]"  nsresult: "0x8000ffff (NS_ERROR_UNEXPECTED)"  location: "JS frame :: chrome://browser/content/shell.js :: shell_reportCrash :: line 7"  data: no]
04-27 03:17:32.168 I/Gecko   (   83): [Parent 83] WARNING: waitpid failed pid:768 errno:10: file ../../../gecko/ipc/chromium/src/base/process_util_posix.cc, line 254
04-27 03:17:32.748 I/Gecko   (   83): 1398593852767	Marionette	INFO	sendToClient: {"from":"0","ok":true}, {2f402e3d-2642-4ae1-9569-fba12933a0e3}, {2f402e3d-2642-4ae1-9569-fba12933a0e3}
04-27 03:17:33.098 I/Gecko   (   83): 1398593853114	Marionette	INFO	sendToClient: {"from":"0","value":"app://homescreen.gaiamobile.org/index.html#root"}, {ad32f8c1-1cdc-4845-8cd5-89701022931d}, {ad32f8c1-1cdc-4845-8cd5-89701022931d}
04-27 03:17:33.108 I/Gecko   (   83): 1398593853123	Marionette	DEBUG	Got request: switchToFrame, data: {"to":"0","sessionId":"3-b2g","name":"switchToFrame","parameters":{"id":null,"focus":true}}, id: {144ae993-8b3e-4fbb-9685-4acc12e30320}
04-27 03:17:33.118 I/Gecko   (   83): 1398593853136	Marionette	INFO	Switched to frame: {"frameValue":null}
04-27 03:17:33.268 I/Gecko   (   83): 1398593853283	Marionette	INFO	sendToClient: {"from":"0","ok":true}, {144ae993-8b3e-4fbb-9685-4acc12e30320}, {144ae993-8b3e-4fbb-9685-4acc12e30320}
04-27 03:17:33.278 I/Gecko   (   83): 1398593853297	Marionette	DEBUG	Got request: switchToFrame, data: {"to":"0","sessionId":"3-b2g","name":"switchToFrame","parameters":{"id":null,"focus":true}}, id: {ba02a7e6-55a2-49c6-a0b9-904eb06d4ba5}
04-27 03:17:33.308 I/Gecko   (   83): 1398593853320	Marionette	INFO	Switched to frame: {"frameValue":null}
04-27 03:17:33.408 I/Gecko   (   83): 1398593853423	Marionette	INFO	sendToClient: {"from":"0","ok":true}, {ba02a7e6-55a2-49c6-a0b9-904eb06d4ba5}, {ba02a7e6-55a2-49c6-a0b9-904eb06d4ba5}
04-27 03:17:33.418 I/Gecko   (   83): 1398593853430	Marionette	DEBUG	Got request: executeWithCallback, data: {"to":"0","sessionId":"3-b2g","name":"executeAsyncScript","parameters":{"specialPowers":false,"scriptTimeout":null,"newSandbox":true,"args":[],"filename":"gaia_test.py","script":"GaiaApps.killAll()","line":91}}, id: {6a556d0c-4e87-40eb-89a0-f99aede34fa1}
04-27 03:17:33.548 I/Gonk    (   83): Setting nice for pid 856 to 18
04-27 03:17:33.548 I/Gonk    (   83): Changed nice for pid 856 from 0 to 18.
04-27 03:17:33.578 I/Gecko   (   83): 1398593853588	Marionette	INFO	sendToClient: {"from":"0","value":true}, {6a556d0c-4e87-40eb-89a0-f99aede34fa1}, {6a556d0c-4e87-40eb-89a0-f99aede34fa1}
04-27 03:17:33.598 I/Gecko   (   83): 1398593853610	Marionette	DEBUG	Got request: switchToFrame, data: {"to":"0","sessionId":"3-b2g","name":"switchToFrame","parameters":{"id":null,"focus":true}}, id: {fba7cda5-8daf-46ef-991b-0c58c343852f}
04-27 03:17:33.598 I/Gecko   (   83): 1398593853612	Marionette	INFO	Switched to frame: {"frameValue":null}
04-27 03:17:33.698 I/Gecko   (   83): 1398593853714	Marionette	INFO	sendToClient: {"from":"0","ok":true}, {fba7cda5-8daf-46ef-991b-0c58c343852f}, {fba7cda5-8daf-46ef-991b-0c58c343852f}
04-27 03:17:33.708 I/Gecko   (   83): 1398593853720	Marionette	DEBUG	Got request: executeWithCallback, data: {"to":"0","sessionId":"3-b2g","name":"executeAsyncScript","parameters":{"specialPowers":false,"scriptTimeout":60000,"newSandbox":true,"args":[],"filename":"app_checker.py","script":"\n        GaiaApps.locateWithManifestURL('https://marketplace.firefox.com/app/8f9282a7-a4f3-45c5-8527-686489f12dac/manifest.webapp',\n                                       null,\n                                       function uninstall(app) {\n                                       navigator.mozApps.mgmt.uninstall(app);\n                                       marionetteScriptFinished(true);\n                                       });\n        ","line":129}}, id: {eeff59b6-f654-467b-a95c-2a7b4de7838b}
04-27 03:17:33.738 I/Gecko   (   83): -- webapps.js uninstall https://marketplace.firefox.com/app/8f9282a7-a4f3-45c5-8527-686489f12dac/manifest.webapp
04-27 03:17:33.938 I/Gecko   (   83): 1398593853957	Marionette	INFO	sendToClient: {"from":"0","value":true}, {eeff59b6-f654-467b-a95c-2a7b4de7838b}, {eeff59b6-f654-467b-a95c-2a7b4de7838b}
04-27 03:17:34.168 I/Gecko   (   83): [Parent 83] WARNING: waitpid failed pid:768 errno:10: file ../../../gecko/ipc/chromium/src/base/process_util_posix.cc, line 254
04-27 03:17:34.168 I/Gecko   (   83): [Parent 83] WARNING: Failed to deliver SIGKILL to 768!(3).: file ../../../gecko/ipc/chromium/src/chrome/common/process_watcher_posix_sigchld.cc, line 118