--------- beginning of /dev/log/main
04-27 21:34:35.271 I/Gecko   (   83): 1398659675281	Marionette	INFO	sendToClient: {"from":"0","ok":true}, {b8240d39-c158-4a19-a172-b141279e7363}, {b8240d39-c158-4a19-a172-b141279e7363}
04-27 21:34:35.311 I/Gecko   (   83): 1398659675329	Marionette	DEBUG	Got request: switchToFrame, data: {"to":"0","sessionId":"3-b2g","name":"switchToFrame","parameters":{"id":null,"focus":true}}, id: {8b4f65b9-566d-40a0-b2fe-9d7c4b33919f}
04-27 21:34:35.341 I/Gecko   (   83): 1398659675354	Marionette	INFO	Switched to frame: {"frameValue":null}
04-27 21:34:35.441 I/Gecko   (   83): 1398659675456	Marionette	INFO	sendToClient: {"from":"0","ok":true}, {8b4f65b9-566d-40a0-b2fe-9d7c4b33919f}, {8b4f65b9-566d-40a0-b2fe-9d7c4b33919f}
04-27 21:34:35.451 I/Gecko   (   83): 1398659675464	Marionette	DEBUG	Got request: executeWithCallback, data: {"to":"0","sessionId":"3-b2g","name":"executeAsyncScript","parameters":{"specialPowers":false,"scriptTimeout":null,"newSandbox":true,"args":[],"filename":"gaia_test.py","script":"return GaiaApps.displayedApp();","line":66}}, id: {c7027fb5-9c38-4209-8f02-568872752f64}
04-27 21:34:35.531 E/GeckoConsole(   83): Content JS LOG at dummy file:392 in GaiaApps.displayedApp: app with origin 'app://homescreen.gaiamobile.org' is displayed
04-27 21:34:35.531 I/Gecko   (   83): 1398659675548	Marionette	INFO	sendToClient: {"from":"0","value":{"frame":{"ELEMENT":"{7f30c4e4-b674-45e2-9ee3-4038784bc1b8}"},"src":"app://homescreen.gaiamobile.org/index.html#root","name":"Homescreen","origin":"app://homescreen.gaiamobile.org"}}, {c7027fb5-9c38-4209-8f02-568872752f64}, {c7027fb5-9c38-4209-8f02-568872752f64}
04-27 21:34:35.541 I/Gecko   (   83): 1398659675554	Marionette	DEBUG	Got request: switchToFrame, data: {"to":"0","sessionId":"3-b2g","name":"switchToFrame","parameters":{"id":null,"focus":true}}, id: {01c1b16e-29f3-4adf-9b93-2c36d50ae82e}
04-27 21:34:35.541 I/Gecko   (   83): 1398659675556	Marionette	INFO	Switched to frame: {"frameValue":null}
04-27 21:34:35.641 I/Gecko   (   83): 1398659675658	Marionette	INFO	sendToClient: {"from":"0","ok":true}, {01c1b16e-29f3-4adf-9b93-2c36d50ae82e}, {01c1b16e-29f3-4adf-9b93-2c36d50ae82e}
04-27 21:34:35.651 I/Gecko   (   83): 1398659675664	Marionette	DEBUG	Got request: switchToFrame, data: {"to":"0","sessionId":"3-b2g","name":"switchToFrame","parameters":{"id":null,"focus":true}}, id: {55a91872-8fa1-48b3-a57b-c3c94df56b38}
04-27 21:34:35.651 I/Gecko   (   83): 1398659675666	Marionette	INFO	Switched to frame: {"frameValue":null}
04-27 21:34:35.751 I/Gecko   (   83): 1398659675769	Marionette	INFO	sendToClient: {"from":"0","ok":true}, {55a91872-8fa1-48b3-a57b-c3c94df56b38}, {55a91872-8fa1-48b3-a57b-c3c94df56b38}
04-27 21:34:35.761 I/Gecko   (   83): 1398659675776	Marionette	DEBUG	Got request: executeWithCallback, data: {"to":"0","sessionId":"3-b2g","name":"executeAsyncScript","parameters":{"specialPowers":false,"scriptTimeout":null,"newSandbox":true,"args":[],"filename":"gaia_test.py","script":"return GaiaApps.displayedApp();","line":66}}, id: {5acfa56f-3639-4536-b123-41a130a55432}
04-27 21:34:35.831 I/Gecko   (   83): 1398659675841	Marionette	INFO	sendToClient: {"from":"0","value":{"frame":{"ELEMENT":"{7f30c4e4-b674-45e2-9ee3-4038784bc1b8}"},"src":"app://homescreen.gaiamobile.org/index.html#root","name":"Homescreen","origin":"app://homescreen.gaiamobile.org"}}, {5acfa56f-3639-4536-b123-41a130a55432}, {5acfa56f-3639-4536-b123-41a130a55432}
04-27 21:34:35.831 E/GeckoConsole(   83): Content JS LOG at dummy file:392 in GaiaApps.displayedApp: app with origin 'app://homescreen.gaiamobile.org' is displayed
04-27 21:34:35.831 I/Gecko   (   83): 1398659675848	Marionette	DEBUG	Got request: switchToFrame, data: {"to":"0","sessionId":"3-b2g","name":"switchToFrame","parameters":{"focus":true,"element":"{7f30c4e4-b674-45e2-9ee3-4038784bc1b8}"}}, id: {4d5fb63d-a00a-4822-bc94-ecb5bda645bc}
04-27 21:34:35.851 I/Gecko   (   83): 1398659675861	Marionette	INFO	Switched to frame: {"frameValue":"{7f30c4e4-b674-45e2-9ee3-4038784bc1b8}"}
04-27 21:34:35.851 I/Gecko   (   83): 1398659675864	Marionette	INFO	trying remote frame 0
04-27 21:34:35.871 I/Gecko   (   83): 1398659675887	Marionette	INFO	trying remote frame 1
04-27 21:34:35.891 I/Gecko   (   83): 1398659675902	Marionette	INFO	deleting frame
04-27 21:34:35.891 I/Gecko   (   83): 1398659675907	Marionette	INFO	frame-manager load script: [object ChromeMessageSender]
04-27 21:34:36.281 I/Gecko   (   83): 1398659676294	Marionette	INFO	sendToClient: {"from":"0","ok":true}, {4d5fb63d-a00a-4822-bc94-ecb5bda645bc}, {4d5fb63d-a00a-4822-bc94-ecb5bda645bc}
04-27 21:34:36.481 I/Gecko   (   83): 1398659676495	Marionette	INFO	sendToClient: {"from":"0","value":{"ELEMENT":"{5fea499d-8002-423b-9477-ed4052caea2a}"}}, {2c58de3f-6779-42ff-af70-9fb65c260a50}, {2c58de3f-6779-42ff-af70-9fb65c260a50}
04-27 21:34:36.661 E/GeckoConsole( 1379): [JavaScript Warning: "Use of getAttributeNode() is deprecated. Use getAttribute() instead." {file: "chrome://marionette/content/atoms.js" line: 25}]
04-27 21:34:36.661 E/GeckoConsole( 1379): [JavaScript Warning: "Use of attributes' specified attribute is deprecated. It always returns true." {file: "chrome://marionette/content/atoms.js" line: 25}]
04-27 21:34:36.661 I/Gecko   (   83): 1398659676675	Marionette	INFO	sendToClient: {"from":"0","value":"normal"}, {93118c1d-0306-4e9d-a77f-a70cb1208619}, {93118c1d-0306-4e9d-a77f-a70cb1208619}
04-27 21:34:36.671 I/Gecko   (   83): 1398659676681	Marionette	DEBUG	Got request: switchToFrame, data: {"to":"0","sessionId":"3-b2g","name":"switchToFrame","parameters":{"id":null,"focus":true}}, id: {52df569a-a072-48bd-8d5d-565d607ffbd1}
04-27 21:34:36.681 I/Gecko   (   83): 1398659676692	Marionette	INFO	Switched to frame: {"frameValue":null}
04-27 21:34:36.781 I/Gecko   (   83): 1398659676799	Marionette	INFO	sendToClient: {"from":"0","ok":true}, {52df569a-a072-48bd-8d5d-565d607ffbd1}, {52df569a-a072-48bd-8d5d-565d607ffbd1}
04-27 21:34:36.791 I/Gecko   (   83): 1398659676805	Marionette	DEBUG	Got request: execute, data: {"to":"0","sessionId":"3-b2g","name":"executeScript","parameters":{"specialPowers":false,"scriptTimeout":null,"newSandbox":true,"args":[],"filename":"gaia_test.py","script":"window.wrappedJSObject.dispatchEvent(new Event('home'));","line":788}}, id: {efc3b8a2-1e7c-40f8-98f2-e6c257201f99}
04-27 21:34:36.861 I/Gecko   (   83): 1398659676874	Marionette	INFO	sendToClient: {"from":"0","value":null}, {efc3b8a2-1e7c-40f8-98f2-e6c257201f99}, {efc3b8a2-1e7c-40f8-98f2-e6c257201f99}
04-27 21:34:36.871 I/Gecko   (   83): 1398659676889	Marionette	DEBUG	Got request: switchToFrame, data: {"to":"0","sessionId":"3-b2g","name":"switchToFrame","parameters":{"id":null,"focus":true}}, id: {0c877fe3-27fc-4740-be02-2b26dce85601}
04-27 21:34:36.881 I/Gecko   (   83): 1398659676892	Marionette	INFO	Switched to frame: {"frameValue":null}
04-27 21:34:36.981 I/Gecko   (   83): 1398659676995	Marionette	INFO	sendToClient: {"from":"0","ok":true}, {0c877fe3-27fc-4740-be02-2b26dce85601}, {0c877fe3-27fc-4740-be02-2b26dce85601}
04-27 21:34:36.991 I/Gecko   (   83): 1398659677001	Marionette	DEBUG	Got request: switchToFrame, data: {"to":"0","sessionId":"3-b2g","name":"switchToFrame","parameters":{"id":null,"focus":true}}, id: {7831eec8-111d-470d-9025-e4e711c6831c}
04-27 21:34:36.991 I/Gecko   (   83): 1398659677003	Marionette	INFO	Switched to frame: {"frameValue":null}
04-27 21:34:37.091 I/Gecko   (   83): 1398659677106	Marionette	INFO	sendToClient: {"from":"0","ok":true}, {7831eec8-111d-470d-9025-e4e711c6831c}, {7831eec8-111d-470d-9025-e4e711c6831c}
04-27 21:34:37.121 I/Gecko   (   83): 1398659677131	Marionette	DEBUG	Got request: executeWithCallback, data: {"to":"0","sessionId":"3-b2g","name":"executeAsyncScript","parameters":{"specialPowers":false,"scriptTimeout":null,"newSandbox":true,"args":[],"filename":"gaia_test.py","script":"return GaiaApps.displayedApp();","line":66}}, id: {476ad33d-9330-47a1-82d0-cd1d5ecfefcf}
04-27 21:34:37.201 E/GeckoConsole(   83): Content JS LOG at dummy file:392 in GaiaApps.displayedApp: app with origin 'app://homescreen.gaiamobile.org' is displayed
04-27 21:34:37.211 I/Gecko   (   83): 1398659677224	Marionette	INFO	sendToClient: {"from":"0","value":{"frame":{"ELEMENT":"{7f30c4e4-b674-45e2-9ee3-4038784bc1b8}"},"src":"app://homescreen.gaiamobile.org/index.html#rootSun%20Apr%2027%202014%2021:34:36%20GMT-0700%20(UTC)","name":"Homescreen","origin":"app://homescreen.gaiamobile.org"}}, {476ad33d-9330-47a1-82d0-cd1d5ecfefcf}, {476ad33d-9330-47a1-82d0-cd1d5ecfefcf}
04-27 21:34:37.221 I/Gecko   (   83): 1398659677237	Marionette	DEBUG	Got request: switchToFrame, data: {"to":"0","sessionId":"3-b2g","name":"switchToFrame","parameters":{"focus":true,"element":"{7f30c4e4-b674-45e2-9ee3-4038784bc1b8}"}}, id: {3b1094c2-c629-4b20-a008-c01b251f829d}
04-27 21:34:37.231 I/Gecko   (   83): 1398659677247	Marionette	INFO	Switched to frame: {"frameValue":"{7f30c4e4-b674-45e2-9ee3-4038784bc1b8}"}
04-27 21:34:37.251 I/Gecko   (   83): 1398659677263	Marionette	INFO	trying remote frame 0
04-27 21:34:37.251 I/Gecko   (   83): 1398659677264	Marionette	INFO	trying remote frame 1
04-27 21:34:37.381 W/WifiHW  (   83): wifi_command: SIGNAL_POLL
04-27 21:34:37.871 I/Gecko   (   83): 1398659677883	Marionette	INFO	sendToClient: {"from":"0","ok":true}, {3b1094c2-c629-4b20-a008-c01b251f829d}, {3b1094c2-c629-4b20-a008-c01b251f829d}
04-27 21:34:37.921 I/Gecko   (   83): 1398659677934	Marionette	DEBUG	Got request: execute, data: {"to":"0","sessionId":"3-b2g","name":"executeScript","parameters":{"specialPowers":false,"scriptTimeout":null,"newSandbox":true,"args":[],"filename":"gaia_test.py","script":"return window.wrappedJSObject.GridManager.pageHelper.getCurrentPageNumber();","line":784}}, id: {4a8ae4a2-370d-47cc-8ef8-98a434138e86}
04-27 21:34:38.151 V/AudioPolicyManagerBase(   88): startOutput() output 1, stream 1, session 4
04-27 21:34:38.151 V/AudioPolicyManagerBase(   88): changeRefCount() stream 1, count 1
04-27 21:34:38.151 V/AudioPolicyManagerBase(   88): getDeviceForStrategy() from cache strategy 0, device 2
04-27 21:34:38.151 V/AudioPolicyManagerBase(   88): getNewDevice() selected device 2
04-27 21:34:38.151 D/AudioPolicyManagerBase(   88): setOutputDevice() output 1 device 2 delayMs 0
04-27 21:34:38.151 V/AudioPolicyManagerBase(   88): setOutputDevice() setting same device 2 or null device for output 1
04-27 21:34:38.151 E/AudioPolicyManagerBase(   88): checkAndSetVolume stream=1, index=0, output=1, device=2
04-27 21:34:38.151 E/AudioPolicyManagerBase(   88): computeVolume, streamDesc=0xc42bb8
04-27 21:34:38.191 W/AudioFlinger(   88): Thread AudioOut_1 cannot connect to the power manager service
04-27 21:34:38.191 V/AudioPolicyManagerBase(   88): stopOutput() output 1, stream 1, session 4
04-27 21:34:38.191 V/AudioPolicyManagerBase(   88): changeRefCount() stream 1, count 0
04-27 21:34:38.191 V/AudioPolicyManagerBase(   88): getNewDevice() selected device 0
04-27 21:34:38.191 D/AudioPolicyManagerBase(   88): setOutputDevice() output 1 device 0 delayMs 290
04-27 21:34:38.191 V/AudioPolicyManagerBase(   88): setOutputDevice() setting same device 0 or null device for output 1
04-27 21:34:38.191 I/Gecko   (   83): 1398659678207	Marionette	INFO	sendToClient: {"from":"0","value":0}, {4a8ae4a2-370d-47cc-8ef8-98a434138e86}, {4a8ae4a2-370d-47cc-8ef8-98a434138e86}
04-27 21:34:38.201 V/AudioPolicyManagerBase(   88): startOutput() output 1, stream 1, session 4
04-27 21:34:38.201 V/AudioPolicyManagerBase(   88): changeRefCount() stream 1, count 1
04-27 21:34:38.201 V/AudioPolicyManagerBase(   88): getDeviceForStrategy() from cache strategy 0, device 2
04-27 21:34:38.201 V/AudioPolicyManagerBase(   88): getNewDevice() selected device 2
04-27 21:34:38.201 D/AudioPolicyManagerBase(   88): setOutputDevice() output 1 device 2 delayMs 0
04-27 21:34:38.201 V/AudioPolicyManagerBase(   88): setOutputDevice() setting same device 2 or null device for output 1
04-27 21:34:38.201 E/AudioPolicyManagerBase(   88): checkAndSetVolume stream=1, index=0, output=1, device=2
04-27 21:34:38.201 E/AudioPolicyManagerBase(   88): computeVolume, streamDesc=0xc42bb8
04-27 21:34:38.201 V/AudioPolicyManagerBase(   88): stopOutput() output 1, stream 1, session 4
04-27 21:34:38.201 V/AudioPolicyManagerBase(   88): changeRefCount() stream 1, count 0
04-27 21:34:38.201 V/AudioPolicyManagerBase(   88): getNewDevice() selected device 0
04-27 21:34:38.201 D/AudioPolicyManagerBase(   88): setOutputDevice() output 1 device 0 delayMs 290
04-27 21:34:38.201 V/AudioPolicyManagerBase(   88): setOutputDevice() setting same device 0 or null device for output 1
04-27 21:34:38.221 V/AudioPolicyManagerBase(   88): releaseOutput() 1
04-27 21:34:38.381 I/Gecko   (   83): 1398659678393	Marionette	INFO	sendToClient: {"from":"0","value":["{36d486a4-cb48-4364-a86a-47112f68991c}","{78d90f35-268f-4818-a618-1d51801f50a7}","{1c90978c-82ba-40f0-ae88-53278ff04e29}","{b658181a-df98-4200-b17f-1fba7038eba8}","{4d7cac77-3909-4414-94ac-e395daea2804}","{05008796-b7d0-47e1-91a7-4b5da1244838}","{a82e12da-0b43-4a10-ad92-87adc99d8b8a}","{ca5ee6b1-d255-4ddc-ba09-585ae80521b6}","{eb0e93fc-bb72-42e0-8704-879aee8e04b1}","{3d0325d6-37ce-4194-b6ac-d5481be60c7e}","{2edcad95-10be-49bb-9666-ff9c01fabbd6}","{acf79eea-067c-41b8-ae40-f4f734f38e68}","{10a65c8a-2a96-4db2-bbe5-9b3f70e5787d}","{df9e3b40-e431-4d2e-9d5c-e725fd6375d2}","{deedeeeb-2c50-4fe2-8a93-87009df0adf3}","{cb175a37-b714-4564-ab9e-f30b3a43dafd}","{a798f294-bc7a-4c4d-b85d-49902c6e235a}","{5a48bdce-bce1-4de5-aaf2-9addf0c0a3bc}","{44c08e59-ebc4-480c-a871-a09299177688}","{018a7f1a-e973-4a2f-b45a-0e81f4478b24}","{3b5edcce-7bf0-4bfd-ae3b-e8fcd336dac0}","{23ea6d54-b625-48e9-b6c9-1b9afb96c192}","{94d5b70d-f5c5-492b-9532-a7355647f85f}","{6286c8d9-db12
04-27 21:34:38.571 I/Gecko   (   83): 1398659678589	Marionette	INFO	sendToClient: {"from":"0","value":"app://homescreen.gaiamobile.org/index.html#rootSun%20Apr%2027%202014%2021:34:36%20GMT-0700%20(UTC)"}, {20f9b8dd-3cfc-44cc-a65b-18dcd997263f}, {20f9b8dd-3cfc-44cc-a65b-18dcd997263f}
04-27 21:34:38.581 I/Gecko   (   83): 1398659678597	Marionette	DEBUG	Got request: switchToFrame, data: {"to":"0","sessionId":"3-b2g","name":"switchToFrame","parameters":{"id":null,"focus":true}}, id: {d7d86db6-9343-4c06-9067-7e35780ae9f4}
04-27 21:34:38.591 I/Gecko   (   83): 1398659678609	Marionette	INFO	Switched to frame: {"frameValue":null}
04-27 21:34:38.701 I/Gecko   (   83): 1398659678719	Marionette	INFO	sendToClient: {"from":"0","ok":true}, {d7d86db6-9343-4c06-9067-7e35780ae9f4}, {d7d86db6-9343-4c06-9067-7e35780ae9f4}
04-27 21:34:38.711 I/Gecko   (   83): 1398659678726	Marionette	DEBUG	Got request: switchToFrame, data: {"to":"0","sessionId":"3-b2g","name":"switchToFrame","parameters":{"id":null,"focus":true}}, id: {ef7c9db2-2018-45c4-849a-0c3b65d29ac4}
04-27 21:34:38.711 I/Gecko   (   83): 1398659678728	Marionette	INFO	Switched to frame: {"frameValue":null}
04-27 21:34:38.821 I/Gecko   (   83): 1398659678834	Marionette	INFO	sendToClient: {"from":"0","ok":true}, {ef7c9db2-2018-45c4-849a-0c3b65d29ac4}, {ef7c9db2-2018-45c4-849a-0c3b65d29ac4}
04-27 21:34:38.831 I/Gecko   (   83): 1398659678840	Marionette	DEBUG	Got request: executeWithCallback, data: {"to":"0","sessionId":"3-b2g","name":"executeAsyncScript","parameters":{"specialPowers":false,"scriptTimeout":30000,"newSandbox":true,"args":[],"filename":"app_checker.py","script":"GaiaApps.launchWithManifestURL('https://marketplace.firefox.com/app/5acca6c3-45ae-4225-b09b-6c17f75c23ec/manifest.webapp')","line":106}}, id: {4d299411-a0a3-4b48-aeee-e8688e91548e}
04-27 21:34:38.991 I/Gonk    (   83): Setting nice for pid 1387 to 18
04-27 21:34:39.001 I/Gonk    (   83): Changed nice for pid 1387 from 18 to 18.
04-27 21:34:39.001 I/Gecko   (   83): [Parent 83] WARNING: waitpid failed pid:1387 errno:10: file ../../../gecko/ipc/chromium/src/base/process_util_posix.cc, line 254
04-27 21:34:39.031 I/Gonk    (   83): Setting nice for pid 1387 to 1
04-27 21:34:39.031 I/Gonk    (   83): Changed nice for pid 1387 from 18 to 1.
04-27 21:34:39.091 E/GeckoConsole(   83): Content JS LOG at dummy file:334 in GaiaApps.launch: launching app with name 'Disco Lights'
04-27 21:34:39.321 E/[Gralloc-ERROR](   83): int gralloc_register_buffer(const gralloc_module_t*, const native_handle_t*):79 Unable to register handle 0x454f0830 coming from different process: 83
04-27 21:34:39.351 E/[Gralloc-ERROR](   83): int gralloc_register_buffer(const gralloc_module_t*, const native_handle_t*):79 Unable to register handle 0x454f0970 coming from different process: 83
04-27 21:34:39.371 E/[Gralloc-ERROR](   83): int gralloc_register_buffer(const gralloc_module_t*, const native_handle_t*):79 Unable to register handle 0x454f0a10 coming from different process: 83
04-27 21:34:39.381 E/[Gralloc-ERROR](   83): int gralloc_register_buffer(const gralloc_module_t*, const native_handle_t*):79 Unable to register handle 0x454f0ab0 coming from different process: 83
04-27 21:34:39.461 D/Sensors (   83): activate handle=0; drv=0
04-27 21:34:39.471 D/Sensors (   83): Lis3dhSensor: Control set 1
04-27 21:34:39.471 D/Sensors (   83): Lis3dhSensor: mEnabled = 1
04-27 21:34:39.541 I/Gonk    (   83): Setting nice for pid 1379 to 18
04-27 21:34:39.551 I/Gonk    (   83): Changed nice for pid 1379 from 1 to 18.
04-27 21:34:40.761 I/Gonk    (   83): Setting nice for pid 1452 to 18
04-27 21:34:40.761 I/Gonk    (   83): Changed nice for pid 1452 from 0 to 18.
04-27 21:34:40.851 I/Gecko   ( 1387): ###################################### forms.js loaded
04-27 21:34:40.891 I/Gecko   ( 1387): ############################### browserElementPanning.js loaded
04-27 21:34:40.911 I/Gecko   ( 1387): ######################## BrowserElementChildPreload.js loaded
04-27 21:34:41.441 I/Gecko   (   83): 
04-27 21:34:41.441 I/Gecko   (   83): ###!!! [Parent][MessageChannel] Error: Channel error: cannot send/recv
04-27 21:34:41.441 I/Gecko   (   83): 
04-27 21:34:41.521 I/GeckoDump(   83): Crash reporter : Can't fetch app.reportCrashes. Exception: [Exception... "Component returned failure code: 0x8000ffff (NS_ERROR_UNEXPECTED) [nsIPrefBranch.getBoolPref]"  nsresult: "0x8000ffff (NS_ERROR_UNEXPECTED)"  location: "JS frame :: chrome://browser/content/shell.js :: shell_reportCrash :: line 7"  data: no]
04-27 21:34:41.531 I/Gecko   (   83): [Parent 83] WARNING: waitpid failed pid:1379 errno:10: file ../../../gecko/ipc/chromium/src/base/process_util_posix.cc, line 254
04-27 21:34:41.651 I/Gonk    (   83): Setting nice for pid 1452 to 18
04-27 21:34:41.651 I/Gonk    (   83): Changed nice for pid 1452 from 18 to 18.
04-27 21:34:41.651 I/Gecko   (   83): [Parent 83] WARNING: waitpid failed pid:1452 errno:10: file ../../../gecko/ipc/chromium/src/base/process_util_posix.cc, line 254
04-27 21:34:41.651 I/Gonk    (   83): Setting nice for pid 1452 to 1
04-27 21:34:41.651 I/Gonk    (   83): Changed nice for pid 1452 from 18 to 1.
04-27 21:34:41.661 I/Gonk    (   83): Setting nice for pid 1452 to 18
04-27 21:34:41.661 I/Gonk    (   83): Changed nice for pid 1452 from 1 to 18.
04-27 21:34:41.781 E/[Gralloc-ERROR](   83): int gralloc_unregister_buffer(const gralloc_module_t*, const native_handle_t*):274 Trying to unregister buffer 0x454f0830 from process 83 that was not created in current process: 83
04-27 21:34:41.781 I/Gecko   (   83): 1398659681798	Marionette	INFO	sendToClient: {"from":"0","value":{"frame":{"ELEMENT":"{a6571c7d-c6fe-4d7a-ba29-9dc29f29ba65}"},"src":"app://{1d05e482-8b31-4a26-bf99-b0f8df2192fa}/index.html","name":"Disco Lights","origin":"app://{1d05e482-8b31-4a26-bf99-b0f8df2192fa}"}}, {4d299411-a0a3-4b48-aeee-e8688e91548e}, {4d299411-a0a3-4b48-aeee-e8688e91548e}
04-27 21:34:41.791 E/GeckoConsole(   83): Content JS LOG at dummy file:326 in GaiaApps.launch/appOpen/<: app with origin 'app://{1d05e482-8b31-4a26-bf99-b0f8df2192fa}' has launched
04-27 21:34:41.791 E/[Gralloc-ERROR](   83): int gralloc_unregister_buffer(const gralloc_module_t*, const native_handle_t*):274 Trying to unregister buffer 0x454f0970 from process 83 that was not created in current process: 83
04-27 21:34:41.791 E/[Gralloc-ERROR](   83): int gralloc_unregister_buffer(const gralloc_module_t*, const native_handle_t*):274 Trying to unregister buffer 0x454f0ab0 from process 83 that was not created in current process: 83
04-27 21:34:41.791 E/[Gralloc-ERROR](   83): int gralloc_unregister_buffer(const gralloc_module_t*, const native_handle_t*):274 Trying to unregister buffer 0x454f0a10 from process 83 that was not created in current process: 83
04-27 21:34:41.791 I/Gecko   (   83): 1398659681810	Marionette	DEBUG	Got request: switchToFrame, data: {"to":"0","sessionId":"3-b2g","name":"switchToFrame","parameters":{"focus":true,"element":"{a6571c7d-c6fe-4d7a-ba29-9dc29f29ba65}"}}, id: {714f86e5-e0a7-4d56-a795-161368ccf70a}
04-27 21:34:41.811 I/Gecko   (   83): 1398659681823	Marionette	INFO	Switched to frame: {"frameValue":"{a6571c7d-c6fe-4d7a-ba29-9dc29f29ba65}"}
04-27 21:34:41.811 I/Gecko   (   83): 1398659681826	Marionette	INFO	trying remote frame 0
04-27 21:34:41.811 I/Gecko   (   83): 1398659681828	Marionette	INFO	trying remote frame 1
04-27 21:34:41.811 I/Gecko   (   83): 1398659681829	Marionette	INFO	deleting frame
04-27 21:34:41.831 I/Gecko   (   83): 1398659681841	Marionette	INFO	frame-manager load script: [object ChromeMessageSender]
04-27 21:34:42.411 W/WifiHW  (   83): wifi_command: SIGNAL_POLL
04-27 21:34:42.581 I/Gecko   (   83): 1398659682597	Marionette	INFO	sendToClient: {"from":"0","ok":true}, {714f86e5-e0a7-4d56-a795-161368ccf70a}, {714f86e5-e0a7-4d56-a795-161368ccf70a}
04-27 21:34:42.601 I/Gecko   (   83): 1398659682620	Marionette	INFO	sendToClient: {"from":"0","value":"app://{1d05e482-8b31-4a26-bf99-b0f8df2192fa}/index.html"}, {5bde1884-195a-4b83-8455-1f45bd36b47c}, {5bde1884-195a-4b83-8455-1f45bd36b47c}
04-27 21:34:42.611 I/Gecko   (   83): 1398659682627	Marionette	DEBUG	Got request: execute, data: {"to":"0","sessionId":"3-b2g","name":"executeScript","parameters":{"specialPowers":false,"scriptTimeout":null,"newSandbox":true,"args":[],"filename":"app_checker.py","script":"return window.document.readyState;","line":191}}, id: {4ecef333-d002-4447-a863-b51b060a26a0}
04-27 21:34:42.651 I/Gecko   (   83): 1398659682663	Marionette	INFO	sendToClient: {"from":"0","value":"complete"}, {4ecef333-d002-4447-a863-b51b060a26a0}, {4ecef333-d002-4447-a863-b51b060a26a0}
04-27 21:34:42.721 I/Gecko   (   83): 1398659682733	Marionette	INFO	sendToClient: {"from":"0","value":"app://{1d05e482-8b31-4a26-bf99-b0f8df2192fa}/index.html"}, {730dacec-e4d5-4843-b127-fef7fa1ca39f}, {730dacec-e4d5-4843-b127-fef7fa1ca39f}
04-27 21:34:42.741 I/Gecko   ( 1387): Attempting load of libEGL.so
04-27 21:34:42.901 D/libEGL  ( 1387): loaded /system/lib/egl/libEGL_mali.so
04-27 21:34:42.921 D/libEGL  ( 1387): loaded /system/lib/egl/libGLESv1_CM_mali.so
04-27 21:34:42.921 D/libEGL  ( 1387): loaded /system/lib/egl/libGLESv2_mali.so
04-27 21:34:42.981 I/Gecko   ( 1387): SharedSurface_Gralloc::Create -------
04-27 21:34:43.001 I/Gecko   ( 1387): SharedSurface_Gralloc::Create: success -- surface 0x43b1d440, GraphicBuffer 0x43b2bf00.
04-27 21:34:43.531 I/Gecko   (   83): [Parent 83] WARNING: waitpid failed pid:1379 errno:10: file ../../../gecko/ipc/chromium/src/base/process_util_posix.cc, line 254
04-27 21:34:43.531 I/Gecko   (   83): [Parent 83] WARNING: Failed to deliver SIGKILL to 1379!(3).: file ../../../gecko/ipc/chromium/src/chrome/common/process_watcher_posix_sigchld.cc, line 118
04-27 21:34:44.051 I/Gecko   (   83): 1398659684053	Marionette	INFO	sendToClient: {"from":"0","value":"iVBORw0KGgoAAAANSUhEUgAAAUAAAAHMCAYAAACk4nEJAAAF90lEQVR4nO3UIQEAIBDAwG9DBgT9Y0EMxE6cn9qctS9A0fwOAPjFAIEsAwSyDBDIMkAgywCBLAMEsgwQyDJAIMsAgSwDBLIMEMgyQCDLAIEsAwSyDBDIMkAgywCBLAMEsgwQyDJAIMsAgSwDBLIMEMgyQCDLAIEsAwSyDBDIMkAgywCBLAMEsgwQyDJAIMsAgSwDBLIMEMgyQCDLAIEsAwSyDBDIMkAgywCBLAMEsgwQyDJAIMsAgSwDBLIMEMgyQCDLAIEsAwSyDBDIMkAgywCBLAMEsgwQyDJAIMsAgSwDBLIMEMgyQCDLAIEsAwSyDBDIMkAgywCBLAMEsgwQyDJAIMsAgSwDBLIMEMgyQCDLAIEsAwSyDBDIMkAgywCBLAMEsgwQyDJAIMsAgSwDBLIMEMgyQCDLAIEsAwSyDBDIMkAgywCBLAMEsgwQyDJAIMsAgSwDBLIMEMgyQCDLAIEsAwSyDBDIMkAgywCBLAMEsgwQyDJAIMsAgSwDBLIMEMgyQCDLAIEsAwSyDBDIMkAgywCBLAMEsgwQyDJAIMsAgSwDBLIMEMgyQCDLAIEsAwSyDBDIMkAgywCBLAMEsgwQyDJAIMsAgSwDBLIMEMgyQCDLAIEsAwSyDBDIMkAgywCBLAMEsgwQyDJAIMsAgSwDBLIMEMgyQCDLAIEsAwSyDBDIMkAgywCBLAMEsgwQyDJAIMsAgSwDBLIMEMgyQCDLAIEsAwSyDBDIMkAgywCBLAMEsgwQyDJAIMsAgSwDBLIMEMgyQCDLAIEsAwSyDBDIMkAgywCBLAMEsgwQyDJAIMsAgSwDBLIMEMgyQCDLAIEsAwSyDBDIMkAgywCBLAMEsgwQyDJAIMsAgSwDBLIMEMgyQCDLAIEsAwSyDBDIMkAgywCBLAMEsg
04-27 21:34:44.241 I/Gecko   (   83): 1398659684256	Marionette	INFO	sendToClient: {"from":"0","ok":true}, {7b9beda1-8fab-454f-86a4-ad744ebe10a4}, {7b9beda1-8fab-454f-86a4-ad744ebe10a4}
04-27 21:34:44.401 I/Gecko   (   83): 1398659684410	Marionette	DEBUG	Got request: switchToFrame, data: {"to":"0","sessionId":"3-b2g","name":"switchToFrame","parameters":{"id":null,"focus":true}}, id: {1e20d837-59bf-486a-9262-74ec24c6d32d}
04-27 21:34:44.431 I/Gecko   (   83): 1398659684444	Marionette	INFO	Switched to frame: {"frameValue":null}
04-27 21:34:44.461 I/Gecko   (   83): 
04-27 21:34:44.461 I/Gecko   (   83): ###!!! [Parent][MessageChannel] Error: Channel error: cannot send/recv
04-27 21:34:44.461 I/Gecko   (   83): 
04-27 21:34:44.511 I/GeckoDump(   83): Crash reporter : Can't fetch app.reportCrashes. Exception: [Exception... "Component returned failure code: 0x8000ffff (NS_ERROR_UNEXPECTED) [nsIPrefBranch.getBoolPref]"  nsresult: "0x8000ffff (NS_ERROR_UNEXPECTED)"  location: "JS frame :: chrome://browser/content/shell.js :: shell_reportCrash :: line 7"  data: no]
04-27 21:34:44.511 I/Gecko   (   83): [Parent 83] WARNING: waitpid failed pid:1452 errno:10: file ../../../gecko/ipc/chromium/src/base/process_util_posix.cc, line 254
04-27 21:34:44.551 I/Gecko   (   83): 1398659684562	Marionette	INFO	sendToClient: {"from":"0","ok":true}, {1e20d837-59bf-486a-9262-74ec24c6d32d}, {1e20d837-59bf-486a-9262-74ec24c6d32d}
04-27 21:34:44.551 I/Gecko   (   83): 1398659684568	Marionette	DEBUG	Got request: executeWithCallback, data: {"to":"0","sessionId":"3-b2g","name":"executeAsyncScript","parameters":{"specialPowers":false,"scriptTimeout":null,"newSandbox":true,"args":[],"filename":"gaia_test.py","script":"return GaiaApps.displayedApp();","line":66}}, id: {ce96d3c4-6021-4ebf-a83f-24e58c8f0951}
04-27 21:34:44.591 I/Gecko   (   83): 1398659684607	Marionette	INFO	sendToClient: {"from":"0","value":{"frame":{"ELEMENT":"{a6571c7d-c6fe-4d7a-ba29-9dc29f29ba65}"},"src":"app://{1d05e482-8b31-4a26-bf99-b0f8df2192fa}/index.html","name":"Disco Lights","origin":"app://{1d05e482-8b31-4a26-bf99-b0f8df2192fa}"}}, {ce96d3c4-6021-4ebf-a83f-24e58c8f0951}, {ce96d3c4-6021-4ebf-a83f-24e58c8f0951}
04-27 21:34:44.601 I/Gecko   (   83): 1398659684615	Marionette	DEBUG	Got request: switchToFrame, data: {"to":"0","sessionId":"3-b2g","name":"switchToFrame","parameters":{"id":null,"focus":true}}, id: {f81815f7-d5f8-4053-b4f2-34b72ddb7c72}
04-27 21:34:44.601 E/GeckoConsole(   83): Content JS LOG at dummy file:392 in GaiaApps.displayedApp: app with origin 'app://{1d05e482-8b31-4a26-bf99-b0f8df2192fa}' is displayed
04-27 21:34:44.601 I/Gecko   (   83): 1398659684619	Marionette	INFO	Switched to frame: {"frameValue":null}
04-27 21:34:44.711 I/Gecko   (   83): 1398659684726	Marionette	INFO	sendToClient: {"from":"0","ok":true}, {f81815f7-d5f8-4053-b4f2-34b72ddb7c72}, {f81815f7-d5f8-4053-b4f2-34b72ddb7c72}
04-27 21:34:44.721 I/Gecko   (   83): 1398659684739	Marionette	DEBUG	Got request: execute, data: {"to":"0","sessionId":"3-b2g","name":"executeScript","parameters":{"specialPowers":false,"scriptTimeout":null,"newSandbox":true,"args":[],"filename":"gaia_test.py","script":"window.wrappedJSObject.dispatchEvent(new Event('home'));","line":788}}, id: {0d38ccd4-fc36-49c0-8749-283f30c37ac1}
04-27 21:34:44.791 D/Sensors (   83): activate handle=0; drv=0
04-27 21:34:44.801 D/Sensors (   83): Lis3dhSensor: Control set 0
04-27 21:34:44.801 D/Sensors (   83): Lis3dhSensor: mEnabled = 0
04-27 21:34:44.851 I/Gonk    (   83): Setting nice for pid 1471 to 18
04-27 21:34:44.851 I/Gonk    (   83): Changed nice for pid 1471 from 0 to 18.
04-27 21:34:44.871 I/Gecko   (   83): 1398659684881	Marionette	INFO	sendToClient: {"from":"0","value":null}, {0d38ccd4-fc36-49c0-8749-283f30c37ac1}, {0d38ccd4-fc36-49c0-8749-283f30c37ac1}
04-27 21:34:44.891 I/Gonk    (   83): Setting nice for pid 1471 to 18
04-27 21:34:44.891 I/Gonk    (   83): Changed nice for pid 1471 from 18 to 18.
04-27 21:34:44.891 I/Gecko   (   83): [Parent 83] WARNING: waitpid failed pid:1471 errno:10: file ../../../gecko/ipc/chromium/src/base/process_util_posix.cc, line 254
04-27 21:34:44.901 I/Gonk    (   83): Setting nice for pid 1471 to 1
04-27 21:34:44.901 I/Gonk    (   83): Changed nice for pid 1471 from 18 to 1.
04-27 21:34:44.991 I/Gecko   (   83): 1398659685004	Marionette	DEBUG	Got request: switchToFrame, data: {"to":"0","sessionId":"3-b2g","name":"switchToFrame","parameters":{"id":null,"focus":true}}, id: {5b43541f-ea04-4ced-9047-85558d44af03}
04-27 21:34:44.991 I/Gecko   (   83): 1398659685007	Marionette	INFO	Switched to frame: {"frameValue":null}
04-27 21:34:45.091 I/Gecko   (   83): 1398659685110	Marionette	INFO	sendToClient: {"from":"0","ok":true}, {5b43541f-ea04-4ced-9047-85558d44af03}, {5b43541f-ea04-4ced-9047-85558d44af03}
04-27 21:34:45.111 I/Gecko   (   83): 1398659685122	Marionette	DEBUG	Got request: executeWithCallback, data: {"to":"0","sessionId":"3-b2g","name":"executeAsyncScript","parameters":{"specialPowers":false,"scriptTimeout":null,"newSandbox":true,"args":[],"filename":"gaia_test.py","script":"return GaiaApps.displayedApp();","line":66}}, id: {cf82f8c6-3734-49c0-b30b-cb12b94f8849}
04-27 21:34:45.171 E/GeckoConsole(   83): Content JS LOG at dummy file:392 in GaiaApps.displayedApp: app with origin 'app://homescreen.gaiamobile.org' is displayed
04-27 21:34:45.171 I/Gecko   (   83): 1398659685189	Marionette	INFO	sendToClient: {"from":"0","value":{"frame":{"ELEMENT":"{ab910d73-2b87-4ad0-8168-5f3a493992db}"},"src":"app://homescreen.gaiamobile.org/index.html#root","name":"Homescreen","origin":"app://homescreen.gaiamobile.org"}}, {cf82f8c6-3734-49c0-b30b-cb12b94f8849}, {cf82f8c6-3734-49c0-b30b-cb12b94f8849}
04-27 21:34:45.181 I/Gecko   (   83): 1398659685197	Marionette	DEBUG	Got request: switchToFrame, data: {"to":"0","sessionId":"3-b2g","name":"switchToFrame","parameters":{"id":null,"focus":true}}, id: {11169a96-dfbe-4d3b-b964-c7ed274dd9d6}
04-27 21:34:45.181 I/Gecko   (   83): 1398659685198	Marionette	INFO	Switched to frame: {"frameValue":null}
04-27 21:34:45.291 I/Gecko   (   83): 1398659685303	Marionette	INFO	sendToClient: {"from":"0","ok":true}, {11169a96-dfbe-4d3b-b964-c7ed274dd9d6}, {11169a96-dfbe-4d3b-b964-c7ed274dd9d6}
04-27 21:34:45.291 I/Gecko   (   83): 1398659685310	Marionette	DEBUG	Got request: switchToFrame, data: {"to":"0","sessionId":"3-b2g","name":"switchToFrame","parameters":{"id":null,"focus":true}}, id: {63909714-7dbe-4bf1-9afe-80fc8bcb6686}
04-27 21:34:45.301 I/Gecko   (   83): 1398659685312	Marionette	INFO	Switched to frame: {"frameValue":null}
04-27 21:34:45.411 I/Gecko   (   83): 1398659685423	Marionette	INFO	sendToClient: {"from":"0","ok":true}, {63909714-7dbe-4bf1-9afe-80fc8bcb6686}, {63909714-7dbe-4bf1-9afe-80fc8bcb6686}
04-27 21:34:45.411 I/Gecko   (   83): 1398659685430	Marionette	DEBUG	Got request: executeWithCallback, data: {"to":"0","sessionId":"3-b2g","name":"executeAsyncScript","parameters":{"specialPowers":false,"scriptTimeout":null,"newSandbox":true,"args":[],"filename":"gaia_test.py","script":"return GaiaApps.displayedApp();","line":66}}, id: {97173f1e-5f7a-4910-bb26-1b3c01504f47}
04-27 21:34:45.471 E/GeckoConsole(   83): Content JS LOG at dummy file:392 in GaiaApps.displayedApp: app with origin 'app://homescreen.gaiamobile.org' is displayed
04-27 21:34:45.481 I/Gecko   (   83): 1398659685491	Marionette	INFO	sendToClient: {"from":"0","value":{"frame":{"ELEMENT":"{ab910d73-2b87-4ad0-8168-5f3a493992db}"},"src":"app://homescreen.gaiamobile.org/index.html#root","name":"Homescreen","origin":"app://homescreen.gaiamobile.org"}}, {97173f1e-5f7a-4910-bb26-1b3c01504f47}, {97173f1e-5f7a-4910-bb26-1b3c01504f47}
04-27 21:34:45.491 I/Gecko   (   83): 1398659685505	Marionette	DEBUG	Got request: switchToFrame, data: {"to":"0","sessionId":"3-b2g","name":"switchToFrame","parameters":{"focus":true,"element":"{ab910d73-2b87-4ad0-8168-5f3a493992db}"}}, id: {e578c40b-0bb5-496e-bd0e-5d6660a488ee}
04-27 21:34:45.541 I/Gecko   (   83): 1398659685559	Marionette	INFO	Switched to frame: {"frameValue":"{ab910d73-2b87-4ad0-8168-5f3a493992db}"}
04-27 21:34:45.561 I/Gecko   (   83): 1398659685575	Marionette	INFO	trying remote frame 0
04-27 21:34:45.571 I/Gecko   (   83): 1398659685582	Marionette	INFO	trying remote frame 1
04-27 21:34:45.571 I/Gecko   (   83): 1398659685583	Marionette	INFO	deleting frame
04-27 21:34:45.571 I/Gecko   (   83): 1398659685588	Marionette	INFO	frame-manager load script: [object ChromeMessageSender]
04-27 21:34:46.511 I/Gecko   (   83): [Parent 83] WARNING: waitpid failed pid:1452 errno:10: file ../../../gecko/ipc/chromium/src/base/process_util_posix.cc, line 254
04-27 21:34:46.511 I/Gecko   (   83): [Parent 83] WARNING: Failed to deliver SIGKILL to 1452!(3).: file ../../../gecko/ipc/chromium/src/chrome/common/process_watcher_posix_sigchld.cc, line 118
04-27 21:34:47.151 I/Gonk    (   83): Setting nice for pid 1387 to 18
04-27 21:34:47.161 I/Gonk    (   83): Changed nice for pid 1387 from 1 to 18.
04-27 21:34:47.361 I/Gonk    (   83): Setting nice for pid 1481 to 18
04-27 21:34:47.361 I/Gonk    (   83): Changed nice for pid 1481 from 0 to 18.
04-27 21:34:47.441 W/WifiHW  (   83): wifi_command: SIGNAL_POLL
04-27 21:34:47.791 I/Gecko   ( 1471): ###################################### forms.js loaded
04-27 21:34:47.851 I/Gecko   (   83): 
04-27 21:34:47.851 I/Gecko   (   83): ###!!! [Parent][MessageChannel] Error: Channel error: cannot send/recv
04-27 21:34:47.851 I/Gecko   (   83): 
04-27 21:34:47.891 I/Gecko   ( 1471): ############################### browserElementPanning.js loaded
04-27 21:34:47.931 I/GeckoDump(   83): Crash reporter : Can't fetch app.reportCrashes. Exception: [Exception... "Component returned failure code: 0x8000ffff (NS_ERROR_UNEXPECTED) [nsIPrefBranch.getBoolPref]"  nsresult: "0x8000ffff (NS_ERROR_UNEXPECTED)"  location: "JS frame :: chrome://browser/content/shell.js :: shell_reportCrash :: line 7"  data: no]
04-27 21:34:47.951 I/Gecko   (   83): [Parent 83] WARNING: waitpid failed pid:1387 errno:10: file ../../../gecko/ipc/chromium/src/base/process_util_posix.cc, line 254
04-27 21:34:47.961 I/Gecko   ( 1471): ######################## BrowserElementChildPreload.js loaded
04-27 21:34:48.791 I/Gecko   (   83): 1398659688803	Marionette	INFO	sendToClient: {"from":"0","ok":true}, {e578c40b-0bb5-496e-bd0e-5d6660a488ee}, {e578c40b-0bb5-496e-bd0e-5d6660a488ee}
04-27 21:34:49.151 I/Gecko   (   83): 1398659689165	Marionette	INFO	sendToClient: {"from":"0","value":"app://homescreen.gaiamobile.org/index.html#root"}, {9e49c47f-5f75-4bcd-b522-9514980a1be6}, {9e49c47f-5f75-4bcd-b522-9514980a1be6}
04-27 21:34:49.161 I/Gecko   (   83): 1398659689177	Marionette	DEBUG	Got request: switchToFrame, data: {"to":"0","sessionId":"3-b2g","name":"switchToFrame","parameters":{"id":null,"focus":true}}, id: {9078f9c4-ef60-4271-9b67-f955c236eba5}
04-27 21:34:49.201 I/Gecko   (   83): 1398659689214	Marionette	INFO	Switched to frame: {"frameValue":null}
04-27 21:34:49.301 I/Gecko   (   83): 1398659689317	Marionette	INFO	sendToClient: {"from":"0","ok":true}, {9078f9c4-ef60-4271-9b67-f955c236eba5}, {9078f9c4-ef60-4271-9b67-f955c236eba5}
04-27 21:34:49.321 I/Gecko   (   83): 1398659689339	Marionette	DEBUG	Got request: switchToFrame, data: {"to":"0","sessionId":"3-b2g","name":"switchToFrame","parameters":{"id":null,"focus":true}}, id: {b1b04f64-59fb-4ab3-b836-56b50432dafe}
04-27 21:34:49.331 I/Gecko   (   83): 1398659689342	Marionette	INFO	Switched to frame: {"frameValue":null}
04-27 21:34:49.441 I/Gecko   (   83): 1398659689453	Marionette	INFO	sendToClient: {"from":"0","ok":true}, {b1b04f64-59fb-4ab3-b836-56b50432dafe}, {b1b04f64-59fb-4ab3-b836-56b50432dafe}
04-27 21:34:49.451 I/Gecko   (   83): 1398659689460	Marionette	DEBUG	Got request: executeWithCallback, data: {"to":"0","sessionId":"3-b2g","name":"executeAsyncScript","parameters":{"specialPowers":false,"scriptTimeout":null,"newSandbox":true,"args":[],"filename":"gaia_test.py","script":"GaiaApps.killAll()","line":91}}, id: {9116295b-9289-454b-b6bf-308bc23ae242}
04-27 21:34:49.511 I/Gecko   (   83): 1398659689523	Marionette	INFO	sendToClient: {"from":"0","value":true}, {9116295b-9289-454b-b6bf-308bc23ae242}, {9116295b-9289-454b-b6bf-308bc23ae242}
04-27 21:34:49.531 I/Gecko   (   83): 1398659689544	Marionette	DEBUG	Got request: switchToFrame, data: {"to":"0","sessionId":"3-b2g","name":"switchToFrame","parameters":{"id":null,"focus":true}}, id: {1ba5fcf8-8c21-4b90-ae06-0749d2b87f58}
04-27 21:34:49.531 I/Gecko   (   83): 1398659689547	Marionette	INFO	Switched to frame: {"frameValue":null}
04-27 21:34:49.631 I/Gecko   (   83): 1398659689649	Marionette	INFO	sendToClient: {"from":"0","ok":true}, {1ba5fcf8-8c21-4b90-ae06-0749d2b87f58}, {1ba5fcf8-8c21-4b90-ae06-0749d2b87f58}
04-27 21:34:49.641 I/Gecko   (   83): 1398659689656	Marionette	DEBUG	Got request: executeWithCallback, data: {"to":"0","sessionId":"3-b2g","name":"executeAsyncScript","parameters":{"specialPowers":false,"scriptTimeout":60000,"newSandbox":true,"args":[],"filename":"app_checker.py","script":"\n        GaiaApps.locateWithManifestURL('https://marketplace.firefox.com/app/5acca6c3-45ae-4225-b09b-6c17f75c23ec/manifest.webapp',\n                                       null,\n                                       function uninstall(app) {\n                                       navigator.mozApps.mgmt.uninstall(app);\n                                       marionetteScriptFinished(true);\n                                       });\n        ","line":129}}, id: {5163d3e9-53f7-4d1f-a287-371782453717}
04-27 21:34:49.671 I/Gecko   (   83): -- webapps.js uninstall https://marketplace.firefox.com/app/5acca6c3-45ae-4225-b09b-6c17f75c23ec/manifest.webapp
04-27 21:34:49.951 I/Gecko   (   83): [Parent 83] WARNING: waitpid failed pid:1387 errno:10: file ../../../gecko/ipc/chromium/src/base/process_util_posix.cc, line 254
04-27 21:34:49.951 I/Gecko   (   83): [Parent 83] WARNING: Failed to deliver SIGKILL to 1387!(3).: file ../../../gecko/ipc/chromium/src/chrome/common/process_watcher_posix_sigchld.cc, line 118
04-27 21:34:50.001 I/Gecko   (   83): 1398659690020	Marionette	INFO	sendToClient: {"from":"0","value":true}, {5163d3e9-53f7-4d1f-a287-371782453717}, {5163d3e9-53f7-4d1f-a287-371782453717}