04-26 05:54:21.025 D/libEGL  (  955): loaded /system/lib/egl/libGLESv2_mali.so
04-26 05:54:21.065 I/Gecko   (  955): SharedSurface_Gralloc::Create -------
04-26 05:54:21.085 I/Gecko   (  955): SharedSurface_Gralloc::Create: success -- surface 0x46830080, GraphicBuffer 0x44e3dd80.
04-26 05:54:21.665 I/Gonk    (   83): Setting nice for pid 1036 to 18
04-26 05:54:21.685 I/Gonk    (   83): Changed nice for pid 1036 from 0 to 18.
04-26 05:54:27.005 I/GonkMemoryPressure(  955): Checking to see if memory pressure is over.
04-26 05:54:27.015 I/GonkMemoryPressure(   83): Checking to see if memory pressure is over.
04-26 05:54:27.055 I/GonkMemoryPressure( 1036): Checking to see if memory pressure is over.
04-26 05:54:27.105 I/GonkMemoryPressure(  955): Memory pressure is over.
04-26 05:54:27.175 I/GonkMemoryPressure(   83): Memory pressure is over.
04-26 05:54:28.045 I/GonkMemoryPressure( 1036): Memory pressure is over.
04-26 05:54:32.145 I/GonkMemoryPressure(  955): Checking to see if memory pressure is over.
04-26 05:54:32.165 I/GonkMemoryPressure(  955): Memory pressure is over.
04-26 05:54:32.185 I/GonkMemoryPressure(   83): Checking to see if memory pressure is over.
04-26 05:54:32.185 I/GonkMemoryPressure(   83): Memory pressure is over.
04-26 05:54:33.355 I/GonkMemoryPressure( 1036): Checking to see if memory pressure is over.
04-26 05:54:33.355 I/GonkMemoryPressure( 1036): Memory pressure is over.
04-26 05:54:34.875 I/Gecko   (   83): 1398516874839	Marionette	INFO	sendToClient: {"from":"0","value":"iVBORw0KGgoAAAANSUhEUgAAAUAAAAHMCAYAAACk4nEJAAAgAElEQVR4nO3d139TZ8It4HP/Wc0N4wIGA8YUGzfABW/JvWLcK+7dsrqHFJLMkDJDmCSkQUIICSEQem+25Ktzd66//2edi11ULNmSqeFdF8/PIMtbu0hLb9//R5IkEBGJ6P+86R0gInpTGIBEJCwGIBEJiwFIRMJiABKRsBiARCQsBiARCYsBSETCYgASkbAYgEQkLAYgEQmLAUhEwmIAEpGwGIBEJCwGIBEJiwFIRMJiABKRsBiARCQsBiARCYsBSETCYgASkbAYgEQkLAYgEQmLAUhEwmIAEpGwGIBEJCwGIBEJiwFIRMJiABKRsBiARCQsBiARCYsBSETCYgASkbAYgEQkLAYgEQmLAUhEwmIAEpGwGIBEJCwGIBEJiwFIRMJiABKRsBiARCQsBiARCYsBSETCYgASkbAYgEQkLAYgEQmLAUhEwmIAEpGwGIBEJCwGIBEJiwFIRMJiABKRsBiARCQsBiARCYsBSETCYgASkbAYgEQkLAYgEQmLAUhEwmIAEpGwGIBEJCwGIBEJiwFIRMJiABKRsBiARCQsBiARCYsBSETCYgASkbAYgEQkLAYgEQmLAUhEwmIAEpGwGIBEJCwGIBEJiwFIRMJiABKRsBiARCQsBiARCYsBSETCYgASkbAYgEQkLAYgEQmLAUhEwmIAEpGwGIBEJCwGIBEJiwFIRMJiABKRsBiARCQsBiARCYsBSETCYgASkbAYgEQkLAYgEQmLAUhEwmIAEpGwGIBEJCwGIBEJiwFIRMJiABKRsBiARCQsBiARCYsBSETCYgASkbAYgEQkLAYgEQmLAUhEwmIAEpGwGIBEJCwGIBEJiwFIRMJiABKRsBiARCQsBiARCYsBSETCYgASkbAYgEQkLAYgEQmLAUhEwmIAEpGwGIBEJCwGIB
04-26 05:54:35.075 W/WifiHW  (   83): wifi_command: SIGNAL_POLL
04-26 05:54:36.005 I/Gecko   (   83): 1398516876008	Marionette	INFO	sendToClient: {"from":"0","ok":true}, {c4193a01-78dd-464e-9147-cead7f2d93fa}, {c4193a01-78dd-464e-9147-cead7f2d93fa}
04-26 05:54:36.025 I/Gecko   (   83): 1398516876032	Marionette	DEBUG	Got request: switchToFrame, data: {"to":"0","sessionId":"3-b2g","name":"switchToFrame","parameters":{"id":null,"focus":true}}, id: {a5ad15a8-e67c-453d-b3db-0796f898c1b8}
04-26 05:54:36.145 I/Gecko   (   83): 1398516876151	Marionette	INFO	Switched to frame: {"frameValue":null}
04-26 05:54:36.405 I/Gecko   (   83): 1398516876415	Marionette	INFO	sendToClient: {"from":"0","ok":true}, {a5ad15a8-e67c-453d-b3db-0796f898c1b8}, {a5ad15a8-e67c-453d-b3db-0796f898c1b8}
04-26 05:54:36.445 I/Gecko   (   83): 1398516876455	Marionette	DEBUG	Got request: executeWithCallback, data: {"to":"0","sessionId":"3-b2g","name":"executeAsyncScript","parameters":{"specialPowers":false,"scriptTimeout":null,"newSandbox":true,"args":[],"filename":"gaia_test.py","script":"return GaiaApps.displayedApp();","line":66}}, id: {bc7e075f-cb20-49af-a7e2-7c6abda5f8c7}
04-26 05:54:37.185 I/GonkMemoryPressure(  955): Checking to see if memory pressure is over.
04-26 05:54:37.235 I/GonkMemoryPressure(  955): Memory pressure is over.
04-26 05:54:37.335 I/GonkMemoryPressure(   83): Checking to see if memory pressure is over.
04-26 05:54:37.335 I/GonkMemoryPressure(   83): Memory pressure is over.
04-26 05:54:38.685 I/GonkMemoryPressure( 1036): Checking to see if memory pressure is over.
04-26 05:54:38.685 I/GonkMemoryPressure( 1036): Memory pressure is over.
04-26 05:54:40.635 E/GeckoConsole(   83): Content JS LOG at dummy file:392 in GaiaApps.displayedApp: app with origin 'app://evernav-navapp-192.com' is displayed
04-26 05:54:40.705 I/Gecko   (   83): 1398516880715	Marionette	INFO	sendToClient: {"from":"0","value":{"frame":{"ELEMENT":"{8ccc18d5-7b96-4167-85ae-dfc1c89db25f}"},"src":"app://evernav-navapp-192.com/index.html","name":"Evernav","origin":"app://evernav-navapp-192.com"}}, {bc7e075f-cb20-49af-a7e2-7c6abda5f8c7}, {bc7e075f-cb20-49af-a7e2-7c6abda5f8c7}
04-26 05:54:40.905 W/WifiHW  (   83): wifi_command: SIGNAL_POLL
04-26 05:54:42.265 I/Gecko   (  955): [SharedSurface_Gralloc 0x46830080] destroyed
04-26 05:54:42.285 I/GonkMemoryPressure(  955): Checking to see if memory pressure is over.
04-26 05:54:42.305 I/GonkMemoryPressure(  955): Memory pressure is over.
04-26 05:54:42.355 I/GonkMemoryPressure(   83): Checking to see if memory pressure is over.
04-26 05:54:42.355 I/GonkMemoryPressure(   83): Memory pressure is over.
04-26 05:54:42.715 I/Gecko   (   83): 1398516882726	Marionette	DEBUG	Got request: switchToFrame, data: {"to":"0","sessionId":"3-b2g","name":"switchToFrame","parameters":{"id":null,"focus":true}}, id: {279033fd-5783-49d7-aa19-ef3af8d9d1d9}
04-26 05:54:42.745 I/Gecko   (   83): 1398516882747	Marionette	INFO	Switched to frame: {"frameValue":null}
04-26 05:54:42.885 I/Gecko   (   83): 1398516882888	Marionette	INFO	sendToClient: {"from":"0","ok":true}, {279033fd-5783-49d7-aa19-ef3af8d9d1d9}, {279033fd-5783-49d7-aa19-ef3af8d9d1d9}
04-26 05:54:42.885 I/Gecko   (   83): 1398516882896	Marionette	DEBUG	Got request: execute, data: {"to":"0","sessionId":"3-b2g","name":"executeScript","parameters":{"specialPowers":false,"scriptTimeout":null,"newSandbox":true,"args":[],"filename":"gaia_test.py","script":"window.wrappedJSObject.dispatchEvent(new Event('home'));","line":788}}, id: {17e03675-7dd0-43c1-9b3a-9e74e813bf4e}
04-26 05:54:44.345 I/Gonk    (   83): Setting nice for pid 1036 to 18
04-26 05:54:44.345 I/Gonk    (   83): Changed nice for pid 1036 from 18 to 18.
04-26 05:54:44.355 I/Gecko   (   83): [Parent 83] WARNING: waitpid failed pid:1036 errno:10: file ../../../gecko/ipc/chromium/src/base/process_util_posix.cc, line 254
04-26 05:54:44.415 I/Gonk    (   83): Setting nice for pid 1036 to 1
04-26 05:54:44.415 I/Gonk    (   83): Changed nice for pid 1036 from 18 to 1.
04-26 05:54:44.615 D/Sensors (   83): activate handle=0; drv=0
04-26 05:54:44.625 D/Sensors (   83): Lis3dhSensor: Control set 0
04-26 05:54:44.625 D/Sensors (   83): Lis3dhSensor: mEnabled = 0
04-26 05:54:44.835 I/GonkMemoryPressure( 1036): Checking to see if memory pressure is over.
04-26 05:54:44.865 I/GonkMemoryPressure( 1036): Memory pressure is over.
04-26 05:54:48.245 I/GonkMemoryPressure(   83): Checking to see if memory pressure is over.
04-26 05:54:48.255 I/GonkMemoryPressure(  955): Checking to see if memory pressure is over.
04-26 05:54:48.255 I/GonkMemoryPressure(  955): Memory pressure is over.
04-26 05:54:48.255 I/GonkMemoryPressure(   83): Memory pressure is over.
04-26 05:54:50.665 I/GonkMemoryPressure( 1036): Checking to see if memory pressure is over.
04-26 05:54:50.735 I/GonkMemoryPressure( 1036): Memory pressure is over.
04-26 05:54:50.815 E/Profiler(   83): BPUnw: [1 total] thread_unregister_for_profiling(me=0x1c2ab58)  (NOT REGISTERED) 
04-26 05:54:52.405 I/Gecko   (   83): 1398516892411	Marionette	INFO	sendToClient: {"from":"0","value":null}, {17e03675-7dd0-43c1-9b3a-9e74e813bf4e}, {17e03675-7dd0-43c1-9b3a-9e74e813bf4e}
04-26 05:54:53.265 I/GonkMemoryPressure(   83): Checking to see if memory pressure is over.
04-26 05:54:53.265 I/GonkMemoryPressure(   83): Memory pressure is over.
04-26 05:54:53.265 I/GonkMemoryPressure(  955): Checking to see if memory pressure is over.
04-26 05:54:53.265 I/GonkMemoryPressure(  955): Memory pressure is over.
04-26 05:54:55.755 I/GonkMemoryPressure( 1036): Checking to see if memory pressure is over.
04-26 05:54:55.755 I/GonkMemoryPressure( 1036): Memory pressure is over.
04-26 05:54:57.575 W/WifiHW  (   83): wifi_command: SIGNAL_POLL
04-26 05:54:57.585 I/GonkMemoryPressure( 1054): Checking to see if memory pressure is over.
04-26 05:54:57.595 I/GonkMemoryPressure( 1054): Memory pressure is over.
04-26 05:54:57.865 E/Profiler(   83): BPUnw: [1 total] thread_unregister_for_profiling(me=0x1c18008)  (NOT REGISTERED) 
04-26 05:54:58.335 I/GonkMemoryPressure(   83): Checking to see if memory pressure is over.
04-26 05:54:58.335 I/GonkMemoryPressure(   83): Memory pressure is over.
04-26 05:54:58.345 I/GonkMemoryPressure(  955): Checking to see if memory pressure is over.
04-26 05:54:58.345 I/GonkMemoryPressure(  955): Memory pressure is over.
04-26 05:55:00.775 I/GonkMemoryPressure( 1036): Checking to see if memory pressure is over.
04-26 05:55:00.775 I/GonkMemoryPressure( 1036): Memory pressure is over.
04-26 05:55:02.645 I/GonkMemoryPressure( 1054): Checking to see if memory pressure is over.
04-26 05:55:02.695 I/GonkMemoryPressure( 1054): Memory pressure is over.
04-26 05:55:03.335 I/GonkMemoryPressure(   83): Checking to see if memory pressure is over.
04-26 05:55:03.335 I/GonkMemoryPressure(   83): Memory pressure is over.
04-26 05:55:03.375 I/GonkMemoryPressure(  955): Checking to see if memory pressure is over.
04-26 05:55:03.375 I/GonkMemoryPressure(  955): Memory pressure is over.
04-26 05:55:05.805 I/GonkMemoryPressure( 1036): Checking to see if memory pressure is over.
04-26 05:55:05.805 I/GonkMemoryPressure( 1036): Memory pressure is over.
04-26 05:55:07.465 I/Gonk    (   83): Setting nice for pid 1054 to 18
04-26 05:55:07.495 I/Gonk    (   83): Changed nice for pid 1054 from 0 to 18.
04-26 05:55:07.785 I/Gonk    (   83): Setting nice for pid 955 to 18
04-26 05:55:07.785 I/Gonk    (   83): Changed nice for pid 955 from 1 to 18.
04-26 05:55:07.875 I/GonkMemoryPressure( 1054): Checking to see if memory pressure is over.
04-26 05:55:07.935 I/GonkMemoryPressure( 1054): Memory pressure is over.
04-26 05:55:08.375 I/GonkMemoryPressure(   83): Checking to see if memory pressure is over.
04-26 05:55:08.375 I/GonkMemoryPressure(   83): Memory pressure is over.
04-26 05:55:08.515 W/WifiHW  (   83): wifi_command: SIGNAL_POLL
04-26 05:55:08.725 I/Gecko   (   83): 1398516908731	Marionette	DEBUG	Got request: switchToFrame, data: {"to":"0","sessionId":"3-b2g","name":"switchToFrame","parameters":{"id":null,"focus":true}}, id: {79049b95-496e-45f7-9728-52e0b663ec4c}
04-26 05:55:08.745 I/Gecko   (   83): 1398516908757	Marionette	INFO	Switched to frame: {"frameValue":null}
04-26 05:55:08.875 I/Gecko   (   83): 1398516908882	Marionette	INFO	sendToClient: {"from":"0","ok":true}, {79049b95-496e-45f7-9728-52e0b663ec4c}, {79049b95-496e-45f7-9728-52e0b663ec4c}
04-26 05:55:08.885 I/Gecko   (   83): 1398516908890	Marionette	DEBUG	Got request: executeWithCallback, data: {"to":"0","sessionId":"3-b2g","name":"executeAsyncScript","parameters":{"specialPowers":false,"scriptTimeout":null,"newSandbox":true,"args":[],"filename":"gaia_test.py","script":"return GaiaApps.displayedApp();","line":66}}, id: {766097ca-eb7f-48ec-9f1f-9e7594277175}
04-26 05:55:09.125 E/GeckoConsole(   83): Content JS LOG at dummy file:392 in GaiaApps.displayedApp: app with origin 'app://homescreen.gaiamobile.org' is displayed
04-26 05:55:09.125 I/Gecko   (   83): 1398516909136	Marionette	INFO	sendToClient: {"from":"0","value":{"frame":{"ELEMENT":"{49f035db-a0b4-4dfa-9720-4946947ed064}"},"src":"app://homescreen.gaiamobile.org/index.html#root","name":"Homescreen","origin":"app://homescreen.gaiamobile.org"}}, {766097ca-eb7f-48ec-9f1f-9e7594277175}, {766097ca-eb7f-48ec-9f1f-9e7594277175}
04-26 05:55:09.145 I/Gecko   (   83): 1398516909151	Marionette	DEBUG	Got request: switchToFrame, data: {"to":"0","sessionId":"3-b2g","name":"switchToFrame","parameters":{"id":null,"focus":true}}, id: {7ddd051a-9602-4277-8fab-7badabf5a845}
04-26 05:55:09.145 I/Gecko   (   83): 1398516909153	Marionette	INFO	Switched to frame: {"frameValue":null}
04-26 05:55:09.165 I/Gecko   ( 1036): ###################################### forms.js loaded
04-26 05:55:09.225 I/Gecko   (   83): [Parent 83] WARNING: pipe error (188): Connection reset by peer: file ../../../gecko/ipc/chromium/src/chrome/common/ipc_channel_posix.cc, line 446
04-26 05:55:09.245 I/Gecko   ( 1036): ############################### browserElementPanning.js loaded
04-26 05:55:09.305 I/Gecko   (   83): 
04-26 05:55:09.305 I/Gecko   (   83): ###!!! [Parent][MessageChannel] Error: Channel error: cannot send/recv
04-26 05:55:09.305 I/Gecko   (   83): 
04-26 05:55:09.315 I/Gecko   ( 1036): ######################## BrowserElementChildPreload.js loaded
04-26 05:55:09.495 I/Gecko   (   83): [Parent 83] WARNING: waitpid failed pid:955 errno:10: file ../../../gecko/ipc/chromium/src/base/process_util_posix.cc, line 254
04-26 05:55:09.495 I/Gecko   (   83): 1398516909507	Marionette	INFO	sendToClient: {"from":"0","ok":true}, {7ddd051a-9602-4277-8fab-7badabf5a845}, {7ddd051a-9602-4277-8fab-7badabf5a845}
04-26 05:55:09.575 I/Gecko   (   83): 1398516909583	Marionette	DEBUG	Got request: switchToFrame, data: {"to":"0","sessionId":"3-b2g","name":"switchToFrame","parameters":{"id":null,"focus":true}}, id: {a4a2edb7-5d9b-46f4-bb52-0bb97ecda0b2}
04-26 05:55:09.585 I/Gecko   (   83): 1398516909589	Marionette	INFO	Switched to frame: {"frameValue":null}
04-26 05:55:09.685 I/Gecko   (   83): 1398516909692	Marionette	INFO	sendToClient: {"from":"0","ok":true}, {a4a2edb7-5d9b-46f4-bb52-0bb97ecda0b2}, {a4a2edb7-5d9b-46f4-bb52-0bb97ecda0b2}
04-26 05:55:09.695 I/Gecko   (   83): 1398516909700	Marionette	DEBUG	Got request: executeWithCallback, data: {"to":"0","sessionId":"3-b2g","name":"executeAsyncScript","parameters":{"specialPowers":false,"scriptTimeout":null,"newSandbox":true,"args":[],"filename":"gaia_test.py","script":"return GaiaApps.displayedApp();","line":66}}, id: {0d2db428-420b-4cba-a36d-0e362006f20c}
04-26 05:55:09.755 E/GeckoConsole(   83): Content JS LOG at dummy file:392 in GaiaApps.displayedApp: app with origin 'app://homescreen.gaiamobile.org' is displayed
04-26 05:55:09.755 I/Gecko   (   83): 1398516909761	Marionette	INFO	sendToClient: {"from":"0","value":{"frame":{"ELEMENT":"{49f035db-a0b4-4dfa-9720-4946947ed064}"},"src":"app://homescreen.gaiamobile.org/index.html#root","name":"Homescreen","origin":"app://homescreen.gaiamobile.org"}}, {0d2db428-420b-4cba-a36d-0e362006f20c}, {0d2db428-420b-4cba-a36d-0e362006f20c}
04-26 05:55:09.755 I/Gecko   (   83): 1398516909767	Marionette	DEBUG	Got request: switchToFrame, data: {"to":"0","sessionId":"3-b2g","name":"switchToFrame","parameters":{"focus":true,"element":"{49f035db-a0b4-4dfa-9720-4946947ed064}"}}, id: {5bbe7e0e-f98d-4e80-a970-46601d7c5338}
04-26 05:55:09.785 I/Gecko   (   83): 1398516909793	Marionette	INFO	Switched to frame: {"frameValue":"{49f035db-a0b4-4dfa-9720-4946947ed064}"}
04-26 05:55:09.805 I/Gecko   (   83): 1398516909809	Marionette	INFO	trying remote frame 0
04-26 05:55:09.815 I/Gecko   (   83): 1398516909817	Marionette	INFO	trying remote frame 1
04-26 05:55:09.815 I/Gecko   (   83): 1398516909819	Marionette	INFO	deleting frame
04-26 05:55:09.815 I/Gecko   (   83): 1398516909824	Marionette	INFO	frame-manager load script: [object ChromeMessageSender]
04-26 05:55:10.145 I/GonkMemoryPressure( 1036): Checking to see if memory pressure is over.
04-26 05:55:10.145 I/GonkMemoryPressure( 1036): Memory pressure is over.
04-26 05:55:10.565 I/Gecko   (   83): 1398516910577	Marionette	INFO	sendToClient: {"from":"0","ok":true}, {5bbe7e0e-f98d-4e80-a970-46601d7c5338}, {5bbe7e0e-f98d-4e80-a970-46601d7c5338}
04-26 05:55:10.815 I/Gecko   (   83): 1398516910819	Marionette	INFO	sendToClient: {"from":"0","value":"app://homescreen.gaiamobile.org/index.html#root"}, {5155cebf-3866-4ef6-bcfd-94d90ca98139}, {5155cebf-3866-4ef6-bcfd-94d90ca98139}
04-26 05:55:10.815 I/Gecko   (   83): 1398516910826	Marionette	DEBUG	Got request: switchToFrame, data: {"to":"0","sessionId":"3-b2g","name":"switchToFrame","parameters":{"id":null,"focus":true}}, id: {aee8ab42-7f08-4da7-bb34-72b4741d7b13}
04-26 05:55:10.855 I/Gecko   (   83): 1398516910858	Marionette	INFO	Switched to frame: {"frameValue":null}
04-26 05:55:10.965 I/Gecko   (   83): 1398516910969	Marionette	INFO	sendToClient: {"from":"0","ok":true}, {aee8ab42-7f08-4da7-bb34-72b4741d7b13}, {aee8ab42-7f08-4da7-bb34-72b4741d7b13}
04-26 05:55:10.965 I/Gecko   (   83): 1398516910976	Marionette	DEBUG	Got request: switchToFrame, data: {"to":"0","sessionId":"3-b2g","name":"switchToFrame","parameters":{"id":null,"focus":true}}, id: {66f8520c-dcc8-4ac5-85c3-7fe0a560f6a5}
04-26 05:55:10.975 I/Gecko   (   83): 1398516910978	Marionette	INFO	Switched to frame: {"frameValue":null}
04-26 05:55:11.075 I/Gecko   (   83): 1398516911081	Marionette	INFO	sendToClient: {"from":"0","ok":true}, {66f8520c-dcc8-4ac5-85c3-7fe0a560f6a5}, {66f8520c-dcc8-4ac5-85c3-7fe0a560f6a5}
04-26 05:55:11.085 I/Gecko   (   83): 1398516911088	Marionette	DEBUG	Got request: executeWithCallback, data: {"to":"0","sessionId":"3-b2g","name":"executeAsyncScript","parameters":{"specialPowers":false,"scriptTimeout":null,"newSandbox":true,"args":[],"filename":"gaia_test.py","script":"GaiaApps.killAll()","line":91}}, id: {18527378-1b07-47e6-a8f2-f789454e08ad}
04-26 05:55:11.435 E/GeckoConsole(   83): Content JS LOG at dummy file:266 in GaiaApps.kill: terminating app with origin 'app://browser.gaiamobile.org'
04-26 05:55:11.435 E/GeckoConsole(   83): Content JS LOG at dummy file:258 in GaiaApps.kill/gt_onAppTerminated/<: app with origin 'app://browser.gaiamobile.org' has terminated
04-26 05:55:11.495 I/Gecko   (   83): [Parent 83] WARNING: waitpid failed pid:955 errno:10: file ../../../gecko/ipc/chromium/src/base/process_util_posix.cc, line 254
04-26 05:55:11.495 I/Gecko   (   83): [Parent 83] WARNING: Failed to deliver SIGKILL to 955!(3).: file ../../../gecko/ipc/chromium/src/chrome/common/process_watcher_posix_sigchld.cc, line 118
04-26 05:55:11.565 I/Gecko   (   83): 1398516911569	Marionette	INFO	sendToClient: {"from":"0","value":true}, {18527378-1b07-47e6-a8f2-f789454e08ad}, {18527378-1b07-47e6-a8f2-f789454e08ad}