04-27 13:53:52.100 I/GonkMemoryPressure( 2222): Memory pressure is over.
04-27 13:53:52.130 I/GonkMemoryPressure( 2314): Checking to see if memory pressure is over.
04-27 13:53:52.150 I/GonkMemoryPressure( 2314): Memory pressure is over.
04-27 13:53:53.940 I/Gecko   (   83): 1398632033906	Marionette	INFO	sendToClient: {"from":"0","value":"complete"}, {cdaebeb9-8e3e-4623-b3e7-a0711d695677}, {cdaebeb9-8e3e-4623-b3e7-a0711d695677}
04-27 13:53:54.950 I/Gecko   (   83): 1398632034963	Marionette	INFO	sendToClient: {"from":"0","value":"http://explodi.eludi.net/"}, {d36eb6f6-1c76-48d2-b901-cf037b6167eb}, {d36eb6f6-1c76-48d2-b901-cf037b6167eb}
04-27 13:53:56.160 I/Gecko   ( 2222): SharedSurface_Gralloc::Create -------
04-27 13:53:56.320 I/Gecko   ( 2222): SharedSurface_Gralloc::Create: success -- surface 0x4308ff40, GraphicBuffer 0x44159400.
04-27 13:53:56.840 W/WifiHW  (   83): wifi_command: SIGNAL_POLL
04-27 13:53:56.990 I/Gecko   ( 2222): SharedSurface_Gralloc::Create -------
04-27 13:53:56.990 I/Gecko   ( 2222): SharedSurface_Gralloc::Create: success -- surface 0x430acac0, GraphicBuffer 0x44159c80.
04-27 13:53:57.460 I/GonkMemoryPressure(   83): Checking to see if memory pressure is over.
04-27 13:53:57.460 I/GonkMemoryPressure( 2222): Checking to see if memory pressure is over.
04-27 13:53:57.460 I/GonkMemoryPressure( 2222): Memory pressure is over.
04-27 13:53:57.480 I/GonkMemoryPressure(   83): Memory pressure is over.
04-27 13:53:57.480 I/GonkMemoryPressure( 2314): Checking to see if memory pressure is over.
04-27 13:53:57.550 I/GonkMemoryPressure( 2314): Memory pressure is over.
04-27 13:54:02.510 I/Gecko   (   83): 1398632042497	Marionette	INFO	sendToClient: {"from":"0","value":"iVBORw0KGgoAAAANSUhEUgAAAUAAAAHgCAYAAADUjLREAAAgAElEQVR4nO2deVxTV/r/D4s/tYp0vkMXsPOt2ESUIKgIkqjVmkSJiDtVwQWsWqEr1bFWAkhUYLZ2BrHtTIfKtNPpMl2mu7W73fdtusx033fbzvJtO9P28/sDE5KYSxJyz31CzuPr9X698Gb53POcc5+c595znkdUnmhBPHPd2im4bu0UvNE8g2EYRldE5fRcxDPX1RTjuppivNZ4IsMwjK6IFdNzEc9cW1OMa2uK8Xf3iQzDMLoilk/LRTzz5+pi/Lm6GC9vm84wDKMrYtm0XMQz11QX45rqYrx43jSGYRhdEcum5iKeuWZNMa5ZU4znz53KMAyjK+LkqePQX06dZ8OFDbW4/0+deHH/VXj/8X347Ll78fqBv+CZWy7DdR3b0XTKIqw4Ma/fGlevKcLVa4rw7E9tDMPoyNObrbjhlIn4/XILflY+Bj+dlY2Ntp8MaH46Kxs/Kx+DruV5+MspE/H0ZmufNhAVU8chWs4+2YEDV12IL158AF++9GBY3nn0NlzUeBqWn5gXtdZVa4pw1ZoiPL3ZxjCMTuzbOBlb7aNxqu0nCc1Wx2js2zhZ0w6iwjYOkbJ8eh6u3+3BwRcO4MsXH4yaV++7AZtXlEasV2Ebh6tWF+Gq1UV44hyr2myy4a8/r8KzzWX058IMWB6rt+J3J1twqu0nWG89Tgk2Tv0JfrfMgsfqD7eHWGobh0hY45yMR6/vwhcvPhgTHz9zD35RXx2R5lLbOFy5ughXri7CY/UlccMTPz0Rz+5cgie3OXT/7qebyvBMywI8vnlawPHPnt4PAPjhu//gb5dsIrcBMzC5qCIX60qOU5KLKnIPs4dYYh2LcFTOLMBzt/8JB//6gC58/sIB/PzsNWF1l1jH4k+rJuNPqybj4bOmxAX/99Gb8P57+XebdP
04-27 13:54:02.670 I/GonkMemoryPressure(   83): Checking to see if memory pressure is over.
04-27 13:54:02.670 I/GonkMemoryPressure(   83): Memory pressure is over.
04-27 13:54:02.670 I/GonkMemoryPressure( 2222): Checking to see if memory pressure is over.
04-27 13:54:02.670 I/GonkMemoryPressure( 2222): Memory pressure is over.
04-27 13:54:02.670 I/GonkMemoryPressure( 2314): Checking to see if memory pressure is over.
04-27 13:54:02.780 I/GonkMemoryPressure( 2314): Memory pressure is over.
04-27 13:54:06.090 W/WifiHW  (   83): wifi_command: SIGNAL_POLL
04-27 13:54:07.550 I/Gecko   (   83): 1398632047560	Marionette	INFO	sendToClient: {"from":"0","ok":true}, {62035e3c-ea74-4a01-8975-54807f0261ac}, {62035e3c-ea74-4a01-8975-54807f0261ac}
04-27 13:54:07.560 I/Gecko   (   83): 1398632047569	Marionette	DEBUG	Got request: switchToFrame, data: {"to":"0","sessionId":"3-b2g","name":"switchToFrame","parameters":{"id":null,"focus":true}}, id: {7b2c3064-5171-4172-93b3-704044479139}
04-27 13:54:07.660 I/Gecko   (   83): 1398632047673	Marionette	INFO	Switched to frame: {"frameValue":null}
04-27 13:54:07.680 I/GonkMemoryPressure(   83): Checking to see if memory pressure is over.
04-27 13:54:07.680 I/GonkMemoryPressure(   83): Memory pressure is over.
04-27 13:54:07.730 I/GonkMemoryPressure( 2222): Checking to see if memory pressure is over.
04-27 13:54:07.730 I/GonkMemoryPressure( 2222): Memory pressure is over.
04-27 13:54:07.820 I/GonkMemoryPressure( 2314): Checking to see if memory pressure is over.
04-27 13:54:07.850 I/Gecko   (   83): 1398632047864	Marionette	INFO	sendToClient: {"from":"0","ok":true}, {7b2c3064-5171-4172-93b3-704044479139}, {7b2c3064-5171-4172-93b3-704044479139}
04-27 13:54:07.860 I/Gecko   (   83): 1398632047873	Marionette	DEBUG	Got request: executeWithCallback, data: {"to":"0","sessionId":"3-b2g","name":"executeAsyncScript","parameters":{"specialPowers":false,"scriptTimeout":null,"newSandbox":true,"args":[],"filename":"gaia_test.py","script":"return GaiaApps.displayedApp();","line":66}}, id: {905b41b7-7efb-4333-ba74-185d214e80ab}
04-27 13:54:07.920 I/GonkMemoryPressure( 2314): Memory pressure is over.
04-27 13:54:08.770 E/GeckoConsole(   83): Content JS LOG at dummy file:392 in GaiaApps.displayedApp: app with origin 'http://explodi.eludi.net' is displayed
04-27 13:54:08.810 I/Gecko   (   83): 1398632048824	Marionette	INFO	sendToClient: {"from":"0","value":{"frame":{"ELEMENT":"{e9779b51-8eb7-47c9-8b37-7355b61d6722}"},"src":"http://explodi.eludi.net/","name":"explodi","origin":"http://explodi.eludi.net"}}, {905b41b7-7efb-4333-ba74-185d214e80ab}, {905b41b7-7efb-4333-ba74-185d214e80ab}
04-27 13:54:08.820 I/Gecko   (   83): 1398632048837	Marionette	DEBUG	Got request: switchToFrame, data: {"to":"0","sessionId":"3-b2g","name":"switchToFrame","parameters":{"id":null,"focus":true}}, id: {5e0dba73-515a-4937-9a09-45b9092a9934}
04-27 13:54:08.830 I/Gecko   (   83): 1398632048842	Marionette	INFO	Switched to frame: {"frameValue":null}
04-27 13:54:08.940 I/Gecko   (   83): 1398632048953	Marionette	INFO	sendToClient: {"from":"0","ok":true}, {5e0dba73-515a-4937-9a09-45b9092a9934}, {5e0dba73-515a-4937-9a09-45b9092a9934}
04-27 13:54:08.980 I/Gecko   (   83): 1398632048991	Marionette	DEBUG	Got request: execute, data: {"to":"0","sessionId":"3-b2g","name":"executeScript","parameters":{"specialPowers":false,"scriptTimeout":null,"newSandbox":true,"args":[],"filename":"gaia_test.py","script":"window.wrappedJSObject.dispatchEvent(new Event('home'));","line":788}}, id: {8dc37d4f-6758-4539-b68e-9fd63e6b2f98}
04-27 13:54:09.490 I/Gonk    (   83): Setting nice for pid 2314 to 18
04-27 13:54:09.490 I/Gonk    (   83): Changed nice for pid 2314 from 0 to 18.
04-27 13:54:09.490 I/Gecko   (   83): [Parent 83] WARNING: waitpid failed pid:2314 errno:10: file ../../../gecko/ipc/chromium/src/base/process_util_posix.cc, line 254
04-27 13:54:09.570 I/Gonk    (   83): Setting nice for pid 2314 to 1
04-27 13:54:09.570 I/Gonk    (   83): Changed nice for pid 2314 from 18 to 1.
04-27 13:54:09.760 D/Sensors (   83): activate handle=0; drv=0
04-27 13:54:09.760 D/Sensors (   83): Lis3dhSensor: Control set 0
04-27 13:54:09.760 D/Sensors (   83): Lis3dhSensor: mEnabled = 0
04-27 13:54:10.760 I/Gecko   ( 2222): [SharedSurface_Gralloc 0x4308ff40] destroyed
04-27 13:54:11.040 I/Gecko   (   83): 1398632051058	Marionette	INFO	sendToClient: {"from":"0","value":null}, {8dc37d4f-6758-4539-b68e-9fd63e6b2f98}, {8dc37d4f-6758-4539-b68e-9fd63e6b2f98}
04-27 13:54:11.210 E/[Gralloc-ERROR](   83): int gralloc_register_buffer(const gralloc_module_t*, const native_handle_t*):79 Unable to register handle 0x43d0ae20 coming from different process: 83
04-27 13:54:11.210 E/[Gralloc-ERROR](   83): int gralloc_register_buffer(const gralloc_module_t*, const native_handle_t*):79 Unable to register handle 0x43d0aec0 coming from different process: 83
04-27 13:54:11.980 W/WifiHW  (   83): wifi_command: SIGNAL_POLL
04-27 13:54:12.350 I/Gecko   (   83): 1398632052362	Marionette	DEBUG	Got request: switchToFrame, data: {"to":"0","sessionId":"3-b2g","name":"switchToFrame","parameters":{"id":null,"focus":true}}, id: {f940ef0d-e973-49d1-8847-b49a6e9ccf8f}
04-27 13:54:12.380 E/[Gralloc-ERROR](   83): int gralloc_unregister_buffer(const gralloc_module_t*, const native_handle_t*):274 Trying to unregister buffer 0x43d0aec0 from process 83 that was not created in current process: 83
04-27 13:54:12.380 E/[Gralloc-ERROR](   83): int gralloc_unregister_buffer(const gralloc_module_t*, const native_handle_t*):274 Trying to unregister buffer 0x43d0ae20 from process 83 that was not created in current process: 83
04-27 13:54:12.390 I/Gecko   (   83): 1398632052402	Marionette	INFO	Switched to frame: {"frameValue":null}
04-27 13:54:12.660 I/Gonk    (   83): Setting nice for pid 2222 to 18
04-27 13:54:12.670 I/Gonk    (   83): Changed nice for pid 2222 from 1 to 18.
04-27 13:54:12.680 I/Gecko   (   83): 1398632052696	Marionette	INFO	sendToClient: {"from":"0","ok":true}, {f940ef0d-e973-49d1-8847-b49a6e9ccf8f}, {f940ef0d-e973-49d1-8847-b49a6e9ccf8f}
04-27 13:54:12.720 I/Gecko   (   83): 1398632052734	Marionette	DEBUG	Got request: executeWithCallback, data: {"to":"0","sessionId":"3-b2g","name":"executeAsyncScript","parameters":{"specialPowers":false,"scriptTimeout":null,"newSandbox":true,"args":[],"filename":"gaia_test.py","script":"return GaiaApps.displayedApp();","line":66}}, id: {8bc3d564-ec88-47cd-8133-5e2bb9313018}
04-27 13:54:13.110 E/GeckoConsole(   83): Content JS LOG at dummy file:392 in GaiaApps.displayedApp: app with origin 'app://homescreen.gaiamobile.org' is displayed
04-27 13:54:13.150 I/Gecko   (   83): 1398632053166	Marionette	INFO	sendToClient: {"from":"0","value":{"frame":{"ELEMENT":"{7d8ce4cf-07bd-4749-a806-cd5f2629b687}"},"src":"app://homescreen.gaiamobile.org/index.html#root","name":"Homescreen","origin":"app://homescreen.gaiamobile.org"}}, {8bc3d564-ec88-47cd-8133-5e2bb9313018}, {8bc3d564-ec88-47cd-8133-5e2bb9313018}
04-27 13:54:13.300 I/Gecko   (   83): 1398632053314	Marionette	DEBUG	Got request: switchToFrame, data: {"to":"0","sessionId":"3-b2g","name":"switchToFrame","parameters":{"id":null,"focus":true}}, id: {82f8cbc0-4a86-4295-92ac-fa61432d3ca4}
04-27 13:54:13.320 I/Gecko   (   83): 1398632053330	Marionette	INFO	Switched to frame: {"frameValue":null}
04-27 13:54:13.420 I/Gecko   (   83): 1398632053433	Marionette	INFO	sendToClient: {"from":"0","ok":true}, {82f8cbc0-4a86-4295-92ac-fa61432d3ca4}, {82f8cbc0-4a86-4295-92ac-fa61432d3ca4}
04-27 13:54:13.430 I/Gecko   (   83): 1398632053439	Marionette	DEBUG	Got request: switchToFrame, data: {"to":"0","sessionId":"3-b2g","name":"switchToFrame","parameters":{"id":null,"focus":true}}, id: {962ec78f-69b7-442a-8a8c-5fe4b63c7591}
04-27 13:54:13.430 I/Gecko   (   83): 1398632053441	Marionette	INFO	Switched to frame: {"frameValue":null}
04-27 13:54:13.530 I/Gecko   (   83): 1398632053545	Marionette	INFO	sendToClient: {"from":"0","ok":true}, {962ec78f-69b7-442a-8a8c-5fe4b63c7591}, {962ec78f-69b7-442a-8a8c-5fe4b63c7591}
04-27 13:54:13.540 I/Gecko   (   83): 1398632053552	Marionette	DEBUG	Got request: executeWithCallback, data: {"to":"0","sessionId":"3-b2g","name":"executeAsyncScript","parameters":{"specialPowers":false,"scriptTimeout":null,"newSandbox":true,"args":[],"filename":"gaia_test.py","script":"return GaiaApps.displayedApp();","line":66}}, id: {6fdf5b0e-0ddc-4ad7-89d1-bf55a5e90a98}
04-27 13:54:13.600 I/Gecko   (   83): 1398632053617	Marionette	INFO	sendToClient: {"from":"0","value":{"frame":{"ELEMENT":"{7d8ce4cf-07bd-4749-a806-cd5f2629b687}"},"src":"app://homescreen.gaiamobile.org/index.html#root","name":"Homescreen","origin":"app://homescreen.gaiamobile.org"}}, {6fdf5b0e-0ddc-4ad7-89d1-bf55a5e90a98}, {6fdf5b0e-0ddc-4ad7-89d1-bf55a5e90a98}
04-27 13:54:13.610 E/GeckoConsole(   83): Content JS LOG at dummy file:392 in GaiaApps.displayedApp: app with origin 'app://homescreen.gaiamobile.org' is displayed
04-27 13:54:13.620 I/Gecko   (   83): 1398632053636	Marionette	DEBUG	Got request: switchToFrame, data: {"to":"0","sessionId":"3-b2g","name":"switchToFrame","parameters":{"focus":true,"element":"{7d8ce4cf-07bd-4749-a806-cd5f2629b687}"}}, id: {02318594-91e2-4279-905b-bd6d68263ed5}
04-27 13:54:13.640 I/Gecko   (   83): 1398632053655	Marionette	INFO	Switched to frame: {"frameValue":"{7d8ce4cf-07bd-4749-a806-cd5f2629b687}"}
04-27 13:54:13.650 I/Gecko   (   83): 1398632053662	Marionette	INFO	trying remote frame 0
04-27 13:54:13.650 I/Gecko   (   83): 1398632053668	Marionette	INFO	trying remote frame 1
04-27 13:54:13.680 I/Gecko   (   83): 1398632053690	Marionette	INFO	trying remote frame 2
04-27 13:54:13.680 I/Gecko   (   83): 1398632053692	Marionette	INFO	trying remote frame 3
04-27 13:54:13.680 I/Gecko   (   83): 1398632053692	Marionette	INFO	trying remote frame 4
04-27 13:54:13.680 I/Gecko   (   83): 1398632053698	Marionette	INFO	frame-manager load script: [object ChromeMessageSender]
04-27 13:54:14.630 I/Gonk    (   83): Setting nice for pid 2341 to 18
04-27 13:54:14.630 I/Gonk    (   83): Changed nice for pid 2341 from 0 to 18.
04-27 13:54:14.750 I/Gecko   (   83): 1398632054761	Marionette	INFO	sendToClient: {"from":"0","ok":true}, {02318594-91e2-4279-905b-bd6d68263ed5}, {02318594-91e2-4279-905b-bd6d68263ed5}
04-27 13:54:15.230 I/Gecko   (   83): [Parent 83] WARNING: pipe error (114): Connection reset by peer: file ../../../gecko/ipc/chromium/src/chrome/common/ipc_channel_posix.cc, line 446
04-27 13:54:15.230 I/Gecko   (   83): 
04-27 13:54:15.230 I/Gecko   (   83): ###!!! [Parent][MessageChannel] Error: Channel error: cannot send/recv
04-27 13:54:15.230 I/Gecko   (   83): 
04-27 13:54:15.450 I/GeckoDump(   83): Crash reporter : Can't fetch app.reportCrashes. Exception: [Exception... "Component returned failure code: 0x8000ffff (NS_ERROR_UNEXPECTED) [nsIPrefBranch.getBoolPref]"  nsresult: "0x8000ffff (NS_ERROR_UNEXPECTED)"  location: "JS frame :: chrome://browser/content/shell.js :: shell_reportCrash :: line 7"  data: no]
04-27 13:54:15.530 I/Gecko   (   83): [Parent 83] WARNING: waitpid failed pid:2222 errno:10: file ../../../gecko/ipc/chromium/src/base/process_util_posix.cc, line 254
04-27 13:54:15.690 I/Gecko   (   83): 1398632055705	Marionette	INFO	sendToClient: {"from":"0","value":"app://homescreen.gaiamobile.org/index.html#root"}, {9a231571-2e55-4b81-90c5-df11982e6e3f}, {9a231571-2e55-4b81-90c5-df11982e6e3f}
04-27 13:54:15.720 I/Gecko   (   83): 1398632055735	Marionette	DEBUG	Got request: switchToFrame, data: {"to":"0","sessionId":"3-b2g","name":"switchToFrame","parameters":{"id":null,"focus":true}}, id: {727dbca5-d727-4634-bf83-9e9cae234301}
04-27 13:54:15.750 I/Gecko   (   83): 1398632055769	Marionette	INFO	Switched to frame: {"frameValue":null}
04-27 13:54:15.870 I/Gecko   (   83): 1398632055887	Marionette	INFO	sendToClient: {"from":"0","ok":true}, {727dbca5-d727-4634-bf83-9e9cae234301}, {727dbca5-d727-4634-bf83-9e9cae234301}
04-27 13:54:15.890 I/Gecko   (   83): 1398632055905	Marionette	DEBUG	Got request: switchToFrame, data: {"to":"0","sessionId":"3-b2g","name":"switchToFrame","parameters":{"id":null,"focus":true}}, id: {bd62dca3-ddb7-4f00-983c-cab1d6434094}
04-27 13:54:15.900 I/Gecko   (   83): 1398632055912	Marionette	INFO	Switched to frame: {"frameValue":null}
04-27 13:54:16.010 I/Gecko   (   83): 1398632056022	Marionette	INFO	sendToClient: {"from":"0","ok":true}, {bd62dca3-ddb7-4f00-983c-cab1d6434094}, {bd62dca3-ddb7-4f00-983c-cab1d6434094}
04-27 13:54:16.020 I/Gecko   (   83): 1398632056032	Marionette	DEBUG	Got request: executeWithCallback, data: {"to":"0","sessionId":"3-b2g","name":"executeAsyncScript","parameters":{"specialPowers":false,"scriptTimeout":null,"newSandbox":true,"args":[],"filename":"gaia_test.py","script":"GaiaApps.killAll()","line":91}}, id: {c98f785e-9458-4dc1-9ec9-7f9cc3802b4f}
04-27 13:54:16.650 E/GeckoConsole(   83): Content JS LOG at dummy file:266 in GaiaApps.kill: terminating app with origin 'app://browser.gaiamobile.org'
04-27 13:54:16.650 E/GeckoConsole(   83): Content JS LOG at dummy file:258 in GaiaApps.kill/gt_onAppTerminated/<: app with origin 'app://browser.gaiamobile.org' has terminated
04-27 13:54:16.950 I/Gecko   (   83): 1398632056960	Marionette	INFO	sendToClient: {"from":"0","value":true}, {c98f785e-9458-4dc1-9ec9-7f9cc3802b4f}, {c98f785e-9458-4dc1-9ec9-7f9cc3802b4f}
04-27 13:54:17.060 W/WifiHW  (   83): wifi_command: SIGNAL_POLL