--------- beginning of /dev/log/main
04-26 18:50:47.733 I/Gecko   (   83): 1398563447746	Marionette	INFO	sendToClient: {"from":"0","ok":true}, {ff367c25-f2cd-4f03-a130-22a5ed963b96}, {ff367c25-f2cd-4f03-a130-22a5ed963b96}
04-26 18:50:47.773 I/Gecko   (   83): 1398563447787	Marionette	DEBUG	Got request: switchToFrame, data: {"to":"0","sessionId":"3-b2g","name":"switchToFrame","parameters":{"id":null,"focus":true}}, id: {94e5a40b-8ae9-4f32-a267-34fb4b79705d}
04-26 18:50:47.793 I/Gecko   (   83): 1398563447803	Marionette	INFO	Switched to frame: {"frameValue":null}
04-26 18:50:47.893 I/Gecko   (   83): 1398563447906	Marionette	INFO	sendToClient: {"from":"0","ok":true}, {94e5a40b-8ae9-4f32-a267-34fb4b79705d}, {94e5a40b-8ae9-4f32-a267-34fb4b79705d}
04-26 18:50:47.903 I/Gecko   (   83): 1398563447913	Marionette	DEBUG	Got request: executeWithCallback, data: {"to":"0","sessionId":"3-b2g","name":"executeAsyncScript","parameters":{"specialPowers":false,"scriptTimeout":null,"newSandbox":true,"args":[],"filename":"gaia_test.py","script":"return GaiaApps.displayedApp();","line":66}}, id: {47cfb2ab-8f2f-417a-ba0d-746a5b29ddd6}
04-26 18:50:47.993 I/Gecko   (   83): 1398563448006	Marionette	INFO	sendToClient: {"from":"0","value":{"frame":{"ELEMENT":"{42374e93-5795-4ddd-b1b3-146a82b31b93}"},"src":"app://homescreen.gaiamobile.org/index.html#root","name":"Homescreen","origin":"app://homescreen.gaiamobile.org"}}, {47cfb2ab-8f2f-417a-ba0d-746a5b29ddd6}, {47cfb2ab-8f2f-417a-ba0d-746a5b29ddd6}
04-26 18:50:47.993 E/GeckoConsole(   83): Content JS LOG at dummy file:392 in GaiaApps.displayedApp: app with origin 'app://homescreen.gaiamobile.org' is displayed
04-26 18:50:48.013 I/Gecko   (   83): 1398563448024	Marionette	DEBUG	Got request: switchToFrame, data: {"to":"0","sessionId":"3-b2g","name":"switchToFrame","parameters":{"id":null,"focus":true}}, id: {7d29f944-6546-476e-b375-a2cdd7300dbd}
04-26 18:50:48.033 I/Gecko   (   83): 1398563448043	Marionette	INFO	Switched to frame: {"frameValue":null}
04-26 18:50:48.133 I/Gecko   (   83): 1398563448146	Marionette	INFO	sendToClient: {"from":"0","ok":true}, {7d29f944-6546-476e-b375-a2cdd7300dbd}, {7d29f944-6546-476e-b375-a2cdd7300dbd}
04-26 18:50:48.143 I/Gecko   (   83): 1398563448157	Marionette	DEBUG	Got request: switchToFrame, data: {"to":"0","sessionId":"3-b2g","name":"switchToFrame","parameters":{"id":null,"focus":true}}, id: {a9248c09-0feb-40b6-9974-c1c01e864af1}
04-26 18:50:48.143 I/Gecko   (   83): 1398563448159	Marionette	INFO	Switched to frame: {"frameValue":null}
04-26 18:50:48.253 I/Gecko   (   83): 1398563448264	Marionette	INFO	sendToClient: {"from":"0","ok":true}, {a9248c09-0feb-40b6-9974-c1c01e864af1}, {a9248c09-0feb-40b6-9974-c1c01e864af1}
04-26 18:50:48.263 I/Gecko   (   83): 1398563448272	Marionette	DEBUG	Got request: executeWithCallback, data: {"to":"0","sessionId":"3-b2g","name":"executeAsyncScript","parameters":{"specialPowers":false,"scriptTimeout":null,"newSandbox":true,"args":[],"filename":"gaia_test.py","script":"return GaiaApps.displayedApp();","line":66}}, id: {3e9628eb-fc72-4e9a-87b8-5acacacecd81}
04-26 18:50:48.323 E/GeckoConsole(   83): Content JS LOG at dummy file:392 in GaiaApps.displayedApp: app with origin 'app://homescreen.gaiamobile.org' is displayed
04-26 18:50:48.323 I/Gecko   (   83): 1398563448335	Marionette	INFO	sendToClient: {"from":"0","value":{"frame":{"ELEMENT":"{42374e93-5795-4ddd-b1b3-146a82b31b93}"},"src":"app://homescreen.gaiamobile.org/index.html#root","name":"Homescreen","origin":"app://homescreen.gaiamobile.org"}}, {3e9628eb-fc72-4e9a-87b8-5acacacecd81}, {3e9628eb-fc72-4e9a-87b8-5acacacecd81}
04-26 18:50:48.343 I/Gecko   (   83): 1398563448354	Marionette	DEBUG	Got request: switchToFrame, data: {"to":"0","sessionId":"3-b2g","name":"switchToFrame","parameters":{"focus":true,"element":"{42374e93-5795-4ddd-b1b3-146a82b31b93}"}}, id: {5e16fccd-9929-4978-9782-755f65b96a02}
04-26 18:50:48.343 I/Gecko   (   83): 1398563448360	Marionette	INFO	Switched to frame: {"frameValue":"{42374e93-5795-4ddd-b1b3-146a82b31b93}"}
04-26 18:50:48.353 I/Gecko   (   83): 1398563448369	Marionette	INFO	trying remote frame 0
04-26 18:50:48.353 I/Gecko   (   83): 1398563448370	Marionette	INFO	trying remote frame 1
04-26 18:50:48.373 I/Gecko   (   83): 1398563448383	Marionette	INFO	deleting frame
04-26 18:50:48.373 I/Gecko   (   83): 1398563448388	Marionette	INFO	frame-manager load script: [object ChromeMessageSender]
04-26 18:50:48.763 V/AudioPolicyManagerBase(   88): startOutput() output 1, stream 1, session 3
04-26 18:50:48.763 V/AudioPolicyManagerBase(   88): changeRefCount() stream 1, count 1
04-26 18:50:48.763 V/AudioPolicyManagerBase(   88): getDeviceForStrategy() from cache strategy 0, device 2
04-26 18:50:48.763 V/AudioPolicyManagerBase(   88): getNewDevice() selected device 2
04-26 18:50:48.763 D/AudioPolicyManagerBase(   88): setOutputDevice() output 1 device 2 delayMs 0
04-26 18:50:48.763 V/AudioPolicyManagerBase(   88): setOutputDevice() setting same device 2 or null device for output 1
04-26 18:50:48.763 E/AudioPolicyManagerBase(   88): checkAndSetVolume stream=1, index=0, output=1, device=2
04-26 18:50:48.763 E/AudioPolicyManagerBase(   88): computeVolume, streamDesc=0x596bb8
04-26 18:50:48.803 W/AudioFlinger(   88): Thread AudioOut_1 cannot connect to the power manager service
04-26 18:50:48.803 V/AudioPolicyManagerBase(   88): stopOutput() output 1, stream 1, session 3
04-26 18:50:48.803 V/AudioPolicyManagerBase(   88): changeRefCount() stream 1, count 0
04-26 18:50:48.803 V/AudioPolicyManagerBase(   88): getNewDevice() selected device 0
04-26 18:50:48.803 D/AudioPolicyManagerBase(   88): setOutputDevice() output 1 device 0 delayMs 290
04-26 18:50:48.803 V/AudioPolicyManagerBase(   88): setOutputDevice() setting same device 0 or null device for output 1
04-26 18:50:48.813 V/AudioPolicyManagerBase(   88): startOutput() output 1, stream 1, session 3
04-26 18:50:48.813 V/AudioPolicyManagerBase(   88): changeRefCount() stream 1, count 1
04-26 18:50:48.813 V/AudioPolicyManagerBase(   88): getDeviceForStrategy() from cache strategy 0, device 2
04-26 18:50:48.813 V/AudioPolicyManagerBase(   88): getNewDevice() selected device 2
04-26 18:50:48.813 D/AudioPolicyManagerBase(   88): setOutputDevice() output 1 device 2 delayMs 0
04-26 18:50:48.813 V/AudioPolicyManagerBase(   88): setOutputDevice() setting same device 2 or null device for output 1
04-26 18:50:48.813 E/AudioPolicyManagerBase(   88): checkAndSetVolume stream=1, index=0, output=1, device=2
04-26 18:50:48.813 E/AudioPolicyManagerBase(   88): computeVolume, streamDesc=0x596bb8
04-26 18:50:48.823 V/AudioPolicyManagerBase(   88): stopOutput() output 1, stream 1, session 3
04-26 18:50:48.823 V/AudioPolicyManagerBase(   88): changeRefCount() stream 1, count 0
04-26 18:50:48.823 V/AudioPolicyManagerBase(   88): getNewDevice() selected device 0
04-26 18:50:48.823 D/AudioPolicyManagerBase(   88): setOutputDevice() output 1 device 0 delayMs 290
04-26 18:50:48.823 V/AudioPolicyManagerBase(   88): setOutputDevice() setting same device 0 or null device for output 1
04-26 18:50:48.833 V/AudioPolicyManagerBase(   88): releaseOutput() 1
04-26 18:50:48.933 I/Gecko   (   83): 1398563448944	Marionette	INFO	sendToClient: {"from":"0","ok":true}, {5e16fccd-9929-4978-9782-755f65b96a02}, {5e16fccd-9929-4978-9782-755f65b96a02}
04-26 18:50:49.093 I/Gecko   (   83): 1398563449110	Marionette	INFO	sendToClient: {"from":"0","value":{"ELEMENT":"{8552a031-35c5-4772-b950-a697ee84658a}"}}, {872890b4-4f42-4e3d-9251-5eb6e64b316b}, {872890b4-4f42-4e3d-9251-5eb6e64b316b}
04-26 18:50:49.293 E/GeckoConsole(  945): [JavaScript Warning: "Use of getAttributeNode() is deprecated. Use getAttribute() instead." {file: "chrome://marionette/content/atoms.js" line: 25}]
04-26 18:50:49.293 E/GeckoConsole(  945): [JavaScript Warning: "Use of attributes' specified attribute is deprecated. It always returns true." {file: "chrome://marionette/content/atoms.js" line: 25}]
04-26 18:50:49.293 I/Gecko   (   83): 1398563449309	Marionette	INFO	sendToClient: {"from":"0","value":"normal"}, {11bd699a-983c-40fb-87ed-aa59dcc64123}, {11bd699a-983c-40fb-87ed-aa59dcc64123}
04-26 18:50:49.303 I/Gecko   (   83): 1398563449316	Marionette	DEBUG	Got request: switchToFrame, data: {"to":"0","sessionId":"3-b2g","name":"switchToFrame","parameters":{"id":null,"focus":true}}, id: {bab23377-28ad-495d-834a-ac2ef43d97ad}
04-26 18:50:49.323 I/Gecko   (   83): 1398563449332	Marionette	INFO	Switched to frame: {"frameValue":null}
04-26 18:50:49.423 I/Gecko   (   83): 1398563449435	Marionette	INFO	sendToClient: {"from":"0","ok":true}, {bab23377-28ad-495d-834a-ac2ef43d97ad}, {bab23377-28ad-495d-834a-ac2ef43d97ad}
04-26 18:50:49.433 I/Gecko   (   83): 1398563449448	Marionette	DEBUG	Got request: execute, data: {"to":"0","sessionId":"3-b2g","name":"executeScript","parameters":{"specialPowers":false,"scriptTimeout":null,"newSandbox":true,"args":[],"filename":"gaia_test.py","script":"window.wrappedJSObject.dispatchEvent(new Event('home'));","line":788}}, id: {f0d1cedf-847c-4813-883c-1b696e617449}
04-26 18:50:49.583 I/Gonk    (   83): Setting nice for pid 979 to 18
04-26 18:50:49.583 I/Gonk    (   83): Changed nice for pid 979 from 0 to 18.
04-26 18:50:49.603 I/Gecko   (   83): 1398563449617	Marionette	INFO	sendToClient: {"from":"0","value":null}, {f0d1cedf-847c-4813-883c-1b696e617449}, {f0d1cedf-847c-4813-883c-1b696e617449}
04-26 18:50:49.613 I/Gecko   (   83): 1398563449629	Marionette	DEBUG	Got request: switchToFrame, data: {"to":"0","sessionId":"3-b2g","name":"switchToFrame","parameters":{"id":null,"focus":true}}, id: {673f9375-cd79-4b1d-8761-6ec0d7c272b3}
04-26 18:50:49.643 I/Gecko   (   83): 1398563449653	Marionette	INFO	Switched to frame: {"frameValue":null}
04-26 18:50:49.743 I/Gecko   (   83): 1398563449756	Marionette	INFO	sendToClient: {"from":"0","ok":true}, {673f9375-cd79-4b1d-8761-6ec0d7c272b3}, {673f9375-cd79-4b1d-8761-6ec0d7c272b3}
04-26 18:50:49.753 I/Gecko   (   83): 1398563449763	Marionette	DEBUG	Got request: switchToFrame, data: {"to":"0","sessionId":"3-b2g","name":"switchToFrame","parameters":{"id":null,"focus":true}}, id: {ab381431-7efb-402a-bf19-bafe20ceff04}
04-26 18:50:49.753 I/Gecko   (   83): 1398563449764	Marionette	INFO	Switched to frame: {"frameValue":null}
04-26 18:50:49.853 I/Gecko   (   83): 1398563449867	Marionette	INFO	sendToClient: {"from":"0","ok":true}, {ab381431-7efb-402a-bf19-bafe20ceff04}, {ab381431-7efb-402a-bf19-bafe20ceff04}
04-26 18:50:49.863 I/Gecko   (   83): 1398563449874	Marionette	DEBUG	Got request: executeWithCallback, data: {"to":"0","sessionId":"3-b2g","name":"executeAsyncScript","parameters":{"specialPowers":false,"scriptTimeout":null,"newSandbox":true,"args":[],"filename":"gaia_test.py","script":"return GaiaApps.displayedApp();","line":66}}, id: {45ceec2f-903a-4270-b2da-58ad63d6ba50}
04-26 18:50:49.923 I/Gecko   (   83): 1398563449933	Marionette	INFO	sendToClient: {"from":"0","value":{"frame":{"ELEMENT":"{42374e93-5795-4ddd-b1b3-146a82b31b93}"},"src":"app://homescreen.gaiamobile.org/index.html#rootSat%20Apr%2026%202014%2018:50:49%20GMT-0700%20(UTC)","name":"Homescreen","origin":"app://homescreen.gaiamobile.org"}}, {45ceec2f-903a-4270-b2da-58ad63d6ba50}, {45ceec2f-903a-4270-b2da-58ad63d6ba50}
04-26 18:50:49.933 E/GeckoConsole(   83): Content JS LOG at dummy file:392 in GaiaApps.displayedApp: app with origin 'app://homescreen.gaiamobile.org' is displayed
04-26 18:50:49.943 I/Gecko   (   83): 1398563449953	Marionette	DEBUG	Got request: switchToFrame, data: {"to":"0","sessionId":"3-b2g","name":"switchToFrame","parameters":{"focus":true,"element":"{42374e93-5795-4ddd-b1b3-146a82b31b93}"}}, id: {5de48593-8781-48bd-adf0-b3627985d334}
04-26 18:50:49.943 I/Gecko   (   83): 1398563449958	Marionette	INFO	Switched to frame: {"frameValue":"{42374e93-5795-4ddd-b1b3-146a82b31b93}"}
04-26 18:50:49.983 I/Gecko   (   83): 1398563449994	Marionette	INFO	trying remote frame 0
04-26 18:50:49.993 I/Gecko   (   83): 1398563450002	Marionette	INFO	trying remote frame 1
04-26 18:50:50.303 I/Gecko   (   83): 1398563450316	Marionette	INFO	sendToClient: {"from":"0","ok":true}, {5de48593-8781-48bd-adf0-b3627985d334}, {5de48593-8781-48bd-adf0-b3627985d334}
04-26 18:50:50.313 I/Gecko   (   83): 1398563450324	Marionette	DEBUG	Got request: execute, data: {"to":"0","sessionId":"3-b2g","name":"executeScript","parameters":{"specialPowers":false,"scriptTimeout":null,"newSandbox":true,"args":[],"filename":"gaia_test.py","script":"return window.wrappedJSObject.GridManager.pageHelper.getCurrentPageNumber();","line":784}}, id: {204c0fab-bd9e-478b-bca9-9d6baaaa04e3}
04-26 18:50:50.453 I/Gecko   (   83): 1398563450468	Marionette	INFO	sendToClient: {"from":"0","value":0}, {204c0fab-bd9e-478b-bca9-9d6baaaa04e3}, {204c0fab-bd9e-478b-bca9-9d6baaaa04e3}
04-26 18:50:50.653 I/Gecko   (   83): 1398563450668	Marionette	INFO	sendToClient: {"from":"0","value":["{79442112-9009-4be3-ada8-2f72c21660c4}","{72925f7a-18c0-4569-8664-d59852570c7b}","{21b21548-9357-49de-a5fa-72752275341b}","{f9e5b0b5-16ae-4f4e-a5e2-5c6aa3d711ac}","{4fb05e3d-f470-46c5-be0a-9f042ed7849b}","{0aa57608-4c8e-4716-9000-9a48c5ba84d2}","{53d6f7e0-1c5a-4987-a27d-ca7257523677}","{e7e4b25f-1942-45d4-a4a4-d9ed56ccdcfc}","{158190b8-f035-48fb-a9e1-1d011f2d448c}","{3b407fdd-76dc-4135-a725-05a046fb0c20}","{8237016d-7b0d-400f-9fef-43ae8cfbfb91}","{294a7cf9-3b44-466a-9c8d-80d59c886c34}","{60831b01-07ab-458d-99a9-c0357b9226f9}","{a2dbc123-64a0-45bc-bb30-e8721d1bdc50}","{59342d1c-f39d-4bb9-91c2-909f8ffc2dce}","{4fea8505-bff4-43e9-a1fd-e82cc217ddac}","{010f43b6-5385-4f15-9393-a4103433cc1f}","{b68948eb-ca52-4991-8884-fc463d93cea8}","{95260d02-d3d3-4412-be64-97b661bc4d6d}","{7923a8af-7344-463f-b7e8-f8a323faffb5}","{b58a6364-2850-48cb-abbf-552ecea15132}","{31293d43-2539-4a02-9bb8-93ba712cd715}","{fc26fdbe-f6fc-451b-a39e-2ac64c81fa42}","{391868fd-f2e1
04-26 18:50:51.753 W/WifiHW  (   83): wifi_command: SIGNAL_POLL
04-26 18:50:51.873 I/Gecko   (   83): 1398563451883	Marionette	INFO	sendToClient: {"from":"0","value":"app://homescreen.gaiamobile.org/index.html#rootSat%20Apr%2026%202014%2018:50:49%20GMT-0700%20(UTC)"}, {70b9eda8-ec98-4db6-b84d-674bc8423548}, {70b9eda8-ec98-4db6-b84d-674bc8423548}
04-26 18:50:51.883 I/Gecko   (   83): 1398563451895	Marionette	DEBUG	Got request: switchToFrame, data: {"to":"0","sessionId":"3-b2g","name":"switchToFrame","parameters":{"id":null,"focus":true}}, id: {682fa8bf-e1ef-4eca-8804-7c4247572e9b}
04-26 18:50:51.903 I/Gecko   (   83): 1398563451916	Marionette	INFO	Switched to frame: {"frameValue":null}
04-26 18:50:52.003 E/GeckoConsole(  945): Content JS WARN at app://homescreen.gaiamobile.org/gaia_build_defer_index.js:184 in isHiddenApp: Unexpected role when checking hidden app: undefined
04-26 18:50:52.003 E/GeckoConsole(  945): Content JS WARN at app://homescreen.gaiamobile.org/gaia_build_defer_index.js:184 in isHiddenApp: Unexpected role when checking hidden app: undefined
04-26 18:50:52.003 E/GeckoConsole(  945): Content JS WARN at app://homescreen.gaiamobile.org/gaia_build_defer_index.js:184 in isHiddenApp: Unexpected role when checking hidden app: undefined
04-26 18:50:52.003 E/GeckoConsole(  945): Content JS WARN at app://homescreen.gaiamobile.org/gaia_build_defer_index.js:184 in isHiddenApp: Unexpected role when checking hidden app: undefined
04-26 18:50:52.003 E/GeckoConsole(  945): Content JS WARN at app://homescreen.gaiamobile.org/gaia_build_defer_index.js:184 in isHiddenApp: Unexpected role when checking hidden app: undefined
04-26 18:50:52.003 E/GeckoConsole(  945): Content JS WARN at app://homescreen.gaiamobile.org/gaia_build_defer_index.js:184 in isHiddenApp: Unexpected role when checking hidden app: undefined
04-26 18:50:52.003 E/GeckoConsole(  945): Content JS WARN at app://homescreen.gaiamobile.org/gaia_build_defer_index.js:184 in isHiddenApp: Unexpected role when checking hidden app: undefined
04-26 18:50:52.003 I/Gecko   (   83): 1398563452019	Marionette	INFO	sendToClient: {"from":"0","ok":true}, {682fa8bf-e1ef-4eca-8804-7c4247572e9b}, {682fa8bf-e1ef-4eca-8804-7c4247572e9b}
04-26 18:50:52.013 E/GeckoConsole(  945): Content JS WARN at app://homescreen.gaiamobile.org/gaia_build_defer_index.js:184 in isHiddenApp: Unexpected role when checking hidden app: undefined
04-26 18:50:52.013 I/Gecko   (   83): 1398563452026	Marionette	DEBUG	Got request: switchToFrame, data: {"to":"0","sessionId":"3-b2g","name":"switchToFrame","parameters":{"id":null,"focus":true}}, id: {34e871cc-dd7d-468e-837f-250638f48485}
04-26 18:50:52.013 I/Gecko   (   83): 1398563452029	Marionette	INFO	Switched to frame: {"frameValue":null}
04-26 18:50:52.013 E/GeckoConsole(  945): Content JS WARN at app://homescreen.gaiamobile.org/gaia_build_defer_index.js:184 in isHiddenApp: Unexpected role when checking hidden app: undefined
04-26 18:50:52.023 E/GeckoConsole(  945): Content JS WARN at app://homescreen.gaiamobile.org/gaia_build_defer_index.js:184 in isHiddenApp: Unexpected role when checking hidden app: undefined
04-26 18:50:52.023 E/GeckoConsole(  945): Content JS WARN at app://homescreen.gaiamobile.org/gaia_build_defer_index.js:184 in isHiddenApp: Unexpected role when checking hidden app: undefined
04-26 18:50:52.023 E/GeckoConsole(  945): Content JS WARN at app://homescreen.gaiamobile.org/gaia_build_defer_index.js:184 in isHiddenApp: Unexpected role when checking hidden app: undefined
04-26 18:50:52.023 E/GeckoConsole(  945): Content JS WARN at app://homescreen.gaiamobile.org/gaia_build_defer_index.js:184 in isHiddenApp: Unexpected role when checking hidden app: undefined
04-26 18:50:52.023 E/GeckoConsole(  945): Content JS WARN at app://homescreen.gaiamobile.org/gaia_build_defer_index.js:184 in isHiddenApp: Unexpected role when checking hidden app: undefined
04-26 18:50:52.023 E/GeckoConsole(  945): Content JS WARN at app://homescreen.gaiamobile.org/gaia_build_defer_index.js:184 in isHiddenApp: Unexpected role when checking hidden app: undefined
04-26 18:50:52.023 E/GeckoConsole(  945): Content JS WARN at app://homescreen.gaiamobile.org/gaia_build_defer_index.js:184 in isHiddenApp: Unexpected role when checking hidden app: undefined
04-26 18:50:52.023 E/GeckoConsole(  945): Content JS WARN at app://homescreen.gaiamobile.org/gaia_build_defer_index.js:184 in isHiddenApp: Unexpected role when checking hidden app: undefined
04-26 18:50:52.023 E/GeckoConsole(  945): Content JS WARN at app://homescreen.gaiamobile.org/gaia_build_defer_index.js:184 in isHiddenApp: Unexpected role when checking hidden app: undefined
04-26 18:50:52.023 E/GeckoConsole(  945): Content JS WARN at app://homescreen.gaiamobile.org/gaia_build_defer_index.js:184 in isHiddenApp: Unexpected role when checking hidden app: undefined
04-26 18:50:52.033 E/GeckoConsole(  945): Content JS WARN at app://homescreen.gaiamobile.org/gaia_build_defer_index.js:184 in isHiddenApp: Unexpected role when checking hidden app: undefined
04-26 18:50:52.033 E/GeckoConsole(  945): Content JS WARN at app://homescreen.gaiamobile.org/gaia_build_defer_index.js:184 in isHiddenApp: Unexpected role when checking hidden app: undefined
04-26 18:50:52.033 E/GeckoConsole(  945): Content JS WARN at app://homescreen.gaiamobile.org/gaia_build_defer_index.js:184 in isHiddenApp: Unexpected role when checking hidden app: undefined
04-26 18:50:52.033 E/GeckoConsole(  945): Content JS WARN at app://homescreen.gaiamobile.org/gaia_build_defer_index.js:184 in isHiddenApp: Unexpected role when checking hidden app: undefined
04-26 18:50:52.033 E/GeckoConsole(  945): Content JS WARN at app://homescreen.gaiamobile.org/gaia_build_defer_index.js:184 in isHiddenApp: Unexpected role when checking hidden app: undefined
04-26 18:50:52.033 E/GeckoConsole(  945): Content JS WARN at app://homescreen.gaiamobile.org/gaia_build_defer_index.js:184 in isHiddenApp: Unexpected role when checking hidden app: undefined
04-26 18:50:52.033 E/GeckoConsole(  945): Content JS WARN at app://homescreen.gaiamobile.org/gaia_build_defer_index.js:184 in isHiddenApp: Unexpected role when checking hidden app: undefined
04-26 18:50:52.033 E/GeckoConsole(  945): Content JS WARN at app://homescreen.gaiamobile.org/gaia_build_defer_index.js:184 in isHiddenApp: Unexpected role when checking hidden app: undefined
04-26 18:50:52.133 I/Gecko   (   83): 1398563452143	Marionette	INFO	sendToClient: {"from":"0","ok":true}, {34e871cc-dd7d-468e-837f-250638f48485}, {34e871cc-dd7d-468e-837f-250638f48485}
04-26 18:50:52.153 I/Gecko   (   83): 1398563452170	Marionette	DEBUG	Got request: executeWithCallback, data: {"to":"0","sessionId":"3-b2g","name":"executeAsyncScript","parameters":{"specialPowers":false,"scriptTimeout":30000,"newSandbox":true,"args":[],"filename":"app_checker.py","script":"GaiaApps.launchWithManifestURL('https://marketplace.firefox.com/app/9889ccae-37f5-478f-b3cc-9d9828715804/manifest.webapp')","line":106}}, id: {834c0be2-7198-43d7-8e64-06a755e9d41c}
04-26 18:50:52.343 I/Gonk    (   83): Setting nice for pid 979 to 18
04-26 18:50:52.343 I/Gonk    (   83): Changed nice for pid 979 from 18 to 18.
04-26 18:50:52.343 I/Gecko   (   83): [Parent 83] WARNING: waitpid failed pid:979 errno:10: file ../../../gecko/ipc/chromium/src/base/process_util_posix.cc, line 254
04-26 18:50:52.353 I/Gonk    (   83): Setting nice for pid 979 to 1
04-26 18:50:52.353 I/Gonk    (   83): Changed nice for pid 979 from 18 to 1.
04-26 18:50:52.563 I/InputReader(   83): Reconfiguring input devices.  changes=0x00000004
04-26 18:50:52.563 I/InputReader(   83): Device reconfigured: id=6, name='ms-msg21xx', size 320x480, orientation 1, mode 1, display id 0
04-26 18:50:52.583 E/GeckoConsole(   83): Content JS LOG at dummy file:334 in GaiaApps.launch: launching app with name 'Finger Timer'
04-26 18:50:52.663 E/[Gralloc-ERROR](   83): int gralloc_register_buffer(const gralloc_module_t*, const native_handle_t*):79 Unable to register handle 0x47179920 coming from different process: 83
04-26 18:50:52.683 E/[Gralloc-ERROR](   83): int gralloc_register_buffer(const gralloc_module_t*, const native_handle_t*):79 Unable to register handle 0x47179a10 coming from different process: 83
04-26 18:50:52.773 E/[Gralloc-ERROR](   83): int gralloc_unregister_buffer(const gralloc_module_t*, const native_handle_t*):274 Trying to unregister buffer 0x4415c240 from process 83 that was not created in current process: 83
04-26 18:50:53.243 E/[Gralloc-ERROR](   83): int gralloc_register_buffer(const gralloc_module_t*, const native_handle_t*):79 Unable to register handle 0x47304150 coming from different process: 83
04-26 18:50:53.253 E/[Gralloc-ERROR](   83): int gralloc_register_buffer(const gralloc_module_t*, const native_handle_t*):79 Unable to register handle 0x47304920 coming from different process: 83
04-26 18:50:53.263 E/[Gralloc-ERROR](   83): int gralloc_unregister_buffer(const gralloc_module_t*, const native_handle_t*):274 Trying to unregister buffer 0x4415cab0 from process 83 that was not created in current process: 83
04-26 18:50:53.503 I/Gonk    (   83): Setting nice for pid 945 to 18
04-26 18:50:53.503 I/Gonk    (   83): Changed nice for pid 945 from 1 to 18.
04-26 18:50:55.243 I/Gecko   (  979): ###################################### forms.js loaded
04-26 18:50:55.263 I/Gecko   (  979): ############################### browserElementPanning.js loaded
04-26 18:50:55.283 I/Gecko   (  979): ######################## BrowserElementChildPreload.js loaded
04-26 18:50:56.753 W/WifiHW  (   83): wifi_command: SIGNAL_POLL
04-26 18:50:57.683 I/Gecko   (   83): 
04-26 18:50:57.683 I/Gecko   (   83): ###!!! [Parent][MessageChannel] Error: Channel error: cannot send/recv
04-26 18:50:57.683 I/Gecko   (   83): 
04-26 18:50:57.813 I/GeckoDump(   83): Crash reporter : Can't fetch app.reportCrashes. Exception: [Exception... "Component returned failure code: 0x8000ffff (NS_ERROR_UNEXPECTED) [nsIPrefBranch.getBoolPref]"  nsresult: "0x8000ffff (NS_ERROR_UNEXPECTED)"  location: "JS frame :: chrome://browser/content/shell.js :: shell_reportCrash :: line 7"  data: no]
04-26 18:50:57.953 I/Gonk    (   83): Setting nice for pid 1019 to 18
04-26 18:50:57.953 I/Gonk    (   83): Changed nice for pid 1019 from 0 to 18.
04-26 18:50:58.103 I/Gonk    (   83): Setting nice for pid 1019 to 18
04-26 18:50:58.103 I/Gonk    (   83): Changed nice for pid 1019 from 18 to 18.
04-26 18:50:58.103 I/Gecko   (   83): [Parent 83] WARNING: waitpid failed pid:1019 errno:10: file ../../../gecko/ipc/chromium/src/base/process_util_posix.cc, line 254
04-26 18:50:58.123 I/Gecko   (   83): [Parent 83] WARNING: waitpid failed pid:945 errno:10: file ../../../gecko/ipc/chromium/src/base/process_util_posix.cc, line 254
04-26 18:50:58.123 E/GeckoConsole(   83): Content JS LOG at dummy file:326 in GaiaApps.launch/appOpen/<: app with origin 'app://{5ddad543-7d91-4ab9-a572-d5e94f7b0c4c}' has launched
04-26 18:50:58.123 I/Gecko   (   83): 1398563458139	Marionette	INFO	sendToClient: {"from":"0","value":{"frame":{"ELEMENT":"{868a9f88-fcb8-4675-a9f3-7d9418279f0f}"},"src":"app://{5ddad543-7d91-4ab9-a572-d5e94f7b0c4c}/index.html","name":"Finger Timer","origin":"app://{5ddad543-7d91-4ab9-a572-d5e94f7b0c4c}"}}, {834c0be2-7198-43d7-8e64-06a755e9d41c}, {834c0be2-7198-43d7-8e64-06a755e9d41c}
04-26 18:50:58.143 I/Gonk    (   83): Setting nice for pid 1027 to 18
04-26 18:50:58.143 I/Gonk    (   83): Changed nice for pid 1027 from 0 to 18.
04-26 18:50:58.173 E/[Gralloc-ERROR](   83): int gralloc_unregister_buffer(const gralloc_module_t*, const native_handle_t*):274 Trying to unregister buffer 0x47304150 from process 83 that was not created in current process: 83
04-26 18:50:58.173 E/[Gralloc-ERROR](   83): int gralloc_unregister_buffer(const gralloc_module_t*, const native_handle_t*):274 Trying to unregister buffer 0x47304920 from process 83 that was not created in current process: 83
04-26 18:50:58.203 I/Gecko   (   83): 1398563458214	Marionette	DEBUG	Got request: switchToFrame, data: {"to":"0","sessionId":"3-b2g","name":"switchToFrame","parameters":{"focus":true,"element":"{868a9f88-fcb8-4675-a9f3-7d9418279f0f}"}}, id: {08ac2cd1-58cc-40e0-a9b7-374ad9fda7a1}
04-26 18:50:58.213 I/Gecko   (   83): 1398563458228	Marionette	INFO	Switched to frame: {"frameValue":"{868a9f88-fcb8-4675-a9f3-7d9418279f0f}"}
04-26 18:50:58.223 I/Gecko   (   83): 1398563458231	Marionette	INFO	trying remote frame 0
04-26 18:50:58.223 I/Gecko   (   83): 1398563458232	Marionette	INFO	trying remote frame 1
04-26 18:50:58.223 I/Gecko   (   83): 1398563458233	Marionette	INFO	deleting frame
04-26 18:50:58.223 I/Gecko   (   83): 1398563458238	Marionette	INFO	frame-manager load script: [object ChromeMessageSender]
04-26 18:50:58.673 I/Gecko   (   83): 1398563458682	Marionette	INFO	sendToClient: {"from":"0","ok":true}, {08ac2cd1-58cc-40e0-a9b7-374ad9fda7a1}, {08ac2cd1-58cc-40e0-a9b7-374ad9fda7a1}
04-26 18:50:58.683 I/Gecko   (   83): 1398563458696	Marionette	INFO	sendToClient: {"from":"0","value":"app://{5ddad543-7d91-4ab9-a572-d5e94f7b0c4c}/index.html"}, {772e97f8-e05b-4b82-9271-7a83de505d5b}, {772e97f8-e05b-4b82-9271-7a83de505d5b}
04-26 18:50:58.693 I/Gecko   (   83): 1398563458704	Marionette	DEBUG	Got request: execute, data: {"to":"0","sessionId":"3-b2g","name":"executeScript","parameters":{"specialPowers":false,"scriptTimeout":null,"newSandbox":true,"args":[],"filename":"app_checker.py","script":"return window.document.readyState;","line":191}}, id: {b3383b60-a723-4352-b20b-40280104dbc4}
04-26 18:50:58.753 I/Gecko   (   83): 1398563458763	Marionette	INFO	sendToClient: {"from":"0","value":"complete"}, {b3383b60-a723-4352-b20b-40280104dbc4}, {b3383b60-a723-4352-b20b-40280104dbc4}
04-26 18:50:58.763 I/Gecko   (   83): 1398563458773	Marionette	INFO	sendToClient: {"from":"0","value":"app://{5ddad543-7d91-4ab9-a572-d5e94f7b0c4c}/index.html"}, {3ea2e25a-c618-4afd-95c9-a99555bc8d39}, {3ea2e25a-c618-4afd-95c9-a99555bc8d39}
04-26 18:50:58.783 I/Gecko   (  979): Attempting load of libEGL.so
04-26 18:50:58.853 D/libEGL  (  979): loaded /system/lib/egl/libEGL_mali.so
04-26 18:50:58.883 D/libEGL  (  979): loaded /system/lib/egl/libGLESv1_CM_mali.so
04-26 18:50:58.893 D/libEGL  (  979): loaded /system/lib/egl/libGLESv2_mali.so
04-26 18:50:58.933 I/Gecko   (  979): SharedSurface_Gralloc::Create -------
04-26 18:50:58.953 I/Gecko   (  979): SharedSurface_Gralloc::Create: success -- surface 0x444fb680, GraphicBuffer 0x44328280.
04-26 18:50:59.113 I/Gonk    (   83): Setting nice for pid 1019 to 18
04-26 18:50:59.113 I/Gonk    (   83): Changed nice for pid 1019 from 18 to 18.
04-26 18:50:59.613 I/log     ( 1039): <4>0[ 242.813501] select 1019 ((Preallocated a), adj 8, size 2648, to kill 
04-26 18:50:59.623 I/Gecko   (   83): 
04-26 18:50:59.623 I/Gecko   (   83): ###!!! [Parent][MessageChannel] Error: Channel error: cannot send/recv
04-26 18:50:59.623 I/Gecko   (   83): 
04-26 18:50:59.673 I/GeckoDump(   83): Crash reporter : Can't fetch app.reportCrashes. Exception: [Exception... "Component returned failure code: 0x8000ffff (NS_ERROR_UNEXPECTED) [nsIPrefBranch.getBoolPref]"  nsresult: "0x8000ffff (NS_ERROR_UNEXPECTED)"  location: "JS frame :: chrome://browser/content/shell.js :: shell_reportCrash :: line 7"  data: no]
04-26 18:50:59.673 I/Gecko   (   83): [Parent 83] WARNING: waitpid failed pid:1019 errno:10: file ../../../gecko/ipc/chromium/src/base/process_util_posix.cc, line 254
04-26 18:51:00.123 I/Gecko   (   83): [Parent 83] WARNING: waitpid failed pid:945 errno:10: file ../../../gecko/ipc/chromium/src/base/process_util_posix.cc, line 254
04-26 18:51:00.123 I/Gecko   (   83): [Parent 83] WARNING: Failed to deliver SIGKILL to 945!(3).: file ../../../gecko/ipc/chromium/src/chrome/common/process_watcher_posix_sigchld.cc, line 118
04-26 18:51:01.103 I/Gecko   (   83): 1398563461084	Marionette	INFO	sendToClient: {"from":"0","value":"iVBORw0KGgoAAAANSUhEUgAAAeAAAAFACAYAAABkyK97AAAgAElEQVR4nIy9fYwjd3omNtg4gOM4h8Q4GE4CHPLHJRfnsgh8G+eORzD0sPnVXIbXIBRlYxzuvLJzhrFwtNKsrFMmC59hLGR5PIog9BFMpUAwxHyoV2f7LiuNZkar1cfMNL+L1aVyhaHb02SxyO5Rm1eoEA2CKBBP/njeX7G19hn5g+gmWR+/r3qf93ne9/3xSq3jQ28H0Ps+Kr0A1Y6PWsuH1vFRaQeoNQPU+z6q/QW0vg99IMf3AmhdH7WuD23go96Ta3R96B0fWt9Hvb9EredD6wSo9nzofR9ab4Fq34fW9aF3fVQ7S2i9BbSOj/0OP691Ftg3fWhtHzU573bHh97zcbsToNoPoLX4V2/zOnrfh9YPoA0C1Awflb6PWseHPghQ6/podH3oXTm+s0C9FUA3fWg9Xrfe4v2q7YCftXic1lyg2gnYjlbAe3UW0E0ftbaPqnxW6/rQZYxqbY5Rrb/k2LV96L1z1A0fFdNHzfChmxfQDY6TbqxQ6/uo9X3ogwvovSXqRoBa30fd8FHvsH+64UM3l9AHPupdH7Uu50YfsA96N4DeW0LrBqgZAeoGP6/1eJ1a10dtIPcxfOj9AHUj4P+DgMce+aj3A86n5aNuLFHv+dC7S9TUffo+9B7bofd534Z5Dv1oCb1/6R59romGXKPR89Hoc77qgxXbd7REvc05q/eX0Tn1PvugD5ZodH3Uj3zUBz7qgwvU2z5uG7yWZvio933UTR/6kY/GIECjy3lt9APcNQI0DF5fte22tO+26aNh+NCOArbP9HHb8nHLWKLeW6J25KMqx9w2lmgMfDTMALf6/L9uLnG3H6DeCdAY+LjVD1AfcJwbnweoHS3QsHw0ehfQ5dx6dwndDHDbCHB7EPA+ZsB79BdomLzWbdNH3QrQGASofx
04-26 18:51:01.633 I/Gecko   (   83): 1398563461648	Marionette	INFO	sendToClient: {"from":"0","ok":true}, {0ab443aa-3b61-43ee-9e22-171bb1309a80}, {0ab443aa-3b61-43ee-9e22-171bb1309a80}
04-26 18:51:01.643 I/Gecko   (   83): 1398563461658	Marionette	DEBUG	Got request: switchToFrame, data: {"to":"0","sessionId":"3-b2g","name":"switchToFrame","parameters":{"id":null,"focus":true}}, id: {8632ad70-fbb5-4d12-bb67-5c4ed83bd01c}
04-26 18:51:01.673 I/Gecko   (   83): [Parent 83] WARNING: waitpid failed pid:1019 errno:10: file ../../../gecko/ipc/chromium/src/base/process_util_posix.cc, line 254
04-26 18:51:01.673 I/Gecko   (   83): [Parent 83] WARNING: Failed to deliver SIGKILL to 1019!(3).: file ../../../gecko/ipc/chromium/src/chrome/common/process_watcher_posix_sigchld.cc, line 118
04-26 18:51:02.393 I/Gecko   (   83): 1398563462407	Marionette	INFO	Switched to frame: {"frameValue":null}
04-26 18:51:02.403 W/WifiHW  (   83): wifi_command: SIGNAL_POLL
04-26 18:51:02.553 I/Gecko   (   83): 1398563462565	Marionette	INFO	sendToClient: {"from":"0","ok":true}, {8632ad70-fbb5-4d12-bb67-5c4ed83bd01c}, {8632ad70-fbb5-4d12-bb67-5c4ed83bd01c}
04-26 18:51:02.583 I/Gecko   (   83): 1398563462600	Marionette	DEBUG	Got request: executeWithCallback, data: {"to":"0","sessionId":"3-b2g","name":"executeAsyncScript","parameters":{"specialPowers":false,"scriptTimeout":null,"newSandbox":true,"args":[],"filename":"gaia_test.py","script":"return GaiaApps.displayedApp();","line":66}}, id: {83272530-8f88-4011-8f05-3a33f4604154}
04-26 18:51:02.703 I/Gecko   (   83): 1398563462712	Marionette	INFO	sendToClient: {"from":"0","value":{"frame":{"ELEMENT":"{868a9f88-fcb8-4675-a9f3-7d9418279f0f}"},"src":"app://{5ddad543-7d91-4ab9-a572-d5e94f7b0c4c}/index.html","name":"Finger Timer","origin":"app://{5ddad543-7d91-4ab9-a572-d5e94f7b0c4c}"}}, {83272530-8f88-4011-8f05-3a33f4604154}, {83272530-8f88-4011-8f05-3a33f4604154}
04-26 18:51:02.703 E/GeckoConsole(   83): Content JS LOG at dummy file:392 in GaiaApps.displayedApp: app with origin 'app://{5ddad543-7d91-4ab9-a572-d5e94f7b0c4c}' is displayed
04-26 18:51:02.713 I/Gecko   (   83): 1398563462722	Marionette	DEBUG	Got request: switchToFrame, data: {"to":"0","sessionId":"3-b2g","name":"switchToFrame","parameters":{"id":null,"focus":true}}, id: {fa6602ae-935a-4064-905a-3d56ef6a3b35}
04-26 18:51:02.713 I/Gecko   (   83): 1398563462724	Marionette	INFO	Switched to frame: {"frameValue":null}
04-26 18:51:02.843 I/Gecko   (   83): 1398563462860	Marionette	INFO	sendToClient: {"from":"0","ok":true}, {fa6602ae-935a-4064-905a-3d56ef6a3b35}, {fa6602ae-935a-4064-905a-3d56ef6a3b35}
04-26 18:51:02.853 I/Gecko   (   83): 1398563462867	Marionette	DEBUG	Got request: execute, data: {"to":"0","sessionId":"3-b2g","name":"executeScript","parameters":{"specialPowers":false,"scriptTimeout":null,"newSandbox":true,"args":[],"filename":"gaia_test.py","script":"window.wrappedJSObject.dispatchEvent(new Event('home'));","line":788}}, id: {950f195f-23e4-4cee-b479-2a2422f2246e}
04-26 18:51:02.913 I/Gonk    (   83): Setting nice for pid 1027 to 18
04-26 18:51:02.913 I/Gonk    (   83): Changed nice for pid 1027 from 18 to 18.
04-26 18:51:02.913 I/Gecko   (   83): [Parent 83] WARNING: waitpid failed pid:1027 errno:10: file ../../../gecko/ipc/chromium/src/base/process_util_posix.cc, line 254
04-26 18:51:02.923 I/Gonk    (   83): Setting nice for pid 1027 to 1
04-26 18:51:02.923 I/Gonk    (   83): Changed nice for pid 1027 from 18 to 1.
04-26 18:51:03.353 I/InputReader(   83): Reconfiguring input devices.  changes=0x00000004
04-26 18:51:03.353 I/InputReader(   83): Device reconfigured: id=6, name='ms-msg21xx', size 320x480, orientation 0, mode 1, display id 0
04-26 18:51:03.433 E/[Gralloc-ERROR](   83): int gralloc_register_buffer(const gralloc_module_t*, const native_handle_t*):79 Unable to register handle 0x4503de70 coming from different process: 83
04-26 18:51:03.433 E/[Gralloc-ERROR](   83): int gralloc_register_buffer(const gralloc_module_t*, const native_handle_t*):79 Unable to register handle 0x45057380 coming from different process: 83
04-26 18:51:03.653 I/Gecko   (   83): 1398563463668	Marionette	INFO	sendToClient: {"from":"0","value":null}, {950f195f-23e4-4cee-b479-2a2422f2246e}, {950f195f-23e4-4cee-b479-2a2422f2246e}
04-26 18:51:03.683 E/[Gralloc-ERROR](   83): int gralloc_unregister_buffer(const gralloc_module_t*, const native_handle_t*):274 Trying to unregister buffer 0x47179920 from process 83 that was not created in current process: 83
04-26 18:51:03.763 I/Gonk    (   83): Setting nice for pid 1041 to 18
04-26 18:51:03.783 I/Gonk    (   83): Changed nice for pid 1041 from 0 to 18.
04-26 18:51:03.803 E/[Gralloc-ERROR](   83): int gralloc_unregister_buffer(const gralloc_module_t*, const native_handle_t*):274 Trying to unregister buffer 0x47179a10 from process 83 that was not created in current process: 83
04-26 18:51:03.913 I/Gecko   (   83): 1398563463931	Marionette	DEBUG	Got request: switchToFrame, data: {"to":"0","sessionId":"3-b2g","name":"switchToFrame","parameters":{"id":null,"focus":true}}, id: {01f51775-de98-4aaf-ac25-d7cbf44b935d}
04-26 18:51:03.933 I/Gecko   (   83): 1398563463943	Marionette	INFO	Switched to frame: {"frameValue":null}
04-26 18:51:04.063 I/Gecko   (   83): 1398563464074	Marionette	INFO	sendToClient: {"from":"0","ok":true}, {01f51775-de98-4aaf-ac25-d7cbf44b935d}, {01f51775-de98-4aaf-ac25-d7cbf44b935d}
04-26 18:51:04.073 I/Gecko   (   83): 1398563464085	Marionette	DEBUG	Got request: executeWithCallback, data: {"to":"0","sessionId":"3-b2g","name":"executeAsyncScript","parameters":{"specialPowers":false,"scriptTimeout":null,"newSandbox":true,"args":[],"filename":"gaia_test.py","script":"return GaiaApps.displayedApp();","line":66}}, id: {7872644f-8e98-4f76-a405-44d786b25c07}
04-26 18:51:04.263 E/GeckoConsole(   83): Content JS LOG at dummy file:392 in GaiaApps.displayedApp: app with origin 'app://homescreen.gaiamobile.org' is displayed
04-26 18:51:04.283 I/Gecko   (   83): 1398563464292	Marionette	INFO	sendToClient: {"from":"0","value":{"frame":{"ELEMENT":"{f2853c8b-6c33-4212-9aa2-ded4bb506499}"},"src":"app://homescreen.gaiamobile.org/index.html#root","name":"Homescreen","origin":"app://homescreen.gaiamobile.org"}}, {7872644f-8e98-4f76-a405-44d786b25c07}, {7872644f-8e98-4f76-a405-44d786b25c07}
04-26 18:51:04.313 I/Gecko   (   83): 1398563464330	Marionette	DEBUG	Got request: switchToFrame, data: {"to":"0","sessionId":"3-b2g","name":"switchToFrame","parameters":{"id":null,"focus":true}}, id: {07a2ce1d-a757-4db0-8f25-2122ddc089a2}
04-26 18:51:04.333 I/Gecko   (   83): 1398563464348	Marionette	INFO	Switched to frame: {"frameValue":null}
04-26 18:51:05.143 I/Gecko   (   83): 1398563465151	Marionette	INFO	sendToClient: {"from":"0","ok":true}, {07a2ce1d-a757-4db0-8f25-2122ddc089a2}, {07a2ce1d-a757-4db0-8f25-2122ddc089a2}
04-26 18:51:05.153 I/Gecko   (   83): 1398563465165	Marionette	DEBUG	Got request: switchToFrame, data: {"to":"0","sessionId":"3-b2g","name":"switchToFrame","parameters":{"id":null,"focus":true}}, id: {1b683a98-2c8e-4ac3-b8df-aa9cfe767305}
04-26 18:51:05.173 I/Gecko   (   83): 1398563465181	Marionette	INFO	Switched to frame: {"frameValue":null}
04-26 18:51:05.603 I/Gonk    (   83): Setting nice for pid 979 to 18
04-26 18:51:05.603 I/Gonk    (   83): Changed nice for pid 979 from 1 to 18.
04-26 18:51:05.623 I/Gecko   (   83): 1398563465639	Marionette	INFO	sendToClient: {"from":"0","ok":true}, {1b683a98-2c8e-4ac3-b8df-aa9cfe767305}, {1b683a98-2c8e-4ac3-b8df-aa9cfe767305}
04-26 18:51:05.873 I/Gecko   (   83): 1398563465886	Marionette	DEBUG	Got request: executeWithCallback, data: {"to":"0","sessionId":"3-b2g","name":"executeAsyncScript","parameters":{"specialPowers":false,"scriptTimeout":null,"newSandbox":true,"args":[],"filename":"gaia_test.py","script":"return GaiaApps.displayedApp();","line":66}}, id: {3a6708a5-a304-47d2-9c16-55e3c8c56d5d}
04-26 18:51:06.393 I/Gecko   (   83): [Parent 83] WARNING: pipe error (137): Connection reset by peer: file ../../../gecko/ipc/chromium/src/chrome/common/ipc_channel_posix.cc, line 446
04-26 18:51:06.483 I/Gecko   (   83): 1398563466494	Marionette	INFO	sendToClient: {"from":"0","value":{"frame":{"ELEMENT":"{f2853c8b-6c33-4212-9aa2-ded4bb506499}"},"src":"app://homescreen.gaiamobile.org/index.html#root","name":"Homescreen","origin":"app://homescreen.gaiamobile.org"}}, {3a6708a5-a304-47d2-9c16-55e3c8c56d5d}, {3a6708a5-a304-47d2-9c16-55e3c8c56d5d}
04-26 18:51:06.483 E/GeckoConsole(   83): Content JS LOG at dummy file:392 in GaiaApps.displayedApp: app with origin 'app://homescreen.gaiamobile.org' is displayed
04-26 18:51:06.533 I/Gecko   (   83): 
04-26 18:51:06.533 I/Gecko   (   83): ###!!! [Parent][MessageChannel] Error: Channel error: cannot send/recv
04-26 18:51:06.533 I/Gecko   (   83): 
04-26 18:51:06.613 I/GeckoDump(   83): Crash reporter : Can't fetch app.reportCrashes. Exception: [Exception... "Component returned failure code: 0x8000ffff (NS_ERROR_UNEXPECTED) [nsIPrefBranch.getBoolPref]"  nsresult: "0x8000ffff (NS_ERROR_UNEXPECTED)"  location: "JS frame :: chrome://browser/content/shell.js :: shell_reportCrash :: line 7"  data: no]
04-26 18:51:06.743 I/Gecko   (   83): [Parent 83] WARNING: waitpid failed pid:979 errno:10: file ../../../gecko/ipc/chromium/src/base/process_util_posix.cc, line 254
04-26 18:51:06.763 I/Gecko   (   83): 1398563466777	Marionette	DEBUG	Got request: switchToFrame, data: {"to":"0","sessionId":"3-b2g","name":"switchToFrame","parameters":{"focus":true,"element":"{f2853c8b-6c33-4212-9aa2-ded4bb506499}"}}, id: {00845bef-b23f-411a-b0ee-732ef8cb510d}
04-26 18:51:06.783 I/Gecko   (   83): 1398563466792	Marionette	INFO	Switched to frame: {"frameValue":"{f2853c8b-6c33-4212-9aa2-ded4bb506499}"}
04-26 18:51:06.793 I/Gecko   (   83): 1398563466803	Marionette	INFO	trying remote frame 0
04-26 18:51:06.793 I/Gecko   (   83): 1398563466804	Marionette	INFO	trying remote frame 1
04-26 18:51:06.793 I/Gecko   (   83): 1398563466805	Marionette	INFO	deleting frame
04-26 18:51:06.793 I/Gecko   (   83): 1398563466810	Marionette	INFO	frame-manager load script: [object ChromeMessageSender]
04-26 18:51:06.913 I/Gecko   ( 1027): ###################################### forms.js loaded
04-26 18:51:06.953 I/Gecko   ( 1027): ############################### browserElementPanning.js loaded
04-26 18:51:06.983 I/Gecko   ( 1027): ######################## BrowserElementChildPreload.js loaded
04-26 18:51:07.413 W/WifiHW  (   83): wifi_command: SIGNAL_POLL
04-26 18:51:07.873 I/Gecko   (   83): 1398563467890	Marionette	INFO	sendToClient: {"from":"0","ok":true}, {00845bef-b23f-411a-b0ee-732ef8cb510d}, {00845bef-b23f-411a-b0ee-732ef8cb510d}
04-26 18:51:08.203 I/Gecko   (   83): 1398563468213	Marionette	INFO	sendToClient: {"from":"0","value":"app://homescreen.gaiamobile.org/index.html#root"}, {097f7cca-d776-4e3f-90c5-0c2446f5c1d3}, {097f7cca-d776-4e3f-90c5-0c2446f5c1d3}
04-26 18:51:08.203 I/Gecko   (   83): 1398563468219	Marionette	DEBUG	Got request: switchToFrame, data: {"to":"0","sessionId":"3-b2g","name":"switchToFrame","parameters":{"id":null,"focus":true}}, id: {90523f9c-74df-41b0-8bb0-cc7fed772a2f}
04-26 18:51:08.233 I/Gecko   (   83): 1398563468244	Marionette	INFO	Switched to frame: {"frameValue":null}
04-26 18:51:08.343 I/Gecko   (   83): 1398563468354	Marionette	INFO	sendToClient: {"from":"0","ok":true}, {90523f9c-74df-41b0-8bb0-cc7fed772a2f}, {90523f9c-74df-41b0-8bb0-cc7fed772a2f}
04-26 18:51:08.343 I/Gecko   (   83): 1398563468360	Marionette	DEBUG	Got request: switchToFrame, data: {"to":"0","sessionId":"3-b2g","name":"switchToFrame","parameters":{"id":null,"focus":true}}, id: {44f3e489-8018-456f-8ea7-a971dc88c01c}
04-26 18:51:08.353 I/Gecko   (   83): 1398563468361	Marionette	INFO	Switched to frame: {"frameValue":null}
04-26 18:51:08.453 I/Gecko   (   83): 1398563468464	Marionette	INFO	sendToClient: {"from":"0","ok":true}, {44f3e489-8018-456f-8ea7-a971dc88c01c}, {44f3e489-8018-456f-8ea7-a971dc88c01c}
04-26 18:51:08.463 I/Gecko   (   83): 1398563468471	Marionette	DEBUG	Got request: executeWithCallback, data: {"to":"0","sessionId":"3-b2g","name":"executeAsyncScript","parameters":{"specialPowers":false,"scriptTimeout":null,"newSandbox":true,"args":[],"filename":"gaia_test.py","script":"GaiaApps.killAll()","line":91}}, id: {323500c5-aa2f-412d-9292-3975a0fd4a7e}
04-26 18:51:08.503 I/Gecko   (   83): 1398563468518	Marionette	INFO	sendToClient: {"from":"0","value":true}, {323500c5-aa2f-412d-9292-3975a0fd4a7e}, {323500c5-aa2f-412d-9292-3975a0fd4a7e}
04-26 18:51:08.513 I/Gecko   (   83): 1398563468528	Marionette	DEBUG	Got request: switchToFrame, data: {"to":"0","sessionId":"3-b2g","name":"switchToFrame","parameters":{"id":null,"focus":true}}, id: {94abb2c5-d9db-411c-8295-4586ec512805}
04-26 18:51:08.523 I/Gecko   (   83): 1398563468533	Marionette	INFO	Switched to frame: {"frameValue":null}
04-26 18:51:08.623 I/Gecko   (   83): 1398563468635	Marionette	INFO	sendToClient: {"from":"0","ok":true}, {94abb2c5-d9db-411c-8295-4586ec512805}, {94abb2c5-d9db-411c-8295-4586ec512805}
04-26 18:51:08.633 I/Gecko   (   83): 1398563468642	Marionette	DEBUG	Got request: executeWithCallback, data: {"to":"0","sessionId":"3-b2g","name":"executeAsyncScript","parameters":{"specialPowers":false,"scriptTimeout":60000,"newSandbox":true,"args":[],"filename":"app_checker.py","script":"\n        GaiaApps.locateWithManifestURL('https://marketplace.firefox.com/app/9889ccae-37f5-478f-b3cc-9d9828715804/manifest.webapp',\n                                       null,\n                                       function uninstall(app) {\n                                       navigator.mozApps.mgmt.uninstall(app);\n                                       marionetteScriptFinished(true);\n                                       });\n        ","line":129}}, id: {694af0a8-073c-4151-80d4-2338975add06}
04-26 18:51:08.673 I/Gecko   (   83): -- webapps.js uninstall https://marketplace.firefox.com/app/9889ccae-37f5-478f-b3cc-9d9828715804/manifest.webapp
04-26 18:51:08.743 I/Gecko   (   83): [Parent 83] WARNING: waitpid failed pid:979 errno:10: file ../../../gecko/ipc/chromium/src/base/process_util_posix.cc, line 254
04-26 18:51:08.743 I/Gecko   (   83): [Parent 83] WARNING: Failed to deliver SIGKILL to 979!(3).: file ../../../gecko/ipc/chromium/src/chrome/common/process_watcher_posix_sigchld.cc, line 118
04-26 18:51:08.893 I/Gecko   (   83): 1398563468908	Marionette	INFO	sendToClient: {"from":"0","value":true}, {694af0a8-073c-4151-80d4-2338975add06}, {694af0a8-073c-4151-80d4-2338975add06}