--------- beginning of /dev/log/main
04-25 23:40:44.064 I/GonkMemoryPressure(   83): Checking to see if memory pressure is over.
04-25 23:40:44.064 I/GonkMemoryPressure(   83): Memory pressure is over.
04-25 23:40:44.064 I/GonkMemoryPressure(  937): Checking to see if memory pressure is over.
04-25 23:40:44.064 I/GonkMemoryPressure(  937): Memory pressure is over.
04-25 23:40:44.244 I/Gecko   (   83): 1398494444247	Marionette	INFO	sendToClient: {"from":"0","ok":true}, {fefe31ef-0ca9-406e-8bae-9ecea88e769d}, {fefe31ef-0ca9-406e-8bae-9ecea88e769d}
04-25 23:40:44.274 I/Gecko   (   83): 1398494444285	Marionette	DEBUG	Got request: switchToFrame, data: {"to":"0","sessionId":"3-b2g","name":"switchToFrame","parameters":{"id":null,"focus":true}}, id: {d4ff71e0-acbb-400f-b0fe-b3c162f9d113}
04-25 23:40:44.284 I/Gecko   (   83): 1398494444288	Marionette	INFO	Switched to frame: {"frameValue":null}
04-25 23:40:44.394 I/Gecko   (   83): 1398494444400	Marionette	INFO	sendToClient: {"from":"0","ok":true}, {d4ff71e0-acbb-400f-b0fe-b3c162f9d113}, {d4ff71e0-acbb-400f-b0fe-b3c162f9d113}
04-25 23:40:44.404 I/Gecko   (   83): 1398494444407	Marionette	DEBUG	Got request: executeWithCallback, data: {"to":"0","sessionId":"3-b2g","name":"executeAsyncScript","parameters":{"specialPowers":false,"scriptTimeout":null,"newSandbox":true,"args":[],"filename":"gaia_test.py","script":"return GaiaApps.displayedApp();","line":66}}, id: {d3a86979-af5c-4436-94d9-bab10c9a2c8f}
04-25 23:40:44.474 I/Gecko   (   83): 1398494444481	Marionette	INFO	sendToClient: {"from":"0","value":{"frame":{"ELEMENT":"{5155b102-272e-4347-8aac-d672ff861a4d}"},"src":"app://homescreen.gaiamobile.org/index.html#root","name":"Homescreen","origin":"app://homescreen.gaiamobile.org"}}, {d3a86979-af5c-4436-94d9-bab10c9a2c8f}, {d3a86979-af5c-4436-94d9-bab10c9a2c8f}
04-25 23:40:44.484 E/GeckoConsole(   83): Content JS LOG at dummy file:392 in GaiaApps.displayedApp: app with origin 'app://homescreen.gaiamobile.org' is displayed
04-25 23:40:44.484 I/Gecko   (   83): 1398494444492	Marionette	DEBUG	Got request: switchToFrame, data: {"to":"0","sessionId":"3-b2g","name":"switchToFrame","parameters":{"id":null,"focus":true}}, id: {d7004299-98b1-47f5-9283-aff90aecf555}
04-25 23:40:44.494 I/Gecko   (   83): 1398494444499	Marionette	INFO	Switched to frame: {"frameValue":null}
04-25 23:40:44.594 I/Gecko   (   83): 1398494444602	Marionette	INFO	sendToClient: {"from":"0","ok":true}, {d7004299-98b1-47f5-9283-aff90aecf555}, {d7004299-98b1-47f5-9283-aff90aecf555}
04-25 23:40:44.604 I/Gecko   (   83): 1398494444609	Marionette	DEBUG	Got request: switchToFrame, data: {"to":"0","sessionId":"3-b2g","name":"switchToFrame","parameters":{"id":null,"focus":true}}, id: {626d986f-b6f6-4add-8e22-36e282b9e586}
04-25 23:40:44.604 I/Gecko   (   83): 1398494444611	Marionette	INFO	Switched to frame: {"frameValue":null}
04-25 23:40:44.724 I/Gecko   (   83): 1398494444727	Marionette	INFO	sendToClient: {"from":"0","ok":true}, {626d986f-b6f6-4add-8e22-36e282b9e586}, {626d986f-b6f6-4add-8e22-36e282b9e586}
04-25 23:40:44.724 I/Gecko   (   83): 1398494444733	Marionette	DEBUG	Got request: executeWithCallback, data: {"to":"0","sessionId":"3-b2g","name":"executeAsyncScript","parameters":{"specialPowers":false,"scriptTimeout":null,"newSandbox":true,"args":[],"filename":"gaia_test.py","script":"return GaiaApps.displayedApp();","line":66}}, id: {a67be93f-fbee-4c34-84e4-b3d66e9c64b1}
04-25 23:40:44.784 I/Gecko   (   83): 1398494444792	Marionette	INFO	sendToClient: {"from":"0","value":{"frame":{"ELEMENT":"{5155b102-272e-4347-8aac-d672ff861a4d}"},"src":"app://homescreen.gaiamobile.org/index.html#root","name":"Homescreen","origin":"app://homescreen.gaiamobile.org"}}, {a67be93f-fbee-4c34-84e4-b3d66e9c64b1}, {a67be93f-fbee-4c34-84e4-b3d66e9c64b1}
04-25 23:40:44.784 E/GeckoConsole(   83): Content JS LOG at dummy file:392 in GaiaApps.displayedApp: app with origin 'app://homescreen.gaiamobile.org' is displayed
04-25 23:40:44.794 I/Gecko   (   83): 1398494444800	Marionette	DEBUG	Got request: switchToFrame, data: {"to":"0","sessionId":"3-b2g","name":"switchToFrame","parameters":{"focus":true,"element":"{5155b102-272e-4347-8aac-d672ff861a4d}"}}, id: {041f7686-b173-4b02-a78a-1c8874ad55e6}
04-25 23:40:44.794 I/Gecko   (   83): 1398494444806	Marionette	INFO	Switched to frame: {"frameValue":"{5155b102-272e-4347-8aac-d672ff861a4d}"}
04-25 23:40:44.804 I/Gecko   (   83): 1398494444814	Marionette	INFO	trying remote frame 0
04-25 23:40:44.804 I/Gecko   (   83): 1398494444815	Marionette	INFO	deleting frame
04-25 23:40:44.824 I/Gecko   (   83): 1398494444833	Marionette	INFO	frame-manager load script: [object ChromeMessageSender]
04-25 23:40:45.304 I/Gecko   (   83): 1398494445309	Marionette	INFO	sendToClient: {"from":"0","ok":true}, {041f7686-b173-4b02-a78a-1c8874ad55e6}, {041f7686-b173-4b02-a78a-1c8874ad55e6}
04-25 23:40:45.514 I/Gecko   (   83): 1398494445525	Marionette	INFO	sendToClient: {"from":"0","value":{"ELEMENT":"{6ce6d787-2503-47ab-9643-ed4571452cf4}"}}, {5a39949e-5e91-4d87-8def-a56a1477b6c4}, {5a39949e-5e91-4d87-8def-a56a1477b6c4}
04-25 23:40:45.784 E/GeckoConsole(  927): [JavaScript Warning: "Use of getAttributeNode() is deprecated. Use getAttribute() instead." {file: "chrome://marionette/content/atoms.js" line: 25}]
04-25 23:40:45.784 E/GeckoConsole(  927): [JavaScript Warning: "Use of attributes' specified attribute is deprecated. It always returns true." {file: "chrome://marionette/content/atoms.js" line: 25}]
04-25 23:40:45.794 I/Gecko   (   83): 1398494445799	Marionette	INFO	sendToClient: {"from":"0","value":"normal"}, {d6c01a10-1544-461e-97fd-0bea0b8e8e92}, {d6c01a10-1544-461e-97fd-0bea0b8e8e92}
04-25 23:40:45.794 I/Gecko   (   83): 1398494445805	Marionette	DEBUG	Got request: switchToFrame, data: {"to":"0","sessionId":"3-b2g","name":"switchToFrame","parameters":{"id":null,"focus":true}}, id: {fb1f875d-2e39-4ba2-a93e-7260f5d7c7b1}
04-25 23:40:45.804 I/Gecko   (   83): 1398494445816	Marionette	INFO	Switched to frame: {"frameValue":null}
04-25 23:40:45.914 I/Gecko   (   83): 1398494445926	Marionette	INFO	sendToClient: {"from":"0","ok":true}, {fb1f875d-2e39-4ba2-a93e-7260f5d7c7b1}, {fb1f875d-2e39-4ba2-a93e-7260f5d7c7b1}
04-25 23:40:45.924 I/Gecko   (   83): 1398494445933	Marionette	DEBUG	Got request: execute, data: {"to":"0","sessionId":"3-b2g","name":"executeScript","parameters":{"specialPowers":false,"scriptTimeout":null,"newSandbox":true,"args":[],"filename":"gaia_test.py","script":"window.wrappedJSObject.dispatchEvent(new Event('home'));","line":788}}, id: {27c95621-273e-4d54-9f7a-0aa41164b29a}
04-25 23:40:46.094 I/Gecko   (   83): 1398494446104	Marionette	INFO	sendToClient: {"from":"0","value":null}, {27c95621-273e-4d54-9f7a-0aa41164b29a}, {27c95621-273e-4d54-9f7a-0aa41164b29a}
04-25 23:40:46.104 W/WifiHW  (   83): wifi_command: SIGNAL_POLL
04-25 23:40:46.114 I/Gecko   (   83): 1398494446117	Marionette	DEBUG	Got request: switchToFrame, data: {"to":"0","sessionId":"3-b2g","name":"switchToFrame","parameters":{"id":null,"focus":true}}, id: {5749496a-7578-41ea-8b65-b2eb2580035c}
04-25 23:40:46.114 I/Gecko   (   83): 1398494446119	Marionette	INFO	Switched to frame: {"frameValue":null}
04-25 23:40:46.234 I/Gecko   (   83): 1398494446242	Marionette	INFO	sendToClient: {"from":"0","ok":true}, {5749496a-7578-41ea-8b65-b2eb2580035c}, {5749496a-7578-41ea-8b65-b2eb2580035c}
04-25 23:40:46.244 I/Gecko   (   83): 1398494446250	Marionette	DEBUG	Got request: switchToFrame, data: {"to":"0","sessionId":"3-b2g","name":"switchToFrame","parameters":{"id":null,"focus":true}}, id: {d87ac2f1-4352-4d2e-a696-016a80965579}
04-25 23:40:46.254 I/Gecko   (   83): 1398494446258	Marionette	INFO	Switched to frame: {"frameValue":null}
04-25 23:40:46.454 I/Gecko   (   83): 1398494446463	Marionette	INFO	sendToClient: {"from":"0","ok":true}, {d87ac2f1-4352-4d2e-a696-016a80965579}, {d87ac2f1-4352-4d2e-a696-016a80965579}
04-25 23:40:46.484 I/Gecko   (   83): 1398494446492	Marionette	DEBUG	Got request: executeWithCallback, data: {"to":"0","sessionId":"3-b2g","name":"executeAsyncScript","parameters":{"specialPowers":false,"scriptTimeout":null,"newSandbox":true,"args":[],"filename":"gaia_test.py","script":"return GaiaApps.displayedApp();","line":66}}, id: {f0e19b15-3af2-4991-9fad-83b4aca7d5ec}
04-25 23:40:46.544 I/Gecko   (   83): 1398494446555	Marionette	INFO	sendToClient: {"from":"0","value":{"frame":{"ELEMENT":"{5155b102-272e-4347-8aac-d672ff861a4d}"},"src":"app://homescreen.gaiamobile.org/index.html#rootFri%20Apr%2025%202014%2023:40:45%20GMT-0700%20(UTC)","name":"Homescreen","origin":"app://homescreen.gaiamobile.org"}}, {f0e19b15-3af2-4991-9fad-83b4aca7d5ec}, {f0e19b15-3af2-4991-9fad-83b4aca7d5ec}
04-25 23:40:46.584 E/GeckoConsole(   83): Content JS LOG at dummy file:392 in GaiaApps.displayedApp: app with origin 'app://homescreen.gaiamobile.org' is displayed
04-25 23:40:46.594 I/Gecko   (   83): 1398494446603	Marionette	DEBUG	Got request: switchToFrame, data: {"to":"0","sessionId":"3-b2g","name":"switchToFrame","parameters":{"focus":true,"element":"{5155b102-272e-4347-8aac-d672ff861a4d}"}}, id: {af099606-2aaa-4f0d-91f1-ca0369a277da}
04-25 23:40:46.614 I/Gecko   (   83): 1398494446623	Marionette	INFO	Switched to frame: {"frameValue":"{5155b102-272e-4347-8aac-d672ff861a4d}"}
04-25 23:40:46.634 I/Gecko   (   83): 1398494446639	Marionette	INFO	trying remote frame 0
04-25 23:40:46.884 I/Gecko   (   83): 1398494446894	Marionette	INFO	sendToClient: {"from":"0","ok":true}, {af099606-2aaa-4f0d-91f1-ca0369a277da}, {af099606-2aaa-4f0d-91f1-ca0369a277da}
04-25 23:40:46.934 I/Gecko   (   83): 1398494446936	Marionette	DEBUG	Got request: execute, data: {"to":"0","sessionId":"3-b2g","name":"executeScript","parameters":{"specialPowers":false,"scriptTimeout":null,"newSandbox":true,"args":[],"filename":"gaia_test.py","script":"return window.wrappedJSObject.GridManager.pageHelper.getCurrentPageNumber();","line":784}}, id: {e636b5ae-ec1b-4960-868e-963dbe8629ac}
04-25 23:40:47.054 I/Gecko   (   83): 1398494447058	Marionette	INFO	sendToClient: {"from":"0","value":0}, {e636b5ae-ec1b-4960-868e-963dbe8629ac}, {e636b5ae-ec1b-4960-868e-963dbe8629ac}
04-25 23:40:47.104 I/Gecko   (   83): 1398494447115	Marionette	INFO	sendToClient: {"from":"0","value":["{56c7a458-02ee-467c-9823-70df4450c555}","{19646d6b-438b-4a88-86ab-2e3705ed8c6d}","{ab54a6d4-eea1-4f42-9c56-de6fdfa4a49e}","{d7031ee2-20df-41fe-af8f-0274e4a51c75}","{e614f742-14e3-4d41-bd4e-e3192f302af4}","{87f761ee-1195-4d83-9bbe-ba6db7f2d2c6}","{55c2c3b8-7bd5-4343-9267-47d9f347a702}","{c740e73f-9741-42c2-8d4e-924c6fbbec3b}","{86fb1b5f-e569-41c9-a60e-2a63bb4c0897}","{bfe184ca-c703-46da-886b-783721abd13f}","{640cd753-670d-42b5-8660-4cfa2858a7d0}","{946a77f3-2fe5-49d1-8933-e559eff13d5c}","{fce98be0-d340-44d5-a804-51c1d513e25f}","{daab1c55-d4a0-4ca1-a464-fc1f9c4b9fc7}","{b07776fa-13dd-48ed-a355-e20e95dffc1f}","{12f04bbe-60ac-4f8c-86c1-7f0b254a6737}","{138601a7-ab42-4f54-9856-feb1b348a497}","{3e8ac2a8-89a0-41f1-8a22-1d610b31784f}","{14e2b81c-edb7-42e6-8595-1dc62453f001}","{d55be24b-4561-4aac-b7da-d8e0786c3cf9}","{7c8cb328-6b19-4c72-846c-3fb789f87034}","{52331e28-5f58-47fd-bfab-e067b3942a58}","{50925440-c4a2-4f16-ac10-aab66504c299}"]}, {d0fb1d7a-80
04-25 23:40:47.144 I/Gecko   (   83): 1398494447152	Marionette	INFO	sendToClient: {"from":"0","value":"app://homescreen.gaiamobile.org/index.html#rootFri%20Apr%2025%202014%2023:40:45%20GMT-0700%20(UTC)"}, {be3f9ba7-8101-4802-854f-e24421a9d361}, {be3f9ba7-8101-4802-854f-e24421a9d361}
04-25 23:40:47.174 I/Gecko   (   83): 1398494447186	Marionette	DEBUG	Got request: switchToFrame, data: {"to":"0","sessionId":"3-b2g","name":"switchToFrame","parameters":{"id":null,"focus":true}}, id: {9b167acb-d2b0-4325-97c8-2994ff2f3640}
04-25 23:40:47.194 I/Gecko   (   83): 1398494447201	Marionette	INFO	Switched to frame: {"frameValue":null}
04-25 23:40:47.294 I/Gecko   (   83): 1398494447303	Marionette	INFO	sendToClient: {"from":"0","ok":true}, {9b167acb-d2b0-4325-97c8-2994ff2f3640}, {9b167acb-d2b0-4325-97c8-2994ff2f3640}
04-25 23:40:47.304 I/Gecko   (   83): 1398494447309	Marionette	DEBUG	Got request: switchToFrame, data: {"to":"0","sessionId":"3-b2g","name":"switchToFrame","parameters":{"id":null,"focus":true}}, id: {e27765c7-469d-4b37-92b4-f41a26c76363}
04-25 23:40:47.304 I/Gecko   (   83): 1398494447312	Marionette	INFO	Switched to frame: {"frameValue":null}
04-25 23:40:47.404 I/Gecko   (   83): 1398494447416	Marionette	INFO	sendToClient: {"from":"0","ok":true}, {e27765c7-469d-4b37-92b4-f41a26c76363}, {e27765c7-469d-4b37-92b4-f41a26c76363}
04-25 23:40:47.414 I/Gecko   (   83): 1398494447422	Marionette	DEBUG	Got request: executeWithCallback, data: {"to":"0","sessionId":"3-b2g","name":"executeAsyncScript","parameters":{"specialPowers":false,"scriptTimeout":30000,"newSandbox":true,"args":[],"filename":"app_checker.py","script":"GaiaApps.launchWithManifestURL('https://marketplace.firefox.com/app/602474fc-3f7d-43e3-998b-be0a26f1f090/manifest.webapp')","line":106}}, id: {98165800-5ade-4374-9839-2d3018055abb}
04-25 23:40:47.564 I/Gonk    (   83): Setting nice for pid 937 to 18
04-25 23:40:47.564 I/Gonk    (   83): Changed nice for pid 937 from 18 to 18.
04-25 23:40:47.564 I/Gecko   (   83): [Parent 83] WARNING: waitpid failed pid:937 errno:10: file ../../../gecko/ipc/chromium/src/base/process_util_posix.cc, line 254
04-25 23:40:47.574 I/Gonk    (   83): Setting nice for pid 937 to 1
04-25 23:40:47.574 I/Gonk    (   83): Changed nice for pid 937 from 18 to 1.
04-25 23:40:47.604 E/GeckoConsole(   83): Content JS LOG at dummy file:334 in GaiaApps.launch: launching app with name 'Fishing Cat'
04-25 23:40:47.914 E/[Gralloc-ERROR](   83): int gralloc_register_buffer(const gralloc_module_t*, const native_handle_t*):79 Unable to register handle 0x45efbd30 coming from different process: 83
04-25 23:40:47.924 E/[Gralloc-ERROR](   83): int gralloc_register_buffer(const gralloc_module_t*, const native_handle_t*):79 Unable to register handle 0x45efbe70 coming from different process: 83
04-25 23:40:48.114 D/Sensors (   83): activate handle=0; drv=0
04-25 23:40:48.124 D/Sensors (   83): Lis3dhSensor: Control set 1
04-25 23:40:48.124 D/Sensors (   83): Lis3dhSensor: mEnabled = 1
04-25 23:40:48.174 I/Gonk    (   83): Setting nice for pid 927 to 18
04-25 23:40:48.174 I/Gonk    (   83): Changed nice for pid 927 from 1 to 18.
04-25 23:40:48.644 I/log     (  985): <4>0[ 375.064586] select 927 (Homescreen), adj 8, size 6764, to kill 
04-25 23:40:49.644 V/AudioPolicyManagerBase(   88): startOutput() output 1, stream 1, session 3
04-25 23:40:49.644 V/AudioPolicyManagerBase(   88): changeRefCount() stream 1, count 1
04-25 23:40:49.644 V/AudioPolicyManagerBase(   88): getDeviceForStrategy() from cache strategy 0, device 2
04-25 23:40:49.644 V/AudioPolicyManagerBase(   88): getNewDevice() selected device 2
04-25 23:40:49.644 D/AudioPolicyManagerBase(   88): setOutputDevice() output 1 device 2 delayMs 0
04-25 23:40:49.644 V/AudioPolicyManagerBase(   88): setOutputDevice() setting same device 2 or null device for output 1
04-25 23:40:49.644 E/AudioPolicyManagerBase(   88): checkAndSetVolume stream=1, index=0, output=1, device=2
04-25 23:40:49.644 E/AudioPolicyManagerBase(   88): computeVolume, streamDesc=0xaa0bb8
04-25 23:40:49.734 W/AudioFlinger(   88): Thread AudioOut_1 cannot connect to the power manager service
04-25 23:40:49.734 V/AudioPolicyManagerBase(   88): stopOutput() output 1, stream 1, session 3
04-25 23:40:49.734 V/AudioPolicyManagerBase(   88): changeRefCount() stream 1, count 0
04-25 23:40:49.734 V/AudioPolicyManagerBase(   88): getNewDevice() selected device 0
04-25 23:40:49.734 D/AudioPolicyManagerBase(   88): setOutputDevice() output 1 device 0 delayMs 290
04-25 23:40:49.734 V/AudioPolicyManagerBase(   88): setOutputDevice() setting same device 0 or null device for output 1
04-25 23:40:49.774 V/AudioPolicyManagerBase(   88): startOutput() output 1, stream 1, session 3
04-25 23:40:49.774 V/AudioPolicyManagerBase(   88): changeRefCount() stream 1, count 1
04-25 23:40:49.774 V/AudioPolicyManagerBase(   88): getDeviceForStrategy() from cache strategy 0, device 2
04-25 23:40:49.774 V/AudioPolicyManagerBase(   88): getNewDevice() selected device 2
04-25 23:40:49.774 D/AudioPolicyManagerBase(   88): setOutputDevice() output 1 device 2 delayMs 0
04-25 23:40:49.774 V/AudioPolicyManagerBase(   88): setOutputDevice() setting same device 2 or null device for output 1
04-25 23:40:49.774 E/AudioPolicyManagerBase(   88): checkAndSetVolume stream=1, index=0, output=1, device=2
04-25 23:40:49.774 E/AudioPolicyManagerBase(   88): computeVolume, streamDesc=0xaa0bb8
04-25 23:40:49.774 V/AudioPolicyManagerBase(   88): stopOutput() output 1, stream 1, session 3
04-25 23:40:49.774 V/AudioPolicyManagerBase(   88): changeRefCount() stream 1, count 0
04-25 23:40:49.774 V/AudioPolicyManagerBase(   88): getNewDevice() selected device 0
04-25 23:40:49.774 D/AudioPolicyManagerBase(   88): setOutputDevice() output 1 device 0 delayMs 290
04-25 23:40:49.774 V/AudioPolicyManagerBase(   88): setOutputDevice() setting same device 0 or null device for output 1
04-25 23:40:49.794 V/AudioPolicyManagerBase(   88): releaseOutput() 1
04-25 23:40:49.824 I/Gonk    (   83): Setting nice for pid 987 to 18
04-25 23:40:49.824 I/Gonk    (   83): Changed nice for pid 987 from 0 to 18.
04-25 23:40:50.224 I/Gecko   (  937): ###################################### forms.js loaded
04-25 23:40:50.244 I/Gecko   (  937): ############################### browserElementPanning.js loaded
04-25 23:40:50.284 I/Gecko   (  937): ######################## BrowserElementChildPreload.js loaded
04-25 23:40:50.384 I/Gecko   (   83): [Parent 83] WARNING: pipe error (132): Connection reset by peer: file ../../../gecko/ipc/chromium/src/chrome/common/ipc_channel_posix.cc, line 446
04-25 23:40:50.394 I/Gecko   (   83): 
04-25 23:40:50.394 I/Gecko   (   83): ###!!! [Parent][MessageChannel] Error: Channel error: cannot send/recv
04-25 23:40:50.394 I/Gecko   (   83): 
04-25 23:40:50.444 I/Gecko   (   83): [Parent 83] WARNING: waitpid failed pid:927 errno:10: file ../../../gecko/ipc/chromium/src/base/process_util_posix.cc, line 254
04-25 23:40:51.104 W/WifiHW  (   83): wifi_command: SIGNAL_POLL
04-25 23:40:52.064 E/GeckoConsole(  937): [JavaScript Warning: "Unknown property 'box-sizing'.  Declaration dropped." {file: "app://{f0a02276-c154-4238-a6c9-ce773af3a9b2}/index.html" line: 0 column: 67 source: "-webkit-box-sizing:border-box;-moz-box-sizing:border-box;box-sizing:border-box;padding:1px;border:1px;display:block;width:4px;margin-top:1%;position:absolute;top:1%"}]
04-25 23:40:52.094 E/GeckoConsole(  937): [JavaScript Warning: "Unknown property 'box-sizing'.  Declaration dropped." {file: "app://{f0a02276-c154-4238-a6c9-ce773af3a9b2}/index.html" line: 0 column: 111 source: "padding:0;margin:0;border:0;display:block;-webkit-box-sizing:content-box;-moz-box-sizing:content-box;box-sizing:content-box"}]
04-25 23:40:52.094 E/GeckoConsole(  937): [JavaScript Warning: "Unknown property 'box-sizing'.  Declaration dropped." {file: "app://{f0a02276-c154-4238-a6c9-ce773af3a9b2}/index.html" line: 0 column: 111 source: "padding:0;margin:0;border:0;display:block;-webkit-box-sizing:content-box;-moz-box-sizing:content-box;box-sizing:content-box"}]
04-25 23:40:52.444 I/Gecko   (   83): [Parent 83] WARNING: waitpid failed pid:927 errno:10: file ../../../gecko/ipc/chromium/src/base/process_util_posix.cc, line 254
04-25 23:40:52.444 I/Gecko   (   83): [Parent 83] WARNING: Failed to deliver SIGKILL to 927!(3).: file ../../../gecko/ipc/chromium/src/chrome/common/process_watcher_posix_sigchld.cc, line 118
04-25 23:40:53.154 V/AudioPolicyManagerBase(   88): getDeviceForStrategy() from cache strategy 0, device 2
04-25 23:40:53.154 V/AudioPolicyManagerBase(   88): getOutput() stream 3, samplingRate 0, format 0, channels 3, flags 0
04-25 23:40:53.174 W/AudioFlinger(   88): Thread AudioOut_1 cannot connect to the power manager service
04-25 23:40:54.594 I/Gecko   (  937): Attempting load of libEGL.so
04-25 23:40:54.654 D/libEGL  (  937): loaded /system/lib/egl/libEGL_mali.so
04-25 23:40:54.704 D/libEGL  (  937): loaded /system/lib/egl/libGLESv1_CM_mali.so
04-25 23:40:54.724 D/libEGL  (  937): loaded /system/lib/egl/libGLESv2_mali.so
04-25 23:40:54.764 I/Gecko   (  937): SharedSurface_Gralloc::Create -------
04-25 23:40:54.794 I/Gecko   (  937): SharedSurface_Gralloc::Create: success -- surface 0x44693600, GraphicBuffer 0x44647100.
04-25 23:40:55.494 I/Gecko   (  937): SharedSurface_Gralloc::Create -------
04-25 23:40:55.494 I/Gecko   (  937): SharedSurface_Gralloc::Create: success -- surface 0x432f0600, GraphicBuffer 0x44827100.
04-25 23:40:55.634 I/Gecko   (  937): [SharedSurface_Gralloc 0x432f0600] destroyed
04-25 23:40:55.724 I/Gecko   (  937): SharedSurface_Gralloc::Create -------
04-25 23:40:55.734 I/Gecko   (  937): SharedSurface_Gralloc::Create: success -- surface 0x432f0800, GraphicBuffer 0x43578c80.
04-25 23:40:56.434 I/Gecko   (  937): SharedSurface_Gralloc::Create -------
04-25 23:40:56.494 I/Gecko   (  937): SharedSurface_Gralloc::Create: success -- surface 0x441db580, GraphicBuffer 0x4305a780.
04-25 23:40:56.504 W/WifiHW  (   83): wifi_command: SIGNAL_POLL
04-25 23:40:56.694 I/Gonk    (   83): Setting nice for pid 987 to 18
04-25 23:40:56.694 I/Gonk    (   83): Changed nice for pid 987 from 18 to 18.
04-25 23:40:56.704 I/Gecko   (   83): [Parent 83] WARNING: waitpid failed pid:987 errno:10: file ../../../gecko/ipc/chromium/src/base/process_util_posix.cc, line 254
04-25 23:40:56.704 I/Gonk    (   83): Setting nice for pid 987 to 1
04-25 23:40:56.704 I/Gonk    (   83): Changed nice for pid 987 from 18 to 1.
04-25 23:40:56.714 I/Gonk    (   83): Setting nice for pid 987 to 18
04-25 23:40:56.714 I/Gonk    (   83): Changed nice for pid 987 from 1 to 18.
04-25 23:40:57.104 E/[Gralloc-ERROR](   83): int gralloc_unregister_buffer(const gralloc_module_t*, const native_handle_t*):274 Trying to unregister buffer 0x45efbd30 from process 83 that was not created in current process: 83
04-25 23:40:57.114 E/GeckoConsole(   83): Content JS LOG at dummy file:326 in GaiaApps.launch/appOpen/<: app with origin 'app://{f0a02276-c154-4238-a6c9-ce773af3a9b2}' has launched
04-25 23:40:57.114 I/Gecko   (   83): 1398494457122	Marionette	INFO	sendToClient: {"from":"0","value":{"frame":{"ELEMENT":"{aee40f47-27b6-43d2-b688-e963ca09256d}"},"src":"app://{f0a02276-c154-4238-a6c9-ce773af3a9b2}/index.html","name":"Fishing Cat","origin":"app://{f0a02276-c154-4238-a6c9-ce773af3a9b2}"}}, {98165800-5ade-4374-9839-2d3018055abb}, {98165800-5ade-4374-9839-2d3018055abb}
04-25 23:40:57.164 E/[Gralloc-ERROR](   83): int gralloc_unregister_buffer(const gralloc_module_t*, const native_handle_t*):274 Trying to unregister buffer 0x45efbe70 from process 83 that was not created in current process: 83
04-25 23:40:57.204 I/Gecko   (   83): 1398494457215	Marionette	DEBUG	Got request: switchToFrame, data: {"to":"0","sessionId":"3-b2g","name":"switchToFrame","parameters":{"focus":true,"element":"{aee40f47-27b6-43d2-b688-e963ca09256d}"}}, id: {c2ccd8c1-26b7-4cf6-90f6-84f724300225}
04-25 23:40:57.224 I/Gecko   (   83): 1398494457227	Marionette	INFO	Switched to frame: {"frameValue":"{aee40f47-27b6-43d2-b688-e963ca09256d}"}
04-25 23:40:57.224 I/Gecko   (   83): 1398494457229	Marionette	INFO	trying remote frame 0
04-25 23:40:57.224 I/Gecko   (   83): 1398494457230	Marionette	INFO	deleting frame
04-25 23:40:57.234 I/Gecko   (   83): 1398494457238	Marionette	INFO	frame-manager load script: [object ChromeMessageSender]
04-25 23:40:57.704 I/Gecko   (   83): 1398494457715	Marionette	INFO	sendToClient: {"from":"0","ok":true}, {c2ccd8c1-26b7-4cf6-90f6-84f724300225}, {c2ccd8c1-26b7-4cf6-90f6-84f724300225}
04-25 23:40:57.804 I/Gecko   (   83): 1398494457807	Marionette	INFO	sendToClient: {"from":"0","value":"app://{f0a02276-c154-4238-a6c9-ce773af3a9b2}/index.html"}, {69981774-2336-4dea-a4f9-39c8cc4fc213}, {69981774-2336-4dea-a4f9-39c8cc4fc213}
04-25 23:40:57.804 I/Gecko   (   83): 1398494457815	Marionette	DEBUG	Got request: execute, data: {"to":"0","sessionId":"3-b2g","name":"executeScript","parameters":{"specialPowers":false,"scriptTimeout":null,"newSandbox":true,"args":[],"filename":"app_checker.py","script":"return window.document.readyState;","line":191}}, id: {26461c74-ccc9-437a-b506-4e9ce0ba12fa}
04-25 23:40:57.894 I/Gecko   (   83): 1398494457896	Marionette	INFO	sendToClient: {"from":"0","value":"complete"}, {26461c74-ccc9-437a-b506-4e9ce0ba12fa}, {26461c74-ccc9-437a-b506-4e9ce0ba12fa}
04-25 23:40:57.904 I/Gecko   (   83): 1398494457909	Marionette	INFO	sendToClient: {"from":"0","value":"app://{f0a02276-c154-4238-a6c9-ce773af3a9b2}/index.html"}, {4d2e3898-0399-4061-a574-f67d6c36db0f}, {4d2e3898-0399-4061-a574-f67d6c36db0f}
04-25 23:40:57.984 I/Gecko   (  937): SharedSurface_Gralloc::Create -------
04-25 23:40:58.014 I/Gecko   (  937): SharedSurface_Gralloc::Create: success -- surface 0x451217c0, GraphicBuffer 0x44647e00.
04-25 23:40:58.754 I/Gecko   (   83): 
04-25 23:40:58.754 I/Gecko   (   83): ###!!! [Parent][MessageChannel] Error: Channel error: cannot send/recv
04-25 23:40:58.754 I/Gecko   (   83): 
04-25 23:40:58.884 I/Gecko   (   83): [Parent 83] WARNING: waitpid failed pid:987 errno:10: file ../../../gecko/ipc/chromium/src/base/process_util_posix.cc, line 254
04-25 23:40:59.504 I/Gecko   (   83): 1398494459505	Marionette	INFO	sendToClient: {"from":"0","value":"iVBORw0KGgoAAAANSUhEUgAAAUAAAAHgCAYAAADUjLREAAAgAElEQVR4nOx9PW/bytZufkNat26NvZvjYjdSk8JpEhhIExdJ4TQBjKSJizRSE+A6xUmOD/IWcREXcnEN8yRvkTHgZqYxoFGxpT2CdqEpyIIsQkSmUsQHuM26xeIMhxQpkRL14STFgj0mRVKU+ehZz/q6ZV00wLpogPQEfP3ugvQE0BYD1ubA/mwCa3PgLbQmb4Jo8cgumyAvuWFNcC85uExZ0/h9zLpDwO1Z4PbOwp9WsXVf2Znxe7i2LcNS1o5lWGLtnYHrWTAI7at3pn8f+BZ8/XIGA9/ShusGWtCAr1f4cxA0wPUtcL+c4U9lKWvpWSBsAnIol2cOB9mh4A4luDYB1w5/T5pN4vf7SqTvN86Sn5f63ck4ZxFzaPbx9f8HyX79lQT38wG4H+to/6lHvy95zY9rUKvtzd0OX++txPudZt007pF1Woej9zU4eL0PtdoeHLzeg6MPNbhlXTSAUAsG310YfHeB90PwM0wBoLIIAHkCADkCYAwEc1ibJoCtoPXHmD3BnDHmWTEAjJmfZREAxsAvp0nHAuHQ5QJgm4DrcXADgffQYznAy5oOpLI+tzIA0GPj/zf61ngA7JD4A7ZCdvR6/uBXq+1Bvba39Pc6rfGTyV8St1j4Ta8AkLXp4gHwkoPb+QWAEQCy5YGfLxAATQDxeT7wCmZlgCYAZoDuogAwSLC/FbI8D3aZJk9rS3/PU31JvNnX7+Hg1R5Yb/eBvq8BP64Bfb8Pjbf7cEsB3+C7C/wvBqzN8oFfi0O3LABUbvDfCWDLu/6RANAzGOC3BDjNYS08gay/Q4H9zYC3Cch+CD798ziz+2YChEgBwG4cRL7Jyeusz81j+V4/bu3zyQDYJ+mv760u+7Pe7i8UAMXJzQNAcVqLgV/WfrcG311wfYHMj0fgx9
04-25 23:40:59.684 I/Gecko   (   83): 1398494459691	Marionette	INFO	sendToClient: {"from":"0","ok":true}, {537adc61-6fd5-4182-ae77-1814b3b6810a}, {537adc61-6fd5-4182-ae77-1814b3b6810a}
04-25 23:40:59.704 I/Gecko   (   83): 1398494459706	Marionette	DEBUG	Got request: switchToFrame, data: {"to":"0","sessionId":"3-b2g","name":"switchToFrame","parameters":{"id":null,"focus":true}}, id: {09172371-aff4-40a5-99d3-cfda79dba43a}
04-25 23:40:59.714 I/Gecko   (   83): 1398494459725	Marionette	INFO	Switched to frame: {"frameValue":null}
04-25 23:40:59.824 I/Gecko   (   83): 1398494459830	Marionette	INFO	sendToClient: {"from":"0","ok":true}, {09172371-aff4-40a5-99d3-cfda79dba43a}, {09172371-aff4-40a5-99d3-cfda79dba43a}
04-25 23:40:59.834 I/Gecko   (   83): 1398494459838	Marionette	DEBUG	Got request: executeWithCallback, data: {"to":"0","sessionId":"3-b2g","name":"executeAsyncScript","parameters":{"specialPowers":false,"scriptTimeout":null,"newSandbox":true,"args":[],"filename":"gaia_test.py","script":"return GaiaApps.displayedApp();","line":66}}, id: {f63fe3cb-7193-474d-975f-4a344a85aee7}
04-25 23:40:59.894 I/Gecko   (   83): 1398494459899	Marionette	INFO	sendToClient: {"from":"0","value":{"frame":{"ELEMENT":"{aee40f47-27b6-43d2-b688-e963ca09256d}"},"src":"app://{f0a02276-c154-4238-a6c9-ce773af3a9b2}/index.html","name":"Fishing Cat","origin":"app://{f0a02276-c154-4238-a6c9-ce773af3a9b2}"}}, {f63fe3cb-7193-474d-975f-4a344a85aee7}, {f63fe3cb-7193-474d-975f-4a344a85aee7}
04-25 23:40:59.904 E/GeckoConsole(   83): Content JS LOG at dummy file:392 in GaiaApps.displayedApp: app with origin 'app://{f0a02276-c154-4238-a6c9-ce773af3a9b2}' is displayed
04-25 23:40:59.904 I/Gecko   (   83): 1398494459914	Marionette	DEBUG	Got request: switchToFrame, data: {"to":"0","sessionId":"3-b2g","name":"switchToFrame","parameters":{"id":null,"focus":true}}, id: {3874b9ca-4d58-4801-9942-e7fdb5a27891}
04-25 23:40:59.914 I/Gecko   (   83): 1398494459916	Marionette	INFO	Switched to frame: {"frameValue":null}
04-25 23:41:00.014 I/Gecko   (   83): 1398494460019	Marionette	INFO	sendToClient: {"from":"0","ok":true}, {3874b9ca-4d58-4801-9942-e7fdb5a27891}, {3874b9ca-4d58-4801-9942-e7fdb5a27891}
04-25 23:41:00.014 I/Gecko   (   83): 1398494460026	Marionette	DEBUG	Got request: execute, data: {"to":"0","sessionId":"3-b2g","name":"executeScript","parameters":{"specialPowers":false,"scriptTimeout":null,"newSandbox":true,"args":[],"filename":"gaia_test.py","script":"window.wrappedJSObject.dispatchEvent(new Event('home'));","line":788}}, id: {0ab1a38b-8f1c-4a43-9ae8-f6e795de305c}
04-25 23:41:00.754 I/Gonk    (   83): Setting nice for pid 1013 to 18
04-25 23:41:00.754 I/Gonk    (   83): Changed nice for pid 1013 from 0 to 18.
04-25 23:41:00.774 I/Gecko   (   83): 1398494460778	Marionette	INFO	sendToClient: {"from":"0","value":null}, {0ab1a38b-8f1c-4a43-9ae8-f6e795de305c}, {0ab1a38b-8f1c-4a43-9ae8-f6e795de305c}
04-25 23:41:00.854 E/[Gralloc-ERROR](   83): int gralloc_register_buffer(const gralloc_module_t*, const native_handle_t*):79 Unable to register handle 0x45271150 coming from different process: 83
04-25 23:41:00.854 E/[Gralloc-ERROR](   83): int gralloc_register_buffer(const gralloc_module_t*, const native_handle_t*):79 Unable to register handle 0x45271330 coming from different process: 83
04-25 23:41:00.884 I/Gecko   (   83): [Parent 83] WARNING: waitpid failed pid:987 errno:10: file ../../../gecko/ipc/chromium/src/base/process_util_posix.cc, line 254
04-25 23:41:00.884 I/Gecko   (   83): [Parent 83] WARNING: Failed to deliver SIGKILL to 987!(3).: file ../../../gecko/ipc/chromium/src/chrome/common/process_watcher_posix_sigchld.cc, line 118
04-25 23:41:00.954 I/Gonk    (   83): Setting nice for pid 1013 to 18
04-25 23:41:00.954 I/Gonk    (   83): Changed nice for pid 1013 from 18 to 18.
04-25 23:41:00.954 I/Gecko   (   83): [Parent 83] WARNING: waitpid failed pid:1013 errno:10: file ../../../gecko/ipc/chromium/src/base/process_util_posix.cc, line 254
04-25 23:41:00.954 I/Gonk    (   83): Setting nice for pid 1013 to 1
04-25 23:41:00.964 I/Gonk    (   83): Changed nice for pid 1013 from 18 to 1.
04-25 23:41:01.124 I/Gecko   (   83): 1398494461134	Marionette	DEBUG	Got request: switchToFrame, data: {"to":"0","sessionId":"3-b2g","name":"switchToFrame","parameters":{"id":null,"focus":true}}, id: {8adc395e-823d-427f-bece-1eb601404560}
04-25 23:41:01.464 I/Gecko   (   83): 1398494461473	Marionette	INFO	Switched to frame: {"frameValue":null}
04-25 23:41:01.554 W/WifiHW  (   83): wifi_command: SIGNAL_POLL
04-25 23:41:01.674 E/[Gralloc-ERROR](   83): int gralloc_unregister_buffer(const gralloc_module_t*, const native_handle_t*):274 Trying to unregister buffer 0x45271330 from process 83 that was not created in current process: 83
04-25 23:41:01.674 E/[Gralloc-ERROR](   83): int gralloc_unregister_buffer(const gralloc_module_t*, const native_handle_t*):274 Trying to unregister buffer 0x45271150 from process 83 that was not created in current process: 83
04-25 23:41:01.754 I/Gecko   (   83): 1398494461764	Marionette	INFO	sendToClient: {"from":"0","ok":true}, {8adc395e-823d-427f-bece-1eb601404560}, {8adc395e-823d-427f-bece-1eb601404560}
04-25 23:41:01.944 I/Gonk    (   83): Setting nice for pid 1021 to 18
04-25 23:41:01.944 I/Gonk    (   83): Changed nice for pid 1021 from 0 to 18.
04-25 23:41:01.994 I/Gecko   (   83): 1398494462000	Marionette	DEBUG	Got request: executeWithCallback, data: {"to":"0","sessionId":"3-b2g","name":"executeAsyncScript","parameters":{"specialPowers":false,"scriptTimeout":null,"newSandbox":true,"args":[],"filename":"gaia_test.py","script":"return GaiaApps.displayedApp();","line":66}}, id: {892f4577-d938-4bd1-a271-3a7e10e28543}
04-25 23:41:02.014 I/Gonk    (   83): Setting nice for pid 937 to 7
04-25 23:41:02.014 I/Gonk    (   83): Changed nice for pid 937 from 1 to 7.
04-25 23:41:02.094 I/Gecko   (   83): 1398494462098	Marionette	INFO	sendToClient: {"from":"0","value":{"frame":{"ELEMENT":"{2480e687-152b-46b4-b238-f2a574828c85}"},"src":"app://homescreen.gaiamobile.org/index.html#root","name":"Homescreen","origin":"app://homescreen.gaiamobile.org"}}, {892f4577-d938-4bd1-a271-3a7e10e28543}, {892f4577-d938-4bd1-a271-3a7e10e28543}
04-25 23:41:02.094 E/GeckoConsole(   83): Content JS LOG at dummy file:392 in GaiaApps.displayedApp: app with origin 'app://homescreen.gaiamobile.org' is displayed
04-25 23:41:02.104 I/Gecko   (   83): 1398494462112	Marionette	DEBUG	Got request: switchToFrame, data: {"to":"0","sessionId":"3-b2g","name":"switchToFrame","parameters":{"id":null,"focus":true}}, id: {5d0fd075-c34a-48da-9ee4-8934d97cd803}
04-25 23:41:02.104 I/Gecko   (   83): 1398494462114	Marionette	INFO	Switched to frame: {"frameValue":null}
04-25 23:41:02.214 I/Gecko   (   83): 1398494462218	Marionette	INFO	sendToClient: {"from":"0","ok":true}, {5d0fd075-c34a-48da-9ee4-8934d97cd803}, {5d0fd075-c34a-48da-9ee4-8934d97cd803}
04-25 23:41:02.214 I/Gecko   (   83): 1398494462224	Marionette	DEBUG	Got request: switchToFrame, data: {"to":"0","sessionId":"3-b2g","name":"switchToFrame","parameters":{"id":null,"focus":true}}, id: {ea3bc2ee-dbcd-4fb7-a82d-28879e63fd56}
04-25 23:41:02.224 I/Gecko   (   83): 1398494462226	Marionette	INFO	Switched to frame: {"frameValue":null}
04-25 23:41:02.334 I/Gecko   (   83): 1398494462340	Marionette	INFO	sendToClient: {"from":"0","ok":true}, {ea3bc2ee-dbcd-4fb7-a82d-28879e63fd56}, {ea3bc2ee-dbcd-4fb7-a82d-28879e63fd56}
04-25 23:41:02.344 I/Gecko   (   83): 1398494462348	Marionette	DEBUG	Got request: executeWithCallback, data: {"to":"0","sessionId":"3-b2g","name":"executeAsyncScript","parameters":{"specialPowers":false,"scriptTimeout":null,"newSandbox":true,"args":[],"filename":"gaia_test.py","script":"return GaiaApps.displayedApp();","line":66}}, id: {a66a6748-963d-4a15-8074-5cceac13e06c}
04-25 23:41:02.414 I/Gecko   (   83): 1398494462422	Marionette	INFO	sendToClient: {"from":"0","value":{"frame":{"ELEMENT":"{2480e687-152b-46b4-b238-f2a574828c85}"},"src":"app://homescreen.gaiamobile.org/index.html#root","name":"Homescreen","origin":"app://homescreen.gaiamobile.org"}}, {a66a6748-963d-4a15-8074-5cceac13e06c}, {a66a6748-963d-4a15-8074-5cceac13e06c}
04-25 23:41:02.424 E/GeckoConsole(   83): Content JS LOG at dummy file:392 in GaiaApps.displayedApp: app with origin 'app://homescreen.gaiamobile.org' is displayed
04-25 23:41:02.454 I/Gecko   (   83): 1398494462463	Marionette	DEBUG	Got request: switchToFrame, data: {"to":"0","sessionId":"3-b2g","name":"switchToFrame","parameters":{"focus":true,"element":"{2480e687-152b-46b4-b238-f2a574828c85}"}}, id: {8cff4409-0a68-4689-92ae-f5cae4a5f0be}
04-25 23:41:02.474 I/Gecko   (   83): 1398494462479	Marionette	INFO	Switched to frame: {"frameValue":"{2480e687-152b-46b4-b238-f2a574828c85}"}
04-25 23:41:02.474 I/Gecko   (   83): 1398494462483	Marionette	INFO	trying remote frame 0
04-25 23:41:02.484 I/Gecko   (   83): 1398494462487	Marionette	INFO	deleting frame
04-25 23:41:02.484 I/Gecko   (   83): 1398494462493	Marionette	INFO	frame-manager load script: [object ChromeMessageSender]
04-25 23:41:02.594 I/Gecko   (   83): 
04-25 23:41:02.594 I/Gecko   (   83): ###!!! [Parent][MessageChannel] Error: Channel error: cannot send/recv
04-25 23:41:02.594 I/Gecko   (   83): 
04-25 23:41:02.634 D/Sensors (   83): activate handle=0; drv=0
04-25 23:41:02.634 D/Sensors (   83): Lis3dhSensor: Control set 0
04-25 23:41:02.634 D/Sensors (   83): Lis3dhSensor: mEnabled = 0
04-25 23:41:02.744 I/Gecko   (   83): [Parent 83] WARNING: waitpid failed pid:937 errno:10: file ../../../gecko/ipc/chromium/src/base/process_util_posix.cc, line 254
04-25 23:41:03.514 I/Gecko   ( 1013): ###################################### forms.js loaded
04-25 23:41:03.534 I/Gecko   ( 1013): ############################### browserElementPanning.js loaded
04-25 23:41:03.564 I/Gecko   ( 1013): ######################## BrowserElementChildPreload.js loaded
04-25 23:41:04.364 I/Gecko   (   83): 1398494464367	Marionette	INFO	sendToClient: {"from":"0","ok":true}, {8cff4409-0a68-4689-92ae-f5cae4a5f0be}, {8cff4409-0a68-4689-92ae-f5cae4a5f0be}
04-25 23:41:04.584 I/Gecko   (   83): 1398494464589	Marionette	INFO	sendToClient: {"from":"0","value":"app://homescreen.gaiamobile.org/index.html#root"}, {69096847-3430-41d9-b557-af03aade6d1c}, {69096847-3430-41d9-b557-af03aade6d1c}
04-25 23:41:04.584 I/Gecko   (   83): 1398494464595	Marionette	DEBUG	Got request: switchToFrame, data: {"to":"0","sessionId":"3-b2g","name":"switchToFrame","parameters":{"id":null,"focus":true}}, id: {9339f5a0-4050-4938-82dc-4219a6d65759}
04-25 23:41:04.604 I/Gecko   (   83): 1398494464612	Marionette	INFO	Switched to frame: {"frameValue":null}
04-25 23:41:04.714 I/Gecko   (   83): 1398494464717	Marionette	INFO	sendToClient: {"from":"0","ok":true}, {9339f5a0-4050-4938-82dc-4219a6d65759}, {9339f5a0-4050-4938-82dc-4219a6d65759}
04-25 23:41:04.714 I/Gecko   (   83): 1398494464723	Marionette	DEBUG	Got request: switchToFrame, data: {"to":"0","sessionId":"3-b2g","name":"switchToFrame","parameters":{"id":null,"focus":true}}, id: {7c2d477b-3059-4f36-90b7-f6f63276124f}
04-25 23:41:04.724 I/Gecko   (   83): 1398494464729	Marionette	INFO	Switched to frame: {"frameValue":null}
04-25 23:41:04.744 I/Gecko   (   83): [Parent 83] WARNING: waitpid failed pid:937 errno:10: file ../../../gecko/ipc/chromium/src/base/process_util_posix.cc, line 254
04-25 23:41:04.744 I/Gecko   (   83): [Parent 83] WARNING: Failed to deliver SIGKILL to 937!(3).: file ../../../gecko/ipc/chromium/src/chrome/common/process_watcher_posix_sigchld.cc, line 118
04-25 23:41:04.834 I/Gecko   (   83): 1398494464838	Marionette	INFO	sendToClient: {"from":"0","ok":true}, {7c2d477b-3059-4f36-90b7-f6f63276124f}, {7c2d477b-3059-4f36-90b7-f6f63276124f}
04-25 23:41:04.834 I/Gecko   (   83): 1398494464845	Marionette	DEBUG	Got request: executeWithCallback, data: {"to":"0","sessionId":"3-b2g","name":"executeAsyncScript","parameters":{"specialPowers":false,"scriptTimeout":null,"newSandbox":true,"args":[],"filename":"gaia_test.py","script":"GaiaApps.killAll()","line":91}}, id: {8dee5b58-df97-44d0-ac6b-597fc796d824}
04-25 23:41:04.894 I/Gecko   (   83): 1398494464900	Marionette	INFO	sendToClient: {"from":"0","value":true}, {8dee5b58-df97-44d0-ac6b-597fc796d824}, {8dee5b58-df97-44d0-ac6b-597fc796d824}
04-25 23:41:04.894 I/Gecko   (   83): 1398494464906	Marionette	DEBUG	Got request: switchToFrame, data: {"to":"0","sessionId":"3-b2g","name":"switchToFrame","parameters":{"id":null,"focus":true}}, id: {6239a0c9-cc4e-42db-8ee8-763739d86f7d}
04-25 23:41:04.904 I/Gecko   (   83): 1398494464908	Marionette	INFO	Switched to frame: {"frameValue":null}
04-25 23:41:05.004 I/Gecko   (   83): 1398494465015	Marionette	INFO	sendToClient: {"from":"0","ok":true}, {6239a0c9-cc4e-42db-8ee8-763739d86f7d}, {6239a0c9-cc4e-42db-8ee8-763739d86f7d}
04-25 23:41:05.014 I/Gecko   (   83): 1398494465021	Marionette	DEBUG	Got request: executeWithCallback, data: {"to":"0","sessionId":"3-b2g","name":"executeAsyncScript","parameters":{"specialPowers":false,"scriptTimeout":60000,"newSandbox":true,"args":[],"filename":"app_checker.py","script":"\n        GaiaApps.locateWithManifestURL('https://marketplace.firefox.com/app/602474fc-3f7d-43e3-998b-be0a26f1f090/manifest.webapp',\n                                       null,\n                                       function uninstall(app) {\n                                       navigator.mozApps.mgmt.uninstall(app);\n                                       marionetteScriptFinished(true);\n                                       });\n        ","line":129}}, id: {f922135d-5127-45d6-a85f-f365c566a051}
04-25 23:41:05.064 I/Gecko   (   83): -- webapps.js uninstall https://marketplace.firefox.com/app/602474fc-3f7d-43e3-998b-be0a26f1f090/manifest.webapp
04-25 23:41:05.284 I/Gecko   (   83): 1398494465292	Marionette	INFO	sendToClient: {"from":"0","value":true}, {f922135d-5127-45d6-a85f-f365c566a051}, {f922135d-5127-45d6-a85f-f365c566a051}