--------- beginning of /dev/log/main
04-26 07:31:19.495 I/Gecko   (   83): 1398522679508	Marionette	INFO	sendToClient: {"from":"0","ok":true}, {54eac424-91fe-4dd1-bbd5-5df9b64e6058}, {54eac424-91fe-4dd1-bbd5-5df9b64e6058}
04-26 07:31:19.515 I/Gecko   (   83): 1398522679533	Marionette	DEBUG	Got request: switchToFrame, data: {"to":"0","sessionId":"3-b2g","name":"switchToFrame","parameters":{"id":null,"focus":true}}, id: {29de5eb8-9568-4f53-ac57-7a38bef5bff5}
04-26 07:31:19.525 I/Gecko   (   83): 1398522679535	Marionette	INFO	Switched to frame: {"frameValue":null}
04-26 07:31:19.635 I/Gecko   (   83): 1398522679646	Marionette	INFO	sendToClient: {"from":"0","ok":true}, {29de5eb8-9568-4f53-ac57-7a38bef5bff5}, {29de5eb8-9568-4f53-ac57-7a38bef5bff5}
04-26 07:31:19.645 I/Gecko   (   83): 1398522679663	Marionette	DEBUG	Got request: executeWithCallback, data: {"to":"0","sessionId":"3-b2g","name":"executeAsyncScript","parameters":{"specialPowers":false,"scriptTimeout":null,"newSandbox":true,"args":[],"filename":"gaia_test.py","script":"return GaiaApps.displayedApp();","line":66}}, id: {013b441d-2610-40c9-a0de-1190078d5d07}
04-26 07:31:19.735 E/GeckoConsole(   83): Content JS LOG at dummy file:392 in GaiaApps.displayedApp: app with origin 'app://homescreen.gaiamobile.org' is displayed
04-26 07:31:19.735 I/Gecko   (   83): 1398522679753	Marionette	INFO	sendToClient: {"from":"0","value":{"frame":{"ELEMENT":"{89a689dc-d254-49c7-a214-9a11d98f64b3}"},"src":"app://homescreen.gaiamobile.org/index.html#root","name":"Homescreen","origin":"app://homescreen.gaiamobile.org"}}, {013b441d-2610-40c9-a0de-1190078d5d07}, {013b441d-2610-40c9-a0de-1190078d5d07}
04-26 07:31:19.745 I/Gecko   (   83): 1398522679761	Marionette	DEBUG	Got request: switchToFrame, data: {"to":"0","sessionId":"3-b2g","name":"switchToFrame","parameters":{"id":null,"focus":true}}, id: {cdc1da56-0ee6-42fa-88b2-cb6e1ecd6581}
04-26 07:31:19.745 I/Gecko   (   83): 1398522679763	Marionette	INFO	Switched to frame: {"frameValue":null}
04-26 07:31:19.855 I/Gecko   (   83): 1398522679867	Marionette	INFO	sendToClient: {"from":"0","ok":true}, {cdc1da56-0ee6-42fa-88b2-cb6e1ecd6581}, {cdc1da56-0ee6-42fa-88b2-cb6e1ecd6581}
04-26 07:31:19.865 I/Gecko   (   83): 1398522679880	Marionette	DEBUG	Got request: switchToFrame, data: {"to":"0","sessionId":"3-b2g","name":"switchToFrame","parameters":{"id":null,"focus":true}}, id: {2f7496c4-4827-4859-814b-5a460c6ff750}
04-26 07:31:19.875 I/Gecko   (   83): 1398522679888	Marionette	INFO	Switched to frame: {"frameValue":null}
04-26 07:31:19.975 I/Gecko   (   83): 1398522679990	Marionette	INFO	sendToClient: {"from":"0","ok":true}, {2f7496c4-4827-4859-814b-5a460c6ff750}, {2f7496c4-4827-4859-814b-5a460c6ff750}
04-26 07:31:19.985 I/Gecko   (   83): 1398522679997	Marionette	DEBUG	Got request: executeWithCallback, data: {"to":"0","sessionId":"3-b2g","name":"executeAsyncScript","parameters":{"specialPowers":false,"scriptTimeout":null,"newSandbox":true,"args":[],"filename":"gaia_test.py","script":"return GaiaApps.displayedApp();","line":66}}, id: {39b5c3e2-bf28-4227-b4c1-f3fb8833580f}
04-26 07:31:20.045 E/GeckoConsole(   83): Content JS LOG at dummy file:392 in GaiaApps.displayedApp: app with origin 'app://homescreen.gaiamobile.org' is displayed
04-26 07:31:20.055 I/Gecko   (   83): 1398522680066	Marionette	INFO	sendToClient: {"from":"0","value":{"frame":{"ELEMENT":"{89a689dc-d254-49c7-a214-9a11d98f64b3}"},"src":"app://homescreen.gaiamobile.org/index.html#root","name":"Homescreen","origin":"app://homescreen.gaiamobile.org"}}, {39b5c3e2-bf28-4227-b4c1-f3fb8833580f}, {39b5c3e2-bf28-4227-b4c1-f3fb8833580f}
04-26 07:31:20.085 I/Gecko   (   83): 1398522680103	Marionette	DEBUG	Got request: switchToFrame, data: {"to":"0","sessionId":"3-b2g","name":"switchToFrame","parameters":{"focus":true,"element":"{89a689dc-d254-49c7-a214-9a11d98f64b3}"}}, id: {b74af666-f8c5-4beb-8814-cc6a8bfaa22f}
04-26 07:31:20.115 I/Gecko   (   83): 1398522680130	Marionette	INFO	Switched to frame: {"frameValue":"{89a689dc-d254-49c7-a214-9a11d98f64b3}"}
04-26 07:31:20.205 I/Gecko   (   83): 1398522680218	Marionette	INFO	trying remote frame 0
04-26 07:31:20.205 I/Gecko   (   83): 1398522680224	Marionette	INFO	trying remote frame 1
04-26 07:31:20.215 I/Gecko   (   83): 1398522680230	Marionette	INFO	deleting frame
04-26 07:31:20.225 I/Gecko   (   83): 1398522680240	Marionette	INFO	frame-manager load script: [object ChromeMessageSender]
04-26 07:31:20.585 I/Gecko   (   83): 1398522680598	Marionette	INFO	sendToClient: {"from":"0","ok":true}, {b74af666-f8c5-4beb-8814-cc6a8bfaa22f}, {b74af666-f8c5-4beb-8814-cc6a8bfaa22f}
04-26 07:31:20.715 I/Gecko   (   83): 1398522680725	Marionette	INFO	sendToClient: {"from":"0","value":{"ELEMENT":"{6dbbe6d9-d075-4be4-945b-4b2e253b4c87}"}}, {ef0151c5-7fd8-4110-a291-b73caef26ee0}, {ef0151c5-7fd8-4110-a291-b73caef26ee0}
04-26 07:31:20.965 E/GeckoConsole( 2240): [JavaScript Warning: "Use of getAttributeNode() is deprecated. Use getAttribute() instead." {file: "chrome://marionette/content/atoms.js" line: 25}]
04-26 07:31:20.965 E/GeckoConsole( 2240): [JavaScript Warning: "Use of attributes' specified attribute is deprecated. It always returns true." {file: "chrome://marionette/content/atoms.js" line: 25}]
04-26 07:31:20.975 I/Gecko   (   83): 1398522680985	Marionette	INFO	sendToClient: {"from":"0","value":"normal"}, {9cb9e520-918e-40af-ae4d-e135e5f8f23e}, {9cb9e520-918e-40af-ae4d-e135e5f8f23e}
04-26 07:31:20.975 I/Gecko   (   83): 1398522680991	Marionette	DEBUG	Got request: switchToFrame, data: {"to":"0","sessionId":"3-b2g","name":"switchToFrame","parameters":{"id":null,"focus":true}}, id: {ae603bbd-5bb6-4f2c-91e7-246df1fb3228}
04-26 07:31:20.995 I/Gecko   (   83): 1398522681008	Marionette	INFO	Switched to frame: {"frameValue":null}
04-26 07:31:21.095 I/Gecko   (   83): 1398522681111	Marionette	INFO	sendToClient: {"from":"0","ok":true}, {ae603bbd-5bb6-4f2c-91e7-246df1fb3228}, {ae603bbd-5bb6-4f2c-91e7-246df1fb3228}
04-26 07:31:21.105 I/Gecko   (   83): 1398522681118	Marionette	DEBUG	Got request: execute, data: {"to":"0","sessionId":"3-b2g","name":"executeScript","parameters":{"specialPowers":false,"scriptTimeout":null,"newSandbox":true,"args":[],"filename":"gaia_test.py","script":"window.wrappedJSObject.dispatchEvent(new Event('home'));","line":788}}, id: {84d3628a-3950-4b2b-bd62-9b2a90954ffa}
04-26 07:31:21.185 I/Gecko   (   83): 1398522681198	Marionette	INFO	sendToClient: {"from":"0","value":null}, {84d3628a-3950-4b2b-bd62-9b2a90954ffa}, {84d3628a-3950-4b2b-bd62-9b2a90954ffa}
04-26 07:31:21.195 I/Gecko   (   83): 1398522681205	Marionette	DEBUG	Got request: switchToFrame, data: {"to":"0","sessionId":"3-b2g","name":"switchToFrame","parameters":{"id":null,"focus":true}}, id: {1b399fce-197a-475d-9c5d-30c83b5d1a27}
04-26 07:31:21.195 I/Gecko   (   83): 1398522681207	Marionette	INFO	Switched to frame: {"frameValue":null}
04-26 07:31:21.295 I/Gecko   (   83): 1398522681310	Marionette	INFO	sendToClient: {"from":"0","ok":true}, {1b399fce-197a-475d-9c5d-30c83b5d1a27}, {1b399fce-197a-475d-9c5d-30c83b5d1a27}
04-26 07:31:21.305 I/Gecko   (   83): 1398522681316	Marionette	DEBUG	Got request: switchToFrame, data: {"to":"0","sessionId":"3-b2g","name":"switchToFrame","parameters":{"id":null,"focus":true}}, id: {8e25b40c-c88f-4f68-8061-14bfd23dd98c}
04-26 07:31:21.305 I/Gecko   (   83): 1398522681318	Marionette	INFO	Switched to frame: {"frameValue":null}
04-26 07:31:21.415 I/Gecko   (   83): 1398522681428	Marionette	INFO	sendToClient: {"from":"0","ok":true}, {8e25b40c-c88f-4f68-8061-14bfd23dd98c}, {8e25b40c-c88f-4f68-8061-14bfd23dd98c}
04-26 07:31:21.415 I/Gecko   (   83): 1398522681434	Marionette	DEBUG	Got request: executeWithCallback, data: {"to":"0","sessionId":"3-b2g","name":"executeAsyncScript","parameters":{"specialPowers":false,"scriptTimeout":null,"newSandbox":true,"args":[],"filename":"gaia_test.py","script":"return GaiaApps.displayedApp();","line":66}}, id: {6ff6e2eb-351c-4708-837d-8fa7214fc382}
04-26 07:31:21.495 I/Gecko   (   83): 1398522681506	Marionette	INFO	sendToClient: {"from":"0","value":{"frame":{"ELEMENT":"{89a689dc-d254-49c7-a214-9a11d98f64b3}"},"src":"app://homescreen.gaiamobile.org/index.html#rootSat%20Apr%2026%202014%2007:31:21%20GMT-0700%20(UTC)","name":"Homescreen","origin":"app://homescreen.gaiamobile.org"}}, {6ff6e2eb-351c-4708-837d-8fa7214fc382}, {6ff6e2eb-351c-4708-837d-8fa7214fc382}
04-26 07:31:21.495 E/GeckoConsole(   83): Content JS LOG at dummy file:392 in GaiaApps.displayedApp: app with origin 'app://homescreen.gaiamobile.org' is displayed
04-26 07:31:21.505 I/Gecko   (   83): 1398522681520	Marionette	DEBUG	Got request: switchToFrame, data: {"to":"0","sessionId":"3-b2g","name":"switchToFrame","parameters":{"focus":true,"element":"{89a689dc-d254-49c7-a214-9a11d98f64b3}"}}, id: {66776f58-d2e9-455b-86d2-a8b909b22a29}
04-26 07:31:21.515 I/Gecko   (   83): 1398522681527	Marionette	INFO	Switched to frame: {"frameValue":"{89a689dc-d254-49c7-a214-9a11d98f64b3}"}
04-26 07:31:21.525 I/Gecko   (   83): 1398522681538	Marionette	INFO	trying remote frame 0
04-26 07:31:21.525 I/Gecko   (   83): 1398522681540	Marionette	INFO	trying remote frame 1
04-26 07:31:21.685 I/Gecko   (   83): 1398522681703	Marionette	INFO	sendToClient: {"from":"0","ok":true}, {66776f58-d2e9-455b-86d2-a8b909b22a29}, {66776f58-d2e9-455b-86d2-a8b909b22a29}
04-26 07:31:21.705 I/Gecko   (   83): 1398522681715	Marionette	DEBUG	Got request: execute, data: {"to":"0","sessionId":"3-b2g","name":"executeScript","parameters":{"specialPowers":false,"scriptTimeout":null,"newSandbox":true,"args":[],"filename":"gaia_test.py","script":"return window.wrappedJSObject.GridManager.pageHelper.getCurrentPageNumber();","line":784}}, id: {a6aa5f87-6dd1-4ea8-b1b5-850ab6529a35}
04-26 07:31:22.745 I/Gecko   (   83): 1398522682759	Marionette	INFO	sendToClient: {"from":"0","value":0}, {a6aa5f87-6dd1-4ea8-b1b5-850ab6529a35}, {a6aa5f87-6dd1-4ea8-b1b5-850ab6529a35}
04-26 07:31:22.805 E/GeckoConsole( 2240): Content JS WARN at app://homescreen.gaiamobile.org/gaia_build_defer_index.js:184 in isHiddenApp: Unexpected role when checking hidden app: undefined
04-26 07:31:22.815 E/GeckoConsole( 2240): Content JS WARN at app://homescreen.gaiamobile.org/gaia_build_defer_index.js:184 in isHiddenApp: Unexpected role when checking hidden app: undefined
04-26 07:31:22.815 E/GeckoConsole( 2240): Content JS WARN at app://homescreen.gaiamobile.org/gaia_build_defer_index.js:184 in isHiddenApp: Unexpected role when checking hidden app: undefined
04-26 07:31:22.815 E/GeckoConsole( 2240): Content JS WARN at app://homescreen.gaiamobile.org/gaia_build_defer_index.js:184 in isHiddenApp: Unexpected role when checking hidden app: undefined
04-26 07:31:22.815 E/GeckoConsole( 2240): Content JS WARN at app://homescreen.gaiamobile.org/gaia_build_defer_index.js:184 in isHiddenApp: Unexpected role when checking hidden app: undefined
04-26 07:31:22.815 E/GeckoConsole( 2240): Content JS WARN at app://homescreen.gaiamobile.org/gaia_build_defer_index.js:184 in isHiddenApp: Unexpected role when checking hidden app: undefined
04-26 07:31:22.815 E/GeckoConsole( 2240): Content JS WARN at app://homescreen.gaiamobile.org/gaia_build_defer_index.js:184 in isHiddenApp: Unexpected role when checking hidden app: undefined
04-26 07:31:22.815 E/GeckoConsole( 2240): Content JS WARN at app://homescreen.gaiamobile.org/gaia_build_defer_index.js:184 in isHiddenApp: Unexpected role when checking hidden app: undefined
04-26 07:31:22.815 E/GeckoConsole( 2240): Content JS WARN at app://homescreen.gaiamobile.org/gaia_build_defer_index.js:184 in isHiddenApp: Unexpected role when checking hidden app: undefined
04-26 07:31:22.815 E/GeckoConsole( 2240): Content JS WARN at app://homescreen.gaiamobile.org/gaia_build_defer_index.js:184 in isHiddenApp: Unexpected role when checking hidden app: undefined
04-26 07:31:22.815 E/GeckoConsole( 2240): Content JS WARN at app://homescreen.gaiamobile.org/gaia_build_defer_index.js:184 in isHiddenApp: Unexpected role when checking hidden app: undefined
04-26 07:31:22.815 E/GeckoConsole( 2240): Content JS WARN at app://homescreen.gaiamobile.org/gaia_build_defer_index.js:184 in isHiddenApp: Unexpected role when checking hidden app: undefined
04-26 07:31:22.815 E/GeckoConsole( 2240): Content JS WARN at app://homescreen.gaiamobile.org/gaia_build_defer_index.js:184 in isHiddenApp: Unexpected role when checking hidden app: undefined
04-26 07:31:22.825 E/GeckoConsole( 2240): Content JS WARN at app://homescreen.gaiamobile.org/gaia_build_defer_index.js:184 in isHiddenApp: Unexpected role when checking hidden app: undefined
04-26 07:31:22.825 E/GeckoConsole( 2240): Content JS WARN at app://homescreen.gaiamobile.org/gaia_build_defer_index.js:184 in isHiddenApp: Unexpected role when checking hidden app: undefined
04-26 07:31:22.825 E/GeckoConsole( 2240): Content JS WARN at app://homescreen.gaiamobile.org/gaia_build_defer_index.js:184 in isHiddenApp: Unexpected role when checking hidden app: undefined
04-26 07:31:22.825 E/GeckoConsole( 2240): Content JS WARN at app://homescreen.gaiamobile.org/gaia_build_defer_index.js:184 in isHiddenApp: Unexpected role when checking hidden app: undefined
04-26 07:31:22.825 E/GeckoConsole( 2240): Content JS WARN at app://homescreen.gaiamobile.org/gaia_build_defer_index.js:184 in isHiddenApp: Unexpected role when checking hidden app: undefined
04-26 07:31:22.835 E/GeckoConsole( 2240): Content JS WARN at app://homescreen.gaiamobile.org/gaia_build_defer_index.js:184 in isHiddenApp: Unexpected role when checking hidden app: undefined
04-26 07:31:22.835 E/GeckoConsole( 2240): Content JS WARN at app://homescreen.gaiamobile.org/gaia_build_defer_index.js:184 in isHiddenApp: Unexpected role when checking hidden app: undefined
04-26 07:31:22.835 E/GeckoConsole( 2240): Content JS WARN at app://homescreen.gaiamobile.org/gaia_build_defer_index.js:184 in isHiddenApp: Unexpected role when checking hidden app: undefined
04-26 07:31:22.835 E/GeckoConsole( 2240): Content JS WARN at app://homescreen.gaiamobile.org/gaia_build_defer_index.js:184 in isHiddenApp: Unexpected role when checking hidden app: undefined
04-26 07:31:23.105 I/Gecko   (   83): 1398522683117	Marionette	INFO	sendToClient: {"from":"0","value":["{8467ea59-826c-4c30-81e5-6864c89d2153}","{bf6e01b2-be8b-489a-a058-be578c829c5a}","{2e9e5646-eb26-42fc-8179-76e4926050fc}","{47a1e905-0c00-4678-911a-c34e67af71e1}","{3eec50e3-fca4-48bb-b265-4b04f583c1e7}","{f1f84dca-299a-4908-9b16-c738962cc7be}","{d2a653da-e642-4a93-88ef-16c5bb9bfcba}","{d507394f-a5c1-4aaf-9410-2a25633c1fcb}","{4433c5fc-0a2a-4418-b7de-4180f5904e85}","{016ba22a-8276-427b-a13d-8788fd11b084}","{ca7016bf-1e53-4fd5-b13a-7d7d8d2df4ec}","{96dc61c3-421e-4ba8-acbb-ef963cb0b1e3}","{0cd32aba-37db-4b14-9a26-1124b966797f}","{a3c78586-d6fb-4bde-bb21-fe8c781b3d3e}","{d4941e11-fbb6-408e-bfc8-c95fa6f2906e}","{7414f8b0-c9fb-44a0-98c3-60ce375a3c84}","{54ff4f89-4052-4b45-97b8-1375b9e2c60e}","{f749aa43-f0df-4e98-b339-55daad0348d4}","{a8f61c78-e67a-4394-ad6e-990efa091c78}","{6df410f9-ede0-494b-9875-ef150f9434d3}","{116c8191-a50b-4330-873a-1bbdd6836412}","{b19c314f-6ade-4d8f-9be7-2842a3f0255f}","{e7bc82b0-5ebf-4808-a56e-7e5b3749f3a2}","{47411c70-85df
04-26 07:31:23.185 I/Gecko   (   83): 1398522683196	Marionette	INFO	sendToClient: {"from":"0","value":"app://homescreen.gaiamobile.org/index.html#rootSat%20Apr%2026%202014%2007:31:21%20GMT-0700%20(UTC)"}, {e2b7f22b-51fb-4712-be66-0f2f981f260e}, {e2b7f22b-51fb-4712-be66-0f2f981f260e}
04-26 07:31:23.255 I/Gecko   (   83): 1398522683270	Marionette	DEBUG	Got request: switchToFrame, data: {"to":"0","sessionId":"3-b2g","name":"switchToFrame","parameters":{"id":null,"focus":true}}, id: {90f214e0-e877-4f07-8480-901f70fee1c5}
04-26 07:31:23.265 I/Gecko   (   83): 1398522683284	Marionette	INFO	Switched to frame: {"frameValue":null}
04-26 07:31:23.395 I/Gecko   (   83): 1398522683406	Marionette	INFO	sendToClient: {"from":"0","ok":true}, {90f214e0-e877-4f07-8480-901f70fee1c5}, {90f214e0-e877-4f07-8480-901f70fee1c5}
04-26 07:31:23.405 I/Gecko   (   83): 1398522683417	Marionette	DEBUG	Got request: switchToFrame, data: {"to":"0","sessionId":"3-b2g","name":"switchToFrame","parameters":{"id":null,"focus":true}}, id: {e3675104-c71f-4b1d-8b51-15d70512ccba}
04-26 07:31:23.405 I/Gecko   (   83): 1398522683419	Marionette	INFO	Switched to frame: {"frameValue":null}
04-26 07:31:23.505 I/Gecko   (   83): 1398522683522	Marionette	INFO	sendToClient: {"from":"0","ok":true}, {e3675104-c71f-4b1d-8b51-15d70512ccba}, {e3675104-c71f-4b1d-8b51-15d70512ccba}
04-26 07:31:23.525 I/Gecko   (   83): 1398522683543	Marionette	DEBUG	Got request: executeWithCallback, data: {"to":"0","sessionId":"3-b2g","name":"executeAsyncScript","parameters":{"specialPowers":false,"scriptTimeout":30000,"newSandbox":true,"args":[],"filename":"app_checker.py","script":"GaiaApps.launchWithManifestURL('https://marketplace.firefox.com/app/37978c08-cbe8-49bc-a93b-a0bba423ec5c/manifest.webapp')","line":106}}, id: {4d61fcfe-eb9f-45ef-9636-393277aa12b4}
04-26 07:31:23.655 I/Gonk    (   83): Setting nice for pid 2254 to 18
04-26 07:31:23.655 I/Gonk    (   83): Changed nice for pid 2254 from 18 to 18.
04-26 07:31:23.665 I/Gecko   (   83): [Parent 83] WARNING: waitpid failed pid:2254 errno:10: file ../../../gecko/ipc/chromium/src/base/process_util_posix.cc, line 254
04-26 07:31:23.695 I/Gonk    (   83): Setting nice for pid 2254 to 1
04-26 07:31:23.695 I/Gonk    (   83): Changed nice for pid 2254 from 18 to 1.
04-26 07:31:23.755 E/GeckoConsole(   83): Content JS LOG at dummy file:334 in GaiaApps.launch: launching app with name 'Flappy Bird'
04-26 07:31:24.045 E/[Gralloc-ERROR](   83): int gralloc_register_buffer(const gralloc_module_t*, const native_handle_t*):79 Unable to register handle 0x47e30100 coming from different process: 83
04-26 07:31:24.065 E/[Gralloc-ERROR](   83): int gralloc_register_buffer(const gralloc_module_t*, const native_handle_t*):79 Unable to register handle 0x47e301f0 coming from different process: 83
04-26 07:31:24.105 E/[Gralloc-ERROR](   83): int gralloc_register_buffer(const gralloc_module_t*, const native_handle_t*):79 Unable to register handle 0x47e302e0 coming from different process: 83
04-26 07:31:24.115 V/AudioPolicyManagerBase(   88): startOutput() output 1, stream 1, session 11
04-26 07:31:24.115 V/AudioPolicyManagerBase(   88): changeRefCount() stream 1, count 1
04-26 07:31:24.115 V/AudioPolicyManagerBase(   88): getDeviceForStrategy() from cache strategy 0, device 2
04-26 07:31:24.115 V/AudioPolicyManagerBase(   88): getNewDevice() selected device 2
04-26 07:31:24.115 D/AudioPolicyManagerBase(   88): setOutputDevice() output 1 device 2 delayMs 0
04-26 07:31:24.115 V/AudioPolicyManagerBase(   88): setOutputDevice() setting same device 2 or null device for output 1
04-26 07:31:24.115 E/AudioPolicyManagerBase(   88): checkAndSetVolume stream=1, index=0, output=1, device=2
04-26 07:31:24.115 E/AudioPolicyManagerBase(   88): computeVolume, streamDesc=0x7bcbb8
04-26 07:31:24.125 E/[Gralloc-ERROR](   83): int gralloc_register_buffer(const gralloc_module_t*, const native_handle_t*):79 Unable to register handle 0x47e303d0 coming from different process: 83
04-26 07:31:24.145 W/AudioFlinger(   88): Thread AudioOut_1 cannot connect to the power manager service
04-26 07:31:24.145 V/AudioPolicyManagerBase(   88): stopOutput() output 1, stream 1, session 11
04-26 07:31:24.145 V/AudioPolicyManagerBase(   88): changeRefCount() stream 1, count 0
04-26 07:31:24.145 V/AudioPolicyManagerBase(   88): getNewDevice() selected device 0
04-26 07:31:24.145 D/AudioPolicyManagerBase(   88): setOutputDevice() output 1 device 0 delayMs 290
04-26 07:31:24.145 V/AudioPolicyManagerBase(   88): setOutputDevice() setting same device 0 or null device for output 1
04-26 07:31:24.165 V/AudioPolicyManagerBase(   88): startOutput() output 1, stream 1, session 11
04-26 07:31:24.165 V/AudioPolicyManagerBase(   88): changeRefCount() stream 1, count 1
04-26 07:31:24.165 V/AudioPolicyManagerBase(   88): getDeviceForStrategy() from cache strategy 0, device 2
04-26 07:31:24.165 V/AudioPolicyManagerBase(   88): getNewDevice() selected device 2
04-26 07:31:24.165 D/AudioPolicyManagerBase(   88): setOutputDevice() output 1 device 2 delayMs 0
04-26 07:31:24.165 V/AudioPolicyManagerBase(   88): setOutputDevice() setting same device 2 or null device for output 1
04-26 07:31:24.165 E/AudioPolicyManagerBase(   88): checkAndSetVolume stream=1, index=0, output=1, device=2
04-26 07:31:24.165 E/AudioPolicyManagerBase(   88): computeVolume, streamDesc=0x7bcbb8
04-26 07:31:24.165 V/AudioPolicyManagerBase(   88): stopOutput() output 1, stream 1, session 11
04-26 07:31:24.165 V/AudioPolicyManagerBase(   88): changeRefCount() stream 1, count 0
04-26 07:31:24.165 V/AudioPolicyManagerBase(   88): getNewDevice() selected device 0
04-26 07:31:24.165 D/AudioPolicyManagerBase(   88): setOutputDevice() output 1 device 0 delayMs 290
04-26 07:31:24.165 V/AudioPolicyManagerBase(   88): setOutputDevice() setting same device 0 or null device for output 1
04-26 07:31:24.175 D/Sensors (   83): activate handle=0; drv=0
04-26 07:31:24.175 V/AudioPolicyManagerBase(   88): releaseOutput() 1
04-26 07:31:24.175 D/Sensors (   83): Lis3dhSensor: Control set 1
04-26 07:31:24.175 D/Sensors (   83): Lis3dhSensor: mEnabled = 1
04-26 07:31:24.245 W/WifiHW  (   83): wifi_command: SIGNAL_POLL
04-26 07:31:24.285 I/Gonk    (   83): Setting nice for pid 2240 to 18
04-26 07:31:24.285 I/Gonk    (   83): Changed nice for pid 2240 from 1 to 18.
04-26 07:31:25.005 I/Gonk    (   83): Setting nice for pid 2306 to 18
04-26 07:31:25.005 I/Gonk    (   83): Changed nice for pid 2306 from 0 to 18.
04-26 07:31:25.155 I/Gecko   ( 2254): ###################################### forms.js loaded
04-26 07:31:25.205 I/Gecko   ( 2254): ############################### browserElementPanning.js loaded
04-26 07:31:25.235 I/Gecko   ( 2254): ######################## BrowserElementChildPreload.js loaded
04-26 07:31:26.155 E/GeckoConsole( 2254): [JavaScript Warning: "Unknown property 'box-sizing'.  Declaration dropped." {file: "app://{2184283c-3da7-4790-a71b-96e3519a0d92}/css/main.css" line: 98 column: 13 source: "   box-sizing: border-box;"}]
04-26 07:31:26.155 E/GeckoConsole( 2254): [JavaScript Warning: "Unknown property 'user-select'.  Declaration dropped." {file: "app://{2184283c-3da7-4790-a71b-96e3519a0d92}/css/main.css" line: 107 column: 14 source: "   user-select: none;"}]
04-26 07:31:26.235 E/GeckoConsole( 2254): [JavaScript Warning: "SyntaxError: Using //@ to indicate sourceMappingURL pragmas is deprecated. Use //# instead" {file: "app://{2184283c-3da7-4790-a71b-96e3519a0d92}/js/jquery.min.js" line: 1}]
04-26 07:31:26.535 I/Gecko   (   83): 
04-26 07:31:26.535 I/Gecko   (   83): ###!!! [Parent][MessageChannel] Error: Channel error: cannot send/recv
04-26 07:31:26.535 I/Gecko   (   83): 
04-26 07:31:26.735 I/Gecko   (   83): [Parent 83] WARNING: waitpid failed pid:2240 errno:10: file ../../../gecko/ipc/chromium/src/base/process_util_posix.cc, line 254
04-26 07:31:27.085 E/GeckoConsole( 2254): [JavaScript Warning: "Unknown property 'box-sizing'.  Declaration dropped." {file: "app://{2184283c-3da7-4790-a71b-96e3519a0d92}/index.html" line: 0 column: 10 source: "box-sizing:border-box;-moz-box-sizing:border-box;-webkit-box-sizing:border-box;padding:1px;border:1px;display:block;width:4px;margin-top:1%;position:absolute;top:1%;"}]
04-26 07:31:27.085 E/GeckoConsole( 2254): [JavaScript Warning: "Unknown property 'box-sizing'.  Declaration dropped." {file: "app://{2184283c-3da7-4790-a71b-96e3519a0d92}/index.html" line: 0 column: 52 source: "padding:0;margin:0;border:0;display:block;box-sizing:content-box;-moz-box-sizing:content-box;-webkit-box-sizing:content-box;"}]
04-26 07:31:27.085 E/GeckoConsole( 2254): [JavaScript Warning: "Unknown property 'box-sizing'.  Declaration dropped." {file: "app://{2184283c-3da7-4790-a71b-96e3519a0d92}/index.html" line: 0 column: 52 source: "padding:0;margin:0;border:0;display:block;box-sizing:content-box;-moz-box-sizing:content-box;-webkit-box-sizing:content-box;"}]
04-26 07:31:27.865 I/Gonk    (   83): Setting nice for pid 2306 to 18
04-26 07:31:27.865 I/Gonk    (   83): Changed nice for pid 2306 from 18 to 18.
04-26 07:31:27.865 I/Gecko   (   83): [Parent 83] WARNING: waitpid failed pid:2306 errno:10: file ../../../gecko/ipc/chromium/src/base/process_util_posix.cc, line 254
04-26 07:31:27.875 I/Gonk    (   83): Setting nice for pid 2306 to 1
04-26 07:31:27.875 I/Gonk    (   83): Changed nice for pid 2306 from 18 to 1.
04-26 07:31:27.895 I/Gonk    (   83): Setting nice for pid 2306 to 18
04-26 07:31:27.895 I/Gonk    (   83): Changed nice for pid 2306 from 1 to 18.
04-26 07:31:28.295 W/AudioFlinger(   88): Thread AudioOut_1 cannot connect to the power manager service
04-26 07:31:28.305 V/AudioPolicyManagerBase(   88): getDeviceForStrategy() from cache strategy 0, device 2
04-26 07:31:28.315 V/AudioPolicyManagerBase(   88): getOutput() stream 1, samplingRate 0, format 0, channels 3, flags 0
04-26 07:31:28.315 V/AudioPolicyManagerBase(   88): startOutput() output 1, stream 1, session 12
04-26 07:31:28.315 V/AudioPolicyManagerBase(   88): changeRefCount() stream 1, count 1
04-26 07:31:28.315 V/AudioPolicyManagerBase(   88): getDeviceForStrategy() from cache strategy 0, device 2
04-26 07:31:28.315 V/AudioPolicyManagerBase(   88): getNewDevice() selected device 2
04-26 07:31:28.315 D/AudioPolicyManagerBase(   88): setOutputDevice() output 1 device 2 delayMs 0
04-26 07:31:28.315 V/AudioPolicyManagerBase(   88): setOutputDevice() setting same device 2 or null device for output 1
04-26 07:31:28.315 E/AudioPolicyManagerBase(   88): checkAndSetVolume stream=1, index=0, output=1, device=2
04-26 07:31:28.315 E/AudioPolicyManagerBase(   88): computeVolume, streamDesc=0x7bcbb8
04-26 07:31:28.355 V/AudioPolicyManagerBase(   88): stopOutput() output 1, stream 1, session 12
04-26 07:31:28.355 V/AudioPolicyManagerBase(   88): changeRefCount() stream 1, count 0
04-26 07:31:28.355 V/AudioPolicyManagerBase(   88): getNewDevice() selected device 0
04-26 07:31:28.355 D/AudioPolicyManagerBase(   88): setOutputDevice() output 1 device 0 delayMs 290
04-26 07:31:28.355 V/AudioPolicyManagerBase(   88): setOutputDevice() setting same device 0 or null device for output 1
04-26 07:31:28.365 V/AudioPolicyManagerBase(   88): startOutput() output 1, stream 1, session 12
04-26 07:31:28.365 V/AudioPolicyManagerBase(   88): changeRefCount() stream 1, count 1
04-26 07:31:28.365 V/AudioPolicyManagerBase(   88): getDeviceForStrategy() from cache strategy 0, device 2
04-26 07:31:28.365 V/AudioPolicyManagerBase(   88): getNewDevice() selected device 2
04-26 07:31:28.365 D/AudioPolicyManagerBase(   88): setOutputDevice() output 1 device 2 delayMs 0
04-26 07:31:28.365 V/AudioPolicyManagerBase(   88): setOutputDevice() setting same device 2 or null device for output 1
04-26 07:31:28.365 E/AudioPolicyManagerBase(   88): checkAndSetVolume stream=1, index=0, output=1, device=2
04-26 07:31:28.365 E/AudioPolicyManagerBase(   88): computeVolume, streamDesc=0x7bcbb8
04-26 07:31:28.365 V/AudioPolicyManagerBase(   88): stopOutput() output 1, stream 1, session 12
04-26 07:31:28.365 V/AudioPolicyManagerBase(   88): changeRefCount() stream 1, count 0
04-26 07:31:28.365 V/AudioPolicyManagerBase(   88): getNewDevice() selected device 0
04-26 07:31:28.365 D/AudioPolicyManagerBase(   88): setOutputDevice() output 1 device 0 delayMs 290
04-26 07:31:28.365 V/AudioPolicyManagerBase(   88): setOutputDevice() setting same device 0 or null device for output 1
04-26 07:31:28.415 V/AudioPolicyManagerBase(   88): startOutput() output 1, stream 1, session 12
04-26 07:31:28.415 V/AudioPolicyManagerBase(   88): changeRefCount() stream 1, count 1
04-26 07:31:28.415 V/AudioPolicyManagerBase(   88): getDeviceForStrategy() from cache strategy 0, device 2
04-26 07:31:28.415 V/AudioPolicyManagerBase(   88): getNewDevice() selected device 2
04-26 07:31:28.415 D/AudioPolicyManagerBase(   88): setOutputDevice() output 1 device 2 delayMs 0
04-26 07:31:28.415 V/AudioPolicyManagerBase(   88): setOutputDevice() setting same device 2 or null device for output 1
04-26 07:31:28.415 E/AudioPolicyManagerBase(   88): checkAndSetVolume stream=1, index=0, output=1, device=2
04-26 07:31:28.415 E/AudioPolicyManagerBase(   88): computeVolume, streamDesc=0x7bcbb8
04-26 07:31:28.425 I/audio_hw_primary(   88): select_devices_signal starting...
04-26 07:31:28.425 I/audio_hw_primary(   88): select_devices_signal finished.
04-26 07:31:28.425 W/audio_hw_primary(   88): open s_tinycard in
04-26 07:31:28.425 W/audio_hw_primary(   88): open s_tinycard successfully
04-26 07:31:28.425 I/audio_hw_primary(   88): Changing devices: 0x00000002
04-26 07:31:28.565 I/audio_hw_primary(   88): Set 'HeadPhone Function'.0 to 0
04-26 07:31:28.565 I/audio_hw_primary(   88): Set 'Earpiece Function'.0 to 0
04-26 07:31:28.565 I/audio_hw_primary(   88): Set 'Mic Function'.0 to 0
04-26 07:31:28.565 I/audio_hw_primary(   88): Set 'HP Mic Function'.0 to 0
04-26 07:31:28.565 I/audio_hw_primary(   88): Set 'Line Function'.0 to 0
04-26 07:31:28.565 I/audio_hw_primary(   88): Changing devices, mask: 0x00004002
04-26 07:31:28.565 I/audio_hw_primary(   88): Set 'Speaker Function'.0 to 1
04-26 07:31:28.565 W/audio_hw_primary(   88): GetAudio_pga_nv, dac_pga_gain_l:0xc3 adc_pga_gain_l:0xc fm_pga_gain_l:0xff fm_pga_gain_r:0xff device:0x2 vol_level:0x1 
04-26 07:31:28.565 D/audio_pga(   88): 'speaker-l' apply
04-26 07:31:28.565 I/audio_pga(   88): 'Master Playback Volume' set to 12
04-26 07:31:28.565 I/audio_pga(   88): 'Inter PA Playback Volume' set to 12
04-26 07:31:28.565 I/audio_pga(   88): 'VBC DACL DG Set' set to 0
04-26 07:31:28.565 I/audio_pga(   88): 'VBC DACL DG Switch' set to 0
04-26 07:31:28.575 D/audio_pga(   88): 'speaker-r' apply
04-26 07:31:28.575 I/audio_pga(   88): 'Master Playback Volume' set to 12
04-26 07:31:28.575 I/audio_pga(   88): 'Inter PA Playback Volume' set to 12
04-26 07:31:28.575 I/audio_pga(   88): 'VBC DACR DG Set' set to 0
04-26 07:31:28.575 I/audio_pga(   88): 'VBC DACR DG Switch' set to 0
04-26 07:31:28.575 W/audio_hw_primary(   88): SetAudio_gain_by_devices out, devices:0x2 
04-26 07:31:28.575 I/audio_hw_primary(   88): stream_routing_thread looping done.
04-26 07:31:28.575 I/audio_hw_primary(   88): stream_routing_thread looping now...
04-26 07:31:28.735 I/Gecko   (   83): [Parent 83] WARNING: waitpid failed pid:2240 errno:10: file ../../../gecko/ipc/chromium/src/base/process_util_posix.cc, line 254
04-26 07:31:28.735 I/Gecko   (   83): [Parent 83] WARNING: Failed to deliver SIGKILL to 2240!(3).: file ../../../gecko/ipc/chromium/src/chrome/common/process_watcher_posix_sigchld.cc, line 118
04-26 07:31:28.775 I/log     ( 2336): <4>0[ 810.204556] select 2306 ((Preallocated a), adj 8, size 3092, to kill 
04-26 07:31:28.885 E/GeckoConsole(   83): Content JS LOG at dummy file:326 in GaiaApps.launch/appOpen/<: app with origin 'app://{2184283c-3da7-4790-a71b-96e3519a0d92}' has launched
04-26 07:31:28.885 I/Gecko   (   83): 1398522688901	Marionette	INFO	sendToClient: {"from":"0","value":{"frame":{"ELEMENT":"{b673ae6c-033f-4826-b3a3-7ad2956118a6}"},"src":"app://{2184283c-3da7-4790-a71b-96e3519a0d92}/index.html","name":"Flappy Bird","origin":"app://{2184283c-3da7-4790-a71b-96e3519a0d92}"}}, {4d61fcfe-eb9f-45ef-9636-393277aa12b4}, {4d61fcfe-eb9f-45ef-9636-393277aa12b4}
04-26 07:31:28.895 E/[Gralloc-ERROR](   83): int gralloc_unregister_buffer(const gralloc_module_t*, const native_handle_t*):274 Trying to unregister buffer 0x47e30100 from process 83 that was not created in current process: 83
04-26 07:31:28.895 E/[Gralloc-ERROR](   83): int gralloc_unregister_buffer(const gralloc_module_t*, const native_handle_t*):274 Trying to unregister buffer 0x47e301f0 from process 83 that was not created in current process: 83
04-26 07:31:28.895 E/[Gralloc-ERROR](   83): int gralloc_unregister_buffer(const gralloc_module_t*, const native_handle_t*):274 Trying to unregister buffer 0x47e303d0 from process 83 that was not created in current process: 83
04-26 07:31:28.895 E/[Gralloc-ERROR](   83): int gralloc_unregister_buffer(const gralloc_module_t*, const native_handle_t*):274 Trying to unregister buffer 0x47e302e0 from process 83 that was not created in current process: 83
04-26 07:31:28.945 I/Gecko   (   83): [Parent 83] WARNING: pipe error (136): Connection reset by peer: file ../../../gecko/ipc/chromium/src/chrome/common/ipc_channel_posix.cc, line 446
04-26 07:31:29.005 I/Gecko   (   83): 
04-26 07:31:29.005 I/Gecko   (   83): ###!!! [Parent][MessageChannel] Error: Channel error: cannot send/recv
04-26 07:31:29.005 I/Gecko   (   83): 
04-26 07:31:29.185 I/Gecko   (   83): 1398522689197	Marionette	DEBUG	Got request: switchToFrame, data: {"to":"0","sessionId":"3-b2g","name":"switchToFrame","parameters":{"focus":true,"element":"{b673ae6c-033f-4826-b3a3-7ad2956118a6}"}}, id: {e97de7f5-d995-46d4-b2ad-0fb62cfb871e}
04-26 07:31:29.215 I/Gecko   (   83): [Parent 83] WARNING: waitpid failed pid:2306 errno:10: file ../../../gecko/ipc/chromium/src/base/process_util_posix.cc, line 254
04-26 07:31:29.265 I/Gecko   (   83): 1398522689278	Marionette	INFO	Switched to frame: {"frameValue":"{b673ae6c-033f-4826-b3a3-7ad2956118a6}"}
04-26 07:31:29.265 W/WifiHW  (   83): wifi_command: SIGNAL_POLL
04-26 07:31:29.285 I/Gecko   (   83): 1398522689298	Marionette	INFO	trying remote frame 0
04-26 07:31:29.295 I/Gecko   (   83): 1398522689311	Marionette	INFO	trying remote frame 1
04-26 07:31:29.305 I/Gecko   (   83): 1398522689319	Marionette	INFO	deleting frame
04-26 07:31:29.325 I/Gecko   (   83): 1398522689344	Marionette	INFO	frame-manager load script: [object ChromeMessageSender]
04-26 07:31:30.105 I/Gecko   (   83): 1398522690117	Marionette	INFO	sendToClient: {"from":"0","ok":true}, {e97de7f5-d995-46d4-b2ad-0fb62cfb871e}, {e97de7f5-d995-46d4-b2ad-0fb62cfb871e}
04-26 07:31:30.195 I/Gecko   (   83): 1398522690208	Marionette	INFO	sendToClient: {"from":"0","value":"app://{2184283c-3da7-4790-a71b-96e3519a0d92}/index.html"}, {47dc3c24-1994-47ca-8dfc-6bcb8d731c46}, {47dc3c24-1994-47ca-8dfc-6bcb8d731c46}
04-26 07:31:30.375 I/Gecko   (   83): 1398522690388	Marionette	DEBUG	Got request: execute, data: {"to":"0","sessionId":"3-b2g","name":"executeScript","parameters":{"specialPowers":false,"scriptTimeout":null,"newSandbox":true,"args":[],"filename":"app_checker.py","script":"return window.document.readyState;","line":191}}, id: {a1937d49-1b6e-4132-9783-211fbb2c830f}
04-26 07:31:30.415 V/AudioPolicyManagerBase(   88): stopOutput() output 1, stream 1, session 12
04-26 07:31:30.415 V/AudioPolicyManagerBase(   88): changeRefCount() stream 1, count 0
04-26 07:31:30.415 V/AudioPolicyManagerBase(   88): getNewDevice() selected device 0
04-26 07:31:30.415 D/AudioPolicyManagerBase(   88): setOutputDevice() output 1 device 0 delayMs 290
04-26 07:31:30.415 V/AudioPolicyManagerBase(   88): setOutputDevice() setting same device 0 or null device for output 1
04-26 07:31:30.455 V/AudioPolicyManagerBase(   88): releaseOutput() 1
04-26 07:31:30.605 I/Gecko   (   83): 1398522690616	Marionette	INFO	sendToClient: {"from":"0","value":"complete"}, {a1937d49-1b6e-4132-9783-211fbb2c830f}, {a1937d49-1b6e-4132-9783-211fbb2c830f}
04-26 07:31:30.665 I/Gecko   (   83): 1398522690682	Marionette	INFO	sendToClient: {"from":"0","value":"app://{2184283c-3da7-4790-a71b-96e3519a0d92}/index.html"}, {0e9ce40e-e407-4f1b-b8c9-e74a81099ac7}, {0e9ce40e-e407-4f1b-b8c9-e74a81099ac7}
04-26 07:31:30.765 I/Gecko   ( 2254): Attempting load of libEGL.so
04-26 07:31:30.955 D/libEGL  ( 2254): loaded /system/lib/egl/libEGL_mali.so
04-26 07:31:31.005 D/libEGL  ( 2254): loaded /system/lib/egl/libGLESv1_CM_mali.so
04-26 07:31:31.025 D/libEGL  ( 2254): loaded /system/lib/egl/libGLESv2_mali.so
04-26 07:31:31.105 I/Gecko   ( 2254): SharedSurface_Gralloc::Create -------
04-26 07:31:31.165 I/Gecko   ( 2254): SharedSurface_Gralloc::Create: success -- surface 0x4431c880, GraphicBuffer 0x448ca300.
04-26 07:31:31.225 I/Gecko   (   83): [Parent 83] WARNING: waitpid failed pid:2306 errno:10: file ../../../gecko/ipc/chromium/src/base/process_util_posix.cc, line 254
04-26 07:31:31.225 I/Gecko   (   83): [Parent 83] WARNING: Failed to deliver SIGKILL to 2306!(3).: file ../../../gecko/ipc/chromium/src/chrome/common/process_watcher_posix_sigchld.cc, line 118
04-26 07:31:31.225 I/Gonk    (   83): Setting nice for pid 2342 to 18
04-26 07:31:31.225 I/Gonk    (   83): Changed nice for pid 2342 from 0 to 18.
04-26 07:31:32.095 I/Gecko   (   83): 1398522692107	Marionette	INFO	sendToClient: {"from":"0","value":"iVBORw0KGgoAAAANSUhEUgAAAUAAAAHMCAYAAACk4nEJAAAgAElEQVR4nOy9e7QcxX3v2yTEds6KY9/grBwfJysZX+L4xD4m48cxk5PY8ZxjEk98cq4nucf23Bvf4IltzMQEMxADAwG2WkISrY00Gm2JjTSIltQWA2yjLbSRxDN+8nTA2GDzNNgGbIN52WBgS7/7R3d1V1dXVVe/pnr2/u21vkvas6er6/GrT1fV79dVhvE5E1AoFGpZSnsGUCgUSpe0ZwCFQqF0SXsGUCgUSpe0ZwCFQqF0SXsGUCgUSpe0ZwCFQqF0SXsGUCgUSpe0ZwCFQqF0SXsGUCgUSpe0ZwCFQqF0SXsGUCgUSpe0ZwCFQqF0SXsGUCgUSpe0ZwCFQqF0SXsGUCgUSpe0ZwCFQqF0SXsGUCgUSpe0ZwCFQqF0SXsGUCgUSpe0ZwCFQqF0SXsGUCgUSpe0ZwCFQqF0SXsGUCgUSpe0ZwCFQqF0SXsGUCgUSpe0ZwCFQqF0SXsGUCgUSpe0ZwCFQqF0SXsGUCgUSpe0ZwCFQqF0SXsGUCgUSpe0ZwCFQqF0SXsGUCgVfT6DdOcdVV5pzwAK9TkzG+CySnfZUfqkPQOopSOdEEN4otJIewZQS0dFgua0DEIAokTSngHU0hECEDVp0p4B1NIRAhA1adKeAdTSEQIQNWnSngHU0hECEDVp0p4B1OSorIDLKgTk0lHS9tGeYVR5pBNiZ2iUTnDqbvMyqsgHEgIQJVTRANQJuaLAiAAsnx0iAFGppGPkVwY46pxC627zMqpI4LFtp72wqPJIJwAnWQjActghAhCVSQhABGAZhABEaVFRAFSZhp4doyxT3KxpIwAnww4RgKhMygt07O9nm2BMeVo1ISL5ZQHJK2cWOOpu8zIqT8DFSXthUZNhWDLjiht9TZlgrDXBmLbA6KfUTAalvedaK4ChbKSIo8Px2m
04-26 07:31:32.685 I/Gecko   (   83): 1398522692703	Marionette	INFO	sendToClient: {"from":"0","ok":true}, {a879801e-7896-456b-8bbe-f9d5270c4e3f}, {a879801e-7896-456b-8bbe-f9d5270c4e3f}
04-26 07:31:33.045 I/Gecko   (   83): 1398522693063	Marionette	DEBUG	Got request: switchToFrame, data: {"to":"0","sessionId":"3-b2g","name":"switchToFrame","parameters":{"id":null,"focus":true}}, id: {93b1e368-1b6c-4768-90b6-fcfc020e5668}
04-26 07:31:33.145 I/Gecko   (   83): 1398522693155	Marionette	INFO	Switched to frame: {"frameValue":null}
04-26 07:31:33.245 I/Gecko   (   83): 1398522693263	Marionette	INFO	sendToClient: {"from":"0","ok":true}, {93b1e368-1b6c-4768-90b6-fcfc020e5668}, {93b1e368-1b6c-4768-90b6-fcfc020e5668}
04-26 07:31:33.255 I/Gecko   (   83): 1398522693270	Marionette	DEBUG	Got request: executeWithCallback, data: {"to":"0","sessionId":"3-b2g","name":"executeAsyncScript","parameters":{"specialPowers":false,"scriptTimeout":null,"newSandbox":true,"args":[],"filename":"gaia_test.py","script":"return GaiaApps.displayedApp();","line":66}}, id: {c258c441-0ede-4c3a-9b74-266ba9b26b20}
04-26 07:31:33.465 W/audio_hw_primary(   88): do_output_standby.mode:0 
04-26 07:31:34.535 E/GeckoConsole(   83): Content JS LOG at dummy file:392 in GaiaApps.displayedApp: app with origin 'app://{2184283c-3da7-4790-a71b-96e3519a0d92}' is displayed
04-26 07:31:34.555 I/Gecko   (   83): 1398522694566	Marionette	INFO	sendToClient: {"from":"0","value":{"frame":{"ELEMENT":"{b673ae6c-033f-4826-b3a3-7ad2956118a6}"},"src":"app://{2184283c-3da7-4790-a71b-96e3519a0d92}/index.html","name":"Flappy Bird","origin":"app://{2184283c-3da7-4790-a71b-96e3519a0d92}"}}, {c258c441-0ede-4c3a-9b74-266ba9b26b20}, {c258c441-0ede-4c3a-9b74-266ba9b26b20}
04-26 07:31:34.575 W/WifiHW  (   83): wifi_command: SIGNAL_POLL
04-26 07:31:34.765 I/Gecko   (   83): 1398522694777	Marionette	DEBUG	Got request: switchToFrame, data: {"to":"0","sessionId":"3-b2g","name":"switchToFrame","parameters":{"id":null,"focus":true}}, id: {47e3d6bc-6305-4e93-a98d-c4cbc8bace0f}
04-26 07:31:34.765 I/Gecko   (   83): 1398522694781	Marionette	INFO	Switched to frame: {"frameValue":null}
04-26 07:31:34.875 I/Gecko   (   83): 1398522694887	Marionette	INFO	sendToClient: {"from":"0","ok":true}, {47e3d6bc-6305-4e93-a98d-c4cbc8bace0f}, {47e3d6bc-6305-4e93-a98d-c4cbc8bace0f}
04-26 07:31:34.885 I/Gecko   (   83): 1398522694899	Marionette	DEBUG	Got request: execute, data: {"to":"0","sessionId":"3-b2g","name":"executeScript","parameters":{"specialPowers":false,"scriptTimeout":null,"newSandbox":true,"args":[],"filename":"gaia_test.py","script":"window.wrappedJSObject.dispatchEvent(new Event('home'));","line":788}}, id: {1b8c41fd-a9e4-4a7d-9c0b-7cbeeb934c41}
04-26 07:31:35.135 I/Gonk    (   83): Setting nice for pid 2342 to 18
04-26 07:31:35.135 I/Gonk    (   83): Changed nice for pid 2342 from 18 to 18.
04-26 07:31:35.135 I/Gecko   (   83): [Parent 83] WARNING: waitpid failed pid:2342 errno:10: file ../../../gecko/ipc/chromium/src/base/process_util_posix.cc, line 254
04-26 07:31:35.225 I/Gonk    (   83): Setting nice for pid 2342 to 1
04-26 07:31:35.225 I/Gonk    (   83): Changed nice for pid 2342 from 18 to 1.
04-26 07:31:35.265 D/Sensors (   83): activate handle=0; drv=0
04-26 07:31:35.265 D/Sensors (   83): Lis3dhSensor: Control set 0
04-26 07:31:35.265 D/Sensors (   83): Lis3dhSensor: mEnabled = 0
04-26 07:31:35.295 I/Gecko   (   83): 1398522695309	Marionette	INFO	sendToClient: {"from":"0","value":null}, {1b8c41fd-a9e4-4a7d-9c0b-7cbeeb934c41}, {1b8c41fd-a9e4-4a7d-9c0b-7cbeeb934c41}
04-26 07:31:35.315 I/Gecko   (   83): 1398522695328	Marionette	DEBUG	Got request: switchToFrame, data: {"to":"0","sessionId":"3-b2g","name":"switchToFrame","parameters":{"id":null,"focus":true}}, id: {24fb3c8b-0e1c-4838-8f2b-e8155e684cec}
04-26 07:31:35.325 I/Gecko   (   83): 1398522695338	Marionette	INFO	Switched to frame: {"frameValue":null}
04-26 07:31:35.425 I/Gecko   (   83): 1398522695440	Marionette	INFO	sendToClient: {"from":"0","ok":true}, {24fb3c8b-0e1c-4838-8f2b-e8155e684cec}, {24fb3c8b-0e1c-4838-8f2b-e8155e684cec}
04-26 07:31:35.435 I/Gecko   (   83): 1398522695447	Marionette	DEBUG	Got request: executeWithCallback, data: {"to":"0","sessionId":"3-b2g","name":"executeAsyncScript","parameters":{"specialPowers":false,"scriptTimeout":null,"newSandbox":true,"args":[],"filename":"gaia_test.py","script":"return GaiaApps.displayedApp();","line":66}}, id: {2a8ce7c7-6fb0-44b9-a1db-33feec124ea5}
04-26 07:31:35.585 I/Gecko   (   83): 1398522695600	Marionette	INFO	sendToClient: {"from":"0","value":{"frame":{"ELEMENT":"{0ecb33ff-54c0-43c9-a237-50584c3da9a5}"},"src":"app://homescreen.gaiamobile.org/index.html#root","name":"Homescreen","origin":"app://homescreen.gaiamobile.org"}}, {2a8ce7c7-6fb0-44b9-a1db-33feec124ea5}, {2a8ce7c7-6fb0-44b9-a1db-33feec124ea5}
04-26 07:31:35.585 E/GeckoConsole(   83): Content JS LOG at dummy file:392 in GaiaApps.displayedApp: app with origin 'app://homescreen.gaiamobile.org' is displayed
04-26 07:31:35.605 I/Gecko   (   83): 1398522695617	Marionette	DEBUG	Got request: switchToFrame, data: {"to":"0","sessionId":"3-b2g","name":"switchToFrame","parameters":{"id":null,"focus":true}}, id: {c17c6568-0bc0-4e25-9c23-14523f0987ca}
04-26 07:31:35.615 I/Gecko   (   83): 1398522695630	Marionette	INFO	Switched to frame: {"frameValue":null}
04-26 07:31:35.725 I/Gecko   (   83): 1398522695738	Marionette	INFO	sendToClient: {"from":"0","ok":true}, {c17c6568-0bc0-4e25-9c23-14523f0987ca}, {c17c6568-0bc0-4e25-9c23-14523f0987ca}
04-26 07:31:35.745 I/Gecko   (   83): 1398522695756	Marionette	DEBUG	Got request: switchToFrame, data: {"to":"0","sessionId":"3-b2g","name":"switchToFrame","parameters":{"id":null,"focus":true}}, id: {05e96cfd-fa3b-4515-96c7-006ab4d2b944}
04-26 07:31:35.745 I/Gecko   (   83): 1398522695761	Marionette	INFO	Switched to frame: {"frameValue":null}
04-26 07:31:35.845 I/Gecko   (   83): 1398522695864	Marionette	INFO	sendToClient: {"from":"0","ok":true}, {05e96cfd-fa3b-4515-96c7-006ab4d2b944}, {05e96cfd-fa3b-4515-96c7-006ab4d2b944}
04-26 07:31:35.855 I/Gecko   (   83): 1398522695870	Marionette	DEBUG	Got request: executeWithCallback, data: {"to":"0","sessionId":"3-b2g","name":"executeAsyncScript","parameters":{"specialPowers":false,"scriptTimeout":null,"newSandbox":true,"args":[],"filename":"gaia_test.py","script":"return GaiaApps.displayedApp();","line":66}}, id: {23042b4d-081f-4da4-8129-81dee1fe7fdf}
04-26 07:31:35.985 E/GeckoConsole(   83): Content JS LOG at dummy file:392 in GaiaApps.displayedApp: app with origin 'app://homescreen.gaiamobile.org' is displayed
04-26 07:31:35.985 I/Gecko   (   83): 1398522695999	Marionette	INFO	sendToClient: {"from":"0","value":{"frame":{"ELEMENT":"{0ecb33ff-54c0-43c9-a237-50584c3da9a5}"},"src":"app://homescreen.gaiamobile.org/index.html#root","name":"Homescreen","origin":"app://homescreen.gaiamobile.org"}}, {23042b4d-081f-4da4-8129-81dee1fe7fdf}, {23042b4d-081f-4da4-8129-81dee1fe7fdf}
04-26 07:31:35.995 I/Gecko   (   83): 1398522696006	Marionette	DEBUG	Got request: switchToFrame, data: {"to":"0","sessionId":"3-b2g","name":"switchToFrame","parameters":{"focus":true,"element":"{0ecb33ff-54c0-43c9-a237-50584c3da9a5}"}}, id: {ccd1b89e-af62-4a2e-aebb-10d25781d7bf}
04-26 07:31:36.025 I/Gecko   (   83): 1398522696038	Marionette	INFO	Switched to frame: {"frameValue":"{0ecb33ff-54c0-43c9-a237-50584c3da9a5}"}
04-26 07:31:36.025 I/Gecko   (   83): 1398522696041	Marionette	INFO	trying remote frame 0
04-26 07:31:36.025 I/Gecko   (   83): 1398522696042	Marionette	INFO	trying remote frame 1
04-26 07:31:36.045 I/Gecko   (   83): 1398522696057	Marionette	INFO	deleting frame
04-26 07:31:36.055 I/Gecko   (   83): 1398522696070	Marionette	INFO	frame-manager load script: [object ChromeMessageSender]
04-26 07:31:36.605 E/[Gralloc-ERROR](   83): int gralloc_register_buffer(const gralloc_module_t*, const native_handle_t*):79 Unable to register handle 0x44de8970 coming from different process: 83
04-26 07:31:36.605 E/[Gralloc-ERROR](   83): int gralloc_register_buffer(const gralloc_module_t*, const native_handle_t*):79 Unable to register handle 0x4533d330 coming from different process: 83
04-26 07:31:36.835 E/[Gralloc-ERROR](   83): int gralloc_unregister_buffer(const gralloc_module_t*, const native_handle_t*):274 Trying to unregister buffer 0x4533d330 from process 83 that was not created in current process: 83
04-26 07:31:36.835 E/[Gralloc-ERROR](   83): int gralloc_unregister_buffer(const gralloc_module_t*, const native_handle_t*):274 Trying to unregister buffer 0x44de8970 from process 83 that was not created in current process: 83
04-26 07:31:37.205 I/Gonk    (   83): Setting nice for pid 2254 to 18
04-26 07:31:37.205 I/Gonk    (   83): Changed nice for pid 2254 from 1 to 18.
04-26 07:31:37.305 I/log     ( 2352): <4>0[ 818.785498] select 2254 (Flappy Bird), adj 10, size 7276, to kill 
04-26 07:31:38.145 I/Gecko   ( 2342): ###################################### forms.js loaded
04-26 07:31:38.165 I/Gecko   ( 2342): ############################### browserElementPanning.js loaded
04-26 07:31:38.185 I/Gecko   ( 2342): ######################## BrowserElementChildPreload.js loaded
04-26 07:31:38.295 I/Gecko   (   83): 
04-26 07:31:38.295 I/Gecko   (   83): ###!!! [Parent][MessageChannel] Error: Channel error: cannot send/recv
04-26 07:31:38.295 I/Gecko   (   83): 
04-26 07:31:38.415 I/Gecko   (   83): [Parent 83] WARNING: waitpid failed pid:2254 errno:10: file ../../../gecko/ipc/chromium/src/base/process_util_posix.cc, line 254
04-26 07:31:39.455 I/Gecko   (   83): 1398522699468	Marionette	INFO	sendToClient: {"from":"0","ok":true}, {ccd1b89e-af62-4a2e-aebb-10d25781d7bf}, {ccd1b89e-af62-4a2e-aebb-10d25781d7bf}
04-26 07:31:39.605 W/WifiHW  (   83): wifi_command: SIGNAL_POLL
04-26 07:31:40.225 I/Gecko   (   83): 1398522700238	Marionette	INFO	sendToClient: {"from":"0","value":"app://homescreen.gaiamobile.org/index.html#root"}, {8efa5913-0d08-42fc-ae00-53d3a188ccc7}, {8efa5913-0d08-42fc-ae00-53d3a188ccc7}
04-26 07:31:40.415 I/Gecko   (   83): [Parent 83] WARNING: waitpid failed pid:2254 errno:10: file ../../../gecko/ipc/chromium/src/base/process_util_posix.cc, line 254
04-26 07:31:40.415 I/Gecko   (   83): [Parent 83] WARNING: Failed to deliver SIGKILL to 2254!(3).: file ../../../gecko/ipc/chromium/src/chrome/common/process_watcher_posix_sigchld.cc, line 118
04-26 07:31:40.445 I/Gonk    (   83): Setting nice for pid 2359 to 18
04-26 07:31:40.445 I/Gonk    (   83): Changed nice for pid 2359 from 0 to 18.
04-26 07:31:40.465 I/Gecko   (   83): 1398522700479	Marionette	DEBUG	Got request: switchToFrame, data: {"to":"0","sessionId":"3-b2g","name":"switchToFrame","parameters":{"id":null,"focus":true}}, id: {2c967be7-182c-450d-b102-314ffe7c148d}
04-26 07:31:40.495 I/Gecko   (   83): 1398522700508	Marionette	INFO	Switched to frame: {"frameValue":null}
04-26 07:31:40.605 I/Gecko   (   83): 1398522700617	Marionette	INFO	sendToClient: {"from":"0","ok":true}, {2c967be7-182c-450d-b102-314ffe7c148d}, {2c967be7-182c-450d-b102-314ffe7c148d}
04-26 07:31:40.605 I/Gecko   (   83): 1398522700623	Marionette	DEBUG	Got request: switchToFrame, data: {"to":"0","sessionId":"3-b2g","name":"switchToFrame","parameters":{"id":null,"focus":true}}, id: {94425fa9-9993-495b-b4a4-d321c0bdf008}
04-26 07:31:40.615 I/Gecko   (   83): 1398522700625	Marionette	INFO	Switched to frame: {"frameValue":null}
04-26 07:31:40.715 I/Gecko   (   83): 1398522700728	Marionette	INFO	sendToClient: {"from":"0","ok":true}, {94425fa9-9993-495b-b4a4-d321c0bdf008}, {94425fa9-9993-495b-b4a4-d321c0bdf008}
04-26 07:31:40.725 I/Gecko   (   83): 1398522700736	Marionette	DEBUG	Got request: executeWithCallback, data: {"to":"0","sessionId":"3-b2g","name":"executeAsyncScript","parameters":{"specialPowers":false,"scriptTimeout":null,"newSandbox":true,"args":[],"filename":"gaia_test.py","script":"GaiaApps.killAll()","line":91}}, id: {b9132d1c-b00a-4b50-a8b2-064d87eec442}
04-26 07:31:40.795 I/Gecko   (   83): 1398522700810	Marionette	INFO	sendToClient: {"from":"0","value":true}, {b9132d1c-b00a-4b50-a8b2-064d87eec442}, {b9132d1c-b00a-4b50-a8b2-064d87eec442}
