--------- beginning of /dev/log/main
04-25 19:54:31.051 I/Gecko   (   83): 1398480871065	Marionette	INFO	sendToClient: {"from":"0","ok":true}, {c9cd339c-df10-41e6-8e89-e28d47fa05d5}, {c9cd339c-df10-41e6-8e89-e28d47fa05d5}
04-25 19:54:31.121 I/Gecko   (   83): 1398480871135	Marionette	DEBUG	Got request: switchToFrame, data: {"to":"0","sessionId":"3-b2g","name":"switchToFrame","parameters":{"id":null,"focus":true}}, id: {1f1fbdce-5fe0-454e-89af-5e1fcb00bc6d}
04-25 19:54:31.121 I/Gecko   (   83): 1398480871138	Marionette	INFO	Switched to frame: {"frameValue":null}
04-25 19:54:31.561 I/Gecko   (   83): 1398480871580	Marionette	INFO	sendToClient: {"from":"0","ok":true}, {1f1fbdce-5fe0-454e-89af-5e1fcb00bc6d}, {1f1fbdce-5fe0-454e-89af-5e1fcb00bc6d}
04-25 19:54:31.611 I/Gecko   (   83): 1398480871624	Marionette	DEBUG	Got request: executeWithCallback, data: {"to":"0","sessionId":"3-b2g","name":"executeAsyncScript","parameters":{"specialPowers":false,"scriptTimeout":null,"newSandbox":true,"args":[],"filename":"gaia_test.py","script":"return GaiaApps.displayedApp();","line":66}}, id: {842a8a06-e19b-4249-a567-23c655bbd5b5}
04-25 19:54:31.741 E/GeckoConsole(   83): Content JS LOG at dummy file:392 in GaiaApps.displayedApp: app with origin 'app://homescreen.gaiamobile.org' is displayed
04-25 19:54:31.761 I/Gecko   (   83): 1398480871771	Marionette	INFO	sendToClient: {"from":"0","value":{"frame":{"ELEMENT":"{f1c6a054-7211-4cc7-ba2f-375509b7f470}"},"src":"app://homescreen.gaiamobile.org/index.html#root","name":"Homescreen","origin":"app://homescreen.gaiamobile.org"}}, {842a8a06-e19b-4249-a567-23c655bbd5b5}, {842a8a06-e19b-4249-a567-23c655bbd5b5}
04-25 19:54:31.771 I/Gecko   (   83): 1398480871789	Marionette	DEBUG	Got request: switchToFrame, data: {"to":"0","sessionId":"3-b2g","name":"switchToFrame","parameters":{"id":null,"focus":true}}, id: {10b27b5a-244c-4ecb-b87f-436869d856da}
04-25 19:54:31.791 I/Gecko   (   83): 1398480871803	Marionette	INFO	Switched to frame: {"frameValue":null}
04-25 19:54:31.871 V/AudioPolicyManagerBase(   88): startOutput() output 1, stream 1, session 7
04-25 19:54:31.871 V/AudioPolicyManagerBase(   88): changeRefCount() stream 1, count 1
04-25 19:54:31.871 V/AudioPolicyManagerBase(   88): getDeviceForStrategy() from cache strategy 0, device 2
04-25 19:54:31.871 V/AudioPolicyManagerBase(   88): getNewDevice() selected device 2
04-25 19:54:31.871 D/AudioPolicyManagerBase(   88): setOutputDevice() output 1 device 2 delayMs 0
04-25 19:54:31.871 V/AudioPolicyManagerBase(   88): setOutputDevice() setting same device 2 or null device for output 1
04-25 19:54:31.871 E/AudioPolicyManagerBase(   88): checkAndSetVolume stream=1, index=0, output=1, device=2
04-25 19:54:31.871 E/AudioPolicyManagerBase(   88): computeVolume, streamDesc=0xed0bb8
04-25 19:54:31.891 I/Gecko   (   83): 1398480871905	Marionette	INFO	sendToClient: {"from":"0","ok":true}, {10b27b5a-244c-4ecb-b87f-436869d856da}, {10b27b5a-244c-4ecb-b87f-436869d856da}
04-25 19:54:31.901 I/Gecko   (   83): 1398480871912	Marionette	DEBUG	Got request: switchToFrame, data: {"to":"0","sessionId":"3-b2g","name":"switchToFrame","parameters":{"id":null,"focus":true}}, id: {dff87c86-1f41-4ca2-b9f2-23851e6bfc32}
04-25 19:54:31.901 I/Gecko   (   83): 1398480871914	Marionette	INFO	Switched to frame: {"frameValue":null}
04-25 19:54:31.921 W/AudioFlinger(   88): Thread AudioOut_1 cannot connect to the power manager service
04-25 19:54:31.921 V/AudioPolicyManagerBase(   88): stopOutput() output 1, stream 1, session 7
04-25 19:54:31.921 V/AudioPolicyManagerBase(   88): changeRefCount() stream 1, count 0
04-25 19:54:31.921 V/AudioPolicyManagerBase(   88): getNewDevice() selected device 0
04-25 19:54:31.921 D/AudioPolicyManagerBase(   88): setOutputDevice() output 1 device 0 delayMs 290
04-25 19:54:31.921 V/AudioPolicyManagerBase(   88): setOutputDevice() setting same device 0 or null device for output 1
04-25 19:54:31.931 V/AudioPolicyManagerBase(   88): startOutput() output 1, stream 1, session 7
04-25 19:54:31.931 V/AudioPolicyManagerBase(   88): changeRefCount() stream 1, count 1
04-25 19:54:31.931 V/AudioPolicyManagerBase(   88): getDeviceForStrategy() from cache strategy 0, device 2
04-25 19:54:31.931 V/AudioPolicyManagerBase(   88): getNewDevice() selected device 2
04-25 19:54:31.931 D/AudioPolicyManagerBase(   88): setOutputDevice() output 1 device 2 delayMs 0
04-25 19:54:31.931 V/AudioPolicyManagerBase(   88): setOutputDevice() setting same device 2 or null device for output 1
04-25 19:54:31.931 E/AudioPolicyManagerBase(   88): checkAndSetVolume stream=1, index=0, output=1, device=2
04-25 19:54:31.931 E/AudioPolicyManagerBase(   88): computeVolume, streamDesc=0xed0bb8
04-25 19:54:31.931 V/AudioPolicyManagerBase(   88): stopOutput() output 1, stream 1, session 7
04-25 19:54:31.931 V/AudioPolicyManagerBase(   88): changeRefCount() stream 1, count 0
04-25 19:54:31.931 V/AudioPolicyManagerBase(   88): getNewDevice() selected device 0
04-25 19:54:31.931 D/AudioPolicyManagerBase(   88): setOutputDevice() output 1 device 0 delayMs 290
04-25 19:54:31.931 V/AudioPolicyManagerBase(   88): setOutputDevice() setting same device 0 or null device for output 1
04-25 19:54:31.941 V/AudioPolicyManagerBase(   88): releaseOutput() 1
04-25 19:54:32.001 I/Gecko   (   83): 1398480872017	Marionette	INFO	sendToClient: {"from":"0","ok":true}, {dff87c86-1f41-4ca2-b9f2-23851e6bfc32}, {dff87c86-1f41-4ca2-b9f2-23851e6bfc32}
04-25 19:54:32.021 I/Gecko   (   83): 1398480872034	Marionette	DEBUG	Got request: executeWithCallback, data: {"to":"0","sessionId":"3-b2g","name":"executeAsyncScript","parameters":{"specialPowers":false,"scriptTimeout":null,"newSandbox":true,"args":[],"filename":"gaia_test.py","script":"return GaiaApps.displayedApp();","line":66}}, id: {9fc7f271-fda1-42c4-ae3d-749949e33aa0}
04-25 19:54:32.141 E/GeckoConsole(   83): Content JS LOG at dummy file:392 in GaiaApps.displayedApp: app with origin 'app://homescreen.gaiamobile.org' is displayed
04-25 19:54:32.151 I/Gecko   (   83): 1398480872161	Marionette	INFO	sendToClient: {"from":"0","value":{"frame":{"ELEMENT":"{f1c6a054-7211-4cc7-ba2f-375509b7f470}"},"src":"app://homescreen.gaiamobile.org/index.html#root","name":"Homescreen","origin":"app://homescreen.gaiamobile.org"}}, {9fc7f271-fda1-42c4-ae3d-749949e33aa0}, {9fc7f271-fda1-42c4-ae3d-749949e33aa0}
04-25 19:54:32.161 I/Gecko   (   83): 1398480872178	Marionette	DEBUG	Got request: switchToFrame, data: {"to":"0","sessionId":"3-b2g","name":"switchToFrame","parameters":{"focus":true,"element":"{f1c6a054-7211-4cc7-ba2f-375509b7f470}"}}, id: {22b44d68-879f-4318-aa03-7bfa2d62b349}
04-25 19:54:32.171 I/Gecko   (   83): 1398480872185	Marionette	INFO	Switched to frame: {"frameValue":"{f1c6a054-7211-4cc7-ba2f-375509b7f470}"}
04-25 19:54:32.181 I/Gecko   (   83): 1398480872196	Marionette	INFO	trying remote frame 0
04-25 19:54:32.191 I/Gecko   (   83): 1398480872201	Marionette	INFO	trying remote frame 1
04-25 19:54:32.191 I/Gecko   (   83): 1398480872202	Marionette	INFO	trying remote frame 2
04-25 19:54:32.191 I/Gecko   (   83): 1398480872209	Marionette	INFO	deleting frame
04-25 19:54:32.201 I/Gecko   (   83): 1398480872217	Marionette	INFO	frame-manager load script: [object ChromeMessageSender]
04-25 19:54:32.601 I/Gecko   (   83): 1398480872611	Marionette	INFO	sendToClient: {"from":"0","ok":true}, {22b44d68-879f-4318-aa03-7bfa2d62b349}, {22b44d68-879f-4318-aa03-7bfa2d62b349}
04-25 19:54:32.691 I/Gecko   (   83): 1398480872708	Marionette	INFO	sendToClient: {"from":"0","value":{"ELEMENT":"{4496f450-3036-45d7-8897-6d7cbf1e3177}"}}, {d10bdc54-c4fe-4e26-982c-89662be061ed}, {d10bdc54-c4fe-4e26-982c-89662be061ed}
04-25 19:54:32.941 E/GeckoConsole( 1615): [JavaScript Warning: "Use of getAttributeNode() is deprecated. Use getAttribute() instead." {file: "chrome://marionette/content/atoms.js" line: 25}]
04-25 19:54:32.941 E/GeckoConsole( 1615): [JavaScript Warning: "Use of attributes' specified attribute is deprecated. It always returns true." {file: "chrome://marionette/content/atoms.js" line: 25}]
04-25 19:54:32.941 I/Gecko   (   83): 1398480872959	Marionette	INFO	sendToClient: {"from":"0","value":"normal"}, {de2f2c07-088e-48bd-b725-19682750061f}, {de2f2c07-088e-48bd-b725-19682750061f}
04-25 19:54:32.951 I/Gecko   (   83): 1398480872965	Marionette	DEBUG	Got request: switchToFrame, data: {"to":"0","sessionId":"3-b2g","name":"switchToFrame","parameters":{"id":null,"focus":true}}, id: {0fb8e428-b71f-4452-b386-1fae80e7d216}
04-25 19:54:32.961 I/Gecko   (   83): 1398480872974	Marionette	INFO	Switched to frame: {"frameValue":null}
04-25 19:54:33.071 I/Gecko   (   83): 1398480873084	Marionette	INFO	sendToClient: {"from":"0","ok":true}, {0fb8e428-b71f-4452-b386-1fae80e7d216}, {0fb8e428-b71f-4452-b386-1fae80e7d216}
04-25 19:54:33.081 I/Gecko   (   83): 1398480873092	Marionette	DEBUG	Got request: execute, data: {"to":"0","sessionId":"3-b2g","name":"executeScript","parameters":{"specialPowers":false,"scriptTimeout":null,"newSandbox":true,"args":[],"filename":"gaia_test.py","script":"window.wrappedJSObject.dispatchEvent(new Event('home'));","line":788}}, id: {90940fd7-a07b-4079-ab85-b698638432fe}
04-25 19:54:33.161 I/Gecko   (   83): 1398480873175	Marionette	INFO	sendToClient: {"from":"0","value":null}, {90940fd7-a07b-4079-ab85-b698638432fe}, {90940fd7-a07b-4079-ab85-b698638432fe}
04-25 19:54:33.171 I/Gecko   (   83): 1398480873183	Marionette	DEBUG	Got request: switchToFrame, data: {"to":"0","sessionId":"3-b2g","name":"switchToFrame","parameters":{"id":null,"focus":true}}, id: {c2a2a3e6-ffcb-437d-b435-9c5e939fad27}
04-25 19:54:33.171 I/Gecko   (   83): 1398480873190	Marionette	INFO	Switched to frame: {"frameValue":null}
04-25 19:54:33.281 I/Gecko   (   83): 1398480873295	Marionette	INFO	sendToClient: {"from":"0","ok":true}, {c2a2a3e6-ffcb-437d-b435-9c5e939fad27}, {c2a2a3e6-ffcb-437d-b435-9c5e939fad27}
04-25 19:54:33.291 I/Gecko   (   83): 1398480873301	Marionette	DEBUG	Got request: switchToFrame, data: {"to":"0","sessionId":"3-b2g","name":"switchToFrame","parameters":{"id":null,"focus":true}}, id: {09b79345-d601-41fb-86b0-36d2f7ae861d}
04-25 19:54:33.291 I/Gecko   (   83): 1398480873303	Marionette	INFO	Switched to frame: {"frameValue":null}
04-25 19:54:33.401 I/Gecko   (   83): 1398480873412	Marionette	INFO	sendToClient: {"from":"0","ok":true}, {09b79345-d601-41fb-86b0-36d2f7ae861d}, {09b79345-d601-41fb-86b0-36d2f7ae861d}
04-25 19:54:33.401 I/Gecko   (   83): 1398480873419	Marionette	DEBUG	Got request: executeWithCallback, data: {"to":"0","sessionId":"3-b2g","name":"executeAsyncScript","parameters":{"specialPowers":false,"scriptTimeout":null,"newSandbox":true,"args":[],"filename":"gaia_test.py","script":"return GaiaApps.displayedApp();","line":66}}, id: {d6f78fc4-355e-4aba-a5bf-4918333514e7}
04-25 19:54:33.461 I/Gecko   (   83): 1398480873475	Marionette	INFO	sendToClient: {"from":"0","value":{"frame":{"ELEMENT":"{f1c6a054-7211-4cc7-ba2f-375509b7f470}"},"src":"app://homescreen.gaiamobile.org/index.html#rootFri%20Apr%2025%202014%2019:54:33%20GMT-0700%20(UTC)","name":"Homescreen","origin":"app://homescreen.gaiamobile.org"}}, {d6f78fc4-355e-4aba-a5bf-4918333514e7}, {d6f78fc4-355e-4aba-a5bf-4918333514e7}
04-25 19:54:33.471 I/Gecko   (   83): 1398480873484	Marionette	DEBUG	Got request: switchToFrame, data: {"to":"0","sessionId":"3-b2g","name":"switchToFrame","parameters":{"focus":true,"element":"{f1c6a054-7211-4cc7-ba2f-375509b7f470}"}}, id: {207e9abe-b257-4cf8-9696-041c97b8a208}
04-25 19:54:33.471 E/GeckoConsole(   83): Content JS LOG at dummy file:392 in GaiaApps.displayedApp: app with origin 'app://homescreen.gaiamobile.org' is displayed
04-25 19:54:33.481 I/Gecko   (   83): 1398480873500	Marionette	INFO	Switched to frame: {"frameValue":"{f1c6a054-7211-4cc7-ba2f-375509b7f470}"}
04-25 19:54:33.501 I/Gecko   (   83): 1398480873504	Marionette	INFO	trying remote frame 0
04-25 19:54:33.501 I/Gecko   (   83): 1398480873511	Marionette	INFO	trying remote frame 1
04-25 19:54:33.501 I/Gecko   (   83): 1398480873512	Marionette	INFO	trying remote frame 2
04-25 19:54:33.621 I/Gecko   (   83): 1398480873636	Marionette	INFO	sendToClient: {"from":"0","ok":true}, {207e9abe-b257-4cf8-9696-041c97b8a208}, {207e9abe-b257-4cf8-9696-041c97b8a208}
04-25 19:54:33.641 I/Gecko   (   83): 1398480873651	Marionette	DEBUG	Got request: execute, data: {"to":"0","sessionId":"3-b2g","name":"executeScript","parameters":{"specialPowers":false,"scriptTimeout":null,"newSandbox":true,"args":[],"filename":"gaia_test.py","script":"return window.wrappedJSObject.GridManager.pageHelper.getCurrentPageNumber();","line":784}}, id: {066286a5-2137-4612-a82f-cecda28cd412}
04-25 19:54:33.751 I/Gecko   (   83): 1398480873761	Marionette	INFO	sendToClient: {"from":"0","value":0}, {066286a5-2137-4612-a82f-cecda28cd412}, {066286a5-2137-4612-a82f-cecda28cd412}
04-25 19:54:33.811 I/Gecko   (   83): 1398480873829	Marionette	INFO	sendToClient: {"from":"0","value":["{0b887955-0ace-467f-a753-2a44bd53c9ff}","{35cdc070-6e72-4569-adc1-812828c4c0dd}","{8367d778-d766-4b70-af0e-3220e702cea2}","{d873ff88-b46e-4390-9d1d-7c48ef3d7b10}","{2c0fe7ec-ad5e-4363-9b86-5924c1eb5a4a}","{269951a2-45cd-44da-ae34-7bdd083b035c}","{3f6c4d9b-4d91-45cb-af85-19bcd2a91699}","{b709e939-575e-48c3-a236-e740d4745417}","{344575a2-665d-4254-874e-96572fccb515}","{2184f890-7752-4c08-a37a-908c1caa17b7}","{4ce6ee81-8fe8-4efa-b45d-cda5aec381a0}","{e6a36cad-27ae-433f-b530-76410dc93672}","{5bb903e2-ec84-4ce1-b270-b4beb535f3f3}","{f24f47e8-71f1-44e3-b39b-7b8135751eb3}","{2894c93b-a826-43d6-9e69-9e8232371706}","{8515f738-2125-4508-86df-3baa7f415487}","{4516c896-6300-4efd-94ef-f819fbffd495}","{92b7f881-2c8f-4e9f-9ae6-11417b83c007}","{3be12b87-a736-4fbe-bda8-a1f979641183}","{86825a29-f344-4a2f-9136-c63facd7a2a7}","{5e7ec768-9837-4522-ac4d-9e5685c40027}"]}, {b310f0a5-af9a-468e-9e7c-9eb828a9c5ad}, {b310f0a5-af9a-468e-9e7c-9eb828a9c5ad}
04-25 19:54:33.881 I/Gecko   (   83): 1398480873897	Marionette	INFO	sendToClient: {"from":"0","value":"app://homescreen.gaiamobile.org/index.html#rootFri%20Apr%2025%202014%2019:54:33%20GMT-0700%20(UTC)"}, {4003010f-a7f1-47aa-b799-33e401b91260}, {4003010f-a7f1-47aa-b799-33e401b91260}
04-25 19:54:33.921 I/Gecko   (   83): 1398480873934	Marionette	DEBUG	Got request: switchToFrame, data: {"to":"0","sessionId":"3-b2g","name":"switchToFrame","parameters":{"id":null,"focus":true}}, id: {18c0f776-c5af-4c70-9c48-813744a6c816}
04-25 19:54:33.951 I/Gecko   (   83): 1398480873964	Marionette	INFO	Switched to frame: {"frameValue":null}
04-25 19:54:34.081 I/Gecko   (   83): 1398480874093	Marionette	INFO	sendToClient: {"from":"0","ok":true}, {18c0f776-c5af-4c70-9c48-813744a6c816}, {18c0f776-c5af-4c70-9c48-813744a6c816}
04-25 19:54:34.081 I/Gecko   (   83): 1398480874099	Marionette	DEBUG	Got request: switchToFrame, data: {"to":"0","sessionId":"3-b2g","name":"switchToFrame","parameters":{"id":null,"focus":true}}, id: {2e957ddf-ae23-4238-b449-13d85a528909}
04-25 19:54:34.091 I/Gecko   (   83): 1398480874102	Marionette	INFO	Switched to frame: {"frameValue":null}
04-25 19:54:34.191 I/Gecko   (   83): 1398480874209	Marionette	INFO	sendToClient: {"from":"0","ok":true}, {2e957ddf-ae23-4238-b449-13d85a528909}, {2e957ddf-ae23-4238-b449-13d85a528909}
04-25 19:54:34.201 I/Gecko   (   83): 1398480874215	Marionette	DEBUG	Got request: executeWithCallback, data: {"to":"0","sessionId":"3-b2g","name":"executeAsyncScript","parameters":{"specialPowers":false,"scriptTimeout":30000,"newSandbox":true,"args":[],"filename":"app_checker.py","script":"GaiaApps.launchWithManifestURL('https://marketplace.firefox.com/app/5bd02e34-8ccb-4a1f-8459-e000d78907da/manifest.webapp')","line":106}}, id: {4c9bedeb-dd7a-49fe-a635-73ae2e7270cc}
04-25 19:54:34.281 E/GeckoConsole(   83): Content JS LOG at dummy file:334 in GaiaApps.launch: launching app with name 'Flappy Bird Plus'
04-25 19:54:34.521 I/Gonk    (   83): Setting nice for pid 1623 to 18
04-25 19:54:34.521 I/Gonk    (   83): Changed nice for pid 1623 from 18 to 18.
04-25 19:54:34.521 I/Gecko   (   83): [Parent 83] WARNING: waitpid failed pid:1623 errno:10: file ../../../gecko/ipc/chromium/src/base/process_util_posix.cc, line 254
04-25 19:54:34.521 I/Gonk    (   83): Setting nice for pid 1623 to 1
04-25 19:54:34.521 I/Gonk    (   83): Changed nice for pid 1623 from 18 to 1.
04-25 19:54:34.831 E/[Gralloc-ERROR](   83): int gralloc_register_buffer(const gralloc_module_t*, const native_handle_t*):79 Unable to register handle 0x45ee6330 coming from different process: 83
04-25 19:54:34.851 E/[Gralloc-ERROR](   83): int gralloc_register_buffer(const gralloc_module_t*, const native_handle_t*):79 Unable to register handle 0x45ee6830 coming from different process: 83
04-25 19:54:34.851 E/[Gralloc-ERROR](   83): int gralloc_register_buffer(const gralloc_module_t*, const native_handle_t*):79 Unable to register handle 0x45ee6bf0 coming from different process: 83
04-25 19:54:34.851 E/[Gralloc-ERROR](   83): int gralloc_register_buffer(const gralloc_module_t*, const native_handle_t*):79 Unable to register handle 0x45ee6e70 coming from different process: 83
04-25 19:54:34.901 D/Sensors (   83): activate handle=0; drv=0
04-25 19:54:34.911 D/Sensors (   83): Lis3dhSensor: Control set 1
04-25 19:54:34.911 D/Sensors (   83): Lis3dhSensor: mEnabled = 1
04-25 19:54:35.001 I/Gonk    (   83): Setting nice for pid 1615 to 18
04-25 19:54:35.001 I/Gonk    (   83): Changed nice for pid 1615 from 1 to 18.
04-25 19:54:36.131 W/WifiHW  (   83): wifi_command: SIGNAL_POLL
04-25 19:54:36.611 I/Gecko   ( 1623): ###################################### forms.js loaded
04-25 19:54:36.751 I/Gecko   ( 1623): ############################### browserElementPanning.js loaded
04-25 19:54:36.951 I/Gecko   ( 1623): ######################## BrowserElementChildPreload.js loaded
04-25 19:54:37.121 I/Gonk    (   83): Setting nice for pid 1674 to 18
04-25 19:54:37.131 I/Gonk    (   83): Changed nice for pid 1674 from 0 to 18.
04-25 19:54:38.351 E/GeckoConsole( 1623): [JavaScript Warning: "Unknown property 'user-select'.  Declaration dropped." {file: "app://{7edd09b3-9a2f-44a8-8851-84f77f9080df}/style/css.css" line: 3 column: 12 source: "	user-select: none;"}]
04-25 19:54:38.351 E/GeckoConsole( 1623): [JavaScript Warning: "Unknown property 'user-select'.  Declaration dropped." {file: "app://{7edd09b3-9a2f-44a8-8851-84f77f9080df}/style/css.css" line: 26 column: 12 source: "	user-select: none;"}]
04-25 19:54:38.351 E/GeckoConsole( 1623): [JavaScript Warning: "Error in parsing value for 'overflow'.  Declaration dropped." {file: "app://{7edd09b3-9a2f-44a8-8851-84f77f9080df}/style/css.css" line: 33 column: 11 source: "	overflow: none;"}]
04-25 19:54:38.351 E/GeckoConsole( 1623): [JavaScript Warning: "Error in parsing value for 'overflow'.  Declaration dropped." {file: "app://{7edd09b3-9a2f-44a8-8851-84f77f9080df}/style/css.css" line: 41 column: 11 source: "	overflow: none;"}]
04-25 19:54:38.361 E/GeckoConsole( 1623): [JavaScript Warning: "Error in parsing value for 'overflow'.  Declaration dropped." {file: "app://{7edd09b3-9a2f-44a8-8851-84f77f9080df}/style/css.css" line: 50 column: 11 source: "	overflow: none;"}]
04-25 19:54:38.421 I/Gecko   (   83): 
04-25 19:54:38.421 I/Gecko   (   83): ###!!! [Parent][MessageChannel] Error: Channel error: cannot send/recv
04-25 19:54:38.421 I/Gecko   (   83): 
04-25 19:54:38.481 I/Gecko   (   83): [Parent 83] WARNING: waitpid failed pid:1615 errno:10: file ../../../gecko/ipc/chromium/src/base/process_util_posix.cc, line 254
04-25 19:54:38.661 E/GeckoConsole( 1623): [JavaScript Error: "The character encoding of the HTML document was not declared. The document will render with garbled text in some browser configurations if the document contains characters from outside the US-ASCII range. The character encoding of the page must be declared in the document or in the transfer protocol." {file: "app://{7edd09b3-9a2f-44a8-8851-84f77f9080df}/index.html" line: 0}]
04-25 19:54:39.011 V/AudioPolicyManagerBase(   88): getDeviceForStrategy() from cache strategy 0, device 2
04-25 19:54:39.011 V/AudioPolicyManagerBase(   88): getOutput() stream 3, samplingRate 0, format 0, channels 3, flags 0
04-25 19:54:39.011 W/AudioFlinger(   88): Thread AudioOut_1 cannot connect to the power manager service
04-25 19:54:39.461 V/AudioPolicyManagerBase(   88): getDeviceForStrategy() from cache strategy 0, device 2
04-25 19:54:39.461 V/AudioPolicyManagerBase(   88): getOutput() stream 1, samplingRate 0, format 0, channels 3, flags 0
04-25 19:54:39.461 V/AudioPolicyManagerBase(   88): startOutput() output 1, stream 1, session 8
04-25 19:54:39.461 V/AudioPolicyManagerBase(   88): changeRefCount() stream 1, count 1
04-25 19:54:39.461 V/AudioPolicyManagerBase(   88): getDeviceForStrategy() from cache strategy 0, device 2
04-25 19:54:39.461 V/AudioPolicyManagerBase(   88): getNewDevice() selected device 2
04-25 19:54:39.461 D/AudioPolicyManagerBase(   88): setOutputDevice() output 1 device 2 delayMs 0
04-25 19:54:39.461 V/AudioPolicyManagerBase(   88): setOutputDevice() setting same device 2 or null device for output 1
04-25 19:54:39.461 E/AudioPolicyManagerBase(   88): checkAndSetVolume stream=1, index=0, output=1, device=2
04-25 19:54:39.461 E/AudioPolicyManagerBase(   88): computeVolume, streamDesc=0xed0bb8
04-25 19:54:39.501 V/AudioPolicyManagerBase(   88): stopOutput() output 1, stream 1, session 8
04-25 19:54:39.501 V/AudioPolicyManagerBase(   88): changeRefCount() stream 1, count 0
04-25 19:54:39.501 V/AudioPolicyManagerBase(   88): getNewDevice() selected device 0
04-25 19:54:39.501 D/AudioPolicyManagerBase(   88): setOutputDevice() output 1 device 0 delayMs 290
04-25 19:54:39.501 V/AudioPolicyManagerBase(   88): setOutputDevice() setting same device 0 or null device for output 1
04-25 19:54:39.521 V/AudioPolicyManagerBase(   88): startOutput() output 1, stream 1, session 8
04-25 19:54:39.521 V/AudioPolicyManagerBase(   88): changeRefCount() stream 1, count 1
04-25 19:54:39.521 V/AudioPolicyManagerBase(   88): getDeviceForStrategy() from cache strategy 0, device 2
04-25 19:54:39.521 V/AudioPolicyManagerBase(   88): getNewDevice() selected device 2
04-25 19:54:39.521 D/AudioPolicyManagerBase(   88): setOutputDevice() output 1 device 2 delayMs 0
04-25 19:54:39.521 V/AudioPolicyManagerBase(   88): setOutputDevice() setting same device 2 or null device for output 1
04-25 19:54:39.521 E/AudioPolicyManagerBase(   88): checkAndSetVolume stream=1, index=0, output=1, device=2
04-25 19:54:39.521 E/AudioPolicyManagerBase(   88): computeVolume, streamDesc=0xed0bb8
04-25 19:54:39.551 I/audio_hw_primary(   88): select_devices_signal starting...
04-25 19:54:39.551 I/audio_hw_primary(   88): select_devices_signal finished.
04-25 19:54:39.551 W/audio_hw_primary(   88): open s_tinycard in
04-25 19:54:39.551 W/audio_hw_primary(   88): open s_tinycard successfully
04-25 19:54:39.551 I/audio_hw_primary(   88): Changing devices: 0x00000002
04-25 19:54:39.641 I/Gonk    (   83): Setting nice for pid 1674 to 18
04-25 19:54:39.641 I/Gonk    (   83): Changed nice for pid 1674 from 18 to 18.
04-25 19:54:39.641 I/Gecko   (   83): [Parent 83] WARNING: waitpid failed pid:1674 errno:10: file ../../../gecko/ipc/chromium/src/base/process_util_posix.cc, line 254
04-25 19:54:39.641 I/Gonk    (   83): Setting nice for pid 1674 to 1
04-25 19:54:39.641 I/Gonk    (   83): Changed nice for pid 1674 from 18 to 1.
04-25 19:54:39.651 I/Gonk    (   83): Setting nice for pid 1674 to 18
04-25 19:54:39.651 I/Gonk    (   83): Changed nice for pid 1674 from 1 to 18.
04-25 19:54:39.681 I/audio_hw_primary(   88): Set 'HeadPhone Function'.0 to 0
04-25 19:54:39.681 I/audio_hw_primary(   88): Set 'Earpiece Function'.0 to 0
04-25 19:54:39.681 I/audio_hw_primary(   88): Set 'Mic Function'.0 to 0
04-25 19:54:39.681 I/audio_hw_primary(   88): Set 'HP Mic Function'.0 to 0
04-25 19:54:39.681 I/audio_hw_primary(   88): Set 'Line Function'.0 to 0
04-25 19:54:39.681 I/audio_hw_primary(   88): Changing devices, mask: 0x00004002
04-25 19:54:39.681 I/audio_hw_primary(   88): Set 'Speaker Function'.0 to 1
04-25 19:54:39.681 W/audio_hw_primary(   88): GetAudio_pga_nv, dac_pga_gain_l:0xc3 adc_pga_gain_l:0xc fm_pga_gain_l:0xff fm_pga_gain_r:0xff device:0x2 vol_level:0x1 
04-25 19:54:39.681 D/audio_pga(   88): 'speaker-l' apply
04-25 19:54:39.681 I/audio_pga(   88): 'Master Playback Volume' set to 12
04-25 19:54:39.681 I/audio_pga(   88): 'Inter PA Playback Volume' set to 12
04-25 19:54:39.681 I/audio_pga(   88): 'VBC DACL DG Set' set to 0
04-25 19:54:39.681 I/audio_pga(   88): 'VBC DACL DG Switch' set to 0
04-25 19:54:39.681 D/audio_pga(   88): 'speaker-r' apply
04-25 19:54:39.681 I/audio_pga(   88): 'Master Playback Volume' set to 12
04-25 19:54:39.681 I/audio_pga(   88): 'Inter PA Playback Volume' set to 12
04-25 19:54:39.681 I/audio_pga(   88): 'VBC DACR DG Set' set to 0
04-25 19:54:39.681 I/audio_pga(   88): 'VBC DACR DG Switch' set to 0
04-25 19:54:39.681 W/audio_hw_primary(   88): SetAudio_gain_by_devices out, devices:0x2 
04-25 19:54:39.681 I/audio_hw_primary(   88): stream_routing_thread looping done.
04-25 19:54:39.681 I/audio_hw_primary(   88): stream_routing_thread looping now...
04-25 19:54:39.841 I/Gecko   (   83): 1398480879856	Marionette	INFO	sendToClient: {"from":"0","value":{"frame":{"ELEMENT":"{e6e91e98-29f4-417d-b4ab-7cc8dcee2d31}"},"src":"app://{7edd09b3-9a2f-44a8-8851-84f77f9080df}/index.html","name":"Flappy Bird Plus","origin":"app://{7edd09b3-9a2f-44a8-8851-84f77f9080df}"}}, {4c9bedeb-dd7a-49fe-a635-73ae2e7270cc}, {4c9bedeb-dd7a-49fe-a635-73ae2e7270cc}
04-25 19:54:39.851 E/GeckoConsole(   83): Content JS LOG at dummy file:326 in GaiaApps.launch/appOpen/<: app with origin 'app://{7edd09b3-9a2f-44a8-8851-84f77f9080df}' has launched
04-25 19:54:39.861 E/[Gralloc-ERROR](   83): int gralloc_unregister_buffer(const gralloc_module_t*, const native_handle_t*):274 Trying to unregister buffer 0x45ee6330 from process 83 that was not created in current process: 83
04-25 19:54:39.861 E/[Gralloc-ERROR](   83): int gralloc_unregister_buffer(const gralloc_module_t*, const native_handle_t*):274 Trying to unregister buffer 0x45ee6830 from process 83 that was not created in current process: 83
04-25 19:54:39.861 E/[Gralloc-ERROR](   83): int gralloc_unregister_buffer(const gralloc_module_t*, const native_handle_t*):274 Trying to unregister buffer 0x45ee6e70 from process 83 that was not created in current process: 83
04-25 19:54:39.861 E/[Gralloc-ERROR](   83): int gralloc_unregister_buffer(const gralloc_module_t*, const native_handle_t*):274 Trying to unregister buffer 0x45ee6bf0 from process 83 that was not created in current process: 83
04-25 19:54:39.871 I/Gecko   (   83): 1398480879882	Marionette	DEBUG	Got request: switchToFrame, data: {"to":"0","sessionId":"3-b2g","name":"switchToFrame","parameters":{"focus":true,"element":"{e6e91e98-29f4-417d-b4ab-7cc8dcee2d31}"}}, id: {efa92301-0be1-4c8b-8170-c5714cfa8474}
04-25 19:54:39.881 I/Gecko   (   83): 1398480879895	Marionette	INFO	Switched to frame: {"frameValue":"{e6e91e98-29f4-417d-b4ab-7cc8dcee2d31}"}
04-25 19:54:39.891 I/Gecko   (   83): 1398480879903	Marionette	INFO	trying remote frame 0
04-25 19:54:39.891 I/Gecko   (   83): 1398480879908	Marionette	INFO	trying remote frame 1
04-25 19:54:39.891 I/Gecko   (   83): 1398480879910	Marionette	INFO	trying remote frame 2
04-25 19:54:39.901 I/Gecko   (   83): 1398480879916	Marionette	INFO	deleting frame
04-25 19:54:39.911 I/Gecko   (   83): 1398480879922	Marionette	INFO	frame-manager load script: [object ChromeMessageSender]
04-25 19:54:40.481 I/Gecko   (   83): [Parent 83] WARNING: waitpid failed pid:1615 errno:10: file ../../../gecko/ipc/chromium/src/base/process_util_posix.cc, line 254
04-25 19:54:40.481 I/Gecko   (   83): [Parent 83] WARNING: Failed to deliver SIGKILL to 1615!(3).: file ../../../gecko/ipc/chromium/src/chrome/common/process_watcher_posix_sigchld.cc, line 118
04-25 19:54:41.141 W/WifiHW  (   83): wifi_command: SIGNAL_POLL
04-25 19:54:41.281 I/Gecko   (   83): 1398480881294	Marionette	INFO	sendToClient: {"from":"0","ok":true}, {efa92301-0be1-4c8b-8170-c5714cfa8474}, {efa92301-0be1-4c8b-8170-c5714cfa8474}
04-25 19:54:41.471 I/Gecko   (   83): 1398480881481	Marionette	INFO	sendToClient: {"from":"0","value":"app://{7edd09b3-9a2f-44a8-8851-84f77f9080df}/index.html"}, {7970fbd1-18d4-4371-8f7d-3eb601cad761}, {7970fbd1-18d4-4371-8f7d-3eb601cad761}
04-25 19:54:41.471 I/Gecko   (   83): 1398480881488	Marionette	DEBUG	Got request: execute, data: {"to":"0","sessionId":"3-b2g","name":"executeScript","parameters":{"specialPowers":false,"scriptTimeout":null,"newSandbox":true,"args":[],"filename":"app_checker.py","script":"return window.document.readyState;","line":191}}, id: {c6d8591e-bea1-450b-96e2-d9b5f21544da}
04-25 19:54:41.551 I/Gecko   (   83): 1398480881562	Marionette	INFO	sendToClient: {"from":"0","value":"complete"}, {c6d8591e-bea1-450b-96e2-d9b5f21544da}, {c6d8591e-bea1-450b-96e2-d9b5f21544da}
04-25 19:54:41.561 I/Gecko   (   83): 1398480881575	Marionette	INFO	sendToClient: {"from":"0","value":"app://{7edd09b3-9a2f-44a8-8851-84f77f9080df}/index.html"}, {a572ad81-18d8-4a82-ab8a-f0bc0254f7da}, {a572ad81-18d8-4a82-ab8a-f0bc0254f7da}
04-25 19:54:41.591 I/Gecko   ( 1623): Attempting load of libEGL.so
04-25 19:54:41.651 D/libEGL  ( 1623): loaded /system/lib/egl/libEGL_mali.so
04-25 19:54:41.671 D/libEGL  ( 1623): loaded /system/lib/egl/libGLESv1_CM_mali.so
04-25 19:54:41.681 D/libEGL  ( 1623): loaded /system/lib/egl/libGLESv2_mali.so
04-25 19:54:41.721 I/Gecko   ( 1623): SharedSurface_Gralloc::Create -------
04-25 19:54:41.751 I/Gecko   ( 1623): SharedSurface_Gralloc::Create: success -- surface 0x442cdac0, GraphicBuffer 0x442c5d80.
04-25 19:54:42.281 I/log     ( 1703): <4>0[ 443.477920] select 1674 ((Preallocated a), adj 8, size 2902, to kill 
04-25 19:54:42.741 I/Gecko   (   83): 
04-25 19:54:42.741 I/Gecko   (   83): ###!!! [Parent][MessageChannel] Error: Channel error: cannot send/recv
04-25 19:54:42.741 I/Gecko   (   83): 
04-25 19:54:42.851 I/Gecko   (   83): [Parent 83] WARNING: waitpid failed pid:1674 errno:10: file ../../../gecko/ipc/chromium/src/base/process_util_posix.cc, line 254
04-25 19:54:42.951 I/Gecko   (   83): 1398480882963	Marionette	INFO	sendToClient: {"from":"0","value":"iVBORw0KGgoAAAANSUhEUgAAAUAAAAHMCAYAAACk4nEJAAAI7ElEQVR4nO3a7aufdR3A8Qu32XSKOytDo5TcKrI729w0qgc96GaKwxu6GYGuoiglM6Sy1IamhjfbzqlAyAcSQlFQQqXElKbNmwxv1knX+W++PfJwKjsLcx2O79eD14Pf9flxwefJm+v6fX/TNE1jqYX5OYDXrX9pngACHQIIZAkgkCWAQJYAAlkCCGQJIJAlgECWAAJZAghkCSCQJYBAlgACWQIIZAkgkCWAQJYAAlkCCGQJIJAlgECWAAJZAghkCSCQJYBAlgACWQIIZAkgkCWAQJYAAlkCCGQJIJAlgECWAAJZAghkCSCQJYBAlgACWQIIZAkgkCWAQJYAAlkCCGQJIJAlgECWAAJZAghkCSCQJYBAlgACWQIIZAkgkCWAQJYAAlkCCGQJIJAlgECWAAJZAghkCSCQJYBAlgACWQIIZAkgkCWAQJYAAlkCCGQJIJAlgECWAAJZAghkCSCQJYBAlgACWQIIZAkgkCWAQJYAAlkCCGQJIJAlgECWAAJZAghkCSCQJYBAlgACWQIIZAkgkCWAQJYAAlkCCGQJIJAlgECWAAJZAghkCSCQJYBAlgACWQIIZAkgkCWAQJYAAlkCCGQJIJAlgECWAAJZAghkCSCQJYBAlgACWQIIZAkgkCWAQJYAAlkCCGQJIJAlgECWAAJZAghkCSCQJYBAlgACWQIIZAkgkCWAQJYAAlkCCGQJIJAlgECWAAJZAghkCSCQJYBAlgACWQIIZAkgkCWAQJYAAlkCCGQJIJAlgECWAAJZAghkCSCQJYBAlgACWQIIZAkgkCWAQJYAAlkCCGQJIJAlgECWAAJZAghkCSCQJYBAlgACWQIIZAkgkCWAQJYAAlkCCGQJIJAlgECWAAJZAghkCSCQJYBAlgACWQIIZAkgkCWAQJYAAl
04-25 19:54:43.051 I/Gecko   ( 1623): SharedSurface_Gralloc::Create -------
04-25 19:54:43.071 I/Gecko   ( 1623): SharedSurface_Gralloc::Create: success -- surface 0x4436c640, GraphicBuffer 0x442c6f00.
04-25 19:54:43.101 I/Gecko   (   83): 1398480883117	Marionette	INFO	sendToClient: {"from":"0","ok":true}, {c60283eb-9aa9-47ef-86aa-4e6732903a3f}, {c60283eb-9aa9-47ef-86aa-4e6732903a3f}
04-25 19:54:43.201 I/Gecko   (   83): 1398480883214	Marionette	DEBUG	Got request: switchToFrame, data: {"to":"0","sessionId":"3-b2g","name":"switchToFrame","parameters":{"id":null,"focus":true}}, id: {57de093d-4ed7-468c-8647-f1d4397b5bcf}
04-25 19:54:43.241 I/Gonk    (   83): Setting nice for pid 1704 to 18
04-25 19:54:43.251 I/Gonk    (   83): Changed nice for pid 1704 from 0 to 18.
04-25 19:54:43.261 I/Gecko   (   83): 1398480883278	Marionette	INFO	Switched to frame: {"frameValue":null}
04-25 19:54:43.381 I/Gecko   (   83): 1398480883400	Marionette	INFO	sendToClient: {"from":"0","ok":true}, {57de093d-4ed7-468c-8647-f1d4397b5bcf}, {57de093d-4ed7-468c-8647-f1d4397b5bcf}
04-25 19:54:43.401 I/Gecko   (   83): 1398480883411	Marionette	DEBUG	Got request: executeWithCallback, data: {"to":"0","sessionId":"3-b2g","name":"executeAsyncScript","parameters":{"specialPowers":false,"scriptTimeout":null,"newSandbox":true,"args":[],"filename":"gaia_test.py","script":"return GaiaApps.displayedApp();","line":66}}, id: {ba5d3470-6a3b-4079-acf1-2a84942f8fe9}
04-25 19:54:43.691 E/GeckoConsole(   83): Content JS LOG at dummy file:392 in GaiaApps.displayedApp: app with origin 'app://{7edd09b3-9a2f-44a8-8851-84f77f9080df}' is displayed
04-25 19:54:43.691 I/Gecko   (   83): 1398480883709	Marionette	INFO	sendToClient: {"from":"0","value":{"frame":{"ELEMENT":"{e6e91e98-29f4-417d-b4ab-7cc8dcee2d31}"},"src":"app://{7edd09b3-9a2f-44a8-8851-84f77f9080df}/index.html","name":"Flappy Bird Plus","origin":"app://{7edd09b3-9a2f-44a8-8851-84f77f9080df}"}}, {ba5d3470-6a3b-4079-acf1-2a84942f8fe9}, {ba5d3470-6a3b-4079-acf1-2a84942f8fe9}
04-25 19:54:43.741 I/Gecko   (   83): 1398480883751	Marionette	DEBUG	Got request: switchToFrame, data: {"to":"0","sessionId":"3-b2g","name":"switchToFrame","parameters":{"id":null,"focus":true}}, id: {9bfed6a4-5d52-45ce-b171-23a9c88bf62e}
04-25 19:54:43.741 I/Gecko   (   83): 1398480883753	Marionette	INFO	Switched to frame: {"frameValue":null}
04-25 19:54:43.841 I/Gecko   (   83): 1398480883857	Marionette	INFO	sendToClient: {"from":"0","ok":true}, {9bfed6a4-5d52-45ce-b171-23a9c88bf62e}, {9bfed6a4-5d52-45ce-b171-23a9c88bf62e}
04-25 19:54:43.921 I/Gecko   (   83): 1398480883935	Marionette	DEBUG	Got request: execute, data: {"to":"0","sessionId":"3-b2g","name":"executeScript","parameters":{"specialPowers":false,"scriptTimeout":null,"newSandbox":true,"args":[],"filename":"gaia_test.py","script":"window.wrappedJSObject.dispatchEvent(new Event('home'));","line":788}}, id: {6c042c8c-f81a-472e-add6-f6d245d0d748}
04-25 19:54:44.051 I/Gonk    (   83): Setting nice for pid 1704 to 18
04-25 19:54:44.051 I/Gonk    (   83): Changed nice for pid 1704 from 18 to 18.
04-25 19:54:44.051 I/Gecko   (   83): [Parent 83] WARNING: waitpid failed pid:1704 errno:10: file ../../../gecko/ipc/chromium/src/base/process_util_posix.cc, line 254
04-25 19:54:44.051 I/Gonk    (   83): Setting nice for pid 1704 to 1
04-25 19:54:44.061 I/Gonk    (   83): Changed nice for pid 1704 from 18 to 1.
04-25 19:54:44.081 D/Sensors (   83): activate handle=0; drv=0
04-25 19:54:44.081 D/Sensors (   83): Lis3dhSensor: Control set 0
04-25 19:54:44.081 D/Sensors (   83): Lis3dhSensor: mEnabled = 0
04-25 19:54:44.131 I/Gecko   (   83): 1398480884149	Marionette	INFO	sendToClient: {"from":"0","value":null}, {6c042c8c-f81a-472e-add6-f6d245d0d748}, {6c042c8c-f81a-472e-add6-f6d245d0d748}
04-25 19:54:44.181 I/Gecko   (   83): 1398480884191	Marionette	DEBUG	Got request: switchToFrame, data: {"to":"0","sessionId":"3-b2g","name":"switchToFrame","parameters":{"id":null,"focus":true}}, id: {3ffbaab3-5789-4e16-96f7-73a1b3118457}
04-25 19:54:44.181 I/Gecko   (   83): 1398480884194	Marionette	INFO	Switched to frame: {"frameValue":null}
04-25 19:54:44.211 I/Gecko   ( 1623): SharedSurface_Gralloc::Create -------
04-25 19:54:44.281 I/Gecko   (   83): 1398480884297	Marionette	INFO	sendToClient: {"from":"0","ok":true}, {3ffbaab3-5789-4e16-96f7-73a1b3118457}, {3ffbaab3-5789-4e16-96f7-73a1b3118457}
04-25 19:54:44.291 I/Gecko   (   83): 1398480884304	Marionette	DEBUG	Got request: executeWithCallback, data: {"to":"0","sessionId":"3-b2g","name":"executeAsyncScript","parameters":{"specialPowers":false,"scriptTimeout":null,"newSandbox":true,"args":[],"filename":"gaia_test.py","script":"return GaiaApps.displayedApp();","line":66}}, id: {abc475df-d3e2-414b-bb69-568c435e5fd8}
04-25 19:54:44.351 I/Gecko   ( 1623): SharedSurface_Gralloc::Create: success -- surface 0x4436ce00, GraphicBuffer 0x442c6e80.
04-25 19:54:44.541 E/GeckoConsole(   83): Content JS LOG at dummy file:392 in GaiaApps.displayedApp: app with origin 'app://homescreen.gaiamobile.org' is displayed
04-25 19:54:44.551 I/Gecko   (   83): 1398480884561	Marionette	INFO	sendToClient: {"from":"0","value":{"frame":{"ELEMENT":"{b0824a76-c614-49c0-b26a-043cad95a748}"},"src":"app://homescreen.gaiamobile.org/index.html#root","name":"Homescreen","origin":"app://homescreen.gaiamobile.org"}}, {abc475df-d3e2-414b-bb69-568c435e5fd8}, {abc475df-d3e2-414b-bb69-568c435e5fd8}
04-25 19:54:44.561 I/Gecko   (   83): 1398480884579	Marionette	DEBUG	Got request: switchToFrame, data: {"to":"0","sessionId":"3-b2g","name":"switchToFrame","parameters":{"id":null,"focus":true}}, id: {76ba4279-9c30-4dac-8de8-38350fb6232c}
04-25 19:54:44.571 I/Gecko   (   83): 1398480884589	Marionette	INFO	Switched to frame: {"frameValue":null}
04-25 19:54:44.681 I/Gecko   (   83): 1398480884699	Marionette	INFO	sendToClient: {"from":"0","ok":true}, {76ba4279-9c30-4dac-8de8-38350fb6232c}, {76ba4279-9c30-4dac-8de8-38350fb6232c}
04-25 19:54:44.691 I/Gecko   (   83): 1398480884706	Marionette	DEBUG	Got request: switchToFrame, data: {"to":"0","sessionId":"3-b2g","name":"switchToFrame","parameters":{"id":null,"focus":true}}, id: {e4c75fed-4487-4168-b71b-29892f19370b}
04-25 19:54:44.691 I/Gecko   (   83): 1398480884708	Marionette	INFO	Switched to frame: {"frameValue":null}
04-25 19:54:44.751 I/Gecko   ( 1623): SharedSurface_Gralloc::Create -------
04-25 19:54:44.831 I/Gecko   (   83): 1398480884841	Marionette	INFO	sendToClient: {"from":"0","ok":true}, {e4c75fed-4487-4168-b71b-29892f19370b}, {e4c75fed-4487-4168-b71b-29892f19370b}
04-25 19:54:44.831 I/Gecko   (   83): 1398480884848	Marionette	DEBUG	Got request: executeWithCallback, data: {"to":"0","sessionId":"3-b2g","name":"executeAsyncScript","parameters":{"specialPowers":false,"scriptTimeout":null,"newSandbox":true,"args":[],"filename":"gaia_test.py","script":"return GaiaApps.displayedApp();","line":66}}, id: {6597e3f0-2bcb-43c3-905d-d47df56d4174}
04-25 19:54:44.841 I/Gecko   ( 1623): SharedSurface_Gralloc::Create: success -- surface 0x442d8bc0, GraphicBuffer 0x453f2b00.
04-25 19:54:44.851 I/Gecko   (   83): [Parent 83] WARNING: waitpid failed pid:1674 errno:10: file ../../../gecko/ipc/chromium/src/base/process_util_posix.cc, line 254
04-25 19:54:44.851 I/Gecko   (   83): [Parent 83] WARNING: Failed to deliver SIGKILL to 1674!(3).: file ../../../gecko/ipc/chromium/src/chrome/common/process_watcher_posix_sigchld.cc, line 118
04-25 19:54:46.111 I/Gecko   (   83): 1398480886124	Marionette	INFO	sendToClient: {"from":"0","value":{"frame":{"ELEMENT":"{b0824a76-c614-49c0-b26a-043cad95a748}"},"src":"app://homescreen.gaiamobile.org/index.html#root","name":"Homescreen","origin":"app://homescreen.gaiamobile.org"}}, {6597e3f0-2bcb-43c3-905d-d47df56d4174}, {6597e3f0-2bcb-43c3-905d-d47df56d4174}
04-25 19:54:46.131 E/GeckoConsole(   83): Content JS LOG at dummy file:392 in GaiaApps.displayedApp: app with origin 'app://homescreen.gaiamobile.org' is displayed
04-25 19:54:46.631 W/WifiHW  (   83): wifi_command: SIGNAL_POLL
04-25 19:54:46.771 I/Gecko   (   83): 1398480886781	Marionette	DEBUG	Got request: switchToFrame, data: {"to":"0","sessionId":"3-b2g","name":"switchToFrame","parameters":{"focus":true,"element":"{b0824a76-c614-49c0-b26a-043cad95a748}"}}, id: {4da79937-f4cf-459f-99d9-0e3327563184}
04-25 19:54:46.831 I/Gecko   (   83): 1398480886843	Marionette	INFO	Switched to frame: {"frameValue":"{b0824a76-c614-49c0-b26a-043cad95a748}"}
04-25 19:54:46.911 I/Gecko   (   83): 1398480886928	Marionette	INFO	trying remote frame 0
04-25 19:54:46.921 I/Gecko   (   83): 1398480886932	Marionette	INFO	trying remote frame 1
04-25 19:54:46.921 I/Gecko   (   83): 1398480886934	Marionette	INFO	trying remote frame 2
04-25 19:54:46.931 I/Gecko   (   83): 1398480886944	Marionette	INFO	deleting frame
04-25 19:54:46.931 I/Gecko   (   83): 1398480886949	Marionette	INFO	frame-manager load script: [object ChromeMessageSender]
04-25 19:54:46.971 I/Gonk    (   83): Setting nice for pid 1623 to 7
04-25 19:54:46.981 I/Gonk    (   83): Changed nice for pid 1623 from 1 to 7.
04-25 19:54:47.141 I/Gecko   (   83): 
04-25 19:54:47.141 I/Gecko   (   83): ###!!! [Parent][MessageChannel] Error: Channel error: cannot send/recv
04-25 19:54:47.141 I/Gecko   (   83): 
04-25 19:54:47.241 V/AudioPolicyManagerBase(   88): stopOutput() output 1, stream 1, session 8
04-25 19:54:47.261 V/AudioPolicyManagerBase(   88): changeRefCount() stream 1, count 0
04-25 19:54:47.261 V/AudioPolicyManagerBase(   88): getNewDevice() selected device 0
04-25 19:54:47.261 D/AudioPolicyManagerBase(   88): setOutputDevice() output 1 device 0 delayMs 290
04-25 19:54:47.261 V/AudioPolicyManagerBase(   88): setOutputDevice() setting same device 0 or null device for output 1
04-25 19:54:47.271 I/Gecko   (   83): [Parent 83] WARNING: waitpid failed pid:1623 errno:10: file ../../../gecko/ipc/chromium/src/base/process_util_posix.cc, line 254
04-25 19:54:47.281 V/AudioPolicyManagerBase(   88): releaseOutput() 1
04-25 19:54:48.231 I/Gecko   ( 1704): ###################################### forms.js loaded
04-25 19:54:48.251 I/Gecko   ( 1704): ############################### browserElementPanning.js loaded
04-25 19:54:48.271 I/Gecko   ( 1704): ######################## BrowserElementChildPreload.js loaded
04-25 19:54:49.071 I/Gecko   (   83): 1398480889084	Marionette	INFO	sendToClient: {"from":"0","ok":true}, {4da79937-f4cf-459f-99d9-0e3327563184}, {4da79937-f4cf-459f-99d9-0e3327563184}
04-25 19:54:49.171 I/Gonk    (   83): Setting nice for pid 1718 to 18
04-25 19:54:49.171 I/Gonk    (   83): Changed nice for pid 1718 from 0 to 18.
04-25 19:54:49.271 I/Gecko   (   83): [Parent 83] WARNING: waitpid failed pid:1623 errno:10: file ../../../gecko/ipc/chromium/src/base/process_util_posix.cc, line 254
04-25 19:54:49.271 I/Gecko   (   83): [Parent 83] WARNING: Failed to deliver SIGKILL to 1623!(3).: file ../../../gecko/ipc/chromium/src/chrome/common/process_watcher_posix_sigchld.cc, line 118
04-25 19:54:49.491 I/Gecko   (   83): 1398480889506	Marionette	INFO	sendToClient: {"from":"0","value":"app://homescreen.gaiamobile.org/index.html#root"}, {83cdfef3-074e-4b69-8c34-f819cecb655a}, {83cdfef3-074e-4b69-8c34-f819cecb655a}
04-25 19:54:49.521 I/Gecko   (   83): 1398480889537	Marionette	DEBUG	Got request: switchToFrame, data: {"to":"0","sessionId":"3-b2g","name":"switchToFrame","parameters":{"id":null,"focus":true}}, id: {cab41190-5f2d-443e-9513-42307d2cb407}
04-25 19:54:49.541 I/Gecko   (   83): 1398480889553	Marionette	INFO	Switched to frame: {"frameValue":null}
04-25 19:54:49.641 I/Gecko   (   83): 1398480889656	Marionette	INFO	sendToClient: {"from":"0","ok":true}, {cab41190-5f2d-443e-9513-42307d2cb407}, {cab41190-5f2d-443e-9513-42307d2cb407}
04-25 19:54:49.651 I/Gecko   (   83): 1398480889663	Marionette	DEBUG	Got request: switchToFrame, data: {"to":"0","sessionId":"3-b2g","name":"switchToFrame","parameters":{"id":null,"focus":true}}, id: {04f3d484-9e68-4c47-ab8d-046a2beec16d}
04-25 19:54:49.651 I/Gecko   (   83): 1398480889666	Marionette	INFO	Switched to frame: {"frameValue":null}
04-25 19:54:49.751 I/Gecko   (   83): 1398480889768	Marionette	INFO	sendToClient: {"from":"0","ok":true}, {04f3d484-9e68-4c47-ab8d-046a2beec16d}, {04f3d484-9e68-4c47-ab8d-046a2beec16d}
04-25 19:54:49.761 I/Gecko   (   83): 1398480889775	Marionette	DEBUG	Got request: executeWithCallback, data: {"to":"0","sessionId":"3-b2g","name":"executeAsyncScript","parameters":{"specialPowers":false,"scriptTimeout":null,"newSandbox":true,"args":[],"filename":"gaia_test.py","script":"GaiaApps.killAll()","line":91}}, id: {68fc4672-1ca6-4cc5-8945-497aa1735af8}
04-25 19:54:49.811 I/Gecko   (   83): 1398480889823	Marionette	INFO	sendToClient: {"from":"0","value":true}, {68fc4672-1ca6-4cc5-8945-497aa1735af8}, {68fc4672-1ca6-4cc5-8945-497aa1735af8}
04-25 19:54:49.811 I/Gecko   (   83): 1398480889829	Marionette	DEBUG	Got request: switchToFrame, data: {"to":"0","sessionId":"3-b2g","name":"switchToFrame","parameters":{"id":null,"focus":true}}, id: {f4449c1d-6284-4ec6-8ce5-837eb357155b}
04-25 19:54:49.821 I/Gecko   (   83): 1398480889833	Marionette	INFO	Switched to frame: {"frameValue":null}
04-25 19:54:49.941 I/Gecko   (   83): 1398480889951	Marionette	INFO	sendToClient: {"from":"0","ok":true}, {f4449c1d-6284-4ec6-8ce5-837eb357155b}, {f4449c1d-6284-4ec6-8ce5-837eb357155b}
04-25 19:54:49.941 I/Gecko   (   83): 1398480889959	Marionette	DEBUG	Got request: executeWithCallback, data: {"to":"0","sessionId":"3-b2g","name":"executeAsyncScript","parameters":{"specialPowers":false,"scriptTimeout":60000,"newSandbox":true,"args":[],"filename":"app_checker.py","script":"\n        GaiaApps.locateWithManifestURL('https://marketplace.firefox.com/app/5bd02e34-8ccb-4a1f-8459-e000d78907da/manifest.webapp',\n                                       null,\n                                       function uninstall(app) {\n                                       navigator.mozApps.mgmt.uninstall(app);\n                                       marionetteScriptFinished(true);\n                                       });\n        ","line":129}}, id: {c033230a-7c2b-4c76-b46a-4b148de07d83}
04-25 19:54:49.981 I/Gecko   (   83): -- webapps.js uninstall https://marketplace.firefox.com/app/5bd02e34-8ccb-4a1f-8459-e000d78907da/manifest.webapp
04-25 19:54:50.171 W/audio_hw_primary(   88): do_output_standby.mode:0 
04-25 19:54:50.261 I/Gecko   (   83): 1398480890271	Marionette	INFO	sendToClient: {"from":"0","value":true}, {c033230a-7c2b-4c76-b46a-4b148de07d83}, {c033230a-7c2b-4c76-b46a-4b148de07d83}