--------- beginning of /dev/log/main
04-25 19:24:13.147 I/Gecko   (   83): 1398479053159	Marionette	DEBUG	Got request: executeWithCallback, data: {"to":"0","sessionId":"3-b2g","name":"executeAsyncScript","parameters":{"specialPowers":false,"scriptTimeout":null,"newSandbox":true,"args":[],"filename":"gaia_test.py","script":"return GaiaApps.displayedApp();","line":66}}, id: {ae52e8f3-bb6f-4d0b-b05d-0cdbf7bbb634}
04-25 19:24:13.237 I/Gecko   (   83): 1398479053247	Marionette	INFO	sendToClient: {"from":"0","value":{"frame":{"ELEMENT":"{d47f4397-6199-4164-a4e8-5be40c4a722a}"},"src":"app://homescreen.gaiamobile.org/index.html#root","name":"Homescreen","origin":"app://homescreen.gaiamobile.org"}}, {ae52e8f3-bb6f-4d0b-b05d-0cdbf7bbb634}, {ae52e8f3-bb6f-4d0b-b05d-0cdbf7bbb634}
04-25 19:24:13.247 E/GeckoConsole(   83): Content JS LOG at dummy file:392 in GaiaApps.displayedApp: app with origin 'app://homescreen.gaiamobile.org' is displayed
04-25 19:24:13.247 I/Gecko   (   83): 1398479053265	Marionette	DEBUG	Got request: switchToFrame, data: {"to":"0","sessionId":"3-b2g","name":"switchToFrame","parameters":{"focus":true,"element":"{d47f4397-6199-4164-a4e8-5be40c4a722a}"}}, id: {84fd7d54-59f7-4c40-a965-59bc9dd8a6c3}
04-25 19:24:13.357 I/Gecko   (   83): 1398479053374	Marionette	INFO	Switched to frame: {"frameValue":"{d47f4397-6199-4164-a4e8-5be40c4a722a}"}
04-25 19:24:13.397 I/Gecko   (   83): 1398479053406	Marionette	INFO	trying remote frame 0
04-25 19:24:13.397 I/Gecko   (   83): 1398479053416	Marionette	INFO	trying remote frame 1
04-25 19:24:13.407 I/Gecko   (   83): 1398479053417	Marionette	INFO	trying remote frame 2
04-25 19:24:13.407 I/Gecko   (   83): 1398479053419	Marionette	INFO	trying remote frame 3
04-25 19:24:13.407 I/Gecko   (   83): 1398479053420	Marionette	INFO	deleting frame
04-25 19:24:13.417 I/Gecko   (   83): 1398479053435	Marionette	INFO	frame-manager load script: [object ChromeMessageSender]
04-25 19:24:14.017 E/[Gralloc-ERROR](   83): int gralloc_register_buffer(const gralloc_module_t*, const native_handle_t*):79 Unable to register handle 0x45e576f0 coming from different process: 83
04-25 19:24:14.047 E/[Gralloc-ERROR](   83): int gralloc_register_buffer(const gralloc_module_t*, const native_handle_t*):79 Unable to register handle 0x45e58b50 coming from different process: 83
04-25 19:24:14.177 E/[Gralloc-ERROR](   83): int gralloc_register_buffer(const gralloc_module_t*, const native_handle_t*):79 Unable to register handle 0x45e58c90 coming from different process: 83
04-25 19:24:14.177 E/[Gralloc-ERROR](   83): int gralloc_register_buffer(const gralloc_module_t*, const native_handle_t*):79 Unable to register handle 0x45e58d30 coming from different process: 83
04-25 19:24:14.307 W/WifiHW  (   83): wifi_command: SIGNAL_POLL
04-25 19:24:14.357 E/[Gralloc-ERROR](   83): int gralloc_unregister_buffer(const gralloc_module_t*, const native_handle_t*):274 Trying to unregister buffer 0x45e58b50 from process 83 that was not created in current process: 83
04-25 19:24:14.357 E/[Gralloc-ERROR](   83): int gralloc_unregister_buffer(const gralloc_module_t*, const native_handle_t*):274 Trying to unregister buffer 0x45e576f0 from process 83 that was not created in current process: 83
04-25 19:24:14.377 E/[Gralloc-ERROR](   83): int gralloc_unregister_buffer(const gralloc_module_t*, const native_handle_t*):274 Trying to unregister buffer 0x45e58d30 from process 83 that was not created in current process: 83
04-25 19:24:14.397 E/[Gralloc-ERROR](   83): int gralloc_unregister_buffer(const gralloc_module_t*, const native_handle_t*):274 Trying to unregister buffer 0x45e58c90 from process 83 that was not created in current process: 83
04-25 19:24:15.407 E/[Gralloc-ERROR](   83): int gralloc_unregister_buffer(const gralloc_module_t*, const native_handle_t*):274 Trying to unregister buffer 0x4a7cf6f0 from process 83 that was not created in current process: 83
04-25 19:24:15.407 E/[Gralloc-ERROR](   83): int gralloc_unregister_buffer(const gralloc_module_t*, const native_handle_t*):274 Trying to unregister buffer 0x4a7cf600 from process 83 that was not created in current process: 83
04-25 19:24:15.457 E/Profiler(   83): BPUnw: [1 total] thread_unregister_for_profiling(me=0x1d2a528)  (NOT REGISTERED) 
04-25 19:24:15.947 I/Gecko   (   83): 1398479055964	Marionette	INFO	sendToClient: {"from":"0","ok":true}, {84fd7d54-59f7-4c40-a965-59bc9dd8a6c3}, {84fd7d54-59f7-4c40-a965-59bc9dd8a6c3}
04-25 19:24:16.427 I/Gecko   (   83): 1398479056438	Marionette	INFO	sendToClient: {"from":"0","value":[]}, {371344aa-7bc8-4ad6-b0e8-f4796a8d9fa3}, {371344aa-7bc8-4ad6-b0e8-f4796a8d9fa3}
04-25 19:24:16.487 I/Gecko   (   83): 1398479056498	Marionette	INFO	sendToClient: {"from":"0","value":[]}, {efacf278-4a62-4ef4-ae12-df958db7f487}, {efacf278-4a62-4ef4-ae12-df958db7f487}
04-25 19:24:18.347 I/Gonk    (   83): Setting nice for pid 2865 to 18
04-25 19:24:18.357 I/Gonk    (   83): Changed nice for pid 2865 from 0 to 18.
04-25 19:24:19.347 W/WifiHW  (   83): wifi_command: SIGNAL_POLL
04-25 19:24:21.057 I/Gecko   (   83): 1398479061068	Marionette	INFO	sendToClient: {"from":"0","value":["{07312c83-fdc9-445b-b27b-e77fe6b454fe}","{e87d81e0-52bd-4e5e-89a7-27283f33cc86}","{63f679bc-f374-4800-b872-796ebb7cb2a0}","{96123973-6184-438f-9559-c35a3bd18ef6}","{5606f256-89cd-4a28-b506-7564e18c4a1e}","{b27ed038-9a76-44a3-b9ce-813ec0efa717}","{156e1e18-0d7a-4f75-91cf-eed5cdecadbd}","{df5e0c77-4dd1-4d61-99de-158c27c6d14e}","{00d3e143-a333-4932-908b-aeb1fa03077a}","{3f10df13-4cbb-4269-a7a3-afc7b6f681b6}","{5233feeb-1d86-4eb8-af3f-26da8ec7ab93}","{17b427b9-848b-4ade-8948-75f6c07597fa}","{917d0886-9b06-47f1-b166-6fbc01fc7e82}","{3732d865-8969-4c13-a6ec-b7ffd192e7c5}","{3c43111b-1eb4-4832-838c-d79259d67311}","{94749b44-988f-47f4-bb67-1c8a7ca1f3c2}","{5ebcf80b-a3d0-4513-8ddd-014aef7bda64}","{1ff4436b-820a-430e-8c29-e6d8b003d558}","{c2e20f43-697e-471f-a9b8-fa3c61141ab0}","{3ebdf356-82a8-4ccd-8223-b5cc48f7b5d6}","{21f45782-e384-480e-a4a5-10013c794e5a}"]}, {ad4e497a-dd72-4560-87f0-f9508d159605}, {ad4e497a-dd72-4560-87f0-f9508d159605}
04-25 19:24:21.337 E/GeckoConsole( 2817): Content JS WARN at app://homescreen.gaiamobile.org/gaia_build_defer_index.js:184 in isHiddenApp: Unexpected role when checking hidden app: undefined
04-25 19:24:21.347 E/GeckoConsole( 2817): Content JS WARN at app://homescreen.gaiamobile.org/gaia_build_defer_index.js:184 in isHiddenApp: Unexpected role when checking hidden app: undefined
04-25 19:24:21.357 E/GeckoConsole( 2817): Content JS WARN at app://homescreen.gaiamobile.org/gaia_build_defer_index.js:184 in isHiddenApp: Unexpected role when checking hidden app: undefined
04-25 19:24:21.367 E/GeckoConsole( 2817): Content JS WARN at app://homescreen.gaiamobile.org/gaia_build_defer_index.js:184 in isHiddenApp: Unexpected role when checking hidden app: undefined
04-25 19:24:21.397 E/GeckoConsole( 2817): Content JS WARN at app://homescreen.gaiamobile.org/gaia_build_defer_index.js:184 in isHiddenApp: Unexpected role when checking hidden app: undefined
04-25 19:24:21.407 E/GeckoConsole( 2817): Content JS WARN at app://homescreen.gaiamobile.org/gaia_build_defer_index.js:184 in isHiddenApp: Unexpected role when checking hidden app: undefined
04-25 19:24:21.427 E/GeckoConsole( 2817): Content JS WARN at app://homescreen.gaiamobile.org/gaia_build_defer_index.js:184 in isHiddenApp: Unexpected role when checking hidden app: undefined
04-25 19:24:21.447 E/GeckoConsole( 2817): Content JS WARN at app://homescreen.gaiamobile.org/gaia_build_defer_index.js:184 in isHiddenApp: Unexpected role when checking hidden app: undefined
04-25 19:24:21.457 E/GeckoConsole( 2817): Content JS WARN at app://homescreen.gaiamobile.org/gaia_build_defer_index.js:184 in isHiddenApp: Unexpected role when checking hidden app: undefined
04-25 19:24:21.457 E/GeckoConsole( 2817): Content JS WARN at app://homescreen.gaiamobile.org/gaia_build_defer_index.js:184 in isHiddenApp: Unexpected role when checking hidden app: undefined
04-25 19:24:21.457 E/GeckoConsole( 2817): Content JS WARN at app://homescreen.gaiamobile.org/gaia_build_defer_index.js:184 in isHiddenApp: Unexpected role when checking hidden app: undefined
04-25 19:24:21.457 E/GeckoConsole( 2817): Content JS WARN at app://homescreen.gaiamobile.org/gaia_build_defer_index.js:184 in isHiddenApp: Unexpected role when checking hidden app: undefined
04-25 19:24:21.477 E/GeckoConsole( 2817): Content JS WARN at app://homescreen.gaiamobile.org/gaia_build_defer_index.js:184 in isHiddenApp: Unexpected role when checking hidden app: undefined
04-25 19:24:21.477 E/GeckoConsole( 2817): Content JS WARN at app://homescreen.gaiamobile.org/gaia_build_defer_index.js:184 in isHiddenApp: Unexpected role when checking hidden app: undefined
04-25 19:24:21.477 E/GeckoConsole( 2817): Content JS WARN at app://homescreen.gaiamobile.org/gaia_build_defer_index.js:184 in isHiddenApp: Unexpected role when checking hidden app: undefined
04-25 19:24:21.487 E/GeckoConsole( 2817): Content JS WARN at app://homescreen.gaiamobile.org/gaia_build_defer_index.js:184 in isHiddenApp: Unexpected role when checking hidden app: undefined
04-25 19:24:21.487 E/GeckoConsole( 2817): Content JS WARN at app://homescreen.gaiamobile.org/gaia_build_defer_index.js:184 in isHiddenApp: Unexpected role when checking hidden app: undefined
04-25 19:24:22.347 I/Gecko   (   83): 1398479062365	Marionette	INFO	sendToClient: {"from":"0","value":"<div><img src=\"blob:92fd12d8-cc7a-44f7-a2dc-38f12e461a1d\" style=\"visibility: visible;\" role=\"presentation\" height=\"64\" width=\"64\"><span class=\"labelWrapper\"><span>Social</span></span></div><span data-is-icon=\"true\" class=\"options\"></span>"}, {435a2604-4557-43ef-975e-7ad96e34013f}, {435a2604-4557-43ef-975e-7ad96e34013f}
04-25 19:24:22.457 I/Gecko   (   83): 1398479062475	Marionette	INFO	sendToClient: {"from":"0","value":"<div><img src=\"blob:f53c78f3-4c41-45a2-8afb-e308a944c7fe\" style=\"visibility: visible;\" role=\"presentation\" height=\"64\" width=\"64\"><span class=\"labelWrapper\"><span>Games</span></span></div><span data-is-icon=\"true\" class=\"options\"></span>"}, {f7adbdff-8e4a-418c-9aa8-becdebb25dbe}, {f7adbdff-8e4a-418c-9aa8-becdebb25dbe}
04-25 19:24:22.517 I/Gecko   (   83): 1398479062536	Marionette	INFO	sendToClient: {"from":"0","value":"<div><img src=\"blob:4c608703-781e-4543-9b55-f0729cdd2bdb\" style=\"visibility: visible;\" role=\"presentation\" height=\"64\" width=\"64\"><span class=\"labelWrapper\"><span>Music</span></span></div><span data-is-icon=\"true\" class=\"options\"></span>"}, {33368f40-223b-4ea0-8bb4-88a0617cef7a}, {33368f40-223b-4ea0-8bb4-88a0617cef7a}
04-25 19:24:22.647 I/Gecko   (   83): 1398479062657	Marionette	INFO	sendToClient: {"from":"0","value":"<div><img src=\"blob:d3f01a33-6b0a-40f5-9604-13eff119f581\" style=\"visibility: visible;\" role=\"presentation\" height=\"64\" width=\"64\"><span class=\"labelWrapper\"><span>Showbiz</span></span></div><span data-is-icon=\"true\" class=\"options\"></span>"}, {5177e062-8071-451d-8cce-7a869d785422}, {5177e062-8071-451d-8cce-7a869d785422}
04-25 19:24:22.707 I/Gecko   (   83): 1398479062721	Marionette	INFO	sendToClient: {"from":"0","value":"<div><img src=\"blob:d7042bd3-b9d2-4ba2-89c8-fe9d11b784c4\" style=\"visibility: visible;\" role=\"presentation\" height=\"64\" width=\"64\"><span class=\"labelWrapper\"><span>Camera</span></span></div>"}, {e6e28f8e-99b3-4e77-93bd-8c85b54e977c}, {e6e28f8e-99b3-4e77-93bd-8c85b54e977c}
04-25 19:24:22.727 I/Gecko   (   83): 1398479062737	Marionette	INFO	sendToClient: {"from":"0","value":"<div><img src=\"blob:046af7ab-81c9-4e8e-abfb-ad4d338c5b20\" style=\"visibility: visible;\" role=\"presentation\" height=\"64\" width=\"64\"><span class=\"labelWrapper\"><span>Gallery</span></span></div>"}, {c5e2bf02-2a2a-46fb-bbc7-592978f3a9a0}, {c5e2bf02-2a2a-46fb-bbc7-592978f3a9a0}
04-25 19:24:22.737 I/Gecko   (   83): 1398479062750	Marionette	INFO	sendToClient: {"from":"0","value":"<div><img src=\"blob:a63dccfc-183e-4446-935a-0a17f7f64a93\" style=\"visibility: visible;\" role=\"presentation\" height=\"64\" width=\"64\"><span class=\"labelWrapper\"><span>FM Radio</span></span></div>"}, {b515f798-bf34-42ec-8738-24da28028a67}, {b515f798-bf34-42ec-8738-24da28028a67}
04-25 19:24:22.767 I/Gecko   (   83): 1398479062785	Marionette	INFO	sendToClient: {"from":"0","value":"<div><img src=\"blob:6b00b849-dc7c-465f-8c93-d4b3a8e7729c\" style=\"visibility: visible;\" role=\"presentation\" height=\"64\" width=\"64\"><span class=\"labelWrapper\"><span>Settings</span></span></div>"}, {24e2d905-0ecc-4ee3-ac61-5ed1c8fbecb8}, {24e2d905-0ecc-4ee3-ac61-5ed1c8fbecb8}
04-25 19:24:22.777 I/Gecko   (   83): 1398479062795	Marionette	INFO	sendToClient: {"from":"0","value":"<div><img src=\"blob:f93c90d3-3e8c-4118-a975-3231c476abce\" style=\"visibility: visible;\" role=\"presentation\" height=\"64\" width=\"64\"><span class=\"labelWrapper\"><span>Marketplace</span></span></div>"}, {41aaa892-3088-483f-a9ed-900c14349e49}, {41aaa892-3088-483f-a9ed-900c14349e49}
04-25 19:24:22.787 I/Gecko   (   83): 1398479062806	Marionette	INFO	sendToClient: {"from":"0","value":"<div><img src=\"blob:f2378a76-388c-4a3c-880e-ece19a427821\" style=\"visibility: visible;\" role=\"presentation\" height=\"64\" width=\"64\"><span class=\"labelWrapper\"><span>Calendar</span></span></div>"}, {5bf00f97-48fc-416c-9b88-e8ae6088aff2}, {5bf00f97-48fc-416c-9b88-e8ae6088aff2}
04-25 19:24:22.807 I/Gecko   (   83): 1398479062817	Marionette	INFO	sendToClient: {"from":"0","value":"<div><img src=\"blob:90fb2966-923d-43fe-8fc6-57232e466ea4\" style=\"visibility: visible;\" role=\"presentation\" height=\"64\" width=\"64\"><span class=\"labelWrapper\"><span>Clock</span></span></div>"}, {6ce9831c-8ed1-49b3-9756-26875b459872}, {6ce9831c-8ed1-49b3-9756-26875b459872}
04-25 19:24:22.907 I/Gecko   (   83): 1398479062917	Marionette	INFO	sendToClient: {"from":"0","value":"<div><img src=\"blob:cc0b46d7-7c22-415f-9a53-22ce401b236b\" style=\"visibility: visible;\" role=\"presentation\" height=\"64\" width=\"64\"><span class=\"labelWrapper\"><span>Usage</span></span></div>"}, {309270f7-98c7-49d5-9afb-f33583bed085}, {309270f7-98c7-49d5-9afb-f33583bed085}
04-25 19:24:22.927 I/Gecko   (   83): 1398479062936	Marionette	INFO	sendToClient: {"from":"0","value":"<div><img src=\"blob:d1779641-05d2-4a47-a895-18d30ecb537a\" style=\"visibility: visible;\" role=\"presentation\" height=\"64\" width=\"64\"><span class=\"labelWrapper\"><span>E-Mail</span></span></div>"}, {3ad379d6-8d89-4bd8-9b25-64f591a61bf0}, {3ad379d6-8d89-4bd8-9b25-64f591a61bf0}
04-25 19:24:22.987 I/Gecko   (   83): 1398479063005	Marionette	INFO	sendToClient: {"from":"0","value":"<div><img src=\"blob:52402633-fa22-4e64-9371-885f2779f6b6\" style=\"visibility: visible;\" role=\"presentation\" height=\"64\" width=\"64\"><span class=\"labelWrapper\"><span>Music</span></span></div>"}, {d88ab9ec-8a91-4927-ab71-21f884a7b82f}, {d88ab9ec-8a91-4927-ab71-21f884a7b82f}
04-25 19:24:23.017 I/Gecko   (   83): 1398479063029	Marionette	INFO	sendToClient: {"from":"0","value":"<div><img src=\"blob:3648f6c4-73ee-4ec2-ab6f-05776d420ba5\" style=\"visibility: visible;\" role=\"presentation\" height=\"64\" width=\"64\"><span class=\"labelWrapper\"><span>Video</span></span></div>"}, {dc3409b7-761f-499f-92d6-31fe251e0202}, {dc3409b7-761f-499f-92d6-31fe251e0202}
04-25 19:24:23.027 I/Gecko   (   83): 1398479063040	Marionette	INFO	sendToClient: {"from":"0","value":"<div><img src=\"blob:5cff2b4f-e7b0-4e31-9c6a-7f0deeb5f681\" style=\"visibility: visible;\" role=\"presentation\" height=\"64\" width=\"64\"><span class=\"labelWrapper mask\"><span>GoldNuggets</span></span></div><span data-is-icon=\"true\" class=\"options\"></span>"}, {324ffc30-ecaf-4377-9763-4bbea675bdfb}, {324ffc30-ecaf-4377-9763-4bbea675bdfb}
04-25 19:24:23.037 I/Gecko   (   83): 1398479063051	Marionette	INFO	sendToClient: {"from":"0","value":"<div><img src=\"blob:85ebb8eb-ef37-4a2a-950b-74561b0cce45\" style=\"visibility: visible;\" role=\"presentation\" height=\"64\" width=\"64\"><span class=\"labelWrapper mask\"><span>Fly with my car</span></span></div><span data-is-icon=\"true\" class=\"options\"></span>"}, {c7b15a75-29ee-4883-af08-9fbfc6fe804c}, {c7b15a75-29ee-4883-af08-9fbfc6fe804c}
04-25 19:24:23.057 I/Gecko   (   83): 1398479063074	Marionette	INFO	sendToClient: {"from":"0","value":"<div><img src=\"blob:138fbf12-bb66-470e-a8cd-92d18e39cef3\" style=\"visibility: visible;\" role=\"presentation\" height=\"64\" width=\"64\"><span class=\"labelWrapper\"><span>Phone</span></span></div>"}, {ac7b72c7-0d7b-438b-80f3-ccfcc06d26fe}, {ac7b72c7-0d7b-438b-80f3-ccfcc06d26fe}
04-25 19:24:23.117 I/Gecko   (   83): 1398479063131	Marionette	INFO	sendToClient: {"from":"0","value":"<div><img src=\"blob:3f40329b-b248-4018-9f27-75ce66c106e5\" style=\"visibility: visible;\" role=\"presentation\" height=\"64\" width=\"64\"><span class=\"labelWrapper\"><span>Messages</span></span></div>"}, {955f2d97-09f2-4446-a012-e79e4182c239}, {955f2d97-09f2-4446-a012-e79e4182c239}
04-25 19:24:23.127 I/Gecko   (   83): 1398479063143	Marionette	INFO	sendToClient: {"from":"0","value":"<div><img src=\"blob:383c31f8-54f8-402e-93f5-12cb2086ef3c\" style=\"visibility: visible;\" role=\"presentation\" height=\"64\" width=\"64\"><span class=\"labelWrapper\"><span>Contacts</span></span></div>"}, {3ced6412-587a-4023-a612-da6c3d92c05c}, {3ced6412-587a-4023-a612-da6c3d92c05c}
04-25 19:24:23.137 I/Gecko   (   83): 1398479063154	Marionette	INFO	sendToClient: {"from":"0","value":"<div><img src=\"blob:c945fb26-3d5c-4f56-a644-f910fbd13bf5\" style=\"visibility: visible;\" role=\"presentation\" height=\"64\" width=\"64\"><span class=\"labelWrapper\"><span>Browser</span></span></div>"}, {ab37f399-7927-4dab-bea6-73a0c09dee07}, {ab37f399-7927-4dab-bea6-73a0c09dee07}
04-25 19:24:24.367 W/WifiHW  (   83): wifi_command: SIGNAL_POLL
04-25 19:24:24.987 I/Gecko   ( 2865): ###################################### forms.js loaded
04-25 19:24:25.037 I/Gecko   ( 2865): ############################### browserElementPanning.js loaded
04-25 19:24:25.077 I/Gecko   ( 2865): ######################## BrowserElementChildPreload.js loaded
04-25 19:24:25.187 I/Gecko   (   83): 1398479065197	Marionette	INFO	sendToClient: {"from":"0","value":["{07312c83-fdc9-445b-b27b-e77fe6b454fe}","{e87d81e0-52bd-4e5e-89a7-27283f33cc86}","{63f679bc-f374-4800-b872-796ebb7cb2a0}","{96123973-6184-438f-9559-c35a3bd18ef6}","{5606f256-89cd-4a28-b506-7564e18c4a1e}","{b27ed038-9a76-44a3-b9ce-813ec0efa717}","{156e1e18-0d7a-4f75-91cf-eed5cdecadbd}","{df5e0c77-4dd1-4d61-99de-158c27c6d14e}","{00d3e143-a333-4932-908b-aeb1fa03077a}","{3f10df13-4cbb-4269-a7a3-afc7b6f681b6}","{5233feeb-1d86-4eb8-af3f-26da8ec7ab93}","{17b427b9-848b-4ade-8948-75f6c07597fa}","{917d0886-9b06-47f1-b166-6fbc01fc7e82}","{3732d865-8969-4c13-a6ec-b7ffd192e7c5}","{3c43111b-1eb4-4832-838c-d79259d67311}","{94749b44-988f-47f4-bb67-1c8a7ca1f3c2}","{5ebcf80b-a3d0-4513-8ddd-014aef7bda64}","{1ff4436b-820a-430e-8c29-e6d8b003d558}","{c2e20f43-697e-471f-a9b8-fa3c61141ab0}","{3ebdf356-82a8-4ccd-8223-b5cc48f7b5d6}","{21f45782-e384-480e-a4a5-10013c794e5a}"]}, {9745ec8d-d88f-41b7-828a-8a4cdcd109cf}, {9745ec8d-d88f-41b7-828a-8a4cdcd109cf}
04-25 19:24:25.197 I/Gecko   (   83): 1398479065213	Marionette	INFO	sendToClient: {"from":"0","value":"<div><img src=\"blob:92fd12d8-cc7a-44f7-a2dc-38f12e461a1d\" style=\"visibility: visible;\" role=\"presentation\" height=\"64\" width=\"64\"><span class=\"labelWrapper\"><span>Social</span></span></div><span data-is-icon=\"true\" class=\"options\"></span>"}, {6299363f-caa2-454e-b80a-a6d9269d30c8}, {6299363f-caa2-454e-b80a-a6d9269d30c8}
04-25 19:24:25.207 I/Gecko   (   83): 1398479065224	Marionette	INFO	sendToClient: {"from":"0","value":"<div><img src=\"blob:f53c78f3-4c41-45a2-8afb-e308a944c7fe\" style=\"visibility: visible;\" role=\"presentation\" height=\"64\" width=\"64\"><span class=\"labelWrapper\"><span>Games</span></span></div><span data-is-icon=\"true\" class=\"options\"></span>"}, {43383d8a-1c82-413a-aae3-237f65f8de3b}, {43383d8a-1c82-413a-aae3-237f65f8de3b}
04-25 19:24:25.217 I/Gecko   (   83): 1398479065236	Marionette	INFO	sendToClient: {"from":"0","value":"<div><img src=\"blob:4c608703-781e-4543-9b55-f0729cdd2bdb\" style=\"visibility: visible;\" role=\"presentation\" height=\"64\" width=\"64\"><span class=\"labelWrapper\"><span>Music</span></span></div><span data-is-icon=\"true\" class=\"options\"></span>"}, {50114a3d-404b-4f3c-86aa-7a5ea20b85ad}, {50114a3d-404b-4f3c-86aa-7a5ea20b85ad}
04-25 19:24:25.247 I/Gecko   (   83): 1398479065258	Marionette	INFO	sendToClient: {"from":"0","value":"<div><img src=\"blob:d3f01a33-6b0a-40f5-9604-13eff119f581\" style=\"visibility: visible;\" role=\"presentation\" height=\"64\" width=\"64\"><span class=\"labelWrapper\"><span>Showbiz</span></span></div><span data-is-icon=\"true\" class=\"options\"></span>"}, {7c2a2e32-ef1b-4422-8c89-554be5469463}, {7c2a2e32-ef1b-4422-8c89-554be5469463}
04-25 19:24:25.257 I/Gecko   (   83): 1398479065270	Marionette	INFO	sendToClient: {"from":"0","value":"<div><img src=\"blob:d7042bd3-b9d2-4ba2-89c8-fe9d11b784c4\" style=\"visibility: visible;\" role=\"presentation\" height=\"64\" width=\"64\"><span class=\"labelWrapper\"><span>Camera</span></span></div>"}, {772da81c-47dd-4bb2-82b3-b5221043a1c8}, {772da81c-47dd-4bb2-82b3-b5221043a1c8}
04-25 19:24:25.267 I/Gecko   (   83): 1398479065281	Marionette	INFO	sendToClient: {"from":"0","value":"<div><img src=\"blob:046af7ab-81c9-4e8e-abfb-ad4d338c5b20\" style=\"visibility: visible;\" role=\"presentation\" height=\"64\" width=\"64\"><span class=\"labelWrapper\"><span>Gallery</span></span></div>"}, {20aff20c-7445-4893-909f-2b4dde2e6091}, {20aff20c-7445-4893-909f-2b4dde2e6091}
04-25 19:24:25.277 I/Gecko   (   83): 1398479065292	Marionette	INFO	sendToClient: {"from":"0","value":"<div><img src=\"blob:a63dccfc-183e-4446-935a-0a17f7f64a93\" style=\"visibility: visible;\" role=\"presentation\" height=\"64\" width=\"64\"><span class=\"labelWrapper\"><span>FM Radio</span></span></div>"}, {04ae2868-29ae-47db-aaa2-439de6c43bac}, {04ae2868-29ae-47db-aaa2-439de6c43bac}
04-25 19:24:25.287 I/Gecko   (   83): 1398479065304	Marionette	INFO	sendToClient: {"from":"0","value":"<div><img src=\"blob:6b00b849-dc7c-465f-8c93-d4b3a8e7729c\" style=\"visibility: visible;\" role=\"presentation\" height=\"64\" width=\"64\"><span class=\"labelWrapper\"><span>Settings</span></span></div>"}, {1ac84a69-707f-4e9a-8bde-b3e3322e6996}, {1ac84a69-707f-4e9a-8bde-b3e3322e6996}
04-25 19:24:25.317 I/Gecko   (   83): 1398479065326	Marionette	INFO	sendToClient: {"from":"0","value":"<div><img src=\"blob:f93c90d3-3e8c-4118-a975-3231c476abce\" style=\"visibility: visible;\" role=\"presentation\" height=\"64\" width=\"64\"><span class=\"labelWrapper\"><span>Marketplace</span></span></div>"}, {25e577dc-312a-4e74-84ee-53bd41e5b1d0}, {25e577dc-312a-4e74-84ee-53bd41e5b1d0}
04-25 19:24:25.327 I/Gecko   (   83): 1398479065339	Marionette	INFO	sendToClient: {"from":"0","value":"<div><img src=\"blob:f2378a76-388c-4a3c-880e-ece19a427821\" style=\"visibility: visible;\" role=\"presentation\" height=\"64\" width=\"64\"><span class=\"labelWrapper\"><span>Calendar</span></span></div>"}, {8f02757b-d1ee-4b83-8c39-e0e69414807c}, {8f02757b-d1ee-4b83-8c39-e0e69414807c}
04-25 19:24:25.367 I/Gecko   (   83): 1398479065378	Marionette	INFO	sendToClient: {"from":"0","value":"<div><img src=\"blob:90fb2966-923d-43fe-8fc6-57232e466ea4\" style=\"visibility: visible;\" role=\"presentation\" height=\"64\" width=\"64\"><span class=\"labelWrapper\"><span>Clock</span></span></div>"}, {90d8e0f8-8cdf-4275-9f63-db7385d2429c}, {90d8e0f8-8cdf-4275-9f63-db7385d2429c}
04-25 19:24:25.377 I/Gecko   (   83): 1398479065394	Marionette	INFO	sendToClient: {"from":"0","value":"<div><img src=\"blob:cc0b46d7-7c22-415f-9a53-22ce401b236b\" style=\"visibility: visible;\" role=\"presentation\" height=\"64\" width=\"64\"><span class=\"labelWrapper\"><span>Usage</span></span></div>"}, {23616f5c-f324-4499-a2e2-134168f20e76}, {23616f5c-f324-4499-a2e2-134168f20e76}
04-25 19:24:25.417 I/Gecko   (   83): 1398479065430	Marionette	INFO	sendToClient: {"from":"0","value":"<div><img src=\"blob:d1779641-05d2-4a47-a895-18d30ecb537a\" style=\"visibility: visible;\" role=\"presentation\" height=\"64\" width=\"64\"><span class=\"labelWrapper\"><span>E-Mail</span></span></div>"}, {59e7593e-a81c-4c7a-82a5-8967f6affe0a}, {59e7593e-a81c-4c7a-82a5-8967f6affe0a}
04-25 19:24:25.457 I/Gecko   (   83): 1398479065469	Marionette	INFO	sendToClient: {"from":"0","value":"<div><img src=\"blob:52402633-fa22-4e64-9371-885f2779f6b6\" style=\"visibility: visible;\" role=\"presentation\" height=\"64\" width=\"64\"><span class=\"labelWrapper\"><span>Music</span></span></div>"}, {9ce2f2e8-08a6-487a-a465-496609641937}, {9ce2f2e8-08a6-487a-a465-496609641937}
04-25 19:24:25.477 I/Gecko   (   83): 1398479065487	Marionette	INFO	sendToClient: {"from":"0","value":"<div><img src=\"blob:3648f6c4-73ee-4ec2-ab6f-05776d420ba5\" style=\"visibility: visible;\" role=\"presentation\" height=\"64\" width=\"64\"><span class=\"labelWrapper\"><span>Video</span></span></div>"}, {dd86e2ba-77e9-4a5a-95ae-f77bc0834ce7}, {dd86e2ba-77e9-4a5a-95ae-f77bc0834ce7}
04-25 19:24:25.487 I/Gecko   (   83): 1398479065499	Marionette	INFO	sendToClient: {"from":"0","value":"<div><img src=\"blob:5cff2b4f-e7b0-4e31-9c6a-7f0deeb5f681\" style=\"visibility: visible;\" role=\"presentation\" height=\"64\" width=\"64\"><span class=\"labelWrapper mask\"><span>GoldNuggets</span></span></div><span data-is-icon=\"true\" class=\"options\"></span>"}, {1764bdbe-1aa4-4f44-a839-af0efc7c731c}, {1764bdbe-1aa4-4f44-a839-af0efc7c731c}
04-25 19:24:25.497 I/Gecko   (   83): 1398479065515	Marionette	INFO	sendToClient: {"from":"0","value":"<div><img src=\"blob:85ebb8eb-ef37-4a2a-950b-74561b0cce45\" style=\"visibility: visible;\" role=\"presentation\" height=\"64\" width=\"64\"><span class=\"labelWrapper mask\"><span>Fly with my car</span></span></div><span data-is-icon=\"true\" class=\"options\"></span>"}, {83ab402d-0290-42b6-a861-22adee04268e}, {83ab402d-0290-42b6-a861-22adee04268e}
04-25 19:24:25.517 I/Gecko   (   83): 1398479065535	Marionette	INFO	sendToClient: {"from":"0","value":"<div><img src=\"blob:138fbf12-bb66-470e-a8cd-92d18e39cef3\" style=\"visibility: visible;\" role=\"presentation\" height=\"64\" width=\"64\"><span class=\"labelWrapper\"><span>Phone</span></span></div>"}, {9d083601-3fb4-46d0-b870-30730c780b22}, {9d083601-3fb4-46d0-b870-30730c780b22}
04-25 19:24:25.547 I/Gecko   (   83): 1398479065558	Marionette	INFO	sendToClient: {"from":"0","value":"<div><img src=\"blob:3f40329b-b248-4018-9f27-75ce66c106e5\" style=\"visibility: visible;\" role=\"presentation\" height=\"64\" width=\"64\"><span class=\"labelWrapper\"><span>Messages</span></span></div>"}, {d378a9ef-624f-4ca0-a6f6-9dab4d53cc8a}, {d378a9ef-624f-4ca0-a6f6-9dab4d53cc8a}
04-25 19:24:25.557 I/Gecko   (   83): 1398479065570	Marionette	INFO	sendToClient: {"from":"0","value":"<div><img src=\"blob:383c31f8-54f8-402e-93f5-12cb2086ef3c\" style=\"visibility: visible;\" role=\"presentation\" height=\"64\" width=\"64\"><span class=\"labelWrapper\"><span>Contacts</span></span></div>"}, {dde4bb22-c075-4253-8379-09240e7ac9ae}, {dde4bb22-c075-4253-8379-09240e7ac9ae}
04-25 19:24:25.567 I/Gecko   (   83): 1398479065582	Marionette	INFO	sendToClient: {"from":"0","value":"<div><img src=\"blob:c945fb26-3d5c-4f56-a644-f910fbd13bf5\" style=\"visibility: visible;\" role=\"presentation\" height=\"64\" width=\"64\"><span class=\"labelWrapper\"><span>Browser</span></span></div>"}, {dc393011-6e55-44c7-ba0c-b6f6a3572141}, {dc393011-6e55-44c7-ba0c-b6f6a3572141}
04-25 19:24:28.057 I/Gecko   (   83): 1398479068070	Marionette	INFO	sendToClient: {"from":"0","value":["{07312c83-fdc9-445b-b27b-e77fe6b454fe}","{e87d81e0-52bd-4e5e-89a7-27283f33cc86}","{63f679bc-f374-4800-b872-796ebb7cb2a0}","{96123973-6184-438f-9559-c35a3bd18ef6}","{5606f256-89cd-4a28-b506-7564e18c4a1e}","{b27ed038-9a76-44a3-b9ce-813ec0efa717}","{156e1e18-0d7a-4f75-91cf-eed5cdecadbd}","{df5e0c77-4dd1-4d61-99de-158c27c6d14e}","{00d3e143-a333-4932-908b-aeb1fa03077a}","{3f10df13-4cbb-4269-a7a3-afc7b6f681b6}","{5233feeb-1d86-4eb8-af3f-26da8ec7ab93}","{17b427b9-848b-4ade-8948-75f6c07597fa}","{917d0886-9b06-47f1-b166-6fbc01fc7e82}","{3732d865-8969-4c13-a6ec-b7ffd192e7c5}","{3c43111b-1eb4-4832-838c-d79259d67311}","{94749b44-988f-47f4-bb67-1c8a7ca1f3c2}","{5ebcf80b-a3d0-4513-8ddd-014aef7bda64}","{1ff4436b-820a-430e-8c29-e6d8b003d558}","{c2e20f43-697e-471f-a9b8-fa3c61141ab0}","{3ebdf356-82a8-4ccd-8223-b5cc48f7b5d6}","{21f45782-e384-480e-a4a5-10013c794e5a}"]}, {285cf48b-7c71-46c8-a9bf-cd7119bab7ac}, {285cf48b-7c71-46c8-a9bf-cd7119bab7ac}
04-25 19:24:28.067 I/Gecko   (   83): 1398479068085	Marionette	INFO	sendToClient: {"from":"0","value":"<div><img src=\"blob:92fd12d8-cc7a-44f7-a2dc-38f12e461a1d\" style=\"visibility: visible;\" role=\"presentation\" height=\"64\" width=\"64\"><span class=\"labelWrapper\"><span>Social</span></span></div><span data-is-icon=\"true\" class=\"options\"></span>"}, {dbd63239-16aa-4d07-9fd2-98899faaf2a7}, {dbd63239-16aa-4d07-9fd2-98899faaf2a7}
04-25 19:24:28.087 I/Gecko   (   83): 1398479068096	Marionette	INFO	sendToClient: {"from":"0","value":"<div><img src=\"blob:f53c78f3-4c41-45a2-8afb-e308a944c7fe\" style=\"visibility: visible;\" role=\"presentation\" height=\"64\" width=\"64\"><span class=\"labelWrapper\"><span>Games</span></span></div><span data-is-icon=\"true\" class=\"options\"></span>"}, {211cbc93-bc0f-4edd-b380-532a6b7ac18a}, {211cbc93-bc0f-4edd-b380-532a6b7ac18a}
04-25 19:24:28.097 I/Gecko   (   83): 1398479068107	Marionette	INFO	sendToClient: {"from":"0","value":"<div><img src=\"blob:4c608703-781e-4543-9b55-f0729cdd2bdb\" style=\"visibility: visible;\" role=\"presentation\" height=\"64\" width=\"64\"><span class=\"labelWrapper\"><span>Music</span></span></div><span data-is-icon=\"true\" class=\"options\"></span>"}, {a3765f2d-cd83-4531-8f98-995b76c9135e}, {a3765f2d-cd83-4531-8f98-995b76c9135e}
04-25 19:24:28.107 I/Gecko   (   83): 1398479068119	Marionette	INFO	sendToClient: {"from":"0","value":"<div><img src=\"blob:d3f01a33-6b0a-40f5-9604-13eff119f581\" style=\"visibility: visible;\" role=\"presentation\" height=\"64\" width=\"64\"><span class=\"labelWrapper\"><span>Showbiz</span></span></div><span data-is-icon=\"true\" class=\"options\"></span>"}, {d9bc5a5f-9d8b-4604-a149-de7e311735a6}, {d9bc5a5f-9d8b-4604-a149-de7e311735a6}
04-25 19:24:28.117 I/Gecko   (   83): 1398479068136	Marionette	INFO	sendToClient: {"from":"0","value":"<div><img src=\"blob:d7042bd3-b9d2-4ba2-89c8-fe9d11b784c4\" style=\"visibility: visible;\" role=\"presentation\" height=\"64\" width=\"64\"><span class=\"labelWrapper\"><span>Camera</span></span></div>"}, {f9b05d85-44d4-41f6-95c7-851e19ac932d}, {f9b05d85-44d4-41f6-95c7-851e19ac932d}
04-25 19:24:28.137 I/Gecko   (   83): 1398479068151	Marionette	INFO	sendToClient: {"from":"0","value":"<div><img src=\"blob:046af7ab-81c9-4e8e-abfb-ad4d338c5b20\" style=\"visibility: visible;\" role=\"presentation\" height=\"64\" width=\"64\"><span class=\"labelWrapper\"><span>Gallery</span></span></div>"}, {9006888f-7c11-4bc9-90e1-61ce6a9fd53d}, {9006888f-7c11-4bc9-90e1-61ce6a9fd53d}
04-25 19:24:28.207 I/Gecko   (   83): 1398479068218	Marionette	INFO	sendToClient: {"from":"0","value":"<div><img src=\"blob:a63dccfc-183e-4446-935a-0a17f7f64a93\" style=\"visibility: visible;\" role=\"presentation\" height=\"64\" width=\"64\"><span class=\"labelWrapper\"><span>FM Radio</span></span></div>"}, {f069c628-505c-47c9-b394-655cbe55dfca}, {f069c628-505c-47c9-b394-655cbe55dfca}
04-25 19:24:28.217 I/Gecko   (   83): 1398479068230	Marionette	INFO	sendToClient: {"from":"0","value":"<div><img src=\"blob:6b00b849-dc7c-465f-8c93-d4b3a8e7729c\" style=\"visibility: visible;\" role=\"presentation\" height=\"64\" width=\"64\"><span class=\"labelWrapper\"><span>Settings</span></span></div>"}, {9abd63cc-85b0-41d2-9e3f-1cc05af08a35}, {9abd63cc-85b0-41d2-9e3f-1cc05af08a35}
04-25 19:24:28.227 I/Gecko   (   83): 1398479068242	Marionette	INFO	sendToClient: {"from":"0","value":"<div><img src=\"blob:f93c90d3-3e8c-4118-a975-3231c476abce\" style=\"visibility: visible;\" role=\"presentation\" height=\"64\" width=\"64\"><span class=\"labelWrapper\"><span>Marketplace</span></span></div>"}, {0dbe82c1-082d-4b22-929b-8bd03cfea3a5}, {0dbe82c1-082d-4b22-929b-8bd03cfea3a5}
04-25 19:24:28.237 I/Gecko   (   83): 1398479068256	Marionette	INFO	sendToClient: {"from":"0","value":"<div><img src=\"blob:f2378a76-388c-4a3c-880e-ece19a427821\" style=\"visibility: visible;\" role=\"presentation\" height=\"64\" width=\"64\"><span class=\"labelWrapper\"><span>Calendar</span></span></div>"}, {bd880511-b38d-4b14-8b2f-94adab684943}, {bd880511-b38d-4b14-8b2f-94adab684943}
04-25 19:24:28.257 I/Gecko   (   83): 1398479068267	Marionette	INFO	sendToClient: {"from":"0","value":"<div><img src=\"blob:90fb2966-923d-43fe-8fc6-57232e466ea4\" style=\"visibility: visible;\" role=\"presentation\" height=\"64\" width=\"64\"><span class=\"labelWrapper\"><span>Clock</span></span></div>"}, {c1da840f-b673-4623-a3fd-afccfb5a62e0}, {c1da840f-b673-4623-a3fd-afccfb5a62e0}
04-25 19:24:28.267 I/Gecko   (   83): 1398479068278	Marionette	INFO	sendToClient: {"from":"0","value":"<div><img src=\"blob:cc0b46d7-7c22-415f-9a53-22ce401b236b\" style=\"visibility: visible;\" role=\"presentation\" height=\"64\" width=\"64\"><span class=\"labelWrapper\"><span>Usage</span></span></div>"}, {b6c34275-ab3b-439d-adcb-01f120818b5e}, {b6c34275-ab3b-439d-adcb-01f120818b5e}
04-25 19:24:28.277 I/Gecko   (   83): 1398479068289	Marionette	INFO	sendToClient: {"from":"0","value":"<div><img src=\"blob:d1779641-05d2-4a47-a895-18d30ecb537a\" style=\"visibility: visible;\" role=\"presentation\" height=\"64\" width=\"64\"><span class=\"labelWrapper\"><span>E-Mail</span></span></div>"}, {a8b90471-394d-4b5c-b13c-cb146d9636fc}, {a8b90471-394d-4b5c-b13c-cb146d9636fc}
04-25 19:24:28.287 I/Gecko   (   83): 1398479068301	Marionette	INFO	sendToClient: {"from":"0","value":"<div><img src=\"blob:52402633-fa22-4e64-9371-885f2779f6b6\" style=\"visibility: visible;\" role=\"presentation\" height=\"64\" width=\"64\"><span class=\"labelWrapper\"><span>Music</span></span></div>"}, {ed48b744-924a-4fa0-96fc-092873b889a7}, {ed48b744-924a-4fa0-96fc-092873b889a7}
04-25 19:24:28.347 I/Gecko   (   83): 1398479068360	Marionette	INFO	sendToClient: {"from":"0","value":"<div><img src=\"blob:3648f6c4-73ee-4ec2-ab6f-05776d420ba5\" style=\"visibility: visible;\" role=\"presentation\" height=\"64\" width=\"64\"><span class=\"labelWrapper\"><span>Video</span></span></div>"}, {62a30166-a72a-44c0-849e-bf19e373a1d0}, {62a30166-a72a-44c0-849e-bf19e373a1d0}
04-25 19:24:28.357 I/Gecko   (   83): 1398479068372	Marionette	INFO	sendToClient: {"from":"0","value":"<div><img src=\"blob:5cff2b4f-e7b0-4e31-9c6a-7f0deeb5f681\" style=\"visibility: visible;\" role=\"presentation\" height=\"64\" width=\"64\"><span class=\"labelWrapper mask\"><span>GoldNuggets</span></span></div><span data-is-icon=\"true\" class=\"options\"></span>"}, {8a1e2ff8-a11e-4178-b3d5-659aeae9d5ae}, {8a1e2ff8-a11e-4178-b3d5-659aeae9d5ae}
04-25 19:24:28.367 I/Gecko   (   83): 1398479068385	Marionette	INFO	sendToClient: {"from":"0","value":"<div><img src=\"blob:85ebb8eb-ef37-4a2a-950b-74561b0cce45\" style=\"visibility: visible;\" role=\"presentation\" height=\"64\" width=\"64\"><span class=\"labelWrapper mask\"><span>Fly with my car</span></span></div><span data-is-icon=\"true\" class=\"options\"></span>"}, {947bfd00-7f7e-44ae-923f-9400d651db5d}, {947bfd00-7f7e-44ae-923f-9400d651db5d}
04-25 19:24:28.377 I/Gecko   (   83): 1398479068396	Marionette	INFO	sendToClient: {"from":"0","value":"<div><img src=\"blob:138fbf12-bb66-470e-a8cd-92d18e39cef3\" style=\"visibility: visible;\" role=\"presentation\" height=\"64\" width=\"64\"><span class=\"labelWrapper\"><span>Phone</span></span></div>"}, {427e6b82-dea7-4bf7-810d-cffbca07c4ab}, {427e6b82-dea7-4bf7-810d-cffbca07c4ab}
04-25 19:24:28.397 I/Gecko   (   83): 1398479068407	Marionette	INFO	sendToClient: {"from":"0","value":"<div><img src=\"blob:3f40329b-b248-4018-9f27-75ce66c106e5\" style=\"visibility: visible;\" role=\"presentation\" height=\"64\" width=\"64\"><span class=\"labelWrapper\"><span>Messages</span></span></div>"}, {4fe07082-1431-40b3-89a4-7b9f98f663e2}, {4fe07082-1431-40b3-89a4-7b9f98f663e2}
04-25 19:24:28.407 I/Gecko   (   83): 1398479068418	Marionette	INFO	sendToClient: {"from":"0","value":"<div><img src=\"blob:383c31f8-54f8-402e-93f5-12cb2086ef3c\" style=\"visibility: visible;\" role=\"presentation\" height=\"64\" width=\"64\"><span class=\"labelWrapper\"><span>Contacts</span></span></div>"}, {0b3da148-61da-48e6-9fe0-98d1d759b251}, {0b3da148-61da-48e6-9fe0-98d1d759b251}
04-25 19:24:28.417 I/Gecko   (   83): 1398479068429	Marionette	INFO	sendToClient: {"from":"0","value":"<div><img src=\"blob:c945fb26-3d5c-4f56-a644-f910fbd13bf5\" style=\"visibility: visible;\" role=\"presentation\" height=\"64\" width=\"64\"><span class=\"labelWrapper\"><span>Browser</span></span></div>"}, {765a5bc0-42f4-4e48-8a67-5ec83229b8a3}, {765a5bc0-42f4-4e48-8a67-5ec83229b8a3}
04-25 19:24:28.427 I/Gecko   (   83): 1398479068445	Marionette	INFO	sendToClient: {"from":"0","value":"app://homescreen.gaiamobile.org/index.html#root"}, {be20738c-859b-4c48-b11e-e934cb14ec0b}, {be20738c-859b-4c48-b11e-e934cb14ec0b}
04-25 19:24:28.437 I/Gecko   (   83): 1398479068453	Marionette	DEBUG	Got request: switchToFrame, data: {"to":"0","sessionId":"3-b2g","name":"switchToFrame","parameters":{"id":null,"focus":true}}, id: {5de676d2-a3e0-4d55-89ab-b69af9add0b7}
04-25 19:24:28.497 I/Gecko   (   83): 1398479068513	Marionette	INFO	Switched to frame: {"frameValue":null}
04-25 19:24:28.637 I/Gecko   (   83): 1398479068650	Marionette	INFO	sendToClient: {"from":"0","ok":true}, {5de676d2-a3e0-4d55-89ab-b69af9add0b7}, {5de676d2-a3e0-4d55-89ab-b69af9add0b7}
04-25 19:24:28.647 I/Gecko   (   83): 1398479068657	Marionette	DEBUG	Got request: switchToFrame, data: {"to":"0","sessionId":"3-b2g","name":"switchToFrame","parameters":{"id":null,"focus":true}}, id: {90e81813-1126-46a4-b2ef-de0a46437366}
04-25 19:24:28.647 I/Gecko   (   83): 1398479068659	Marionette	INFO	Switched to frame: {"frameValue":null}
04-25 19:24:28.777 I/Gecko   (   83): 1398479068794	Marionette	INFO	sendToClient: {"from":"0","ok":true}, {90e81813-1126-46a4-b2ef-de0a46437366}, {90e81813-1126-46a4-b2ef-de0a46437366}
04-25 19:24:28.787 I/Gecko   (   83): 1398479068802	Marionette	DEBUG	Got request: executeWithCallback, data: {"to":"0","sessionId":"3-b2g","name":"executeAsyncScript","parameters":{"specialPowers":false,"scriptTimeout":30000,"newSandbox":true,"args":[],"filename":"app_checker.py","script":"GaiaApps.launchWithManifestURL('https://marketplace.firefox.com/app/e8d4e84a-fdae-4d6e-b91a-0e6ea556e0ab/manifest.webapp')","line":106}}, id: {250c6786-0e7a-4d1e-8283-07e1cc6f27a0}
04-25 19:24:29.247 I/Gonk    (   83): Setting nice for pid 2865 to 18
04-25 19:24:29.247 I/Gonk    (   83): Changed nice for pid 2865 from 18 to 18.
04-25 19:24:29.247 I/Gecko   (   83): [Parent 83] WARNING: waitpid failed pid:2865 errno:10: file ../../../gecko/ipc/chromium/src/base/process_util_posix.cc, line 254
04-25 19:24:29.257 I/Gonk    (   83): Setting nice for pid 2865 to 1
04-25 19:24:29.257 I/Gonk    (   83): Changed nice for pid 2865 from 18 to 1.
04-25 19:24:29.307 D/Sensors (   83): activate handle=0; drv=0
04-25 19:24:29.317 D/Sensors (   83): Lis3dhSensor: Control set 1
04-25 19:24:29.327 D/Sensors (   83): Lis3dhSensor: mEnabled = 1
04-25 19:24:29.627 I/InputReader(   83): Reconfiguring input devices.  changes=0x00000004
04-25 19:24:29.627 I/InputReader(   83): Device reconfigured: id=6, name='ms-msg21xx', size 320x480, orientation 1, mode 1, display id 0
04-25 19:24:29.757 E/[Gralloc-ERROR](   83): int gralloc_register_buffer(const gralloc_module_t*, const native_handle_t*):79 Unable to register handle 0x4762cd80 coming from different process: 83
04-25 19:24:29.777 E/[Gralloc-ERROR](   83): int gralloc_register_buffer(const gralloc_module_t*, const native_handle_t*):79 Unable to register handle 0x476466f0 coming from different process: 83
04-25 19:24:29.857 E/GeckoConsole(   83): Content JS LOG at dummy file:334 in GaiaApps.launch: launching app with name 'Fly with my car'
04-25 19:24:29.907 W/WifiHW  (   83): wifi_command: SIGNAL_POLL
04-25 19:24:30.067 E/[Gralloc-ERROR](   83): int gralloc_register_buffer(const gralloc_module_t*, const native_handle_t*):79 Unable to register handle 0x476a8dd0 coming from different process: 83
04-25 19:24:30.077 E/[Gralloc-ERROR](   83): int gralloc_register_buffer(const gralloc_module_t*, const native_handle_t*):79 Unable to register handle 0x476a8f10 coming from different process: 83
04-25 19:24:30.077 E/[Gralloc-ERROR](   83): int gralloc_unregister_buffer(const gralloc_module_t*, const native_handle_t*):274 Trying to unregister buffer 0x44654c40 from process 83 that was not created in current process: 83
04-25 19:24:30.077 E/[Gralloc-ERROR](   83): int gralloc_unregister_buffer(const gralloc_module_t*, const native_handle_t*):274 Trying to unregister buffer 0x44654fb0 from process 83 that was not created in current process: 83
04-25 19:24:30.337 I/Gonk    (   83): Setting nice for pid 2817 to 18
04-25 19:24:30.337 I/Gonk    (   83): Changed nice for pid 2817 from 1 to 18.
04-25 19:24:31.097 E/GeckoConsole( 2865): [JavaScript Warning: "Unknown property 'touch-action-delay'.  Declaration dropped." {file: "app://{0950437c-21f2-4c4d-a8d7-e28116817f25}/index.html" line: 24 column: 21 source: "			touch-action-delay: none;"}]
04-25 19:24:31.107 E/GeckoConsole( 2865): [JavaScript Warning: "Unknown property 'touch-action'.  Declaration dropped." {file: "app://{0950437c-21f2-4c4d-a8d7-e28116817f25}/index.html" line: 25 column: 15 source: "			touch-action: none;"}]
04-25 19:24:31.107 E/GeckoConsole( 2865): [JavaScript Warning: "Unknown property 'touch-action-delay'.  Declaration dropped." {file: "app://{0950437c-21f2-4c4d-a8d7-e28116817f25}/index.html" line: 29 column: 21 source: "			touch-action-delay: none;"}]
04-25 19:24:31.107 E/GeckoConsole( 2865): [JavaScript Warning: "Unknown property 'touch-action'.  Declaration dropped." {file: "app://{0950437c-21f2-4c4d-a8d7-e28116817f25}/index.html" line: 30 column: 15 source: "			touch-action: none;"}]
04-25 19:24:31.647 I/Gecko   (   83): [Parent 83] WARNING: pipe error (126): Connection reset by peer: file ../../../gecko/ipc/chromium/src/chrome/common/ipc_channel_posix.cc, line 446
04-25 19:24:32.017 I/Gecko   (   83): 
04-25 19:24:32.017 I/Gecko   (   83): ###!!! [Parent][MessageChannel] Error: Channel error: cannot send/recv
04-25 19:24:32.017 I/Gecko   (   83): 
04-25 19:24:32.027 E/GeckoConsole(   83): [JavaScript Error: "[Exception... "Component returned failure code: 0x80070057 (NS_ERROR_ILLEGAL_VALUE) [nsIXPCComponents_Utils.isDeadWrapper]"  nsresult: "0x80070057 (NS_ERROR_ILLEGAL_VALUE)"  location: "JS frame :: resource://gre/modules/BrowserElementParent.jsm :: BrowserElementParent.prototype._isAlive :: line 34"  data: no]" {file: "resource://gre/modules/BrowserElementParent.jsm" line: 34}]
04-25 19:24:32.337 E/GeckoConsole( 2865): [JavaScript Warning: "Unknown property 'box-sizing'.  Declaration dropped." {file: "app://{0950437c-21f2-4c4d-a8d7-e28116817f25}/index.html" line: 0 column: 67 source: "-webkit-box-sizing:border-box;-moz-box-sizing:border-box;box-sizing:border-box;padding:1px;border:1px;display:block;width:4px;margin-top:1%;position:absolute;top:1%"}]
04-25 19:24:32.357 E/GeckoConsole( 2865): [JavaScript Warning: "Unknown property 'box-sizing'.  Declaration dropped." {file: "app://{0950437c-21f2-4c4d-a8d7-e28116817f25}/index.html" line: 0 column: 111 source: "padding:0;margin:0;border:0;display:block;-webkit-box-sizing:content-box;-moz-box-sizing:content-box;box-sizing:content-box"}]
04-25 19:24:32.357 E/GeckoConsole( 2865): [JavaScript Warning: "Unknown property 'box-sizing'.  Declaration dropped." {file: "app://{0950437c-21f2-4c4d-a8d7-e28116817f25}/index.html" line: 0 column: 111 source: "padding:0;margin:0;border:0;display:block;-webkit-box-sizing:content-box;-moz-box-sizing:content-box;box-sizing:content-box"}]
04-25 19:24:32.367 I/Gecko   (   83): [Parent 83] WARNING: waitpid failed pid:2817 errno:10: file ../../../gecko/ipc/chromium/src/base/process_util_posix.cc, line 254
04-25 19:24:32.907 I/Gecko   ( 2865): Attempting load of libEGL.so
04-25 19:24:32.937 D/libEGL  ( 2865): loaded /system/lib/egl/libEGL_mali.so
04-25 19:24:32.957 D/libEGL  ( 2865): loaded /system/lib/egl/libGLESv1_CM_mali.so
04-25 19:24:32.997 D/libEGL  ( 2865): loaded /system/lib/egl/libGLESv2_mali.so
04-25 19:24:33.057 I/Gecko   ( 2865): SharedSurface_Gralloc::Create -------
04-25 19:24:33.077 I/Gecko   ( 2865): SharedSurface_Gralloc::Create: success -- surface 0x4328a040, GraphicBuffer 0x43d63780.
04-25 19:24:33.717 I/Gecko   ( 2865): SharedSurface_Gralloc::Create -------
04-25 19:24:33.717 I/Gecko   ( 2865): SharedSurface_Gralloc::Create: success -- surface 0x43d81280, GraphicBuffer 0x43d64800.
04-25 19:24:33.857 I/Gecko   ( 2865): SharedSurface_Gralloc::Create -------
04-25 19:24:33.897 I/Gecko   ( 2865): SharedSurface_Gralloc::Create: success -- surface 0x43d818c0, GraphicBuffer 0x43d64780.
04-25 19:24:33.907 I/Gecko   ( 2865): SharedSurface_Gralloc::Create -------
04-25 19:24:33.947 I/Gecko   ( 2865): SharedSurface_Gralloc::Create: success -- surface 0x43d81940, GraphicBuffer 0x44595100.
04-25 19:24:34.367 I/Gecko   (   83): [Parent 83] WARNING: waitpid failed pid:2817 errno:10: file ../../../gecko/ipc/chromium/src/base/process_util_posix.cc, line 254
04-25 19:24:34.367 I/Gecko   (   83): [Parent 83] WARNING: Failed to deliver SIGKILL to 2817!(3).: file ../../../gecko/ipc/chromium/src/chrome/common/process_watcher_posix_sigchld.cc, line 118
04-25 19:24:34.547 I/Gonk    (   83): Setting nice for pid 2888 to 18
04-25 19:24:34.557 I/Gonk    (   83): Changed nice for pid 2888 from 0 to 18.
04-25 19:24:34.937 W/WifiHW  (   83): wifi_command: SIGNAL_POLL
04-25 19:24:36.587 I/Gecko   ( 2865): SharedSurface_Gralloc::Create -------
04-25 19:24:36.657 I/Gecko   ( 2865): SharedSurface_Gralloc::Create: success -- surface 0x445802c0, GraphicBuffer 0x44596b00.
04-25 19:24:36.757 I/Gonk    (   83): Setting nice for pid 2888 to 18
04-25 19:24:36.777 I/Gonk    (   83): Changed nice for pid 2888 from 0 to 18.
04-25 19:24:36.777 I/Gecko   (   83): [Parent 83] WARNING: waitpid failed pid:2888 errno:10: file ../../../gecko/ipc/chromium/src/base/process_util_posix.cc, line 254
04-25 19:24:36.807 I/Gonk    (   83): Setting nice for pid 2888 to 1
04-25 19:24:36.807 I/Gonk    (   83): Changed nice for pid 2888 from 18 to 1.
04-25 19:24:36.857 I/Gonk    (   83): Setting nice for pid 2888 to 18
04-25 19:24:36.857 I/Gonk    (   83): Changed nice for pid 2888 from 1 to 18.
04-25 19:24:37.387 E/[Gralloc-ERROR](   83): int gralloc_unregister_buffer(const gralloc_module_t*, const native_handle_t*):274 Trying to unregister buffer 0x476a8dd0 from process 83 that was not created in current process: 83
04-25 19:24:37.397 E/GeckoConsole(   83): Content JS LOG at dummy file:326 in GaiaApps.launch/appOpen/<: app with origin 'app://{0950437c-21f2-4c4d-a8d7-e28116817f25}' has launched
04-25 19:24:37.417 I/Gecko   (   83): 1398479077432	Marionette	INFO	sendToClient: {"from":"0","value":{"frame":{"ELEMENT":"{a0f1b564-432b-4657-b31e-c35ff1798157}"},"src":"app://{0950437c-21f2-4c4d-a8d7-e28116817f25}/index.html","name":"Fly with my car","origin":"app://{0950437c-21f2-4c4d-a8d7-e28116817f25}"}}, {250c6786-0e7a-4d1e-8283-07e1cc6f27a0}, {250c6786-0e7a-4d1e-8283-07e1cc6f27a0}
04-25 19:24:37.437 E/[Gralloc-ERROR](   83): int gralloc_unregister_buffer(const gralloc_module_t*, const native_handle_t*):274 Trying to unregister buffer 0x476a8f10 from process 83 that was not created in current process: 83
04-25 19:24:37.557 I/Gecko   (   83): 1398479077566	Marionette	DEBUG	Got request: switchToFrame, data: {"to":"0","sessionId":"3-b2g","name":"switchToFrame","parameters":{"focus":true,"element":"{a0f1b564-432b-4657-b31e-c35ff1798157}"}}, id: {adc5ac6a-a22f-4ead-a3e1-6018a36e71d7}
04-25 19:24:37.577 I/Gecko   (   83): 1398479077589	Marionette	INFO	Switched to frame: {"frameValue":"{a0f1b564-432b-4657-b31e-c35ff1798157}"}
04-25 19:24:37.577 I/Gecko   (   83): 1398479077593	Marionette	INFO	trying remote frame 0
04-25 19:24:37.597 I/Gecko   (   83): 1398479077612	Marionette	INFO	trying remote frame 1
04-25 19:24:37.597 I/Gecko   (   83): 1398479077613	Marionette	INFO	trying remote frame 2
04-25 19:24:37.607 I/Gecko   (   83): 1398479077623	Marionette	INFO	trying remote frame 3
04-25 19:24:37.617 I/Gecko   (   83): 1398479077630	Marionette	INFO	deleting frame
04-25 19:24:37.637 I/Gecko   (   83): 1398479077650	Marionette	INFO	frame-manager load script: [object ChromeMessageSender]
04-25 19:24:38.267 I/Gecko   (   83): [Parent 83] WARNING: pipe error (126): Connection reset by peer: file ../../../gecko/ipc/chromium/src/chrome/common/ipc_channel_posix.cc, line 446
04-25 19:24:38.267 I/Gecko   (   83): 
04-25 19:24:38.267 I/Gecko   (   83): ###!!! [Parent][MessageChannel] Error: Channel error: cannot send/recv
04-25 19:24:38.267 I/Gecko   (   83): 
04-25 19:24:38.317 E/GeckoConsole(   83): [JavaScript Error: "[Exception... "Component returned failure code: 0x80070057 (NS_ERROR_ILLEGAL_VALUE) [nsIXPCComponents_Utils.isDeadWrapper]"  nsresult: "0x80070057 (NS_ERROR_ILLEGAL_VALUE)"  location: "JS frame :: resource://gre/modules/BrowserElementParent.jsm :: BrowserElementParent.prototype._isAlive :: line 34"  data: no]" {file: "resource://gre/modules/BrowserElementParent.jsm" line: 34}]
04-25 19:24:38.407 I/Gecko   (   83): 1398479078417	Marionette	INFO	sendToClient: {"from":"0","ok":true}, {adc5ac6a-a22f-4ead-a3e1-6018a36e71d7}, {adc5ac6a-a22f-4ead-a3e1-6018a36e71d7}
