--------- beginning of /dev/log/system
04-25 21:09:50.380 I/Vold    (   77): Vold 2.1 (the revenge) firing up
04-25 21:09:50.440 D/Vold    (   77): Volume sdcard state changing -1 (Initializing) -> 0 (No-Media)
04-25 21:09:55.330 D/VoldCmdListener(   77): volume list
--------- beginning of /dev/log/main
04-25 21:09:56.300 E/filemap (   83): mmap(0,4096) failed: No such device
04-25 21:09:56.310 W/EventHub(   83): Unable to disable kernel key repeat for /dev/input/event1: Function not implemented
04-25 21:09:56.310 I/EventHub(   83): New device: id=6, fd=57, path='/dev/input/event1', name='ms-msg21xx', classes=0x15, configuration='/system/usr/idc/ms-msg21xx.idc', keyLayout='/system/usr/keylayout/Generic.kl', keyCharacterMap='/system/usr/keychars/Generic.kcm', builtinKeyboard=false, usingSuspendBlockIoctl=false, usingClockIoctl=false
04-25 21:09:56.320 I/InputReader(   83): Device added: id=-1, name='Virtual', sources=0x00000301
04-25 21:09:56.320 I/InputReader(   83): Device reconfigured: id=6, name='ms-msg21xx', size 320x480, orientation 0, mode 1, display id 0
04-25 21:09:56.320 I/InputReader(   83): Device added: id=6, name='ms-msg21xx', sources=0x00001103
04-25 21:09:56.320 I/InputReader(   83): Device added: id=0, name='sprd-keypad', sources=0x00000101
04-25 21:09:56.320 I/InputReader(   83): Device added: id=2, name='headset-keyboard', sources=0x00000101
04-25 21:09:56.790 D/BTWIFIMAC(   93): read_btwifimac_from_modem
04-25 21:09:56.790 D/BTWIFIMAC(   93): read_btwifimac_from_modem modem_fd=7
04-25 21:09:56.790 D/BTWIFIMAC(   93): ===========BT MAC===========
04-25 21:09:56.790 D/BTWIFIMAC(   93): read_btwifimac_from_modem: send 39,1,AT+SNVM=0,401
04-25 21:09:56.790 D/BTWIFIMAC(   93): send_to_modem
04-25 21:09:56.790 D/BTWIFIMAC(   93): recv_from_modem: Waiting modem response ... fd=7
04-25 21:09:56.790 D/SPRDENG (  154): eng_servermodem_comm: use SIM1 /dev/CHNPTY13
04-25 21:09:56.790 D/SPRDENG (  154): AT > AT+SNVM=0,401
04-25 21:09:56.790 D/SPRDENG (  154): 41
04-25 21:09:56.790 D/SPRDENG (  154): 54
04-25 21:09:56.790 D/SPRDENG (  154): 2b
04-25 21:09:56.790 D/SPRDENG (  154): 53
04-25 21:09:56.790 D/SPRDENG (  154): 4e
04-25 21:09:56.790 D/SPRDENG (  154): 56
04-25 21:09:56.790 D/SPRDENG (  154): 4d
04-25 21:09:56.790 D/SPRDENG (  154): 3d
04-25 21:09:56.790 D/SPRDENG (  154): 30
04-25 21:09:56.790 D/SPRDENG (  154): 2c
04-25 21:09:56.790 D/SPRDENG (  154): 34
04-25 21:09:56.790 D/SPRDENG (  154): 30
04-25 21:09:56.790 D/SPRDENG (  154): 31
04-25 21:09:56.790 D/SPRDENG (  154): eng_modem2server: use SIM1 /dev/CHNPTY13
04-25 21:09:56.790 D/SPRDENG (  154): AT < 
04-25 21:09:56.790 D/SPRDENG (  154): +SNVM: 8,FFFFFFFFFFFF2500
04-25 21:09:56.790 D/SPRDENG (  154): 
04-25 21:09:56.790 D/SPRDENG (  154): OK
04-25 21:09:56.790 D/SPRDENG (  154): 
04-25 21:09:56.790 D/BTWIFIMAC(   93): recv_from_modem: Receive 1 Modem Response
04-25 21:09:56.790 D/BTWIFIMAC(   93): read_btwifimac_from_modem: BT timeout=35, response=
04-25 21:09:56.790 D/BTWIFIMAC(   93): +SNVM: 8,FFFFFFFFFFFF2500
04-25 21:09:56.790 D/BTWIFIMAC(   93): 
04-25 21:09:56.790 D/BTWIFIMAC(   93): OK
04-25 21:09:56.790 D/BTWIFIMAC(   93): 
04-25 21:09:56.900 D/BTWIFIMAC(   93): get_macaddress: mac address is FF:FF:FF:FF:FF:FF
04-25 21:09:56.900 D/BTWIFIMAC(   93): ===========WIFI MAC===========
04-25 21:09:56.900 D/BTWIFIMAC(   93): read_btwifimac_from_modem: send 39,1,AT+SNVM=0,409
04-25 21:09:56.900 D/BTWIFIMAC(   93): send_to_modem
04-25 21:09:56.900 D/BTWIFIMAC(   93): recv_from_modem: Waiting modem response ... fd=7
04-25 21:09:56.900 D/SPRDENG (  154): eng_servermodem_comm: use SIM1 /dev/CHNPTY13
04-25 21:09:56.900 D/SPRDENG (  154): AT > AT+SNVM=0,409
04-25 21:09:56.900 D/SPRDENG (  154): 41
04-25 21:09:56.900 D/SPRDENG (  154): 54
04-25 21:09:56.900 D/SPRDENG (  154): 2b
04-25 21:09:56.900 D/SPRDENG (  154): 53
04-25 21:09:56.900 D/SPRDENG (  154): 4e
04-25 21:09:56.900 D/SPRDENG (  154): 56
04-25 21:09:56.900 D/SPRDENG (  154): 4d
04-25 21:09:56.900 D/SPRDENG (  154): 3d
04-25 21:09:56.900 D/SPRDENG (  154): 30
04-25 21:09:56.900 D/SPRDENG (  154): 2c
04-25 21:09:56.900 D/SPRDENG (  154): 34
04-25 21:09:56.900 D/SPRDENG (  154): 30
04-25 21:09:56.900 D/SPRDENG (  154): 39
04-25 21:09:56.900 D/SPRDENG (  154): eng_modem2server: use SIM1 /dev/CHNPTY13
04-25 21:09:56.900 D/SPRDENG (  154): AT < 
04-25 21:09:56.900 D/SPRDENG (  154): +SNVM: 20,FFFFFFFFFFFF0000000000000000000000000000
04-25 21:09:56.900 D/SPRDENG (  154): 
04-25 21:09:56.900 D/SPRDENG (  154): OK
04-25 21:09:56.900 D/SPRDENG (  154): 
04-25 21:09:56.900 D/BTWIFIMAC(   93): recv_from_modem: Receive 1 Modem Response
04-25 21:09:56.900 D/BTWIFIMAC(   93): read_btwifimac_from_modem: WIFI timeout=60, response=
04-25 21:09:56.900 D/BTWIFIMAC(   93): +SNVM: 20,FFFFFFFFFFFF0000000000000000000000000000
04-25 21:09:56.900 D/BTWIFIMAC(   93): 
04-25 21:09:56.900 D/BTWIFIMAC(   93): OK
04-25 21:09:56.900 D/BTWIFIMAC(   93): 
04-25 21:09:56.900 D/BTWIFIMAC(   93): get_macaddress: mac address is FF:FF:FF:FF:FF:FF
04-25 21:09:56.900 D/BTWIFIMAC(   93): bt_ok:0 wifi_ok:0 
04-25 21:09:56.900 D/BTWIFIMAC(   93): +mac_rand+
04-25 21:09:56.900 D/BTWIFIMAC(   93): mac_rand: /data/rand_mac.txt exists
04-25 21:09:56.900 D/BTWIFIMAC(   93): mac_rand: read /data/rand_mac.txt 00:c3:87:02:74:d3;00:b2:8b:a3:d0:dd
04-25 21:09:56.900 D/BTWIFIMAC(   93): mac_rand: read btmac=00:c3:87:02:74:d3, wifimac=00:b2:8b:a3:d0:dd
04-25 21:09:56.900 D/BTWIFIMAC(   93): property ro.mac.wifi=00:b2:8b:a3:d0:dd, ro.mac.bluetooth=00:c3:87:02:74:d3
04-25 21:09:56.900 D/BTWIFIMAC(   93): write_mac2file: mac=00:b2:8b:a3:d0:dd, fd[/data/wifimac.txt]=9
04-25 21:09:56.900 D/BTWIFIMAC(   93): write_mac2file: mac=00:c3:87:02:74:d3, fd[/data/btmac.txt]=9
04-25 21:09:56.910 D/BTWIFIMAC(   93): begin to run  trout_genpskey
04-25 21:09:56.910 D/BTWIFIMAC(   93): run trout_genpskey, ret=0
04-25 21:09:56.920 D/pskey_bt(  327): set BT mac
04-25 21:09:56.940 D/pskey_bt(  327): main, bt_mac from nv:
04-25 21:09:56.940 D/pskey_bt(  327): get_pskey_from_file
04-25 21:09:56.940 D/pskey_bt(  327): open bt pskey structure file fd=7
04-25 21:09:56.940 D/pskey_bt(  327): buf from pskey file:2048
04-25 21:09:56.940 D/pskey_bt(  327): parser_pskey_info
04-25 21:09:56.940 D/pskey_bt(  327): char:0, 0
04-25 21:09:56.940 D/pskey_bt(  327): get_one_item(data) = 0x0
04-25 21:09:56.940 D/pskey_bt(  327): get_next_u8: here:0
04-25 21:09:56.940 D/pskey_bt(  327): char:1, 1
04-25 21:09:56.940 D/pskey_bt(  327): get_one_item(data) = 0x1
04-25 21:09:56.940 D/pskey_bt(  327): get_next_u8: here:1
04-25 21:09:56.940 D/pskey_bt(  327): char:1, 1
04-25 21:09:56.940 D/pskey_bt(  327): get_one_item(data) = 0x1
04-25 21:09:56.940 D/pskey_bt(  327): get_next_u8: here:1
04-25 21:09:56.940 D/pskey_bt(  327): char:1, 1
04-25 21:09:56.940 D/pskey_bt(  327): get_one_item(data) = 0x1
04-25 21:09:56.940 D/pskey_bt(  327): get_next_u8: here:1
04-25 21:09:56.940 D/pskey_bt(  327): char:0, 0
04-25 21:09:56.940 D/pskey_bt(  327): char:1, 1
04-25 21:09:56.940 D/pskey_bt(  327): char:8, 8
04-25 21:09:56.940 D/pskey_bt(  327): char:C, C
04-25 21:09:56.940 D/pskey_bt(  327): char:B, B
04-25 21:09:56.940 D/pskey_bt(  327): char:A, A
04-25 21:09:56.940 D/pskey_bt(  327): char:8, 8
04-25 21:09:56.940 D/pskey_bt(  327): char:0, 0
04-25 21:09:56.940 D/pskey_bt(  327): get_one_item(data) = 0x18cba80
04-25 21:09:56.940 D/pskey_bt(  327): get_next_u32: here:18cba80
04-25 21:09:56.940 D/pskey_bt(  327): char:1, 1
04-25 21:09:56.940 D/pskey_bt(  327): char:f, f
04-25 21:09:56.940 D/pskey_bt(  327): char:0, 0
04-25 21:09:56.940 D/pskey_bt(  327): char:0, 0
04-25 21:09:56.940 D/pskey_bt(  327): get_one_item(data) = 0x1f00
04-25 21:09:56.940 D/pskey_bt(  327): get_next_u32: here:1f00
04-25 21:09:56.940 D/pskey_bt(  327): char:1, 1
04-25 21:09:56.940 D/pskey_bt(  327): char:E, E
04-25 21:09:56.940 D/pskey_bt(  327): get_one_item(data) = 0x1e
04-25 21:09:56.940 D/pskey_bt(  327): get_next_u32: here:1e
04-25 21:09:56.940 D/pskey_bt(  327): char:7, 7
04-25 21:09:56.940 D/pskey_bt(  327): char:B, B
04-25 21:09:56.940 D/pskey_bt(  327): char:0, 0
04-25 21:09:56.940 D/pskey_bt(  327): char:0, 0
04-25 21:09:56.940 D/pskey_bt(  327): char:7, 7
04-25 21:09:56.940 D/pskey_bt(  327): char:C, C
04-25 21:09:56.940 D/pskey_bt(  327): get_one_item(data) = 0x7b007c
04-25 21:09:56.940 D/pskey_bt(  327): get_next_u32: here:7b007c
04-25 21:09:56.940 D/pskey_bt(  327): char:3, 3
04-25 21:09:56.940 D/pskey_bt(  327): char:7, 7
04-25 21:09:56.940 D/pskey_bt(  327): char:0, 0
04-25 21:09:56.940 D/pskey_bt(  327): char:0, 0
04-25 21:09:56.940 D/pskey_bt(  327): char:7, 7
04-25 21:09:56.940 D/pskey_bt(  327): char:A, A
04-25 21:09:56.940 D/pskey_bt(  327): get_one_item(data) = 0x37007a
04-25 21:09:56.940 D/pskey_bt(  327): get_next_u32: here:37007a
04-25 21:09:56.940 D/pskey_bt(  327): char:3, 3
04-25 21:09:56.940 D/pskey_bt(  327): char:5, 5
04-25 21:09:56.940 D/pskey_bt(  327): char:0, 0
04-25 21:09:56.940 D/pskey_bt(  327): char:0, 0
04-25 21:09:56.940 D/pskey_bt(  327): char:3, 3
04-25 21:09:56.940 D/pskey_bt(  327): char:6, 6
04-25 21:09:56.940 D/pskey_bt(  327): get_one_item(data) = 0x350036
04-25 21:09:56.940 D/pskey_bt(  327): get_next_u32: here:350036
04-25 21:09:56.940 D/pskey_bt(  327): char:2, 2
04-25 21:09:56.940 D/pskey_bt(  327): char:9, 9
04-25 21:09:56.940 D/pskey_bt(  327): char:0, 0
04-25 21:09:56.940 D/pskey_bt(  327): char:0, 0
04-25 21:09:56.940 D/pskey_bt(  327): char:3, 3
04-25 21:09:56.940 D/pskey_bt(  327): char:4, 4
04-25 21:09:56.940 D/pskey_bt(  327): get_one_item(data) = 0x290034
04-25 21:09:56.940 D/pskey_bt(  327): get_next_u32: here:290034
04-25 21:09:56.940 D/pskey_bt(  327): char:0, 0
04-25 21:09:56.940 D/pskey_bt(  327): char:A, A
04-25 21:09:56.940 D/pskey_bt(  327): char:0, 0
04-25 21:09:56.940 D/pskey_bt(  327): char:0, 0
04-25 21:09:56.940 D/pskey_bt(  327): char:2, 2
04-25 21:09:56.940 D/pskey_bt(  327): char:8, 8
04-25 21:09:56.940 D/pskey_bt(  327): get_one_item(data) = 0xa0028
04-25 21:09:56.940 D/pskey_bt(  327): get_next_u32: here:a0028
04-25 21:09:56.940 D/pskey_bt(  327): char:0, 0
04-25 21:09:56.940 D/pskey_bt(  327): char:0, 0
04-25 21:09:56.940 D/pskey_bt(  327): char:0, 0
04-25 21:09:56.940 D/pskey_bt(  327): char:6, 6
04-25 21:09:56.940 D/pskey_bt(  327): char:0, 0
04-25 21:09:56.940 D/pskey_bt(  327): char:0, 0
04-25 21:09:56.940 D/pskey_bt(  327): char:0, 0
04-25 21:09:56.940 D/pskey_bt(  327): char:9, 9
04-25 21:09:56.940 D/pskey_bt(  327): get_one_item(data) = 0x60009
04-25 21:09:56.940 D/pskey_bt(  327): get_next_u32: here:60009
04-25 21:09:56.940 D/pskey_bt(  327): end of buff, str=},
04-25 21:09:56.940 D/pskey_bt(  327): {0x0B,0x0A,0x09, 0x08, 0x07},
04-25 21:09:56.940 D/pskey_bt(  327): {0xFF, 0xFF, 0x8D, 0xFE, 0x9B, 0x3F, 0x79, 0x83,
04-25 21:09:56.940 D/pskey_bt(  327):   0xFF, 0xA7, 0xFF, 0x7F, 0x00, 0xE0, 0xF7, 0x3E},
04-25 21:09:56.940 D/pskey_bt(  327): {0xFF, 0xFF, 0xFF, 0xFF, 0xFF, 0xFF},
04-25 21:09:56.940 D/pskey_bt(  327): 0,
04-25 21:09:56.940 D/pskey_bt(  327): 1,
04-25 21:09:56.940 D/pskey_bt(  327): 5,
04-25 21:09:56.940 D/pskey_bt(  327): 0xE,
04-25 21:09:56.940 D/pskey_bt(  327): 1,
04-25 21:09:56.940 D/pskey_bt(  327): 1,
04-25 21:09:56.940 D/pskey_bt(  327): 0x50000000,
04-25 21:09:56.940 D/pskey_bt(  327): 0x50000150,
04-25 21:09:56.940 D/pskey_bt(  327): 0x50000150,
04-25 21:09:56.940 D/pskey_bt(  327): 0x50000154,
04-25 21:09:56.940 D/pskey_bt(  327): 0xFFFFFFFF,
04-25 21:09:56.940 D/pskey_bt(  327): 0x100,
04-25 21:09:56.940 D/pskey_bt(  327): 0xA0,
04-25 21:09:56.940 D/pskey_bt(  327): 0xDC,
04-25 21:09:56.940 D/pskey_bt(  327): 0x20,
04-25 21:09:56.940 D/pskey_bt(  327): 0x55,
04-25 21:09:56.940 D/pskey_bt(  327): 0x64,
04-25 21:09:56.940 D/pskey_bt(  327): 0,
04-25 21:09:56.940 D/pskey_bt(  327): 0x8,
04-25 21:09:56.940 D/pskey_bt(  327): 0x13C,
04-25 21:09:56.940 D/pskey_bt(  327): 0x2,
04-25 21:09:56.940 D/pskey_bt(  327): 0xD704,
04-25 21:09:56.940 D/pskey_bt(  327): 0x88888888,
04-25 21:09:56.940 D/pskey_bt(  327): 0x6,
04-25 21:09:56.940 D/pskey_bt(  327): 0x0,
04-25 21:09:56.940 D/pskey_bt(  327): {0x0001,0x0000,0x0000,0x0000,0x0000,0x0000,0x0000,0x0000,0x0000
04-25 21:09:56.940 D/pskey_bt(  327): char:0, 0
04-25 21:09:56.940 D/pskey_bt(  327): char:B, B
04-25 21:09:56.940 D/pskey_bt(  327): get_one_item(data) = 0xb
04-25 21:09:56.940 D/pskey_bt(  327): get_next_u32: here:b
04-25 21:09:56.940 D/pskey_bt(  327): char:0, 0
04-25 21:09:56.940 D/pskey_bt(  327): char:A, A
04-25 21:09:56.940 D/pskey_bt(  327): get_one_item(data) = 0xa
04-25 21:09:56.940 D/pskey_bt(  327): get_next_u32: here:a
04-25 21:09:56.940 D/pskey_bt(  327): char:0, 0
04-25 21:09:56.940 D/pskey_bt(  327): char:9, 9
04-25 21:09:56.940 D/pskey_bt(  327): get_one_item(data) = 0x9
04-25 21:09:56.940 D/pskey_bt(  327): get_next_u32: here:9
04-25 21:09:56.940 D/pskey_bt(  327): char:0, 0
04-25 21:09:56.940 D/pskey_bt(  327): char:8, 8
04-25 21:09:56.940 D/pskey_bt(  327): get_one_item(data) = 0x8
04-25 21:09:56.940 D/pskey_bt(  327): get_next_u32: here:8
04-25 21:09:56.940 D/pskey_bt(  327): char:0, 0
04-25 21:09:56.940 D/pskey_bt(  327): char:7, 7
04-25 21:09:56.940 D/pskey_bt(  327): get_one_item(data) = 0x7
04-25 21:09:56.940 D/pskey_bt(  327): get_next_u32: here:7
04-25 21:09:56.940 D/pskey_bt(  327): end of buff, str=},
04-25 21:09:56.940 D/pskey_bt(  327): {0xFF, 0xFF, 0x8D, 0xFE, 0x9B, 0x3F, 0x79, 0x83,
04-25 21:09:56.940 D/pskey_bt(  327):   0xFF, 0xA7, 0xFF, 0x7F, 0x00, 0xE0, 0xF7, 0x3E},
04-25 21:09:56.940 D/pskey_bt(  327): {0xFF, 0xFF, 0xFF, 0xFF, 0xFF, 0xFF},
04-25 21:09:56.940 D/pskey_bt(  327): 0,
04-25 21:09:56.940 D/pskey_bt(  327): 1,
04-25 21:09:56.940 D/pskey_bt(  327): 5,
04-25 21:09:56.940 D/pskey_bt(  327): 0xE,
04-25 21:09:56.940 D/pskey_bt(  327): 1,
04-25 21:09:56.940 D/pskey_bt(  327): 1,
04-25 21:09:56.940 D/pskey_bt(  327): 0x50000000,
04-25 21:09:56.940 D/pskey_bt(  327): 0x50000150,
04-25 21:09:56.940 D/pskey_bt(  327): 0x50000150,
04-25 21:09:56.940 D/pskey_bt(  327): 0x50000154,
04-25 21:09:56.940 D/pskey_bt(  327): 0xFFFFFFFF,
04-25 21:09:56.940 D/pskey_bt(  327): 0x100,
04-25 21:09:56.940 D/pskey_bt(  327): 0xA0,
04-25 21:09:56.940 D/pskey_bt(  327): 0xDC,
04-25 21:09:56.940 D/pskey_bt(  327): 0x20,
04-25 21:09:56.940 D/pskey_bt(  327): 0x55,
04-25 21:09:56.940 D/pskey_bt(  327): 0x64,
04-25 21:09:56.940 D/pskey_bt(  327): 0,
04-25 21:09:56.940 D/pskey_bt(  327): 0x8,
04-25 21:09:56.940 D/pskey_bt(  327): 0x13C,
04-25 21:09:56.940 D/pskey_bt(  327): 0x2,
04-25 21:09:56.940 D/pskey_bt(  327): 0xD704,
04-25 21:09:56.940 D/pskey_bt(  327): 0x88888888,
04-25 21:09:56.940 D/pskey_bt(  327): 0x6,
04-25 21:09:56.940 D/pskey_bt(  327): 0x0,
04-25 21:09:56.940 D/pskey_bt(  327): {0x0001,0x0000,0x0000,0x0000,0x0000,0x0000,0x0000,0x0000,0x0000
04-25 21:09:56.940 D/pskey_bt(  327): char:F, F
04-25 21:09:56.940 D/pskey_bt(  327): char:F, F
04-25 21:09:56.940 D/pskey_bt(  327): get_one_item(data) = 0xff
04-25 21:09:56.940 D/pskey_bt(  327): get_next_u8: here:ff
04-25 21:09:56.940 D/pskey_bt(  327): char:F, F
04-25 21:09:56.940 D/pskey_bt(  327): char:F, F
04-25 21:09:56.940 D/pskey_bt(  327): get_one_item(data) = 0xff
04-25 21:09:56.940 D/pskey_bt(  327): get_next_u8: here:ff
04-25 21:09:56.940 D/pskey_bt(  327): char:8, 8
04-25 21:09:56.940 D/pskey_bt(  327): char:D, D
04-25 21:09:56.940 D/pskey_bt(  327): get_one_item(data) = 0x8d
04-25 21:09:56.940 D/pskey_bt(  327): get_next_u8: here:8d
04-25 21:09:56.940 D/pskey_bt(  327): char:F, F
04-25 21:09:56.940 D/pskey_bt(  327): char:E, E
04-25 21:09:56.940 D/pskey_bt(  327): get_one_item(data) = 0xfe
04-25 21:09:56.940 D/pskey_bt(  327): get_next_u8: here:fe
04-25 21:09:56.940 D/pskey_bt(  327): char:9, 9
04-25 21:09:56.940 D/pskey_bt(  327): char:B, B
04-25 21:09:56.940 D/pskey_bt(  327): get_one_item(data) = 0x9b
04-25 21:09:56.940 D/pskey_bt(  327): get_next_u8: here:9b
04-25 21:09:56.940 D/pskey_bt(  327): char:3, 3
04-25 21:09:56.940 D/pskey_bt(  327): char:F, F
04-25 21:09:56.940 D/pskey_bt(  327): get_one_item(data) = 0x3f
04-25 21:09:56.940 D/pskey_bt(  327): get_next_u8: here:3f
04-25 21:09:56.940 D/pskey_bt(  327): char:7, 7
04-25 21:09:56.940 D/pskey_bt(  327): char:9, 9
04-25 21:09:56.940 D/pskey_bt(  327): get_one_item(data) = 0x79
04-25 21:09:56.940 D/pskey_bt(  327): get_next_u8: here:79
04-25 21:09:56.940 D/pskey_bt(  327): char:8, 8
04-25 21:09:56.940 D/pskey_bt(  327): char:3, 3
04-25 21:09:56.940 D/pskey_bt(  327): get_one_item(data) = 0x83
04-25 21:09:56.940 D/pskey_bt(  327): get_next_u8: here:83
04-25 21:09:56.940 D/pskey_bt(  327): char:F, F
04-25 21:09:56.940 D/pskey_bt(  327): char:F, F
04-25 21:09:56.940 D/pskey_bt(  327): get_one_item(data) = 0xff
04-25 21:09:56.940 D/pskey_bt(  327): get_next_u8: here:ff
04-25 21:09:56.940 D/pskey_bt(  327): char:A, A
04-25 21:09:56.940 D/pskey_bt(  327): char:7, 7
04-25 21:09:56.940 D/pskey_bt(  327): get_one_item(data) = 0xa7
04-25 21:09:56.940 D/pskey_bt(  327): get_next_u8: here:a7
04-25 21:09:56.940 D/pskey_bt(  327): char:F, F
04-25 21:09:56.940 D/pskey_bt(  327): char:F, F
04-25 21:09:56.940 D/pskey_bt(  327): get_one_item(data) = 0xff
04-25 21:09:56.940 D/pskey_bt(  327): get_next_u8: here:ff
04-25 21:09:56.940 D/pskey_bt(  327): char:7, 7
04-25 21:09:56.940 D/pskey_bt(  327): char:F, F
04-25 21:09:56.940 D/pskey_bt(  327): get_one_item(data) = 0x7f
04-25 21:09:56.940 D/pskey_bt(  327): get_next_u8: here:7f
04-25 21:09:56.940 D/pskey_bt(  327): char:0, 0
04-25 21:09:56.940 D/pskey_bt(  327): char:0, 0
04-25 21:09:56.940 D/pskey_bt(  327): get_one_item(data) = 0x0
04-25 21:09:56.940 D/pskey_bt(  327): get_next_u8: here:0
04-25 21:09:56.940 D/pskey_bt(  327): char:E, E
04-25 21:09:56.940 D/pskey_bt(  327): char:0, 0
04-25 21:09:56.940 D/pskey_bt(  327): get_one_item(data) = 0xe0
04-25 21:09:56.940 D/pskey_bt(  327): get_next_u8: here:e0
04-25 21:09:56.940 D/pskey_bt(  327): char:F, F
04-25 21:09:56.940 D/pskey_bt(  327): char:7, 7
04-25 21:09:56.940 D/pskey_bt(  327): get_one_item(data) = 0xf7
04-25 21:09:56.940 D/pskey_bt(  327): get_next_u8: here:f7
04-25 21:09:56.940 D/pskey_bt(  327): char:3, 3
04-25 21:09:56.940 D/pskey_bt(  327): char:E, E
04-25 21:09:56.940 D/pskey_bt(  327): get_one_item(data) = 0x3e
04-25 21:09:56.940 D/pskey_bt(  327): get_next_u8: here:3e
04-25 21:09:56.940 D/pskey_bt(  327): end of buff, str=},
04-25 21:09:56.940 D/pskey_bt(  327): {0xFF, 0xFF, 0xFF, 0xFF, 0xFF, 0xFF},
04-25 21:09:56.940 D/pskey_bt(  327): 0,
04-25 21:09:56.940 D/pskey_bt(  327): 1,
04-25 21:09:56.940 D/pskey_bt(  327): 5,
04-25 21:09:56.940 D/pskey_bt(  327): 0xE,
04-25 21:09:56.940 D/pskey_bt(  327): 1,
04-25 21:09:56.940 D/pskey_bt(  327): 1,
04-25 21:09:56.940 D/pskey_bt(  327): 0x50000000,
04-25 21:09:56.940 D/pskey_bt(  327): 0x50000150,
04-25 21:09:56.940 D/pskey_bt(  327): 0x50000150,
04-25 21:09:56.940 D/pskey_bt(  327): 0x50000154,
04-25 21:09:56.940 D/pskey_bt(  327): 0xFFFFFFFF,
04-25 21:09:56.940 D/pskey_bt(  327): 0x100,
04-25 21:09:56.940 D/pskey_bt(  327): 0xA0,
04-25 21:09:56.940 D/pskey_bt(  327): 0xDC,
04-25 21:09:56.940 D/pskey_bt(  327): 0x20,
04-25 21:09:56.940 D/pskey_bt(  327): 0x55,
04-25 21:09:56.940 D/pskey_bt(  327): 0x64,
04-25 21:09:56.940 D/pskey_bt(  327): 0,
04-25 21:09:56.940 D/pskey_bt(  327): 0x8,
04-25 21:09:56.940 D/pskey_bt(  327): 0x13C,
04-25 21:09:56.940 D/pskey_bt(  327): 0x2,
04-25 21:09:56.940 D/pskey_bt(  327): 0xD704,
04-25 21:09:56.940 D/pskey_bt(  327): 0x88888888,
04-25 21:09:56.940 D/pskey_bt(  327): 0x6,
04-25 21:09:56.940 D/pskey_bt(  327): 0x0,
04-25 21:09:56.940 D/pskey_bt(  327): {0x0001,0x0000,0x0000,0x0000,0x0000,0x0000,0x0000,0x0000,0x0000
04-25 21:09:56.940 D/pskey_bt(  327): char:F, F
04-25 21:09:56.940 D/pskey_bt(  327): char:F, F
04-25 21:09:56.940 D/pskey_bt(  327): get_one_item(data) = 0xff
04-25 21:09:56.940 D/pskey_bt(  327): get_next_u8: here:ff
04-25 21:09:56.940 D/pskey_bt(  327): char:F, F
04-25 21:09:56.940 D/pskey_bt(  327): char:F, F
04-25 21:09:56.940 D/pskey_bt(  327): get_one_item(data) = 0xff
04-25 21:09:56.940 D/pskey_bt(  327): get_next_u8: here:ff
04-25 21:09:56.940 D/pskey_bt(  327): char:F, F
04-25 21:09:56.940 D/pskey_bt(  327): char:F, F
04-25 21:09:56.940 D/pskey_bt(  327): get_one_item(data) = 0xff
04-25 21:09:56.940 D/pskey_bt(  327): get_next_u8: here:ff
04-25 21:09:56.940 D/pskey_bt(  327): char:F, F
04-25 21:09:56.940 D/pskey_bt(  327): char:F, F
04-25 21:09:56.940 D/pskey_bt(  327): get_one_item(data) = 0xff
04-25 21:09:56.940 D/pskey_bt(  327): get_next_u8: here:ff
04-25 21:09:56.940 D/pskey_bt(  327): char:F, F
04-25 21:09:56.940 D/pskey_bt(  327): char:F, F
04-25 21:09:56.940 D/pskey_bt(  327): get_one_item(data) = 0xff
04-25 21:09:56.940 D/pskey_bt(  327): get_next_u8: here:ff
04-25 21:09:56.940 D/pskey_bt(  327): char:F, F
04-25 21:09:56.940 D/pskey_bt(  327): char:F, F
04-25 21:09:56.940 D/pskey_bt(  327): get_one_item(data) = 0xff
04-25 21:09:56.940 D/pskey_bt(  327): get_next_u8: here:ff
04-25 21:09:56.940 D/pskey_bt(  327): end of buff, str=},
04-25 21:09:56.940 D/pskey_bt(  327): 0,
04-25 21:09:56.940 D/pskey_bt(  327): 1,
04-25 21:09:56.940 D/pskey_bt(  327): 5,
04-25 21:09:56.940 D/pskey_bt(  327): 0xE,
04-25 21:09:56.940 D/pskey_bt(  327): 1,
04-25 21:09:56.940 D/pskey_bt(  327): 1,
04-25 21:09:56.940 D/pskey_bt(  327): 0x50000000,
04-25 21:09:56.940 D/pskey_bt(  327): 0x50000150,
04-25 21:09:56.940 D/pskey_bt(  327): 0x50000150,
04-25 21:09:56.940 D/pskey_bt(  327): 0x50000154,
04-25 21:09:56.940 D/pskey_bt(  327): 0xFFFFFFFF,
04-25 21:09:56.940 D/pskey_bt(  327): 0x100,
04-25 21:09:56.940 D/pskey_bt(  327): 0xA0,
04-25 21:09:56.940 D/pskey_bt(  327): 0xDC,
04-25 21:09:56.940 D/pskey_bt(  327): 0x20,
04-25 21:09:56.940 D/pskey_bt(  327): 0x55,
04-25 21:09:56.940 D/pskey_bt(  327): 0x64,
04-25 21:09:56.940 D/pskey_bt(  327): 0,
04-25 21:09:56.940 D/pskey_bt(  327): 0x8,
04-25 21:09:56.940 D/pskey_bt(  327): 0x13C,
04-25 21:09:56.940 D/pskey_bt(  327): 0x2,
04-25 21:09:56.940 D/pskey_bt(  327): 0xD704,
04-25 21:09:56.940 D/pskey_bt(  327): 0x88888888,
04-25 21:09:56.940 D/pskey_bt(  327): 0x6,
04-25 21:09:56.940 D/pskey_bt(  327): 0x0,
04-25 21:09:56.940 D/pskey_bt(  327): {0x0001,0x0000,0x0000,0x0000,0x0000,0x0000,0x0000,0x0000,0x0000
04-25 21:09:56.940 D/pskey_bt(  327): char:0, 0
04-25 21:09:56.940 D/pskey_bt(  327): get_one_item(data) = 0x0
04-25 21:09:56.940 D/pskey_bt(  327): get_next_u8: here:0
04-25 21:09:56.940 D/pskey_bt(  327): char:1, 1
04-25 21:09:56.940 D/pskey_bt(  327): get_one_item(data) = 0x1
04-25 21:09:56.940 D/pskey_bt(  327): get_next_u8: here:1
04-25 21:09:56.940 D/pskey_bt(  327): char:5, 5
04-25 21:09:56.940 D/pskey_bt(  327): get_one_item(data) = 0x5
04-25 21:09:56.940 D/pskey_bt(  327): get_next_u8: here:5
04-25 21:09:56.940 D/pskey_bt(  327): char:E, E
04-25 21:09:56.940 D/pskey_bt(  327): get_one_item(data) = 0xe
04-25 21:09:56.940 D/pskey_bt(  327): get_next_u8: here:e
04-25 21:09:56.940 D/pskey_bt(  327): char:1, 1
04-25 21:09:56.940 D/pskey_bt(  327): get_one_item(data) = 0x1
04-25 21:09:56.940 D/pskey_bt(  327): get_next_u8: here:1
04-25 21:09:56.940 D/pskey_bt(  327): char:1, 1
04-25 21:09:56.940 D/pskey_bt(  327): get_one_item(data) = 0x1
04-25 21:09:56.940 D/pskey_bt(  327): get_next_u8: here:1
04-25 21:09:56.940 D/pskey_bt(  327): char:5, 5
04-25 21:09:56.940 D/pskey_bt(  327): char:0, 0
04-25 21:09:56.940 D/pskey_bt(  327): char:0, 0
04-25 21:09:56.940 D/pskey_bt(  327): char:0, 0
04-25 21:09:56.940 D/pskey_bt(  327): char:0, 0
04-25 21:09:56.940 D/pskey_bt(  327): char:0, 0
04-25 21:09:56.940 D/pskey_bt(  327): char:0, 0
04-25 21:09:56.940 D/pskey_bt(  327): char:0, 0
04-25 21:09:56.940 D/pskey_bt(  327): get_one_item(data) = 0x50000000
04-25 21:09:56.940 D/pskey_bt(  327): get_next_u32: here:50000000
04-25 21:09:56.940 D/pskey_bt(  327): char:5, 5
04-25 21:09:56.940 D/pskey_bt(  327): char:0, 0
04-25 21:09:56.940 D/pskey_bt(  327): char:0, 0
04-25 21:09:56.940 D/pskey_bt(  327): char:0, 0
04-25 21:09:56.940 D/pskey_bt(  327): char:0, 0
04-25 21:09:56.940 D/pskey_bt(  327): char:1, 1
04-25 21:09:56.940 D/pskey_bt(  327): char:5, 5
04-25 21:09:56.940 D/pskey_bt(  327): char:0, 0
04-25 21:09:56.940 D/pskey_bt(  327): get_one_item(data) = 0x50000150
04-25 21:09:56.940 D/pskey_bt(  327): get_next_u32: here:50000150
04-25 21:09:56.940 D/pskey_bt(  327): char:5, 5
04-25 21:09:56.940 D/pskey_bt(  327): char:0, 0
04-25 21:09:56.940 D/pskey_bt(  327): char:0, 0
04-25 21:09:56.940 D/pskey_bt(  327): char:0, 0
04-25 21:09:56.940 D/pskey_bt(  327): char:0, 0
04-25 21:09:56.940 D/pskey_bt(  327): char:1, 1
04-25 21:09:56.940 D/pskey_bt(  327): char:5, 5
04-25 21:09:56.940 D/pskey_bt(  327): char:0, 0
04-25 21:09:56.940 D/pskey_bt(  327): get_one_item(data) = 0x50000150
04-25 21:09:56.940 D/pskey_bt(  327): get_next_u32: here:50000150
04-25 21:09:56.940 D/pskey_bt(  327): char:5, 5
04-25 21:09:56.940 D/pskey_bt(  327): char:0, 0
04-25 21:09:56.940 D/pskey_bt(  327): char:0, 0
04-25 21:09:56.940 D/pskey_bt(  327): char:0, 0
04-25 21:09:56.940 D/pskey_bt(  327): char:0, 0
04-25 21:09:56.940 D/pskey_bt(  327): char:1, 1
04-25 21:09:56.940 D/pskey_bt(  327): char:5, 5
04-25 21:09:56.940 D/pskey_bt(  327): char:4, 4
04-25 21:09:56.940 D/pskey_bt(  327): get_one_item(data) = 0x50000154
04-25 21:09:56.940 D/pskey_bt(  327): get_next_u32: here:50000154
04-25 21:09:56.940 D/pskey_bt(  327): char:F, F
04-25 21:09:56.940 D/pskey_bt(  327): char:F, F
04-25 21:09:56.940 D/pskey_bt(  327): char:F, F
04-25 21:09:56.940 D/pskey_bt(  327): char:F, F
04-25 21:09:56.940 D/pskey_bt(  327): char:F, F
04-25 21:09:56.940 D/pskey_bt(  327): char:F, F
04-25 21:09:56.940 D/pskey_bt(  327): char:F, F
04-25 21:09:56.940 D/pskey_bt(  327): char:F, F
04-25 21:09:56.940 D/pskey_bt(  327): get_one_item(data) = 0xffffffff
04-25 21:09:56.940 D/pskey_bt(  327): get_next_u32: here:ffffffff
04-25 21:09:56.940 D/pskey_bt(  327): char:1, 1
04-25 21:09:56.940 D/pskey_bt(  327): char:0, 0
04-25 21:09:56.940 D/pskey_bt(  327): char:0, 0
04-25 21:09:56.940 D/pskey_bt(  327): get_one_item(data) = 0x100
04-25 21:09:56.940 D/pskey_bt(  327): get_next_u16: here:100
04-25 21:09:56.940 D/pskey_bt(  327): char:A, A
04-25 21:09:56.940 D/pskey_bt(  327): char:0, 0
04-25 21:09:56.940 D/pskey_bt(  327): get_one_item(data) = 0xa0
04-25 21:09:56.940 D/pskey_bt(  327): get_next_u16: here:a0
04-25 21:09:56.940 D/pskey_bt(  327): char:D, D
04-25 21:09:56.940 D/pskey_bt(  327): char:C, C
04-25 21:09:56.940 D/pskey_bt(  327): get_one_item(data) = 0xdc
04-25 21:09:56.940 D/pskey_bt(  327): get_next_u16: here:dc
04-25 21:09:56.940 D/pskey_bt(  327): char:2, 2
04-25 21:09:56.940 D/pskey_bt(  327): char:0, 0
04-25 21:09:56.940 D/pskey_bt(  327): get_one_item(data) = 0x20
04-25 21:09:56.940 D/pskey_bt(  327): get_next_u16: here:20
04-25 21:09:56.940 D/pskey_bt(  327): char:5, 5
04-25 21:09:56.940 D/pskey_bt(  327): char:5, 5
04-25 21:09:56.940 D/pskey_bt(  327): get_one_item(data) = 0x55
04-25 21:09:56.940 D/pskey_bt(  327): get_next_u16: here:55
04-25 21:09:56.940 D/pskey_bt(  327): char:6, 6
04-25 21:09:56.940 D/pskey_bt(  327): char:4, 4
04-25 21:09:56.950 D/pskey_bt(  327): get_one_item(data) = 0x64
04-25 21:09:56.950 D/pskey_bt(  327): get_next_u16: here:64
04-25 21:09:56.950 D/pskey_bt(  327): char:0, 0
04-25 21:09:56.950 D/pskey_bt(  327): get_one_item(data) = 0x0
04-25 21:09:56.950 D/pskey_bt(  327): get_next_u32: here:0
04-25 21:09:56.950 D/pskey_bt(  327): char:8, 8
04-25 21:09:56.950 D/pskey_bt(  327): get_one_item(data) = 0x8
04-25 21:09:56.950 D/pskey_bt(  327): get_next_u16: here:8
04-25 21:09:56.950 D/pskey_bt(  327): char:1, 1
04-25 21:09:56.950 D/pskey_bt(  327): char:3, 3
04-25 21:09:56.950 D/pskey_bt(  327): char:C, C
04-25 21:09:56.950 D/pskey_bt(  327): get_one_item(data) = 0x13c
04-25 21:09:56.950 D/pskey_bt(  327): get_next_u16: here:13c
04-25 21:09:56.950 D/pskey_bt(  327): char:2, 2
04-25 21:09:56.950 D/pskey_bt(  327): get_one_item(data) = 0x2
04-25 21:09:56.950 D/pskey_bt(  327): get_next_u16: here:2
04-25 21:09:56.950 D/pskey_bt(  327): char:D, D
04-25 21:09:56.950 D/pskey_bt(  327): char:7, 7
04-25 21:09:56.950 D/pskey_bt(  327): char:0, 0
04-25 21:09:56.950 D/pskey_bt(  327): char:4, 4
04-25 21:09:56.950 D/pskey_bt(  327): get_one_item(data) = 0xd704
04-25 21:09:56.950 D/pskey_bt(  327): get_next_u16: here:d704
04-25 21:09:56.950 D/pskey_bt(  327): char:8, 8
04-25 21:09:56.950 D/pskey_bt(  327): char:8, 8
04-25 21:09:56.950 D/pskey_bt(  327): char:8, 8
04-25 21:09:56.950 D/pskey_bt(  327): char:8, 8
04-25 21:09:56.950 D/pskey_bt(  327): char:8, 8
04-25 21:09:56.950 D/pskey_bt(  327): char:8, 8
04-25 21:09:56.950 D/pskey_bt(  327): char:8, 8
04-25 21:09:56.950 D/pskey_bt(  327): char:8, 8
04-25 21:09:56.950 D/pskey_bt(  327): get_one_item(data) = 0x88888888
04-25 21:09:56.950 D/pskey_bt(  327): get_next_u32: here:88888888
04-25 21:09:56.950 D/pskey_bt(  327): char:6, 6
04-25 21:09:56.950 D/pskey_bt(  327): get_one_item(data) = 0x6
04-25 21:09:56.950 D/pskey_bt(  327): get_next_u16: here:6
04-25 21:09:56.950 D/pskey_bt(  327): char:0, 0
04-25 21:09:56.950 D/pskey_bt(  327): get_one_item(data) = 0x0
04-25 21:09:56.950 D/pskey_bt(  327): get_next_u16: here:0
04-25 21:09:56.950 D/pskey_bt(  327): char:0, 0
04-25 21:09:56.950 D/pskey_bt(  327): char:0, 0
04-25 21:09:56.950 D/pskey_bt(  327): char:0, 0
04-25 21:09:56.950 D/pskey_bt(  327): char:1, 1
04-25 21:09:56.950 D/pskey_bt(  327): get_one_item(data) = 0x1
04-25 21:09:56.950 D/pskey_bt(  327): get_next_u32: here:1
04-25 21:09:56.950 D/pskey_bt(  327): char:0, 0
04-25 21:09:56.950 D/pskey_bt(  327): char:0, 0
04-25 21:09:56.950 D/pskey_bt(  327): char:0, 0
04-25 21:09:56.950 D/pskey_bt(  327): char:0, 0
04-25 21:09:56.950 D/pskey_bt(  327): get_one_item(data) = 0x0
04-25 21:09:56.950 D/pskey_bt(  327): get_next_u32: here:0
04-25 21:09:56.950 D/pskey_bt(  327): char:0, 0
04-25 21:09:56.950 D/pskey_bt(  327): char:0, 0
04-25 21:09:56.950 D/pskey_bt(  327): char:0, 0
04-25 21:09:56.950 D/pskey_bt(  327): char:0, 0
04-25 21:09:56.950 D/pskey_bt(  327): get_one_item(data) = 0x0
04-25 21:09:56.950 D/pskey_bt(  327): get_next_u32: here:0
04-25 21:09:56.950 D/pskey_bt(  327): char:0, 0
04-25 21:09:56.950 D/pskey_bt(  327): char:0, 0
04-25 21:09:56.950 D/pskey_bt(  327): char:0, 0
04-25 21:09:56.950 D/pskey_bt(  327): char:0, 0
04-25 21:09:56.950 D/pskey_bt(  327): get_one_item(data) = 0x0
04-25 21:09:56.950 D/pskey_bt(  327): get_next_u32: here:0
04-25 21:09:56.950 D/pskey_bt(  327): char:0, 0
04-25 21:09:56.950 D/pskey_bt(  327): char:0, 0
04-25 21:09:56.950 D/pskey_bt(  327): char:0, 0
04-25 21:09:56.950 D/pskey_bt(  327): char:0, 0
04-25 21:09:56.950 D/pskey_bt(  327): get_one_item(data) = 0x0
04-25 21:09:56.950 D/pskey_bt(  327): get_next_u32: here:0
04-25 21:09:56.950 D/pskey_bt(  327): char:0, 0
04-25 21:09:56.950 D/pskey_bt(  327): char:0, 0
04-25 21:09:56.950 D/pskey_bt(  327): char:0, 0
04-25 21:09:56.950 D/pskey_bt(  327): char:0, 0
04-25 21:09:56.950 D/pskey_bt(  327): get_one_item(data) = 0x0
04-25 21:09:56.950 D/pskey_bt(  327): get_next_u32: here:0
04-25 21:09:56.950 D/pskey_bt(  327): char:0, 0
04-25 21:09:56.950 D/pskey_bt(  327): char:0, 0
04-25 21:09:56.950 D/pskey_bt(  327): char:0, 0
04-25 21:09:56.950 D/pskey_bt(  327): char:0, 0
04-25 21:09:56.950 D/pskey_bt(  327): get_one_item(data) = 0x0
04-25 21:09:56.950 D/pskey_bt(  327): get_next_u32: here:0
04-25 21:09:56.950 D/pskey_bt(  327): char:0, 0
04-25 21:09:56.950 D/pskey_bt(  327): char:0, 0
04-25 21:09:56.950 D/pskey_bt(  327): char:0, 0
04-25 21:09:56.950 D/pskey_bt(  327): char:0, 0
04-25 21:09:56.950 D/pskey_bt(  327): get_one_item(data) = 0x0
04-25 21:09:56.950 D/pskey_bt(  327): get_next_u32: here:0
04-25 21:09:56.950 D/pskey_bt(  327): char:0, 0
04-25 21:09:56.950 D/pskey_bt(  327): char:0, 0
04-25 21:09:56.950 D/pskey_bt(  327): char:0, 0
04-25 21:09:56.950 D/pskey_bt(  327): char:0, 0
04-25 21:09:56.950 D/pskey_bt(  327): get_one_item(data) = 0x0
04-25 21:09:56.950 D/pskey_bt(  327): get_next_u32: here:0
04-25 21:09:56.950 D/pskey_bt(  327): get_one_item(data) = 0x0
04-25 21:09:56.950 D/pskey_bt(  327): get_next_u32: here:0
04-25 21:09:56.950 D/pskey_bt(  327): leave out tmp_buff=
04-25 21:09:56.950 D/pskey_bt(  327): parse pskey success, tmp_buff=0x63120
04-25 21:09:56.950 D/pskey_bt(  327): ret get pskey from file =0
04-25 21:09:56.950 D/pskey_bt(  327): data/btmac.txt does not exist 0 
04-25 21:09:56.970 I/Gonk    (   83): RIL[0]: OnConnectSuccess
04-25 21:09:57.050 D/pskey_bt(  327): tmp_mac:00c3870274d3
04-25 21:09:57.050 D/pskey_bt(  327): d3  
04-25 21:09:57.050 D/pskey_bt(  327): 74  
04-25 21:09:57.050 D/pskey_bt(  327): 2  
04-25 21:09:57.050 D/pskey_bt(  327): 87  
04-25 21:09:57.050 D/pskey_bt(  327): c3  
04-25 21:09:57.050 D/pskey_bt(  327): 0  
04-25 21:09:57.160 I/Gonk    (   83): RIL[1]: OnConnectSuccess
04-25 21:09:57.320 I/Gecko   (   83): 1398485397330	Marionette	DEBUG	accepted connection on 127.0.0.1:33943
04-25 21:09:57.640 E/bluedroid(   83): test bt_is_enabled
04-25 21:09:58.270 D/NetUtils(   83): failed to remove default route for wlan0: No such device
04-25 21:09:58.270 W/WifiHW  (   83): wifi_load_driver enter 262
04-25 21:09:58.270 W/WifiHW  (   83): DRIVER_MODULE_PATH= DRIVER_MODULE_ARG= 
04-25 21:09:58.270 W/WifiHW  (   83): driver insmod complete 
04-25 21:09:58.270 W/WifiHW  (   83): Driver() loaded succesffuly
04-25 21:09:58.500 W/WifiHW  (   86): wifi_change_fw_path: /system/lib/modules/itm_sta.ko
04-25 21:09:58.500 D/WifiHW  (   86): Unable to unload driver module "itm_ap.ko": No such file or directory
04-25 21:09:58.700 D/WifiHW  (   86): Unable to unload driver module "itm_sta.ko": No such file or directory
04-25 21:09:58.900 W/WifiHW  (   86): insmod filename=/system/lib/modules/itm_sta.ko args= 
04-25 21:09:59.020 V/AudioPolicyManagerBase(   88): setStreamVolumeIndex() stream 3, index 0
04-25 21:09:59.020 E/AudioPolicyManagerBase(   88): checkAndSetVolume stream=3, index=0, output=1, device=2
04-25 21:09:59.020 E/AudioPolicyManagerBase(   88): computeVolume, streamDesc=0xcc9bf0
04-25 21:09:59.020 V/AudioPolicyManagerBase(   88): setStreamVolume() for output 1 stream 3, volume 0.000000, delay 0
04-25 21:09:59.020 V/AudioPolicyManagerBase(   88): setStreamVolumeIndex() stream 1, index 0
04-25 21:09:59.020 E/AudioPolicyManagerBase(   88): checkAndSetVolume stream=1, index=0, output=1, device=2
04-25 21:09:59.020 E/AudioPolicyManagerBase(   88): computeVolume, streamDesc=0xcc9bb8
04-25 21:09:59.020 V/AudioPolicyManagerBase(   88): setStreamVolume() for output 1 stream 1, volume 0.000000, delay 0
04-25 21:09:59.020 V/AudioPolicyManagerBase(   88): setStreamVolumeIndex() stream 5, index 0
04-25 21:09:59.020 E/AudioPolicyManagerBase(   88): checkAndSetVolume stream=5, index=0, output=1, device=2
04-25 21:09:59.020 E/AudioPolicyManagerBase(   88): computeVolume, streamDesc=0xcc9c28
04-25 21:09:59.020 V/AudioPolicyManagerBase(   88): setStreamVolume() for output 1 stream 5, volume 0.000000, delay 0
04-25 21:09:59.020 V/AudioPolicyManagerBase(   88): setStreamVolumeIndex() stream 2, index 0
04-25 21:09:59.020 E/AudioPolicyManagerBase(   88): checkAndSetVolume stream=2, index=0, output=1, device=2
04-25 21:09:59.020 E/AudioPolicyManagerBase(   88): computeVolume, streamDesc=0xcc9bd4
04-25 21:09:59.020 V/AudioPolicyManagerBase(   88): setStreamVolume() for output 1 stream 2, volume 0.000000, delay 0
04-25 21:09:59.020 V/AudioPolicyManagerBase(   88): setStreamVolumeIndex() stream 4, index 15
04-25 21:09:59.020 E/AudioPolicyManagerBase(   88): checkAndSetVolume stream=4, index=15, output=1, device=2
04-25 21:09:59.020 E/AudioPolicyManagerBase(   88): computeVolume, streamDesc=0xcc9c0c
04-25 21:09:59.020 V/AudioPolicyManagerBase(   88): VOLUME vol index=[66 100 100], dB=[-10.2 0.0 0.0] ampl=1.00000
04-25 21:09:59.020 V/AudioPolicyManagerBase(   88): setStreamVolumeIndex() stream 0, index 5
04-25 21:09:59.020 E/AudioPolicyManagerBase(   88): checkAndSetVolume stream=0, index=5, output=1, device=2
04-25 21:09:59.020 E/AudioPolicyManagerBase(   88): computeVolume, streamDesc=0xcc9b9c
04-25 21:09:59.020 V/AudioPolicyManagerBase(   88): VOLUME vol index=[66 100 100], dB=[-17.0 0.0 0.0] ampl=1.00000
04-25 21:09:59.040 V/AudioPolicyManagerBase(   88): setStreamVolumeIndex() stream 6, index 15
04-25 21:09:59.040 V/AudioPolicyManagerBase(   88): checkAndSetVolume() cannot set stream 6 volume with force use = 0 for comm
04-25 21:09:59.370 I/VolumeManager(   83): SetSharingMode for volume sdcard to 1 canBeShared = 1
04-25 21:09:59.370 I/AutoMounter(   83): UpdateState: umsAvail:1 umsEnabled:1 mode:0 usbCablePluggedIn:1 tryToShare:0
04-25 21:09:59.370 I/AutoMounter(   83): UpdateState: Volume sdcard is NoMedia and missing
04-25 21:09:59.610 I/Gecko   (   83): ###################################### forms.js loaded
04-25 21:09:59.610 I/Gecko   (   83): ############################### browserElementPanning.js loaded
04-25 21:09:59.640 I/Gecko   (   83): ######################## BrowserElementChildPreload.js loaded
04-25 21:09:59.670 I/Gecko   (   83): *** UTM:SVC TimerManager:registerTimer - id: user-agent-updates-timer
04-25 21:09:59.670 E/GeckoConsole(   83): UTM:SVC TimerManager:registerTimer - id: user-agent-updates-timer
04-25 21:10:00.320 E/Profiler(  345): BEGIN mozilla_sampler_init
04-25 21:10:00.340 E/Profiler(  345): BPUnw: [1 total] thread_register_for_profiling(me=0x400d5488, stacktop=0xbef9d9b7)
04-25 21:10:00.340 E/Profiler(  345): SPS:
04-25 21:10:00.340 E/Profiler(  345): SPS: Unwind mode       = pseudo
04-25 21:10:00.340 E/Profiler(  345): SPS: Sampling interval = 0 ms (zero means "platform default")
04-25 21:10:00.340 E/Profiler(  345): SPS: Entry store size  = 0 (zero means "platform default")
04-25 21:10:00.340 E/Profiler(  345): SPS: UnwindStackScan   = 0 (max dubious frames per unwind).
04-25 21:10:00.340 E/Profiler(  345): SPS: Use env var MOZ_PROFILER_MODE=help for further information.
04-25 21:10:00.340 E/Profiler(  345): SPS:
04-25 21:10:00.340 E/Profiler(  345): Registering start signal
04-25 21:10:01.130 E/GeckoConsole(   83): [JavaScript Warning: "Error in parsing value for 'font-weight'.  Declaration dropped." {file: "app://system.gaiamobile.org/style/shrinking_ui/shrinking_ui.css" line: 9 column: 15 source: "  font-weight: medium;"}]
04-25 21:10:01.350 E/Profiler(   83): BPUnw: [1 total] thread_unregister_for_profiling(me=0xf38f48)  (NOT REGISTERED) 
04-25 21:10:01.360 E/GeckoConsole(  345): Could not read chrome manifest 'file:///system/b2g/chrome.manifest'.
04-25 21:10:01.490 D/SoftapController(   86): Softap fwReload - Ok
04-25 21:10:01.490 E/BandwidthController(   86): No such iface wlan0 to delete
04-25 21:10:01.560 D/Sensors (   83): activate handle=0; drv=0
04-25 21:10:01.560 D/Sensors (   83): Lis3dhSensor: Control set 0
04-25 21:10:01.560 D/Sensors (   83): Lis3dhSensor: mEnabled = 0
04-25 21:10:01.560 I/Gecko   (   83): MobileConnection initialized
04-25 21:10:01.570 I/Gecko   (   83): MobileConnection initialized
04-25 21:10:02.080 I/Gecko   (   83): Attempting load of libEGL.so
04-25 21:10:02.110 D/libEGL  (   83): loaded /system/lib/egl/libEGL_mali.so
04-25 21:10:02.150 D/libEGL  (   83): loaded /system/lib/egl/libGLESv1_CM_mali.so
04-25 21:10:02.150 D/libEGL  (   83): loaded /system/lib/egl/libGLESv2_mali.so
04-25 21:10:02.170 I/HWComposer(   83): Creating new instance
04-25 21:10:02.170 E/HWComposer(   83): Failed to initialize hwc
04-25 21:10:02.220 E/GeckoConsole(   83): OpenGL compositor Initialized Succesfully.
04-25 21:10:02.220 E/GeckoConsole(   83): Version: OpenGL ES 2.0 Spreadtrum Build
04-25 21:10:02.220 E/GeckoConsole(   83): Vendor: ARM
04-25 21:10:02.220 E/GeckoConsole(   83): Renderer: Mali-300
04-25 21:10:02.220 E/GeckoConsole(   83): FBO Texture Target: TEXTURE_2D
04-25 21:10:04.150 I/power   (   83): *** set_screen_state 1
04-25 21:10:04.150 D/Sensors (   83): activate handle=3; drv=1
04-25 21:10:04.150 D/Sensors (   83): SensorTMD2771::setEnable=0= en=1; newState=1; what=0; mEnabled=0
04-25 21:10:04.250 D/Sensors (   83): taos ---Light::TAOS_IOCTL_ALS_ON=== err=0
04-25 21:10:04.250 D/Sensors (   83): SensorTMD2771::setEnable=1= en=1; newState=1; what=0; mEnabled=1
04-25 21:10:04.250 D/Sensors (   83): SensorTMD2771::getEnable===mEnabled=0x1; enable=1
04-25 21:10:04.290 I/GeckoDump(   83): XXX FIXME : Got a mozContentEvent: nfc-hardware-state-change
04-25 21:10:04.340 I/Gecko   (   83): ############################### browserElementPanning.js loaded
04-25 21:10:04.360 I/Gecko   (   83): ######################## BrowserElementChildPreload.js loaded
04-25 21:10:04.400 I/GeckoDump(   83): XXX FIXME : Got a mozContentEvent: system-message-listener-ready
04-25 21:10:04.470 I/Gecko   (   83): 1398485404474	Marionette	DEBUG	accepted connection on 127.0.0.1:33944
04-25 21:10:04.660 I/Gonk    (   83): Setting nice for pid 361 to 18
04-25 21:10:04.660 I/Gonk    (   83): Changed nice for pid 361 from 0 to 18.
04-25 21:10:04.740 D/Sensors (   83): SensorTMD2771::readEvents()======data_fd=54,count=16
04-25 21:10:04.740 D/Sensors (   83): SensorTMD2771::processEvent()=====code=40::value=2 
04-25 21:10:04.740 D/Sensors (   83): SensorTMD2771: mPendingEvents[Light].light = 2.000000
04-25 21:10:04.970 E/WifiHW  (   83): Leo ensure_config_file_exists config_file=/data/misc/wifi/wpa_supplicant.conf
04-25 21:10:04.970 E/WifiHW  (   83): daemon_cmd=wpa_supplicant:-iwlan0 -c/data/misc/wifi/wpa_supplicant.conf
04-25 21:10:05.120 E/GeckoConsole(   83): [JavaScript Warning: "Error in parsing value for 'padding'.  Declaration dropped." {file: "app://callscreen.gaiamobile.org/style/oncall.css" line: 280 column: 13 source: "    padding: none;"}]
04-25 21:10:05.600 I/Gecko   (   83): MobileConnection initialized
04-25 21:10:05.600 I/Gecko   (   83): MobileConnection initialized
04-25 21:10:05.830 V/AudioPolicyManagerBase(   88): getDeviceForStrategy() from cache strategy 0, device 2
04-25 21:10:05.830 V/AudioPolicyManagerBase(   88): getOutput() stream 3, samplingRate 0, format 0, channels 3, flags 0
04-25 21:10:06.370 W/WifiHW  (   83): wifi_command: LOG_LEVEL
04-25 21:10:06.370 W/WifiHW  (   83): wifi_command: STATUS
04-25 21:10:06.630 I/Gecko   (   83): 1398485406643	Marionette	INFO	loaded marionette-listener.js
04-25 21:10:06.640 I/Gecko   (   83): 1398485406645	Marionette	INFO	sendToClient: {"from":"0","value":"3-b2g"}, {6123f93b-5bc9-4bda-a66f-a2c63e0c9398}, {6123f93b-5bc9-4bda-a66f-a2c63e0c9398}
04-25 21:10:06.650 W/WifiHW  (   83): wifi_command: LIST_NETWORKS
04-25 21:10:06.660 W/WifiHW  (   83): wifi_command: DRIVER MACADDR
04-25 21:10:06.760 W/WifiHW  (   83): wifi_command: GET_NETWORK 0 ssid
04-25 21:10:06.760 W/WifiHW  (   83): wifi_command: GET_NETWORK 0 bssid
04-25 21:10:06.760 W/WifiHW  (   83): wifi_command: GET_NETWORK 0 psk
04-25 21:10:06.760 W/WifiHW  (   83): wifi_command: GET_NETWORK 0 wep_key0
04-25 21:10:06.770 W/WifiHW  (   83): wifi_command: GET_NETWORK 0 wep_key1
04-25 21:10:06.770 W/WifiHW  (   83): wifi_command: GET_NETWORK 0 wep_key2
04-25 21:10:06.770 W/WifiHW  (   83): wifi_command: GET_NETWORK 0 wep_key3
04-25 21:10:06.780 W/WifiHW  (   83): wifi_command: GET_NETWORK 0 wep_tx_keyidx
04-25 21:10:06.780 W/WifiHW  (   83): wifi_command: GET_NETWORK 0 priority
04-25 21:10:06.780 W/WifiHW  (   83): wifi_command: GET_NETWORK 0 key_mgmt
04-25 21:10:06.780 W/WifiHW  (   83): wifi_command: GET_NETWORK 0 scan_ssid
04-25 21:10:06.780 W/WifiHW  (   83): wifi_command: GET_NETWORK 0 disabled
04-25 21:10:06.780 W/WifiHW  (   83): wifi_command: GET_NETWORK 0 identity
04-25 21:10:06.780 W/WifiHW  (   83): wifi_command: GET_NETWORK 0 password
04-25 21:10:06.780 W/WifiHW  (   83): wifi_command: GET_NETWORK 0 auth_alg
04-25 21:10:06.780 W/WifiHW  (   83): wifi_command: GET_NETWORK 0 phase1
04-25 21:10:06.780 W/WifiHW  (   83): wifi_command: GET_NETWORK 0 phase2
04-25 21:10:06.780 W/WifiHW  (   83): wifi_command: GET_NETWORK 0 eap
04-25 21:10:06.780 W/WifiHW  (   83): wifi_command: GET_NETWORK 0 pin
04-25 21:10:06.780 W/WifiHW  (   83): wifi_command: GET_NETWORK 0 pcsc
04-25 21:10:06.810 W/WifiHW  (   83): wifi_command: ENABLE_NETWORK 0
04-25 21:10:06.810 W/WifiHW  (   83): wifi_command: AP_SCAN 1
04-25 21:10:06.820 W/WifiHW  (   83): wifi_command: SAVE_CONFIG
04-25 21:10:06.860 I/Gecko   (   83): 1398485406866	Marionette	INFO	sendToClient: {"from":"0","value":{"ELEMENT":"{34ec3a4c-fdd8-48da-baca-dc2388816904}"}}, {debe532c-0773-42b9-9963-b396eb87446b}, {debe532c-0773-42b9-9963-b396eb87446b}
04-25 21:10:07.040 I/Gecko   (   83): 1398485407047	Marionette	INFO	sendToClient: {"from":"0","value":false}, {fed22b87-168b-42b8-9baa-ee8888740711}, {fed22b87-168b-42b8-9baa-ee8888740711}
04-25 21:10:07.320 I/Gecko   (   83): 1398485407330	Marionette	INFO	sendToClient: {"from":"0","value":{"ELEMENT":"{34ec3a4c-fdd8-48da-baca-dc2388816904}"}}, {e26dfad4-4a42-4954-80ec-bd09ddadd0f6}, {e26dfad4-4a42-4954-80ec-bd09ddadd0f6}
04-25 21:10:07.390 W/WifiHW  (   83): wifi_command: SCAN_RESULTS
04-25 21:10:07.410 W/WifiHW  (   83): wifi_command: DRIVER SCAN-PASSIVE
04-25 21:10:07.490 I/Gecko   (   83): 1398485407494	Marionette	INFO	sendToClient: {"from":"0","value":false}, {30ef4199-3928-4c57-924b-cbb08d779085}, {30ef4199-3928-4c57-924b-cbb08d779085}
04-25 21:10:08.240 I/Gecko   (   83): 1398485408243	Marionette	INFO	sendToClient: {"from":"0","value":{"ELEMENT":"{34ec3a4c-fdd8-48da-baca-dc2388816904}"}}, {b0234644-c0bb-4251-9cca-91d74870551c}, {b0234644-c0bb-4251-9cca-91d74870551c}
04-25 21:10:08.280 I/Gecko   (   83): 1398485408289	Marionette	INFO	sendToClient: {"from":"0","value":false}, {fc87cfc5-da6d-4736-a160-21339ba8ce24}, {fc87cfc5-da6d-4736-a160-21339ba8ce24}
04-25 21:10:08.390 I/GeckoDump(   83): XXX FIXME : Got a mozContentEvent: accessibility-screenreader
04-25 21:10:08.430 I/GeckoDump(   83): XXX FIXME : Got a mozContentEvent: nfc-hardware-state-change
04-25 21:10:08.620 W/WifiHW  (   83): wifi_command: DRIVER SCAN-ACTIVE
04-25 21:10:08.780 W/WifiHW  (   83): wifi_command: SCAN
04-25 21:10:08.830 W/WifiHW  (   83): wifi_command: DRIVER SCAN-PASSIVE
04-25 21:10:08.880 I/Gecko   (   83): 1398485408882	Marionette	INFO	sendToClient: {"from":"0","value":{"ELEMENT":"{34ec3a4c-fdd8-48da-baca-dc2388816904}"}}, {207479bb-e444-45b8-ad3b-f5eb1e40cfb0}, {207479bb-e444-45b8-ad3b-f5eb1e40cfb0}
04-25 21:10:09.030 I/Gecko   (   83): 1398485409035	Marionette	INFO	sendToClient: {"from":"0","value":true}, {a58fce6e-4746-41fe-8203-c0c55eca530e}, {a58fce6e-4746-41fe-8203-c0c55eca530e}
04-25 21:10:09.300 I/FMRadio (   83): FMRadio is initialized.
04-25 21:10:09.320 E/GeckoConsole(   83): Content JS ERROR at app://system.gaiamobile.org/js/telephony_settings.js:23 in set_vpm_error: Error setting voice privacy.
04-25 21:10:09.330 E/GeckoConsole(   83): Content JS ERROR at app://system.gaiamobile.org/js/telephony_settings.js:23 in set_vpm_error: Error setting voice privacy.
04-25 21:10:09.330 E/GeckoConsole(   83): Content JS ERROR at app://system.gaiamobile.org/js/telephony_settings.js:42 in set_vpm_error: Error roaming preference.
04-25 21:10:09.330 E/GeckoConsole(   83): Content JS ERROR at app://system.gaiamobile.org/js/telephony_settings.js:42 in set_vpm_error: Error roaming preference.
04-25 21:10:09.900 E/Profiler(   83): BPUnw: [1 total] thread_unregister_for_profiling(me=0xf38f08)  (NOT REGISTERED) 
04-25 21:10:09.990 I/GeckoDump(   83): XXX FIXME : Got a mozContentEvent: inputmethod-update-layouts
04-25 21:10:10.170 I/Gecko   (   83): ############################### browserElementPanning.js loaded
04-25 21:10:10.220 I/Gecko   (   83): ######################## BrowserElementChildPreload.js loaded
04-25 21:10:10.320 I/GeckoDump(   83): XXX FIXME : Got a mozContentEvent: inputmethod-update-layouts
04-25 21:10:11.050 E/GeckoConsole(   83): [JavaScript Warning: "Error in parsing value for 'font-weight'.  Declaration dropped." {file: "app://keyboard.gaiamobile.org/style/keyboard.css" line: 133 column: 15 source: "  font-weight: medium;"}]
04-25 21:10:11.700 I/Gecko   (   83): 1398485411707	Marionette	INFO	sendToClient: {"from":"0","ok":true}, {1e2c4f3d-f13a-4071-93a4-998776eaf009}, {1e2c4f3d-f13a-4071-93a4-998776eaf009}
04-25 21:10:11.770 I/Gecko   (   83): 1398485411780	Marionette	DEBUG	Got request: switchToFrame, data: {"to":"0","sessionId":"3-b2g","name":"switchToFrame","parameters":{"id":null,"focus":true}}, id: {cba3dd1e-53fc-4681-bedd-d34f5dbb82d8}
04-25 21:10:11.790 I/Gecko   (   83): 1398485411799	Marionette	INFO	Switched to frame: {"frameValue":null}
04-25 21:10:11.870 W/WifiHW  (   83): wifi_command: SCAN_RESULTS
04-25 21:10:11.870 W/WifiHW  (   83): wifi_command: DRIVER SCAN-PASSIVE
04-25 21:10:11.910 I/Gecko   (   83): 1398485411916	Marionette	INFO	sendToClient: {"from":"0","ok":true}, {cba3dd1e-53fc-4681-bedd-d34f5dbb82d8}, {cba3dd1e-53fc-4681-bedd-d34f5dbb82d8}
04-25 21:10:11.940 W/WifiHW  (   83): wifi_command: GET_NETWORK 0 ssid
04-25 21:10:11.940 W/WifiHW  (   83): wifi_command: GET_NETWORK 0 bssid
04-25 21:10:11.940 W/WifiHW  (   83): wifi_command: GET_NETWORK 0 psk
04-25 21:10:11.940 W/WifiHW  (   83): wifi_command: GET_NETWORK 0 wep_key0
04-25 21:10:11.940 W/WifiHW  (   83): wifi_command: GET_NETWORK 0 wep_key1
04-25 21:10:11.950 W/WifiHW  (   83): wifi_command: GET_NETWORK 0 wep_key2
04-25 21:10:11.950 W/WifiHW  (   83): wifi_command: GET_NETWORK 0 wep_key3
04-25 21:10:11.950 W/WifiHW  (   83): wifi_command: GET_NETWORK 0 wep_tx_keyidx
04-25 21:10:11.950 W/WifiHW  (   83): wifi_command: GET_NETWORK 0 priority
04-25 21:10:11.950 W/WifiHW  (   83): wifi_command: GET_NETWORK 0 key_mgmt
04-25 21:10:11.950 W/WifiHW  (   83): wifi_command: GET_NETWORK 0 scan_ssid
04-25 21:10:11.950 W/WifiHW  (   83): wifi_command: GET_NETWORK 0 disabled
04-25 21:10:11.950 W/WifiHW  (   83): wifi_command: GET_NETWORK 0 identity
04-25 21:10:11.950 W/WifiHW  (   83): wifi_command: GET_NETWORK 0 password
04-25 21:10:11.950 W/WifiHW  (   83): wifi_command: GET_NETWORK 0 auth_alg
