--------- beginning of /dev/log/system
04-26 05:08:59.370 I/Vold    (   77): Vold 2.1 (the revenge) firing up
04-26 05:08:59.450 D/Vold    (   77): Volume sdcard state changing -1 (Initializing) -> 0 (No-Media)
--------- beginning of /dev/log/main
04-26 05:09:03.430 I//system/bin/eng_rf_nv_config(   81): OK
04-26 05:09:03.430 I//system/bin/eng_rf_nv_config(   81): ]
04-26 05:09:03.530 E/        (   99): read_rf_nvconf_cmd 
04-26 05:09:03.530 E/        (   99): read_rf_nvconf_cmd: send [39,1,AT+SNVM=0,417]
04-26 05:09:03.530 E/        (   99): nvcal_send_to_modem
04-26 05:09:03.530 E/        (   99): nvcal_recv_from_modem: Waiting modem response ... fd=7
04-26 05:09:03.530 D/SPRDENG (  156): eng_servermodem_comm: use SIM1 /dev/CHNPTY13
04-26 05:09:03.530 D/SPRDENG (  156): AT > AT+SNVM=0,417
04-26 05:09:03.530 D/SPRDENG (  156): 41
04-26 05:09:03.530 D/SPRDENG (  156): 54
04-26 05:09:03.530 D/SPRDENG (  156): 2b
04-26 05:09:03.530 D/SPRDENG (  156): 53
04-26 05:09:03.530 D/SPRDENG (  156): 4e
04-26 05:09:03.530 D/SPRDENG (  156): 56
04-26 05:09:03.530 D/SPRDENG (  156): 4d
04-26 05:09:03.530 D/SPRDENG (  156): 3d
04-26 05:09:03.530 D/SPRDENG (  156): 30
04-26 05:09:03.530 D/SPRDENG (  156): 2c
04-26 05:09:03.530 D/SPRDENG (  156): 34
04-26 05:09:03.530 D/SPRDENG (  156): 31
04-26 05:09:03.530 D/SPRDENG (  156): 37
04-26 05:09:03.530 D/SPRDENG (  156): eng_modem2server: use SIM1 /dev/CHNPTY13
04-26 05:09:03.540 D/SPRDENG (  156): AT < 
04-26 05:09:03.540 D/SPRDENG (  156): +SNVM: 200,180050021E00500202005002090050023D00500221005002250050022A0050023D00500221005002250050022A0050021C1C00001C1C000040020000000000000000000000000000000000000000000000000000000000000000000000000000000000000000000000000000000000000000000000000000BBBEC2C61A231C2300000000000000001A231C2300000000000000001B231C2300000000000000001B231C2300000000000000001B231C2300000000000000000000000000000000000000002C000000
04-26 05:09:03.540 D/SPRDENG (  156): 
04-26 05:09:03.540 D/SPRDENG (  156): OK
04-26 05:09:03.540 D/SPRDENG (  156): 
04-26 05:09:03.540 E/        (   99): nvcal_recv_from_modem: Receive 1 Modem Response
04-26 05:09:03.540 E/        (   99): read_rf_nvconf_cmd:  timeout=421, response=[
04-26 05:09:03.540 E/        (   99): +SNVM: 200,180050021E00500202005002090050023D00500221005002250050022A0050023D00500221005002250050022A0050021C1C00001C1C000040020000000000000000000000000000000000000000000000000000000000000000000000000000000000000000000000000000000000000000000000000000BBBEC2C61A231C2300000000000000001A231C2300000000000000001B231C2300000000000000001B231C2300000000000000001B231C2300000000000000000000000000000000000000002C000000
04-26 05:09:03.540 E/        (   99): 
04-26 05:09:03.540 E/        (   99): OK
04-26 05:09:03.540 E/        (   99): ]
04-26 05:09:03.540 I//system/bin/eng_rf_nv_config(   81): recv from modem timeout=421, cmdbuf=[
04-26 05:09:03.540 I//system/bin/eng_rf_nv_config(   81): +SNVM: 200,180050021E00500202005002090050023D00500221005002250050022A0050023D00500221005002250050022A0050021C1C00001C1C000040020000000000000000000000000000000000000000000000000000000000000000000000000000000000000000000000000000000000000000000000000000BBBEC2C61A231C2300000000000000001A231C2300000000000000001B231C2300000000000000001B231C2300000000000000001B231C2300000000000000000000000000000000000000002C000000
04-26 05:09:03.540 I//system/bin/eng_rf_nv_config(   81): OK
04-26 05:09:03.540 I//system/bin/eng_rf_nv_config(   81): ]
04-26 05:09:03.640 E/eng_rf_nv_config(   99): [get_rf_nvconf]: get nv from modem is OK
04-26 05:09:03.670 E/eng_rf_nv_update(   97): [set_rf_nvconf]: waiting rf finish self calibration!
04-26 05:09:03.670 E/eng_rf_nv_config(   99): [eng_rf_nv_config]: end get rf nv config!
04-26 05:09:03.670 I/logwrapper(   81): /system/bin/eng_rf_nv_config terminated by exit(0)
04-26 05:09:03.690 E/GeckoConsole(   83): Could not read chrome manifest 'file:///system/b2g/chrome.manifest'.
04-26 05:09:03.890 I/Gonk    (   83): Setting nice for pid 83 to 0
04-26 05:09:03.890 I/Gonk    (   83): Changed nice for pid 83 from 0 to 0.
04-26 05:09:04.170 E/eng_rf_nv_update(   97): [set_rf_nvconf]: NV updated flag is 0xA5, don't need to update NV
04-26 05:09:04.170 E/eng_rf_nv_update(   97): [eng_rf_nv_update]: end eng rf nv update!
04-26 05:09:04.170 I/logwrapper(   82): /system/bin/eng_rf_nv_update terminated by exit(0)
04-26 05:09:04.290 I/AutoMounter(   83): Unable to open volume configuration file '/system/etc/volume.cfg' - ignoring
04-26 05:09:04.290 I/VolumeManager(   83): changing state from 'Uninitialized' to 'Starting'
04-26 05:09:04.290 I/VolumeManager(   83): Connected to vold
04-26 05:09:04.290 I/VolumeManager(   83): Volume sdcard: changing state from Init to NoMedia (1 observers)
04-26 05:09:04.290 I/VolumeManager(   83): changing state from 'Starting' to 'Volumes Ready'
04-26 05:09:04.290 I/AutoMounter(   83): UpdateState: umsAvail:1 umsEnabled:1 mode:0 usbCablePluggedIn:1 tryToShare:0
04-26 05:09:04.290 I/AutoMounter(   83): UpdateState: Volume sdcard is NoMedia and missing
04-26 05:09:04.290 D/VoldCmdListener(   77): volume list
04-26 05:09:04.310 I/Gonk    (   83): Connected to netd
04-26 05:09:04.310 V/AudioPolicyManagerBase(   88): initStreamVolume() stream 0, min 0, max 5
04-26 05:09:04.310 V/AudioPolicyManagerBase(   88): initStreamVolume() stream 1, min 0, max 15
04-26 05:09:04.310 V/AudioPolicyManagerBase(   88): initStreamVolume() stream 2, min 0, max 15
04-26 05:09:04.310 V/AudioPolicyManagerBase(   88): initStreamVolume() stream 3, min 0, max 15
04-26 05:09:04.310 V/AudioPolicyManagerBase(   88): initStreamVolume() stream 4, min 0, max 15
04-26 05:09:04.310 V/AudioPolicyManagerBase(   88): initStreamVolume() stream 5, min 0, max 15
04-26 05:09:04.310 V/AudioPolicyManagerBase(   88): initStreamVolume() stream 6, min 0, max 15
04-26 05:09:04.310 V/AudioPolicyManagerBase(   88): initStreamVolume() stream 7, min 0, max 15
04-26 05:09:04.310 V/AudioPolicyManagerBase(   88): initStreamVolume() stream 8, min 0, max 15
04-26 05:09:04.310 V/AudioPolicyManagerBase(   88): initStreamVolume() stream 9, min 0, max 15
04-26 05:09:04.310 V/AudioPolicyManagerBase(   88): initStreamVolume() stream 10, min 0, max 15
04-26 05:09:04.310 V/AudioPolicyManagerBase(   88): setStreamVolumeIndex() stream 7, index 15
04-26 05:09:04.310 E/AudioPolicyManagerBase(   88): checkAndSetVolume stream=7, index=15, output=1, device=2
04-26 05:09:04.310 E/AudioPolicyManagerBase(   88): computeVolume, streamDesc=0x1015c60
04-26 05:09:04.310 V/AudioPolicyManagerBase(   88): VOLUME vol index=[66 100 100], dB=[-10.2 0.0 0.0] ampl=1.00000
04-26 05:09:04.320 W/AudioFlinger(   88): Thread AudioOut_1 cannot connect to the power manager service
04-26 05:09:04.320 W/audio_hw_primary(   88): adev_set_master_volume in...devices:0x2 ,volume:1.000000 
04-26 05:09:04.320 W/audio_hw_primary(   88): GetAudio_pga_nv, dac_pga_gain_l:0xc3 adc_pga_gain_l:0xc fm_pga_gain_l:0xff fm_pga_gain_r:0xff device:0x2 vol_level:0x1 
04-26 05:09:04.320 D/audio_pga(   88): 'speaker-l' apply
04-26 05:09:04.320 I/audio_pga(   88): 'Master Playback Volume' set to 12
04-26 05:09:04.320 I/audio_pga(   88): 'Inter PA Playback Volume' set to 12
04-26 05:09:04.320 I/audio_pga(   88): 'VBC DACL DG Set' set to 0
04-26 05:09:04.320 I/audio_pga(   88): 'VBC DACL DG Switch' set to 0
04-26 05:09:04.320 D/audio_pga(   88): 'speaker-r' apply
04-26 05:09:04.320 I/audio_pga(   88): 'Master Playback Volume' set to 12
04-26 05:09:04.320 I/audio_pga(   88): 'Inter PA Playback Volume' set to 12
04-26 05:09:04.320 I/audio_pga(   88): 'VBC DACR DG Set' set to 0
04-26 05:09:04.320 I/audio_pga(   88): 'VBC DACR DG Switch' set to 0
04-26 05:09:04.320 W/audio_hw_primary(   88): SetAudio_gain_by_devices out, devices:0x2 
04-26 05:09:04.480 I/Gecko   (   83): 1398514144490	Marionette	INFO	marionette enabled via build flag and pref
04-26 05:09:04.620 E/GeckoConsole(   83): While creating services from category 'profile-after-change', could not create service for entry 'Nfc', contract ID '@mozilla.org/nfc;1'
04-26 05:09:04.640 E/GeckoConsole(   83): While creating services from category 'profile-after-change', could not create service for entry 'NfcContentHelper', contract ID '@mozilla.org/nfc/content-helper;1'
04-26 05:09:04.640 E/GeckoConsole(   83): While creating services from category 'profile-after-change', service for entry 'Pico Speech Synth', contract ID '@mozilla.org/synthpico;1' does not implement nsIObserver.
04-26 05:09:04.790 I/Gecko   (   83): -*- RadioInterfaceLayer: 2 interfaces
04-26 05:09:04.970 I/Gecko   (   83): 1398514144979	Marionette	INFO	marionette-server.js loaded
04-26 05:09:05.040 I/Gecko   (   83): 1398514145044	Marionette	INFO	B2G emulator: no
04-26 05:09:05.040 I/Gecko   (   83): 1398514145045	Marionette	INFO	Device detected is sp6821a_gonk
04-26 05:09:05.040 I/Gecko   (   83): 1398514145048	Marionette	INFO	Listening on port 2828
04-26 05:09:05.040 I/Gecko   (   83): 
04-26 05:09:05.040 I/Gecko   (   83): 1398514145049	Marionette	INFO	Marionette server ready
04-26 05:09:05.130 D/EventHub(   83): No input device configuration file found for device 'light sensor'.
04-26 05:09:05.190 D/Sensors (   83): activate handle=0; drv=0
04-26 05:09:05.190 D/EventHub(   83): No input device configuration file found for device 'headset-keyboard'.
04-26 05:09:05.190 D/Sensors (   83): Lis3dhSensor: mEnabled = 0
04-26 05:09:05.190 D/Sensors (   83): activate handle=3; drv=1
04-26 05:09:05.190 D/Sensors (   83): SensorTMD2771::setEnable=0= en=0; newState=0; what=0; mEnabled=0
04-26 05:09:05.200 W/EventHub(   83): Unable to disable kernel key repeat for /dev/input/event4: Function not implemented
04-26 05:09:05.200 I/EventHub(   83): New device: id=2, fd=50, path='/dev/input/event4', name='headset-keyboard', classes=0x1, configuration='', keyLayout='/system/usr/keylayout/Generic.kl', keyCharacterMap='/system/usr/keychars/Generic.kcm', builtinKeyboard=false, usingSuspendBlockIoctl=false, usingClockIoctl=false
04-26 05:09:05.200 D/Sensors (   83): taos ---Light::TAOS_IOCTL_ALS_OFF=== err=0
04-26 05:09:05.210 D/Sensors (   83): SensorTMD2771::setEnable=1= en=0; newState=0; what=0; mEnabled=0
04-26 05:09:05.210 D/Sensors (   83): activate handle=4; drv=1
04-26 05:09:05.210 D/Sensors (   83): SensorTMD2771::setEnable=0= en=0; newState=0; what=1; mEnabled=0
04-26 05:09:05.210 D/EventHub(   83): No input device configuration file found for device 'accelerometer'.
04-26 05:09:05.210 D/Sensors (   83): taos ---Proximity::TAOS_IOCTL_PROX_OFF=== err=0
04-26 05:09:05.210 D/Sensors (   83): SensorTMD2771::setEnable=1= en=0; newState=0; what=1; mEnabled=0
04-26 05:09:05.210 D/Sensors (   83): activate handle=0; drv=0
04-26 05:09:05.210 D/Sensors (   83): Lis3dhSensor: Control set 1
04-26 05:09:05.210 D/Sensors (   83): Lis3dhSensor: mEnabled = 1
04-26 05:09:05.230 D/EventHub(   83): No input device configuration file found for device 'sprd-keypad'.
04-26 05:09:05.230 W/EventHub(   83): Unable to disable kernel key repeat for /dev/input/event0: Function not implemented
04-26 05:09:05.230 I/EventHub(   83): New device: id=4, fd=55, path='/dev/input/event0', name='sprd-keypad', classes=0x1, configuration='', keyLayout='/system/usr/keylayout/sprd-keypad.kl', keyCharacterMap='/system/usr/keychars/Generic.kcm', builtinKeyboard=true, usingSuspendBlockIoctl=false, usingClockIoctl=false
04-26 05:09:05.230 D/EventHub(   83): No input device configuration file found for device 'rohm_proximity'.
04-26 05:09:05.270 E/filemap (   83): mmap(0,4096) failed: No such device
04-26 05:09:05.280 W/EventHub(   83): Unable to disable kernel key repeat for /dev/input/event1: Function not implemented
04-26 05:09:05.280 I/EventHub(   83): New device: id=6, fd=56, path='/dev/input/event1', name='ms-msg21xx', classes=0x15, configuration='/system/usr/idc/ms-msg21xx.idc', keyLayout='/system/usr/keylayout/Generic.kl', keyCharacterMap='/system/usr/keychars/Generic.kcm', builtinKeyboard=false, usingSuspendBlockIoctl=false, usingClockIoctl=false
04-26 05:09:05.290 I/InputReader(   83): Device added: id=-1, name='Virtual', sources=0x00000301
04-26 05:09:05.290 I/InputReader(   83): Device reconfigured: id=6, name='ms-msg21xx', size 320x480, orientation 0, mode 1, display id 0
04-26 05:09:05.290 I/InputReader(   83): Device added: id=6, name='ms-msg21xx', sources=0x00001103
04-26 05:09:05.290 I/InputReader(   83): Device added: id=0, name='sprd-keypad', sources=0x00000101
04-26 05:09:05.290 I/InputReader(   83): Device added: id=2, name='headset-keyboard', sources=0x00000101
04-26 05:09:05.670 D/BTWIFIMAC(   93): read_btwifimac_from_modem
04-26 05:09:05.670 D/BTWIFIMAC(   93): read_btwifimac_from_modem modem_fd=7
04-26 05:09:05.670 D/BTWIFIMAC(   93): ===========BT MAC===========
04-26 05:09:05.670 D/BTWIFIMAC(   93): read_btwifimac_from_modem: send 39,1,AT+SNVM=0,401
04-26 05:09:05.670 D/BTWIFIMAC(   93): send_to_modem
04-26 05:09:05.670 D/BTWIFIMAC(   93): recv_from_modem: Waiting modem response ... fd=7
04-26 05:09:05.670 D/SPRDENG (  156): eng_servermodem_comm: use SIM1 /dev/CHNPTY13
04-26 05:09:05.670 D/SPRDENG (  156): AT > AT+SNVM=0,401
04-26 05:09:05.670 D/SPRDENG (  156): 41
04-26 05:09:05.670 D/SPRDENG (  156): 54
04-26 05:09:05.670 D/SPRDENG (  156): 2b
04-26 05:09:05.670 D/SPRDENG (  156): 53
04-26 05:09:05.670 D/SPRDENG (  156): 4e
04-26 05:09:05.670 D/SPRDENG (  156): 56
04-26 05:09:05.670 D/SPRDENG (  156): 4d
04-26 05:09:05.670 D/SPRDENG (  156): 3d
04-26 05:09:05.670 D/SPRDENG (  156): 30
04-26 05:09:05.670 D/SPRDENG (  156): 2c
04-26 05:09:05.670 D/SPRDENG (  156): 34
04-26 05:09:05.670 D/SPRDENG (  156): 30
04-26 05:09:05.670 D/SPRDENG (  156): 31
04-26 05:09:05.670 D/SPRDENG (  156): eng_modem2server: use SIM1 /dev/CHNPTY13
04-26 05:09:05.670 D/SPRDENG (  156): AT < 
04-26 05:09:05.670 D/SPRDENG (  156): +SNVM: 8,FFFFFFFFFFFF2500
04-26 05:09:05.670 D/SPRDENG (  156): 
04-26 05:09:05.670 D/SPRDENG (  156): OK
04-26 05:09:05.670 D/SPRDENG (  156): 
04-26 05:09:05.670 D/BTWIFIMAC(   93): recv_from_modem: Receive 1 Modem Response
04-26 05:09:05.670 D/BTWIFIMAC(   93): read_btwifimac_from_modem: BT timeout=35, response=
04-26 05:09:05.670 D/BTWIFIMAC(   93): +SNVM: 8,FFFFFFFFFFFF2500
04-26 05:09:05.670 D/BTWIFIMAC(   93): 
04-26 05:09:05.670 D/BTWIFIMAC(   93): OK
04-26 05:09:05.670 D/BTWIFIMAC(   93): 
04-26 05:09:05.770 D/BTWIFIMAC(   93): get_macaddress: mac address is FF:FF:FF:FF:FF:FF
04-26 05:09:05.770 D/BTWIFIMAC(   93): ===========WIFI MAC===========
04-26 05:09:05.770 D/BTWIFIMAC(   93): read_btwifimac_from_modem: send 39,1,AT+SNVM=0,409
04-26 05:09:05.770 D/BTWIFIMAC(   93): send_to_modem
04-26 05:09:05.770 D/BTWIFIMAC(   93): recv_from_modem: Waiting modem response ... fd=7
04-26 05:09:05.770 D/SPRDENG (  156): eng_servermodem_comm: use SIM1 /dev/CHNPTY13
04-26 05:09:05.770 D/SPRDENG (  156): AT > AT+SNVM=0,409
04-26 05:09:05.770 D/SPRDENG (  156): 41
04-26 05:09:05.770 D/SPRDENG (  156): 54
04-26 05:09:05.770 D/SPRDENG (  156): 2b
04-26 05:09:05.770 D/SPRDENG (  156): 53
04-26 05:09:05.770 D/SPRDENG (  156): 4e
04-26 05:09:05.770 D/SPRDENG (  156): 56
04-26 05:09:05.770 D/SPRDENG (  156): 4d
04-26 05:09:05.770 D/SPRDENG (  156): 3d
04-26 05:09:05.770 D/SPRDENG (  156): 30
04-26 05:09:05.770 D/SPRDENG (  156): 2c
04-26 05:09:05.770 D/SPRDENG (  156): 34
04-26 05:09:05.770 D/SPRDENG (  156): 30
04-26 05:09:05.770 D/SPRDENG (  156): 39
04-26 05:09:05.770 D/SPRDENG (  156): eng_modem2server: use SIM1 /dev/CHNPTY13
04-26 05:09:05.770 D/SPRDENG (  156): AT < 
04-26 05:09:05.770 D/SPRDENG (  156): +SNVM: 20,FFFFFFFFFFFF0000000000000000000000000000
04-26 05:09:05.770 D/SPRDENG (  156): 
04-26 05:09:05.770 D/SPRDENG (  156): OK
04-26 05:09:05.770 D/SPRDENG (  156): 
04-26 05:09:05.770 D/BTWIFIMAC(   93): recv_from_modem: Receive 1 Modem Response
04-26 05:09:05.770 D/BTWIFIMAC(   93): read_btwifimac_from_modem: WIFI timeout=60, response=
04-26 05:09:05.770 D/BTWIFIMAC(   93): +SNVM: 20,FFFFFFFFFFFF0000000000000000000000000000
04-26 05:09:05.770 D/BTWIFIMAC(   93): 
04-26 05:09:05.770 D/BTWIFIMAC(   93): OK
04-26 05:09:05.770 D/BTWIFIMAC(   93): 
04-26 05:09:05.770 D/BTWIFIMAC(   93): get_macaddress: mac address is FF:FF:FF:FF:FF:FF
04-26 05:09:05.770 D/BTWIFIMAC(   93): bt_ok:0 wifi_ok:0 
04-26 05:09:05.770 D/BTWIFIMAC(   93): +mac_rand+
04-26 05:09:05.770 D/BTWIFIMAC(   93): mac_rand: /data/rand_mac.txt exists
04-26 05:09:05.780 D/BTWIFIMAC(   93): mac_rand: read /data/rand_mac.txt 00:c3:87:02:74:d3;00:b2:8b:a3:d0:dd
04-26 05:09:05.780 D/BTWIFIMAC(   93): mac_rand: read btmac=00:c3:87:02:74:d3, wifimac=00:b2:8b:a3:d0:dd
04-26 05:09:05.780 D/BTWIFIMAC(   93): property ro.mac.wifi=00:b2:8b:a3:d0:dd, ro.mac.bluetooth=00:c3:87:02:74:d3
04-26 05:09:05.780 D/BTWIFIMAC(   93): write_mac2file: mac=00:b2:8b:a3:d0:dd, fd[/data/wifimac.txt]=9
04-26 05:09:05.780 D/BTWIFIMAC(   93): write_mac2file: mac=00:c3:87:02:74:d3, fd[/data/btmac.txt]=9
04-26 05:09:05.780 D/BTWIFIMAC(   93): begin to run  trout_genpskey
04-26 05:09:05.780 D/BTWIFIMAC(   93): run trout_genpskey, ret=0
04-26 05:09:05.810 D/pskey_bt(  327): set BT mac
04-26 05:09:05.830 D/pskey_bt(  327): main, bt_mac from nv:
04-26 05:09:05.830 D/pskey_bt(  327): get_pskey_from_file
04-26 05:09:05.830 D/pskey_bt(  327): open bt pskey structure file fd=7
04-26 05:09:05.830 D/pskey_bt(  327): buf from pskey file:2048
04-26 05:09:05.830 D/pskey_bt(  327): parser_pskey_info
04-26 05:09:05.830 D/pskey_bt(  327): char:0, 0
04-26 05:09:05.830 D/pskey_bt(  327): get_one_item(data) = 0x0
04-26 05:09:05.830 D/pskey_bt(  327): get_next_u8: here:0
04-26 05:09:05.830 D/pskey_bt(  327): char:1, 1
04-26 05:09:05.830 D/pskey_bt(  327): get_one_item(data) = 0x1
04-26 05:09:05.830 D/pskey_bt(  327): get_next_u8: here:1
04-26 05:09:05.830 D/pskey_bt(  327): char:1, 1
04-26 05:09:05.830 D/pskey_bt(  327): get_one_item(data) = 0x1
04-26 05:09:05.830 D/pskey_bt(  327): get_next_u8: here:1
04-26 05:09:05.830 D/pskey_bt(  327): char:1, 1
04-26 05:09:05.830 D/pskey_bt(  327): get_one_item(data) = 0x1
04-26 05:09:05.830 D/pskey_bt(  327): get_next_u8: here:1
04-26 05:09:05.830 D/pskey_bt(  327): char:0, 0
04-26 05:09:05.830 D/pskey_bt(  327): char:1, 1
04-26 05:09:05.830 D/pskey_bt(  327): char:8, 8
04-26 05:09:05.830 D/pskey_bt(  327): char:C, C
04-26 05:09:05.830 D/pskey_bt(  327): char:B, B
04-26 05:09:05.830 D/pskey_bt(  327): char:A, A
04-26 05:09:05.830 D/pskey_bt(  327): char:8, 8
04-26 05:09:05.830 D/pskey_bt(  327): char:0, 0
04-26 05:09:05.830 D/pskey_bt(  327): get_one_item(data) = 0x18cba80
04-26 05:09:05.830 D/pskey_bt(  327): get_next_u32: here:18cba80
04-26 05:09:05.830 D/pskey_bt(  327): char:1, 1
04-26 05:09:05.830 D/pskey_bt(  327): char:f, f
04-26 05:09:05.830 D/pskey_bt(  327): char:0, 0
04-26 05:09:05.830 D/pskey_bt(  327): char:0, 0
04-26 05:09:05.830 D/pskey_bt(  327): get_one_item(data) = 0x1f00
04-26 05:09:05.830 D/pskey_bt(  327): get_next_u32: here:1f00
04-26 05:09:05.830 D/pskey_bt(  327): char:1, 1
04-26 05:09:05.830 D/pskey_bt(  327): char:E, E
04-26 05:09:05.830 D/pskey_bt(  327): get_one_item(data) = 0x1e
04-26 05:09:05.830 D/pskey_bt(  327): get_next_u32: here:1e
04-26 05:09:05.830 D/pskey_bt(  327): char:7, 7
04-26 05:09:05.830 D/pskey_bt(  327): char:B, B
04-26 05:09:05.830 D/pskey_bt(  327): char:0, 0
04-26 05:09:05.830 D/pskey_bt(  327): char:0, 0
04-26 05:09:05.830 D/pskey_bt(  327): char:7, 7
04-26 05:09:05.830 D/pskey_bt(  327): char:C, C
04-26 05:09:05.830 D/pskey_bt(  327): get_one_item(data) = 0x7b007c
04-26 05:09:05.830 D/pskey_bt(  327): get_next_u32: here:7b007c
04-26 05:09:05.830 D/pskey_bt(  327): char:3, 3
04-26 05:09:05.830 D/pskey_bt(  327): char:7, 7
04-26 05:09:05.830 D/pskey_bt(  327): char:0, 0
04-26 05:09:05.830 D/pskey_bt(  327): char:0, 0
04-26 05:09:05.830 D/pskey_bt(  327): char:7, 7
04-26 05:09:05.830 D/pskey_bt(  327): char:A, A
04-26 05:09:05.830 D/pskey_bt(  327): get_one_item(data) = 0x37007a
04-26 05:09:05.830 D/pskey_bt(  327): get_next_u32: here:37007a
04-26 05:09:05.830 D/pskey_bt(  327): char:3, 3
04-26 05:09:05.830 D/pskey_bt(  327): char:5, 5
04-26 05:09:05.830 D/pskey_bt(  327): char:0, 0
04-26 05:09:05.830 D/pskey_bt(  327): char:0, 0
04-26 05:09:05.830 D/pskey_bt(  327): char:3, 3
04-26 05:09:05.830 D/pskey_bt(  327): char:6, 6
04-26 05:09:05.830 D/pskey_bt(  327): get_one_item(data) = 0x350036
04-26 05:09:05.830 D/pskey_bt(  327): get_next_u32: here:350036
04-26 05:09:05.830 D/pskey_bt(  327): char:2, 2
04-26 05:09:05.830 D/pskey_bt(  327): char:9, 9
04-26 05:09:05.830 D/pskey_bt(  327): char:0, 0
04-26 05:09:05.830 D/pskey_bt(  327): char:0, 0
04-26 05:09:05.830 D/pskey_bt(  327): char:3, 3
04-26 05:09:05.830 D/pskey_bt(  327): char:4, 4
04-26 05:09:05.830 D/pskey_bt(  327): get_one_item(data) = 0x290034
04-26 05:09:05.830 D/pskey_bt(  327): get_next_u32: here:290034
04-26 05:09:05.830 D/pskey_bt(  327): char:0, 0
04-26 05:09:05.830 D/pskey_bt(  327): char:A, A
04-26 05:09:05.830 D/pskey_bt(  327): char:0, 0
04-26 05:09:05.830 D/pskey_bt(  327): char:0, 0
04-26 05:09:05.830 D/pskey_bt(  327): char:2, 2
04-26 05:09:05.830 D/pskey_bt(  327): char:8, 8
04-26 05:09:05.830 D/pskey_bt(  327): get_one_item(data) = 0xa0028
04-26 05:09:05.830 D/pskey_bt(  327): get_next_u32: here:a0028
04-26 05:09:05.830 D/pskey_bt(  327): char:0, 0
04-26 05:09:05.830 D/pskey_bt(  327): char:0, 0
04-26 05:09:05.830 D/pskey_bt(  327): char:0, 0
04-26 05:09:05.830 D/pskey_bt(  327): char:6, 6
04-26 05:09:05.830 D/pskey_bt(  327): char:0, 0
04-26 05:09:05.830 D/pskey_bt(  327): char:0, 0
04-26 05:09:05.830 D/pskey_bt(  327): char:0, 0
04-26 05:09:05.830 D/pskey_bt(  327): char:9, 9
04-26 05:09:05.830 D/pskey_bt(  327): get_one_item(data) = 0x60009
04-26 05:09:05.830 D/pskey_bt(  327): get_next_u32: here:60009
04-26 05:09:05.830 D/pskey_bt(  327): end of buff, str=},
04-26 05:09:05.830 D/pskey_bt(  327): {0x0B,0x0A,0x09, 0x08, 0x07},
04-26 05:09:05.830 D/pskey_bt(  327): {0xFF, 0xFF, 0x8D, 0xFE, 0x9B, 0x3F, 0x79, 0x83,
04-26 05:09:05.830 D/pskey_bt(  327):   0xFF, 0xA7, 0xFF, 0x7F, 0x00, 0xE0, 0xF7, 0x3E},
04-26 05:09:05.830 D/pskey_bt(  327): {0xFF, 0xFF, 0xFF, 0xFF, 0xFF, 0xFF},
04-26 05:09:05.830 D/pskey_bt(  327): 0,
04-26 05:09:05.830 D/pskey_bt(  327): 1,
04-26 05:09:05.830 D/pskey_bt(  327): 5,
04-26 05:09:05.830 D/pskey_bt(  327): 0xE,
04-26 05:09:05.830 D/pskey_bt(  327): 1,
04-26 05:09:05.830 D/pskey_bt(  327): 1,
04-26 05:09:05.830 D/pskey_bt(  327): 0x50000000,
04-26 05:09:05.830 D/pskey_bt(  327): 0x50000150,
04-26 05:09:05.830 D/pskey_bt(  327): 0x50000150,
04-26 05:09:05.830 D/pskey_bt(  327): 0x50000154,
04-26 05:09:05.830 D/pskey_bt(  327): 0xFFFFFFFF,
04-26 05:09:05.830 D/pskey_bt(  327): 0x100,
04-26 05:09:05.830 D/pskey_bt(  327): 0xA0,
04-26 05:09:05.830 D/pskey_bt(  327): 0xDC,
04-26 05:09:05.830 D/pskey_bt(  327): 0x20,
04-26 05:09:05.830 D/pskey_bt(  327): 0x55,
04-26 05:09:05.830 D/pskey_bt(  327): 0x64,
04-26 05:09:05.830 D/pskey_bt(  327): 0,
04-26 05:09:05.830 D/pskey_bt(  327): 0x8,
04-26 05:09:05.830 D/pskey_bt(  327): 0x13C,
04-26 05:09:05.830 D/pskey_bt(  327): 0x2,
04-26 05:09:05.830 D/pskey_bt(  327): 0xD704,
04-26 05:09:05.830 D/pskey_bt(  327): 0x88888888,
04-26 05:09:05.830 D/pskey_bt(  327): 0x6,
04-26 05:09:05.830 D/pskey_bt(  327): 0x0,
04-26 05:09:05.830 D/pskey_bt(  327): {0x0001,0x0000,0x0000,0x0000,0x0000,0x0000,0x0000,0x0000,0x0000
04-26 05:09:05.830 D/pskey_bt(  327): char:0, 0
04-26 05:09:05.830 D/pskey_bt(  327): char:B, B
04-26 05:09:05.830 D/pskey_bt(  327): get_one_item(data) = 0xb
04-26 05:09:05.830 D/pskey_bt(  327): get_next_u32: here:b
04-26 05:09:05.830 D/pskey_bt(  327): char:0, 0
04-26 05:09:05.830 D/pskey_bt(  327): char:A, A
04-26 05:09:05.830 D/pskey_bt(  327): get_one_item(data) = 0xa
04-26 05:09:05.830 D/pskey_bt(  327): get_next_u32: here:a
04-26 05:09:05.830 D/pskey_bt(  327): char:0, 0
04-26 05:09:05.830 D/pskey_bt(  327): char:9, 9
04-26 05:09:05.830 D/pskey_bt(  327): get_one_item(data) = 0x9
04-26 05:09:05.830 D/pskey_bt(  327): get_next_u32: here:9
04-26 05:09:05.830 D/pskey_bt(  327): char:0, 0
04-26 05:09:05.830 D/pskey_bt(  327): char:8, 8
04-26 05:09:05.830 D/pskey_bt(  327): get_one_item(data) = 0x8
04-26 05:09:05.830 D/pskey_bt(  327): get_next_u32: here:8
04-26 05:09:05.830 D/pskey_bt(  327): char:0, 0
04-26 05:09:05.830 D/pskey_bt(  327): char:7, 7
04-26 05:09:05.830 D/pskey_bt(  327): get_one_item(data) = 0x7
04-26 05:09:05.830 D/pskey_bt(  327): get_next_u32: here:7
04-26 05:09:05.830 D/pskey_bt(  327): end of buff, str=},
04-26 05:09:05.830 D/pskey_bt(  327): {0xFF, 0xFF, 0x8D, 0xFE, 0x9B, 0x3F, 0x79, 0x83,
04-26 05:09:05.830 D/pskey_bt(  327):   0xFF, 0xA7, 0xFF, 0x7F, 0x00, 0xE0, 0xF7, 0x3E},
04-26 05:09:05.830 D/pskey_bt(  327): {0xFF, 0xFF, 0xFF, 0xFF, 0xFF, 0xFF},
04-26 05:09:05.830 D/pskey_bt(  327): 0,
04-26 05:09:05.830 D/pskey_bt(  327): 1,
04-26 05:09:05.830 D/pskey_bt(  327): 5,
04-26 05:09:05.830 D/pskey_bt(  327): 0xE,
04-26 05:09:05.830 D/pskey_bt(  327): 1,
04-26 05:09:05.830 D/pskey_bt(  327): 1,
04-26 05:09:05.830 D/pskey_bt(  327): 0x50000000,
04-26 05:09:05.830 D/pskey_bt(  327): 0x50000150,
04-26 05:09:05.830 D/pskey_bt(  327): 0x50000150,
04-26 05:09:05.830 D/pskey_bt(  327): 0x50000154,
04-26 05:09:05.830 D/pskey_bt(  327): 0xFFFFFFFF,
04-26 05:09:05.830 D/pskey_bt(  327): 0x100,
04-26 05:09:05.830 D/pskey_bt(  327): 0xA0,
04-26 05:09:05.830 D/pskey_bt(  327): 0xDC,
04-26 05:09:05.830 D/pskey_bt(  327): 0x20,
04-26 05:09:05.830 D/pskey_bt(  327): 0x55,
04-26 05:09:05.830 D/pskey_bt(  327): 0x64,
04-26 05:09:05.830 D/pskey_bt(  327): 0,
04-26 05:09:05.830 D/pskey_bt(  327): 0x8,
04-26 05:09:05.830 D/pskey_bt(  327): 0x13C,
04-26 05:09:05.830 D/pskey_bt(  327): 0x2,
04-26 05:09:05.830 D/pskey_bt(  327): 0xD704,
04-26 05:09:05.830 D/pskey_bt(  327): 0x88888888,
04-26 05:09:05.830 D/pskey_bt(  327): 0x6,
04-26 05:09:05.830 D/pskey_bt(  327): 0x0,
04-26 05:09:05.830 D/pskey_bt(  327): {0x0001,0x0000,0x0000,0x0000,0x0000,0x0000,0x0000,0x0000,0x0000
04-26 05:09:05.830 D/pskey_bt(  327): char:F, F
04-26 05:09:05.830 D/pskey_bt(  327): char:F, F
04-26 05:09:05.830 D/pskey_bt(  327): get_one_item(data) = 0xff
04-26 05:09:05.830 D/pskey_bt(  327): get_next_u8: here:ff
04-26 05:09:05.830 D/pskey_bt(  327): char:F, F
04-26 05:09:05.830 D/pskey_bt(  327): char:F, F
04-26 05:09:05.830 D/pskey_bt(  327): get_one_item(data) = 0xff
04-26 05:09:05.830 D/pskey_bt(  327): get_next_u8: here:ff
04-26 05:09:05.830 D/pskey_bt(  327): char:8, 8
04-26 05:09:05.830 D/pskey_bt(  327): char:D, D
04-26 05:09:05.830 D/pskey_bt(  327): get_one_item(data) = 0x8d
04-26 05:09:05.830 D/pskey_bt(  327): get_next_u8: here:8d
04-26 05:09:05.830 D/pskey_bt(  327): char:F, F
04-26 05:09:05.830 D/pskey_bt(  327): char:E, E
04-26 05:09:05.830 D/pskey_bt(  327): get_one_item(data) = 0xfe
04-26 05:09:05.830 D/pskey_bt(  327): get_next_u8: here:fe
04-26 05:09:05.830 D/pskey_bt(  327): char:9, 9
04-26 05:09:05.830 D/pskey_bt(  327): char:B, B
04-26 05:09:05.830 D/pskey_bt(  327): get_one_item(data) = 0x9b
04-26 05:09:05.830 D/pskey_bt(  327): get_next_u8: here:9b
04-26 05:09:05.830 D/pskey_bt(  327): char:3, 3
04-26 05:09:05.830 D/pskey_bt(  327): char:F, F
04-26 05:09:05.830 D/pskey_bt(  327): get_one_item(data) = 0x3f
04-26 05:09:05.830 D/pskey_bt(  327): get_next_u8: here:3f
04-26 05:09:05.830 D/pskey_bt(  327): char:7, 7
04-26 05:09:05.830 D/pskey_bt(  327): char:9, 9
04-26 05:09:05.830 D/pskey_bt(  327): get_one_item(data) = 0x79
04-26 05:09:05.830 D/pskey_bt(  327): get_next_u8: here:79
04-26 05:09:05.830 D/pskey_bt(  327): char:8, 8
04-26 05:09:05.830 D/pskey_bt(  327): char:3, 3
04-26 05:09:05.830 D/pskey_bt(  327): get_one_item(data) = 0x83
04-26 05:09:05.830 D/pskey_bt(  327): get_next_u8: here:83
04-26 05:09:05.830 D/pskey_bt(  327): char:F, F
04-26 05:09:05.830 D/pskey_bt(  327): char:F, F
04-26 05:09:05.830 D/pskey_bt(  327): get_one_item(data) = 0xff
04-26 05:09:05.830 D/pskey_bt(  327): get_next_u8: here:ff
04-26 05:09:05.830 D/pskey_bt(  327): char:A, A
04-26 05:09:05.830 D/pskey_bt(  327): char:7, 7
04-26 05:09:05.830 D/pskey_bt(  327): get_one_item(data) = 0xa7
04-26 05:09:05.830 D/pskey_bt(  327): get_next_u8: here:a7
04-26 05:09:05.830 D/pskey_bt(  327): char:F, F
04-26 05:09:05.830 D/pskey_bt(  327): char:F, F
04-26 05:09:05.830 D/pskey_bt(  327): get_one_item(data) = 0xff
04-26 05:09:05.830 D/pskey_bt(  327): get_next_u8: here:ff
04-26 05:09:05.830 D/pskey_bt(  327): char:7, 7
04-26 05:09:05.830 D/pskey_bt(  327): char:F, F
04-26 05:09:05.830 D/pskey_bt(  327): get_one_item(data) = 0x7f
04-26 05:09:05.830 D/pskey_bt(  327): get_next_u8: here:7f
04-26 05:09:05.830 D/pskey_bt(  327): char:0, 0
04-26 05:09:05.830 D/pskey_bt(  327): char:0, 0
04-26 05:09:05.830 D/pskey_bt(  327): get_one_item(data) = 0x0
04-26 05:09:05.830 D/pskey_bt(  327): get_next_u8: here:0
04-26 05:09:05.830 D/pskey_bt(  327): char:E, E
04-26 05:09:05.830 D/pskey_bt(  327): char:0, 0
04-26 05:09:05.830 D/pskey_bt(  327): get_one_item(data) = 0xe0
04-26 05:09:05.830 D/pskey_bt(  327): get_next_u8: here:e0
04-26 05:09:05.830 D/pskey_bt(  327): char:F, F
04-26 05:09:05.830 D/pskey_bt(  327): char:7, 7
04-26 05:09:05.830 D/pskey_bt(  327): get_one_item(data) = 0xf7
04-26 05:09:05.830 D/pskey_bt(  327): get_next_u8: here:f7
04-26 05:09:05.830 D/pskey_bt(  327): char:3, 3
04-26 05:09:05.830 D/pskey_bt(  327): char:E, E
04-26 05:09:05.830 D/pskey_bt(  327): get_one_item(data) = 0x3e
04-26 05:09:05.830 D/pskey_bt(  327): get_next_u8: here:3e
04-26 05:09:05.830 D/pskey_bt(  327): end of buff, str=},
04-26 05:09:05.830 D/pskey_bt(  327): {0xFF, 0xFF, 0xFF, 0xFF, 0xFF, 0xFF},
04-26 05:09:05.830 D/pskey_bt(  327): 0,
04-26 05:09:05.830 D/pskey_bt(  327): 1,
04-26 05:09:05.830 D/pskey_bt(  327): 5,
04-26 05:09:05.830 D/pskey_bt(  327): 0xE,
04-26 05:09:05.830 D/pskey_bt(  327): 1,
04-26 05:09:05.830 D/pskey_bt(  327): 1,
04-26 05:09:05.830 D/pskey_bt(  327): 0x50000000,
04-26 05:09:05.830 D/pskey_bt(  327): 0x50000150,
04-26 05:09:05.830 D/pskey_bt(  327): 0x50000150,
04-26 05:09:05.830 D/pskey_bt(  327): 0x50000154,
04-26 05:09:05.830 D/pskey_bt(  327): 0xFFFFFFFF,
04-26 05:09:05.830 D/pskey_bt(  327): 0x100,
04-26 05:09:05.830 D/pskey_bt(  327): 0xA0,
04-26 05:09:05.830 D/pskey_bt(  327): 0xDC,
04-26 05:09:05.830 D/pskey_bt(  327): 0x20,
04-26 05:09:05.830 D/pskey_bt(  327): 0x55,
04-26 05:09:05.830 D/pskey_bt(  327): 0x64,
04-26 05:09:05.830 D/pskey_bt(  327): 0,
04-26 05:09:05.830 D/pskey_bt(  327): 0x8,
04-26 05:09:05.830 D/pskey_bt(  327): 0x13C,
04-26 05:09:05.830 D/pskey_bt(  327): 0x2,
04-26 05:09:05.830 D/pskey_bt(  327): 0xD704,
04-26 05:09:05.830 D/pskey_bt(  327): 0x88888888,
04-26 05:09:05.830 D/pskey_bt(  327): 0x6,
04-26 05:09:05.830 D/pskey_bt(  327): 0x0,
04-26 05:09:05.830 D/pskey_bt(  327): {0x0001,0x0000,0x0000,0x0000,0x0000,0x0000,0x0000,0x0000,0x0000
04-26 05:09:05.830 D/pskey_bt(  327): char:F, F
04-26 05:09:05.830 D/pskey_bt(  327): char:F, F
04-26 05:09:05.830 D/pskey_bt(  327): get_one_item(data) = 0xff
04-26 05:09:05.830 D/pskey_bt(  327): get_next_u8: here:ff
04-26 05:09:05.830 D/pskey_bt(  327): char:F, F
04-26 05:09:05.830 D/pskey_bt(  327): char:F, F
04-26 05:09:05.830 D/pskey_bt(  327): get_one_item(data) = 0xff
04-26 05:09:05.830 D/pskey_bt(  327): get_next_u8: here:ff
04-26 05:09:05.830 D/pskey_bt(  327): char:F, F
04-26 05:09:05.830 D/pskey_bt(  327): char:F, F
04-26 05:09:05.830 D/pskey_bt(  327): get_one_item(data) = 0xff
04-26 05:09:05.830 D/pskey_bt(  327): get_next_u8: here:ff
04-26 05:09:05.830 D/pskey_bt(  327): char:F, F
04-26 05:09:05.830 D/pskey_bt(  327): char:F, F
04-26 05:09:05.830 D/pskey_bt(  327): get_one_item(data) = 0xff
04-26 05:09:05.830 D/pskey_bt(  327): get_next_u8: here:ff
04-26 05:09:05.830 D/pskey_bt(  327): char:F, F
04-26 05:09:05.830 D/pskey_bt(  327): char:F, F
04-26 05:09:05.830 D/pskey_bt(  327): get_one_item(data) = 0xff
04-26 05:09:05.830 D/pskey_bt(  327): get_next_u8: here:ff
04-26 05:09:05.830 D/pskey_bt(  327): char:F, F
04-26 05:09:05.830 D/pskey_bt(  327): char:F, F
04-26 05:09:05.830 D/pskey_bt(  327): get_one_item(data) = 0xff
04-26 05:09:05.830 D/pskey_bt(  327): get_next_u8: here:ff
04-26 05:09:05.830 D/pskey_bt(  327): end of buff, str=},
04-26 05:09:05.830 D/pskey_bt(  327): 0,
04-26 05:09:05.830 D/pskey_bt(  327): 1,
04-26 05:09:05.830 D/pskey_bt(  327): 5,
04-26 05:09:05.830 D/pskey_bt(  327): 0xE,
04-26 05:09:05.830 D/pskey_bt(  327): 1,
04-26 05:09:05.830 D/pskey_bt(  327): 1,
04-26 05:09:05.830 D/pskey_bt(  327): 0x50000000,
04-26 05:09:05.830 D/pskey_bt(  327): 0x50000150,
04-26 05:09:05.830 D/pskey_bt(  327): 0x50000150,
04-26 05:09:05.830 D/pskey_bt(  327): 0x50000154,
04-26 05:09:05.830 D/pskey_bt(  327): 0xFFFFFFFF,
04-26 05:09:05.830 D/pskey_bt(  327): 0x100,
04-26 05:09:05.830 D/pskey_bt(  327): 0xA0,
04-26 05:09:05.830 D/pskey_bt(  327): 0xDC,
04-26 05:09:05.830 D/pskey_bt(  327): 0x20,
04-26 05:09:05.830 D/pskey_bt(  327): 0x55,
04-26 05:09:05.830 D/pskey_bt(  327): 0x64,
04-26 05:09:05.830 D/pskey_bt(  327): 0,
04-26 05:09:05.830 D/pskey_bt(  327): 0x8,
04-26 05:09:05.830 D/pskey_bt(  327): 0x13C,
04-26 05:09:05.830 D/pskey_bt(  327): 0x2,
04-26 05:09:05.830 D/pskey_bt(  327): 0xD704,
04-26 05:09:05.830 D/pskey_bt(  327): 0x88888888,
04-26 05:09:05.830 D/pskey_bt(  327): 0x6,
04-26 05:09:05.830 D/pskey_bt(  327): 0x0,
04-26 05:09:05.830 D/pskey_bt(  327): {0x0001,0x0000,0x0000,0x0000,0x0000,0x0000,0x0000,0x0000,0x0000
04-26 05:09:05.830 D/pskey_bt(  327): char:0, 0
04-26 05:09:05.830 D/pskey_bt(  327): get_one_item(data) = 0x0
04-26 05:09:05.830 D/pskey_bt(  327): get_next_u8: here:0
04-26 05:09:05.830 D/pskey_bt(  327): char:1, 1
04-26 05:09:05.830 D/pskey_bt(  327): get_one_item(data) = 0x1
04-26 05:09:05.830 D/pskey_bt(  327): get_next_u8: here:1
04-26 05:09:05.830 D/pskey_bt(  327): char:5, 5
04-26 05:09:05.830 D/pskey_bt(  327): get_one_item(data) = 0x5
04-26 05:09:05.830 D/pskey_bt(  327): get_next_u8: here:5
04-26 05:09:05.830 D/pskey_bt(  327): char:E, E
04-26 05:09:05.830 D/pskey_bt(  327): get_one_item(data) = 0xe
04-26 05:09:05.830 D/pskey_bt(  327): get_next_u8: here:e
04-26 05:09:05.830 D/pskey_bt(  327): char:1, 1
04-26 05:09:05.830 D/pskey_bt(  327): get_one_item(data) = 0x1
04-26 05:09:05.830 D/pskey_bt(  327): get_next_u8: here:1
04-26 05:09:05.830 D/pskey_bt(  327): char:1, 1
04-26 05:09:05.830 D/pskey_bt(  327): get_one_item(data) = 0x1
04-26 05:09:05.830 D/pskey_bt(  327): get_next_u8: here:1
04-26 05:09:05.830 D/pskey_bt(  327): char:5, 5
04-26 05:09:05.830 D/pskey_bt(  327): char:0, 0
04-26 05:09:05.830 D/pskey_bt(  327): char:0, 0
04-26 05:09:05.830 D/pskey_bt(  327): char:0, 0
04-26 05:09:05.830 D/pskey_bt(  327): char:0, 0
04-26 05:09:05.830 D/pskey_bt(  327): char:0, 0
04-26 05:09:05.830 D/pskey_bt(  327): char:0, 0
04-26 05:09:05.830 D/pskey_bt(  327): char:0, 0
04-26 05:09:05.830 D/pskey_bt(  327): get_one_item(data) = 0x50000000
04-26 05:09:05.830 D/pskey_bt(  327): get_next_u32: here:50000000
04-26 05:09:05.830 D/pskey_bt(  327): char:5, 5
04-26 05:09:05.830 D/pskey_bt(  327): char:0, 0
04-26 05:09:05.830 D/pskey_bt(  327): char:0, 0
04-26 05:09:05.830 D/pskey_bt(  327): char:0, 0
04-26 05:09:05.830 D/pskey_bt(  327): char:0, 0
04-26 05:09:05.830 D/pskey_bt(  327): char:1, 1
04-26 05:09:05.830 D/pskey_bt(  327): char:5, 5
04-26 05:09:05.830 D/pskey_bt(  327): char:0, 0
04-26 05:09:05.830 D/pskey_bt(  327): get_one_item(data) = 0x50000150
04-26 05:09:05.830 D/pskey_bt(  327): get_next_u32: here:50000150
04-26 05:09:05.830 D/pskey_bt(  327): char:5, 5
04-26 05:09:05.830 D/pskey_bt(  327): char:0, 0
04-26 05:09:05.830 D/pskey_bt(  327): char:0, 0
04-26 05:09:05.830 D/pskey_bt(  327): char:0, 0
04-26 05:09:05.830 D/pskey_bt(  327): char:0, 0
04-26 05:09:05.830 D/pskey_bt(  327): char:1, 1
04-26 05:09:05.830 D/pskey_bt(  327): char:5, 5
04-26 05:09:05.830 D/pskey_bt(  327): char:0, 0
04-26 05:09:05.830 D/pskey_bt(  327): get_one_item(data) = 0x50000150
04-26 05:09:05.830 D/pskey_bt(  327): get_next_u32: here:50000150
04-26 05:09:05.830 D/pskey_bt(  327): char:5, 5
04-26 05:09:05.830 D/pskey_bt(  327): char:0, 0
04-26 05:09:05.830 D/pskey_bt(  327): char:0, 0
04-26 05:09:05.830 D/pskey_bt(  327): char:0, 0
04-26 05:09:05.830 D/pskey_bt(  327): char:0, 0
04-26 05:09:05.830 D/pskey_bt(  327): char:1, 1
04-26 05:09:05.830 D/pskey_bt(  327): char:5, 5
04-26 05:09:05.830 D/pskey_bt(  327): char:4, 4
04-26 05:09:05.830 D/pskey_bt(  327): get_one_item(data) = 0x50000154
04-26 05:09:05.830 D/pskey_bt(  327): get_next_u32: here:50000154
04-26 05:09:05.830 D/pskey_bt(  327): char:F, F
04-26 05:09:05.830 D/pskey_bt(  327): char:F, F
04-26 05:09:05.830 D/pskey_bt(  327): char:F, F
04-26 05:09:05.830 D/pskey_bt(  327): char:F, F
04-26 05:09:05.830 D/pskey_bt(  327): char:F, F
04-26 05:09:05.830 D/pskey_bt(  327): char:F, F
04-26 05:09:05.830 D/pskey_bt(  327): char:F, F
04-26 05:09:05.830 D/pskey_bt(  327): char:F, F
04-26 05:09:05.830 D/pskey_bt(  327): get_one_item(data) = 0xffffffff
04-26 05:09:05.830 D/pskey_bt(  327): get_next_u32: here:ffffffff
04-26 05:09:05.830 D/pskey_bt(  327): char:1, 1
04-26 05:09:05.830 D/pskey_bt(  327): char:0, 0
04-26 05:09:05.830 D/pskey_bt(  327): char:0, 0
04-26 05:09:05.830 D/pskey_bt(  327): get_one_item(data) = 0x100
04-26 05:09:05.830 D/pskey_bt(  327): get_next_u16: here:100
04-26 05:09:05.830 D/pskey_bt(  327): char:A, A
04-26 05:09:05.830 D/pskey_bt(  327): char:0, 0
04-26 05:09:05.830 D/pskey_bt(  327): get_one_item(data) = 0xa0
04-26 05:09:05.830 D/pskey_bt(  327): get_next_u16: here:a0
04-26 05:09:05.830 D/pskey_bt(  327): char:D, D
04-26 05:09:05.830 D/pskey_bt(  327): char:C, C
04-26 05:09:05.830 D/pskey_bt(  327): get_one_item(data) = 0xdc
04-26 05:09:05.830 D/pskey_bt(  327): get_next_u16: here:dc
04-26 05:09:05.830 D/pskey_bt(  327): char:2, 2
04-26 05:09:05.830 D/pskey_bt(  327): char:0, 0
04-26 05:09:05.830 D/pskey_bt(  327): get_one_item(data) = 0x20
04-26 05:09:05.830 D/pskey_bt(  327): get_next_u16: here:20
04-26 05:09:05.830 D/pskey_bt(  327): char:5, 5
04-26 05:09:05.830 D/pskey_bt(  327): char:5, 5
04-26 05:09:05.830 D/pskey_bt(  327): get_one_item(data) = 0x55
04-26 05:09:05.830 D/pskey_bt(  327): get_next_u16: here:55
04-26 05:09:05.830 D/pskey_bt(  327): char:6, 6
04-26 05:09:05.830 D/pskey_bt(  327): char:4, 4
04-26 05:09:05.830 D/pskey_bt(  327): get_one_item(data) = 0x64
04-26 05:09:05.830 D/pskey_bt(  327): get_next_u16: here:64
04-26 05:09:05.830 D/pskey_bt(  327): char:0, 0
04-26 05:09:05.830 D/pskey_bt(  327): get_one_item(data) = 0x0
04-26 05:09:05.830 D/pskey_bt(  327): get_next_u32: here:0
04-26 05:09:05.830 D/pskey_bt(  327): char:8, 8
04-26 05:09:05.830 D/pskey_bt(  327): get_one_item(data) = 0x8
04-26 05:09:05.830 D/pskey_bt(  327): get_next_u16: here:8
04-26 05:09:05.830 D/pskey_bt(  327): char:1, 1
04-26 05:09:05.830 D/pskey_bt(  327): char:3, 3
04-26 05:09:05.830 D/pskey_bt(  327): char:C, C
04-26 05:09:05.830 D/pskey_bt(  327): get_one_item(data) = 0x13c
04-26 05:09:05.830 D/pskey_bt(  327): get_next_u16: here:13c
04-26 05:09:05.830 D/pskey_bt(  327): char:2, 2
04-26 05:09:05.830 D/pskey_bt(  327): get_one_item(data) = 0x2
04-26 05:09:05.830 D/pskey_bt(  327): get_next_u16: here:2
04-26 05:09:05.830 D/pskey_bt(  327): char:D, D
04-26 05:09:05.830 D/pskey_bt(  327): char:7, 7
04-26 05:09:05.830 D/pskey_bt(  327): char:0, 0
04-26 05:09:05.830 D/pskey_bt(  327): char:4, 4
04-26 05:09:05.830 D/pskey_bt(  327): get_one_item(data) = 0xd704
04-26 05:09:05.830 D/pskey_bt(  327): get_next_u16: here:d704
04-26 05:09:05.830 D/pskey_bt(  327): char:8, 8
04-26 05:09:05.830 D/pskey_bt(  327): char:8, 8
04-26 05:09:05.830 D/pskey_bt(  327): char:8, 8
04-26 05:09:05.830 D/pskey_bt(  327): char:8, 8
04-26 05:09:05.830 D/pskey_bt(  327): char:8, 8
04-26 05:09:05.830 D/pskey_bt(  327): char:8, 8
04-26 05:09:05.830 D/pskey_bt(  327): char:8, 8
04-26 05:09:05.830 D/pskey_bt(  327): char:8, 8
04-26 05:09:05.830 D/pskey_bt(  327): get_one_item(data) = 0x88888888
04-26 05:09:05.830 D/pskey_bt(  327): get_next_u32: here:88888888
04-26 05:09:05.830 D/pskey_bt(  327): char:6, 6
04-26 05:09:05.830 D/pskey_bt(  327): get_one_item(data) = 0x6
04-26 05:09:05.830 D/pskey_bt(  327): get_next_u16: here:6
04-26 05:09:05.830 D/pskey_bt(  327): char:0, 0
04-26 05:09:05.830 D/pskey_bt(  327): get_one_item(data) = 0x0
04-26 05:09:05.830 D/pskey_bt(  327): get_next_u16: here:0
04-26 05:09:05.830 D/pskey_bt(  327): char:0, 0
04-26 05:09:05.830 D/pskey_bt(  327): char:0, 0
04-26 05:09:05.830 D/pskey_bt(  327): char:0, 0
04-26 05:09:05.830 D/pskey_bt(  327): char:1, 1
04-26 05:09:05.830 D/pskey_bt(  327): get_one_item(data) = 0x1
04-26 05:09:05.830 D/pskey_bt(  327): get_next_u32: here:1
04-26 05:09:05.830 D/pskey_bt(  327): char:0, 0
04-26 05:09:05.830 D/pskey_bt(  327): char:0, 0
04-26 05:09:05.830 D/pskey_bt(  327): char:0, 0
04-26 05:09:05.830 D/pskey_bt(  327): char:0, 0
04-26 05:09:05.830 D/pskey_bt(  327): get_one_item(data) = 0x0
04-26 05:09:05.830 D/pskey_bt(  327): get_next_u32: here:0
04-26 05:09:05.830 D/pskey_bt(  327): char:0, 0
04-26 05:09:05.830 D/pskey_bt(  327): char:0, 0
04-26 05:09:05.830 D/pskey_bt(  327): char:0, 0
04-26 05:09:05.830 D/pskey_bt(  327): char:0, 0
04-26 05:09:05.830 D/pskey_bt(  327): get_one_item(data) = 0x0
04-26 05:09:05.830 D/pskey_bt(  327): get_next_u32: here:0
04-26 05:09:05.830 D/pskey_bt(  327): char:0, 0
04-26 05:09:05.830 D/pskey_bt(  327): char:0, 0
04-26 05:09:05.830 D/pskey_bt(  327): char:0, 0
04-26 05:09:05.830 D/pskey_bt(  327): char:0, 0
04-26 05:09:05.830 D/pskey_bt(  327): get_one_item(data) = 0x0
04-26 05:09:05.830 D/pskey_bt(  327): get_next_u32: here:0
04-26 05:09:05.830 D/pskey_bt(  327): char:0, 0
04-26 05:09:05.830 D/pskey_bt(  327): char:0, 0
04-26 05:09:05.830 D/pskey_bt(  327): char:0, 0
04-26 05:09:05.830 D/pskey_bt(  327): char:0, 0
04-26 05:09:05.830 D/pskey_bt(  327): get_one_item(data) = 0x0
04-26 05:09:05.830 D/pskey_bt(  327): get_next_u32: here:0
04-26 05:09:05.830 D/pskey_bt(  327): char:0, 0
04-26 05:09:05.830 D/pskey_bt(  327): char:0, 0
04-26 05:09:05.830 D/pskey_bt(  327): char:0, 0
04-26 05:09:05.830 D/pskey_bt(  327): char:0, 0
04-26 05:09:05.830 D/pskey_bt(  327): get_one_item(data) = 0x0
04-26 05:09:05.830 D/pskey_bt(  327): get_next_u32: here:0
04-26 05:09:05.830 D/pskey_bt(  327): char:0, 0
04-26 05:09:05.830 D/pskey_bt(  327): char:0, 0
04-26 05:09:05.830 D/pskey_bt(  327): char:0, 0
04-26 05:09:05.830 D/pskey_bt(  327): char:0, 0
04-26 05:09:05.830 D/pskey_bt(  327): get_one_item(data) = 0x0
04-26 05:09:05.830 D/pskey_bt(  327): get_next_u32: here:0
04-26 05:09:05.830 D/pskey_bt(  327): char:0, 0
04-26 05:09:05.830 D/pskey_bt(  327): char:0, 0
04-26 05:09:05.830 D/pskey_bt(  327): char:0, 0
04-26 05:09:05.830 D/pskey_bt(  327): char:0, 0
04-26 05:09:05.830 D/pskey_bt(  327): get_one_item(data) = 0x0
04-26 05:09:05.830 D/pskey_bt(  327): get_next_u32: here:0
04-26 05:09:05.830 D/pskey_bt(  327): char:0, 0
04-26 05:09:05.830 D/pskey_bt(  327): char:0, 0
04-26 05:09:05.830 D/pskey_bt(  327): char:0, 0
04-26 05:09:05.830 D/pskey_bt(  327): char:0, 0
04-26 05:09:05.830 D/pskey_bt(  327): get_one_item(data) = 0x0
04-26 05:09:05.830 D/pskey_bt(  327): get_next_u32: here:0
04-26 05:09:05.830 D/pskey_bt(  327): get_one_item(data) = 0x0
04-26 05:09:05.830 D/pskey_bt(  327): get_next_u32: here:0
04-26 05:09:05.830 D/pskey_bt(  327): leave out tmp_buff=
04-26 05:09:05.830 D/pskey_bt(  327): parse pskey success, tmp_buff=0xab9120
04-26 05:09:05.830 D/pskey_bt(  327): ret get pskey from file =0
04-26 05:09:05.830 D/pskey_bt(  327): data/btmac.txt does not exist 0 
04-26 05:09:05.930 D/pskey_bt(  327): tmp_mac:00c3870274d3
04-26 05:09:05.930 D/pskey_bt(  327): d3  
04-26 05:09:05.930 D/pskey_bt(  327): 74  
04-26 05:09:05.930 D/pskey_bt(  327): 2  
04-26 05:09:05.930 D/pskey_bt(  327): 87  
04-26 05:09:05.930 D/pskey_bt(  327): c3  
04-26 05:09:05.930 D/pskey_bt(  327): 0  
04-26 05:09:05.950 I/Gonk    (   83): RIL[0]: OnConnectSuccess
04-26 05:09:06.120 I/Gonk    (   83): RIL[1]: OnConnectSuccess
04-26 05:09:06.310 I/Gecko   (   83): 1398514146320	Marionette	DEBUG	accepted connection on 127.0.0.1:45513
04-26 05:09:06.580 E/bluedroid(   83): test bt_is_enabled
04-26 05:09:07.230 D/NetUtils(   83): failed to remove default route for wlan0: No such device
04-26 05:09:07.240 W/WifiHW  (   83): wifi_load_driver enter 262
04-26 05:09:07.240 W/WifiHW  (   83): DRIVER_MODULE_PATH= DRIVER_MODULE_ARG= 
04-26 05:09:07.240 W/WifiHW  (   83): driver insmod complete 
04-26 05:09:07.240 W/WifiHW  (   83): Driver() loaded succesffuly
04-26 05:09:07.460 W/WifiHW  (   86): wifi_change_fw_path: /system/lib/modules/itm_sta.ko
04-26 05:09:07.460 D/WifiHW  (   86): Unable to unload driver module "itm_ap.ko": No such file or directory
04-26 05:09:07.660 D/WifiHW  (   86): Unable to unload driver module "itm_sta.ko": No such file or directory
04-26 05:09:07.870 W/WifiHW  (   86): insmod filename=/system/lib/modules/itm_sta.ko args= 
04-26 05:09:08.070 V/AudioPolicyManagerBase(   88): setStreamVolumeIndex() stream 3, index 0
04-26 05:09:08.070 E/AudioPolicyManagerBase(   88): checkAndSetVolume stream=3, index=0, output=1, device=2
04-26 05:09:08.070 E/AudioPolicyManagerBase(   88): computeVolume, streamDesc=0x1015bf0
04-26 05:09:08.070 V/AudioPolicyManagerBase(   88): setStreamVolume() for output 1 stream 3, volume 0.000000, delay 0
04-26 05:09:08.070 V/AudioPolicyManagerBase(   88): setStreamVolumeIndex() stream 1, index 0
04-26 05:09:08.070 E/AudioPolicyManagerBase(   88): checkAndSetVolume stream=1, index=0, output=1, device=2
04-26 05:09:08.070 E/AudioPolicyManagerBase(   88): computeVolume, streamDesc=0x1015bb8
04-26 05:09:08.070 V/AudioPolicyManagerBase(   88): setStreamVolume() for output 1 stream 1, volume 0.000000, delay 0
04-26 05:09:08.070 V/AudioPolicyManagerBase(   88): setStreamVolumeIndex() stream 5, index 0
04-26 05:09:08.070 E/AudioPolicyManagerBase(   88): checkAndSetVolume stream=5, index=0, output=1, device=2
04-26 05:09:08.070 E/AudioPolicyManagerBase(   88): computeVolume, streamDesc=0x1015c28
04-26 05:09:08.070 V/AudioPolicyManagerBase(   88): setStreamVolume() for output 1 stream 5, volume 0.000000, delay 0
04-26 05:09:08.070 V/AudioPolicyManagerBase(   88): setStreamVolumeIndex() stream 2, index 0
04-26 05:09:08.070 E/AudioPolicyManagerBase(   88): checkAndSetVolume stream=2, index=0, output=1, device=2
04-26 05:09:08.070 E/AudioPolicyManagerBase(   88): computeVolume, streamDesc=0x1015bd4
04-26 05:09:08.070 V/AudioPolicyManagerBase(   88): setStreamVolume() for output 1 stream 2, volume 0.000000, delay 0
04-26 05:09:08.070 V/AudioPolicyManagerBase(   88): setStreamVolumeIndex() stream 4, index 15
04-26 05:09:08.070 E/AudioPolicyManagerBase(   88): checkAndSetVolume stream=4, index=15, output=1, device=2
04-26 05:09:08.070 E/AudioPolicyManagerBase(   88): computeVolume, streamDesc=0x1015c0c
04-26 05:09:08.070 V/AudioPolicyManagerBase(   88): VOLUME vol index=[66 100 100], dB=[-10.2 0.0 0.0] ampl=1.00000
04-26 05:09:08.070 V/AudioPolicyManagerBase(   88): setStreamVolumeIndex() stream 0, index 5
04-26 05:09:08.070 E/AudioPolicyManagerBase(   88): checkAndSetVolume stream=0, index=5, output=1, device=2
04-26 05:09:08.070 E/AudioPolicyManagerBase(   88): computeVolume, streamDesc=0x1015b9c
04-26 05:09:08.070 V/AudioPolicyManagerBase(   88): VOLUME vol index=[66 100 100], dB=[-17.0 0.0 0.0] ampl=1.00000
04-26 05:09:08.070 V/AudioPolicyManagerBase(   88): setStreamVolumeIndex() stream 6, index 15
04-26 05:09:08.070 V/AudioPolicyManagerBase(   88): checkAndSetVolume() cannot set stream 6 volume with force use = 0 for comm
04-26 05:09:08.390 I/VolumeManager(   83): SetSharingMode for volume sdcard to 1 canBeShared = 1
04-26 05:09:08.400 I/AutoMounter(   83): UpdateState: umsAvail:1 umsEnabled:1 mode:0 usbCablePluggedIn:1 tryToShare:0
04-26 05:09:08.400 I/AutoMounter(   83): UpdateState: Volume sdcard is NoMedia and missing
04-26 05:09:08.630 I/Gecko   (   83): ###################################### forms.js loaded
04-26 05:09:08.630 I/Gecko   (   83): ############################### browserElementPanning.js loaded
04-26 05:09:08.660 I/Gecko   (   83): ######################## BrowserElementChildPreload.js loaded
04-26 05:09:08.690 I/Gecko   (   83): *** UTM:SVC TimerManager:registerTimer - id: user-agent-updates-timer
04-26 05:09:08.690 E/GeckoConsole(   83): UTM:SVC TimerManager:registerTimer - id: user-agent-updates-timer
04-26 05:09:09.440 E/Profiler(  344): BEGIN mozilla_sampler_init
04-26 05:09:09.450 E/Profiler(  344): BPUnw: [1 total] thread_register_for_profiling(me=0x40164488, stacktop=0xbe9fc9b7)
04-26 05:09:09.450 E/Profiler(  344): SPS:
04-26 05:09:09.450 E/Profiler(  344): SPS: Unwind mode       = pseudo
04-26 05:09:09.450 E/Profiler(  344): SPS: Sampling interval = 0 ms (zero means "platform default")
04-26 05:09:09.450 E/Profiler(  344): SPS: Entry store size  = 0 (zero means "platform default")
04-26 05:09:09.450 E/Profiler(  344): SPS: UnwindStackScan   = 0 (max dubious frames per unwind).
04-26 05:09:09.450 E/Profiler(  344): SPS: Use env var MOZ_PROFILER_MODE=help for further information.
04-26 05:09:09.450 E/Profiler(  344): SPS:
04-26 05:09:09.450 E/Profiler(  344): Registering start signal
04-26 05:09:10.210 E/GeckoConsole(   83): [JavaScript Warning: "Error in parsing value for 'font-weight'.  Declaration dropped." {file: "app://system.gaiamobile.org/style/shrinking_ui/shrinking_ui.css" line: 9 column: 15 source: "  font-weight: medium;"}]
04-26 05:09:10.290 E/Profiler(   83): BPUnw: [1 total] thread_unregister_for_profiling(me=0xfe5f48)  (NOT REGISTERED) 
04-26 05:09:10.450 E/GeckoConsole(  344): Could not read chrome manifest 'file:///system/b2g/chrome.manifest'.
04-26 05:09:10.600 D/SoftapController(   86): Softap fwReload - Ok
04-26 05:09:10.600 E/BandwidthController(   86): No such iface wlan0 to delete
04-26 05:09:10.640 D/Sensors (   83): activate handle=0; drv=0
04-26 05:09:10.640 D/Sensors (   83): Lis3dhSensor: Control set 0
