--------- beginning of /dev/log/main
04-26 08:35:48.650 I/Gecko   (   83): 1398526548661	Marionette	INFO	sendToClient: {"from":"0","ok":true}, {78c328e5-9b55-4ae2-93e4-65383f17e129}, {78c328e5-9b55-4ae2-93e4-65383f17e129}
04-26 08:35:48.720 I/Gecko   (   83): 1398526548725	Marionette	DEBUG	Got request: switchToFrame, data: {"to":"0","sessionId":"3-b2g","name":"switchToFrame","parameters":{"id":null,"focus":true}}, id: {8ae7fd27-7171-45ed-bbad-3c763281128c}
04-26 08:35:48.720 I/Gecko   (   83): 1398526548727	Marionette	INFO	Switched to frame: {"frameValue":null}
04-26 08:35:48.820 I/Gecko   (   83): 1398526548830	Marionette	INFO	sendToClient: {"from":"0","ok":true}, {8ae7fd27-7171-45ed-bbad-3c763281128c}, {8ae7fd27-7171-45ed-bbad-3c763281128c}
04-26 08:35:48.830 I/Gecko   (   83): 1398526548837	Marionette	DEBUG	Got request: executeWithCallback, data: {"to":"0","sessionId":"3-b2g","name":"executeAsyncScript","parameters":{"specialPowers":false,"scriptTimeout":null,"newSandbox":true,"args":[],"filename":"gaia_test.py","script":"return GaiaApps.displayedApp();","line":66}}, id: {d2b38373-7efe-401c-8192-a5afb361836c}
04-26 08:35:48.940 E/GeckoConsole(   83): Content JS LOG at dummy file:392 in GaiaApps.displayedApp: app with origin 'app://homescreen.gaiamobile.org' is displayed
04-26 08:35:48.940 I/Gecko   (   83): 1398526548951	Marionette	INFO	sendToClient: {"from":"0","value":{"frame":{"ELEMENT":"{9f587cf6-a28c-4147-8cc7-83d860af497c}"},"src":"app://homescreen.gaiamobile.org/index.html#root","name":"Homescreen","origin":"app://homescreen.gaiamobile.org"}}, {d2b38373-7efe-401c-8192-a5afb361836c}, {d2b38373-7efe-401c-8192-a5afb361836c}
04-26 08:35:48.960 I/Gecko   (   83): 1398526548968	Marionette	DEBUG	Got request: switchToFrame, data: {"to":"0","sessionId":"3-b2g","name":"switchToFrame","parameters":{"id":null,"focus":true}}, id: {4844cdd5-0d79-46c0-8f66-84307887b25e}
04-26 08:35:48.970 I/Gecko   (   83): 1398526548974	Marionette	INFO	Switched to frame: {"frameValue":null}
04-26 08:35:49.070 I/Gecko   (   83): 1398526549077	Marionette	INFO	sendToClient: {"from":"0","ok":true}, {4844cdd5-0d79-46c0-8f66-84307887b25e}, {4844cdd5-0d79-46c0-8f66-84307887b25e}
04-26 08:35:49.130 I/Gecko   (   83): 1398526549133	Marionette	DEBUG	Got request: switchToFrame, data: {"to":"0","sessionId":"3-b2g","name":"switchToFrame","parameters":{"id":null,"focus":true}}, id: {dd110920-45b2-432d-932b-5603cb73d3da}
04-26 08:35:49.130 I/Gecko   (   83): 1398526549137	Marionette	INFO	Switched to frame: {"frameValue":null}
04-26 08:35:49.230 I/Gecko   (   83): 1398526549242	Marionette	INFO	sendToClient: {"from":"0","ok":true}, {dd110920-45b2-432d-932b-5603cb73d3da}, {dd110920-45b2-432d-932b-5603cb73d3da}
04-26 08:35:49.240 I/Gecko   (   83): 1398526549249	Marionette	DEBUG	Got request: executeWithCallback, data: {"to":"0","sessionId":"3-b2g","name":"executeAsyncScript","parameters":{"specialPowers":false,"scriptTimeout":null,"newSandbox":true,"args":[],"filename":"gaia_test.py","script":"return GaiaApps.displayedApp();","line":66}}, id: {41729d2e-7ed5-44da-9bca-42e362a2c206}
04-26 08:35:49.300 I/Gecko   (   83): 1398526549311	Marionette	INFO	sendToClient: {"from":"0","value":{"frame":{"ELEMENT":"{9f587cf6-a28c-4147-8cc7-83d860af497c}"},"src":"app://homescreen.gaiamobile.org/index.html#root","name":"Homescreen","origin":"app://homescreen.gaiamobile.org"}}, {41729d2e-7ed5-44da-9bca-42e362a2c206}, {41729d2e-7ed5-44da-9bca-42e362a2c206}
04-26 08:35:49.320 E/GeckoConsole(   83): Content JS LOG at dummy file:392 in GaiaApps.displayedApp: app with origin 'app://homescreen.gaiamobile.org' is displayed
04-26 08:35:49.380 I/Gecko   (   83): 1398526549392	Marionette	DEBUG	Got request: switchToFrame, data: {"to":"0","sessionId":"3-b2g","name":"switchToFrame","parameters":{"focus":true,"element":"{9f587cf6-a28c-4147-8cc7-83d860af497c}"}}, id: {1eb260b2-b8fe-4913-a7bc-b342ff2e04de}
04-26 08:35:49.390 I/Gecko   (   83): 1398526549401	Marionette	INFO	Switched to frame: {"frameValue":"{9f587cf6-a28c-4147-8cc7-83d860af497c}"}
04-26 08:35:49.400 I/Gecko   (   83): 1398526549404	Marionette	INFO	trying remote frame 0
04-26 08:35:49.430 I/Gecko   (   83): 1398526549440	Marionette	INFO	trying remote frame 1
04-26 08:35:49.430 I/Gecko   (   83): 1398526549441	Marionette	INFO	trying remote frame 2
04-26 08:35:49.430 I/Gecko   (   83): 1398526549442	Marionette	INFO	deleting frame
04-26 08:35:49.440 I/Gecko   (   83): 1398526549447	Marionette	INFO	frame-manager load script: [object ChromeMessageSender]
04-26 08:35:49.700 W/WifiHW  (   83): wifi_command: SIGNAL_POLL
04-26 08:35:49.970 V/AudioPolicyManagerBase(   88): startOutput() output 1, stream 1, session 7
04-26 08:35:49.970 V/AudioPolicyManagerBase(   88): changeRefCount() stream 1, count 1
04-26 08:35:49.970 V/AudioPolicyManagerBase(   88): getDeviceForStrategy() from cache strategy 0, device 2
04-26 08:35:49.970 V/AudioPolicyManagerBase(   88): getNewDevice() selected device 2
04-26 08:35:49.970 D/AudioPolicyManagerBase(   88): setOutputDevice() output 1 device 2 delayMs 0
04-26 08:35:49.970 V/AudioPolicyManagerBase(   88): setOutputDevice() setting same device 2 or null device for output 1
04-26 08:35:49.970 E/AudioPolicyManagerBase(   88): checkAndSetVolume stream=1, index=0, output=1, device=2
04-26 08:35:49.970 E/AudioPolicyManagerBase(   88): computeVolume, streamDesc=0x16aebb8
04-26 08:35:50.030 W/AudioFlinger(   88): Thread AudioOut_1 cannot connect to the power manager service
04-26 08:35:50.030 V/AudioPolicyManagerBase(   88): stopOutput() output 1, stream 1, session 7
04-26 08:35:50.030 V/AudioPolicyManagerBase(   88): changeRefCount() stream 1, count 0
04-26 08:35:50.030 V/AudioPolicyManagerBase(   88): getNewDevice() selected device 0
04-26 08:35:50.030 D/AudioPolicyManagerBase(   88): setOutputDevice() output 1 device 0 delayMs 290
04-26 08:35:50.030 V/AudioPolicyManagerBase(   88): setOutputDevice() setting same device 0 or null device for output 1
04-26 08:35:50.070 V/AudioPolicyManagerBase(   88): startOutput() output 1, stream 1, session 7
04-26 08:35:50.070 V/AudioPolicyManagerBase(   88): changeRefCount() stream 1, count 1
04-26 08:35:50.070 V/AudioPolicyManagerBase(   88): getDeviceForStrategy() from cache strategy 0, device 2
04-26 08:35:50.070 V/AudioPolicyManagerBase(   88): getNewDevice() selected device 2
04-26 08:35:50.070 D/AudioPolicyManagerBase(   88): setOutputDevice() output 1 device 2 delayMs 0
04-26 08:35:50.070 V/AudioPolicyManagerBase(   88): setOutputDevice() setting same device 2 or null device for output 1
04-26 08:35:50.070 E/AudioPolicyManagerBase(   88): checkAndSetVolume stream=1, index=0, output=1, device=2
04-26 08:35:50.070 E/AudioPolicyManagerBase(   88): computeVolume, streamDesc=0x16aebb8
04-26 08:35:50.070 V/AudioPolicyManagerBase(   88): stopOutput() output 1, stream 1, session 7
04-26 08:35:50.070 V/AudioPolicyManagerBase(   88): changeRefCount() stream 1, count 0
04-26 08:35:50.070 V/AudioPolicyManagerBase(   88): getNewDevice() selected device 0
04-26 08:35:50.070 D/AudioPolicyManagerBase(   88): setOutputDevice() output 1 device 0 delayMs 290
04-26 08:35:50.070 V/AudioPolicyManagerBase(   88): setOutputDevice() setting same device 0 or null device for output 1
04-26 08:35:50.070 V/AudioPolicyManagerBase(   88): releaseOutput() 1
04-26 08:35:50.170 I/Gecko   (   83): 1398526550181	Marionette	INFO	sendToClient: {"from":"0","ok":true}, {1eb260b2-b8fe-4913-a7bc-b342ff2e04de}, {1eb260b2-b8fe-4913-a7bc-b342ff2e04de}
04-26 08:35:50.260 I/Gecko   (   83): 1398526550272	Marionette	INFO	sendToClient: {"from":"0","value":{"ELEMENT":"{f4863779-81c6-42eb-9ba6-c593a8e3a77f}"}}, {cb542845-bf52-4145-a920-ff01620d7a43}, {cb542845-bf52-4145-a920-ff01620d7a43}
04-26 08:35:50.520 E/GeckoConsole( 2012): [JavaScript Warning: "Use of getAttributeNode() is deprecated. Use getAttribute() instead." {file: "chrome://marionette/content/atoms.js" line: 25}]
04-26 08:35:50.530 E/GeckoConsole( 2012): [JavaScript Warning: "Use of attributes' specified attribute is deprecated. It always returns true." {file: "chrome://marionette/content/atoms.js" line: 25}]
04-26 08:35:50.530 I/Gecko   (   83): 1398526550536	Marionette	INFO	sendToClient: {"from":"0","value":"normal"}, {0ce84907-eff0-42c4-a28d-07c540488839}, {0ce84907-eff0-42c4-a28d-07c540488839}
04-26 08:35:50.540 I/Gecko   (   83): 1398526550544	Marionette	DEBUG	Got request: switchToFrame, data: {"to":"0","sessionId":"3-b2g","name":"switchToFrame","parameters":{"id":null,"focus":true}}, id: {ff97f1af-376b-416b-837c-070b05b7e99f}
04-26 08:35:50.560 I/Gecko   (   83): 1398526550564	Marionette	INFO	Switched to frame: {"frameValue":null}
04-26 08:35:50.660 I/Gecko   (   83): 1398526550667	Marionette	INFO	sendToClient: {"from":"0","ok":true}, {ff97f1af-376b-416b-837c-070b05b7e99f}, {ff97f1af-376b-416b-837c-070b05b7e99f}
04-26 08:35:50.670 I/Gecko   (   83): 1398526550674	Marionette	DEBUG	Got request: execute, data: {"to":"0","sessionId":"3-b2g","name":"executeScript","parameters":{"specialPowers":false,"scriptTimeout":null,"newSandbox":true,"args":[],"filename":"gaia_test.py","script":"window.wrappedJSObject.dispatchEvent(new Event('home'));","line":788}}, id: {22e6029a-f619-4902-ab70-aead948bd566}
04-26 08:35:50.730 I/Gecko   (   83): 1398526550742	Marionette	INFO	sendToClient: {"from":"0","value":null}, {22e6029a-f619-4902-ab70-aead948bd566}, {22e6029a-f619-4902-ab70-aead948bd566}
04-26 08:35:50.790 I/Gecko   (   83): 1398526550794	Marionette	DEBUG	Got request: switchToFrame, data: {"to":"0","sessionId":"3-b2g","name":"switchToFrame","parameters":{"id":null,"focus":true}}, id: {43f2bed3-81ab-4702-950b-77f863cfdc1d}
04-26 08:35:50.790 I/Gecko   (   83): 1398526550796	Marionette	INFO	Switched to frame: {"frameValue":null}
04-26 08:35:50.890 I/Gecko   (   83): 1398526550900	Marionette	INFO	sendToClient: {"from":"0","ok":true}, {43f2bed3-81ab-4702-950b-77f863cfdc1d}, {43f2bed3-81ab-4702-950b-77f863cfdc1d}
04-26 08:35:50.900 I/Gecko   (   83): 1398526550906	Marionette	DEBUG	Got request: switchToFrame, data: {"to":"0","sessionId":"3-b2g","name":"switchToFrame","parameters":{"id":null,"focus":true}}, id: {b7e5a60e-ac54-4fe1-8e56-b985433160c9}
04-26 08:35:50.900 I/Gecko   (   83): 1398526550909	Marionette	INFO	Switched to frame: {"frameValue":null}
04-26 08:35:51.000 I/Gecko   (   83): 1398526551011	Marionette	INFO	sendToClient: {"from":"0","ok":true}, {b7e5a60e-ac54-4fe1-8e56-b985433160c9}, {b7e5a60e-ac54-4fe1-8e56-b985433160c9}
04-26 08:35:51.010 I/Gecko   (   83): 1398526551018	Marionette	DEBUG	Got request: executeWithCallback, data: {"to":"0","sessionId":"3-b2g","name":"executeAsyncScript","parameters":{"specialPowers":false,"scriptTimeout":null,"newSandbox":true,"args":[],"filename":"gaia_test.py","script":"return GaiaApps.displayedApp();","line":66}}, id: {f28501e9-ac9d-4460-b149-33276e1fc6ef}
04-26 08:35:51.080 E/GeckoConsole(   83): Content JS LOG at dummy file:392 in GaiaApps.displayedApp: app with origin 'app://homescreen.gaiamobile.org' is displayed
04-26 08:35:51.080 I/Gecko   (   83): 1398526551089	Marionette	INFO	sendToClient: {"from":"0","value":{"frame":{"ELEMENT":"{9f587cf6-a28c-4147-8cc7-83d860af497c}"},"src":"app://homescreen.gaiamobile.org/index.html#rootSat%20Apr%2026%202014%2008:35:50%20GMT-0700%20(UTC)","name":"Homescreen","origin":"app://homescreen.gaiamobile.org"}}, {f28501e9-ac9d-4460-b149-33276e1fc6ef}, {f28501e9-ac9d-4460-b149-33276e1fc6ef}
04-26 08:35:51.090 I/Gecko   (   83): 1398526551096	Marionette	DEBUG	Got request: switchToFrame, data: {"to":"0","sessionId":"3-b2g","name":"switchToFrame","parameters":{"focus":true,"element":"{9f587cf6-a28c-4147-8cc7-83d860af497c}"}}, id: {f744a71d-6f96-494a-9182-9ef4a316b0ae}
04-26 08:35:51.110 I/Gecko   (   83): 1398526551122	Marionette	INFO	Switched to frame: {"frameValue":"{9f587cf6-a28c-4147-8cc7-83d860af497c}"}
04-26 08:35:51.120 I/Gecko   (   83): 1398526551130	Marionette	INFO	trying remote frame 0
04-26 08:35:51.130 I/Gecko   (   83): 1398526551135	Marionette	INFO	trying remote frame 1
04-26 08:35:51.130 I/Gecko   (   83): 1398526551136	Marionette	INFO	trying remote frame 2
04-26 08:35:51.230 I/Gecko   (   83): 1398526551239	Marionette	INFO	sendToClient: {"from":"0","ok":true}, {f744a71d-6f96-494a-9182-9ef4a316b0ae}, {f744a71d-6f96-494a-9182-9ef4a316b0ae}
04-26 08:35:51.240 I/Gecko   (   83): 1398526551247	Marionette	DEBUG	Got request: execute, data: {"to":"0","sessionId":"3-b2g","name":"executeScript","parameters":{"specialPowers":false,"scriptTimeout":null,"newSandbox":true,"args":[],"filename":"gaia_test.py","script":"return window.wrappedJSObject.GridManager.pageHelper.getCurrentPageNumber();","line":784}}, id: {ed52554c-a20e-4ad6-9c5e-1d2ae6ab3f93}
04-26 08:35:51.480 I/Gecko   (   83): 1398526551487	Marionette	INFO	sendToClient: {"from":"0","value":0}, {ed52554c-a20e-4ad6-9c5e-1d2ae6ab3f93}, {ed52554c-a20e-4ad6-9c5e-1d2ae6ab3f93}
04-26 08:35:52.580 I/Gecko   (   83): 1398526552588	Marionette	INFO	sendToClient: {"from":"0","value":["{e1fd05ad-9867-4958-bf88-c6abec0fa6df}","{72b0a942-4a32-4f67-bfd0-71285f651550}","{4ad6cef9-4cfb-4c94-b3f2-29334f32cf59}","{d09b0d5b-7cdf-40bf-8cec-0ec04b802c64}","{0db4c023-d559-45c6-9963-f50a17478d6e}","{a4610af0-c3b4-4a9f-8cc4-b2357ab35cb6}","{6b122f49-2efd-44f1-a4f3-fdf2d3bcd119}","{3d44d3cd-7831-4d07-882c-db115043fdbb}","{7f207d92-ac45-42f2-86ed-b298f537d612}","{f7fb1eaf-9206-469d-9c82-b2099bc887f3}","{f15bab44-51fe-4746-a0c2-9138c8bece9f}","{1a25ef10-7422-45f6-b403-7de86362b8ae}","{0807d674-a252-4567-94a7-4a93c3e57524}","{60116cb5-e249-4cf4-974f-b10bfea7424f}","{30563a4a-c1ea-4a7c-b9d1-2d18a8209d19}","{6916964c-344e-44da-9794-4a7f60d71d9d}","{9c0bbe10-8046-4a84-a438-9742769666ac}","{60c96aab-888c-4a3f-9c67-a93046b490c7}","{71037023-a875-4f0b-9437-2c9e7a094354}","{48473276-3c4a-42a5-b581-3f7fc98e00f5}","{a7e00983-94b6-47e2-9e5b-f4518967ee4b}","{5f21624e-f9dd-4280-ae4a-7e120a7f672a}","{d9d2835a-e294-4a70-aff9-bce4f82d6211}","{05a51f0b-430c
04-26 08:35:52.680 E/GeckoConsole( 2012): Content JS WARN at app://homescreen.gaiamobile.org/gaia_build_defer_index.js:184 in isHiddenApp: Unexpected role when checking hidden app: undefined
04-26 08:35:52.680 E/GeckoConsole( 2012): Content JS WARN at app://homescreen.gaiamobile.org/gaia_build_defer_index.js:184 in isHiddenApp: Unexpected role when checking hidden app: undefined
04-26 08:35:52.680 E/GeckoConsole( 2012): Content JS WARN at app://homescreen.gaiamobile.org/gaia_build_defer_index.js:184 in isHiddenApp: Unexpected role when checking hidden app: undefined
04-26 08:35:52.680 E/GeckoConsole( 2012): Content JS WARN at app://homescreen.gaiamobile.org/gaia_build_defer_index.js:184 in isHiddenApp: Unexpected role when checking hidden app: undefined
04-26 08:35:52.700 E/GeckoConsole( 2012): Content JS WARN at app://homescreen.gaiamobile.org/gaia_build_defer_index.js:184 in isHiddenApp: Unexpected role when checking hidden app: undefined
04-26 08:35:52.700 E/GeckoConsole( 2012): Content JS WARN at app://homescreen.gaiamobile.org/gaia_build_defer_index.js:184 in isHiddenApp: Unexpected role when checking hidden app: undefined
04-26 08:35:52.700 E/GeckoConsole( 2012): Content JS WARN at app://homescreen.gaiamobile.org/gaia_build_defer_index.js:184 in isHiddenApp: Unexpected role when checking hidden app: undefined
04-26 08:35:52.700 E/GeckoConsole( 2012): Content JS WARN at app://homescreen.gaiamobile.org/gaia_build_defer_index.js:184 in isHiddenApp: Unexpected role when checking hidden app: undefined
04-26 08:35:52.700 E/GeckoConsole( 2012): Content JS WARN at app://homescreen.gaiamobile.org/gaia_build_defer_index.js:184 in isHiddenApp: Unexpected role when checking hidden app: undefined
04-26 08:35:52.700 E/GeckoConsole( 2012): Content JS WARN at app://homescreen.gaiamobile.org/gaia_build_defer_index.js:184 in isHiddenApp: Unexpected role when checking hidden app: undefined
04-26 08:35:52.700 E/GeckoConsole( 2012): Content JS WARN at app://homescreen.gaiamobile.org/gaia_build_defer_index.js:184 in isHiddenApp: Unexpected role when checking hidden app: undefined
04-26 08:35:52.700 E/GeckoConsole( 2012): Content JS WARN at app://homescreen.gaiamobile.org/gaia_build_defer_index.js:184 in isHiddenApp: Unexpected role when checking hidden app: undefined
04-26 08:35:52.700 E/GeckoConsole( 2012): Content JS WARN at app://homescreen.gaiamobile.org/gaia_build_defer_index.js:184 in isHiddenApp: Unexpected role when checking hidden app: undefined
04-26 08:35:52.700 E/GeckoConsole( 2012): Content JS WARN at app://homescreen.gaiamobile.org/gaia_build_defer_index.js:184 in isHiddenApp: Unexpected role when checking hidden app: undefined
04-26 08:35:52.710 E/GeckoConsole( 2012): Content JS WARN at app://homescreen.gaiamobile.org/gaia_build_defer_index.js:184 in isHiddenApp: Unexpected role when checking hidden app: undefined
04-26 08:35:52.710 E/GeckoConsole( 2012): Content JS WARN at app://homescreen.gaiamobile.org/gaia_build_defer_index.js:184 in isHiddenApp: Unexpected role when checking hidden app: undefined
04-26 08:35:52.710 E/GeckoConsole( 2012): Content JS WARN at app://homescreen.gaiamobile.org/gaia_build_defer_index.js:184 in isHiddenApp: Unexpected role when checking hidden app: undefined
04-26 08:35:52.710 E/GeckoConsole( 2012): Content JS WARN at app://homescreen.gaiamobile.org/gaia_build_defer_index.js:184 in isHiddenApp: Unexpected role when checking hidden app: undefined
04-26 08:35:52.710 E/GeckoConsole( 2012): Content JS WARN at app://homescreen.gaiamobile.org/gaia_build_defer_index.js:184 in isHiddenApp: Unexpected role when checking hidden app: undefined
04-26 08:35:52.710 E/GeckoConsole( 2012): Content JS WARN at app://homescreen.gaiamobile.org/gaia_build_defer_index.js:184 in isHiddenApp: Unexpected role when checking hidden app: undefined
04-26 08:35:52.710 E/GeckoConsole( 2012): Content JS WARN at app://homescreen.gaiamobile.org/gaia_build_defer_index.js:184 in isHiddenApp: Unexpected role when checking hidden app: undefined
04-26 08:35:52.710 E/GeckoConsole( 2012): Content JS WARN at app://homescreen.gaiamobile.org/gaia_build_defer_index.js:184 in isHiddenApp: Unexpected role when checking hidden app: undefined
04-26 08:35:52.810 I/Gecko   (   83): 1398526552820	Marionette	INFO	sendToClient: {"from":"0","value":"app://homescreen.gaiamobile.org/index.html#rootSat%20Apr%2026%202014%2008:35:50%20GMT-0700%20(UTC)"}, {c9ff26b5-a7a0-4211-9d6e-a944caf00168}, {c9ff26b5-a7a0-4211-9d6e-a944caf00168}
04-26 08:35:52.830 I/Gecko   (   83): 1398526552838	Marionette	DEBUG	Got request: switchToFrame, data: {"to":"0","sessionId":"3-b2g","name":"switchToFrame","parameters":{"id":null,"focus":true}}, id: {1fee64bd-fff4-43e6-bb32-891e2208fe4e}
04-26 08:35:52.860 I/Gecko   (   83): 1398526552864	Marionette	INFO	Switched to frame: {"frameValue":null}
04-26 08:35:52.960 I/Gecko   (   83): 1398526552967	Marionette	INFO	sendToClient: {"from":"0","ok":true}, {1fee64bd-fff4-43e6-bb32-891e2208fe4e}, {1fee64bd-fff4-43e6-bb32-891e2208fe4e}
04-26 08:35:52.970 I/Gecko   (   83): 1398526552977	Marionette	DEBUG	Got request: switchToFrame, data: {"to":"0","sessionId":"3-b2g","name":"switchToFrame","parameters":{"id":null,"focus":true}}, id: {def4d8be-2668-4754-85bd-282203c03340}
04-26 08:35:53.010 I/Gecko   (   83): 1398526553016	Marionette	INFO	Switched to frame: {"frameValue":null}
04-26 08:35:53.120 I/Gecko   (   83): 1398526553131	Marionette	INFO	sendToClient: {"from":"0","ok":true}, {def4d8be-2668-4754-85bd-282203c03340}, {def4d8be-2668-4754-85bd-282203c03340}
04-26 08:35:53.140 I/Gecko   (   83): 1398526553146	Marionette	DEBUG	Got request: executeWithCallback, data: {"to":"0","sessionId":"3-b2g","name":"executeAsyncScript","parameters":{"specialPowers":false,"scriptTimeout":30000,"newSandbox":true,"args":[],"filename":"app_checker.py","script":"GaiaApps.launchWithManifestURL('http://fruitslots.justplaymobile.com/fruitslots.webapp')","line":106}}, id: {2ecc0590-e38f-4173-ab6e-47dc1f55da5a}
04-26 08:35:53.230 I/Gonk    (   83): Setting nice for pid 2031 to 18
04-26 08:35:53.240 I/Gonk    (   83): Changed nice for pid 2031 from 18 to 18.
04-26 08:35:53.240 I/Gecko   (   83): [Parent 83] WARNING: waitpid failed pid:2031 errno:10: file ../../../gecko/ipc/chromium/src/base/process_util_posix.cc, line 254
04-26 08:35:53.260 I/Gonk    (   83): Setting nice for pid 2031 to 1
04-26 08:35:53.260 I/Gonk    (   83): Changed nice for pid 2031 from 18 to 1.
04-26 08:35:53.280 D/Sensors (   83): activate handle=0; drv=0
04-26 08:35:53.290 D/Sensors (   83): Lis3dhSensor: Control set 1
04-26 08:35:53.290 D/Sensors (   83): Lis3dhSensor: mEnabled = 1
04-26 08:35:53.550 I/InputReader(   83): Reconfiguring input devices.  changes=0x00000004
04-26 08:35:53.550 I/InputReader(   83): Device reconfigured: id=6, name='ms-msg21xx', size 320x480, orientation 1, mode 1, display id 0
04-26 08:35:53.600 E/[Gralloc-ERROR](   83): int gralloc_register_buffer(const gralloc_module_t*, const native_handle_t*):79 Unable to register handle 0x493fa150 coming from different process: 83
04-26 08:35:53.620 E/[Gralloc-ERROR](   83): int gralloc_register_buffer(const gralloc_module_t*, const native_handle_t*):79 Unable to register handle 0x493fa1f0 coming from different process: 83
04-26 08:35:53.650 E/GeckoConsole(   83): Content JS LOG at dummy file:334 in GaiaApps.launch: launching app with name 'Fruit Slots'
04-26 08:35:53.720 E/[Gralloc-ERROR](   83): int gralloc_unregister_buffer(const gralloc_module_t*, const native_handle_t*):274 Trying to unregister buffer 0x48bc0330 from process 83 that was not created in current process: 83
04-26 08:35:53.720 E/[Gralloc-ERROR](   83): int gralloc_unregister_buffer(const gralloc_module_t*, const native_handle_t*):274 Trying to unregister buffer 0x48bc0420 from process 83 that was not created in current process: 83
04-26 08:35:55.040 I/Gonk    (   83): Setting nice for pid 2012 to 18
04-26 08:35:55.050 I/Gonk    (   83): Changed nice for pid 2012 from 1 to 18.
04-26 08:35:55.160 W/WifiHW  (   83): wifi_command: SIGNAL_POLL
04-26 08:35:55.300 I/Gonk    (   83): Setting nice for pid 2076 to 18
04-26 08:35:55.300 I/Gonk    (   83): Changed nice for pid 2076 from 0 to 18.
04-26 08:35:55.930 I/Gecko   ( 2031): ###################################### forms.js loaded
04-26 08:35:56.010 I/Gecko   ( 2031): ############################### browserElementPanning.js loaded
04-26 08:35:56.030 I/Gecko   ( 2031): ######################## BrowserElementChildPreload.js loaded
04-26 08:35:56.550 I/Gecko   (   83): [Parent 83] WARNING: pipe error (96): Connection reset by peer: file ../../../gecko/ipc/chromium/src/chrome/common/ipc_channel_posix.cc, line 446
04-26 08:35:56.630 I/Gecko   (   83): 
04-26 08:35:56.630 I/Gecko   (   83): ###!!! [Parent][MessageChannel] Error: Channel error: cannot send/recv
04-26 08:35:56.630 I/Gecko   (   83): 
04-26 08:35:56.720 I/Gecko   (   83): [Parent 83] WARNING: waitpid failed pid:2012 errno:10: file ../../../gecko/ipc/chromium/src/base/process_util_posix.cc, line 254
04-26 08:35:57.470 I/Gonk    (   83): Setting nice for pid 2076 to 18
04-26 08:35:57.470 I/Gonk    (   83): Changed nice for pid 2076 from 18 to 18.
04-26 08:35:57.470 I/Gecko   (   83): [Parent 83] WARNING: waitpid failed pid:2076 errno:10: file ../../../gecko/ipc/chromium/src/base/process_util_posix.cc, line 254
04-26 08:35:57.480 I/Gonk    (   83): Setting nice for pid 2076 to 1
04-26 08:35:57.480 I/Gonk    (   83): Changed nice for pid 2076 from 18 to 1.
04-26 08:35:57.480 I/Gonk    (   83): Setting nice for pid 2076 to 18
04-26 08:35:57.480 I/Gonk    (   83): Changed nice for pid 2076 from 1 to 18.
04-26 08:35:57.590 I/Gecko   (   83): 1398526557601	Marionette	INFO	sendToClient: {"from":"0","value":{"frame":{"ELEMENT":"{1ec71099-a66d-432e-b29c-5d5de82b5d05}"},"src":"http://fruitslots.justplaymobile.com/","name":"Fruit Slots","origin":"http://fruitslots.justplaymobile.com"}}, {2ecc0590-e38f-4173-ab6e-47dc1f55da5a}, {2ecc0590-e38f-4173-ab6e-47dc1f55da5a}
04-26 08:35:57.600 E/GeckoConsole(   83): Content JS LOG at dummy file:326 in GaiaApps.launch/appOpen/<: app with origin 'http://fruitslots.justplaymobile.com' has launched
04-26 08:35:57.630 I/Gecko   (   83): 1398526557639	Marionette	DEBUG	Got request: switchToFrame, data: {"to":"0","sessionId":"3-b2g","name":"switchToFrame","parameters":{"focus":true,"element":"{1ec71099-a66d-432e-b29c-5d5de82b5d05}"}}, id: {db59652e-73f2-4dd3-be40-1efb39edc923}
04-26 08:35:57.640 I/Gecko   (   83): 1398526557647	Marionette	INFO	Switched to frame: {"frameValue":"{1ec71099-a66d-432e-b29c-5d5de82b5d05}"}
04-26 08:35:57.640 I/Gecko   (   83): 1398526557650	Marionette	INFO	trying remote frame 0
04-26 08:35:57.640 I/Gecko   (   83): 1398526557651	Marionette	INFO	trying remote frame 1
04-26 08:35:57.640 I/Gecko   (   83): 1398526557652	Marionette	INFO	trying remote frame 2
04-26 08:35:57.650 I/Gecko   (   83): 1398526557653	Marionette	INFO	deleting frame
04-26 08:35:57.650 I/Gecko   (   83): 1398526557658	Marionette	INFO	frame-manager load script: [object ChromeMessageSender]
04-26 08:35:58.040 I/log     ( 2090): <4>0[ 721.512599] select 2076 ((Preallocated a), adj 8, size 2906, to kill 
04-26 08:35:58.110 I/Gecko   (   83): 1398526558115	Marionette	INFO	sendToClient: {"from":"0","ok":true}, {db59652e-73f2-4dd3-be40-1efb39edc923}, {db59652e-73f2-4dd3-be40-1efb39edc923}
04-26 08:35:58.200 I/Gecko   (   83): 
04-26 08:35:58.200 I/Gecko   (   83): ###!!! [Parent][MessageChannel] Error: Channel error: cannot send/recv
04-26 08:35:58.200 I/Gecko   (   83): 
04-26 08:35:58.240 I/Gecko   (   83): [Parent 83] WARNING: waitpid failed pid:2076 errno:10: file ../../../gecko/ipc/chromium/src/base/process_util_posix.cc, line 254
04-26 08:35:58.650 I/Gecko   (   83): 1398526558656	Marionette	INFO	sendToClient: {"from":"0","value":"http://fruitslots.justplaymobile.com/"}, {ba37f717-d87a-4b06-bae4-84f219a60b23}, {ba37f717-d87a-4b06-bae4-84f219a60b23}
04-26 08:35:58.720 I/Gecko   (   83): [Parent 83] WARNING: waitpid failed pid:2012 errno:10: file ../../../gecko/ipc/chromium/src/base/process_util_posix.cc, line 254
04-26 08:35:58.720 I/Gecko   (   83): [Parent 83] WARNING: Failed to deliver SIGKILL to 2012!(3).: file ../../../gecko/ipc/chromium/src/chrome/common/process_watcher_posix_sigchld.cc, line 118
04-26 08:35:59.560 I/Gecko   (   83): 1398526559567	Marionette	DEBUG	Got request: execute, data: {"to":"0","sessionId":"3-b2g","name":"executeScript","parameters":{"specialPowers":false,"scriptTimeout":null,"newSandbox":true,"args":[],"filename":"app_checker.py","script":"return window.document.readyState;","line":191}}, id: {8fd6d80e-07fd-4d33-93a2-a6a0a5c4b39f}
04-26 08:35:59.600 I/Gecko   (   83): 1398526559611	Marionette	INFO	sendToClient: {"from":"0","value":"complete"}, {8fd6d80e-07fd-4d33-93a2-a6a0a5c4b39f}, {8fd6d80e-07fd-4d33-93a2-a6a0a5c4b39f}
04-26 08:35:59.790 I/Gecko   ( 2031): Attempting load of libEGL.so
04-26 08:35:59.800 D/libEGL  ( 2031): loaded /system/lib/egl/libEGL_mali.so
04-26 08:35:59.820 D/libEGL  ( 2031): loaded /system/lib/egl/libGLESv1_CM_mali.so
04-26 08:35:59.830 D/libEGL  ( 2031): loaded /system/lib/egl/libGLESv2_mali.so
04-26 08:35:59.850 I/Gecko   ( 2031): SharedSurface_Gralloc::Create -------
04-26 08:35:59.890 I/Gecko   ( 2031): SharedSurface_Gralloc::Create: success -- surface 0x43f9eac0, GraphicBuffer 0x43f16300.
04-26 08:36:00.120 I/Gecko   (   83): 1398526560130	Marionette	INFO	sendToClient: {"from":"0","value":"http://fruitslots.justplaymobile.com/"}, {1174164b-566f-4501-a814-892bc2d0640b}, {1174164b-566f-4501-a814-892bc2d0640b}
04-26 08:36:00.190 W/WifiHW  (   83): wifi_command: SIGNAL_POLL
04-26 08:36:00.240 I/Gecko   (   83): [Parent 83] WARNING: waitpid failed pid:2076 errno:10: file ../../../gecko/ipc/chromium/src/base/process_util_posix.cc, line 254
04-26 08:36:00.240 I/Gecko   (   83): [Parent 83] WARNING: Failed to deliver SIGKILL to 2076!(3).: file ../../../gecko/ipc/chromium/src/chrome/common/process_watcher_posix_sigchld.cc, line 118
04-26 08:36:00.330 I/Gecko   ( 2031): SharedSurface_Gralloc::Create -------
04-26 08:36:00.350 I/Gecko   ( 2031): SharedSurface_Gralloc::Create: success -- surface 0x43f9efc0, GraphicBuffer 0x43f16200.
04-26 08:36:00.390 I/Gecko   ( 2031): SharedSurface_Gralloc::Create -------
04-26 08:36:00.420 I/Gecko   ( 2031): SharedSurface_Gralloc::Create: success -- surface 0x43ffe500, GraphicBuffer 0x43f17880.
04-26 08:36:00.450 I/Gecko   ( 2031): SharedSurface_Gralloc::Create -------
04-26 08:36:00.490 I/Gecko   ( 2031): SharedSurface_Gralloc::Create: success -- surface 0x43ffe840, GraphicBuffer 0x43f24100.
04-26 08:36:01.430 I/Gecko   (   83): 1398526561419	Marionette	INFO	sendToClient: {"from":"0","value":"iVBORw0KGgoAAAANSUhEUgAAAeAAAAFACAYAAABkyK97AAAgAElEQVR4nOy9X4hbWZ7neXKIXU5CPJwYokB3UC9xm2iIW2QsfWs7YHRZw4R6A8Zq4sGq8TKW2wNOrRtcWje4NG7WpXSD22pDuVSGjVYZNloV0LGyYKNLgglKeogdCTYYaRjN5E1GpiW2RElQouWHpPM+FJv3oaC/+3DO1b1SRNjOisxU2PlL+KCQFH8UkjM++v3O7w/DiIEgCIIgiK8XNu8HQBAEQRDfREjABEEQBDEHSMAEQRAEMQdIwARBEAQxB0jABEEQBDEHSMAEQRAEMQdIwARBEAQxB0jABEEQBDEHSMAEQRAEMQdIwARBEAQxB0jABEEQBDEHSMAEQRAEMQdIwARBEAQxB0jABEEQBDEHSMAEQRAEMQdIwARBEAQxB0jABEEQBDEHSMAEQRAEMQdIwARBEAQxB0jABEEQBDEHSMAEQRAEMQdIwARBEAQxB0jABEEQBDEHSMAEQRAEMQdIwARBfD0MFfN+HARxQSABEwRBEMQcIAETBPH18FIx78dBEBcEEjBBEARBzAESMEEQBEHMARIwQRBfLV7xVV9BxVgEAYxIwATx7jM8hdNuP8/3n7qNT3D6DE6PYdxR2PLS6TG4vQvw3BDEHCEBE8S7ymninWU2Kj0hZQ4MOTASwJBLaQ6ZLKYaBr7W+3k9Drcn4PQ1jPsaui847I5AvSFQP9JQPdTwcduAfcwx7ga+X/Axz/t5I4ivCRIwQbyrvImAXxcFe5L1otrg5/VmvrbP4fZ1OC8M2Mc6qjWB4gFH8VBDfl9HoWSisG+iWDJQrWnotgWcnvf9CeKbBwmYIN5lJoLkAdibRZpey1A/cH0S9fKp290Rg9PjGLR02EcmqhULxX0L+T0LmScGYtcErC0Gc4PB2GD46DFDvcYxthncswRM0TDxjkMCJo
04-26 08:36:01.710 I/Gecko   (   83): 1398526561718	Marionette	INFO	sendToClient: {"from":"0","ok":true}, {bc1421e6-ba5c-43bc-8f27-e0eb74d08716}, {bc1421e6-ba5c-43bc-8f27-e0eb74d08716}
04-26 08:36:01.720 I/Gecko   (   83): 1398526561728	Marionette	DEBUG	Got request: switchToFrame, data: {"to":"0","sessionId":"3-b2g","name":"switchToFrame","parameters":{"id":null,"focus":true}}, id: {f634ad08-797a-4be3-b50d-9fe989b589e6}
04-26 08:36:01.750 I/Gecko   (   83): 1398526561755	Marionette	INFO	Switched to frame: {"frameValue":null}
04-26 08:36:01.850 I/Gecko   (   83): 1398526561859	Marionette	INFO	sendToClient: {"from":"0","ok":true}, {f634ad08-797a-4be3-b50d-9fe989b589e6}, {f634ad08-797a-4be3-b50d-9fe989b589e6}
04-26 08:36:01.860 I/Gecko   (   83): 1398526561866	Marionette	DEBUG	Got request: executeWithCallback, data: {"to":"0","sessionId":"3-b2g","name":"executeAsyncScript","parameters":{"specialPowers":false,"scriptTimeout":null,"newSandbox":true,"args":[],"filename":"gaia_test.py","script":"return GaiaApps.displayedApp();","line":66}}, id: {597113a4-0923-46e2-b861-baefad21ab6a}
04-26 08:36:02.050 E/GeckoConsole(   83): Content JS LOG at dummy file:392 in GaiaApps.displayedApp: app with origin 'http://fruitslots.justplaymobile.com' is displayed
04-26 08:36:02.070 I/Gecko   (   83): 1398526562074	Marionette	INFO	sendToClient: {"from":"0","value":{"frame":{"ELEMENT":"{1ec71099-a66d-432e-b29c-5d5de82b5d05}"},"src":"http://fruitslots.justplaymobile.com/","name":"Fruit Slots","origin":"http://fruitslots.justplaymobile.com"}}, {597113a4-0923-46e2-b861-baefad21ab6a}, {597113a4-0923-46e2-b861-baefad21ab6a}
04-26 08:36:02.080 I/Gecko   (   83): 1398526562088	Marionette	DEBUG	Got request: switchToFrame, data: {"to":"0","sessionId":"3-b2g","name":"switchToFrame","parameters":{"id":null,"focus":true}}, id: {68a89bc7-9ba8-4518-a056-aa1693a93e60}
04-26 08:36:02.120 I/Gecko   (   83): 1398526562125	Marionette	INFO	Switched to frame: {"frameValue":null}
04-26 08:36:02.140 I/Gonk    (   83): Setting nice for pid 2100 to 18
04-26 08:36:02.170 I/Gonk    (   83): Changed nice for pid 2100 from 0 to 18.
04-26 08:36:02.230 I/Gecko   (   83): 1398526562232	Marionette	INFO	sendToClient: {"from":"0","ok":true}, {68a89bc7-9ba8-4518-a056-aa1693a93e60}, {68a89bc7-9ba8-4518-a056-aa1693a93e60}
04-26 08:36:02.230 I/Gecko   (   83): 1398526562239	Marionette	DEBUG	Got request: execute, data: {"to":"0","sessionId":"3-b2g","name":"executeScript","parameters":{"specialPowers":false,"scriptTimeout":null,"newSandbox":true,"args":[],"filename":"gaia_test.py","script":"window.wrappedJSObject.dispatchEvent(new Event('home'));","line":788}}, id: {fb0b2996-2f06-45f1-85bd-13cd51b44894}
04-26 08:36:02.300 I/Gonk    (   83): Setting nice for pid 2100 to 18
04-26 08:36:02.300 I/Gonk    (   83): Changed nice for pid 2100 from 18 to 18.
04-26 08:36:02.300 I/Gecko   (   83): [Parent 83] WARNING: waitpid failed pid:2100 errno:10: file ../../../gecko/ipc/chromium/src/base/process_util_posix.cc, line 254
04-26 08:36:02.330 I/Gonk    (   83): Setting nice for pid 2100 to 1
04-26 08:36:02.330 I/Gonk    (   83): Changed nice for pid 2100 from 18 to 1.
04-26 08:36:02.350 D/Sensors (   83): activate handle=0; drv=0
04-26 08:36:02.350 D/Sensors (   83): Lis3dhSensor: Control set 0
04-26 08:36:02.350 D/Sensors (   83): Lis3dhSensor: mEnabled = 0
04-26 08:36:02.780 I/InputReader(   83): Reconfiguring input devices.  changes=0x00000004
04-26 08:36:02.780 I/InputReader(   83): Device reconfigured: id=6, name='ms-msg21xx', size 320x480, orientation 0, mode 1, display id 0
04-26 08:36:02.880 E/[Gralloc-ERROR](   83): int gralloc_register_buffer(const gralloc_module_t*, const native_handle_t*):79 Unable to register handle 0x449e8920 coming from different process: 83
04-26 08:36:02.950 E/[Gralloc-ERROR](   83): int gralloc_register_buffer(const gralloc_module_t*, const native_handle_t*):79 Unable to register handle 0x4533d5b0 coming from different process: 83
04-26 08:36:03.020 E/[Gralloc-ERROR](   83): int gralloc_unregister_buffer(const gralloc_module_t*, const native_handle_t*):274 Trying to unregister buffer 0x493fa1f0 from process 83 that was not created in current process: 83
04-26 08:36:03.090 I/Gecko   (   83): 1398526563098	Marionette	INFO	sendToClient: {"from":"0","value":null}, {fb0b2996-2f06-45f1-85bd-13cd51b44894}, {fb0b2996-2f06-45f1-85bd-13cd51b44894}
04-26 08:36:03.140 E/[Gralloc-ERROR](   83): int gralloc_unregister_buffer(const gralloc_module_t*, const native_handle_t*):274 Trying to unregister buffer 0x493fa150 from process 83 that was not created in current process: 83
04-26 08:36:03.160 I/Gecko   (   83): 1398526563172	Marionette	DEBUG	Got request: switchToFrame, data: {"to":"0","sessionId":"3-b2g","name":"switchToFrame","parameters":{"id":null,"focus":true}}, id: {073a7058-445b-40a7-af20-36df1543759e}
04-26 08:36:03.180 I/Gecko   (   83): 1398526563189	Marionette	INFO	Switched to frame: {"frameValue":null}
04-26 08:36:03.320 I/Gecko   (   83): 1398526563329	Marionette	INFO	sendToClient: {"from":"0","ok":true}, {073a7058-445b-40a7-af20-36df1543759e}, {073a7058-445b-40a7-af20-36df1543759e}
04-26 08:36:03.410 I/Gecko   (   83): 1398526563416	Marionette	DEBUG	Got request: executeWithCallback, data: {"to":"0","sessionId":"3-b2g","name":"executeAsyncScript","parameters":{"specialPowers":false,"scriptTimeout":null,"newSandbox":true,"args":[],"filename":"gaia_test.py","script":"return GaiaApps.displayedApp();","line":66}}, id: {a5ed3f57-cc86-49a0-98b2-8d2327dba221}
04-26 08:36:05.860 E/GeckoConsole(   83): Content JS LOG at dummy file:392 in GaiaApps.displayedApp: app with origin 'app://homescreen.gaiamobile.org' is displayed
04-26 08:36:05.870 I/Gecko   (   83): 1398526565879	Marionette	INFO	sendToClient: {"from":"0","value":{"frame":{"ELEMENT":"{9365eb96-d46f-4680-9919-36cd3c3629a5}"},"src":"app://homescreen.gaiamobile.org/index.html#root","name":"Homescreen","origin":"app://homescreen.gaiamobile.org"}}, {a5ed3f57-cc86-49a0-98b2-8d2327dba221}, {a5ed3f57-cc86-49a0-98b2-8d2327dba221}
04-26 08:36:05.990 W/WifiHW  (   83): wifi_command: SIGNAL_POLL
04-26 08:36:06.160 I/Gecko   (   83): 1398526566170	Marionette	DEBUG	Got request: switchToFrame, data: {"to":"0","sessionId":"3-b2g","name":"switchToFrame","parameters":{"id":null,"focus":true}}, id: {61489a99-095f-4d65-9d96-9e7ff7b33399}
04-26 08:36:06.190 I/Gecko   (   83): 1398526566193	Marionette	INFO	Switched to frame: {"frameValue":null}
04-26 08:36:06.370 I/Gecko   (   83): 1398526566375	Marionette	INFO	sendToClient: {"from":"0","ok":true}, {61489a99-095f-4d65-9d96-9e7ff7b33399}, {61489a99-095f-4d65-9d96-9e7ff7b33399}
04-26 08:36:06.380 I/Gecko   (   83): 1398526566385	Marionette	DEBUG	Got request: switchToFrame, data: {"to":"0","sessionId":"3-b2g","name":"switchToFrame","parameters":{"id":null,"focus":true}}, id: {e58daad3-419d-469f-b31a-018dc7764083}
04-26 08:36:06.380 I/Gecko   (   83): 1398526566386	Marionette	INFO	Switched to frame: {"frameValue":null}
04-26 08:36:06.420 I/Gonk    (   83): Setting nice for pid 2031 to 18
04-26 08:36:06.420 I/Gonk    (   83): Changed nice for pid 2031 from 1 to 18.
04-26 08:36:06.520 I/Gecko   (   83): 1398526566529	Marionette	INFO	sendToClient: {"from":"0","ok":true}, {e58daad3-419d-469f-b31a-018dc7764083}, {e58daad3-419d-469f-b31a-018dc7764083}
04-26 08:36:06.540 I/Gecko   (   83): 1398526566544	Marionette	DEBUG	Got request: executeWithCallback, data: {"to":"0","sessionId":"3-b2g","name":"executeAsyncScript","parameters":{"specialPowers":false,"scriptTimeout":null,"newSandbox":true,"args":[],"filename":"gaia_test.py","script":"return GaiaApps.displayedApp();","line":66}}, id: {2e0920ab-aaf7-4b78-b2c7-1103f42405c1}
04-26 08:36:06.690 I/Gecko   (   83): 1398526566698	Marionette	INFO	sendToClient: {"from":"0","value":{"frame":{"ELEMENT":"{9365eb96-d46f-4680-9919-36cd3c3629a5}"},"src":"app://homescreen.gaiamobile.org/index.html#root","name":"Homescreen","origin":"app://homescreen.gaiamobile.org"}}, {2e0920ab-aaf7-4b78-b2c7-1103f42405c1}, {2e0920ab-aaf7-4b78-b2c7-1103f42405c1}
04-26 08:36:06.700 E/GeckoConsole(   83): Content JS LOG at dummy file:392 in GaiaApps.displayedApp: app with origin 'app://homescreen.gaiamobile.org' is displayed
04-26 08:36:06.730 I/Gecko   (   83): 1398526566736	Marionette	DEBUG	Got request: switchToFrame, data: {"to":"0","sessionId":"3-b2g","name":"switchToFrame","parameters":{"focus":true,"element":"{9365eb96-d46f-4680-9919-36cd3c3629a5}"}}, id: {192e62ef-30c1-4143-a038-3f9020facfc7}
04-26 08:36:06.740 I/Gecko   (   83): 1398526566751	Marionette	INFO	Switched to frame: {"frameValue":"{9365eb96-d46f-4680-9919-36cd3c3629a5}"}
04-26 08:36:06.770 I/Gecko   (   83): 1398526566778	Marionette	INFO	trying remote frame 0
04-26 08:36:06.770 I/Gecko   (   83): 1398526566780	Marionette	INFO	trying remote frame 1
04-26 08:36:06.770 I/Gecko   (   83): 1398526566781	Marionette	INFO	trying remote frame 2
04-26 08:36:06.780 I/Gecko   (   83): 1398526566783	Marionette	INFO	deleting frame
04-26 08:36:06.790 I/Gecko   (   83): 1398526566794	Marionette	INFO	frame-manager load script: [object ChromeMessageSender]
04-26 08:36:07.100 I/Gecko   ( 2100): ###################################### forms.js loaded
04-26 08:36:07.190 I/Gecko   ( 2100): ############################### browserElementPanning.js loaded
04-26 08:36:07.210 I/Gecko   ( 2100): ######################## BrowserElementChildPreload.js loaded
04-26 08:36:07.560 I/Gonk    (   83): Setting nice for pid 2111 to 18
04-26 08:36:07.560 I/Gonk    (   83): Changed nice for pid 2111 from 0 to 18.
04-26 08:36:07.710 I/Gecko   (   83): [Parent 83] WARNING: pipe error (101): Connection reset by peer: file ../../../gecko/ipc/chromium/src/chrome/common/ipc_channel_posix.cc, line 446
04-26 08:36:07.760 I/Gecko   (   83): 
04-26 08:36:07.760 I/Gecko   (   83): ###!!! [Parent][MessageChannel] Error: Channel error: cannot send/recv
04-26 08:36:07.760 I/Gecko   (   83): 
04-26 08:36:07.870 I/Gecko   (   83): [Parent 83] WARNING: waitpid failed pid:2031 errno:10: file ../../../gecko/ipc/chromium/src/base/process_util_posix.cc, line 254
04-26 08:36:09.010 I/Gecko   (   83): 1398526569018	Marionette	INFO	sendToClient: {"from":"0","ok":true}, {192e62ef-30c1-4143-a038-3f9020facfc7}, {192e62ef-30c1-4143-a038-3f9020facfc7}
04-26 08:36:09.550 I/Gecko   (   83): 1398526569562	Marionette	INFO	sendToClient: {"from":"0","value":"app://homescreen.gaiamobile.org/index.html#root"}, {d9c4d50e-4d83-42f0-aba0-e41ebe7f51f6}, {d9c4d50e-4d83-42f0-aba0-e41ebe7f51f6}
04-26 08:36:09.720 I/Gecko   (   83): 1398526569726	Marionette	DEBUG	Got request: switchToFrame, data: {"to":"0","sessionId":"3-b2g","name":"switchToFrame","parameters":{"id":null,"focus":true}}, id: {7caa9a5a-462a-47d4-bc51-59c15ad50808}
04-26 08:36:09.730 I/Gecko   (   83): 1398526569739	Marionette	INFO	Switched to frame: {"frameValue":null}
04-26 08:36:09.840 I/Gecko   (   83): 1398526569845	Marionette	INFO	sendToClient: {"from":"0","ok":true}, {7caa9a5a-462a-47d4-bc51-59c15ad50808}, {7caa9a5a-462a-47d4-bc51-59c15ad50808}
04-26 08:36:09.840 I/Gecko   (   83): 1398526569851	Marionette	DEBUG	Got request: switchToFrame, data: {"to":"0","sessionId":"3-b2g","name":"switchToFrame","parameters":{"id":null,"focus":true}}, id: {a64e3839-6f55-4751-b623-58f86f8813ce}
04-26 08:36:09.850 I/Gecko   (   83): 1398526569853	Marionette	INFO	Switched to frame: {"frameValue":null}
04-26 08:36:09.870 I/Gecko   (   83): [Parent 83] WARNING: waitpid failed pid:2031 errno:10: file ../../../gecko/ipc/chromium/src/base/process_util_posix.cc, line 254
04-26 08:36:09.870 I/Gecko   (   83): [Parent 83] WARNING: Failed to deliver SIGKILL to 2031!(3).: file ../../../gecko/ipc/chromium/src/chrome/common/process_watcher_posix_sigchld.cc, line 118
04-26 08:36:09.950 I/Gecko   (   83): 1398526569955	Marionette	INFO	sendToClient: {"from":"0","ok":true}, {a64e3839-6f55-4751-b623-58f86f8813ce}, {a64e3839-6f55-4751-b623-58f86f8813ce}
04-26 08:36:09.950 I/Gecko   (   83): 1398526569961	Marionette	DEBUG	Got request: executeWithCallback, data: {"to":"0","sessionId":"3-b2g","name":"executeAsyncScript","parameters":{"specialPowers":false,"scriptTimeout":null,"newSandbox":true,"args":[],"filename":"gaia_test.py","script":"GaiaApps.killAll()","line":91}}, id: {6ca5c9c5-0040-4814-ad3c-466dd08e622d}
04-26 08:36:10.010 I/Gecko   (   83): 1398526570019	Marionette	INFO	sendToClient: {"from":"0","value":true}, {6ca5c9c5-0040-4814-ad3c-466dd08e622d}, {6ca5c9c5-0040-4814-ad3c-466dd08e622d}
04-26 08:36:10.020 I/Gecko   (   83): 1398526570028	Marionette	DEBUG	Got request: switchToFrame, data: {"to":"0","sessionId":"3-b2g","name":"switchToFrame","parameters":{"id":null,"focus":true}}, id: {7e408623-eda9-4e71-8485-877e5bf70fc0}
04-26 08:36:10.030 I/Gecko   (   83): 1398526570035	Marionette	INFO	Switched to frame: {"frameValue":null}
04-26 08:36:10.130 I/Gecko   (   83): 1398526570139	Marionette	INFO	sendToClient: {"from":"0","ok":true}, {7e408623-eda9-4e71-8485-877e5bf70fc0}, {7e408623-eda9-4e71-8485-877e5bf70fc0}
04-26 08:36:10.140 I/Gecko   (   83): 1398526570145	Marionette	DEBUG	Got request: executeWithCallback, data: {"to":"0","sessionId":"3-b2g","name":"executeAsyncScript","parameters":{"specialPowers":false,"scriptTimeout":60000,"newSandbox":true,"args":[],"filename":"app_checker.py","script":"\n        GaiaApps.locateWithManifestURL('http://fruitslots.justplaymobile.com/fruitslots.webapp',\n                                       null,\n                                       function uninstall(app) {\n                                       navigator.mozApps.mgmt.uninstall(app);\n                                       marionetteScriptFinished(true);\n                                       });\n        ","line":129}}, id: {9bc880b9-fe34-4a7a-87a3-0ef3c0d1cc70}
04-26 08:36:10.190 I/Gecko   (   83): -- webapps.js uninstall http://fruitslots.justplaymobile.com/fruitslots.webapp
04-26 08:36:10.730 I/Gecko   (   83): 1398526570736	Marionette	INFO	sendToClient: {"from":"0","value":true}, {9bc880b9-fe34-4a7a-87a3-0ef3c0d1cc70}, {9bc880b9-fe34-4a7a-87a3-0ef3c0d1cc70}
04-26 08:36:11.080 W/WifiHW  (   83): wifi_command: SIGNAL_POLL