04-25 07:29:17.270 I/Gecko   (   83): 1398436157282	Marionette	INFO	sendToClient: {"from":"0","value":"<div><img src=\"blob:1cde3fc6-2053-400d-a8ce-88b2e42666d8\" style=\"visibility: visible;\" role=\"presentation\" height=\"64\" width=\"64\"><span class=\"labelWrapper\"><span>Browser</span></span></div>"}, {a272d8a2-2460-4f10-a65e-e3f01f0a071f}, {a272d8a2-2460-4f10-a65e-e3f01f0a071f}
04-25 07:29:17.290 I/Gecko   (   83): 1398436157308	Marionette	INFO	sendToClient: {"from":"0","value":"app://homescreen.gaiamobile.org/index.html#root"}, {90cc7dee-075a-477a-9213-640b0d63f276}, {90cc7dee-075a-477a-9213-640b0d63f276}
04-25 07:29:17.300 I/Gecko   (   83): 1398436157315	Marionette	DEBUG	Got request: switchToFrame, data: {"to":"0","sessionId":"3-b2g","name":"switchToFrame","parameters":{"id":null,"focus":true}}, id: {2c85943d-4f95-4e05-b255-c7bf65a7a950}
04-25 07:29:17.320 I/Gecko   (   83): 1398436157340	Marionette	INFO	Switched to frame: {"frameValue":null}
04-25 07:29:18.250 I/Gecko   (   83): 1398436158269	Marionette	INFO	sendToClient: {"from":"0","ok":true}, {2c85943d-4f95-4e05-b255-c7bf65a7a950}, {2c85943d-4f95-4e05-b255-c7bf65a7a950}
04-25 07:29:18.260 I/Gecko   (   83): 1398436158278	Marionette	DEBUG	Got request: switchToFrame, data: {"to":"0","sessionId":"3-b2g","name":"switchToFrame","parameters":{"id":null,"focus":true}}, id: {6641fb0e-da08-4f3c-83e8-88bacc25597d}
04-25 07:29:18.270 I/Gecko   (   83): 1398436158282	Marionette	INFO	Switched to frame: {"frameValue":null}
04-25 07:29:18.380 I/Gecko   (   83): 1398436158393	Marionette	INFO	sendToClient: {"from":"0","ok":true}, {6641fb0e-da08-4f3c-83e8-88bacc25597d}, {6641fb0e-da08-4f3c-83e8-88bacc25597d}
04-25 07:29:18.380 I/Gecko   (   83): 1398436158400	Marionette	DEBUG	Got request: executeWithCallback, data: {"to":"0","sessionId":"3-b2g","name":"executeAsyncScript","parameters":{"specialPowers":false,"scriptTimeout":30000,"newSandbox":true,"args":[],"filename":"app_checker.py","script":"GaiaApps.launchWithManifestURL('http://subgoldnuggets.dseffects.com/GoldNuggets.webapp')","line":106}}, id: {d0cd6d4f-96ba-4b32-86d7-8765a9edc1ca}
04-25 07:29:18.630 E/GeckoConsole(   83): Content JS LOG at dummy file:334 in GaiaApps.launch: launching app with name 'GoldNuggets'
04-25 07:29:18.920 I/Gonk    (   83): Setting nice for pid 7029 to 18
04-25 07:29:18.920 I/Gonk    (   83): Changed nice for pid 7029 from 18 to 18.
04-25 07:29:18.930 I/Gecko   (   83): [Parent 83] WARNING: waitpid failed pid:7029 errno:10: file ../../../gecko/ipc/chromium/src/base/process_util_posix.cc, line 254
04-25 07:29:18.990 I/Gonk    (   83): Setting nice for pid 7029 to 1
04-25 07:29:18.990 I/Gonk    (   83): Changed nice for pid 7029 from 18 to 1.
04-25 07:29:19.280 E/[Gralloc-ERROR](   83): int gralloc_register_buffer(const gralloc_module_t*, const native_handle_t*):79 Unable to register handle 0x46240470 coming from different process: 83
04-25 07:29:19.280 E/[Gralloc-ERROR](   83): int gralloc_register_buffer(const gralloc_module_t*, const native_handle_t*):79 Unable to register handle 0x46240510 coming from different process: 83
04-25 07:29:19.280 E/[Gralloc-ERROR](   83): int gralloc_register_buffer(const gralloc_module_t*, const native_handle_t*):79 Unable to register handle 0x462405b0 coming from different process: 83
04-25 07:29:19.280 E/[Gralloc-ERROR](   83): int gralloc_register_buffer(const gralloc_module_t*, const native_handle_t*):79 Unable to register handle 0x46240650 coming from different process: 83
04-25 07:29:19.750 D/Sensors (   83): activate handle=0; drv=0
04-25 07:29:19.760 D/Sensors (   83): Lis3dhSensor: Control set 1
04-25 07:29:19.760 D/Sensors (   83): Lis3dhSensor: mEnabled = 1
04-25 07:29:20.010 I/Gonk    (   83): Setting nice for pid 6994 to 18
04-25 07:29:20.020 I/Gonk    (   83): Changed nice for pid 6994 from 1 to 18.
04-25 07:29:20.690 I/Gecko   (   83): 
04-25 07:29:20.690 I/Gecko   (   83): ###!!! [Parent][MessageChannel] Error: Channel error: cannot send/recv
04-25 07:29:20.690 I/Gecko   (   83): 
04-25 07:29:20.730 I/Gecko   (   83): [Parent 83] WARNING: waitpid failed pid:6994 errno:10: file ../../../gecko/ipc/chromium/src/base/process_util_posix.cc, line 254
04-25 07:29:21.070 W/WifiHW  (   83): wifi_command: SIGNAL_POLL
04-25 07:29:22.730 I/Gecko   (   83): [Parent 83] WARNING: waitpid failed pid:6994 errno:10: file ../../../gecko/ipc/chromium/src/base/process_util_posix.cc, line 254
04-25 07:29:22.730 I/Gecko   (   83): [Parent 83] WARNING: Failed to deliver SIGKILL to 6994!(3).: file ../../../gecko/ipc/chromium/src/chrome/common/process_watcher_posix_sigchld.cc, line 118
04-25 07:29:24.020 I/Gonk    (   83): Setting nice for pid 7073 to 18
04-25 07:29:24.020 I/Gonk    (   83): Changed nice for pid 7073 from 0 to 18.
04-25 07:29:25.620 E/GeckoConsole( 7029): [JavaScript Warning: "An unbalanced tree was written using document.write() causing data from the network to be reparsed. For more information https://developer.mozilla.org/en/Optimizing_Your_Pages_for_Speculative_Parsing" {file: "http://subgoldnuggets.dseffects.com/GoldNuggets.php?pid=6900" line: 68}]
04-25 07:29:26.070 W/WifiHW  (   83): wifi_command: SIGNAL_POLL
04-25 07:29:26.670 E/GeckoConsole( 7029): [JavaScript Warning: "Unknown property '-moz-border-radius'.  Declaration dropped." {file: "http://subgoldnuggets.dseffects.com/GoldNuggets.php?pid=6900" line: 0 column: 18 source: "-moz-border-radius:16px;-webkit-border-radius:16px;"}]
04-25 07:29:27.200 E/GeckoConsole( 7029): [JavaScript Warning: "Unknown property '-moz-opacity'.  Declaration dropped." {file: "http://subgoldnuggets.dseffects.com/GoldNuggets.php?pid=6900" line: 0 column: 90 source: "position:absolute;top:896px;left:134px;visibility:visible;z-Index:2;opacity:1;-moz-opacity:1;filter:alpha(opacity=100);background-color:#000000;border:1px solid #000;width:500px;height:32px;font-size:24px;color:#ffffff;text-align:center;-moz-border-radius:16;-webkit-border-radius:16px;"}]
04-25 07:29:27.230 E/GeckoConsole( 7029): [JavaScript Warning: "Expected 'none' or URL but found 'alpha('.  Error in parsing value for 'filter'.  Declaration dropped." {file: "http://subgoldnuggets.dseffects.com/GoldNuggets.php?pid=6900" line: 0 column: 100 source: "position:absolute;top:896px;left:134px;visibility:visible;z-Index:2;opacity:1;-moz-opacity:1;filter:alpha(opacity=100);background-color:#000000;border:1px solid #000;width:500px;height:32px;font-size:24px;color:#ffffff;text-align:center;-moz-border-radius:16;-webkit-border-radius:16px;"}]
04-25 07:29:27.370 E/GeckoConsole( 7029): [JavaScript Warning: "Unknown property '-moz-border-radius'.  Declaration dropped." {file: "http://subgoldnuggets.dseffects.com/GoldNuggets.php?pid=6900" line: 0 column: 255 source: "position:absolute;top:896px;left:134px;visibility:visible;z-Index:2;opacity:1;-moz-opacity:1;filter:alpha(opacity=100);background-color:#000000;border:1px solid #000;width:500px;height:32px;font-size:24px;color:#ffffff;text-align:center;-moz-border-radius:16;-webkit-border-radius:16px;"}]
04-25 07:29:27.370 E/GeckoConsole( 7029): [JavaScript Warning: "Unknown property '-moz-opacity'.  Declaration dropped." {file: "http://subgoldnuggets.dseffects.com/GoldNuggets.php?pid=6900" line: 0 column: 90 source: "position:absolute;top:896px;left:134px;visibility:visible;z-Index:3;opacity:1;-moz-opacity:1;filter:alpha(opacity=100);background-color:#00bfdf;width:0px;height:32px;-moz-border-radius:16;-webkit-border-radius:16px;"}]
04-25 07:29:27.370 E/GeckoConsole( 7029): [JavaScript Warning: "Expected 'none' or URL but found 'alpha('.  Error in parsing value for 'filter'.  Declaration dropped." {file: "http://subgoldnuggets.dseffects.com/GoldNuggets.php?pid=6900" line: 0 column: 100 source: "position:absolute;top:896px;left:134px;visibility:visible;z-Index:3;opacity:1;-moz-opacity:1;filter:alpha(opacity=100);background-color:#00bfdf;width:0px;height:32px;-moz-border-radius:16;-webkit-border-radius:16px;"}]
04-25 07:29:27.370 E/GeckoConsole( 7029): [JavaScript Warning: "Unknown property '-moz-border-radius'.  Declaration dropped." {file: "http://subgoldnuggets.dseffects.com/GoldNuggets.php?pid=6900" line: 0 column: 184 source: "position:absolute;top:896px;left:134px;visibility:visible;z-Index:3;opacity:1;-moz-opacity:1;filter:alpha(opacity=100);background-color:#00bfdf;width:0px;height:32px;-moz-border-radius:16;-webkit-border-radius:16px;"}]
04-25 07:29:27.730 E/GeckoConsole( 7029): [JavaScript Warning: "Unknown property '-moz-opacity'.  Declaration dropped." {file: "http://subgoldnuggets.dseffects.com/GoldNuggets.php?pid=6900" line: 0 column: 87 source: "position:absolute;top:0px;left:0px;z-Index:1;visibility:hidden;opacity:0.6;-moz-opacity:0.6;filter:alpha(opacity=60);"}]
04-25 07:29:27.730 E/GeckoConsole( 7029): [JavaScript Warning: "Expected 'none' or URL but found 'alpha('.  Error in parsing value for 'filter'.  Declaration dropped." {file: "http://subgoldnuggets.dseffects.com/GoldNuggets.php?pid=6900" line: 0 column: 99 source: "position:absolute;top:0px;left:0px;z-Index:1;visibility:hidden;opacity:0.6;-moz-opacity:0.6;filter:alpha(opacity=60);"}]
04-25 07:29:27.750 E/GeckoConsole( 7029): [JavaScript Warning: "Unknown property '-moz-opacity'.  Declaration dropped." {file: "http://subgoldnuggets.dseffects.com/GoldNuggets.php?pid=6900" line: 0 column: 77 source: "position:absolute;top:0px;left:0px;visibility:hidden;opacity:0.5;-moz-opacity:0.6;filter:alpha(opacity=60);z-Index:7;"}]
04-25 07:29:27.750 E/GeckoConsole( 7029): [JavaScript Warning: "Expected 'none' or URL but found 'alpha('.  Error in parsing value for 'filter'.  Declaration dropped." {file: "http://subgoldnuggets.dseffects.com/GoldNuggets.php?pid=6900" line: 0 column: 89 source: "position:absolute;top:0px;left:0px;visibility:hidden;opacity:0.5;-moz-opacity:0.6;filter:alpha(opacity=60);z-Index:7;"}]
04-25 07:29:27.960 E/GeckoConsole( 7029): [JavaScript Error: "The character encoding of the HTML document was not declared. The document will render with garbled text in some browser configurations if the document contains characters from outside the US-ASCII range. The character encoding of the page must be declared in the document or in the transfer protocol." {file: "http://subgoldnuggets.dseffects.com/GoldNuggets.php?pid=6900" line: 0}]
04-25 07:29:31.070 W/WifiHW  (   83): wifi_command: SIGNAL_POLL
04-25 07:29:33.540 I/Gecko   ( 7073): ###################################### forms.js loaded
04-25 07:29:33.670 I/Gecko   ( 7073): ############################### browserElementPanning.js loaded
04-25 07:29:33.720 I/Gecko   ( 7073): ######################## BrowserElementChildPreload.js loaded
04-25 07:29:36.390 W/WifiHW  (   83): wifi_command: SIGNAL_POLL
04-25 07:29:40.060 E/Profiler(   83): BPUnw: [1 total] thread_unregister_for_profiling(me=0x1455da8)  (NOT REGISTERED) 
04-25 07:29:40.110 E/Profiler(   83): BPUnw: [1 total] thread_unregister_for_profiling(me=0x1455608)  (NOT REGISTERED) 
04-25 07:29:40.170 E/Profiler(   83): BPUnw: [1 total] thread_unregister_for_profiling(me=0x1454d38)  (NOT REGISTERED) 
04-25 07:29:40.560 E/Profiler(   83): BPUnw: [1 total] thread_unregister_for_profiling(me=0x1453630)  (NOT REGISTERED) 
04-25 07:29:40.610 E/Profiler(   83): BPUnw: [1 total] thread_unregister_for_profiling(me=0x1455d28)  (NOT REGISTERED) 
04-25 07:29:41.540 W/WifiHW  (   83): wifi_command: SIGNAL_POLL
04-25 07:29:49.070 I/Gecko   (   83): [Parent 83] WARNING: pipe error (71): Connection reset by peer: file ../../../gecko/ipc/chromium/src/chrome/common/ipc_channel_posix.cc, line 446
04-25 07:29:49.070 I/Gecko   (   83): [Parent 83] WARNING: pipe error (115): Connection reset by peer: file ../../../gecko/ipc/chromium/src/chrome/common/ipc_channel_posix.cc, line 446
04-25 07:29:49.090 I/Gecko   (   83): [Parent 83] WARNING: pipe error (135): Connection reset by peer: file ../../../gecko/ipc/chromium/src/chrome/common/ipc_channel_posix.cc, line 446
04-25 07:29:52.640 I/GonkMemoryPressure( 7029): Checking to see if memory pressure is over.
04-25 07:29:52.640 I/GonkMemoryPressure(   83): Checking to see if memory pressure is over.
04-25 07:29:52.650 I/GonkMemoryPressure(   83): Memory pressure is over.
04-25 07:29:52.650 I/GonkMemoryPressure( 7073): Checking to see if memory pressure is over.
04-25 07:29:52.660 I/GonkMemoryPressure( 7029): Memory pressure is over.
04-25 07:29:55.010 I/GonkMemoryPressure( 7073): Memory pressure is over.
04-25 07:29:57.680 I/GonkMemoryPressure( 7029): Checking to see if memory pressure is over.
04-25 07:29:57.680 I/GonkMemoryPressure( 7029): Memory pressure is over.
04-25 07:29:57.680 I/GonkMemoryPressure(   83): Checking to see if memory pressure is over.
04-25 07:29:57.680 I/GonkMemoryPressure(   83): Memory pressure is over.
04-25 07:29:59.430 E/GeckoConsole( 7029): Content JS WARN at http://connect.facebook.net/en_US/all.js#xfbml=1:53 in i: Invalid App Id: Must be a number or numeric string representing the application id.
04-25 07:29:59.430 E/GeckoConsole( 7029): Content JS WARN at http://connect.facebook.net/en_US/all.js#xfbml=1:53 in i: FB.getLoginStatus() called before calling FB.init().
04-25 07:30:00.460 I/GonkMemoryPressure( 7073): Checking to see if memory pressure is over.
04-25 07:30:00.460 I/GonkMemoryPressure( 7073): Memory pressure is over.
04-25 07:30:02.890 W/WifiHW  (   83): wifi_command: SIGNAL_POLL
04-25 07:30:03.560 E/GeckoConsole( 7029): [JavaScript Warning: "Content Security Policy: allow directive is deprecated, use the equivalent default-src directive instead"]
04-25 07:30:04.080 E/GeckoConsole( 7029): [JavaScript Warning: "The X-Content-Security-Policy and X-Content-Security-Report-Only headers will be deprecated in the future. Please use the Content-Security-Policy and Content-Security-Report-Only headers with CSP spec compliant syntax instead." {file: "https://s-static.ak.facebook.com/connect/xd_arbiter/dgdTycPTSRj.js?version=40#channel=f2caed7ef1bd72e&origin=http%3A%2F%2Fsubgoldnuggets.dseffects.com" line: 0}]
04-25 07:30:05.150 I/Gecko   (   83): 1398436205108	Marionette	INFO	sendToClient: {"from":"0","error":{"message":"timed out","status":28,"stacktrace":null}}, {d0cd6d4f-96ba-4b32-86d7-8765a9edc1ca}, {d0cd6d4f-96ba-4b32-86d7-8765a9edc1ca}
04-25 07:30:05.740 E/GeckoConsole( 7029): [JavaScript Warning: "Error in parsing value for 'word-break'.  Declaration dropped." {file: "http://googleads.g.doubleclick.net/pagead/ads?client=ca-pub-4043932294023609&output=html&h=60&slotname=2361238819&adk=978157237&w=468&lmt=1398436160&ea=0&flash=0&url=http%3A%2F%2Fsubgoldnuggets.dseffects.com%2FGoldNuggets.php%3Fpid%3D6900&dt=1398436165760&bpp=158&bdt=4984&shv=r20140422&cbv=r20140417&saldr=sa&correlator=1398436171902&frm=20&ga_vid=337663877.1398436176&ga_sid=1398436176&ga_hid=799959775&ga_fc=0&u_tz=-420&u_his=1&u_java=0&u_h=480&u_w=320&u_ah=480&u_aw=320&u_cd=16&u_nplug=0&u_nmime=0&dff=sans-serif&dfs=16&adx=-74&ady=0&biw=320&bih=460&eid=317150304&oid=3&rx=0&eae=4&fc=2&vis=1&fu=0&ifi=1&dtd=M" line: 22 column: 556 source: "#adunit {background-color: #ffffff;height: 60px;width: 468px;}#ads {height: 60px;left: 0px;position: absolute;top: 0px;width: 468px;}#ads ul{list-style: none;}#ads ul li {clear: both;float: left;line-height: 0;overflow: hidden;position: relative;  }#ads table {border-collapse: collaps
04-25 07:30:05.770 E/GeckoConsole( 7029): [JavaScript Warning: "Error in parsing value for 'fill'.  Declaration dropped." {file: "http://googleads.g.doubleclick.net/pagead/ads?client=ca-pub-4043932294023609&output=html&h=60&slotname=2361238819&adk=978157237&w=468&lmt=1398436160&ea=0&flash=0&url=http%3A%2F%2Fsubgoldnuggets.dseffects.com%2FGoldNuggets.php%3Fpid%3D6900&dt=1398436165760&bpp=158&bdt=4984&shv=r20140422&cbv=r20140417&saldr=sa&correlator=1398436171902&frm=20&ga_vid=337663877.1398436176&ga_sid=1398436176&ga_hid=799959775&ga_fc=0&u_tz=-420&u_his=1&u_java=0&u_h=480&u_w=320&u_ah=480&u_aw=320&u_cd=16&u_nplug=0&u_nmime=0&dff=sans-serif&dfs=16&adx=-74&ady=0&biw=320&bih=460&eid=317150304&oid=3&rx=0&eae=4&fc=2&vis=1&fu=0&ifi=1&dtd=M" line: 22 column: 1195 source: "#adunit {background-color: #ffffff;height: 60px;width: 468px;}#ads {height: 60px;left: 0px;position: absolute;top: 0px;width: 468px;}#ads ul{list-style: none;}#ads ul li {clear: both;float: left;line-height: 0;overflow: hidden;position: relative;  }#ads table {border-collapse: collapse;bor
04-25 07:30:08.780 I/Gecko   (   83): [Parent 83] WARNING: pipe error: Broken pipe: file ../../../gecko/ipc/chromium/src/chrome/common/ipc_channel_posix.cc, line 710
04-25 07:30:08.780 I/Gecko   (   83): [Parent 83] WARNING: pipe error: Broken pipe: file ../../../gecko/ipc/chromium/src/chrome/common/ipc_channel_posix.cc, line 710
04-25 07:30:08.780 I/Gecko   (   83): [Parent 83] WARNING: pipe error: Broken pipe: file ../../../gecko/ipc/chromium/src/chrome/common/ipc_channel_posix.cc, line 710
04-25 07:30:08.780 I/Gecko   (   83): [Parent 83] WARNING: pipe error: Broken pipe: file ../../../gecko/ipc/chromium/src/chrome/common/ipc_channel_posix.cc, line 710
04-25 07:30:08.780 I/Gecko   (   83): [Parent 83] WARNING: pipe error (71): Connection reset by peer: file ../../../gecko/ipc/chromium/src/chrome/common/ipc_channel_posix.cc, line 446
04-25 07:30:09.050 W/WifiHW  (   83): wifi_command: SIGNAL_POLL
04-25 07:30:09.070 I/Gecko   (   83): 
04-25 07:30:09.070 I/Gecko   (   83): ###!!! [Parent][OnMaybeDequeueOne] Error: Channel error: cannot send/recv
04-25 07:30:09.070 I/Gecko   (   83): 
04-25 07:30:09.180 I/Gecko   (   83): 
04-25 07:30:09.180 I/Gecko   (   83): ###!!! [Parent][OnMaybeDequeueOne] Error: Channel error: cannot send/recv
04-25 07:30:09.180 I/Gecko   (   83): 
04-25 07:30:09.500 I/Gecko   (   83): [Parent 83] WARNING: FileDescriptorSet destroyed with unconsumed descriptors: file ../../../gecko/ipc/chromium/src/chrome/common/file_descriptor_set_posix.cc, line 20
04-25 07:30:09.510 I/Gecko   (   83): [Parent 83] WARNING: FileDescriptorSet destroyed with unconsumed descriptors: file ../../../gecko/ipc/chromium/src/chrome/common/file_descriptor_set_posix.cc, line 20