04-28 00:52:24.413 I/audio_pga(   88): 'VBC DACL DG Set' set to 0
04-28 00:52:24.413 I/audio_pga(   88): 'VBC DACL DG Switch' set to 0
04-28 00:52:24.413 D/audio_pga(   88): 'speaker-r' apply
04-28 00:52:24.413 I/audio_pga(   88): 'Master Playback Volume' set to 12
04-28 00:52:24.413 I/audio_pga(   88): 'Inter PA Playback Volume' set to 12
04-28 00:52:24.413 I/audio_pga(   88): 'VBC DACR DG Set' set to 0
04-28 00:52:24.413 I/audio_pga(   88): 'VBC DACR DG Switch' set to 0
04-28 00:52:24.413 W/audio_hw_primary(   88): SetAudio_gain_by_devices out, devices:0x2 
04-28 00:52:24.413 I/audio_hw_primary(   88): stream_routing_thread looping done.
04-28 00:52:24.413 I/audio_hw_primary(   88): stream_routing_thread looping now...
04-28 00:52:27.283 W/WifiHW  (   83): wifi_command: SIGNAL_POLL
04-28 00:52:27.413 I/GonkMemoryPressure( 2477): Checking to see if memory pressure is over.
04-28 00:52:27.413 I/GonkMemoryPressure(   83): Checking to see if memory pressure is over.
04-28 00:52:27.413 I/GonkMemoryPressure(   83): Memory pressure is over.
04-28 00:52:27.423 I/GonkMemoryPressure( 2477): Memory pressure is over.
04-28 00:52:28.103 E/Profiler(   83): BPUnw: [1 total] thread_unregister_for_profiling(me=0x175fe40)  (NOT REGISTERED) 
04-28 00:52:28.103 E/Profiler(   83): BPUnw: [1 total] thread_unregister_for_profiling(me=0x175ff00)  (NOT REGISTERED) 
04-28 00:52:28.463 I/Gonk    (   83): Setting nice for pid 2586 to 18
04-28 00:52:28.463 E/Profiler(   83): BPUnw: [1 total] thread_unregister_for_profiling(me=0x175fec0)  (NOT REGISTERED) 
04-28 00:52:28.463 I/Gonk    (   83): Changed nice for pid 2586 from 0 to 18.
04-28 00:52:28.663 I/Gecko   (   83): 1398671548656	Marionette	INFO	sendToClient: {"from":"0","ok":true}, {86a30ad5-aacb-41c1-9ca6-768f1f949003}, {86a30ad5-aacb-41c1-9ca6-768f1f949003}
04-28 00:52:28.693 E/Profiler(   83): BPUnw: [1 total] thread_unregister_for_profiling(me=0x175ed00)  (NOT REGISTERED) 
04-28 00:52:28.843 I/Gecko   (   83): 1398671548858	Marionette	DEBUG	Got request: executeWithCallback, data: {"to":"0","sessionId":"3-b2g","name":"executeAsyncScript","parameters":{"specialPowers":false,"scriptTimeout":null,"newSandbox":true,"args":[],"filename":"gaia_test.py","script":"return GaiaApps.displayedApp();","line":66}}, id: {e883d727-80e6-49ab-ac4b-774f068c877c}
04-28 00:52:29.213 E/GeckoConsole(   83): Content JS LOG at dummy file:392 in GaiaApps.displayedApp: app with origin 'app://{0b3b5f07-0260-4731-9d20-87e06cbfdae8}' is displayed
04-28 00:52:29.223 I/Gecko   (   83): 1398671549236	Marionette	INFO	sendToClient: {"from":"0","value":{"frame":{"ELEMENT":"{afca609e-1720-453a-9513-3942ac515c68}"},"src":"app://{0b3b5f07-0260-4731-9d20-87e06cbfdae8}/index.html","name":"Hangman","origin":"app://{0b3b5f07-0260-4731-9d20-87e06cbfdae8}"}}, {e883d727-80e6-49ab-ac4b-774f068c877c}, {e883d727-80e6-49ab-ac4b-774f068c877c}
04-28 00:52:29.233 I/Gecko   (   83): 1398671549247	Marionette	DEBUG	Got request: switchToFrame, data: {"to":"0","sessionId":"3-b2g","name":"switchToFrame","parameters":{"id":null,"focus":true}}, id: {886e8bcf-9c85-4ff3-9c2c-0bd48c771e52}
04-28 00:52:29.243 I/Gecko   (   83): 1398671549259	Marionette	INFO	Switched to frame: {"frameValue":null}
04-28 00:52:29.363 E/Profiler(   83): BPUnw: [1 total] thread_unregister_for_profiling(me=0x175fe80)  (NOT REGISTERED) 
04-28 00:52:29.383 I/Gecko   (   83): 1398671549392	Marionette	INFO	sendToClient: {"from":"0","ok":true}, {886e8bcf-9c85-4ff3-9c2c-0bd48c771e52}, {886e8bcf-9c85-4ff3-9c2c-0bd48c771e52}
04-28 00:52:29.393 I/Gecko   (   83): 1398671549402	Marionette	DEBUG	Got request: execute, data: {"to":"0","sessionId":"3-b2g","name":"executeScript","parameters":{"specialPowers":false,"scriptTimeout":null,"newSandbox":true,"args":[],"filename":"gaia_test.py","script":"window.wrappedJSObject.dispatchEvent(new Event('home'));","line":788}}, id: {232cb625-49b4-46d2-83c1-8c63483b0056}
04-28 00:52:29.673 I/Gonk    (   83): Setting nice for pid 2586 to 18
04-28 00:52:29.673 I/Gonk    (   83): Changed nice for pid 2586 from 18 to 18.
04-28 00:52:29.673 I/Gecko   (   83): [Parent 83] WARNING: waitpid failed pid:2586 errno:10: file ../../../gecko/ipc/chromium/src/base/process_util_posix.cc, line 254
04-28 00:52:29.703 I/Gonk    (   83): Setting nice for pid 2586 to 1
04-28 00:52:29.703 I/Gonk    (   83): Changed nice for pid 2586 from 18 to 1.
04-28 00:52:30.893 I/InputReader(   83): Reconfiguring input devices.  changes=0x00000004
04-28 00:52:30.893 I/InputReader(   83): Device reconfigured: id=6, name='ms-msg21xx', size 320x480, orientation 0, mode 1, display id 0
04-28 00:52:31.223 E/[Gralloc-ERROR](   83): int gralloc_register_buffer(const gralloc_module_t*, const native_handle_t*):79 Unable to register handle 0x442d3290 coming from different process: 83
04-28 00:52:31.233 E/GeckoConsole( 2477): Content JS LOG at app://{0b3b5f07-0260-4731-9d20-87e06cbfdae8}/src/scenes.js:35 in anonymous: GAME MENU SCREEN
04-28 00:52:31.303 E/GeckoConsole( 2477): Content JS LOG at app://{0b3b5f07-0260-4731-9d20-87e06cbfdae8}/src/audio.js:65 in playBgMusic: play bg music  false BgmMenu false
04-28 00:52:31.303 E/GeckoConsole( 2477): Content JS LOG at app://{0b3b5f07-0260-4731-9d20-87e06cbfdae8}/src/audio.js:75 in playBgMusic: bg menu setted to true now
04-28 00:52:31.373 E/[Gralloc-ERROR](   83): int gralloc_register_buffer(const gralloc_module_t*, const native_handle_t*):79 Unable to register handle 0x442d3420 coming from different process: 83
04-28 00:52:32.263 I/GonkMemoryPressure( 2586): Checking to see if memory pressure is over.
04-28 00:52:32.263 I/GonkMemoryPressure( 2586): Memory pressure is over.
04-28 00:52:32.553 V/AudioPolicyManagerBase(   88): stopOutput() output 1, stream 1, session 6
04-28 00:52:32.553 V/AudioPolicyManagerBase(   88): changeRefCount() stream 1, count 0
04-28 00:52:32.553 V/AudioPolicyManagerBase(   88): getNewDevice() selected device 0
04-28 00:52:32.553 D/AudioPolicyManagerBase(   88): setOutputDevice() output 1 device 0 delayMs 290
04-28 00:52:32.553 V/AudioPolicyManagerBase(   88): setOutputDevice() setting same device 0 or null device for output 1
04-28 00:52:32.683 V/AudioPolicyManagerBase(   88): releaseOutput() 1
04-28 00:52:32.823 I/Gecko   (   83): 1398671552831	Marionette	INFO	sendToClient: {"from":"0","value":null}, {232cb625-49b4-46d2-83c1-8c63483b0056}, {232cb625-49b4-46d2-83c1-8c63483b0056}
04-28 00:52:33.053 E/[Gralloc-ERROR](   83): int gralloc_unregister_buffer(const gralloc_module_t*, const native_handle_t*):274 Trying to unregister buffer 0x454ee9c0 from process 83 that was not created in current process: 83
04-28 00:52:33.053 E/[Gralloc-ERROR](   83): int gralloc_unregister_buffer(const gralloc_module_t*, const native_handle_t*):274 Trying to unregister buffer 0x454eea60 from process 83 that was not created in current process: 83
04-28 00:52:33.383 W/WifiHW  (   83): wifi_command: SIGNAL_POLL
04-28 00:52:33.923 I/Gecko   (   83): 1398671553936	Marionette	DEBUG	Got request: switchToFrame, data: {"to":"0","sessionId":"3-b2g","name":"switchToFrame","parameters":{"id":null,"focus":true}}, id: {917c9b5d-3014-4707-a712-23029b9ff451}
04-28 00:52:33.943 I/Gecko   (   83): 1398671553951	Marionette	INFO	Switched to frame: {"frameValue":null}
04-28 00:52:33.963 I/Gonk    (   83): Setting nice for pid 2477 to 18
04-28 00:52:33.963 I/Gonk    (   83): Changed nice for pid 2477 from 1 to 18.
04-28 00:52:34.073 I/Gecko   (   83): 1398671554084	Marionette	INFO	sendToClient: {"from":"0","ok":true}, {917c9b5d-3014-4707-a712-23029b9ff451}, {917c9b5d-3014-4707-a712-23029b9ff451}
04-28 00:52:34.083 I/Gecko   (   83): 1398671554095	Marionette	DEBUG	Got request: executeWithCallback, data: {"to":"0","sessionId":"3-b2g","name":"executeAsyncScript","parameters":{"specialPowers":false,"scriptTimeout":null,"newSandbox":true,"args":[],"filename":"gaia_test.py","script":"return GaiaApps.displayedApp();","line":66}}, id: {00cb7029-837e-498f-8b93-597fafb92828}
04-28 00:52:34.273 E/GeckoConsole(   83): Content JS LOG at dummy file:392 in GaiaApps.displayedApp: app with origin 'app://homescreen.gaiamobile.org' is displayed
04-28 00:52:34.273 I/Gecko   (   83): 1398671554287	Marionette	INFO	sendToClient: {"from":"0","value":{"frame":{"ELEMENT":"{00567ead-1d04-409f-ae19-d58b97336349}"},"src":"app://homescreen.gaiamobile.org/index.html#root","name":"Homescreen","origin":"app://homescreen.gaiamobile.org"}}, {00cb7029-837e-498f-8b93-597fafb92828}, {00cb7029-837e-498f-8b93-597fafb92828}
04-28 00:52:34.323 I/Gecko   (   83): 1398671554333	Marionette	DEBUG	Got request: switchToFrame, data: {"to":"0","sessionId":"3-b2g","name":"switchToFrame","parameters":{"id":null,"focus":true}}, id: {e32a3d50-4d89-4338-99e9-b32e670124f5}
04-28 00:52:34.323 I/Gecko   (   83): 1398671554335	Marionette	INFO	Switched to frame: {"frameValue":null}
04-28 00:52:34.423 I/Gecko   (   83): 1398671554439	Marionette	INFO	sendToClient: {"from":"0","ok":true}, {e32a3d50-4d89-4338-99e9-b32e670124f5}, {e32a3d50-4d89-4338-99e9-b32e670124f5}
04-28 00:52:34.433 I/Gecko   (   83): 1398671554445	Marionette	DEBUG	Got request: switchToFrame, data: {"to":"0","sessionId":"3-b2g","name":"switchToFrame","parameters":{"id":null,"focus":true}}, id: {3abf2929-9f62-49c1-a83a-e60ceef564e8}
04-28 00:52:34.443 I/Gecko   (   83): 1398671554453	Marionette	INFO	Switched to frame: {"frameValue":null}
04-28 00:52:34.573 I/Gecko   (   83): 1398671554587	Marionette	INFO	sendToClient: {"from":"0","ok":true}, {3abf2929-9f62-49c1-a83a-e60ceef564e8}, {3abf2929-9f62-49c1-a83a-e60ceef564e8}
04-28 00:52:34.583 I/Gecko   (   83): 1398671554596	Marionette	DEBUG	Got request: executeWithCallback, data: {"to":"0","sessionId":"3-b2g","name":"executeAsyncScript","parameters":{"specialPowers":false,"scriptTimeout":null,"newSandbox":true,"args":[],"filename":"gaia_test.py","script":"return GaiaApps.displayedApp();","line":66}}, id: {507892db-3c0c-4c7b-bb68-48b5a2606bb2}
04-28 00:52:34.643 I/Gecko   (   83): 1398671554657	Marionette	INFO	sendToClient: {"from":"0","value":{"frame":{"ELEMENT":"{00567ead-1d04-409f-ae19-d58b97336349}"},"src":"app://homescreen.gaiamobile.org/index.html#root","name":"Homescreen","origin":"app://homescreen.gaiamobile.org"}}, {507892db-3c0c-4c7b-bb68-48b5a2606bb2}, {507892db-3c0c-4c7b-bb68-48b5a2606bb2}
04-28 00:52:34.653 E/GeckoConsole(   83): Content JS LOG at dummy file:392 in GaiaApps.displayedApp: app with origin 'app://homescreen.gaiamobile.org' is displayed
04-28 00:52:34.663 I/Gecko   (   83): 1398671554672	Marionette	DEBUG	Got request: switchToFrame, data: {"to":"0","sessionId":"3-b2g","name":"switchToFrame","parameters":{"focus":true,"element":"{00567ead-1d04-409f-ae19-d58b97336349}"}}, id: {e55a5e27-af44-491a-a028-9dc2803dfe19}
04-28 00:52:34.753 I/Gecko   (   83): 1398671554768	Marionette	INFO	Switched to frame: {"frameValue":"{00567ead-1d04-409f-ae19-d58b97336349}"}
04-28 00:52:34.793 I/Gecko   (   83): 1398671554804	Marionette	INFO	trying remote frame 0
04-28 00:52:34.853 I/Gecko   (   83): 1398671554867	Marionette	INFO	trying remote frame 1
04-28 00:52:34.893 I/Gecko   (   83): 1398671554904	Marionette	INFO	trying remote frame 2
04-28 00:52:34.893 I/Gecko   (   83): 1398671554905	Marionette	INFO	trying remote frame 3
04-28 00:52:34.913 I/Gecko   (   83): 1398671554927	Marionette	INFO	frame-manager load script: [object ChromeMessageSender]
04-28 00:52:34.963 I/Gonk    (   83): Setting nice for pid 2599 to 18
04-28 00:52:34.973 I/Gonk    (   83): Changed nice for pid 2599 from 0 to 18.
04-28 00:52:35.633 I/Gecko   (   83): [Parent 83] WARNING: pipe error (137): Connection reset by peer: file ../../../gecko/ipc/chromium/src/chrome/common/ipc_channel_posix.cc, line 446
04-28 00:52:35.653 I/Gecko   (   83): 
04-28 00:52:35.653 I/Gecko   (   83): ###!!! [Parent][MessageChannel] Error: Channel error: cannot send/recv
04-28 00:52:35.653 I/Gecko   (   83): 
04-28 00:52:35.663 W/audio_hw_primary(   88): do_output_standby.mode:0 
04-28 00:52:35.713 I/GeckoDump(   83): Crash reporter : Can't fetch app.reportCrashes. Exception: [Exception... "Component returned failure code: 0x8000ffff (NS_ERROR_UNEXPECTED) [nsIPrefBranch.getBoolPref]"  nsresult: "0x8000ffff (NS_ERROR_UNEXPECTED)"  location: "JS frame :: chrome://browser/content/shell.js :: shell_reportCrash :: line 7"  data: no]
04-28 00:52:35.783 I/Gecko   (   83): [Parent 83] WARNING: waitpid failed pid:2477 errno:10: file ../../../gecko/ipc/chromium/src/base/process_util_posix.cc, line 254
04-28 00:52:35.933 I/Gecko   ( 2586): ###################################### forms.js loaded
04-28 00:52:35.963 I/Gecko   ( 2586): ############################### browserElementPanning.js loaded
04-28 00:52:35.983 I/Gecko   ( 2586): ######################## BrowserElementChildPreload.js loaded
04-28 00:52:37.213 I/Gecko   (   83): 1398671557221	Marionette	INFO	sendToClient: {"from":"0","ok":true}, {e55a5e27-af44-491a-a028-9dc2803dfe19}, {e55a5e27-af44-491a-a028-9dc2803dfe19}
04-28 00:52:37.613 I/Gecko   (   83): 1398671557627	Marionette	INFO	sendToClient: {"from":"0","value":"app://homescreen.gaiamobile.org/index.html#root"}, {835c897f-f084-49a8-ac5b-942916fed03d}, {835c897f-f084-49a8-ac5b-942916fed03d}
04-28 00:52:37.643 I/Gecko   (   83): 1398671557655	Marionette	DEBUG	Got request: switchToFrame, data: {"to":"0","sessionId":"3-b2g","name":"switchToFrame","parameters":{"id":null,"focus":true}}, id: {6be5fc34-afed-4db7-85fd-49fad41b2f1f}
04-28 00:52:37.673 I/Gecko   (   83): 1398671557685	Marionette	INFO	Switched to frame: {"frameValue":null}
04-28 00:52:37.793 I/Gecko   (   83): [Parent 83] WARNING: waitpid failed pid:2477 errno:10: file ../../../gecko/ipc/chromium/src/base/process_util_posix.cc, line 254
04-28 00:52:37.793 I/Gecko   (   83): [Parent 83] WARNING: Failed to deliver SIGKILL to 2477!(3).: file ../../../gecko/ipc/chromium/src/chrome/common/process_watcher_posix_sigchld.cc, line 118
04-28 00:52:37.803 I/Gecko   (   83): 1398671557819	Marionette	INFO	sendToClient: {"from":"0","ok":true}, {6be5fc34-afed-4db7-85fd-49fad41b2f1f}, {6be5fc34-afed-4db7-85fd-49fad41b2f1f}
04-28 00:52:37.823 I/Gecko   (   83): 1398671557839	Marionette	DEBUG	Got request: switchToFrame, data: {"to":"0","sessionId":"3-b2g","name":"switchToFrame","parameters":{"id":null,"focus":true}}, id: {b9f461a1-db18-4945-805f-dddaec2fd0f1}
04-28 00:52:37.833 I/Gecko   (   83): 1398671557841	Marionette	INFO	Switched to frame: {"frameValue":null}
04-28 00:52:37.933 I/Gecko   (   83): 1398671557944	Marionette	INFO	sendToClient: {"from":"0","ok":true}, {b9f461a1-db18-4945-805f-dddaec2fd0f1}, {b9f461a1-db18-4945-805f-dddaec2fd0f1}
04-28 00:52:37.943 I/Gecko   (   83): 1398671557951	Marionette	DEBUG	Got request: executeWithCallback, data: {"to":"0","sessionId":"3-b2g","name":"executeAsyncScript","parameters":{"specialPowers":false,"scriptTimeout":null,"newSandbox":true,"args":[],"filename":"gaia_test.py","script":"GaiaApps.killAll()","line":91}}, id: {1907a122-ee08-4aef-86cb-26bd1e5ac20c}
04-28 00:52:38.363 E/GeckoConsole(   83): Content JS LOG at dummy file:266 in GaiaApps.kill: terminating app with origin 'app://browser.gaiamobile.org'
04-28 00:52:38.363 E/GeckoConsole(   83): Content JS LOG at dummy file:258 in GaiaApps.kill/gt_onAppTerminated/<: app with origin 'app://browser.gaiamobile.org' has terminated
04-28 00:52:38.843 V/AudioPolicyManagerBase(   88): startOutput() output 1, stream 1, session 7
04-28 00:52:38.843 V/AudioPolicyManagerBase(   88): changeRefCount() stream 1, count 1
04-28 00:52:38.843 V/AudioPolicyManagerBase(   88): getDeviceForStrategy() from cache strategy 0, device 2
04-28 00:52:38.843 V/AudioPolicyManagerBase(   88): getNewDevice() selected device 2
04-28 00:52:38.843 D/AudioPolicyManagerBase(   88): setOutputDevice() output 1 device 2 delayMs 0
04-28 00:52:38.843 V/AudioPolicyManagerBase(   88): setOutputDevice() setting same device 2 or null device for output 1
04-28 00:52:38.843 E/AudioPolicyManagerBase(   88): checkAndSetVolume stream=1, index=0, output=1, device=2
04-28 00:52:38.843 E/AudioPolicyManagerBase(   88): computeVolume, streamDesc=0x134dbb8
04-28 00:52:38.893 W/AudioFlinger(   88): Thread AudioOut_1 cannot connect to the power manager service
04-28 00:52:38.893 V/AudioPolicyManagerBase(   88): stopOutput() output 1, stream 1, session 7
04-28 00:52:38.893 V/AudioPolicyManagerBase(   88): changeRefCount() stream 1, count 0
04-28 00:52:38.893 V/AudioPolicyManagerBase(   88): getNewDevice() selected device 0
04-28 00:52:38.893 D/AudioPolicyManagerBase(   88): setOutputDevice() output 1 device 0 delayMs 290
04-28 00:52:38.893 V/AudioPolicyManagerBase(   88): setOutputDevice() setting same device 0 or null device for output 1
04-28 00:52:38.903 V/AudioPolicyManagerBase(   88): startOutput() output 1, stream 1, session 7
04-28 00:52:38.903 V/AudioPolicyManagerBase(   88): changeRefCount() stream 1, count 1
04-28 00:52:38.903 V/AudioPolicyManagerBase(   88): getDeviceForStrategy() from cache strategy 0, device 2
04-28 00:52:38.903 V/AudioPolicyManagerBase(   88): getNewDevice() selected device 2
04-28 00:52:38.903 D/AudioPolicyManagerBase(   88): setOutputDevice() output 1 device 2 delayMs 0
04-28 00:52:38.903 V/AudioPolicyManagerBase(   88): setOutputDevice() setting same device 2 or null device for output 1
04-28 00:52:38.903 E/AudioPolicyManagerBase(   88): checkAndSetVolume stream=1, index=0, output=1, device=2
04-28 00:52:38.903 E/AudioPolicyManagerBase(   88): computeVolume, streamDesc=0x134dbb8
04-28 00:52:38.903 V/AudioPolicyManagerBase(   88): stopOutput() output 1, stream 1, session 7
04-28 00:52:38.903 V/AudioPolicyManagerBase(   88): changeRefCount() stream 1, count 0
04-28 00:52:38.903 V/AudioPolicyManagerBase(   88): getNewDevice() selected device 0
04-28 00:52:38.903 D/AudioPolicyManagerBase(   88): setOutputDevice() output 1 device 0 delayMs 290
04-28 00:52:38.903 V/AudioPolicyManagerBase(   88): setOutputDevice() setting same device 0 or null device for output 1
04-28 00:52:38.913 V/AudioPolicyManagerBase(   88): releaseOutput() 1
04-28 00:52:38.923 I/Gecko   (   83): 1398671558939	Marionette	INFO	sendToClient: {"from":"0","value":true}, {1907a122-ee08-4aef-86cb-26bd1e5ac20c}, {1907a122-ee08-4aef-86cb-26bd1e5ac20c}
04-28 00:52:38.933 W/WifiHW  (   83): wifi_command: SIGNAL_POLL