--------- beginning of /dev/log/main
04-25 22:38:23.971 I/Gecko   (   83): 1398490703981	Marionette	INFO	sendToClient: {"from":"0","ok":true}, {44be3fca-9e19-44c3-b293-3f1c7371ef50}, {44be3fca-9e19-44c3-b293-3f1c7371ef50}
04-25 22:38:24.031 I/Gecko   (   83): 1398490704035	Marionette	DEBUG	Got request: switchToFrame, data: {"to":"0","sessionId":"3-b2g","name":"switchToFrame","parameters":{"id":null,"focus":true}}, id: {88ab8866-abd0-440d-9c7b-8f599dec2db1}
04-25 22:38:24.031 I/Gecko   (   83): 1398490704037	Marionette	INFO	Switched to frame: {"frameValue":null}
04-25 22:38:24.131 I/Gecko   (   83): 1398490704141	Marionette	INFO	sendToClient: {"from":"0","ok":true}, {88ab8866-abd0-440d-9c7b-8f599dec2db1}, {88ab8866-abd0-440d-9c7b-8f599dec2db1}
04-25 22:38:24.141 I/Gecko   (   83): 1398490704150	Marionette	DEBUG	Got request: executeWithCallback, data: {"to":"0","sessionId":"3-b2g","name":"executeAsyncScript","parameters":{"specialPowers":false,"scriptTimeout":null,"newSandbox":true,"args":[],"filename":"gaia_test.py","script":"return GaiaApps.displayedApp();","line":66}}, id: {823ed85d-c9cd-4094-9b8e-ed63161266e6}
04-25 22:38:24.261 E/GeckoConsole(   83): Content JS LOG at dummy file:392 in GaiaApps.displayedApp: app with origin 'app://homescreen.gaiamobile.org' is displayed
04-25 22:38:24.271 I/Gecko   (   83): 1398490704274	Marionette	INFO	sendToClient: {"from":"0","value":{"frame":{"ELEMENT":"{cae4e5c0-e6fc-419b-9991-ee0294da2931}"},"src":"app://homescreen.gaiamobile.org/index.html#root","name":"Homescreen","origin":"app://homescreen.gaiamobile.org"}}, {823ed85d-c9cd-4094-9b8e-ed63161266e6}, {823ed85d-c9cd-4094-9b8e-ed63161266e6}
04-25 22:38:24.291 I/Gecko   (   83): 1398490704293	Marionette	DEBUG	Got request: switchToFrame, data: {"to":"0","sessionId":"3-b2g","name":"switchToFrame","parameters":{"id":null,"focus":true}}, id: {11a8c826-0d45-429d-80f6-9dfceae9cd56}
04-25 22:38:24.291 I/Gecko   (   83): 1398490704298	Marionette	INFO	Switched to frame: {"frameValue":null}
04-25 22:38:24.401 I/Gecko   (   83): 1398490704406	Marionette	INFO	sendToClient: {"from":"0","ok":true}, {11a8c826-0d45-429d-80f6-9dfceae9cd56}, {11a8c826-0d45-429d-80f6-9dfceae9cd56}
04-25 22:38:24.401 I/Gecko   (   83): 1398490704411	Marionette	DEBUG	Got request: switchToFrame, data: {"to":"0","sessionId":"3-b2g","name":"switchToFrame","parameters":{"id":null,"focus":true}}, id: {75431e60-bc78-4316-84db-f1de7607552b}
04-25 22:38:24.421 I/Gecko   (   83): 1398490704426	Marionette	INFO	Switched to frame: {"frameValue":null}
04-25 22:38:24.521 I/Gecko   (   83): 1398490704529	Marionette	INFO	sendToClient: {"from":"0","ok":true}, {75431e60-bc78-4316-84db-f1de7607552b}, {75431e60-bc78-4316-84db-f1de7607552b}
04-25 22:38:24.531 I/Gecko   (   83): 1398490704536	Marionette	DEBUG	Got request: executeWithCallback, data: {"to":"0","sessionId":"3-b2g","name":"executeAsyncScript","parameters":{"specialPowers":false,"scriptTimeout":null,"newSandbox":true,"args":[],"filename":"gaia_test.py","script":"return GaiaApps.displayedApp();","line":66}}, id: {cfbeb0f6-22cd-4075-8b32-418e59addf13}
04-25 22:38:24.581 I/Gecko   (   83): 1398490704592	Marionette	INFO	sendToClient: {"from":"0","value":{"frame":{"ELEMENT":"{cae4e5c0-e6fc-419b-9991-ee0294da2931}"},"src":"app://homescreen.gaiamobile.org/index.html#root","name":"Homescreen","origin":"app://homescreen.gaiamobile.org"}}, {cfbeb0f6-22cd-4075-8b32-418e59addf13}, {cfbeb0f6-22cd-4075-8b32-418e59addf13}
04-25 22:38:24.591 E/GeckoConsole(   83): Content JS LOG at dummy file:392 in GaiaApps.displayedApp: app with origin 'app://homescreen.gaiamobile.org' is displayed
04-25 22:38:24.611 I/Gecko   (   83): 1398490704614	Marionette	DEBUG	Got request: switchToFrame, data: {"to":"0","sessionId":"3-b2g","name":"switchToFrame","parameters":{"focus":true,"element":"{cae4e5c0-e6fc-419b-9991-ee0294da2931}"}}, id: {a2aad7c0-ca7d-4568-904b-dfa20fe6c6d1}
04-25 22:38:24.611 I/Gecko   (   83): 1398490704620	Marionette	INFO	Switched to frame: {"frameValue":"{cae4e5c0-e6fc-419b-9991-ee0294da2931}"}
04-25 22:38:24.611 I/Gecko   (   83): 1398490704622	Marionette	INFO	trying remote frame 0
04-25 22:38:24.631 I/Gecko   (   83): 1398490704633	Marionette	INFO	trying remote frame 1
04-25 22:38:24.631 I/Gecko   (   83): 1398490704636	Marionette	INFO	trying remote frame 2
04-25 22:38:24.631 I/Gecko   (   83): 1398490704637	Marionette	INFO	trying remote frame 3
04-25 22:38:24.631 I/Gecko   (   83): 1398490704638	Marionette	INFO	trying remote frame 4
04-25 22:38:24.631 I/Gecko   (   83): 1398490704639	Marionette	INFO	deleting frame
04-25 22:38:24.651 I/Gecko   (   83): 1398490704656	Marionette	INFO	frame-manager load script: [object ChromeMessageSender]
04-25 22:38:24.961 I/Gecko   (   83): 1398490704967	Marionette	INFO	sendToClient: {"from":"0","ok":true}, {a2aad7c0-ca7d-4568-904b-dfa20fe6c6d1}, {a2aad7c0-ca7d-4568-904b-dfa20fe6c6d1}
04-25 22:38:25.161 I/Gecko   (   83): 1398490705165	Marionette	INFO	sendToClient: {"from":"0","value":{"ELEMENT":"{c1f068bf-aff2-42c1-a2cf-09fa3df75200}"}}, {86ef1cd7-e047-4ae7-b5b9-e0206d35776d}, {86ef1cd7-e047-4ae7-b5b9-e0206d35776d}
04-25 22:38:25.321 E/GeckoConsole( 2249): [JavaScript Warning: "Use of getAttributeNode() is deprecated. Use getAttribute() instead." {file: "chrome://marionette/content/atoms.js" line: 25}]
04-25 22:38:25.321 E/GeckoConsole( 2249): [JavaScript Warning: "Use of attributes' specified attribute is deprecated. It always returns true." {file: "chrome://marionette/content/atoms.js" line: 25}]
04-25 22:38:25.321 I/Gecko   (   83): 1398490705332	Marionette	INFO	sendToClient: {"from":"0","value":"normal"}, {1e19c33d-a08c-4ec6-8274-6cf91e53d6b6}, {1e19c33d-a08c-4ec6-8274-6cf91e53d6b6}
04-25 22:38:25.331 I/Gecko   (   83): 1398490705339	Marionette	DEBUG	Got request: switchToFrame, data: {"to":"0","sessionId":"3-b2g","name":"switchToFrame","parameters":{"id":null,"focus":true}}, id: {c51854c4-0d22-4f3c-90f0-25a2ea292bb1}
04-25 22:38:25.351 I/Gecko   (   83): 1398490705360	Marionette	INFO	Switched to frame: {"frameValue":null}
04-25 22:38:25.461 I/Gecko   (   83): 1398490705464	Marionette	INFO	sendToClient: {"from":"0","ok":true}, {c51854c4-0d22-4f3c-90f0-25a2ea292bb1}, {c51854c4-0d22-4f3c-90f0-25a2ea292bb1}
04-25 22:38:25.471 I/Gecko   (   83): 1398490705474	Marionette	DEBUG	Got request: execute, data: {"to":"0","sessionId":"3-b2g","name":"executeScript","parameters":{"specialPowers":false,"scriptTimeout":null,"newSandbox":true,"args":[],"filename":"gaia_test.py","script":"window.wrappedJSObject.dispatchEvent(new Event('home'));","line":788}}, id: {67b4a26b-704e-4d4c-b0e3-01d1d656af75}
04-25 22:38:25.541 I/Gecko   (   83): 1398490705545	Marionette	INFO	sendToClient: {"from":"0","value":null}, {67b4a26b-704e-4d4c-b0e3-01d1d656af75}, {67b4a26b-704e-4d4c-b0e3-01d1d656af75}
04-25 22:38:25.551 I/Gecko   (   83): 1398490705557	Marionette	DEBUG	Got request: switchToFrame, data: {"to":"0","sessionId":"3-b2g","name":"switchToFrame","parameters":{"id":null,"focus":true}}, id: {01640a00-cd7c-4dba-a327-8d67fbf8a632}
04-25 22:38:25.561 I/Gecko   (   83): 1398490705565	Marionette	INFO	Switched to frame: {"frameValue":null}
04-25 22:38:25.661 I/Gecko   (   83): 1398490705668	Marionette	INFO	sendToClient: {"from":"0","ok":true}, {01640a00-cd7c-4dba-a327-8d67fbf8a632}, {01640a00-cd7c-4dba-a327-8d67fbf8a632}
04-25 22:38:25.671 I/Gecko   (   83): 1398490705675	Marionette	DEBUG	Got request: switchToFrame, data: {"to":"0","sessionId":"3-b2g","name":"switchToFrame","parameters":{"id":null,"focus":true}}, id: {df29fca7-0108-4c48-9eee-11bda9de5ecf}
04-25 22:38:25.671 I/Gecko   (   83): 1398490705678	Marionette	INFO	Switched to frame: {"frameValue":null}
04-25 22:38:25.771 I/Gecko   (   83): 1398490705782	Marionette	INFO	sendToClient: {"from":"0","ok":true}, {df29fca7-0108-4c48-9eee-11bda9de5ecf}, {df29fca7-0108-4c48-9eee-11bda9de5ecf}
04-25 22:38:25.781 I/Gecko   (   83): 1398490705788	Marionette	DEBUG	Got request: executeWithCallback, data: {"to":"0","sessionId":"3-b2g","name":"executeAsyncScript","parameters":{"specialPowers":false,"scriptTimeout":null,"newSandbox":true,"args":[],"filename":"gaia_test.py","script":"return GaiaApps.displayedApp();","line":66}}, id: {75167a2d-f3f9-4dae-abb1-54112a633b79}
04-25 22:38:25.851 E/GeckoConsole(   83): Content JS LOG at dummy file:392 in GaiaApps.displayedApp: app with origin 'app://homescreen.gaiamobile.org' is displayed
04-25 22:38:25.851 I/Gecko   (   83): 1398490705860	Marionette	INFO	sendToClient: {"from":"0","value":{"frame":{"ELEMENT":"{cae4e5c0-e6fc-419b-9991-ee0294da2931}"},"src":"app://homescreen.gaiamobile.org/index.html#rootFri%20Apr%2025%202014%2022:38:25%20GMT-0700%20(UTC)","name":"Homescreen","origin":"app://homescreen.gaiamobile.org"}}, {75167a2d-f3f9-4dae-abb1-54112a633b79}, {75167a2d-f3f9-4dae-abb1-54112a633b79}
04-25 22:38:25.881 I/Gecko   (   83): 1398490705885	Marionette	DEBUG	Got request: switchToFrame, data: {"to":"0","sessionId":"3-b2g","name":"switchToFrame","parameters":{"focus":true,"element":"{cae4e5c0-e6fc-419b-9991-ee0294da2931}"}}, id: {37bf4605-4edf-4e2e-beac-baec194c5124}
04-25 22:38:25.921 I/Gecko   (   83): 1398490705926	Marionette	INFO	Switched to frame: {"frameValue":"{cae4e5c0-e6fc-419b-9991-ee0294da2931}"}
04-25 22:38:25.921 I/Gecko   (   83): 1398490705929	Marionette	INFO	trying remote frame 0
04-25 22:38:25.921 I/Gecko   (   83): 1398490705930	Marionette	INFO	trying remote frame 1
04-25 22:38:25.921 I/Gecko   (   83): 1398490705931	Marionette	INFO	trying remote frame 2
04-25 22:38:25.921 I/Gecko   (   83): 1398490705932	Marionette	INFO	trying remote frame 3
04-25 22:38:25.931 I/Gecko   (   83): 1398490705933	Marionette	INFO	trying remote frame 4
04-25 22:38:26.211 I/Gecko   (   83): 1398490706215	Marionette	INFO	sendToClient: {"from":"0","ok":true}, {37bf4605-4edf-4e2e-beac-baec194c5124}, {37bf4605-4edf-4e2e-beac-baec194c5124}
04-25 22:38:26.261 I/Gecko   (   83): 1398490706264	Marionette	DEBUG	Got request: execute, data: {"to":"0","sessionId":"3-b2g","name":"executeScript","parameters":{"specialPowers":false,"scriptTimeout":null,"newSandbox":true,"args":[],"filename":"gaia_test.py","script":"return window.wrappedJSObject.GridManager.pageHelper.getCurrentPageNumber();","line":784}}, id: {337a81f6-dfc2-408e-b29f-0522728d902e}
04-25 22:38:26.351 I/Gecko   (   83): 1398490706353	Marionette	INFO	sendToClient: {"from":"0","value":0}, {337a81f6-dfc2-408e-b29f-0522728d902e}, {337a81f6-dfc2-408e-b29f-0522728d902e}
04-25 22:38:26.411 I/Gecko   (   83): 1398490706414	Marionette	INFO	sendToClient: {"from":"0","value":["{c89ba76d-3b87-4547-9554-a4e13666e0cd}","{f8b960e1-3cfd-438c-a1ad-c45cdf7f3103}","{1e33f3b3-8529-4ebd-a390-7158a250379e}","{53c24902-7c99-4589-a5e8-d44b361ec913}","{111a93e7-ad0b-4177-8e00-ff19fa593cc5}","{de5e788f-05f3-4fed-b290-a455ce30277a}","{f3586244-ffdf-42ca-9f02-7d1f7dd4be8e}","{a14584c8-a6c5-4e22-9d38-6118335f9527}","{8ac76a91-c447-4a86-8749-4f3b8a78dabf}","{5b3afa20-e823-4339-948b-3d4163916eb5}","{f51eea50-6f2c-4209-ad59-107042a4f76b}","{7d69fc2d-2db3-41ed-9e66-1228869d1f76}","{d3545157-ac91-4807-b200-2d4b82843060}","{1cfdd648-2b7d-45a4-a910-a4d19704bf8a}","{351be1b0-8911-463e-9189-6c68cbd6c07a}","{6bc952c1-da05-46f8-9b72-0eafa93046ab}","{883347eb-300e-4a29-bad3-8d0ece952044}","{1407bc80-e3c0-470e-b567-b1ea3760d00b}","{00fb4e11-b258-4751-acd4-4b8567cc4696}","{1455a677-a397-4207-ad86-ec9275c4eda0}","{9f02850d-66fb-41a5-b43c-ce6be0adfacb}"]}, {fae6809b-8435-459a-afd8-4995dcde35b0}, {fae6809b-8435-459a-afd8-4995dcde35b0}
04-25 22:38:26.441 I/Gecko   (   83): 1398490706450	Marionette	INFO	sendToClient: {"from":"0","value":"app://homescreen.gaiamobile.org/index.html#rootFri%20Apr%2025%202014%2022:38:25%20GMT-0700%20(UTC)"}, {8c8932d3-f8a4-4d2b-a711-2b4a3374a95d}, {8c8932d3-f8a4-4d2b-a711-2b4a3374a95d}
04-25 22:38:26.541 I/Gecko   (   83): 1398490706547	Marionette	DEBUG	Got request: switchToFrame, data: {"to":"0","sessionId":"3-b2g","name":"switchToFrame","parameters":{"id":null,"focus":true}}, id: {7e6a7ff1-815d-4128-972c-892303b831f2}
04-25 22:38:26.551 I/Gecko   (   83): 1398490706559	Marionette	INFO	Switched to frame: {"frameValue":null}
04-25 22:38:26.661 I/Gecko   (   83): 1398490706665	Marionette	INFO	sendToClient: {"from":"0","ok":true}, {7e6a7ff1-815d-4128-972c-892303b831f2}, {7e6a7ff1-815d-4128-972c-892303b831f2}
04-25 22:38:26.661 I/Gecko   (   83): 1398490706672	Marionette	DEBUG	Got request: switchToFrame, data: {"to":"0","sessionId":"3-b2g","name":"switchToFrame","parameters":{"id":null,"focus":true}}, id: {69698c2b-3545-4a14-92b3-8af1b33e752f}
04-25 22:38:26.671 I/Gecko   (   83): 1398490706674	Marionette	INFO	Switched to frame: {"frameValue":null}
04-25 22:38:26.771 I/Gecko   (   83): 1398490706777	Marionette	INFO	sendToClient: {"from":"0","ok":true}, {69698c2b-3545-4a14-92b3-8af1b33e752f}, {69698c2b-3545-4a14-92b3-8af1b33e752f}
04-25 22:38:26.781 I/Gecko   (   83): 1398490706785	Marionette	DEBUG	Got request: executeWithCallback, data: {"to":"0","sessionId":"3-b2g","name":"executeAsyncScript","parameters":{"specialPowers":false,"scriptTimeout":30000,"newSandbox":true,"args":[],"filename":"app_checker.py","script":"GaiaApps.launchWithManifestURL('https://marketplace.firefox.com/app/5d162518-aaa5-4b90-9e24-aa2568c5a980/manifest.webapp')","line":106}}, id: {ff228171-cfd8-4286-a7e5-bc41eaea54d9}
04-25 22:38:27.061 I/Gonk    (   83): Setting nice for pid 2278 to 18
04-25 22:38:27.061 I/Gonk    (   83): Changed nice for pid 2278 from 18 to 18.
04-25 22:38:27.061 I/Gecko   (   83): [Parent 83] WARNING: waitpid failed pid:2278 errno:10: file ../../../gecko/ipc/chromium/src/base/process_util_posix.cc, line 254
04-25 22:38:27.071 I/Gonk    (   83): Setting nice for pid 2278 to 1
04-25 22:38:27.071 I/Gonk    (   83): Changed nice for pid 2278 from 18 to 1.
04-25 22:38:27.091 E/GeckoConsole(   83): Content JS LOG at dummy file:334 in GaiaApps.launch: launching app with name 'Hora de la aventura'
04-25 22:38:27.171 E/[Gralloc-ERROR](   83): int gralloc_register_buffer(const gralloc_module_t*, const native_handle_t*):79 Unable to register handle 0x45f42a10 coming from different process: 83
04-25 22:38:27.191 E/[Gralloc-ERROR](   83): int gralloc_register_buffer(const gralloc_module_t*, const native_handle_t*):79 Unable to register handle 0x45f42b00 coming from different process: 83
04-25 22:38:27.231 E/[Gralloc-ERROR](   83): int gralloc_register_buffer(const gralloc_module_t*, const native_handle_t*):79 Unable to register handle 0x45f42bf0 coming from different process: 83
04-25 22:38:27.251 E/[Gralloc-ERROR](   83): int gralloc_register_buffer(const gralloc_module_t*, const native_handle_t*):79 Unable to register handle 0x45f42d80 coming from different process: 83
04-25 22:38:27.441 D/Sensors (   83): activate handle=0; drv=0
04-25 22:38:27.451 D/Sensors (   83): Lis3dhSensor: Control set 1
04-25 22:38:27.451 D/Sensors (   83): Lis3dhSensor: mEnabled = 1
04-25 22:38:27.481 I/Gonk    (   83): Setting nice for pid 2249 to 18
04-25 22:38:27.481 I/Gonk    (   83): Changed nice for pid 2249 from 1 to 18.
04-25 22:38:27.561 W/WifiHW  (   83): wifi_command: SIGNAL_POLL
04-25 22:38:28.541 I/Gecko   ( 2278): ###################################### forms.js loaded
04-25 22:38:28.561 I/Gecko   ( 2278): ############################### browserElementPanning.js loaded
04-25 22:38:28.601 I/Gecko   ( 2278): ######################## BrowserElementChildPreload.js loaded
04-25 22:38:29.441 E/GeckoConsole( 2278): [JavaScript Warning: "SyntaxError: Using //@ to indicate sourceMappingURL pragmas is deprecated. Use //# instead" {file: "app://{e3ecc329-c212-4a58-a572-7f11425cbe84}/js/jquery-2.0.3.min.js" line: 1}]
04-25 22:38:29.561 I/Gecko   (   83): [Parent 83] WARNING: pipe error (167): Connection reset by peer: file ../../../gecko/ipc/chromium/src/chrome/common/ipc_channel_posix.cc, line 446
04-25 22:38:29.651 I/Gonk    (   83): Setting nice for pid 2327 to 18
04-25 22:38:29.651 I/Gonk    (   83): Changed nice for pid 2327 from 0 to 18.
04-25 22:38:29.721 I/Gecko   (   83): 
04-25 22:38:29.721 I/Gecko   (   83): ###!!! [Parent][MessageChannel] Error: Channel error: cannot send/recv
04-25 22:38:29.721 I/Gecko   (   83): 
04-25 22:38:29.801 I/Gecko   (   83): [Parent 83] WARNING: waitpid failed pid:2249 errno:10: file ../../../gecko/ipc/chromium/src/base/process_util_posix.cc, line 254
04-25 22:38:29.871 V/AudioPolicyManagerBase(   88): startOutput() output 1, stream 1, session 9
04-25 22:38:29.871 V/AudioPolicyManagerBase(   88): changeRefCount() stream 1, count 1
04-25 22:38:29.871 V/AudioPolicyManagerBase(   88): getDeviceForStrategy() from cache strategy 0, device 2
04-25 22:38:29.871 V/AudioPolicyManagerBase(   88): getNewDevice() selected device 2
04-25 22:38:29.871 D/AudioPolicyManagerBase(   88): setOutputDevice() output 1 device 2 delayMs 0
04-25 22:38:29.871 V/AudioPolicyManagerBase(   88): setOutputDevice() setting same device 2 or null device for output 1
04-25 22:38:29.871 E/AudioPolicyManagerBase(   88): checkAndSetVolume stream=1, index=0, output=1, device=2
04-25 22:38:29.871 E/AudioPolicyManagerBase(   88): computeVolume, streamDesc=0x142bbb8
04-25 22:38:29.901 W/AudioFlinger(   88): Thread AudioOut_1 cannot connect to the power manager service
04-25 22:38:29.901 V/AudioPolicyManagerBase(   88): stopOutput() output 1, stream 1, session 9
04-25 22:38:29.901 V/AudioPolicyManagerBase(   88): changeRefCount() stream 1, count 0
04-25 22:38:29.901 V/AudioPolicyManagerBase(   88): getNewDevice() selected device 0
04-25 22:38:29.901 D/AudioPolicyManagerBase(   88): setOutputDevice() output 1 device 0 delayMs 290
04-25 22:38:29.901 V/AudioPolicyManagerBase(   88): setOutputDevice() setting same device 0 or null device for output 1
04-25 22:38:29.901 V/AudioPolicyManagerBase(   88): releaseOutput() 1
04-25 22:38:30.231 E/GeckoConsole( 2278): [JavaScript Warning: "Unknown property 'box-sizing'.  Declaration dropped." {file: "app://{e3ecc329-c212-4a58-a572-7f11425cbe84}/menu.html" line: 0 column: 67 source: "-webkit-box-sizing:border-box;-moz-box-sizing:border-box;box-sizing:border-box;padding:1px;border:1px;display:block;width:4px;margin-top:1%;position:absolute;top:1%"}]
04-25 22:38:30.311 E/GeckoConsole( 2278): [JavaScript Warning: "Unknown property 'box-sizing'.  Declaration dropped." {file: "app://{e3ecc329-c212-4a58-a572-7f11425cbe84}/menu.html" line: 0 column: 111 source: "padding:0;margin:0;border:0;display:block;-webkit-box-sizing:content-box;-moz-box-sizing:content-box;box-sizing:content-box"}]
04-25 22:38:30.321 E/GeckoConsole( 2278): [JavaScript Warning: "Unknown property 'box-sizing'.  Declaration dropped." {file: "app://{e3ecc329-c212-4a58-a572-7f11425cbe84}/menu.html" line: 0 column: 111 source: "padding:0;margin:0;border:0;display:block;-webkit-box-sizing:content-box;-moz-box-sizing:content-box;box-sizing:content-box"}]
04-25 22:38:31.801 I/Gecko   (   83): [Parent 83] WARNING: waitpid failed pid:2249 errno:10: file ../../../gecko/ipc/chromium/src/base/process_util_posix.cc, line 254
04-25 22:38:31.801 I/Gecko   (   83): [Parent 83] WARNING: Failed to deliver SIGKILL to 2249!(3).: file ../../../gecko/ipc/chromium/src/chrome/common/process_watcher_posix_sigchld.cc, line 118
04-25 22:38:32.791 W/WifiHW  (   83): wifi_command: SIGNAL_POLL
04-25 22:38:33.291 I/Gonk    (   83): Setting nice for pid 2327 to 18
04-25 22:38:33.301 I/Gonk    (   83): Changed nice for pid 2327 from 18 to 18.
04-25 22:38:33.301 I/Gecko   (   83): [Parent 83] WARNING: waitpid failed pid:2327 errno:10: file ../../../gecko/ipc/chromium/src/base/process_util_posix.cc, line 254
04-25 22:38:33.301 I/Gonk    (   83): Setting nice for pid 2327 to 1
04-25 22:38:33.311 I/Gonk    (   83): Changed nice for pid 2327 from 18 to 1.
04-25 22:38:33.341 I/Gonk    (   83): Setting nice for pid 2327 to 18
04-25 22:38:33.341 I/Gonk    (   83): Changed nice for pid 2327 from 1 to 18.
04-25 22:38:33.391 W/AudioFlinger(   88): Thread AudioOut_1 cannot connect to the power manager service
04-25 22:38:33.441 V/AudioPolicyManagerBase(   88): getDeviceForStrategy() from cache strategy 0, device 2
04-25 22:38:33.441 V/AudioPolicyManagerBase(   88): getOutput() stream 3, samplingRate 0, format 0, channels 3, flags 0
04-25 22:38:33.471 V/AudioPolicyManagerBase(   88): startOutput() output 1, stream 3, session 10
04-25 22:38:33.471 V/AudioPolicyManagerBase(   88): changeRefCount() stream 3, count 1
04-25 22:38:33.471 V/AudioPolicyManagerBase(   88): getDeviceForStrategy() from cache strategy 0, device 2
04-25 22:38:33.471 V/AudioPolicyManagerBase(   88): getNewDevice() selected device 2
04-25 22:38:33.471 D/AudioPolicyManagerBase(   88): setOutputDevice() output 1 device 2 delayMs 0
04-25 22:38:33.471 V/AudioPolicyManagerBase(   88): setOutputDevice() setting same device 2 or null device for output 1
04-25 22:38:33.471 E/AudioPolicyManagerBase(   88): checkAndSetVolume stream=3, index=0, output=1, device=2
04-25 22:38:33.471 E/AudioPolicyManagerBase(   88): computeVolume, streamDesc=0x142bbf0
04-25 22:38:33.561 V/AudioPolicyManagerBase(   88): stopOutput() output 1, stream 3, session 10
04-25 22:38:33.561 V/AudioPolicyManagerBase(   88): changeRefCount() stream 3, count 0
04-25 22:38:33.561 V/AudioPolicyManagerBase(   88): getNewDevice() selected device 0
04-25 22:38:33.561 D/AudioPolicyManagerBase(   88): setOutputDevice() output 1 device 0 delayMs 290
04-25 22:38:33.561 V/AudioPolicyManagerBase(   88): setOutputDevice() setting same device 0 or null device for output 1
04-25 22:38:33.571 V/AudioPolicyManagerBase(   88): startOutput() output 1, stream 3, session 10
04-25 22:38:33.571 V/AudioPolicyManagerBase(   88): changeRefCount() stream 3, count 1
04-25 22:38:33.571 V/AudioPolicyManagerBase(   88): getDeviceForStrategy() from cache strategy 0, device 2
04-25 22:38:33.571 V/AudioPolicyManagerBase(   88): getNewDevice() selected device 2
04-25 22:38:33.571 D/AudioPolicyManagerBase(   88): setOutputDevice() output 1 device 2 delayMs 0
04-25 22:38:33.571 V/AudioPolicyManagerBase(   88): setOutputDevice() setting same device 2 or null device for output 1
04-25 22:38:33.571 E/AudioPolicyManagerBase(   88): checkAndSetVolume stream=3, index=0, output=1, device=2
04-25 22:38:33.571 E/AudioPolicyManagerBase(   88): computeVolume, streamDesc=0x142bbf0
04-25 22:38:33.611 I/audio_hw_primary(   88): select_devices_signal starting...
04-25 22:38:33.611 I/audio_hw_primary(   88): select_devices_signal finished.
04-25 22:38:33.611 W/audio_hw_primary(   88): open s_tinycard in
04-25 22:38:33.621 I/audio_hw_primary(   88): Changing devices: 0x00000002
04-25 22:38:33.621 I/audio_hw_primary(   88): Set 'HeadPhone Function'.0 to 0
04-25 22:38:33.621 I/audio_hw_primary(   88): Set 'Earpiece Function'.0 to 0
04-25 22:38:33.621 I/audio_hw_primary(   88): Set 'Mic Function'.0 to 0
04-25 22:38:33.621 I/audio_hw_primary(   88): Set 'HP Mic Function'.0 to 0
04-25 22:38:33.621 I/audio_hw_primary(   88): Set 'Line Function'.0 to 0
04-25 22:38:33.621 I/audio_hw_primary(   88): Changing devices, mask: 0x00004002
04-25 22:38:33.621 I/audio_hw_primary(   88): Set 'Speaker Function'.0 to 1
04-25 22:38:33.621 W/audio_hw_primary(   88): GetAudio_pga_nv, dac_pga_gain_l:0xc3 adc_pga_gain_l:0xc fm_pga_gain_l:0xff fm_pga_gain_r:0xff device:0x2 vol_level:0x1 
04-25 22:38:33.621 W/audio_hw_primary(   88): open s_tinycard successfully
04-25 22:38:33.631 D/audio_pga(   88): 'speaker-l' apply
04-25 22:38:33.631 I/audio_pga(   88): 'Master Playback Volume' set to 12
04-25 22:38:33.751 I/audio_pga(   88): 'Inter PA Playback Volume' set to 12
04-25 22:38:33.751 I/audio_pga(   88): 'VBC DACL DG Set' set to 0
04-25 22:38:33.751 I/audio_pga(   88): 'VBC DACL DG Switch' set to 0
04-25 22:38:33.751 D/audio_pga(   88): 'speaker-r' apply
04-25 22:38:33.751 I/audio_pga(   88): 'Master Playback Volume' set to 12
04-25 22:38:33.751 I/audio_pga(   88): 'Inter PA Playback Volume' set to 12
04-25 22:38:33.751 I/audio_pga(   88): 'VBC DACR DG Set' set to 0
04-25 22:38:33.751 I/audio_pga(   88): 'VBC DACR DG Switch' set to 0
04-25 22:38:33.751 W/audio_hw_primary(   88): SetAudio_gain_by_devices out, devices:0x2 
04-25 22:38:33.751 I/audio_hw_primary(   88): stream_routing_thread looping done.
04-25 22:38:33.751 I/audio_hw_primary(   88): stream_routing_thread looping now...
04-25 22:38:33.971 I/Gecko   (   83): [Parent 83] WARNING: pipe error (145): Connection reset by peer: file ../../../gecko/ipc/chromium/src/chrome/common/ipc_channel_posix.cc, line 446
04-25 22:38:34.101 I/Gecko   (   83): 
04-25 22:38:34.101 I/Gecko   (   83): ###!!! [Parent][MessageChannel] Error: Channel error: cannot send/recv
04-25 22:38:34.101 I/Gecko   (   83): 
04-25 22:38:34.101 I/Gecko   (   83): [Parent 83] WARNING: FileDescriptorSet destroyed with unconsumed descriptors: file ../../../gecko/ipc/chromium/src/chrome/common/file_descriptor_set_posix.cc, line 20
04-25 22:38:34.101 E/GeckoConsole(   83): Content JS LOG at dummy file:326 in GaiaApps.launch/appOpen/<: app with origin 'app://{e3ecc329-c212-4a58-a572-7f11425cbe84}' has launched
04-25 22:38:34.111 I/Gecko   (   83): 
04-25 22:38:34.111 I/Gecko   (   83): ###!!! [Parent][MessageChannel] Error: Channel error: cannot send/recv
04-25 22:38:34.111 I/Gecko   (   83): 
04-25 22:38:34.171 I/Gecko   (   83): 1398490714178	Marionette	INFO	sendToClient: {"from":"0","value":{"frame":{"ELEMENT":"{a4433fa2-3463-4ecd-99a0-8d5aaf726e08}"},"src":"app://{e3ecc329-c212-4a58-a572-7f11425cbe84}/menu.html","name":"Hora de la aventura","origin":"app://{e3ecc329-c212-4a58-a572-7f11425cbe84}"}}, {ff228171-cfd8-4286-a7e5-bc41eaea54d9}, {ff228171-cfd8-4286-a7e5-bc41eaea54d9}
04-25 22:38:34.201 E/[Gralloc-ERROR](   83): int gralloc_unregister_buffer(const gralloc_module_t*, const native_handle_t*):274 Trying to unregister buffer 0x45f42a10 from process 83 that was not created in current process: 83
04-25 22:38:34.201 E/[Gralloc-ERROR](   83): int gralloc_unregister_buffer(const gralloc_module_t*, const native_handle_t*):274 Trying to unregister buffer 0x45f42b00 from process 83 that was not created in current process: 83
04-25 22:38:34.201 E/[Gralloc-ERROR](   83): int gralloc_unregister_buffer(const gralloc_module_t*, const native_handle_t*):274 Trying to unregister buffer 0x45f42bf0 from process 83 that was not created in current process: 83
04-25 22:38:34.201 E/[Gralloc-ERROR](   83): int gralloc_unregister_buffer(const gralloc_module_t*, const native_handle_t*):274 Trying to unregister buffer 0x45f42d80 from process 83 that was not created in current process: 83
04-25 22:38:34.211 I/Gecko   (   83): [Parent 83] WARNING: waitpid failed pid:2327 errno:10: file ../../../gecko/ipc/chromium/src/base/process_util_posix.cc, line 254
04-25 22:38:34.281 I/Gecko   (   83): 1398490714292	Marionette	DEBUG	Got request: switchToFrame, data: {"to":"0","sessionId":"3-b2g","name":"switchToFrame","parameters":{"focus":true,"element":"{a4433fa2-3463-4ecd-99a0-8d5aaf726e08}"}}, id: {339a3fc5-5475-4cc6-bb1d-afd679cd9ae6}
04-25 22:38:34.321 I/Gecko   (   83): 1398490714328	Marionette	INFO	Switched to frame: {"frameValue":"{a4433fa2-3463-4ecd-99a0-8d5aaf726e08}"}
04-25 22:38:34.331 I/Gecko   (   83): 1398490714336	Marionette	INFO	trying remote frame 0
04-25 22:38:34.331 I/Gecko   (   83): 1398490714338	Marionette	INFO	trying remote frame 1
04-25 22:38:34.341 I/Gecko   (   83): 1398490714343	Marionette	INFO	trying remote frame 2
04-25 22:38:34.341 I/Gecko   (   83): 1398490714344	Marionette	INFO	trying remote frame 3
04-25 22:38:34.341 I/Gecko   (   83): 1398490714345	Marionette	INFO	trying remote frame 4
04-25 22:38:34.341 I/Gecko   (   83): 1398490714347	Marionette	INFO	deleting frame
04-25 22:38:34.351 I/Gecko   (   83): 1398490714362	Marionette	INFO	frame-manager load script: [object ChromeMessageSender]
04-25 22:38:35.961 I/Gecko   (   83): 1398490715964	Marionette	INFO	sendToClient: {"from":"0","ok":true}, {339a3fc5-5475-4cc6-bb1d-afd679cd9ae6}, {339a3fc5-5475-4cc6-bb1d-afd679cd9ae6}
04-25 22:38:36.101 I/Gecko   (   83): 1398490716102	Marionette	INFO	sendToClient: {"from":"0","value":"app://{e3ecc329-c212-4a58-a572-7f11425cbe84}/menu.html"}, {da6a13fc-d1de-4d91-b1ca-e4c203cf5731}, {da6a13fc-d1de-4d91-b1ca-e4c203cf5731}
04-25 22:38:36.111 I/Gecko   (   83): 1398490716113	Marionette	DEBUG	Got request: execute, data: {"to":"0","sessionId":"3-b2g","name":"executeScript","parameters":{"specialPowers":false,"scriptTimeout":null,"newSandbox":true,"args":[],"filename":"app_checker.py","script":"return window.document.readyState;","line":191}}, id: {0df25f9f-a825-4db8-bdd5-c58d2e355a0b}
04-25 22:38:36.211 I/Gecko   (   83): [Parent 83] WARNING: waitpid failed pid:2327 errno:10: file ../../../gecko/ipc/chromium/src/base/process_util_posix.cc, line 254
04-25 22:38:36.211 I/Gecko   (   83): [Parent 83] WARNING: Failed to deliver SIGKILL to 2327!(3).: file ../../../gecko/ipc/chromium/src/chrome/common/process_watcher_posix_sigchld.cc, line 118
04-25 22:38:36.421 I/Gecko   (   83): 1398490716427	Marionette	INFO	sendToClient: {"from":"0","value":"complete"}, {0df25f9f-a825-4db8-bdd5-c58d2e355a0b}, {0df25f9f-a825-4db8-bdd5-c58d2e355a0b}
04-25 22:38:36.451 I/Gecko   (   83): 1398490716460	Marionette	INFO	sendToClient: {"from":"0","value":"app://{e3ecc329-c212-4a58-a572-7f11425cbe84}/menu.html"}, {4ce83149-24d4-4a9b-924f-9d36024b318c}, {4ce83149-24d4-4a9b-924f-9d36024b318c}
04-25 22:38:36.491 I/Gecko   ( 2278): Attempting load of libEGL.so
04-25 22:38:36.781 D/libEGL  ( 2278): loaded /system/lib/egl/libEGL_mali.so
04-25 22:38:36.881 D/libEGL  ( 2278): loaded /system/lib/egl/libGLESv1_CM_mali.so
04-25 22:38:36.911 D/libEGL  ( 2278): loaded /system/lib/egl/libGLESv2_mali.so
04-25 22:38:37.061 I/Gecko   ( 2278): SharedSurface_Gralloc::Create -------
04-25 22:38:37.201 I/Gecko   ( 2278): SharedSurface_Gralloc::Create: success -- surface 0x44256500, GraphicBuffer 0x44289c00.
04-25 22:38:38.091 W/WifiHW  (   83): wifi_command: SIGNAL_POLL
04-25 22:38:39.941 I/Gonk    (   83): Setting nice for pid 2353 to 18
04-25 22:38:39.941 I/Gonk    (   83): Changed nice for pid 2353 from 0 to 18.
04-25 22:38:41.611 I/Gecko   (   83): 1398490721558	Marionette	INFO	sendToClient: {"from":"0","value":"iVBORw0KGgoAAAANSUhEUgAAAUAAAAHMCAYAAACk4nEJAAAgAElEQVR4nOydd3gU1frHY0Nqyu7OlvRkd3bTQ0IaJaEkpNJBAUWQIr1IbyHZFKp6ARVBvVzL1Yui2AJKu4iCgl65KNIE0oBAQkilpu3n98cOy8YERUXF+9v3eb5PArM7c3Yy89n3e857ztjdD9wPPGClFpIetFJLSa2s1EZSWyu1k2RvJQdJjlaSSZJbSSFJsJJSktpKmmbkLMnFSq6S3K3kIcnTSl6SvK2kkyRaSS/JYCUfSb5W8pcUYKVASUFWCpbU3kohkkKt1EFSmJXCJUVaKUpSRyt1ktTZSl0kRVspRlJXK3WT1N1KsZLirNRTUryVEiQlWilJUrKVUiT1slJvSX2t1E9SfysNkDSwGT1kpYclDbbSEElDrfSIpEetNEzSY1YaLmmElUZKGmWl0ZLGNKMnrDRO0ngrTZA00UqTJE220hRJU600TdKTVpouaYaVZkqaZaXZkuZYaa6keVaaL2mBlRZKSrXSIklpVkqXZLRShqSsZpRtpcWSllhpqaRlVlouaYWVnpL0tJXsbPCzwc8GPxv8/j/C7xl+BMAWNAVgS5oCsA1NAdiOpgB0oCkAZTQFoIKmAFTSFIA/BT9rALrSFIAeNAWgF00BqKMpAPU0BaAPTQHoT1MABtIUgME0BWAITQHYgaYADKcpAKNoCsBONAVgF5oCMIamAOxGUwDG0hSAPWkKwASaAjCJpgBMoSkAe9MUgP1oCsAB3B4AH6YpAIfQFICP0BSAw2gKwOE0BeBImgJwNLcHwHE0BeAEmgJwEk0BOIWmAJxGUwBOpykAZ9IUgLNpCsC5wIKTJ1n05pssyslhfkmJBX7WAFxIUwAuAtKOHyf9jTdI37KFtPp6C/zSaQq/nwPgYpoCcClNAbicpgB8iqYAfEaSnS37s2V/tuzPlv
04-25 22:38:44.551 W/WifiHW  (   83): wifi_command: SIGNAL_POLL
04-25 22:38:45.391 I/Gecko   (   83): 1398490725395	Marionette	INFO	sendToClient: {"from":"0","ok":true}, {687d8239-6fc0-41a7-9837-46fff0da9c57}, {687d8239-6fc0-41a7-9837-46fff0da9c57}
04-25 22:38:45.421 I/Gecko   (   83): 1398490725428	Marionette	DEBUG	Got request: switchToFrame, data: {"to":"0","sessionId":"3-b2g","name":"switchToFrame","parameters":{"id":null,"focus":true}}, id: {668ef9b4-51b3-4dbe-9c34-fffb19b64943}
04-25 22:38:45.621 I/Gecko   (   83): 1398490725631	Marionette	INFO	Switched to frame: {"frameValue":null}
04-25 22:38:45.741 I/Gecko   (   83): 1398490725746	Marionette	INFO	sendToClient: {"from":"0","ok":true}, {668ef9b4-51b3-4dbe-9c34-fffb19b64943}, {668ef9b4-51b3-4dbe-9c34-fffb19b64943}
04-25 22:38:45.751 I/Gecko   (   83): 1398490725759	Marionette	DEBUG	Got request: executeWithCallback, data: {"to":"0","sessionId":"3-b2g","name":"executeAsyncScript","parameters":{"specialPowers":false,"scriptTimeout":null,"newSandbox":true,"args":[],"filename":"gaia_test.py","script":"return GaiaApps.displayedApp();","line":66}}, id: {b64af740-075e-4848-8624-2b1d57a0cfdc}
04-25 22:38:46.641 E/GeckoConsole(   83): Content JS LOG at dummy file:392 in GaiaApps.displayedApp: app with origin 'app://{e3ecc329-c212-4a58-a572-7f11425cbe84}' is displayed
04-25 22:38:46.701 I/Gecko   (   83): 1398490726706	Marionette	INFO	sendToClient: {"from":"0","value":{"frame":{"ELEMENT":"{a4433fa2-3463-4ecd-99a0-8d5aaf726e08}"},"src":"app://{e3ecc329-c212-4a58-a572-7f11425cbe84}/menu.html","name":"Hora de la aventura","origin":"app://{e3ecc329-c212-4a58-a572-7f11425cbe84}"}}, {b64af740-075e-4848-8624-2b1d57a0cfdc}, {b64af740-075e-4848-8624-2b1d57a0cfdc}
04-25 22:38:46.751 I/Gecko   (   83): 1398490726761	Marionette	DEBUG	Got request: switchToFrame, data: {"to":"0","sessionId":"3-b2g","name":"switchToFrame","parameters":{"id":null,"focus":true}}, id: {f3f81c6e-3247-4e36-9ac8-bf8764cca17a}
04-25 22:38:46.761 I/Gecko   (   83): 1398490726770	Marionette	INFO	Switched to frame: {"frameValue":null}
04-25 22:38:46.871 I/Gecko   (   83): 1398490726877	Marionette	INFO	sendToClient: {"from":"0","ok":true}, {f3f81c6e-3247-4e36-9ac8-bf8764cca17a}, {f3f81c6e-3247-4e36-9ac8-bf8764cca17a}
04-25 22:38:46.891 I/Gecko   (   83): 1398490726889	Marionette	DEBUG	Got request: execute, data: {"to":"0","sessionId":"3-b2g","name":"executeScript","parameters":{"specialPowers":false,"scriptTimeout":null,"newSandbox":true,"args":[],"filename":"gaia_test.py","script":"window.wrappedJSObject.dispatchEvent(new Event('home'));","line":788}}, id: {c85c1ae0-3690-453a-a1af-6c38a0c047ad}
04-25 22:38:47.161 V/AudioPolicyManagerBase(   88): stopOutput() output 1, stream 3, session 10
04-25 22:38:47.161 V/AudioPolicyManagerBase(   88): changeRefCount() stream 3, count 0
04-25 22:38:47.161 V/AudioPolicyManagerBase(   88): getNewDevice() selected device 0
04-25 22:38:47.161 D/AudioPolicyManagerBase(   88): setOutputDevice() output 1 device 0 delayMs 290
04-25 22:38:47.161 V/AudioPolicyManagerBase(   88): setOutputDevice() setting same device 0 or null device for output 1
04-25 22:38:47.201 V/AudioPolicyManagerBase(   88): releaseOutput() 1
04-25 22:38:47.521 V/AudioPolicyManagerBase(   88): startOutput() output 1, stream 3, session 11
04-25 22:38:47.521 V/AudioPolicyManagerBase(   88): changeRefCount() stream 3, count 1
04-25 22:38:47.521 V/AudioPolicyManagerBase(   88): getDeviceForStrategy() from cache strategy 0, device 2
04-25 22:38:47.521 V/AudioPolicyManagerBase(   88): getNewDevice() selected device 2
04-25 22:38:47.521 D/AudioPolicyManagerBase(   88): setOutputDevice() output 1 device 2 delayMs 0
04-25 22:38:47.521 V/AudioPolicyManagerBase(   88): setOutputDevice() setting same device 2 or null device for output 1
04-25 22:38:47.521 E/AudioPolicyManagerBase(   88): checkAndSetVolume stream=3, index=0, output=1, device=2
04-25 22:38:47.521 E/AudioPolicyManagerBase(   88): computeVolume, streamDesc=0x142bbf0
04-25 22:38:47.591 I/Gonk    (   83): Setting nice for pid 2353 to 18
04-25 22:38:47.591 I/Gonk    (   83): Changed nice for pid 2353 from 18 to 18.
04-25 22:38:47.591 I/Gecko   (   83): [Parent 83] WARNING: waitpid failed pid:2353 errno:10: file ../../../gecko/ipc/chromium/src/base/process_util_posix.cc, line 254
04-25 22:38:47.611 I/Gonk    (   83): Setting nice for pid 2353 to 1
04-25 22:38:47.611 I/Gonk    (   83): Changed nice for pid 2353 from 18 to 1.
04-25 22:38:47.991 D/Sensors (   83): activate handle=0; drv=0
04-25 22:38:47.991 D/Sensors (   83): Lis3dhSensor: Control set 0
04-25 22:38:47.991 D/Sensors (   83): Lis3dhSensor: mEnabled = 0
04-25 22:38:48.291 I/Gecko   (   83): 1398490728302	Marionette	INFO	sendToClient: {"from":"0","value":null}, {c85c1ae0-3690-453a-a1af-6c38a0c047ad}, {c85c1ae0-3690-453a-a1af-6c38a0c047ad}
04-25 22:38:55.331 E/Profiler(   83): BPUnw: [1 total] thread_unregister_for_profiling(me=0x7d47e0)  (NOT REGISTERED) 
04-25 22:38:55.741 E/Profiler(   83): BPUnw: [1 total] thread_unregister_for_profiling(me=0x7cd048)  (NOT REGISTERED) 
04-25 22:38:56.041 I/GonkMemoryPressure( 2353): Checking to see if memory pressure is over.
04-25 22:38:56.041 I/GonkMemoryPressure( 2353): Memory pressure is over.
04-25 22:38:56.041 I/GonkMemoryPressure(   83): Checking to see if memory pressure is over.
04-25 22:38:56.041 I/GonkMemoryPressure(   83): Memory pressure is over.
04-25 22:38:56.071 I/GonkMemoryPressure( 2278): Checking to see if memory pressure is over.
04-25 22:38:56.071 I/GonkMemoryPressure( 2278): Memory pressure is over.
04-25 22:38:56.751 I/Gecko   ( 2278): [SharedSurface_Gralloc 0x44256500] destroyed
04-25 22:38:57.561 W/WifiHW  (   83): wifi_command: SIGNAL_POLL
04-25 22:38:57.841 I/Gecko   (   83): 1398490737821	Marionette	DEBUG	Got request: switchToFrame, data: {"to":"0","sessionId":"3-b2g","name":"switchToFrame","parameters":{"id":null,"focus":true}}, id: {f81f4abf-1be8-4d8d-8730-900dcbebe527}
04-25 22:38:58.771 I/Gonk    (   83): Setting nice for pid 2278 to 7
04-25 22:38:58.781 I/Gonk    (   83): Changed nice for pid 2278 from 1 to 7.
04-25 22:38:58.821 E/Profiler(   83): BPUnw: [1 total] thread_unregister_for_profiling(me=0x7ccdc8)  (NOT REGISTERED) 
04-25 22:38:58.931 I/Gonk    (   83): Setting nice for pid 2370 to 18
04-25 22:38:58.931 I/Gonk    (   83): Changed nice for pid 2370 from 0 to 18.
04-25 22:38:59.081 I/Gecko   (   83): 1398490739087	Marionette	INFO	Switched to frame: {"frameValue":null}
04-25 22:38:59.181 I/Gecko   (   83): 
04-25 22:38:59.181 I/Gecko   (   83): ###!!! [Parent][MessageChannel] Error: Channel error: cannot send/recv
04-25 22:38:59.181 I/Gecko   (   83): 
04-25 22:38:59.221 V/AudioPolicyManagerBase(   88): stopOutput() output 1, stream 3, session 11
04-25 22:38:59.241 V/AudioPolicyManagerBase(   88): changeRefCount() stream 3, count 0
04-25 22:38:59.241 V/AudioPolicyManagerBase(   88): getNewDevice() selected device 0
04-25 22:38:59.251 D/AudioPolicyManagerBase(   88): setOutputDevice() output 1 device 0 delayMs 290
04-25 22:38:59.251 V/AudioPolicyManagerBase(   88): setOutputDevice() setting same device 0 or null device for output 1
04-25 22:38:59.291 V/AudioPolicyManagerBase(   88): releaseOutput() 1
04-25 22:38:59.461 I/Gecko   (   83): [Parent 83] WARNING: waitpid failed pid:2278 errno:10: file ../../../gecko/ipc/chromium/src/base/process_util_posix.cc, line 254
04-25 22:38:59.471 I/Gecko   (   83): 1398490739476	Marionette	INFO	sendToClient: {"from":"0","ok":true}, {f81f4abf-1be8-4d8d-8730-900dcbebe527}, {f81f4abf-1be8-4d8d-8730-900dcbebe527}
04-25 22:38:59.551 I/Gecko   (   83): 1398490739554	Marionette	DEBUG	Got request: executeWithCallback, data: {"to":"0","sessionId":"3-b2g","name":"executeAsyncScript","parameters":{"specialPowers":false,"scriptTimeout":null,"newSandbox":true,"args":[],"filename":"gaia_test.py","script":"return GaiaApps.displayedApp();","line":66}}, id: {4bc47eca-b766-48fa-960c-7e6f2e774b13}
04-25 22:38:59.661 I/Gecko   (   83): 1398490739665	Marionette	INFO	sendToClient: {"from":"0","value":{"frame":{"ELEMENT":"{60aca179-468f-45ef-9428-1e30fb1d065d}"},"src":"app://homescreen.gaiamobile.org/index.html#root","name":"Homescreen","origin":"app://homescreen.gaiamobile.org"}}, {4bc47eca-b766-48fa-960c-7e6f2e774b13}, {4bc47eca-b766-48fa-960c-7e6f2e774b13}
04-25 22:38:59.661 E/GeckoConsole(   83): Content JS LOG at dummy file:392 in GaiaApps.displayedApp: app with origin 'app://homescreen.gaiamobile.org' is displayed
04-25 22:38:59.681 I/Gecko   (   83): 1398490739685	Marionette	DEBUG	Got request: switchToFrame, data: {"to":"0","sessionId":"3-b2g","name":"switchToFrame","parameters":{"id":null,"focus":true}}, id: {dd1580d9-9555-432d-a505-b98628e34160}
04-25 22:38:59.681 I/Gecko   (   83): 1398490739687	Marionette	INFO	Switched to frame: {"frameValue":null}
04-25 22:38:59.781 I/Gecko   (   83): 1398490739789	Marionette	INFO	sendToClient: {"from":"0","ok":true}, {dd1580d9-9555-432d-a505-b98628e34160}, {dd1580d9-9555-432d-a505-b98628e34160}
04-25 22:38:59.791 I/Gecko   (   83): 1398490739799	Marionette	DEBUG	Got request: switchToFrame, data: {"to":"0","sessionId":"3-b2g","name":"switchToFrame","parameters":{"id":null,"focus":true}}, id: {7bb9d3f7-84d4-4d70-a194-17c346e33430}
04-25 22:38:59.791 I/Gecko   (   83): 1398490739801	Marionette	INFO	Switched to frame: {"frameValue":null}
04-25 22:38:59.901 I/Gecko   (   83): 1398490739907	Marionette	INFO	sendToClient: {"from":"0","ok":true}, {7bb9d3f7-84d4-4d70-a194-17c346e33430}, {7bb9d3f7-84d4-4d70-a194-17c346e33430}
04-25 22:38:59.911 I/Gecko   (   83): 1398490739914	Marionette	DEBUG	Got request: executeWithCallback, data: {"to":"0","sessionId":"3-b2g","name":"executeAsyncScript","parameters":{"specialPowers":false,"scriptTimeout":null,"newSandbox":true,"args":[],"filename":"gaia_test.py","script":"return GaiaApps.displayedApp();","line":66}}, id: {f026f0ea-7bfc-4b0e-9d1d-181a6e7fcb5e}
04-25 22:38:59.961 I/Gecko   (   83): 1398490739967	Marionette	INFO	sendToClient: {"from":"0","value":{"frame":{"ELEMENT":"{60aca179-468f-45ef-9428-1e30fb1d065d}"},"src":"app://homescreen.gaiamobile.org/index.html#root","name":"Homescreen","origin":"app://homescreen.gaiamobile.org"}}, {f026f0ea-7bfc-4b0e-9d1d-181a6e7fcb5e}, {f026f0ea-7bfc-4b0e-9d1d-181a6e7fcb5e}
04-25 22:38:59.971 E/GeckoConsole(   83): Content JS LOG at dummy file:392 in GaiaApps.displayedApp: app with origin 'app://homescreen.gaiamobile.org' is displayed
04-25 22:38:59.971 I/Gecko   (   83): 1398490739982	Marionette	DEBUG	Got request: switchToFrame, data: {"to":"0","sessionId":"3-b2g","name":"switchToFrame","parameters":{"focus":true,"element":"{60aca179-468f-45ef-9428-1e30fb1d065d}"}}, id: {39195d49-9dd1-4172-8c7b-cbc9cdf1f64e}
04-25 22:39:00.001 I/Gecko   (   83): 1398490740004	Marionette	INFO	Switched to frame: {"frameValue":"{60aca179-468f-45ef-9428-1e30fb1d065d}"}
04-25 22:39:00.021 I/Gecko   (   83): 1398490740025	Marionette	INFO	trying remote frame 0
04-25 22:39:00.021 I/Gecko   (   83): 1398490740026	Marionette	INFO	trying remote frame 1
04-25 22:39:00.021 I/Gecko   (   83): 1398490740027	Marionette	INFO	trying remote frame 2
04-25 22:39:00.021 I/Gecko   (   83): 1398490740028	Marionette	INFO	trying remote frame 3
04-25 22:39:00.021 I/Gecko   (   83): 1398490740029	Marionette	INFO	trying remote frame 4
04-25 22:39:00.021 I/Gecko   (   83): 1398490740030	Marionette	INFO	deleting frame
04-25 22:39:00.031 I/Gecko   (   83): 1398490740035	Marionette	INFO	frame-manager load script: [object ChromeMessageSender]
04-25 22:39:00.271 I/Gecko   ( 2353): ###################################### forms.js loaded
04-25 22:39:00.291 I/Gecko   ( 2353): ############################### browserElementPanning.js loaded
04-25 22:39:00.331 I/Gecko   ( 2353): ######################## BrowserElementChildPreload.js loaded
04-25 22:39:01.461 I/Gecko   (   83): [Parent 83] WARNING: waitpid failed pid:2278 errno:10: file ../../../gecko/ipc/chromium/src/base/process_util_posix.cc, line 254
04-25 22:39:01.461 I/Gecko   (   83): [Parent 83] WARNING: Failed to deliver SIGKILL to 2278!(3).: file ../../../gecko/ipc/chromium/src/chrome/common/process_watcher_posix_sigchld.cc, line 118
04-25 22:39:01.651 I/Gecko   (   83): 1398490741651	Marionette	INFO	sendToClient: {"from":"0","ok":true}, {39195d49-9dd1-4172-8c7b-cbc9cdf1f64e}, {39195d49-9dd1-4172-8c7b-cbc9cdf1f64e}
04-25 22:39:01.931 I/Gecko   (   83): 1398490741934	Marionette	INFO	sendToClient: {"from":"0","value":"app://homescreen.gaiamobile.org/index.html#root"}, {ba5e49be-10df-4c66-9b9d-c03aad75a14b}, {ba5e49be-10df-4c66-9b9d-c03aad75a14b}
04-25 22:39:01.941 I/Gecko   (   83): 1398490741946	Marionette	DEBUG	Got request: switchToFrame, data: {"to":"0","sessionId":"3-b2g","name":"switchToFrame","parameters":{"id":null,"focus":true}}, id: {eeb28e48-66f8-4c09-a89c-b6758027e138}
04-25 22:39:01.951 I/Gecko   (   83): 1398490741960	Marionette	INFO	Switched to frame: {"frameValue":null}
04-25 22:39:02.061 I/Gecko   (   83): 1398490742071	Marionette	INFO	sendToClient: {"from":"0","ok":true}, {eeb28e48-66f8-4c09-a89c-b6758027e138}, {eeb28e48-66f8-4c09-a89c-b6758027e138}
04-25 22:39:02.071 I/Gecko   (   83): 1398490742077	Marionette	DEBUG	Got request: switchToFrame, data: {"to":"0","sessionId":"3-b2g","name":"switchToFrame","parameters":{"id":null,"focus":true}}, id: {ee4e0e5d-6858-4cb8-a993-437b4d710943}
04-25 22:39:02.071 I/Gecko   (   83): 1398490742079	Marionette	INFO	Switched to frame: {"frameValue":null}
04-25 22:39:02.161 W/audio_hw_primary(   88): do_output_standby.mode:0 
04-25 22:39:02.261 I/Gecko   (   83): 1398490742266	Marionette	INFO	sendToClient: {"from":"0","ok":true}, {ee4e0e5d-6858-4cb8-a993-437b4d710943}, {ee4e0e5d-6858-4cb8-a993-437b4d710943}
04-25 22:39:02.321 I/Gecko   (   83): 1398490742330	Marionette	DEBUG	Got request: executeWithCallback, data: {"to":"0","sessionId":"3-b2g","name":"executeAsyncScript","parameters":{"specialPowers":false,"scriptTimeout":null,"newSandbox":true,"args":[],"filename":"gaia_test.py","script":"GaiaApps.killAll()","line":91}}, id: {5ce0b27b-486a-420b-aba7-31d79657c5cb}
04-25 22:39:02.411 I/Gecko   (   83): 1398490742414	Marionette	INFO	sendToClient: {"from":"0","value":true}, {5ce0b27b-486a-420b-aba7-31d79657c5cb}, {5ce0b27b-486a-420b-aba7-31d79657c5cb}
04-25 22:39:02.421 I/Gecko   (   83): 1398490742431	Marionette	DEBUG	Got request: switchToFrame, data: {"to":"0","sessionId":"3-b2g","name":"switchToFrame","parameters":{"id":null,"focus":true}}, id: {44b6e3cb-8c5f-4766-8dc0-4e53484fa21b}
04-25 22:39:02.431 I/Gecko   (   83): 1398490742433	Marionette	INFO	Switched to frame: {"frameValue":null}
04-25 22:39:02.531 I/Gecko   (   83): 1398490742536	Marionette	INFO	sendToClient: {"from":"0","ok":true}, {44b6e3cb-8c5f-4766-8dc0-4e53484fa21b}, {44b6e3cb-8c5f-4766-8dc0-4e53484fa21b}
04-25 22:39:02.541 I/Gecko   (   83): 1398490742549	Marionette	DEBUG	Got request: executeWithCallback, data: {"to":"0","sessionId":"3-b2g","name":"executeAsyncScript","parameters":{"specialPowers":false,"scriptTimeout":60000,"newSandbox":true,"args":[],"filename":"app_checker.py","script":"\n        GaiaApps.locateWithManifestURL('https://marketplace.firefox.com/app/5d162518-aaa5-4b90-9e24-aa2568c5a980/manifest.webapp',\n                                       null,\n                                       function uninstall(app) {\n                                       navigator.mozApps.mgmt.uninstall(app);\n                                       marionetteScriptFinished(true);\n                                       });\n        ","line":129}}, id: {549306a9-3a10-4887-8d21-8f1926055a08}
04-25 22:39:02.601 I/Gecko   (   83): -- webapps.js uninstall https://marketplace.firefox.com/app/5d162518-aaa5-4b90-9e24-aa2568c5a980/manifest.webapp
04-25 22:39:02.631 W/WifiHW  (   83): wifi_command: SIGNAL_POLL
04-25 22:39:02.941 I/Gecko   (   83): 1398490742944	Marionette	INFO	sendToClient: {"from":"0","value":true}, {549306a9-3a10-4887-8d21-8f1926055a08}, {549306a9-3a10-4887-8d21-8f1926055a08}