--------- beginning of /dev/log/main
04-26 14:48:50.943 I/Gecko   (   83): 1398548930951	Marionette	INFO	sendToClient: {"from":"0","ok":true}, {823648f4-9b40-4458-b46f-68cf08f2ff4c}, {823648f4-9b40-4458-b46f-68cf08f2ff4c}
04-26 14:48:50.983 I/Gecko   (   83): 1398548930997	Marionette	DEBUG	Got request: switchToFrame, data: {"to":"0","sessionId":"3-b2g","name":"switchToFrame","parameters":{"id":null,"focus":true}}, id: {b6cffe86-b81c-4c4a-ab2d-7de5db93ee3a}
04-26 14:48:50.993 I/Gecko   (   83): 1398548931003	Marionette	INFO	Switched to frame: {"frameValue":null}
04-26 14:48:51.073 I/Gecko   ( 3740): ###################################### forms.js loaded
04-26 14:48:51.113 I/Gecko   (   83): 1398548931123	Marionette	INFO	sendToClient: {"from":"0","ok":true}, {b6cffe86-b81c-4c4a-ab2d-7de5db93ee3a}, {b6cffe86-b81c-4c4a-ab2d-7de5db93ee3a}
04-26 14:48:51.123 I/Gecko   (   83): 1398548931135	Marionette	DEBUG	Got request: executeWithCallback, data: {"to":"0","sessionId":"3-b2g","name":"executeAsyncScript","parameters":{"specialPowers":false,"scriptTimeout":null,"newSandbox":true,"args":[],"filename":"gaia_test.py","script":"return GaiaApps.displayedApp();","line":66}}, id: {ec2e1c09-f682-41fe-90a5-7ecb42a36f9e}
04-26 14:48:51.183 I/Gecko   ( 3740): ############################### browserElementPanning.js loaded
04-26 14:48:51.263 E/GeckoConsole(   83): Content JS LOG at dummy file:392 in GaiaApps.displayedApp: app with origin 'app://homescreen.gaiamobile.org' is displayed
04-26 14:48:51.263 I/Gecko   (   83): 1398548931271	Marionette	INFO	sendToClient: {"from":"0","value":{"frame":{"ELEMENT":"{e7b0a1fb-5ea8-4b81-b9e1-7ebc131998bd}"},"src":"app://homescreen.gaiamobile.org/index.html#root","name":"Homescreen","origin":"app://homescreen.gaiamobile.org"}}, {ec2e1c09-f682-41fe-90a5-7ecb42a36f9e}, {ec2e1c09-f682-41fe-90a5-7ecb42a36f9e}
04-26 14:48:51.283 I/Gecko   ( 3740): ######################## BrowserElementChildPreload.js loaded
04-26 14:48:51.313 I/Gecko   (   83): 1398548931323	Marionette	DEBUG	Got request: switchToFrame, data: {"to":"0","sessionId":"3-b2g","name":"switchToFrame","parameters":{"id":null,"focus":true}}, id: {629fcd3c-3acd-4330-9df2-05d4003b2c09}
04-26 14:48:51.313 I/Gecko   (   83): 1398548931325	Marionette	INFO	Switched to frame: {"frameValue":null}
04-26 14:48:51.413 I/Gecko   (   83): 1398548931429	Marionette	INFO	sendToClient: {"from":"0","ok":true}, {629fcd3c-3acd-4330-9df2-05d4003b2c09}, {629fcd3c-3acd-4330-9df2-05d4003b2c09}
04-26 14:48:51.443 I/Gecko   (   83): 1398548931440	Marionette	DEBUG	Got request: switchToFrame, data: {"to":"0","sessionId":"3-b2g","name":"switchToFrame","parameters":{"id":null,"focus":true}}, id: {f671a798-3e91-4a0a-8b58-76e50a9981cc}
04-26 14:48:51.463 I/Gecko   (   83): 1398548931478	Marionette	INFO	Switched to frame: {"frameValue":null}
04-26 14:48:51.573 I/Gecko   (   83): 1398548931582	Marionette	INFO	sendToClient: {"from":"0","ok":true}, {f671a798-3e91-4a0a-8b58-76e50a9981cc}, {f671a798-3e91-4a0a-8b58-76e50a9981cc}
04-26 14:48:51.583 I/Gecko   (   83): 1398548931592	Marionette	DEBUG	Got request: executeWithCallback, data: {"to":"0","sessionId":"3-b2g","name":"executeAsyncScript","parameters":{"specialPowers":false,"scriptTimeout":null,"newSandbox":true,"args":[],"filename":"gaia_test.py","script":"return GaiaApps.displayedApp();","line":66}}, id: {fcade8cb-9bd3-4952-911b-5e6a7bfd83fb}
04-26 14:48:51.743 E/GeckoConsole(   83): Content JS LOG at dummy file:392 in GaiaApps.displayedApp: app with origin 'app://homescreen.gaiamobile.org' is displayed
04-26 14:48:51.763 I/Gecko   (   83): 1398548931772	Marionette	INFO	sendToClient: {"from":"0","value":{"frame":{"ELEMENT":"{e7b0a1fb-5ea8-4b81-b9e1-7ebc131998bd}"},"src":"app://homescreen.gaiamobile.org/index.html#root","name":"Homescreen","origin":"app://homescreen.gaiamobile.org"}}, {fcade8cb-9bd3-4952-911b-5e6a7bfd83fb}, {fcade8cb-9bd3-4952-911b-5e6a7bfd83fb}
04-26 14:48:51.793 I/Gecko   (   83): 1398548931808	Marionette	DEBUG	Got request: switchToFrame, data: {"to":"0","sessionId":"3-b2g","name":"switchToFrame","parameters":{"focus":true,"element":"{e7b0a1fb-5ea8-4b81-b9e1-7ebc131998bd}"}}, id: {a985c197-c1a8-47fa-8ec8-a60b0861b5aa}
04-26 14:48:51.853 I/Gecko   (   83): 1398548931860	Marionette	INFO	Switched to frame: {"frameValue":"{e7b0a1fb-5ea8-4b81-b9e1-7ebc131998bd}"}
04-26 14:48:51.863 I/Gecko   (   83): 1398548931876	Marionette	INFO	trying remote frame 0
04-26 14:48:51.863 I/Gecko   (   83): 1398548931879	Marionette	INFO	trying remote frame 1
04-26 14:48:51.893 I/Gecko   (   83): 1398548931900	Marionette	INFO	trying remote frame 2
04-26 14:48:51.893 I/Gecko   (   83): 1398548931901	Marionette	INFO	trying remote frame 3
04-26 14:48:51.893 I/Gecko   (   83): 1398548931902	Marionette	INFO	trying remote frame 4
04-26 14:48:51.893 I/Gecko   (   83): 1398548931902	Marionette	INFO	trying remote frame 5
04-26 14:48:51.893 I/Gecko   (   83): 1398548931904	Marionette	INFO	deleting frame
04-26 14:48:51.893 I/Gecko   (   83): 1398548931909	Marionette	INFO	frame-manager load script: [object ChromeMessageSender]
04-26 14:48:52.823 I/Gecko   (   83): 1398548932836	Marionette	INFO	sendToClient: {"from":"0","ok":true}, {a985c197-c1a8-47fa-8ec8-a60b0861b5aa}, {a985c197-c1a8-47fa-8ec8-a60b0861b5aa}
04-26 14:48:52.923 I/Gecko   (   83): 1398548932938	Marionette	INFO	sendToClient: {"from":"0","value":{"ELEMENT":"{dbd714a6-b9cd-44af-8847-904cc962b427}"}}, {9d66036b-cbe2-4725-9144-a610f4ab3c34}, {9d66036b-cbe2-4725-9144-a610f4ab3c34}
04-26 14:48:53.073 E/GeckoConsole( 3710): [JavaScript Warning: "Use of getAttributeNode() is deprecated. Use getAttribute() instead." {file: "chrome://marionette/content/atoms.js" line: 25}]
04-26 14:48:53.083 E/GeckoConsole( 3710): [JavaScript Warning: "Use of attributes' specified attribute is deprecated. It always returns true." {file: "chrome://marionette/content/atoms.js" line: 25}]
04-26 14:48:53.093 I/Gecko   (   83): 1398548933100	Marionette	INFO	sendToClient: {"from":"0","value":"normal"}, {62261cdf-94f0-4fa9-82f0-9903871dd562}, {62261cdf-94f0-4fa9-82f0-9903871dd562}
04-26 14:48:53.093 I/Gecko   (   83): 1398548933106	Marionette	DEBUG	Got request: switchToFrame, data: {"to":"0","sessionId":"3-b2g","name":"switchToFrame","parameters":{"id":null,"focus":true}}, id: {12c87a4d-12b9-4432-a785-b64e0c87cba3}
04-26 14:48:53.113 I/Gecko   (   83): 1398548933122	Marionette	INFO	Switched to frame: {"frameValue":null}
04-26 14:48:53.223 I/Gecko   (   83): 1398548933232	Marionette	INFO	sendToClient: {"from":"0","ok":true}, {12c87a4d-12b9-4432-a785-b64e0c87cba3}, {12c87a4d-12b9-4432-a785-b64e0c87cba3}
04-26 14:48:53.223 I/Gecko   (   83): 1398548933239	Marionette	DEBUG	Got request: execute, data: {"to":"0","sessionId":"3-b2g","name":"executeScript","parameters":{"specialPowers":false,"scriptTimeout":null,"newSandbox":true,"args":[],"filename":"gaia_test.py","script":"window.wrappedJSObject.dispatchEvent(new Event('home'));","line":788}}, id: {cf0c0418-2f91-46fd-ae04-28d6753f19a4}
04-26 14:48:53.353 I/Gecko   (   83): 1398548933367	Marionette	INFO	sendToClient: {"from":"0","value":null}, {cf0c0418-2f91-46fd-ae04-28d6753f19a4}, {cf0c0418-2f91-46fd-ae04-28d6753f19a4}
04-26 14:48:53.373 I/Gecko   (   83): 1398548933384	Marionette	DEBUG	Got request: switchToFrame, data: {"to":"0","sessionId":"3-b2g","name":"switchToFrame","parameters":{"id":null,"focus":true}}, id: {efca546a-976d-49b1-8b14-1df841968797}
04-26 14:48:53.373 I/Gecko   (   83): 1398548933386	Marionette	INFO	Switched to frame: {"frameValue":null}
04-26 14:48:53.493 I/Gecko   (   83): 1398548933501	Marionette	INFO	sendToClient: {"from":"0","ok":true}, {efca546a-976d-49b1-8b14-1df841968797}, {efca546a-976d-49b1-8b14-1df841968797}
04-26 14:48:53.493 I/Gecko   (   83): 1398548933508	Marionette	DEBUG	Got request: switchToFrame, data: {"to":"0","sessionId":"3-b2g","name":"switchToFrame","parameters":{"id":null,"focus":true}}, id: {4433ca7f-7d64-45a8-901a-cd06a3a74e79}
04-26 14:48:53.503 I/Gecko   (   83): 1398548933511	Marionette	INFO	Switched to frame: {"frameValue":null}
04-26 14:48:53.603 I/Gecko   (   83): 1398548933618	Marionette	INFO	sendToClient: {"from":"0","ok":true}, {4433ca7f-7d64-45a8-901a-cd06a3a74e79}, {4433ca7f-7d64-45a8-901a-cd06a3a74e79}
04-26 14:48:53.613 I/Gecko   (   83): 1398548933626	Marionette	DEBUG	Got request: executeWithCallback, data: {"to":"0","sessionId":"3-b2g","name":"executeAsyncScript","parameters":{"specialPowers":false,"scriptTimeout":null,"newSandbox":true,"args":[],"filename":"gaia_test.py","script":"return GaiaApps.displayedApp();","line":66}}, id: {bb1037b1-8a9f-4e68-98b1-82de653e0e55}
04-26 14:48:53.683 E/GeckoConsole(   83): Content JS LOG at dummy file:392 in GaiaApps.displayedApp: app with origin 'app://homescreen.gaiamobile.org' is displayed
04-26 14:48:53.693 I/Gecko   (   83): 1398548933704	Marionette	INFO	sendToClient: {"from":"0","value":{"frame":{"ELEMENT":"{e7b0a1fb-5ea8-4b81-b9e1-7ebc131998bd}"},"src":"app://homescreen.gaiamobile.org/index.html#rootSat%20Apr%2026%202014%2014:48:53%20GMT-0700%20(UTC)","name":"Homescreen","origin":"app://homescreen.gaiamobile.org"}}, {bb1037b1-8a9f-4e68-98b1-82de653e0e55}, {bb1037b1-8a9f-4e68-98b1-82de653e0e55}
04-26 14:48:53.703 I/Gecko   (   83): 1398548933714	Marionette	DEBUG	Got request: switchToFrame, data: {"to":"0","sessionId":"3-b2g","name":"switchToFrame","parameters":{"focus":true,"element":"{e7b0a1fb-5ea8-4b81-b9e1-7ebc131998bd}"}}, id: {c06764ba-5138-45cd-8fee-8f683084bcfe}
04-26 14:48:53.713 I/Gecko   (   83): 1398548933722	Marionette	INFO	Switched to frame: {"frameValue":"{e7b0a1fb-5ea8-4b81-b9e1-7ebc131998bd}"}
04-26 14:48:53.723 I/Gecko   (   83): 1398548933732	Marionette	INFO	trying remote frame 0
04-26 14:48:53.723 I/Gecko   (   83): 1398548933733	Marionette	INFO	trying remote frame 1
04-26 14:48:53.723 I/Gecko   (   83): 1398548933734	Marionette	INFO	trying remote frame 2
04-26 14:48:53.723 I/Gecko   (   83): 1398548933734	Marionette	INFO	trying remote frame 3
04-26 14:48:53.723 I/Gecko   (   83): 1398548933735	Marionette	INFO	trying remote frame 4
04-26 14:48:53.733 I/Gecko   (   83): 1398548933740	Marionette	INFO	trying remote frame 5
04-26 14:48:53.783 I/Gecko   (   83): 1398548933798	Marionette	INFO	sendToClient: {"from":"0","ok":true}, {c06764ba-5138-45cd-8fee-8f683084bcfe}, {c06764ba-5138-45cd-8fee-8f683084bcfe}
04-26 14:48:53.803 I/Gecko   (   83): 1398548933813	Marionette	DEBUG	Got request: execute, data: {"to":"0","sessionId":"3-b2g","name":"executeScript","parameters":{"specialPowers":false,"scriptTimeout":null,"newSandbox":true,"args":[],"filename":"gaia_test.py","script":"return window.wrappedJSObject.GridManager.pageHelper.getCurrentPageNumber();","line":784}}, id: {8db8b240-6c91-42c4-8f60-af352db5d311}
04-26 14:48:54.183 I/Gecko   (   83): 1398548934195	Marionette	INFO	sendToClient: {"from":"0","value":0}, {8db8b240-6c91-42c4-8f60-af352db5d311}, {8db8b240-6c91-42c4-8f60-af352db5d311}
04-26 14:48:54.473 I/Gecko   (   83): 1398548934485	Marionette	INFO	sendToClient: {"from":"0","value":["{7906fc9e-9ffb-4380-b7c9-5d9bc6648df9}","{3817eb96-09bd-44eb-92d9-9f0a1d16368a}","{24e8860f-f5c9-4791-b626-c15e76e628d6}","{4ef6b21b-1c1a-4ece-8cfc-3b58608a8c91}","{c9575bd5-1c40-4d43-8359-b642e975f3d2}","{b2cf6b00-be9d-40b7-b95d-d57f5a837b33}","{e5ed3255-df05-496a-a42d-11c282a5781d}","{d6cf33cd-2e8f-4b1a-9bba-d3de2e394163}","{3279bce1-56e5-46c3-b864-018ac44038a4}","{abe9c7d4-1f81-496e-bf85-7d7fa7d737b9}","{f1e30384-01f1-4a68-a07a-efed0df33890}","{f28a5996-8ef4-4c59-8f36-c43d1a218388}","{f0ad5684-24f9-4c1c-b9cb-7d542a61b06b}","{de29df3c-91b6-46f3-b374-45047bb3746b}","{5234f214-a9d9-4d2d-8b52-82f2e02c8350}","{58a989ca-6619-4d5f-91f5-e08b4bb6b91a}","{4067b5f1-eea3-4782-944c-24c5689ed74c}","{121d4e77-9631-4bf4-9d47-4a95bf30ee76}","{a1211490-1148-41c1-8c6b-aff78388d1c9}","{f1d14fbc-afb9-4f1f-8366-3bd445d68175}","{9ea60cab-8a25-4b1f-89d8-0702c1916b77}","{4e583af0-c4ba-40fb-8191-e1f6d63157c6}","{5f44a3cb-96b2-4cec-b28c-bdada76c4e4b}","{51f332a0-fc53
04-26 14:48:54.603 I/Gecko   (   83): 1398548934614	Marionette	INFO	sendToClient: {"from":"0","value":"app://homescreen.gaiamobile.org/index.html#rootSat%20Apr%2026%202014%2014:48:53%20GMT-0700%20(UTC)"}, {cb3e5083-810c-4335-969d-44d7ba3b8405}, {cb3e5083-810c-4335-969d-44d7ba3b8405}
04-26 14:48:54.613 I/Gecko   (   83): 1398548934623	Marionette	DEBUG	Got request: switchToFrame, data: {"to":"0","sessionId":"3-b2g","name":"switchToFrame","parameters":{"id":null,"focus":true}}, id: {69f84e9d-bdad-49c2-aeb1-cb37f5d8a64f}
04-26 14:48:54.703 I/Gecko   (   83): 1398548934710	Marionette	INFO	Switched to frame: {"frameValue":null}
04-26 14:48:54.823 I/Gecko   (   83): 1398548934832	Marionette	INFO	sendToClient: {"from":"0","ok":true}, {69f84e9d-bdad-49c2-aeb1-cb37f5d8a64f}, {69f84e9d-bdad-49c2-aeb1-cb37f5d8a64f}
04-26 14:48:54.853 I/Gecko   (   83): 1398548934867	Marionette	DEBUG	Got request: switchToFrame, data: {"to":"0","sessionId":"3-b2g","name":"switchToFrame","parameters":{"id":null,"focus":true}}, id: {0fdded81-bd2d-464f-9921-bb981e20d46f}
04-26 14:48:54.863 I/Gecko   (   83): 1398548934874	Marionette	INFO	Switched to frame: {"frameValue":null}
04-26 14:48:54.973 I/Gecko   (   83): 1398548934987	Marionette	INFO	sendToClient: {"from":"0","ok":true}, {0fdded81-bd2d-464f-9921-bb981e20d46f}, {0fdded81-bd2d-464f-9921-bb981e20d46f}
04-26 14:48:55.003 I/Gecko   (   83): 1398548935011	Marionette	DEBUG	Got request: executeWithCallback, data: {"to":"0","sessionId":"3-b2g","name":"executeAsyncScript","parameters":{"specialPowers":false,"scriptTimeout":30000,"newSandbox":true,"args":[],"filename":"app_checker.py","script":"GaiaApps.launchWithManifestURL('https://marketplace.firefox.com/app/e16b3d48-972d-4eff-ad74-2912c54cc8a1/manifest.webapp')","line":106}}, id: {b8c9e00c-facf-4ee1-a55c-66f6fbac8816}
04-26 14:48:55.083 E/GeckoConsole(   83): Content JS LOG at dummy file:334 in GaiaApps.launch: launching app with name 'Hoverplanes VS Zombies'
04-26 14:48:55.163 I/Gonk    (   83): Setting nice for pid 3740 to 18
04-26 14:48:55.163 I/Gonk    (   83): Changed nice for pid 3740 from 0 to 18.
04-26 14:48:55.163 I/Gecko   (   83): [Parent 83] WARNING: waitpid failed pid:3740 errno:10: file ../../../gecko/ipc/chromium/src/base/process_util_posix.cc, line 254
04-26 14:48:55.173 I/Gonk    (   83): Setting nice for pid 3740 to 1
04-26 14:48:55.173 I/Gonk    (   83): Changed nice for pid 3740 from 18 to 1.
04-26 14:48:55.663 W/WifiHW  (   83): wifi_command: SIGNAL_POLL
04-26 14:48:55.813 E/[Gralloc-ERROR](   83): int gralloc_register_buffer(const gralloc_module_t*, const native_handle_t*):79 Unable to register handle 0x452b1830 coming from different process: 83
04-26 14:48:55.843 E/[Gralloc-ERROR](   83): int gralloc_register_buffer(const gralloc_module_t*, const native_handle_t*):79 Unable to register handle 0x452fd330 coming from different process: 83
04-26 14:48:55.863 E/[Gralloc-ERROR](   83): int gralloc_register_buffer(const gralloc_module_t*, const native_handle_t*):79 Unable to register handle 0x452fd3d0 coming from different process: 83
04-26 14:48:55.873 E/[Gralloc-ERROR](   83): int gralloc_register_buffer(const gralloc_module_t*, const native_handle_t*):79 Unable to register handle 0x452fd470 coming from different process: 83
04-26 14:48:55.883 V/AudioPolicyManagerBase(   88): startOutput() output 1, stream 1, session 14
04-26 14:48:55.883 V/AudioPolicyManagerBase(   88): changeRefCount() stream 1, count 1
04-26 14:48:55.883 V/AudioPolicyManagerBase(   88): getDeviceForStrategy() from cache strategy 0, device 2
04-26 14:48:55.883 V/AudioPolicyManagerBase(   88): getNewDevice() selected device 2
04-26 14:48:55.883 D/AudioPolicyManagerBase(   88): setOutputDevice() output 1 device 2 delayMs 0
04-26 14:48:55.883 V/AudioPolicyManagerBase(   88): setOutputDevice() setting same device 2 or null device for output 1
04-26 14:48:55.883 E/AudioPolicyManagerBase(   88): checkAndSetVolume stream=1, index=0, output=1, device=2
04-26 14:48:55.883 E/AudioPolicyManagerBase(   88): computeVolume, streamDesc=0xc6cbb8
04-26 14:48:55.963 D/Sensors (   83): activate handle=0; drv=0
04-26 14:48:55.963 W/AudioFlinger(   88): Thread AudioOut_1 cannot connect to the power manager service
04-26 14:48:55.963 V/AudioPolicyManagerBase(   88): stopOutput() output 1, stream 1, session 14
04-26 14:48:55.963 V/AudioPolicyManagerBase(   88): changeRefCount() stream 1, count 0
04-26 14:48:55.963 V/AudioPolicyManagerBase(   88): getNewDevice() selected device 0
04-26 14:48:55.963 D/AudioPolicyManagerBase(   88): setOutputDevice() output 1 device 0 delayMs 290
04-26 14:48:55.963 V/AudioPolicyManagerBase(   88): setOutputDevice() setting same device 0 or null device for output 1
04-26 14:48:55.973 D/Sensors (   83): Lis3dhSensor: Control set 1
04-26 14:48:55.973 D/Sensors (   83): Lis3dhSensor: mEnabled = 1
04-26 14:48:55.973 V/AudioPolicyManagerBase(   88): startOutput() output 1, stream 1, session 14
04-26 14:48:55.973 V/AudioPolicyManagerBase(   88): changeRefCount() stream 1, count 1
04-26 14:48:55.973 V/AudioPolicyManagerBase(   88): getDeviceForStrategy() from cache strategy 0, device 2
04-26 14:48:55.973 V/AudioPolicyManagerBase(   88): getNewDevice() selected device 2
04-26 14:48:55.973 D/AudioPolicyManagerBase(   88): setOutputDevice() output 1 device 2 delayMs 0
04-26 14:48:55.973 V/AudioPolicyManagerBase(   88): setOutputDevice() setting same device 2 or null device for output 1
04-26 14:48:55.973 E/AudioPolicyManagerBase(   88): checkAndSetVolume stream=1, index=0, output=1, device=2
04-26 14:48:55.973 E/AudioPolicyManagerBase(   88): computeVolume, streamDesc=0xc6cbb8
04-26 14:48:55.983 V/AudioPolicyManagerBase(   88): stopOutput() output 1, stream 1, session 14
04-26 14:48:55.983 V/AudioPolicyManagerBase(   88): changeRefCount() stream 1, count 0
04-26 14:48:55.983 V/AudioPolicyManagerBase(   88): getNewDevice() selected device 0
04-26 14:48:55.983 D/AudioPolicyManagerBase(   88): setOutputDevice() output 1 device 0 delayMs 290
04-26 14:48:55.983 V/AudioPolicyManagerBase(   88): setOutputDevice() setting same device 0 or null device for output 1
04-26 14:48:55.993 V/AudioPolicyManagerBase(   88): releaseOutput() 1
04-26 14:48:56.013 I/Gonk    (   83): Setting nice for pid 3710 to 18
04-26 14:48:56.013 I/Gonk    (   83): Changed nice for pid 3710 from 1 to 18.
04-26 14:48:56.483 E/GeckoConsole( 3740): [JavaScript Warning: "SyntaxError: Using //@ to indicate sourceMappingURL pragmas is deprecated. Use //# instead" {file: "app://{6bdb2c32-e7d7-42e6-8e2e-60c85bf57885}/jquery-2.0.0.min.js" line: 1}]
04-26 14:48:57.743 E/GeckoConsole( 3740): [JavaScript Warning: "Unknown property 'box-sizing'.  Declaration dropped." {file: "app://{6bdb2c32-e7d7-42e6-8e2e-60c85bf57885}/index.html" line: 0 column: 67 source: "-webkit-box-sizing:border-box;-moz-box-sizing:border-box;box-sizing:border-box;padding:1px;border:1px;display:block;width:4px;margin-top:1%;position:absolute;top:1%"}]
04-26 14:48:57.753 E/GeckoConsole( 3740): [JavaScript Warning: "Unknown property 'box-sizing'.  Declaration dropped." {file: "app://{6bdb2c32-e7d7-42e6-8e2e-60c85bf57885}/index.html" line: 0 column: 111 source: "padding:0;margin:0;border:0;display:block;-webkit-box-sizing:content-box;-moz-box-sizing:content-box;box-sizing:content-box"}]
04-26 14:48:57.753 E/GeckoConsole( 3740): [JavaScript Warning: "Unknown property 'box-sizing'.  Declaration dropped." {file: "app://{6bdb2c32-e7d7-42e6-8e2e-60c85bf57885}/index.html" line: 0 column: 111 source: "padding:0;margin:0;border:0;display:block;-webkit-box-sizing:content-box;-moz-box-sizing:content-box;box-sizing:content-box"}]
04-26 14:48:58.473 V/AudioPolicyManagerBase(   88): getDeviceForStrategy() from cache strategy 0, device 2
04-26 14:48:58.473 V/AudioPolicyManagerBase(   88): getOutput() stream 3, samplingRate 0, format 0, channels 3, flags 0
04-26 14:48:58.713 I/Gecko   ( 3740): Attempting load of libEGL.so
04-26 14:48:58.763 D/libEGL  ( 3740): loaded /system/lib/egl/libEGL_mali.so
04-26 14:48:58.783 D/libEGL  ( 3740): loaded /system/lib/egl/libGLESv1_CM_mali.so
04-26 14:48:58.783 D/libEGL  ( 3740): loaded /system/lib/egl/libGLESv2_mali.so
04-26 14:48:58.833 I/Gecko   ( 3740): SharedSurface_Gralloc::Create -------
04-26 14:48:58.873 I/Gecko   ( 3740): SharedSurface_Gralloc::Create: success -- surface 0x43ff3140, GraphicBuffer 0x43fd3e00.
04-26 14:48:59.683 I/Gecko   ( 3740): SharedSurface_Gralloc::Create -------
04-26 14:48:59.753 I/Gecko   ( 3740): SharedSurface_Gralloc::Create: success -- surface 0x44165180, GraphicBuffer 0x43fd4d00.
04-26 14:49:00.093 I/Gecko   ( 3740): [SharedSurface_Gralloc 0x44165180] destroyed
04-26 14:49:00.253 I/Gecko   ( 3740): SharedSurface_Gralloc::Create -------
04-26 14:49:00.323 I/Gecko   ( 3740): SharedSurface_Gralloc::Create: success -- surface 0x44165280, GraphicBuffer 0x435bab00.
04-26 14:49:00.913 W/WifiHW  (   83): wifi_command: SIGNAL_POLL
04-26 14:49:01.023 I/Gonk    (   83): Setting nice for pid 3805 to 18
04-26 14:49:01.033 I/Gonk    (   83): Changed nice for pid 3805 from 0 to 18.
04-26 14:49:03.323 I/Gecko   (   83): 
04-26 14:49:03.323 I/Gecko   (   83): ###!!! [Parent][MessageChannel] Error: Channel error: cannot send/recv
04-26 14:49:03.323 I/Gecko   (   83): 
04-26 14:49:03.653 I/GeckoDump(   83): Crash reporter : Can't fetch app.reportCrashes. Exception: [Exception... "Component returned failure code: 0x8000ffff (NS_ERROR_UNEXPECTED) [nsIPrefBranch.getBoolPref]"  nsresult: "0x8000ffff (NS_ERROR_UNEXPECTED)"  location: "JS frame :: chrome://browser/content/shell.js :: shell_reportCrash :: line 7"  data: no]
04-26 14:49:03.703 I/Gecko   (   83): [Parent 83] WARNING: waitpid failed pid:3710 errno:10: file ../../../gecko/ipc/chromium/src/base/process_util_posix.cc, line 254
04-26 14:49:05.583 I/Gecko   ( 3740): SharedSurface_Gralloc::Create -------
04-26 14:49:05.723 I/Gecko   (   83): [Parent 83] WARNING: waitpid failed pid:3710 errno:10: file ../../../gecko/ipc/chromium/src/base/process_util_posix.cc, line 254
04-26 14:49:05.723 I/Gecko   (   83): [Parent 83] WARNING: Failed to deliver SIGKILL to 3710!(3).: file ../../../gecko/ipc/chromium/src/chrome/common/process_watcher_posix_sigchld.cc, line 118
04-26 14:49:05.833 I/Gecko   ( 3740): SharedSurface_Gralloc::Create: success -- surface 0x432d4b40, GraphicBuffer 0x43f90500.
04-26 14:49:05.893 W/WifiHW  (   83): wifi_command: SIGNAL_POLL
04-26 14:49:06.813 I/Gecko   ( 3805): ###################################### forms.js loaded
04-26 14:49:06.943 I/Gonk    (   83): Setting nice for pid 3805 to 18
04-26 14:49:06.943 I/Gonk    (   83): Changed nice for pid 3805 from 0 to 18.
04-26 14:49:06.943 I/Gecko   (   83): [Parent 83] WARNING: waitpid failed pid:3805 errno:10: file ../../../gecko/ipc/chromium/src/base/process_util_posix.cc, line 254
04-26 14:49:06.993 I/Gonk    (   83): Setting nice for pid 3805 to 1
04-26 14:49:06.993 I/Gonk    (   83): Changed nice for pid 3805 from 18 to 1.
04-26 14:49:07.023 I/Gonk    (   83): Setting nice for pid 3805 to 18
04-26 14:49:07.043 I/Gonk    (   83): Changed nice for pid 3805 from 1 to 18.
04-26 14:49:07.193 I/log     ( 3815): <4>0[ 1670.871564] select 3805 ((Preallocated a), adj 8, size 3779, to kill 
04-26 14:49:07.633 E/GeckoConsole(   83): Content JS LOG at dummy file:326 in GaiaApps.launch/appOpen/<: app with origin 'app://{6bdb2c32-e7d7-42e6-8e2e-60c85bf57885}' has launched
04-26 14:49:07.633 E/[Gralloc-ERROR](   83): int gralloc_unregister_buffer(const gralloc_module_t*, const native_handle_t*):274 Trying to unregister buffer 0x452b1830 from process 83 that was not created in current process: 83
04-26 14:49:07.633 I/Gecko   (   83): 1398548947648	Marionette	INFO	sendToClient: {"from":"0","value":{"frame":{"ELEMENT":"{2fac9ff4-d772-4bfc-8219-ecd71ae2bf43}"},"src":"app://{6bdb2c32-e7d7-42e6-8e2e-60c85bf57885}/index.html","name":"Hoverplanes VS Zombies","origin":"app://{6bdb2c32-e7d7-42e6-8e2e-60c85bf57885}"}}, {b8c9e00c-facf-4ee1-a55c-66f6fbac8816}, {b8c9e00c-facf-4ee1-a55c-66f6fbac8816}
04-26 14:49:07.653 E/[Gralloc-ERROR](   83): int gralloc_unregister_buffer(const gralloc_module_t*, const native_handle_t*):274 Trying to unregister buffer 0x452fd330 from process 83 that was not created in current process: 83
04-26 14:49:07.653 E/[Gralloc-ERROR](   83): int gralloc_unregister_buffer(const gralloc_module_t*, const native_handle_t*):274 Trying to unregister buffer 0x452fd3d0 from process 83 that was not created in current process: 83
04-26 14:49:07.653 E/[Gralloc-ERROR](   83): int gralloc_unregister_buffer(const gralloc_module_t*, const native_handle_t*):274 Trying to unregister buffer 0x452fd470 from process 83 that was not created in current process: 83
04-26 14:49:07.733 I/Gecko   (   83): 1398548947743	Marionette	DEBUG	Got request: switchToFrame, data: {"to":"0","sessionId":"3-b2g","name":"switchToFrame","parameters":{"focus":true,"element":"{2fac9ff4-d772-4bfc-8219-ecd71ae2bf43}"}}, id: {9760c43d-248a-4444-82a0-5d8e533d7f4a}
04-26 14:49:07.743 I/Gecko   (   83): 1398548947755	Marionette	INFO	Switched to frame: {"frameValue":"{2fac9ff4-d772-4bfc-8219-ecd71ae2bf43}"}
04-26 14:49:07.783 I/Gecko   (   83): 1398548947791	Marionette	INFO	trying remote frame 0
04-26 14:49:07.783 I/Gecko   (   83): 1398548947793	Marionette	INFO	trying remote frame 1
04-26 14:49:07.783 I/Gecko   (   83): 1398548947794	Marionette	INFO	trying remote frame 2
04-26 14:49:07.783 I/Gecko   (   83): 1398548947795	Marionette	INFO	trying remote frame 3
04-26 14:49:07.793 I/Gecko   (   83): 1398548947801	Marionette	INFO	trying remote frame 4
04-26 14:49:07.793 I/Gecko   (   83): 1398548947802	Marionette	INFO	trying remote frame 5
04-26 14:49:07.793 I/Gecko   (   83): 1398548947803	Marionette	INFO	deleting frame
04-26 14:49:07.793 I/Gecko   (   83): 1398548947809	Marionette	INFO	frame-manager load script: [object ChromeMessageSender]
04-26 14:49:07.853 I/Gecko   (   83): [Parent 83] WARNING: pipe error (142): Connection reset by peer: file ../../../gecko/ipc/chromium/src/chrome/common/ipc_channel_posix.cc, line 446
04-26 14:49:07.863 I/Gecko   (   83): 
04-26 14:49:07.863 I/Gecko   (   83): ###!!! [Parent][MessageChannel] Error: Channel error: cannot send/recv
04-26 14:49:07.863 I/Gecko   (   83): 
04-26 14:49:07.973 I/GeckoDump(   83): Crash reporter : Can't fetch app.reportCrashes. Exception: [Exception... "Component returned failure code: 0x8000ffff (NS_ERROR_UNEXPECTED) [nsIPrefBranch.getBoolPref]"  nsresult: "0x8000ffff (NS_ERROR_UNEXPECTED)"  location: "JS frame :: chrome://browser/content/shell.js :: shell_reportCrash :: line 7"  data: no]
04-26 14:49:07.973 I/Gecko   (   83): [Parent 83] WARNING: waitpid failed pid:3805 errno:10: file ../../../gecko/ipc/chromium/src/base/process_util_posix.cc, line 254
04-26 14:49:09.163 I/Gecko   (   83): 1398548949179	Marionette	INFO	sendToClient: {"from":"0","ok":true}, {9760c43d-248a-4444-82a0-5d8e533d7f4a}, {9760c43d-248a-4444-82a0-5d8e533d7f4a}
04-26 14:49:09.363 I/Gecko   (   83): 1398548949373	Marionette	INFO	sendToClient: {"from":"0","value":"app://{6bdb2c32-e7d7-42e6-8e2e-60c85bf57885}/index.html"}, {e1f71c81-464e-4bd8-9ba7-e708d46fa9e0}, {e1f71c81-464e-4bd8-9ba7-e708d46fa9e0}
04-26 14:49:09.373 I/Gecko   (   83): 1398548949386	Marionette	DEBUG	Got request: execute, data: {"to":"0","sessionId":"3-b2g","name":"executeScript","parameters":{"specialPowers":false,"scriptTimeout":null,"newSandbox":true,"args":[],"filename":"app_checker.py","script":"return window.document.readyState;","line":191}}, id: {cce9c327-4a99-426f-b52b-7a83cdad0428}
04-26 14:49:09.513 I/Gecko   (   83): 1398548949529	Marionette	INFO	sendToClient: {"from":"0","value":"complete"}, {cce9c327-4a99-426f-b52b-7a83cdad0428}, {cce9c327-4a99-426f-b52b-7a83cdad0428}
04-26 14:49:09.583 I/Gecko   (   83): 1398548949597	Marionette	INFO	sendToClient: {"from":"0","value":"app://{6bdb2c32-e7d7-42e6-8e2e-60c85bf57885}/index.html"}, {977c5466-b266-4d0a-a55d-fe0812240045}, {977c5466-b266-4d0a-a55d-fe0812240045}
04-26 14:49:09.643 I/Gecko   ( 3740): SharedSurface_Gralloc::Create -------
04-26 14:49:09.693 I/Gecko   ( 3740): SharedSurface_Gralloc::Create: success -- surface 0x43f84800, GraphicBuffer 0x42db6900.
04-26 14:49:09.973 I/Gecko   (   83): [Parent 83] WARNING: waitpid failed pid:3805 errno:10: file ../../../gecko/ipc/chromium/src/base/process_util_posix.cc, line 254
04-26 14:49:09.983 I/Gecko   (   83): [Parent 83] WARNING: Failed to deliver SIGKILL to 3805!(3).: file ../../../gecko/ipc/chromium/src/chrome/common/process_watcher_posix_sigchld.cc, line 118
04-26 14:49:10.903 W/WifiHW  (   83): wifi_command: SIGNAL_POLL
04-26 14:49:11.463 I/Gecko   (   83): 1398548951444	Marionette	INFO	sendToClient: {"from":"0","value":"iVBORw0KGgoAAAANSUhEUgAAAUAAAAHMCAYAAACk4nEJAAAgAElEQVR4nDy81bIsabKkmZc9fapy06Lg8HBmZg7mWLApobLq9JF+/0f45mLlzAO4/CIqBmqmav5La1icg5i/thdemyU/+w3PWUdvepSyxPTLJ2LZ4JI1vJY9vzc7/uiPVIZFrRgUkkammuSGzS6KOfoR17hg7XsUtkmkG9SeRx/FnPKWl2pFIqtIgyek0YhCM9k5ISs74me74xhVnLOGt2pDGyR0lo0vLVhaLmvLwplNaAyNRNOoTYfetDj4IZk8pnEc1n7I1nY4uQ61JBBrKq3rcy1zfnZr3rKalyQn1w02XsjO8wkXE+TZkGtastY1Dp7HOcn5XrX8aJdsvYxDVLELMxJJQnz8SKqqtJrBa1bx5/rMc9Xyx2rPIShoNItkMWdy95nS8Hitlnwtl/zRHfhRb4hEkaVmk0samWZRmA6nJOUUJFyTksYxKR2HSDdpAp9lnHIpl1yyhnAhMX+4Q51O6SyXtR1wCHJ+dju2fs5bveFWrKhcn0rXiBSFte3RqAqeMGXp2ISKRme5bFyPnesQSUOWXsDK9Tm4PhtDo5JEctNgFQa8VBXf6o6vec0liKlsl7XjsbJsrNkQT1nwWtT0ssQtzbkkOT+bjreyZefm7OOKbZjiz2cIj58oDZNO1fnZrPltdeClavlzfWTjJFSKjj0eMn98oHdi3pol36s1f3RHnrOGYC7QKSaZpJLpFo3jvb8ZZpyTnMxUyEzrb+wC1knOc7Vm46c48zmT+y9Yc4G149MZHte04Vu9YuUl/OgOnPOe1vVJFYlc19m7PtlCIFzM6F2HUNVpDYu9F7C2NFJ1zjaIWdouZz+gUxZkkkhp2+ySiO9dz2tR861o2Loe6zBl70e0moo0fqSwTJ6zjFZe8FLUXJOSn+2Sa1Ky94p37IIEZzpCHT
04-26 14:49:12.243 I/Gecko   (   83): 1398548952253	Marionette	INFO	sendToClient: {"from":"0","ok":true}, {b0f0efa6-f7a9-43fe-a2d7-38ee193ea6ef}, {b0f0efa6-f7a9-43fe-a2d7-38ee193ea6ef}
04-26 14:49:12.303 I/Gecko   (   83): 1398548952319	Marionette	DEBUG	Got request: switchToFrame, data: {"to":"0","sessionId":"3-b2g","name":"switchToFrame","parameters":{"id":null,"focus":true}}, id: {683acc6c-775a-4a2a-984e-19092d28ca0a}
04-26 14:49:12.413 I/Gonk    (   83): Setting nice for pid 3818 to 18
04-26 14:49:12.423 I/Gonk    (   83): Changed nice for pid 3818 from 0 to 18.
04-26 14:49:12.503 I/Gecko   (   83): 1398548952518	Marionette	INFO	Switched to frame: {"frameValue":null}
04-26 14:49:12.613 I/Gecko   (   83): 1398548952624	Marionette	INFO	sendToClient: {"from":"0","ok":true}, {683acc6c-775a-4a2a-984e-19092d28ca0a}, {683acc6c-775a-4a2a-984e-19092d28ca0a}
04-26 14:49:12.643 I/Gecko   (   83): 1398548952653	Marionette	DEBUG	Got request: executeWithCallback, data: {"to":"0","sessionId":"3-b2g","name":"executeAsyncScript","parameters":{"specialPowers":false,"scriptTimeout":null,"newSandbox":true,"args":[],"filename":"gaia_test.py","script":"return GaiaApps.displayedApp();","line":66}}, id: {0e6133d9-5df0-4c32-b581-baa7cefba182}
04-26 14:49:19.933 E/GeckoConsole(   83): Content JS LOG at dummy file:392 in GaiaApps.displayedApp: app with origin 'app://{6bdb2c32-e7d7-42e6-8e2e-60c85bf57885}' is displayed
04-26 14:49:19.953 I/Gecko   (   83): 1398548959947	Marionette	INFO	sendToClient: {"from":"0","value":{"frame":{"ELEMENT":"{2fac9ff4-d772-4bfc-8219-ecd71ae2bf43}"},"src":"app://{6bdb2c32-e7d7-42e6-8e2e-60c85bf57885}/index.html","name":"Hoverplanes VS Zombies","origin":"app://{6bdb2c32-e7d7-42e6-8e2e-60c85bf57885}"}}, {0e6133d9-5df0-4c32-b581-baa7cefba182}, {0e6133d9-5df0-4c32-b581-baa7cefba182}
04-26 14:49:20.083 W/WifiHW  (   83): wifi_command: SIGNAL_POLL
04-26 14:49:20.223 I/Gecko   (   83): 1398548960237	Marionette	DEBUG	Got request: switchToFrame, data: {"to":"0","sessionId":"3-b2g","name":"switchToFrame","parameters":{"id":null,"focus":true}}, id: {fd19e548-ebc5-43ff-9869-e9ec7782ee49}
04-26 14:49:20.243 I/Gecko   (   83): 1398548960252	Marionette	INFO	Switched to frame: {"frameValue":null}
04-26 14:49:20.353 I/Gecko   (   83): 1398548960364	Marionette	INFO	sendToClient: {"from":"0","ok":true}, {fd19e548-ebc5-43ff-9869-e9ec7782ee49}, {fd19e548-ebc5-43ff-9869-e9ec7782ee49}
04-26 14:49:20.363 I/Gecko   (   83): 1398548960371	Marionette	DEBUG	Got request: execute, data: {"to":"0","sessionId":"3-b2g","name":"executeScript","parameters":{"specialPowers":false,"scriptTimeout":null,"newSandbox":true,"args":[],"filename":"gaia_test.py","script":"window.wrappedJSObject.dispatchEvent(new Event('home'));","line":788}}, id: {75017af0-7a8b-4c73-9069-769209ae8eb4}
04-26 14:49:20.563 I/Gonk    (   83): Setting nice for pid 3818 to 18
04-26 14:49:20.583 I/Gonk    (   83): Changed nice for pid 3818 from 0 to 18.
04-26 14:49:20.583 I/Gecko   (   83): [Parent 83] WARNING: waitpid failed pid:3818 errno:10: file ../../../gecko/ipc/chromium/src/base/process_util_posix.cc, line 254
04-26 14:49:20.583 I/Gonk    (   83): Setting nice for pid 3818 to 1
04-26 14:49:20.583 I/Gonk    (   83): Changed nice for pid 3818 from 18 to 1.
04-26 14:49:20.663 I/GonkMemoryPressure(   83): Checking to see if memory pressure is over.
04-26 14:49:20.663 I/GonkMemoryPressure(   83): Memory pressure is over.
04-26 14:49:20.733 I/GonkMemoryPressure( 3740): Checking to see if memory pressure is over.
04-26 14:49:20.733 I/GonkMemoryPressure( 3740): Memory pressure is over.
04-26 14:49:20.823 I/Gecko   (   83): 1398548960832	Marionette	INFO	sendToClient: {"from":"0","value":null}, {75017af0-7a8b-4c73-9069-769209ae8eb4}, {75017af0-7a8b-4c73-9069-769209ae8eb4}
04-26 14:49:20.893 I/Gecko   (   83): 1398548960903	Marionette	DEBUG	Got request: switchToFrame, data: {"to":"0","sessionId":"3-b2g","name":"switchToFrame","parameters":{"id":null,"focus":true}}, id: {7797cbeb-6344-4dbd-9ced-5af5933a5db8}
04-26 14:49:20.903 I/GonkMemoryPressure( 3818): Checking to see if memory pressure is over.
04-26 14:49:20.903 I/GonkMemoryPressure( 3818): Memory pressure is over.
04-26 14:49:20.913 I/Gecko   (   83): 1398548960925	Marionette	INFO	Switched to frame: {"frameValue":null}
04-26 14:49:21.013 I/Gecko   (   83): 1398548961028	Marionette	INFO	sendToClient: {"from":"0","ok":true}, {7797cbeb-6344-4dbd-9ced-5af5933a5db8}, {7797cbeb-6344-4dbd-9ced-5af5933a5db8}
04-26 14:49:21.043 I/Gecko   (   83): 1398548961051	Marionette	DEBUG	Got request: executeWithCallback, data: {"to":"0","sessionId":"3-b2g","name":"executeAsyncScript","parameters":{"specialPowers":false,"scriptTimeout":null,"newSandbox":true,"args":[],"filename":"gaia_test.py","script":"return GaiaApps.displayedApp();","line":66}}, id: {b6aabca0-6bf7-4ab7-95a3-acb1532d35f8}
04-26 14:49:21.233 E/GeckoConsole(   83): Content JS LOG at dummy file:392 in GaiaApps.displayedApp: app with origin 'app://homescreen.gaiamobile.org' is displayed
04-26 14:49:21.233 I/Gecko   (   83): 1398548961244	Marionette	INFO	sendToClient: {"from":"0","value":{"frame":{"ELEMENT":"{6abe5318-bb90-46bc-90fb-03634eaa43a4}"},"src":"app://homescreen.gaiamobile.org/index.html#root","name":"Homescreen","origin":"app://homescreen.gaiamobile.org"}}, {b6aabca0-6bf7-4ab7-95a3-acb1532d35f8}, {b6aabca0-6bf7-4ab7-95a3-acb1532d35f8}
04-26 14:49:21.263 I/Gecko   (   83): 1398548961277	Marionette	DEBUG	Got request: switchToFrame, data: {"to":"0","sessionId":"3-b2g","name":"switchToFrame","parameters":{"id":null,"focus":true}}, id: {d6199f95-4028-4543-80e1-d8e8d6b623c4}
04-26 14:49:21.273 I/Gecko   (   83): 1398548961281	Marionette	INFO	Switched to frame: {"frameValue":null}
04-26 14:49:21.373 I/Gecko   (   83): 1398548961383	Marionette	INFO	sendToClient: {"from":"0","ok":true}, {d6199f95-4028-4543-80e1-d8e8d6b623c4}, {d6199f95-4028-4543-80e1-d8e8d6b623c4}
04-26 14:49:21.393 I/Gecko   (   83): 1398548961402	Marionette	DEBUG	Got request: switchToFrame, data: {"to":"0","sessionId":"3-b2g","name":"switchToFrame","parameters":{"id":null,"focus":true}}, id: {8ee899f3-8e86-408a-b0b0-165bc0d4a7a7}
04-26 14:49:21.393 I/Gecko   (   83): 1398548961408	Marionette	INFO	Switched to frame: {"frameValue":null}
04-26 14:49:21.513 I/Gecko   (   83): 1398548961522	Marionette	INFO	sendToClient: {"from":"0","ok":true}, {8ee899f3-8e86-408a-b0b0-165bc0d4a7a7}, {8ee899f3-8e86-408a-b0b0-165bc0d4a7a7}
04-26 14:49:21.533 I/Gecko   (   83): 1398548961544	Marionette	DEBUG	Got request: executeWithCallback, data: {"to":"0","sessionId":"3-b2g","name":"executeAsyncScript","parameters":{"specialPowers":false,"scriptTimeout":null,"newSandbox":true,"args":[],"filename":"gaia_test.py","script":"return GaiaApps.displayedApp();","line":66}}, id: {370abedc-eebe-4211-b2c6-3efca08fec2c}
04-26 14:49:21.633 E/GeckoConsole(   83): Content JS LOG at dummy file:392 in GaiaApps.displayedApp: app with origin 'app://homescreen.gaiamobile.org' is displayed
04-26 14:49:21.643 I/Gecko   (   83): 1398548961651	Marionette	INFO	sendToClient: {"from":"0","value":{"frame":{"ELEMENT":"{6abe5318-bb90-46bc-90fb-03634eaa43a4}"},"src":"app://homescreen.gaiamobile.org/index.html#root","name":"Homescreen","origin":"app://homescreen.gaiamobile.org"}}, {370abedc-eebe-4211-b2c6-3efca08fec2c}, {370abedc-eebe-4211-b2c6-3efca08fec2c}
04-26 14:49:21.663 I/Gecko   (   83): 1398548961672	Marionette	DEBUG	Got request: switchToFrame, data: {"to":"0","sessionId":"3-b2g","name":"switchToFrame","parameters":{"focus":true,"element":"{6abe5318-bb90-46bc-90fb-03634eaa43a4}"}}, id: {67b65e52-c4d7-4416-aeeb-45b2a11cb2bd}
04-26 14:49:21.673 I/Gecko   (   83): 1398548961688	Marionette	INFO	Switched to frame: {"frameValue":"{6abe5318-bb90-46bc-90fb-03634eaa43a4}"}
04-26 14:49:22.003 I/Gecko   (   83): 1398548962013	Marionette	INFO	trying remote frame 0
04-26 14:49:22.023 I/Gecko   (   83): 1398548962035	Marionette	INFO	trying remote frame 1
04-26 14:49:22.033 I/Gecko   (   83): 1398548962041	Marionette	INFO	trying remote frame 2
04-26 14:49:22.043 I/Gecko   (   83): 1398548962051	Marionette	INFO	trying remote frame 3
04-26 14:49:22.043 I/Gecko   (   83): 1398548962052	Marionette	INFO	trying remote frame 4
04-26 14:49:22.043 I/Gecko   (   83): 1398548962054	Marionette	INFO	trying remote frame 5
04-26 14:49:22.043 I/Gecko   (   83): 1398548962055	Marionette	INFO	deleting frame
04-26 14:49:22.053 I/Gecko   (   83): 1398548962064	Marionette	INFO	frame-manager load script: [object ChromeMessageSender]
04-26 14:49:22.543 I/Gecko   ( 3740): [SharedSurface_Gralloc 0x43f84800] destroyed
04-26 14:49:22.593 I/Gonk    (   83): Setting nice for pid 3740 to 7
04-26 14:49:22.593 I/Gonk    (   83): Changed nice for pid 3740 from 1 to 7.
04-26 14:49:22.903 I/Gecko   (   83): 
04-26 14:49:22.903 I/Gecko   (   83): ###!!! [Parent][MessageChannel] Error: Channel error: cannot send/recv
04-26 14:49:22.903 I/Gecko   (   83): 
04-26 14:49:22.943 D/Sensors (   83): activate handle=0; drv=0
04-26 14:49:22.953 D/Sensors (   83): Lis3dhSensor: Control set 0
04-26 14:49:22.953 D/Sensors (   83): Lis3dhSensor: mEnabled = 0
04-26 14:49:23.073 I/GeckoDump(   83): Crash reporter : Can't fetch app.reportCrashes. Exception: [Exception... "Component returned failure code: 0x8000ffff (NS_ERROR_UNEXPECTED) [nsIPrefBranch.getBoolPref]"  nsresult: "0x8000ffff (NS_ERROR_UNEXPECTED)"  location: "JS frame :: chrome://browser/content/shell.js :: shell_reportCrash :: line 7"  data: no]
04-26 14:49:23.123 I/Gecko   (   83): [Parent 83] WARNING: waitpid failed pid:3740 errno:10: file ../../../gecko/ipc/chromium/src/base/process_util_posix.cc, line 254
04-26 14:49:23.143 E/Profiler(   83): BPUnw: [1 total] thread_unregister_for_profiling(me=0x883058)  (NOT REGISTERED) 
04-26 14:49:23.363 I/Gecko   ( 3818): ###################################### forms.js loaded
04-26 14:49:23.413 I/Gecko   ( 3818): ############################### browserElementPanning.js loaded
04-26 14:49:23.433 I/Gecko   ( 3818): ######################## BrowserElementChildPreload.js loaded
04-26 14:49:23.603 E/Profiler(   83): BPUnw: [1 total] thread_unregister_for_profiling(me=0x88fc00)  (NOT REGISTERED) 
04-26 14:49:24.553 E/Profiler(   83): BPUnw: [1 total] thread_unregister_for_profiling(me=0x882238)  (NOT REGISTERED) 
04-26 14:49:24.763 I/Gecko   (   83): 1398548964778	Marionette	INFO	sendToClient: {"from":"0","ok":true}, {67b65e52-c4d7-4416-aeeb-45b2a11cb2bd}, {67b65e52-c4d7-4416-aeeb-45b2a11cb2bd}
04-26 14:49:25.053 I/Gecko   (   83): 1398548965066	Marionette	INFO	sendToClient: {"from":"0","value":"app://homescreen.gaiamobile.org/index.html#root"}, {1dcd48a8-2b56-41fc-97b1-754cd7901db1}, {1dcd48a8-2b56-41fc-97b1-754cd7901db1}
04-26 14:49:25.083 I/Gecko   (   83): 1398548965098	Marionette	DEBUG	Got request: switchToFrame, data: {"to":"0","sessionId":"3-b2g","name":"switchToFrame","parameters":{"id":null,"focus":true}}, id: {8df59837-6e30-47cc-a594-f1c01f8688c0}
04-26 14:49:25.113 W/WifiHW  (   83): wifi_command: SIGNAL_POLL
04-26 14:49:25.133 I/Gecko   (   83): [Parent 83] WARNING: waitpid failed pid:3740 errno:10: file ../../../gecko/ipc/chromium/src/base/process_util_posix.cc, line 254
04-26 14:49:25.133 I/Gecko   (   83): [Parent 83] WARNING: Failed to deliver SIGKILL to 3740!(3).: file ../../../gecko/ipc/chromium/src/chrome/common/process_watcher_posix_sigchld.cc, line 118
04-26 14:49:25.143 I/Gecko   (   83): 1398548965151	Marionette	INFO	Switched to frame: {"frameValue":null}
04-26 14:49:25.243 I/Gecko   (   83): 1398548965254	Marionette	INFO	sendToClient: {"from":"0","ok":true}, {8df59837-6e30-47cc-a594-f1c01f8688c0}, {8df59837-6e30-47cc-a594-f1c01f8688c0}
04-26 14:49:25.253 I/Gecko   (   83): 1398548965260	Marionette	DEBUG	Got request: switchToFrame, data: {"to":"0","sessionId":"3-b2g","name":"switchToFrame","parameters":{"id":null,"focus":true}}, id: {2a76455e-a168-47d0-8794-6e2698a7bff7}
04-26 14:49:25.253 I/Gecko   (   83): 1398548965262	Marionette	INFO	Switched to frame: {"frameValue":null}
04-26 14:49:25.363 I/Gecko   (   83): 1398548965371	Marionette	INFO	sendToClient: {"from":"0","ok":true}, {2a76455e-a168-47d0-8794-6e2698a7bff7}, {2a76455e-a168-47d0-8794-6e2698a7bff7}
04-26 14:49:25.383 I/Gecko   (   83): 1398548965393	Marionette	DEBUG	Got request: executeWithCallback, data: {"to":"0","sessionId":"3-b2g","name":"executeAsyncScript","parameters":{"specialPowers":false,"scriptTimeout":null,"newSandbox":true,"args":[],"filename":"gaia_test.py","script":"GaiaApps.killAll()","line":91}}, id: {9354b904-7530-4f01-973a-a615f90e2b00}
04-26 14:49:25.423 I/Gecko   (   83): 1398548965430	Marionette	INFO	sendToClient: {"from":"0","value":true}, {9354b904-7530-4f01-973a-a615f90e2b00}, {9354b904-7530-4f01-973a-a615f90e2b00}
04-26 14:49:25.423 I/Gecko   (   83): 1398548965436	Marionette	DEBUG	Got request: switchToFrame, data: {"to":"0","sessionId":"3-b2g","name":"switchToFrame","parameters":{"id":null,"focus":true}}, id: {0716f4d0-bad0-4d44-aaa6-b92932ef30ec}
04-26 14:49:25.433 I/Gecko   (   83): 1398548965440	Marionette	INFO	Switched to frame: {"frameValue":null}
04-26 14:49:25.543 I/Gecko   (   83): 1398548965553	Marionette	INFO	sendToClient: {"from":"0","ok":true}, {0716f4d0-bad0-4d44-aaa6-b92932ef30ec}, {0716f4d0-bad0-4d44-aaa6-b92932ef30ec}
04-26 14:49:25.553 I/Gecko   (   83): 1398548965560	Marionette	DEBUG	Got request: executeWithCallback, data: {"to":"0","sessionId":"3-b2g","name":"executeAsyncScript","parameters":{"specialPowers":false,"scriptTimeout":60000,"newSandbox":true,"args":[],"filename":"app_checker.py","script":"\n        GaiaApps.locateWithManifestURL('https://marketplace.firefox.com/app/e16b3d48-972d-4eff-ad74-2912c54cc8a1/manifest.webapp',\n                                       null,\n                                       function uninstall(app) {\n                                       navigator.mozApps.mgmt.uninstall(app);\n                                       marionetteScriptFinished(true);\n                                       });\n        ","line":129}}, id: {70d87742-3a83-4493-b1cc-ad71761bb7db}
04-26 14:49:25.603 I/Gecko   (   83): -- webapps.js uninstall https://marketplace.firefox.com/app/e16b3d48-972d-4eff-ad74-2912c54cc8a1/manifest.webapp
04-26 14:49:25.893 I/Gecko   (   83): 1398548965904	Marionette	INFO	sendToClient: {"from":"0","value":true}, {70d87742-3a83-4493-b1cc-ad71761bb7db}, {70d87742-3a83-4493-b1cc-ad71761bb7db}
04-26 14:49:25.923 I/Gonk    (   83): Setting nice for pid 3838 to 18
04-26 14:49:25.923 I/Gonk    (   83): Changed nice for pid 3838 from 0 to 18.