04-26 08:34:50.930 I/Gecko   (   83): 1398526490922	Marionette	INFO	sendToClient: {"from":"0","value":""}, {130c1634-4eb9-47a9-9700-26697de9fd77}, {130c1634-4eb9-47a9-9700-26697de9fd77}
04-26 08:34:50.950 I/Gecko   (   83): 1398526490957	Marionette	INFO	sendToClient: {"from":"0","value":""}, {dc5fc9bd-b3be-4d96-8480-98d8ec975596}, {dc5fc9bd-b3be-4d96-8480-98d8ec975596}
04-26 08:34:50.960 I/Gecko   (   83): 1398526490970	Marionette	INFO	sendToClient: {"from":"0","value":""}, {716eadc7-1b77-4ac3-82f3-e818f6612f85}, {716eadc7-1b77-4ac3-82f3-e818f6612f85}
04-26 08:34:50.990 I/Gecko   (   83): 1398526491000	Marionette	INFO	sendToClient: {"from":"0","value":""}, {dbdbb20c-cfa9-4f2b-9ccf-d940e2b51115}, {dbdbb20c-cfa9-4f2b-9ccf-d940e2b51115}
04-26 08:34:51.030 I/Gecko   (   83): 1398526491040	Marionette	INFO	sendToClient: {"from":"0","value":""}, {1ab20aed-f88c-4a5d-b5e1-aa07f3ea5b4a}, {1ab20aed-f88c-4a5d-b5e1-aa07f3ea5b4a}
04-26 08:34:51.070 I/Gecko   (   83): 1398526491077	Marionette	INFO	sendToClient: {"from":"0","value":""}, {a46b900b-9eff-431e-bad2-7dfb67fefe31}, {a46b900b-9eff-431e-bad2-7dfb67fefe31}
04-26 08:34:51.080 I/Gecko   (   83): 1398526491089	Marionette	INFO	sendToClient: {"from":"0","value":""}, {1de857db-0288-412d-9abf-7e1679944e62}, {1de857db-0288-412d-9abf-7e1679944e62}
04-26 08:34:51.120 I/Gecko   (   83): 1398526491124	Marionette	INFO	sendToClient: {"from":"0","value":""}, {4db3b061-9877-48f3-8293-0c73fcd420e2}, {4db3b061-9877-48f3-8293-0c73fcd420e2}
04-26 08:34:51.130 I/Gecko   (   83): 1398526491137	Marionette	INFO	sendToClient: {"from":"0","value":""}, {98478ccd-1bb9-4e87-b4f5-18a239498fae}, {98478ccd-1bb9-4e87-b4f5-18a239498fae}
04-26 08:34:51.170 I/Gecko   (   83): 1398526491174	Marionette	INFO	sendToClient: {"from":"0","value":""}, {b2e996d4-5e2d-4101-842a-0fc89d323a11}, {b2e996d4-5e2d-4101-842a-0fc89d323a11}
04-26 08:34:51.230 I/Gecko   (   83): 1398526491237	Marionette	INFO	sendToClient: {"from":"0","value":""}, {d2920300-1082-4ddf-9da3-d3242fcb7ac7}, {d2920300-1082-4ddf-9da3-d3242fcb7ac7}
04-26 08:34:51.290 I/Gecko   (   83): 1398526491293	Marionette	INFO	sendToClient: {"from":"0","value":""}, {85bdbd94-64bf-442e-be0d-40d42664c73b}, {85bdbd94-64bf-442e-be0d-40d42664c73b}
04-26 08:34:51.310 I/Gecko   (   83): 1398526491320	Marionette	INFO	sendToClient: {"from":"0","value":""}, {ab136dc9-3550-4f1c-9a46-3cfd499489e4}, {ab136dc9-3550-4f1c-9a46-3cfd499489e4}
04-26 08:34:51.350 I/Gecko   (   83): 1398526491354	Marionette	INFO	sendToClient: {"from":"0","value":""}, {0a42cfe1-b4c8-46da-bd9a-c8e069daaf01}, {0a42cfe1-b4c8-46da-bd9a-c8e069daaf01}
04-26 08:34:51.360 I/Gecko   ( 1862): ###################################### forms.js loaded
04-26 08:34:51.380 I/Gecko   (   83): 1398526491387	Marionette	INFO	sendToClient: {"from":"0","value":""}, {039de66b-4f21-40d3-ac8a-744a9a9979fd}, {039de66b-4f21-40d3-ac8a-744a9a9979fd}
04-26 08:34:51.390 I/Gecko   (   83): 1398526491400	Marionette	INFO	sendToClient: {"from":"0","value":""}, {ecf378c9-1c28-43cf-8768-713867620095}, {ecf378c9-1c28-43cf-8768-713867620095}
04-26 08:34:51.410 I/Gecko   (   83): 1398526491421	Marionette	INFO	sendToClient: {"from":"0","value":""}, {0b7c4af5-1d69-40bf-b345-24de41bb072f}, {0b7c4af5-1d69-40bf-b345-24de41bb072f}
04-26 08:34:51.440 I/Gecko   ( 1862): ############################### browserElementPanning.js loaded
04-26 08:34:51.460 I/Gecko   (   83): 1398526491466	Marionette	INFO	sendToClient: {"from":"0","value":""}, {7b12d6a9-bf92-4fb1-9e14-5baafc66fb63}, {7b12d6a9-bf92-4fb1-9e14-5baafc66fb63}
04-26 08:34:51.490 I/Gecko   (   83): 1398526491494	Marionette	INFO	sendToClient: {"from":"0","value":""}, {daca5d71-fc80-4459-a510-7178836736c5}, {daca5d71-fc80-4459-a510-7178836736c5}
04-26 08:34:51.500 I/Gecko   (   83): 1398526491512	Marionette	INFO	sendToClient: {"from":"0","value":""}, {b75113c9-819f-4bf9-b42c-cde576d63eca}, {b75113c9-819f-4bf9-b42c-cde576d63eca}
04-26 08:34:51.510 I/Gecko   ( 1862): ######################## BrowserElementChildPreload.js loaded
04-26 08:34:51.520 I/Gecko   (   83): 1398526491531	Marionette	INFO	sendToClient: {"from":"0","value":""}, {fe084a73-9fd8-4ffa-ab10-1c02c5847a76}, {fe084a73-9fd8-4ffa-ab10-1c02c5847a76}
04-26 08:34:51.550 I/Gecko   (   83): 1398526491560	Marionette	INFO	sendToClient: {"from":"0","value":""}, {433e343f-46e4-4541-87fa-4fc7ad9c8fb4}, {433e343f-46e4-4541-87fa-4fc7ad9c8fb4}
04-26 08:34:51.590 I/Gecko   (   83): 1398526491599	Marionette	INFO	sendToClient: {"from":"0","value":""}, {b96c3ad2-0586-4a70-9d6e-899a37244ca2}, {b96c3ad2-0586-4a70-9d6e-899a37244ca2}
04-26 08:34:51.620 I/Gecko   (   83): 1398526491631	Marionette	INFO	sendToClient: {"from":"0","value":""}, {9b9787ff-c2d1-4c35-87db-6903719e1234}, {9b9787ff-c2d1-4c35-87db-6903719e1234}
04-26 08:34:51.650 I/Gecko   (   83): 1398526491658	Marionette	INFO	sendToClient: {"from":"0","value":""}, {b6335d82-0c8d-47ce-b2e6-768e4ed34657}, {b6335d82-0c8d-47ce-b2e6-768e4ed34657}
04-26 08:34:51.700 I/Gecko   (   83): 1398526491708	Marionette	INFO	sendToClient: {"from":"0","value":""}, {28a024de-e1b7-4191-95ce-dc7933387333}, {28a024de-e1b7-4191-95ce-dc7933387333}
04-26 08:34:51.730 I/Gecko   (   83): 1398526491737	Marionette	INFO	sendToClient: {"from":"0","value":""}, {40094abe-e347-4475-bff5-2a600f30531b}, {40094abe-e347-4475-bff5-2a600f30531b}
04-26 08:34:51.780 I/Gecko   (   83): 1398526491786	Marionette	INFO	sendToClient: {"from":"0","value":""}, {9014d666-52cb-4885-a65d-684f8815c543}, {9014d666-52cb-4885-a65d-684f8815c543}
04-26 08:34:51.820 I/Gecko   (   83): 1398526491824	Marionette	INFO	sendToClient: {"from":"0","value":""}, {028df4d7-27af-43a8-b23c-f1841ece8443}, {028df4d7-27af-43a8-b23c-f1841ece8443}
04-26 08:34:51.850 I/Gecko   (   83): 1398526491853	Marionette	INFO	sendToClient: {"from":"0","value":""}, {c179b1dc-c8b9-4753-9a3f-1bc40649f5b4}, {c179b1dc-c8b9-4753-9a3f-1bc40649f5b4}
04-26 08:34:51.900 I/Gecko   (   83): 1398526491910	Marionette	INFO	sendToClient: {"from":"0","value":""}, {da437059-ac50-4fd4-9864-02c8b25d9516}, {da437059-ac50-4fd4-9864-02c8b25d9516}
04-26 08:34:51.930 I/Gecko   (   83): 1398526491936	Marionette	INFO	sendToClient: {"from":"0","value":""}, {447a8d82-e9ea-49e4-8125-bf62ee5b39b5}, {447a8d82-e9ea-49e4-8125-bf62ee5b39b5}
04-26 08:34:51.970 I/Gecko   (   83): 1398526491981	Marionette	INFO	sendToClient: {"from":"0","value":""}, {9044765e-a318-4bc3-8186-84b8fa690fde}, {9044765e-a318-4bc3-8186-84b8fa690fde}
04-26 08:34:52.010 I/Gecko   (   83): 1398526492020	Marionette	INFO	sendToClient: {"from":"0","value":""}, {c35c3d6e-480f-45ef-a93f-ec9caac00af6}, {c35c3d6e-480f-45ef-a93f-ec9caac00af6}
04-26 08:34:52.090 I/Gecko   (   83): 1398526492094	Marionette	INFO	sendToClient: {"from":"0","value":""}, {2d9ea627-5673-43fa-8903-ed867503ae52}, {2d9ea627-5673-43fa-8903-ed867503ae52}
04-26 08:34:52.120 I/Gecko   (   83): 1398526492126	Marionette	INFO	sendToClient: {"from":"0","value":""}, {ee84c77a-60d3-4c3a-93f6-d5594fa9f984}, {ee84c77a-60d3-4c3a-93f6-d5594fa9f984}
04-26 08:34:52.150 I/Gecko   (   83): 1398526492156	Marionette	INFO	sendToClient: {"from":"0","value":""}, {4c8f2234-7093-4c9e-8863-95d3fad5eea9}, {4c8f2234-7093-4c9e-8863-95d3fad5eea9}
04-26 08:34:52.170 I/Gecko   (   83): 1398526492178	Marionette	INFO	sendToClient: {"from":"0","value":""}, {7b5cd20f-31b8-4e6c-9351-7a5ee996991a}, {7b5cd20f-31b8-4e6c-9351-7a5ee996991a}
04-26 08:34:52.220 I/Gecko   (   83): 1398526492224	Marionette	INFO	sendToClient: {"from":"0","value":""}, {59074385-1838-43ca-b118-489386c0a3ed}, {59074385-1838-43ca-b118-489386c0a3ed}
04-26 08:34:52.280 I/Gecko   (   83): 1398526492285	Marionette	INFO	sendToClient: {"from":"0","value":""}, {139f985f-6dfe-42fa-a5e2-9f6a0aab40b9}, {139f985f-6dfe-42fa-a5e2-9f6a0aab40b9}
04-26 08:34:52.330 I/Gecko   (   83): 1398526492333	Marionette	INFO	sendToClient: {"from":"0","value":""}, {2b10e7d9-c747-42ca-a420-984b792803fc}, {2b10e7d9-c747-42ca-a420-984b792803fc}
04-26 08:34:52.360 I/Gecko   (   83): 1398526492364	Marionette	INFO	sendToClient: {"from":"0","value":""}, {92cdd6f0-4a59-462c-8784-53727431eda1}, {92cdd6f0-4a59-462c-8784-53727431eda1}
04-26 08:34:52.380 I/Gecko   ( 1862): ###################################### forms.js loaded
04-26 08:34:52.390 I/Gecko   (   83): 1398526492394	Marionette	INFO	sendToClient: {"from":"0","value":""}, {1d18f195-9777-434f-b13f-9a887f7225c6}, {1d18f195-9777-434f-b13f-9a887f7225c6}
04-26 08:34:52.420 I/Gecko   ( 1862): ############################### browserElementPanning.js loaded
04-26 08:34:52.430 I/Gecko   (   83): 1398526492433	Marionette	INFO	sendToClient: {"from":"0","value":""}, {ac160243-06c2-4262-9206-d08458fadf86}, {ac160243-06c2-4262-9206-d08458fadf86}
04-26 08:34:52.450 I/Gecko   (   83): 1398526492453	Marionette	INFO	sendToClient: {"from":"0","value":""}, {3b62db98-3039-4b50-b60e-8664ff8b4c18}, {3b62db98-3039-4b50-b60e-8664ff8b4c18}
04-26 08:34:52.500 I/Gecko   (   83): 1398526492507	Marionette	INFO	sendToClient: {"from":"0","value":""}, {fcbb4354-b7fc-4c01-8b96-9fc647ad8826}, {fcbb4354-b7fc-4c01-8b96-9fc647ad8826}
04-26 08:34:52.530 I/Gecko   (   83): 1398526492533	Marionette	INFO	sendToClient: {"from":"0","value":""}, {38f23543-bd0c-4cc6-8d85-6482dcc8ce1f}, {38f23543-bd0c-4cc6-8d85-6482dcc8ce1f}
04-26 08:34:52.540 I/Gecko   ( 1862): ######################## BrowserElementChildPreload.js loaded
04-26 08:34:52.550 I/Gecko   (   83): 1398526492557	Marionette	INFO	sendToClient: {"from":"0","value":""}, {e7e8d9fe-7bbc-42c4-a41f-9f1835c81a6d}, {e7e8d9fe-7bbc-42c4-a41f-9f1835c81a6d}
04-26 08:34:52.580 I/Gecko   (   83): 1398526492591	Marionette	INFO	sendToClient: {"from":"0","value":""}, {63530979-f6ce-43f3-8c0b-47583e2dce36}, {63530979-f6ce-43f3-8c0b-47583e2dce36}
04-26 08:34:52.590 I/GeckoDump(   83): XXX FIXME : Got a mozContentEvent: undefined
04-26 08:34:52.680 I/Gecko   (   83): 1398526492692	Marionette	INFO	sendToClient: {"from":"0","value":""}, {3ca65edb-ab77-4883-82e3-13131e20a873}, {3ca65edb-ab77-4883-82e3-13131e20a873}
04-26 08:34:52.880 I/Gecko   (   83): 1398526492888	Marionette	INFO	sendToClient: {"from":"0","value":""}, {b06ea31e-e59c-4b0c-b59c-2243085af1dd}, {b06ea31e-e59c-4b0c-b59c-2243085af1dd}
04-26 08:34:53.620 I/Gecko   (   83): 1398526493624	Marionette	INFO	sendToClient: {"from":"0","value":""}, {7fb8fd64-40a6-4e74-8ca0-fdf66d7e2000}, {7fb8fd64-40a6-4e74-8ca0-fdf66d7e2000}
04-26 08:34:53.670 I/Gecko   (   83): 1398526493678	Marionette	INFO	sendToClient: {"from":"0","value":""}, {cdcf0485-ad9a-4133-8018-1a1bac392629}, {cdcf0485-ad9a-4133-8018-1a1bac392629}
04-26 08:34:53.790 I/Gecko   (   83): 1398526493793	Marionette	INFO	sendToClient: {"from":"0","value":""}, {8c0a18c7-e7a6-4a8e-9187-fcaf1b0dfcd6}, {8c0a18c7-e7a6-4a8e-9187-fcaf1b0dfcd6}
04-26 08:34:53.980 I/Gonk    (   83): Setting nice for pid 1882 to 18
04-26 08:34:53.990 I/Gonk    (   83): Changed nice for pid 1882 from 0 to 18.
04-26 08:34:54.140 I/Gecko   (   83): 1398526494145	Marionette	INFO	sendToClient: {"from":"0","value":""}, {a33fafaa-b3c5-4782-9436-6498c753b512}, {a33fafaa-b3c5-4782-9436-6498c753b512}
04-26 08:34:54.260 I/Gecko   (   83): 1398526494264	Marionette	INFO	sendToClient: {"from":"0","value":""}, {76f485d6-af7f-416c-bf3d-f1370c86b7d7}, {76f485d6-af7f-416c-bf3d-f1370c86b7d7}
04-26 08:34:54.300 I/Gecko   (   83): 1398526494303	Marionette	INFO	sendToClient: {"from":"0","value":""}, {d691217f-6d2c-40c8-8b5e-e0ff3834825b}, {d691217f-6d2c-40c8-8b5e-e0ff3834825b}
04-26 08:34:54.310 I/Gecko   (   83): 1398526494317	Marionette	INFO	sendToClient: {"from":"0","value":""}, {0fe63b82-924d-4cd2-b6f2-10120282ac12}, {0fe63b82-924d-4cd2-b6f2-10120282ac12}
04-26 08:34:54.310 E/GeckoConsole( 1862): [JavaScript Error: "uncaught exception: target window is same as present window -- not allowed"]
04-26 08:34:54.320 I/Gecko   (   83): 1398526494329	Marionette	DEBUG	Got request: switchToFrame, data: {"to":"0","sessionId":"3-b2g","name":"switchToFrame","parameters":{"id":null,"focus":true}}, id: {0410d5f5-53cd-4018-bf61-34f1edcbf289}
04-26 08:34:54.330 I/Gecko   (   83): 1398526494340	Marionette	INFO	Switched to frame: {"frameValue":null}
04-26 08:34:54.440 I/Gecko   (   83): 1398526494452	Marionette	INFO	sendToClient: {"from":"0","ok":true}, {0410d5f5-53cd-4018-bf61-34f1edcbf289}, {0410d5f5-53cd-4018-bf61-34f1edcbf289}
04-26 08:34:54.460 I/Gecko   (   83): 1398526494464	Marionette	DEBUG	Got request: switchToFrame, data: {"to":"0","sessionId":"3-b2g","name":"switchToFrame","parameters":{"id":null,"focus":true}}, id: {085bc319-5610-490d-a3f2-ccfbfcbc2a4d}
04-26 08:34:54.460 I/Gecko   (   83): 1398526494466	Marionette	INFO	Switched to frame: {"frameValue":null}
04-26 08:34:54.640 I/Gecko   (   83): 1398526494646	Marionette	INFO	sendToClient: {"from":"0","ok":true}, {085bc319-5610-490d-a3f2-ccfbfcbc2a4d}, {085bc319-5610-490d-a3f2-ccfbfcbc2a4d}
04-26 08:34:54.650 I/Gecko   (   83): 1398526494662	Marionette	DEBUG	Got request: executeWithCallback, data: {"to":"0","sessionId":"3-b2g","name":"executeAsyncScript","parameters":{"specialPowers":false,"scriptTimeout":null,"newSandbox":true,"args":[],"filename":"gaia_test.py","script":"return GaiaApps.displayedApp();","line":66}}, id: {2c045921-bd4a-4e48-b385-b5250f105215}
04-26 08:34:54.950 I/GeckoDump(   83): XXX FIXME : Got a mozContentEvent: undefined
04-26 08:34:55.150 I/Gecko   (   83): 1398526495158	Marionette	INFO	sendToClient: {"from":"0","value":{"frame":{"ELEMENT":"{0ee07e47-f711-473c-9ff7-f90f9b44d9f7}"},"src":"app://browser.gaiamobile.org/index.html","name":"Browser","origin":"app://browser.gaiamobile.org"}}, {2c045921-bd4a-4e48-b385-b5250f105215}, {2c045921-bd4a-4e48-b385-b5250f105215}
04-26 08:34:55.150 E/GeckoConsole(   83): Content JS LOG at dummy file:392 in GaiaApps.displayedApp: app with origin 'app://browser.gaiamobile.org' is displayed
04-26 08:34:55.160 W/WifiHW  (   83): wifi_command: SIGNAL_POLL
04-26 08:34:55.180 E/GeckoConsole(   83): Content JS LOG at https://marketplace.cdn.mozilla.net/media/fireplace/js/include.js?b=1398192110201:5 in s/<: [mkt] Reloading chrome
04-26 08:34:55.280 I/Gecko   (   83): [Parent 83] WARNING: waitpid failed pid:1862 errno:10: file ../../../gecko/ipc/chromium/src/base/process_util_posix.cc, line 254
04-26 08:34:55.330 I/Gecko   (   83): 1398526495334	Marionette	DEBUG	Got request: switchToFrame, data: {"to":"0","sessionId":"3-b2g","name":"switchToFrame","parameters":{"focus":true,"element":"{0ee07e47-f711-473c-9ff7-f90f9b44d9f7}"}}, id: {cc3b2ce3-32f7-454c-95b3-d977ddf8079a}
04-26 08:34:55.330 I/Gecko   (   83): 1398526495341	Marionette	INFO	Switched to frame: {"frameValue":"{0ee07e47-f711-473c-9ff7-f90f9b44d9f7}"}
04-26 08:34:55.460 I/Gecko   (   83): 1398526495467	Marionette	INFO	sendToClient: {"from":"0","ok":true}, {cc3b2ce3-32f7-454c-95b3-d977ddf8079a}, {cc3b2ce3-32f7-454c-95b3-d977ddf8079a}
04-26 08:34:55.470 I/Gecko   (   83): 1398526495474	Marionette	INFO	sendToClient: {"from":"0","value":"https://marketplace.firefox.com/"}, {ac334076-7889-45f9-84c8-259bb0bd46a4}, {ac334076-7889-45f9-84c8-259bb0bd46a4}
04-26 08:34:55.470 I/Gecko   (   83): 1398526495482	Marionette	DEBUG	Got request: execute, data: {"to":"0","sessionId":"3-b2g","name":"executeScript","parameters":{"specialPowers":false,"scriptTimeout":null,"newSandbox":true,"args":[],"filename":"app_checker.py","script":"return window.wrappedJSObject.marionette_install_result","line":339}}, id: {44fd75e5-1512-44dd-b914-be8dde183aba}
04-26 08:34:55.500 I/Gecko   (   83): 1398526495505	Marionette	INFO	sendToClient: {"from":"0","value":"NETWORK_ERROR"}, {44fd75e5-1512-44dd-b914-be8dde183aba}, {44fd75e5-1512-44dd-b914-be8dde183aba}
04-26 08:34:55.500 I/Gecko   (   83): 1398526495512	Marionette	DEBUG	Got request: switchToFrame, data: {"to":"0","sessionId":"3-b2g","name":"switchToFrame","parameters":{"id":null,"focus":true}}, id: {a15f2fc5-fc53-460c-b887-98fede022e1c}
04-26 08:34:55.510 I/Gecko   (   83): 1398526495514	Marionette	INFO	Switched to frame: {"frameValue":null}
04-26 08:34:55.670 I/Gecko   (   83): 1398526495679	Marionette	INFO	sendToClient: {"from":"0","ok":true}, {a15f2fc5-fc53-460c-b887-98fede022e1c}, {a15f2fc5-fc53-460c-b887-98fede022e1c}
04-26 08:34:55.680 I/Gecko   (   83): 1398526495686	Marionette	DEBUG	Got request: executeWithCallback, data: {"to":"0","sessionId":"3-b2g","name":"executeAsyncScript","parameters":{"specialPowers":false,"scriptTimeout":60000,"newSandbox":true,"args":[],"filename":"app_checker.py","script":"\n        GaiaApps.locateWithManifestURL('http://dev03.randombrains.com/manifest.webapp',\n                                       null,\n                                       function uninstall(app) {\n                                       navigator.mozApps.mgmt.uninstall(app);\n                                       marionetteScriptFinished(true);\n                                       });\n        ","line":129}}, id: {6f079bcc-9f3e-440b-be2d-8a910fde9de3}
04-26 08:34:55.710 I/Gecko   (   83): 1398526495712	Marionette	INFO	sendToClient: {"from":"0","error":{"message":"TypeError: app is null","status":17,"stacktrace":"execute_async_script @app_checker.py, line 129\ninline javascript, line 221\nsrc: \"      appName = app.manifest.name;\""}}, {6f079bcc-9f3e-440b-be2d-8a910fde9de3}, {6f079bcc-9f3e-440b-be2d-8a910fde9de3}