--------- beginning of /dev/log/main
04-25 21:18:30.867 I/Gecko   (   83): 1398485910877	Marionette	INFO	sendToClient: {"from":"0","ok":true}, {8249200b-a0c6-4447-95f6-4000e208aaf2}, {8249200b-a0c6-4447-95f6-4000e208aaf2}
04-25 21:18:30.897 I/Gecko   (   83): 1398485910910	Marionette	DEBUG	Got request: switchToFrame, data: {"to":"0","sessionId":"3-b2g","name":"switchToFrame","parameters":{"id":null,"focus":true}}, id: {a7212aa9-19c5-49e9-843b-25c93e066bb5}
04-25 21:18:30.897 I/Gecko   (   83): 1398485910912	Marionette	INFO	Switched to frame: {"frameValue":null}
04-25 21:18:31.007 I/Gecko   (   83): 1398485911022	Marionette	INFO	sendToClient: {"from":"0","ok":true}, {a7212aa9-19c5-49e9-843b-25c93e066bb5}, {a7212aa9-19c5-49e9-843b-25c93e066bb5}
04-25 21:18:31.037 I/Gecko   (   83): 1398485911053	Marionette	DEBUG	Got request: executeWithCallback, data: {"to":"0","sessionId":"3-b2g","name":"executeAsyncScript","parameters":{"specialPowers":false,"scriptTimeout":null,"newSandbox":true,"args":[],"filename":"gaia_test.py","script":"return GaiaApps.displayedApp();","line":66}}, id: {f667d521-a7d2-4c73-b51a-c65c8bf255ef}
04-25 21:18:31.127 I/Gecko   (   83): 1398485911143	Marionette	INFO	sendToClient: {"from":"0","value":{"frame":{"ELEMENT":"{04d9e1aa-1dcc-488d-a027-b4d726c82d3c}"},"src":"app://homescreen.gaiamobile.org/index.html#root","name":"Homescreen","origin":"app://homescreen.gaiamobile.org"}}, {f667d521-a7d2-4c73-b51a-c65c8bf255ef}, {f667d521-a7d2-4c73-b51a-c65c8bf255ef}
04-25 21:18:31.147 E/GeckoConsole(   83): Content JS LOG at dummy file:392 in GaiaApps.displayedApp: app with origin 'app://homescreen.gaiamobile.org' is displayed
04-25 21:18:31.177 I/Gecko   (   83): 1398485911194	Marionette	DEBUG	Got request: switchToFrame, data: {"to":"0","sessionId":"3-b2g","name":"switchToFrame","parameters":{"id":null,"focus":true}}, id: {95876f40-4868-483b-a30d-09b48bf7001b}
04-25 21:18:31.187 I/Gecko   (   83): 1398485911200	Marionette	INFO	Switched to frame: {"frameValue":null}
04-25 21:18:31.287 I/Gecko   (   83): 1398485911303	Marionette	INFO	sendToClient: {"from":"0","ok":true}, {95876f40-4868-483b-a30d-09b48bf7001b}, {95876f40-4868-483b-a30d-09b48bf7001b}
04-25 21:18:31.297 I/Gecko   (   83): 1398485911309	Marionette	DEBUG	Got request: switchToFrame, data: {"to":"0","sessionId":"3-b2g","name":"switchToFrame","parameters":{"id":null,"focus":true}}, id: {41dd4309-18d4-4fa1-8748-58d1a0956aed}
04-25 21:18:31.297 I/Gecko   (   83): 1398485911311	Marionette	INFO	Switched to frame: {"frameValue":null}
04-25 21:18:31.397 I/Gecko   (   83): 1398485911414	Marionette	INFO	sendToClient: {"from":"0","ok":true}, {41dd4309-18d4-4fa1-8748-58d1a0956aed}, {41dd4309-18d4-4fa1-8748-58d1a0956aed}
04-25 21:18:31.407 I/Gecko   (   83): 1398485911421	Marionette	DEBUG	Got request: executeWithCallback, data: {"to":"0","sessionId":"3-b2g","name":"executeAsyncScript","parameters":{"specialPowers":false,"scriptTimeout":null,"newSandbox":true,"args":[],"filename":"gaia_test.py","script":"return GaiaApps.displayedApp();","line":66}}, id: {f02bec20-74cf-44a4-b3f4-526dea92f54f}
04-25 21:18:31.477 E/GeckoConsole(   83): Content JS LOG at dummy file:392 in GaiaApps.displayedApp: app with origin 'app://homescreen.gaiamobile.org' is displayed
04-25 21:18:31.477 I/Gecko   (   83): 1398485911491	Marionette	INFO	sendToClient: {"from":"0","value":{"frame":{"ELEMENT":"{04d9e1aa-1dcc-488d-a027-b4d726c82d3c}"},"src":"app://homescreen.gaiamobile.org/index.html#root","name":"Homescreen","origin":"app://homescreen.gaiamobile.org"}}, {f02bec20-74cf-44a4-b3f4-526dea92f54f}, {f02bec20-74cf-44a4-b3f4-526dea92f54f}
04-25 21:18:31.487 I/Gecko   (   83): 1398485911497	Marionette	DEBUG	Got request: switchToFrame, data: {"to":"0","sessionId":"3-b2g","name":"switchToFrame","parameters":{"focus":true,"element":"{04d9e1aa-1dcc-488d-a027-b4d726c82d3c}"}}, id: {75e7ec2c-7024-4faa-b2a7-931818e468c8}
04-25 21:18:31.487 I/Gecko   (   83): 1398485911504	Marionette	INFO	Switched to frame: {"frameValue":"{04d9e1aa-1dcc-488d-a027-b4d726c82d3c}"}
04-25 21:18:31.497 I/Gecko   (   83): 1398485911517	Marionette	INFO	trying remote frame 0
04-25 21:18:31.507 I/Gecko   (   83): 1398485911526	Marionette	INFO	trying remote frame 1
04-25 21:18:31.517 I/Gecko   (   83): 1398485911529	Marionette	INFO	deleting frame
04-25 21:18:31.517 I/Gecko   (   83): 1398485911534	Marionette	INFO	frame-manager load script: [object ChromeMessageSender]
04-25 21:18:31.747 W/WifiHW  (   83): wifi_command: SIGNAL_POLL
04-25 21:18:32.087 I/Gecko   (   83): 1398485912106	Marionette	INFO	sendToClient: {"from":"0","ok":true}, {75e7ec2c-7024-4faa-b2a7-931818e468c8}, {75e7ec2c-7024-4faa-b2a7-931818e468c8}
04-25 21:18:32.217 I/Gecko   (   83): 1398485912229	Marionette	INFO	sendToClient: {"from":"0","value":{"ELEMENT":"{b432f9da-19a7-4703-b5db-f798e7b402e8}"}}, {18d74110-7b48-4a17-b6c4-46cecb57fbab}, {18d74110-7b48-4a17-b6c4-46cecb57fbab}
04-25 21:18:32.477 E/GeckoConsole( 1397): [JavaScript Warning: "Use of getAttributeNode() is deprecated. Use getAttribute() instead." {file: "chrome://marionette/content/atoms.js" line: 25}]
04-25 21:18:32.487 E/GeckoConsole( 1397): [JavaScript Warning: "Use of attributes' specified attribute is deprecated. It always returns true." {file: "chrome://marionette/content/atoms.js" line: 25}]
04-25 21:18:32.487 I/Gecko   (   83): 1398485912504	Marionette	INFO	sendToClient: {"from":"0","value":"normal"}, {d4b10216-65f3-49dd-9028-b210e2ff72a6}, {d4b10216-65f3-49dd-9028-b210e2ff72a6}
04-25 21:18:32.497 I/Gecko   (   83): 1398485912511	Marionette	DEBUG	Got request: switchToFrame, data: {"to":"0","sessionId":"3-b2g","name":"switchToFrame","parameters":{"id":null,"focus":true}}, id: {cee6c7d5-2416-4b0a-b336-31eafb785728}
04-25 21:18:32.507 I/Gecko   (   83): 1398485912527	Marionette	INFO	Switched to frame: {"frameValue":null}
04-25 21:18:32.617 I/Gecko   (   83): 1398485912629	Marionette	INFO	sendToClient: {"from":"0","ok":true}, {cee6c7d5-2416-4b0a-b336-31eafb785728}, {cee6c7d5-2416-4b0a-b336-31eafb785728}
04-25 21:18:32.617 I/Gecko   (   83): 1398485912636	Marionette	DEBUG	Got request: execute, data: {"to":"0","sessionId":"3-b2g","name":"executeScript","parameters":{"specialPowers":false,"scriptTimeout":null,"newSandbox":true,"args":[],"filename":"gaia_test.py","script":"window.wrappedJSObject.dispatchEvent(new Event('home'));","line":788}}, id: {4a20cb1a-8e9e-47ee-8770-93b10b292e79}
04-25 21:18:32.737 I/Gecko   (   83): 1398485912756	Marionette	INFO	sendToClient: {"from":"0","value":null}, {4a20cb1a-8e9e-47ee-8770-93b10b292e79}, {4a20cb1a-8e9e-47ee-8770-93b10b292e79}
04-25 21:18:32.767 I/Gecko   (   83): 1398485912783	Marionette	DEBUG	Got request: switchToFrame, data: {"to":"0","sessionId":"3-b2g","name":"switchToFrame","parameters":{"id":null,"focus":true}}, id: {d32e4b40-eead-4e32-8c20-f62a691c9032}
04-25 21:18:32.777 I/Gecko   (   83): 1398485912788	Marionette	INFO	Switched to frame: {"frameValue":null}
04-25 21:18:32.887 I/Gecko   (   83): 1398485912900	Marionette	INFO	sendToClient: {"from":"0","ok":true}, {d32e4b40-eead-4e32-8c20-f62a691c9032}, {d32e4b40-eead-4e32-8c20-f62a691c9032}
04-25 21:18:32.897 I/Gecko   (   83): 1398485912907	Marionette	DEBUG	Got request: switchToFrame, data: {"to":"0","sessionId":"3-b2g","name":"switchToFrame","parameters":{"id":null,"focus":true}}, id: {ff7b39fc-9323-489f-b2f3-5cd31c94c723}
04-25 21:18:32.897 I/Gecko   (   83): 1398485912909	Marionette	INFO	Switched to frame: {"frameValue":null}
04-25 21:18:32.997 I/Gecko   (   83): 1398485913012	Marionette	INFO	sendToClient: {"from":"0","ok":true}, {ff7b39fc-9323-489f-b2f3-5cd31c94c723}, {ff7b39fc-9323-489f-b2f3-5cd31c94c723}
04-25 21:18:33.007 I/Gecko   (   83): 1398485913019	Marionette	DEBUG	Got request: executeWithCallback, data: {"to":"0","sessionId":"3-b2g","name":"executeAsyncScript","parameters":{"specialPowers":false,"scriptTimeout":null,"newSandbox":true,"args":[],"filename":"gaia_test.py","script":"return GaiaApps.displayedApp();","line":66}}, id: {8a3a5e89-c176-4251-9c17-ba1fb6f1c1c9}
04-25 21:18:33.067 I/Gecko   (   83): 1398485913085	Marionette	INFO	sendToClient: {"from":"0","value":{"frame":{"ELEMENT":"{04d9e1aa-1dcc-488d-a027-b4d726c82d3c}"},"src":"app://homescreen.gaiamobile.org/index.html#rootFri%20Apr%2025%202014%2021:18:32%20GMT-0700%20(UTC)","name":"Homescreen","origin":"app://homescreen.gaiamobile.org"}}, {8a3a5e89-c176-4251-9c17-ba1fb6f1c1c9}, {8a3a5e89-c176-4251-9c17-ba1fb6f1c1c9}
04-25 21:18:33.087 I/Gecko   (   83): 1398485913098	Marionette	DEBUG	Got request: switchToFrame, data: {"to":"0","sessionId":"3-b2g","name":"switchToFrame","parameters":{"focus":true,"element":"{04d9e1aa-1dcc-488d-a027-b4d726c82d3c}"}}, id: {4fe32838-0066-4dc9-8bdc-ec150f325688}
04-25 21:18:33.087 E/GeckoConsole(   83): Content JS LOG at dummy file:392 in GaiaApps.displayedApp: app with origin 'app://homescreen.gaiamobile.org' is displayed
04-25 21:18:33.087 I/Gecko   (   83): 1398485913105	Marionette	INFO	Switched to frame: {"frameValue":"{04d9e1aa-1dcc-488d-a027-b4d726c82d3c}"}
04-25 21:18:33.097 I/Gecko   (   83): 1398485913109	Marionette	INFO	trying remote frame 0
04-25 21:18:33.097 I/Gecko   (   83): 1398485913115	Marionette	INFO	trying remote frame 1
04-25 21:18:33.257 I/Gecko   (   83): 1398485913276	Marionette	INFO	sendToClient: {"from":"0","ok":true}, {4fe32838-0066-4dc9-8bdc-ec150f325688}, {4fe32838-0066-4dc9-8bdc-ec150f325688}
04-25 21:18:33.267 I/Gecko   (   83): 1398485913284	Marionette	DEBUG	Got request: execute, data: {"to":"0","sessionId":"3-b2g","name":"executeScript","parameters":{"specialPowers":false,"scriptTimeout":null,"newSandbox":true,"args":[],"filename":"gaia_test.py","script":"return window.wrappedJSObject.GridManager.pageHelper.getCurrentPageNumber();","line":784}}, id: {2773d0a7-18cf-4a8b-9390-e09f64413cd5}
04-25 21:18:34.427 I/Gecko   (   83): 1398485914440	Marionette	INFO	sendToClient: {"from":"0","value":0}, {2773d0a7-18cf-4a8b-9390-e09f64413cd5}, {2773d0a7-18cf-4a8b-9390-e09f64413cd5}
04-25 21:18:34.517 E/GeckoConsole( 1397): Content JS WARN at app://homescreen.gaiamobile.org/gaia_build_defer_index.js:184 in isHiddenApp: Unexpected role when checking hidden app: undefined
04-25 21:18:34.517 E/GeckoConsole( 1397): Content JS WARN at app://homescreen.gaiamobile.org/gaia_build_defer_index.js:184 in isHiddenApp: Unexpected role when checking hidden app: undefined
04-25 21:18:34.517 E/GeckoConsole( 1397): Content JS WARN at app://homescreen.gaiamobile.org/gaia_build_defer_index.js:184 in isHiddenApp: Unexpected role when checking hidden app: undefined
04-25 21:18:34.517 E/GeckoConsole( 1397): Content JS WARN at app://homescreen.gaiamobile.org/gaia_build_defer_index.js:184 in isHiddenApp: Unexpected role when checking hidden app: undefined
04-25 21:18:34.527 E/GeckoConsole( 1397): Content JS WARN at app://homescreen.gaiamobile.org/gaia_build_defer_index.js:184 in isHiddenApp: Unexpected role when checking hidden app: undefined
04-25 21:18:34.527 E/GeckoConsole( 1397): Content JS WARN at app://homescreen.gaiamobile.org/gaia_build_defer_index.js:184 in isHiddenApp: Unexpected role when checking hidden app: undefined
04-25 21:18:34.527 E/GeckoConsole( 1397): Content JS WARN at app://homescreen.gaiamobile.org/gaia_build_defer_index.js:184 in isHiddenApp: Unexpected role when checking hidden app: undefined
04-25 21:18:34.527 E/GeckoConsole( 1397): Content JS WARN at app://homescreen.gaiamobile.org/gaia_build_defer_index.js:184 in isHiddenApp: Unexpected role when checking hidden app: undefined
04-25 21:18:34.527 E/GeckoConsole( 1397): Content JS WARN at app://homescreen.gaiamobile.org/gaia_build_defer_index.js:184 in isHiddenApp: Unexpected role when checking hidden app: undefined
04-25 21:18:34.527 E/GeckoConsole( 1397): Content JS WARN at app://homescreen.gaiamobile.org/gaia_build_defer_index.js:184 in isHiddenApp: Unexpected role when checking hidden app: undefined
04-25 21:18:34.527 E/GeckoConsole( 1397): Content JS WARN at app://homescreen.gaiamobile.org/gaia_build_defer_index.js:184 in isHiddenApp: Unexpected role when checking hidden app: undefined
04-25 21:18:34.527 E/GeckoConsole( 1397): Content JS WARN at app://homescreen.gaiamobile.org/gaia_build_defer_index.js:184 in isHiddenApp: Unexpected role when checking hidden app: undefined
04-25 21:18:34.527 E/GeckoConsole( 1397): Content JS WARN at app://homescreen.gaiamobile.org/gaia_build_defer_index.js:184 in isHiddenApp: Unexpected role when checking hidden app: undefined
04-25 21:18:34.527 E/GeckoConsole( 1397): Content JS WARN at app://homescreen.gaiamobile.org/gaia_build_defer_index.js:184 in isHiddenApp: Unexpected role when checking hidden app: undefined
04-25 21:18:34.537 E/GeckoConsole( 1397): Content JS WARN at app://homescreen.gaiamobile.org/gaia_build_defer_index.js:184 in isHiddenApp: Unexpected role when checking hidden app: undefined
04-25 21:18:34.537 E/GeckoConsole( 1397): Content JS WARN at app://homescreen.gaiamobile.org/gaia_build_defer_index.js:184 in isHiddenApp: Unexpected role when checking hidden app: undefined
04-25 21:18:34.537 E/GeckoConsole( 1397): Content JS WARN at app://homescreen.gaiamobile.org/gaia_build_defer_index.js:184 in isHiddenApp: Unexpected role when checking hidden app: undefined
04-25 21:18:34.537 E/GeckoConsole( 1397): Content JS WARN at app://homescreen.gaiamobile.org/gaia_build_defer_index.js:184 in isHiddenApp: Unexpected role when checking hidden app: undefined
04-25 21:18:34.647 I/Gecko   (   83): 1398485914658	Marionette	INFO	sendToClient: {"from":"0","value":["{37c61de2-2394-4b0e-bb15-84da3f36276c}","{2b9a3135-41b4-48cb-9241-ebd5248bdc3a}","{35836d55-a2fb-435b-a8b7-d3cd91847748}","{d7a0b293-7b52-4eaa-ae8f-97174b142fc5}","{a7e2ad06-d629-44b8-802b-f9fb453b6482}","{642d18da-1b68-44ab-94dc-5632ff31481f}","{c8d793a0-73e7-4b03-b65c-031553a787d7}","{fd162169-d1ae-4d12-805b-3f8f38074f65}","{eb451b50-1075-44ba-906c-fae1cc3e61b4}","{5e30cbc8-cc64-4650-8071-36c78306b163}","{b176f94c-21bb-4583-abd5-35cf9794cd8b}","{cf2e76d0-d6b5-42d1-8e3a-5627242c63fa}","{a088ab6e-9a37-4561-881c-6848fcbe62d0}","{7264e8dd-0733-4745-9e51-d1a2aa55d913}","{a17c377b-9dc5-4077-a6c2-a175e6f3da13}","{d28c2ced-6f2e-43af-a5e9-22081b83b529}","{83a15ea0-3074-42e4-8041-53914c4bc8f9}","{01651444-1915-4d02-9960-76ced636ac3c}","{4239e773-6083-4433-a6a2-e196434bbe15}","{e0bcc103-8569-417e-8983-dae4d8f8797e}","{6841ac3e-b50f-4c06-b7d0-f706d500c064}","{ff450a1f-6cfe-4f71-aa5c-1ce282ee3702}"]}, {fd1dcb73-2bf7-4f11-8afe-93bbd0ef1884}, {fd1dcb73-2bf
04-25 21:18:35.017 I/Gecko   (   83): 1398485915036	Marionette	INFO	sendToClient: {"from":"0","value":"app://homescreen.gaiamobile.org/index.html#rootFri%20Apr%2025%202014%2021:18:32%20GMT-0700%20(UTC)"}, {f7ee9387-422e-4def-84c7-9293cc7e08e5}, {f7ee9387-422e-4def-84c7-9293cc7e08e5}
04-25 21:18:35.057 I/Gecko   (   83): 1398485915076	Marionette	DEBUG	Got request: switchToFrame, data: {"to":"0","sessionId":"3-b2g","name":"switchToFrame","parameters":{"id":null,"focus":true}}, id: {57585382-c2c3-41fb-b707-9569df382f2b}
04-25 21:18:35.137 I/Gecko   (   83): 1398485915148	Marionette	INFO	Switched to frame: {"frameValue":null}
04-25 21:18:35.237 I/Gecko   (   83): 1398485915252	Marionette	INFO	sendToClient: {"from":"0","ok":true}, {57585382-c2c3-41fb-b707-9569df382f2b}, {57585382-c2c3-41fb-b707-9569df382f2b}
04-25 21:18:35.247 I/Gecko   (   83): 1398485915260	Marionette	DEBUG	Got request: switchToFrame, data: {"to":"0","sessionId":"3-b2g","name":"switchToFrame","parameters":{"id":null,"focus":true}}, id: {c1ade895-726f-42e5-b93e-46fe42930509}
04-25 21:18:35.247 I/Gecko   (   83): 1398485915262	Marionette	INFO	Switched to frame: {"frameValue":null}
04-25 21:18:35.307 V/AudioPolicyManagerBase(   88): startOutput() output 1, stream 1, session 7
04-25 21:18:35.307 V/AudioPolicyManagerBase(   88): changeRefCount() stream 1, count 1
04-25 21:18:35.307 V/AudioPolicyManagerBase(   88): getDeviceForStrategy() from cache strategy 0, device 2
04-25 21:18:35.307 V/AudioPolicyManagerBase(   88): getNewDevice() selected device 2
04-25 21:18:35.307 D/AudioPolicyManagerBase(   88): setOutputDevice() output 1 device 2 delayMs 0
04-25 21:18:35.307 V/AudioPolicyManagerBase(   88): setOutputDevice() setting same device 2 or null device for output 1
04-25 21:18:35.307 E/AudioPolicyManagerBase(   88): checkAndSetVolume stream=1, index=0, output=1, device=2
04-25 21:18:35.307 E/AudioPolicyManagerBase(   88): computeVolume, streamDesc=0xcc9bb8
04-25 21:18:35.347 I/Gecko   (   83): 1398485915365	Marionette	INFO	sendToClient: {"from":"0","ok":true}, {c1ade895-726f-42e5-b93e-46fe42930509}, {c1ade895-726f-42e5-b93e-46fe42930509}
04-25 21:18:35.357 I/Gecko   (   83): 1398485915373	Marionette	DEBUG	Got request: executeWithCallback, data: {"to":"0","sessionId":"3-b2g","name":"executeAsyncScript","parameters":{"specialPowers":false,"scriptTimeout":30000,"newSandbox":true,"args":[],"filename":"app_checker.py","script":"GaiaApps.launchWithManifestURL('https://marketplace.firefox.com/app/22e9572d-7b08-4552-bc32-8065ea40ef8b/manifest.webapp')","line":106}}, id: {c55bec86-0f8d-492a-8247-77e7d21919f4}
04-25 21:18:35.407 W/AudioFlinger(   88): Thread AudioOut_1 cannot connect to the power manager service
04-25 21:18:35.407 V/AudioPolicyManagerBase(   88): stopOutput() output 1, stream 1, session 7
04-25 21:18:35.407 V/AudioPolicyManagerBase(   88): changeRefCount() stream 1, count 0
04-25 21:18:35.407 V/AudioPolicyManagerBase(   88): getNewDevice() selected device 0
04-25 21:18:35.407 D/AudioPolicyManagerBase(   88): setOutputDevice() output 1 device 0 delayMs 290
04-25 21:18:35.407 V/AudioPolicyManagerBase(   88): setOutputDevice() setting same device 0 or null device for output 1
04-25 21:18:35.417 V/AudioPolicyManagerBase(   88): startOutput() output 1, stream 1, session 7
04-25 21:18:35.417 V/AudioPolicyManagerBase(   88): changeRefCount() stream 1, count 1
04-25 21:18:35.417 V/AudioPolicyManagerBase(   88): getDeviceForStrategy() from cache strategy 0, device 2
04-25 21:18:35.417 V/AudioPolicyManagerBase(   88): getNewDevice() selected device 2
04-25 21:18:35.417 D/AudioPolicyManagerBase(   88): setOutputDevice() output 1 device 2 delayMs 0
04-25 21:18:35.417 V/AudioPolicyManagerBase(   88): setOutputDevice() setting same device 2 or null device for output 1
04-25 21:18:35.417 E/AudioPolicyManagerBase(   88): checkAndSetVolume stream=1, index=0, output=1, device=2
04-25 21:18:35.417 E/AudioPolicyManagerBase(   88): computeVolume, streamDesc=0xcc9bb8
04-25 21:18:35.417 V/AudioPolicyManagerBase(   88): stopOutput() output 1, stream 1, session 7
04-25 21:18:35.417 V/AudioPolicyManagerBase(   88): changeRefCount() stream 1, count 0
04-25 21:18:35.417 V/AudioPolicyManagerBase(   88): getNewDevice() selected device 0
04-25 21:18:35.417 D/AudioPolicyManagerBase(   88): setOutputDevice() output 1 device 0 delayMs 290
04-25 21:18:35.417 V/AudioPolicyManagerBase(   88): setOutputDevice() setting same device 0 or null device for output 1
04-25 21:18:35.427 V/AudioPolicyManagerBase(   88): releaseOutput() 1
04-25 21:18:35.487 I/Gonk    (   83): Setting nice for pid 1406 to 18
04-25 21:18:35.487 I/Gonk    (   83): Changed nice for pid 1406 from 18 to 18.
04-25 21:18:35.487 I/Gecko   (   83): [Parent 83] WARNING: waitpid failed pid:1406 errno:10: file ../../../gecko/ipc/chromium/src/base/process_util_posix.cc, line 254
04-25 21:18:35.497 I/Gonk    (   83): Setting nice for pid 1406 to 1
04-25 21:18:35.497 I/Gonk    (   83): Changed nice for pid 1406 from 18 to 1.
04-25 21:18:35.537 E/GeckoConsole(   83): Content JS LOG at dummy file:334 in GaiaApps.launch: launching app with name 'Importer'
04-25 21:18:35.637 E/[Gralloc-ERROR](   83): int gralloc_register_buffer(const gralloc_module_t*, const native_handle_t*):79 Unable to register handle 0x49d503d0 coming from different process: 83
04-25 21:18:35.657 E/[Gralloc-ERROR](   83): int gralloc_register_buffer(const gralloc_module_t*, const native_handle_t*):79 Unable to register handle 0x49d50470 coming from different process: 83
04-25 21:18:35.667 E/[Gralloc-ERROR](   83): int gralloc_register_buffer(const gralloc_module_t*, const native_handle_t*):79 Unable to register handle 0x49d50650 coming from different process: 83
04-25 21:18:35.667 E/[Gralloc-ERROR](   83): int gralloc_register_buffer(const gralloc_module_t*, const native_handle_t*):79 Unable to register handle 0x49d507e0 coming from different process: 83
04-25 21:18:35.867 D/Sensors (   83): activate handle=0; drv=0
04-25 21:18:35.877 D/Sensors (   83): Lis3dhSensor: Control set 1
04-25 21:18:35.877 D/Sensors (   83): Lis3dhSensor: mEnabled = 1
04-25 21:18:35.927 I/Gonk    (   83): Setting nice for pid 1397 to 18
04-25 21:18:35.927 I/Gonk    (   83): Changed nice for pid 1397 from 1 to 18.
04-25 21:18:36.267 I/Gonk    (   83): Setting nice for pid 1455 to 18
04-25 21:18:36.287 I/Gonk    (   83): Changed nice for pid 1455 from 0 to 18.
04-25 21:18:36.837 I/Gecko   ( 1406): ###################################### forms.js loaded
04-25 21:18:36.847 W/WifiHW  (   83): wifi_command: SIGNAL_POLL
04-25 21:18:36.897 I/Gecko   ( 1406): ############################### browserElementPanning.js loaded
04-25 21:18:36.927 I/Gecko   ( 1406): ######################## BrowserElementChildPreload.js loaded
04-25 21:18:38.527 E/GeckoConsole(   83): Content JS LOG at dummy file:326 in GaiaApps.launch/appOpen/<: app with origin 'app://{d267ae14-4280-4a15-a024-5d6178439361}' has launched
04-25 21:18:38.547 I/Gecko   (   83): 1398485918559	Marionette	INFO	sendToClient: {"from":"0","value":{"frame":{"ELEMENT":"{7ecf5f03-2cc9-486b-a4de-a97467a0b7e6}"},"src":"app://{d267ae14-4280-4a15-a024-5d6178439361}/index.html","name":"Importer","origin":"app://{d267ae14-4280-4a15-a024-5d6178439361}"}}, {c55bec86-0f8d-492a-8247-77e7d21919f4}, {c55bec86-0f8d-492a-8247-77e7d21919f4}
04-25 21:18:38.607 E/[Gralloc-ERROR](   83): int gralloc_unregister_buffer(const gralloc_module_t*, const native_handle_t*):274 Trying to unregister buffer 0x49d503d0 from process 83 that was not created in current process: 83
04-25 21:18:38.617 E/[Gralloc-ERROR](   83): int gralloc_unregister_buffer(const gralloc_module_t*, const native_handle_t*):274 Trying to unregister buffer 0x49d50470 from process 83 that was not created in current process: 83
04-25 21:18:38.617 E/[Gralloc-ERROR](   83): int gralloc_unregister_buffer(const gralloc_module_t*, const native_handle_t*):274 Trying to unregister buffer 0x49d507e0 from process 83 that was not created in current process: 83
04-25 21:18:38.617 E/[Gralloc-ERROR](   83): int gralloc_unregister_buffer(const gralloc_module_t*, const native_handle_t*):274 Trying to unregister buffer 0x49d50650 from process 83 that was not created in current process: 83
04-25 21:18:38.617 I/Gecko   (   83): 1398485918635	Marionette	DEBUG	Got request: switchToFrame, data: {"to":"0","sessionId":"3-b2g","name":"switchToFrame","parameters":{"focus":true,"element":"{7ecf5f03-2cc9-486b-a4de-a97467a0b7e6}"}}, id: {77598243-6706-4199-88c1-2d4ca076fdbe}
04-25 21:18:38.647 I/Gecko   (   83): 1398485918659	Marionette	INFO	Switched to frame: {"frameValue":"{7ecf5f03-2cc9-486b-a4de-a97467a0b7e6}"}
04-25 21:18:38.647 I/Gecko   (   83): 1398485918662	Marionette	INFO	trying remote frame 0
04-25 21:18:38.647 I/Gecko   (   83): 1398485918666	Marionette	INFO	trying remote frame 1
04-25 21:18:38.667 I/Gecko   (   83): 1398485918678	Marionette	INFO	trying remote frame 2
04-25 21:18:38.667 I/Gecko   (   83): 1398485918684	Marionette	INFO	frame-manager load script: [object ChromeMessageSender]
04-25 21:18:39.647 I/Gecko   (   83): 1398485919665	Marionette	INFO	sendToClient: {"from":"0","ok":true}, {77598243-6706-4199-88c1-2d4ca076fdbe}, {77598243-6706-4199-88c1-2d4ca076fdbe}
04-25 21:18:39.657 I/Gecko   (   83): 
04-25 21:18:39.657 I/Gecko   (   83): ###!!! [Parent][MessageChannel] Error: Channel error: cannot send/recv
04-25 21:18:39.657 I/Gecko   (   83): 
04-25 21:18:39.747 I/Gecko   (   83): [Parent 83] WARNING: waitpid failed pid:1397 errno:10: file ../../../gecko/ipc/chromium/src/base/process_util_posix.cc, line 254
04-25 21:18:39.807 I/Gecko   (   83): 1398485919822	Marionette	INFO	sendToClient: {"from":"0","value":"app://{d267ae14-4280-4a15-a024-5d6178439361}/index.html"}, {6bb74b39-fd87-43d8-867e-90d968f73844}, {6bb74b39-fd87-43d8-867e-90d968f73844}
04-25 21:18:39.817 I/Gecko   (   83): 1398485919829	Marionette	DEBUG	Got request: execute, data: {"to":"0","sessionId":"3-b2g","name":"executeScript","parameters":{"specialPowers":false,"scriptTimeout":null,"newSandbox":true,"args":[],"filename":"app_checker.py","script":"return window.document.readyState;","line":191}}, id: {dc42da93-126e-40f4-b85d-ff3027e22d0b}
04-25 21:18:39.947 I/Gecko   (   83): 1398485919964	Marionette	INFO	sendToClient: {"from":"0","value":"complete"}, {dc42da93-126e-40f4-b85d-ff3027e22d0b}, {dc42da93-126e-40f4-b85d-ff3027e22d0b}
04-25 21:18:39.957 I/Gecko   (   83): 1398485919973	Marionette	INFO	sendToClient: {"from":"0","value":"app://{d267ae14-4280-4a15-a024-5d6178439361}/index.html"}, {87c70df1-38ef-4756-b7a1-00151ec6a31d}, {87c70df1-38ef-4756-b7a1-00151ec6a31d}
04-25 21:18:39.967 I/Gecko   ( 1406): Attempting load of libEGL.so
04-25 21:18:40.037 D/libEGL  ( 1406): loaded /system/lib/egl/libEGL_mali.so
04-25 21:18:40.067 D/libEGL  ( 1406): loaded /system/lib/egl/libGLESv1_CM_mali.so
04-25 21:18:40.087 D/libEGL  ( 1406): loaded /system/lib/egl/libGLESv2_mali.so
04-25 21:18:40.147 I/Gecko   ( 1406): SharedSurface_Gralloc::Create -------
04-25 21:18:40.177 I/Gecko   ( 1406): SharedSurface_Gralloc::Create: success -- surface 0x43ead840, GraphicBuffer 0x43e92600.
04-25 21:18:41.467 I/Gecko   (   83): 1398485921482	Marionette	INFO	sendToClient: {"from":"0","value":"iVBORw0KGgoAAAANSUhEUgAAAUAAAAHMCAYAAACk4nEJAAAgAElEQVR4nOy9eVwcZ3rvq8nMZCYnk5vc3HtPkknOZM4kNyf3Jjfn5PZ47MyS8XhyZFveYo9l2Y6X8SJblrzO2B5XNfumHSSxSSBA7Eu3xCKQxA5CrEIYAZJAYhE7NNACxCJoun7nj6ZedXVVN13QqJH7+X4+z+cDVW+97/Mu9eu33lqeTTXvbQIZGRmZJ9omdztARkZG5i4jASQjI/NYIwEkIyPzWCMBJCMj81gjASQjI/NY21SzfRPIyMjIPNFoBkhGRuaxRjNAMjIyjzUSQDIyMo81EkAyMjKPNRJAMjIyjzUSQDIyMo81EkAyMjKPNRJAMjIyj7VNNW9swkayps9/gK4T76A/1x+9ui/QEfUCGj74P9zuF9kmXPzoz9Aa9BBagx5CzZu/53Z/yMjWahtGAC99+j0Yv8yFEuY7M7iZ+Slqt/++2/1s2PUnaNv9M3REveBxvnQl7mB9UvfOt91e/41kG2lckDlvG0IAv+T/Hgu3Bi1iZ7oD45d56M/xw+DZ/ZjqqLSccYIZbXsfdruvogiYbo97nC8kgBunL8hcY24XwLp3/wBzg1cAAPOGLjT97m9laa4e2IzOuDfc3lg1b2ysgU4CuHFsI40LMufN7QLYk/7J8gRvCZd9/rv6PN78Gpp9/gmd8W+hJ/0TXD/6Ei5+9GcOj2n85Lto9vpHtrZY+9Y3cGX/v6En9UNcP/Yymj7/geyYix/9ZzR7/SP68wIBAEtzk2j2+kdmdTv+UJK+7t0/wJW9v8CN2NfQk/4JOqJeQLPPPzldp8u+/8NSp9QPcTX0MVz86D+v2pfat76Ott0/Q2fcG+hO3okr+x6R5OesrSSAtu1a9+4foD38WfSkfYyO6G2o3/Edqzr+Htr2/BzdqR/g+tEXcenT7zndX/U7voOOyO
04-25 21:18:41.707 I/Gecko   (   83): 1398485921725	Marionette	INFO	sendToClient: {"from":"0","ok":true}, {61104ec9-2583-4c0a-96a6-0d0914a10c51}, {61104ec9-2583-4c0a-96a6-0d0914a10c51}
04-25 21:18:41.757 I/Gecko   (   83): [Parent 83] WARNING: waitpid failed pid:1397 errno:10: file ../../../gecko/ipc/chromium/src/base/process_util_posix.cc, line 254
04-25 21:18:41.757 I/Gecko   (   83): [Parent 83] WARNING: Failed to deliver SIGKILL to 1397!(3).: file ../../../gecko/ipc/chromium/src/chrome/common/process_watcher_posix_sigchld.cc, line 118
04-25 21:18:41.767 I/Gecko   (   83): 1398485921777	Marionette	DEBUG	Got request: switchToFrame, data: {"to":"0","sessionId":"3-b2g","name":"switchToFrame","parameters":{"id":null,"focus":true}}, id: {ae73c370-c2e8-4540-b98c-09ccdb1e9477}
04-25 21:18:41.787 I/Gecko   (   83): 1398485921802	Marionette	INFO	Switched to frame: {"frameValue":null}
04-25 21:18:42.147 W/WifiHW  (   83): wifi_command: SIGNAL_POLL
04-25 21:18:42.217 I/Gecko   (   83): 1398485922230	Marionette	INFO	sendToClient: {"from":"0","ok":true}, {ae73c370-c2e8-4540-b98c-09ccdb1e9477}, {ae73c370-c2e8-4540-b98c-09ccdb1e9477}
04-25 21:18:42.437 I/Gecko   (   83): 1398485922450	Marionette	DEBUG	Got request: executeWithCallback, data: {"to":"0","sessionId":"3-b2g","name":"executeAsyncScript","parameters":{"specialPowers":false,"scriptTimeout":null,"newSandbox":true,"args":[],"filename":"gaia_test.py","script":"return GaiaApps.displayedApp();","line":66}}, id: {ecdb61e2-522b-4ed6-8b8a-8ef48ca5c030}
04-25 21:18:42.507 I/Gecko   (   83): 1398485922523	Marionette	INFO	sendToClient: {"from":"0","value":{"frame":{"ELEMENT":"{7ecf5f03-2cc9-486b-a4de-a97467a0b7e6}"},"src":"app://{d267ae14-4280-4a15-a024-5d6178439361}/index.html","name":"Importer","origin":"app://{d267ae14-4280-4a15-a024-5d6178439361}"}}, {ecdb61e2-522b-4ed6-8b8a-8ef48ca5c030}, {ecdb61e2-522b-4ed6-8b8a-8ef48ca5c030}
04-25 21:18:42.507 E/GeckoConsole(   83): Content JS LOG at dummy file:392 in GaiaApps.displayedApp: app with origin 'app://{d267ae14-4280-4a15-a024-5d6178439361}' is displayed
04-25 21:18:42.517 I/Gecko   (   83): 1398485922531	Marionette	DEBUG	Got request: switchToFrame, data: {"to":"0","sessionId":"3-b2g","name":"switchToFrame","parameters":{"id":null,"focus":true}}, id: {446f1e33-b4d1-4023-810f-3182ca4c3292}
04-25 21:18:42.517 I/Gecko   (   83): 1398485922533	Marionette	INFO	Switched to frame: {"frameValue":null}
04-25 21:18:42.617 I/Gecko   (   83): 1398485922635	Marionette	INFO	sendToClient: {"from":"0","ok":true}, {446f1e33-b4d1-4023-810f-3182ca4c3292}, {446f1e33-b4d1-4023-810f-3182ca4c3292}
04-25 21:18:42.627 I/Gecko   (   83): 1398485922642	Marionette	DEBUG	Got request: execute, data: {"to":"0","sessionId":"3-b2g","name":"executeScript","parameters":{"specialPowers":false,"scriptTimeout":null,"newSandbox":true,"args":[],"filename":"gaia_test.py","script":"window.wrappedJSObject.dispatchEvent(new Event('home'));","line":788}}, id: {6fd7aca7-0230-40b4-9d79-ce73d7835d3b}
04-25 21:18:42.777 I/Gonk    (   83): Setting nice for pid 1455 to 18
04-25 21:18:42.777 I/Gonk    (   83): Changed nice for pid 1455 from 18 to 18.
04-25 21:18:42.777 I/Gecko   (   83): [Parent 83] WARNING: waitpid failed pid:1455 errno:10: file ../../../gecko/ipc/chromium/src/base/process_util_posix.cc, line 254
04-25 21:18:42.777 I/Gonk    (   83): Setting nice for pid 1455 to 1
04-25 21:18:42.787 I/Gonk    (   83): Changed nice for pid 1455 from 18 to 1.
04-25 21:18:42.817 D/Sensors (   83): activate handle=0; drv=0
04-25 21:18:42.817 D/Sensors (   83): Lis3dhSensor: Control set 0
04-25 21:18:42.817 D/Sensors (   83): Lis3dhSensor: mEnabled = 0
04-25 21:18:42.847 I/Gecko   (   83): 1398485922859	Marionette	INFO	sendToClient: {"from":"0","value":null}, {6fd7aca7-0230-40b4-9d79-ce73d7835d3b}, {6fd7aca7-0230-40b4-9d79-ce73d7835d3b}
04-25 21:18:42.897 I/Gecko   (   83): 1398485922914	Marionette	DEBUG	Got request: switchToFrame, data: {"to":"0","sessionId":"3-b2g","name":"switchToFrame","parameters":{"id":null,"focus":true}}, id: {a2c3b6a1-dd02-4347-8bf5-be315443a146}
04-25 21:18:42.907 I/Gecko   (   83): 1398485922919	Marionette	INFO	Switched to frame: {"frameValue":null}
04-25 21:18:43.037 I/Gonk    (   83): Setting nice for pid 1474 to 18
04-25 21:18:43.037 I/Gonk    (   83): Changed nice for pid 1474 from 0 to 18.
04-25 21:18:43.057 I/Gecko   (   83): 1398485923071	Marionette	INFO	sendToClient: {"from":"0","ok":true}, {a2c3b6a1-dd02-4347-8bf5-be315443a146}, {a2c3b6a1-dd02-4347-8bf5-be315443a146}
04-25 21:18:43.067 I/Gecko   (   83): 1398485923084	Marionette	DEBUG	Got request: executeWithCallback, data: {"to":"0","sessionId":"3-b2g","name":"executeAsyncScript","parameters":{"specialPowers":false,"scriptTimeout":null,"newSandbox":true,"args":[],"filename":"gaia_test.py","script":"return GaiaApps.displayedApp();","line":66}}, id: {4aecd474-c5be-47f8-ac66-50686cd3a43f}
04-25 21:18:43.137 I/Gecko   (   83): 1398485923148	Marionette	INFO	sendToClient: {"from":"0","value":{"frame":{"ELEMENT":"{a321fbe4-8e99-4979-8fd2-df53d03f7d2c}"},"src":"app://homescreen.gaiamobile.org/index.html#root","name":"Homescreen","origin":"app://homescreen.gaiamobile.org"}}, {4aecd474-c5be-47f8-ac66-50686cd3a43f}, {4aecd474-c5be-47f8-ac66-50686cd3a43f}
04-25 21:18:43.137 E/GeckoConsole(   83): Content JS LOG at dummy file:392 in GaiaApps.displayedApp: app with origin 'app://homescreen.gaiamobile.org' is displayed
04-25 21:18:43.147 I/Gecko   (   83): 1398485923159	Marionette	DEBUG	Got request: switchToFrame, data: {"to":"0","sessionId":"3-b2g","name":"switchToFrame","parameters":{"id":null,"focus":true}}, id: {a4f00ce6-c365-46c4-868e-0968a5f3043f}
04-25 21:18:43.147 I/Gecko   (   83): 1398485923167	Marionette	INFO	Switched to frame: {"frameValue":null}
04-25 21:18:43.257 I/Gecko   (   83): 1398485923275	Marionette	INFO	sendToClient: {"from":"0","ok":true}, {a4f00ce6-c365-46c4-868e-0968a5f3043f}, {a4f00ce6-c365-46c4-868e-0968a5f3043f}
04-25 21:18:43.267 I/Gecko   (   83): 1398485923282	Marionette	DEBUG	Got request: switchToFrame, data: {"to":"0","sessionId":"3-b2g","name":"switchToFrame","parameters":{"id":null,"focus":true}}, id: {672744d4-8693-4721-9118-16b63393b2da}
04-25 21:18:43.277 I/Gecko   (   83): 1398485923289	Marionette	INFO	Switched to frame: {"frameValue":null}
04-25 21:18:43.377 I/Gecko   (   83): 1398485923392	Marionette	INFO	sendToClient: {"from":"0","ok":true}, {672744d4-8693-4721-9118-16b63393b2da}, {672744d4-8693-4721-9118-16b63393b2da}
04-25 21:18:43.387 I/Gecko   (   83): 1398485923399	Marionette	DEBUG	Got request: executeWithCallback, data: {"to":"0","sessionId":"3-b2g","name":"executeAsyncScript","parameters":{"specialPowers":false,"scriptTimeout":null,"newSandbox":true,"args":[],"filename":"gaia_test.py","script":"return GaiaApps.displayedApp();","line":66}}, id: {c138350d-3172-4a52-8dbc-6f1f9b8f3a34}
04-25 21:18:43.437 I/Gecko   (   83): 1398485923453	Marionette	INFO	sendToClient: {"from":"0","value":{"frame":{"ELEMENT":"{a321fbe4-8e99-4979-8fd2-df53d03f7d2c}"},"src":"app://homescreen.gaiamobile.org/index.html#root","name":"Homescreen","origin":"app://homescreen.gaiamobile.org"}}, {c138350d-3172-4a52-8dbc-6f1f9b8f3a34}, {c138350d-3172-4a52-8dbc-6f1f9b8f3a34}
04-25 21:18:43.447 E/GeckoConsole(   83): Content JS LOG at dummy file:392 in GaiaApps.displayedApp: app with origin 'app://homescreen.gaiamobile.org' is displayed
04-25 21:18:43.457 I/Gecko   (   83): 1398485923472	Marionette	DEBUG	Got request: switchToFrame, data: {"to":"0","sessionId":"3-b2g","name":"switchToFrame","parameters":{"focus":true,"element":"{a321fbe4-8e99-4979-8fd2-df53d03f7d2c}"}}, id: {a518b4a4-b20a-499e-9c8d-45bbc411e9ca}
04-25 21:18:43.477 I/Gecko   (   83): 1398485923496	Marionette	INFO	Switched to frame: {"frameValue":"{a321fbe4-8e99-4979-8fd2-df53d03f7d2c}"}
04-25 21:18:43.497 I/Gecko   (   83): 1398485923510	Marionette	INFO	trying remote frame 0
04-25 21:18:43.497 I/Gecko   (   83): 1398485923511	Marionette	INFO	trying remote frame 1
04-25 21:18:43.507 I/Gecko   (   83): 1398485923522	Marionette	INFO	deleting frame
04-25 21:18:43.507 I/Gecko   (   83): 1398485923522	Marionette	INFO	trying remote frame 2
04-25 21:18:43.527 I/Gecko   (   83): 1398485923546	Marionette	INFO	frame-manager load script: [object ChromeMessageSender]
04-25 21:18:45.817 I/Gonk    (   83): Setting nice for pid 1406 to 18
04-25 21:18:45.817 I/Gonk    (   83): Changed nice for pid 1406 from 1 to 18.
04-25 21:18:46.637 I/Gecko   ( 1455): ###################################### forms.js loaded
04-25 21:18:46.697 I/Gecko   ( 1455): ############################### browserElementPanning.js loaded
04-25 21:18:46.737 I/Gecko   ( 1455): ######################## BrowserElementChildPreload.js loaded
04-25 21:18:47.157 W/WifiHW  (   83): wifi_command: SIGNAL_POLL
04-25 21:18:47.397 I/Gecko   ( 1474): ###################################### forms.js loaded
04-25 21:18:47.427 I/Gecko   (   83): 
04-25 21:18:47.427 I/Gecko   (   83): ###!!! [Parent][MessageChannel] Error: Channel error: cannot send/recv
04-25 21:18:47.427 I/Gecko   (   83): 
04-25 21:18:47.437 I/Gecko   ( 1474): ############################### browserElementPanning.js loaded
04-25 21:18:47.517 I/Gecko   ( 1474): ######################## BrowserElementChildPreload.js loaded
04-25 21:18:47.667 I/Gecko   (   83): [Parent 83] WARNING: waitpid failed pid:1406 errno:10: file ../../../gecko/ipc/chromium/src/base/process_util_posix.cc, line 254
04-25 21:18:48.647 I/Gecko   (   83): 1398485928658	Marionette	INFO	sendToClient: {"from":"0","ok":true}, {a518b4a4-b20a-499e-9c8d-45bbc411e9ca}, {a518b4a4-b20a-499e-9c8d-45bbc411e9ca}
04-25 21:18:48.927 I/Gecko   (   83): 1398485928944	Marionette	INFO	sendToClient: {"from":"0","value":"app://homescreen.gaiamobile.org/index.html#root"}, {4f1c1e4b-67c0-48f5-8d0a-1ff203973599}, {4f1c1e4b-67c0-48f5-8d0a-1ff203973599}
04-25 21:18:48.987 I/Gecko   (   83): 1398485928997	Marionette	DEBUG	Got request: switchToFrame, data: {"to":"0","sessionId":"3-b2g","name":"switchToFrame","parameters":{"id":null,"focus":true}}, id: {89cc67ff-a922-445d-963b-083bb248b43e}
04-25 21:18:49.017 I/Gecko   (   83): 1398485929027	Marionette	INFO	Switched to frame: {"frameValue":null}
04-25 21:18:49.117 I/Gecko   (   83): 1398485929131	Marionette	INFO	sendToClient: {"from":"0","ok":true}, {89cc67ff-a922-445d-963b-083bb248b43e}, {89cc67ff-a922-445d-963b-083bb248b43e}
04-25 21:18:49.127 I/Gecko   (   83): 1398485929137	Marionette	DEBUG	Got request: switchToFrame, data: {"to":"0","sessionId":"3-b2g","name":"switchToFrame","parameters":{"id":null,"focus":true}}, id: {6f4b2a14-6c1d-46cb-a2b9-831e33043c39}
04-25 21:18:49.137 I/Gecko   (   83): 1398485929150	Marionette	INFO	Switched to frame: {"frameValue":null}
04-25 21:18:49.237 I/Gecko   (   83): 1398485929252	Marionette	INFO	sendToClient: {"from":"0","ok":true}, {6f4b2a14-6c1d-46cb-a2b9-831e33043c39}, {6f4b2a14-6c1d-46cb-a2b9-831e33043c39}
04-25 21:18:49.247 I/Gecko   (   83): 1398485929260	Marionette	DEBUG	Got request: executeWithCallback, data: {"to":"0","sessionId":"3-b2g","name":"executeAsyncScript","parameters":{"specialPowers":false,"scriptTimeout":null,"newSandbox":true,"args":[],"filename":"gaia_test.py","script":"GaiaApps.killAll()","line":91}}, id: {ff544869-80f2-4609-a94e-0aa357365110}
04-25 21:18:49.377 I/Gecko   (   83): 1398485929392	Marionette	INFO	sendToClient: {"from":"0","value":true}, {ff544869-80f2-4609-a94e-0aa357365110}, {ff544869-80f2-4609-a94e-0aa357365110}
04-25 21:18:49.387 I/Gecko   (   83): 1398485929400	Marionette	DEBUG	Got request: switchToFrame, data: {"to":"0","sessionId":"3-b2g","name":"switchToFrame","parameters":{"id":null,"focus":true}}, id: {3ffe672b-a727-4649-98f0-5b95920b6190}
04-25 21:18:49.397 I/Gecko   (   83): 1398485929409	Marionette	INFO	Switched to frame: {"frameValue":null}
04-25 21:18:49.497 I/Gecko   (   83): 1398485929512	Marionette	INFO	sendToClient: {"from":"0","ok":true}, {3ffe672b-a727-4649-98f0-5b95920b6190}, {3ffe672b-a727-4649-98f0-5b95920b6190}
04-25 21:18:49.507 I/Gecko   (   83): 1398485929520	Marionette	DEBUG	Got request: executeWithCallback, data: {"to":"0","sessionId":"3-b2g","name":"executeAsyncScript","parameters":{"specialPowers":false,"scriptTimeout":60000,"newSandbox":true,"args":[],"filename":"app_checker.py","script":"\n        GaiaApps.locateWithManifestURL('https://marketplace.firefox.com/app/22e9572d-7b08-4552-bc32-8065ea40ef8b/manifest.webapp',\n                                       null,\n                                       function uninstall(app) {\n                                       navigator.mozApps.mgmt.uninstall(app);\n                                       marionetteScriptFinished(true);\n                                       });\n        ","line":129}}, id: {52eef62d-79da-4152-9f74-b97d9a89faa1}
04-25 21:18:49.577 I/Gecko   (   83): -- webapps.js uninstall https://marketplace.firefox.com/app/22e9572d-7b08-4552-bc32-8065ea40ef8b/manifest.webapp
04-25 21:18:49.667 I/Gecko   (   83): [Parent 83] WARNING: waitpid failed pid:1406 errno:10: file ../../../gecko/ipc/chromium/src/base/process_util_posix.cc, line 254
04-25 21:18:49.667 I/Gecko   (   83): [Parent 83] WARNING: Failed to deliver SIGKILL to 1406!(3).: file ../../../gecko/ipc/chromium/src/chrome/common/process_watcher_posix_sigchld.cc, line 118
04-25 21:18:50.077 I/Gecko   (   83): 1398485930096	Marionette	INFO	sendToClient: {"from":"0","value":true}, {52eef62d-79da-4152-9f74-b97d9a89faa1}, {52eef62d-79da-4152-9f74-b97d9a89faa1}