--------- beginning of /dev/log/main
04-25 23:18:16.316 I/Gecko   (   83): 1398493096333	Marionette	INFO	Switched to frame: {"frameValue":null}
04-25 23:18:16.426 I/Gecko   (   83): 1398493096436	Marionette	INFO	sendToClient: {"from":"0","ok":true}, {3c89df9a-b331-4b9e-9d28-58aba17fff7a}, {3c89df9a-b331-4b9e-9d28-58aba17fff7a}
04-25 23:18:16.426 I/Gecko   (   83): 1398493096443	Marionette	DEBUG	Got request: switchToFrame, data: {"to":"0","sessionId":"3-b2g","name":"switchToFrame","parameters":{"id":null,"focus":true}}, id: {33d0f302-07d4-4a79-9626-399b514db686}
04-25 23:18:16.436 I/Gecko   (   83): 1398493096451	Marionette	INFO	Switched to frame: {"frameValue":null}
04-25 23:18:16.566 I/Gecko   (   83): 1398493096577	Marionette	INFO	sendToClient: {"from":"0","ok":true}, {33d0f302-07d4-4a79-9626-399b514db686}, {33d0f302-07d4-4a79-9626-399b514db686}
04-25 23:18:16.576 I/Gecko   (   83): 1398493096590	Marionette	DEBUG	Got request: executeWithCallback, data: {"to":"0","sessionId":"3-b2g","name":"executeAsyncScript","parameters":{"specialPowers":false,"scriptTimeout":null,"newSandbox":true,"args":[],"filename":"gaia_test.py","script":"return GaiaApps.displayedApp();","line":66}}, id: {714a7a49-0506-4067-a1d6-81c40879243d}
04-25 23:18:16.666 I/Gecko   (   83): 1398493096680	Marionette	INFO	sendToClient: {"from":"0","value":{"frame":{"ELEMENT":"{d9849f70-3878-447c-a005-d6d8f1362013}"},"src":"app://homescreen.gaiamobile.org/index.html#root","name":"Homescreen","origin":"app://homescreen.gaiamobile.org"}}, {714a7a49-0506-4067-a1d6-81c40879243d}, {714a7a49-0506-4067-a1d6-81c40879243d}
04-25 23:18:16.676 E/GeckoConsole(   83): Content JS LOG at dummy file:392 in GaiaApps.displayedApp: app with origin 'app://homescreen.gaiamobile.org' is displayed
04-25 23:18:16.686 I/Gecko   (   83): 1398493096697	Marionette	DEBUG	Got request: switchToFrame, data: {"to":"0","sessionId":"3-b2g","name":"switchToFrame","parameters":{"focus":true,"element":"{d9849f70-3878-447c-a005-d6d8f1362013}"}}, id: {7256deb1-150a-4c9e-ae76-8825cf196490}
04-25 23:18:16.706 I/Gecko   (   83): 1398493096717	Marionette	INFO	Switched to frame: {"frameValue":"{d9849f70-3878-447c-a005-d6d8f1362013}"}
04-25 23:18:16.716 I/Gecko   (   83): 1398493096727	Marionette	INFO	trying remote frame 0
04-25 23:18:16.716 I/Gecko   (   83): 1398493096734	Marionette	INFO	trying remote frame 1
04-25 23:18:16.726 I/Gecko   (   83): 1398493096735	Marionette	INFO	deleting frame
04-25 23:18:16.726 I/Gecko   (   83): 1398493096743	Marionette	INFO	frame-manager load script: [object ChromeMessageSender]
04-25 23:18:17.746 E/[Gralloc-ERROR](   83): int gralloc_register_buffer(const gralloc_module_t*, const native_handle_t*):79 Unable to register handle 0x474253d0 coming from different process: 83
04-25 23:18:17.796 E/[Gralloc-ERROR](   83): int gralloc_register_buffer(const gralloc_module_t*, const native_handle_t*):79 Unable to register handle 0x47425470 coming from different process: 83
04-25 23:18:18.206 E/[Gralloc-ERROR](   83): int gralloc_register_buffer(const gralloc_module_t*, const native_handle_t*):79 Unable to register handle 0x47425510 coming from different process: 83
04-25 23:18:18.216 E/[Gralloc-ERROR](   83): int gralloc_register_buffer(const gralloc_module_t*, const native_handle_t*):79 Unable to register handle 0x476f7d80 coming from different process: 83
04-25 23:18:18.546 I/Gecko   (   83): 1398493098555	Marionette	INFO	sendToClient: {"from":"0","ok":true}, {7256deb1-150a-4c9e-ae76-8825cf196490}, {7256deb1-150a-4c9e-ae76-8825cf196490}
04-25 23:18:18.546 E/[Gralloc-ERROR](   83): int gralloc_unregister_buffer(const gralloc_module_t*, const native_handle_t*):274 Trying to unregister buffer 0x47425470 from process 83 that was not created in current process: 83
04-25 23:18:19.186 E/[Gralloc-ERROR](   83): int gralloc_unregister_buffer(const gralloc_module_t*, const native_handle_t*):274 Trying to unregister buffer 0x474253d0 from process 83 that was not created in current process: 83
04-25 23:18:19.196 E/[Gralloc-ERROR](   83): int gralloc_unregister_buffer(const gralloc_module_t*, const native_handle_t*):274 Trying to unregister buffer 0x476f7d80 from process 83 that was not created in current process: 83
04-25 23:18:19.196 E/[Gralloc-ERROR](   83): int gralloc_unregister_buffer(const gralloc_module_t*, const native_handle_t*):274 Trying to unregister buffer 0x47425510 from process 83 that was not created in current process: 83
04-25 23:18:19.196 E/[Gralloc-ERROR](   83): int gralloc_unregister_buffer(const gralloc_module_t*, const native_handle_t*):274 Trying to unregister buffer 0x45f7e380 from process 83 that was not created in current process: 83
04-25 23:18:19.196 E/[Gralloc-ERROR](   83): int gralloc_unregister_buffer(const gralloc_module_t*, const native_handle_t*):274 Trying to unregister buffer 0x45f7e1a0 from process 83 that was not created in current process: 83
04-25 23:18:20.026 I/Gecko   (   83): 1398493100044	Marionette	INFO	sendToClient: {"from":"0","value":[]}, {d19dcac4-5617-4b53-8cac-f581a0b7a3db}, {d19dcac4-5617-4b53-8cac-f581a0b7a3db}
04-25 23:18:20.256 W/WifiHW  (   83): wifi_command: SIGNAL_POLL
04-25 23:18:20.456 I/Gecko   (   83): 1398493100472	Marionette	INFO	sendToClient: {"from":"0","value":[]}, {12984d84-b8ca-4810-b7a8-79b6b8c6510b}, {12984d84-b8ca-4810-b7a8-79b6b8c6510b}
04-25 23:18:21.206 I/Gonk    (   83): Setting nice for pid 1452 to 18
04-25 23:18:21.236 I/Gonk    (   83): Changed nice for pid 1452 from 0 to 18.
04-25 23:18:22.996 I/Gecko   (   83): 1398493103007	Marionette	INFO	sendToClient: {"from":"0","value":["{fe1a5ed1-ed92-44a1-b110-7dcdb664cede}","{5123db8c-3a63-4944-b940-3c63108c02cc}","{46746063-667b-4d1b-9dc7-b0c8aebc57f8}","{73018904-0bc0-494d-86d7-f677455bf257}","{70436c3c-5635-46c6-a947-8dc102341622}","{1ade08f5-a6de-4ee1-a34d-29eaa38433e4}","{c6b2953b-6cdd-4b25-b3de-cd36dcfa75e3}","{44c568d3-a5a1-4c40-b971-9e60df93841f}"]}, {d80771d5-f37e-4944-9c9a-625b17200f2e}, {d80771d5-f37e-4944-9c9a-625b17200f2e}
04-25 23:18:27.666 W/WifiHW  (   83): wifi_command: SIGNAL_POLL
04-25 23:18:27.936 I/Gecko   (   83): 1398493107945	Marionette	INFO	sendToClient: {"from":"0","value":["{fe1a5ed1-ed92-44a1-b110-7dcdb664cede}","{5123db8c-3a63-4944-b940-3c63108c02cc}","{46746063-667b-4d1b-9dc7-b0c8aebc57f8}","{73018904-0bc0-494d-86d7-f677455bf257}","{87f893e9-6a57-4603-bfb8-0059df1fd3d7}","{c1f05aa9-3e7c-4b44-98ba-b17fd65462ef}","{68666cb2-cc78-45f1-a735-3c0f1e04332a}","{c93bdf9b-0b9c-4d93-a40b-9fcd49d6504e}","{89087a54-c93d-402d-a538-3a06f2a9ed77}","{8a0adea1-ab0f-43b9-a0e9-6a3eb7b9b1bf}","{a137c3cf-f9de-4cee-b1d5-dcd0cb216b40}","{786440a2-cecf-4a23-9524-ce393e83acec}","{8a362552-8334-45d3-94cb-b2493dd90f98}","{d9b20c7a-79a3-4200-8568-f2cfafd1528a}","{eec80799-8d83-4e48-a6e6-880c02abefb3}","{96364f90-64ca-4253-80cd-ffde0e4dd0d4}","{ad33dec8-9cdb-41b5-ab92-a32aada06501}","{bf68cfaf-3844-4534-a392-49b26211d73d}","{70436c3c-5635-46c6-a947-8dc102341622}","{1ade08f5-a6de-4ee1-a34d-29eaa38433e4}","{c6b2953b-6cdd-4b25-b3de-cd36dcfa75e3}","{44c568d3-a5a1-4c40-b971-9e60df93841f}"]}, {e975b8de-e4ab-4237-a925-8e369148372a}, {e975b8de-e4a
04-25 23:18:28.356 I/GonkMemoryPressure( 1402): Checking to see if memory pressure is over.
04-25 23:18:28.356 I/GonkMemoryPressure( 1452): Checking to see if memory pressure is over.
04-25 23:18:28.356 I/GonkMemoryPressure(   83): Checking to see if memory pressure is over.
04-25 23:18:28.356 I/GonkMemoryPressure(   83): Memory pressure is over.
04-25 23:18:28.376 I/GonkMemoryPressure( 1402): Memory pressure is over.
04-25 23:18:28.406 I/GonkMemoryPressure( 1452): Memory pressure is over.
04-25 23:18:28.636 I/Gecko   ( 1452): ###################################### forms.js loaded
04-25 23:18:28.746 I/Gecko   ( 1452): ############################### browserElementPanning.js loaded
04-25 23:18:28.816 I/Gecko   ( 1452): ######################## BrowserElementChildPreload.js loaded
04-25 23:18:30.966 E/GeckoConsole( 1402): Content JS WARN at app://homescreen.gaiamobile.org/gaia_build_defer_index.js:184 in isHiddenApp: Unexpected role when checking hidden app: undefined
04-25 23:18:30.986 E/GeckoConsole( 1402): Content JS WARN at app://homescreen.gaiamobile.org/gaia_build_defer_index.js:184 in isHiddenApp: Unexpected role when checking hidden app: undefined
04-25 23:18:30.986 E/GeckoConsole( 1402): Content JS WARN at app://homescreen.gaiamobile.org/gaia_build_defer_index.js:184 in isHiddenApp: Unexpected role when checking hidden app: undefined
04-25 23:18:30.996 E/GeckoConsole( 1402): Content JS WARN at app://homescreen.gaiamobile.org/gaia_build_defer_index.js:184 in isHiddenApp: Unexpected role when checking hidden app: undefined
04-25 23:18:30.996 E/GeckoConsole( 1402): Content JS WARN at app://homescreen.gaiamobile.org/gaia_build_defer_index.js:184 in isHiddenApp: Unexpected role when checking hidden app: undefined
04-25 23:18:30.996 E/GeckoConsole( 1402): Content JS WARN at app://homescreen.gaiamobile.org/gaia_build_defer_index.js:184 in isHiddenApp: Unexpected role when checking hidden app: undefined
04-25 23:18:30.996 E/GeckoConsole( 1402): Content JS WARN at app://homescreen.gaiamobile.org/gaia_build_defer_index.js:184 in isHiddenApp: Unexpected role when checking hidden app: undefined
04-25 23:18:30.996 E/GeckoConsole( 1402): Content JS WARN at app://homescreen.gaiamobile.org/gaia_build_defer_index.js:184 in isHiddenApp: Unexpected role when checking hidden app: undefined
04-25 23:18:30.996 E/GeckoConsole( 1402): Content JS WARN at app://homescreen.gaiamobile.org/gaia_build_defer_index.js:184 in isHiddenApp: Unexpected role when checking hidden app: undefined
04-25 23:18:30.996 E/GeckoConsole( 1402): Content JS WARN at app://homescreen.gaiamobile.org/gaia_build_defer_index.js:184 in isHiddenApp: Unexpected role when checking hidden app: undefined
04-25 23:18:30.996 E/GeckoConsole( 1402): Content JS WARN at app://homescreen.gaiamobile.org/gaia_build_defer_index.js:184 in isHiddenApp: Unexpected role when checking hidden app: undefined
04-25 23:18:30.996 E/GeckoConsole( 1402): Content JS WARN at app://homescreen.gaiamobile.org/gaia_build_defer_index.js:184 in isHiddenApp: Unexpected role when checking hidden app: undefined
04-25 23:18:31.006 E/GeckoConsole( 1402): Content JS WARN at app://homescreen.gaiamobile.org/gaia_build_defer_index.js:184 in isHiddenApp: Unexpected role when checking hidden app: undefined
04-25 23:18:31.006 E/GeckoConsole( 1402): Content JS WARN at app://homescreen.gaiamobile.org/gaia_build_defer_index.js:184 in isHiddenApp: Unexpected role when checking hidden app: undefined
04-25 23:18:31.006 E/GeckoConsole( 1402): Content JS WARN at app://homescreen.gaiamobile.org/gaia_build_defer_index.js:184 in isHiddenApp: Unexpected role when checking hidden app: undefined
04-25 23:18:31.016 E/GeckoConsole( 1402): Content JS WARN at app://homescreen.gaiamobile.org/gaia_build_defer_index.js:184 in isHiddenApp: Unexpected role when checking hidden app: undefined
04-25 23:18:31.016 E/GeckoConsole( 1402): Content JS WARN at app://homescreen.gaiamobile.org/gaia_build_defer_index.js:184 in isHiddenApp: Unexpected role when checking hidden app: undefined
04-25 23:18:31.016 E/GeckoConsole( 1402): Content JS WARN at app://homescreen.gaiamobile.org/gaia_build_defer_index.js:184 in isHiddenApp: Unexpected role when checking hidden app: undefined
04-25 23:18:31.016 E/GeckoConsole( 1402): Content JS WARN at app://homescreen.gaiamobile.org/gaia_build_defer_index.js:184 in isHiddenApp: Unexpected role when checking hidden app: undefined
04-25 23:18:31.046 I/Gecko   (   83): 1398493111061	Marionette	INFO	sendToClient: {"from":"0","value":["{fe1a5ed1-ed92-44a1-b110-7dcdb664cede}","{5123db8c-3a63-4944-b940-3c63108c02cc}","{46746063-667b-4d1b-9dc7-b0c8aebc57f8}","{73018904-0bc0-494d-86d7-f677455bf257}","{87f893e9-6a57-4603-bfb8-0059df1fd3d7}","{c1f05aa9-3e7c-4b44-98ba-b17fd65462ef}","{68666cb2-cc78-45f1-a735-3c0f1e04332a}","{c93bdf9b-0b9c-4d93-a40b-9fcd49d6504e}","{89087a54-c93d-402d-a538-3a06f2a9ed77}","{8a0adea1-ab0f-43b9-a0e9-6a3eb7b9b1bf}","{a137c3cf-f9de-4cee-b1d5-dcd0cb216b40}","{786440a2-cecf-4a23-9524-ce393e83acec}","{8a362552-8334-45d3-94cb-b2493dd90f98}","{d9b20c7a-79a3-4200-8568-f2cfafd1528a}","{eec80799-8d83-4e48-a6e6-880c02abefb3}","{96364f90-64ca-4253-80cd-ffde0e4dd0d4}","{ad33dec8-9cdb-41b5-ab92-a32aada06501}","{bf68cfaf-3844-4534-a392-49b26211d73d}","{6512ef76-a552-493f-aacc-750b5c014e4a}","{70436c3c-5635-46c6-a947-8dc102341622}","{1ade08f5-a6de-4ee1-a34d-29eaa38433e4}","{c6b2953b-6cdd-4b25-b3de-cd36dcfa75e3}","{44c568d3-a5a1-4c40-b971-9e60df93841f}"]}, {1b0d22f5-ee
04-25 23:18:32.006 I/Gecko   (   83): 1398493112020	Marionette	INFO	sendToClient: {"from":"0","value":"<div><img src=\"blob:5282ddb0-5601-4ee5-97a5-49c84a24e3c3\" style=\"visibility: visible;\" role=\"presentation\" height=\"64\" width=\"64\"><span class=\"labelWrapper\"><span>Social</span></span></div><span data-is-icon=\"true\" class=\"options\"></span>"}, {c06b6750-9d36-455e-8ffa-6af62bc66379}, {c06b6750-9d36-455e-8ffa-6af62bc66379}
04-25 23:18:32.106 I/Gecko   (   83): 1398493112121	Marionette	INFO	sendToClient: {"from":"0","value":"<div><img src=\"blob:d66092ee-3b15-48fb-9b02-8e232264a02a\" style=\"visibility: visible;\" role=\"presentation\" height=\"64\" width=\"64\"><span class=\"labelWrapper\"><span>Games</span></span></div><span data-is-icon=\"true\" class=\"options\"></span>"}, {288adaff-a805-4693-a636-c7c45b1d8eee}, {288adaff-a805-4693-a636-c7c45b1d8eee}
04-25 23:18:32.266 I/Gecko   (   83): 1398493112281	Marionette	INFO	sendToClient: {"from":"0","value":"<div><img src=\"blob:c6308aa4-4919-405b-beb1-ca4ad9fa50cb\" style=\"visibility: visible;\" role=\"presentation\" height=\"64\" width=\"64\"><span class=\"labelWrapper\"><span>Music</span></span></div><span data-is-icon=\"true\" class=\"options\"></span>"}, {180481f8-2895-4882-83b7-7e2d2a3e4648}, {180481f8-2895-4882-83b7-7e2d2a3e4648}
04-25 23:18:32.286 I/Gecko   (   83): 1398493112299	Marionette	INFO	sendToClient: {"from":"0","value":"<div><img src=\"blob:d1c29850-2673-4f52-bf77-4d40a7a5d997\" style=\"visibility: visible;\" role=\"presentation\" height=\"64\" width=\"64\"><span class=\"labelWrapper\"><span>Showbiz</span></span></div><span data-is-icon=\"true\" class=\"options\"></span>"}, {2da156d3-0ff7-4161-a280-06ea5b31a280}, {2da156d3-0ff7-4161-a280-06ea5b31a280}
04-25 23:18:32.306 I/Gecko   (   83): 1398493112324	Marionette	INFO	sendToClient: {"from":"0","value":"<div><img src=\"blob:177d47eb-69e9-4021-9abe-eea42593d152\" style=\"visibility: visible;\" role=\"presentation\" height=\"64\" width=\"64\"><span class=\"labelWrapper\"><span>Camera</span></span></div>"}, {1e7fcdfc-6896-4fb7-a499-4af51ff39f9e}, {1e7fcdfc-6896-4fb7-a499-4af51ff39f9e}
04-25 23:18:32.326 I/Gecko   (   83): 1398493112343	Marionette	INFO	sendToClient: {"from":"0","value":"<div><img src=\"blob:c5c4f5c1-6173-4fda-8cad-2974ad369e4a\" style=\"visibility: visible;\" role=\"presentation\" height=\"64\" width=\"64\"><span class=\"labelWrapper\"><span>Gallery</span></span></div>"}, {8678e2a4-b6f9-461b-83ef-47fd72d93fea}, {8678e2a4-b6f9-461b-83ef-47fd72d93fea}
04-25 23:18:32.336 I/Gecko   (   83): 1398493112354	Marionette	INFO	sendToClient: {"from":"0","value":"<div><img src=\"blob:d6105114-acab-4e20-be45-524e69c433ae\" style=\"visibility: visible;\" role=\"presentation\" height=\"64\" width=\"64\"><span class=\"labelWrapper\"><span>FM Radio</span></span></div>"}, {b7e52240-26da-49b0-a535-03934f2d6bab}, {b7e52240-26da-49b0-a535-03934f2d6bab}
04-25 23:18:32.436 I/Gecko   (   83): 1398493112446	Marionette	INFO	sendToClient: {"from":"0","value":"<div><img src=\"blob:93fb3568-7db9-4e55-8391-a4290a49ac0c\" style=\"visibility: visible;\" role=\"presentation\" height=\"64\" width=\"64\"><span class=\"labelWrapper\"><span>Settings</span></span></div>"}, {986bb960-7e1a-4131-bead-5ac176135e62}, {986bb960-7e1a-4131-bead-5ac176135e62}
04-25 23:18:32.456 I/Gecko   (   83): 1398493112468	Marionette	INFO	sendToClient: {"from":"0","value":"<div><img src=\"blob:44141164-1635-4afa-93f9-237904932f81\" style=\"visibility: visible;\" role=\"presentation\" height=\"64\" width=\"64\"><span class=\"labelWrapper\"><span>Marketplace</span></span></div>"}, {f445196e-ea85-435d-8d4c-9f17bca0099d}, {f445196e-ea85-435d-8d4c-9f17bca0099d}
04-25 23:18:32.676 I/Gecko   (   83): 1398493112689	Marionette	INFO	sendToClient: {"from":"0","value":"<div><img src=\"blob:959822f5-5d73-41a0-a898-189080c29fec\" style=\"visibility: visible;\" role=\"presentation\" height=\"64\" width=\"64\"><span class=\"labelWrapper\"><span>Calendar</span></span></div>"}, {73f1dd54-6cb8-4c5a-9fa5-26b403193898}, {73f1dd54-6cb8-4c5a-9fa5-26b403193898}
04-25 23:18:32.706 W/WifiHW  (   83): wifi_command: SIGNAL_POLL
04-25 23:18:32.746 I/Gecko   (   83): 1398493112756	Marionette	INFO	sendToClient: {"from":"0","value":"<div><img src=\"blob:f0faffc6-1db1-4772-b136-adf5d576f6de\" style=\"visibility: visible;\" role=\"presentation\" height=\"64\" width=\"64\"><span class=\"labelWrapper\"><span>Clock</span></span></div>"}, {7d371417-2696-4343-9cd4-5a05e18dc3cb}, {7d371417-2696-4343-9cd4-5a05e18dc3cb}
04-25 23:18:32.766 I/Gecko   (   83): 1398493112782	Marionette	INFO	sendToClient: {"from":"0","value":"<div><img src=\"blob:cde779f4-6e3b-47d1-82fe-57b6ef8d184f\" style=\"visibility: visible;\" role=\"presentation\" height=\"64\" width=\"64\"><span class=\"labelWrapper\"><span>Usage</span></span></div>"}, {6f7c00a5-3f00-4853-92a4-7bc83cb62c1e}, {6f7c00a5-3f00-4853-92a4-7bc83cb62c1e}
04-25 23:18:32.936 I/Gecko   (   83): 1398493112944	Marionette	INFO	sendToClient: {"from":"0","value":"<div><img src=\"blob:0b872298-77ac-4c9c-a246-f03d92f8519a\" style=\"visibility: visible;\" role=\"presentation\" height=\"64\" width=\"64\"><span class=\"labelWrapper\"><span>E-Mail</span></span></div>"}, {8b99d162-ffd8-4983-bd78-10364a3767fe}, {8b99d162-ffd8-4983-bd78-10364a3767fe}
04-25 23:18:33.006 I/Gecko   (   83): 1398493113024	Marionette	INFO	sendToClient: {"from":"0","value":"<div><img src=\"blob:7c9e1448-2dec-46df-a34f-f4c1b91adb66\" style=\"visibility: visible;\" role=\"presentation\" height=\"64\" width=\"64\"><span class=\"labelWrapper\"><span>Music</span></span></div>"}, {e8c7cd3b-959f-4b79-a2f8-87aca02bc08b}, {e8c7cd3b-959f-4b79-a2f8-87aca02bc08b}
04-25 23:18:33.046 I/Gecko   (   83): 1398493113058	Marionette	INFO	sendToClient: {"from":"0","value":"<div><img src=\"blob:87c4f109-ad8c-4ecc-b76d-785ccf3ebc47\" style=\"visibility: visible;\" role=\"presentation\" height=\"64\" width=\"64\"><span class=\"labelWrapper\"><span>Video</span></span></div>"}, {04accde8-58fd-4f6c-81c0-296b13398c96}, {04accde8-58fd-4f6c-81c0-296b13398c96}
04-25 23:18:33.056 I/Gecko   (   83): 1398493113070	Marionette	INFO	sendToClient: {"from":"0","value":"<div><img src=\"blob:baab289e-402a-436a-84c5-6a260bd2cbac\" style=\"visibility: visible;\" role=\"presentation\" height=\"64\" width=\"64\"><span class=\"labelWrapper mask\"><span>GoldNuggets</span></span></div><span data-is-icon=\"true\" class=\"options\"></span>"}, {08d09e3b-c81f-4eac-b13d-260eb8ee9599}, {08d09e3b-c81f-4eac-b13d-260eb8ee9599}
04-25 23:18:33.076 I/Gecko   (   83): 1398493113087	Marionette	INFO	sendToClient: {"from":"0","value":"<div><img src=\"blob:3bc5487a-08ed-4313-9328-1d5a2dc4faf4\" style=\"visibility: visible;\" role=\"presentation\" height=\"64\" width=\"64\"><span class=\"labelWrapper mask\"><span>Space Shooter</span></span></div><span data-is-icon=\"true\" class=\"options\"></span>"}, {16687f4d-725b-4c77-8643-155c9ec38715}, {16687f4d-725b-4c77-8643-155c9ec38715}
04-25 23:18:33.146 I/Gecko   (   83): 1398493113162	Marionette	INFO	sendToClient: {"from":"0","value":"<div><img src=\"blob:653fd587-881a-42ea-b4e0-229ba5b69af7\" style=\"visibility: visible;\" role=\"presentation\" height=\"64\" width=\"64\"><span class=\"labelWrapper mask\"><span>Rebel Thumb</span></span></div><span data-is-icon=\"true\" class=\"options\"></span>"}, {7157cc2d-8e9c-4978-8090-711234a75743}, {7157cc2d-8e9c-4978-8090-711234a75743}
04-25 23:18:33.166 I/Gecko   (   83): 1398493113175	Marionette	INFO	sendToClient: {"from":"0","value":"<div><img src=\"blob:aea6dcc0-8ed9-4ff7-9987-14d52622c526\" style=\"visibility: visible;\" role=\"presentation\" height=\"64\" width=\"64\"><span class=\"labelWrapper mask\"><span>Instant Buttons - On Fire</span></span></div><span data-is-icon=\"true\" class=\"options\"></span>"}, {b5a2ca58-b19c-46ef-989a-3e0e14f48f64}, {b5a2ca58-b19c-46ef-989a-3e0e14f48f64}
04-25 23:18:33.196 I/Gecko   (   83): 1398493113207	Marionette	INFO	sendToClient: {"from":"0","value":"<div><img src=\"blob:a62bc697-d729-4c1b-8f82-6c577716b369\" style=\"visibility: visible;\" role=\"presentation\" height=\"64\" width=\"64\"><span class=\"labelWrapper\"><span>Phone</span></span></div>"}, {c2f5d24b-6686-401a-8460-2aa0666a22cb}, {c2f5d24b-6686-401a-8460-2aa0666a22cb}
04-25 23:18:33.206 I/Gecko   (   83): 1398493113218	Marionette	INFO	sendToClient: {"from":"0","value":"<div><img src=\"blob:05d76344-6e77-42af-87c1-86cb80b28e7c\" style=\"visibility: visible;\" role=\"presentation\" height=\"64\" width=\"64\"><span class=\"labelWrapper\"><span>Messages</span></span></div>"}, {a54fdd9d-6bf5-4843-a026-1e542ce38a3a}, {a54fdd9d-6bf5-4843-a026-1e542ce38a3a}
04-25 23:18:33.216 I/Gecko   (   83): 1398493113234	Marionette	INFO	sendToClient: {"from":"0","value":"<div><img src=\"blob:885e8340-5f88-4206-b6c4-9b6f4ac3d5bc\" style=\"visibility: visible;\" role=\"presentation\" height=\"64\" width=\"64\"><span class=\"labelWrapper\"><span>Contacts</span></span></div>"}, {d33912ed-7685-49e5-a0b9-a1900b7aa7fb}, {d33912ed-7685-49e5-a0b9-a1900b7aa7fb}
04-25 23:18:33.246 I/Gecko   (   83): 1398493113255	Marionette	INFO	sendToClient: {"from":"0","value":"<div><img src=\"blob:c550a709-0e33-44a3-a473-180c59c165ae\" style=\"visibility: visible;\" role=\"presentation\" height=\"64\" width=\"64\"><span class=\"labelWrapper\"><span>Browser</span></span></div>"}, {3fc9677c-7031-4161-a57c-e9647665831e}, {3fc9677c-7031-4161-a57c-e9647665831e}
04-25 23:18:35.396 I/Gecko   (   83): 1398493115409	Marionette	INFO	sendToClient: {"from":"0","value":["{fe1a5ed1-ed92-44a1-b110-7dcdb664cede}","{5123db8c-3a63-4944-b940-3c63108c02cc}","{46746063-667b-4d1b-9dc7-b0c8aebc57f8}","{73018904-0bc0-494d-86d7-f677455bf257}","{87f893e9-6a57-4603-bfb8-0059df1fd3d7}","{c1f05aa9-3e7c-4b44-98ba-b17fd65462ef}","{68666cb2-cc78-45f1-a735-3c0f1e04332a}","{c93bdf9b-0b9c-4d93-a40b-9fcd49d6504e}","{89087a54-c93d-402d-a538-3a06f2a9ed77}","{8a0adea1-ab0f-43b9-a0e9-6a3eb7b9b1bf}","{a137c3cf-f9de-4cee-b1d5-dcd0cb216b40}","{786440a2-cecf-4a23-9524-ce393e83acec}","{8a362552-8334-45d3-94cb-b2493dd90f98}","{d9b20c7a-79a3-4200-8568-f2cfafd1528a}","{eec80799-8d83-4e48-a6e6-880c02abefb3}","{96364f90-64ca-4253-80cd-ffde0e4dd0d4}","{ad33dec8-9cdb-41b5-ab92-a32aada06501}","{bf68cfaf-3844-4534-a392-49b26211d73d}","{6512ef76-a552-493f-aacc-750b5c014e4a}","{70436c3c-5635-46c6-a947-8dc102341622}","{1ade08f5-a6de-4ee1-a34d-29eaa38433e4}","{c6b2953b-6cdd-4b25-b3de-cd36dcfa75e3}","{44c568d3-a5a1-4c40-b971-9e60df93841f}"]}, {8c329811-bc
04-25 23:18:35.526 I/Gecko   (   83): 1398493115537	Marionette	INFO	sendToClient: {"from":"0","value":"<div><img src=\"blob:5282ddb0-5601-4ee5-97a5-49c84a24e3c3\" style=\"visibility: visible;\" role=\"presentation\" height=\"64\" width=\"64\"><span class=\"labelWrapper\"><span>Social</span></span></div><span data-is-icon=\"true\" class=\"options\"></span>"}, {835b012e-e4b0-46a8-a1a6-396cc7bc9ea2}, {835b012e-e4b0-46a8-a1a6-396cc7bc9ea2}
04-25 23:18:35.546 I/Gecko   (   83): 1398493115562	Marionette	INFO	sendToClient: {"from":"0","value":"<div><img src=\"blob:d66092ee-3b15-48fb-9b02-8e232264a02a\" style=\"visibility: visible;\" role=\"presentation\" height=\"64\" width=\"64\"><span class=\"labelWrapper\"><span>Games</span></span></div><span data-is-icon=\"true\" class=\"options\"></span>"}, {e412977b-875e-42a2-a95d-fa02460862d5}, {e412977b-875e-42a2-a95d-fa02460862d5}
04-25 23:18:35.586 I/Gecko   (   83): 1398493115600	Marionette	INFO	sendToClient: {"from":"0","value":"<div><img src=\"blob:c6308aa4-4919-405b-beb1-ca4ad9fa50cb\" style=\"visibility: visible;\" role=\"presentation\" height=\"64\" width=\"64\"><span class=\"labelWrapper\"><span>Music</span></span></div><span data-is-icon=\"true\" class=\"options\"></span>"}, {8aa753d7-cb4a-4a35-b020-d567d795278a}, {8aa753d7-cb4a-4a35-b020-d567d795278a}
04-25 23:18:35.606 I/Gecko   (   83): 1398493115620	Marionette	INFO	sendToClient: {"from":"0","value":"<div><img src=\"blob:d1c29850-2673-4f52-bf77-4d40a7a5d997\" style=\"visibility: visible;\" role=\"presentation\" height=\"64\" width=\"64\"><span class=\"labelWrapper\"><span>Showbiz</span></span></div><span data-is-icon=\"true\" class=\"options\"></span>"}, {803a21c7-cb85-4ea2-8276-54b47520f20f}, {803a21c7-cb85-4ea2-8276-54b47520f20f}
04-25 23:18:35.656 I/Gecko   (   83): 1398493115666	Marionette	INFO	sendToClient: {"from":"0","value":"<div><img src=\"blob:177d47eb-69e9-4021-9abe-eea42593d152\" style=\"visibility: visible;\" role=\"presentation\" height=\"64\" width=\"64\"><span class=\"labelWrapper\"><span>Camera</span></span></div>"}, {f07da5ed-b9b0-47cd-b23c-f7197502ae65}, {f07da5ed-b9b0-47cd-b23c-f7197502ae65}
04-25 23:18:35.666 I/Gecko   (   83): 1398493115680	Marionette	INFO	sendToClient: {"from":"0","value":"<div><img src=\"blob:c5c4f5c1-6173-4fda-8cad-2974ad369e4a\" style=\"visibility: visible;\" role=\"presentation\" height=\"64\" width=\"64\"><span class=\"labelWrapper\"><span>Gallery</span></span></div>"}, {5580e8c1-30d7-41ff-92a9-3ceb0339575f}, {5580e8c1-30d7-41ff-92a9-3ceb0339575f}
04-25 23:18:35.706 I/Gecko   (   83): 1398493115720	Marionette	INFO	sendToClient: {"from":"0","value":"<div><img src=\"blob:d6105114-acab-4e20-be45-524e69c433ae\" style=\"visibility: visible;\" role=\"presentation\" height=\"64\" width=\"64\"><span class=\"labelWrapper\"><span>FM Radio</span></span></div>"}, {9210d7a8-b045-4342-a0db-a0465ea9d237}, {9210d7a8-b045-4342-a0db-a0465ea9d237}
04-25 23:18:35.716 I/Gecko   (   83): 1398493115732	Marionette	INFO	sendToClient: {"from":"0","value":"<div><img src=\"blob:93fb3568-7db9-4e55-8391-a4290a49ac0c\" style=\"visibility: visible;\" role=\"presentation\" height=\"64\" width=\"64\"><span class=\"labelWrapper\"><span>Settings</span></span></div>"}, {bd086b50-7773-49e6-b6d1-fce5d2fcf17d}, {bd086b50-7773-49e6-b6d1-fce5d2fcf17d}
04-25 23:18:35.746 I/Gecko   (   83): 1398493115755	Marionette	INFO	sendToClient: {"from":"0","value":"<div><img src=\"blob:44141164-1635-4afa-93f9-237904932f81\" style=\"visibility: visible;\" role=\"presentation\" height=\"64\" width=\"64\"><span class=\"labelWrapper\"><span>Marketplace</span></span></div>"}, {11875bdb-6c3e-4e25-97ca-e38e5201fa39}, {11875bdb-6c3e-4e25-97ca-e38e5201fa39}
04-25 23:18:35.806 I/Gecko   (   83): 1398493115824	Marionette	INFO	sendToClient: {"from":"0","value":"<div><img src=\"blob:959822f5-5d73-41a0-a898-189080c29fec\" style=\"visibility: visible;\" role=\"presentation\" height=\"64\" width=\"64\"><span class=\"labelWrapper\"><span>Calendar</span></span></div>"}, {f22f88c3-58d4-426e-8850-bed8fc595b56}, {f22f88c3-58d4-426e-8850-bed8fc595b56}
04-25 23:18:35.836 I/Gecko   (   83): 1398493115848	Marionette	INFO	sendToClient: {"from":"0","value":"<div><img src=\"blob:f0faffc6-1db1-4772-b136-adf5d576f6de\" style=\"visibility: visible;\" role=\"presentation\" height=\"64\" width=\"64\"><span class=\"labelWrapper\"><span>Clock</span></span></div>"}, {40f683bf-1531-42ee-99d3-06ca93ee04d0}, {40f683bf-1531-42ee-99d3-06ca93ee04d0}
04-25 23:18:35.856 I/Gecko   (   83): 1398493115865	Marionette	INFO	sendToClient: {"from":"0","value":"<div><img src=\"blob:cde779f4-6e3b-47d1-82fe-57b6ef8d184f\" style=\"visibility: visible;\" role=\"presentation\" height=\"64\" width=\"64\"><span class=\"labelWrapper\"><span>Usage</span></span></div>"}, {9a3e6f2f-c966-4d1b-9382-36d8b9582679}, {9a3e6f2f-c966-4d1b-9382-36d8b9582679}
04-25 23:18:35.866 I/Gecko   (   83): 1398493115884	Marionette	INFO	sendToClient: {"from":"0","value":"<div><img src=\"blob:0b872298-77ac-4c9c-a246-f03d92f8519a\" style=\"visibility: visible;\" role=\"presentation\" height=\"64\" width=\"64\"><span class=\"labelWrapper\"><span>E-Mail</span></span></div>"}, {48dcb387-b4c5-44e4-9829-7b51996d5c76}, {48dcb387-b4c5-44e4-9829-7b51996d5c76}
04-25 23:18:35.886 I/Gecko   (   83): 1398493115896	Marionette	INFO	sendToClient: {"from":"0","value":"<div><img src=\"blob:7c9e1448-2dec-46df-a34f-f4c1b91adb66\" style=\"visibility: visible;\" role=\"presentation\" height=\"64\" width=\"64\"><span class=\"labelWrapper\"><span>Music</span></span></div>"}, {7abec9c7-500c-49a6-8a53-39224919014f}, {7abec9c7-500c-49a6-8a53-39224919014f}
04-25 23:18:35.916 I/Gecko   (   83): 1398493115925	Marionette	INFO	sendToClient: {"from":"0","value":"<div><img src=\"blob:87c4f109-ad8c-4ecc-b76d-785ccf3ebc47\" style=\"visibility: visible;\" role=\"presentation\" height=\"64\" width=\"64\"><span class=\"labelWrapper\"><span>Video</span></span></div>"}, {777367d1-52bf-40ee-a255-d762603ae6f5}, {777367d1-52bf-40ee-a255-d762603ae6f5}
04-25 23:18:35.926 E/Profiler( 1497): BEGIN mozilla_sampler_init
04-25 23:18:35.926 I/Gecko   (   83): 1398493115944	Marionette	INFO	sendToClient: {"from":"0","value":"<div><img src=\"blob:baab289e-402a-436a-84c5-6a260bd2cbac\" style=\"visibility: visible;\" role=\"presentation\" height=\"64\" width=\"64\"><span class=\"labelWrapper mask\"><span>GoldNuggets</span></span></div><span data-is-icon=\"true\" class=\"options\"></span>"}, {a9464df4-b5b1-4116-bf51-7f2d88f65eee}, {a9464df4-b5b1-4116-bf51-7f2d88f65eee}
04-25 23:18:35.936 E/Profiler( 1497): BPUnw: [1 total] thread_register_for_profiling(me=0x40110488, stacktop=0xbeb209b7)
04-25 23:18:35.936 E/Profiler( 1497): SPS:
04-25 23:18:35.936 E/Profiler( 1497): SPS: Unwind mode       = pseudo
04-25 23:18:35.936 E/Profiler( 1497): SPS: Sampling interval = 0 ms (zero means "platform default")
04-25 23:18:35.936 E/Profiler( 1497): SPS: Entry store size  = 0 (zero means "platform default")
04-25 23:18:35.936 E/Profiler( 1497): SPS: UnwindStackScan   = 0 (max dubious frames per unwind).
04-25 23:18:35.936 E/Profiler( 1497): SPS: Use env var MOZ_PROFILER_MODE=help for further information.
04-25 23:18:35.936 E/Profiler( 1497): SPS:
04-25 23:18:35.936 E/Profiler( 1497): Registering start signal
04-25 23:18:35.946 I/Gecko   (   83): 1398493115961	Marionette	INFO	sendToClient: {"from":"0","value":"<div><img src=\"blob:3bc5487a-08ed-4313-9328-1d5a2dc4faf4\" style=\"visibility: visible;\" role=\"presentation\" height=\"64\" width=\"64\"><span class=\"labelWrapper mask\"><span>Space Shooter</span></span></div><span data-is-icon=\"true\" class=\"options\"></span>"}, {2087923c-1c0f-4b34-bf5d-3f731d465380}, {2087923c-1c0f-4b34-bf5d-3f731d465380}
04-25 23:18:35.966 I/Gecko   (   83): 1398493115975	Marionette	INFO	sendToClient: {"from":"0","value":"<div><img src=\"blob:653fd587-881a-42ea-b4e0-229ba5b69af7\" style=\"visibility: visible;\" role=\"presentation\" height=\"64\" width=\"64\"><span class=\"labelWrapper mask\"><span>Rebel Thumb</span></span></div><span data-is-icon=\"true\" class=\"options\"></span>"}, {d87c8220-c96b-44ab-a1bd-9e5b1a46e74b}, {d87c8220-c96b-44ab-a1bd-9e5b1a46e74b}
04-25 23:18:35.986 I/Gecko   (   83): 1398493115995	Marionette	INFO	sendToClient: {"from":"0","value":"<div><img src=\"blob:aea6dcc0-8ed9-4ff7-9987-14d52622c526\" style=\"visibility: visible;\" role=\"presentation\" height=\"64\" width=\"64\"><span class=\"labelWrapper mask\"><span>Instant Buttons - On Fire</span></span></div><span data-is-icon=\"true\" class=\"options\"></span>"}, {553f5684-f1e9-442b-8151-6c31bfb30598}, {553f5684-f1e9-442b-8151-6c31bfb30598}
04-25 23:18:35.996 I/Gecko   (   83): 1398493116007	Marionette	INFO	sendToClient: {"from":"0","value":"<div><img src=\"blob:a62bc697-d729-4c1b-8f82-6c577716b369\" style=\"visibility: visible;\" role=\"presentation\" height=\"64\" width=\"64\"><span class=\"labelWrapper\"><span>Phone</span></span></div>"}, {9752facf-d219-42fa-86fa-62d0f3ee382e}, {9752facf-d219-42fa-86fa-62d0f3ee382e}
04-25 23:18:36.006 I/Gecko   (   83): 1398493116018	Marionette	INFO	sendToClient: {"from":"0","value":"<div><img src=\"blob:05d76344-6e77-42af-87c1-86cb80b28e7c\" style=\"visibility: visible;\" role=\"presentation\" height=\"64\" width=\"64\"><span class=\"labelWrapper\"><span>Messages</span></span></div>"}, {76675789-8afc-44bf-b97a-0b0ba6103740}, {76675789-8afc-44bf-b97a-0b0ba6103740}
04-25 23:18:36.026 I/Gecko   (   83): 1398493116039	Marionette	INFO	sendToClient: {"from":"0","value":"<div><img src=\"blob:885e8340-5f88-4206-b6c4-9b6f4ac3d5bc\" style=\"visibility: visible;\" role=\"presentation\" height=\"64\" width=\"64\"><span class=\"labelWrapper\"><span>Contacts</span></span></div>"}, {f3acbfe9-1590-4b16-8bbb-c2a854f47dc8}, {f3acbfe9-1590-4b16-8bbb-c2a854f47dc8}
04-25 23:18:36.046 I/Gecko   (   83): 1398493116055	Marionette	INFO	sendToClient: {"from":"0","value":"<div><img src=\"blob:c550a709-0e33-44a3-a473-180c59c165ae\" style=\"visibility: visible;\" role=\"presentation\" height=\"64\" width=\"64\"><span class=\"labelWrapper\"><span>Browser</span></span></div>"}, {85909def-3467-479c-a316-a87b78d004c1}, {85909def-3467-479c-a316-a87b78d004c1}
04-25 23:18:36.246 E/GeckoConsole( 1497): Could not read chrome manifest 'file:///system/b2g/chrome.manifest'.
04-25 23:18:37.746 W/WifiHW  (   83): wifi_command: SIGNAL_POLL
04-25 23:18:37.906 I/Gonk    (   83): Setting nice for pid 1507 to 18
04-25 23:18:37.916 I/Gonk    (   83): Changed nice for pid 1507 from 0 to 18.
04-25 23:18:38.086 I/Gecko   (   83): 1398493118097	Marionette	INFO	sendToClient: {"from":"0","value":["{fe1a5ed1-ed92-44a1-b110-7dcdb664cede}","{5123db8c-3a63-4944-b940-3c63108c02cc}","{46746063-667b-4d1b-9dc7-b0c8aebc57f8}","{73018904-0bc0-494d-86d7-f677455bf257}","{87f893e9-6a57-4603-bfb8-0059df1fd3d7}","{c1f05aa9-3e7c-4b44-98ba-b17fd65462ef}","{68666cb2-cc78-45f1-a735-3c0f1e04332a}","{c93bdf9b-0b9c-4d93-a40b-9fcd49d6504e}","{89087a54-c93d-402d-a538-3a06f2a9ed77}","{8a0adea1-ab0f-43b9-a0e9-6a3eb7b9b1bf}","{a137c3cf-f9de-4cee-b1d5-dcd0cb216b40}","{786440a2-cecf-4a23-9524-ce393e83acec}","{8a362552-8334-45d3-94cb-b2493dd90f98}","{d9b20c7a-79a3-4200-8568-f2cfafd1528a}","{eec80799-8d83-4e48-a6e6-880c02abefb3}","{96364f90-64ca-4253-80cd-ffde0e4dd0d4}","{ad33dec8-9cdb-41b5-ab92-a32aada06501}","{bf68cfaf-3844-4534-a392-49b26211d73d}","{6512ef76-a552-493f-aacc-750b5c014e4a}","{70436c3c-5635-46c6-a947-8dc102341622}","{1ade08f5-a6de-4ee1-a34d-29eaa38433e4}","{c6b2953b-6cdd-4b25-b3de-cd36dcfa75e3}","{44c568d3-a5a1-4c40-b971-9e60df93841f}"]}, {f0fc3fb8-43
04-25 23:18:38.116 I/Gecko   (   83): 1398493118131	Marionette	INFO	sendToClient: {"from":"0","value":"<div><img src=\"blob:5282ddb0-5601-4ee5-97a5-49c84a24e3c3\" style=\"visibility: visible;\" role=\"presentation\" height=\"64\" width=\"64\"><span class=\"labelWrapper\"><span>Social</span></span></div><span data-is-icon=\"true\" class=\"options\"></span>"}, {9a70a872-b75d-4b52-90e0-fdf95f9c65d8}, {9a70a872-b75d-4b52-90e0-fdf95f9c65d8}
04-25 23:18:38.126 I/Gecko   (   83): 1398493118144	Marionette	INFO	sendToClient: {"from":"0","value":"<div><img src=\"blob:d66092ee-3b15-48fb-9b02-8e232264a02a\" style=\"visibility: visible;\" role=\"presentation\" height=\"64\" width=\"64\"><span class=\"labelWrapper\"><span>Games</span></span></div><span data-is-icon=\"true\" class=\"options\"></span>"}, {d3324c43-6727-4ba9-8dde-f33ca5556bf1}, {d3324c43-6727-4ba9-8dde-f33ca5556bf1}
04-25 23:18:38.156 I/Gecko   (   83): 1398493118171	Marionette	INFO	sendToClient: {"from":"0","value":"<div><img src=\"blob:c6308aa4-4919-405b-beb1-ca4ad9fa50cb\" style=\"visibility: visible;\" role=\"presentation\" height=\"64\" width=\"64\"><span class=\"labelWrapper\"><span>Music</span></span></div><span data-is-icon=\"true\" class=\"options\"></span>"}, {6cc3917e-4d68-442b-b4a0-5248be2ce90d}, {6cc3917e-4d68-442b-b4a0-5248be2ce90d}
04-25 23:18:38.166 I/Gecko   (   83): 1398493118182	Marionette	INFO	sendToClient: {"from":"0","value":"<div><img src=\"blob:d1c29850-2673-4f52-bf77-4d40a7a5d997\" style=\"visibility: visible;\" role=\"presentation\" height=\"64\" width=\"64\"><span class=\"labelWrapper\"><span>Showbiz</span></span></div><span data-is-icon=\"true\" class=\"options\"></span>"}, {d9bbaffd-5cfd-47b7-a431-7556d1c64569}, {d9bbaffd-5cfd-47b7-a431-7556d1c64569}
04-25 23:18:38.176 I/Gecko   (   83): 1398493118192	Marionette	INFO	sendToClient: {"from":"0","value":"<div><img src=\"blob:177d47eb-69e9-4021-9abe-eea42593d152\" style=\"visibility: visible;\" role=\"presentation\" height=\"64\" width=\"64\"><span class=\"labelWrapper\"><span>Camera</span></span></div>"}, {47a1f1cb-9a50-42dd-83cf-9dc73a0f4d8d}, {47a1f1cb-9a50-42dd-83cf-9dc73a0f4d8d}
04-25 23:18:38.186 I/Gecko   (   83): 1398493118203	Marionette	INFO	sendToClient: {"from":"0","value":"<div><img src=\"blob:c5c4f5c1-6173-4fda-8cad-2974ad369e4a\" style=\"visibility: visible;\" role=\"presentation\" height=\"64\" width=\"64\"><span class=\"labelWrapper\"><span>Gallery</span></span></div>"}, {30b890f6-5052-42c2-aad3-3baa5b84b069}, {30b890f6-5052-42c2-aad3-3baa5b84b069}
04-25 23:18:38.206 I/Gecko   (   83): 1398493118214	Marionette	INFO	sendToClient: {"from":"0","value":"<div><img src=\"blob:d6105114-acab-4e20-be45-524e69c433ae\" style=\"visibility: visible;\" role=\"presentation\" height=\"64\" width=\"64\"><span class=\"labelWrapper\"><span>FM Radio</span></span></div>"}, {bc85e6f1-a549-4a65-94db-7561a89dcf34}, {bc85e6f1-a549-4a65-94db-7561a89dcf34}
04-25 23:18:38.216 I/Gecko   (   83): 1398493118224	Marionette	INFO	sendToClient: {"from":"0","value":"<div><img src=\"blob:93fb3568-7db9-4e55-8391-a4290a49ac0c\" style=\"visibility: visible;\" role=\"presentation\" height=\"64\" width=\"64\"><span class=\"labelWrapper\"><span>Settings</span></span></div>"}, {b01f856f-3455-45b3-b83f-09251f35b45e}, {b01f856f-3455-45b3-b83f-09251f35b45e}
04-25 23:18:38.226 I/Gecko   (   83): 1398493118240	Marionette	INFO	sendToClient: {"from":"0","value":"<div><img src=\"blob:44141164-1635-4afa-93f9-237904932f81\" style=\"visibility: visible;\" role=\"presentation\" height=\"64\" width=\"64\"><span class=\"labelWrapper\"><span>Marketplace</span></span></div>"}, {c343c81f-04e9-4276-ac7e-775026ddd8fb}, {c343c81f-04e9-4276-ac7e-775026ddd8fb}
04-25 23:18:38.236 I/Gecko   (   83): 1398493118253	Marionette	INFO	sendToClient: {"from":"0","value":"<div><img src=\"blob:959822f5-5d73-41a0-a898-189080c29fec\" style=\"visibility: visible;\" role=\"presentation\" height=\"64\" width=\"64\"><span class=\"labelWrapper\"><span>Calendar</span></span></div>"}, {58634f66-b2df-419d-9235-681ccd58467f}, {58634f66-b2df-419d-9235-681ccd58467f}
04-25 23:18:38.256 I/Gecko   (   83): 1398493118266	Marionette	INFO	sendToClient: {"from":"0","value":"<div><img src=\"blob:f0faffc6-1db1-4772-b136-adf5d576f6de\" style=\"visibility: visible;\" role=\"presentation\" height=\"64\" width=\"64\"><span class=\"labelWrapper\"><span>Clock</span></span></div>"}, {93fcf4b0-5324-4d57-bbe0-4af06bbfca6f}, {93fcf4b0-5324-4d57-bbe0-4af06bbfca6f}
04-25 23:18:38.266 I/Gecko   (   83): 1398493118276	Marionette	INFO	sendToClient: {"from":"0","value":"<div><img src=\"blob:cde779f4-6e3b-47d1-82fe-57b6ef8d184f\" style=\"visibility: visible;\" role=\"presentation\" height=\"64\" width=\"64\"><span class=\"labelWrapper\"><span>Usage</span></span></div>"}, {ee641134-ea41-475e-af2a-0ed8ac0bce2b}, {ee641134-ea41-475e-af2a-0ed8ac0bce2b}
04-25 23:18:38.276 I/Gecko   (   83): 1398493118286	Marionette	INFO	sendToClient: {"from":"0","value":"<div><img src=\"blob:0b872298-77ac-4c9c-a246-f03d92f8519a\" style=\"visibility: visible;\" role=\"presentation\" height=\"64\" width=\"64\"><span class=\"labelWrapper\"><span>E-Mail</span></span></div>"}, {5afecc75-98ed-423b-ae7f-b5b542120e3e}, {5afecc75-98ed-423b-ae7f-b5b542120e3e}
04-25 23:18:38.286 I/Gecko   (   83): 1398493118297	Marionette	INFO	sendToClient: {"from":"0","value":"<div><img src=\"blob:7c9e1448-2dec-46df-a34f-f4c1b91adb66\" style=\"visibility: visible;\" role=\"presentation\" height=\"64\" width=\"64\"><span class=\"labelWrapper\"><span>Music</span></span></div>"}, {29b4d56a-97ca-4e5a-89b8-027a5df54037}, {29b4d56a-97ca-4e5a-89b8-027a5df54037}
04-25 23:18:38.296 I/Gecko   (   83): 1398493118307	Marionette	INFO	sendToClient: {"from":"0","value":"<div><img src=\"blob:87c4f109-ad8c-4ecc-b76d-785ccf3ebc47\" style=\"visibility: visible;\" role=\"presentation\" height=\"64\" width=\"64\"><span class=\"labelWrapper\"><span>Video</span></span></div>"}, {6749f799-d9bf-4289-ac6d-3494e2e24a53}, {6749f799-d9bf-4289-ac6d-3494e2e24a53}
04-25 23:18:38.306 I/Gecko   (   83): 1398493118318	Marionette	INFO	sendToClient: {"from":"0","value":"<div><img src=\"blob:baab289e-402a-436a-84c5-6a260bd2cbac\" style=\"visibility: visible;\" role=\"presentation\" height=\"64\" width=\"64\"><span class=\"labelWrapper mask\"><span>GoldNuggets</span></span></div><span data-is-icon=\"true\" class=\"options\"></span>"}, {b11256e9-80a4-4320-b266-237a13047f3f}, {b11256e9-80a4-4320-b266-237a13047f3f}
04-25 23:18:38.316 I/Gecko   (   83): 1398493118333	Marionette	INFO	sendToClient: {"from":"0","value":"<div><img src=\"blob:3bc5487a-08ed-4313-9328-1d5a2dc4faf4\" style=\"visibility: visible;\" role=\"presentation\" height=\"64\" width=\"64\"><span class=\"labelWrapper mask\"><span>Space Shooter</span></span></div><span data-is-icon=\"true\" class=\"options\"></span>"}, {d20b474e-7f5f-4fd3-affd-970fef2da9e1}, {d20b474e-7f5f-4fd3-affd-970fef2da9e1}
04-25 23:18:38.336 I/Gecko   (   83): 1398493118349	Marionette	INFO	sendToClient: {"from":"0","value":"<div><img src=\"blob:653fd587-881a-42ea-b4e0-229ba5b69af7\" style=\"visibility: visible;\" role=\"presentation\" height=\"64\" width=\"64\"><span class=\"labelWrapper mask\"><span>Rebel Thumb</span></span></div><span data-is-icon=\"true\" class=\"options\"></span>"}, {a862e68b-3550-439d-ae91-6ba899edbea3}, {a862e68b-3550-439d-ae91-6ba899edbea3}
04-25 23:18:38.356 I/Gecko   (   83): 1398493118366	Marionette	INFO	sendToClient: {"from":"0","value":"<div><img src=\"blob:aea6dcc0-8ed9-4ff7-9987-14d52622c526\" style=\"visibility: visible;\" role=\"presentation\" height=\"64\" width=\"64\"><span class=\"labelWrapper mask\"><span>Instant Buttons - On Fire</span></span></div><span data-is-icon=\"true\" class=\"options\"></span>"}, {b1935853-8e80-4aea-a5de-dd556bd3458f}, {b1935853-8e80-4aea-a5de-dd556bd3458f}
04-25 23:18:38.366 I/Gecko   (   83): 1398493118377	Marionette	INFO	sendToClient: {"from":"0","value":"<div><img src=\"blob:a62bc697-d729-4c1b-8f82-6c577716b369\" style=\"visibility: visible;\" role=\"presentation\" height=\"64\" width=\"64\"><span class=\"labelWrapper\"><span>Phone</span></span></div>"}, {7afb246e-07cd-4d45-8db8-3de4aaf65682}, {7afb246e-07cd-4d45-8db8-3de4aaf65682}
04-25 23:18:38.376 I/Gecko   (   83): 1398493118388	Marionette	INFO	sendToClient: {"from":"0","value":"<div><img src=\"blob:05d76344-6e77-42af-87c1-86cb80b28e7c\" style=\"visibility: visible;\" role=\"presentation\" height=\"64\" width=\"64\"><span class=\"labelWrapper\"><span>Messages</span></span></div>"}, {8966a9e0-b06c-4f0c-8001-c0a0dd40811c}, {8966a9e0-b06c-4f0c-8001-c0a0dd40811c}
04-25 23:18:38.386 I/Gecko   (   83): 1398493118399	Marionette	INFO	sendToClient: {"from":"0","value":"<div><img src=\"blob:885e8340-5f88-4206-b6c4-9b6f4ac3d5bc\" style=\"visibility: visible;\" role=\"presentation\" height=\"64\" width=\"64\"><span class=\"labelWrapper\"><span>Contacts</span></span></div>"}, {ad5428f8-a606-4a03-a716-460be642b45b}, {ad5428f8-a606-4a03-a716-460be642b45b}
04-25 23:18:38.396 I/Gecko   (   83): 1398493118409	Marionette	INFO	sendToClient: {"from":"0","value":"<div><img src=\"blob:c550a709-0e33-44a3-a473-180c59c165ae\" style=\"visibility: visible;\" role=\"presentation\" height=\"64\" width=\"64\"><span class=\"labelWrapper\"><span>Browser</span></span></div>"}, {d897b376-8d39-41f5-b042-36c6c0bdb709}, {d897b376-8d39-41f5-b042-36c6c0bdb709}
04-25 23:18:38.416 I/Gecko   (   83): 1398493118428	Marionette	INFO	sendToClient: {"from":"0","value":"app://homescreen.gaiamobile.org/index.html#root"}, {e4ff0ce2-2e80-4363-b11a-7be249e6f1bd}, {e4ff0ce2-2e80-4363-b11a-7be249e6f1bd}
04-25 23:18:38.416 I/Gecko   (   83): 1398493118434	Marionette	DEBUG	Got request: switchToFrame, data: {"to":"0","sessionId":"3-b2g","name":"switchToFrame","parameters":{"id":null,"focus":true}}, id: {4d8bbe3e-e37d-40e7-a52d-ebf48b6d4244}
04-25 23:18:38.456 I/Gecko   (   83): 1398493118470	Marionette	INFO	Switched to frame: {"frameValue":null}
04-25 23:18:38.586 I/Gecko   (   83): 1398493118603	Marionette	INFO	sendToClient: {"from":"0","ok":true}, {4d8bbe3e-e37d-40e7-a52d-ebf48b6d4244}, {4d8bbe3e-e37d-40e7-a52d-ebf48b6d4244}
04-25 23:18:38.596 I/Gecko   (   83): 1398493118609	Marionette	DEBUG	Got request: switchToFrame, data: {"to":"0","sessionId":"3-b2g","name":"switchToFrame","parameters":{"id":null,"focus":true}}, id: {32d43a58-e7df-4bfd-9d25-daa216afef2c}
04-25 23:18:38.596 I/Gecko   (   83): 1398493118610	Marionette	INFO	Switched to frame: {"frameValue":null}
04-25 23:18:38.696 I/Gecko   (   83): 1398493118712	Marionette	INFO	sendToClient: {"from":"0","ok":true}, {32d43a58-e7df-4bfd-9d25-daa216afef2c}, {32d43a58-e7df-4bfd-9d25-daa216afef2c}
04-25 23:18:38.706 I/Gecko   (   83): 1398493118723	Marionette	DEBUG	Got request: executeWithCallback, data: {"to":"0","sessionId":"3-b2g","name":"executeAsyncScript","parameters":{"specialPowers":false,"scriptTimeout":30000,"newSandbox":true,"args":[],"filename":"app_checker.py","script":"GaiaApps.launchWithManifestURL('https://marketplace.firefox.com/app/b0ad524c-c8c0-4286-8794-94b9de13ed14/manifest.webapp')","line":106}}, id: {a5dcba7a-d0e1-41a6-a57f-0fa528811b80}
04-25 23:18:39.016 I/Gonk    (   83): Setting nice for pid 1507 to 18
04-25 23:18:39.026 I/Gonk    (   83): Changed nice for pid 1507 from 18 to 18.
04-25 23:18:39.026 I/Gecko   (   83): [Parent 83] WARNING: waitpid failed pid:1507 errno:10: file ../../../gecko/ipc/chromium/src/base/process_util_posix.cc, line 254
04-25 23:18:39.056 I/Gonk    (   83): Setting nice for pid 1507 to 1
04-25 23:18:39.066 I/Gonk    (   83): Changed nice for pid 1507 from 18 to 1.
04-25 23:18:39.646 E/GeckoConsole(   83): Content JS LOG at dummy file:334 in GaiaApps.launch: launching app with name 'Instant Buttons - On Fire'
04-25 23:18:39.766 D/Sensors (   83): activate handle=0; drv=0
04-25 23:18:39.766 D/Sensors (   83): Lis3dhSensor: Control set 1
04-25 23:18:39.766 D/Sensors (   83): Lis3dhSensor: mEnabled = 1
04-25 23:18:40.046 E/[Gralloc-ERROR](   83): int gralloc_register_buffer(const gralloc_module_t*, const native_handle_t*):79 Unable to register handle 0x45ddc8d0 coming from different process: 83
04-25 23:18:40.046 E/[Gralloc-ERROR](   83): int gralloc_register_buffer(const gralloc_module_t*, const native_handle_t*):79 Unable to register handle 0x45ddca10 coming from different process: 83
04-25 23:18:40.266 I/Gonk    (   83): Setting nice for pid 1402 to 18
04-25 23:18:40.276 I/Gonk    (   83): Changed nice for pid 1402 from 1 to 18.
04-25 23:18:40.816 I/Gecko   (   83): [Parent 83] WARNING: pipe error (136): Connection reset by peer: file ../../../gecko/ipc/chromium/src/chrome/common/ipc_channel_posix.cc, line 446
04-25 23:18:40.936 I/Gecko   (   83): 
04-25 23:18:40.936 I/Gecko   (   83): ###!!! [Parent][MessageChannel] Error: Channel error: cannot send/recv
04-25 23:18:40.936 I/Gecko   (   83): 
04-25 23:18:41.066 I/Gecko   (   83): [Parent 83] WARNING: waitpid failed pid:1402 errno:10: file ../../../gecko/ipc/chromium/src/base/process_util_posix.cc, line 254
04-25 23:18:41.806 I/Gecko   ( 1507): ###################################### forms.js loaded
04-25 23:18:41.856 I/Gecko   ( 1507): ############################### browserElementPanning.js loaded
04-25 23:18:41.896 I/Gecko   ( 1507): ######################## BrowserElementChildPreload.js loaded
04-25 23:18:42.816 E/GeckoConsole( 1507): [JavaScript Warning: "Unknown property '-moz-border-radius'.  Declaration dropped." {file: "app://{71804461-baa5-4718-b808-7f5e1d10012a}/css/style.css" line: 78 column: 19 source: "	-moz-border-radius: 5px;"}]
04-25 23:18:42.816 E/GeckoConsole( 1507): [JavaScript Warning: "Unknown property '-moz-border-radius'.  Declaration dropped." {file: "app://{71804461-baa5-4718-b808-7f5e1d10012a}/css/style.css" line: 100 column: 19 source: "	-moz-border-radius: 10px;"}]
04-25 23:18:42.846 W/WifiHW  (   83): wifi_command: SIGNAL_POLL
04-25 23:18:43.066 I/Gecko   (   83): [Parent 83] WARNING: waitpid failed pid:1402 errno:10: file ../../../gecko/ipc/chromium/src/base/process_util_posix.cc, line 254
04-25 23:18:43.066 I/Gecko   (   83): [Parent 83] WARNING: Failed to deliver SIGKILL to 1402!(3).: file ../../../gecko/ipc/chromium/src/chrome/common/process_watcher_posix_sigchld.cc, line 118
04-25 23:18:44.716 E/GeckoConsole( 1507): [JavaScript Error: "ReferenceError: Inneractive is not defined" {file: "app://{71804461-baa5-4718-b808-7f5e1d10012a}/js/script.js" line: 9}]
04-25 23:18:45.666 I/Gonk    (   83): Setting nice for pid 1452 to 18
04-25 23:18:45.666 I/Gonk    (   83): Changed nice for pid 1452 from 0 to 18.
04-25 23:18:45.666 I/Gecko   (   83): [Parent 83] WARNING: waitpid failed pid:1452 errno:10: file ../../../gecko/ipc/chromium/src/base/process_util_posix.cc, line 254
04-25 23:18:45.686 I/Gonk    (   83): Setting nice for pid 1452 to 1
04-25 23:18:45.686 I/Gonk    (   83): Changed nice for pid 1452 from 18 to 1.
04-25 23:18:45.696 I/Gonk    (   83): Setting nice for pid 1452 to 18
04-25 23:18:45.696 I/Gonk    (   83): Changed nice for pid 1452 from 1 to 18.
04-25 23:18:45.856 E/GeckoConsole(   83): Content JS LOG at dummy file:326 in GaiaApps.launch/appOpen/<: app with origin 'app://{71804461-baa5-4718-b808-7f5e1d10012a}' has launched
