--------- beginning of /dev/log/main
04-25 19:26:31.937 I/Gecko   (   83): 1398479191955	Marionette	INFO	sendToClient: {"from":"0","ok":true}, {f1ee378b-f8e2-4b56-8e2a-642ddbddabfd}, {f1ee378b-f8e2-4b56-8e2a-642ddbddabfd}
04-25 19:26:32.017 I/Gecko   (   83): 1398479192030	Marionette	DEBUG	Got request: switchToFrame, data: {"to":"0","sessionId":"3-b2g","name":"switchToFrame","parameters":{"id":null,"focus":true}}, id: {502e6590-9031-4021-aea5-92460b1afe3e}
04-25 19:26:32.087 I/Gecko   (   83): 1398479192098	Marionette	INFO	Switched to frame: {"frameValue":null}
04-25 19:26:32.227 I/Gecko   (   83): 1398479192239	Marionette	INFO	sendToClient: {"from":"0","ok":true}, {502e6590-9031-4021-aea5-92460b1afe3e}, {502e6590-9031-4021-aea5-92460b1afe3e}
04-25 19:26:32.237 I/Gecko   (   83): 1398479192255	Marionette	DEBUG	Got request: executeWithCallback, data: {"to":"0","sessionId":"3-b2g","name":"executeAsyncScript","parameters":{"specialPowers":false,"scriptTimeout":null,"newSandbox":true,"args":[],"filename":"gaia_test.py","script":"return GaiaApps.displayedApp();","line":66}}, id: {755d1a51-5a33-42a8-8d67-27345db395bb}
04-25 19:26:32.327 I/Gecko   (   83): 1398479192345	Marionette	INFO	sendToClient: {"from":"0","value":{"frame":{"ELEMENT":"{6c6b2adb-89fb-42e2-a3eb-c53e6ae15e42}"},"src":"app://homescreen.gaiamobile.org/index.html#root","name":"Homescreen","origin":"app://homescreen.gaiamobile.org"}}, {755d1a51-5a33-42a8-8d67-27345db395bb}, {755d1a51-5a33-42a8-8d67-27345db395bb}
04-25 19:26:32.337 E/GeckoConsole(   83): Content JS LOG at dummy file:392 in GaiaApps.displayedApp: app with origin 'app://homescreen.gaiamobile.org' is displayed
04-25 19:26:32.337 I/Gecko   (   83): 1398479192353	Marionette	DEBUG	Got request: switchToFrame, data: {"to":"0","sessionId":"3-b2g","name":"switchToFrame","parameters":{"id":null,"focus":true}}, id: {d38d222c-df20-41a5-aba1-57e2d2895516}
04-25 19:26:32.337 I/Gecko   (   83): 1398479192355	Marionette	INFO	Switched to frame: {"frameValue":null}
04-25 19:26:32.447 I/Gecko   (   83): 1398479192457	Marionette	INFO	sendToClient: {"from":"0","ok":true}, {d38d222c-df20-41a5-aba1-57e2d2895516}, {d38d222c-df20-41a5-aba1-57e2d2895516}
04-25 19:26:32.447 I/Gecko   (   83): 1398479192463	Marionette	DEBUG	Got request: switchToFrame, data: {"to":"0","sessionId":"3-b2g","name":"switchToFrame","parameters":{"id":null,"focus":true}}, id: {6402d620-a966-42aa-9af4-a1c245dd0e22}
04-25 19:26:32.447 I/Gecko   (   83): 1398479192466	Marionette	INFO	Switched to frame: {"frameValue":null}
04-25 19:26:32.557 I/Gecko   (   83): 1398479192568	Marionette	INFO	sendToClient: {"from":"0","ok":true}, {6402d620-a966-42aa-9af4-a1c245dd0e22}, {6402d620-a966-42aa-9af4-a1c245dd0e22}
04-25 19:26:32.557 I/Gecko   (   83): 1398479192575	Marionette	DEBUG	Got request: executeWithCallback, data: {"to":"0","sessionId":"3-b2g","name":"executeAsyncScript","parameters":{"specialPowers":false,"scriptTimeout":null,"newSandbox":true,"args":[],"filename":"gaia_test.py","script":"return GaiaApps.displayedApp();","line":66}}, id: {870ccdbf-b54b-4e63-8c89-617f9c81397c}
04-25 19:26:32.617 I/Gecko   (   83): 1398479192633	Marionette	INFO	sendToClient: {"from":"0","value":{"frame":{"ELEMENT":"{6c6b2adb-89fb-42e2-a3eb-c53e6ae15e42}"},"src":"app://homescreen.gaiamobile.org/index.html#root","name":"Homescreen","origin":"app://homescreen.gaiamobile.org"}}, {870ccdbf-b54b-4e63-8c89-617f9c81397c}, {870ccdbf-b54b-4e63-8c89-617f9c81397c}
04-25 19:26:32.627 I/Gecko   (   83): 1398479192640	Marionette	DEBUG	Got request: switchToFrame, data: {"to":"0","sessionId":"3-b2g","name":"switchToFrame","parameters":{"focus":true,"element":"{6c6b2adb-89fb-42e2-a3eb-c53e6ae15e42}"}}, id: {f360212e-63b5-4b3f-8377-30a3c8a3887b}
04-25 19:26:32.637 I/Gecko   (   83): 1398479192653	Marionette	INFO	Switched to frame: {"frameValue":"{6c6b2adb-89fb-42e2-a3eb-c53e6ae15e42}"}
04-25 19:26:32.647 E/GeckoConsole(   83): Content JS LOG at dummy file:392 in GaiaApps.displayedApp: app with origin 'app://homescreen.gaiamobile.org' is displayed
04-25 19:26:32.647 I/Gecko   (   83): 1398479192661	Marionette	INFO	trying remote frame 0
04-25 19:26:32.647 I/Gecko   (   83): 1398479192665	Marionette	INFO	trying remote frame 1
04-25 19:26:32.647 I/Gecko   (   83): 1398479192666	Marionette	INFO	trying remote frame 2
04-25 19:26:32.657 I/Gecko   (   83): 1398479192667	Marionette	INFO	trying remote frame 3
04-25 19:26:32.657 I/Gecko   (   83): 1398479192668	Marionette	INFO	trying remote frame 4
04-25 19:26:32.657 I/Gecko   (   83): 1398479192669	Marionette	INFO	deleting frame
04-25 19:26:32.667 I/Gecko   (   83): 1398479192680	Marionette	INFO	frame-manager load script: [object ChromeMessageSender]
04-25 19:26:33.057 I/Gecko   (   83): 1398479193071	Marionette	INFO	sendToClient: {"from":"0","ok":true}, {f360212e-63b5-4b3f-8377-30a3c8a3887b}, {f360212e-63b5-4b3f-8377-30a3c8a3887b}
04-25 19:26:33.267 I/Gecko   (   83): 1398479193286	Marionette	INFO	sendToClient: {"from":"0","value":{"ELEMENT":"{ff760220-6ad5-4be0-882b-850e082ce127}"}}, {08654fb1-e7aa-4e65-9007-5bec327849d5}, {08654fb1-e7aa-4e65-9007-5bec327849d5}
04-25 19:26:33.577 E/GeckoConsole( 3163): [JavaScript Warning: "Use of getAttributeNode() is deprecated. Use getAttribute() instead." {file: "chrome://marionette/content/atoms.js" line: 25}]
04-25 19:26:33.577 E/GeckoConsole( 3163): [JavaScript Warning: "Use of attributes' specified attribute is deprecated. It always returns true." {file: "chrome://marionette/content/atoms.js" line: 25}]
04-25 19:26:33.577 I/Gecko   (   83): 1398479193595	Marionette	INFO	sendToClient: {"from":"0","value":"normal"}, {95052eeb-fd38-421b-b45f-7a5a6cfd4547}, {95052eeb-fd38-421b-b45f-7a5a6cfd4547}
04-25 19:26:33.587 I/Gecko   (   83): 1398479193602	Marionette	DEBUG	Got request: switchToFrame, data: {"to":"0","sessionId":"3-b2g","name":"switchToFrame","parameters":{"id":null,"focus":true}}, id: {0968e782-a605-4884-a47e-30a16b179a44}
04-25 19:26:33.607 I/Gecko   (   83): 1398479193621	Marionette	INFO	Switched to frame: {"frameValue":null}
04-25 19:26:33.717 I/Gecko   (   83): 1398479193735	Marionette	INFO	sendToClient: {"from":"0","ok":true}, {0968e782-a605-4884-a47e-30a16b179a44}, {0968e782-a605-4884-a47e-30a16b179a44}
04-25 19:26:33.727 I/Gecko   (   83): 1398479193743	Marionette	DEBUG	Got request: execute, data: {"to":"0","sessionId":"3-b2g","name":"executeScript","parameters":{"specialPowers":false,"scriptTimeout":null,"newSandbox":true,"args":[],"filename":"gaia_test.py","script":"window.wrappedJSObject.dispatchEvent(new Event('home'));","line":788}}, id: {0b104e09-24cd-4ddc-a4ee-761172d5854e}
04-25 19:26:33.797 I/Gecko   (   83): 1398479193812	Marionette	INFO	sendToClient: {"from":"0","value":null}, {0b104e09-24cd-4ddc-a4ee-761172d5854e}, {0b104e09-24cd-4ddc-a4ee-761172d5854e}
04-25 19:26:33.807 I/Gecko   (   83): 1398479193826	Marionette	DEBUG	Got request: switchToFrame, data: {"to":"0","sessionId":"3-b2g","name":"switchToFrame","parameters":{"id":null,"focus":true}}, id: {46f4b11d-e979-49fa-a075-0d5e2e2d546f}
04-25 19:26:33.817 I/Gecko   (   83): 1398479193832	Marionette	INFO	Switched to frame: {"frameValue":null}
04-25 19:26:33.927 I/Gecko   (   83): 1398479193940	Marionette	INFO	sendToClient: {"from":"0","ok":true}, {46f4b11d-e979-49fa-a075-0d5e2e2d546f}, {46f4b11d-e979-49fa-a075-0d5e2e2d546f}
04-25 19:26:33.937 I/Gecko   (   83): 1398479193946	Marionette	DEBUG	Got request: switchToFrame, data: {"to":"0","sessionId":"3-b2g","name":"switchToFrame","parameters":{"id":null,"focus":true}}, id: {c692ab4b-cc38-4bcf-acbe-25bf2678ba8e}
04-25 19:26:33.937 I/Gecko   (   83): 1398479193949	Marionette	INFO	Switched to frame: {"frameValue":null}
04-25 19:26:34.047 I/Gecko   (   83): 1398479194059	Marionette	INFO	sendToClient: {"from":"0","ok":true}, {c692ab4b-cc38-4bcf-acbe-25bf2678ba8e}, {c692ab4b-cc38-4bcf-acbe-25bf2678ba8e}
04-25 19:26:34.047 I/Gecko   (   83): 1398479194065	Marionette	DEBUG	Got request: executeWithCallback, data: {"to":"0","sessionId":"3-b2g","name":"executeAsyncScript","parameters":{"specialPowers":false,"scriptTimeout":null,"newSandbox":true,"args":[],"filename":"gaia_test.py","script":"return GaiaApps.displayedApp();","line":66}}, id: {dc21f6f1-0fa8-4185-8603-c801bb68cb2e}
04-25 19:26:34.127 E/GeckoConsole(   83): Content JS LOG at dummy file:392 in GaiaApps.displayedApp: app with origin 'app://homescreen.gaiamobile.org' is displayed
04-25 19:26:34.127 I/Gecko   (   83): 1398479194146	Marionette	INFO	sendToClient: {"from":"0","value":{"frame":{"ELEMENT":"{6c6b2adb-89fb-42e2-a3eb-c53e6ae15e42}"},"src":"app://homescreen.gaiamobile.org/index.html#rootFri%20Apr%2025%202014%2019:26:33%20GMT-0700%20(UTC)","name":"Homescreen","origin":"app://homescreen.gaiamobile.org"}}, {dc21f6f1-0fa8-4185-8603-c801bb68cb2e}, {dc21f6f1-0fa8-4185-8603-c801bb68cb2e}
04-25 19:26:34.137 I/Gecko   (   83): 1398479194152	Marionette	DEBUG	Got request: switchToFrame, data: {"to":"0","sessionId":"3-b2g","name":"switchToFrame","parameters":{"focus":true,"element":"{6c6b2adb-89fb-42e2-a3eb-c53e6ae15e42}"}}, id: {d67de992-7202-4fcc-b06e-f3022725ae47}
04-25 19:26:34.147 I/Gecko   (   83): 1398479194165	Marionette	INFO	Switched to frame: {"frameValue":"{6c6b2adb-89fb-42e2-a3eb-c53e6ae15e42}"}
04-25 19:26:34.167 I/Gecko   (   83): 1398479194178	Marionette	INFO	trying remote frame 0
04-25 19:26:34.167 I/Gecko   (   83): 1398479194180	Marionette	INFO	trying remote frame 1
04-25 19:26:34.167 I/Gecko   (   83): 1398479194181	Marionette	INFO	trying remote frame 2
04-25 19:26:34.167 I/Gecko   (   83): 1398479194181	Marionette	INFO	trying remote frame 3
04-25 19:26:34.167 I/Gecko   (   83): 1398479194182	Marionette	INFO	trying remote frame 4
04-25 19:26:34.417 I/Gecko   (   83): 1398479194435	Marionette	INFO	sendToClient: {"from":"0","ok":true}, {d67de992-7202-4fcc-b06e-f3022725ae47}, {d67de992-7202-4fcc-b06e-f3022725ae47}
04-25 19:26:34.437 I/Gecko   (   83): 1398479194448	Marionette	DEBUG	Got request: execute, data: {"to":"0","sessionId":"3-b2g","name":"executeScript","parameters":{"specialPowers":false,"scriptTimeout":null,"newSandbox":true,"args":[],"filename":"gaia_test.py","script":"return window.wrappedJSObject.GridManager.pageHelper.getCurrentPageNumber();","line":784}}, id: {51ed1bfe-1df6-43df-b4bd-8eeb7fea7d1f}
04-25 19:26:35.547 I/Gecko   (   83): 1398479195565	Marionette	INFO	sendToClient: {"from":"0","value":0}, {51ed1bfe-1df6-43df-b4bd-8eeb7fea7d1f}, {51ed1bfe-1df6-43df-b4bd-8eeb7fea7d1f}
04-25 19:26:35.557 E/GeckoConsole( 3163): Content JS WARN at app://homescreen.gaiamobile.org/gaia_build_defer_index.js:184 in isHiddenApp: Unexpected role when checking hidden app: undefined
04-25 19:26:35.567 E/GeckoConsole( 3163): Content JS WARN at app://homescreen.gaiamobile.org/gaia_build_defer_index.js:184 in isHiddenApp: Unexpected role when checking hidden app: undefined
04-25 19:26:35.567 E/GeckoConsole( 3163): Content JS WARN at app://homescreen.gaiamobile.org/gaia_build_defer_index.js:184 in isHiddenApp: Unexpected role when checking hidden app: undefined
04-25 19:26:35.567 E/GeckoConsole( 3163): Content JS WARN at app://homescreen.gaiamobile.org/gaia_build_defer_index.js:184 in isHiddenApp: Unexpected role when checking hidden app: undefined
04-25 19:26:35.567 E/GeckoConsole( 3163): Content JS WARN at app://homescreen.gaiamobile.org/gaia_build_defer_index.js:184 in isHiddenApp: Unexpected role when checking hidden app: undefined
04-25 19:26:35.567 E/GeckoConsole( 3163): Content JS WARN at app://homescreen.gaiamobile.org/gaia_build_defer_index.js:184 in isHiddenApp: Unexpected role when checking hidden app: undefined
04-25 19:26:35.567 E/GeckoConsole( 3163): Content JS WARN at app://homescreen.gaiamobile.org/gaia_build_defer_index.js:184 in isHiddenApp: Unexpected role when checking hidden app: undefined
04-25 19:26:35.567 E/GeckoConsole( 3163): Content JS WARN at app://homescreen.gaiamobile.org/gaia_build_defer_index.js:184 in isHiddenApp: Unexpected role when checking hidden app: undefined
04-25 19:26:35.567 E/GeckoConsole( 3163): Content JS WARN at app://homescreen.gaiamobile.org/gaia_build_defer_index.js:184 in isHiddenApp: Unexpected role when checking hidden app: undefined
04-25 19:26:35.567 E/GeckoConsole( 3163): Content JS WARN at app://homescreen.gaiamobile.org/gaia_build_defer_index.js:184 in isHiddenApp: Unexpected role when checking hidden app: undefined
04-25 19:26:35.567 E/GeckoConsole( 3163): Content JS WARN at app://homescreen.gaiamobile.org/gaia_build_defer_index.js:184 in isHiddenApp: Unexpected role when checking hidden app: undefined
04-25 19:26:35.567 E/GeckoConsole( 3163): Content JS WARN at app://homescreen.gaiamobile.org/gaia_build_defer_index.js:184 in isHiddenApp: Unexpected role when checking hidden app: undefined
04-25 19:26:35.577 E/GeckoConsole( 3163): Content JS WARN at app://homescreen.gaiamobile.org/gaia_build_defer_index.js:184 in isHiddenApp: Unexpected role when checking hidden app: undefined
04-25 19:26:35.577 E/GeckoConsole( 3163): Content JS WARN at app://homescreen.gaiamobile.org/gaia_build_defer_index.js:184 in isHiddenApp: Unexpected role when checking hidden app: undefined
04-25 19:26:35.577 E/GeckoConsole( 3163): Content JS WARN at app://homescreen.gaiamobile.org/gaia_build_defer_index.js:184 in isHiddenApp: Unexpected role when checking hidden app: undefined
04-25 19:26:35.577 E/GeckoConsole( 3163): Content JS WARN at app://homescreen.gaiamobile.org/gaia_build_defer_index.js:184 in isHiddenApp: Unexpected role when checking hidden app: undefined
04-25 19:26:35.577 E/GeckoConsole( 3163): Content JS WARN at app://homescreen.gaiamobile.org/gaia_build_defer_index.js:184 in isHiddenApp: Unexpected role when checking hidden app: undefined
04-25 19:26:35.877 I/Gecko   (   83): 1398479195893	Marionette	INFO	sendToClient: {"from":"0","value":["{f64bcead-e259-4dd3-808c-bb487146c6a0}","{9dc69ccb-586f-4a86-8983-14a5a75af196}","{d7a67b56-4ee5-4eeb-aa6d-18fb7f382e7c}","{87f5b816-d5be-43ad-8901-b560c140977d}","{63180ff7-297c-4aef-bdb0-b890b819c2cd}","{4a37249a-3965-42b1-b880-654a8634b2e6}","{e631dcd4-d4b8-4934-bd96-61d30fd7b324}","{7788b5ce-98ea-429a-8868-dfa61a551a38}","{87e693f8-f181-4c4c-aa43-f97f0ed50acd}","{ce840109-23c4-465d-8d7b-52df53aec4ca}","{97a5537b-48d8-4b12-aaef-6fa7b614556f}","{bf0f773e-9255-464c-8ca1-6aaa77091841}","{2beda15a-8173-4270-bb1a-2da603a42295}","{7d75c684-f99b-44ef-a380-0eaaca02affe}","{7334ae1a-81b3-4741-943f-b2c41a7ea01a}","{060379d5-ec4e-4625-8ff9-cea05659f5aa}","{3bea93a8-3ce6-45ad-9b3a-e051bb828843}","{bab946ee-26a2-4ed0-a390-268ea424be63}","{0821cd5a-70d4-4ddd-a2e7-7d3d962a38e1}","{7401c77c-fca9-48c1-b83f-b019173a9e4b}","{57a438be-5522-4f7e-bc79-7364b08f1468}"]}, {ba76a064-8d21-4f36-84de-4c77ee12bd42}, {ba76a064-8d21-4f36-84de-4c77ee12bd42}
04-25 19:26:35.967 I/Gecko   (   83): 1398479195977	Marionette	INFO	sendToClient: {"from":"0","value":"app://homescreen.gaiamobile.org/index.html#rootFri%20Apr%2025%202014%2019:26:33%20GMT-0700%20(UTC)"}, {05e14c8c-0ac7-4fcf-b4a1-0bd17be415ef}, {05e14c8c-0ac7-4fcf-b4a1-0bd17be415ef}
04-25 19:26:35.967 I/Gecko   (   83): 1398479195984	Marionette	DEBUG	Got request: switchToFrame, data: {"to":"0","sessionId":"3-b2g","name":"switchToFrame","parameters":{"id":null,"focus":true}}, id: {55df62c2-545b-4498-bf7e-2603cbc5cc18}
04-25 19:26:35.977 I/Gecko   (   83): 1398479195992	Marionette	INFO	Switched to frame: {"frameValue":null}
04-25 19:26:36.077 I/Gecko   (   83): 1398479196095	Marionette	INFO	sendToClient: {"from":"0","ok":true}, {55df62c2-545b-4498-bf7e-2603cbc5cc18}, {55df62c2-545b-4498-bf7e-2603cbc5cc18}
04-25 19:26:36.087 I/Gecko   (   83): 1398479196101	Marionette	DEBUG	Got request: switchToFrame, data: {"to":"0","sessionId":"3-b2g","name":"switchToFrame","parameters":{"id":null,"focus":true}}, id: {d52472bd-6b89-4c4d-a6cb-f5136496c8ea}
04-25 19:26:36.087 I/Gecko   (   83): 1398479196103	Marionette	INFO	Switched to frame: {"frameValue":null}
04-25 19:26:36.187 I/Gecko   (   83): 1398479196205	Marionette	INFO	sendToClient: {"from":"0","ok":true}, {d52472bd-6b89-4c4d-a6cb-f5136496c8ea}, {d52472bd-6b89-4c4d-a6cb-f5136496c8ea}
04-25 19:26:36.197 I/Gecko   (   83): 1398479196212	Marionette	DEBUG	Got request: executeWithCallback, data: {"to":"0","sessionId":"3-b2g","name":"executeAsyncScript","parameters":{"specialPowers":false,"scriptTimeout":30000,"newSandbox":true,"args":[],"filename":"app_checker.py","script":"GaiaApps.launchWithManifestURL('http://ip.almapps.com/manifest.webapp')","line":106}}, id: {86b49b71-489b-48d1-adf5-f1eb3b2aaff5}
04-25 19:26:36.337 I/Gonk    (   83): Setting nice for pid 3174 to 18
04-25 19:26:36.337 I/Gonk    (   83): Changed nice for pid 3174 from 18 to 18.
04-25 19:26:36.337 I/Gecko   (   83): [Parent 83] WARNING: waitpid failed pid:3174 errno:10: file ../../../gecko/ipc/chromium/src/base/process_util_posix.cc, line 254
04-25 19:26:36.347 I/Gonk    (   83): Setting nice for pid 3174 to 1
04-25 19:26:36.347 I/Gonk    (   83): Changed nice for pid 3174 from 18 to 1.
04-25 19:26:36.377 E/GeckoConsole(   83): Content JS LOG at dummy file:334 in GaiaApps.launch: launching app with name 'IP Address'
04-25 19:26:36.487 E/[Gralloc-ERROR](   83): int gralloc_register_buffer(const gralloc_module_t*, const native_handle_t*):79 Unable to register handle 0x468eb330 coming from different process: 83
04-25 19:26:36.497 E/[Gralloc-ERROR](   83): int gralloc_register_buffer(const gralloc_module_t*, const native_handle_t*):79 Unable to register handle 0x468eb3d0 coming from different process: 83
04-25 19:26:36.507 E/[Gralloc-ERROR](   83): int gralloc_register_buffer(const gralloc_module_t*, const native_handle_t*):79 Unable to register handle 0x468eb470 coming from different process: 83
04-25 19:26:36.507 E/[Gralloc-ERROR](   83): int gralloc_register_buffer(const gralloc_module_t*, const native_handle_t*):79 Unable to register handle 0x468eb510 coming from different process: 83
04-25 19:26:36.597 W/WifiHW  (   83): wifi_command: SIGNAL_POLL
04-25 19:26:36.697 D/Sensors (   83): activate handle=0; drv=0
04-25 19:26:36.707 D/Sensors (   83): Lis3dhSensor: Control set 1
04-25 19:26:36.707 D/Sensors (   83): Lis3dhSensor: mEnabled = 1
04-25 19:26:36.727 I/Gonk    (   83): Setting nice for pid 3163 to 18
04-25 19:26:36.727 I/Gonk    (   83): Changed nice for pid 3163 from 1 to 18.
04-25 19:26:37.747 V/AudioPolicyManagerBase(   88): startOutput() output 1, stream 1, session 15
04-25 19:26:37.747 V/AudioPolicyManagerBase(   88): changeRefCount() stream 1, count 1
04-25 19:26:37.747 V/AudioPolicyManagerBase(   88): getDeviceForStrategy() from cache strategy 0, device 2
04-25 19:26:37.747 V/AudioPolicyManagerBase(   88): getNewDevice() selected device 2
04-25 19:26:37.747 D/AudioPolicyManagerBase(   88): setOutputDevice() output 1 device 2 delayMs 0
04-25 19:26:37.747 V/AudioPolicyManagerBase(   88): setOutputDevice() setting same device 2 or null device for output 1
04-25 19:26:37.747 E/AudioPolicyManagerBase(   88): checkAndSetVolume stream=1, index=0, output=1, device=2
04-25 19:26:37.747 E/AudioPolicyManagerBase(   88): computeVolume, streamDesc=0x1ecebb8
04-25 19:26:37.787 I/Gonk    (   83): Setting nice for pid 3220 to 18
04-25 19:26:37.787 I/Gonk    (   83): Changed nice for pid 3220 from 0 to 18.
04-25 19:26:37.867 W/AudioFlinger(   88): Thread AudioOut_1 cannot connect to the power manager service
04-25 19:26:37.867 V/AudioPolicyManagerBase(   88): stopOutput() output 1, stream 1, session 15
04-25 19:26:37.867 V/AudioPolicyManagerBase(   88): changeRefCount() stream 1, count 0
04-25 19:26:37.867 V/AudioPolicyManagerBase(   88): getNewDevice() selected device 0
04-25 19:26:37.867 D/AudioPolicyManagerBase(   88): setOutputDevice() output 1 device 0 delayMs 290
04-25 19:26:37.867 V/AudioPolicyManagerBase(   88): setOutputDevice() setting same device 0 or null device for output 1
04-25 19:26:37.917 V/AudioPolicyManagerBase(   88): startOutput() output 1, stream 1, session 15
04-25 19:26:37.917 V/AudioPolicyManagerBase(   88): changeRefCount() stream 1, count 1
04-25 19:26:37.917 V/AudioPolicyManagerBase(   88): getDeviceForStrategy() from cache strategy 0, device 2
04-25 19:26:37.917 V/AudioPolicyManagerBase(   88): getNewDevice() selected device 2
04-25 19:26:37.917 D/AudioPolicyManagerBase(   88): setOutputDevice() output 1 device 2 delayMs 0
04-25 19:26:37.917 V/AudioPolicyManagerBase(   88): setOutputDevice() setting same device 2 or null device for output 1
04-25 19:26:37.917 E/AudioPolicyManagerBase(   88): checkAndSetVolume stream=1, index=0, output=1, device=2
04-25 19:26:37.917 E/AudioPolicyManagerBase(   88): computeVolume, streamDesc=0x1ecebb8
04-25 19:26:37.917 V/AudioPolicyManagerBase(   88): stopOutput() output 1, stream 1, session 15
04-25 19:26:37.917 V/AudioPolicyManagerBase(   88): changeRefCount() stream 1, count 0
04-25 19:26:37.917 V/AudioPolicyManagerBase(   88): getNewDevice() selected device 0
04-25 19:26:37.917 D/AudioPolicyManagerBase(   88): setOutputDevice() output 1 device 0 delayMs 290
04-25 19:26:37.917 V/AudioPolicyManagerBase(   88): setOutputDevice() setting same device 0 or null device for output 1
04-25 19:26:37.917 V/AudioPolicyManagerBase(   88): releaseOutput() 1
04-25 19:26:38.257 I/Gecko   ( 3174): ###################################### forms.js loaded
04-25 19:26:38.287 I/Gecko   ( 3174): ############################### browserElementPanning.js loaded
04-25 19:26:38.307 I/Gecko   ( 3174): ######################## BrowserElementChildPreload.js loaded
04-25 19:26:38.727 I/Gecko   (   83): 
04-25 19:26:38.727 I/Gecko   (   83): ###!!! [Parent][MessageChannel] Error: Channel error: cannot send/recv
04-25 19:26:38.727 I/Gecko   (   83): 
04-25 19:26:38.817 I/Gecko   (   83): [Parent 83] WARNING: waitpid failed pid:3163 errno:10: file ../../../gecko/ipc/chromium/src/base/process_util_posix.cc, line 254
04-25 19:26:39.067 E/GeckoConsole( 3174): [JavaScript Error: "The character encoding of the HTML document was not declared. The document will render with garbled text in some browser configurations if the document contains characters from outside the US-ASCII range. The character encoding of the page must be declared in the document or in the transfer protocol." {file: "http://ip.almapps.com/" line: 0}]
04-25 19:26:39.957 I/Gonk    (   83): Setting nice for pid 3220 to 18
04-25 19:26:39.977 I/Gonk    (   83): Changed nice for pid 3220 from 18 to 18.
04-25 19:26:39.977 I/Gecko   (   83): [Parent 83] WARNING: waitpid failed pid:3220 errno:10: file ../../../gecko/ipc/chromium/src/base/process_util_posix.cc, line 254
04-25 19:26:39.977 I/Gonk    (   83): Setting nice for pid 3220 to 1
04-25 19:26:39.977 I/Gonk    (   83): Changed nice for pid 3220 from 18 to 1.
04-25 19:26:39.997 I/Gonk    (   83): Setting nice for pid 3220 to 18
04-25 19:26:39.997 I/Gonk    (   83): Changed nice for pid 3220 from 1 to 18.
04-25 19:26:40.237 E/GeckoConsole(   83): Content JS LOG at dummy file:326 in GaiaApps.launch/appOpen/<: app with origin 'http://ip.almapps.com' has launched
04-25 19:26:40.237 I/Gecko   (   83): 1398479200253	Marionette	INFO	sendToClient: {"from":"0","value":{"frame":{"ELEMENT":"{80034bf3-7e00-412d-934f-4be6274d17a5}"},"src":"http://ip.almapps.com/","name":"IP Address","origin":"http://ip.almapps.com"}}, {86b49b71-489b-48d1-adf5-f1eb3b2aaff5}, {86b49b71-489b-48d1-adf5-f1eb3b2aaff5}
04-25 19:26:40.257 E/[Gralloc-ERROR](   83): int gralloc_unregister_buffer(const gralloc_module_t*, const native_handle_t*):274 Trying to unregister buffer 0x468eb330 from process 83 that was not created in current process: 83
04-25 19:26:40.257 E/[Gralloc-ERROR](   83): int gralloc_unregister_buffer(const gralloc_module_t*, const native_handle_t*):274 Trying to unregister buffer 0x468eb3d0 from process 83 that was not created in current process: 83
04-25 19:26:40.257 E/[Gralloc-ERROR](   83): int gralloc_unregister_buffer(const gralloc_module_t*, const native_handle_t*):274 Trying to unregister buffer 0x468eb510 from process 83 that was not created in current process: 83
04-25 19:26:40.257 E/[Gralloc-ERROR](   83): int gralloc_unregister_buffer(const gralloc_module_t*, const native_handle_t*):274 Trying to unregister buffer 0x468eb470 from process 83 that was not created in current process: 83
04-25 19:26:40.267 I/Gecko   (   83): 1398479200277	Marionette	DEBUG	Got request: switchToFrame, data: {"to":"0","sessionId":"3-b2g","name":"switchToFrame","parameters":{"focus":true,"element":"{80034bf3-7e00-412d-934f-4be6274d17a5}"}}, id: {35bc1988-7218-491d-b047-02a7e8157212}
04-25 19:26:40.277 I/Gecko   (   83): 1398479200287	Marionette	INFO	Switched to frame: {"frameValue":"{80034bf3-7e00-412d-934f-4be6274d17a5}"}
04-25 19:26:40.277 I/Gecko   (   83): 1398479200291	Marionette	INFO	trying remote frame 0
04-25 19:26:40.277 I/Gecko   (   83): 1398479200292	Marionette	INFO	trying remote frame 1
04-25 19:26:40.277 I/Gecko   (   83): 1398479200293	Marionette	INFO	trying remote frame 2
04-25 19:26:40.277 I/Gecko   (   83): 1398479200294	Marionette	INFO	trying remote frame 3
04-25 19:26:40.277 I/Gecko   (   83): 1398479200294	Marionette	INFO	trying remote frame 4
04-25 19:26:40.277 I/Gecko   (   83): 1398479200295	Marionette	INFO	deleting frame
04-25 19:26:40.287 I/Gecko   (   83): 1398479200301	Marionette	INFO	frame-manager load script: [object ChromeMessageSender]
04-25 19:26:40.727 I/Gecko   (   83): 1398479200740	Marionette	INFO	sendToClient: {"from":"0","ok":true}, {35bc1988-7218-491d-b047-02a7e8157212}, {35bc1988-7218-491d-b047-02a7e8157212}
04-25 19:26:40.737 I/Gecko   (   83): 1398479200754	Marionette	INFO	sendToClient: {"from":"0","value":"http://ip.almapps.com/"}, {2e40d6f4-92b6-4914-bdcd-5e2fc083aebb}, {2e40d6f4-92b6-4914-bdcd-5e2fc083aebb}
04-25 19:26:40.747 I/Gecko   (   83): 1398479200761	Marionette	DEBUG	Got request: execute, data: {"to":"0","sessionId":"3-b2g","name":"executeScript","parameters":{"specialPowers":false,"scriptTimeout":null,"newSandbox":true,"args":[],"filename":"app_checker.py","script":"return window.document.readyState;","line":191}}, id: {df109160-10e9-4cda-a591-6d78e05d5d21}
04-25 19:26:40.757 I/Gecko   ( 3220): ###################################### forms.js loaded
04-25 19:26:40.817 I/Gecko   (   83): 1398479200833	Marionette	INFO	sendToClient: {"from":"0","value":"complete"}, {df109160-10e9-4cda-a591-6d78e05d5d21}, {df109160-10e9-4cda-a591-6d78e05d5d21}
04-25 19:26:40.817 I/Gecko   (   83): [Parent 83] WARNING: waitpid failed pid:3163 errno:10: file ../../../gecko/ipc/chromium/src/base/process_util_posix.cc, line 254
04-25 19:26:40.817 I/Gecko   (   83): [Parent 83] WARNING: Failed to deliver SIGKILL to 3163!(3).: file ../../../gecko/ipc/chromium/src/chrome/common/process_watcher_posix_sigchld.cc, line 118
04-25 19:26:40.827 I/Gecko   (   83): 1398479200842	Marionette	INFO	sendToClient: {"from":"0","value":"http://ip.almapps.com/"}, {51cfb276-48f3-4f0e-9625-43cada473dde}, {51cfb276-48f3-4f0e-9625-43cada473dde}
04-25 19:26:40.837 I/Gecko   ( 3174): Attempting load of libEGL.so
04-25 19:26:40.857 D/libEGL  ( 3174): loaded /system/lib/egl/libEGL_mali.so
04-25 19:26:40.887 D/libEGL  ( 3174): loaded /system/lib/egl/libGLESv1_CM_mali.so
04-25 19:26:40.887 D/libEGL  ( 3174): loaded /system/lib/egl/libGLESv2_mali.so
04-25 19:26:40.927 I/Gecko   ( 3174): SharedSurface_Gralloc::Create -------
04-25 19:26:40.947 I/Gecko   ( 3174): SharedSurface_Gralloc::Create: success -- surface 0x43e77200, GraphicBuffer 0x43b8ec00.
04-25 19:26:42.237 I/Gecko   (   83): 
04-25 19:26:42.237 I/Gecko   (   83): ###!!! [Parent][MessageChannel] Error: Channel error: cannot send/recv
04-25 19:26:42.237 I/Gecko   (   83): 
04-25 19:26:42.287 W/WifiHW  (   83): wifi_command: SIGNAL_POLL
04-25 19:26:42.327 I/Gecko   (   83): 1398479202339	Marionette	INFO	sendToClient: {"from":"0","value":"iVBORw0KGgoAAAANSUhEUgAAAUAAAAHMCAYAAACk4nEJAAAgAElEQVR4nO3dZ3xT9f7A8V8n0DIE/iJLkIsgoEW9oCCiCLKUURH1CshQkOEqoqCALGWpKMOFoKiAcBkOvPcqe8heymrZo4wORtskPP/+H/SVY9OctEmaNtjv58H7Sc7J2efT5uQkMU7XdQEAjUy4FwAAwoUAAlCLAAJQiwACUIsAAlCLAAJQiwACUIsAAlCLAAJQiwACUIsAAlCLAAJQiwACUIsAAlCLAAJQiwACUIsAAlCLAAJQiwACUIsAAlCLAAJQiwACUIsAAlCLAAJQiwACUIsAAlCLAAJQiwACUIsAAlCLAAJQiwACUIsAAlCLAAJQiwACUIsAAlCLAAJQiwACUIsAAlCLAAJQiwACUIsAAlCLAAJQiwACUIsAAlCLAAJQiwACUIsAAlCLAAJQiwACUIsAAlCLAAJQiwACUIsAAlCLAAJQiwACUIsAAlCLAAJQiwACUIsAAlCLAAJQiwACUIsAAlCLAAJQiwACUIsAAlCLAAJQiwACUIsAAlCLAEIcTpcsWbpUFi5aLCdPnbYdZ+OmTbJw0WLZs3df2JfXLSMzUxYuWiyLv19i+7jbkqVLZcuW3+XsudSwLzNuLAQQ4nRdl/79B4gxRvr16+81LC09QypXriyRkZGyd9/+sC+r25HkZDHGSJkyZWwfzy8iIkISExNl3/4/wr7suDEQQIjTdV1SUo5KbGysREdHy5HkZI9hk959V4wx0qfPc2FfzrwKC2DZsmVl2/YdsnXrNlmxcqX06NFDjDFSu3ZtOX3mbNiXH+FHAGEZOmyYGGPkhRcGWo9lZGZK1apVJSYmxiuMl69clQ0bN8rsOXPkp59+ltTzF7ymefZcqmzYuFH++POAx+MHDx2WDRs3yqnTZ6zHLqWly4aNGyU5OUVyHE5ZsXKlfDxzli
04-25 19:26:42.347 I/Gecko   (   83): [Parent 83] WARNING: waitpid failed pid:3220 errno:10: file ../../../gecko/ipc/chromium/src/base/process_util_posix.cc, line 254
04-25 19:26:42.727 I/Gecko   (   83): 1398479202745	Marionette	INFO	sendToClient: {"from":"0","ok":true}, {40587095-5659-433d-b2ce-91795c418db7}, {40587095-5659-433d-b2ce-91795c418db7}
04-25 19:26:42.817 I/Gecko   (   83): 1398479202830	Marionette	DEBUG	Got request: switchToFrame, data: {"to":"0","sessionId":"3-b2g","name":"switchToFrame","parameters":{"id":null,"focus":true}}, id: {4c48d21f-b9eb-4eda-937a-0d7baa7aeddb}
04-25 19:26:42.837 I/Gecko   (   83): 1398479202850	Marionette	INFO	Switched to frame: {"frameValue":null}
04-25 19:26:42.947 I/Gecko   (   83): 1398479202964	Marionette	INFO	sendToClient: {"from":"0","ok":true}, {4c48d21f-b9eb-4eda-937a-0d7baa7aeddb}, {4c48d21f-b9eb-4eda-937a-0d7baa7aeddb}
04-25 19:26:42.957 I/Gecko   (   83): 1398479202972	Marionette	DEBUG	Got request: executeWithCallback, data: {"to":"0","sessionId":"3-b2g","name":"executeAsyncScript","parameters":{"specialPowers":false,"scriptTimeout":null,"newSandbox":true,"args":[],"filename":"gaia_test.py","script":"return GaiaApps.displayedApp();","line":66}}, id: {83227e6e-c575-4686-a91c-68d6fea7ddb8}
04-25 19:26:43.017 I/Gecko   (   83): 1398479203026	Marionette	INFO	sendToClient: {"from":"0","value":{"frame":{"ELEMENT":"{80034bf3-7e00-412d-934f-4be6274d17a5}"},"src":"http://ip.almapps.com/","name":"IP Address","origin":"http://ip.almapps.com"}}, {83227e6e-c575-4686-a91c-68d6fea7ddb8}, {83227e6e-c575-4686-a91c-68d6fea7ddb8}
04-25 19:26:43.017 E/GeckoConsole(   83): Content JS LOG at dummy file:392 in GaiaApps.displayedApp: app with origin 'http://ip.almapps.com' is displayed
04-25 19:26:43.017 I/Gecko   (   83): 1398479203036	Marionette	DEBUG	Got request: switchToFrame, data: {"to":"0","sessionId":"3-b2g","name":"switchToFrame","parameters":{"id":null,"focus":true}}, id: {f8f529a7-072b-4032-9b53-b242ca1593cc}
04-25 19:26:43.027 I/Gecko   (   83): 1398479203038	Marionette	INFO	Switched to frame: {"frameValue":null}
04-25 19:26:43.127 I/Gecko   (   83): 1398479203140	Marionette	INFO	sendToClient: {"from":"0","ok":true}, {f8f529a7-072b-4032-9b53-b242ca1593cc}, {f8f529a7-072b-4032-9b53-b242ca1593cc}
04-25 19:26:43.137 I/Gecko   (   83): 1398479203147	Marionette	DEBUG	Got request: execute, data: {"to":"0","sessionId":"3-b2g","name":"executeScript","parameters":{"specialPowers":false,"scriptTimeout":null,"newSandbox":true,"args":[],"filename":"gaia_test.py","script":"window.wrappedJSObject.dispatchEvent(new Event('home'));","line":788}}, id: {9c9a5145-4f51-46bb-9b97-4548da51e7c8}
04-25 19:26:43.447 D/Sensors (   83): activate handle=0; drv=0
04-25 19:26:43.467 D/Sensors (   83): Lis3dhSensor: Control set 0
04-25 19:26:43.467 D/Sensors (   83): Lis3dhSensor: mEnabled = 0
04-25 19:26:43.657 I/Gonk    (   83): Setting nice for pid 3241 to 18
04-25 19:26:43.667 I/Gonk    (   83): Changed nice for pid 3241 from 0 to 18.
04-25 19:26:43.677 I/Gecko   (   83): 1398479203688	Marionette	INFO	sendToClient: {"from":"0","value":null}, {9c9a5145-4f51-46bb-9b97-4548da51e7c8}, {9c9a5145-4f51-46bb-9b97-4548da51e7c8}
04-25 19:26:43.707 I/Gonk    (   83): Setting nice for pid 3241 to 18
04-25 19:26:43.707 I/Gonk    (   83): Changed nice for pid 3241 from 18 to 18.
04-25 19:26:43.707 I/Gecko   (   83): [Parent 83] WARNING: waitpid failed pid:3241 errno:10: file ../../../gecko/ipc/chromium/src/base/process_util_posix.cc, line 254
04-25 19:26:43.707 I/Gonk    (   83): Setting nice for pid 3241 to 1
04-25 19:26:43.707 I/Gonk    (   83): Changed nice for pid 3241 from 18 to 1.
04-25 19:26:43.797 I/Gecko   (   83): 1398479203816	Marionette	DEBUG	Got request: switchToFrame, data: {"to":"0","sessionId":"3-b2g","name":"switchToFrame","parameters":{"id":null,"focus":true}}, id: {9ab6139e-a0d7-4ae9-a360-472c60d622c3}
04-25 19:26:43.807 I/Gecko   (   83): 1398479203819	Marionette	INFO	Switched to frame: {"frameValue":null}
04-25 19:26:43.967 I/Gecko   (   83): 1398479203984	Marionette	INFO	sendToClient: {"from":"0","ok":true}, {9ab6139e-a0d7-4ae9-a360-472c60d622c3}, {9ab6139e-a0d7-4ae9-a360-472c60d622c3}
04-25 19:26:44.017 I/Gecko   (   83): 1398479204030	Marionette	DEBUG	Got request: executeWithCallback, data: {"to":"0","sessionId":"3-b2g","name":"executeAsyncScript","parameters":{"specialPowers":false,"scriptTimeout":null,"newSandbox":true,"args":[],"filename":"gaia_test.py","script":"return GaiaApps.displayedApp();","line":66}}, id: {d288a666-97b1-4e78-bb98-a09e8219e12b}
04-25 19:26:44.327 I/Gecko   (   83): 1398479204337	Marionette	INFO	sendToClient: {"from":"0","value":{"frame":{"ELEMENT":"{e011c486-9827-49aa-a2c6-80c5c046af57}"},"src":"app://homescreen.gaiamobile.org/index.html#root","name":"Homescreen","origin":"app://homescreen.gaiamobile.org"}}, {d288a666-97b1-4e78-bb98-a09e8219e12b}, {d288a666-97b1-4e78-bb98-a09e8219e12b}
04-25 19:26:44.337 E/GeckoConsole(   83): Content JS LOG at dummy file:392 in GaiaApps.displayedApp: app with origin 'app://homescreen.gaiamobile.org' is displayed
04-25 19:26:44.377 I/Gecko   (   83): [Parent 83] WARNING: waitpid failed pid:3220 errno:10: file ../../../gecko/ipc/chromium/src/base/process_util_posix.cc, line 254
04-25 19:26:44.377 I/Gecko   (   83): [Parent 83] WARNING: Failed to deliver SIGKILL to 3220!(3).: file ../../../gecko/ipc/chromium/src/chrome/common/process_watcher_posix_sigchld.cc, line 118
04-25 19:26:44.467 I/Gonk    (   83): Setting nice for pid 3249 to 18
04-25 19:26:44.467 I/Gonk    (   83): Changed nice for pid 3249 from 0 to 18.
04-25 19:26:45.297 D/Sensors (   83): SensorTMD2771::readEvents()======data_fd=53,count=16
04-25 19:26:45.297 D/Sensors (   83): SensorTMD2771::processEvent()=====code=40::value=15 
04-25 19:26:45.337 D/Sensors (   83): SensorTMD2771: mPendingEvents[Light].light = 15.000000
04-25 19:26:45.647 I/Gecko   (   83): 1398479205664	Marionette	DEBUG	Got request: switchToFrame, data: {"to":"0","sessionId":"3-b2g","name":"switchToFrame","parameters":{"id":null,"focus":true}}, id: {259a3e1f-b869-4090-9a13-8c1fcaad48a2}
04-25 19:26:45.707 I/Gonk    (   83): Setting nice for pid 3174 to 18
04-25 19:26:45.707 I/Gonk    (   83): Changed nice for pid 3174 from 1 to 18.
04-25 19:26:45.887 I/Gecko   (   83): 1398479205903	Marionette	INFO	Switched to frame: {"frameValue":null}
04-25 19:26:46.177 I/Gecko   (   83): 1398479206194	Marionette	INFO	sendToClient: {"from":"0","ok":true}, {259a3e1f-b869-4090-9a13-8c1fcaad48a2}, {259a3e1f-b869-4090-9a13-8c1fcaad48a2}
04-25 19:26:46.187 I/Gecko   (   83): 1398479206203	Marionette	DEBUG	Got request: switchToFrame, data: {"to":"0","sessionId":"3-b2g","name":"switchToFrame","parameters":{"id":null,"focus":true}}, id: {f170df9a-ad2a-4efa-9a0a-3694f6d07008}
04-25 19:26:46.217 I/Gecko   (   83): 1398479206236	Marionette	INFO	Switched to frame: {"frameValue":null}
04-25 19:26:46.347 I/Gecko   (   83): 1398479206360	Marionette	INFO	sendToClient: {"from":"0","ok":true}, {f170df9a-ad2a-4efa-9a0a-3694f6d07008}, {f170df9a-ad2a-4efa-9a0a-3694f6d07008}
04-25 19:26:46.377 I/Gecko   (   83): 1398479206390	Marionette	DEBUG	Got request: executeWithCallback, data: {"to":"0","sessionId":"3-b2g","name":"executeAsyncScript","parameters":{"specialPowers":false,"scriptTimeout":null,"newSandbox":true,"args":[],"filename":"gaia_test.py","script":"return GaiaApps.displayedApp();","line":66}}, id: {4f751f6d-c72c-4cbd-af83-5c439016bac5}
04-25 19:26:47.057 E/GeckoConsole(   83): Content JS LOG at dummy file:392 in GaiaApps.displayedApp: app with origin 'app://homescreen.gaiamobile.org' is displayed
04-25 19:26:47.067 I/Gecko   (   83): 1398479207078	Marionette	INFO	sendToClient: {"from":"0","value":{"frame":{"ELEMENT":"{e011c486-9827-49aa-a2c6-80c5c046af57}"},"src":"app://homescreen.gaiamobile.org/index.html#root","name":"Homescreen","origin":"app://homescreen.gaiamobile.org"}}, {4f751f6d-c72c-4cbd-af83-5c439016bac5}, {4f751f6d-c72c-4cbd-af83-5c439016bac5}
04-25 19:26:47.167 I/Gecko   (   83): 1398479207183	Marionette	DEBUG	Got request: switchToFrame, data: {"to":"0","sessionId":"3-b2g","name":"switchToFrame","parameters":{"focus":true,"element":"{e011c486-9827-49aa-a2c6-80c5c046af57}"}}, id: {7cd976d3-181a-4ba0-b575-44a1db0b307f}
04-25 19:26:47.177 I/Gecko   (   83): 1398479207195	Marionette	INFO	Switched to frame: {"frameValue":"{e011c486-9827-49aa-a2c6-80c5c046af57}"}
04-25 19:26:47.207 I/Gecko   (   83): 1398479207220	Marionette	INFO	trying remote frame 0
04-25 19:26:47.217 I/Gecko   (   83): 1398479207234	Marionette	INFO	trying remote frame 1
04-25 19:26:47.227 I/Gecko   (   83): 1398479207238	Marionette	INFO	trying remote frame 2
04-25 19:26:47.227 I/Gecko   (   83): 1398479207239	Marionette	INFO	trying remote frame 3
04-25 19:26:47.227 I/Gecko   (   83): 1398479207243	Marionette	INFO	trying remote frame 4
04-25 19:26:47.257 I/Gecko   (   83): 1398479207267	Marionette	INFO	deleting frame
04-25 19:26:47.257 I/Gecko   (   83): 1398479207273	Marionette	INFO	frame-manager load script: [object ChromeMessageSender]
04-25 19:26:47.317 W/WifiHW  (   83): wifi_command: SIGNAL_POLL
04-25 19:26:48.047 I/Gecko   (   83): [Parent 83] WARNING: pipe error (163): Connection reset by peer: file ../../../gecko/ipc/chromium/src/chrome/common/ipc_channel_posix.cc, line 446
04-25 19:26:48.077 I/Gecko   (   83): 
04-25 19:26:48.077 I/Gecko   (   83): ###!!! [Parent][MessageChannel] Error: Channel error: cannot send/recv
04-25 19:26:48.077 I/Gecko   (   83): 
04-25 19:26:48.197 I/Gecko   (   83): [Parent 83] WARNING: waitpid failed pid:3174 errno:10: file ../../../gecko/ipc/chromium/src/base/process_util_posix.cc, line 254
04-25 19:26:48.427 I/Gecko   ( 3241): ###################################### forms.js loaded
04-25 19:26:48.467 I/Gecko   ( 3241): ############################### browserElementPanning.js loaded
04-25 19:26:48.487 I/Gecko   ( 3241): ######################## BrowserElementChildPreload.js loaded
04-25 19:26:49.507 I/Gecko   (   83): 1398479209525	Marionette	INFO	sendToClient: {"from":"0","ok":true}, {7cd976d3-181a-4ba0-b575-44a1db0b307f}, {7cd976d3-181a-4ba0-b575-44a1db0b307f}
04-25 19:26:49.847 I/Gecko   (   83): 1398479209857	Marionette	INFO	sendToClient: {"from":"0","value":"app://homescreen.gaiamobile.org/index.html#root"}, {445b101f-91c7-4748-b347-5523ec079004}, {445b101f-91c7-4748-b347-5523ec079004}
04-25 19:26:49.847 I/Gecko   (   83): 1398479209865	Marionette	DEBUG	Got request: switchToFrame, data: {"to":"0","sessionId":"3-b2g","name":"switchToFrame","parameters":{"id":null,"focus":true}}, id: {f3fde4c4-e989-494d-a9b3-70387a468429}
04-25 19:26:49.867 I/Gecko   (   83): 1398479209879	Marionette	INFO	Switched to frame: {"frameValue":null}
04-25 19:26:49.967 I/Gecko   (   83): 1398479209983	Marionette	INFO	sendToClient: {"from":"0","ok":true}, {f3fde4c4-e989-494d-a9b3-70387a468429}, {f3fde4c4-e989-494d-a9b3-70387a468429}
04-25 19:26:49.977 I/Gecko   (   83): 1398479209989	Marionette	DEBUG	Got request: switchToFrame, data: {"to":"0","sessionId":"3-b2g","name":"switchToFrame","parameters":{"id":null,"focus":true}}, id: {cc210c8c-4fee-49da-80f9-5dbbc3ed0a01}
04-25 19:26:49.977 I/Gecko   (   83): 1398479209991	Marionette	INFO	Switched to frame: {"frameValue":null}
04-25 19:26:50.077 I/Gecko   (   83): 1398479210093	Marionette	INFO	sendToClient: {"from":"0","ok":true}, {cc210c8c-4fee-49da-80f9-5dbbc3ed0a01}, {cc210c8c-4fee-49da-80f9-5dbbc3ed0a01}
04-25 19:26:50.087 I/Gecko   (   83): 1398479210101	Marionette	DEBUG	Got request: executeWithCallback, data: {"to":"0","sessionId":"3-b2g","name":"executeAsyncScript","parameters":{"specialPowers":false,"scriptTimeout":null,"newSandbox":true,"args":[],"filename":"gaia_test.py","script":"GaiaApps.killAll()","line":91}}, id: {0d945c40-e319-4409-9691-2f1ea122b4b0}
04-25 19:26:50.147 I/Gecko   (   83): 1398479210160	Marionette	INFO	sendToClient: {"from":"0","value":true}, {0d945c40-e319-4409-9691-2f1ea122b4b0}, {0d945c40-e319-4409-9691-2f1ea122b4b0}
04-25 19:26:50.157 I/Gecko   (   83): 1398479210167	Marionette	DEBUG	Got request: switchToFrame, data: {"to":"0","sessionId":"3-b2g","name":"switchToFrame","parameters":{"id":null,"focus":true}}, id: {76808445-a19b-4f98-b089-57db54ad3582}
04-25 19:26:50.157 I/Gecko   (   83): 1398479210169	Marionette	INFO	Switched to frame: {"frameValue":null}
04-25 19:26:50.207 I/Gecko   (   83): [Parent 83] WARNING: waitpid failed pid:3174 errno:10: file ../../../gecko/ipc/chromium/src/base/process_util_posix.cc, line 254
04-25 19:26:50.207 I/Gecko   (   83): [Parent 83] WARNING: Failed to deliver SIGKILL to 3174!(3).: file ../../../gecko/ipc/chromium/src/chrome/common/process_watcher_posix_sigchld.cc, line 118
04-25 19:26:50.267 I/Gecko   (   83): 1398479210279	Marionette	INFO	sendToClient: {"from":"0","ok":true}, {76808445-a19b-4f98-b089-57db54ad3582}, {76808445-a19b-4f98-b089-57db54ad3582}
04-25 19:26:50.267 I/Gecko   (   83): 1398479210286	Marionette	DEBUG	Got request: executeWithCallback, data: {"to":"0","sessionId":"3-b2g","name":"executeAsyncScript","parameters":{"specialPowers":false,"scriptTimeout":60000,"newSandbox":true,"args":[],"filename":"app_checker.py","script":"\n        GaiaApps.locateWithManifestURL('http://ip.almapps.com/manifest.webapp',\n                                       null,\n                                       function uninstall(app) {\n                                       navigator.mozApps.mgmt.uninstall(app);\n                                       marionetteScriptFinished(true);\n                                       });\n        ","line":129}}, id: {ca128afd-9b23-454d-8a93-6e0aacdfe605}
04-25 19:26:50.337 I/Gecko   (   83): -- webapps.js uninstall http://ip.almapps.com/manifest.webapp
04-25 19:26:50.927 I/Gecko   (   83): 1398479210938	Marionette	INFO	sendToClient: {"from":"0","value":true}, {ca128afd-9b23-454d-8a93-6e0aacdfe605}, {ca128afd-9b23-454d-8a93-6e0aacdfe605}