04-28 03:42:02.458 I/Gecko   (   83): 1398681722463	Marionette	INFO	sendToClient: {"from":"0","value":""}, {448cad4a-781a-44a1-8468-ef4429a114d1}, {448cad4a-781a-44a1-8468-ef4429a114d1}
04-28 03:42:02.468 I/Gecko   (   83): 1398681722479	Marionette	INFO	sendToClient: {"from":"0","value":""}, {941678e3-da8e-482b-a74e-8f378d03c351}, {941678e3-da8e-482b-a74e-8f378d03c351}
04-28 03:42:02.498 I/Gecko   ( 2250): ############################### browserElementPanning.js loaded
04-28 03:42:02.508 I/Gecko   (   83): 1398681722518	Marionette	INFO	sendToClient: {"from":"0","value":""}, {1d1a2b98-9f95-481f-9d32-5b0b0a0fa337}, {1d1a2b98-9f95-481f-9d32-5b0b0a0fa337}
04-28 03:42:02.518 I/Gecko   (   83): 1398681722531	Marionette	INFO	sendToClient: {"from":"0","value":""}, {d729c84f-cacb-48af-af99-301770f529f7}, {d729c84f-cacb-48af-af99-301770f529f7}
04-28 03:42:02.548 I/Gecko   ( 2250): ######################## BrowserElementChildPreload.js loaded
04-28 03:42:02.558 I/Gecko   (   83): 1398681722563	Marionette	INFO	sendToClient: {"from":"0","value":""}, {9842b5c5-e856-4d68-8092-9dd0922d04ab}, {9842b5c5-e856-4d68-8092-9dd0922d04ab}
04-28 03:42:02.598 I/Gecko   (   83): 1398681722603	Marionette	INFO	sendToClient: {"from":"0","value":""}, {6473a13b-9d07-400f-9ce7-146eac880b47}, {6473a13b-9d07-400f-9ce7-146eac880b47}
04-28 03:42:02.628 I/Gecko   (   83): 1398681722635	Marionette	INFO	sendToClient: {"from":"0","value":""}, {f870f0d9-2e36-4a89-b96c-80e2431318a3}, {f870f0d9-2e36-4a89-b96c-80e2431318a3}
04-28 03:42:02.658 I/Gecko   (   83): 1398681722666	Marionette	INFO	sendToClient: {"from":"0","value":""}, {d3fbde44-81fc-438f-ac2c-c7bf349056fe}, {d3fbde44-81fc-438f-ac2c-c7bf349056fe}
04-28 03:42:02.708 I/Gecko   (   83): 1398681722721	Marionette	INFO	sendToClient: {"from":"0","value":""}, {bb92ecad-54ce-412e-ad8e-72998b72f141}, {bb92ecad-54ce-412e-ad8e-72998b72f141}
04-28 03:42:02.738 I/Gecko   (   83): 1398681722743	Marionette	INFO	sendToClient: {"from":"0","value":""}, {b5570b18-b52c-4615-a65c-b20002e26d10}, {b5570b18-b52c-4615-a65c-b20002e26d10}
04-28 03:42:02.758 I/Gecko   (   83): 1398681722770	Marionette	INFO	sendToClient: {"from":"0","value":""}, {29ec9b5d-ec5a-4208-9f57-1046d07b65a4}, {29ec9b5d-ec5a-4208-9f57-1046d07b65a4}
04-28 03:42:02.818 I/Gecko   (   83): 1398681722822	Marionette	INFO	sendToClient: {"from":"0","value":""}, {3dfd17f8-c99e-4532-b43a-444ec9fa9ef0}, {3dfd17f8-c99e-4532-b43a-444ec9fa9ef0}
04-28 03:42:02.848 I/Gecko   (   83): 1398681722860	Marionette	INFO	sendToClient: {"from":"0","value":""}, {70205cab-1e87-43c7-bb7c-a9d164f0e52d}, {70205cab-1e87-43c7-bb7c-a9d164f0e52d}
04-28 03:42:02.888 I/Gecko   (   83): 1398681722892	Marionette	INFO	sendToClient: {"from":"0","value":""}, {8eb240f8-bac4-4a12-bd3b-0edddc656b60}, {8eb240f8-bac4-4a12-bd3b-0edddc656b60}
04-28 03:42:02.928 I/Gecko   (   83): 1398681722924	Marionette	INFO	sendToClient: {"from":"0","value":""}, {890302c4-c4ba-4c06-935f-84b43c9c968f}, {890302c4-c4ba-4c06-935f-84b43c9c968f}
04-28 03:42:02.958 I/Gecko   (   83): 1398681722964	Marionette	INFO	sendToClient: {"from":"0","value":""}, {d53e1f8f-ae9e-48cf-b2e6-d1e99a6b06b1}, {d53e1f8f-ae9e-48cf-b2e6-d1e99a6b06b1}
04-28 03:42:03.008 I/Gecko   (   83): 1398681723020	Marionette	INFO	sendToClient: {"from":"0","value":""}, {569b0506-6721-429c-8d4c-6115b39fe8ad}, {569b0506-6721-429c-8d4c-6115b39fe8ad}
04-28 03:42:03.098 I/Gecko   (   83): 1398681723105	Marionette	INFO	sendToClient: {"from":"0","value":""}, {1e16370c-8ff1-43f3-8eb8-84b7d1bba63f}, {1e16370c-8ff1-43f3-8eb8-84b7d1bba63f}
04-28 03:42:03.198 I/Gecko   (   83): 1398681723205	Marionette	INFO	sendToClient: {"from":"0","value":""}, {b0fe501f-ce2c-47bf-8db7-663ae07415c8}, {b0fe501f-ce2c-47bf-8db7-663ae07415c8}
04-28 03:42:03.248 I/Gecko   (   83): 1398681723255	Marionette	INFO	sendToClient: {"from":"0","value":""}, {a79ca7ff-7796-4660-83a0-b063c77e93d6}, {a79ca7ff-7796-4660-83a0-b063c77e93d6}
04-28 03:42:03.268 I/Gecko   (   83): 1398681723275	Marionette	INFO	sendToClient: {"from":"0","value":""}, {c5383829-ad35-4482-a0a2-d2b1aba239d3}, {c5383829-ad35-4482-a0a2-d2b1aba239d3}
04-28 03:42:03.328 I/Gecko   (   83): 1398681723341	Marionette	INFO	sendToClient: {"from":"0","value":""}, {2244d7e8-7bea-43bc-b62f-b7d92438bd41}, {2244d7e8-7bea-43bc-b62f-b7d92438bd41}
04-28 03:42:03.408 I/Gecko   (   83): 1398681723413	Marionette	INFO	sendToClient: {"from":"0","value":""}, {6fb07bcb-a8b3-4816-9025-5b8e36cd025f}, {6fb07bcb-a8b3-4816-9025-5b8e36cd025f}
04-28 03:42:03.428 I/Gecko   (   83): 1398681723441	Marionette	INFO	sendToClient: {"from":"0","value":""}, {2798b121-c45b-4b8e-af2f-35dba05a244d}, {2798b121-c45b-4b8e-af2f-35dba05a244d}
04-28 03:42:03.458 I/Gecko   (   83): 1398681723469	Marionette	INFO	sendToClient: {"from":"0","value":""}, {2321af7a-a6f7-4a67-9be5-e32023039f11}, {2321af7a-a6f7-4a67-9be5-e32023039f11}
04-28 03:42:03.498 I/Gecko   (   83): 1398681723505	Marionette	INFO	sendToClient: {"from":"0","value":""}, {292105d6-4a8c-4913-b5ca-25b8020e4b99}, {292105d6-4a8c-4913-b5ca-25b8020e4b99}
04-28 03:42:03.538 I/Gecko   (   83): 1398681723547	Marionette	INFO	sendToClient: {"from":"0","value":""}, {cb85eece-cc1d-4fcb-a6de-59cdb36da826}, {cb85eece-cc1d-4fcb-a6de-59cdb36da826}
04-28 03:42:03.608 W/WifiHW  (   83): wifi_command: SIGNAL_POLL
04-28 03:42:03.628 I/Gecko   ( 2250): ###################################### forms.js loaded
04-28 03:42:03.668 I/Gecko   ( 2250): ############################### browserElementPanning.js loaded
04-28 03:42:03.678 I/Gecko   (   83): 1398681723682	Marionette	INFO	sendToClient: {"from":"0","value":""}, {b99d6676-fca0-4e2c-8ba8-bc5755524a09}, {b99d6676-fca0-4e2c-8ba8-bc5755524a09}
04-28 03:42:03.708 I/Gecko   (   83): 1398681723719	Marionette	INFO	sendToClient: {"from":"0","value":""}, {e7aafeda-0374-4c44-bac7-d9e53d1c9bbb}, {e7aafeda-0374-4c44-bac7-d9e53d1c9bbb}
04-28 03:42:03.758 I/Gecko   (   83): 1398681723763	Marionette	INFO	sendToClient: {"from":"0","value":""}, {b892835b-a338-48a3-a964-b876c9b6c63f}, {b892835b-a338-48a3-a964-b876c9b6c63f}
04-28 03:42:03.778 I/Gecko   ( 2250): ######################## BrowserElementChildPreload.js loaded
04-28 03:42:03.808 I/Gecko   (   83): 1398681723814	Marionette	INFO	sendToClient: {"from":"0","value":""}, {33d73fa4-bd3d-4c36-bdbb-015739ce1ffe}, {33d73fa4-bd3d-4c36-bdbb-015739ce1ffe}
04-28 03:42:03.838 I/Gecko   (   83): 1398681723846	Marionette	INFO	sendToClient: {"from":"0","value":""}, {ce766030-07b9-4e6d-a845-c83f4b515851}, {ce766030-07b9-4e6d-a845-c83f4b515851}
04-28 03:42:03.878 I/Gecko   (   83): 1398681723886	Marionette	INFO	sendToClient: {"from":"0","value":""}, {877205cc-3926-415f-8e71-43333e95ae50}, {877205cc-3926-415f-8e71-43333e95ae50}
04-28 03:42:03.918 I/GeckoDump(   83): XXX FIXME : Got a mozContentEvent: undefined
04-28 03:42:04.128 I/Gecko   (   83): 1398681724140	Marionette	INFO	sendToClient: {"from":"0","value":""}, {915a358a-876e-487b-9c30-5ef18079a9d6}, {915a358a-876e-487b-9c30-5ef18079a9d6}
04-28 03:42:04.198 I/Gonk    (   83): Setting nice for pid 2271 to 18
04-28 03:42:04.198 I/Gonk    (   83): Changed nice for pid 2271 from 0 to 18.
04-28 03:42:04.418 I/Gecko   (   83): 1398681724424	Marionette	INFO	sendToClient: {"from":"0","value":""}, {85b08845-1509-4c75-af59-51e584f461ec}, {85b08845-1509-4c75-af59-51e584f461ec}
04-28 03:42:04.438 I/Gecko   (   83): 1398681724446	Marionette	INFO	sendToClient: {"from":"0","value":""}, {10077dc6-b5eb-4128-9b5d-a552f6656f64}, {10077dc6-b5eb-4128-9b5d-a552f6656f64}
04-28 03:42:04.498 I/Gecko   (   83): 1398681724509	Marionette	INFO	sendToClient: {"from":"0","value":""}, {2b89e127-551c-433a-b696-2bdbc68e0b79}, {2b89e127-551c-433a-b696-2bdbc68e0b79}
04-28 03:42:04.648 I/Gecko   (   83): 1398681724657	Marionette	INFO	sendToClient: {"from":"0","value":""}, {e9d2843c-45eb-4e3f-bc74-650fb7888338}, {e9d2843c-45eb-4e3f-bc74-650fb7888338}
04-28 03:42:05.008 I/Gecko   (   83): 1398681725017	Marionette	INFO	sendToClient: {"from":"0","value":""}, {3db5794e-61dd-4bbd-9d62-e11f67435e28}, {3db5794e-61dd-4bbd-9d62-e11f67435e28}
04-28 03:42:05.908 I/log     ( 2281): <4>0[ 1218.589179] select 2163 (Homescreen), adj 8, size 5637, to kill 
04-28 03:42:06.428 E/GeckoConsole( 2250): [JavaScript Error: "uncaught exception: target window is same as present window -- not allowed"]
04-28 03:42:07.248 I/Gecko   (   83): 1398681727261	Marionette	INFO	sendToClient: {"from":"0","value":""}, {b7277c69-dcc0-4ab8-9ef7-6c0ceef8243b}, {b7277c69-dcc0-4ab8-9ef7-6c0ceef8243b}
04-28 03:42:07.598 I/Gecko   (   83): 1398681727608	Marionette	INFO	sendToClient: {"from":"0","value":""}, {430c290d-5edc-48c5-b890-3801dcc555ed}, {430c290d-5edc-48c5-b890-3801dcc555ed}
04-28 03:42:07.658 E/GeckoConsole( 2250): [JavaScript Error: "NS_ERROR_DOM_QUOTA_REACHED: Persistent storage maximum size reached" {file: "https://static.login.persona.org/v/8d5bf63aa0/production/communication_iframe.js" line: 1}]
04-28 03:42:07.778 I/Gecko   (   83): [Parent 83] WARNING: pipe error (93): Connection reset by peer: file ../../../gecko/ipc/chromium/src/chrome/common/ipc_channel_posix.cc, line 446
04-28 03:42:07.808 I/Gecko   (   83): 1398681727821	Marionette	INFO	sendToClient: {"from":"0","value":""}, {ac3d9884-e754-442c-a2b8-bb2b7945a07a}, {ac3d9884-e754-442c-a2b8-bb2b7945a07a}
04-28 03:42:07.848 I/Gecko   (   83): 
04-28 03:42:07.848 I/Gecko   (   83): ###!!! [Parent][MessageChannel] Error: Channel error: cannot send/recv
04-28 03:42:07.848 I/Gecko   (   83): 
04-28 03:42:07.918 I/GeckoDump(   83): Crash reporter : Can't fetch app.reportCrashes. Exception: [Exception... "Component returned failure code: 0x8000ffff (NS_ERROR_UNEXPECTED) [nsIPrefBranch.getBoolPref]"  nsresult: "0x8000ffff (NS_ERROR_UNEXPECTED)"  location: "JS frame :: chrome://browser/content/shell.js :: shell_reportCrash :: line 7"  data: no]
04-28 03:42:07.978 I/Gecko   (   83): [Parent 83] WARNING: waitpid failed pid:2163 errno:10: file ../../../gecko/ipc/chromium/src/base/process_util_posix.cc, line 254
04-28 03:42:08.018 I/Gecko   ( 2271): ###################################### forms.js loaded
04-28 03:42:08.058 I/Gecko   (   83): 1398681728071	Marionette	INFO	sendToClient: {"from":"0","value":""}, {2d83b974-7c8e-4c15-aa10-1559dff3bdcb}, {2d83b974-7c8e-4c15-aa10-1559dff3bdcb}
04-28 03:42:08.108 I/Gecko   ( 2271): ############################### browserElementPanning.js loaded
04-28 03:42:08.168 I/Gecko   ( 2271): ######################## BrowserElementChildPreload.js loaded
04-28 03:42:08.208 I/Gecko   (   83): 1398681728213	Marionette	INFO	sendToClient: {"from":"0","value":""}, {2612f2ac-a8a9-40f2-9eb3-a52f412e3ace}, {2612f2ac-a8a9-40f2-9eb3-a52f412e3ace}
04-28 03:42:08.348 I/Gecko   (   83): 1398681728354	Marionette	INFO	sendToClient: {"from":"0","value":""}, {2f7514d8-d19e-42e7-a056-d691fe114b17}, {2f7514d8-d19e-42e7-a056-d691fe114b17}
04-28 03:42:08.538 I/Gecko   (   83): 1398681728547	Marionette	INFO	sendToClient: {"from":"0","value":""}, {c4892cae-1949-4b67-9261-f179513e739f}, {c4892cae-1949-4b67-9261-f179513e739f}
04-28 03:42:08.658 W/WifiHW  (   83): wifi_command: SIGNAL_POLL
04-28 03:42:08.678 I/Gecko   (   83): 1398681728684	Marionette	INFO	sendToClient: {"from":"0","value":""}, {df15d832-78de-4a9d-9a9f-d45277d1b6c7}, {df15d832-78de-4a9d-9a9f-d45277d1b6c7}
04-28 03:42:08.798 I/Gecko   (   83): 1398681728804	Marionette	INFO	sendToClient: {"from":"0","value":""}, {23cc7021-766b-49b4-8427-bd824ac194a6}, {23cc7021-766b-49b4-8427-bd824ac194a6}
04-28 03:42:08.868 I/Gecko   (   83): 1398681728877	Marionette	INFO	sendToClient: {"from":"0","value":""}, {2dec7e7d-80ca-41a7-aced-7c4e344c3599}, {2dec7e7d-80ca-41a7-aced-7c4e344c3599}
04-28 03:42:08.898 I/Gecko   (   83): 1398681728906	Marionette	INFO	sendToClient: {"from":"0","value":""}, {2b8a01f4-8991-403e-99a6-021469953662}, {2b8a01f4-8991-403e-99a6-021469953662}
04-28 03:42:09.158 I/Gecko   (   83): 1398681729167	Marionette	INFO	sendToClient: {"from":"0","value":""}, {77b47dc8-9446-4e1e-aee4-be52df16306a}, {77b47dc8-9446-4e1e-aee4-be52df16306a}
04-28 03:42:09.168 I/Gecko   (   83): 1398681729176	Marionette	DEBUG	Got request: switchToFrame, data: {"to":"0","sessionId":"3-b2g","name":"switchToFrame","parameters":{"id":null,"focus":true}}, id: {36997afc-f048-4ce1-af31-2975ebcb090d}
04-28 03:42:09.168 I/Gecko   (   83): 1398681729178	Marionette	INFO	Switched to frame: {"frameValue":null}
04-28 03:42:09.298 I/Gecko   (   83): 1398681729311	Marionette	INFO	sendToClient: {"from":"0","ok":true}, {36997afc-f048-4ce1-af31-2975ebcb090d}, {36997afc-f048-4ce1-af31-2975ebcb090d}
04-28 03:42:09.328 I/Gecko   (   83): 1398681729339	Marionette	DEBUG	Got request: switchToFrame, data: {"to":"0","sessionId":"3-b2g","name":"switchToFrame","parameters":{"id":null,"focus":true}}, id: {dbbdf3b7-dfcd-4a26-8395-02503ef9e68a}
04-28 03:42:09.338 I/Gecko   (   83): 1398681729345	Marionette	INFO	Switched to frame: {"frameValue":null}
04-28 03:42:09.468 I/Gecko   (   83): 1398681729474	Marionette	INFO	sendToClient: {"from":"0","ok":true}, {dbbdf3b7-dfcd-4a26-8395-02503ef9e68a}, {dbbdf3b7-dfcd-4a26-8395-02503ef9e68a}
04-28 03:42:09.478 I/Gecko   (   83): 1398681729488	Marionette	DEBUG	Got request: executeWithCallback, data: {"to":"0","sessionId":"3-b2g","name":"executeAsyncScript","parameters":{"specialPowers":false,"scriptTimeout":null,"newSandbox":true,"args":[],"filename":"gaia_test.py","script":"return GaiaApps.displayedApp();","line":66}}, id: {1f3c3f2c-df7f-49ba-84af-5e9f146bcbc0}
04-28 03:42:09.578 I/Gecko   (   83): 1398681729585	Marionette	INFO	sendToClient: {"from":"0","value":{"frame":{"ELEMENT":"{4754ced8-9aaf-4397-b5e1-3db6226e961a}"},"src":"app://browser.gaiamobile.org/index.html","name":"Browser","origin":"app://browser.gaiamobile.org"}}, {1f3c3f2c-df7f-49ba-84af-5e9f146bcbc0}, {1f3c3f2c-df7f-49ba-84af-5e9f146bcbc0}
04-28 03:42:09.628 E/GeckoConsole(   83): Content JS LOG at dummy file:392 in GaiaApps.displayedApp: app with origin 'app://browser.gaiamobile.org' is displayed
04-28 03:42:09.678 I/Gecko   (   83): 1398681729682	Marionette	DEBUG	Got request: switchToFrame, data: {"to":"0","sessionId":"3-b2g","name":"switchToFrame","parameters":{"focus":true,"element":"{4754ced8-9aaf-4397-b5e1-3db6226e961a}"}}, id: {5ab81b58-a1d2-414c-b7bd-db6d6e169ef7}
04-28 03:42:09.688 I/Gecko   (   83): 1398681729697	Marionette	INFO	Switched to frame: {"frameValue":"{4754ced8-9aaf-4397-b5e1-3db6226e961a}"}
04-28 03:42:09.798 I/Gecko   (   83): 1398681729806	Marionette	INFO	sendToClient: {"from":"0","ok":true}, {5ab81b58-a1d2-414c-b7bd-db6d6e169ef7}, {5ab81b58-a1d2-414c-b7bd-db6d6e169ef7}
04-28 03:42:09.808 I/Gecko   (   83): 1398681729814	Marionette	INFO	sendToClient: {"from":"0","value":"https://marketplace.firefox.com/"}, {f152fe75-b528-4081-ab1e-38e123503a3b}, {f152fe75-b528-4081-ab1e-38e123503a3b}
04-28 03:42:09.808 I/Gecko   (   83): 1398681729821	Marionette	DEBUG	Got request: execute, data: {"to":"0","sessionId":"3-b2g","name":"executeScript","parameters":{"specialPowers":false,"scriptTimeout":null,"newSandbox":true,"args":[],"filename":"app_checker.py","script":"return window.wrappedJSObject.marionette_install_result","line":339}}, id: {a989004e-644c-4e34-86e6-d13ef4976f5f}
04-28 03:42:09.848 I/Gecko   (   83): 1398681729855	Marionette	INFO	sendToClient: {"from":"0","value":"REINSTALL_FORBIDDEN"}, {a989004e-644c-4e34-86e6-d13ef4976f5f}, {a989004e-644c-4e34-86e6-d13ef4976f5f}
04-28 03:42:09.848 I/Gecko   (   83): 1398681729861	Marionette	DEBUG	Got request: switchToFrame, data: {"to":"0","sessionId":"3-b2g","name":"switchToFrame","parameters":{"id":null,"focus":true}}, id: {cf7ed5ac-aa6e-4931-97c6-5e4d76842bf0}
04-28 03:42:09.858 I/Gecko   (   83): 1398681729863	Marionette	INFO	Switched to frame: {"frameValue":null}
04-28 03:42:09.968 I/Gecko   (   83): 1398681729972	Marionette	INFO	sendToClient: {"from":"0","ok":true}, {cf7ed5ac-aa6e-4931-97c6-5e4d76842bf0}, {cf7ed5ac-aa6e-4931-97c6-5e4d76842bf0}
04-28 03:42:09.968 I/Gecko   (   83): 1398681729978	Marionette	DEBUG	Got request: executeWithCallback, data: {"to":"0","sessionId":"3-b2g","name":"executeAsyncScript","parameters":{"specialPowers":false,"scriptTimeout":60000,"newSandbox":true,"args":[],"filename":"app_checker.py","script":"\n        GaiaApps.locateWithManifestURL('https://marketplace.firefox.com/app/092a6046-d595-4b12-9166-e92801e51d6d/manifest.webapp',\n                                       null,\n                                       function uninstall(app) {\n                                       navigator.mozApps.mgmt.uninstall(app);\n                                       marionetteScriptFinished(true);\n                                       });\n        ","line":129}}, id: {c0ed7243-32d4-4a8e-9445-066a05e435fc}
04-28 03:42:09.978 I/Gecko   (   83): [Parent 83] WARNING: waitpid failed pid:2163 errno:10: file ../../../gecko/ipc/chromium/src/base/process_util_posix.cc, line 254
04-28 03:42:09.978 I/Gecko   (   83): [Parent 83] WARNING: Failed to deliver SIGKILL to 2163!(3).: file ../../../gecko/ipc/chromium/src/chrome/common/process_watcher_posix_sigchld.cc, line 118
04-28 03:42:10.138 I/Gecko   (   83): 1398681730149	Marionette	INFO	sendToClient: {"from":"0","error":{"message":"TypeError: app.manifest is undefined","status":17,"stacktrace":"execute_async_script @app_checker.py, line 129\ninline javascript, line 221\nsrc: \"      appName = app.manifest.name;\""}}, {c0ed7243-32d4-4a8e-9445-066a05e435fc}, {c0ed7243-32d4-4a8e-9445-066a05e435fc}