--------- beginning of /dev/log/main
04-26 14:18:07.366 I/Gecko   (   83): 1398547087377	Marionette	INFO	sendToClient: {"from":"0","ok":true}, {7785580e-f549-4d13-93cf-2a9a0de415e5}, {7785580e-f549-4d13-93cf-2a9a0de415e5}
04-26 14:18:07.416 I/Gecko   (   83): 1398547087425	Marionette	DEBUG	Got request: switchToFrame, data: {"to":"0","sessionId":"3-b2g","name":"switchToFrame","parameters":{"id":null,"focus":true}}, id: {b39ba5c7-0749-48a1-a551-5c67180132cc}
04-26 14:18:07.416 I/Gecko   (   83): 1398547087427	Marionette	INFO	Switched to frame: {"frameValue":null}
04-26 14:18:07.526 I/Gecko   (   83): 1398547087540	Marionette	INFO	sendToClient: {"from":"0","ok":true}, {b39ba5c7-0749-48a1-a551-5c67180132cc}, {b39ba5c7-0749-48a1-a551-5c67180132cc}
04-26 14:18:07.536 I/Gecko   (   83): 1398547087549	Marionette	DEBUG	Got request: executeWithCallback, data: {"to":"0","sessionId":"3-b2g","name":"executeAsyncScript","parameters":{"specialPowers":false,"scriptTimeout":null,"newSandbox":true,"args":[],"filename":"gaia_test.py","script":"return GaiaApps.displayedApp();","line":66}}, id: {0d29ca0f-cc30-46e0-8bfe-856a190803d3}
04-26 14:18:07.646 E/GeckoConsole(   83): Content JS LOG at dummy file:392 in GaiaApps.displayedApp: app with origin 'app://homescreen.gaiamobile.org' is displayed
04-26 14:18:07.656 I/Gecko   (   83): 1398547087663	Marionette	INFO	sendToClient: {"from":"0","value":{"frame":{"ELEMENT":"{f38f539e-7a91-44e9-b2f9-d6fc3725dce1}"},"src":"app://homescreen.gaiamobile.org/index.html#root","name":"Homescreen","origin":"app://homescreen.gaiamobile.org"}}, {0d29ca0f-cc30-46e0-8bfe-856a190803d3}, {0d29ca0f-cc30-46e0-8bfe-856a190803d3}
04-26 14:18:07.666 I/Gecko   (   83): 1398547087677	Marionette	DEBUG	Got request: switchToFrame, data: {"to":"0","sessionId":"3-b2g","name":"switchToFrame","parameters":{"id":null,"focus":true}}, id: {1a68e2bc-0410-4f43-946e-2cd3be8db1c3}
04-26 14:18:07.676 I/Gecko   (   83): 1398547087686	Marionette	INFO	Switched to frame: {"frameValue":null}
04-26 14:18:07.776 I/Gecko   (   83): 1398547087793	Marionette	INFO	sendToClient: {"from":"0","ok":true}, {1a68e2bc-0410-4f43-946e-2cd3be8db1c3}, {1a68e2bc-0410-4f43-946e-2cd3be8db1c3}
04-26 14:18:07.796 I/Gecko   (   83): 1398547087810	Marionette	DEBUG	Got request: switchToFrame, data: {"to":"0","sessionId":"3-b2g","name":"switchToFrame","parameters":{"id":null,"focus":true}}, id: {5a619d99-7d24-4a79-875b-7c7dc73da16b}
04-26 14:18:07.796 I/Gecko   (   83): 1398547087813	Marionette	INFO	Switched to frame: {"frameValue":null}
04-26 14:18:07.906 I/Gecko   (   83): 1398547087915	Marionette	INFO	sendToClient: {"from":"0","ok":true}, {5a619d99-7d24-4a79-875b-7c7dc73da16b}, {5a619d99-7d24-4a79-875b-7c7dc73da16b}
04-26 14:18:07.906 I/Gecko   (   83): 1398547087923	Marionette	DEBUG	Got request: executeWithCallback, data: {"to":"0","sessionId":"3-b2g","name":"executeAsyncScript","parameters":{"specialPowers":false,"scriptTimeout":null,"newSandbox":true,"args":[],"filename":"gaia_test.py","script":"return GaiaApps.displayedApp();","line":66}}, id: {c7e6c20d-f03e-49c8-84f7-9421c3f101f1}
04-26 14:18:07.976 I/Gecko   (   83): 1398547087990	Marionette	INFO	sendToClient: {"from":"0","value":{"frame":{"ELEMENT":"{f38f539e-7a91-44e9-b2f9-d6fc3725dce1}"},"src":"app://homescreen.gaiamobile.org/index.html#root","name":"Homescreen","origin":"app://homescreen.gaiamobile.org"}}, {c7e6c20d-f03e-49c8-84f7-9421c3f101f1}, {c7e6c20d-f03e-49c8-84f7-9421c3f101f1}
04-26 14:18:07.996 E/GeckoConsole(   83): Content JS LOG at dummy file:392 in GaiaApps.displayedApp: app with origin 'app://homescreen.gaiamobile.org' is displayed
04-26 14:18:07.996 I/Gecko   (   83): 1398547088007	Marionette	DEBUG	Got request: switchToFrame, data: {"to":"0","sessionId":"3-b2g","name":"switchToFrame","parameters":{"focus":true,"element":"{f38f539e-7a91-44e9-b2f9-d6fc3725dce1}"}}, id: {d1036904-c95c-4f8d-b2e8-2a2db538eb77}
04-26 14:18:08.026 I/Gecko   (   83): 1398547088034	Marionette	INFO	Switched to frame: {"frameValue":"{f38f539e-7a91-44e9-b2f9-d6fc3725dce1}"}
04-26 14:18:08.026 I/Gecko   (   83): 1398547088037	Marionette	INFO	trying remote frame 0
04-26 14:18:08.026 I/Gecko   (   83): 1398547088038	Marionette	INFO	trying remote frame 1
04-26 14:18:08.026 I/Gecko   (   83): 1398547088039	Marionette	INFO	trying remote frame 2
04-26 14:18:08.026 I/Gecko   (   83): 1398547088040	Marionette	INFO	trying remote frame 3
04-26 14:18:08.026 I/Gecko   (   83): 1398547088041	Marionette	INFO	trying remote frame 4
04-26 14:18:08.026 I/Gecko   (   83): 1398547088041	Marionette	INFO	trying remote frame 5
04-26 14:18:08.026 I/Gecko   (   83): 1398547088042	Marionette	INFO	deleting frame
04-26 14:18:08.036 I/Gecko   (   83): 1398547088049	Marionette	INFO	frame-manager load script: [object ChromeMessageSender]
04-26 14:18:08.506 I/Gecko   (   83): 1398547088518	Marionette	INFO	sendToClient: {"from":"0","ok":true}, {d1036904-c95c-4f8d-b2e8-2a2db538eb77}, {d1036904-c95c-4f8d-b2e8-2a2db538eb77}
04-26 14:18:08.606 I/Gecko   (   83): 1398547088618	Marionette	INFO	sendToClient: {"from":"0","value":{"ELEMENT":"{95687acf-6946-48ab-8fd1-07a5cc5ab3ef}"}}, {7adab9fd-4027-445f-a85a-ee0ea899c4a3}, {7adab9fd-4027-445f-a85a-ee0ea899c4a3}
04-26 14:18:08.936 E/GeckoConsole( 3736): [JavaScript Warning: "Use of getAttributeNode() is deprecated. Use getAttribute() instead." {file: "chrome://marionette/content/atoms.js" line: 25}]
04-26 14:18:08.936 E/GeckoConsole( 3736): [JavaScript Warning: "Use of attributes' specified attribute is deprecated. It always returns true." {file: "chrome://marionette/content/atoms.js" line: 25}]
04-26 14:18:08.936 I/Gecko   (   83): 1398547088952	Marionette	INFO	sendToClient: {"from":"0","value":"normal"}, {23ea194c-e67a-4352-8697-d27fb2005b32}, {23ea194c-e67a-4352-8697-d27fb2005b32}
04-26 14:18:08.946 I/Gecko   (   83): 1398547088959	Marionette	DEBUG	Got request: switchToFrame, data: {"to":"0","sessionId":"3-b2g","name":"switchToFrame","parameters":{"id":null,"focus":true}}, id: {84104d8f-cd1d-4df4-85af-607f2e2bba9c}
04-26 14:18:08.966 I/Gecko   (   83): 1398547088976	Marionette	INFO	Switched to frame: {"frameValue":null}
04-26 14:18:09.066 I/Gecko   (   83): 1398547089078	Marionette	INFO	sendToClient: {"from":"0","ok":true}, {84104d8f-cd1d-4df4-85af-607f2e2bba9c}, {84104d8f-cd1d-4df4-85af-607f2e2bba9c}
04-26 14:18:09.076 I/Gecko   (   83): 1398547089085	Marionette	DEBUG	Got request: execute, data: {"to":"0","sessionId":"3-b2g","name":"executeScript","parameters":{"specialPowers":false,"scriptTimeout":null,"newSandbox":true,"args":[],"filename":"gaia_test.py","script":"window.wrappedJSObject.dispatchEvent(new Event('home'));","line":788}}, id: {d433013a-d7e9-464d-8086-ed035146e4db}
04-26 14:18:09.206 I/Gecko   (   83): 1398547089214	Marionette	INFO	sendToClient: {"from":"0","value":null}, {d433013a-d7e9-464d-8086-ed035146e4db}, {d433013a-d7e9-464d-8086-ed035146e4db}
04-26 14:18:09.226 I/Gecko   (   83): 1398547089234	Marionette	DEBUG	Got request: switchToFrame, data: {"to":"0","sessionId":"3-b2g","name":"switchToFrame","parameters":{"id":null,"focus":true}}, id: {37c01e48-2eaa-49ad-8cc7-6e269758a160}
04-26 14:18:09.226 I/Gecko   (   83): 1398547089236	Marionette	INFO	Switched to frame: {"frameValue":null}
04-26 14:18:09.326 I/Gecko   (   83): 1398547089338	Marionette	INFO	sendToClient: {"from":"0","ok":true}, {37c01e48-2eaa-49ad-8cc7-6e269758a160}, {37c01e48-2eaa-49ad-8cc7-6e269758a160}
04-26 14:18:09.336 I/Gecko   (   83): 1398547089344	Marionette	DEBUG	Got request: switchToFrame, data: {"to":"0","sessionId":"3-b2g","name":"switchToFrame","parameters":{"id":null,"focus":true}}, id: {16f4120a-9a15-487e-a85f-d9228e2fbcbf}
04-26 14:18:09.336 I/Gecko   (   83): 1398547089346	Marionette	INFO	Switched to frame: {"frameValue":null}
04-26 14:18:09.446 I/Gecko   (   83): 1398547089456	Marionette	INFO	sendToClient: {"from":"0","ok":true}, {16f4120a-9a15-487e-a85f-d9228e2fbcbf}, {16f4120a-9a15-487e-a85f-d9228e2fbcbf}
04-26 14:18:09.446 I/Gecko   (   83): 1398547089463	Marionette	DEBUG	Got request: executeWithCallback, data: {"to":"0","sessionId":"3-b2g","name":"executeAsyncScript","parameters":{"specialPowers":false,"scriptTimeout":null,"newSandbox":true,"args":[],"filename":"gaia_test.py","script":"return GaiaApps.displayedApp();","line":66}}, id: {b3bbca66-5c18-46c3-b1b0-d946adeaeeff}
04-26 14:18:09.536 E/GeckoConsole(   83): Content JS LOG at dummy file:392 in GaiaApps.displayedApp: app with origin 'app://homescreen.gaiamobile.org' is displayed
04-26 14:18:09.566 I/Gecko   (   83): 1398547089574	Marionette	INFO	sendToClient: {"from":"0","value":{"frame":{"ELEMENT":"{f38f539e-7a91-44e9-b2f9-d6fc3725dce1}"},"src":"app://homescreen.gaiamobile.org/index.html#rootSat%20Apr%2026%202014%2014:18:09%20GMT-0700%20(UTC)","name":"Homescreen","origin":"app://homescreen.gaiamobile.org"}}, {b3bbca66-5c18-46c3-b1b0-d946adeaeeff}, {b3bbca66-5c18-46c3-b1b0-d946adeaeeff}
04-26 14:18:09.566 I/Gecko   (   83): 1398547089582	Marionette	DEBUG	Got request: switchToFrame, data: {"to":"0","sessionId":"3-b2g","name":"switchToFrame","parameters":{"focus":true,"element":"{f38f539e-7a91-44e9-b2f9-d6fc3725dce1}"}}, id: {c92a46c0-5f43-4d47-a1e0-081fb91256d5}
04-26 14:18:09.586 I/Gecko   (   83): 1398547089596	Marionette	INFO	Switched to frame: {"frameValue":"{f38f539e-7a91-44e9-b2f9-d6fc3725dce1}"}
04-26 14:18:09.606 I/Gecko   (   83): 1398547089621	Marionette	INFO	trying remote frame 0
04-26 14:18:09.606 I/Gecko   (   83): 1398547089622	Marionette	INFO	trying remote frame 1
04-26 14:18:09.606 I/Gecko   (   83): 1398547089623	Marionette	INFO	trying remote frame 2
04-26 14:18:09.616 I/Gecko   (   83): 1398547089624	Marionette	INFO	trying remote frame 3
04-26 14:18:09.616 I/Gecko   (   83): 1398547089625	Marionette	INFO	trying remote frame 4
04-26 14:18:09.616 I/Gecko   (   83): 1398547089625	Marionette	INFO	trying remote frame 5
04-26 14:18:09.686 I/Gecko   (   83): 1398547089695	Marionette	INFO	sendToClient: {"from":"0","ok":true}, {c92a46c0-5f43-4d47-a1e0-081fb91256d5}, {c92a46c0-5f43-4d47-a1e0-081fb91256d5}
04-26 14:18:09.686 I/Gecko   (   83): 1398547089702	Marionette	DEBUG	Got request: execute, data: {"to":"0","sessionId":"3-b2g","name":"executeScript","parameters":{"specialPowers":false,"scriptTimeout":null,"newSandbox":true,"args":[],"filename":"gaia_test.py","script":"return window.wrappedJSObject.GridManager.pageHelper.getCurrentPageNumber();","line":784}}, id: {13722d34-8dc4-4ab8-a6d6-d22ac3858364}
04-26 14:18:09.876 I/Gecko   (   83): 1398547089886	Marionette	INFO	sendToClient: {"from":"0","value":0}, {13722d34-8dc4-4ab8-a6d6-d22ac3858364}, {13722d34-8dc4-4ab8-a6d6-d22ac3858364}
04-26 14:18:11.036 I/Gecko   (   83): 1398547091046	Marionette	INFO	sendToClient: {"from":"0","value":["{4570800d-55f0-48d0-8d50-fe93689a60e4}","{6d182d21-3c71-41db-a091-8810b00d30a9}","{a7075290-3dcf-4e2f-bddb-72993ee435bf}","{44bd69c5-5fcb-488d-8d9f-71394178320e}","{eba2f31b-fd8f-469f-93b6-64081cb9bee4}","{5731f914-b7af-4cd6-a788-66e9b6e719fd}","{19a218f2-3109-4fea-b830-4cb176dc5c55}","{9a6a74dd-e2eb-404c-ac94-8ae3f4939c11}","{5ba46ceb-68df-4d60-bd4a-332081f21d37}","{27bae3d7-7bcf-4f74-80e2-0c1421eb752f}","{a5a13d1e-a35a-4dda-b9e2-63760962e98a}","{ddee37da-6de7-413f-a1b1-0ba33e428514}","{f8c2883c-ca18-4584-bdef-58ca91a6f277}","{92c045e2-2cfe-4c95-bd2e-63a3e9361b6b}","{41ee7944-72ca-4531-b346-2f35e8b62a8c}","{b8fb5289-79c5-47f6-a0f1-21d78b61008c}","{808a37ee-da16-4cb1-acb3-548fed20a15c}","{dd342462-0761-4bbb-89ab-e84e7e3bebf2}","{63e948e3-4c59-4253-af06-21b24a6bd75c}","{eb1eee6a-9246-4d06-b78c-e0a682857dcd}","{41a90b92-e11e-408a-93b8-12e27da8fae3}","{f7c41c0a-b220-42b4-a96e-523a7bf0fce6}","{8c900588-d5d4-4875-b131-a99025ee16c2}","{a4f730a1-ac5f
04-26 14:18:11.226 E/GeckoConsole( 3736): Content JS WARN at app://homescreen.gaiamobile.org/gaia_build_defer_index.js:184 in isHiddenApp: Unexpected role when checking hidden app: undefined
04-26 14:18:11.226 E/GeckoConsole( 3736): Content JS WARN at app://homescreen.gaiamobile.org/gaia_build_defer_index.js:184 in isHiddenApp: Unexpected role when checking hidden app: undefined
04-26 14:18:11.226 E/GeckoConsole( 3736): Content JS WARN at app://homescreen.gaiamobile.org/gaia_build_defer_index.js:184 in isHiddenApp: Unexpected role when checking hidden app: undefined
04-26 14:18:11.236 E/GeckoConsole( 3736): Content JS WARN at app://homescreen.gaiamobile.org/gaia_build_defer_index.js:184 in isHiddenApp: Unexpected role when checking hidden app: undefined
04-26 14:18:11.236 E/GeckoConsole( 3736): Content JS WARN at app://homescreen.gaiamobile.org/gaia_build_defer_index.js:184 in isHiddenApp: Unexpected role when checking hidden app: undefined
04-26 14:18:11.236 E/GeckoConsole( 3736): Content JS WARN at app://homescreen.gaiamobile.org/gaia_build_defer_index.js:184 in isHiddenApp: Unexpected role when checking hidden app: undefined
04-26 14:18:11.236 E/GeckoConsole( 3736): Content JS WARN at app://homescreen.gaiamobile.org/gaia_build_defer_index.js:184 in isHiddenApp: Unexpected role when checking hidden app: undefined
04-26 14:18:11.236 E/GeckoConsole( 3736): Content JS WARN at app://homescreen.gaiamobile.org/gaia_build_defer_index.js:184 in isHiddenApp: Unexpected role when checking hidden app: undefined
04-26 14:18:11.236 E/GeckoConsole( 3736): Content JS WARN at app://homescreen.gaiamobile.org/gaia_build_defer_index.js:184 in isHiddenApp: Unexpected role when checking hidden app: undefined
04-26 14:18:11.236 E/GeckoConsole( 3736): Content JS WARN at app://homescreen.gaiamobile.org/gaia_build_defer_index.js:184 in isHiddenApp: Unexpected role when checking hidden app: undefined
04-26 14:18:11.236 E/GeckoConsole( 3736): Content JS WARN at app://homescreen.gaiamobile.org/gaia_build_defer_index.js:184 in isHiddenApp: Unexpected role when checking hidden app: undefined
04-26 14:18:11.236 E/GeckoConsole( 3736): Content JS WARN at app://homescreen.gaiamobile.org/gaia_build_defer_index.js:184 in isHiddenApp: Unexpected role when checking hidden app: undefined
04-26 14:18:11.236 E/GeckoConsole( 3736): Content JS WARN at app://homescreen.gaiamobile.org/gaia_build_defer_index.js:184 in isHiddenApp: Unexpected role when checking hidden app: undefined
04-26 14:18:11.236 E/GeckoConsole( 3736): Content JS WARN at app://homescreen.gaiamobile.org/gaia_build_defer_index.js:184 in isHiddenApp: Unexpected role when checking hidden app: undefined
04-26 14:18:11.236 E/GeckoConsole( 3736): Content JS WARN at app://homescreen.gaiamobile.org/gaia_build_defer_index.js:184 in isHiddenApp: Unexpected role when checking hidden app: undefined
04-26 14:18:11.236 E/GeckoConsole( 3736): Content JS WARN at app://homescreen.gaiamobile.org/gaia_build_defer_index.js:184 in isHiddenApp: Unexpected role when checking hidden app: undefined
04-26 14:18:11.236 E/GeckoConsole( 3736): Content JS WARN at app://homescreen.gaiamobile.org/gaia_build_defer_index.js:184 in isHiddenApp: Unexpected role when checking hidden app: undefined
04-26 14:18:11.246 E/GeckoConsole( 3736): Content JS WARN at app://homescreen.gaiamobile.org/gaia_build_defer_index.js:184 in isHiddenApp: Unexpected role when checking hidden app: undefined
04-26 14:18:11.246 E/GeckoConsole( 3736): Content JS WARN at app://homescreen.gaiamobile.org/gaia_build_defer_index.js:184 in isHiddenApp: Unexpected role when checking hidden app: undefined
04-26 14:18:11.246 E/GeckoConsole( 3736): Content JS WARN at app://homescreen.gaiamobile.org/gaia_build_defer_index.js:184 in isHiddenApp: Unexpected role when checking hidden app: undefined
04-26 14:18:11.256 E/GeckoConsole( 3736): Content JS WARN at app://homescreen.gaiamobile.org/gaia_build_defer_index.js:184 in isHiddenApp: Unexpected role when checking hidden app: undefined
04-26 14:18:11.256 E/GeckoConsole( 3736): Content JS WARN at app://homescreen.gaiamobile.org/gaia_build_defer_index.js:184 in isHiddenApp: Unexpected role when checking hidden app: undefined
04-26 14:18:11.256 E/GeckoConsole( 3736): Content JS WARN at app://homescreen.gaiamobile.org/gaia_build_defer_index.js:184 in isHiddenApp: Unexpected role when checking hidden app: undefined
04-26 14:18:11.256 E/GeckoConsole( 3736): Content JS WARN at app://homescreen.gaiamobile.org/gaia_build_defer_index.js:184 in isHiddenApp: Unexpected role when checking hidden app: undefined
04-26 14:18:11.506 I/Gecko   (   83): 1398547091520	Marionette	INFO	sendToClient: {"from":"0","value":"app://homescreen.gaiamobile.org/index.html#rootSat%20Apr%2026%202014%2014:18:09%20GMT-0700%20(UTC)"}, {54f3a444-9edc-451d-9aba-f39bb9354018}, {54f3a444-9edc-451d-9aba-f39bb9354018}
04-26 14:18:11.516 I/Gecko   (   83): 1398547091527	Marionette	DEBUG	Got request: switchToFrame, data: {"to":"0","sessionId":"3-b2g","name":"switchToFrame","parameters":{"id":null,"focus":true}}, id: {5fffb7db-eb6f-4e22-928f-63c23fa6770e}
04-26 14:18:11.556 I/Gecko   (   83): 1398547091565	Marionette	INFO	Switched to frame: {"frameValue":null}
04-26 14:18:11.796 I/Gecko   (   83): 1398547091807	Marionette	INFO	sendToClient: {"from":"0","ok":true}, {5fffb7db-eb6f-4e22-928f-63c23fa6770e}, {5fffb7db-eb6f-4e22-928f-63c23fa6770e}
04-26 14:18:11.826 I/Gecko   (   83): 1398547091841	Marionette	DEBUG	Got request: switchToFrame, data: {"to":"0","sessionId":"3-b2g","name":"switchToFrame","parameters":{"id":null,"focus":true}}, id: {757bc050-7657-4ff2-94d7-7d8c0ddeecf9}
04-26 14:18:11.846 W/WifiHW  (   83): wifi_command: SIGNAL_POLL
04-26 14:18:11.866 I/Gecko   (   83): 1398547091879	Marionette	INFO	Switched to frame: {"frameValue":null}
04-26 14:18:11.976 I/Gecko   (   83): 1398547091987	Marionette	INFO	sendToClient: {"from":"0","ok":true}, {757bc050-7657-4ff2-94d7-7d8c0ddeecf9}, {757bc050-7657-4ff2-94d7-7d8c0ddeecf9}
04-26 14:18:11.986 I/Gecko   (   83): 1398547092002	Marionette	DEBUG	Got request: executeWithCallback, data: {"to":"0","sessionId":"3-b2g","name":"executeAsyncScript","parameters":{"specialPowers":false,"scriptTimeout":30000,"newSandbox":true,"args":[],"filename":"app_checker.py","script":"GaiaApps.launchWithManifestURL('https://marketplace.firefox.com/app/31a36bf2-09ce-4367-806a-de1e0c6c1a1b/manifest.webapp')","line":106}}, id: {a32fb920-9074-4363-bf2f-e6f959b8ebe3}
04-26 14:18:12.036 V/AudioPolicyManagerBase(   90): startOutput() output 1, stream 1, session 12
04-26 14:18:12.036 V/AudioPolicyManagerBase(   90): changeRefCount() stream 1, count 1
04-26 14:18:12.036 V/AudioPolicyManagerBase(   90): getDeviceForStrategy() from cache strategy 0, device 2
04-26 14:18:12.036 V/AudioPolicyManagerBase(   90): getNewDevice() selected device 2
04-26 14:18:12.036 D/AudioPolicyManagerBase(   90): setOutputDevice() output 1 device 2 delayMs 0
04-26 14:18:12.036 V/AudioPolicyManagerBase(   90): setOutputDevice() setting same device 2 or null device for output 1
04-26 14:18:12.036 E/AudioPolicyManagerBase(   90): checkAndSetVolume stream=1, index=0, output=1, device=2
04-26 14:18:12.036 E/AudioPolicyManagerBase(   90): computeVolume, streamDesc=0x1e85bb8
04-26 14:18:12.096 W/AudioFlinger(   90): Thread AudioOut_1 cannot connect to the power manager service
04-26 14:18:12.096 V/AudioPolicyManagerBase(   90): stopOutput() output 1, stream 1, session 12
04-26 14:18:12.096 V/AudioPolicyManagerBase(   90): changeRefCount() stream 1, count 0
04-26 14:18:12.096 V/AudioPolicyManagerBase(   90): getNewDevice() selected device 0
04-26 14:18:12.096 D/AudioPolicyManagerBase(   90): setOutputDevice() output 1 device 0 delayMs 290
04-26 14:18:12.096 V/AudioPolicyManagerBase(   90): setOutputDevice() setting same device 0 or null device for output 1
04-26 14:18:12.106 V/AudioPolicyManagerBase(   90): startOutput() output 1, stream 1, session 12
04-26 14:18:12.106 V/AudioPolicyManagerBase(   90): changeRefCount() stream 1, count 1
04-26 14:18:12.106 V/AudioPolicyManagerBase(   90): getDeviceForStrategy() from cache strategy 0, device 2
04-26 14:18:12.106 V/AudioPolicyManagerBase(   90): getNewDevice() selected device 2
04-26 14:18:12.106 D/AudioPolicyManagerBase(   90): setOutputDevice() output 1 device 2 delayMs 0
04-26 14:18:12.106 V/AudioPolicyManagerBase(   90): setOutputDevice() setting same device 2 or null device for output 1
04-26 14:18:12.106 E/AudioPolicyManagerBase(   90): checkAndSetVolume stream=1, index=0, output=1, device=2
04-26 14:18:12.106 E/AudioPolicyManagerBase(   90): computeVolume, streamDesc=0x1e85bb8
04-26 14:18:12.106 V/AudioPolicyManagerBase(   90): stopOutput() output 1, stream 1, session 12
04-26 14:18:12.106 V/AudioPolicyManagerBase(   90): changeRefCount() stream 1, count 0
04-26 14:18:12.106 V/AudioPolicyManagerBase(   90): getNewDevice() selected device 0
04-26 14:18:12.106 D/AudioPolicyManagerBase(   90): setOutputDevice() output 1 device 0 delayMs 290
04-26 14:18:12.106 V/AudioPolicyManagerBase(   90): setOutputDevice() setting same device 0 or null device for output 1
04-26 14:18:12.106 V/AudioPolicyManagerBase(   90): releaseOutput() 1
04-26 14:18:12.216 I/Gonk    (   83): Setting nice for pid 3744 to 18
04-26 14:18:12.216 I/Gonk    (   83): Changed nice for pid 3744 from 18 to 18.
04-26 14:18:12.226 I/Gecko   (   83): [Parent 83] WARNING: waitpid failed pid:3744 errno:10: file ../../../gecko/ipc/chromium/src/base/process_util_posix.cc, line 254
04-26 14:18:12.246 I/Gonk    (   83): Setting nice for pid 3744 to 1
04-26 14:18:12.246 I/Gonk    (   83): Changed nice for pid 3744 from 18 to 1.
04-26 14:18:12.296 E/GeckoConsole(   83): Content JS LOG at dummy file:334 in GaiaApps.launch: launching app with name 'Lily Azealia Toe'
04-26 14:18:12.376 E/[Gralloc-ERROR](   83): int gralloc_register_buffer(const gralloc_module_t*, const native_handle_t*):79 Unable to register handle 0x49d25bf0 coming from different process: 83
04-26 14:18:12.386 E/[Gralloc-ERROR](   83): int gralloc_register_buffer(const gralloc_module_t*, const native_handle_t*):79 Unable to register handle 0x49d25ce0 coming from different process: 83
04-26 14:18:12.406 E/[Gralloc-ERROR](   83): int gralloc_register_buffer(const gralloc_module_t*, const native_handle_t*):79 Unable to register handle 0x49d25d80 coming from different process: 83
04-26 14:18:12.406 E/[Gralloc-ERROR](   83): int gralloc_register_buffer(const gralloc_module_t*, const native_handle_t*):79 Unable to register handle 0x49d25e70 coming from different process: 83
04-26 14:18:12.586 D/Sensors (   83): activate handle=0; drv=0
04-26 14:18:12.586 E/Sensors (   83): Lis3dhSensor: IOCTL failed (Bad file number)
04-26 14:18:12.626 I/Gonk    (   83): Setting nice for pid 3736 to 18
04-26 14:18:12.626 I/Gonk    (   83): Changed nice for pid 3736 from 1 to 18.
04-26 14:18:12.846 I/Gonk    (   83): Setting nice for pid 3797 to 18
04-26 14:18:12.846 I/Gonk    (   83): Changed nice for pid 3797 from 0 to 18.
04-26 14:18:13.366 I/Gecko   (   83): 
04-26 14:18:13.366 I/Gecko   (   83): ###!!! [Parent][MessageChannel] Error: Channel error: cannot send/recv
04-26 14:18:13.366 I/Gecko   (   83): 
04-26 14:18:13.426 I/GeckoDump(   83): Crash reporter : Can't fetch app.reportCrashes. Exception: [Exception... "Component returned failure code: 0x8000ffff (NS_ERROR_UNEXPECTED) [nsIPrefBranch.getBoolPref]"  nsresult: "0x8000ffff (NS_ERROR_UNEXPECTED)"  location: "JS frame :: chrome://browser/content/shell.js :: shell_reportCrash :: line 7"  data: no]
04-26 14:18:13.456 I/Gecko   (   83): [Parent 83] WARNING: waitpid failed pid:3736 errno:10: file ../../../gecko/ipc/chromium/src/base/process_util_posix.cc, line 254
04-26 14:18:13.586 I/Gecko   ( 3744): ###################################### forms.js loaded
04-26 14:18:13.606 I/Gecko   ( 3744): ############################### browserElementPanning.js loaded
04-26 14:18:13.626 I/Gecko   ( 3744): ######################## BrowserElementChildPreload.js loaded
04-26 14:18:14.776 I/Gonk    (   83): Setting nice for pid 3797 to 18
04-26 14:18:14.776 I/Gonk    (   83): Changed nice for pid 3797 from 18 to 18.
04-26 14:18:14.776 I/Gecko   (   83): [Parent 83] WARNING: waitpid failed pid:3797 errno:10: file ../../../gecko/ipc/chromium/src/base/process_util_posix.cc, line 254
04-26 14:18:14.786 I/Gonk    (   83): Setting nice for pid 3797 to 1
04-26 14:18:14.786 I/Gonk    (   83): Changed nice for pid 3797 from 18 to 1.
04-26 14:18:14.786 I/Gonk    (   83): Setting nice for pid 3797 to 18
04-26 14:18:14.786 I/Gonk    (   83): Changed nice for pid 3797 from 1 to 18.
04-26 14:18:15.046 E/GeckoConsole(   83): Content JS LOG at dummy file:326 in GaiaApps.launch/appOpen/<: app with origin 'app://{802f9476-7752-4c09-b8df-173994616c77}' has launched
04-26 14:18:15.046 I/Gecko   (   83): 1398547095058	Marionette	INFO	sendToClient: {"from":"0","value":{"frame":{"ELEMENT":"{87f7adfb-2ce0-45c5-a380-46e3f6ebfd40}"},"src":"app://{802f9476-7752-4c09-b8df-173994616c77}/app-template/index.html","name":"Lily Azealia Toe","origin":"app://{802f9476-7752-4c09-b8df-173994616c77}"}}, {a32fb920-9074-4363-bf2f-e6f959b8ebe3}, {a32fb920-9074-4363-bf2f-e6f959b8ebe3}
04-26 14:18:15.046 E/[Gralloc-ERROR](   83): int gralloc_unregister_buffer(const gralloc_module_t*, const native_handle_t*):274 Trying to unregister buffer 0x49d25bf0 from process 83 that was not created in current process: 83
04-26 14:18:15.046 E/[Gralloc-ERROR](   83): int gralloc_unregister_buffer(const gralloc_module_t*, const native_handle_t*):274 Trying to unregister buffer 0x49d25ce0 from process 83 that was not created in current process: 83
04-26 14:18:15.046 E/[Gralloc-ERROR](   83): int gralloc_unregister_buffer(const gralloc_module_t*, const native_handle_t*):274 Trying to unregister buffer 0x49d25e70 from process 83 that was not created in current process: 83
04-26 14:18:15.046 E/[Gralloc-ERROR](   83): int gralloc_unregister_buffer(const gralloc_module_t*, const native_handle_t*):274 Trying to unregister buffer 0x49d25d80 from process 83 that was not created in current process: 83
04-26 14:18:15.056 I/Gecko   (   83): 1398547095069	Marionette	DEBUG	Got request: switchToFrame, data: {"to":"0","sessionId":"3-b2g","name":"switchToFrame","parameters":{"focus":true,"element":"{87f7adfb-2ce0-45c5-a380-46e3f6ebfd40}"}}, id: {475aa590-c9ba-4a52-acb3-0594da203b41}
04-26 14:18:15.076 I/Gecko   (   83): 1398547095088	Marionette	INFO	Switched to frame: {"frameValue":"{87f7adfb-2ce0-45c5-a380-46e3f6ebfd40}"}
04-26 14:18:15.086 I/Gecko   (   83): 1398547095096	Marionette	INFO	trying remote frame 0
04-26 14:18:15.086 I/Gecko   (   83): 1398547095101	Marionette	INFO	trying remote frame 1
04-26 14:18:15.086 I/Gecko   (   83): 1398547095103	Marionette	INFO	trying remote frame 2
04-26 14:18:15.096 I/Gecko   (   83): 1398547095105	Marionette	INFO	trying remote frame 3
04-26 14:18:15.096 I/Gecko   (   83): 1398547095109	Marionette	INFO	trying remote frame 4
04-26 14:18:15.096 I/Gecko   (   83): 1398547095110	Marionette	INFO	trying remote frame 5
04-26 14:18:15.096 I/Gecko   (   83): 1398547095111	Marionette	INFO	deleting frame
04-26 14:18:15.106 I/Gecko   (   83): 1398547095118	Marionette	INFO	frame-manager load script: [object ChromeMessageSender]
04-26 14:18:15.456 I/Gecko   (   83): [Parent 83] WARNING: waitpid failed pid:3736 errno:10: file ../../../gecko/ipc/chromium/src/base/process_util_posix.cc, line 254
04-26 14:18:15.456 I/Gecko   (   83): [Parent 83] WARNING: Failed to deliver SIGKILL to 3736!(3).: file ../../../gecko/ipc/chromium/src/chrome/common/process_watcher_posix_sigchld.cc, line 118
04-26 14:18:15.656 I/Gecko   (   83): 1398547095665	Marionette	INFO	sendToClient: {"from":"0","ok":true}, {475aa590-c9ba-4a52-acb3-0594da203b41}, {475aa590-c9ba-4a52-acb3-0594da203b41}
04-26 14:18:15.676 I/Gecko   (   83): 1398547095685	Marionette	INFO	sendToClient: {"from":"0","value":"app://{802f9476-7752-4c09-b8df-173994616c77}/app-template/index.html"}, {6c710563-1021-420d-942a-8d9ff890c2b7}, {6c710563-1021-420d-942a-8d9ff890c2b7}
04-26 14:18:15.686 I/Gecko   (   83): 1398547095695	Marionette	DEBUG	Got request: execute, data: {"to":"0","sessionId":"3-b2g","name":"executeScript","parameters":{"specialPowers":false,"scriptTimeout":null,"newSandbox":true,"args":[],"filename":"app_checker.py","script":"return window.document.readyState;","line":191}}, id: {2d7df907-346b-4883-b63e-168f7f51f9df}
04-26 14:18:15.716 I/Gecko   (   83): 1398547095726	Marionette	INFO	sendToClient: {"from":"0","value":"complete"}, {2d7df907-346b-4883-b63e-168f7f51f9df}, {2d7df907-346b-4883-b63e-168f7f51f9df}
04-26 14:18:15.726 I/Gecko   (   83): 1398547095735	Marionette	INFO	sendToClient: {"from":"0","value":"app://{802f9476-7752-4c09-b8df-173994616c77}/app-template/index.html"}, {93ee5104-f58c-4d21-becc-8f826d362d2c}, {93ee5104-f58c-4d21-becc-8f826d362d2c}
04-26 14:18:15.736 I/Gecko   ( 3744): Attempting load of libEGL.so
04-26 14:18:15.806 D/libEGL  ( 3744): loaded /system/lib/egl/libEGL_mali.so
04-26 14:18:15.836 D/libEGL  ( 3744): loaded /system/lib/egl/libGLESv1_CM_mali.so
04-26 14:18:15.846 D/libEGL  ( 3744): loaded /system/lib/egl/libGLESv2_mali.so
04-26 14:18:15.916 I/Gecko   ( 3744): SharedSurface_Gralloc::Create -------
04-26 14:18:15.976 I/Gecko   ( 3744): SharedSurface_Gralloc::Create: success -- surface 0x4328c3c0, GraphicBuffer 0x43b9a280.
04-26 14:18:16.976 W/WifiHW  (   83): wifi_command: SIGNAL_POLL
04-26 14:18:17.046 I/Gecko   (   83): 
04-26 14:18:17.046 I/Gecko   (   83): ###!!! [Parent][MessageChannel] Error: Channel error: cannot send/recv
04-26 14:18:17.046 I/Gecko   (   83): 
04-26 14:18:17.166 I/GeckoDump(   83): Crash reporter : Can't fetch app.reportCrashes. Exception: [Exception... "Component returned failure code: 0x8000ffff (NS_ERROR_UNEXPECTED) [nsIPrefBranch.getBoolPref]"  nsresult: "0x8000ffff (NS_ERROR_UNEXPECTED)"  location: "JS frame :: chrome://browser/content/shell.js :: shell_reportCrash :: line 7"  data: no]
04-26 14:18:17.236 I/Gecko   (   83): [Parent 83] WARNING: waitpid failed pid:3797 errno:10: file ../../../gecko/ipc/chromium/src/base/process_util_posix.cc, line 254
04-26 14:18:17.446 I/Gecko   (   83): 1398547097456	Marionette	INFO	sendToClient: {"from":"0","value":"iVBORw0KGgoAAAANSUhEUgAAAUAAAAHMCAYAAACk4nEJAAAR4klEQVR4nO3d3Yvndd3Hcf+1b/SbYlHYciyEkpIOIhAkkzoZD+xuGw03SXeNihKjtKK2ndlg10Ssg62MIFAWgm62XR3bXfdubppx6n0duVxe5u6oe62veX8eD3ifjPP9/cbfE16sLIw3FcCgbnqvfwCA94oBBIZlAIFhGUBgWAYQGJYBBIZlAIFhXXMAb7rpJueca3MG0Dk37BlA59yw944HkCya5NEkjwFsSpM8muQxgE1pkkeTPAawKU3yaJLHADalSR5N8hjApjTJo0keA9iUJnk0yWMAm9IkjyZ5DGBTmuTRJI8BbEqTPJrkMYBNaZJHkzwGsClN8miSxwA2pUkeTfIYwKY0yaNJHgPYlCZ5NMljAJvSJI8meQxgU5rk0SSPAWxKkzya5DGATWmSR5M8BrApTfJokscANqVJHk3yGMCmNMmjSR4D2JQmeTTJYwCb0iSPJnkMYFOa5NEkjwFsSpM8muQxgE1pkkeTPAawKU3yaJLHADalSR5N8hjApjTJo0keA9iUJnk0yWMAm9IkjyZ5DGBTmuTRJI8BbEqTPJrkMYBNaZJHkzwGsClN8miSxwA2pUkeTfIYwKY0yaNJHgPYlCZ5NMljAJvSJI8meQxgU5rk0SSPAWxKkzya5DGATWmSR5M8BrApTfJokscANqVJHk3yGMCmNMmjSR4D2JQmeTTJYwCb0iSPJnkMYFOa5NEkjwFsSpM8muQxgE1pkkeTPAawKU3yaJLHADalSR5N8hjApjTJo0keA9iUJnk0yWMAm9IkjyZ5DGBTmuTRJI8BbEqTPJrkMYBNaZJHkzwGsClN8miSxwA2pUkeTfIYwKY0yaNJHgPYlCZ5NMljAJvSJI8meQxgU5rk0SSPAWxKkzya5DGATWmSR5M8BrApTfJokscANq
04-26 14:18:17.686 I/Gecko   (   83): 1398547097700	Marionette	INFO	sendToClient: {"from":"0","ok":true}, {2ab7c1e9-993a-427b-96ed-0e590009b8ba}, {2ab7c1e9-993a-427b-96ed-0e590009b8ba}
04-26 14:18:17.756 I/Gecko   (   83): 1398547097768	Marionette	DEBUG	Got request: switchToFrame, data: {"to":"0","sessionId":"3-b2g","name":"switchToFrame","parameters":{"id":null,"focus":true}}, id: {391b686a-a551-40b0-84a2-3e3cb1090172}
04-26 14:18:17.776 I/Gecko   (   83): 1398547097784	Marionette	INFO	Switched to frame: {"frameValue":null}
04-26 14:18:17.876 I/Gecko   (   83): 1398547097888	Marionette	INFO	sendToClient: {"from":"0","ok":true}, {391b686a-a551-40b0-84a2-3e3cb1090172}, {391b686a-a551-40b0-84a2-3e3cb1090172}
04-26 14:18:17.886 I/Gecko   (   83): 1398547097896	Marionette	DEBUG	Got request: executeWithCallback, data: {"to":"0","sessionId":"3-b2g","name":"executeAsyncScript","parameters":{"specialPowers":false,"scriptTimeout":null,"newSandbox":true,"args":[],"filename":"gaia_test.py","script":"return GaiaApps.displayedApp();","line":66}}, id: {e68aecf3-1c8a-4c02-a5b2-f67b61fc6e8a}
04-26 14:18:17.926 I/Gecko   (   83): 1398547097940	Marionette	INFO	sendToClient: {"from":"0","value":{"frame":{"ELEMENT":"{87f7adfb-2ce0-45c5-a380-46e3f6ebfd40}"},"src":"app://{802f9476-7752-4c09-b8df-173994616c77}/app-template/index.html","name":"Lily Azealia Toe","origin":"app://{802f9476-7752-4c09-b8df-173994616c77}"}}, {e68aecf3-1c8a-4c02-a5b2-f67b61fc6e8a}, {e68aecf3-1c8a-4c02-a5b2-f67b61fc6e8a}
04-26 14:18:17.936 I/Gecko   (   83): 1398547097947	Marionette	DEBUG	Got request: switchToFrame, data: {"to":"0","sessionId":"3-b2g","name":"switchToFrame","parameters":{"id":null,"focus":true}}, id: {fb3d20f7-aafc-45c3-a1ab-6a54a81d9b36}
04-26 14:18:17.936 E/GeckoConsole(   83): Content JS LOG at dummy file:392 in GaiaApps.displayedApp: app with origin 'app://{802f9476-7752-4c09-b8df-173994616c77}' is displayed
04-26 14:18:17.936 I/Gecko   (   83): 1398547097951	Marionette	INFO	Switched to frame: {"frameValue":null}
04-26 14:18:18.046 I/Gecko   (   83): 1398547098054	Marionette	INFO	sendToClient: {"from":"0","ok":true}, {fb3d20f7-aafc-45c3-a1ab-6a54a81d9b36}, {fb3d20f7-aafc-45c3-a1ab-6a54a81d9b36}
04-26 14:18:18.046 I/Gecko   (   83): 1398547098060	Marionette	DEBUG	Got request: execute, data: {"to":"0","sessionId":"3-b2g","name":"executeScript","parameters":{"specialPowers":false,"scriptTimeout":null,"newSandbox":true,"args":[],"filename":"gaia_test.py","script":"window.wrappedJSObject.dispatchEvent(new Event('home'));","line":788}}, id: {a5fe3937-449f-4072-88f4-d93612d2bee9}
04-26 14:18:18.126 D/Sensors (   83): activate handle=0; drv=0
04-26 14:18:18.136 D/Sensors (   83): Lis3dhSensor: mEnabled = 0
04-26 14:18:18.226 I/Gecko   (   83): 1398547098235	Marionette	INFO	sendToClient: {"from":"0","value":null}, {a5fe3937-449f-4072-88f4-d93612d2bee9}, {a5fe3937-449f-4072-88f4-d93612d2bee9}
04-26 14:18:18.286 I/Gonk    (   83): Setting nice for pid 3816 to 18
04-26 14:18:18.286 I/Gonk    (   83): Changed nice for pid 3816 from 0 to 18.
04-26 14:18:18.376 I/Gonk    (   83): Setting nice for pid 3816 to 18
04-26 14:18:18.376 I/Gonk    (   83): Changed nice for pid 3816 from 18 to 18.
04-26 14:18:18.376 I/Gecko   (   83): [Parent 83] WARNING: waitpid failed pid:3816 errno:10: file ../../../gecko/ipc/chromium/src/base/process_util_posix.cc, line 254
04-26 14:18:18.386 I/Gonk    (   83): Setting nice for pid 3816 to 1
04-26 14:18:18.386 I/Gonk    (   83): Changed nice for pid 3816 from 18 to 1.
04-26 14:18:18.406 I/Gecko   (   83): 1398547098415	Marionette	DEBUG	Got request: switchToFrame, data: {"to":"0","sessionId":"3-b2g","name":"switchToFrame","parameters":{"id":null,"focus":true}}, id: {dd0eb448-9083-47d6-855d-f7ca3174061a}
04-26 14:18:18.416 I/Gecko   (   83): 1398547098426	Marionette	INFO	Switched to frame: {"frameValue":null}
04-26 14:18:18.526 I/Gecko   (   83): 1398547098536	Marionette	INFO	sendToClient: {"from":"0","ok":true}, {dd0eb448-9083-47d6-855d-f7ca3174061a}, {dd0eb448-9083-47d6-855d-f7ca3174061a}
04-26 14:18:18.526 I/Gecko   (   83): 1398547098543	Marionette	DEBUG	Got request: executeWithCallback, data: {"to":"0","sessionId":"3-b2g","name":"executeAsyncScript","parameters":{"specialPowers":false,"scriptTimeout":null,"newSandbox":true,"args":[],"filename":"gaia_test.py","script":"return GaiaApps.displayedApp();","line":66}}, id: {b67fd344-75ee-434f-8eb4-9d250017cd61}
04-26 14:18:18.656 E/GeckoConsole(   83): Content JS LOG at dummy file:392 in GaiaApps.displayedApp: app with origin 'app://homescreen.gaiamobile.org' is displayed
04-26 14:18:18.656 I/Gecko   (   83): 1398547098667	Marionette	INFO	sendToClient: {"from":"0","value":{"frame":{"ELEMENT":"{1c61c76e-a589-4b03-9321-11ebe326a88b}"},"src":"app://homescreen.gaiamobile.org/index.html#root","name":"Homescreen","origin":"app://homescreen.gaiamobile.org"}}, {b67fd344-75ee-434f-8eb4-9d250017cd61}, {b67fd344-75ee-434f-8eb4-9d250017cd61}
04-26 14:18:18.666 I/Gecko   (   83): 1398547098677	Marionette	DEBUG	Got request: switchToFrame, data: {"to":"0","sessionId":"3-b2g","name":"switchToFrame","parameters":{"id":null,"focus":true}}, id: {8df15382-c24d-4d4b-b39e-cee00391fc6f}
04-26 14:18:18.666 I/Gecko   (   83): 1398547098679	Marionette	INFO	Switched to frame: {"frameValue":null}
04-26 14:18:18.876 I/Gecko   (   83): 1398547098887	Marionette	INFO	sendToClient: {"from":"0","ok":true}, {8df15382-c24d-4d4b-b39e-cee00391fc6f}, {8df15382-c24d-4d4b-b39e-cee00391fc6f}
04-26 14:18:18.886 I/Gecko   (   83): 1398547098900	Marionette	DEBUG	Got request: switchToFrame, data: {"to":"0","sessionId":"3-b2g","name":"switchToFrame","parameters":{"id":null,"focus":true}}, id: {5dac1995-aeec-444d-a54b-9339f02bfab7}
04-26 14:18:18.886 I/Gecko   (   83): 1398547098903	Marionette	INFO	Switched to frame: {"frameValue":null}
04-26 14:18:19.236 I/Gecko   (   83): [Parent 83] WARNING: waitpid failed pid:3797 errno:10: file ../../../gecko/ipc/chromium/src/base/process_util_posix.cc, line 254
04-26 14:18:19.236 I/Gecko   (   83): [Parent 83] WARNING: Failed to deliver SIGKILL to 3797!(3).: file ../../../gecko/ipc/chromium/src/chrome/common/process_watcher_posix_sigchld.cc, line 118
04-26 14:18:19.426 E/[Gralloc-ERROR](   83): int gralloc_register_buffer(const gralloc_module_t*, const native_handle_t*):79 Unable to register handle 0x49d33a60 coming from different process: 83
04-26 14:18:19.436 E/[Gralloc-ERROR](   83): int gralloc_register_buffer(const gralloc_module_t*, const native_handle_t*):79 Unable to register handle 0x49d33ec0 coming from different process: 83
04-26 14:18:19.556 I/Gecko   (   83): 1398547099567	Marionette	INFO	sendToClient: {"from":"0","ok":true}, {5dac1995-aeec-444d-a54b-9339f02bfab7}, {5dac1995-aeec-444d-a54b-9339f02bfab7}
04-26 14:18:19.626 I/Gonk    (   83): Setting nice for pid 3824 to 18
04-26 14:18:19.626 I/Gonk    (   83): Changed nice for pid 3824 from 0 to 18.
04-26 14:18:19.826 E/[Gralloc-ERROR](   83): int gralloc_unregister_buffer(const gralloc_module_t*, const native_handle_t*):274 Trying to unregister buffer 0x49d33ec0 from process 83 that was not created in current process: 83
04-26 14:18:19.946 E/[Gralloc-ERROR](   83): int gralloc_unregister_buffer(const gralloc_module_t*, const native_handle_t*):274 Trying to unregister buffer 0x49d33a60 from process 83 that was not created in current process: 83
04-26 14:18:19.956 I/Gecko   (   83): 1398547099967	Marionette	DEBUG	Got request: executeWithCallback, data: {"to":"0","sessionId":"3-b2g","name":"executeAsyncScript","parameters":{"specialPowers":false,"scriptTimeout":null,"newSandbox":true,"args":[],"filename":"gaia_test.py","script":"return GaiaApps.displayedApp();","line":66}}, id: {0eeee037-c3c2-42e6-872b-60e24d41bf41}
04-26 14:18:20.236 I/Gecko   (   83): 1398547100245	Marionette	INFO	sendToClient: {"from":"0","value":{"frame":{"ELEMENT":"{1c61c76e-a589-4b03-9321-11ebe326a88b}"},"src":"app://homescreen.gaiamobile.org/index.html#root","name":"Homescreen","origin":"app://homescreen.gaiamobile.org"}}, {0eeee037-c3c2-42e6-872b-60e24d41bf41}, {0eeee037-c3c2-42e6-872b-60e24d41bf41}
04-26 14:18:20.236 E/GeckoConsole(   83): Content JS LOG at dummy file:392 in GaiaApps.displayedApp: app with origin 'app://homescreen.gaiamobile.org' is displayed
04-26 14:18:20.256 I/Gonk    (   83): Setting nice for pid 3744 to 18
04-26 14:18:20.256 I/Gonk    (   83): Changed nice for pid 3744 from 1 to 18.
04-26 14:18:20.286 I/Gecko   (   83): 1398547100295	Marionette	DEBUG	Got request: switchToFrame, data: {"to":"0","sessionId":"3-b2g","name":"switchToFrame","parameters":{"focus":true,"element":"{1c61c76e-a589-4b03-9321-11ebe326a88b}"}}, id: {3fcbe8e9-70bf-4094-b6a5-2543e513cd4d}
04-26 14:18:20.426 I/Gecko   (   83): 1398547100436	Marionette	INFO	Switched to frame: {"frameValue":"{1c61c76e-a589-4b03-9321-11ebe326a88b}"}
04-26 14:18:20.896 I/Gecko   (   83): 1398547100906	Marionette	INFO	trying remote frame 0
04-26 14:18:20.896 I/Gecko   (   83): 1398547100913	Marionette	INFO	trying remote frame 1
04-26 14:18:20.926 I/Gecko   (   83): 1398547100939	Marionette	INFO	trying remote frame 2
04-26 14:18:20.936 I/Gecko   (   83): 1398547100944	Marionette	INFO	trying remote frame 3
04-26 14:18:20.936 I/Gecko   (   83): 1398547100945	Marionette	INFO	trying remote frame 4
04-26 14:18:20.936 I/Gecko   (   83): 1398547100946	Marionette	INFO	trying remote frame 5
04-26 14:18:20.936 I/Gecko   (   83): 1398547100947	Marionette	INFO	deleting frame
04-26 14:18:20.946 I/Gecko   (   83): 1398547100960	Marionette	INFO	frame-manager load script: [object ChromeMessageSender]
04-26 14:18:21.906 I/Gecko   ( 3816): ###################################### forms.js loaded
04-26 14:18:21.946 I/Gecko   (   83): 
04-26 14:18:21.946 I/Gecko   (   83): ###!!! [Parent][MessageChannel] Error: Channel error: cannot send/recv
04-26 14:18:21.946 I/Gecko   (   83): 
04-26 14:18:21.976 I/Gecko   ( 3816): ############################### browserElementPanning.js loaded
04-26 14:18:22.026 I/GeckoDump(   83): Crash reporter : Can't fetch app.reportCrashes. Exception: [Exception... "Component returned failure code: 0x8000ffff (NS_ERROR_UNEXPECTED) [nsIPrefBranch.getBoolPref]"  nsresult: "0x8000ffff (NS_ERROR_UNEXPECTED)"  location: "JS frame :: chrome://browser/content/shell.js :: shell_reportCrash :: line 7"  data: no]
04-26 14:18:22.036 I/Gecko   (   83): [Parent 83] WARNING: waitpid failed pid:3744 errno:10: file ../../../gecko/ipc/chromium/src/base/process_util_posix.cc, line 254
04-26 14:18:22.046 W/WifiHW  (   83): wifi_command: SIGNAL_POLL
04-26 14:18:22.066 I/Gecko   ( 3816): ######################## BrowserElementChildPreload.js loaded
04-26 14:18:23.366 I/Gecko   (   83): 1398547103383	Marionette	INFO	sendToClient: {"from":"0","ok":true}, {3fcbe8e9-70bf-4094-b6a5-2543e513cd4d}, {3fcbe8e9-70bf-4094-b6a5-2543e513cd4d}
04-26 14:18:23.796 I/Gecko   (   83): 1398547103812	Marionette	INFO	sendToClient: {"from":"0","value":"app://homescreen.gaiamobile.org/index.html#root"}, {ab224046-ce1a-4cc4-81a3-eb1d29d0d489}, {ab224046-ce1a-4cc4-81a3-eb1d29d0d489}
04-26 14:18:23.806 I/Gecko   (   83): 1398547103819	Marionette	DEBUG	Got request: switchToFrame, data: {"to":"0","sessionId":"3-b2g","name":"switchToFrame","parameters":{"id":null,"focus":true}}, id: {5d05aa40-93de-4479-9052-9dcb29b9cafd}
04-26 14:18:23.876 I/Gecko   (   83): 1398547103887	Marionette	INFO	Switched to frame: {"frameValue":null}
04-26 14:18:23.986 I/Gecko   (   83): 1398547103993	Marionette	INFO	sendToClient: {"from":"0","ok":true}, {5d05aa40-93de-4479-9052-9dcb29b9cafd}, {5d05aa40-93de-4479-9052-9dcb29b9cafd}
04-26 14:18:23.986 I/Gecko   (   83): 1398547103999	Marionette	DEBUG	Got request: switchToFrame, data: {"to":"0","sessionId":"3-b2g","name":"switchToFrame","parameters":{"id":null,"focus":true}}, id: {2ffd5ebe-7edb-4508-9f81-b0ea21f9837d}
04-26 14:18:23.986 I/Gecko   (   83): 1398547104001	Marionette	INFO	Switched to frame: {"frameValue":null}
04-26 14:18:24.036 I/Gecko   (   83): [Parent 83] WARNING: waitpid failed pid:3744 errno:10: file ../../../gecko/ipc/chromium/src/base/process_util_posix.cc, line 254
04-26 14:18:24.036 I/Gecko   (   83): [Parent 83] WARNING: Failed to deliver SIGKILL to 3744!(3).: file ../../../gecko/ipc/chromium/src/chrome/common/process_watcher_posix_sigchld.cc, line 118
04-26 14:18:24.096 I/Gecko   (   83): 1398547104107	Marionette	INFO	sendToClient: {"from":"0","ok":true}, {2ffd5ebe-7edb-4508-9f81-b0ea21f9837d}, {2ffd5ebe-7edb-4508-9f81-b0ea21f9837d}
04-26 14:18:24.106 I/Gecko   (   83): 1398547104115	Marionette	DEBUG	Got request: executeWithCallback, data: {"to":"0","sessionId":"3-b2g","name":"executeAsyncScript","parameters":{"specialPowers":false,"scriptTimeout":null,"newSandbox":true,"args":[],"filename":"gaia_test.py","script":"GaiaApps.killAll()","line":91}}, id: {88717e6a-2579-4f27-8876-28781b7e77bc}
04-26 14:18:24.216 I/Gecko   (   83): 1398547104226	Marionette	INFO	sendToClient: {"from":"0","value":true}, {88717e6a-2579-4f27-8876-28781b7e77bc}, {88717e6a-2579-4f27-8876-28781b7e77bc}
04-26 14:18:24.216 I/Gecko   (   83): 1398547104233	Marionette	DEBUG	Got request: switchToFrame, data: {"to":"0","sessionId":"3-b2g","name":"switchToFrame","parameters":{"id":null,"focus":true}}, id: {474afe27-49e2-4df4-a7a9-ba69892a5354}
04-26 14:18:24.226 I/Gecko   (   83): 1398547104235	Marionette	INFO	Switched to frame: {"frameValue":null}
04-26 14:18:24.326 I/Gecko   (   83): 1398547104337	Marionette	INFO	sendToClient: {"from":"0","ok":true}, {474afe27-49e2-4df4-a7a9-ba69892a5354}, {474afe27-49e2-4df4-a7a9-ba69892a5354}
04-26 14:18:24.336 I/Gecko   (   83): 1398547104345	Marionette	DEBUG	Got request: executeWithCallback, data: {"to":"0","sessionId":"3-b2g","name":"executeAsyncScript","parameters":{"specialPowers":false,"scriptTimeout":60000,"newSandbox":true,"args":[],"filename":"app_checker.py","script":"\n        GaiaApps.locateWithManifestURL('https://marketplace.firefox.com/app/31a36bf2-09ce-4367-806a-de1e0c6c1a1b/manifest.webapp',\n                                       null,\n                                       function uninstall(app) {\n                                       navigator.mozApps.mgmt.uninstall(app);\n                                       marionetteScriptFinished(true);\n                                       });\n        ","line":129}}, id: {243a050c-b007-4922-a571-dc96e3f7e14c}
04-26 14:18:24.406 I/Gecko   (   83): -- webapps.js uninstall https://marketplace.firefox.com/app/31a36bf2-09ce-4367-806a-de1e0c6c1a1b/manifest.webapp
04-26 14:18:24.976 I/Gecko   (   83): 1398547104984	Marionette	INFO	sendToClient: {"from":"0","value":true}, {243a050c-b007-4922-a571-dc96e3f7e14c}, {243a050c-b007-4922-a571-dc96e3f7e14c}