--------- beginning of /dev/log/main
04-25 20:33:09.433 I/Gecko   (   83): 1398483189435	Marionette	INFO	sendToClient: {"from":"0","ok":true}, {e7799a0c-428c-430a-8022-79ce601ca397}, {e7799a0c-428c-430a-8022-79ce601ca397}
04-25 20:33:09.453 I/Gecko   (   83): 1398483189462	Marionette	DEBUG	Got request: switchToFrame, data: {"to":"0","sessionId":"3-b2g","name":"switchToFrame","parameters":{"id":null,"focus":true}}, id: {8d16f853-ddd2-4937-848f-bf362af44251}
04-25 20:33:09.463 I/Gecko   (   83): 1398483189464	Marionette	INFO	Switched to frame: {"frameValue":null}
04-25 20:33:09.683 I/Gecko   (   83): 1398483189688	Marionette	INFO	sendToClient: {"from":"0","ok":true}, {8d16f853-ddd2-4937-848f-bf362af44251}, {8d16f853-ddd2-4937-848f-bf362af44251}
04-25 20:33:09.713 I/Gecko   (   83): 1398483189716	Marionette	DEBUG	Got request: executeWithCallback, data: {"to":"0","sessionId":"3-b2g","name":"executeAsyncScript","parameters":{"specialPowers":false,"scriptTimeout":null,"newSandbox":true,"args":[],"filename":"gaia_test.py","script":"return GaiaApps.displayedApp();","line":66}}, id: {578f9b25-be51-4ee4-ab6e-2e57a4727530}
04-25 20:33:09.803 E/GeckoConsole(   83): Content JS LOG at dummy file:392 in GaiaApps.displayedApp: app with origin 'app://homescreen.gaiamobile.org' is displayed
04-25 20:33:09.813 I/Gecko   (   83): 1398483189814	Marionette	INFO	sendToClient: {"from":"0","value":{"frame":{"ELEMENT":"{e5f049c4-81fc-49d3-8c16-b8473fab80b5}"},"src":"app://homescreen.gaiamobile.org/index.html#root","name":"Homescreen","origin":"app://homescreen.gaiamobile.org"}}, {578f9b25-be51-4ee4-ab6e-2e57a4727530}, {578f9b25-be51-4ee4-ab6e-2e57a4727530}
04-25 20:33:09.813 I/Gecko   (   83): 1398483189820	Marionette	DEBUG	Got request: switchToFrame, data: {"to":"0","sessionId":"3-b2g","name":"switchToFrame","parameters":{"id":null,"focus":true}}, id: {8263ae90-9d9a-43c7-bcdd-a931ab080d91}
04-25 20:33:09.823 I/Gecko   (   83): 1398483189823	Marionette	INFO	Switched to frame: {"frameValue":null}
04-25 20:33:09.923 V/AudioPolicyManagerBase(   88): startOutput() output 1, stream 1, session 5
04-25 20:33:09.923 V/AudioPolicyManagerBase(   88): changeRefCount() stream 1, count 1
04-25 20:33:09.923 V/AudioPolicyManagerBase(   88): getDeviceForStrategy() from cache strategy 0, device 2
04-25 20:33:09.923 V/AudioPolicyManagerBase(   88): getNewDevice() selected device 2
04-25 20:33:09.923 D/AudioPolicyManagerBase(   88): setOutputDevice() output 1 device 2 delayMs 0
04-25 20:33:09.923 V/AudioPolicyManagerBase(   88): setOutputDevice() setting same device 2 or null device for output 1
04-25 20:33:09.923 E/AudioPolicyManagerBase(   88): checkAndSetVolume stream=1, index=0, output=1, device=2
04-25 20:33:09.923 E/AudioPolicyManagerBase(   88): computeVolume, streamDesc=0x1b72bb8
04-25 20:33:09.923 I/Gecko   (   83): 1398483189928	Marionette	INFO	sendToClient: {"from":"0","ok":true}, {8263ae90-9d9a-43c7-bcdd-a931ab080d91}, {8263ae90-9d9a-43c7-bcdd-a931ab080d91}
04-25 20:33:09.933 I/Gecko   (   83): 1398483189938	Marionette	DEBUG	Got request: switchToFrame, data: {"to":"0","sessionId":"3-b2g","name":"switchToFrame","parameters":{"id":null,"focus":true}}, id: {9cc7dc77-35a7-4fc9-8c65-5c5078ae2fa4}
04-25 20:33:09.943 I/Gecko   (   83): 1398483189944	Marionette	INFO	Switched to frame: {"frameValue":null}
04-25 20:33:09.983 W/AudioFlinger(   88): Thread AudioOut_1 cannot connect to the power manager service
04-25 20:33:09.983 V/AudioPolicyManagerBase(   88): stopOutput() output 1, stream 1, session 5
04-25 20:33:09.983 V/AudioPolicyManagerBase(   88): changeRefCount() stream 1, count 0
04-25 20:33:09.983 V/AudioPolicyManagerBase(   88): getNewDevice() selected device 0
04-25 20:33:09.983 D/AudioPolicyManagerBase(   88): setOutputDevice() output 1 device 0 delayMs 290
04-25 20:33:09.983 V/AudioPolicyManagerBase(   88): setOutputDevice() setting same device 0 or null device for output 1
04-25 20:33:09.983 V/AudioPolicyManagerBase(   88): releaseOutput() 1
04-25 20:33:10.043 I/Gecko   (   83): 1398483190048	Marionette	INFO	sendToClient: {"from":"0","ok":true}, {9cc7dc77-35a7-4fc9-8c65-5c5078ae2fa4}, {9cc7dc77-35a7-4fc9-8c65-5c5078ae2fa4}
04-25 20:33:10.053 I/Gecko   (   83): 1398483190055	Marionette	DEBUG	Got request: executeWithCallback, data: {"to":"0","sessionId":"3-b2g","name":"executeAsyncScript","parameters":{"specialPowers":false,"scriptTimeout":null,"newSandbox":true,"args":[],"filename":"gaia_test.py","script":"return GaiaApps.displayedApp();","line":66}}, id: {a1fe6439-ec69-4129-ba3e-75416d20cc69}
04-25 20:33:10.103 I/Gecko   (   83): 1398483190112	Marionette	INFO	sendToClient: {"from":"0","value":{"frame":{"ELEMENT":"{e5f049c4-81fc-49d3-8c16-b8473fab80b5}"},"src":"app://homescreen.gaiamobile.org/index.html#root","name":"Homescreen","origin":"app://homescreen.gaiamobile.org"}}, {a1fe6439-ec69-4129-ba3e-75416d20cc69}, {a1fe6439-ec69-4129-ba3e-75416d20cc69}
04-25 20:33:10.113 E/GeckoConsole(   83): Content JS LOG at dummy file:392 in GaiaApps.displayedApp: app with origin 'app://homescreen.gaiamobile.org' is displayed
04-25 20:33:10.123 I/Gecko   (   83): 1398483190128	Marionette	DEBUG	Got request: switchToFrame, data: {"to":"0","sessionId":"3-b2g","name":"switchToFrame","parameters":{"focus":true,"element":"{e5f049c4-81fc-49d3-8c16-b8473fab80b5}"}}, id: {12e83f1c-69fa-4861-b52f-3850e01bdf30}
04-25 20:33:10.143 I/Gecko   (   83): 1398483190150	Marionette	INFO	Switched to frame: {"frameValue":"{e5f049c4-81fc-49d3-8c16-b8473fab80b5}"}
04-25 20:33:10.153 I/Gecko   (   83): 1398483190162	Marionette	INFO	trying remote frame 0
04-25 20:33:10.173 I/Gecko   (   83): 1398483190178	Marionette	INFO	deleting frame
04-25 20:33:10.193 I/Gecko   (   83): 1398483190196	Marionette	INFO	frame-manager load script: [object ChromeMessageSender]
04-25 20:33:10.433 I/Gecko   (   83): 1398483190436	Marionette	INFO	sendToClient: {"from":"0","ok":true}, {12e83f1c-69fa-4861-b52f-3850e01bdf30}, {12e83f1c-69fa-4861-b52f-3850e01bdf30}
04-25 20:33:10.483 I/Gecko   (   83): 1398483190487	Marionette	INFO	sendToClient: {"from":"0","value":{"ELEMENT":"{e0ea0360-08ee-40db-a440-37f8a59f2c46}"}}, {40644cec-e4f7-4a67-876b-e2718b3084c3}, {40644cec-e4f7-4a67-876b-e2718b3084c3}
04-25 20:33:10.573 E/GeckoConsole(  954): [JavaScript Warning: "Use of getAttributeNode() is deprecated. Use getAttribute() instead." {file: "chrome://marionette/content/atoms.js" line: 25}]
04-25 20:33:10.573 E/GeckoConsole(  954): [JavaScript Warning: "Use of attributes' specified attribute is deprecated. It always returns true." {file: "chrome://marionette/content/atoms.js" line: 25}]
04-25 20:33:10.573 I/Gecko   (   83): 1398483190581	Marionette	INFO	sendToClient: {"from":"0","value":"normal"}, {9822323e-9626-46af-b39a-e15803203eed}, {9822323e-9626-46af-b39a-e15803203eed}
04-25 20:33:10.583 I/Gecko   (   83): 1398483190588	Marionette	DEBUG	Got request: switchToFrame, data: {"to":"0","sessionId":"3-b2g","name":"switchToFrame","parameters":{"id":null,"focus":true}}, id: {9b7e3930-5c60-46ed-8d33-43d813cf47b3}
04-25 20:33:10.593 I/Gecko   (   83): 1398483190602	Marionette	INFO	Switched to frame: {"frameValue":null}
04-25 20:33:10.703 I/Gecko   (   83): 1398483190704	Marionette	INFO	sendToClient: {"from":"0","ok":true}, {9b7e3930-5c60-46ed-8d33-43d813cf47b3}, {9b7e3930-5c60-46ed-8d33-43d813cf47b3}
04-25 20:33:10.723 I/Gecko   (   83): 1398483190725	Marionette	DEBUG	Got request: execute, data: {"to":"0","sessionId":"3-b2g","name":"executeScript","parameters":{"specialPowers":false,"scriptTimeout":null,"newSandbox":true,"args":[],"filename":"gaia_test.py","script":"window.wrappedJSObject.dispatchEvent(new Event('home'));","line":788}}, id: {d3fecb68-00a1-4a0d-8730-a5f233813998}
04-25 20:33:10.813 I/Gecko   (   83): 1398483190814	Marionette	INFO	sendToClient: {"from":"0","value":null}, {d3fecb68-00a1-4a0d-8730-a5f233813998}, {d3fecb68-00a1-4a0d-8730-a5f233813998}
04-25 20:33:10.893 I/Gecko   (   83): 1398483190896	Marionette	DEBUG	Got request: switchToFrame, data: {"to":"0","sessionId":"3-b2g","name":"switchToFrame","parameters":{"id":null,"focus":true}}, id: {5202ab25-a7c2-4858-8e5d-f2444fc8d0a4}
04-25 20:33:10.893 I/Gecko   (   83): 1398483190903	Marionette	INFO	Switched to frame: {"frameValue":null}
04-25 20:33:11.003 I/Gecko   (   83): 1398483191007	Marionette	INFO	sendToClient: {"from":"0","ok":true}, {5202ab25-a7c2-4858-8e5d-f2444fc8d0a4}, {5202ab25-a7c2-4858-8e5d-f2444fc8d0a4}
04-25 20:33:11.013 I/Gecko   (   83): 1398483191014	Marionette	DEBUG	Got request: switchToFrame, data: {"to":"0","sessionId":"3-b2g","name":"switchToFrame","parameters":{"id":null,"focus":true}}, id: {cdae14ff-2deb-47ef-9ffd-e1364533b12b}
04-25 20:33:11.013 I/Gecko   (   83): 1398483191016	Marionette	INFO	Switched to frame: {"frameValue":null}
04-25 20:33:11.123 I/Gecko   (   83): 1398483191133	Marionette	INFO	sendToClient: {"from":"0","ok":true}, {cdae14ff-2deb-47ef-9ffd-e1364533b12b}, {cdae14ff-2deb-47ef-9ffd-e1364533b12b}
04-25 20:33:11.133 I/Gecko   (   83): 1398483191143	Marionette	DEBUG	Got request: executeWithCallback, data: {"to":"0","sessionId":"3-b2g","name":"executeAsyncScript","parameters":{"specialPowers":false,"scriptTimeout":null,"newSandbox":true,"args":[],"filename":"gaia_test.py","script":"return GaiaApps.displayedApp();","line":66}}, id: {38c4c983-cd5d-4605-9d28-e5bd7a9705e1}
04-25 20:33:11.203 I/Gecko   (   83): 1398483191213	Marionette	INFO	sendToClient: {"from":"0","value":{"frame":{"ELEMENT":"{e5f049c4-81fc-49d3-8c16-b8473fab80b5}"},"src":"app://homescreen.gaiamobile.org/index.html#rootFri%20Apr%2025%202014%2020:33:10%20GMT-0700%20(UTC)","name":"Homescreen","origin":"app://homescreen.gaiamobile.org"}}, {38c4c983-cd5d-4605-9d28-e5bd7a9705e1}, {38c4c983-cd5d-4605-9d28-e5bd7a9705e1}
04-25 20:33:11.213 E/GeckoConsole(   83): Content JS LOG at dummy file:392 in GaiaApps.displayedApp: app with origin 'app://homescreen.gaiamobile.org' is displayed
04-25 20:33:11.223 I/Gecko   (   83): 1398483191227	Marionette	DEBUG	Got request: switchToFrame, data: {"to":"0","sessionId":"3-b2g","name":"switchToFrame","parameters":{"focus":true,"element":"{e5f049c4-81fc-49d3-8c16-b8473fab80b5}"}}, id: {8e7075b5-35f2-4a24-8183-d06ba17beaa9}
04-25 20:33:11.223 I/Gecko   (   83): 1398483191232	Marionette	INFO	Switched to frame: {"frameValue":"{e5f049c4-81fc-49d3-8c16-b8473fab80b5}"}
04-25 20:33:11.233 I/Gecko   (   83): 1398483191239	Marionette	INFO	trying remote frame 0
04-25 20:33:11.303 I/Gecko   (   83): 1398483191309	Marionette	INFO	sendToClient: {"from":"0","ok":true}, {8e7075b5-35f2-4a24-8183-d06ba17beaa9}, {8e7075b5-35f2-4a24-8183-d06ba17beaa9}
04-25 20:33:11.313 I/Gecko   (   83): 1398483191317	Marionette	DEBUG	Got request: execute, data: {"to":"0","sessionId":"3-b2g","name":"executeScript","parameters":{"specialPowers":false,"scriptTimeout":null,"newSandbox":true,"args":[],"filename":"gaia_test.py","script":"return window.wrappedJSObject.GridManager.pageHelper.getCurrentPageNumber();","line":784}}, id: {cef9454e-46f5-4585-9da9-b79da878b915}
04-25 20:33:11.633 I/Gecko   (   83): 1398483191635	Marionette	INFO	sendToClient: {"from":"0","value":0}, {cef9454e-46f5-4585-9da9-b79da878b915}, {cef9454e-46f5-4585-9da9-b79da878b915}
04-25 20:33:11.803 I/Gecko   (   83): 1398483191812	Marionette	INFO	sendToClient: {"from":"0","value":["{05d6648f-d7e9-4552-8288-b365fb1f6b6e}","{ce5ad10a-ecfe-42fb-86dc-6b17be5fbe64}","{315acc92-cfef-4812-b9ee-58adb9cedffc}","{680d6edb-efa2-4372-bbe7-cf9547622db3}","{587bd83b-6d32-44ef-822d-7d3fe0cde142}","{61028463-2fee-40e5-8424-083834b65e88}","{adc69f26-30d5-455b-8d75-1568462bc8ac}","{095f21d4-42a5-4c2a-a12f-a0a4e0fa0b73}","{9536a2b7-ab30-4fac-a2e5-25f5e5a76c47}","{f90b51f4-8e8b-43e5-9ff7-c6ac350e72ac}","{0c786c90-4b69-41d6-935b-998b042c67bf}","{e17875e2-14bc-4e07-9832-0ea0cfb9da41}","{d44173fe-cfb0-45d1-ad35-17eae9444a06}","{736ea1eb-a52c-499b-b009-3278e70f555d}","{34933bce-778f-4ae1-a053-029c82e1823f}","{f134403d-400f-4a21-bf4d-7d92d240e8b1}","{9d70f40a-4f8e-438a-8462-9e0190e1ddec}","{d5e60cec-d98e-4438-8b01-04c91cd62111}","{c8abc9ee-ada2-418c-bd95-b66ffe0a13e4}","{369d6472-a6e5-4afa-984a-142d5dda0bd8}","{2882f387-69b4-4e44-bab2-b4bb7b6e8a38}"]}, {619e2e0f-5a47-4cad-8a72-c0d9504e6042}, {619e2e0f-5a47-4cad-8a72-c0d9504e6042}
04-25 20:33:12.063 I/Gecko   (   83): 1398483192065	Marionette	INFO	sendToClient: {"from":"0","value":"app://homescreen.gaiamobile.org/index.html#rootFri%20Apr%2025%202014%2020:33:10%20GMT-0700%20(UTC)"}, {f1eb5daa-74a4-48fc-bf2b-620f69ba1508}, {f1eb5daa-74a4-48fc-bf2b-620f69ba1508}
04-25 20:33:12.103 I/Gecko   (   83): 1398483192105	Marionette	DEBUG	Got request: switchToFrame, data: {"to":"0","sessionId":"3-b2g","name":"switchToFrame","parameters":{"id":null,"focus":true}}, id: {376346ce-3bf9-4c0d-9835-8cdf909a1c16}
04-25 20:33:12.123 I/Gecko   (   83): 1398483192127	Marionette	INFO	Switched to frame: {"frameValue":null}
04-25 20:33:12.233 I/Gecko   (   83): 1398483192238	Marionette	INFO	sendToClient: {"from":"0","ok":true}, {376346ce-3bf9-4c0d-9835-8cdf909a1c16}, {376346ce-3bf9-4c0d-9835-8cdf909a1c16}
04-25 20:33:12.293 I/Gecko   (   83): 1398483192295	Marionette	DEBUG	Got request: switchToFrame, data: {"to":"0","sessionId":"3-b2g","name":"switchToFrame","parameters":{"id":null,"focus":true}}, id: {ce8ffaf1-cc46-40f6-8d69-ed9beb22f19e}
04-25 20:33:12.293 I/Gecko   (   83): 1398483192297	Marionette	INFO	Switched to frame: {"frameValue":null}
04-25 20:33:12.393 I/Gecko   (   83): 1398483192398	Marionette	INFO	sendToClient: {"from":"0","ok":true}, {ce8ffaf1-cc46-40f6-8d69-ed9beb22f19e}, {ce8ffaf1-cc46-40f6-8d69-ed9beb22f19e}
04-25 20:33:12.403 I/Gecko   (   83): 1398483192405	Marionette	DEBUG	Got request: executeWithCallback, data: {"to":"0","sessionId":"3-b2g","name":"executeAsyncScript","parameters":{"specialPowers":false,"scriptTimeout":30000,"newSandbox":true,"args":[],"filename":"app_checker.py","script":"GaiaApps.launchWithManifestURL('https://marketplace.firefox.com/app/2fa2c228-c9e0-4e96-93a4-881ff8515814/manifest.webapp')","line":106}}, id: {f01042b2-de8a-4beb-97f2-9b05a6765114}
04-25 20:33:12.533 I/Gonk    (   83): Setting nice for pid 963 to 18
04-25 20:33:12.533 I/Gonk    (   83): Changed nice for pid 963 from 18 to 18.
04-25 20:33:12.543 I/Gecko   (   83): [Parent 83] WARNING: waitpid failed pid:963 errno:10: file ../../../gecko/ipc/chromium/src/base/process_util_posix.cc, line 254
04-25 20:33:12.573 I/Gonk    (   83): Setting nice for pid 963 to 1
04-25 20:33:12.573 I/Gonk    (   83): Changed nice for pid 963 from 18 to 1.
04-25 20:33:12.613 E/GeckoConsole(   83): Content JS LOG at dummy file:334 in GaiaApps.launch: launching app with name 'Logo Quiz'
04-25 20:33:13.013 E/[Gralloc-ERROR](   83): int gralloc_register_buffer(const gralloc_module_t*, const native_handle_t*):79 Unable to register handle 0x45e98a60 coming from different process: 83
04-25 20:33:13.043 E/[Gralloc-ERROR](   83): int gralloc_register_buffer(const gralloc_module_t*, const native_handle_t*):79 Unable to register handle 0x45e98b00 coming from different process: 83
04-25 20:33:13.083 D/Sensors (   83): activate handle=0; drv=0
04-25 20:33:13.093 D/Sensors (   83): Lis3dhSensor: Control set 1
04-25 20:33:13.093 D/Sensors (   83): Lis3dhSensor: mEnabled = 1
04-25 20:33:13.193 I/Gonk    (   83): Setting nice for pid 954 to 18
04-25 20:33:13.193 I/Gonk    (   83): Changed nice for pid 954 from 1 to 18.
04-25 20:33:14.313 W/WifiHW  (   83): wifi_command: SIGNAL_POLL
04-25 20:33:14.943 I/Gecko   (  963): ###################################### forms.js loaded
04-25 20:33:14.963 I/Gecko   (  963): ############################### browserElementPanning.js loaded
04-25 20:33:14.993 I/Gecko   (  963): ######################## BrowserElementChildPreload.js loaded
04-25 20:33:15.293 I/Gonk    (   83): Setting nice for pid 1012 to 18
04-25 20:33:15.293 I/Gonk    (   83): Changed nice for pid 1012 from 0 to 18.
04-25 20:33:16.393 E/GeckoConsole(  963): [JavaScript Warning: "Unknown property '-moz-border-radius'.  Declaration dropped." {file: "app://{9bd52e96-9985-413a-b11c-d09f04a8042b}/css/style.css" line: 65 column: 19 source: "	-moz-border-radius: 5px;"}]
04-25 20:33:16.393 E/GeckoConsole(  963): [JavaScript Warning: "Unknown property '-moz-border-radius'.  Declaration dropped." {file: "app://{9bd52e96-9985-413a-b11c-d09f04a8042b}/css/style.css" line: 88 column: 19 source: "	-moz-border-radius: 10px;"}]
04-25 20:33:16.393 E/GeckoConsole(  963): [JavaScript Warning: "Unknown property '-moz-box-shadow'.  Declaration dropped." {file: "app://{9bd52e96-9985-413a-b11c-d09f04a8042b}/css/style.css" line: 90 column: 16 source: "	-moz-box-shadow: 0 1px 3px rgba(0,0,0,0.5);"}]
04-25 20:33:16.403 E/GeckoConsole(  963): [JavaScript Warning: "Unknown property '-moz-border-radius'.  Declaration dropped." {file: "app://{9bd52e96-9985-413a-b11c-d09f04a8042b}/css/style.css" line: 113 column: 19 source: "	-moz-border-radius: 10px;"}]
04-25 20:33:16.403 E/GeckoConsole(  963): [JavaScript Warning: "Dangling combinator.  Ruleset ignored due to bad selector." {file: "app://{9bd52e96-9985-413a-b11c-d09f04a8042b}/css/style.css" line: 176 column: 13 source: "<!-- FUENTES -->"}]
04-25 20:33:17.313 E/GeckoConsole(   83): Content JS LOG at dummy file:326 in GaiaApps.launch/appOpen/<: app with origin 'app://{9bd52e96-9985-413a-b11c-d09f04a8042b}' has launched
04-25 20:33:17.323 I/Gecko   (   83): 1398483197324	Marionette	INFO	sendToClient: {"from":"0","value":{"frame":{"ELEMENT":"{f8be34ab-e1cf-4b93-b89f-5154d1a83e8c}"},"src":"app://{9bd52e96-9985-413a-b11c-d09f04a8042b}/index.html","name":"Logo Quiz","origin":"app://{9bd52e96-9985-413a-b11c-d09f04a8042b}"}}, {f01042b2-de8a-4beb-97f2-9b05a6765114}, {f01042b2-de8a-4beb-97f2-9b05a6765114}
04-25 20:33:17.443 E/[Gralloc-ERROR](   83): int gralloc_unregister_buffer(const gralloc_module_t*, const native_handle_t*):274 Trying to unregister buffer 0x45e98a60 from process 83 that was not created in current process: 83
04-25 20:33:17.443 E/[Gralloc-ERROR](   83): int gralloc_unregister_buffer(const gralloc_module_t*, const native_handle_t*):274 Trying to unregister buffer 0x45e98b00 from process 83 that was not created in current process: 83
04-25 20:33:17.443 I/Gecko   (   83): 1398483197452	Marionette	DEBUG	Got request: switchToFrame, data: {"to":"0","sessionId":"3-b2g","name":"switchToFrame","parameters":{"focus":true,"element":"{f8be34ab-e1cf-4b93-b89f-5154d1a83e8c}"}}, id: {ceb9aaad-5dec-454f-bf15-b467ad49b1dd}
04-25 20:33:17.453 I/Gecko   (   83): 1398483197460	Marionette	INFO	Switched to frame: {"frameValue":"{f8be34ab-e1cf-4b93-b89f-5154d1a83e8c}"}
04-25 20:33:17.463 I/Gecko   (   83): 1398483197465	Marionette	INFO	trying remote frame 0
04-25 20:33:17.463 I/Gecko   (   83): 1398483197466	Marionette	INFO	trying remote frame 1
04-25 20:33:17.483 I/Gecko   (   83): 1398483197484	Marionette	INFO	frame-manager load script: [object ChromeMessageSender]
04-25 20:33:18.283 I/Gecko   (   83): 1398483198286	Marionette	INFO	sendToClient: {"from":"0","ok":true}, {ceb9aaad-5dec-454f-bf15-b467ad49b1dd}, {ceb9aaad-5dec-454f-bf15-b467ad49b1dd}
04-25 20:33:18.333 I/Gecko   (   83): 1398483198336	Marionette	INFO	sendToClient: {"from":"0","value":"app://{9bd52e96-9985-413a-b11c-d09f04a8042b}/index.html"}, {d830d847-6c08-456d-a9d0-5eca42a0fcb4}, {d830d847-6c08-456d-a9d0-5eca42a0fcb4}
04-25 20:33:18.333 I/Gecko   (   83): 1398483198342	Marionette	DEBUG	Got request: execute, data: {"to":"0","sessionId":"3-b2g","name":"executeScript","parameters":{"specialPowers":false,"scriptTimeout":null,"newSandbox":true,"args":[],"filename":"app_checker.py","script":"return window.document.readyState;","line":191}}, id: {2546ed6f-4b9b-4294-9e9d-6b1d7c4fcb09}
04-25 20:33:18.373 I/Gecko   (   83): 1398483198377	Marionette	INFO	sendToClient: {"from":"0","value":"complete"}, {2546ed6f-4b9b-4294-9e9d-6b1d7c4fcb09}, {2546ed6f-4b9b-4294-9e9d-6b1d7c4fcb09}
04-25 20:33:18.383 I/Gecko   (   83): 1398483198385	Marionette	INFO	sendToClient: {"from":"0","value":"app://{9bd52e96-9985-413a-b11c-d09f04a8042b}/index.html"}, {610531ae-2782-411f-ab14-018c98f79d41}, {610531ae-2782-411f-ab14-018c98f79d41}
04-25 20:33:18.403 I/Gecko   (  963): Attempting load of libEGL.so
04-25 20:33:18.453 D/libEGL  (  963): loaded /system/lib/egl/libEGL_mali.so
04-25 20:33:18.473 D/libEGL  (  963): loaded /system/lib/egl/libGLESv1_CM_mali.so
04-25 20:33:18.473 D/libEGL  (  963): loaded /system/lib/egl/libGLESv2_mali.so
04-25 20:33:18.503 I/Gecko   (  963): SharedSurface_Gralloc::Create -------
04-25 20:33:18.503 I/Gecko   (  963): SharedSurface_Gralloc::Create: success -- surface 0x43985b00, GraphicBuffer 0x43957e80.
04-25 20:33:18.613 I/Gecko   (   83): 
04-25 20:33:18.613 I/Gecko   (   83): ###!!! [Parent][MessageChannel] Error: Channel error: cannot send/recv
04-25 20:33:18.613 I/Gecko   (   83): 
04-25 20:33:18.703 I/Gecko   (   83): [Parent 83] WARNING: waitpid failed pid:954 errno:10: file ../../../gecko/ipc/chromium/src/base/process_util_posix.cc, line 254
04-25 20:33:19.343 I/Gecko   (   83): 1398483199348	Marionette	INFO	sendToClient: {"from":"0","value":"iVBORw0KGgoAAAANSUhEUgAAAUAAAAHgCAYAAADUjLREAAAgAElEQVR4nOydZ1hTZxuAj4q17tHapXVrq9a6J6KgIENQUXErIEPrqnWLe9Taav1aO1wddttqh3uLKG5kIyBuBBGRDSEEcn8/IBgiYSYE9X2u675Cwjkn65w7z7slFDIMRzYoKB2qyNK4rxna9s/Wsr2yFK9FWcjz6ypK+j5EGC4KO19LGtkFHU+u5XrK1HKeKHV83SaBIqF4yBJA8SA/Mh2TchtSbpUK6bkRYEkRAhShr9C7AJWFoG3751SAqfdKLT8DCjADFFmlE5cQYPHehwjDhd4FWFKeUwGmR0PqnWdNgNrS9BKiCiFAERUthAApFwGm3S+T/AwkQF18oWoniBCgiIoWQoBUGAGmRUL6fUi/C+m3npBqEAGWsdgrBFj89yHCcCEESIURYHpU7vaRILv1hPIToBKQFUxZGkEqCjo5QYtBeUhWRPGjpN9flpbjKNHTOZSlh2tZBooUii2/DC0ClOtCgHcgTV12DyAlshgZoRBg6cnW18laDIQAK1boUoB6Oc8qgAAzCxBghq4ywGgNAd6FlGI2iKQJAZaO0hSPhQCfz9CnAEt9rinI6WGRoadruYQCVElQ5/LLFWB6VCHk1vUZrhFErbX3eRFgQYgi8IsZuhIg6PAcUujpWi6DABW5AszUtQALEaN6XV/5ClD9l0fti3leBVieRWIhwIoVuhKgqg5QJ+dRBRagTur9iiIKZLfzC1Ctvk/PAszQ+ALUvpjnRYDZlL7VWQjw+QpdCrCgbUslxBdMgOlROR2hU+9QYEuvinTtEtSjAFUoDSMMQwO6laUQ4NNRkCQM/TmVxw+kUk6BCUW2PsVXUulpCFAndYAFyE0WWfD/8rrBFF4XKAQoBPhshrbuI4buFykE+DQ6q/+7XYAA74HsvhBghUPXF4MQYP4orJ
04-25 20:33:19.383 W/WifiHW  (   83): wifi_command: SIGNAL_POLL
04-25 20:33:19.673 I/Gecko   (   83): 1398483199677	Marionette	INFO	sendToClient: {"from":"0","ok":true}, {13e621e3-2096-4207-b0f9-afe28b6a3e20}, {13e621e3-2096-4207-b0f9-afe28b6a3e20}
04-25 20:33:19.683 I/Gecko   (   83): 1398483199686	Marionette	DEBUG	Got request: switchToFrame, data: {"to":"0","sessionId":"3-b2g","name":"switchToFrame","parameters":{"id":null,"focus":true}}, id: {4159411b-c8c9-42a5-b190-90226ae9e7ed}
04-25 20:33:19.703 I/Gecko   (   83): 1398483199707	Marionette	INFO	Switched to frame: {"frameValue":null}
04-25 20:33:19.803 I/Gecko   (   83): 1398483199809	Marionette	INFO	sendToClient: {"from":"0","ok":true}, {4159411b-c8c9-42a5-b190-90226ae9e7ed}, {4159411b-c8c9-42a5-b190-90226ae9e7ed}
04-25 20:33:19.813 I/Gecko   (   83): 1398483199816	Marionette	DEBUG	Got request: executeWithCallback, data: {"to":"0","sessionId":"3-b2g","name":"executeAsyncScript","parameters":{"specialPowers":false,"scriptTimeout":null,"newSandbox":true,"args":[],"filename":"gaia_test.py","script":"return GaiaApps.displayedApp();","line":66}}, id: {aa31bff4-df0b-4a40-90dd-758cb852cee6}
04-25 20:33:19.883 I/Gecko   (   83): 1398483199887	Marionette	INFO	sendToClient: {"from":"0","value":{"frame":{"ELEMENT":"{f8be34ab-e1cf-4b93-b89f-5154d1a83e8c}"},"src":"app://{9bd52e96-9985-413a-b11c-d09f04a8042b}/index.html","name":"Logo Quiz","origin":"app://{9bd52e96-9985-413a-b11c-d09f04a8042b}"}}, {aa31bff4-df0b-4a40-90dd-758cb852cee6}, {aa31bff4-df0b-4a40-90dd-758cb852cee6}
04-25 20:33:19.883 E/GeckoConsole(   83): Content JS LOG at dummy file:392 in GaiaApps.displayedApp: app with origin 'app://{9bd52e96-9985-413a-b11c-d09f04a8042b}' is displayed
04-25 20:33:19.893 I/Gecko   (   83): 1398483199896	Marionette	DEBUG	Got request: switchToFrame, data: {"to":"0","sessionId":"3-b2g","name":"switchToFrame","parameters":{"id":null,"focus":true}}, id: {ca7703a0-defd-4972-933d-cadc0005a3f8}
04-25 20:33:19.893 I/Gecko   (   83): 1398483199897	Marionette	INFO	Switched to frame: {"frameValue":null}
04-25 20:33:19.993 I/Gecko   (   83): 1398483200000	Marionette	INFO	sendToClient: {"from":"0","ok":true}, {ca7703a0-defd-4972-933d-cadc0005a3f8}, {ca7703a0-defd-4972-933d-cadc0005a3f8}
04-25 20:33:20.003 I/Gecko   (   83): 1398483200007	Marionette	DEBUG	Got request: execute, data: {"to":"0","sessionId":"3-b2g","name":"executeScript","parameters":{"specialPowers":false,"scriptTimeout":null,"newSandbox":true,"args":[],"filename":"gaia_test.py","script":"window.wrappedJSObject.dispatchEvent(new Event('home'));","line":788}}, id: {01946963-7fb3-4038-ba6e-11f58ecf5f9b}
04-25 20:33:20.103 I/Gonk    (   83): Setting nice for pid 1012 to 18
04-25 20:33:20.103 I/Gonk    (   83): Changed nice for pid 1012 from 18 to 18.
04-25 20:33:20.113 I/Gecko   (   83): [Parent 83] WARNING: waitpid failed pid:1012 errno:10: file ../../../gecko/ipc/chromium/src/base/process_util_posix.cc, line 254
04-25 20:33:20.113 I/Gonk    (   83): Setting nice for pid 1012 to 1
04-25 20:33:20.113 I/Gonk    (   83): Changed nice for pid 1012 from 18 to 1.
04-25 20:33:20.253 D/Sensors (   83): activate handle=0; drv=0
04-25 20:33:20.273 D/Sensors (   83): Lis3dhSensor: Control set 0
04-25 20:33:20.273 D/Sensors (   83): Lis3dhSensor: mEnabled = 0
04-25 20:33:20.713 I/Gecko   (   83): [Parent 83] WARNING: waitpid failed pid:954 errno:10: file ../../../gecko/ipc/chromium/src/base/process_util_posix.cc, line 254
04-25 20:33:20.713 I/Gecko   (   83): [Parent 83] WARNING: Failed to deliver SIGKILL to 954!(3).: file ../../../gecko/ipc/chromium/src/chrome/common/process_watcher_posix_sigchld.cc, line 118
04-25 20:33:20.713 I/Gecko   (   83): 1398483200718	Marionette	INFO	sendToClient: {"from":"0","value":null}, {01946963-7fb3-4038-ba6e-11f58ecf5f9b}, {01946963-7fb3-4038-ba6e-11f58ecf5f9b}
04-25 20:33:20.773 E/[Gralloc-ERROR](   83): int gralloc_register_buffer(const gralloc_module_t*, const native_handle_t*):79 Unable to register handle 0x434e81f0 coming from different process: 83
04-25 20:33:20.773 E/[Gralloc-ERROR](   83): int gralloc_register_buffer(const gralloc_module_t*, const native_handle_t*):79 Unable to register handle 0x434e82e0 coming from different process: 83
04-25 20:33:20.923 I/Gecko   (   83): 1398483200925	Marionette	DEBUG	Got request: switchToFrame, data: {"to":"0","sessionId":"3-b2g","name":"switchToFrame","parameters":{"id":null,"focus":true}}, id: {e0c85a9a-eac5-4dbe-9e3b-a0ee62979137}
04-25 20:33:20.923 I/Gecko   (   83): 1398483200927	Marionette	INFO	Switched to frame: {"frameValue":null}
04-25 20:33:21.053 I/Gecko   (   83): 1398483201061	Marionette	INFO	sendToClient: {"from":"0","ok":true}, {e0c85a9a-eac5-4dbe-9e3b-a0ee62979137}, {e0c85a9a-eac5-4dbe-9e3b-a0ee62979137}
04-25 20:33:21.083 I/Gecko   (   83): 1398483201085	Marionette	DEBUG	Got request: executeWithCallback, data: {"to":"0","sessionId":"3-b2g","name":"executeAsyncScript","parameters":{"specialPowers":false,"scriptTimeout":null,"newSandbox":true,"args":[],"filename":"gaia_test.py","script":"return GaiaApps.displayedApp();","line":66}}, id: {f657592b-02b2-41f7-a3d9-0bf91a597039}
04-25 20:33:21.263 E/GeckoConsole(   83): Content JS LOG at dummy file:392 in GaiaApps.displayedApp: app with origin 'app://homescreen.gaiamobile.org' is displayed
04-25 20:33:21.273 I/Gecko   (   83): 1398483201275	Marionette	INFO	sendToClient: {"from":"0","value":{"frame":{"ELEMENT":"{5c592f97-80f7-461e-9653-d5b6a18bd5c7}"},"src":"app://homescreen.gaiamobile.org/index.html#root","name":"Homescreen","origin":"app://homescreen.gaiamobile.org"}}, {f657592b-02b2-41f7-a3d9-0bf91a597039}, {f657592b-02b2-41f7-a3d9-0bf91a597039}
04-25 20:33:21.903 I/Gonk    (   83): Setting nice for pid 1033 to 18
04-25 20:33:21.913 I/Gonk    (   83): Changed nice for pid 1033 from 0 to 18.
04-25 20:33:21.993 E/[Gralloc-ERROR](   83): int gralloc_unregister_buffer(const gralloc_module_t*, const native_handle_t*):274 Trying to unregister buffer 0x434e82e0 from process 83 that was not created in current process: 83
04-25 20:33:21.993 E/[Gralloc-ERROR](   83): int gralloc_unregister_buffer(const gralloc_module_t*, const native_handle_t*):274 Trying to unregister buffer 0x434e81f0 from process 83 that was not created in current process: 83
04-25 20:33:22.053 I/Gecko   (   83): 1398483202055	Marionette	DEBUG	Got request: switchToFrame, data: {"to":"0","sessionId":"3-b2g","name":"switchToFrame","parameters":{"id":null,"focus":true}}, id: {74f7db9c-3d09-4f1d-b271-e84989a49848}
04-25 20:33:22.053 I/Gecko   (   83): 1398483202063	Marionette	INFO	Switched to frame: {"frameValue":null}
04-25 20:33:22.153 I/Gonk    (   83): Setting nice for pid 963 to 18
04-25 20:33:22.153 I/Gonk    (   83): Changed nice for pid 963 from 1 to 18.
04-25 20:33:22.163 I/Gecko   (   83): 1398483202172	Marionette	INFO	sendToClient: {"from":"0","ok":true}, {74f7db9c-3d09-4f1d-b271-e84989a49848}, {74f7db9c-3d09-4f1d-b271-e84989a49848}
04-25 20:33:22.193 I/Gecko   (   83): 1398483202198	Marionette	DEBUG	Got request: switchToFrame, data: {"to":"0","sessionId":"3-b2g","name":"switchToFrame","parameters":{"id":null,"focus":true}}, id: {31b66c37-89ca-4278-a42a-de95a944b4ad}
04-25 20:33:22.213 I/Gecko   (   83): 1398483202214	Marionette	INFO	Switched to frame: {"frameValue":null}
04-25 20:33:23.093 I/Gecko   (   83): 1398483203100	Marionette	INFO	sendToClient: {"from":"0","ok":true}, {31b66c37-89ca-4278-a42a-de95a944b4ad}, {31b66c37-89ca-4278-a42a-de95a944b4ad}
04-25 20:33:23.113 I/Gecko   (   83): 1398483203121	Marionette	DEBUG	Got request: executeWithCallback, data: {"to":"0","sessionId":"3-b2g","name":"executeAsyncScript","parameters":{"specialPowers":false,"scriptTimeout":null,"newSandbox":true,"args":[],"filename":"gaia_test.py","script":"return GaiaApps.displayedApp();","line":66}}, id: {d1a406b1-066e-4768-88fc-c42ddda483b8}
04-25 20:33:23.263 E/GeckoConsole(   83): Content JS LOG at dummy file:392 in GaiaApps.displayedApp: app with origin 'app://homescreen.gaiamobile.org' is displayed
04-25 20:33:23.263 I/Gecko   (   83): 1398483203267	Marionette	INFO	sendToClient: {"from":"0","value":{"frame":{"ELEMENT":"{5c592f97-80f7-461e-9653-d5b6a18bd5c7}"},"src":"app://homescreen.gaiamobile.org/index.html#root","name":"Homescreen","origin":"app://homescreen.gaiamobile.org"}}, {d1a406b1-066e-4768-88fc-c42ddda483b8}, {d1a406b1-066e-4768-88fc-c42ddda483b8}
04-25 20:33:23.273 I/Gecko   (   83): 1398483203280	Marionette	DEBUG	Got request: switchToFrame, data: {"to":"0","sessionId":"3-b2g","name":"switchToFrame","parameters":{"focus":true,"element":"{5c592f97-80f7-461e-9653-d5b6a18bd5c7}"}}, id: {d45aebc0-5d60-43f9-9d59-59dbab00f26c}
04-25 20:33:23.293 I/Gecko   (   83): 1398483203294	Marionette	INFO	Switched to frame: {"frameValue":"{5c592f97-80f7-461e-9653-d5b6a18bd5c7}"}
04-25 20:33:23.313 I/Gecko   (   83): 1398483203316	Marionette	INFO	trying remote frame 0
04-25 20:33:23.313 I/Gecko   (   83): 1398483203317	Marionette	INFO	deleting frame
04-25 20:33:23.313 I/Gecko   (   83): 1398483203318	Marionette	INFO	trying remote frame 1
04-25 20:33:23.323 I/Gecko   (   83): 1398483203324	Marionette	INFO	frame-manager load script: [object ChromeMessageSender]
04-25 20:33:23.433 I/Gecko   ( 1012): ###################################### forms.js loaded
04-25 20:33:23.463 I/Gecko   ( 1012): ############################### browserElementPanning.js loaded
04-25 20:33:23.493 I/Gecko   ( 1012): ######################## BrowserElementChildPreload.js loaded
04-25 20:33:23.843 I/Gecko   (   83): [Parent 83] WARNING: pipe error (123): Connection reset by peer: file ../../../gecko/ipc/chromium/src/chrome/common/ipc_channel_posix.cc, line 446
04-25 20:33:23.863 I/Gecko   (   83): 
04-25 20:33:23.863 I/Gecko   (   83): ###!!! [Parent][MessageChannel] Error: Channel error: cannot send/recv
04-25 20:33:23.863 I/Gecko   (   83): 
04-25 20:33:23.913 I/Gecko   (   83): [Parent 83] WARNING: waitpid failed pid:963 errno:10: file ../../../gecko/ipc/chromium/src/base/process_util_posix.cc, line 254
04-25 20:33:24.333 W/WifiHW  (   83): wifi_command: SIGNAL_POLL
04-25 20:33:24.553 I/Gecko   (   83): 1398483204555	Marionette	INFO	sendToClient: {"from":"0","ok":true}, {d45aebc0-5d60-43f9-9d59-59dbab00f26c}, {d45aebc0-5d60-43f9-9d59-59dbab00f26c}
04-25 20:33:24.763 I/Gecko   (   83): 1398483204771	Marionette	INFO	sendToClient: {"from":"0","value":"app://homescreen.gaiamobile.org/index.html#root"}, {097e22bf-d359-46fe-9fde-8685b3e77348}, {097e22bf-d359-46fe-9fde-8685b3e77348}
04-25 20:33:24.773 I/Gecko   (   83): 1398483204778	Marionette	DEBUG	Got request: switchToFrame, data: {"to":"0","sessionId":"3-b2g","name":"switchToFrame","parameters":{"id":null,"focus":true}}, id: {fde0fb27-3e11-4204-96d0-a49cbbd8f690}
04-25 20:33:24.783 I/Gecko   (   83): 1398483204790	Marionette	INFO	Switched to frame: {"frameValue":null}
04-25 20:33:24.893 I/Gecko   (   83): 1398483204894	Marionette	INFO	sendToClient: {"from":"0","ok":true}, {fde0fb27-3e11-4204-96d0-a49cbbd8f690}, {fde0fb27-3e11-4204-96d0-a49cbbd8f690}
04-25 20:33:24.893 I/Gecko   (   83): 1398483204900	Marionette	DEBUG	Got request: switchToFrame, data: {"to":"0","sessionId":"3-b2g","name":"switchToFrame","parameters":{"id":null,"focus":true}}, id: {7ad8def8-7e8a-4f25-9eea-d2966f1d8334}
04-25 20:33:24.893 I/Gecko   (   83): 1398483204902	Marionette	INFO	Switched to frame: {"frameValue":null}
04-25 20:33:25.003 I/Gecko   (   83): 1398483205004	Marionette	INFO	sendToClient: {"from":"0","ok":true}, {7ad8def8-7e8a-4f25-9eea-d2966f1d8334}, {7ad8def8-7e8a-4f25-9eea-d2966f1d8334}
04-25 20:33:25.003 I/Gecko   (   83): 1398483205011	Marionette	DEBUG	Got request: executeWithCallback, data: {"to":"0","sessionId":"3-b2g","name":"executeAsyncScript","parameters":{"specialPowers":false,"scriptTimeout":null,"newSandbox":true,"args":[],"filename":"gaia_test.py","script":"GaiaApps.killAll()","line":91}}, id: {620397f4-e39b-40d0-959a-66d3a207a01c}
04-25 20:33:25.053 I/Gecko   (   83): 1398483205057	Marionette	INFO	sendToClient: {"from":"0","value":true}, {620397f4-e39b-40d0-959a-66d3a207a01c}, {620397f4-e39b-40d0-959a-66d3a207a01c}
04-25 20:33:25.063 I/Gecko   (   83): 1398483205063	Marionette	DEBUG	Got request: switchToFrame, data: {"to":"0","sessionId":"3-b2g","name":"switchToFrame","parameters":{"id":null,"focus":true}}, id: {ba6eb20d-1ae2-43f4-b559-b88c46e5dc2f}
04-25 20:33:25.063 I/Gecko   (   83): 1398483205066	Marionette	INFO	Switched to frame: {"frameValue":null}
04-25 20:33:25.163 I/Gecko   (   83): 1398483205169	Marionette	INFO	sendToClient: {"from":"0","ok":true}, {ba6eb20d-1ae2-43f4-b559-b88c46e5dc2f}, {ba6eb20d-1ae2-43f4-b559-b88c46e5dc2f}
04-25 20:33:25.173 I/Gecko   (   83): 1398483205176	Marionette	DEBUG	Got request: executeWithCallback, data: {"to":"0","sessionId":"3-b2g","name":"executeAsyncScript","parameters":{"specialPowers":false,"scriptTimeout":60000,"newSandbox":true,"args":[],"filename":"app_checker.py","script":"\n        GaiaApps.locateWithManifestURL('https://marketplace.firefox.com/app/2fa2c228-c9e0-4e96-93a4-881ff8515814/manifest.webapp',\n                                       null,\n                                       function uninstall(app) {\n                                       navigator.mozApps.mgmt.uninstall(app);\n                                       marionetteScriptFinished(true);\n                                       });\n        ","line":129}}, id: {f089ae2a-91e4-4f60-a9c9-958d4f586bec}
04-25 20:33:25.223 I/Gecko   (   83): -- webapps.js uninstall https://marketplace.firefox.com/app/2fa2c228-c9e0-4e96-93a4-881ff8515814/manifest.webapp
04-25 20:33:25.473 I/Gecko   (   83): 1398483205478	Marionette	INFO	sendToClient: {"from":"0","value":true}, {f089ae2a-91e4-4f60-a9c9-958d4f586bec}, {f089ae2a-91e4-4f60-a9c9-958d4f586bec}