04-26 18:08:52.213 E/[Gralloc-ERROR](   83): int gralloc_unregister_buffer(const gralloc_module_t*, const native_handle_t*):274 Trying to unregister buffer 0x45deeba0 from process 83 that was not created in current process: 83
04-26 18:08:52.213 E/[Gralloc-ERROR](   83): int gralloc_unregister_buffer(const gralloc_module_t*, const native_handle_t*):274 Trying to unregister buffer 0x45deece0 from process 83 that was not created in current process: 83
04-26 18:08:52.213 E/[Gralloc-ERROR](   83): int gralloc_unregister_buffer(const gralloc_module_t*, const native_handle_t*):274 Trying to unregister buffer 0x45deec40 from process 83 that was not created in current process: 83
04-26 18:08:52.213 I/Gecko   (   83): [Parent 83] WARNING: waitpid failed pid:2545 errno:10: file ../../../gecko/ipc/chromium/src/base/process_util_posix.cc, line 254
04-26 18:08:52.223 I/Gecko   ( 2568): SharedSurface_Gralloc::Create -------
04-26 18:08:52.223 I/Gecko   (   83): 1398560932232	Marionette	DEBUG	Got request: switchToFrame, data: {"to":"0","sessionId":"3-b2g","name":"switchToFrame","parameters":{"focus":true,"element":"{b3bcac38-a357-4c42-a3d5-3d2fead9d7f9}"}}, id: {d82b40c1-ae62-42ec-bc58-bcb2a04a5246}
04-26 18:08:52.223 I/Gecko   ( 2568): SharedSurface_Gralloc::Create: success -- surface 0x435fb800, GraphicBuffer 0x43602d00.
04-26 18:08:52.243 I/Gecko   (   83): 1398560932251	Marionette	INFO	Switched to frame: {"frameValue":"{b3bcac38-a357-4c42-a3d5-3d2fead9d7f9}"}
04-26 18:08:52.253 I/Gecko   (   83): 1398560932260	Marionette	INFO	trying remote frame 0
04-26 18:08:52.253 I/Gecko   (   83): 1398560932261	Marionette	INFO	trying remote frame 1
04-26 18:08:52.253 I/Gecko   (   83): 1398560932262	Marionette	INFO	trying remote frame 2
04-26 18:08:52.253 I/Gecko   (   83): 1398560932263	Marionette	INFO	deleting frame
04-26 18:08:52.273 I/Gecko   (   83): 1398560932277	Marionette	INFO	frame-manager load script: [object ChromeMessageSender]
04-26 18:08:52.363 I/Gecko   ( 2568): SharedSurface_Gralloc::Create -------
04-26 18:08:52.363 I/Gecko   ( 2568): SharedSurface_Gralloc::Create: success -- surface 0x43622f40, GraphicBuffer 0x43602b80.
04-26 18:08:52.773 I/Gecko   (   83): 1398560932785	Marionette	INFO	sendToClient: {"from":"0","ok":true}, {d82b40c1-ae62-42ec-bc58-bcb2a04a5246}, {d82b40c1-ae62-42ec-bc58-bcb2a04a5246}
04-26 18:08:52.803 I/Gecko   ( 2568): SharedSurface_Gralloc::Create -------
04-26 18:08:52.813 I/Gecko   ( 2568): SharedSurface_Gralloc::Create: success -- surface 0x43dd1b00, GraphicBuffer 0x43db5c00.
04-26 18:08:52.843 I/Gecko   (   83): 1398560932852	Marionette	INFO	sendToClient: {"from":"0","value":"app://{a404bce0-33b3-4b6b-98da-a0b253a34023}/index.html"}, {c26ae542-eea5-4c23-8e70-9e5b850824f3}, {c26ae542-eea5-4c23-8e70-9e5b850824f3}
04-26 18:08:52.853 I/Gecko   (   83): 1398560932859	Marionette	DEBUG	Got request: execute, data: {"to":"0","sessionId":"3-b2g","name":"executeScript","parameters":{"specialPowers":false,"scriptTimeout":null,"newSandbox":true,"args":[],"filename":"app_checker.py","script":"return window.document.readyState;","line":191}}, id: {783e17fd-6bb5-4e3d-82d2-c3065c86890c}
04-26 18:08:52.933 I/Gecko   (   83): 1398560932938	Marionette	INFO	sendToClient: {"from":"0","value":"complete"}, {783e17fd-6bb5-4e3d-82d2-c3065c86890c}, {783e17fd-6bb5-4e3d-82d2-c3065c86890c}
04-26 18:08:52.973 I/Gecko   (   83): 1398560932981	Marionette	INFO	sendToClient: {"from":"0","value":"app://{a404bce0-33b3-4b6b-98da-a0b253a34023}/index.html"}, {c7d88537-29b7-4e33-8f98-d53a86e40e06}, {c7d88537-29b7-4e33-8f98-d53a86e40e06}
04-26 18:08:53.073 I/Gecko   ( 2568): SharedSurface_Gralloc::Create -------
04-26 18:08:53.103 I/Gecko   ( 2568): SharedSurface_Gralloc::Create: success -- surface 0x43df0840, GraphicBuffer 0x4328aa80.
04-26 18:08:53.693 I/Gecko   (   83): 1398560933698	Marionette	INFO	sendToClient: {"from":"0","value":"iVBORw0KGgoAAAANSUhEUgAAAUAAAAHMCAYAAACk4nEJAAAgAElEQVR4nOzd+Xdb933nf/whtURJFPcF3KndkmzJsizJlqzFWrmD2HfgXuwLCdyLHeCmxZIlktqd2E5jSdYSJ3aSTpNpp+2cZs53cjJJ3Z5vejqZE0+bpG3ic17zw70AQe2UeAmAeP/wOEpkgaak4JnP+34+90LW2CgHIYSUI1ljYzMIIaQcUQAJIWWLAkgIKVsUQEJI2aIAEkLKFgWQEFK2KICEkLJFASSElC0KICGkbFEACSFliwJICClbFEBCSNmiABJCyhYFkBBStiiAhJCyRQEk8zQ3t2Dr1u3YvXsPWlraFvx6ubwVr7++E2+9tRdtbR0v9D1s3LgZ7e2dBf+zyP55bNu2/aV+P6R4UQCXoba2DmQyY/jqq6/w1Vf/iK+++kecOHHqqa/p7l6P8+cv4F/+5V/wzTff4JtvvsF//ud/4m//9u/Q3z/4zH/n7t1v4aOPPsbXX3+de/2f/vQn/P3f/wwGgxFNTfLn/v6vXr2Gr7/+GteuXcfBg4ef+3XpdCb3+32SaDT2XF+rvb0TExOT+PWvf537/fzxj3/ET37yExw/fqLgf8dkcVAAl5mBgUH84he/yL1pswYGnhyxnTt34R/+4R8eeU0+j8f3xNdbLDb84Q9/eOrrQ6Hwc33/69dvxO9+97vc6yKR6HP/3i9c+OCp38M333wDlnU88+usW7cBf/d3//2JX6O3t6/gf89kccgaG5pBSt+2ba/h0+9++sQ37UD/4BNfe/78hdyv+/X//2t8+OG38PHHn+CPf/xj7ud/97vfYdPGzY99/ZEjR/Gv//qv+Oabb/BXf/XXOHv2HM6fv4Df/va3udf/+7//O9rbOp/5++D5SO41v//977Fh/abn/jPID+Bvf/tbfOc7f/6IPW/te+bX+eyzu/NWfTMzs3
04-26 18:08:53.773 W/WifiHW  (   83): wifi_command: SIGNAL_POLL
04-26 18:08:54.133 I/Gecko   (   83): 1398560934138	Marionette	INFO	sendToClient: {"from":"0","ok":true}, {737d0874-683f-45d4-9497-10660c94c51e}, {737d0874-683f-45d4-9497-10660c94c51e}
04-26 18:08:54.143 I/Gecko   (   83): 1398560934149	Marionette	DEBUG	Got request: switchToFrame, data: {"to":"0","sessionId":"3-b2g","name":"switchToFrame","parameters":{"id":null,"focus":true}}, id: {fe8d1964-7b66-43d8-9e3c-a8ec904c8756}
04-26 18:08:54.153 I/Gecko   (   83): 1398560934165	Marionette	INFO	Switched to frame: {"frameValue":null}
04-26 18:08:54.213 I/Gecko   (   83): [Parent 83] WARNING: waitpid failed pid:2545 errno:10: file ../../../gecko/ipc/chromium/src/base/process_util_posix.cc, line 254
04-26 18:08:54.213 I/Gecko   (   83): [Parent 83] WARNING: Failed to deliver SIGKILL to 2545!(3).: file ../../../gecko/ipc/chromium/src/chrome/common/process_watcher_posix_sigchld.cc, line 118
04-26 18:08:54.263 I/Gecko   (   83): 1398560934268	Marionette	INFO	sendToClient: {"from":"0","ok":true}, {fe8d1964-7b66-43d8-9e3c-a8ec904c8756}, {fe8d1964-7b66-43d8-9e3c-a8ec904c8756}
04-26 18:08:54.263 I/Gecko   (   83): 1398560934276	Marionette	DEBUG	Got request: executeWithCallback, data: {"to":"0","sessionId":"3-b2g","name":"executeAsyncScript","parameters":{"specialPowers":false,"scriptTimeout":null,"newSandbox":true,"args":[],"filename":"gaia_test.py","script":"return GaiaApps.displayedApp();","line":66}}, id: {4d4264ed-b505-4c27-b30f-82ae63e3785f}
04-26 18:08:54.353 I/Gecko   (   83): 1398560934366	Marionette	INFO	sendToClient: {"from":"0","value":{"frame":{"ELEMENT":"{b3bcac38-a357-4c42-a3d5-3d2fead9d7f9}"},"src":"app://{a404bce0-33b3-4b6b-98da-a0b253a34023}/index.html","name":"Magic Balls","origin":"app://{a404bce0-33b3-4b6b-98da-a0b253a34023}"}}, {4d4264ed-b505-4c27-b30f-82ae63e3785f}, {4d4264ed-b505-4c27-b30f-82ae63e3785f}
04-26 18:08:54.363 I/Gecko   (   83): 1398560934372	Marionette	DEBUG	Got request: switchToFrame, data: {"to":"0","sessionId":"3-b2g","name":"switchToFrame","parameters":{"id":null,"focus":true}}, id: {2a19ad50-384e-4995-ac23-483e34c7e515}
04-26 18:08:54.373 E/GeckoConsole(   83): Content JS LOG at dummy file:392 in GaiaApps.displayedApp: app with origin 'app://{a404bce0-33b3-4b6b-98da-a0b253a34023}' is displayed
04-26 18:08:54.373 I/Gecko   (   83): 1398560934385	Marionette	INFO	Switched to frame: {"frameValue":null}
04-26 18:08:54.483 I/Gecko   (   83): 1398560934489	Marionette	INFO	sendToClient: {"from":"0","ok":true}, {2a19ad50-384e-4995-ac23-483e34c7e515}, {2a19ad50-384e-4995-ac23-483e34c7e515}
04-26 18:08:54.493 I/Gecko   (   83): 1398560934498	Marionette	DEBUG	Got request: execute, data: {"to":"0","sessionId":"3-b2g","name":"executeScript","parameters":{"specialPowers":false,"scriptTimeout":null,"newSandbox":true,"args":[],"filename":"gaia_test.py","script":"window.wrappedJSObject.dispatchEvent(new Event('home'));","line":788}}, id: {b56ba8bd-42a7-478f-aa93-ecced31044e1}
04-26 18:08:54.703 D/Sensors (   83): activate handle=0; drv=0
04-26 18:08:54.713 D/Sensors (   83): Lis3dhSensor: Control set 0
04-26 18:08:54.713 D/Sensors (   83): Lis3dhSensor: mEnabled = 0
04-26 18:08:54.863 I/Gonk    (   83): Setting nice for pid 2624 to 18
04-26 18:08:54.873 I/Gonk    (   83): Changed nice for pid 2624 from 0 to 18.
04-26 18:08:54.893 I/Gecko   (   83): 1398560934899	Marionette	INFO	sendToClient: {"from":"0","value":null}, {b56ba8bd-42a7-478f-aa93-ecced31044e1}, {b56ba8bd-42a7-478f-aa93-ecced31044e1}
04-26 18:08:55.023 I/Gonk    (   83): Setting nice for pid 2624 to 18
04-26 18:08:55.023 I/Gonk    (   83): Changed nice for pid 2624 from 0 to 18.
04-26 18:08:55.023 I/Gecko   (   83): [Parent 83] WARNING: waitpid failed pid:2624 errno:10: file ../../../gecko/ipc/chromium/src/base/process_util_posix.cc, line 254
04-26 18:08:55.053 I/Gonk    (   83): Setting nice for pid 2624 to 1
04-26 18:08:55.053 I/Gonk    (   83): Changed nice for pid 2624 from 18 to 1.
04-26 18:08:55.083 I/Gecko   (   83): 1398560935095	Marionette	DEBUG	Got request: switchToFrame, data: {"to":"0","sessionId":"3-b2g","name":"switchToFrame","parameters":{"id":null,"focus":true}}, id: {396b2d26-fe80-4110-9dd0-05482d0a45fb}
04-26 18:08:55.093 I/Gecko   (   83): 1398560935102	Marionette	INFO	Switched to frame: {"frameValue":null}
04-26 18:08:55.203 I/Gecko   (   83): 1398560935210	Marionette	INFO	sendToClient: {"from":"0","ok":true}, {396b2d26-fe80-4110-9dd0-05482d0a45fb}, {396b2d26-fe80-4110-9dd0-05482d0a45fb}
04-26 18:08:55.203 I/Gecko   (   83): 1398560935217	Marionette	DEBUG	Got request: executeWithCallback, data: {"to":"0","sessionId":"3-b2g","name":"executeAsyncScript","parameters":{"specialPowers":false,"scriptTimeout":null,"newSandbox":true,"args":[],"filename":"gaia_test.py","script":"return GaiaApps.displayedApp();","line":66}}, id: {9989a05f-1583-4440-aebf-29b9e86be0bd}
04-26 18:08:55.323 E/GeckoConsole(   83): Content JS LOG at dummy file:392 in GaiaApps.displayedApp: app with origin 'app://homescreen.gaiamobile.org' is displayed
04-26 18:08:55.323 I/Gecko   (   83): 1398560935334	Marionette	INFO	sendToClient: {"from":"0","value":{"frame":{"ELEMENT":"{27057f66-9cd7-4d53-bca7-7580b5b2c8ed}"},"src":"app://homescreen.gaiamobile.org/index.html#root","name":"Homescreen","origin":"app://homescreen.gaiamobile.org"}}, {9989a05f-1583-4440-aebf-29b9e86be0bd}, {9989a05f-1583-4440-aebf-29b9e86be0bd}
04-26 18:08:55.343 I/Gecko   (   83): 1398560935340	Marionette	DEBUG	Got request: switchToFrame, data: {"to":"0","sessionId":"3-b2g","name":"switchToFrame","parameters":{"id":null,"focus":true}}, id: {25c70594-2d47-4e5e-9455-ffa0871e69ba}
04-26 18:08:55.343 I/Gecko   (   83): 1398560935353	Marionette	INFO	Switched to frame: {"frameValue":null}
04-26 18:08:55.463 I/Gecko   (   83): 1398560935469	Marionette	INFO	sendToClient: {"from":"0","ok":true}, {25c70594-2d47-4e5e-9455-ffa0871e69ba}, {25c70594-2d47-4e5e-9455-ffa0871e69ba}
04-26 18:08:55.473 I/Gecko   (   83): 1398560935483	Marionette	DEBUG	Got request: switchToFrame, data: {"to":"0","sessionId":"3-b2g","name":"switchToFrame","parameters":{"id":null,"focus":true}}, id: {ebb14900-69c3-4f11-8bc0-4090910ebd15}
04-26 18:08:55.483 I/Gecko   (   83): 1398560935489	Marionette	INFO	Switched to frame: {"frameValue":null}
04-26 18:08:55.533 I/Gonk    (   83): Setting nice for pid 2634 to 18
04-26 18:08:55.533 I/Gonk    (   83): Changed nice for pid 2634 from 0 to 18.
04-26 18:08:55.613 I/Gecko   (   83): 1398560935622	Marionette	INFO	sendToClient: {"from":"0","ok":true}, {ebb14900-69c3-4f11-8bc0-4090910ebd15}, {ebb14900-69c3-4f11-8bc0-4090910ebd15}
04-26 18:08:55.683 I/Gecko   (   83): 1398560935693	Marionette	DEBUG	Got request: executeWithCallback, data: {"to":"0","sessionId":"3-b2g","name":"executeAsyncScript","parameters":{"specialPowers":false,"scriptTimeout":null,"newSandbox":true,"args":[],"filename":"gaia_test.py","script":"return GaiaApps.displayedApp();","line":66}}, id: {95b3fcc5-f0b8-453f-88f7-7c557d9462fa}
04-26 18:08:56.013 E/GeckoConsole(   83): Content JS LOG at dummy file:392 in GaiaApps.displayedApp: app with origin 'app://homescreen.gaiamobile.org' is displayed
04-26 18:08:56.013 I/Gecko   (   83): 1398560936025	Marionette	INFO	sendToClient: {"from":"0","value":{"frame":{"ELEMENT":"{27057f66-9cd7-4d53-bca7-7580b5b2c8ed}"},"src":"app://homescreen.gaiamobile.org/index.html#root","name":"Homescreen","origin":"app://homescreen.gaiamobile.org"}}, {95b3fcc5-f0b8-453f-88f7-7c557d9462fa}, {95b3fcc5-f0b8-453f-88f7-7c557d9462fa}
04-26 18:08:56.043 E/[Gralloc-ERROR](   83): int gralloc_register_buffer(const gralloc_module_t*, const native_handle_t*):79 Unable to register handle 0x46050650 coming from different process: 83
04-26 18:08:56.043 E/[Gralloc-ERROR](   83): int gralloc_register_buffer(const gralloc_module_t*, const native_handle_t*):79 Unable to register handle 0x460506f0 coming from different process: 83
04-26 18:08:56.313 E/[Gralloc-ERROR](   83): int gralloc_unregister_buffer(const gralloc_module_t*, const native_handle_t*):274 Trying to unregister buffer 0x460506f0 from process 83 that was not created in current process: 83
04-26 18:08:56.313 E/[Gralloc-ERROR](   83): int gralloc_unregister_buffer(const gralloc_module_t*, const native_handle_t*):274 Trying to unregister buffer 0x46050650 from process 83 that was not created in current process: 83
04-26 18:08:56.333 I/Gecko   (   83): 1398560936331	Marionette	DEBUG	Got request: switchToFrame, data: {"to":"0","sessionId":"3-b2g","name":"switchToFrame","parameters":{"focus":true,"element":"{27057f66-9cd7-4d53-bca7-7580b5b2c8ed}"}}, id: {8077d5cb-f868-4f64-ad12-34252c489425}
04-26 18:08:56.343 I/Gecko   (   83): 1398560936349	Marionette	INFO	Switched to frame: {"frameValue":"{27057f66-9cd7-4d53-bca7-7580b5b2c8ed}"}
04-26 18:08:56.353 I/Gecko   (   83): 1398560936361	Marionette	INFO	trying remote frame 0
04-26 18:08:56.353 I/Gecko   (   83): 1398560936367	Marionette	INFO	trying remote frame 1
04-26 18:08:56.383 I/Gecko   (   83): 1398560936388	Marionette	INFO	trying remote frame 2
04-26 18:08:56.383 I/Gecko   (   83): 1398560936389	Marionette	INFO	deleting frame
04-26 18:08:56.393 I/Gecko   (   83): 1398560936402	Marionette	INFO	frame-manager load script: [object ChromeMessageSender]
04-26 18:08:56.713 I/Gonk    (   83): Setting nice for pid 2568 to 18
04-26 18:08:56.713 I/Gonk    (   83): Changed nice for pid 2568 from 1 to 18.
04-26 18:08:56.963 I/log     ( 2642): <4>0[ 1080.498547] select 2568 (Magic Balls), adj 10, size 6300, to kill 
04-26 18:08:57.543 I/Gecko   ( 2624): ###################################### forms.js loaded
04-26 18:08:57.553 I/Gecko   ( 2624): ############################### browserElementPanning.js loaded
04-26 18:08:57.583 I/Gecko   ( 2624): ######################## BrowserElementChildPreload.js loaded
04-26 18:08:57.603 I/Gecko   (   83): 
04-26 18:08:57.603 I/Gecko   (   83): ###!!! [Parent][MessageChannel] Error: Channel error: cannot send/recv
04-26 18:08:57.603 I/Gecko   (   83): 
04-26 18:08:57.673 I/GeckoDump(   83): Crash reporter : Can't fetch app.reportCrashes. Exception: [Exception... "Component returned failure code: 0x8000ffff (NS_ERROR_UNEXPECTED) [nsIPrefBranch.getBoolPref]"  nsresult: "0x8000ffff (NS_ERROR_UNEXPECTED)"  location: "JS frame :: chrome://browser/content/shell.js :: shell_reportCrash :: line 7"  data: no]
04-26 18:08:57.683 I/Gecko   (   83): [Parent 83] WARNING: waitpid failed pid:2568 errno:10: file ../../../gecko/ipc/chromium/src/base/process_util_posix.cc, line 254
04-26 18:08:58.373 I/Gecko   (   83): 1398560938377	Marionette	INFO	sendToClient: {"from":"0","ok":true}, {8077d5cb-f868-4f64-ad12-34252c489425}, {8077d5cb-f868-4f64-ad12-34252c489425}
04-26 18:08:58.603 I/Gecko   (   83): 1398560938608	Marionette	INFO	sendToClient: {"from":"0","value":"app://homescreen.gaiamobile.org/index.html#root"}, {490ee335-d02c-4685-b644-367daecd497f}, {490ee335-d02c-4685-b644-367daecd497f}
04-26 18:08:58.623 I/Gecko   (   83): 1398560938634	Marionette	DEBUG	Got request: switchToFrame, data: {"to":"0","sessionId":"3-b2g","name":"switchToFrame","parameters":{"id":null,"focus":true}}, id: {be6fc408-943d-4eac-97dc-d24635bc6b1c}
04-26 18:08:58.653 I/Gecko   (   83): 1398560938661	Marionette	INFO	Switched to frame: {"frameValue":null}
04-26 18:08:58.753 I/Gecko   (   83): 1398560938764	Marionette	INFO	sendToClient: {"from":"0","ok":true}, {be6fc408-943d-4eac-97dc-d24635bc6b1c}, {be6fc408-943d-4eac-97dc-d24635bc6b1c}
04-26 18:08:58.763 I/Gecko   (   83): 1398560938771	Marionette	DEBUG	Got request: switchToFrame, data: {"to":"0","sessionId":"3-b2g","name":"switchToFrame","parameters":{"id":null,"focus":true}}, id: {4f77368c-c6ea-422c-8976-1a1f6806b26f}
04-26 18:08:58.763 I/Gecko   (   83): 1398560938773	Marionette	INFO	Switched to frame: {"frameValue":null}
04-26 18:08:58.783 W/WifiHW  (   83): wifi_command: SIGNAL_POLL
04-26 18:08:58.873 I/Gecko   (   83): 1398560938880	Marionette	INFO	sendToClient: {"from":"0","ok":true}, {4f77368c-c6ea-422c-8976-1a1f6806b26f}, {4f77368c-c6ea-422c-8976-1a1f6806b26f}
04-26 18:08:58.873 I/Gecko   (   83): 1398560938886	Marionette	DEBUG	Got request: executeWithCallback, data: {"to":"0","sessionId":"3-b2g","name":"executeAsyncScript","parameters":{"specialPowers":false,"scriptTimeout":null,"newSandbox":true,"args":[],"filename":"gaia_test.py","script":"GaiaApps.killAll()","line":91}}, id: {046f0ebc-90e9-457d-ab73-2cb886882bd9}
04-26 18:08:59.263 E/GeckoConsole(   83): Content JS LOG at dummy file:266 in GaiaApps.kill: terminating app with origin 'app://browser.gaiamobile.org'
04-26 18:08:59.273 E/GeckoConsole(   83): Content JS LOG at dummy file:258 in GaiaApps.kill/gt_onAppTerminated/<: app with origin 'app://browser.gaiamobile.org' has terminated
04-26 18:08:59.453 I/Gecko   (   83): 1398560939462	Marionette	INFO	sendToClient: {"from":"0","value":true}, {046f0ebc-90e9-457d-ab73-2cb886882bd9}, {046f0ebc-90e9-457d-ab73-2cb886882bd9}
04-26 18:08:59.683 I/Gecko   (   83): [Parent 83] WARNING: waitpid failed pid:2568 errno:10: file ../../../gecko/ipc/chromium/src/base/process_util_posix.cc, line 254
04-26 18:08:59.683 I/Gecko   (   83): [Parent 83] WARNING: Failed to deliver SIGKILL to 2568!(3).: file ../../../gecko/ipc/chromium/src/chrome/common/process_watcher_posix_sigchld.cc, line 118