--------- beginning of /dev/log/main
04-26 00:24:11.464 E/[Gralloc-ERROR](   83): int gralloc_unregister_buffer(const gralloc_module_t*, const native_handle_t*):274 Trying to unregister buffer 0x46707f60 from process 83 that was not created in current process: 83
04-26 00:24:11.464 E/[Gralloc-ERROR](   83): int gralloc_unregister_buffer(const gralloc_module_t*, const native_handle_t*):274 Trying to unregister buffer 0x46707ec0 from process 83 that was not created in current process: 83
04-26 00:24:11.464 E/[Gralloc-ERROR](   83): int gralloc_unregister_buffer(const gralloc_module_t*, const native_handle_t*):274 Trying to unregister buffer 0x4672d600 from process 83 that was not created in current process: 83
04-26 00:24:11.464 E/[Gralloc-ERROR](   83): int gralloc_unregister_buffer(const gralloc_module_t*, const native_handle_t*):274 Trying to unregister buffer 0x4672d330 from process 83 that was not created in current process: 83
04-26 00:24:12.854 I/Gecko   (   83): 1398497052862	Marionette	INFO	sendToClient: {"from":"0","ok":true}, {57969dbf-41d2-4d90-a8fe-cd23b010ff22}, {57969dbf-41d2-4d90-a8fe-cd23b010ff22}
04-26 00:24:13.174 I/Gecko   (   83): 1398497053185	Marionette	INFO	sendToClient: {"from":"0","value":[]}, {13a3d3c1-ba9c-409d-a3f8-de489568b625}, {13a3d3c1-ba9c-409d-a3f8-de489568b625}
04-26 00:24:13.504 I/Gecko   (   83): 1398497053513	Marionette	INFO	sendToClient: {"from":"0","value":[]}, {63ba4535-759b-4259-a117-97a512b63342}, {63ba4535-759b-4259-a117-97a512b63342}
04-26 00:24:15.064 W/WifiHW  (   83): wifi_command: SIGNAL_POLL
04-26 00:24:15.184 I/Gonk    (   83): Setting nice for pid 7216 to 18
04-26 00:24:15.184 I/Gonk    (   83): Changed nice for pid 7216 from 0 to 18.
04-26 00:24:16.034 I/Gecko   (   83): 1398497056040	Marionette	INFO	sendToClient: {"from":"0","value":["{b7c871ad-99fd-4e6b-88d9-b334b88b236c}","{126f6299-23a4-45e2-ab17-826aa937875e}","{f04cdacf-a8b0-4bd5-93f3-5d71d7e75202}","{68b05f2d-9d42-45af-9492-80e47ab0a7f5}","{9b5fad9e-6a20-4615-9545-bd13cf916edc}","{42b7aeb7-b325-40e0-96bb-9e2a471fc2e8}","{2f2d7128-084b-44f8-9808-1853704e6533}","{ac30e8d3-95a0-4709-b025-06f707032aa9}","{73cc4e59-eff0-4cf0-a28a-8a74ff6acef9}","{0ce7c83f-04f6-4f85-afcf-75be5d02fc3b}","{0dc2f95e-3b10-4075-9559-bdcfe57debaf}","{5197abd5-f2c8-41e1-adb7-f41c7e32cdd0}","{d889e0d9-6ced-45c0-91b6-687d556b860e}","{4a1794ae-93bc-48a1-a6dd-d0ceb687b572}","{11c8f243-97cb-4653-affa-9003a2d7e025}","{87ceae3e-73f8-4a22-b1fc-df82f9e1f3c5}","{a79f9237-3dd1-4666-a68f-de983aa8fc78}","{d6db7875-b5c3-41f5-ab7a-bb1ee511d2f5}","{a488134b-be68-479e-83cc-f224aebd6fb1}","{9add671d-ca86-4c93-906e-0f3c94fb9678}","{186efc78-61b0-4984-a396-ec015178165d}","{049b7990-c6ec-40d8-ac52-2670e636b1ab}"]}, {22796686-b83e-4dda-9885-8e5a401ea48d}, {22796686-b83
04-26 00:24:20.174 W/WifiHW  (   83): wifi_command: SIGNAL_POLL
04-26 00:24:20.744 I/Gecko   (   83): 1398497060755	Marionette	INFO	sendToClient: {"from":"0","value":["{b7c871ad-99fd-4e6b-88d9-b334b88b236c}","{126f6299-23a4-45e2-ab17-826aa937875e}","{f04cdacf-a8b0-4bd5-93f3-5d71d7e75202}","{68b05f2d-9d42-45af-9492-80e47ab0a7f5}","{9b5fad9e-6a20-4615-9545-bd13cf916edc}","{42b7aeb7-b325-40e0-96bb-9e2a471fc2e8}","{2f2d7128-084b-44f8-9808-1853704e6533}","{ac30e8d3-95a0-4709-b025-06f707032aa9}","{73cc4e59-eff0-4cf0-a28a-8a74ff6acef9}","{0ce7c83f-04f6-4f85-afcf-75be5d02fc3b}","{0dc2f95e-3b10-4075-9559-bdcfe57debaf}","{5197abd5-f2c8-41e1-adb7-f41c7e32cdd0}","{d889e0d9-6ced-45c0-91b6-687d556b860e}","{4a1794ae-93bc-48a1-a6dd-d0ceb687b572}","{11c8f243-97cb-4653-affa-9003a2d7e025}","{87ceae3e-73f8-4a22-b1fc-df82f9e1f3c5}","{a79f9237-3dd1-4666-a68f-de983aa8fc78}","{d6db7875-b5c3-41f5-ab7a-bb1ee511d2f5}","{67f9f890-7748-479e-99d9-c15bacfe4ff5}","{a488134b-be68-479e-83cc-f224aebd6fb1}","{9add671d-ca86-4c93-906e-0f3c94fb9678}","{186efc78-61b0-4984-a396-ec015178165d}","{049b7990-c6ec-40d8-ac52-2670e636b1ab}"]}, {7028c99e-18
04-26 00:24:20.764 E/GeckoConsole( 7186): Content JS WARN at app://homescreen.gaiamobile.org/gaia_build_defer_index.js:184 in isHiddenApp: Unexpected role when checking hidden app: undefined
04-26 00:24:20.764 E/GeckoConsole( 7186): Content JS WARN at app://homescreen.gaiamobile.org/gaia_build_defer_index.js:184 in isHiddenApp: Unexpected role when checking hidden app: undefined
04-26 00:24:20.774 E/GeckoConsole( 7186): Content JS WARN at app://homescreen.gaiamobile.org/gaia_build_defer_index.js:184 in isHiddenApp: Unexpected role when checking hidden app: undefined
04-26 00:24:20.774 E/GeckoConsole( 7186): Content JS WARN at app://homescreen.gaiamobile.org/gaia_build_defer_index.js:184 in isHiddenApp: Unexpected role when checking hidden app: undefined
04-26 00:24:20.774 E/GeckoConsole( 7186): Content JS WARN at app://homescreen.gaiamobile.org/gaia_build_defer_index.js:184 in isHiddenApp: Unexpected role when checking hidden app: undefined
04-26 00:24:20.784 E/GeckoConsole( 7186): Content JS WARN at app://homescreen.gaiamobile.org/gaia_build_defer_index.js:184 in isHiddenApp: Unexpected role when checking hidden app: undefined
04-26 00:24:20.784 E/GeckoConsole( 7186): Content JS WARN at app://homescreen.gaiamobile.org/gaia_build_defer_index.js:184 in isHiddenApp: Unexpected role when checking hidden app: undefined
04-26 00:24:20.784 E/GeckoConsole( 7186): Content JS WARN at app://homescreen.gaiamobile.org/gaia_build_defer_index.js:184 in isHiddenApp: Unexpected role when checking hidden app: undefined
04-26 00:24:20.784 E/GeckoConsole( 7186): Content JS WARN at app://homescreen.gaiamobile.org/gaia_build_defer_index.js:184 in isHiddenApp: Unexpected role when checking hidden app: undefined
04-26 00:24:20.784 E/GeckoConsole( 7186): Content JS WARN at app://homescreen.gaiamobile.org/gaia_build_defer_index.js:184 in isHiddenApp: Unexpected role when checking hidden app: undefined
04-26 00:24:20.784 E/GeckoConsole( 7186): Content JS WARN at app://homescreen.gaiamobile.org/gaia_build_defer_index.js:184 in isHiddenApp: Unexpected role when checking hidden app: undefined
04-26 00:24:20.794 E/GeckoConsole( 7186): Content JS WARN at app://homescreen.gaiamobile.org/gaia_build_defer_index.js:184 in isHiddenApp: Unexpected role when checking hidden app: undefined
04-26 00:24:20.794 E/GeckoConsole( 7186): Content JS WARN at app://homescreen.gaiamobile.org/gaia_build_defer_index.js:184 in isHiddenApp: Unexpected role when checking hidden app: undefined
04-26 00:24:20.794 E/GeckoConsole( 7186): Content JS WARN at app://homescreen.gaiamobile.org/gaia_build_defer_index.js:184 in isHiddenApp: Unexpected role when checking hidden app: undefined
04-26 00:24:20.794 E/GeckoConsole( 7186): Content JS WARN at app://homescreen.gaiamobile.org/gaia_build_defer_index.js:184 in isHiddenApp: Unexpected role when checking hidden app: undefined
04-26 00:24:20.794 E/GeckoConsole( 7186): Content JS WARN at app://homescreen.gaiamobile.org/gaia_build_defer_index.js:184 in isHiddenApp: Unexpected role when checking hidden app: undefined
04-26 00:24:20.794 E/GeckoConsole( 7186): Content JS WARN at app://homescreen.gaiamobile.org/gaia_build_defer_index.js:184 in isHiddenApp: Unexpected role when checking hidden app: undefined
04-26 00:24:20.794 E/GeckoConsole( 7186): Content JS WARN at app://homescreen.gaiamobile.org/gaia_build_defer_index.js:184 in isHiddenApp: Unexpected role when checking hidden app: undefined
04-26 00:24:20.794 E/GeckoConsole( 7186): Content JS WARN at app://homescreen.gaiamobile.org/gaia_build_defer_index.js:184 in isHiddenApp: Unexpected role when checking hidden app: undefined
04-26 00:24:21.604 I/Gecko   (   83): 1398497061615	Marionette	INFO	sendToClient: {"from":"0","value":"<div><img src=\"blob:60d86d85-56f2-4b4b-8294-41a016440a61\" style=\"visibility: visible;\" role=\"presentation\" height=\"64\" width=\"64\"><span class=\"labelWrapper\"><span>Social</span></span></div><span data-is-icon=\"true\" class=\"options\"></span>"}, {f17c08e5-f817-4c97-83e7-229402134095}, {f17c08e5-f817-4c97-83e7-229402134095}
04-26 00:24:21.964 I/Gecko   (   83): 1398497061969	Marionette	INFO	sendToClient: {"from":"0","value":"<div><img src=\"blob:53ef3b23-f89f-4b39-adef-69f0a4b93962\" style=\"visibility: visible;\" role=\"presentation\" height=\"64\" width=\"64\"><span class=\"labelWrapper\"><span>Games</span></span></div><span data-is-icon=\"true\" class=\"options\"></span>"}, {51d0e901-ed54-41cd-b45b-343b9446c057}, {51d0e901-ed54-41cd-b45b-343b9446c057}
04-26 00:24:22.144 I/Gecko   (   83): 1398497062149	Marionette	INFO	sendToClient: {"from":"0","value":"<div><img src=\"blob:3b85b6bc-8bbe-457c-80ad-2f6b63c4d182\" style=\"visibility: visible;\" role=\"presentation\" height=\"64\" width=\"64\"><span class=\"labelWrapper\"><span>Music</span></span></div><span data-is-icon=\"true\" class=\"options\"></span>"}, {57e357d5-8cb6-4df7-9147-6bf9699aa144}, {57e357d5-8cb6-4df7-9147-6bf9699aa144}
04-26 00:24:22.174 I/Gecko   (   83): 1398497062180	Marionette	INFO	sendToClient: {"from":"0","value":"<div><img src=\"blob:6c7ed132-c227-4e91-9cc1-75cb7d956025\" style=\"visibility: visible;\" role=\"presentation\" height=\"64\" width=\"64\"><span class=\"labelWrapper\"><span>Showbiz</span></span></div><span data-is-icon=\"true\" class=\"options\"></span>"}, {0d63ce00-5182-4bd8-9085-fad10f35154b}, {0d63ce00-5182-4bd8-9085-fad10f35154b}
04-26 00:24:22.204 I/Gecko   (   83): 1398497062211	Marionette	INFO	sendToClient: {"from":"0","value":"<div><img src=\"blob:c059a4e6-d5c6-4436-ad81-7e159e160888\" style=\"visibility: visible;\" role=\"presentation\" height=\"64\" width=\"64\"><span class=\"labelWrapper\"><span>Camera</span></span></div>"}, {0a70fa92-5632-4621-a248-2dd91703ae6f}, {0a70fa92-5632-4621-a248-2dd91703ae6f}
04-26 00:24:22.214 I/Gecko   (   83): 1398497062225	Marionette	INFO	sendToClient: {"from":"0","value":"<div><img src=\"blob:d6e29f71-7d50-4b7c-b392-68dffd44bc11\" style=\"visibility: visible;\" role=\"presentation\" height=\"64\" width=\"64\"><span class=\"labelWrapper\"><span>Gallery</span></span></div>"}, {dafe430c-7234-44f6-b4c4-8eb06583b198}, {dafe430c-7234-44f6-b4c4-8eb06583b198}
04-26 00:24:22.314 I/Gecko   (   83): 1398497062318	Marionette	INFO	sendToClient: {"from":"0","value":"<div><img src=\"blob:631634cd-97fd-42a6-9fd4-1c1c8ceac327\" style=\"visibility: visible;\" role=\"presentation\" height=\"64\" width=\"64\"><span class=\"labelWrapper\"><span>FM Radio</span></span></div>"}, {691e4093-13d2-48fb-a7c9-8b22ef548789}, {691e4093-13d2-48fb-a7c9-8b22ef548789}
04-26 00:24:22.414 I/Gecko   (   83): 1398497062416	Marionette	INFO	sendToClient: {"from":"0","value":"<div><img src=\"blob:9934c15a-af37-4af0-94fc-d9fa3269ae37\" style=\"visibility: visible;\" role=\"presentation\" height=\"64\" width=\"64\"><span class=\"labelWrapper\"><span>Settings</span></span></div>"}, {504db116-bd0f-4c59-9617-c8228ee50e47}, {504db116-bd0f-4c59-9617-c8228ee50e47}
04-26 00:24:22.484 I/Gecko   (   83): 1398497062490	Marionette	INFO	sendToClient: {"from":"0","value":"<div><img src=\"blob:0ed81783-5c10-40ca-bb40-394db7a05389\" style=\"visibility: visible;\" role=\"presentation\" height=\"64\" width=\"64\"><span class=\"labelWrapper\"><span>Marketplace</span></span></div>"}, {7d4498cc-925d-4351-a651-99d33b68728e}, {7d4498cc-925d-4351-a651-99d33b68728e}
04-26 00:24:22.504 I/Gecko   (   83): 1398497062513	Marionette	INFO	sendToClient: {"from":"0","value":"<div><img src=\"blob:ac9a9ceb-283b-4044-873a-412578b47ea7\" style=\"visibility: visible;\" role=\"presentation\" height=\"64\" width=\"64\"><span class=\"labelWrapper\"><span>Calendar</span></span></div>"}, {3144a0e5-e222-46c9-a17e-13137173bd50}, {3144a0e5-e222-46c9-a17e-13137173bd50}
04-26 00:24:22.534 I/Gecko   (   83): 1398497062542	Marionette	INFO	sendToClient: {"from":"0","value":"<div><img src=\"blob:25ed6214-52fb-4ab4-b881-0e85f3be8ffd\" style=\"visibility: visible;\" role=\"presentation\" height=\"64\" width=\"64\"><span class=\"labelWrapper\"><span>Clock</span></span></div>"}, {85af8bdb-452c-4e0e-8d92-41c47eb3fab9}, {85af8bdb-452c-4e0e-8d92-41c47eb3fab9}
04-26 00:24:22.544 I/Gecko   (   83): 1398497062555	Marionette	INFO	sendToClient: {"from":"0","value":"<div><img src=\"blob:23727aae-2656-49d7-8826-624ef3ac6241\" style=\"visibility: visible;\" role=\"presentation\" height=\"64\" width=\"64\"><span class=\"labelWrapper\"><span>Usage</span></span></div>"}, {0c04592d-7d84-4057-9d31-96339658c968}, {0c04592d-7d84-4057-9d31-96339658c968}
04-26 00:24:22.564 I/Gecko   (   83): 1398497062569	Marionette	INFO	sendToClient: {"from":"0","value":"<div><img src=\"blob:a6a9abe1-3878-4149-b55b-db3f6ac706ae\" style=\"visibility: visible;\" role=\"presentation\" height=\"64\" width=\"64\"><span class=\"labelWrapper\"><span>E-Mail</span></span></div>"}, {22e2f881-b04b-4170-b1d2-92f22e0ec238}, {22e2f881-b04b-4170-b1d2-92f22e0ec238}
04-26 00:24:22.574 I/Gecko   (   83): 1398497062580	Marionette	INFO	sendToClient: {"from":"0","value":"<div><img src=\"blob:729bd6b9-4d7b-49d0-8b72-0a2bc541691f\" style=\"visibility: visible;\" role=\"presentation\" height=\"64\" width=\"64\"><span class=\"labelWrapper\"><span>Music</span></span></div>"}, {514ae082-8088-48db-b7c4-928512e191b2}, {514ae082-8088-48db-b7c4-928512e191b2}
04-26 00:24:22.644 I/Gecko   (   83): 1398497062652	Marionette	INFO	sendToClient: {"from":"0","value":"<div><img src=\"blob:c2a8d1be-22e3-4e16-b41f-1a9bf3d44b3e\" style=\"visibility: visible;\" role=\"presentation\" height=\"64\" width=\"64\"><span class=\"labelWrapper\"><span>Video</span></span></div>"}, {753faa29-8f45-4a74-83e6-12f0f06904bb}, {753faa29-8f45-4a74-83e6-12f0f06904bb}
04-26 00:24:22.654 I/Gecko   (   83): 1398497062664	Marionette	INFO	sendToClient: {"from":"0","value":"<div><img src=\"blob:f22cfe6e-9d14-4523-9f49-fe29737b2a8c\" style=\"visibility: visible;\" role=\"presentation\" height=\"64\" width=\"64\"><span class=\"labelWrapper mask\"><span>GoldNuggets</span></span></div><span data-is-icon=\"true\" class=\"options\"></span>"}, {e888d1c0-c0ff-4730-801c-7ac12b1864ba}, {e888d1c0-c0ff-4730-801c-7ac12b1864ba}
04-26 00:24:22.674 I/Gecko   (   83): 1398497062682	Marionette	INFO	sendToClient: {"from":"0","value":"<div><img src=\"blob:2b3068bd-5176-497c-b36f-b58a2c158072\" style=\"visibility: visible;\" role=\"presentation\" height=\"64\" width=\"64\"><span class=\"labelWrapper mask\"><span>Space Shooter</span></span></div><span data-is-icon=\"true\" class=\"options\"></span>"}, {fca32471-d4a2-4608-89c4-1f02bbded439}, {fca32471-d4a2-4608-89c4-1f02bbded439}
04-26 00:24:22.684 I/Gecko   (   83): 1398497062695	Marionette	INFO	sendToClient: {"from":"0","value":"<div><img src=\"blob:b124a79a-f4cb-4d24-8606-e97d19e2cbf4\" style=\"visibility: visible;\" role=\"presentation\" height=\"64\" width=\"64\"><span class=\"labelWrapper mask\"><span>Rebel Thumb</span></span></div><span data-is-icon=\"true\" class=\"options\"></span>"}, {e09cb782-4591-4506-ac25-db587915f968}, {e09cb782-4591-4506-ac25-db587915f968}
04-26 00:24:22.714 I/Gecko   (   83): 1398497062719	Marionette	INFO	sendToClient: {"from":"0","value":"<div><img src=\"blob:f7b35077-4bff-4cf1-a79c-24079a061b12\" style=\"visibility: visible;\" role=\"presentation\" height=\"64\" width=\"64\"><span class=\"labelWrapper mask\"><span>MarriedGames.org</span></span></div><span data-is-icon=\"true\" class=\"options\"></span>"}, {77fda999-6c19-42c1-bd9c-60dc056e8fb6}, {77fda999-6c19-42c1-bd9c-60dc056e8fb6}
04-26 00:24:22.734 I/Gecko   (   83): 1398497062738	Marionette	INFO	sendToClient: {"from":"0","value":"<div><img src=\"blob:1c867de6-ddbe-44ba-9c7a-a6509dbebb38\" style=\"visibility: visible;\" role=\"presentation\" height=\"64\" width=\"64\"><span class=\"labelWrapper\"><span>Phone</span></span></div>"}, {35f1c368-87c5-48c9-8560-df9d261f0497}, {35f1c368-87c5-48c9-8560-df9d261f0497}
04-26 00:24:22.774 I/Gecko   (   83): 1398497062785	Marionette	INFO	sendToClient: {"from":"0","value":"<div><img src=\"blob:212578eb-4c94-424c-8ea7-9905eb5e90ba\" style=\"visibility: visible;\" role=\"presentation\" height=\"64\" width=\"64\"><span class=\"labelWrapper\"><span>Messages</span></span></div>"}, {7c4277aa-cd2e-423d-80f6-8b50776f5a81}, {7c4277aa-cd2e-423d-80f6-8b50776f5a81}
04-26 00:24:22.794 I/Gecko   (   83): 1398497062800	Marionette	INFO	sendToClient: {"from":"0","value":"<div><img src=\"blob:bb726cea-861e-44ec-baf1-7ac3c9848e24\" style=\"visibility: visible;\" role=\"presentation\" height=\"64\" width=\"64\"><span class=\"labelWrapper\"><span>Contacts</span></span></div>"}, {aa4c8e3f-3fd4-4c06-b6bc-1de5cc28918c}, {aa4c8e3f-3fd4-4c06-b6bc-1de5cc28918c}
04-26 00:24:22.804 I/Gecko   (   83): 1398497062810	Marionette	INFO	sendToClient: {"from":"0","value":"<div><img src=\"blob:7baea5ed-16ca-45ec-ae03-2c7c0a1be75d\" style=\"visibility: visible;\" role=\"presentation\" height=\"64\" width=\"64\"><span class=\"labelWrapper\"><span>Browser</span></span></div>"}, {df634eb2-1809-4039-ad88-5f9bf75e84e2}, {df634eb2-1809-4039-ad88-5f9bf75e84e2}
04-26 00:24:24.434 I/Gecko   ( 7216): ###################################### forms.js loaded
04-26 00:24:24.454 I/Gecko   ( 7216): ############################### browserElementPanning.js loaded
04-26 00:24:24.494 I/Gecko   ( 7216): ######################## BrowserElementChildPreload.js loaded
04-26 00:24:26.844 W/WifiHW  (   83): wifi_command: SIGNAL_POLL
04-26 00:24:27.434 I/Gecko   (   83): 1398497067445	Marionette	INFO	sendToClient: {"from":"0","value":["{b7c871ad-99fd-4e6b-88d9-b334b88b236c}","{126f6299-23a4-45e2-ab17-826aa937875e}","{f04cdacf-a8b0-4bd5-93f3-5d71d7e75202}","{68b05f2d-9d42-45af-9492-80e47ab0a7f5}","{9b5fad9e-6a20-4615-9545-bd13cf916edc}","{42b7aeb7-b325-40e0-96bb-9e2a471fc2e8}","{2f2d7128-084b-44f8-9808-1853704e6533}","{ac30e8d3-95a0-4709-b025-06f707032aa9}","{73cc4e59-eff0-4cf0-a28a-8a74ff6acef9}","{0ce7c83f-04f6-4f85-afcf-75be5d02fc3b}","{0dc2f95e-3b10-4075-9559-bdcfe57debaf}","{5197abd5-f2c8-41e1-adb7-f41c7e32cdd0}","{d889e0d9-6ced-45c0-91b6-687d556b860e}","{4a1794ae-93bc-48a1-a6dd-d0ceb687b572}","{11c8f243-97cb-4653-affa-9003a2d7e025}","{87ceae3e-73f8-4a22-b1fc-df82f9e1f3c5}","{a79f9237-3dd1-4666-a68f-de983aa8fc78}","{d6db7875-b5c3-41f5-ab7a-bb1ee511d2f5}","{67f9f890-7748-479e-99d9-c15bacfe4ff5}","{a488134b-be68-479e-83cc-f224aebd6fb1}","{9add671d-ca86-4c93-906e-0f3c94fb9678}","{186efc78-61b0-4984-a396-ec015178165d}","{049b7990-c6ec-40d8-ac52-2670e636b1ab}"]}, {0cbbb991-f5
04-26 00:24:27.514 I/Gecko   (   83): 1398497067517	Marionette	INFO	sendToClient: {"from":"0","value":"<div><img src=\"blob:60d86d85-56f2-4b4b-8294-41a016440a61\" style=\"visibility: visible;\" role=\"presentation\" height=\"64\" width=\"64\"><span class=\"labelWrapper\"><span>Social</span></span></div><span data-is-icon=\"true\" class=\"options\"></span>"}, {374888ab-969d-4900-a742-6a4537a3ad61}, {374888ab-969d-4900-a742-6a4537a3ad61}
04-26 00:24:27.524 I/Gecko   (   83): 1398497067530	Marionette	INFO	sendToClient: {"from":"0","value":"<div><img src=\"blob:53ef3b23-f89f-4b39-adef-69f0a4b93962\" style=\"visibility: visible;\" role=\"presentation\" height=\"64\" width=\"64\"><span class=\"labelWrapper\"><span>Games</span></span></div><span data-is-icon=\"true\" class=\"options\"></span>"}, {3fe3a77a-23b9-4a99-b9fb-95799013d883}, {3fe3a77a-23b9-4a99-b9fb-95799013d883}
04-26 00:24:27.534 I/Gecko   (   83): 1398497067545	Marionette	INFO	sendToClient: {"from":"0","value":"<div><img src=\"blob:3b85b6bc-8bbe-457c-80ad-2f6b63c4d182\" style=\"visibility: visible;\" role=\"presentation\" height=\"64\" width=\"64\"><span class=\"labelWrapper\"><span>Music</span></span></div><span data-is-icon=\"true\" class=\"options\"></span>"}, {8802fbe6-e0a9-4f43-bf01-4cdde750af17}, {8802fbe6-e0a9-4f43-bf01-4cdde750af17}
04-26 00:24:27.554 I/Gecko   (   83): 1398497067557	Marionette	INFO	sendToClient: {"from":"0","value":"<div><img src=\"blob:6c7ed132-c227-4e91-9cc1-75cb7d956025\" style=\"visibility: visible;\" role=\"presentation\" height=\"64\" width=\"64\"><span class=\"labelWrapper\"><span>Showbiz</span></span></div><span data-is-icon=\"true\" class=\"options\"></span>"}, {2cd31bdd-fa3d-464a-bfcb-1b1845d3ff4e}, {2cd31bdd-fa3d-464a-bfcb-1b1845d3ff4e}
04-26 00:24:27.564 I/Gecko   (   83): 1398497067569	Marionette	INFO	sendToClient: {"from":"0","value":"<div><img src=\"blob:c059a4e6-d5c6-4436-ad81-7e159e160888\" style=\"visibility: visible;\" role=\"presentation\" height=\"64\" width=\"64\"><span class=\"labelWrapper\"><span>Camera</span></span></div>"}, {e557938a-9d7b-4c95-99a1-aca4f6e0fbfb}, {e557938a-9d7b-4c95-99a1-aca4f6e0fbfb}
04-26 00:24:27.574 I/Gecko   (   83): 1398497067580	Marionette	INFO	sendToClient: {"from":"0","value":"<div><img src=\"blob:d6e29f71-7d50-4b7c-b392-68dffd44bc11\" style=\"visibility: visible;\" role=\"presentation\" height=\"64\" width=\"64\"><span class=\"labelWrapper\"><span>Gallery</span></span></div>"}, {256a9b5c-9789-437e-b46d-480b74b0c507}, {256a9b5c-9789-437e-b46d-480b74b0c507}
04-26 00:24:27.594 I/Gecko   (   83): 1398497067597	Marionette	INFO	sendToClient: {"from":"0","value":"<div><img src=\"blob:631634cd-97fd-42a6-9fd4-1c1c8ceac327\" style=\"visibility: visible;\" role=\"presentation\" height=\"64\" width=\"64\"><span class=\"labelWrapper\"><span>FM Radio</span></span></div>"}, {7f345ea3-3916-4042-97ba-34025a69c52d}, {7f345ea3-3916-4042-97ba-34025a69c52d}
04-26 00:24:27.604 I/Gecko   (   83): 1398497067610	Marionette	INFO	sendToClient: {"from":"0","value":"<div><img src=\"blob:9934c15a-af37-4af0-94fc-d9fa3269ae37\" style=\"visibility: visible;\" role=\"presentation\" height=\"64\" width=\"64\"><span class=\"labelWrapper\"><span>Settings</span></span></div>"}, {aa481f18-27e3-4363-9233-baca1321a425}, {aa481f18-27e3-4363-9233-baca1321a425}
04-26 00:24:27.624 I/Gecko   (   83): 1398497067629	Marionette	INFO	sendToClient: {"from":"0","value":"<div><img src=\"blob:0ed81783-5c10-40ca-bb40-394db7a05389\" style=\"visibility: visible;\" role=\"presentation\" height=\"64\" width=\"64\"><span class=\"labelWrapper\"><span>Marketplace</span></span></div>"}, {a5f9782a-2a83-4654-9dae-f664f6624762}, {a5f9782a-2a83-4654-9dae-f664f6624762}
04-26 00:24:27.644 I/Gecko   (   83): 1398497067644	Marionette	INFO	sendToClient: {"from":"0","value":"<div><img src=\"blob:ac9a9ceb-283b-4044-873a-412578b47ea7\" style=\"visibility: visible;\" role=\"presentation\" height=\"64\" width=\"64\"><span class=\"labelWrapper\"><span>Calendar</span></span></div>"}, {451c9cfa-1f1a-4e40-93cd-0402f306fa91}, {451c9cfa-1f1a-4e40-93cd-0402f306fa91}
04-26 00:24:27.654 I/Gecko   (   83): 1398497067659	Marionette	INFO	sendToClient: {"from":"0","value":"<div><img src=\"blob:25ed6214-52fb-4ab4-b881-0e85f3be8ffd\" style=\"visibility: visible;\" role=\"presentation\" height=\"64\" width=\"64\"><span class=\"labelWrapper\"><span>Clock</span></span></div>"}, {6d64d993-9138-4ea1-a57d-87f4b46cd45b}, {6d64d993-9138-4ea1-a57d-87f4b46cd45b}
04-26 00:24:27.664 I/Gecko   (   83): 1398497067672	Marionette	INFO	sendToClient: {"from":"0","value":"<div><img src=\"blob:23727aae-2656-49d7-8826-624ef3ac6241\" style=\"visibility: visible;\" role=\"presentation\" height=\"64\" width=\"64\"><span class=\"labelWrapper\"><span>Usage</span></span></div>"}, {b87246ac-bbd7-4107-b11f-47a108143642}, {b87246ac-bbd7-4107-b11f-47a108143642}
04-26 00:24:27.674 I/Gecko   (   83): 1398497067683	Marionette	INFO	sendToClient: {"from":"0","value":"<div><img src=\"blob:a6a9abe1-3878-4149-b55b-db3f6ac706ae\" style=\"visibility: visible;\" role=\"presentation\" height=\"64\" width=\"64\"><span class=\"labelWrapper\"><span>E-Mail</span></span></div>"}, {4b58864d-99d6-4ffd-bce3-15b8e5581bc5}, {4b58864d-99d6-4ffd-bce3-15b8e5581bc5}
04-26 00:24:27.684 I/Gecko   (   83): 1398497067695	Marionette	INFO	sendToClient: {"from":"0","value":"<div><img src=\"blob:729bd6b9-4d7b-49d0-8b72-0a2bc541691f\" style=\"visibility: visible;\" role=\"presentation\" height=\"64\" width=\"64\"><span class=\"labelWrapper\"><span>Music</span></span></div>"}, {d18829a9-90d8-4aa1-8db7-aabe1cdd8480}, {d18829a9-90d8-4aa1-8db7-aabe1cdd8480}
04-26 00:24:27.704 I/Gecko   (   83): 1398497067707	Marionette	INFO	sendToClient: {"from":"0","value":"<div><img src=\"blob:c2a8d1be-22e3-4e16-b41f-1a9bf3d44b3e\" style=\"visibility: visible;\" role=\"presentation\" height=\"64\" width=\"64\"><span class=\"labelWrapper\"><span>Video</span></span></div>"}, {6bfbc979-9388-4d59-abe5-b0545a70f659}, {6bfbc979-9388-4d59-abe5-b0545a70f659}
04-26 00:24:27.724 I/Gecko   (   83): 1398497067732	Marionette	INFO	sendToClient: {"from":"0","value":"<div><img src=\"blob:f22cfe6e-9d14-4523-9f49-fe29737b2a8c\" style=\"visibility: visible;\" role=\"presentation\" height=\"64\" width=\"64\"><span class=\"labelWrapper mask\"><span>GoldNuggets</span></span></div><span data-is-icon=\"true\" class=\"options\"></span>"}, {f11e8c1f-589f-4346-b3b1-ce369e568a73}, {f11e8c1f-589f-4346-b3b1-ce369e568a73}
04-26 00:24:27.734 I/Gecko   (   83): 1398497067743	Marionette	INFO	sendToClient: {"from":"0","value":"<div><img src=\"blob:2b3068bd-5176-497c-b36f-b58a2c158072\" style=\"visibility: visible;\" role=\"presentation\" height=\"64\" width=\"64\"><span class=\"labelWrapper mask\"><span>Space Shooter</span></span></div><span data-is-icon=\"true\" class=\"options\"></span>"}, {4ce53da3-5cb8-4117-9f29-fb05f33c71ba}, {4ce53da3-5cb8-4117-9f29-fb05f33c71ba}
04-26 00:24:27.754 I/Gecko   (   83): 1398497067758	Marionette	INFO	sendToClient: {"from":"0","value":"<div><img src=\"blob:b124a79a-f4cb-4d24-8606-e97d19e2cbf4\" style=\"visibility: visible;\" role=\"presentation\" height=\"64\" width=\"64\"><span class=\"labelWrapper mask\"><span>Rebel Thumb</span></span></div><span data-is-icon=\"true\" class=\"options\"></span>"}, {64117d7d-11ce-4b76-83b5-fddd862d5002}, {64117d7d-11ce-4b76-83b5-fddd862d5002}
04-26 00:24:27.764 I/Gecko   (   83): 1398497067773	Marionette	INFO	sendToClient: {"from":"0","value":"<div><img src=\"blob:f7b35077-4bff-4cf1-a79c-24079a061b12\" style=\"visibility: visible;\" role=\"presentation\" height=\"64\" width=\"64\"><span class=\"labelWrapper mask\"><span>MarriedGames.org</span></span></div><span data-is-icon=\"true\" class=\"options\"></span>"}, {8537a6f2-b285-476f-993b-f4cd8bc9b9a7}, {8537a6f2-b285-476f-993b-f4cd8bc9b9a7}
04-26 00:24:27.774 I/Gecko   (   83): 1398497067784	Marionette	INFO	sendToClient: {"from":"0","value":"<div><img src=\"blob:1c867de6-ddbe-44ba-9c7a-a6509dbebb38\" style=\"visibility: visible;\" role=\"presentation\" height=\"64\" width=\"64\"><span class=\"labelWrapper\"><span>Phone</span></span></div>"}, {93611a63-30d5-4ef2-95a5-5c90a1631cb0}, {93611a63-30d5-4ef2-95a5-5c90a1631cb0}
04-26 00:24:27.784 I/Gecko   (   83): 1398497067795	Marionette	INFO	sendToClient: {"from":"0","value":"<div><img src=\"blob:212578eb-4c94-424c-8ea7-9905eb5e90ba\" style=\"visibility: visible;\" role=\"presentation\" height=\"64\" width=\"64\"><span class=\"labelWrapper\"><span>Messages</span></span></div>"}, {e10a3f6d-bad7-4512-aa6e-d3e85cb78132}, {e10a3f6d-bad7-4512-aa6e-d3e85cb78132}
04-26 00:24:27.804 I/Gecko   (   83): 1398497067806	Marionette	INFO	sendToClient: {"from":"0","value":"<div><img src=\"blob:bb726cea-861e-44ec-baf1-7ac3c9848e24\" style=\"visibility: visible;\" role=\"presentation\" height=\"64\" width=\"64\"><span class=\"labelWrapper\"><span>Contacts</span></span></div>"}, {69f0d0a9-e8ef-4790-91df-0da64a0d5d0d}, {69f0d0a9-e8ef-4790-91df-0da64a0d5d0d}
04-26 00:24:27.814 I/Gecko   (   83): 1398497067823	Marionette	INFO	sendToClient: {"from":"0","value":"<div><img src=\"blob:7baea5ed-16ca-45ec-ae03-2c7c0a1be75d\" style=\"visibility: visible;\" role=\"presentation\" height=\"64\" width=\"64\"><span class=\"labelWrapper\"><span>Browser</span></span></div>"}, {801be0f0-869d-4287-b9ea-19382d77dbaf}, {801be0f0-869d-4287-b9ea-19382d77dbaf}
04-26 00:24:29.564 I/GonkMemoryPressure( 7186): Checking to see if memory pressure is over.
04-26 00:24:29.564 I/GonkMemoryPressure( 7186): Memory pressure is over.
04-26 00:24:29.564 I/GonkMemoryPressure( 7216): Checking to see if memory pressure is over.
04-26 00:24:29.564 I/GonkMemoryPressure( 7216): Memory pressure is over.
04-26 00:24:29.564 I/GonkMemoryPressure(   83): Checking to see if memory pressure is over.
04-26 00:24:29.564 I/GonkMemoryPressure(   83): Memory pressure is over.
04-26 00:24:29.864 I/Gecko   (   83): 1398497069867	Marionette	INFO	sendToClient: {"from":"0","value":["{b7c871ad-99fd-4e6b-88d9-b334b88b236c}","{126f6299-23a4-45e2-ab17-826aa937875e}","{f04cdacf-a8b0-4bd5-93f3-5d71d7e75202}","{68b05f2d-9d42-45af-9492-80e47ab0a7f5}","{9b5fad9e-6a20-4615-9545-bd13cf916edc}","{42b7aeb7-b325-40e0-96bb-9e2a471fc2e8}","{2f2d7128-084b-44f8-9808-1853704e6533}","{ac30e8d3-95a0-4709-b025-06f707032aa9}","{73cc4e59-eff0-4cf0-a28a-8a74ff6acef9}","{0ce7c83f-04f6-4f85-afcf-75be5d02fc3b}","{0dc2f95e-3b10-4075-9559-bdcfe57debaf}","{5197abd5-f2c8-41e1-adb7-f41c7e32cdd0}","{d889e0d9-6ced-45c0-91b6-687d556b860e}","{4a1794ae-93bc-48a1-a6dd-d0ceb687b572}","{11c8f243-97cb-4653-affa-9003a2d7e025}","{87ceae3e-73f8-4a22-b1fc-df82f9e1f3c5}","{a79f9237-3dd1-4666-a68f-de983aa8fc78}","{d6db7875-b5c3-41f5-ab7a-bb1ee511d2f5}","{67f9f890-7748-479e-99d9-c15bacfe4ff5}","{a488134b-be68-479e-83cc-f224aebd6fb1}","{9add671d-ca86-4c93-906e-0f3c94fb9678}","{186efc78-61b0-4984-a396-ec015178165d}","{049b7990-c6ec-40d8-ac52-2670e636b1ab}"]}, {a4568586-40
04-26 00:24:30.034 I/Gecko   (   83): 1398497070040	Marionette	INFO	sendToClient: {"from":"0","value":"<div><img src=\"blob:60d86d85-56f2-4b4b-8294-41a016440a61\" style=\"visibility: visible;\" role=\"presentation\" height=\"64\" width=\"64\"><span class=\"labelWrapper\"><span>Social</span></span></div><span data-is-icon=\"true\" class=\"options\"></span>"}, {c1609b9b-c201-4962-acce-11afd35d46d7}, {c1609b9b-c201-4962-acce-11afd35d46d7}
04-26 00:24:30.044 I/Gecko   (   83): 1398497070052	Marionette	INFO	sendToClient: {"from":"0","value":"<div><img src=\"blob:53ef3b23-f89f-4b39-adef-69f0a4b93962\" style=\"visibility: visible;\" role=\"presentation\" height=\"64\" width=\"64\"><span class=\"labelWrapper\"><span>Games</span></span></div><span data-is-icon=\"true\" class=\"options\"></span>"}, {7a662b20-afaa-4d3a-94f7-20c31fcb4ed2}, {7a662b20-afaa-4d3a-94f7-20c31fcb4ed2}
04-26 00:24:30.054 I/Gecko   (   83): 1398497070062	Marionette	INFO	sendToClient: {"from":"0","value":"<div><img src=\"blob:3b85b6bc-8bbe-457c-80ad-2f6b63c4d182\" style=\"visibility: visible;\" role=\"presentation\" height=\"64\" width=\"64\"><span class=\"labelWrapper\"><span>Music</span></span></div><span data-is-icon=\"true\" class=\"options\"></span>"}, {2fe9aec0-85b7-4db1-823c-4c841657abdc}, {2fe9aec0-85b7-4db1-823c-4c841657abdc}
04-26 00:24:30.074 I/Gecko   (   83): 1398497070086	Marionette	INFO	sendToClient: {"from":"0","value":"<div><img src=\"blob:6c7ed132-c227-4e91-9cc1-75cb7d956025\" style=\"visibility: visible;\" role=\"presentation\" height=\"64\" width=\"64\"><span class=\"labelWrapper\"><span>Showbiz</span></span></div><span data-is-icon=\"true\" class=\"options\"></span>"}, {fdd3b740-3dd4-42da-974e-f7177aae9803}, {fdd3b740-3dd4-42da-974e-f7177aae9803}
04-26 00:24:30.094 I/Gecko   (   83): 1398497070103	Marionette	INFO	sendToClient: {"from":"0","value":"<div><img src=\"blob:c059a4e6-d5c6-4436-ad81-7e159e160888\" style=\"visibility: visible;\" role=\"presentation\" height=\"64\" width=\"64\"><span class=\"labelWrapper\"><span>Camera</span></span></div>"}, {ae7347c5-6fca-4e70-861a-478a9d32f39a}, {ae7347c5-6fca-4e70-861a-478a9d32f39a}
04-26 00:24:30.114 I/Gecko   (   83): 1398497070123	Marionette	INFO	sendToClient: {"from":"0","value":"<div><img src=\"blob:d6e29f71-7d50-4b7c-b392-68dffd44bc11\" style=\"visibility: visible;\" role=\"presentation\" height=\"64\" width=\"64\"><span class=\"labelWrapper\"><span>Gallery</span></span></div>"}, {f962c7ed-9f8b-4c12-858a-a29595675b06}, {f962c7ed-9f8b-4c12-858a-a29595675b06}
04-26 00:24:30.134 I/Gecko   (   83): 1398497070144	Marionette	INFO	sendToClient: {"from":"0","value":"<div><img src=\"blob:631634cd-97fd-42a6-9fd4-1c1c8ceac327\" style=\"visibility: visible;\" role=\"presentation\" height=\"64\" width=\"64\"><span class=\"labelWrapper\"><span>FM Radio</span></span></div>"}, {9aff3c70-6f25-4ada-8ade-d05a5f9579be}, {9aff3c70-6f25-4ada-8ade-d05a5f9579be}
04-26 00:24:30.144 I/Gecko   (   83): 1398497070155	Marionette	INFO	sendToClient: {"from":"0","value":"<div><img src=\"blob:9934c15a-af37-4af0-94fc-d9fa3269ae37\" style=\"visibility: visible;\" role=\"presentation\" height=\"64\" width=\"64\"><span class=\"labelWrapper\"><span>Settings</span></span></div>"}, {751924b4-6121-4df4-b429-7603fe7e3d3a}, {751924b4-6121-4df4-b429-7603fe7e3d3a}
04-26 00:24:30.164 I/Gecko   (   83): 1398497070168	Marionette	INFO	sendToClient: {"from":"0","value":"<div><img src=\"blob:0ed81783-5c10-40ca-bb40-394db7a05389\" style=\"visibility: visible;\" role=\"presentation\" height=\"64\" width=\"64\"><span class=\"labelWrapper\"><span>Marketplace</span></span></div>"}, {75298cf7-3abb-439e-b524-2888eb135864}, {75298cf7-3abb-439e-b524-2888eb135864}
04-26 00:24:30.174 I/Gecko   (   83): 1398497070180	Marionette	INFO	sendToClient: {"from":"0","value":"<div><img src=\"blob:ac9a9ceb-283b-4044-873a-412578b47ea7\" style=\"visibility: visible;\" role=\"presentation\" height=\"64\" width=\"64\"><span class=\"labelWrapper\"><span>Calendar</span></span></div>"}, {6e7e688f-98b4-4523-897a-6e97fe673dc3}, {6e7e688f-98b4-4523-897a-6e97fe673dc3}
04-26 00:24:30.184 I/Gecko   (   83): 1398497070192	Marionette	INFO	sendToClient: {"from":"0","value":"<div><img src=\"blob:25ed6214-52fb-4ab4-b881-0e85f3be8ffd\" style=\"visibility: visible;\" role=\"presentation\" height=\"64\" width=\"64\"><span class=\"labelWrapper\"><span>Clock</span></span></div>"}, {4810b4ec-7a2c-4d30-aa64-9519aa1ddaac}, {4810b4ec-7a2c-4d30-aa64-9519aa1ddaac}
04-26 00:24:30.194 I/Gecko   (   83): 1398497070204	Marionette	INFO	sendToClient: {"from":"0","value":"<div><img src=\"blob:23727aae-2656-49d7-8826-624ef3ac6241\" style=\"visibility: visible;\" role=\"presentation\" height=\"64\" width=\"64\"><span class=\"labelWrapper\"><span>Usage</span></span></div>"}, {ac2078f8-cc9f-4dd1-a2fc-7955df234b10}, {ac2078f8-cc9f-4dd1-a2fc-7955df234b10}
04-26 00:24:30.204 I/Gecko   (   83): 1398497070216	Marionette	INFO	sendToClient: {"from":"0","value":"<div><img src=\"blob:a6a9abe1-3878-4149-b55b-db3f6ac706ae\" style=\"visibility: visible;\" role=\"presentation\" height=\"64\" width=\"64\"><span class=\"labelWrapper\"><span>E-Mail</span></span></div>"}, {039c965c-16dd-405d-b31a-2670916159dc}, {039c965c-16dd-405d-b31a-2670916159dc}
04-26 00:24:30.224 I/Gecko   (   83): 1398497070230	Marionette	INFO	sendToClient: {"from":"0","value":"<div><img src=\"blob:729bd6b9-4d7b-49d0-8b72-0a2bc541691f\" style=\"visibility: visible;\" role=\"presentation\" height=\"64\" width=\"64\"><span class=\"labelWrapper\"><span>Music</span></span></div>"}, {51e19e2b-d42c-44e0-ba69-4f6d67e8ae06}, {51e19e2b-d42c-44e0-ba69-4f6d67e8ae06}
04-26 00:24:30.234 I/Gecko   (   83): 1398497070242	Marionette	INFO	sendToClient: {"from":"0","value":"<div><img src=\"blob:c2a8d1be-22e3-4e16-b41f-1a9bf3d44b3e\" style=\"visibility: visible;\" role=\"presentation\" height=\"64\" width=\"64\"><span class=\"labelWrapper\"><span>Video</span></span></div>"}, {272e8126-4d06-41d2-a7af-8252e2989876}, {272e8126-4d06-41d2-a7af-8252e2989876}
04-26 00:24:30.244 I/Gecko   (   83): 1398497070253	Marionette	INFO	sendToClient: {"from":"0","value":"<div><img src=\"blob:f22cfe6e-9d14-4523-9f49-fe29737b2a8c\" style=\"visibility: visible;\" role=\"presentation\" height=\"64\" width=\"64\"><span class=\"labelWrapper mask\"><span>GoldNuggets</span></span></div><span data-is-icon=\"true\" class=\"options\"></span>"}, {e496716c-e1a6-46e1-aaad-245c09b06140}, {e496716c-e1a6-46e1-aaad-245c09b06140}
04-26 00:24:30.254 I/Gecko   (   83): 1398497070264	Marionette	INFO	sendToClient: {"from":"0","value":"<div><img src=\"blob:2b3068bd-5176-497c-b36f-b58a2c158072\" style=\"visibility: visible;\" role=\"presentation\" height=\"64\" width=\"64\"><span class=\"labelWrapper mask\"><span>Space Shooter</span></span></div><span data-is-icon=\"true\" class=\"options\"></span>"}, {960ebc4f-d810-4e9c-bb7c-db8a13ab3705}, {960ebc4f-d810-4e9c-bb7c-db8a13ab3705}
04-26 00:24:30.274 I/Gecko   (   83): 1398497070276	Marionette	INFO	sendToClient: {"from":"0","value":"<div><img src=\"blob:b124a79a-f4cb-4d24-8606-e97d19e2cbf4\" style=\"visibility: visible;\" role=\"presentation\" height=\"64\" width=\"64\"><span class=\"labelWrapper mask\"><span>Rebel Thumb</span></span></div><span data-is-icon=\"true\" class=\"options\"></span>"}, {a2acc5b6-e856-48fb-96bf-6edd4b0355b5}, {a2acc5b6-e856-48fb-96bf-6edd4b0355b5}
04-26 00:24:30.284 I/Gecko   (   83): 1398497070287	Marionette	INFO	sendToClient: {"from":"0","value":"<div><img src=\"blob:f7b35077-4bff-4cf1-a79c-24079a061b12\" style=\"visibility: visible;\" role=\"presentation\" height=\"64\" width=\"64\"><span class=\"labelWrapper mask\"><span>MarriedGames.org</span></span></div><span data-is-icon=\"true\" class=\"options\"></span>"}, {9f9d3d07-e8df-42c8-b9f8-e839b295a354}, {9f9d3d07-e8df-42c8-b9f8-e839b295a354}
04-26 00:24:30.294 I/Gecko   (   83): 1398497070298	Marionette	INFO	sendToClient: {"from":"0","value":"<div><img src=\"blob:1c867de6-ddbe-44ba-9c7a-a6509dbebb38\" style=\"visibility: visible;\" role=\"presentation\" height=\"64\" width=\"64\"><span class=\"labelWrapper\"><span>Phone</span></span></div>"}, {0decc460-c2e8-4b8e-a5b2-3ee9f66a6162}, {0decc460-c2e8-4b8e-a5b2-3ee9f66a6162}
04-26 00:24:30.304 I/Gecko   (   83): 1398497070308	Marionette	INFO	sendToClient: {"from":"0","value":"<div><img src=\"blob:212578eb-4c94-424c-8ea7-9905eb5e90ba\" style=\"visibility: visible;\" role=\"presentation\" height=\"64\" width=\"64\"><span class=\"labelWrapper\"><span>Messages</span></span></div>"}, {d77af1c2-45b7-4235-9344-282af6c7b996}, {d77af1c2-45b7-4235-9344-282af6c7b996}
04-26 00:24:30.314 I/Gecko   (   83): 1398497070319	Marionette	INFO	sendToClient: {"from":"0","value":"<div><img src=\"blob:bb726cea-861e-44ec-baf1-7ac3c9848e24\" style=\"visibility: visible;\" role=\"presentation\" height=\"64\" width=\"64\"><span class=\"labelWrapper\"><span>Contacts</span></span></div>"}, {f92b6c1a-2d3c-4c76-b9cb-0125015c0b68}, {f92b6c1a-2d3c-4c76-b9cb-0125015c0b68}
04-26 00:24:30.324 I/Gecko   (   83): 1398497070333	Marionette	INFO	sendToClient: {"from":"0","value":"<div><img src=\"blob:7baea5ed-16ca-45ec-ae03-2c7c0a1be75d\" style=\"visibility: visible;\" role=\"presentation\" height=\"64\" width=\"64\"><span class=\"labelWrapper\"><span>Browser</span></span></div>"}, {1dae3032-3630-449a-907f-78577c0f174f}, {1dae3032-3630-449a-907f-78577c0f174f}
04-26 00:24:30.334 I/Gecko   (   83): 1398497070342	Marionette	INFO	sendToClient: {"from":"0","value":"app://homescreen.gaiamobile.org/index.html#root"}, {1647de87-b41f-44b8-bf95-d6364a1ba606}, {1647de87-b41f-44b8-bf95-d6364a1ba606}
04-26 00:24:30.344 I/Gecko   (   83): 1398497070349	Marionette	DEBUG	Got request: switchToFrame, data: {"to":"0","sessionId":"3-b2g","name":"switchToFrame","parameters":{"id":null,"focus":true}}, id: {0054f053-ac90-403a-9e3a-f2705d0f59b1}
04-26 00:24:30.374 I/Gecko   (   83): 1398497070385	Marionette	INFO	Switched to frame: {"frameValue":null}
04-26 00:24:30.504 I/Gecko   (   83): 1398497070509	Marionette	INFO	sendToClient: {"from":"0","ok":true}, {0054f053-ac90-403a-9e3a-f2705d0f59b1}, {0054f053-ac90-403a-9e3a-f2705d0f59b1}
04-26 00:24:30.514 I/Gecko   (   83): 1398497070516	Marionette	DEBUG	Got request: switchToFrame, data: {"to":"0","sessionId":"3-b2g","name":"switchToFrame","parameters":{"id":null,"focus":true}}, id: {81d6b7fb-c5eb-429e-bcb4-c73b4884f1b3}
04-26 00:24:30.514 I/Gecko   (   83): 1398497070518	Marionette	INFO	Switched to frame: {"frameValue":null}
04-26 00:24:30.614 I/Gecko   (   83): 1398497070620	Marionette	INFO	sendToClient: {"from":"0","ok":true}, {81d6b7fb-c5eb-429e-bcb4-c73b4884f1b3}, {81d6b7fb-c5eb-429e-bcb4-c73b4884f1b3}
04-26 00:24:30.624 I/Gecko   (   83): 1398497070630	Marionette	DEBUG	Got request: executeWithCallback, data: {"to":"0","sessionId":"3-b2g","name":"executeAsyncScript","parameters":{"specialPowers":false,"scriptTimeout":30000,"newSandbox":true,"args":[],"filename":"app_checker.py","script":"GaiaApps.launchWithManifestURL('http://marriedgames.org/manifest.webapp')","line":106}}, id: {8dbef183-36b6-4112-a998-d2381c8a51a5}
04-26 00:24:30.824 E/GeckoConsole(   83): Content JS LOG at dummy file:334 in GaiaApps.launch: launching app with name 'MarriedGames.org'
04-26 00:24:31.244 I/Gonk    (   83): Setting nice for pid 7216 to 18
04-26 00:24:31.244 I/Gonk    (   83): Changed nice for pid 7216 from 18 to 18.
04-26 00:24:31.244 I/Gecko   (   83): [Parent 83] WARNING: waitpid failed pid:7216 errno:10: file ../../../gecko/ipc/chromium/src/base/process_util_posix.cc, line 254
04-26 00:24:31.274 I/Gonk    (   83): Setting nice for pid 7216 to 1
04-26 00:24:31.274 I/Gonk    (   83): Changed nice for pid 7216 from 18 to 1.
04-26 00:24:31.714 E/[Gralloc-ERROR](   83): int gralloc_register_buffer(const gralloc_module_t*, const native_handle_t*):79 Unable to register handle 0x45ddf380 coming from different process: 83
04-26 00:24:31.714 E/[Gralloc-ERROR](   83): int gralloc_register_buffer(const gralloc_module_t*, const native_handle_t*):79 Unable to register handle 0x45ddf420 coming from different process: 83
04-26 00:24:31.754 E/[Gralloc-ERROR](   83): int gralloc_register_buffer(const gralloc_module_t*, const native_handle_t*):79 Unable to register handle 0x45ddf4c0 coming from different process: 83
04-26 00:24:31.754 E/[Gralloc-ERROR](   83): int gralloc_register_buffer(const gralloc_module_t*, const native_handle_t*):79 Unable to register handle 0x45ddf560 coming from different process: 83
04-26 00:24:31.994 D/Sensors (   83): activate handle=0; drv=0
04-26 00:24:31.994 D/Sensors (   83): Lis3dhSensor: Control set 1
04-26 00:24:31.994 D/Sensors (   83): Lis3dhSensor: mEnabled = 1
04-26 00:24:32.124 I/Gonk    (   83): Setting nice for pid 7186 to 18
04-26 00:24:32.134 I/Gonk    (   83): Changed nice for pid 7186 from 1 to 18.
04-26 00:24:32.194 W/WifiHW  (   83): wifi_command: SIGNAL_POLL
04-26 00:24:32.684 I/Gecko   (   83): 
04-26 00:24:32.684 I/Gecko   (   83): ###!!! [Parent][MessageChannel] Error: Channel error: cannot send/recv
04-26 00:24:32.684 I/Gecko   (   83): 
04-26 00:24:32.754 I/Gecko   (   83): [Parent 83] WARNING: waitpid failed pid:7186 errno:10: file ../../../gecko/ipc/chromium/src/base/process_util_posix.cc, line 254
04-26 00:24:34.224 E/GeckoConsole( 7216): [JavaScript Warning: "SyntaxError: Using //@ to indicate sourceMappingURL pragmas is deprecated. Use //# instead" {file: "http://ajax.googleapis.com/ajax/libs/jquery/1.10.2/jquery.min.js" line: 1}]
04-26 00:24:34.524 E/GeckoConsole( 7216): [JavaScript Warning: "Error: http://ajax.googleapis.com/ajax/libs/jquery/1.10.2/jquery.min.js is being assigned a //# sourceMappingURL, but already has one"]
04-26 00:24:34.754 I/Gecko   (   83): [Parent 83] WARNING: waitpid failed pid:7186 errno:10: file ../../../gecko/ipc/chromium/src/base/process_util_posix.cc, line 254
04-26 00:24:34.754 I/Gecko   (   83): [Parent 83] WARNING: Failed to deliver SIGKILL to 7186!(3).: file ../../../gecko/ipc/chromium/src/chrome/common/process_watcher_posix_sigchld.cc, line 118
04-26 00:24:34.984 E/GeckoConsole( 7216): [JavaScript Warning: "Expected ';' or '}' to terminate declaration but found '!'.  Declaration dropped." {file: "http://marriedgames.org/" line: 81 column: 25 source: "		color:white !important !important;"}]
04-26 00:24:36.414 I/Gonk    (   83): Setting nice for pid 7256 to 18
04-26 00:24:36.414 I/Gonk    (   83): Changed nice for pid 7256 from 0 to 18.
04-26 00:24:37.204 W/WifiHW  (   83): wifi_command: SIGNAL_POLL
04-26 00:24:37.254 E/GeckoConsole( 7216): [JavaScript Warning: "Unknown property 'box-sizing'.  Declaration dropped." {file: "http://marriedgames.org/" line: 0 column: 10 source: "box-sizing:border-box;-moz-box-sizing:border-box;-webkit-box-sizing:border-box;padding:1px;border:1px;display:block;width:4px;margin-top:1%;position:absolute;top:1%;"}]
04-26 00:24:37.264 E/GeckoConsole( 7216): [JavaScript Warning: "Unknown property 'box-sizing'.  Declaration dropped." {file: "http://marriedgames.org/" line: 0 column: 52 source: "padding:0;margin:0;border:0;display:block;box-sizing:content-box;-moz-box-sizing:content-box;-webkit-box-sizing:content-box;"}]
04-26 00:24:37.264 E/GeckoConsole( 7216): [JavaScript Warning: "Unknown property 'box-sizing'.  Declaration dropped." {file: "http://marriedgames.org/" line: 0 column: 52 source: "padding:0;margin:0;border:0;display:block;box-sizing:content-box;-moz-box-sizing:content-box;-webkit-box-sizing:content-box;"}]
04-26 00:24:37.564 I/Gonk    (   83): Setting nice for pid 7256 to 18
04-26 00:24:37.564 I/Gonk    (   83): Changed nice for pid 7256 from 18 to 18.
04-26 00:24:37.564 I/Gecko   (   83): [Parent 83] WARNING: waitpid failed pid:7256 errno:10: file ../../../gecko/ipc/chromium/src/base/process_util_posix.cc, line 254
04-26 00:24:37.564 I/Gonk    (   83): Setting nice for pid 7256 to 1
04-26 00:24:37.564 I/Gonk    (   83): Changed nice for pid 7256 from 18 to 1.
04-26 00:24:37.604 I/Gonk    (   83): Setting nice for pid 7256 to 18
04-26 00:24:37.614 I/Gonk    (   83): Changed nice for pid 7256 from 1 to 18.
04-26 00:24:37.834 E/[Gralloc-ERROR](   83): int gralloc_unregister_buffer(const gralloc_module_t*, const native_handle_t*):274 Trying to unregister buffer 0x45ddf380 from process 83 that was not created in current process: 83
04-26 00:24:37.834 E/GeckoConsole(   83): Content JS LOG at dummy file:326 in GaiaApps.launch/appOpen/<: app with origin 'http://marriedgames.org' has launched
04-26 00:24:37.844 I/Gecko   (   83): 1398497077848	Marionette	INFO	sendToClient: {"from":"0","value":{"frame":{"ELEMENT":"{39fe249b-5763-4968-9fca-6fc3094d0199}"},"src":"http://marriedgames.org/","name":"MarriedGames.org","origin":"http://marriedgames.org"}}, {8dbef183-36b6-4112-a998-d2381c8a51a5}, {8dbef183-36b6-4112-a998-d2381c8a51a5}
04-26 00:24:37.844 E/[Gralloc-ERROR](   83): int gralloc_unregister_buffer(const gralloc_module_t*, const native_handle_t*):274 Trying to unregister buffer 0x45ddf420 from process 83 that was not created in current process: 83
04-26 00:24:37.854 E/[Gralloc-ERROR](   83): int gralloc_unregister_buffer(const gralloc_module_t*, const native_handle_t*):274 Trying to unregister buffer 0x45ddf560 from process 83 that was not created in current process: 83
04-26 00:24:37.854 E/[Gralloc-ERROR](   83): int gralloc_unregister_buffer(const gralloc_module_t*, const native_handle_t*):274 Trying to unregister buffer 0x45ddf4c0 from process 83 that was not created in current process: 83
04-26 00:24:37.864 I/Gecko   (   83): 1398497077869	Marionette	DEBUG	Got request: switchToFrame, data: {"to":"0","sessionId":"3-b2g","name":"switchToFrame","parameters":{"focus":true,"element":"{39fe249b-5763-4968-9fca-6fc3094d0199}"}}, id: {3e40f29e-aafc-4cf2-b05d-73970ae0198a}
04-26 00:24:37.874 I/Gecko   (   83): 1398497077879	Marionette	INFO	Switched to frame: {"frameValue":"{39fe249b-5763-4968-9fca-6fc3094d0199}"}
04-26 00:24:37.874 I/Gecko   (   83): 1398497077883	Marionette	INFO	trying remote frame 0
04-26 00:24:37.884 I/Gecko   (   83): 1398497077891	Marionette	INFO	trying remote frame 1
04-26 00:24:37.884 I/Gecko   (   83): 1398497077892	Marionette	INFO	trying remote frame 2
04-26 00:24:37.884 I/Gecko   (   83): 1398497077893	Marionette	INFO	trying remote frame 3
04-26 00:24:37.884 I/Gecko   (   83): 1398497077895	Marionette	INFO	trying remote frame 4
04-26 00:24:37.884 I/Gecko   (   83): 1398497077896	Marionette	INFO	trying remote frame 5
04-26 00:24:37.894 I/Gecko   (   83): 1398497077899	Marionette	INFO	trying remote frame 6
04-26 00:24:37.894 I/Gecko   (   83): 1398497077900	Marionette	INFO	trying remote frame 7
04-26 00:24:37.894 I/Gecko   (   83): 1398497077901	Marionette	INFO	trying remote frame 8
04-26 00:24:37.894 I/Gecko   (   83): 1398497077901	Marionette	INFO	trying remote frame 9
04-26 00:24:37.894 I/Gecko   (   83): 1398497077903	Marionette	INFO	trying remote frame 10
04-26 00:24:37.894 I/Gecko   (   83): 1398497077904	Marionette	INFO	trying remote frame 11
04-26 00:24:37.894 I/Gecko   (   83): 1398497077905	Marionette	INFO	trying remote frame 12
04-26 00:24:37.894 I/Gecko   (   83): 1398497077906	Marionette	INFO	trying remote frame 13
04-26 00:24:37.904 I/Gecko   (   83): 1398497077907	Marionette	INFO	trying remote frame 14
04-26 00:24:37.904 I/Gecko   (   83): 1398497077908	Marionette	INFO	trying remote frame 15
04-26 00:24:37.904 I/Gecko   (   83): 1398497077909	Marionette	INFO	trying remote frame 16
04-26 00:24:37.904 I/Gecko   (   83): 1398497077910	Marionette	INFO	trying remote frame 17
04-26 00:24:37.904 I/Gecko   (   83): 1398497077911	Marionette	INFO	trying remote frame 18
04-26 00:24:37.904 I/Gecko   (   83): 1398497077912	Marionette	INFO	trying remote frame 19
04-26 00:24:37.904 I/Gecko   (   83): 1398497077913	Marionette	INFO	deleting frame
04-26 00:24:37.914 I/Gecko   (   83): 1398497077920	Marionette	INFO	frame-manager load script: [object ChromeMessageSender]
04-26 00:24:38.614 I/Gecko   (   83): 1398497078619	Marionette	INFO	sendToClient: {"from":"0","ok":true}, {3e40f29e-aafc-4cf2-b05d-73970ae0198a}, {3e40f29e-aafc-4cf2-b05d-73970ae0198a}
04-26 00:24:38.724 I/Gecko   (   83): 1398497078734	Marionette	INFO	sendToClient: {"from":"0","value":"http://marriedgames.org/"}, {4c6e05fc-cd93-472b-a5fb-b2e1138f7edc}, {4c6e05fc-cd93-472b-a5fb-b2e1138f7edc}
04-26 00:24:38.734 I/Gecko   (   83): 1398497078742	Marionette	DEBUG	Got request: execute, data: {"to":"0","sessionId":"3-b2g","name":"executeScript","parameters":{"specialPowers":false,"scriptTimeout":null,"newSandbox":true,"args":[],"filename":"app_checker.py","script":"return window.document.readyState;","line":191}}, id: {bcdf1ecf-4bcb-4e0f-9503-bdc10296ddb8}
