04-26 12:47:23.866 I/Gonk    (   83): Changed nice for pid 632 from 18 to 1.
04-26 12:47:23.916 I/SprdSimpleOMXComponent(   89): fillThisBuffer, buffer: 0xd2f8a0, header: 0xd2fb00, iRefCount: 0
04-26 12:47:23.916 I/SprdSimpleOMXComponent(   89): fillThisBuffer, buffer: 0xd2f8a8, header: 0xd2fc68, iRefCount: 0
04-26 12:47:23.926 I/SprdSimpleOMXComponent(   89): fillThisBuffer, buffer: 0xd2f890, header: 0xd2f828, iRefCount: 0
04-26 12:47:23.996 I/SprdSimpleOMXComponent(   89): fillThisBuffer, buffer: 0xd2f898, header: 0xd2f998, iRefCount: 0
04-26 12:47:23.996 I/SprdSimpleOMXComponent(   89): fillThisBuffer, buffer: 0xd2f8a0, header: 0xd2fb00, iRefCount: 0
04-26 12:47:23.996 I/SprdSimpleOMXComponent(   89): fillThisBuffer, buffer: 0xd2f8a8, header: 0xd2fc68, iRefCount: 0
04-26 12:47:24.006 D/Sensors (   83): activate handle=0; drv=0
04-26 12:47:24.016 D/Sensors (   83): Lis3dhSensor: Control set 0
04-26 12:47:24.016 D/Sensors (   83): Lis3dhSensor: mEnabled = 0
04-26 12:47:24.066 I/SprdSimpleOMXComponent(   89): fillThisBuffer, buffer: 0xd2f890, header: 0xd2f828, iRefCount: 0
04-26 12:47:24.066 I/SprdSimpleOMXComponent(   89): fillThisBuffer, buffer: 0xd2f898, header: 0xd2f998, iRefCount: 0
04-26 12:47:24.066 I/SprdSimpleOMXComponent(   89): fillThisBuffer, buffer: 0xd2f8a0, header: 0xd2fb00, iRefCount: 0
04-26 12:47:24.136 I/SprdSimpleOMXComponent(   89): fillThisBuffer, buffer: 0xd2f8a8, header: 0xd2fc68, iRefCount: 0
04-26 12:47:24.136 I/SprdSimpleOMXComponent(   89): fillThisBuffer, buffer: 0xd2f890, header: 0xd2f828, iRefCount: 0
04-26 12:47:24.216 I/SprdSimpleOMXComponent(   89): fillThisBuffer, buffer: 0xd2f898, header: 0xd2f998, iRefCount: 0
04-26 12:47:24.216 I/SprdSimpleOMXComponent(   89): fillThisBuffer, buffer: 0xd2f8a0, header: 0xd2fb00, iRefCount: 0
04-26 12:47:24.216 I/SprdSimpleOMXComponent(   89): fillThisBuffer, buffer: 0xd2f8a8, header: 0xd2fc68, iRefCount: 0
04-26 12:47:24.286 I/SprdSimpleOMXComponent(   89): fillThisBuffer, buffer: 0xd2f890, header: 0xd2f828, iRefCount: 0
04-26 12:47:24.286 I/SprdSimpleOMXComponent(   89): fillThisBuffer, buffer: 0xd2f898, header: 0xd2f998, iRefCount: 0
04-26 12:47:24.286 I/SprdSimpleOMXComponent(   89): fillThisBuffer, buffer: 0xd2f8a0, header: 0xd2fb00, iRefCount: 0
04-26 12:47:24.356 I/SprdSimpleOMXComponent(   89): fillThisBuffer, buffer: 0xd2f8a8, header: 0xd2fc68, iRefCount: 0
04-26 12:47:24.356 I/SprdSimpleOMXComponent(   89): fillThisBuffer, buffer: 0xd2f890, header: 0xd2f828, iRefCount: 0
04-26 12:47:24.356 I/SprdSimpleOMXComponent(   89): fillThisBuffer, buffer: 0xd2f898, header: 0xd2f998, iRefCount: 0
04-26 12:47:24.426 I/SprdSimpleOMXComponent(   89): fillThisBuffer, buffer: 0xd2f8a0, header: 0xd2fb00, iRefCount: 0
04-26 12:47:24.436 I/SprdSimpleOMXComponent(   89): fillThisBuffer, buffer: 0xd2f8a8, header: 0xd2fc68, iRefCount: 0
04-26 12:47:24.446 I/SprdSimpleOMXComponent(   89): fillThisBuffer, buffer: 0xd2f890, header: 0xd2f828, iRefCount: 0
04-26 12:47:24.536 I/SprdSimpleOMXComponent(   89): fillThisBuffer, buffer: 0xd2f898, header: 0xd2f998, iRefCount: 0
04-26 12:47:24.536 I/SprdSimpleOMXComponent(   89): fillThisBuffer, buffer: 0xd2f8a0, header: 0xd2fb00, iRefCount: 0
04-26 12:47:24.536 I/SprdSimpleOMXComponent(   89): fillThisBuffer, buffer: 0xd2f8a8, header: 0xd2fc68, iRefCount: 0
04-26 12:47:24.606 I/SprdSimpleOMXComponent(   89): fillThisBuffer, buffer: 0xd2f890, header: 0xd2f828, iRefCount: 0
04-26 12:47:24.606 I/SprdSimpleOMXComponent(   89): fillThisBuffer, buffer: 0xd2f898, header: 0xd2f998, iRefCount: 0
04-26 12:47:24.616 I/SprdSimpleOMXComponent(   89): fillThisBuffer, buffer: 0xd2f8a0, header: 0xd2fb00, iRefCount: 0
04-26 12:47:24.686 I/SprdSimpleOMXComponent(   89): fillThisBuffer, buffer: 0xd2f8a8, header: 0xd2fc68, iRefCount: 0
04-26 12:47:24.686 I/SprdSimpleOMXComponent(   89): fillThisBuffer, buffer: 0xd2f890, header: 0xd2f828, iRefCount: 0
04-26 12:47:24.686 I/SprdSimpleOMXComponent(   89): fillThisBuffer, buffer: 0xd2f898, header: 0xd2f998, iRefCount: 0
04-26 12:47:24.756 I/SprdSimpleOMXComponent(   89): fillThisBuffer, buffer: 0xd2f8a0, header: 0xd2fb00, iRefCount: 0
04-26 12:47:24.756 I/SprdSimpleOMXComponent(   89): fillThisBuffer, buffer: 0xd2f8a8, header: 0xd2fc68, iRefCount: 0
04-26 12:47:24.826 I/SprdSimpleOMXComponent(   89): fillThisBuffer, buffer: 0xd2f890, header: 0xd2f828, iRefCount: 0
04-26 12:47:24.826 I/SprdSimpleOMXComponent(   89): fillThisBuffer, buffer: 0xd2f898, header: 0xd2f998, iRefCount: 0
04-26 12:47:24.826 I/SprdSimpleOMXComponent(   89): fillThisBuffer, buffer: 0xd2f8a0, header: 0xd2fb00, iRefCount: 0
04-26 12:47:24.896 I/SprdSimpleOMXComponent(   89): fillThisBuffer, buffer: 0xd2f8a8, header: 0xd2fc68, iRefCount: 0
04-26 12:47:24.906 I/SprdSimpleOMXComponent(   89): fillThisBuffer, buffer: 0xd2f890, header: 0xd2f828, iRefCount: 0
04-26 12:47:24.906 I/SprdSimpleOMXComponent(   89): fillThisBuffer, buffer: 0xd2f898, header: 0xd2f998, iRefCount: 0
04-26 12:47:24.976 I/SprdSimpleOMXComponent(   89): fillThisBuffer, buffer: 0xd2f8a0, header: 0xd2fb00, iRefCount: 0
04-26 12:47:24.976 I/SprdSimpleOMXComponent(   89): fillThisBuffer, buffer: 0xd2f8a8, header: 0xd2fc68, iRefCount: 0
04-26 12:47:24.976 I/SprdSimpleOMXComponent(   89): fillThisBuffer, buffer: 0xd2f890, header: 0xd2f828, iRefCount: 0
04-26 12:47:25.056 I/SprdSimpleOMXComponent(   89): fillThisBuffer, buffer: 0xd2f898, header: 0xd2f998, iRefCount: 0
04-26 12:47:25.056 I/SprdSimpleOMXComponent(   89): fillThisBuffer, buffer: 0xd2f8a0, header: 0xd2fb00, iRefCount: 0
04-26 12:47:25.056 I/SprdSimpleOMXComponent(   89): fillThisBuffer, buffer: 0xd2f8a8, header: 0xd2fc68, iRefCount: 0
04-26 12:47:25.116 I/SprdSimpleOMXComponent(   89): fillThisBuffer, buffer: 0xd2f890, header: 0xd2f828, iRefCount: 0
04-26 12:47:25.116 I/SprdSimpleOMXComponent(   89): fillThisBuffer, buffer: 0xd2f898, header: 0xd2f998, iRefCount: 0
04-26 12:47:25.116 I/SprdSimpleOMXComponent(   89): fillThisBuffer, buffer: 0xd2f8a0, header: 0xd2fb00, iRefCount: 0
04-26 12:47:25.186 I/SprdSimpleOMXComponent(   89): fillThisBuffer, buffer: 0xd2f8a8, header: 0xd2fc68, iRefCount: 0
04-26 12:47:25.196 I/SprdSimpleOMXComponent(   89): fillThisBuffer, buffer: 0xd2f890, header: 0xd2f828, iRefCount: 0
04-26 12:47:25.196 I/SprdSimpleOMXComponent(   89): fillThisBuffer, buffer: 0xd2f898, header: 0xd2f998, iRefCount: 0
04-26 12:47:25.266 I/SprdSimpleOMXComponent(   89): fillThisBuffer, buffer: 0xd2f8a0, header: 0xd2fb00, iRefCount: 0
04-26 12:47:25.266 I/SprdSimpleOMXComponent(   89): fillThisBuffer, buffer: 0xd2f8a8, header: 0xd2fc68, iRefCount: 0
04-26 12:47:25.266 I/SprdSimpleOMXComponent(   89): fillThisBuffer, buffer: 0xd2f890, header: 0xd2f828, iRefCount: 0
04-26 12:47:25.336 I/SprdSimpleOMXComponent(   89): fillThisBuffer, buffer: 0xd2f898, header: 0xd2f998, iRefCount: 0
04-26 12:47:25.336 I/SprdSimpleOMXComponent(   89): fillThisBuffer, buffer: 0xd2f8a0, header: 0xd2fb00, iRefCount: 0
04-26 12:47:25.346 I/Gecko   (   83): 1398541645359	Marionette	INFO	sendToClient: {"from":"0","value":null}, {2c9a8bcc-724c-45fc-9bc4-3bd514447353}, {2c9a8bcc-724c-45fc-9bc4-3bd514447353}
04-26 12:47:25.406 I/SprdSimpleOMXComponent(   89): fillThisBuffer, buffer: 0xd2f8a8, header: 0xd2fc68, iRefCount: 0
04-26 12:47:25.406 I/SprdSimpleOMXComponent(   89): fillThisBuffer, buffer: 0xd2f890, header: 0xd2f828, iRefCount: 0
04-26 12:47:25.406 I/SprdSimpleOMXComponent(   89): fillThisBuffer, buffer: 0xd2f898, header: 0xd2f998, iRefCount: 0
04-26 12:47:25.476 I/SprdSimpleOMXComponent(   89): fillThisBuffer, buffer: 0xd2f8a0, header: 0xd2fb00, iRefCount: 0
04-26 12:47:25.486 I/SprdSimpleOMXComponent(   89): fillThisBuffer, buffer: 0xd2f8a8, header: 0xd2fc68, iRefCount: 0
04-26 12:47:25.496 I/SprdSimpleOMXComponent(   89): fillThisBuffer, buffer: 0xd2f890, header: 0xd2f828, iRefCount: 0
04-26 12:47:25.556 I/SprdSimpleOMXComponent(   89): fillThisBuffer, buffer: 0xd2f898, header: 0xd2f998, iRefCount: 0
04-26 12:47:25.556 I/SprdSimpleOMXComponent(   89): fillThisBuffer, buffer: 0xd2f8a0, header: 0xd2fb00, iRefCount: 0
04-26 12:47:25.556 I/SprdSimpleOMXComponent(   89): fillThisBuffer, buffer: 0xd2f8a8, header: 0xd2fc68, iRefCount: 0
04-26 12:47:25.666 I/SprdSimpleOMXComponent(   89): fillThisBuffer, buffer: 0xd2f890, header: 0xd2f828, iRefCount: 0
04-26 12:47:25.666 I/SprdSimpleOMXComponent(   89): fillThisBuffer, buffer: 0xd2f898, header: 0xd2f998, iRefCount: 0
04-26 12:47:25.666 I/SprdSimpleOMXComponent(   89): fillThisBuffer, buffer: 0xd2f8a0, header: 0xd2fb00, iRefCount: 0
04-26 12:47:25.716 I/Gecko   (   83): 1398541645729	Marionette	DEBUG	Got request: switchToFrame, data: {"to":"0","sessionId":"3-b2g","name":"switchToFrame","parameters":{"id":null,"focus":true}}, id: {4f813553-cbfc-4840-b724-7668db9b76b6}
04-26 12:47:25.736 I/SprdSimpleOMXComponent(   89): fillThisBuffer, buffer: 0xd2f8a8, header: 0xd2fc68, iRefCount: 0
04-26 12:47:25.736 I/SprdSimpleOMXComponent(   89): fillThisBuffer, buffer: 0xd2f890, header: 0xd2f828, iRefCount: 0
04-26 12:47:25.736 I/SprdSimpleOMXComponent(   89): fillThisBuffer, buffer: 0xd2f898, header: 0xd2f998, iRefCount: 0
04-26 12:47:25.766 I/Gecko   (   83): 1398541645777	Marionette	INFO	Switched to frame: {"frameValue":null}
04-26 12:47:25.806 I/SprdSimpleOMXComponent(   89): fillThisBuffer, buffer: 0xd2f8a0, header: 0xd2fb00, iRefCount: 0
04-26 12:47:25.806 I/SprdSimpleOMXComponent(   89): fillThisBuffer, buffer: 0xd2f8a8, header: 0xd2fc68, iRefCount: 0
04-26 12:47:25.806 I/SprdSimpleOMXComponent(   89): fillThisBuffer, buffer: 0xd2f890, header: 0xd2f828, iRefCount: 0
04-26 12:47:25.896 I/SprdSimpleOMXComponent(   89): fillThisBuffer, buffer: 0xd2f898, header: 0xd2f998, iRefCount: 0
04-26 12:47:25.896 I/SprdSimpleOMXComponent(   89): fillThisBuffer, buffer: 0xd2f8a0, header: 0xd2fb00, iRefCount: 0
04-26 12:47:25.896 I/SprdSimpleOMXComponent(   89): fillThisBuffer, buffer: 0xd2f8a8, header: 0xd2fc68, iRefCount: 0
04-26 12:47:25.906 I/Gonk    (   83): Setting nice for pid 541 to 7
04-26 12:47:25.906 I/Gonk    (   83): Changed nice for pid 541 from 1 to 7.
04-26 12:47:25.936 I/Gecko   (   83): 1398541645949	Marionette	INFO	sendToClient: {"from":"0","ok":true}, {4f813553-cbfc-4840-b724-7668db9b76b6}, {4f813553-cbfc-4840-b724-7668db9b76b6}
04-26 12:47:25.956 I/SprdSimpleOMXComponent(   89): fillThisBuffer, buffer: 0xd2f890, header: 0xd2f828, iRefCount: 0
04-26 12:47:25.956 I/SprdSimpleOMXComponent(   89): fillThisBuffer, buffer: 0xd2f898, header: 0xd2f998, iRefCount: 0
04-26 12:47:25.986 I/Gecko   (   83): 1398541646000	Marionette	DEBUG	Got request: executeWithCallback, data: {"to":"0","sessionId":"3-b2g","name":"executeAsyncScript","parameters":{"specialPowers":false,"scriptTimeout":null,"newSandbox":true,"args":[],"filename":"gaia_test.py","script":"return GaiaApps.displayedApp();","line":66}}, id: {69e034f1-05a6-4276-b1c7-311147936d79}
04-26 12:47:26.236 I/Gecko   (   83): 1398541646251	Marionette	INFO	sendToClient: {"from":"0","value":{"frame":{"ELEMENT":"{6cb96405-3985-47e5-93a5-8a1afebe7154}"},"src":"app://homescreen.gaiamobile.org/index.html#root","name":"Homescreen","origin":"app://homescreen.gaiamobile.org"}}, {69e034f1-05a6-4276-b1c7-311147936d79}, {69e034f1-05a6-4276-b1c7-311147936d79}
04-26 12:47:26.236 E/GeckoConsole(   83): Content JS LOG at dummy file:392 in GaiaApps.displayedApp: app with origin 'app://homescreen.gaiamobile.org' is displayed
04-26 12:47:26.266 W/WifiHW  (   83): wifi_command: SIGNAL_POLL
04-26 12:47:26.356 I/Gecko   (   83): 
04-26 12:47:26.356 I/Gecko   (   83): ###!!! [Parent][MessageChannel] Error: Channel error: cannot send/recv
04-26 12:47:26.356 I/Gecko   (   83): 
04-26 12:47:26.486 E/OMXNodeInstance(   89): !!! Observer died. Quickly, do something, ... anything...
04-26 12:47:26.536 V/AudioPolicyManagerBase(   89): stopOutput() output 1, stream 1, session 2
04-26 12:47:26.536 V/AudioPolicyManagerBase(   89): changeRefCount() stream 1, count 0
04-26 12:47:26.536 V/AudioPolicyManagerBase(   89): getNewDevice() selected device 0
04-26 12:47:26.536 D/AudioPolicyManagerBase(   89): setOutputDevice() output 1 device 0 delayMs 290
04-26 12:47:26.536 V/AudioPolicyManagerBase(   89): setOutputDevice() setting same device 0 or null device for output 1
04-26 12:47:26.576 V/AudioPolicyManagerBase(   89): releaseOutput() 1
04-26 12:47:26.596 I/Gecko   (   83): [Parent 83] WARNING: waitpid failed pid:541 errno:10: file ../../../gecko/ipc/chromium/src/base/process_util_posix.cc, line 254
04-26 12:47:26.596 I/Gecko   (   83): 1398541646614	Marionette	DEBUG	Got request: switchToFrame, data: {"to":"0","sessionId":"3-b2g","name":"switchToFrame","parameters":{"id":null,"focus":true}}, id: {fd246703-1ee9-49c2-80f6-e266640c7171}
04-26 12:47:26.606 I/Gecko   (   83): 1398541646616	Marionette	INFO	Switched to frame: {"frameValue":null}
04-26 12:47:26.706 I/Gecko   (   83): 1398541646719	Marionette	INFO	sendToClient: {"from":"0","ok":true}, {fd246703-1ee9-49c2-80f6-e266640c7171}, {fd246703-1ee9-49c2-80f6-e266640c7171}
04-26 12:47:26.716 I/Gecko   (   83): 1398541646726	Marionette	DEBUG	Got request: switchToFrame, data: {"to":"0","sessionId":"3-b2g","name":"switchToFrame","parameters":{"id":null,"focus":true}}, id: {62638acb-a20d-48a1-b884-3e13c9350b53}
04-26 12:47:26.716 I/Gecko   (   83): 1398541646728	Marionette	INFO	Switched to frame: {"frameValue":null}
04-26 12:47:26.816 I/Gecko   (   83): 1398541646830	Marionette	INFO	sendToClient: {"from":"0","ok":true}, {62638acb-a20d-48a1-b884-3e13c9350b53}, {62638acb-a20d-48a1-b884-3e13c9350b53}
04-26 12:47:26.826 I/Gecko   (   83): 1398541646837	Marionette	DEBUG	Got request: executeWithCallback, data: {"to":"0","sessionId":"3-b2g","name":"executeAsyncScript","parameters":{"specialPowers":false,"scriptTimeout":null,"newSandbox":true,"args":[],"filename":"gaia_test.py","script":"return GaiaApps.displayedApp();","line":66}}, id: {2e95fd43-0688-49d4-b80b-5ad029240194}
04-26 12:47:26.876 I/Gecko   (   83): 1398541646891	Marionette	INFO	sendToClient: {"from":"0","value":{"frame":{"ELEMENT":"{6cb96405-3985-47e5-93a5-8a1afebe7154}"},"src":"app://homescreen.gaiamobile.org/index.html#root","name":"Homescreen","origin":"app://homescreen.gaiamobile.org"}}, {2e95fd43-0688-49d4-b80b-5ad029240194}, {2e95fd43-0688-49d4-b80b-5ad029240194}
04-26 12:47:26.876 E/GeckoConsole(   83): Content JS LOG at dummy file:392 in GaiaApps.displayedApp: app with origin 'app://homescreen.gaiamobile.org' is displayed
04-26 12:47:26.886 I/Gecko   (   83): 1398541646898	Marionette	DEBUG	Got request: switchToFrame, data: {"to":"0","sessionId":"3-b2g","name":"switchToFrame","parameters":{"focus":true,"element":"{6cb96405-3985-47e5-93a5-8a1afebe7154}"}}, id: {3d13add4-09b4-43a3-ab28-f9147f7c7014}
04-26 12:47:26.896 I/Gecko   (   83): 1398541646914	Marionette	INFO	Switched to frame: {"frameValue":"{6cb96405-3985-47e5-93a5-8a1afebe7154}"}
04-26 12:47:26.906 I/Gecko   (   83): 1398541646918	Marionette	INFO	trying remote frame 0
04-26 12:47:26.906 I/Gecko   (   83): 1398541646924	Marionette	INFO	deleting frame
04-26 12:47:26.916 I/Gecko   (   83): 1398541646929	Marionette	INFO	frame-manager load script: [object ChromeMessageSender]
04-26 12:47:27.216 I/Gecko   (  632): ###################################### forms.js loaded
04-26 12:47:27.236 I/Gecko   (  632): ############################### browserElementPanning.js loaded
04-26 12:47:27.266 I/Gecko   (  632): ######################## BrowserElementChildPreload.js loaded
04-26 12:47:28.076 I/Gecko   (   83): 1398541648088	Marionette	INFO	sendToClient: {"from":"0","ok":true}, {3d13add4-09b4-43a3-ab28-f9147f7c7014}, {3d13add4-09b4-43a3-ab28-f9147f7c7014}
04-26 12:47:28.336 I/Gecko   (   83): 1398541648347	Marionette	INFO	sendToClient: {"from":"0","value":"app://homescreen.gaiamobile.org/index.html#root"}, {f5fc0637-0e5f-412e-9141-600ffb2b2b04}, {f5fc0637-0e5f-412e-9141-600ffb2b2b04}
04-26 12:47:28.346 I/Gecko   (   83): 1398541648360	Marionette	DEBUG	Got request: switchToFrame, data: {"to":"0","sessionId":"3-b2g","name":"switchToFrame","parameters":{"id":null,"focus":true}}, id: {fa3d1c5c-b281-4d0d-8d79-60d7bfdc69fc}
04-26 12:47:28.356 I/Gecko   (   83): 1398541648374	Marionette	INFO	Switched to frame: {"frameValue":null}
04-26 12:47:28.476 I/Gecko   (   83): 1398541648491	Marionette	INFO	sendToClient: {"from":"0","ok":true}, {fa3d1c5c-b281-4d0d-8d79-60d7bfdc69fc}, {fa3d1c5c-b281-4d0d-8d79-60d7bfdc69fc}
04-26 12:47:28.486 I/Gecko   (   83): 1398541648498	Marionette	DEBUG	Got request: switchToFrame, data: {"to":"0","sessionId":"3-b2g","name":"switchToFrame","parameters":{"id":null,"focus":true}}, id: {a887b039-5c50-4eea-9eab-c66adfd426a4}
04-26 12:47:28.486 I/Gecko   (   83): 1398541648504	Marionette	INFO	Switched to frame: {"frameValue":null}
04-26 12:47:28.596 I/Gecko   (   83): [Parent 83] WARNING: waitpid failed pid:541 errno:10: file ../../../gecko/ipc/chromium/src/base/process_util_posix.cc, line 254
04-26 12:47:28.596 I/Gecko   (   83): [Parent 83] WARNING: Failed to deliver SIGKILL to 541!(3).: file ../../../gecko/ipc/chromium/src/chrome/common/process_watcher_posix_sigchld.cc, line 118
04-26 12:47:28.596 I/Gecko   (   83): 1398541648614	Marionette	INFO	sendToClient: {"from":"0","ok":true}, {a887b039-5c50-4eea-9eab-c66adfd426a4}, {a887b039-5c50-4eea-9eab-c66adfd426a4}
04-26 12:47:28.606 I/Gecko   (   83): 1398541648622	Marionette	DEBUG	Got request: executeWithCallback, data: {"to":"0","sessionId":"3-b2g","name":"executeAsyncScript","parameters":{"specialPowers":false,"scriptTimeout":null,"newSandbox":true,"args":[],"filename":"gaia_test.py","script":"GaiaApps.killAll()","line":91}}, id: {6d42f3d5-10f1-4d4d-b6cf-de15cb873897}
04-26 12:47:28.876 E/GeckoConsole(   83): Content JS LOG at dummy file:266 in GaiaApps.kill: terminating app with origin 'app://browser.gaiamobile.org'
04-26 12:47:28.886 E/GeckoConsole(   83): Content JS LOG at dummy file:258 in GaiaApps.kill/gt_onAppTerminated/<: app with origin 'app://browser.gaiamobile.org' has terminated
04-26 12:47:29.116 I/Gecko   (   83): 1398541649126	Marionette	INFO	sendToClient: {"from":"0","value":true}, {6d42f3d5-10f1-4d4d-b6cf-de15cb873897}, {6d42f3d5-10f1-4d4d-b6cf-de15cb873897}
04-26 12:47:29.146 I/Gonk    (   83): Setting nice for pid 652 to 18
04-26 12:47:29.146 W/audio_hw_primary(   89): do_output_standby.mode:0 
04-26 12:47:29.146 I/Gonk    (   83): Changed nice for pid 652 from 0 to 18.
04-26 12:47:29.206 I/Gecko   (   83): 1398541649223	Marionette	DEBUG	Got request: switchToFrame, data: {"to":"0","sessionId":"3-b2g","name":"switchToFrame","parameters":{"id":null,"focus":true}}, id: {67c548ea-e42c-436a-9962-31f582bc7677}
04-26 12:47:29.216 I/Gecko   (   83): 1398541649226	Marionette	INFO	Switched to frame: {"frameValue":null}
04-26 12:47:29.316 I/Gecko   (   83): 1398541649330	Marionette	INFO	sendToClient: {"from":"0","ok":true}, {67c548ea-e42c-436a-9962-31f582bc7677}, {67c548ea-e42c-436a-9962-31f582bc7677}
04-26 12:47:29.326 I/Gecko   (   83): 1398541649338	Marionette	DEBUG	Got request: executeWithCallback, data: {"to":"0","sessionId":"3-b2g","name":"executeAsyncScript","parameters":{"specialPowers":false,"scriptTimeout":60000,"newSandbox":true,"args":[],"filename":"app_checker.py","script":"\n        GaiaApps.locateWithManifestURL('https://marketplace.firefox.com/app/c0f2e662-1029-46da-bc1f-a0bca4c01b1b/manifest.webapp',\n                                       null,\n                                       function uninstall(app) {\n                                       navigator.mozApps.mgmt.uninstall(app);\n                                       marionetteScriptFinished(true);\n                                       });\n        ","line":129}}, id: {5583baa2-0a0a-4717-a773-ca6a48c4ac35}
04-26 12:47:29.396 I/Gecko   (   83): -- webapps.js uninstall https://marketplace.firefox.com/app/c0f2e662-1029-46da-bc1f-a0bca4c01b1b/manifest.webapp
04-26 12:47:29.736 I/Gecko   (   83): 1398541649751	Marionette	INFO	sendToClient: {"from":"0","value":true}, {5583baa2-0a0a-4717-a773-ca6a48c4ac35}, {5583baa2-0a0a-4717-a773-ca6a48c4ac35}