04-25 21:54:50.110 I/Gecko   (   83): 1398488090122	Marionette	INFO	sendToClient: {"from":"0","value":""}, {c18f596e-6253-43c7-9da7-ef3edf2637d0}, {c18f596e-6253-43c7-9da7-ef3edf2637d0}
04-25 21:54:50.140 I/Gecko   (  881): ######################## BrowserElementChildPreload.js loaded
04-25 21:54:50.160 I/Gecko   (   83): 1398488090179	Marionette	INFO	sendToClient: {"from":"0","value":""}, {d177fdb6-d376-45b1-9ff2-a0ca10e71607}, {d177fdb6-d376-45b1-9ff2-a0ca10e71607}
04-25 21:54:50.210 I/Gecko   (   83): 1398488090221	Marionette	INFO	sendToClient: {"from":"0","value":""}, {22096235-4662-419c-8ca6-d5e5da12f339}, {22096235-4662-419c-8ca6-d5e5da12f339}
04-25 21:54:50.230 I/Gecko   (   83): 1398488090242	Marionette	INFO	sendToClient: {"from":"0","value":""}, {65649c68-f7e2-43a9-b744-191115c05487}, {65649c68-f7e2-43a9-b744-191115c05487}
04-25 21:54:50.260 I/Gecko   (   83): 1398488090275	Marionette	INFO	sendToClient: {"from":"0","value":""}, {f0ff1392-d08b-4116-a08e-d979236dde93}, {f0ff1392-d08b-4116-a08e-d979236dde93}
04-25 21:54:50.280 I/Gecko   (   83): [Parent 83] WARNING: waitpid failed pid:816 errno:10: file ../../../gecko/ipc/chromium/src/base/process_util_posix.cc, line 254
04-25 21:54:50.280 I/Gecko   (   83): [Parent 83] WARNING: Failed to deliver SIGKILL to 816!(3).: file ../../../gecko/ipc/chromium/src/chrome/common/process_watcher_posix_sigchld.cc, line 118
04-25 21:54:50.510 I/Gecko   (   83): 1398488090529	Marionette	INFO	sendToClient: {"from":"0","value":""}, {2cb40af7-3116-49f0-b8a5-d9481839d732}, {2cb40af7-3116-49f0-b8a5-d9481839d732}
04-25 21:54:50.540 I/Gecko   (   83): 1398488090559	Marionette	INFO	sendToClient: {"from":"0","value":""}, {c6dc24ec-7120-4efc-81d4-09d32e8774f3}, {c6dc24ec-7120-4efc-81d4-09d32e8774f3}
04-25 21:54:50.570 I/Gecko   (   83): 1398488090588	Marionette	INFO	sendToClient: {"from":"0","value":""}, {4710963f-a38f-487a-92e6-60ac052253ba}, {4710963f-a38f-487a-92e6-60ac052253ba}
04-25 21:54:50.580 I/Gecko   (   83): 1398488090599	Marionette	INFO	sendToClient: {"from":"0","value":""}, {1d61144e-1c94-4ec9-b5d4-e9ad168a0d92}, {1d61144e-1c94-4ec9-b5d4-e9ad168a0d92}
04-25 21:54:50.690 I/Gecko   (   83): 1398488090704	Marionette	INFO	sendToClient: {"from":"0","value":""}, {360e7915-e30e-41f3-bb82-f735e84b9299}, {360e7915-e30e-41f3-bb82-f735e84b9299}
04-25 21:54:50.710 I/Gecko   (   83): 1398488090726	Marionette	INFO	sendToClient: {"from":"0","value":""}, {e652d411-e3e2-4ec2-8bf4-69fdd8972504}, {e652d411-e3e2-4ec2-8bf4-69fdd8972504}
04-25 21:54:50.780 I/Gecko   (   83): 1398488090795	Marionette	INFO	sendToClient: {"from":"0","value":""}, {fbddd2c4-294d-4153-8c2a-8d948b3e664d}, {fbddd2c4-294d-4153-8c2a-8d948b3e664d}
04-25 21:54:50.810 I/Gecko   (   83): 1398488090829	Marionette	INFO	sendToClient: {"from":"0","value":""}, {4572b8d8-2e8f-4efa-a227-cdedc26ee3c5}, {4572b8d8-2e8f-4efa-a227-cdedc26ee3c5}
04-25 21:54:50.840 I/Gecko   (   83): 1398488090859	Marionette	INFO	sendToClient: {"from":"0","value":""}, {fb6db8eb-fe8b-4d6c-9152-6919bf9c581a}, {fb6db8eb-fe8b-4d6c-9152-6919bf9c581a}
04-25 21:54:50.880 I/Gecko   (   83): 1398488090891	Marionette	INFO	sendToClient: {"from":"0","value":""}, {d1610aa2-087f-45cb-9ae8-cd150033ee4e}, {d1610aa2-087f-45cb-9ae8-cd150033ee4e}
04-25 21:54:50.900 I/Gecko   (   83): 1398488090916	Marionette	INFO	sendToClient: {"from":"0","value":""}, {905def00-eaab-4149-911f-22802a1d0455}, {905def00-eaab-4149-911f-22802a1d0455}
04-25 21:54:50.920 I/Gecko   (   83): 1398488090936	Marionette	INFO	sendToClient: {"from":"0","value":""}, {a0a6b3a8-0caf-4e5b-8feb-8ba73ad3e860}, {a0a6b3a8-0caf-4e5b-8feb-8ba73ad3e860}
04-25 21:54:50.960 I/Gecko   (   83): 1398488090979	Marionette	INFO	sendToClient: {"from":"0","value":""}, {39629c69-f352-4b96-b031-0b96ddd201ca}, {39629c69-f352-4b96-b031-0b96ddd201ca}
04-25 21:54:50.980 I/Gecko   (   83): 1398488090997	Marionette	INFO	sendToClient: {"from":"0","value":""}, {8297c0f3-f22b-449e-ae06-e52408e62d71}, {8297c0f3-f22b-449e-ae06-e52408e62d71}
04-25 21:54:51.010 I/Gecko   (   83): 1398488091027	Marionette	INFO	sendToClient: {"from":"0","value":""}, {af6e77d0-0bb1-4781-8477-ae2a692ae5e7}, {af6e77d0-0bb1-4781-8477-ae2a692ae5e7}
04-25 21:54:51.040 I/Gecko   (   83): 1398488091055	Marionette	INFO	sendToClient: {"from":"0","value":""}, {4e6fc9ae-2761-41cd-9f45-ec8111ac907b}, {4e6fc9ae-2761-41cd-9f45-ec8111ac907b}
04-25 21:54:51.070 I/Gecko   (   83): 1398488091083	Marionette	INFO	sendToClient: {"from":"0","value":""}, {ceed299d-4b2a-4758-919d-7b877b5a9cc4}, {ceed299d-4b2a-4758-919d-7b877b5a9cc4}
04-25 21:54:51.070 I/Gecko   (  881): ###################################### forms.js loaded
04-25 21:54:51.100 I/Gecko   (   83): 1398488091111	Marionette	INFO	sendToClient: {"from":"0","value":""}, {431b5e8d-cace-4e04-984b-100cb504fe66}, {431b5e8d-cace-4e04-984b-100cb504fe66}
04-25 21:54:51.120 I/Gecko   (  881): ############################### browserElementPanning.js loaded
04-25 21:54:51.130 I/Gecko   (   83): 1398488091140	Marionette	INFO	sendToClient: {"from":"0","value":""}, {8f9524b3-16a7-492b-811a-6ab863479145}, {8f9524b3-16a7-492b-811a-6ab863479145}
04-25 21:54:51.140 I/Gecko   (   83): 1398488091159	Marionette	INFO	sendToClient: {"from":"0","value":""}, {b02d5780-fd42-42e0-bcbb-00374a34b49e}, {b02d5780-fd42-42e0-bcbb-00374a34b49e}
04-25 21:54:51.180 I/Gecko   (   83): 1398488091191	Marionette	INFO	sendToClient: {"from":"0","value":""}, {7b403349-0ac4-4208-b3ef-5847ea51634f}, {7b403349-0ac4-4208-b3ef-5847ea51634f}
04-25 21:54:51.200 I/Gecko   (   83): 1398488091216	Marionette	INFO	sendToClient: {"from":"0","value":""}, {a8ae8578-0658-415a-8590-412d7a5f4c50}, {a8ae8578-0658-415a-8590-412d7a5f4c50}
04-25 21:54:51.230 I/Gecko   (   83): 1398488091246	Marionette	INFO	sendToClient: {"from":"0","value":""}, {eb35df31-652c-4490-9820-bcb26d57b6f3}, {eb35df31-652c-4490-9820-bcb26d57b6f3}
04-25 21:54:51.260 I/Gecko   (  881): ######################## BrowserElementChildPreload.js loaded
04-25 21:54:51.280 I/Gecko   (   83): 1398488091291	Marionette	INFO	sendToClient: {"from":"0","value":""}, {e2be1634-84e9-4d56-b434-44ce037b3ee2}, {e2be1634-84e9-4d56-b434-44ce037b3ee2}
04-25 21:54:51.310 I/Gecko   (   83): 1398488091325	Marionette	INFO	sendToClient: {"from":"0","value":""}, {47d5af53-3f5e-4cd9-a007-adb57fe77d45}, {47d5af53-3f5e-4cd9-a007-adb57fe77d45}
04-25 21:54:51.340 I/Gecko   (   83): 1398488091350	Marionette	INFO	sendToClient: {"from":"0","value":""}, {ed3c26d7-6624-4ee5-b602-892baeaa7d5d}, {ed3c26d7-6624-4ee5-b602-892baeaa7d5d}
04-25 21:54:51.340 I/GeckoDump(   83): XXX FIXME : Got a mozContentEvent: undefined
04-25 21:54:51.520 I/Gecko   (   83): 1398488091536	Marionette	INFO	sendToClient: {"from":"0","value":""}, {c3b914ac-5767-4120-9e4e-45441e97b20f}, {c3b914ac-5767-4120-9e4e-45441e97b20f}
04-25 21:54:51.730 I/Gecko   (   83): 1398488091740	Marionette	INFO	sendToClient: {"from":"0","value":""}, {203e4914-77d5-4940-a9d5-d33630a80451}, {203e4914-77d5-4940-a9d5-d33630a80451}
04-25 21:54:51.760 I/Gecko   (   83): 1398488091772	Marionette	INFO	sendToClient: {"from":"0","value":""}, {7219de72-b407-4f02-b03e-ba4e50c6eb57}, {7219de72-b407-4f02-b03e-ba4e50c6eb57}
04-25 21:54:51.820 I/Gecko   (   83): 1398488091832	Marionette	INFO	sendToClient: {"from":"0","value":""}, {06ef2e61-a8fb-48ab-9b6b-2f0ba87d1c4f}, {06ef2e61-a8fb-48ab-9b6b-2f0ba87d1c4f}
04-25 21:54:51.840 W/WifiHW  (   83): wifi_command: SIGNAL_POLL
04-25 21:54:51.890 I/Gecko   (   83): 1398488091903	Marionette	INFO	sendToClient: {"from":"0","value":""}, {56739f15-c4cb-4928-902d-513ce21ec159}, {56739f15-c4cb-4928-902d-513ce21ec159}
04-25 21:54:52.040 I/Gecko   (   83): 1398488092054	Marionette	INFO	sendToClient: {"from":"0","value":""}, {c2334e59-0b0c-4194-a263-8604301dc306}, {c2334e59-0b0c-4194-a263-8604301dc306}
04-25 21:54:52.080 I/Gonk    (   83): Setting nice for pid 899 to 18
04-25 21:54:52.080 I/Gonk    (   83): Changed nice for pid 899 from 0 to 18.
04-25 21:54:52.230 I/Gecko   (   83): 1398488092243	Marionette	INFO	sendToClient: {"from":"0","value":""}, {e37aade7-4958-4825-81d9-731b9f8ffa56}, {e37aade7-4958-4825-81d9-731b9f8ffa56}
04-25 21:54:52.260 I/Gecko   (   83): 1398488092274	Marionette	INFO	sendToClient: {"from":"0","value":""}, {eb337105-7507-4418-b119-9dc24d30071c}, {eb337105-7507-4418-b119-9dc24d30071c}
04-25 21:54:52.290 I/Gecko   (   83): 1398488092310	Marionette	INFO	sendToClient: {"from":"0","value":""}, {d49ce6cf-88a7-4f56-aab9-fbe209264eba}, {d49ce6cf-88a7-4f56-aab9-fbe209264eba}
04-25 21:54:52.430 I/Gecko   (   83): 1398488092450	Marionette	INFO	sendToClient: {"from":"0","value":""}, {d8511d7f-c32a-436c-ac70-953537114a31}, {d8511d7f-c32a-436c-ac70-953537114a31}
04-25 21:54:52.680 I/Gecko   (   83): 1398488092699	Marionette	INFO	sendToClient: {"from":"0","value":""}, {e2ff54d3-4056-4dd4-9e84-fcf22eeb8729}, {e2ff54d3-4056-4dd4-9e84-fcf22eeb8729}
04-25 21:54:52.740 I/Gecko   (   83): 1398488092752	Marionette	INFO	sendToClient: {"from":"0","value":""}, {4edec369-05a4-40cd-9b09-223dd1c820a6}, {4edec369-05a4-40cd-9b09-223dd1c820a6}
04-25 21:54:52.840 I/Gecko   (   83): 1398488092852	Marionette	INFO	sendToClient: {"from":"0","value":""}, {1946cafe-c522-4ca2-8caf-db8f4c4a1383}, {1946cafe-c522-4ca2-8caf-db8f4c4a1383}
04-25 21:54:52.880 I/Gecko   (   83): 1398488092892	Marionette	INFO	sendToClient: {"from":"0","value":""}, {b00f122b-f1e6-4f42-a154-08d87f4ca6b3}, {b00f122b-f1e6-4f42-a154-08d87f4ca6b3}
04-25 21:54:52.930 I/Gecko   (   83): 1398488092946	Marionette	INFO	sendToClient: {"from":"0","value":""}, {61829c15-a53a-4ac9-803c-034eaedf38c7}, {61829c15-a53a-4ac9-803c-034eaedf38c7}
04-25 21:54:53.040 I/Gecko   (   83): 1398488093056	Marionette	INFO	sendToClient: {"from":"0","value":""}, {2adcf13a-197f-4edb-8ff1-a708103a654c}, {2adcf13a-197f-4edb-8ff1-a708103a654c}
04-25 21:54:53.140 I/Gecko   (   83): 1398488093154	Marionette	INFO	sendToClient: {"from":"0","value":""}, {b4c83df7-c72d-4f02-a6b7-ed83353bb11c}, {b4c83df7-c72d-4f02-a6b7-ed83353bb11c}
04-25 21:54:53.260 I/Gecko   (   83): 1398488093279	Marionette	INFO	sendToClient: {"from":"0","value":""}, {f187d3c8-5c39-4c11-8ce2-90f1ef031492}, {f187d3c8-5c39-4c11-8ce2-90f1ef031492}
04-25 21:54:53.320 I/Gecko   (   83): 1398488093334	Marionette	INFO	sendToClient: {"from":"0","value":""}, {862e88c9-5e50-4736-b3c8-1b24bccc915f}, {862e88c9-5e50-4736-b3c8-1b24bccc915f}
04-25 21:54:53.360 I/Gecko   (   83): 1398488093379	Marionette	INFO	sendToClient: {"from":"0","value":""}, {16a1062b-2df1-4a3f-91cd-830715c57d19}, {16a1062b-2df1-4a3f-91cd-830715c57d19}
04-25 21:54:53.400 E/GeckoConsole(  881): [JavaScript Error: "uncaught exception: target window is same as present window -- not allowed"]
04-25 21:54:53.420 I/Gecko   (   83): 1398488093433	Marionette	INFO	sendToClient: {"from":"0","value":""}, {18f3edb7-c065-432d-80ce-a12e844e31d8}, {18f3edb7-c065-432d-80ce-a12e844e31d8}
04-25 21:54:53.500 I/Gecko   (   83): 1398488093512	Marionette	INFO	sendToClient: {"from":"0","value":""}, {3bcdd4fd-a54c-4850-b4e4-373320dda7f3}, {3bcdd4fd-a54c-4850-b4e4-373320dda7f3}
04-25 21:54:53.660 I/Gecko   (   83): 1398488093672	Marionette	INFO	sendToClient: {"from":"0","value":""}, {cf475029-0cb1-4d2a-a045-63b3fea605b0}, {cf475029-0cb1-4d2a-a045-63b3fea605b0}
04-25 21:54:53.850 I/Gecko   (   83): 1398488093862	Marionette	INFO	sendToClient: {"from":"0","value":""}, {6a057d82-4970-4256-8fd0-87bbf663993f}, {6a057d82-4970-4256-8fd0-87bbf663993f}
04-25 21:54:54.220 I/GeckoDump(   83): XXX FIXME : Got a mozContentEvent: undefined
04-25 21:54:54.530 I/Gecko   (   83): 1398488094542	Marionette	INFO	sendToClient: {"from":"0","value":""}, {3c5c0e91-bd14-42b5-a2a7-9229c2ed7314}, {3c5c0e91-bd14-42b5-a2a7-9229c2ed7314}
04-25 21:54:55.100 E/GeckoConsole(   83): Content JS LOG at https://marketplace.cdn.mozilla.net/media/fireplace/js/include.js?b=1398192110201:5 in s/<: [mkt] Reloading chrome
04-25 21:54:55.300 I/Gecko   (   83): [Parent 83] WARNING: waitpid failed pid:881 errno:10: file ../../../gecko/ipc/chromium/src/base/process_util_posix.cc, line 254
04-25 21:54:55.370 I/Gecko   (   83): 1398488095385	Marionette	INFO	sendToClient: {"from":"0","value":""}, {ab66614d-ae34-458f-b718-b2b481e09822}, {ab66614d-ae34-458f-b718-b2b481e09822}
04-25 21:54:55.400 I/Gecko   (   83): 1398488095413	Marionette	INFO	sendToClient: {"from":"0","value":""}, {600d24ae-8d47-449e-8ec0-b4ab4fbd1356}, {600d24ae-8d47-449e-8ec0-b4ab4fbd1356}
04-25 21:54:55.430 I/Gecko   (   83): 1398488095442	Marionette	INFO	sendToClient: {"from":"0","value":""}, {09dc8bf0-325d-447e-a486-ae46293c4948}, {09dc8bf0-325d-447e-a486-ae46293c4948}
04-25 21:54:55.470 I/Gecko   (   83): 1398488095483	Marionette	INFO	sendToClient: {"from":"0","value":""}, {02617d6b-c0d0-4824-a63b-64b35dd256f2}, {02617d6b-c0d0-4824-a63b-64b35dd256f2}
04-25 21:54:55.530 I/Gecko   (  899): ###################################### forms.js loaded
04-25 21:54:55.570 I/Gecko   (   83): 1398488095586	Marionette	INFO	sendToClient: {"from":"0","value":""}, {bde5c4c2-2a2e-411e-88cd-13897da5706b}, {bde5c4c2-2a2e-411e-88cd-13897da5706b}
04-25 21:54:55.590 I/Gecko   (  899): ############################### browserElementPanning.js loaded
04-25 21:54:55.600 I/Gecko   (   83): 1398488095614	Marionette	INFO	sendToClient: {"from":"0","value":""}, {b27dcc41-8cbe-4bdd-89e6-1aa0090269fe}, {b27dcc41-8cbe-4bdd-89e6-1aa0090269fe}
04-25 21:54:55.650 I/Gecko   (  899): ######################## BrowserElementChildPreload.js loaded
04-25 21:54:55.680 I/Gecko   (   83): 1398488095696	Marionette	INFO	sendToClient: {"from":"0","value":""}, {bc956e3f-62d4-4b74-8542-f6983a697ec5}, {bc956e3f-62d4-4b74-8542-f6983a697ec5}
04-25 21:54:55.700 I/Gecko   (   83): 1398488095711	Marionette	DEBUG	Got request: switchToFrame, data: {"to":"0","sessionId":"3-b2g","name":"switchToFrame","parameters":{"id":null,"focus":true}}, id: {a65163ba-6151-40d0-95f9-0236dbcc167a}
04-25 21:54:55.700 I/Gecko   (   83): 1398488095715	Marionette	INFO	Switched to frame: {"frameValue":null}
04-25 21:54:55.800 I/Gecko   (   83): 1398488095818	Marionette	INFO	sendToClient: {"from":"0","ok":true}, {a65163ba-6151-40d0-95f9-0236dbcc167a}, {a65163ba-6151-40d0-95f9-0236dbcc167a}
04-25 21:54:55.810 I/Gecko   (   83): 1398488095824	Marionette	DEBUG	Got request: switchToFrame, data: {"to":"0","sessionId":"3-b2g","name":"switchToFrame","parameters":{"id":null,"focus":true}}, id: {4e26eb05-aa17-4a55-bb2a-6931199df81a}
04-25 21:54:55.810 I/Gecko   (   83): 1398488095826	Marionette	INFO	Switched to frame: {"frameValue":null}
04-25 21:54:55.910 I/Gecko   (   83): 1398488095928	Marionette	INFO	sendToClient: {"from":"0","ok":true}, {4e26eb05-aa17-4a55-bb2a-6931199df81a}, {4e26eb05-aa17-4a55-bb2a-6931199df81a}
04-25 21:54:55.920 I/Gecko   (   83): 1398488095936	Marionette	DEBUG	Got request: executeWithCallback, data: {"to":"0","sessionId":"3-b2g","name":"executeAsyncScript","parameters":{"specialPowers":false,"scriptTimeout":null,"newSandbox":true,"args":[],"filename":"gaia_test.py","script":"return GaiaApps.displayedApp();","line":66}}, id: {09a64437-a60e-485c-89b7-0279a193ba13}
04-25 21:54:56.030 E/GeckoConsole(   83): Content JS LOG at dummy file:392 in GaiaApps.displayedApp: app with origin 'app://browser.gaiamobile.org' is displayed
04-25 21:54:56.030 I/Gecko   (   83): 1398488096043	Marionette	INFO	sendToClient: {"from":"0","value":{"frame":{"ELEMENT":"{aee4bdd7-cae8-4753-b6c2-184f73ed43ea}"},"src":"app://browser.gaiamobile.org/index.html","name":"Browser","origin":"app://browser.gaiamobile.org"}}, {09a64437-a60e-485c-89b7-0279a193ba13}, {09a64437-a60e-485c-89b7-0279a193ba13}
04-25 21:54:56.030 I/Gecko   (   83): 1398488096049	Marionette	DEBUG	Got request: switchToFrame, data: {"to":"0","sessionId":"3-b2g","name":"switchToFrame","parameters":{"focus":true,"element":"{aee4bdd7-cae8-4753-b6c2-184f73ed43ea}"}}, id: {3aa74b3c-7c7d-4b5e-8b8d-e2eb40878beb}
04-25 21:54:56.040 I/Gecko   (   83): 1398488096059	Marionette	INFO	Switched to frame: {"frameValue":"{aee4bdd7-cae8-4753-b6c2-184f73ed43ea}"}
04-25 21:54:56.150 I/Gecko   (   83): 1398488096162	Marionette	INFO	sendToClient: {"from":"0","ok":true}, {3aa74b3c-7c7d-4b5e-8b8d-e2eb40878beb}, {3aa74b3c-7c7d-4b5e-8b8d-e2eb40878beb}
04-25 21:54:56.170 I/Gecko   (   83): 1398488096188	Marionette	INFO	sendToClient: {"from":"0","value":"https://marketplace.firefox.com/"}, {c86db477-5f5a-4ec8-b144-04952ed5ec9b}, {c86db477-5f5a-4ec8-b144-04952ed5ec9b}
04-25 21:54:56.180 I/Gecko   (   83): 1398488096195	Marionette	DEBUG	Got request: execute, data: {"to":"0","sessionId":"3-b2g","name":"executeScript","parameters":{"specialPowers":false,"scriptTimeout":null,"newSandbox":true,"args":[],"filename":"app_checker.py","script":"return window.wrappedJSObject.marionette_install_result","line":339}}, id: {aa249b4d-ed76-4dd2-91d4-32fadc6ef96b}
04-25 21:54:56.200 I/Gecko   (   83): 1398488096218	Marionette	INFO	sendToClient: {"from":"0","value":null}, {aa249b4d-ed76-4dd2-91d4-32fadc6ef96b}, {aa249b4d-ed76-4dd2-91d4-32fadc6ef96b}