04-26 10:56:27.736 I/Gonk    (   83): Changed nice for pid 2061 from 0 to 18.
04-26 10:56:30.346 W/WifiHW  (   83): wifi_command: SIGNAL_POLL
04-26 10:56:34.596 I/Gecko   (   83): 
04-26 10:56:34.596 I/Gecko   (   83): ###!!! [Parent][MessageChannel] Error: Channel error: cannot send/recv
04-26 10:56:34.596 I/Gecko   (   83): 
04-26 10:56:35.116 E/GeckoConsole(   83): [JavaScript Error: "[Exception... "Component returned failure code: 0x80070057 (NS_ERROR_ILLEGAL_VALUE) [nsIXPCComponents_Utils.isDeadWrapper]"  nsresult: "0x80070057 (NS_ERROR_ILLEGAL_VALUE)"  location: "JS frame :: resource://gre/modules/BrowserElementParent.jsm :: BrowserElementParent.prototype._isAlive :: line 34"  data: no]" {file: "resource://gre/modules/BrowserElementParent.jsm" line: 34}]
04-26 10:56:35.356 I/Gecko   (   83): [Parent 83] WARNING: waitpid failed pid:2053 errno:10: file ../../../gecko/ipc/chromium/src/base/process_util_posix.cc, line 254
04-26 10:56:35.356 W/WifiHW  (   83): wifi_command: SIGNAL_POLL
04-26 10:56:37.276 I/Gecko   (   83): 1398534997275	Marionette	INFO	sendToClient: {"from":"0","ok":true}, {3e233b75-6237-4df6-82a1-1c66e87da926}, {3e233b75-6237-4df6-82a1-1c66e87da926}
04-26 10:56:37.356 I/Gecko   (   83): [Parent 83] WARNING: waitpid failed pid:2053 errno:10: file ../../../gecko/ipc/chromium/src/base/process_util_posix.cc, line 254
04-26 10:56:37.356 I/Gecko   (   83): [Parent 83] WARNING: Failed to deliver SIGKILL to 2053!(3).: file ../../../gecko/ipc/chromium/src/chrome/common/process_watcher_posix_sigchld.cc, line 118
04-26 10:56:38.486 I/Gecko   (   83): 1398534998499	Marionette	INFO	sendToClient: {"from":"0","value":"http://osumo.paas.allizom.org/install"}, {b232a360-3e96-43a0-b729-924c4987300e}, {b232a360-3e96-43a0-b729-924c4987300e}
04-26 10:56:38.496 I/Gecko   (   83): 1398534998508	Marionette	DEBUG	Got request: execute, data: {"to":"0","sessionId":"3-b2g","name":"executeScript","parameters":{"specialPowers":false,"scriptTimeout":null,"newSandbox":true,"args":[],"filename":"app_checker.py","script":"return window.document.readyState;","line":191}}, id: {8d539f05-02ad-4cf5-b4f8-3a262ca69e09}
04-26 10:56:38.656 I/Gecko   (   83): 1398534998670	Marionette	INFO	sendToClient: {"from":"0","value":"complete"}, {8d539f05-02ad-4cf5-b4f8-3a262ca69e09}, {8d539f05-02ad-4cf5-b4f8-3a262ca69e09}
04-26 10:56:38.936 I/Gecko   (   83): 1398534998952	Marionette	INFO	sendToClient: {"from":"0","value":"http://osumo.paas.allizom.org/install"}, {781c3798-125e-4fbd-a31d-f68d76ab12fe}, {781c3798-125e-4fbd-a31d-f68d76ab12fe}
04-26 10:56:39.326 I/Gecko   ( 2031): Attempting load of libEGL.so
04-26 10:56:39.446 D/libEGL  ( 2031): loaded /system/lib/egl/libEGL_mali.so
04-26 10:56:39.466 D/libEGL  ( 2031): loaded /system/lib/egl/libGLESv1_CM_mali.so
04-26 10:56:39.466 D/libEGL  ( 2031): loaded /system/lib/egl/libGLESv2_mali.so
04-26 10:56:39.496 I/Gecko   ( 2031): SharedSurface_Gralloc::Create -------
04-26 10:56:39.546 I/Gecko   ( 2031): SharedSurface_Gralloc::Create: success -- surface 0x430180c0, GraphicBuffer 0x44c9f400.
04-26 10:56:45.146 I/GonkMemoryPressure( 2031): Checking to see if memory pressure is over.
04-26 10:56:45.156 I/GonkMemoryPressure( 2031): Memory pressure is over.
04-26 10:56:45.176 I/GonkMemoryPressure(   83): Checking to see if memory pressure is over.
04-26 10:56:45.196 I/GonkMemoryPressure(   83): Memory pressure is over.
04-26 10:56:46.436 I/GonkMemoryPressure( 2061): Checking to see if memory pressure is over.
04-26 10:56:46.586 I/GonkMemoryPressure( 2061): Memory pressure is over.
04-26 10:56:50.186 I/GonkMemoryPressure( 2031): Checking to see if memory pressure is over.
04-26 10:56:50.196 I/GonkMemoryPressure( 2031): Memory pressure is over.
04-26 10:56:50.206 I/GonkMemoryPressure(   83): Checking to see if memory pressure is over.
04-26 10:56:50.206 I/GonkMemoryPressure(   83): Memory pressure is over.
04-26 10:56:51.616 I/GonkMemoryPressure( 2061): Checking to see if memory pressure is over.
04-26 10:56:51.666 I/GonkMemoryPressure( 2061): Memory pressure is over.
04-26 10:56:51.966 I/Gecko   ( 2031): [SharedSurface_Gralloc 0x430180c0] destroyed
04-26 10:56:52.996 W/WifiHW  (   83): wifi_command: SIGNAL_POLL
04-26 10:56:53.386 I/Gecko   (   83): 1398535013400	Marionette	INFO	sendToClient: {"from":"0","value":"iVBORw0KGgoAAAANSUhEUgAAAUAAAAHMCAYAAACk4nEJAAAgAElEQVR4nOydZ1gUZ/+2bzWWKMaYaDT6xOhjis9rTPJ3LKjRuBZQ1KhRUbFiiQa7orEEQ4KaRGPsvUBQIaIkFmxIh9AEpAkKLB12aSt2qdf7AXfissuyBVhhfudxXB+cueuUk9mZXYddsWSozQR+S6FQKK9mWG0L0H8RQ6BVY4NPlEKhUCqn1gXotZAhaFkzg0+UQqFQKqfWBXhjHkPwipYGnyiFQqFUTq0L8PIchpBVbxh8ohQKhVI57MoshtrM+RkMoavfNPhEKRQKpXJqXYBnJjOErmiLwIWMQqFQXqnUugBPTmYItX7b4KanUCiUyql1AR75iuHW6vYGNz2FQqm5+M9rhKDFTQ0+Dn1T6wI8OJbh1up3DD5RCoVSc/Ga9RpClhoZfBz6hl2ZzlCb2TeG4daajgafKIVCqbncMG/eID7ZMdfpDLWZ3aMZwqzfNfhEKRRKzeXyxJYIX/++wcehb2pdgDtHMYSt7WTwidZ2wtd3RaL9XIR9957Bx0Kh1HZczVrj9ub/GXwc+qbWBbjdtOELMPjb5ih+mAsAKCrMRtCi1xTWJxybjhz/40g5u0qprrp1FMqrGheTNoj88VODj0PfMNcpDLWZX0ZqKcBvGiHmZ2M+wUtbVVk2dOVbfLnoLX0MthFDlr2B8rISAEB5SZHSmAtuXwAA5AY6KNVVt642E/H9RxCfWoSMyz8i7a8NSDw5G2FrOxv8gKTUjziPaIsou94GH4e+0V6A5o2Q6LYLN5Z9oFH5bSKGsFWdEGjJNErosnZ4maST86osm3HpJ75ceUmRxn3URu4dmor80LO4u/9rpXUFES8kF+Cg1braSOjSt1AQ5gqVlJcjP/QswlZ3Nui2rE8JXdoWd3YMR8Lh6QYfS13m9JdvIfqnfgYfh77RToAv5A
04-26 10:56:54.266 E/GeckoConsole( 2031): Content JS LOG at http://osumo.paas.allizom.org/static/js/app.min.js:2 in this.autoInstall/request.onsuccess/</</<: We are already running as an app.
04-26 10:56:55.216 I/Gecko   (   83): 1398535015230	Marionette	INFO	sendToClient: {"from":"0","ok":true}, {ce6b3f89-d86c-4f5a-8803-be98c29d4f95}, {ce6b3f89-d86c-4f5a-8803-be98c29d4f95}
04-26 10:56:55.316 E/Profiler(   83): BPUnw: [1 total] thread_unregister_for_profiling(me=0x1a1de20)  (NOT REGISTERED) 
04-26 10:56:55.416 I/Gecko   (   83): 1398535015430	Marionette	DEBUG	Got request: switchToFrame, data: {"to":"0","sessionId":"3-b2g","name":"switchToFrame","parameters":{"id":null,"focus":true}}, id: {dfc966d7-dde2-4c69-9bad-80d6b30a533f}
04-26 10:56:55.456 I/Gecko   (   83): 1398535015470	Marionette	INFO	Switched to frame: {"frameValue":null}
04-26 10:56:55.516 I/GonkMemoryPressure(   83): Checking to see if memory pressure is over.
04-26 10:56:55.526 I/GonkMemoryPressure( 2031): Checking to see if memory pressure is over.
04-26 10:56:55.536 I/GonkMemoryPressure(   83): Memory pressure is over.
04-26 10:56:55.536 I/GonkMemoryPressure( 2031): Memory pressure is over.
04-26 10:56:55.596 I/Gecko   (   83): 1398535015606	Marionette	INFO	sendToClient: {"from":"0","ok":true}, {dfc966d7-dde2-4c69-9bad-80d6b30a533f}, {dfc966d7-dde2-4c69-9bad-80d6b30a533f}
04-26 10:56:55.616 I/Gecko   (   83): 1398535015628	Marionette	DEBUG	Got request: executeWithCallback, data: {"to":"0","sessionId":"3-b2g","name":"executeAsyncScript","parameters":{"specialPowers":false,"scriptTimeout":null,"newSandbox":true,"args":[],"filename":"gaia_test.py","script":"return GaiaApps.displayedApp();","line":66}}, id: {439d36b8-ff14-41b1-8760-a0cf0b16610c}
04-26 10:56:55.886 E/GeckoConsole(   83): Content JS LOG at dummy file:392 in GaiaApps.displayedApp: app with origin 'http://osumo.paas.allizom.org' is displayed
04-26 10:56:55.886 I/Gecko   (   83): 1398535015905	Marionette	INFO	sendToClient: {"from":"0","value":{"frame":{"ELEMENT":"{67b6e9f8-9011-495c-895f-5ed0aea4bbff}"},"src":"http://osumo.paas.allizom.org/","name":"Mozilla Support","origin":"http://osumo.paas.allizom.org"}}, {439d36b8-ff14-41b1-8760-a0cf0b16610c}, {439d36b8-ff14-41b1-8760-a0cf0b16610c}
04-26 10:56:55.916 I/Gecko   (   83): 1398535015935	Marionette	DEBUG	Got request: switchToFrame, data: {"to":"0","sessionId":"3-b2g","name":"switchToFrame","parameters":{"id":null,"focus":true}}, id: {16e884b4-3b6d-4e33-8ed1-38793a8a90ec}
04-26 10:56:55.926 I/Gecko   (   83): 1398535015939	Marionette	INFO	Switched to frame: {"frameValue":null}
04-26 10:56:56.026 I/Gecko   (   83): 1398535016042	Marionette	INFO	sendToClient: {"from":"0","ok":true}, {16e884b4-3b6d-4e33-8ed1-38793a8a90ec}, {16e884b4-3b6d-4e33-8ed1-38793a8a90ec}
04-26 10:56:56.046 I/Gecko   (   83): 1398535016063	Marionette	DEBUG	Got request: execute, data: {"to":"0","sessionId":"3-b2g","name":"executeScript","parameters":{"specialPowers":false,"scriptTimeout":null,"newSandbox":true,"args":[],"filename":"gaia_test.py","script":"window.wrappedJSObject.dispatchEvent(new Event('home'));","line":788}}, id: {7bdb7111-ef0f-4e36-b567-f27c58ae5fe3}
04-26 10:56:56.266 I/Gonk    (   83): Setting nice for pid 2061 to 18
04-26 10:56:56.266 I/Gonk    (   83): Changed nice for pid 2061 from 18 to 18.
04-26 10:56:56.266 I/Gecko   (   83): [Parent 83] WARNING: waitpid failed pid:2061 errno:10: file ../../../gecko/ipc/chromium/src/base/process_util_posix.cc, line 254
04-26 10:56:56.276 I/Gonk    (   83): Setting nice for pid 2061 to 1
04-26 10:56:56.276 I/Gonk    (   83): Changed nice for pid 2061 from 18 to 1.
04-26 10:56:56.316 D/Sensors (   83): activate handle=0; drv=0
04-26 10:56:56.316 D/Sensors (   83): Lis3dhSensor: Control set 0
04-26 10:56:56.316 D/Sensors (   83): Lis3dhSensor: mEnabled = 0
04-26 10:56:56.356 I/Gecko   (   83): 1398535016370	Marionette	INFO	sendToClient: {"from":"0","value":null}, {7bdb7111-ef0f-4e36-b567-f27c58ae5fe3}, {7bdb7111-ef0f-4e36-b567-f27c58ae5fe3}
04-26 10:56:56.366 I/Gecko   (   83): 1398535016383	Marionette	DEBUG	Got request: switchToFrame, data: {"to":"0","sessionId":"3-b2g","name":"switchToFrame","parameters":{"id":null,"focus":true}}, id: {3f2f4c74-e081-4f8c-b0ca-fcf3fa2e28c5}
04-26 10:56:56.366 I/Gecko   (   83): 1398535016385	Marionette	INFO	Switched to frame: {"frameValue":null}
04-26 10:56:56.476 I/Gecko   (   83): 1398535016487	Marionette	INFO	sendToClient: {"from":"0","ok":true}, {3f2f4c74-e081-4f8c-b0ca-fcf3fa2e28c5}, {3f2f4c74-e081-4f8c-b0ca-fcf3fa2e28c5}
04-26 10:56:56.476 I/Gecko   (   83): 1398535016495	Marionette	DEBUG	Got request: executeWithCallback, data: {"to":"0","sessionId":"3-b2g","name":"executeAsyncScript","parameters":{"specialPowers":false,"scriptTimeout":null,"newSandbox":true,"args":[],"filename":"gaia_test.py","script":"return GaiaApps.displayedApp();","line":66}}, id: {8b6db1d7-d788-4383-851f-9d4d0eb45e89}
04-26 10:56:56.556 I/Gecko   (   83): 1398535016569	Marionette	INFO	sendToClient: {"from":"0","value":{"frame":{"ELEMENT":"{54348b3c-5a25-44f9-bd5f-f4a5b86c8f7f}"},"src":"app://homescreen.gaiamobile.org/index.html#root","name":"Homescreen","origin":"app://homescreen.gaiamobile.org"}}, {8b6db1d7-d788-4383-851f-9d4d0eb45e89}, {8b6db1d7-d788-4383-851f-9d4d0eb45e89}
04-26 10:56:56.566 E/GeckoConsole(   83): Content JS LOG at dummy file:392 in GaiaApps.displayedApp: app with origin 'app://homescreen.gaiamobile.org' is displayed
04-26 10:56:56.566 I/Gecko   (   83): 1398535016584	Marionette	DEBUG	Got request: switchToFrame, data: {"to":"0","sessionId":"3-b2g","name":"switchToFrame","parameters":{"id":null,"focus":true}}, id: {f09efe7c-49c7-4997-a6db-b3ed909ffbb3}
04-26 10:56:56.576 I/Gecko   (   83): 1398535016586	Marionette	INFO	Switched to frame: {"frameValue":null}
04-26 10:56:56.676 I/Gecko   (   83): 1398535016689	Marionette	INFO	sendToClient: {"from":"0","ok":true}, {f09efe7c-49c7-4997-a6db-b3ed909ffbb3}, {f09efe7c-49c7-4997-a6db-b3ed909ffbb3}
04-26 10:56:56.686 I/Gecko   (   83): 1398535016696	Marionette	DEBUG	Got request: switchToFrame, data: {"to":"0","sessionId":"3-b2g","name":"switchToFrame","parameters":{"id":null,"focus":true}}, id: {4df75ebc-dbe8-4ec5-9e80-bb1793e2d6d5}
04-26 10:56:56.686 I/Gecko   (   83): 1398535016698	Marionette	INFO	Switched to frame: {"frameValue":null}
04-26 10:56:56.786 I/Gecko   (   83): 1398535016805	Marionette	INFO	sendToClient: {"from":"0","ok":true}, {4df75ebc-dbe8-4ec5-9e80-bb1793e2d6d5}, {4df75ebc-dbe8-4ec5-9e80-bb1793e2d6d5}
04-26 10:56:56.796 I/Gecko   (   83): 1398535016812	Marionette	DEBUG	Got request: executeWithCallback, data: {"to":"0","sessionId":"3-b2g","name":"executeAsyncScript","parameters":{"specialPowers":false,"scriptTimeout":null,"newSandbox":true,"args":[],"filename":"gaia_test.py","script":"return GaiaApps.displayedApp();","line":66}}, id: {28e128a5-4f08-42ed-9123-8945839272db}
04-26 10:56:56.886 I/Gecko   (   83): 1398535016905	Marionette	INFO	sendToClient: {"from":"0","value":{"frame":{"ELEMENT":"{54348b3c-5a25-44f9-bd5f-f4a5b86c8f7f}"},"src":"app://homescreen.gaiamobile.org/index.html#root","name":"Homescreen","origin":"app://homescreen.gaiamobile.org"}}, {28e128a5-4f08-42ed-9123-8945839272db}, {28e128a5-4f08-42ed-9123-8945839272db}
04-26 10:56:56.896 E/GeckoConsole(   83): Content JS LOG at dummy file:392 in GaiaApps.displayedApp: app with origin 'app://homescreen.gaiamobile.org' is displayed
04-26 10:56:56.906 I/Gecko   (   83): 1398535016918	Marionette	DEBUG	Got request: switchToFrame, data: {"to":"0","sessionId":"3-b2g","name":"switchToFrame","parameters":{"focus":true,"element":"{54348b3c-5a25-44f9-bd5f-f4a5b86c8f7f}"}}, id: {41c1f4b0-38e2-4f78-a723-c58d56f63b01}
04-26 10:56:56.946 I/Gecko   (   83): 1398535016961	Marionette	INFO	Switched to frame: {"frameValue":"{54348b3c-5a25-44f9-bd5f-f4a5b86c8f7f}"}
04-26 10:56:56.956 I/Gecko   (   83): 1398535016969	Marionette	INFO	trying remote frame 0
04-26 10:56:56.956 I/Gecko   (   83): 1398535016970	Marionette	INFO	trying remote frame 1
04-26 10:56:56.956 I/Gecko   (   83): 1398535016972	Marionette	INFO	trying remote frame 2
04-26 10:56:56.966 I/Gecko   (   83): 1398535016983	Marionette	INFO	frame-manager load script: [object ChromeMessageSender]
04-26 10:56:58.116 W/WifiHW  (   83): wifi_command: SIGNAL_POLL
04-26 10:56:58.166 I/Gonk    (   83): Setting nice for pid 2031 to 18
04-26 10:56:58.176 I/Gonk    (   83): Changed nice for pid 2031 from 1 to 18.
04-26 10:56:58.566 I/Gecko   ( 2061): ###################################### forms.js loaded
04-26 10:56:58.616 I/Gecko   ( 2061): ############################### browserElementPanning.js loaded
04-26 10:56:58.646 I/Gecko   ( 2061): ######################## BrowserElementChildPreload.js loaded
04-26 10:56:58.796 I/Gecko   (   83): [Parent 83] WARNING: pipe error (155): Connection reset by peer: file ../../../gecko/ipc/chromium/src/chrome/common/ipc_channel_posix.cc, line 446
04-26 10:56:58.796 I/Gecko   (   83): 
04-26 10:56:58.796 I/Gecko   (   83): ###!!! [Parent][MessageChannel] Error: Channel error: cannot send/recv
04-26 10:56:58.796 I/Gecko   (   83): 
04-26 10:56:58.896 I/Gecko   (   83): [Parent 83] WARNING: waitpid failed pid:2031 errno:10: file ../../../gecko/ipc/chromium/src/base/process_util_posix.cc, line 254
04-26 10:56:59.716 I/Gecko   (   83): 1398535019730	Marionette	INFO	sendToClient: {"from":"0","ok":true}, {41c1f4b0-38e2-4f78-a723-c58d56f63b01}, {41c1f4b0-38e2-4f78-a723-c58d56f63b01}
04-26 10:56:59.966 I/Gecko   (   83): 1398535019979	Marionette	INFO	sendToClient: {"from":"0","value":"app://homescreen.gaiamobile.org/index.html#root"}, {42dbad72-c921-4e0c-abcd-beb1ca543b0d}, {42dbad72-c921-4e0c-abcd-beb1ca543b0d}
04-26 10:56:59.966 I/Gecko   (   83): 1398535019985	Marionette	DEBUG	Got request: switchToFrame, data: {"to":"0","sessionId":"3-b2g","name":"switchToFrame","parameters":{"id":null,"focus":true}}, id: {44b108af-7403-4770-8a93-3be5f4376677}
04-26 10:57:00.016 I/Gecko   (   83): 1398535020031	Marionette	INFO	Switched to frame: {"frameValue":null}
04-26 10:57:00.126 I/Gecko   (   83): 1398535020139	Marionette	INFO	sendToClient: {"from":"0","ok":true}, {44b108af-7403-4770-8a93-3be5f4376677}, {44b108af-7403-4770-8a93-3be5f4376677}
04-26 10:57:00.126 I/Gecko   (   83): 1398535020145	Marionette	DEBUG	Got request: switchToFrame, data: {"to":"0","sessionId":"3-b2g","name":"switchToFrame","parameters":{"id":null,"focus":true}}, id: {98adc1c8-3e9a-4467-a823-353b9dd6cbfb}
04-26 10:57:00.136 I/Gecko   (   83): 1398535020147	Marionette	INFO	Switched to frame: {"frameValue":null}
04-26 10:57:00.236 I/Gecko   (   83): 1398535020255	Marionette	INFO	sendToClient: {"from":"0","ok":true}, {98adc1c8-3e9a-4467-a823-353b9dd6cbfb}, {98adc1c8-3e9a-4467-a823-353b9dd6cbfb}
04-26 10:57:00.246 I/Gecko   (   83): 1398535020263	Marionette	DEBUG	Got request: executeWithCallback, data: {"to":"0","sessionId":"3-b2g","name":"executeAsyncScript","parameters":{"specialPowers":false,"scriptTimeout":null,"newSandbox":true,"args":[],"filename":"gaia_test.py","script":"GaiaApps.killAll()","line":91}}, id: {f7113e9e-45fc-4356-8ef5-becff512f66b}
04-26 10:57:00.486 E/GeckoConsole(   83): Content JS LOG at dummy file:266 in GaiaApps.kill: terminating app with origin 'app://browser.gaiamobile.org'
04-26 10:57:00.486 E/GeckoConsole(   83): Content JS LOG at dummy file:258 in GaiaApps.kill/gt_onAppTerminated/<: app with origin 'app://browser.gaiamobile.org' has terminated
04-26 10:57:00.636 I/Gecko   (   83): 1398535020654	Marionette	INFO	sendToClient: {"from":"0","value":true}, {f7113e9e-45fc-4356-8ef5-becff512f66b}, {f7113e9e-45fc-4356-8ef5-becff512f66b}
04-26 10:57:00.896 I/Gecko   (   83): [Parent 83] WARNING: waitpid failed pid:2031 errno:10: file ../../../gecko/ipc/chromium/src/base/process_util_posix.cc, line 254
04-26 10:57:00.896 I/Gecko   (   83): [Parent 83] WARNING: Failed to deliver SIGKILL to 2031!(3).: file ../../../gecko/ipc/chromium/src/chrome/common/process_watcher_posix_sigchld.cc, line 118