04-26 22:40:23.526 E/GeckoConsole(  736): [JavaScript Warning: "Error in parsing value for 'background'.  Declaration dropped." {file: "http://1170.mippin.com/mip/raw/mippins/1/1/7/0/html5/mippin.css" line: 746 column: 13 source: "	background: -ms-linear-gradient(top,  #555555 0%,#777777 100%); /* IE10+ */"}]
04-26 22:40:23.526 E/GeckoConsole(  736): [JavaScript Warning: "Expected 'none' or URL but found 'progid'.  Error in parsing value for 'filter'.  Declaration dropped." {file: "http://1170.mippin.com/mip/raw/mippins/1/1/7/0/html5/mippin.css" line: 748 column: 9 source: "	filter: progid:DXImageTransform.Microsoft.gradient( startColorstr='#555555', endColorstr='#777777',GradientType=0 ); /* IE6-9 */		"}]
04-26 22:40:23.526 E/GeckoConsole(  736): [JavaScript Warning: "Error in parsing value for 'background'.  Declaration dropped." {file: "http://1170.mippin.com/mip/raw/mippins/1/1/7/0/html5/mippin.css" line: 754 column: 13 source: "	background: -webkit-gradient(linear, left top, left bottom, color-stop(0%,#555555), color-stop(100%,#777777)); /* Chrome,Safari4+ */"}]
04-26 22:40:23.526 E/GeckoConsole(  736): [JavaScript Warning: "Error in parsing value for 'background'.  Declaration dropped." {file: "http://1170.mippin.com/mip/raw/mippins/1/1/7/0/html5/mippin.css" line: 755 column: 13 source: "	background: -webkit-linear-gradient(top,  #555555 0%,#777777 100%); /* Chrome10+,Safari5.1+ */"}]
04-26 22:40:23.536 E/GeckoConsole(  736): [JavaScript Warning: "Error in parsing value for 'background'.  Declaration dropped." {file: "http://1170.mippin.com/mip/raw/mippins/1/1/7/0/html5/mippin.css" line: 756 column: 13 source: "	background: -o-linear-gradient(top,  #555555 0%,#777777 100%); /* Opera 11.10+ */"}]
04-26 22:40:23.536 E/GeckoConsole(  736): [JavaScript Warning: "Error in parsing value for 'background'.  Declaration dropped." {file: "http://1170.mippin.com/mip/raw/mippins/1/1/7/0/html5/mippin.css" line: 757 column: 13 source: "	background: -ms-linear-gradient(top,  #555555 0%,#777777 100%); /* IE10+ */"}]
04-26 22:40:23.546 E/GeckoConsole(  736): [JavaScript Warning: "Expected 'none' or URL but found 'progid'.  Error in parsing value for 'filter'.  Declaration dropped." {file: "http://1170.mippin.com/mip/raw/mippins/1/1/7/0/html5/mippin.css" line: 759 column: 9 source: "	filter: progid:DXImageTransform.Microsoft.gradient( startColorstr='#555555', endColorstr='#777777',GradientType=0 ); /* IE6-9 */	"}]
04-26 22:40:23.556 E/GeckoConsole(  736): [JavaScript Warning: "Unknown property '-moz-border-radius'.  Declaration dropped." {file: "http://1170.mippin.com/mip/raw/mippins/1/1/7/0/html5/mippin.css" line: 775 column: 19 source: "	-moz-border-radius: 2px 0 0 2px;"}]
04-26 22:40:23.556 E/GeckoConsole(  736): [JavaScript Warning: "Unknown property '-moz-border-radius'.  Declaration dropped." {file: "http://1170.mippin.com/mip/raw/mippins/1/1/7/0/html5/mippin.css" line: 781 column: 19 source: "	-moz-border-radius: 0 0 0 0;"}]
04-26 22:40:23.566 E/GeckoConsole(  736): [JavaScript Warning: "Unknown property '-moz-border-radius'.  Declaration dropped." {file: "http://1170.mippin.com/mip/raw/mippins/1/1/7/0/html5/mippin.css" line: 786 column: 19 source: "	-moz-border-radius: 0 2px 2px 0;"}]
04-26 22:40:23.686 E/GeckoConsole(  736): [JavaScript Warning: "Unknown property '-moz-box-shadow'.  Declaration dropped." {file: "http://1170.mippin.com/mip/raw/mippins/1/1/7/0/html5/layout.css" line: 80 column: 17 source: "		-moz-box-shadow: 0px 4px 4px 0px rgba(0, 0, 0, 0.3);"}]
04-26 22:40:23.686 E/GeckoConsole(  736): [JavaScript Warning: "Unknown property '-moz-box-shadow'.  Declaration dropped." {file: "http://1170.mippin.com/mip/raw/mippins/1/1/7/0/html5/layout.css" line: 242 column: 17 source: "		-moz-box-shadow: 0px 4px 4px 0px rgba(0, 0, 0, 0.3);"}]
04-26 22:40:23.686 E/GeckoConsole(  736): [JavaScript Warning: "Unknown property '-moz-border-radius'.  Declaration dropped." {file: "http://1170.mippin.com/mip/raw/mippins/1/1/7/0/html5/layout.css" line: 292 column: 20 source: "		-moz-border-radius: 0;"}]
04-26 22:40:23.686 E/GeckoConsole(  736): [JavaScript Warning: "Unknown property '-moz-box-shadow'.  Declaration dropped." {file: "http://1170.mippin.com/mip/raw/mippins/1/1/7/0/html5/layout.css" line: 300 column: 17 source: "		-moz-box-shadow: 0 0 2px 2px rgba(0, 0, 0, 0.1);"}]
04-26 22:40:23.686 E/GeckoConsole(  736): [JavaScript Warning: "Unknown property '-moz-box-shadow'.  Declaration dropped." {file: "http://1170.mippin.com/mip/raw/mippins/1/1/7/0/html5/layout.css" line: 362 column: 17 source: "		-moz-box-shadow: none;"}]
04-26 22:40:23.686 E/GeckoConsole(  736): [JavaScript Warning: "Unknown property '-moz-box-shadow'.  Declaration dropped." {file: "http://1170.mippin.com/mip/raw/mippins/1/1/7/0/html5/layout.css" line: 524 column: 17 source: "		-moz-box-shadow: 0px 0px 2px 2px rgba(0, 0, 0, 0.1);"}]
04-26 22:40:23.696 E/GeckoConsole(  736): [JavaScript Warning: "Unknown property '-moz-box-shadow'.  Declaration dropped." {file: "http://1170.mippin.com/mip/raw/mippins/1/1/7/0/html5/layout.css" line: 630 column: 17 source: "		-moz-box-shadow: inset 0px 4px 4px -2px rgba(0, 0, 0, 0.1);"}]
04-26 22:40:23.706 E/GeckoConsole(  736): [JavaScript Warning: "Unknown property '-moz-box-shadow'.  Declaration dropped." {file: "http://1170.mippin.com/mip/raw/mippins/1/1/7/0/html5/layout.css" line: 669 column: 17 source: "		-moz-box-shadow: -6px 2px 8px -2px rgba(0, 0, 0, 0.2);"}]
04-26 22:40:23.716 E/GeckoConsole(  736): [JavaScript Warning: "Unknown property '-moz-box-shadow'.  Declaration dropped." {file: "http://1170.mippin.com/mip/raw/mippins/1/1/7/0/html5/layout.css" line: 701 column: 17 source: "		-moz-box-shadow: 6px 2px 8px -2px rgba(0, 0, 0, 0.2);"}]
04-26 22:40:24.256 E/GeckoConsole(  736): [JavaScript Warning: "Unknown property '-moz-box-shadow'.  Declaration dropped." {file: "http://1170.mippin.com/mip/raw/mippins/1/1/7/0/html5/ios.css" line: 37 column: 17 source: "		-moz-box-shadow: 50px 0 50px -50px rgba(0, 0, 0, 0.5) inset;"}]
04-26 22:40:24.256 E/GeckoConsole(  736): [JavaScript Warning: "Unknown property '-moz-box-shadow'.  Declaration dropped." {file: "http://1170.mippin.com/mip/raw/mippins/1/1/7/0/html5/ios.css" line: 205 column: 17 source: "		-moz-box-shadow: 0px 4px 4px 0px rgba(0, 0, 0, 0.3);"}]
04-26 22:40:24.266 E/GeckoConsole(  736): [JavaScript Warning: "Unknown property '-moz-background-size'.  Declaration dropped." {file: "http://1170.mippin.com/mip/raw/mippins/1/1/7/0/html5/ios.css" line: 248 column: 22 source: "		-moz-background-size: 40px 40px;"}]
04-26 22:40:24.266 E/GeckoConsole(  736): [JavaScript Warning: "Unknown property '-moz-box-shadow'.  Declaration dropped." {file: "http://1170.mippin.com/mip/raw/mippins/1/1/7/0/html5/ios.css" line: 477 column: 17 source: "		-moz-box-shadow: 0px 4px 12px 0px rgba(0, 0, 0, 0.6);"}]
04-26 22:40:24.266 E/GeckoConsole(  736): [JavaScript Warning: "Unknown property '-moz-box-shadow'.  Declaration dropped." {file: "http://1170.mippin.com/mip/raw/mippins/1/1/7/0/html5/ios.css" line: 505 column: 17 source: "		-moz-box-shadow: 0px 4px 12px 0px rgba(0, 0, 0, 0.6);"}]
04-26 22:40:24.266 E/GeckoConsole(  736): [JavaScript Warning: "Unknown property '-moz-box-shadow'.  Declaration dropped." {file: "http://1170.mippin.com/mip/raw/mippins/1/1/7/0/html5/ios.css" line: 518 column: 17 source: "		-moz-box-shadow: inset 0px 2px 4px 0px rgba(0, 0, 0, .6);"}]
04-26 22:40:24.266 E/GeckoConsole(  736): [JavaScript Warning: "Unknown property '-moz-box-shadow'.  Declaration dropped." {file: "http://1170.mippin.com/mip/raw/mippins/1/1/7/0/html5/ios.css" line: 537 column: 17 source: "		-moz-box-shadow: 0px 4px 12px 0px rgba(0, 0, 0, 0.6);"}]
04-26 22:40:24.266 E/GeckoConsole(  736): [JavaScript Warning: "Unknown property '-moz-box-shadow'.  Declaration dropped." {file: "http://1170.mippin.com/mip/raw/mippins/1/1/7/0/html5/ios.css" line: 566 column: 17 source: "		-moz-box-shadow: 0px 4px 12px 0px rgba(0, 0, 0, 0.6);"}]
04-26 22:40:24.266 E/GeckoConsole(  736): [JavaScript Warning: "Unknown property '-moz-box-shadow'.  Declaration dropped." {file: "http://1170.mippin.com/mip/raw/mippins/1/1/7/0/html5/ios.css" line: 579 column: 17 source: "		-moz-box-shadow: inset 0px 2px 4px 0px rgba(0, 0, 0, .6);"}]
04-26 22:40:24.446 E/GeckoConsole(  736): [JavaScript Warning: "Unknown property 'user-select'.  Declaration dropped." {file: "http://1170.mippin.com/mip/raw/mippins/1/1/7/0/html5/add2home.css" line: 9 column: 12 source: "	user-select:none;"}]
04-26 22:40:24.456 E/GeckoConsole(  736): [JavaScript Warning: "Unknown property 'box-sizing'.  Declaration dropped." {file: "http://1170.mippin.com/mip/raw/mippins/1/1/7/0/html5/add2home.css" line: 11 column: 11 source: "	box-sizing:border-box;"}]
04-26 22:40:24.456 E/GeckoConsole(  736): [JavaScript Warning: "Unknown property 'touch-callout'.  Declaration dropped." {file: "http://1170.mippin.com/mip/raw/mippins/1/1/7/0/html5/add2home.css" line: 13 column: 14 source: "	touch-callout:none;"}]
04-26 22:40:24.456 E/GeckoConsole(  736): [JavaScript Warning: "Error in parsing value for 'background-image'.  Declaration dropped." {file: "http://1170.mippin.com/mip/raw/mippins/1/1/7/0/html5/add2home.css" line: 19 column: 18 source: "	background-image:-webkit-gradient(linear,0 0,0 100%,color-stop(0,#fff),color-stop(0.02,#eee),color-stop(0.98,#ccc),color-stop(1,#a3a3a3));"}]
04-26 22:40:24.456 E/GeckoConsole(  736): [JavaScript Warning: "Error in parsing value for 'background-image'.  Declaration dropped." {file: "http://1170.mippin.com/mip/raw/mippins/1/1/7/0/html5/add2home.css" line: 57 column: 18 source: "	background-image:-webkit-gradient(linear,0 0,100% 100%,color-stop(0,rgba(204,204,204,0)),color-stop(0.4,rgba(204,204,204,0)),color-stop(0.4,#ccc));"}]
04-26 22:40:24.456 E/GeckoConsole(  736): [JavaScript Warning: "Error in parsing value for 'background-image'.  Declaration dropped." {file: "http://1170.mippin.com/mip/raw/mippins/1/1/7/0/html5/add2home.css" line: 77 column: 18 source: "	background-image:-webkit-gradient(linear,0 0,100% 100%,color-stop(0,rgba(238,238,238,0)),color-stop(0.4,rgba(238,238,238,0)),color-stop(0.4,#eee));"}]
04-26 22:40:24.456 E/GeckoConsole(  736): [JavaScript Warning: "Expected media feature name but found '-webkit-min-device-pixel-ratio'." {file: "http://1170.mippin.com/mip/raw/mippins/1/1/7/0/html5/add2home.css" line: 163 column: 16 source: "@media all and (-webkit-min-device-pixel-ratio: 2) {"}]
04-26 22:40:25.926 W/WifiHW  (   83): wifi_command: SIGNAL_POLL
04-26 22:40:26.226 E/GeckoConsole(  736): Content JS LOG at http://1170.mippin.com/mip/raw/mippins/1/1/7/0/html5/Model.js:238 in Model.db.getFontSize: medium
04-26 22:40:26.916 I/Gonk    (   83): Setting nice for pid 786 to 18
04-26 22:40:26.916 I/Gonk    (   83): Changed nice for pid 786 from 0 to 18.
04-26 22:40:27.666 E/GeckoConsole(  736): Content JS LOG at http://1170.mippin.com/mip/raw/mippins/1/1/7/0/html5/Model.js:979 in Model.parser.getXmlFeed/xhr.onreadystatechange: Wasn't aborted
04-26 22:40:27.676 E/GeckoConsole(  736): Content JS LOG at http://1170.mippin.com/mip/raw/mippins/1/1/7/0/html5/Model.js:980 in Model.parser.getXmlFeed/xhr.onreadystatechange: /link/feed.jsp?id=1170&linktype=1&r=8769
04-26 22:40:27.676 E/GeckoConsole(  736): Content JS LOG at http://1170.mippin.com/mip/raw/mippins/1/1/7/0/html5/Model.js:146 in Model.analytics.sendPageview: send pageviewinstall
04-26 22:40:27.676 E/GeckoConsole(  736): Content JS LOG at http://1170.mippin.com/mip/raw/mippins/1/1/7/0/html5/Model.js:769 in Model.db.mergeArrays: favourites position not 999
04-26 22:40:27.676 E/GeckoConsole(  736): Content JS LOG at http://1170.mippin.com/mip/raw/mippins/1/1/7/0/html5/Model.js:770 in Model.db.mergeArrays: more likely I mean that there is no favourites channel, but create it blank anyway...
04-26 22:40:27.676 E/GeckoConsole(  736): Content JS LOG at http://1170.mippin.com/mip/raw/mippins/1/1/7/0/html5/Model.js:826 in Model.db.mergeArrays: [object Object],[object Object]
04-26 22:40:27.676 E/GeckoConsole(  736): Content JS LOG at http://1170.mippin.com/mip/raw/mippins/1/1/7/0/html5/Model.js:827 in Model.db.mergeArrays: aaa20
04-26 22:40:27.686 E/GeckoConsole(  736): Content JS LOG at http://1170.mippin.com/mip/raw/mippins/1/1/7/0/html5/Model.js:146 in Model.analytics.sendPageview: send pageview0/index
04-26 22:40:28.636 E/GeckoConsole(  736): [JavaScript Warning: "Error in parsing value for 'transition-duration'.  Declaration dropped." {file: "http://1170.mippin.com/mip/raw/mippins/1/1/7/0/html5/" line: 0 column: 0 source: "0"}]
04-26 22:40:28.666 I/Gecko   (   83): 
04-26 22:40:28.666 I/Gecko   (   83): ###!!! [Parent][MessageChannel] Error: Channel error: cannot send/recv
04-26 22:40:28.666 I/Gecko   (   83): 
04-26 22:40:28.846 I/GeckoDump(   83): Crash reporter : Can't fetch app.reportCrashes. Exception: [Exception... "Component returned failure code: 0x8000ffff (NS_ERROR_UNEXPECTED) [nsIPrefBranch.getBoolPref]"  nsresult: "0x8000ffff (NS_ERROR_UNEXPECTED)"  location: "JS frame :: chrome://browser/content/shell.js :: shell_reportCrash :: line 7"  data: no]
04-26 22:40:28.926 I/Gecko   (   83): [Parent 83] WARNING: waitpid failed pid:703 errno:10: file ../../../gecko/ipc/chromium/src/base/process_util_posix.cc, line 254
04-26 22:40:28.986 E/GeckoConsole(  736): [JavaScript Warning: "Error in parsing value for 'transition-duration'.  Declaration dropped." {file: "http://1170.mippin.com/mip/raw/mippins/1/1/7/0/html5/" line: 0 column: 0 source: "0"}]
04-26 22:40:29.006 E/GeckoConsole(  736): [JavaScript Warning: "Error in parsing value for 'transition-duration'.  Declaration dropped." {file: "http://1170.mippin.com/mip/raw/mippins/1/1/7/0/html5/" line: 0 column: 0 source: "0"}]
04-26 22:40:29.066 E/GeckoConsole(  736): [JavaScript Warning: "Error in parsing value for 'transition-duration'.  Declaration dropped." {file: "http://1170.mippin.com/mip/raw/mippins/1/1/7/0/html5/" line: 0 column: 0 source: "0"}]
04-26 22:40:29.706 E/GeckoConsole(  736): [JavaScript Warning: "Error in parsing value for 'transition-duration'.  Declaration dropped." {file: "http://1170.mippin.com/mip/raw/mippins/1/1/7/0/html5/" line: 0 column: 0 source: "0"}]
04-26 22:40:29.706 E/GeckoConsole(  736): [JavaScript Warning: "Error in parsing value for 'transition-duration'.  Declaration dropped." {file: "http://1170.mippin.com/mip/raw/mippins/1/1/7/0/html5/" line: 0 column: 0 source: "0"}]
04-26 22:40:30.926 I/Gecko   (   83): [Parent 83] WARNING: waitpid failed pid:703 errno:10: file ../../../gecko/ipc/chromium/src/base/process_util_posix.cc, line 254
04-26 22:40:30.926 I/Gecko   (   83): [Parent 83] WARNING: Failed to deliver SIGKILL to 703!(3).: file ../../../gecko/ipc/chromium/src/chrome/common/process_watcher_posix_sigchld.cc, line 118
04-26 22:40:31.056 W/WifiHW  (   83): wifi_command: SIGNAL_POLL
04-26 22:40:34.066 E/GeckoConsole(  736): [JavaScript Warning: "Error in parsing value for 'transition-duration'.  Declaration dropped." {file: "http://1170.mippin.com/mip/raw/mippins/1/1/7/0/html5/" line: 0 column: 0 source: "0"}]
04-26 22:40:37.906 I/GonkMemoryPressure(   83): Checking to see if memory pressure is over.
04-26 22:40:37.916 I/GonkMemoryPressure(  736): Checking to see if memory pressure is over.
04-26 22:40:37.916 I/GonkMemoryPressure(  736): Memory pressure is over.
04-26 22:40:37.946 I/GonkMemoryPressure(   83): Memory pressure is over.
04-26 22:40:38.016 I/GonkMemoryPressure(  786): Checking to see if memory pressure is over.
04-26 22:40:40.096 I/GonkMemoryPressure(  786): Memory pressure is over.
04-26 22:40:43.026 I/GonkMemoryPressure(  736): Checking to see if memory pressure is over.
04-26 22:40:43.026 I/GonkMemoryPressure(  736): Memory pressure is over.
04-26 22:40:43.026 I/GonkMemoryPressure(   83): Checking to see if memory pressure is over.
04-26 22:40:43.026 I/GonkMemoryPressure(   83): Memory pressure is over.
04-26 22:40:43.286 W/WifiHW  (   83): wifi_command: SIGNAL_POLL
04-26 22:40:45.566 I/GonkMemoryPressure(  786): Checking to see if memory pressure is over.
04-26 22:40:45.616 I/GonkMemoryPressure(  786): Memory pressure is over.
04-26 22:40:46.266 E/Profiler(   83): BPUnw: [1 total] thread_unregister_for_profiling(me=0x42f220)  (NOT REGISTERED) 
04-26 22:40:46.266 E/Profiler(   83): BPUnw: [1 total] thread_unregister_for_profiling(me=0x42eee8)  (NOT REGISTERED) 
04-26 22:40:46.516 E/Profiler(   83): BPUnw: [1 total] thread_unregister_for_profiling(me=0x42ee18)  (NOT REGISTERED) 
04-26 22:40:46.526 E/Profiler(   83): BPUnw: [1 total] thread_unregister_for_profiling(me=0x41c1b8)  (NOT REGISTERED) 
04-26 22:40:52.746 I/GonkMemoryPressure(   83): Checking to see if memory pressure is over.
04-26 22:40:52.746 I/GonkMemoryPressure(   83): Memory pressure is over.
04-26 22:40:52.756 I/GonkMemoryPressure(  736): Checking to see if memory pressure is over.
04-26 22:40:52.756 I/GonkMemoryPressure(  736): Memory pressure is over.
04-26 22:40:52.906 I/GonkMemoryPressure(  786): Checking to see if memory pressure is over.
04-26 22:40:52.916 I/GonkMemoryPressure(  786): Memory pressure is over.
04-26 22:40:53.156 W/WifiHW  (   83): wifi_command: SIGNAL_POLL
04-26 22:40:53.396 I/Gecko   (   83): 1398577253394	Marionette	INFO	sendToClient: {"from":"0","error":{"message":"timed out","status":28,"stacktrace":null}}, {7a90270e-f04b-4dbc-94d8-828f8444eb38}, {7a90270e-f04b-4dbc-94d8-828f8444eb38}