--------- beginning of /dev/log/main
04-25 07:18:11.890 I/Gecko   (   83): 1398435491903	Marionette	INFO	Switched to frame: {"frameValue":"{468d50e7-60ef-412d-8702-01349fcf22fd}"}
04-25 07:18:11.900 I/Gecko   (   83): 1398435491916	Marionette	INFO	trying remote frame 0
04-25 07:18:11.900 I/Gecko   (   83): 1398435491917	Marionette	INFO	trying remote frame 1
04-25 07:18:11.900 I/Gecko   (   83): 1398435491918	Marionette	INFO	trying remote frame 2
04-25 07:18:11.900 I/Gecko   (   83): 1398435491919	Marionette	INFO	trying remote frame 3
04-25 07:18:11.910 I/Gecko   (   83): 1398435491920	Marionette	INFO	trying remote frame 4
04-25 07:18:11.910 I/Gecko   (   83): 1398435491926	Marionette	INFO	trying remote frame 5
04-25 07:18:11.910 I/Gecko   (   83): 1398435491927	Marionette	INFO	trying remote frame 6
04-25 07:18:11.910 I/Gecko   (   83): 1398435491928	Marionette	INFO	trying remote frame 7
04-25 07:18:11.920 I/Gecko   (   83): 1398435491934	Marionette	INFO	trying remote frame 8
04-25 07:18:11.920 I/Gecko   (   83): 1398435491935	Marionette	INFO	trying remote frame 9
04-25 07:18:11.920 I/Gecko   (   83): 1398435491936	Marionette	INFO	trying remote frame 10
04-25 07:18:11.930 I/Gecko   (   83): 1398435491940	Marionette	INFO	trying remote frame 11
04-25 07:18:11.930 I/Gecko   (   83): 1398435491942	Marionette	INFO	trying remote frame 12
04-25 07:18:11.930 I/Gecko   (   83): 1398435491944	Marionette	INFO	trying remote frame 13
04-25 07:18:11.940 I/Gecko   (   83): 1398435491951	Marionette	INFO	deleting frame
04-25 07:18:11.960 I/Gecko   (   83): 1398435491976	Marionette	INFO	frame-manager load script: [object ChromeMessageSender]
04-25 07:18:12.470 E/[Gralloc-ERROR](   83): int gralloc_register_buffer(const gralloc_module_t*, const native_handle_t*):79 Unable to register handle 0x4a5b4bf0 coming from different process: 83
04-25 07:18:12.480 E/[Gralloc-ERROR](   83): int gralloc_register_buffer(const gralloc_module_t*, const native_handle_t*):79 Unable to register handle 0x4a5b4c90 coming from different process: 83
04-25 07:18:12.540 E/[Gralloc-ERROR](   83): int gralloc_register_buffer(const gralloc_module_t*, const native_handle_t*):79 Unable to register handle 0x4a5b4d30 coming from different process: 83
04-25 07:18:12.540 E/[Gralloc-ERROR](   83): int gralloc_register_buffer(const gralloc_module_t*, const native_handle_t*):79 Unable to register handle 0x4a5b4dd0 coming from different process: 83
04-25 07:18:12.710 E/[Gralloc-ERROR](   83): int gralloc_register_buffer(const gralloc_module_t*, const native_handle_t*):79 Unable to register handle 0x45f72330 coming from different process: 83
04-25 07:18:12.710 E/[Gralloc-ERROR](   83): int gralloc_register_buffer(const gralloc_module_t*, const native_handle_t*):79 Unable to register handle 0x45f72d30 coming from different process: 83
04-25 07:18:12.730 E/[Gralloc-ERROR](   83): int gralloc_unregister_buffer(const gralloc_module_t*, const native_handle_t*):274 Trying to unregister buffer 0x4a5b4c90 from process 83 that was not created in current process: 83
04-25 07:18:12.740 E/[Gralloc-ERROR](   83): int gralloc_unregister_buffer(const gralloc_module_t*, const native_handle_t*):274 Trying to unregister buffer 0x4a5b4bf0 from process 83 that was not created in current process: 83
04-25 07:18:12.740 E/[Gralloc-ERROR](   83): int gralloc_unregister_buffer(const gralloc_module_t*, const native_handle_t*):274 Trying to unregister buffer 0x4a5b4dd0 from process 83 that was not created in current process: 83
04-25 07:18:12.740 E/[Gralloc-ERROR](   83): int gralloc_unregister_buffer(const gralloc_module_t*, const native_handle_t*):274 Trying to unregister buffer 0x4a5b4d30 from process 83 that was not created in current process: 83
04-25 07:18:12.750 E/[Gralloc-ERROR](   83): int gralloc_unregister_buffer(const gralloc_module_t*, const native_handle_t*):274 Trying to unregister buffer 0x49bbbfb0 from process 83 that was not created in current process: 83
04-25 07:18:12.750 E/[Gralloc-ERROR](   83): int gralloc_unregister_buffer(const gralloc_module_t*, const native_handle_t*):274 Trying to unregister buffer 0x49bbbf10 from process 83 that was not created in current process: 83
04-25 07:18:12.750 E/[Gralloc-ERROR](   83): int gralloc_unregister_buffer(const gralloc_module_t*, const native_handle_t*):274 Trying to unregister buffer 0x45f72d30 from process 83 that was not created in current process: 83
04-25 07:18:12.750 E/[Gralloc-ERROR](   83): int gralloc_unregister_buffer(const gralloc_module_t*, const native_handle_t*):274 Trying to unregister buffer 0x45f72330 from process 83 that was not created in current process: 83
04-25 07:18:13.950 I/Gecko   (   83): 1398435493965	Marionette	INFO	sendToClient: {"from":"0","ok":true}, {2526ceef-7233-40a6-94e7-f101e09f97be}, {2526ceef-7233-40a6-94e7-f101e09f97be}
04-25 07:18:14.160 I/Gecko   (   83): 1398435494170	Marionette	INFO	sendToClient: {"from":"0","value":[]}, {b276a927-8873-4d5e-bfb0-e2d82e160e0f}, {b276a927-8873-4d5e-bfb0-e2d82e160e0f}
04-25 07:18:14.190 I/Gecko   (   83): 1398435494209	Marionette	INFO	sendToClient: {"from":"0","value":[]}, {6444cc37-ac4f-49e2-8379-935b1df74930}, {6444cc37-ac4f-49e2-8379-935b1df74930}
04-25 07:18:16.270 I/Gonk    (   83): Setting nice for pid 5684 to 18
04-25 07:18:16.280 I/Gonk    (   83): Changed nice for pid 5684 from 0 to 18.
04-25 07:18:16.460 I/Gecko   (   83): 1398435496477	Marionette	INFO	sendToClient: {"from":"0","value":["{08c97b26-97b2-4af4-85d3-667d70dbcb25}","{ea5e261a-db1c-401a-8aca-bdf458f5c50d}","{845eed67-e43c-407a-8683-e016e6ea3d97}","{527d72e2-1e15-48fc-974e-f3af6dda9cc8}","{8bba467e-69fc-41e8-8d49-896b973e0d82}","{a52244a3-d586-48fe-8f3f-1d8b9378db68}","{8d295f59-8079-4c1b-bb43-e950b9c9ddf1}","{a2ef0361-748b-4042-a605-66eacd58998a}"]}, {23ca9abe-c25e-42d2-98bf-b037dfae0d8f}, {23ca9abe-c25e-42d2-98bf-b037dfae0d8f}
04-25 07:18:16.870 W/WifiHW  (   83): wifi_command: SIGNAL_POLL
04-25 07:18:18.980 I/Gecko   ( 5684): ###################################### forms.js loaded
04-25 07:18:19.040 I/Gecko   ( 5684): ############################### browserElementPanning.js loaded
04-25 07:18:19.070 I/Gecko   ( 5684): ######################## BrowserElementChildPreload.js loaded
04-25 07:18:22.540 E/GeckoConsole( 5643): Content JS WARN at app://homescreen.gaiamobile.org/gaia_build_defer_index.js:184 in isHiddenApp: Unexpected role when checking hidden app: undefined
04-25 07:18:22.560 E/GeckoConsole( 5643): Content JS WARN at app://homescreen.gaiamobile.org/gaia_build_defer_index.js:184 in isHiddenApp: Unexpected role when checking hidden app: undefined
04-25 07:18:22.560 E/GeckoConsole( 5643): Content JS WARN at app://homescreen.gaiamobile.org/gaia_build_defer_index.js:184 in isHiddenApp: Unexpected role when checking hidden app: undefined
04-25 07:18:22.560 E/GeckoConsole( 5643): Content JS WARN at app://homescreen.gaiamobile.org/gaia_build_defer_index.js:184 in isHiddenApp: Unexpected role when checking hidden app: undefined
04-25 07:18:22.560 E/GeckoConsole( 5643): Content JS WARN at app://homescreen.gaiamobile.org/gaia_build_defer_index.js:184 in isHiddenApp: Unexpected role when checking hidden app: undefined
04-25 07:18:22.560 E/GeckoConsole( 5643): Content JS WARN at app://homescreen.gaiamobile.org/gaia_build_defer_index.js:184 in isHiddenApp: Unexpected role when checking hidden app: undefined
04-25 07:18:22.560 E/GeckoConsole( 5643): Content JS WARN at app://homescreen.gaiamobile.org/gaia_build_defer_index.js:184 in isHiddenApp: Unexpected role when checking hidden app: undefined
04-25 07:18:22.560 E/GeckoConsole( 5643): Content JS WARN at app://homescreen.gaiamobile.org/gaia_build_defer_index.js:184 in isHiddenApp: Unexpected role when checking hidden app: undefined
04-25 07:18:22.560 E/GeckoConsole( 5643): Content JS WARN at app://homescreen.gaiamobile.org/gaia_build_defer_index.js:184 in isHiddenApp: Unexpected role when checking hidden app: undefined
04-25 07:18:22.560 E/GeckoConsole( 5643): Content JS WARN at app://homescreen.gaiamobile.org/gaia_build_defer_index.js:184 in isHiddenApp: Unexpected role when checking hidden app: undefined
04-25 07:18:22.560 E/GeckoConsole( 5643): Content JS WARN at app://homescreen.gaiamobile.org/gaia_build_defer_index.js:184 in isHiddenApp: Unexpected role when checking hidden app: undefined
04-25 07:18:22.560 E/GeckoConsole( 5643): Content JS WARN at app://homescreen.gaiamobile.org/gaia_build_defer_index.js:184 in isHiddenApp: Unexpected role when checking hidden app: undefined
04-25 07:18:22.560 E/GeckoConsole( 5643): Content JS WARN at app://homescreen.gaiamobile.org/gaia_build_defer_index.js:184 in isHiddenApp: Unexpected role when checking hidden app: undefined
04-25 07:18:22.560 E/GeckoConsole( 5643): Content JS WARN at app://homescreen.gaiamobile.org/gaia_build_defer_index.js:184 in isHiddenApp: Unexpected role when checking hidden app: undefined
04-25 07:18:22.560 E/GeckoConsole( 5643): Content JS WARN at app://homescreen.gaiamobile.org/gaia_build_defer_index.js:184 in isHiddenApp: Unexpected role when checking hidden app: undefined
04-25 07:18:22.560 E/GeckoConsole( 5643): Content JS WARN at app://homescreen.gaiamobile.org/gaia_build_defer_index.js:184 in isHiddenApp: Unexpected role when checking hidden app: undefined
04-25 07:18:24.860 I/GonkMemoryPressure( 5643): Checking to see if memory pressure is over.
04-25 07:18:24.880 I/GonkMemoryPressure( 5643): Memory pressure is over.
04-25 07:18:24.890 I/GonkMemoryPressure(   83): Checking to see if memory pressure is over.
04-25 07:18:24.900 I/GonkMemoryPressure(   83): Memory pressure is over.
04-25 07:18:25.010 I/GonkMemoryPressure( 5684): Checking to see if memory pressure is over.
04-25 07:18:25.010 I/GonkMemoryPressure( 5684): Memory pressure is over.
04-25 07:18:25.230 I/Gecko   (   83): 1398435505247	Marionette	INFO	sendToClient: {"from":"0","value":["{08c97b26-97b2-4af4-85d3-667d70dbcb25}","{ea5e261a-db1c-401a-8aca-bdf458f5c50d}","{845eed67-e43c-407a-8683-e016e6ea3d97}","{527d72e2-1e15-48fc-974e-f3af6dda9cc8}","{bf917dde-b6ee-441f-b03f-b6066120a83f}","{f0d3ac8f-878a-4111-b5d9-cfdb9bfa7a99}","{829dfb1f-2d20-4b6d-a483-26dd5107452b}","{3b90b84d-bb56-4abc-8195-a5372618a4bb}","{0ba2aa86-5e07-4dcc-9af0-d011050df4f5}","{a7cce2a3-3744-4145-bfd3-008bb7244cb2}","{2641730d-8d2b-4e9b-b204-408fd581430c}","{b6b65f95-138f-4f6b-a87c-d5811acef54e}","{79684f4f-02f9-479f-9f7c-22f136f59445}","{306becf1-acb0-44c4-a584-24848e82caf2}","{f4073f21-4c26-4381-8e68-0deb9e9825f2}","{0b92d7b6-47fe-4e8a-835d-b15f87e3d3aa}","{8bba467e-69fc-41e8-8d49-896b973e0d82}","{a52244a3-d586-48fe-8f3f-1d8b9378db68}","{8d295f59-8079-4c1b-bb43-e950b9c9ddf1}","{a2ef0361-748b-4042-a605-66eacd58998a}"]}, {032cb8a9-9f3c-45b4-9ce7-8d50d1362284}, {032cb8a9-9f3c-45b4-9ce7-8d50d1362284}
04-25 07:18:25.270 W/WifiHW  (   83): wifi_command: SIGNAL_POLL
04-25 07:18:26.300 I/Gecko   (   83): 1398435506320	Marionette	INFO	sendToClient: {"from":"0","value":"<div><img src=\"blob:2ce15897-164a-44cf-832f-af6182cb2466\" style=\"visibility: visible;\" role=\"presentation\" height=\"64\" width=\"64\"><span class=\"labelWrapper\"><span>Social</span></span></div><span data-is-icon=\"true\" class=\"options\"></span>"}, {8b847ea0-87b7-4ce0-aa67-058d0b20d31e}, {8b847ea0-87b7-4ce0-aa67-058d0b20d31e}
04-25 07:18:26.410 I/Gecko   (   83): 1398435506429	Marionette	INFO	sendToClient: {"from":"0","value":"<div><img src=\"blob:f560e5b8-7c85-4b1e-b7a6-d3cfe7dc808a\" style=\"visibility: visible;\" role=\"presentation\" height=\"64\" width=\"64\"><span class=\"labelWrapper\"><span>Games</span></span></div><span data-is-icon=\"true\" class=\"options\"></span>"}, {76fe141c-6eb8-4a85-8ca3-9a2169238c3f}, {76fe141c-6eb8-4a85-8ca3-9a2169238c3f}
04-25 07:18:26.480 I/Gecko   (   83): 1398435506492	Marionette	INFO	sendToClient: {"from":"0","value":"<div><img src=\"blob:46bb57b2-b221-4c59-bd3b-9141c110212b\" style=\"visibility: visible;\" role=\"presentation\" height=\"64\" width=\"64\"><span class=\"labelWrapper\"><span>Music</span></span></div><span data-is-icon=\"true\" class=\"options\"></span>"}, {d338fa9a-ea8f-4e6b-b7a9-e0d76025e990}, {d338fa9a-ea8f-4e6b-b7a9-e0d76025e990}
04-25 07:18:26.500 I/Gecko   (   83): 1398435506520	Marionette	INFO	sendToClient: {"from":"0","value":"<div><img src=\"blob:928a24be-426e-44df-b59e-7af5ff01b207\" style=\"visibility: visible;\" role=\"presentation\" height=\"64\" width=\"64\"><span class=\"labelWrapper\"><span>Showbiz</span></span></div><span data-is-icon=\"true\" class=\"options\"></span>"}, {58ede2c9-4c48-4b4b-82ef-656a5e2ffb8f}, {58ede2c9-4c48-4b4b-82ef-656a5e2ffb8f}
04-25 07:18:26.550 I/Gecko   (   83): 1398435506562	Marionette	INFO	sendToClient: {"from":"0","value":"<div><img src=\"blob:498a3015-1d0e-49ea-9ed2-502cac1b11b6\" style=\"visibility: visible;\" role=\"presentation\" height=\"64\" width=\"64\"><span class=\"labelWrapper\"><span>Camera</span></span></div>"}, {2411296a-02f7-4595-b0e1-4671ff2576f6}, {2411296a-02f7-4595-b0e1-4671ff2576f6}
04-25 07:18:26.590 I/Gecko   (   83): 1398435506603	Marionette	INFO	sendToClient: {"from":"0","value":"<div><img src=\"blob:8d32e50e-708d-4ef8-a438-ff6e8b4bb81b\" style=\"visibility: visible;\" role=\"presentation\" height=\"64\" width=\"64\"><span class=\"labelWrapper\"><span>Gallery</span></span></div>"}, {81f1830e-aafc-412b-b5aa-a5dc103f5300}, {81f1830e-aafc-412b-b5aa-a5dc103f5300}
04-25 07:18:26.600 I/Gecko   (   83): 1398435506619	Marionette	INFO	sendToClient: {"from":"0","value":"<div><img src=\"blob:c8f17e11-8f22-428e-9eeb-4d978d5c8cce\" style=\"visibility: visible;\" role=\"presentation\" height=\"64\" width=\"64\"><span class=\"labelWrapper\"><span>FM Radio</span></span></div>"}, {2764b947-61e6-44f1-9ed6-82bbe116234c}, {2764b947-61e6-44f1-9ed6-82bbe116234c}
04-25 07:18:26.640 I/Gecko   (   83): 1398435506652	Marionette	INFO	sendToClient: {"from":"0","value":"<div><img src=\"blob:a52d8daa-24fa-4794-8631-b3a4b729e986\" style=\"visibility: visible;\" role=\"presentation\" height=\"64\" width=\"64\"><span class=\"labelWrapper\"><span>Settings</span></span></div>"}, {bd65417c-f63f-4d53-940f-ad98be2753de}, {bd65417c-f63f-4d53-940f-ad98be2753de}
04-25 07:18:26.650 I/Gecko   (   83): 1398435506664	Marionette	INFO	sendToClient: {"from":"0","value":"<div><img src=\"blob:52ebc9c7-4039-494f-a1a6-ff8b38ea0ded\" style=\"visibility: visible;\" role=\"presentation\" height=\"64\" width=\"64\"><span class=\"labelWrapper\"><span>Marketplace</span></span></div>"}, {68ba85a4-1132-4775-bb84-fb965d8a690f}, {68ba85a4-1132-4775-bb84-fb965d8a690f}
04-25 07:18:26.670 I/Gecko   (   83): 1398435506682	Marionette	INFO	sendToClient: {"from":"0","value":"<div><img src=\"blob:75ce9276-dc45-47bf-91d9-0641f5c1a135\" style=\"visibility: visible;\" role=\"presentation\" height=\"64\" width=\"64\"><span class=\"labelWrapper\"><span>Calendar</span></span></div>"}, {afede3d0-7ab7-4c28-9dd4-ba772416f81d}, {afede3d0-7ab7-4c28-9dd4-ba772416f81d}
04-25 07:18:26.680 I/Gecko   (   83): 1398435506697	Marionette	INFO	sendToClient: {"from":"0","value":"<div><img src=\"blob:306d4b6f-a8ad-4b89-bfe3-40dc9defa9a8\" style=\"visibility: visible;\" role=\"presentation\" height=\"64\" width=\"64\"><span class=\"labelWrapper\"><span>Clock</span></span></div>"}, {4cf20419-498e-4209-847b-80d3e4b1e58c}, {4cf20419-498e-4209-847b-80d3e4b1e58c}
04-25 07:18:26.690 I/Gecko   (   83): 1398435506709	Marionette	INFO	sendToClient: {"from":"0","value":"<div><img src=\"blob:fcd507af-1e33-4071-99f3-e026b0558d73\" style=\"visibility: visible;\" role=\"presentation\" height=\"64\" width=\"64\"><span class=\"labelWrapper\"><span>Usage</span></span></div>"}, {3ea73f24-4d26-4d05-93bc-76215c4829b5}, {3ea73f24-4d26-4d05-93bc-76215c4829b5}
04-25 07:18:26.710 I/Gecko   (   83): 1398435506720	Marionette	INFO	sendToClient: {"from":"0","value":"<div><img src=\"blob:9aa1e1f5-155a-443f-bf8f-945e30da71fe\" style=\"visibility: visible;\" role=\"presentation\" height=\"64\" width=\"64\"><span class=\"labelWrapper\"><span>E-Mail</span></span></div>"}, {77d8190f-1968-4d9b-b4c4-9653485ea8a0}, {77d8190f-1968-4d9b-b4c4-9653485ea8a0}
04-25 07:18:26.720 I/Gecko   (   83): 1398435506733	Marionette	INFO	sendToClient: {"from":"0","value":"<div><img src=\"blob:ae503523-1cdc-433a-abf0-5dbed4c6ce96\" style=\"visibility: visible;\" role=\"presentation\" height=\"64\" width=\"64\"><span class=\"labelWrapper\"><span>Music</span></span></div>"}, {fb6999b0-180d-4dc3-99fc-e8c8aeef33f1}, {fb6999b0-180d-4dc3-99fc-e8c8aeef33f1}
04-25 07:18:26.740 I/Gecko   (   83): 1398435506757	Marionette	INFO	sendToClient: {"from":"0","value":"<div><img src=\"blob:c835bb8e-1100-4ee0-875f-c494cf2bd559\" style=\"visibility: visible;\" role=\"presentation\" height=\"64\" width=\"64\"><span class=\"labelWrapper\"><span>Video</span></span></div>"}, {4d34068e-c59a-44db-b2ca-e17947f25257}, {4d34068e-c59a-44db-b2ca-e17947f25257}
04-25 07:18:26.750 I/Gecko   (   83): 1398435506769	Marionette	INFO	sendToClient: {"from":"0","value":"<div><img src=\"blob:d7648a27-de22-4a44-9f0e-4b65e8fe5103\" style=\"visibility: visible;\" role=\"presentation\" height=\"64\" width=\"64\"><span class=\"labelWrapper\"><span>Pathuku</span></span></div><span data-is-icon=\"true\" class=\"options\"></span>"}, {f130d760-c53a-44ed-906e-36965ff0d985}, {f130d760-c53a-44ed-906e-36965ff0d985}
04-25 07:18:26.770 I/Gecko   (   83): 1398435506782	Marionette	INFO	sendToClient: {"from":"0","value":"<div><img src=\"blob:1151dfa5-477a-44f3-b510-2c722bbbf39a\" style=\"visibility: visible;\" role=\"presentation\" height=\"64\" width=\"64\"><span class=\"labelWrapper\"><span>Phone</span></span></div>"}, {547c5e07-0b26-4412-8072-9fef6bff9e4b}, {547c5e07-0b26-4412-8072-9fef6bff9e4b}
04-25 07:18:26.780 I/Gecko   (   83): 1398435506797	Marionette	INFO	sendToClient: {"from":"0","value":"<div><img src=\"blob:1fac9059-650b-43d4-ae31-da526ec3acd6\" style=\"visibility: visible;\" role=\"presentation\" height=\"64\" width=\"64\"><span class=\"labelWrapper\"><span>Messages</span></span></div>"}, {b39a3faf-c727-4be5-9b1c-b401e8d682b6}, {b39a3faf-c727-4be5-9b1c-b401e8d682b6}
04-25 07:18:26.790 I/Gecko   (   83): 1398435506808	Marionette	INFO	sendToClient: {"from":"0","value":"<div><img src=\"blob:300cc1d0-4e1a-4c61-be1f-9cd754881a11\" style=\"visibility: visible;\" role=\"presentation\" height=\"64\" width=\"64\"><span class=\"labelWrapper\"><span>Contacts</span></span></div>"}, {f79422ea-a34e-4b2c-b8d8-b7d0a8886900}, {f79422ea-a34e-4b2c-b8d8-b7d0a8886900}
04-25 07:18:26.800 I/Gecko   (   83): 1398435506819	Marionette	INFO	sendToClient: {"from":"0","value":"<div><img src=\"blob:69f90e0d-bfa2-42fc-8fa0-f565c0cb31e1\" style=\"visibility: visible;\" role=\"presentation\" height=\"64\" width=\"64\"><span class=\"labelWrapper\"><span>Browser</span></span></div>"}, {36809bd0-59ad-4849-828a-6b2a0a24cdaf}, {36809bd0-59ad-4849-828a-6b2a0a24cdaf}
04-25 07:18:28.870 I/Gecko   (   83): 1398435508889	Marionette	INFO	sendToClient: {"from":"0","value":["{08c97b26-97b2-4af4-85d3-667d70dbcb25}","{ea5e261a-db1c-401a-8aca-bdf458f5c50d}","{845eed67-e43c-407a-8683-e016e6ea3d97}","{527d72e2-1e15-48fc-974e-f3af6dda9cc8}","{bf917dde-b6ee-441f-b03f-b6066120a83f}","{f0d3ac8f-878a-4111-b5d9-cfdb9bfa7a99}","{829dfb1f-2d20-4b6d-a483-26dd5107452b}","{3b90b84d-bb56-4abc-8195-a5372618a4bb}","{0ba2aa86-5e07-4dcc-9af0-d011050df4f5}","{a7cce2a3-3744-4145-bfd3-008bb7244cb2}","{2641730d-8d2b-4e9b-b204-408fd581430c}","{b6b65f95-138f-4f6b-a87c-d5811acef54e}","{79684f4f-02f9-479f-9f7c-22f136f59445}","{306becf1-acb0-44c4-a584-24848e82caf2}","{f4073f21-4c26-4381-8e68-0deb9e9825f2}","{0b92d7b6-47fe-4e8a-835d-b15f87e3d3aa}","{8bba467e-69fc-41e8-8d49-896b973e0d82}","{a52244a3-d586-48fe-8f3f-1d8b9378db68}","{8d295f59-8079-4c1b-bb43-e950b9c9ddf1}","{a2ef0361-748b-4042-a605-66eacd58998a}"]}, {7cbc8198-d0bd-4c23-8a6b-d077812c948b}, {7cbc8198-d0bd-4c23-8a6b-d077812c948b}
04-25 07:18:28.890 I/Gecko   (   83): 1398435508905	Marionette	INFO	sendToClient: {"from":"0","value":"<div><img src=\"blob:2ce15897-164a-44cf-832f-af6182cb2466\" style=\"visibility: visible;\" role=\"presentation\" height=\"64\" width=\"64\"><span class=\"labelWrapper\"><span>Social</span></span></div><span data-is-icon=\"true\" class=\"options\"></span>"}, {7cf93766-36c2-4f27-a44e-7b0395882d34}, {7cf93766-36c2-4f27-a44e-7b0395882d34}
04-25 07:18:28.900 I/Gecko   (   83): 1398435508917	Marionette	INFO	sendToClient: {"from":"0","value":"<div><img src=\"blob:f560e5b8-7c85-4b1e-b7a6-d3cfe7dc808a\" style=\"visibility: visible;\" role=\"presentation\" height=\"64\" width=\"64\"><span class=\"labelWrapper\"><span>Games</span></span></div><span data-is-icon=\"true\" class=\"options\"></span>"}, {c97b6f54-1924-4371-ab2f-ee0ee604965f}, {c97b6f54-1924-4371-ab2f-ee0ee604965f}
04-25 07:18:28.910 I/Gecko   (   83): 1398435508929	Marionette	INFO	sendToClient: {"from":"0","value":"<div><img src=\"blob:46bb57b2-b221-4c59-bd3b-9141c110212b\" style=\"visibility: visible;\" role=\"presentation\" height=\"64\" width=\"64\"><span class=\"labelWrapper\"><span>Music</span></span></div><span data-is-icon=\"true\" class=\"options\"></span>"}, {3f5db7dd-65d4-4f9a-b02b-23a29d581a55}, {3f5db7dd-65d4-4f9a-b02b-23a29d581a55}
04-25 07:18:28.930 I/Gecko   (   83): 1398435508941	Marionette	INFO	sendToClient: {"from":"0","value":"<div><img src=\"blob:928a24be-426e-44df-b59e-7af5ff01b207\" style=\"visibility: visible;\" role=\"presentation\" height=\"64\" width=\"64\"><span class=\"labelWrapper\"><span>Showbiz</span></span></div><span data-is-icon=\"true\" class=\"options\"></span>"}, {bc23150c-ae90-4193-9ce5-863e22b5fdad}, {bc23150c-ae90-4193-9ce5-863e22b5fdad}
04-25 07:18:28.940 I/Gecko   (   83): 1398435508952	Marionette	INFO	sendToClient: {"from":"0","value":"<div><img src=\"blob:498a3015-1d0e-49ea-9ed2-502cac1b11b6\" style=\"visibility: visible;\" role=\"presentation\" height=\"64\" width=\"64\"><span class=\"labelWrapper\"><span>Camera</span></span></div>"}, {79f77275-14b0-43bf-b3f4-c2e937e6410d}, {79f77275-14b0-43bf-b3f4-c2e937e6410d}
04-25 07:18:28.950 I/Gecko   (   83): 1398435508963	Marionette	INFO	sendToClient: {"from":"0","value":"<div><img src=\"blob:8d32e50e-708d-4ef8-a438-ff6e8b4bb81b\" style=\"visibility: visible;\" role=\"presentation\" height=\"64\" width=\"64\"><span class=\"labelWrapper\"><span>Gallery</span></span></div>"}, {0efeeaca-d0e8-4de4-911e-96278ca8b58e}, {0efeeaca-d0e8-4de4-911e-96278ca8b58e}
04-25 07:18:28.960 I/Gecko   (   83): 1398435508974	Marionette	INFO	sendToClient: {"from":"0","value":"<div><img src=\"blob:c8f17e11-8f22-428e-9eeb-4d978d5c8cce\" style=\"visibility: visible;\" role=\"presentation\" height=\"64\" width=\"64\"><span class=\"labelWrapper\"><span>FM Radio</span></span></div>"}, {01883216-f680-46bf-abbd-a3daff5405d4}, {01883216-f680-46bf-abbd-a3daff5405d4}
04-25 07:18:28.970 I/Gecko   (   83): 1398435508986	Marionette	INFO	sendToClient: {"from":"0","value":"<div><img src=\"blob:a52d8daa-24fa-4794-8631-b3a4b729e986\" style=\"visibility: visible;\" role=\"presentation\" height=\"64\" width=\"64\"><span class=\"labelWrapper\"><span>Settings</span></span></div>"}, {0bfc5c53-7730-4cfb-8a88-5ee8be54f6c5}, {0bfc5c53-7730-4cfb-8a88-5ee8be54f6c5}
04-25 07:18:29.020 I/Gecko   (   83): 1398435509039	Marionette	INFO	sendToClient: {"from":"0","value":"<div><img src=\"blob:52ebc9c7-4039-494f-a1a6-ff8b38ea0ded\" style=\"visibility: visible;\" role=\"presentation\" height=\"64\" width=\"64\"><span class=\"labelWrapper\"><span>Marketplace</span></span></div>"}, {c8c19463-deb1-4ff3-8b7d-f2e7e784c56f}, {c8c19463-deb1-4ff3-8b7d-f2e7e784c56f}
04-25 07:18:29.040 I/Gecko   (   83): 1398435509056	Marionette	INFO	sendToClient: {"from":"0","value":"<div><img src=\"blob:75ce9276-dc45-47bf-91d9-0641f5c1a135\" style=\"visibility: visible;\" role=\"presentation\" height=\"64\" width=\"64\"><span class=\"labelWrapper\"><span>Calendar</span></span></div>"}, {52aa2210-c90f-454c-a6f9-0dc12ae3bb1d}, {52aa2210-c90f-454c-a6f9-0dc12ae3bb1d}
04-25 07:18:29.050 I/Gecko   (   83): 1398435509067	Marionette	INFO	sendToClient: {"from":"0","value":"<div><img src=\"blob:306d4b6f-a8ad-4b89-bfe3-40dc9defa9a8\" style=\"visibility: visible;\" role=\"presentation\" height=\"64\" width=\"64\"><span class=\"labelWrapper\"><span>Clock</span></span></div>"}, {bb99e35f-b91d-4763-acf8-85264a01cb96}, {bb99e35f-b91d-4763-acf8-85264a01cb96}
04-25 07:18:29.060 I/Gecko   (   83): 1398435509078	Marionette	INFO	sendToClient: {"from":"0","value":"<div><img src=\"blob:fcd507af-1e33-4071-99f3-e026b0558d73\" style=\"visibility: visible;\" role=\"presentation\" height=\"64\" width=\"64\"><span class=\"labelWrapper\"><span>Usage</span></span></div>"}, {80fabd5b-e564-4352-832a-b93ef469727d}, {80fabd5b-e564-4352-832a-b93ef469727d}
04-25 07:18:29.070 I/Gecko   (   83): 1398435509090	Marionette	INFO	sendToClient: {"from":"0","value":"<div><img src=\"blob:9aa1e1f5-155a-443f-bf8f-945e30da71fe\" style=\"visibility: visible;\" role=\"presentation\" height=\"64\" width=\"64\"><span class=\"labelWrapper\"><span>E-Mail</span></span></div>"}, {896812e0-0f08-4fbf-ac9b-6766c84ea05a}, {896812e0-0f08-4fbf-ac9b-6766c84ea05a}
04-25 07:18:29.190 I/Gecko   (   83): 1398435509204	Marionette	INFO	sendToClient: {"from":"0","value":"<div><img src=\"blob:ae503523-1cdc-433a-abf0-5dbed4c6ce96\" style=\"visibility: visible;\" role=\"presentation\" height=\"64\" width=\"64\"><span class=\"labelWrapper\"><span>Music</span></span></div>"}, {75e655d3-7310-4237-80fb-f87c34eba963}, {75e655d3-7310-4237-80fb-f87c34eba963}
04-25 07:18:29.220 I/Gecko   (   83): 1398435509237	Marionette	INFO	sendToClient: {"from":"0","value":"<div><img src=\"blob:c835bb8e-1100-4ee0-875f-c494cf2bd559\" style=\"visibility: visible;\" role=\"presentation\" height=\"64\" width=\"64\"><span class=\"labelWrapper\"><span>Video</span></span></div>"}, {4f8910c8-6230-420f-b76b-2990504d38d6}, {4f8910c8-6230-420f-b76b-2990504d38d6}
04-25 07:18:29.250 I/Gecko   (   83): 1398435509265	Marionette	INFO	sendToClient: {"from":"0","value":"<div><img src=\"blob:d7648a27-de22-4a44-9f0e-4b65e8fe5103\" style=\"visibility: visible;\" role=\"presentation\" height=\"64\" width=\"64\"><span class=\"labelWrapper\"><span>Pathuku</span></span></div><span data-is-icon=\"true\" class=\"options\"></span>"}, {8d863777-2522-47c4-ba80-4ac9770c0e5b}, {8d863777-2522-47c4-ba80-4ac9770c0e5b}
04-25 07:18:29.270 I/Gecko   (   83): 1398435509281	Marionette	INFO	sendToClient: {"from":"0","value":"<div><img src=\"blob:1151dfa5-477a-44f3-b510-2c722bbbf39a\" style=\"visibility: visible;\" role=\"presentation\" height=\"64\" width=\"64\"><span class=\"labelWrapper\"><span>Phone</span></span></div>"}, {dc41a9c0-8fde-4077-8d5a-4d552360e7c5}, {dc41a9c0-8fde-4077-8d5a-4d552360e7c5}
04-25 07:18:29.340 I/Gecko   (   83): 1398435509351	Marionette	INFO	sendToClient: {"from":"0","value":"<div><img src=\"blob:1fac9059-650b-43d4-ae31-da526ec3acd6\" style=\"visibility: visible;\" role=\"presentation\" height=\"64\" width=\"64\"><span class=\"labelWrapper\"><span>Messages</span></span></div>"}, {4eaeb2b6-4356-47e2-b334-eacdaaa16c3a}, {4eaeb2b6-4356-47e2-b334-eacdaaa16c3a}
04-25 07:18:29.360 I/Gecko   (   83): 1398435509373	Marionette	INFO	sendToClient: {"from":"0","value":"<div><img src=\"blob:300cc1d0-4e1a-4c61-be1f-9cd754881a11\" style=\"visibility: visible;\" role=\"presentation\" height=\"64\" width=\"64\"><span class=\"labelWrapper\"><span>Contacts</span></span></div>"}, {29d5bfb1-c2fb-41bc-b512-277d220819e5}, {29d5bfb1-c2fb-41bc-b512-277d220819e5}
04-25 07:18:29.370 I/Gecko   (   83): 1398435509385	Marionette	INFO	sendToClient: {"from":"0","value":"<div><img src=\"blob:69f90e0d-bfa2-42fc-8fa0-f565c0cb31e1\" style=\"visibility: visible;\" role=\"presentation\" height=\"64\" width=\"64\"><span class=\"labelWrapper\"><span>Browser</span></span></div>"}, {cad64392-a295-4f06-8c1c-06f05dba3c09}, {cad64392-a295-4f06-8c1c-06f05dba3c09}
04-25 07:18:30.230 W/WifiHW  (   83): wifi_command: SIGNAL_POLL
04-25 07:18:31.390 I/Gecko   (   83): 1398435511406	Marionette	INFO	sendToClient: {"from":"0","value":["{08c97b26-97b2-4af4-85d3-667d70dbcb25}","{ea5e261a-db1c-401a-8aca-bdf458f5c50d}","{845eed67-e43c-407a-8683-e016e6ea3d97}","{527d72e2-1e15-48fc-974e-f3af6dda9cc8}","{bf917dde-b6ee-441f-b03f-b6066120a83f}","{f0d3ac8f-878a-4111-b5d9-cfdb9bfa7a99}","{829dfb1f-2d20-4b6d-a483-26dd5107452b}","{3b90b84d-bb56-4abc-8195-a5372618a4bb}","{0ba2aa86-5e07-4dcc-9af0-d011050df4f5}","{a7cce2a3-3744-4145-bfd3-008bb7244cb2}","{2641730d-8d2b-4e9b-b204-408fd581430c}","{b6b65f95-138f-4f6b-a87c-d5811acef54e}","{79684f4f-02f9-479f-9f7c-22f136f59445}","{306becf1-acb0-44c4-a584-24848e82caf2}","{f4073f21-4c26-4381-8e68-0deb9e9825f2}","{0b92d7b6-47fe-4e8a-835d-b15f87e3d3aa}","{8bba467e-69fc-41e8-8d49-896b973e0d82}","{a52244a3-d586-48fe-8f3f-1d8b9378db68}","{8d295f59-8079-4c1b-bb43-e950b9c9ddf1}","{a2ef0361-748b-4042-a605-66eacd58998a}"]}, {84d38003-ead0-4e64-a4ec-4511ffc521a6}, {84d38003-ead0-4e64-a4ec-4511ffc521a6}
04-25 07:18:31.400 I/Gecko   (   83): 1398435511418	Marionette	INFO	sendToClient: {"from":"0","value":"<div><img src=\"blob:2ce15897-164a-44cf-832f-af6182cb2466\" style=\"visibility: visible;\" role=\"presentation\" height=\"64\" width=\"64\"><span class=\"labelWrapper\"><span>Social</span></span></div><span data-is-icon=\"true\" class=\"options\"></span>"}, {68058b64-2454-4ab6-b3c9-8fbc49cd0c2b}, {68058b64-2454-4ab6-b3c9-8fbc49cd0c2b}
04-25 07:18:31.490 I/Gecko   (   83): 1398435511506	Marionette	INFO	sendToClient: {"from":"0","value":"<div><img src=\"blob:f560e5b8-7c85-4b1e-b7a6-d3cfe7dc808a\" style=\"visibility: visible;\" role=\"presentation\" height=\"64\" width=\"64\"><span class=\"labelWrapper\"><span>Games</span></span></div><span data-is-icon=\"true\" class=\"options\"></span>"}, {0fe400c2-b9a9-4943-be73-48325b83f1eb}, {0fe400c2-b9a9-4943-be73-48325b83f1eb}
04-25 07:18:31.500 I/Gecko   (   83): 1398435511517	Marionette	INFO	sendToClient: {"from":"0","value":"<div><img src=\"blob:46bb57b2-b221-4c59-bd3b-9141c110212b\" style=\"visibility: visible;\" role=\"presentation\" height=\"64\" width=\"64\"><span class=\"labelWrapper\"><span>Music</span></span></div><span data-is-icon=\"true\" class=\"options\"></span>"}, {ec933e3f-6c05-4d0a-8bd8-5b7a19ddcbb1}, {ec933e3f-6c05-4d0a-8bd8-5b7a19ddcbb1}
04-25 07:18:31.510 I/Gecko   (   83): 1398435511528	Marionette	INFO	sendToClient: {"from":"0","value":"<div><img src=\"blob:928a24be-426e-44df-b59e-7af5ff01b207\" style=\"visibility: visible;\" role=\"presentation\" height=\"64\" width=\"64\"><span class=\"labelWrapper\"><span>Showbiz</span></span></div><span data-is-icon=\"true\" class=\"options\"></span>"}, {77333fa1-bc8c-4ed5-8414-52a985807b28}, {77333fa1-bc8c-4ed5-8414-52a985807b28}
04-25 07:18:31.520 I/Gecko   (   83): 1398435511540	Marionette	INFO	sendToClient: {"from":"0","value":"<div><img src=\"blob:498a3015-1d0e-49ea-9ed2-502cac1b11b6\" style=\"visibility: visible;\" role=\"presentation\" height=\"64\" width=\"64\"><span class=\"labelWrapper\"><span>Camera</span></span></div>"}, {06d3af73-5215-491a-b40a-50844d2c2996}, {06d3af73-5215-491a-b40a-50844d2c2996}
04-25 07:18:31.540 I/Gecko   (   83): 1398435511551	Marionette	INFO	sendToClient: {"from":"0","value":"<div><img src=\"blob:8d32e50e-708d-4ef8-a438-ff6e8b4bb81b\" style=\"visibility: visible;\" role=\"presentation\" height=\"64\" width=\"64\"><span class=\"labelWrapper\"><span>Gallery</span></span></div>"}, {ff395343-a3b7-4fae-b3a9-adada2f668a7}, {ff395343-a3b7-4fae-b3a9-adada2f668a7}
04-25 07:18:31.550 I/Gecko   (   83): 1398435511567	Marionette	INFO	sendToClient: {"from":"0","value":"<div><img src=\"blob:c8f17e11-8f22-428e-9eeb-4d978d5c8cce\" style=\"visibility: visible;\" role=\"presentation\" height=\"64\" width=\"64\"><span class=\"labelWrapper\"><span>FM Radio</span></span></div>"}, {78e834e5-3351-4c11-a281-0c8c716434c9}, {78e834e5-3351-4c11-a281-0c8c716434c9}
04-25 07:18:31.560 I/Gecko   (   83): 1398435511579	Marionette	INFO	sendToClient: {"from":"0","value":"<div><img src=\"blob:a52d8daa-24fa-4794-8631-b3a4b729e986\" style=\"visibility: visible;\" role=\"presentation\" height=\"64\" width=\"64\"><span class=\"labelWrapper\"><span>Settings</span></span></div>"}, {27536831-1681-4212-a811-ab4308f86da2}, {27536831-1681-4212-a811-ab4308f86da2}
04-25 07:18:31.570 I/Gecko   (   83): 1398435511590	Marionette	INFO	sendToClient: {"from":"0","value":"<div><img src=\"blob:52ebc9c7-4039-494f-a1a6-ff8b38ea0ded\" style=\"visibility: visible;\" role=\"presentation\" height=\"64\" width=\"64\"><span class=\"labelWrapper\"><span>Marketplace</span></span></div>"}, {a5958184-a4cd-4050-9de2-b023e95aab7b}, {a5958184-a4cd-4050-9de2-b023e95aab7b}
04-25 07:18:31.590 I/Gecko   (   83): 1398435511602	Marionette	INFO	sendToClient: {"from":"0","value":"<div><img src=\"blob:75ce9276-dc45-47bf-91d9-0641f5c1a135\" style=\"visibility: visible;\" role=\"presentation\" height=\"64\" width=\"64\"><span class=\"labelWrapper\"><span>Calendar</span></span></div>"}, {026eaa07-7910-4a09-87f8-c376474ea509}, {026eaa07-7910-4a09-87f8-c376474ea509}
04-25 07:18:31.600 I/Gecko   (   83): 1398435511614	Marionette	INFO	sendToClient: {"from":"0","value":"<div><img src=\"blob:306d4b6f-a8ad-4b89-bfe3-40dc9defa9a8\" style=\"visibility: visible;\" role=\"presentation\" height=\"64\" width=\"64\"><span class=\"labelWrapper\"><span>Clock</span></span></div>"}, {f12d1b75-c1e4-4449-bec7-e59c80ba3dc4}, {f12d1b75-c1e4-4449-bec7-e59c80ba3dc4}
04-25 07:18:31.610 I/Gecko   (   83): 1398435511625	Marionette	INFO	sendToClient: {"from":"0","value":"<div><img src=\"blob:fcd507af-1e33-4071-99f3-e026b0558d73\" style=\"visibility: visible;\" role=\"presentation\" height=\"64\" width=\"64\"><span class=\"labelWrapper\"><span>Usage</span></span></div>"}, {52c5aaa8-4240-48e0-a823-6aaa9f82be33}, {52c5aaa8-4240-48e0-a823-6aaa9f82be33}
04-25 07:18:31.620 I/Gecko   (   83): 1398435511635	Marionette	INFO	sendToClient: {"from":"0","value":"<div><img src=\"blob:9aa1e1f5-155a-443f-bf8f-945e30da71fe\" style=\"visibility: visible;\" role=\"presentation\" height=\"64\" width=\"64\"><span class=\"labelWrapper\"><span>E-Mail</span></span></div>"}, {266bbaed-9f01-4c39-aed4-af1719c3d321}, {266bbaed-9f01-4c39-aed4-af1719c3d321}
04-25 07:18:31.630 I/Gecko   (   83): 1398435511647	Marionette	INFO	sendToClient: {"from":"0","value":"<div><img src=\"blob:ae503523-1cdc-433a-abf0-5dbed4c6ce96\" style=\"visibility: visible;\" role=\"presentation\" height=\"64\" width=\"64\"><span class=\"labelWrapper\"><span>Music</span></span></div>"}, {98d251fb-8b4a-4111-bcb4-18d2d3aac43e}, {98d251fb-8b4a-4111-bcb4-18d2d3aac43e}
04-25 07:18:31.640 I/Gecko   (   83): 1398435511657	Marionette	INFO	sendToClient: {"from":"0","value":"<div><img src=\"blob:c835bb8e-1100-4ee0-875f-c494cf2bd559\" style=\"visibility: visible;\" role=\"presentation\" height=\"64\" width=\"64\"><span class=\"labelWrapper\"><span>Video</span></span></div>"}, {c514f14b-88bc-44e5-b48f-368e5cacc45c}, {c514f14b-88bc-44e5-b48f-368e5cacc45c}
04-25 07:18:31.670 I/Gecko   (   83): 1398435511681	Marionette	INFO	sendToClient: {"from":"0","value":"<div><img src=\"blob:d7648a27-de22-4a44-9f0e-4b65e8fe5103\" style=\"visibility: visible;\" role=\"presentation\" height=\"64\" width=\"64\"><span class=\"labelWrapper\"><span>Pathuku</span></span></div><span data-is-icon=\"true\" class=\"options\"></span>"}, {02d4981b-5c2b-42f6-b505-ddcd33195ce3}, {02d4981b-5c2b-42f6-b505-ddcd33195ce3}
04-25 07:18:31.680 I/Gecko   (   83): 1398435511691	Marionette	INFO	sendToClient: {"from":"0","value":"<div><img src=\"blob:1151dfa5-477a-44f3-b510-2c722bbbf39a\" style=\"visibility: visible;\" role=\"presentation\" height=\"64\" width=\"64\"><span class=\"labelWrapper\"><span>Phone</span></span></div>"}, {ef1c341b-5e95-4868-a45a-3220698185dc}, {ef1c341b-5e95-4868-a45a-3220698185dc}
04-25 07:18:31.690 I/Gecko   (   83): 1398435511702	Marionette	INFO	sendToClient: {"from":"0","value":"<div><img src=\"blob:1fac9059-650b-43d4-ae31-da526ec3acd6\" style=\"visibility: visible;\" role=\"presentation\" height=\"64\" width=\"64\"><span class=\"labelWrapper\"><span>Messages</span></span></div>"}, {21915469-54f0-4cb9-b856-4066d0c51d21}, {21915469-54f0-4cb9-b856-4066d0c51d21}
04-25 07:18:31.700 I/Gecko   (   83): 1398435511713	Marionette	INFO	sendToClient: {"from":"0","value":"<div><img src=\"blob:300cc1d0-4e1a-4c61-be1f-9cd754881a11\" style=\"visibility: visible;\" role=\"presentation\" height=\"64\" width=\"64\"><span class=\"labelWrapper\"><span>Contacts</span></span></div>"}, {c23279cd-c9e7-41c2-acf6-aded3b9c43c9}, {c23279cd-c9e7-41c2-acf6-aded3b9c43c9}
04-25 07:18:31.710 I/Gecko   (   83): 1398435511724	Marionette	INFO	sendToClient: {"from":"0","value":"<div><img src=\"blob:69f90e0d-bfa2-42fc-8fa0-f565c0cb31e1\" style=\"visibility: visible;\" role=\"presentation\" height=\"64\" width=\"64\"><span class=\"labelWrapper\"><span>Browser</span></span></div>"}, {562ed299-0af1-4526-93af-ac7c363fdd25}, {562ed299-0af1-4526-93af-ac7c363fdd25}
04-25 07:18:31.720 I/Gecko   (   83): 1398435511734	Marionette	INFO	sendToClient: {"from":"0","value":"app://homescreen.gaiamobile.org/index.html#root"}, {a307d5c9-be44-49b0-a83b-213c8cd5197d}, {a307d5c9-be44-49b0-a83b-213c8cd5197d}
04-25 07:18:31.730 I/Gecko   (   83): 1398435511740	Marionette	DEBUG	Got request: switchToFrame, data: {"to":"0","sessionId":"3-b2g","name":"switchToFrame","parameters":{"id":null,"focus":true}}, id: {7f8e1f11-1915-41a3-a48a-8cd1f2104719}
04-25 07:18:31.740 I/Gecko   (   83): 1398435511757	Marionette	INFO	Switched to frame: {"frameValue":null}
04-25 07:18:31.850 I/Gecko   (   83): 1398435511863	Marionette	INFO	sendToClient: {"from":"0","ok":true}, {7f8e1f11-1915-41a3-a48a-8cd1f2104719}, {7f8e1f11-1915-41a3-a48a-8cd1f2104719}
04-25 07:18:31.860 I/Gecko   (   83): 1398435511872	Marionette	DEBUG	Got request: switchToFrame, data: {"to":"0","sessionId":"3-b2g","name":"switchToFrame","parameters":{"id":null,"focus":true}}, id: {29f67852-0fec-46d6-bcff-1f4c7d553a60}
04-25 07:18:31.860 I/Gecko   (   83): 1398435511874	Marionette	INFO	Switched to frame: {"frameValue":null}
04-25 07:18:32.080 I/Gecko   (   83): 1398435512092	Marionette	INFO	sendToClient: {"from":"0","ok":true}, {29f67852-0fec-46d6-bcff-1f4c7d553a60}, {29f67852-0fec-46d6-bcff-1f4c7d553a60}
04-25 07:18:32.090 I/Gecko   (   83): 1398435512100	Marionette	DEBUG	Got request: executeWithCallback, data: {"to":"0","sessionId":"3-b2g","name":"executeAsyncScript","parameters":{"specialPowers":false,"scriptTimeout":30000,"newSandbox":true,"args":[],"filename":"app_checker.py","script":"GaiaApps.launchWithManifestURL('http://www.pathuku.com/manifest.webapp')","line":106}}, id: {7f2b7eb6-4f95-48e0-bafb-0439a629ae06}
04-25 07:18:32.200 E/GeckoConsole(   83): Content JS LOG at dummy file:334 in GaiaApps.launch: launching app with name 'Pathuku'
04-25 07:18:32.340 I/Gonk    (   83): Setting nice for pid 5684 to 18
04-25 07:18:32.340 I/Gonk    (   83): Changed nice for pid 5684 from 0 to 18.
04-25 07:18:32.340 I/Gecko   (   83): [Parent 83] WARNING: waitpid failed pid:5684 errno:10: file ../../../gecko/ipc/chromium/src/base/process_util_posix.cc, line 254
04-25 07:18:32.380 I/Gonk    (   83): Setting nice for pid 5684 to 1
04-25 07:18:32.380 I/Gonk    (   83): Changed nice for pid 5684 from 18 to 1.
04-25 07:18:32.530 E/[Gralloc-ERROR](   83): int gralloc_register_buffer(const gralloc_module_t*, const native_handle_t*):79 Unable to register handle 0x46411100 coming from different process: 83
04-25 07:18:32.600 E/[Gralloc-ERROR](   83): int gralloc_register_buffer(const gralloc_module_t*, const native_handle_t*):79 Unable to register handle 0x46411240 coming from different process: 83
04-25 07:18:32.740 E/[Gralloc-ERROR](   83): int gralloc_register_buffer(const gralloc_module_t*, const native_handle_t*):79 Unable to register handle 0x464112e0 coming from different process: 83
04-25 07:18:32.740 E/[Gralloc-ERROR](   83): int gralloc_register_buffer(const gralloc_module_t*, const native_handle_t*):79 Unable to register handle 0x46411380 coming from different process: 83
04-25 07:18:33.100 D/Sensors (   83): activate handle=0; drv=0
04-25 07:18:33.100 D/Sensors (   83): Lis3dhSensor: Control set 1
04-25 07:18:33.100 D/Sensors (   83): Lis3dhSensor: mEnabled = 1
04-25 07:18:33.180 I/Gonk    (   83): Setting nice for pid 5643 to 18
04-25 07:18:33.180 I/Gonk    (   83): Changed nice for pid 5643 from 1 to 18.
04-25 07:18:34.070 I/Gecko   (   83): 
04-25 07:18:34.070 I/Gecko   (   83): ###!!! [Parent][MessageChannel] Error: Channel error: cannot send/recv
04-25 07:18:34.070 I/Gecko   (   83): 
04-25 07:18:34.150 I/Gecko   (   83): [Parent 83] WARNING: waitpid failed pid:5643 errno:10: file ../../../gecko/ipc/chromium/src/base/process_util_posix.cc, line 254
04-25 07:18:35.110 E/GeckoConsole( 5684): [JavaScript Warning: "Expected color but found 'soild'.  Error in parsing value for 'border'.  Declaration dropped." {file: "http://www.pathuku.com/Content/style.css" line: 18 column: 11 source: "    border:soild 1px green;   "}]
04-25 07:18:35.790 W/WifiHW  (   83): wifi_command: SIGNAL_POLL
04-25 07:18:36.150 I/Gecko   (   83): [Parent 83] WARNING: waitpid failed pid:5643 errno:10: file ../../../gecko/ipc/chromium/src/base/process_util_posix.cc, line 254
04-25 07:18:36.150 I/Gecko   (   83): [Parent 83] WARNING: Failed to deliver SIGKILL to 5643!(3).: file ../../../gecko/ipc/chromium/src/chrome/common/process_watcher_posix_sigchld.cc, line 118
04-25 07:18:37.780 I/Gonk    (   83): Setting nice for pid 5723 to 18
04-25 07:18:37.780 I/Gonk    (   83): Changed nice for pid 5723 from 0 to 18.
04-25 07:18:38.850 I/Gecko   ( 5684): No permission to use the keyboard API for http://www.pathuku.com
04-25 07:18:39.970 E/GeckoConsole( 5684): Content JS LOG at https://amazon-web-app-resources.s3.amazonaws.com/v0/latest/Amazon-Web-App-API.min.js:30 in b.exports.bootstrap: Platform does not support cordova. Aborting cordova bootstrap.
04-25 07:18:39.970 E/GeckoConsole( 5684): Content JS LOG at https://amazon-web-app-resources.s3.amazonaws.com/v0/latest/Amazon-Web-App-API.min.js:32 in c.load: Could not find cordova.js script tag. Plugin loading may fail.
04-25 07:18:40.800 W/WifiHW  (   83): wifi_command: SIGNAL_POLL
04-25 07:18:41.710 I/Gecko   ( 5684): Attempting load of libEGL.so
04-25 07:18:41.930 D/libEGL  ( 5684): loaded /system/lib/egl/libEGL_mali.so
04-25 07:18:41.950 D/libEGL  ( 5684): loaded /system/lib/egl/libGLESv1_CM_mali.so
04-25 07:18:41.960 D/libEGL  ( 5684): loaded /system/lib/egl/libGLESv2_mali.so
04-25 07:18:41.990 I/Gecko   ( 5684): SharedSurface_Gralloc::Create -------
04-25 07:18:42.030 I/Gecko   ( 5684): SharedSurface_Gralloc::Create: success -- surface 0x43620140, GraphicBuffer 0x4355a700.
04-25 07:18:42.160 I/Gecko   ( 5684): SharedSurface_Gralloc::Create -------
04-25 07:18:42.190 I/Gecko   ( 5684): SharedSurface_Gralloc::Create: success -- surface 0x43fffbc0, GraphicBuffer 0x435d8280.
04-25 07:18:42.390 I/Gecko   ( 5684): [SharedSurface_Gralloc 0x43620140] destroyed
04-25 07:18:42.410 I/Gecko   ( 5684): SharedSurface_Gralloc::Create -------
04-25 07:18:42.420 I/Gecko   ( 5684): SharedSurface_Gralloc::Create: success -- surface 0x43620140, GraphicBuffer 0x4355a700.
04-25 07:18:42.480 I/Gecko   ( 5684): [SharedSurface_Gralloc 0x43fffbc0] destroyed
04-25 07:18:42.480 I/Gecko   ( 5684): SharedSurface_Gralloc::Create -------
04-25 07:18:42.490 I/Gecko   ( 5684): SharedSurface_Gralloc::Create: success -- surface 0x43fffbc0, GraphicBuffer 0x435d8280.
04-25 07:18:43.260 I/Gonk    (   83): Setting nice for pid 5723 to 18
04-25 07:18:43.260 I/Gonk    (   83): Changed nice for pid 5723 from 18 to 18.
04-25 07:18:43.260 I/Gecko   (   83): [Parent 83] WARNING: waitpid failed pid:5723 errno:10: file ../../../gecko/ipc/chromium/src/base/process_util_posix.cc, line 254
04-25 07:18:43.260 I/Gonk    (   83): Setting nice for pid 5723 to 1
04-25 07:18:43.260 I/Gonk    (   83): Changed nice for pid 5723 from 18 to 1.
04-25 07:18:43.300 I/Gonk    (   83): Setting nice for pid 5723 to 18
04-25 07:18:43.300 I/Gonk    (   83): Changed nice for pid 5723 from 1 to 18.
04-25 07:18:43.400 I/Gecko   ( 5684): SharedSurface_Gralloc::Create -------
04-25 07:18:43.440 I/Gecko   ( 5684): SharedSurface_Gralloc::Create: success -- surface 0x448d8040, GraphicBuffer 0x4409df00.
04-25 07:18:43.500 I/Gecko   ( 5684): SharedSurface_Gralloc::Create -------
04-25 07:18:43.570 I/Gecko   ( 5684): SharedSurface_Gralloc::Create: success -- surface 0x448d8140, GraphicBuffer 0x4409e080.
04-25 07:18:44.030 I/log     ( 5738): <4>0[ 2360.226045] select 5723 ((Preallocated a), adj 8, size 3218, to kill 
04-25 07:18:44.110 E/GeckoConsole(   83): Content JS LOG at dummy file:326 in GaiaApps.launch/appOpen/<: app with origin 'http://www.pathuku.com' has launched
04-25 07:18:44.120 I/Gecko   (   83): 1398435524137	Marionette	INFO	sendToClient: {"from":"0","value":{"frame":{"ELEMENT":"{fa97fe8d-344d-411e-8bc3-7859662f9e9d}"},"src":"http://www.pathuku.com/","name":"Pathuku","origin":"http://www.pathuku.com"}}, {7f2b7eb6-4f95-48e0-bafb-0439a629ae06}, {7f2b7eb6-4f95-48e0-bafb-0439a629ae06}
04-25 07:18:44.160 E/[Gralloc-ERROR](   83): int gralloc_unregister_buffer(const gralloc_module_t*, const native_handle_t*):274 Trying to unregister buffer 0x46411100 from process 83 that was not created in current process: 83
04-25 07:18:44.170 E/[Gralloc-ERROR](   83): int gralloc_unregister_buffer(const gralloc_module_t*, const native_handle_t*):274 Trying to unregister buffer 0x46411240 from process 83 that was not created in current process: 83
04-25 07:18:44.170 E/[Gralloc-ERROR](   83): int gralloc_unregister_buffer(const gralloc_module_t*, const native_handle_t*):274 Trying to unregister buffer 0x46411380 from process 83 that was not created in current process: 83
04-25 07:18:44.170 E/[Gralloc-ERROR](   83): int gralloc_unregister_buffer(const gralloc_module_t*, const native_handle_t*):274 Trying to unregister buffer 0x464112e0 from process 83 that was not created in current process: 83
04-25 07:18:44.190 I/Gecko   (   83): 1398435524203	Marionette	DEBUG	Got request: switchToFrame, data: {"to":"0","sessionId":"3-b2g","name":"switchToFrame","parameters":{"focus":true,"element":"{fa97fe8d-344d-411e-8bc3-7859662f9e9d}"}}, id: {56d7b9a8-3acf-4cf8-8384-dcd0cfdbf62f}
04-25 07:18:44.210 I/Gecko   ( 5684): SharedSurface_Gralloc::Create -------
04-25 07:18:44.220 I/Gecko   (   83): 1398435524240	Marionette	INFO	Switched to frame: {"frameValue":"{fa97fe8d-344d-411e-8bc3-7859662f9e9d}"}
04-25 07:18:44.230 I/Gecko   ( 5684): SharedSurface_Gralloc::Create: success -- surface 0x435e4bc0, GraphicBuffer 0x435d7100.
04-25 07:18:44.240 I/Gecko   (   83): 1398435524255	Marionette	INFO	trying remote frame 0
04-25 07:18:44.260 I/Gecko   (   83): 1398435524280	Marionette	INFO	trying remote frame 1
04-25 07:18:44.280 I/Gecko   (   83): 1398435524297	Marionette	INFO	trying remote frame 2
04-25 07:18:44.290 I/Gecko   (   83): 1398435524301	Marionette	INFO	trying remote frame 3
04-25 07:18:44.290 I/Gecko   (   83): 1398435524305	Marionette	INFO	trying remote frame 4
04-25 07:18:44.290 I/Gecko   (   83): 1398435524306	Marionette	INFO	trying remote frame 5
04-25 07:18:44.300 I/Gecko   (   83): 1398435524312	Marionette	INFO	trying remote frame 6
04-25 07:18:44.300 I/Gecko   (   83): 1398435524313	Marionette	INFO	trying remote frame 7
04-25 07:18:44.300 I/Gecko   (   83): 1398435524314	Marionette	INFO	trying remote frame 8
04-25 07:18:44.300 I/Gecko   (   83): 1398435524315	Marionette	INFO	trying remote frame 9
04-25 07:18:44.300 I/Gecko   (   83): 1398435524317	Marionette	INFO	trying remote frame 10
04-25 07:18:44.310 I/Gecko   (   83): 1398435524330	Marionette	INFO	trying remote frame 11
04-25 07:18:44.320 I/Gecko   (   83): 1398435524339	Marionette	INFO	trying remote frame 12
04-25 07:18:44.320 I/Gecko   (   83): 1398435524340	Marionette	INFO	trying remote frame 13
04-25 07:18:44.330 I/Gecko   (   83): 1398435524341	Marionette	INFO	trying remote frame 14
04-25 07:18:44.330 I/Gecko   (   83): 1398435524343	Marionette	INFO	deleting frame
04-25 07:18:44.330 E/GeckoConsole( 5684): Content JS LOG at https://amazon-web-app-resources.s3.amazonaws.com/v0/latest/Amazon-Web-App-API.min.js:25 in anonymous: deviceready has not fired after 5 seconds.
04-25 07:18:44.340 E/GeckoConsole( 5684): Content JS LOG at https://amazon-web-app-resources.s3.amazonaws.com/v0/latest/Amazon-Web-App-API.min.js:24 in d: Channel not fired: onNativeReady
04-25 07:18:44.340 E/GeckoConsole( 5684): Content JS LOG at https://amazon-web-app-resources.s3.amazonaws.com/v0/latest/Amazon-Web-App-API.min.js:24 in d: Channel not fired: onPluginsReady
04-25 07:18:44.340 E/GeckoConsole( 5684): Content JS LOG at https://amazon-web-app-resources.s3.amazonaws.com/v0/latest/Amazon-Web-App-API.min.js:24 in d: Channel not fired: onCordovaReady
04-25 07:18:44.340 I/Gecko   (   83): 1398435524355	Marionette	INFO	frame-manager load script: [object ChromeMessageSender]
04-25 07:18:44.650 I/Gecko   (   83): [Parent 83] WARNING: pipe error (122): Connection reset by peer: file ../../../gecko/ipc/chromium/src/chrome/common/ipc_channel_posix.cc, line 446
04-25 07:18:44.650 I/Gecko   (   83): 
04-25 07:18:44.650 I/Gecko   (   83): ###!!! [Parent][MessageChannel] Error: Channel error: cannot send/recv
04-25 07:18:44.650 I/Gecko   (   83): 
04-25 07:18:44.760 I/Gecko   (   83): [Parent 83] WARNING: waitpid failed pid:5723 errno:10: file ../../../gecko/ipc/chromium/src/base/process_util_posix.cc, line 254
04-25 07:18:44.990 I/Gecko   (   83): 1398435525005	Marionette	INFO	sendToClient: {"from":"0","ok":true}, {56d7b9a8-3acf-4cf8-8384-dcd0cfdbf62f}, {56d7b9a8-3acf-4cf8-8384-dcd0cfdbf62f}
04-25 07:18:45.090 I/Gecko   (   83): 1398435525101	Marionette	INFO	sendToClient: {"from":"0","value":"http://www.pathuku.com/"}, {8cc30884-4b37-4237-a4a5-729aebf74c08}, {8cc30884-4b37-4237-a4a5-729aebf74c08}
