--------- beginning of /dev/log/main
04-26 07:24:14.115 I/Gecko   (   83): 1398522254131	Marionette	INFO	sendToClient: {"from":"0","ok":true}, {ee4c2e07-2ce8-4824-b3c3-45d548e4af8f}, {ee4c2e07-2ce8-4824-b3c3-45d548e4af8f}
04-26 07:24:14.155 I/Gecko   (   83): 1398522254170	Marionette	DEBUG	Got request: switchToFrame, data: {"to":"0","sessionId":"3-b2g","name":"switchToFrame","parameters":{"id":null,"focus":true}}, id: {a244a555-7979-4448-bd14-19a2b84b4313}
04-26 07:24:14.155 I/Gecko   (   83): 1398522254173	Marionette	INFO	Switched to frame: {"frameValue":null}
04-26 07:24:14.255 I/Gecko   (   83): 1398522254275	Marionette	INFO	sendToClient: {"from":"0","ok":true}, {a244a555-7979-4448-bd14-19a2b84b4313}, {a244a555-7979-4448-bd14-19a2b84b4313}
04-26 07:24:14.275 I/Gecko   (   83): 1398522254287	Marionette	DEBUG	Got request: executeWithCallback, data: {"to":"0","sessionId":"3-b2g","name":"executeAsyncScript","parameters":{"specialPowers":false,"scriptTimeout":null,"newSandbox":true,"args":[],"filename":"gaia_test.py","script":"return GaiaApps.displayedApp();","line":66}}, id: {da07d7d6-6c47-4cc0-8696-22855f8cb456}
04-26 07:24:14.345 E/GeckoConsole(   83): Content JS LOG at dummy file:392 in GaiaApps.displayedApp: app with origin 'app://homescreen.gaiamobile.org' is displayed
04-26 07:24:14.345 I/Gecko   (   83): 1398522254361	Marionette	INFO	sendToClient: {"from":"0","value":{"frame":{"ELEMENT":"{1162b52e-0962-4c09-8e98-ebfcf46d1f09}"},"src":"app://homescreen.gaiamobile.org/index.html#root","name":"Homescreen","origin":"app://homescreen.gaiamobile.org"}}, {da07d7d6-6c47-4cc0-8696-22855f8cb456}, {da07d7d6-6c47-4cc0-8696-22855f8cb456}
04-26 07:24:14.365 I/Gecko   (   83): 1398522254380	Marionette	DEBUG	Got request: switchToFrame, data: {"to":"0","sessionId":"3-b2g","name":"switchToFrame","parameters":{"id":null,"focus":true}}, id: {f1d0de4c-af19-431f-9cea-b6bfad7708de}
04-26 07:24:14.375 I/Gecko   (   83): 1398522254387	Marionette	INFO	Switched to frame: {"frameValue":null}
04-26 07:24:14.475 I/Gecko   (   83): 1398522254491	Marionette	INFO	sendToClient: {"from":"0","ok":true}, {f1d0de4c-af19-431f-9cea-b6bfad7708de}, {f1d0de4c-af19-431f-9cea-b6bfad7708de}
04-26 07:24:14.485 I/Gecko   (   83): 1398522254498	Marionette	DEBUG	Got request: switchToFrame, data: {"to":"0","sessionId":"3-b2g","name":"switchToFrame","parameters":{"id":null,"focus":true}}, id: {cbea9375-4742-4e01-84cb-02e22bfb945a}
04-26 07:24:14.485 I/Gecko   (   83): 1398522254502	Marionette	INFO	Switched to frame: {"frameValue":null}
04-26 07:24:14.625 I/Gecko   (   83): 1398522254636	Marionette	INFO	sendToClient: {"from":"0","ok":true}, {cbea9375-4742-4e01-84cb-02e22bfb945a}, {cbea9375-4742-4e01-84cb-02e22bfb945a}
04-26 07:24:14.635 I/Gecko   (   83): 1398522254646	Marionette	DEBUG	Got request: executeWithCallback, data: {"to":"0","sessionId":"3-b2g","name":"executeAsyncScript","parameters":{"specialPowers":false,"scriptTimeout":null,"newSandbox":true,"args":[],"filename":"gaia_test.py","script":"return GaiaApps.displayedApp();","line":66}}, id: {26916301-ecf3-42fa-aa55-141bb743832e}
04-26 07:24:14.675 I/Gecko   (   83): 1398522254688	Marionette	INFO	sendToClient: {"from":"0","value":{"frame":{"ELEMENT":"{1162b52e-0962-4c09-8e98-ebfcf46d1f09}"},"src":"app://homescreen.gaiamobile.org/index.html#root","name":"Homescreen","origin":"app://homescreen.gaiamobile.org"}}, {26916301-ecf3-42fa-aa55-141bb743832e}, {26916301-ecf3-42fa-aa55-141bb743832e}
04-26 07:24:14.685 E/GeckoConsole(   83): Content JS LOG at dummy file:392 in GaiaApps.displayedApp: app with origin 'app://homescreen.gaiamobile.org' is displayed
04-26 07:24:14.695 I/Gecko   (   83): 1398522254705	Marionette	DEBUG	Got request: switchToFrame, data: {"to":"0","sessionId":"3-b2g","name":"switchToFrame","parameters":{"focus":true,"element":"{1162b52e-0962-4c09-8e98-ebfcf46d1f09}"}}, id: {73501d4f-1228-407f-a42b-90ecd332a4f4}
04-26 07:24:14.705 I/Gecko   (   83): 1398522254718	Marionette	INFO	Switched to frame: {"frameValue":"{1162b52e-0962-4c09-8e98-ebfcf46d1f09}"}
04-26 07:24:14.725 I/Gecko   (   83): 1398522254729	Marionette	INFO	trying remote frame 0
04-26 07:24:14.725 I/Gecko   (   83): 1398522254730	Marionette	INFO	deleting frame
04-26 07:24:14.745 I/Gecko   (   83): 1398522254735	Marionette	INFO	frame-manager load script: [object ChromeMessageSender]
04-26 07:24:15.155 I/Gecko   (   83): 1398522255167	Marionette	INFO	sendToClient: {"from":"0","ok":true}, {73501d4f-1228-407f-a42b-90ecd332a4f4}, {73501d4f-1228-407f-a42b-90ecd332a4f4}
04-26 07:24:15.325 I/Gecko   (   83): 1398522255337	Marionette	INFO	sendToClient: {"from":"0","value":{"ELEMENT":"{2a50aa73-667b-4e5f-acbe-c8cb008ab888}"}}, {b00e930f-dc3b-43ae-a386-29d0f7cb9c0f}, {b00e930f-dc3b-43ae-a386-29d0f7cb9c0f}
04-26 07:24:15.515 E/GeckoConsole(  960): [JavaScript Warning: "Use of getAttributeNode() is deprecated. Use getAttribute() instead." {file: "chrome://marionette/content/atoms.js" line: 25}]
04-26 07:24:15.525 E/GeckoConsole(  960): [JavaScript Warning: "Use of attributes' specified attribute is deprecated. It always returns true." {file: "chrome://marionette/content/atoms.js" line: 25}]
04-26 07:24:15.525 I/Gecko   (   83): 1398522255538	Marionette	INFO	sendToClient: {"from":"0","value":"normal"}, {c81b5112-99c6-4da4-ac32-7122b1c8726f}, {c81b5112-99c6-4da4-ac32-7122b1c8726f}
04-26 07:24:15.535 I/Gecko   (   83): 1398522255545	Marionette	DEBUG	Got request: switchToFrame, data: {"to":"0","sessionId":"3-b2g","name":"switchToFrame","parameters":{"id":null,"focus":true}}, id: {f64d8583-16ab-4db0-b4c8-5d41d47d4443}
04-26 07:24:15.555 I/Gecko   (   83): 1398522255568	Marionette	INFO	Switched to frame: {"frameValue":null}
04-26 07:24:15.665 I/Gecko   (   83): 1398522255676	Marionette	INFO	sendToClient: {"from":"0","ok":true}, {f64d8583-16ab-4db0-b4c8-5d41d47d4443}, {f64d8583-16ab-4db0-b4c8-5d41d47d4443}
04-26 07:24:15.675 I/Gecko   (   83): 1398522255688	Marionette	DEBUG	Got request: execute, data: {"to":"0","sessionId":"3-b2g","name":"executeScript","parameters":{"specialPowers":false,"scriptTimeout":null,"newSandbox":true,"args":[],"filename":"gaia_test.py","script":"window.wrappedJSObject.dispatchEvent(new Event('home'));","line":788}}, id: {cf517bc0-a1ad-4f14-b996-2912f5d5bfe5}
04-26 07:24:15.725 I/Gecko   (   83): 1398522255744	Marionette	INFO	sendToClient: {"from":"0","value":null}, {cf517bc0-a1ad-4f14-b996-2912f5d5bfe5}, {cf517bc0-a1ad-4f14-b996-2912f5d5bfe5}
04-26 07:24:15.745 I/Gecko   (   83): 1398522255758	Marionette	DEBUG	Got request: switchToFrame, data: {"to":"0","sessionId":"3-b2g","name":"switchToFrame","parameters":{"id":null,"focus":true}}, id: {96282f16-f98e-44fa-a398-7bc43243815d}
04-26 07:24:15.745 I/Gecko   (   83): 1398522255761	Marionette	INFO	Switched to frame: {"frameValue":null}
04-26 07:24:15.855 I/Gecko   (   83): 1398522255865	Marionette	INFO	sendToClient: {"from":"0","ok":true}, {96282f16-f98e-44fa-a398-7bc43243815d}, {96282f16-f98e-44fa-a398-7bc43243815d}
04-26 07:24:15.855 I/Gecko   (   83): 1398522255872	Marionette	DEBUG	Got request: switchToFrame, data: {"to":"0","sessionId":"3-b2g","name":"switchToFrame","parameters":{"id":null,"focus":true}}, id: {5eb18049-58d0-4c5f-bb54-98b4a4660324}
04-26 07:24:15.855 I/Gecko   (   83): 1398522255874	Marionette	INFO	Switched to frame: {"frameValue":null}
04-26 07:24:15.965 I/Gecko   (   83): 1398522255979	Marionette	INFO	sendToClient: {"from":"0","ok":true}, {5eb18049-58d0-4c5f-bb54-98b4a4660324}, {5eb18049-58d0-4c5f-bb54-98b4a4660324}
04-26 07:24:15.975 I/Gecko   (   83): 1398522255991	Marionette	DEBUG	Got request: executeWithCallback, data: {"to":"0","sessionId":"3-b2g","name":"executeAsyncScript","parameters":{"specialPowers":false,"scriptTimeout":null,"newSandbox":true,"args":[],"filename":"gaia_test.py","script":"return GaiaApps.displayedApp();","line":66}}, id: {c1da7f6a-83c6-4795-a8bd-a6a3c20e3bba}
04-26 07:24:16.045 I/Gecko   (   83): 1398522256055	Marionette	INFO	sendToClient: {"from":"0","value":{"frame":{"ELEMENT":"{1162b52e-0962-4c09-8e98-ebfcf46d1f09}"},"src":"app://homescreen.gaiamobile.org/index.html#rootSat%20Apr%2026%202014%2007:24:15%20GMT-0700%20(UTC)","name":"Homescreen","origin":"app://homescreen.gaiamobile.org"}}, {c1da7f6a-83c6-4795-a8bd-a6a3c20e3bba}, {c1da7f6a-83c6-4795-a8bd-a6a3c20e3bba}
04-26 07:24:16.095 E/GeckoConsole(   83): Content JS LOG at dummy file:392 in GaiaApps.displayedApp: app with origin 'app://homescreen.gaiamobile.org' is displayed
04-26 07:24:16.115 I/Gecko   (   83): 1398522256126	Marionette	DEBUG	Got request: switchToFrame, data: {"to":"0","sessionId":"3-b2g","name":"switchToFrame","parameters":{"focus":true,"element":"{1162b52e-0962-4c09-8e98-ebfcf46d1f09}"}}, id: {dd4b6775-e723-47ee-aa00-5d0b7f292069}
04-26 07:24:16.125 I/Gecko   (   83): 1398522256141	Marionette	INFO	Switched to frame: {"frameValue":"{1162b52e-0962-4c09-8e98-ebfcf46d1f09}"}
04-26 07:24:16.125 I/Gecko   (   83): 1398522256142	Marionette	INFO	trying remote frame 0
04-26 07:24:16.355 I/Gecko   (   83): 1398522256371	Marionette	INFO	sendToClient: {"from":"0","ok":true}, {dd4b6775-e723-47ee-aa00-5d0b7f292069}, {dd4b6775-e723-47ee-aa00-5d0b7f292069}
04-26 07:24:16.375 I/Gecko   (   83): 1398522256390	Marionette	DEBUG	Got request: execute, data: {"to":"0","sessionId":"3-b2g","name":"executeScript","parameters":{"specialPowers":false,"scriptTimeout":null,"newSandbox":true,"args":[],"filename":"gaia_test.py","script":"return window.wrappedJSObject.GridManager.pageHelper.getCurrentPageNumber();","line":784}}, id: {890f6e51-aac4-4113-9812-3ca90419ae17}
04-26 07:24:16.565 I/Gecko   (   83): 1398522256576	Marionette	INFO	sendToClient: {"from":"0","value":0}, {890f6e51-aac4-4113-9812-3ca90419ae17}, {890f6e51-aac4-4113-9812-3ca90419ae17}
04-26 07:24:17.645 I/Gecko   (   83): 1398522257663	Marionette	INFO	sendToClient: {"from":"0","value":["{548aad5c-ea79-416d-96a3-3de1ca9b71c5}","{9efe9454-dc78-4867-aa2c-7b509edafc84}","{14585766-eef4-4815-ac01-dfd906b4167d}","{140d5f47-008b-440d-8f52-5070435bcc2a}","{3e51cd32-5267-4496-825c-1d615db12d45}","{2b758066-c525-4ec2-a24c-e2a8dd52a93b}","{cfa224fa-a614-43cb-9bea-e79728757bca}","{0f49f27a-0ccc-4b04-9975-ae732591309c}","{30fdd2a2-2115-4661-878c-3a95c79af6a5}","{04e73e97-b785-4316-90f2-a9983e4c58e4}","{0fa93e0c-51ad-467f-a220-d0fde8d11bfb}","{4c1c3fe3-2f5b-490c-bd82-16d5832803f4}","{b23ca9d9-6bc1-439e-8a80-b541b2a5979f}","{9b7abeb7-e859-4ef6-b696-b57a29ef8ef9}","{e9720dbb-30e4-4672-a0ac-649df4f349ab}","{82ad0835-e12a-43c8-91bc-ebd30ab48eff}","{6a899644-4731-4679-a2b0-1118a2cc7d7f}","{c5c12dcc-5cb4-412e-8c0e-225ab60c6ebf}","{07ac7343-7d5b-4dfc-b3b6-ba8f79cb619a}","{69356320-4823-44e2-b23d-e3c6bebbda30}","{7cdc485b-6e91-4f4a-b863-553e21a1e909}","{20f379b3-720e-4483-89e9-09dde5d13aea}","{ee6dd6dc-746c-4e41-9201-1f96421d299d}","{a4681e0b-054f
04-26 07:24:17.655 E/GeckoConsole(  960): Content JS WARN at app://homescreen.gaiamobile.org/gaia_build_defer_index.js:184 in isHiddenApp: Unexpected role when checking hidden app: undefined
04-26 07:24:17.655 E/GeckoConsole(  960): Content JS WARN at app://homescreen.gaiamobile.org/gaia_build_defer_index.js:184 in isHiddenApp: Unexpected role when checking hidden app: undefined
04-26 07:24:17.655 E/GeckoConsole(  960): Content JS WARN at app://homescreen.gaiamobile.org/gaia_build_defer_index.js:184 in isHiddenApp: Unexpected role when checking hidden app: undefined
04-26 07:24:17.655 E/GeckoConsole(  960): Content JS WARN at app://homescreen.gaiamobile.org/gaia_build_defer_index.js:184 in isHiddenApp: Unexpected role when checking hidden app: undefined
04-26 07:24:17.655 E/GeckoConsole(  960): Content JS WARN at app://homescreen.gaiamobile.org/gaia_build_defer_index.js:184 in isHiddenApp: Unexpected role when checking hidden app: undefined
04-26 07:24:17.665 E/GeckoConsole(  960): Content JS WARN at app://homescreen.gaiamobile.org/gaia_build_defer_index.js:184 in isHiddenApp: Unexpected role when checking hidden app: undefined
04-26 07:24:17.665 E/GeckoConsole(  960): Content JS WARN at app://homescreen.gaiamobile.org/gaia_build_defer_index.js:184 in isHiddenApp: Unexpected role when checking hidden app: undefined
04-26 07:24:17.665 E/GeckoConsole(  960): Content JS WARN at app://homescreen.gaiamobile.org/gaia_build_defer_index.js:184 in isHiddenApp: Unexpected role when checking hidden app: undefined
04-26 07:24:17.665 E/GeckoConsole(  960): Content JS WARN at app://homescreen.gaiamobile.org/gaia_build_defer_index.js:184 in isHiddenApp: Unexpected role when checking hidden app: undefined
04-26 07:24:17.665 E/GeckoConsole(  960): Content JS WARN at app://homescreen.gaiamobile.org/gaia_build_defer_index.js:184 in isHiddenApp: Unexpected role when checking hidden app: undefined
04-26 07:24:17.665 E/GeckoConsole(  960): Content JS WARN at app://homescreen.gaiamobile.org/gaia_build_defer_index.js:184 in isHiddenApp: Unexpected role when checking hidden app: undefined
04-26 07:24:17.665 E/GeckoConsole(  960): Content JS WARN at app://homescreen.gaiamobile.org/gaia_build_defer_index.js:184 in isHiddenApp: Unexpected role when checking hidden app: undefined
04-26 07:24:17.665 E/GeckoConsole(  960): Content JS WARN at app://homescreen.gaiamobile.org/gaia_build_defer_index.js:184 in isHiddenApp: Unexpected role when checking hidden app: undefined
04-26 07:24:17.665 E/GeckoConsole(  960): Content JS WARN at app://homescreen.gaiamobile.org/gaia_build_defer_index.js:184 in isHiddenApp: Unexpected role when checking hidden app: undefined
04-26 07:24:17.665 E/GeckoConsole(  960): Content JS WARN at app://homescreen.gaiamobile.org/gaia_build_defer_index.js:184 in isHiddenApp: Unexpected role when checking hidden app: undefined
04-26 07:24:17.665 E/GeckoConsole(  960): Content JS WARN at app://homescreen.gaiamobile.org/gaia_build_defer_index.js:184 in isHiddenApp: Unexpected role when checking hidden app: undefined
04-26 07:24:17.665 E/GeckoConsole(  960): Content JS WARN at app://homescreen.gaiamobile.org/gaia_build_defer_index.js:184 in isHiddenApp: Unexpected role when checking hidden app: undefined
04-26 07:24:17.675 E/GeckoConsole(  960): Content JS WARN at app://homescreen.gaiamobile.org/gaia_build_defer_index.js:184 in isHiddenApp: Unexpected role when checking hidden app: undefined
04-26 07:24:17.675 E/GeckoConsole(  960): Content JS WARN at app://homescreen.gaiamobile.org/gaia_build_defer_index.js:184 in isHiddenApp: Unexpected role when checking hidden app: undefined
04-26 07:24:17.675 E/GeckoConsole(  960): Content JS WARN at app://homescreen.gaiamobile.org/gaia_build_defer_index.js:184 in isHiddenApp: Unexpected role when checking hidden app: undefined
04-26 07:24:17.675 E/GeckoConsole(  960): Content JS WARN at app://homescreen.gaiamobile.org/gaia_build_defer_index.js:184 in isHiddenApp: Unexpected role when checking hidden app: undefined
04-26 07:24:17.675 E/GeckoConsole(  960): Content JS WARN at app://homescreen.gaiamobile.org/gaia_build_defer_index.js:184 in isHiddenApp: Unexpected role when checking hidden app: undefined
04-26 07:24:17.955 I/Gecko   (   83): 1398522257969	Marionette	INFO	sendToClient: {"from":"0","value":"app://homescreen.gaiamobile.org/index.html#rootSat%20Apr%2026%202014%2007:24:15%20GMT-0700%20(UTC)"}, {67e6d452-a2de-42e2-bfec-20300c2c0e6b}, {67e6d452-a2de-42e2-bfec-20300c2c0e6b}
04-26 07:24:17.965 I/Gecko   (   83): 1398522257977	Marionette	DEBUG	Got request: switchToFrame, data: {"to":"0","sessionId":"3-b2g","name":"switchToFrame","parameters":{"id":null,"focus":true}}, id: {d7bb3596-527a-4532-937a-0c645e2d25c0}
04-26 07:24:17.985 I/Gecko   (   83): 1398522258002	Marionette	INFO	Switched to frame: {"frameValue":null}
04-26 07:24:18.095 I/Gecko   (   83): 1398522258105	Marionette	INFO	sendToClient: {"from":"0","ok":true}, {d7bb3596-527a-4532-937a-0c645e2d25c0}, {d7bb3596-527a-4532-937a-0c645e2d25c0}
04-26 07:24:18.095 I/Gecko   (   83): 1398522258111	Marionette	DEBUG	Got request: switchToFrame, data: {"to":"0","sessionId":"3-b2g","name":"switchToFrame","parameters":{"id":null,"focus":true}}, id: {048054be-0672-4bb6-a7a7-e933f17648ac}
04-26 07:24:18.095 I/Gecko   (   83): 1398522258113	Marionette	INFO	Switched to frame: {"frameValue":null}
04-26 07:24:18.195 I/Gecko   (   83): 1398522258214	Marionette	INFO	sendToClient: {"from":"0","ok":true}, {048054be-0672-4bb6-a7a7-e933f17648ac}, {048054be-0672-4bb6-a7a7-e933f17648ac}
04-26 07:24:18.205 I/Gecko   (   83): 1398522258223	Marionette	DEBUG	Got request: executeWithCallback, data: {"to":"0","sessionId":"3-b2g","name":"executeAsyncScript","parameters":{"specialPowers":false,"scriptTimeout":30000,"newSandbox":true,"args":[],"filename":"app_checker.py","script":"GaiaApps.launchWithManifestURL('https://marketplace.firefox.com/app/11850a68-a6b1-46f5-bcb9-16cd7e7a8825/manifest.webapp')","line":106}}, id: {c5b25a56-0bef-4e70-8d30-38655663a918}
04-26 07:24:18.295 I/Gonk    (   83): Setting nice for pid 968 to 18
04-26 07:24:18.295 I/Gonk    (   83): Changed nice for pid 968 from 18 to 18.
04-26 07:24:18.295 I/Gecko   (   83): [Parent 83] WARNING: waitpid failed pid:968 errno:10: file ../../../gecko/ipc/chromium/src/base/process_util_posix.cc, line 254
04-26 07:24:18.305 I/Gonk    (   83): Setting nice for pid 968 to 1
04-26 07:24:18.305 I/Gonk    (   83): Changed nice for pid 968 from 18 to 1.
04-26 07:24:18.335 E/GeckoConsole(   83): Content JS LOG at dummy file:334 in GaiaApps.launch: launching app with name 'Pintar'
04-26 07:24:18.345 W/WifiHW  (   83): wifi_command: SIGNAL_POLL
04-26 07:24:18.475 E/[Gralloc-ERROR](   83): int gralloc_register_buffer(const gralloc_module_t*, const native_handle_t*):79 Unable to register handle 0x462ddc90 coming from different process: 83
04-26 07:24:18.505 E/[Gralloc-ERROR](   83): int gralloc_register_buffer(const gralloc_module_t*, const native_handle_t*):79 Unable to register handle 0x463374c0 coming from different process: 83
04-26 07:24:18.515 E/[Gralloc-ERROR](   83): int gralloc_register_buffer(const gralloc_module_t*, const native_handle_t*):79 Unable to register handle 0x46337560 coming from different process: 83
04-26 07:24:18.515 E/[Gralloc-ERROR](   83): int gralloc_register_buffer(const gralloc_module_t*, const native_handle_t*):79 Unable to register handle 0x46337a60 coming from different process: 83
04-26 07:24:18.705 D/Sensors (   83): activate handle=0; drv=0
04-26 07:24:18.705 D/Sensors (   83): Lis3dhSensor: Control set 1
04-26 07:24:18.705 D/Sensors (   83): Lis3dhSensor: mEnabled = 1
04-26 07:24:18.765 I/Gonk    (   83): Setting nice for pid 960 to 18
04-26 07:24:18.765 I/Gonk    (   83): Changed nice for pid 960 from 1 to 18.
04-26 07:24:19.705 V/AudioPolicyManagerBase(   88): startOutput() output 1, stream 1, session 3
04-26 07:24:19.705 V/AudioPolicyManagerBase(   88): changeRefCount() stream 1, count 1
04-26 07:24:19.705 V/AudioPolicyManagerBase(   88): getDeviceForStrategy() from cache strategy 0, device 2
04-26 07:24:19.705 V/AudioPolicyManagerBase(   88): getNewDevice() selected device 2
04-26 07:24:19.705 D/AudioPolicyManagerBase(   88): setOutputDevice() output 1 device 2 delayMs 0
04-26 07:24:19.705 V/AudioPolicyManagerBase(   88): setOutputDevice() setting same device 2 or null device for output 1
04-26 07:24:19.705 E/AudioPolicyManagerBase(   88): checkAndSetVolume stream=1, index=0, output=1, device=2
04-26 07:24:19.705 E/AudioPolicyManagerBase(   88): computeVolume, streamDesc=0x7bcbb8
04-26 07:24:19.705 I/Gonk    (   83): Setting nice for pid 1019 to 18
04-26 07:24:19.705 I/Gonk    (   83): Changed nice for pid 1019 from 0 to 18.
04-26 07:24:19.775 W/AudioFlinger(   88): Thread AudioOut_1 cannot connect to the power manager service
04-26 07:24:19.775 V/AudioPolicyManagerBase(   88): stopOutput() output 1, stream 1, session 3
04-26 07:24:19.775 V/AudioPolicyManagerBase(   88): changeRefCount() stream 1, count 0
04-26 07:24:19.775 V/AudioPolicyManagerBase(   88): getNewDevice() selected device 0
04-26 07:24:19.775 D/AudioPolicyManagerBase(   88): setOutputDevice() output 1 device 0 delayMs 290
04-26 07:24:19.775 V/AudioPolicyManagerBase(   88): setOutputDevice() setting same device 0 or null device for output 1
04-26 07:24:19.775 V/AudioPolicyManagerBase(   88): releaseOutput() 1
04-26 07:24:19.885 I/Gecko   (  968): ###################################### forms.js loaded
04-26 07:24:19.915 I/Gecko   (  968): ############################### browserElementPanning.js loaded
04-26 07:24:19.935 I/Gecko   (  968): ######################## BrowserElementChildPreload.js loaded
04-26 07:24:20.865 E/GeckoConsole(  968): [JavaScript Error: "The character encoding of the HTML document was not declared. The document will render with garbled text in some browser configurations if the document contains characters from outside the US-ASCII range. The character encoding of the page must be declared in the document or in the transfer protocol." {file: "app://{58876444-fb1f-4713-be33-4770935f82d0}/index.html" line: 0}]
04-26 07:24:21.605 E/GeckoConsole(   83): Content JS LOG at dummy file:326 in GaiaApps.launch/appOpen/<: app with origin 'app://{58876444-fb1f-4713-be33-4770935f82d0}' has launched
04-26 07:24:21.615 I/Gecko   (   83): 1398522261627	Marionette	INFO	sendToClient: {"from":"0","value":{"frame":{"ELEMENT":"{ddb4070d-ede8-489b-aa1a-7dd15ca1ecde}"},"src":"app://{58876444-fb1f-4713-be33-4770935f82d0}/index.html","name":"Pintar","origin":"app://{58876444-fb1f-4713-be33-4770935f82d0}"}}, {c5b25a56-0bef-4e70-8d30-38655663a918}, {c5b25a56-0bef-4e70-8d30-38655663a918}
04-26 07:24:21.645 I/Gecko   (   83): [Parent 83] WARNING: pipe error (92): Connection reset by peer: file ../../../gecko/ipc/chromium/src/chrome/common/ipc_channel_posix.cc, line 446
04-26 07:24:21.645 E/[Gralloc-ERROR](   83): int gralloc_unregister_buffer(const gralloc_module_t*, const native_handle_t*):274 Trying to unregister buffer 0x462ddc90 from process 83 that was not created in current process: 83
04-26 07:24:21.645 E/[Gralloc-ERROR](   83): int gralloc_unregister_buffer(const gralloc_module_t*, const native_handle_t*):274 Trying to unregister buffer 0x463374c0 from process 83 that was not created in current process: 83
04-26 07:24:21.645 E/[Gralloc-ERROR](   83): int gralloc_unregister_buffer(const gralloc_module_t*, const native_handle_t*):274 Trying to unregister buffer 0x46337a60 from process 83 that was not created in current process: 83
04-26 07:24:21.645 E/[Gralloc-ERROR](   83): int gralloc_unregister_buffer(const gralloc_module_t*, const native_handle_t*):274 Trying to unregister buffer 0x46337560 from process 83 that was not created in current process: 83
04-26 07:24:21.665 I/Gecko   (   83): 
04-26 07:24:21.665 I/Gecko   (   83): ###!!! [Parent][MessageChannel] Error: Channel error: cannot send/recv
04-26 07:24:21.665 I/Gecko   (   83): 
04-26 07:24:21.735 I/Gecko   (   83): [Parent 83] WARNING: waitpid failed pid:960 errno:10: file ../../../gecko/ipc/chromium/src/base/process_util_posix.cc, line 254
04-26 07:24:21.735 I/Gecko   (   83): 1398522261755	Marionette	DEBUG	Got request: switchToFrame, data: {"to":"0","sessionId":"3-b2g","name":"switchToFrame","parameters":{"focus":true,"element":"{ddb4070d-ede8-489b-aa1a-7dd15ca1ecde}"}}, id: {3315adfb-5ed9-4101-ab06-dbdffd4a36f2}
04-26 07:24:21.745 I/Gecko   (   83): 1398522261763	Marionette	INFO	Switched to frame: {"frameValue":"{ddb4070d-ede8-489b-aa1a-7dd15ca1ecde}"}
04-26 07:24:21.755 I/Gecko   (   83): 1398522261766	Marionette	INFO	trying remote frame 0
04-26 07:24:21.755 I/Gecko   (   83): 1398522261767	Marionette	INFO	deleting frame
04-26 07:24:21.755 I/Gecko   (   83): 1398522261774	Marionette	INFO	frame-manager load script: [object ChromeMessageSender]
04-26 07:24:22.155 I/Gecko   (   83): 1398522262165	Marionette	INFO	sendToClient: {"from":"0","ok":true}, {3315adfb-5ed9-4101-ab06-dbdffd4a36f2}, {3315adfb-5ed9-4101-ab06-dbdffd4a36f2}
04-26 07:24:22.165 I/Gecko   (   83): 1398522262178	Marionette	INFO	sendToClient: {"from":"0","value":"app://{58876444-fb1f-4713-be33-4770935f82d0}/index.html"}, {36d227da-3fe3-4532-a429-2cf6d30425a6}, {36d227da-3fe3-4532-a429-2cf6d30425a6}
04-26 07:24:22.175 I/Gecko   (   83): 1398522262186	Marionette	DEBUG	Got request: execute, data: {"to":"0","sessionId":"3-b2g","name":"executeScript","parameters":{"specialPowers":false,"scriptTimeout":null,"newSandbox":true,"args":[],"filename":"app_checker.py","script":"return window.document.readyState;","line":191}}, id: {bad36c8f-8c23-4549-b18d-a81a1358f08b}
04-26 07:24:22.225 I/Gecko   (   83): 1398522262242	Marionette	INFO	sendToClient: {"from":"0","value":"complete"}, {bad36c8f-8c23-4549-b18d-a81a1358f08b}, {bad36c8f-8c23-4549-b18d-a81a1358f08b}
04-26 07:24:22.235 I/Gecko   (   83): 1398522262252	Marionette	INFO	sendToClient: {"from":"0","value":"app://{58876444-fb1f-4713-be33-4770935f82d0}/index.html"}, {66c807b6-f3b2-4771-b9bc-acb1260c1de0}, {66c807b6-f3b2-4771-b9bc-acb1260c1de0}
04-26 07:24:22.245 I/Gecko   (  968): Attempting load of libEGL.so
04-26 07:24:22.275 D/libEGL  (  968): loaded /system/lib/egl/libEGL_mali.so
04-26 07:24:22.285 D/libEGL  (  968): loaded /system/lib/egl/libGLESv1_CM_mali.so
04-26 07:24:22.285 D/libEGL  (  968): loaded /system/lib/egl/libGLESv2_mali.so
04-26 07:24:22.315 I/Gecko   (  968): SharedSurface_Gralloc::Create -------
04-26 07:24:22.315 I/Gecko   (  968): SharedSurface_Gralloc::Create: success -- surface 0x43e78180, GraphicBuffer 0x43dd6100.
04-26 07:24:23.735 I/Gecko   (   83): [Parent 83] WARNING: waitpid failed pid:960 errno:10: file ../../../gecko/ipc/chromium/src/base/process_util_posix.cc, line 254
04-26 07:24:23.735 I/Gecko   (   83): [Parent 83] WARNING: Failed to deliver SIGKILL to 960!(3).: file ../../../gecko/ipc/chromium/src/chrome/common/process_watcher_posix_sigchld.cc, line 118
04-26 07:24:24.265 W/WifiHW  (   83): wifi_command: SIGNAL_POLL
04-26 07:24:24.725 I/Gecko   (   83): 1398522264698	Marionette	INFO	sendToClient: {"from":"0","value":"iVBORw0KGgoAAAANSUhEUgAAAUAAAAHMCAYAAACk4nEJAAAgAElEQVR4nGy8abBt21XfN+dq5+r7bvd7n3P2ae6557bvvlbSQ9KTBHIJG8WhbBIcggs7ie0UEAcRQwJ2JdgCBJheIHohIySQkYgUwOUULpMST3rqaCSEkIDErkrFSaXyJV+sXz6Muc+5T+TDrtPstdeea47uP/5jjKmUDlCuj1IeSimU46G0sr8r+d11UG6AF0UoY26u1R4qK1BJg9fNUZ6Rz7suytEo5crfnkG59jPK3lO5KG2vczXKVSjXoBxHPq80Kk1QnotyXFnLYT368fs89rvrobwIpUO5t/JQ2qGsekzcyHWuY9+7+WwQpWjn8EwObpLiVj1KK1w3vLk29Cj66WWf1a5LHMY3/3PUy97/C68gQAWJfcbHrvfcv/h8SqOcQJ4rs5+JQtkP7eL6EdoLZS+VQnk+yg1Qvn1+rVCuwi1yeT7fQ3kBTuCjAiPfqV2U6+K57s33uof90yjXQwchYZSjfGPXbN/3FMoL0G6Aymr5frturV2UF6A87+YZ85yg6FE6wPVieS7XiB75Rl6OQYUlbtHgxCl+VhPnrey1Z1DKEGQdrmtQrourPVyrT05To7oaFeeoOEUpTRhlOL5BeSJH1w+v9cXxItnL/z85OQ5mXN68rx0rDyv3wLA8PSOoW9lHpXBdu58qxNU+ruujHA/Hdf7i/U2KCvwb3XVE/3XgoZS1gbIQOYeh7KOS/XZNihNnqMDuoeOjHIVjrP0FntxbeyjHxYkilO+hIxfXGJzQJ6hqVGLl47u4cYwKQ1Tg4RYpynPkPa1QgV1PbDBF+XI99QNrxy5uklGuNrhpLDrpuZisQGkt++O48rujZX2uku9xPNHZw964wfWemjjBCw1eGNjrA1SYyNqSFJUWqCgQvxT41u88LkcteuUZ+V27sr9+IPqrvO
04-26 07:24:25.205 I/Gecko   (   83): 1398522265223	Marionette	INFO	sendToClient: {"from":"0","ok":true}, {51f32baa-237b-4c11-af71-5c6921a19242}, {51f32baa-237b-4c11-af71-5c6921a19242}
04-26 07:24:25.255 I/Gecko   (   83): 1398522265272	Marionette	DEBUG	Got request: switchToFrame, data: {"to":"0","sessionId":"3-b2g","name":"switchToFrame","parameters":{"id":null,"focus":true}}, id: {8260237d-efba-4a5a-ba2f-9f978c8a5263}
04-26 07:24:25.285 I/Gecko   (   83): 1398522265300	Marionette	INFO	Switched to frame: {"frameValue":null}
04-26 07:24:25.395 I/Gecko   (   83): 1398522265413	Marionette	INFO	sendToClient: {"from":"0","ok":true}, {8260237d-efba-4a5a-ba2f-9f978c8a5263}, {8260237d-efba-4a5a-ba2f-9f978c8a5263}
04-26 07:24:25.405 I/Gecko   (   83): 1398522265420	Marionette	DEBUG	Got request: executeWithCallback, data: {"to":"0","sessionId":"3-b2g","name":"executeAsyncScript","parameters":{"specialPowers":false,"scriptTimeout":null,"newSandbox":true,"args":[],"filename":"gaia_test.py","script":"return GaiaApps.displayedApp();","line":66}}, id: {68e6e553-0b27-405b-9ab6-a0edf9775eab}
04-26 07:24:25.545 I/Gecko   (   83): 1398522265556	Marionette	INFO	sendToClient: {"from":"0","value":{"frame":{"ELEMENT":"{ddb4070d-ede8-489b-aa1a-7dd15ca1ecde}"},"src":"app://{58876444-fb1f-4713-be33-4770935f82d0}/index.html","name":"Pintar","origin":"app://{58876444-fb1f-4713-be33-4770935f82d0}"}}, {68e6e553-0b27-405b-9ab6-a0edf9775eab}, {68e6e553-0b27-405b-9ab6-a0edf9775eab}
04-26 07:24:25.545 E/GeckoConsole(   83): Content JS LOG at dummy file:392 in GaiaApps.displayedApp: app with origin 'app://{58876444-fb1f-4713-be33-4770935f82d0}' is displayed
04-26 07:24:25.555 I/Gecko   (   83): 1398522265568	Marionette	DEBUG	Got request: switchToFrame, data: {"to":"0","sessionId":"3-b2g","name":"switchToFrame","parameters":{"id":null,"focus":true}}, id: {336bcb7b-2423-4dcb-81f3-740395c8784f}
04-26 07:24:25.555 I/Gecko   (   83): 1398522265570	Marionette	INFO	Switched to frame: {"frameValue":null}
04-26 07:24:25.675 I/Gecko   (   83): 1398522265688	Marionette	INFO	sendToClient: {"from":"0","ok":true}, {336bcb7b-2423-4dcb-81f3-740395c8784f}, {336bcb7b-2423-4dcb-81f3-740395c8784f}
04-26 07:24:25.685 I/Gecko   (   83): 1398522265704	Marionette	DEBUG	Got request: execute, data: {"to":"0","sessionId":"3-b2g","name":"executeScript","parameters":{"specialPowers":false,"scriptTimeout":null,"newSandbox":true,"args":[],"filename":"gaia_test.py","script":"window.wrappedJSObject.dispatchEvent(new Event('home'));","line":788}}, id: {d829150b-5399-4e7d-a79f-afc021f4a116}
04-26 07:24:25.975 I/Gonk    (   83): Setting nice for pid 1019 to 18
04-26 07:24:25.985 I/Gonk    (   83): Changed nice for pid 1019 from 18 to 18.
04-26 07:24:26.005 I/Gecko   (   83): [Parent 83] WARNING: waitpid failed pid:1019 errno:10: file ../../../gecko/ipc/chromium/src/base/process_util_posix.cc, line 254
04-26 07:24:26.035 I/Gonk    (   83): Setting nice for pid 1019 to 1
04-26 07:24:26.035 I/Gonk    (   83): Changed nice for pid 1019 from 18 to 1.
04-26 07:24:26.075 D/Sensors (   83): activate handle=0; drv=0
04-26 07:24:26.075 D/Sensors (   83): Lis3dhSensor: Control set 0
04-26 07:24:26.075 D/Sensors (   83): Lis3dhSensor: mEnabled = 0
04-26 07:24:26.235 I/Gecko   (   83): 1398522266247	Marionette	INFO	sendToClient: {"from":"0","value":null}, {d829150b-5399-4e7d-a79f-afc021f4a116}, {d829150b-5399-4e7d-a79f-afc021f4a116}
04-26 07:24:27.145 I/Gonk    (   83): Setting nice for pid 1040 to 18
04-26 07:24:27.195 I/Gonk    (   83): Changed nice for pid 1040 from 0 to 18.
04-26 07:24:31.155 W/WifiHW  (   83): wifi_command: SIGNAL_POLL
04-26 07:24:31.995 I/GonkMemoryPressure(  968): Checking to see if memory pressure is over.
04-26 07:24:31.995 I/GonkMemoryPressure(  968): Memory pressure is over.
04-26 07:24:32.005 I/GonkMemoryPressure( 1040): Checking to see if memory pressure is over.
04-26 07:24:32.005 I/GonkMemoryPressure( 1040): Memory pressure is over.
04-26 07:24:32.005 I/GonkMemoryPressure( 1019): Checking to see if memory pressure is over.
04-26 07:24:32.005 I/GonkMemoryPressure( 1019): Memory pressure is over.
04-26 07:24:32.005 I/GonkMemoryPressure(   83): Checking to see if memory pressure is over.
04-26 07:24:32.005 I/GonkMemoryPressure(   83): Memory pressure is over.
04-26 07:24:32.125 I/Gonk    (   83): Setting nice for pid 968 to 18
04-26 07:24:32.125 I/Gonk    (   83): Changed nice for pid 968 from 1 to 18.
04-26 07:24:32.175 I/Gecko   (   83): 1398522272189	Marionette	DEBUG	Got request: switchToFrame, data: {"to":"0","sessionId":"3-b2g","name":"switchToFrame","parameters":{"id":null,"focus":true}}, id: {9629ec51-93dd-4c74-b791-f53f293c0eb1}
04-26 07:24:32.295 I/Gecko   (   83): 1398522272308	Marionette	INFO	Switched to frame: {"frameValue":null}
04-26 07:24:32.395 I/Gecko   (   83): 1398522272413	Marionette	INFO	sendToClient: {"from":"0","ok":true}, {9629ec51-93dd-4c74-b791-f53f293c0eb1}, {9629ec51-93dd-4c74-b791-f53f293c0eb1}
04-26 07:24:32.435 I/Gecko   (   83): 1398522272454	Marionette	DEBUG	Got request: executeWithCallback, data: {"to":"0","sessionId":"3-b2g","name":"executeAsyncScript","parameters":{"specialPowers":false,"scriptTimeout":null,"newSandbox":true,"args":[],"filename":"gaia_test.py","script":"return GaiaApps.displayedApp();","line":66}}, id: {5d53270c-ed95-4f3c-bd77-75440f83ace9}
04-26 07:24:32.595 E/GeckoConsole(   83): Content JS LOG at dummy file:392 in GaiaApps.displayedApp: app with origin 'app://homescreen.gaiamobile.org' is displayed
04-26 07:24:32.595 I/Gecko   (   83): 1398522272608	Marionette	INFO	sendToClient: {"from":"0","value":{"frame":{"ELEMENT":"{b59764c3-3b1b-4b93-8fea-0e3aeb06a4f9}"},"src":"app://homescreen.gaiamobile.org/index.html#root","name":"Homescreen","origin":"app://homescreen.gaiamobile.org"}}, {5d53270c-ed95-4f3c-bd77-75440f83ace9}, {5d53270c-ed95-4f3c-bd77-75440f83ace9}
04-26 07:24:32.605 I/Gecko   (   83): 1398522272618	Marionette	DEBUG	Got request: switchToFrame, data: {"to":"0","sessionId":"3-b2g","name":"switchToFrame","parameters":{"id":null,"focus":true}}, id: {e1010ad8-fc41-4d5a-8147-c3bc6d05d4de}
04-26 07:24:32.605 I/Gecko   (   83): 1398522272619	Marionette	INFO	Switched to frame: {"frameValue":null}
04-26 07:24:32.675 I/Gecko   ( 1019): ###################################### forms.js loaded
04-26 07:24:32.685 I/Gecko   (   83): 
04-26 07:24:32.685 I/Gecko   (   83): ###!!! [Parent][MessageChannel] Error: Channel error: cannot send/recv
04-26 07:24:32.685 I/Gecko   (   83): 
04-26 07:24:32.745 I/Gecko   ( 1019): ############################### browserElementPanning.js loaded
04-26 07:24:32.775 I/Gecko   (   83): [Parent 83] WARNING: waitpid failed pid:968 errno:10: file ../../../gecko/ipc/chromium/src/base/process_util_posix.cc, line 254
04-26 07:24:32.785 I/Gecko   (   83): 1398522272798	Marionette	INFO	sendToClient: {"from":"0","ok":true}, {e1010ad8-fc41-4d5a-8147-c3bc6d05d4de}, {e1010ad8-fc41-4d5a-8147-c3bc6d05d4de}
04-26 07:24:32.795 I/Gecko   (   83): 1398522272809	Marionette	DEBUG	Got request: switchToFrame, data: {"to":"0","sessionId":"3-b2g","name":"switchToFrame","parameters":{"id":null,"focus":true}}, id: {1d93a9e2-0ec5-47dc-a024-37bf800fb737}
04-26 07:24:32.815 I/Gecko   (   83): 1398522272826	Marionette	INFO	Switched to frame: {"frameValue":null}
04-26 07:24:32.825 I/Gecko   ( 1019): ######################## BrowserElementChildPreload.js loaded
04-26 07:24:32.925 I/Gecko   (   83): 1398522272937	Marionette	INFO	sendToClient: {"from":"0","ok":true}, {1d93a9e2-0ec5-47dc-a024-37bf800fb737}, {1d93a9e2-0ec5-47dc-a024-37bf800fb737}
04-26 07:24:32.925 I/Gecko   (   83): 1398522272943	Marionette	DEBUG	Got request: executeWithCallback, data: {"to":"0","sessionId":"3-b2g","name":"executeAsyncScript","parameters":{"specialPowers":false,"scriptTimeout":null,"newSandbox":true,"args":[],"filename":"gaia_test.py","script":"return GaiaApps.displayedApp();","line":66}}, id: {4a54fab8-62b2-4016-b367-ec1e0518c141}
04-26 07:24:32.985 I/Gecko   (   83): 1398522272996	Marionette	INFO	sendToClient: {"from":"0","value":{"frame":{"ELEMENT":"{b59764c3-3b1b-4b93-8fea-0e3aeb06a4f9}"},"src":"app://homescreen.gaiamobile.org/index.html#root","name":"Homescreen","origin":"app://homescreen.gaiamobile.org"}}, {4a54fab8-62b2-4016-b367-ec1e0518c141}, {4a54fab8-62b2-4016-b367-ec1e0518c141}
04-26 07:24:32.995 E/GeckoConsole(   83): Content JS LOG at dummy file:392 in GaiaApps.displayedApp: app with origin 'app://homescreen.gaiamobile.org' is displayed
04-26 07:24:32.995 I/Gecko   (   83): 1398522273008	Marionette	DEBUG	Got request: switchToFrame, data: {"to":"0","sessionId":"3-b2g","name":"switchToFrame","parameters":{"focus":true,"element":"{b59764c3-3b1b-4b93-8fea-0e3aeb06a4f9}"}}, id: {9f3ac66a-36a9-4dfc-be3c-20f27a039818}
04-26 07:24:33.015 I/Gecko   (   83): 1398522273028	Marionette	INFO	Switched to frame: {"frameValue":"{b59764c3-3b1b-4b93-8fea-0e3aeb06a4f9}"}
04-26 07:24:33.025 I/Gecko   (   83): 1398522273038	Marionette	INFO	trying remote frame 0
04-26 07:24:33.025 I/Gecko   (   83): 1398522273039	Marionette	INFO	deleting frame
04-26 07:24:33.035 I/Gecko   (   83): 1398522273047	Marionette	INFO	frame-manager load script: [object ChromeMessageSender]
04-26 07:24:34.185 I/Gecko   (   83): 1398522274200	Marionette	INFO	sendToClient: {"from":"0","ok":true}, {9f3ac66a-36a9-4dfc-be3c-20f27a039818}, {9f3ac66a-36a9-4dfc-be3c-20f27a039818}
04-26 07:24:34.605 I/Gecko   (   83): 1398522274620	Marionette	INFO	sendToClient: {"from":"0","value":"app://homescreen.gaiamobile.org/index.html#root"}, {0da8734a-bdb5-4071-8136-98d1f2eb7fbf}, {0da8734a-bdb5-4071-8136-98d1f2eb7fbf}
04-26 07:24:34.615 I/Gecko   (   83): 1398522274634	Marionette	DEBUG	Got request: switchToFrame, data: {"to":"0","sessionId":"3-b2g","name":"switchToFrame","parameters":{"id":null,"focus":true}}, id: {a0885b86-50b4-4cfd-88c8-cfda01053e2f}
04-26 07:24:34.665 I/Gecko   (   83): 1398522274677	Marionette	INFO	Switched to frame: {"frameValue":null}
04-26 07:24:34.795 I/Gecko   (   83): [Parent 83] WARNING: waitpid failed pid:968 errno:10: file ../../../gecko/ipc/chromium/src/base/process_util_posix.cc, line 254
04-26 07:24:34.795 I/Gecko   (   83): [Parent 83] WARNING: Failed to deliver SIGKILL to 968!(3).: file ../../../gecko/ipc/chromium/src/chrome/common/process_watcher_posix_sigchld.cc, line 118
04-26 07:24:34.835 I/Gecko   (   83): 1398522274852	Marionette	INFO	sendToClient: {"from":"0","ok":true}, {a0885b86-50b4-4cfd-88c8-cfda01053e2f}, {a0885b86-50b4-4cfd-88c8-cfda01053e2f}
04-26 07:24:34.845 I/Gecko   (   83): 1398522274861	Marionette	DEBUG	Got request: switchToFrame, data: {"to":"0","sessionId":"3-b2g","name":"switchToFrame","parameters":{"id":null,"focus":true}}, id: {f294ccdc-30ea-41a1-9a8a-1c0d060a56a6}
04-26 07:24:34.855 I/Gecko   (   83): 1398522274867	Marionette	INFO	Switched to frame: {"frameValue":null}
04-26 07:24:35.005 I/Gecko   (   83): 1398522275022	Marionette	INFO	sendToClient: {"from":"0","ok":true}, {f294ccdc-30ea-41a1-9a8a-1c0d060a56a6}, {f294ccdc-30ea-41a1-9a8a-1c0d060a56a6}
04-26 07:24:35.035 I/Gecko   (   83): 1398522275053	Marionette	DEBUG	Got request: executeWithCallback, data: {"to":"0","sessionId":"3-b2g","name":"executeAsyncScript","parameters":{"specialPowers":false,"scriptTimeout":null,"newSandbox":true,"args":[],"filename":"gaia_test.py","script":"GaiaApps.killAll()","line":91}}, id: {c7321906-7546-4a59-83e8-f1380efc8f6d}
04-26 07:24:35.095 I/Gecko   (   83): 1398522275105	Marionette	INFO	sendToClient: {"from":"0","value":true}, {c7321906-7546-4a59-83e8-f1380efc8f6d}, {c7321906-7546-4a59-83e8-f1380efc8f6d}
04-26 07:24:35.115 I/Gecko   (   83): 1398522275132	Marionette	DEBUG	Got request: switchToFrame, data: {"to":"0","sessionId":"3-b2g","name":"switchToFrame","parameters":{"id":null,"focus":true}}, id: {5e235039-a12e-4cab-ac44-2dfb6a551e99}
04-26 07:24:35.115 I/Gecko   (   83): 1398522275134	Marionette	INFO	Switched to frame: {"frameValue":null}
04-26 07:24:35.225 I/Gecko   (   83): 1398522275237	Marionette	INFO	sendToClient: {"from":"0","ok":true}, {5e235039-a12e-4cab-ac44-2dfb6a551e99}, {5e235039-a12e-4cab-ac44-2dfb6a551e99}
04-26 07:24:35.225 I/Gecko   (   83): 1398522275244	Marionette	DEBUG	Got request: executeWithCallback, data: {"to":"0","sessionId":"3-b2g","name":"executeAsyncScript","parameters":{"specialPowers":false,"scriptTimeout":60000,"newSandbox":true,"args":[],"filename":"app_checker.py","script":"\n        GaiaApps.locateWithManifestURL('https://marketplace.firefox.com/app/11850a68-a6b1-46f5-bcb9-16cd7e7a8825/manifest.webapp',\n                                       null,\n                                       function uninstall(app) {\n                                       navigator.mozApps.mgmt.uninstall(app);\n                                       marionetteScriptFinished(true);\n                                       });\n        ","line":129}}, id: {7a4edcf2-28e5-48e4-b39e-e503efe2d40b}
04-26 07:24:35.265 I/Gecko   (   83): -- webapps.js uninstall https://marketplace.firefox.com/app/11850a68-a6b1-46f5-bcb9-16cd7e7a8825/manifest.webapp
04-26 07:24:35.545 I/Gecko   (   83): 1398522275555	Marionette	INFO	sendToClient: {"from":"0","value":true}, {7a4edcf2-28e5-48e4-b39e-e503efe2d40b}, {7a4edcf2-28e5-48e4-b39e-e503efe2d40b}