04-25 22:39:53.891 I/Gecko   (   83): 1398490793900	Marionette	INFO	frame-manager load script: [object ChromeMessageSender]
04-25 22:39:54.321 I/Gecko   (   83): [Parent 83] WARNING: pipe error (153): Connection reset by peer: file ../../../gecko/ipc/chromium/src/chrome/common/ipc_channel_posix.cc, line 446
04-25 22:39:54.321 I/Gecko   (   83): 
04-25 22:39:54.321 I/Gecko   (   83): ###!!! [Parent][MessageChannel] Error: Channel error: cannot send/recv
04-25 22:39:54.321 I/Gecko   (   83): 
04-25 22:39:54.531 I/Gecko   (   83): [Parent 83] WARNING: waitpid failed pid:2505 errno:10: file ../../../gecko/ipc/chromium/src/base/process_util_posix.cc, line 254
04-25 22:39:55.501 I/Gecko   ( 2484): No permission to use the keyboard API for http://googleads.g.doubleclick.net
04-25 22:39:55.761 W/WifiHW  (   83): wifi_command: SIGNAL_POLL
04-25 22:39:56.531 I/Gecko   (   83): [Parent 83] WARNING: waitpid failed pid:2505 errno:10: file ../../../gecko/ipc/chromium/src/base/process_util_posix.cc, line 254
04-25 22:39:56.531 I/Gecko   (   83): [Parent 83] WARNING: Failed to deliver SIGKILL to 2505!(3).: file ../../../gecko/ipc/chromium/src/chrome/common/process_watcher_posix_sigchld.cc, line 118
04-25 22:39:59.821 I/Gonk    (   83): Setting nice for pid 2521 to 18
04-25 22:39:59.821 I/Gonk    (   83): Changed nice for pid 2521 from 0 to 18.
04-25 22:40:00.771 W/WifiHW  (   83): wifi_command: SIGNAL_POLL
04-25 22:40:01.871 I/Gecko   (   83): 1398490801874	Marionette	INFO	sendToClient: {"from":"0","ok":true}, {4dca89f2-ce69-4df2-a820-5ec05af589e7}, {4dca89f2-ce69-4df2-a820-5ec05af589e7}
04-25 22:40:02.331 I/GonkMemoryPressure( 2484): Checking to see if memory pressure is over.
04-25 22:40:02.331 I/GonkMemoryPressure( 2484): Memory pressure is over.
04-25 22:40:02.331 I/GonkMemoryPressure(   83): Checking to see if memory pressure is over.
04-25 22:40:02.331 I/GonkMemoryPressure(   83): Memory pressure is over.
04-25 22:40:02.401 I/Gecko   (   83): 1398490802405	Marionette	INFO	sendToClient: {"from":"0","value":"http://subpipespuzzle.dseffects.com/PipesPuzzle.php?pid=6900"}, {b5240238-c317-45c5-9447-cd152ba8a9dc}, {b5240238-c317-45c5-9447-cd152ba8a9dc}
04-25 22:40:02.631 I/Gecko   (   83): 1398490802641	Marionette	DEBUG	Got request: execute, data: {"to":"0","sessionId":"3-b2g","name":"executeScript","parameters":{"specialPowers":false,"scriptTimeout":null,"newSandbox":true,"args":[],"filename":"app_checker.py","script":"return window.document.readyState;","line":191}}, id: {a8f623ae-9b78-4341-89cc-008ed66d2c1d}
04-25 22:40:03.831 E/Profiler(   83): BPUnw: [1 total] thread_unregister_for_profiling(me=0x7cd048)  (NOT REGISTERED) 
04-25 22:40:03.841 E/Profiler(   83): BPUnw: [1 total] thread_unregister_for_profiling(me=0x7d4820)  (NOT REGISTERED) 
04-25 22:40:03.971 I/Gecko   (   83): 1398490803982	Marionette	INFO	sendToClient: {"from":"0","value":"complete"}, {a8f623ae-9b78-4341-89cc-008ed66d2c1d}, {a8f623ae-9b78-4341-89cc-008ed66d2c1d}
04-25 22:40:04.011 E/Profiler(   83): BPUnw: [1 total] thread_unregister_for_profiling(me=0x7d47e0)  (NOT REGISTERED) 
04-25 22:40:04.071 E/Profiler(   83): BPUnw: [1 total] thread_unregister_for_profiling(me=0x7d4860)  (NOT REGISTERED) 
04-25 22:40:04.151 E/Profiler(   83): BPUnw: [1 total] thread_unregister_for_profiling(me=0x7ccdc8)  (NOT REGISTERED) 
04-25 22:40:04.241 I/Gecko   (   83): 1398490804243	Marionette	INFO	sendToClient: {"from":"0","value":"http://subpipespuzzle.dseffects.com/PipesPuzzle.php?pid=6900"}, {544376d9-9b20-4e23-9a9f-79052dc966ab}, {544376d9-9b20-4e23-9a9f-79052dc966ab}
04-25 22:40:04.521 I/Gecko   ( 2484): Attempting load of libEGL.so
04-25 22:40:04.591 I/GonkMemoryPressure( 2521): Checking to see if memory pressure is over.
04-25 22:40:04.601 I/GonkMemoryPressure( 2521): Memory pressure is over.
04-25 22:40:04.731 D/libEGL  ( 2484): loaded /system/lib/egl/libEGL_mali.so
04-25 22:40:04.791 D/libEGL  ( 2484): loaded /system/lib/egl/libGLESv1_CM_mali.so
04-25 22:40:04.801 D/libEGL  ( 2484): loaded /system/lib/egl/libGLESv2_mali.so
04-25 22:40:04.851 I/Gecko   ( 2484): SharedSurface_Gralloc::Create -------
04-25 22:40:04.911 I/Gecko   ( 2484): SharedSurface_Gralloc::Create: success -- surface 0x432f2e00, GraphicBuffer 0x43b07780.
04-25 22:40:05.781 W/WifiHW  (   83): wifi_command: SIGNAL_POLL
04-25 22:40:06.571 I/Gecko   (   83): 1398490806575	Marionette	INFO	sendToClient: {"from":"0","value":"iVBORw0KGgoAAAANSUhEUgAAAUAAAAHMCAYAAACk4nEJAAAgAElEQVR4nOydeVxU1fvH6VupuZJL+ivNrDSXzH0BcUnbtLK03LVS00pcKjP3SEVU3M0lU9NM3NFccAVRUdRUXBk2AQVhRIQBBubOMDP3/fvjzgzDMghqpXLer9fzmrl37tyz3DOfec55zj3XCYFAICihOP3XGRAIBIL/CiGAAoGgxHLfAnj5MmzbBteuPYjsCAQCwb/HfQnghAng5AQVK8K8eQ8qS7mJiID582HiRPjlF7h+/Z9JRyAQlDzuWQBv34b//Q/c3R9kdnIzbRo8+STUqQPvvQc1a8LTT8Pq1f9cmo8bUVHg4QHR0f91TgSCh497FsBTpxTv76+/HmR2cti8WTn/hAkgy8q+7Gzo1w+eekr5YQvuzv79Sj0ePvxf50QgePhwAvD1hQULcoTGyqJFyvheXo4cUTw/JycYMgTWrs357PZtmDsXRowALy+Ii8v93d9+g6AgCAmBMWNApSo4Yy1bQoMGYDbn3h8VpaS7bFnu/YWlGxiodKPznmv1ati5M2c7KQlmzVLOsWABpKXdPd/W/VFRMHkyjBsHhw4VXOYrV5Su/LffwsmTymcREcq+iRPh/Pn89VCUPDlKe/9++PJLpb6GDxees0CQFyeAhQuVH8nx4zkfnD2r7JszJ/+XVq+G9u2Vz9u2hdGjlf0qFVSrBi++CH37wiuvQIUKirdopXZt5TsVKyrHXb2a//xms9L1/eabgjOtVkNmZs723dLdt0/J65EjOd9JSIAnnoDFi3PO8dxz8Oqr0L8/1KgBdetCVlbh+a5dGzp0gNdeg08+gYYNlbRWrcpd5qZNoV496NkTqldXyrdoEfzf/8FHHynd/KefhuDg3OW6W54KS3vxYnBxUfa5usLXXxdcnwJBScUJIDlZ+fGNHJnzwYQJyhjfzZsFfz
04-25 22:40:07.031 I/Gecko   (   83): 1398490807037	Marionette	INFO	sendToClient: {"from":"0","ok":true}, {3bcf3474-6f93-497b-b7f3-1c835b0fb6ba}, {3bcf3474-6f93-497b-b7f3-1c835b0fb6ba}
04-25 22:40:07.111 I/Gecko   (   83): 1398490807116	Marionette	DEBUG	Got request: switchToFrame, data: {"to":"0","sessionId":"3-b2g","name":"switchToFrame","parameters":{"id":null,"focus":true}}, id: {2a664c98-e13f-45b5-8d49-39c519f66a52}
04-25 22:40:07.151 I/Gecko   (   83): 1398490807160	Marionette	INFO	Switched to frame: {"frameValue":null}
04-25 22:40:07.761 I/Gecko   (   83): 1398490807765	Marionette	INFO	sendToClient: {"from":"0","ok":true}, {2a664c98-e13f-45b5-8d49-39c519f66a52}, {2a664c98-e13f-45b5-8d49-39c519f66a52}
04-25 22:40:07.791 I/Gecko   (   83): 1398490807795	Marionette	DEBUG	Got request: executeWithCallback, data: {"to":"0","sessionId":"3-b2g","name":"executeAsyncScript","parameters":{"specialPowers":false,"scriptTimeout":null,"newSandbox":true,"args":[],"filename":"gaia_test.py","script":"return GaiaApps.displayedApp();","line":66}}, id: {942bf03b-50b8-42ba-a385-1f3b4581c40b}
04-25 22:40:08.201 E/GeckoConsole(   83): Content JS LOG at dummy file:392 in GaiaApps.displayedApp: app with origin 'http://subpipespuzzle.dseffects.com' is displayed
04-25 22:40:08.211 I/Gecko   (   83): 1398490808216	Marionette	INFO	sendToClient: {"from":"0","value":{"frame":{"ELEMENT":"{4c682433-2d06-41ab-8fc3-13f9b21b0534}"},"src":"http://subpipespuzzle.dseffects.com/PipesPuzzle.php?pid=6900","name":"PipesPuzzle","origin":"http://subpipespuzzle.dseffects.com"}}, {942bf03b-50b8-42ba-a385-1f3b4581c40b}, {942bf03b-50b8-42ba-a385-1f3b4581c40b}
04-25 22:40:08.231 I/Gecko   (   83): 1398490808237	Marionette	DEBUG	Got request: switchToFrame, data: {"to":"0","sessionId":"3-b2g","name":"switchToFrame","parameters":{"id":null,"focus":true}}, id: {96a427a2-bbaa-4028-b346-2a37127e6c04}
04-25 22:40:08.231 I/Gecko   (   83): 1398490808239	Marionette	INFO	Switched to frame: {"frameValue":null}
04-25 22:40:08.351 I/Gecko   (   83): 1398490808356	Marionette	INFO	sendToClient: {"from":"0","ok":true}, {96a427a2-bbaa-4028-b346-2a37127e6c04}, {96a427a2-bbaa-4028-b346-2a37127e6c04}
04-25 22:40:08.361 I/Gecko   (   83): 1398490808368	Marionette	DEBUG	Got request: execute, data: {"to":"0","sessionId":"3-b2g","name":"executeScript","parameters":{"specialPowers":false,"scriptTimeout":null,"newSandbox":true,"args":[],"filename":"gaia_test.py","script":"window.wrappedJSObject.dispatchEvent(new Event('home'));","line":788}}, id: {593a1273-5870-4757-9896-c8e16e98aea5}
04-25 22:40:08.701 I/Gonk    (   83): Setting nice for pid 2521 to 18
04-25 22:40:08.701 I/Gonk    (   83): Changed nice for pid 2521 from 18 to 18.
04-25 22:40:08.721 I/Gecko   (   83): [Parent 83] WARNING: waitpid failed pid:2521 errno:10: file ../../../gecko/ipc/chromium/src/base/process_util_posix.cc, line 254
04-25 22:40:08.761 I/Gonk    (   83): Setting nice for pid 2521 to 1
04-25 22:40:08.761 I/Gonk    (   83): Changed nice for pid 2521 from 18 to 1.
04-25 22:40:08.831 D/Sensors (   83): activate handle=0; drv=0
04-25 22:40:08.831 D/Sensors (   83): Lis3dhSensor: Control set 0
04-25 22:40:08.831 D/Sensors (   83): Lis3dhSensor: mEnabled = 0
04-25 22:40:08.941 I/Gecko   (   83): 1398490808951	Marionette	INFO	sendToClient: {"from":"0","value":null}, {593a1273-5870-4757-9896-c8e16e98aea5}, {593a1273-5870-4757-9896-c8e16e98aea5}
04-25 22:40:09.001 I/Gecko   (   83): 1398490809010	Marionette	DEBUG	Got request: switchToFrame, data: {"to":"0","sessionId":"3-b2g","name":"switchToFrame","parameters":{"id":null,"focus":true}}, id: {8b473d2a-97e0-46d1-a0c0-41aab5454511}
04-25 22:40:09.021 I/Gecko   (   83): 1398490809031	Marionette	INFO	Switched to frame: {"frameValue":null}
04-25 22:40:09.151 I/Gecko   (   83): 1398490809158	Marionette	INFO	sendToClient: {"from":"0","ok":true}, {8b473d2a-97e0-46d1-a0c0-41aab5454511}, {8b473d2a-97e0-46d1-a0c0-41aab5454511}
04-25 22:40:09.161 I/Gecko   (   83): 1398490809171	Marionette	DEBUG	Got request: executeWithCallback, data: {"to":"0","sessionId":"3-b2g","name":"executeAsyncScript","parameters":{"specialPowers":false,"scriptTimeout":null,"newSandbox":true,"args":[],"filename":"gaia_test.py","script":"return GaiaApps.displayedApp();","line":66}}, id: {020a53bd-e167-4972-b4b0-b12ca5ca16b6}
04-25 22:40:09.351 E/GeckoConsole(   83): Content JS LOG at dummy file:392 in GaiaApps.displayedApp: app with origin 'app://homescreen.gaiamobile.org' is displayed
04-25 22:40:09.361 I/Gecko   (   83): 1398490809366	Marionette	INFO	sendToClient: {"from":"0","value":{"frame":{"ELEMENT":"{179cbad5-a799-4844-8eeb-621ff3385ec2}"},"src":"app://homescreen.gaiamobile.org/index.html#root","name":"Homescreen","origin":"app://homescreen.gaiamobile.org"}}, {020a53bd-e167-4972-b4b0-b12ca5ca16b6}, {020a53bd-e167-4972-b4b0-b12ca5ca16b6}
04-25 22:40:09.761 I/Gecko   (   83): 1398490809768	Marionette	DEBUG	Got request: switchToFrame, data: {"to":"0","sessionId":"3-b2g","name":"switchToFrame","parameters":{"id":null,"focus":true}}, id: {79f0d163-65d1-4c85-905a-27802c403d8e}
04-25 22:40:09.761 I/Gecko   (   83): 1398490809771	Marionette	INFO	Switched to frame: {"frameValue":null}
04-25 22:40:12.091 W/WifiHW  (   83): wifi_command: SIGNAL_POLL
04-25 22:40:12.181 I/Gecko   (   83): 1398490812192	Marionette	INFO	sendToClient: {"from":"0","ok":true}, {79f0d163-65d1-4c85-905a-27802c403d8e}, {79f0d163-65d1-4c85-905a-27802c403d8e}
04-25 22:40:12.261 I/Gonk    (   83): Setting nice for pid 2484 to 18
04-25 22:40:12.271 I/Gonk    (   83): Changed nice for pid 2484 from 1 to 18.
04-25 22:40:12.401 I/Gecko   (   83): 1398490812407	Marionette	DEBUG	Got request: switchToFrame, data: {"to":"0","sessionId":"3-b2g","name":"switchToFrame","parameters":{"id":null,"focus":true}}, id: {82c3d051-4f76-46e4-b285-30ccd1fb87af}
04-25 22:40:12.421 I/Gecko   (   83): 1398490812430	Marionette	INFO	Switched to frame: {"frameValue":null}
04-25 22:40:12.531 I/Gecko   (   83): 1398490812534	Marionette	INFO	sendToClient: {"from":"0","ok":true}, {82c3d051-4f76-46e4-b285-30ccd1fb87af}, {82c3d051-4f76-46e4-b285-30ccd1fb87af}
04-25 22:40:12.561 I/Gecko   (   83): 1398490812569	Marionette	DEBUG	Got request: executeWithCallback, data: {"to":"0","sessionId":"3-b2g","name":"executeAsyncScript","parameters":{"specialPowers":false,"scriptTimeout":null,"newSandbox":true,"args":[],"filename":"gaia_test.py","script":"return GaiaApps.displayedApp();","line":66}}, id: {d7620952-6665-4c18-b1ee-c80771ea053f}
04-25 22:40:12.831 E/GeckoConsole(   83): Content JS LOG at dummy file:392 in GaiaApps.displayedApp: app with origin 'app://homescreen.gaiamobile.org' is displayed
04-25 22:40:12.851 I/Gecko   (   83): 1398490812854	Marionette	INFO	sendToClient: {"from":"0","value":{"frame":{"ELEMENT":"{179cbad5-a799-4844-8eeb-621ff3385ec2}"},"src":"app://homescreen.gaiamobile.org/index.html#root","name":"Homescreen","origin":"app://homescreen.gaiamobile.org"}}, {d7620952-6665-4c18-b1ee-c80771ea053f}, {d7620952-6665-4c18-b1ee-c80771ea053f}
04-25 22:40:12.861 I/Gecko   (   83): 1398490812870	Marionette	DEBUG	Got request: switchToFrame, data: {"to":"0","sessionId":"3-b2g","name":"switchToFrame","parameters":{"focus":true,"element":"{179cbad5-a799-4844-8eeb-621ff3385ec2}"}}, id: {9dd40c57-d2a2-423f-a474-0ad005a687db}
04-25 22:40:12.891 I/Gecko   (   83): 1398490812896	Marionette	INFO	Switched to frame: {"frameValue":"{179cbad5-a799-4844-8eeb-621ff3385ec2}"}
04-25 22:40:12.891 I/Gecko   (   83): 1398490812900	Marionette	INFO	trying remote frame 0
04-25 22:40:12.911 I/Gecko   (   83): 1398490812915	Marionette	INFO	trying remote frame 1
04-25 22:40:12.921 I/Gecko   (   83): 1398490812924	Marionette	INFO	trying remote frame 2
04-25 22:40:12.921 I/Gecko   (   83): 1398490812925	Marionette	INFO	trying remote frame 3
04-25 22:40:12.921 I/Gecko   (   83): 1398490812926	Marionette	INFO	trying remote frame 4
04-25 22:40:12.921 I/Gecko   (   83): 1398490812927	Marionette	INFO	trying remote frame 5
04-25 22:40:12.941 I/Gecko   (   83): 1398490812944	Marionette	INFO	frame-manager load script: [object ChromeMessageSender]
04-25 22:40:13.541 I/Gecko   (   83): [Parent 83] WARNING: pipe error (109): Connection reset by peer: file ../../../gecko/ipc/chromium/src/chrome/common/ipc_channel_posix.cc, line 446
04-25 22:40:13.561 I/Gecko   (   83): 
04-25 22:40:13.561 I/Gecko   (   83): ###!!! [Parent][MessageChannel] Error: Channel error: cannot send/recv
04-25 22:40:13.561 I/Gecko   (   83): 
04-25 22:40:13.651 I/Gecko   (   83): [Parent 83] WARNING: waitpid failed pid:2484 errno:10: file ../../../gecko/ipc/chromium/src/base/process_util_posix.cc, line 254
04-25 22:40:13.691 I/Gecko   ( 2521): ###################################### forms.js loaded
04-25 22:40:13.781 I/Gecko   ( 2521): ############################### browserElementPanning.js loaded
04-25 22:40:13.811 I/Gonk    (   83): Setting nice for pid 2538 to 18
04-25 22:40:13.811 I/Gonk    (   83): Changed nice for pid 2538 from 0 to 18.
04-25 22:40:13.851 I/Gecko   ( 2521): ######################## BrowserElementChildPreload.js loaded
04-25 22:40:15.161 I/Gecko   ( 2538): ###################################### forms.js loaded
04-25 22:40:15.221 I/Gecko   ( 2538): ############################### browserElementPanning.js loaded
04-25 22:40:15.241 I/Gecko   ( 2538): ######################## BrowserElementChildPreload.js loaded
04-25 22:40:15.631 I/Gecko   (   83): 1398490815635	Marionette	INFO	sendToClient: {"from":"0","ok":true}, {9dd40c57-d2a2-423f-a474-0ad005a687db}, {9dd40c57-d2a2-423f-a474-0ad005a687db}
04-25 22:40:15.651 I/Gecko   (   83): [Parent 83] WARNING: waitpid failed pid:2484 errno:10: file ../../../gecko/ipc/chromium/src/base/process_util_posix.cc, line 254
04-25 22:40:15.651 I/Gecko   (   83): [Parent 83] WARNING: Failed to deliver SIGKILL to 2484!(3).: file ../../../gecko/ipc/chromium/src/chrome/common/process_watcher_posix_sigchld.cc, line 118
04-25 22:40:16.641 I/Gecko   (   83): 1398490816651	Marionette	INFO	sendToClient: {"from":"0","value":"app://homescreen.gaiamobile.org/index.html#root"}, {ec811b9c-5549-42e4-839a-3ef30b2c7bbe}, {ec811b9c-5549-42e4-839a-3ef30b2c7bbe}
04-25 22:40:16.811 I/Gecko   (   83): 1398490816816	Marionette	DEBUG	Got request: switchToFrame, data: {"to":"0","sessionId":"3-b2g","name":"switchToFrame","parameters":{"id":null,"focus":true}}, id: {a439e1ba-e7ff-4cb4-9d56-9c4d2faf5013}
04-25 22:40:16.831 I/Gecko   (   83): 1398490816838	Marionette	INFO	Switched to frame: {"frameValue":null}
04-25 22:40:16.981 I/Gecko   (   83): 1398490816983	Marionette	INFO	sendToClient: {"from":"0","ok":true}, {a439e1ba-e7ff-4cb4-9d56-9c4d2faf5013}, {a439e1ba-e7ff-4cb4-9d56-9c4d2faf5013}
04-25 22:40:16.981 I/Gecko   (   83): 1398490816991	Marionette	DEBUG	Got request: switchToFrame, data: {"to":"0","sessionId":"3-b2g","name":"switchToFrame","parameters":{"id":null,"focus":true}}, id: {1ba93497-9609-46ba-8366-641ed3b2c949}
04-25 22:40:16.991 I/Gecko   (   83): 1398490816994	Marionette	INFO	Switched to frame: {"frameValue":null}
04-25 22:40:17.131 W/WifiHW  (   83): wifi_command: SIGNAL_POLL
04-25 22:40:17.181 I/Gecko   (   83): 1398490817183	Marionette	INFO	sendToClient: {"from":"0","ok":true}, {1ba93497-9609-46ba-8366-641ed3b2c949}, {1ba93497-9609-46ba-8366-641ed3b2c949}
04-25 22:40:17.261 I/Gecko   (   83): 1398490817269	Marionette	DEBUG	Got request: executeWithCallback, data: {"to":"0","sessionId":"3-b2g","name":"executeAsyncScript","parameters":{"specialPowers":false,"scriptTimeout":null,"newSandbox":true,"args":[],"filename":"gaia_test.py","script":"GaiaApps.killAll()","line":91}}, id: {0f463289-f2ee-460a-9e8f-db5cd82da1aa}
04-25 22:40:17.821 E/GeckoConsole(   83): Content JS LOG at dummy file:266 in GaiaApps.kill: terminating app with origin 'app://browser.gaiamobile.org'
04-25 22:40:17.821 E/GeckoConsole(   83): Content JS LOG at dummy file:258 in GaiaApps.kill/gt_onAppTerminated/<: app with origin 'app://browser.gaiamobile.org' has terminated
04-25 22:40:18.031 I/Gecko   (   83): 1398490818040	Marionette	INFO	sendToClient: {"from":"0","value":true}, {0f463289-f2ee-460a-9e8f-db5cd82da1aa}, {0f463289-f2ee-460a-9e8f-db5cd82da1aa}