--------- beginning of /dev/log/main
04-27 15:57:30.689 I/Gecko   (   83): 1398639450699	Marionette	INFO	sendToClient: {"from":"0","ok":true}, {1a172668-1a5c-4c41-b6d3-1499c5acb3ab}, {1a172668-1a5c-4c41-b6d3-1499c5acb3ab}
04-27 15:57:30.719 V/AudioPolicyManagerBase(   88): startOutput() output 1, stream 1, session 3
04-27 15:57:30.719 V/AudioPolicyManagerBase(   88): changeRefCount() stream 1, count 1
04-27 15:57:30.719 V/AudioPolicyManagerBase(   88): getDeviceForStrategy() from cache strategy 0, device 2
04-27 15:57:30.719 V/AudioPolicyManagerBase(   88): getNewDevice() selected device 2
04-27 15:57:30.719 D/AudioPolicyManagerBase(   88): setOutputDevice() output 1 device 2 delayMs 0
04-27 15:57:30.719 V/AudioPolicyManagerBase(   88): setOutputDevice() setting same device 2 or null device for output 1
04-27 15:57:30.719 E/AudioPolicyManagerBase(   88): checkAndSetVolume stream=1, index=0, output=1, device=2
04-27 15:57:30.719 E/AudioPolicyManagerBase(   88): computeVolume, streamDesc=0x18e8bb8
04-27 15:57:30.769 W/AudioFlinger(   88): Thread AudioOut_1 cannot connect to the power manager service
04-27 15:57:30.769 V/AudioPolicyManagerBase(   88): stopOutput() output 1, stream 1, session 3
04-27 15:57:30.769 V/AudioPolicyManagerBase(   88): changeRefCount() stream 1, count 0
04-27 15:57:30.769 V/AudioPolicyManagerBase(   88): getNewDevice() selected device 0
04-27 15:57:30.769 D/AudioPolicyManagerBase(   88): setOutputDevice() output 1 device 0 delayMs 290
04-27 15:57:30.769 V/AudioPolicyManagerBase(   88): setOutputDevice() setting same device 0 or null device for output 1
04-27 15:57:30.789 V/AudioPolicyManagerBase(   88): startOutput() output 1, stream 1, session 3
04-27 15:57:30.789 V/AudioPolicyManagerBase(   88): changeRefCount() stream 1, count 1
04-27 15:57:30.789 V/AudioPolicyManagerBase(   88): getDeviceForStrategy() from cache strategy 0, device 2
04-27 15:57:30.789 V/AudioPolicyManagerBase(   88): getNewDevice() selected device 2
04-27 15:57:30.789 D/AudioPolicyManagerBase(   88): setOutputDevice() output 1 device 2 delayMs 0
04-27 15:57:30.789 V/AudioPolicyManagerBase(   88): setOutputDevice() setting same device 2 or null device for output 1
04-27 15:57:30.789 E/AudioPolicyManagerBase(   88): checkAndSetVolume stream=1, index=0, output=1, device=2
04-27 15:57:30.789 E/AudioPolicyManagerBase(   88): computeVolume, streamDesc=0x18e8bb8
04-27 15:57:30.809 V/AudioPolicyManagerBase(   88): stopOutput() output 1, stream 1, session 3
04-27 15:57:30.809 V/AudioPolicyManagerBase(   88): changeRefCount() stream 1, count 0
04-27 15:57:30.809 V/AudioPolicyManagerBase(   88): getNewDevice() selected device 0
04-27 15:57:30.809 D/AudioPolicyManagerBase(   88): setOutputDevice() output 1 device 0 delayMs 290
04-27 15:57:30.809 V/AudioPolicyManagerBase(   88): setOutputDevice() setting same device 0 or null device for output 1
04-27 15:57:30.809 V/AudioPolicyManagerBase(   88): releaseOutput() 1
04-27 15:57:30.909 I/Gecko   (   83): 1398639450910	Marionette	DEBUG	Got request: switchToFrame, data: {"to":"0","sessionId":"3-b2g","name":"switchToFrame","parameters":{"id":null,"focus":true}}, id: {ba3ff609-5852-4b1a-85a6-5880670af14c}
04-27 15:57:30.919 I/Gecko   (   83): 1398639450925	Marionette	INFO	Switched to frame: {"frameValue":null}
04-27 15:57:30.999 W/WifiHW  (   83): wifi_command: SIGNAL_POLL
04-27 15:57:31.029 I/Gecko   (   83): 1398639451035	Marionette	INFO	sendToClient: {"from":"0","ok":true}, {ba3ff609-5852-4b1a-85a6-5880670af14c}, {ba3ff609-5852-4b1a-85a6-5880670af14c}
04-27 15:57:31.039 I/Gecko   (   83): 1398639451048	Marionette	DEBUG	Got request: executeWithCallback, data: {"to":"0","sessionId":"3-b2g","name":"executeAsyncScript","parameters":{"specialPowers":false,"scriptTimeout":null,"newSandbox":true,"args":[],"filename":"gaia_test.py","script":"return GaiaApps.displayedApp();","line":66}}, id: {25589cdb-cf4f-4438-93bb-a86af76554bb}
04-27 15:57:31.169 E/GeckoConsole(   83): Content JS LOG at dummy file:392 in GaiaApps.displayedApp: app with origin 'app://homescreen.gaiamobile.org' is displayed
04-27 15:57:31.169 I/Gecko   (   83): 1398639451181	Marionette	INFO	sendToClient: {"from":"0","value":{"frame":{"ELEMENT":"{f7f3c6c9-4f15-44f9-8a02-d1cd1cb217fc}"},"src":"app://homescreen.gaiamobile.org/index.html#root","name":"Homescreen","origin":"app://homescreen.gaiamobile.org"}}, {25589cdb-cf4f-4438-93bb-a86af76554bb}, {25589cdb-cf4f-4438-93bb-a86af76554bb}
04-27 15:57:31.199 I/Gecko   (   83): 1398639451204	Marionette	DEBUG	Got request: switchToFrame, data: {"to":"0","sessionId":"3-b2g","name":"switchToFrame","parameters":{"id":null,"focus":true}}, id: {f1732de8-7d14-4621-beef-033142129130}
04-27 15:57:31.199 I/Gecko   (   83): 1398639451209	Marionette	INFO	Switched to frame: {"frameValue":null}
04-27 15:57:31.319 I/Gecko   (   83): 1398639451324	Marionette	INFO	sendToClient: {"from":"0","ok":true}, {f1732de8-7d14-4621-beef-033142129130}, {f1732de8-7d14-4621-beef-033142129130}
04-27 15:57:31.319 I/Gecko   (   83): 1398639451330	Marionette	DEBUG	Got request: switchToFrame, data: {"to":"0","sessionId":"3-b2g","name":"switchToFrame","parameters":{"id":null,"focus":true}}, id: {29f498df-2bd4-447f-8c75-5178d48b1dc2}
04-27 15:57:31.329 I/Gecko   (   83): 1398639451338	Marionette	INFO	Switched to frame: {"frameValue":null}
04-27 15:57:31.429 I/Gecko   (   83): 1398639451440	Marionette	INFO	sendToClient: {"from":"0","ok":true}, {29f498df-2bd4-447f-8c75-5178d48b1dc2}, {29f498df-2bd4-447f-8c75-5178d48b1dc2}
04-27 15:57:31.439 I/Gecko   (   83): 1398639451447	Marionette	DEBUG	Got request: executeWithCallback, data: {"to":"0","sessionId":"3-b2g","name":"executeAsyncScript","parameters":{"specialPowers":false,"scriptTimeout":null,"newSandbox":true,"args":[],"filename":"gaia_test.py","script":"return GaiaApps.displayedApp();","line":66}}, id: {f7dc6f64-e39d-4d59-8f36-c0f4f15952d8}
04-27 15:57:31.509 I/Gecko   (   83): 1398639451513	Marionette	INFO	sendToClient: {"from":"0","value":{"frame":{"ELEMENT":"{f7f3c6c9-4f15-44f9-8a02-d1cd1cb217fc}"},"src":"app://homescreen.gaiamobile.org/index.html#root","name":"Homescreen","origin":"app://homescreen.gaiamobile.org"}}, {f7dc6f64-e39d-4d59-8f36-c0f4f15952d8}, {f7dc6f64-e39d-4d59-8f36-c0f4f15952d8}
04-27 15:57:31.519 E/GeckoConsole(   83): Content JS LOG at dummy file:392 in GaiaApps.displayedApp: app with origin 'app://homescreen.gaiamobile.org' is displayed
04-27 15:57:31.519 I/Gecko   (   83): 1398639451526	Marionette	DEBUG	Got request: switchToFrame, data: {"to":"0","sessionId":"3-b2g","name":"switchToFrame","parameters":{"focus":true,"element":"{f7f3c6c9-4f15-44f9-8a02-d1cd1cb217fc}"}}, id: {14db257c-67d4-4005-abe5-49b5010646b0}
04-27 15:57:31.529 I/Gecko   (   83): 1398639451540	Marionette	INFO	Switched to frame: {"frameValue":"{f7f3c6c9-4f15-44f9-8a02-d1cd1cb217fc}"}
04-27 15:57:31.539 I/Gecko   (   83): 1398639451542	Marionette	INFO	trying remote frame 0
04-27 15:57:31.549 I/Gecko   (   83): 1398639451558	Marionette	INFO	deleting frame
04-27 15:57:31.559 I/Gecko   (   83): 1398639451567	Marionette	INFO	frame-manager load script: [object ChromeMessageSender]
04-27 15:57:32.139 I/Gecko   (   83): 1398639452150	Marionette	INFO	sendToClient: {"from":"0","ok":true}, {14db257c-67d4-4005-abe5-49b5010646b0}, {14db257c-67d4-4005-abe5-49b5010646b0}
04-27 15:57:32.269 I/Gecko   (   83): 1398639452273	Marionette	INFO	sendToClient: {"from":"0","value":{"ELEMENT":"{58e588ac-ef4f-4c71-8890-3c5343225310}"}}, {a46d4d4c-3136-4b4e-a2c3-c57b1ff344d7}, {a46d4d4c-3136-4b4e-a2c3-c57b1ff344d7}
04-27 15:57:32.549 E/GeckoConsole(  898): [JavaScript Warning: "Use of getAttributeNode() is deprecated. Use getAttribute() instead." {file: "chrome://marionette/content/atoms.js" line: 25}]
04-27 15:57:32.559 E/GeckoConsole(  898): [JavaScript Warning: "Use of attributes' specified attribute is deprecated. It always returns true." {file: "chrome://marionette/content/atoms.js" line: 25}]
04-27 15:57:32.559 I/Gecko   (   83): 1398639452568	Marionette	INFO	sendToClient: {"from":"0","value":"normal"}, {34ccf344-4c12-4a56-b9a4-8140caaccfb2}, {34ccf344-4c12-4a56-b9a4-8140caaccfb2}
04-27 15:57:32.569 I/Gecko   (   83): 1398639452575	Marionette	DEBUG	Got request: switchToFrame, data: {"to":"0","sessionId":"3-b2g","name":"switchToFrame","parameters":{"id":null,"focus":true}}, id: {70b1a255-cd5d-4a88-ab6b-13ef4874bc68}
04-27 15:57:32.579 I/Gecko   (   83): 1398639452585	Marionette	INFO	Switched to frame: {"frameValue":null}
04-27 15:57:32.689 I/Gecko   (   83): 1398639452695	Marionette	INFO	sendToClient: {"from":"0","ok":true}, {70b1a255-cd5d-4a88-ab6b-13ef4874bc68}, {70b1a255-cd5d-4a88-ab6b-13ef4874bc68}
04-27 15:57:32.709 I/Gecko   (   83): 1398639452714	Marionette	DEBUG	Got request: execute, data: {"to":"0","sessionId":"3-b2g","name":"executeScript","parameters":{"specialPowers":false,"scriptTimeout":null,"newSandbox":true,"args":[],"filename":"gaia_test.py","script":"window.wrappedJSObject.dispatchEvent(new Event('home'));","line":788}}, id: {782ddd98-a721-40db-9bfe-37454a87a8b2}
04-27 15:57:32.759 I/Gecko   (   83): 1398639452768	Marionette	INFO	sendToClient: {"from":"0","value":null}, {782ddd98-a721-40db-9bfe-37454a87a8b2}, {782ddd98-a721-40db-9bfe-37454a87a8b2}
04-27 15:57:32.779 I/Gecko   (   83): 1398639452785	Marionette	DEBUG	Got request: switchToFrame, data: {"to":"0","sessionId":"3-b2g","name":"switchToFrame","parameters":{"id":null,"focus":true}}, id: {e412fc05-7422-426e-9a10-1d047a013847}
04-27 15:57:32.779 I/Gecko   (   83): 1398639452789	Marionette	INFO	Switched to frame: {"frameValue":null}
04-27 15:57:32.979 I/Gecko   (   83): 1398639452991	Marionette	INFO	sendToClient: {"from":"0","ok":true}, {e412fc05-7422-426e-9a10-1d047a013847}, {e412fc05-7422-426e-9a10-1d047a013847}
04-27 15:57:33.009 I/Gecko   (   83): 1398639453014	Marionette	DEBUG	Got request: switchToFrame, data: {"to":"0","sessionId":"3-b2g","name":"switchToFrame","parameters":{"id":null,"focus":true}}, id: {33cf87c3-cc1f-49e6-9197-293316694481}
04-27 15:57:33.009 I/Gecko   (   83): 1398639453021	Marionette	INFO	Switched to frame: {"frameValue":null}
04-27 15:57:33.119 I/Gecko   (   83): 1398639453127	Marionette	INFO	sendToClient: {"from":"0","ok":true}, {33cf87c3-cc1f-49e6-9197-293316694481}, {33cf87c3-cc1f-49e6-9197-293316694481}
04-27 15:57:33.129 I/Gecko   (   83): 1398639453134	Marionette	DEBUG	Got request: executeWithCallback, data: {"to":"0","sessionId":"3-b2g","name":"executeAsyncScript","parameters":{"specialPowers":false,"scriptTimeout":null,"newSandbox":true,"args":[],"filename":"gaia_test.py","script":"return GaiaApps.displayedApp();","line":66}}, id: {5c5ea10b-0fd9-45c6-ac86-b42414cf9442}
04-27 15:57:33.189 I/Gecko   (   83): 1398639453182	Marionette	INFO	sendToClient: {"from":"0","value":{"frame":{"ELEMENT":"{f7f3c6c9-4f15-44f9-8a02-d1cd1cb217fc}"},"src":"app://homescreen.gaiamobile.org/index.html#rootSun%20Apr%2027%202014%2015:57:32%20GMT-0700%20(UTC)","name":"Homescreen","origin":"app://homescreen.gaiamobile.org"}}, {5c5ea10b-0fd9-45c6-ac86-b42414cf9442}, {5c5ea10b-0fd9-45c6-ac86-b42414cf9442}
04-27 15:57:33.189 E/GeckoConsole(   83): Content JS LOG at dummy file:392 in GaiaApps.displayedApp: app with origin 'app://homescreen.gaiamobile.org' is displayed
04-27 15:57:33.199 I/Gecko   (   83): 1398639453210	Marionette	DEBUG	Got request: switchToFrame, data: {"to":"0","sessionId":"3-b2g","name":"switchToFrame","parameters":{"focus":true,"element":"{f7f3c6c9-4f15-44f9-8a02-d1cd1cb217fc}"}}, id: {a226c209-f973-4ec3-a37d-3d81f48aa40a}
04-27 15:57:33.209 I/Gecko   (   83): 1398639453217	Marionette	INFO	Switched to frame: {"frameValue":"{f7f3c6c9-4f15-44f9-8a02-d1cd1cb217fc}"}
04-27 15:57:33.219 I/Gecko   (   83): 1398639453227	Marionette	INFO	trying remote frame 0
04-27 15:57:33.469 I/Gecko   (   83): 1398639453474	Marionette	INFO	sendToClient: {"from":"0","ok":true}, {a226c209-f973-4ec3-a37d-3d81f48aa40a}, {a226c209-f973-4ec3-a37d-3d81f48aa40a}
04-27 15:57:33.469 I/Gecko   (   83): 1398639453482	Marionette	DEBUG	Got request: execute, data: {"to":"0","sessionId":"3-b2g","name":"executeScript","parameters":{"specialPowers":false,"scriptTimeout":null,"newSandbox":true,"args":[],"filename":"gaia_test.py","script":"return window.wrappedJSObject.GridManager.pageHelper.getCurrentPageNumber();","line":784}}, id: {34886c3a-0fc8-4ca5-b8fb-a87afc34fb9c}
04-27 15:57:33.559 I/Gecko   (   83): 1398639453563	Marionette	INFO	sendToClient: {"from":"0","value":0}, {34886c3a-0fc8-4ca5-b8fb-a87afc34fb9c}, {34886c3a-0fc8-4ca5-b8fb-a87afc34fb9c}
04-27 15:57:33.649 I/Gecko   (   83): 1398639453652	Marionette	INFO	sendToClient: {"from":"0","value":["{7c87d078-bc81-440a-b4b2-c173bb62a847}","{8dcc3f32-7a87-445b-8180-6ea8be0abc66}","{10fe23f6-0379-4792-9712-a835f5ddd7ff}","{7093d088-ebb2-48d4-a6b6-8e94ab6e6b8c}","{7fbeb365-50f8-480a-b008-a83815d4beeb}","{56ee30e0-5a2c-4dcd-946e-e2c343e2efb7}","{75548015-ee16-47af-b439-5a973ed93656}","{13f54760-da3a-4742-8f5b-8ce4289586c1}","{646cc882-b0f1-4034-92d3-e39ea4cc7b75}","{4f2ca5fc-5296-4779-ad58-77fd1cbc6d44}","{923fc448-f73b-4880-9aeb-7fe0e3a25944}","{8b83bb6e-878e-4a81-939a-11ca542f58bd}","{4b76a8b6-a049-4d4f-a91a-f73d215afb58}","{7c93f862-03c0-4741-b6b1-d3d26122f26d}","{48d6cd05-8d79-4909-bfad-3743e9eff190}","{cc60f8ef-6d20-4093-9c6b-93e8a72c31b5}","{4df4ba61-a969-497e-800f-8626c204bbd9}","{8d1dbf0e-b820-47ee-8624-c85d4e950c37}","{52b6115d-e283-41f5-bb84-85752f7c2273}","{0be692af-76f5-405b-9f57-aa90475f8ee3}","{4e7f6b15-e012-4a86-ad59-b5d320847bf3}","{a785582c-64fc-4e63-9a0e-e434589c5e29}","{c1765b97-2014-4881-92cc-ec439fe5601a}","{62de8eaf-cb4a
04-27 15:57:33.759 I/Gecko   (   83): 1398639453764	Marionette	INFO	sendToClient: {"from":"0","value":"app://homescreen.gaiamobile.org/index.html#rootSun%20Apr%2027%202014%2015:57:32%20GMT-0700%20(UTC)"}, {9bf1ca51-9292-41cd-b2b0-0e189db3aec8}, {9bf1ca51-9292-41cd-b2b0-0e189db3aec8}
04-27 15:57:33.789 I/Gecko   (   83): 1398639453792	Marionette	DEBUG	Got request: switchToFrame, data: {"to":"0","sessionId":"3-b2g","name":"switchToFrame","parameters":{"id":null,"focus":true}}, id: {381539b2-09b7-44c5-8868-9cf996b7b168}
04-27 15:57:33.799 I/Gecko   (   83): 1398639453808	Marionette	INFO	Switched to frame: {"frameValue":null}
04-27 15:57:33.909 I/Gecko   (   83): 1398639453918	Marionette	INFO	sendToClient: {"from":"0","ok":true}, {381539b2-09b7-44c5-8868-9cf996b7b168}, {381539b2-09b7-44c5-8868-9cf996b7b168}
04-27 15:57:33.929 I/Gecko   (   83): 1398639453941	Marionette	DEBUG	Got request: switchToFrame, data: {"to":"0","sessionId":"3-b2g","name":"switchToFrame","parameters":{"id":null,"focus":true}}, id: {15d25a09-837a-4b7a-8a3e-429dd6eef106}
04-27 15:57:33.939 I/Gecko   (   83): 1398639453950	Marionette	INFO	Switched to frame: {"frameValue":null}
04-27 15:57:34.049 I/Gecko   (   83): 1398639454059	Marionette	INFO	sendToClient: {"from":"0","ok":true}, {15d25a09-837a-4b7a-8a3e-429dd6eef106}, {15d25a09-837a-4b7a-8a3e-429dd6eef106}
04-27 15:57:34.079 I/Gecko   (   83): 1398639454084	Marionette	DEBUG	Got request: executeWithCallback, data: {"to":"0","sessionId":"3-b2g","name":"executeAsyncScript","parameters":{"specialPowers":false,"scriptTimeout":30000,"newSandbox":true,"args":[],"filename":"app_checker.py","script":"GaiaApps.launchWithManifestURL('https://marketplace.firefox.com/app/f3fce773-e8e0-46b2-aa4b-1f1056b6037d/manifest.webapp')","line":106}}, id: {96fc72c1-8e16-4167-9cdd-3ae178bd82b9}
04-27 15:57:34.269 I/Gonk    (   83): Setting nice for pid 914 to 18
04-27 15:57:34.279 I/Gonk    (   83): Changed nice for pid 914 from 18 to 18.
04-27 15:57:34.279 I/Gecko   (   83): [Parent 83] WARNING: waitpid failed pid:914 errno:10: file ../../../gecko/ipc/chromium/src/base/process_util_posix.cc, line 254
04-27 15:57:34.279 I/Gonk    (   83): Setting nice for pid 914 to 1
04-27 15:57:34.279 I/Gonk    (   83): Changed nice for pid 914 from 18 to 1.
04-27 15:57:34.309 D/Sensors (   83): activate handle=0; drv=0
04-27 15:57:34.329 D/Sensors (   83): Lis3dhSensor: Control set 1
04-27 15:57:34.329 D/Sensors (   83): Lis3dhSensor: mEnabled = 1
04-27 15:57:34.659 I/InputReader(   83): Reconfiguring input devices.  changes=0x00000004
04-27 15:57:34.659 I/InputReader(   83): Device reconfigured: id=6, name='ms-msg21xx', size 320x480, orientation 1, mode 1, display id 0
04-27 15:57:34.669 E/GeckoConsole(   83): Content JS LOG at dummy file:334 in GaiaApps.launch: launching app with name 'Pirate Slots'
04-27 15:57:34.709 E/[Gralloc-ERROR](   83): int gralloc_register_buffer(const gralloc_module_t*, const native_handle_t*):79 Unable to register handle 0x45efa150 coming from different process: 83
04-27 15:57:34.739 E/[Gralloc-ERROR](   83): int gralloc_register_buffer(const gralloc_module_t*, const native_handle_t*):79 Unable to register handle 0x45efa240 coming from different process: 83
04-27 15:57:35.719 E/[Gralloc-ERROR](   83): int gralloc_register_buffer(const gralloc_module_t*, const native_handle_t*):79 Unable to register handle 0x45efac40 coming from different process: 83
04-27 15:57:35.729 E/[Gralloc-ERROR](   83): int gralloc_register_buffer(const gralloc_module_t*, const native_handle_t*):79 Unable to register handle 0x45eface0 coming from different process: 83
04-27 15:57:35.749 E/[Gralloc-ERROR](   83): int gralloc_unregister_buffer(const gralloc_module_t*, const native_handle_t*):274 Trying to unregister buffer 0x443922e0 from process 83 that was not created in current process: 83
04-27 15:57:35.769 E/[Gralloc-ERROR](   83): int gralloc_unregister_buffer(const gralloc_module_t*, const native_handle_t*):274 Trying to unregister buffer 0x44392380 from process 83 that was not created in current process: 83
04-27 15:57:35.979 I/Gonk    (   83): Setting nice for pid 898 to 18
04-27 15:57:35.979 I/Gonk    (   83): Changed nice for pid 898 from 1 to 18.
04-27 15:57:36.059 W/WifiHW  (   83): wifi_command: SIGNAL_POLL
04-27 15:57:36.539 I/Gonk    (   83): Setting nice for pid 977 to 18
04-27 15:57:36.539 I/Gonk    (   83): Changed nice for pid 977 from 0 to 18.
04-27 15:57:37.129 I/Gecko   (   83): 
04-27 15:57:37.129 I/Gecko   (   83): ###!!! [Parent][MessageChannel] Error: Channel error: cannot send/recv
04-27 15:57:37.129 I/Gecko   (   83): 
04-27 15:57:37.189 I/GeckoDump(   83): Crash reporter : Can't fetch app.reportCrashes. Exception: [Exception... "Component returned failure code: 0x8000ffff (NS_ERROR_UNEXPECTED) [nsIPrefBranch.getBoolPref]"  nsresult: "0x8000ffff (NS_ERROR_UNEXPECTED)"  location: "JS frame :: chrome://browser/content/shell.js :: shell_reportCrash :: line 7"  data: no]
04-27 15:57:37.209 I/Gecko   (   83): [Parent 83] WARNING: waitpid failed pid:898 errno:10: file ../../../gecko/ipc/chromium/src/base/process_util_posix.cc, line 254
04-27 15:57:37.489 I/Gecko   (  914): ###################################### forms.js loaded
04-27 15:57:37.529 I/Gecko   (  914): ############################### browserElementPanning.js loaded
04-27 15:57:37.549 I/Gecko   (  914): ######################## BrowserElementChildPreload.js loaded
04-27 15:57:38.359 I/Gonk    (   83): Setting nice for pid 977 to 18
04-27 15:57:38.359 I/Gonk    (   83): Changed nice for pid 977 from 18 to 18.
04-27 15:57:38.359 I/Gecko   (   83): [Parent 83] WARNING: waitpid failed pid:977 errno:10: file ../../../gecko/ipc/chromium/src/base/process_util_posix.cc, line 254
04-27 15:57:38.359 I/Gonk    (   83): Setting nice for pid 977 to 1
04-27 15:57:38.359 I/Gonk    (   83): Changed nice for pid 977 from 18 to 1.
04-27 15:57:38.369 I/Gonk    (   83): Setting nice for pid 977 to 18
04-27 15:57:38.369 I/Gonk    (   83): Changed nice for pid 977 from 1 to 18.
04-27 15:57:38.469 E/[Gralloc-ERROR](   83): int gralloc_unregister_buffer(const gralloc_module_t*, const native_handle_t*):274 Trying to unregister buffer 0x45efac40 from process 83 that was not created in current process: 83
04-27 15:57:38.469 I/Gecko   (   83): 1398639458482	Marionette	INFO	sendToClient: {"from":"0","value":{"frame":{"ELEMENT":"{be97439c-ed6d-49d0-a40f-6f7ff18bacc0}"},"src":"app://{994f5163-a4bd-451e-9938-0070dee2d2d9}/index.html","name":"Pirate Slots","origin":"app://{994f5163-a4bd-451e-9938-0070dee2d2d9}"}}, {96fc72c1-8e16-4167-9cdd-3ae178bd82b9}, {96fc72c1-8e16-4167-9cdd-3ae178bd82b9}
04-27 15:57:38.479 E/GeckoConsole(   83): Content JS LOG at dummy file:326 in GaiaApps.launch/appOpen/<: app with origin 'app://{994f5163-a4bd-451e-9938-0070dee2d2d9}' has launched
04-27 15:57:38.479 E/[Gralloc-ERROR](   83): int gralloc_unregister_buffer(const gralloc_module_t*, const native_handle_t*):274 Trying to unregister buffer 0x45eface0 from process 83 that was not created in current process: 83
04-27 15:57:38.489 I/Gecko   (   83): 1398639458494	Marionette	DEBUG	Got request: switchToFrame, data: {"to":"0","sessionId":"3-b2g","name":"switchToFrame","parameters":{"focus":true,"element":"{be97439c-ed6d-49d0-a40f-6f7ff18bacc0}"}}, id: {b27df6f2-428c-408e-81d3-44452ac84ed5}
04-27 15:57:38.499 I/Gecko   (   83): 1398639458503	Marionette	INFO	Switched to frame: {"frameValue":"{be97439c-ed6d-49d0-a40f-6f7ff18bacc0}"}
04-27 15:57:38.499 I/Gecko   (   83): 1398639458505	Marionette	INFO	trying remote frame 0
04-27 15:57:38.499 I/Gecko   (   83): 1398639458506	Marionette	INFO	deleting frame
04-27 15:57:38.499 I/Gecko   (   83): 1398639458511	Marionette	INFO	frame-manager load script: [object ChromeMessageSender]
04-27 15:57:38.919 I/Gecko   (   83): 1398639458931	Marionette	INFO	sendToClient: {"from":"0","ok":true}, {b27df6f2-428c-408e-81d3-44452ac84ed5}, {b27df6f2-428c-408e-81d3-44452ac84ed5}
04-27 15:57:39.209 I/Gecko   (   83): [Parent 83] WARNING: waitpid failed pid:898 errno:10: file ../../../gecko/ipc/chromium/src/base/process_util_posix.cc, line 254
04-27 15:57:39.209 I/Gecko   (   83): [Parent 83] WARNING: Failed to deliver SIGKILL to 898!(3).: file ../../../gecko/ipc/chromium/src/chrome/common/process_watcher_posix_sigchld.cc, line 118
04-27 15:57:40.099 I/Gecko   (   83): 1398639460106	Marionette	INFO	sendToClient: {"from":"0","value":"app://{994f5163-a4bd-451e-9938-0070dee2d2d9}/index.html"}, {ecab56b1-716f-474f-b6c3-8282c897eb15}, {ecab56b1-716f-474f-b6c3-8282c897eb15}
04-27 15:57:40.109 I/Gecko   (   83): 1398639460114	Marionette	DEBUG	Got request: execute, data: {"to":"0","sessionId":"3-b2g","name":"executeScript","parameters":{"specialPowers":false,"scriptTimeout":null,"newSandbox":true,"args":[],"filename":"app_checker.py","script":"return window.document.readyState;","line":191}}, id: {c1ba2682-d123-4179-a5a3-9f99e459bb9f}
04-27 15:57:40.429 E/GeckoConsole(  914): Content JS LOG at app://{994f5163-a4bd-451e-9938-0070dee2d2d9}/game.js:741 in startLoad: ?0:5B 3@0D8:8 = 0
04-27 15:57:40.649 I/Gecko   (   83): 1398639460657	Marionette	INFO	sendToClient: {"from":"0","value":"complete"}, {c1ba2682-d123-4179-a5a3-9f99e459bb9f}, {c1ba2682-d123-4179-a5a3-9f99e459bb9f}
04-27 15:57:40.769 I/Gecko   (  914): Attempting load of libEGL.so
04-27 15:57:40.809 D/libEGL  (  914): loaded /system/lib/egl/libEGL_mali.so
04-27 15:57:40.829 D/libEGL  (  914): loaded /system/lib/egl/libGLESv1_CM_mali.so
04-27 15:57:40.839 D/libEGL  (  914): loaded /system/lib/egl/libGLESv2_mali.so
04-27 15:57:40.869 I/Gecko   (  914): SharedSurface_Gralloc::Create -------
04-27 15:57:40.929 I/Gecko   (  914): SharedSurface_Gralloc::Create: success -- surface 0x44dc6e40, GraphicBuffer 0x44d31500.
04-27 15:57:41.109 W/WifiHW  (   83): wifi_command: SIGNAL_POLL
04-27 15:57:41.369 I/Gecko   (  914): SharedSurface_Gralloc::Create -------
04-27 15:57:41.379 I/Gecko   (  914): SharedSurface_Gralloc::Create: success -- surface 0x44d95340, GraphicBuffer 0x44d31380.
04-27 15:57:41.399 I/Gecko   (   83): 1398639461408	Marionette	INFO	sendToClient: {"from":"0","value":"app://{994f5163-a4bd-451e-9938-0070dee2d2d9}/index.html"}, {575a0e37-3eb0-4f46-b72c-17d2f03e597b}, {575a0e37-3eb0-4f46-b72c-17d2f03e597b}
04-27 15:57:41.409 E/GeckoConsole(  914): Content JS LOG at app://{994f5163-a4bd-451e-9938-0070dee2d2d9}/game.js:764 in createScene: =====createScene
04-27 15:57:41.409 E/GeckoConsole(  914): Content JS LOG at app://{994f5163-a4bd-451e-9938-0070dee2d2d9}/game.js:764 in createScene: gameState = 1
04-27 15:57:41.429 I/Gecko   (  914): SharedSurface_Gralloc::Create -------
04-27 15:57:41.439 I/Gecko   (  914): SharedSurface_Gralloc::Create: success -- surface 0x44d95a40, GraphicBuffer 0x44da6e80.
04-27 15:57:41.459 I/Gecko   (  914): SharedSurface_Gralloc::Create -------
04-27 15:57:41.489 I/Gecko   (  914): SharedSurface_Gralloc::Create: success -- surface 0x44d95d80, GraphicBuffer 0x44da7600.
04-27 15:57:41.669 I/Gecko   (   83): 
04-27 15:57:41.669 I/Gecko   (   83): ###!!! [Parent][MessageChannel] Error: Channel error: cannot send/recv
04-27 15:57:41.669 I/Gecko   (   83): 
04-27 15:57:41.849 I/GeckoDump(   83): Crash reporter : Can't fetch app.reportCrashes. Exception: [Exception... "Component returned failure code: 0x8000ffff (NS_ERROR_UNEXPECTED) [nsIPrefBranch.getBoolPref]"  nsresult: "0x8000ffff (NS_ERROR_UNEXPECTED)"  location: "JS frame :: chrome://browser/content/shell.js :: shell_reportCrash :: line 7"  data: no]
04-27 15:57:41.859 I/Gecko   (   83): [Parent 83] WARNING: waitpid failed pid:977 errno:10: file ../../../gecko/ipc/chromium/src/base/process_util_posix.cc, line 254
04-27 15:57:42.289 I/Gecko   (   83): 1398639462291	Marionette	INFO	sendToClient: {"from":"0","value":"iVBORw0KGgoAAAANSUhEUgAAAeAAAAFACAYAAABkyK97AAAgAElEQVR4nOy9b2gcaZ7nGQVeCB/uIwQaUBwaUAxucNSVYcM3Pk4BXnDsGsZRazhHr+EUOg3IMRpQZatBlaMCVZYKVM4WlDpb0KpswWizBK1L53GiUrBiJBhxmceKzoQVU1Egb6egRadhzWTBFeN80VzFi4b63ovniYgnI1Mq/1FZVtWv4YOsPyWnJHd+9Psv4YkEgiAIgiBeLdJZPwCCIAiC+CFCAiYIgiCIM4AETBAEQRBnAAmYIAiCIM4AEjBBEARBnAEkYIIgCII4A0jABEEQBHEGkIAJgiAI4gwgARMEQRDEGUACJgiCIIgzgARMEARBEGcACZggCIIgzgASMEEQBEGcASRggiAIgjgDSMAEQRAEcQaQgAmCIAjiDCABEwRBEMQZQAImCIIgiDOABEwQBEEQZwAJmCAIgiDOABIwQRAEQZwBJGCCIAiCOANIwARBEARxBpCACYIgCOIMIAETBEEQxBlAAiYIgiCIM4AETBAEQRBnAAmYIAiCIM4AEjBBEARBnAEkYIIgCII4A0jABEEQBHEGkIAJgiAI4gwgARMEQRDEGUACJgiCIIgzgARMEARBEGcACZggCIIgzgASMEEQBEGcASRggiAIgjgDSMAEQRAEcQaQgAmCIAjiDCABEwRBEMQZQAImCIIgiDOABEwQxOnwWOBJ4uXjHh931o+XIM4YEjBBEC/H42M46vG2JxIJmCA4JGCCIF4OLtvgSEb7UEb7kYLWgYzWgYL2gYLgUD5exgTxA4YETBDEt3NcFPtYQnAkoX0oo/mFgkZdgb+nolbV4FdVNOoqmr6C9qGMICnhs/6aCOKMIQETBPHt9EgxB0cS2o9YpOvvqajs6Hi4aSBfspArWSiUTJQ3TdSqGpp+H54eySRgghAgARMEwTghyk3Wdo
04-27 15:57:42.509 I/Gecko   (   83): 1398639462518	Marionette	INFO	sendToClient: {"from":"0","ok":true}, {f15ba444-b06c-47f0-a1e8-a56fc556671e}, {f15ba444-b06c-47f0-a1e8-a56fc556671e}
04-27 15:57:42.519 I/Gecko   (   83): 1398639462525	Marionette	DEBUG	Got request: switchToFrame, data: {"to":"0","sessionId":"3-b2g","name":"switchToFrame","parameters":{"id":null,"focus":true}}, id: {571f5dd5-8c54-4cd7-94fd-010ee11c1cae}
04-27 15:57:42.539 I/Gecko   (   83): 1398639462545	Marionette	INFO	Switched to frame: {"frameValue":null}
04-27 15:57:42.639 I/Gecko   (   83): 1398639462649	Marionette	INFO	sendToClient: {"from":"0","ok":true}, {571f5dd5-8c54-4cd7-94fd-010ee11c1cae}, {571f5dd5-8c54-4cd7-94fd-010ee11c1cae}
04-27 15:57:42.649 I/Gecko   (   83): 1398639462657	Marionette	DEBUG	Got request: executeWithCallback, data: {"to":"0","sessionId":"3-b2g","name":"executeAsyncScript","parameters":{"specialPowers":false,"scriptTimeout":null,"newSandbox":true,"args":[],"filename":"gaia_test.py","script":"return GaiaApps.displayedApp();","line":66}}, id: {e3f3c693-718e-488f-b0fc-1d46666f6d70}
04-27 15:57:42.709 I/Gecko   (   83): 1398639462722	Marionette	INFO	sendToClient: {"from":"0","value":{"frame":{"ELEMENT":"{be97439c-ed6d-49d0-a40f-6f7ff18bacc0}"},"src":"app://{994f5163-a4bd-451e-9938-0070dee2d2d9}/index.html","name":"Pirate Slots","origin":"app://{994f5163-a4bd-451e-9938-0070dee2d2d9}"}}, {e3f3c693-718e-488f-b0fc-1d46666f6d70}, {e3f3c693-718e-488f-b0fc-1d46666f6d70}
04-27 15:57:42.719 E/GeckoConsole(   83): Content JS LOG at dummy file:392 in GaiaApps.displayedApp: app with origin 'app://{994f5163-a4bd-451e-9938-0070dee2d2d9}' is displayed
04-27 15:57:42.729 I/Gecko   (   83): 1398639462733	Marionette	DEBUG	Got request: switchToFrame, data: {"to":"0","sessionId":"3-b2g","name":"switchToFrame","parameters":{"id":null,"focus":true}}, id: {36dde465-e30a-4b00-95da-881f6b274821}
04-27 15:57:42.729 I/Gecko   (   83): 1398639462736	Marionette	INFO	Switched to frame: {"frameValue":null}
04-27 15:57:42.839 I/Gecko   (   83): 1398639462848	Marionette	INFO	sendToClient: {"from":"0","ok":true}, {36dde465-e30a-4b00-95da-881f6b274821}, {36dde465-e30a-4b00-95da-881f6b274821}
04-27 15:57:42.849 I/Gecko   (   83): 1398639462854	Marionette	DEBUG	Got request: execute, data: {"to":"0","sessionId":"3-b2g","name":"executeScript","parameters":{"specialPowers":false,"scriptTimeout":null,"newSandbox":true,"args":[],"filename":"gaia_test.py","script":"window.wrappedJSObject.dispatchEvent(new Event('home'));","line":788}}, id: {2377d9ba-320e-4d10-9687-3bbb9297b84c}
04-27 15:57:43.019 D/Sensors (   83): activate handle=0; drv=0
04-27 15:57:43.029 D/Sensors (   83): Lis3dhSensor: Control set 0
04-27 15:57:43.029 D/Sensors (   83): Lis3dhSensor: mEnabled = 0
04-27 15:57:43.419 I/InputReader(   83): Reconfiguring input devices.  changes=0x00000004
04-27 15:57:43.419 I/InputReader(   83): Device reconfigured: id=6, name='ms-msg21xx', size 320x480, orientation 0, mode 1, display id 0
04-27 15:57:43.469 E/[Gralloc-ERROR](   83): int gralloc_register_buffer(const gralloc_module_t*, const native_handle_t*):79 Unable to register handle 0x443596f0 coming from different process: 83
04-27 15:57:43.489 E/[Gralloc-ERROR](   83): int gralloc_register_buffer(const gralloc_module_t*, const native_handle_t*):79 Unable to register handle 0x443599c0 coming from different process: 83
04-27 15:57:43.559 I/Gonk    (   83): Setting nice for pid 1007 to 18
04-27 15:57:43.559 I/Gonk    (   83): Changed nice for pid 1007 from 0 to 18.
04-27 15:57:43.559 E/[Gralloc-ERROR](   83): int gralloc_unregister_buffer(const gralloc_module_t*, const native_handle_t*):274 Trying to unregister buffer 0x45efa240 from process 83 that was not created in current process: 83
04-27 15:57:43.569 I/Gecko   (   83): 1398639463581	Marionette	INFO	sendToClient: {"from":"0","value":null}, {2377d9ba-320e-4d10-9687-3bbb9297b84c}, {2377d9ba-320e-4d10-9687-3bbb9297b84c}
04-27 15:57:43.569 E/[Gralloc-ERROR](   83): int gralloc_unregister_buffer(const gralloc_module_t*, const native_handle_t*):274 Trying to unregister buffer 0x45efa150 from process 83 that was not created in current process: 83
04-27 15:57:43.679 I/Gonk    (   83): Setting nice for pid 1007 to 18
04-27 15:57:43.679 I/Gonk    (   83): Changed nice for pid 1007 from 18 to 18.
04-27 15:57:43.679 I/Gecko   (   83): [Parent 83] WARNING: waitpid failed pid:1007 errno:10: file ../../../gecko/ipc/chromium/src/base/process_util_posix.cc, line 254
04-27 15:57:43.679 I/Gonk    (   83): Setting nice for pid 1007 to 1
04-27 15:57:43.679 I/Gonk    (   83): Changed nice for pid 1007 from 18 to 1.
04-27 15:57:43.869 I/Gecko   (   83): [Parent 83] WARNING: waitpid failed pid:977 errno:10: file ../../../gecko/ipc/chromium/src/base/process_util_posix.cc, line 254
04-27 15:57:43.869 I/Gecko   (   83): [Parent 83] WARNING: Failed to deliver SIGKILL to 977!(3).: file ../../../gecko/ipc/chromium/src/chrome/common/process_watcher_posix_sigchld.cc, line 118
04-27 15:57:44.429 I/Gonk    (   83): Setting nice for pid 1017 to 18
04-27 15:57:44.429 I/Gonk    (   83): Changed nice for pid 1017 from 0 to 18.
04-27 15:57:44.589 E/GeckoConsole(  914): Content JS LOG at app://{994f5163-a4bd-451e-9938-0070dee2d2d9}/game.js:764 in createScene: =====createScene
04-27 15:57:44.619 E/GeckoConsole(  914): Content JS LOG at app://{994f5163-a4bd-451e-9938-0070dee2d2d9}/game.js:764 in createScene: gameState = 4
04-27 15:57:44.779 I/Gecko   (   83): 1398639464789	Marionette	DEBUG	Got request: switchToFrame, data: {"to":"0","sessionId":"3-b2g","name":"switchToFrame","parameters":{"id":null,"focus":true}}, id: {fde57d57-67d2-4c96-8eb7-fa04e99e2b19}
04-27 15:57:44.799 I/Gecko   (   83): 1398639464802	Marionette	INFO	Switched to frame: {"frameValue":null}
04-27 15:57:44.909 I/Gecko   (   83): 1398639464914	Marionette	INFO	sendToClient: {"from":"0","ok":true}, {fde57d57-67d2-4c96-8eb7-fa04e99e2b19}, {fde57d57-67d2-4c96-8eb7-fa04e99e2b19}
04-27 15:57:44.919 I/Gecko   (   83): 1398639464930	Marionette	DEBUG	Got request: executeWithCallback, data: {"to":"0","sessionId":"3-b2g","name":"executeAsyncScript","parameters":{"specialPowers":false,"scriptTimeout":null,"newSandbox":true,"args":[],"filename":"gaia_test.py","script":"return GaiaApps.displayedApp();","line":66}}, id: {06bb231e-b048-4a40-b7ee-843cb744a797}
04-27 15:57:45.129 E/GeckoConsole(   83): Content JS LOG at dummy file:392 in GaiaApps.displayedApp: app with origin 'app://homescreen.gaiamobile.org' is displayed
04-27 15:57:45.139 I/Gecko   (   83): 1398639465145	Marionette	INFO	sendToClient: {"from":"0","value":{"frame":{"ELEMENT":"{aec83909-dddb-49ff-a753-c4e07168ae93}"},"src":"app://homescreen.gaiamobile.org/index.html#root","name":"Homescreen","origin":"app://homescreen.gaiamobile.org"}}, {06bb231e-b048-4a40-b7ee-843cb744a797}, {06bb231e-b048-4a40-b7ee-843cb744a797}
04-27 15:57:45.149 I/Gecko   (   83): 1398639465155	Marionette	DEBUG	Got request: switchToFrame, data: {"to":"0","sessionId":"3-b2g","name":"switchToFrame","parameters":{"id":null,"focus":true}}, id: {526e6116-3e81-4afb-a44b-77b5d7049066}
04-27 15:57:45.149 I/Gecko   (   83): 1398639465156	Marionette	INFO	Switched to frame: {"frameValue":null}
04-27 15:57:45.299 I/Gecko   (  914): [SharedSurface_Gralloc 0x44d95d80] destroyed
04-27 15:57:45.309 I/Gonk    (   83): Setting nice for pid 914 to 18
04-27 15:57:45.329 I/Gonk    (   83): Changed nice for pid 914 from 1 to 18.
04-27 15:57:45.359 I/Gecko   (   83): 1398639465363	Marionette	INFO	sendToClient: {"from":"0","ok":true}, {526e6116-3e81-4afb-a44b-77b5d7049066}, {526e6116-3e81-4afb-a44b-77b5d7049066}
04-27 15:57:45.369 I/Gecko   (   83): 1398639465378	Marionette	DEBUG	Got request: switchToFrame, data: {"to":"0","sessionId":"3-b2g","name":"switchToFrame","parameters":{"id":null,"focus":true}}, id: {4766267c-e9fb-4b5e-875b-4970185a429b}
04-27 15:57:45.369 I/Gecko   (   83): 1398639465381	Marionette	INFO	Switched to frame: {"frameValue":null}
04-27 15:57:45.479 I/Gecko   (   83): 1398639465484	Marionette	INFO	sendToClient: {"from":"0","ok":true}, {4766267c-e9fb-4b5e-875b-4970185a429b}, {4766267c-e9fb-4b5e-875b-4970185a429b}
04-27 15:57:45.479 I/Gecko   (   83): 1398639465490	Marionette	DEBUG	Got request: executeWithCallback, data: {"to":"0","sessionId":"3-b2g","name":"executeAsyncScript","parameters":{"specialPowers":false,"scriptTimeout":null,"newSandbox":true,"args":[],"filename":"gaia_test.py","script":"return GaiaApps.displayedApp();","line":66}}, id: {e5c8d769-973d-43ec-9494-a54160a36ffb}
04-27 15:57:45.639 E/GeckoConsole(   83): Content JS LOG at dummy file:392 in GaiaApps.displayedApp: app with origin 'app://homescreen.gaiamobile.org' is displayed
04-27 15:57:45.639 I/Gecko   (   83): 1398639465647	Marionette	INFO	sendToClient: {"from":"0","value":{"frame":{"ELEMENT":"{aec83909-dddb-49ff-a753-c4e07168ae93}"},"src":"app://homescreen.gaiamobile.org/index.html#root","name":"Homescreen","origin":"app://homescreen.gaiamobile.org"}}, {e5c8d769-973d-43ec-9494-a54160a36ffb}, {e5c8d769-973d-43ec-9494-a54160a36ffb}
04-27 15:57:45.649 I/Gecko   (   83): 1398639465654	Marionette	DEBUG	Got request: switchToFrame, data: {"to":"0","sessionId":"3-b2g","name":"switchToFrame","parameters":{"focus":true,"element":"{aec83909-dddb-49ff-a753-c4e07168ae93}"}}, id: {733b28e1-5868-491f-8af7-d8b13f5dc6b5}
04-27 15:57:45.669 I/Gecko   (   83): 1398639465674	Marionette	INFO	Switched to frame: {"frameValue":"{aec83909-dddb-49ff-a753-c4e07168ae93}"}
04-27 15:57:45.669 I/Gecko   (   83): 1398639465677	Marionette	INFO	trying remote frame 0
04-27 15:57:45.669 I/Gecko   (   83): 1398639465678	Marionette	INFO	deleting frame
04-27 15:57:45.679 I/Gecko   (   83): 1398639465684	Marionette	INFO	frame-manager load script: [object ChromeMessageSender]
04-27 15:57:45.789 I/Gecko   (   83): [Parent 83] WARNING: pipe error (110): Connection reset by peer: file ../../../gecko/ipc/chromium/src/chrome/common/ipc_channel_posix.cc, line 446
04-27 15:57:45.809 I/Gecko   (   83): 
04-27 15:57:45.809 I/Gecko   (   83): ###!!! [Parent][MessageChannel] Error: Channel error: cannot send/recv
04-27 15:57:45.809 I/Gecko   (   83): 
04-27 15:57:45.849 I/GeckoDump(   83): Crash reporter : Can't fetch app.reportCrashes. Exception: [Exception... "Component returned failure code: 0x8000ffff (NS_ERROR_UNEXPECTED) [nsIPrefBranch.getBoolPref]"  nsresult: "0x8000ffff (NS_ERROR_UNEXPECTED)"  location: "JS frame :: chrome://browser/content/shell.js :: shell_reportCrash :: line 7"  data: no]
04-27 15:57:45.869 I/Gecko   (   83): [Parent 83] WARNING: waitpid failed pid:914 errno:10: file ../../../gecko/ipc/chromium/src/base/process_util_posix.cc, line 254
04-27 15:57:46.109 W/WifiHW  (   83): wifi_command: SIGNAL_POLL
04-27 15:57:46.879 I/Gecko   ( 1007): ###################################### forms.js loaded
04-27 15:57:46.899 I/Gecko   ( 1007): ############################### browserElementPanning.js loaded
04-27 15:57:46.929 I/Gecko   ( 1007): ######################## BrowserElementChildPreload.js loaded
04-27 15:57:47.589 I/Gecko   (   83): 1398639467593	Marionette	INFO	sendToClient: {"from":"0","ok":true}, {733b28e1-5868-491f-8af7-d8b13f5dc6b5}, {733b28e1-5868-491f-8af7-d8b13f5dc6b5}
04-27 15:57:47.819 I/Gecko   (   83): 1398639467825	Marionette	INFO	sendToClient: {"from":"0","value":"app://homescreen.gaiamobile.org/index.html#root"}, {a692b138-1fbf-4aca-bb34-888c26faaf55}, {a692b138-1fbf-4aca-bb34-888c26faaf55}
04-27 15:57:47.839 I/Gecko   (   83): 1398639467842	Marionette	DEBUG	Got request: switchToFrame, data: {"to":"0","sessionId":"3-b2g","name":"switchToFrame","parameters":{"id":null,"focus":true}}, id: {300d546c-8cc5-4b1f-acf6-20b82aeade46}
04-27 15:57:47.849 I/Gecko   (   83): 1398639467859	Marionette	INFO	Switched to frame: {"frameValue":null}
04-27 15:57:47.869 I/Gecko   (   83): [Parent 83] WARNING: waitpid failed pid:914 errno:10: file ../../../gecko/ipc/chromium/src/base/process_util_posix.cc, line 254
04-27 15:57:47.869 I/Gecko   (   83): [Parent 83] WARNING: Failed to deliver SIGKILL to 914!(3).: file ../../../gecko/ipc/chromium/src/chrome/common/process_watcher_posix_sigchld.cc, line 118
04-27 15:57:47.979 I/Gecko   (   83): 1398639467991	Marionette	INFO	sendToClient: {"from":"0","ok":true}, {300d546c-8cc5-4b1f-acf6-20b82aeade46}, {300d546c-8cc5-4b1f-acf6-20b82aeade46}
04-27 15:57:47.989 I/Gecko   (   83): 1398639467998	Marionette	DEBUG	Got request: switchToFrame, data: {"to":"0","sessionId":"3-b2g","name":"switchToFrame","parameters":{"id":null,"focus":true}}, id: {0270b40f-a611-4416-ab61-98068c6baa89}
04-27 15:57:47.999 I/Gecko   (   83): 1398639468005	Marionette	INFO	Switched to frame: {"frameValue":null}
04-27 15:57:48.099 I/Gecko   (   83): 1398639468108	Marionette	INFO	sendToClient: {"from":"0","ok":true}, {0270b40f-a611-4416-ab61-98068c6baa89}, {0270b40f-a611-4416-ab61-98068c6baa89}
04-27 15:57:48.109 I/Gecko   (   83): 1398639468115	Marionette	DEBUG	Got request: executeWithCallback, data: {"to":"0","sessionId":"3-b2g","name":"executeAsyncScript","parameters":{"specialPowers":false,"scriptTimeout":null,"newSandbox":true,"args":[],"filename":"gaia_test.py","script":"GaiaApps.killAll()","line":91}}, id: {5675ba27-f340-4591-aaa3-1c324861f601}
04-27 15:57:48.149 I/Gecko   (   83): 1398639468156	Marionette	INFO	sendToClient: {"from":"0","value":true}, {5675ba27-f340-4591-aaa3-1c324861f601}, {5675ba27-f340-4591-aaa3-1c324861f601}
04-27 15:57:48.179 I/Gecko   (   83): 1398639468183	Marionette	DEBUG	Got request: switchToFrame, data: {"to":"0","sessionId":"3-b2g","name":"switchToFrame","parameters":{"id":null,"focus":true}}, id: {a3ce4d14-de3d-468b-860a-81e53ac46bd1}
04-27 15:57:48.189 I/Gecko   (   83): 1398639468194	Marionette	INFO	Switched to frame: {"frameValue":null}
04-27 15:57:48.289 I/Gecko   (   83): 1398639468297	Marionette	INFO	sendToClient: {"from":"0","ok":true}, {a3ce4d14-de3d-468b-860a-81e53ac46bd1}, {a3ce4d14-de3d-468b-860a-81e53ac46bd1}
04-27 15:57:48.299 I/Gecko   (   83): 1398639468303	Marionette	DEBUG	Got request: executeWithCallback, data: {"to":"0","sessionId":"3-b2g","name":"executeAsyncScript","parameters":{"specialPowers":false,"scriptTimeout":60000,"newSandbox":true,"args":[],"filename":"app_checker.py","script":"\n        GaiaApps.locateWithManifestURL('https://marketplace.firefox.com/app/f3fce773-e8e0-46b2-aa4b-1f1056b6037d/manifest.webapp',\n                                       null,\n                                       function uninstall(app) {\n                                       navigator.mozApps.mgmt.uninstall(app);\n                                       marionetteScriptFinished(true);\n                                       });\n        ","line":129}}, id: {0615909a-b65f-4874-a5a2-bc547cf2e0e5}
04-27 15:57:48.329 I/Gecko   (   83): -- webapps.js uninstall https://marketplace.firefox.com/app/f3fce773-e8e0-46b2-aa4b-1f1056b6037d/manifest.webapp
04-27 15:57:48.659 I/Gecko   (   83): 1398639468663	Marionette	INFO	sendToClient: {"from":"0","value":true}, {0615909a-b65f-4874-a5a2-bc547cf2e0e5}, {0615909a-b65f-4874-a5a2-bc547cf2e0e5}