--------- beginning of /dev/log/main
04-25 23:43:54.234 I/Gecko   (   83): [Parent 83] WARNING: waitpid failed pid:1316 errno:10: file ../../../gecko/ipc/chromium/src/base/process_util_posix.cc, line 254
04-25 23:43:54.234 I/Gecko   (   83): [Parent 83] WARNING: Failed to deliver SIGKILL to 1316!(3).: file ../../../gecko/ipc/chromium/src/chrome/common/process_watcher_posix_sigchld.cc, line 118
04-25 23:43:54.474 I/Gecko   (   83): 1398494634485	Marionette	INFO	sendToClient: {"from":"0","ok":true}, {279a7f28-8939-4a64-a932-41ac3dfe9a6e}, {279a7f28-8939-4a64-a932-41ac3dfe9a6e}
04-25 23:43:54.504 I/Gecko   (   83): 1398494634507	Marionette	DEBUG	Got request: switchToFrame, data: {"to":"0","sessionId":"3-b2g","name":"switchToFrame","parameters":{"id":null,"focus":true}}, id: {1c69a1d9-4a68-42fd-b743-8611862ce0cd}
04-25 23:43:54.504 I/Gecko   (   83): 1398494634516	Marionette	INFO	Switched to frame: {"frameValue":null}
04-25 23:43:54.614 I/Gecko   (   83): 1398494634618	Marionette	INFO	sendToClient: {"from":"0","ok":true}, {1c69a1d9-4a68-42fd-b743-8611862ce0cd}, {1c69a1d9-4a68-42fd-b743-8611862ce0cd}
04-25 23:43:54.614 I/Gecko   (   83): 1398494634625	Marionette	DEBUG	Got request: executeWithCallback, data: {"to":"0","sessionId":"3-b2g","name":"executeAsyncScript","parameters":{"specialPowers":false,"scriptTimeout":null,"newSandbox":true,"args":[],"filename":"gaia_test.py","script":"return GaiaApps.displayedApp();","line":66}}, id: {a0545352-0a6e-4d79-9e9e-8e349ec68ced}
04-25 23:43:54.734 E/GeckoConsole(   83): Content JS LOG at dummy file:392 in GaiaApps.displayedApp: app with origin 'app://homescreen.gaiamobile.org' is displayed
04-25 23:43:54.754 I/Gecko   (   83): 1398494634757	Marionette	INFO	sendToClient: {"from":"0","value":{"frame":{"ELEMENT":"{3ebdd735-15f7-4fdc-8c71-3c2cc06a40fc}"},"src":"app://homescreen.gaiamobile.org/index.html#root","name":"Homescreen","origin":"app://homescreen.gaiamobile.org"}}, {a0545352-0a6e-4d79-9e9e-8e349ec68ced}, {a0545352-0a6e-4d79-9e9e-8e349ec68ced}
04-25 23:43:54.774 I/Gecko   (   83): 1398494634777	Marionette	DEBUG	Got request: switchToFrame, data: {"to":"0","sessionId":"3-b2g","name":"switchToFrame","parameters":{"id":null,"focus":true}}, id: {35f41735-45dd-41f1-ae85-7aaa65189ab4}
04-25 23:43:54.774 I/Gecko   (   83): 1398494634780	Marionette	INFO	Switched to frame: {"frameValue":null}
04-25 23:43:54.874 I/Gecko   (   83): 1398494634885	Marionette	INFO	sendToClient: {"from":"0","ok":true}, {35f41735-45dd-41f1-ae85-7aaa65189ab4}, {35f41735-45dd-41f1-ae85-7aaa65189ab4}
04-25 23:43:54.884 I/Gecko   (   83): 1398494634892	Marionette	DEBUG	Got request: switchToFrame, data: {"to":"0","sessionId":"3-b2g","name":"switchToFrame","parameters":{"id":null,"focus":true}}, id: {caecf45d-3f0a-4159-9172-71b177e57630}
04-25 23:43:54.884 I/Gecko   (   83): 1398494634894	Marionette	INFO	Switched to frame: {"frameValue":null}
04-25 23:43:54.994 I/Gecko   (   83): 1398494634999	Marionette	INFO	sendToClient: {"from":"0","ok":true}, {caecf45d-3f0a-4159-9172-71b177e57630}, {caecf45d-3f0a-4159-9172-71b177e57630}
04-25 23:43:55.034 I/Gecko   (   83): 1398494635013	Marionette	DEBUG	Got request: executeWithCallback, data: {"to":"0","sessionId":"3-b2g","name":"executeAsyncScript","parameters":{"specialPowers":false,"scriptTimeout":null,"newSandbox":true,"args":[],"filename":"gaia_test.py","script":"return GaiaApps.displayedApp();","line":66}}, id: {51abb91a-6d06-4d53-96be-82bcda84fb29}
04-25 23:43:55.064 I/Gecko   (   83): 1398494635076	Marionette	INFO	sendToClient: {"from":"0","value":{"frame":{"ELEMENT":"{3ebdd735-15f7-4fdc-8c71-3c2cc06a40fc}"},"src":"app://homescreen.gaiamobile.org/index.html#root","name":"Homescreen","origin":"app://homescreen.gaiamobile.org"}}, {51abb91a-6d06-4d53-96be-82bcda84fb29}, {51abb91a-6d06-4d53-96be-82bcda84fb29}
04-25 23:43:55.084 E/GeckoConsole(   83): Content JS LOG at dummy file:392 in GaiaApps.displayedApp: app with origin 'app://homescreen.gaiamobile.org' is displayed
04-25 23:43:55.084 I/Gecko   (   83): 1398494635095	Marionette	DEBUG	Got request: switchToFrame, data: {"to":"0","sessionId":"3-b2g","name":"switchToFrame","parameters":{"focus":true,"element":"{3ebdd735-15f7-4fdc-8c71-3c2cc06a40fc}"}}, id: {a133ac95-1b16-44c4-8fe2-03fc6132d28d}
04-25 23:43:55.094 I/Gecko   (   83): 1398494635103	Marionette	INFO	Switched to frame: {"frameValue":"{3ebdd735-15f7-4fdc-8c71-3c2cc06a40fc}"}
04-25 23:43:55.094 I/Gecko   (   83): 1398494635106	Marionette	INFO	trying remote frame 0
04-25 23:43:55.104 I/Gecko   (   83): 1398494635107	Marionette	INFO	trying remote frame 1
04-25 23:43:55.104 I/Gecko   (   83): 1398494635108	Marionette	INFO	trying remote frame 2
04-25 23:43:55.104 I/Gecko   (   83): 1398494635109	Marionette	INFO	deleting frame
04-25 23:43:55.104 I/Gecko   (   83): 1398494635115	Marionette	INFO	frame-manager load script: [object ChromeMessageSender]
04-25 23:43:55.404 I/Gecko   (   83): 1398494635411	Marionette	INFO	sendToClient: {"from":"0","ok":true}, {a133ac95-1b16-44c4-8fe2-03fc6132d28d}, {a133ac95-1b16-44c4-8fe2-03fc6132d28d}
04-25 23:43:55.574 I/Gecko   (   83): 1398494635584	Marionette	INFO	sendToClient: {"from":"0","value":{"ELEMENT":"{250442a7-17e4-4868-abf4-c58a975c1750}"}}, {c4373554-653f-469d-957c-3c07a4972195}, {c4373554-653f-469d-957c-3c07a4972195}
04-25 23:43:55.874 E/GeckoConsole( 1363): [JavaScript Warning: "Use of getAttributeNode() is deprecated. Use getAttribute() instead." {file: "chrome://marionette/content/atoms.js" line: 25}]
04-25 23:43:55.874 E/GeckoConsole( 1363): [JavaScript Warning: "Use of attributes' specified attribute is deprecated. It always returns true." {file: "chrome://marionette/content/atoms.js" line: 25}]
04-25 23:43:55.874 I/Gecko   (   83): 1398494635885	Marionette	INFO	sendToClient: {"from":"0","value":"normal"}, {149b7142-bbe3-428d-93f2-d7c14053dda3}, {149b7142-bbe3-428d-93f2-d7c14053dda3}
04-25 23:43:55.884 I/Gecko   (   83): 1398494635893	Marionette	DEBUG	Got request: switchToFrame, data: {"to":"0","sessionId":"3-b2g","name":"switchToFrame","parameters":{"id":null,"focus":true}}, id: {4eb7c97e-0b7f-4a70-b67e-6e06af12f625}
04-25 23:43:55.924 I/Gecko   (   83): 1398494635932	Marionette	INFO	Switched to frame: {"frameValue":null}
04-25 23:43:56.024 I/Gecko   (   83): 1398494636036	Marionette	INFO	sendToClient: {"from":"0","ok":true}, {4eb7c97e-0b7f-4a70-b67e-6e06af12f625}, {4eb7c97e-0b7f-4a70-b67e-6e06af12f625}
04-25 23:43:56.034 W/WifiHW  (   83): wifi_command: SIGNAL_POLL
04-25 23:43:56.044 I/Gecko   (   83): 1398494636052	Marionette	DEBUG	Got request: execute, data: {"to":"0","sessionId":"3-b2g","name":"executeScript","parameters":{"specialPowers":false,"scriptTimeout":null,"newSandbox":true,"args":[],"filename":"gaia_test.py","script":"window.wrappedJSObject.dispatchEvent(new Event('home'));","line":788}}, id: {68a16dc2-0e4c-4dff-bd97-2b072c56c6a7}
04-25 23:43:56.184 I/Gecko   (   83): 1398494636188	Marionette	INFO	sendToClient: {"from":"0","value":null}, {68a16dc2-0e4c-4dff-bd97-2b072c56c6a7}, {68a16dc2-0e4c-4dff-bd97-2b072c56c6a7}
04-25 23:43:56.194 I/Gecko   (   83): 1398494636202	Marionette	DEBUG	Got request: switchToFrame, data: {"to":"0","sessionId":"3-b2g","name":"switchToFrame","parameters":{"id":null,"focus":true}}, id: {cd4f11d4-684f-4083-9454-9198575d0ebf}
04-25 23:43:56.204 I/Gecko   (   83): 1398494636211	Marionette	INFO	Switched to frame: {"frameValue":null}
04-25 23:43:56.314 I/Gecko   (   83): 1398494636320	Marionette	INFO	sendToClient: {"from":"0","ok":true}, {cd4f11d4-684f-4083-9454-9198575d0ebf}, {cd4f11d4-684f-4083-9454-9198575d0ebf}
04-25 23:43:56.324 I/Gecko   (   83): 1398494636327	Marionette	DEBUG	Got request: switchToFrame, data: {"to":"0","sessionId":"3-b2g","name":"switchToFrame","parameters":{"id":null,"focus":true}}, id: {28febfc3-c38d-4b95-b051-0b6cb45dbfb2}
04-25 23:43:56.324 I/Gecko   (   83): 1398494636329	Marionette	INFO	Switched to frame: {"frameValue":null}
04-25 23:43:56.424 I/Gecko   (   83): 1398494636432	Marionette	INFO	sendToClient: {"from":"0","ok":true}, {28febfc3-c38d-4b95-b051-0b6cb45dbfb2}, {28febfc3-c38d-4b95-b051-0b6cb45dbfb2}
04-25 23:43:56.434 I/Gecko   (   83): 1398494636440	Marionette	DEBUG	Got request: executeWithCallback, data: {"to":"0","sessionId":"3-b2g","name":"executeAsyncScript","parameters":{"specialPowers":false,"scriptTimeout":null,"newSandbox":true,"args":[],"filename":"gaia_test.py","script":"return GaiaApps.displayedApp();","line":66}}, id: {1807cf95-3616-4cb8-81a1-f25e441ecb31}
04-25 23:43:56.494 I/Gecko   (   83): 1398494636499	Marionette	INFO	sendToClient: {"from":"0","value":{"frame":{"ELEMENT":"{3ebdd735-15f7-4fdc-8c71-3c2cc06a40fc}"},"src":"app://homescreen.gaiamobile.org/index.html#rootFri%20Apr%2025%202014%2023:43:56%20GMT-0700%20(UTC)","name":"Homescreen","origin":"app://homescreen.gaiamobile.org"}}, {1807cf95-3616-4cb8-81a1-f25e441ecb31}, {1807cf95-3616-4cb8-81a1-f25e441ecb31}
04-25 23:43:56.494 E/GeckoConsole(   83): Content JS LOG at dummy file:392 in GaiaApps.displayedApp: app with origin 'app://homescreen.gaiamobile.org' is displayed
04-25 23:43:56.524 I/Gecko   (   83): 1398494636527	Marionette	DEBUG	Got request: switchToFrame, data: {"to":"0","sessionId":"3-b2g","name":"switchToFrame","parameters":{"focus":true,"element":"{3ebdd735-15f7-4fdc-8c71-3c2cc06a40fc}"}}, id: {a4ced534-f539-4c0c-8b4d-eee5add46579}
04-25 23:43:56.524 I/Gecko   (   83): 1398494636536	Marionette	INFO	Switched to frame: {"frameValue":"{3ebdd735-15f7-4fdc-8c71-3c2cc06a40fc}"}
04-25 23:43:56.534 I/Gecko   (   83): 1398494636544	Marionette	INFO	trying remote frame 0
04-25 23:43:56.544 I/Gecko   (   83): 1398494636548	Marionette	INFO	trying remote frame 1
04-25 23:43:56.544 I/Gecko   (   83): 1398494636550	Marionette	INFO	trying remote frame 2
04-25 23:43:56.754 I/Gecko   (   83): 1398494636757	Marionette	INFO	sendToClient: {"from":"0","ok":true}, {a4ced534-f539-4c0c-8b4d-eee5add46579}, {a4ced534-f539-4c0c-8b4d-eee5add46579}
04-25 23:43:56.754 I/Gecko   (   83): 1398494636764	Marionette	DEBUG	Got request: execute, data: {"to":"0","sessionId":"3-b2g","name":"executeScript","parameters":{"specialPowers":false,"scriptTimeout":null,"newSandbox":true,"args":[],"filename":"gaia_test.py","script":"return window.wrappedJSObject.GridManager.pageHelper.getCurrentPageNumber();","line":784}}, id: {6a1371b2-75ae-4052-b9c2-0d20d229e973}
04-25 23:43:57.054 I/Gecko   (   83): 1398494637061	Marionette	INFO	sendToClient: {"from":"0","value":0}, {6a1371b2-75ae-4052-b9c2-0d20d229e973}, {6a1371b2-75ae-4052-b9c2-0d20d229e973}
04-25 23:43:58.124 I/Gecko   (   83): 1398494638130	Marionette	INFO	sendToClient: {"from":"0","value":["{5d3b2689-518e-4483-8bd3-64aa0364a757}","{84b78f09-f92a-43b8-bd0d-c7a1cd138ce6}","{2faef151-c5df-47e0-bafc-9a7cd0dfe5bc}","{d4b7895b-e58c-48a4-93b6-b6bc449f5c9c}","{38f998fb-ff92-4ba7-b610-2c5cefc717c9}","{0f9d4084-8342-474c-8d3f-52592dd6012f}","{25cb52bc-0992-4ef1-ae90-9345a35db887}","{65e6b6aa-e37c-4364-93fc-38c81a366cc5}","{e41f4362-6e16-4235-8b98-8bd38c0111e0}","{0dc419b7-01f7-46d1-aa45-dba5f2eccfb6}","{556f2882-8495-42ea-a6d2-64880d2dc4aa}","{49295150-4b87-4fbe-b47d-ea2ec4a8c8cc}","{85234afb-10ca-487b-a59d-bf2b27e98159}","{9e636bed-0c14-4025-9965-d1c27c103a07}","{a024e263-b522-4671-b851-63d095dfa528}","{9daeb2da-7861-4012-8066-877cfeed8fcb}","{b769fa41-a137-46bd-a071-0df30343f0f9}","{ee9c5be7-a84a-4354-8f5f-464d61f649b4}","{a084b42b-feb0-4560-8fe9-a8540c036a02}","{bb3486b6-88b2-42c2-b9b3-91b8957b57c8}","{90fe0338-2e9b-451d-8c58-5e1356da1d66}","{d189fce6-6d1c-4a05-891c-a5cf088649b7}","{edcf93cf-e76c-4f15-a8d6-315627a4c3b8}"]}, {8855c49f-db
04-25 23:43:58.224 E/GeckoConsole( 1363): Content JS WARN at app://homescreen.gaiamobile.org/gaia_build_defer_index.js:184 in isHiddenApp: Unexpected role when checking hidden app: undefined
04-25 23:43:58.224 E/GeckoConsole( 1363): Content JS WARN at app://homescreen.gaiamobile.org/gaia_build_defer_index.js:184 in isHiddenApp: Unexpected role when checking hidden app: undefined
04-25 23:43:58.224 E/GeckoConsole( 1363): Content JS WARN at app://homescreen.gaiamobile.org/gaia_build_defer_index.js:184 in isHiddenApp: Unexpected role when checking hidden app: undefined
04-25 23:43:58.234 E/GeckoConsole( 1363): Content JS WARN at app://homescreen.gaiamobile.org/gaia_build_defer_index.js:184 in isHiddenApp: Unexpected role when checking hidden app: undefined
04-25 23:43:58.234 E/GeckoConsole( 1363): Content JS WARN at app://homescreen.gaiamobile.org/gaia_build_defer_index.js:184 in isHiddenApp: Unexpected role when checking hidden app: undefined
04-25 23:43:58.234 E/GeckoConsole( 1363): Content JS WARN at app://homescreen.gaiamobile.org/gaia_build_defer_index.js:184 in isHiddenApp: Unexpected role when checking hidden app: undefined
04-25 23:43:58.234 E/GeckoConsole( 1363): Content JS WARN at app://homescreen.gaiamobile.org/gaia_build_defer_index.js:184 in isHiddenApp: Unexpected role when checking hidden app: undefined
04-25 23:43:58.234 E/GeckoConsole( 1363): Content JS WARN at app://homescreen.gaiamobile.org/gaia_build_defer_index.js:184 in isHiddenApp: Unexpected role when checking hidden app: undefined
04-25 23:43:58.234 E/GeckoConsole( 1363): Content JS WARN at app://homescreen.gaiamobile.org/gaia_build_defer_index.js:184 in isHiddenApp: Unexpected role when checking hidden app: undefined
04-25 23:43:58.234 E/GeckoConsole( 1363): Content JS WARN at app://homescreen.gaiamobile.org/gaia_build_defer_index.js:184 in isHiddenApp: Unexpected role when checking hidden app: undefined
04-25 23:43:58.234 E/GeckoConsole( 1363): Content JS WARN at app://homescreen.gaiamobile.org/gaia_build_defer_index.js:184 in isHiddenApp: Unexpected role when checking hidden app: undefined
04-25 23:43:58.234 E/GeckoConsole( 1363): Content JS WARN at app://homescreen.gaiamobile.org/gaia_build_defer_index.js:184 in isHiddenApp: Unexpected role when checking hidden app: undefined
04-25 23:43:58.234 E/GeckoConsole( 1363): Content JS WARN at app://homescreen.gaiamobile.org/gaia_build_defer_index.js:184 in isHiddenApp: Unexpected role when checking hidden app: undefined
04-25 23:43:58.234 E/GeckoConsole( 1363): Content JS WARN at app://homescreen.gaiamobile.org/gaia_build_defer_index.js:184 in isHiddenApp: Unexpected role when checking hidden app: undefined
04-25 23:43:58.244 E/GeckoConsole( 1363): Content JS WARN at app://homescreen.gaiamobile.org/gaia_build_defer_index.js:184 in isHiddenApp: Unexpected role when checking hidden app: undefined
04-25 23:43:58.244 E/GeckoConsole( 1363): Content JS WARN at app://homescreen.gaiamobile.org/gaia_build_defer_index.js:184 in isHiddenApp: Unexpected role when checking hidden app: undefined
04-25 23:43:58.244 E/GeckoConsole( 1363): Content JS WARN at app://homescreen.gaiamobile.org/gaia_build_defer_index.js:184 in isHiddenApp: Unexpected role when checking hidden app: undefined
04-25 23:43:58.244 E/GeckoConsole( 1363): Content JS WARN at app://homescreen.gaiamobile.org/gaia_build_defer_index.js:184 in isHiddenApp: Unexpected role when checking hidden app: undefined
04-25 23:43:58.244 E/GeckoConsole( 1363): Content JS WARN at app://homescreen.gaiamobile.org/gaia_build_defer_index.js:184 in isHiddenApp: Unexpected role when checking hidden app: undefined
04-25 23:43:58.514 I/Gecko   (   83): 1398494638522	Marionette	INFO	sendToClient: {"from":"0","value":"app://homescreen.gaiamobile.org/index.html#rootFri%20Apr%2025%202014%2023:43:56%20GMT-0700%20(UTC)"}, {5a7dc3e3-c348-4d4a-ae61-1d1223662846}, {5a7dc3e3-c348-4d4a-ae61-1d1223662846}
04-25 23:43:58.534 I/Gecko   (   83): 1398494638543	Marionette	DEBUG	Got request: switchToFrame, data: {"to":"0","sessionId":"3-b2g","name":"switchToFrame","parameters":{"id":null,"focus":true}}, id: {2a683698-1b44-4438-b51e-a78edb74de67}
04-25 23:43:58.594 I/Gecko   (   83): 1398494638601	Marionette	INFO	Switched to frame: {"frameValue":null}
04-25 23:43:58.744 I/Gecko   (   83): 1398494638748	Marionette	INFO	sendToClient: {"from":"0","ok":true}, {2a683698-1b44-4438-b51e-a78edb74de67}, {2a683698-1b44-4438-b51e-a78edb74de67}
04-25 23:43:58.754 I/Gecko   (   83): 1398494638762	Marionette	DEBUG	Got request: switchToFrame, data: {"to":"0","sessionId":"3-b2g","name":"switchToFrame","parameters":{"id":null,"focus":true}}, id: {f2cd52c7-cbf1-4d64-9cb9-6a0e876272d3}
04-25 23:43:58.754 I/Gecko   (   83): 1398494638763	Marionette	INFO	Switched to frame: {"frameValue":null}
04-25 23:43:58.874 I/Gecko   (   83): 1398494638878	Marionette	INFO	sendToClient: {"from":"0","ok":true}, {f2cd52c7-cbf1-4d64-9cb9-6a0e876272d3}, {f2cd52c7-cbf1-4d64-9cb9-6a0e876272d3}
04-25 23:43:58.874 I/Gecko   (   83): 1398494638885	Marionette	DEBUG	Got request: executeWithCallback, data: {"to":"0","sessionId":"3-b2g","name":"executeAsyncScript","parameters":{"specialPowers":false,"scriptTimeout":30000,"newSandbox":true,"args":[],"filename":"app_checker.py","script":"GaiaApps.launchWithManifestURL('https://marketplace.firefox.com/app/87bf2bf0-05a8-46c2-a624-1fca42192cb9/manifest.webapp')","line":106}}, id: {46ea3a54-9ad5-4758-b1ae-c127e9073035}
04-25 23:43:58.934 V/AudioPolicyManagerBase(   88): startOutput() output 1, stream 1, session 4
04-25 23:43:58.934 V/AudioPolicyManagerBase(   88): changeRefCount() stream 1, count 1
04-25 23:43:58.934 V/AudioPolicyManagerBase(   88): getDeviceForStrategy() from cache strategy 0, device 2
04-25 23:43:58.934 V/AudioPolicyManagerBase(   88): getNewDevice() selected device 2
04-25 23:43:58.934 D/AudioPolicyManagerBase(   88): setOutputDevice() output 1 device 2 delayMs 0
04-25 23:43:58.934 V/AudioPolicyManagerBase(   88): setOutputDevice() setting same device 2 or null device for output 1
04-25 23:43:58.934 E/AudioPolicyManagerBase(   88): checkAndSetVolume stream=1, index=0, output=1, device=2
04-25 23:43:58.934 E/AudioPolicyManagerBase(   88): computeVolume, streamDesc=0xaa0bb8
04-25 23:43:58.974 W/AudioFlinger(   88): Thread AudioOut_1 cannot connect to the power manager service
04-25 23:43:58.974 V/AudioPolicyManagerBase(   88): stopOutput() output 1, stream 1, session 4
04-25 23:43:58.974 V/AudioPolicyManagerBase(   88): changeRefCount() stream 1, count 0
04-25 23:43:58.974 V/AudioPolicyManagerBase(   88): getNewDevice() selected device 0
04-25 23:43:58.974 D/AudioPolicyManagerBase(   88): setOutputDevice() output 1 device 0 delayMs 290
04-25 23:43:58.974 V/AudioPolicyManagerBase(   88): setOutputDevice() setting same device 0 or null device for output 1
04-25 23:43:58.984 V/AudioPolicyManagerBase(   88): startOutput() output 1, stream 1, session 4
04-25 23:43:58.984 V/AudioPolicyManagerBase(   88): changeRefCount() stream 1, count 1
04-25 23:43:58.984 V/AudioPolicyManagerBase(   88): getDeviceForStrategy() from cache strategy 0, device 2
04-25 23:43:58.984 V/AudioPolicyManagerBase(   88): getNewDevice() selected device 2
04-25 23:43:58.984 D/AudioPolicyManagerBase(   88): setOutputDevice() output 1 device 2 delayMs 0
04-25 23:43:58.984 V/AudioPolicyManagerBase(   88): setOutputDevice() setting same device 2 or null device for output 1
04-25 23:43:58.984 E/AudioPolicyManagerBase(   88): checkAndSetVolume stream=1, index=0, output=1, device=2
04-25 23:43:58.984 E/AudioPolicyManagerBase(   88): computeVolume, streamDesc=0xaa0bb8
04-25 23:43:58.984 V/AudioPolicyManagerBase(   88): stopOutput() output 1, stream 1, session 4
04-25 23:43:58.984 V/AudioPolicyManagerBase(   88): changeRefCount() stream 1, count 0
04-25 23:43:58.984 V/AudioPolicyManagerBase(   88): getNewDevice() selected device 0
04-25 23:43:58.984 D/AudioPolicyManagerBase(   88): setOutputDevice() output 1 device 0 delayMs 290
04-25 23:43:58.984 V/AudioPolicyManagerBase(   88): setOutputDevice() setting same device 0 or null device for output 1
04-25 23:43:59.004 V/AudioPolicyManagerBase(   88): releaseOutput() 1
04-25 23:43:59.124 I/Gonk    (   83): Setting nice for pid 1371 to 18
04-25 23:43:59.124 I/Gonk    (   83): Changed nice for pid 1371 from 18 to 18.
04-25 23:43:59.124 I/Gecko   (   83): [Parent 83] WARNING: waitpid failed pid:1371 errno:10: file ../../../gecko/ipc/chromium/src/base/process_util_posix.cc, line 254
04-25 23:43:59.144 I/Gonk    (   83): Setting nice for pid 1371 to 1
04-25 23:43:59.144 I/Gonk    (   83): Changed nice for pid 1371 from 18 to 1.
04-25 23:43:59.184 E/GeckoConsole(   83): Content JS LOG at dummy file:334 in GaiaApps.launch: launching app with name 'Puzzle generator'
04-25 23:43:59.254 E/[Gralloc-ERROR](   83): int gralloc_register_buffer(const gralloc_module_t*, const native_handle_t*):79 Unable to register handle 0x4931a650 coming from different process: 83
04-25 23:43:59.264 E/[Gralloc-ERROR](   83): int gralloc_register_buffer(const gralloc_module_t*, const native_handle_t*):79 Unable to register handle 0x4931a740 coming from different process: 83
04-25 23:43:59.294 E/[Gralloc-ERROR](   83): int gralloc_register_buffer(const gralloc_module_t*, const native_handle_t*):79 Unable to register handle 0x4931a7e0 coming from different process: 83
04-25 23:43:59.304 E/[Gralloc-ERROR](   83): int gralloc_register_buffer(const gralloc_module_t*, const native_handle_t*):79 Unable to register handle 0x4931aba0 coming from different process: 83
04-25 23:43:59.504 D/Sensors (   83): activate handle=0; drv=0
04-25 23:43:59.524 D/Sensors (   83): Lis3dhSensor: Control set 1
04-25 23:43:59.524 D/Sensors (   83): Lis3dhSensor: mEnabled = 1
04-25 23:43:59.564 I/Gonk    (   83): Setting nice for pid 1363 to 18
04-25 23:43:59.564 I/Gonk    (   83): Changed nice for pid 1363 from 1 to 18.
04-25 23:44:00.124 I/Gonk    (   83): Setting nice for pid 1422 to 18
04-25 23:44:00.124 I/Gonk    (   83): Changed nice for pid 1422 from 0 to 18.
04-25 23:44:00.354 I/log     ( 1430): <4>0[ 566.784393] select 1363 (Homescreen), adj 8, size 7531, to kill 
04-25 23:44:00.694 I/Gecko   ( 1371): ###################################### forms.js loaded
04-25 23:44:00.724 I/Gecko   ( 1371): ############################### browserElementPanning.js loaded
04-25 23:44:00.744 I/Gecko   ( 1371): ######################## BrowserElementChildPreload.js loaded
04-25 23:44:01.044 W/WifiHW  (   83): wifi_command: SIGNAL_POLL
04-25 23:44:01.304 I/Gecko   (   83): 
04-25 23:44:01.304 I/Gecko   (   83): ###!!! [Parent][MessageChannel] Error: Channel error: cannot send/recv
04-25 23:44:01.304 I/Gecko   (   83): 
04-25 23:44:01.364 I/Gecko   (   83): [Parent 83] WARNING: waitpid failed pid:1363 errno:10: file ../../../gecko/ipc/chromium/src/base/process_util_posix.cc, line 254
04-25 23:44:01.454 E/GeckoConsole( 1371): [JavaScript Warning: "Error in parsing value for 'background'.  Declaration dropped." {file: "app://{55ff2285-1a32-444a-b89b-720f1317a443}/css/main.css" line: 25 column: 13 source: "	background: -webkit-linear-gradient(top, #4c4c4c 0%, #595959 12%, #666666 25%, #474747 39%, #2c2c2c 50%, #000000 51%, #111111 60%, #2b2b2b 76%, #1c1c1c 91%, #131313 100%);"}]
04-25 23:44:01.694 I/Gonk    (   83): Setting nice for pid 1422 to 18
04-25 23:44:01.694 I/Gonk    (   83): Changed nice for pid 1422 from 18 to 18.
04-25 23:44:01.694 I/Gecko   (   83): [Parent 83] WARNING: waitpid failed pid:1422 errno:10: file ../../../gecko/ipc/chromium/src/base/process_util_posix.cc, line 254
04-25 23:44:01.704 I/Gonk    (   83): Setting nice for pid 1422 to 1
04-25 23:44:01.704 I/Gonk    (   83): Changed nice for pid 1422 from 18 to 1.
04-25 23:44:01.704 I/Gonk    (   83): Setting nice for pid 1422 to 18
04-25 23:44:01.704 I/Gonk    (   83): Changed nice for pid 1422 from 1 to 18.
04-25 23:44:01.914 E/[Gralloc-ERROR](   83): int gralloc_unregister_buffer(const gralloc_module_t*, const native_handle_t*):274 Trying to unregister buffer 0x4931a650 from process 83 that was not created in current process: 83
04-25 23:44:01.924 I/Gecko   (   83): 1398494641926	Marionette	INFO	sendToClient: {"from":"0","value":{"frame":{"ELEMENT":"{6e7a0cfa-db33-4630-84e8-42e22ad2cd56}"},"src":"app://{55ff2285-1a32-444a-b89b-720f1317a443}/index.html","name":"Puzzle generator","origin":"app://{55ff2285-1a32-444a-b89b-720f1317a443}"}}, {46ea3a54-9ad5-4758-b1ae-c127e9073035}, {46ea3a54-9ad5-4758-b1ae-c127e9073035}
04-25 23:44:01.924 E/GeckoConsole(   83): Content JS LOG at dummy file:326 in GaiaApps.launch/appOpen/<: app with origin 'app://{55ff2285-1a32-444a-b89b-720f1317a443}' has launched
04-25 23:44:01.934 E/[Gralloc-ERROR](   83): int gralloc_unregister_buffer(const gralloc_module_t*, const native_handle_t*):274 Trying to unregister buffer 0x4931a740 from process 83 that was not created in current process: 83
04-25 23:44:01.934 E/[Gralloc-ERROR](   83): int gralloc_unregister_buffer(const gralloc_module_t*, const native_handle_t*):274 Trying to unregister buffer 0x4931a7e0 from process 83 that was not created in current process: 83
04-25 23:44:01.934 E/[Gralloc-ERROR](   83): int gralloc_unregister_buffer(const gralloc_module_t*, const native_handle_t*):274 Trying to unregister buffer 0x4931aba0 from process 83 that was not created in current process: 83
04-25 23:44:01.934 I/Gecko   (   83): 1398494641945	Marionette	DEBUG	Got request: switchToFrame, data: {"to":"0","sessionId":"3-b2g","name":"switchToFrame","parameters":{"focus":true,"element":"{6e7a0cfa-db33-4630-84e8-42e22ad2cd56}"}}, id: {3e995148-4ab7-47ea-8cfb-09ce52fa9d89}
04-25 23:44:01.954 I/Gecko   (   83): 1398494641961	Marionette	INFO	Switched to frame: {"frameValue":"{6e7a0cfa-db33-4630-84e8-42e22ad2cd56}"}
04-25 23:44:01.964 I/Gecko   (   83): 1398494641967	Marionette	INFO	trying remote frame 0
04-25 23:44:01.964 I/Gecko   (   83): 1398494641968	Marionette	INFO	trying remote frame 1
04-25 23:44:01.964 I/Gecko   (   83): 1398494641969	Marionette	INFO	trying remote frame 2
04-25 23:44:01.964 I/Gecko   (   83): 1398494641975	Marionette	INFO	deleting frame
04-25 23:44:01.974 I/Gecko   (   83): 1398494641981	Marionette	INFO	frame-manager load script: [object ChromeMessageSender]
04-25 23:44:03.024 I/Gecko   (   83): 1398494643030	Marionette	INFO	sendToClient: {"from":"0","ok":true}, {3e995148-4ab7-47ea-8cfb-09ce52fa9d89}, {3e995148-4ab7-47ea-8cfb-09ce52fa9d89}
04-25 23:44:03.144 I/Gecko   (   83): 1398494643152	Marionette	INFO	sendToClient: {"from":"0","value":"app://{55ff2285-1a32-444a-b89b-720f1317a443}/index.html"}, {742b99fc-ad7b-43ad-be59-62d4e3680e08}, {742b99fc-ad7b-43ad-be59-62d4e3680e08}
04-25 23:44:03.154 I/Gecko   (   83): 1398494643160	Marionette	DEBUG	Got request: execute, data: {"to":"0","sessionId":"3-b2g","name":"executeScript","parameters":{"specialPowers":false,"scriptTimeout":null,"newSandbox":true,"args":[],"filename":"app_checker.py","script":"return window.document.readyState;","line":191}}, id: {8eabc9da-eab9-47a6-a0f9-15ec4bd215d2}
04-25 23:44:03.204 I/Gecko   (   83): 1398494643210	Marionette	INFO	sendToClient: {"from":"0","value":"complete"}, {8eabc9da-eab9-47a6-a0f9-15ec4bd215d2}, {8eabc9da-eab9-47a6-a0f9-15ec4bd215d2}
04-25 23:44:03.214 I/Gecko   (   83): 1398494643220	Marionette	INFO	sendToClient: {"from":"0","value":"app://{55ff2285-1a32-444a-b89b-720f1317a443}/index.html"}, {5650c54d-f697-48ff-9d66-66ded93d8d69}, {5650c54d-f697-48ff-9d66-66ded93d8d69}
04-25 23:44:03.224 I/Gecko   ( 1371): Attempting load of libEGL.so
04-25 23:44:03.274 D/libEGL  ( 1371): loaded /system/lib/egl/libEGL_mali.so
04-25 23:44:03.304 D/libEGL  ( 1371): loaded /system/lib/egl/libGLESv1_CM_mali.so
04-25 23:44:03.304 D/libEGL  ( 1371): loaded /system/lib/egl/libGLESv2_mali.so
04-25 23:44:03.374 I/Gecko   (   83): [Parent 83] WARNING: waitpid failed pid:1363 errno:10: file ../../../gecko/ipc/chromium/src/base/process_util_posix.cc, line 254
04-25 23:44:03.374 I/Gecko   (   83): [Parent 83] WARNING: Failed to deliver SIGKILL to 1363!(3).: file ../../../gecko/ipc/chromium/src/chrome/common/process_watcher_posix_sigchld.cc, line 118
04-25 23:44:03.384 I/Gecko   ( 1371): SharedSurface_Gralloc::Create -------
04-25 23:44:03.434 I/Gecko   ( 1371): SharedSurface_Gralloc::Create: success -- surface 0x43d7eb40, GraphicBuffer 0x43f64100.
04-25 23:44:04.894 I/Gecko   (   83): 1398494644868	Marionette	INFO	sendToClient: {"from":"0","value":"iVBORw0KGgoAAAANSUhEUgAAAUAAAAHMCAYAAACk4nEJAAAgAElEQVR4nOy9W3QT5f7/34t94QUXXHjRCy/sWlzQtbgga3lB9pfv/v4zWLSDqB1atQNV61ixxqI1VHeM8VBCNoZQtMaKJRStO6hoqrIpCKUI4i6ykXIUUdhsOSiHUqqUBkHl/b94ZiYzyRyeOaTF/aNrvVcgaafJJPPq+3N4Pk9Ryc2lUGmCTU3MqtRQHrUm2dRktTyG8mZ1i0uaki+voZispiqkdZ8T+YgYUWaPa4tVyPh7vSZSH8u6zI/v3mvRek1597n1Phl9FqYwhp8lrc+ea59r5bVicE3lXn+2r+NcHhiwQ8kY25zKUZEr8FMA0Bh+pQWBnzEAve4D0BL8GH34uS0NKDiD338bAK1DUPO1FvI9zP28jDYEc68XWgC6BkFjfhQOgC44P2r3Z/dEWXJ+Gm+mi+CjdnuFBB8FDGzBokwhhwBTHcuO3Pz9mhC0BkZN6I8KCPVhmAdE1yFoAYROrm2rLtAFEBaNDvjchx91yGsXfjp/ZW2FuaMMPboLuwCw+qNI6zXrukTj8zgqMMwDosXw2A4ULUAwD4QFhqCbILQOQGrw5Vpbd+BnDD6PfeC54fQKAbmc+yyFfGVaF+7/g8BzCkg7KQGj93KUwmRXnSEFBD2uQ9AciE5BaA2AdgsdduFnqdAxWvBzAXgmF4pZLsoS1K5Dr3BwpAChrlt0E5AmMBwzCDqBoQUIGhZITMBID8D/F6q8hvBzyenlXBjWcnQ2wtexBl+5Q4018KhAaA5Es7ysKy7RAITuQ9BCSDyWVWITd2gZgP+1VV5d+DEFgx+9wzOAX6HB9UcHYKFBeq1VmQ3CY1cg+EerErsNQG0IugA9wzxf4RzeqBc4rIa0WvdrXYCFBuEfVYUGnyYMad7LQsOPLi845g6xQDDMyw0WzgG6C798AB
04-25 23:44:05.204 I/Gecko   (   83): 
04-25 23:44:05.204 I/Gecko   (   83): ###!!! [Parent][MessageChannel] Error: Channel error: cannot send/recv
04-25 23:44:05.204 I/Gecko   (   83): 
04-25 23:44:05.344 I/Gecko   (   83): 1398494645352	Marionette	INFO	sendToClient: {"from":"0","ok":true}, {c434ab37-843d-412d-8b09-29c664af046e}, {c434ab37-843d-412d-8b09-29c664af046e}
04-25 23:44:05.354 I/Gecko   (   83): [Parent 83] WARNING: waitpid failed pid:1422 errno:10: file ../../../gecko/ipc/chromium/src/base/process_util_posix.cc, line 254
04-25 23:44:05.374 I/Gecko   (   83): 1398494645384	Marionette	DEBUG	Got request: switchToFrame, data: {"to":"0","sessionId":"3-b2g","name":"switchToFrame","parameters":{"id":null,"focus":true}}, id: {07ae6c7e-5a30-4d3f-b31f-5255a54d5578}
04-25 23:44:05.394 I/Gecko   (   83): 1398494645399	Marionette	INFO	Switched to frame: {"frameValue":null}
04-25 23:44:05.494 I/Gecko   (   83): 1398494645502	Marionette	INFO	sendToClient: {"from":"0","ok":true}, {07ae6c7e-5a30-4d3f-b31f-5255a54d5578}, {07ae6c7e-5a30-4d3f-b31f-5255a54d5578}
04-25 23:44:05.504 I/Gecko   (   83): 1398494645509	Marionette	DEBUG	Got request: executeWithCallback, data: {"to":"0","sessionId":"3-b2g","name":"executeAsyncScript","parameters":{"specialPowers":false,"scriptTimeout":null,"newSandbox":true,"args":[],"filename":"gaia_test.py","script":"return GaiaApps.displayedApp();","line":66}}, id: {ca4f5ec9-9b80-4a03-a6de-894f9d410280}
04-25 23:44:05.544 I/Gecko   (   83): 1398494645550	Marionette	INFO	sendToClient: {"from":"0","value":{"frame":{"ELEMENT":"{6e7a0cfa-db33-4630-84e8-42e22ad2cd56}"},"src":"app://{55ff2285-1a32-444a-b89b-720f1317a443}/index.html","name":"Puzzle generator","origin":"app://{55ff2285-1a32-444a-b89b-720f1317a443}"}}, {ca4f5ec9-9b80-4a03-a6de-894f9d410280}, {ca4f5ec9-9b80-4a03-a6de-894f9d410280}
04-25 23:44:05.544 I/Gecko   (   83): 1398494645556	Marionette	DEBUG	Got request: switchToFrame, data: {"to":"0","sessionId":"3-b2g","name":"switchToFrame","parameters":{"id":null,"focus":true}}, id: {e024782b-eb07-4a14-9ebd-fb39b95434e0}
04-25 23:44:05.554 I/Gecko   (   83): 1398494645558	Marionette	INFO	Switched to frame: {"frameValue":null}
04-25 23:44:05.554 E/GeckoConsole(   83): Content JS LOG at dummy file:392 in GaiaApps.displayedApp: app with origin 'app://{55ff2285-1a32-444a-b89b-720f1317a443}' is displayed
04-25 23:44:05.654 I/Gecko   (   83): 1398494645661	Marionette	INFO	sendToClient: {"from":"0","ok":true}, {e024782b-eb07-4a14-9ebd-fb39b95434e0}, {e024782b-eb07-4a14-9ebd-fb39b95434e0}
04-25 23:44:05.664 I/Gecko   (   83): 1398494645669	Marionette	DEBUG	Got request: execute, data: {"to":"0","sessionId":"3-b2g","name":"executeScript","parameters":{"specialPowers":false,"scriptTimeout":null,"newSandbox":true,"args":[],"filename":"gaia_test.py","script":"window.wrappedJSObject.dispatchEvent(new Event('home'));","line":788}}, id: {1239c766-2c44-4c38-b3cc-af5bfac896bf}
04-25 23:44:05.744 D/Sensors (   83): activate handle=0; drv=0
04-25 23:44:05.754 D/Sensors (   83): Lis3dhSensor: Control set 0
04-25 23:44:05.754 D/Sensors (   83): Lis3dhSensor: mEnabled = 0
04-25 23:44:05.774 I/Gecko   (   83): 1398494645781	Marionette	INFO	sendToClient: {"from":"0","value":null}, {1239c766-2c44-4c38-b3cc-af5bfac896bf}, {1239c766-2c44-4c38-b3cc-af5bfac896bf}
04-25 23:44:05.914 I/Gonk    (   83): Setting nice for pid 1442 to 18
04-25 23:44:05.914 I/Gonk    (   83): Changed nice for pid 1442 from 0 to 18.
04-25 23:44:05.944 I/Gonk    (   83): Setting nice for pid 1442 to 18
04-25 23:44:05.944 I/Gonk    (   83): Changed nice for pid 1442 from 18 to 18.
04-25 23:44:05.944 I/Gecko   (   83): [Parent 83] WARNING: waitpid failed pid:1442 errno:10: file ../../../gecko/ipc/chromium/src/base/process_util_posix.cc, line 254
04-25 23:44:05.944 I/Gonk    (   83): Setting nice for pid 1442 to 1
04-25 23:44:05.944 I/Gonk    (   83): Changed nice for pid 1442 from 18 to 1.
04-25 23:44:05.974 I/Gecko   (   83): 1398494645977	Marionette	DEBUG	Got request: switchToFrame, data: {"to":"0","sessionId":"3-b2g","name":"switchToFrame","parameters":{"id":null,"focus":true}}, id: {0e8b70a9-35a7-491a-976c-ae56753327e3}
04-25 23:44:05.974 I/Gecko   (   83): 1398494645979	Marionette	INFO	Switched to frame: {"frameValue":null}
04-25 23:44:06.064 W/WifiHW  (   83): wifi_command: SIGNAL_POLL
04-25 23:44:06.074 I/Gecko   (   83): 1398494646084	Marionette	INFO	sendToClient: {"from":"0","ok":true}, {0e8b70a9-35a7-491a-976c-ae56753327e3}, {0e8b70a9-35a7-491a-976c-ae56753327e3}
04-25 23:44:06.094 I/Gecko   (   83): 1398494646103	Marionette	DEBUG	Got request: executeWithCallback, data: {"to":"0","sessionId":"3-b2g","name":"executeAsyncScript","parameters":{"specialPowers":false,"scriptTimeout":null,"newSandbox":true,"args":[],"filename":"gaia_test.py","script":"return GaiaApps.displayedApp();","line":66}}, id: {d442586e-2fd8-4b47-823d-d45032f702b8}
04-25 23:44:06.234 E/GeckoConsole(   83): Content JS LOG at dummy file:392 in GaiaApps.displayedApp: app with origin 'app://homescreen.gaiamobile.org' is displayed
04-25 23:44:06.244 I/Gecko   (   83): 1398494646247	Marionette	INFO	sendToClient: {"from":"0","value":{"frame":{"ELEMENT":"{fad38d7e-4192-48d1-9043-43f55ee54367}"},"src":"app://homescreen.gaiamobile.org/index.html#root","name":"Homescreen","origin":"app://homescreen.gaiamobile.org"}}, {d442586e-2fd8-4b47-823d-d45032f702b8}, {d442586e-2fd8-4b47-823d-d45032f702b8}
04-25 23:44:06.264 I/Gecko   (   83): 1398494646269	Marionette	DEBUG	Got request: switchToFrame, data: {"to":"0","sessionId":"3-b2g","name":"switchToFrame","parameters":{"id":null,"focus":true}}, id: {d50d052c-240d-42f1-9d03-f0c8441499a9}
04-25 23:44:06.264 I/Gecko   (   83): 1398494646271	Marionette	INFO	Switched to frame: {"frameValue":null}
04-25 23:44:06.374 I/Gecko   (   83): 1398494646379	Marionette	INFO	sendToClient: {"from":"0","ok":true}, {d50d052c-240d-42f1-9d03-f0c8441499a9}, {d50d052c-240d-42f1-9d03-f0c8441499a9}
04-25 23:44:06.394 I/Gecko   (   83): 1398494646386	Marionette	DEBUG	Got request: switchToFrame, data: {"to":"0","sessionId":"3-b2g","name":"switchToFrame","parameters":{"id":null,"focus":true}}, id: {131e5dcc-f0bd-42ff-af5f-b0c23c564211}
04-25 23:44:06.394 I/Gecko   (   83): 1398494646399	Marionette	INFO	Switched to frame: {"frameValue":null}
04-25 23:44:06.494 I/Gecko   (   83): 1398494646502	Marionette	INFO	sendToClient: {"from":"0","ok":true}, {131e5dcc-f0bd-42ff-af5f-b0c23c564211}, {131e5dcc-f0bd-42ff-af5f-b0c23c564211}
04-25 23:44:06.504 I/Gecko   (   83): 1398494646509	Marionette	DEBUG	Got request: executeWithCallback, data: {"to":"0","sessionId":"3-b2g","name":"executeAsyncScript","parameters":{"specialPowers":false,"scriptTimeout":null,"newSandbox":true,"args":[],"filename":"gaia_test.py","script":"return GaiaApps.displayedApp();","line":66}}, id: {241113fe-5577-4b40-bc6f-10a241649c15}
04-25 23:44:06.594 E/GeckoConsole(   83): Content JS LOG at dummy file:392 in GaiaApps.displayedApp: app with origin 'app://homescreen.gaiamobile.org' is displayed
04-25 23:44:06.604 I/Gecko   (   83): 1398494646607	Marionette	INFO	sendToClient: {"from":"0","value":{"frame":{"ELEMENT":"{fad38d7e-4192-48d1-9043-43f55ee54367}"},"src":"app://homescreen.gaiamobile.org/index.html#root","name":"Homescreen","origin":"app://homescreen.gaiamobile.org"}}, {241113fe-5577-4b40-bc6f-10a241649c15}, {241113fe-5577-4b40-bc6f-10a241649c15}
04-25 23:44:06.604 I/Gecko   (   83): 1398494646613	Marionette	DEBUG	Got request: switchToFrame, data: {"to":"0","sessionId":"3-b2g","name":"switchToFrame","parameters":{"focus":true,"element":"{fad38d7e-4192-48d1-9043-43f55ee54367}"}}, id: {83ab06af-7918-44af-92ac-3bf7d789392c}
04-25 23:44:06.644 I/Gecko   (   83): 1398494646654	Marionette	INFO	Switched to frame: {"frameValue":"{fad38d7e-4192-48d1-9043-43f55ee54367}"}
04-25 23:44:06.654 I/Gecko   (   83): 1398494646664	Marionette	INFO	trying remote frame 0
04-25 23:44:06.654 I/Gecko   (   83): 1398494646665	Marionette	INFO	trying remote frame 1
04-25 23:44:06.654 I/Gecko   (   83): 1398494646666	Marionette	INFO	trying remote frame 2
04-25 23:44:06.664 I/Gecko   (   83): 1398494646667	Marionette	INFO	deleting frame
04-25 23:44:06.664 I/Gecko   (   83): 1398494646672	Marionette	INFO	frame-manager load script: [object ChromeMessageSender]
04-25 23:44:06.844 I/Gonk    (   83): Setting nice for pid 1450 to 18
04-25 23:44:06.844 I/Gonk    (   83): Changed nice for pid 1450 from 0 to 18.
04-25 23:44:07.354 I/Gecko   (   83): [Parent 83] WARNING: waitpid failed pid:1422 errno:10: file ../../../gecko/ipc/chromium/src/base/process_util_posix.cc, line 254
04-25 23:44:07.354 I/Gecko   (   83): [Parent 83] WARNING: Failed to deliver SIGKILL to 1422!(3).: file ../../../gecko/ipc/chromium/src/chrome/common/process_watcher_posix_sigchld.cc, line 118
04-25 23:44:08.314 I/Gonk    (   83): Setting nice for pid 1371 to 18
04-25 23:44:08.324 I/Gonk    (   83): Changed nice for pid 1371 from 1 to 18.
04-25 23:44:08.954 I/Gecko   (   83): [Parent 83] WARNING: pipe error (137): Connection reset by peer: file ../../../gecko/ipc/chromium/src/chrome/common/ipc_channel_posix.cc, line 446
04-25 23:44:08.994 I/Gecko   (   83): 
04-25 23:44:08.994 I/Gecko   (   83): ###!!! [Parent][MessageChannel] Error: Channel error: cannot send/recv
04-25 23:44:08.994 I/Gecko   (   83): 
04-25 23:44:09.074 I/Gecko   (   83): [Parent 83] WARNING: waitpid failed pid:1371 errno:10: file ../../../gecko/ipc/chromium/src/base/process_util_posix.cc, line 254
04-25 23:44:09.254 I/Gecko   ( 1442): ###################################### forms.js loaded
04-25 23:44:09.274 I/Gecko   ( 1442): ############################### browserElementPanning.js loaded
04-25 23:44:09.294 I/Gecko   ( 1442): ######################## BrowserElementChildPreload.js loaded
04-25 23:44:10.194 I/Gecko   (   83): 1398494650202	Marionette	INFO	sendToClient: {"from":"0","ok":true}, {83ab06af-7918-44af-92ac-3bf7d789392c}, {83ab06af-7918-44af-92ac-3bf7d789392c}
04-25 23:44:10.584 I/Gecko   (   83): 1398494650590	Marionette	INFO	sendToClient: {"from":"0","value":"app://homescreen.gaiamobile.org/index.html#root"}, {0bd4c889-23d7-4a12-acc5-ccfef804965b}, {0bd4c889-23d7-4a12-acc5-ccfef804965b}
04-25 23:44:10.594 I/Gecko   (   83): 1398494650598	Marionette	DEBUG	Got request: switchToFrame, data: {"to":"0","sessionId":"3-b2g","name":"switchToFrame","parameters":{"id":null,"focus":true}}, id: {34dac67f-03be-43f4-87a1-79d7aedcd960}
04-25 23:44:10.644 I/Gecko   (   83): 1398494650655	Marionette	INFO	Switched to frame: {"frameValue":null}
04-25 23:44:10.754 I/Gecko   (   83): 1398494650759	Marionette	INFO	sendToClient: {"from":"0","ok":true}, {34dac67f-03be-43f4-87a1-79d7aedcd960}, {34dac67f-03be-43f4-87a1-79d7aedcd960}
04-25 23:44:10.754 I/Gecko   (   83): 1398494650765	Marionette	DEBUG	Got request: switchToFrame, data: {"to":"0","sessionId":"3-b2g","name":"switchToFrame","parameters":{"id":null,"focus":true}}, id: {64f7aedc-3e1d-4aa6-90d8-ed1461de7a93}
04-25 23:44:10.764 I/Gecko   (   83): 1398494650771	Marionette	INFO	Switched to frame: {"frameValue":null}
04-25 23:44:10.874 I/Gecko   (   83): 1398494650878	Marionette	INFO	sendToClient: {"from":"0","ok":true}, {64f7aedc-3e1d-4aa6-90d8-ed1461de7a93}, {64f7aedc-3e1d-4aa6-90d8-ed1461de7a93}
04-25 23:44:10.874 I/Gecko   (   83): 1398494650885	Marionette	DEBUG	Got request: executeWithCallback, data: {"to":"0","sessionId":"3-b2g","name":"executeAsyncScript","parameters":{"specialPowers":false,"scriptTimeout":null,"newSandbox":true,"args":[],"filename":"gaia_test.py","script":"GaiaApps.killAll()","line":91}}, id: {93c8eaf2-fde2-4adc-bd45-2d6c70ea599f}
04-25 23:44:10.944 I/Gecko   (   83): 1398494650952	Marionette	INFO	sendToClient: {"from":"0","value":true}, {93c8eaf2-fde2-4adc-bd45-2d6c70ea599f}, {93c8eaf2-fde2-4adc-bd45-2d6c70ea599f}
04-25 23:44:10.954 I/Gecko   (   83): 1398494650959	Marionette	DEBUG	Got request: switchToFrame, data: {"to":"0","sessionId":"3-b2g","name":"switchToFrame","parameters":{"id":null,"focus":true}}, id: {ec8582c4-c8a5-420c-87a2-99f5a14b3242}
04-25 23:44:10.954 I/Gecko   (   83): 1398494650961	Marionette	INFO	Switched to frame: {"frameValue":null}
04-25 23:44:11.074 W/WifiHW  (   83): wifi_command: SIGNAL_POLL
04-25 23:44:11.084 I/Gecko   (   83): [Parent 83] WARNING: waitpid failed pid:1371 errno:10: file ../../../gecko/ipc/chromium/src/base/process_util_posix.cc, line 254
04-25 23:44:11.084 I/Gecko   (   83): [Parent 83] WARNING: Failed to deliver SIGKILL to 1371!(3).: file ../../../gecko/ipc/chromium/src/chrome/common/process_watcher_posix_sigchld.cc, line 118
04-25 23:44:11.094 I/Gecko   (   83): 1398494651097	Marionette	INFO	sendToClient: {"from":"0","ok":true}, {ec8582c4-c8a5-420c-87a2-99f5a14b3242}, {ec8582c4-c8a5-420c-87a2-99f5a14b3242}
04-25 23:44:11.124 I/Gecko   (   83): 1398494651127	Marionette	DEBUG	Got request: executeWithCallback, data: {"to":"0","sessionId":"3-b2g","name":"executeAsyncScript","parameters":{"specialPowers":false,"scriptTimeout":60000,"newSandbox":true,"args":[],"filename":"app_checker.py","script":"\n        GaiaApps.locateWithManifestURL('https://marketplace.firefox.com/app/87bf2bf0-05a8-46c2-a624-1fca42192cb9/manifest.webapp',\n                                       null,\n                                       function uninstall(app) {\n                                       navigator.mozApps.mgmt.uninstall(app);\n                                       marionetteScriptFinished(true);\n                                       });\n        ","line":129}}, id: {a4f6acff-bf56-44df-af80-4ed5a254b64f}
04-25 23:44:11.284 I/Gecko   (   83): -- webapps.js uninstall https://marketplace.firefox.com/app/87bf2bf0-05a8-46c2-a624-1fca42192cb9/manifest.webapp
04-25 23:44:11.604 I/Gecko   (   83): 1398494651613	Marionette	INFO	sendToClient: {"from":"0","value":true}, {a4f6acff-bf56-44df-af80-4ed5a254b64f}, {a4f6acff-bf56-44df-af80-4ed5a254b64f}