--------- beginning of /dev/log/main
04-26 21:39:14.790 I/Gecko   (   83): 1398573554801	Marionette	INFO	sendToClient: {"from":"0","ok":true}, {2a3c7b3d-8c34-47fb-9a76-b7e439d052e3}, {2a3c7b3d-8c34-47fb-9a76-b7e439d052e3}
04-26 21:39:14.810 I/Gecko   (   83): 1398573554829	Marionette	DEBUG	Got request: switchToFrame, data: {"to":"0","sessionId":"3-b2g","name":"switchToFrame","parameters":{"id":null,"focus":true}}, id: {ea9ed5c0-6568-4dd9-91f4-6413d71f5dcf}
04-26 21:39:14.830 I/Gecko   (   83): 1398573554843	Marionette	INFO	Switched to frame: {"frameValue":null}
04-26 21:39:14.930 I/Gecko   (   83): 1398573554946	Marionette	INFO	sendToClient: {"from":"0","ok":true}, {ea9ed5c0-6568-4dd9-91f4-6413d71f5dcf}, {ea9ed5c0-6568-4dd9-91f4-6413d71f5dcf}
04-26 21:39:14.940 I/Gecko   (   83): 1398573554957	Marionette	DEBUG	Got request: executeWithCallback, data: {"to":"0","sessionId":"3-b2g","name":"executeAsyncScript","parameters":{"specialPowers":false,"scriptTimeout":null,"newSandbox":true,"args":[],"filename":"gaia_test.py","script":"return GaiaApps.displayedApp();","line":66}}, id: {3a347eb7-13e5-4b0f-a018-dd1a01adcafb}
04-26 21:39:15.030 E/GeckoConsole(   83): Content JS LOG at dummy file:392 in GaiaApps.displayedApp: app with origin 'app://homescreen.gaiamobile.org' is displayed
04-26 21:39:15.040 I/Gecko   (   83): 1398573555052	Marionette	INFO	sendToClient: {"from":"0","value":{"frame":{"ELEMENT":"{c9acfae1-4eea-4c51-a9ae-8b1611b30680}"},"src":"app://homescreen.gaiamobile.org/index.html#root","name":"Homescreen","origin":"app://homescreen.gaiamobile.org"}}, {3a347eb7-13e5-4b0f-a018-dd1a01adcafb}, {3a347eb7-13e5-4b0f-a018-dd1a01adcafb}
04-26 21:39:15.050 I/Gecko   (   83): 1398573555063	Marionette	DEBUG	Got request: switchToFrame, data: {"to":"0","sessionId":"3-b2g","name":"switchToFrame","parameters":{"id":null,"focus":true}}, id: {332127b6-f076-4e2b-9fac-c233b797c030}
04-26 21:39:15.050 I/Gecko   (   83): 1398573555065	Marionette	INFO	Switched to frame: {"frameValue":null}
04-26 21:39:15.160 I/Gecko   (   83): 1398573555175	Marionette	INFO	sendToClient: {"from":"0","ok":true}, {332127b6-f076-4e2b-9fac-c233b797c030}, {332127b6-f076-4e2b-9fac-c233b797c030}
04-26 21:39:15.170 I/Gecko   (   83): 1398573555182	Marionette	DEBUG	Got request: switchToFrame, data: {"to":"0","sessionId":"3-b2g","name":"switchToFrame","parameters":{"id":null,"focus":true}}, id: {b309f5a5-6d6d-4085-b640-e29ea7268e98}
04-26 21:39:15.180 I/Gecko   (   83): 1398573555192	Marionette	INFO	Switched to frame: {"frameValue":null}
04-26 21:39:15.280 I/Gecko   (   83): 1398573555295	Marionette	INFO	sendToClient: {"from":"0","ok":true}, {b309f5a5-6d6d-4085-b640-e29ea7268e98}, {b309f5a5-6d6d-4085-b640-e29ea7268e98}
04-26 21:39:15.290 I/Gecko   (   83): 1398573555302	Marionette	DEBUG	Got request: executeWithCallback, data: {"to":"0","sessionId":"3-b2g","name":"executeAsyncScript","parameters":{"specialPowers":false,"scriptTimeout":null,"newSandbox":true,"args":[],"filename":"gaia_test.py","script":"return GaiaApps.displayedApp();","line":66}}, id: {4264592a-e94b-45e5-a03b-dced366acc6b}
04-26 21:39:15.340 I/Gecko   (   83): 1398573555356	Marionette	INFO	sendToClient: {"from":"0","value":{"frame":{"ELEMENT":"{c9acfae1-4eea-4c51-a9ae-8b1611b30680}"},"src":"app://homescreen.gaiamobile.org/index.html#root","name":"Homescreen","origin":"app://homescreen.gaiamobile.org"}}, {4264592a-e94b-45e5-a03b-dced366acc6b}, {4264592a-e94b-45e5-a03b-dced366acc6b}
04-26 21:39:15.350 E/GeckoConsole(   83): Content JS LOG at dummy file:392 in GaiaApps.displayedApp: app with origin 'app://homescreen.gaiamobile.org' is displayed
04-26 21:39:15.410 I/Gecko   (   83): 1398573555427	Marionette	DEBUG	Got request: switchToFrame, data: {"to":"0","sessionId":"3-b2g","name":"switchToFrame","parameters":{"focus":true,"element":"{c9acfae1-4eea-4c51-a9ae-8b1611b30680}"}}, id: {7ae8e525-56d2-4b82-89ed-bebf10502e9f}
04-26 21:39:15.440 I/Gecko   (   83): 1398573555456	Marionette	INFO	Switched to frame: {"frameValue":"{c9acfae1-4eea-4c51-a9ae-8b1611b30680}"}
04-26 21:39:15.460 I/Gecko   (   83): 1398573555476	Marionette	INFO	trying remote frame 0
04-26 21:39:15.470 I/Gecko   (   83): 1398573555481	Marionette	INFO	deleting frame
04-26 21:39:15.470 I/Gecko   (   83): 1398573555489	Marionette	INFO	frame-manager load script: [object ChromeMessageSender]
04-26 21:39:15.860 I/Gecko   (   83): 1398573555879	Marionette	INFO	sendToClient: {"from":"0","ok":true}, {7ae8e525-56d2-4b82-89ed-bebf10502e9f}, {7ae8e525-56d2-4b82-89ed-bebf10502e9f}
04-26 21:39:15.960 I/Gecko   (   83): 1398573555977	Marionette	INFO	sendToClient: {"from":"0","value":{"ELEMENT":"{abbc53c0-aaab-4ea1-b80c-dd29ac43f889}"}}, {0eef82c7-efdb-44bd-b636-48ebdba60491}, {0eef82c7-efdb-44bd-b636-48ebdba60491}
04-26 21:39:16.220 E/GeckoConsole( 1281): [JavaScript Warning: "Use of getAttributeNode() is deprecated. Use getAttribute() instead." {file: "chrome://marionette/content/atoms.js" line: 25}]
04-26 21:39:16.220 E/GeckoConsole( 1281): [JavaScript Warning: "Use of attributes' specified attribute is deprecated. It always returns true." {file: "chrome://marionette/content/atoms.js" line: 25}]
04-26 21:39:16.220 I/Gecko   (   83): 1398573556239	Marionette	INFO	sendToClient: {"from":"0","value":"normal"}, {606b86a9-0192-4db9-b1da-f6e304518ab2}, {606b86a9-0192-4db9-b1da-f6e304518ab2}
04-26 21:39:16.230 I/Gecko   (   83): 1398573556246	Marionette	DEBUG	Got request: switchToFrame, data: {"to":"0","sessionId":"3-b2g","name":"switchToFrame","parameters":{"id":null,"focus":true}}, id: {56e7ce3c-7160-43fc-ab3f-b183cb8c4335}
04-26 21:39:16.240 I/Gecko   (   83): 1398573556258	Marionette	INFO	Switched to frame: {"frameValue":null}
04-26 21:39:16.350 I/Gecko   (   83): 1398573556365	Marionette	INFO	sendToClient: {"from":"0","ok":true}, {56e7ce3c-7160-43fc-ab3f-b183cb8c4335}, {56e7ce3c-7160-43fc-ab3f-b183cb8c4335}
04-26 21:39:16.360 I/Gecko   (   83): 1398573556374	Marionette	DEBUG	Got request: execute, data: {"to":"0","sessionId":"3-b2g","name":"executeScript","parameters":{"specialPowers":false,"scriptTimeout":null,"newSandbox":true,"args":[],"filename":"gaia_test.py","script":"window.wrappedJSObject.dispatchEvent(new Event('home'));","line":788}}, id: {0b65ef08-2ee7-4792-89e9-643d2a58bbb0}
04-26 21:39:16.440 I/Gecko   (   83): 1398573556454	Marionette	INFO	sendToClient: {"from":"0","value":null}, {0b65ef08-2ee7-4792-89e9-643d2a58bbb0}, {0b65ef08-2ee7-4792-89e9-643d2a58bbb0}
04-26 21:39:16.450 I/Gecko   (   83): 1398573556467	Marionette	DEBUG	Got request: switchToFrame, data: {"to":"0","sessionId":"3-b2g","name":"switchToFrame","parameters":{"id":null,"focus":true}}, id: {a51e34ce-0c0b-4785-9d45-28d23c3e3816}
04-26 21:39:16.620 I/Gecko   (   83): 1398573556632	Marionette	INFO	Switched to frame: {"frameValue":null}
04-26 21:39:16.730 I/Gecko   (   83): 1398573556742	Marionette	INFO	sendToClient: {"from":"0","ok":true}, {a51e34ce-0c0b-4785-9d45-28d23c3e3816}, {a51e34ce-0c0b-4785-9d45-28d23c3e3816}
04-26 21:39:16.740 I/Gecko   (   83): 1398573556754	Marionette	DEBUG	Got request: switchToFrame, data: {"to":"0","sessionId":"3-b2g","name":"switchToFrame","parameters":{"id":null,"focus":true}}, id: {5d4fa155-c721-4d87-8db8-781ea8e68e5a}
04-26 21:39:16.760 I/Gecko   (   83): 1398573556774	Marionette	INFO	Switched to frame: {"frameValue":null}
04-26 21:39:16.850 V/AudioPolicyManagerBase(   88): startOutput() output 1, stream 1, session 4
04-26 21:39:16.850 V/AudioPolicyManagerBase(   88): changeRefCount() stream 1, count 1
04-26 21:39:16.850 V/AudioPolicyManagerBase(   88): getDeviceForStrategy() from cache strategy 0, device 2
04-26 21:39:16.850 V/AudioPolicyManagerBase(   88): getNewDevice() selected device 2
04-26 21:39:16.850 D/AudioPolicyManagerBase(   88): setOutputDevice() output 1 device 2 delayMs 0
04-26 21:39:16.850 V/AudioPolicyManagerBase(   88): setOutputDevice() setting same device 2 or null device for output 1
04-26 21:39:16.850 E/AudioPolicyManagerBase(   88): checkAndSetVolume stream=1, index=0, output=1, device=2
04-26 21:39:16.850 E/AudioPolicyManagerBase(   88): computeVolume, streamDesc=0x1461bb8
04-26 21:39:16.870 I/Gecko   (   83): 1398573556882	Marionette	INFO	sendToClient: {"from":"0","ok":true}, {5d4fa155-c721-4d87-8db8-781ea8e68e5a}, {5d4fa155-c721-4d87-8db8-781ea8e68e5a}
04-26 21:39:16.870 I/Gecko   (   83): 1398573556889	Marionette	DEBUG	Got request: executeWithCallback, data: {"to":"0","sessionId":"3-b2g","name":"executeAsyncScript","parameters":{"specialPowers":false,"scriptTimeout":null,"newSandbox":true,"args":[],"filename":"gaia_test.py","script":"return GaiaApps.displayedApp();","line":66}}, id: {98256582-31dc-4fe3-9e96-4f9fb5871d02}
04-26 21:39:16.920 W/AudioFlinger(   88): Thread AudioOut_1 cannot connect to the power manager service
04-26 21:39:16.920 V/AudioPolicyManagerBase(   88): stopOutput() output 1, stream 1, session 4
04-26 21:39:16.920 V/AudioPolicyManagerBase(   88): changeRefCount() stream 1, count 0
04-26 21:39:16.920 V/AudioPolicyManagerBase(   88): getNewDevice() selected device 0
04-26 21:39:16.920 D/AudioPolicyManagerBase(   88): setOutputDevice() output 1 device 0 delayMs 290
04-26 21:39:16.920 V/AudioPolicyManagerBase(   88): setOutputDevice() setting same device 0 or null device for output 1
04-26 21:39:16.930 V/AudioPolicyManagerBase(   88): startOutput() output 1, stream 1, session 4
04-26 21:39:16.930 V/AudioPolicyManagerBase(   88): changeRefCount() stream 1, count 1
04-26 21:39:16.930 V/AudioPolicyManagerBase(   88): getDeviceForStrategy() from cache strategy 0, device 2
04-26 21:39:16.930 V/AudioPolicyManagerBase(   88): getNewDevice() selected device 2
04-26 21:39:16.930 D/AudioPolicyManagerBase(   88): setOutputDevice() output 1 device 2 delayMs 0
04-26 21:39:16.930 V/AudioPolicyManagerBase(   88): setOutputDevice() setting same device 2 or null device for output 1
04-26 21:39:16.930 E/AudioPolicyManagerBase(   88): checkAndSetVolume stream=1, index=0, output=1, device=2
04-26 21:39:16.930 E/AudioPolicyManagerBase(   88): computeVolume, streamDesc=0x1461bb8
04-26 21:39:16.940 V/AudioPolicyManagerBase(   88): stopOutput() output 1, stream 1, session 4
04-26 21:39:16.940 V/AudioPolicyManagerBase(   88): changeRefCount() stream 1, count 0
04-26 21:39:16.940 V/AudioPolicyManagerBase(   88): getNewDevice() selected device 0
04-26 21:39:16.940 D/AudioPolicyManagerBase(   88): setOutputDevice() output 1 device 0 delayMs 290
04-26 21:39:16.940 V/AudioPolicyManagerBase(   88): setOutputDevice() setting same device 0 or null device for output 1
04-26 21:39:16.940 V/AudioPolicyManagerBase(   88): releaseOutput() 1
04-26 21:39:16.950 I/Gecko   (   83): 1398573556969	Marionette	INFO	sendToClient: {"from":"0","value":{"frame":{"ELEMENT":"{c9acfae1-4eea-4c51-a9ae-8b1611b30680}"},"src":"app://homescreen.gaiamobile.org/index.html#rootSat%20Apr%2026%202014%2021:39:16%20GMT-0700%20(UTC)","name":"Homescreen","origin":"app://homescreen.gaiamobile.org"}}, {98256582-31dc-4fe3-9e96-4f9fb5871d02}, {98256582-31dc-4fe3-9e96-4f9fb5871d02}
04-26 21:39:16.960 E/GeckoConsole(   83): Content JS LOG at dummy file:392 in GaiaApps.displayedApp: app with origin 'app://homescreen.gaiamobile.org' is displayed
04-26 21:39:16.960 I/Gecko   (   83): 1398573556979	Marionette	DEBUG	Got request: switchToFrame, data: {"to":"0","sessionId":"3-b2g","name":"switchToFrame","parameters":{"focus":true,"element":"{c9acfae1-4eea-4c51-a9ae-8b1611b30680}"}}, id: {c76c2164-cd46-480f-827c-60806fc4a048}
04-26 21:39:16.980 I/Gecko   (   83): 1398573556990	Marionette	INFO	Switched to frame: {"frameValue":"{c9acfae1-4eea-4c51-a9ae-8b1611b30680}"}
04-26 21:39:16.980 I/Gecko   (   83): 1398573556999	Marionette	INFO	trying remote frame 0
04-26 21:39:17.140 I/Gecko   (   83): 1398573557153	Marionette	INFO	sendToClient: {"from":"0","ok":true}, {c76c2164-cd46-480f-827c-60806fc4a048}, {c76c2164-cd46-480f-827c-60806fc4a048}
04-26 21:39:17.150 I/Gecko   (   83): 1398573557161	Marionette	DEBUG	Got request: execute, data: {"to":"0","sessionId":"3-b2g","name":"executeScript","parameters":{"specialPowers":false,"scriptTimeout":null,"newSandbox":true,"args":[],"filename":"gaia_test.py","script":"return window.wrappedJSObject.GridManager.pageHelper.getCurrentPageNumber();","line":784}}, id: {157aab1c-b7d6-448d-8e71-a5a397c89841}
04-26 21:39:17.350 W/WifiHW  (   83): wifi_command: SIGNAL_POLL
04-26 21:39:17.370 I/Gecko   (   83): 1398573557387	Marionette	INFO	sendToClient: {"from":"0","value":0}, {157aab1c-b7d6-448d-8e71-a5a397c89841}, {157aab1c-b7d6-448d-8e71-a5a397c89841}
04-26 21:39:18.790 I/Gecko   (   83): 1398573558808	Marionette	INFO	sendToClient: {"from":"0","value":["{6264224c-12ff-4a1f-8936-b27d5b7966e1}","{cfdb2736-1b36-42a5-a00e-a26423a63681}","{6a7443d1-d291-4053-8218-396328aa344d}","{5c833a1d-7907-425d-aa25-5c8a4a5bba28}","{1fa06477-cdc5-448d-ad8a-f7a9d7913198}","{5f857e90-ee03-41c9-bf0f-7dd546833e7f}","{de0e1a4b-c9b2-4475-b293-d4a6ede354e7}","{a7acfc8f-0ff3-4179-9c09-eeab02602845}","{9b9e3fa5-9254-4e52-81f9-0568d8922e7e}","{39dce77c-b2a5-4241-bf4c-2e1531996dff}","{ccebe5c5-023d-4562-9d1c-5fe289762e8e}","{f5c65377-277d-47d5-9757-ab96e7582106}","{cc6d3ca0-3ea3-4fef-9016-fd3babf5c214}","{656f0f75-8210-40f4-b26e-13e1a6cced56}","{6919ac03-896f-42be-bcc5-db9ee812e146}","{d867c89a-76c8-4d63-b966-f3c98f7b54c2}","{809e6a0c-7cad-440a-8ad0-8be54aab00d9}","{f55d6d0f-4b7d-4dc4-b760-b79a4806b07d}","{82b92440-5022-4392-ba79-137d64051ced}","{1e56756c-e5ca-4ca6-a9f7-7abb97728cf0}","{721854c2-01fc-466b-914e-23806142a640}","{73b080dd-383e-4186-8f9a-268e1ed7d57e}","{87caea66-0d72-4e60-a67d-5a85c8fa84d0}","{3ca5f2bf-3d8c
04-26 21:39:18.840 E/GeckoConsole( 1281): Content JS WARN at app://homescreen.gaiamobile.org/gaia_build_defer_index.js:184 in isHiddenApp: Unexpected role when checking hidden app: undefined
04-26 21:39:18.840 E/GeckoConsole( 1281): Content JS WARN at app://homescreen.gaiamobile.org/gaia_build_defer_index.js:184 in isHiddenApp: Unexpected role when checking hidden app: undefined
04-26 21:39:18.840 E/GeckoConsole( 1281): Content JS WARN at app://homescreen.gaiamobile.org/gaia_build_defer_index.js:184 in isHiddenApp: Unexpected role when checking hidden app: undefined
04-26 21:39:18.840 E/GeckoConsole( 1281): Content JS WARN at app://homescreen.gaiamobile.org/gaia_build_defer_index.js:184 in isHiddenApp: Unexpected role when checking hidden app: undefined
04-26 21:39:18.840 E/GeckoConsole( 1281): Content JS WARN at app://homescreen.gaiamobile.org/gaia_build_defer_index.js:184 in isHiddenApp: Unexpected role when checking hidden app: undefined
04-26 21:39:18.850 E/GeckoConsole( 1281): Content JS WARN at app://homescreen.gaiamobile.org/gaia_build_defer_index.js:184 in isHiddenApp: Unexpected role when checking hidden app: undefined
04-26 21:39:18.850 E/GeckoConsole( 1281): Content JS WARN at app://homescreen.gaiamobile.org/gaia_build_defer_index.js:184 in isHiddenApp: Unexpected role when checking hidden app: undefined
04-26 21:39:18.850 E/GeckoConsole( 1281): Content JS WARN at app://homescreen.gaiamobile.org/gaia_build_defer_index.js:184 in isHiddenApp: Unexpected role when checking hidden app: undefined
04-26 21:39:18.850 E/GeckoConsole( 1281): Content JS WARN at app://homescreen.gaiamobile.org/gaia_build_defer_index.js:184 in isHiddenApp: Unexpected role when checking hidden app: undefined
04-26 21:39:18.850 E/GeckoConsole( 1281): Content JS WARN at app://homescreen.gaiamobile.org/gaia_build_defer_index.js:184 in isHiddenApp: Unexpected role when checking hidden app: undefined
04-26 21:39:18.850 E/GeckoConsole( 1281): Content JS WARN at app://homescreen.gaiamobile.org/gaia_build_defer_index.js:184 in isHiddenApp: Unexpected role when checking hidden app: undefined
04-26 21:39:18.850 E/GeckoConsole( 1281): Content JS WARN at app://homescreen.gaiamobile.org/gaia_build_defer_index.js:184 in isHiddenApp: Unexpected role when checking hidden app: undefined
04-26 21:39:18.850 E/GeckoConsole( 1281): Content JS WARN at app://homescreen.gaiamobile.org/gaia_build_defer_index.js:184 in isHiddenApp: Unexpected role when checking hidden app: undefined
04-26 21:39:18.860 E/GeckoConsole( 1281): Content JS WARN at app://homescreen.gaiamobile.org/gaia_build_defer_index.js:184 in isHiddenApp: Unexpected role when checking hidden app: undefined
04-26 21:39:18.860 E/GeckoConsole( 1281): Content JS WARN at app://homescreen.gaiamobile.org/gaia_build_defer_index.js:184 in isHiddenApp: Unexpected role when checking hidden app: undefined
04-26 21:39:18.860 E/GeckoConsole( 1281): Content JS WARN at app://homescreen.gaiamobile.org/gaia_build_defer_index.js:184 in isHiddenApp: Unexpected role when checking hidden app: undefined
04-26 21:39:18.860 E/GeckoConsole( 1281): Content JS WARN at app://homescreen.gaiamobile.org/gaia_build_defer_index.js:184 in isHiddenApp: Unexpected role when checking hidden app: undefined
04-26 21:39:18.860 E/GeckoConsole( 1281): Content JS WARN at app://homescreen.gaiamobile.org/gaia_build_defer_index.js:184 in isHiddenApp: Unexpected role when checking hidden app: undefined
04-26 21:39:18.860 E/GeckoConsole( 1281): Content JS WARN at app://homescreen.gaiamobile.org/gaia_build_defer_index.js:184 in isHiddenApp: Unexpected role when checking hidden app: undefined
04-26 21:39:18.860 E/GeckoConsole( 1281): Content JS WARN at app://homescreen.gaiamobile.org/gaia_build_defer_index.js:184 in isHiddenApp: Unexpected role when checking hidden app: undefined
04-26 21:39:18.860 E/GeckoConsole( 1281): Content JS WARN at app://homescreen.gaiamobile.org/gaia_build_defer_index.js:184 in isHiddenApp: Unexpected role when checking hidden app: undefined
04-26 21:39:18.860 E/GeckoConsole( 1281): Content JS WARN at app://homescreen.gaiamobile.org/gaia_build_defer_index.js:184 in isHiddenApp: Unexpected role when checking hidden app: undefined
04-26 21:39:18.860 E/GeckoConsole( 1281): Content JS WARN at app://homescreen.gaiamobile.org/gaia_build_defer_index.js:184 in isHiddenApp: Unexpected role when checking hidden app: undefined
04-26 21:39:18.860 E/GeckoConsole( 1281): Content JS WARN at app://homescreen.gaiamobile.org/gaia_build_defer_index.js:184 in isHiddenApp: Unexpected role when checking hidden app: undefined
04-26 21:39:18.860 E/GeckoConsole( 1281): Content JS WARN at app://homescreen.gaiamobile.org/gaia_build_defer_index.js:184 in isHiddenApp: Unexpected role when checking hidden app: undefined
04-26 21:39:18.860 E/GeckoConsole( 1281): Content JS WARN at app://homescreen.gaiamobile.org/gaia_build_defer_index.js:184 in isHiddenApp: Unexpected role when checking hidden app: undefined
04-26 21:39:18.860 E/GeckoConsole( 1281): Content JS WARN at app://homescreen.gaiamobile.org/gaia_build_defer_index.js:184 in isHiddenApp: Unexpected role when checking hidden app: undefined
04-26 21:39:18.870 E/GeckoConsole( 1281): Content JS WARN at app://homescreen.gaiamobile.org/gaia_build_defer_index.js:184 in isHiddenApp: Unexpected role when checking hidden app: undefined
04-26 21:39:19.080 I/Gecko   (   83): 1398573559098	Marionette	INFO	sendToClient: {"from":"0","value":"app://homescreen.gaiamobile.org/index.html#rootSat%20Apr%2026%202014%2021:39:16%20GMT-0700%20(UTC)"}, {63ed809e-b7c1-4402-874d-0773ce6348bb}, {63ed809e-b7c1-4402-874d-0773ce6348bb}
04-26 21:39:19.090 I/Gecko   (   83): 1398573559105	Marionette	DEBUG	Got request: switchToFrame, data: {"to":"0","sessionId":"3-b2g","name":"switchToFrame","parameters":{"id":null,"focus":true}}, id: {c5ed48a2-0013-45fd-b865-e4d2cd8fa4f4}
04-26 21:39:19.110 I/Gecko   (   83): 1398573559124	Marionette	INFO	Switched to frame: {"frameValue":null}
04-26 21:39:19.210 I/Gecko   (   83): 1398573559226	Marionette	INFO	sendToClient: {"from":"0","ok":true}, {c5ed48a2-0013-45fd-b865-e4d2cd8fa4f4}, {c5ed48a2-0013-45fd-b865-e4d2cd8fa4f4}
04-26 21:39:19.220 I/Gecko   (   83): 1398573559238	Marionette	DEBUG	Got request: switchToFrame, data: {"to":"0","sessionId":"3-b2g","name":"switchToFrame","parameters":{"id":null,"focus":true}}, id: {080dd666-1eda-43b9-8783-450a2dceba2d}
04-26 21:39:19.220 I/Gecko   (   83): 1398573559239	Marionette	INFO	Switched to frame: {"frameValue":null}
04-26 21:39:19.330 I/Gecko   (   83): 1398573559343	Marionette	INFO	sendToClient: {"from":"0","ok":true}, {080dd666-1eda-43b9-8783-450a2dceba2d}, {080dd666-1eda-43b9-8783-450a2dceba2d}
04-26 21:39:19.330 I/Gecko   (   83): 1398573559350	Marionette	DEBUG	Got request: executeWithCallback, data: {"to":"0","sessionId":"3-b2g","name":"executeAsyncScript","parameters":{"specialPowers":false,"scriptTimeout":30000,"newSandbox":true,"args":[],"filename":"app_checker.py","script":"GaiaApps.launchWithManifestURL('https://marketplace.firefox.com/app/d06b15fa-974d-45e7-b9dd-cb9c6c2f5696/manifest.webapp')","line":106}}, id: {6c4a82cf-1740-4065-9a96-75bbfc5c6aa0}
04-26 21:39:19.460 I/Gonk    (   83): Setting nice for pid 1294 to 18
04-26 21:39:19.460 I/Gonk    (   83): Changed nice for pid 1294 from 18 to 18.
04-26 21:39:19.460 I/Gecko   (   83): [Parent 83] WARNING: waitpid failed pid:1294 errno:10: file ../../../gecko/ipc/chromium/src/base/process_util_posix.cc, line 254
04-26 21:39:19.470 I/Gonk    (   83): Setting nice for pid 1294 to 1
04-26 21:39:19.470 I/Gonk    (   83): Changed nice for pid 1294 from 18 to 1.
04-26 21:39:19.500 E/GeckoConsole(   83): Content JS LOG at dummy file:334 in GaiaApps.launch: launching app with name 'Pío'
04-26 21:39:19.580 E/[Gralloc-ERROR](   83): int gralloc_register_buffer(const gralloc_module_t*, const native_handle_t*):79 Unable to register handle 0x4a443a10 coming from different process: 83
04-26 21:39:19.620 E/[Gralloc-ERROR](   83): int gralloc_register_buffer(const gralloc_module_t*, const native_handle_t*):79 Unable to register handle 0x4a443b50 coming from different process: 83
04-26 21:39:19.630 E/[Gralloc-ERROR](   83): int gralloc_register_buffer(const gralloc_module_t*, const native_handle_t*):79 Unable to register handle 0x4a454100 coming from different process: 83
04-26 21:39:19.630 E/[Gralloc-ERROR](   83): int gralloc_register_buffer(const gralloc_module_t*, const native_handle_t*):79 Unable to register handle 0x4a454380 coming from different process: 83
04-26 21:39:19.810 D/Sensors (   83): activate handle=0; drv=0
04-26 21:39:19.830 D/Sensors (   83): Lis3dhSensor: Control set 1
04-26 21:39:19.830 D/Sensors (   83): Lis3dhSensor: mEnabled = 1
04-26 21:39:19.900 I/Gonk    (   83): Setting nice for pid 1281 to 18
04-26 21:39:19.900 I/Gonk    (   83): Changed nice for pid 1281 from 1 to 18.
04-26 21:39:20.190 I/Gonk    (   83): Setting nice for pid 1351 to 18
04-26 21:39:20.200 I/Gonk    (   83): Changed nice for pid 1351 from 0 to 18.
04-26 21:39:20.710 I/Gecko   ( 1294): ###################################### forms.js loaded
04-26 21:39:20.780 I/Gecko   ( 1294): ############################### browserElementPanning.js loaded
04-26 21:39:20.830 I/Gecko   ( 1294): ######################## BrowserElementChildPreload.js loaded
04-26 21:39:22.080 I/Gecko   (   83): 
04-26 21:39:22.080 I/Gecko   (   83): ###!!! [Parent][MessageChannel] Error: Channel error: cannot send/recv
04-26 21:39:22.080 I/Gecko   (   83): 
04-26 21:39:22.140 I/GeckoDump(   83): Crash reporter : Can't fetch app.reportCrashes. Exception: [Exception... "Component returned failure code: 0x8000ffff (NS_ERROR_UNEXPECTED) [nsIPrefBranch.getBoolPref]"  nsresult: "0x8000ffff (NS_ERROR_UNEXPECTED)"  location: "JS frame :: chrome://browser/content/shell.js :: shell_reportCrash :: line 7"  data: no]
04-26 21:39:22.150 I/Gecko   (   83): [Parent 83] WARNING: waitpid failed pid:1281 errno:10: file ../../../gecko/ipc/chromium/src/base/process_util_posix.cc, line 254
04-26 21:39:22.300 E/GeckoConsole( 1294): [JavaScript Warning: "Error in parsing value for 'background'.  Declaration dropped." {file: "app://{e62d9bb6-492a-4e0c-9ae2-ceb4cc43caa2}/css/app.css" line: 153 column: 15 source: "    background:-webkit-gradient(linear,left top,left bottom,color-stop(0%,#6a7b86),color-stop(100%,#424f5a));"}]
04-26 21:39:22.300 E/GeckoConsole( 1294): [JavaScript Warning: "Error in parsing value for 'background'.  Declaration dropped." {file: "app://{e62d9bb6-492a-4e0c-9ae2-ceb4cc43caa2}/css/app.css" line: 154 column: 15 source: "    background:-webkit-linear-gradient(top,#6a7b86 0%,#424f5a 100%);"}]
04-26 21:39:22.300 E/GeckoConsole( 1294): [JavaScript Warning: "Error in parsing value for 'background'.  Declaration dropped." {file: "app://{e62d9bb6-492a-4e0c-9ae2-ceb4cc43caa2}/css/app.css" line: 155 column: 15 source: "    background:-o-linear-gradient(top,#6a7b86 0%,#424f5a 100%);"}]
04-26 21:39:22.300 E/GeckoConsole( 1294): [JavaScript Warning: "Error in parsing value for 'background'.  Declaration dropped." {file: "app://{e62d9bb6-492a-4e0c-9ae2-ceb4cc43caa2}/css/app.css" line: 156 column: 15 source: "    background:-ms-linear-gradient(top,#6a7b86 0%,#424f5a 100%);"}]
04-26 21:39:22.300 E/GeckoConsole( 1294): [JavaScript Warning: "Expected color but found 'top'.  Error in parsing value for 'background'.  Declaration dropped." {file: "app://{e62d9bb6-492a-4e0c-9ae2-ceb4cc43caa2}/css/app.css" line: 157 column: 31 source: "    background:linear-gradient(top,#6a7b86 0%,#424f5a 100%);"}]
04-26 21:39:22.300 E/GeckoConsole( 1294): [JavaScript Warning: "Expected 'none' or URL but found 'progid'.  Error in parsing value for 'filter'.  Declaration dropped." {file: "app://{e62d9bb6-492a-4e0c-9ae2-ceb4cc43caa2}/css/app.css" line: 158 column: 11 source: "    filter:progid:DXImageTransform.Microsoft.gradient(startColorstr='#6a7b86',endColorstr='#424f5a',GradientType=0);"}]
04-26 21:39:22.300 E/GeckoConsole( 1294): [JavaScript Warning: "Error in parsing value for 'background'.  Declaration dropped." {file: "app://{e62d9bb6-492a-4e0c-9ae2-ceb4cc43caa2}/css/app.css" line: 197 column: 15 source: "    background:-webkit-gradient(linear,left top,left bottom,color-stop(0%,#b4beca),color-stop(100%,#e1e5eB));"}]
04-26 21:39:22.300 E/GeckoConsole( 1294): [JavaScript Warning: "Error in parsing value for 'background'.  Declaration dropped." {file: "app://{e62d9bb6-492a-4e0c-9ae2-ceb4cc43caa2}/css/app.css" line: 198 column: 15 source: "    background:-webkit-linear-gradient(top,#b4beca 0%,#e1e5eB 100%);"}]
04-26 21:39:22.300 E/GeckoConsole( 1294): [JavaScript Warning: "Error in parsing value for 'background'.  Declaration dropped." {file: "app://{e62d9bb6-492a-4e0c-9ae2-ceb4cc43caa2}/css/app.css" line: 199 column: 15 source: "    background:-o-linear-gradient(top,#b4beca 0%,#e1e5eB 100%);"}]
04-26 21:39:22.300 E/GeckoConsole( 1294): [JavaScript Warning: "Error in parsing value for 'background'.  Declaration dropped." {file: "app://{e62d9bb6-492a-4e0c-9ae2-ceb4cc43caa2}/css/app.css" line: 200 column: 15 source: "    background:-ms-linear-gradient(top,#b4beca 0%,#e1e5eB 100%);"}]
04-26 21:39:22.300 E/GeckoConsole( 1294): [JavaScript Warning: "Expected color but found 'top'.  Error in parsing value for 'background'.  Declaration dropped." {file: "app://{e62d9bb6-492a-4e0c-9ae2-ceb4cc43caa2}/css/app.css" line: 201 column: 31 source: "    background:linear-gradient(top,#b4beca 0%,#e1e5eB 100%);"}]
04-26 21:39:22.300 E/GeckoConsole( 1294): [JavaScript Warning: "Expected 'none' or URL but found 'progid'.  Error in parsing value for 'filter'.  Declaration dropped." {file: "app://{e62d9bb6-492a-4e0c-9ae2-ceb4cc43caa2}/css/app.css" line: 202 column: 11 source: "    filter:progid:DXImageTransform.Microsoft.gradient(startColorstr='#b4beca',endColorstr='#e1e5eB',GradientType=0);"}]
04-26 21:39:22.370 W/WifiHW  (   83): wifi_command: SIGNAL_POLL
04-26 21:39:22.550 E/GeckoConsole( 1294): [JavaScript Warning: "SyntaxError: Using //@ to indicate sourceMappingURL pragmas is deprecated. Use //# instead" {file: "app://{e62d9bb6-492a-4e0c-9ae2-ceb4cc43caa2}/js/lib/jquery.js" line: 1}]
04-26 21:39:23.370 E/GeckoConsole( 1294): [JavaScript Warning: "Content Security Policy: The page's settings blocked the loading of a resource: An attempt to execute inline scripts has been blocked" {file: "app://{e62d9bb6-492a-4e0c-9ae2-ceb4cc43caa2}/index.html" line: 0 column: 0 source: "onsubmit attribute on DIV element"}]
04-26 21:39:23.380 E/GeckoConsole( 1294): [JavaScript Warning: "Content Security Policy: The page's settings blocked the loading of a resource: An attempt to execute inline scripts has been blocked" {file: "app://{e62d9bb6-492a-4e0c-9ae2-ceb4cc43caa2}/index.html" line: 0 column: 0 source: "onchange attribute on DIV element"}]
04-26 21:39:23.390 E/GeckoConsole( 1294): [JavaScript Warning: "Content Security Policy: The page's settings blocked the loading of a resource: An attempt to execute inline scripts has been blocked" {file: "app://{e62d9bb6-492a-4e0c-9ae2-ceb4cc43caa2}/index.html" line: 0 column: 0 source: "onsubmit attribute on DIV element"}]
04-26 21:39:23.390 E/GeckoConsole( 1294): [JavaScript Warning: "Content Security Policy: The page's settings blocked the loading of a resource: An attempt to execute inline scripts has been blocked" {file: "app://{e62d9bb6-492a-4e0c-9ae2-ceb4cc43caa2}/index.html" line: 0 column: 0 source: "onchange attribute on DIV element"}]
04-26 21:39:23.740 E/GeckoConsole( 1294): [JavaScript Warning: "Unknown property 'box-sizing'.  Declaration dropped." {file: "app://{e62d9bb6-492a-4e0c-9ae2-ceb4cc43caa2}/index.html" line: 0 column: 10 source: "box-sizing:border-box;-moz-box-sizing:border-box;-webkit-box-sizing:border-box;padding:1px;border:1px;display:block;width:4px;margin-top:1%;position:absolute;top:1%;"}]
04-26 21:39:23.740 E/GeckoConsole( 1294): [JavaScript Warning: "Unknown property 'box-sizing'.  Declaration dropped." {file: "app://{e62d9bb6-492a-4e0c-9ae2-ceb4cc43caa2}/index.html" line: 0 column: 52 source: "padding:0;margin:0;border:0;display:block;box-sizing:content-box;-moz-box-sizing:content-box;-webkit-box-sizing:content-box;"}]
04-26 21:39:23.740 E/GeckoConsole( 1294): [JavaScript Warning: "Unknown property 'box-sizing'.  Declaration dropped." {file: "app://{e62d9bb6-492a-4e0c-9ae2-ceb4cc43caa2}/index.html" line: 0 column: 52 source: "padding:0;margin:0;border:0;display:block;box-sizing:content-box;-moz-box-sizing:content-box;-webkit-box-sizing:content-box;"}]
04-26 21:39:23.890 I/Gonk    (   83): Setting nice for pid 1351 to 18
04-26 21:39:23.890 I/Gonk    (   83): Changed nice for pid 1351 from 18 to 18.
04-26 21:39:23.890 I/Gecko   (   83): [Parent 83] WARNING: waitpid failed pid:1351 errno:10: file ../../../gecko/ipc/chromium/src/base/process_util_posix.cc, line 254
04-26 21:39:23.910 I/Gonk    (   83): Setting nice for pid 1351 to 1
04-26 21:39:23.910 I/Gonk    (   83): Changed nice for pid 1351 from 18 to 1.
04-26 21:39:23.910 I/Gonk    (   83): Setting nice for pid 1351 to 18
04-26 21:39:23.920 I/Gonk    (   83): Changed nice for pid 1351 from 1 to 18.
04-26 21:39:24.150 I/Gecko   (   83): [Parent 83] WARNING: waitpid failed pid:1281 errno:10: file ../../../gecko/ipc/chromium/src/base/process_util_posix.cc, line 254
04-26 21:39:24.150 I/Gecko   (   83): [Parent 83] WARNING: Failed to deliver SIGKILL to 1281!(3).: file ../../../gecko/ipc/chromium/src/chrome/common/process_watcher_posix_sigchld.cc, line 118
04-26 21:39:24.240 I/Gecko   (   83): 1398573564251	Marionette	INFO	sendToClient: {"from":"0","value":{"frame":{"ELEMENT":"{8b7f98a9-d5dc-4001-99c6-83abe396ffb3}"},"src":"app://{e62d9bb6-492a-4e0c-9ae2-ceb4cc43caa2}/index.html","name":"PÃ­o","origin":"app://{e62d9bb6-492a-4e0c-9ae2-ceb4cc43caa2}"}}, {6c4a82cf-1740-4065-9a96-75bbfc5c6aa0}, {6c4a82cf-1740-4065-9a96-75bbfc5c6aa0}
04-26 21:39:24.240 E/GeckoConsole(   83): Content JS LOG at dummy file:326 in GaiaApps.launch/appOpen/<: app with origin 'app://{e62d9bb6-492a-4e0c-9ae2-ceb4cc43caa2}' has launched
04-26 21:39:24.250 E/GeckoConsole( 1294): [JavaScript Warning: "Error in parsing value for 'background'.  Declaration dropped." {file: "app://{e62d9bb6-492a-4e0c-9ae2-ceb4cc43caa2}/css/app.css" line: 153 column: 15 source: "    background:-webkit-gradient(linear,left top,left bottom,color-stop(0%,#6a7b86),color-stop(100%,#424f5a));"}]
04-26 21:39:24.250 E/[Gralloc-ERROR](   83): int gralloc_unregister_buffer(const gralloc_module_t*, const native_handle_t*):274 Trying to unregister buffer 0x4a443a10 from process 83 that was not created in current process: 83
04-26 21:39:24.250 E/[Gralloc-ERROR](   83): int gralloc_unregister_buffer(const gralloc_module_t*, const native_handle_t*):274 Trying to unregister buffer 0x4a443b50 from process 83 that was not created in current process: 83
04-26 21:39:24.250 E/[Gralloc-ERROR](   83): int gralloc_unregister_buffer(const gralloc_module_t*, const native_handle_t*):274 Trying to unregister buffer 0x4a454380 from process 83 that was not created in current process: 83
04-26 21:39:24.250 E/[Gralloc-ERROR](   83): int gralloc_unregister_buffer(const gralloc_module_t*, const native_handle_t*):274 Trying to unregister buffer 0x4a454100 from process 83 that was not created in current process: 83
04-26 21:39:24.260 E/GeckoConsole( 1294): [JavaScript Warning: "Error in parsing value for 'background'.  Declaration dropped." {file: "app://{e62d9bb6-492a-4e0c-9ae2-ceb4cc43caa2}/css/app.css" line: 154 column: 15 source: "    background:-webkit-linear-gradient(top,#6a7b86 0%,#424f5a 100%);"}]
04-26 21:39:24.260 E/GeckoConsole( 1294): [JavaScript Warning: "Error in parsing value for 'background'.  Declaration dropped." {file: "app://{e62d9bb6-492a-4e0c-9ae2-ceb4cc43caa2}/css/app.css" line: 155 column: 15 source: "    background:-o-linear-gradient(top,#6a7b86 0%,#424f5a 100%);"}]
04-26 21:39:24.260 E/GeckoConsole( 1294): [JavaScript Warning: "Error in parsing value for 'background'.  Declaration dropped." {file: "app://{e62d9bb6-492a-4e0c-9ae2-ceb4cc43caa2}/css/app.css" line: 156 column: 15 source: "    background:-ms-linear-gradient(top,#6a7b86 0%,#424f5a 100%);"}]
04-26 21:39:24.260 I/Gecko   (   83): 1398573564277	Marionette	DEBUG	Got request: switchToFrame, data: {"to":"0","sessionId":"3-b2g","name":"switchToFrame","parameters":{"focus":true,"element":"{8b7f98a9-d5dc-4001-99c6-83abe396ffb3}"}}, id: {5bf9b573-3d21-4aa6-bf7b-d308a9aba367}
04-26 21:39:24.260 E/GeckoConsole( 1294): [JavaScript Warning: "Expected color but found 'top'.  Error in parsing value for 'background'.  Declaration dropped." {file: "app://{e62d9bb6-492a-4e0c-9ae2-ceb4cc43caa2}/css/app.css" line: 157 column: 31 source: "    background:linear-gradient(top,#6a7b86 0%,#424f5a 100%);"}]
04-26 21:39:24.260 E/GeckoConsole( 1294): [JavaScript Warning: "Expected 'none' or URL but found 'progid'.  Error in parsing value for 'filter'.  Declaration dropped." {file: "app://{e62d9bb6-492a-4e0c-9ae2-ceb4cc43caa2}/css/app.css" line: 158 column: 11 source: "    filter:progid:DXImageTransform.Microsoft.gradient(startColorstr='#6a7b86',endColorstr='#424f5a',GradientType=0);"}]
04-26 21:39:24.260 E/GeckoConsole( 1294): [JavaScript Warning: "Error in parsing value for 'background'.  Declaration dropped." {file: "app://{e62d9bb6-492a-4e0c-9ae2-ceb4cc43caa2}/css/app.css" line: 197 column: 15 source: "    background:-webkit-gradient(linear,left top,left bottom,color-stop(0%,#b4beca),color-stop(100%,#e1e5eB));"}]
04-26 21:39:24.260 E/GeckoConsole( 1294): [JavaScript Warning: "Error in parsing value for 'background'.  Declaration dropped." {file: "app://{e62d9bb6-492a-4e0c-9ae2-ceb4cc43caa2}/css/app.css" line: 198 column: 15 source: "    background:-webkit-linear-gradient(top,#b4beca 0%,#e1e5eB 100%);"}]
04-26 21:39:24.260 E/GeckoConsole( 1294): [JavaScript Warning: "Error in parsing value for 'background'.  Declaration dropped." {file: "app://{e62d9bb6-492a-4e0c-9ae2-ceb4cc43caa2}/css/app.css" line: 199 column: 15 source: "    background:-o-linear-gradient(top,#b4beca 0%,#e1e5eB 100%);"}]
04-26 21:39:24.260 E/GeckoConsole( 1294): [JavaScript Warning: "Error in parsing value for 'background'.  Declaration dropped." {file: "app://{e62d9bb6-492a-4e0c-9ae2-ceb4cc43caa2}/css/app.css" line: 200 column: 15 source: "    background:-ms-linear-gradient(top,#b4beca 0%,#e1e5eB 100%);"}]
04-26 21:39:24.270 E/GeckoConsole( 1294): [JavaScript Warning: "Expected color but found 'top'.  Error in parsing value for 'background'.  Declaration dropped." {file: "app://{e62d9bb6-492a-4e0c-9ae2-ceb4cc43caa2}/css/app.css" line: 201 column: 31 source: "    background:linear-gradient(top,#b4beca 0%,#e1e5eB 100%);"}]
04-26 21:39:24.270 E/GeckoConsole( 1294): [JavaScript Warning: "Expected 'none' or URL but found 'progid'.  Error in parsing value for 'filter'.  Declaration dropped." {file: "app://{e62d9bb6-492a-4e0c-9ae2-ceb4cc43caa2}/css/app.css" line: 202 column: 11 source: "    filter:progid:DXImageTransform.Microsoft.gradient(startColorstr='#b4beca',endColorstr='#e1e5eB',GradientType=0);"}]
04-26 21:39:24.290 I/Gecko   (   83): 1398573564303	Marionette	INFO	Switched to frame: {"frameValue":"{8b7f98a9-d5dc-4001-99c6-83abe396ffb3}"}
04-26 21:39:24.290 I/Gecko   (   83): 1398573564306	Marionette	INFO	trying remote frame 0
04-26 21:39:24.290 I/Gecko   (   83): 1398573564307	Marionette	INFO	deleting frame
04-26 21:39:24.300 I/Gecko   (   83): 1398573564316	Marionette	INFO	frame-manager load script: [object ChromeMessageSender]
04-26 21:39:24.310 E/GeckoConsole( 1294): [JavaScript Warning: "SyntaxError: Using //@ to indicate sourceMappingURL pragmas is deprecated. Use //# instead" {file: "app://{e62d9bb6-492a-4e0c-9ae2-ceb4cc43caa2}/js/lib/jquery.js" line: 1}]
04-26 21:39:25.080 I/Gecko   (   83): 1398573565099	Marionette	INFO	sendToClient: {"from":"0","ok":true}, {5bf9b573-3d21-4aa6-bf7b-d308a9aba367}, {5bf9b573-3d21-4aa6-bf7b-d308a9aba367}
04-26 21:39:25.170 E/GeckoConsole( 1294): [JavaScript Warning: "Content Security Policy: The page's settings blocked the loading of a resource: An attempt to execute inline scripts has been blocked" {file: "app://{e62d9bb6-492a-4e0c-9ae2-ceb4cc43caa2}/login.html" line: 0 column: 0 source: "onsubmit attribute on DIV element"}]
04-26 21:39:25.170 E/GeckoConsole( 1294): [JavaScript Warning: "Content Security Policy: The page's settings blocked the loading of a resource: An attempt to execute inline scripts has been blocked" {file: "app://{e62d9bb6-492a-4e0c-9ae2-ceb4cc43caa2}/login.html" line: 0 column: 0 source: "onchange attribute on DIV element"}]
04-26 21:39:25.170 E/GeckoConsole( 1294): [JavaScript Warning: "Content Security Policy: The page's settings blocked the loading of a resource: An attempt to execute inline scripts has been blocked" {file: "app://{e62d9bb6-492a-4e0c-9ae2-ceb4cc43caa2}/login.html" line: 0 column: 0 source: "onsubmit attribute on DIV element"}]
04-26 21:39:25.170 E/GeckoConsole( 1294): [JavaScript Warning: "Content Security Policy: The page's settings blocked the loading of a resource: An attempt to execute inline scripts has been blocked" {file: "app://{e62d9bb6-492a-4e0c-9ae2-ceb4cc43caa2}/login.html" line: 0 column: 0 source: "onchange attribute on DIV element"}]
04-26 21:39:25.180 I/Gecko   (   83): 1398573565196	Marionette	INFO	sendToClient: {"from":"0","value":"app://{e62d9bb6-492a-4e0c-9ae2-ceb4cc43caa2}/login.html"}, {7216f1d5-06a5-498f-9b75-0aa595daedb2}, {7216f1d5-06a5-498f-9b75-0aa595daedb2}
04-26 21:39:25.190 I/Gecko   (   83): 1398573565202	Marionette	DEBUG	Got request: execute, data: {"to":"0","sessionId":"3-b2g","name":"executeScript","parameters":{"specialPowers":false,"scriptTimeout":null,"newSandbox":true,"args":[],"filename":"app_checker.py","script":"return window.document.readyState;","line":191}}, id: {9fd0eaed-38b7-4c6b-af0b-8c9b3f620b15}
04-26 21:39:25.200 E/GeckoConsole( 1294): [JavaScript Warning: "Unknown property 'box-sizing'.  Declaration dropped." {file: "app://{e62d9bb6-492a-4e0c-9ae2-ceb4cc43caa2}/login.html" line: 0 column: 10 source: "box-sizing:border-box;-moz-box-sizing:border-box;-webkit-box-sizing:border-box;padding:1px;border:1px;display:block;width:4px;margin-top:1%;position:absolute;top:1%;"}]
04-26 21:39:25.200 E/GeckoConsole( 1294): [JavaScript Warning: "Unknown property 'box-sizing'.  Declaration dropped." {file: "app://{e62d9bb6-492a-4e0c-9ae2-ceb4cc43caa2}/login.html" line: 0 column: 52 source: "padding:0;margin:0;border:0;display:block;box-sizing:content-box;-moz-box-sizing:content-box;-webkit-box-sizing:content-box;"}]
04-26 21:39:25.200 E/GeckoConsole( 1294): [JavaScript Warning: "Unknown property 'box-sizing'.  Declaration dropped." {file: "app://{e62d9bb6-492a-4e0c-9ae2-ceb4cc43caa2}/login.html" line: 0 column: 52 source: "padding:0;margin:0;border:0;display:block;box-sizing:content-box;-moz-box-sizing:content-box;-webkit-box-sizing:content-box;"}]
04-26 21:39:25.350 I/Gecko   (   83): 1398573565362	Marionette	INFO	sendToClient: {"from":"0","value":"complete"}, {9fd0eaed-38b7-4c6b-af0b-8c9b3f620b15}, {9fd0eaed-38b7-4c6b-af0b-8c9b3f620b15}
04-26 21:39:25.370 I/Gecko   (   83): 1398573565387	Marionette	INFO	sendToClient: {"from":"0","value":"app://{e62d9bb6-492a-4e0c-9ae2-ceb4cc43caa2}/login.html"}, {7da5f3a5-a8f5-446b-977d-f02ab92ec339}, {7da5f3a5-a8f5-446b-977d-f02ab92ec339}
04-26 21:39:25.380 I/Gecko   ( 1294): Attempting load of libEGL.so
04-26 21:39:25.410 D/libEGL  ( 1294): loaded /system/lib/egl/libEGL_mali.so
04-26 21:39:25.430 D/libEGL  ( 1294): loaded /system/lib/egl/libGLESv1_CM_mali.so
04-26 21:39:25.440 D/libEGL  ( 1294): loaded /system/lib/egl/libGLESv2_mali.so
04-26 21:39:25.590 I/Gecko   ( 1294): SharedSurface_Gralloc::Create -------
04-26 21:39:25.620 I/Gecko   ( 1294): SharedSurface_Gralloc::Create: success -- surface 0x436db740, GraphicBuffer 0x436dfa00.
04-26 21:39:26.620 I/Gecko   (   83): 1398573566631	Marionette	INFO	sendToClient: {"from":"0","value":"iVBORw0KGgoAAAANSUhEUgAAAUAAAAHMCAYAAACk4nEJAAAgAElEQVR4nOzdd3SVVcL4+/ef+7t33bnvOzNvmXccKQnpvXd66BA6iCgqqGPvFaUoKKCCgihF6T29994rKaS301t6Q0UH/d4/nnMOAQLijBolm7U+K0gSIedZ67v2fvZ+9vk3i7gwBEEQxqJ/G+1/gCAIwmgRARQEYcwSARQEYcwSARQEYcwSARQEYcwSARQEYcwSARQEYcwSARQEYcwSARQEYcwSARQEYcwSARQEYcwSARQEYcwSARQEYcz6zQXQMi6MkNz0Uf93CIJw9/tNBXByRiJZHTp+AJblZ476v0cQhLvbLxbAwPQEgrOSzSZnJGKTEDHi11rFh/N+fTVfX70KQMvgABtK80f9xREE4e72iwWwpLuTG3/9AOi/+ZrPWxrxTYszf+2zFcUA5HUaeKg4D8vfwAsjCMLd7xcPYKZBxwcNl9jTVMdZRTtdV74BYPC771iYm4ZFXBiT4sMJzkoe9RdDEISx5RcP4La6quv+3D4xkqreHgCqentG/QUQBGHs+tUDaBEXxiMleQB8/8MPOCRGYhEn3Qc8q2jnrKIdt+SYm77HLTmGj5vqKOvpommgnziNim11VTgmRo36iygIwu/TqARwWmaS+b7gIuOWF6v4cPOf+afFX/f1s7NT6PhGmjp/ffUqzYP9fPf99wDILw/d9PWCIAh3YlQCuKYw2xy7aZlJWMTdOoCWcWFU90lT5ki1wryS7JwUTWFXBwDxWtWov5CCIPz+jEoALyhlAGi+/sq84nurAP69rBCA/u++NU+XTYaPJOfmpI76iykIwu/LLx7AY+0tLMvPZGVBFk+VFxGvVZmj9VR5kfnrbxXAE7JWAGI0yhH/nubBAQDeqqkY9RdTEITfl191H6Dp16X+3ps2Ot8qgNkdegAOtzWN+PfkdxoA+O
04-26 21:39:26.880 I/Gecko   (   83): 1398573566891	Marionette	INFO	sendToClient: {"from":"0","ok":true}, {bc9ef4ed-b096-43c5-901b-c37660909f27}, {bc9ef4ed-b096-43c5-901b-c37660909f27}
04-26 21:39:26.880 I/Gecko   (   83): 1398573566899	Marionette	DEBUG	Got request: switchToFrame, data: {"to":"0","sessionId":"3-b2g","name":"switchToFrame","parameters":{"id":null,"focus":true}}, id: {b33f0900-c34c-448b-a168-14745011bd66}
04-26 21:39:26.930 I/Gecko   (   83): 1398573566942	Marionette	INFO	Switched to frame: {"frameValue":null}
04-26 21:39:27.030 I/Gecko   (   83): 1398573567047	Marionette	INFO	sendToClient: {"from":"0","ok":true}, {b33f0900-c34c-448b-a168-14745011bd66}, {b33f0900-c34c-448b-a168-14745011bd66}
04-26 21:39:27.040 I/Gecko   (   83): 1398573567055	Marionette	DEBUG	Got request: executeWithCallback, data: {"to":"0","sessionId":"3-b2g","name":"executeAsyncScript","parameters":{"specialPowers":false,"scriptTimeout":null,"newSandbox":true,"args":[],"filename":"gaia_test.py","script":"return GaiaApps.displayedApp();","line":66}}, id: {24f0486a-a3dc-464b-9252-831d1c6ed168}
04-26 21:39:27.130 I/Gecko   (   83): 1398573567147	Marionette	INFO	sendToClient: {"from":"0","value":{"frame":{"ELEMENT":"{8b7f98a9-d5dc-4001-99c6-83abe396ffb3}"},"src":"app://{e62d9bb6-492a-4e0c-9ae2-ceb4cc43caa2}/index.html","name":"PÃ­o","origin":"app://{e62d9bb6-492a-4e0c-9ae2-ceb4cc43caa2}"}}, {24f0486a-a3dc-464b-9252-831d1c6ed168}, {24f0486a-a3dc-464b-9252-831d1c6ed168}
04-26 21:39:27.140 E/GeckoConsole(   83): Content JS LOG at dummy file:392 in GaiaApps.displayedApp: app with origin 'app://{e62d9bb6-492a-4e0c-9ae2-ceb4cc43caa2}' is displayed
04-26 21:39:27.150 I/Gecko   (   83): 1398573567163	Marionette	DEBUG	Got request: switchToFrame, data: {"to":"0","sessionId":"3-b2g","name":"switchToFrame","parameters":{"id":null,"focus":true}}, id: {c4235d7f-c5a3-4982-822c-698da813f445}
04-26 21:39:27.150 I/Gecko   (   83): 1398573567164	Marionette	INFO	Switched to frame: {"frameValue":null}
04-26 21:39:27.250 I/Gecko   (   83): 1398573567267	Marionette	INFO	sendToClient: {"from":"0","ok":true}, {c4235d7f-c5a3-4982-822c-698da813f445}, {c4235d7f-c5a3-4982-822c-698da813f445}
04-26 21:39:27.260 I/Gecko   (   83): 1398573567274	Marionette	DEBUG	Got request: execute, data: {"to":"0","sessionId":"3-b2g","name":"executeScript","parameters":{"specialPowers":false,"scriptTimeout":null,"newSandbox":true,"args":[],"filename":"gaia_test.py","script":"window.wrappedJSObject.dispatchEvent(new Event('home'));","line":788}}, id: {0353bfa1-a89f-4b21-827a-2a11f501dedb}
04-26 21:39:27.330 I/Gonk    (   83): Setting nice for pid 1351 to 1
04-26 21:39:27.330 I/Gonk    (   83): Changed nice for pid 1351 from 18 to 1.
04-26 21:39:27.350 D/Sensors (   83): activate handle=0; drv=0
04-26 21:39:27.350 D/Sensors (   83): Lis3dhSensor: Control set 0
04-26 21:39:27.350 D/Sensors (   83): Lis3dhSensor: mEnabled = 0
04-26 21:39:27.360 I/Gecko   (   83): 1398573567373	Marionette	INFO	sendToClient: {"from":"0","value":null}, {0353bfa1-a89f-4b21-827a-2a11f501dedb}, {0353bfa1-a89f-4b21-827a-2a11f501dedb}
04-26 21:39:27.370 W/WifiHW  (   83): wifi_command: SIGNAL_POLL
04-26 21:39:27.460 I/Gecko   (   83): 1398573567479	Marionette	DEBUG	Got request: switchToFrame, data: {"to":"0","sessionId":"3-b2g","name":"switchToFrame","parameters":{"id":null,"focus":true}}, id: {9b8ad080-a058-486e-9959-d6aca5879d67}
04-26 21:39:27.480 I/Gecko   (   83): 1398573567493	Marionette	INFO	Switched to frame: {"frameValue":null}
04-26 21:39:27.590 I/Gecko   (   83): 1398573567603	Marionette	INFO	sendToClient: {"from":"0","ok":true}, {9b8ad080-a058-486e-9959-d6aca5879d67}, {9b8ad080-a058-486e-9959-d6aca5879d67}
04-26 21:39:27.600 I/Gecko   (   83): 1398573567610	Marionette	DEBUG	Got request: executeWithCallback, data: {"to":"0","sessionId":"3-b2g","name":"executeAsyncScript","parameters":{"specialPowers":false,"scriptTimeout":null,"newSandbox":true,"args":[],"filename":"gaia_test.py","script":"return GaiaApps.displayedApp();","line":66}}, id: {70556329-4e86-4b2a-ad5a-5f9cacdd4d6a}
04-26 21:39:27.690 E/GeckoConsole(   83): Content JS LOG at dummy file:392 in GaiaApps.displayedApp: app with origin 'app://homescreen.gaiamobile.org' is displayed
04-26 21:39:27.690 I/Gecko   (   83): 1398573567706	Marionette	INFO	sendToClient: {"from":"0","value":{"frame":{"ELEMENT":"{4fe1cede-ada4-41e5-b7aa-0d861cf5f2c7}"},"src":"app://homescreen.gaiamobile.org/index.html#root","name":"Homescreen","origin":"app://homescreen.gaiamobile.org"}}, {70556329-4e86-4b2a-ad5a-5f9cacdd4d6a}, {70556329-4e86-4b2a-ad5a-5f9cacdd4d6a}
04-26 21:39:27.700 I/Gecko   (   83): 1398573567713	Marionette	DEBUG	Got request: switchToFrame, data: {"to":"0","sessionId":"3-b2g","name":"switchToFrame","parameters":{"id":null,"focus":true}}, id: {794237c5-9422-4903-919e-b86741ee79ac}
04-26 21:39:27.700 I/Gecko   (   83): 1398573567715	Marionette	INFO	Switched to frame: {"frameValue":null}
04-26 21:39:27.800 I/Gecko   (   83): 1398573567817	Marionette	INFO	sendToClient: {"from":"0","ok":true}, {794237c5-9422-4903-919e-b86741ee79ac}, {794237c5-9422-4903-919e-b86741ee79ac}
04-26 21:39:27.820 I/Gecko   (   83): 1398573567837	Marionette	DEBUG	Got request: switchToFrame, data: {"to":"0","sessionId":"3-b2g","name":"switchToFrame","parameters":{"id":null,"focus":true}}, id: {61f755c4-309f-4ea5-b8ac-1734a1fcd64f}
04-26 21:39:27.830 I/Gecko   (   83): 1398573567843	Marionette	INFO	Switched to frame: {"frameValue":null}
04-26 21:39:27.940 I/Gecko   (   83): 1398573567953	Marionette	INFO	sendToClient: {"from":"0","ok":true}, {61f755c4-309f-4ea5-b8ac-1734a1fcd64f}, {61f755c4-309f-4ea5-b8ac-1734a1fcd64f}
04-26 21:39:27.940 I/Gecko   (   83): 1398573567959	Marionette	DEBUG	Got request: executeWithCallback, data: {"to":"0","sessionId":"3-b2g","name":"executeAsyncScript","parameters":{"specialPowers":false,"scriptTimeout":null,"newSandbox":true,"args":[],"filename":"gaia_test.py","script":"return GaiaApps.displayedApp();","line":66}}, id: {115715ca-4782-4eea-9d54-02babcc16451}
04-26 21:39:28.030 I/Gecko   (   83): 1398573568049	Marionette	INFO	sendToClient: {"from":"0","value":{"frame":{"ELEMENT":"{4fe1cede-ada4-41e5-b7aa-0d861cf5f2c7}"},"src":"app://homescreen.gaiamobile.org/index.html#root","name":"Homescreen","origin":"app://homescreen.gaiamobile.org"}}, {115715ca-4782-4eea-9d54-02babcc16451}, {115715ca-4782-4eea-9d54-02babcc16451}
04-26 21:39:28.040 E/GeckoConsole(   83): Content JS LOG at dummy file:392 in GaiaApps.displayedApp: app with origin 'app://homescreen.gaiamobile.org' is displayed
04-26 21:39:28.040 I/Gecko   (   83): 1398573568058	Marionette	DEBUG	Got request: switchToFrame, data: {"to":"0","sessionId":"3-b2g","name":"switchToFrame","parameters":{"focus":true,"element":"{4fe1cede-ada4-41e5-b7aa-0d861cf5f2c7}"}}, id: {29ab43c4-94fc-4011-8522-4d98e30d74f9}
04-26 21:39:28.050 I/Gecko   (   83): 1398573568066	Marionette	INFO	Switched to frame: {"frameValue":"{4fe1cede-ada4-41e5-b7aa-0d861cf5f2c7}"}
04-26 21:39:28.060 I/Gecko   (   83): 1398573568073	Marionette	INFO	trying remote frame 0
04-26 21:39:28.070 I/Gecko   (   83): 1398573568081	Marionette	INFO	deleting frame
04-26 21:39:28.070 I/Gecko   (   83): 1398573568087	Marionette	INFO	frame-manager load script: [object ChromeMessageSender]
04-26 21:39:28.570 I/Gecko   ( 1351): ###################################### forms.js loaded
