--------- beginning of /dev/log/main
04-25 07:20:52.460 I/Gecko   (   83): 1398435652471	Marionette	INFO	Switched to frame: {"frameValue":"{9a2227f9-a957-4c62-a9cb-aa978767b5ef}"}
04-25 07:20:52.460 I/Gecko   (   83): 1398435652474	Marionette	INFO	trying remote frame 0
04-25 07:20:52.460 I/Gecko   (   83): 1398435652474	Marionette	INFO	trying remote frame 1
04-25 07:20:52.460 I/Gecko   (   83): 1398435652475	Marionette	INFO	trying remote frame 2
04-25 07:20:52.460 I/Gecko   (   83): 1398435652476	Marionette	INFO	trying remote frame 3
04-25 07:20:52.460 I/Gecko   (   83): 1398435652476	Marionette	INFO	trying remote frame 4
04-25 07:20:52.460 I/Gecko   (   83): 1398435652477	Marionette	INFO	trying remote frame 5
04-25 07:20:52.460 I/Gecko   (   83): 1398435652477	Marionette	INFO	trying remote frame 6
04-25 07:20:52.480 I/Gecko   (   83): 1398435652496	Marionette	INFO	trying remote frame 7
04-25 07:20:52.490 I/Gecko   (   83): 1398435652501	Marionette	INFO	trying remote frame 8
04-25 07:20:52.490 I/Gecko   (   83): 1398435652502	Marionette	INFO	trying remote frame 9
04-25 07:20:52.490 I/Gecko   (   83): 1398435652503	Marionette	INFO	trying remote frame 10
04-25 07:20:52.490 I/Gecko   (   83): 1398435652504	Marionette	INFO	trying remote frame 11
04-25 07:20:52.500 I/Gecko   (   83): 1398435652514	Marionette	INFO	trying remote frame 12
04-25 07:20:52.500 I/Gecko   (   83): 1398435652515	Marionette	INFO	trying remote frame 13
04-25 07:20:52.500 I/Gecko   (   83): 1398435652516	Marionette	INFO	trying remote frame 14
04-25 07:20:52.500 I/Gecko   (   83): 1398435652517	Marionette	INFO	deleting frame
04-25 07:20:52.510 I/Gecko   (   83): 1398435652522	Marionette	INFO	frame-manager load script: [object ChromeMessageSender]
04-25 07:20:53.350 E/[Gralloc-ERROR](   83): int gralloc_register_buffer(const gralloc_module_t*, const native_handle_t*):79 Unable to register handle 0x4734f150 coming from different process: 83
04-25 07:20:53.410 E/[Gralloc-ERROR](   83): int gralloc_register_buffer(const gralloc_module_t*, const native_handle_t*):79 Unable to register handle 0x4734f330 coming from different process: 83
04-25 07:20:53.630 E/[Gralloc-ERROR](   83): int gralloc_register_buffer(const gralloc_module_t*, const native_handle_t*):79 Unable to register handle 0x4734f650 coming from different process: 83
04-25 07:20:53.630 E/[Gralloc-ERROR](   83): int gralloc_register_buffer(const gralloc_module_t*, const native_handle_t*):79 Unable to register handle 0x4734f790 coming from different process: 83
04-25 07:20:53.760 I/Gecko   (   83): 1398435653780	Marionette	INFO	sendToClient: {"from":"0","ok":true}, {53614e08-7059-457d-9893-ebae3b17debf}, {53614e08-7059-457d-9893-ebae3b17debf}
04-25 07:20:53.810 E/[Gralloc-ERROR](   83): int gralloc_unregister_buffer(const gralloc_module_t*, const native_handle_t*):274 Trying to unregister buffer 0x4734f330 from process 83 that was not created in current process: 83
04-25 07:20:53.830 E/[Gralloc-ERROR](   83): int gralloc_unregister_buffer(const gralloc_module_t*, const native_handle_t*):274 Trying to unregister buffer 0x4734f150 from process 83 that was not created in current process: 83
04-25 07:20:53.830 E/[Gralloc-ERROR](   83): int gralloc_unregister_buffer(const gralloc_module_t*, const native_handle_t*):274 Trying to unregister buffer 0x4734f790 from process 83 that was not created in current process: 83
04-25 07:20:53.830 E/[Gralloc-ERROR](   83): int gralloc_unregister_buffer(const gralloc_module_t*, const native_handle_t*):274 Trying to unregister buffer 0x4734f650 from process 83 that was not created in current process: 83
04-25 07:20:54.470 I/Gecko   (   83): 1398435654488	Marionette	INFO	sendToClient: {"from":"0","value":[]}, {0d21d9f4-1963-4eea-89d4-6f4376abf3ff}, {0d21d9f4-1963-4eea-89d4-6f4376abf3ff}
04-25 07:20:55.350 I/Gecko   (   83): 1398435655366	Marionette	INFO	sendToClient: {"from":"0","value":[]}, {84145f61-b1c6-466e-9103-878bd4e8990b}, {84145f61-b1c6-466e-9103-878bd4e8990b}
04-25 07:20:57.030 I/Gonk    (   83): Setting nice for pid 5964 to 18
04-25 07:20:57.030 I/Gonk    (   83): Changed nice for pid 5964 from 0 to 18.
04-25 07:20:57.420 W/WifiHW  (   83): wifi_command: SIGNAL_POLL
04-25 07:21:00.160 I/Gecko   ( 5964): ###################################### forms.js loaded
04-25 07:21:00.200 I/Gecko   ( 5964): ############################### browserElementPanning.js loaded
04-25 07:21:00.250 I/Gecko   ( 5964): ######################## BrowserElementChildPreload.js loaded
04-25 07:21:01.350 I/Gecko   (   83): 1398435661361	Marionette	INFO	sendToClient: {"from":"0","value":["{d7bf5adf-0047-4067-b0cc-64bbba08a9d2}","{be1399f3-eac1-42f3-b3cb-a22948f3d2f4}","{2f74b0ce-6e0c-408d-aac0-3be8517d0ac5}","{e9325f3e-f9e1-431e-a852-24cc73076ad1}","{dad47793-7930-4115-863d-39f8ed2e080f}","{dd926cdb-8fad-4ef1-bba7-78b5a2d459df}","{37a8f19d-a7c9-40a4-b735-7a61ec701c16}","{992e8ddd-d116-41bc-907c-d7ee29976f18}","{48bb6ce5-8067-4508-b6b3-c59b7097b8f6}","{ed4afc72-8543-4ef1-9245-c45ccd24aa12}","{90521bb6-4f52-42d3-931b-88d7d13e4220}","{76e54d5a-03fc-4467-adc9-fb341c474b04}","{d423b6bb-17c1-4841-9d4a-9f1f8999366f}","{61f6761e-6a76-45e4-8500-23742c410634}","{6fde4f3f-0c70-4ced-8c2b-7e3d5294b776}","{d458b320-c354-4530-b8dc-6b4744010606}","{656ffbf9-ad22-4eb3-9ebc-e3161a5dcfc4}","{c92fecda-d9e5-44e9-a445-4f25a080ed88}","{4e63de9c-081d-4f10-93a4-a7412f15972a}","{99220f15-5e3a-4ad3-9923-de69f7a01104}"]}, {92f5a81b-1f4a-49f4-aebf-3e90cf0d97f4}, {92f5a81b-1f4a-49f4-aebf-3e90cf0d97f4}
04-25 07:21:01.450 E/GeckoConsole( 5903): Content JS WARN at app://homescreen.gaiamobile.org/gaia_build_defer_index.js:184 in isHiddenApp: Unexpected role when checking hidden app: undefined
04-25 07:21:01.450 E/GeckoConsole( 5903): Content JS WARN at app://homescreen.gaiamobile.org/gaia_build_defer_index.js:184 in isHiddenApp: Unexpected role when checking hidden app: undefined
04-25 07:21:01.460 E/GeckoConsole( 5903): Content JS WARN at app://homescreen.gaiamobile.org/gaia_build_defer_index.js:184 in isHiddenApp: Unexpected role when checking hidden app: undefined
04-25 07:21:01.480 E/GeckoConsole( 5903): Content JS WARN at app://homescreen.gaiamobile.org/gaia_build_defer_index.js:184 in isHiddenApp: Unexpected role when checking hidden app: undefined
04-25 07:21:01.480 E/GeckoConsole( 5903): Content JS WARN at app://homescreen.gaiamobile.org/gaia_build_defer_index.js:184 in isHiddenApp: Unexpected role when checking hidden app: undefined
04-25 07:21:01.480 E/GeckoConsole( 5903): Content JS WARN at app://homescreen.gaiamobile.org/gaia_build_defer_index.js:184 in isHiddenApp: Unexpected role when checking hidden app: undefined
04-25 07:21:01.480 E/GeckoConsole( 5903): Content JS WARN at app://homescreen.gaiamobile.org/gaia_build_defer_index.js:184 in isHiddenApp: Unexpected role when checking hidden app: undefined
04-25 07:21:01.480 E/GeckoConsole( 5903): Content JS WARN at app://homescreen.gaiamobile.org/gaia_build_defer_index.js:184 in isHiddenApp: Unexpected role when checking hidden app: undefined
04-25 07:21:01.490 E/GeckoConsole( 5903): Content JS WARN at app://homescreen.gaiamobile.org/gaia_build_defer_index.js:184 in isHiddenApp: Unexpected role when checking hidden app: undefined
04-25 07:21:01.490 E/GeckoConsole( 5903): Content JS WARN at app://homescreen.gaiamobile.org/gaia_build_defer_index.js:184 in isHiddenApp: Unexpected role when checking hidden app: undefined
04-25 07:21:01.490 E/GeckoConsole( 5903): Content JS WARN at app://homescreen.gaiamobile.org/gaia_build_defer_index.js:184 in isHiddenApp: Unexpected role when checking hidden app: undefined
04-25 07:21:01.490 E/GeckoConsole( 5903): Content JS WARN at app://homescreen.gaiamobile.org/gaia_build_defer_index.js:184 in isHiddenApp: Unexpected role when checking hidden app: undefined
04-25 07:21:01.490 E/GeckoConsole( 5903): Content JS WARN at app://homescreen.gaiamobile.org/gaia_build_defer_index.js:184 in isHiddenApp: Unexpected role when checking hidden app: undefined
04-25 07:21:01.490 E/GeckoConsole( 5903): Content JS WARN at app://homescreen.gaiamobile.org/gaia_build_defer_index.js:184 in isHiddenApp: Unexpected role when checking hidden app: undefined
04-25 07:21:01.490 E/GeckoConsole( 5903): Content JS WARN at app://homescreen.gaiamobile.org/gaia_build_defer_index.js:184 in isHiddenApp: Unexpected role when checking hidden app: undefined
04-25 07:21:01.490 E/GeckoConsole( 5903): Content JS WARN at app://homescreen.gaiamobile.org/gaia_build_defer_index.js:184 in isHiddenApp: Unexpected role when checking hidden app: undefined
04-25 07:21:02.200 I/Gecko   (   83): 1398435662217	Marionette	INFO	sendToClient: {"from":"0","value":"<div><img src=\"blob:c2620a5a-39de-4a84-b4a4-69b6717fd53c\" style=\"visibility: visible;\" role=\"presentation\" height=\"64\" width=\"64\"><span class=\"labelWrapper\"><span>Social</span></span></div><span data-is-icon=\"true\" class=\"options\"></span>"}, {1fc4920f-ad14-4169-ba31-384112f6a63d}, {1fc4920f-ad14-4169-ba31-384112f6a63d}
04-25 07:21:02.320 I/Gecko   (   83): 1398435662333	Marionette	INFO	sendToClient: {"from":"0","value":"<div><img src=\"blob:3fd728a3-2c28-40ec-8c0d-2fd2f7e91cdc\" style=\"visibility: visible;\" role=\"presentation\" height=\"64\" width=\"64\"><span class=\"labelWrapper\"><span>Games</span></span></div><span data-is-icon=\"true\" class=\"options\"></span>"}, {59de75c4-fa1b-40f3-9743-ad7d536bfdb6}, {59de75c4-fa1b-40f3-9743-ad7d536bfdb6}
04-25 07:21:02.410 I/Gecko   (   83): 1398435662430	Marionette	INFO	sendToClient: {"from":"0","value":"<div><img src=\"blob:573d9e7d-92e6-406b-8cc3-968c6fd4f7fe\" style=\"visibility: visible;\" role=\"presentation\" height=\"64\" width=\"64\"><span class=\"labelWrapper\"><span>Music</span></span></div><span data-is-icon=\"true\" class=\"options\"></span>"}, {04b23479-bf1a-4d33-9d4b-f8fc53321b5c}, {04b23479-bf1a-4d33-9d4b-f8fc53321b5c}
04-25 07:21:02.430 W/WifiHW  (   83): wifi_command: SIGNAL_POLL
04-25 07:21:02.590 I/Gecko   (   83): 1398435662601	Marionette	INFO	sendToClient: {"from":"0","value":"<div><img src=\"blob:e75db433-1184-456b-8ebb-394e517f8564\" style=\"visibility: visible;\" role=\"presentation\" height=\"64\" width=\"64\"><span class=\"labelWrapper\"><span>Showbiz</span></span></div><span data-is-icon=\"true\" class=\"options\"></span>"}, {f8ac78e1-2250-4aa8-96ae-4835f483a57d}, {f8ac78e1-2250-4aa8-96ae-4835f483a57d}
04-25 07:21:02.640 I/Gecko   (   83): 1398435662655	Marionette	INFO	sendToClient: {"from":"0","value":"<div><img src=\"blob:5ca46704-7ec1-4bcb-a6fb-f679d3e986cd\" style=\"visibility: visible;\" role=\"presentation\" height=\"64\" width=\"64\"><span class=\"labelWrapper\"><span>Camera</span></span></div>"}, {54c978ae-0c8c-4ab3-986d-284a0124a5f5}, {54c978ae-0c8c-4ab3-986d-284a0124a5f5}
04-25 07:21:02.660 I/Gecko   (   83): 1398435662672	Marionette	INFO	sendToClient: {"from":"0","value":"<div><img src=\"blob:b4e5e13f-02c3-4e5c-b795-a2d430cb3e4c\" style=\"visibility: visible;\" role=\"presentation\" height=\"64\" width=\"64\"><span class=\"labelWrapper\"><span>Gallery</span></span></div>"}, {edca0850-ed8e-4aa4-a6e6-e8ddc8d0e667}, {edca0850-ed8e-4aa4-a6e6-e8ddc8d0e667}
04-25 07:21:02.670 I/Gecko   (   83): 1398435662684	Marionette	INFO	sendToClient: {"from":"0","value":"<div><img src=\"blob:283223e0-c1e5-412b-bae0-c69e84797b0e\" style=\"visibility: visible;\" role=\"presentation\" height=\"64\" width=\"64\"><span class=\"labelWrapper\"><span>FM Radio</span></span></div>"}, {512e1f80-faac-4927-af1b-eb61133e693d}, {512e1f80-faac-4927-af1b-eb61133e693d}
04-25 07:21:02.700 I/Gecko   (   83): 1398435662720	Marionette	INFO	sendToClient: {"from":"0","value":"<div><img src=\"blob:d5a0fcd5-c8b8-4bba-bdc1-4a36d3c33b72\" style=\"visibility: visible;\" role=\"presentation\" height=\"64\" width=\"64\"><span class=\"labelWrapper\"><span>Settings</span></span></div>"}, {07bfbe47-7d68-4581-b327-a6430a4db0fb}, {07bfbe47-7d68-4581-b327-a6430a4db0fb}
04-25 07:21:02.720 I/Gecko   (   83): 1398435662732	Marionette	INFO	sendToClient: {"from":"0","value":"<div><img src=\"blob:fe160733-9db1-4786-9320-ac0042fe1952\" style=\"visibility: visible;\" role=\"presentation\" height=\"64\" width=\"64\"><span class=\"labelWrapper\"><span>Marketplace</span></span></div>"}, {c6695f55-0f56-4726-ab9f-a19e60f166ba}, {c6695f55-0f56-4726-ab9f-a19e60f166ba}
04-25 07:21:02.730 I/Gecko   (   83): 1398435662747	Marionette	INFO	sendToClient: {"from":"0","value":"<div><img src=\"blob:b924b978-ce1e-4e5e-bb34-76bf74b2822b\" style=\"visibility: visible;\" role=\"presentation\" height=\"64\" width=\"64\"><span class=\"labelWrapper\"><span>Calendar</span></span></div>"}, {c57e3c44-f7fa-4f70-be4a-f8bf997dfdf8}, {c57e3c44-f7fa-4f70-be4a-f8bf997dfdf8}
04-25 07:21:02.770 I/Gecko   (   83): 1398435662790	Marionette	INFO	sendToClient: {"from":"0","value":"<div><img src=\"blob:bbb4c18b-701c-472a-b6c2-233da15acb10\" style=\"visibility: visible;\" role=\"presentation\" height=\"64\" width=\"64\"><span class=\"labelWrapper\"><span>Clock</span></span></div>"}, {3ce21fd0-3d7f-4d32-aac1-86a5c6048997}, {3ce21fd0-3d7f-4d32-aac1-86a5c6048997}
04-25 07:21:02.790 I/Gecko   (   83): 1398435662804	Marionette	INFO	sendToClient: {"from":"0","value":"<div><img src=\"blob:48d8a4e7-70d6-47ba-8711-bd00130b10d6\" style=\"visibility: visible;\" role=\"presentation\" height=\"64\" width=\"64\"><span class=\"labelWrapper\"><span>Usage</span></span></div>"}, {3f24b2c7-9673-4283-b367-80eac1d046d8}, {3f24b2c7-9673-4283-b367-80eac1d046d8}
04-25 07:21:02.810 I/Gecko   (   83): 1398435662825	Marionette	INFO	sendToClient: {"from":"0","value":"<div><img src=\"blob:c670fe49-9812-4c62-b928-73142dc30bdc\" style=\"visibility: visible;\" role=\"presentation\" height=\"64\" width=\"64\"><span class=\"labelWrapper\"><span>E-Mail</span></span></div>"}, {a178150d-45a5-427a-ab39-1ceaf48da8ae}, {a178150d-45a5-427a-ab39-1ceaf48da8ae}
04-25 07:21:02.830 I/Gecko   (   83): 1398435662843	Marionette	INFO	sendToClient: {"from":"0","value":"<div><img src=\"blob:8d391568-256f-4800-90fa-345196729611\" style=\"visibility: visible;\" role=\"presentation\" height=\"64\" width=\"64\"><span class=\"labelWrapper\"><span>Music</span></span></div>"}, {109b9086-bf3b-42a6-b7fb-1a1a4ad48c09}, {109b9086-bf3b-42a6-b7fb-1a1a4ad48c09}
04-25 07:21:02.850 I/Gecko   (   83): 1398435662866	Marionette	INFO	sendToClient: {"from":"0","value":"<div><img src=\"blob:08be0a10-d8cd-4d71-afd0-dde24743969c\" style=\"visibility: visible;\" role=\"presentation\" height=\"64\" width=\"64\"><span class=\"labelWrapper\"><span>Video</span></span></div>"}, {32717bc4-4369-44b9-a474-7a0ab5108572}, {32717bc4-4369-44b9-a474-7a0ab5108572}
04-25 07:21:02.860 I/Gecko   (   83): 1398435662878	Marionette	INFO	sendToClient: {"from":"0","value":"<div><img src=\"blob:04d673ce-d245-41a4-84fa-b6d3c5fc03d2\" style=\"visibility: visible;\" role=\"presentation\" height=\"64\" width=\"64\"><span class=\"labelWrapper\"><span>QR Scanner</span></span></div><span data-is-icon=\"true\" class=\"options\"></span>"}, {5376da00-aa2a-4c1a-838f-a47c9d1527dc}, {5376da00-aa2a-4c1a-838f-a47c9d1527dc}
04-25 07:21:02.880 I/Gecko   (   83): 1398435662893	Marionette	INFO	sendToClient: {"from":"0","value":"<div><img src=\"blob:062ed0b4-7eca-4fa8-a7fd-22e6c2f62d32\" style=\"visibility: visible;\" role=\"presentation\" height=\"64\" width=\"64\"><span class=\"labelWrapper\"><span>Phone</span></span></div>"}, {91e47831-da73-4b2f-b63a-319db98a2fa3}, {91e47831-da73-4b2f-b63a-319db98a2fa3}
04-25 07:21:02.890 I/Gecko   (   83): 1398435662904	Marionette	INFO	sendToClient: {"from":"0","value":"<div><img src=\"blob:4c46e9c3-97cb-41e9-bd5a-42e3d17a6a8d\" style=\"visibility: visible;\" role=\"presentation\" height=\"64\" width=\"64\"><span class=\"labelWrapper\"><span>Messages</span></span></div>"}, {e0a9a84d-b428-4730-b31f-d4aa63f5d58d}, {e0a9a84d-b428-4730-b31f-d4aa63f5d58d}
04-25 07:21:02.900 I/Gecko   (   83): 1398435662917	Marionette	INFO	sendToClient: {"from":"0","value":"<div><img src=\"blob:c8a29d2b-16c5-445c-94c5-c8331edd8a67\" style=\"visibility: visible;\" role=\"presentation\" height=\"64\" width=\"64\"><span class=\"labelWrapper\"><span>Contacts</span></span></div>"}, {cefd4945-b28e-45c0-9349-a2acdb172694}, {cefd4945-b28e-45c0-9349-a2acdb172694}
04-25 07:21:02.910 I/Gecko   (   83): 1398435662928	Marionette	INFO	sendToClient: {"from":"0","value":"<div><img src=\"blob:66a1292c-2f1a-4210-8f42-7bd6b9f4f2f4\" style=\"visibility: visible;\" role=\"presentation\" height=\"64\" width=\"64\"><span class=\"labelWrapper\"><span>Browser</span></span></div>"}, {3d6d1020-2748-4020-b208-a4bb165ef32c}, {3d6d1020-2748-4020-b208-a4bb165ef32c}
04-25 07:21:04.980 I/Gecko   (   83): 1398435664998	Marionette	INFO	sendToClient: {"from":"0","value":["{d7bf5adf-0047-4067-b0cc-64bbba08a9d2}","{be1399f3-eac1-42f3-b3cb-a22948f3d2f4}","{2f74b0ce-6e0c-408d-aac0-3be8517d0ac5}","{e9325f3e-f9e1-431e-a852-24cc73076ad1}","{dad47793-7930-4115-863d-39f8ed2e080f}","{dd926cdb-8fad-4ef1-bba7-78b5a2d459df}","{37a8f19d-a7c9-40a4-b735-7a61ec701c16}","{992e8ddd-d116-41bc-907c-d7ee29976f18}","{48bb6ce5-8067-4508-b6b3-c59b7097b8f6}","{ed4afc72-8543-4ef1-9245-c45ccd24aa12}","{90521bb6-4f52-42d3-931b-88d7d13e4220}","{76e54d5a-03fc-4467-adc9-fb341c474b04}","{d423b6bb-17c1-4841-9d4a-9f1f8999366f}","{61f6761e-6a76-45e4-8500-23742c410634}","{6fde4f3f-0c70-4ced-8c2b-7e3d5294b776}","{d458b320-c354-4530-b8dc-6b4744010606}","{656ffbf9-ad22-4eb3-9ebc-e3161a5dcfc4}","{c92fecda-d9e5-44e9-a445-4f25a080ed88}","{4e63de9c-081d-4f10-93a4-a7412f15972a}","{99220f15-5e3a-4ad3-9923-de69f7a01104}"]}, {d7bebe57-cd60-4d3e-9746-ac3a353b666f}, {d7bebe57-cd60-4d3e-9746-ac3a353b666f}
04-25 07:21:05.000 I/Gecko   (   83): 1398435665011	Marionette	INFO	sendToClient: {"from":"0","value":"<div><img src=\"blob:c2620a5a-39de-4a84-b4a4-69b6717fd53c\" style=\"visibility: visible;\" role=\"presentation\" height=\"64\" width=\"64\"><span class=\"labelWrapper\"><span>Social</span></span></div><span data-is-icon=\"true\" class=\"options\"></span>"}, {2329154e-db4e-4fff-ad16-2f2716b3c347}, {2329154e-db4e-4fff-ad16-2f2716b3c347}
04-25 07:21:05.020 I/Gecko   (   83): 1398435665033	Marionette	INFO	sendToClient: {"from":"0","value":"<div><img src=\"blob:3fd728a3-2c28-40ec-8c0d-2fd2f7e91cdc\" style=\"visibility: visible;\" role=\"presentation\" height=\"64\" width=\"64\"><span class=\"labelWrapper\"><span>Games</span></span></div><span data-is-icon=\"true\" class=\"options\"></span>"}, {429cd54d-42b7-45ba-a126-0c0c0aa7db71}, {429cd54d-42b7-45ba-a126-0c0c0aa7db71}
04-25 07:21:05.040 I/Gecko   (   83): 1398435665051	Marionette	INFO	sendToClient: {"from":"0","value":"<div><img src=\"blob:573d9e7d-92e6-406b-8cc3-968c6fd4f7fe\" style=\"visibility: visible;\" role=\"presentation\" height=\"64\" width=\"64\"><span class=\"labelWrapper\"><span>Music</span></span></div><span data-is-icon=\"true\" class=\"options\"></span>"}, {8c159f45-b459-4bed-838a-81a8e3293d92}, {8c159f45-b459-4bed-838a-81a8e3293d92}
04-25 07:21:05.070 I/Gecko   (   83): 1398435665084	Marionette	INFO	sendToClient: {"from":"0","value":"<div><img src=\"blob:e75db433-1184-456b-8ebb-394e517f8564\" style=\"visibility: visible;\" role=\"presentation\" height=\"64\" width=\"64\"><span class=\"labelWrapper\"><span>Showbiz</span></span></div><span data-is-icon=\"true\" class=\"options\"></span>"}, {6c582f60-eb4d-4d5b-a322-89d2322f4ccf}, {6c582f60-eb4d-4d5b-a322-89d2322f4ccf}
04-25 07:21:05.090 I/Gecko   (   83): 1398435665101	Marionette	INFO	sendToClient: {"from":"0","value":"<div><img src=\"blob:5ca46704-7ec1-4bcb-a6fb-f679d3e986cd\" style=\"visibility: visible;\" role=\"presentation\" height=\"64\" width=\"64\"><span class=\"labelWrapper\"><span>Camera</span></span></div>"}, {c8428d4d-e1e3-435b-ba63-55c47bb4f091}, {c8428d4d-e1e3-435b-ba63-55c47bb4f091}
04-25 07:21:05.100 I/Gecko   (   83): 1398435665119	Marionette	INFO	sendToClient: {"from":"0","value":"<div><img src=\"blob:b4e5e13f-02c3-4e5c-b795-a2d430cb3e4c\" style=\"visibility: visible;\" role=\"presentation\" height=\"64\" width=\"64\"><span class=\"labelWrapper\"><span>Gallery</span></span></div>"}, {476ed345-01df-42bd-8529-1a179c7abfec}, {476ed345-01df-42bd-8529-1a179c7abfec}
04-25 07:21:05.120 I/Gecko   (   83): 1398435665132	Marionette	INFO	sendToClient: {"from":"0","value":"<div><img src=\"blob:283223e0-c1e5-412b-bae0-c69e84797b0e\" style=\"visibility: visible;\" role=\"presentation\" height=\"64\" width=\"64\"><span class=\"labelWrapper\"><span>FM Radio</span></span></div>"}, {6df12cfa-3886-4e2e-bd37-3615b24c77f1}, {6df12cfa-3886-4e2e-bd37-3615b24c77f1}
04-25 07:21:05.140 I/Gecko   (   83): 1398435665151	Marionette	INFO	sendToClient: {"from":"0","value":"<div><img src=\"blob:d5a0fcd5-c8b8-4bba-bdc1-4a36d3c33b72\" style=\"visibility: visible;\" role=\"presentation\" height=\"64\" width=\"64\"><span class=\"labelWrapper\"><span>Settings</span></span></div>"}, {2a5e44e6-6f68-4016-a2a8-6d435c6b52da}, {2a5e44e6-6f68-4016-a2a8-6d435c6b52da}
04-25 07:21:05.160 I/Gecko   (   83): 1398435665175	Marionette	INFO	sendToClient: {"from":"0","value":"<div><img src=\"blob:fe160733-9db1-4786-9320-ac0042fe1952\" style=\"visibility: visible;\" role=\"presentation\" height=\"64\" width=\"64\"><span class=\"labelWrapper\"><span>Marketplace</span></span></div>"}, {6ec8da44-2434-4232-9bcf-7e64cfbcf39d}, {6ec8da44-2434-4232-9bcf-7e64cfbcf39d}
04-25 07:21:05.170 I/Gecko   (   83): 1398435665185	Marionette	INFO	sendToClient: {"from":"0","value":"<div><img src=\"blob:b924b978-ce1e-4e5e-bb34-76bf74b2822b\" style=\"visibility: visible;\" role=\"presentation\" height=\"64\" width=\"64\"><span class=\"labelWrapper\"><span>Calendar</span></span></div>"}, {391b21e7-bf85-4a3f-a53f-3045f5c273b5}, {391b21e7-bf85-4a3f-a53f-3045f5c273b5}
04-25 07:21:05.190 I/Gecko   (   83): 1398435665202	Marionette	INFO	sendToClient: {"from":"0","value":"<div><img src=\"blob:bbb4c18b-701c-472a-b6c2-233da15acb10\" style=\"visibility: visible;\" role=\"presentation\" height=\"64\" width=\"64\"><span class=\"labelWrapper\"><span>Clock</span></span></div>"}, {524e43e4-9790-426a-b992-9ffe0c198829}, {524e43e4-9790-426a-b992-9ffe0c198829}
04-25 07:21:05.210 I/Gecko   (   83): 1398435665222	Marionette	INFO	sendToClient: {"from":"0","value":"<div><img src=\"blob:48d8a4e7-70d6-47ba-8711-bd00130b10d6\" style=\"visibility: visible;\" role=\"presentation\" height=\"64\" width=\"64\"><span class=\"labelWrapper\"><span>Usage</span></span></div>"}, {4d007801-9d31-413b-95ab-f7a395fe954c}, {4d007801-9d31-413b-95ab-f7a395fe954c}
04-25 07:21:05.260 I/Gecko   (   83): 1398435665275	Marionette	INFO	sendToClient: {"from":"0","value":"<div><img src=\"blob:c670fe49-9812-4c62-b928-73142dc30bdc\" style=\"visibility: visible;\" role=\"presentation\" height=\"64\" width=\"64\"><span class=\"labelWrapper\"><span>E-Mail</span></span></div>"}, {85fe302d-bb04-4986-a2f6-2876e78fbbd6}, {85fe302d-bb04-4986-a2f6-2876e78fbbd6}
04-25 07:21:05.270 I/Gecko   (   83): 1398435665286	Marionette	INFO	sendToClient: {"from":"0","value":"<div><img src=\"blob:8d391568-256f-4800-90fa-345196729611\" style=\"visibility: visible;\" role=\"presentation\" height=\"64\" width=\"64\"><span class=\"labelWrapper\"><span>Music</span></span></div>"}, {bc3aea40-de22-43f9-8c5a-5ab3e1e00b14}, {bc3aea40-de22-43f9-8c5a-5ab3e1e00b14}
04-25 07:21:05.290 I/Gecko   (   83): 1398435665302	Marionette	INFO	sendToClient: {"from":"0","value":"<div><img src=\"blob:08be0a10-d8cd-4d71-afd0-dde24743969c\" style=\"visibility: visible;\" role=\"presentation\" height=\"64\" width=\"64\"><span class=\"labelWrapper\"><span>Video</span></span></div>"}, {ded47b32-9412-4824-8696-6e03a5f3cf16}, {ded47b32-9412-4824-8696-6e03a5f3cf16}
04-25 07:21:05.310 I/Gecko   (   83): 1398435665322	Marionette	INFO	sendToClient: {"from":"0","value":"<div><img src=\"blob:04d673ce-d245-41a4-84fa-b6d3c5fc03d2\" style=\"visibility: visible;\" role=\"presentation\" height=\"64\" width=\"64\"><span class=\"labelWrapper\"><span>QR Scanner</span></span></div><span data-is-icon=\"true\" class=\"options\"></span>"}, {20841639-38d3-44f5-89c0-37edc1bdd567}, {20841639-38d3-44f5-89c0-37edc1bdd567}
04-25 07:21:05.320 I/Gecko   (   83): 1398435665335	Marionette	INFO	sendToClient: {"from":"0","value":"<div><img src=\"blob:062ed0b4-7eca-4fa8-a7fd-22e6c2f62d32\" style=\"visibility: visible;\" role=\"presentation\" height=\"64\" width=\"64\"><span class=\"labelWrapper\"><span>Phone</span></span></div>"}, {774aded0-d150-42c2-9c56-c46b07c855d6}, {774aded0-d150-42c2-9c56-c46b07c855d6}
04-25 07:21:05.340 I/Gecko   (   83): 1398435665356	Marionette	INFO	sendToClient: {"from":"0","value":"<div><img src=\"blob:4c46e9c3-97cb-41e9-bd5a-42e3d17a6a8d\" style=\"visibility: visible;\" role=\"presentation\" height=\"64\" width=\"64\"><span class=\"labelWrapper\"><span>Messages</span></span></div>"}, {a437f268-8ce1-41c8-aff6-53384b88a03f}, {a437f268-8ce1-41c8-aff6-53384b88a03f}
04-25 07:21:05.360 I/Gecko   (   83): 1398435665373	Marionette	INFO	sendToClient: {"from":"0","value":"<div><img src=\"blob:c8a29d2b-16c5-445c-94c5-c8331edd8a67\" style=\"visibility: visible;\" role=\"presentation\" height=\"64\" width=\"64\"><span class=\"labelWrapper\"><span>Contacts</span></span></div>"}, {c7e12796-c7a2-40df-ac84-c396f59088ff}, {c7e12796-c7a2-40df-ac84-c396f59088ff}
04-25 07:21:05.380 I/Gecko   (   83): 1398435665391	Marionette	INFO	sendToClient: {"from":"0","value":"<div><img src=\"blob:66a1292c-2f1a-4210-8f42-7bd6b9f4f2f4\" style=\"visibility: visible;\" role=\"presentation\" height=\"64\" width=\"64\"><span class=\"labelWrapper\"><span>Browser</span></span></div>"}, {0f1b0b7c-905e-4a20-9406-3f926d80170e}, {0f1b0b7c-905e-4a20-9406-3f926d80170e}
04-25 07:21:05.730 E/Profiler( 5982): BEGIN mozilla_sampler_init
04-25 07:21:05.730 E/Profiler( 5982): BPUnw: [1 total] thread_register_for_profiling(me=0x400d4488, stacktop=0xbeef99b7)
04-25 07:21:05.730 E/Profiler( 5982): SPS:
04-25 07:21:05.730 E/Profiler( 5982): SPS: Unwind mode       = pseudo
04-25 07:21:05.730 E/Profiler( 5982): SPS: Sampling interval = 0 ms (zero means "platform default")
04-25 07:21:05.730 E/Profiler( 5982): SPS: Entry store size  = 0 (zero means "platform default")
04-25 07:21:05.730 E/Profiler( 5982): SPS: UnwindStackScan   = 0 (max dubious frames per unwind).
04-25 07:21:05.730 E/Profiler( 5982): SPS: Use env var MOZ_PROFILER_MODE=help for further information.
04-25 07:21:05.730 E/Profiler( 5982): SPS:
04-25 07:21:05.730 E/Profiler( 5982): Registering start signal
04-25 07:21:05.940 E/GeckoConsole( 5982): Could not read chrome manifest 'file:///system/b2g/chrome.manifest'.
04-25 07:21:11.080 I/GonkMemoryPressure(   83): Checking to see if memory pressure is over.
04-25 07:21:11.080 I/GonkMemoryPressure(   83): Memory pressure is over.
04-25 07:21:11.080 I/GonkMemoryPressure( 5903): Checking to see if memory pressure is over.
04-25 07:21:11.100 I/GonkMemoryPressure( 5903): Memory pressure is over.
04-25 07:21:11.130 W/WifiHW  (   83): wifi_command: SIGNAL_POLL
04-25 07:21:11.150 I/GonkMemoryPressure( 5964): Checking to see if memory pressure is over.
04-25 07:21:11.240 I/GonkMemoryPressure( 5964): Memory pressure is over.
04-25 07:21:14.760 I/Gecko   (   83): 1398435674744	Marionette	INFO	sendToClient: {"from":"0","value":["{d7bf5adf-0047-4067-b0cc-64bbba08a9d2}","{be1399f3-eac1-42f3-b3cb-a22948f3d2f4}","{2f74b0ce-6e0c-408d-aac0-3be8517d0ac5}","{e9325f3e-f9e1-431e-a852-24cc73076ad1}","{dad47793-7930-4115-863d-39f8ed2e080f}","{dd926cdb-8fad-4ef1-bba7-78b5a2d459df}","{37a8f19d-a7c9-40a4-b735-7a61ec701c16}","{992e8ddd-d116-41bc-907c-d7ee29976f18}","{48bb6ce5-8067-4508-b6b3-c59b7097b8f6}","{ed4afc72-8543-4ef1-9245-c45ccd24aa12}","{90521bb6-4f52-42d3-931b-88d7d13e4220}","{76e54d5a-03fc-4467-adc9-fb341c474b04}","{d423b6bb-17c1-4841-9d4a-9f1f8999366f}","{61f6761e-6a76-45e4-8500-23742c410634}","{6fde4f3f-0c70-4ced-8c2b-7e3d5294b776}","{d458b320-c354-4530-b8dc-6b4744010606}","{656ffbf9-ad22-4eb3-9ebc-e3161a5dcfc4}","{c92fecda-d9e5-44e9-a445-4f25a080ed88}","{4e63de9c-081d-4f10-93a4-a7412f15972a}","{99220f15-5e3a-4ad3-9923-de69f7a01104}"]}, {1ad05bc2-0c40-4107-87a3-cbdde1828fdd}, {1ad05bc2-0c40-4107-87a3-cbdde1828fdd}
04-25 07:21:15.200 I/Gonk    (   83): Setting nice for pid 5995 to 18
04-25 07:21:15.200 I/Gonk    (   83): Changed nice for pid 5995 from 0 to 18.
04-25 07:21:15.640 I/Gecko   (   83): 1398435675658	Marionette	INFO	sendToClient: {"from":"0","value":"<div><img src=\"blob:c2620a5a-39de-4a84-b4a4-69b6717fd53c\" style=\"visibility: visible;\" role=\"presentation\" height=\"64\" width=\"64\"><span class=\"labelWrapper\"><span>Social</span></span></div><span data-is-icon=\"true\" class=\"options\"></span>"}, {da45b50a-4574-43a8-8a39-6c819e6dc76c}, {da45b50a-4574-43a8-8a39-6c819e6dc76c}
04-25 07:21:15.660 I/Gecko   (   83): 1398435675671	Marionette	INFO	sendToClient: {"from":"0","value":"<div><img src=\"blob:3fd728a3-2c28-40ec-8c0d-2fd2f7e91cdc\" style=\"visibility: visible;\" role=\"presentation\" height=\"64\" width=\"64\"><span class=\"labelWrapper\"><span>Games</span></span></div><span data-is-icon=\"true\" class=\"options\"></span>"}, {eab50560-2bd2-41ae-a41e-ff6480991e86}, {eab50560-2bd2-41ae-a41e-ff6480991e86}
04-25 07:21:15.670 I/Gecko   (   83): 1398435675684	Marionette	INFO	sendToClient: {"from":"0","value":"<div><img src=\"blob:573d9e7d-92e6-406b-8cc3-968c6fd4f7fe\" style=\"visibility: visible;\" role=\"presentation\" height=\"64\" width=\"64\"><span class=\"labelWrapper\"><span>Music</span></span></div><span data-is-icon=\"true\" class=\"options\"></span>"}, {8f144639-6701-4311-9e3e-7e89496e1463}, {8f144639-6701-4311-9e3e-7e89496e1463}
04-25 07:21:15.680 I/Gecko   (   83): 1398435675696	Marionette	INFO	sendToClient: {"from":"0","value":"<div><img src=\"blob:e75db433-1184-456b-8ebb-394e517f8564\" style=\"visibility: visible;\" role=\"presentation\" height=\"64\" width=\"64\"><span class=\"labelWrapper\"><span>Showbiz</span></span></div><span data-is-icon=\"true\" class=\"options\"></span>"}, {b58ccd5f-fe26-4a8d-abc4-6de14db056b0}, {b58ccd5f-fe26-4a8d-abc4-6de14db056b0}
04-25 07:21:15.700 I/Gecko   (   83): 1398435675720	Marionette	INFO	sendToClient: {"from":"0","value":"<div><img src=\"blob:5ca46704-7ec1-4bcb-a6fb-f679d3e986cd\" style=\"visibility: visible;\" role=\"presentation\" height=\"64\" width=\"64\"><span class=\"labelWrapper\"><span>Camera</span></span></div>"}, {50b70950-e8e5-460f-abd6-bdbc794011e1}, {50b70950-e8e5-460f-abd6-bdbc794011e1}
04-25 07:21:15.720 I/Gecko   (   83): 1398435675732	Marionette	INFO	sendToClient: {"from":"0","value":"<div><img src=\"blob:b4e5e13f-02c3-4e5c-b795-a2d430cb3e4c\" style=\"visibility: visible;\" role=\"presentation\" height=\"64\" width=\"64\"><span class=\"labelWrapper\"><span>Gallery</span></span></div>"}, {129e242c-8171-49b5-806f-9364b2e3d626}, {129e242c-8171-49b5-806f-9364b2e3d626}
04-25 07:21:15.730 I/Gecko   (   83): 1398435675743	Marionette	INFO	sendToClient: {"from":"0","value":"<div><img src=\"blob:283223e0-c1e5-412b-bae0-c69e84797b0e\" style=\"visibility: visible;\" role=\"presentation\" height=\"64\" width=\"64\"><span class=\"labelWrapper\"><span>FM Radio</span></span></div>"}, {ece059a9-14c1-4cd7-ae21-e754a74a5158}, {ece059a9-14c1-4cd7-ae21-e754a74a5158}
04-25 07:21:15.760 I/Gecko   (   83): 1398435675774	Marionette	INFO	sendToClient: {"from":"0","value":"<div><img src=\"blob:d5a0fcd5-c8b8-4bba-bdc1-4a36d3c33b72\" style=\"visibility: visible;\" role=\"presentation\" height=\"64\" width=\"64\"><span class=\"labelWrapper\"><span>Settings</span></span></div>"}, {cc0cd77b-91be-4004-b0e4-1f6462d26218}, {cc0cd77b-91be-4004-b0e4-1f6462d26218}
04-25 07:21:15.780 I/Gecko   (   83): 1398435675792	Marionette	INFO	sendToClient: {"from":"0","value":"<div><img src=\"blob:fe160733-9db1-4786-9320-ac0042fe1952\" style=\"visibility: visible;\" role=\"presentation\" height=\"64\" width=\"64\"><span class=\"labelWrapper\"><span>Marketplace</span></span></div>"}, {e1698e8d-d4b2-42d2-b7cc-2c237d53aed7}, {e1698e8d-d4b2-42d2-b7cc-2c237d53aed7}
04-25 07:21:15.800 I/Gecko   (   83): 1398435675811	Marionette	INFO	sendToClient: {"from":"0","value":"<div><img src=\"blob:b924b978-ce1e-4e5e-bb34-76bf74b2822b\" style=\"visibility: visible;\" role=\"presentation\" height=\"64\" width=\"64\"><span class=\"labelWrapper\"><span>Calendar</span></span></div>"}, {7f919626-f646-4105-93d6-7419e947cc4d}, {7f919626-f646-4105-93d6-7419e947cc4d}
04-25 07:21:15.810 I/Gecko   (   83): 1398435675824	Marionette	INFO	sendToClient: {"from":"0","value":"<div><img src=\"blob:bbb4c18b-701c-472a-b6c2-233da15acb10\" style=\"visibility: visible;\" role=\"presentation\" height=\"64\" width=\"64\"><span class=\"labelWrapper\"><span>Clock</span></span></div>"}, {b2354165-c358-4ad4-b383-529b1e67c38b}, {b2354165-c358-4ad4-b383-529b1e67c38b}
04-25 07:21:15.830 I/Gecko   (   83): 1398435675848	Marionette	INFO	sendToClient: {"from":"0","value":"<div><img src=\"blob:48d8a4e7-70d6-47ba-8711-bd00130b10d6\" style=\"visibility: visible;\" role=\"presentation\" height=\"64\" width=\"64\"><span class=\"labelWrapper\"><span>Usage</span></span></div>"}, {6373502d-1a31-4fa8-b89d-08728e004b7c}, {6373502d-1a31-4fa8-b89d-08728e004b7c}
04-25 07:21:15.840 I/Gecko   (   83): 1398435675859	Marionette	INFO	sendToClient: {"from":"0","value":"<div><img src=\"blob:c670fe49-9812-4c62-b928-73142dc30bdc\" style=\"visibility: visible;\" role=\"presentation\" height=\"64\" width=\"64\"><span class=\"labelWrapper\"><span>E-Mail</span></span></div>"}, {9aa759d5-3ba8-47fb-b875-b7ccc3491e00}, {9aa759d5-3ba8-47fb-b875-b7ccc3491e00}
04-25 07:21:15.860 I/Gecko   (   83): 1398435675880	Marionette	INFO	sendToClient: {"from":"0","value":"<div><img src=\"blob:8d391568-256f-4800-90fa-345196729611\" style=\"visibility: visible;\" role=\"presentation\" height=\"64\" width=\"64\"><span class=\"labelWrapper\"><span>Music</span></span></div>"}, {1f0ab078-84c9-438b-9e66-3d28f578dccb}, {1f0ab078-84c9-438b-9e66-3d28f578dccb}
04-25 07:21:15.880 I/Gecko   (   83): 1398435675894	Marionette	INFO	sendToClient: {"from":"0","value":"<div><img src=\"blob:08be0a10-d8cd-4d71-afd0-dde24743969c\" style=\"visibility: visible;\" role=\"presentation\" height=\"64\" width=\"64\"><span class=\"labelWrapper\"><span>Video</span></span></div>"}, {c1391ceb-4251-4cb1-8d8f-2f27933ca397}, {c1391ceb-4251-4cb1-8d8f-2f27933ca397}
04-25 07:21:15.890 I/Gecko   (   83): 1398435675907	Marionette	INFO	sendToClient: {"from":"0","value":"<div><img src=\"blob:04d673ce-d245-41a4-84fa-b6d3c5fc03d2\" style=\"visibility: visible;\" role=\"presentation\" height=\"64\" width=\"64\"><span class=\"labelWrapper\"><span>QR Scanner</span></span></div><span data-is-icon=\"true\" class=\"options\"></span>"}, {2f3165f1-f1f1-4452-a516-f4b1ce92308e}, {2f3165f1-f1f1-4452-a516-f4b1ce92308e}
04-25 07:21:15.900 I/Gecko   (   83): 1398435675919	Marionette	INFO	sendToClient: {"from":"0","value":"<div><img src=\"blob:062ed0b4-7eca-4fa8-a7fd-22e6c2f62d32\" style=\"visibility: visible;\" role=\"presentation\" height=\"64\" width=\"64\"><span class=\"labelWrapper\"><span>Phone</span></span></div>"}, {1e01993a-248b-4d89-b55d-0e18b22e66a4}, {1e01993a-248b-4d89-b55d-0e18b22e66a4}
04-25 07:21:15.920 I/Gecko   (   83): 1398435675931	Marionette	INFO	sendToClient: {"from":"0","value":"<div><img src=\"blob:4c46e9c3-97cb-41e9-bd5a-42e3d17a6a8d\" style=\"visibility: visible;\" role=\"presentation\" height=\"64\" width=\"64\"><span class=\"labelWrapper\"><span>Messages</span></span></div>"}, {a36b257d-9709-4177-9659-2d25dd381258}, {a36b257d-9709-4177-9659-2d25dd381258}
04-25 07:21:15.930 I/Gecko   (   83): 1398435675942	Marionette	INFO	sendToClient: {"from":"0","value":"<div><img src=\"blob:c8a29d2b-16c5-445c-94c5-c8331edd8a67\" style=\"visibility: visible;\" role=\"presentation\" height=\"64\" width=\"64\"><span class=\"labelWrapper\"><span>Contacts</span></span></div>"}, {26a104ad-1b97-4dad-a3b7-206cb3ebd024}, {26a104ad-1b97-4dad-a3b7-206cb3ebd024}
04-25 07:21:15.940 I/Gecko   (   83): 1398435675953	Marionette	INFO	sendToClient: {"from":"0","value":"<div><img src=\"blob:66a1292c-2f1a-4210-8f42-7bd6b9f4f2f4\" style=\"visibility: visible;\" role=\"presentation\" height=\"64\" width=\"64\"><span class=\"labelWrapper\"><span>Browser</span></span></div>"}, {caaeee14-b889-450f-86bb-c911d0b19f55}, {caaeee14-b889-450f-86bb-c911d0b19f55}
04-25 07:21:15.960 I/Gecko   (   83): 1398435675971	Marionette	INFO	sendToClient: {"from":"0","value":"app://homescreen.gaiamobile.org/index.html#root"}, {504f9d27-1d2f-4905-bd9f-10f50ca4274a}, {504f9d27-1d2f-4905-bd9f-10f50ca4274a}
04-25 07:21:15.960 I/Gecko   (   83): 1398435675977	Marionette	DEBUG	Got request: switchToFrame, data: {"to":"0","sessionId":"3-b2g","name":"switchToFrame","parameters":{"id":null,"focus":true}}, id: {1ca4edec-f950-4ea9-887c-d7dc171e7ca6}
04-25 07:21:16.020 I/Gecko   (   83): 1398435676032	Marionette	INFO	Switched to frame: {"frameValue":null}
04-25 07:21:16.130 W/WifiHW  (   83): wifi_command: SIGNAL_POLL
04-25 07:21:16.140 I/Gecko   (   83): 1398435676154	Marionette	INFO	sendToClient: {"from":"0","ok":true}, {1ca4edec-f950-4ea9-887c-d7dc171e7ca6}, {1ca4edec-f950-4ea9-887c-d7dc171e7ca6}
04-25 07:21:16.150 I/Gecko   (   83): 1398435676165	Marionette	DEBUG	Got request: switchToFrame, data: {"to":"0","sessionId":"3-b2g","name":"switchToFrame","parameters":{"id":null,"focus":true}}, id: {afc3dec0-d209-4149-8ac7-c17cf31d06d7}
04-25 07:21:16.150 I/Gecko   (   83): 1398435676167	Marionette	INFO	Switched to frame: {"frameValue":null}
04-25 07:21:16.250 I/Gecko   (   83): 1398435676270	Marionette	INFO	sendToClient: {"from":"0","ok":true}, {afc3dec0-d209-4149-8ac7-c17cf31d06d7}, {afc3dec0-d209-4149-8ac7-c17cf31d06d7}
04-25 07:21:16.260 I/Gecko   (   83): 1398435676276	Marionette	DEBUG	Got request: executeWithCallback, data: {"to":"0","sessionId":"3-b2g","name":"executeAsyncScript","parameters":{"specialPowers":false,"scriptTimeout":30000,"newSandbox":true,"args":[],"filename":"app_checker.py","script":"GaiaApps.launchWithManifestURL('http://qr.penduin.net/manifest.webapp')","line":106}}, id: {42c106aa-a704-40e0-a67c-34ca868e8d49}
04-25 07:21:16.520 E/GeckoConsole(   83): Content JS LOG at dummy file:334 in GaiaApps.launch: launching app with name 'QR Scanner'
04-25 07:21:16.790 I/Gonk    (   83): Setting nice for pid 5995 to 18
04-25 07:21:16.790 I/Gonk    (   83): Changed nice for pid 5995 from 18 to 18.
04-25 07:21:16.790 I/Gecko   (   83): [Parent 83] WARNING: waitpid failed pid:5995 errno:10: file ../../../gecko/ipc/chromium/src/base/process_util_posix.cc, line 254
04-25 07:21:16.800 I/Gonk    (   83): Setting nice for pid 5995 to 1
04-25 07:21:16.800 I/Gonk    (   83): Changed nice for pid 5995 from 18 to 1.
04-25 07:21:17.120 E/[Gralloc-ERROR](   83): int gralloc_register_buffer(const gralloc_module_t*, const native_handle_t*):79 Unable to register handle 0x46001b00 coming from different process: 83
04-25 07:21:17.150 E/[Gralloc-ERROR](   83): int gralloc_register_buffer(const gralloc_module_t*, const native_handle_t*):79 Unable to register handle 0x46001c40 coming from different process: 83
04-25 07:21:17.270 E/[Gralloc-ERROR](   83): int gralloc_register_buffer(const gralloc_module_t*, const native_handle_t*):79 Unable to register handle 0x46001d30 coming from different process: 83
04-25 07:21:17.270 E/[Gralloc-ERROR](   83): int gralloc_register_buffer(const gralloc_module_t*, const native_handle_t*):79 Unable to register handle 0x46001f10 coming from different process: 83
04-25 07:21:17.490 D/Sensors (   83): activate handle=0; drv=0
04-25 07:21:17.500 D/Sensors (   83): Lis3dhSensor: Control set 1
04-25 07:21:17.500 D/Sensors (   83): Lis3dhSensor: mEnabled = 1
04-25 07:21:17.590 I/Gonk    (   83): Setting nice for pid 5903 to 18
04-25 07:21:17.600 I/Gonk    (   83): Changed nice for pid 5903 from 1 to 18.
04-25 07:21:17.770 I/Gecko   (   83): [Parent 83] WARNING: pipe error (96): Connection reset by peer: file ../../../gecko/ipc/chromium/src/chrome/common/ipc_channel_posix.cc, line 446
04-25 07:21:17.850 I/GonkMemoryPressure(   83): Checking to see if memory pressure is over.
04-25 07:21:17.850 I/Gecko   (   83): 
04-25 07:21:17.850 I/Gecko   (   83): ###!!! [Parent][MessageChannel] Error: Channel error: cannot send/recv
04-25 07:21:17.850 I/Gecko   (   83): 
04-25 07:21:17.870 I/GonkMemoryPressure(   83): Memory pressure is over.
04-25 07:21:17.880 I/GonkMemoryPressure( 5964): Checking to see if memory pressure is over.
04-25 07:21:17.930 I/GonkMemoryPressure( 5964): Memory pressure is over.
04-25 07:21:18.030 I/Gecko   (   83): [Parent 83] WARNING: waitpid failed pid:5903 errno:10: file ../../../gecko/ipc/chromium/src/base/process_util_posix.cc, line 254
04-25 07:21:19.410 I/Gecko   ( 5995): ###################################### forms.js loaded
04-25 07:21:19.460 I/Gecko   ( 5995): ############################### browserElementPanning.js loaded
04-25 07:21:19.500 I/Gecko   ( 5995): ######################## BrowserElementChildPreload.js loaded
04-25 07:21:19.870 I/GonkMemoryPressure( 5995): Checking to see if memory pressure is over.
04-25 07:21:19.870 I/GonkMemoryPressure( 5995): Memory pressure is over.
04-25 07:21:20.030 I/Gecko   (   83): [Parent 83] WARNING: waitpid failed pid:5903 errno:10: file ../../../gecko/ipc/chromium/src/base/process_util_posix.cc, line 254
04-25 07:21:20.030 I/Gecko   (   83): [Parent 83] WARNING: Failed to deliver SIGKILL to 5903!(3).: file ../../../gecko/ipc/chromium/src/chrome/common/process_watcher_posix_sigchld.cc, line 118
04-25 07:21:21.130 W/WifiHW  (   83): wifi_command: SIGNAL_POLL
04-25 07:21:22.200 E/GeckoConsole( 5995): [JavaScript Warning: "Error in parsing value for 'background'.  Declaration dropped." {file: "http://qr.penduin.net/qr.css" line: 87 column: 13 source: "  background:-webkit-gradient(linear,left top,left bottom,color-stop(0%,#6a7b86),color-stop(100%,#424f5a));"}]
04-25 07:21:22.210 E/GeckoConsole( 5995): [JavaScript Warning: "Error in parsing value for 'background'.  Declaration dropped." {file: "http://qr.penduin.net/qr.css" line: 88 column: 13 source: "  background:-webkit-linear-gradient(top,#6a7b86 0%,#424f5a 100%);"}]
04-25 07:21:22.210 E/GeckoConsole( 5995): [JavaScript Warning: "Error in parsing value for 'background'.  Declaration dropped." {file: "http://qr.penduin.net/qr.css" line: 89 column: 13 source: "  background:-o-linear-gradient(top,#6a7b86 0%,#424f5a 100%);"}]
04-25 07:21:22.210 E/GeckoConsole( 5995): [JavaScript Warning: "Error in parsing value for 'background'.  Declaration dropped." {file: "http://qr.penduin.net/qr.css" line: 90 column: 13 source: "  background:-ms-linear-gradient(top,#6a7b86 0%,#424f5a 100%);"}]
04-25 07:21:22.210 E/GeckoConsole( 5995): [JavaScript Warning: "Expected color but found 'top'.  Error in parsing value for 'background'.  Declaration dropped." {file: "http://qr.penduin.net/qr.css" line: 91 column: 29 source: "  background:linear-gradient(top,#6a7b86 0%,#424f5a 100%);"}]
04-25 07:21:22.210 E/GeckoConsole( 5995): [JavaScript Warning: "Expected 'none' or URL but found 'progid'.  Error in parsing value for 'filter'.  Declaration dropped." {file: "http://qr.penduin.net/qr.css" line: 92 column: 9 source: "  filter:progid:DXImageTransform.Microsoft.gradient(startColorstr='#6a7b86',endColorstr='#424f5a',GradientType=0);"}]
04-25 07:21:22.210 E/GeckoConsole( 5995): [JavaScript Warning: "Error in parsing value for 'background'.  Declaration dropped." {file: "http://qr.penduin.net/qr.css" line: 131 column: 13 source: "  background:-webkit-gradient(linear,left top,left bottom,color-stop(0%,#b4beca),color-stop(100%,#e1e5eB));"}]
04-25 07:21:22.220 E/GeckoConsole( 5995): [JavaScript Warning: "Error in parsing value for 'background'.  Declaration dropped." {file: "http://qr.penduin.net/qr.css" line: 132 column: 13 source: "  background:-webkit-linear-gradient(top,#b4beca 0%,#e1e5eB 100%);"}]
04-25 07:21:22.230 E/GeckoConsole( 5995): [JavaScript Warning: "Error in parsing value for 'background'.  Declaration dropped." {file: "http://qr.penduin.net/qr.css" line: 133 column: 13 source: "  background:-o-linear-gradient(top,#b4beca 0%,#e1e5eB 100%);"}]
04-25 07:21:22.230 E/GeckoConsole( 5995): [JavaScript Warning: "Error in parsing value for 'background'.  Declaration dropped." {file: "http://qr.penduin.net/qr.css" line: 134 column: 13 source: "  background:-ms-linear-gradient(top,#b4beca 0%,#e1e5eB 100%);"}]
04-25 07:21:22.230 E/GeckoConsole( 5995): [JavaScript Warning: "Expected color but found 'top'.  Error in parsing value for 'background'.  Declaration dropped." {file: "http://qr.penduin.net/qr.css" line: 135 column: 29 source: "  background:linear-gradient(top,#b4beca 0%,#e1e5eB 100%);"}]
04-25 07:21:22.230 E/GeckoConsole( 5995): [JavaScript Warning: "Expected 'none' or URL but found 'progid'.  Error in parsing value for 'filter'.  Declaration dropped." {file: "http://qr.penduin.net/qr.css" line: 136 column: 9 source: "  filter:progid:DXImageTransform.Microsoft.gradient(startColorstr='#b4beca',endColorstr='#e1e5eB',GradientType=0);"}]
04-25 07:21:26.590 W/WifiHW  (   83): wifi_command: SIGNAL_POLL
04-25 07:21:31.600 W/WifiHW  (   83): wifi_command: SIGNAL_POLL
04-25 07:21:31.690 E/Profiler(   83): BPUnw: [1 total] thread_unregister_for_profiling(me=0x14556d8)  (NOT REGISTERED) 
04-25 07:21:32.420 E/Profiler(   83): BPUnw: [1 total] thread_unregister_for_profiling(me=0x145afd8)  (NOT REGISTERED) 
04-25 07:21:32.840 E/Profiler(   83): BPUnw: [1 total] thread_unregister_for_profiling(me=0x1455608)  (NOT REGISTERED) 
04-25 07:21:32.850 E/Profiler(   83): BPUnw: [1 total] thread_unregister_for_profiling(me=0x14558b8)  (NOT REGISTERED) 
04-25 07:21:34.470 I/Gonk    (   83): Setting nice for pid 5964 to 18
04-25 07:21:34.480 I/Gonk    (   83): Changed nice for pid 5964 from 0 to 18.
04-25 07:21:34.480 I/Gecko   (   83): [Parent 83] WARNING: waitpid failed pid:5964 errno:10: file ../../../gecko/ipc/chromium/src/base/process_util_posix.cc, line 254
04-25 07:21:34.480 I/Gonk    (   83): Setting nice for pid 5964 to 1
04-25 07:21:34.480 I/Gonk    (   83): Changed nice for pid 5964 from 18 to 1.
04-25 07:21:34.490 I/Gonk    (   83): Setting nice for pid 5964 to 18
04-25 07:21:34.490 I/Gonk    (   83): Changed nice for pid 5964 from 1 to 18.
04-25 07:21:34.680 I/Gecko   (   83): [Parent 83] WARNING: pipe error (175): Connection reset by peer: file ../../../gecko/ipc/chromium/src/chrome/common/ipc_channel_posix.cc, line 446
04-25 07:21:34.720 I/log     ( 6016): <4>0[ 2530.992472] select 5964 ((Preallocated a), adj 8, size 3724, to kill 
04-25 07:21:34.800 I/Gecko   (   83): 
04-25 07:21:34.800 I/Gecko   (   83): ###!!! [Parent][MessageChannel] Error: Channel error: cannot send/recv
04-25 07:21:34.800 I/Gecko   (   83): 
04-25 07:21:34.830 I/Gecko   (   83): 
04-25 07:21:34.830 I/Gecko   (   83): ###!!! [Parent][MessageChannel] Error: Channel error: cannot send/recv
04-25 07:21:34.830 I/Gecko   (   83): 
04-25 07:21:34.900 I/Gecko   (   83): 
04-25 07:21:34.900 I/Gecko   (   83): ###!!! [Parent][MessageChannel] Error: Channel error: cannot send/recv
04-25 07:21:34.900 I/Gecko   (   83): 
04-25 07:21:34.900 I/Gecko   (   83): [Parent 83] WARNING: FileDescriptorSet destroyed with unconsumed descriptors: file ../../../gecko/ipc/chromium/src/chrome/common/file_descriptor_set_posix.cc, line 20
04-25 07:21:34.900 E/GeckoConsole(   83): Content JS LOG at dummy file:326 in GaiaApps.launch/appOpen/<: app with origin 'http://qr.penduin.net' has launched
04-25 07:21:34.910 I/Gecko   (   83): 1398435694922	Marionette	INFO	sendToClient: {"from":"0","value":{"frame":{"ELEMENT":"{d0488a33-8106-44df-a321-21096ce105f0}"},"src":"http://qr.penduin.net/index.html","name":"QR Scanner","origin":"http://qr.penduin.net"}}, {42c106aa-a704-40e0-a67c-34ca868e8d49}, {42c106aa-a704-40e0-a67c-34ca868e8d49}
04-25 07:21:34.930 E/[Gralloc-ERROR](   83): int gralloc_unregister_buffer(const gralloc_module_t*, const native_handle_t*):274 Trying to unregister buffer 0x46001b00 from process 83 that was not created in current process: 83
04-25 07:21:34.930 E/[Gralloc-ERROR](   83): int gralloc_unregister_buffer(const gralloc_module_t*, const native_handle_t*):274 Trying to unregister buffer 0x46001c40 from process 83 that was not created in current process: 83
04-25 07:21:34.930 E/[Gralloc-ERROR](   83): int gralloc_unregister_buffer(const gralloc_module_t*, const native_handle_t*):274 Trying to unregister buffer 0x46001f10 from process 83 that was not created in current process: 83
04-25 07:21:34.930 E/[Gralloc-ERROR](   83): int gralloc_unregister_buffer(const gralloc_module_t*, const native_handle_t*):274 Trying to unregister buffer 0x46001d30 from process 83 that was not created in current process: 83
04-25 07:21:34.930 I/Gecko   (   83): [Parent 83] WARNING: waitpid failed pid:5964 errno:10: file ../../../gecko/ipc/chromium/src/base/process_util_posix.cc, line 254
04-25 07:21:34.970 I/Gecko   (   83): 1398435694981	Marionette	DEBUG	Got request: switchToFrame, data: {"to":"0","sessionId":"3-b2g","name":"switchToFrame","parameters":{"focus":true,"element":"{d0488a33-8106-44df-a321-21096ce105f0}"}}, id: {e5fde1ad-1113-40fc-b36a-e15718a0fb14}
04-25 07:21:34.980 I/Gecko   (   83): 1398435694996	Marionette	INFO	Switched to frame: {"frameValue":"{d0488a33-8106-44df-a321-21096ce105f0}"}
04-25 07:21:34.980 I/Gecko   (   83): 1398435694999	Marionette	INFO	trying remote frame 0
04-25 07:21:34.990 I/Gecko   (   83): 1398435695001	Marionette	INFO	trying remote frame 1
04-25 07:21:34.990 I/Gecko   (   83): 1398435695002	Marionette	INFO	trying remote frame 2
04-25 07:21:34.990 I/Gecko   (   83): 1398435695002	Marionette	INFO	trying remote frame 3
04-25 07:21:34.990 I/Gecko   (   83): 1398435695003	Marionette	INFO	trying remote frame 4
04-25 07:21:34.990 I/Gecko   (   83): 1398435695004	Marionette	INFO	trying remote frame 5
04-25 07:21:34.990 I/Gecko   (   83): 1398435695005	Marionette	INFO	trying remote frame 6
