--------- beginning of /dev/log/main
04-26 03:26:15.569 I/Gecko   (   84): 1398507975582	Marionette	INFO	sendToClient: {"from":"0","ok":true}, {afb223ad-3676-48b6-a755-b86bead6da0b}, {afb223ad-3676-48b6-a755-b86bead6da0b}
04-26 03:26:15.589 W/WifiHW  (   84): wifi_command: SIGNAL_POLL
04-26 03:26:15.629 I/Gecko   (   84): 1398507975648	Marionette	DEBUG	Got request: switchToFrame, data: {"to":"0","sessionId":"3-b2g","name":"switchToFrame","parameters":{"id":null,"focus":true}}, id: {6b35c598-1f58-48a2-89fe-d2b6a7a35e18}
04-26 03:26:15.639 I/Gecko   (   84): 1398507975651	Marionette	INFO	Switched to frame: {"frameValue":null}
04-26 03:26:15.749 I/Gecko   (   84): 1398507975762	Marionette	INFO	sendToClient: {"from":"0","ok":true}, {6b35c598-1f58-48a2-89fe-d2b6a7a35e18}, {6b35c598-1f58-48a2-89fe-d2b6a7a35e18}
04-26 03:26:15.759 I/Gecko   (   84): 1398507975769	Marionette	DEBUG	Got request: executeWithCallback, data: {"to":"0","sessionId":"3-b2g","name":"executeAsyncScript","parameters":{"specialPowers":false,"scriptTimeout":null,"newSandbox":true,"args":[],"filename":"gaia_test.py","script":"return GaiaApps.displayedApp();","line":66}}, id: {f9d918dd-e83e-4690-96c5-53a735d4546e}
04-26 03:26:15.789 I/Gecko   (   84): [Parent 84] WARNING: waitpid failed pid:691 errno:10: file ../../../gecko/ipc/chromium/src/base/process_util_posix.cc, line 254
04-26 03:26:15.789 I/Gecko   (   84): [Parent 84] WARNING: Failed to deliver SIGKILL to 691!(3).: file ../../../gecko/ipc/chromium/src/chrome/common/process_watcher_posix_sigchld.cc, line 118
04-26 03:26:15.819 I/Gecko   (   84): 1398507975826	Marionette	INFO	sendToClient: {"from":"0","value":{"frame":{"ELEMENT":"{0544e9d3-e8d2-48d9-8c07-fa0fa9adb4d6}"},"src":"app://homescreen.gaiamobile.org/index.html#root","name":"Homescreen","origin":"app://homescreen.gaiamobile.org"}}, {f9d918dd-e83e-4690-96c5-53a735d4546e}, {f9d918dd-e83e-4690-96c5-53a735d4546e}
04-26 03:26:15.819 E/GeckoConsole(   84): Content JS LOG at dummy file:392 in GaiaApps.displayedApp: app with origin 'app://homescreen.gaiamobile.org' is displayed
04-26 03:26:15.849 I/Gecko   (   84): 1398507975867	Marionette	DEBUG	Got request: switchToFrame, data: {"to":"0","sessionId":"3-b2g","name":"switchToFrame","parameters":{"id":null,"focus":true}}, id: {5d9c5d46-6738-4340-a443-86cfd12a7f19}
04-26 03:26:15.859 I/Gecko   (   84): 1398507975871	Marionette	INFO	Switched to frame: {"frameValue":null}
04-26 03:26:15.969 I/Gecko   (   84): 1398507975980	Marionette	INFO	sendToClient: {"from":"0","ok":true}, {5d9c5d46-6738-4340-a443-86cfd12a7f19}, {5d9c5d46-6738-4340-a443-86cfd12a7f19}
04-26 03:26:15.969 I/Gecko   (   84): 1398507975987	Marionette	DEBUG	Got request: switchToFrame, data: {"to":"0","sessionId":"3-b2g","name":"switchToFrame","parameters":{"id":null,"focus":true}}, id: {411dbe48-0675-4e5d-8813-453f85f03577}
04-26 03:26:15.979 I/Gecko   (   84): 1398507975994	Marionette	INFO	Switched to frame: {"frameValue":null}
04-26 03:26:16.079 I/Gecko   (   84): 1398507976097	Marionette	INFO	sendToClient: {"from":"0","ok":true}, {411dbe48-0675-4e5d-8813-453f85f03577}, {411dbe48-0675-4e5d-8813-453f85f03577}
04-26 03:26:16.099 I/Gecko   (   84): 1398507976115	Marionette	DEBUG	Got request: executeWithCallback, data: {"to":"0","sessionId":"3-b2g","name":"executeAsyncScript","parameters":{"specialPowers":false,"scriptTimeout":null,"newSandbox":true,"args":[],"filename":"gaia_test.py","script":"return GaiaApps.displayedApp();","line":66}}, id: {b070708a-22e4-444e-9e9f-788683f3ba33}
04-26 03:26:16.199 E/GeckoConsole(   84): Content JS LOG at dummy file:392 in GaiaApps.displayedApp: app with origin 'app://homescreen.gaiamobile.org' is displayed
04-26 03:26:16.199 I/Gecko   (   84): 1398507976210	Marionette	INFO	sendToClient: {"from":"0","value":{"frame":{"ELEMENT":"{0544e9d3-e8d2-48d9-8c07-fa0fa9adb4d6}"},"src":"app://homescreen.gaiamobile.org/index.html#root","name":"Homescreen","origin":"app://homescreen.gaiamobile.org"}}, {b070708a-22e4-444e-9e9f-788683f3ba33}, {b070708a-22e4-444e-9e9f-788683f3ba33}
04-26 03:26:16.259 I/Gecko   (   84): 1398507976272	Marionette	DEBUG	Got request: switchToFrame, data: {"to":"0","sessionId":"3-b2g","name":"switchToFrame","parameters":{"focus":true,"element":"{0544e9d3-e8d2-48d9-8c07-fa0fa9adb4d6}"}}, id: {a2fb78fd-de4d-4ad5-a54a-cc11f81a8c3b}
04-26 03:26:16.289 I/Gecko   (   84): 1398507976307	Marionette	INFO	Switched to frame: {"frameValue":"{0544e9d3-e8d2-48d9-8c07-fa0fa9adb4d6}"}
04-26 03:26:16.309 I/Gecko   (   84): 1398507976320	Marionette	INFO	trying remote frame 0
04-26 03:26:16.309 I/Gecko   (   84): 1398507976321	Marionette	INFO	deleting frame
04-26 03:26:16.309 I/Gecko   (   84): 1398507976326	Marionette	INFO	frame-manager load script: [object ChromeMessageSender]
04-26 03:26:16.629 I/Gecko   (   84): 1398507976647	Marionette	INFO	sendToClient: {"from":"0","ok":true}, {a2fb78fd-de4d-4ad5-a54a-cc11f81a8c3b}, {a2fb78fd-de4d-4ad5-a54a-cc11f81a8c3b}
04-26 03:26:16.719 I/Gecko   (   84): 1398507976731	Marionette	INFO	sendToClient: {"from":"0","value":{"ELEMENT":"{e3253b70-4b32-4ef4-927e-afba8ef9d574}"}}, {60652058-9b05-45b7-bdc8-4548317e24f1}, {60652058-9b05-45b7-bdc8-4548317e24f1}
04-26 03:26:17.099 E/GeckoConsole(  759): [JavaScript Warning: "Use of getAttributeNode() is deprecated. Use getAttribute() instead." {file: "chrome://marionette/content/atoms.js" line: 25}]
04-26 03:26:17.099 E/GeckoConsole(  759): [JavaScript Warning: "Use of attributes' specified attribute is deprecated. It always returns true." {file: "chrome://marionette/content/atoms.js" line: 25}]
04-26 03:26:17.109 I/Gecko   (   84): 1398507977119	Marionette	INFO	sendToClient: {"from":"0","value":"normal"}, {368004f4-68b9-4631-8733-c8c9e8ffd129}, {368004f4-68b9-4631-8733-c8c9e8ffd129}
04-26 03:26:17.109 I/Gecko   (   84): 1398507977125	Marionette	DEBUG	Got request: switchToFrame, data: {"to":"0","sessionId":"3-b2g","name":"switchToFrame","parameters":{"id":null,"focus":true}}, id: {e2a10d41-9b0f-47c8-9f01-3be52e96036f}
04-26 03:26:17.129 I/Gecko   (   84): 1398507977140	Marionette	INFO	Switched to frame: {"frameValue":null}
04-26 03:26:17.229 I/Gecko   (   84): 1398507977246	Marionette	INFO	sendToClient: {"from":"0","ok":true}, {e2a10d41-9b0f-47c8-9f01-3be52e96036f}, {e2a10d41-9b0f-47c8-9f01-3be52e96036f}
04-26 03:26:17.239 I/Gecko   (   84): 1398507977253	Marionette	DEBUG	Got request: execute, data: {"to":"0","sessionId":"3-b2g","name":"executeScript","parameters":{"specialPowers":false,"scriptTimeout":null,"newSandbox":true,"args":[],"filename":"gaia_test.py","script":"window.wrappedJSObject.dispatchEvent(new Event('home'));","line":788}}, id: {4b67fc7f-418f-4a25-a85f-44d2f0e0b14a}
04-26 03:26:17.299 I/Gecko   (   84): 1398507977313	Marionette	INFO	sendToClient: {"from":"0","value":null}, {4b67fc7f-418f-4a25-a85f-44d2f0e0b14a}, {4b67fc7f-418f-4a25-a85f-44d2f0e0b14a}
04-26 03:26:17.309 I/Gecko   (   84): 1398507977320	Marionette	DEBUG	Got request: switchToFrame, data: {"to":"0","sessionId":"3-b2g","name":"switchToFrame","parameters":{"id":null,"focus":true}}, id: {4f3d5bd9-d0fd-450e-ae01-bd7626746ab2}
04-26 03:26:17.309 I/Gecko   (   84): 1398507977322	Marionette	INFO	Switched to frame: {"frameValue":null}
04-26 03:26:17.419 I/Gecko   (   84): 1398507977429	Marionette	INFO	sendToClient: {"from":"0","ok":true}, {4f3d5bd9-d0fd-450e-ae01-bd7626746ab2}, {4f3d5bd9-d0fd-450e-ae01-bd7626746ab2}
04-26 03:26:17.419 I/Gecko   (   84): 1398507977436	Marionette	DEBUG	Got request: switchToFrame, data: {"to":"0","sessionId":"3-b2g","name":"switchToFrame","parameters":{"id":null,"focus":true}}, id: {224d9c9b-8688-438f-abc6-0fd2703b066c}
04-26 03:26:17.419 I/Gecko   (   84): 1398507977438	Marionette	INFO	Switched to frame: {"frameValue":null}
04-26 03:26:17.559 I/Gecko   (   84): 1398507977576	Marionette	INFO	sendToClient: {"from":"0","ok":true}, {224d9c9b-8688-438f-abc6-0fd2703b066c}, {224d9c9b-8688-438f-abc6-0fd2703b066c}
04-26 03:26:17.569 I/Gecko   (   84): 1398507977585	Marionette	DEBUG	Got request: executeWithCallback, data: {"to":"0","sessionId":"3-b2g","name":"executeAsyncScript","parameters":{"specialPowers":false,"scriptTimeout":null,"newSandbox":true,"args":[],"filename":"gaia_test.py","script":"return GaiaApps.displayedApp();","line":66}}, id: {55961b16-668e-40ef-be18-6b6acfbf17e4}
04-26 03:26:17.649 E/GeckoConsole(   84): Content JS LOG at dummy file:392 in GaiaApps.displayedApp: app with origin 'app://homescreen.gaiamobile.org' is displayed
04-26 03:26:17.659 I/Gecko   (   84): 1398507977669	Marionette	INFO	sendToClient: {"from":"0","value":{"frame":{"ELEMENT":"{0544e9d3-e8d2-48d9-8c07-fa0fa9adb4d6}"},"src":"app://homescreen.gaiamobile.org/index.html#rootSat%20Apr%2026%202014%2003:26:17%20GMT-0700%20(UTC)","name":"Homescreen","origin":"app://homescreen.gaiamobile.org"}}, {55961b16-668e-40ef-be18-6b6acfbf17e4}, {55961b16-668e-40ef-be18-6b6acfbf17e4}
04-26 03:26:17.659 I/Gecko   (   84): 1398507977675	Marionette	DEBUG	Got request: switchToFrame, data: {"to":"0","sessionId":"3-b2g","name":"switchToFrame","parameters":{"focus":true,"element":"{0544e9d3-e8d2-48d9-8c07-fa0fa9adb4d6}"}}, id: {34446387-f27f-4845-aad5-4b4424b5e5a6}
04-26 03:26:17.679 I/Gecko   (   84): 1398507977689	Marionette	INFO	Switched to frame: {"frameValue":"{0544e9d3-e8d2-48d9-8c07-fa0fa9adb4d6}"}
04-26 03:26:17.679 I/Gecko   (   84): 1398507977692	Marionette	INFO	trying remote frame 0
04-26 03:26:18.659 I/Gecko   (   84): 1398507978671	Marionette	INFO	sendToClient: {"from":"0","ok":true}, {34446387-f27f-4845-aad5-4b4424b5e5a6}, {34446387-f27f-4845-aad5-4b4424b5e5a6}
04-26 03:26:18.659 E/GeckoConsole(  759): Content JS WARN at app://homescreen.gaiamobile.org/gaia_build_defer_index.js:184 in isHiddenApp: Unexpected role when checking hidden app: undefined
04-26 03:26:18.669 I/Gecko   (   84): 1398507978685	Marionette	DEBUG	Got request: execute, data: {"to":"0","sessionId":"3-b2g","name":"executeScript","parameters":{"specialPowers":false,"scriptTimeout":null,"newSandbox":true,"args":[],"filename":"gaia_test.py","script":"return window.wrappedJSObject.GridManager.pageHelper.getCurrentPageNumber();","line":784}}, id: {59724c52-39f7-4a6a-ba5d-7a1f8a4b3064}
04-26 03:26:18.669 E/GeckoConsole(  759): Content JS WARN at app://homescreen.gaiamobile.org/gaia_build_defer_index.js:184 in isHiddenApp: Unexpected role when checking hidden app: undefined
04-26 03:26:18.669 E/GeckoConsole(  759): Content JS WARN at app://homescreen.gaiamobile.org/gaia_build_defer_index.js:184 in isHiddenApp: Unexpected role when checking hidden app: undefined
04-26 03:26:18.669 E/GeckoConsole(  759): Content JS WARN at app://homescreen.gaiamobile.org/gaia_build_defer_index.js:184 in isHiddenApp: Unexpected role when checking hidden app: undefined
04-26 03:26:18.679 E/GeckoConsole(  759): Content JS WARN at app://homescreen.gaiamobile.org/gaia_build_defer_index.js:184 in isHiddenApp: Unexpected role when checking hidden app: undefined
04-26 03:26:18.679 E/GeckoConsole(  759): Content JS WARN at app://homescreen.gaiamobile.org/gaia_build_defer_index.js:184 in isHiddenApp: Unexpected role when checking hidden app: undefined
04-26 03:26:18.679 E/GeckoConsole(  759): Content JS WARN at app://homescreen.gaiamobile.org/gaia_build_defer_index.js:184 in isHiddenApp: Unexpected role when checking hidden app: undefined
04-26 03:26:18.679 E/GeckoConsole(  759): Content JS WARN at app://homescreen.gaiamobile.org/gaia_build_defer_index.js:184 in isHiddenApp: Unexpected role when checking hidden app: undefined
04-26 03:26:18.679 E/GeckoConsole(  759): Content JS WARN at app://homescreen.gaiamobile.org/gaia_build_defer_index.js:184 in isHiddenApp: Unexpected role when checking hidden app: undefined
04-26 03:26:18.679 E/GeckoConsole(  759): Content JS WARN at app://homescreen.gaiamobile.org/gaia_build_defer_index.js:184 in isHiddenApp: Unexpected role when checking hidden app: undefined
04-26 03:26:18.679 E/GeckoConsole(  759): Content JS WARN at app://homescreen.gaiamobile.org/gaia_build_defer_index.js:184 in isHiddenApp: Unexpected role when checking hidden app: undefined
04-26 03:26:18.679 E/GeckoConsole(  759): Content JS WARN at app://homescreen.gaiamobile.org/gaia_build_defer_index.js:184 in isHiddenApp: Unexpected role when checking hidden app: undefined
04-26 03:26:18.689 E/GeckoConsole(  759): Content JS WARN at app://homescreen.gaiamobile.org/gaia_build_defer_index.js:184 in isHiddenApp: Unexpected role when checking hidden app: undefined
04-26 03:26:18.689 E/GeckoConsole(  759): Content JS WARN at app://homescreen.gaiamobile.org/gaia_build_defer_index.js:184 in isHiddenApp: Unexpected role when checking hidden app: undefined
04-26 03:26:18.689 E/GeckoConsole(  759): Content JS WARN at app://homescreen.gaiamobile.org/gaia_build_defer_index.js:184 in isHiddenApp: Unexpected role when checking hidden app: undefined
04-26 03:26:18.689 E/GeckoConsole(  759): Content JS WARN at app://homescreen.gaiamobile.org/gaia_build_defer_index.js:184 in isHiddenApp: Unexpected role when checking hidden app: undefined
04-26 03:26:18.689 E/GeckoConsole(  759): Content JS WARN at app://homescreen.gaiamobile.org/gaia_build_defer_index.js:184 in isHiddenApp: Unexpected role when checking hidden app: undefined
04-26 03:26:18.689 E/GeckoConsole(  759): Content JS WARN at app://homescreen.gaiamobile.org/gaia_build_defer_index.js:184 in isHiddenApp: Unexpected role when checking hidden app: undefined
04-26 03:26:18.689 E/GeckoConsole(  759): Content JS WARN at app://homescreen.gaiamobile.org/gaia_build_defer_index.js:184 in isHiddenApp: Unexpected role when checking hidden app: undefined
04-26 03:26:18.689 E/GeckoConsole(  759): Content JS WARN at app://homescreen.gaiamobile.org/gaia_build_defer_index.js:184 in isHiddenApp: Unexpected role when checking hidden app: undefined
04-26 03:26:18.959 I/Gecko   (   84): 1398507978973	Marionette	INFO	sendToClient: {"from":"0","value":0}, {59724c52-39f7-4a6a-ba5d-7a1f8a4b3064}, {59724c52-39f7-4a6a-ba5d-7a1f8a4b3064}
04-26 03:26:19.069 I/Gecko   (   84): 1398507979082	Marionette	INFO	sendToClient: {"from":"0","value":["{505f6c36-124b-4a27-8c28-6569556d2f5e}","{058fb2f8-e0b9-4258-8523-bd47c6b6f273}","{ee90d769-a0a2-4789-aa8e-6e871504a052}","{ff983117-f865-4ef9-8b92-96b96f2a1a8c}","{6e6225cc-4259-4f0e-81ac-36fc9fb66568}","{63e999e6-e73d-460d-8d9d-216010801bc6}","{31561c09-5af0-46c1-a8b8-e2584bd1cbae}","{178a03ed-530e-4168-b870-2232e6a351ea}","{69a214cc-2010-49c7-92ba-77f5a0ff1811}","{f7f58d17-a01e-43e0-b722-c5b7174da58c}","{f9e5eef2-22be-461b-9141-56169d3a12c7}","{13db8772-79ab-4d6a-9934-5b340d646412}","{dc38c797-1ab8-4a28-ae7b-cacaa72565ec}","{90e33453-15b2-42ee-9206-f139e020fe94}","{1cdff3a6-4f89-44e7-940a-2bad86e53089}","{e5635735-9e14-4b18-a18a-668241de9b80}","{ca487bb0-e6ef-43fb-a080-66202ccbe489}","{f5cffa4c-1b42-4ac1-bf18-e5d1afcca1f9}","{514abe05-b948-4927-9bc6-52ea076ec4d1}","{d0a7a04a-64bb-4fc6-9b3e-cc74aba69de1}","{bd3e8249-bc90-4486-b909-8e23c037889e}","{3b229583-2a23-4fed-b95d-32e42c7c9f50}","{080c253e-e425-491c-bbe6-51a33f8f9845}","{43f73884-903b
04-26 03:26:19.089 I/Gecko   (   84): 1398507979106	Marionette	INFO	sendToClient: {"from":"0","value":"app://homescreen.gaiamobile.org/index.html#rootSat%20Apr%2026%202014%2003:26:17%20GMT-0700%20(UTC)"}, {7fd8f42a-65d3-4dd5-bcb5-fc4cef773fa8}, {7fd8f42a-65d3-4dd5-bcb5-fc4cef773fa8}
04-26 03:26:19.099 I/Gecko   (   84): 1398507979116	Marionette	DEBUG	Got request: switchToFrame, data: {"to":"0","sessionId":"3-b2g","name":"switchToFrame","parameters":{"id":null,"focus":true}}, id: {d1a9e4f1-cb06-4775-a8af-16179c1f2b56}
04-26 03:26:19.129 I/Gecko   (   84): 1398507979144	Marionette	INFO	Switched to frame: {"frameValue":null}
04-26 03:26:19.229 I/Gecko   (   84): 1398507979248	Marionette	INFO	sendToClient: {"from":"0","ok":true}, {d1a9e4f1-cb06-4775-a8af-16179c1f2b56}, {d1a9e4f1-cb06-4775-a8af-16179c1f2b56}
04-26 03:26:19.239 I/Gecko   (   84): 1398507979254	Marionette	DEBUG	Got request: switchToFrame, data: {"to":"0","sessionId":"3-b2g","name":"switchToFrame","parameters":{"id":null,"focus":true}}, id: {5d0d3342-febd-4a1b-b4fe-6c3f2862fdeb}
04-26 03:26:19.239 I/Gecko   (   84): 1398507979255	Marionette	INFO	Switched to frame: {"frameValue":null}
04-26 03:26:19.339 I/Gecko   (   84): 1398507979357	Marionette	INFO	sendToClient: {"from":"0","ok":true}, {5d0d3342-febd-4a1b-b4fe-6c3f2862fdeb}, {5d0d3342-febd-4a1b-b4fe-6c3f2862fdeb}
04-26 03:26:19.359 I/Gecko   (   84): 1398507979375	Marionette	DEBUG	Got request: executeWithCallback, data: {"to":"0","sessionId":"3-b2g","name":"executeAsyncScript","parameters":{"specialPowers":false,"scriptTimeout":30000,"newSandbox":true,"args":[],"filename":"app_checker.py","script":"GaiaApps.launchWithManifestURL('http://quicknotes.webserveis.com/manifest.webapp')","line":106}}, id: {214bb197-2a91-4ff4-94a5-09e54ae69fa4}
04-26 03:26:19.459 I/Gonk    (   84): Setting nice for pid 768 to 18
04-26 03:26:19.459 I/Gonk    (   84): Changed nice for pid 768 from 18 to 18.
04-26 03:26:19.459 I/Gecko   (   84): [Parent 84] WARNING: waitpid failed pid:768 errno:10: file ../../../gecko/ipc/chromium/src/base/process_util_posix.cc, line 254
04-26 03:26:19.469 I/Gonk    (   84): Setting nice for pid 768 to 1
04-26 03:26:19.479 I/Gonk    (   84): Changed nice for pid 768 from 18 to 1.
04-26 03:26:19.509 E/GeckoConsole(   84): Content JS LOG at dummy file:334 in GaiaApps.launch: launching app with name 'QuickNotes'
04-26 03:26:19.589 E/[Gralloc-ERROR](   84): int gralloc_register_buffer(const gralloc_module_t*, const native_handle_t*):79 Unable to register handle 0x46fecb50 coming from different process: 84
04-26 03:26:19.609 E/[Gralloc-ERROR](   84): int gralloc_register_buffer(const gralloc_module_t*, const native_handle_t*):79 Unable to register handle 0x46fecc40 coming from different process: 84
04-26 03:26:19.609 E/[Gralloc-ERROR](   84): int gralloc_register_buffer(const gralloc_module_t*, const native_handle_t*):79 Unable to register handle 0x46fecce0 coming from different process: 84
04-26 03:26:19.609 E/[Gralloc-ERROR](   84): int gralloc_register_buffer(const gralloc_module_t*, const native_handle_t*):79 Unable to register handle 0x46fecd80 coming from different process: 84
04-26 03:26:19.799 D/Sensors (   84): activate handle=0; drv=0
04-26 03:26:19.799 D/Sensors (   84): Lis3dhSensor: Control set 1
04-26 03:26:19.799 D/Sensors (   84): Lis3dhSensor: mEnabled = 1
04-26 03:26:19.859 I/Gonk    (   84): Setting nice for pid 759 to 18
04-26 03:26:19.859 I/Gonk    (   84): Changed nice for pid 759 from 0 to 18.
04-26 03:26:20.519 I/Gecko   (  768): ###################################### forms.js loaded
04-26 03:26:20.539 I/Gecko   (  768): ############################### browserElementPanning.js loaded
04-26 03:26:20.569 I/Gecko   (  768): ######################## BrowserElementChildPreload.js loaded
04-26 03:26:20.589 W/WifiHW  (   84): wifi_command: SIGNAL_POLL
04-26 03:26:21.189 I/Gonk    (   84): Setting nice for pid 817 to 18
04-26 03:26:21.199 I/Gonk    (   84): Changed nice for pid 817 from 0 to 18.
04-26 03:26:21.439 V/AudioPolicyManagerBase(   89): getDeviceForStrategy() from cache strategy 0, device 2
04-26 03:26:21.459 V/AudioPolicyManagerBase(   89): getOutput() stream 1, samplingRate 0, format 0, channels 3, flags 0
04-26 03:26:21.529 V/AudioPolicyManagerBase(   89): startOutput() output 1, stream 1, session 2
04-26 03:26:21.529 V/AudioPolicyManagerBase(   89): startReadingThread
04-26 03:26:21.529 V/AudioPolicyManagerBase(   89): changeRefCount() stream 1, count 1
04-26 03:26:21.529 V/AudioPolicyManagerBase(   89): getDeviceForStrategy() from cache strategy 0, device 2
04-26 03:26:21.529 V/AudioPolicyManagerBase(   89): getNewDevice() selected device 2
04-26 03:26:21.529 D/AudioPolicyManagerBase(   89): setOutputDevice() output 1 device 2 delayMs 0
04-26 03:26:21.529 V/AudioPolicyManagerBase(   89): setOutputDevice() setting same device 2 or null device for output 1
04-26 03:26:21.529 E/AudioPolicyManagerBase(   89): checkAndSetVolume stream=1, index=0, output=1, device=2
04-26 03:26:21.529 E/AudioPolicyManagerBase(   89): computeVolume, streamDesc=0x1527bb8
04-26 03:26:21.539 V/AudioPolicyManagerBase(   89): ThreadWrapper 0x1527b40
04-26 03:26:21.539 V/AudioPolicyManagerBase(   89): threadFunc in
04-26 03:26:21.559 W/AudioFlinger(   89): Thread AudioOut_1 cannot connect to the power manager service
04-26 03:26:21.559 V/AudioPolicyManagerBase(   89): stopOutput() output 1, stream 1, session 2
04-26 03:26:21.559 V/AudioPolicyManagerBase(   89): stopReadingThread
04-26 03:26:21.639 V/AudioPolicyManagerBase(   89): threadFunc exit
04-26 03:26:21.639 V/AudioPolicyManagerBase(   89): changeRefCount() stream 1, count 0
04-26 03:26:21.639 V/AudioPolicyManagerBase(   89): getNewDevice() selected device 0
04-26 03:26:21.639 D/AudioPolicyManagerBase(   89): setOutputDevice() output 1 device 0 delayMs 290
04-26 03:26:21.639 V/AudioPolicyManagerBase(   89): setOutputDevice() setting same device 0 or null device for output 1
04-26 03:26:21.649 V/AudioPolicyManagerBase(   89): startOutput() output 1, stream 1, session 2
04-26 03:26:21.649 V/AudioPolicyManagerBase(   89): changeRefCount() stream 1, count 1
04-26 03:26:21.649 V/AudioPolicyManagerBase(   89): getDeviceForStrategy() from cache strategy 0, device 2
04-26 03:26:21.649 V/AudioPolicyManagerBase(   89): getNewDevice() selected device 2
04-26 03:26:21.649 D/AudioPolicyManagerBase(   89): setOutputDevice() output 1 device 2 delayMs 0
04-26 03:26:21.649 V/AudioPolicyManagerBase(   89): setOutputDevice() setting same device 2 or null device for output 1
04-26 03:26:21.649 E/AudioPolicyManagerBase(   89): checkAndSetVolume stream=1, index=0, output=1, device=2
04-26 03:26:21.649 E/AudioPolicyManagerBase(   89): computeVolume, streamDesc=0x1527bb8
04-26 03:26:21.649 V/AudioPolicyManagerBase(   89): stopOutput() output 1, stream 1, session 2
04-26 03:26:21.649 V/AudioPolicyManagerBase(   89): changeRefCount() stream 1, count 0
04-26 03:26:21.649 V/AudioPolicyManagerBase(   89): getNewDevice() selected device 0
04-26 03:26:21.649 D/AudioPolicyManagerBase(   89): setOutputDevice() output 1 device 0 delayMs 290
04-26 03:26:21.649 V/AudioPolicyManagerBase(   89): setOutputDevice() setting same device 0 or null device for output 1
04-26 03:26:21.669 V/AudioPolicyManagerBase(   89): releaseOutput() 1
04-26 03:26:23.219 E/GeckoConsole(  768): [JavaScript Warning: "Unknown property 'box-sizing'.  Declaration dropped." {file: "http://quicknotes.webserveis.com/webapp/css/base.css" line: 5 column: 11 source: "	box-sizing:border-box;"}]
04-26 03:26:23.219 E/GeckoConsole(  768): [JavaScript Warning: "Unknown pseudo-class or pseudo-element '-webkit-input-placeholder'.  Ruleset ignored due to bad selector." {file: "http://quicknotes.webserveis.com/webapp/css/base.css" line: 131 column: 2 source: "::-webkit-input-placeholder {"}]
04-26 03:26:23.219 E/GeckoConsole(  768): [JavaScript Warning: "Unknown pseudo-class or pseudo-element '-ms-input-placeholder'.  Ruleset ignored due to bad selector." {file: "http://quicknotes.webserveis.com/webapp/css/base.css" line: 143 column: 1 source: ":-ms-input-placeholder {  "}]
04-26 03:26:23.359 E/GeckoConsole(  768): [JavaScript Warning: "Unknown property 'box-sizing'.  Declaration dropped." {file: "http://quicknotes.webserveis.com/webapp/index.html" line: 0 column: 67 source: "-webkit-box-sizing:border-box;-moz-box-sizing:border-box;box-sizing:border-box;position:absolute;display:block;padding:1px;border:1px;width:4px;margin-top:1%;top:1%"}]
04-26 03:26:24.349 E/GeckoConsole(   84): Content JS LOG at dummy file:326 in GaiaApps.launch/appOpen/<: app with origin 'http://quicknotes.webserveis.com' has launched
04-26 03:26:24.349 I/Gecko   (   84): 1398507984365	Marionette	INFO	sendToClient: {"from":"0","value":{"frame":{"ELEMENT":"{c97ef5a1-e380-440a-97a9-78cf40726e84}"},"src":"http://quicknotes.webserveis.com/webapp/index.html","name":"QuickNotes","origin":"http://quicknotes.webserveis.com"}}, {214bb197-2a91-4ff4-94a5-09e54ae69fa4}, {214bb197-2a91-4ff4-94a5-09e54ae69fa4}
04-26 03:26:24.409 I/Gecko   (   84): 1398507984424	Marionette	DEBUG	Got request: switchToFrame, data: {"to":"0","sessionId":"3-b2g","name":"switchToFrame","parameters":{"focus":true,"element":"{c97ef5a1-e380-440a-97a9-78cf40726e84}"}}, id: {f343cfcb-4c8c-4d6c-9323-588f5f8af37d}
04-26 03:26:24.429 I/Gecko   (   84): 1398507984445	Marionette	INFO	Switched to frame: {"frameValue":"{c97ef5a1-e380-440a-97a9-78cf40726e84}"}
04-26 03:26:24.439 E/[Gralloc-ERROR](   84): int gralloc_unregister_buffer(const gralloc_module_t*, const native_handle_t*):274 Trying to unregister buffer 0x46fecb50 from process 84 that was not created in current process: 84
04-26 03:26:24.439 E/[Gralloc-ERROR](   84): int gralloc_unregister_buffer(const gralloc_module_t*, const native_handle_t*):274 Trying to unregister buffer 0x46fecc40 from process 84 that was not created in current process: 84
04-26 03:26:24.439 E/[Gralloc-ERROR](   84): int gralloc_unregister_buffer(const gralloc_module_t*, const native_handle_t*):274 Trying to unregister buffer 0x46fecd80 from process 84 that was not created in current process: 84
04-26 03:26:24.439 E/[Gralloc-ERROR](   84): int gralloc_unregister_buffer(const gralloc_module_t*, const native_handle_t*):274 Trying to unregister buffer 0x46fecce0 from process 84 that was not created in current process: 84
04-26 03:26:24.439 I/Gecko   (   84): 1398507984454	Marionette	INFO	trying remote frame 0
04-26 03:26:24.439 I/Gecko   (   84): 1398507984458	Marionette	INFO	trying remote frame 1
04-26 03:26:24.459 I/Gecko   (   84): 1398507984470	Marionette	INFO	frame-manager load script: [object ChromeMessageSender]
04-26 03:26:24.899 D/Sensors (   84): SensorTMD2771::readEvents()======data_fd=53,count=16
04-26 03:26:24.899 D/Sensors (   84): SensorTMD2771::processEvent()=====code=40::value=2 
04-26 03:26:24.899 D/Sensors (   84): SensorTMD2771: mPendingEvents[Light].light = 2.000000
04-26 03:26:24.959 I/Gecko   (   84): 1398507984978	Marionette	INFO	sendToClient: {"from":"0","ok":true}, {f343cfcb-4c8c-4d6c-9323-588f5f8af37d}, {f343cfcb-4c8c-4d6c-9323-588f5f8af37d}
04-26 03:26:25.069 I/Gecko   (   84): 1398507985083	Marionette	INFO	sendToClient: {"from":"0","value":"http://quicknotes.webserveis.com/webapp/index.html"}, {50b8f381-6237-4791-baf9-a962a59cf91f}, {50b8f381-6237-4791-baf9-a962a59cf91f}
04-26 03:26:25.079 I/Gecko   (   84): 1398507985091	Marionette	DEBUG	Got request: execute, data: {"to":"0","sessionId":"3-b2g","name":"executeScript","parameters":{"specialPowers":false,"scriptTimeout":null,"newSandbox":true,"args":[],"filename":"app_checker.py","script":"return window.document.readyState;","line":191}}, id: {63c710f1-4b14-4845-8f9a-e6504bee5d60}
04-26 03:26:25.119 I/Gecko   (   84): 1398507985135	Marionette	INFO	sendToClient: {"from":"0","value":"complete"}, {63c710f1-4b14-4845-8f9a-e6504bee5d60}, {63c710f1-4b14-4845-8f9a-e6504bee5d60}
04-26 03:26:25.129 I/Gecko   (   84): 1398507985144	Marionette	INFO	sendToClient: {"from":"0","value":"http://quicknotes.webserveis.com/webapp/index.html"}, {d0610120-3785-4f50-9a79-94e70889dbc1}, {d0610120-3785-4f50-9a79-94e70889dbc1}
04-26 03:26:25.139 I/Gecko   (  768): Attempting load of libEGL.so
04-26 03:26:25.199 D/libEGL  (  768): loaded /system/lib/egl/libEGL_mali.so
04-26 03:26:25.299 D/libEGL  (  768): loaded /system/lib/egl/libGLESv1_CM_mali.so
04-26 03:26:25.299 D/libEGL  (  768): loaded /system/lib/egl/libGLESv2_mali.so
04-26 03:26:25.409 I/Gecko   (  768): SharedSurface_Gralloc::Create -------
04-26 03:26:25.449 I/Gecko   (  768): SharedSurface_Gralloc::Create: success -- surface 0x43ef1ac0, GraphicBuffer 0x43eef980.
04-26 03:26:26.479 W/WifiHW  (   84): wifi_command: SIGNAL_POLL
04-26 03:26:26.659 I/Gecko   (   84): 
04-26 03:26:26.659 I/Gecko   (   84): ###!!! [Parent][MessageChannel] Error: Channel error: cannot send/recv
04-26 03:26:26.659 I/Gecko   (   84): 
04-26 03:26:26.829 I/Gecko   (   84): [Parent 84] WARNING: waitpid failed pid:759 errno:10: file ../../../gecko/ipc/chromium/src/base/process_util_posix.cc, line 254
04-26 03:26:27.059 I/Gecko   (   84): 1398507987072	Marionette	INFO	sendToClient: {"from":"0","value":"iVBORw0KGgoAAAANSUhEUgAAAUAAAAHMCAYAAACk4nEJAAAZGklEQVR4nO3de3SU9Z3H8d8MCcjdLipeCrsK1V2xunjFVaRYXdhapAetBxdx3a56FqqtorVaVi147IEt1HVBenQXPK4ShCgKggQBK4IiBEtQLgaEcAtXCYYkkITMfPaPpzOTYSaTBJI8mfm+X+f8zjHzzOWZZw5vn5nn5gQARjm/ZwAA/EIAAZhFAAGYRQABmEUAAZhFAAGYRQABmEUAAZhFAAGYRQABmEUAAZhFAAGYRQABmEUAAZhFAAGYRQABmEUAAZhFAAGYRQABmEUAAZhFAAGYRQABmEUAAZhFAAGYRQABmEUAAZhFAAGYRQABmEUAAZhFAAGYRQABmEUAAZhFAAGYRQABmEUAAZhFAAGYRQABmEUAAZhFAAGYRQABmEUAAZhFAAGYRQABmEUAAZhFAAGYRQABmEUAAZhFAAGYRQABmEUAAZhFAAGYRQABmEUAAZhFAAGYRQABmEUAAZhFAAGYRQABmEUAAZhFAAGYRQABmEUAAZhFAAGYRQABmEUAAZhFAAGYRQABmEUAAZhFAAGYRQABmEUAAZhFAAGYRQABmEUAAZhFAAGYRQABmEUAAZhFAAGYRQABmEUAAZhFAAGYRQABmEUAAZhFAAGYRQABmEUAAZhFAAGYRQABmEUAAZhFAAGYRQABmEUAAZhFAAGYRQABmEUAAZhFAAGYRQABmEUAAZhFAAGYRQABmEUAAZhFAAGYRQABmEUAAZhFAAGYRQABmEUAAZhFAAGYRQABmEUAAZhFAAGYRQABmEUAAZhFAAGYRQABmEUAAZhFAAGYRQABmEUAAZhFAAGYRQABmEUAAZhFAAGYRQABmEUAAZhFAAGYRQABmEUAAZhFAAGYRQABmEUAAZhFAAGYRQABmEUAAZhFAAGYRQABmEUAAZhFAAGYRQ
04-26 03:26:27.479 I/Gecko   (   84): 1398507987489	Marionette	INFO	sendToClient: {"from":"0","ok":true}, {37d67628-e839-4006-8bc8-6a8a113b72f7}, {37d67628-e839-4006-8bc8-6a8a113b72f7}
04-26 03:26:27.559 I/Gecko   (   84): 1398507987572	Marionette	DEBUG	Got request: switchToFrame, data: {"to":"0","sessionId":"3-b2g","name":"switchToFrame","parameters":{"id":null,"focus":true}}, id: {1e989332-2417-4925-acff-8e4ed475a3d3}
04-26 03:26:27.629 I/Gecko   (   84): 1398507987644	Marionette	INFO	Switched to frame: {"frameValue":null}
04-26 03:26:27.769 I/Gecko   (   84): 1398507987779	Marionette	INFO	sendToClient: {"from":"0","ok":true}, {1e989332-2417-4925-acff-8e4ed475a3d3}, {1e989332-2417-4925-acff-8e4ed475a3d3}
04-26 03:26:27.769 I/Gecko   (   84): 1398507987787	Marionette	DEBUG	Got request: executeWithCallback, data: {"to":"0","sessionId":"3-b2g","name":"executeAsyncScript","parameters":{"specialPowers":false,"scriptTimeout":null,"newSandbox":true,"args":[],"filename":"gaia_test.py","script":"return GaiaApps.displayedApp();","line":66}}, id: {8313e392-cc35-440b-9a4e-81b65ad7fd06}
04-26 03:26:27.999 I/Gecko   (   84): 1398507988016	Marionette	INFO	sendToClient: {"from":"0","value":{"frame":{"ELEMENT":"{c97ef5a1-e380-440a-97a9-78cf40726e84}"},"src":"http://quicknotes.webserveis.com/webapp/index.html","name":"QuickNotes","origin":"http://quicknotes.webserveis.com"}}, {8313e392-cc35-440b-9a4e-81b65ad7fd06}, {8313e392-cc35-440b-9a4e-81b65ad7fd06}
04-26 03:26:28.009 E/GeckoConsole(   84): Content JS LOG at dummy file:392 in GaiaApps.displayedApp: app with origin 'http://quicknotes.webserveis.com' is displayed
04-26 03:26:28.019 I/Gecko   (   84): 1398507988035	Marionette	DEBUG	Got request: switchToFrame, data: {"to":"0","sessionId":"3-b2g","name":"switchToFrame","parameters":{"id":null,"focus":true}}, id: {b199cc80-7e92-432f-83fc-37e648d9b875}
04-26 03:26:28.029 I/Gecko   (   84): 1398507988045	Marionette	INFO	Switched to frame: {"frameValue":null}
04-26 03:26:28.149 I/Gecko   (   84): 1398507988166	Marionette	INFO	sendToClient: {"from":"0","ok":true}, {b199cc80-7e92-432f-83fc-37e648d9b875}, {b199cc80-7e92-432f-83fc-37e648d9b875}
04-26 03:26:28.169 I/Gecko   (   84): 1398507988181	Marionette	DEBUG	Got request: execute, data: {"to":"0","sessionId":"3-b2g","name":"executeScript","parameters":{"specialPowers":false,"scriptTimeout":null,"newSandbox":true,"args":[],"filename":"gaia_test.py","script":"window.wrappedJSObject.dispatchEvent(new Event('home'));","line":788}}, id: {844f2acf-c54f-4cff-81ec-cb42781479f3}
04-26 03:26:28.339 I/Gonk    (   84): Setting nice for pid 817 to 18
04-26 03:26:28.339 I/Gonk    (   84): Changed nice for pid 817 from 18 to 18.
04-26 03:26:28.339 I/Gecko   (   84): [Parent 84] WARNING: waitpid failed pid:817 errno:10: file ../../../gecko/ipc/chromium/src/base/process_util_posix.cc, line 254
04-26 03:26:28.359 I/Gonk    (   84): Setting nice for pid 817 to 1
04-26 03:26:28.359 I/Gonk    (   84): Changed nice for pid 817 from 18 to 1.
04-26 03:26:28.419 D/Sensors (   84): activate handle=0; drv=0
04-26 03:26:28.419 D/Sensors (   84): Lis3dhSensor: Control set 0
04-26 03:26:28.419 D/Sensors (   84): Lis3dhSensor: mEnabled = 0
04-26 03:26:28.579 I/Gecko   (   84): 1398507988591	Marionette	INFO	sendToClient: {"from":"0","value":null}, {844f2acf-c54f-4cff-81ec-cb42781479f3}, {844f2acf-c54f-4cff-81ec-cb42781479f3}
04-26 03:26:28.659 I/Gecko   (   84): 1398507988676	Marionette	DEBUG	Got request: switchToFrame, data: {"to":"0","sessionId":"3-b2g","name":"switchToFrame","parameters":{"id":null,"focus":true}}, id: {1e2d3de9-7728-4ada-a080-4eef9b147828}
04-26 03:26:28.729 I/Gecko   (   84): 1398507988741	Marionette	INFO	Switched to frame: {"frameValue":null}
04-26 03:26:28.829 I/Gecko   (   84): [Parent 84] WARNING: waitpid failed pid:759 errno:10: file ../../../gecko/ipc/chromium/src/base/process_util_posix.cc, line 254
04-26 03:26:28.829 I/Gecko   (   84): [Parent 84] WARNING: Failed to deliver SIGKILL to 759!(3).: file ../../../gecko/ipc/chromium/src/chrome/common/process_watcher_posix_sigchld.cc, line 118
04-26 03:26:29.199 I/Gecko   (   84): 1398507989217	Marionette	INFO	sendToClient: {"from":"0","ok":true}, {1e2d3de9-7728-4ada-a080-4eef9b147828}, {1e2d3de9-7728-4ada-a080-4eef9b147828}
04-26 03:26:29.269 I/Gecko   (   84): 1398507989281	Marionette	DEBUG	Got request: executeWithCallback, data: {"to":"0","sessionId":"3-b2g","name":"executeAsyncScript","parameters":{"specialPowers":false,"scriptTimeout":null,"newSandbox":true,"args":[],"filename":"gaia_test.py","script":"return GaiaApps.displayedApp();","line":66}}, id: {d58b3f1e-ec77-4c25-9148-6f0cc56d2add}
04-26 03:26:29.949 E/GeckoConsole(   84): Content JS LOG at dummy file:392 in GaiaApps.displayedApp: app with origin 'app://homescreen.gaiamobile.org' is displayed
04-26 03:26:29.969 I/Gecko   (   84): 1398507989987	Marionette	INFO	sendToClient: {"from":"0","value":{"frame":{"ELEMENT":"{383bd6f2-7d68-4a66-b4f0-38895d368f4f}"},"src":"app://homescreen.gaiamobile.org/index.html#root","name":"Homescreen","origin":"app://homescreen.gaiamobile.org"}}, {d58b3f1e-ec77-4c25-9148-6f0cc56d2add}, {d58b3f1e-ec77-4c25-9148-6f0cc56d2add}
04-26 03:26:30.969 I/Gonk    (   84): Setting nice for pid 768 to 18
04-26 03:26:30.969 I/Gonk    (   84): Changed nice for pid 768 from 1 to 18.
04-26 03:26:31.699 W/WifiHW  (   84): wifi_command: SIGNAL_POLL
04-26 03:26:31.809 I/Gecko   (   84): 1398507991826	Marionette	DEBUG	Got request: switchToFrame, data: {"to":"0","sessionId":"3-b2g","name":"switchToFrame","parameters":{"id":null,"focus":true}}, id: {a31ee7cd-8a22-4e05-8d89-2744b6c548e8}
04-26 03:26:32.089 I/Gecko   (   84): 1398507992104	Marionette	INFO	Switched to frame: {"frameValue":null}
04-26 03:26:32.229 I/Gecko   (   84): 1398507992241	Marionette	INFO	sendToClient: {"from":"0","ok":true}, {a31ee7cd-8a22-4e05-8d89-2744b6c548e8}, {a31ee7cd-8a22-4e05-8d89-2744b6c548e8}
04-26 03:26:32.239 I/Gecko   (   84): 1398507992249	Marionette	DEBUG	Got request: switchToFrame, data: {"to":"0","sessionId":"3-b2g","name":"switchToFrame","parameters":{"id":null,"focus":true}}, id: {eb48ecb1-716c-4d85-9254-c142891095e6}
04-26 03:26:32.239 I/Gecko   (   84): 1398507992251	Marionette	INFO	Switched to frame: {"frameValue":null}
04-26 03:26:32.339 I/Gecko   (   84): 1398507992355	Marionette	INFO	sendToClient: {"from":"0","ok":true}, {eb48ecb1-716c-4d85-9254-c142891095e6}, {eb48ecb1-716c-4d85-9254-c142891095e6}
04-26 03:26:32.349 I/Gecko   (   84): 1398507992362	Marionette	DEBUG	Got request: executeWithCallback, data: {"to":"0","sessionId":"3-b2g","name":"executeAsyncScript","parameters":{"specialPowers":false,"scriptTimeout":null,"newSandbox":true,"args":[],"filename":"gaia_test.py","script":"return GaiaApps.displayedApp();","line":66}}, id: {cb50cd06-9830-43e9-814b-6f561a446ccc}
04-26 03:26:32.419 I/Gecko   (   84): 1398507992437	Marionette	INFO	sendToClient: {"from":"0","value":{"frame":{"ELEMENT":"{383bd6f2-7d68-4a66-b4f0-38895d368f4f}"},"src":"app://homescreen.gaiamobile.org/index.html#root","name":"Homescreen","origin":"app://homescreen.gaiamobile.org"}}, {cb50cd06-9830-43e9-814b-6f561a446ccc}, {cb50cd06-9830-43e9-814b-6f561a446ccc}
04-26 03:26:32.419 E/GeckoConsole(   84): Content JS LOG at dummy file:392 in GaiaApps.displayedApp: app with origin 'app://homescreen.gaiamobile.org' is displayed
04-26 03:26:32.429 I/Gecko   (   84): 1398507992447	Marionette	DEBUG	Got request: switchToFrame, data: {"to":"0","sessionId":"3-b2g","name":"switchToFrame","parameters":{"focus":true,"element":"{383bd6f2-7d68-4a66-b4f0-38895d368f4f}"}}, id: {7e671cd2-999b-4fc9-9bf3-a765a88c5189}
04-26 03:26:32.439 I/Gecko   (  817): ###################################### forms.js loaded
04-26 03:26:32.469 I/Gecko   (   84): 1398507992487	Marionette	INFO	Switched to frame: {"frameValue":"{383bd6f2-7d68-4a66-b4f0-38895d368f4f}"}
04-26 03:26:32.489 I/Gecko   (   84): 1398507992502	Marionette	INFO	trying remote frame 0
04-26 03:26:32.489 I/Gecko   (   84): 1398507992503	Marionette	INFO	deleting frame
04-26 03:26:32.489 I/Gecko   (   84): 1398507992504	Marionette	INFO	trying remote frame 1
04-26 03:26:32.509 I/Gecko   (   84): 1398507992509	Marionette	INFO	frame-manager load script: [object ChromeMessageSender]
04-26 03:26:32.519 I/Gecko   (  817): ############################### browserElementPanning.js loaded
04-26 03:26:32.539 I/Gecko   (  817): ######################## BrowserElementChildPreload.js loaded
04-26 03:26:32.729 I/Gecko   (   84): [Parent 84] WARNING: pipe error (134): Connection reset by peer: file ../../../gecko/ipc/chromium/src/chrome/common/ipc_channel_posix.cc, line 446
04-26 03:26:32.729 I/Gecko   (   84): 
04-26 03:26:32.729 I/Gecko   (   84): ###!!! [Parent][MessageChannel] Error: Channel error: cannot send/recv
04-26 03:26:32.729 I/Gecko   (   84): 
04-26 03:26:32.809 I/Gecko   (   84): [Parent 84] WARNING: waitpid failed pid:768 errno:10: file ../../../gecko/ipc/chromium/src/base/process_util_posix.cc, line 254
04-26 03:26:33.419 I/Gonk    (   84): Setting nice for pid 847 to 18
04-26 03:26:33.419 I/Gonk    (   84): Changed nice for pid 847 from 0 to 18.
04-26 03:26:33.979 I/Gecko   (   84): 1398507993992	Marionette	INFO	sendToClient: {"from":"0","ok":true}, {7e671cd2-999b-4fc9-9bf3-a765a88c5189}, {7e671cd2-999b-4fc9-9bf3-a765a88c5189}
04-26 03:26:34.319 I/Gecko   (   84): 1398507994338	Marionette	INFO	sendToClient: {"from":"0","value":"app://homescreen.gaiamobile.org/index.html#root"}, {9b3ecd4a-dcb3-48bc-9d7d-a40a1c342a06}, {9b3ecd4a-dcb3-48bc-9d7d-a40a1c342a06}
04-26 03:26:34.339 I/Gecko   (   84): 1398507994353	Marionette	DEBUG	Got request: switchToFrame, data: {"to":"0","sessionId":"3-b2g","name":"switchToFrame","parameters":{"id":null,"focus":true}}, id: {4caa11c3-0727-42ac-833d-023bc39dba76}
04-26 03:26:34.359 I/Gecko   (   84): 1398507994377	Marionette	INFO	Switched to frame: {"frameValue":null}
04-26 03:26:34.469 I/Gecko   (   84): 1398507994480	Marionette	INFO	sendToClient: {"from":"0","ok":true}, {4caa11c3-0727-42ac-833d-023bc39dba76}, {4caa11c3-0727-42ac-833d-023bc39dba76}
04-26 03:26:34.469 I/Gecko   (   84): 1398507994486	Marionette	DEBUG	Got request: switchToFrame, data: {"to":"0","sessionId":"3-b2g","name":"switchToFrame","parameters":{"id":null,"focus":true}}, id: {957c11d3-4ef0-408e-8a1e-e921cb2d4cdf}
04-26 03:26:34.469 I/Gecko   (   84): 1398507994488	Marionette	INFO	Switched to frame: {"frameValue":null}
04-26 03:26:34.579 I/Gecko   (   84): 1398507994595	Marionette	INFO	sendToClient: {"from":"0","ok":true}, {957c11d3-4ef0-408e-8a1e-e921cb2d4cdf}, {957c11d3-4ef0-408e-8a1e-e921cb2d4cdf}
04-26 03:26:34.589 I/Gecko   (   84): 1398507994601	Marionette	DEBUG	Got request: executeWithCallback, data: {"to":"0","sessionId":"3-b2g","name":"executeAsyncScript","parameters":{"specialPowers":false,"scriptTimeout":null,"newSandbox":true,"args":[],"filename":"gaia_test.py","script":"GaiaApps.killAll()","line":91}}, id: {2a039f31-2c57-4061-8ff1-65443976171a}
04-26 03:26:34.629 I/Gecko   (   84): 1398507994645	Marionette	INFO	sendToClient: {"from":"0","value":true}, {2a039f31-2c57-4061-8ff1-65443976171a}, {2a039f31-2c57-4061-8ff1-65443976171a}
04-26 03:26:34.639 I/Gecko   (   84): 1398507994651	Marionette	DEBUG	Got request: switchToFrame, data: {"to":"0","sessionId":"3-b2g","name":"switchToFrame","parameters":{"id":null,"focus":true}}, id: {1f50ac65-f5e0-4498-bfec-12cc6449c1b4}
04-26 03:26:34.639 I/Gecko   (   84): 1398507994652	Marionette	INFO	Switched to frame: {"frameValue":null}
04-26 03:26:34.739 I/Gecko   (   84): 1398507994755	Marionette	INFO	sendToClient: {"from":"0","ok":true}, {1f50ac65-f5e0-4498-bfec-12cc6449c1b4}, {1f50ac65-f5e0-4498-bfec-12cc6449c1b4}
04-26 03:26:34.749 I/Gecko   (   84): 1398507994767	Marionette	DEBUG	Got request: executeWithCallback, data: {"to":"0","sessionId":"3-b2g","name":"executeAsyncScript","parameters":{"specialPowers":false,"scriptTimeout":60000,"newSandbox":true,"args":[],"filename":"app_checker.py","script":"\n        GaiaApps.locateWithManifestURL('http://quicknotes.webserveis.com/manifest.webapp',\n                                       null,\n                                       function uninstall(app) {\n                                       navigator.mozApps.mgmt.uninstall(app);\n                                       marionetteScriptFinished(true);\n                                       });\n        ","line":129}}, id: {f3d421dd-00eb-4e82-ae4f-5d585240ba7d}
04-26 03:26:34.809 I/Gecko   (   84): [Parent 84] WARNING: waitpid failed pid:768 errno:10: file ../../../gecko/ipc/chromium/src/base/process_util_posix.cc, line 254
04-26 03:26:34.809 I/Gecko   (   84): [Parent 84] WARNING: Failed to deliver SIGKILL to 768!(3).: file ../../../gecko/ipc/chromium/src/chrome/common/process_watcher_posix_sigchld.cc, line 118
04-26 03:26:34.829 I/Gecko   (   84): -- webapps.js uninstall http://quicknotes.webserveis.com/manifest.webapp
04-26 03:26:35.049 I/Gecko   (   84): 1398507995068	Marionette	INFO	sendToClient: {"from":"0","value":true}, {f3d421dd-00eb-4e82-ae4f-5d585240ba7d}, {f3d421dd-00eb-4e82-ae4f-5d585240ba7d}