--------- beginning of /dev/log/system
04-26 20:21:33.090 I/Vold    (   77): Vold 2.1 (the revenge) firing up
04-26 20:21:33.090 D/Vold    (   77): Volume sdcard state changing -1 (Initializing) -> 0 (No-Media)
04-26 20:21:38.030 D/VoldCmdListener(   77): volume list
--------- beginning of /dev/log/main
04-26 20:21:39.040 I/InputReader(   83): Device added: id=-1, name='Virtual', sources=0x00000301
04-26 20:21:39.040 I/InputReader(   83): Device reconfigured: id=6, name='ms-msg21xx', size 320x480, orientation 0, mode 1, display id 0
04-26 20:21:39.040 I/InputReader(   83): Device added: id=6, name='ms-msg21xx', sources=0x00001103
04-26 20:21:39.040 I/InputReader(   83): Device added: id=0, name='sprd-keypad', sources=0x00000101
04-26 20:21:39.040 I/InputReader(   83): Device added: id=2, name='headset-keyboard', sources=0x00000101
04-26 20:21:39.470 D/BTWIFIMAC(   93): read_btwifimac_from_modem
04-26 20:21:39.470 D/BTWIFIMAC(   93): read_btwifimac_from_modem modem_fd=7
04-26 20:21:39.470 D/BTWIFIMAC(   93): ===========BT MAC===========
04-26 20:21:39.470 D/BTWIFIMAC(   93): read_btwifimac_from_modem: send 39,1,AT+SNVM=0,401
04-26 20:21:39.470 D/BTWIFIMAC(   93): send_to_modem
04-26 20:21:39.470 D/BTWIFIMAC(   93): recv_from_modem: Waiting modem response ... fd=7
04-26 20:21:39.470 D/SPRDENG (  155): eng_servermodem_comm: use SIM1 /dev/CHNPTY13
04-26 20:21:39.470 D/SPRDENG (  155): AT > AT+SNVM=0,401
04-26 20:21:39.470 D/SPRDENG (  155): 41
04-26 20:21:39.470 D/SPRDENG (  155): 54
04-26 20:21:39.470 D/SPRDENG (  155): 2b
04-26 20:21:39.470 D/SPRDENG (  155): 53
04-26 20:21:39.470 D/SPRDENG (  155): 4e
04-26 20:21:39.470 D/SPRDENG (  155): 56
04-26 20:21:39.470 D/SPRDENG (  155): 4d
04-26 20:21:39.470 D/SPRDENG (  155): 3d
04-26 20:21:39.470 D/SPRDENG (  155): 30
04-26 20:21:39.470 D/SPRDENG (  155): 2c
04-26 20:21:39.470 D/SPRDENG (  155): 34
04-26 20:21:39.470 D/SPRDENG (  155): 30
04-26 20:21:39.470 D/SPRDENG (  155): 31
04-26 20:21:39.470 D/SPRDENG (  155): eng_modem2server: use SIM1 /dev/CHNPTY13
04-26 20:21:39.480 D/SPRDENG (  155): AT < 
04-26 20:21:39.480 D/SPRDENG (  155): +SNVM: 8,FFFFFFFFFFFF2500
04-26 20:21:39.480 D/SPRDENG (  155): 
04-26 20:21:39.480 D/SPRDENG (  155): OK
04-26 20:21:39.480 D/SPRDENG (  155): 
04-26 20:21:39.480 D/BTWIFIMAC(   93): recv_from_modem: Receive 1 Modem Response
04-26 20:21:39.480 D/BTWIFIMAC(   93): read_btwifimac_from_modem: BT timeout=35, response=
04-26 20:21:39.480 D/BTWIFIMAC(   93): +SNVM: 8,FFFFFFFFFFFF2500
04-26 20:21:39.480 D/BTWIFIMAC(   93): 
04-26 20:21:39.480 D/BTWIFIMAC(   93): OK
04-26 20:21:39.480 D/BTWIFIMAC(   93): 
04-26 20:21:39.580 D/BTWIFIMAC(   93): get_macaddress: mac address is FF:FF:FF:FF:FF:FF
04-26 20:21:39.580 D/BTWIFIMAC(   93): ===========WIFI MAC===========
04-26 20:21:39.580 D/BTWIFIMAC(   93): read_btwifimac_from_modem: send 39,1,AT+SNVM=0,409
04-26 20:21:39.580 D/BTWIFIMAC(   93): send_to_modem
04-26 20:21:39.580 D/BTWIFIMAC(   93): recv_from_modem: Waiting modem response ... fd=7
04-26 20:21:39.580 D/SPRDENG (  155): eng_servermodem_comm: use SIM1 /dev/CHNPTY13
04-26 20:21:39.580 D/SPRDENG (  155): AT > AT+SNVM=0,409
04-26 20:21:39.580 D/SPRDENG (  155): 41
04-26 20:21:39.580 D/SPRDENG (  155): 54
04-26 20:21:39.580 D/SPRDENG (  155): 2b
04-26 20:21:39.580 D/SPRDENG (  155): 53
04-26 20:21:39.580 D/SPRDENG (  155): 4e
04-26 20:21:39.580 D/SPRDENG (  155): 56
04-26 20:21:39.580 D/SPRDENG (  155): 4d
04-26 20:21:39.580 D/SPRDENG (  155): 3d
04-26 20:21:39.580 D/SPRDENG (  155): 30
04-26 20:21:39.580 D/SPRDENG (  155): 2c
04-26 20:21:39.580 D/SPRDENG (  155): 34
04-26 20:21:39.580 D/SPRDENG (  155): 30
04-26 20:21:39.580 D/SPRDENG (  155): 39
04-26 20:21:39.580 D/SPRDENG (  155): eng_modem2server: use SIM1 /dev/CHNPTY13
04-26 20:21:39.580 D/SPRDENG (  155): AT < 
04-26 20:21:39.580 D/SPRDENG (  155): +SNVM: 20,FFFFFFFFFFFF0000000000000000000000000000
04-26 20:21:39.580 D/SPRDENG (  155): 
04-26 20:21:39.580 D/SPRDENG (  155): OK
04-26 20:21:39.580 D/SPRDENG (  155): 
04-26 20:21:39.580 D/BTWIFIMAC(   93): recv_from_modem: Receive 1 Modem Response
04-26 20:21:39.580 D/BTWIFIMAC(   93): read_btwifimac_from_modem: WIFI timeout=60, response=
04-26 20:21:39.580 D/BTWIFIMAC(   93): +SNVM: 20,FFFFFFFFFFFF0000000000000000000000000000
04-26 20:21:39.580 D/BTWIFIMAC(   93): 
04-26 20:21:39.580 D/BTWIFIMAC(   93): OK
04-26 20:21:39.580 D/BTWIFIMAC(   93): 
04-26 20:21:39.580 D/BTWIFIMAC(   93): get_macaddress: mac address is FF:FF:FF:FF:FF:FF
04-26 20:21:39.580 D/BTWIFIMAC(   93): bt_ok:0 wifi_ok:0 
04-26 20:21:39.580 D/BTWIFIMAC(   93): +mac_rand+
04-26 20:21:39.580 D/BTWIFIMAC(   93): mac_rand: /data/rand_mac.txt exists
04-26 20:21:39.580 D/BTWIFIMAC(   93): mac_rand: read /data/rand_mac.txt 00:c3:87:02:74:d3;00:b2:8b:a3:d0:dd
04-26 20:21:39.580 D/BTWIFIMAC(   93): mac_rand: read btmac=00:c3:87:02:74:d3, wifimac=00:b2:8b:a3:d0:dd
04-26 20:21:39.580 D/BTWIFIMAC(   93): property ro.mac.wifi=00:b2:8b:a3:d0:dd, ro.mac.bluetooth=00:c3:87:02:74:d3
04-26 20:21:39.580 D/BTWIFIMAC(   93): write_mac2file: mac=00:b2:8b:a3:d0:dd, fd[/data/wifimac.txt]=9
04-26 20:21:39.580 D/BTWIFIMAC(   93): write_mac2file: mac=00:c3:87:02:74:d3, fd[/data/btmac.txt]=9
04-26 20:21:39.590 D/BTWIFIMAC(   93): begin to run  trout_genpskey
04-26 20:21:39.590 D/BTWIFIMAC(   93): run trout_genpskey, ret=0
04-26 20:21:39.610 D/pskey_bt(  327): set BT mac
04-26 20:21:39.620 D/pskey_bt(  327): main, bt_mac from nv:
04-26 20:21:39.620 D/pskey_bt(  327): get_pskey_from_file
04-26 20:21:39.620 D/pskey_bt(  327): open bt pskey structure file fd=7
04-26 20:21:39.620 D/pskey_bt(  327): buf from pskey file:2048
04-26 20:21:39.620 D/pskey_bt(  327): parser_pskey_info
04-26 20:21:39.620 D/pskey_bt(  327): char:0, 0
04-26 20:21:39.620 D/pskey_bt(  327): get_one_item(data) = 0x0
04-26 20:21:39.620 D/pskey_bt(  327): get_next_u8: here:0
04-26 20:21:39.620 D/pskey_bt(  327): char:1, 1
04-26 20:21:39.620 D/pskey_bt(  327): get_one_item(data) = 0x1
04-26 20:21:39.620 D/pskey_bt(  327): get_next_u8: here:1
04-26 20:21:39.620 D/pskey_bt(  327): char:1, 1
04-26 20:21:39.620 D/pskey_bt(  327): get_one_item(data) = 0x1
04-26 20:21:39.620 D/pskey_bt(  327): get_next_u8: here:1
04-26 20:21:39.620 D/pskey_bt(  327): char:1, 1
04-26 20:21:39.620 D/pskey_bt(  327): get_one_item(data) = 0x1
04-26 20:21:39.620 D/pskey_bt(  327): get_next_u8: here:1
04-26 20:21:39.620 D/pskey_bt(  327): char:0, 0
04-26 20:21:39.620 D/pskey_bt(  327): char:1, 1
04-26 20:21:39.620 D/pskey_bt(  327): char:8, 8
04-26 20:21:39.620 D/pskey_bt(  327): char:C, C
04-26 20:21:39.620 D/pskey_bt(  327): char:B, B
04-26 20:21:39.620 D/pskey_bt(  327): char:A, A
04-26 20:21:39.620 D/pskey_bt(  327): char:8, 8
04-26 20:21:39.620 D/pskey_bt(  327): char:0, 0
04-26 20:21:39.620 D/pskey_bt(  327): get_one_item(data) = 0x18cba80
04-26 20:21:39.620 D/pskey_bt(  327): get_next_u32: here:18cba80
04-26 20:21:39.620 D/pskey_bt(  327): char:1, 1
04-26 20:21:39.620 D/pskey_bt(  327): char:f, f
04-26 20:21:39.620 D/pskey_bt(  327): char:0, 0
04-26 20:21:39.620 D/pskey_bt(  327): char:0, 0
04-26 20:21:39.620 D/pskey_bt(  327): get_one_item(data) = 0x1f00
04-26 20:21:39.620 D/pskey_bt(  327): get_next_u32: here:1f00
04-26 20:21:39.620 D/pskey_bt(  327): char:1, 1
04-26 20:21:39.620 D/pskey_bt(  327): char:E, E
04-26 20:21:39.620 D/pskey_bt(  327): get_one_item(data) = 0x1e
04-26 20:21:39.620 D/pskey_bt(  327): get_next_u32: here:1e
04-26 20:21:39.620 D/pskey_bt(  327): char:7, 7
04-26 20:21:39.620 D/pskey_bt(  327): char:B, B
04-26 20:21:39.620 D/pskey_bt(  327): char:0, 0
04-26 20:21:39.620 D/pskey_bt(  327): char:0, 0
04-26 20:21:39.620 D/pskey_bt(  327): char:7, 7
04-26 20:21:39.620 D/pskey_bt(  327): char:C, C
04-26 20:21:39.620 D/pskey_bt(  327): get_one_item(data) = 0x7b007c
04-26 20:21:39.620 D/pskey_bt(  327): get_next_u32: here:7b007c
04-26 20:21:39.620 D/pskey_bt(  327): char:3, 3
04-26 20:21:39.620 D/pskey_bt(  327): char:7, 7
04-26 20:21:39.620 D/pskey_bt(  327): char:0, 0
04-26 20:21:39.620 D/pskey_bt(  327): char:0, 0
04-26 20:21:39.620 D/pskey_bt(  327): char:7, 7
04-26 20:21:39.620 D/pskey_bt(  327): char:A, A
04-26 20:21:39.620 D/pskey_bt(  327): get_one_item(data) = 0x37007a
04-26 20:21:39.620 D/pskey_bt(  327): get_next_u32: here:37007a
04-26 20:21:39.620 D/pskey_bt(  327): char:3, 3
04-26 20:21:39.620 D/pskey_bt(  327): char:5, 5
04-26 20:21:39.620 D/pskey_bt(  327): char:0, 0
04-26 20:21:39.620 D/pskey_bt(  327): char:0, 0
04-26 20:21:39.620 D/pskey_bt(  327): char:3, 3
04-26 20:21:39.620 D/pskey_bt(  327): char:6, 6
04-26 20:21:39.620 D/pskey_bt(  327): get_one_item(data) = 0x350036
04-26 20:21:39.620 D/pskey_bt(  327): get_next_u32: here:350036
04-26 20:21:39.620 D/pskey_bt(  327): char:2, 2
04-26 20:21:39.620 D/pskey_bt(  327): char:9, 9
04-26 20:21:39.620 D/pskey_bt(  327): char:0, 0
04-26 20:21:39.620 D/pskey_bt(  327): char:0, 0
04-26 20:21:39.620 D/pskey_bt(  327): char:3, 3
04-26 20:21:39.620 D/pskey_bt(  327): char:4, 4
04-26 20:21:39.620 D/pskey_bt(  327): get_one_item(data) = 0x290034
04-26 20:21:39.620 D/pskey_bt(  327): get_next_u32: here:290034
04-26 20:21:39.620 D/pskey_bt(  327): char:0, 0
04-26 20:21:39.620 D/pskey_bt(  327): char:A, A
04-26 20:21:39.620 D/pskey_bt(  327): char:0, 0
04-26 20:21:39.620 D/pskey_bt(  327): char:0, 0
04-26 20:21:39.620 D/pskey_bt(  327): char:2, 2
04-26 20:21:39.620 D/pskey_bt(  327): char:8, 8
04-26 20:21:39.620 D/pskey_bt(  327): get_one_item(data) = 0xa0028
04-26 20:21:39.620 D/pskey_bt(  327): get_next_u32: here:a0028
04-26 20:21:39.620 D/pskey_bt(  327): char:0, 0
04-26 20:21:39.620 D/pskey_bt(  327): char:0, 0
04-26 20:21:39.620 D/pskey_bt(  327): char:0, 0
04-26 20:21:39.620 D/pskey_bt(  327): char:6, 6
04-26 20:21:39.620 D/pskey_bt(  327): char:0, 0
04-26 20:21:39.620 D/pskey_bt(  327): char:0, 0
04-26 20:21:39.620 D/pskey_bt(  327): char:0, 0
04-26 20:21:39.620 D/pskey_bt(  327): char:9, 9
04-26 20:21:39.620 D/pskey_bt(  327): get_one_item(data) = 0x60009
04-26 20:21:39.620 D/pskey_bt(  327): get_next_u32: here:60009
04-26 20:21:39.620 D/pskey_bt(  327): end of buff, str=},
04-26 20:21:39.620 D/pskey_bt(  327): {0x0B,0x0A,0x09, 0x08, 0x07},
04-26 20:21:39.620 D/pskey_bt(  327): {0xFF, 0xFF, 0x8D, 0xFE, 0x9B, 0x3F, 0x79, 0x83,
04-26 20:21:39.620 D/pskey_bt(  327):   0xFF, 0xA7, 0xFF, 0x7F, 0x00, 0xE0, 0xF7, 0x3E},
04-26 20:21:39.620 D/pskey_bt(  327): {0xFF, 0xFF, 0xFF, 0xFF, 0xFF, 0xFF},
04-26 20:21:39.620 D/pskey_bt(  327): 0,
04-26 20:21:39.620 D/pskey_bt(  327): 1,
04-26 20:21:39.620 D/pskey_bt(  327): 5,
04-26 20:21:39.620 D/pskey_bt(  327): 0xE,
04-26 20:21:39.620 D/pskey_bt(  327): 1,
04-26 20:21:39.620 D/pskey_bt(  327): 1,
04-26 20:21:39.620 D/pskey_bt(  327): 0x50000000,
04-26 20:21:39.620 D/pskey_bt(  327): 0x50000150,
04-26 20:21:39.620 D/pskey_bt(  327): 0x50000150,
04-26 20:21:39.620 D/pskey_bt(  327): 0x50000154,
04-26 20:21:39.620 D/pskey_bt(  327): 0xFFFFFFFF,
04-26 20:21:39.620 D/pskey_bt(  327): 0x100,
04-26 20:21:39.620 D/pskey_bt(  327): 0xA0,
04-26 20:21:39.620 D/pskey_bt(  327): 0xDC,
04-26 20:21:39.620 D/pskey_bt(  327): 0x20,
04-26 20:21:39.620 D/pskey_bt(  327): 0x55,
04-26 20:21:39.620 D/pskey_bt(  327): 0x64,
04-26 20:21:39.620 D/pskey_bt(  327): 0,
04-26 20:21:39.620 D/pskey_bt(  327): 0x8,
04-26 20:21:39.620 D/pskey_bt(  327): 0x13C,
04-26 20:21:39.620 D/pskey_bt(  327): 0x2,
04-26 20:21:39.620 D/pskey_bt(  327): 0xD704,
04-26 20:21:39.620 D/pskey_bt(  327): 0x88888888,
04-26 20:21:39.620 D/pskey_bt(  327): 0x6,
04-26 20:21:39.620 D/pskey_bt(  327): 0x0,
04-26 20:21:39.620 D/pskey_bt(  327): {0x0001,0x0000,0x0000,0x0000,0x0000,0x0000,0x0000,0x0000,0x0000
04-26 20:21:39.620 D/pskey_bt(  327): char:0, 0
04-26 20:21:39.620 D/pskey_bt(  327): char:B, B
04-26 20:21:39.620 D/pskey_bt(  327): get_one_item(data) = 0xb
04-26 20:21:39.620 D/pskey_bt(  327): get_next_u32: here:b
04-26 20:21:39.620 D/pskey_bt(  327): char:0, 0
04-26 20:21:39.620 D/pskey_bt(  327): char:A, A
04-26 20:21:39.620 D/pskey_bt(  327): get_one_item(data) = 0xa
04-26 20:21:39.620 D/pskey_bt(  327): get_next_u32: here:a
04-26 20:21:39.620 D/pskey_bt(  327): char:0, 0
04-26 20:21:39.620 D/pskey_bt(  327): char:9, 9
04-26 20:21:39.620 D/pskey_bt(  327): get_one_item(data) = 0x9
04-26 20:21:39.620 D/pskey_bt(  327): get_next_u32: here:9
04-26 20:21:39.620 D/pskey_bt(  327): char:0, 0
04-26 20:21:39.620 D/pskey_bt(  327): char:8, 8
04-26 20:21:39.620 D/pskey_bt(  327): get_one_item(data) = 0x8
04-26 20:21:39.620 D/pskey_bt(  327): get_next_u32: here:8
04-26 20:21:39.620 D/pskey_bt(  327): char:0, 0
04-26 20:21:39.620 D/pskey_bt(  327): char:7, 7
04-26 20:21:39.620 D/pskey_bt(  327): get_one_item(data) = 0x7
04-26 20:21:39.620 D/pskey_bt(  327): get_next_u32: here:7
04-26 20:21:39.620 D/pskey_bt(  327): end of buff, str=},
04-26 20:21:39.620 D/pskey_bt(  327): {0xFF, 0xFF, 0x8D, 0xFE, 0x9B, 0x3F, 0x79, 0x83,
04-26 20:21:39.620 D/pskey_bt(  327):   0xFF, 0xA7, 0xFF, 0x7F, 0x00, 0xE0, 0xF7, 0x3E},
04-26 20:21:39.620 D/pskey_bt(  327): {0xFF, 0xFF, 0xFF, 0xFF, 0xFF, 0xFF},
04-26 20:21:39.620 D/pskey_bt(  327): 0,
04-26 20:21:39.620 D/pskey_bt(  327): 1,
04-26 20:21:39.620 D/pskey_bt(  327): 5,
04-26 20:21:39.620 D/pskey_bt(  327): 0xE,
04-26 20:21:39.620 D/pskey_bt(  327): 1,
04-26 20:21:39.620 D/pskey_bt(  327): 1,
04-26 20:21:39.620 D/pskey_bt(  327): 0x50000000,
04-26 20:21:39.620 D/pskey_bt(  327): 0x50000150,
04-26 20:21:39.620 D/pskey_bt(  327): 0x50000150,
04-26 20:21:39.620 D/pskey_bt(  327): 0x50000154,
04-26 20:21:39.620 D/pskey_bt(  327): 0xFFFFFFFF,
04-26 20:21:39.620 D/pskey_bt(  327): 0x100,
04-26 20:21:39.620 D/pskey_bt(  327): 0xA0,
04-26 20:21:39.620 D/pskey_bt(  327): 0xDC,
04-26 20:21:39.620 D/pskey_bt(  327): 0x20,
04-26 20:21:39.620 D/pskey_bt(  327): 0x55,
04-26 20:21:39.620 D/pskey_bt(  327): 0x64,
04-26 20:21:39.620 D/pskey_bt(  327): 0,
04-26 20:21:39.620 D/pskey_bt(  327): 0x8,
04-26 20:21:39.620 D/pskey_bt(  327): 0x13C,
04-26 20:21:39.620 D/pskey_bt(  327): 0x2,
04-26 20:21:39.620 D/pskey_bt(  327): 0xD704,
04-26 20:21:39.620 D/pskey_bt(  327): 0x88888888,
04-26 20:21:39.620 D/pskey_bt(  327): 0x6,
04-26 20:21:39.620 D/pskey_bt(  327): 0x0,
04-26 20:21:39.620 D/pskey_bt(  327): {0x0001,0x0000,0x0000,0x0000,0x0000,0x0000,0x0000,0x0000,0x0000
04-26 20:21:39.620 D/pskey_bt(  327): char:F, F
04-26 20:21:39.620 D/pskey_bt(  327): char:F, F
04-26 20:21:39.620 D/pskey_bt(  327): get_one_item(data) = 0xff
04-26 20:21:39.620 D/pskey_bt(  327): get_next_u8: here:ff
04-26 20:21:39.620 D/pskey_bt(  327): char:F, F
04-26 20:21:39.620 D/pskey_bt(  327): char:F, F
04-26 20:21:39.620 D/pskey_bt(  327): get_one_item(data) = 0xff
04-26 20:21:39.620 D/pskey_bt(  327): get_next_u8: here:ff
04-26 20:21:39.620 D/pskey_bt(  327): char:8, 8
04-26 20:21:39.620 D/pskey_bt(  327): char:D, D
04-26 20:21:39.620 D/pskey_bt(  327): get_one_item(data) = 0x8d
04-26 20:21:39.620 D/pskey_bt(  327): get_next_u8: here:8d
04-26 20:21:39.620 D/pskey_bt(  327): char:F, F
04-26 20:21:39.620 D/pskey_bt(  327): char:E, E
04-26 20:21:39.620 D/pskey_bt(  327): get_one_item(data) = 0xfe
04-26 20:21:39.620 D/pskey_bt(  327): get_next_u8: here:fe
04-26 20:21:39.620 D/pskey_bt(  327): char:9, 9
04-26 20:21:39.620 D/pskey_bt(  327): char:B, B
04-26 20:21:39.620 D/pskey_bt(  327): get_one_item(data) = 0x9b
04-26 20:21:39.620 D/pskey_bt(  327): get_next_u8: here:9b
04-26 20:21:39.620 D/pskey_bt(  327): char:3, 3
04-26 20:21:39.620 D/pskey_bt(  327): char:F, F
04-26 20:21:39.620 D/pskey_bt(  327): get_one_item(data) = 0x3f
04-26 20:21:39.620 D/pskey_bt(  327): get_next_u8: here:3f
04-26 20:21:39.620 D/pskey_bt(  327): char:7, 7
04-26 20:21:39.620 D/pskey_bt(  327): char:9, 9
04-26 20:21:39.620 D/pskey_bt(  327): get_one_item(data) = 0x79
04-26 20:21:39.620 D/pskey_bt(  327): get_next_u8: here:79
04-26 20:21:39.620 D/pskey_bt(  327): char:8, 8
04-26 20:21:39.620 D/pskey_bt(  327): char:3, 3
04-26 20:21:39.620 D/pskey_bt(  327): get_one_item(data) = 0x83
04-26 20:21:39.620 D/pskey_bt(  327): get_next_u8: here:83
04-26 20:21:39.620 D/pskey_bt(  327): char:F, F
04-26 20:21:39.620 D/pskey_bt(  327): char:F, F
04-26 20:21:39.620 D/pskey_bt(  327): get_one_item(data) = 0xff
04-26 20:21:39.620 D/pskey_bt(  327): get_next_u8: here:ff
04-26 20:21:39.620 D/pskey_bt(  327): char:A, A
04-26 20:21:39.620 D/pskey_bt(  327): char:7, 7
04-26 20:21:39.620 D/pskey_bt(  327): get_one_item(data) = 0xa7
04-26 20:21:39.620 D/pskey_bt(  327): get_next_u8: here:a7
04-26 20:21:39.620 D/pskey_bt(  327): char:F, F
04-26 20:21:39.620 D/pskey_bt(  327): char:F, F
04-26 20:21:39.620 D/pskey_bt(  327): get_one_item(data) = 0xff
04-26 20:21:39.620 D/pskey_bt(  327): get_next_u8: here:ff
04-26 20:21:39.620 D/pskey_bt(  327): char:7, 7
04-26 20:21:39.620 D/pskey_bt(  327): char:F, F
04-26 20:21:39.620 D/pskey_bt(  327): get_one_item(data) = 0x7f
04-26 20:21:39.620 D/pskey_bt(  327): get_next_u8: here:7f
04-26 20:21:39.620 D/pskey_bt(  327): char:0, 0
04-26 20:21:39.620 D/pskey_bt(  327): char:0, 0
04-26 20:21:39.620 D/pskey_bt(  327): get_one_item(data) = 0x0
04-26 20:21:39.620 D/pskey_bt(  327): get_next_u8: here:0
04-26 20:21:39.620 D/pskey_bt(  327): char:E, E
04-26 20:21:39.620 D/pskey_bt(  327): char:0, 0
04-26 20:21:39.620 D/pskey_bt(  327): get_one_item(data) = 0xe0
04-26 20:21:39.620 D/pskey_bt(  327): get_next_u8: here:e0
04-26 20:21:39.620 D/pskey_bt(  327): char:F, F
04-26 20:21:39.620 D/pskey_bt(  327): char:7, 7
04-26 20:21:39.620 D/pskey_bt(  327): get_one_item(data) = 0xf7
04-26 20:21:39.620 D/pskey_bt(  327): get_next_u8: here:f7
04-26 20:21:39.620 D/pskey_bt(  327): char:3, 3
04-26 20:21:39.620 D/pskey_bt(  327): char:E, E
04-26 20:21:39.620 D/pskey_bt(  327): get_one_item(data) = 0x3e
04-26 20:21:39.620 D/pskey_bt(  327): get_next_u8: here:3e
04-26 20:21:39.620 D/pskey_bt(  327): end of buff, str=},
04-26 20:21:39.620 D/pskey_bt(  327): {0xFF, 0xFF, 0xFF, 0xFF, 0xFF, 0xFF},
04-26 20:21:39.620 D/pskey_bt(  327): 0,
04-26 20:21:39.620 D/pskey_bt(  327): 1,
04-26 20:21:39.620 D/pskey_bt(  327): 5,
04-26 20:21:39.620 D/pskey_bt(  327): 0xE,
04-26 20:21:39.620 D/pskey_bt(  327): 1,
04-26 20:21:39.620 D/pskey_bt(  327): 1,
04-26 20:21:39.620 D/pskey_bt(  327): 0x50000000,
04-26 20:21:39.620 D/pskey_bt(  327): 0x50000150,
04-26 20:21:39.620 D/pskey_bt(  327): 0x50000150,
04-26 20:21:39.620 D/pskey_bt(  327): 0x50000154,
04-26 20:21:39.620 D/pskey_bt(  327): 0xFFFFFFFF,
04-26 20:21:39.620 D/pskey_bt(  327): 0x100,
04-26 20:21:39.620 D/pskey_bt(  327): 0xA0,
04-26 20:21:39.620 D/pskey_bt(  327): 0xDC,
04-26 20:21:39.620 D/pskey_bt(  327): 0x20,
04-26 20:21:39.620 D/pskey_bt(  327): 0x55,
04-26 20:21:39.620 D/pskey_bt(  327): 0x64,
04-26 20:21:39.620 D/pskey_bt(  327): 0,
04-26 20:21:39.620 D/pskey_bt(  327): 0x8,
04-26 20:21:39.620 D/pskey_bt(  327): 0x13C,
04-26 20:21:39.620 D/pskey_bt(  327): 0x2,
04-26 20:21:39.620 D/pskey_bt(  327): 0xD704,
04-26 20:21:39.620 D/pskey_bt(  327): 0x88888888,
04-26 20:21:39.620 D/pskey_bt(  327): 0x6,
04-26 20:21:39.620 D/pskey_bt(  327): 0x0,
04-26 20:21:39.620 D/pskey_bt(  327): {0x0001,0x0000,0x0000,0x0000,0x0000,0x0000,0x0000,0x0000,0x0000
04-26 20:21:39.620 D/pskey_bt(  327): char:F, F
04-26 20:21:39.620 D/pskey_bt(  327): char:F, F
04-26 20:21:39.620 D/pskey_bt(  327): get_one_item(data) = 0xff
04-26 20:21:39.620 D/pskey_bt(  327): get_next_u8: here:ff
04-26 20:21:39.620 D/pskey_bt(  327): char:F, F
04-26 20:21:39.620 D/pskey_bt(  327): char:F, F
04-26 20:21:39.620 D/pskey_bt(  327): get_one_item(data) = 0xff
04-26 20:21:39.620 D/pskey_bt(  327): get_next_u8: here:ff
04-26 20:21:39.620 D/pskey_bt(  327): char:F, F
04-26 20:21:39.620 D/pskey_bt(  327): char:F, F
04-26 20:21:39.620 D/pskey_bt(  327): get_one_item(data) = 0xff
04-26 20:21:39.620 D/pskey_bt(  327): get_next_u8: here:ff
04-26 20:21:39.620 D/pskey_bt(  327): char:F, F
04-26 20:21:39.620 D/pskey_bt(  327): char:F, F
04-26 20:21:39.620 D/pskey_bt(  327): get_one_item(data) = 0xff
04-26 20:21:39.620 D/pskey_bt(  327): get_next_u8: here:ff
04-26 20:21:39.620 D/pskey_bt(  327): char:F, F
04-26 20:21:39.620 D/pskey_bt(  327): char:F, F
04-26 20:21:39.620 D/pskey_bt(  327): get_one_item(data) = 0xff
04-26 20:21:39.620 D/pskey_bt(  327): get_next_u8: here:ff
04-26 20:21:39.620 D/pskey_bt(  327): char:F, F
04-26 20:21:39.620 D/pskey_bt(  327): char:F, F
04-26 20:21:39.620 D/pskey_bt(  327): get_one_item(data) = 0xff
04-26 20:21:39.620 D/pskey_bt(  327): get_next_u8: here:ff
04-26 20:21:39.620 D/pskey_bt(  327): end of buff, str=},
04-26 20:21:39.620 D/pskey_bt(  327): 0,
04-26 20:21:39.620 D/pskey_bt(  327): 1,
04-26 20:21:39.620 D/pskey_bt(  327): 5,
04-26 20:21:39.620 D/pskey_bt(  327): 0xE,
04-26 20:21:39.620 D/pskey_bt(  327): 1,
04-26 20:21:39.620 D/pskey_bt(  327): 1,
04-26 20:21:39.620 D/pskey_bt(  327): 0x50000000,
04-26 20:21:39.620 D/pskey_bt(  327): 0x50000150,
04-26 20:21:39.620 D/pskey_bt(  327): 0x50000150,
04-26 20:21:39.620 D/pskey_bt(  327): 0x50000154,
04-26 20:21:39.620 D/pskey_bt(  327): 0xFFFFFFFF,
04-26 20:21:39.620 D/pskey_bt(  327): 0x100,
04-26 20:21:39.620 D/pskey_bt(  327): 0xA0,
04-26 20:21:39.620 D/pskey_bt(  327): 0xDC,
04-26 20:21:39.620 D/pskey_bt(  327): 0x20,
04-26 20:21:39.620 D/pskey_bt(  327): 0x55,
04-26 20:21:39.620 D/pskey_bt(  327): 0x64,
04-26 20:21:39.620 D/pskey_bt(  327): 0,
04-26 20:21:39.620 D/pskey_bt(  327): 0x8,
04-26 20:21:39.620 D/pskey_bt(  327): 0x13C,
04-26 20:21:39.620 D/pskey_bt(  327): 0x2,
04-26 20:21:39.620 D/pskey_bt(  327): 0xD704,
04-26 20:21:39.620 D/pskey_bt(  327): 0x88888888,
04-26 20:21:39.620 D/pskey_bt(  327): 0x6,
04-26 20:21:39.620 D/pskey_bt(  327): 0x0,
04-26 20:21:39.620 D/pskey_bt(  327): {0x0001,0x0000,0x0000,0x0000,0x0000,0x0000,0x0000,0x0000,0x0000
04-26 20:21:39.620 D/pskey_bt(  327): char:0, 0
04-26 20:21:39.620 D/pskey_bt(  327): get_one_item(data) = 0x0
04-26 20:21:39.620 D/pskey_bt(  327): get_next_u8: here:0
04-26 20:21:39.620 D/pskey_bt(  327): char:1, 1
04-26 20:21:39.620 D/pskey_bt(  327): get_one_item(data) = 0x1
04-26 20:21:39.620 D/pskey_bt(  327): get_next_u8: here:1
04-26 20:21:39.620 D/pskey_bt(  327): char:5, 5
04-26 20:21:39.620 D/pskey_bt(  327): get_one_item(data) = 0x5
04-26 20:21:39.620 D/pskey_bt(  327): get_next_u8: here:5
04-26 20:21:39.620 D/pskey_bt(  327): char:E, E
04-26 20:21:39.620 D/pskey_bt(  327): get_one_item(data) = 0xe
04-26 20:21:39.620 D/pskey_bt(  327): get_next_u8: here:e
04-26 20:21:39.620 D/pskey_bt(  327): char:1, 1
04-26 20:21:39.620 D/pskey_bt(  327): get_one_item(data) = 0x1
04-26 20:21:39.620 D/pskey_bt(  327): get_next_u8: here:1
04-26 20:21:39.620 D/pskey_bt(  327): char:1, 1
04-26 20:21:39.620 D/pskey_bt(  327): get_one_item(data) = 0x1
04-26 20:21:39.620 D/pskey_bt(  327): get_next_u8: here:1
04-26 20:21:39.620 D/pskey_bt(  327): char:5, 5
04-26 20:21:39.620 D/pskey_bt(  327): char:0, 0
04-26 20:21:39.620 D/pskey_bt(  327): char:0, 0
04-26 20:21:39.620 D/pskey_bt(  327): char:0, 0
04-26 20:21:39.620 D/pskey_bt(  327): char:0, 0
04-26 20:21:39.620 D/pskey_bt(  327): char:0, 0
04-26 20:21:39.620 D/pskey_bt(  327): char:0, 0
04-26 20:21:39.620 D/pskey_bt(  327): char:0, 0
04-26 20:21:39.620 D/pskey_bt(  327): get_one_item(data) = 0x50000000
04-26 20:21:39.620 D/pskey_bt(  327): get_next_u32: here:50000000
04-26 20:21:39.620 D/pskey_bt(  327): char:5, 5
04-26 20:21:39.620 D/pskey_bt(  327): char:0, 0
04-26 20:21:39.620 D/pskey_bt(  327): char:0, 0
04-26 20:21:39.620 D/pskey_bt(  327): char:0, 0
04-26 20:21:39.620 D/pskey_bt(  327): char:0, 0
04-26 20:21:39.620 D/pskey_bt(  327): char:1, 1
04-26 20:21:39.620 D/pskey_bt(  327): char:5, 5
04-26 20:21:39.620 D/pskey_bt(  327): char:0, 0
04-26 20:21:39.620 D/pskey_bt(  327): get_one_item(data) = 0x50000150
04-26 20:21:39.620 D/pskey_bt(  327): get_next_u32: here:50000150
04-26 20:21:39.620 D/pskey_bt(  327): char:5, 5
04-26 20:21:39.620 D/pskey_bt(  327): char:0, 0
04-26 20:21:39.620 D/pskey_bt(  327): char:0, 0
04-26 20:21:39.620 D/pskey_bt(  327): char:0, 0
04-26 20:21:39.620 D/pskey_bt(  327): char:0, 0
04-26 20:21:39.620 D/pskey_bt(  327): char:1, 1
04-26 20:21:39.620 D/pskey_bt(  327): char:5, 5
04-26 20:21:39.620 D/pskey_bt(  327): char:0, 0
04-26 20:21:39.620 D/pskey_bt(  327): get_one_item(data) = 0x50000150
04-26 20:21:39.620 D/pskey_bt(  327): get_next_u32: here:50000150
04-26 20:21:39.620 D/pskey_bt(  327): char:5, 5
04-26 20:21:39.620 D/pskey_bt(  327): char:0, 0
04-26 20:21:39.620 D/pskey_bt(  327): char:0, 0
04-26 20:21:39.620 D/pskey_bt(  327): char:0, 0
04-26 20:21:39.620 D/pskey_bt(  327): char:0, 0
04-26 20:21:39.620 D/pskey_bt(  327): char:1, 1
04-26 20:21:39.620 D/pskey_bt(  327): char:5, 5
04-26 20:21:39.620 D/pskey_bt(  327): char:4, 4
04-26 20:21:39.620 D/pskey_bt(  327): get_one_item(data) = 0x50000154
04-26 20:21:39.620 D/pskey_bt(  327): get_next_u32: here:50000154
04-26 20:21:39.620 D/pskey_bt(  327): char:F, F
04-26 20:21:39.620 D/pskey_bt(  327): char:F, F
04-26 20:21:39.620 D/pskey_bt(  327): char:F, F
04-26 20:21:39.620 D/pskey_bt(  327): char:F, F
04-26 20:21:39.620 D/pskey_bt(  327): char:F, F
04-26 20:21:39.620 D/pskey_bt(  327): char:F, F
04-26 20:21:39.620 D/pskey_bt(  327): char:F, F
04-26 20:21:39.620 D/pskey_bt(  327): char:F, F
04-26 20:21:39.620 D/pskey_bt(  327): get_one_item(data) = 0xffffffff
04-26 20:21:39.620 D/pskey_bt(  327): get_next_u32: here:ffffffff
04-26 20:21:39.620 D/pskey_bt(  327): char:1, 1
04-26 20:21:39.620 D/pskey_bt(  327): char:0, 0
04-26 20:21:39.620 D/pskey_bt(  327): char:0, 0
04-26 20:21:39.620 D/pskey_bt(  327): get_one_item(data) = 0x100
04-26 20:21:39.620 D/pskey_bt(  327): get_next_u16: here:100
04-26 20:21:39.620 D/pskey_bt(  327): char:A, A
04-26 20:21:39.620 D/pskey_bt(  327): char:0, 0
04-26 20:21:39.620 D/pskey_bt(  327): get_one_item(data) = 0xa0
04-26 20:21:39.620 D/pskey_bt(  327): get_next_u16: here:a0
04-26 20:21:39.620 D/pskey_bt(  327): char:D, D
04-26 20:21:39.620 D/pskey_bt(  327): char:C, C
04-26 20:21:39.620 D/pskey_bt(  327): get_one_item(data) = 0xdc
04-26 20:21:39.620 D/pskey_bt(  327): get_next_u16: here:dc
04-26 20:21:39.620 D/pskey_bt(  327): char:2, 2
04-26 20:21:39.620 D/pskey_bt(  327): char:0, 0
04-26 20:21:39.620 D/pskey_bt(  327): get_one_item(data) = 0x20
04-26 20:21:39.620 D/pskey_bt(  327): get_next_u16: here:20
04-26 20:21:39.620 D/pskey_bt(  327): char:5, 5
04-26 20:21:39.620 D/pskey_bt(  327): char:5, 5
04-26 20:21:39.620 D/pskey_bt(  327): get_one_item(data) = 0x55
04-26 20:21:39.620 D/pskey_bt(  327): get_next_u16: here:55
04-26 20:21:39.620 D/pskey_bt(  327): char:6, 6
04-26 20:21:39.620 D/pskey_bt(  327): char:4, 4
04-26 20:21:39.620 D/pskey_bt(  327): get_one_item(data) = 0x64
04-26 20:21:39.620 D/pskey_bt(  327): get_next_u16: here:64
04-26 20:21:39.620 D/pskey_bt(  327): char:0, 0
04-26 20:21:39.620 D/pskey_bt(  327): get_one_item(data) = 0x0
04-26 20:21:39.620 D/pskey_bt(  327): get_next_u32: here:0
04-26 20:21:39.620 D/pskey_bt(  327): char:8, 8
04-26 20:21:39.620 D/pskey_bt(  327): get_one_item(data) = 0x8
04-26 20:21:39.620 D/pskey_bt(  327): get_next_u16: here:8
04-26 20:21:39.620 D/pskey_bt(  327): char:1, 1
04-26 20:21:39.620 D/pskey_bt(  327): char:3, 3
04-26 20:21:39.620 D/pskey_bt(  327): char:C, C
04-26 20:21:39.620 D/pskey_bt(  327): get_one_item(data) = 0x13c
04-26 20:21:39.620 D/pskey_bt(  327): get_next_u16: here:13c
04-26 20:21:39.620 D/pskey_bt(  327): char:2, 2
04-26 20:21:39.620 D/pskey_bt(  327): get_one_item(data) = 0x2
04-26 20:21:39.620 D/pskey_bt(  327): get_next_u16: here:2
04-26 20:21:39.620 D/pskey_bt(  327): char:D, D
04-26 20:21:39.620 D/pskey_bt(  327): char:7, 7
04-26 20:21:39.620 D/pskey_bt(  327): char:0, 0
04-26 20:21:39.620 D/pskey_bt(  327): char:4, 4
04-26 20:21:39.620 D/pskey_bt(  327): get_one_item(data) = 0xd704
04-26 20:21:39.620 D/pskey_bt(  327): get_next_u16: here:d704
04-26 20:21:39.620 D/pskey_bt(  327): char:8, 8
04-26 20:21:39.620 D/pskey_bt(  327): char:8, 8
04-26 20:21:39.620 D/pskey_bt(  327): char:8, 8
04-26 20:21:39.620 D/pskey_bt(  327): char:8, 8
04-26 20:21:39.620 D/pskey_bt(  327): char:8, 8
04-26 20:21:39.620 D/pskey_bt(  327): char:8, 8
04-26 20:21:39.620 D/pskey_bt(  327): char:8, 8
04-26 20:21:39.620 D/pskey_bt(  327): char:8, 8
04-26 20:21:39.620 D/pskey_bt(  327): get_one_item(data) = 0x88888888
04-26 20:21:39.620 D/pskey_bt(  327): get_next_u32: here:88888888
04-26 20:21:39.620 D/pskey_bt(  327): char:6, 6
04-26 20:21:39.620 D/pskey_bt(  327): get_one_item(data) = 0x6
04-26 20:21:39.620 D/pskey_bt(  327): get_next_u16: here:6
04-26 20:21:39.620 D/pskey_bt(  327): char:0, 0
04-26 20:21:39.620 D/pskey_bt(  327): get_one_item(data) = 0x0
04-26 20:21:39.620 D/pskey_bt(  327): get_next_u16: here:0
04-26 20:21:39.620 D/pskey_bt(  327): char:0, 0
04-26 20:21:39.620 D/pskey_bt(  327): char:0, 0
04-26 20:21:39.620 D/pskey_bt(  327): char:0, 0
04-26 20:21:39.620 D/pskey_bt(  327): char:1, 1
04-26 20:21:39.620 D/pskey_bt(  327): get_one_item(data) = 0x1
04-26 20:21:39.620 D/pskey_bt(  327): get_next_u32: here:1
04-26 20:21:39.620 D/pskey_bt(  327): char:0, 0
04-26 20:21:39.620 D/pskey_bt(  327): char:0, 0
04-26 20:21:39.620 D/pskey_bt(  327): char:0, 0
04-26 20:21:39.620 D/pskey_bt(  327): char:0, 0
04-26 20:21:39.620 D/pskey_bt(  327): get_one_item(data) = 0x0
04-26 20:21:39.620 D/pskey_bt(  327): get_next_u32: here:0
04-26 20:21:39.620 D/pskey_bt(  327): char:0, 0
04-26 20:21:39.620 D/pskey_bt(  327): char:0, 0
04-26 20:21:39.620 D/pskey_bt(  327): char:0, 0
04-26 20:21:39.620 D/pskey_bt(  327): char:0, 0
04-26 20:21:39.620 D/pskey_bt(  327): get_one_item(data) = 0x0
04-26 20:21:39.620 D/pskey_bt(  327): get_next_u32: here:0
04-26 20:21:39.620 D/pskey_bt(  327): char:0, 0
04-26 20:21:39.620 D/pskey_bt(  327): char:0, 0
04-26 20:21:39.620 D/pskey_bt(  327): char:0, 0
04-26 20:21:39.620 D/pskey_bt(  327): char:0, 0
04-26 20:21:39.620 D/pskey_bt(  327): get_one_item(data) = 0x0
04-26 20:21:39.620 D/pskey_bt(  327): get_next_u32: here:0
04-26 20:21:39.620 D/pskey_bt(  327): char:0, 0
04-26 20:21:39.620 D/pskey_bt(  327): char:0, 0
04-26 20:21:39.620 D/pskey_bt(  327): char:0, 0
04-26 20:21:39.620 D/pskey_bt(  327): char:0, 0
04-26 20:21:39.620 D/pskey_bt(  327): get_one_item(data) = 0x0
04-26 20:21:39.620 D/pskey_bt(  327): get_next_u32: here:0
04-26 20:21:39.620 D/pskey_bt(  327): char:0, 0
04-26 20:21:39.620 D/pskey_bt(  327): char:0, 0
04-26 20:21:39.620 D/pskey_bt(  327): char:0, 0
04-26 20:21:39.620 D/pskey_bt(  327): char:0, 0
04-26 20:21:39.620 D/pskey_bt(  327): get_one_item(data) = 0x0
04-26 20:21:39.620 D/pskey_bt(  327): get_next_u32: here:0
04-26 20:21:39.620 D/pskey_bt(  327): char:0, 0
04-26 20:21:39.620 D/pskey_bt(  327): char:0, 0
04-26 20:21:39.620 D/pskey_bt(  327): char:0, 0
04-26 20:21:39.620 D/pskey_bt(  327): char:0, 0
04-26 20:21:39.620 D/pskey_bt(  327): get_one_item(data) = 0x0
04-26 20:21:39.620 D/pskey_bt(  327): get_next_u32: here:0
04-26 20:21:39.620 D/pskey_bt(  327): char:0, 0
04-26 20:21:39.620 D/pskey_bt(  327): char:0, 0
04-26 20:21:39.620 D/pskey_bt(  327): char:0, 0
04-26 20:21:39.620 D/pskey_bt(  327): char:0, 0
04-26 20:21:39.620 D/pskey_bt(  327): get_one_item(data) = 0x0
04-26 20:21:39.620 D/pskey_bt(  327): get_next_u32: here:0
04-26 20:21:39.620 D/pskey_bt(  327): char:0, 0
04-26 20:21:39.620 D/pskey_bt(  327): char:0, 0
04-26 20:21:39.620 D/pskey_bt(  327): char:0, 0
04-26 20:21:39.620 D/pskey_bt(  327): char:0, 0
04-26 20:21:39.620 D/pskey_bt(  327): get_one_item(data) = 0x0
04-26 20:21:39.620 D/pskey_bt(  327): get_next_u32: here:0
04-26 20:21:39.620 D/pskey_bt(  327): get_one_item(data) = 0x0
04-26 20:21:39.620 D/pskey_bt(  327): get_next_u32: here:0
04-26 20:21:39.620 D/pskey_bt(  327): leave out tmp_buff=
04-26 20:21:39.620 D/pskey_bt(  327): parse pskey success, tmp_buff=0x11f120
04-26 20:21:39.620 D/pskey_bt(  327): ret get pskey from file =0
04-26 20:21:39.620 D/pskey_bt(  327): data/btmac.txt does not exist 0 
04-26 20:21:39.700 I/Gonk    (   83): RIL[0]: OnConnectSuccess
04-26 20:21:39.720 D/pskey_bt(  327): tmp_mac:00c3870274d3
04-26 20:21:39.720 D/pskey_bt(  327): d3  
04-26 20:21:39.720 D/pskey_bt(  327): 74  
04-26 20:21:39.720 D/pskey_bt(  327): 2  
04-26 20:21:39.720 D/pskey_bt(  327): 87  
04-26 20:21:39.720 D/pskey_bt(  327): c3  
04-26 20:21:39.720 D/pskey_bt(  327): 0  
04-26 20:21:39.880 I/Gonk    (   83): RIL[1]: OnConnectSuccess
04-26 20:21:40.130 I/Gecko   (   83): 1398568900143	Marionette	DEBUG	accepted connection on 127.0.0.1:35228
04-26 20:21:40.350 E/bluedroid(   83): test bt_is_enabled
04-26 20:21:40.990 D/NetUtils(   83): failed to remove default route for wlan0: No such device
04-26 20:21:41.000 W/WifiHW  (   83): wifi_load_driver enter 262
04-26 20:21:41.000 W/WifiHW  (   83): DRIVER_MODULE_PATH= DRIVER_MODULE_ARG= 
04-26 20:21:41.000 W/WifiHW  (   83): driver insmod complete 
04-26 20:21:41.000 W/WifiHW  (   83): Driver() loaded succesffuly
04-26 20:21:41.260 W/WifiHW  (   86): wifi_change_fw_path: /system/lib/modules/itm_sta.ko
04-26 20:21:41.260 D/WifiHW  (   86): Unable to unload driver module "itm_ap.ko": No such file or directory
04-26 20:21:41.460 D/WifiHW  (   86): Unable to unload driver module "itm_sta.ko": No such file or directory
04-26 20:21:41.660 W/WifiHW  (   86): insmod filename=/system/lib/modules/itm_sta.ko args= 
04-26 20:21:41.830 V/AudioPolicyManagerBase(   88): setStreamVolumeIndex() stream 3, index 0
04-26 20:21:41.830 E/AudioPolicyManagerBase(   88): checkAndSetVolume stream=3, index=0, output=1, device=2
04-26 20:21:41.830 E/AudioPolicyManagerBase(   88): computeVolume, streamDesc=0x164fbf0
04-26 20:21:41.830 V/AudioPolicyManagerBase(   88): setStreamVolume() for output 1 stream 3, volume 0.000000, delay 0
04-26 20:21:41.830 V/AudioPolicyManagerBase(   88): setStreamVolumeIndex() stream 1, index 0
04-26 20:21:41.830 E/AudioPolicyManagerBase(   88): checkAndSetVolume stream=1, index=0, output=1, device=2
04-26 20:21:41.830 E/AudioPolicyManagerBase(   88): computeVolume, streamDesc=0x164fbb8
04-26 20:21:41.830 V/AudioPolicyManagerBase(   88): setStreamVolume() for output 1 stream 1, volume 0.000000, delay 0
04-26 20:21:41.850 V/AudioPolicyManagerBase(   88): setStreamVolumeIndex() stream 5, index 0
04-26 20:21:41.850 E/AudioPolicyManagerBase(   88): checkAndSetVolume stream=5, index=0, output=1, device=2
04-26 20:21:41.850 E/AudioPolicyManagerBase(   88): computeVolume, streamDesc=0x164fc28
04-26 20:21:41.850 V/AudioPolicyManagerBase(   88): setStreamVolume() for output 1 stream 5, volume 0.000000, delay 0
04-26 20:21:41.850 V/AudioPolicyManagerBase(   88): setStreamVolumeIndex() stream 2, index 0
04-26 20:21:41.850 E/AudioPolicyManagerBase(   88): checkAndSetVolume stream=2, index=0, output=1, device=2
04-26 20:21:41.850 E/AudioPolicyManagerBase(   88): computeVolume, streamDesc=0x164fbd4
04-26 20:21:41.850 V/AudioPolicyManagerBase(   88): setStreamVolume() for output 1 stream 2, volume 0.000000, delay 0
04-26 20:21:41.850 V/AudioPolicyManagerBase(   88): setStreamVolumeIndex() stream 4, index 15
04-26 20:21:41.850 E/AudioPolicyManagerBase(   88): checkAndSetVolume stream=4, index=15, output=1, device=2
04-26 20:21:41.850 E/AudioPolicyManagerBase(   88): computeVolume, streamDesc=0x164fc0c
04-26 20:21:41.850 V/AudioPolicyManagerBase(   88): VOLUME vol index=[66 100 100], dB=[-10.2 0.0 0.0] ampl=1.00000
04-26 20:21:41.850 V/AudioPolicyManagerBase(   88): setStreamVolumeIndex() stream 0, index 5
04-26 20:21:41.850 E/AudioPolicyManagerBase(   88): checkAndSetVolume stream=0, index=5, output=1, device=2
04-26 20:21:41.850 E/AudioPolicyManagerBase(   88): computeVolume, streamDesc=0x164fb9c
04-26 20:21:41.850 V/AudioPolicyManagerBase(   88): VOLUME vol index=[66 100 100], dB=[-17.0 0.0 0.0] ampl=1.00000
04-26 20:21:41.850 V/AudioPolicyManagerBase(   88): setStreamVolumeIndex() stream 6, index 15
04-26 20:21:41.850 V/AudioPolicyManagerBase(   88): checkAndSetVolume() cannot set stream 6 volume with force use = 0 for comm
04-26 20:21:42.160 I/VolumeManager(   83): SetSharingMode for volume sdcard to 1 canBeShared = 1
04-26 20:21:42.160 I/AutoMounter(   83): UpdateState: umsAvail:1 umsEnabled:1 mode:0 usbCablePluggedIn:1 tryToShare:0
04-26 20:21:42.160 I/AutoMounter(   83): UpdateState: Volume sdcard is NoMedia and missing
04-26 20:21:42.400 I/Gecko   (   83): ###################################### forms.js loaded
04-26 20:21:42.410 I/Gecko   (   83): ############################### browserElementPanning.js loaded
04-26 20:21:42.430 I/Gecko   (   83): ######################## BrowserElementChildPreload.js loaded
04-26 20:21:42.460 I/Gecko   (   83): *** UTM:SVC TimerManager:registerTimer - id: user-agent-updates-timer
04-26 20:21:42.460 E/GeckoConsole(   83): UTM:SVC TimerManager:registerTimer - id: user-agent-updates-timer
04-26 20:21:42.860 I/GeckoDump(   83): Crash reporter : Can't fetch app.reportCrashes. Exception: [Exception... "Component returned failure code: 0x8000ffff (NS_ERROR_UNEXPECTED) [nsIPrefBranch.getBoolPref]"  nsresult: "0x8000ffff (NS_ERROR_UNEXPECTED)"  location: "JS frame :: chrome://browser/content/shell.js :: shell_reportCrash :: line 7"  data: no]
04-26 20:21:43.160 E/Profiler(  344): BEGIN mozilla_sampler_init
04-26 20:21:43.170 E/Profiler(  344): BPUnw: [1 total] thread_register_for_profiling(me=0x40129488, stacktop=0xbeef79b7)
04-26 20:21:43.180 E/Profiler(  344): SPS:
04-26 20:21:43.180 E/Profiler(  344): SPS: Unwind mode       = pseudo
04-26 20:21:43.180 E/Profiler(  344): SPS: Sampling interval = 0 ms (zero means "platform default")
04-26 20:21:43.180 E/Profiler(  344): SPS: Entry store size  = 0 (zero means "platform default")
04-26 20:21:43.180 E/Profiler(  344): SPS: UnwindStackScan   = 0 (max dubious frames per unwind).
04-26 20:21:43.180 E/Profiler(  344): SPS: Use env var MOZ_PROFILER_MODE=help for further information.
04-26 20:21:43.180 E/Profiler(  344): SPS:
04-26 20:21:43.180 E/Profiler(  344): Registering start signal
04-26 20:21:44.000 E/GeckoConsole(   83): [JavaScript Warning: "Error in parsing value for 'font-weight'.  Declaration dropped." {file: "app://system.gaiamobile.org/style/shrinking_ui/shrinking_ui.css" line: 9 column: 15 source: "  font-weight: medium;"}]
04-26 20:21:44.010 E/Profiler(   83): BPUnw: [1 total] thread_unregister_for_profiling(me=0x8fdf48)  (NOT REGISTERED) 
04-26 20:21:44.260 E/GeckoConsole(  344): Could not read chrome manifest 'file:///system/b2g/chrome.manifest'.
04-26 20:21:44.440 D/SoftapController(   86): Softap fwReload - Ok
04-26 20:21:44.440 E/BandwidthController(   86): No such iface wlan0 to delete
04-26 20:21:44.440 D/Sensors (   83): activate handle=0; drv=0
04-26 20:21:44.440 D/Sensors (   83): Lis3dhSensor: Control set 0
04-26 20:21:44.440 D/Sensors (   83): Lis3dhSensor: mEnabled = 0
04-26 20:21:44.450 I/Gecko   (   83): MobileConnection initialized
04-26 20:21:44.450 I/Gecko   (   83): MobileConnection initialized
04-26 20:21:44.970 I/Gecko   (   83): Attempting load of libEGL.so
04-26 20:21:45.000 D/libEGL  (   83): loaded /system/lib/egl/libEGL_mali.so
04-26 20:21:45.040 D/libEGL  (   83): loaded /system/lib/egl/libGLESv1_CM_mali.so
04-26 20:21:45.040 D/libEGL  (   83): loaded /system/lib/egl/libGLESv2_mali.so
04-26 20:21:45.060 I/HWComposer(   83): Creating new instance
04-26 20:21:45.060 E/HWComposer(   83): Failed to initialize hwc
04-26 20:21:45.120 E/GeckoConsole(   83): OpenGL compositor Initialized Succesfully.
04-26 20:21:45.120 E/GeckoConsole(   83): Version: OpenGL ES 2.0 Spreadtrum Build
04-26 20:21:45.120 E/GeckoConsole(   83): Vendor: ARM
04-26 20:21:45.120 E/GeckoConsole(   83): Renderer: Mali-300
04-26 20:21:45.120 E/GeckoConsole(   83): FBO Texture Target: TEXTURE_2D
04-26 20:21:46.500 I/Gecko   (   83): 1398568906506	Marionette	DEBUG	accepted connection on 127.0.0.1:35229
04-26 20:21:47.200 I/power   (   83): *** set_screen_state 1
04-26 20:21:47.200 D/Sensors (   83): activate handle=3; drv=1
04-26 20:21:47.210 D/Sensors (   83): SensorTMD2771::setEnable=0= en=1; newState=1; what=0; mEnabled=0
04-26 20:21:47.310 D/Sensors (   83): taos ---Light::TAOS_IOCTL_ALS_ON=== err=0
04-26 20:21:47.310 D/Sensors (   83): SensorTMD2771::setEnable=1= en=1; newState=1; what=0; mEnabled=1
04-26 20:21:47.310 D/Sensors (   83): SensorTMD2771::getEnable===mEnabled=0x1; enable=1
04-26 20:21:47.320 I/GeckoDump(   83): XXX FIXME : Got a mozContentEvent: nfc-hardware-state-change
04-26 20:21:47.370 I/Gecko   (   83): ############################### browserElementPanning.js loaded
04-26 20:21:47.400 I/Gecko   (   83): ######################## BrowserElementChildPreload.js loaded
04-26 20:21:47.430 I/GeckoDump(   83): XXX FIXME : Got a mozContentEvent: system-message-listener-ready
04-26 20:21:47.700 I/Gonk    (   83): Setting nice for pid 360 to 18
04-26 20:21:47.700 I/Gonk    (   83): Changed nice for pid 360 from 0 to 18.
04-26 20:21:47.790 D/Sensors (   83): SensorTMD2771::readEvents()======data_fd=53,count=16
04-26 20:21:47.790 D/Sensors (   83): SensorTMD2771::processEvent()=====code=40::value=1 
04-26 20:21:47.790 D/Sensors (   83): SensorTMD2771: mPendingEvents[Light].light = 1.000000
04-26 20:21:48.000 E/WifiHW  (   83): Leo ensure_config_file_exists config_file=/data/misc/wifi/wpa_supplicant.conf
04-26 20:21:48.000 E/WifiHW  (   83): daemon_cmd=wpa_supplicant:-iwlan0 -c/data/misc/wifi/wpa_supplicant.conf
04-26 20:21:48.320 E/GeckoConsole(   83): [JavaScript Warning: "Error in parsing value for 'padding'.  Declaration dropped." {file: "app://callscreen.gaiamobile.org/style/oncall.css" line: 280 column: 13 source: "    padding: none;"}]
04-26 20:21:48.830 I/Gecko   (   83): MobileConnection initialized
04-26 20:21:48.830 I/Gecko   (   83): MobileConnection initialized
04-26 20:21:49.210 V/AudioPolicyManagerBase(   88): getDeviceForStrategy() from cache strategy 0, device 2
04-26 20:21:49.210 V/AudioPolicyManagerBase(   88): getOutput() stream 3, samplingRate 0, format 0, channels 3, flags 0
04-26 20:21:49.650 W/WifiHW  (   83): wifi_command: LOG_LEVEL
04-26 20:21:49.650 W/WifiHW  (   83): wifi_command: STATUS
04-26 20:21:49.870 I/Gecko   (   83): 1398568909874	Marionette	INFO	loaded marionette-listener.js
04-26 20:21:49.870 I/Gecko   (   83): 1398568909876	Marionette	INFO	sendToClient: {"from":"0","value":"3-b2g"}, {ea1ec0f5-e7b6-4e19-ad9c-8d87ee579d90}, {ea1ec0f5-e7b6-4e19-ad9c-8d87ee579d90}
04-26 20:21:49.960 W/WifiHW  (   83): wifi_command: LIST_NETWORKS
04-26 20:21:49.960 W/WifiHW  (   83): wifi_command: DRIVER MACADDR
04-26 20:21:50.130 W/WifiHW  (   83): wifi_command: GET_NETWORK 0 ssid
04-26 20:21:50.130 W/WifiHW  (   83): wifi_command: GET_NETWORK 0 bssid
04-26 20:21:50.130 W/WifiHW  (   83): wifi_command: GET_NETWORK 0 psk
04-26 20:21:50.130 W/WifiHW  (   83): wifi_command: GET_NETWORK 0 wep_key0
04-26 20:21:50.130 W/WifiHW  (   83): wifi_command: GET_NETWORK 0 wep_key1
04-26 20:21:50.130 W/WifiHW  (   83): wifi_command: GET_NETWORK 0 wep_key2
04-26 20:21:50.140 W/WifiHW  (   83): wifi_command: GET_NETWORK 0 wep_key3
04-26 20:21:50.140 W/WifiHW  (   83): wifi_command: GET_NETWORK 0 wep_tx_keyidx
04-26 20:21:50.140 W/WifiHW  (   83): wifi_command: GET_NETWORK 0 priority
04-26 20:21:50.140 W/WifiHW  (   83): wifi_command: GET_NETWORK 0 key_mgmt
04-26 20:21:50.140 W/WifiHW  (   83): wifi_command: GET_NETWORK 0 scan_ssid
04-26 20:21:50.140 W/WifiHW  (   83): wifi_command: GET_NETWORK 0 disabled
04-26 20:21:50.140 W/WifiHW  (   83): wifi_command: GET_NETWORK 0 identity
04-26 20:21:50.140 W/WifiHW  (   83): wifi_command: GET_NETWORK 0 password
04-26 20:21:50.140 W/WifiHW  (   83): wifi_command: GET_NETWORK 0 auth_alg
04-26 20:21:50.140 W/WifiHW  (   83): wifi_command: GET_NETWORK 0 phase1
04-26 20:21:50.140 W/WifiHW  (   83): wifi_command: GET_NETWORK 0 phase2
04-26 20:21:50.140 W/WifiHW  (   83): wifi_command: GET_NETWORK 0 eap
04-26 20:21:50.140 W/WifiHW  (   83): wifi_command: GET_NETWORK 0 pin
04-26 20:21:50.140 W/WifiHW  (   83): wifi_command: GET_NETWORK 0 pcsc
04-26 20:21:50.180 W/WifiHW  (   83): wifi_command: ENABLE_NETWORK 0
04-26 20:21:50.180 W/WifiHW  (   83): wifi_command: AP_SCAN 1
04-26 20:21:50.210 W/WifiHW  (   83): wifi_command: SAVE_CONFIG
04-26 20:21:50.240 I/Gecko   (   83): 1398568910251	Marionette	INFO	sendToClient: {"from":"0","value":{"ELEMENT":"{a9bb90eb-f008-4c11-a409-42c7264fea31}"}}, {0a5886c2-85fb-4c80-9652-5a6df84b994f}, {0a5886c2-85fb-4c80-9652-5a6df84b994f}
04-26 20:21:50.350 W/WifiHW  (   83): wifi_command: SCAN_RESULTS
04-26 20:21:50.420 I/Gecko   (   83): 1398568910426	Marionette	INFO	sendToClient: {"from":"0","value":false}, {b8ba6a95-633c-4849-915a-8c5598543252}, {b8ba6a95-633c-4849-915a-8c5598543252}
04-26 20:21:50.420 W/WifiHW  (   83): wifi_command: DRIVER SCAN-PASSIVE
04-26 20:21:50.630 I/Gecko   (   83): 1398568910634	Marionette	INFO	sendToClient: {"from":"0","value":{"ELEMENT":"{a9bb90eb-f008-4c11-a409-42c7264fea31}"}}, {ad8210aa-9c9f-426c-81c7-56f45debc032}, {ad8210aa-9c9f-426c-81c7-56f45debc032}
04-26 20:21:50.760 I/Gecko   (   83): 1398568910767	Marionette	INFO	sendToClient: {"from":"0","value":false}, {25b33fcc-8926-4606-b4f3-ff7d284e7e2e}, {25b33fcc-8926-4606-b4f3-ff7d284e7e2e}
04-26 20:21:51.480 I/Gecko   (   83): 1398568911493	Marionette	INFO	sendToClient: {"from":"0","value":{"ELEMENT":"{a9bb90eb-f008-4c11-a409-42c7264fea31}"}}, {30a5ddfe-1b03-41eb-a2fc-9115edb01c2f}, {30a5ddfe-1b03-41eb-a2fc-9115edb01c2f}
04-26 20:21:51.530 I/Gecko   (   83): 1398568911533	Marionette	INFO	sendToClient: {"from":"0","value":false}, {846de88b-103e-4a60-b128-333ae25c0cea}, {846de88b-103e-4a60-b128-333ae25c0cea}
04-26 20:21:51.660 I/GeckoDump(   83): XXX FIXME : Got a mozContentEvent: accessibility-screenreader
04-26 20:21:51.700 I/GeckoDump(   83): XXX FIXME : Got a mozContentEvent: nfc-hardware-state-change
04-26 20:21:51.880 W/WifiHW  (   83): wifi_command: DRIVER SCAN-ACTIVE
04-26 20:21:52.040 W/WifiHW  (   83): wifi_command: SCAN
04-26 20:21:52.130 W/WifiHW  (   83): wifi_command: DRIVER SCAN-PASSIVE
04-26 20:21:52.150 I/Gecko   (   83): 1398568912161	Marionette	INFO	sendToClient: {"from":"0","value":{"ELEMENT":"{a9bb90eb-f008-4c11-a409-42c7264fea31}"}}, {9ffb5213-6060-4edc-bca6-bb53f4762a7d}, {9ffb5213-6060-4edc-bca6-bb53f4762a7d}
04-26 20:21:52.310 I/Gecko   (   83): 1398568912322	Marionette	INFO	sendToClient: {"from":"0","value":true}, {056ff6b0-4caf-4998-be17-e249451b3551}, {056ff6b0-4caf-4998-be17-e249451b3551}
04-26 20:21:52.540 E/GeckoConsole(   83): Content JS ERROR at app://system.gaiamobile.org/js/telephony_settings.js:23 in set_vpm_error: Error setting voice privacy.
04-26 20:21:52.550 E/GeckoConsole(   83): Content JS ERROR at app://system.gaiamobile.org/js/telephony_settings.js:23 in set_vpm_error: Error setting voice privacy.
04-26 20:21:52.560 I/FMRadio (   83): FMRadio is initialized.
04-26 20:21:52.690 E/GeckoConsole(   83): Content JS ERROR at app://system.gaiamobile.org/js/telephony_settings.js:42 in set_vpm_error: Error roaming preference.
04-26 20:21:52.690 E/GeckoConsole(   83): Content JS ERROR at app://system.gaiamobile.org/js/telephony_settings.js:42 in set_vpm_error: Error roaming preference.
04-26 20:21:53.230 E/Profiler(   83): BPUnw: [1 total] thread_unregister_for_profiling(me=0x8fdf08)  (NOT REGISTERED) 
04-26 20:21:53.310 I/GeckoDump(   83): XXX FIXME : Got a mozContentEvent: inputmethod-update-layouts
04-26 20:21:53.350 I/Gecko   (   83): ############################### browserElementPanning.js loaded
04-26 20:21:53.610 I/Gecko   (   83): ######################## BrowserElementChildPreload.js loaded
04-26 20:21:53.710 I/GeckoDump(   83): XXX FIXME : Got a mozContentEvent: inputmethod-update-layouts
04-26 20:21:54.400 E/GeckoConsole(   83): [JavaScript Warning: "Error in parsing value for 'font-weight'.  Declaration dropped." {file: "app://keyboard.gaiamobile.org/style/keyboard.css" line: 133 column: 15 source: "  font-weight: medium;"}]
04-26 20:21:55.120 I/Gecko   (   83): 1398568915126	Marionette	INFO	sendToClient: {"from":"0","ok":true}, {e837ca24-150f-405b-bf7c-ebf541e2dd13}, {e837ca24-150f-405b-bf7c-ebf541e2dd13}
04-26 20:21:55.170 I/Gecko   (   83): 1398568915182	Marionette	DEBUG	Got request: switchToFrame, data: {"to":"0","sessionId":"3-b2g","name":"switchToFrame","parameters":{"id":null,"focus":true}}, id: {94397127-42e6-4242-a0c4-527fab5ca5bb}
04-26 20:21:55.190 I/Gecko   (   83): 1398568915201	Marionette	INFO	Switched to frame: {"frameValue":null}
04-26 20:21:55.260 W/WifiHW  (   83): wifi_command: SCAN_RESULTS
04-26 20:21:55.270 W/WifiHW  (   83): wifi_command: DRIVER SCAN-PASSIVE
04-26 20:21:55.300 W/WifiHW  (   83): wifi_command: GET_NETWORK 0 ssid
04-26 20:21:55.300 W/WifiHW  (   83): wifi_command: GET_NETWORK 0 bssid
04-26 20:21:55.300 W/WifiHW  (   83): wifi_command: GET_NETWORK 0 psk
04-26 20:21:55.310 W/WifiHW  (   83): wifi_command: GET_NETWORK 0 wep_key0
04-26 20:21:55.310 W/WifiHW  (   83): wifi_command: GET_NETWORK 0 wep_key1
04-26 20:21:55.310 W/WifiHW  (   83): wifi_command: GET_NETWORK 0 wep_key2
04-26 20:21:55.310 W/WifiHW  (   83): wifi_command: GET_NETWORK 0 wep_key3
04-26 20:21:55.310 W/WifiHW  (   83): wifi_command: GET_NETWORK 0 wep_tx_keyidx
04-26 20:21:55.310 W/WifiHW  (   83): wifi_command: GET_NETWORK 0 priority
04-26 20:21:55.310 W/WifiHW  (   83): wifi_command: GET_NETWORK 0 key_mgmt
04-26 20:21:55.310 W/WifiHW  (   83): wifi_command: GET_NETWORK 0 scan_ssid
04-26 20:21:55.310 W/WifiHW  (   83): wifi_command: GET_NETWORK 0 disabled
04-26 20:21:55.310 W/WifiHW  (   83): wifi_command: GET_NETWORK 0 identity
04-26 20:21:55.310 W/WifiHW  (   83): wifi_command: GET_NETWORK 0 password
04-26 20:21:55.310 W/WifiHW  (   83): wifi_command: GET_NETWORK 0 auth_alg
04-26 20:21:55.310 W/WifiHW  (   83): wifi_command: GET_NETWORK 0 phase1
04-26 20:21:55.310 W/WifiHW  (   83): wifi_command: GET_NETWORK 0 phase2
04-26 20:21:55.310 W/WifiHW  (   83): wifi_command: GET_NETWORK 0 eap
04-26 20:21:55.320 W/WifiHW  (   83): wifi_command: GET_NETWORK 0 pin
04-26 20:21:55.320 W/WifiHW  (   83): wifi_command: GET_NETWORK 0 pcsc
