--------- beginning of /dev/log/main
04-28 06:27:39.650 I/Gecko   (   83): 1398691659655	Marionette	INFO	sendToClient: {"from":"0","value":"<div><img src=\"blob:f3c0ab37-79c2-4cba-9d10-382c0e8c874f\" style=\"visibility: visible;\" role=\"presentation\" height=\"64\" width=\"64\"><span class=\"labelWrapper\"><span>Excel</span></span></div><span data-is-icon=\"true\" class=\"options\"></span>"}, {3f2ef70a-c2b1-4833-a9bb-1316929592e2}, {3f2ef70a-c2b1-4833-a9bb-1316929592e2}
04-28 06:27:39.660 I/Gecko   (   83): 1398691659666	Marionette	INFO	sendToClient: {"from":"0","value":"<div><img src=\"blob:8dd2844d-c0dc-4986-8f2d-4ca1393d9255\" style=\"visibility: visible;\" role=\"presentation\" height=\"64\" width=\"64\"><span class=\"labelWrapper\"><span>Open Way</span></span></div><span data-is-icon=\"true\" class=\"options\"></span>"}, {cfe5def6-574d-4a55-8b4b-5d95ec510ae9}, {cfe5def6-574d-4a55-8b4b-5d95ec510ae9}
04-28 06:27:39.670 I/Gecko   (   83): 1398691659677	Marionette	INFO	sendToClient: {"from":"0","value":"<div><img src=\"blob:5a46fc95-b954-481c-9989-103b1d9a259c\" style=\"visibility: visible;\" role=\"presentation\" height=\"64\" width=\"64\"><span class=\"labelWrapper\"><span>Zarautz</span></span></div><span data-is-icon=\"true\" class=\"options\"></span>"}, {140dcf59-13b4-4718-8770-86e0eeb91d85}, {140dcf59-13b4-4718-8770-86e0eeb91d85}
04-28 06:27:39.680 I/Gecko   (   83): 1398691659687	Marionette	INFO	sendToClient: {"from":"0","value":"<div><img src=\"blob:2d20850f-4e19-448d-91d7-e6942a708536\" style=\"visibility: visible;\" role=\"presentation\" height=\"64\" width=\"64\"><span class=\"labelWrapper mask\"><span>MozMonument</span></span></div><span data-is-icon=\"true\" class=\"options\"></span>"}, {d58181ab-8876-4972-8cd4-17e9e308d289}, {d58181ab-8876-4972-8cd4-17e9e308d289}
04-28 06:27:39.690 I/Gecko   (   83): 1398691659697	Marionette	INFO	sendToClient: {"from":"0","value":"<div><img src=\"blob:353e0001-5d8a-4371-bc57-12b5afa605f2\" style=\"visibility: visible;\" role=\"presentation\" height=\"64\" width=\"64\"><span class=\"labelWrapper\"><span>OpenPanzer</span></span></div><span data-is-icon=\"true\" class=\"options\"></span>"}, {1e0b4358-dca5-416a-b9a3-07c320c76774}, {1e0b4358-dca5-416a-b9a3-07c320c76774}
04-28 06:27:39.700 I/Gecko   (   83): 1398691659707	Marionette	INFO	sendToClient: {"from":"0","value":"<div><img src=\"blob:a51fd2f5-97d8-4cc7-8292-f569a1683e94\" style=\"visibility: visible;\" role=\"presentation\" height=\"64\" width=\"64\"><span class=\"labelWrapper\"><span>Real Soccer</span></span></div><span data-is-icon=\"true\" class=\"options\"></span>"}, {c3b52a4a-0536-4e73-9bdc-1bba1bc2ae25}, {c3b52a4a-0536-4e73-9bdc-1bba1bc2ae25}
04-28 06:27:39.710 I/Gecko   (   83): 1398691659718	Marionette	INFO	sendToClient: {"from":"0","value":"<div><img src=\"blob:158151a4-4c5e-4b4f-a360-057b88a015f6\" style=\"visibility: visible;\" role=\"presentation\" height=\"64\" width=\"64\"><span class=\"labelWrapper mask\"><span>Lider en deportes</span></span></div><span data-is-icon=\"true\" class=\"options\"></span>"}, {40c61d89-e75d-47c2-8544-c1818aab2b38}, {40c61d89-e75d-47c2-8544-c1818aab2b38}
04-28 06:27:39.730 I/Gecko   (   83): 1398691659740	Marionette	INFO	sendToClient: {"from":"0","value":"<div><img src=\"blob:e56137cb-087f-42d8-8314-2411069d4d1a\" style=\"visibility: visible;\" role=\"presentation\" height=\"64\" width=\"64\"><span class=\"labelWrapper mask\"><span>Body Fat Percentage Calculator</span></span></div><span data-is-icon=\"true\" class=\"options\"></span>"}, {9ad95969-a5ab-40bd-824f-61da2184c38b}, {9ad95969-a5ab-40bd-824f-61da2184c38b}
04-28 06:27:39.740 I/Gecko   (   83): 1398691659753	Marionette	INFO	sendToClient: {"from":"0","value":"<div><img src=\"blob:df89c2a4-4f0b-4f73-9565-eaab34090068\" style=\"visibility: visible;\" role=\"presentation\" height=\"64\" width=\"64\"><span class=\"labelWrapper\"><span>Rezolutie</span></span></div><span data-is-icon=\"true\" class=\"options\"></span>"}, {9dffacfc-d0a9-4e03-b70f-e6f9a95d03ee}, {9dffacfc-d0a9-4e03-b70f-e6f9a95d03ee}
04-28 06:27:39.750 I/Gecko   (   83): 1398691659763	Marionette	INFO	sendToClient: {"from":"0","value":"<div><img src=\"blob:3d78b024-8409-46f9-89cc-c953d6bac136\" style=\"visibility: visible;\" role=\"presentation\" height=\"64\" width=\"64\"><span class=\"labelWrapper mask\"><span>Bible History</span></span></div><span data-is-icon=\"true\" class=\"options\"></span>"}, {883c7793-6cee-4535-a6d0-d6f6761fd197}, {883c7793-6cee-4535-a6d0-d6f6761fd197}
04-28 06:27:39.760 I/Gecko   (   83): 1398691659774	Marionette	INFO	sendToClient: {"from":"0","value":"<div><img src=\"blob:5c1f5592-8f7b-41a9-9617-4094597546ec\" style=\"visibility: visible;\" role=\"presentation\" height=\"64\" width=\"64\"><span class=\"labelWrapper\"><span>CSTraffic</span></span></div><span data-is-icon=\"true\" class=\"options\"></span>"}, {d68d14f9-9972-4d20-9572-1e515ebf0650}, {d68d14f9-9972-4d20-9572-1e515ebf0650}
04-28 06:27:39.770 I/Gecko   (   83): 1398691659784	Marionette	INFO	sendToClient: {"from":"0","value":"<div><img src=\"blob:4f1039cb-1251-4341-8e5a-f270ee3485ec\" style=\"visibility: visible;\" role=\"presentation\" height=\"64\" width=\"64\"><span class=\"labelWrapper\"><span>BR Apps</span></span></div><span data-is-icon=\"true\" class=\"options\"></span>"}, {59ada6f0-3756-4fc1-87d5-bd4ac8bd4793}, {59ada6f0-3756-4fc1-87d5-bd4ac8bd4793}
04-28 06:27:39.790 I/Gecko   (   83): 1398691659795	Marionette	INFO	sendToClient: {"from":"0","value":"<div><img src=\"blob:0588b817-25af-4373-bcc6-cfd6f9c3d76e\" style=\"visibility: visible;\" role=\"presentation\" height=\"64\" width=\"64\"><span class=\"labelWrapper\"><span>Roulette</span></span></div><span data-is-icon=\"true\" class=\"options\"></span>"}, {bb792b10-8619-4802-b9b1-dd57744e4ad9}, {bb792b10-8619-4802-b9b1-dd57744e4ad9}
04-28 06:27:39.800 I/Gecko   (   83): 1398691659805	Marionette	INFO	sendToClient: {"from":"0","value":"<div><img src=\"blob:3441d5d2-d55f-4d16-987a-e9805f1c7b42\" style=\"visibility: visible;\" role=\"presentation\" height=\"64\" width=\"64\"><span class=\"labelWrapper\"><span>Mondrago</span></span></div><span data-is-icon=\"true\" class=\"options\"></span>"}, {9afd0767-3359-45a7-98e3-837a2ce03c2c}, {9afd0767-3359-45a7-98e3-837a2ce03c2c}
04-28 06:27:39.810 I/Gecko   (   83): 1398691659815	Marionette	INFO	sendToClient: {"from":"0","value":"<div><img src=\"blob:6b4c8119-c271-42f7-949c-722da2ae3c1e\" style=\"visibility: visible;\" role=\"presentation\" height=\"64\" width=\"64\"><span class=\"labelWrapper mask\"><span>Trast 1.0 DEMO</span></span></div><span data-is-icon=\"true\" class=\"options\"></span>"}, {daa32ac6-299a-4c3e-8f3a-853126adf820}, {daa32ac6-299a-4c3e-8f3a-853126adf820}
04-28 06:27:39.830 I/Gecko   (   83): 1398691659838	Marionette	INFO	sendToClient: {"from":"0","value":"<div><img src=\"blob:96a48683-496e-4934-94c4-300866d4ae5e\" style=\"visibility: visible;\" role=\"presentation\" height=\"64\" width=\"64\"><span class=\"labelWrapper\"><span>Envi</span></span></div><span data-is-icon=\"true\" class=\"options\"></span>"}, {f26d5256-fce2-4ff7-b9f3-70bef776a121}, {f26d5256-fce2-4ff7-b9f3-70bef776a121}
04-28 06:27:39.840 I/Gecko   (   83): 1398691659850	Marionette	INFO	sendToClient: {"from":"0","value":"<div><img src=\"blob:8de7bd78-3093-4d00-a014-ebf2dc5bc297\" style=\"visibility: visible;\" role=\"presentation\" height=\"64\" width=\"64\"><span class=\"labelWrapper\"><span>Bubbles fun</span></span></div><span data-is-icon=\"true\" class=\"options\"></span>"}, {b6e1e211-7d35-4fd8-8082-319bba25e03e}, {b6e1e211-7d35-4fd8-8082-319bba25e03e}
04-28 06:27:39.850 I/Gecko   (   83): 1398691659861	Marionette	INFO	sendToClient: {"from":"0","value":"<div><img src=\"blob:9820e777-b80f-4965-a7b1-2e7dadbf451d\" style=\"visibility: visible;\" role=\"presentation\" height=\"64\" width=\"64\"><span class=\"labelWrapper\"><span>Grocery</span></span></div><span data-is-icon=\"true\" class=\"options\"></span>"}, {dfed9651-fe19-46c4-b320-8b0b666193f7}, {dfed9651-fe19-46c4-b320-8b0b666193f7}
04-28 06:27:39.860 I/Gecko   (   83): 1398691659871	Marionette	INFO	sendToClient: {"from":"0","value":"<div><img src=\"blob:c762c48b-855b-4fe1-9411-b73dd202b0d3\" style=\"visibility: visible;\" role=\"presentation\" height=\"64\" width=\"64\"><span class=\"labelWrapper\"><span>4 kép 1 szó</span></span></div><span data-is-icon=\"true\" class=\"options\"></span>"}, {8c30c073-58c1-4a6c-bd45-9584fed40701}, {8c30c073-58c1-4a6c-bd45-9584fed40701}
04-28 06:27:39.870 I/Gecko   (   83): 1398691659881	Marionette	INFO	sendToClient: {"from":"0","value":"<div><img src=\"blob:73a35a3f-be5b-47ad-ac66-d2415c1ceb1e\" style=\"visibility: visible;\" role=\"presentation\" height=\"64\" width=\"64\"><span class=\"labelWrapper\"><span>Word Up</span></span></div><span data-is-icon=\"true\" class=\"options\"></span>"}, {9f2aacb6-5545-4ac9-a43b-cf9fdc2ef69b}, {9f2aacb6-5545-4ac9-a43b-cf9fdc2ef69b}
04-28 06:27:39.880 I/Gecko   (   83): 1398691659892	Marionette	INFO	sendToClient: {"from":"0","value":"<div><img src=\"blob:76c1a64e-4d41-41f0-a3da-aa2862d39d0c\" style=\"visibility: visible;\" role=\"presentation\" height=\"64\" width=\"64\"><span class=\"labelWrapper\"><span>resisto.rs</span></span></div><span data-is-icon=\"true\" class=\"options\"></span>"}, {4c9b17cd-9fda-4f08-b3ff-e4184b8fb124}, {4c9b17cd-9fda-4f08-b3ff-e4184b8fb124}
04-28 06:27:39.890 I/Gecko   (   83): 1398691659902	Marionette	INFO	sendToClient: {"from":"0","value":"<div><img src=\"blob:ab669c1a-7e40-41ec-9a25-f5f85fcc3320\" style=\"visibility: visible;\" role=\"presentation\" height=\"64\" width=\"64\"><span class=\"labelWrapper\"><span>Phone</span></span></div>"}, {bcee2015-c721-4d35-b892-20eb8d5c47c6}, {bcee2015-c721-4d35-b892-20eb8d5c47c6}
04-28 06:27:39.900 I/Gecko   (   83): 1398691659913	Marionette	INFO	sendToClient: {"from":"0","value":"<div><img src=\"blob:97278189-1248-40d8-9eb8-7f75c9241a9f\" style=\"visibility: visible;\" role=\"presentation\" height=\"64\" width=\"64\"><span class=\"labelWrapper\"><span>Messages</span></span></div>"}, {b0463901-603e-4ed5-870f-085b164d7586}, {b0463901-603e-4ed5-870f-085b164d7586}
04-28 06:27:39.910 I/Gecko   (   83): 1398691659924	Marionette	INFO	sendToClient: {"from":"0","value":"<div><img src=\"blob:c4e2071f-27bd-4437-b3a4-c5a2f7539905\" style=\"visibility: visible;\" role=\"presentation\" height=\"64\" width=\"64\"><span class=\"labelWrapper\"><span>Contacts</span></span></div>"}, {0129c428-0861-4bc8-ad60-d6e2332aa6e4}, {0129c428-0861-4bc8-ad60-d6e2332aa6e4}
04-28 06:27:39.930 I/Gecko   (   83): 1398691659936	Marionette	INFO	sendToClient: {"from":"0","value":"<div><img src=\"blob:1f6c889a-b0b3-498e-ba0d-f505d5f0ae36\" style=\"visibility: visible;\" role=\"presentation\" height=\"64\" width=\"64\"><span class=\"labelWrapper\"><span>Browser</span></span></div>"}, {a67c4473-0602-4f5c-9403-b8b9b7e2622b}, {a67c4473-0602-4f5c-9403-b8b9b7e2622b}
04-28 06:27:40.180 I/Gecko   ( 2870): ###################################### forms.js loaded
04-28 06:27:40.240 I/Gecko   ( 2870): ############################### browserElementPanning.js loaded
04-28 06:27:40.270 I/Gecko   ( 2870): ######################## BrowserElementChildPreload.js loaded
04-28 06:27:40.560 W/WifiHW  (   83): wifi_command: SIGNAL_POLL
04-28 06:27:41.600 I/GonkMemoryPressure( 1834): Checking to see if memory pressure is over.
04-28 06:27:41.600 I/GonkMemoryPressure( 1834): Memory pressure is over.
04-28 06:27:41.600 I/GonkMemoryPressure( 2870): Checking to see if memory pressure is over.
04-28 06:27:41.600 I/GonkMemoryPressure( 2870): Memory pressure is over.
04-28 06:27:41.600 I/GonkMemoryPressure(   83): Checking to see if memory pressure is over.
04-28 06:27:41.600 I/GonkMemoryPressure(   83): Memory pressure is over.
04-28 06:27:41.600 I/GonkMemoryPressure( 2847): Checking to see if memory pressure is over.
04-28 06:27:41.600 I/GonkMemoryPressure( 2847): Memory pressure is over.
04-28 06:27:42.010 I/Gecko   (   83): 1398691662018	Marionette	INFO	sendToClient: {"from":"0","value":["{94678581-6793-4066-a8f1-125e702720b8}","{a11a9f32-0706-400a-8047-3495c3edf1cd}","{204eaafa-f8a0-49e8-9594-ecef66fd7eca}","{fc4a4840-1bf8-47a1-8e87-38ccc7128b43}","{6178d020-200e-4b21-8ab1-41bb1c61e958}","{d81baa5a-5408-47d8-88cf-ca31b3d7c96a}","{9e694025-bd75-423e-a9af-6a00a0a2a98c}","{5e9fd339-741d-4473-a313-c047a72e327d}","{7effb62e-94a7-4186-89f5-bde0d4b22094}","{7d9c43c0-37f5-4f21-afeb-f57c4aa627f0}","{b807676f-92c4-4678-97e7-da7f8fcfc053}","{bcdacab3-e525-4a1b-b52d-52f95f80c48c}","{faf98c1c-4b0f-49c1-a98e-3178de5ffc3a}","{97aee4f0-35d2-4eb4-93cb-bc83fccd0736}","{6fcdac2c-e9b3-4c71-be82-f9073f3620ee}","{532ffd32-c5ec-48f8-bdc1-7bc8fa0ce80e}","{ca1bb17a-c8b8-43e9-939f-e6ddb594649b}","{ea7cb281-9f15-44fb-a259-563c2076ad4d}","{5f08e001-6faf-41dd-8913-dfde17383150}","{cc9054b6-8385-482b-9db0-d5bfa1f6d1a9}","{208cbec5-f951-4801-a9cf-f14402dd92d1}","{bda0b3a1-0beb-4b33-aadd-9bbcb070284a}","{89cf5ca3-ecbd-4630-a7d5-05d19732975d}","{87c21021-293d
04-28 06:27:42.040 I/Gecko   (   83): 1398691662046	Marionette	INFO	sendToClient: {"from":"0","value":"<div><img src=\"blob:fca114fc-be43-4620-bb80-7457c4054f08\" style=\"visibility: visible;\" role=\"presentation\" height=\"64\" width=\"64\"><span class=\"labelWrapper\"><span>Social</span></span></div><span data-is-icon=\"true\" class=\"options\"></span>"}, {bdfa478e-1156-42d9-817b-b43b84cd757d}, {bdfa478e-1156-42d9-817b-b43b84cd757d}
04-28 06:27:42.050 I/Gecko   (   83): 1398691662056	Marionette	INFO	sendToClient: {"from":"0","value":"<div><img src=\"blob:f22518e6-b58a-4647-bae1-816e12662858\" style=\"visibility: visible;\" role=\"presentation\" height=\"64\" width=\"64\"><span class=\"labelWrapper\"><span>Games</span></span></div><span data-is-icon=\"true\" class=\"options\"></span>"}, {1cf116e5-c187-4c5d-8271-26241719920a}, {1cf116e5-c187-4c5d-8271-26241719920a}
04-28 06:27:42.060 I/Gecko   (   83): 1398691662067	Marionette	INFO	sendToClient: {"from":"0","value":"<div><img src=\"blob:743a4846-a81d-43aa-b68b-d85bb1b60eb8\" style=\"visibility: visible;\" role=\"presentation\" height=\"64\" width=\"64\"><span class=\"labelWrapper\"><span>Music</span></span></div><span data-is-icon=\"true\" class=\"options\"></span>"}, {31b327ca-84e1-45b8-9d87-e6b1b92aa553}, {31b327ca-84e1-45b8-9d87-e6b1b92aa553}
04-28 06:27:42.070 I/Gecko   (   83): 1398691662080	Marionette	INFO	sendToClient: {"from":"0","value":"<div><img src=\"blob:2e18ca8c-453a-4ed1-b7d9-ad4725748ed4\" style=\"visibility: visible;\" role=\"presentation\" height=\"64\" width=\"64\"><span class=\"labelWrapper\"><span>Showbiz</span></span></div><span data-is-icon=\"true\" class=\"options\"></span>"}, {99a16ba1-be37-413b-b598-90f7322b48d8}, {99a16ba1-be37-413b-b598-90f7322b48d8}
04-28 06:27:42.080 I/Gecko   (   83): 1398691662090	Marionette	INFO	sendToClient: {"from":"0","value":"<div><img src=\"blob:6444e033-93ab-4de9-a152-2fbbd7802c57\" style=\"visibility: visible;\" role=\"presentation\" height=\"64\" width=\"64\"><span class=\"labelWrapper\"><span>Camera</span></span></div>"}, {3702127e-a9a8-46d4-962b-c4d21f9947cc}, {3702127e-a9a8-46d4-962b-c4d21f9947cc}
04-28 06:27:42.090 I/Gecko   (   83): 1398691662101	Marionette	INFO	sendToClient: {"from":"0","value":"<div><img src=\"blob:4dd28a9b-9554-45aa-b7cf-24b434aa5a2c\" style=\"visibility: visible;\" role=\"presentation\" height=\"64\" width=\"64\"><span class=\"labelWrapper\"><span>Gallery</span></span></div>"}, {ae8ea478-62c9-4727-ae61-6abb61fe9c20}, {ae8ea478-62c9-4727-ae61-6abb61fe9c20}
04-28 06:27:42.100 I/Gecko   (   83): 1398691662111	Marionette	INFO	sendToClient: {"from":"0","value":"<div><img src=\"blob:4d2d934f-87b2-4db9-ac13-d77e8c79aef3\" style=\"visibility: visible;\" role=\"presentation\" height=\"64\" width=\"64\"><span class=\"labelWrapper\"><span>FM Radio</span></span></div>"}, {2a2cc68b-2891-4e36-8879-b30eeca39be7}, {2a2cc68b-2891-4e36-8879-b30eeca39be7}
04-28 06:27:42.110 I/Gecko   (   83): 1398691662122	Marionette	INFO	sendToClient: {"from":"0","value":"<div><img src=\"blob:c8652b87-f3b9-4fdc-9497-8db4065b83d6\" style=\"visibility: visible;\" role=\"presentation\" height=\"64\" width=\"64\"><span class=\"labelWrapper\"><span>Settings</span></span></div>"}, {e077062f-2e02-469b-98fe-a31b35417024}, {e077062f-2e02-469b-98fe-a31b35417024}
04-28 06:27:42.120 I/Gecko   (   83): 1398691662132	Marionette	INFO	sendToClient: {"from":"0","value":"<div><img src=\"blob:28bd0f10-818f-4973-ae3d-4e4c90765dbd\" style=\"visibility: visible;\" role=\"presentation\" height=\"64\" width=\"64\"><span class=\"labelWrapper\"><span>Marketplace</span></span></div>"}, {db4df21e-7e57-4621-b6d9-ec73e3c1382c}, {db4df21e-7e57-4621-b6d9-ec73e3c1382c}
04-28 06:27:42.130 I/Gecko   (   83): 1398691662143	Marionette	INFO	sendToClient: {"from":"0","value":"<div><img src=\"blob:15174115-514f-4501-980e-7e3d545cb65a\" style=\"visibility: visible;\" role=\"presentation\" height=\"64\" width=\"64\"><span class=\"labelWrapper\"><span>Calendar</span></span></div>"}, {91950a73-32b5-42bc-8a51-cd1b53fa52f5}, {91950a73-32b5-42bc-8a51-cd1b53fa52f5}
04-28 06:27:42.140 I/Gecko   (   83): 1398691662152	Marionette	INFO	sendToClient: {"from":"0","value":"<div><img src=\"blob:a147b4d9-e538-4608-af83-4a29f303d0ee\" style=\"visibility: visible;\" role=\"presentation\" height=\"64\" width=\"64\"><span class=\"labelWrapper\"><span>Clock</span></span></div>"}, {9582f8b2-2f10-4441-866f-b8cdc749ac1d}, {9582f8b2-2f10-4441-866f-b8cdc749ac1d}
04-28 06:27:42.150 I/Gecko   (   83): 1398691662163	Marionette	INFO	sendToClient: {"from":"0","value":"<div><img src=\"blob:30c01027-6118-4d70-a030-0ae5d7ca9d13\" style=\"visibility: visible;\" role=\"presentation\" height=\"64\" width=\"64\"><span class=\"labelWrapper\"><span>Usage</span></span></div>"}, {a8100960-53b1-4469-9c4a-f55d8138b85f}, {a8100960-53b1-4469-9c4a-f55d8138b85f}
04-28 06:27:42.160 I/Gecko   (   83): 1398691662173	Marionette	INFO	sendToClient: {"from":"0","value":"<div><img src=\"blob:d810b0d2-82c9-4056-90d6-83f4a844489e\" style=\"visibility: visible;\" role=\"presentation\" height=\"64\" width=\"64\"><span class=\"labelWrapper\"><span>E-Mail</span></span></div>"}, {3e1cc117-4158-47c4-aa0d-d368644b1bbe}, {3e1cc117-4158-47c4-aa0d-d368644b1bbe}
04-28 06:27:42.190 I/Gecko   (   83): 1398691662197	Marionette	INFO	sendToClient: {"from":"0","value":"<div><img src=\"blob:8f9a76f5-262a-499e-a232-7b9fa0f6b6fb\" style=\"visibility: visible;\" role=\"presentation\" height=\"64\" width=\"64\"><span class=\"labelWrapper\"><span>Music</span></span></div>"}, {86470d69-5a33-4c83-86af-37b1888ecf55}, {86470d69-5a33-4c83-86af-37b1888ecf55}
04-28 06:27:42.200 I/Gecko   (   83): 1398691662206	Marionette	INFO	sendToClient: {"from":"0","value":"<div><img src=\"blob:71fd7932-7c7d-4205-9848-dd468d876dee\" style=\"visibility: visible;\" role=\"presentation\" height=\"64\" width=\"64\"><span class=\"labelWrapper\"><span>Video</span></span></div>"}, {22a64f70-91a9-4fc5-b6da-56e4cf367686}, {22a64f70-91a9-4fc5-b6da-56e4cf367686}
04-28 06:27:42.210 I/Gecko   (   83): 1398691662217	Marionette	INFO	sendToClient: {"from":"0","value":"<div><img src=\"blob:95e3c212-a241-4dfa-984d-c42df9c1cac1\" style=\"visibility: visible;\" role=\"presentation\" height=\"64\" width=\"64\"><span class=\"labelWrapper mask\"><span>GoldNuggets</span></span></div><span data-is-icon=\"true\" class=\"options\"></span>"}, {2c0b8c6e-06a6-4f0b-bf7d-77c68c7867fa}, {2c0b8c6e-06a6-4f0b-bf7d-77c68c7867fa}
04-28 06:27:42.220 I/Gecko   (   83): 1398691662228	Marionette	INFO	sendToClient: {"from":"0","value":"<div><img src=\"blob:846989d3-5e33-4c38-8123-f55ac76012b5\" style=\"visibility: visible;\" role=\"presentation\" height=\"64\" width=\"64\"><span class=\"labelWrapper mask\"><span>Space Shooter</span></span></div><span data-is-icon=\"true\" class=\"options\"></span>"}, {18250d92-3a94-489d-b356-13c5caafde59}, {18250d92-3a94-489d-b356-13c5caafde59}
04-28 06:27:42.230 I/Gecko   (   83): 1398691662238	Marionette	INFO	sendToClient: {"from":"0","value":"<div><img src=\"blob:939f2d14-db72-45ef-8327-53b4b5180b02\" style=\"visibility: visible;\" role=\"presentation\" height=\"64\" width=\"64\"><span class=\"labelWrapper mask\"><span>Rebel Thumb</span></span></div><span data-is-icon=\"true\" class=\"options\"></span>"}, {b9a96520-5517-4b64-a86b-78098aa6dbd2}, {b9a96520-5517-4b64-a86b-78098aa6dbd2}
04-28 06:27:42.240 I/Gecko   (   83): 1398691662247	Marionette	INFO	sendToClient: {"from":"0","value":"<div><img src=\"blob:7daecc0f-14fd-4d27-9e34-3cd42df5bad8\" style=\"visibility: visible;\" role=\"presentation\" height=\"64\" width=\"64\"><span class=\"labelWrapper\"><span>8tracks</span></span></div><span data-is-icon=\"true\" class=\"options\"></span>"}, {61e0dc0a-4b4e-4340-9eb8-45c5ee0150b8}, {61e0dc0a-4b4e-4340-9eb8-45c5ee0150b8}
04-28 06:27:42.250 I/Gecko   (   83): 1398691662257	Marionette	INFO	sendToClient: {"from":"0","value":"<div><img src=\"blob:f3ee13d3-22ba-42d0-ad49-c06bdffb9971\" style=\"visibility: visible;\" role=\"presentation\" height=\"64\" width=\"64\"><span class=\"labelWrapper mask\"><span>The Weather Channel</span></span></div><span data-is-icon=\"true\" class=\"options\"></span>"}, {c8a3448a-b8cd-4abe-ab80-f5824fd76568}, {c8a3448a-b8cd-4abe-ab80-f5824fd76568}
04-28 06:27:42.260 I/Gecko   (   83): 1398691662268	Marionette	INFO	sendToClient: {"from":"0","value":"<div><img src=\"blob:d6f935ae-1a7f-4ce5-a8cd-196bb09bf315\" style=\"visibility: visible;\" role=\"presentation\" height=\"64\" width=\"64\"><span class=\"labelWrapper\"><span>Marketplace</span></span></div><span data-is-icon=\"true\" class=\"options\"></span>"}, {4dea6578-a654-4d8e-b214-ac93c2a4f9ef}, {4dea6578-a654-4d8e-b214-ac93c2a4f9ef}
04-28 06:27:42.270 I/Gecko   (   83): 1398691662279	Marionette	INFO	sendToClient: {"from":"0","value":"<div><img src=\"blob:5b2ba55f-5bdf-45ae-a8c7-14c2a0d65d49\" style=\"visibility: visible;\" role=\"presentation\" height=\"64\" width=\"64\"><span class=\"labelWrapper\"><span>Alezaa</span></span></div><span data-is-icon=\"true\" class=\"options\"></span>"}, {66047603-f9c0-41fc-bbe9-3b10ed8973eb}, {66047603-f9c0-41fc-bbe9-3b10ed8973eb}
04-28 06:27:42.280 I/Gecko   (   83): 1398691662290	Marionette	INFO	sendToClient: {"from":"0","value":"<div><img src=\"blob:913bb9e3-72a2-4fa6-87a0-a9d2fee61245\" style=\"visibility: visible;\" role=\"presentation\" height=\"64\" width=\"64\"><span class=\"labelWrapper mask\"><span>Cheerleaders School</span></span></div><span data-is-icon=\"true\" class=\"options\"></span>"}, {7e605ce8-31a4-4b79-8030-fe03f1330855}, {7e605ce8-31a4-4b79-8030-fe03f1330855}
04-28 06:27:42.290 I/Gecko   (   83): 1398691662301	Marionette	INFO	sendToClient: {"from":"0","value":"<div><img src=\"blob:38e3ba2e-1888-4921-82f2-03c75f1cd792\" style=\"visibility: visible;\" role=\"presentation\" height=\"64\" width=\"64\"><span class=\"labelWrapper mask\"><span>Yummi Squares</span></span></div><span data-is-icon=\"true\" class=\"options\"></span>"}, {c9dfab5d-b5ec-45d5-bb8e-39da9b50f056}, {c9dfab5d-b5ec-45d5-bb8e-39da9b50f056}
04-28 06:27:42.300 I/Gecko   (   83): 1398691662313	Marionette	INFO	sendToClient: {"from":"0","value":"<div><img src=\"blob:c06d28cc-9324-43c2-be89-697a30041482\" style=\"visibility: visible;\" role=\"presentation\" height=\"64\" width=\"64\"><span class=\"labelWrapper\"><span>Sopler</span></span></div><span data-is-icon=\"true\" class=\"options\"></span>"}, {dfc6a707-ea1b-4eb9-ab4d-ba4794c94741}, {dfc6a707-ea1b-4eb9-ab4d-ba4794c94741}
04-28 06:27:42.310 I/Gecko   (   83): 1398691662323	Marionette	INFO	sendToClient: {"from":"0","value":"<div><img src=\"blob:e6e46e0b-7707-44a7-9241-5c4a34b5440b\" style=\"visibility: visible;\" role=\"presentation\" height=\"64\" width=\"64\"><span class=\"labelWrapper mask\"><span>Halloween Defense</span></span></div><span data-is-icon=\"true\" class=\"options\"></span>"}, {8fafd347-d842-4dde-bb3c-bcd7d5d39f3d}, {8fafd347-d842-4dde-bb3c-bcd7d5d39f3d}
04-28 06:27:42.320 I/Gecko   (   83): 1398691662334	Marionette	INFO	sendToClient: {"from":"0","value":"<div><img src=\"blob:0a27bb61-64e8-494d-95d8-3a9973572894\" style=\"visibility: visible;\" role=\"presentation\" height=\"64\" width=\"64\"><span class=\"labelWrapper mask\"><span>The Haunted Mansion</span></span></div><span data-is-icon=\"true\" class=\"options\"></span>"}, {c6ecf8c8-31a3-4a7c-b27a-50a5f5f6c76b}, {c6ecf8c8-31a3-4a7c-b27a-50a5f5f6c76b}
04-28 06:27:42.340 I/Gecko   (   83): 1398691662344	Marionette	INFO	sendToClient: {"from":"0","value":"<div><img src=\"blob:64965ac2-61fe-4d80-ab65-80dc9fce75f6\" style=\"visibility: visible;\" role=\"presentation\" height=\"64\" width=\"64\"><span class=\"labelWrapper mask\"><span>Tummie Island</span></span></div><span data-is-icon=\"true\" class=\"options\"></span>"}, {1055b2ba-13f0-4135-9f81-95e9907edfa9}, {1055b2ba-13f0-4135-9f81-95e9907edfa9}
04-28 06:27:42.350 I/Gecko   (   83): 1398691662357	Marionette	INFO	sendToClient: {"from":"0","value":"<div><img src=\"blob:241d3feb-e7f5-4c65-9965-bcb310cfef05\" style=\"visibility: visible;\" role=\"presentation\" height=\"64\" width=\"64\"><span class=\"labelWrapper mask\"><span>Super Calculadora</span></span></div><span data-is-icon=\"true\" class=\"options\"></span>"}, {03f8ad97-abc1-4ea0-a16e-d6f42f531949}, {03f8ad97-abc1-4ea0-a16e-d6f42f531949}
04-28 06:27:42.360 I/Gecko   (   83): 1398691662367	Marionette	INFO	sendToClient: {"from":"0","value":"<div><img src=\"blob:1e49c9c2-0d6b-42d3-9503-3c2e5fddc33b\" style=\"visibility: visible;\" role=\"presentation\" height=\"64\" width=\"64\"><span class=\"labelWrapper mask\"><span>SmartMobile</span></span></div><span data-is-icon=\"true\" class=\"options\"></span>"}, {5852708a-d89a-46a7-af31-98222eed1527}, {5852708a-d89a-46a7-af31-98222eed1527}
04-28 06:27:42.370 I/Gecko   (   83): 1398691662379	Marionette	INFO	sendToClient: {"from":"0","value":"<div><img src=\"blob:4bcd0878-0b32-4634-9081-b8f071ffcc9c\" style=\"visibility: visible;\" role=\"presentation\" height=\"64\" width=\"64\"><span class=\"labelWrapper mask\"><span>Octopus Blast: ink rush</span></span></div><span data-is-icon=\"true\" class=\"options\"></span>"}, {28925676-1530-443c-ae17-30a0d836404a}, {28925676-1530-443c-ae17-30a0d836404a}
04-28 06:27:42.390 I/Gecko   (   83): 1398691662400	Marionette	INFO	sendToClient: {"from":"0","value":"<div><img src=\"blob:69d17f3f-8f5f-4140-a0f2-2d75b04ae26e\" style=\"visibility: visible;\" role=\"presentation\" height=\"64\" width=\"64\"><span class=\"labelWrapper mask\"><span>Diving Kitties</span></span></div><span data-is-icon=\"true\" class=\"options\"></span>"}, {83c791c8-a868-4bb4-9ef3-060637772fd8}, {83c791c8-a868-4bb4-9ef3-060637772fd8}
04-28 06:27:42.410 I/Gecko   (   83): 1398691662421	Marionette	INFO	sendToClient: {"from":"0","value":"<div><img src=\"blob:bd463edf-694a-4c3f-b1ab-dfec510405ba\" style=\"visibility: visible;\" role=\"presentation\" height=\"64\" width=\"64\"><span class=\"labelWrapper mask\"><span>What's My IP</span></span></div><span data-is-icon=\"true\" class=\"options\"></span>"}, {fc2cbf0e-4ab4-4604-aff7-6bf5d22da478}, {fc2cbf0e-4ab4-4604-aff7-6bf5d22da478}
04-28 06:27:42.430 I/Gecko   (   83): 1398691662435	Marionette	INFO	sendToClient: {"from":"0","value":"<div><img src=\"blob:da6dea70-db13-45f5-b17e-a0b0c4dd8c89\" style=\"visibility: visible;\" role=\"presentation\" height=\"64\" width=\"64\"><span class=\"labelWrapper mask\"><span>Conversor de Temperatura</span></span></div><span data-is-icon=\"true\" class=\"options\"></span>"}, {19b9ccd9-02bc-4e82-bd4e-77032ed51e29}, {19b9ccd9-02bc-4e82-bd4e-77032ed51e29}
04-28 06:27:42.440 I/Gecko   (   83): 1398691662446	Marionette	INFO	sendToClient: {"from":"0","value":"<div><img src=\"blob:f3c0ab37-79c2-4cba-9d10-382c0e8c874f\" style=\"visibility: visible;\" role=\"presentation\" height=\"64\" width=\"64\"><span class=\"labelWrapper\"><span>Excel</span></span></div><span data-is-icon=\"true\" class=\"options\"></span>"}, {0022dbc3-5189-48a6-9e87-3451a5976a22}, {0022dbc3-5189-48a6-9e87-3451a5976a22}
04-28 06:27:42.450 I/Gecko   (   83): 1398691662456	Marionette	INFO	sendToClient: {"from":"0","value":"<div><img src=\"blob:8dd2844d-c0dc-4986-8f2d-4ca1393d9255\" style=\"visibility: visible;\" role=\"presentation\" height=\"64\" width=\"64\"><span class=\"labelWrapper\"><span>Open Way</span></span></div><span data-is-icon=\"true\" class=\"options\"></span>"}, {5ca4c685-4c52-4e2c-ac07-0fb80c820113}, {5ca4c685-4c52-4e2c-ac07-0fb80c820113}
04-28 06:27:42.460 I/Gecko   (   83): 1398691662466	Marionette	INFO	sendToClient: {"from":"0","value":"<div><img src=\"blob:5a46fc95-b954-481c-9989-103b1d9a259c\" style=\"visibility: visible;\" role=\"presentation\" height=\"64\" width=\"64\"><span class=\"labelWrapper\"><span>Zarautz</span></span></div><span data-is-icon=\"true\" class=\"options\"></span>"}, {1f3fb19e-ed7d-4968-8d83-fbd8679b5eca}, {1f3fb19e-ed7d-4968-8d83-fbd8679b5eca}
04-28 06:27:42.470 I/Gecko   (   83): 1398691662479	Marionette	INFO	sendToClient: {"from":"0","value":"<div><img src=\"blob:2d20850f-4e19-448d-91d7-e6942a708536\" style=\"visibility: visible;\" role=\"presentation\" height=\"64\" width=\"64\"><span class=\"labelWrapper mask\"><span>MozMonument</span></span></div><span data-is-icon=\"true\" class=\"options\"></span>"}, {6f3ba899-bc20-4a9b-93aa-4b94b6ccee8a}, {6f3ba899-bc20-4a9b-93aa-4b94b6ccee8a}
04-28 06:27:42.480 I/Gecko   (   83): 1398691662491	Marionette	INFO	sendToClient: {"from":"0","value":"<div><img src=\"blob:353e0001-5d8a-4371-bc57-12b5afa605f2\" style=\"visibility: visible;\" role=\"presentation\" height=\"64\" width=\"64\"><span class=\"labelWrapper\"><span>OpenPanzer</span></span></div><span data-is-icon=\"true\" class=\"options\"></span>"}, {5cd4b9a4-ac60-472d-9dae-7659d2af2caf}, {5cd4b9a4-ac60-472d-9dae-7659d2af2caf}
04-28 06:27:42.490 I/Gecko   (   83): 1398691662502	Marionette	INFO	sendToClient: {"from":"0","value":"<div><img src=\"blob:a51fd2f5-97d8-4cc7-8292-f569a1683e94\" style=\"visibility: visible;\" role=\"presentation\" height=\"64\" width=\"64\"><span class=\"labelWrapper\"><span>Real Soccer</span></span></div><span data-is-icon=\"true\" class=\"options\"></span>"}, {63436cf7-a7f7-45d9-b484-608252f8d522}, {63436cf7-a7f7-45d9-b484-608252f8d522}
04-28 06:27:42.520 I/Gecko   (   83): 1398691662526	Marionette	INFO	sendToClient: {"from":"0","value":"<div><img src=\"blob:158151a4-4c5e-4b4f-a360-057b88a015f6\" style=\"visibility: visible;\" role=\"presentation\" height=\"64\" width=\"64\"><span class=\"labelWrapper mask\"><span>Lider en deportes</span></span></div><span data-is-icon=\"true\" class=\"options\"></span>"}, {fe8d53cd-3b59-486e-b5a5-974621ea99da}, {fe8d53cd-3b59-486e-b5a5-974621ea99da}
04-28 06:27:42.530 I/Gecko   (   83): 1398691662536	Marionette	INFO	sendToClient: {"from":"0","value":"<div><img src=\"blob:e56137cb-087f-42d8-8314-2411069d4d1a\" style=\"visibility: visible;\" role=\"presentation\" height=\"64\" width=\"64\"><span class=\"labelWrapper mask\"><span>Body Fat Percentage Calculator</span></span></div><span data-is-icon=\"true\" class=\"options\"></span>"}, {9beb8253-00fd-4110-a825-e076715081b5}, {9beb8253-00fd-4110-a825-e076715081b5}
04-28 06:27:42.540 I/Gecko   (   83): 1398691662553	Marionette	INFO	sendToClient: {"from":"0","value":"<div><img src=\"blob:df89c2a4-4f0b-4f73-9565-eaab34090068\" style=\"visibility: visible;\" role=\"presentation\" height=\"64\" width=\"64\"><span class=\"labelWrapper\"><span>Rezolutie</span></span></div><span data-is-icon=\"true\" class=\"options\"></span>"}, {ae85febc-8a73-428a-90ec-28403dbee1f8}, {ae85febc-8a73-428a-90ec-28403dbee1f8}
04-28 06:27:42.560 I/Gecko   (   83): 1398691662564	Marionette	INFO	sendToClient: {"from":"0","value":"<div><img src=\"blob:3d78b024-8409-46f9-89cc-c953d6bac136\" style=\"visibility: visible;\" role=\"presentation\" height=\"64\" width=\"64\"><span class=\"labelWrapper mask\"><span>Bible History</span></span></div><span data-is-icon=\"true\" class=\"options\"></span>"}, {4317cfdf-b60d-45a4-9cd5-65a100c306bd}, {4317cfdf-b60d-45a4-9cd5-65a100c306bd}
04-28 06:27:42.570 I/Gecko   (   83): 1398691662580	Marionette	INFO	sendToClient: {"from":"0","value":"<div><img src=\"blob:5c1f5592-8f7b-41a9-9617-4094597546ec\" style=\"visibility: visible;\" role=\"presentation\" height=\"64\" width=\"64\"><span class=\"labelWrapper\"><span>CSTraffic</span></span></div><span data-is-icon=\"true\" class=\"options\"></span>"}, {773743e4-200f-436b-9a18-afef57a1bc1f}, {773743e4-200f-436b-9a18-afef57a1bc1f}
04-28 06:27:42.590 I/Gecko   (   83): 1398691662603	Marionette	INFO	sendToClient: {"from":"0","value":"<div><img src=\"blob:4f1039cb-1251-4341-8e5a-f270ee3485ec\" style=\"visibility: visible;\" role=\"presentation\" height=\"64\" width=\"64\"><span class=\"labelWrapper\"><span>BR Apps</span></span></div><span data-is-icon=\"true\" class=\"options\"></span>"}, {e6181bd2-932d-4a5c-a274-ba993def4ed5}, {e6181bd2-932d-4a5c-a274-ba993def4ed5}
04-28 06:27:42.610 I/Gecko   (   83): 1398691662614	Marionette	INFO	sendToClient: {"from":"0","value":"<div><img src=\"blob:0588b817-25af-4373-bcc6-cfd6f9c3d76e\" style=\"visibility: visible;\" role=\"presentation\" height=\"64\" width=\"64\"><span class=\"labelWrapper\"><span>Roulette</span></span></div><span data-is-icon=\"true\" class=\"options\"></span>"}, {ae99d559-df3a-42f7-9785-d7b7ef60482f}, {ae99d559-df3a-42f7-9785-d7b7ef60482f}
04-28 06:27:42.620 I/Gecko   (   83): 1398691662626	Marionette	INFO	sendToClient: {"from":"0","value":"<div><img src=\"blob:3441d5d2-d55f-4d16-987a-e9805f1c7b42\" style=\"visibility: visible;\" role=\"presentation\" height=\"64\" width=\"64\"><span class=\"labelWrapper\"><span>Mondrago</span></span></div><span data-is-icon=\"true\" class=\"options\"></span>"}, {22160bd1-ade5-4805-8793-100d3055577b}, {22160bd1-ade5-4805-8793-100d3055577b}
04-28 06:27:42.630 I/Gecko   (   83): 1398691662636	Marionette	INFO	sendToClient: {"from":"0","value":"<div><img src=\"blob:6b4c8119-c271-42f7-949c-722da2ae3c1e\" style=\"visibility: visible;\" role=\"presentation\" height=\"64\" width=\"64\"><span class=\"labelWrapper mask\"><span>Trast 1.0 DEMO</span></span></div><span data-is-icon=\"true\" class=\"options\"></span>"}, {4c4fc792-ebbb-4069-8def-e52118580543}, {4c4fc792-ebbb-4069-8def-e52118580543}
04-28 06:27:42.640 I/Gecko   (   83): 1398691662647	Marionette	INFO	sendToClient: {"from":"0","value":"<div><img src=\"blob:96a48683-496e-4934-94c4-300866d4ae5e\" style=\"visibility: visible;\" role=\"presentation\" height=\"64\" width=\"64\"><span class=\"labelWrapper\"><span>Envi</span></span></div><span data-is-icon=\"true\" class=\"options\"></span>"}, {a2a09ecc-b8e5-46fb-b7f5-0aa3be9b7c4a}, {a2a09ecc-b8e5-46fb-b7f5-0aa3be9b7c4a}
04-28 06:27:42.650 I/Gecko   (   83): 1398691662657	Marionette	INFO	sendToClient: {"from":"0","value":"<div><img src=\"blob:8de7bd78-3093-4d00-a014-ebf2dc5bc297\" style=\"visibility: visible;\" role=\"presentation\" height=\"64\" width=\"64\"><span class=\"labelWrapper\"><span>Bubbles fun</span></span></div><span data-is-icon=\"true\" class=\"options\"></span>"}, {984dd991-f02b-4cfc-b86e-4636db9a3d1b}, {984dd991-f02b-4cfc-b86e-4636db9a3d1b}
04-28 06:27:42.660 I/Gecko   (   83): 1398691662669	Marionette	INFO	sendToClient: {"from":"0","value":"<div><img src=\"blob:9820e777-b80f-4965-a7b1-2e7dadbf451d\" style=\"visibility: visible;\" role=\"presentation\" height=\"64\" width=\"64\"><span class=\"labelWrapper\"><span>Grocery</span></span></div><span data-is-icon=\"true\" class=\"options\"></span>"}, {f3abc8b2-5c7e-40d1-9980-14675224e6c4}, {f3abc8b2-5c7e-40d1-9980-14675224e6c4}
04-28 06:27:42.670 I/Gecko   (   83): 1398691662680	Marionette	INFO	sendToClient: {"from":"0","value":"<div><img src=\"blob:c762c48b-855b-4fe1-9411-b73dd202b0d3\" style=\"visibility: visible;\" role=\"presentation\" height=\"64\" width=\"64\"><span class=\"labelWrapper\"><span>4 kép 1 szó</span></span></div><span data-is-icon=\"true\" class=\"options\"></span>"}, {12952aa1-3fc2-4612-b5b5-3a109919ad2c}, {12952aa1-3fc2-4612-b5b5-3a109919ad2c}
04-28 06:27:42.680 I/Gecko   (   83): 1398691662692	Marionette	INFO	sendToClient: {"from":"0","value":"<div><img src=\"blob:73a35a3f-be5b-47ad-ac66-d2415c1ceb1e\" style=\"visibility: visible;\" role=\"presentation\" height=\"64\" width=\"64\"><span class=\"labelWrapper\"><span>Word Up</span></span></div><span data-is-icon=\"true\" class=\"options\"></span>"}, {7b03161e-965d-4127-aafc-1289850088d0}, {7b03161e-965d-4127-aafc-1289850088d0}
04-28 06:27:42.690 I/Gecko   (   83): 1398691662703	Marionette	INFO	sendToClient: {"from":"0","value":"<div><img src=\"blob:76c1a64e-4d41-41f0-a3da-aa2862d39d0c\" style=\"visibility: visible;\" role=\"presentation\" height=\"64\" width=\"64\"><span class=\"labelWrapper\"><span>resisto.rs</span></span></div><span data-is-icon=\"true\" class=\"options\"></span>"}, {188db43c-9e09-4229-9dda-a5596c161e0e}, {188db43c-9e09-4229-9dda-a5596c161e0e}
04-28 06:27:42.700 I/Gecko   (   83): 1398691662713	Marionette	INFO	sendToClient: {"from":"0","value":"<div><img src=\"blob:ab669c1a-7e40-41ec-9a25-f5f85fcc3320\" style=\"visibility: visible;\" role=\"presentation\" height=\"64\" width=\"64\"><span class=\"labelWrapper\"><span>Phone</span></span></div>"}, {76535227-20f2-4ea4-9950-f23e7c9442d1}, {76535227-20f2-4ea4-9950-f23e7c9442d1}
04-28 06:27:42.710 I/Gecko   (   83): 1398691662723	Marionette	INFO	sendToClient: {"from":"0","value":"<div><img src=\"blob:97278189-1248-40d8-9eb8-7f75c9241a9f\" style=\"visibility: visible;\" role=\"presentation\" height=\"64\" width=\"64\"><span class=\"labelWrapper\"><span>Messages</span></span></div>"}, {babc7512-b7e9-4c0f-a3b4-c6e3897e0d58}, {babc7512-b7e9-4c0f-a3b4-c6e3897e0d58}
04-28 06:27:42.720 I/Gecko   (   83): 1398691662734	Marionette	INFO	sendToClient: {"from":"0","value":"<div><img src=\"blob:c4e2071f-27bd-4437-b3a4-c5a2f7539905\" style=\"visibility: visible;\" role=\"presentation\" height=\"64\" width=\"64\"><span class=\"labelWrapper\"><span>Contacts</span></span></div>"}, {8bff8a2a-9228-43e2-b367-21e55518b1bd}, {8bff8a2a-9228-43e2-b367-21e55518b1bd}
04-28 06:27:42.740 I/Gecko   (   83): 1398691662745	Marionette	INFO	sendToClient: {"from":"0","value":"<div><img src=\"blob:1f6c889a-b0b3-498e-ba0d-f505d5f0ae36\" style=\"visibility: visible;\" role=\"presentation\" height=\"64\" width=\"64\"><span class=\"labelWrapper\"><span>Browser</span></span></div>"}, {0f0b4664-933d-4251-8b56-779b2a81588a}, {0f0b4664-933d-4251-8b56-779b2a81588a}
04-28 06:27:42.750 I/Gecko   (   83): 1398691662756	Marionette	INFO	sendToClient: {"from":"0","value":"app://homescreen.gaiamobile.org/index.html#root"}, {70b76cba-e9c5-4124-8451-2811506d7d52}, {70b76cba-e9c5-4124-8451-2811506d7d52}
04-28 06:27:42.750 I/Gecko   (   83): 1398691662762	Marionette	DEBUG	Got request: switchToFrame, data: {"to":"0","sessionId":"3-b2g","name":"switchToFrame","parameters":{"id":null,"focus":true}}, id: {9ea0669a-936c-4a04-9a36-baf31f25ab17}
04-28 06:27:42.800 I/Gecko   (   83): 1398691662808	Marionette	INFO	Switched to frame: {"frameValue":null}
04-28 06:27:42.900 I/Gecko   (   83): 1398691662912	Marionette	INFO	sendToClient: {"from":"0","ok":true}, {9ea0669a-936c-4a04-9a36-baf31f25ab17}, {9ea0669a-936c-4a04-9a36-baf31f25ab17}
04-28 06:27:42.910 I/Gecko   (   83): 1398691662918	Marionette	DEBUG	Got request: switchToFrame, data: {"to":"0","sessionId":"3-b2g","name":"switchToFrame","parameters":{"id":null,"focus":true}}, id: {cc673cf4-fb3a-4dad-9f6e-3b28af55eb40}
04-28 06:27:42.910 I/Gecko   (   83): 1398691662920	Marionette	INFO	Switched to frame: {"frameValue":null}
04-28 06:27:43.010 I/Gecko   (   83): 1398691663022	Marionette	INFO	sendToClient: {"from":"0","ok":true}, {cc673cf4-fb3a-4dad-9f6e-3b28af55eb40}, {cc673cf4-fb3a-4dad-9f6e-3b28af55eb40}
04-28 06:27:43.020 I/Gecko   (   83): 1398691663028	Marionette	DEBUG	Got request: executeWithCallback, data: {"to":"0","sessionId":"3-b2g","name":"executeAsyncScript","parameters":{"specialPowers":false,"scriptTimeout":30000,"newSandbox":true,"args":[],"filename":"app_checker.py","script":"GaiaApps.launchWithManifestURL('http://resisto.rs/resistors.webapp')","line":106}}, id: {6cfb1acc-fc87-4e77-8889-bcf8f44b6412}
04-28 06:27:43.220 E/GeckoConsole(   83): Content JS LOG at dummy file:334 in GaiaApps.launch: launching app with name 'resisto.rs'
04-28 06:27:43.690 I/Gonk    (   83): Setting nice for pid 2870 to 18
04-28 06:27:43.690 I/Gonk    (   83): Changed nice for pid 2870 from 18 to 18.
04-28 06:27:43.690 I/Gecko   (   83): [Parent 83] WARNING: waitpid failed pid:2870 errno:10: file ../../../gecko/ipc/chromium/src/base/process_util_posix.cc, line 254
04-28 06:27:43.750 I/Gonk    (   83): Setting nice for pid 2870 to 1
04-28 06:27:43.750 I/Gonk    (   83): Changed nice for pid 2870 from 18 to 1.
04-28 06:27:44.220 D/Sensors (   83): activate handle=0; drv=0
04-28 06:27:44.220 D/Sensors (   83): Lis3dhSensor: Control set 1
04-28 06:27:44.220 D/Sensors (   83): Lis3dhSensor: mEnabled = 1
04-28 06:27:44.370 E/[Gralloc-ERROR](   83): int gralloc_register_buffer(const gralloc_module_t*, const native_handle_t*):79 Unable to register handle 0x465c5ba0 coming from different process: 83
04-28 06:27:44.380 E/[Gralloc-ERROR](   83): int gralloc_register_buffer(const gralloc_module_t*, const native_handle_t*):79 Unable to register handle 0x465c5c40 coming from different process: 83
04-28 06:27:44.410 E/[Gralloc-ERROR](   83): int gralloc_register_buffer(const gralloc_module_t*, const native_handle_t*):79 Unable to register handle 0x465c5d30 coming from different process: 83
04-28 06:27:44.410 E/[Gralloc-ERROR](   83): int gralloc_register_buffer(const gralloc_module_t*, const native_handle_t*):79 Unable to register handle 0x465c5dd0 coming from different process: 83
04-28 06:27:44.860 I/Gonk    (   83): Setting nice for pid 2847 to 18
04-28 06:27:44.860 I/Gonk    (   83): Changed nice for pid 2847 from 1 to 18.
04-28 06:27:45.080 I/log     ( 2954): <4>0[ 1810.303350] select 2847 (Homescreen), adj 8, size 6304, to kill 
04-28 06:27:45.130 I/Gecko   (   83): 
04-28 06:27:45.130 I/Gecko   (   83): ###!!! [Parent][MessageChannel] Error: Channel error: cannot send/recv
04-28 06:27:45.130 I/Gecko   (   83): 
04-28 06:27:45.200 I/GeckoDump(   83): Crash reporter : Can't fetch app.reportCrashes. Exception: [Exception... "Component returned failure code: 0x8000ffff (NS_ERROR_UNEXPECTED) [nsIPrefBranch.getBoolPref]"  nsresult: "0x8000ffff (NS_ERROR_UNEXPECTED)"  location: "JS frame :: chrome://browser/content/shell.js :: shell_reportCrash :: line 7"  data: no]
04-28 06:27:45.200 I/Gecko   (   83): [Parent 83] WARNING: waitpid failed pid:2847 errno:10: file ../../../gecko/ipc/chromium/src/base/process_util_posix.cc, line 254
04-28 06:27:45.460 E/GeckoConsole( 2870): [JavaScript Warning: "Error in parsing value for 'background'.  Declaration dropped." {file: "http://resisto.rs/styles.css" line: 42 column: 14 source: "  background: -webkit-gradient(linear, 50% 0%, 50% 100%, color-stop(0%, #2a2a29), color-stop(100%, #1c1c1c));"}]
04-28 06:27:45.480 E/GeckoConsole( 2870): [JavaScript Warning: "Error in parsing value for 'background'.  Declaration dropped." {file: "http://resisto.rs/styles.css" line: 43 column: 14 source: "  background: -webkit-linear-gradient(#2a2a29, #1c1c1c);"}]
04-28 06:27:45.480 E/GeckoConsole( 2870): [JavaScript Warning: "Error in parsing value for 'background'.  Declaration dropped." {file: "http://resisto.rs/styles.css" line: 45 column: 14 source: "  background: -o-linear-gradient(#2a2a29, #1c1c1c);"}]
04-28 06:27:45.480 E/GeckoConsole( 2870): [JavaScript Warning: "Error in parsing value for 'background'.  Declaration dropped." {file: "http://resisto.rs/styles.css" line: 46 column: 14 source: "  background: -ms-linear-gradient(#2a2a29, #1c1c1c);"}]
04-28 06:27:45.580 W/WifiHW  (   83): wifi_command: SIGNAL_POLL
04-28 06:27:47.200 I/Gecko   (   83): [Parent 83] WARNING: waitpid failed pid:2847 errno:10: file ../../../gecko/ipc/chromium/src/base/process_util_posix.cc, line 254
04-28 06:27:47.200 I/Gecko   (   83): [Parent 83] WARNING: Failed to deliver SIGKILL to 2847!(3).: file ../../../gecko/ipc/chromium/src/chrome/common/process_watcher_posix_sigchld.cc, line 118
04-28 06:27:47.320 I/Gonk    (   83): Setting nice for pid 2960 to 18
04-28 06:27:47.320 I/Gonk    (   83): Changed nice for pid 2960 from 0 to 18.
04-28 06:27:47.340 E/GeckoConsole(   83): Content JS LOG at dummy file:326 in GaiaApps.launch/appOpen/<: app with origin 'http://resisto.rs' has launched
04-28 06:27:47.370 I/Gecko   (   83): 1398691667376	Marionette	INFO	sendToClient: {"from":"0","value":{"frame":{"ELEMENT":"{a389de92-68aa-40ba-969a-b41463f74281}"},"src":"http://resisto.rs/","name":"resisto.rs","origin":"http://resisto.rs"}}, {6cfb1acc-fc87-4e77-8889-bcf8f44b6412}, {6cfb1acc-fc87-4e77-8889-bcf8f44b6412}
04-28 06:27:47.370 E/[Gralloc-ERROR](   83): int gralloc_unregister_buffer(const gralloc_module_t*, const native_handle_t*):274 Trying to unregister buffer 0x465c5ba0 from process 83 that was not created in current process: 83
04-28 06:27:47.420 E/[Gralloc-ERROR](   83): int gralloc_unregister_buffer(const gralloc_module_t*, const native_handle_t*):274 Trying to unregister buffer 0x465c5c40 from process 83 that was not created in current process: 83
04-28 06:27:47.420 E/[Gralloc-ERROR](   83): int gralloc_unregister_buffer(const gralloc_module_t*, const native_handle_t*):274 Trying to unregister buffer 0x465c5dd0 from process 83 that was not created in current process: 83
04-28 06:27:47.420 E/[Gralloc-ERROR](   83): int gralloc_unregister_buffer(const gralloc_module_t*, const native_handle_t*):274 Trying to unregister buffer 0x465c5d30 from process 83 that was not created in current process: 83
04-28 06:27:47.430 I/Gonk    (   83): Setting nice for pid 2960 to 18
04-28 06:27:47.430 I/Gonk    (   83): Changed nice for pid 2960 from 18 to 18.
04-28 06:27:47.430 I/Gecko   (   83): [Parent 83] WARNING: waitpid failed pid:2960 errno:10: file ../../../gecko/ipc/chromium/src/base/process_util_posix.cc, line 254
04-28 06:27:47.440 I/Gecko   (   83): 1398691667452	Marionette	DEBUG	Got request: switchToFrame, data: {"to":"0","sessionId":"3-b2g","name":"switchToFrame","parameters":{"focus":true,"element":"{a389de92-68aa-40ba-969a-b41463f74281}"}}, id: {7cbd8a88-cee9-4d82-9b35-7aff75945c12}
04-28 06:27:47.450 I/Gecko   (   83): 1398691667464	Marionette	INFO	Switched to frame: {"frameValue":"{a389de92-68aa-40ba-969a-b41463f74281}"}
04-28 06:27:47.460 I/Gecko   (   83): 1398691667467	Marionette	INFO	trying remote frame 0
04-28 06:27:47.460 I/Gecko   (   83): 1398691667468	Marionette	INFO	trying remote frame 1
04-28 06:27:47.460 I/Gecko   (   83): 1398691667469	Marionette	INFO	trying remote frame 2
04-28 06:27:47.460 I/Gecko   (   83): 1398691667469	Marionette	INFO	deleting frame
04-28 06:27:47.470 I/Gecko   (   83): 1398691667476	Marionette	INFO	frame-manager load script: [object ChromeMessageSender]
04-28 06:27:47.950 I/Gecko   (   83): 1398691667954	Marionette	INFO	sendToClient: {"from":"0","ok":true}, {7cbd8a88-cee9-4d82-9b35-7aff75945c12}, {7cbd8a88-cee9-4d82-9b35-7aff75945c12}
04-28 06:27:48.060 I/Gecko   (   83): 1398691668065	Marionette	INFO	sendToClient: {"from":"0","value":"http://resisto.rs/"}, {d235ba88-a3a2-4277-be3e-85ae147dc744}, {d235ba88-a3a2-4277-be3e-85ae147dc744}
04-28 06:27:48.070 I/Gecko   (   83): 1398691668080	Marionette	DEBUG	Got request: execute, data: {"to":"0","sessionId":"3-b2g","name":"executeScript","parameters":{"specialPowers":false,"scriptTimeout":null,"newSandbox":true,"args":[],"filename":"app_checker.py","script":"return window.document.readyState;","line":191}}, id: {2584662a-bc00-43e3-b8e2-43ae02f503c8}
04-28 06:27:48.380 I/Gecko   (   83): ############################### browserElementPanning.js loaded
04-28 06:27:48.450 I/Gecko   (   83): ######################## BrowserElementChildPreload.js loaded
04-28 06:27:48.600 I/Gonk    (   83): Setting nice for pid 2960 to 18
04-28 06:27:48.600 I/Gonk    (   83): Changed nice for pid 2960 from 18 to 18.
04-28 06:27:48.900 I/Gecko   (   83): 1398691668906	Marionette	INFO	sendToClient: {"from":"0","value":"complete"}, {2584662a-bc00-43e3-b8e2-43ae02f503c8}, {2584662a-bc00-43e3-b8e2-43ae02f503c8}
04-28 06:27:49.110 I/Gonk    (   83): Setting nice for pid 2970 to 18
04-28 06:27:49.110 I/Gonk    (   83): Changed nice for pid 2970 from 0 to 18.
04-28 06:27:49.370 E/GeckoConsole(   83): [JavaScript Warning: "Error in parsing value for 'font-weight'.  Declaration dropped." {file: "app://keyboard.gaiamobile.org/style/keyboard.css" line: 133 column: 15 source: "  font-weight: medium;"}]
04-28 06:27:49.540 I/log     ( 2978): <4>0[ 1814.828528] select 2960 ((Preallocated a), adj 8, size 2594, to kill 
04-28 06:27:49.600 I/Gecko   (   83): 1398691669607	Marionette	INFO	sendToClient: {"from":"0","value":"http://resisto.rs/"}, {ae06730c-cdb0-4075-b2d4-58534e0f8142}, {ae06730c-cdb0-4075-b2d4-58534e0f8142}
04-28 06:27:49.700 I/Gecko   ( 2870): Attempting load of libEGL.so
04-28 06:27:49.850 D/libEGL  ( 2870): loaded /system/lib/egl/libEGL_mali.so
04-28 06:27:49.900 D/libEGL  ( 2870): loaded /system/lib/egl/libGLESv1_CM_mali.so
04-28 06:27:49.920 D/libEGL  ( 2870): loaded /system/lib/egl/libGLESv2_mali.so
04-28 06:27:50.000 I/Gecko   ( 2870): SharedSurface_Gralloc::Create -------
04-28 06:27:50.000 I/Gecko   ( 2870): SharedSurface_Gralloc::Create: success -- surface 0x4402de80, GraphicBuffer 0x43ee5c00.
04-28 06:27:50.050 I/Gecko   (   83): 
04-28 06:27:50.050 I/Gecko   (   83): ###!!! [Parent][MessageChannel] Error: Channel error: cannot send/recv
04-28 06:27:50.050 I/Gecko   (   83): 
