--------- beginning of /dev/log/main
04-25 06:56:49.400 E/GeckoConsole(   83): Content JS LOG at dummy file:392 in GaiaApps.displayedApp: app with origin 'app://homescreen.gaiamobile.org' is displayed
04-25 06:56:49.460 I/Gecko   (   83): 1398434209479	Marionette	DEBUG	Got request: switchToFrame, data: {"to":"0","sessionId":"3-b2g","name":"switchToFrame","parameters":{"id":null,"focus":true}}, id: {99dafd7f-37f4-434e-8c5a-e451e85ec531}
04-25 06:56:49.480 I/Gecko   (   83): 1398434209493	Marionette	INFO	Switched to frame: {"frameValue":null}
04-25 06:56:49.580 I/Gecko   (   83): 1398434209599	Marionette	INFO	sendToClient: {"from":"0","ok":true}, {99dafd7f-37f4-434e-8c5a-e451e85ec531}, {99dafd7f-37f4-434e-8c5a-e451e85ec531}
04-25 06:56:49.590 I/Gecko   ( 3247): ###################################### forms.js loaded
04-25 06:56:49.590 I/Gecko   (   83): 1398434209608	Marionette	DEBUG	Got request: switchToFrame, data: {"to":"0","sessionId":"3-b2g","name":"switchToFrame","parameters":{"id":null,"focus":true}}, id: {147583d5-30f0-484b-97b4-12e54b9e0bf1}
04-25 06:56:49.610 I/Gecko   (   83): 1398434209622	Marionette	INFO	Switched to frame: {"frameValue":null}
04-25 06:56:49.640 I/Gecko   ( 3247): ############################### browserElementPanning.js loaded
04-25 06:56:49.680 I/Gecko   ( 3247): ######################## BrowserElementChildPreload.js loaded
04-25 06:56:49.710 I/Gecko   (   83): 1398434209725	Marionette	INFO	sendToClient: {"from":"0","ok":true}, {147583d5-30f0-484b-97b4-12e54b9e0bf1}, {147583d5-30f0-484b-97b4-12e54b9e0bf1}
04-25 06:56:49.740 I/Gecko   (   83): 1398434209753	Marionette	DEBUG	Got request: executeWithCallback, data: {"to":"0","sessionId":"3-b2g","name":"executeAsyncScript","parameters":{"specialPowers":false,"scriptTimeout":null,"newSandbox":true,"args":[],"filename":"gaia_test.py","script":"return GaiaApps.displayedApp();","line":66}}, id: {10b4d00d-d0ed-474f-88b8-c13c005b0ba4}
04-25 06:56:49.810 I/Gecko   (   83): 1398434209822	Marionette	INFO	sendToClient: {"from":"0","value":{"frame":{"ELEMENT":"{777fe880-c434-4a57-95ba-13ad3cd039c8}"},"src":"app://homescreen.gaiamobile.org/index.html#root","name":"Homescreen","origin":"app://homescreen.gaiamobile.org"}}, {10b4d00d-d0ed-474f-88b8-c13c005b0ba4}, {10b4d00d-d0ed-474f-88b8-c13c005b0ba4}
04-25 06:56:49.810 E/GeckoConsole(   83): Content JS LOG at dummy file:392 in GaiaApps.displayedApp: app with origin 'app://homescreen.gaiamobile.org' is displayed
04-25 06:56:49.830 I/Gecko   (   83): 1398434209846	Marionette	DEBUG	Got request: switchToFrame, data: {"to":"0","sessionId":"3-b2g","name":"switchToFrame","parameters":{"focus":true,"element":"{777fe880-c434-4a57-95ba-13ad3cd039c8}"}}, id: {50c45706-9b2b-4109-bac4-5c03c302133c}
04-25 06:56:49.860 I/Gecko   (   83): 1398434209878	Marionette	INFO	Switched to frame: {"frameValue":"{777fe880-c434-4a57-95ba-13ad3cd039c8}"}
04-25 06:56:49.900 I/Gecko   (   83): 1398434209913	Marionette	INFO	trying remote frame 0
04-25 06:56:49.900 I/Gecko   (   83): 1398434209916	Marionette	INFO	trying remote frame 1
04-25 06:56:49.900 I/Gecko   (   83): 1398434209917	Marionette	INFO	trying remote frame 2
04-25 06:56:49.900 I/Gecko   (   83): 1398434209920	Marionette	INFO	trying remote frame 3
04-25 06:56:49.910 I/Gecko   (   83): 1398434209921	Marionette	INFO	trying remote frame 4
04-25 06:56:49.910 I/Gecko   (   83): 1398434209927	Marionette	INFO	trying remote frame 5
04-25 06:56:49.920 I/Gecko   (   83): 1398434209930	Marionette	INFO	deleting frame
04-25 06:56:49.930 I/Gecko   (   83): 1398434209947	Marionette	INFO	frame-manager load script: [object ChromeMessageSender]
04-25 06:56:50.460 E/[Gralloc-ERROR](   83): int gralloc_register_buffer(const gralloc_module_t*, const native_handle_t*):79 Unable to register handle 0x4a36d3d0 coming from different process: 83
04-25 06:56:50.510 E/[Gralloc-ERROR](   83): int gralloc_register_buffer(const gralloc_module_t*, const native_handle_t*):79 Unable to register handle 0x4aa87b00 coming from different process: 83
04-25 06:56:50.570 E/[Gralloc-ERROR](   83): int gralloc_register_buffer(const gralloc_module_t*, const native_handle_t*):79 Unable to register handle 0x4aa87ba0 coming from different process: 83
04-25 06:56:50.570 E/[Gralloc-ERROR](   83): int gralloc_register_buffer(const gralloc_module_t*, const native_handle_t*):79 Unable to register handle 0x4aa87c40 coming from different process: 83
04-25 06:56:50.820 E/[Gralloc-ERROR](   83): int gralloc_unregister_buffer(const gralloc_module_t*, const native_handle_t*):274 Trying to unregister buffer 0x4aa87b00 from process 83 that was not created in current process: 83
04-25 06:56:50.820 E/[Gralloc-ERROR](   83): int gralloc_unregister_buffer(const gralloc_module_t*, const native_handle_t*):274 Trying to unregister buffer 0x4a36d3d0 from process 83 that was not created in current process: 83
04-25 06:56:50.820 E/[Gralloc-ERROR](   83): int gralloc_unregister_buffer(const gralloc_module_t*, const native_handle_t*):274 Trying to unregister buffer 0x4aa87c40 from process 83 that was not created in current process: 83
04-25 06:56:50.820 E/[Gralloc-ERROR](   83): int gralloc_unregister_buffer(const gralloc_module_t*, const native_handle_t*):274 Trying to unregister buffer 0x4aa87ba0 from process 83 that was not created in current process: 83
04-25 06:56:50.820 E/[Gralloc-ERROR](   83): int gralloc_unregister_buffer(const gralloc_module_t*, const native_handle_t*):274 Trying to unregister buffer 0x48c726a0 from process 83 that was not created in current process: 83
04-25 06:56:50.820 E/[Gralloc-ERROR](   83): int gralloc_unregister_buffer(const gralloc_module_t*, const native_handle_t*):274 Trying to unregister buffer 0x48c725b0 from process 83 that was not created in current process: 83
04-25 06:56:52.060 W/WifiHW  (   83): wifi_command: SIGNAL_POLL
04-25 06:56:52.140 I/Gecko   (   83): 1398434212152	Marionette	INFO	sendToClient: {"from":"0","ok":true}, {50c45706-9b2b-4109-bac4-5c03c302133c}, {50c45706-9b2b-4109-bac4-5c03c302133c}
04-25 06:56:52.570 I/Gecko   (   83): 1398434212581	Marionette	INFO	sendToClient: {"from":"0","value":[]}, {149d353e-79d6-4d20-9d90-13337617ad4f}, {149d353e-79d6-4d20-9d90-13337617ad4f}
04-25 06:56:52.980 I/Gecko   (   83): 1398434212996	Marionette	INFO	sendToClient: {"from":"0","value":[]}, {f76878cd-366e-408b-9848-b3f153c8324d}, {f76878cd-366e-408b-9848-b3f153c8324d}
04-25 06:56:54.230 I/Gonk    (   83): Setting nice for pid 3272 to 18
04-25 06:56:54.230 I/Gonk    (   83): Changed nice for pid 3272 from 0 to 18.
04-25 06:56:55.170 I/Gecko   (   83): 1398434215186	Marionette	INFO	sendToClient: {"from":"0","value":["{b88194a3-025e-4b30-9b50-2639418d6c5d}","{63014d8e-2d31-4d30-95e9-31719836ca5a}","{f47c87a3-e1c5-46b4-984b-3143c8c4a014}","{6b879482-460b-4182-a6ec-53c91bb2d125}","{fd3f2ca8-8f57-49d5-8f1a-3a8a18bf19e6}","{389d3928-bb25-4ea4-a0f0-055f409d63a9}","{83f2c820-e814-45b1-81c8-5dd0f37b9889}","{6854e1eb-7ae4-47ae-aa99-bba4dd0b23a7}","{258ec23a-99cb-48a5-a0c9-d5cc7814558a}","{fc1fc3d6-1f0b-4c49-966f-593433e93c98}","{a35beb25-6770-4c6e-b140-6a8e217b7a34}","{49a99042-d186-43f9-8340-dc41e1a43589}","{80917e39-e888-4814-baf8-8b56523236cd}","{ac7ae5fb-53b3-4040-97d2-5b26998c84f9}","{a45099d1-06a8-4a7d-b1f5-81eff5a4b1a2}","{c81992ca-ea1c-4940-9ec7-8fbae25b9ce2}","{22e7bf3c-73f8-4213-95c9-011b0397898c}","{a383fb34-fdca-4390-b6f6-d961622fe112}","{4ff8bd19-118e-4359-95c7-5fe5fc7dd661}"]}, {3d3c8bd8-28f4-449e-a7db-01b408a64328}, {3d3c8bd8-28f4-449e-a7db-01b408a64328}
04-25 06:56:56.800 E/GeckoConsole( 3247): Content JS WARN at app://homescreen.gaiamobile.org/gaia_build_defer_index.js:184 in isHiddenApp: Unexpected role when checking hidden app: undefined
04-25 06:56:56.810 E/GeckoConsole( 3247): Content JS WARN at app://homescreen.gaiamobile.org/gaia_build_defer_index.js:184 in isHiddenApp: Unexpected role when checking hidden app: undefined
04-25 06:56:56.810 E/GeckoConsole( 3247): Content JS WARN at app://homescreen.gaiamobile.org/gaia_build_defer_index.js:184 in isHiddenApp: Unexpected role when checking hidden app: undefined
04-25 06:56:56.810 E/GeckoConsole( 3247): Content JS WARN at app://homescreen.gaiamobile.org/gaia_build_defer_index.js:184 in isHiddenApp: Unexpected role when checking hidden app: undefined
04-25 06:56:56.810 E/GeckoConsole( 3247): Content JS WARN at app://homescreen.gaiamobile.org/gaia_build_defer_index.js:184 in isHiddenApp: Unexpected role when checking hidden app: undefined
04-25 06:56:56.810 E/GeckoConsole( 3247): Content JS WARN at app://homescreen.gaiamobile.org/gaia_build_defer_index.js:184 in isHiddenApp: Unexpected role when checking hidden app: undefined
04-25 06:56:56.810 E/GeckoConsole( 3247): Content JS WARN at app://homescreen.gaiamobile.org/gaia_build_defer_index.js:184 in isHiddenApp: Unexpected role when checking hidden app: undefined
04-25 06:56:56.810 E/GeckoConsole( 3247): Content JS WARN at app://homescreen.gaiamobile.org/gaia_build_defer_index.js:184 in isHiddenApp: Unexpected role when checking hidden app: undefined
04-25 06:56:56.810 E/GeckoConsole( 3247): Content JS WARN at app://homescreen.gaiamobile.org/gaia_build_defer_index.js:184 in isHiddenApp: Unexpected role when checking hidden app: undefined
04-25 06:56:56.820 E/GeckoConsole( 3247): Content JS WARN at app://homescreen.gaiamobile.org/gaia_build_defer_index.js:184 in isHiddenApp: Unexpected role when checking hidden app: undefined
04-25 06:56:56.820 E/GeckoConsole( 3247): Content JS WARN at app://homescreen.gaiamobile.org/gaia_build_defer_index.js:184 in isHiddenApp: Unexpected role when checking hidden app: undefined
04-25 06:56:56.820 E/GeckoConsole( 3247): Content JS WARN at app://homescreen.gaiamobile.org/gaia_build_defer_index.js:184 in isHiddenApp: Unexpected role when checking hidden app: undefined
04-25 06:56:56.830 E/GeckoConsole( 3247): Content JS WARN at app://homescreen.gaiamobile.org/gaia_build_defer_index.js:184 in isHiddenApp: Unexpected role when checking hidden app: undefined
04-25 06:56:56.830 E/GeckoConsole( 3247): Content JS WARN at app://homescreen.gaiamobile.org/gaia_build_defer_index.js:184 in isHiddenApp: Unexpected role when checking hidden app: undefined
04-25 06:56:56.830 E/GeckoConsole( 3247): Content JS WARN at app://homescreen.gaiamobile.org/gaia_build_defer_index.js:184 in isHiddenApp: Unexpected role when checking hidden app: undefined
04-25 06:56:56.830 E/GeckoConsole( 3247): Content JS WARN at app://homescreen.gaiamobile.org/gaia_build_defer_index.js:184 in isHiddenApp: Unexpected role when checking hidden app: undefined
04-25 06:56:57.100 W/WifiHW  (   83): wifi_command: SIGNAL_POLL
04-25 06:56:57.310 I/Gecko   (   83): 1398434217324	Marionette	INFO	sendToClient: {"from":"0","value":["{b88194a3-025e-4b30-9b50-2639418d6c5d}","{63014d8e-2d31-4d30-95e9-31719836ca5a}","{f47c87a3-e1c5-46b4-984b-3143c8c4a014}","{6b879482-460b-4182-a6ec-53c91bb2d125}","{fd3f2ca8-8f57-49d5-8f1a-3a8a18bf19e6}","{389d3928-bb25-4ea4-a0f0-055f409d63a9}","{83f2c820-e814-45b1-81c8-5dd0f37b9889}","{6854e1eb-7ae4-47ae-aa99-bba4dd0b23a7}","{258ec23a-99cb-48a5-a0c9-d5cc7814558a}","{fc1fc3d6-1f0b-4c49-966f-593433e93c98}","{a35beb25-6770-4c6e-b140-6a8e217b7a34}","{49a99042-d186-43f9-8340-dc41e1a43589}","{80917e39-e888-4814-baf8-8b56523236cd}","{ac7ae5fb-53b3-4040-97d2-5b26998c84f9}","{a45099d1-06a8-4a7d-b1f5-81eff5a4b1a2}","{9484655f-4ed9-433f-b52f-dc30bbfd2648}","{c81992ca-ea1c-4940-9ec7-8fbae25b9ce2}","{22e7bf3c-73f8-4213-95c9-011b0397898c}","{a383fb34-fdca-4390-b6f6-d961622fe112}","{4ff8bd19-118e-4359-95c7-5fe5fc7dd661}"]}, {83084016-01d5-459a-a08e-7d296946034c}, {83084016-01d5-459a-a08e-7d296946034c}
04-25 06:56:57.350 I/Gecko   (   83): 1398434217366	Marionette	INFO	sendToClient: {"from":"0","value":"<div><img src=\"blob:68f9f190-d9fb-4c1d-b67c-2dc99a7ed558\" style=\"visibility: visible;\" role=\"presentation\" height=\"64\" width=\"64\"><span class=\"labelWrapper\"><span>Social</span></span></div><span data-is-icon=\"true\" class=\"options\"></span>"}, {27013848-3ae0-4ea6-b094-ad786f4b3ab7}, {27013848-3ae0-4ea6-b094-ad786f4b3ab7}
04-25 06:56:57.370 I/Gecko   (   83): 1398434217385	Marionette	INFO	sendToClient: {"from":"0","value":"<div><img src=\"blob:874e5857-aa02-4855-a540-224b5deb581b\" style=\"visibility: visible;\" role=\"presentation\" height=\"64\" width=\"64\"><span class=\"labelWrapper\"><span>Games</span></span></div><span data-is-icon=\"true\" class=\"options\"></span>"}, {c9e8635f-c66a-4174-9b8f-4f6cbcee1ba6}, {c9e8635f-c66a-4174-9b8f-4f6cbcee1ba6}
04-25 06:56:57.440 I/Gecko   (   83): 1398434217456	Marionette	INFO	sendToClient: {"from":"0","value":"<div><img src=\"blob:21011d08-fe16-4a0b-aa17-154b32922378\" style=\"visibility: visible;\" role=\"presentation\" height=\"64\" width=\"64\"><span class=\"labelWrapper\"><span>Music</span></span></div><span data-is-icon=\"true\" class=\"options\"></span>"}, {513fdc00-2629-46e9-897b-02622ac3a279}, {513fdc00-2629-46e9-897b-02622ac3a279}
04-25 06:56:57.460 I/Gecko   (   83): 1398434217475	Marionette	INFO	sendToClient: {"from":"0","value":"<div><img src=\"blob:830529e1-32ab-42cc-b941-eb076c1970ac\" style=\"visibility: visible;\" role=\"presentation\" height=\"64\" width=\"64\"><span class=\"labelWrapper\"><span>Showbiz</span></span></div><span data-is-icon=\"true\" class=\"options\"></span>"}, {f825a64e-75a9-4ffb-bec3-64807efc12e4}, {f825a64e-75a9-4ffb-bec3-64807efc12e4}
04-25 06:56:57.490 I/Gecko   (   83): 1398434217501	Marionette	INFO	sendToClient: {"from":"0","value":"<div><img src=\"blob:1b8193e1-2bc6-4a79-a72f-6dabb46cdc9f\" style=\"visibility: visible;\" role=\"presentation\" height=\"64\" width=\"64\"><span class=\"labelWrapper\"><span>Camera</span></span></div>"}, {bf99eafe-81cf-4172-ab68-c17fdda3cbfa}, {bf99eafe-81cf-4172-ab68-c17fdda3cbfa}
04-25 06:56:57.500 I/Gecko   (   83): 1398434217514	Marionette	INFO	sendToClient: {"from":"0","value":"<div><img src=\"blob:c5af7e90-97cd-4417-b3ad-da49c06b6290\" style=\"visibility: visible;\" role=\"presentation\" height=\"64\" width=\"64\"><span class=\"labelWrapper\"><span>Gallery</span></span></div>"}, {d9af40ff-1002-4326-a3d8-7ce63a319198}, {d9af40ff-1002-4326-a3d8-7ce63a319198}
04-25 06:56:57.510 I/Gecko   (   83): 1398434217527	Marionette	INFO	sendToClient: {"from":"0","value":"<div><img src=\"blob:6939aabf-1b43-4ef9-ba63-9fee4137efaa\" style=\"visibility: visible;\" role=\"presentation\" height=\"64\" width=\"64\"><span class=\"labelWrapper\"><span>FM Radio</span></span></div>"}, {bd2237b1-7dd5-441a-b1ec-52a1742e22f9}, {bd2237b1-7dd5-441a-b1ec-52a1742e22f9}
04-25 06:56:57.520 I/Gecko   (   83): 1398434217540	Marionette	INFO	sendToClient: {"from":"0","value":"<div><img src=\"blob:753fba54-f53a-487e-91bd-89ad9aff17e7\" style=\"visibility: visible;\" role=\"presentation\" height=\"64\" width=\"64\"><span class=\"labelWrapper\"><span>Settings</span></span></div>"}, {2f9df057-be27-4ad4-bb5c-b2a18a3ae6ee}, {2f9df057-be27-4ad4-bb5c-b2a18a3ae6ee}
04-25 06:56:57.540 I/Gecko   (   83): 1398434217551	Marionette	INFO	sendToClient: {"from":"0","value":"<div><img src=\"blob:aa11b596-b169-421c-a0af-7f19cd48c627\" style=\"visibility: visible;\" role=\"presentation\" height=\"64\" width=\"64\"><span class=\"labelWrapper\"><span>Marketplace</span></span></div>"}, {c3b7d01a-3539-4bc6-bca5-90bebee95aa6}, {c3b7d01a-3539-4bc6-bca5-90bebee95aa6}
04-25 06:56:57.550 I/Gecko   (   83): 1398434217562	Marionette	INFO	sendToClient: {"from":"0","value":"<div><img src=\"blob:d7776dfe-cbf3-4548-9a0a-1f99d4cd23ee\" style=\"visibility: visible;\" role=\"presentation\" height=\"64\" width=\"64\"><span class=\"labelWrapper\"><span>Calendar</span></span></div>"}, {c7c45550-9cb3-4425-b8a0-47e31000880a}, {c7c45550-9cb3-4425-b8a0-47e31000880a}
04-25 06:56:57.560 I/Gecko   (   83): 1398434217573	Marionette	INFO	sendToClient: {"from":"0","value":"<div><img src=\"blob:7a9140bd-70ff-44f1-9104-5dec6f0e848e\" style=\"visibility: visible;\" role=\"presentation\" height=\"64\" width=\"64\"><span class=\"labelWrapper\"><span>Clock</span></span></div>"}, {3cf9d4a2-d22b-41cc-8b33-dca3395544fc}, {3cf9d4a2-d22b-41cc-8b33-dca3395544fc}
04-25 06:56:57.570 I/Gecko   (   83): 1398434217586	Marionette	INFO	sendToClient: {"from":"0","value":"<div><img src=\"blob:2d332426-fb0c-41fc-933d-465c0b666f63\" style=\"visibility: visible;\" role=\"presentation\" height=\"64\" width=\"64\"><span class=\"labelWrapper\"><span>Usage</span></span></div>"}, {d3204fd5-bba5-4f8f-a3b3-19d79e069a64}, {d3204fd5-bba5-4f8f-a3b3-19d79e069a64}
04-25 06:56:57.580 I/Gecko   (   83): 1398434217599	Marionette	INFO	sendToClient: {"from":"0","value":"<div><img src=\"blob:17763bad-1b9c-414c-97eb-dbc343d8d3f6\" style=\"visibility: visible;\" role=\"presentation\" height=\"64\" width=\"64\"><span class=\"labelWrapper\"><span>E-Mail</span></span></div>"}, {a4eb4cb1-8bd4-4d4c-b8ee-9282db7c4882}, {a4eb4cb1-8bd4-4d4c-b8ee-9282db7c4882}
04-25 06:56:57.690 I/Gecko   (   83): 1398434217702	Marionette	INFO	sendToClient: {"from":"0","value":"<div><img src=\"blob:bfd61fd8-a552-4e5b-838c-6b2f2af5d9a6\" style=\"visibility: visible;\" role=\"presentation\" height=\"64\" width=\"64\"><span class=\"labelWrapper\"><span>Music</span></span></div>"}, {99e4c8a2-da03-453c-a63c-6d08a061beb3}, {99e4c8a2-da03-453c-a63c-6d08a061beb3}
04-25 06:56:57.700 I/Gecko   (   83): 1398434217715	Marionette	INFO	sendToClient: {"from":"0","value":"<div><img src=\"blob:2427e2f2-90d1-493f-bfad-63f2b49a9dcb\" style=\"visibility: visible;\" role=\"presentation\" height=\"64\" width=\"64\"><span class=\"labelWrapper\"><span>Video</span></span></div>"}, {f06d7cd9-b64f-4dd5-88ce-954fe674f315}, {f06d7cd9-b64f-4dd5-88ce-954fe674f315}
04-25 06:56:57.710 I/Gecko   (   83): 1398434217727	Marionette	INFO	sendToClient: {"from":"0","value":"<div><img src=\"blob:02bd187b-5f36-4b36-88e4-782b7ee71653\" style=\"visibility: visible;\" role=\"presentation\" height=\"64\" width=\"64\"><span class=\"labelWrapper\"><span>Rooftops</span></span></div><span data-is-icon=\"true\" class=\"options\"></span>"}, {61d72882-a2e2-4933-84a5-210a4f28a09f}, {61d72882-a2e2-4933-84a5-210a4f28a09f}
04-25 06:56:57.720 I/Gecko   (   83): 1398434217740	Marionette	INFO	sendToClient: {"from":"0","value":"<div><img src=\"blob:aae76f4c-05dd-4846-8e31-ddfba83e1245\" style=\"visibility: visible;\" role=\"presentation\" height=\"64\" width=\"64\"><span class=\"labelWrapper\"><span>Phone</span></span></div>"}, {70aede95-d51a-4cd3-8c0d-8cfa4b904558}, {70aede95-d51a-4cd3-8c0d-8cfa4b904558}
04-25 06:56:57.740 I/Gecko   (   83): 1398434217751	Marionette	INFO	sendToClient: {"from":"0","value":"<div><img src=\"blob:1c052fd4-995b-42bc-9ccd-319a99b92533\" style=\"visibility: visible;\" role=\"presentation\" height=\"64\" width=\"64\"><span class=\"labelWrapper\"><span>Messages</span></span></div>"}, {6709dfb3-55c4-4589-a417-158c65e18362}, {6709dfb3-55c4-4589-a417-158c65e18362}
04-25 06:56:57.750 I/Gecko   (   83): 1398434217763	Marionette	INFO	sendToClient: {"from":"0","value":"<div><img src=\"blob:a171f503-e1c8-4db2-92f1-374a651ef487\" style=\"visibility: visible;\" role=\"presentation\" height=\"64\" width=\"64\"><span class=\"labelWrapper\"><span>Contacts</span></span></div>"}, {7dfac256-9c16-4a1d-a003-c6bb204baf08}, {7dfac256-9c16-4a1d-a003-c6bb204baf08}
04-25 06:56:57.760 I/Gecko   (   83): 1398434217773	Marionette	INFO	sendToClient: {"from":"0","value":"<div><img src=\"blob:0a82293b-6621-4335-9c8c-9f8d78fe077b\" style=\"visibility: visible;\" role=\"presentation\" height=\"64\" width=\"64\"><span class=\"labelWrapper\"><span>Browser</span></span></div>"}, {11960746-4b3f-490a-bdcf-56c6e08dda1f}, {11960746-4b3f-490a-bdcf-56c6e08dda1f}
04-25 06:56:59.000 I/Gecko   ( 3272): ###################################### forms.js loaded
04-25 06:56:59.020 I/Gecko   ( 3272): ############################### browserElementPanning.js loaded
04-25 06:56:59.050 I/Gecko   ( 3272): ######################## BrowserElementChildPreload.js loaded
04-25 06:57:00.540 I/Gecko   (   83): 1398434220552	Marionette	INFO	sendToClient: {"from":"0","value":["{b88194a3-025e-4b30-9b50-2639418d6c5d}","{63014d8e-2d31-4d30-95e9-31719836ca5a}","{f47c87a3-e1c5-46b4-984b-3143c8c4a014}","{6b879482-460b-4182-a6ec-53c91bb2d125}","{fd3f2ca8-8f57-49d5-8f1a-3a8a18bf19e6}","{389d3928-bb25-4ea4-a0f0-055f409d63a9}","{83f2c820-e814-45b1-81c8-5dd0f37b9889}","{6854e1eb-7ae4-47ae-aa99-bba4dd0b23a7}","{258ec23a-99cb-48a5-a0c9-d5cc7814558a}","{fc1fc3d6-1f0b-4c49-966f-593433e93c98}","{a35beb25-6770-4c6e-b140-6a8e217b7a34}","{49a99042-d186-43f9-8340-dc41e1a43589}","{80917e39-e888-4814-baf8-8b56523236cd}","{ac7ae5fb-53b3-4040-97d2-5b26998c84f9}","{a45099d1-06a8-4a7d-b1f5-81eff5a4b1a2}","{9484655f-4ed9-433f-b52f-dc30bbfd2648}","{c81992ca-ea1c-4940-9ec7-8fbae25b9ce2}","{22e7bf3c-73f8-4213-95c9-011b0397898c}","{a383fb34-fdca-4390-b6f6-d961622fe112}","{4ff8bd19-118e-4359-95c7-5fe5fc7dd661}"]}, {e4649a4e-def7-449d-b351-f15011c66b64}, {e4649a4e-def7-449d-b351-f15011c66b64}
04-25 06:57:00.570 I/Gecko   (   83): 1398434220582	Marionette	INFO	sendToClient: {"from":"0","value":"<div><img src=\"blob:68f9f190-d9fb-4c1d-b67c-2dc99a7ed558\" style=\"visibility: visible;\" role=\"presentation\" height=\"64\" width=\"64\"><span class=\"labelWrapper\"><span>Social</span></span></div><span data-is-icon=\"true\" class=\"options\"></span>"}, {236f58b3-555b-483c-8e69-c04dc8f2e8d1}, {236f58b3-555b-483c-8e69-c04dc8f2e8d1}
04-25 06:57:00.640 I/Gecko   (   83): 1398434220658	Marionette	INFO	sendToClient: {"from":"0","value":"<div><img src=\"blob:874e5857-aa02-4855-a540-224b5deb581b\" style=\"visibility: visible;\" role=\"presentation\" height=\"64\" width=\"64\"><span class=\"labelWrapper\"><span>Games</span></span></div><span data-is-icon=\"true\" class=\"options\"></span>"}, {b69f4185-a1d8-422e-aa8c-b98163ee551d}, {b69f4185-a1d8-422e-aa8c-b98163ee551d}
04-25 06:57:00.660 I/Gecko   (   83): 1398434220671	Marionette	INFO	sendToClient: {"from":"0","value":"<div><img src=\"blob:21011d08-fe16-4a0b-aa17-154b32922378\" style=\"visibility: visible;\" role=\"presentation\" height=\"64\" width=\"64\"><span class=\"labelWrapper\"><span>Music</span></span></div><span data-is-icon=\"true\" class=\"options\"></span>"}, {3e2dab39-4344-47b8-afae-ae226de04db6}, {3e2dab39-4344-47b8-afae-ae226de04db6}
04-25 06:57:00.670 I/Gecko   (   83): 1398434220682	Marionette	INFO	sendToClient: {"from":"0","value":"<div><img src=\"blob:830529e1-32ab-42cc-b941-eb076c1970ac\" style=\"visibility: visible;\" role=\"presentation\" height=\"64\" width=\"64\"><span class=\"labelWrapper\"><span>Showbiz</span></span></div><span data-is-icon=\"true\" class=\"options\"></span>"}, {451dddbd-f418-4e1d-b082-8c0d98fdcd98}, {451dddbd-f418-4e1d-b082-8c0d98fdcd98}
04-25 06:57:00.680 I/Gecko   (   83): 1398434220694	Marionette	INFO	sendToClient: {"from":"0","value":"<div><img src=\"blob:1b8193e1-2bc6-4a79-a72f-6dabb46cdc9f\" style=\"visibility: visible;\" role=\"presentation\" height=\"64\" width=\"64\"><span class=\"labelWrapper\"><span>Camera</span></span></div>"}, {b14312e6-fee2-4e8c-9818-647ab425803f}, {b14312e6-fee2-4e8c-9818-647ab425803f}
04-25 06:57:00.690 I/Gecko   (   83): 1398434220706	Marionette	INFO	sendToClient: {"from":"0","value":"<div><img src=\"blob:c5af7e90-97cd-4417-b3ad-da49c06b6290\" style=\"visibility: visible;\" role=\"presentation\" height=\"64\" width=\"64\"><span class=\"labelWrapper\"><span>Gallery</span></span></div>"}, {2465ca52-b500-41ac-acdd-ac40870902a1}, {2465ca52-b500-41ac-acdd-ac40870902a1}
04-25 06:57:00.700 I/Gecko   (   83): 1398434220718	Marionette	INFO	sendToClient: {"from":"0","value":"<div><img src=\"blob:6939aabf-1b43-4ef9-ba63-9fee4137efaa\" style=\"visibility: visible;\" role=\"presentation\" height=\"64\" width=\"64\"><span class=\"labelWrapper\"><span>FM Radio</span></span></div>"}, {3a96c0a3-520a-4e90-80d4-43c698b9d15b}, {3a96c0a3-520a-4e90-80d4-43c698b9d15b}
04-25 06:57:00.710 I/Gecko   (   83): 1398434220730	Marionette	INFO	sendToClient: {"from":"0","value":"<div><img src=\"blob:753fba54-f53a-487e-91bd-89ad9aff17e7\" style=\"visibility: visible;\" role=\"presentation\" height=\"64\" width=\"64\"><span class=\"labelWrapper\"><span>Settings</span></span></div>"}, {be7c453b-88a9-48e8-a933-cf51e6033ebe}, {be7c453b-88a9-48e8-a933-cf51e6033ebe}
04-25 06:57:00.730 I/Gecko   (   83): 1398434220743	Marionette	INFO	sendToClient: {"from":"0","value":"<div><img src=\"blob:aa11b596-b169-421c-a0af-7f19cd48c627\" style=\"visibility: visible;\" role=\"presentation\" height=\"64\" width=\"64\"><span class=\"labelWrapper\"><span>Marketplace</span></span></div>"}, {1e3134a4-2cfe-4e4e-8142-72d2936fdb8c}, {1e3134a4-2cfe-4e4e-8142-72d2936fdb8c}
04-25 06:57:00.810 I/Gecko   (   83): 1398434220830	Marionette	INFO	sendToClient: {"from":"0","value":"<div><img src=\"blob:d7776dfe-cbf3-4548-9a0a-1f99d4cd23ee\" style=\"visibility: visible;\" role=\"presentation\" height=\"64\" width=\"64\"><span class=\"labelWrapper\"><span>Calendar</span></span></div>"}, {da274785-9642-4e56-a009-a1b8e6fc87ce}, {da274785-9642-4e56-a009-a1b8e6fc87ce}
04-25 06:57:00.830 I/Gecko   (   83): 1398434220846	Marionette	INFO	sendToClient: {"from":"0","value":"<div><img src=\"blob:7a9140bd-70ff-44f1-9104-5dec6f0e848e\" style=\"visibility: visible;\" role=\"presentation\" height=\"64\" width=\"64\"><span class=\"labelWrapper\"><span>Clock</span></span></div>"}, {6c23e31e-255d-4a40-93a7-1292522bc005}, {6c23e31e-255d-4a40-93a7-1292522bc005}
04-25 06:57:00.840 I/Gecko   (   83): 1398434220858	Marionette	INFO	sendToClient: {"from":"0","value":"<div><img src=\"blob:2d332426-fb0c-41fc-933d-465c0b666f63\" style=\"visibility: visible;\" role=\"presentation\" height=\"64\" width=\"64\"><span class=\"labelWrapper\"><span>Usage</span></span></div>"}, {1ca9fb56-daad-45af-bbc7-18ebe519927a}, {1ca9fb56-daad-45af-bbc7-18ebe519927a}
04-25 06:57:00.850 I/Gecko   (   83): 1398434220870	Marionette	INFO	sendToClient: {"from":"0","value":"<div><img src=\"blob:17763bad-1b9c-414c-97eb-dbc343d8d3f6\" style=\"visibility: visible;\" role=\"presentation\" height=\"64\" width=\"64\"><span class=\"labelWrapper\"><span>E-Mail</span></span></div>"}, {aa7ce109-96ab-43c5-8dbd-cf382523f5cf}, {aa7ce109-96ab-43c5-8dbd-cf382523f5cf}
04-25 06:57:00.870 I/Gecko   (   83): 1398434220882	Marionette	INFO	sendToClient: {"from":"0","value":"<div><img src=\"blob:bfd61fd8-a552-4e5b-838c-6b2f2af5d9a6\" style=\"visibility: visible;\" role=\"presentation\" height=\"64\" width=\"64\"><span class=\"labelWrapper\"><span>Music</span></span></div>"}, {54c142e8-a756-497b-b40b-b25c58ee3e8d}, {54c142e8-a756-497b-b40b-b25c58ee3e8d}
04-25 06:57:00.880 I/Gecko   (   83): 1398434220894	Marionette	INFO	sendToClient: {"from":"0","value":"<div><img src=\"blob:2427e2f2-90d1-493f-bfad-63f2b49a9dcb\" style=\"visibility: visible;\" role=\"presentation\" height=\"64\" width=\"64\"><span class=\"labelWrapper\"><span>Video</span></span></div>"}, {2700ea6c-aa81-4273-8d44-d16c49a53ebd}, {2700ea6c-aa81-4273-8d44-d16c49a53ebd}
04-25 06:57:01.120 I/Gecko   (   83): 1398434221135	Marionette	INFO	sendToClient: {"from":"0","value":"<div><img src=\"blob:02bd187b-5f36-4b36-88e4-782b7ee71653\" style=\"visibility: visible;\" role=\"presentation\" height=\"64\" width=\"64\"><span class=\"labelWrapper\"><span>Rooftops</span></span></div><span data-is-icon=\"true\" class=\"options\"></span>"}, {da3b1c2a-c401-44b0-9c21-0e21a9e5d28b}, {da3b1c2a-c401-44b0-9c21-0e21a9e5d28b}
04-25 06:57:01.180 I/Gecko   (   83): 1398434221193	Marionette	INFO	sendToClient: {"from":"0","value":"<div><img src=\"blob:aae76f4c-05dd-4846-8e31-ddfba83e1245\" style=\"visibility: visible;\" role=\"presentation\" height=\"64\" width=\"64\"><span class=\"labelWrapper\"><span>Phone</span></span></div>"}, {0bd3b4ab-691c-4ce1-8967-24cd4ff60965}, {0bd3b4ab-691c-4ce1-8967-24cd4ff60965}
04-25 06:57:01.210 I/Gecko   (   83): 1398434221223	Marionette	INFO	sendToClient: {"from":"0","value":"<div><img src=\"blob:1c052fd4-995b-42bc-9ccd-319a99b92533\" style=\"visibility: visible;\" role=\"presentation\" height=\"64\" width=\"64\"><span class=\"labelWrapper\"><span>Messages</span></span></div>"}, {278d506d-b603-485c-a2d5-5ee82422971f}, {278d506d-b603-485c-a2d5-5ee82422971f}
04-25 06:57:01.250 I/Gecko   (   83): 1398434221267	Marionette	INFO	sendToClient: {"from":"0","value":"<div><img src=\"blob:a171f503-e1c8-4db2-92f1-374a651ef487\" style=\"visibility: visible;\" role=\"presentation\" height=\"64\" width=\"64\"><span class=\"labelWrapper\"><span>Contacts</span></span></div>"}, {88831e0d-6b24-42c1-8dfd-04cb8e8aec7f}, {88831e0d-6b24-42c1-8dfd-04cb8e8aec7f}
04-25 06:57:01.330 I/Gecko   (   83): 1398434221343	Marionette	INFO	sendToClient: {"from":"0","value":"<div><img src=\"blob:0a82293b-6621-4335-9c8c-9f8d78fe077b\" style=\"visibility: visible;\" role=\"presentation\" height=\"64\" width=\"64\"><span class=\"labelWrapper\"><span>Browser</span></span></div>"}, {5b4572b8-c35b-49ec-8259-956ede77d22f}, {5b4572b8-c35b-49ec-8259-956ede77d22f}
04-25 06:57:02.130 W/WifiHW  (   83): wifi_command: SIGNAL_POLL
04-25 06:57:03.410 I/Gecko   (   83): 1398434223422	Marionette	INFO	sendToClient: {"from":"0","value":["{b88194a3-025e-4b30-9b50-2639418d6c5d}","{63014d8e-2d31-4d30-95e9-31719836ca5a}","{f47c87a3-e1c5-46b4-984b-3143c8c4a014}","{6b879482-460b-4182-a6ec-53c91bb2d125}","{fd3f2ca8-8f57-49d5-8f1a-3a8a18bf19e6}","{389d3928-bb25-4ea4-a0f0-055f409d63a9}","{83f2c820-e814-45b1-81c8-5dd0f37b9889}","{6854e1eb-7ae4-47ae-aa99-bba4dd0b23a7}","{258ec23a-99cb-48a5-a0c9-d5cc7814558a}","{fc1fc3d6-1f0b-4c49-966f-593433e93c98}","{a35beb25-6770-4c6e-b140-6a8e217b7a34}","{49a99042-d186-43f9-8340-dc41e1a43589}","{80917e39-e888-4814-baf8-8b56523236cd}","{ac7ae5fb-53b3-4040-97d2-5b26998c84f9}","{a45099d1-06a8-4a7d-b1f5-81eff5a4b1a2}","{9484655f-4ed9-433f-b52f-dc30bbfd2648}","{c81992ca-ea1c-4940-9ec7-8fbae25b9ce2}","{22e7bf3c-73f8-4213-95c9-011b0397898c}","{a383fb34-fdca-4390-b6f6-d961622fe112}","{4ff8bd19-118e-4359-95c7-5fe5fc7dd661}"]}, {d002708d-376f-474a-9f2e-68811bc8ffb9}, {d002708d-376f-474a-9f2e-68811bc8ffb9}
04-25 06:57:03.430 I/Gecko   (   83): 1398434223443	Marionette	INFO	sendToClient: {"from":"0","value":"<div><img src=\"blob:68f9f190-d9fb-4c1d-b67c-2dc99a7ed558\" style=\"visibility: visible;\" role=\"presentation\" height=\"64\" width=\"64\"><span class=\"labelWrapper\"><span>Social</span></span></div><span data-is-icon=\"true\" class=\"options\"></span>"}, {4213db8d-9d20-44c7-a7cc-e3076c5ba960}, {4213db8d-9d20-44c7-a7cc-e3076c5ba960}
04-25 06:57:03.440 I/Gecko   (   83): 1398434223454	Marionette	INFO	sendToClient: {"from":"0","value":"<div><img src=\"blob:874e5857-aa02-4855-a540-224b5deb581b\" style=\"visibility: visible;\" role=\"presentation\" height=\"64\" width=\"64\"><span class=\"labelWrapper\"><span>Games</span></span></div><span data-is-icon=\"true\" class=\"options\"></span>"}, {b1f79dff-487e-478b-9bfb-dd33598ff6c0}, {b1f79dff-487e-478b-9bfb-dd33598ff6c0}
04-25 06:57:03.470 I/Gecko   (   83): 1398434223480	Marionette	INFO	sendToClient: {"from":"0","value":"<div><img src=\"blob:21011d08-fe16-4a0b-aa17-154b32922378\" style=\"visibility: visible;\" role=\"presentation\" height=\"64\" width=\"64\"><span class=\"labelWrapper\"><span>Music</span></span></div><span data-is-icon=\"true\" class=\"options\"></span>"}, {4465a1cf-5629-4fc3-811a-a8a6135a59f5}, {4465a1cf-5629-4fc3-811a-a8a6135a59f5}
04-25 06:57:03.480 I/Gecko   (   83): 1398434223492	Marionette	INFO	sendToClient: {"from":"0","value":"<div><img src=\"blob:830529e1-32ab-42cc-b941-eb076c1970ac\" style=\"visibility: visible;\" role=\"presentation\" height=\"64\" width=\"64\"><span class=\"labelWrapper\"><span>Showbiz</span></span></div><span data-is-icon=\"true\" class=\"options\"></span>"}, {48eb03f0-feee-4b70-a2eb-f50b0a34e848}, {48eb03f0-feee-4b70-a2eb-f50b0a34e848}
04-25 06:57:03.490 I/Gecko   (   83): 1398434223503	Marionette	INFO	sendToClient: {"from":"0","value":"<div><img src=\"blob:1b8193e1-2bc6-4a79-a72f-6dabb46cdc9f\" style=\"visibility: visible;\" role=\"presentation\" height=\"64\" width=\"64\"><span class=\"labelWrapper\"><span>Camera</span></span></div>"}, {7a2af33e-910f-46a3-a9b8-116d42013abf}, {7a2af33e-910f-46a3-a9b8-116d42013abf}
04-25 06:57:03.500 I/Gecko   (   83): 1398434223517	Marionette	INFO	sendToClient: {"from":"0","value":"<div><img src=\"blob:c5af7e90-97cd-4417-b3ad-da49c06b6290\" style=\"visibility: visible;\" role=\"presentation\" height=\"64\" width=\"64\"><span class=\"labelWrapper\"><span>Gallery</span></span></div>"}, {a3fbd140-ec5e-40b3-8784-72c3f15dcef5}, {a3fbd140-ec5e-40b3-8784-72c3f15dcef5}
04-25 06:57:03.510 I/Gecko   (   83): 1398434223527	Marionette	INFO	sendToClient: {"from":"0","value":"<div><img src=\"blob:6939aabf-1b43-4ef9-ba63-9fee4137efaa\" style=\"visibility: visible;\" role=\"presentation\" height=\"64\" width=\"64\"><span class=\"labelWrapper\"><span>FM Radio</span></span></div>"}, {a71d411c-b4d3-46ef-b86c-3e678b6e677a}, {a71d411c-b4d3-46ef-b86c-3e678b6e677a}
04-25 06:57:03.520 I/Gecko   (   83): 1398434223538	Marionette	INFO	sendToClient: {"from":"0","value":"<div><img src=\"blob:753fba54-f53a-487e-91bd-89ad9aff17e7\" style=\"visibility: visible;\" role=\"presentation\" height=\"64\" width=\"64\"><span class=\"labelWrapper\"><span>Settings</span></span></div>"}, {75bd2dd3-7553-4a0e-b538-2f9cbab5299f}, {75bd2dd3-7553-4a0e-b538-2f9cbab5299f}
04-25 06:57:03.530 I/Gecko   (   83): 1398434223549	Marionette	INFO	sendToClient: {"from":"0","value":"<div><img src=\"blob:aa11b596-b169-421c-a0af-7f19cd48c627\" style=\"visibility: visible;\" role=\"presentation\" height=\"64\" width=\"64\"><span class=\"labelWrapper\"><span>Marketplace</span></span></div>"}, {1b57bd7d-eb76-47f1-93df-f3ff1523bb1e}, {1b57bd7d-eb76-47f1-93df-f3ff1523bb1e}
04-25 06:57:03.540 I/Gecko   (   83): 1398434223560	Marionette	INFO	sendToClient: {"from":"0","value":"<div><img src=\"blob:d7776dfe-cbf3-4548-9a0a-1f99d4cd23ee\" style=\"visibility: visible;\" role=\"presentation\" height=\"64\" width=\"64\"><span class=\"labelWrapper\"><span>Calendar</span></span></div>"}, {245cf348-f5bd-40e2-a729-30e6dcf95816}, {245cf348-f5bd-40e2-a729-30e6dcf95816}
04-25 06:57:03.600 I/Gecko   (   83): 1398434223618	Marionette	INFO	sendToClient: {"from":"0","value":"<div><img src=\"blob:7a9140bd-70ff-44f1-9104-5dec6f0e848e\" style=\"visibility: visible;\" role=\"presentation\" height=\"64\" width=\"64\"><span class=\"labelWrapper\"><span>Clock</span></span></div>"}, {66817855-b6b0-4db6-a4c0-bde46b88a0ee}, {66817855-b6b0-4db6-a4c0-bde46b88a0ee}
04-25 06:57:03.610 I/Gecko   (   83): 1398434223629	Marionette	INFO	sendToClient: {"from":"0","value":"<div><img src=\"blob:2d332426-fb0c-41fc-933d-465c0b666f63\" style=\"visibility: visible;\" role=\"presentation\" height=\"64\" width=\"64\"><span class=\"labelWrapper\"><span>Usage</span></span></div>"}, {dea56761-513d-4684-923c-44cef02e4569}, {dea56761-513d-4684-923c-44cef02e4569}
04-25 06:57:03.640 I/Gecko   (   83): 1398434223651	Marionette	INFO	sendToClient: {"from":"0","value":"<div><img src=\"blob:17763bad-1b9c-414c-97eb-dbc343d8d3f6\" style=\"visibility: visible;\" role=\"presentation\" height=\"64\" width=\"64\"><span class=\"labelWrapper\"><span>E-Mail</span></span></div>"}, {84ab49cf-983e-402e-819e-26b5e88ca376}, {84ab49cf-983e-402e-819e-26b5e88ca376}
04-25 06:57:03.650 I/Gecko   (   83): 1398434223663	Marionette	INFO	sendToClient: {"from":"0","value":"<div><img src=\"blob:bfd61fd8-a552-4e5b-838c-6b2f2af5d9a6\" style=\"visibility: visible;\" role=\"presentation\" height=\"64\" width=\"64\"><span class=\"labelWrapper\"><span>Music</span></span></div>"}, {1b0f786e-da01-469f-b9aa-3ade5cae604c}, {1b0f786e-da01-469f-b9aa-3ade5cae604c}
04-25 06:57:03.660 I/Gecko   (   83): 1398434223677	Marionette	INFO	sendToClient: {"from":"0","value":"<div><img src=\"blob:2427e2f2-90d1-493f-bfad-63f2b49a9dcb\" style=\"visibility: visible;\" role=\"presentation\" height=\"64\" width=\"64\"><span class=\"labelWrapper\"><span>Video</span></span></div>"}, {9bec399f-3638-4a21-a928-7826ae92a18f}, {9bec399f-3638-4a21-a928-7826ae92a18f}
04-25 06:57:03.670 I/Gecko   (   83): 1398434223688	Marionette	INFO	sendToClient: {"from":"0","value":"<div><img src=\"blob:02bd187b-5f36-4b36-88e4-782b7ee71653\" style=\"visibility: visible;\" role=\"presentation\" height=\"64\" width=\"64\"><span class=\"labelWrapper\"><span>Rooftops</span></span></div><span data-is-icon=\"true\" class=\"options\"></span>"}, {14738347-5bda-49f8-a86b-c4f524e8b4d9}, {14738347-5bda-49f8-a86b-c4f524e8b4d9}
04-25 06:57:03.680 I/Gecko   (   83): 1398434223700	Marionette	INFO	sendToClient: {"from":"0","value":"<div><img src=\"blob:aae76f4c-05dd-4846-8e31-ddfba83e1245\" style=\"visibility: visible;\" role=\"presentation\" height=\"64\" width=\"64\"><span class=\"labelWrapper\"><span>Phone</span></span></div>"}, {92e187f9-756f-46cb-8a2a-7f72d9f0389e}, {92e187f9-756f-46cb-8a2a-7f72d9f0389e}
04-25 06:57:03.690 I/Gecko   (   83): 1398434223710	Marionette	INFO	sendToClient: {"from":"0","value":"<div><img src=\"blob:1c052fd4-995b-42bc-9ccd-319a99b92533\" style=\"visibility: visible;\" role=\"presentation\" height=\"64\" width=\"64\"><span class=\"labelWrapper\"><span>Messages</span></span></div>"}, {806e6ec3-66ed-4f8e-bf8b-3c43c58aec02}, {806e6ec3-66ed-4f8e-bf8b-3c43c58aec02}
04-25 06:57:03.710 I/Gecko   (   83): 1398434223721	Marionette	INFO	sendToClient: {"from":"0","value":"<div><img src=\"blob:a171f503-e1c8-4db2-92f1-374a651ef487\" style=\"visibility: visible;\" role=\"presentation\" height=\"64\" width=\"64\"><span class=\"labelWrapper\"><span>Contacts</span></span></div>"}, {a70ce017-6142-496d-a650-d92269d8c97b}, {a70ce017-6142-496d-a650-d92269d8c97b}
04-25 06:57:03.720 I/Gecko   (   83): 1398434223732	Marionette	INFO	sendToClient: {"from":"0","value":"<div><img src=\"blob:0a82293b-6621-4335-9c8c-9f8d78fe077b\" style=\"visibility: visible;\" role=\"presentation\" height=\"64\" width=\"64\"><span class=\"labelWrapper\"><span>Browser</span></span></div>"}, {a914d901-aacc-4b7f-bbe5-7727b48d7916}, {a914d901-aacc-4b7f-bbe5-7727b48d7916}
04-25 06:57:03.730 I/Gecko   (   83): 1398434223742	Marionette	INFO	sendToClient: {"from":"0","value":"app://homescreen.gaiamobile.org/index.html#root"}, {d9d4628f-ac62-400a-91d6-43f90a9347f8}, {d9d4628f-ac62-400a-91d6-43f90a9347f8}
04-25 06:57:03.730 I/Gecko   (   83): 1398434223749	Marionette	DEBUG	Got request: switchToFrame, data: {"to":"0","sessionId":"3-b2g","name":"switchToFrame","parameters":{"id":null,"focus":true}}, id: {2e230041-4d1a-44c4-9291-7129b6b63c07}
04-25 06:57:03.750 I/Gecko   (   83): 1398434223765	Marionette	INFO	Switched to frame: {"frameValue":null}
04-25 06:57:03.880 I/Gecko   (   83): 1398434223892	Marionette	INFO	sendToClient: {"from":"0","ok":true}, {2e230041-4d1a-44c4-9291-7129b6b63c07}, {2e230041-4d1a-44c4-9291-7129b6b63c07}
04-25 06:57:03.880 I/Gecko   (   83): 1398434223898	Marionette	DEBUG	Got request: switchToFrame, data: {"to":"0","sessionId":"3-b2g","name":"switchToFrame","parameters":{"id":null,"focus":true}}, id: {a8ca2b91-28c3-4bea-b1f2-629ce2d4c587}
04-25 06:57:03.880 I/Gecko   (   83): 1398434223900	Marionette	INFO	Switched to frame: {"frameValue":null}
04-25 06:57:03.990 I/Gecko   (   83): 1398434224002	Marionette	INFO	sendToClient: {"from":"0","ok":true}, {a8ca2b91-28c3-4bea-b1f2-629ce2d4c587}, {a8ca2b91-28c3-4bea-b1f2-629ce2d4c587}
04-25 06:57:03.990 I/Gecko   (   83): 1398434224009	Marionette	DEBUG	Got request: executeWithCallback, data: {"to":"0","sessionId":"3-b2g","name":"executeAsyncScript","parameters":{"specialPowers":false,"scriptTimeout":30000,"newSandbox":true,"args":[],"filename":"app_checker.py","script":"GaiaApps.launchWithManifestURL('http://rooftops.remvst.com/manifest.json')","line":106}}, id: {5d8a6582-46b2-4685-bea2-23e95182524b}
04-25 06:57:04.180 I/Gonk    (   83): Setting nice for pid 3272 to 18
04-25 06:57:04.180 I/Gonk    (   83): Changed nice for pid 3272 from 18 to 18.
04-25 06:57:04.180 I/Gecko   (   83): [Parent 83] WARNING: waitpid failed pid:3272 errno:10: file ../../../gecko/ipc/chromium/src/base/process_util_posix.cc, line 254
04-25 06:57:04.200 I/Gonk    (   83): Setting nice for pid 3272 to 1
04-25 06:57:04.210 I/Gonk    (   83): Changed nice for pid 3272 from 18 to 1.
04-25 06:57:04.240 D/Sensors (   83): activate handle=0; drv=0
04-25 06:57:04.280 D/Sensors (   83): Lis3dhSensor: Control set 1
04-25 06:57:04.280 D/Sensors (   83): Lis3dhSensor: mEnabled = 1
04-25 06:57:04.480 I/InputReader(   83): Reconfiguring input devices.  changes=0x00000004
04-25 06:57:04.490 I/InputReader(   83): Device reconfigured: id=6, name='ms-msg21xx', size 320x480, orientation 1, mode 1, display id 0
04-25 06:57:04.540 E/[Gralloc-ERROR](   83): int gralloc_register_buffer(const gralloc_module_t*, const native_handle_t*):79 Unable to register handle 0x46bcb9c0 coming from different process: 83
04-25 06:57:04.550 E/[Gralloc-ERROR](   83): int gralloc_register_buffer(const gralloc_module_t*, const native_handle_t*):79 Unable to register handle 0x46bcbb50 coming from different process: 83
04-25 06:57:04.570 E/GeckoConsole(   83): Content JS LOG at dummy file:334 in GaiaApps.launch: launching app with name 'Rooftops'
04-25 06:57:04.580 E/[Gralloc-ERROR](   83): int gralloc_unregister_buffer(const gralloc_module_t*, const native_handle_t*):274 Trying to unregister buffer 0x460a86f0 from process 83 that was not created in current process: 83
04-25 06:57:04.640 E/[Gralloc-ERROR](   83): int gralloc_register_buffer(const gralloc_module_t*, const native_handle_t*):79 Unable to register handle 0x4734f8d0 coming from different process: 83
04-25 06:57:04.650 E/[Gralloc-ERROR](   83): int gralloc_register_buffer(const gralloc_module_t*, const native_handle_t*):79 Unable to register handle 0x4734f970 coming from different process: 83
04-25 06:57:04.660 E/[Gralloc-ERROR](   83): int gralloc_unregister_buffer(const gralloc_module_t*, const native_handle_t*):274 Trying to unregister buffer 0x462b47e0 from process 83 that was not created in current process: 83
04-25 06:57:04.950 I/Gonk    (   83): Setting nice for pid 3247 to 18
04-25 06:57:04.960 I/Gonk    (   83): Changed nice for pid 3247 from 1 to 18.
04-25 06:57:05.280 I/Gecko   (   83): 
04-25 06:57:05.280 I/Gecko   (   83): ###!!! [Parent][MessageChannel] Error: Channel error: cannot send/recv
04-25 06:57:05.280 I/Gecko   (   83): 
04-25 06:57:05.280 E/GeckoConsole(   83): [JavaScript Error: "[Exception... "Component returned failure code: 0x80070057 (NS_ERROR_ILLEGAL_VALUE) [nsIXPCComponents_Utils.isDeadWrapper]"  nsresult: "0x80070057 (NS_ERROR_ILLEGAL_VALUE)"  location: "JS frame :: resource://gre/modules/BrowserElementParent.jsm :: BrowserElementParent.prototype._isAlive :: line 34"  data: no]" {file: "resource://gre/modules/BrowserElementParent.jsm" line: 34}]
04-25 06:57:05.330 I/Gecko   (   83): [Parent 83] WARNING: waitpid failed pid:3247 errno:10: file ../../../gecko/ipc/chromium/src/base/process_util_posix.cc, line 254
04-25 06:57:05.720 E/GeckoConsole( 3272): [JavaScript Warning: "Error in parsing value for 'background-image'.  Declaration dropped." {file: "http://rooftops.remvst.com/css/style.css" line: 17 column: 54 source: "button { background-color: #999999; background-image: -*-linear-gradient(top,#999999 0%,#999999 80%,#bbbbbb 100%); border: 1px solid white; color: white; text-shadow: 2px 2px 0px black; box-shadow: 0px 2px 3px black; border-radius: 5px; font-family: Square; } "}]
04-25 06:57:05.730 E/GeckoConsole( 3272): [JavaScript Warning: "Error in parsing value for 'background-image'.  Declaration dropped." {file: "http://rooftops.remvst.com/css/style.css" line: 20 column: 48 source: "button:active { color: black; background-image: -*-linear-gradient(bottom,#999999 0%,#999999 80%,#bbbbbb 100%); text-shadow: 2px 2px 0px white; } "}]
04-25 06:57:05.730 E/GeckoConsole( 3272): [JavaScript Warning: "Error in parsing value for 'background-image'.  Declaration dropped." {file: "http://rooftops.remvst.com/css/style.css" line: 62 column: 235 source: "#bloc_stats{width: 100%;border: 1px solid white;margin-top: 10px;margin-bottom: 10px;color: white;text-shadow: 2px 2px 0px black;padding-top: 10px;padding-bottom: 10px;box-shadow: 0px 2px 0px black;border-radius: 5px;background-image: -*-linear-gradient(top,#999999 0%,#999999 80%,#bbbbbb 100%); background-color: #999999;}"}]
04-25 06:57:07.150 W/WifiHW  (   83): wifi_command: SIGNAL_POLL
04-25 06:57:07.340 I/Gecko   (   83): [Parent 83] WARNING: waitpid failed pid:3247 errno:10: file ../../../gecko/ipc/chromium/src/base/process_util_posix.cc, line 254
04-25 06:57:07.340 I/Gecko   (   83): [Parent 83] WARNING: Failed to deliver SIGKILL to 3247!(3).: file ../../../gecko/ipc/chromium/src/chrome/common/process_watcher_posix_sigchld.cc, line 118
04-25 06:57:09.280 I/Gonk    (   83): Setting nice for pid 3314 to 18
04-25 06:57:09.290 I/Gonk    (   83): Changed nice for pid 3314 from 0 to 18.
04-25 06:57:09.940 E/GeckoConsole( 3272): [JavaScript Warning: "Error in parsing value for 'background-image'.  Declaration dropped." {file: "http://rooftops.remvst.com/" line: 0 column: 0 source: "element(#foo)"}]
04-25 06:57:09.940 E/GeckoConsole( 3272): [JavaScript Warning: "Error in parsing value for 'background-image'.  Declaration dropped." {file: "http://rooftops.remvst.com/" line: 0 column: 0 source: "cross-fade(url(a.png), url(b.png), 50%)"}]
04-25 06:57:09.940 E/GeckoConsole( 3272): [JavaScript Warning: "Error in parsing value for 'background-image'.  Declaration dropped." {file: "http://rooftops.remvst.com/" line: 0 column: 0 source: "-moz-cross-fade(url(a.png), url(b.png), 50%)"}]
04-25 06:57:09.940 E/GeckoConsole( 3272): [JavaScript Warning: "Error in parsing value for 'display'.  Declaration dropped." {file: "http://rooftops.remvst.com/" line: 0 column: 0 source: "box"}]
04-25 06:57:09.940 E/GeckoConsole( 3272): [JavaScript Warning: "Error in parsing value for 'display'.  Declaration dropped." {file: "http://rooftops.remvst.com/" line: 0 column: 0 source: "flexbox"}]
04-25 06:57:09.940 E/GeckoConsole( 3272): [JavaScript Warning: "Error in parsing value for 'display'.  Declaration dropped." {file: "http://rooftops.remvst.com/" line: 0 column: 0 source: "-moz-flexbox"}]
04-25 06:57:09.940 E/GeckoConsole( 3272): [JavaScript Warning: "Error in parsing value for 'display'.  Declaration dropped." {file: "http://rooftops.remvst.com/" line: 0 column: 0 source: "inline-flexbox"}]
04-25 06:57:09.940 E/GeckoConsole( 3272): [JavaScript Warning: "Error in parsing value for 'display'.  Declaration dropped." {file: "http://rooftops.remvst.com/" line: 0 column: 0 source: "-moz-inline-flexbox"}]
04-25 06:57:09.950 E/GeckoConsole( 3272): [JavaScript Warning: "Unknown pseudo-class or pseudo-element 'read-only'.  Ruleset ignored due to bad selector." {file: "http://rooftops.remvst.com/" line: 1 column: 1 source: ":read-only{}"}]
04-25 06:57:09.950 E/GeckoConsole( 3272): [JavaScript Warning: "Unknown pseudo-class or pseudo-element 'read-write'.  Ruleset ignored due to bad selector." {file: "http://rooftops.remvst.com/" line: 1 column: 1 source: ":read-write{}"}]
04-25 06:57:09.960 E/GeckoConsole( 3272): [JavaScript Warning: "Unknown pseudo-class or pseudo-element 'any-link'.  Ruleset ignored due to bad selector." {file: "http://rooftops.remvst.com/" line: 1 column: 1 source: ":any-link{}"}]
04-25 06:57:09.960 E/GeckoConsole( 3272): [JavaScript Warning: "Unknown pseudo-class or pseudo-element 'selection'.  Ruleset ignored due to bad selector." {file: "http://rooftops.remvst.com/" line: 1 column: 2 source: "::selection{}"}]
04-25 06:57:09.960 E/GeckoConsole( 3272): [JavaScript Warning: "Unrecognized at-rule or error parsing at-rule '@viewport'." {file: "http://rooftops.remvst.com/" line: 1 column: 0 source: "@viewport {}"}]
04-25 06:57:09.960 E/GeckoConsole( 3272): [JavaScript Warning: "Unrecognized at-rule or error parsing at-rule '@-moz-viewport'." {file: "http://rooftops.remvst.com/" line: 1 column: 0 source: "@-moz-viewport {}"}]
04-25 06:57:09.960 E/GeckoConsole( 3272): [JavaScript Warning: "Unrecognized at-rule or error parsing at-rule '@document'." {file: "http://rooftops.remvst.com/" line: 1 column: 0 source: "@document regexp("."){}"}]
04-25 06:57:10.500 I/Gonk    (   83): Setting nice for pid 3314 to 18
04-25 06:57:10.500 I/Gonk    (   83): Changed nice for pid 3314 from 18 to 18.
04-25 06:57:10.500 I/Gecko   (   83): [Parent 83] WARNING: waitpid failed pid:3314 errno:10: file ../../../gecko/ipc/chromium/src/base/process_util_posix.cc, line 254
04-25 06:57:10.500 I/Gonk    (   83): Setting nice for pid 3314 to 1
04-25 06:57:10.500 I/Gonk    (   83): Changed nice for pid 3314 from 18 to 1.
04-25 06:57:10.510 I/Gonk    (   83): Setting nice for pid 3314 to 18
04-25 06:57:10.510 I/Gonk    (   83): Changed nice for pid 3314 from 1 to 18.
04-25 06:57:10.700 E/GeckoConsole(   83): Content JS LOG at dummy file:326 in GaiaApps.launch/appOpen/<: app with origin 'http://rooftops.remvst.com' has launched
04-25 06:57:10.710 I/Gecko   (   83): 1398434230723	Marionette	INFO	sendToClient: {"from":"0","value":{"frame":{"ELEMENT":"{36d72641-c6d8-4dad-a99d-893579ebb448}"},"src":"http://rooftops.remvst.com/","name":"Rooftops","origin":"http://rooftops.remvst.com"}}, {5d8a6582-46b2-4685-bea2-23e95182524b}, {5d8a6582-46b2-4685-bea2-23e95182524b}
04-25 06:57:10.790 E/GeckoConsole(   83): Offline cache manifest item has Cache-control: no-store header, URL=http://rooftops.remvst.com/cache.manifest
04-25 06:57:10.790 E/[Gralloc-ERROR](   83): int gralloc_unregister_buffer(const gralloc_module_t*, const native_handle_t*):274 Trying to unregister buffer 0x4734f8d0 from process 83 that was not created in current process: 83
04-25 06:57:10.790 E/[Gralloc-ERROR](   83): int gralloc_unregister_buffer(const gralloc_module_t*, const native_handle_t*):274 Trying to unregister buffer 0x4734f970 from process 83 that was not created in current process: 83
