--------- beginning of /dev/log/main
04-26 20:00:16.124 V/AudioPolicyManagerBase(   88): startOutput() output 1, stream 1, session 6
04-26 20:00:16.124 V/AudioPolicyManagerBase(   88): changeRefCount() stream 1, count 1
04-26 20:00:16.124 V/AudioPolicyManagerBase(   88): getDeviceForStrategy() from cache strategy 0, device 2
04-26 20:00:16.124 V/AudioPolicyManagerBase(   88): getNewDevice() selected device 2
04-26 20:00:16.124 D/AudioPolicyManagerBase(   88): setOutputDevice() output 1 device 2 delayMs 0
04-26 20:00:16.124 V/AudioPolicyManagerBase(   88): setOutputDevice() setting same device 2 or null device for output 1
04-26 20:00:16.124 E/AudioPolicyManagerBase(   88): checkAndSetVolume stream=1, index=0, output=1, device=2
04-26 20:00:16.124 E/AudioPolicyManagerBase(   88): computeVolume, streamDesc=0x1d5bb8
04-26 20:00:16.194 W/AudioFlinger(   88): Thread AudioOut_1 cannot connect to the power manager service
04-26 20:00:16.194 V/AudioPolicyManagerBase(   88): stopOutput() output 1, stream 1, session 6
04-26 20:00:16.194 V/AudioPolicyManagerBase(   88): changeRefCount() stream 1, count 0
04-26 20:00:16.194 V/AudioPolicyManagerBase(   88): getNewDevice() selected device 0
04-26 20:00:16.194 D/AudioPolicyManagerBase(   88): setOutputDevice() output 1 device 0 delayMs 290
04-26 20:00:16.194 V/AudioPolicyManagerBase(   88): setOutputDevice() setting same device 0 or null device for output 1
04-26 20:00:16.204 V/AudioPolicyManagerBase(   88): startOutput() output 1, stream 1, session 6
04-26 20:00:16.204 V/AudioPolicyManagerBase(   88): changeRefCount() stream 1, count 1
04-26 20:00:16.204 V/AudioPolicyManagerBase(   88): getDeviceForStrategy() from cache strategy 0, device 2
04-26 20:00:16.204 V/AudioPolicyManagerBase(   88): getNewDevice() selected device 2
04-26 20:00:16.204 D/AudioPolicyManagerBase(   88): setOutputDevice() output 1 device 2 delayMs 0
04-26 20:00:16.204 V/AudioPolicyManagerBase(   88): setOutputDevice() setting same device 2 or null device for output 1
04-26 20:00:16.204 E/AudioPolicyManagerBase(   88): checkAndSetVolume stream=1, index=0, output=1, device=2
04-26 20:00:16.204 E/AudioPolicyManagerBase(   88): computeVolume, streamDesc=0x1d5bb8
04-26 20:00:16.204 V/AudioPolicyManagerBase(   88): stopOutput() output 1, stream 1, session 6
04-26 20:00:16.204 V/AudioPolicyManagerBase(   88): changeRefCount() stream 1, count 0
04-26 20:00:16.204 V/AudioPolicyManagerBase(   88): getNewDevice() selected device 0
04-26 20:00:16.204 D/AudioPolicyManagerBase(   88): setOutputDevice() output 1 device 0 delayMs 290
04-26 20:00:16.204 V/AudioPolicyManagerBase(   88): setOutputDevice() setting same device 0 or null device for output 1
04-26 20:00:16.204 I/Gecko   (   83): 1398567616218	Marionette	INFO	sendToClient: {"from":"0","ok":true}, {162832c0-4cf5-4665-852b-674f849bb2c9}, {162832c0-4cf5-4665-852b-674f849bb2c9}
04-26 20:00:16.214 V/AudioPolicyManagerBase(   88): releaseOutput() 1
04-26 20:00:16.234 I/Gecko   (   83): 1398567616244	Marionette	DEBUG	Got request: switchToFrame, data: {"to":"0","sessionId":"3-b2g","name":"switchToFrame","parameters":{"id":null,"focus":true}}, id: {88cf9e97-918c-4aa7-80c8-7bfa1303c3af}
04-26 20:00:16.234 I/Gecko   (   83): 1398567616246	Marionette	INFO	Switched to frame: {"frameValue":null}
04-26 20:00:16.344 I/Gecko   (   83): 1398567616355	Marionette	INFO	sendToClient: {"from":"0","ok":true}, {88cf9e97-918c-4aa7-80c8-7bfa1303c3af}, {88cf9e97-918c-4aa7-80c8-7bfa1303c3af}
04-26 20:00:16.344 I/Gecko   (   83): 1398567616361	Marionette	DEBUG	Got request: executeWithCallback, data: {"to":"0","sessionId":"3-b2g","name":"executeAsyncScript","parameters":{"specialPowers":false,"scriptTimeout":null,"newSandbox":true,"args":[],"filename":"gaia_test.py","script":"return GaiaApps.displayedApp();","line":66}}, id: {917cd745-e683-411d-8c33-c26c3b499036}
04-26 20:00:16.484 I/Gecko   (   83): 1398567616500	Marionette	INFO	sendToClient: {"from":"0","value":{"frame":{"ELEMENT":"{7108c89a-3ebd-47f3-b5cb-81f384c3efc4}"},"src":"app://homescreen.gaiamobile.org/index.html#root","name":"Homescreen","origin":"app://homescreen.gaiamobile.org"}}, {917cd745-e683-411d-8c33-c26c3b499036}, {917cd745-e683-411d-8c33-c26c3b499036}
04-26 20:00:16.494 E/GeckoConsole(   83): Content JS LOG at dummy file:392 in GaiaApps.displayedApp: app with origin 'app://homescreen.gaiamobile.org' is displayed
04-26 20:00:16.524 I/Gecko   (   83): 1398567616541	Marionette	DEBUG	Got request: switchToFrame, data: {"to":"0","sessionId":"3-b2g","name":"switchToFrame","parameters":{"id":null,"focus":true}}, id: {b88bd53a-a15e-4ca9-ae9e-c605b2e902bb}
04-26 20:00:16.544 I/Gecko   (   83): 1398567616555	Marionette	INFO	Switched to frame: {"frameValue":null}
04-26 20:00:16.644 I/Gecko   (   83): 1398567616663	Marionette	INFO	sendToClient: {"from":"0","ok":true}, {b88bd53a-a15e-4ca9-ae9e-c605b2e902bb}, {b88bd53a-a15e-4ca9-ae9e-c605b2e902bb}
04-26 20:00:16.654 I/Gecko   (   83): 1398567616671	Marionette	DEBUG	Got request: switchToFrame, data: {"to":"0","sessionId":"3-b2g","name":"switchToFrame","parameters":{"id":null,"focus":true}}, id: {4719f3a5-1383-4ee0-8007-c45d5a2f398d}
04-26 20:00:16.654 I/Gecko   (   83): 1398567616672	Marionette	INFO	Switched to frame: {"frameValue":null}
04-26 20:00:16.754 W/WifiHW  (   83): wifi_command: SIGNAL_POLL
04-26 20:00:16.764 I/Gecko   (   83): 1398567616775	Marionette	INFO	sendToClient: {"from":"0","ok":true}, {4719f3a5-1383-4ee0-8007-c45d5a2f398d}, {4719f3a5-1383-4ee0-8007-c45d5a2f398d}
04-26 20:00:16.764 I/Gecko   (   83): 1398567616781	Marionette	DEBUG	Got request: executeWithCallback, data: {"to":"0","sessionId":"3-b2g","name":"executeAsyncScript","parameters":{"specialPowers":false,"scriptTimeout":null,"newSandbox":true,"args":[],"filename":"gaia_test.py","script":"return GaiaApps.displayedApp();","line":66}}, id: {14bceae8-f969-4481-bb2c-d82d64a2d3a5}
04-26 20:00:16.934 E/GeckoConsole(   83): Content JS LOG at dummy file:392 in GaiaApps.displayedApp: app with origin 'app://homescreen.gaiamobile.org' is displayed
04-26 20:00:16.964 I/Gecko   (   83): 1398567616974	Marionette	INFO	sendToClient: {"from":"0","value":{"frame":{"ELEMENT":"{7108c89a-3ebd-47f3-b5cb-81f384c3efc4}"},"src":"app://homescreen.gaiamobile.org/index.html#root","name":"Homescreen","origin":"app://homescreen.gaiamobile.org"}}, {14bceae8-f969-4481-bb2c-d82d64a2d3a5}, {14bceae8-f969-4481-bb2c-d82d64a2d3a5}
04-26 20:00:17.024 I/Gecko   (   83): 1398567617017	Marionette	DEBUG	Got request: switchToFrame, data: {"to":"0","sessionId":"3-b2g","name":"switchToFrame","parameters":{"focus":true,"element":"{7108c89a-3ebd-47f3-b5cb-81f384c3efc4}"}}, id: {d191e26d-256a-476b-a308-9e72cad44402}
04-26 20:00:17.034 I/Gecko   (   83): 1398567617045	Marionette	INFO	Switched to frame: {"frameValue":"{7108c89a-3ebd-47f3-b5cb-81f384c3efc4}"}
04-26 20:00:17.074 I/Gecko   (   83): 1398567617093	Marionette	INFO	trying remote frame 0
04-26 20:00:17.094 I/Gecko   (   83): 1398567617103	Marionette	INFO	trying remote frame 1
04-26 20:00:17.094 I/Gecko   (   83): 1398567617105	Marionette	INFO	deleting frame
04-26 20:00:17.114 I/Gecko   (   83): 1398567617128	Marionette	INFO	frame-manager load script: [object ChromeMessageSender]
04-26 20:00:18.574 I/Gecko   (   83): 1398567618585	Marionette	INFO	sendToClient: {"from":"0","ok":true}, {d191e26d-256a-476b-a308-9e72cad44402}, {d191e26d-256a-476b-a308-9e72cad44402}
04-26 20:00:18.764 I/Gecko   (   83): 1398567618777	Marionette	INFO	sendToClient: {"from":"0","value":{"ELEMENT":"{5e058e18-9611-4a9a-8fd7-29a4474cf545}"}}, {7a56ae9e-f6c6-4821-a38e-6a60d446e003}, {7a56ae9e-f6c6-4821-a38e-6a60d446e003}
04-26 20:00:18.884 I/Gecko   ( 1779): ###################################### forms.js loaded
04-26 20:00:18.974 E/GeckoConsole( 1758): [JavaScript Warning: "Use of getAttributeNode() is deprecated. Use getAttribute() instead." {file: "chrome://marionette/content/atoms.js" line: 25}]
04-26 20:00:18.974 I/Gecko   ( 1779): ############################### browserElementPanning.js loaded
04-26 20:00:18.984 E/GeckoConsole( 1758): [JavaScript Warning: "Use of attributes' specified attribute is deprecated. It always returns true." {file: "chrome://marionette/content/atoms.js" line: 25}]
04-26 20:00:19.004 I/Gecko   (   83): 1398567619015	Marionette	INFO	sendToClient: {"from":"0","value":"normal"}, {ddb86ab1-dade-425c-a4b1-56f42fce5b23}, {ddb86ab1-dade-425c-a4b1-56f42fce5b23}
04-26 20:00:19.004 I/Gecko   (   83): 1398567619022	Marionette	DEBUG	Got request: switchToFrame, data: {"to":"0","sessionId":"3-b2g","name":"switchToFrame","parameters":{"id":null,"focus":true}}, id: {513fb1d9-1ba6-409e-9bca-d492b0612536}
04-26 20:00:19.024 I/Gecko   (   83): 1398567619038	Marionette	INFO	Switched to frame: {"frameValue":null}
04-26 20:00:19.074 I/Gecko   ( 1779): ######################## BrowserElementChildPreload.js loaded
04-26 20:00:19.124 I/Gecko   (   83): 1398567619141	Marionette	INFO	sendToClient: {"from":"0","ok":true}, {513fb1d9-1ba6-409e-9bca-d492b0612536}, {513fb1d9-1ba6-409e-9bca-d492b0612536}
04-26 20:00:19.134 I/Gecko   (   83): 1398567619147	Marionette	DEBUG	Got request: execute, data: {"to":"0","sessionId":"3-b2g","name":"executeScript","parameters":{"specialPowers":false,"scriptTimeout":null,"newSandbox":true,"args":[],"filename":"gaia_test.py","script":"window.wrappedJSObject.dispatchEvent(new Event('home'));","line":788}}, id: {985d5d2b-cf97-4bc5-99d5-99fd67ea28b9}
04-26 20:00:19.304 I/Gecko   (   83): 1398567619321	Marionette	INFO	sendToClient: {"from":"0","value":null}, {985d5d2b-cf97-4bc5-99d5-99fd67ea28b9}, {985d5d2b-cf97-4bc5-99d5-99fd67ea28b9}
04-26 20:00:19.354 I/Gecko   (   83): 1398567619369	Marionette	DEBUG	Got request: switchToFrame, data: {"to":"0","sessionId":"3-b2g","name":"switchToFrame","parameters":{"id":null,"focus":true}}, id: {20545fce-d984-42e5-b3b0-a634e81dcd7c}
04-26 20:00:19.354 I/Gecko   (   83): 1398567619372	Marionette	INFO	Switched to frame: {"frameValue":null}
04-26 20:00:19.464 I/Gecko   (   83): 1398567619475	Marionette	INFO	sendToClient: {"from":"0","ok":true}, {20545fce-d984-42e5-b3b0-a634e81dcd7c}, {20545fce-d984-42e5-b3b0-a634e81dcd7c}
04-26 20:00:19.474 I/Gecko   (   83): 1398567619489	Marionette	DEBUG	Got request: switchToFrame, data: {"to":"0","sessionId":"3-b2g","name":"switchToFrame","parameters":{"id":null,"focus":true}}, id: {5fe264ea-3193-4619-a4f5-13719097f884}
04-26 20:00:19.474 I/Gecko   (   83): 1398567619490	Marionette	INFO	Switched to frame: {"frameValue":null}
04-26 20:00:20.834 I/Gecko   (   83): 1398567620836	Marionette	INFO	sendToClient: {"from":"0","ok":true}, {5fe264ea-3193-4619-a4f5-13719097f884}, {5fe264ea-3193-4619-a4f5-13719097f884}
04-26 20:00:20.904 I/Gecko   (   83): 1398567620922	Marionette	DEBUG	Got request: executeWithCallback, data: {"to":"0","sessionId":"3-b2g","name":"executeAsyncScript","parameters":{"specialPowers":false,"scriptTimeout":null,"newSandbox":true,"args":[],"filename":"gaia_test.py","script":"return GaiaApps.displayedApp();","line":66}}, id: {44989d7e-bf6a-4491-80ab-f5d51a97ea9d}
04-26 20:00:21.054 I/Gecko   (   83): 1398567621064	Marionette	INFO	sendToClient: {"from":"0","value":{"frame":{"ELEMENT":"{7108c89a-3ebd-47f3-b5cb-81f384c3efc4}"},"src":"app://homescreen.gaiamobile.org/index.html#rootSat%20Apr%2026%202014%2020:00:19%20GMT-0700%20(UTC)","name":"Homescreen","origin":"app://homescreen.gaiamobile.org"}}, {44989d7e-bf6a-4491-80ab-f5d51a97ea9d}, {44989d7e-bf6a-4491-80ab-f5d51a97ea9d}
04-26 20:00:21.064 E/GeckoConsole(   83): Content JS LOG at dummy file:392 in GaiaApps.displayedApp: app with origin 'app://homescreen.gaiamobile.org' is displayed
04-26 20:00:21.064 I/Gecko   (   83): 1398567621082	Marionette	DEBUG	Got request: switchToFrame, data: {"to":"0","sessionId":"3-b2g","name":"switchToFrame","parameters":{"focus":true,"element":"{7108c89a-3ebd-47f3-b5cb-81f384c3efc4}"}}, id: {b444d10d-ed74-4852-910a-a3f2eff120a3}
04-26 20:00:21.084 I/Gecko   (   83): 1398567621098	Marionette	INFO	Switched to frame: {"frameValue":"{7108c89a-3ebd-47f3-b5cb-81f384c3efc4}"}
04-26 20:00:21.094 I/Gecko   (   83): 1398567621109	Marionette	INFO	trying remote frame 0
04-26 20:00:21.104 I/Gecko   (   83): 1398567621119	Marionette	INFO	trying remote frame 1
04-26 20:00:21.354 I/Gecko   (   83): 1398567621365	Marionette	INFO	sendToClient: {"from":"0","ok":true}, {b444d10d-ed74-4852-910a-a3f2eff120a3}, {b444d10d-ed74-4852-910a-a3f2eff120a3}
04-26 20:00:21.364 I/Gecko   (   83): 1398567621383	Marionette	DEBUG	Got request: execute, data: {"to":"0","sessionId":"3-b2g","name":"executeScript","parameters":{"specialPowers":false,"scriptTimeout":null,"newSandbox":true,"args":[],"filename":"gaia_test.py","script":"return window.wrappedJSObject.GridManager.pageHelper.getCurrentPageNumber();","line":784}}, id: {322b684d-b76f-448d-969d-3ab41f8b48fc}
04-26 20:00:21.544 I/Gecko   (   83): 1398567621559	Marionette	INFO	sendToClient: {"from":"0","value":0}, {322b684d-b76f-448d-969d-3ab41f8b48fc}, {322b684d-b76f-448d-969d-3ab41f8b48fc}
04-26 20:00:21.704 W/WifiHW  (   83): wifi_command: SIGNAL_POLL
04-26 20:00:22.274 I/Gecko   (   83): 1398567622284	Marionette	INFO	sendToClient: {"from":"0","value":["{243c4498-4c16-40a7-95f2-79375e16eea4}","{9d1a17b0-aed5-425f-ac73-bec5420c5fd8}","{98a8a4b7-56a6-461e-9c32-4917f11c67a6}","{07825b6c-2e58-46ac-8b53-97b05d676f70}","{d2b5a5d0-7846-471b-add6-2aae81057fee}","{31c6d188-44c4-4567-8faa-a55b334b7e93}","{89304f57-aac8-415f-83db-5635ce08f60f}","{de377035-c4e7-4c1d-8cd7-4d340b64b775}","{84844850-b453-4b54-aae6-dc99bc9ec87a}","{e4445a1f-c7d9-47e4-8413-09589d78c3dc}","{b5cbb77d-ad25-4e31-a25b-5d2cdffde3ff}","{7adabbf1-de9c-49ce-b20b-4d2d3ccbd18a}","{1612a1c9-454c-46a0-9775-d974a566a96c}","{aa2142bc-2c3b-464f-be9a-02c1f20fe501}","{5f89948c-0d79-4b60-ac4f-d9b77c421763}","{8f4789c3-45a4-407f-adbe-95638c63aa2c}","{a8c84f9c-f423-46a7-af1a-9deb4a0492fb}","{a8b04f76-a99c-40e4-bfe4-b15e03efbdb5}","{0249a226-dc2f-4aab-9e81-4317b5eaeab4}","{6b45e0a0-7fb6-434a-b488-d29f38c9727f}","{863a6587-868c-4f72-9432-10d7bcfe1e33}","{104b60e9-ac53-4425-a84d-607b941b1724}","{a470395d-41ad-4f7d-ae62-e2bf8e28d566}","{bd582b0b-6b06
04-26 20:00:23.024 I/Gecko   (   83): 1398567623043	Marionette	INFO	sendToClient: {"from":"0","value":"app://homescreen.gaiamobile.org/index.html#rootSat%20Apr%2026%202014%2020:00:19%20GMT-0700%20(UTC)"}, {b5c4011f-7031-4a9d-8398-31a8a733773e}, {b5c4011f-7031-4a9d-8398-31a8a733773e}
04-26 20:00:23.044 I/Gecko   (   83): 1398567623056	Marionette	DEBUG	Got request: switchToFrame, data: {"to":"0","sessionId":"3-b2g","name":"switchToFrame","parameters":{"id":null,"focus":true}}, id: {68c2ed38-8c34-4829-93d5-0fbb89f5de12}
04-26 20:00:23.114 I/Gecko   (   83): 1398567623128	Marionette	INFO	Switched to frame: {"frameValue":null}
04-26 20:00:23.324 I/Gecko   (   83): 1398567623342	Marionette	INFO	sendToClient: {"from":"0","ok":true}, {68c2ed38-8c34-4829-93d5-0fbb89f5de12}, {68c2ed38-8c34-4829-93d5-0fbb89f5de12}
04-26 20:00:23.344 I/Gecko   (   83): 1398567623362	Marionette	DEBUG	Got request: switchToFrame, data: {"to":"0","sessionId":"3-b2g","name":"switchToFrame","parameters":{"id":null,"focus":true}}, id: {3c01c8e7-7827-47c0-a696-0ef69df07d75}
04-26 20:00:23.354 I/Gecko   (   83): 1398567623372	Marionette	INFO	Switched to frame: {"frameValue":null}
04-26 20:00:23.674 I/Gecko   (   83): 1398567623690	Marionette	INFO	sendToClient: {"from":"0","ok":true}, {3c01c8e7-7827-47c0-a696-0ef69df07d75}, {3c01c8e7-7827-47c0-a696-0ef69df07d75}
04-26 20:00:23.754 I/Gecko   (   83): 1398567623772	Marionette	DEBUG	Got request: executeWithCallback, data: {"to":"0","sessionId":"3-b2g","name":"executeAsyncScript","parameters":{"specialPowers":false,"scriptTimeout":30000,"newSandbox":true,"args":[],"filename":"app_checker.py","script":"GaiaApps.launchWithManifestURL('https://marketplace.firefox.com/app/b8736d4c-689a-434f-9a93-d1d15d2bc5a7/manifest.webapp')","line":106}}, id: {f10051ba-cf0f-4e99-afe1-cbaf736f58b8}
04-26 20:00:24.024 I/Gonk    (   83): Setting nice for pid 1779 to 18
04-26 20:00:24.024 I/Gonk    (   83): Changed nice for pid 1779 from 0 to 18.
04-26 20:00:24.024 I/Gecko   (   83): [Parent 83] WARNING: waitpid failed pid:1779 errno:10: file ../../../gecko/ipc/chromium/src/base/process_util_posix.cc, line 254
04-26 20:00:24.044 I/Gonk    (   83): Setting nice for pid 1779 to 1
04-26 20:00:24.044 I/Gonk    (   83): Changed nice for pid 1779 from 18 to 1.
04-26 20:00:24.074 E/GeckoConsole(   83): Content JS LOG at dummy file:334 in GaiaApps.launch: launching app with name 'Roundball'
04-26 20:00:24.504 D/Sensors (   83): activate handle=0; drv=0
04-26 20:00:24.504 D/Sensors (   83): Lis3dhSensor: Control set 1
04-26 20:00:24.504 D/Sensors (   83): Lis3dhSensor: mEnabled = 1
04-26 20:00:24.634 E/[Gralloc-ERROR](   83): int gralloc_register_buffer(const gralloc_module_t*, const native_handle_t*):79 Unable to register handle 0x44b52650 coming from different process: 83
04-26 20:00:24.644 E/[Gralloc-ERROR](   83): int gralloc_register_buffer(const gralloc_module_t*, const native_handle_t*):79 Unable to register handle 0x44b526f0 coming from different process: 83
04-26 20:00:24.644 E/[Gralloc-ERROR](   83): int gralloc_register_buffer(const gralloc_module_t*, const native_handle_t*):79 Unable to register handle 0x44b52790 coming from different process: 83
04-26 20:00:24.644 E/[Gralloc-ERROR](   83): int gralloc_register_buffer(const gralloc_module_t*, const native_handle_t*):79 Unable to register handle 0x44b52830 coming from different process: 83
04-26 20:00:24.694 I/Gonk    (   83): Setting nice for pid 1758 to 18
04-26 20:00:24.694 I/Gonk    (   83): Changed nice for pid 1758 from 1 to 18.
04-26 20:00:25.054 I/Gecko   (   83): 
04-26 20:00:25.054 I/Gecko   (   83): ###!!! [Parent][MessageChannel] Error: Channel error: cannot send/recv
04-26 20:00:25.054 I/Gecko   (   83): 
04-26 20:00:25.104 I/GeckoDump(   83): Crash reporter : Can't fetch app.reportCrashes. Exception: [Exception... "Component returned failure code: 0x8000ffff (NS_ERROR_UNEXPECTED) [nsIPrefBranch.getBoolPref]"  nsresult: "0x8000ffff (NS_ERROR_UNEXPECTED)"  location: "JS frame :: chrome://browser/content/shell.js :: shell_reportCrash :: line 7"  data: no]
04-26 20:00:25.124 I/Gecko   (   83): [Parent 83] WARNING: waitpid failed pid:1758 errno:10: file ../../../gecko/ipc/chromium/src/base/process_util_posix.cc, line 254
04-26 20:00:26.334 I/Gonk    (   83): Setting nice for pid 1843 to 18
04-26 20:00:26.334 I/Gonk    (   83): Changed nice for pid 1843 from 0 to 18.
04-26 20:00:26.474 I/Gonk    (   83): Setting nice for pid 1843 to 18
04-26 20:00:26.474 I/Gonk    (   83): Changed nice for pid 1843 from 18 to 18.
04-26 20:00:26.474 I/Gecko   (   83): [Parent 83] WARNING: waitpid failed pid:1843 errno:10: file ../../../gecko/ipc/chromium/src/base/process_util_posix.cc, line 254
04-26 20:00:26.504 E/GeckoConsole(   83): Content JS LOG at dummy file:326 in GaiaApps.launch/appOpen/<: app with origin 'app://{81ae0b34-f7ff-4643-b439-878d56b25e0e}' has launched
04-26 20:00:26.504 I/Gecko   (   83): 1398567626516	Marionette	INFO	sendToClient: {"from":"0","value":{"frame":{"ELEMENT":"{8049be11-9806-4587-8a74-ee9009212b37}"},"src":"app://{81ae0b34-f7ff-4643-b439-878d56b25e0e}/index.html","name":"Roundball","origin":"app://{81ae0b34-f7ff-4643-b439-878d56b25e0e}"}}, {f10051ba-cf0f-4e99-afe1-cbaf736f58b8}, {f10051ba-cf0f-4e99-afe1-cbaf736f58b8}
04-26 20:00:26.514 E/[Gralloc-ERROR](   83): int gralloc_register_buffer(const gralloc_module_t*, const native_handle_t*):79 Unable to register handle 0x44bc76f0 coming from different process: 83
04-26 20:00:26.514 E/[Gralloc-ERROR](   83): int gralloc_register_buffer(const gralloc_module_t*, const native_handle_t*):79 Unable to register handle 0x44bc7790 coming from different process: 83
04-26 20:00:26.544 I/Gonk    (   83): Setting nice for pid 1851 to 18
04-26 20:00:26.544 I/Gonk    (   83): Changed nice for pid 1851 from 0 to 18.
04-26 20:00:26.574 E/[Gralloc-ERROR](   83): int gralloc_unregister_buffer(const gralloc_module_t*, const native_handle_t*):274 Trying to unregister buffer 0x44b52650 from process 83 that was not created in current process: 83
04-26 20:00:26.574 E/[Gralloc-ERROR](   83): int gralloc_unregister_buffer(const gralloc_module_t*, const native_handle_t*):274 Trying to unregister buffer 0x44b526f0 from process 83 that was not created in current process: 83
04-26 20:00:26.604 I/Gecko   (   83): 1398567626622	Marionette	DEBUG	Got request: switchToFrame, data: {"to":"0","sessionId":"3-b2g","name":"switchToFrame","parameters":{"focus":true,"element":"{8049be11-9806-4587-8a74-ee9009212b37}"}}, id: {3d0c4ed2-e28b-41ef-990d-810aafb4980f}
04-26 20:00:26.624 I/Gecko   (   83): 1398567626641	Marionette	INFO	Switched to frame: {"frameValue":"{8049be11-9806-4587-8a74-ee9009212b37}"}
04-26 20:00:26.634 I/Gecko   (   83): 1398567626652	Marionette	INFO	trying remote frame 0
04-26 20:00:26.654 I/Gecko   (   83): 1398567626672	Marionette	INFO	trying remote frame 1
04-26 20:00:26.664 I/Gecko   (   83): 1398567626674	Marionette	INFO	deleting frame
04-26 20:00:26.674 I/Gecko   (   83): 1398567626688	Marionette	INFO	frame-manager load script: [object ChromeMessageSender]
04-26 20:00:26.694 E/GeckoConsole( 1779): [JavaScript Warning: "Error in parsing value for 'background'.  Declaration dropped." {file: "http://www.limejs.com/static/roundball/index.html" line: 13 column: 17 source: "      background:-webkit-gradient(radial, 50% 50%, 10, 50% 50%, 850, from(#1eb1d8), to(#1b345e), color-stop(.4,#1c6aa1));"}]
04-26 20:00:26.714 W/WifiHW  (   83): wifi_command: SIGNAL_POLL
04-26 20:00:26.834 E/GeckoConsole( 1779): [JavaScript Error: "The character encoding of the HTML document was not declared. The document will render with garbled text in some browser configurations if the document contains characters from outside the US-ASCII range. The character encoding of the page must be declared in the document or in the transfer protocol." {file: "http://www.limejs.com/static/roundball/index.html" line: 0}]
04-26 20:00:27.124 I/Gecko   (   83): [Parent 83] WARNING: waitpid failed pid:1758 errno:10: file ../../../gecko/ipc/chromium/src/base/process_util_posix.cc, line 254
04-26 20:00:27.124 I/Gecko   (   83): [Parent 83] WARNING: Failed to deliver SIGKILL to 1758!(3).: file ../../../gecko/ipc/chromium/src/chrome/common/process_watcher_posix_sigchld.cc, line 118
04-26 20:00:27.134 E/[Gralloc-ERROR](   83): int gralloc_register_buffer(const gralloc_module_t*, const native_handle_t*):79 Unable to register handle 0x43cb9ce0 coming from different process: 83
04-26 20:00:27.134 E/[Gralloc-ERROR](   83): int gralloc_register_buffer(const gralloc_module_t*, const native_handle_t*):79 Unable to register handle 0x442582e0 coming from different process: 83
04-26 20:00:27.154 E/[Gralloc-ERROR](   83): int gralloc_unregister_buffer(const gralloc_module_t*, const native_handle_t*):274 Trying to unregister buffer 0x44b52830 from process 83 that was not created in current process: 83
04-26 20:00:27.154 E/[Gralloc-ERROR](   83): int gralloc_unregister_buffer(const gralloc_module_t*, const native_handle_t*):274 Trying to unregister buffer 0x44b52790 from process 83 that was not created in current process: 83
04-26 20:00:27.164 E/[Gralloc-ERROR](   83): int gralloc_unregister_buffer(const gralloc_module_t*, const native_handle_t*):274 Trying to unregister buffer 0x44bc7790 from process 83 that was not created in current process: 83
04-26 20:00:27.164 E/[Gralloc-ERROR](   83): int gralloc_unregister_buffer(const gralloc_module_t*, const native_handle_t*):274 Trying to unregister buffer 0x44bc76f0 from process 83 that was not created in current process: 83
04-26 20:00:27.464 I/Gecko   (   83): 1398567627481	Marionette	INFO	sendToClient: {"from":"0","ok":true}, {3d0c4ed2-e28b-41ef-990d-810aafb4980f}, {3d0c4ed2-e28b-41ef-990d-810aafb4980f}
04-26 20:00:27.484 I/Gonk    (   83): Setting nice for pid 1843 to 18
04-26 20:00:27.484 I/Gonk    (   83): Changed nice for pid 1843 from 18 to 18.
04-26 20:00:27.674 I/Gecko   (   83): 1398567627693	Marionette	INFO	sendToClient: {"from":"0","value":"http://www.limejs.com/static/roundball/index.html"}, {533d5c13-19ed-447e-a510-d882cbd25f05}, {533d5c13-19ed-447e-a510-d882cbd25f05}
04-26 20:00:27.684 I/Gecko   (   83): 1398567627703	Marionette	DEBUG	Got request: execute, data: {"to":"0","sessionId":"3-b2g","name":"executeScript","parameters":{"specialPowers":false,"scriptTimeout":null,"newSandbox":true,"args":[],"filename":"app_checker.py","script":"return window.document.readyState;","line":191}}, id: {3da1456a-1e67-4283-8bb3-60fb56eefcd4}
04-26 20:00:27.764 E/[Gralloc-ERROR](   83): int gralloc_register_buffer(const gralloc_module_t*, const native_handle_t*):79 Unable to register handle 0x44b87510 coming from different process: 83
04-26 20:00:27.764 E/[Gralloc-ERROR](   83): int gralloc_register_buffer(const gralloc_module_t*, const native_handle_t*):79 Unable to register handle 0x44b875b0 coming from different process: 83
04-26 20:00:27.774 E/[Gralloc-ERROR](   83): int gralloc_register_buffer(const gralloc_module_t*, const native_handle_t*):79 Unable to register handle 0x44b87830 coming from different process: 83
04-26 20:00:27.774 E/[Gralloc-ERROR](   83): int gralloc_register_buffer(const gralloc_module_t*, const native_handle_t*):79 Unable to register handle 0x44b87b00 coming from different process: 83
04-26 20:00:27.804 E/[Gralloc-ERROR](   83): int gralloc_unregister_buffer(const gralloc_module_t*, const native_handle_t*):274 Trying to unregister buffer 0x442582e0 from process 83 that was not created in current process: 83
04-26 20:00:27.804 E/[Gralloc-ERROR](   83): int gralloc_unregister_buffer(const gralloc_module_t*, const native_handle_t*):274 Trying to unregister buffer 0x43cb9ce0 from process 83 that was not created in current process: 83
04-26 20:00:27.924 I/Gecko   (   83): 
04-26 20:00:27.924 I/Gecko   (   83): ###!!! [Parent][MessageChannel] Error: Channel error: cannot send/recv
04-26 20:00:27.924 I/Gecko   (   83): 
04-26 20:00:27.954 I/GeckoDump(   83): Crash reporter : Can't fetch app.reportCrashes. Exception: [Exception... "Component returned failure code: 0x8000ffff (NS_ERROR_UNEXPECTED) [nsIPrefBranch.getBoolPref]"  nsresult: "0x8000ffff (NS_ERROR_UNEXPECTED)"  location: "JS frame :: chrome://browser/content/shell.js :: shell_reportCrash :: line 7"  data: no]
04-26 20:00:27.954 I/Gecko   (   83): [Parent 83] WARNING: waitpid failed pid:1843 errno:10: file ../../../gecko/ipc/chromium/src/base/process_util_posix.cc, line 254
04-26 20:00:28.044 E/GeckoConsole( 1779): [JavaScript Warning: "Unknown property 'box-sizing'.  Declaration dropped." {file: "http://www.limejs.com/static/roundball/index.html" line: 1 column: 410 source: ".lime-director {position:absolute; -webkit-transform-origin: 0 0; -moz-transform-origin: 0 0; -o-transform-origin: 0 0; image-rendering:  optimizeSpeed; overflow: hidden;}.lime-director div, .lime-director img, .lime-director canvas {-webkit-transform-origin: 0 0; -moz-transform-origin: 0 0; -o-transform-origin: 0 0; position: absolute; -moz-box-sizing: border-box; -webkit-box-sizing: border-box; box-sizing: border-box; -moz-user-select: none; -webkit-user-select: none; -webkit-user-drag: none;}.lime-scene {position:absolute; width:100%; height:100%; left: 0px; top: 0px; overflow: hidden; -moz-box-sizing: border-box; -webkit-box-sizing: border-box; box-sizing: border-box;}.lime-fps {float: left; background: #333; color: #fff; position: absolute; top:0px; left: 0px; padding:2px 4px;}div.lime-layer {position: absolute; left: 0px; top: 0px; width:0px
04-26 20:00:28.044 E/GeckoConsole( 1779): [JavaScript Warning: "Unknown property 'box-sizing'.  Declaration dropped." {file: "http://www.limejs.com/static/roundball/index.html" line: 1 column: 667 source: ".lime-director {position:absolute; -webkit-transform-origin: 0 0; -moz-transform-origin: 0 0; -o-transform-origin: 0 0; image-rendering:  optimizeSpeed; overflow: hidden;}.lime-director div, .lime-director img, .lime-director canvas {-webkit-transform-origin: 0 0; -moz-transform-origin: 0 0; -o-transform-origin: 0 0; position: absolute; -moz-box-sizing: border-box; -webkit-box-sizing: border-box; box-sizing: border-box; -moz-user-select: none; -webkit-user-select: none; -webkit-user-drag: none;}.lime-scene {position:absolute; width:100%; height:100%; left: 0px; top: 0px; overflow: hidden; -moz-box-sizing: border-box; -webkit-box-sizing: border-box; box-sizing: border-box;}.lime-fps {float: left; background: #333; color: #fff; position: absolute; top:0px; left: 0px; padding:2px 4px;}div.lime-layer {position: absolute; left: 0px; top: 0px; width:0px
04-26 20:00:28.164 E/[Gralloc-ERROR](   83): int gralloc_unregister_buffer(const gralloc_module_t*, const native_handle_t*):274 Trying to unregister buffer 0x44b87b00 from process 83 that was not created in current process: 83
04-26 20:00:28.164 E/[Gralloc-ERROR](   83): int gralloc_unregister_buffer(const gralloc_module_t*, const native_handle_t*):274 Trying to unregister buffer 0x44b87830 from process 83 that was not created in current process: 83
04-26 20:00:28.854 I/Gecko   (   83): 1398567628869	Marionette	INFO	sendToClient: {"from":"0","value":"interactive"}, {3da1456a-1e67-4283-8bb3-60fb56eefcd4}, {3da1456a-1e67-4283-8bb3-60fb56eefcd4}
04-26 20:00:28.964 I/Gecko   (   83): 1398567628978	Marionette	DEBUG	Got request: execute, data: {"to":"0","sessionId":"3-b2g","name":"executeScript","parameters":{"specialPowers":false,"scriptTimeout":null,"newSandbox":true,"args":[],"filename":"app_checker.py","script":"return window.document.readyState;","line":191}}, id: {59212657-e9d6-41a1-983d-280f9e3167e0}
04-26 20:00:29.684 I/Gecko   (   83): 1398567629701	Marionette	INFO	sendToClient: {"from":"0","value":"interactive"}, {59212657-e9d6-41a1-983d-280f9e3167e0}, {59212657-e9d6-41a1-983d-280f9e3167e0}
04-26 20:00:29.794 I/Gecko   (   83): 1398567629809	Marionette	DEBUG	Got request: execute, data: {"to":"0","sessionId":"3-b2g","name":"executeScript","parameters":{"specialPowers":false,"scriptTimeout":null,"newSandbox":true,"args":[],"filename":"app_checker.py","script":"return window.document.readyState;","line":191}}, id: {43320dff-f6ce-4edd-96f2-ef8e81d5e9cc}
04-26 20:00:30.024 I/Gecko   (   83): [Parent 83] WARNING: waitpid failed pid:1843 errno:10: file ../../../gecko/ipc/chromium/src/base/process_util_posix.cc, line 254
04-26 20:00:30.024 I/Gecko   (   83): [Parent 83] WARNING: Failed to deliver SIGKILL to 1843!(3).: file ../../../gecko/ipc/chromium/src/chrome/common/process_watcher_posix_sigchld.cc, line 118
04-26 20:00:31.224 E/GeckoConsole(   83): Offline cache doesn't need to update, URL=http://www.limejs.com/static/roundball/roundball.manifest
04-26 20:00:31.384 I/Gecko   (   83): 1398567631399	Marionette	INFO	sendToClient: {"from":"0","value":"complete"}, {43320dff-f6ce-4edd-96f2-ef8e81d5e9cc}, {43320dff-f6ce-4edd-96f2-ef8e81d5e9cc}
04-26 20:00:31.464 I/Gecko   (   83): 1398567631483	Marionette	INFO	sendToClient: {"from":"0","value":"http://www.limejs.com/static/roundball/index.html"}, {9d5945a8-46ad-4dd8-a4ff-486b728b5c82}, {9d5945a8-46ad-4dd8-a4ff-486b728b5c82}
04-26 20:00:31.494 I/Gecko   ( 1779): Attempting load of libEGL.so
04-26 20:00:31.614 D/libEGL  ( 1779): loaded /system/lib/egl/libEGL_mali.so
04-26 20:00:31.634 D/libEGL  ( 1779): loaded /system/lib/egl/libGLESv1_CM_mali.so
04-26 20:00:31.644 D/libEGL  ( 1779): loaded /system/lib/egl/libGLESv2_mali.so
04-26 20:00:31.674 I/Gecko   ( 1779): SharedSurface_Gralloc::Create -------
04-26 20:00:31.734 W/WifiHW  (   83): wifi_command: SIGNAL_POLL
04-26 20:00:31.754 I/Gecko   ( 1779): SharedSurface_Gralloc::Create: success -- surface 0x442baf80, GraphicBuffer 0x43e64880.
04-26 20:00:33.884 I/Gecko   (   83): 1398567633870	Marionette	INFO	sendToClient: {"from":"0","value":"iVBORw0KGgoAAAANSUhEUgAAAUAAAAHgCAYAAADUjLREAAAgAElEQVR4nOzd91/X9f7/cf+G7+ec6iRLZKOIOHHiBAHZe++99957vFlv9t4ICrhym2ZWlg0ry/awzJaVmqaJt+8PmI0j8t5QBy+X+0UujfOmgut53B/P5+vNvPnLvZjLXOYyl//FzJvpT2Auc5nLXGYqcwDORcJ4i5YVUkbU15nxfx9z+TtmDsC5/CVyQGymMgflXKbJHID/c5EHbj4zFHkgOdP/feaiyMwB+I+NtNBJiNJKOUdRWM7B+D+ROQD/EZEEOnlj5ivjyBtNSWCc6f/uc5E2cwD+7SIudtICJ2vIFB1pgZxD8Z+cOQBnfUTFTlLopARm1QxHnkBKA+MciH+LzAE46yIFeLJCbkpw/P4mkRWW4sA4B+LfMXMAznhEAU8O2MkTt9VyijyRVDSKcyDOiswBOCOZDj1RwRMXOlli5j/LIks0xYVRShDnMJyxzAGokCgAPEmhmxHYAqbIDEApFxjnQPy7ZA5AuUVM9MSd7sTBTibITYXWgxgrONN9PgrDUdRJcToQ5zCcicwBKNOIgZ44E544053E0M0waAoHU0IYZTIlTjchzmGoqMwBKHUeh56EU56o4ImNnayQC5ylUSSOoqIoAYiiTIdzGMokcwBKHHmhJwp48oRODHDWzJLIC0mxYRQDRJljONPfD3/PzAEoVqaa9iRAT2bgSQKdrGELmqHIGkpJYJQniGJiODcVip05AKeNiBVXFlOezMGTBrmZQm2GsJQGRpmBKMZ0OFeRZZI5AKeMJAcZYqInDniSYicP5NZOl2A5ZZrXlQeOUqMoKYiSToZzFVmczAH4p0hScWWNnijgiYOdtLjJCzNFRVokZYTitCDKAMO5iix25gBc7oVI8M0oejLGTpbArRM3IdNEzP89WQIpcxRnC4ZzEE6V/3EAp6
04-26 20:00:34.794 I/Gecko   (   83): 1398567634807	Marionette	INFO	sendToClient: {"from":"0","ok":true}, {6e2acdfb-5894-4d15-8502-3990048c85bd}, {6e2acdfb-5894-4d15-8502-3990048c85bd}
04-26 20:00:34.844 I/Gecko   (   83): 1398567634857	Marionette	DEBUG	Got request: switchToFrame, data: {"to":"0","sessionId":"3-b2g","name":"switchToFrame","parameters":{"id":null,"focus":true}}, id: {a30f447f-2082-408e-8595-1351991f6a6b}
04-26 20:00:34.874 I/Gecko   (   83): 1398567634893	Marionette	INFO	Switched to frame: {"frameValue":null}
04-26 20:00:35.014 I/Gecko   (   83): 1398567635030	Marionette	INFO	sendToClient: {"from":"0","ok":true}, {a30f447f-2082-408e-8595-1351991f6a6b}, {a30f447f-2082-408e-8595-1351991f6a6b}
04-26 20:00:35.024 I/Gecko   (   83): 1398567635038	Marionette	DEBUG	Got request: executeWithCallback, data: {"to":"0","sessionId":"3-b2g","name":"executeAsyncScript","parameters":{"specialPowers":false,"scriptTimeout":null,"newSandbox":true,"args":[],"filename":"gaia_test.py","script":"return GaiaApps.displayedApp();","line":66}}, id: {cb3ee055-5593-4b57-b0c1-5b28322483b0}
04-26 20:00:35.184 E/GeckoConsole(   83): Content JS LOG at dummy file:392 in GaiaApps.displayedApp: app with origin 'app://{81ae0b34-f7ff-4643-b439-878d56b25e0e}' is displayed
04-26 20:00:35.184 I/Gecko   (   83): 1398567635196	Marionette	INFO	sendToClient: {"from":"0","value":{"frame":{"ELEMENT":"{8049be11-9806-4587-8a74-ee9009212b37}"},"src":"app://{81ae0b34-f7ff-4643-b439-878d56b25e0e}/index.html","name":"Roundball","origin":"app://{81ae0b34-f7ff-4643-b439-878d56b25e0e}"}}, {cb3ee055-5593-4b57-b0c1-5b28322483b0}, {cb3ee055-5593-4b57-b0c1-5b28322483b0}
04-26 20:00:35.184 I/Gecko   (   83): 1398567635203	Marionette	DEBUG	Got request: switchToFrame, data: {"to":"0","sessionId":"3-b2g","name":"switchToFrame","parameters":{"id":null,"focus":true}}, id: {bb0414df-6901-42e7-a14d-205389458db5}
04-26 20:00:35.194 I/Gecko   (   83): 1398567635207	Marionette	INFO	Switched to frame: {"frameValue":null}
04-26 20:00:35.294 I/Gecko   (   83): 1398567635310	Marionette	INFO	sendToClient: {"from":"0","ok":true}, {bb0414df-6901-42e7-a14d-205389458db5}, {bb0414df-6901-42e7-a14d-205389458db5}
04-26 20:00:35.304 I/Gecko   (   83): 1398567635317	Marionette	DEBUG	Got request: execute, data: {"to":"0","sessionId":"3-b2g","name":"executeScript","parameters":{"specialPowers":false,"scriptTimeout":null,"newSandbox":true,"args":[],"filename":"gaia_test.py","script":"window.wrappedJSObject.dispatchEvent(new Event('home'));","line":788}}, id: {4d475580-99d9-4f7e-9c3d-2f2b1a8903aa}
04-26 20:00:35.514 I/Gonk    (   83): Setting nice for pid 1851 to 18
04-26 20:00:35.524 I/Gonk    (   83): Changed nice for pid 1851 from 18 to 18.
04-26 20:00:35.524 I/Gecko   (   83): [Parent 83] WARNING: waitpid failed pid:1851 errno:10: file ../../../gecko/ipc/chromium/src/base/process_util_posix.cc, line 254
04-26 20:00:35.534 I/Gonk    (   83): Setting nice for pid 1851 to 1
04-26 20:00:35.534 I/Gonk    (   83): Changed nice for pid 1851 from 18 to 1.
04-26 20:00:35.564 D/Sensors (   83): activate handle=0; drv=0
04-26 20:00:35.574 D/Sensors (   83): Lis3dhSensor: Control set 0
04-26 20:00:35.574 D/Sensors (   83): Lis3dhSensor: mEnabled = 0
04-26 20:00:35.924 I/Gecko   (   83): 1398567635938	Marionette	INFO	sendToClient: {"from":"0","value":null}, {4d475580-99d9-4f7e-9c3d-2f2b1a8903aa}, {4d475580-99d9-4f7e-9c3d-2f2b1a8903aa}
04-26 20:00:36.024 E/[Gralloc-ERROR](   83): int gralloc_register_buffer(const gralloc_module_t*, const native_handle_t*):79 Unable to register handle 0x44258c40 coming from different process: 83
04-26 20:00:36.054 E/[Gralloc-ERROR](   83): int gralloc_register_buffer(const gralloc_module_t*, const native_handle_t*):79 Unable to register handle 0x44258ce0 coming from different process: 83
04-26 20:00:36.144 E/[Gralloc-ERROR](   83): int gralloc_unregister_buffer(const gralloc_module_t*, const native_handle_t*):274 Trying to unregister buffer 0x44b875b0 from process 83 that was not created in current process: 83
04-26 20:00:36.164 E/[Gralloc-ERROR](   83): int gralloc_unregister_buffer(const gralloc_module_t*, const native_handle_t*):274 Trying to unregister buffer 0x44b87510 from process 83 that was not created in current process: 83
04-26 20:00:36.164 I/Gecko   (   83): 1398567636182	Marionette	DEBUG	Got request: switchToFrame, data: {"to":"0","sessionId":"3-b2g","name":"switchToFrame","parameters":{"id":null,"focus":true}}, id: {f9989206-9f3c-4cf1-84d2-6b9650209f80}
04-26 20:00:36.194 I/Gecko   (   83): 1398567636205	Marionette	INFO	Switched to frame: {"frameValue":null}
04-26 20:00:36.304 I/Gecko   (   83): 1398567636318	Marionette	INFO	sendToClient: {"from":"0","ok":true}, {f9989206-9f3c-4cf1-84d2-6b9650209f80}, {f9989206-9f3c-4cf1-84d2-6b9650209f80}
04-26 20:00:37.374 W/WifiHW  (   83): wifi_command: SIGNAL_POLL
04-26 20:00:37.984 I/Gecko   (   83): 1398567637999	Marionette	DEBUG	Got request: executeWithCallback, data: {"to":"0","sessionId":"3-b2g","name":"executeAsyncScript","parameters":{"specialPowers":false,"scriptTimeout":null,"newSandbox":true,"args":[],"filename":"gaia_test.py","script":"return GaiaApps.displayedApp();","line":66}}, id: {b9255f83-a610-4018-b7dc-7b411397bd36}
04-26 20:00:38.094 I/Gonk    (   83): Setting nice for pid 1779 to 18
04-26 20:00:38.094 I/Gonk    (   83): Changed nice for pid 1779 from 1 to 18.
04-26 20:00:38.094 E/[Gralloc-ERROR](   83): int gralloc_unregister_buffer(const gralloc_module_t*, const native_handle_t*):274 Trying to unregister buffer 0x44258ce0 from process 83 that was not created in current process: 83
04-26 20:00:38.094 E/[Gralloc-ERROR](   83): int gralloc_unregister_buffer(const gralloc_module_t*, const native_handle_t*):274 Trying to unregister buffer 0x44258c40 from process 83 that was not created in current process: 83
04-26 20:00:38.294 E/GeckoConsole(   83): Content JS LOG at dummy file:392 in GaiaApps.displayedApp: app with origin 'app://homescreen.gaiamobile.org' is displayed
04-26 20:00:38.294 I/Gecko   (   83): 1398567638311	Marionette	INFO	sendToClient: {"from":"0","value":{"frame":{"ELEMENT":"{871b4754-f80e-4f1d-aa46-afcf79a20743}"},"src":"app://homescreen.gaiamobile.org/index.html#root","name":"Homescreen","origin":"app://homescreen.gaiamobile.org"}}, {b9255f83-a610-4018-b7dc-7b411397bd36}, {b9255f83-a610-4018-b7dc-7b411397bd36}
04-26 20:00:38.334 I/Gecko   (   83): 1398567638353	Marionette	DEBUG	Got request: switchToFrame, data: {"to":"0","sessionId":"3-b2g","name":"switchToFrame","parameters":{"id":null,"focus":true}}, id: {2a13bb93-634f-4308-9e9c-38aa9cd5f42e}
04-26 20:00:38.354 I/Gecko   (   83): 1398567638366	Marionette	INFO	Switched to frame: {"frameValue":null}
04-26 20:00:38.474 I/Gecko   (   83): 1398567638492	Marionette	INFO	sendToClient: {"from":"0","ok":true}, {2a13bb93-634f-4308-9e9c-38aa9cd5f42e}, {2a13bb93-634f-4308-9e9c-38aa9cd5f42e}
04-26 20:00:38.504 I/Gecko   (   83): 1398567638523	Marionette	DEBUG	Got request: switchToFrame, data: {"to":"0","sessionId":"3-b2g","name":"switchToFrame","parameters":{"id":null,"focus":true}}, id: {e8f7ae94-d4a9-4dc8-84a4-44cb8e210649}
04-26 20:00:38.514 I/Gecko   (   83): 1398567638525	Marionette	INFO	Switched to frame: {"frameValue":null}
04-26 20:00:38.614 I/Gecko   (   83): 1398567638628	Marionette	INFO	sendToClient: {"from":"0","ok":true}, {e8f7ae94-d4a9-4dc8-84a4-44cb8e210649}, {e8f7ae94-d4a9-4dc8-84a4-44cb8e210649}
04-26 20:00:38.624 I/Gecko   (   83): 1398567638640	Marionette	DEBUG	Got request: executeWithCallback, data: {"to":"0","sessionId":"3-b2g","name":"executeAsyncScript","parameters":{"specialPowers":false,"scriptTimeout":null,"newSandbox":true,"args":[],"filename":"gaia_test.py","script":"return GaiaApps.displayedApp();","line":66}}, id: {a834fa7f-c281-4852-b946-431295041a70}
04-26 20:00:38.724 I/Gecko   (   83): 1398567638740	Marionette	INFO	sendToClient: {"from":"0","value":{"frame":{"ELEMENT":"{871b4754-f80e-4f1d-aa46-afcf79a20743}"},"src":"app://homescreen.gaiamobile.org/index.html#root","name":"Homescreen","origin":"app://homescreen.gaiamobile.org"}}, {a834fa7f-c281-4852-b946-431295041a70}, {a834fa7f-c281-4852-b946-431295041a70}
04-26 20:00:38.744 E/GeckoConsole(   83): Content JS LOG at dummy file:392 in GaiaApps.displayedApp: app with origin 'app://homescreen.gaiamobile.org' is displayed
04-26 20:00:38.954 I/Gecko   (   83): 1398567638969	Marionette	DEBUG	Got request: switchToFrame, data: {"to":"0","sessionId":"3-b2g","name":"switchToFrame","parameters":{"focus":true,"element":"{871b4754-f80e-4f1d-aa46-afcf79a20743}"}}, id: {66a56ec7-5335-4819-a628-91d587db9e02}
04-26 20:00:38.984 I/Gecko   (   83): 1398567638999	Marionette	INFO	Switched to frame: {"frameValue":"{871b4754-f80e-4f1d-aa46-afcf79a20743}"}
04-26 20:00:38.994 I/Gecko   (   83): 1398567639007	Marionette	INFO	trying remote frame 0
04-26 20:00:38.994 I/Gecko   (   83): 1398567639008	Marionette	INFO	trying remote frame 1
04-26 20:00:39.004 I/Gecko   (   83): 1398567639014	Marionette	INFO	deleting frame
04-26 20:00:39.004 I/Gecko   (   83): 1398567639020	Marionette	INFO	frame-manager load script: [object ChromeMessageSender]
04-26 20:00:39.314 I/Gecko   ( 1851): ###################################### forms.js loaded
04-26 20:00:39.374 I/Gecko   ( 1851): ############################### browserElementPanning.js loaded
04-26 20:00:39.394 I/Gecko   ( 1851): ######################## BrowserElementChildPreload.js loaded
04-26 20:00:40.034 I/Gecko   (   83): 
04-26 20:00:40.034 I/Gecko   (   83): ###!!! [Parent][MessageChannel] Error: Channel error: cannot send/recv
04-26 20:00:40.034 I/Gecko   (   83): 
04-26 20:00:40.144 I/GeckoDump(   83): Crash reporter : Can't fetch app.reportCrashes. Exception: [Exception... "Component returned failure code: 0x8000ffff (NS_ERROR_UNEXPECTED) [nsIPrefBranch.getBoolPref]"  nsresult: "0x8000ffff (NS_ERROR_UNEXPECTED)"  location: "JS frame :: chrome://browser/content/shell.js :: shell_reportCrash :: line 7"  data: no]
04-26 20:00:40.144 I/Gecko   (   83): [Parent 83] WARNING: waitpid failed pid:1779 errno:10: file ../../../gecko/ipc/chromium/src/base/process_util_posix.cc, line 254
04-26 20:00:40.464 I/Gecko   (   83): 1398567640477	Marionette	INFO	sendToClient: {"from":"0","ok":true}, {66a56ec7-5335-4819-a628-91d587db9e02}, {66a56ec7-5335-4819-a628-91d587db9e02}
04-26 20:00:40.604 I/Gonk    (   83): Setting nice for pid 1875 to 18
04-26 20:00:40.604 I/Gonk    (   83): Changed nice for pid 1875 from 0 to 18.
04-26 20:00:40.854 I/Gecko   (   83): 1398567640871	Marionette	INFO	sendToClient: {"from":"0","value":"app://homescreen.gaiamobile.org/index.html#root"}, {e8058361-0624-4350-bcfe-4ea2bbe2dd1d}, {e8058361-0624-4350-bcfe-4ea2bbe2dd1d}
04-26 20:00:40.864 I/Gecko   (   83): 1398567640877	Marionette	DEBUG	Got request: switchToFrame, data: {"to":"0","sessionId":"3-b2g","name":"switchToFrame","parameters":{"id":null,"focus":true}}, id: {5ef99ced-9c0f-493f-b718-7e6ed032d745}
04-26 20:00:40.884 I/Gecko   (   83): 1398567640897	Marionette	INFO	Switched to frame: {"frameValue":null}
04-26 20:00:40.994 I/Gecko   (   83): 1398567641004	Marionette	INFO	sendToClient: {"from":"0","ok":true}, {5ef99ced-9c0f-493f-b718-7e6ed032d745}, {5ef99ced-9c0f-493f-b718-7e6ed032d745}
04-26 20:00:41.004 I/Gecko   (   83): 1398567641022	Marionette	DEBUG	Got request: switchToFrame, data: {"to":"0","sessionId":"3-b2g","name":"switchToFrame","parameters":{"id":null,"focus":true}}, id: {8d11a84f-5c06-4bef-a9dc-b68ae1a8b973}
04-26 20:00:41.014 I/Gecko   (   83): 1398567641024	Marionette	INFO	Switched to frame: {"frameValue":null}
04-26 20:00:41.154 I/Gecko   (   83): 1398567641166	Marionette	INFO	sendToClient: {"from":"0","ok":true}, {8d11a84f-5c06-4bef-a9dc-b68ae1a8b973}, {8d11a84f-5c06-4bef-a9dc-b68ae1a8b973}
04-26 20:00:41.154 I/Gecko   (   83): 1398567641172	Marionette	DEBUG	Got request: executeWithCallback, data: {"to":"0","sessionId":"3-b2g","name":"executeAsyncScript","parameters":{"specialPowers":false,"scriptTimeout":null,"newSandbox":true,"args":[],"filename":"gaia_test.py","script":"GaiaApps.killAll()","line":91}}, id: {e6bed7c8-36cf-477b-b7b0-7eb9eb0a307e}
04-26 20:00:41.234 I/Gecko   (   83): 1398567641252	Marionette	INFO	sendToClient: {"from":"0","value":true}, {e6bed7c8-36cf-477b-b7b0-7eb9eb0a307e}, {e6bed7c8-36cf-477b-b7b0-7eb9eb0a307e}
04-26 20:00:41.244 I/Gecko   (   83): 1398567641258	Marionette	DEBUG	Got request: switchToFrame, data: {"to":"0","sessionId":"3-b2g","name":"switchToFrame","parameters":{"id":null,"focus":true}}, id: {20ba8005-92bd-41f6-90d9-704bd9390f1a}
04-26 20:00:41.254 I/Gecko   (   83): 1398567641269	Marionette	INFO	Switched to frame: {"frameValue":null}
04-26 20:00:41.354 I/Gecko   (   83): 1398567641371	Marionette	INFO	sendToClient: {"from":"0","ok":true}, {20ba8005-92bd-41f6-90d9-704bd9390f1a}, {20ba8005-92bd-41f6-90d9-704bd9390f1a}
04-26 20:00:41.374 I/Gecko   (   83): 1398567641388	Marionette	DEBUG	Got request: executeWithCallback, data: {"to":"0","sessionId":"3-b2g","name":"executeAsyncScript","parameters":{"specialPowers":false,"scriptTimeout":60000,"newSandbox":true,"args":[],"filename":"app_checker.py","script":"\n        GaiaApps.locateWithManifestURL('https://marketplace.firefox.com/app/b8736d4c-689a-434f-9a93-d1d15d2bc5a7/manifest.webapp',\n                                       null,\n                                       function uninstall(app) {\n                                       navigator.mozApps.mgmt.uninstall(app);\n                                       marionetteScriptFinished(true);\n                                       });\n        ","line":129}}, id: {196bad86-60a0-4e5b-b048-8ca2dce66c7c}
04-26 20:00:41.424 I/Gecko   (   83): -- webapps.js uninstall https://marketplace.firefox.com/app/b8736d4c-689a-434f-9a93-d1d15d2bc5a7/manifest.webapp
04-26 20:00:41.904 I/Gecko   (   83): 1398567641917	Marionette	INFO	sendToClient: {"from":"0","value":true}, {196bad86-60a0-4e5b-b048-8ca2dce66c7c}, {196bad86-60a0-4e5b-b048-8ca2dce66c7c}
04-26 20:00:42.144 I/Gecko   (   83): [Parent 83] WARNING: waitpid failed pid:1779 errno:10: file ../../../gecko/ipc/chromium/src/base/process_util_posix.cc, line 254
04-26 20:00:42.144 I/Gecko   (   83): [Parent 83] WARNING: Failed to deliver SIGKILL to 1779!(3).: file ../../../gecko/ipc/chromium/src/chrome/common/process_watcher_posix_sigchld.cc, line 118