--------- beginning of /dev/log/main
04-25 22:41:58.731 I/Gecko   (   83): 1398490918742	Marionette	INFO	sendToClient: {"from":"0","ok":true}, {ad7cee33-1863-46d2-b921-8eaf93da2cdd}, {ad7cee33-1863-46d2-b921-8eaf93da2cdd}
04-25 22:41:58.951 I/Gonk    (   83): Setting nice for pid 2804 to 18
04-25 22:41:58.951 I/Gonk    (   83): Changed nice for pid 2804 from 0 to 18.
04-25 22:41:58.961 I/Gecko   (   83): 1398490918969	Marionette	DEBUG	Got request: switchToFrame, data: {"to":"0","sessionId":"3-b2g","name":"switchToFrame","parameters":{"id":null,"focus":true}}, id: {ef853695-80d0-4c07-82a0-d3cccde6cc3b}
04-25 22:41:58.981 I/Gecko   (   83): 1398490918985	Marionette	INFO	Switched to frame: {"frameValue":null}
04-25 22:41:59.081 I/Gecko   (   83): 1398490919088	Marionette	INFO	sendToClient: {"from":"0","ok":true}, {ef853695-80d0-4c07-82a0-d3cccde6cc3b}, {ef853695-80d0-4c07-82a0-d3cccde6cc3b}
04-25 22:41:59.091 I/Gecko   (   83): 1398490919095	Marionette	DEBUG	Got request: executeWithCallback, data: {"to":"0","sessionId":"3-b2g","name":"executeAsyncScript","parameters":{"specialPowers":false,"scriptTimeout":null,"newSandbox":true,"args":[],"filename":"gaia_test.py","script":"return GaiaApps.displayedApp();","line":66}}, id: {efaeba5c-c8c7-4c8e-9774-405fbcb332ab}
04-25 22:41:59.171 I/Gecko   (   83): 1398490919174	Marionette	INFO	sendToClient: {"from":"0","value":{"frame":{"ELEMENT":"{69db1734-2751-47fa-b847-8a2921f6ad99}"},"src":"app://homescreen.gaiamobile.org/index.html#root","name":"Homescreen","origin":"app://homescreen.gaiamobile.org"}}, {efaeba5c-c8c7-4c8e-9774-405fbcb332ab}, {efaeba5c-c8c7-4c8e-9774-405fbcb332ab}
04-25 22:41:59.181 E/GeckoConsole(   83): Content JS LOG at dummy file:392 in GaiaApps.displayedApp: app with origin 'app://homescreen.gaiamobile.org' is displayed
04-25 22:41:59.211 I/Gecko   (   83): 1398490919214	Marionette	DEBUG	Got request: switchToFrame, data: {"to":"0","sessionId":"3-b2g","name":"switchToFrame","parameters":{"id":null,"focus":true}}, id: {477ec9e2-bec7-4b3b-8582-f29cc80a3977}
04-25 22:41:59.211 I/Gecko   (   83): 1398490919217	Marionette	INFO	Switched to frame: {"frameValue":null}
04-25 22:41:59.461 I/Gecko   (   83): 1398490919469	Marionette	INFO	sendToClient: {"from":"0","ok":true}, {477ec9e2-bec7-4b3b-8582-f29cc80a3977}, {477ec9e2-bec7-4b3b-8582-f29cc80a3977}
04-25 22:41:59.481 I/Gecko   (   83): 1398490919486	Marionette	DEBUG	Got request: switchToFrame, data: {"to":"0","sessionId":"3-b2g","name":"switchToFrame","parameters":{"id":null,"focus":true}}, id: {c9b10eda-136a-46fe-8eb8-225b20764746}
04-25 22:41:59.481 I/Gecko   (   83): 1398490919489	Marionette	INFO	Switched to frame: {"frameValue":null}
04-25 22:41:59.591 I/Gecko   (   83): 1398490919601	Marionette	INFO	sendToClient: {"from":"0","ok":true}, {c9b10eda-136a-46fe-8eb8-225b20764746}, {c9b10eda-136a-46fe-8eb8-225b20764746}
04-25 22:41:59.621 I/Gecko   (   83): 1398490919624	Marionette	DEBUG	Got request: executeWithCallback, data: {"to":"0","sessionId":"3-b2g","name":"executeAsyncScript","parameters":{"specialPowers":false,"scriptTimeout":null,"newSandbox":true,"args":[],"filename":"gaia_test.py","script":"return GaiaApps.displayedApp();","line":66}}, id: {ab326767-cb83-4ed5-ba89-9ea68b0a884d}
04-25 22:41:59.831 I/Gecko   (   83): 1398490919834	Marionette	INFO	sendToClient: {"from":"0","value":{"frame":{"ELEMENT":"{69db1734-2751-47fa-b847-8a2921f6ad99}"},"src":"app://homescreen.gaiamobile.org/index.html#root","name":"Homescreen","origin":"app://homescreen.gaiamobile.org"}}, {ab326767-cb83-4ed5-ba89-9ea68b0a884d}, {ab326767-cb83-4ed5-ba89-9ea68b0a884d}
04-25 22:41:59.831 E/GeckoConsole(   83): Content JS LOG at dummy file:392 in GaiaApps.displayedApp: app with origin 'app://homescreen.gaiamobile.org' is displayed
04-25 22:41:59.841 I/Gecko   (   83): 1398490919850	Marionette	DEBUG	Got request: switchToFrame, data: {"to":"0","sessionId":"3-b2g","name":"switchToFrame","parameters":{"focus":true,"element":"{69db1734-2751-47fa-b847-8a2921f6ad99}"}}, id: {387a605b-638f-418b-9b5f-e11d5b4d5f39}
04-25 22:41:59.851 V/AudioPolicyManagerBase(   88): startOutput() output 1, stream 1, session 13
04-25 22:41:59.861 V/AudioPolicyManagerBase(   88): changeRefCount() stream 1, count 1
04-25 22:41:59.861 V/AudioPolicyManagerBase(   88): getDeviceForStrategy() from cache strategy 0, device 2
04-25 22:41:59.861 V/AudioPolicyManagerBase(   88): getNewDevice() selected device 2
04-25 22:41:59.861 D/AudioPolicyManagerBase(   88): setOutputDevice() output 1 device 2 delayMs 0
04-25 22:41:59.861 V/AudioPolicyManagerBase(   88): setOutputDevice() setting same device 2 or null device for output 1
04-25 22:41:59.861 E/AudioPolicyManagerBase(   88): checkAndSetVolume stream=1, index=0, output=1, device=2
04-25 22:41:59.861 E/AudioPolicyManagerBase(   88): computeVolume, streamDesc=0x142bbb8
04-25 22:41:59.891 I/Gecko   (   83): 1398490919893	Marionette	INFO	Switched to frame: {"frameValue":"{69db1734-2751-47fa-b847-8a2921f6ad99}"}
04-25 22:41:59.911 W/AudioFlinger(   88): Thread AudioOut_1 cannot connect to the power manager service
04-25 22:41:59.911 V/AudioPolicyManagerBase(   88): stopOutput() output 1, stream 1, session 13
04-25 22:41:59.911 V/AudioPolicyManagerBase(   88): changeRefCount() stream 1, count 0
04-25 22:41:59.911 V/AudioPolicyManagerBase(   88): getNewDevice() selected device 0
04-25 22:41:59.911 D/AudioPolicyManagerBase(   88): setOutputDevice() output 1 device 0 delayMs 290
04-25 22:41:59.911 V/AudioPolicyManagerBase(   88): setOutputDevice() setting same device 0 or null device for output 1
04-25 22:41:59.921 V/AudioPolicyManagerBase(   88): releaseOutput() 1
04-25 22:41:59.921 I/Gecko   (   83): 1398490919933	Marionette	INFO	trying remote frame 0
04-25 22:41:59.931 I/Gecko   (   83): 1398490919934	Marionette	INFO	trying remote frame 1
04-25 22:41:59.931 I/Gecko   (   83): 1398490919935	Marionette	INFO	trying remote frame 2
04-25 22:41:59.931 I/Gecko   (   83): 1398490919938	Marionette	INFO	trying remote frame 3
04-25 22:41:59.931 I/Gecko   (   83): 1398490919939	Marionette	INFO	trying remote frame 4
04-25 22:41:59.931 I/Gecko   (   83): 1398490919940	Marionette	INFO	trying remote frame 5
04-25 22:41:59.941 I/Gecko   (   83): 1398490919945	Marionette	INFO	trying remote frame 6
04-25 22:41:59.941 I/Gecko   (   83): 1398490919947	Marionette	INFO	deleting frame
04-25 22:41:59.961 I/Gecko   (   83): 1398490919964	Marionette	INFO	frame-manager load script: [object ChromeMessageSender]
04-25 22:42:00.341 I/Gecko   (   83): 1398490920352	Marionette	INFO	sendToClient: {"from":"0","ok":true}, {387a605b-638f-418b-9b5f-e11d5b4d5f39}, {387a605b-638f-418b-9b5f-e11d5b4d5f39}
04-25 22:42:00.461 I/Gecko   (   83): 1398490920469	Marionette	INFO	sendToClient: {"from":"0","value":{"ELEMENT":"{f8fd83b7-3b32-4f49-ac17-1784a7db68be}"}}, {61d2de30-eeb3-4fda-ae61-f9a8773305a5}, {61d2de30-eeb3-4fda-ae61-f9a8773305a5}
04-25 22:42:00.811 E/GeckoConsole( 2782): [JavaScript Warning: "Use of getAttributeNode() is deprecated. Use getAttribute() instead." {file: "chrome://marionette/content/atoms.js" line: 25}]
04-25 22:42:00.821 E/GeckoConsole( 2782): [JavaScript Warning: "Use of attributes' specified attribute is deprecated. It always returns true." {file: "chrome://marionette/content/atoms.js" line: 25}]
04-25 22:42:00.821 I/Gecko   (   83): 1398490920828	Marionette	INFO	sendToClient: {"from":"0","value":"normal"}, {08be3b36-87e8-4532-b8f7-379f7457856b}, {08be3b36-87e8-4532-b8f7-379f7457856b}
04-25 22:42:00.831 I/Gecko   (   83): 1398490920836	Marionette	DEBUG	Got request: switchToFrame, data: {"to":"0","sessionId":"3-b2g","name":"switchToFrame","parameters":{"id":null,"focus":true}}, id: {50b1554a-829c-438d-a9f3-7242a7067227}
04-25 22:42:00.851 I/Gecko   (   83): 1398490920857	Marionette	INFO	Switched to frame: {"frameValue":null}
04-25 22:42:01.121 I/Gecko   (   83): 1398490921130	Marionette	INFO	sendToClient: {"from":"0","ok":true}, {50b1554a-829c-438d-a9f3-7242a7067227}, {50b1554a-829c-438d-a9f3-7242a7067227}
04-25 22:42:01.131 I/Gecko   (   83): 1398490921140	Marionette	DEBUG	Got request: execute, data: {"to":"0","sessionId":"3-b2g","name":"executeScript","parameters":{"specialPowers":false,"scriptTimeout":null,"newSandbox":true,"args":[],"filename":"gaia_test.py","script":"window.wrappedJSObject.dispatchEvent(new Event('home'));","line":788}}, id: {0ba30735-0b7e-44b3-8b6a-5ca8a3f3824e}
04-25 22:42:01.211 I/Gecko   (   83): 1398490921217	Marionette	INFO	sendToClient: {"from":"0","value":null}, {0ba30735-0b7e-44b3-8b6a-5ca8a3f3824e}, {0ba30735-0b7e-44b3-8b6a-5ca8a3f3824e}
04-25 22:42:01.231 I/Gecko   (   83): 1398490921233	Marionette	DEBUG	Got request: switchToFrame, data: {"to":"0","sessionId":"3-b2g","name":"switchToFrame","parameters":{"id":null,"focus":true}}, id: {59810ba6-27f3-4dd0-8ad6-cbfff46a4784}
04-25 22:42:01.231 I/Gecko   (   83): 1398490921235	Marionette	INFO	Switched to frame: {"frameValue":null}
04-25 22:42:01.331 I/Gecko   (   83): 1398490921338	Marionette	INFO	sendToClient: {"from":"0","ok":true}, {59810ba6-27f3-4dd0-8ad6-cbfff46a4784}, {59810ba6-27f3-4dd0-8ad6-cbfff46a4784}
04-25 22:42:01.341 I/Gecko   (   83): 1398490921345	Marionette	DEBUG	Got request: switchToFrame, data: {"to":"0","sessionId":"3-b2g","name":"switchToFrame","parameters":{"id":null,"focus":true}}, id: {25ee1c0e-91e8-40e2-8149-320aea5c2b64}
04-25 22:42:01.341 I/Gecko   (   83): 1398490921347	Marionette	INFO	Switched to frame: {"frameValue":null}
04-25 22:42:01.441 I/Gecko   (   83): 1398490921449	Marionette	INFO	sendToClient: {"from":"0","ok":true}, {25ee1c0e-91e8-40e2-8149-320aea5c2b64}, {25ee1c0e-91e8-40e2-8149-320aea5c2b64}
04-25 22:42:01.471 I/Gecko   (   83): 1398490921477	Marionette	DEBUG	Got request: executeWithCallback, data: {"to":"0","sessionId":"3-b2g","name":"executeAsyncScript","parameters":{"specialPowers":false,"scriptTimeout":null,"newSandbox":true,"args":[],"filename":"gaia_test.py","script":"return GaiaApps.displayedApp();","line":66}}, id: {6470a756-2355-42c5-a0a2-0251d3975d16}
04-25 22:42:01.691 I/Gecko   (   83): 1398490921694	Marionette	INFO	sendToClient: {"from":"0","value":{"frame":{"ELEMENT":"{69db1734-2751-47fa-b847-8a2921f6ad99}"},"src":"app://homescreen.gaiamobile.org/index.html#rootFri%20Apr%2025%202014%2022:42:01%20GMT-0700%20(UTC)","name":"Homescreen","origin":"app://homescreen.gaiamobile.org"}}, {6470a756-2355-42c5-a0a2-0251d3975d16}, {6470a756-2355-42c5-a0a2-0251d3975d16}
04-25 22:42:01.691 E/GeckoConsole(   83): Content JS LOG at dummy file:392 in GaiaApps.displayedApp: app with origin 'app://homescreen.gaiamobile.org' is displayed
04-25 22:42:01.811 I/Gecko   (   83): 1398490921814	Marionette	DEBUG	Got request: switchToFrame, data: {"to":"0","sessionId":"3-b2g","name":"switchToFrame","parameters":{"focus":true,"element":"{69db1734-2751-47fa-b847-8a2921f6ad99}"}}, id: {43c91a30-fa1c-4df7-a2a0-a0dd014a074d}
04-25 22:42:01.831 I/Gecko   (   83): 1398490921836	Marionette	INFO	Switched to frame: {"frameValue":"{69db1734-2751-47fa-b847-8a2921f6ad99}"}
04-25 22:42:01.841 I/Gecko   (   83): 1398490921844	Marionette	INFO	trying remote frame 0
04-25 22:42:01.841 I/Gecko   (   83): 1398490921845	Marionette	INFO	trying remote frame 1
04-25 22:42:01.841 I/Gecko   (   83): 1398490921847	Marionette	INFO	trying remote frame 2
04-25 22:42:01.841 I/Gecko   (   83): 1398490921847	Marionette	INFO	trying remote frame 3
04-25 22:42:01.841 I/Gecko   (   83): 1398490921848	Marionette	INFO	trying remote frame 4
04-25 22:42:01.841 I/Gecko   (   83): 1398490921849	Marionette	INFO	trying remote frame 5
04-25 22:42:01.841 I/Gecko   (   83): 1398490921850	Marionette	INFO	trying remote frame 6
04-25 22:42:02.211 W/WifiHW  (   83): wifi_command: SIGNAL_POLL
04-25 22:42:03.151 I/Gecko   (   83): 1398490923162	Marionette	INFO	sendToClient: {"from":"0","ok":true}, {43c91a30-fa1c-4df7-a2a0-a0dd014a074d}, {43c91a30-fa1c-4df7-a2a0-a0dd014a074d}
04-25 22:42:03.161 I/Gecko   (   83): 1398490923172	Marionette	DEBUG	Got request: execute, data: {"to":"0","sessionId":"3-b2g","name":"executeScript","parameters":{"specialPowers":false,"scriptTimeout":null,"newSandbox":true,"args":[],"filename":"gaia_test.py","script":"return window.wrappedJSObject.GridManager.pageHelper.getCurrentPageNumber();","line":784}}, id: {9e9d7c0a-fa87-4ac1-b84d-de4bfc8feb66}
04-25 22:42:03.171 E/GeckoConsole( 2782): Content JS WARN at app://homescreen.gaiamobile.org/gaia_build_defer_index.js:184 in isHiddenApp: Unexpected role when checking hidden app: undefined
04-25 22:42:03.171 E/GeckoConsole( 2782): Content JS WARN at app://homescreen.gaiamobile.org/gaia_build_defer_index.js:184 in isHiddenApp: Unexpected role when checking hidden app: undefined
04-25 22:42:03.171 E/GeckoConsole( 2782): Content JS WARN at app://homescreen.gaiamobile.org/gaia_build_defer_index.js:184 in isHiddenApp: Unexpected role when checking hidden app: undefined
04-25 22:42:03.171 E/GeckoConsole( 2782): Content JS WARN at app://homescreen.gaiamobile.org/gaia_build_defer_index.js:184 in isHiddenApp: Unexpected role when checking hidden app: undefined
04-25 22:42:03.181 E/GeckoConsole( 2782): Content JS WARN at app://homescreen.gaiamobile.org/gaia_build_defer_index.js:184 in isHiddenApp: Unexpected role when checking hidden app: undefined
04-25 22:42:03.181 E/GeckoConsole( 2782): Content JS WARN at app://homescreen.gaiamobile.org/gaia_build_defer_index.js:184 in isHiddenApp: Unexpected role when checking hidden app: undefined
04-25 22:42:03.181 E/GeckoConsole( 2782): Content JS WARN at app://homescreen.gaiamobile.org/gaia_build_defer_index.js:184 in isHiddenApp: Unexpected role when checking hidden app: undefined
04-25 22:42:03.191 E/GeckoConsole( 2782): Content JS WARN at app://homescreen.gaiamobile.org/gaia_build_defer_index.js:184 in isHiddenApp: Unexpected role when checking hidden app: undefined
04-25 22:42:03.191 E/GeckoConsole( 2782): Content JS WARN at app://homescreen.gaiamobile.org/gaia_build_defer_index.js:184 in isHiddenApp: Unexpected role when checking hidden app: undefined
04-25 22:42:03.191 E/GeckoConsole( 2782): Content JS WARN at app://homescreen.gaiamobile.org/gaia_build_defer_index.js:184 in isHiddenApp: Unexpected role when checking hidden app: undefined
04-25 22:42:03.191 E/GeckoConsole( 2782): Content JS WARN at app://homescreen.gaiamobile.org/gaia_build_defer_index.js:184 in isHiddenApp: Unexpected role when checking hidden app: undefined
04-25 22:42:03.191 E/GeckoConsole( 2782): Content JS WARN at app://homescreen.gaiamobile.org/gaia_build_defer_index.js:184 in isHiddenApp: Unexpected role when checking hidden app: undefined
04-25 22:42:03.191 E/GeckoConsole( 2782): Content JS WARN at app://homescreen.gaiamobile.org/gaia_build_defer_index.js:184 in isHiddenApp: Unexpected role when checking hidden app: undefined
04-25 22:42:03.191 E/GeckoConsole( 2782): Content JS WARN at app://homescreen.gaiamobile.org/gaia_build_defer_index.js:184 in isHiddenApp: Unexpected role when checking hidden app: undefined
04-25 22:42:03.191 E/GeckoConsole( 2782): Content JS WARN at app://homescreen.gaiamobile.org/gaia_build_defer_index.js:184 in isHiddenApp: Unexpected role when checking hidden app: undefined
04-25 22:42:03.191 E/GeckoConsole( 2782): Content JS WARN at app://homescreen.gaiamobile.org/gaia_build_defer_index.js:184 in isHiddenApp: Unexpected role when checking hidden app: undefined
04-25 22:42:03.201 E/GeckoConsole( 2782): Content JS WARN at app://homescreen.gaiamobile.org/gaia_build_defer_index.js:184 in isHiddenApp: Unexpected role when checking hidden app: undefined
04-25 22:42:04.331 I/Gecko   (   83): 1398490924339	Marionette	INFO	sendToClient: {"from":"0","value":0}, {9e9d7c0a-fa87-4ac1-b84d-de4bfc8feb66}, {9e9d7c0a-fa87-4ac1-b84d-de4bfc8feb66}
04-25 22:42:04.471 I/Gecko   (   83): 1398490924478	Marionette	INFO	sendToClient: {"from":"0","value":["{5ffd5778-10cf-47ca-909b-4164523419fd}","{30aaf6d8-ae16-40de-998d-9c33b0380cb1}","{022d4501-08e0-45c1-92e8-a8dad90c1087}","{9b7e4832-0d7e-453b-820d-1cdfc550f77b}","{fc336d1b-0fe5-40e6-9c45-ff7407a6ffbb}","{07a57a67-72c1-48e8-b084-560377f6de04}","{54dd87db-b310-4a26-9d0c-75dba9f37a57}","{28de3767-f8f7-4477-868d-057943cacd53}","{969ab15e-47ba-4072-a150-abe9db9f145e}","{a0956c56-d8d2-4f01-875d-2aa88b274021}","{dabd75be-59b7-435a-bf12-dd22cb975c34}","{36e2cdbb-9390-48df-ac70-bdbadec4b3f2}","{978a643a-9bf7-4add-a749-c02b0bc3e465}","{02fdb95e-b48a-4bd0-b97e-df6917d04264}","{01e64f6d-5fa1-4594-a81f-cc9cbb6925ca}","{e1993a83-661f-4ef7-ad8c-405719bfeee6}","{0cacf967-611f-4b8a-a1a1-14bfa8d077ad}","{2aea0cac-107c-4522-b96e-60e3e45bd15a}","{3ac02e85-56e5-4652-8c3a-f3efd2c55d22}","{549effed-ca97-45a7-becd-0d40119f4ee1}","{6f25fbe8-31b8-4500-85b8-624aaccb20e7}"]}, {1cf3ea40-446b-4caa-8b8f-d39f286a9dad}, {1cf3ea40-446b-4caa-8b8f-d39f286a9dad}
04-25 22:42:04.551 I/Gecko   (   83): 1398490924559	Marionette	INFO	sendToClient: {"from":"0","value":"app://homescreen.gaiamobile.org/index.html#rootFri%20Apr%2025%202014%2022:42:01%20GMT-0700%20(UTC)"}, {a0c4c76f-c42b-4c68-a812-3faea1391b16}, {a0c4c76f-c42b-4c68-a812-3faea1391b16}
04-25 22:42:04.601 I/Gecko   (   83): 1398490924611	Marionette	DEBUG	Got request: switchToFrame, data: {"to":"0","sessionId":"3-b2g","name":"switchToFrame","parameters":{"id":null,"focus":true}}, id: {ab822714-1e69-4a53-aff9-4ec26cf34248}
04-25 22:42:04.621 I/Gecko   (   83): 1398490924625	Marionette	INFO	Switched to frame: {"frameValue":null}
04-25 22:42:04.741 I/Gecko   (   83): 1398490924752	Marionette	INFO	sendToClient: {"from":"0","ok":true}, {ab822714-1e69-4a53-aff9-4ec26cf34248}, {ab822714-1e69-4a53-aff9-4ec26cf34248}
04-25 22:42:04.761 I/Gecko   (   83): 1398490924768	Marionette	DEBUG	Got request: switchToFrame, data: {"to":"0","sessionId":"3-b2g","name":"switchToFrame","parameters":{"id":null,"focus":true}}, id: {0b7fc7d1-8d8c-4989-b032-32bef3f25277}
04-25 22:42:04.761 I/Gecko   (   83): 1398490924770	Marionette	INFO	Switched to frame: {"frameValue":null}
04-25 22:42:04.891 I/Gecko   (   83): 1398490924894	Marionette	INFO	sendToClient: {"from":"0","ok":true}, {0b7fc7d1-8d8c-4989-b032-32bef3f25277}, {0b7fc7d1-8d8c-4989-b032-32bef3f25277}
04-25 22:42:04.891 I/Gecko   (   83): 1398490924901	Marionette	DEBUG	Got request: executeWithCallback, data: {"to":"0","sessionId":"3-b2g","name":"executeAsyncScript","parameters":{"specialPowers":false,"scriptTimeout":30000,"newSandbox":true,"args":[],"filename":"app_checker.py","script":"GaiaApps.launchWithManifestURL('https://marketplace.firefox.com/app/7898aab0-3d47-4858-a55c-1842cf64ed43/manifest.webapp')","line":106}}, id: {536a188f-e58c-4660-a662-636f82be9102}
04-25 22:42:05.011 I/Gonk    (   83): Setting nice for pid 2804 to 18
04-25 22:42:05.011 I/Gonk    (   83): Changed nice for pid 2804 from 18 to 18.
04-25 22:42:05.011 I/Gecko   (   83): [Parent 83] WARNING: waitpid failed pid:2804 errno:10: file ../../../gecko/ipc/chromium/src/base/process_util_posix.cc, line 254
04-25 22:42:05.021 I/Gonk    (   83): Setting nice for pid 2804 to 1
04-25 22:42:05.021 I/Gonk    (   83): Changed nice for pid 2804 from 18 to 1.
04-25 22:42:05.071 E/GeckoConsole(   83): Content JS LOG at dummy file:334 in GaiaApps.launch: launching app with name 'SD Explorer'
04-25 22:42:05.201 E/[Gralloc-ERROR](   83): int gralloc_register_buffer(const gralloc_module_t*, const native_handle_t*):79 Unable to register handle 0x49acad80 coming from different process: 83
04-25 22:42:05.211 E/[Gralloc-ERROR](   83): int gralloc_register_buffer(const gralloc_module_t*, const native_handle_t*):79 Unable to register handle 0x49affe70 coming from different process: 83
04-25 22:42:05.211 E/[Gralloc-ERROR](   83): int gralloc_register_buffer(const gralloc_module_t*, const native_handle_t*):79 Unable to register handle 0x49d1d9c0 coming from different process: 83
04-25 22:42:05.211 E/[Gralloc-ERROR](   83): int gralloc_register_buffer(const gralloc_module_t*, const native_handle_t*):79 Unable to register handle 0x49df3f10 coming from different process: 83
04-25 22:42:05.391 D/Sensors (   83): activate handle=0; drv=0
04-25 22:42:05.391 D/Sensors (   83): Lis3dhSensor: Control set 1
04-25 22:42:05.391 D/Sensors (   83): Lis3dhSensor: mEnabled = 1
04-25 22:42:05.501 I/Gonk    (   83): Setting nice for pid 2782 to 18
04-25 22:42:05.511 I/Gonk    (   83): Changed nice for pid 2782 from 1 to 18.
04-25 22:42:06.701 I/Gecko   ( 2804): ###################################### forms.js loaded
04-25 22:42:06.721 I/Gecko   ( 2804): ############################### browserElementPanning.js loaded
04-25 22:42:06.751 I/Gecko   ( 2804): ######################## BrowserElementChildPreload.js loaded
04-25 22:42:06.991 I/Gecko   (   83): 
04-25 22:42:06.991 I/Gecko   (   83): ###!!! [Parent][MessageChannel] Error: Channel error: cannot send/recv
04-25 22:42:06.991 I/Gecko   (   83): 
04-25 22:42:07.031 I/Gecko   (   83): [Parent 83] WARNING: waitpid failed pid:2782 errno:10: file ../../../gecko/ipc/chromium/src/base/process_util_posix.cc, line 254
04-25 22:42:07.211 W/WifiHW  (   83): wifi_command: SIGNAL_POLL
04-25 22:42:07.661 E/GeckoConsole( 2804): [JavaScript Error: "The character encoding of the HTML document was not declared. The document will render with garbled text in some browser configurations if the document contains characters from outside the US-ASCII range. The character encoding of the page must be declared in the document or in the transfer protocol." {file: "app://{974fc51b-b792-4735-89ab-18dbf5fa9e38}/index.html" line: 0}]
04-25 22:42:07.721 E/GeckoConsole( 2804): [JavaScript Warning: "SyntaxError: Using //@ to indicate sourceMappingURL pragmas is deprecated. Use //# instead" {file: "app://{974fc51b-b792-4735-89ab-18dbf5fa9e38}/js/jquery-1.10.2.min.js" line: 1}]
04-25 22:42:08.831 E/GeckoConsole(   83): [JavaScript Warning: "Content Security Policy: Failed to parse unrecognized source app://"]
04-25 22:42:08.851 E/GeckoConsole(   83): [JavaScript Warning: "Content Security Policy: Failed to parse unrecognized source app://"]
04-25 22:42:08.851 E/GeckoConsole(   83): [JavaScript Error: "Content Security Policy: Can't use 'self' if self data is not provided"]
04-25 22:42:08.851 E/GeckoConsole(   83): [JavaScript Warning: "Content Security Policy: Failed to parse unrecognized source unsafe-inline"]
04-25 22:42:08.951 E/GeckoConsole( 2804): [JavaScript Warning: "Unknown property 'box-sizing'.  Declaration dropped." {file: "app://{974fc51b-b792-4735-89ab-18dbf5fa9e38}/index.html" line: 0 column: 10 source: "box-sizing:border-box;-moz-box-sizing:border-box;-webkit-box-sizing:border-box;padding:1px;border:1px;display:block;width:4px;margin-top:1%;position:absolute;top:1%;"}]
04-25 22:42:08.971 E/GeckoConsole( 2804): [JavaScript Warning: "Unknown property 'box-sizing'.  Declaration dropped." {file: "app://{974fc51b-b792-4735-89ab-18dbf5fa9e38}/index.html" line: 0 column: 52 source: "padding:0;margin:0;border:0;display:block;box-sizing:content-box;-moz-box-sizing:content-box;-webkit-box-sizing:content-box;"}]
04-25 22:42:08.971 E/GeckoConsole( 2804): [JavaScript Warning: "Unknown property 'box-sizing'.  Declaration dropped." {file: "app://{974fc51b-b792-4735-89ab-18dbf5fa9e38}/index.html" line: 0 column: 52 source: "padding:0;margin:0;border:0;display:block;box-sizing:content-box;-moz-box-sizing:content-box;-webkit-box-sizing:content-box;"}]
04-25 22:42:09.031 I/Gecko   (   83): [Parent 83] WARNING: waitpid failed pid:2782 errno:10: file ../../../gecko/ipc/chromium/src/base/process_util_posix.cc, line 254
04-25 22:42:09.031 I/Gecko   (   83): [Parent 83] WARNING: Failed to deliver SIGKILL to 2782!(3).: file ../../../gecko/ipc/chromium/src/chrome/common/process_watcher_posix_sigchld.cc, line 118
04-25 22:42:09.071 E/GeckoConsole( 2804): [JavaScript Warning: "Content Security Policy: The page's settings blocked the loading of a resource: An attempt to execute inline scripts has been blocked" {file: "app://{974fc51b-b792-4735-89ab-18dbf5fa9e38}/index.html" line: 0 column: 0 source: "onsubmit attribute on DIV element"}]
04-25 22:42:09.071 E/GeckoConsole( 2804): [JavaScript Warning: "Content Security Policy: The page's settings blocked the loading of a resource: An attempt to execute inline scripts has been blocked" {file: "app://{974fc51b-b792-4735-89ab-18dbf5fa9e38}/index.html" line: 0 column: 0 source: "onchange attribute on DIV element"}]
04-25 22:42:09.071 E/GeckoConsole( 2804): [JavaScript Warning: "Content Security Policy: The page's settings blocked the loading of a resource: An attempt to execute inline scripts has been blocked" {file: "app://{974fc51b-b792-4735-89ab-18dbf5fa9e38}/index.html" line: 0 column: 0 source: "onsubmit attribute on DIV element"}]
04-25 22:42:09.081 E/GeckoConsole( 2804): [JavaScript Warning: "Content Security Policy: The page's settings blocked the loading of a resource: An attempt to execute inline scripts has been blocked" {file: "app://{974fc51b-b792-4735-89ab-18dbf5fa9e38}/index.html" line: 0 column: 0 source: "onchange attribute on DIV element"}]
04-25 22:42:09.081 E/GeckoConsole( 2804): Content JS LOG at app://{974fc51b-b792-4735-89ab-18dbf5fa9e38}/js/app.js:207 in printDirectoryContent: Will print folder '' from storage 'sdcard'
04-25 22:42:09.081 E/GeckoConsole( 2804): Content JS LOG at app://{974fc51b-b792-4735-89ab-18dbf5fa9e38}/js/app.js:208 in printDirectoryContent: Will filter everything out '/sdcard'
04-25 22:42:09.401 E/GeckoConsole(   83): Content JS WARN at app://system.gaiamobile.org/shared/js/l10n.js:79 in consoleWarn: [l10n] #perm-device-storage-sdcard-more-info is undefined.
04-25 22:42:09.701 E/[Gralloc-ERROR](   83): int gralloc_register_buffer(const gralloc_module_t*, const native_handle_t*):79 Unable to register handle 0x4533df10 coming from different process: 83
04-25 22:42:09.721 E/[Gralloc-ERROR](   83): int gralloc_register_buffer(const gralloc_module_t*, const native_handle_t*):79 Unable to register handle 0x4535f5b0 coming from different process: 83
04-25 22:42:09.841 I/Gonk    (   83): Setting nice for pid 2845 to 18
04-25 22:42:09.841 I/Gonk    (   83): Changed nice for pid 2845 from 0 to 18.
04-25 22:42:09.861 E/GeckoConsole(   83): Content JS LOG at dummy file:326 in GaiaApps.launch/appOpen/<: app with origin 'app://{974fc51b-b792-4735-89ab-18dbf5fa9e38}' has launched
04-25 22:42:09.871 I/Gecko   (   83): 1398490929878	Marionette	INFO	sendToClient: {"from":"0","value":{"frame":{"ELEMENT":"{cdd55812-450f-4ac6-90d2-0abc461b0e52}"},"src":"app://{974fc51b-b792-4735-89ab-18dbf5fa9e38}/index.html","name":"SD Explorer","origin":"app://{974fc51b-b792-4735-89ab-18dbf5fa9e38}"}}, {536a188f-e58c-4660-a662-636f82be9102}, {536a188f-e58c-4660-a662-636f82be9102}
04-25 22:42:09.911 E/[Gralloc-ERROR](   83): int gralloc_unregister_buffer(const gralloc_module_t*, const native_handle_t*):274 Trying to unregister buffer 0x49df3f10 from process 83 that was not created in current process: 83
04-25 22:42:09.911 E/[Gralloc-ERROR](   83): int gralloc_unregister_buffer(const gralloc_module_t*, const native_handle_t*):274 Trying to unregister buffer 0x49d1d9c0 from process 83 that was not created in current process: 83
04-25 22:42:09.911 E/[Gralloc-ERROR](   83): int gralloc_unregister_buffer(const gralloc_module_t*, const native_handle_t*):274 Trying to unregister buffer 0x49acad80 from process 83 that was not created in current process: 83
04-25 22:42:09.911 E/[Gralloc-ERROR](   83): int gralloc_unregister_buffer(const gralloc_module_t*, const native_handle_t*):274 Trying to unregister buffer 0x49affe70 from process 83 that was not created in current process: 83
04-25 22:42:09.931 I/Gonk    (   83): Setting nice for pid 2845 to 18
04-25 22:42:09.931 I/Gonk    (   83): Changed nice for pid 2845 from 18 to 18.
04-25 22:42:09.931 I/Gecko   (   83): [Parent 83] WARNING: waitpid failed pid:2845 errno:10: file ../../../gecko/ipc/chromium/src/base/process_util_posix.cc, line 254
04-25 22:42:09.971 I/Gecko   (   83): 1398490929980	Marionette	DEBUG	Got request: switchToFrame, data: {"to":"0","sessionId":"3-b2g","name":"switchToFrame","parameters":{"focus":true,"element":"{cdd55812-450f-4ac6-90d2-0abc461b0e52}"}}, id: {8d872d52-141a-4bb5-aa77-7844f06658d9}
04-25 22:42:09.981 I/Gecko   (   83): 1398490929990	Marionette	INFO	Switched to frame: {"frameValue":"{cdd55812-450f-4ac6-90d2-0abc461b0e52}"}
04-25 22:42:09.991 I/Gecko   (   83): 1398490929993	Marionette	INFO	trying remote frame 0
04-25 22:42:09.991 I/Gecko   (   83): 1398490929994	Marionette	INFO	trying remote frame 1
04-25 22:42:09.991 I/Gecko   (   83): 1398490929995	Marionette	INFO	trying remote frame 2
04-25 22:42:09.991 I/Gecko   (   83): 1398490929996	Marionette	INFO	trying remote frame 3
04-25 22:42:09.991 I/Gecko   (   83): 1398490929997	Marionette	INFO	trying remote frame 4
04-25 22:42:09.991 I/Gecko   (   83): 1398490929998	Marionette	INFO	trying remote frame 5
04-25 22:42:09.991 I/Gecko   (   83): 1398490929999	Marionette	INFO	trying remote frame 6
04-25 22:42:09.991 I/Gecko   (   83): 1398490930000	Marionette	INFO	deleting frame
04-25 22:42:10.001 I/Gecko   (   83): 1398490930006	Marionette	INFO	frame-manager load script: [object ChromeMessageSender]
04-25 22:42:10.071 I/Gonk    (   83): Setting nice for pid 2853 to 18
04-25 22:42:10.081 I/Gonk    (   83): Changed nice for pid 2853 from 0 to 18.
04-25 22:42:10.631 I/Gecko   (   83): 1398490930640	Marionette	INFO	sendToClient: {"from":"0","ok":true}, {8d872d52-141a-4bb5-aa77-7844f06658d9}, {8d872d52-141a-4bb5-aa77-7844f06658d9}
04-25 22:42:10.651 I/Gecko   (   83): 1398490930662	Marionette	INFO	sendToClient: {"from":"0","value":"app://{974fc51b-b792-4735-89ab-18dbf5fa9e38}/index.html"}, {4ef22be8-1c1a-4c37-9523-bba7b0d7cfc9}, {4ef22be8-1c1a-4c37-9523-bba7b0d7cfc9}
04-25 22:42:10.671 I/Gecko   (   83): 1398490930681	Marionette	DEBUG	Got request: execute, data: {"to":"0","sessionId":"3-b2g","name":"executeScript","parameters":{"specialPowers":false,"scriptTimeout":null,"newSandbox":true,"args":[],"filename":"app_checker.py","script":"return window.document.readyState;","line":191}}, id: {dfb4bf7d-33c1-4441-969b-de1cdff80841}
04-25 22:42:10.721 I/Gecko   (   83): 1398490930728	Marionette	INFO	sendToClient: {"from":"0","value":"complete"}, {dfb4bf7d-33c1-4441-969b-de1cdff80841}, {dfb4bf7d-33c1-4441-969b-de1cdff80841}
04-25 22:42:10.741 I/Gecko   (   83): 1398490930748	Marionette	INFO	sendToClient: {"from":"0","value":"app://{974fc51b-b792-4735-89ab-18dbf5fa9e38}/index.html"}, {49e3a93e-f9c2-461d-9f51-ffe9659158a7}, {49e3a93e-f9c2-461d-9f51-ffe9659158a7}
04-25 22:42:10.751 I/Gecko   ( 2804): Attempting load of libEGL.so
04-25 22:42:10.801 D/libEGL  ( 2804): loaded /system/lib/egl/libEGL_mali.so
04-25 22:42:10.821 D/libEGL  ( 2804): loaded /system/lib/egl/libGLESv1_CM_mali.so
04-25 22:42:10.831 D/libEGL  ( 2804): loaded /system/lib/egl/libGLESv2_mali.so
04-25 22:42:10.861 I/Gecko   ( 2804): SharedSurface_Gralloc::Create -------
04-25 22:42:10.891 I/Gecko   ( 2804): SharedSurface_Gralloc::Create: success -- surface 0x4361ef00, GraphicBuffer 0x4402c700.
04-25 22:42:10.931 I/Gonk    (   83): Setting nice for pid 2845 to 18
04-25 22:42:10.931 I/Gonk    (   83): Changed nice for pid 2845 from 18 to 18.
04-25 22:42:11.331 I/log     ( 2864): <4>0[ 1237.743341] select 2845 ((Preallocated a), adj 8, size 2631, to kill 
04-25 22:42:11.341 I/Gecko   (   83): 
04-25 22:42:11.341 I/Gecko   (   83): ###!!! [Parent][MessageChannel] Error: Channel error: cannot send/recv
04-25 22:42:11.341 I/Gecko   (   83): 
04-25 22:42:11.381 I/Gecko   (   83): [Parent 83] WARNING: waitpid failed pid:2845 errno:10: file ../../../gecko/ipc/chromium/src/base/process_util_posix.cc, line 254
04-25 22:42:11.841 I/Gecko   (   83): 1398490931848	Marionette	INFO	sendToClient: {"from":"0","value":"iVBORw0KGgoAAAANSUhEUgAAAUAAAAHMCAYAAACk4nEJAAAYnUlEQVR4nO3deXSV9Z3H8cw5M52ZznbmdLYzpzM21haDtFWrjjpaa606toImJSkEQVBA2QuKFcd9QaUqUXEHiwhTxWBxQXBJRSQrSViSAEkkJCwBAiELCdnzmT9+5C65z01uEshVv+/XOd/T8jzP/T3PfZC39+ZeNSZ/UqwYhmEsTky0L4BhGCZaQwAZhjE7BJBhGLMTvQBOiP6TZxjG9hBAhmHMDgFkGMbsRC2AGWNjlT8lLuo3gGEYuxOTPyFW0RhfAKN0foZhmOgFcHQsAWQYJqoTvQAmxhJAhmGiOlELYFpirLYTQIZhojjRC2B8rLbPOCfqN4BhGLsTtQCuGU4AGYaJ7sTkj41VNGbNNbHaPvuiqJzb0uxddp+qN7yl8hdmR/1aGObLNmEDWP7S7WpvqB3QlL88V3lh1l9zZay2z+17AItuu0y7F01XZeqT2r9ygcpfnKOCWeHX2Tb9fBU/kOCbnfddp4KZF2nz+DMGfPO6r+01O++7Lqq/wU37SiRJB95OifpfbAzzZZuwAdz/5uMaqKLX5mvDqNM81191eazK+hDAbVPO1ZH1b0qdHZ7nqsle4xnCPb+/2/viOjvUUrVHh9YuUeGsi/t188KuHaC5cldUf4MJIMOEn5iMse5Lyd2n5JU7+9s9n/Rn5mpt0mme66+6JFZl837mua/7ZI4/Q7WF6b5wVeeuU8Vbv9P+919UzbbP1NnRLklqOlCmzPFnBD12V0CkjuSs1ZGctaot3KimA7t92zuaG1Xy/MyIrqW3tbvPntQn+7zuyZzGEwHc+3ZKVK+DYb6M4xnAjTfEKu2mH2rd7Gu0avrV/Z7U5GH6ZJR3AFdcGKuyeyILYPGz03yh2blwcsj+rXdfq/rSfBU+MipkX2Ckuu/bfMfPVV+S6wvr9s
04-25 22:42:12.051 I/Gecko   (   83): 1398490932055	Marionette	INFO	sendToClient: {"from":"0","ok":true}, {56669e84-86fd-4ece-bb00-788f3bbbb160}, {56669e84-86fd-4ece-bb00-788f3bbbb160}
04-25 22:42:12.071 I/Gecko   (   83): 1398490932078	Marionette	DEBUG	Got request: switchToFrame, data: {"to":"0","sessionId":"3-b2g","name":"switchToFrame","parameters":{"id":null,"focus":true}}, id: {e36d4bb8-92fe-412d-a4a9-d630f3c07a13}
04-25 22:42:12.121 I/Gecko   (   83): 1398490932129	Marionette	INFO	Switched to frame: {"frameValue":null}
04-25 22:42:12.221 W/WifiHW  (   83): wifi_command: SIGNAL_POLL
04-25 22:42:12.241 I/Gecko   (   83): 1398490932248	Marionette	INFO	sendToClient: {"from":"0","ok":true}, {e36d4bb8-92fe-412d-a4a9-d630f3c07a13}, {e36d4bb8-92fe-412d-a4a9-d630f3c07a13}
04-25 22:42:12.251 I/Gecko   (   83): 1398490932260	Marionette	DEBUG	Got request: executeWithCallback, data: {"to":"0","sessionId":"3-b2g","name":"executeAsyncScript","parameters":{"specialPowers":false,"scriptTimeout":null,"newSandbox":true,"args":[],"filename":"gaia_test.py","script":"return GaiaApps.displayedApp();","line":66}}, id: {5cd420fa-15f2-4ebc-b6f3-958b6d78357c}
04-25 22:42:12.401 I/Gecko   (   83): 1398490932404	Marionette	INFO	sendToClient: {"from":"0","value":{"frame":{"ELEMENT":"{cdd55812-450f-4ac6-90d2-0abc461b0e52}"},"src":"app://{974fc51b-b792-4735-89ab-18dbf5fa9e38}/index.html","name":"SD Explorer","origin":"app://{974fc51b-b792-4735-89ab-18dbf5fa9e38}"}}, {5cd420fa-15f2-4ebc-b6f3-958b6d78357c}, {5cd420fa-15f2-4ebc-b6f3-958b6d78357c}
04-25 22:42:12.401 E/GeckoConsole(   83): Content JS LOG at dummy file:392 in GaiaApps.displayedApp: app with origin 'app://{974fc51b-b792-4735-89ab-18dbf5fa9e38}' is displayed
04-25 22:42:12.411 I/Gecko   (   83): 1398490932415	Marionette	DEBUG	Got request: switchToFrame, data: {"to":"0","sessionId":"3-b2g","name":"switchToFrame","parameters":{"id":null,"focus":true}}, id: {9afb56c1-cc60-4745-8e3f-b0e6426b8558}
04-25 22:42:12.411 I/Gecko   (   83): 1398490932418	Marionette	INFO	Switched to frame: {"frameValue":null}
04-25 22:42:12.521 I/Gecko   (   83): 1398490932523	Marionette	INFO	sendToClient: {"from":"0","ok":true}, {9afb56c1-cc60-4745-8e3f-b0e6426b8558}, {9afb56c1-cc60-4745-8e3f-b0e6426b8558}
04-25 22:42:12.521 I/Gecko   (   83): 1398490932531	Marionette	DEBUG	Got request: execute, data: {"to":"0","sessionId":"3-b2g","name":"executeScript","parameters":{"specialPowers":false,"scriptTimeout":null,"newSandbox":true,"args":[],"filename":"gaia_test.py","script":"window.wrappedJSObject.dispatchEvent(new Event('home'));","line":788}}, id: {107b118f-9d73-4219-b775-6f735911ff91}
04-25 22:42:12.551 I/GeckoDump(   83): XXX FIXME : Got a mozContentEvent: permission-deny
04-25 22:42:12.581 I/Gonk    (   83): Setting nice for pid 2853 to 18
04-25 22:42:12.581 I/Gonk    (   83): Changed nice for pid 2853 from 18 to 18.
04-25 22:42:12.581 I/Gecko   (   83): [Parent 83] WARNING: waitpid failed pid:2853 errno:10: file ../../../gecko/ipc/chromium/src/base/process_util_posix.cc, line 254
04-25 22:42:12.591 I/Gonk    (   83): Setting nice for pid 2853 to 1
04-25 22:42:12.591 I/Gonk    (   83): Changed nice for pid 2853 from 18 to 1.
04-25 22:42:12.611 D/Sensors (   83): activate handle=0; drv=0
04-25 22:42:12.611 D/Sensors (   83): Lis3dhSensor: Control set 0
04-25 22:42:12.611 D/Sensors (   83): Lis3dhSensor: mEnabled = 0
04-25 22:42:12.631 I/Gecko   (   83): 1398490932642	Marionette	INFO	sendToClient: {"from":"0","value":null}, {107b118f-9d73-4219-b775-6f735911ff91}, {107b118f-9d73-4219-b775-6f735911ff91}
04-25 22:42:12.681 E/[Gralloc-ERROR](   83): int gralloc_unregister_buffer(const gralloc_module_t*, const native_handle_t*):274 Trying to unregister buffer 0x4533df10 from process 83 that was not created in current process: 83
04-25 22:42:12.681 E/[Gralloc-ERROR](   83): int gralloc_unregister_buffer(const gralloc_module_t*, const native_handle_t*):274 Trying to unregister buffer 0x4535f5b0 from process 83 that was not created in current process: 83
04-25 22:42:12.681 I/Gecko   (   83): 1398490932690	Marionette	DEBUG	Got request: switchToFrame, data: {"to":"0","sessionId":"3-b2g","name":"switchToFrame","parameters":{"id":null,"focus":true}}, id: {3105b425-1d02-471f-a31e-4d24f71a07ae}
04-25 22:42:12.681 I/Gecko   (   83): 1398490932692	Marionette	INFO	Switched to frame: {"frameValue":null}
04-25 22:42:12.791 I/Gecko   (   83): 1398490932799	Marionette	INFO	sendToClient: {"from":"0","ok":true}, {3105b425-1d02-471f-a31e-4d24f71a07ae}, {3105b425-1d02-471f-a31e-4d24f71a07ae}
04-25 22:42:12.801 I/Gecko   (   83): 1398490932806	Marionette	DEBUG	Got request: executeWithCallback, data: {"to":"0","sessionId":"3-b2g","name":"executeAsyncScript","parameters":{"specialPowers":false,"scriptTimeout":null,"newSandbox":true,"args":[],"filename":"gaia_test.py","script":"return GaiaApps.displayedApp();","line":66}}, id: {3b0f9791-4054-43f3-9421-30e8e5ab7966}
04-25 22:42:13.381 I/Gecko   (   83): [Parent 83] WARNING: waitpid failed pid:2845 errno:10: file ../../../gecko/ipc/chromium/src/base/process_util_posix.cc, line 254
04-25 22:42:13.381 I/Gecko   (   83): [Parent 83] WARNING: Failed to deliver SIGKILL to 2845!(3).: file ../../../gecko/ipc/chromium/src/chrome/common/process_watcher_posix_sigchld.cc, line 118
04-25 22:42:14.021 E/GeckoConsole(   83): Content JS LOG at dummy file:392 in GaiaApps.displayedApp: app with origin 'app://homescreen.gaiamobile.org' is displayed
04-25 22:42:14.031 I/Gecko   (   83): 1398490934035	Marionette	INFO	sendToClient: {"from":"0","value":{"frame":{"ELEMENT":"{36522d33-0b68-45c0-9053-5775bc549b1f}"},"src":"app://homescreen.gaiamobile.org/index.html#root","name":"Homescreen","origin":"app://homescreen.gaiamobile.org"}}, {3b0f9791-4054-43f3-9421-30e8e5ab7966}, {3b0f9791-4054-43f3-9421-30e8e5ab7966}
04-25 22:42:14.301 I/Gecko   (   83): 1398490934305	Marionette	DEBUG	Got request: switchToFrame, data: {"to":"0","sessionId":"3-b2g","name":"switchToFrame","parameters":{"id":null,"focus":true}}, id: {c83c47d8-2452-4804-982a-36ef6022312e}
04-25 22:42:14.321 I/Gecko   (   83): 1398490934328	Marionette	INFO	Switched to frame: {"frameValue":null}
04-25 22:42:14.431 I/Gecko   (   83): 1398490934436	Marionette	INFO	sendToClient: {"from":"0","ok":true}, {c83c47d8-2452-4804-982a-36ef6022312e}, {c83c47d8-2452-4804-982a-36ef6022312e}
04-25 22:42:14.441 I/Gecko   (   83): 1398490934443	Marionette	DEBUG	Got request: switchToFrame, data: {"to":"0","sessionId":"3-b2g","name":"switchToFrame","parameters":{"id":null,"focus":true}}, id: {a5b4b139-1c91-45d2-a94f-fe7dd64d0c45}
04-25 22:42:14.441 I/Gecko   (   83): 1398490934445	Marionette	INFO	Switched to frame: {"frameValue":null}
04-25 22:42:14.571 I/Gecko   (   83): 1398490934580	Marionette	INFO	sendToClient: {"from":"0","ok":true}, {a5b4b139-1c91-45d2-a94f-fe7dd64d0c45}, {a5b4b139-1c91-45d2-a94f-fe7dd64d0c45}
04-25 22:42:14.591 I/Gonk    (   83): Setting nice for pid 2804 to 18
04-25 22:42:14.611 I/Gonk    (   83): Changed nice for pid 2804 from 1 to 18.
04-25 22:42:14.611 I/Gecko   (   83): 1398490934617	Marionette	DEBUG	Got request: executeWithCallback, data: {"to":"0","sessionId":"3-b2g","name":"executeAsyncScript","parameters":{"specialPowers":false,"scriptTimeout":null,"newSandbox":true,"args":[],"filename":"gaia_test.py","script":"return GaiaApps.displayedApp();","line":66}}, id: {0d625657-4bd4-4440-bd9a-307b71fe1b90}
04-25 22:42:14.791 I/Gecko   (   83): 1398490934796	Marionette	INFO	sendToClient: {"from":"0","value":{"frame":{"ELEMENT":"{36522d33-0b68-45c0-9053-5775bc549b1f}"},"src":"app://homescreen.gaiamobile.org/index.html#root","name":"Homescreen","origin":"app://homescreen.gaiamobile.org"}}, {0d625657-4bd4-4440-bd9a-307b71fe1b90}, {0d625657-4bd4-4440-bd9a-307b71fe1b90}
04-25 22:42:14.791 E/GeckoConsole(   83): Content JS LOG at dummy file:392 in GaiaApps.displayedApp: app with origin 'app://homescreen.gaiamobile.org' is displayed
04-25 22:42:14.851 I/Gecko   (   83): 1398490934857	Marionette	DEBUG	Got request: switchToFrame, data: {"to":"0","sessionId":"3-b2g","name":"switchToFrame","parameters":{"focus":true,"element":"{36522d33-0b68-45c0-9053-5775bc549b1f}"}}, id: {f7dbbb6e-aec5-460c-b4b2-85d668f6b7cb}
04-25 22:42:14.881 I/Gecko   (   83): 1398490934886	Marionette	INFO	Switched to frame: {"frameValue":"{36522d33-0b68-45c0-9053-5775bc549b1f}"}
04-25 22:42:14.961 I/Gecko   (   83): 1398490934969	Marionette	INFO	trying remote frame 0
04-25 22:42:14.961 I/Gecko   (   83): 1398490934970	Marionette	INFO	trying remote frame 1
04-25 22:42:14.981 I/Gecko   (   83): 1398490934984	Marionette	INFO	trying remote frame 2
04-25 22:42:14.991 I/Gecko   (   83): 1398490934994	Marionette	INFO	trying remote frame 3
04-25 22:42:14.991 I/Gecko   (   83): 1398490934995	Marionette	INFO	trying remote frame 4
04-25 22:42:14.991 I/Gecko   (   83): 1398490934998	Marionette	INFO	trying remote frame 5
04-25 22:42:15.001 I/Gecko   (   83): 1398490935004	Marionette	INFO	trying remote frame 6
04-25 22:42:15.001 I/Gecko   (   83): 1398490935005	Marionette	INFO	deleting frame
04-25 22:42:15.001 I/Gecko   (   83): 1398490935011	Marionette	INFO	frame-manager load script: [object ChromeMessageSender]
04-25 22:42:15.111 I/Gonk    (   83): Setting nice for pid 2867 to 18
04-25 22:42:15.111 I/Gonk    (   83): Changed nice for pid 2867 from 0 to 18.
04-25 22:42:15.311 I/Gecko   ( 2853): ###################################### forms.js loaded
04-25 22:42:15.361 I/Gecko   ( 2853): ############################### browserElementPanning.js loaded
04-25 22:42:15.381 I/Gecko   ( 2853): ######################## BrowserElementChildPreload.js loaded
04-25 22:42:15.671 I/Gecko   (   83): [Parent 83] WARNING: pipe error (104): Connection reset by peer: file ../../../gecko/ipc/chromium/src/chrome/common/ipc_channel_posix.cc, line 446
04-25 22:42:15.671 I/Gecko   (   83): 
04-25 22:42:15.671 I/Gecko   (   83): ###!!! [Parent][MessageChannel] Error: Channel error: cannot send/recv
04-25 22:42:15.671 I/Gecko   (   83): 
04-25 22:42:15.741 I/Gecko   (   83): [Parent 83] WARNING: waitpid failed pid:2804 errno:10: file ../../../gecko/ipc/chromium/src/base/process_util_posix.cc, line 254
04-25 22:42:16.731 I/Gecko   (   83): 1398490936736	Marionette	INFO	sendToClient: {"from":"0","ok":true}, {f7dbbb6e-aec5-460c-b4b2-85d668f6b7cb}, {f7dbbb6e-aec5-460c-b4b2-85d668f6b7cb}
04-25 22:42:17.051 I/Gecko   (   83): 1398490937059	Marionette	INFO	sendToClient: {"from":"0","value":"app://homescreen.gaiamobile.org/index.html#root"}, {1ff4b3b6-678a-4d14-8aa8-144e031fc24d}, {1ff4b3b6-678a-4d14-8aa8-144e031fc24d}
04-25 22:42:17.061 I/Gecko   (   83): 1398490937067	Marionette	DEBUG	Got request: switchToFrame, data: {"to":"0","sessionId":"3-b2g","name":"switchToFrame","parameters":{"id":null,"focus":true}}, id: {89b6b8ac-f598-4304-a680-8ded3df0a157}
04-25 22:42:17.081 I/Gecko   (   83): 1398490937085	Marionette	INFO	Switched to frame: {"frameValue":null}
04-25 22:42:17.191 I/Gecko   (   83): 1398490937195	Marionette	INFO	sendToClient: {"from":"0","ok":true}, {89b6b8ac-f598-4304-a680-8ded3df0a157}, {89b6b8ac-f598-4304-a680-8ded3df0a157}
04-25 22:42:17.191 I/Gecko   (   83): 1398490937202	Marionette	DEBUG	Got request: switchToFrame, data: {"to":"0","sessionId":"3-b2g","name":"switchToFrame","parameters":{"id":null,"focus":true}}, id: {abc0ca98-9049-489e-b2f3-4071ed35c90a}
04-25 22:42:17.201 I/Gecko   (   83): 1398490937204	Marionette	INFO	Switched to frame: {"frameValue":null}
04-25 22:42:17.241 W/WifiHW  (   83): wifi_command: SIGNAL_POLL
04-25 22:42:17.341 I/Gecko   (   83): 1398490937343	Marionette	INFO	sendToClient: {"from":"0","ok":true}, {abc0ca98-9049-489e-b2f3-4071ed35c90a}, {abc0ca98-9049-489e-b2f3-4071ed35c90a}
04-25 22:42:17.351 I/Gecko   (   83): 1398490937354	Marionette	DEBUG	Got request: executeWithCallback, data: {"to":"0","sessionId":"3-b2g","name":"executeAsyncScript","parameters":{"specialPowers":false,"scriptTimeout":null,"newSandbox":true,"args":[],"filename":"gaia_test.py","script":"GaiaApps.killAll()","line":91}}, id: {06f1a68e-0afc-4a27-97df-7e94392cce6f}
04-25 22:42:17.411 I/Gecko   (   83): 1398490937422	Marionette	INFO	sendToClient: {"from":"0","value":true}, {06f1a68e-0afc-4a27-97df-7e94392cce6f}, {06f1a68e-0afc-4a27-97df-7e94392cce6f}
04-25 22:42:17.431 I/Gecko   (   83): 1398490937440	Marionette	DEBUG	Got request: switchToFrame, data: {"to":"0","sessionId":"3-b2g","name":"switchToFrame","parameters":{"id":null,"focus":true}}, id: {8e408171-7206-4d36-a2d4-ca3995f0a1e9}
04-25 22:42:17.431 I/Gecko   (   83): 1398490937442	Marionette	INFO	Switched to frame: {"frameValue":null}
04-25 22:42:17.541 I/Gecko   (   83): 1398490937544	Marionette	INFO	sendToClient: {"from":"0","ok":true}, {8e408171-7206-4d36-a2d4-ca3995f0a1e9}, {8e408171-7206-4d36-a2d4-ca3995f0a1e9}
04-25 22:42:17.541 I/Gecko   (   83): 1398490937552	Marionette	DEBUG	Got request: executeWithCallback, data: {"to":"0","sessionId":"3-b2g","name":"executeAsyncScript","parameters":{"specialPowers":false,"scriptTimeout":60000,"newSandbox":true,"args":[],"filename":"app_checker.py","script":"\n        GaiaApps.locateWithManifestURL('https://marketplace.firefox.com/app/7898aab0-3d47-4858-a55c-1842cf64ed43/manifest.webapp',\n                                       null,\n                                       function uninstall(app) {\n                                       navigator.mozApps.mgmt.uninstall(app);\n                                       marionetteScriptFinished(true);\n                                       });\n        ","line":129}}, id: {a2c1a8ab-3e11-4e68-8f6b-70d4407b1999}
04-25 22:42:17.581 I/Gecko   (   83): -- webapps.js uninstall https://marketplace.firefox.com/app/7898aab0-3d47-4858-a55c-1842cf64ed43/manifest.webapp
04-25 22:42:17.741 I/Gecko   (   83): [Parent 83] WARNING: waitpid failed pid:2804 errno:10: file ../../../gecko/ipc/chromium/src/base/process_util_posix.cc, line 254
04-25 22:42:17.741 I/Gecko   (   83): [Parent 83] WARNING: Failed to deliver SIGKILL to 2804!(3).: file ../../../gecko/ipc/chromium/src/chrome/common/process_watcher_posix_sigchld.cc, line 118
04-25 22:42:17.861 I/Gecko   (   83): 1398490937865	Marionette	INFO	sendToClient: {"from":"0","value":true}, {a2c1a8ab-3e11-4e68-8f6b-70d4407b1999}, {a2c1a8ab-3e11-4e68-8f6b-70d4407b1999}