04-26 11:58:50.032 W/WifiHW  (   83): wifi_command: SIGNAL_POLL
04-26 11:58:50.062 E/[Gralloc-ERROR](   83): int gralloc_unregister_buffer(const gralloc_module_t*, const native_handle_t*):274 Trying to unregister buffer 0x444b0420 from process 83 that was not created in current process: 83
04-26 11:58:50.072 E/[Gralloc-ERROR](   83): int gralloc_unregister_buffer(const gralloc_module_t*, const native_handle_t*):274 Trying to unregister buffer 0x44820240 from process 83 that was not created in current process: 83
04-26 11:58:50.072 E/[Gralloc-ERROR](   83): int gralloc_unregister_buffer(const gralloc_module_t*, const native_handle_t*):274 Trying to unregister buffer 0x444b0bf0 from process 83 that was not created in current process: 83
04-26 11:58:50.072 I/Gonk    (   83): Setting nice for pid 801 to 18
04-26 11:58:50.072 I/Gonk    (   83): Changed nice for pid 801 from 18 to 18.
04-26 11:58:50.082 I/Gecko   (   83): [Parent 83] WARNING: waitpid failed pid:801 errno:10: file ../../../gecko/ipc/chromium/src/base/process_util_posix.cc, line 254
04-26 11:58:50.182 I/Gonk    (   83): Setting nice for pid 809 to 18
04-26 11:58:50.182 I/Gonk    (   83): Changed nice for pid 809 from 0 to 18.
04-26 11:58:50.282 I/Gecko   (   83): 1398538730293	Marionette	DEBUG	Got request: switchToFrame, data: {"to":"0","sessionId":"3-b2g","name":"switchToFrame","parameters":{"focus":true,"element":"{2fdc089b-a32e-4248-bd65-27d5aee42a65}"}}, id: {a9b1f8ed-0db7-43dd-866d-c2c497ac942c}
04-26 11:58:50.292 I/Gecko   (   83): 1398538730308	Marionette	INFO	Switched to frame: {"frameValue":"{2fdc089b-a32e-4248-bd65-27d5aee42a65}"}
04-26 11:58:50.312 I/Gecko   (   83): 1398538730323	Marionette	INFO	trying remote frame 0
04-26 11:58:50.322 I/Gecko   (   83): 1398538730333	Marionette	INFO	deleting frame
04-26 11:58:50.332 I/Gecko   (   83): 1398538730340	Marionette	INFO	frame-manager load script: [object ChromeMessageSender]
04-26 11:58:50.362 E/GeckoConsole(  748): Content JS LOG at app://{30d035ea-3c78-43fc-b68c-ccfb6116046b}/js/db.js:23 in database.initialize/request.onsuccess: DB open success
04-26 11:58:50.362 E/GeckoConsole(  748): Content JS LOG at app://{30d035ea-3c78-43fc-b68c-ccfb6116046b}/js/db.js:26 in database.initialize/request.onsuccess:    db version : 1
04-26 11:58:50.362 E/GeckoConsole(  748): Content JS LOG at app://{30d035ea-3c78-43fc-b68c-ccfb6116046b}/js/db.js:137 in database.loadSettings: loadSettings
04-26 11:58:50.362 E/GeckoConsole(  748): Content JS LOG at app://{30d035ea-3c78-43fc-b68c-ccfb6116046b}/js/db.js:74 in database.loadAllFeeds: loadAllFeeds
04-26 11:58:50.762 I/Gecko   (   83): 1398538730772	Marionette	INFO	sendToClient: {"from":"0","ok":true}, {a9b1f8ed-0db7-43dd-866d-c2c497ac942c}, {a9b1f8ed-0db7-43dd-866d-c2c497ac942c}
04-26 11:58:50.822 I/Gecko   (   83): 1398538730836	Marionette	INFO	sendToClient: {"from":"0","value":"app://{30d035ea-3c78-43fc-b68c-ccfb6116046b}/index.html"}, {b2b61e2a-ce99-4275-aa86-f75057401481}, {b2b61e2a-ce99-4275-aa86-f75057401481}
04-26 11:58:50.832 I/Gecko   (   83): 1398538730843	Marionette	DEBUG	Got request: execute, data: {"to":"0","sessionId":"3-b2g","name":"executeScript","parameters":{"specialPowers":false,"scriptTimeout":null,"newSandbox":true,"args":[],"filename":"app_checker.py","script":"return window.document.readyState;","line":191}}, id: {3b69a58d-0e5d-4d99-9afa-939d6330d470}
04-26 11:58:50.832 E/GeckoConsole(  748): Content JS LOG at app://{30d035ea-3c78-43fc-b68c-ccfb6116046b}/js/db.js:152 in anonymous: Got all settings
04-26 11:58:50.832 E/GeckoConsole(  748): Content JS LOG at app://{30d035ea-3c78-43fc-b68c-ccfb6116046b}/js/db.js:92 in anonymous: Got all feeds: 0
04-26 11:58:50.992 I/Gecko   (   83): 1398538731007	Marionette	INFO	sendToClient: {"from":"0","value":"complete"}, {3b69a58d-0e5d-4d99-9afa-939d6330d470}, {3b69a58d-0e5d-4d99-9afa-939d6330d470}
04-26 11:58:51.042 I/Gecko   (   83): 1398538731057	Marionette	INFO	sendToClient: {"from":"0","value":"app://{30d035ea-3c78-43fc-b68c-ccfb6116046b}/index.html"}, {eaac43f9-d701-400b-bba4-39ac6cc38d16}, {eaac43f9-d701-400b-bba4-39ac6cc38d16}
04-26 11:58:51.082 I/Gecko   (  748): Attempting load of libEGL.so
04-26 11:58:51.082 I/Gonk    (   83): Setting nice for pid 801 to 18
04-26 11:58:51.082 I/Gonk    (   83): Changed nice for pid 801 from 18 to 18.
04-26 11:58:51.112 D/libEGL  (  748): loaded /system/lib/egl/libEGL_mali.so
04-26 11:58:51.132 D/libEGL  (  748): loaded /system/lib/egl/libGLESv1_CM_mali.so
04-26 11:58:51.132 D/libEGL  (  748): loaded /system/lib/egl/libGLESv2_mali.so
04-26 11:58:51.202 I/Gecko   (  748): SharedSurface_Gralloc::Create -------
04-26 11:58:51.262 I/Gecko   (  748): SharedSurface_Gralloc::Create: success -- surface 0x440b1c40, GraphicBuffer 0x43603180.
04-26 11:58:51.712 I/log     (  820): <4>0[ 320.765749] select 801 ((Preallocated a), adj 8, size 2765, to kill 
04-26 11:58:52.152 I/Gecko   (   83): 
04-26 11:58:52.152 I/Gecko   (   83): ###!!! [Parent][MessageChannel] Error: Channel error: cannot send/recv
04-26 11:58:52.152 I/Gecko   (   83): 
04-26 11:58:52.342 I/Gecko   (   83): [Parent 83] WARNING: waitpid failed pid:801 errno:10: file ../../../gecko/ipc/chromium/src/base/process_util_posix.cc, line 254
04-26 11:58:52.762 I/Gecko   (   83): 1398538732758	Marionette	INFO	sendToClient: {"from":"0","value":"iVBORw0KGgoAAAANSUhEUgAAAUAAAAHMCAYAAACk4nEJAAASlElEQVR4nO3c+3PV5Z3Acf+e3Wl3tLXutF1Hd+3Odsbt9Opau9MFlGq9V9d6oYJtvbDeqmAlVtpqbXW3epKTDlqpAmJKLCIhkEC4JyEhCAmBXMBLgc/+EHNMSMJJIPRk/LzOzOsHzvfJkyffMO+c8/0+yTnrZ50bABmdU+kFAFSKAAJpCSCQlgACaQkgkJYAAmkJIJCWAAJpCSCQlgACaQkgkJYAAmkJIJCWAAIzWk9dbRxt3xqN11447XMLIDBj9dTVxvDjbERwSgHseaM64sSJM9KzuibWzYAT+0nQcOX5FV/DTNdw5fmx5e7LYtPN/1rxtayfdW6sn/OZmb2+GaTx2gvjaPvWGPmY7ghOKYB9TWviTB8tq/8Yr3zr7yt+cj8J4sTx+KBnXzR+/4sVX8tMte3+OdFVrIq91T+PDd/7x4qto/mOr0bn7x+L3VV3zsj1VVrjtRdGx/MPjQneeI/pjOCUAvjum7VlF1fu8VbhN1H8+t9V/IRPVsOcz8bRPdsm1LZ0QcXWNvw4G9dGZrJdT/x3tD97X1kbb7okmm67NDpffDxal86P9bPPq9iat9x9WXQVq8YEcKasr6Lfz0W3xLEj/VPqSE9d7bR87kkHcO13/yFe+/6Xovae6+KZ2+eelmdvnxtPX/FPsfyyT1X8pE9Ww5zPlk76wPYN0b957Sjb/+d7FVtb1gDufvL22PPbhSV7q5+MrmJVdLzwyKjnNwy/Mp4BYZkogDNlfZXStnTBlF9EVeQV4LpZQxFcfcWn40//8anT8vrln4rVV3w61n638id+skYGcNNNl1R8PSNlDeDJ9vx2YXQVq6L59q9UfC0TOWUAk9q16JYxcetvWRdtSxfE9oVzx31lWNFrgBlNNYBb750VB157IQa2NcTBNcti95I7J/
04-26 11:58:52.992 I/Gecko   (   83): 1398538733007	Marionette	INFO	sendToClient: {"from":"0","ok":true}, {8e218a7f-baee-45f3-a6b7-73ba7836d018}, {8e218a7f-baee-45f3-a6b7-73ba7836d018}
04-26 11:58:53.042 I/Gecko   (   83): 1398538733051	Marionette	DEBUG	Got request: switchToFrame, data: {"to":"0","sessionId":"3-b2g","name":"switchToFrame","parameters":{"id":null,"focus":true}}, id: {e96d60d2-fb03-42ad-83db-fe4c97af512a}
04-26 11:58:53.052 I/Gecko   (   83): 1398538733064	Marionette	INFO	Switched to frame: {"frameValue":null}
04-26 11:58:53.152 I/Gecko   (   83): 1398538733168	Marionette	INFO	sendToClient: {"from":"0","ok":true}, {e96d60d2-fb03-42ad-83db-fe4c97af512a}, {e96d60d2-fb03-42ad-83db-fe4c97af512a}
04-26 11:58:53.172 I/Gecko   (   83): 1398538733180	Marionette	DEBUG	Got request: executeWithCallback, data: {"to":"0","sessionId":"3-b2g","name":"executeAsyncScript","parameters":{"specialPowers":false,"scriptTimeout":null,"newSandbox":true,"args":[],"filename":"gaia_test.py","script":"return GaiaApps.displayedApp();","line":66}}, id: {50f071c9-e1b1-4bf0-b4f1-4416a2f33793}
04-26 11:58:53.292 I/Gecko   (   83): 1398538733300	Marionette	INFO	sendToClient: {"from":"0","value":{"frame":{"ELEMENT":"{2fdc089b-a32e-4248-bd65-27d5aee42a65}"},"src":"app://{30d035ea-3c78-43fc-b68c-ccfb6116046b}/index.html","name":"SimpleRSS","origin":"app://{30d035ea-3c78-43fc-b68c-ccfb6116046b}"}}, {50f071c9-e1b1-4bf0-b4f1-4416a2f33793}, {50f071c9-e1b1-4bf0-b4f1-4416a2f33793}
04-26 11:58:53.292 I/Gecko   (   83): 1398538733306	Marionette	DEBUG	Got request: switchToFrame, data: {"to":"0","sessionId":"3-b2g","name":"switchToFrame","parameters":{"id":null,"focus":true}}, id: {0bfefdf5-ecb5-4e00-ba2c-953e3022bb8a}
04-26 11:58:53.302 E/GeckoConsole(   83): Content JS LOG at dummy file:392 in GaiaApps.displayedApp: app with origin 'app://{30d035ea-3c78-43fc-b68c-ccfb6116046b}' is displayed
04-26 11:58:53.302 I/Gecko   (   83): 1398538733310	Marionette	INFO	Switched to frame: {"frameValue":null}
04-26 11:58:53.402 I/Gecko   (   83): 1398538733415	Marionette	INFO	sendToClient: {"from":"0","ok":true}, {0bfefdf5-ecb5-4e00-ba2c-953e3022bb8a}, {0bfefdf5-ecb5-4e00-ba2c-953e3022bb8a}
04-26 11:58:53.412 I/Gecko   (   83): 1398538733423	Marionette	DEBUG	Got request: execute, data: {"to":"0","sessionId":"3-b2g","name":"executeScript","parameters":{"specialPowers":false,"scriptTimeout":null,"newSandbox":true,"args":[],"filename":"gaia_test.py","script":"window.wrappedJSObject.dispatchEvent(new Event('home'));","line":788}}, id: {5b6114ef-3a9d-451d-993c-fe4a197a7998}
04-26 11:58:53.482 I/Gonk    (   83): Setting nice for pid 809 to 18
04-26 11:58:53.492 I/Gonk    (   83): Changed nice for pid 809 from 18 to 18.
04-26 11:58:53.492 I/Gecko   (   83): [Parent 83] WARNING: waitpid failed pid:809 errno:10: file ../../../gecko/ipc/chromium/src/base/process_util_posix.cc, line 254
04-26 11:58:53.492 I/Gonk    (   83): Setting nice for pid 809 to 1
04-26 11:58:53.492 I/Gonk    (   83): Changed nice for pid 809 from 18 to 1.
04-26 11:58:53.512 D/Sensors (   83): activate handle=0; drv=0
04-26 11:58:53.512 D/Sensors (   83): Lis3dhSensor: Control set 0
04-26 11:58:53.512 D/Sensors (   83): Lis3dhSensor: mEnabled = 0
04-26 11:58:53.542 I/Gecko   (   83): 1398538733550	Marionette	INFO	sendToClient: {"from":"0","value":null}, {5b6114ef-3a9d-451d-993c-fe4a197a7998}, {5b6114ef-3a9d-451d-993c-fe4a197a7998}
04-26 11:58:53.552 I/Gecko   (   83): 1398538733563	Marionette	DEBUG	Got request: switchToFrame, data: {"to":"0","sessionId":"3-b2g","name":"switchToFrame","parameters":{"id":null,"focus":true}}, id: {ddd04479-c937-4838-81d8-3da3d86701f3}
04-26 11:58:53.552 I/Gecko   (   83): 1398538733566	Marionette	INFO	Switched to frame: {"frameValue":null}
04-26 11:58:53.652 I/Gecko   (   83): 1398538733668	Marionette	INFO	sendToClient: {"from":"0","ok":true}, {ddd04479-c937-4838-81d8-3da3d86701f3}, {ddd04479-c937-4838-81d8-3da3d86701f3}
04-26 11:58:53.662 I/Gecko   (   83): 1398538733675	Marionette	DEBUG	Got request: executeWithCallback, data: {"to":"0","sessionId":"3-b2g","name":"executeAsyncScript","parameters":{"specialPowers":false,"scriptTimeout":null,"newSandbox":true,"args":[],"filename":"gaia_test.py","script":"return GaiaApps.displayedApp();","line":66}}, id: {467b316d-44ae-46cb-a7fe-1802224b0f7b}
04-26 11:58:53.722 I/Gecko   (   83): 1398538733730	Marionette	INFO	sendToClient: {"from":"0","value":{"frame":{"ELEMENT":"{d940e362-e9ce-45c0-b951-8875c08a9503}"},"src":"app://homescreen.gaiamobile.org/index.html#root","name":"Homescreen","origin":"app://homescreen.gaiamobile.org"}}, {467b316d-44ae-46cb-a7fe-1802224b0f7b}, {467b316d-44ae-46cb-a7fe-1802224b0f7b}
04-26 11:58:53.732 E/GeckoConsole(   83): Content JS LOG at dummy file:392 in GaiaApps.displayedApp: app with origin 'app://homescreen.gaiamobile.org' is displayed
04-26 11:58:53.732 I/Gecko   (   83): 1398538733741	Marionette	DEBUG	Got request: switchToFrame, data: {"to":"0","sessionId":"3-b2g","name":"switchToFrame","parameters":{"id":null,"focus":true}}, id: {42116fda-f532-4a4b-97d2-871aa8eaf26b}
04-26 11:58:53.732 I/Gecko   (   83): 1398538733743	Marionette	INFO	Switched to frame: {"frameValue":null}
04-26 11:58:53.852 I/Gecko   (   83): 1398538733865	Marionette	INFO	sendToClient: {"from":"0","ok":true}, {42116fda-f532-4a4b-97d2-871aa8eaf26b}, {42116fda-f532-4a4b-97d2-871aa8eaf26b}
04-26 11:58:53.872 I/Gecko   (   83): 1398538733884	Marionette	DEBUG	Got request: switchToFrame, data: {"to":"0","sessionId":"3-b2g","name":"switchToFrame","parameters":{"id":null,"focus":true}}, id: {977e6f7e-4df8-4baf-b934-ec0f617131a1}
04-26 11:58:53.872 I/Gecko   (   83): 1398538733886	Marionette	INFO	Switched to frame: {"frameValue":null}
04-26 11:58:53.972 I/Gecko   (   83): 1398538733988	Marionette	INFO	sendToClient: {"from":"0","ok":true}, {977e6f7e-4df8-4baf-b934-ec0f617131a1}, {977e6f7e-4df8-4baf-b934-ec0f617131a1}
04-26 11:58:53.982 I/Gecko   (   83): 1398538733995	Marionette	DEBUG	Got request: executeWithCallback, data: {"to":"0","sessionId":"3-b2g","name":"executeAsyncScript","parameters":{"specialPowers":false,"scriptTimeout":null,"newSandbox":true,"args":[],"filename":"gaia_test.py","script":"return GaiaApps.displayedApp();","line":66}}, id: {e14de76b-d3a8-4302-b5fc-85823af147d5}
04-26 11:58:54.062 I/Gecko   (   83): 1398538734070	Marionette	INFO	sendToClient: {"from":"0","value":{"frame":{"ELEMENT":"{d940e362-e9ce-45c0-b951-8875c08a9503}"},"src":"app://homescreen.gaiamobile.org/index.html#root","name":"Homescreen","origin":"app://homescreen.gaiamobile.org"}}, {e14de76b-d3a8-4302-b5fc-85823af147d5}, {e14de76b-d3a8-4302-b5fc-85823af147d5}
04-26 11:58:54.062 E/GeckoConsole(   83): Content JS LOG at dummy file:392 in GaiaApps.displayedApp: app with origin 'app://homescreen.gaiamobile.org' is displayed
04-26 11:58:54.082 I/Gecko   (   83): 1398538734094	Marionette	DEBUG	Got request: switchToFrame, data: {"to":"0","sessionId":"3-b2g","name":"switchToFrame","parameters":{"focus":true,"element":"{d940e362-e9ce-45c0-b951-8875c08a9503}"}}, id: {f1ea0f84-25ae-49ec-8859-93e5a76c1976}
04-26 11:58:54.102 I/Gecko   (   83): 1398538734112	Marionette	INFO	Switched to frame: {"frameValue":"{d940e362-e9ce-45c0-b951-8875c08a9503}"}
04-26 11:58:54.112 I/Gecko   (   83): 1398538734121	Marionette	INFO	trying remote frame 0
04-26 11:58:54.112 I/Gecko   (   83): 1398538734127	Marionette	INFO	frame-manager load script: [object ChromeMessageSender]
04-26 11:58:54.342 I/Gecko   (   83): [Parent 83] WARNING: waitpid failed pid:801 errno:10: file ../../../gecko/ipc/chromium/src/base/process_util_posix.cc, line 254
04-26 11:58:54.342 I/Gecko   (   83): [Parent 83] WARNING: Failed to deliver SIGKILL to 801!(3).: file ../../../gecko/ipc/chromium/src/chrome/common/process_watcher_posix_sigchld.cc, line 118
04-26 11:58:54.682 I/Gecko   (  809): ###################################### forms.js loaded
04-26 11:58:54.762 I/Gecko   (  809): ############################### browserElementPanning.js loaded
04-26 11:58:54.782 E/[Gralloc-ERROR](   83): int gralloc_register_buffer(const gralloc_module_t*, const native_handle_t*):79 Unable to register handle 0x453df6f0 coming from different process: 83
04-26 11:58:54.782 E/[Gralloc-ERROR](   83): int gralloc_register_buffer(const gralloc_module_t*, const native_handle_t*):79 Unable to register handle 0x453df7e0 coming from different process: 83
04-26 11:58:54.892 I/Gecko   (  809): ######################## BrowserElementChildPreload.js loaded
04-26 11:58:54.982 E/[Gralloc-ERROR](   83): int gralloc_unregister_buffer(const gralloc_module_t*, const native_handle_t*):274 Trying to unregister buffer 0x453df7e0 from process 83 that was not created in current process: 83
04-26 11:58:54.982 E/[Gralloc-ERROR](   83): int gralloc_unregister_buffer(const gralloc_module_t*, const native_handle_t*):274 Trying to unregister buffer 0x453df6f0 from process 83 that was not created in current process: 83
04-26 11:58:55.092 W/WifiHW  (   83): wifi_command: SIGNAL_POLL
04-26 11:58:55.412 I/Gonk    (   83): Setting nice for pid 824 to 18
04-26 11:58:55.442 I/Gonk    (   83): Changed nice for pid 824 from 0 to 18.
04-26 11:58:55.522 I/Gonk    (   83): Setting nice for pid 748 to 18
04-26 11:58:55.522 I/Gonk    (   83): Changed nice for pid 748 from 1 to 18.
04-26 11:58:56.422 I/Gecko   (   83): 1398538736433	Marionette	INFO	sendToClient: {"from":"0","ok":true}, {f1ea0f84-25ae-49ec-8859-93e5a76c1976}, {f1ea0f84-25ae-49ec-8859-93e5a76c1976}
04-26 11:58:56.722 I/Gecko   (   83): 1398538736736	Marionette	INFO	sendToClient: {"from":"0","value":"app://homescreen.gaiamobile.org/index.html#root"}, {cf7b7869-67c9-48d8-a36a-7be0b2e2be16}, {cf7b7869-67c9-48d8-a36a-7be0b2e2be16}
04-26 11:58:56.732 I/Gecko   (   83): 1398538736742	Marionette	DEBUG	Got request: switchToFrame, data: {"to":"0","sessionId":"3-b2g","name":"switchToFrame","parameters":{"id":null,"focus":true}}, id: {585a0cb3-008f-42da-a219-4a83e2e0099b}
04-26 11:58:56.762 I/Gecko   (   83): 
04-26 11:58:56.762 I/Gecko   (   83): ###!!! [Parent][MessageChannel] Error: Channel error: cannot send/recv
04-26 11:58:56.762 I/Gecko   (   83): 
04-26 11:58:56.822 I/Gecko   (   83): 1398538736835	Marionette	INFO	Switched to frame: {"frameValue":null}
04-26 11:58:56.832 I/Gecko   (   83): [Parent 83] WARNING: waitpid failed pid:748 errno:10: file ../../../gecko/ipc/chromium/src/base/process_util_posix.cc, line 254
04-26 11:58:56.932 I/Gecko   (   83): 1398538736939	Marionette	INFO	sendToClient: {"from":"0","ok":true}, {585a0cb3-008f-42da-a219-4a83e2e0099b}, {585a0cb3-008f-42da-a219-4a83e2e0099b}
04-26 11:58:56.932 I/Gecko   (   83): 1398538736945	Marionette	DEBUG	Got request: switchToFrame, data: {"to":"0","sessionId":"3-b2g","name":"switchToFrame","parameters":{"id":null,"focus":true}}, id: {31f80d08-2d2d-4843-99d2-5eb733ef96ac}
04-26 11:58:56.932 I/Gecko   (   83): 1398538736947	Marionette	INFO	Switched to frame: {"frameValue":null}
04-26 11:58:57.042 I/Gecko   (   83): 1398538737050	Marionette	INFO	sendToClient: {"from":"0","ok":true}, {31f80d08-2d2d-4843-99d2-5eb733ef96ac}, {31f80d08-2d2d-4843-99d2-5eb733ef96ac}
04-26 11:58:57.042 I/Gecko   (   83): 1398538737056	Marionette	DEBUG	Got request: executeWithCallback, data: {"to":"0","sessionId":"3-b2g","name":"executeAsyncScript","parameters":{"specialPowers":false,"scriptTimeout":null,"newSandbox":true,"args":[],"filename":"gaia_test.py","script":"GaiaApps.killAll()","line":91}}, id: {7476c442-f557-416e-bc17-10f0fdb61e48}
04-26 11:58:57.392 E/GeckoConsole(   83): Content JS LOG at dummy file:266 in GaiaApps.kill: terminating app with origin 'app://browser.gaiamobile.org'
04-26 11:58:57.392 E/GeckoConsole(   83): Content JS LOG at dummy file:258 in GaiaApps.kill/gt_onAppTerminated/<: app with origin 'app://browser.gaiamobile.org' has terminated
04-26 11:58:57.622 I/Gecko   (   83): 1398538737633	Marionette	INFO	sendToClient: {"from":"0","value":true}, {7476c442-f557-416e-bc17-10f0fdb61e48}, {7476c442-f557-416e-bc17-10f0fdb61e48}