--------- beginning of /dev/log/main
04-26 11:58:29.222 I/GeckoDump(   83): XXX FIXME : Got a mozContentEvent: inputmethod-update-layouts
04-26 11:58:29.222 I/Gecko   (   83): 1398538709234	Marionette	INFO	sendToClient: {"from":"0","value":true}, {6146f1be-af6c-4215-a3fb-5dad4b7aa1db}, {6146f1be-af6c-4215-a3fb-5dad4b7aa1db}
04-26 11:58:29.522 I/Gecko   (   83): 1398538709532	Marionette	INFO	sendToClient: {"from":"0","ok":true}, {b9ee49d9-e91e-408c-b7fa-d1a660796705}, {b9ee49d9-e91e-408c-b7fa-d1a660796705}
04-26 11:58:29.532 I/Gecko   (   83): 1398538709540	Marionette	DEBUG	Got request: switchToFrame, data: {"to":"0","sessionId":"3-b2g","name":"switchToFrame","parameters":{"id":null,"focus":true}}, id: {2e2f25f3-0777-4fa7-9744-72a6474f651e}
04-26 11:58:29.532 I/Gecko   (   83): 1398538709542	Marionette	INFO	Switched to frame: {"frameValue":null}
04-26 11:58:29.632 W/WifiHW  (   83): wifi_command: SIGNAL_POLL
04-26 11:58:29.632 I/Gecko   (   83): 1398538709647	Marionette	INFO	sendToClient: {"from":"0","ok":true}, {2e2f25f3-0777-4fa7-9744-72a6474f651e}, {2e2f25f3-0777-4fa7-9744-72a6474f651e}
04-26 11:58:29.642 I/Gecko   (   83): 1398538709654	Marionette	DEBUG	Got request: executeWithCallback, data: {"to":"0","sessionId":"3-b2g","name":"executeAsyncScript","parameters":{"specialPowers":false,"scriptTimeout":null,"newSandbox":true,"args":[],"filename":"gaia_test.py","script":"return GaiaApps.displayedApp();","line":66}}, id: {8525eca3-aecd-491b-a525-5313fd796c86}
04-26 11:58:29.682 I/Gecko   (   83): 1398538709697	Marionette	INFO	sendToClient: {"from":"0","value":{"frame":{"ELEMENT":"{5bc95071-6fd3-4f27-ada9-35704dc9df9e}"},"src":"app://browser.gaiamobile.org/index.html","name":"Browser","origin":"app://browser.gaiamobile.org"}}, {8525eca3-aecd-491b-a525-5313fd796c86}, {8525eca3-aecd-491b-a525-5313fd796c86}
04-26 11:58:29.692 I/Gecko   (   83): 1398538709707	Marionette	DEBUG	Got request: switchToFrame, data: {"to":"0","sessionId":"3-b2g","name":"switchToFrame","parameters":{"id":null,"focus":true}}, id: {acf27f63-9c3d-4cdb-83d5-204ce2c8a16a}
04-26 11:58:29.702 E/GeckoConsole(   83): Content JS LOG at dummy file:392 in GaiaApps.displayedApp: app with origin 'app://browser.gaiamobile.org' is displayed
04-26 11:58:29.702 I/Gecko   (   83): 1398538709714	Marionette	INFO	Switched to frame: {"frameValue":null}
04-26 11:58:29.802 I/Gecko   (   83): 1398538709818	Marionette	INFO	sendToClient: {"from":"0","ok":true}, {acf27f63-9c3d-4cdb-83d5-204ce2c8a16a}, {acf27f63-9c3d-4cdb-83d5-204ce2c8a16a}
04-26 11:58:29.812 I/Gecko   (   83): 1398538709825	Marionette	DEBUG	Got request: execute, data: {"to":"0","sessionId":"3-b2g","name":"executeScript","parameters":{"specialPowers":false,"scriptTimeout":null,"newSandbox":true,"args":[],"filename":"gaia_test.py","script":"window.wrappedJSObject.dispatchEvent(new Event('home'));","line":788}}, id: {77d4b87a-8c77-47f4-b16c-6c01dc324e12}
04-26 11:58:29.892 I/Gonk    (   83): Setting nice for pid 725 to 18
04-26 11:58:29.892 I/Gonk    (   83): Changed nice for pid 725 from 18 to 18.
04-26 11:58:29.892 I/Gecko   (   83): [Parent 83] WARNING: waitpid failed pid:725 errno:10: file ../../../gecko/ipc/chromium/src/base/process_util_posix.cc, line 254
04-26 11:58:29.902 I/Gonk    (   83): Setting nice for pid 725 to 1
04-26 11:58:29.902 I/Gonk    (   83): Changed nice for pid 725 from 18 to 1.
04-26 11:58:29.922 D/Sensors (   83): activate handle=0; drv=0
04-26 11:58:29.922 D/Sensors (   83): Lis3dhSensor: Control set 0
04-26 11:58:29.922 D/Sensors (   83): Lis3dhSensor: mEnabled = 0
04-26 11:58:29.972 I/Gecko   (   83): 1398538709983	Marionette	INFO	sendToClient: {"from":"0","value":null}, {77d4b87a-8c77-47f4-b16c-6c01dc324e12}, {77d4b87a-8c77-47f4-b16c-6c01dc324e12}
04-26 11:58:30.022 I/Gecko   (   83): 1398538710029	Marionette	DEBUG	Got request: switchToFrame, data: {"to":"0","sessionId":"3-b2g","name":"switchToFrame","parameters":{"id":null,"focus":true}}, id: {8357c7c0-21a1-4d04-b4b9-78d386563e18}
04-26 11:58:30.022 I/Gecko   (   83): 1398538710032	Marionette	INFO	Switched to frame: {"frameValue":null}
04-26 11:58:30.122 I/Gecko   (   83): 1398538710135	Marionette	INFO	sendToClient: {"from":"0","ok":true}, {8357c7c0-21a1-4d04-b4b9-78d386563e18}, {8357c7c0-21a1-4d04-b4b9-78d386563e18}
04-26 11:58:30.132 I/Gecko   (   83): 1398538710144	Marionette	DEBUG	Got request: executeWithCallback, data: {"to":"0","sessionId":"3-b2g","name":"executeAsyncScript","parameters":{"specialPowers":false,"scriptTimeout":null,"newSandbox":true,"args":[],"filename":"gaia_test.py","script":"return GaiaApps.displayedApp();","line":66}}, id: {0824654f-e0cd-425e-9e4a-3efb012f361e}
04-26 11:58:30.302 I/Gecko   (   83): 1398538710310	Marionette	INFO	sendToClient: {"from":"0","value":{"frame":{"ELEMENT":"{15b88aec-e692-40e7-8766-b2645d202e65}"},"src":"app://homescreen.gaiamobile.org/index.html#root","name":"Homescreen","origin":"app://homescreen.gaiamobile.org"}}, {0824654f-e0cd-425e-9e4a-3efb012f361e}, {0824654f-e0cd-425e-9e4a-3efb012f361e}
04-26 11:58:30.302 E/GeckoConsole(   83): Content JS LOG at dummy file:392 in GaiaApps.displayedApp: app with origin 'app://homescreen.gaiamobile.org' is displayed
04-26 11:58:30.322 I/Gecko   (   83): 1398538710329	Marionette	DEBUG	Got request: switchToFrame, data: {"to":"0","sessionId":"3-b2g","name":"switchToFrame","parameters":{"id":null,"focus":true}}, id: {28577c4d-cd9a-4cfd-a6d2-d8a27cc82add}
04-26 11:58:30.322 I/Gecko   (   83): 1398538710333	Marionette	INFO	Switched to frame: {"frameValue":null}
04-26 11:58:30.452 I/Gecko   (   83): 1398538710463	Marionette	INFO	sendToClient: {"from":"0","ok":true}, {28577c4d-cd9a-4cfd-a6d2-d8a27cc82add}, {28577c4d-cd9a-4cfd-a6d2-d8a27cc82add}
04-26 11:58:30.462 I/Gecko   (   83): 1398538710473	Marionette	DEBUG	Got request: switchToFrame, data: {"to":"0","sessionId":"3-b2g","name":"switchToFrame","parameters":{"id":null,"focus":true}}, id: {d9433468-d7a3-407c-94cc-435038873b95}
04-26 11:58:30.462 I/Gecko   (   83): 1398538710475	Marionette	INFO	Switched to frame: {"frameValue":null}
04-26 11:58:30.572 I/Gecko   (   83): 1398538710582	Marionette	INFO	sendToClient: {"from":"0","ok":true}, {d9433468-d7a3-407c-94cc-435038873b95}, {d9433468-d7a3-407c-94cc-435038873b95}
04-26 11:58:30.582 I/Gecko   (   83): 1398538710597	Marionette	DEBUG	Got request: executeWithCallback, data: {"to":"0","sessionId":"3-b2g","name":"executeAsyncScript","parameters":{"specialPowers":false,"scriptTimeout":null,"newSandbox":true,"args":[],"filename":"gaia_test.py","script":"return GaiaApps.displayedApp();","line":66}}, id: {8ce8eb1a-a315-4d2a-a775-6611a2debd73}
04-26 11:58:30.752 I/Gecko   (   83): 1398538710765	Marionette	INFO	sendToClient: {"from":"0","value":{"frame":{"ELEMENT":"{15b88aec-e692-40e7-8766-b2645d202e65}"},"src":"app://homescreen.gaiamobile.org/index.html#root","name":"Homescreen","origin":"app://homescreen.gaiamobile.org"}}, {8ce8eb1a-a315-4d2a-a775-6611a2debd73}, {8ce8eb1a-a315-4d2a-a775-6611a2debd73}
04-26 11:58:30.762 E/GeckoConsole(   83): Content JS LOG at dummy file:392 in GaiaApps.displayedApp: app with origin 'app://homescreen.gaiamobile.org' is displayed
04-26 11:58:30.802 I/Gecko   (   83): 1398538710805	Marionette	DEBUG	Got request: switchToFrame, data: {"to":"0","sessionId":"3-b2g","name":"switchToFrame","parameters":{"focus":true,"element":"{15b88aec-e692-40e7-8766-b2645d202e65}"}}, id: {ae627587-f3ff-4112-bbc7-9c4db486d87a}
04-26 11:58:30.832 I/Gecko   (   83): 1398538710839	Marionette	INFO	Switched to frame: {"frameValue":"{15b88aec-e692-40e7-8766-b2645d202e65}"}
04-26 11:58:30.832 I/Gecko   (   83): 1398538710848	Marionette	INFO	trying remote frame 0
04-26 11:58:30.842 I/Gecko   (   83): 1398538710849	Marionette	INFO	deleting frame
04-26 11:58:30.902 I/Gecko   (   83): 1398538710910	Marionette	INFO	frame-manager load script: [object ChromeMessageSender]
04-26 11:58:31.272 E/[Gralloc-ERROR](   83): int gralloc_register_buffer(const gralloc_module_t*, const native_handle_t*):79 Unable to register handle 0x45b3b970 coming from different process: 83
04-26 11:58:31.302 E/[Gralloc-ERROR](   83): int gralloc_register_buffer(const gralloc_module_t*, const native_handle_t*):79 Unable to register handle 0x45b3ba10 coming from different process: 83
04-26 11:58:31.332 E/[Gralloc-ERROR](   83): int gralloc_register_buffer(const gralloc_module_t*, const native_handle_t*):79 Unable to register handle 0x45b3bab0 coming from different process: 83
04-26 11:58:31.342 E/[Gralloc-ERROR](   83): int gralloc_register_buffer(const gralloc_module_t*, const native_handle_t*):79 Unable to register handle 0x4a383560 coming from different process: 83
04-26 11:58:31.672 E/[Gralloc-ERROR](   83): int gralloc_unregister_buffer(const gralloc_module_t*, const native_handle_t*):274 Trying to unregister buffer 0x45b3ba10 from process 83 that was not created in current process: 83
04-26 11:58:31.682 E/[Gralloc-ERROR](   83): int gralloc_unregister_buffer(const gralloc_module_t*, const native_handle_t*):274 Trying to unregister buffer 0x45b3b970 from process 83 that was not created in current process: 83
04-26 11:58:31.682 E/[Gralloc-ERROR](   83): int gralloc_unregister_buffer(const gralloc_module_t*, const native_handle_t*):274 Trying to unregister buffer 0x4a383560 from process 83 that was not created in current process: 83
04-26 11:58:31.682 E/[Gralloc-ERROR](   83): int gralloc_unregister_buffer(const gralloc_module_t*, const native_handle_t*):274 Trying to unregister buffer 0x45b3bab0 from process 83 that was not created in current process: 83
04-26 11:58:32.022 I/Gecko   (  725): ###################################### forms.js loaded
04-26 11:58:32.072 I/Gecko   (  725): ############################### browserElementPanning.js loaded
04-26 11:58:32.162 I/Gecko   (  725): ######################## BrowserElementChildPreload.js loaded
04-26 11:58:33.122 E/Profiler(   83): BPUnw: [1 total] thread_unregister_for_profiling(me=0x683ee8)  (NOT REGISTERED) 
04-26 11:58:33.192 E/[Gralloc-ERROR](   83): int gralloc_unregister_buffer(const gralloc_module_t*, const native_handle_t*):274 Trying to unregister buffer 0x4a7b4420 from process 83 that was not created in current process: 83
04-26 11:58:33.192 E/[Gralloc-ERROR](   83): int gralloc_unregister_buffer(const gralloc_module_t*, const native_handle_t*):274 Trying to unregister buffer 0x4a7b4380 from process 83 that was not created in current process: 83
04-26 11:58:33.252 E/Profiler(   83): BPUnw: [1 total] thread_unregister_for_profiling(me=0x66c278)  (NOT REGISTERED) 
04-26 11:58:34.312 I/Gecko   (   83): 1398538714323	Marionette	INFO	sendToClient: {"from":"0","ok":true}, {ae627587-f3ff-4112-bbc7-9c4db486d87a}, {ae627587-f3ff-4112-bbc7-9c4db486d87a}
04-26 11:58:34.532 I/Gecko   (   83): 1398538714539	Marionette	INFO	sendToClient: {"from":"0","value":[]}, {dc4a859b-faa4-4252-9e92-c1cc0b5cbc1f}, {dc4a859b-faa4-4252-9e92-c1cc0b5cbc1f}
04-26 11:58:34.552 I/Gecko   (   83): 1398538714565	Marionette	INFO	sendToClient: {"from":"0","value":[]}, {7e9a6f44-b43c-472d-9d44-a92943f58cc2}, {7e9a6f44-b43c-472d-9d44-a92943f58cc2}
04-26 11:58:34.632 W/WifiHW  (   83): wifi_command: SIGNAL_POLL
04-26 11:58:35.052 I/Gonk    (   83): Setting nice for pid 748 to 18
04-26 11:58:35.052 I/Gonk    (   83): Changed nice for pid 748 from 0 to 18.
04-26 11:58:36.982 I/Gecko   (   83): 1398538716995	Marionette	INFO	sendToClient: {"from":"0","value":["{eee9aa53-2d83-48b3-b099-ce5b472a8718}","{06c9129b-25de-4f48-bc18-fda44bb486d4}","{6c369da5-7481-4eab-bfef-8117fa0db35d}","{b854d375-ab7a-40a1-9bd6-62ae4c226291}"]}, {4367f8f4-2dc0-4775-af65-507a1b018603}, {4367f8f4-2dc0-4775-af65-507a1b018603}
04-26 11:58:37.142 I/Gecko   (   83): 1398538717151	Marionette	INFO	sendToClient: {"from":"0","value":"<div><img src=\"blob:0321be3b-8a8e-49fe-b630-45faa41381cc\" style=\"visibility: hidden;\" role=\"presentation\" height=\"64\" width=\"64\"><span class=\"labelWrapper\"><span>Phone</span></span></div>"}, {11729e2f-3852-4f97-bf2c-cff0e17739f4}, {11729e2f-3852-4f97-bf2c-cff0e17739f4}
04-26 11:58:37.372 I/Gecko   (   83): 1398538717379	Marionette	INFO	sendToClient: {"from":"0","value":"<div><img src=\"blob:3acf40f7-6c79-4d28-b951-8f9ed534a8a5\" style=\"visibility: hidden;\" role=\"presentation\" height=\"64\" width=\"64\"><span class=\"labelWrapper\"><span>Messages</span></span></div>"}, {5a825e41-3340-4d28-9786-0742999b7b45}, {5a825e41-3340-4d28-9786-0742999b7b45}
04-26 11:58:37.572 I/Gecko   (   83): 1398538717582	Marionette	INFO	sendToClient: {"from":"0","value":"<div><img src=\"blob:7d1d4c00-f919-4fe6-b5ff-69a591b161a3\" style=\"visibility: visible;\" role=\"presentation\" height=\"64\" width=\"64\"><span class=\"labelWrapper\"><span>Contacts</span></span></div>"}, {e6564bd5-be34-43ed-8c8e-682dd8ac558a}, {e6564bd5-be34-43ed-8c8e-682dd8ac558a}
04-26 11:58:37.812 I/Gecko   (   83): 1398538717819	Marionette	INFO	sendToClient: {"from":"0","value":"<div><img src=\"blob:49ab84fa-5093-42ed-ae47-353b15c363d4\" style=\"visibility: visible;\" role=\"presentation\" height=\"64\" width=\"64\"><span class=\"labelWrapper\"><span>Browser</span></span></div>"}, {ca3ba01a-5464-40f7-a9cd-a4f229123fbf}, {ca3ba01a-5464-40f7-a9cd-a4f229123fbf}
04-26 11:58:39.422 E/GeckoConsole(  725): Content JS WARN at app://homescreen.gaiamobile.org/gaia_build_defer_index.js:184 in isHiddenApp: Unexpected role when checking hidden app: undefined
04-26 11:58:39.422 E/GeckoConsole(  725): Content JS WARN at app://homescreen.gaiamobile.org/gaia_build_defer_index.js:184 in isHiddenApp: Unexpected role when checking hidden app: undefined
04-26 11:58:39.422 E/GeckoConsole(  725): Content JS WARN at app://homescreen.gaiamobile.org/gaia_build_defer_index.js:184 in isHiddenApp: Unexpected role when checking hidden app: undefined
04-26 11:58:39.422 E/GeckoConsole(  725): Content JS WARN at app://homescreen.gaiamobile.org/gaia_build_defer_index.js:184 in isHiddenApp: Unexpected role when checking hidden app: undefined
04-26 11:58:39.422 E/GeckoConsole(  725): Content JS WARN at app://homescreen.gaiamobile.org/gaia_build_defer_index.js:184 in isHiddenApp: Unexpected role when checking hidden app: undefined
04-26 11:58:39.422 E/GeckoConsole(  725): Content JS WARN at app://homescreen.gaiamobile.org/gaia_build_defer_index.js:184 in isHiddenApp: Unexpected role when checking hidden app: undefined
04-26 11:58:39.432 E/GeckoConsole(  725): Content JS WARN at app://homescreen.gaiamobile.org/gaia_build_defer_index.js:184 in isHiddenApp: Unexpected role when checking hidden app: undefined
04-26 11:58:39.432 E/GeckoConsole(  725): Content JS WARN at app://homescreen.gaiamobile.org/gaia_build_defer_index.js:184 in isHiddenApp: Unexpected role when checking hidden app: undefined
04-26 11:58:39.432 E/GeckoConsole(  725): Content JS WARN at app://homescreen.gaiamobile.org/gaia_build_defer_index.js:184 in isHiddenApp: Unexpected role when checking hidden app: undefined
04-26 11:58:39.432 E/GeckoConsole(  725): Content JS WARN at app://homescreen.gaiamobile.org/gaia_build_defer_index.js:184 in isHiddenApp: Unexpected role when checking hidden app: undefined
04-26 11:58:39.432 E/GeckoConsole(  725): Content JS WARN at app://homescreen.gaiamobile.org/gaia_build_defer_index.js:184 in isHiddenApp: Unexpected role when checking hidden app: undefined
04-26 11:58:39.432 E/GeckoConsole(  725): Content JS WARN at app://homescreen.gaiamobile.org/gaia_build_defer_index.js:184 in isHiddenApp: Unexpected role when checking hidden app: undefined
04-26 11:58:39.432 E/GeckoConsole(  725): Content JS WARN at app://homescreen.gaiamobile.org/gaia_build_defer_index.js:184 in isHiddenApp: Unexpected role when checking hidden app: undefined
04-26 11:58:39.432 E/GeckoConsole(  725): Content JS WARN at app://homescreen.gaiamobile.org/gaia_build_defer_index.js:184 in isHiddenApp: Unexpected role when checking hidden app: undefined
04-26 11:58:39.432 E/GeckoConsole(  725): Content JS WARN at app://homescreen.gaiamobile.org/gaia_build_defer_index.js:184 in isHiddenApp: Unexpected role when checking hidden app: undefined
04-26 11:58:39.432 E/GeckoConsole(  725): Content JS WARN at app://homescreen.gaiamobile.org/gaia_build_defer_index.js:184 in isHiddenApp: Unexpected role when checking hidden app: undefined
04-26 11:58:39.432 E/GeckoConsole(  725): Content JS WARN at app://homescreen.gaiamobile.org/gaia_build_defer_index.js:184 in isHiddenApp: Unexpected role when checking hidden app: undefined
04-26 11:58:39.432 E/GeckoConsole(  725): Content JS WARN at app://homescreen.gaiamobile.org/gaia_build_defer_index.js:184 in isHiddenApp: Unexpected role when checking hidden app: undefined
04-26 11:58:39.432 E/GeckoConsole(  725): Content JS WARN at app://homescreen.gaiamobile.org/gaia_build_defer_index.js:184 in isHiddenApp: Unexpected role when checking hidden app: undefined
04-26 11:58:39.442 E/GeckoConsole(  725): Content JS WARN at app://homescreen.gaiamobile.org/gaia_build_defer_index.js:184 in isHiddenApp: Unexpected role when checking hidden app: undefined
04-26 11:58:39.442 E/GeckoConsole(  725): Content JS WARN at app://homescreen.gaiamobile.org/gaia_build_defer_index.js:184 in isHiddenApp: Unexpected role when checking hidden app: undefined
04-26 11:58:39.442 E/GeckoConsole(  725): Content JS WARN at app://homescreen.gaiamobile.org/gaia_build_defer_index.js:184 in isHiddenApp: Unexpected role when checking hidden app: undefined
04-26 11:58:39.442 E/GeckoConsole(  725): Content JS WARN at app://homescreen.gaiamobile.org/gaia_build_defer_index.js:184 in isHiddenApp: Unexpected role when checking hidden app: undefined
04-26 11:58:39.452 E/GeckoConsole(  725): Content JS WARN at app://homescreen.gaiamobile.org/gaia_build_defer_index.js:184 in isHiddenApp: Unexpected role when checking hidden app: undefined
04-26 11:58:39.652 W/WifiHW  (   83): wifi_command: SIGNAL_POLL
04-26 11:58:39.922 I/Gecko   (   83): 1398538719923	Marionette	INFO	sendToClient: {"from":"0","value":["{8082d48d-f3b2-4597-a34c-45d23329ef8e}","{c9c21f65-1d1b-4ad0-ba43-ff0e9cd16406}","{b31cbf45-5f2a-4328-adbc-2f32ae96622d}","{a6d1bc9b-6da6-4ff7-9e4c-62f481b5e0b3}","{ed98c48c-6d7c-4db9-a6b5-b806af933b39}","{46ab3f7d-2b55-4fdd-a6fe-2474b6baabc1}","{56cdd115-3e8a-44ba-9563-83429253dd64}","{2f087426-f441-465f-81e9-1780292ab37c}","{8d585c39-e256-4b28-943d-bf0f5e88c81f}","{8c5fd1cf-48a0-4dfd-b410-9bc2956fe4df}","{e26d6591-06e0-4aa6-a416-1f4f4a6ce694}","{91024a0f-32ce-4571-9732-592e04918f0a}","{66c747b9-8963-4da5-a715-e414400b7976}","{eb444ed6-35a0-4507-b07d-6c11a4d0e282}","{7f6384c0-337e-4ebf-b336-79adb9c4662e}","{fbf3733f-7a9c-4e33-9b41-ef1c6af79278}","{b51448fe-a38c-4f38-91d2-cfbf193ee42c}","{e296eefc-ee14-4b12-9f43-90e824624452}","{df4d58e4-1821-4b4e-8a9f-7961e0826d1c}","{d5c1e6c1-f023-4918-a25d-ad9832b0b96d}","{c4e286a9-b8d1-463e-8e76-233aa008619a}","{84e7ddbc-1d8a-45e5-87c1-ab49083db99e}","{360cdaa4-bb63-44e0-a884-446ed311e4d3}","{9d7f91b4-8b19
04-26 11:58:39.962 I/Gecko   (   83): 1398538719974	Marionette	INFO	sendToClient: {"from":"0","value":"<div><img src=\"blob:83d78b77-fb04-48d6-b79b-92d53832dafd\" style=\"visibility: visible;\" role=\"presentation\" height=\"64\" width=\"64\"><span class=\"labelWrapper\"><span>Social</span></span></div><span data-is-icon=\"true\" class=\"options\"></span>"}, {2bebeb90-95b1-40c9-9876-15a11ef78bea}, {2bebeb90-95b1-40c9-9876-15a11ef78bea}
04-26 11:58:39.982 I/Gecko   (   83): 1398538719995	Marionette	INFO	sendToClient: {"from":"0","value":"<div><img src=\"blob:91bf9610-15e7-4bd1-b6f9-12796f9fd42f\" style=\"visibility: visible;\" role=\"presentation\" height=\"64\" width=\"64\"><span class=\"labelWrapper\"><span>Games</span></span></div><span data-is-icon=\"true\" class=\"options\"></span>"}, {eb263a65-3e4e-4ed4-8c3f-834671a62548}, {eb263a65-3e4e-4ed4-8c3f-834671a62548}
04-26 11:58:40.002 I/Gecko   (   83): 1398538720012	Marionette	INFO	sendToClient: {"from":"0","value":"<div><img src=\"blob:3039c47e-fa4d-46bf-a900-42a9e9b3532b\" style=\"visibility: visible;\" role=\"presentation\" height=\"64\" width=\"64\"><span class=\"labelWrapper\"><span>Music</span></span></div><span data-is-icon=\"true\" class=\"options\"></span>"}, {218fd849-2d94-48f1-a1cd-373d52075aca}, {218fd849-2d94-48f1-a1cd-373d52075aca}
04-26 11:58:40.012 I/Gecko   (   83): 1398538720024	Marionette	INFO	sendToClient: {"from":"0","value":"<div><img src=\"blob:8698a014-06af-47b2-a402-55438fd4bd57\" style=\"visibility: visible;\" role=\"presentation\" height=\"64\" width=\"64\"><span class=\"labelWrapper\"><span>Showbiz</span></span></div><span data-is-icon=\"true\" class=\"options\"></span>"}, {388b56f1-c65d-4f9c-b441-438e57417e03}, {388b56f1-c65d-4f9c-b441-438e57417e03}
04-26 11:58:40.022 I/Gecko   (   83): 1398538720036	Marionette	INFO	sendToClient: {"from":"0","value":"<div><img src=\"blob:afb3236c-9109-40d6-b586-54f4359e3bd8\" style=\"visibility: visible;\" role=\"presentation\" height=\"64\" width=\"64\"><span class=\"labelWrapper\"><span>Camera</span></span></div>"}, {e2465c3e-2e3a-474f-af95-820a07f7006b}, {e2465c3e-2e3a-474f-af95-820a07f7006b}
04-26 11:58:40.032 I/Gecko   (   83): 1398538720047	Marionette	INFO	sendToClient: {"from":"0","value":"<div><img src=\"blob:3e2a96f8-43a4-427f-9dba-4419c1e6614d\" style=\"visibility: visible;\" role=\"presentation\" height=\"64\" width=\"64\"><span class=\"labelWrapper\"><span>Gallery</span></span></div>"}, {18070427-80a5-4ca2-a829-e611ade322bb}, {18070427-80a5-4ca2-a829-e611ade322bb}
04-26 11:58:40.042 I/Gecko   (   83): 1398538720058	Marionette	INFO	sendToClient: {"from":"0","value":"<div><img src=\"blob:f16f6f17-01db-4daa-abdd-3c298ddcbc4d\" style=\"visibility: visible;\" role=\"presentation\" height=\"64\" width=\"64\"><span class=\"labelWrapper\"><span>FM Radio</span></span></div>"}, {56911581-2aee-464d-946f-88ba3abf0323}, {56911581-2aee-464d-946f-88ba3abf0323}
04-26 11:58:40.062 I/Gecko   (   83): 1398538720068	Marionette	INFO	sendToClient: {"from":"0","value":"<div><img src=\"blob:3da7c869-17a6-42a4-bb83-a844f7d22c98\" style=\"visibility: visible;\" role=\"presentation\" height=\"64\" width=\"64\"><span class=\"labelWrapper\"><span>Settings</span></span></div>"}, {25e7c693-a2a1-4436-8d44-9ce401ebbe1f}, {25e7c693-a2a1-4436-8d44-9ce401ebbe1f}
04-26 11:58:40.072 I/Gecko   (   83): 1398538720081	Marionette	INFO	sendToClient: {"from":"0","value":"<div><img src=\"blob:deec50b8-62b2-4efc-9719-3e3523aab549\" style=\"visibility: visible;\" role=\"presentation\" height=\"64\" width=\"64\"><span class=\"labelWrapper\"><span>Marketplace</span></span></div>"}, {06595508-ab06-40fa-b7c8-19077167fefd}, {06595508-ab06-40fa-b7c8-19077167fefd}
04-26 11:58:40.082 I/Gecko   (   83): 1398538720091	Marionette	INFO	sendToClient: {"from":"0","value":"<div><img src=\"blob:5a648aec-37d7-4155-86e4-4547a5312f83\" style=\"visibility: visible;\" role=\"presentation\" height=\"64\" width=\"64\"><span class=\"labelWrapper\"><span>Calendar</span></span></div>"}, {36cce2d3-446d-41c9-af29-b0afe01b1940}, {36cce2d3-446d-41c9-af29-b0afe01b1940}
04-26 11:58:40.092 I/Gecko   (   83): 1398538720102	Marionette	INFO	sendToClient: {"from":"0","value":"<div><img src=\"blob:517df429-a51b-4d56-adc8-ec6a1b69afeb\" style=\"visibility: visible;\" role=\"presentation\" height=\"64\" width=\"64\"><span class=\"labelWrapper\"><span>Clock</span></span></div>"}, {ca2360de-a75b-45be-b21d-950cf6c0fef0}, {ca2360de-a75b-45be-b21d-950cf6c0fef0}
04-26 11:58:40.152 I/Gecko   (   83): 1398538720161	Marionette	INFO	sendToClient: {"from":"0","value":"<div><img src=\"blob:b778b8dc-0de5-4998-ac22-fea4c6824795\" style=\"visibility: visible;\" role=\"presentation\" height=\"64\" width=\"64\"><span class=\"labelWrapper\"><span>Usage</span></span></div>"}, {89258456-e9db-4c2c-a347-7e4f677ef47a}, {89258456-e9db-4c2c-a347-7e4f677ef47a}
04-26 11:58:40.172 I/Gecko   (   83): 1398538720184	Marionette	INFO	sendToClient: {"from":"0","value":"<div><img src=\"blob:c99159f6-391f-40ab-bd45-b86167b77b10\" style=\"visibility: visible;\" role=\"presentation\" height=\"64\" width=\"64\"><span class=\"labelWrapper\"><span>E-Mail</span></span></div>"}, {840092f6-f24d-4cc5-94f3-585666336f19}, {840092f6-f24d-4cc5-94f3-585666336f19}
04-26 11:58:40.182 I/Gecko   (   83): 1398538720195	Marionette	INFO	sendToClient: {"from":"0","value":"<div><img src=\"blob:18e566e7-1417-4874-ba58-94901fb90e85\" style=\"visibility: visible;\" role=\"presentation\" height=\"64\" width=\"64\"><span class=\"labelWrapper\"><span>Music</span></span></div>"}, {7e89661a-0074-4a6a-a31c-c7140fd557c7}, {7e89661a-0074-4a6a-a31c-c7140fd557c7}
04-26 11:58:40.202 I/Gecko   (   83): 1398538720213	Marionette	INFO	sendToClient: {"from":"0","value":"<div><img src=\"blob:01adfc4a-fcbc-4a0f-b178-bacdfa7ae0c4\" style=\"visibility: visible;\" role=\"presentation\" height=\"64\" width=\"64\"><span class=\"labelWrapper\"><span>Video</span></span></div>"}, {afc654d0-57ef-4aa9-8073-7103ff4c263e}, {afc654d0-57ef-4aa9-8073-7103ff4c263e}
04-26 11:58:40.212 I/Gecko   (   83): 1398538720226	Marionette	INFO	sendToClient: {"from":"0","value":"<div><img src=\"blob:2411a441-5a90-4434-8be9-1d7509cc59d2\" style=\"visibility: visible;\" role=\"presentation\" height=\"64\" width=\"64\"><span class=\"labelWrapper mask\"><span>GoldNuggets</span></span></div><span data-is-icon=\"true\" class=\"options\"></span>"}, {8c2d0657-64df-469b-8197-3039c7426e78}, {8c2d0657-64df-469b-8197-3039c7426e78}
04-26 11:58:40.262 I/Gecko   (   83): 1398538720269	Marionette	INFO	sendToClient: {"from":"0","value":"<div><img src=\"blob:8624f714-73b6-4874-8894-ac96a57906f2\" style=\"visibility: visible;\" role=\"presentation\" height=\"64\" width=\"64\"><span class=\"labelWrapper mask\"><span>Space Shooter</span></span></div><span data-is-icon=\"true\" class=\"options\"></span>"}, {760cd37d-bd0f-4954-8c39-1cd867c8f89a}, {760cd37d-bd0f-4954-8c39-1cd867c8f89a}
04-26 11:58:40.282 I/Gecko   (   83): 1398538720280	Marionette	INFO	sendToClient: {"from":"0","value":"<div><img src=\"blob:781e2552-9e68-4d90-bec0-ca93b40db59f\" style=\"visibility: visible;\" role=\"presentation\" height=\"64\" width=\"64\"><span class=\"labelWrapper mask\"><span>Rebel Thumb</span></span></div><span data-is-icon=\"true\" class=\"options\"></span>"}, {8d0928e9-628f-4ff9-b0c7-ac39a6a6fc34}, {8d0928e9-628f-4ff9-b0c7-ac39a6a6fc34}
04-26 11:58:40.292 I/Gecko   (   83): 1398538720305	Marionette	INFO	sendToClient: {"from":"0","value":"<div><img src=\"blob:51c66a6e-b19e-4a51-ae85-fbea83d80320\" style=\"visibility: visible;\" role=\"presentation\" height=\"64\" width=\"64\"><span class=\"labelWrapper\"><span>8tracks</span></span></div><span data-is-icon=\"true\" class=\"options\"></span>"}, {04b57824-0d36-457a-9d4f-5d1bfd2cb193}, {04b57824-0d36-457a-9d4f-5d1bfd2cb193}
04-26 11:58:40.302 I/Gecko   (   83): 1398538720317	Marionette	INFO	sendToClient: {"from":"0","value":"<div><img src=\"blob:0ef870a5-c1d2-4b18-bb21-f9451179952d\" style=\"visibility: visible;\" role=\"presentation\" height=\"64\" width=\"64\"><span class=\"labelWrapper mask\"><span>The Weather Channel</span></span></div><span data-is-icon=\"true\" class=\"options\"></span>"}, {39f6108a-3724-4abe-8b1e-d4829fecb9b4}, {39f6108a-3724-4abe-8b1e-d4829fecb9b4}
04-26 11:58:40.312 I/Gecko   (   83): 1398538720327	Marionette	INFO	sendToClient: {"from":"0","value":"<div><img src=\"blob:8b43f06b-7b53-44d8-a0a8-1b97e659a34f\" style=\"visibility: visible;\" role=\"presentation\" height=\"64\" width=\"64\"><span class=\"labelWrapper\"><span>Marketplace</span></span></div><span data-is-icon=\"true\" class=\"options\"></span>"}, {1f1c5876-0da9-4671-94b8-d5e340e817bc}, {1f1c5876-0da9-4671-94b8-d5e340e817bc}
04-26 11:58:40.332 I/Gecko   (   83): 1398538720341	Marionette	INFO	sendToClient: {"from":"0","value":"<div><img src=\"blob:a9265d4f-88ff-4d96-ab2a-2bb40a8cd91b\" style=\"visibility: visible;\" role=\"presentation\" height=\"64\" width=\"64\"><span class=\"labelWrapper\"><span>Alezaa</span></span></div><span data-is-icon=\"true\" class=\"options\"></span>"}, {f98f39a5-ecde-4190-93a5-728dcb73da00}, {f98f39a5-ecde-4190-93a5-728dcb73da00}
04-26 11:58:40.342 I/Gecko   (   83): 1398538720352	Marionette	INFO	sendToClient: {"from":"0","value":"<div><img src=\"blob:6db08c9c-f9ec-4cc2-8607-f79bb636937d\" style=\"visibility: visible;\" role=\"presentation\" height=\"64\" width=\"64\"><span class=\"labelWrapper mask\"><span>Cheerleaders School</span></span></div><span data-is-icon=\"true\" class=\"options\"></span>"}, {2d81c1f6-0c41-4df5-a426-1874fe866465}, {2d81c1f6-0c41-4df5-a426-1874fe866465}
04-26 11:58:40.352 I/Gecko   (   83): 1398538720364	Marionette	INFO	sendToClient: {"from":"0","value":"<div><img src=\"blob:f952ccc7-ff5a-49b7-86e7-49f01e83288b\" style=\"visibility: visible;\" role=\"presentation\" height=\"64\" width=\"64\"><span class=\"labelWrapper\"><span>SimpleRSS</span></span></div><span data-is-icon=\"true\" class=\"options\"></span>"}, {495df648-b4d4-48e5-90f1-8726db72f41d}, {495df648-b4d4-48e5-90f1-8726db72f41d}
04-26 11:58:40.362 I/Gecko   (   83): 1398538720374	Marionette	INFO	sendToClient: {"from":"0","value":"<div><img src=\"blob:0321be3b-8a8e-49fe-b630-45faa41381cc\" style=\"visibility: visible;\" role=\"presentation\" height=\"64\" width=\"64\"><span class=\"labelWrapper\"><span>Phone</span></span></div>"}, {038af091-eb43-4021-8b5a-91f2ee56638b}, {038af091-eb43-4021-8b5a-91f2ee56638b}
04-26 11:58:40.372 I/Gecko   (   83): 1398538720385	Marionette	INFO	sendToClient: {"from":"0","value":"<div><img src=\"blob:3acf40f7-6c79-4d28-b951-8f9ed534a8a5\" style=\"visibility: visible;\" role=\"presentation\" height=\"64\" width=\"64\"><span class=\"labelWrapper\"><span>Messages</span></span></div>"}, {c08eccea-1e22-4cd4-a3be-e0b0a4dd2a38}, {c08eccea-1e22-4cd4-a3be-e0b0a4dd2a38}
04-26 11:58:40.382 I/Gecko   (   83): 1398538720397	Marionette	INFO	sendToClient: {"from":"0","value":"<div><img src=\"blob:7d1d4c00-f919-4fe6-b5ff-69a591b161a3\" style=\"visibility: visible;\" role=\"presentation\" height=\"64\" width=\"64\"><span class=\"labelWrapper\"><span>Contacts</span></span></div>"}, {a7b50a99-3d74-4025-8db9-efb1831c2b98}, {a7b50a99-3d74-4025-8db9-efb1831c2b98}
04-26 11:58:40.392 I/Gecko   (   83): 1398538720408	Marionette	INFO	sendToClient: {"from":"0","value":"<div><img src=\"blob:49ab84fa-5093-42ed-ae47-353b15c363d4\" style=\"visibility: visible;\" role=\"presentation\" height=\"64\" width=\"64\"><span class=\"labelWrapper\"><span>Browser</span></span></div>"}, {1efce562-2df8-4848-b14c-915cf21b5d11}, {1efce562-2df8-4848-b14c-915cf21b5d11}
04-26 11:58:42.722 I/Gecko   (   83): 1398538722732	Marionette	INFO	sendToClient: {"from":"0","value":["{8082d48d-f3b2-4597-a34c-45d23329ef8e}","{c9c21f65-1d1b-4ad0-ba43-ff0e9cd16406}","{b31cbf45-5f2a-4328-adbc-2f32ae96622d}","{a6d1bc9b-6da6-4ff7-9e4c-62f481b5e0b3}","{ed98c48c-6d7c-4db9-a6b5-b806af933b39}","{46ab3f7d-2b55-4fdd-a6fe-2474b6baabc1}","{56cdd115-3e8a-44ba-9563-83429253dd64}","{2f087426-f441-465f-81e9-1780292ab37c}","{8d585c39-e256-4b28-943d-bf0f5e88c81f}","{8c5fd1cf-48a0-4dfd-b410-9bc2956fe4df}","{e26d6591-06e0-4aa6-a416-1f4f4a6ce694}","{91024a0f-32ce-4571-9732-592e04918f0a}","{66c747b9-8963-4da5-a715-e414400b7976}","{eb444ed6-35a0-4507-b07d-6c11a4d0e282}","{7f6384c0-337e-4ebf-b336-79adb9c4662e}","{fbf3733f-7a9c-4e33-9b41-ef1c6af79278}","{b51448fe-a38c-4f38-91d2-cfbf193ee42c}","{e296eefc-ee14-4b12-9f43-90e824624452}","{df4d58e4-1821-4b4e-8a9f-7961e0826d1c}","{d5c1e6c1-f023-4918-a25d-ad9832b0b96d}","{c4e286a9-b8d1-463e-8e76-233aa008619a}","{84e7ddbc-1d8a-45e5-87c1-ab49083db99e}","{360cdaa4-bb63-44e0-a884-446ed311e4d3}","{9d7f91b4-8b19
04-26 11:58:42.822 I/Gecko   (   83): 1398538722834	Marionette	INFO	sendToClient: {"from":"0","value":"<div><img src=\"blob:83d78b77-fb04-48d6-b79b-92d53832dafd\" style=\"visibility: visible;\" role=\"presentation\" height=\"64\" width=\"64\"><span class=\"labelWrapper\"><span>Social</span></span></div><span data-is-icon=\"true\" class=\"options\"></span>"}, {a8209ea1-2e97-4fbe-8213-5e2390cdef64}, {a8209ea1-2e97-4fbe-8213-5e2390cdef64}
04-26 11:58:42.942 I/Gecko   (   83): 1398538722957	Marionette	INFO	sendToClient: {"from":"0","value":"<div><img src=\"blob:91bf9610-15e7-4bd1-b6f9-12796f9fd42f\" style=\"visibility: visible;\" role=\"presentation\" height=\"64\" width=\"64\"><span class=\"labelWrapper\"><span>Games</span></span></div><span data-is-icon=\"true\" class=\"options\"></span>"}, {540dcde4-48b1-40b5-a4da-bd6ac192852d}, {540dcde4-48b1-40b5-a4da-bd6ac192852d}
04-26 11:58:42.962 I/Gecko   (   83): 1398538722970	Marionette	INFO	sendToClient: {"from":"0","value":"<div><img src=\"blob:3039c47e-fa4d-46bf-a900-42a9e9b3532b\" style=\"visibility: visible;\" role=\"presentation\" height=\"64\" width=\"64\"><span class=\"labelWrapper\"><span>Music</span></span></div><span data-is-icon=\"true\" class=\"options\"></span>"}, {f419a910-e9b8-4c90-8489-78e5d88fae39}, {f419a910-e9b8-4c90-8489-78e5d88fae39}
04-26 11:58:42.972 I/Gecko   (   83): 1398538722983	Marionette	INFO	sendToClient: {"from":"0","value":"<div><img src=\"blob:8698a014-06af-47b2-a402-55438fd4bd57\" style=\"visibility: visible;\" role=\"presentation\" height=\"64\" width=\"64\"><span class=\"labelWrapper\"><span>Showbiz</span></span></div><span data-is-icon=\"true\" class=\"options\"></span>"}, {f7424f25-5533-448d-b68d-5259dfeaa8d7}, {f7424f25-5533-448d-b68d-5259dfeaa8d7}
04-26 11:58:42.982 I/Gecko   (   83): 1398538722994	Marionette	INFO	sendToClient: {"from":"0","value":"<div><img src=\"blob:afb3236c-9109-40d6-b586-54f4359e3bd8\" style=\"visibility: visible;\" role=\"presentation\" height=\"64\" width=\"64\"><span class=\"labelWrapper\"><span>Camera</span></span></div>"}, {4982391b-ab47-4630-b2c1-5a569b8f7616}, {4982391b-ab47-4630-b2c1-5a569b8f7616}
04-26 11:58:43.012 I/Gecko   (   83): 1398538723023	Marionette	INFO	sendToClient: {"from":"0","value":"<div><img src=\"blob:3e2a96f8-43a4-427f-9dba-4419c1e6614d\" style=\"visibility: visible;\" role=\"presentation\" height=\"64\" width=\"64\"><span class=\"labelWrapper\"><span>Gallery</span></span></div>"}, {ae9768fc-87bf-40e3-af5a-b45f33991dbb}, {ae9768fc-87bf-40e3-af5a-b45f33991dbb}
04-26 11:58:43.022 I/Gecko   (   83): 1398538723034	Marionette	INFO	sendToClient: {"from":"0","value":"<div><img src=\"blob:f16f6f17-01db-4daa-abdd-3c298ddcbc4d\" style=\"visibility: visible;\" role=\"presentation\" height=\"64\" width=\"64\"><span class=\"labelWrapper\"><span>FM Radio</span></span></div>"}, {3e34eb1f-6880-442a-9b6a-b839f319ff1e}, {3e34eb1f-6880-442a-9b6a-b839f319ff1e}
04-26 11:58:43.062 I/Gecko   (   83): 1398538723078	Marionette	INFO	sendToClient: {"from":"0","value":"<div><img src=\"blob:3da7c869-17a6-42a4-bb83-a844f7d22c98\" style=\"visibility: visible;\" role=\"presentation\" height=\"64\" width=\"64\"><span class=\"labelWrapper\"><span>Settings</span></span></div>"}, {320c62e2-0bf7-4a1c-ab2a-17666946cd54}, {320c62e2-0bf7-4a1c-ab2a-17666946cd54}
04-26 11:58:43.082 I/Gecko   (   83): 1398538723090	Marionette	INFO	sendToClient: {"from":"0","value":"<div><img src=\"blob:deec50b8-62b2-4efc-9719-3e3523aab549\" style=\"visibility: visible;\" role=\"presentation\" height=\"64\" width=\"64\"><span class=\"labelWrapper\"><span>Marketplace</span></span></div>"}, {3d2b0e96-c209-4166-b22e-a7a4a76c1058}, {3d2b0e96-c209-4166-b22e-a7a4a76c1058}
04-26 11:58:43.092 I/Gecko   (   83): 1398538723103	Marionette	INFO	sendToClient: {"from":"0","value":"<div><img src=\"blob:5a648aec-37d7-4155-86e4-4547a5312f83\" style=\"visibility: visible;\" role=\"presentation\" height=\"64\" width=\"64\"><span class=\"labelWrapper\"><span>Calendar</span></span></div>"}, {ff86fecc-1517-4bae-9311-b2b1992d51b3}, {ff86fecc-1517-4bae-9311-b2b1992d51b3}
04-26 11:58:43.102 I/Gecko   (   83): 1398538723114	Marionette	INFO	sendToClient: {"from":"0","value":"<div><img src=\"blob:517df429-a51b-4d56-adc8-ec6a1b69afeb\" style=\"visibility: visible;\" role=\"presentation\" height=\"64\" width=\"64\"><span class=\"labelWrapper\"><span>Clock</span></span></div>"}, {42a31f52-bd99-4ce9-991e-d86c7e3a36a7}, {42a31f52-bd99-4ce9-991e-d86c7e3a36a7}
04-26 11:58:43.302 I/Gecko   (   83): 1398538723318	Marionette	INFO	sendToClient: {"from":"0","value":"<div><img src=\"blob:b778b8dc-0de5-4998-ac22-fea4c6824795\" style=\"visibility: visible;\" role=\"presentation\" height=\"64\" width=\"64\"><span class=\"labelWrapper\"><span>Usage</span></span></div>"}, {810d4ec3-7ed1-4ac1-853d-42e30830641a}, {810d4ec3-7ed1-4ac1-853d-42e30830641a}
04-26 11:58:43.322 I/Gecko   (   83): 1398538723333	Marionette	INFO	sendToClient: {"from":"0","value":"<div><img src=\"blob:c99159f6-391f-40ab-bd45-b86167b77b10\" style=\"visibility: visible;\" role=\"presentation\" height=\"64\" width=\"64\"><span class=\"labelWrapper\"><span>E-Mail</span></span></div>"}, {d5278094-86be-4f98-af6e-849cb1c75409}, {d5278094-86be-4f98-af6e-849cb1c75409}
04-26 11:58:43.332 I/Gecko   (   83): 1398538723344	Marionette	INFO	sendToClient: {"from":"0","value":"<div><img src=\"blob:18e566e7-1417-4874-ba58-94901fb90e85\" style=\"visibility: visible;\" role=\"presentation\" height=\"64\" width=\"64\"><span class=\"labelWrapper\"><span>Music</span></span></div>"}, {a5317ea1-c7f1-43b9-b7bc-19e92f22f36c}, {a5317ea1-c7f1-43b9-b7bc-19e92f22f36c}
04-26 11:58:43.342 I/Gecko   (   83): 1398538723354	Marionette	INFO	sendToClient: {"from":"0","value":"<div><img src=\"blob:01adfc4a-fcbc-4a0f-b178-bacdfa7ae0c4\" style=\"visibility: visible;\" role=\"presentation\" height=\"64\" width=\"64\"><span class=\"labelWrapper\"><span>Video</span></span></div>"}, {2db65d14-d4c7-4d01-a66c-da710001af05}, {2db65d14-d4c7-4d01-a66c-da710001af05}
04-26 11:58:43.602 I/Gecko   (   83): 1398538723618	Marionette	INFO	sendToClient: {"from":"0","value":"<div><img src=\"blob:2411a441-5a90-4434-8be9-1d7509cc59d2\" style=\"visibility: visible;\" role=\"presentation\" height=\"64\" width=\"64\"><span class=\"labelWrapper mask\"><span>GoldNuggets</span></span></div><span data-is-icon=\"true\" class=\"options\"></span>"}, {2676541f-4052-41fd-b29e-c15ddf93b84e}, {2676541f-4052-41fd-b29e-c15ddf93b84e}
04-26 11:58:43.622 I/Gecko   (   83): 1398538723636	Marionette	INFO	sendToClient: {"from":"0","value":"<div><img src=\"blob:8624f714-73b6-4874-8894-ac96a57906f2\" style=\"visibility: visible;\" role=\"presentation\" height=\"64\" width=\"64\"><span class=\"labelWrapper mask\"><span>Space Shooter</span></span></div><span data-is-icon=\"true\" class=\"options\"></span>"}, {6024b8ec-8051-4ea8-aa48-11450876934c}, {6024b8ec-8051-4ea8-aa48-11450876934c}
04-26 11:58:43.632 I/Gecko   (   83): 1398538723648	Marionette	INFO	sendToClient: {"from":"0","value":"<div><img src=\"blob:781e2552-9e68-4d90-bec0-ca93b40db59f\" style=\"visibility: visible;\" role=\"presentation\" height=\"64\" width=\"64\"><span class=\"labelWrapper mask\"><span>Rebel Thumb</span></span></div><span data-is-icon=\"true\" class=\"options\"></span>"}, {ebcecd9f-cc00-49b8-9933-a5f25a6c5740}, {ebcecd9f-cc00-49b8-9933-a5f25a6c5740}
04-26 11:58:43.652 I/Gecko   (   83): 1398538723659	Marionette	INFO	sendToClient: {"from":"0","value":"<div><img src=\"blob:51c66a6e-b19e-4a51-ae85-fbea83d80320\" style=\"visibility: visible;\" role=\"presentation\" height=\"64\" width=\"64\"><span class=\"labelWrapper\"><span>8tracks</span></span></div><span data-is-icon=\"true\" class=\"options\"></span>"}, {4af28897-4c81-4ba9-a825-58fd13926c50}, {4af28897-4c81-4ba9-a825-58fd13926c50}
04-26 11:58:43.662 I/Gecko   (   83): 1398538723669	Marionette	INFO	sendToClient: {"from":"0","value":"<div><img src=\"blob:0ef870a5-c1d2-4b18-bb21-f9451179952d\" style=\"visibility: visible;\" role=\"presentation\" height=\"64\" width=\"64\"><span class=\"labelWrapper mask\"><span>The Weather Channel</span></span></div><span data-is-icon=\"true\" class=\"options\"></span>"}, {38983bcf-c5f3-4777-a854-58213baf7e62}, {38983bcf-c5f3-4777-a854-58213baf7e62}
04-26 11:58:43.672 I/Gecko   (   83): 1398538723681	Marionette	INFO	sendToClient: {"from":"0","value":"<div><img src=\"blob:8b43f06b-7b53-44d8-a0a8-1b97e659a34f\" style=\"visibility: visible;\" role=\"presentation\" height=\"64\" width=\"64\"><span class=\"labelWrapper\"><span>Marketplace</span></span></div><span data-is-icon=\"true\" class=\"options\"></span>"}, {19a1f61f-6ba6-4980-9633-32662edf076e}, {19a1f61f-6ba6-4980-9633-32662edf076e}
04-26 11:58:43.682 I/Gecko   (   83): 1398538723691	Marionette	INFO	sendToClient: {"from":"0","value":"<div><img src=\"blob:a9265d4f-88ff-4d96-ab2a-2bb40a8cd91b\" style=\"visibility: visible;\" role=\"presentation\" height=\"64\" width=\"64\"><span class=\"labelWrapper\"><span>Alezaa</span></span></div><span data-is-icon=\"true\" class=\"options\"></span>"}, {cece78f8-c09a-497d-9f97-ae8cc64c43cf}, {cece78f8-c09a-497d-9f97-ae8cc64c43cf}
04-26 11:58:43.692 I/Gecko   (   83): 1398538723703	Marionette	INFO	sendToClient: {"from":"0","value":"<div><img src=\"blob:6db08c9c-f9ec-4cc2-8607-f79bb636937d\" style=\"visibility: visible;\" role=\"presentation\" height=\"64\" width=\"64\"><span class=\"labelWrapper mask\"><span>Cheerleaders School</span></span></div><span data-is-icon=\"true\" class=\"options\"></span>"}, {d86ad8ed-888b-4968-9494-32022667f0d5}, {d86ad8ed-888b-4968-9494-32022667f0d5}
04-26 11:58:43.772 I/Gecko   (   83): 1398538723769	Marionette	INFO	sendToClient: {"from":"0","value":"<div><img src=\"blob:f952ccc7-ff5a-49b7-86e7-49f01e83288b\" style=\"visibility: visible;\" role=\"presentation\" height=\"64\" width=\"64\"><span class=\"labelWrapper\"><span>SimpleRSS</span></span></div><span data-is-icon=\"true\" class=\"options\"></span>"}, {771d978e-4713-4c5d-885f-20b1fc6b8366}, {771d978e-4713-4c5d-885f-20b1fc6b8366}
04-26 11:58:43.792 I/Gecko   (   83): 1398538723805	Marionette	INFO	sendToClient: {"from":"0","value":"<div><img src=\"blob:0321be3b-8a8e-49fe-b630-45faa41381cc\" style=\"visibility: visible;\" role=\"presentation\" height=\"64\" width=\"64\"><span class=\"labelWrapper\"><span>Phone</span></span></div>"}, {96f1cc47-8dbe-4123-bbbf-697799ad752c}, {96f1cc47-8dbe-4123-bbbf-697799ad752c}
04-26 11:58:43.802 I/Gecko   (   83): 1398538723816	Marionette	INFO	sendToClient: {"from":"0","value":"<div><img src=\"blob:3acf40f7-6c79-4d28-b951-8f9ed534a8a5\" style=\"visibility: visible;\" role=\"presentation\" height=\"64\" width=\"64\"><span class=\"labelWrapper\"><span>Messages</span></span></div>"}, {4536f9d1-6657-41d8-bb4d-d01da3ba596f}, {4536f9d1-6657-41d8-bb4d-d01da3ba596f}
04-26 11:58:43.812 I/Gecko   (   83): 1398538723828	Marionette	INFO	sendToClient: {"from":"0","value":"<div><img src=\"blob:7d1d4c00-f919-4fe6-b5ff-69a591b161a3\" style=\"visibility: visible;\" role=\"presentation\" height=\"64\" width=\"64\"><span class=\"labelWrapper\"><span>Contacts</span></span></div>"}, {4fd05442-9919-49f9-88c8-8f3ecc87d0bf}, {4fd05442-9919-49f9-88c8-8f3ecc87d0bf}
04-26 11:58:43.832 I/Gecko   (   83): 1398538723839	Marionette	INFO	sendToClient: {"from":"0","value":"<div><img src=\"blob:49ab84fa-5093-42ed-ae47-353b15c363d4\" style=\"visibility: visible;\" role=\"presentation\" height=\"64\" width=\"64\"><span class=\"labelWrapper\"><span>Browser</span></span></div>"}, {5fa89c04-3254-4e62-8e03-3d1faf05e5a0}, {5fa89c04-3254-4e62-8e03-3d1faf05e5a0}
04-26 11:58:43.842 I/Gecko   (   83): 1398538723849	Marionette	INFO	sendToClient: {"from":"0","value":"app://homescreen.gaiamobile.org/index.html#root"}, {88fdee19-3e05-4fea-9a56-66382f86f402}, {88fdee19-3e05-4fea-9a56-66382f86f402}
04-26 11:58:43.842 I/Gecko   (   83): 1398538723855	Marionette	DEBUG	Got request: switchToFrame, data: {"to":"0","sessionId":"3-b2g","name":"switchToFrame","parameters":{"id":null,"focus":true}}, id: {f06f3bb9-1134-4216-8651-edbb6b12ecd0}
04-26 11:58:44.172 I/Gecko   (   83): 1398538724188	Marionette	INFO	Switched to frame: {"frameValue":null}
04-26 11:58:44.322 I/Gecko   (   83): 1398538724332	Marionette	INFO	sendToClient: {"from":"0","ok":true}, {f06f3bb9-1134-4216-8651-edbb6b12ecd0}, {f06f3bb9-1134-4216-8651-edbb6b12ecd0}
04-26 11:58:44.332 I/Gecko   (   83): 1398538724341	Marionette	DEBUG	Got request: switchToFrame, data: {"to":"0","sessionId":"3-b2g","name":"switchToFrame","parameters":{"id":null,"focus":true}}, id: {2916d0ac-2f9e-4418-aae5-d9200c6e0436}
04-26 11:58:44.342 I/Gecko   (   83): 1398538724349	Marionette	INFO	Switched to frame: {"frameValue":null}
04-26 11:58:44.442 I/Gecko   (   83): 1398538724452	Marionette	INFO	sendToClient: {"from":"0","ok":true}, {2916d0ac-2f9e-4418-aae5-d9200c6e0436}, {2916d0ac-2f9e-4418-aae5-d9200c6e0436}
04-26 11:58:44.442 I/Gecko   (   83): 1398538724458	Marionette	DEBUG	Got request: executeWithCallback, data: {"to":"0","sessionId":"3-b2g","name":"executeAsyncScript","parameters":{"specialPowers":false,"scriptTimeout":30000,"newSandbox":true,"args":[],"filename":"app_checker.py","script":"GaiaApps.launchWithManifestURL('https://marketplace.firefox.com/app/f78e8adf-c64d-4c9a-9810-bab291128397/manifest.webapp')","line":106}}, id: {59d06083-199a-4909-8e2d-33128c9d9bd0}
04-26 11:58:44.722 I/Gonk    (   83): Setting nice for pid 748 to 18
04-26 11:58:44.722 I/Gonk    (   83): Changed nice for pid 748 from 18 to 18.
04-26 11:58:44.722 I/Gecko   (   83): [Parent 83] WARNING: waitpid failed pid:748 errno:10: file ../../../gecko/ipc/chromium/src/base/process_util_posix.cc, line 254
04-26 11:58:44.742 I/Gonk    (   83): Setting nice for pid 748 to 1
04-26 11:58:44.742 I/Gonk    (   83): Changed nice for pid 748 from 18 to 1.
04-26 11:58:44.762 E/GeckoConsole(   83): Content JS LOG at dummy file:334 in GaiaApps.launch: launching app with name 'SimpleRSS'
04-26 11:58:44.872 W/WifiHW  (   83): wifi_command: SIGNAL_POLL
04-26 11:58:45.252 I/Gecko   (  748): ###################################### forms.js loaded
04-26 11:58:45.362 E/[Gralloc-ERROR](   83): int gralloc_register_buffer(const gralloc_module_t*, const native_handle_t*):79 Unable to register handle 0x444b0420 coming from different process: 83
04-26 11:58:45.362 E/[Gralloc-ERROR](   83): int gralloc_register_buffer(const gralloc_module_t*, const native_handle_t*):79 Unable to register handle 0x444b0740 coming from different process: 83
04-26 11:58:45.382 I/Gecko   (  748): ############################### browserElementPanning.js loaded
04-26 11:58:45.422 I/Gecko   (  748): ######################## BrowserElementChildPreload.js loaded
04-26 11:58:45.522 E/[Gralloc-ERROR](   83): int gralloc_register_buffer(const gralloc_module_t*, const native_handle_t*):79 Unable to register handle 0x444b0bf0 coming from different process: 83
04-26 11:58:45.522 E/[Gralloc-ERROR](   83): int gralloc_register_buffer(const gralloc_module_t*, const native_handle_t*):79 Unable to register handle 0x44820240 coming from different process: 83
04-26 11:58:45.912 D/Sensors (   83): activate handle=0; drv=0
04-26 11:58:45.932 D/Sensors (   83): Lis3dhSensor: Control set 1
04-26 11:58:45.932 D/Sensors (   83): Lis3dhSensor: mEnabled = 1
04-26 11:58:46.012 I/Gonk    (   83): Setting nice for pid 725 to 18
04-26 11:58:46.012 I/Gonk    (   83): Changed nice for pid 725 from 1 to 18.
04-26 11:58:46.492 I/log     (  796): <4>0[ 315.464335] select 725 (Homescreen), adj 8, size 7127, to kill 
04-26 11:58:47.372 E/GeckoConsole(  748): [JavaScript Warning: "Selector expected.  Ruleset ignored due to bad selector." {file: "app://{30d035ea-3c78-43fc-b68c-ccfb6116046b}/css/add.css" line: 6 column: 54 source: "[role="tablist"] > [role="tab"].active > a.icon:after,{"}]
04-26 11:58:47.462 I/Gecko   (   83): 
04-26 11:58:47.462 I/Gecko   (   83): ###!!! [Parent][MessageChannel] Error: Channel error: cannot send/recv
04-26 11:58:47.462 I/Gecko   (   83): 
04-26 11:58:47.542 I/Gecko   (   83): [Parent 83] WARNING: waitpid failed pid:725 errno:10: file ../../../gecko/ipc/chromium/src/base/process_util_posix.cc, line 254
04-26 11:58:49.332 E/GeckoConsole(  748): Content JS LOG at app://{30d035ea-3c78-43fc-b68c-ccfb6116046b}/js/db.js:11 in database.initialize: db.initialize
04-26 11:58:49.552 I/Gecko   (   83): [Parent 83] WARNING: waitpid failed pid:725 errno:10: file ../../../gecko/ipc/chromium/src/base/process_util_posix.cc, line 254
04-26 11:58:49.552 I/Gecko   (   83): [Parent 83] WARNING: Failed to deliver SIGKILL to 725!(3).: file ../../../gecko/ipc/chromium/src/chrome/common/process_watcher_posix_sigchld.cc, line 118
04-26 11:58:49.692 E/GeckoConsole(  748): Content JS LOG at app://{30d035ea-3c78-43fc-b68c-ccfb6116046b}/js/menu.js:177 in anonymous: divIndex transition end
04-26 11:58:49.702 E/GeckoConsole(  748): Content JS LOG at app://{30d035ea-3c78-43fc-b68c-ccfb6116046b}/js/db.js:43 in database.initialize/request.onupgradeneeded: onupgradeneeded : 1
04-26 11:58:49.702 E/GeckoConsole(  748): Content JS LOG at app://{30d035ea-3c78-43fc-b68c-ccfb6116046b}/js/db.js:47 in database.initialize/request.onupgradeneeded:    create object stores...
04-26 11:58:49.702 E/GeckoConsole(  748): Content JS LOG at app://{30d035ea-3c78-43fc-b68c-ccfb6116046b}/js/db.js:50 in database.initialize/request.onupgradeneeded:    ... done
04-26 11:58:49.942 I/Gonk    (   83): Setting nice for pid 801 to 18
04-26 11:58:49.942 I/Gonk    (   83): Changed nice for pid 801 from 0 to 18.
04-26 11:58:49.952 E/GeckoConsole(   83): Content JS LOG at dummy file:326 in GaiaApps.launch/appOpen/<: app with origin 'app://{30d035ea-3c78-43fc-b68c-ccfb6116046b}' has launched
04-26 11:58:49.972 I/Gecko   (   83): 1398538729986	Marionette	INFO	sendToClient: {"from":"0","value":{"frame":{"ELEMENT":"{2fdc089b-a32e-4248-bd65-27d5aee42a65}"},"src":"app://{30d035ea-3c78-43fc-b68c-ccfb6116046b}/index.html","name":"SimpleRSS","origin":"app://{30d035ea-3c78-43fc-b68c-ccfb6116046b}"}}, {59d06083-199a-4909-8e2d-33128c9d9bd0}, {59d06083-199a-4909-8e2d-33128c9d9bd0}
04-26 11:58:50.032 E/[Gralloc-ERROR](   83): int gralloc_unregister_buffer(const gralloc_module_t*, const native_handle_t*):274 Trying to unregister buffer 0x444b0740 from process 83 that was not created in current process: 83
