--------- beginning of /dev/log/main
04-25 19:05:20.032 I/Gecko   (   83): 1398477920043	Marionette	INFO	sendToClient: {"from":"0","ok":true}, {626e6f87-bf08-45da-a32d-ee8ed197b25e}, {626e6f87-bf08-45da-a32d-ee8ed197b25e}
04-25 19:05:20.072 W/WifiHW  (   83): wifi_command: SIGNAL_POLL
04-25 19:05:20.082 I/Gecko   (   83): 1398477920085	Marionette	DEBUG	Got request: switchToFrame, data: {"to":"0","sessionId":"3-b2g","name":"switchToFrame","parameters":{"id":null,"focus":true}}, id: {d216c15c-ac10-4bbe-94b6-0425318bada7}
04-25 19:05:20.082 I/Gecko   (   83): 1398477920087	Marionette	INFO	Switched to frame: {"frameValue":null}
04-25 19:05:20.182 I/Gecko   (   83): 1398477920190	Marionette	INFO	sendToClient: {"from":"0","ok":true}, {d216c15c-ac10-4bbe-94b6-0425318bada7}, {d216c15c-ac10-4bbe-94b6-0425318bada7}
04-25 19:05:20.192 I/Gecko   (   83): 1398477920197	Marionette	DEBUG	Got request: executeWithCallback, data: {"to":"0","sessionId":"3-b2g","name":"executeAsyncScript","parameters":{"specialPowers":false,"scriptTimeout":null,"newSandbox":true,"args":[],"filename":"gaia_test.py","script":"return GaiaApps.displayedApp();","line":66}}, id: {507b3e21-584d-4252-af4a-61d9784abf22}
04-25 19:05:20.302 E/GeckoConsole(   83): Content JS LOG at dummy file:392 in GaiaApps.displayedApp: app with origin 'app://homescreen.gaiamobile.org' is displayed
04-25 19:05:20.322 I/Gecko   (   83): 1398477920331	Marionette	INFO	sendToClient: {"from":"0","value":{"frame":{"ELEMENT":"{bc0bac9c-c0c3-4823-8f90-560abc1323b6}"},"src":"app://homescreen.gaiamobile.org/index.html#root","name":"Homescreen","origin":"app://homescreen.gaiamobile.org"}}, {507b3e21-584d-4252-af4a-61d9784abf22}, {507b3e21-584d-4252-af4a-61d9784abf22}
04-25 19:05:20.342 I/Gecko   (   83): 1398477920346	Marionette	DEBUG	Got request: switchToFrame, data: {"to":"0","sessionId":"3-b2g","name":"switchToFrame","parameters":{"id":null,"focus":true}}, id: {d48724a8-40c7-4a38-a38a-02bad2b242d8}
04-25 19:05:20.342 I/Gecko   (   83): 1398477920349	Marionette	INFO	Switched to frame: {"frameValue":null}
04-25 19:05:20.442 I/Gecko   (   83): 1398477920452	Marionette	INFO	sendToClient: {"from":"0","ok":true}, {d48724a8-40c7-4a38-a38a-02bad2b242d8}, {d48724a8-40c7-4a38-a38a-02bad2b242d8}
04-25 19:05:20.452 I/Gecko   (   83): 1398477920464	Marionette	DEBUG	Got request: switchToFrame, data: {"to":"0","sessionId":"3-b2g","name":"switchToFrame","parameters":{"id":null,"focus":true}}, id: {3fe8a7c7-d35c-40d3-9cb1-3b5d9fb0bea9}
04-25 19:05:20.482 I/Gecko   (   83): 1398477920486	Marionette	INFO	Switched to frame: {"frameValue":null}
04-25 19:05:20.582 I/Gecko   (   83): 1398477920588	Marionette	INFO	sendToClient: {"from":"0","ok":true}, {3fe8a7c7-d35c-40d3-9cb1-3b5d9fb0bea9}, {3fe8a7c7-d35c-40d3-9cb1-3b5d9fb0bea9}
04-25 19:05:20.592 I/Gecko   (   83): 1398477920595	Marionette	DEBUG	Got request: executeWithCallback, data: {"to":"0","sessionId":"3-b2g","name":"executeAsyncScript","parameters":{"specialPowers":false,"scriptTimeout":null,"newSandbox":true,"args":[],"filename":"gaia_test.py","script":"return GaiaApps.displayedApp();","line":66}}, id: {7e29928a-88a7-450c-b015-3b72615dd66c}
04-25 19:05:20.642 I/Gecko   (   83): 1398477920650	Marionette	INFO	sendToClient: {"from":"0","value":{"frame":{"ELEMENT":"{bc0bac9c-c0c3-4823-8f90-560abc1323b6}"},"src":"app://homescreen.gaiamobile.org/index.html#root","name":"Homescreen","origin":"app://homescreen.gaiamobile.org"}}, {7e29928a-88a7-450c-b015-3b72615dd66c}, {7e29928a-88a7-450c-b015-3b72615dd66c}
04-25 19:05:20.652 E/GeckoConsole(   83): Content JS LOG at dummy file:392 in GaiaApps.displayedApp: app with origin 'app://homescreen.gaiamobile.org' is displayed
04-25 19:05:20.662 I/Gecko   (   83): 1398477920667	Marionette	DEBUG	Got request: switchToFrame, data: {"to":"0","sessionId":"3-b2g","name":"switchToFrame","parameters":{"focus":true,"element":"{bc0bac9c-c0c3-4823-8f90-560abc1323b6}"}}, id: {574202d2-9c19-4f9c-b02f-630045be9876}
04-25 19:05:20.672 I/Gecko   (   83): 1398477920680	Marionette	INFO	Switched to frame: {"frameValue":"{bc0bac9c-c0c3-4823-8f90-560abc1323b6}"}
04-25 19:05:20.672 I/Gecko   (   83): 1398477920682	Marionette	INFO	trying remote frame 0
04-25 19:05:20.682 I/Gecko   (   83): 1398477920684	Marionette	INFO	deleting frame
04-25 19:05:20.692 I/Gecko   (   83): 1398477920696	Marionette	INFO	frame-manager load script: [object ChromeMessageSender]
04-25 19:05:21.122 I/Gecko   (   83): 1398477921132	Marionette	INFO	sendToClient: {"from":"0","ok":true}, {574202d2-9c19-4f9c-b02f-630045be9876}, {574202d2-9c19-4f9c-b02f-630045be9876}
04-25 19:05:21.252 I/Gecko   (   83): 1398477921263	Marionette	INFO	sendToClient: {"from":"0","value":{"ELEMENT":"{35e63a16-7c28-4ab5-9044-43383d544982}"}}, {5b8c4e0b-1495-40c9-b6de-bf5c4156b73b}, {5b8c4e0b-1495-40c9-b6de-bf5c4156b73b}
04-25 19:05:21.492 E/GeckoConsole(  953): [JavaScript Warning: "Use of getAttributeNode() is deprecated. Use getAttribute() instead." {file: "chrome://marionette/content/atoms.js" line: 25}]
04-25 19:05:21.502 E/GeckoConsole(  953): [JavaScript Warning: "Use of attributes' specified attribute is deprecated. It always returns true." {file: "chrome://marionette/content/atoms.js" line: 25}]
04-25 19:05:21.512 I/Gecko   (   83): 1398477921514	Marionette	INFO	sendToClient: {"from":"0","value":"normal"}, {d2e4bec1-33a2-43b9-819c-aeae59569d67}, {d2e4bec1-33a2-43b9-819c-aeae59569d67}
04-25 19:05:21.512 I/Gecko   (   83): 1398477921521	Marionette	DEBUG	Got request: switchToFrame, data: {"to":"0","sessionId":"3-b2g","name":"switchToFrame","parameters":{"id":null,"focus":true}}, id: {53a1fc66-0cac-4698-94bf-2b5b1bdb4262}
04-25 19:05:21.532 I/Gecko   (   83): 1398477921536	Marionette	INFO	Switched to frame: {"frameValue":null}
04-25 19:05:21.632 I/Gecko   (   83): 1398477921639	Marionette	INFO	sendToClient: {"from":"0","ok":true}, {53a1fc66-0cac-4698-94bf-2b5b1bdb4262}, {53a1fc66-0cac-4698-94bf-2b5b1bdb4262}
04-25 19:05:21.642 I/Gecko   (   83): 1398477921645	Marionette	DEBUG	Got request: execute, data: {"to":"0","sessionId":"3-b2g","name":"executeScript","parameters":{"specialPowers":false,"scriptTimeout":null,"newSandbox":true,"args":[],"filename":"gaia_test.py","script":"window.wrappedJSObject.dispatchEvent(new Event('home'));","line":788}}, id: {2decb36c-c7c9-4327-8e31-9947e87f80b7}
04-25 19:05:21.712 I/Gecko   (   83): 1398477921723	Marionette	INFO	sendToClient: {"from":"0","value":null}, {2decb36c-c7c9-4327-8e31-9947e87f80b7}, {2decb36c-c7c9-4327-8e31-9947e87f80b7}
04-25 19:05:21.722 I/Gecko   (   83): 1398477921730	Marionette	DEBUG	Got request: switchToFrame, data: {"to":"0","sessionId":"3-b2g","name":"switchToFrame","parameters":{"id":null,"focus":true}}, id: {56fdbfd9-06d7-469a-a5d5-553e080ebbea}
04-25 19:05:21.722 I/Gecko   (   83): 1398477921731	Marionette	INFO	Switched to frame: {"frameValue":null}
04-25 19:05:21.832 I/Gecko   (   83): 1398477921834	Marionette	INFO	sendToClient: {"from":"0","ok":true}, {56fdbfd9-06d7-469a-a5d5-553e080ebbea}, {56fdbfd9-06d7-469a-a5d5-553e080ebbea}
04-25 19:05:21.832 I/Gecko   (   83): 1398477921841	Marionette	DEBUG	Got request: switchToFrame, data: {"to":"0","sessionId":"3-b2g","name":"switchToFrame","parameters":{"id":null,"focus":true}}, id: {cf7b2fbc-e6d7-46ed-969c-6cd93103c41b}
04-25 19:05:21.832 I/Gecko   (   83): 1398477921843	Marionette	INFO	Switched to frame: {"frameValue":null}
04-25 19:05:21.952 I/Gecko   (   83): 1398477921956	Marionette	INFO	sendToClient: {"from":"0","ok":true}, {cf7b2fbc-e6d7-46ed-969c-6cd93103c41b}, {cf7b2fbc-e6d7-46ed-969c-6cd93103c41b}
04-25 19:05:21.972 I/Gecko   (   83): 1398477921974	Marionette	DEBUG	Got request: executeWithCallback, data: {"to":"0","sessionId":"3-b2g","name":"executeAsyncScript","parameters":{"specialPowers":false,"scriptTimeout":null,"newSandbox":true,"args":[],"filename":"gaia_test.py","script":"return GaiaApps.displayedApp();","line":66}}, id: {90b1d99f-c5d0-4e1e-8af9-8e00728ee37e}
04-25 19:05:22.042 I/Gecko   (   83): 1398477922051	Marionette	INFO	sendToClient: {"from":"0","value":{"frame":{"ELEMENT":"{bc0bac9c-c0c3-4823-8f90-560abc1323b6}"},"src":"app://homescreen.gaiamobile.org/index.html#rootFri%20Apr%2025%202014%2019:05:21%20GMT-0700%20(UTC)","name":"Homescreen","origin":"app://homescreen.gaiamobile.org"}}, {90b1d99f-c5d0-4e1e-8af9-8e00728ee37e}, {90b1d99f-c5d0-4e1e-8af9-8e00728ee37e}
04-25 19:05:22.042 E/GeckoConsole(   83): Content JS LOG at dummy file:392 in GaiaApps.displayedApp: app with origin 'app://homescreen.gaiamobile.org' is displayed
04-25 19:05:22.052 I/Gecko   (   83): 1398477922062	Marionette	DEBUG	Got request: switchToFrame, data: {"to":"0","sessionId":"3-b2g","name":"switchToFrame","parameters":{"focus":true,"element":"{bc0bac9c-c0c3-4823-8f90-560abc1323b6}"}}, id: {50c92312-9f22-4a7f-967a-a9d763f124a8}
04-25 19:05:22.072 I/Gecko   (   83): 1398477922076	Marionette	INFO	Switched to frame: {"frameValue":"{bc0bac9c-c0c3-4823-8f90-560abc1323b6}"}
04-25 19:05:22.072 I/Gecko   (   83): 1398477922078	Marionette	INFO	trying remote frame 0
04-25 19:05:22.232 I/Gecko   (   83): 1398477922236	Marionette	INFO	sendToClient: {"from":"0","ok":true}, {50c92312-9f22-4a7f-967a-a9d763f124a8}, {50c92312-9f22-4a7f-967a-a9d763f124a8}
04-25 19:05:22.242 I/Gecko   (   83): 1398477922244	Marionette	DEBUG	Got request: execute, data: {"to":"0","sessionId":"3-b2g","name":"executeScript","parameters":{"specialPowers":false,"scriptTimeout":null,"newSandbox":true,"args":[],"filename":"gaia_test.py","script":"return window.wrappedJSObject.GridManager.pageHelper.getCurrentPageNumber();","line":784}}, id: {b7c0644a-b63f-433a-b9a3-aa24cdc2105b}
04-25 19:05:23.262 I/Gecko   (   83): 1398477923264	Marionette	INFO	sendToClient: {"from":"0","value":0}, {b7c0644a-b63f-433a-b9a3-aa24cdc2105b}, {b7c0644a-b63f-433a-b9a3-aa24cdc2105b}
04-25 19:05:23.342 E/GeckoConsole(  953): Content JS WARN at app://homescreen.gaiamobile.org/gaia_build_defer_index.js:184 in isHiddenApp: Unexpected role when checking hidden app: undefined
04-25 19:05:23.342 E/GeckoConsole(  953): Content JS WARN at app://homescreen.gaiamobile.org/gaia_build_defer_index.js:184 in isHiddenApp: Unexpected role when checking hidden app: undefined
04-25 19:05:23.342 E/GeckoConsole(  953): Content JS WARN at app://homescreen.gaiamobile.org/gaia_build_defer_index.js:184 in isHiddenApp: Unexpected role when checking hidden app: undefined
04-25 19:05:23.342 E/GeckoConsole(  953): Content JS WARN at app://homescreen.gaiamobile.org/gaia_build_defer_index.js:184 in isHiddenApp: Unexpected role when checking hidden app: undefined
04-25 19:05:23.342 E/GeckoConsole(  953): Content JS WARN at app://homescreen.gaiamobile.org/gaia_build_defer_index.js:184 in isHiddenApp: Unexpected role when checking hidden app: undefined
04-25 19:05:23.342 E/GeckoConsole(  953): Content JS WARN at app://homescreen.gaiamobile.org/gaia_build_defer_index.js:184 in isHiddenApp: Unexpected role when checking hidden app: undefined
04-25 19:05:23.342 E/GeckoConsole(  953): Content JS WARN at app://homescreen.gaiamobile.org/gaia_build_defer_index.js:184 in isHiddenApp: Unexpected role when checking hidden app: undefined
04-25 19:05:23.342 E/GeckoConsole(  953): Content JS WARN at app://homescreen.gaiamobile.org/gaia_build_defer_index.js:184 in isHiddenApp: Unexpected role when checking hidden app: undefined
04-25 19:05:23.352 E/GeckoConsole(  953): Content JS WARN at app://homescreen.gaiamobile.org/gaia_build_defer_index.js:184 in isHiddenApp: Unexpected role when checking hidden app: undefined
04-25 19:05:23.352 E/GeckoConsole(  953): Content JS WARN at app://homescreen.gaiamobile.org/gaia_build_defer_index.js:184 in isHiddenApp: Unexpected role when checking hidden app: undefined
04-25 19:05:23.352 E/GeckoConsole(  953): Content JS WARN at app://homescreen.gaiamobile.org/gaia_build_defer_index.js:184 in isHiddenApp: Unexpected role when checking hidden app: undefined
04-25 19:05:23.352 E/GeckoConsole(  953): Content JS WARN at app://homescreen.gaiamobile.org/gaia_build_defer_index.js:184 in isHiddenApp: Unexpected role when checking hidden app: undefined
04-25 19:05:23.352 E/GeckoConsole(  953): Content JS WARN at app://homescreen.gaiamobile.org/gaia_build_defer_index.js:184 in isHiddenApp: Unexpected role when checking hidden app: undefined
04-25 19:05:23.352 E/GeckoConsole(  953): Content JS WARN at app://homescreen.gaiamobile.org/gaia_build_defer_index.js:184 in isHiddenApp: Unexpected role when checking hidden app: undefined
04-25 19:05:23.352 E/GeckoConsole(  953): Content JS WARN at app://homescreen.gaiamobile.org/gaia_build_defer_index.js:184 in isHiddenApp: Unexpected role when checking hidden app: undefined
04-25 19:05:23.352 E/GeckoConsole(  953): Content JS WARN at app://homescreen.gaiamobile.org/gaia_build_defer_index.js:184 in isHiddenApp: Unexpected role when checking hidden app: undefined
04-25 19:05:23.352 E/GeckoConsole(  953): Content JS WARN at app://homescreen.gaiamobile.org/gaia_build_defer_index.js:184 in isHiddenApp: Unexpected role when checking hidden app: undefined
04-25 19:05:23.662 I/Gecko   (   83): 1398477923670	Marionette	INFO	sendToClient: {"from":"0","value":["{aa904205-b1d9-4cb1-a6fe-e3ee8db3347d}","{b232ea73-db2a-4190-a2b0-7ed0379445b1}","{7452ab1f-1272-467c-8c0d-b65b4721c884}","{d3365474-36a1-464a-b21f-55ee4b286167}","{48959f31-1dd7-418e-b1d8-0c2c1444616a}","{9d592716-d041-4832-980a-72ff751f2d3b}","{3708303a-b964-49a5-8033-7011fffdf2ec}","{44371b20-1dcc-4ac4-9b9b-f8e7b9a08582}","{a08009b6-258a-4b2a-8c45-f56775c873c3}","{3d135df1-27b9-4b06-bf6d-03cc48a53da1}","{5e4437f2-d685-43b2-8dd6-92777ad996dd}","{332dc4b5-3b26-4cd1-aabc-c248ffcd88d0}","{3bec38db-258c-4cc0-89f2-6dda14da7944}","{735f7db8-7e91-4333-8734-95b99374af93}","{6eee18c5-b3a8-4db2-b763-0f5b01d29a4f}","{ac1de066-f6dd-4eef-8c29-3327ff526af1}","{276b218b-6f4c-42f3-8b7b-ca98539da6ff}","{31bba254-6762-4e0b-8895-37aae884531b}","{53bcd086-bfab-43e7-9c58-2f1fe75a1aa5}","{7d85b233-a8a4-4291-a0b2-4034e4a93154}","{6f0e9cbe-9502-4aa3-94e6-2f70e27c4a02}"]}, {aa830680-8a4b-41cc-8ebb-177367d81124}, {aa830680-8a4b-41cc-8ebb-177367d81124}
04-25 19:05:23.732 I/Gecko   (   83): 1398477923734	Marionette	INFO	sendToClient: {"from":"0","value":"app://homescreen.gaiamobile.org/index.html#rootFri%20Apr%2025%202014%2019:05:21%20GMT-0700%20(UTC)"}, {9221fc01-3cfd-4b2e-812f-b50dca6a7603}, {9221fc01-3cfd-4b2e-812f-b50dca6a7603}
04-25 19:05:23.732 I/Gecko   (   83): 1398477923741	Marionette	DEBUG	Got request: switchToFrame, data: {"to":"0","sessionId":"3-b2g","name":"switchToFrame","parameters":{"id":null,"focus":true}}, id: {15849538-f92e-4812-b6e4-f8c542f5dfda}
04-25 19:05:23.772 I/Gecko   (   83): 1398477923774	Marionette	INFO	Switched to frame: {"frameValue":null}
04-25 19:05:23.872 I/Gecko   (   83): 1398477923876	Marionette	INFO	sendToClient: {"from":"0","ok":true}, {15849538-f92e-4812-b6e4-f8c542f5dfda}, {15849538-f92e-4812-b6e4-f8c542f5dfda}
04-25 19:05:23.872 I/Gecko   (   83): 1398477923883	Marionette	DEBUG	Got request: switchToFrame, data: {"to":"0","sessionId":"3-b2g","name":"switchToFrame","parameters":{"id":null,"focus":true}}, id: {9bc5a0e8-78df-448e-ba99-004d4d700b74}
04-25 19:05:23.882 I/Gecko   (   83): 1398477923885	Marionette	INFO	Switched to frame: {"frameValue":null}
04-25 19:05:23.982 I/Gecko   (   83): 1398477923988	Marionette	INFO	sendToClient: {"from":"0","ok":true}, {9bc5a0e8-78df-448e-ba99-004d4d700b74}, {9bc5a0e8-78df-448e-ba99-004d4d700b74}
04-25 19:05:23.992 I/Gecko   (   83): 1398477924003	Marionette	DEBUG	Got request: executeWithCallback, data: {"to":"0","sessionId":"3-b2g","name":"executeAsyncScript","parameters":{"specialPowers":false,"scriptTimeout":30000,"newSandbox":true,"args":[],"filename":"app_checker.py","script":"GaiaApps.launchWithManifestURL('https://marketplace.firefox.com/app/2386dc5c-68ef-4006-928e-29864f31491f/manifest.webapp')","line":106}}, id: {129fbd1a-13ea-4c1c-ac4b-fa09066ebf4b}
04-25 19:05:24.102 I/Gonk    (   83): Setting nice for pid 964 to 18
04-25 19:05:24.102 I/Gonk    (   83): Changed nice for pid 964 from 18 to 18.
04-25 19:05:24.112 I/Gecko   (   83): [Parent 83] WARNING: waitpid failed pid:964 errno:10: file ../../../gecko/ipc/chromium/src/base/process_util_posix.cc, line 254
04-25 19:05:24.122 I/Gonk    (   83): Setting nice for pid 964 to 1
04-25 19:05:24.122 I/Gonk    (   83): Changed nice for pid 964 from 18 to 1.
04-25 19:05:24.232 E/GeckoConsole(   83): Content JS LOG at dummy file:334 in GaiaApps.launch: launching app with name 'Sketchbook Squad'
04-25 19:05:24.322 E/[Gralloc-ERROR](   83): int gralloc_register_buffer(const gralloc_module_t*, const native_handle_t*):79 Unable to register handle 0x483fe100 coming from different process: 83
04-25 19:05:24.332 E/[Gralloc-ERROR](   83): int gralloc_register_buffer(const gralloc_module_t*, const native_handle_t*):79 Unable to register handle 0x483fe1a0 coming from different process: 83
04-25 19:05:24.452 D/Sensors (   83): activate handle=0; drv=0
04-25 19:05:24.472 D/Sensors (   83): Lis3dhSensor: Control set 1
04-25 19:05:24.472 D/Sensors (   83): Lis3dhSensor: mEnabled = 1
04-25 19:05:24.582 I/Gonk    (   83): Setting nice for pid 953 to 18
04-25 19:05:24.582 I/Gonk    (   83): Changed nice for pid 953 from 1 to 18.
04-25 19:05:25.082 W/WifiHW  (   83): wifi_command: SIGNAL_POLL
04-25 19:05:25.512 I/Gonk    (   83): Setting nice for pid 1008 to 18
04-25 19:05:25.512 I/Gonk    (   83): Changed nice for pid 1008 from 0 to 18.
04-25 19:05:25.702 V/AudioPolicyManagerBase(   88): startOutput() output 1, stream 1, session 3
04-25 19:05:25.702 V/AudioPolicyManagerBase(   88): changeRefCount() stream 1, count 1
04-25 19:05:25.702 V/AudioPolicyManagerBase(   88): getDeviceForStrategy() from cache strategy 0, device 2
04-25 19:05:25.702 V/AudioPolicyManagerBase(   88): getNewDevice() selected device 2
04-25 19:05:25.702 D/AudioPolicyManagerBase(   88): setOutputDevice() output 1 device 2 delayMs 0
04-25 19:05:25.702 V/AudioPolicyManagerBase(   88): setOutputDevice() setting same device 2 or null device for output 1
04-25 19:05:25.702 E/AudioPolicyManagerBase(   88): checkAndSetVolume stream=1, index=0, output=1, device=2
04-25 19:05:25.702 E/AudioPolicyManagerBase(   88): computeVolume, streamDesc=0x2e2bb8
04-25 19:05:25.732 W/AudioFlinger(   88): Thread AudioOut_1 cannot connect to the power manager service
04-25 19:05:25.732 V/AudioPolicyManagerBase(   88): stopOutput() output 1, stream 1, session 3
04-25 19:05:25.732 V/AudioPolicyManagerBase(   88): changeRefCount() stream 1, count 0
04-25 19:05:25.732 V/AudioPolicyManagerBase(   88): getNewDevice() selected device 0
04-25 19:05:25.732 D/AudioPolicyManagerBase(   88): setOutputDevice() output 1 device 0 delayMs 290
04-25 19:05:25.732 V/AudioPolicyManagerBase(   88): setOutputDevice() setting same device 0 or null device for output 1
04-25 19:05:25.732 V/AudioPolicyManagerBase(   88): releaseOutput() 1
04-25 19:05:26.192 I/Gecko   (  964): ###################################### forms.js loaded
04-25 19:05:26.282 I/Gecko   (  964): ############################### browserElementPanning.js loaded
04-25 19:05:26.332 I/Gecko   (  964): ######################## BrowserElementChildPreload.js loaded
04-25 19:05:27.012 I/Gecko   ( 1008): ###################################### forms.js loaded
04-25 19:05:27.032 I/Gecko   ( 1008): ############################### browserElementPanning.js loaded
04-25 19:05:27.052 I/Gecko   ( 1008): ######################## BrowserElementChildPreload.js loaded
04-25 19:05:28.212 I/Gecko   (   83): 
04-25 19:05:28.212 I/Gecko   (   83): ###!!! [Parent][MessageChannel] Error: Channel error: cannot send/recv
04-25 19:05:28.212 I/Gecko   (   83): 
04-25 19:05:28.322 I/Gecko   (   83): [Parent 83] WARNING: waitpid failed pid:953 errno:10: file ../../../gecko/ipc/chromium/src/base/process_util_posix.cc, line 254
04-25 19:05:28.372 V/AudioPolicyManagerBase(   88): getDeviceForStrategy() from cache strategy 0, device 2
04-25 19:05:28.372 V/AudioPolicyManagerBase(   88): getOutput() stream 3, samplingRate 0, format 0, channels 3, flags 0
04-25 19:05:28.412 E/GeckoConsole(  964): [JavaScript Warning: "Error in parsing value for 'image-rendering'.  Declaration dropped." {file: "app://{b4280223-0096-42d6-966d-1a918ceedb28}/firefox.css" line: 12 column: 21 source: "    image-rendering: -o-crisp-edges;"}]
04-25 19:05:28.412 E/GeckoConsole(  964): [JavaScript Warning: "Error in parsing value for 'image-rendering'.  Declaration dropped." {file: "app://{b4280223-0096-42d6-966d-1a918ceedb28}/firefox.css" line: 13 column: 21 source: "    image-rendering: -webkit-optimize-contrast;"}]
04-25 19:05:28.412 E/GeckoConsole(  964): [JavaScript Error: "The character encoding of the HTML document was not declared. The document will render with garbled text in some browser configurations if the document contains characters from outside the US-ASCII range. The character encoding of the page must be declared in the document or in the transfer protocol." {file: "app://{b4280223-0096-42d6-966d-1a918ceedb28}/firefox.htm" line: 0}]
04-25 19:05:28.512 E/GeckoConsole(  964): [JavaScript Error: "NS_ERROR_FILE_NOT_FOUND: " {file: "app://{b4280223-0096-42d6-966d-1a918ceedb28}/sketchbook.js" line: 146}]
04-25 19:05:28.642 I/Gonk    (   83): Setting nice for pid 1008 to 18
04-25 19:05:28.642 I/Gonk    (   83): Changed nice for pid 1008 from 0 to 18.
04-25 19:05:28.642 I/Gecko   (   83): [Parent 83] WARNING: waitpid failed pid:1008 errno:10: file ../../../gecko/ipc/chromium/src/base/process_util_posix.cc, line 254
04-25 19:05:28.642 I/Gonk    (   83): Setting nice for pid 1008 to 1
04-25 19:05:28.642 I/Gonk    (   83): Changed nice for pid 1008 from 18 to 1.
04-25 19:05:28.672 I/Gonk    (   83): Setting nice for pid 1008 to 18
04-25 19:05:28.672 I/Gonk    (   83): Changed nice for pid 1008 from 1 to 18.
04-25 19:05:28.872 E/GeckoConsole(  964): [JavaScript Error: "TypeError: Not enough arguments to AudioContext.createBuffer." {file: "app://{b4280223-0096-42d6-966d-1a918ceedb28}/sketchbook.js" line: 146}]
04-25 19:05:28.882 E/GeckoConsole(  964): [JavaScript Error: "TypeError: Not enough arguments to AudioContext.createBuffer." {file: "app://{b4280223-0096-42d6-966d-1a918ceedb28}/sketchbook.js" line: 146}]
04-25 19:05:28.882 E/GeckoConsole(   83): Content JS LOG at dummy file:326 in GaiaApps.launch/appOpen/<: app with origin 'app://{b4280223-0096-42d6-966d-1a918ceedb28}' has launched
04-25 19:05:28.892 E/GeckoConsole(  964): [JavaScript Error: "TypeError: Not enough arguments to AudioContext.createBuffer." {file: "app://{b4280223-0096-42d6-966d-1a918ceedb28}/sketchbook.js" line: 146}]
04-25 19:05:28.892 I/Gecko   (   83): 1398477928897	Marionette	INFO	sendToClient: {"from":"0","value":{"frame":{"ELEMENT":"{3f5cc7a0-af9f-4dbd-b21c-e5ccb5b3009c}"},"src":"app://{b4280223-0096-42d6-966d-1a918ceedb28}/firefox.htm","name":"Sketchbook Squad","origin":"app://{b4280223-0096-42d6-966d-1a918ceedb28}"}}, {129fbd1a-13ea-4c1c-ac4b-fa09066ebf4b}, {129fbd1a-13ea-4c1c-ac4b-fa09066ebf4b}
04-25 19:05:28.892 E/[Gralloc-ERROR](   83): int gralloc_unregister_buffer(const gralloc_module_t*, const native_handle_t*):274 Trying to unregister buffer 0x483fe100 from process 83 that was not created in current process: 83
04-25 19:05:28.902 E/[Gralloc-ERROR](   83): int gralloc_unregister_buffer(const gralloc_module_t*, const native_handle_t*):274 Trying to unregister buffer 0x483fe1a0 from process 83 that was not created in current process: 83
04-25 19:05:28.942 I/Gecko   (   83): 1398477928946	Marionette	DEBUG	Got request: switchToFrame, data: {"to":"0","sessionId":"3-b2g","name":"switchToFrame","parameters":{"focus":true,"element":"{3f5cc7a0-af9f-4dbd-b21c-e5ccb5b3009c}"}}, id: {9b0d571f-81c6-4e32-a40a-2c986daf2395}
04-25 19:05:28.942 I/Gecko   (   83): 1398477928953	Marionette	INFO	Switched to frame: {"frameValue":"{3f5cc7a0-af9f-4dbd-b21c-e5ccb5b3009c}"}
04-25 19:05:28.952 I/Gecko   (   83): 1398477928955	Marionette	INFO	trying remote frame 0
04-25 19:05:28.952 I/Gecko   (   83): 1398477928956	Marionette	INFO	deleting frame
04-25 19:05:28.952 I/Gecko   (   83): 1398477928962	Marionette	INFO	frame-manager load script: [object ChromeMessageSender]
04-25 19:05:29.842 I/Gecko   (   83): 1398477929848	Marionette	INFO	sendToClient: {"from":"0","ok":true}, {9b0d571f-81c6-4e32-a40a-2c986daf2395}, {9b0d571f-81c6-4e32-a40a-2c986daf2395}
04-25 19:05:29.862 I/Gecko   (   83): 1398477929865	Marionette	INFO	sendToClient: {"from":"0","value":"app://{b4280223-0096-42d6-966d-1a918ceedb28}/firefox.htm"}, {96b6dc79-e185-45b4-9aa5-d290e91543aa}, {96b6dc79-e185-45b4-9aa5-d290e91543aa}
04-25 19:05:29.862 I/Gecko   (   83): 1398477929873	Marionette	DEBUG	Got request: execute, data: {"to":"0","sessionId":"3-b2g","name":"executeScript","parameters":{"specialPowers":false,"scriptTimeout":null,"newSandbox":true,"args":[],"filename":"app_checker.py","script":"return window.document.readyState;","line":191}}, id: {5b8db2a3-fca2-4112-8540-6cdcfee6e5e7}
04-25 19:05:29.922 I/Gecko   (   83): 1398477929929	Marionette	INFO	sendToClient: {"from":"0","value":"complete"}, {5b8db2a3-fca2-4112-8540-6cdcfee6e5e7}, {5b8db2a3-fca2-4112-8540-6cdcfee6e5e7}
04-25 19:05:29.932 I/Gecko   (   83): 1398477929940	Marionette	INFO	sendToClient: {"from":"0","value":"app://{b4280223-0096-42d6-966d-1a918ceedb28}/firefox.htm"}, {4c2a8479-da7f-4879-8b67-c0c042c89b37}, {4c2a8479-da7f-4879-8b67-c0c042c89b37}
04-25 19:05:30.022 I/Gecko   (  964): Attempting load of libEGL.so
04-25 19:05:30.042 D/libEGL  (  964): loaded /system/lib/egl/libEGL_mali.so
04-25 19:05:30.062 D/libEGL  (  964): loaded /system/lib/egl/libGLESv1_CM_mali.so
04-25 19:05:30.062 D/libEGL  (  964): loaded /system/lib/egl/libGLESv2_mali.so
04-25 19:05:30.082 W/WifiHW  (   83): wifi_command: SIGNAL_POLL
04-25 19:05:30.132 I/Gecko   (  964): SharedSurface_Gralloc::Create -------
04-25 19:05:30.192 I/Gecko   (  964): SharedSurface_Gralloc::Create: success -- surface 0x44146240, GraphicBuffer 0x43e5bc00.
04-25 19:05:30.322 I/Gecko   (   83): [Parent 83] WARNING: waitpid failed pid:953 errno:10: file ../../../gecko/ipc/chromium/src/base/process_util_posix.cc, line 254
04-25 19:05:30.322 I/Gecko   (   83): [Parent 83] WARNING: Failed to deliver SIGKILL to 953!(3).: file ../../../gecko/ipc/chromium/src/chrome/common/process_watcher_posix_sigchld.cc, line 118
04-25 19:05:30.822 I/Gecko   (   83): 
04-25 19:05:30.822 I/Gecko   (   83): ###!!! [Parent][MessageChannel] Error: Channel error: cannot send/recv
04-25 19:05:30.822 I/Gecko   (   83): 
04-25 19:05:30.902 I/Gecko   (   83): [Parent 83] WARNING: waitpid failed pid:1008 errno:10: file ../../../gecko/ipc/chromium/src/base/process_util_posix.cc, line 254
04-25 19:05:31.142 I/Gecko   (   83): 1398477931144	Marionette	INFO	sendToClient: {"from":"0","value":"iVBORw0KGgoAAAANSUhEUgAAAUAAAAHgCAYAAADUjLREAAAGMUlEQVR4nO3UMQEAAAiAMPuX1hgebAm4mAWImu8AgC8GCGQZIJBlgECWAQJZBghkGSCQZYBAlgECWQYIZBkgkGWAQJYBAlkGCGQZIJBlgECWAQJZBghkGSCQZYBAlgECWQYIZBkgkGWAQJYBAlkGCGQZIJBlgECWAQJZBghkGSCQZYBAlgECWQYIZBkgkGWAQJYBAlkGCGQZIJBlgECWAQJZBghkGSCQZYBAlgECWQYIZBkgkGWAQJYBAlkGCGQZIJBlgECWAQJZBghkGSCQZYBAlgECWQYIZBkgkGWAQJYBAlkGCGQZIJBlgECWAQJZBghkGSCQZYBAlgECWQYIZBkgkGWAQJYBAlkGCGQZIJBlgECWAQJZBghkGSCQZYBAlgECWQYIZBkgkGWAQJYBAlkGCGQZIJBlgECWAQJZBghkGSCQZYBAlgECWQYIZBkgkGWAQJYBAlkGCGQZIJBlgECWAQJZBghkGSCQZYBAlgECWQYIZBkgkGWAQJYBAlkGCGQZIJBlgECWAQJZBghkGSCQZYBAlgECWQYIZBkgkGWAQJYBAlkGCGQZIJBlgECWAQJZBghkGSCQZYBAlgECWQYIZBkgkGWAQJYBAlkGCGQZIJBlgECWAQJZBghkGSCQZYBAlgECWQYIZBkgkGWAQJYBAlkGCGQZIJBlgECWAQJZBghkGSCQZYBAlgECWQYIZBkgkGWAQJYBAlkGCGQZIJBlgECWAQJZBghkGSCQZYBAlgECWQYIZBkgkGWAQJYBAlkGCGQZIJBlgECWAQJZBghkGSCQZYBAlgECWQYIZBkgkGWAQJYBAlkGCGQZIJBlgECWAQJZBghkGSCQZYBAlgECWQYIZBkgkGWAQJYBAlkGCGQZIJBlgECWAQJZBghkGSCQZYBAlgECWQ
04-25 19:05:31.302 I/Gecko   (   83): 1398477931307	Marionette	INFO	sendToClient: {"from":"0","ok":true}, {741b340e-d849-46d9-94bc-249ba797fdce}, {741b340e-d849-46d9-94bc-249ba797fdce}
04-25 19:05:31.422 I/Gecko   (   83): 1398477931433	Marionette	DEBUG	Got request: switchToFrame, data: {"to":"0","sessionId":"3-b2g","name":"switchToFrame","parameters":{"id":null,"focus":true}}, id: {0963a040-5bae-4640-984f-cd902a82a826}
04-25 19:05:31.442 I/Gecko   (   83): 1398477931453	Marionette	INFO	Switched to frame: {"frameValue":null}
04-25 19:05:31.632 I/Gecko   (   83): 1398477931643	Marionette	INFO	sendToClient: {"from":"0","ok":true}, {0963a040-5bae-4640-984f-cd902a82a826}, {0963a040-5bae-4640-984f-cd902a82a826}
04-25 19:05:31.662 I/Gecko   (   83): 1398477931664	Marionette	DEBUG	Got request: executeWithCallback, data: {"to":"0","sessionId":"3-b2g","name":"executeAsyncScript","parameters":{"specialPowers":false,"scriptTimeout":null,"newSandbox":true,"args":[],"filename":"gaia_test.py","script":"return GaiaApps.displayedApp();","line":66}}, id: {415782cd-c121-4202-9972-5417ba399846}
04-25 19:05:31.712 I/Gecko   (   83): 1398477931716	Marionette	INFO	sendToClient: {"from":"0","value":{"frame":{"ELEMENT":"{3f5cc7a0-af9f-4dbd-b21c-e5ccb5b3009c}"},"src":"app://{b4280223-0096-42d6-966d-1a918ceedb28}/firefox.htm","name":"Sketchbook Squad","origin":"app://{b4280223-0096-42d6-966d-1a918ceedb28}"}}, {415782cd-c121-4202-9972-5417ba399846}, {415782cd-c121-4202-9972-5417ba399846}
04-25 19:05:31.712 E/GeckoConsole(   83): Content JS LOG at dummy file:392 in GaiaApps.displayedApp: app with origin 'app://{b4280223-0096-42d6-966d-1a918ceedb28}' is displayed
04-25 19:05:31.722 I/Gecko   (   83): 1398477931724	Marionette	DEBUG	Got request: switchToFrame, data: {"to":"0","sessionId":"3-b2g","name":"switchToFrame","parameters":{"id":null,"focus":true}}, id: {ff50029a-9dac-4a8b-90e1-ba0b2525c8b4}
04-25 19:05:31.722 I/Gecko   (   83): 1398477931727	Marionette	INFO	Switched to frame: {"frameValue":null}
04-25 19:05:31.822 I/Gecko   (   83): 1398477931828	Marionette	INFO	sendToClient: {"from":"0","ok":true}, {ff50029a-9dac-4a8b-90e1-ba0b2525c8b4}, {ff50029a-9dac-4a8b-90e1-ba0b2525c8b4}
04-25 19:05:31.832 I/Gecko   (   83): 1398477931835	Marionette	DEBUG	Got request: execute, data: {"to":"0","sessionId":"3-b2g","name":"executeScript","parameters":{"specialPowers":false,"scriptTimeout":null,"newSandbox":true,"args":[],"filename":"gaia_test.py","script":"window.wrappedJSObject.dispatchEvent(new Event('home'));","line":788}}, id: {9ae8acfd-001f-4149-bff3-23c673d7d4fb}
04-25 19:05:31.982 D/Sensors (   83): activate handle=0; drv=0
04-25 19:05:31.982 D/Sensors (   83): Lis3dhSensor: Control set 0
04-25 19:05:31.982 D/Sensors (   83): Lis3dhSensor: mEnabled = 0
04-25 19:05:32.272 I/Gonk    (   83): Setting nice for pid 1033 to 18
04-25 19:05:32.282 I/Gonk    (   83): Changed nice for pid 1033 from 0 to 18.
04-25 19:05:32.292 I/Gecko   (   83): 1398477932299	Marionette	INFO	sendToClient: {"from":"0","value":null}, {9ae8acfd-001f-4149-bff3-23c673d7d4fb}, {9ae8acfd-001f-4149-bff3-23c673d7d4fb}
04-25 19:05:32.342 E/[Gralloc-ERROR](   83): int gralloc_register_buffer(const gralloc_module_t*, const native_handle_t*):79 Unable to register handle 0x444a03d0 coming from different process: 83
04-25 19:05:32.342 E/[Gralloc-ERROR](   83): int gralloc_register_buffer(const gralloc_module_t*, const native_handle_t*):79 Unable to register handle 0x444a04c0 coming from different process: 83
04-25 19:05:32.432 I/Gonk    (   83): Setting nice for pid 1033 to 18
04-25 19:05:32.432 I/Gonk    (   83): Changed nice for pid 1033 from 18 to 18.
04-25 19:05:32.432 I/Gecko   (   83): [Parent 83] WARNING: waitpid failed pid:1033 errno:10: file ../../../gecko/ipc/chromium/src/base/process_util_posix.cc, line 254
04-25 19:05:32.432 I/Gonk    (   83): Setting nice for pid 1033 to 1
04-25 19:05:32.432 I/Gonk    (   83): Changed nice for pid 1033 from 18 to 1.
04-25 19:05:32.462 I/Gecko   (   83): 1398477932465	Marionette	DEBUG	Got request: switchToFrame, data: {"to":"0","sessionId":"3-b2g","name":"switchToFrame","parameters":{"id":null,"focus":true}}, id: {087b99b2-eed7-4d44-a88a-5799d97870af}
04-25 19:05:32.462 I/Gecko   (   83): 1398477932468	Marionette	INFO	Switched to frame: {"frameValue":null}
04-25 19:05:32.572 I/Gecko   (   83): 1398477932579	Marionette	INFO	sendToClient: {"from":"0","ok":true}, {087b99b2-eed7-4d44-a88a-5799d97870af}, {087b99b2-eed7-4d44-a88a-5799d97870af}
04-25 19:05:32.592 I/Gecko   (   83): 1398477932600	Marionette	DEBUG	Got request: executeWithCallback, data: {"to":"0","sessionId":"3-b2g","name":"executeAsyncScript","parameters":{"specialPowers":false,"scriptTimeout":null,"newSandbox":true,"args":[],"filename":"gaia_test.py","script":"return GaiaApps.displayedApp();","line":66}}, id: {cd8c8f1f-3994-4c9a-b3d2-811f98897c2f}
04-25 19:05:32.692 I/Gecko   (   83): 1398477932702	Marionette	INFO	sendToClient: {"from":"0","value":{"frame":{"ELEMENT":"{d2cea335-5426-4986-a749-cbc032fc779e}"},"src":"app://homescreen.gaiamobile.org/index.html#root","name":"Homescreen","origin":"app://homescreen.gaiamobile.org"}}, {cd8c8f1f-3994-4c9a-b3d2-811f98897c2f}, {cd8c8f1f-3994-4c9a-b3d2-811f98897c2f}
04-25 19:05:32.722 E/GeckoConsole(   83): Content JS LOG at dummy file:392 in GaiaApps.displayedApp: app with origin 'app://homescreen.gaiamobile.org' is displayed
04-25 19:05:32.752 I/Gecko   (   83): 1398477932755	Marionette	DEBUG	Got request: switchToFrame, data: {"to":"0","sessionId":"3-b2g","name":"switchToFrame","parameters":{"id":null,"focus":true}}, id: {81cbb8d5-77a1-4dae-83d0-72e25bf0f2ba}
04-25 19:05:32.752 I/Gecko   (   83): 1398477932759	Marionette	INFO	Switched to frame: {"frameValue":null}
04-25 19:05:32.852 I/Gecko   (   83): 1398477932863	Marionette	INFO	sendToClient: {"from":"0","ok":true}, {81cbb8d5-77a1-4dae-83d0-72e25bf0f2ba}, {81cbb8d5-77a1-4dae-83d0-72e25bf0f2ba}
04-25 19:05:32.872 I/Gecko   (   83): 1398477932882	Marionette	DEBUG	Got request: switchToFrame, data: {"to":"0","sessionId":"3-b2g","name":"switchToFrame","parameters":{"id":null,"focus":true}}, id: {d4df2615-1380-4b50-806f-f032d0b061af}
04-25 19:05:32.882 I/Gecko   (   83): 1398477932885	Marionette	INFO	Switched to frame: {"frameValue":null}
04-25 19:05:32.902 I/Gecko   (   83): [Parent 83] WARNING: waitpid failed pid:1008 errno:10: file ../../../gecko/ipc/chromium/src/base/process_util_posix.cc, line 254
04-25 19:05:32.902 I/Gecko   (   83): [Parent 83] WARNING: Failed to deliver SIGKILL to 1008!(3).: file ../../../gecko/ipc/chromium/src/chrome/common/process_watcher_posix_sigchld.cc, line 118
04-25 19:05:33.212 I/Gecko   (   83): 1398477933222	Marionette	INFO	sendToClient: {"from":"0","ok":true}, {d4df2615-1380-4b50-806f-f032d0b061af}, {d4df2615-1380-4b50-806f-f032d0b061af}
04-25 19:05:33.302 I/Gonk    (   83): Setting nice for pid 1041 to 18
04-25 19:05:33.302 I/Gonk    (   83): Changed nice for pid 1041 from 0 to 18.
04-25 19:05:33.602 E/[Gralloc-ERROR](   83): int gralloc_unregister_buffer(const gralloc_module_t*, const native_handle_t*):274 Trying to unregister buffer 0x444a04c0 from process 83 that was not created in current process: 83
04-25 19:05:33.622 E/[Gralloc-ERROR](   83): int gralloc_unregister_buffer(const gralloc_module_t*, const native_handle_t*):274 Trying to unregister buffer 0x444a03d0 from process 83 that was not created in current process: 83
04-25 19:05:33.622 I/Gecko   (   83): 1398477933628	Marionette	DEBUG	Got request: executeWithCallback, data: {"to":"0","sessionId":"3-b2g","name":"executeAsyncScript","parameters":{"specialPowers":false,"scriptTimeout":null,"newSandbox":true,"args":[],"filename":"gaia_test.py","script":"return GaiaApps.displayedApp();","line":66}}, id: {48de76ed-51aa-44c9-a784-4f661cacf2b0}
04-25 19:05:33.722 E/GeckoConsole(   83): Content JS LOG at dummy file:392 in GaiaApps.displayedApp: app with origin 'app://homescreen.gaiamobile.org' is displayed
04-25 19:05:33.752 I/Gecko   (   83): 1398477933755	Marionette	INFO	sendToClient: {"from":"0","value":{"frame":{"ELEMENT":"{d2cea335-5426-4986-a749-cbc032fc779e}"},"src":"app://homescreen.gaiamobile.org/index.html#root","name":"Homescreen","origin":"app://homescreen.gaiamobile.org"}}, {48de76ed-51aa-44c9-a784-4f661cacf2b0}, {48de76ed-51aa-44c9-a784-4f661cacf2b0}
04-25 19:05:33.752 I/Gecko   (   83): 1398477933763	Marionette	DEBUG	Got request: switchToFrame, data: {"to":"0","sessionId":"3-b2g","name":"switchToFrame","parameters":{"focus":true,"element":"{d2cea335-5426-4986-a749-cbc032fc779e}"}}, id: {e8f7cedb-1b8b-4529-ae58-012d16a99978}
04-25 19:05:33.902 I/Gecko   (   83): 1398477933914	Marionette	INFO	Switched to frame: {"frameValue":"{d2cea335-5426-4986-a749-cbc032fc779e}"}
04-25 19:05:34.282 I/Gonk    (   83): Setting nice for pid 964 to 7
04-25 19:05:34.282 I/Gonk    (   83): Changed nice for pid 964 from 1 to 7.
04-25 19:05:34.292 I/Gecko   (   83): 1398477934298	Marionette	INFO	trying remote frame 0
04-25 19:05:34.302 I/Gecko   (   83): 1398477934306	Marionette	INFO	deleting frame
04-25 19:05:34.302 I/Gecko   (   83): 1398477934311	Marionette	INFO	frame-manager load script: [object ChromeMessageSender]
04-25 19:05:34.482 I/Gecko   (   83): 
04-25 19:05:34.482 I/Gecko   (   83): ###!!! [Parent][MessageChannel] Error: Channel error: cannot send/recv
04-25 19:05:34.482 I/Gecko   (   83): 
04-25 19:05:34.692 I/Gecko   (   83): [Parent 83] WARNING: waitpid failed pid:964 errno:10: file ../../../gecko/ipc/chromium/src/base/process_util_posix.cc, line 254
04-25 19:05:35.152 W/WifiHW  (   83): wifi_command: SIGNAL_POLL
04-25 19:05:35.292 I/Gecko   ( 1033): ###################################### forms.js loaded
04-25 19:05:35.322 I/Gecko   ( 1033): ############################### browserElementPanning.js loaded
04-25 19:05:35.362 I/Gecko   ( 1033): ######################## BrowserElementChildPreload.js loaded
04-25 19:05:36.392 I/Gecko   (   83): 1398477936401	Marionette	INFO	sendToClient: {"from":"0","ok":true}, {e8f7cedb-1b8b-4529-ae58-012d16a99978}, {e8f7cedb-1b8b-4529-ae58-012d16a99978}
04-25 19:05:36.692 I/Gecko   (   83): [Parent 83] WARNING: waitpid failed pid:964 errno:10: file ../../../gecko/ipc/chromium/src/base/process_util_posix.cc, line 254
04-25 19:05:36.692 I/Gecko   (   83): [Parent 83] WARNING: Failed to deliver SIGKILL to 964!(3).: file ../../../gecko/ipc/chromium/src/chrome/common/process_watcher_posix_sigchld.cc, line 118
04-25 19:05:36.742 I/Gecko   (   83): 1398477936750	Marionette	INFO	sendToClient: {"from":"0","value":"app://homescreen.gaiamobile.org/index.html#root"}, {9e0eed6f-6f6e-496c-be3d-30206deefa16}, {9e0eed6f-6f6e-496c-be3d-30206deefa16}
04-25 19:05:36.752 I/Gecko   (   83): 1398477936763	Marionette	DEBUG	Got request: switchToFrame, data: {"to":"0","sessionId":"3-b2g","name":"switchToFrame","parameters":{"id":null,"focus":true}}, id: {2cfa918b-b6d0-4f25-91fd-bce04269a186}
04-25 19:05:36.782 I/Gecko   (   83): 1398477936792	Marionette	INFO	Switched to frame: {"frameValue":null}
04-25 19:05:36.892 I/Gecko   (   83): 1398477936895	Marionette	INFO	sendToClient: {"from":"0","ok":true}, {2cfa918b-b6d0-4f25-91fd-bce04269a186}, {2cfa918b-b6d0-4f25-91fd-bce04269a186}
04-25 19:05:36.892 I/Gecko   (   83): 1398477936902	Marionette	DEBUG	Got request: switchToFrame, data: {"to":"0","sessionId":"3-b2g","name":"switchToFrame","parameters":{"id":null,"focus":true}}, id: {4e896f7e-59f3-4223-8ce5-18fccf69b23b}
04-25 19:05:36.892 I/Gecko   (   83): 1398477936903	Marionette	INFO	Switched to frame: {"frameValue":null}
04-25 19:05:37.002 I/Gecko   (   83): 1398477937009	Marionette	INFO	sendToClient: {"from":"0","ok":true}, {4e896f7e-59f3-4223-8ce5-18fccf69b23b}, {4e896f7e-59f3-4223-8ce5-18fccf69b23b}
04-25 19:05:37.012 I/Gecko   (   83): 1398477937017	Marionette	DEBUG	Got request: executeWithCallback, data: {"to":"0","sessionId":"3-b2g","name":"executeAsyncScript","parameters":{"specialPowers":false,"scriptTimeout":null,"newSandbox":true,"args":[],"filename":"gaia_test.py","script":"GaiaApps.killAll()","line":91}}, id: {04a5ad36-c033-4000-8a97-2082e0fe29f1}
04-25 19:05:37.072 I/Gecko   (   83): 1398477937076	Marionette	INFO	sendToClient: {"from":"0","value":true}, {04a5ad36-c033-4000-8a97-2082e0fe29f1}, {04a5ad36-c033-4000-8a97-2082e0fe29f1}
04-25 19:05:37.072 I/Gecko   (   83): 1398477937083	Marionette	DEBUG	Got request: switchToFrame, data: {"to":"0","sessionId":"3-b2g","name":"switchToFrame","parameters":{"id":null,"focus":true}}, id: {b912dcb9-6e13-461f-8310-2ab1e07be55a}
04-25 19:05:37.082 I/Gecko   (   83): 1398477937084	Marionette	INFO	Switched to frame: {"frameValue":null}
04-25 19:05:37.182 I/Gecko   (   83): 1398477937187	Marionette	INFO	sendToClient: {"from":"0","ok":true}, {b912dcb9-6e13-461f-8310-2ab1e07be55a}, {b912dcb9-6e13-461f-8310-2ab1e07be55a}
04-25 19:05:37.192 I/Gecko   (   83): 1398477937194	Marionette	DEBUG	Got request: executeWithCallback, data: {"to":"0","sessionId":"3-b2g","name":"executeAsyncScript","parameters":{"specialPowers":false,"scriptTimeout":60000,"newSandbox":true,"args":[],"filename":"app_checker.py","script":"\n        GaiaApps.locateWithManifestURL('https://marketplace.firefox.com/app/2386dc5c-68ef-4006-928e-29864f31491f/manifest.webapp',\n                                       null,\n                                       function uninstall(app) {\n                                       navigator.mozApps.mgmt.uninstall(app);\n                                       marionetteScriptFinished(true);\n                                       });\n        ","line":129}}, id: {d61d4b13-c009-4d26-8f6e-d0d7a9b970d5}
04-25 19:05:37.242 I/Gecko   (   83): -- webapps.js uninstall https://marketplace.firefox.com/app/2386dc5c-68ef-4006-928e-29864f31491f/manifest.webapp
04-25 19:05:37.582 I/Gecko   (   83): 1398477937592	Marionette	INFO	sendToClient: {"from":"0","value":true}, {d61d4b13-c009-4d26-8f6e-d0d7a9b970d5}, {d61d4b13-c009-4d26-8f6e-d0d7a9b970d5}