04-26 05:17:44.486 I/Gecko   (   83): 1398514664501	Marionette	INFO	sendToClient: {"from":"0","ok":true}, {885ab0e7-082b-4070-a09c-7feeb516601a}, {885ab0e7-082b-4070-a09c-7feeb516601a}
04-26 05:17:44.556 I/Gecko   (   83): 1398514664562	Marionette	DEBUG	Got request: switchToFrame, data: {"to":"0","sessionId":"3-b2g","name":"switchToFrame","parameters":{"id":null,"focus":true}}, id: {181f9e97-222f-4f5b-964d-665e341c9ce2}
04-26 05:17:44.646 I/Gecko   (   83): 1398514664658	Marionette	INFO	Switched to frame: {"frameValue":null}
04-26 05:17:44.826 I/Gecko   (   83): 1398514664836	Marionette	INFO	sendToClient: {"from":"0","ok":true}, {181f9e97-222f-4f5b-964d-665e341c9ce2}, {181f9e97-222f-4f5b-964d-665e341c9ce2}
04-26 05:17:44.846 I/Gecko   (   83): 1398514664856	Marionette	DEBUG	Got request: executeWithCallback, data: {"to":"0","sessionId":"3-b2g","name":"executeAsyncScript","parameters":{"specialPowers":false,"scriptTimeout":null,"newSandbox":true,"args":[],"filename":"gaia_test.py","script":"return GaiaApps.displayedApp();","line":66}}, id: {3b7a27f7-b0a4-4a41-b9c3-529ade7f6508}
04-26 05:17:45.116 I/GonkMemoryPressure( 1586): Checking to see if memory pressure is over.
04-26 05:17:45.186 I/GonkMemoryPressure( 1586): Memory pressure is over.
04-26 05:17:45.706 E/GeckoConsole(   83): Content JS LOG at dummy file:392 in GaiaApps.displayedApp: app with origin 'app://{8ce2d429-df08-41d2-809d-9cf0f8ddd48f}' is displayed
04-26 05:17:45.736 I/Gecko   (   83): 1398514665749	Marionette	INFO	sendToClient: {"from":"0","value":{"frame":{"ELEMENT":"{c39302ae-04fb-4277-b889-7ea91e361994}"},"src":"app://{8ce2d429-df08-41d2-809d-9cf0f8ddd48f}/index.html","name":"Sliding Tommy","origin":"app://{8ce2d429-df08-41d2-809d-9cf0f8ddd48f}"}}, {3b7a27f7-b0a4-4a41-b9c3-529ade7f6508}, {3b7a27f7-b0a4-4a41-b9c3-529ade7f6508}
04-26 05:17:45.756 I/Gecko   (   83): 1398514665764	Marionette	DEBUG	Got request: switchToFrame, data: {"to":"0","sessionId":"3-b2g","name":"switchToFrame","parameters":{"id":null,"focus":true}}, id: {62bd6eef-c1d1-4f26-92a6-dc93603c4b79}
04-26 05:17:45.756 I/Gecko   (   83): 1398514665766	Marionette	INFO	Switched to frame: {"frameValue":null}
04-26 05:17:45.786 E/Profiler(   83): BPUnw: [1 total] thread_unregister_for_profiling(me=0xffd480)  (NOT REGISTERED) 
04-26 05:17:45.856 I/Gecko   (   83): 1398514665872	Marionette	INFO	sendToClient: {"from":"0","ok":true}, {62bd6eef-c1d1-4f26-92a6-dc93603c4b79}, {62bd6eef-c1d1-4f26-92a6-dc93603c4b79}
04-26 05:17:45.866 I/Gecko   (   83): 1398514665880	Marionette	DEBUG	Got request: execute, data: {"to":"0","sessionId":"3-b2g","name":"executeScript","parameters":{"specialPowers":false,"scriptTimeout":null,"newSandbox":true,"args":[],"filename":"gaia_test.py","script":"window.wrappedJSObject.dispatchEvent(new Event('home'));","line":788}}, id: {8897901e-b4a2-4701-872e-36ea5452a86b}
04-26 05:17:46.136 E/Profiler(   83): BPUnw: [1 total] thread_unregister_for_profiling(me=0xffcee8)  (NOT REGISTERED) 
04-26 05:17:46.186 E/Profiler(   83): BPUnw: [1 total] thread_unregister_for_profiling(me=0xffe6d8)  (NOT REGISTERED) 
04-26 05:17:46.406 I/Gonk    (   83): Setting nice for pid 1586 to 18
04-26 05:17:46.436 I/Gonk    (   83): Changed nice for pid 1586 from 18 to 18.
04-26 05:17:46.436 I/Gecko   (   83): [Parent 83] WARNING: waitpid failed pid:1586 errno:10: file ../../../gecko/ipc/chromium/src/base/process_util_posix.cc, line 254
04-26 05:17:46.476 I/Gonk    (   83): Setting nice for pid 1586 to 1
04-26 05:17:46.476 I/Gonk    (   83): Changed nice for pid 1586 from 18 to 1.
04-26 05:17:46.576 W/AudioFlinger(   88): Thread AudioOut_1 cannot connect to the power manager service
04-26 05:17:46.626 E/Profiler(   83): BPUnw: [1 total] thread_unregister_for_profiling(me=0xfe5e08)  (NOT REGISTERED) 
04-26 05:17:46.636 E/Profiler(   83): BPUnw: [1 total] thread_unregister_for_profiling(me=0xfe6048)  (NOT REGISTERED) 
04-26 05:17:46.656 V/AudioPolicyManagerBase(   88): getDeviceForStrategy() from cache strategy 0, device 2
04-26 05:17:46.686 D/Sensors (   83): activate handle=0; drv=0
04-26 05:17:46.696 V/AudioPolicyManagerBase(   88): getOutput() stream 1, samplingRate 0, format 0, channels 3, flags 0
04-26 05:17:46.696 D/Sensors (   83): Lis3dhSensor: Control set 0
04-26 05:17:46.696 D/Sensors (   83): Lis3dhSensor: mEnabled = 0
04-26 05:17:46.706 V/AudioPolicyManagerBase(   88): startOutput() output 1, stream 1, session 6
04-26 05:17:46.706 V/AudioPolicyManagerBase(   88): changeRefCount() stream 1, count 1
04-26 05:17:46.706 V/AudioPolicyManagerBase(   88): getDeviceForStrategy() from cache strategy 0, device 2
04-26 05:17:46.706 V/AudioPolicyManagerBase(   88): getNewDevice() selected device 2
04-26 05:17:46.706 D/AudioPolicyManagerBase(   88): setOutputDevice() output 1 device 2 delayMs 0
04-26 05:17:46.706 V/AudioPolicyManagerBase(   88): setOutputDevice() setting same device 2 or null device for output 1
04-26 05:17:46.706 E/AudioPolicyManagerBase(   88): checkAndSetVolume stream=1, index=0, output=1, device=2
04-26 05:17:46.706 E/AudioPolicyManagerBase(   88): computeVolume, streamDesc=0x1015bb8
04-26 05:17:46.826 V/AudioPolicyManagerBase(   88): stopOutput() output 1, stream 1, session 6
04-26 05:17:46.826 V/AudioPolicyManagerBase(   88): changeRefCount() stream 1, count 0
04-26 05:17:46.826 V/AudioPolicyManagerBase(   88): getNewDevice() selected device 0
04-26 05:17:46.826 D/AudioPolicyManagerBase(   88): setOutputDevice() output 1 device 0 delayMs 290
04-26 05:17:46.826 V/AudioPolicyManagerBase(   88): setOutputDevice() setting same device 0 or null device for output 1
04-26 05:17:46.836 V/AudioPolicyManagerBase(   88): startOutput() output 1, stream 1, session 6
04-26 05:17:46.836 V/AudioPolicyManagerBase(   88): changeRefCount() stream 1, count 1
04-26 05:17:46.836 V/AudioPolicyManagerBase(   88): getDeviceForStrategy() from cache strategy 0, device 2
04-26 05:17:46.836 V/AudioPolicyManagerBase(   88): getNewDevice() selected device 2
04-26 05:17:46.836 D/AudioPolicyManagerBase(   88): setOutputDevice() output 1 device 2 delayMs 0
04-26 05:17:46.836 V/AudioPolicyManagerBase(   88): setOutputDevice() setting same device 2 or null device for output 1
04-26 05:17:46.836 E/AudioPolicyManagerBase(   88): checkAndSetVolume stream=1, index=0, output=1, device=2
04-26 05:17:46.836 E/AudioPolicyManagerBase(   88): computeVolume, streamDesc=0x1015bb8
04-26 05:17:46.886 I/audio_hw_primary(   88): select_devices_signal starting...
04-26 05:17:46.886 I/audio_hw_primary(   88): select_devices_signal finished.
04-26 05:17:46.886 W/audio_hw_primary(   88): open s_tinycard in
04-26 05:17:46.886 W/audio_hw_primary(   88): open s_tinycard successfully
04-26 05:17:46.896 I/audio_hw_primary(   88): Changing devices: 0x00000002
04-26 05:17:47.026 I/audio_hw_primary(   88): Set 'HeadPhone Function'.0 to 0
04-26 05:17:47.026 I/audio_hw_primary(   88): Set 'Earpiece Function'.0 to 0
04-26 05:17:47.026 I/audio_hw_primary(   88): Set 'Mic Function'.0 to 0
04-26 05:17:47.026 I/audio_hw_primary(   88): Set 'HP Mic Function'.0 to 0
04-26 05:17:47.026 I/audio_hw_primary(   88): Set 'Line Function'.0 to 0
04-26 05:17:47.026 I/audio_hw_primary(   88): Changing devices, mask: 0x00004002
04-26 05:17:47.026 I/audio_hw_primary(   88): Set 'Speaker Function'.0 to 1
04-26 05:17:47.026 W/audio_hw_primary(   88): GetAudio_pga_nv, dac_pga_gain_l:0xc3 adc_pga_gain_l:0xc fm_pga_gain_l:0xff fm_pga_gain_r:0xff device:0x2 vol_level:0x1 
04-26 05:17:47.026 D/audio_pga(   88): 'speaker-l' apply
04-26 05:17:47.026 I/audio_pga(   88): 'Master Playback Volume' set to 12
04-26 05:17:47.026 I/audio_pga(   88): 'Inter PA Playback Volume' set to 12
04-26 05:17:47.026 I/audio_pga(   88): 'VBC DACL DG Set' set to 0
04-26 05:17:47.026 I/audio_pga(   88): 'VBC DACL DG Switch' set to 0
04-26 05:17:47.026 D/audio_pga(   88): 'speaker-r' apply
04-26 05:17:47.026 I/audio_pga(   88): 'Master Playback Volume' set to 12
04-26 05:17:47.026 I/audio_pga(   88): 'Inter PA Playback Volume' set to 12
04-26 05:17:47.026 I/audio_pga(   88): 'VBC DACR DG Set' set to 0
04-26 05:17:47.026 I/audio_pga(   88): 'VBC DACR DG Switch' set to 0
04-26 05:17:47.026 W/audio_hw_primary(   88): SetAudio_gain_by_devices out, devices:0x2 
04-26 05:17:47.026 I/audio_hw_primary(   88): stream_routing_thread looping done.
04-26 05:17:47.026 I/audio_hw_primary(   88): stream_routing_thread looping now...
04-26 05:17:48.336 I/Gecko   (   83): 1398514668349	Marionette	INFO	sendToClient: {"from":"0","value":null}, {8897901e-b4a2-4701-872e-36ea5452a86b}, {8897901e-b4a2-4701-872e-36ea5452a86b}
04-26 05:17:48.556 E/[Gralloc-ERROR](   83): int gralloc_register_buffer(const gralloc_module_t*, const native_handle_t*):79 Unable to register handle 0x43cf9150 coming from different process: 83
04-26 05:17:48.556 E/[Gralloc-ERROR](   83): int gralloc_register_buffer(const gralloc_module_t*, const native_handle_t*):79 Unable to register handle 0x43cf9240 coming from different process: 83
04-26 05:17:53.796 I/GonkMemoryPressure( 1586): Checking to see if memory pressure is over.
04-26 05:17:53.816 I/GonkMemoryPressure(   83): Checking to see if memory pressure is over.
04-26 05:17:53.826 I/GonkMemoryPressure(   83): Memory pressure is over.
04-26 05:17:53.836 I/GonkMemoryPressure( 1514): Checking to see if memory pressure is over.
04-26 05:17:53.836 I/GonkMemoryPressure( 1586): Memory pressure is over.
04-26 05:17:53.836 I/GonkMemoryPressure( 1514): Memory pressure is over.
04-26 05:17:54.856 W/WifiHW  (   83): wifi_command: SIGNAL_POLL
04-26 05:17:56.996 I/Gonk    (   83): Setting nice for pid 1605 to 18
04-26 05:17:57.006 I/Gonk    (   83): Changed nice for pid 1605 from 0 to 18.
04-26 05:17:57.296 I/Gonk    (   83): Setting nice for pid 1514 to 7
04-26 05:17:57.326 I/Gonk    (   83): Changed nice for pid 1514 from 1 to 7.
04-26 05:17:57.326 E/[Gralloc-ERROR](   83): int gralloc_unregister_buffer(const gralloc_module_t*, const native_handle_t*):274 Trying to unregister buffer 0x43cf9240 from process 83 that was not created in current process: 83
04-26 05:17:57.506 E/[Gralloc-ERROR](   83): int gralloc_unregister_buffer(const gralloc_module_t*, const native_handle_t*):274 Trying to unregister buffer 0x43cf9150 from process 83 that was not created in current process: 83
04-26 05:17:57.556 I/Gecko   (   83): 1398514677563	Marionette	DEBUG	Got request: switchToFrame, data: {"to":"0","sessionId":"3-b2g","name":"switchToFrame","parameters":{"id":null,"focus":true}}, id: {fb6b83b2-eec1-4fef-9ee1-72544315b660}
04-26 05:17:57.576 I/Gecko   (   83): 1398514677589	Marionette	INFO	Switched to frame: {"frameValue":null}
04-26 05:17:57.606 I/Gecko   (   83): 
04-26 05:17:57.606 I/Gecko   (   83): ###!!! [Parent][MessageChannel] Error: Channel error: cannot send/recv
04-26 05:17:57.606 I/Gecko   (   83): 
04-26 05:17:57.736 V/AudioPolicyManagerBase(   88): stopOutput() output 1, stream 1, session 6
04-26 05:17:57.746 V/AudioPolicyManagerBase(   88): changeRefCount() stream 1, count 0
04-26 05:17:57.746 V/AudioPolicyManagerBase(   88): getNewDevice() selected device 0
04-26 05:17:57.746 D/AudioPolicyManagerBase(   88): setOutputDevice() output 1 device 0 delayMs 290
04-26 05:17:57.746 V/AudioPolicyManagerBase(   88): setOutputDevice() setting same device 0 or null device for output 1
04-26 05:17:57.796 V/AudioPolicyManagerBase(   88): releaseOutput() 1
04-26 05:17:57.856 I/Gecko   (   83): [Parent 83] WARNING: waitpid failed pid:1514 errno:10: file ../../../gecko/ipc/chromium/src/base/process_util_posix.cc, line 254
04-26 05:17:57.856 I/Gecko   (   83): 1398514677867	Marionette	INFO	sendToClient: {"from":"0","ok":true}, {fb6b83b2-eec1-4fef-9ee1-72544315b660}, {fb6b83b2-eec1-4fef-9ee1-72544315b660}
04-26 05:17:57.876 I/Gecko   (   83): 1398514677883	Marionette	DEBUG	Got request: executeWithCallback, data: {"to":"0","sessionId":"3-b2g","name":"executeAsyncScript","parameters":{"specialPowers":false,"scriptTimeout":null,"newSandbox":true,"args":[],"filename":"gaia_test.py","script":"return GaiaApps.displayedApp();","line":66}}, id: {cc1dbd8c-8264-4cbb-8bd5-7077ecbb8918}
04-26 05:17:58.006 I/Gecko   (   83): 1398514678019	Marionette	INFO	sendToClient: {"from":"0","value":{"frame":{"ELEMENT":"{44f39d29-bc05-451b-ba82-6f563f56b6f9}"},"src":"app://homescreen.gaiamobile.org/index.html#root","name":"Homescreen","origin":"app://homescreen.gaiamobile.org"}}, {cc1dbd8c-8264-4cbb-8bd5-7077ecbb8918}, {cc1dbd8c-8264-4cbb-8bd5-7077ecbb8918}
04-26 05:17:58.016 E/GeckoConsole(   83): Content JS LOG at dummy file:392 in GaiaApps.displayedApp: app with origin 'app://homescreen.gaiamobile.org' is displayed
04-26 05:17:58.026 I/Gecko   (   83): 1398514678035	Marionette	DEBUG	Got request: switchToFrame, data: {"to":"0","sessionId":"3-b2g","name":"switchToFrame","parameters":{"id":null,"focus":true}}, id: {81d581cd-acf7-4ba9-b947-e69b521b8de1}
04-26 05:17:58.036 I/Gecko   (   83): 1398514678043	Marionette	INFO	Switched to frame: {"frameValue":null}
04-26 05:17:58.136 I/Gecko   (   83): 1398514678146	Marionette	INFO	sendToClient: {"from":"0","ok":true}, {81d581cd-acf7-4ba9-b947-e69b521b8de1}, {81d581cd-acf7-4ba9-b947-e69b521b8de1}
04-26 05:17:58.156 I/Gecko   (   83): 1398514678164	Marionette	DEBUG	Got request: switchToFrame, data: {"to":"0","sessionId":"3-b2g","name":"switchToFrame","parameters":{"id":null,"focus":true}}, id: {d8921826-1d4b-409e-9b13-fc964b8ed4f1}
04-26 05:17:58.156 I/Gecko   (   83): 1398514678165	Marionette	INFO	Switched to frame: {"frameValue":null}
04-26 05:17:58.276 I/Gecko   (   83): 1398514678284	Marionette	INFO	sendToClient: {"from":"0","ok":true}, {d8921826-1d4b-409e-9b13-fc964b8ed4f1}, {d8921826-1d4b-409e-9b13-fc964b8ed4f1}
04-26 05:17:58.286 I/Gecko   (   83): 1398514678298	Marionette	DEBUG	Got request: executeWithCallback, data: {"to":"0","sessionId":"3-b2g","name":"executeAsyncScript","parameters":{"specialPowers":false,"scriptTimeout":null,"newSandbox":true,"args":[],"filename":"gaia_test.py","script":"return GaiaApps.displayedApp();","line":66}}, id: {2f169932-2ec2-445a-80f0-fc03154972f4}
04-26 05:17:58.336 I/Gecko   (   83): 1398514678350	Marionette	INFO	sendToClient: {"from":"0","value":{"frame":{"ELEMENT":"{44f39d29-bc05-451b-ba82-6f563f56b6f9}"},"src":"app://homescreen.gaiamobile.org/index.html#root","name":"Homescreen","origin":"app://homescreen.gaiamobile.org"}}, {2f169932-2ec2-445a-80f0-fc03154972f4}, {2f169932-2ec2-445a-80f0-fc03154972f4}
04-26 05:17:58.346 E/GeckoConsole(   83): Content JS LOG at dummy file:392 in GaiaApps.displayedApp: app with origin 'app://homescreen.gaiamobile.org' is displayed
04-26 05:17:58.356 I/Gecko   (   83): 1398514678369	Marionette	DEBUG	Got request: switchToFrame, data: {"to":"0","sessionId":"3-b2g","name":"switchToFrame","parameters":{"focus":true,"element":"{44f39d29-bc05-451b-ba82-6f563f56b6f9}"}}, id: {9f5d391c-9959-4445-8b0b-bfbf8c5dd103}
04-26 05:17:58.366 I/Gecko   (   83): 1398514678382	Marionette	INFO	Switched to frame: {"frameValue":"{44f39d29-bc05-451b-ba82-6f563f56b6f9}"}
04-26 05:17:58.386 I/Gecko   (   83): 1398514678393	Marionette	INFO	trying remote frame 0
04-26 05:17:58.386 I/Gecko   (   83): 1398514678395	Marionette	INFO	trying remote frame 1
04-26 05:17:58.386 I/Gecko   (   83): 1398514678396	Marionette	INFO	deleting frame
04-26 05:17:58.386 I/Gecko   (   83): 1398514678401	Marionette	INFO	frame-manager load script: [object ChromeMessageSender]
04-26 05:17:58.586 I/Gecko   ( 1586): ###################################### forms.js loaded
04-26 05:17:58.636 I/Gecko   ( 1586): ############################### browserElementPanning.js loaded
04-26 05:17:58.706 I/Gecko   ( 1586): ######################## BrowserElementChildPreload.js loaded
04-26 05:17:59.786 W/WifiHW  (   83): wifi_command: SIGNAL_POLL
04-26 05:17:59.856 I/Gecko   (   83): [Parent 83] WARNING: waitpid failed pid:1514 errno:10: file ../../../gecko/ipc/chromium/src/base/process_util_posix.cc, line 254
04-26 05:17:59.856 I/Gecko   (   83): [Parent 83] WARNING: Failed to deliver SIGKILL to 1514!(3).: file ../../../gecko/ipc/chromium/src/chrome/common/process_watcher_posix_sigchld.cc, line 118
04-26 05:18:00.166 I/Gecko   (   83): 1398514680172	Marionette	INFO	sendToClient: {"from":"0","ok":true}, {9f5d391c-9959-4445-8b0b-bfbf8c5dd103}, {9f5d391c-9959-4445-8b0b-bfbf8c5dd103}
04-26 05:18:00.566 W/audio_hw_primary(   88): do_output_standby.mode:0 
04-26 05:18:00.666 I/Gecko   (   83): 1398514680679	Marionette	INFO	sendToClient: {"from":"0","value":"app://homescreen.gaiamobile.org/index.html#root"}, {f9d05f1f-dbac-415e-b457-8913d8fef82d}, {f9d05f1f-dbac-415e-b457-8913d8fef82d}
04-26 05:18:00.786 I/Gecko   (   83): 1398514680798	Marionette	DEBUG	Got request: switchToFrame, data: {"to":"0","sessionId":"3-b2g","name":"switchToFrame","parameters":{"id":null,"focus":true}}, id: {94b71aab-39fe-4211-b6b3-06997ef989cf}
04-26 05:18:00.816 I/Gecko   (   83): 1398514680829	Marionette	INFO	Switched to frame: {"frameValue":null}
04-26 05:18:00.916 I/Gecko   (   83): 1398514680932	Marionette	INFO	sendToClient: {"from":"0","ok":true}, {94b71aab-39fe-4211-b6b3-06997ef989cf}, {94b71aab-39fe-4211-b6b3-06997ef989cf}
04-26 05:18:00.926 I/Gecko   (   83): 1398514680938	Marionette	DEBUG	Got request: switchToFrame, data: {"to":"0","sessionId":"3-b2g","name":"switchToFrame","parameters":{"id":null,"focus":true}}, id: {67865882-b202-41d1-9580-bd3e3640e80f}
04-26 05:18:00.926 I/Gecko   (   83): 1398514680940	Marionette	INFO	Switched to frame: {"frameValue":null}
04-26 05:18:01.036 I/Gecko   (   83): 1398514681043	Marionette	INFO	sendToClient: {"from":"0","ok":true}, {67865882-b202-41d1-9580-bd3e3640e80f}, {67865882-b202-41d1-9580-bd3e3640e80f}
04-26 05:18:01.036 I/Gecko   (   83): 1398514681049	Marionette	DEBUG	Got request: executeWithCallback, data: {"to":"0","sessionId":"3-b2g","name":"executeAsyncScript","parameters":{"specialPowers":false,"scriptTimeout":null,"newSandbox":true,"args":[],"filename":"gaia_test.py","script":"GaiaApps.killAll()","line":91}}, id: {1d6a63c7-7aa3-4b8a-a0fc-af7000fa0a70}
04-26 05:18:01.356 E/GeckoConsole(   83): Content JS LOG at dummy file:266 in GaiaApps.kill: terminating app with origin 'app://browser.gaiamobile.org'
04-26 05:18:01.356 E/GeckoConsole(   83): Content JS LOG at dummy file:258 in GaiaApps.kill/gt_onAppTerminated/<: app with origin 'app://browser.gaiamobile.org' has terminated
04-26 05:18:01.426 I/Gecko   (   83): 1398514681442	Marionette	INFO	sendToClient: {"from":"0","value":true}, {1d6a63c7-7aa3-4b8a-a0fc-af7000fa0a70}, {1d6a63c7-7aa3-4b8a-a0fc-af7000fa0a70}