--------- beginning of /dev/log/main
04-25 21:21:34.687 E/GeckoConsole( 1927): Content JS WARN at app://homescreen.gaiamobile.org/gaia_build_defer_index.js:184 in isHiddenApp: Unexpected role when checking hidden app: undefined
04-25 21:21:34.687 E/GeckoConsole( 1927): Content JS WARN at app://homescreen.gaiamobile.org/gaia_build_defer_index.js:184 in isHiddenApp: Unexpected role when checking hidden app: undefined
04-25 21:21:34.687 E/GeckoConsole( 1927): Content JS WARN at app://homescreen.gaiamobile.org/gaia_build_defer_index.js:184 in isHiddenApp: Unexpected role when checking hidden app: undefined
04-25 21:21:34.687 E/GeckoConsole( 1927): Content JS WARN at app://homescreen.gaiamobile.org/gaia_build_defer_index.js:184 in isHiddenApp: Unexpected role when checking hidden app: undefined
04-25 21:21:34.687 E/GeckoConsole( 1927): Content JS WARN at app://homescreen.gaiamobile.org/gaia_build_defer_index.js:184 in isHiddenApp: Unexpected role when checking hidden app: undefined
04-25 21:21:34.687 E/GeckoConsole( 1927): Content JS WARN at app://homescreen.gaiamobile.org/gaia_build_defer_index.js:184 in isHiddenApp: Unexpected role when checking hidden app: undefined
04-25 21:21:34.697 E/GeckoConsole( 1927): Content JS WARN at app://homescreen.gaiamobile.org/gaia_build_defer_index.js:184 in isHiddenApp: Unexpected role when checking hidden app: undefined
04-25 21:21:34.697 E/GeckoConsole( 1927): Content JS WARN at app://homescreen.gaiamobile.org/gaia_build_defer_index.js:184 in isHiddenApp: Unexpected role when checking hidden app: undefined
04-25 21:21:34.697 E/GeckoConsole( 1927): Content JS WARN at app://homescreen.gaiamobile.org/gaia_build_defer_index.js:184 in isHiddenApp: Unexpected role when checking hidden app: undefined
04-25 21:21:34.697 E/GeckoConsole( 1927): Content JS WARN at app://homescreen.gaiamobile.org/gaia_build_defer_index.js:184 in isHiddenApp: Unexpected role when checking hidden app: undefined
04-25 21:21:34.697 E/GeckoConsole( 1927): Content JS WARN at app://homescreen.gaiamobile.org/gaia_build_defer_index.js:184 in isHiddenApp: Unexpected role when checking hidden app: undefined
04-25 21:21:34.697 E/GeckoConsole( 1927): Content JS WARN at app://homescreen.gaiamobile.org/gaia_build_defer_index.js:184 in isHiddenApp: Unexpected role when checking hidden app: undefined
04-25 21:21:34.697 E/GeckoConsole( 1927): Content JS WARN at app://homescreen.gaiamobile.org/gaia_build_defer_index.js:184 in isHiddenApp: Unexpected role when checking hidden app: undefined
04-25 21:21:34.697 E/GeckoConsole( 1927): Content JS WARN at app://homescreen.gaiamobile.org/gaia_build_defer_index.js:184 in isHiddenApp: Unexpected role when checking hidden app: undefined
04-25 21:21:34.697 E/GeckoConsole( 1927): Content JS WARN at app://homescreen.gaiamobile.org/gaia_build_defer_index.js:184 in isHiddenApp: Unexpected role when checking hidden app: undefined
04-25 21:21:34.697 E/GeckoConsole( 1927): Content JS WARN at app://homescreen.gaiamobile.org/gaia_build_defer_index.js:184 in isHiddenApp: Unexpected role when checking hidden app: undefined
04-25 21:21:34.697 E/GeckoConsole( 1927): Content JS WARN at app://homescreen.gaiamobile.org/gaia_build_defer_index.js:184 in isHiddenApp: Unexpected role when checking hidden app: undefined
04-25 21:21:34.697 E/GeckoConsole( 1927): Content JS WARN at app://homescreen.gaiamobile.org/gaia_build_defer_index.js:184 in isHiddenApp: Unexpected role when checking hidden app: undefined
04-25 21:21:35.037 I/Gecko   (   83): 1398486095052	Marionette	INFO	sendToClient: {"from":"0","value":"<div><img src=\"blob:a8d1527c-e916-4ac3-b12c-43b66e716daf\" style=\"visibility: visible;\" role=\"presentation\" height=\"64\" width=\"64\"><span class=\"labelWrapper\"><span>Social</span></span></div><span data-is-icon=\"true\" class=\"options\"></span>"}, {d8b578aa-96a9-43b0-9d7e-b4fd6ac11993}, {d8b578aa-96a9-43b0-9d7e-b4fd6ac11993}
04-25 21:21:35.117 I/Gecko   (   83): 1398486095132	Marionette	INFO	sendToClient: {"from":"0","value":"<div><img src=\"blob:d32fc5a8-3ee0-4fc2-83c9-8b2ead70d459\" style=\"visibility: visible;\" role=\"presentation\" height=\"64\" width=\"64\"><span class=\"labelWrapper\"><span>Games</span></span></div><span data-is-icon=\"true\" class=\"options\"></span>"}, {198f6790-b3e9-4070-b94d-f2ca37ae1835}, {198f6790-b3e9-4070-b94d-f2ca37ae1835}
04-25 21:21:35.147 I/Gecko   (   83): 1398486095162	Marionette	INFO	sendToClient: {"from":"0","value":"<div><img src=\"blob:3e52f997-ec73-4e64-912d-f2f7eb9132f3\" style=\"visibility: visible;\" role=\"presentation\" height=\"64\" width=\"64\"><span class=\"labelWrapper\"><span>Music</span></span></div><span data-is-icon=\"true\" class=\"options\"></span>"}, {08513743-bdaf-4d25-8022-823e059542b9}, {08513743-bdaf-4d25-8022-823e059542b9}
04-25 21:21:35.167 I/Gecko   (   83): 1398486095181	Marionette	INFO	sendToClient: {"from":"0","value":"<div><img src=\"blob:c8e8fd96-334c-401b-a571-95c2916ab013\" style=\"visibility: visible;\" role=\"presentation\" height=\"64\" width=\"64\"><span class=\"labelWrapper\"><span>Showbiz</span></span></div><span data-is-icon=\"true\" class=\"options\"></span>"}, {2638bbc0-3dd8-4f32-bf34-5e9fbc67de48}, {2638bbc0-3dd8-4f32-bf34-5e9fbc67de48}
04-25 21:21:35.177 I/Gecko   (   83): 1398486095194	Marionette	INFO	sendToClient: {"from":"0","value":"<div><img src=\"blob:7835410d-bdef-4705-9ffb-55719776fcc5\" style=\"visibility: visible;\" role=\"presentation\" height=\"64\" width=\"64\"><span class=\"labelWrapper\"><span>Camera</span></span></div>"}, {227e908b-5f66-463f-a1ae-ed9cba3668f3}, {227e908b-5f66-463f-a1ae-ed9cba3668f3}
04-25 21:21:35.187 I/Gecko   (   83): 1398486095206	Marionette	INFO	sendToClient: {"from":"0","value":"<div><img src=\"blob:9b7240b5-8b52-46d7-a460-a4173381ac45\" style=\"visibility: visible;\" role=\"presentation\" height=\"64\" width=\"64\"><span class=\"labelWrapper\"><span>Gallery</span></span></div>"}, {10b62fac-43ff-4451-8151-e7cc9a6c874a}, {10b62fac-43ff-4451-8151-e7cc9a6c874a}
04-25 21:21:35.207 I/Gecko   (   83): 1398486095217	Marionette	INFO	sendToClient: {"from":"0","value":"<div><img src=\"blob:c6091021-1f93-4a57-a77d-c9017304d54e\" style=\"visibility: visible;\" role=\"presentation\" height=\"64\" width=\"64\"><span class=\"labelWrapper\"><span>FM Radio</span></span></div>"}, {bca8d665-197b-4736-adbd-ecbf58c209e8}, {bca8d665-197b-4736-adbd-ecbf58c209e8}
04-25 21:21:35.227 I/Gecko   (   83): 1398486095241	Marionette	INFO	sendToClient: {"from":"0","value":"<div><img src=\"blob:d73004e4-b0b7-407b-a2c8-65e2ec9500af\" style=\"visibility: visible;\" role=\"presentation\" height=\"64\" width=\"64\"><span class=\"labelWrapper\"><span>Settings</span></span></div>"}, {0a8b1018-2621-456b-a7cf-6cc49a38a9a7}, {0a8b1018-2621-456b-a7cf-6cc49a38a9a7}
04-25 21:21:35.247 I/Gecko   (   83): 1398486095265	Marionette	INFO	sendToClient: {"from":"0","value":"<div><img src=\"blob:0dd1b597-7913-4300-a0e1-4a114d4c2bca\" style=\"visibility: visible;\" role=\"presentation\" height=\"64\" width=\"64\"><span class=\"labelWrapper\"><span>Marketplace</span></span></div>"}, {87e77f4f-a340-4686-afa3-b274e81b22b8}, {87e77f4f-a340-4686-afa3-b274e81b22b8}
04-25 21:21:35.257 I/Gecko   (   83): 1398486095276	Marionette	INFO	sendToClient: {"from":"0","value":"<div><img src=\"blob:afb34f75-1b85-4d5c-96e2-b716aaa0515a\" style=\"visibility: visible;\" role=\"presentation\" height=\"64\" width=\"64\"><span class=\"labelWrapper\"><span>Calendar</span></span></div>"}, {c7db2aac-278c-4432-9dc4-ee14b5bbe2f0}, {c7db2aac-278c-4432-9dc4-ee14b5bbe2f0}
04-25 21:21:35.277 I/Gecko   (   83): 1398486095290	Marionette	INFO	sendToClient: {"from":"0","value":"<div><img src=\"blob:aa9e0d44-0764-410c-b8a4-3ea458d2d858\" style=\"visibility: visible;\" role=\"presentation\" height=\"64\" width=\"64\"><span class=\"labelWrapper\"><span>Clock</span></span></div>"}, {48e1953e-bffc-4ea8-9a2b-9d0127b13a88}, {48e1953e-bffc-4ea8-9a2b-9d0127b13a88}
04-25 21:21:35.317 I/Gecko   (   83): 1398486095328	Marionette	INFO	sendToClient: {"from":"0","value":"<div><img src=\"blob:4cc903a3-3664-4aa3-b3da-f27b3064e5ae\" style=\"visibility: visible;\" role=\"presentation\" height=\"64\" width=\"64\"><span class=\"labelWrapper\"><span>Usage</span></span></div>"}, {e29c3aa1-0be6-4b19-9a69-e6a1675e8054}, {e29c3aa1-0be6-4b19-9a69-e6a1675e8054}
04-25 21:21:35.327 I/Gecko   (   83): 1398486095344	Marionette	INFO	sendToClient: {"from":"0","value":"<div><img src=\"blob:c6d5c1dd-7256-4541-b472-fc29a0e55536\" style=\"visibility: visible;\" role=\"presentation\" height=\"64\" width=\"64\"><span class=\"labelWrapper\"><span>E-Mail</span></span></div>"}, {101d3b01-bc4f-4473-998a-0d842f3e1bb9}, {101d3b01-bc4f-4473-998a-0d842f3e1bb9}
04-25 21:21:35.347 I/Gecko   (   83): 1398486095362	Marionette	INFO	sendToClient: {"from":"0","value":"<div><img src=\"blob:88f417a8-be46-47b2-84b9-c56a9ea02c85\" style=\"visibility: visible;\" role=\"presentation\" height=\"64\" width=\"64\"><span class=\"labelWrapper\"><span>Music</span></span></div>"}, {553e8376-90d3-4424-9a73-a9d4db3489a8}, {553e8376-90d3-4424-9a73-a9d4db3489a8}
04-25 21:21:35.367 I/Gecko   (   83): 1398486095380	Marionette	INFO	sendToClient: {"from":"0","value":"<div><img src=\"blob:ccfa3357-3765-466d-bafa-ebc0c5894ae5\" style=\"visibility: visible;\" role=\"presentation\" height=\"64\" width=\"64\"><span class=\"labelWrapper\"><span>Video</span></span></div>"}, {ec577c2f-e8bd-419e-a9c9-3b6be30ec83e}, {ec577c2f-e8bd-419e-a9c9-3b6be30ec83e}
04-25 21:21:35.387 I/Gecko   (   83): 1398486095406	Marionette	INFO	sendToClient: {"from":"0","value":"<div><img src=\"blob:f0cb72da-b2fb-496c-9793-ce0434311291\" style=\"visibility: visible;\" role=\"presentation\" height=\"64\" width=\"64\"><span class=\"labelWrapper mask\"><span>GoldNuggets</span></span></div><span data-is-icon=\"true\" class=\"options\"></span>"}, {89e35e02-8af4-4d79-8c18-9a9c92e4bc80}, {89e35e02-8af4-4d79-8c18-9a9c92e4bc80}
04-25 21:21:35.407 I/Gecko   (   83): 1398486095423	Marionette	INFO	sendToClient: {"from":"0","value":"<div><img src=\"blob:0156fbe1-aefe-4294-a011-aee2b9516ef6\" style=\"visibility: visible;\" role=\"presentation\" height=\"64\" width=\"64\"><span class=\"labelWrapper mask\"><span>Space Shooter</span></span></div><span data-is-icon=\"true\" class=\"options\"></span>"}, {4462b8cd-3be8-4882-ba96-44cfa2dde8cc}, {4462b8cd-3be8-4882-ba96-44cfa2dde8cc}
04-25 21:21:35.417 I/Gecko   (   83): 1398486095435	Marionette	INFO	sendToClient: {"from":"0","value":"<div><img src=\"blob:f2bd16b4-8f35-4c91-8633-6394ca4a4600\" style=\"visibility: visible;\" role=\"presentation\" height=\"64\" width=\"64\"><span class=\"labelWrapper mask\"><span>Snakes &amp; Ladders</span></span></div><span data-is-icon=\"true\" class=\"options\"></span>"}, {3f13bba9-7be3-4180-86bc-6bbecd68706d}, {3f13bba9-7be3-4180-86bc-6bbecd68706d}
04-25 21:21:35.427 I/Gecko   (   83): 1398486095445	Marionette	INFO	sendToClient: {"from":"0","value":"<div><img src=\"blob:15a72826-fa3c-47d1-a4fa-3df0a527b2eb\" style=\"visibility: visible;\" role=\"presentation\" height=\"64\" width=\"64\"><span class=\"labelWrapper\"><span>Phone</span></span></div>"}, {d58c66b5-fd8f-47ca-8747-ec3655aacdfa}, {d58c66b5-fd8f-47ca-8747-ec3655aacdfa}
04-25 21:21:35.447 I/Gecko   (   83): 1398486095457	Marionette	INFO	sendToClient: {"from":"0","value":"<div><img src=\"blob:b3d13423-ba04-4b9c-bb19-96c891989c47\" style=\"visibility: visible;\" role=\"presentation\" height=\"64\" width=\"64\"><span class=\"labelWrapper\"><span>Messages</span></span></div>"}, {8d1d8369-f652-4560-a159-7d278a821a90}, {8d1d8369-f652-4560-a159-7d278a821a90}
04-25 21:21:35.467 I/Gecko   (   83): 1398486095482	Marionette	INFO	sendToClient: {"from":"0","value":"<div><img src=\"blob:b9f25c3a-3ea8-4af4-a5c2-3ac7e10ad71e\" style=\"visibility: visible;\" role=\"presentation\" height=\"64\" width=\"64\"><span class=\"labelWrapper\"><span>Contacts</span></span></div>"}, {cb6e644a-3de7-4b46-b8c7-f801ab041219}, {cb6e644a-3de7-4b46-b8c7-f801ab041219}
04-25 21:21:35.517 I/Gecko   (   83): 1398486095530	Marionette	INFO	sendToClient: {"from":"0","value":"<div><img src=\"blob:a7795017-c8ee-448f-9190-940401ab9437\" style=\"visibility: visible;\" role=\"presentation\" height=\"64\" width=\"64\"><span class=\"labelWrapper\"><span>Browser</span></span></div>"}, {fa43df1c-d437-4a5c-a676-580fe4abeed4}, {fa43df1c-d437-4a5c-a676-580fe4abeed4}
04-25 21:21:36.727 I/Gecko   ( 1977): ###################################### forms.js loaded
04-25 21:21:36.757 I/Gecko   ( 1977): ############################### browserElementPanning.js loaded
04-25 21:21:36.797 I/Gecko   ( 1977): ######################## BrowserElementChildPreload.js loaded
04-25 21:21:37.507 W/WifiHW  (   83): wifi_command: SIGNAL_POLL
04-25 21:21:37.607 I/Gecko   (   83): 1398486097620	Marionette	INFO	sendToClient: {"from":"0","value":["{c17521ea-f828-42c7-8e3f-6fb13c7c37c9}","{695da5c9-af49-4a38-ad39-37083246a6c9}","{4fc21491-7ff7-43e0-9738-070368104ae7}","{dc306264-b53b-449c-853f-4919fb88f5c4}","{bdfa79ab-5ca7-4fe2-ae0f-c1ed55d89786}","{b9ec489e-6977-4724-a5ec-3e3f58faee7f}","{c7d0dc6c-7c1f-40c7-af15-a462255cc637}","{549bd469-3322-4d74-8037-316557565537}","{d61c17f9-3b80-438c-94af-5d90e2fbaa30}","{ddb5b590-6422-44aa-85d0-2aef2b8b8982}","{9d6c602d-1208-4af3-b27b-2276997bfb28}","{657696c1-2c23-4251-aeb2-2b2a91543b20}","{1b2c4762-2cdd-4580-b856-16d2c4bca5c6}","{ac3585a0-8bc9-442b-bb99-4a16347b48f2}","{efac8cac-759a-417b-b190-bbadf8fc1b04}","{374077b4-2768-4ed7-9242-a816e8aa238e}","{9efee966-0720-458b-8de9-fdf9bc4e72f2}","{07edaa8c-b5d9-47e6-960f-7e908105c309}","{d0eb8af4-c4d3-42c7-9013-6a8b3d391e43}","{18ac46ea-cb59-4bf3-9a59-1dea63eb43a1}","{2bbeadb9-579c-4a6f-9238-737809c4e341}","{922b12fa-2b6e-4092-8439-042b6774a899}"]}, {2fbb6c28-5ffe-48d6-9b3e-397fdc2094d9}, {2fbb6c28-5ff
04-25 21:21:37.627 I/Gecko   (   83): 1398486097641	Marionette	INFO	sendToClient: {"from":"0","value":"<div><img src=\"blob:a8d1527c-e916-4ac3-b12c-43b66e716daf\" style=\"visibility: visible;\" role=\"presentation\" height=\"64\" width=\"64\"><span class=\"labelWrapper\"><span>Social</span></span></div><span data-is-icon=\"true\" class=\"options\"></span>"}, {963f072e-fdb1-4bb1-91b1-4f2161f071d6}, {963f072e-fdb1-4bb1-91b1-4f2161f071d6}
04-25 21:21:37.647 I/Gecko   (   83): 1398486097660	Marionette	INFO	sendToClient: {"from":"0","value":"<div><img src=\"blob:d32fc5a8-3ee0-4fc2-83c9-8b2ead70d459\" style=\"visibility: visible;\" role=\"presentation\" height=\"64\" width=\"64\"><span class=\"labelWrapper\"><span>Games</span></span></div><span data-is-icon=\"true\" class=\"options\"></span>"}, {0ff29687-b970-4335-b604-bb35e318e10c}, {0ff29687-b970-4335-b604-bb35e318e10c}
04-25 21:21:37.657 I/Gecko   (   83): 1398486097672	Marionette	INFO	sendToClient: {"from":"0","value":"<div><img src=\"blob:3e52f997-ec73-4e64-912d-f2f7eb9132f3\" style=\"visibility: visible;\" role=\"presentation\" height=\"64\" width=\"64\"><span class=\"labelWrapper\"><span>Music</span></span></div><span data-is-icon=\"true\" class=\"options\"></span>"}, {7029206c-9ddb-4ed0-b0bb-bd89106a3cd5}, {7029206c-9ddb-4ed0-b0bb-bd89106a3cd5}
04-25 21:21:37.667 I/Gecko   (   83): 1398486097684	Marionette	INFO	sendToClient: {"from":"0","value":"<div><img src=\"blob:c8e8fd96-334c-401b-a571-95c2916ab013\" style=\"visibility: visible;\" role=\"presentation\" height=\"64\" width=\"64\"><span class=\"labelWrapper\"><span>Showbiz</span></span></div><span data-is-icon=\"true\" class=\"options\"></span>"}, {bca9e428-3cab-4051-b326-ccc908565574}, {bca9e428-3cab-4051-b326-ccc908565574}
04-25 21:21:37.687 I/Gecko   (   83): 1398486097701	Marionette	INFO	sendToClient: {"from":"0","value":"<div><img src=\"blob:7835410d-bdef-4705-9ffb-55719776fcc5\" style=\"visibility: visible;\" role=\"presentation\" height=\"64\" width=\"64\"><span class=\"labelWrapper\"><span>Camera</span></span></div>"}, {8b0f1b36-b86c-4eb6-ac3b-27395ee5f6b6}, {8b0f1b36-b86c-4eb6-ac3b-27395ee5f6b6}
04-25 21:21:37.697 I/Gecko   (   83): 1398486097715	Marionette	INFO	sendToClient: {"from":"0","value":"<div><img src=\"blob:9b7240b5-8b52-46d7-a460-a4173381ac45\" style=\"visibility: visible;\" role=\"presentation\" height=\"64\" width=\"64\"><span class=\"labelWrapper\"><span>Gallery</span></span></div>"}, {7216738c-c635-4589-a924-1a1077cfedd5}, {7216738c-c635-4589-a924-1a1077cfedd5}
04-25 21:21:37.707 I/Gecko   (   83): 1398486097726	Marionette	INFO	sendToClient: {"from":"0","value":"<div><img src=\"blob:c6091021-1f93-4a57-a77d-c9017304d54e\" style=\"visibility: visible;\" role=\"presentation\" height=\"64\" width=\"64\"><span class=\"labelWrapper\"><span>FM Radio</span></span></div>"}, {e3d80343-721f-471b-922d-3a1c303b85f4}, {e3d80343-721f-471b-922d-3a1c303b85f4}
04-25 21:21:37.727 I/Gecko   (   83): 1398486097738	Marionette	INFO	sendToClient: {"from":"0","value":"<div><img src=\"blob:d73004e4-b0b7-407b-a2c8-65e2ec9500af\" style=\"visibility: visible;\" role=\"presentation\" height=\"64\" width=\"64\"><span class=\"labelWrapper\"><span>Settings</span></span></div>"}, {471a7bda-1d8d-4be4-a064-7b45033265cc}, {471a7bda-1d8d-4be4-a064-7b45033265cc}
04-25 21:21:37.737 I/Gecko   (   83): 1398486097749	Marionette	INFO	sendToClient: {"from":"0","value":"<div><img src=\"blob:0dd1b597-7913-4300-a0e1-4a114d4c2bca\" style=\"visibility: visible;\" role=\"presentation\" height=\"64\" width=\"64\"><span class=\"labelWrapper\"><span>Marketplace</span></span></div>"}, {d46825bd-859f-4e1e-beb2-d4949d64539a}, {d46825bd-859f-4e1e-beb2-d4949d64539a}
04-25 21:21:37.747 I/Gecko   (   83): 1398486097760	Marionette	INFO	sendToClient: {"from":"0","value":"<div><img src=\"blob:afb34f75-1b85-4d5c-96e2-b716aaa0515a\" style=\"visibility: visible;\" role=\"presentation\" height=\"64\" width=\"64\"><span class=\"labelWrapper\"><span>Calendar</span></span></div>"}, {b100852c-5b36-456d-9372-c2ce9d3f0a87}, {b100852c-5b36-456d-9372-c2ce9d3f0a87}
04-25 21:21:37.757 I/Gecko   (   83): 1398486097772	Marionette	INFO	sendToClient: {"from":"0","value":"<div><img src=\"blob:aa9e0d44-0764-410c-b8a4-3ea458d2d858\" style=\"visibility: visible;\" role=\"presentation\" height=\"64\" width=\"64\"><span class=\"labelWrapper\"><span>Clock</span></span></div>"}, {0e873b0c-bba9-4834-9936-2b92bd63c09a}, {0e873b0c-bba9-4834-9936-2b92bd63c09a}
04-25 21:21:37.767 I/Gecko   (   83): 1398486097784	Marionette	INFO	sendToClient: {"from":"0","value":"<div><img src=\"blob:4cc903a3-3664-4aa3-b3da-f27b3064e5ae\" style=\"visibility: visible;\" role=\"presentation\" height=\"64\" width=\"64\"><span class=\"labelWrapper\"><span>Usage</span></span></div>"}, {0aec21fc-34a9-4e2e-b96e-df95d7955e71}, {0aec21fc-34a9-4e2e-b96e-df95d7955e71}
04-25 21:21:37.787 I/Gecko   (   83): 1398486097801	Marionette	INFO	sendToClient: {"from":"0","value":"<div><img src=\"blob:c6d5c1dd-7256-4541-b472-fc29a0e55536\" style=\"visibility: visible;\" role=\"presentation\" height=\"64\" width=\"64\"><span class=\"labelWrapper\"><span>E-Mail</span></span></div>"}, {76eeacb8-d35f-4da4-98ca-f013435d9b4c}, {76eeacb8-d35f-4da4-98ca-f013435d9b4c}
04-25 21:21:37.807 I/Gecko   (   83): 1398486097825	Marionette	INFO	sendToClient: {"from":"0","value":"<div><img src=\"blob:88f417a8-be46-47b2-84b9-c56a9ea02c85\" style=\"visibility: visible;\" role=\"presentation\" height=\"64\" width=\"64\"><span class=\"labelWrapper\"><span>Music</span></span></div>"}, {68089461-ceb4-4821-ad0a-8cb5b1ede578}, {68089461-ceb4-4821-ad0a-8cb5b1ede578}
04-25 21:21:37.827 I/Gecko   (   83): 1398486097838	Marionette	INFO	sendToClient: {"from":"0","value":"<div><img src=\"blob:ccfa3357-3765-466d-bafa-ebc0c5894ae5\" style=\"visibility: visible;\" role=\"presentation\" height=\"64\" width=\"64\"><span class=\"labelWrapper\"><span>Video</span></span></div>"}, {0f1dac08-7e47-4dc1-99a2-c2d75573e118}, {0f1dac08-7e47-4dc1-99a2-c2d75573e118}
04-25 21:21:37.847 I/Gecko   (   83): 1398486097858	Marionette	INFO	sendToClient: {"from":"0","value":"<div><img src=\"blob:f0cb72da-b2fb-496c-9793-ce0434311291\" style=\"visibility: visible;\" role=\"presentation\" height=\"64\" width=\"64\"><span class=\"labelWrapper mask\"><span>GoldNuggets</span></span></div><span data-is-icon=\"true\" class=\"options\"></span>"}, {94dacdec-1fe3-4c34-9e2f-e5aba28409b1}, {94dacdec-1fe3-4c34-9e2f-e5aba28409b1}
04-25 21:21:37.867 I/Gecko   (   83): 1398486097878	Marionette	INFO	sendToClient: {"from":"0","value":"<div><img src=\"blob:0156fbe1-aefe-4294-a011-aee2b9516ef6\" style=\"visibility: visible;\" role=\"presentation\" height=\"64\" width=\"64\"><span class=\"labelWrapper mask\"><span>Space Shooter</span></span></div><span data-is-icon=\"true\" class=\"options\"></span>"}, {7a75124d-8205-4263-a92c-95700bf8fe48}, {7a75124d-8205-4263-a92c-95700bf8fe48}
04-25 21:21:37.877 I/Gecko   (   83): 1398486097893	Marionette	INFO	sendToClient: {"from":"0","value":"<div><img src=\"blob:f2bd16b4-8f35-4c91-8633-6394ca4a4600\" style=\"visibility: visible;\" role=\"presentation\" height=\"64\" width=\"64\"><span class=\"labelWrapper mask\"><span>Snakes &amp; Ladders</span></span></div><span data-is-icon=\"true\" class=\"options\"></span>"}, {b572531b-aee4-49fd-83af-9b165b4884a1}, {b572531b-aee4-49fd-83af-9b165b4884a1}
04-25 21:21:37.887 I/Gecko   (   83): 1398486097905	Marionette	INFO	sendToClient: {"from":"0","value":"<div><img src=\"blob:15a72826-fa3c-47d1-a4fa-3df0a527b2eb\" style=\"visibility: visible;\" role=\"presentation\" height=\"64\" width=\"64\"><span class=\"labelWrapper\"><span>Phone</span></span></div>"}, {1355bbd9-391b-45bd-b93c-6e102cb2c21f}, {1355bbd9-391b-45bd-b93c-6e102cb2c21f}
04-25 21:21:37.907 I/Gecko   (   83): 1398486097919	Marionette	INFO	sendToClient: {"from":"0","value":"<div><img src=\"blob:b3d13423-ba04-4b9c-bb19-96c891989c47\" style=\"visibility: visible;\" role=\"presentation\" height=\"64\" width=\"64\"><span class=\"labelWrapper\"><span>Messages</span></span></div>"}, {82f19f27-0eb3-4771-aff9-6b1ae239396a}, {82f19f27-0eb3-4771-aff9-6b1ae239396a}
04-25 21:21:37.917 I/Gecko   (   83): 1398486097929	Marionette	INFO	sendToClient: {"from":"0","value":"<div><img src=\"blob:b9f25c3a-3ea8-4af4-a5c2-3ac7e10ad71e\" style=\"visibility: visible;\" role=\"presentation\" height=\"64\" width=\"64\"><span class=\"labelWrapper\"><span>Contacts</span></span></div>"}, {e3f30cd4-03de-4c27-9951-e3c0daaaf574}, {e3f30cd4-03de-4c27-9951-e3c0daaaf574}
04-25 21:21:37.937 I/Gecko   (   83): 1398486097949	Marionette	INFO	sendToClient: {"from":"0","value":"<div><img src=\"blob:a7795017-c8ee-448f-9190-940401ab9437\" style=\"visibility: visible;\" role=\"presentation\" height=\"64\" width=\"64\"><span class=\"labelWrapper\"><span>Browser</span></span></div>"}, {6b8013f2-928f-415b-a732-6ff26e763308}, {6b8013f2-928f-415b-a732-6ff26e763308}
04-25 21:21:39.967 I/Gecko   (   83): 1398486099986	Marionette	INFO	sendToClient: {"from":"0","value":["{c17521ea-f828-42c7-8e3f-6fb13c7c37c9}","{695da5c9-af49-4a38-ad39-37083246a6c9}","{4fc21491-7ff7-43e0-9738-070368104ae7}","{dc306264-b53b-449c-853f-4919fb88f5c4}","{bdfa79ab-5ca7-4fe2-ae0f-c1ed55d89786}","{b9ec489e-6977-4724-a5ec-3e3f58faee7f}","{c7d0dc6c-7c1f-40c7-af15-a462255cc637}","{549bd469-3322-4d74-8037-316557565537}","{d61c17f9-3b80-438c-94af-5d90e2fbaa30}","{ddb5b590-6422-44aa-85d0-2aef2b8b8982}","{9d6c602d-1208-4af3-b27b-2276997bfb28}","{657696c1-2c23-4251-aeb2-2b2a91543b20}","{1b2c4762-2cdd-4580-b856-16d2c4bca5c6}","{ac3585a0-8bc9-442b-bb99-4a16347b48f2}","{efac8cac-759a-417b-b190-bbadf8fc1b04}","{374077b4-2768-4ed7-9242-a816e8aa238e}","{9efee966-0720-458b-8de9-fdf9bc4e72f2}","{07edaa8c-b5d9-47e6-960f-7e908105c309}","{d0eb8af4-c4d3-42c7-9013-6a8b3d391e43}","{18ac46ea-cb59-4bf3-9a59-1dea63eb43a1}","{2bbeadb9-579c-4a6f-9238-737809c4e341}","{922b12fa-2b6e-4092-8439-042b6774a899}"]}, {34424924-0e0d-45f6-9955-d5eea5c03a73}, {34424924-0e0
04-25 21:21:39.987 I/Gecko   (   83): 1398486100001	Marionette	INFO	sendToClient: {"from":"0","value":"<div><img src=\"blob:a8d1527c-e916-4ac3-b12c-43b66e716daf\" style=\"visibility: visible;\" role=\"presentation\" height=\"64\" width=\"64\"><span class=\"labelWrapper\"><span>Social</span></span></div><span data-is-icon=\"true\" class=\"options\"></span>"}, {7fbbbcf8-cc80-4100-b64e-a37415043ab9}, {7fbbbcf8-cc80-4100-b64e-a37415043ab9}
04-25 21:21:39.997 I/Gecko   (   83): 1398486100012	Marionette	INFO	sendToClient: {"from":"0","value":"<div><img src=\"blob:d32fc5a8-3ee0-4fc2-83c9-8b2ead70d459\" style=\"visibility: visible;\" role=\"presentation\" height=\"64\" width=\"64\"><span class=\"labelWrapper\"><span>Games</span></span></div><span data-is-icon=\"true\" class=\"options\"></span>"}, {01b34426-8c77-490b-b3ba-344bb7474d9a}, {01b34426-8c77-490b-b3ba-344bb7474d9a}
04-25 21:21:40.007 I/Gecko   (   83): 1398486100022	Marionette	INFO	sendToClient: {"from":"0","value":"<div><img src=\"blob:3e52f997-ec73-4e64-912d-f2f7eb9132f3\" style=\"visibility: visible;\" role=\"presentation\" height=\"64\" width=\"64\"><span class=\"labelWrapper\"><span>Music</span></span></div><span data-is-icon=\"true\" class=\"options\"></span>"}, {ddb867c1-b01f-485a-a373-102328481be7}, {ddb867c1-b01f-485a-a373-102328481be7}
04-25 21:21:40.017 I/Gecko   (   83): 1398486100033	Marionette	INFO	sendToClient: {"from":"0","value":"<div><img src=\"blob:c8e8fd96-334c-401b-a571-95c2916ab013\" style=\"visibility: visible;\" role=\"presentation\" height=\"64\" width=\"64\"><span class=\"labelWrapper\"><span>Showbiz</span></span></div><span data-is-icon=\"true\" class=\"options\"></span>"}, {7e21ce0a-194c-4bc3-98ca-6e35264d67d2}, {7e21ce0a-194c-4bc3-98ca-6e35264d67d2}
04-25 21:21:40.027 I/Gecko   (   83): 1398486100043	Marionette	INFO	sendToClient: {"from":"0","value":"<div><img src=\"blob:7835410d-bdef-4705-9ffb-55719776fcc5\" style=\"visibility: visible;\" role=\"presentation\" height=\"64\" width=\"64\"><span class=\"labelWrapper\"><span>Camera</span></span></div>"}, {b25b0ab4-7b85-4353-8230-2c74e7345d71}, {b25b0ab4-7b85-4353-8230-2c74e7345d71}
04-25 21:21:40.037 I/Gecko   (   83): 1398486100054	Marionette	INFO	sendToClient: {"from":"0","value":"<div><img src=\"blob:9b7240b5-8b52-46d7-a460-a4173381ac45\" style=\"visibility: visible;\" role=\"presentation\" height=\"64\" width=\"64\"><span class=\"labelWrapper\"><span>Gallery</span></span></div>"}, {6e241d70-5f0c-40ef-b9b6-85fdf7ccc3a0}, {6e241d70-5f0c-40ef-b9b6-85fdf7ccc3a0}
04-25 21:21:40.047 I/Gecko   (   83): 1398486100066	Marionette	INFO	sendToClient: {"from":"0","value":"<div><img src=\"blob:c6091021-1f93-4a57-a77d-c9017304d54e\" style=\"visibility: visible;\" role=\"presentation\" height=\"64\" width=\"64\"><span class=\"labelWrapper\"><span>FM Radio</span></span></div>"}, {e4369ecd-a7a7-421c-9bb2-50202618db4b}, {e4369ecd-a7a7-421c-9bb2-50202618db4b}
04-25 21:21:40.057 I/Gecko   (   83): 1398486100076	Marionette	INFO	sendToClient: {"from":"0","value":"<div><img src=\"blob:d73004e4-b0b7-407b-a2c8-65e2ec9500af\" style=\"visibility: visible;\" role=\"presentation\" height=\"64\" width=\"64\"><span class=\"labelWrapper\"><span>Settings</span></span></div>"}, {e90d46bf-6d63-455a-8074-aef6b2c6f14a}, {e90d46bf-6d63-455a-8074-aef6b2c6f14a}
04-25 21:21:40.077 I/Gecko   (   83): 1398486100087	Marionette	INFO	sendToClient: {"from":"0","value":"<div><img src=\"blob:0dd1b597-7913-4300-a0e1-4a114d4c2bca\" style=\"visibility: visible;\" role=\"presentation\" height=\"64\" width=\"64\"><span class=\"labelWrapper\"><span>Marketplace</span></span></div>"}, {85923d4c-b816-4ba2-98bf-8bd5ee0e75ce}, {85923d4c-b816-4ba2-98bf-8bd5ee0e75ce}
04-25 21:21:40.087 I/Gecko   (   83): 1398486100099	Marionette	INFO	sendToClient: {"from":"0","value":"<div><img src=\"blob:afb34f75-1b85-4d5c-96e2-b716aaa0515a\" style=\"visibility: visible;\" role=\"presentation\" height=\"64\" width=\"64\"><span class=\"labelWrapper\"><span>Calendar</span></span></div>"}, {44a6bf76-695c-4c55-980c-8818e7c01a79}, {44a6bf76-695c-4c55-980c-8818e7c01a79}
04-25 21:21:40.097 I/Gecko   (   83): 1398486100110	Marionette	INFO	sendToClient: {"from":"0","value":"<div><img src=\"blob:aa9e0d44-0764-410c-b8a4-3ea458d2d858\" style=\"visibility: visible;\" role=\"presentation\" height=\"64\" width=\"64\"><span class=\"labelWrapper\"><span>Clock</span></span></div>"}, {4a6cf257-2286-4971-81c5-586596f12bc0}, {4a6cf257-2286-4971-81c5-586596f12bc0}
04-25 21:21:40.107 I/Gecko   (   83): 1398486100121	Marionette	INFO	sendToClient: {"from":"0","value":"<div><img src=\"blob:4cc903a3-3664-4aa3-b3da-f27b3064e5ae\" style=\"visibility: visible;\" role=\"presentation\" height=\"64\" width=\"64\"><span class=\"labelWrapper\"><span>Usage</span></span></div>"}, {40a28822-6241-4bab-94c7-a63abe1e334b}, {40a28822-6241-4bab-94c7-a63abe1e334b}
04-25 21:21:40.117 I/Gecko   (   83): 1398486100131	Marionette	INFO	sendToClient: {"from":"0","value":"<div><img src=\"blob:c6d5c1dd-7256-4541-b472-fc29a0e55536\" style=\"visibility: visible;\" role=\"presentation\" height=\"64\" width=\"64\"><span class=\"labelWrapper\"><span>E-Mail</span></span></div>"}, {c674bf3a-a489-4887-bd87-eb2240d021c1}, {c674bf3a-a489-4887-bd87-eb2240d021c1}
04-25 21:21:40.127 I/Gecko   (   83): 1398486100142	Marionette	INFO	sendToClient: {"from":"0","value":"<div><img src=\"blob:88f417a8-be46-47b2-84b9-c56a9ea02c85\" style=\"visibility: visible;\" role=\"presentation\" height=\"64\" width=\"64\"><span class=\"labelWrapper\"><span>Music</span></span></div>"}, {dd9b1c67-c194-411d-9dac-54bbb68908e5}, {dd9b1c67-c194-411d-9dac-54bbb68908e5}
04-25 21:21:40.137 I/Gecko   (   83): 1398486100153	Marionette	INFO	sendToClient: {"from":"0","value":"<div><img src=\"blob:ccfa3357-3765-466d-bafa-ebc0c5894ae5\" style=\"visibility: visible;\" role=\"presentation\" height=\"64\" width=\"64\"><span class=\"labelWrapper\"><span>Video</span></span></div>"}, {521cd16b-2ee0-4664-ad2c-c364ce033d97}, {521cd16b-2ee0-4664-ad2c-c364ce033d97}
04-25 21:21:40.157 I/Gecko   (   83): 1398486100176	Marionette	INFO	sendToClient: {"from":"0","value":"<div><img src=\"blob:f0cb72da-b2fb-496c-9793-ce0434311291\" style=\"visibility: visible;\" role=\"presentation\" height=\"64\" width=\"64\"><span class=\"labelWrapper mask\"><span>GoldNuggets</span></span></div><span data-is-icon=\"true\" class=\"options\"></span>"}, {42134333-35d3-4091-9a2f-a5307ccc6650}, {42134333-35d3-4091-9a2f-a5307ccc6650}
04-25 21:21:40.177 I/Gecko   (   83): 1398486100188	Marionette	INFO	sendToClient: {"from":"0","value":"<div><img src=\"blob:0156fbe1-aefe-4294-a011-aee2b9516ef6\" style=\"visibility: visible;\" role=\"presentation\" height=\"64\" width=\"64\"><span class=\"labelWrapper mask\"><span>Space Shooter</span></span></div><span data-is-icon=\"true\" class=\"options\"></span>"}, {527a613e-c0dc-47ab-bc2b-234b1491c2c1}, {527a613e-c0dc-47ab-bc2b-234b1491c2c1}
04-25 21:21:40.187 I/Gecko   (   83): 1398486100199	Marionette	INFO	sendToClient: {"from":"0","value":"<div><img src=\"blob:f2bd16b4-8f35-4c91-8633-6394ca4a4600\" style=\"visibility: visible;\" role=\"presentation\" height=\"64\" width=\"64\"><span class=\"labelWrapper mask\"><span>Snakes &amp; Ladders</span></span></div><span data-is-icon=\"true\" class=\"options\"></span>"}, {fa4752b1-6c69-487f-8071-03756283fed2}, {fa4752b1-6c69-487f-8071-03756283fed2}
04-25 21:21:40.197 I/Gecko   (   83): 1398486100210	Marionette	INFO	sendToClient: {"from":"0","value":"<div><img src=\"blob:15a72826-fa3c-47d1-a4fa-3df0a527b2eb\" style=\"visibility: visible;\" role=\"presentation\" height=\"64\" width=\"64\"><span class=\"labelWrapper\"><span>Phone</span></span></div>"}, {0464560b-8cf3-4087-a796-d99751a0bc15}, {0464560b-8cf3-4087-a796-d99751a0bc15}
04-25 21:21:40.207 I/Gecko   (   83): 1398486100222	Marionette	INFO	sendToClient: {"from":"0","value":"<div><img src=\"blob:b3d13423-ba04-4b9c-bb19-96c891989c47\" style=\"visibility: visible;\" role=\"presentation\" height=\"64\" width=\"64\"><span class=\"labelWrapper\"><span>Messages</span></span></div>"}, {5e34c47b-844c-43eb-9121-96916bf5ea4a}, {5e34c47b-844c-43eb-9121-96916bf5ea4a}
04-25 21:21:40.217 I/Gecko   (   83): 1398486100233	Marionette	INFO	sendToClient: {"from":"0","value":"<div><img src=\"blob:b9f25c3a-3ea8-4af4-a5c2-3ac7e10ad71e\" style=\"visibility: visible;\" role=\"presentation\" height=\"64\" width=\"64\"><span class=\"labelWrapper\"><span>Contacts</span></span></div>"}, {8bfba8cb-53cc-48bd-ac61-f8292bc9e8a1}, {8bfba8cb-53cc-48bd-ac61-f8292bc9e8a1}
04-25 21:21:40.227 I/Gecko   (   83): 1398486100244	Marionette	INFO	sendToClient: {"from":"0","value":"<div><img src=\"blob:a7795017-c8ee-448f-9190-940401ab9437\" style=\"visibility: visible;\" role=\"presentation\" height=\"64\" width=\"64\"><span class=\"labelWrapper\"><span>Browser</span></span></div>"}, {511f7ab3-d749-47f1-a014-9818d34d8165}, {511f7ab3-d749-47f1-a014-9818d34d8165}
04-25 21:21:40.237 I/Gecko   (   83): 1398486100253	Marionette	INFO	sendToClient: {"from":"0","value":"app://homescreen.gaiamobile.org/index.html#root"}, {95d1ffff-eefe-427e-80bc-b1611271b099}, {95d1ffff-eefe-427e-80bc-b1611271b099}
04-25 21:21:40.247 I/Gecko   (   83): 1398486100260	Marionette	DEBUG	Got request: switchToFrame, data: {"to":"0","sessionId":"3-b2g","name":"switchToFrame","parameters":{"id":null,"focus":true}}, id: {af9689f2-703b-4ca4-ac63-3c1f7541425a}
04-25 21:21:40.267 I/Gecko   (   83): 1398486100281	Marionette	INFO	Switched to frame: {"frameValue":null}
04-25 21:21:40.377 I/Gecko   (   83): 1398486100395	Marionette	INFO	sendToClient: {"from":"0","ok":true}, {af9689f2-703b-4ca4-ac63-3c1f7541425a}, {af9689f2-703b-4ca4-ac63-3c1f7541425a}
04-25 21:21:40.387 I/Gecko   (   83): 1398486100402	Marionette	DEBUG	Got request: switchToFrame, data: {"to":"0","sessionId":"3-b2g","name":"switchToFrame","parameters":{"id":null,"focus":true}}, id: {c76b92af-b9ff-49d2-8ab7-22ea6d6b427d}
04-25 21:21:40.387 I/Gecko   (   83): 1398486100404	Marionette	INFO	Switched to frame: {"frameValue":null}
04-25 21:21:40.487 I/Gecko   (   83): 1398486100506	Marionette	INFO	sendToClient: {"from":"0","ok":true}, {c76b92af-b9ff-49d2-8ab7-22ea6d6b427d}, {c76b92af-b9ff-49d2-8ab7-22ea6d6b427d}
04-25 21:21:40.497 I/Gecko   (   83): 1398486100513	Marionette	DEBUG	Got request: executeWithCallback, data: {"to":"0","sessionId":"3-b2g","name":"executeAsyncScript","parameters":{"specialPowers":false,"scriptTimeout":30000,"newSandbox":true,"args":[],"filename":"app_checker.py","script":"GaiaApps.launchWithManifestURL('https://marketplace.firefox.com/app/05e0b2c0-7d5f-43c4-8ae9-22bc07ebbb78/manifest.webapp')","line":106}}, id: {2f2d3ad4-da19-46eb-9141-5183280421c5}
04-25 21:21:40.847 I/Gonk    (   83): Setting nice for pid 1977 to 18
04-25 21:21:40.847 I/Gonk    (   83): Changed nice for pid 1977 from 18 to 18.
04-25 21:21:40.847 I/Gecko   (   83): [Parent 83] WARNING: waitpid failed pid:1977 errno:10: file ../../../gecko/ipc/chromium/src/base/process_util_posix.cc, line 254
04-25 21:21:40.847 I/Gonk    (   83): Setting nice for pid 1977 to 1
04-25 21:21:40.847 I/Gonk    (   83): Changed nice for pid 1977 from 18 to 1.
04-25 21:21:40.907 E/GeckoConsole(   83): Content JS LOG at dummy file:334 in GaiaApps.launch: launching app with name 'Snakes & Ladders'
04-25 21:21:41.167 E/[Gralloc-ERROR](   83): int gralloc_register_buffer(const gralloc_module_t*, const native_handle_t*):79 Unable to register handle 0x48ef63d0 coming from different process: 83
04-25 21:21:41.167 E/[Gralloc-ERROR](   83): int gralloc_register_buffer(const gralloc_module_t*, const native_handle_t*):79 Unable to register handle 0x48ef6650 coming from different process: 83
04-25 21:21:41.467 I/Gonk    (   83): Setting nice for pid 1927 to 18
04-25 21:21:41.467 I/Gonk    (   83): Changed nice for pid 1927 from 1 to 18.
04-25 21:21:41.627 I/Gecko   (   83): 
04-25 21:21:41.627 I/Gecko   (   83): ###!!! [Parent][MessageChannel] Error: Channel error: cannot send/recv
04-25 21:21:41.627 I/Gecko   (   83): 
04-25 21:21:41.717 I/Gecko   (   83): [Parent 83] WARNING: waitpid failed pid:1927 errno:10: file ../../../gecko/ipc/chromium/src/base/process_util_posix.cc, line 254
04-25 21:21:41.877 E/GeckoConsole( 1977): [JavaScript Warning: "Unknown property '-moz-border-radius'.  Declaration dropped." {file: "app://{e5ecb979-0911-4203-8684-2192243b8d2a}/css/style.css" line: 93 column: 22 source: "    -moz-border-radius: 10px;"}]
04-25 21:21:41.877 E/GeckoConsole( 1977): [JavaScript Warning: "Unknown property '-moz-box-shadow'.  Declaration dropped." {file: "app://{e5ecb979-0911-4203-8684-2192243b8d2a}/css/style.css" line: 96 column: 19 source: "    -moz-box-shadow: 10px 10px 5px #888;"}]
04-25 21:21:42.447 I/Gecko   ( 1977): Attempting load of libEGL.so
04-25 21:21:42.497 W/WifiHW  (   83): wifi_command: SIGNAL_POLL
04-25 21:21:42.507 D/libEGL  ( 1977): loaded /system/lib/egl/libEGL_mali.so
04-25 21:21:42.527 D/libEGL  ( 1977): loaded /system/lib/egl/libGLESv1_CM_mali.so
04-25 21:21:42.527 D/libEGL  ( 1977): loaded /system/lib/egl/libGLESv2_mali.so
04-25 21:21:42.547 I/Gecko   ( 1977): SharedSurface_Gralloc::Create -------
04-25 21:21:42.557 I/Gecko   ( 1977): SharedSurface_Gralloc::Create: success -- surface 0x44444840, GraphicBuffer 0x44457e80.
04-25 21:21:42.827 E/GeckoConsole( 1977): [JavaScript Warning: "Unknown property 'box-sizing'.  Declaration dropped." {file: "app://{e5ecb979-0911-4203-8684-2192243b8d2a}/index.html" line: 0 column: 10 source: "box-sizing:border-box;-moz-box-sizing:border-box;-webkit-box-sizing:border-box;padding:1px;border:1px;display:block;width:4px;margin-top:1%;position:absolute;top:1%;"}]
04-25 21:21:43.377 I/Gecko   ( 1977): SharedSurface_Gralloc::Create -------
04-25 21:21:43.377 I/Gecko   ( 1977): SharedSurface_Gralloc::Create: success -- surface 0x447c8d80, GraphicBuffer 0x435fa480.
04-25 21:21:43.547 E/GeckoConsole( 1977): [JavaScript Warning: "Invalid URI. Load of media resource  failed." {file: "app://{e5ecb979-0911-4203-8684-2192243b8d2a}/index.html" line: 0}]
04-25 21:21:43.547 E/GeckoConsole( 1977): [JavaScript Warning: "Invalid URI. Load of media resource  failed." {file: "app://{e5ecb979-0911-4203-8684-2192243b8d2a}/index.html" line: 0}]
04-25 21:21:43.717 I/Gecko   (   83): [Parent 83] WARNING: waitpid failed pid:1927 errno:10: file ../../../gecko/ipc/chromium/src/base/process_util_posix.cc, line 254
04-25 21:21:43.717 I/Gecko   (   83): [Parent 83] WARNING: Failed to deliver SIGKILL to 1927!(3).: file ../../../gecko/ipc/chromium/src/chrome/common/process_watcher_posix_sigchld.cc, line 118
04-25 21:21:44.057 I/Gecko   ( 1977): SharedSurface_Gralloc::Create -------
04-25 21:21:44.057 I/Gecko   ( 1977): SharedSurface_Gralloc::Create: success -- surface 0x44970e80, GraphicBuffer 0x435fa280.
04-25 21:21:44.337 E/GeckoConsole( 1977): Content JS LOG at app://{e5ecb979-0911-4203-8684-2192243b8d2a}/src/game.js:262 in Game</<.initialize/<: progress  15 1
04-25 21:21:44.347 E/GeckoConsole( 1977): Content JS LOG at app://{e5ecb979-0911-4203-8684-2192243b8d2a}/src/game.js:262 in Game</<.initialize/<: progress  15 2
04-25 21:21:44.347 E/GeckoConsole( 1977): Content JS LOG at app://{e5ecb979-0911-4203-8684-2192243b8d2a}/src/game.js:262 in Game</<.initialize/<: progress  15 3
04-25 21:21:44.347 E/GeckoConsole( 1977): Content JS LOG at app://{e5ecb979-0911-4203-8684-2192243b8d2a}/src/game.js:262 in Game</<.initialize/<: progress  15 4
04-25 21:21:44.357 E/GeckoConsole( 1977): Content JS LOG at app://{e5ecb979-0911-4203-8684-2192243b8d2a}/src/game.js:262 in Game</<.initialize/<: progress  15 5
04-25 21:21:44.357 E/GeckoConsole( 1977): Content JS LOG at app://{e5ecb979-0911-4203-8684-2192243b8d2a}/src/game.js:262 in Game</<.initialize/<: progress  15 6
04-25 21:21:44.357 E/GeckoConsole( 1977): Content JS LOG at app://{e5ecb979-0911-4203-8684-2192243b8d2a}/src/game.js:262 in Game</<.initialize/<: progress  15 7
04-25 21:21:44.357 E/GeckoConsole( 1977): Content JS LOG at app://{e5ecb979-0911-4203-8684-2192243b8d2a}/src/game.js:262 in Game</<.initialize/<: progress  15 8
04-25 21:21:44.367 E/GeckoConsole( 1977): Content JS LOG at app://{e5ecb979-0911-4203-8684-2192243b8d2a}/src/game.js:262 in Game</<.initialize/<: progress  15 9
04-25 21:21:44.367 E/GeckoConsole( 1977): Content JS LOG at app://{e5ecb979-0911-4203-8684-2192243b8d2a}/src/game.js:262 in Game</<.initialize/<: progress  15 10
04-25 21:21:44.367 E/GeckoConsole( 1977): Content JS LOG at app://{e5ecb979-0911-4203-8684-2192243b8d2a}/src/game.js:262 in Game</<.initialize/<: progress  15 11
04-25 21:21:44.377 E/GeckoConsole( 1977): Content JS LOG at app://{e5ecb979-0911-4203-8684-2192243b8d2a}/src/game.js:262 in Game</<.initialize/<: progress  15 12
04-25 21:21:44.377 E/GeckoConsole( 1977): Content JS LOG at app://{e5ecb979-0911-4203-8684-2192243b8d2a}/src/game.js:262 in Game</<.initialize/<: progress  15 13
04-25 21:21:44.377 E/GeckoConsole( 1977): Content JS LOG at app://{e5ecb979-0911-4203-8684-2192243b8d2a}/src/game.js:262 in Game</<.initialize/<: progress  15 14
04-25 21:21:44.387 E/GeckoConsole( 1977): Content JS LOG at app://{e5ecb979-0911-4203-8684-2192243b8d2a}/src/game.js:262 in Game</<.initialize/<: progress  15 15
04-25 21:21:44.387 E/GeckoConsole( 1977): Content JS LOG at app://{e5ecb979-0911-4203-8684-2192243b8d2a}/src/game.js:243 in Game</<.initialize/<: ***************************************
04-25 21:21:44.387 E/GeckoConsole( 1977): Content JS LOG at app://{e5ecb979-0911-4203-8684-2192243b8d2a}/src/game.js:244 in Game</<.initialize/<:  all assets are loaded 
04-25 21:21:44.387 E/GeckoConsole( 1977): Content JS LOG at app://{e5ecb979-0911-4203-8684-2192243b8d2a}/src/game.js:245 in Game</<.initialize/<: ***************************************
04-25 21:21:44.397 E/GeckoConsole( 1977): Content JS LOG at app://{e5ecb979-0911-4203-8684-2192243b8d2a}/src/audio.js:46 in loadAudio: AAAUUUUUUUDDDDDDDDDDDIIIIIIIIIIIOOOOOOOOOOO LOADED
04-25 21:21:44.397 E/GeckoConsole( 1977): Content JS LOG at app://{e5ecb979-0911-4203-8684-2192243b8d2a}/src/scenes.js:8 in anonymous: TTSplash SCREEN
04-25 21:21:44.397 E/GeckoConsole( 1977): Content JS LOG at app://{e5ecb979-0911-4203-8684-2192243b8d2a}/src/scenes.js:11 in anonymous: crafty width  320 440 0
04-25 21:21:45.367 I/Gecko   ( 1977): SharedSurface_Gralloc::Create -------
04-25 21:21:45.427 I/Gecko   ( 1977): SharedSurface_Gralloc::Create: success -- surface 0x44981b80, GraphicBuffer 0x44922580.
04-25 21:21:46.057 I/Gonk    (   83): Setting nice for pid 2023 to 18
04-25 21:21:46.067 I/Gonk    (   83): Changed nice for pid 2023 from 0 to 18.
04-25 21:21:46.837 E/GeckoConsole( 1977): Content JS LOG at app://{e5ecb979-0911-4203-8684-2192243b8d2a}/src/utility.js:44 in setScreenScale: total width and height of the window  320 440
04-25 21:21:46.837 E/GeckoConsole( 1977): Content JS LOG at app://{e5ecb979-0911-4203-8684-2192243b8d2a}/src/scenes.js:22 in anonymous: GAME SPLASH SCREEN
04-25 21:21:46.837 E/GeckoConsole( 1977): Content JS LOG at app://{e5ecb979-0911-4203-8684-2192243b8d2a}/src/scenes.js:27 in anonymous: logo width height  1000 440 0 0
04-25 21:21:47.427 I/Gonk    (   83): Setting nice for pid 2023 to 18
04-25 21:21:47.427 I/Gonk    (   83): Changed nice for pid 2023 from 18 to 18.
04-25 21:21:47.427 I/Gecko   (   83): [Parent 83] WARNING: waitpid failed pid:2023 errno:10: file ../../../gecko/ipc/chromium/src/base/process_util_posix.cc, line 254
04-25 21:21:47.437 I/Gonk    (   83): Setting nice for pid 2023 to 1
04-25 21:21:47.437 I/Gonk    (   83): Changed nice for pid 2023 from 18 to 1.
04-25 21:21:47.447 I/Gonk    (   83): Setting nice for pid 2023 to 18
04-25 21:21:47.447 I/Gonk    (   83): Changed nice for pid 2023 from 1 to 18.
04-25 21:21:47.737 I/Gecko   (   83): [Parent 83] WARNING: pipe error (163): Connection reset by peer: file ../../../gecko/ipc/chromium/src/chrome/common/ipc_channel_posix.cc, line 446
04-25 21:21:47.767 I/Gecko   (   83): 
04-25 21:21:47.767 I/Gecko   (   83): ###!!! [Parent][MessageChannel] Error: Channel error: cannot send/recv
04-25 21:21:47.767 I/Gecko   (   83): 
04-25 21:21:47.767 I/Gecko   (   83): [Parent 83] WARNING: FileDescriptorSet destroyed with unconsumed descriptors: file ../../../gecko/ipc/chromium/src/chrome/common/file_descriptor_set_posix.cc, line 20
04-25 21:21:47.767 W/WifiHW  (   83): wifi_command: SIGNAL_POLL
04-25 21:21:47.787 E/GeckoConsole(   83): Content JS LOG at dummy file:326 in GaiaApps.launch/appOpen/<: app with origin 'app://{e5ecb979-0911-4203-8684-2192243b8d2a}' has launched
04-25 21:21:47.787 I/Gecko   (   83): 1398486107806	Marionette	INFO	sendToClient: {"from":"0","value":{"frame":{"ELEMENT":"{48d13eb0-9221-44bd-bdaf-c64d6a8207f1}"},"src":"app://{e5ecb979-0911-4203-8684-2192243b8d2a}/index.html","name":"Snakes & Ladders","origin":"app://{e5ecb979-0911-4203-8684-2192243b8d2a}"}}, {2f2d3ad4-da19-46eb-9141-5183280421c5}, {2f2d3ad4-da19-46eb-9141-5183280421c5}
04-25 21:21:47.807 I/Gecko   (   83): 
04-25 21:21:47.807 I/Gecko   (   83): ###!!! [Parent][MessageChannel] Error: Channel error: cannot send/recv
04-25 21:21:47.807 I/Gecko   (   83): 
04-25 21:21:47.927 E/[Gralloc-ERROR](   83): int gralloc_unregister_buffer(const gralloc_module_t*, const native_handle_t*):274 Trying to unregister buffer 0x48ef63d0 from process 83 that was not created in current process: 83
04-25 21:21:47.927 E/[Gralloc-ERROR](   83): int gralloc_unregister_buffer(const gralloc_module_t*, const native_handle_t*):274 Trying to unregister buffer 0x48ef6650 from process 83 that was not created in current process: 83
04-25 21:21:47.947 I/Gecko   (   83): [Parent 83] WARNING: waitpid failed pid:2023 errno:10: file ../../../gecko/ipc/chromium/src/base/process_util_posix.cc, line 254
04-25 21:21:47.957 I/Gecko   (   83): 1398486107974	Marionette	DEBUG	Got request: switchToFrame, data: {"to":"0","sessionId":"3-b2g","name":"switchToFrame","parameters":{"focus":true,"element":"{48d13eb0-9221-44bd-bdaf-c64d6a8207f1}"}}, id: {e670c63d-2540-4e9d-bf92-161dbf71703c}
04-25 21:21:47.967 I/Gecko   (   83): 1398486107986	Marionette	INFO	Switched to frame: {"frameValue":"{48d13eb0-9221-44bd-bdaf-c64d6a8207f1}"}
04-25 21:21:47.977 I/Gecko   (   83): 1398486107992	Marionette	INFO	trying remote frame 0
04-25 21:21:47.987 I/Gecko   (   83): 1398486107997	Marionette	INFO	trying remote frame 1
04-25 21:21:47.987 I/Gecko   (   83): 1398486107999	Marionette	INFO	deleting frame
04-25 21:21:47.987 I/Gecko   (   83): 1398486108005	Marionette	INFO	frame-manager load script: [object ChromeMessageSender]
04-25 21:21:48.387 I/Gecko   (   83): 1398486108405	Marionette	INFO	sendToClient: {"from":"0","ok":true}, {e670c63d-2540-4e9d-bf92-161dbf71703c}, {e670c63d-2540-4e9d-bf92-161dbf71703c}
04-25 21:21:48.407 I/Gecko   (   83): 1398486108420	Marionette	INFO	sendToClient: {"from":"0","value":"app://{e5ecb979-0911-4203-8684-2192243b8d2a}/index.html"}, {5f84c790-ddc3-49fd-b782-2851a776ad36}, {5f84c790-ddc3-49fd-b782-2851a776ad36}
04-25 21:21:48.407 I/Gecko   (   83): 1398486108427	Marionette	DEBUG	Got request: execute, data: {"to":"0","sessionId":"3-b2g","name":"executeScript","parameters":{"specialPowers":false,"scriptTimeout":null,"newSandbox":true,"args":[],"filename":"app_checker.py","script":"return window.document.readyState;","line":191}}, id: {dad9a633-f79a-42c7-a94c-36105ab21796}
04-25 21:21:48.477 I/Gecko   (   83): 1398486108494	Marionette	INFO	sendToClient: {"from":"0","value":"complete"}, {dad9a633-f79a-42c7-a94c-36105ab21796}, {dad9a633-f79a-42c7-a94c-36105ab21796}
04-25 21:21:48.487 I/Gecko   (   83): 1398486108505	Marionette	INFO	sendToClient: {"from":"0","value":"app://{e5ecb979-0911-4203-8684-2192243b8d2a}/index.html"}, {4a72fa99-4fc8-4013-9a48-ebf78507849c}, {4a72fa99-4fc8-4013-9a48-ebf78507849c}
04-25 21:21:48.547 I/Gecko   ( 1977): SharedSurface_Gralloc::Create -------
04-25 21:21:48.587 I/Gecko   ( 1977): SharedSurface_Gralloc::Create: success -- surface 0x44e60280, GraphicBuffer 0x43698080.
04-25 21:21:49.947 I/Gecko   (   83): [Parent 83] WARNING: waitpid failed pid:2023 errno:10: file ../../../gecko/ipc/chromium/src/base/process_util_posix.cc, line 254
04-25 21:21:49.947 I/Gecko   (   83): [Parent 83] WARNING: Failed to deliver SIGKILL to 2023!(3).: file ../../../gecko/ipc/chromium/src/chrome/common/process_watcher_posix_sigchld.cc, line 118
04-25 21:21:50.117 I/Gecko   (   83): 1398486110113	Marionette	INFO	sendToClient: {"from":"0","value":"iVBORw0KGgoAAAANSUhEUgAAAUAAAAHgCAYAAADUjLREAAAgAElEQVR4nOy9b2wbZ57nSXmyAHPIAMzCfaAbHkDM+QCzxwOYDb8w02ocxJwXYwYatDhn4MxeL1qpaHHuag1WqWgAdUWLi1zRYtXVOrTMFrBqRo3Rhjq0JhTQQqjBakMB05pQQGtDHUadEm51oTEtTAp3xqReGHEBa8Tfe/HUU/XUP4pFUaJkl4AvZFPFqmKxnk/9/j2/J5K4lEeoUN0SAOi6HipUVxTp9gAI9XwrBGCobioEYKiuKgRgqG4qBGCorioEYKhuKgRgqK4qBGCobioEYKiuKgRgqG4qBGCorioEYKhuKgRgqK4qBGCoburUAjB/R4L+SIf+SEemX+j6+YQ6Hh0XAIUxwVOlxRK0h5q5XWGugMpa5UQHXWmxBGFMQGGucGLH44Y4ZAeyyA5kwQ1xKC2WXNspewqEMeHYz8frmit7ChoPGif6Pej6KQCgOF6E/khHeaVme72+rYD+FGbL5uupaxyqG3UAQGmx2vUBHOpoOi4AZgeyKK+UoewqpsorZeRu5SBNSuZ24rjoCYPjUuNBA9mBLGpbNTT2j3/Ay9MycrdyqKxWTPBXN6rI3cq5YFffqSM7kD32c/K65vThdFLfA1XXAag/0k3Q8XcLSFzKI9MvgP1hAVheqZmv17eVrg/gUEfTcQKwvlO3vYYnQG2rZhvkJw3A+vbJQEbXdVTWKsgOZNF40ACeWNcZT2CCmLXETgqAAGzn043vgaqrAMzfkWygU1UNiUt5SFMlTwA6tw8BePZ1kgBkB3l9u+478CprFZfLqOwptr/L07Jr3/K0jOpGtSmQ+BEe2YEshDHBBh/qfrLHdLqJhbkCystlFOYKyN3KmZ/BT8KYAHnGfZ5UxfmiJwBLiyXzPHK3cq7z0B5qkCYlc5vsQNblztPPU9+ug7/L26
04-25 21:21:54.247 W/AudioFlinger(   88): Thread AudioOut_1 cannot connect to the power manager service
04-25 21:21:54.267 V/AudioPolicyManagerBase(   88): getDeviceForStrategy() from cache strategy 0, device 2
04-25 21:21:54.267 V/AudioPolicyManagerBase(   88): getOutput() stream 1, samplingRate 0, format 0, channels 3, flags 0
04-25 21:21:54.307 V/AudioPolicyManagerBase(   88): startOutput() output 1, stream 1, session 12
04-25 21:21:54.307 V/AudioPolicyManagerBase(   88): changeRefCount() stream 1, count 1
04-25 21:21:54.307 V/AudioPolicyManagerBase(   88): getDeviceForStrategy() from cache strategy 0, device 2
04-25 21:21:54.307 V/AudioPolicyManagerBase(   88): getNewDevice() selected device 2
