--------- beginning of /dev/log/main
04-26 00:12:53.634 I/Gecko   (   83): 1398496373645	Marionette	DEBUG	Got request: switchToFrame, data: {"to":"0","sessionId":"3-b2g","name":"switchToFrame","parameters":{"id":null,"focus":true}}, id: {f1ce52a4-f840-41ec-8ec0-dce4872114c9}
04-26 00:12:53.664 I/Gecko   (   83): 1398496373666	Marionette	INFO	Switched to frame: {"frameValue":null}
04-26 00:12:53.764 I/Gecko   (   83): 1398496373771	Marionette	INFO	sendToClient: {"from":"0","ok":true}, {f1ce52a4-f840-41ec-8ec0-dce4872114c9}, {f1ce52a4-f840-41ec-8ec0-dce4872114c9}
04-26 00:12:53.794 I/Gecko   (   83): 1398496373796	Marionette	DEBUG	Got request: switchToFrame, data: {"to":"0","sessionId":"3-b2g","name":"switchToFrame","parameters":{"id":null,"focus":true}}, id: {c1b19c79-54a4-4c1d-99c3-7b1255033b68}
04-26 00:12:53.794 I/Gecko   (   83): 1398496373804	Marionette	INFO	Switched to frame: {"frameValue":null}
04-26 00:12:53.924 I/Gecko   (   83): 1398496373928	Marionette	INFO	sendToClient: {"from":"0","ok":true}, {c1b19c79-54a4-4c1d-99c3-7b1255033b68}, {c1b19c79-54a4-4c1d-99c3-7b1255033b68}
04-26 00:12:53.954 I/Gecko   (   83): 1398496373961	Marionette	DEBUG	Got request: executeWithCallback, data: {"to":"0","sessionId":"3-b2g","name":"executeAsyncScript","parameters":{"specialPowers":false,"scriptTimeout":null,"newSandbox":true,"args":[],"filename":"gaia_test.py","script":"return GaiaApps.displayedApp();","line":66}}, id: {f6bdf3b7-f124-48ab-8131-a3dd0c47023e}
04-26 00:12:54.004 I/Gecko   ( 5559): ###################################### forms.js loaded
04-26 00:12:54.024 I/Gecko   (   83): 1398496374035	Marionette	INFO	sendToClient: {"from":"0","value":{"frame":{"ELEMENT":"{785ba562-5184-4a31-85d6-2bcb5e7decf9}"},"src":"app://homescreen.gaiamobile.org/index.html#root","name":"Homescreen","origin":"app://homescreen.gaiamobile.org"}}, {f6bdf3b7-f124-48ab-8131-a3dd0c47023e}, {f6bdf3b7-f124-48ab-8131-a3dd0c47023e}
04-26 00:12:54.044 E/GeckoConsole(   83): Content JS LOG at dummy file:392 in GaiaApps.displayedApp: app with origin 'app://homescreen.gaiamobile.org' is displayed
04-26 00:12:54.064 I/Gecko   (   83): 1398496374068	Marionette	DEBUG	Got request: switchToFrame, data: {"to":"0","sessionId":"3-b2g","name":"switchToFrame","parameters":{"focus":true,"element":"{785ba562-5184-4a31-85d6-2bcb5e7decf9}"}}, id: {056ba52b-50b0-40fb-aed8-570fdfc2ddd1}
04-26 00:12:54.074 I/Gecko   ( 5559): ############################### browserElementPanning.js loaded
04-26 00:12:54.084 I/Gecko   (   83): 1398496374088	Marionette	INFO	Switched to frame: {"frameValue":"{785ba562-5184-4a31-85d6-2bcb5e7decf9}"}
04-26 00:12:54.084 I/Gecko   (   83): 1398496374094	Marionette	INFO	trying remote frame 0
04-26 00:12:54.094 I/Gecko   (   83): 1398496374097	Marionette	INFO	trying remote frame 1
04-26 00:12:54.094 I/Gecko   (   83): 1398496374098	Marionette	INFO	trying remote frame 2
04-26 00:12:54.094 I/Gecko   (   83): 1398496374099	Marionette	INFO	trying remote frame 3
04-26 00:12:54.094 I/Gecko   (   83): 1398496374100	Marionette	INFO	trying remote frame 4
04-26 00:12:54.104 I/Gecko   (   83): 1398496374107	Marionette	INFO	trying remote frame 5
04-26 00:12:54.104 I/Gecko   (   83): 1398496374109	Marionette	INFO	trying remote frame 6
04-26 00:12:54.104 I/Gecko   (   83): 1398496374110	Marionette	INFO	trying remote frame 7
04-26 00:12:54.104 I/Gecko   (   83): 1398496374111	Marionette	INFO	trying remote frame 8
04-26 00:12:54.104 I/Gecko   (   83): 1398496374112	Marionette	INFO	trying remote frame 9
04-26 00:12:54.114 I/Gecko   (   83): 1398496374117	Marionette	INFO	trying remote frame 10
04-26 00:12:54.114 I/Gecko   (   83): 1398496374118	Marionette	INFO	trying remote frame 11
04-26 00:12:54.114 I/Gecko   (   83): 1398496374119	Marionette	INFO	deleting frame
04-26 00:12:54.124 I/Gecko   (   83): 1398496374130	Marionette	INFO	frame-manager load script: [object ChromeMessageSender]
04-26 00:12:54.124 I/Gecko   ( 5559): ######################## BrowserElementChildPreload.js loaded
04-26 00:12:54.834 E/[Gralloc-ERROR](   83): int gralloc_unregister_buffer(const gralloc_module_t*, const native_handle_t*):274 Trying to unregister buffer 0x452f5c40 from process 83 that was not created in current process: 83
04-26 00:12:55.244 E/[Gralloc-ERROR](   83): int gralloc_unregister_buffer(const gralloc_module_t*, const native_handle_t*):274 Trying to unregister buffer 0x452f5ba0 from process 83 that was not created in current process: 83
04-26 00:12:55.554 W/WifiHW  (   83): wifi_command: SIGNAL_POLL
04-26 00:12:56.984 I/Gecko   (   83): 1398496376986	Marionette	INFO	sendToClient: {"from":"0","ok":true}, {056ba52b-50b0-40fb-aed8-570fdfc2ddd1}, {056ba52b-50b0-40fb-aed8-570fdfc2ddd1}
04-26 00:12:57.364 I/Gecko   (   83): 1398496377375	Marionette	INFO	sendToClient: {"from":"0","value":[]}, {3e1618e5-f427-409e-8f55-02278851115f}, {3e1618e5-f427-409e-8f55-02278851115f}
04-26 00:12:57.454 I/Gecko   (   83): 1398496377457	Marionette	INFO	sendToClient: {"from":"0","value":[]}, {bda7e59e-b8c1-45c3-94f6-04f7214e2d96}, {bda7e59e-b8c1-45c3-94f6-04f7214e2d96}
04-26 00:12:58.444 I/Gonk    (   83): Setting nice for pid 5588 to 18
04-26 00:12:58.454 I/Gonk    (   83): Changed nice for pid 5588 from 0 to 18.
04-26 00:12:59.614 I/Gecko   (   83): 1398496379622	Marionette	INFO	sendToClient: {"from":"0","value":[]}, {1666a819-d142-4394-b9ae-81e1bb6deb21}, {1666a819-d142-4394-b9ae-81e1bb6deb21}
04-26 00:13:00.574 W/WifiHW  (   83): wifi_command: SIGNAL_POLL
04-26 00:13:02.894 I/Gecko   (   83): 1398496382903	Marionette	INFO	sendToClient: {"from":"0","value":["{3a85e7dc-55a0-432e-b929-b026746c5672}","{2803c8fd-269d-424d-a81c-8c67aa0b453a}","{21aa9124-4e1f-4a78-9249-cc05b683c2af}","{ae617881-3b61-4ac4-8094-520cb8f943b1}","{494905cd-3709-4438-8914-1a8788e73f6c}","{5373c7b0-2069-4f54-a1fb-ed280c142913}","{493ca885-52c2-4a1f-a58e-eca2797a4928}","{912c9172-9201-443d-b48c-db08559c6dcb}","{93a4f1ab-05cd-43f3-81e0-a72d6000d176}","{499eb5d4-0aa0-4db7-94aa-19218c32dce7}","{2b16726f-5d0b-44fc-b2cf-53c2df135fdb}","{fd831924-5ada-414d-9b31-f5c47db38e5f}","{b768f3c8-3141-4ceb-84b4-eee012e7e291}","{d36cc98e-0450-4dd7-b4cc-5bbf128a29a8}","{2c3ec0ae-d038-4647-95e8-d910b62ddd6a}","{4da1ce86-b20a-44b3-958e-4d4a08785acc}","{1010fc02-478e-46ca-b965-b7aff735a277}","{8d71cb45-95e4-47d6-997b-243676e9e273}","{29aa4b0b-c79d-4929-bdcf-cc2cf902335a}","{979115f5-c0c3-48cf-801c-7eeb46b78555}","{f563228a-4440-4b83-86d4-83511b9b5dba}","{e5c86573-6137-4e24-8462-87c822951870}","{0727cb77-85a2-4f40-ac89-cd232a7b09cc}"]}, {ca73fa58-72
04-26 00:13:03.024 E/GeckoConsole( 5559): Content JS WARN at app://homescreen.gaiamobile.org/gaia_build_defer_index.js:184 in isHiddenApp: Unexpected role when checking hidden app: undefined
04-26 00:13:03.034 E/GeckoConsole( 5559): Content JS WARN at app://homescreen.gaiamobile.org/gaia_build_defer_index.js:184 in isHiddenApp: Unexpected role when checking hidden app: undefined
04-26 00:13:03.034 E/GeckoConsole( 5559): Content JS WARN at app://homescreen.gaiamobile.org/gaia_build_defer_index.js:184 in isHiddenApp: Unexpected role when checking hidden app: undefined
04-26 00:13:03.034 E/GeckoConsole( 5559): Content JS WARN at app://homescreen.gaiamobile.org/gaia_build_defer_index.js:184 in isHiddenApp: Unexpected role when checking hidden app: undefined
04-26 00:13:03.034 E/GeckoConsole( 5559): Content JS WARN at app://homescreen.gaiamobile.org/gaia_build_defer_index.js:184 in isHiddenApp: Unexpected role when checking hidden app: undefined
04-26 00:13:03.034 E/GeckoConsole( 5559): Content JS WARN at app://homescreen.gaiamobile.org/gaia_build_defer_index.js:184 in isHiddenApp: Unexpected role when checking hidden app: undefined
04-26 00:13:03.034 E/GeckoConsole( 5559): Content JS WARN at app://homescreen.gaiamobile.org/gaia_build_defer_index.js:184 in isHiddenApp: Unexpected role when checking hidden app: undefined
04-26 00:13:03.034 E/GeckoConsole( 5559): Content JS WARN at app://homescreen.gaiamobile.org/gaia_build_defer_index.js:184 in isHiddenApp: Unexpected role when checking hidden app: undefined
04-26 00:13:03.034 E/GeckoConsole( 5559): Content JS WARN at app://homescreen.gaiamobile.org/gaia_build_defer_index.js:184 in isHiddenApp: Unexpected role when checking hidden app: undefined
04-26 00:13:03.034 E/GeckoConsole( 5559): Content JS WARN at app://homescreen.gaiamobile.org/gaia_build_defer_index.js:184 in isHiddenApp: Unexpected role when checking hidden app: undefined
04-26 00:13:03.034 E/GeckoConsole( 5559): Content JS WARN at app://homescreen.gaiamobile.org/gaia_build_defer_index.js:184 in isHiddenApp: Unexpected role when checking hidden app: undefined
04-26 00:13:03.034 E/GeckoConsole( 5559): Content JS WARN at app://homescreen.gaiamobile.org/gaia_build_defer_index.js:184 in isHiddenApp: Unexpected role when checking hidden app: undefined
04-26 00:13:03.034 E/GeckoConsole( 5559): Content JS WARN at app://homescreen.gaiamobile.org/gaia_build_defer_index.js:184 in isHiddenApp: Unexpected role when checking hidden app: undefined
04-26 00:13:03.044 E/GeckoConsole( 5559): Content JS WARN at app://homescreen.gaiamobile.org/gaia_build_defer_index.js:184 in isHiddenApp: Unexpected role when checking hidden app: undefined
04-26 00:13:03.044 E/GeckoConsole( 5559): Content JS WARN at app://homescreen.gaiamobile.org/gaia_build_defer_index.js:184 in isHiddenApp: Unexpected role when checking hidden app: undefined
04-26 00:13:03.044 E/GeckoConsole( 5559): Content JS WARN at app://homescreen.gaiamobile.org/gaia_build_defer_index.js:184 in isHiddenApp: Unexpected role when checking hidden app: undefined
04-26 00:13:03.044 E/GeckoConsole( 5559): Content JS WARN at app://homescreen.gaiamobile.org/gaia_build_defer_index.js:184 in isHiddenApp: Unexpected role when checking hidden app: undefined
04-26 00:13:03.044 E/GeckoConsole( 5559): Content JS WARN at app://homescreen.gaiamobile.org/gaia_build_defer_index.js:184 in isHiddenApp: Unexpected role when checking hidden app: undefined
04-26 00:13:03.044 E/GeckoConsole( 5559): Content JS WARN at app://homescreen.gaiamobile.org/gaia_build_defer_index.js:184 in isHiddenApp: Unexpected role when checking hidden app: undefined
04-26 00:13:03.454 I/Gecko   (   83): 1398496383457	Marionette	INFO	sendToClient: {"from":"0","value":"<div><img src=\"blob:916cbe7f-975e-4191-902a-c90d918729a0\" style=\"visibility: visible;\" role=\"presentation\" height=\"64\" width=\"64\"><span class=\"labelWrapper\"><span>Social</span></span></div><span data-is-icon=\"true\" class=\"options\"></span>"}, {a8c16a0a-3c73-4be8-b638-0a5a83994895}, {a8c16a0a-3c73-4be8-b638-0a5a83994895}
04-26 00:13:03.564 I/Gecko   (   83): 1398496383572	Marionette	INFO	sendToClient: {"from":"0","value":"<div><img src=\"blob:7a8b588c-a551-4b2f-9dab-ccdaaec35e6b\" style=\"visibility: visible;\" role=\"presentation\" height=\"64\" width=\"64\"><span class=\"labelWrapper\"><span>Games</span></span></div><span data-is-icon=\"true\" class=\"options\"></span>"}, {5d8119e7-c711-43fe-9354-47789d29d9bb}, {5d8119e7-c711-43fe-9354-47789d29d9bb}
04-26 00:13:03.694 I/Gecko   (   83): 1398496383701	Marionette	INFO	sendToClient: {"from":"0","value":"<div><img src=\"blob:60b66a28-2b93-4d11-b0d3-8534e179a6f3\" style=\"visibility: visible;\" role=\"presentation\" height=\"64\" width=\"64\"><span class=\"labelWrapper\"><span>Music</span></span></div><span data-is-icon=\"true\" class=\"options\"></span>"}, {877ae1dd-4126-42c6-910b-0237287a74fb}, {877ae1dd-4126-42c6-910b-0237287a74fb}
04-26 00:13:03.734 I/Gecko   (   83): 1398496383738	Marionette	INFO	sendToClient: {"from":"0","value":"<div><img src=\"blob:3eaf65a4-a027-4f9f-bd45-85d330a1e64d\" style=\"visibility: visible;\" role=\"presentation\" height=\"64\" width=\"64\"><span class=\"labelWrapper\"><span>Showbiz</span></span></div><span data-is-icon=\"true\" class=\"options\"></span>"}, {76c1e3ef-a0f9-4bcf-b1be-33b9708c67d6}, {76c1e3ef-a0f9-4bcf-b1be-33b9708c67d6}
04-26 00:13:03.744 I/Gecko   (   83): 1398496383756	Marionette	INFO	sendToClient: {"from":"0","value":"<div><img src=\"blob:27b2b233-2521-4555-885f-96df6c09ace4\" style=\"visibility: visible;\" role=\"presentation\" height=\"64\" width=\"64\"><span class=\"labelWrapper\"><span>Camera</span></span></div>"}, {ea626e55-75df-494a-8e74-c28365afc050}, {ea626e55-75df-494a-8e74-c28365afc050}
04-26 00:13:03.824 I/Gecko   (   83): 1398496383833	Marionette	INFO	sendToClient: {"from":"0","value":"<div><img src=\"blob:603981f8-0981-4c6d-9703-a4b787b67d77\" style=\"visibility: visible;\" role=\"presentation\" height=\"64\" width=\"64\"><span class=\"labelWrapper\"><span>Gallery</span></span></div>"}, {50a73b81-e31e-49ff-afd8-8428701432ae}, {50a73b81-e31e-49ff-afd8-8428701432ae}
04-26 00:13:03.864 I/Gecko   (   83): 1398496383874	Marionette	INFO	sendToClient: {"from":"0","value":"<div><img src=\"blob:667988bf-ea27-4077-9732-8d1c11b07b80\" style=\"visibility: visible;\" role=\"presentation\" height=\"64\" width=\"64\"><span class=\"labelWrapper\"><span>FM Radio</span></span></div>"}, {78e591f7-2064-4b41-953d-8393609b741e}, {78e591f7-2064-4b41-953d-8393609b741e}
04-26 00:13:03.894 I/Gecko   (   83): 1398496383906	Marionette	INFO	sendToClient: {"from":"0","value":"<div><img src=\"blob:842b2642-939c-4e6a-b028-ea111894ae09\" style=\"visibility: visible;\" role=\"presentation\" height=\"64\" width=\"64\"><span class=\"labelWrapper\"><span>Settings</span></span></div>"}, {d86f1279-7b2e-48ce-b5ce-13faf1df9bee}, {d86f1279-7b2e-48ce-b5ce-13faf1df9bee}
04-26 00:13:03.914 I/Gecko   (   83): 1398496383921	Marionette	INFO	sendToClient: {"from":"0","value":"<div><img src=\"blob:5cfe991f-ba37-4fe8-ba18-b95d88515159\" style=\"visibility: visible;\" role=\"presentation\" height=\"64\" width=\"64\"><span class=\"labelWrapper\"><span>Marketplace</span></span></div>"}, {51b74ad3-416b-465e-a624-6fe0e5467604}, {51b74ad3-416b-465e-a624-6fe0e5467604}
04-26 00:13:03.974 I/Gecko   (   83): 1398496383984	Marionette	INFO	sendToClient: {"from":"0","value":"<div><img src=\"blob:3e88fc69-ebe5-443b-b401-b13ba0a91bb6\" style=\"visibility: visible;\" role=\"presentation\" height=\"64\" width=\"64\"><span class=\"labelWrapper\"><span>Calendar</span></span></div>"}, {d503b108-7529-49da-8f09-b38f37f5b7fe}, {d503b108-7529-49da-8f09-b38f37f5b7fe}
04-26 00:13:03.994 I/Gecko   (   83): 1398496384001	Marionette	INFO	sendToClient: {"from":"0","value":"<div><img src=\"blob:1f71da80-7146-41d3-b4ee-91a82faff29b\" style=\"visibility: visible;\" role=\"presentation\" height=\"64\" width=\"64\"><span class=\"labelWrapper\"><span>Clock</span></span></div>"}, {68b4e7bf-5b5a-4e2e-9e9b-f4e71b2475b6}, {68b4e7bf-5b5a-4e2e-9e9b-f4e71b2475b6}
04-26 00:13:04.004 I/Gecko   (   83): 1398496384012	Marionette	INFO	sendToClient: {"from":"0","value":"<div><img src=\"blob:4535249f-02af-4a84-83e0-19b96786cd3f\" style=\"visibility: visible;\" role=\"presentation\" height=\"64\" width=\"64\"><span class=\"labelWrapper\"><span>Usage</span></span></div>"}, {c5666b8b-b013-47d1-8fc1-70f6a0de9ca4}, {c5666b8b-b013-47d1-8fc1-70f6a0de9ca4}
04-26 00:13:04.014 I/Gecko   (   83): 1398496384025	Marionette	INFO	sendToClient: {"from":"0","value":"<div><img src=\"blob:d3774582-8ab4-46cd-9bf2-6257e8a68571\" style=\"visibility: visible;\" role=\"presentation\" height=\"64\" width=\"64\"><span class=\"labelWrapper\"><span>E-Mail</span></span></div>"}, {20ed5488-30a0-4c39-84de-f714e8c5622e}, {20ed5488-30a0-4c39-84de-f714e8c5622e}
04-26 00:13:04.034 I/Gecko   (   83): 1398496384038	Marionette	INFO	sendToClient: {"from":"0","value":"<div><img src=\"blob:dd2514a0-7657-4118-b61c-44998d018a05\" style=\"visibility: visible;\" role=\"presentation\" height=\"64\" width=\"64\"><span class=\"labelWrapper\"><span>Music</span></span></div>"}, {ea73a0c9-3837-46e8-a64e-656e15d78645}, {ea73a0c9-3837-46e8-a64e-656e15d78645}
04-26 00:13:04.054 I/Gecko   (   83): 1398496384057	Marionette	INFO	sendToClient: {"from":"0","value":"<div><img src=\"blob:74764854-aeea-4b46-b86c-f4aeaa5bd96b\" style=\"visibility: visible;\" role=\"presentation\" height=\"64\" width=\"64\"><span class=\"labelWrapper\"><span>Video</span></span></div>"}, {d51adea5-451d-4e18-8d74-687292df72f5}, {d51adea5-451d-4e18-8d74-687292df72f5}
04-26 00:13:04.064 I/Gecko   (   83): 1398496384072	Marionette	INFO	sendToClient: {"from":"0","value":"<div><img src=\"blob:20f44c5b-21a1-4a19-9a32-b6e75aecc0d0\" style=\"visibility: visible;\" role=\"presentation\" height=\"64\" width=\"64\"><span class=\"labelWrapper mask\"><span>GoldNuggets</span></span></div><span data-is-icon=\"true\" class=\"options\"></span>"}, {96acd6b9-4d74-4de4-b6a8-5b307e3c57f8}, {96acd6b9-4d74-4de4-b6a8-5b307e3c57f8}
04-26 00:13:04.094 I/Gecko   (   83): 1398496384097	Marionette	INFO	sendToClient: {"from":"0","value":"<div><img src=\"blob:c7784e04-4d79-4043-ab97-c802ff1b7dff\" style=\"visibility: visible;\" role=\"presentation\" height=\"64\" width=\"64\"><span class=\"labelWrapper mask\"><span>Space Shooter</span></span></div><span data-is-icon=\"true\" class=\"options\"></span>"}, {9fb8dcdd-3455-4fcd-816e-c6b346d92d50}, {9fb8dcdd-3455-4fcd-816e-c6b346d92d50}
04-26 00:13:04.134 I/Gecko   (   83): 1398496384143	Marionette	INFO	sendToClient: {"from":"0","value":"<div><img src=\"blob:8f761c40-c159-4859-8b73-dec7186e4ec5\" style=\"visibility: visible;\" role=\"presentation\" height=\"64\" width=\"64\"><span class=\"labelWrapper mask\"><span>Rebel Thumb</span></span></div><span data-is-icon=\"true\" class=\"options\"></span>"}, {6c4c9cec-102b-4b4a-afde-170def315402}, {6c4c9cec-102b-4b4a-afde-170def315402}
04-26 00:13:04.144 I/Gecko   (   83): 1398496384154	Marionette	INFO	sendToClient: {"from":"0","value":"<div><img src=\"blob:a698fcd0-c555-42ff-b150-a78347bf37d1\" style=\"visibility: visible;\" role=\"presentation\" height=\"64\" width=\"64\"><span class=\"labelWrapper\"><span>Social Share</span></span></div><span data-is-icon=\"true\" class=\"options\"></span>"}, {b8d8c442-98c4-4d12-8743-6873c78136dc}, {b8d8c442-98c4-4d12-8743-6873c78136dc}
04-26 00:13:04.164 I/Gecko   (   83): 1398496384168	Marionette	INFO	sendToClient: {"from":"0","value":"<div><img src=\"blob:55e06557-2ce4-44fd-887b-2d831c53f6c1\" style=\"visibility: visible;\" role=\"presentation\" height=\"64\" width=\"64\"><span class=\"labelWrapper\"><span>Phone</span></span></div>"}, {c06e9927-1640-45a7-95f7-637a656bf5f3}, {c06e9927-1640-45a7-95f7-637a656bf5f3}
04-26 00:13:04.174 I/Gecko   (   83): 1398496384179	Marionette	INFO	sendToClient: {"from":"0","value":"<div><img src=\"blob:093e2ebe-7b99-4b42-be03-863caf860775\" style=\"visibility: visible;\" role=\"presentation\" height=\"64\" width=\"64\"><span class=\"labelWrapper\"><span>Messages</span></span></div>"}, {ad7a3d88-b28e-4fa0-bae1-ea323bb809b4}, {ad7a3d88-b28e-4fa0-bae1-ea323bb809b4}
04-26 00:13:04.184 I/Gecko   (   83): 1398496384190	Marionette	INFO	sendToClient: {"from":"0","value":"<div><img src=\"blob:66676cd1-80eb-4bf5-a702-683874a62a4c\" style=\"visibility: visible;\" role=\"presentation\" height=\"64\" width=\"64\"><span class=\"labelWrapper\"><span>Contacts</span></span></div>"}, {5ed521e4-7419-431b-830f-3579dcdcb4a4}, {5ed521e4-7419-431b-830f-3579dcdcb4a4}
04-26 00:13:04.194 I/Gecko   (   83): 1398496384202	Marionette	INFO	sendToClient: {"from":"0","value":"<div><img src=\"blob:66e5f247-4add-49dd-ad98-1d22c6fd0b3b\" style=\"visibility: visible;\" role=\"presentation\" height=\"64\" width=\"64\"><span class=\"labelWrapper\"><span>Browser</span></span></div>"}, {3fc40588-da02-4c2e-9e50-4585cd34e3e4}, {3fc40588-da02-4c2e-9e50-4585cd34e3e4}
04-26 00:13:06.094 W/WifiHW  (   83): wifi_command: SIGNAL_POLL
04-26 00:13:06.304 I/Gecko   (   83): 1398496386308	Marionette	INFO	sendToClient: {"from":"0","value":["{3a85e7dc-55a0-432e-b929-b026746c5672}","{2803c8fd-269d-424d-a81c-8c67aa0b453a}","{21aa9124-4e1f-4a78-9249-cc05b683c2af}","{ae617881-3b61-4ac4-8094-520cb8f943b1}","{494905cd-3709-4438-8914-1a8788e73f6c}","{5373c7b0-2069-4f54-a1fb-ed280c142913}","{493ca885-52c2-4a1f-a58e-eca2797a4928}","{912c9172-9201-443d-b48c-db08559c6dcb}","{93a4f1ab-05cd-43f3-81e0-a72d6000d176}","{499eb5d4-0aa0-4db7-94aa-19218c32dce7}","{2b16726f-5d0b-44fc-b2cf-53c2df135fdb}","{fd831924-5ada-414d-9b31-f5c47db38e5f}","{b768f3c8-3141-4ceb-84b4-eee012e7e291}","{d36cc98e-0450-4dd7-b4cc-5bbf128a29a8}","{2c3ec0ae-d038-4647-95e8-d910b62ddd6a}","{4da1ce86-b20a-44b3-958e-4d4a08785acc}","{1010fc02-478e-46ca-b965-b7aff735a277}","{8d71cb45-95e4-47d6-997b-243676e9e273}","{29aa4b0b-c79d-4929-bdcf-cc2cf902335a}","{979115f5-c0c3-48cf-801c-7eeb46b78555}","{f563228a-4440-4b83-86d4-83511b9b5dba}","{e5c86573-6137-4e24-8462-87c822951870}","{0727cb77-85a2-4f40-ac89-cd232a7b09cc}"]}, {2b81aea4-68
04-26 00:13:06.384 I/Gecko   (   83): 1398496386389	Marionette	INFO	sendToClient: {"from":"0","value":"<div><img src=\"blob:916cbe7f-975e-4191-902a-c90d918729a0\" style=\"visibility: visible;\" role=\"presentation\" height=\"64\" width=\"64\"><span class=\"labelWrapper\"><span>Social</span></span></div><span data-is-icon=\"true\" class=\"options\"></span>"}, {de4aeef0-5a8b-4095-8557-fbcf5e0249c1}, {de4aeef0-5a8b-4095-8557-fbcf5e0249c1}
04-26 00:13:06.624 I/Gecko   (   83): 1398496386631	Marionette	INFO	sendToClient: {"from":"0","value":"<div><img src=\"blob:7a8b588c-a551-4b2f-9dab-ccdaaec35e6b\" style=\"visibility: visible;\" role=\"presentation\" height=\"64\" width=\"64\"><span class=\"labelWrapper\"><span>Games</span></span></div><span data-is-icon=\"true\" class=\"options\"></span>"}, {37884abd-b1be-4405-9083-16a0c11b36e3}, {37884abd-b1be-4405-9083-16a0c11b36e3}
04-26 00:13:06.664 I/Gecko   (   83): 1398496386668	Marionette	INFO	sendToClient: {"from":"0","value":"<div><img src=\"blob:60b66a28-2b93-4d11-b0d3-8534e179a6f3\" style=\"visibility: visible;\" role=\"presentation\" height=\"64\" width=\"64\"><span class=\"labelWrapper\"><span>Music</span></span></div><span data-is-icon=\"true\" class=\"options\"></span>"}, {d72795db-7ac7-4f33-b5c3-3422146ed4a2}, {d72795db-7ac7-4f33-b5c3-3422146ed4a2}
04-26 00:13:06.674 I/Gecko   (   83): 1398496386680	Marionette	INFO	sendToClient: {"from":"0","value":"<div><img src=\"blob:3eaf65a4-a027-4f9f-bd45-85d330a1e64d\" style=\"visibility: visible;\" role=\"presentation\" height=\"64\" width=\"64\"><span class=\"labelWrapper\"><span>Showbiz</span></span></div><span data-is-icon=\"true\" class=\"options\"></span>"}, {fa753c3f-13bf-47f7-b74e-78d63414183b}, {fa753c3f-13bf-47f7-b74e-78d63414183b}
04-26 00:13:06.694 I/Gecko   (   83): 1398496386699	Marionette	INFO	sendToClient: {"from":"0","value":"<div><img src=\"blob:27b2b233-2521-4555-885f-96df6c09ace4\" style=\"visibility: visible;\" role=\"presentation\" height=\"64\" width=\"64\"><span class=\"labelWrapper\"><span>Camera</span></span></div>"}, {2216584d-56a9-4343-9435-90572b18d9e6}, {2216584d-56a9-4343-9435-90572b18d9e6}
04-26 00:13:06.714 I/Gecko   (   83): 1398496386717	Marionette	INFO	sendToClient: {"from":"0","value":"<div><img src=\"blob:603981f8-0981-4c6d-9703-a4b787b67d77\" style=\"visibility: visible;\" role=\"presentation\" height=\"64\" width=\"64\"><span class=\"labelWrapper\"><span>Gallery</span></span></div>"}, {96402f53-f9e9-41df-95c4-5ae09420b328}, {96402f53-f9e9-41df-95c4-5ae09420b328}
04-26 00:13:06.794 I/Gecko   (   83): 1398496386797	Marionette	INFO	sendToClient: {"from":"0","value":"<div><img src=\"blob:667988bf-ea27-4077-9732-8d1c11b07b80\" style=\"visibility: visible;\" role=\"presentation\" height=\"64\" width=\"64\"><span class=\"labelWrapper\"><span>FM Radio</span></span></div>"}, {ecffd80d-692d-4a28-85a4-7c1f0f366c9f}, {ecffd80d-692d-4a28-85a4-7c1f0f366c9f}
04-26 00:13:06.804 I/Gecko   (   83): 1398496386809	Marionette	INFO	sendToClient: {"from":"0","value":"<div><img src=\"blob:842b2642-939c-4e6a-b028-ea111894ae09\" style=\"visibility: visible;\" role=\"presentation\" height=\"64\" width=\"64\"><span class=\"labelWrapper\"><span>Settings</span></span></div>"}, {5308328f-ea72-4477-98ed-a7bec4d9714e}, {5308328f-ea72-4477-98ed-a7bec4d9714e}
04-26 00:13:06.824 I/Gecko   (   83): 1398496386832	Marionette	INFO	sendToClient: {"from":"0","value":"<div><img src=\"blob:5cfe991f-ba37-4fe8-ba18-b95d88515159\" style=\"visibility: visible;\" role=\"presentation\" height=\"64\" width=\"64\"><span class=\"labelWrapper\"><span>Marketplace</span></span></div>"}, {3fc4b3e1-092e-48b8-a83b-5fbe81ec717e}, {3fc4b3e1-092e-48b8-a83b-5fbe81ec717e}
04-26 00:13:06.834 I/Gecko   (   83): 1398496386844	Marionette	INFO	sendToClient: {"from":"0","value":"<div><img src=\"blob:3e88fc69-ebe5-443b-b401-b13ba0a91bb6\" style=\"visibility: visible;\" role=\"presentation\" height=\"64\" width=\"64\"><span class=\"labelWrapper\"><span>Calendar</span></span></div>"}, {cd4e62dd-7d21-4a6b-82c7-d58ba42cd4b8}, {cd4e62dd-7d21-4a6b-82c7-d58ba42cd4b8}
04-26 00:13:06.864 I/Gecko   (   83): 1398496386870	Marionette	INFO	sendToClient: {"from":"0","value":"<div><img src=\"blob:1f71da80-7146-41d3-b4ee-91a82faff29b\" style=\"visibility: visible;\" role=\"presentation\" height=\"64\" width=\"64\"><span class=\"labelWrapper\"><span>Clock</span></span></div>"}, {05888ec3-5b36-43d4-8ab9-9e7d106b0670}, {05888ec3-5b36-43d4-8ab9-9e7d106b0670}
04-26 00:13:06.944 I/Gecko   (   83): 1398496386948	Marionette	INFO	sendToClient: {"from":"0","value":"<div><img src=\"blob:4535249f-02af-4a84-83e0-19b96786cd3f\" style=\"visibility: visible;\" role=\"presentation\" height=\"64\" width=\"64\"><span class=\"labelWrapper\"><span>Usage</span></span></div>"}, {f48fe601-4722-4ea5-9d5e-8f9ce543018d}, {f48fe601-4722-4ea5-9d5e-8f9ce543018d}
04-26 00:13:06.974 I/Gecko   (   83): 1398496386981	Marionette	INFO	sendToClient: {"from":"0","value":"<div><img src=\"blob:d3774582-8ab4-46cd-9bf2-6257e8a68571\" style=\"visibility: visible;\" role=\"presentation\" height=\"64\" width=\"64\"><span class=\"labelWrapper\"><span>E-Mail</span></span></div>"}, {072f5d6a-78fb-4a40-9291-7257b3d8b854}, {072f5d6a-78fb-4a40-9291-7257b3d8b854}
04-26 00:13:06.984 I/Gecko   (   83): 1398496386995	Marionette	INFO	sendToClient: {"from":"0","value":"<div><img src=\"blob:dd2514a0-7657-4118-b61c-44998d018a05\" style=\"visibility: visible;\" role=\"presentation\" height=\"64\" width=\"64\"><span class=\"labelWrapper\"><span>Music</span></span></div>"}, {8976f378-e642-415a-b914-f3305998541b}, {8976f378-e642-415a-b914-f3305998541b}
04-26 00:13:07.014 I/Gecko   (   83): 1398496387017	Marionette	INFO	sendToClient: {"from":"0","value":"<div><img src=\"blob:74764854-aeea-4b46-b86c-f4aeaa5bd96b\" style=\"visibility: visible;\" role=\"presentation\" height=\"64\" width=\"64\"><span class=\"labelWrapper\"><span>Video</span></span></div>"}, {d282545a-e60f-47bf-aaf1-c5ad9a760d75}, {d282545a-e60f-47bf-aaf1-c5ad9a760d75}
04-26 00:13:07.074 I/Gecko   (   83): 1398496387077	Marionette	INFO	sendToClient: {"from":"0","value":"<div><img src=\"blob:20f44c5b-21a1-4a19-9a32-b6e75aecc0d0\" style=\"visibility: visible;\" role=\"presentation\" height=\"64\" width=\"64\"><span class=\"labelWrapper mask\"><span>GoldNuggets</span></span></div><span data-is-icon=\"true\" class=\"options\"></span>"}, {c88ddbdd-6849-4438-bb5f-3ecc9e6b4359}, {c88ddbdd-6849-4438-bb5f-3ecc9e6b4359}
04-26 00:13:07.114 I/Gecko   (   83): 1398496387118	Marionette	INFO	sendToClient: {"from":"0","value":"<div><img src=\"blob:c7784e04-4d79-4043-ab97-c802ff1b7dff\" style=\"visibility: visible;\" role=\"presentation\" height=\"64\" width=\"64\"><span class=\"labelWrapper mask\"><span>Space Shooter</span></span></div><span data-is-icon=\"true\" class=\"options\"></span>"}, {2048eeba-e84f-41f0-a843-968ee04af7db}, {2048eeba-e84f-41f0-a843-968ee04af7db}
04-26 00:13:07.144 I/Gecko   (   83): 1398496387148	Marionette	INFO	sendToClient: {"from":"0","value":"<div><img src=\"blob:8f761c40-c159-4859-8b73-dec7186e4ec5\" style=\"visibility: visible;\" role=\"presentation\" height=\"64\" width=\"64\"><span class=\"labelWrapper mask\"><span>Rebel Thumb</span></span></div><span data-is-icon=\"true\" class=\"options\"></span>"}, {871fceb0-dee3-4928-9133-53e815074cd6}, {871fceb0-dee3-4928-9133-53e815074cd6}
04-26 00:13:07.224 I/Gecko   (   83): 1398496387228	Marionette	INFO	sendToClient: {"from":"0","value":"<div><img src=\"blob:a698fcd0-c555-42ff-b150-a78347bf37d1\" style=\"visibility: visible;\" role=\"presentation\" height=\"64\" width=\"64\"><span class=\"labelWrapper\"><span>Social Share</span></span></div><span data-is-icon=\"true\" class=\"options\"></span>"}, {c210c94d-afaa-4c6c-93f9-af08762b28c5}, {c210c94d-afaa-4c6c-93f9-af08762b28c5}
04-26 00:13:07.254 I/Gecko   (   83): 1398496387257	Marionette	INFO	sendToClient: {"from":"0","value":"<div><img src=\"blob:55e06557-2ce4-44fd-887b-2d831c53f6c1\" style=\"visibility: visible;\" role=\"presentation\" height=\"64\" width=\"64\"><span class=\"labelWrapper\"><span>Phone</span></span></div>"}, {a9216d92-e521-473c-af46-9262a7caf451}, {a9216d92-e521-473c-af46-9262a7caf451}
04-26 00:13:07.264 I/Gecko   (   83): 1398496387271	Marionette	INFO	sendToClient: {"from":"0","value":"<div><img src=\"blob:093e2ebe-7b99-4b42-be03-863caf860775\" style=\"visibility: visible;\" role=\"presentation\" height=\"64\" width=\"64\"><span class=\"labelWrapper\"><span>Messages</span></span></div>"}, {ea807141-622e-4697-aee7-2ae3c8529c2d}, {ea807141-622e-4697-aee7-2ae3c8529c2d}
04-26 00:13:07.284 I/Gecko   (   83): 1398496387288	Marionette	INFO	sendToClient: {"from":"0","value":"<div><img src=\"blob:66676cd1-80eb-4bf5-a702-683874a62a4c\" style=\"visibility: visible;\" role=\"presentation\" height=\"64\" width=\"64\"><span class=\"labelWrapper\"><span>Contacts</span></span></div>"}, {9a1720cf-df3b-4187-abb5-051a764f2d84}, {9a1720cf-df3b-4187-abb5-051a764f2d84}
04-26 00:13:07.304 I/Gecko   (   83): 1398496387312	Marionette	INFO	sendToClient: {"from":"0","value":"<div><img src=\"blob:66e5f247-4add-49dd-ad98-1d22c6fd0b3b\" style=\"visibility: visible;\" role=\"presentation\" height=\"64\" width=\"64\"><span class=\"labelWrapper\"><span>Browser</span></span></div>"}, {6ad55eab-f7a7-44a2-b5c0-e9a6279bfbcf}, {6ad55eab-f7a7-44a2-b5c0-e9a6279bfbcf}
04-26 00:13:09.714 I/Gecko   (   83): 1398496389725	Marionette	INFO	sendToClient: {"from":"0","value":["{3a85e7dc-55a0-432e-b929-b026746c5672}","{2803c8fd-269d-424d-a81c-8c67aa0b453a}","{21aa9124-4e1f-4a78-9249-cc05b683c2af}","{ae617881-3b61-4ac4-8094-520cb8f943b1}","{494905cd-3709-4438-8914-1a8788e73f6c}","{5373c7b0-2069-4f54-a1fb-ed280c142913}","{493ca885-52c2-4a1f-a58e-eca2797a4928}","{912c9172-9201-443d-b48c-db08559c6dcb}","{93a4f1ab-05cd-43f3-81e0-a72d6000d176}","{499eb5d4-0aa0-4db7-94aa-19218c32dce7}","{2b16726f-5d0b-44fc-b2cf-53c2df135fdb}","{fd831924-5ada-414d-9b31-f5c47db38e5f}","{b768f3c8-3141-4ceb-84b4-eee012e7e291}","{d36cc98e-0450-4dd7-b4cc-5bbf128a29a8}","{2c3ec0ae-d038-4647-95e8-d910b62ddd6a}","{4da1ce86-b20a-44b3-958e-4d4a08785acc}","{1010fc02-478e-46ca-b965-b7aff735a277}","{8d71cb45-95e4-47d6-997b-243676e9e273}","{29aa4b0b-c79d-4929-bdcf-cc2cf902335a}","{979115f5-c0c3-48cf-801c-7eeb46b78555}","{f563228a-4440-4b83-86d4-83511b9b5dba}","{e5c86573-6137-4e24-8462-87c822951870}","{0727cb77-85a2-4f40-ac89-cd232a7b09cc}"]}, {d98a3876-58
04-26 00:13:09.834 I/Gecko   (   83): 1398496389842	Marionette	INFO	sendToClient: {"from":"0","value":"<div><img src=\"blob:916cbe7f-975e-4191-902a-c90d918729a0\" style=\"visibility: visible;\" role=\"presentation\" height=\"64\" width=\"64\"><span class=\"labelWrapper\"><span>Social</span></span></div><span data-is-icon=\"true\" class=\"options\"></span>"}, {87de3f68-2b33-462c-81fa-8bdbaa0451f4}, {87de3f68-2b33-462c-81fa-8bdbaa0451f4}
04-26 00:13:09.864 I/Gecko   (   83): 1398496389868	Marionette	INFO	sendToClient: {"from":"0","value":"<div><img src=\"blob:7a8b588c-a551-4b2f-9dab-ccdaaec35e6b\" style=\"visibility: visible;\" role=\"presentation\" height=\"64\" width=\"64\"><span class=\"labelWrapper\"><span>Games</span></span></div><span data-is-icon=\"true\" class=\"options\"></span>"}, {71ac3d76-6bd6-4bc6-9958-e25aae2cd948}, {71ac3d76-6bd6-4bc6-9958-e25aae2cd948}
04-26 00:13:09.874 I/Gecko   (   83): 1398496389885	Marionette	INFO	sendToClient: {"from":"0","value":"<div><img src=\"blob:60b66a28-2b93-4d11-b0d3-8534e179a6f3\" style=\"visibility: visible;\" role=\"presentation\" height=\"64\" width=\"64\"><span class=\"labelWrapper\"><span>Music</span></span></div><span data-is-icon=\"true\" class=\"options\"></span>"}, {3de2f032-f1f9-4d3e-8866-a05244d09462}, {3de2f032-f1f9-4d3e-8866-a05244d09462}
04-26 00:13:09.914 I/Gecko   (   83): 1398496389918	Marionette	INFO	sendToClient: {"from":"0","value":"<div><img src=\"blob:3eaf65a4-a027-4f9f-bd45-85d330a1e64d\" style=\"visibility: visible;\" role=\"presentation\" height=\"64\" width=\"64\"><span class=\"labelWrapper\"><span>Showbiz</span></span></div><span data-is-icon=\"true\" class=\"options\"></span>"}, {239bdb8d-1cc4-4697-8a87-8728855b4884}, {239bdb8d-1cc4-4697-8a87-8728855b4884}
04-26 00:13:09.944 I/Gecko   (   83): 1398496389950	Marionette	INFO	sendToClient: {"from":"0","value":"<div><img src=\"blob:27b2b233-2521-4555-885f-96df6c09ace4\" style=\"visibility: visible;\" role=\"presentation\" height=\"64\" width=\"64\"><span class=\"labelWrapper\"><span>Camera</span></span></div>"}, {1597b23d-9c82-49ee-aa02-3d5515a0728f}, {1597b23d-9c82-49ee-aa02-3d5515a0728f}
04-26 00:13:09.974 I/Gecko   (   83): 1398496389978	Marionette	INFO	sendToClient: {"from":"0","value":"<div><img src=\"blob:603981f8-0981-4c6d-9703-a4b787b67d77\" style=\"visibility: visible;\" role=\"presentation\" height=\"64\" width=\"64\"><span class=\"labelWrapper\"><span>Gallery</span></span></div>"}, {7fcb32f6-48eb-4455-a782-a9dc00866d06}, {7fcb32f6-48eb-4455-a782-a9dc00866d06}
04-26 00:13:09.984 I/Gecko   (   83): 1398496389994	Marionette	INFO	sendToClient: {"from":"0","value":"<div><img src=\"blob:667988bf-ea27-4077-9732-8d1c11b07b80\" style=\"visibility: visible;\" role=\"presentation\" height=\"64\" width=\"64\"><span class=\"labelWrapper\"><span>FM Radio</span></span></div>"}, {291b634d-9cde-4d90-b656-6f29fd4e4d5e}, {291b634d-9cde-4d90-b656-6f29fd4e4d5e}
04-26 00:13:10.034 I/Gecko   (   83): 1398496390038	Marionette	INFO	sendToClient: {"from":"0","value":"<div><img src=\"blob:842b2642-939c-4e6a-b028-ea111894ae09\" style=\"visibility: visible;\" role=\"presentation\" height=\"64\" width=\"64\"><span class=\"labelWrapper\"><span>Settings</span></span></div>"}, {e88a0070-90b5-4182-b59b-7ef781ee69f3}, {e88a0070-90b5-4182-b59b-7ef781ee69f3}
04-26 00:13:10.074 I/Gecko   (   83): 1398496390077	Marionette	INFO	sendToClient: {"from":"0","value":"<div><img src=\"blob:5cfe991f-ba37-4fe8-ba18-b95d88515159\" style=\"visibility: visible;\" role=\"presentation\" height=\"64\" width=\"64\"><span class=\"labelWrapper\"><span>Marketplace</span></span></div>"}, {0805b8d7-6e2c-497c-b69c-26d3ecd4874e}, {0805b8d7-6e2c-497c-b69c-26d3ecd4874e}
04-26 00:13:10.394 I/Gecko   (   83): 1398496390406	Marionette	INFO	sendToClient: {"from":"0","value":"<div><img src=\"blob:3e88fc69-ebe5-443b-b401-b13ba0a91bb6\" style=\"visibility: visible;\" role=\"presentation\" height=\"64\" width=\"64\"><span class=\"labelWrapper\"><span>Calendar</span></span></div>"}, {22a3edd9-fe22-4928-a555-0ccb3126acff}, {22a3edd9-fe22-4928-a555-0ccb3126acff}
04-26 00:13:10.414 I/Gecko   (   83): 1398496390421	Marionette	INFO	sendToClient: {"from":"0","value":"<div><img src=\"blob:1f71da80-7146-41d3-b4ee-91a82faff29b\" style=\"visibility: visible;\" role=\"presentation\" height=\"64\" width=\"64\"><span class=\"labelWrapper\"><span>Clock</span></span></div>"}, {4c1f051f-46c0-4d1d-ac0e-b48310743b78}, {4c1f051f-46c0-4d1d-ac0e-b48310743b78}
04-26 00:13:10.444 I/Gecko   (   83): 1398496390448	Marionette	INFO	sendToClient: {"from":"0","value":"<div><img src=\"blob:4535249f-02af-4a84-83e0-19b96786cd3f\" style=\"visibility: visible;\" role=\"presentation\" height=\"64\" width=\"64\"><span class=\"labelWrapper\"><span>Usage</span></span></div>"}, {ed60f438-7f55-46dc-90b2-247eb4139755}, {ed60f438-7f55-46dc-90b2-247eb4139755}
04-26 00:13:10.454 I/Gecko   (   83): 1398496390464	Marionette	INFO	sendToClient: {"from":"0","value":"<div><img src=\"blob:d3774582-8ab4-46cd-9bf2-6257e8a68571\" style=\"visibility: visible;\" role=\"presentation\" height=\"64\" width=\"64\"><span class=\"labelWrapper\"><span>E-Mail</span></span></div>"}, {5eda442d-d816-4acf-86eb-a18235b7ba06}, {5eda442d-d816-4acf-86eb-a18235b7ba06}
04-26 00:13:10.484 I/Gecko   (   83): 1398496390491	Marionette	INFO	sendToClient: {"from":"0","value":"<div><img src=\"blob:dd2514a0-7657-4118-b61c-44998d018a05\" style=\"visibility: visible;\" role=\"presentation\" height=\"64\" width=\"64\"><span class=\"labelWrapper\"><span>Music</span></span></div>"}, {3750d2b8-7e71-412b-a070-a5a90eefb669}, {3750d2b8-7e71-412b-a070-a5a90eefb669}
04-26 00:13:10.504 I/Gecko   (   83): 1398496390507	Marionette	INFO	sendToClient: {"from":"0","value":"<div><img src=\"blob:74764854-aeea-4b46-b86c-f4aeaa5bd96b\" style=\"visibility: visible;\" role=\"presentation\" height=\"64\" width=\"64\"><span class=\"labelWrapper\"><span>Video</span></span></div>"}, {9512ca9a-4d7d-41f0-829c-03ba6bf11c51}, {9512ca9a-4d7d-41f0-829c-03ba6bf11c51}
04-26 00:13:10.514 I/Gecko   (   83): 1398496390519	Marionette	INFO	sendToClient: {"from":"0","value":"<div><img src=\"blob:20f44c5b-21a1-4a19-9a32-b6e75aecc0d0\" style=\"visibility: visible;\" role=\"presentation\" height=\"64\" width=\"64\"><span class=\"labelWrapper mask\"><span>GoldNuggets</span></span></div><span data-is-icon=\"true\" class=\"options\"></span>"}, {79c96dc3-c91c-4ebe-bb30-072d7e985d9c}, {79c96dc3-c91c-4ebe-bb30-072d7e985d9c}
04-26 00:13:10.544 I/Gecko   (   83): 1398496390551	Marionette	INFO	sendToClient: {"from":"0","value":"<div><img src=\"blob:c7784e04-4d79-4043-ab97-c802ff1b7dff\" style=\"visibility: visible;\" role=\"presentation\" height=\"64\" width=\"64\"><span class=\"labelWrapper mask\"><span>Space Shooter</span></span></div><span data-is-icon=\"true\" class=\"options\"></span>"}, {2e7c15fa-93ab-4d98-8919-9d0c3efaab26}, {2e7c15fa-93ab-4d98-8919-9d0c3efaab26}
04-26 00:13:10.564 I/Gecko   (   83): 1398496390567	Marionette	INFO	sendToClient: {"from":"0","value":"<div><img src=\"blob:8f761c40-c159-4859-8b73-dec7186e4ec5\" style=\"visibility: visible;\" role=\"presentation\" height=\"64\" width=\"64\"><span class=\"labelWrapper mask\"><span>Rebel Thumb</span></span></div><span data-is-icon=\"true\" class=\"options\"></span>"}, {00e7a59c-f498-4f4a-9dde-e9ce6edde366}, {00e7a59c-f498-4f4a-9dde-e9ce6edde366}
04-26 00:13:10.584 I/Gecko   (   83): 1398496390592	Marionette	INFO	sendToClient: {"from":"0","value":"<div><img src=\"blob:a698fcd0-c555-42ff-b150-a78347bf37d1\" style=\"visibility: visible;\" role=\"presentation\" height=\"64\" width=\"64\"><span class=\"labelWrapper\"><span>Social Share</span></span></div><span data-is-icon=\"true\" class=\"options\"></span>"}, {66a52faf-cb07-446b-a1f0-a7370f4c75ef}, {66a52faf-cb07-446b-a1f0-a7370f4c75ef}
04-26 00:13:10.594 I/Gecko   (   83): 1398496390606	Marionette	INFO	sendToClient: {"from":"0","value":"<div><img src=\"blob:55e06557-2ce4-44fd-887b-2d831c53f6c1\" style=\"visibility: visible;\" role=\"presentation\" height=\"64\" width=\"64\"><span class=\"labelWrapper\"><span>Phone</span></span></div>"}, {0488ed16-5918-419e-b425-19d3b8246bdd}, {0488ed16-5918-419e-b425-19d3b8246bdd}
04-26 00:13:10.614 I/Gecko   (   83): 1398496390623	Marionette	INFO	sendToClient: {"from":"0","value":"<div><img src=\"blob:093e2ebe-7b99-4b42-be03-863caf860775\" style=\"visibility: visible;\" role=\"presentation\" height=\"64\" width=\"64\"><span class=\"labelWrapper\"><span>Messages</span></span></div>"}, {cfe6ecc8-9396-430a-983d-ae8b866b7ad4}, {cfe6ecc8-9396-430a-983d-ae8b866b7ad4}
04-26 00:13:10.634 I/Gecko   (   83): 1398496390637	Marionette	INFO	sendToClient: {"from":"0","value":"<div><img src=\"blob:66676cd1-80eb-4bf5-a702-683874a62a4c\" style=\"visibility: visible;\" role=\"presentation\" height=\"64\" width=\"64\"><span class=\"labelWrapper\"><span>Contacts</span></span></div>"}, {f35e2bb7-c8ab-485c-baaf-30213ef66940}, {f35e2bb7-c8ab-485c-baaf-30213ef66940}
04-26 00:13:10.644 I/Gecko   (   83): 1398496390656	Marionette	INFO	sendToClient: {"from":"0","value":"<div><img src=\"blob:66e5f247-4add-49dd-ad98-1d22c6fd0b3b\" style=\"visibility: visible;\" role=\"presentation\" height=\"64\" width=\"64\"><span class=\"labelWrapper\"><span>Browser</span></span></div>"}, {0785cfab-a1d4-409c-ad0f-8b4a7433714a}, {0785cfab-a1d4-409c-ad0f-8b4a7433714a}
04-26 00:13:10.664 I/Gecko   (   83): 1398496390672	Marionette	INFO	sendToClient: {"from":"0","value":"app://homescreen.gaiamobile.org/index.html#root"}, {269f5043-d53d-4ecd-b9e1-4620aa3c7022}, {269f5043-d53d-4ecd-b9e1-4620aa3c7022}
04-26 00:13:10.684 I/Gecko   (   83): 1398496390694	Marionette	DEBUG	Got request: switchToFrame, data: {"to":"0","sessionId":"3-b2g","name":"switchToFrame","parameters":{"id":null,"focus":true}}, id: {7b9362e5-47dc-4cca-88d3-d50bacb70065}
04-26 00:13:10.714 I/Gecko   (   83): 1398496390721	Marionette	INFO	Switched to frame: {"frameValue":null}
04-26 00:13:10.734 E/Profiler( 5624): BEGIN mozilla_sampler_init
04-26 00:13:10.744 E/Profiler( 5624): BPUnw: [1 total] thread_register_for_profiling(me=0x40108488, stacktop=0xbedb69b7)
04-26 00:13:10.744 E/Profiler( 5624): SPS:
04-26 00:13:10.744 E/Profiler( 5624): SPS: Unwind mode       = pseudo
04-26 00:13:10.744 E/Profiler( 5624): SPS: Sampling interval = 0 ms (zero means "platform default")
04-26 00:13:10.744 E/Profiler( 5624): SPS: Entry store size  = 0 (zero means "platform default")
04-26 00:13:10.744 E/Profiler( 5624): SPS: UnwindStackScan   = 0 (max dubious frames per unwind).
04-26 00:13:10.744 E/Profiler( 5624): SPS: Use env var MOZ_PROFILER_MODE=help for further information.
04-26 00:13:10.744 E/Profiler( 5624): SPS:
04-26 00:13:10.744 E/Profiler( 5624): Registering start signal
04-26 00:13:10.964 I/Gecko   (   83): 1398496390967	Marionette	INFO	sendToClient: {"from":"0","ok":true}, {7b9362e5-47dc-4cca-88d3-d50bacb70065}, {7b9362e5-47dc-4cca-88d3-d50bacb70065}
04-26 00:13:10.974 I/Gecko   (   83): 1398496390984	Marionette	DEBUG	Got request: switchToFrame, data: {"to":"0","sessionId":"3-b2g","name":"switchToFrame","parameters":{"id":null,"focus":true}}, id: {39263d7c-be47-49aa-ab5a-da718f1320e3}
04-26 00:13:10.984 I/Gecko   (   83): 1398496390989	Marionette	INFO	Switched to frame: {"frameValue":null}
04-26 00:13:11.094 I/Gecko   (   83): 1398496391098	Marionette	INFO	sendToClient: {"from":"0","ok":true}, {39263d7c-be47-49aa-ab5a-da718f1320e3}, {39263d7c-be47-49aa-ab5a-da718f1320e3}
04-26 00:13:11.094 I/Gecko   (   83): 1398496391105	Marionette	DEBUG	Got request: executeWithCallback, data: {"to":"0","sessionId":"3-b2g","name":"executeAsyncScript","parameters":{"specialPowers":false,"scriptTimeout":30000,"newSandbox":true,"args":[],"filename":"app_checker.py","script":"GaiaApps.launchWithManifestURL('http://divelapps.appspot.com/socialshare.webapp')","line":106}}, id: {6e19b373-65c8-4bfb-abff-ac0e74e34345}
04-26 00:13:11.434 E/GeckoConsole( 5624): Could not read chrome manifest 'file:///system/b2g/chrome.manifest'.
04-26 00:13:11.564 W/WifiHW  (   83): wifi_command: SIGNAL_POLL
04-26 00:13:11.774 E/GeckoConsole(   83): Content JS LOG at dummy file:334 in GaiaApps.launch: launching app with name 'Social Share'
04-26 00:13:12.414 I/Gonk    (   83): Setting nice for pid 5588 to 18
04-26 00:13:12.414 I/Gonk    (   83): Changed nice for pid 5588 from 18 to 18.
04-26 00:13:12.414 I/Gecko   (   83): [Parent 83] WARNING: waitpid failed pid:5588 errno:10: file ../../../gecko/ipc/chromium/src/base/process_util_posix.cc, line 254
04-26 00:13:12.484 I/Gonk    (   83): Setting nice for pid 5588 to 1
04-26 00:13:12.484 I/Gonk    (   83): Changed nice for pid 5588 from 18 to 1.
04-26 00:13:13.454 D/Sensors (   83): activate handle=0; drv=0
04-26 00:13:13.454 D/Sensors (   83): Lis3dhSensor: Control set 1
04-26 00:13:13.454 D/Sensors (   83): Lis3dhSensor: mEnabled = 1
04-26 00:13:13.954 I/Gonk    (   83): Setting nice for pid 5559 to 18
04-26 00:13:13.954 I/Gonk    (   83): Changed nice for pid 5559 from 1 to 18.
04-26 00:13:15.354 I/Gonk    (   83): Setting nice for pid 5634 to 18
04-26 00:13:15.354 I/Gonk    (   83): Changed nice for pid 5634 from 0 to 18.
04-26 00:13:15.384 I/Gecko   ( 5588): ###################################### forms.js loaded
04-26 00:13:15.524 I/Gecko   ( 5588): ############################### browserElementPanning.js loaded
04-26 00:13:15.564 I/Gecko   ( 5588): ######################## BrowserElementChildPreload.js loaded
04-26 00:13:15.764 I/Gecko   (   83): [Parent 83] WARNING: pipe error (121): Connection reset by peer: file ../../../gecko/ipc/chromium/src/chrome/common/ipc_channel_posix.cc, line 446
04-26 00:13:15.764 I/Gecko   (   83): 
04-26 00:13:15.764 I/Gecko   (   83): ###!!! [Parent][MessageChannel] Error: Channel error: cannot send/recv
04-26 00:13:15.764 I/Gecko   (   83): 
04-26 00:13:15.794 E/GeckoConsole(   83): [JavaScript Error: "[Exception... "Component returned failure code: 0x80070057 (NS_ERROR_ILLEGAL_VALUE) [nsIXPCComponents_Utils.isDeadWrapper]"  nsresult: "0x80070057 (NS_ERROR_ILLEGAL_VALUE)"  location: "JS frame :: resource://gre/modules/BrowserElementParent.jsm :: BrowserElementParent.prototype._isAlive :: line 34"  data: no]" {file: "resource://gre/modules/BrowserElementParent.jsm" line: 34}]
04-26 00:13:15.894 I/Gecko   (   83): [Parent 83] WARNING: waitpid failed pid:5559 errno:10: file ../../../gecko/ipc/chromium/src/base/process_util_posix.cc, line 254
04-26 00:13:16.584 W/WifiHW  (   83): wifi_command: SIGNAL_POLL
04-26 00:13:16.914 E/GeckoConsole( 5588): [JavaScript Warning: "Unknown property '-moz-background-size'.  Declaration dropped." {file: "http://divelapps.appspot.com/socialshare.css" line: 7 column: 28 source: "        -moz-background-size: cover;"}]
04-26 00:13:17.914 I/Gecko   (   83): [Parent 83] WARNING: waitpid failed pid:5559 errno:10: file ../../../gecko/ipc/chromium/src/base/process_util_posix.cc, line 254
04-26 00:13:17.914 I/Gecko   (   83): [Parent 83] WARNING: Failed to deliver SIGKILL to 5559!(3).: file ../../../gecko/ipc/chromium/src/chrome/common/process_watcher_posix_sigchld.cc, line 118
04-26 00:13:19.624 E/GeckoConsole( 5588): [JavaScript Error: "TypeError: window.external is undefined" {file: "http://divelapps.appspot.com/socialshare.js" line: 44}]
04-26 00:13:19.734 I/Gonk    (   83): Setting nice for pid 5634 to 18
04-26 00:13:19.734 I/Gonk    (   83): Changed nice for pid 5634 from 18 to 18.
04-26 00:13:19.734 I/Gecko   (   83): [Parent 83] WARNING: waitpid failed pid:5634 errno:10: file ../../../gecko/ipc/chromium/src/base/process_util_posix.cc, line 254
04-26 00:13:19.774 I/Gonk    (   83): Setting nice for pid 5634 to 1
04-26 00:13:19.774 I/Gonk    (   83): Changed nice for pid 5634 from 18 to 1.
04-26 00:13:19.794 I/Gonk    (   83): Setting nice for pid 5634 to 18
04-26 00:13:19.794 I/Gonk    (   83): Changed nice for pid 5634 from 1 to 18.
04-26 00:13:20.134 E/GeckoConsole(   83): Content JS LOG at dummy file:326 in GaiaApps.launch/appOpen/<: app with origin 'http://divelapps.appspot.com' has launched
04-26 00:13:20.144 I/Gecko   (   83): 1398496400149	Marionette	INFO	sendToClient: {"from":"0","value":{"frame":{"ELEMENT":"{3edd54e5-98c8-43f0-910e-3828e2cf6715}"},"src":"http://divelapps.appspot.com/socialshare.html","name":"Social Share","origin":"http://divelapps.appspot.com"}}, {6e19b373-65c8-4bfb-abff-ac0e74e34345}, {6e19b373-65c8-4bfb-abff-ac0e74e34345}
04-26 00:13:20.184 I/Gecko   (   83): 1398496400192	Marionette	DEBUG	Got request: switchToFrame, data: {"to":"0","sessionId":"3-b2g","name":"switchToFrame","parameters":{"focus":true,"element":"{3edd54e5-98c8-43f0-910e-3828e2cf6715}"}}, id: {85cb8b57-fd71-4fc6-9857-9df64fc446b0}
04-26 00:13:20.204 I/Gecko   (   83): 1398496400210	Marionette	INFO	Switched to frame: {"frameValue":"{3edd54e5-98c8-43f0-910e-3828e2cf6715}"}
04-26 00:13:20.204 I/Gecko   (   83): 1398496400215	Marionette	INFO	trying remote frame 0
04-26 00:13:20.214 I/Gecko   (   83): 1398496400217	Marionette	INFO	trying remote frame 1
04-26 00:13:20.224 I/Gecko   (   83): 1398496400229	Marionette	INFO	trying remote frame 2
04-26 00:13:20.224 I/Gecko   (   83): 1398496400231	Marionette	INFO	trying remote frame 3
04-26 00:13:20.224 I/Gecko   (   83): 1398496400232	Marionette	INFO	trying remote frame 4
04-26 00:13:20.224 I/Gecko   (   83): 1398496400234	Marionette	INFO	trying remote frame 5
04-26 00:13:20.224 I/Gecko   (   83): 1398496400235	Marionette	INFO	trying remote frame 6
04-26 00:13:20.224 I/Gecko   (   83): 1398496400236	Marionette	INFO	trying remote frame 7
04-26 00:13:20.234 I/Gecko   (   83): 1398496400237	Marionette	INFO	trying remote frame 8
04-26 00:13:20.234 I/Gecko   (   83): 1398496400238	Marionette	INFO	trying remote frame 9
04-26 00:13:20.234 I/Gecko   (   83): 1398496400241	Marionette	INFO	trying remote frame 10
04-26 00:13:20.234 I/Gecko   (   83): 1398496400242	Marionette	INFO	trying remote frame 11
04-26 00:13:20.234 I/Gecko   (   83): 1398496400243	Marionette	INFO	trying remote frame 12
04-26 00:13:20.244 I/Gecko   (   83): 1398496400250	Marionette	INFO	deleting frame
04-26 00:13:20.254 I/Gecko   (   83): 1398496400256	Marionette	INFO	frame-manager load script: [object ChromeMessageSender]
04-26 00:13:20.904 I/Gecko   (   83): 
04-26 00:13:20.904 I/Gecko   (   83): ###!!! [Parent][MessageChannel] Error: Channel error: cannot send/recv
04-26 00:13:20.904 I/Gecko   (   83): 
04-26 00:13:20.934 E/GeckoConsole(   83): [JavaScript Error: "[Exception... "Component returned failure code: 0x80070057 (NS_ERROR_ILLEGAL_VALUE) [nsIXPCComponents_Utils.isDeadWrapper]"  nsresult: "0x80070057 (NS_ERROR_ILLEGAL_VALUE)"  location: "JS frame :: resource://gre/modules/BrowserElementParent.jsm :: BrowserElementParent.prototype._isAlive :: line 34"  data: no]" {file: "resource://gre/modules/BrowserElementParent.jsm" line: 34}]
