--------- beginning of /dev/log/system
04-27 14:02:34.410 I/Vold    (   77): Vold 2.1 (the revenge) firing up
04-27 14:02:34.480 D/Vold    (   77): Volume sdcard state changing -1 (Initializing) -> 0 (No-Media)
04-27 14:02:39.420 D/VoldCmdListener(   77): volume list
--------- beginning of /dev/log/main
04-27 14:02:40.420 I/InputReader(   83): Device added: id=-1, name='Virtual', sources=0x00000301
04-27 14:02:40.420 I/InputReader(   83): Device reconfigured: id=6, name='ms-msg21xx', size 320x480, orientation 0, mode 1, display id 0
04-27 14:02:40.420 I/InputReader(   83): Device added: id=6, name='ms-msg21xx', sources=0x00001103
04-27 14:02:40.420 I/InputReader(   83): Device added: id=0, name='sprd-keypad', sources=0x00000101
04-27 14:02:40.420 I/InputReader(   83): Device added: id=2, name='headset-keyboard', sources=0x00000101
04-27 14:02:40.810 D/BTWIFIMAC(   93): read_btwifimac_from_modem
04-27 14:02:40.820 D/BTWIFIMAC(   93): read_btwifimac_from_modem modem_fd=7
04-27 14:02:40.820 D/BTWIFIMAC(   93): ===========BT MAC===========
04-27 14:02:40.820 D/BTWIFIMAC(   93): read_btwifimac_from_modem: send 39,1,AT+SNVM=0,401
04-27 14:02:40.820 D/BTWIFIMAC(   93): send_to_modem
04-27 14:02:40.820 D/BTWIFIMAC(   93): recv_from_modem: Waiting modem response ... fd=7
04-27 14:02:40.820 D/SPRDENG (  165): eng_servermodem_comm: use SIM1 /dev/CHNPTY13
04-27 14:02:40.820 D/SPRDENG (  165): AT > AT+SNVM=0,401
04-27 14:02:40.820 D/SPRDENG (  165): 41
04-27 14:02:40.820 D/SPRDENG (  165): 54
04-27 14:02:40.820 D/SPRDENG (  165): 2b
04-27 14:02:40.820 D/SPRDENG (  165): 53
04-27 14:02:40.820 D/SPRDENG (  165): 4e
04-27 14:02:40.820 D/SPRDENG (  165): 56
04-27 14:02:40.820 D/SPRDENG (  165): 4d
04-27 14:02:40.820 D/SPRDENG (  165): 3d
04-27 14:02:40.820 D/SPRDENG (  165): 30
04-27 14:02:40.820 D/SPRDENG (  165): 2c
04-27 14:02:40.820 D/SPRDENG (  165): 34
04-27 14:02:40.820 D/SPRDENG (  165): 30
04-27 14:02:40.820 D/SPRDENG (  165): 31
04-27 14:02:40.820 D/SPRDENG (  165): eng_modem2server: use SIM1 /dev/CHNPTY13
04-27 14:02:40.820 D/SPRDENG (  165): AT < 
04-27 14:02:40.820 D/SPRDENG (  165): +SNVM: 8,FFFFFFFFFFFF2500
04-27 14:02:40.820 D/SPRDENG (  165): 
04-27 14:02:40.820 D/SPRDENG (  165): OK
04-27 14:02:40.820 D/SPRDENG (  165): 
04-27 14:02:40.820 D/BTWIFIMAC(   93): recv_from_modem: Receive 1 Modem Response
04-27 14:02:40.820 D/BTWIFIMAC(   93): read_btwifimac_from_modem: BT timeout=35, response=
04-27 14:02:40.820 D/BTWIFIMAC(   93): +SNVM: 8,FFFFFFFFFFFF2500
04-27 14:02:40.820 D/BTWIFIMAC(   93): 
04-27 14:02:40.820 D/BTWIFIMAC(   93): OK
04-27 14:02:40.820 D/BTWIFIMAC(   93): 
04-27 14:02:40.920 D/BTWIFIMAC(   93): get_macaddress: mac address is FF:FF:FF:FF:FF:FF
04-27 14:02:40.920 D/BTWIFIMAC(   93): ===========WIFI MAC===========
04-27 14:02:40.920 D/BTWIFIMAC(   93): read_btwifimac_from_modem: send 39,1,AT+SNVM=0,409
04-27 14:02:40.920 D/BTWIFIMAC(   93): send_to_modem
04-27 14:02:40.920 D/BTWIFIMAC(   93): recv_from_modem: Waiting modem response ... fd=7
04-27 14:02:40.920 D/SPRDENG (  165): eng_servermodem_comm: use SIM1 /dev/CHNPTY13
04-27 14:02:40.920 D/SPRDENG (  165): AT > AT+SNVM=0,409
04-27 14:02:40.920 D/SPRDENG (  165): 41
04-27 14:02:40.920 D/SPRDENG (  165): 54
04-27 14:02:40.920 D/SPRDENG (  165): 2b
04-27 14:02:40.920 D/SPRDENG (  165): 53
04-27 14:02:40.920 D/SPRDENG (  165): 4e
04-27 14:02:40.920 D/SPRDENG (  165): 56
04-27 14:02:40.920 D/SPRDENG (  165): 4d
04-27 14:02:40.920 D/SPRDENG (  165): 3d
04-27 14:02:40.920 D/SPRDENG (  165): 30
04-27 14:02:40.920 D/SPRDENG (  165): 2c
04-27 14:02:40.920 D/SPRDENG (  165): 34
04-27 14:02:40.920 D/SPRDENG (  165): 30
04-27 14:02:40.920 D/SPRDENG (  165): 39
04-27 14:02:40.920 D/SPRDENG (  165): eng_modem2server: use SIM1 /dev/CHNPTY13
04-27 14:02:40.920 D/SPRDENG (  165): AT < 
04-27 14:02:40.920 D/SPRDENG (  165): +SNVM: 20,FFFFFFFFFFFF0000000000000000000000000000
04-27 14:02:40.920 D/SPRDENG (  165): 
04-27 14:02:40.920 D/SPRDENG (  165): OK
04-27 14:02:40.920 D/SPRDENG (  165): 
04-27 14:02:40.920 D/BTWIFIMAC(   93): recv_from_modem: Receive 1 Modem Response
04-27 14:02:40.920 D/BTWIFIMAC(   93): read_btwifimac_from_modem: WIFI timeout=60, response=
04-27 14:02:40.920 D/BTWIFIMAC(   93): +SNVM: 20,FFFFFFFFFFFF0000000000000000000000000000
04-27 14:02:40.920 D/BTWIFIMAC(   93): 
04-27 14:02:40.920 D/BTWIFIMAC(   93): OK
04-27 14:02:40.920 D/BTWIFIMAC(   93): 
04-27 14:02:40.920 D/BTWIFIMAC(   93): get_macaddress: mac address is FF:FF:FF:FF:FF:FF
04-27 14:02:40.920 D/BTWIFIMAC(   93): bt_ok:0 wifi_ok:0 
04-27 14:02:40.920 D/BTWIFIMAC(   93): +mac_rand+
04-27 14:02:40.920 D/BTWIFIMAC(   93): mac_rand: /data/rand_mac.txt exists
04-27 14:02:40.920 D/BTWIFIMAC(   93): mac_rand: read /data/rand_mac.txt 00:c3:87:02:74:d3;00:b2:8b:a3:d0:dd
04-27 14:02:40.920 D/BTWIFIMAC(   93): mac_rand: read btmac=00:c3:87:02:74:d3, wifimac=00:b2:8b:a3:d0:dd
04-27 14:02:40.920 D/BTWIFIMAC(   93): property ro.mac.wifi=00:b2:8b:a3:d0:dd, ro.mac.bluetooth=00:c3:87:02:74:d3
04-27 14:02:40.920 D/BTWIFIMAC(   93): write_mac2file: mac=00:b2:8b:a3:d0:dd, fd[/data/wifimac.txt]=9
04-27 14:02:40.920 D/BTWIFIMAC(   93): write_mac2file: mac=00:c3:87:02:74:d3, fd[/data/btmac.txt]=9
04-27 14:02:40.930 D/BTWIFIMAC(   93): begin to run  trout_genpskey
04-27 14:02:40.930 D/BTWIFIMAC(   93): run trout_genpskey, ret=0
04-27 14:02:40.960 D/pskey_bt(  327): set BT mac
04-27 14:02:40.960 D/pskey_bt(  327): main, bt_mac from nv:
04-27 14:02:40.960 D/pskey_bt(  327): get_pskey_from_file
04-27 14:02:40.960 D/pskey_bt(  327): open bt pskey structure file fd=7
04-27 14:02:40.960 D/pskey_bt(  327): buf from pskey file:2048
04-27 14:02:40.970 D/pskey_bt(  327): parser_pskey_info
04-27 14:02:40.970 D/pskey_bt(  327): char:0, 0
04-27 14:02:40.980 D/pskey_bt(  327): get_one_item(data) = 0x0
04-27 14:02:40.980 D/pskey_bt(  327): get_next_u8: here:0
04-27 14:02:40.980 D/pskey_bt(  327): char:1, 1
04-27 14:02:40.980 D/pskey_bt(  327): get_one_item(data) = 0x1
04-27 14:02:40.980 D/pskey_bt(  327): get_next_u8: here:1
04-27 14:02:40.980 D/pskey_bt(  327): char:1, 1
04-27 14:02:40.980 D/pskey_bt(  327): get_one_item(data) = 0x1
04-27 14:02:40.980 D/pskey_bt(  327): get_next_u8: here:1
04-27 14:02:40.980 D/pskey_bt(  327): char:1, 1
04-27 14:02:40.980 D/pskey_bt(  327): get_one_item(data) = 0x1
04-27 14:02:40.980 D/pskey_bt(  327): get_next_u8: here:1
04-27 14:02:40.980 D/pskey_bt(  327): char:0, 0
04-27 14:02:40.980 D/pskey_bt(  327): char:1, 1
04-27 14:02:40.980 D/pskey_bt(  327): char:8, 8
04-27 14:02:40.980 D/pskey_bt(  327): char:C, C
04-27 14:02:40.980 D/pskey_bt(  327): char:B, B
04-27 14:02:40.980 D/pskey_bt(  327): char:A, A
04-27 14:02:40.980 D/pskey_bt(  327): char:8, 8
04-27 14:02:40.980 D/pskey_bt(  327): char:0, 0
04-27 14:02:40.980 D/pskey_bt(  327): get_one_item(data) = 0x18cba80
04-27 14:02:40.980 D/pskey_bt(  327): get_next_u32: here:18cba80
04-27 14:02:40.980 D/pskey_bt(  327): char:1, 1
04-27 14:02:40.980 D/pskey_bt(  327): char:f, f
04-27 14:02:40.980 D/pskey_bt(  327): char:0, 0
04-27 14:02:40.980 D/pskey_bt(  327): char:0, 0
04-27 14:02:40.980 D/pskey_bt(  327): get_one_item(data) = 0x1f00
04-27 14:02:40.980 D/pskey_bt(  327): get_next_u32: here:1f00
04-27 14:02:40.980 D/pskey_bt(  327): char:1, 1
04-27 14:02:40.980 D/pskey_bt(  327): char:E, E
04-27 14:02:40.980 D/pskey_bt(  327): get_one_item(data) = 0x1e
04-27 14:02:40.980 D/pskey_bt(  327): get_next_u32: here:1e
04-27 14:02:40.980 D/pskey_bt(  327): char:7, 7
04-27 14:02:40.980 D/pskey_bt(  327): char:B, B
04-27 14:02:40.980 D/pskey_bt(  327): char:0, 0
04-27 14:02:40.980 D/pskey_bt(  327): char:0, 0
04-27 14:02:40.980 D/pskey_bt(  327): char:7, 7
04-27 14:02:40.980 D/pskey_bt(  327): char:C, C
04-27 14:02:40.980 D/pskey_bt(  327): get_one_item(data) = 0x7b007c
04-27 14:02:40.980 D/pskey_bt(  327): get_next_u32: here:7b007c
04-27 14:02:40.980 D/pskey_bt(  327): char:3, 3
04-27 14:02:40.980 D/pskey_bt(  327): char:7, 7
04-27 14:02:40.980 D/pskey_bt(  327): char:0, 0
04-27 14:02:40.980 D/pskey_bt(  327): char:0, 0
04-27 14:02:40.980 D/pskey_bt(  327): char:7, 7
04-27 14:02:40.980 D/pskey_bt(  327): char:A, A
04-27 14:02:40.980 D/pskey_bt(  327): get_one_item(data) = 0x37007a
04-27 14:02:40.980 D/pskey_bt(  327): get_next_u32: here:37007a
04-27 14:02:40.980 D/pskey_bt(  327): char:3, 3
04-27 14:02:40.980 D/pskey_bt(  327): char:5, 5
04-27 14:02:40.980 D/pskey_bt(  327): char:0, 0
04-27 14:02:40.980 D/pskey_bt(  327): char:0, 0
04-27 14:02:40.980 D/pskey_bt(  327): char:3, 3
04-27 14:02:40.980 D/pskey_bt(  327): char:6, 6
04-27 14:02:40.980 D/pskey_bt(  327): get_one_item(data) = 0x350036
04-27 14:02:40.980 D/pskey_bt(  327): get_next_u32: here:350036
04-27 14:02:40.980 D/pskey_bt(  327): char:2, 2
04-27 14:02:40.980 D/pskey_bt(  327): char:9, 9
04-27 14:02:40.980 D/pskey_bt(  327): char:0, 0
04-27 14:02:40.980 D/pskey_bt(  327): char:0, 0
04-27 14:02:40.980 D/pskey_bt(  327): char:3, 3
04-27 14:02:40.980 D/pskey_bt(  327): char:4, 4
04-27 14:02:40.980 D/pskey_bt(  327): get_one_item(data) = 0x290034
04-27 14:02:40.980 D/pskey_bt(  327): get_next_u32: here:290034
04-27 14:02:40.980 D/pskey_bt(  327): char:0, 0
04-27 14:02:40.980 D/pskey_bt(  327): char:A, A
04-27 14:02:40.980 D/pskey_bt(  327): char:0, 0
04-27 14:02:40.980 D/pskey_bt(  327): char:0, 0
04-27 14:02:40.980 D/pskey_bt(  327): char:2, 2
04-27 14:02:40.980 D/pskey_bt(  327): char:8, 8
04-27 14:02:40.980 D/pskey_bt(  327): get_one_item(data) = 0xa0028
04-27 14:02:40.980 D/pskey_bt(  327): get_next_u32: here:a0028
04-27 14:02:40.980 D/pskey_bt(  327): char:0, 0
04-27 14:02:40.980 D/pskey_bt(  327): char:0, 0
04-27 14:02:40.980 D/pskey_bt(  327): char:0, 0
04-27 14:02:40.980 D/pskey_bt(  327): char:6, 6
04-27 14:02:40.980 D/pskey_bt(  327): char:0, 0
04-27 14:02:40.980 D/pskey_bt(  327): char:0, 0
04-27 14:02:40.980 D/pskey_bt(  327): char:0, 0
04-27 14:02:40.980 D/pskey_bt(  327): char:9, 9
04-27 14:02:40.980 D/pskey_bt(  327): get_one_item(data) = 0x60009
04-27 14:02:40.980 D/pskey_bt(  327): get_next_u32: here:60009
04-27 14:02:40.980 D/pskey_bt(  327): end of buff, str=},
04-27 14:02:40.980 D/pskey_bt(  327): {0x0B,0x0A,0x09, 0x08, 0x07},
04-27 14:02:40.980 D/pskey_bt(  327): {0xFF, 0xFF, 0x8D, 0xFE, 0x9B, 0x3F, 0x79, 0x83,
04-27 14:02:40.980 D/pskey_bt(  327):   0xFF, 0xA7, 0xFF, 0x7F, 0x00, 0xE0, 0xF7, 0x3E},
04-27 14:02:40.980 D/pskey_bt(  327): {0xFF, 0xFF, 0xFF, 0xFF, 0xFF, 0xFF},
04-27 14:02:40.980 D/pskey_bt(  327): 0,
04-27 14:02:40.980 D/pskey_bt(  327): 1,
04-27 14:02:40.980 D/pskey_bt(  327): 5,
04-27 14:02:40.980 D/pskey_bt(  327): 0xE,
04-27 14:02:40.980 D/pskey_bt(  327): 1,
04-27 14:02:40.980 D/pskey_bt(  327): 1,
04-27 14:02:40.980 D/pskey_bt(  327): 0x50000000,
04-27 14:02:40.980 D/pskey_bt(  327): 0x50000150,
04-27 14:02:40.980 D/pskey_bt(  327): 0x50000150,
04-27 14:02:40.980 D/pskey_bt(  327): 0x50000154,
04-27 14:02:40.980 D/pskey_bt(  327): 0xFFFFFFFF,
04-27 14:02:40.980 D/pskey_bt(  327): 0x100,
04-27 14:02:40.980 D/pskey_bt(  327): 0xA0,
04-27 14:02:40.980 D/pskey_bt(  327): 0xDC,
04-27 14:02:40.980 D/pskey_bt(  327): 0x20,
04-27 14:02:40.980 D/pskey_bt(  327): 0x55,
04-27 14:02:40.980 D/pskey_bt(  327): 0x64,
04-27 14:02:40.980 D/pskey_bt(  327): 0,
04-27 14:02:40.980 D/pskey_bt(  327): 0x8,
04-27 14:02:40.980 D/pskey_bt(  327): 0x13C,
04-27 14:02:40.980 D/pskey_bt(  327): 0x2,
04-27 14:02:40.980 D/pskey_bt(  327): 0xD704,
04-27 14:02:40.980 D/pskey_bt(  327): 0x88888888,
04-27 14:02:40.980 D/pskey_bt(  327): 0x6,
04-27 14:02:40.980 D/pskey_bt(  327): 0x0,
04-27 14:02:40.980 D/pskey_bt(  327): {0x0001,0x0000,0x0000,0x0000,0x0000,0x0000,0x0000,0x0000,0x0000
04-27 14:02:40.980 D/pskey_bt(  327): char:0, 0
04-27 14:02:40.980 D/pskey_bt(  327): char:B, B
04-27 14:02:40.980 D/pskey_bt(  327): get_one_item(data) = 0xb
04-27 14:02:40.980 D/pskey_bt(  327): get_next_u32: here:b
04-27 14:02:40.980 D/pskey_bt(  327): char:0, 0
04-27 14:02:40.980 D/pskey_bt(  327): char:A, A
04-27 14:02:40.980 D/pskey_bt(  327): get_one_item(data) = 0xa
04-27 14:02:40.980 D/pskey_bt(  327): get_next_u32: here:a
04-27 14:02:40.980 D/pskey_bt(  327): char:0, 0
04-27 14:02:40.980 D/pskey_bt(  327): char:9, 9
04-27 14:02:40.980 D/pskey_bt(  327): get_one_item(data) = 0x9
04-27 14:02:40.980 D/pskey_bt(  327): get_next_u32: here:9
04-27 14:02:40.980 D/pskey_bt(  327): char:0, 0
04-27 14:02:40.980 D/pskey_bt(  327): char:8, 8
04-27 14:02:40.980 D/pskey_bt(  327): get_one_item(data) = 0x8
04-27 14:02:40.980 D/pskey_bt(  327): get_next_u32: here:8
04-27 14:02:40.980 D/pskey_bt(  327): char:0, 0
04-27 14:02:40.980 D/pskey_bt(  327): char:7, 7
04-27 14:02:40.980 D/pskey_bt(  327): get_one_item(data) = 0x7
04-27 14:02:40.980 D/pskey_bt(  327): get_next_u32: here:7
04-27 14:02:40.980 D/pskey_bt(  327): end of buff, str=},
04-27 14:02:40.980 D/pskey_bt(  327): {0xFF, 0xFF, 0x8D, 0xFE, 0x9B, 0x3F, 0x79, 0x83,
04-27 14:02:40.980 D/pskey_bt(  327):   0xFF, 0xA7, 0xFF, 0x7F, 0x00, 0xE0, 0xF7, 0x3E},
04-27 14:02:40.980 D/pskey_bt(  327): {0xFF, 0xFF, 0xFF, 0xFF, 0xFF, 0xFF},
04-27 14:02:40.980 D/pskey_bt(  327): 0,
04-27 14:02:40.980 D/pskey_bt(  327): 1,
04-27 14:02:40.980 D/pskey_bt(  327): 5,
04-27 14:02:40.980 D/pskey_bt(  327): 0xE,
04-27 14:02:40.980 D/pskey_bt(  327): 1,
04-27 14:02:40.980 D/pskey_bt(  327): 1,
04-27 14:02:40.980 D/pskey_bt(  327): 0x50000000,
04-27 14:02:40.980 D/pskey_bt(  327): 0x50000150,
04-27 14:02:40.980 D/pskey_bt(  327): 0x50000150,
04-27 14:02:40.980 D/pskey_bt(  327): 0x50000154,
04-27 14:02:40.980 D/pskey_bt(  327): 0xFFFFFFFF,
04-27 14:02:40.980 D/pskey_bt(  327): 0x100,
04-27 14:02:40.980 D/pskey_bt(  327): 0xA0,
04-27 14:02:40.980 D/pskey_bt(  327): 0xDC,
04-27 14:02:40.980 D/pskey_bt(  327): 0x20,
04-27 14:02:40.980 D/pskey_bt(  327): 0x55,
04-27 14:02:40.980 D/pskey_bt(  327): 0x64,
04-27 14:02:40.980 D/pskey_bt(  327): 0,
04-27 14:02:40.980 D/pskey_bt(  327): 0x8,
04-27 14:02:40.980 D/pskey_bt(  327): 0x13C,
04-27 14:02:40.980 D/pskey_bt(  327): 0x2,
04-27 14:02:40.980 D/pskey_bt(  327): 0xD704,
04-27 14:02:40.980 D/pskey_bt(  327): 0x88888888,
04-27 14:02:40.980 D/pskey_bt(  327): 0x6,
04-27 14:02:40.980 D/pskey_bt(  327): 0x0,
04-27 14:02:40.980 D/pskey_bt(  327): {0x0001,0x0000,0x0000,0x0000,0x0000,0x0000,0x0000,0x0000,0x0000
04-27 14:02:40.980 D/pskey_bt(  327): char:F, F
04-27 14:02:40.980 D/pskey_bt(  327): char:F, F
04-27 14:02:40.980 D/pskey_bt(  327): get_one_item(data) = 0xff
04-27 14:02:40.980 D/pskey_bt(  327): get_next_u8: here:ff
04-27 14:02:40.980 D/pskey_bt(  327): char:F, F
04-27 14:02:40.980 D/pskey_bt(  327): char:F, F
04-27 14:02:40.980 D/pskey_bt(  327): get_one_item(data) = 0xff
04-27 14:02:40.980 D/pskey_bt(  327): get_next_u8: here:ff
04-27 14:02:40.980 D/pskey_bt(  327): char:8, 8
04-27 14:02:40.980 D/pskey_bt(  327): char:D, D
04-27 14:02:40.980 D/pskey_bt(  327): get_one_item(data) = 0x8d
04-27 14:02:40.980 D/pskey_bt(  327): get_next_u8: here:8d
04-27 14:02:40.980 D/pskey_bt(  327): char:F, F
04-27 14:02:40.980 D/pskey_bt(  327): char:E, E
04-27 14:02:40.980 D/pskey_bt(  327): get_one_item(data) = 0xfe
04-27 14:02:40.980 D/pskey_bt(  327): get_next_u8: here:fe
04-27 14:02:40.980 D/pskey_bt(  327): char:9, 9
04-27 14:02:40.980 D/pskey_bt(  327): char:B, B
04-27 14:02:40.980 D/pskey_bt(  327): get_one_item(data) = 0x9b
04-27 14:02:40.980 D/pskey_bt(  327): get_next_u8: here:9b
04-27 14:02:40.980 D/pskey_bt(  327): char:3, 3
04-27 14:02:40.980 D/pskey_bt(  327): char:F, F
04-27 14:02:40.980 D/pskey_bt(  327): get_one_item(data) = 0x3f
04-27 14:02:40.980 D/pskey_bt(  327): get_next_u8: here:3f
04-27 14:02:40.980 D/pskey_bt(  327): char:7, 7
04-27 14:02:40.980 D/pskey_bt(  327): char:9, 9
04-27 14:02:40.980 D/pskey_bt(  327): get_one_item(data) = 0x79
04-27 14:02:40.980 D/pskey_bt(  327): get_next_u8: here:79
04-27 14:02:40.980 D/pskey_bt(  327): char:8, 8
04-27 14:02:40.980 D/pskey_bt(  327): char:3, 3
04-27 14:02:40.980 D/pskey_bt(  327): get_one_item(data) = 0x83
04-27 14:02:40.980 D/pskey_bt(  327): get_next_u8: here:83
04-27 14:02:40.980 D/pskey_bt(  327): char:F, F
04-27 14:02:40.980 D/pskey_bt(  327): char:F, F
04-27 14:02:40.980 D/pskey_bt(  327): get_one_item(data) = 0xff
04-27 14:02:40.980 D/pskey_bt(  327): get_next_u8: here:ff
04-27 14:02:40.980 D/pskey_bt(  327): char:A, A
04-27 14:02:40.980 D/pskey_bt(  327): char:7, 7
04-27 14:02:40.980 D/pskey_bt(  327): get_one_item(data) = 0xa7
04-27 14:02:40.980 D/pskey_bt(  327): get_next_u8: here:a7
04-27 14:02:40.980 D/pskey_bt(  327): char:F, F
04-27 14:02:40.980 D/pskey_bt(  327): char:F, F
04-27 14:02:40.980 D/pskey_bt(  327): get_one_item(data) = 0xff
04-27 14:02:40.980 D/pskey_bt(  327): get_next_u8: here:ff
04-27 14:02:40.980 D/pskey_bt(  327): char:7, 7
04-27 14:02:40.980 D/pskey_bt(  327): char:F, F
04-27 14:02:40.980 D/pskey_bt(  327): get_one_item(data) = 0x7f
04-27 14:02:40.980 D/pskey_bt(  327): get_next_u8: here:7f
04-27 14:02:40.980 D/pskey_bt(  327): char:0, 0
04-27 14:02:40.980 D/pskey_bt(  327): char:0, 0
04-27 14:02:40.980 D/pskey_bt(  327): get_one_item(data) = 0x0
04-27 14:02:40.980 D/pskey_bt(  327): get_next_u8: here:0
04-27 14:02:40.980 D/pskey_bt(  327): char:E, E
04-27 14:02:40.980 D/pskey_bt(  327): char:0, 0
04-27 14:02:40.980 D/pskey_bt(  327): get_one_item(data) = 0xe0
04-27 14:02:40.980 D/pskey_bt(  327): get_next_u8: here:e0
04-27 14:02:40.980 D/pskey_bt(  327): char:F, F
04-27 14:02:40.980 D/pskey_bt(  327): char:7, 7
04-27 14:02:40.980 D/pskey_bt(  327): get_one_item(data) = 0xf7
04-27 14:02:40.980 D/pskey_bt(  327): get_next_u8: here:f7
04-27 14:02:40.980 D/pskey_bt(  327): char:3, 3
04-27 14:02:40.980 D/pskey_bt(  327): char:E, E
04-27 14:02:40.980 D/pskey_bt(  327): get_one_item(data) = 0x3e
04-27 14:02:40.980 D/pskey_bt(  327): get_next_u8: here:3e
04-27 14:02:40.980 D/pskey_bt(  327): end of buff, str=},
04-27 14:02:40.980 D/pskey_bt(  327): {0xFF, 0xFF, 0xFF, 0xFF, 0xFF, 0xFF},
04-27 14:02:40.980 D/pskey_bt(  327): 0,
04-27 14:02:40.980 D/pskey_bt(  327): 1,
04-27 14:02:40.980 D/pskey_bt(  327): 5,
04-27 14:02:40.980 D/pskey_bt(  327): 0xE,
04-27 14:02:40.980 D/pskey_bt(  327): 1,
04-27 14:02:40.980 D/pskey_bt(  327): 1,
04-27 14:02:40.980 D/pskey_bt(  327): 0x50000000,
04-27 14:02:40.980 D/pskey_bt(  327): 0x50000150,
04-27 14:02:40.980 D/pskey_bt(  327): 0x50000150,
04-27 14:02:40.980 D/pskey_bt(  327): 0x50000154,
04-27 14:02:40.980 D/pskey_bt(  327): 0xFFFFFFFF,
04-27 14:02:40.980 D/pskey_bt(  327): 0x100,
04-27 14:02:40.980 D/pskey_bt(  327): 0xA0,
04-27 14:02:40.980 D/pskey_bt(  327): 0xDC,
04-27 14:02:40.980 D/pskey_bt(  327): 0x20,
04-27 14:02:40.980 D/pskey_bt(  327): 0x55,
04-27 14:02:40.980 D/pskey_bt(  327): 0x64,
04-27 14:02:40.980 D/pskey_bt(  327): 0,
04-27 14:02:40.980 D/pskey_bt(  327): 0x8,
04-27 14:02:40.980 D/pskey_bt(  327): 0x13C,
04-27 14:02:40.980 D/pskey_bt(  327): 0x2,
04-27 14:02:40.980 D/pskey_bt(  327): 0xD704,
04-27 14:02:40.980 D/pskey_bt(  327): 0x88888888,
04-27 14:02:40.980 D/pskey_bt(  327): 0x6,
04-27 14:02:40.980 D/pskey_bt(  327): 0x0,
04-27 14:02:40.980 D/pskey_bt(  327): {0x0001,0x0000,0x0000,0x0000,0x0000,0x0000,0x0000,0x0000,0x0000
04-27 14:02:40.980 D/pskey_bt(  327): char:F, F
04-27 14:02:40.980 D/pskey_bt(  327): char:F, F
04-27 14:02:40.980 D/pskey_bt(  327): get_one_item(data) = 0xff
04-27 14:02:40.980 D/pskey_bt(  327): get_next_u8: here:ff
04-27 14:02:40.980 D/pskey_bt(  327): char:F, F
04-27 14:02:40.980 D/pskey_bt(  327): char:F, F
04-27 14:02:40.980 D/pskey_bt(  327): get_one_item(data) = 0xff
04-27 14:02:40.980 D/pskey_bt(  327): get_next_u8: here:ff
04-27 14:02:40.980 D/pskey_bt(  327): char:F, F
04-27 14:02:40.980 D/pskey_bt(  327): char:F, F
04-27 14:02:40.980 D/pskey_bt(  327): get_one_item(data) = 0xff
04-27 14:02:40.980 D/pskey_bt(  327): get_next_u8: here:ff
04-27 14:02:40.980 D/pskey_bt(  327): char:F, F
04-27 14:02:40.980 D/pskey_bt(  327): char:F, F
04-27 14:02:40.980 D/pskey_bt(  327): get_one_item(data) = 0xff
04-27 14:02:40.980 D/pskey_bt(  327): get_next_u8: here:ff
04-27 14:02:40.980 D/pskey_bt(  327): char:F, F
04-27 14:02:40.980 D/pskey_bt(  327): char:F, F
04-27 14:02:40.980 D/pskey_bt(  327): get_one_item(data) = 0xff
04-27 14:02:40.980 D/pskey_bt(  327): get_next_u8: here:ff
04-27 14:02:40.980 D/pskey_bt(  327): char:F, F
04-27 14:02:40.980 D/pskey_bt(  327): char:F, F
04-27 14:02:40.980 D/pskey_bt(  327): get_one_item(data) = 0xff
04-27 14:02:40.980 D/pskey_bt(  327): get_next_u8: here:ff
04-27 14:02:40.980 D/pskey_bt(  327): end of buff, str=},
04-27 14:02:40.980 D/pskey_bt(  327): 0,
04-27 14:02:40.980 D/pskey_bt(  327): 1,
04-27 14:02:40.980 D/pskey_bt(  327): 5,
04-27 14:02:40.980 D/pskey_bt(  327): 0xE,
04-27 14:02:40.980 D/pskey_bt(  327): 1,
04-27 14:02:40.980 D/pskey_bt(  327): 1,
04-27 14:02:40.980 D/pskey_bt(  327): 0x50000000,
04-27 14:02:40.980 D/pskey_bt(  327): 0x50000150,
04-27 14:02:40.980 D/pskey_bt(  327): 0x50000150,
04-27 14:02:40.980 D/pskey_bt(  327): 0x50000154,
04-27 14:02:40.980 D/pskey_bt(  327): 0xFFFFFFFF,
04-27 14:02:40.980 D/pskey_bt(  327): 0x100,
04-27 14:02:40.980 D/pskey_bt(  327): 0xA0,
04-27 14:02:40.980 D/pskey_bt(  327): 0xDC,
04-27 14:02:40.980 D/pskey_bt(  327): 0x20,
04-27 14:02:40.980 D/pskey_bt(  327): 0x55,
04-27 14:02:40.980 D/pskey_bt(  327): 0x64,
04-27 14:02:40.980 D/pskey_bt(  327): 0,
04-27 14:02:40.980 D/pskey_bt(  327): 0x8,
04-27 14:02:40.980 D/pskey_bt(  327): 0x13C,
04-27 14:02:40.980 D/pskey_bt(  327): 0x2,
04-27 14:02:40.980 D/pskey_bt(  327): 0xD704,
04-27 14:02:40.980 D/pskey_bt(  327): 0x88888888,
04-27 14:02:40.980 D/pskey_bt(  327): 0x6,
04-27 14:02:40.980 D/pskey_bt(  327): 0x0,
04-27 14:02:40.980 D/pskey_bt(  327): {0x0001,0x0000,0x0000,0x0000,0x0000,0x0000,0x0000,0x0000,0x0000
04-27 14:02:40.980 D/pskey_bt(  327): char:0, 0
04-27 14:02:40.980 D/pskey_bt(  327): get_one_item(data) = 0x0
04-27 14:02:40.980 D/pskey_bt(  327): get_next_u8: here:0
04-27 14:02:40.980 D/pskey_bt(  327): char:1, 1
04-27 14:02:40.980 D/pskey_bt(  327): get_one_item(data) = 0x1
04-27 14:02:40.980 D/pskey_bt(  327): get_next_u8: here:1
04-27 14:02:40.980 D/pskey_bt(  327): char:5, 5
04-27 14:02:40.980 D/pskey_bt(  327): get_one_item(data) = 0x5
04-27 14:02:40.980 D/pskey_bt(  327): get_next_u8: here:5
04-27 14:02:40.980 D/pskey_bt(  327): char:E, E
04-27 14:02:40.980 D/pskey_bt(  327): get_one_item(data) = 0xe
04-27 14:02:40.980 D/pskey_bt(  327): get_next_u8: here:e
04-27 14:02:40.980 D/pskey_bt(  327): char:1, 1
04-27 14:02:40.980 D/pskey_bt(  327): get_one_item(data) = 0x1
04-27 14:02:40.980 D/pskey_bt(  327): get_next_u8: here:1
04-27 14:02:40.980 D/pskey_bt(  327): char:1, 1
04-27 14:02:40.980 D/pskey_bt(  327): get_one_item(data) = 0x1
04-27 14:02:40.980 D/pskey_bt(  327): get_next_u8: here:1
04-27 14:02:40.980 D/pskey_bt(  327): char:5, 5
04-27 14:02:40.980 D/pskey_bt(  327): char:0, 0
04-27 14:02:40.980 D/pskey_bt(  327): char:0, 0
04-27 14:02:40.980 D/pskey_bt(  327): char:0, 0
04-27 14:02:40.980 D/pskey_bt(  327): char:0, 0
04-27 14:02:40.980 D/pskey_bt(  327): char:0, 0
04-27 14:02:40.980 D/pskey_bt(  327): char:0, 0
04-27 14:02:40.980 D/pskey_bt(  327): char:0, 0
04-27 14:02:40.980 D/pskey_bt(  327): get_one_item(data) = 0x50000000
04-27 14:02:40.980 D/pskey_bt(  327): get_next_u32: here:50000000
04-27 14:02:40.980 D/pskey_bt(  327): char:5, 5
04-27 14:02:40.980 D/pskey_bt(  327): char:0, 0
04-27 14:02:40.980 D/pskey_bt(  327): char:0, 0
04-27 14:02:40.980 D/pskey_bt(  327): char:0, 0
04-27 14:02:40.980 D/pskey_bt(  327): char:0, 0
04-27 14:02:40.980 D/pskey_bt(  327): char:1, 1
04-27 14:02:40.980 D/pskey_bt(  327): char:5, 5
04-27 14:02:40.980 D/pskey_bt(  327): char:0, 0
04-27 14:02:40.980 D/pskey_bt(  327): get_one_item(data) = 0x50000150
04-27 14:02:40.980 D/pskey_bt(  327): get_next_u32: here:50000150
04-27 14:02:40.980 D/pskey_bt(  327): char:5, 5
04-27 14:02:40.980 D/pskey_bt(  327): char:0, 0
04-27 14:02:40.980 D/pskey_bt(  327): char:0, 0
04-27 14:02:40.980 D/pskey_bt(  327): char:0, 0
04-27 14:02:40.980 D/pskey_bt(  327): char:0, 0
04-27 14:02:40.980 D/pskey_bt(  327): char:1, 1
04-27 14:02:40.980 D/pskey_bt(  327): char:5, 5
04-27 14:02:40.980 D/pskey_bt(  327): char:0, 0
04-27 14:02:40.980 D/pskey_bt(  327): get_one_item(data) = 0x50000150
04-27 14:02:40.980 D/pskey_bt(  327): get_next_u32: here:50000150
04-27 14:02:40.980 D/pskey_bt(  327): char:5, 5
04-27 14:02:40.980 D/pskey_bt(  327): char:0, 0
04-27 14:02:40.980 D/pskey_bt(  327): char:0, 0
04-27 14:02:40.980 D/pskey_bt(  327): char:0, 0
04-27 14:02:40.980 D/pskey_bt(  327): char:0, 0
04-27 14:02:40.980 D/pskey_bt(  327): char:1, 1
04-27 14:02:40.980 D/pskey_bt(  327): char:5, 5
04-27 14:02:40.980 D/pskey_bt(  327): char:4, 4
04-27 14:02:40.980 D/pskey_bt(  327): get_one_item(data) = 0x50000154
04-27 14:02:40.980 D/pskey_bt(  327): get_next_u32: here:50000154
04-27 14:02:40.980 D/pskey_bt(  327): char:F, F
04-27 14:02:40.980 D/pskey_bt(  327): char:F, F
04-27 14:02:40.980 D/pskey_bt(  327): char:F, F
04-27 14:02:40.980 D/pskey_bt(  327): char:F, F
04-27 14:02:40.980 D/pskey_bt(  327): char:F, F
04-27 14:02:40.980 D/pskey_bt(  327): char:F, F
04-27 14:02:40.980 D/pskey_bt(  327): char:F, F
04-27 14:02:40.980 D/pskey_bt(  327): char:F, F
04-27 14:02:40.980 D/pskey_bt(  327): get_one_item(data) = 0xffffffff
04-27 14:02:40.980 D/pskey_bt(  327): get_next_u32: here:ffffffff
04-27 14:02:40.980 D/pskey_bt(  327): char:1, 1
04-27 14:02:40.980 D/pskey_bt(  327): char:0, 0
04-27 14:02:40.980 D/pskey_bt(  327): char:0, 0
04-27 14:02:40.980 D/pskey_bt(  327): get_one_item(data) = 0x100
04-27 14:02:40.980 D/pskey_bt(  327): get_next_u16: here:100
04-27 14:02:40.980 D/pskey_bt(  327): char:A, A
04-27 14:02:40.980 D/pskey_bt(  327): char:0, 0
04-27 14:02:40.980 D/pskey_bt(  327): get_one_item(data) = 0xa0
04-27 14:02:40.980 D/pskey_bt(  327): get_next_u16: here:a0
04-27 14:02:40.980 D/pskey_bt(  327): char:D, D
04-27 14:02:40.980 D/pskey_bt(  327): char:C, C
04-27 14:02:40.980 D/pskey_bt(  327): get_one_item(data) = 0xdc
04-27 14:02:40.980 D/pskey_bt(  327): get_next_u16: here:dc
04-27 14:02:40.980 D/pskey_bt(  327): char:2, 2
04-27 14:02:40.980 D/pskey_bt(  327): char:0, 0
04-27 14:02:40.980 D/pskey_bt(  327): get_one_item(data) = 0x20
04-27 14:02:40.980 D/pskey_bt(  327): get_next_u16: here:20
04-27 14:02:40.980 D/pskey_bt(  327): char:5, 5
04-27 14:02:40.980 D/pskey_bt(  327): char:5, 5
04-27 14:02:40.980 D/pskey_bt(  327): get_one_item(data) = 0x55
04-27 14:02:40.980 D/pskey_bt(  327): get_next_u16: here:55
04-27 14:02:40.980 D/pskey_bt(  327): char:6, 6
04-27 14:02:40.980 D/pskey_bt(  327): char:4, 4
04-27 14:02:40.980 D/pskey_bt(  327): get_one_item(data) = 0x64
04-27 14:02:40.980 D/pskey_bt(  327): get_next_u16: here:64
04-27 14:02:40.980 D/pskey_bt(  327): char:0, 0
04-27 14:02:40.980 D/pskey_bt(  327): get_one_item(data) = 0x0
04-27 14:02:40.980 D/pskey_bt(  327): get_next_u32: here:0
04-27 14:02:40.980 D/pskey_bt(  327): char:8, 8
04-27 14:02:40.980 D/pskey_bt(  327): get_one_item(data) = 0x8
04-27 14:02:40.980 D/pskey_bt(  327): get_next_u16: here:8
04-27 14:02:40.980 D/pskey_bt(  327): char:1, 1
04-27 14:02:40.980 D/pskey_bt(  327): char:3, 3
04-27 14:02:40.980 D/pskey_bt(  327): char:C, C
04-27 14:02:40.980 D/pskey_bt(  327): get_one_item(data) = 0x13c
04-27 14:02:40.980 D/pskey_bt(  327): get_next_u16: here:13c
04-27 14:02:40.980 D/pskey_bt(  327): char:2, 2
04-27 14:02:40.980 D/pskey_bt(  327): get_one_item(data) = 0x2
04-27 14:02:40.980 D/pskey_bt(  327): get_next_u16: here:2
04-27 14:02:40.980 D/pskey_bt(  327): char:D, D
04-27 14:02:40.980 D/pskey_bt(  327): char:7, 7
04-27 14:02:40.980 D/pskey_bt(  327): char:0, 0
04-27 14:02:40.980 D/pskey_bt(  327): char:4, 4
04-27 14:02:40.980 D/pskey_bt(  327): get_one_item(data) = 0xd704
04-27 14:02:40.980 D/pskey_bt(  327): get_next_u16: here:d704
04-27 14:02:40.980 D/pskey_bt(  327): char:8, 8
04-27 14:02:40.980 D/pskey_bt(  327): char:8, 8
04-27 14:02:40.980 D/pskey_bt(  327): char:8, 8
04-27 14:02:40.980 D/pskey_bt(  327): char:8, 8
04-27 14:02:40.980 D/pskey_bt(  327): char:8, 8
04-27 14:02:40.980 D/pskey_bt(  327): char:8, 8
04-27 14:02:40.980 D/pskey_bt(  327): char:8, 8
04-27 14:02:40.980 D/pskey_bt(  327): char:8, 8
04-27 14:02:40.980 D/pskey_bt(  327): get_one_item(data) = 0x88888888
04-27 14:02:40.980 D/pskey_bt(  327): get_next_u32: here:88888888
04-27 14:02:40.980 D/pskey_bt(  327): char:6, 6
04-27 14:02:40.980 D/pskey_bt(  327): get_one_item(data) = 0x6
04-27 14:02:40.980 D/pskey_bt(  327): get_next_u16: here:6
04-27 14:02:40.980 D/pskey_bt(  327): char:0, 0
04-27 14:02:40.980 D/pskey_bt(  327): get_one_item(data) = 0x0
04-27 14:02:40.980 D/pskey_bt(  327): get_next_u16: here:0
04-27 14:02:40.980 D/pskey_bt(  327): char:0, 0
04-27 14:02:40.980 D/pskey_bt(  327): char:0, 0
04-27 14:02:40.980 D/pskey_bt(  327): char:0, 0
04-27 14:02:40.980 D/pskey_bt(  327): char:1, 1
04-27 14:02:40.980 D/pskey_bt(  327): get_one_item(data) = 0x1
04-27 14:02:40.980 D/pskey_bt(  327): get_next_u32: here:1
04-27 14:02:40.980 D/pskey_bt(  327): char:0, 0
04-27 14:02:40.980 D/pskey_bt(  327): char:0, 0
04-27 14:02:40.980 D/pskey_bt(  327): char:0, 0
04-27 14:02:40.980 D/pskey_bt(  327): char:0, 0
04-27 14:02:40.980 D/pskey_bt(  327): get_one_item(data) = 0x0
04-27 14:02:40.980 D/pskey_bt(  327): get_next_u32: here:0
04-27 14:02:40.980 D/pskey_bt(  327): char:0, 0
04-27 14:02:40.980 D/pskey_bt(  327): char:0, 0
04-27 14:02:40.980 D/pskey_bt(  327): char:0, 0
04-27 14:02:40.980 D/pskey_bt(  327): char:0, 0
04-27 14:02:40.980 D/pskey_bt(  327): get_one_item(data) = 0x0
04-27 14:02:40.980 D/pskey_bt(  327): get_next_u32: here:0
04-27 14:02:40.980 D/pskey_bt(  327): char:0, 0
04-27 14:02:40.980 D/pskey_bt(  327): char:0, 0
04-27 14:02:40.980 D/pskey_bt(  327): char:0, 0
04-27 14:02:40.980 D/pskey_bt(  327): char:0, 0
04-27 14:02:40.980 D/pskey_bt(  327): get_one_item(data) = 0x0
04-27 14:02:40.980 D/pskey_bt(  327): get_next_u32: here:0
04-27 14:02:40.980 D/pskey_bt(  327): char:0, 0
04-27 14:02:40.980 D/pskey_bt(  327): char:0, 0
04-27 14:02:40.980 D/pskey_bt(  327): char:0, 0
04-27 14:02:40.980 D/pskey_bt(  327): char:0, 0
04-27 14:02:40.980 D/pskey_bt(  327): get_one_item(data) = 0x0
04-27 14:02:40.980 D/pskey_bt(  327): get_next_u32: here:0
04-27 14:02:40.980 D/pskey_bt(  327): char:0, 0
04-27 14:02:40.980 D/pskey_bt(  327): char:0, 0
04-27 14:02:40.980 D/pskey_bt(  327): char:0, 0
04-27 14:02:40.980 D/pskey_bt(  327): char:0, 0
04-27 14:02:40.980 D/pskey_bt(  327): get_one_item(data) = 0x0
04-27 14:02:40.980 D/pskey_bt(  327): get_next_u32: here:0
04-27 14:02:40.980 D/pskey_bt(  327): char:0, 0
04-27 14:02:40.980 D/pskey_bt(  327): char:0, 0
04-27 14:02:40.980 D/pskey_bt(  327): char:0, 0
04-27 14:02:40.980 D/pskey_bt(  327): char:0, 0
04-27 14:02:40.980 D/pskey_bt(  327): get_one_item(data) = 0x0
04-27 14:02:40.980 D/pskey_bt(  327): get_next_u32: here:0
04-27 14:02:40.980 D/pskey_bt(  327): char:0, 0
04-27 14:02:40.980 D/pskey_bt(  327): char:0, 0
04-27 14:02:40.980 D/pskey_bt(  327): char:0, 0
04-27 14:02:40.980 D/pskey_bt(  327): char:0, 0
04-27 14:02:40.980 D/pskey_bt(  327): get_one_item(data) = 0x0
04-27 14:02:40.980 D/pskey_bt(  327): get_next_u32: here:0
04-27 14:02:40.980 D/pskey_bt(  327): char:0, 0
04-27 14:02:40.980 D/pskey_bt(  327): char:0, 0
04-27 14:02:40.980 D/pskey_bt(  327): char:0, 0
04-27 14:02:40.980 D/pskey_bt(  327): char:0, 0
04-27 14:02:40.980 D/pskey_bt(  327): get_one_item(data) = 0x0
04-27 14:02:40.980 D/pskey_bt(  327): get_next_u32: here:0
04-27 14:02:40.980 D/pskey_bt(  327): get_one_item(data) = 0x0
04-27 14:02:40.980 D/pskey_bt(  327): get_next_u32: here:0
04-27 14:02:40.980 D/pskey_bt(  327): leave out tmp_buff=
04-27 14:02:40.980 D/pskey_bt(  327): parse pskey success, tmp_buff=0xeb1120
04-27 14:02:40.980 D/pskey_bt(  327): ret get pskey from file =0
04-27 14:02:40.980 D/pskey_bt(  327): data/btmac.txt does not exist 0 
04-27 14:02:41.070 I/Gonk    (   83): RIL[0]: OnConnectSuccess
04-27 14:02:41.080 D/pskey_bt(  327): tmp_mac:00c3870274d3
04-27 14:02:41.080 D/pskey_bt(  327): d3  
04-27 14:02:41.080 D/pskey_bt(  327): 74  
04-27 14:02:41.080 D/pskey_bt(  327): 2  
04-27 14:02:41.080 D/pskey_bt(  327): 87  
04-27 14:02:41.080 D/pskey_bt(  327): c3  
04-27 14:02:41.080 D/pskey_bt(  327): 0  
04-27 14:02:41.250 I/Gonk    (   83): RIL[1]: OnConnectSuccess
04-27 14:02:41.370 I/Gecko   (   83): 1398632561376	Marionette	DEBUG	accepted connection on 127.0.0.1:58995
04-27 14:02:41.700 E/bluedroid(   83): test bt_is_enabled
04-27 14:02:42.350 D/NetUtils(   83): failed to remove default route for wlan0: No such device
04-27 14:02:42.360 W/WifiHW  (   83): wifi_load_driver enter 262
04-27 14:02:42.360 W/WifiHW  (   83): DRIVER_MODULE_PATH= DRIVER_MODULE_ARG= 
04-27 14:02:42.360 W/WifiHW  (   83): driver insmod complete 
04-27 14:02:42.360 W/WifiHW  (   83): Driver() loaded succesffuly
04-27 14:02:42.650 W/WifiHW  (   86): wifi_change_fw_path: /system/lib/modules/itm_sta.ko
04-27 14:02:42.650 D/WifiHW  (   86): Unable to unload driver module "itm_ap.ko": No such file or directory
04-27 14:02:42.850 D/WifiHW  (   86): Unable to unload driver module "itm_sta.ko": No such file or directory
04-27 14:02:43.050 W/WifiHW  (   86): insmod filename=/system/lib/modules/itm_sta.ko args= 
04-27 14:02:43.230 V/AudioPolicyManagerBase(   88): setStreamVolumeIndex() stream 3, index 0
04-27 14:02:43.230 E/AudioPolicyManagerBase(   88): checkAndSetVolume stream=3, index=0, output=1, device=2
04-27 14:02:43.230 E/AudioPolicyManagerBase(   88): computeVolume, streamDesc=0x1f4ebf0
04-27 14:02:43.230 V/AudioPolicyManagerBase(   88): setStreamVolume() for output 1 stream 3, volume 0.000000, delay 0
04-27 14:02:43.240 V/AudioPolicyManagerBase(   88): setStreamVolumeIndex() stream 1, index 0
04-27 14:02:43.240 E/AudioPolicyManagerBase(   88): checkAndSetVolume stream=1, index=0, output=1, device=2
04-27 14:02:43.240 E/AudioPolicyManagerBase(   88): computeVolume, streamDesc=0x1f4ebb8
04-27 14:02:43.240 V/AudioPolicyManagerBase(   88): setStreamVolume() for output 1 stream 1, volume 0.000000, delay 0
04-27 14:02:43.250 V/AudioPolicyManagerBase(   88): setStreamVolumeIndex() stream 5, index 0
04-27 14:02:43.250 E/AudioPolicyManagerBase(   88): checkAndSetVolume stream=5, index=0, output=1, device=2
04-27 14:02:43.250 E/AudioPolicyManagerBase(   88): computeVolume, streamDesc=0x1f4ec28
04-27 14:02:43.250 V/AudioPolicyManagerBase(   88): setStreamVolume() for output 1 stream 5, volume 0.000000, delay 0
04-27 14:02:43.250 V/AudioPolicyManagerBase(   88): setStreamVolumeIndex() stream 2, index 0
04-27 14:02:43.250 E/AudioPolicyManagerBase(   88): checkAndSetVolume stream=2, index=0, output=1, device=2
04-27 14:02:43.250 E/AudioPolicyManagerBase(   88): computeVolume, streamDesc=0x1f4ebd4
04-27 14:02:43.250 V/AudioPolicyManagerBase(   88): setStreamVolume() for output 1 stream 2, volume 0.000000, delay 0
04-27 14:02:43.260 V/AudioPolicyManagerBase(   88): setStreamVolumeIndex() stream 4, index 15
04-27 14:02:43.260 E/AudioPolicyManagerBase(   88): checkAndSetVolume stream=4, index=15, output=1, device=2
04-27 14:02:43.260 E/AudioPolicyManagerBase(   88): computeVolume, streamDesc=0x1f4ec0c
04-27 14:02:43.260 V/AudioPolicyManagerBase(   88): VOLUME vol index=[66 100 100], dB=[-10.2 0.0 0.0] ampl=1.00000
04-27 14:02:43.260 V/AudioPolicyManagerBase(   88): setStreamVolumeIndex() stream 0, index 5
04-27 14:02:43.260 E/AudioPolicyManagerBase(   88): checkAndSetVolume stream=0, index=5, output=1, device=2
04-27 14:02:43.260 E/AudioPolicyManagerBase(   88): computeVolume, streamDesc=0x1f4eb9c
04-27 14:02:43.260 V/AudioPolicyManagerBase(   88): VOLUME vol index=[66 100 100], dB=[-17.0 0.0 0.0] ampl=1.00000
04-27 14:02:43.260 V/AudioPolicyManagerBase(   88): setStreamVolumeIndex() stream 6, index 15
04-27 14:02:43.260 V/AudioPolicyManagerBase(   88): checkAndSetVolume() cannot set stream 6 volume with force use = 0 for comm
04-27 14:02:43.560 I/VolumeManager(   83): SetSharingMode for volume sdcard to 1 canBeShared = 1
04-27 14:02:43.560 I/AutoMounter(   83): UpdateState: umsAvail:1 umsEnabled:1 mode:0 usbCablePluggedIn:1 tryToShare:0
04-27 14:02:43.560 I/AutoMounter(   83): UpdateState: Volume sdcard is NoMedia and missing
04-27 14:02:43.800 I/Gecko   (   83): ###################################### forms.js loaded
04-27 14:02:43.810 I/Gecko   (   83): ############################### browserElementPanning.js loaded
04-27 14:02:43.840 I/Gecko   (   83): ######################## BrowserElementChildPreload.js loaded
04-27 14:02:43.870 I/Gecko   (   83): *** UTM:SVC TimerManager:registerTimer - id: user-agent-updates-timer
04-27 14:02:43.870 E/GeckoConsole(   83): UTM:SVC TimerManager:registerTimer - id: user-agent-updates-timer
04-27 14:02:44.230 I/GeckoDump(   83): Crash reporter : Can't fetch app.reportCrashes. Exception: [Exception... "Component returned failure code: 0x8000ffff (NS_ERROR_UNEXPECTED) [nsIPrefBranch.getBoolPref]"  nsresult: "0x8000ffff (NS_ERROR_UNEXPECTED)"  location: "JS frame :: chrome://browser/content/shell.js :: shell_reportCrash :: line 7"  data: no]
04-27 14:02:44.530 E/Profiler(  345): BEGIN mozilla_sampler_init
04-27 14:02:44.530 E/Profiler(  345): BPUnw: [1 total] thread_register_for_profiling(me=0x4015b488, stacktop=0xbed1b9b7)
04-27 14:02:44.530 E/Profiler(  345): SPS:
04-27 14:02:44.530 E/Profiler(  345): SPS: Unwind mode       = pseudo
04-27 14:02:44.530 E/Profiler(  345): SPS: Sampling interval = 0 ms (zero means "platform default")
04-27 14:02:44.530 E/Profiler(  345): SPS: Entry store size  = 0 (zero means "platform default")
04-27 14:02:44.530 E/Profiler(  345): SPS: UnwindStackScan   = 0 (max dubious frames per unwind).
04-27 14:02:44.540 E/Profiler(  345): SPS: Use env var MOZ_PROFILER_MODE=help for further information.
04-27 14:02:44.540 E/Profiler(  345): SPS:
04-27 14:02:44.540 E/Profiler(  345): Registering start signal
04-27 14:02:45.350 E/GeckoConsole(   83): [JavaScript Warning: "Error in parsing value for 'font-weight'.  Declaration dropped." {file: "app://system.gaiamobile.org/style/shrinking_ui/shrinking_ui.css" line: 9 column: 15 source: "  font-weight: medium;"}]
04-27 14:02:45.400 E/Profiler(   83): BPUnw: [1 total] thread_unregister_for_profiling(me=0x1560f48)  (NOT REGISTERED) 
04-27 14:02:45.600 E/GeckoConsole(  345): Could not read chrome manifest 'file:///system/b2g/chrome.manifest'.
04-27 14:02:45.750 D/SoftapController(   86): Softap fwReload - Ok
04-27 14:02:45.750 E/BandwidthController(   86): No such iface wlan0 to delete
04-27 14:02:45.780 D/Sensors (   83): activate handle=0; drv=0
04-27 14:02:45.780 D/Sensors (   83): Lis3dhSensor: Control set 0
04-27 14:02:45.780 D/Sensors (   83): Lis3dhSensor: mEnabled = 0
04-27 14:02:45.790 I/Gecko   (   83): MobileConnection initialized
04-27 14:02:45.790 I/Gecko   (   83): MobileConnection initialized
04-27 14:02:46.300 I/Gecko   (   83): Attempting load of libEGL.so
04-27 14:02:46.340 D/libEGL  (   83): loaded /system/lib/egl/libEGL_mali.so
04-27 14:02:46.370 D/libEGL  (   83): loaded /system/lib/egl/libGLESv1_CM_mali.so
04-27 14:02:46.380 D/libEGL  (   83): loaded /system/lib/egl/libGLESv2_mali.so
04-27 14:02:46.390 I/HWComposer(   83): Creating new instance
04-27 14:02:46.390 E/HWComposer(   83): Failed to initialize hwc
04-27 14:02:46.450 E/GeckoConsole(   83): OpenGL compositor Initialized Succesfully.
04-27 14:02:46.450 E/GeckoConsole(   83): Version: OpenGL ES 2.0 Spreadtrum Build
04-27 14:02:46.450 E/GeckoConsole(   83): Vendor: ARM
04-27 14:02:46.450 E/GeckoConsole(   83): Renderer: Mali-300
04-27 14:02:46.450 E/GeckoConsole(   83): FBO Texture Target: TEXTURE_2D
04-27 14:02:47.840 I/Gecko   (   83): 1398632567844	Marionette	DEBUG	accepted connection on 127.0.0.1:58996
04-27 14:02:48.650 I/power   (   83): *** set_screen_state 1
04-27 14:02:48.650 D/Sensors (   83): activate handle=3; drv=1
04-27 14:02:48.650 D/Sensors (   83): SensorTMD2771::setEnable=0= en=1; newState=1; what=0; mEnabled=0
04-27 14:02:48.760 D/Sensors (   83): taos ---Light::TAOS_IOCTL_ALS_ON=== err=0
04-27 14:02:48.760 D/Sensors (   83): SensorTMD2771::setEnable=1= en=1; newState=1; what=0; mEnabled=1
04-27 14:02:48.760 D/Sensors (   83): SensorTMD2771::getEnable===mEnabled=0x1; enable=1
04-27 14:02:48.770 I/GeckoDump(   83): XXX FIXME : Got a mozContentEvent: nfc-hardware-state-change
04-27 14:02:48.820 I/Gecko   (   83): ############################### browserElementPanning.js loaded
04-27 14:02:48.840 I/Gecko   (   83): ######################## BrowserElementChildPreload.js loaded
04-27 14:02:48.880 I/GeckoDump(   83): XXX FIXME : Got a mozContentEvent: system-message-listener-ready
04-27 14:02:49.170 I/Gonk    (   83): Setting nice for pid 361 to 18
04-27 14:02:49.170 I/Gonk    (   83): Changed nice for pid 361 from 0 to 18.
04-27 14:02:49.180 E/WifiHW  (   83): Leo ensure_config_file_exists config_file=/data/misc/wifi/wpa_supplicant.conf
04-27 14:02:49.180 E/WifiHW  (   83): daemon_cmd=wpa_supplicant:-iwlan0 -c/data/misc/wifi/wpa_supplicant.conf
04-27 14:02:49.240 D/Sensors (   83): SensorTMD2771::readEvents()======data_fd=54,count=16
04-27 14:02:49.240 D/Sensors (   83): SensorTMD2771::processEvent()=====code=40::value=9 
04-27 14:02:49.240 D/Sensors (   83): SensorTMD2771: mPendingEvents[Light].light = 9.000000
04-27 14:02:50.260 E/GeckoConsole(   83): [JavaScript Warning: "Error in parsing value for 'padding'.  Declaration dropped." {file: "app://callscreen.gaiamobile.org/style/oncall.css" line: 280 column: 13 source: "    padding: none;"}]
04-27 14:02:50.580 I/Gecko   (   83): MobileConnection initialized
04-27 14:02:50.580 I/Gecko   (   83): MobileConnection initialized
04-27 14:02:50.930 V/AudioPolicyManagerBase(   88): getDeviceForStrategy() from cache strategy 0, device 2
04-27 14:02:50.930 V/AudioPolicyManagerBase(   88): getOutput() stream 3, samplingRate 0, format 0, channels 3, flags 0
04-27 14:02:51.070 W/WifiHW  (   83): wifi_command: LOG_LEVEL
04-27 14:02:51.070 W/WifiHW  (   83): wifi_command: STATUS
04-27 14:02:51.640 I/Gecko   (   83): 1398632571646	Marionette	INFO	loaded marionette-listener.js
04-27 14:02:51.640 I/Gecko   (   83): 1398632571648	Marionette	INFO	sendToClient: {"from":"0","value":"3-b2g"}, {303a5087-44e3-49a7-bd22-381366cab329}, {303a5087-44e3-49a7-bd22-381366cab329}
04-27 14:02:51.660 W/WifiHW  (   83): wifi_command: LIST_NETWORKS
04-27 14:02:51.660 W/WifiHW  (   83): wifi_command: DRIVER MACADDR
04-27 14:02:51.830 W/WifiHW  (   83): wifi_command: GET_NETWORK 0 ssid
04-27 14:02:51.830 W/WifiHW  (   83): wifi_command: GET_NETWORK 0 bssid
04-27 14:02:51.830 W/WifiHW  (   83): wifi_command: GET_NETWORK 0 psk
04-27 14:02:51.830 W/WifiHW  (   83): wifi_command: GET_NETWORK 0 wep_key0
04-27 14:02:51.830 W/WifiHW  (   83): wifi_command: GET_NETWORK 0 wep_key1
04-27 14:02:51.830 W/WifiHW  (   83): wifi_command: GET_NETWORK 0 wep_key2
04-27 14:02:51.830 W/WifiHW  (   83): wifi_command: GET_NETWORK 0 wep_key3
04-27 14:02:51.830 W/WifiHW  (   83): wifi_command: GET_NETWORK 0 wep_tx_keyidx
04-27 14:02:51.840 W/WifiHW  (   83): wifi_command: GET_NETWORK 0 priority
04-27 14:02:51.840 W/WifiHW  (   83): wifi_command: GET_NETWORK 0 key_mgmt
04-27 14:02:51.840 W/WifiHW  (   83): wifi_command: GET_NETWORK 0 scan_ssid
04-27 14:02:51.840 W/WifiHW  (   83): wifi_command: GET_NETWORK 0 disabled
04-27 14:02:51.840 W/WifiHW  (   83): wifi_command: GET_NETWORK 0 identity
04-27 14:02:51.840 W/WifiHW  (   83): wifi_command: GET_NETWORK 0 password
04-27 14:02:51.840 W/WifiHW  (   83): wifi_command: GET_NETWORK 0 auth_alg
04-27 14:02:51.840 W/WifiHW  (   83): wifi_command: GET_NETWORK 0 phase1
04-27 14:02:51.840 W/WifiHW  (   83): wifi_command: GET_NETWORK 0 phase2
04-27 14:02:51.840 W/WifiHW  (   83): wifi_command: GET_NETWORK 0 eap
04-27 14:02:51.840 W/WifiHW  (   83): wifi_command: GET_NETWORK 0 pin
04-27 14:02:51.840 W/WifiHW  (   83): wifi_command: GET_NETWORK 0 pcsc
04-27 14:02:51.880 W/WifiHW  (   83): wifi_command: ENABLE_NETWORK 0
04-27 14:02:51.880 W/WifiHW  (   83): wifi_command: AP_SCAN 1
04-27 14:02:51.900 W/WifiHW  (   83): wifi_command: SAVE_CONFIG
04-27 14:02:51.910 I/Gecko   (   83): 1398632571923	Marionette	INFO	sendToClient: {"from":"0","value":{"ELEMENT":"{beed1e5d-812f-40eb-9917-bcddb0a67ee2}"}}, {f4aaaf88-f980-45e8-b676-b13efcad6fc7}, {f4aaaf88-f980-45e8-b676-b13efcad6fc7}
04-27 14:02:52.040 I/Gecko   (   83): 1398632572046	Marionette	INFO	sendToClient: {"from":"0","value":false}, {1c747852-3151-413b-9e53-6037a4c8c351}, {1c747852-3151-413b-9e53-6037a4c8c351}
04-27 14:02:52.310 I/Gecko   (   83): 1398632572316	Marionette	INFO	sendToClient: {"from":"0","value":{"ELEMENT":"{beed1e5d-812f-40eb-9917-bcddb0a67ee2}"}}, {49fe7d0a-593e-4c09-a76f-b0f15559b906}, {49fe7d0a-593e-4c09-a76f-b0f15559b906}
04-27 14:02:52.390 I/Gecko   (   83): 1398632572398	Marionette	INFO	sendToClient: {"from":"0","value":false}, {3c736267-2922-4756-b26c-63025863c787}, {3c736267-2922-4756-b26c-63025863c787}
04-27 14:02:53.150 I/Gecko   (   83): 1398632573157	Marionette	INFO	sendToClient: {"from":"0","value":{"ELEMENT":"{beed1e5d-812f-40eb-9917-bcddb0a67ee2}"}}, {366dab00-45f5-4a8c-be54-001db7d2c6ab}, {366dab00-45f5-4a8c-be54-001db7d2c6ab}
04-27 14:02:53.190 I/Gecko   (   83): 1398632573198	Marionette	INFO	sendToClient: {"from":"0","value":false}, {c8165a34-b600-4192-af40-371e969bfcb3}, {c8165a34-b600-4192-af40-371e969bfcb3}
04-27 14:02:53.320 I/GeckoDump(   83): XXX FIXME : Got a mozContentEvent: accessibility-screenreader
04-27 14:02:53.360 I/GeckoDump(   83): XXX FIXME : Got a mozContentEvent: nfc-hardware-state-change
04-27 14:02:53.550 W/WifiHW  (   83): wifi_command: DRIVER SCAN-ACTIVE
04-27 14:02:53.640 W/WifiHW  (   83): wifi_command: SCAN
04-27 14:02:53.910 I/Gecko   (   83): 1398632573922	Marionette	INFO	sendToClient: {"from":"0","value":{"ELEMENT":"{beed1e5d-812f-40eb-9917-bcddb0a67ee2}"}}, {0807cb44-1e03-4850-94e1-4f01d2e689c8}, {0807cb44-1e03-4850-94e1-4f01d2e689c8}
04-27 14:02:53.920 W/WifiHW  (   83): wifi_command: DRIVER SCAN-PASSIVE
04-27 14:02:54.100 I/Gecko   (   83): 1398632574112	Marionette	INFO	sendToClient: {"from":"0","value":true}, {b9d1ea55-4e9a-45c8-a063-f89456247170}, {b9d1ea55-4e9a-45c8-a063-f89456247170}
04-27 14:02:54.360 I/FMRadio (   83): FMRadio is initialized.
04-27 14:02:54.380 E/GeckoConsole(   83): Content JS ERROR at app://system.gaiamobile.org/js/telephony_settings.js:42 in set_vpm_error: Error roaming preference.
04-27 14:02:54.380 E/GeckoConsole(   83): Content JS ERROR at app://system.gaiamobile.org/js/telephony_settings.js:23 in set_vpm_error: Error setting voice privacy.
04-27 14:02:54.380 E/GeckoConsole(   83): Content JS ERROR at app://system.gaiamobile.org/js/telephony_settings.js:42 in set_vpm_error: Error roaming preference.
04-27 14:02:54.390 E/GeckoConsole(   83): Content JS ERROR at app://system.gaiamobile.org/js/telephony_settings.js:23 in set_vpm_error: Error setting voice privacy.
04-27 14:02:54.960 E/Profiler(   83): BPUnw: [1 total] thread_unregister_for_profiling(me=0x1560ec8)  (NOT REGISTERED) 
04-27 14:02:55.040 I/GeckoDump(   83): XXX FIXME : Got a mozContentEvent: inputmethod-update-layouts
04-27 14:02:55.080 I/Gecko   (   83): ############################### browserElementPanning.js loaded
04-27 14:02:55.110 I/Gecko   (   83): ######################## BrowserElementChildPreload.js loaded
04-27 14:02:55.230 I/GeckoDump(   83): XXX FIXME : Got a mozContentEvent: inputmethod-update-layouts
04-27 14:02:56.180 E/GeckoConsole(   83): [JavaScript Warning: "Error in parsing value for 'font-weight'.  Declaration dropped." {file: "app://keyboard.gaiamobile.org/style/keyboard.css" line: 133 column: 15 source: "  font-weight: medium;"}]
04-27 14:02:56.890 I/Gecko   (   83): 1398632576897	Marionette	INFO	sendToClient: {"from":"0","ok":true}, {69c510e3-4faa-4d2e-adb2-1afe3c345d43}, {69c510e3-4faa-4d2e-adb2-1afe3c345d43}
04-27 14:02:56.900 I/Gecko   (   83): 1398632576908	Marionette	DEBUG	Got request: switchToFrame, data: {"to":"0","sessionId":"3-b2g","name":"switchToFrame","parameters":{"id":null,"focus":true}}, id: {2347b31a-4a9a-4565-a3d2-1360ea9e45df}
04-27 14:02:56.910 I/Gecko   (   83): 1398632576920	Marionette	INFO	Switched to frame: {"frameValue":null}
04-27 14:02:57.030 W/WifiHW  (   83): wifi_command: SCAN_RESULTS
04-27 14:02:57.040 W/WifiHW  (   83): wifi_command: DRIVER SCAN-PASSIVE
04-27 14:02:57.050 I/Gecko   (   83): 1398632577062	Marionette	INFO	sendToClient: {"from":"0","ok":true}, {2347b31a-4a9a-4565-a3d2-1360ea9e45df}, {2347b31a-4a9a-4565-a3d2-1360ea9e45df}
04-27 14:02:57.090 W/WifiHW  (   83): wifi_command: GET_NETWORK 0 ssid
04-27 14:02:57.090 W/WifiHW  (   83): wifi_command: GET_NETWORK 0 bssid
04-27 14:02:57.090 W/WifiHW  (   83): wifi_command: GET_NETWORK 0 psk
04-27 14:02:57.090 W/WifiHW  (   83): wifi_command: GET_NETWORK 0 wep_key0
04-27 14:02:57.090 W/WifiHW  (   83): wifi_command: GET_NETWORK 0 wep_key1
04-27 14:02:57.090 W/WifiHW  (   83): wifi_command: GET_NETWORK 0 wep_key2
04-27 14:02:57.090 W/WifiHW  (   83): wifi_command: GET_NETWORK 0 wep_key3
04-27 14:02:57.090 W/WifiHW  (   83): wifi_command: GET_NETWORK 0 wep_tx_keyidx
04-27 14:02:57.090 W/WifiHW  (   83): wifi_command: GET_NETWORK 0 priority
04-27 14:02:57.090 W/WifiHW  (   83): wifi_command: GET_NETWORK 0 key_mgmt
04-27 14:02:57.090 W/WifiHW  (   83): wifi_command: GET_NETWORK 0 scan_ssid
04-27 14:02:57.090 W/WifiHW  (   83): wifi_command: GET_NETWORK 0 disabled
04-27 14:02:57.100 W/WifiHW  (   83): wifi_command: GET_NETWORK 0 identity
04-27 14:02:57.100 W/WifiHW  (   83): wifi_command: GET_NETWORK 0 password
04-27 14:02:57.100 W/WifiHW  (   83): wifi_command: GET_NETWORK 0 auth_alg
04-27 14:02:57.100 W/WifiHW  (   83): wifi_command: GET_NETWORK 0 phase1
04-27 14:02:57.100 W/WifiHW  (   83): wifi_command: GET_NETWORK 0 phase2
04-27 14:02:57.100 W/WifiHW  (   83): wifi_command: GET_NETWORK 0 eap
04-27 14:02:57.100 W/WifiHW  (   83): wifi_command: GET_NETWORK 0 pin
04-27 14:02:57.100 W/WifiHW  (   83): wifi_command: GET_NETWORK 0 pcsc
