--------- beginning of /dev/log/main
04-28 04:08:14.191 I/Gecko   (   83): 1398683294198	Marionette	INFO	sendToClient: {"from":"0","ok":true}, {64142dec-a56e-490d-8160-ba7179bd6816}, {64142dec-a56e-490d-8160-ba7179bd6816}
04-28 04:08:14.241 I/Gecko   (   83): 1398683294250	Marionette	DEBUG	Got request: switchToFrame, data: {"to":"0","sessionId":"3-b2g","name":"switchToFrame","parameters":{"id":null,"focus":true}}, id: {e3641dd4-0f82-4632-938c-64d071ab4633}
04-28 04:08:14.261 I/Gecko   (   83): 1398683294268	Marionette	INFO	Switched to frame: {"frameValue":null}
04-28 04:08:14.371 I/Gecko   (   83): 1398683294378	Marionette	INFO	sendToClient: {"from":"0","ok":true}, {e3641dd4-0f82-4632-938c-64d071ab4633}, {e3641dd4-0f82-4632-938c-64d071ab4633}
04-28 04:08:14.401 I/Gecko   (   83): 1398683294409	Marionette	DEBUG	Got request: executeWithCallback, data: {"to":"0","sessionId":"3-b2g","name":"executeAsyncScript","parameters":{"specialPowers":false,"scriptTimeout":null,"newSandbox":true,"args":[],"filename":"gaia_test.py","script":"return GaiaApps.displayedApp();","line":66}}, id: {1456b613-f98b-4e43-991e-555789bcbcb6}
04-28 04:08:14.501 E/GeckoConsole(   83): Content JS LOG at dummy file:392 in GaiaApps.displayedApp: app with origin 'app://homescreen.gaiamobile.org' is displayed
04-28 04:08:14.511 I/Gecko   (   83): 1398683294517	Marionette	INFO	sendToClient: {"from":"0","value":{"frame":{"ELEMENT":"{e0aefbf5-4485-4b0e-a71e-1648f5a6b7a5}"},"src":"app://homescreen.gaiamobile.org/index.html#root","name":"Homescreen","origin":"app://homescreen.gaiamobile.org"}}, {1456b613-f98b-4e43-991e-555789bcbcb6}, {1456b613-f98b-4e43-991e-555789bcbcb6}
04-28 04:08:14.521 I/Gecko   (   83): 1398683294532	Marionette	DEBUG	Got request: switchToFrame, data: {"to":"0","sessionId":"3-b2g","name":"switchToFrame","parameters":{"id":null,"focus":true}}, id: {731ab2c4-930d-4fd6-8835-c941846cb548}
04-28 04:08:14.521 I/Gecko   (   83): 1398683294534	Marionette	INFO	Switched to frame: {"frameValue":null}
04-28 04:08:14.661 I/Gecko   (   83): 1398683294667	Marionette	INFO	sendToClient: {"from":"0","ok":true}, {731ab2c4-930d-4fd6-8835-c941846cb548}, {731ab2c4-930d-4fd6-8835-c941846cb548}
04-28 04:08:14.681 I/Gecko   (   83): 1398683294692	Marionette	DEBUG	Got request: switchToFrame, data: {"to":"0","sessionId":"3-b2g","name":"switchToFrame","parameters":{"id":null,"focus":true}}, id: {ab8165b1-95e0-4916-8a70-de39f57ba61e}
04-28 04:08:14.681 I/Gecko   (   83): 1398683294694	Marionette	INFO	Switched to frame: {"frameValue":null}
04-28 04:08:14.791 I/Gecko   (   83): 1398683294799	Marionette	INFO	sendToClient: {"from":"0","ok":true}, {ab8165b1-95e0-4916-8a70-de39f57ba61e}, {ab8165b1-95e0-4916-8a70-de39f57ba61e}
04-28 04:08:14.801 I/Gecko   (   83): 1398683294812	Marionette	DEBUG	Got request: executeWithCallback, data: {"to":"0","sessionId":"3-b2g","name":"executeAsyncScript","parameters":{"specialPowers":false,"scriptTimeout":null,"newSandbox":true,"args":[],"filename":"gaia_test.py","script":"return GaiaApps.displayedApp();","line":66}}, id: {24686cc1-64b0-47d8-9a41-0634bb43fe5e}
04-28 04:08:14.861 I/Gecko   (   83): 1398683294868	Marionette	INFO	sendToClient: {"from":"0","value":{"frame":{"ELEMENT":"{e0aefbf5-4485-4b0e-a71e-1648f5a6b7a5}"},"src":"app://homescreen.gaiamobile.org/index.html#root","name":"Homescreen","origin":"app://homescreen.gaiamobile.org"}}, {24686cc1-64b0-47d8-9a41-0634bb43fe5e}, {24686cc1-64b0-47d8-9a41-0634bb43fe5e}
04-28 04:08:14.861 E/GeckoConsole(   83): Content JS LOG at dummy file:392 in GaiaApps.displayedApp: app with origin 'app://homescreen.gaiamobile.org' is displayed
04-28 04:08:14.881 I/Gecko   (   83): 1398683294889	Marionette	DEBUG	Got request: switchToFrame, data: {"to":"0","sessionId":"3-b2g","name":"switchToFrame","parameters":{"focus":true,"element":"{e0aefbf5-4485-4b0e-a71e-1648f5a6b7a5}"}}, id: {3e3231da-164f-4fa0-87d1-b6e43c5aa6cf}
04-28 04:08:14.891 I/Gecko   (   83): 1398683294901	Marionette	INFO	Switched to frame: {"frameValue":"{e0aefbf5-4485-4b0e-a71e-1648f5a6b7a5}"}
04-28 04:08:14.901 I/Gecko   (   83): 1398683294907	Marionette	INFO	trying remote frame 0
04-28 04:08:14.901 I/Gecko   (   83): 1398683294914	Marionette	INFO	deleting frame
04-28 04:08:14.911 I/Gecko   (   83): 1398683294925	Marionette	INFO	frame-manager load script: [object ChromeMessageSender]
04-28 04:08:15.011 W/WifiHW  (   83): wifi_command: SIGNAL_POLL
04-28 04:08:15.231 I/Gecko   (   83): 1398683295244	Marionette	INFO	sendToClient: {"from":"0","ok":true}, {3e3231da-164f-4fa0-87d1-b6e43c5aa6cf}, {3e3231da-164f-4fa0-87d1-b6e43c5aa6cf}
04-28 04:08:15.351 I/Gecko   (   83): 1398683295360	Marionette	INFO	sendToClient: {"from":"0","value":{"ELEMENT":"{ab092f30-0aa9-4679-8966-c764cb97fc8b}"}}, {f98a4d83-c575-4e07-a5f9-77b733ebde91}, {f98a4d83-c575-4e07-a5f9-77b733ebde91}
04-28 04:08:15.711 E/GeckoConsole(  826): [JavaScript Warning: "Use of getAttributeNode() is deprecated. Use getAttribute() instead." {file: "chrome://marionette/content/atoms.js" line: 25}]
04-28 04:08:15.721 E/GeckoConsole(  826): [JavaScript Warning: "Use of attributes' specified attribute is deprecated. It always returns true." {file: "chrome://marionette/content/atoms.js" line: 25}]
04-28 04:08:15.721 I/Gecko   (   83): 1398683295731	Marionette	INFO	sendToClient: {"from":"0","value":"normal"}, {46fc7be5-db93-41ba-a7ec-2a59dd191db8}, {46fc7be5-db93-41ba-a7ec-2a59dd191db8}
04-28 04:08:15.731 I/Gecko   (   83): 1398683295738	Marionette	DEBUG	Got request: switchToFrame, data: {"to":"0","sessionId":"3-b2g","name":"switchToFrame","parameters":{"id":null,"focus":true}}, id: {7c6d92e5-bb35-4b69-90c6-f309103e0e52}
04-28 04:08:15.741 I/Gecko   (   83): 1398683295754	Marionette	INFO	Switched to frame: {"frameValue":null}
04-28 04:08:15.851 I/Gecko   (   83): 1398683295859	Marionette	INFO	sendToClient: {"from":"0","ok":true}, {7c6d92e5-bb35-4b69-90c6-f309103e0e52}, {7c6d92e5-bb35-4b69-90c6-f309103e0e52}
04-28 04:08:15.851 I/Gecko   (   83): 1398683295866	Marionette	DEBUG	Got request: execute, data: {"to":"0","sessionId":"3-b2g","name":"executeScript","parameters":{"specialPowers":false,"scriptTimeout":null,"newSandbox":true,"args":[],"filename":"gaia_test.py","script":"window.wrappedJSObject.dispatchEvent(new Event('home'));","line":788}}, id: {42f8fa62-1c93-404c-b89d-1b2d4abe7829}
04-28 04:08:15.941 I/Gecko   (   83): 1398683295947	Marionette	INFO	sendToClient: {"from":"0","value":null}, {42f8fa62-1c93-404c-b89d-1b2d4abe7829}, {42f8fa62-1c93-404c-b89d-1b2d4abe7829}
04-28 04:08:15.951 I/Gecko   (   83): 1398683295960	Marionette	DEBUG	Got request: switchToFrame, data: {"to":"0","sessionId":"3-b2g","name":"switchToFrame","parameters":{"id":null,"focus":true}}, id: {ab637821-cf3d-4f59-aa24-a029933d70f3}
04-28 04:08:15.951 I/Gecko   (   83): 1398683295963	Marionette	INFO	Switched to frame: {"frameValue":null}
04-28 04:08:16.061 I/Gecko   (   83): 1398683296069	Marionette	INFO	sendToClient: {"from":"0","ok":true}, {ab637821-cf3d-4f59-aa24-a029933d70f3}, {ab637821-cf3d-4f59-aa24-a029933d70f3}
04-28 04:08:16.071 I/Gecko   (   83): 1398683296082	Marionette	DEBUG	Got request: switchToFrame, data: {"to":"0","sessionId":"3-b2g","name":"switchToFrame","parameters":{"id":null,"focus":true}}, id: {45a95b73-633f-41cc-b05b-ca35fa50990e}
04-28 04:08:16.071 I/Gecko   (   83): 1398683296084	Marionette	INFO	Switched to frame: {"frameValue":null}
04-28 04:08:16.181 I/Gecko   (   83): 1398683296187	Marionette	INFO	sendToClient: {"from":"0","ok":true}, {45a95b73-633f-41cc-b05b-ca35fa50990e}, {45a95b73-633f-41cc-b05b-ca35fa50990e}
04-28 04:08:16.181 I/Gecko   (   83): 1398683296194	Marionette	DEBUG	Got request: executeWithCallback, data: {"to":"0","sessionId":"3-b2g","name":"executeAsyncScript","parameters":{"specialPowers":false,"scriptTimeout":null,"newSandbox":true,"args":[],"filename":"gaia_test.py","script":"return GaiaApps.displayedApp();","line":66}}, id: {b44a9a82-0e2b-4ab5-8f8c-6fcc4f41c7e8}
04-28 04:08:16.661 I/Gecko   (   83): 1398683296668	Marionette	INFO	sendToClient: {"from":"0","value":{"frame":{"ELEMENT":"{e0aefbf5-4485-4b0e-a71e-1648f5a6b7a5}"},"src":"app://homescreen.gaiamobile.org/index.html#rootMon%20Apr%2028%202014%2004:08:15%20GMT-0700%20(UTC)","name":"Homescreen","origin":"app://homescreen.gaiamobile.org"}}, {b44a9a82-0e2b-4ab5-8f8c-6fcc4f41c7e8}, {b44a9a82-0e2b-4ab5-8f8c-6fcc4f41c7e8}
04-28 04:08:16.661 E/GeckoConsole(   83): Content JS LOG at dummy file:392 in GaiaApps.displayedApp: app with origin 'app://homescreen.gaiamobile.org' is displayed
04-28 04:08:16.761 I/Gecko   (   83): 1398683296769	Marionette	DEBUG	Got request: switchToFrame, data: {"to":"0","sessionId":"3-b2g","name":"switchToFrame","parameters":{"focus":true,"element":"{e0aefbf5-4485-4b0e-a71e-1648f5a6b7a5}"}}, id: {c782a3db-437e-4863-971a-951393c9580d}
04-28 04:08:16.771 I/Gecko   (   83): 1398683296785	Marionette	INFO	Switched to frame: {"frameValue":"{e0aefbf5-4485-4b0e-a71e-1648f5a6b7a5}"}
04-28 04:08:16.791 I/Gecko   (   83): 1398683296804	Marionette	INFO	trying remote frame 0
04-28 04:08:16.881 I/Gecko   (   83): 1398683296896	Marionette	INFO	sendToClient: {"from":"0","ok":true}, {c782a3db-437e-4863-971a-951393c9580d}, {c782a3db-437e-4863-971a-951393c9580d}
04-28 04:08:16.891 I/Gecko   (   83): 1398683296905	Marionette	DEBUG	Got request: execute, data: {"to":"0","sessionId":"3-b2g","name":"executeScript","parameters":{"specialPowers":false,"scriptTimeout":null,"newSandbox":true,"args":[],"filename":"gaia_test.py","script":"return window.wrappedJSObject.GridManager.pageHelper.getCurrentPageNumber();","line":784}}, id: {26e456c8-adec-442a-b4bf-c7a86f6a3454}
04-28 04:08:16.951 V/AudioPolicyManagerBase(   88): getDeviceForStrategy() from cache strategy 0, device 2
04-28 04:08:16.961 V/AudioPolicyManagerBase(   88): getOutput() stream 1, samplingRate 0, format 0, channels 3, flags 0
04-28 04:08:17.021 V/AudioPolicyManagerBase(   88): startOutput() output 1, stream 1, session 2
04-28 04:08:17.021 V/AudioPolicyManagerBase(   88): startReadingThread
04-28 04:08:17.021 V/AudioPolicyManagerBase(   88): changeRefCount() stream 1, count 1
04-28 04:08:17.021 V/AudioPolicyManagerBase(   88): getDeviceForStrategy() from cache strategy 0, device 2
04-28 04:08:17.021 V/AudioPolicyManagerBase(   88): getNewDevice() selected device 2
04-28 04:08:17.021 D/AudioPolicyManagerBase(   88): setOutputDevice() output 1 device 2 delayMs 0
04-28 04:08:17.021 V/AudioPolicyManagerBase(   88): setOutputDevice() setting same device 2 or null device for output 1
04-28 04:08:17.021 E/AudioPolicyManagerBase(   88): checkAndSetVolume stream=1, index=0, output=1, device=2
04-28 04:08:17.021 E/AudioPolicyManagerBase(   88): computeVolume, streamDesc=0x633bb8
04-28 04:08:17.041 V/AudioPolicyManagerBase(   88): ThreadWrapper 0x633b40
04-28 04:08:17.041 V/AudioPolicyManagerBase(   88): threadFunc in
04-28 04:08:17.061 W/AudioFlinger(   88): Thread AudioOut_1 cannot connect to the power manager service
04-28 04:08:17.061 V/AudioPolicyManagerBase(   88): stopOutput() output 1, stream 1, session 2
04-28 04:08:17.061 V/AudioPolicyManagerBase(   88): stopReadingThread
04-28 04:08:17.141 V/AudioPolicyManagerBase(   88): threadFunc exit
04-28 04:08:17.141 V/AudioPolicyManagerBase(   88): changeRefCount() stream 1, count 0
04-28 04:08:17.141 V/AudioPolicyManagerBase(   88): getNewDevice() selected device 0
04-28 04:08:17.141 D/AudioPolicyManagerBase(   88): setOutputDevice() output 1 device 0 delayMs 290
04-28 04:08:17.141 V/AudioPolicyManagerBase(   88): setOutputDevice() setting same device 0 or null device for output 1
04-28 04:08:17.151 V/AudioPolicyManagerBase(   88): startOutput() output 1, stream 1, session 2
04-28 04:08:17.151 V/AudioPolicyManagerBase(   88): changeRefCount() stream 1, count 1
04-28 04:08:17.151 V/AudioPolicyManagerBase(   88): getDeviceForStrategy() from cache strategy 0, device 2
04-28 04:08:17.151 V/AudioPolicyManagerBase(   88): getNewDevice() selected device 2
04-28 04:08:17.151 D/AudioPolicyManagerBase(   88): setOutputDevice() output 1 device 2 delayMs 0
04-28 04:08:17.151 V/AudioPolicyManagerBase(   88): setOutputDevice() setting same device 2 or null device for output 1
04-28 04:08:17.151 E/AudioPolicyManagerBase(   88): checkAndSetVolume stream=1, index=0, output=1, device=2
04-28 04:08:17.151 E/AudioPolicyManagerBase(   88): computeVolume, streamDesc=0x633bb8
04-28 04:08:17.151 V/AudioPolicyManagerBase(   88): stopOutput() output 1, stream 1, session 2
04-28 04:08:17.151 V/AudioPolicyManagerBase(   88): changeRefCount() stream 1, count 0
04-28 04:08:17.151 V/AudioPolicyManagerBase(   88): getNewDevice() selected device 0
04-28 04:08:17.151 D/AudioPolicyManagerBase(   88): setOutputDevice() output 1 device 0 delayMs 290
04-28 04:08:17.151 V/AudioPolicyManagerBase(   88): setOutputDevice() setting same device 0 or null device for output 1
04-28 04:08:17.171 V/AudioPolicyManagerBase(   88): releaseOutput() 1
04-28 04:08:17.251 I/Gecko   (   83): 1398683297260	Marionette	INFO	sendToClient: {"from":"0","value":0}, {26e456c8-adec-442a-b4bf-c7a86f6a3454}, {26e456c8-adec-442a-b4bf-c7a86f6a3454}
04-28 04:08:18.891 I/Gecko   (   83): 1398683298897	Marionette	INFO	sendToClient: {"from":"0","value":["{c79d6163-32da-4f76-8942-a162e17ae04b}","{b6a44c7b-2b05-4f04-a25d-ee31af804394}","{9113403e-a7fe-4bde-bdd5-d0e5f84142cf}","{679c6305-22f4-42c6-993e-9b8ac9458c00}","{961e3da3-9e1f-4a73-a064-338276f32a6a}","{07484a84-a85c-498b-ba4b-b63ccb4d68ea}","{ce0831a2-45fb-4844-b258-8b7cea2e50fa}","{fc4af97f-17e9-41e9-9480-64884faed300}","{c53084ad-7c17-4e99-ac0f-e54e6a1b9b16}","{23c0e1ca-6440-4032-830f-827f2c8b2bac}","{beec715e-93cb-432a-94ea-42ffbb6b59b4}","{ed8617fe-07c9-4739-bac5-fccfc78a1068}","{16198993-1c94-49ce-a024-1527fc6c7aaf}","{e745926b-8d60-462f-aad7-9627e6c3c929}","{f6aa5a3f-3e36-48e1-a1cd-25cafa7efe2d}","{3f1ff093-4e8c-4d34-b9ce-f401e61836f6}","{71761b8d-9a85-4c47-9d99-77da6c9244b2}","{a4b025ce-1032-4b2a-b93d-32bcb860dc2c}","{c1431b06-2775-4e71-97bb-eadd96985679}","{4a2a2d8d-1492-4feb-a8d3-699f1381020f}","{69aab4f9-c37e-4dc1-a36e-f25770e179ae}","{5de20805-0d38-4699-a299-ba87c0ee49e5}","{b00ca0ea-2e9d-4eff-b8a1-e0e65db74a30}","{f707f68e-1eb3
04-28 04:08:18.981 E/GeckoConsole(  826): Content JS WARN at app://homescreen.gaiamobile.org/gaia_build_defer_index.js:184 in isHiddenApp: Unexpected role when checking hidden app: undefined
04-28 04:08:18.981 E/GeckoConsole(  826): Content JS WARN at app://homescreen.gaiamobile.org/gaia_build_defer_index.js:184 in isHiddenApp: Unexpected role when checking hidden app: undefined
04-28 04:08:18.981 E/GeckoConsole(  826): Content JS WARN at app://homescreen.gaiamobile.org/gaia_build_defer_index.js:184 in isHiddenApp: Unexpected role when checking hidden app: undefined
04-28 04:08:18.981 E/GeckoConsole(  826): Content JS WARN at app://homescreen.gaiamobile.org/gaia_build_defer_index.js:184 in isHiddenApp: Unexpected role when checking hidden app: undefined
04-28 04:08:18.981 E/GeckoConsole(  826): Content JS WARN at app://homescreen.gaiamobile.org/gaia_build_defer_index.js:184 in isHiddenApp: Unexpected role when checking hidden app: undefined
04-28 04:08:18.981 E/GeckoConsole(  826): Content JS WARN at app://homescreen.gaiamobile.org/gaia_build_defer_index.js:184 in isHiddenApp: Unexpected role when checking hidden app: undefined
04-28 04:08:18.981 E/GeckoConsole(  826): Content JS WARN at app://homescreen.gaiamobile.org/gaia_build_defer_index.js:184 in isHiddenApp: Unexpected role when checking hidden app: undefined
04-28 04:08:18.981 E/GeckoConsole(  826): Content JS WARN at app://homescreen.gaiamobile.org/gaia_build_defer_index.js:184 in isHiddenApp: Unexpected role when checking hidden app: undefined
04-28 04:08:18.981 E/GeckoConsole(  826): Content JS WARN at app://homescreen.gaiamobile.org/gaia_build_defer_index.js:184 in isHiddenApp: Unexpected role when checking hidden app: undefined
04-28 04:08:18.981 E/GeckoConsole(  826): Content JS WARN at app://homescreen.gaiamobile.org/gaia_build_defer_index.js:184 in isHiddenApp: Unexpected role when checking hidden app: undefined
04-28 04:08:18.981 E/GeckoConsole(  826): Content JS WARN at app://homescreen.gaiamobile.org/gaia_build_defer_index.js:184 in isHiddenApp: Unexpected role when checking hidden app: undefined
04-28 04:08:18.981 E/GeckoConsole(  826): Content JS WARN at app://homescreen.gaiamobile.org/gaia_build_defer_index.js:184 in isHiddenApp: Unexpected role when checking hidden app: undefined
04-28 04:08:18.981 E/GeckoConsole(  826): Content JS WARN at app://homescreen.gaiamobile.org/gaia_build_defer_index.js:184 in isHiddenApp: Unexpected role when checking hidden app: undefined
04-28 04:08:18.991 E/GeckoConsole(  826): Content JS WARN at app://homescreen.gaiamobile.org/gaia_build_defer_index.js:184 in isHiddenApp: Unexpected role when checking hidden app: undefined
04-28 04:08:18.991 E/GeckoConsole(  826): Content JS WARN at app://homescreen.gaiamobile.org/gaia_build_defer_index.js:184 in isHiddenApp: Unexpected role when checking hidden app: undefined
04-28 04:08:18.991 E/GeckoConsole(  826): Content JS WARN at app://homescreen.gaiamobile.org/gaia_build_defer_index.js:184 in isHiddenApp: Unexpected role when checking hidden app: undefined
04-28 04:08:18.991 E/GeckoConsole(  826): Content JS WARN at app://homescreen.gaiamobile.org/gaia_build_defer_index.js:184 in isHiddenApp: Unexpected role when checking hidden app: undefined
04-28 04:08:18.991 E/GeckoConsole(  826): Content JS WARN at app://homescreen.gaiamobile.org/gaia_build_defer_index.js:184 in isHiddenApp: Unexpected role when checking hidden app: undefined
04-28 04:08:18.991 E/GeckoConsole(  826): Content JS WARN at app://homescreen.gaiamobile.org/gaia_build_defer_index.js:184 in isHiddenApp: Unexpected role when checking hidden app: undefined
04-28 04:08:18.991 E/GeckoConsole(  826): Content JS WARN at app://homescreen.gaiamobile.org/gaia_build_defer_index.js:184 in isHiddenApp: Unexpected role when checking hidden app: undefined
04-28 04:08:18.991 E/GeckoConsole(  826): Content JS WARN at app://homescreen.gaiamobile.org/gaia_build_defer_index.js:184 in isHiddenApp: Unexpected role when checking hidden app: undefined
04-28 04:08:18.991 E/GeckoConsole(  826): Content JS WARN at app://homescreen.gaiamobile.org/gaia_build_defer_index.js:184 in isHiddenApp: Unexpected role when checking hidden app: undefined
04-28 04:08:18.991 E/GeckoConsole(  826): Content JS WARN at app://homescreen.gaiamobile.org/gaia_build_defer_index.js:184 in isHiddenApp: Unexpected role when checking hidden app: undefined
04-28 04:08:18.991 E/GeckoConsole(  826): Content JS WARN at app://homescreen.gaiamobile.org/gaia_build_defer_index.js:184 in isHiddenApp: Unexpected role when checking hidden app: undefined
04-28 04:08:18.991 E/GeckoConsole(  826): Content JS WARN at app://homescreen.gaiamobile.org/gaia_build_defer_index.js:184 in isHiddenApp: Unexpected role when checking hidden app: undefined
04-28 04:08:19.001 E/GeckoConsole(  826): Content JS WARN at app://homescreen.gaiamobile.org/gaia_build_defer_index.js:184 in isHiddenApp: Unexpected role when checking hidden app: undefined
04-28 04:08:19.001 E/GeckoConsole(  826): Content JS WARN at app://homescreen.gaiamobile.org/gaia_build_defer_index.js:184 in isHiddenApp: Unexpected role when checking hidden app: undefined
04-28 04:08:19.001 E/GeckoConsole(  826): Content JS WARN at app://homescreen.gaiamobile.org/gaia_build_defer_index.js:184 in isHiddenApp: Unexpected role when checking hidden app: undefined
04-28 04:08:19.001 E/GeckoConsole(  826): Content JS WARN at app://homescreen.gaiamobile.org/gaia_build_defer_index.js:184 in isHiddenApp: Unexpected role when checking hidden app: undefined
04-28 04:08:19.001 E/GeckoConsole(  826): Content JS WARN at app://homescreen.gaiamobile.org/gaia_build_defer_index.js:184 in isHiddenApp: Unexpected role when checking hidden app: undefined
04-28 04:08:19.001 E/GeckoConsole(  826): Content JS WARN at app://homescreen.gaiamobile.org/gaia_build_defer_index.js:184 in isHiddenApp: Unexpected role when checking hidden app: undefined
04-28 04:08:19.001 E/GeckoConsole(  826): Content JS WARN at app://homescreen.gaiamobile.org/gaia_build_defer_index.js:184 in isHiddenApp: Unexpected role when checking hidden app: undefined
04-28 04:08:19.001 E/GeckoConsole(  826): Content JS WARN at app://homescreen.gaiamobile.org/gaia_build_defer_index.js:184 in isHiddenApp: Unexpected role when checking hidden app: undefined
04-28 04:08:19.001 E/GeckoConsole(  826): Content JS WARN at app://homescreen.gaiamobile.org/gaia_build_defer_index.js:184 in isHiddenApp: Unexpected role when checking hidden app: undefined
04-28 04:08:19.001 E/GeckoConsole(  826): Content JS WARN at app://homescreen.gaiamobile.org/gaia_build_defer_index.js:184 in isHiddenApp: Unexpected role when checking hidden app: undefined
04-28 04:08:19.001 E/GeckoConsole(  826): Content JS WARN at app://homescreen.gaiamobile.org/gaia_build_defer_index.js:184 in isHiddenApp: Unexpected role when checking hidden app: undefined
04-28 04:08:19.011 E/GeckoConsole(  826): Content JS WARN at app://homescreen.gaiamobile.org/gaia_build_defer_index.js:184 in isHiddenApp: Unexpected role when checking hidden app: undefined
04-28 04:08:19.011 E/GeckoConsole(  826): Content JS WARN at app://homescreen.gaiamobile.org/gaia_build_defer_index.js:184 in isHiddenApp: Unexpected role when checking hidden app: undefined
04-28 04:08:19.011 E/GeckoConsole(  826): Content JS WARN at app://homescreen.gaiamobile.org/gaia_build_defer_index.js:184 in isHiddenApp: Unexpected role when checking hidden app: undefined
04-28 04:08:19.011 E/GeckoConsole(  826): Content JS WARN at app://homescreen.gaiamobile.org/gaia_build_defer_index.js:184 in isHiddenApp: Unexpected role when checking hidden app: undefined
04-28 04:08:19.011 E/GeckoConsole(  826): Content JS WARN at app://homescreen.gaiamobile.org/gaia_build_defer_index.js:184 in isHiddenApp: Unexpected role when checking hidden app: undefined
04-28 04:08:19.011 E/GeckoConsole(  826): Content JS WARN at app://homescreen.gaiamobile.org/gaia_build_defer_index.js:184 in isHiddenApp: Unexpected role when checking hidden app: undefined
04-28 04:08:19.011 E/GeckoConsole(  826): Content JS WARN at app://homescreen.gaiamobile.org/gaia_build_defer_index.js:184 in isHiddenApp: Unexpected role when checking hidden app: undefined
04-28 04:08:19.011 E/GeckoConsole(  826): Content JS WARN at app://homescreen.gaiamobile.org/gaia_build_defer_index.js:184 in isHiddenApp: Unexpected role when checking hidden app: undefined
04-28 04:08:19.351 I/Gecko   (   83): 1398683299360	Marionette	INFO	sendToClient: {"from":"0","value":"app://homescreen.gaiamobile.org/index.html#rootMon%20Apr%2028%202014%2004:08:15%20GMT-0700%20(UTC)"}, {4c5d8927-d51a-455c-9658-b1dbcef506a5}, {4c5d8927-d51a-455c-9658-b1dbcef506a5}
04-28 04:08:19.361 I/Gecko   (   83): 1398683299368	Marionette	DEBUG	Got request: switchToFrame, data: {"to":"0","sessionId":"3-b2g","name":"switchToFrame","parameters":{"id":null,"focus":true}}, id: {865fe972-c78b-43d3-a0f6-d24deb580941}
04-28 04:08:19.381 I/Gecko   (   83): 1398683299390	Marionette	INFO	Switched to frame: {"frameValue":null}
04-28 04:08:19.491 I/Gecko   (   83): 1398683299500	Marionette	INFO	sendToClient: {"from":"0","ok":true}, {865fe972-c78b-43d3-a0f6-d24deb580941}, {865fe972-c78b-43d3-a0f6-d24deb580941}
04-28 04:08:19.491 I/Gecko   (   83): 1398683299506	Marionette	DEBUG	Got request: switchToFrame, data: {"to":"0","sessionId":"3-b2g","name":"switchToFrame","parameters":{"id":null,"focus":true}}, id: {2ec37e38-08ec-4057-973c-06f0bc5409f2}
04-28 04:08:19.501 I/Gecko   (   83): 1398683299508	Marionette	INFO	Switched to frame: {"frameValue":null}
04-28 04:08:19.601 I/Gecko   (   83): 1398683299610	Marionette	INFO	sendToClient: {"from":"0","ok":true}, {2ec37e38-08ec-4057-973c-06f0bc5409f2}, {2ec37e38-08ec-4057-973c-06f0bc5409f2}
04-28 04:08:19.621 I/Gecko   (   83): 1398683299632	Marionette	DEBUG	Got request: executeWithCallback, data: {"to":"0","sessionId":"3-b2g","name":"executeAsyncScript","parameters":{"specialPowers":false,"scriptTimeout":30000,"newSandbox":true,"args":[],"filename":"app_checker.py","script":"GaiaApps.launchWithManifestURL('https://marketplace.firefox.com/app/203d793e-6592-4bfd-9e7f-7abfb1d11f47/manifest.webapp')","line":106}}, id: {0f02109e-1711-48c2-a3e0-de95abc59390}
04-28 04:08:19.751 I/Gonk    (   83): Setting nice for pid 837 to 18
04-28 04:08:19.751 I/Gonk    (   83): Changed nice for pid 837 from 18 to 18.
04-28 04:08:19.751 I/Gecko   (   83): [Parent 83] WARNING: waitpid failed pid:837 errno:10: file ../../../gecko/ipc/chromium/src/base/process_util_posix.cc, line 254
04-28 04:08:19.761 I/Gonk    (   83): Setting nice for pid 837 to 1
04-28 04:08:19.761 I/Gonk    (   83): Changed nice for pid 837 from 18 to 1.
04-28 04:08:19.851 E/GeckoConsole(   83): Content JS LOG at dummy file:334 in GaiaApps.launch: launching app with name 'Sport.pl'
04-28 04:08:20.001 E/[Gralloc-ERROR](   83): int gralloc_register_buffer(const gralloc_module_t*, const native_handle_t*):79 Unable to register handle 0x49e6a290 coming from different process: 83
04-28 04:08:20.061 E/[Gralloc-ERROR](   83): int gralloc_register_buffer(const gralloc_module_t*, const native_handle_t*):79 Unable to register handle 0x49e6a330 coming from different process: 83
04-28 04:08:20.091 E/[Gralloc-ERROR](   83): int gralloc_register_buffer(const gralloc_module_t*, const native_handle_t*):79 Unable to register handle 0x49e6a3d0 coming from different process: 83
04-28 04:08:20.091 E/[Gralloc-ERROR](   83): int gralloc_register_buffer(const gralloc_module_t*, const native_handle_t*):79 Unable to register handle 0x49e6a470 coming from different process: 83
04-28 04:08:20.191 W/WifiHW  (   83): wifi_command: SIGNAL_POLL
04-28 04:08:20.241 I/Gonk    (   83): Setting nice for pid 826 to 18
04-28 04:08:20.241 I/Gonk    (   83): Changed nice for pid 826 from 1 to 18.
04-28 04:08:20.961 I/Gecko   (  837): ###################################### forms.js loaded
04-28 04:08:21.051 I/Gecko   (  837): ############################### browserElementPanning.js loaded
04-28 04:08:21.101 I/Gecko   (  837): ######################## BrowserElementChildPreload.js loaded
04-28 04:08:21.941 I/log     (  916): <4>0[ 314.247524] select 826 (Homescreen), adj 8, size 7054, to kill 
04-28 04:08:22.491 I/Gecko   (   83): [Parent 83] WARNING: pipe error (131): Connection reset by peer: file ../../../gecko/ipc/chromium/src/chrome/common/ipc_channel_posix.cc, line 446
04-28 04:08:22.491 I/Gecko   (   83): 
04-28 04:08:22.491 I/Gecko   (   83): ###!!! [Parent][MessageChannel] Error: Channel error: cannot send/recv
04-28 04:08:22.491 I/Gecko   (   83): 
04-28 04:08:22.531 I/Gecko   (   83): [Parent 83] WARNING: pipe error (133): Connection reset by peer: file ../../../gecko/ipc/chromium/src/chrome/common/ipc_channel_posix.cc, line 446
04-28 04:08:22.531 I/GeckoDump(   83): Crash reporter : Can't fetch app.reportCrashes. Exception: [Exception... "Component returned failure code: 0x8000ffff (NS_ERROR_UNEXPECTED) [nsIPrefBranch.getBoolPref]"  nsresult: "0x8000ffff (NS_ERROR_UNEXPECTED)"  location: "JS frame :: chrome://browser/content/shell.js :: shell_reportCrash :: line 7"  data: no]
04-28 04:08:22.551 I/Gecko   (   83): [Parent 83] WARNING: waitpid failed pid:826 errno:10: file ../../../gecko/ipc/chromium/src/base/process_util_posix.cc, line 254
04-28 04:08:22.811 E/GeckoConsole(  837): [JavaScript Warning: "Unknown property 'box-sizing'.  Declaration dropped." {file: "app://{4f8de095-336b-47ab-b0d4-a36f55ee20bb}/css/headers.css" line: 55 column: 17 source: "       box-sizing: border-box;"}]
04-28 04:08:22.811 E/GeckoConsole(  837): [JavaScript Warning: "Unknown property 'box-sizing'.  Declaration dropped." {file: "app://{4f8de095-336b-47ab-b0d4-a36f55ee20bb}/css/headers.css" line: 102 column: 17 source: "       box-sizing: border-box;"}]
04-28 04:08:22.821 E/GeckoConsole(  837): [JavaScript Warning: "Unknown property 'box-sizing'.  Declaration dropped." {file: "app://{4f8de095-336b-47ab-b0d4-a36f55ee20bb}/css/buttons.css" line: 18 column: 17 source: "       box-sizing: border-box;"}]
04-28 04:08:22.831 E/GeckoConsole(  837): [JavaScript Warning: "Unknown property 'box-sizing'.  Declaration dropped." {file: "app://{4f8de095-336b-47ab-b0d4-a36f55ee20bb}/css/tabs.css" line: 150 column: 17 source: "       box-sizing: border-box;"}]
04-28 04:08:22.861 E/GeckoConsole(  837): [JavaScript Warning: "Unknown property 'box-sizing'.  Declaration dropped." {file: "app://{4f8de095-336b-47ab-b0d4-a36f55ee20bb}/css/styles.css" line: 100 column: 13 source: "		 box-sizing: border-box;"}]
04-28 04:08:22.861 E/GeckoConsole(  837): [JavaScript Warning: "Unknown property 'box-sizing'.  Declaration dropped." {file: "app://{4f8de095-336b-47ab-b0d4-a36f55ee20bb}/css/styles.css" line: 108 column: 13 source: "		 box-sizing: border-box;"}]
04-28 04:08:22.861 E/GeckoConsole(  837): [JavaScript Warning: "Unknown property 'box-sizing'.  Declaration dropped." {file: "app://{4f8de095-336b-47ab-b0d4-a36f55ee20bb}/css/styles.css" line: 123 column: 13 source: "		 box-sizing: border-box;"}]
04-28 04:08:22.861 E/GeckoConsole(  837): [JavaScript Warning: "Unknown property 'box-sizing'.  Declaration dropped." {file: "app://{4f8de095-336b-47ab-b0d4-a36f55ee20bb}/css/styles.css" line: 169 column: 13 source: "		 box-sizing: border-box;"}]
04-28 04:08:22.861 E/GeckoConsole(  837): [JavaScript Warning: "Error in parsing value for 'background-image'.  Declaration dropped." {file: "app://{4f8de095-336b-47ab-b0d4-a36f55ee20bb}/css/styles.css" line: 190 column: 19 source: "	background-image: -moz-gradient("}]
04-28 04:08:22.861 E/GeckoConsole(  837): [JavaScript Warning: "Expected color but found 'bottom'.  Error in parsing value for 'background-image'.  Declaration dropped." {file: "app://{4f8de095-336b-47ab-b0d4-a36f55ee20bb}/css/styles.css" line: 197 column: 35 source: "	background-image: linear-gradient(bottom, rgb(255,255,255) 0%, rgb(240,237,240) 100%);"}]
04-28 04:08:22.861 E/GeckoConsole(  837): [JavaScript Warning: "Error in parsing value for 'background-image'.  Declaration dropped." {file: "app://{4f8de095-336b-47ab-b0d4-a36f55ee20bb}/css/styles.css" line: 203 column: 19 source: "	background-image: -moz-gradient("}]
04-28 04:08:22.861 E/GeckoConsole(  837): [JavaScript Warning: "Expected color but found 'bottom'.  Error in parsing value for 'background-image'.  Declaration dropped." {file: "app://{4f8de095-336b-47ab-b0d4-a36f55ee20bb}/css/styles.css" line: 210 column: 35 source: "	background-image: linear-gradient(bottom, rgb(255,255,255) 0%, rgb(240,237,240) 100%);"}]
04-28 04:08:22.861 E/GeckoConsole(  837): [JavaScript Warning: "Unknown property 'box-sizing'.  Declaration dropped." {file: "app://{4f8de095-336b-47ab-b0d4-a36f55ee20bb}/css/styles.css" line: 240 column: 13 source: "		 box-sizing: border-box;"}]
04-28 04:08:22.861 E/GeckoConsole(  837): [JavaScript Warning: "Unknown property 'box-sizing'.  Declaration dropped." {file: "app://{4f8de095-336b-47ab-b0d4-a36f55ee20bb}/css/styles.css" line: 252 column: 13 source: "		 box-sizing: border-box;"}]
04-28 04:08:22.861 E/GeckoConsole(  837): [JavaScript Warning: "Error in parsing value for 'background-image'.  Declaration dropped." {file: "app://{4f8de095-336b-47ab-b0d4-a36f55ee20bb}/css/styles.css" line: 321 column: 19 source: "	background-image: -moz-gradient("}]
04-28 04:08:22.861 E/GeckoConsole(  837): [JavaScript Warning: "Expected color but found 'bottom'.  Error in parsing value for 'background-image'.  Declaration dropped." {file: "app://{4f8de095-336b-47ab-b0d4-a36f55ee20bb}/css/styles.css" line: 328 column: 35 source: "	background-image: linear-gradient(bottom, rgb(240,237,240) 0%, rgb(255,255,255) 100%);"}]
04-28 04:08:22.861 E/GeckoConsole(  837): [JavaScript Warning: "Unknown property 'box-sizing'.  Declaration dropped." {file: "app://{4f8de095-336b-47ab-b0d4-a36f55ee20bb}/css/styles.css" line: 340 column: 13 source: "		 box-sizing: border-box;"}]
04-28 04:08:22.861 E/GeckoConsole(  837): [JavaScript Warning: "Unknown property 'box-sizing'.  Declaration dropped." {file: "app://{4f8de095-336b-47ab-b0d4-a36f55ee20bb}/css/styles.css" line: 350 column: 13 source: "		 box-sizing: border-box;"}]
04-28 04:08:22.861 E/GeckoConsole(  837): [JavaScript Warning: "Unknown property 'box-sizing'.  Declaration dropped." {file: "app://{4f8de095-336b-47ab-b0d4-a36f55ee20bb}/css/styles.css" line: 376 column: 15 source: "  		 box-sizing: border-box;"}]
04-28 04:08:22.871 E/GeckoConsole(  837): [JavaScript Warning: "Unknown property 'box-sizing'.  Declaration dropped." {file: "app://{4f8de095-336b-47ab-b0d4-a36f55ee20bb}/css/styles.css" line: 394 column: 15 source: "  		 box-sizing: border-box;"}]
04-28 04:08:22.871 E/GeckoConsole(  837): [JavaScript Warning: "Error in parsing value for 'background-image'.  Declaration dropped." {file: "app://{4f8de095-336b-47ab-b0d4-a36f55ee20bb}/css/styles.css" line: 432 column: 19 source: "	background-image: -moz-gradient("}]
04-28 04:08:22.871 E/GeckoConsole(  837): [JavaScript Warning: "Expected color but found 'bottom'.  Error in parsing value for 'background-image'.  Declaration dropped." {file: "app://{4f8de095-336b-47ab-b0d4-a36f55ee20bb}/css/styles.css" line: 439 column: 35 source: "	background-image: linear-gradient(bottom, rgb(240,237,240) 0%, rgb(255,255,255) 100%);"}]
04-28 04:08:22.871 E/GeckoConsole(  837): [JavaScript Warning: "Error in parsing value for 'background-image'.  Declaration dropped." {file: "app://{4f8de095-336b-47ab-b0d4-a36f55ee20bb}/css/styles.css" line: 517 column: 51 source: "	background-image: url('../images/plus_icon.png'), -moz-gradient("}]
04-28 04:08:22.871 E/GeckoConsole(  837): [JavaScript Warning: "Expected color but found 'bottom'.  Error in parsing value for 'background-image'.  Declaration dropped." {file: "app://{4f8de095-336b-47ab-b0d4-a36f55ee20bb}/css/styles.css" line: 524 column: 67 source: "	background-image: url('../images/plus_icon.png'), linear-gradient(bottom, rgb(210,210,210) 0%, rgb(255,255,255) 100%);"}]
04-28 04:08:22.871 E/GeckoConsole(  837): [JavaScript Warning: "Error in parsing value for 'background-image'.  Declaration dropped." {file: "app://{4f8de095-336b-47ab-b0d4-a36f55ee20bb}/css/styles.css" line: 532 column: 49 source: "	background-image: url('../images/ok_icon.png'), -moz-gradient("}]
04-28 04:08:22.871 E/GeckoConsole(  837): [JavaScript Warning: "Expected color but found 'bottom'.  Error in parsing value for 'background-image'.  Declaration dropped." {file: "app://{4f8de095-336b-47ab-b0d4-a36f55ee20bb}/css/styles.css" line: 539 column: 65 source: "	background-image: url('../images/ok_icon.png'), linear-gradient(bottom, rgb(210,210,210) 0%, rgb(255,255,255) 100%);"}]
04-28 04:08:22.871 E/GeckoConsole(  837): [JavaScript Warning: "Unknown property 'box-sizing'.  Declaration dropped." {file: "app://{4f8de095-336b-47ab-b0d4-a36f55ee20bb}/css/styles.css" line: 582 column: 15 source: "  		 box-sizing: border-box;"}]
04-28 04:08:22.871 E/GeckoConsole(  837): [JavaScript Warning: "Error in parsing value for 'background-image'.  Declaration dropped." {file: "app://{4f8de095-336b-47ab-b0d4-a36f55ee20bb}/css/styles.css" line: 590 column: 19 source: "	background-image: -moz-gradient("}]
04-28 04:08:22.871 E/GeckoConsole(  837): [JavaScript Warning: "Expected color but found 'bottom'.  Error in parsing value for 'background-image'.  Declaration dropped." {file: "app://{4f8de095-336b-47ab-b0d4-a36f55ee20bb}/css/styles.css" line: 597 column: 35 source: "	background-image: linear-gradient(bottom, rgb(139,139,139) 0%, rgb(139,139,139) 100%);"}]
04-28 04:08:22.871 E/GeckoConsole(  837): [JavaScript Warning: "Error in parsing value for 'background-image'.  Declaration dropped." {file: "app://{4f8de095-336b-47ab-b0d4-a36f55ee20bb}/css/styles.css" line: 646 column: 19 source: "	background-image: -moz-gradient("}]
04-28 04:08:22.871 E/GeckoConsole(  837): [JavaScript Warning: "Expected color but found 'bottom'.  Error in parsing value for 'background-image'.  Declaration dropped." {file: "app://{4f8de095-336b-47ab-b0d4-a36f55ee20bb}/css/styles.css" line: 653 column: 35 source: "	background-image: linear-gradient(bottom, rgb(4,39,87) 0%, rgb(16,68,139) 100%);"}]
04-28 04:08:24.551 I/Gecko   (   83): [Parent 83] WARNING: waitpid failed pid:826 errno:10: file ../../../gecko/ipc/chromium/src/base/process_util_posix.cc, line 254
04-28 04:08:24.551 I/Gecko   (   83): [Parent 83] WARNING: Failed to deliver SIGKILL to 826!(3).: file ../../../gecko/ipc/chromium/src/chrome/common/process_watcher_posix_sigchld.cc, line 118
04-28 04:08:24.931 I/Gonk    (   83): Setting nice for pid 924 to 18
04-28 04:08:24.931 I/Gonk    (   83): Changed nice for pid 924 from 0 to 18.
04-28 04:08:24.941 E/GeckoConsole(   83): Content JS LOG at dummy file:326 in GaiaApps.launch/appOpen/<: app with origin 'app://{4f8de095-336b-47ab-b0d4-a36f55ee20bb}' has launched
04-28 04:08:24.951 I/Gecko   (   83): 1398683304966	Marionette	INFO	sendToClient: {"from":"0","value":{"frame":{"ELEMENT":"{005a0cf8-d673-4de1-959a-f6cb9910bce8}"},"src":"app://{4f8de095-336b-47ab-b0d4-a36f55ee20bb}/index.html","name":"Sport.pl","origin":"app://{4f8de095-336b-47ab-b0d4-a36f55ee20bb}"}}, {0f02109e-1711-48c2-a3e0-de95abc59390}, {0f02109e-1711-48c2-a3e0-de95abc59390}
04-28 04:08:25.151 E/[Gralloc-ERROR](   83): int gralloc_unregister_buffer(const gralloc_module_t*, const native_handle_t*):274 Trying to unregister buffer 0x49e6a290 from process 83 that was not created in current process: 83
04-28 04:08:25.151 E/[Gralloc-ERROR](   83): int gralloc_unregister_buffer(const gralloc_module_t*, const native_handle_t*):274 Trying to unregister buffer 0x49e6a330 from process 83 that was not created in current process: 83
04-28 04:08:25.151 E/[Gralloc-ERROR](   83): int gralloc_unregister_buffer(const gralloc_module_t*, const native_handle_t*):274 Trying to unregister buffer 0x49e6a470 from process 83 that was not created in current process: 83
04-28 04:08:25.151 E/[Gralloc-ERROR](   83): int gralloc_unregister_buffer(const gralloc_module_t*, const native_handle_t*):274 Trying to unregister buffer 0x49e6a3d0 from process 83 that was not created in current process: 83
04-28 04:08:25.171 I/Gonk    (   83): Setting nice for pid 932 to 18
04-28 04:08:25.181 I/Gonk    (   83): Changed nice for pid 932 from 0 to 18.
04-28 04:08:25.191 I/Gonk    (   83): Setting nice for pid 932 to 18
04-28 04:08:25.191 I/Gonk    (   83): Changed nice for pid 932 from 18 to 18.
04-28 04:08:25.191 I/Gecko   (   83): [Parent 83] WARNING: waitpid failed pid:932 errno:10: file ../../../gecko/ipc/chromium/src/base/process_util_posix.cc, line 254
04-28 04:08:25.251 W/WifiHW  (   83): wifi_command: SIGNAL_POLL
04-28 04:08:25.361 I/Gecko   (   83): 1398683305371	Marionette	DEBUG	Got request: switchToFrame, data: {"to":"0","sessionId":"3-b2g","name":"switchToFrame","parameters":{"focus":true,"element":"{005a0cf8-d673-4de1-959a-f6cb9910bce8}"}}, id: {c545b541-693b-40fb-9119-518235354eaf}
04-28 04:08:25.391 I/Gecko   (   83): 1398683305399	Marionette	INFO	Switched to frame: {"frameValue":"{005a0cf8-d673-4de1-959a-f6cb9910bce8}"}
04-28 04:08:25.391 I/Gecko   (   83): 1398683305402	Marionette	INFO	trying remote frame 0
04-28 04:08:25.391 I/Gecko   (   83): 1398683305403	Marionette	INFO	deleting frame
04-28 04:08:25.401 I/Gecko   (   83): 1398683305416	Marionette	INFO	frame-manager load script: [object ChromeMessageSender]
04-28 04:08:26.201 I/Gecko   (   83): 1398683306216	Marionette	INFO	sendToClient: {"from":"0","ok":true}, {c545b541-693b-40fb-9119-518235354eaf}, {c545b541-693b-40fb-9119-518235354eaf}
04-28 04:08:26.221 I/Gonk    (   83): Setting nice for pid 932 to 18
04-28 04:08:26.221 I/Gonk    (   83): Changed nice for pid 932 from 18 to 18.
04-28 04:08:26.971 I/Gecko   (   83): 1398683306978	Marionette	INFO	sendToClient: {"from":"0","value":"app://{4f8de095-336b-47ab-b0d4-a36f55ee20bb}/index.html#panel1"}, {269819b9-3ec8-4cf6-9b41-0789b27ced67}, {269819b9-3ec8-4cf6-9b41-0789b27ced67}
04-28 04:08:26.971 I/Gecko   (   83): 1398683306985	Marionette	DEBUG	Got request: execute, data: {"to":"0","sessionId":"3-b2g","name":"executeScript","parameters":{"specialPowers":false,"scriptTimeout":null,"newSandbox":true,"args":[],"filename":"app_checker.py","script":"return window.document.readyState;","line":191}}, id: {2240e231-68d4-4f92-86ca-55f70cc6e8d2}
04-28 04:08:28.411 I/Gecko   (   83): 1398683308425	Marionette	INFO	sendToClient: {"from":"0","value":"complete"}, {2240e231-68d4-4f92-86ca-55f70cc6e8d2}, {2240e231-68d4-4f92-86ca-55f70cc6e8d2}
04-28 04:08:28.841 I/Gecko   (   83): 1398683308853	Marionette	INFO	sendToClient: {"from":"0","value":"app://{4f8de095-336b-47ab-b0d4-a36f55ee20bb}/index.html#panel1"}, {643335f5-69a1-4833-9a7e-03bdcc84084e}, {643335f5-69a1-4833-9a7e-03bdcc84084e}
04-28 04:08:28.981 I/Gecko   (  837): Attempting load of libEGL.so
04-28 04:08:29.021 I/Gecko   (   83): 
04-28 04:08:29.021 I/Gecko   (   83): ###!!! [Parent][MessageChannel] Error: Channel error: cannot send/recv
04-28 04:08:29.021 I/Gecko   (   83): 
04-28 04:08:29.151 I/GeckoDump(   83): Crash reporter : Can't fetch app.reportCrashes. Exception: [Exception... "Component returned failure code: 0x8000ffff (NS_ERROR_UNEXPECTED) [nsIPrefBranch.getBoolPref]"  nsresult: "0x8000ffff (NS_ERROR_UNEXPECTED)"  location: "JS frame :: chrome://browser/content/shell.js :: shell_reportCrash :: line 7"  data: no]
04-28 04:08:29.171 I/Gecko   (   83): [Parent 83] WARNING: waitpid failed pid:932 errno:10: file ../../../gecko/ipc/chromium/src/base/process_util_posix.cc, line 254
04-28 04:08:29.171 D/libEGL  (  837): loaded /system/lib/egl/libEGL_mali.so
04-28 04:08:29.191 D/libEGL  (  837): loaded /system/lib/egl/libGLESv1_CM_mali.so
04-28 04:08:29.201 D/libEGL  (  837): loaded /system/lib/egl/libGLESv2_mali.so
04-28 04:08:29.231 I/Gecko   (  837): SharedSurface_Gralloc::Create -------
04-28 04:08:29.241 I/Gecko   (  837): SharedSurface_Gralloc::Create: success -- surface 0x43695b80, GraphicBuffer 0x43e9a500.
04-28 04:08:31.171 I/Gecko   (   83): [Parent 83] WARNING: waitpid failed pid:932 errno:10: file ../../../gecko/ipc/chromium/src/base/process_util_posix.cc, line 254
04-28 04:08:31.171 I/Gecko   (   83): [Parent 83] WARNING: Failed to deliver SIGKILL to 932!(3).: file ../../../gecko/ipc/chromium/src/chrome/common/process_watcher_posix_sigchld.cc, line 118
04-28 04:08:31.411 W/WifiHW  (   83): wifi_command: SIGNAL_POLL
04-28 04:08:31.871 I/Gecko   (   83): 1398683311809	Marionette	INFO	sendToClient: {"from":"0","value":"iVBORw0KGgoAAAANSUhEUgAAAUAAAAHMCAYAAACk4nEJAAAgAElEQVR4nOy6eVBbZ56ofYwBHUAgCYEkdolNC6B9BwSIXewCbMBgs9g4XvACdvCCHTux4zVO2rETpx0n3Vnak+nOdKa7PX3zdftOVdLfzB339Hh67s2dLk9mqjxVU/kj1eUkX8Y3ldg83x8CxU7itJfUl/omouopCTjveZfzvs/5vb9zhGBPmBgxYsT4LiLYqnzEiBEjxncRwVjlI0aMGDG+i8QEGCNGjO8sMQHGiBHjO0tMgDFixPjOIhi9PmLEiBHju0hMgDFixPjOEhNgjBgxvrPEBBgjRozvLDEBxogR495xe6lua//22/GAxAQYI8Z/ATzBIFNTU9T+CSmZK6swV1U/eJ1uD43h3m+93w9KTIAxYvwXYFGAwxOr6RtZidnrw+jx0tzTw8qHHiLQ3Ey518f09DQHDh3CXFVN38hK+kZW0tbfj6Wy6t7qdHto6u371vv9oMQEGCPGfwE8wSCzs7NMTk4yNzfH5OQkVa2hiBSHh5mbm8Pg8TI7O8vcI/swV1XT1t9P38hKpqenae+9t2jO4HLTumz5t97vByUmwBgx/gvgCQaZnp6mqqqK7u5uTp48SXd3N2fOnOHYsWOcOXMGg8fL8PAwk1ObMHp9rF67lsNHj3Ls2DF6BgfvqT6Dy03b8oFvvd8PimB0+ogRI8b/v/HURCLAhoYGJicnmZ2dJdDcxtTUFGV2d+Q4R0SAa6e24PZVcubMGaqqqpienqZn+eA91Wewu+hYNvSt9/tBiQkwRoz/Ali8VYyNj/P4ocM8fugwHp8fs7eKqU2bOHzkKPv27cPo9BFobuPEiRNUNYXYuGkzjx86zCP799PSFb6n+gx2F92DI/fd3p37HuPDDz96IHbtO/DA4xYTYIwYMe4Zg81Fz9DK+y5/4tQzPOjP0Se/h9
04-28 04:08:33.151 I/Gecko   (   83): 1398683313158	Marionette	INFO	sendToClient: {"from":"0","ok":true}, {0beb826b-2afb-4ef5-a4ac-90fef0aaef32}, {0beb826b-2afb-4ef5-a4ac-90fef0aaef32}
04-28 04:08:33.251 I/Gecko   (   83): 1398683313264	Marionette	DEBUG	Got request: switchToFrame, data: {"to":"0","sessionId":"3-b2g","name":"switchToFrame","parameters":{"id":null,"focus":true}}, id: {590a329a-5c88-4a57-8ac2-8a8a427466a6}
04-28 04:08:33.281 I/Gecko   (   83): 1398683313293	Marionette	INFO	Switched to frame: {"frameValue":null}
04-28 04:08:33.441 I/Gecko   (   83): 1398683313449	Marionette	INFO	sendToClient: {"from":"0","ok":true}, {590a329a-5c88-4a57-8ac2-8a8a427466a6}, {590a329a-5c88-4a57-8ac2-8a8a427466a6}
04-28 04:08:33.441 I/Gecko   (   83): 1398683313456	Marionette	DEBUG	Got request: executeWithCallback, data: {"to":"0","sessionId":"3-b2g","name":"executeAsyncScript","parameters":{"specialPowers":false,"scriptTimeout":null,"newSandbox":true,"args":[],"filename":"gaia_test.py","script":"return GaiaApps.displayedApp();","line":66}}, id: {35e02052-fedd-4f04-a028-080c1467d5eb}
04-28 04:08:33.721 E/GeckoConsole(   83): Content JS LOG at dummy file:392 in GaiaApps.displayedApp: app with origin 'app://{4f8de095-336b-47ab-b0d4-a36f55ee20bb}' is displayed
04-28 04:08:33.721 I/Gecko   (   83): 1398683313730	Marionette	INFO	sendToClient: {"from":"0","value":{"frame":{"ELEMENT":"{005a0cf8-d673-4de1-959a-f6cb9910bce8}"},"src":"app://{4f8de095-336b-47ab-b0d4-a36f55ee20bb}/index.html","name":"Sport.pl","origin":"app://{4f8de095-336b-47ab-b0d4-a36f55ee20bb}"}}, {35e02052-fedd-4f04-a028-080c1467d5eb}, {35e02052-fedd-4f04-a028-080c1467d5eb}
04-28 04:08:33.731 I/Gecko   (   83): 1398683313741	Marionette	DEBUG	Got request: switchToFrame, data: {"to":"0","sessionId":"3-b2g","name":"switchToFrame","parameters":{"id":null,"focus":true}}, id: {022d80e4-27b1-4e4e-99f5-73446f3a9cdb}
04-28 04:08:33.741 I/Gecko   (   83): 1398683313747	Marionette	INFO	Switched to frame: {"frameValue":null}
04-28 04:08:33.901 I/Gecko   (   83): 1398683313909	Marionette	INFO	sendToClient: {"from":"0","ok":true}, {022d80e4-27b1-4e4e-99f5-73446f3a9cdb}, {022d80e4-27b1-4e4e-99f5-73446f3a9cdb}
04-28 04:08:33.911 I/Gecko   (   83): 1398683313925	Marionette	DEBUG	Got request: execute, data: {"to":"0","sessionId":"3-b2g","name":"executeScript","parameters":{"specialPowers":false,"scriptTimeout":null,"newSandbox":true,"args":[],"filename":"gaia_test.py","script":"window.wrappedJSObject.dispatchEvent(new Event('home'));","line":788}}, id: {fd12dac9-0113-4650-bc49-4d1e99983275}
04-28 04:08:34.071 I/Gonk    (   83): Setting nice for pid 924 to 18
04-28 04:08:34.071 I/Gonk    (   83): Changed nice for pid 924 from 18 to 18.
04-28 04:08:34.071 I/Gecko   (   83): [Parent 83] WARNING: waitpid failed pid:924 errno:10: file ../../../gecko/ipc/chromium/src/base/process_util_posix.cc, line 254
04-28 04:08:34.101 I/Gonk    (   83): Setting nice for pid 924 to 1
04-28 04:08:34.101 I/Gonk    (   83): Changed nice for pid 924 from 18 to 1.
04-28 04:08:34.431 I/Gecko   (   83): 1398683314445	Marionette	INFO	sendToClient: {"from":"0","value":null}, {fd12dac9-0113-4650-bc49-4d1e99983275}, {fd12dac9-0113-4650-bc49-4d1e99983275}
04-28 04:08:34.491 I/Gecko   (   83): 1398683314499	Marionette	DEBUG	Got request: switchToFrame, data: {"to":"0","sessionId":"3-b2g","name":"switchToFrame","parameters":{"id":null,"focus":true}}, id: {e9989c2b-dd9a-4c4d-9e6a-283d915d0e6d}
04-28 04:08:34.491 I/Gecko   (   83): 1398683314501	Marionette	INFO	Switched to frame: {"frameValue":null}
04-28 04:08:34.601 I/Gecko   (   83): 1398683314611	Marionette	INFO	sendToClient: {"from":"0","ok":true}, {e9989c2b-dd9a-4c4d-9e6a-283d915d0e6d}, {e9989c2b-dd9a-4c4d-9e6a-283d915d0e6d}
04-28 04:08:34.611 I/Gecko   (   83): 1398683314624	Marionette	DEBUG	Got request: executeWithCallback, data: {"to":"0","sessionId":"3-b2g","name":"executeAsyncScript","parameters":{"specialPowers":false,"scriptTimeout":null,"newSandbox":true,"args":[],"filename":"gaia_test.py","script":"return GaiaApps.displayedApp();","line":66}}, id: {85d8dd82-ed22-49a9-901b-f9524aae49a8}
04-28 04:08:34.911 E/GeckoConsole(   83): Content JS LOG at dummy file:392 in GaiaApps.displayedApp: app with origin 'app://homescreen.gaiamobile.org' is displayed
04-28 04:08:34.941 I/Gecko   (   83): 1398683314922	Marionette	INFO	sendToClient: {"from":"0","value":{"frame":{"ELEMENT":"{5915b02c-5472-45bc-b5e8-28c06a1a8482}"},"src":"app://homescreen.gaiamobile.org/index.html#root","name":"Homescreen","origin":"app://homescreen.gaiamobile.org"}}, {85d8dd82-ed22-49a9-901b-f9524aae49a8}, {85d8dd82-ed22-49a9-901b-f9524aae49a8}
04-28 04:08:35.011 I/Gecko   (   83): 1398683315018	Marionette	DEBUG	Got request: switchToFrame, data: {"to":"0","sessionId":"3-b2g","name":"switchToFrame","parameters":{"id":null,"focus":true}}, id: {44660345-45d7-432a-95e7-a9bf4b92823d}
04-28 04:08:35.061 I/Gecko   (   83): 1398683315071	Marionette	INFO	Switched to frame: {"frameValue":null}
04-28 04:08:35.241 I/Gecko   (   83): 1398683315251	Marionette	INFO	sendToClient: {"from":"0","ok":true}, {44660345-45d7-432a-95e7-a9bf4b92823d}, {44660345-45d7-432a-95e7-a9bf4b92823d}
04-28 04:08:35.251 I/Gecko   (   83): 1398683315266	Marionette	DEBUG	Got request: switchToFrame, data: {"to":"0","sessionId":"3-b2g","name":"switchToFrame","parameters":{"id":null,"focus":true}}, id: {9772fa84-996c-4e3c-824c-c8d55d5c6d0f}
04-28 04:08:35.261 I/Gecko   (   83): 1398683315273	Marionette	INFO	Switched to frame: {"frameValue":null}
04-28 04:08:36.201 I/Gecko   (   83): 1398683316210	Marionette	INFO	sendToClient: {"from":"0","ok":true}, {9772fa84-996c-4e3c-824c-c8d55d5c6d0f}, {9772fa84-996c-4e3c-824c-c8d55d5c6d0f}
04-28 04:08:36.241 I/Gecko   (   83): 1398683316247	Marionette	DEBUG	Got request: executeWithCallback, data: {"to":"0","sessionId":"3-b2g","name":"executeAsyncScript","parameters":{"specialPowers":false,"scriptTimeout":null,"newSandbox":true,"args":[],"filename":"gaia_test.py","script":"return GaiaApps.displayedApp();","line":66}}, id: {5171e485-48bf-410d-b9e5-a44d89593825}
04-28 04:08:36.381 E/GeckoConsole(   83): Content JS LOG at dummy file:392 in GaiaApps.displayedApp: app with origin 'app://homescreen.gaiamobile.org' is displayed
