04-27 11:47:46.006 I/Gecko   (   83): [Parent 83] WARNING: waitpid failed pid:1042 errno:10: file ../../../gecko/ipc/chromium/src/base/process_util_posix.cc, line 254
04-27 11:47:46.006 I/Gecko   (   83): [Parent 83] WARNING: Failed to deliver SIGKILL to 1042!(3).: file ../../../gecko/ipc/chromium/src/chrome/common/process_watcher_posix_sigchld.cc, line 118
04-27 11:47:46.016 I/Gecko   (   83): 1398624466030	Marionette	INFO	sendToClient: {"from":"0","ok":true}, {7c70911f-b3de-48cd-912f-0cc8db4f577c}, {7c70911f-b3de-48cd-912f-0cc8db4f577c}
04-27 11:47:47.586 W/WifiHW  (   83): wifi_command: SIGNAL_POLL
04-27 11:47:47.626 I/Gecko   (  977): SharedSurface_Gralloc::Create -------
04-27 11:47:47.966 I/Gecko   (  977): SharedSurface_Gralloc::Create: success -- surface 0x43c88e00, GraphicBuffer 0x441cb000.
04-27 11:47:48.146 I/Gonk    (   83): Setting nice for pid 1070 to 18
04-27 11:47:48.146 I/Gonk    (   83): Changed nice for pid 1070 from 0 to 18.
04-27 11:47:48.436 I/Gecko   (   83): 1398624468442	Marionette	INFO	sendToClient: {"from":"0","value":"app://{5ea8b479-96b3-4f09-9cba-ab4b6baf9fd1}/srickie.html"}, {3bd34309-f70a-4850-a350-a378897e119a}, {3bd34309-f70a-4850-a350-a378897e119a}
04-27 11:47:48.516 I/Gecko   (   83): 1398624468521	Marionette	DEBUG	Got request: execute, data: {"to":"0","sessionId":"3-b2g","name":"executeScript","parameters":{"specialPowers":false,"scriptTimeout":null,"newSandbox":true,"args":[],"filename":"app_checker.py","script":"return window.document.readyState;","line":191}}, id: {34c5fae3-6bb5-48b1-926e-0700eea666b2}
04-27 11:47:48.646 E/Profiler(   83): BPUnw: [1 total] thread_unregister_for_profiling(me=0x9f468)  (NOT REGISTERED) 
04-27 11:47:48.646 E/Profiler(   83): BPUnw: [1 total] thread_unregister_for_profiling(me=0x8c238)  (NOT REGISTERED) 
04-27 11:47:48.746 I/Gecko   (   83): 1398624468755	Marionette	INFO	sendToClient: {"from":"0","value":"complete"}, {34c5fae3-6bb5-48b1-926e-0700eea666b2}, {34c5fae3-6bb5-48b1-926e-0700eea666b2}
04-27 11:47:48.756 I/Gecko   (   83): 1398624468769	Marionette	INFO	sendToClient: {"from":"0","value":"app://{5ea8b479-96b3-4f09-9cba-ab4b6baf9fd1}/srickie.html"}, {d2fd982f-9b0f-46bf-a1ba-7369c3bc157c}, {d2fd982f-9b0f-46bf-a1ba-7369c3bc157c}
04-27 11:47:48.926 I/Gecko   (  977): SharedSurface_Gralloc::Create -------
04-27 11:47:48.986 I/Gecko   (  977): SharedSurface_Gralloc::Create: success -- surface 0x44f27240, GraphicBuffer 0x4492d180.
04-27 11:47:50.266 I/Gecko   (   83): 1398624470262	Marionette	INFO	sendToClient: {"from":"0","value":"iVBORw0KGgoAAAANSUhEUgAAAUAAAAHgCAYAAADUjLREAAAgAElEQVR4nOzd6VNbaYImev4Cazla6FnqfpyIuV0xMz3dfe+XGx3RUx0zcyP69kxVZdrYGGOz7/u+YzuzKjOrqzLTmemF9I6xDdhmkcFg9n0VIJAAgQQIELvYbHL1cz+850hHR+doAWwwyYcn0smiIwm9Pz3vexZ5JaiBBDUQr34D5t+27O5rGWogXf0GGfS/M/bxa5+1aHGlRYuCDgNu9BhQqDagVGNGqcYMlc6MSv086vQW1BktqDNZ0G6yoG3+NfrNO+hftqVv7TW0FpBsAYYtYHLzDQz0v8105jffWP9t3gLMO8D86zcw75B/W+isvX5j/bdlB7D8CKz98AaWH2GXw/U1eP416+OF9TlgMr/Hr3G/fvw18jxz/yZrP+z/1/bltfEOv8b/Gnpj9/+GHWDy9RsY6H8beL7m5YjZ3sKFa79zqcNCA0gQLORBUKU3EwCNBMB2kwXt5h0HBLUWJoDBAit+7Ji52eGPhZsfj2hYj1HouTjO/uRIv472+Bp05/njwseXfQPwbcPHzmctBhuCDIA0giodg6DFPQQ5EGoFIHQXwyOP4DGA7w6/o/oaegf4vTMA3yV81hbYQ7fAFk4L5CBY5wxBsxCCO6QNsiMEoDsIHrUX8TF+7w7Ag/5bH7bsM357AvAg4BNsgUJTYSEETQIILjMAsuMIocFTAI/KC5rzeA4aiaOaI/N6OSD83AVQuxsADxo+a3p2cKVeaz8VFloP5EXQYoeglhsHCFkgCk2L3YHwoF9IxwAe2hyZ18kB4udu89tVAzxw9Di51GG2Q7CQRrCUpwmy1wTZEFoRFILQGYa7nRK/ry/wY/yOATzE+O0KwMT3ED67qTADoMB6oD2CtjbYzkaQA6HWLAyhA4a/FAQ59/2gsThqeW9fF4cIv90g6LQBHj
04-27 11:47:50.656 I/Gecko   (   83): 1398624470670	Marionette	INFO	sendToClient: {"from":"0","ok":true}, {31f0e240-4339-4f34-94d9-0bcd294cbc98}, {31f0e240-4339-4f34-94d9-0bcd294cbc98}
04-27 11:47:50.676 I/Gecko   (   83): 1398624470683	Marionette	DEBUG	Got request: switchToFrame, data: {"to":"0","sessionId":"3-b2g","name":"switchToFrame","parameters":{"id":null,"focus":true}}, id: {8ecc8340-6ed8-46b3-878f-cc2fa555b070}
04-27 11:47:50.716 I/Gecko   (   83): 1398624470726	Marionette	INFO	Switched to frame: {"frameValue":null}
04-27 11:47:50.836 I/Gecko   (   83): 1398624470846	Marionette	INFO	sendToClient: {"from":"0","ok":true}, {8ecc8340-6ed8-46b3-878f-cc2fa555b070}, {8ecc8340-6ed8-46b3-878f-cc2fa555b070}
04-27 11:47:50.846 I/Gecko   (   83): 1398624470854	Marionette	DEBUG	Got request: executeWithCallback, data: {"to":"0","sessionId":"3-b2g","name":"executeAsyncScript","parameters":{"specialPowers":false,"scriptTimeout":null,"newSandbox":true,"args":[],"filename":"gaia_test.py","script":"return GaiaApps.displayedApp();","line":66}}, id: {808453bb-54a5-46f0-b13c-793f1e4babd4}
04-27 11:47:51.066 E/GeckoConsole(   83): Content JS LOG at dummy file:392 in GaiaApps.displayedApp: app with origin 'app://{5ea8b479-96b3-4f09-9cba-ab4b6baf9fd1}' is displayed
04-27 11:47:51.076 I/Gecko   (   83): 1398624471081	Marionette	INFO	sendToClient: {"from":"0","value":{"frame":{"ELEMENT":"{014c285e-2716-43b2-a8c5-3bbf14c49d06}"},"src":"app://{5ea8b479-96b3-4f09-9cba-ab4b6baf9fd1}/srickie.html","name":"Srickie","origin":"app://{5ea8b479-96b3-4f09-9cba-ab4b6baf9fd1}"}}, {808453bb-54a5-46f0-b13c-793f1e4babd4}, {808453bb-54a5-46f0-b13c-793f1e4babd4}
04-27 11:47:51.086 I/Gecko   (   83): 1398624471095	Marionette	DEBUG	Got request: switchToFrame, data: {"to":"0","sessionId":"3-b2g","name":"switchToFrame","parameters":{"id":null,"focus":true}}, id: {88c1a9d8-77f8-4474-b081-89d23e7dd0f6}
04-27 11:47:51.086 I/Gecko   (   83): 1398624471097	Marionette	INFO	Switched to frame: {"frameValue":null}
04-27 11:47:51.186 I/Gecko   (   83): 1398624471200	Marionette	INFO	sendToClient: {"from":"0","ok":true}, {88c1a9d8-77f8-4474-b081-89d23e7dd0f6}, {88c1a9d8-77f8-4474-b081-89d23e7dd0f6}
04-27 11:47:51.196 I/Gecko   (   83): 1398624471207	Marionette	DEBUG	Got request: execute, data: {"to":"0","sessionId":"3-b2g","name":"executeScript","parameters":{"specialPowers":false,"scriptTimeout":null,"newSandbox":true,"args":[],"filename":"gaia_test.py","script":"window.wrappedJSObject.dispatchEvent(new Event('home'));","line":788}}, id: {fda3c410-79d3-4228-83b7-21a9cb6a64e2}
04-27 11:47:51.546 I/Gonk    (   83): Setting nice for pid 1070 to 18
04-27 11:47:51.546 I/Gonk    (   83): Changed nice for pid 1070 from 18 to 18.
04-27 11:47:51.546 I/Gecko   (   83): [Parent 83] WARNING: waitpid failed pid:1070 errno:10: file ../../../gecko/ipc/chromium/src/base/process_util_posix.cc, line 254
04-27 11:47:51.606 I/Gonk    (   83): Setting nice for pid 1070 to 1
04-27 11:47:51.606 I/Gonk    (   83): Changed nice for pid 1070 from 18 to 1.
04-27 11:47:55.496 I/Gecko   (   83): 1398624475460	Marionette	INFO	sendToClient: {"from":"0","value":null}, {fda3c410-79d3-4228-83b7-21a9cb6a64e2}, {fda3c410-79d3-4228-83b7-21a9cb6a64e2}
04-27 11:47:55.756 E/[Gralloc-ERROR](   83): int gralloc_register_buffer(const gralloc_module_t*, const native_handle_t*):79 Unable to register handle 0x403eebf0 coming from different process: 83
04-27 11:47:55.776 E/[Gralloc-ERROR](   83): int gralloc_register_buffer(const gralloc_module_t*, const native_handle_t*):79 Unable to register handle 0x403eedd0 coming from different process: 83
04-27 11:47:56.676 W/WifiHW  (   83): wifi_command: SIGNAL_POLL
04-27 11:47:57.166 I/GonkMemoryPressure(  977): Checking to see if memory pressure is over.
04-27 11:47:57.166 I/GonkMemoryPressure(   83): Checking to see if memory pressure is over.
04-27 11:47:57.166 I/GonkMemoryPressure(   83): Memory pressure is over.
04-27 11:47:57.176 I/GonkMemoryPressure(  977): Memory pressure is over.
04-27 11:47:57.176 I/GonkMemoryPressure( 1070): Checking to see if memory pressure is over.
04-27 11:47:57.176 I/GonkMemoryPressure( 1070): Memory pressure is over.
04-27 11:47:59.666 I/Gecko   (  977): [SharedSurface_Gralloc 0x44f27240] destroyed
04-27 11:48:01.056 I/Gonk    (   83): Setting nice for pid 1084 to 18
04-27 11:48:01.056 I/Gonk    (   83): Changed nice for pid 1084 from 0 to 18.
04-27 11:48:02.246 I/GonkMemoryPressure(   83): Checking to see if memory pressure is over.
04-27 11:48:02.246 I/GonkMemoryPressure(   83): Memory pressure is over.
04-27 11:48:02.246 I/GonkMemoryPressure( 1070): Checking to see if memory pressure is over.
04-27 11:48:02.246 I/GonkMemoryPressure( 1070): Memory pressure is over.
04-27 11:48:02.246 I/GonkMemoryPressure(  977): Checking to see if memory pressure is over.
04-27 11:48:02.246 I/GonkMemoryPressure(  977): Memory pressure is over.
04-27 11:48:03.106 I/GonkMemoryPressure( 1084): Checking to see if memory pressure is over.
04-27 11:48:03.136 I/GonkMemoryPressure( 1084): Memory pressure is over.
04-27 11:48:05.656 I/Gonk    (   83): Setting nice for pid 977 to 18
04-27 11:48:05.676 I/Gonk    (   83): Changed nice for pid 977 from 1 to 18.
04-27 11:48:05.756 I/log     ( 1098): <4>0[ 395.356035] select 977 (Srickie), adj 10, size 7313, to kill 
04-27 11:48:06.036 W/WifiHW  (   83): wifi_command: SIGNAL_POLL
04-27 11:48:06.066 E/[Gralloc-ERROR](   83): int gralloc_unregister_buffer(const gralloc_module_t*, const native_handle_t*):274 Trying to unregister buffer 0x403eedd0 from process 83 that was not created in current process: 83
04-27 11:48:06.186 E/[Gralloc-ERROR](   83): int gralloc_unregister_buffer(const gralloc_module_t*, const native_handle_t*):274 Trying to unregister buffer 0x403eebf0 from process 83 that was not created in current process: 83
04-27 11:48:06.236 I/Gecko   (   83): 1398624486209	Marionette	DEBUG	Got request: switchToFrame, data: {"to":"0","sessionId":"3-b2g","name":"switchToFrame","parameters":{"id":null,"focus":true}}, id: {3847513d-ccd5-4cc5-b68e-1fe0b8007543}
04-27 11:48:06.266 I/Gecko   (   83): 1398624486274	Marionette	INFO	Switched to frame: {"frameValue":null}
04-27 11:48:06.396 I/Gecko   (   83): [Parent 83] WARNING: pipe error (91): Connection reset by peer: file ../../../gecko/ipc/chromium/src/chrome/common/ipc_channel_posix.cc, line 446
04-27 11:48:06.546 I/Gecko   (   83): 
04-27 11:48:06.546 I/Gecko   (   83): ###!!! [Parent][MessageChannel] Error: Channel error: cannot send/recv
04-27 11:48:06.546 I/Gecko   (   83): 
04-27 11:48:06.656 I/GeckoDump(   83): Crash reporter : Can't fetch app.reportCrashes. Exception: [Exception... "Component returned failure code: 0x8000ffff (NS_ERROR_UNEXPECTED) [nsIPrefBranch.getBoolPref]"  nsresult: "0x8000ffff (NS_ERROR_UNEXPECTED)"  location: "JS frame :: chrome://browser/content/shell.js :: shell_reportCrash :: line 7"  data: no]
04-27 11:48:06.686 I/Gecko   (   83): [Parent 83] WARNING: waitpid failed pid:977 errno:10: file ../../../gecko/ipc/chromium/src/base/process_util_posix.cc, line 254
04-27 11:48:06.686 I/Gecko   (   83): 1398624486693	Marionette	INFO	sendToClient: {"from":"0","ok":true}, {3847513d-ccd5-4cc5-b68e-1fe0b8007543}, {3847513d-ccd5-4cc5-b68e-1fe0b8007543}
04-27 11:48:06.696 I/Gecko   (   83): 1398624486706	Marionette	DEBUG	Got request: executeWithCallback, data: {"to":"0","sessionId":"3-b2g","name":"executeAsyncScript","parameters":{"specialPowers":false,"scriptTimeout":null,"newSandbox":true,"args":[],"filename":"gaia_test.py","script":"return GaiaApps.displayedApp();","line":66}}, id: {73716bad-26c9-467e-bffd-bfbd115e32a8}
04-27 11:48:06.806 I/Gecko   (   83): 1398624486811	Marionette	INFO	sendToClient: {"from":"0","value":{"frame":{"ELEMENT":"{d8122a1d-97b0-47a6-ba0b-095da57ce6e1}"},"src":"app://homescreen.gaiamobile.org/index.html#root","name":"Homescreen","origin":"app://homescreen.gaiamobile.org"}}, {73716bad-26c9-467e-bffd-bfbd115e32a8}, {73716bad-26c9-467e-bffd-bfbd115e32a8}
04-27 11:48:06.806 E/GeckoConsole(   83): Content JS LOG at dummy file:392 in GaiaApps.displayedApp: app with origin 'app://homescreen.gaiamobile.org' is displayed
04-27 11:48:06.816 I/Gecko   (   83): 1398624486826	Marionette	DEBUG	Got request: switchToFrame, data: {"to":"0","sessionId":"3-b2g","name":"switchToFrame","parameters":{"id":null,"focus":true}}, id: {1d38710e-6ef0-4072-9677-261660d58426}
04-27 11:48:06.826 I/Gecko   (   83): 1398624486832	Marionette	INFO	Switched to frame: {"frameValue":null}
04-27 11:48:06.936 I/Gecko   (   83): 1398624486946	Marionette	INFO	sendToClient: {"from":"0","ok":true}, {1d38710e-6ef0-4072-9677-261660d58426}, {1d38710e-6ef0-4072-9677-261660d58426}
04-27 11:48:06.946 I/Gecko   (   83): 1398624486953	Marionette	DEBUG	Got request: switchToFrame, data: {"to":"0","sessionId":"3-b2g","name":"switchToFrame","parameters":{"id":null,"focus":true}}, id: {185db481-2c66-4260-9baf-c82631ffdffa}
04-27 11:48:06.946 I/Gecko   (   83): 1398624486954	Marionette	INFO	Switched to frame: {"frameValue":null}
04-27 11:48:06.956 I/Gecko   ( 1070): ###################################### forms.js loaded
04-27 11:48:06.996 I/Gecko   ( 1070): ############################### browserElementPanning.js loaded
04-27 11:48:07.016 I/Gecko   ( 1070): ######################## BrowserElementChildPreload.js loaded
04-27 11:48:07.056 I/Gecko   (   83): 1398624487063	Marionette	INFO	sendToClient: {"from":"0","ok":true}, {185db481-2c66-4260-9baf-c82631ffdffa}, {185db481-2c66-4260-9baf-c82631ffdffa}
04-27 11:48:07.076 I/Gecko   (   83): 1398624487081	Marionette	DEBUG	Got request: executeWithCallback, data: {"to":"0","sessionId":"3-b2g","name":"executeAsyncScript","parameters":{"specialPowers":false,"scriptTimeout":null,"newSandbox":true,"args":[],"filename":"gaia_test.py","script":"return GaiaApps.displayedApp();","line":66}}, id: {c10b22ca-afc7-43db-ac67-e32638a9db20}
04-27 11:48:07.126 I/Gecko   (   83): 1398624487136	Marionette	INFO	sendToClient: {"from":"0","value":{"frame":{"ELEMENT":"{d8122a1d-97b0-47a6-ba0b-095da57ce6e1}"},"src":"app://homescreen.gaiamobile.org/index.html#root","name":"Homescreen","origin":"app://homescreen.gaiamobile.org"}}, {c10b22ca-afc7-43db-ac67-e32638a9db20}, {c10b22ca-afc7-43db-ac67-e32638a9db20}
04-27 11:48:07.136 E/GeckoConsole(   83): Content JS LOG at dummy file:392 in GaiaApps.displayedApp: app with origin 'app://homescreen.gaiamobile.org' is displayed
04-27 11:48:07.136 I/Gecko   (   83): 1398624487149	Marionette	DEBUG	Got request: switchToFrame, data: {"to":"0","sessionId":"3-b2g","name":"switchToFrame","parameters":{"focus":true,"element":"{d8122a1d-97b0-47a6-ba0b-095da57ce6e1}"}}, id: {7942befc-321c-4971-b981-c55545fa2b29}
04-27 11:48:07.146 I/Gecko   (   83): 1398624487157	Marionette	INFO	Switched to frame: {"frameValue":"{d8122a1d-97b0-47a6-ba0b-095da57ce6e1}"}
04-27 11:48:07.156 I/Gecko   (   83): 1398624487167	Marionette	INFO	trying remote frame 0
04-27 11:48:07.166 I/Gecko   (   83): 1398624487171	Marionette	INFO	trying remote frame 1
04-27 11:48:07.166 I/Gecko   (   83): 1398624487172	Marionette	INFO	deleting frame
04-27 11:48:07.166 I/Gecko   (   83): 1398624487177	Marionette	INFO	frame-manager load script: [object ChromeMessageSender]
04-27 11:48:07.476 I/GonkMemoryPressure( 1070): Checking to see if memory pressure is over.
04-27 11:48:07.476 I/GonkMemoryPressure( 1070): Memory pressure is over.
04-27 11:48:07.476 I/GonkMemoryPressure(   83): Checking to see if memory pressure is over.
04-27 11:48:07.476 I/GonkMemoryPressure(   83): Memory pressure is over.
04-27 11:48:08.136 I/Gecko   (   83): 1398624488148	Marionette	INFO	sendToClient: {"from":"0","ok":true}, {7942befc-321c-4971-b981-c55545fa2b29}, {7942befc-321c-4971-b981-c55545fa2b29}
04-27 11:48:08.536 I/Gecko   (   83): 1398624488543	Marionette	INFO	sendToClient: {"from":"0","value":"app://homescreen.gaiamobile.org/index.html#root"}, {5e06521b-bb92-4c57-b922-b06ba0449023}, {5e06521b-bb92-4c57-b922-b06ba0449023}
04-27 11:48:08.536 I/Gecko   (   83): 1398624488549	Marionette	DEBUG	Got request: switchToFrame, data: {"to":"0","sessionId":"3-b2g","name":"switchToFrame","parameters":{"id":null,"focus":true}}, id: {d50c2517-3591-452a-8a6a-6c9da951b0ba}
04-27 11:48:08.606 I/Gecko   (   83): 1398624488618	Marionette	INFO	Switched to frame: {"frameValue":null}
04-27 11:48:08.686 I/Gecko   (   83): [Parent 83] WARNING: waitpid failed pid:977 errno:10: file ../../../gecko/ipc/chromium/src/base/process_util_posix.cc, line 254
04-27 11:48:08.686 I/Gecko   (   83): [Parent 83] WARNING: Failed to deliver SIGKILL to 977!(3).: file ../../../gecko/ipc/chromium/src/chrome/common/process_watcher_posix_sigchld.cc, line 118
04-27 11:48:08.736 I/Gecko   (   83): 1398624488747	Marionette	INFO	sendToClient: {"from":"0","ok":true}, {d50c2517-3591-452a-8a6a-6c9da951b0ba}, {d50c2517-3591-452a-8a6a-6c9da951b0ba}
04-27 11:48:08.746 I/Gecko   (   83): 1398624488753	Marionette	DEBUG	Got request: switchToFrame, data: {"to":"0","sessionId":"3-b2g","name":"switchToFrame","parameters":{"id":null,"focus":true}}, id: {4cc5287b-c83e-4ab9-8af9-858c3b08289c}
04-27 11:48:08.746 I/Gecko   (   83): 1398624488755	Marionette	INFO	Switched to frame: {"frameValue":null}
04-27 11:48:08.856 I/Gecko   (   83): 1398624488862	Marionette	INFO	sendToClient: {"from":"0","ok":true}, {4cc5287b-c83e-4ab9-8af9-858c3b08289c}, {4cc5287b-c83e-4ab9-8af9-858c3b08289c}
04-27 11:48:08.856 I/Gecko   (   83): 1398624488869	Marionette	DEBUG	Got request: executeWithCallback, data: {"to":"0","sessionId":"3-b2g","name":"executeAsyncScript","parameters":{"specialPowers":false,"scriptTimeout":null,"newSandbox":true,"args":[],"filename":"gaia_test.py","script":"GaiaApps.killAll()","line":91}}, id: {dfc94248-faa4-48a7-877c-026f34a46aba}
04-27 11:48:09.246 E/GeckoConsole(   83): Content JS LOG at dummy file:266 in GaiaApps.kill: terminating app with origin 'app://browser.gaiamobile.org'
04-27 11:48:09.246 E/GeckoConsole(   83): Content JS LOG at dummy file:258 in GaiaApps.kill/gt_onAppTerminated/<: app with origin 'app://browser.gaiamobile.org' has terminated
04-27 11:48:09.376 I/Gecko   (   83): 1398624489382	Marionette	INFO	sendToClient: {"from":"0","value":true}, {dfc94248-faa4-48a7-877c-026f34a46aba}, {dfc94248-faa4-48a7-877c-026f34a46aba}