--------- beginning of /dev/log/main
04-27 08:20:03.181 I/Gecko   (   83): 1398612003197	Marionette	INFO	sendToClient: {"from":"0","ok":true}, {6c3767d9-d767-4fe6-aeae-9429c476de0b}, {6c3767d9-d767-4fe6-aeae-9429c476de0b}
04-27 08:20:03.211 W/WifiHW  (   83): wifi_command: SIGNAL_POLL
04-27 08:20:03.221 I/Gecko   (   83): 1398612003238	Marionette	DEBUG	Got request: switchToFrame, data: {"to":"0","sessionId":"3-b2g","name":"switchToFrame","parameters":{"id":null,"focus":true}}, id: {c481e37e-75d4-4020-bed0-95b510faa5ab}
04-27 08:20:03.271 I/Gecko   (   83): 1398612003281	Marionette	INFO	Switched to frame: {"frameValue":null}
04-27 08:20:03.371 I/Gecko   (   83): 1398612003385	Marionette	INFO	sendToClient: {"from":"0","ok":true}, {c481e37e-75d4-4020-bed0-95b510faa5ab}, {c481e37e-75d4-4020-bed0-95b510faa5ab}
04-27 08:20:03.381 I/Gecko   (   83): 1398612003391	Marionette	DEBUG	Got request: executeWithCallback, data: {"to":"0","sessionId":"3-b2g","name":"executeAsyncScript","parameters":{"specialPowers":false,"scriptTimeout":null,"newSandbox":true,"args":[],"filename":"gaia_test.py","script":"return GaiaApps.displayedApp();","line":66}}, id: {84d16fdf-5306-4d88-bb23-5814f228a43a}
04-27 08:20:03.581 E/GeckoConsole(   83): Content JS LOG at dummy file:392 in GaiaApps.displayedApp: app with origin 'app://homescreen.gaiamobile.org' is displayed
04-27 08:20:03.591 I/Gecko   (   83): 1398612003602	Marionette	INFO	sendToClient: {"from":"0","value":{"frame":{"ELEMENT":"{580e792d-7d4a-4e1b-86a6-93fb2c7825d3}"},"src":"app://homescreen.gaiamobile.org/index.html#root","name":"Homescreen","origin":"app://homescreen.gaiamobile.org"}}, {84d16fdf-5306-4d88-bb23-5814f228a43a}, {84d16fdf-5306-4d88-bb23-5814f228a43a}
04-27 08:20:03.601 I/Gecko   (   83): 1398612003614	Marionette	DEBUG	Got request: switchToFrame, data: {"to":"0","sessionId":"3-b2g","name":"switchToFrame","parameters":{"id":null,"focus":true}}, id: {ec0d24b9-68f1-4390-8181-0fb2201b5552}
04-27 08:20:03.601 I/Gecko   (   83): 1398612003617	Marionette	INFO	Switched to frame: {"frameValue":null}
04-27 08:20:03.741 I/Gecko   (   83): 1398612003759	Marionette	INFO	sendToClient: {"from":"0","ok":true}, {ec0d24b9-68f1-4390-8181-0fb2201b5552}, {ec0d24b9-68f1-4390-8181-0fb2201b5552}
04-27 08:20:03.751 I/Gecko   (   83): 1398612003767	Marionette	DEBUG	Got request: switchToFrame, data: {"to":"0","sessionId":"3-b2g","name":"switchToFrame","parameters":{"id":null,"focus":true}}, id: {a920887c-37de-4e51-a4bd-25c9da2a9952}
04-27 08:20:03.761 I/Gecko   (   83): 1398612003774	Marionette	INFO	Switched to frame: {"frameValue":null}
04-27 08:20:03.861 I/Gecko   (   83): 1398612003879	Marionette	INFO	sendToClient: {"from":"0","ok":true}, {a920887c-37de-4e51-a4bd-25c9da2a9952}, {a920887c-37de-4e51-a4bd-25c9da2a9952}
04-27 08:20:03.871 I/Gecko   (   83): 1398612003886	Marionette	DEBUG	Got request: executeWithCallback, data: {"to":"0","sessionId":"3-b2g","name":"executeAsyncScript","parameters":{"specialPowers":false,"scriptTimeout":null,"newSandbox":true,"args":[],"filename":"gaia_test.py","script":"return GaiaApps.displayedApp();","line":66}}, id: {3e60923d-6102-46c2-a5cc-7e36c982e044}
04-27 08:20:03.971 E/GeckoConsole(   83): Content JS LOG at dummy file:392 in GaiaApps.displayedApp: app with origin 'app://homescreen.gaiamobile.org' is displayed
04-27 08:20:03.971 I/Gecko   (   83): 1398612003989	Marionette	INFO	sendToClient: {"from":"0","value":{"frame":{"ELEMENT":"{580e792d-7d4a-4e1b-86a6-93fb2c7825d3}"},"src":"app://homescreen.gaiamobile.org/index.html#root","name":"Homescreen","origin":"app://homescreen.gaiamobile.org"}}, {3e60923d-6102-46c2-a5cc-7e36c982e044}, {3e60923d-6102-46c2-a5cc-7e36c982e044}
04-27 08:20:03.991 I/Gecko   (   83): 1398612004003	Marionette	DEBUG	Got request: switchToFrame, data: {"to":"0","sessionId":"3-b2g","name":"switchToFrame","parameters":{"focus":true,"element":"{580e792d-7d4a-4e1b-86a6-93fb2c7825d3}"}}, id: {a50285c6-b50a-4113-9c4e-1d33762935f4}
04-27 08:20:04.001 I/Gecko   (   83): 1398612004019	Marionette	INFO	Switched to frame: {"frameValue":"{580e792d-7d4a-4e1b-86a6-93fb2c7825d3}"}
04-27 08:20:04.031 I/Gecko   (   83): 1398612004050	Marionette	INFO	trying remote frame 0
04-27 08:20:04.051 I/Gecko   (   83): 1398612004062	Marionette	INFO	deleting frame
04-27 08:20:04.071 I/Gecko   (   83): 1398612004081	Marionette	INFO	frame-manager load script: [object ChromeMessageSender]
04-27 08:20:05.241 I/Gecko   (   83): 1398612005258	Marionette	INFO	sendToClient: {"from":"0","ok":true}, {a50285c6-b50a-4113-9c4e-1d33762935f4}, {a50285c6-b50a-4113-9c4e-1d33762935f4}
04-27 08:20:05.421 I/Gecko   (   83): 1398612005437	Marionette	INFO	sendToClient: {"from":"0","value":{"ELEMENT":"{3fd2f2c6-20d2-4367-8b8d-f56c9d9ba048}"}}, {c1c9a4fb-87ff-46a3-867a-eda66f95e1ff}, {c1c9a4fb-87ff-46a3-867a-eda66f95e1ff}
04-27 08:20:05.641 I/Gecko   (  808): ###################################### forms.js loaded
04-27 08:20:05.721 I/Gecko   (  808): ############################### browserElementPanning.js loaded
04-27 08:20:05.801 I/Gecko   (  808): ######################## BrowserElementChildPreload.js loaded
04-27 08:20:05.851 E/GeckoConsole(  769): [JavaScript Warning: "Use of getAttributeNode() is deprecated. Use getAttribute() instead." {file: "chrome://marionette/content/atoms.js" line: 25}]
04-27 08:20:05.871 E/GeckoConsole(  769): [JavaScript Warning: "Use of attributes' specified attribute is deprecated. It always returns true." {file: "chrome://marionette/content/atoms.js" line: 25}]
04-27 08:20:05.891 I/Gecko   (   83): 1398612005909	Marionette	INFO	sendToClient: {"from":"0","value":"normal"}, {8918ad95-2b95-4b26-ba46-00794e9654e0}, {8918ad95-2b95-4b26-ba46-00794e9654e0}
04-27 08:20:05.921 I/Gecko   (   83): 1398612005933	Marionette	DEBUG	Got request: switchToFrame, data: {"to":"0","sessionId":"3-b2g","name":"switchToFrame","parameters":{"id":null,"focus":true}}, id: {4081bc0a-f7f8-4dfc-834a-21f5f18461e1}
04-27 08:20:05.941 I/Gecko   (   83): 1398612005953	Marionette	INFO	Switched to frame: {"frameValue":null}
04-27 08:20:06.061 I/Gecko   (   83): 1398612006080	Marionette	INFO	sendToClient: {"from":"0","ok":true}, {4081bc0a-f7f8-4dfc-834a-21f5f18461e1}, {4081bc0a-f7f8-4dfc-834a-21f5f18461e1}
04-27 08:20:06.131 I/Gecko   (   83): 1398612006142	Marionette	DEBUG	Got request: execute, data: {"to":"0","sessionId":"3-b2g","name":"executeScript","parameters":{"specialPowers":false,"scriptTimeout":null,"newSandbox":true,"args":[],"filename":"gaia_test.py","script":"window.wrappedJSObject.dispatchEvent(new Event('home'));","line":788}}, id: {9175fd17-6f59-464f-9147-0deee3868c87}
04-27 08:20:06.291 I/Gecko   (   83): 1398612006304	Marionette	INFO	sendToClient: {"from":"0","value":null}, {9175fd17-6f59-464f-9147-0deee3868c87}, {9175fd17-6f59-464f-9147-0deee3868c87}
04-27 08:20:06.341 I/Gecko   (   83): 1398612006358	Marionette	DEBUG	Got request: switchToFrame, data: {"to":"0","sessionId":"3-b2g","name":"switchToFrame","parameters":{"id":null,"focus":true}}, id: {90bd2c96-3b25-4c26-9840-f3697d4c790c}
04-27 08:20:06.361 I/Gecko   (   83): 1398612006376	Marionette	INFO	Switched to frame: {"frameValue":null}
04-27 08:20:06.491 I/Gecko   (   83): 1398612006502	Marionette	INFO	sendToClient: {"from":"0","ok":true}, {90bd2c96-3b25-4c26-9840-f3697d4c790c}, {90bd2c96-3b25-4c26-9840-f3697d4c790c}
04-27 08:20:06.531 I/Gecko   (   83): 1398612006542	Marionette	DEBUG	Got request: switchToFrame, data: {"to":"0","sessionId":"3-b2g","name":"switchToFrame","parameters":{"id":null,"focus":true}}, id: {7bf8307e-a749-4ab0-b604-6f1ab45df0cc}
04-27 08:20:06.531 I/Gecko   (   83): 1398612006545	Marionette	INFO	Switched to frame: {"frameValue":null}
04-27 08:20:06.671 I/Gecko   (   83): 1398612006682	Marionette	INFO	sendToClient: {"from":"0","ok":true}, {7bf8307e-a749-4ab0-b604-6f1ab45df0cc}, {7bf8307e-a749-4ab0-b604-6f1ab45df0cc}
04-27 08:20:06.681 I/Gecko   (   83): 1398612006698	Marionette	DEBUG	Got request: executeWithCallback, data: {"to":"0","sessionId":"3-b2g","name":"executeAsyncScript","parameters":{"specialPowers":false,"scriptTimeout":null,"newSandbox":true,"args":[],"filename":"gaia_test.py","script":"return GaiaApps.displayedApp();","line":66}}, id: {5eb14f22-3592-424e-bd29-a613508e0350}
04-27 08:20:06.771 I/Gecko   (   83): 1398612006789	Marionette	INFO	sendToClient: {"from":"0","value":{"frame":{"ELEMENT":"{580e792d-7d4a-4e1b-86a6-93fb2c7825d3}"},"src":"app://homescreen.gaiamobile.org/index.html#rootSun%20Apr%2027%202014%2008:20:06%20GMT-0700%20(UTC)","name":"Homescreen","origin":"app://homescreen.gaiamobile.org"}}, {5eb14f22-3592-424e-bd29-a613508e0350}, {5eb14f22-3592-424e-bd29-a613508e0350}
04-27 08:20:06.791 E/GeckoConsole(   83): Content JS LOG at dummy file:392 in GaiaApps.displayedApp: app with origin 'app://homescreen.gaiamobile.org' is displayed
04-27 08:20:06.951 I/Gecko   (   83): 1398612006962	Marionette	DEBUG	Got request: switchToFrame, data: {"to":"0","sessionId":"3-b2g","name":"switchToFrame","parameters":{"focus":true,"element":"{580e792d-7d4a-4e1b-86a6-93fb2c7825d3}"}}, id: {55998801-76a4-4d88-b32e-1195b833ddd2}
04-27 08:20:06.971 I/Gecko   (   83): 1398612006981	Marionette	INFO	Switched to frame: {"frameValue":"{580e792d-7d4a-4e1b-86a6-93fb2c7825d3}"}
04-27 08:20:06.971 I/Gecko   (   83): 1398612006989	Marionette	INFO	trying remote frame 0
04-27 08:20:08.221 W/WifiHW  (   83): wifi_command: SIGNAL_POLL
04-27 08:20:08.961 I/Gecko   (   83): 1398612008972	Marionette	INFO	sendToClient: {"from":"0","ok":true}, {55998801-76a4-4d88-b32e-1195b833ddd2}, {55998801-76a4-4d88-b32e-1195b833ddd2}
04-27 08:20:08.981 I/Gecko   (   83): 1398612008999	Marionette	DEBUG	Got request: execute, data: {"to":"0","sessionId":"3-b2g","name":"executeScript","parameters":{"specialPowers":false,"scriptTimeout":null,"newSandbox":true,"args":[],"filename":"gaia_test.py","script":"return window.wrappedJSObject.GridManager.pageHelper.getCurrentPageNumber();","line":784}}, id: {133f7964-e2fa-476c-9958-998e74856a4d}
04-27 08:20:09.251 E/GeckoConsole(  769): Content JS WARN at app://homescreen.gaiamobile.org/gaia_build_defer_index.js:184 in isHiddenApp: Unexpected role when checking hidden app: undefined
04-27 08:20:09.251 E/GeckoConsole(  769): Content JS WARN at app://homescreen.gaiamobile.org/gaia_build_defer_index.js:184 in isHiddenApp: Unexpected role when checking hidden app: undefined
04-27 08:20:09.251 E/GeckoConsole(  769): Content JS WARN at app://homescreen.gaiamobile.org/gaia_build_defer_index.js:184 in isHiddenApp: Unexpected role when checking hidden app: undefined
04-27 08:20:09.251 E/GeckoConsole(  769): Content JS WARN at app://homescreen.gaiamobile.org/gaia_build_defer_index.js:184 in isHiddenApp: Unexpected role when checking hidden app: undefined
04-27 08:20:09.251 E/GeckoConsole(  769): Content JS WARN at app://homescreen.gaiamobile.org/gaia_build_defer_index.js:184 in isHiddenApp: Unexpected role when checking hidden app: undefined
04-27 08:20:09.261 E/GeckoConsole(  769): Content JS WARN at app://homescreen.gaiamobile.org/gaia_build_defer_index.js:184 in isHiddenApp: Unexpected role when checking hidden app: undefined
04-27 08:20:09.261 E/GeckoConsole(  769): Content JS WARN at app://homescreen.gaiamobile.org/gaia_build_defer_index.js:184 in isHiddenApp: Unexpected role when checking hidden app: undefined
04-27 08:20:09.261 E/GeckoConsole(  769): Content JS WARN at app://homescreen.gaiamobile.org/gaia_build_defer_index.js:184 in isHiddenApp: Unexpected role when checking hidden app: undefined
04-27 08:20:09.261 E/GeckoConsole(  769): Content JS WARN at app://homescreen.gaiamobile.org/gaia_build_defer_index.js:184 in isHiddenApp: Unexpected role when checking hidden app: undefined
04-27 08:20:09.261 E/GeckoConsole(  769): Content JS WARN at app://homescreen.gaiamobile.org/gaia_build_defer_index.js:184 in isHiddenApp: Unexpected role when checking hidden app: undefined
04-27 08:20:09.261 E/GeckoConsole(  769): Content JS WARN at app://homescreen.gaiamobile.org/gaia_build_defer_index.js:184 in isHiddenApp: Unexpected role when checking hidden app: undefined
04-27 08:20:09.261 E/GeckoConsole(  769): Content JS WARN at app://homescreen.gaiamobile.org/gaia_build_defer_index.js:184 in isHiddenApp: Unexpected role when checking hidden app: undefined
04-27 08:20:09.261 E/GeckoConsole(  769): Content JS WARN at app://homescreen.gaiamobile.org/gaia_build_defer_index.js:184 in isHiddenApp: Unexpected role when checking hidden app: undefined
04-27 08:20:09.261 E/GeckoConsole(  769): Content JS WARN at app://homescreen.gaiamobile.org/gaia_build_defer_index.js:184 in isHiddenApp: Unexpected role when checking hidden app: undefined
04-27 08:20:09.261 E/GeckoConsole(  769): Content JS WARN at app://homescreen.gaiamobile.org/gaia_build_defer_index.js:184 in isHiddenApp: Unexpected role when checking hidden app: undefined
04-27 08:20:09.261 E/GeckoConsole(  769): Content JS WARN at app://homescreen.gaiamobile.org/gaia_build_defer_index.js:184 in isHiddenApp: Unexpected role when checking hidden app: undefined
04-27 08:20:09.261 E/GeckoConsole(  769): Content JS WARN at app://homescreen.gaiamobile.org/gaia_build_defer_index.js:184 in isHiddenApp: Unexpected role when checking hidden app: undefined
04-27 08:20:09.271 E/GeckoConsole(  769): Content JS WARN at app://homescreen.gaiamobile.org/gaia_build_defer_index.js:184 in isHiddenApp: Unexpected role when checking hidden app: undefined
04-27 08:20:09.271 E/GeckoConsole(  769): Content JS WARN at app://homescreen.gaiamobile.org/gaia_build_defer_index.js:184 in isHiddenApp: Unexpected role when checking hidden app: undefined
04-27 08:20:09.271 E/GeckoConsole(  769): Content JS WARN at app://homescreen.gaiamobile.org/gaia_build_defer_index.js:184 in isHiddenApp: Unexpected role when checking hidden app: undefined
04-27 08:20:09.271 E/GeckoConsole(  769): Content JS WARN at app://homescreen.gaiamobile.org/gaia_build_defer_index.js:184 in isHiddenApp: Unexpected role when checking hidden app: undefined
04-27 08:20:09.271 E/GeckoConsole(  769): Content JS WARN at app://homescreen.gaiamobile.org/gaia_build_defer_index.js:184 in isHiddenApp: Unexpected role when checking hidden app: undefined
04-27 08:20:09.271 E/GeckoConsole(  769): Content JS WARN at app://homescreen.gaiamobile.org/gaia_build_defer_index.js:184 in isHiddenApp: Unexpected role when checking hidden app: undefined
04-27 08:20:09.271 E/GeckoConsole(  769): Content JS WARN at app://homescreen.gaiamobile.org/gaia_build_defer_index.js:184 in isHiddenApp: Unexpected role when checking hidden app: undefined
04-27 08:20:09.271 E/GeckoConsole(  769): Content JS WARN at app://homescreen.gaiamobile.org/gaia_build_defer_index.js:184 in isHiddenApp: Unexpected role when checking hidden app: undefined
04-27 08:20:09.271 E/GeckoConsole(  769): Content JS WARN at app://homescreen.gaiamobile.org/gaia_build_defer_index.js:184 in isHiddenApp: Unexpected role when checking hidden app: undefined
04-27 08:20:09.271 E/GeckoConsole(  769): Content JS WARN at app://homescreen.gaiamobile.org/gaia_build_defer_index.js:184 in isHiddenApp: Unexpected role when checking hidden app: undefined
04-27 08:20:09.271 E/GeckoConsole(  769): Content JS WARN at app://homescreen.gaiamobile.org/gaia_build_defer_index.js:184 in isHiddenApp: Unexpected role when checking hidden app: undefined
04-27 08:20:09.271 E/GeckoConsole(  769): Content JS WARN at app://homescreen.gaiamobile.org/gaia_build_defer_index.js:184 in isHiddenApp: Unexpected role when checking hidden app: undefined
04-27 08:20:09.271 E/GeckoConsole(  769): Content JS WARN at app://homescreen.gaiamobile.org/gaia_build_defer_index.js:184 in isHiddenApp: Unexpected role when checking hidden app: undefined
04-27 08:20:09.281 E/GeckoConsole(  769): Content JS WARN at app://homescreen.gaiamobile.org/gaia_build_defer_index.js:184 in isHiddenApp: Unexpected role when checking hidden app: undefined
04-27 08:20:09.281 E/GeckoConsole(  769): Content JS WARN at app://homescreen.gaiamobile.org/gaia_build_defer_index.js:184 in isHiddenApp: Unexpected role when checking hidden app: undefined
04-27 08:20:09.281 E/GeckoConsole(  769): Content JS WARN at app://homescreen.gaiamobile.org/gaia_build_defer_index.js:184 in isHiddenApp: Unexpected role when checking hidden app: undefined
04-27 08:20:09.511 I/Gecko   (   83): 1398612009527	Marionette	INFO	sendToClient: {"from":"0","value":0}, {133f7964-e2fa-476c-9958-998e74856a4d}, {133f7964-e2fa-476c-9958-998e74856a4d}
04-27 08:20:09.881 I/Gecko   (   83): 1398612009891	Marionette	INFO	sendToClient: {"from":"0","value":["{df482efb-f0bf-436e-a4cd-eaff99b021ad}","{40f3adf2-7ba5-45c5-96a9-dc7f9d02c0f3}","{eb68143a-3123-4110-86ea-5f722ded6296}","{6958c64b-316e-46a5-9b77-55616b0a156d}","{4b4ef31e-9036-4043-ad8a-ea919b083dbf}","{a1f8a0c4-d219-4ccd-b063-79c6cf1f57de}","{e933113f-d01e-4f07-b540-a0451efe7346}","{f226a9bb-c69c-43ae-b1be-798ef554eee5}","{4cf7ac63-ed1c-4c4c-80b1-820dc40752bc}","{acef4ea9-dbe0-4e02-a54d-c178d66fa50b}","{69ef38c5-9b23-48c3-b9df-0a0bbe45b77a}","{5bd0d195-e33f-4a46-acbe-c4e7d78dd2f7}","{a2a22c49-f97b-4b7c-b1ce-482a7938597a}","{a12dcea9-0f60-4dbe-9f50-83feb9b4c8ab}","{324222cd-f8e4-4e05-a24f-7448f1889f50}","{5bcf4e73-dd61-46eb-a3a8-3667fdcc68ba}","{bc146d99-00b7-4f08-967e-5338143e83ac}","{5b9e09b7-f275-4b16-b20b-e4b0b7bd513b}","{c8b7f805-1f36-403c-a2ba-c032114e8c7d}","{68f749a7-aac7-489c-8664-b214d7e9ba82}","{f856c7bb-497f-4d9f-9b50-4fb1e906353b}","{ad96c9bc-f236-4d5c-9925-02f5fb657373}","{fd87db43-bd6a-443e-a233-60846f035b91}","{b120fa11-6469
04-27 08:20:09.971 I/Gecko   (   83): 1398612009984	Marionette	INFO	sendToClient: {"from":"0","value":"app://homescreen.gaiamobile.org/index.html#rootSun%20Apr%2027%202014%2008:20:06%20GMT-0700%20(UTC)"}, {ee683a9e-88cf-4c76-9657-e7a8850a1faa}, {ee683a9e-88cf-4c76-9657-e7a8850a1faa}
04-27 08:20:09.981 I/Gecko   (   83): 1398612009993	Marionette	DEBUG	Got request: switchToFrame, data: {"to":"0","sessionId":"3-b2g","name":"switchToFrame","parameters":{"id":null,"focus":true}}, id: {d4ee3afb-d3b0-4dc0-aac6-2779bc2cfa92}
04-27 08:20:10.001 I/Gecko   (   83): 1398612010019	Marionette	INFO	Switched to frame: {"frameValue":null}
04-27 08:20:10.111 I/Gecko   (   83): 1398612010122	Marionette	INFO	sendToClient: {"from":"0","ok":true}, {d4ee3afb-d3b0-4dc0-aac6-2779bc2cfa92}, {d4ee3afb-d3b0-4dc0-aac6-2779bc2cfa92}
04-27 08:20:10.111 I/Gecko   (   83): 1398612010129	Marionette	DEBUG	Got request: switchToFrame, data: {"to":"0","sessionId":"3-b2g","name":"switchToFrame","parameters":{"id":null,"focus":true}}, id: {3ad21368-cfa7-4727-9c4a-110372367413}
04-27 08:20:10.121 I/Gecko   (   83): 1398612010131	Marionette	INFO	Switched to frame: {"frameValue":null}
04-27 08:20:10.261 I/Gecko   (   83): 1398612010277	Marionette	INFO	sendToClient: {"from":"0","ok":true}, {3ad21368-cfa7-4727-9c4a-110372367413}, {3ad21368-cfa7-4727-9c4a-110372367413}
04-27 08:20:10.271 I/Gecko   (   83): 1398612010285	Marionette	DEBUG	Got request: executeWithCallback, data: {"to":"0","sessionId":"3-b2g","name":"executeAsyncScript","parameters":{"specialPowers":false,"scriptTimeout":30000,"newSandbox":true,"args":[],"filename":"app_checker.py","script":"GaiaApps.launchWithManifestURL('http://sudoku.tresensa.com/manifest.webapp')","line":106}}, id: {61d2ecea-94d7-4b48-ada9-78638c95e615}
04-27 08:20:10.351 I/Gonk    (   83): Setting nice for pid 808 to 18
04-27 08:20:10.351 I/Gonk    (   83): Changed nice for pid 808 from 0 to 18.
04-27 08:20:10.351 I/Gecko   (   83): [Parent 83] WARNING: waitpid failed pid:808 errno:10: file ../../../gecko/ipc/chromium/src/base/process_util_posix.cc, line 254
04-27 08:20:10.361 I/Gonk    (   83): Setting nice for pid 808 to 1
04-27 08:20:10.361 I/Gonk    (   83): Changed nice for pid 808 from 18 to 1.
04-27 08:20:10.381 D/Sensors (   83): activate handle=0; drv=0
04-27 08:20:10.401 D/Sensors (   83): Lis3dhSensor: Control set 1
04-27 08:20:10.401 D/Sensors (   83): Lis3dhSensor: mEnabled = 1
04-27 08:20:10.641 I/InputReader(   83): Reconfiguring input devices.  changes=0x00000004
04-27 08:20:10.641 I/InputReader(   83): Device reconfigured: id=6, name='ms-msg21xx', size 320x480, orientation 1, mode 1, display id 0
04-27 08:20:10.681 E/[Gralloc-ERROR](   83): int gralloc_register_buffer(const gralloc_module_t*, const native_handle_t*):79 Unable to register handle 0x46937420 coming from different process: 83
04-27 08:20:10.691 E/[Gralloc-ERROR](   83): int gralloc_register_buffer(const gralloc_module_t*, const native_handle_t*):79 Unable to register handle 0x469374c0 coming from different process: 83
04-27 08:20:10.731 E/GeckoConsole(   83): Content JS LOG at dummy file:334 in GaiaApps.launch: launching app with name 'Sudoku by TreSensa'
04-27 08:20:10.861 E/[Gralloc-ERROR](   83): int gralloc_unregister_buffer(const gralloc_module_t*, const native_handle_t*):274 Trying to unregister buffer 0x43612060 from process 83 that was not created in current process: 83
04-27 08:20:10.861 E/[Gralloc-ERROR](   83): int gralloc_unregister_buffer(const gralloc_module_t*, const native_handle_t*):274 Trying to unregister buffer 0x433d7a60 from process 83 that was not created in current process: 83
04-27 08:20:11.001 E/[Gralloc-ERROR](   83): int gralloc_register_buffer(const gralloc_module_t*, const native_handle_t*):79 Unable to register handle 0x433a4970 coming from different process: 83
04-27 08:20:11.001 E/[Gralloc-ERROR](   83): int gralloc_register_buffer(const gralloc_module_t*, const native_handle_t*):79 Unable to register handle 0x433a4f10 coming from different process: 83
04-27 08:20:11.191 I/Gonk    (   83): Setting nice for pid 769 to 18
04-27 08:20:11.211 I/Gonk    (   83): Changed nice for pid 769 from 1 to 18.
04-27 08:20:11.301 I/Gonk    (   83): Setting nice for pid 860 to 18
04-27 08:20:11.301 I/Gonk    (   83): Changed nice for pid 860 from 0 to 18.
04-27 08:20:12.091 E/GeckoConsole(  808): [JavaScript Warning: "Unknown property '-moz-border-radius'.  Declaration dropped." {file: "http://sudoku.tresensa.com/1.5.1/leaderboard/css/game_specific.css" line: 49 column: 22 source: "    -moz-border-radius: 10px;"}]
04-27 08:20:12.101 E/GeckoConsole(  808): [JavaScript Warning: "Expected color but found 'bottom'.  Error in parsing value for 'background-image'.  Declaration dropped." {file: "http://sudoku.tresensa.com/1.5.1/leaderboard/css/game_specific.css" line: 60 column: 38 source: "    background-image: linear-gradient(bottom, rgb(143,220,255) 0%, rgb(0,153,255) 75%);"}]
04-27 08:20:12.101 E/GeckoConsole(  808): [JavaScript Warning: "Error in parsing value for 'background-image'.  Declaration dropped." {file: "http://sudoku.tresensa.com/1.5.1/leaderboard/css/game_specific.css" line: 61 column: 22 source: "    background-image: -o-linear-gradient(bottom, rgb(143,220,255) 0%, rgb(0,153,255) 75%);"}]
04-27 08:20:12.101 E/GeckoConsole(  808): [JavaScript Warning: "Error in parsing value for 'background-image'.  Declaration dropped." {file: "http://sudoku.tresensa.com/1.5.1/leaderboard/css/game_specific.css" line: 63 column: 22 source: "    background-image: -webkit-linear-gradient(bottom, rgb(143,220,255) 0%, rgb(0,153,255) 75%);"}]
04-27 08:20:12.101 E/GeckoConsole(  808): [JavaScript Warning: "Error in parsing value for 'background-image'.  Declaration dropped." {file: "http://sudoku.tresensa.com/1.5.1/leaderboard/css/game_specific.css" line: 64 column: 22 source: "    background-image: -ms-linear-gradient(bottom, rgb(143,220,255) 0%, rgb(0,153,255) 75%);"}]
04-27 08:20:12.101 E/GeckoConsole(  808): [JavaScript Warning: "Error in parsing value for 'background-image'.  Declaration dropped." {file: "http://sudoku.tresensa.com/1.5.1/leaderboard/css/game_specific.css" line: 65 column: 22 source: "    background-image: -webkit-gradient("}]
04-27 08:20:12.101 E/GeckoConsole(  808): [JavaScript Warning: "Error in parsing value for 'background-image'.  Declaration dropped." {file: "http://sudoku.tresensa.com/1.5.1/leaderboard/css/game_specific.css" line: 72 column: 22 source: "    background-image: -ms-linear-gradient(top, #009AFF 0%, #8FDBFF 100%);"}]
04-27 08:20:12.101 E/GeckoConsole(  808): [JavaScript Warning: "Unknown property '-moz-border-radius'.  Declaration dropped." {file: "http://sudoku.tresensa.com/1.5.1/leaderboard/css/game_specific.css" line: 74 column: 22 source: "    -moz-border-radius: 10px;"}]
04-27 08:20:12.111 E/GeckoConsole(  808): [JavaScript Warning: "Unknown property '-moz-border-radius-topleft'.  Declaration dropped." {file: "http://sudoku.tresensa.com/1.5.1/leaderboard/css/game_specific.css" line: 94 column: 30 source: "    -moz-border-radius-topleft: 10px;"}]
04-27 08:20:12.111 E/GeckoConsole(  808): [JavaScript Warning: "Unknown property '-moz-border-radius-topright'.  Declaration dropped." {file: "http://sudoku.tresensa.com/1.5.1/leaderboard/css/game_specific.css" line: 95 column: 31 source: "    -moz-border-radius-topright: 10px;"}]
04-27 08:20:12.111 E/GeckoConsole(  808): [JavaScript Warning: "Unknown property '-moz-border-radius'.  Declaration dropped." {file: "http://sudoku.tresensa.com/1.5.1/leaderboard/css/game_specific.css" line: 118 column: 22 source: "    -moz-border-radius: 10px;"}]
04-27 08:20:12.111 E/GeckoConsole(  808): [JavaScript Warning: "Unknown property '-moz-border-radius'.  Declaration dropped." {file: "http://sudoku.tresensa.com/1.5.1/leaderboard/css/game_specific.css" line: 135 column: 22 source: "    -moz-border-radius: 10px;"}]
04-27 08:20:12.111 E/GeckoConsole(  808): [JavaScript Warning: "Unknown property '-moz-border-radius-topleft'.  Declaration dropped." {file: "http://sudoku.tresensa.com/1.5.1/leaderboard/css/game_specific.css" line: 185 column: 30 source: "    -moz-border-radius-topleft: 10px;"}]
04-27 08:20:12.111 E/GeckoConsole(  808): [JavaScript Warning: "Unknown property '-moz-border-radius-topright'.  Declaration dropped." {file: "http://sudoku.tresensa.com/1.5.1/leaderboard/css/game_specific.css" line: 186 column: 31 source: "    -moz-border-radius-topright: 10px;"}]
04-27 08:20:12.111 E/GeckoConsole(  808): [JavaScript Warning: "Unknown property '-moz-border-radius'.  Declaration dropped." {file: "http://sudoku.tresensa.com/1.5.1/leaderboard/css/game_specific.css" line: 232 column: 22 source: "    -moz-border-radius: 10px;"}]
04-27 08:20:12.111 E/GeckoConsole(  808): [JavaScript Warning: "Unknown property '-moz-border-radius'.  Declaration dropped." {file: "http://sudoku.tresensa.com/1.5.1/leaderboard/css/game_specific.css" line: 254 column: 22 source: "    -moz-border-radius: 10px;"}]
04-27 08:20:12.471 E/GeckoConsole(  808): [JavaScript Warning: "Unknown property '-moz-tap-highlight-color'.  Declaration dropped." {file: "http://sudoku.tresensa.com/index.html?dst=A0008&moregames=https%3A%2F%2Fmarketplace.firefox.com%2Fsearch%3Fq%3Dtresensa" line: 58 column: 312 source: "html,body{margin:0;padding:0;font-family:Arial;font-size:12px;color:#fff;background:#000 url(background.jpg);-webkit-text-size-adjust:none;-webkit-tap-highlight-color:transparent}#game_canvas{z-index:1;overflow:hidden;image-rendering:optimizeSpeed;-webkit-tap-highlight-color:transparent;-moz-tap-highlight-color:transparent;-webkit-user-select:none;-webkit-transform:translateZ(0);-ms-touch-action:none}#wrong_orientation{background:#000;position:absolute;top:0;left:0;z-index:2;width:100%;height:100%;display:none}#wrong_orientation img{display:block;margin:0 auto;width:80%}"}]
04-27 08:20:13.411 W/WifiHW  (   83): wifi_command: SIGNAL_POLL
04-27 08:20:13.601 E/GeckoConsole(  808): Content JS LOG at http://sdk.tresensa.com/tgl/tgl-1.0.min.js:3 in TGL.Debug.Log: TGL: GameLoader started
04-27 08:20:13.621 E/GeckoConsole(  808): Content JS LOG at http://sdk.tresensa.com/tgl/tgl-1.0.min.js:3 in TGL.Debug.Log: TGL: Google Analytics loaded
04-27 08:20:13.641 E/GeckoConsole(  808): Content JS LOG at http://sdk.tresensa.com/tgl/tgl-1.0.min.js:3 in TGL.Debug.Log: TGL: Loading minified game code from js/game.min.js
04-27 08:20:13.641 E/GeckoConsole(  808): Content JS LOG at http://sdk.tresensa.com/tgl/tgl-1.0.min.js:3 in TGL.Debug.Log: TGL: Calling head.js.apply to load all javascript libraries
04-27 08:20:13.871 E/GeckoConsole(   83): [JavaScript Error: "cdn.flurry.com : server does not support RFC 5746, see CVE-2009-3555"]
04-27 08:20:15.521 E/GeckoConsole(  808): Content JS LOG at http://sdk.tresensa.com/tgl/tgl-1.0.min.js:3 in TGL.Debug.Log: TGL: All javascript libraries loaded
04-27 08:20:15.541 E/GeckoConsole(  808): Content JS LOG at http://sdk.tresensa.com/tgs/tgs-0.3.min.js:5 in TGS.Debug.Log: TGS: loading partner adapter and 3rd party libs...
04-27 08:20:15.551 E/GeckoConsole(  808): [JavaScript Warning: "Unknown property '-moz-filter'.  Declaration dropped." {file: "http://sdk.tresensa.com/tgs/css/tgs-0.3.7.css" line: 1 column: 47 source: ".tgs-blur{-webkit-filter:blur(12px);-moz-filter:blur(12px);-o-filter:blur(12px);-ms-filter:blur(12px);filter:blur(12px)}.tgs-ad-frame{background:#fff;padding:25px;-webkit-border-radius:10px;border-radius:10px;min-width:300px;min-height:250px}.tgs-ad-frame.fullscreen{width:100%!important;height:100%!important;-webkit-border-radius:0;border-radius:0;padding:0}.tgs-ad-frame.fullscreen span{display:none}.tgs-ad-frame span{position:absolute;width:100%;height:25px;line-height:25px;text-align:center;bottom:0;left:0;color:#666;font-size:12px}#tgs-leaderboard-container{width:100%;height:100%;position:absolute;z-index:1000}#tgs-leaderboard-container iframe{width:100%;height:100%;border:0;overflow:hidden}.tgs-btn{-moz-box-sizing:border-box;-webkit-box-sizing:border-box;box-sizing:border-box;overflow:hidden;margin-bottom:10px;height:55px;line-height:55px;backgrou
04-27 08:20:15.551 E/GeckoConsole(  808): [JavaScript Warning: "Expected 'none' or URL but found 'blur('.  Error in parsing value for 'filter'.  Declaration dropped." {file: "http://sdk.tresensa.com/tgs/css/tgs-0.3.7.css" line: 1 column: 109 source: ".tgs-blur{-webkit-filter:blur(12px);-moz-filter:blur(12px);-o-filter:blur(12px);-ms-filter:blur(12px);filter:blur(12px)}.tgs-ad-frame{background:#fff;padding:25px;-webkit-border-radius:10px;border-radius:10px;min-width:300px;min-height:250px}.tgs-ad-frame.fullscreen{width:100%!important;height:100%!important;-webkit-border-radius:0;border-radius:0;padding:0}.tgs-ad-frame.fullscreen span{display:none}.tgs-ad-frame span{position:absolute;width:100%;height:25px;line-height:25px;text-align:center;bottom:0;left:0;color:#666;font-size:12px}#tgs-leaderboard-container{width:100%;height:100%;position:absolute;z-index:1000}#tgs-leaderboard-container iframe{width:100%;height:100%;border:0;overflow:hidden}.tgs-btn{-moz-box-sizing:border-box;-webkit-box-sizing:border-box;box-sizing:border-box;overflow:hidden;margin-
04-27 08:20:15.561 E/GeckoConsole(  808): [JavaScript Warning: "Unknown property 'box-sizing'.  Declaration dropped." {file: "http://sdk.tresensa.com/tgs/css/tgs-0.3.7.css" line: 1 column: 779 source: ".tgs-blur{-webkit-filter:blur(12px);-moz-filter:blur(12px);-o-filter:blur(12px);-ms-filter:blur(12px);filter:blur(12px)}.tgs-ad-frame{background:#fff;padding:25px;-webkit-border-radius:10px;border-radius:10px;min-width:300px;min-height:250px}.tgs-ad-frame.fullscreen{width:100%!important;height:100%!important;-webkit-border-radius:0;border-radius:0;padding:0}.tgs-ad-frame.fullscreen span{display:none}.tgs-ad-frame span{position:absolute;width:100%;height:25px;line-height:25px;text-align:center;bottom:0;left:0;color:#666;font-size:12px}#tgs-leaderboard-container{width:100%;height:100%;position:absolute;z-index:1000}#tgs-leaderboard-container iframe{width:100%;height:100%;border:0;overflow:hidden}.tgs-btn{-moz-box-sizing:border-box;-webkit-box-sizing:border-box;box-sizing:border-box;overflow:hidden;margin-bottom:10px;height:55px;line-height:55px;backgrou
04-27 08:20:16.691 E/GeckoConsole(  808): Content JS LOG at http://sdk.tresensa.com/tgs/tgs-0.3.min.js:5 in TGS.Debug.Log: TGS: creating generic adapter...
04-27 08:20:16.691 E/GeckoConsole(  808): Content JS LOG at http://sdk.tresensa.com/tgs/tgs-0.3.min.js:5 in TGS.Debug.Log: TGS: detected Facebook library...
04-27 08:20:16.691 E/GeckoConsole(  808): Content JS LOG at http://sdk.tresensa.com/tgs/tgs-0.3.min.js:5 in TGS.Debug.Log: TGS: PartnerBridge.onFacebookLibraryLoaded called, Facebook library loaded successfully
04-27 08:20:17.151 E/GeckoConsole(  808): [JavaScript Warning: "Unknown property '-moz-tap-highlight-color'.  Declaration dropped." {file: "http://sudoku.tresensa.com/index.html?dst=A0008&moregames=https%3A%2F%2Fmarketplace.firefox.com%2Fsearch%3Fq%3Dtresensa" line: 0 column: 147 source: " z-index: 1; overflow: hidden; -webkit-user-select: none; -ms-touch-action:none; -webkit-tap-highlight-color: transparent; -moz-tap-highlight-color: transparent; -webkit-transform: translateZ(0);"}]
04-27 08:20:17.451 E/GeckoConsole(  808): Content JS LOG at http://sdk.tresensa.com/tgs/tgs-0.3.min.js:5 in TGS.Debug.Log: TGS: game-partner info received
04-27 08:20:17.451 E/GeckoConsole(  808): Content JS LOG at http://sdk.tresensa.com/tgs/tgs-0.3.min.js:5 in TGS.Debug.Log: TGS: initiating connection to partner...
04-27 08:20:17.451 E/GeckoConsole(  808): Content JS LOG at http://sdk.tresensa.com/tgs/tgs-0.3.min.js:5 in TGS.Debug.Log: TGS: Calling FB.init, appId = 108814912617972
04-27 08:20:17.451 E/GeckoConsole(  808): Content JS WARN at http://connect.facebook.net/en_US/all.js:53 in i: The "fb-root" div has not been created, auto-creating
04-27 08:20:17.461 E/GeckoConsole(  808): Content JS LOG at http://sdk.tresensa.com/tgs/tgs-0.3.min.js:5 in TGS.Debug.Log: TGS: user id is: 7d1202ac-39c9-4f29-9611-ccb5b8326a23
04-27 08:20:17.501 E/GeckoConsole(  808): Content JS LOG at http://sdk.tresensa.com/tgs/tgs-0.3.min.js:5 in TGS.Debug.Log: TGS: fetching complete game state...
04-27 08:20:17.501 E/GeckoConsole(  808): Content JS LOG at http://sdk.tresensa.com/tgs/tgs-0.3.min.js:5 in TGS.Debug.Log: TGS: there was no local TGS.DataStore data
04-27 08:20:17.501 E/GeckoConsole(  808): Content JS LOG at http://sdk.tresensa.com/tge/tge-1.0.min.js:3 in TGE.Debug.Log: TGE: automatically instantiating GoogleAnalytics object with label 'Sudoku'
04-27 08:20:17.501 E/GeckoConsole(  808): Content JS LOG at http://sdk.tresensa.com/tgl/tgl-1.0.min.js:3 in TGL.Debug.Log: TGL: Launching SudokuGame
04-27 08:20:17.701 E/GeckoConsole(  808): [JavaScript Warning: "Content Security Policy: allow directive is deprecated, use the equivalent default-src directive instead"]
04-27 08:20:17.731 E/GeckoConsole(  808): [JavaScript Warning: "The X-Content-Security-Policy and X-Content-Security-Report-Only headers will be deprecated in the future. Please use the Content-Security-Policy and Content-Security-Report-Only headers with CSP spec compliant syntax instead." {file: "https://s-static.ak.facebook.com/connect/xd_arbiter/dgdTycPTSRj.js?version=40#channel=f34387d33be217c&origin=http%3A%2F%2Fsudoku.tresensa.com" line: 0}]
04-27 08:20:18.661 W/WifiHW  (   83): wifi_command: SIGNAL_POLL
04-27 08:20:19.101 I/log     (  880): <4>0[ 381.234625] select 769 (Homescreen), adj 8, size 6617, to kill 
04-27 08:20:25.321 I/GonkMemoryPressure(   83): Checking to see if memory pressure is over.
04-27 08:20:25.321 I/GonkMemoryPressure(   83): Memory pressure is over.
04-27 08:20:25.391 I/GonkMemoryPressure(  860): Checking to see if memory pressure is over.
04-27 08:20:25.411 I/GonkMemoryPressure(  860): Memory pressure is over.
04-27 08:20:25.831 I/Gecko   (   83): 
04-27 08:20:25.831 I/Gecko   (   83): ###!!! [Parent][MessageChannel] Error: Channel error: cannot send/recv
04-27 08:20:25.831 I/Gecko   (   83): 
04-27 08:20:25.851 I/Gecko   (   83): 
04-27 08:20:25.851 I/Gecko   (   83): ###!!! [Parent][MessageChannel] Error: Channel error: cannot send/recv
04-27 08:20:25.851 I/Gecko   (   83): 
04-27 08:20:25.891 I/GeckoDump(   83): Crash reporter : Can't fetch app.reportCrashes. Exception: [Exception... "Component returned failure code: 0x8000ffff (NS_ERROR_UNEXPECTED) [nsIPrefBranch.getBoolPref]"  nsresult: "0x8000ffff (NS_ERROR_UNEXPECTED)"  location: "JS frame :: chrome://browser/content/shell.js :: shell_reportCrash :: line 7"  data: no]
04-27 08:20:25.901 I/Gecko   (   83): 
04-27 08:20:25.901 I/Gecko   (   83): ###!!! [Parent][MessageChannel] Error: Channel error: cannot send/recv
04-27 08:20:25.901 I/Gecko   (   83): 
04-27 08:20:25.941 W/WifiHW  (   83): wifi_command: SIGNAL_POLL
04-27 08:20:25.951 I/Gecko   (   83): 
04-27 08:20:25.951 I/Gecko   (   83): ###!!! [Parent][MessageChannel] Error: Channel error: cannot send/recv
04-27 08:20:25.951 I/Gecko   (   83): 
04-27 08:20:26.071 I/Gonk    (   83): Setting nice for pid 860 to 18
04-27 08:20:26.071 I/Gonk    (   83): Changed nice for pid 860 from 18 to 18.
04-27 08:20:26.071 I/Gecko   (   83): [Parent 83] WARNING: waitpid failed pid:860 errno:10: file ../../../gecko/ipc/chromium/src/base/process_util_posix.cc, line 254
04-27 08:20:26.081 I/Gonk    (   83): Setting nice for pid 860 to 1
04-27 08:20:26.091 I/Gonk    (   83): Changed nice for pid 860 from 18 to 1.
04-27 08:20:26.111 D/Sensors (   83): activate handle=0; drv=0
04-27 08:20:26.111 D/Sensors (   83): Lis3dhSensor: Control set 0
04-27 08:20:26.111 D/Sensors (   83): Lis3dhSensor: mEnabled = 0
04-27 08:20:26.341 I/InputReader(   83): Reconfiguring input devices.  changes=0x00000004
04-27 08:20:26.341 I/InputReader(   83): Device reconfigured: id=6, name='ms-msg21xx', size 320x480, orientation 0, mode 1, display id 0
04-27 08:20:26.341 I/Gecko   (   83): 
04-27 08:20:26.341 I/Gecko   (   83): ###!!! [Parent][MessageChannel] Error: Channel error: cannot send/recv
04-27 08:20:26.341 I/Gecko   (   83): 
04-27 08:20:26.351 I/GeckoDump(   83): Crash reporter : Can't fetch app.reportCrashes. Exception: [Exception... "Component returned failure code: 0x8000ffff (NS_ERROR_UNEXPECTED) [nsIPrefBranch.getBoolPref]"  nsresult: "0x8000ffff (NS_ERROR_UNEXPECTED)"  location: "JS frame :: chrome://browser/content/shell.js :: shell_reportCrash :: line 7"  data: no]
04-27 08:20:26.361 I/Gecko   (   83): [Parent 83] WARNING: waitpid failed pid:769 errno:10: file ../../../gecko/ipc/chromium/src/base/process_util_posix.cc, line 254
04-27 08:20:26.391 E/[Gralloc-ERROR](   83): int gralloc_register_buffer(const gralloc_module_t*, const native_handle_t*):79 Unable to register handle 0x436bd880 coming from different process: 83
04-27 08:20:26.391 E/[Gralloc-ERROR](   83): int gralloc_register_buffer(const gralloc_module_t*, const native_handle_t*):79 Unable to register handle 0x44225650 coming from different process: 83
04-27 08:20:26.461 I/Gecko   (   83): [Parent 83] WARNING: waitpid failed pid:808 errno:10: file ../../../gecko/ipc/chromium/src/base/process_util_posix.cc, line 254
04-27 08:20:26.471 E/[Gralloc-ERROR](   83): int gralloc_unregister_buffer(const gralloc_module_t*, const native_handle_t*):274 Trying to unregister buffer 0x46937420 from process 83 that was not created in current process: 83
04-27 08:20:26.471 E/[Gralloc-ERROR](   83): int gralloc_unregister_buffer(const gralloc_module_t*, const native_handle_t*):274 Trying to unregister buffer 0x469374c0 from process 83 that was not created in current process: 83
04-27 08:20:26.501 E/[Gralloc-ERROR](   83): int gralloc_unregister_buffer(const gralloc_module_t*, const native_handle_t*):274 Trying to unregister buffer 0x433a4f10 from process 83 that was not created in current process: 83
04-27 08:20:26.501 E/[Gralloc-ERROR](   83): int gralloc_unregister_buffer(const gralloc_module_t*, const native_handle_t*):274 Trying to unregister buffer 0x433a4970 from process 83 that was not created in current process: 83
04-27 08:20:27.251 I/Gecko   (  860): ###################################### forms.js loaded
04-27 08:20:27.281 I/Gecko   (  860): ############################### browserElementPanning.js loaded
04-27 08:20:27.331 I/Gecko   (  860): ######################## BrowserElementChildPreload.js loaded
04-27 08:20:27.401 E/[Gralloc-ERROR](   83): int gralloc_register_buffer(const gralloc_module_t*, const native_handle_t*):79 Unable to register handle 0x433a4510 coming from different process: 83
04-27 08:20:27.401 E/[Gralloc-ERROR](   83): int gralloc_register_buffer(const gralloc_module_t*, const native_handle_t*):79 Unable to register handle 0x4474c650 coming from different process: 83
04-27 08:20:27.491 E/[Gralloc-ERROR](   83): int gralloc_unregister_buffer(const gralloc_module_t*, const native_handle_t*):274 Trying to unregister buffer 0x4474c650 from process 83 that was not created in current process: 83
04-27 08:20:27.511 E/[Gralloc-ERROR](   83): int gralloc_unregister_buffer(const gralloc_module_t*, const native_handle_t*):274 Trying to unregister buffer 0x433a4510 from process 83 that was not created in current process: 83
04-27 08:20:28.361 I/Gecko   (   83): [Parent 83] WARNING: waitpid failed pid:769 errno:10: file ../../../gecko/ipc/chromium/src/base/process_util_posix.cc, line 254
04-27 08:20:28.361 I/Gecko   (   83): [Parent 83] WARNING: Failed to deliver SIGKILL to 769!(3).: file ../../../gecko/ipc/chromium/src/chrome/common/process_watcher_posix_sigchld.cc, line 118
04-27 08:20:28.461 I/Gecko   (   83): [Parent 83] WARNING: waitpid failed pid:808 errno:10: file ../../../gecko/ipc/chromium/src/base/process_util_posix.cc, line 254
04-27 08:20:28.461 I/Gecko   (   83): [Parent 83] WARNING: Failed to deliver SIGKILL to 808!(3).: file ../../../gecko/ipc/chromium/src/chrome/common/process_watcher_posix_sigchld.cc, line 118
04-27 08:20:30.971 W/WifiHW  (   83): wifi_command: SIGNAL_POLL
04-27 08:20:31.311 I/Gonk    (   83): Setting nice for pid 929 to 18
04-27 08:20:31.321 I/Gonk    (   83): Changed nice for pid 929 from 0 to 18.
04-27 08:20:32.041 E/GeckoConsole(  860): Content JS WARN at app://homescreen.gaiamobile.org/gaia_build_defer_index.js:184 in isHiddenApp: Unexpected role when checking hidden app: undefined
04-27 08:20:32.051 E/GeckoConsole(  860): Content JS WARN at app://homescreen.gaiamobile.org/gaia_build_defer_index.js:184 in isHiddenApp: Unexpected role when checking hidden app: undefined
04-27 08:20:32.051 E/GeckoConsole(  860): Content JS WARN at app://homescreen.gaiamobile.org/gaia_build_defer_index.js:184 in isHiddenApp: Unexpected role when checking hidden app: undefined
04-27 08:20:32.051 E/GeckoConsole(  860): Content JS WARN at app://homescreen.gaiamobile.org/gaia_build_defer_index.js:184 in isHiddenApp: Unexpected role when checking hidden app: undefined
04-27 08:20:32.051 E/GeckoConsole(  860): Content JS WARN at app://homescreen.gaiamobile.org/gaia_build_defer_index.js:184 in isHiddenApp: Unexpected role when checking hidden app: undefined
04-27 08:20:32.051 E/GeckoConsole(  860): Content JS WARN at app://homescreen.gaiamobile.org/gaia_build_defer_index.js:184 in isHiddenApp: Unexpected role when checking hidden app: undefined
04-27 08:20:32.051 E/GeckoConsole(  860): Content JS WARN at app://homescreen.gaiamobile.org/gaia_build_defer_index.js:184 in isHiddenApp: Unexpected role when checking hidden app: undefined
04-27 08:20:32.051 E/GeckoConsole(  860): Content JS WARN at app://homescreen.gaiamobile.org/gaia_build_defer_index.js:184 in isHiddenApp: Unexpected role when checking hidden app: undefined
04-27 08:20:32.051 E/GeckoConsole(  860): Content JS WARN at app://homescreen.gaiamobile.org/gaia_build_defer_index.js:184 in isHiddenApp: Unexpected role when checking hidden app: undefined
04-27 08:20:32.051 E/GeckoConsole(  860): Content JS WARN at app://homescreen.gaiamobile.org/gaia_build_defer_index.js:184 in isHiddenApp: Unexpected role when checking hidden app: undefined
04-27 08:20:32.051 E/GeckoConsole(  860): Content JS WARN at app://homescreen.gaiamobile.org/gaia_build_defer_index.js:184 in isHiddenApp: Unexpected role when checking hidden app: undefined
04-27 08:20:32.061 E/GeckoConsole(  860): Content JS WARN at app://homescreen.gaiamobile.org/gaia_build_defer_index.js:184 in isHiddenApp: Unexpected role when checking hidden app: undefined
04-27 08:20:32.061 E/GeckoConsole(  860): Content JS WARN at app://homescreen.gaiamobile.org/gaia_build_defer_index.js:184 in isHiddenApp: Unexpected role when checking hidden app: undefined
04-27 08:20:32.061 E/GeckoConsole(  860): Content JS WARN at app://homescreen.gaiamobile.org/gaia_build_defer_index.js:184 in isHiddenApp: Unexpected role when checking hidden app: undefined
04-27 08:20:32.061 E/GeckoConsole(  860): Content JS WARN at app://homescreen.gaiamobile.org/gaia_build_defer_index.js:184 in isHiddenApp: Unexpected role when checking hidden app: undefined
04-27 08:20:32.061 E/GeckoConsole(  860): Content JS WARN at app://homescreen.gaiamobile.org/gaia_build_defer_index.js:184 in isHiddenApp: Unexpected role when checking hidden app: undefined
04-27 08:20:32.061 E/GeckoConsole(  860): Content JS WARN at app://homescreen.gaiamobile.org/gaia_build_defer_index.js:184 in isHiddenApp: Unexpected role when checking hidden app: undefined
04-27 08:20:32.061 E/GeckoConsole(  860): Content JS WARN at app://homescreen.gaiamobile.org/gaia_build_defer_index.js:184 in isHiddenApp: Unexpected role when checking hidden app: undefined
04-27 08:20:32.061 E/GeckoConsole(  860): Content JS WARN at app://homescreen.gaiamobile.org/gaia_build_defer_index.js:184 in isHiddenApp: Unexpected role when checking hidden app: undefined
04-27 08:20:32.061 E/GeckoConsole(  860): Content JS WARN at app://homescreen.gaiamobile.org/gaia_build_defer_index.js:184 in isHiddenApp: Unexpected role when checking hidden app: undefined
04-27 08:20:32.061 E/GeckoConsole(  860): Content JS WARN at app://homescreen.gaiamobile.org/gaia_build_defer_index.js:184 in isHiddenApp: Unexpected role when checking hidden app: undefined
04-27 08:20:32.061 E/GeckoConsole(  860): Content JS WARN at app://homescreen.gaiamobile.org/gaia_build_defer_index.js:184 in isHiddenApp: Unexpected role when checking hidden app: undefined
04-27 08:20:32.061 E/GeckoConsole(  860): Content JS WARN at app://homescreen.gaiamobile.org/gaia_build_defer_index.js:184 in isHiddenApp: Unexpected role when checking hidden app: undefined
04-27 08:20:32.061 E/GeckoConsole(  860): Content JS WARN at app://homescreen.gaiamobile.org/gaia_build_defer_index.js:184 in isHiddenApp: Unexpected role when checking hidden app: undefined
04-27 08:20:32.061 E/GeckoConsole(  860): Content JS WARN at app://homescreen.gaiamobile.org/gaia_build_defer_index.js:184 in isHiddenApp: Unexpected role when checking hidden app: undefined
04-27 08:20:32.071 E/GeckoConsole(  860): Content JS WARN at app://homescreen.gaiamobile.org/gaia_build_defer_index.js:184 in isHiddenApp: Unexpected role when checking hidden app: undefined
04-27 08:20:32.071 E/GeckoConsole(  860): Content JS WARN at app://homescreen.gaiamobile.org/gaia_build_defer_index.js:184 in isHiddenApp: Unexpected role when checking hidden app: undefined
04-27 08:20:32.071 E/GeckoConsole(  860): Content JS WARN at app://homescreen.gaiamobile.org/gaia_build_defer_index.js:184 in isHiddenApp: Unexpected role when checking hidden app: undefined
04-27 08:20:32.071 E/GeckoConsole(  860): Content JS WARN at app://homescreen.gaiamobile.org/gaia_build_defer_index.js:184 in isHiddenApp: Unexpected role when checking hidden app: undefined
04-27 08:20:32.071 E/GeckoConsole(  860): Content JS WARN at app://homescreen.gaiamobile.org/gaia_build_defer_index.js:184 in isHiddenApp: Unexpected role when checking hidden app: undefined
04-27 08:20:32.071 E/GeckoConsole(  860): Content JS WARN at app://homescreen.gaiamobile.org/gaia_build_defer_index.js:184 in isHiddenApp: Unexpected role when checking hidden app: undefined
04-27 08:20:32.071 E/GeckoConsole(  860): Content JS WARN at app://homescreen.gaiamobile.org/gaia_build_defer_index.js:184 in isHiddenApp: Unexpected role when checking hidden app: undefined
04-27 08:20:32.071 E/GeckoConsole(  860): Content JS WARN at app://homescreen.gaiamobile.org/gaia_build_defer_index.js:184 in isHiddenApp: Unexpected role when checking hidden app: undefined
04-27 08:20:33.461 I/Gecko   (  929): ###################################### forms.js loaded
04-27 08:20:33.481 I/Gecko   (  929): ############################### browserElementPanning.js loaded
04-27 08:20:33.501 I/Gecko   (  929): ######################## BrowserElementChildPreload.js loaded
04-27 08:20:35.961 W/WifiHW  (   83): wifi_command: SIGNAL_POLL
04-27 08:20:40.301 I/Gecko   (   83): 1398612040314	Marionette	INFO	sendToClient: {"from":"0","error":{"message":"timed out","status":28,"stacktrace":null}}, {61d2ecea-94d7-4b48-ada9-78638c95e615}, {61d2ecea-94d7-4b48-ada9-78638c95e615}
04-27 08:20:40.341 I/Gecko   (   83): 1398612040353	Marionette	DEBUG	Got request: switchToFrame, data: {"to":"0","sessionId":"3-b2g","name":"switchToFrame","parameters":{"id":null,"focus":true}}, id: {2c10102d-db1a-4550-8850-01f3de8b7b1b}
04-27 08:20:40.351 I/Gecko   (   83): 1398612040367	Marionette	INFO	Switched to frame: {"frameValue":null}
04-27 08:20:40.471 I/Gecko   (   83): 1398612040481	Marionette	INFO	sendToClient: {"from":"0","ok":true}, {2c10102d-db1a-4550-8850-01f3de8b7b1b}, {2c10102d-db1a-4550-8850-01f3de8b7b1b}
04-27 08:20:40.481 I/Gecko   (   83): 1398612040499	Marionette	DEBUG	Got request: executeWithCallback, data: {"to":"0","sessionId":"3-b2g","name":"executeAsyncScript","parameters":{"specialPowers":false,"scriptTimeout":60000,"newSandbox":true,"args":[],"filename":"app_checker.py","script":"\n        GaiaApps.locateWithManifestURL('http://sudoku.tresensa.com/manifest.webapp',\n                                       null,\n                                       function uninstall(app) {\n                                       navigator.mozApps.mgmt.uninstall(app);\n                                       marionetteScriptFinished(true);\n                                       });\n        ","line":129}}, id: {a48c3e77-fb5e-45ad-976b-9dfcb864751b}
