--------- beginning of /dev/log/main
04-27 13:48:52.040 I/Gecko   (   83): 1398631732050	Marionette	INFO	sendToClient: {"from":"0","ok":true}, {a2c063dd-411c-4805-bdc4-a5edd0ff79f0}, {a2c063dd-411c-4805-bdc4-a5edd0ff79f0}
04-27 13:48:52.050 V/AudioPolicyManagerBase(   88): startOutput() output 1, stream 1, session 4
04-27 13:48:52.050 V/AudioPolicyManagerBase(   88): changeRefCount() stream 1, count 1
04-27 13:48:52.050 V/AudioPolicyManagerBase(   88): getDeviceForStrategy() from cache strategy 0, device 2
04-27 13:48:52.050 V/AudioPolicyManagerBase(   88): getNewDevice() selected device 2
04-27 13:48:52.060 D/AudioPolicyManagerBase(   88): setOutputDevice() output 1 device 2 delayMs 0
04-27 13:48:52.060 V/AudioPolicyManagerBase(   88): setOutputDevice() setting same device 2 or null device for output 1
04-27 13:48:52.060 E/AudioPolicyManagerBase(   88): checkAndSetVolume stream=1, index=0, output=1, device=2
04-27 13:48:52.060 E/AudioPolicyManagerBase(   88): computeVolume, streamDesc=0xbb2bb8
04-27 13:48:52.090 I/Gecko   (   83): 1398631732109	Marionette	DEBUG	Got request: switchToFrame, data: {"to":"0","sessionId":"3-b2g","name":"switchToFrame","parameters":{"id":null,"focus":true}}, id: {cf363f12-8973-4811-90e6-ba7413906ada}
04-27 13:48:52.110 I/Gecko   (   83): 1398631732121	Marionette	INFO	Switched to frame: {"frameValue":null}
04-27 13:48:52.150 W/AudioFlinger(   88): Thread AudioOut_1 cannot connect to the power manager service
04-27 13:48:52.150 V/AudioPolicyManagerBase(   88): stopOutput() output 1, stream 1, session 4
04-27 13:48:52.150 V/AudioPolicyManagerBase(   88): changeRefCount() stream 1, count 0
04-27 13:48:52.150 V/AudioPolicyManagerBase(   88): getNewDevice() selected device 0
04-27 13:48:52.150 D/AudioPolicyManagerBase(   88): setOutputDevice() output 1 device 0 delayMs 290
04-27 13:48:52.150 V/AudioPolicyManagerBase(   88): setOutputDevice() setting same device 0 or null device for output 1
04-27 13:48:52.160 V/AudioPolicyManagerBase(   88): startOutput() output 1, stream 1, session 4
04-27 13:48:52.160 V/AudioPolicyManagerBase(   88): changeRefCount() stream 1, count 1
04-27 13:48:52.160 V/AudioPolicyManagerBase(   88): getDeviceForStrategy() from cache strategy 0, device 2
04-27 13:48:52.160 V/AudioPolicyManagerBase(   88): getNewDevice() selected device 2
04-27 13:48:52.160 D/AudioPolicyManagerBase(   88): setOutputDevice() output 1 device 2 delayMs 0
04-27 13:48:52.160 V/AudioPolicyManagerBase(   88): setOutputDevice() setting same device 2 or null device for output 1
04-27 13:48:52.160 E/AudioPolicyManagerBase(   88): checkAndSetVolume stream=1, index=0, output=1, device=2
04-27 13:48:52.160 E/AudioPolicyManagerBase(   88): computeVolume, streamDesc=0xbb2bb8
04-27 13:48:52.160 V/AudioPolicyManagerBase(   88): stopOutput() output 1, stream 1, session 4
04-27 13:48:52.160 V/AudioPolicyManagerBase(   88): changeRefCount() stream 1, count 0
04-27 13:48:52.160 V/AudioPolicyManagerBase(   88): getNewDevice() selected device 0
04-27 13:48:52.160 D/AudioPolicyManagerBase(   88): setOutputDevice() output 1 device 0 delayMs 290
04-27 13:48:52.160 V/AudioPolicyManagerBase(   88): setOutputDevice() setting same device 0 or null device for output 1
04-27 13:48:52.180 V/AudioPolicyManagerBase(   88): releaseOutput() 1
04-27 13:48:52.220 I/Gecko   (   83): 1398631732230	Marionette	INFO	sendToClient: {"from":"0","ok":true}, {cf363f12-8973-4811-90e6-ba7413906ada}, {cf363f12-8973-4811-90e6-ba7413906ada}
04-27 13:48:52.230 I/Gecko   (   83): 1398631732239	Marionette	DEBUG	Got request: executeWithCallback, data: {"to":"0","sessionId":"3-b2g","name":"executeAsyncScript","parameters":{"specialPowers":false,"scriptTimeout":null,"newSandbox":true,"args":[],"filename":"gaia_test.py","script":"return GaiaApps.displayedApp();","line":66}}, id: {8af29817-a741-4a78-b9cf-d405aa355ead}
04-27 13:48:52.290 E/GeckoConsole(   83): Content JS LOG at dummy file:392 in GaiaApps.displayedApp: app with origin 'app://homescreen.gaiamobile.org' is displayed
04-27 13:48:52.300 I/Gecko   (   83): 1398631732311	Marionette	INFO	sendToClient: {"from":"0","value":{"frame":{"ELEMENT":"{36e075e4-5b93-4303-9d8b-7c17fd099c55}"},"src":"app://homescreen.gaiamobile.org/index.html#root","name":"Homescreen","origin":"app://homescreen.gaiamobile.org"}}, {8af29817-a741-4a78-b9cf-d405aa355ead}, {8af29817-a741-4a78-b9cf-d405aa355ead}
04-27 13:48:52.310 I/Gecko   (   83): 1398631732327	Marionette	DEBUG	Got request: switchToFrame, data: {"to":"0","sessionId":"3-b2g","name":"switchToFrame","parameters":{"id":null,"focus":true}}, id: {0e97314c-33a0-41b0-a2a7-a9886089d26c}
04-27 13:48:52.330 I/Gecko   (   83): 1398631732340	Marionette	INFO	Switched to frame: {"frameValue":null}
04-27 13:48:52.460 I/Gecko   (   83): 1398631732472	Marionette	INFO	sendToClient: {"from":"0","ok":true}, {0e97314c-33a0-41b0-a2a7-a9886089d26c}, {0e97314c-33a0-41b0-a2a7-a9886089d26c}
04-27 13:48:52.470 I/Gecko   (   83): 1398631732483	Marionette	DEBUG	Got request: switchToFrame, data: {"to":"0","sessionId":"3-b2g","name":"switchToFrame","parameters":{"id":null,"focus":true}}, id: {6e42d127-4f8c-4772-adb8-fb7085c83843}
04-27 13:48:52.470 I/Gecko   (   83): 1398631732485	Marionette	INFO	Switched to frame: {"frameValue":null}
04-27 13:48:52.590 I/Gecko   (   83): 1398631732606	Marionette	INFO	sendToClient: {"from":"0","ok":true}, {6e42d127-4f8c-4772-adb8-fb7085c83843}, {6e42d127-4f8c-4772-adb8-fb7085c83843}
04-27 13:48:52.600 I/Gecko   (   83): 1398631732613	Marionette	DEBUG	Got request: executeWithCallback, data: {"to":"0","sessionId":"3-b2g","name":"executeAsyncScript","parameters":{"specialPowers":false,"scriptTimeout":null,"newSandbox":true,"args":[],"filename":"gaia_test.py","script":"return GaiaApps.displayedApp();","line":66}}, id: {00d99576-ae7e-4fb2-8a9e-5a9ecaf17e17}
04-27 13:48:52.660 I/Gecko   (   83): 1398631732678	Marionette	INFO	sendToClient: {"from":"0","value":{"frame":{"ELEMENT":"{36e075e4-5b93-4303-9d8b-7c17fd099c55}"},"src":"app://homescreen.gaiamobile.org/index.html#root","name":"Homescreen","origin":"app://homescreen.gaiamobile.org"}}, {00d99576-ae7e-4fb2-8a9e-5a9ecaf17e17}, {00d99576-ae7e-4fb2-8a9e-5a9ecaf17e17}
04-27 13:48:52.670 E/GeckoConsole(   83): Content JS LOG at dummy file:392 in GaiaApps.displayedApp: app with origin 'app://homescreen.gaiamobile.org' is displayed
04-27 13:48:52.680 I/Gecko   (   83): 1398631732695	Marionette	DEBUG	Got request: switchToFrame, data: {"to":"0","sessionId":"3-b2g","name":"switchToFrame","parameters":{"focus":true,"element":"{36e075e4-5b93-4303-9d8b-7c17fd099c55}"}}, id: {59380d18-1f00-4d5c-9f29-9a9e8139549b}
04-27 13:48:52.690 I/Gecko   (   83): 1398631732707	Marionette	INFO	Switched to frame: {"frameValue":"{36e075e4-5b93-4303-9d8b-7c17fd099c55}"}
04-27 13:48:52.690 I/Gecko   (   83): 1398631732709	Marionette	INFO	trying remote frame 0
04-27 13:48:52.700 I/Gecko   (   83): 1398631732711	Marionette	INFO	trying remote frame 1
04-27 13:48:52.700 I/Gecko   (   83): 1398631732712	Marionette	INFO	deleting frame
04-27 13:48:52.710 I/Gecko   (   83): 1398631732724	Marionette	INFO	frame-manager load script: [object ChromeMessageSender]
04-27 13:48:53.170 I/Gecko   (   83): 1398631733186	Marionette	INFO	sendToClient: {"from":"0","ok":true}, {59380d18-1f00-4d5c-9f29-9a9e8139549b}, {59380d18-1f00-4d5c-9f29-9a9e8139549b}
04-27 13:48:53.290 I/Gecko   (   83): 1398631733300	Marionette	INFO	sendToClient: {"from":"0","value":{"ELEMENT":"{90dfec96-1db8-44b6-a5d5-d24b1ee8b14f}"}}, {db32bcf7-47e6-4221-850f-4dc45c303ef5}, {db32bcf7-47e6-4221-850f-4dc45c303ef5}
04-27 13:48:53.590 E/GeckoConsole( 1388): [JavaScript Warning: "Use of getAttributeNode() is deprecated. Use getAttribute() instead." {file: "chrome://marionette/content/atoms.js" line: 25}]
04-27 13:48:53.600 E/GeckoConsole( 1388): [JavaScript Warning: "Use of attributes' specified attribute is deprecated. It always returns true." {file: "chrome://marionette/content/atoms.js" line: 25}]
04-27 13:48:53.600 I/Gecko   (   83): 1398631733617	Marionette	INFO	sendToClient: {"from":"0","value":"normal"}, {63b602d9-2cbf-4699-8c22-8c728eab3a72}, {63b602d9-2cbf-4699-8c22-8c728eab3a72}
04-27 13:48:53.610 I/Gecko   (   83): 1398631733623	Marionette	DEBUG	Got request: switchToFrame, data: {"to":"0","sessionId":"3-b2g","name":"switchToFrame","parameters":{"id":null,"focus":true}}, id: {ff472a22-2262-4b39-8f99-8afae8d6c5e1}
04-27 13:48:53.620 I/Gecko   (   83): 1398631733635	Marionette	INFO	Switched to frame: {"frameValue":null}
04-27 13:48:53.710 W/WifiHW  (   83): wifi_command: SIGNAL_POLL
04-27 13:48:53.720 I/Gecko   (   83): 1398631733737	Marionette	INFO	sendToClient: {"from":"0","ok":true}, {ff472a22-2262-4b39-8f99-8afae8d6c5e1}, {ff472a22-2262-4b39-8f99-8afae8d6c5e1}
04-27 13:48:53.750 I/Gecko   (   83): 1398631733760	Marionette	DEBUG	Got request: execute, data: {"to":"0","sessionId":"3-b2g","name":"executeScript","parameters":{"specialPowers":false,"scriptTimeout":null,"newSandbox":true,"args":[],"filename":"gaia_test.py","script":"window.wrappedJSObject.dispatchEvent(new Event('home'));","line":788}}, id: {36b9bb65-3cd6-41dd-b875-0a88aa8eb91d}
04-27 13:48:53.890 I/Gecko   (   83): 1398631733909	Marionette	INFO	sendToClient: {"from":"0","value":null}, {36b9bb65-3cd6-41dd-b875-0a88aa8eb91d}, {36b9bb65-3cd6-41dd-b875-0a88aa8eb91d}
04-27 13:48:53.900 I/Gecko   (   83): 1398631733916	Marionette	DEBUG	Got request: switchToFrame, data: {"to":"0","sessionId":"3-b2g","name":"switchToFrame","parameters":{"id":null,"focus":true}}, id: {61b09cfe-5eee-420c-98ba-b451478854d9}
04-27 13:48:53.910 I/Gecko   (   83): 1398631733919	Marionette	INFO	Switched to frame: {"frameValue":null}
04-27 13:48:54.010 I/Gecko   (   83): 1398631734022	Marionette	INFO	sendToClient: {"from":"0","ok":true}, {61b09cfe-5eee-420c-98ba-b451478854d9}, {61b09cfe-5eee-420c-98ba-b451478854d9}
04-27 13:48:54.020 I/Gecko   (   83): 1398631734029	Marionette	DEBUG	Got request: switchToFrame, data: {"to":"0","sessionId":"3-b2g","name":"switchToFrame","parameters":{"id":null,"focus":true}}, id: {1633072c-4056-4f05-a0ff-20f6ff42c423}
04-27 13:48:54.020 I/Gecko   (   83): 1398631734034	Marionette	INFO	Switched to frame: {"frameValue":null}
04-27 13:48:54.120 I/Gecko   (   83): 1398631734138	Marionette	INFO	sendToClient: {"from":"0","ok":true}, {1633072c-4056-4f05-a0ff-20f6ff42c423}, {1633072c-4056-4f05-a0ff-20f6ff42c423}
04-27 13:48:54.140 I/Gecko   (   83): 1398631734145	Marionette	DEBUG	Got request: executeWithCallback, data: {"to":"0","sessionId":"3-b2g","name":"executeAsyncScript","parameters":{"specialPowers":false,"scriptTimeout":null,"newSandbox":true,"args":[],"filename":"gaia_test.py","script":"return GaiaApps.displayedApp();","line":66}}, id: {b871d40c-4f8b-442e-ae91-31615f7b19a7}
04-27 13:48:54.230 E/GeckoConsole(   83): Content JS LOG at dummy file:392 in GaiaApps.displayedApp: app with origin 'app://homescreen.gaiamobile.org' is displayed
04-27 13:48:54.230 I/Gecko   (   83): 1398631734249	Marionette	INFO	sendToClient: {"from":"0","value":{"frame":{"ELEMENT":"{36e075e4-5b93-4303-9d8b-7c17fd099c55}"},"src":"app://homescreen.gaiamobile.org/index.html#rootSun%20Apr%2027%202014%2013:48:53%20GMT-0700%20(UTC)","name":"Homescreen","origin":"app://homescreen.gaiamobile.org"}}, {b871d40c-4f8b-442e-ae91-31615f7b19a7}, {b871d40c-4f8b-442e-ae91-31615f7b19a7}
04-27 13:48:54.250 I/Gecko   (   83): 1398631734266	Marionette	DEBUG	Got request: switchToFrame, data: {"to":"0","sessionId":"3-b2g","name":"switchToFrame","parameters":{"focus":true,"element":"{36e075e4-5b93-4303-9d8b-7c17fd099c55}"}}, id: {bf516654-42fe-423c-aab9-f523c044b691}
04-27 13:48:54.260 I/Gecko   (   83): 1398631734271	Marionette	INFO	Switched to frame: {"frameValue":"{36e075e4-5b93-4303-9d8b-7c17fd099c55}"}
04-27 13:48:54.270 I/Gecko   (   83): 1398631734279	Marionette	INFO	trying remote frame 0
04-27 13:48:54.270 I/Gecko   (   83): 1398631734281	Marionette	INFO	trying remote frame 1
04-27 13:48:54.500 I/Gecko   (   83): 1398631734518	Marionette	INFO	sendToClient: {"from":"0","ok":true}, {bf516654-42fe-423c-aab9-f523c044b691}, {bf516654-42fe-423c-aab9-f523c044b691}
04-27 13:48:54.510 I/Gecko   (   83): 1398631734527	Marionette	DEBUG	Got request: execute, data: {"to":"0","sessionId":"3-b2g","name":"executeScript","parameters":{"specialPowers":false,"scriptTimeout":null,"newSandbox":true,"args":[],"filename":"gaia_test.py","script":"return window.wrappedJSObject.GridManager.pageHelper.getCurrentPageNumber();","line":784}}, id: {fee552bd-6b38-4e0e-942e-a5ecf4c154c1}
04-27 13:48:54.740 I/Gecko   (   83): 1398631734754	Marionette	INFO	sendToClient: {"from":"0","value":0}, {fee552bd-6b38-4e0e-942e-a5ecf4c154c1}, {fee552bd-6b38-4e0e-942e-a5ecf4c154c1}
04-27 13:48:54.880 I/Gecko   (   83): 1398631734893	Marionette	INFO	sendToClient: {"from":"0","value":["{1cd7a5c7-f0bf-40dd-ab61-a429981b7338}","{4f67f15a-73f2-4ec1-9301-de8f1ca93b0a}","{5c1babdd-ca2b-4f0e-89e2-f06a78be06ed}","{7db9f65b-10a8-4383-95b2-d07eb82a680e}","{3d0d5c87-0a5d-4dec-8365-10917a3e470e}","{994ce6d5-3988-4164-9bde-f147effc83ee}","{3d5e94e0-9b3b-4644-baac-9db65fd23394}","{6fab980b-1a1a-45a8-89da-20ae4abb456a}","{12ce973d-7268-426b-96cc-392c19370d29}","{30e2c001-de32-4b37-adeb-56a63584d514}","{0fc0f5ea-adcf-442b-9c96-d7dc791ee243}","{5bedf695-d725-4131-8835-11b759825cc9}","{0a9f4543-c9a0-464c-80a6-2eae2e50f433}","{81e8d421-446a-41b7-ad22-2f2e66b725a7}","{ba1370b3-ab1e-4f5d-b50c-f994209ebd0c}","{27ffe45d-3f84-4ef3-8b8b-4a4bc30d2258}","{f85a28ea-c016-44d6-9d25-90bdef1ad529}","{482350df-7a53-463d-8c18-8a86070d7fe6}","{b663e6cf-19ea-4e03-835e-75f08d5d9fb8}","{7e3ba9c0-7844-4761-8be8-4aacbd907be8}","{90b15720-c0ef-41dc-a5f1-27a8fdf56461}","{3e4e82fe-2453-4470-9fe3-7666e261bb78}","{583203ae-4518-463e-94f9-4eb197c8e748}","{baf3dae1-3208
04-27 13:48:54.920 I/Gecko   (   83): 1398631734931	Marionette	INFO	sendToClient: {"from":"0","value":"app://homescreen.gaiamobile.org/index.html#rootSun%20Apr%2027%202014%2013:48:53%20GMT-0700%20(UTC)"}, {f44ed6c4-ded4-4822-97f0-3f0125c5b116}, {f44ed6c4-ded4-4822-97f0-3f0125c5b116}
04-27 13:48:54.940 I/Gecko   (   83): 1398631734956	Marionette	DEBUG	Got request: switchToFrame, data: {"to":"0","sessionId":"3-b2g","name":"switchToFrame","parameters":{"id":null,"focus":true}}, id: {11fb4d97-f607-4099-807b-58fd4f738ad1}
04-27 13:48:54.950 I/Gecko   (   83): 1398631734966	Marionette	INFO	Switched to frame: {"frameValue":null}
04-27 13:48:55.070 I/Gecko   (   83): 1398631735079	Marionette	INFO	sendToClient: {"from":"0","ok":true}, {11fb4d97-f607-4099-807b-58fd4f738ad1}, {11fb4d97-f607-4099-807b-58fd4f738ad1}
04-27 13:48:55.090 I/Gecko   (   83): 1398631735102	Marionette	DEBUG	Got request: switchToFrame, data: {"to":"0","sessionId":"3-b2g","name":"switchToFrame","parameters":{"id":null,"focus":true}}, id: {a6ef0e1b-be46-41e6-a313-0ab8d43cd703}
04-27 13:48:55.110 I/Gecko   (   83): 1398631735121	Marionette	INFO	Switched to frame: {"frameValue":null}
04-27 13:48:55.230 I/Gecko   (   83): 1398631735242	Marionette	INFO	sendToClient: {"from":"0","ok":true}, {a6ef0e1b-be46-41e6-a313-0ab8d43cd703}, {a6ef0e1b-be46-41e6-a313-0ab8d43cd703}
04-27 13:48:55.260 I/Gecko   (   83): 1398631735271	Marionette	DEBUG	Got request: executeWithCallback, data: {"to":"0","sessionId":"3-b2g","name":"executeAsyncScript","parameters":{"specialPowers":false,"scriptTimeout":30000,"newSandbox":true,"args":[],"filename":"app_checker.py","script":"GaiaApps.launchWithManifestURL('https://marketplace.firefox.com/app/20fc8b7a-2455-498e-98cc-6005d9b25cca/manifest.webapp')","line":106}}, id: {0a639bea-d4bc-474f-b3f5-5a04668a66a5}
04-27 13:48:55.440 I/Gonk    (   83): Setting nice for pid 1404 to 18
04-27 13:48:55.440 I/Gonk    (   83): Changed nice for pid 1404 from 18 to 18.
04-27 13:48:55.440 I/Gecko   (   83): [Parent 83] WARNING: waitpid failed pid:1404 errno:10: file ../../../gecko/ipc/chromium/src/base/process_util_posix.cc, line 254
04-27 13:48:55.470 I/Gonk    (   83): Setting nice for pid 1404 to 1
04-27 13:48:55.470 I/Gonk    (   83): Changed nice for pid 1404 from 18 to 1.
04-27 13:48:55.520 E/GeckoConsole(   83): Content JS LOG at dummy file:334 in GaiaApps.launch: launching app with name 'TeXZilla'
04-27 13:48:55.800 E/[Gralloc-ERROR](   83): int gralloc_register_buffer(const gralloc_module_t*, const native_handle_t*):79 Unable to register handle 0x462b3150 coming from different process: 83
04-27 13:48:55.800 E/[Gralloc-ERROR](   83): int gralloc_register_buffer(const gralloc_module_t*, const native_handle_t*):79 Unable to register handle 0x462b3290 coming from different process: 83
04-27 13:48:55.810 E/[Gralloc-ERROR](   83): int gralloc_register_buffer(const gralloc_module_t*, const native_handle_t*):79 Unable to register handle 0x462b3470 coming from different process: 83
04-27 13:48:55.810 E/[Gralloc-ERROR](   83): int gralloc_register_buffer(const gralloc_module_t*, const native_handle_t*):79 Unable to register handle 0x462b3600 coming from different process: 83
04-27 13:48:55.940 D/Sensors (   83): activate handle=0; drv=0
04-27 13:48:55.950 D/Sensors (   83): Lis3dhSensor: Control set 1
04-27 13:48:55.950 D/Sensors (   83): Lis3dhSensor: mEnabled = 1
04-27 13:48:57.270 I/Gonk    (   83): Setting nice for pid 1388 to 18
04-27 13:48:57.290 I/Gonk    (   83): Changed nice for pid 1388 from 1 to 18.
04-27 13:48:57.660 I/Gonk    (   83): Setting nice for pid 1464 to 18
04-27 13:48:57.660 I/Gonk    (   83): Changed nice for pid 1464 from 0 to 18.
04-27 13:48:58.730 I/Gecko   (   83): 
04-27 13:48:58.730 I/Gecko   (   83): ###!!! [Parent][MessageChannel] Error: Channel error: cannot send/recv
04-27 13:48:58.730 I/Gecko   (   83): 
04-27 13:48:58.820 I/GeckoDump(   83): Crash reporter : Can't fetch app.reportCrashes. Exception: [Exception... "Component returned failure code: 0x8000ffff (NS_ERROR_UNEXPECTED) [nsIPrefBranch.getBoolPref]"  nsresult: "0x8000ffff (NS_ERROR_UNEXPECTED)"  location: "JS frame :: chrome://browser/content/shell.js :: shell_reportCrash :: line 7"  data: no]
04-27 13:48:58.830 W/WifiHW  (   83): wifi_command: SIGNAL_POLL
04-27 13:48:58.830 I/Gecko   (   83): [Parent 83] WARNING: waitpid failed pid:1388 errno:10: file ../../../gecko/ipc/chromium/src/base/process_util_posix.cc, line 254
04-27 13:48:59.010 I/Gecko   ( 1404): ###################################### forms.js loaded
04-27 13:48:59.040 I/Gecko   ( 1404): ############################### browserElementPanning.js loaded
04-27 13:48:59.060 I/Gecko   ( 1404): ######################## BrowserElementChildPreload.js loaded
04-27 13:49:00.840 I/Gecko   (   83): [Parent 83] WARNING: waitpid failed pid:1388 errno:10: file ../../../gecko/ipc/chromium/src/base/process_util_posix.cc, line 254
04-27 13:49:00.850 I/Gecko   (   83): [Parent 83] WARNING: Failed to deliver SIGKILL to 1388!(3).: file ../../../gecko/ipc/chromium/src/chrome/common/process_watcher_posix_sigchld.cc, line 118
04-27 13:49:02.770 E/GeckoConsole( 1404): [JavaScript Error: "downloadable font: download failed (font-family: "mozTT" style:normal weight:normal stretch:normal src index:0): status=2152857618
04-27 13:49:02.770 E/GeckoConsole( 1404): source: app://{8413b2e1-8fe1-41fd-917b-e659220a34ff}/fonts/moztt_regular-webfont.woff" {file: "app://{8413b2e1-8fe1-41fd-917b-e659220a34ff}/building-blocks/base.css" line: 0 column: 0 source: "@font-face {
04-27 13:49:02.770 E/GeckoConsole( 1404):   font-family: "mozTT";
04-27 13:49:02.770 E/GeckoConsole( 1404):   font-style: normal;
04-27 13:49:02.770 E/GeckoConsole( 1404):   font-weight: normal;
04-27 13:49:02.770 E/GeckoConsole( 1404):   src: url("../fonts/moztt_regular-webfont.woff") format("woff");
04-27 13:49:02.770 E/GeckoConsole( 1404): }"}]
04-27 13:49:03.350 I/Gonk    (   83): Setting nice for pid 1464 to 18
04-27 13:49:03.350 I/Gonk    (   83): Changed nice for pid 1464 from 18 to 18.
04-27 13:49:03.360 I/Gecko   (   83): [Parent 83] WARNING: waitpid failed pid:1464 errno:10: file ../../../gecko/ipc/chromium/src/base/process_util_posix.cc, line 254
04-27 13:49:03.360 I/Gonk    (   83): Setting nice for pid 1464 to 1
04-27 13:49:03.360 I/Gonk    (   83): Changed nice for pid 1464 from 18 to 1.
04-27 13:49:03.410 I/Gonk    (   83): Setting nice for pid 1464 to 18
04-27 13:49:03.410 I/Gonk    (   83): Changed nice for pid 1464 from 1 to 18.
04-27 13:49:04.180 I/log     ( 1480): <4>0[ 502.270937] select 1464 ((Preallocated a), adj 8, size 2752, to kill 
04-27 13:49:04.260 E/[Gralloc-ERROR](   83): int gralloc_unregister_buffer(const gralloc_module_t*, const native_handle_t*):274 Trying to unregister buffer 0x462b3150 from process 83 that was not created in current process: 83
04-27 13:49:04.270 E/GeckoConsole(   83): Content JS LOG at dummy file:326 in GaiaApps.launch/appOpen/<: app with origin 'app://{8413b2e1-8fe1-41fd-917b-e659220a34ff}' has launched
04-27 13:49:04.280 I/Gecko   (   83): 1398631744292	Marionette	INFO	sendToClient: {"from":"0","value":{"frame":{"ELEMENT":"{e39230ac-3edf-49ea-886a-dd7284d9a891}"},"src":"app://{8413b2e1-8fe1-41fd-917b-e659220a34ff}/index.html","name":"TeXZilla","origin":"app://{8413b2e1-8fe1-41fd-917b-e659220a34ff}"}}, {0a639bea-d4bc-474f-b3f5-5a04668a66a5}, {0a639bea-d4bc-474f-b3f5-5a04668a66a5}
04-27 13:49:04.280 W/WifiHW  (   83): wifi_command: SIGNAL_POLL
04-27 13:49:04.320 E/[Gralloc-ERROR](   83): int gralloc_unregister_buffer(const gralloc_module_t*, const native_handle_t*):274 Trying to unregister buffer 0x462b3290 from process 83 that was not created in current process: 83
04-27 13:49:04.330 E/[Gralloc-ERROR](   83): int gralloc_unregister_buffer(const gralloc_module_t*, const native_handle_t*):274 Trying to unregister buffer 0x462b3470 from process 83 that was not created in current process: 83
04-27 13:49:04.330 E/[Gralloc-ERROR](   83): int gralloc_unregister_buffer(const gralloc_module_t*, const native_handle_t*):274 Trying to unregister buffer 0x462b3600 from process 83 that was not created in current process: 83
04-27 13:49:04.350 I/Gecko   (   83): 1398631744363	Marionette	DEBUG	Got request: switchToFrame, data: {"to":"0","sessionId":"3-b2g","name":"switchToFrame","parameters":{"focus":true,"element":"{e39230ac-3edf-49ea-886a-dd7284d9a891}"}}, id: {8ff3d8fe-526a-476d-8690-5251e5fe8393}
04-27 13:49:04.410 I/Gecko   (   83): 1398631744419	Marionette	INFO	Switched to frame: {"frameValue":"{e39230ac-3edf-49ea-886a-dd7284d9a891}"}
04-27 13:49:04.410 I/Gecko   (   83): 1398631744427	Marionette	INFO	trying remote frame 0
04-27 13:49:04.410 I/Gecko   (   83): 1398631744429	Marionette	INFO	trying remote frame 1
04-27 13:49:04.420 I/Gecko   (   83): 1398631744430	Marionette	INFO	deleting frame
04-27 13:49:04.430 I/Gecko   (   83): 1398631744445	Marionette	INFO	frame-manager load script: [object ChromeMessageSender]
04-27 13:49:04.710 I/Gecko   (   83): [Parent 83] WARNING: pipe error (93): Connection reset by peer: file ../../../gecko/ipc/chromium/src/chrome/common/ipc_channel_posix.cc, line 446
04-27 13:49:04.710 I/Gecko   (   83): 
04-27 13:49:04.710 I/Gecko   (   83): ###!!! [Parent][MessageChannel] Error: Channel error: cannot send/recv
04-27 13:49:04.710 I/Gecko   (   83): 
04-27 13:49:04.810 I/GeckoDump(   83): Crash reporter : Can't fetch app.reportCrashes. Exception: [Exception... "Component returned failure code: 0x8000ffff (NS_ERROR_UNEXPECTED) [nsIPrefBranch.getBoolPref]"  nsresult: "0x8000ffff (NS_ERROR_UNEXPECTED)"  location: "JS frame :: chrome://browser/content/shell.js :: shell_reportCrash :: line 7"  data: no]
04-27 13:49:04.820 I/Gecko   (   83): [Parent 83] WARNING: waitpid failed pid:1464 errno:10: file ../../../gecko/ipc/chromium/src/base/process_util_posix.cc, line 254
04-27 13:49:05.890 I/Gecko   (   83): 1398631745900	Marionette	INFO	sendToClient: {"from":"0","ok":true}, {8ff3d8fe-526a-476d-8690-5251e5fe8393}, {8ff3d8fe-526a-476d-8690-5251e5fe8393}
04-27 13:49:05.960 I/Gecko   (   83): 1398631745974	Marionette	INFO	sendToClient: {"from":"0","value":"app://{8413b2e1-8fe1-41fd-917b-e659220a34ff}/index.html"}, {734189de-f65a-42ee-8b8b-63cd547d5175}, {734189de-f65a-42ee-8b8b-63cd547d5175}
04-27 13:49:05.970 I/Gecko   (   83): 1398631745982	Marionette	DEBUG	Got request: execute, data: {"to":"0","sessionId":"3-b2g","name":"executeScript","parameters":{"specialPowers":false,"scriptTimeout":null,"newSandbox":true,"args":[],"filename":"app_checker.py","script":"return window.document.readyState;","line":191}}, id: {00be7031-f08c-43e2-9939-dd135f580bb0}
04-27 13:49:06.040 I/Gecko   (   83): 1398631746057	Marionette	INFO	sendToClient: {"from":"0","value":"complete"}, {00be7031-f08c-43e2-9939-dd135f580bb0}, {00be7031-f08c-43e2-9939-dd135f580bb0}
04-27 13:49:06.050 I/Gecko   (   83): 1398631746067	Marionette	INFO	sendToClient: {"from":"0","value":"app://{8413b2e1-8fe1-41fd-917b-e659220a34ff}/index.html"}, {edbc85da-669e-4b44-ac5c-67ab4a5d9e21}, {edbc85da-669e-4b44-ac5c-67ab4a5d9e21}
04-27 13:49:06.070 I/Gecko   ( 1404): Attempting load of libEGL.so
04-27 13:49:06.100 D/libEGL  ( 1404): loaded /system/lib/egl/libEGL_mali.so
04-27 13:49:06.130 D/libEGL  ( 1404): loaded /system/lib/egl/libGLESv1_CM_mali.so
04-27 13:49:06.140 D/libEGL  ( 1404): loaded /system/lib/egl/libGLESv2_mali.so
04-27 13:49:06.200 I/Gecko   ( 1404): SharedSurface_Gralloc::Create -------
04-27 13:49:06.240 I/Gecko   ( 1404): SharedSurface_Gralloc::Create: success -- surface 0x44e11a40, GraphicBuffer 0x44e0ea00.
04-27 13:49:06.820 I/Gecko   (   83): [Parent 83] WARNING: waitpid failed pid:1464 errno:10: file ../../../gecko/ipc/chromium/src/base/process_util_posix.cc, line 254
04-27 13:49:06.820 I/Gecko   (   83): [Parent 83] WARNING: Failed to deliver SIGKILL to 1464!(3).: file ../../../gecko/ipc/chromium/src/chrome/common/process_watcher_posix_sigchld.cc, line 118
04-27 13:49:07.930 I/Gecko   (   83): 1398631747943	Marionette	INFO	sendToClient: {"from":"0","value":"iVBORw0KGgoAAAANSUhEUgAAAUAAAAHMCAYAAACk4nEJAAAgAElEQVR4nO3d+19UdeLH8flX2st3v7Xtttvktml3TWvN/OaapamlXba8pl28dfFCbZqVa7bbVVRsMi+pKXHxmig3uQkyIDAzCAMDw01AQFJ5f38YOYqgYgtzRj6v5+PxfjwWZpg57zln3o6WrSPrhZtECCEmxmH3ARBCiF1hAAkhxoYBJIQYGwaQEGJsGEBCiLFhAAkhxoYBJIQYG0fWlJtECCEmhgEkhBgbBpAQYmwYQEKIsWEACSHGhgHs4xybfpuKlo9Xzku/t/1YCCFXjyNr0k0ifZPsKb9Te025JKnNX6Ssyb/ucnv5hndUd2iLSv8zp9vPXu02Qkj/xLYBzH/1Pp1YMqbXcb8x7LqfI3f6HdbP5067/Yr3y5t1l3W/7Cn/E/rZabf36rgK3/m/i48z805ZOjqU8/zvuzxPm79IkhT4flW3Y7jabf2R3BmDLusxWnmz7lL2s7+x/aIkJFyxbQDrkrbqetQlbbvu58idMUjnWpokSQ0Z8T3eJ/uZ36i1rECS1JSXpKzJv1LWpJvk+3RWr47r/JmWLo9X8d1ytXhyVL7+7W7PFUkDWBb9Zs+FOs6rPVim6rivdXz2YNsvUEL6M47kSTfJjpR/v0qnfXldcralUZJ0ru10t9u86976Rc/jXf+29d4+HjWu2+2etYtCQ3a2XVmv3W99P3/5JDWXZF8x51qbJUlnTzf0+lhaLoxc+ferruu2/ojnkgGsTY9TbXqcTh0/rLaAr8u4F/17li3XByHhiG0D2FNq0+NCn9Zyf+qzx0x55jc6XXpcktTsyVHy5F9Zt6X/4zadbaqXJJVt/bDXj5n9xlB1nP1ZkuT7Zlmvfy5SB7B7v2FqKsqwPhG6l0+2/dogpD9yYw7g5F/reNQ4ede9Je+Gd5T/zwlKefa3V7
04-27 13:49:08.110 I/Gecko   (   83): 1398631748129	Marionette	INFO	sendToClient: {"from":"0","ok":true}, {23f0343c-fa91-4ddd-bf02-322b76e13702}, {23f0343c-fa91-4ddd-bf02-322b76e13702}
04-27 13:49:08.170 I/Gecko   (   83): 1398631748179	Marionette	DEBUG	Got request: switchToFrame, data: {"to":"0","sessionId":"3-b2g","name":"switchToFrame","parameters":{"id":null,"focus":true}}, id: {191558ff-10e2-4270-8bbd-45b121de305c}
04-27 13:49:08.200 I/Gecko   (   83): 1398631748213	Marionette	INFO	Switched to frame: {"frameValue":null}
04-27 13:49:08.650 I/Gonk    (   83): Setting nice for pid 1486 to 18
04-27 13:49:08.650 I/Gonk    (   83): Changed nice for pid 1486 from 0 to 18.
04-27 13:49:08.660 I/Gecko   (   83): 1398631748670	Marionette	INFO	sendToClient: {"from":"0","ok":true}, {191558ff-10e2-4270-8bbd-45b121de305c}, {191558ff-10e2-4270-8bbd-45b121de305c}
04-27 13:49:08.710 I/Gecko   (   83): 1398631748723	Marionette	DEBUG	Got request: executeWithCallback, data: {"to":"0","sessionId":"3-b2g","name":"executeAsyncScript","parameters":{"specialPowers":false,"scriptTimeout":null,"newSandbox":true,"args":[],"filename":"gaia_test.py","script":"return GaiaApps.displayedApp();","line":66}}, id: {c94e5ee0-04f5-4d2c-a95b-eb9a7fc1b7c0}
04-27 13:49:08.790 I/Gecko   (   83): 1398631748805	Marionette	INFO	sendToClient: {"from":"0","value":{"frame":{"ELEMENT":"{e39230ac-3edf-49ea-886a-dd7284d9a891}"},"src":"app://{8413b2e1-8fe1-41fd-917b-e659220a34ff}/index.html","name":"TeXZilla","origin":"app://{8413b2e1-8fe1-41fd-917b-e659220a34ff}"}}, {c94e5ee0-04f5-4d2c-a95b-eb9a7fc1b7c0}, {c94e5ee0-04f5-4d2c-a95b-eb9a7fc1b7c0}
04-27 13:49:08.790 E/GeckoConsole(   83): Content JS LOG at dummy file:392 in GaiaApps.displayedApp: app with origin 'app://{8413b2e1-8fe1-41fd-917b-e659220a34ff}' is displayed
04-27 13:49:08.870 I/Gecko   (   83): 1398631748881	Marionette	DEBUG	Got request: switchToFrame, data: {"to":"0","sessionId":"3-b2g","name":"switchToFrame","parameters":{"id":null,"focus":true}}, id: {1ce7afd3-c1f5-41a4-b302-b35179114c35}
04-27 13:49:08.870 I/Gecko   (   83): 1398631748884	Marionette	INFO	Switched to frame: {"frameValue":null}
04-27 13:49:09.070 I/Gecko   (   83): 1398631749087	Marionette	INFO	sendToClient: {"from":"0","ok":true}, {1ce7afd3-c1f5-41a4-b302-b35179114c35}, {1ce7afd3-c1f5-41a4-b302-b35179114c35}
04-27 13:49:09.080 I/Gecko   (   83): 1398631749094	Marionette	DEBUG	Got request: execute, data: {"to":"0","sessionId":"3-b2g","name":"executeScript","parameters":{"specialPowers":false,"scriptTimeout":null,"newSandbox":true,"args":[],"filename":"gaia_test.py","script":"window.wrappedJSObject.dispatchEvent(new Event('home'));","line":788}}, id: {069ea12f-a9d5-4b09-93c2-2fc98f59d3f4}
04-27 13:49:09.430 I/Gonk    (   83): Setting nice for pid 1486 to 18
04-27 13:49:09.430 I/Gonk    (   83): Changed nice for pid 1486 from 18 to 18.
04-27 13:49:09.430 I/Gecko   (   83): [Parent 83] WARNING: waitpid failed pid:1486 errno:10: file ../../../gecko/ipc/chromium/src/base/process_util_posix.cc, line 254
04-27 13:49:09.460 I/Gonk    (   83): Setting nice for pid 1486 to 1
04-27 13:49:09.460 I/Gonk    (   83): Changed nice for pid 1486 from 18 to 1.
04-27 13:49:09.580 D/Sensors (   83): activate handle=0; drv=0
04-27 13:49:09.630 D/Sensors (   83): Lis3dhSensor: Control set 0
04-27 13:49:09.630 D/Sensors (   83): Lis3dhSensor: mEnabled = 0
04-27 13:49:09.890 I/Gecko   (   83): 1398631749901	Marionette	INFO	sendToClient: {"from":"0","value":null}, {069ea12f-a9d5-4b09-93c2-2fc98f59d3f4}, {069ea12f-a9d5-4b09-93c2-2fc98f59d3f4}
04-27 13:49:09.910 W/WifiHW  (   83): wifi_command: SIGNAL_POLL
04-27 13:49:10.040 I/Gecko   (   83): 1398631750050	Marionette	DEBUG	Got request: switchToFrame, data: {"to":"0","sessionId":"3-b2g","name":"switchToFrame","parameters":{"id":null,"focus":true}}, id: {505db415-7a86-43e9-80a4-0abf2c79c44e}
04-27 13:49:10.120 I/Gecko   (   83): 1398631750132	Marionette	INFO	Switched to frame: {"frameValue":null}
04-27 13:49:10.250 I/Gecko   (   83): 1398631750265	Marionette	INFO	sendToClient: {"from":"0","ok":true}, {505db415-7a86-43e9-80a4-0abf2c79c44e}, {505db415-7a86-43e9-80a4-0abf2c79c44e}
04-27 13:49:10.260 I/Gecko   (   83): 1398631750278	Marionette	DEBUG	Got request: executeWithCallback, data: {"to":"0","sessionId":"3-b2g","name":"executeAsyncScript","parameters":{"specialPowers":false,"scriptTimeout":null,"newSandbox":true,"args":[],"filename":"gaia_test.py","script":"return GaiaApps.displayedApp();","line":66}}, id: {458d721c-45df-4e90-b753-b3ae7dd2411c}
04-27 13:49:10.680 E/GeckoConsole(   83): Content JS LOG at dummy file:392 in GaiaApps.displayedApp: app with origin 'app://homescreen.gaiamobile.org' is displayed
04-27 13:49:10.680 I/Gecko   (   83): 1398631750691	Marionette	INFO	sendToClient: {"from":"0","value":{"frame":{"ELEMENT":"{3ccd2d71-5ec7-436c-8d5d-44fb209f9b46}"},"src":"app://homescreen.gaiamobile.org/index.html#root","name":"Homescreen","origin":"app://homescreen.gaiamobile.org"}}, {458d721c-45df-4e90-b753-b3ae7dd2411c}, {458d721c-45df-4e90-b753-b3ae7dd2411c}
04-27 13:49:11.010 E/[Gralloc-ERROR](   83): int gralloc_register_buffer(const gralloc_module_t*, const native_handle_t*):79 Unable to register handle 0x44877100 coming from different process: 83
04-27 13:49:11.010 E/[Gralloc-ERROR](   83): int gralloc_register_buffer(const gralloc_module_t*, const native_handle_t*):79 Unable to register handle 0x44d30f10 coming from different process: 83
04-27 13:49:11.250 I/Gecko   (   83): 1398631751260	Marionette	DEBUG	Got request: switchToFrame, data: {"to":"0","sessionId":"3-b2g","name":"switchToFrame","parameters":{"id":null,"focus":true}}, id: {7d5578da-bc12-4ad9-950c-5aa8c23bc0f0}
04-27 13:49:11.360 I/Gecko   (   83): 1398631751371	Marionette	INFO	Switched to frame: {"frameValue":null}
04-27 13:49:11.390 E/[Gralloc-ERROR](   83): int gralloc_unregister_buffer(const gralloc_module_t*, const native_handle_t*):274 Trying to unregister buffer 0x44d30f10 from process 83 that was not created in current process: 83
04-27 13:49:11.390 E/[Gralloc-ERROR](   83): int gralloc_unregister_buffer(const gralloc_module_t*, const native_handle_t*):274 Trying to unregister buffer 0x44877100 from process 83 that was not created in current process: 83
04-27 13:49:12.340 I/Gonk    (   83): Setting nice for pid 1404 to 18
04-27 13:49:12.340 I/Gonk    (   83): Changed nice for pid 1404 from 1 to 18.
04-27 13:49:12.780 I/Gecko   (   83): 1398631752796	Marionette	INFO	sendToClient: {"from":"0","ok":true}, {7d5578da-bc12-4ad9-950c-5aa8c23bc0f0}, {7d5578da-bc12-4ad9-950c-5aa8c23bc0f0}
04-27 13:49:12.850 I/Gecko   (   83): 1398631752861	Marionette	DEBUG	Got request: switchToFrame, data: {"to":"0","sessionId":"3-b2g","name":"switchToFrame","parameters":{"id":null,"focus":true}}, id: {6ae35441-c9eb-458b-954e-f2e62f573841}
04-27 13:49:12.850 I/Gecko   (   83): 1398631752864	Marionette	INFO	Switched to frame: {"frameValue":null}
04-27 13:49:12.950 I/Gecko   (   83): 1398631752967	Marionette	INFO	sendToClient: {"from":"0","ok":true}, {6ae35441-c9eb-458b-954e-f2e62f573841}, {6ae35441-c9eb-458b-954e-f2e62f573841}
04-27 13:49:12.960 I/Gecko   (   83): 1398631752975	Marionette	DEBUG	Got request: executeWithCallback, data: {"to":"0","sessionId":"3-b2g","name":"executeAsyncScript","parameters":{"specialPowers":false,"scriptTimeout":null,"newSandbox":true,"args":[],"filename":"gaia_test.py","script":"return GaiaApps.displayedApp();","line":66}}, id: {77429ce0-c6f8-46f5-bd5e-833fb5b694ec}
04-27 13:49:13.040 E/GeckoConsole(   83): Content JS LOG at dummy file:392 in GaiaApps.displayedApp: app with origin 'app://homescreen.gaiamobile.org' is displayed
04-27 13:49:13.060 I/Gecko   (   83): 1398631753069	Marionette	INFO	sendToClient: {"from":"0","value":{"frame":{"ELEMENT":"{3ccd2d71-5ec7-436c-8d5d-44fb209f9b46}"},"src":"app://homescreen.gaiamobile.org/index.html#root","name":"Homescreen","origin":"app://homescreen.gaiamobile.org"}}, {77429ce0-c6f8-46f5-bd5e-833fb5b694ec}, {77429ce0-c6f8-46f5-bd5e-833fb5b694ec}
04-27 13:49:13.070 I/Gecko   (   83): 1398631753081	Marionette	DEBUG	Got request: switchToFrame, data: {"to":"0","sessionId":"3-b2g","name":"switchToFrame","parameters":{"focus":true,"element":"{3ccd2d71-5ec7-436c-8d5d-44fb209f9b46}"}}, id: {22f371dd-6dd6-4b6c-b71d-f74ba2ea6fc0}
04-27 13:49:13.070 I/Gecko   (   83): 1398631753088	Marionette	INFO	Switched to frame: {"frameValue":"{3ccd2d71-5ec7-436c-8d5d-44fb209f9b46}"}
04-27 13:49:13.090 I/Gecko   (   83): 1398631753109	Marionette	INFO	trying remote frame 0
04-27 13:49:13.100 I/Gecko   (   83): 1398631753111	Marionette	INFO	trying remote frame 1
04-27 13:49:13.110 I/Gecko   (   83): 1398631753121	Marionette	INFO	deleting frame
04-27 13:49:13.110 I/Gecko   (   83): 1398631753126	Marionette	INFO	frame-manager load script: [object ChromeMessageSender]
04-27 13:49:13.420 I/Gecko   (   83): 
04-27 13:49:13.420 I/Gecko   (   83): ###!!! [Parent][MessageChannel] Error: Channel error: cannot send/recv
04-27 13:49:13.420 I/Gecko   (   83): 
04-27 13:49:13.460 I/Gecko   ( 1486): ###################################### forms.js loaded
04-27 13:49:13.480 I/Gecko   ( 1486): ############################### browserElementPanning.js loaded
04-27 13:49:13.490 I/GeckoDump(   83): Crash reporter : Can't fetch app.reportCrashes. Exception: [Exception... "Component returned failure code: 0x8000ffff (NS_ERROR_UNEXPECTED) [nsIPrefBranch.getBoolPref]"  nsresult: "0x8000ffff (NS_ERROR_UNEXPECTED)"  location: "JS frame :: chrome://browser/content/shell.js :: shell_reportCrash :: line 7"  data: no]
04-27 13:49:13.510 I/Gecko   (   83): [Parent 83] WARNING: waitpid failed pid:1404 errno:10: file ../../../gecko/ipc/chromium/src/base/process_util_posix.cc, line 254
04-27 13:49:13.540 I/Gecko   ( 1486): ######################## BrowserElementChildPreload.js loaded
04-27 13:49:14.490 I/Gonk    (   83): Setting nice for pid 1500 to 18
04-27 13:49:14.490 I/Gonk    (   83): Changed nice for pid 1500 from 0 to 18.
04-27 13:49:14.790 I/Gecko   (   83): 1398631754808	Marionette	INFO	sendToClient: {"from":"0","ok":true}, {22f371dd-6dd6-4b6c-b71d-f74ba2ea6fc0}, {22f371dd-6dd6-4b6c-b71d-f74ba2ea6fc0}
04-27 13:49:14.880 W/WifiHW  (   83): wifi_command: SIGNAL_POLL
04-27 13:49:15.190 I/Gecko   (   83): 1398631755202	Marionette	INFO	sendToClient: {"from":"0","value":"app://homescreen.gaiamobile.org/index.html#root"}, {344155f7-08f5-4578-9a62-3dd54c73cc67}, {344155f7-08f5-4578-9a62-3dd54c73cc67}
04-27 13:49:15.200 I/Gecko   (   83): 1398631755213	Marionette	DEBUG	Got request: switchToFrame, data: {"to":"0","sessionId":"3-b2g","name":"switchToFrame","parameters":{"id":null,"focus":true}}, id: {fe603331-af88-4465-b9c9-e0320d976cfb}
04-27 13:49:15.220 I/Gecko   (   83): 1398631755234	Marionette	INFO	Switched to frame: {"frameValue":null}
04-27 13:49:15.320 I/Gecko   (   83): 1398631755336	Marionette	INFO	sendToClient: {"from":"0","ok":true}, {fe603331-af88-4465-b9c9-e0320d976cfb}, {fe603331-af88-4465-b9c9-e0320d976cfb}
04-27 13:49:15.330 I/Gecko   (   83): 1398631755343	Marionette	DEBUG	Got request: switchToFrame, data: {"to":"0","sessionId":"3-b2g","name":"switchToFrame","parameters":{"id":null,"focus":true}}, id: {3a9de4f6-1bfa-49e9-aef3-a1d384e0385e}
04-27 13:49:15.330 I/Gecko   (   83): 1398631755345	Marionette	INFO	Switched to frame: {"frameValue":null}
04-27 13:49:15.430 I/Gecko   (   83): 1398631755448	Marionette	INFO	sendToClient: {"from":"0","ok":true}, {3a9de4f6-1bfa-49e9-aef3-a1d384e0385e}, {3a9de4f6-1bfa-49e9-aef3-a1d384e0385e}
04-27 13:49:15.440 I/Gecko   (   83): 1398631755455	Marionette	DEBUG	Got request: executeWithCallback, data: {"to":"0","sessionId":"3-b2g","name":"executeAsyncScript","parameters":{"specialPowers":false,"scriptTimeout":null,"newSandbox":true,"args":[],"filename":"gaia_test.py","script":"GaiaApps.killAll()","line":91}}, id: {705c0d04-27aa-464c-9001-3411e6f3b2dd}
04-27 13:49:15.510 I/Gecko   (   83): [Parent 83] WARNING: waitpid failed pid:1404 errno:10: file ../../../gecko/ipc/chromium/src/base/process_util_posix.cc, line 254
04-27 13:49:15.510 I/Gecko   (   83): [Parent 83] WARNING: Failed to deliver SIGKILL to 1404!(3).: file ../../../gecko/ipc/chromium/src/chrome/common/process_watcher_posix_sigchld.cc, line 118
04-27 13:49:15.520 I/Gecko   (   83): 1398631755526	Marionette	INFO	sendToClient: {"from":"0","value":true}, {705c0d04-27aa-464c-9001-3411e6f3b2dd}, {705c0d04-27aa-464c-9001-3411e6f3b2dd}
04-27 13:49:15.520 I/Gecko   (   83): 1398631755536	Marionette	DEBUG	Got request: switchToFrame, data: {"to":"0","sessionId":"3-b2g","name":"switchToFrame","parameters":{"id":null,"focus":true}}, id: {ece2c3bf-1bb7-4dc2-89b4-ed32c90b42bc}
04-27 13:49:15.520 I/Gecko   (   83): 1398631755538	Marionette	INFO	Switched to frame: {"frameValue":null}
04-27 13:49:15.630 I/Gecko   (   83): 1398631755642	Marionette	INFO	sendToClient: {"from":"0","ok":true}, {ece2c3bf-1bb7-4dc2-89b4-ed32c90b42bc}, {ece2c3bf-1bb7-4dc2-89b4-ed32c90b42bc}
04-27 13:49:15.670 I/Gecko   (   83): 1398631755681	Marionette	DEBUG	Got request: executeWithCallback, data: {"to":"0","sessionId":"3-b2g","name":"executeAsyncScript","parameters":{"specialPowers":false,"scriptTimeout":60000,"newSandbox":true,"args":[],"filename":"app_checker.py","script":"\n        GaiaApps.locateWithManifestURL('https://marketplace.firefox.com/app/20fc8b7a-2455-498e-98cc-6005d9b25cca/manifest.webapp',\n                                       null,\n                                       function uninstall(app) {\n                                       navigator.mozApps.mgmt.uninstall(app);\n                                       marionetteScriptFinished(true);\n                                       });\n        ","line":129}}, id: {e0fb8751-6fb3-49ce-94d6-025c01f663ea}
04-27 13:49:15.710 I/Gecko   (   83): -- webapps.js uninstall https://marketplace.firefox.com/app/20fc8b7a-2455-498e-98cc-6005d9b25cca/manifest.webapp
04-27 13:49:16.060 I/Gecko   (   83): 1398631756070	Marionette	INFO	sendToClient: {"from":"0","value":true}, {e0fb8751-6fb3-49ce-94d6-025c01f663ea}, {e0fb8751-6fb3-49ce-94d6-025c01f663ea}