04-26 01:15:33.619 I/Gecko   (   85): 1398500133629	Marionette	DEBUG	Got request: execute, data: {"to":"0","sessionId":"3-b2g","name":"executeScript","parameters":{"specialPowers":false,"scriptTimeout":null,"newSandbox":true,"args":[],"filename":"app_checker.py","script":"return window.document.readyState;","line":191}}, id: {5ce08bac-7ebe-48e6-a7aa-b6eb62eba3f6}
04-26 01:15:33.709 I/Gecko   (   85): 1398500133717	Marionette	INFO	sendToClient: {"from":"0","value":"complete"}, {5ce08bac-7ebe-48e6-a7aa-b6eb62eba3f6}, {5ce08bac-7ebe-48e6-a7aa-b6eb62eba3f6}
04-26 01:15:33.739 I/Gecko   (   85): 1398500133744	Marionette	INFO	sendToClient: {"from":"0","value":"app://{ac9c62ab-d0ff-4492-bd55-842d54b03189}/index.html"}, {5acb9119-048f-4042-9178-34baf77daae6}, {5acb9119-048f-4042-9178-34baf77daae6}
04-26 01:15:33.909 I/Gecko   ( 3134): [SharedSurface_Gralloc 0x42db87c0] destroyed
04-26 01:15:33.939 I/Gecko   ( 3134): SharedSurface_Gralloc::Create -------
04-26 01:15:33.949 I/Gecko   ( 3134): SharedSurface_Gralloc::Create: success -- surface 0x42db87c0, GraphicBuffer 0x43517400.
04-26 01:15:34.539 I/Gecko   (   85): [Parent 85] WARNING: waitpid failed pid:3217 errno:10: file ../../../gecko/ipc/chromium/src/base/process_util_posix.cc, line 254
04-26 01:15:34.539 I/Gecko   (   85): [Parent 85] WARNING: Failed to deliver SIGKILL to 3217!(3).: file ../../../gecko/ipc/chromium/src/chrome/common/process_watcher_posix_sigchld.cc, line 118
04-26 01:15:34.569 W/AudioTrack(   90): stepServer() could not lock cblk
04-26 01:15:34.579 W/AudioTrack(   90): stepServer() could not lock cblk
04-26 01:15:34.619 W/AudioTrack(   90): stepServer() could not lock cblk
04-26 01:15:34.659 W/AudioTrack(   90): stepServer() could not lock cblk
04-26 01:15:35.749 W/WifiHW  (   85): wifi_command: SIGNAL_POLL
04-26 01:15:35.879 I/Gecko   (   85): 1398500135890	Marionette	INFO	sendToClient: {"from":"0","value":"iVBORw0KGgoAAAANSUhEUgAAAUAAAAHgCAYAAADUjLREAAAgAElEQVR4nO19v4scSbZuGGOU8Yw225yCMbpgDBWUsQ3lqKENFYwhgQw1yBCiDdHIEM0aQoxzETIW8SxxjYcYY2DHWJg1Bnb/jB1DoDEGdM0xZVxDxhj5jMrMioiKyPgdcSLjazhEf5V54pz4dfLkV5FZjJ2tO/bNutuXqw4YGBi4GczOegCBQCCtCTtb04jEwMDAwLkxO+s/hEAgkNaEna1pRGJgYGDg3Jid9QACgUBaE3a2phGJgYGBgXNjdtZ/CIFAIK0JO1vTiMTAwMDAuTE76wEEAoG0JuxsTSMSAwMDA+fG7Kz/EAKBQFoTdramEYmBgYGBc2N21gMIBAJpTdjZmkYkBgYGBs6N2Vn/IQQCgbQm7GxNIxIDAwMD58bsrAcQCATSmrCzNY1IDAwMDJwbs7P+QwgEAmlN2NmaRiQGBgYGzo3ZWQ8gEAikNWFnaxqRGBgYGDg3Zmf9hxAIBNKasLM1jUgMDAwMnBuzsx5AIBBIa8LO1jQiMTAwMHBuzM76DyEQCKQ1YWdrGpEYGBgYODdmm/Mum5z1hk3HeYlZf6hN2/pNdalsuvpNUVTtCG1frDnhMha+/pcYx9D2hdZva9PGv9D+9Wkr25x37E5/4p3+w1R4iLym43ykjlm/CquuDKH1m/zXXZlS93+J8Q1tn8v4mPR96nfx38e/UBzavtD6Q+d3zP71iR/GCBlTkAHqbSIDTDsnkAEiA1QJ25yXzxyAgYGBS2C26QEEAoG0JmxzTiMSAwMDA+fGbNN/CIFAIK0J25zTiMTAwMDAuTHb9AACgUBaE7Y5pxGJgYGBgXNjtuk/hEAgkNaEbc5pRGJgYGDg3JhtegCBQCCtCduc04jEwMDAwLkx2/QfQiAQSGvCNuc0IjEwMDBwbsw2PYBAIJDWhG3OaU
04-26 01:15:36.349 I/Gecko   (   85): 1398500136355	Marionette	INFO	sendToClient: {"from":"0","ok":true}, {7433bcff-dcde-4136-8a74-fa7d573fab38}, {7433bcff-dcde-4136-8a74-fa7d573fab38}
04-26 01:15:36.449 I/Gecko   (   85): 1398500136459	Marionette	DEBUG	Got request: switchToFrame, data: {"to":"0","sessionId":"3-b2g","name":"switchToFrame","parameters":{"id":null,"focus":true}}, id: {e1ec2869-63fc-425c-86d1-827aa1199efe}
04-26 01:15:36.509 I/Gecko   (   85): 1398500136520	Marionette	INFO	Switched to frame: {"frameValue":null}
04-26 01:15:36.779 I/Gonk    (   85): Setting nice for pid 3229 to 18
04-26 01:15:36.779 I/Gonk    (   85): Changed nice for pid 3229 from 0 to 18.
04-26 01:15:36.879 I/Gecko   (   85): 1398500136890	Marionette	INFO	sendToClient: {"from":"0","ok":true}, {e1ec2869-63fc-425c-86d1-827aa1199efe}, {e1ec2869-63fc-425c-86d1-827aa1199efe}
04-26 01:15:36.899 I/Gecko   (   85): 1398500136911	Marionette	DEBUG	Got request: executeWithCallback, data: {"to":"0","sessionId":"3-b2g","name":"executeAsyncScript","parameters":{"specialPowers":false,"scriptTimeout":null,"newSandbox":true,"args":[],"filename":"gaia_test.py","script":"return GaiaApps.displayedApp();","line":66}}, id: {8c6afa4a-5d07-4d76-99db-38d32ad7839f}
04-26 01:15:37.169 E/GeckoConsole(   85): Content JS LOG at dummy file:392 in GaiaApps.displayedApp: app with origin 'app://{ac9c62ab-d0ff-4492-bd55-842d54b03189}' is displayed
04-26 01:15:37.169 I/Gecko   (   85): 1398500137177	Marionette	INFO	sendToClient: {"from":"0","value":{"frame":{"ELEMENT":"{1f40da9e-ceaa-4c42-a0d8-40ce5a4f037b}"},"src":"app://{ac9c62ab-d0ff-4492-bd55-842d54b03189}/index.html","name":"The Firefly Game","origin":"app://{ac9c62ab-d0ff-4492-bd55-842d54b03189}"}}, {8c6afa4a-5d07-4d76-99db-38d32ad7839f}, {8c6afa4a-5d07-4d76-99db-38d32ad7839f}
04-26 01:15:37.179 I/Gecko   (   85): 1398500137189	Marionette	DEBUG	Got request: switchToFrame, data: {"to":"0","sessionId":"3-b2g","name":"switchToFrame","parameters":{"id":null,"focus":true}}, id: {084bcd09-95bf-41d8-beac-5b53c21ef372}
04-26 01:15:37.189 I/Gecko   (   85): 1398500137197	Marionette	INFO	Switched to frame: {"frameValue":null}
04-26 01:15:37.309 I/Gecko   (   85): 1398500137322	Marionette	INFO	sendToClient: {"from":"0","ok":true}, {084bcd09-95bf-41d8-beac-5b53c21ef372}, {084bcd09-95bf-41d8-beac-5b53c21ef372}
04-26 01:15:37.329 I/Gecko   (   85): 1398500137340	Marionette	DEBUG	Got request: execute, data: {"to":"0","sessionId":"3-b2g","name":"executeScript","parameters":{"specialPowers":false,"scriptTimeout":null,"newSandbox":true,"args":[],"filename":"gaia_test.py","script":"window.wrappedJSObject.dispatchEvent(new Event('home'));","line":788}}, id: {e018067c-dcea-4b75-a37d-c4825bf6dedf}
04-26 01:15:37.569 I/Gonk    (   85): Setting nice for pid 3229 to 18
04-26 01:15:37.569 I/Gonk    (   85): Changed nice for pid 3229 from 18 to 18.
04-26 01:15:37.569 I/Gecko   (   85): [Parent 85] WARNING: waitpid failed pid:3229 errno:10: file ../../../gecko/ipc/chromium/src/base/process_util_posix.cc, line 254
04-26 01:15:37.609 I/Gonk    (   85): Setting nice for pid 3229 to 1
04-26 01:15:37.609 I/Gonk    (   85): Changed nice for pid 3229 from 18 to 1.
04-26 01:15:37.699 D/Sensors (   85): activate handle=0; drv=0
04-26 01:15:37.699 D/Sensors (   85): Lis3dhSensor: Control set 0
04-26 01:15:37.699 D/Sensors (   85): Lis3dhSensor: mEnabled = 0
04-26 01:15:38.319 I/Gecko   (   85): 1398500138330	Marionette	INFO	sendToClient: {"from":"0","value":null}, {e018067c-dcea-4b75-a37d-c4825bf6dedf}, {e018067c-dcea-4b75-a37d-c4825bf6dedf}
04-26 01:15:38.399 E/[Gralloc-ERROR](   85): int gralloc_register_buffer(const gralloc_module_t*, const native_handle_t*):79 Unable to register handle 0x4420d240 coming from different process: 85
04-26 01:15:38.429 E/[Gralloc-ERROR](   85): int gralloc_register_buffer(const gralloc_module_t*, const native_handle_t*):79 Unable to register handle 0x4420d380 coming from different process: 85
04-26 01:15:38.589 I/Gecko   (   85): 1398500138602	Marionette	DEBUG	Got request: switchToFrame, data: {"to":"0","sessionId":"3-b2g","name":"switchToFrame","parameters":{"id":null,"focus":true}}, id: {1b7b554a-df28-4110-9297-eef8fbd82b89}
04-26 01:15:38.629 I/Gecko   (   85): 1398500138640	Marionette	INFO	Switched to frame: {"frameValue":null}
04-26 01:15:39.719 E/[Gralloc-ERROR](   85): int gralloc_unregister_buffer(const gralloc_module_t*, const native_handle_t*):274 Trying to unregister buffer 0x4420d380 from process 85 that was not created in current process: 85
04-26 01:15:39.759 E/[Gralloc-ERROR](   85): int gralloc_unregister_buffer(const gralloc_module_t*, const native_handle_t*):274 Trying to unregister buffer 0x4420d240 from process 85 that was not created in current process: 85
04-26 01:15:39.759 I/Gecko   (   85): 1398500139769	Marionette	INFO	sendToClient: {"from":"0","ok":true}, {1b7b554a-df28-4110-9297-eef8fbd82b89}, {1b7b554a-df28-4110-9297-eef8fbd82b89}
04-26 01:15:39.869 I/Gecko   (   85): 1398500139884	Marionette	DEBUG	Got request: executeWithCallback, data: {"to":"0","sessionId":"3-b2g","name":"executeAsyncScript","parameters":{"specialPowers":false,"scriptTimeout":null,"newSandbox":true,"args":[],"filename":"gaia_test.py","script":"return GaiaApps.displayedApp();","line":66}}, id: {a3970546-716e-427f-9205-e3351cfb9796}
04-26 01:15:40.319 I/Gonk    (   85): Setting nice for pid 3134 to 7
04-26 01:15:40.319 I/Gonk    (   85): Changed nice for pid 3134 from 1 to 7.
04-26 01:15:40.329 I/Gecko   (   85): 1398500140335	Marionette	INFO	sendToClient: {"from":"0","value":{"frame":{"ELEMENT":"{a4cebf34-40a9-4697-af97-74f35f216df2}"},"src":"app://homescreen.gaiamobile.org/index.html#root","name":"Homescreen","origin":"app://homescreen.gaiamobile.org"}}, {a3970546-716e-427f-9205-e3351cfb9796}, {a3970546-716e-427f-9205-e3351cfb9796}
04-26 01:15:40.339 E/GeckoConsole(   85): Content JS LOG at dummy file:392 in GaiaApps.displayedApp: app with origin 'app://homescreen.gaiamobile.org' is displayed
04-26 01:15:40.449 I/Gecko   (   85): 1398500140458	Marionette	DEBUG	Got request: switchToFrame, data: {"to":"0","sessionId":"3-b2g","name":"switchToFrame","parameters":{"id":null,"focus":true}}, id: {175267b6-7e25-487c-b459-b75cb6721241}
04-26 01:15:40.479 I/Gecko   (   85): 1398500140484	Marionette	INFO	Switched to frame: {"frameValue":null}
04-26 01:15:40.589 I/Gecko   (   85): 1398500140595	Marionette	INFO	sendToClient: {"from":"0","ok":true}, {175267b6-7e25-487c-b459-b75cb6721241}, {175267b6-7e25-487c-b459-b75cb6721241}
04-26 01:15:40.599 I/Gecko   (   85): 1398500140610	Marionette	DEBUG	Got request: switchToFrame, data: {"to":"0","sessionId":"3-b2g","name":"switchToFrame","parameters":{"id":null,"focus":true}}, id: {9b004d71-f28e-4789-b091-8097db261938}
04-26 01:15:40.599 I/Gecko   (   85): 1398500140612	Marionette	INFO	Switched to frame: {"frameValue":null}
04-26 01:15:40.619 I/Gecko   (   85): 
04-26 01:15:40.619 I/Gecko   (   85): ###!!! [Parent][MessageChannel] Error: Channel error: cannot send/recv
04-26 01:15:40.619 I/Gecko   (   85): 
04-26 01:15:40.739 V/AudioPolicyManagerBase(   90): stopOutput() output 1, stream 1, session 11
04-26 01:15:40.749 V/AudioPolicyManagerBase(   90): changeRefCount() stream 1, count 0
04-26 01:15:40.749 V/AudioPolicyManagerBase(   90): getNewDevice() selected device 0
04-26 01:15:40.749 D/AudioPolicyManagerBase(   90): setOutputDevice() output 1 device 0 delayMs 290
04-26 01:15:40.749 V/AudioPolicyManagerBase(   90): setOutputDevice() setting same device 0 or null device for output 1
04-26 01:15:40.789 I/Gecko   (   85): [Parent 85] WARNING: waitpid failed pid:3134 errno:10: file ../../../gecko/ipc/chromium/src/base/process_util_posix.cc, line 254
04-26 01:15:40.799 V/AudioPolicyManagerBase(   90): releaseOutput() 1
04-26 01:15:40.859 W/WifiHW  (   85): wifi_command: SIGNAL_POLL
04-26 01:15:40.889 I/Gecko   (   85): 1398500140898	Marionette	INFO	sendToClient: {"from":"0","ok":true}, {9b004d71-f28e-4789-b091-8097db261938}, {9b004d71-f28e-4789-b091-8097db261938}
04-26 01:15:40.899 I/Gecko   (   85): 1398500140911	Marionette	DEBUG	Got request: executeWithCallback, data: {"to":"0","sessionId":"3-b2g","name":"executeAsyncScript","parameters":{"specialPowers":false,"scriptTimeout":null,"newSandbox":true,"args":[],"filename":"gaia_test.py","script":"return GaiaApps.displayedApp();","line":66}}, id: {8bd193a2-b9c1-44b0-9f51-e653cebc43c9}
04-26 01:15:41.029 I/Gecko   (   85): 1398500141037	Marionette	INFO	sendToClient: {"from":"0","value":{"frame":{"ELEMENT":"{a4cebf34-40a9-4697-af97-74f35f216df2}"},"src":"app://homescreen.gaiamobile.org/index.html#root","name":"Homescreen","origin":"app://homescreen.gaiamobile.org"}}, {8bd193a2-b9c1-44b0-9f51-e653cebc43c9}, {8bd193a2-b9c1-44b0-9f51-e653cebc43c9}
04-26 01:15:41.039 E/GeckoConsole(   85): Content JS LOG at dummy file:392 in GaiaApps.displayedApp: app with origin 'app://homescreen.gaiamobile.org' is displayed
04-26 01:15:41.049 I/Gecko   (   85): 1398500141056	Marionette	DEBUG	Got request: switchToFrame, data: {"to":"0","sessionId":"3-b2g","name":"switchToFrame","parameters":{"focus":true,"element":"{a4cebf34-40a9-4697-af97-74f35f216df2}"}}, id: {83ccce58-e0e6-4139-b3c5-b35b334cf104}
04-26 01:15:41.059 I/Gecko   (   85): 1398500141070	Marionette	INFO	Switched to frame: {"frameValue":"{a4cebf34-40a9-4697-af97-74f35f216df2}"}
04-26 01:15:41.079 I/Gecko   (   85): 1398500141090	Marionette	INFO	trying remote frame 0
04-26 01:15:41.079 I/Gecko   (   85): 1398500141092	Marionette	INFO	trying remote frame 1
04-26 01:15:41.089 I/Gecko   (   85): 1398500141095	Marionette	INFO	trying remote frame 2
04-26 01:15:41.089 I/Gecko   (   85): 1398500141096	Marionette	INFO	trying remote frame 3
04-26 01:15:41.099 I/Gecko   (   85): 1398500141105	Marionette	INFO	trying remote frame 4
04-26 01:15:41.099 I/Gecko   (   85): 1398500141106	Marionette	INFO	deleting frame
04-26 01:15:41.099 I/Gecko   (   85): 1398500141112	Marionette	INFO	frame-manager load script: [object ChromeMessageSender]
04-26 01:15:41.599 E/Profiler(   85): BPUnw: [1 total] thread_unregister_for_profiling(me=0x15724f0)  (NOT REGISTERED) 
04-26 01:15:42.009 I/Gecko   ( 3229): ###################################### forms.js loaded
04-26 01:15:42.039 I/Gecko   ( 3229): ############################### browserElementPanning.js loaded
04-26 01:15:42.079 I/Gecko   ( 3229): ######################## BrowserElementChildPreload.js loaded
04-26 01:15:42.419 E/Profiler(   85): BPUnw: [1 total] thread_unregister_for_profiling(me=0x15735e0)  (NOT REGISTERED) 
04-26 01:15:42.559 E/Profiler(   85): BPUnw: [1 total] thread_unregister_for_profiling(me=0x1572b18)  (NOT REGISTERED) 
04-26 01:15:42.649 I/Gonk    (   85): Setting nice for pid 3243 to 18
04-26 01:15:42.649 I/Gonk    (   85): Changed nice for pid 3243 from 0 to 18.
04-26 01:15:42.789 I/Gecko   (   85): [Parent 85] WARNING: waitpid failed pid:3134 errno:10: file ../../../gecko/ipc/chromium/src/base/process_util_posix.cc, line 254
04-26 01:15:42.789 I/Gecko   (   85): [Parent 85] WARNING: Failed to deliver SIGKILL to 3134!(3).: file ../../../gecko/ipc/chromium/src/chrome/common/process_watcher_posix_sigchld.cc, line 118
04-26 01:15:43.049 E/Profiler(   85): BPUnw: [1 total] thread_unregister_for_profiling(me=0x1573378)  (NOT REGISTERED) 
04-26 01:15:43.069 E/Profiler(   85): BPUnw: [1 total] thread_unregister_for_profiling(me=0x15735a0)  (NOT REGISTERED) 
04-26 01:15:43.329 I/Gecko   (   85): 1398500143341	Marionette	INFO	sendToClient: {"from":"0","ok":true}, {83ccce58-e0e6-4139-b3c5-b35b334cf104}, {83ccce58-e0e6-4139-b3c5-b35b334cf104}
04-26 01:15:43.539 W/audio_hw_primary(   90): do_output_standby.mode:0 
04-26 01:15:43.679 I/Gecko   (   85): 1398500143687	Marionette	INFO	sendToClient: {"from":"0","value":"app://homescreen.gaiamobile.org/index.html#root"}, {991a1d1c-2d54-4120-88d4-1e319d63283b}, {991a1d1c-2d54-4120-88d4-1e319d63283b}
04-26 01:15:43.689 I/Gecko   (   85): 1398500143700	Marionette	DEBUG	Got request: switchToFrame, data: {"to":"0","sessionId":"3-b2g","name":"switchToFrame","parameters":{"id":null,"focus":true}}, id: {d466b365-609c-4866-930a-6cdb074ec174}
04-26 01:15:43.779 I/Gecko   (   85): 1398500143786	Marionette	INFO	Switched to frame: {"frameValue":null}
04-26 01:15:43.879 I/Gecko   (   85): 1398500143889	Marionette	INFO	sendToClient: {"from":"0","ok":true}, {d466b365-609c-4866-930a-6cdb074ec174}, {d466b365-609c-4866-930a-6cdb074ec174}
04-26 01:15:43.929 I/Gecko   (   85): 1398500143943	Marionette	DEBUG	Got request: switchToFrame, data: {"to":"0","sessionId":"3-b2g","name":"switchToFrame","parameters":{"id":null,"focus":true}}, id: {f8b26f54-882d-4e60-ba43-e2d6c74b2d47}
04-26 01:15:43.939 I/Gecko   (   85): 1398500143946	Marionette	INFO	Switched to frame: {"frameValue":null}
04-26 01:15:44.039 I/Gecko   (   85): 1398500144049	Marionette	INFO	sendToClient: {"from":"0","ok":true}, {f8b26f54-882d-4e60-ba43-e2d6c74b2d47}, {f8b26f54-882d-4e60-ba43-e2d6c74b2d47}
04-26 01:15:44.049 I/Gecko   (   85): 1398500144056	Marionette	DEBUG	Got request: executeWithCallback, data: {"to":"0","sessionId":"3-b2g","name":"executeAsyncScript","parameters":{"specialPowers":false,"scriptTimeout":null,"newSandbox":true,"args":[],"filename":"gaia_test.py","script":"GaiaApps.killAll()","line":91}}, id: {54c8de33-8b69-4c78-9118-1b77c268bbbe}
04-26 01:15:44.299 E/GeckoConsole(   85): Content JS LOG at dummy file:266 in GaiaApps.kill: terminating app with origin 'app://browser.gaiamobile.org'
04-26 01:15:44.319 E/GeckoConsole(   85): Content JS LOG at dummy file:258 in GaiaApps.kill/gt_onAppTerminated/<: app with origin 'app://browser.gaiamobile.org' has terminated
04-26 01:15:44.839 V/AudioPolicyManagerBase(   90): startOutput() output 1, stream 1, session 12
04-26 01:15:44.839 V/AudioPolicyManagerBase(   90): changeRefCount() stream 1, count 1
04-26 01:15:44.839 V/AudioPolicyManagerBase(   90): getDeviceForStrategy() from cache strategy 0, device 2
04-26 01:15:44.839 V/AudioPolicyManagerBase(   90): getNewDevice() selected device 2
04-26 01:15:44.839 D/AudioPolicyManagerBase(   90): setOutputDevice() output 1 device 2 delayMs 0
04-26 01:15:44.839 V/AudioPolicyManagerBase(   90): setOutputDevice() setting same device 2 or null device for output 1
04-26 01:15:44.839 E/AudioPolicyManagerBase(   90): checkAndSetVolume stream=1, index=0, output=1, device=2
04-26 01:15:44.839 E/AudioPolicyManagerBase(   90): computeVolume, streamDesc=0x1a8fbb8
04-26 01:15:44.869 W/AudioFlinger(   90): Thread AudioOut_1 cannot connect to the power manager service
04-26 01:15:44.869 V/AudioPolicyManagerBase(   90): stopOutput() output 1, stream 1, session 12
04-26 01:15:44.869 V/AudioPolicyManagerBase(   90): changeRefCount() stream 1, count 0
04-26 01:15:44.869 V/AudioPolicyManagerBase(   90): getNewDevice() selected device 0
04-26 01:15:44.869 D/AudioPolicyManagerBase(   90): setOutputDevice() output 1 device 0 delayMs 290
04-26 01:15:44.869 V/AudioPolicyManagerBase(   90): setOutputDevice() setting same device 0 or null device for output 1
04-26 01:15:44.879 V/AudioPolicyManagerBase(   90): startOutput() output 1, stream 1, session 12
04-26 01:15:44.879 V/AudioPolicyManagerBase(   90): changeRefCount() stream 1, count 1
04-26 01:15:44.879 V/AudioPolicyManagerBase(   90): getDeviceForStrategy() from cache strategy 0, device 2
04-26 01:15:44.879 V/AudioPolicyManagerBase(   90): getNewDevice() selected device 2
04-26 01:15:44.879 D/AudioPolicyManagerBase(   90): setOutputDevice() output 1 device 2 delayMs 0
04-26 01:15:44.879 V/AudioPolicyManagerBase(   90): setOutputDevice() setting same device 2 or null device for output 1
04-26 01:15:44.879 E/AudioPolicyManagerBase(   90): checkAndSetVolume stream=1, index=0, output=1, device=2
04-26 01:15:44.879 E/AudioPolicyManagerBase(   90): computeVolume, streamDesc=0x1a8fbb8
04-26 01:15:44.879 V/AudioPolicyManagerBase(   90): stopOutput() output 1, stream 1, session 12
04-26 01:15:44.879 V/AudioPolicyManagerBase(   90): changeRefCount() stream 1, count 0
04-26 01:15:44.879 V/AudioPolicyManagerBase(   90): getNewDevice() selected device 0
04-26 01:15:44.879 D/AudioPolicyManagerBase(   90): setOutputDevice() output 1 device 0 delayMs 290
04-26 01:15:44.879 V/AudioPolicyManagerBase(   90): setOutputDevice() setting same device 0 or null device for output 1
04-26 01:15:44.879 I/Gecko   (   85): 1398500144892	Marionette	INFO	sendToClient: {"from":"0","value":true}, {54c8de33-8b69-4c78-9118-1b77c268bbbe}, {54c8de33-8b69-4c78-9118-1b77c268bbbe}
04-26 01:15:44.889 V/AudioPolicyManagerBase(   90): releaseOutput() 1