--------- beginning of /dev/log/main
04-26 01:15:15.309 I/Gecko   (   85): 1398500115320	Marionette	INFO	sendToClient: {"from":"0","value":"<div><img src=\"blob:7d1c86a6-442d-4575-b983-a7100eb084a4\" style=\"visibility: visible;\" role=\"presentation\" height=\"64\" width=\"64\"><span class=\"labelWrapper\"><span>Settings</span></span></div>"}, {cd7a9725-b265-4b06-9934-128c906851c3}, {cd7a9725-b265-4b06-9934-128c906851c3}
04-26 01:15:15.319 I/Gecko   (   85): 1398500115331	Marionette	INFO	sendToClient: {"from":"0","value":"<div><img src=\"blob:8f9d9d60-8689-48b9-8dd1-d51860f61ad8\" style=\"visibility: visible;\" role=\"presentation\" height=\"64\" width=\"64\"><span class=\"labelWrapper\"><span>Marketplace</span></span></div>"}, {509840e5-9444-4cc9-9043-41e6d1d7c81f}, {509840e5-9444-4cc9-9043-41e6d1d7c81f}
04-26 01:15:15.329 I/Gecko   (   85): 1398500115341	Marionette	INFO	sendToClient: {"from":"0","value":"<div><img src=\"blob:7a6742ac-8b08-4927-9d32-39c1f6c3ac14\" style=\"visibility: visible;\" role=\"presentation\" height=\"64\" width=\"64\"><span class=\"labelWrapper\"><span>Calendar</span></span></div>"}, {1c02e837-36d0-4099-a8a4-5c61800cfa0b}, {1c02e837-36d0-4099-a8a4-5c61800cfa0b}
04-26 01:15:15.349 I/Gecko   (   85): 1398500115355	Marionette	INFO	sendToClient: {"from":"0","value":"<div><img src=\"blob:399edbf0-2dc4-47ee-a3ef-d921df0ea649\" style=\"visibility: visible;\" role=\"presentation\" height=\"64\" width=\"64\"><span class=\"labelWrapper\"><span>Clock</span></span></div>"}, {1fb6592b-d4c5-4d8d-9b8b-6ac270c81158}, {1fb6592b-d4c5-4d8d-9b8b-6ac270c81158}
04-26 01:15:15.359 I/Gecko   (   85): 1398500115365	Marionette	INFO	sendToClient: {"from":"0","value":"<div><img src=\"blob:dd9ccbc8-af2a-4d7b-9d39-7df5585da64d\" style=\"visibility: visible;\" role=\"presentation\" height=\"64\" width=\"64\"><span class=\"labelWrapper\"><span>Usage</span></span></div>"}, {0e69f635-e735-4598-8509-6adb342f22c9}, {0e69f635-e735-4598-8509-6adb342f22c9}
04-26 01:15:15.369 I/Gecko   (   85): 1398500115379	Marionette	INFO	sendToClient: {"from":"0","value":"<div><img src=\"blob:bce8e3b1-e128-485f-bd8c-d989692d6d71\" style=\"visibility: visible;\" role=\"presentation\" height=\"64\" width=\"64\"><span class=\"labelWrapper\"><span>E-Mail</span></span></div>"}, {7630e3c4-0b1a-4db5-acbc-13d8a0b13549}, {7630e3c4-0b1a-4db5-acbc-13d8a0b13549}
04-26 01:15:15.379 I/Gecko   (   85): 1398500115389	Marionette	INFO	sendToClient: {"from":"0","value":"<div><img src=\"blob:1b6b02e7-bc71-4acf-a809-f13007b1d1d6\" style=\"visibility: visible;\" role=\"presentation\" height=\"64\" width=\"64\"><span class=\"labelWrapper\"><span>Music</span></span></div>"}, {3fa64742-bacd-4a71-881d-acae88aa562e}, {3fa64742-bacd-4a71-881d-acae88aa562e}
04-26 01:15:15.389 I/Gecko   (   85): 1398500115401	Marionette	INFO	sendToClient: {"from":"0","value":"<div><img src=\"blob:7fe8976d-669f-414a-a837-111efcd59d54\" style=\"visibility: visible;\" role=\"presentation\" height=\"64\" width=\"64\"><span class=\"labelWrapper\"><span>Video</span></span></div>"}, {9aeca7a6-4679-491c-9a43-d0f89aabb8fd}, {9aeca7a6-4679-491c-9a43-d0f89aabb8fd}
04-26 01:15:15.399 I/Gecko   (   85): 1398500115412	Marionette	INFO	sendToClient: {"from":"0","value":"<div><img src=\"blob:68ebdddf-6f14-4229-9a60-de73dbd75511\" style=\"visibility: visible;\" role=\"presentation\" height=\"64\" width=\"64\"><span class=\"labelWrapper mask\"><span>GoldNuggets</span></span></div><span data-is-icon=\"true\" class=\"options\"></span>"}, {be846487-9524-446d-9753-58151ae75084}, {be846487-9524-446d-9753-58151ae75084}
04-26 01:15:15.409 I/Gecko   (   85): 1398500115423	Marionette	INFO	sendToClient: {"from":"0","value":"<div><img src=\"blob:edfe82d8-f1b4-499f-9e72-1655b6aea6c3\" style=\"visibility: visible;\" role=\"presentation\" height=\"64\" width=\"64\"><span class=\"labelWrapper mask\"><span>Space Shooter</span></span></div><span data-is-icon=\"true\" class=\"options\"></span>"}, {679050d0-b589-4af5-a899-41db2a2d2119}, {679050d0-b589-4af5-a899-41db2a2d2119}
04-26 01:15:15.419 I/Gecko   (   85): 1398500115434	Marionette	INFO	sendToClient: {"from":"0","value":"<div><img src=\"blob:41997124-492a-420f-9da6-d97ba96b8484\" style=\"visibility: visible;\" role=\"presentation\" height=\"64\" width=\"64\"><span class=\"labelWrapper mask\"><span>Rebel Thumb</span></span></div><span data-is-icon=\"true\" class=\"options\"></span>"}, {3e7d7289-19ed-42a8-904c-14dbcd86f892}, {3e7d7289-19ed-42a8-904c-14dbcd86f892}
04-26 01:15:15.439 I/Gecko   (   85): 1398500115446	Marionette	INFO	sendToClient: {"from":"0","value":"<div><img src=\"blob:37ea7c5d-92e3-4a95-9dc6-f213fa2fc4b3\" style=\"visibility: visible;\" role=\"presentation\" height=\"64\" width=\"64\"><span class=\"labelWrapper\"><span>8tracks</span></span></div><span data-is-icon=\"true\" class=\"options\"></span>"}, {a1edda36-bf79-422a-b0b9-e78e1a84dc9e}, {a1edda36-bf79-422a-b0b9-e78e1a84dc9e}
04-26 01:15:15.449 I/Gecko   (   85): 1398500115459	Marionette	INFO	sendToClient: {"from":"0","value":"<div><img src=\"blob:35fa0223-3ff2-46f1-939f-8d54758a9b8e\" style=\"visibility: visible;\" role=\"presentation\" height=\"64\" width=\"64\"><span class=\"labelWrapper mask\"><span>The Firefly Game</span></span></div><span data-is-icon=\"true\" class=\"options\"></span>"}, {fea0d537-7d06-4fd8-a373-5a2e51e50783}, {fea0d537-7d06-4fd8-a373-5a2e51e50783}
04-26 01:15:15.459 I/Gecko   (   85): 1398500115469	Marionette	INFO	sendToClient: {"from":"0","value":"<div><img src=\"blob:55d77c77-98f3-4987-904c-6f5faa49fb1e\" style=\"visibility: visible;\" role=\"presentation\" height=\"64\" width=\"64\"><span class=\"labelWrapper\"><span>Phone</span></span></div>"}, {76d3cce4-dcaf-4500-8842-eeade8db3ebb}, {76d3cce4-dcaf-4500-8842-eeade8db3ebb}
04-26 01:15:15.489 I/Gecko   (   85): 1398500115495	Marionette	INFO	sendToClient: {"from":"0","value":"<div><img src=\"blob:a10b9b45-a27e-43ed-9e16-0cc7b947f402\" style=\"visibility: visible;\" role=\"presentation\" height=\"64\" width=\"64\"><span class=\"labelWrapper\"><span>Messages</span></span></div>"}, {b4a59626-e4be-4568-b004-c45b840837d3}, {b4a59626-e4be-4568-b004-c45b840837d3}
04-26 01:15:15.499 I/Gecko   (   85): 1398500115506	Marionette	INFO	sendToClient: {"from":"0","value":"<div><img src=\"blob:6c06aad0-b16f-4006-af39-995db709fbdc\" style=\"visibility: visible;\" role=\"presentation\" height=\"64\" width=\"64\"><span class=\"labelWrapper\"><span>Contacts</span></span></div>"}, {5f78fdf8-2471-49af-8f4d-c82916b71d82}, {5f78fdf8-2471-49af-8f4d-c82916b71d82}
04-26 01:15:15.509 I/Gecko   (   85): 1398500115516	Marionette	INFO	sendToClient: {"from":"0","value":"<div><img src=\"blob:93a20db8-9405-40ad-8b88-4a80497e6d9c\" style=\"visibility: visible;\" role=\"presentation\" height=\"64\" width=\"64\"><span class=\"labelWrapper\"><span>Browser</span></span></div>"}, {471fd79d-18f0-492f-8248-772a4d9d80da}, {471fd79d-18f0-492f-8248-772a4d9d80da}
04-26 01:15:17.559 I/Gecko   (   85): 1398500117565	Marionette	INFO	sendToClient: {"from":"0","value":["{991c8a67-0b48-427a-89e2-75d731bb926a}","{8cb6a56c-70fe-4109-ae84-21da37289d85}","{780702f0-7f50-4663-b9da-9c5a0b67e5b9}","{93a91da4-4a04-4829-866e-9476bf0d4b26}","{237cc583-a567-4332-9323-888d98e87633}","{37d11058-0871-4499-a013-4e9a01b4205f}","{1ac982a7-471b-46c7-afe9-9bcbd35f517d}","{2f181a69-3629-4955-b6e5-ff298c019e1c}","{3ae8f213-9a44-43df-b7e8-be172f045a23}","{643bb3d0-efd0-4bfe-b814-40648e7fab11}","{b37d75b8-0939-49ac-81e5-763df2e255fa}","{3b0849cb-e060-417e-a79e-669f59619f04}","{4e9972de-e287-4c0d-81b7-7854dc7fd1c8}","{d67e5265-d180-4c43-866f-37e708e1adc0}","{bc6cf6e5-78e7-41fd-a7cb-7c1dd8610f35}","{cb6e69f9-65f8-421f-8caa-6ed3fb8bf8c6}","{e50be9ee-36f0-4764-9b92-ba5f87f0c4d0}","{916b7499-7a48-4160-a526-8643a44730e3}","{7c856318-dd0d-471f-a22e-3476e9773dee}","{6b3739c7-061c-4af8-86c6-a3a646e6b6f0}","{5246126d-2f2c-4c4d-a54a-dbba8b0c19a4}","{3d127858-f585-4397-96cb-b2fdb67a2e3a}","{0b08002b-0b1e-42ad-b1bb-33caf157ca7f}","{8ce89f86-86f2
04-26 01:15:17.569 I/Gecko   (   85): 1398500117583	Marionette	INFO	sendToClient: {"from":"0","value":"<div><img src=\"blob:d4631809-c899-4405-bd76-84f2ce8345d0\" style=\"visibility: visible;\" role=\"presentation\" height=\"64\" width=\"64\"><span class=\"labelWrapper\"><span>Social</span></span></div><span data-is-icon=\"true\" class=\"options\"></span>"}, {a75beb6b-a510-4227-9c0b-f348477a2c63}, {a75beb6b-a510-4227-9c0b-f348477a2c63}
04-26 01:15:17.649 I/Gecko   (   85): 1398500117658	Marionette	INFO	sendToClient: {"from":"0","value":"<div><img src=\"blob:4467efe6-5d2e-4f05-b97c-fa0df5be5570\" style=\"visibility: visible;\" role=\"presentation\" height=\"64\" width=\"64\"><span class=\"labelWrapper\"><span>Games</span></span></div><span data-is-icon=\"true\" class=\"options\"></span>"}, {6e1107ad-6ac7-49da-8578-719afb53eb3c}, {6e1107ad-6ac7-49da-8578-719afb53eb3c}
04-26 01:15:17.659 I/Gecko   (   85): 1398500117669	Marionette	INFO	sendToClient: {"from":"0","value":"<div><img src=\"blob:c81aee77-841a-4739-b115-458fc119eb4e\" style=\"visibility: visible;\" role=\"presentation\" height=\"64\" width=\"64\"><span class=\"labelWrapper\"><span>Music</span></span></div><span data-is-icon=\"true\" class=\"options\"></span>"}, {e779c046-fd34-4388-ac21-6e29fbb11a83}, {e779c046-fd34-4388-ac21-6e29fbb11a83}
04-26 01:15:17.669 I/Gecko   (   85): 1398500117683	Marionette	INFO	sendToClient: {"from":"0","value":"<div><img src=\"blob:0307da06-1253-4c04-8ac7-045f8775e030\" style=\"visibility: visible;\" role=\"presentation\" height=\"64\" width=\"64\"><span class=\"labelWrapper\"><span>Showbiz</span></span></div><span data-is-icon=\"true\" class=\"options\"></span>"}, {4aaabeac-070e-4eac-8117-4d5c4e7b4fb5}, {4aaabeac-070e-4eac-8117-4d5c4e7b4fb5}
04-26 01:15:17.679 I/Gecko   (   85): 1398500117693	Marionette	INFO	sendToClient: {"from":"0","value":"<div><img src=\"blob:5a226cdb-37d6-4d95-a2c5-139ccbffb1d7\" style=\"visibility: visible;\" role=\"presentation\" height=\"64\" width=\"64\"><span class=\"labelWrapper\"><span>Camera</span></span></div>"}, {6c22b454-0b24-41b0-bdec-7a7c4132f043}, {6c22b454-0b24-41b0-bdec-7a7c4132f043}
04-26 01:15:17.689 I/Gecko   (   85): 1398500117704	Marionette	INFO	sendToClient: {"from":"0","value":"<div><img src=\"blob:5c6144f0-af4d-435f-bf13-7b04858139a3\" style=\"visibility: visible;\" role=\"presentation\" height=\"64\" width=\"64\"><span class=\"labelWrapper\"><span>Gallery</span></span></div>"}, {e9997a8c-f1b3-4a75-b91e-936758e13948}, {e9997a8c-f1b3-4a75-b91e-936758e13948}
04-26 01:15:17.719 I/Gecko   (   85): 1398500117724	Marionette	INFO	sendToClient: {"from":"0","value":"<div><img src=\"blob:01bd4228-cfbd-4c2b-a6df-cb0c5eaee1d6\" style=\"visibility: visible;\" role=\"presentation\" height=\"64\" width=\"64\"><span class=\"labelWrapper\"><span>FM Radio</span></span></div>"}, {e63465cb-3e2d-4433-be0b-ce9435f59ff1}, {e63465cb-3e2d-4433-be0b-ce9435f59ff1}
04-26 01:15:17.729 I/Gecko   (   85): 1398500117737	Marionette	INFO	sendToClient: {"from":"0","value":"<div><img src=\"blob:7d1c86a6-442d-4575-b983-a7100eb084a4\" style=\"visibility: visible;\" role=\"presentation\" height=\"64\" width=\"64\"><span class=\"labelWrapper\"><span>Settings</span></span></div>"}, {f120da34-0707-4672-9a73-060004eb0040}, {f120da34-0707-4672-9a73-060004eb0040}
04-26 01:15:17.779 I/Gecko   (   85): 1398500117792	Marionette	INFO	sendToClient: {"from":"0","value":"<div><img src=\"blob:8f9d9d60-8689-48b9-8dd1-d51860f61ad8\" style=\"visibility: visible;\" role=\"presentation\" height=\"64\" width=\"64\"><span class=\"labelWrapper\"><span>Marketplace</span></span></div>"}, {e5f74c8a-f310-4cbb-85f5-6bed8170d38d}, {e5f74c8a-f310-4cbb-85f5-6bed8170d38d}
04-26 01:15:17.809 I/Gecko   (   85): 1398500117816	Marionette	INFO	sendToClient: {"from":"0","value":"<div><img src=\"blob:7a6742ac-8b08-4927-9d32-39c1f6c3ac14\" style=\"visibility: visible;\" role=\"presentation\" height=\"64\" width=\"64\"><span class=\"labelWrapper\"><span>Calendar</span></span></div>"}, {d5d514ed-a5ae-4c6b-947d-cf8233e44ab8}, {d5d514ed-a5ae-4c6b-947d-cf8233e44ab8}
04-26 01:15:17.819 I/Gecko   (   85): 1398500117829	Marionette	INFO	sendToClient: {"from":"0","value":"<div><img src=\"blob:399edbf0-2dc4-47ee-a3ef-d921df0ea649\" style=\"visibility: visible;\" role=\"presentation\" height=\"64\" width=\"64\"><span class=\"labelWrapper\"><span>Clock</span></span></div>"}, {92436fb0-b882-4e3c-886f-1fef1342396f}, {92436fb0-b882-4e3c-886f-1fef1342396f}
04-26 01:15:17.839 I/Gecko   (   85): 1398500117850	Marionette	INFO	sendToClient: {"from":"0","value":"<div><img src=\"blob:dd9ccbc8-af2a-4d7b-9d39-7df5585da64d\" style=\"visibility: visible;\" role=\"presentation\" height=\"64\" width=\"64\"><span class=\"labelWrapper\"><span>Usage</span></span></div>"}, {24468856-50b0-49ca-8b51-4fbc220cec49}, {24468856-50b0-49ca-8b51-4fbc220cec49}
04-26 01:15:17.849 I/Gecko   (   85): 1398500117862	Marionette	INFO	sendToClient: {"from":"0","value":"<div><img src=\"blob:bce8e3b1-e128-485f-bd8c-d989692d6d71\" style=\"visibility: visible;\" role=\"presentation\" height=\"64\" width=\"64\"><span class=\"labelWrapper\"><span>E-Mail</span></span></div>"}, {c26cf5f0-c9ac-4179-a774-6e42e94e0449}, {c26cf5f0-c9ac-4179-a774-6e42e94e0449}
04-26 01:15:17.859 I/Gecko   (   85): 1398500117873	Marionette	INFO	sendToClient: {"from":"0","value":"<div><img src=\"blob:1b6b02e7-bc71-4acf-a809-f13007b1d1d6\" style=\"visibility: visible;\" role=\"presentation\" height=\"64\" width=\"64\"><span class=\"labelWrapper\"><span>Music</span></span></div>"}, {4a46bba8-9b87-4a69-812f-9fd2f7bc4e8d}, {4a46bba8-9b87-4a69-812f-9fd2f7bc4e8d}
04-26 01:15:17.899 I/Gecko   (   85): 1398500117906	Marionette	INFO	sendToClient: {"from":"0","value":"<div><img src=\"blob:7fe8976d-669f-414a-a837-111efcd59d54\" style=\"visibility: visible;\" role=\"presentation\" height=\"64\" width=\"64\"><span class=\"labelWrapper\"><span>Video</span></span></div>"}, {cab18bab-408e-490b-bba1-10a46f58457c}, {cab18bab-408e-490b-bba1-10a46f58457c}
04-26 01:15:17.909 I/Gecko   (   85): 1398500117919	Marionette	INFO	sendToClient: {"from":"0","value":"<div><img src=\"blob:68ebdddf-6f14-4229-9a60-de73dbd75511\" style=\"visibility: visible;\" role=\"presentation\" height=\"64\" width=\"64\"><span class=\"labelWrapper mask\"><span>GoldNuggets</span></span></div><span data-is-icon=\"true\" class=\"options\"></span>"}, {3a22fb3b-7707-4364-a513-9b58180fdd79}, {3a22fb3b-7707-4364-a513-9b58180fdd79}
04-26 01:15:17.919 I/Gecko   (   85): 1398500117931	Marionette	INFO	sendToClient: {"from":"0","value":"<div><img src=\"blob:edfe82d8-f1b4-499f-9e72-1655b6aea6c3\" style=\"visibility: visible;\" role=\"presentation\" height=\"64\" width=\"64\"><span class=\"labelWrapper mask\"><span>Space Shooter</span></span></div><span data-is-icon=\"true\" class=\"options\"></span>"}, {a5413d2c-ca99-4014-be1f-2a39766f61c9}, {a5413d2c-ca99-4014-be1f-2a39766f61c9}
04-26 01:15:17.939 I/Gecko   (   85): 1398500117944	Marionette	INFO	sendToClient: {"from":"0","value":"<div><img src=\"blob:41997124-492a-420f-9da6-d97ba96b8484\" style=\"visibility: visible;\" role=\"presentation\" height=\"64\" width=\"64\"><span class=\"labelWrapper mask\"><span>Rebel Thumb</span></span></div><span data-is-icon=\"true\" class=\"options\"></span>"}, {9ecdc404-930a-4e1d-9eb9-338d1fb829f6}, {9ecdc404-930a-4e1d-9eb9-338d1fb829f6}
04-26 01:15:17.949 I/Gecko   (   85): 1398500117956	Marionette	INFO	sendToClient: {"from":"0","value":"<div><img src=\"blob:37ea7c5d-92e3-4a95-9dc6-f213fa2fc4b3\" style=\"visibility: visible;\" role=\"presentation\" height=\"64\" width=\"64\"><span class=\"labelWrapper\"><span>8tracks</span></span></div><span data-is-icon=\"true\" class=\"options\"></span>"}, {4da25fb8-5c5c-46f0-a317-c2ce71b13332}, {4da25fb8-5c5c-46f0-a317-c2ce71b13332}
04-26 01:15:17.959 I/Gecko   (   85): 1398500117968	Marionette	INFO	sendToClient: {"from":"0","value":"<div><img src=\"blob:35fa0223-3ff2-46f1-939f-8d54758a9b8e\" style=\"visibility: visible;\" role=\"presentation\" height=\"64\" width=\"64\"><span class=\"labelWrapper mask\"><span>The Firefly Game</span></span></div><span data-is-icon=\"true\" class=\"options\"></span>"}, {09fb1a45-9c6a-40f1-8e70-a439a1946ac2}, {09fb1a45-9c6a-40f1-8e70-a439a1946ac2}
04-26 01:15:17.969 I/Gecko   (   85): 1398500117980	Marionette	INFO	sendToClient: {"from":"0","value":"<div><img src=\"blob:55d77c77-98f3-4987-904c-6f5faa49fb1e\" style=\"visibility: visible;\" role=\"presentation\" height=\"64\" width=\"64\"><span class=\"labelWrapper\"><span>Phone</span></span></div>"}, {7fe39386-659a-4d82-97c2-d6210bcc0c17}, {7fe39386-659a-4d82-97c2-d6210bcc0c17}
04-26 01:15:17.979 I/Gecko   (   85): 1398500117994	Marionette	INFO	sendToClient: {"from":"0","value":"<div><img src=\"blob:a10b9b45-a27e-43ed-9e16-0cc7b947f402\" style=\"visibility: visible;\" role=\"presentation\" height=\"64\" width=\"64\"><span class=\"labelWrapper\"><span>Messages</span></span></div>"}, {f80245b7-db91-4e35-b2f5-b00e31831391}, {f80245b7-db91-4e35-b2f5-b00e31831391}
04-26 01:15:18.079 I/Gecko   (   85): 1398500118089	Marionette	INFO	sendToClient: {"from":"0","value":"<div><img src=\"blob:6c06aad0-b16f-4006-af39-995db709fbdc\" style=\"visibility: visible;\" role=\"presentation\" height=\"64\" width=\"64\"><span class=\"labelWrapper\"><span>Contacts</span></span></div>"}, {716929b5-86f9-4c4e-a125-c1fc186fa659}, {716929b5-86f9-4c4e-a125-c1fc186fa659}
04-26 01:15:18.089 I/Gecko   (   85): 1398500118100	Marionette	INFO	sendToClient: {"from":"0","value":"<div><img src=\"blob:93a20db8-9405-40ad-8b88-4a80497e6d9c\" style=\"visibility: visible;\" role=\"presentation\" height=\"64\" width=\"64\"><span class=\"labelWrapper\"><span>Browser</span></span></div>"}, {e35142e0-92eb-4d98-a74a-92d0a141dacb}, {e35142e0-92eb-4d98-a74a-92d0a141dacb}
04-26 01:15:18.099 I/Gecko   (   85): 1398500118111	Marionette	INFO	sendToClient: {"from":"0","value":"app://homescreen.gaiamobile.org/index.html#root"}, {da4f05ae-e210-45f1-944f-4dcd489b7042}, {da4f05ae-e210-45f1-944f-4dcd489b7042}
04-26 01:15:18.109 I/Gecko   (   85): 1398500118118	Marionette	DEBUG	Got request: switchToFrame, data: {"to":"0","sessionId":"3-b2g","name":"switchToFrame","parameters":{"id":null,"focus":true}}, id: {01665dfe-9ce2-4280-a5c1-3a3233a4a881}
04-26 01:15:18.129 I/Gecko   (   85): 1398500118140	Marionette	INFO	Switched to frame: {"frameValue":null}
04-26 01:15:18.319 I/Gecko   (   85): 1398500118325	Marionette	INFO	sendToClient: {"from":"0","ok":true}, {01665dfe-9ce2-4280-a5c1-3a3233a4a881}, {01665dfe-9ce2-4280-a5c1-3a3233a4a881}
04-26 01:15:18.329 I/Gecko   (   85): 1398500118340	Marionette	DEBUG	Got request: switchToFrame, data: {"to":"0","sessionId":"3-b2g","name":"switchToFrame","parameters":{"id":null,"focus":true}}, id: {0fdcecdc-0e4a-4695-9d47-28961d9fb681}
04-26 01:15:18.329 I/Gecko   (   85): 1398500118344	Marionette	INFO	Switched to frame: {"frameValue":null}
04-26 01:15:18.459 I/Gecko   (   85): 1398500118470	Marionette	INFO	sendToClient: {"from":"0","ok":true}, {0fdcecdc-0e4a-4695-9d47-28961d9fb681}, {0fdcecdc-0e4a-4695-9d47-28961d9fb681}
04-26 01:15:18.469 I/Gecko   (   85): 1398500118477	Marionette	DEBUG	Got request: executeWithCallback, data: {"to":"0","sessionId":"3-b2g","name":"executeAsyncScript","parameters":{"specialPowers":false,"scriptTimeout":30000,"newSandbox":true,"args":[],"filename":"app_checker.py","script":"GaiaApps.launchWithManifestURL('https://marketplace.firefox.com/app/a3eae78d-d674-4fb7-abbe-17929d922eed/manifest.webapp')","line":106}}, id: {39ef3db4-3bd9-444e-8b50-a5cd21981b08}
04-26 01:15:18.759 I/Gonk    (   85): Setting nice for pid 3134 to 18
04-26 01:15:18.759 I/Gonk    (   85): Changed nice for pid 3134 from 18 to 18.
04-26 01:15:18.769 I/Gecko   (   85): [Parent 85] WARNING: waitpid failed pid:3134 errno:10: file ../../../gecko/ipc/chromium/src/base/process_util_posix.cc, line 254
04-26 01:15:18.769 I/Gonk    (   85): Setting nice for pid 3134 to 1
04-26 01:15:18.779 I/Gonk    (   85): Changed nice for pid 3134 from 18 to 1.
04-26 01:15:18.919 E/GeckoConsole(   85): Content JS LOG at dummy file:334 in GaiaApps.launch: launching app with name 'The Firefly Game'
04-26 01:15:19.119 E/[Gralloc-ERROR](   85): int gralloc_register_buffer(const gralloc_module_t*, const native_handle_t*):79 Unable to register handle 0x44530d30 coming from different process: 85
04-26 01:15:19.149 E/[Gralloc-ERROR](   85): int gralloc_register_buffer(const gralloc_module_t*, const native_handle_t*):79 Unable to register handle 0x4454c420 coming from different process: 85
04-26 01:15:19.269 D/Sensors (   85): activate handle=0; drv=0
04-26 01:15:19.279 D/Sensors (   85): Lis3dhSensor: Control set 1
04-26 01:15:19.279 D/Sensors (   85): Lis3dhSensor: mEnabled = 1
04-26 01:15:19.319 I/Gonk    (   85): Setting nice for pid 3109 to 18
04-26 01:15:19.319 I/Gonk    (   85): Changed nice for pid 3109 from 1 to 18.
04-26 01:15:19.469 W/WifiHW  (   85): wifi_command: SIGNAL_POLL
04-26 01:15:20.809 I/Gecko   (   85): 
04-26 01:15:20.809 I/Gecko   (   85): ###!!! [Parent][MessageChannel] Error: Channel error: cannot send/recv
04-26 01:15:20.809 I/Gecko   (   85): 
04-26 01:15:20.859 I/Gecko   (   85): [Parent 85] WARNING: waitpid failed pid:3109 errno:10: file ../../../gecko/ipc/chromium/src/base/process_util_posix.cc, line 254
04-26 01:15:20.929 I/Gecko   ( 3134): Attempting load of libEGL.so
04-26 01:15:20.979 D/libEGL  ( 3134): loaded /system/lib/egl/libEGL_mali.so
04-26 01:15:20.989 D/libEGL  ( 3134): loaded /system/lib/egl/libGLESv1_CM_mali.so
04-26 01:15:20.989 D/libEGL  ( 3134): loaded /system/lib/egl/libGLESv2_mali.so
04-26 01:15:21.019 I/Gecko   ( 3134): SharedSurface_Gralloc::Create -------
04-26 01:15:21.019 I/Gecko   ( 3134): SharedSurface_Gralloc::Create: success -- surface 0x43e2d200, GraphicBuffer 0x436fee00.
04-26 01:15:21.569 I/Gecko   ( 3134): SharedSurface_Gralloc::Create -------
04-26 01:15:21.569 I/Gecko   ( 3134): SharedSurface_Gralloc::Create: success -- surface 0x435ee5c0, GraphicBuffer 0x435d7e80.
04-26 01:15:21.839 V/AudioPolicyManagerBase(   90): getDeviceForStrategy() from cache strategy 0, device 2
04-26 01:15:21.839 V/AudioPolicyManagerBase(   90): getOutput() stream 3, samplingRate 0, format 0, channels 3, flags 0
04-26 01:15:21.839 W/AudioFlinger(   90): Thread AudioOut_1 cannot connect to the power manager service
04-26 01:15:22.159 V/AudioPolicyManagerBase(   90): getDeviceForStrategy() from cache strategy 0, device 2
04-26 01:15:22.159 V/AudioPolicyManagerBase(   90): getOutput() stream 1, samplingRate 0, format 0, channels 3, flags 0
04-26 01:15:22.169 V/AudioPolicyManagerBase(   90): startOutput() output 1, stream 1, session 11
04-26 01:15:22.169 V/AudioPolicyManagerBase(   90): changeRefCount() stream 1, count 1
04-26 01:15:22.169 V/AudioPolicyManagerBase(   90): getDeviceForStrategy() from cache strategy 0, device 2
04-26 01:15:22.169 V/AudioPolicyManagerBase(   90): getNewDevice() selected device 2
04-26 01:15:22.169 D/AudioPolicyManagerBase(   90): setOutputDevice() output 1 device 2 delayMs 0
04-26 01:15:22.169 V/AudioPolicyManagerBase(   90): setOutputDevice() setting same device 2 or null device for output 1
04-26 01:15:22.169 E/AudioPolicyManagerBase(   90): checkAndSetVolume stream=1, index=0, output=1, device=2
04-26 01:15:22.169 E/AudioPolicyManagerBase(   90): computeVolume, streamDesc=0x1a8fbb8
04-26 01:15:22.199 V/AudioPolicyManagerBase(   90): stopOutput() output 1, stream 1, session 11
04-26 01:15:22.199 V/AudioPolicyManagerBase(   90): changeRefCount() stream 1, count 0
04-26 01:15:22.199 V/AudioPolicyManagerBase(   90): getNewDevice() selected device 0
04-26 01:15:22.199 D/AudioPolicyManagerBase(   90): setOutputDevice() output 1 device 0 delayMs 290
04-26 01:15:22.199 V/AudioPolicyManagerBase(   90): setOutputDevice() setting same device 0 or null device for output 1
04-26 01:15:22.209 V/AudioPolicyManagerBase(   90): startOutput() output 1, stream 1, session 11
04-26 01:15:22.209 V/AudioPolicyManagerBase(   90): changeRefCount() stream 1, count 1
04-26 01:15:22.209 V/AudioPolicyManagerBase(   90): getDeviceForStrategy() from cache strategy 0, device 2
04-26 01:15:22.209 V/AudioPolicyManagerBase(   90): getNewDevice() selected device 2
04-26 01:15:22.209 D/AudioPolicyManagerBase(   90): setOutputDevice() output 1 device 2 delayMs 0
04-26 01:15:22.209 V/AudioPolicyManagerBase(   90): setOutputDevice() setting same device 2 or null device for output 1
04-26 01:15:22.209 E/AudioPolicyManagerBase(   90): checkAndSetVolume stream=1, index=0, output=1, device=2
04-26 01:15:22.209 E/AudioPolicyManagerBase(   90): computeVolume, streamDesc=0x1a8fbb8
04-26 01:15:22.239 I/audio_hw_primary(   90): select_devices_signal starting...
04-26 01:15:22.239 I/audio_hw_primary(   90): select_devices_signal finished.
04-26 01:15:22.239 W/audio_hw_primary(   90): open s_tinycard in
04-26 01:15:22.239 W/audio_hw_primary(   90): open s_tinycard successfully
04-26 01:15:22.249 I/audio_hw_primary(   90): Changing devices: 0x00000002
04-26 01:15:22.389 I/audio_hw_primary(   90): Set 'HeadPhone Function'.0 to 0
04-26 01:15:22.389 I/audio_hw_primary(   90): Set 'Earpiece Function'.0 to 0
04-26 01:15:22.389 I/audio_hw_primary(   90): Set 'Mic Function'.0 to 0
04-26 01:15:22.389 I/audio_hw_primary(   90): Set 'HP Mic Function'.0 to 0
04-26 01:15:22.389 I/audio_hw_primary(   90): Set 'Line Function'.0 to 0
04-26 01:15:22.389 I/audio_hw_primary(   90): Changing devices, mask: 0x00004002
04-26 01:15:22.389 I/audio_hw_primary(   90): Set 'Speaker Function'.0 to 1
04-26 01:15:22.389 W/audio_hw_primary(   90): GetAudio_pga_nv, dac_pga_gain_l:0xc3 adc_pga_gain_l:0xc fm_pga_gain_l:0xff fm_pga_gain_r:0xff device:0x2 vol_level:0x1 
04-26 01:15:22.389 D/audio_pga(   90): 'speaker-l' apply
04-26 01:15:22.389 I/audio_pga(   90): 'Master Playback Volume' set to 12
04-26 01:15:22.389 I/audio_pga(   90): 'Inter PA Playback Volume' set to 12
04-26 01:15:22.389 I/audio_pga(   90): 'VBC DACL DG Set' set to 0
04-26 01:15:22.389 I/audio_pga(   90): 'VBC DACL DG Switch' set to 0
04-26 01:15:22.389 D/audio_pga(   90): 'speaker-r' apply
04-26 01:15:22.389 I/audio_pga(   90): 'Master Playback Volume' set to 12
04-26 01:15:22.389 I/audio_pga(   90): 'Inter PA Playback Volume' set to 12
04-26 01:15:22.389 I/audio_pga(   90): 'VBC DACR DG Set' set to 0
04-26 01:15:22.389 I/audio_pga(   90): 'VBC DACR DG Switch' set to 0
04-26 01:15:22.389 W/audio_hw_primary(   90): SetAudio_gain_by_devices out, devices:0x2 
04-26 01:15:22.389 I/audio_hw_primary(   90): stream_routing_thread looping done.
04-26 01:15:22.389 I/audio_hw_primary(   90): stream_routing_thread looping now...
04-26 01:15:22.489 E/sc8810.libstagefright(   90): Can not open libopencore_common.so
04-26 01:15:22.489 E/OMXMaster(   90): OMX plugin failed w/ error 0x80001001 after registering 0 components
04-26 01:15:22.499 I/SprdOMXPlugin(   90): makeComponentInstance 'OMX.sprd.mp3.decoder'
04-26 01:15:22.539 I/SPRDMP3 (   90): MP3_ARM_DEC_Construct=0
04-26 01:15:22.549 I/SprdOMXPlugin(   90): makeComponentInstance 'OMX.sprd.mp3.decoder'
04-26 01:15:22.549 I/SPRDMP3 (   90): MP3_ARM_DEC_Construct=0
04-26 01:15:22.549 I/SprdOMXPlugin(   90): makeComponentInstance 'OMX.sprd.mp3.decoder'
04-26 01:15:22.549 I/SPRDMP3 (   90): MP3_ARM_DEC_Construct=0
04-26 01:15:22.549 I/SprdOMXPlugin(   90): makeComponentInstance 'OMX.sprd.mp3.decoder'
04-26 01:15:22.549 I/SPRDMP3 (   90): MP3_ARM_DEC_Construct=0
04-26 01:15:22.549 I/SPRDMP3 (   90): mp3 decoder params chanel:1, sampleRate:44100
04-26 01:15:22.549 I/SPRDMP3 (   90): mp3 decoder params chanel:1, sampleRate:44100
04-26 01:15:22.549 I/SprdSimpleOMXComponent(   90): useBuffer, push buffer, buffer=0x1abd5d8,header=0x1abd570, pBuffer=0x40b92000
04-26 01:15:22.559 I/SprdSimpleOMXComponent(   90): useBuffer, push buffer, buffer=0x1abd5e0,header=0x1abd6f0, pBuffer=0x40b94000
04-26 01:15:22.559 I/SPRDMP3 (   90): mp3 decoder params chanel:1, sampleRate:44100
04-26 01:15:22.559 I/SprdSimpleOMXComponent(   90): useBuffer, push buffer, buffer=0x1abd8c0,header=0x1abd7f8, pBuffer=0x40cac000
04-26 01:15:22.559 I/SprdSimpleOMXComponent(   90): useBuffer, push buffer, buffer=0x1abd5e8,header=0x1abd9d8, pBuffer=0x40b96000
04-26 01:15:22.559 I/SprdSimpleOMXComponent(   90): useBuffer, push buffer, buffer=0x1abd8c8,header=0x1abdb30, pBuffer=0x40cae000
04-26 01:15:22.559 I/SprdSimpleOMXComponent(   90): useBuffer, push buffer, buffer=0x1abd5f0,header=0x1abdc98, pBuffer=0x40b98000
04-26 01:15:22.559 I/SprdSimpleOMXComponent(   90): useBuffer, push buffer, buffer=0x1abd8d0,header=0x1abdfd8, pBuffer=0x40cb0000
04-26 01:15:22.559 I/SprdSimpleOMXComponent(   90): useBuffer, push buffer, buffer=0x1abd8d8,header=0x1abe3b8, pBuffer=0x40cb2000
04-26 01:15:22.559 I/SprdSimpleOMXComponent(   90): useBuffer, push buffer, buffer=0x1abe7a8,header=0x1abe628, pBuffer=0x40f6f000
04-26 01:15:22.559 I/SprdSimpleOMXComponent(   90): useBuffer, push buffer, buffer=0x1abd610,header=0x1abe738, pBuffer=0x411b8000
04-26 01:15:22.559 I/SprdSimpleOMXComponent(   90): useBuffer, push buffer, buffer=0x1abe7b0,header=0x1abe998, pBuffer=0x40f71400
04-26 01:15:22.559 I/SprdSimpleOMXComponent(   90): useBuffer, push buffer, buffer=0x1abd618,header=0x1abea90, pBuffer=0x411ba000
04-26 01:15:22.559 I/SprdSimpleOMXComponent(   90): useBuffer, push buffer, buffer=0x1abed08,header=0x1abec30, pBuffer=0x41553000
04-26 01:15:22.559 I/SprdSimpleOMXComponent(   90): useBuffer, push buffer, buffer=0x1abd620,header=0x1abef20, pBuffer=0x411bc000
04-26 01:15:22.559 I/SprdSimpleOMXComponent(   90): useBuffer, push buffer, buffer=0x1abe7b8,header=0x1abee10, pBuffer=0x40f73800
04-26 01:15:22.559 I/SprdSimpleOMXComponent(   90): useBuffer, push buffer, buffer=0x1abed10,header=0x1abf030, pBuffer=0x41555400
04-26 01:15:22.559 I/SprdSimpleOMXComponent(   90): useBuffer, push buffer, buffer=0x1abd628,header=0x1abf200, pBuffer=0x411be000
04-26 01:15:22.569 I/SprdSimpleOMXComponent(   90): useBuffer, push buffer, buffer=0x1abe7c0,header=0x1abf378, pBuffer=0x40f75c00
04-26 01:15:22.569 I/SprdSimpleOMXComponent(   90): useBuffer, push buffer, buffer=0x1abed18,header=0x1abf488, pBuffer=0x41557800
04-26 01:15:22.569 I/SprdSimpleOMXComponent(   90): useBuffer, push buffer, buffer=0x1abed20,header=0x1abf6c0, pBuffer=0x41559c00
04-26 01:15:22.569 I/SprdSimpleOMXComponent(   90): useBuffer, push buffer, buffer=0x1abf9b8,header=0x1abf940, pBuffer=0x417ce000
04-26 01:15:22.569 I/SprdSimpleOMXComponent(   90): useBuffer, push buffer, buffer=0x1abf9c0,header=0x1abfac0, pBuffer=0x417d0400
04-26 01:15:22.569 I/SprdSimpleOMXComponent(   90): useBuffer, push buffer, buffer=0x1abf9c8,header=0x1abe918, pBuffer=0x417d2800
04-26 01:15:22.569 I/SprdSimpleOMXComponent(   90): useBuffer, push buffer, buffer=0x1abf9d0,header=0x1abfe50, pBuffer=0x417d4c00
04-26 01:15:22.569 I/SPRDMP3 (   90): mp3 decoder params chanel:1, sampleRate:44100
04-26 01:15:22.569 I/SprdSimpleOMXComponent(   90): useBuffer, push buffer, buffer=0x1ac0350,header=0x1ac02b8, pBuffer=0x41b1a000
04-26 01:15:22.569 I/SprdSimpleOMXComponent(   90): useBuffer, push buffer, buffer=0x1ac0358,header=0x1ac0450, pBuffer=0x41b1c000
04-26 01:15:22.579 I/SprdSimpleOMXComponent(   90): useBuffer, push buffer, buffer=0x1ac0360,header=0x1ac05b8, pBuffer=0x41b1e000
04-26 01:15:22.579 I/SprdSimpleOMXComponent(   90): useBuffer, push buffer, buffer=0x1ac0368,header=0x1ac0720, pBuffer=0x41b20000
04-26 01:15:22.579 I/SprdSimpleOMXComponent(   90): useBuffer, push buffer, buffer=0x1ac09f8,header=0x1ac0990, pBuffer=0x41c40000
04-26 01:15:22.579 I/SprdSimpleOMXComponent(   90): useBuffer, push buffer, buffer=0x1ac0a00,header=0x1ac0b00, pBuffer=0x41c42400
04-26 01:15:22.579 I/SprdSimpleOMXComponent(   90): useBuffer, push buffer, buffer=0x1ac0a08,header=0x1ac0c78, pBuffer=0x41c44800
04-26 01:15:22.579 I/SprdSimpleOMXComponent(   90): useBuffer, push buffer, buffer=0x1ac0a10,header=0x1ac0df0, pBuffer=0x41c46c00
04-26 01:15:22.619 I/SprdSimpleOMXComponent(   90): fillThisBuffer, buffer: 0x1abf9b8, header: 0x1abf940, iRefCount: 0
04-26 01:15:22.619 I/SprdSimpleOMXComponent(   90): fillThisBuffer, buffer: 0x1abf9c0, header: 0x1abfac0, iRefCount: 0
04-26 01:15:22.619 I/SprdSimpleOMXComponent(   90): fillThisBuffer, buffer: 0x1abf9c8, header: 0x1abe918, iRefCount: 0
04-26 01:15:22.619 I/SprdSimpleOMXComponent(   90): fillThisBuffer, buffer: 0x1abf9d0, header: 0x1abfe50, iRefCount: 0
04-26 01:15:22.629 I/SprdSimpleOMXComponent(   90): fillThisBuffer, buffer: 0x1abf9b8, header: 0x1abf940, iRefCount: 0
04-26 01:15:22.629 I/SprdSimpleOMXComponent(   90): fillThisBuffer, buffer: 0x1abf9c0, header: 0x1abfac0, iRefCount: 0
04-26 01:15:22.629 I/SprdSimpleOMXComponent(   90): fillThisBuffer, buffer: 0x1abf9c8, header: 0x1abe918, iRefCount: 0
04-26 01:15:22.629 I/SprdSimpleOMXComponent(   90): fillThisBuffer, buffer: 0x1abf9d0, header: 0x1abfe50, iRefCount: 0
04-26 01:15:22.629 I/SprdSimpleOMXComponent(   90): fillThisBuffer, buffer: 0x1abf9b8, header: 0x1abf940, iRefCount: 0
04-26 01:15:22.629 I/SprdSimpleOMXComponent(   90): fillThisBuffer, buffer: 0x1abf9c0, header: 0x1abfac0, iRefCount: 0
04-26 01:15:22.629 I/SprdSimpleOMXComponent(   90): fillThisBuffer, buffer: 0x1abf9c8, header: 0x1abe918, iRefCount: 0
04-26 01:15:22.629 I/SprdSimpleOMXComponent(   90): fillThisBuffer, buffer: 0x1abf9d0, header: 0x1abfe50, iRefCount: 0
04-26 01:15:22.629 I/SprdSimpleOMXComponent(   90): fillThisBuffer, buffer: 0x1abf9b8, header: 0x1abf940, iRefCount: 0
04-26 01:15:22.649 I/SprdSimpleOMXComponent(   90): fillThisBuffer, buffer: 0x1abe7a8, header: 0x1abe628, iRefCount: 0
04-26 01:15:22.649 I/SprdSimpleOMXComponent(   90): fillThisBuffer, buffer: 0x1ac09f8, header: 0x1ac0990, iRefCount: 0
04-26 01:15:22.649 I/SprdSimpleOMXComponent(   90): fillThisBuffer, buffer: 0x1abed08, header: 0x1abec30, iRefCount: 0
04-26 01:15:22.649 I/SprdSimpleOMXComponent(   90): fillThisBuffer, buffer: 0x1ac0a00, header: 0x1ac0b00, iRefCount: 0
04-26 01:15:22.649 I/SprdSimpleOMXComponent(   90): fillThisBuffer, buffer: 0x1abe7b0, header: 0x1abe998, iRefCount: 0
04-26 01:15:22.649 I/SprdSimpleOMXComponent(   90): fillThisBuffer, buffer: 0x1abed10, header: 0x1abf030, iRefCount: 0
04-26 01:15:22.649 I/SprdSimpleOMXComponent(   90): fillThisBuffer, buffer: 0x1ac0a08, header: 0x1ac0c78, iRefCount: 0
04-26 01:15:22.649 I/SprdSimpleOMXComponent(   90): fillThisBuffer, buffer: 0x1abe7b8, header: 0x1abee10, iRefCount: 0
04-26 01:15:22.649 I/SprdSimpleOMXComponent(   90): fillThisBuffer, buffer: 0x1abed18, header: 0x1abf488, iRefCount: 0
04-26 01:15:22.659 I/SprdSimpleOMXComponent(   90): fillThisBuffer, buffer: 0x1ac0a10, header: 0x1ac0df0, iRefCount: 0
04-26 01:15:22.659 I/SprdSimpleOMXComponent(   90): fillThisBuffer, buffer: 0x1abed20, header: 0x1abf6c0, iRefCount: 0
04-26 01:15:22.659 I/SprdSimpleOMXComponent(   90): fillThisBuffer, buffer: 0x1abe7c0, header: 0x1abf378, iRefCount: 0
04-26 01:15:22.659 I/SprdSimpleOMXComponent(   90): fillThisBuffer, buffer: 0x1ac09f8, header: 0x1ac0990, iRefCount: 0
04-26 01:15:22.659 I/SprdSimpleOMXComponent(   90): fillThisBuffer, buffer: 0x1abed08, header: 0x1abec30, iRefCount: 0
04-26 01:15:22.659 I/SprdSimpleOMXComponent(   90): fillThisBuffer, buffer: 0x1abe7a8, header: 0x1abe628, iRefCount: 0
04-26 01:15:22.659 I/SprdSimpleOMXComponent(   90): fillThisBuffer, buffer: 0x1abe7b0, header: 0x1abe998, iRefCount: 0
04-26 01:15:22.659 I/SprdSimpleOMXComponent(   90): fillThisBuffer, buffer: 0x1abe7b8, header: 0x1abee10, iRefCount: 0
04-26 01:15:22.659 I/SprdSimpleOMXComponent(   90): fillThisBuffer, buffer: 0x1abed10, header: 0x1abf030, iRefCount: 0
04-26 01:15:22.659 I/SprdSimpleOMXComponent(   90): fillThisBuffer, buffer: 0x1abed18, header: 0x1abf488, iRefCount: 0
04-26 01:15:22.659 I/SprdSimpleOMXComponent(   90): fillThisBuffer, buffer: 0x1ac0a00, header: 0x1ac0b00, iRefCount: 0
04-26 01:15:22.669 I/SprdSimpleOMXComponent(   90): fillThisBuffer, buffer: 0x1ac0a08, header: 0x1ac0c78, iRefCount: 0
04-26 01:15:22.669 I/SprdSimpleOMXComponent(   90): fillThisBuffer, buffer: 0x1ac0a10, header: 0x1ac0df0, iRefCount: 0
04-26 01:15:22.669 I/SprdSimpleOMXComponent(   90): fillThisBuffer, buffer: 0x1abed20, header: 0x1abf6c0, iRefCount: 0
04-26 01:15:22.669 I/SprdSimpleOMXComponent(   90): fillThisBuffer, buffer: 0x1abed08, header: 0x1abec30, iRefCount: 0
04-26 01:15:22.669 I/SprdSimpleOMXComponent(   90): fillThisBuffer, buffer: 0x1abed10, header: 0x1abf030, iRefCount: 0
04-26 01:15:22.669 I/SprdSimpleOMXComponent(   90): fillThisBuffer, buffer: 0x1abed18, header: 0x1abf488, iRefCount: 0
04-26 01:15:22.669 I/SprdOMXPlugin(   90): makeComponentInstance 'OMX.sprd.mp3.decoder'
04-26 01:15:22.669 I/SPRDMP3 (   90): MP3_ARM_DEC_Construct=0
04-26 01:15:22.679 I/SPRDMP3 (   90): mp3 decoder params chanel:1, sampleRate:44100
04-26 01:15:22.679 I/SprdSimpleOMXComponent(   90): useBuffer, push buffer, buffer=0x1abec00,header=0x1abeb98, pBuffer=0x40b9a000
04-26 01:15:22.679 I/SprdSimpleOMXComponent(   90): useBuffer, push buffer, buffer=0x1abec08,header=0x1ac9178, pBuffer=0x40b9c000
04-26 01:15:22.679 I/SprdOMXPlugin(   90): makeComponentInstance 'OMX.sprd.mp3.decoder'
04-26 01:15:22.679 I/SPRDMP3 (   90): MP3_ARM_DEC_Construct=0
04-26 01:15:22.679 I/SprdSimpleOMXComponent(   90): useBuffer, push buffer, buffer=0x1abec10,header=0x1ad0c80, pBuffer=0x40b9e000
04-26 01:15:22.679 I/SPRDMP3 (   90): mp3 decoder params chanel:1, sampleRate:44100
04-26 01:15:22.679 I/SprdSimpleOMXComponent(   90): useBuffer, push buffer, buffer=0x1abec18,header=0x1ad0df8, pBuffer=0x40ba0000
04-26 01:15:22.689 I/SprdSimpleOMXComponent(   90): useBuffer, push buffer, buffer=0x1ac9570,header=0x1ac8c68, pBuffer=0x40ba2000
04-26 01:15:22.689 I/SprdSimpleOMXComponent(   90): useBuffer, push buffer, buffer=0x1ac9098,header=0x1abfb80, pBuffer=0x40cb4000
04-26 01:15:22.689 I/SprdSimpleOMXComponent(   90): useBuffer, push buffer, buffer=0x1ac9578,header=0x1ad0f20, pBuffer=0x40ba4400
04-26 01:15:22.689 I/SprdSimpleOMXComponent(   90): useBuffer, push buffer, buffer=0x1ac90a0,header=0x1ad1428, pBuffer=0x40cb6000
04-26 01:15:22.689 I/SprdSimpleOMXComponent(   90): useBuffer, push buffer, buffer=0x1ac90a8,header=0x1ad16b8, pBuffer=0x40cb8000
04-26 01:15:22.689 I/SprdSimpleOMXComponent(   90): useBuffer, push buffer, buffer=0x1ac9580,header=0x1ad15a8, pBuffer=0x40ba6800
04-26 01:15:22.689 I/SprdSimpleOMXComponent(   90): useBuffer, push buffer, buffer=0x1ac90b0,header=0x1ad1878, pBuffer=0x40cba000
04-26 01:15:22.689 I/SprdSimpleOMXComponent(   90): useBuffer, push buffer, buffer=0x1ac9588,header=0x1ad1988, pBuffer=0x40ba8c00
04-26 01:15:22.699 I/SprdSimpleOMXComponent(   90): useBuffer, push buffer, buffer=0x1ad1f90,header=0x1ad1f18, pBuffer=0x40d07000
04-26 01:15:22.699 I/SprdSimpleOMXComponent(   90): useBuffer, push buffer, buffer=0x1ad1f98,header=0x1ad2098, pBuffer=0x40d09400
04-26 01:15:22.699 I/SprdSimpleOMXComponent(   90): useBuffer, push buffer, buffer=0x1ad1fa0,header=0x1ad2210, pBuffer=0x40d0b800
04-26 01:15:22.699 I/SprdSimpleOMXComponent(   90): useBuffer, push buffer, buffer=0x1ad1fa8,header=0x1ad2388, pBuffer=0x40d0dc00
04-26 01:15:22.799 I/Gecko   ( 3134): SharedSurface_Gralloc::Create -------
04-26 01:15:22.799 I/Gecko   ( 3134): SharedSurface_Gralloc::Create: success -- surface 0x43d18680, GraphicBuffer 0x43d27700.
04-26 01:15:22.859 I/Gecko   (   85): [Parent 85] WARNING: waitpid failed pid:3109 errno:10: file ../../../gecko/ipc/chromium/src/base/process_util_posix.cc, line 254
04-26 01:15:22.859 I/Gecko   (   85): [Parent 85] WARNING: Failed to deliver SIGKILL to 3109!(3).: file ../../../gecko/ipc/chromium/src/chrome/common/process_watcher_posix_sigchld.cc, line 118
04-26 01:15:23.019 I/Gecko   ( 3134): SharedSurface_Gralloc::Create -------
04-26 01:15:23.039 I/Gecko   ( 3134): SharedSurface_Gralloc::Create: success -- surface 0x43ec7080, GraphicBuffer 0x43eece00.
04-26 01:15:23.339 I/Gecko   ( 3134): [SharedSurface_Gralloc 0x43d18680] destroyed
04-26 01:15:23.379 I/Gecko   ( 3134): SharedSurface_Gralloc::Create -------
04-26 01:15:23.379 I/Gecko   ( 3134): SharedSurface_Gralloc::Create: success -- surface 0x43d18680, GraphicBuffer 0x43d27700.
04-26 01:15:23.439 I/Gecko   ( 3134): [SharedSurface_Gralloc 0x43ec7080] destroyed
04-26 01:15:23.529 I/Gecko   ( 3134): SharedSurface_Gralloc::Create -------
04-26 01:15:23.529 I/Gecko   ( 3134): SharedSurface_Gralloc::Create: success -- surface 0x43ec7b80, GraphicBuffer 0x43eed480.
04-26 01:15:23.929 I/Gecko   ( 3134): [SharedSurface_Gralloc 0x43d18680] destroyed
04-26 01:15:24.079 I/Gonk    (   85): Setting nice for pid 3217 to 18
04-26 01:15:24.079 I/Gonk    (   85): Changed nice for pid 3217 from 0 to 18.
04-26 01:15:24.529 W/WifiHW  (   85): wifi_command: SIGNAL_POLL
04-26 01:15:25.629 I/Gecko   ( 3134): SharedSurface_Gralloc::Create -------
04-26 01:15:25.639 I/Gecko   ( 3134): SharedSurface_Gralloc::Create: success -- surface 0x42db8640, GraphicBuffer 0x43516f80.
04-26 01:15:25.769 I/Gecko   ( 3134): [SharedSurface_Gralloc 0x43ec7b80] destroyed
04-26 01:15:25.779 I/Gecko   ( 3134): SharedSurface_Gralloc::Create -------
04-26 01:15:25.789 I/Gecko   ( 3134): SharedSurface_Gralloc::Create: success -- surface 0x42de9dc0, GraphicBuffer 0x43d27800.
04-26 01:15:25.939 I/Gecko   ( 3134): [SharedSurface_Gralloc 0x42db8640] destroyed
04-26 01:15:25.979 I/Gecko   ( 3134): SharedSurface_Gralloc::Create -------
04-26 01:15:25.989 I/Gecko   ( 3134): SharedSurface_Gralloc::Create: success -- surface 0x42dd21c0, GraphicBuffer 0x43553980.
04-26 01:15:26.069 I/Gecko   ( 3134): [SharedSurface_Gralloc 0x42de9dc0] destroyed
04-26 01:15:26.079 I/Gecko   ( 3134): SharedSurface_Gralloc::Create -------
04-26 01:15:26.079 I/Gecko   ( 3134): SharedSurface_Gralloc::Create: success -- surface 0x42de9dc0, GraphicBuffer 0x43d27800.
04-26 01:15:27.699 I/Gecko   ( 3134): [SharedSurface_Gralloc 0x42dd21c0] destroyed
04-26 01:15:27.709 I/Gecko   ( 3134): SharedSurface_Gralloc::Create -------
04-26 01:15:27.729 I/Gecko   ( 3134): SharedSurface_Gralloc::Create: success -- surface 0x42db87c0, GraphicBuffer 0x43517500.
04-26 01:15:28.189 I/Gecko   ( 3134): [SharedSurface_Gralloc 0x42de9dc0] destroyed
04-26 01:15:28.249 I/Gecko   ( 3134): SharedSurface_Gralloc::Create -------
04-26 01:15:28.249 I/Gecko   ( 3134): SharedSurface_Gralloc::Create: success -- surface 0x42deb6c0, GraphicBuffer 0x435fa380.
04-26 01:15:28.449 I/Gecko   ( 3134): [SharedSurface_Gralloc 0x42db87c0] destroyed
04-26 01:15:28.459 I/Gecko   ( 3134): SharedSurface_Gralloc::Create -------
04-26 01:15:28.459 I/Gecko   ( 3134): SharedSurface_Gralloc::Create: success -- surface 0x42db87c0, GraphicBuffer 0x42db6900.
04-26 01:15:28.639 I/Gecko   ( 3134): [SharedSurface_Gralloc 0x42deb6c0] destroyed
04-26 01:15:28.719 I/Gecko   ( 3134): SharedSurface_Gralloc::Create -------
04-26 01:15:28.729 I/Gecko   ( 3134): SharedSurface_Gralloc::Create: success -- surface 0x42debcc0, GraphicBuffer 0x435fa600.
04-26 01:15:30.729 W/WifiHW  (   85): wifi_command: SIGNAL_POLL
04-26 01:15:31.149 I/SprdSimpleOMXComponent(   90): fillThisBuffer, buffer: 0x1ad1f90, header: 0x1ad1f18, iRefCount: 0
04-26 01:15:31.189 I/SprdSimpleOMXComponent(   90): fillThisBuffer, buffer: 0x1ac9570, header: 0x1ac8c68, iRefCount: 0
04-26 01:15:31.219 I/SprdSimpleOMXComponent(   90): fillThisBuffer, buffer: 0x1ac9578, header: 0x1ad0f20, iRefCount: 0
04-26 01:15:31.219 I/SprdSimpleOMXComponent(   90): fillThisBuffer, buffer: 0x1ac9580, header: 0x1ad15a8, iRefCount: 0
04-26 01:15:31.229 I/SprdSimpleOMXComponent(   90): fillThisBuffer, buffer: 0x1ac9588, header: 0x1ad1988, iRefCount: 0
04-26 01:15:31.229 I/SprdSimpleOMXComponent(   90): fillThisBuffer, buffer: 0x1ad1f98, header: 0x1ad2098, iRefCount: 0
04-26 01:15:31.229 I/SprdSimpleOMXComponent(   90): fillThisBuffer, buffer: 0x1ad1fa0, header: 0x1ad2210, iRefCount: 0
04-26 01:15:31.229 I/SprdSimpleOMXComponent(   90): fillThisBuffer, buffer: 0x1ad1fa8, header: 0x1ad2388, iRefCount: 0
04-26 01:15:31.269 I/GonkMemoryPressure(   85): Checking to see if memory pressure is over.
04-26 01:15:31.269 I/GonkMemoryPressure(   85): Memory pressure is over.
04-26 01:15:31.269 I/SprdSimpleOMXComponent(   90): fillThisBuffer, buffer: 0x1ac9570, header: 0x1ac8c68, iRefCount: 0
04-26 01:15:31.269 I/GonkMemoryPressure( 3134): Checking to see if memory pressure is over.
04-26 01:15:31.269 I/GonkMemoryPressure( 3134): Memory pressure is over.
04-26 01:15:31.279 I/SprdSimpleOMXComponent(   90): fillThisBuffer, buffer: 0x1ad1f90, header: 0x1ad1f18, iRefCount: 0
04-26 01:15:31.279 I/SprdSimpleOMXComponent(   90): fillThisBuffer, buffer: 0x1ad1f98, header: 0x1ad2098, iRefCount: 0
04-26 01:15:31.279 I/SprdSimpleOMXComponent(   90): fillThisBuffer, buffer: 0x1ad1fa0, header: 0x1ad2210, iRefCount: 0
04-26 01:15:31.279 I/SprdSimpleOMXComponent(   90): fillThisBuffer, buffer: 0x1ad1fa8, header: 0x1ad2388, iRefCount: 0
04-26 01:15:31.279 I/SprdSimpleOMXComponent(   90): fillThisBuffer, buffer: 0x1ac9578, header: 0x1ad0f20, iRefCount: 0
04-26 01:15:31.279 I/SprdSimpleOMXComponent(   90): fillThisBuffer, buffer: 0x1ac9580, header: 0x1ad15a8, iRefCount: 0
04-26 01:15:31.279 I/SprdSimpleOMXComponent(   90): fillThisBuffer, buffer: 0x1ac9588, header: 0x1ad1988, iRefCount: 0
04-26 01:15:31.279 I/SprdSimpleOMXComponent(   90): fillThisBuffer, buffer: 0x1ac9570, header: 0x1ac8c68, iRefCount: 0
04-26 01:15:31.279 I/SprdSimpleOMXComponent(   90): fillThisBuffer, buffer: 0x1ac9578, header: 0x1ad0f20, iRefCount: 0
04-26 01:15:31.289 I/SprdSimpleOMXComponent(   90): fillThisBuffer, buffer: 0x1ac9580, header: 0x1ad15a8, iRefCount: 0
04-26 01:15:31.289 I/SprdSimpleOMXComponent(   90): fillThisBuffer, buffer: 0x1ac9588, header: 0x1ad1988, iRefCount: 0
04-26 01:15:31.339 I/GonkMemoryPressure( 3217): Checking to see if memory pressure is over.
04-26 01:15:31.369 I/GonkMemoryPressure( 3217): Memory pressure is over.
04-26 01:15:31.429 I/Gonk    (   85): Setting nice for pid 3217 to 18
04-26 01:15:31.429 I/Gonk    (   85): Changed nice for pid 3217 from 18 to 18.
04-26 01:15:31.429 I/Gecko   (   85): [Parent 85] WARNING: waitpid failed pid:3217 errno:10: file ../../../gecko/ipc/chromium/src/base/process_util_posix.cc, line 254
04-26 01:15:31.439 I/Gonk    (   85): Setting nice for pid 3217 to 1
04-26 01:15:31.439 I/Gonk    (   85): Changed nice for pid 3217 from 18 to 1.
04-26 01:15:31.469 I/Gonk    (   85): Setting nice for pid 3217 to 18
04-26 01:15:31.469 I/Gonk    (   85): Changed nice for pid 3217 from 1 to 18.
04-26 01:15:31.889 E/[Gralloc-ERROR](   85): int gralloc_unregister_buffer(const gralloc_module_t*, const native_handle_t*):274 Trying to unregister buffer 0x4454c420 from process 85 that was not created in current process: 85
04-26 01:15:31.899 E/GeckoConsole(   85): Content JS LOG at dummy file:326 in GaiaApps.launch/appOpen/<: app with origin 'app://{ac9c62ab-d0ff-4492-bd55-842d54b03189}' has launched
04-26 01:15:31.939 I/Gecko   (   85): 1398500131917	Marionette	INFO	sendToClient: {"from":"0","value":{"frame":{"ELEMENT":"{1f40da9e-ceaa-4c42-a0d8-40ce5a4f037b}"},"src":"app://{ac9c62ab-d0ff-4492-bd55-842d54b03189}/index.html","name":"The Firefly Game","origin":"app://{ac9c62ab-d0ff-4492-bd55-842d54b03189}"}}, {39ef3db4-3bd9-444e-8b50-a5cd21981b08}, {39ef3db4-3bd9-444e-8b50-a5cd21981b08}
04-26 01:15:31.969 E/[Gralloc-ERROR](   85): int gralloc_unregister_buffer(const gralloc_module_t*, const native_handle_t*):274 Trying to unregister buffer 0x44530d30 from process 85 that was not created in current process: 85
04-26 01:15:32.089 I/Gecko   (   85): 1398500132104	Marionette	DEBUG	Got request: switchToFrame, data: {"to":"0","sessionId":"3-b2g","name":"switchToFrame","parameters":{"focus":true,"element":"{1f40da9e-ceaa-4c42-a0d8-40ce5a4f037b}"}}, id: {ec90025f-b6fb-429b-b924-9359e99c2570}
04-26 01:15:32.109 I/Gecko   (   85): 1398500132120	Marionette	INFO	Switched to frame: {"frameValue":"{1f40da9e-ceaa-4c42-a0d8-40ce5a4f037b}"}
04-26 01:15:32.139 I/Gecko   (   85): 1398500132154	Marionette	INFO	trying remote frame 0
04-26 01:15:32.149 I/Gecko   (   85): 1398500132156	Marionette	INFO	trying remote frame 1
04-26 01:15:32.149 I/Gecko   (   85): 1398500132157	Marionette	INFO	trying remote frame 2
04-26 01:15:32.149 I/Gecko   (   85): 1398500132158	Marionette	INFO	trying remote frame 3
04-26 01:15:32.149 I/Gecko   (   85): 1398500132158	Marionette	INFO	trying remote frame 4
04-26 01:15:32.149 I/Gecko   (   85): 1398500132160	Marionette	INFO	deleting frame
04-26 01:15:32.169 I/Gecko   (   85): 1398500132181	Marionette	INFO	frame-manager load script: [object ChromeMessageSender]
04-26 01:15:32.459 I/Gecko   (   85): [Parent 85] WARNING: pipe error (170): Connection reset by peer: file ../../../gecko/ipc/chromium/src/chrome/common/ipc_channel_posix.cc, line 446
04-26 01:15:32.459 I/Gecko   (   85): 
04-26 01:15:32.459 I/Gecko   (   85): ###!!! [Parent][MessageChannel] Error: Channel error: cannot send/recv
04-26 01:15:32.459 I/Gecko   (   85): 
04-26 01:15:32.489 I/Gecko   ( 3134): SharedSurface_Gralloc::Create -------
04-26 01:15:32.529 I/Gecko   ( 3134): SharedSurface_Gralloc::Create: success -- surface 0x43665140, GraphicBuffer 0x43e7f600.
04-26 01:15:32.529 I/Gecko   (   85): [Parent 85] WARNING: waitpid failed pid:3217 errno:10: file ../../../gecko/ipc/chromium/src/base/process_util_posix.cc, line 254
04-26 01:15:33.439 I/Gecko   (   85): 1398500133447	Marionette	INFO	sendToClient: {"from":"0","ok":true}, {ec90025f-b6fb-429b-b924-9359e99c2570}, {ec90025f-b6fb-429b-b924-9359e99c2570}
04-26 01:15:33.609 I/Gecko   (   85): 1398500133621	Marionette	INFO	sendToClient: {"from":"0","value":"app://{ac9c62ab-d0ff-4492-bd55-842d54b03189}/index.html"}, {1c4622b1-c259-40d8-874d-afa810c8633a}, {1c4622b1-c259-40d8-874d-afa810c8633a}
