04-26 04:06:33.505 E/[Gralloc-ERROR](   86): int gralloc_unregister_buffer(const gralloc_module_t*, const native_handle_t*):274 Trying to unregister buffer 0x46060f60 from process 86 that was not created in current process: 86
04-26 04:06:33.515 E/[Gralloc-ERROR](   86): int gralloc_unregister_buffer(const gralloc_module_t*, const native_handle_t*):274 Trying to unregister buffer 0x46060ec0 from process 86 that was not created in current process: 86
04-26 04:06:33.515 I/Gecko   (   86): [Parent 86] WARNING: waitpid failed pid:1451 errno:10: file ../../../gecko/ipc/chromium/src/base/process_util_posix.cc, line 254
04-26 04:06:33.925 I/Gecko   (   86): 1398510393929	Marionette	DEBUG	Got request: switchToFrame, data: {"to":"0","sessionId":"3-b2g","name":"switchToFrame","parameters":{"focus":true,"element":"{19e70d84-5f5a-448d-a226-5473a7d26a66}"}}, id: {113d1a49-cd82-4e52-a3f1-f44e645a1e33}
04-26 04:06:33.955 I/Gecko   (   86): 1398510393961	Marionette	INFO	Switched to frame: {"frameValue":"{19e70d84-5f5a-448d-a226-5473a7d26a66}"}
04-26 04:06:33.955 I/Gecko   (   86): 1398510393965	Marionette	INFO	trying remote frame 0
04-26 04:06:34.085 I/Gecko   (   86): 1398510394076	Marionette	INFO	trying remote frame 1
04-26 04:06:34.085 I/Gecko   (   86): 1398510394089	Marionette	INFO	deleting frame
04-26 04:06:34.095 I/Gecko   (   86): 1398510394100	Marionette	INFO	frame-manager load script: [object ChromeMessageSender]
04-26 04:06:34.315 I/Gecko   ( 1392): SharedSurface_Gralloc::Create -------
04-26 04:06:34.375 I/Gecko   ( 1392): SharedSurface_Gralloc::Create: success -- surface 0x43ba7fc0, GraphicBuffer 0x4328ab80.
04-26 04:06:34.405 I/Gecko   ( 1392): [SharedSurface_Gralloc 0x44f56500] destroyed
04-26 04:06:34.405 I/Gecko   ( 1392): [SharedSurface_Gralloc 0x43bcd2c0] destroyed
04-26 04:06:34.415 I/Gecko   ( 1392): [SharedSurface_Gralloc 0x43bcdd40] destroyed
04-26 04:06:34.475 I/Gecko   ( 1392): SharedSurface_Gralloc::Create -------
04-26 04:06:34.485 I/Gecko   ( 1392): SharedSurface_Gralloc::Create: success -- surface 0x43bcd240, GraphicBuffer 0x4328a100.
04-26 04:06:34.635 W/WifiHW  (   86): wifi_command: SIGNAL_POLL
04-26 04:06:35.275 I/Gecko   (   86): 1398510395286	Marionette	INFO	sendToClient: {"from":"0","ok":true}, {113d1a49-cd82-4e52-a3f1-f44e645a1e33}, {113d1a49-cd82-4e52-a3f1-f44e645a1e33}
04-26 04:06:35.465 I/Gecko   (   86): 1398510395473	Marionette	INFO	sendToClient: {"from":"0","value":"app://{7055d9f1-1699-42aa-9443-c47effc8bd90}/index.html"}, {f1f56a19-36bc-4a4e-acb3-2ce0d34f461b}, {f1f56a19-36bc-4a4e-acb3-2ce0d34f461b}
04-26 04:06:35.475 I/Gecko   (   86): 1398510395481	Marionette	DEBUG	Got request: execute, data: {"to":"0","sessionId":"3-b2g","name":"executeScript","parameters":{"specialPowers":false,"scriptTimeout":null,"newSandbox":true,"args":[],"filename":"app_checker.py","script":"return window.document.readyState;","line":191}}, id: {a9e30b3d-4f38-443e-ae40-0dfd7e319ed1}
04-26 04:06:35.515 I/Gecko   (   86): [Parent 86] WARNING: waitpid failed pid:1451 errno:10: file ../../../gecko/ipc/chromium/src/base/process_util_posix.cc, line 254
04-26 04:06:35.515 I/Gecko   (   86): [Parent 86] WARNING: Failed to deliver SIGKILL to 1451!(3).: file ../../../gecko/ipc/chromium/src/chrome/common/process_watcher_posix_sigchld.cc, line 118
04-26 04:06:35.625 I/Gecko   (   86): 1398510395629	Marionette	INFO	sendToClient: {"from":"0","value":"complete"}, {a9e30b3d-4f38-443e-ae40-0dfd7e319ed1}, {a9e30b3d-4f38-443e-ae40-0dfd7e319ed1}
04-26 04:06:35.655 I/Gecko   (   86): 1398510395665	Marionette	INFO	sendToClient: {"from":"0","value":"app://{7055d9f1-1699-42aa-9443-c47effc8bd90}/index.html"}, {755cd30f-af08-4c51-be3a-2a258a9be00a}, {755cd30f-af08-4c51-be3a-2a258a9be00a}
04-26 04:06:35.765 I/Gecko   ( 1392): SharedSurface_Gralloc::Create -------
04-26 04:06:35.805 I/Gecko   ( 1392): SharedSurface_Gralloc::Create: success -- surface 0x45f09340, GraphicBuffer 0x44a71e00.
04-26 04:06:37.915 E/Profiler(   86): BPUnw: [1 total] thread_unregister_for_profiling(me=0xe67278)  (NOT REGISTERED) 
04-26 04:06:38.025 E/Profiler(   86): BPUnw: [1 total] thread_unregister_for_profiling(me=0xe7ab58)  (NOT REGISTERED) 
04-26 04:06:38.405 E/Profiler(   86): BPUnw: [1 total] thread_unregister_for_profiling(me=0xe67e88)  (NOT REGISTERED) 
04-26 04:06:38.415 E/Profiler(   86): BPUnw: [1 total] thread_unregister_for_profiling(me=0xe7a8f8)  (NOT REGISTERED) 
04-26 04:06:40.755 E/Profiler(   86): BPUnw: [1 total] thread_unregister_for_profiling(me=0xe67f48)  (NOT REGISTERED) 
04-26 04:06:40.885 I/GonkMemoryPressure( 1392): Checking to see if memory pressure is over.
04-26 04:06:40.885 I/GonkMemoryPressure( 1392): Memory pressure is over.
04-26 04:06:40.895 I/GonkMemoryPressure(   86): Checking to see if memory pressure is over.
04-26 04:06:40.895 I/GonkMemoryPressure(   86): Memory pressure is over.
04-26 04:06:41.305 I/Gecko   (   86): 1398510401268	Marionette	INFO	sendToClient: {"from":"0","value":"iVBORw0KGgoAAAANSUhEUgAAAUAAAAHgCAYAAADUjLREAAAgAElEQVR4nOy9539TV7q/nT9ikpnf5DwzJyeTMpNMepn0HpIw6QUSkhBaQgm9GGOMwQX33m3ce++9F7k3SZbkKrliU4wL4G5dzwsBodjGRbYM7BfXx2BLW0tba311r3W3+9409ce7QErXJeiehuZBCG+BoxVgMA1GVbA/ooC1LjHIzgxPew2Bu4d0WTefWAXzkVMqBuXTzwkBgTuF+6Jq23jT2Ie1LjHIz84sYOI+8JJPfxF3GewJzuS/NiF0Dk3pfJEKLC2BpQ08f8SNLzxzdD6BBQQWw33KQTXNfWN8aR/Bo/vsyW7omXXyF/WAnfjWC2V0gnN2Ldv8U6nqHNT5IhVYOrouQVRVK/865MS3Pvk6n8QCAgvlPtXQHxN7R0A6D263JK5WddtFkNMFtjcJYdMABJU2sNYlhpCyphm31QJ3B2ZJpTy235714bUYlKt1PpkFBObLDQLYfQlOxIt4cLslieL2OS2C/NPgeWVr7CjVWAciZR+/+aagF5GH5PQlnS9UgaVjq18qTxx0Ymdmr84ns4DAfLlFALsvgVeBlMf22SNSnp/zQqg9D9FKjdPk6u9OJpWy3S+NqOpWnS9UgaVB2T/BpzahvHTcF/3SSZ1PaAGB+TCtAHZfgr0h2Tyr70bbwOS8FsTN215pzyU88yUciy0kqqqVpvOjOl+0AtqloqOfN419+DlCLGyFBe4oZhTA7kuw2iqE33xTtLJIipTnCC1vwk8kxz1XTEJdOyJlH4qzI3RdVOt8EQssDvOkUp438kW/dELnk1pAYK7MKoDys8M8cciJJEmH1hZK+9AUuU1nyJB3kyHvpqKjn6bzY7QNTgohNHcwVZ0D/OeYFz+GVApWoMAdw6wC2H0JAksa2OSdtKSLp+uiWvAY3wXsCEjnDRN/jggCKH
04-26 04:06:41.475 W/WifiHW  (   86): wifi_command: SIGNAL_POLL
04-26 04:06:42.275 I/Gonk    (   86): Setting nice for pid 1504 to 18
04-26 04:06:42.285 I/Gonk    (   86): Changed nice for pid 1504 from 0 to 18.
04-26 04:06:42.915 I/Gecko   (   86): 1398510402923	Marionette	INFO	sendToClient: {"from":"0","ok":true}, {f0ab3208-3eb9-4452-a57c-c925790dbf49}, {f0ab3208-3eb9-4452-a57c-c925790dbf49}
04-26 04:06:42.935 I/Gecko   (   86): 1398510402941	Marionette	DEBUG	Got request: switchToFrame, data: {"to":"0","sessionId":"3-b2g","name":"switchToFrame","parameters":{"id":null,"focus":true}}, id: {ecf0862d-0935-41c6-897e-bfa3155571ef}
04-26 04:06:42.995 I/Gecko   (   86): 1398510402986	Marionette	INFO	Switched to frame: {"frameValue":null}
04-26 04:06:43.185 I/Gecko   (   86): 1398510403194	Marionette	INFO	sendToClient: {"from":"0","ok":true}, {ecf0862d-0935-41c6-897e-bfa3155571ef}, {ecf0862d-0935-41c6-897e-bfa3155571ef}
04-26 04:06:43.215 I/Gecko   (   86): 1398510403223	Marionette	DEBUG	Got request: executeWithCallback, data: {"to":"0","sessionId":"3-b2g","name":"executeAsyncScript","parameters":{"specialPowers":false,"scriptTimeout":null,"newSandbox":true,"args":[],"filename":"gaia_test.py","script":"return GaiaApps.displayedApp();","line":66}}, id: {610e7ab3-bbc9-4148-8970-ddf3f0981d20}
04-26 04:06:43.765 I/Gecko   ( 1392): [SharedSurface_Gralloc 0x45f09340] destroyed
04-26 04:06:43.855 E/GeckoConsole(   86): Content JS LOG at dummy file:392 in GaiaApps.displayedApp: app with origin 'app://{7055d9f1-1699-42aa-9443-c47effc8bd90}' is displayed
04-26 04:06:43.855 I/Gecko   (   86): 1398510403866	Marionette	INFO	sendToClient: {"from":"0","value":{"frame":{"ELEMENT":"{19e70d84-5f5a-448d-a226-5473a7d26a66}"},"src":"app://{7055d9f1-1699-42aa-9443-c47effc8bd90}/index.html","name":"Tiki Text","origin":"app://{7055d9f1-1699-42aa-9443-c47effc8bd90}"}}, {610e7ab3-bbc9-4148-8970-ddf3f0981d20}, {610e7ab3-bbc9-4148-8970-ddf3f0981d20}
04-26 04:06:43.875 I/Gecko   (   86): 1398510403883	Marionette	DEBUG	Got request: switchToFrame, data: {"to":"0","sessionId":"3-b2g","name":"switchToFrame","parameters":{"id":null,"focus":true}}, id: {d8ebb4c8-9a28-473a-a05a-359612aaf119}
04-26 04:06:43.875 I/Gecko   (   86): 1398510403885	Marionette	INFO	Switched to frame: {"frameValue":null}
04-26 04:06:43.985 I/Gecko   (   86): 1398510403989	Marionette	INFO	sendToClient: {"from":"0","ok":true}, {d8ebb4c8-9a28-473a-a05a-359612aaf119}, {d8ebb4c8-9a28-473a-a05a-359612aaf119}
04-26 04:06:43.985 I/Gecko   (   86): 1398510403996	Marionette	DEBUG	Got request: execute, data: {"to":"0","sessionId":"3-b2g","name":"executeScript","parameters":{"specialPowers":false,"scriptTimeout":null,"newSandbox":true,"args":[],"filename":"gaia_test.py","script":"window.wrappedJSObject.dispatchEvent(new Event('home'));","line":788}}, id: {85b7c656-0610-405b-94a7-652de3167dbf}
04-26 04:06:44.355 I/Gonk    (   86): Setting nice for pid 1504 to 18
04-26 04:06:44.355 I/Gonk    (   86): Changed nice for pid 1504 from 18 to 18.
04-26 04:06:44.355 I/Gecko   (   86): [Parent 86] WARNING: waitpid failed pid:1504 errno:10: file ../../../gecko/ipc/chromium/src/base/process_util_posix.cc, line 254
04-26 04:06:44.385 I/Gonk    (   86): Setting nice for pid 1504 to 1
04-26 04:06:44.385 I/Gonk    (   86): Changed nice for pid 1504 from 18 to 1.
04-26 04:06:44.495 D/Sensors (   86): activate handle=0; drv=0
04-26 04:06:44.495 D/Sensors (   86): Lis3dhSensor: Control set 0
04-26 04:06:44.495 D/Sensors (   86): Lis3dhSensor: mEnabled = 0
04-26 04:06:45.865 I/GonkMemoryPressure( 1504): Checking to see if memory pressure is over.
04-26 04:06:45.865 I/GonkMemoryPressure( 1504): Memory pressure is over.
04-26 04:06:50.725 I/Gecko   (   86): 1398510410676	Marionette	INFO	sendToClient: {"from":"0","value":null}, {85b7c656-0610-405b-94a7-652de3167dbf}, {85b7c656-0610-405b-94a7-652de3167dbf}
04-26 04:06:51.145 I/GonkMemoryPressure(   86): Checking to see if memory pressure is over.
04-26 04:06:51.145 I/GonkMemoryPressure(   86): Memory pressure is over.
04-26 04:06:51.145 I/GonkMemoryPressure( 1392): Checking to see if memory pressure is over.
04-26 04:06:51.145 I/GonkMemoryPressure( 1392): Memory pressure is over.
04-26 04:06:51.155 I/GonkMemoryPressure( 1504): Checking to see if memory pressure is over.
04-26 04:06:51.155 I/GonkMemoryPressure( 1504): Memory pressure is over.
04-26 04:06:51.775 I/Gonk    (   86): Setting nice for pid 1392 to 18
04-26 04:06:51.775 I/Gonk    (   86): Changed nice for pid 1392 from 1 to 18.
04-26 04:06:51.865 W/WifiHW  (   86): wifi_command: SIGNAL_POLL
04-26 04:06:52.015 I/Gonk    (   86): Setting nice for pid 1514 to 18
04-26 04:06:52.025 I/Gonk    (   86): Changed nice for pid 1514 from 0 to 18.
04-26 04:06:52.365 I/Gecko   (   86): 1398510412372	Marionette	DEBUG	Got request: switchToFrame, data: {"to":"0","sessionId":"3-b2g","name":"switchToFrame","parameters":{"id":null,"focus":true}}, id: {3594f016-6210-4e6f-afcf-e473ffc9b1bb}
04-26 04:06:52.375 I/Gecko   (   86): 1398510412383	Marionette	INFO	Switched to frame: {"frameValue":null}
04-26 04:06:52.485 I/Gecko   (   86): 1398510412492	Marionette	INFO	sendToClient: {"from":"0","ok":true}, {3594f016-6210-4e6f-afcf-e473ffc9b1bb}, {3594f016-6210-4e6f-afcf-e473ffc9b1bb}
04-26 04:06:52.495 I/Gecko   (   86): 1398510412504	Marionette	DEBUG	Got request: executeWithCallback, data: {"to":"0","sessionId":"3-b2g","name":"executeAsyncScript","parameters":{"specialPowers":false,"scriptTimeout":null,"newSandbox":true,"args":[],"filename":"gaia_test.py","script":"return GaiaApps.displayedApp();","line":66}}, id: {9645d9bd-6658-40ce-8e41-f6a7dfacef7c}
04-26 04:06:52.695 E/GeckoConsole(   86): Content JS LOG at dummy file:392 in GaiaApps.displayedApp: app with origin 'app://homescreen.gaiamobile.org' is displayed
04-26 04:06:52.695 I/Gecko   (   86): 1398510412702	Marionette	INFO	sendToClient: {"from":"0","value":{"frame":{"ELEMENT":"{1c613fbd-bbc8-422c-85ac-67e44cde93b4}"},"src":"app://homescreen.gaiamobile.org/index.html#root","name":"Homescreen","origin":"app://homescreen.gaiamobile.org"}}, {9645d9bd-6658-40ce-8e41-f6a7dfacef7c}, {9645d9bd-6658-40ce-8e41-f6a7dfacef7c}
04-26 04:06:52.735 I/Gecko   (   86): 1398510412742	Marionette	DEBUG	Got request: switchToFrame, data: {"to":"0","sessionId":"3-b2g","name":"switchToFrame","parameters":{"id":null,"focus":true}}, id: {f55b6688-8914-4874-8b4e-4b33688ba28e}
04-26 04:06:52.745 I/Gecko   (   86): 1398510412748	Marionette	INFO	Switched to frame: {"frameValue":null}
04-26 04:06:52.855 I/Gecko   (   86): 1398510412858	Marionette	INFO	sendToClient: {"from":"0","ok":true}, {f55b6688-8914-4874-8b4e-4b33688ba28e}, {f55b6688-8914-4874-8b4e-4b33688ba28e}
04-26 04:06:52.875 I/Gecko   (   86): 1398510412876	Marionette	DEBUG	Got request: switchToFrame, data: {"to":"0","sessionId":"3-b2g","name":"switchToFrame","parameters":{"id":null,"focus":true}}, id: {a46e0731-eb86-4e41-9462-38e497dbb143}
04-26 04:06:52.875 I/Gecko   (   86): 1398510412882	Marionette	INFO	Switched to frame: {"frameValue":null}
04-26 04:06:52.975 I/Gecko   (   86): 1398510412985	Marionette	INFO	sendToClient: {"from":"0","ok":true}, {a46e0731-eb86-4e41-9462-38e497dbb143}, {a46e0731-eb86-4e41-9462-38e497dbb143}
04-26 04:06:52.985 I/Gecko   (   86): 1398510412996	Marionette	DEBUG	Got request: executeWithCallback, data: {"to":"0","sessionId":"3-b2g","name":"executeAsyncScript","parameters":{"specialPowers":false,"scriptTimeout":null,"newSandbox":true,"args":[],"filename":"gaia_test.py","script":"return GaiaApps.displayedApp();","line":66}}, id: {444542e3-6885-4776-8360-cdfcbf7b1388}
04-26 04:06:53.065 I/Gecko   (   86): 1398510413070	Marionette	INFO	sendToClient: {"from":"0","value":{"frame":{"ELEMENT":"{1c613fbd-bbc8-422c-85ac-67e44cde93b4}"},"src":"app://homescreen.gaiamobile.org/index.html#root","name":"Homescreen","origin":"app://homescreen.gaiamobile.org"}}, {444542e3-6885-4776-8360-cdfcbf7b1388}, {444542e3-6885-4776-8360-cdfcbf7b1388}
04-26 04:06:53.075 E/GeckoConsole(   86): Content JS LOG at dummy file:392 in GaiaApps.displayedApp: app with origin 'app://homescreen.gaiamobile.org' is displayed
04-26 04:06:53.085 I/Gecko   (   86): 1398510413094	Marionette	DEBUG	Got request: switchToFrame, data: {"to":"0","sessionId":"3-b2g","name":"switchToFrame","parameters":{"focus":true,"element":"{1c613fbd-bbc8-422c-85ac-67e44cde93b4}"}}, id: {3afdddbc-2bb6-47a6-b6d7-76078e902fb2}
04-26 04:06:53.135 I/Gecko   (   86): 1398510413142	Marionette	INFO	Switched to frame: {"frameValue":"{1c613fbd-bbc8-422c-85ac-67e44cde93b4}"}
04-26 04:06:53.145 I/Gecko   (   86): 1398510413156	Marionette	INFO	trying remote frame 0
04-26 04:06:53.155 I/Gecko   (   86): 1398510413158	Marionette	INFO	trying remote frame 1
04-26 04:06:53.155 I/Gecko   (   86): 1398510413159	Marionette	INFO	trying remote frame 2
04-26 04:06:53.165 I/Gecko   (   86): 1398510413173	Marionette	INFO	frame-manager load script: [object ChromeMessageSender]
04-26 04:06:53.235 I/Gecko   (   86): [Parent 86] WARNING: pipe error (173): Connection reset by peer: file ../../../gecko/ipc/chromium/src/chrome/common/ipc_channel_posix.cc, line 446
04-26 04:06:53.245 I/Gecko   (   86): 
04-26 04:06:53.245 I/Gecko   (   86): ###!!! [Parent][MessageChannel] Error: Channel error: cannot send/recv
04-26 04:06:53.245 I/Gecko   (   86): 
04-26 04:06:53.425 I/Gecko   (   86): [Parent 86] WARNING: waitpid failed pid:1392 errno:10: file ../../../gecko/ipc/chromium/src/base/process_util_posix.cc, line 254
04-26 04:06:53.585 I/Gecko   ( 1504): ###################################### forms.js loaded
04-26 04:06:53.605 I/Gecko   ( 1504): ############################### browserElementPanning.js loaded
04-26 04:06:53.635 I/Gecko   ( 1504): ######################## BrowserElementChildPreload.js loaded
04-26 04:06:54.545 I/Gecko   (   86): 1398510414549	Marionette	INFO	sendToClient: {"from":"0","ok":true}, {3afdddbc-2bb6-47a6-b6d7-76078e902fb2}, {3afdddbc-2bb6-47a6-b6d7-76078e902fb2}
04-26 04:06:54.785 I/Gecko   (   86): 1398510414792	Marionette	INFO	sendToClient: {"from":"0","value":"app://homescreen.gaiamobile.org/index.html#root"}, {f63b71fa-e340-47f1-afc6-6cdb4a88627f}, {f63b71fa-e340-47f1-afc6-6cdb4a88627f}
04-26 04:06:54.795 I/Gecko   (   86): 1398510414798	Marionette	DEBUG	Got request: switchToFrame, data: {"to":"0","sessionId":"3-b2g","name":"switchToFrame","parameters":{"id":null,"focus":true}}, id: {90c14a4b-e219-4004-bf94-405830b1e8f8}
04-26 04:06:54.825 I/Gecko   (   86): 1398510414836	Marionette	INFO	Switched to frame: {"frameValue":null}
04-26 04:06:54.935 I/Gecko   (   86): 1398510414939	Marionette	INFO	sendToClient: {"from":"0","ok":true}, {90c14a4b-e219-4004-bf94-405830b1e8f8}, {90c14a4b-e219-4004-bf94-405830b1e8f8}
04-26 04:06:54.935 I/Gecko   (   86): 1398510414945	Marionette	DEBUG	Got request: switchToFrame, data: {"to":"0","sessionId":"3-b2g","name":"switchToFrame","parameters":{"id":null,"focus":true}}, id: {a4f5b3cb-a978-4101-b886-9b2da0a2c795}
04-26 04:06:54.945 I/Gecko   (   86): 1398510414947	Marionette	INFO	Switched to frame: {"frameValue":null}
04-26 04:06:55.045 I/Gecko   (   86): 1398510415049	Marionette	INFO	sendToClient: {"from":"0","ok":true}, {a4f5b3cb-a978-4101-b886-9b2da0a2c795}, {a4f5b3cb-a978-4101-b886-9b2da0a2c795}
04-26 04:06:55.045 I/Gecko   (   86): 1398510415056	Marionette	DEBUG	Got request: executeWithCallback, data: {"to":"0","sessionId":"3-b2g","name":"executeAsyncScript","parameters":{"specialPowers":false,"scriptTimeout":null,"newSandbox":true,"args":[],"filename":"gaia_test.py","script":"GaiaApps.killAll()","line":91}}, id: {52b68dab-b0bb-4c62-85eb-41debe073faf}
04-26 04:06:55.415 E/GeckoConsole(   86): Content JS LOG at dummy file:266 in GaiaApps.kill: terminating app with origin 'app://browser.gaiamobile.org'
04-26 04:06:55.425 E/GeckoConsole(   86): Content JS LOG at dummy file:258 in GaiaApps.kill/gt_onAppTerminated/<: app with origin 'app://browser.gaiamobile.org' has terminated
04-26 04:06:55.425 I/Gecko   (   86): [Parent 86] WARNING: waitpid failed pid:1392 errno:10: file ../../../gecko/ipc/chromium/src/base/process_util_posix.cc, line 254
04-26 04:06:55.425 I/Gecko   (   86): [Parent 86] WARNING: Failed to deliver SIGKILL to 1392!(3).: file ../../../gecko/ipc/chromium/src/chrome/common/process_watcher_posix_sigchld.cc, line 118
04-26 04:06:55.575 I/Gecko   (   86): 1398510415583	Marionette	INFO	sendToClient: {"from":"0","value":true}, {52b68dab-b0bb-4c62-85eb-41debe073faf}, {52b68dab-b0bb-4c62-85eb-41debe073faf}
04-26 04:06:55.895 I/GonkMemoryPressure( 1514): Checking to see if memory pressure is over.
04-26 04:06:55.915 I/GonkMemoryPressure( 1514): Memory pressure is over.