--------- beginning of /dev/log/main
04-27 09:37:40.361 I/Gecko   (   83): 1398616660369	Marionette	INFO	sendToClient: {"from":"0","ok":true}, {5266763d-ba8e-4506-b51a-64f2fb3093d0}, {5266763d-ba8e-4506-b51a-64f2fb3093d0}
04-27 09:37:40.411 I/Gecko   (   83): 1398616660420	Marionette	DEBUG	Got request: switchToFrame, data: {"to":"0","sessionId":"3-b2g","name":"switchToFrame","parameters":{"id":null,"focus":true}}, id: {245a7841-c34f-4c48-a488-466ef69f7ab1}
04-27 09:37:40.421 I/Gecko   (   83): 1398616660435	Marionette	INFO	Switched to frame: {"frameValue":null}
04-27 09:37:40.541 I/Gecko   (   83): 1398616660549	Marionette	INFO	sendToClient: {"from":"0","ok":true}, {245a7841-c34f-4c48-a488-466ef69f7ab1}, {245a7841-c34f-4c48-a488-466ef69f7ab1}
04-27 09:37:40.541 I/Gecko   (   83): 1398616660556	Marionette	DEBUG	Got request: executeWithCallback, data: {"to":"0","sessionId":"3-b2g","name":"executeAsyncScript","parameters":{"specialPowers":false,"scriptTimeout":null,"newSandbox":true,"args":[],"filename":"gaia_test.py","script":"return GaiaApps.displayedApp();","line":66}}, id: {e51045eb-5077-4225-8f17-e2bf912ce98e}
04-27 09:37:40.711 E/GeckoConsole(   83): Content JS LOG at dummy file:392 in GaiaApps.displayedApp: app with origin 'app://homescreen.gaiamobile.org' is displayed
04-27 09:37:40.721 I/Gecko   (   83): 1398616660729	Marionette	INFO	sendToClient: {"from":"0","value":{"frame":{"ELEMENT":"{e4c6adfa-3476-4056-96ff-c939980b58be}"},"src":"app://homescreen.gaiamobile.org/index.html#root","name":"Homescreen","origin":"app://homescreen.gaiamobile.org"}}, {e51045eb-5077-4225-8f17-e2bf912ce98e}, {e51045eb-5077-4225-8f17-e2bf912ce98e}
04-27 09:37:40.751 I/Gecko   (   83): 1398616660767	Marionette	DEBUG	Got request: switchToFrame, data: {"to":"0","sessionId":"3-b2g","name":"switchToFrame","parameters":{"id":null,"focus":true}}, id: {53285af9-3616-48a1-80d0-9acc64035cef}
04-27 09:37:40.761 I/Gecko   (   83): 1398616660774	Marionette	INFO	Switched to frame: {"frameValue":null}
04-27 09:37:40.881 I/Gecko   (   83): 1398616660888	Marionette	INFO	sendToClient: {"from":"0","ok":true}, {53285af9-3616-48a1-80d0-9acc64035cef}, {53285af9-3616-48a1-80d0-9acc64035cef}
04-27 09:37:40.901 I/Gecko   (   83): 1398616660910	Marionette	DEBUG	Got request: switchToFrame, data: {"to":"0","sessionId":"3-b2g","name":"switchToFrame","parameters":{"id":null,"focus":true}}, id: {9ddda4ff-4f0e-402c-a728-a2ccdaafe940}
04-27 09:37:40.901 I/Gecko   (   83): 1398616660913	Marionette	INFO	Switched to frame: {"frameValue":null}
04-27 09:37:41.011 I/Gecko   (   83): 1398616661020	Marionette	INFO	sendToClient: {"from":"0","ok":true}, {9ddda4ff-4f0e-402c-a728-a2ccdaafe940}, {9ddda4ff-4f0e-402c-a728-a2ccdaafe940}
04-27 09:37:41.591 I/Gecko   ( 3454): ###################################### forms.js loaded
04-27 09:37:41.711 I/Gecko   ( 3454): ############################### browserElementPanning.js loaded
04-27 09:37:41.781 I/Gecko   ( 3454): ######################## BrowserElementChildPreload.js loaded
04-27 09:37:41.791 I/Gecko   (   83): 1398616661802	Marionette	DEBUG	Got request: executeWithCallback, data: {"to":"0","sessionId":"3-b2g","name":"executeAsyncScript","parameters":{"specialPowers":false,"scriptTimeout":null,"newSandbox":true,"args":[],"filename":"gaia_test.py","script":"return GaiaApps.displayedApp();","line":66}}, id: {5bb47098-9985-42de-8ac3-2610462e3047}
04-27 09:37:41.991 E/GeckoConsole(   83): Content JS LOG at dummy file:392 in GaiaApps.displayedApp: app with origin 'app://homescreen.gaiamobile.org' is displayed
04-27 09:37:41.991 I/Gecko   (   83): 1398616662003	Marionette	INFO	sendToClient: {"from":"0","value":{"frame":{"ELEMENT":"{e4c6adfa-3476-4056-96ff-c939980b58be}"},"src":"app://homescreen.gaiamobile.org/index.html#root","name":"Homescreen","origin":"app://homescreen.gaiamobile.org"}}, {5bb47098-9985-42de-8ac3-2610462e3047}, {5bb47098-9985-42de-8ac3-2610462e3047}
04-27 09:37:42.051 I/Gecko   (   83): 1398616662062	Marionette	DEBUG	Got request: switchToFrame, data: {"to":"0","sessionId":"3-b2g","name":"switchToFrame","parameters":{"focus":true,"element":"{e4c6adfa-3476-4056-96ff-c939980b58be}"}}, id: {cd95a792-c809-4ea1-b585-3c49c25fc0ce}
04-27 09:37:42.061 I/Gecko   (   83): 1398616662072	Marionette	INFO	Switched to frame: {"frameValue":"{e4c6adfa-3476-4056-96ff-c939980b58be}"}
04-27 09:37:42.071 I/Gecko   (   83): 1398616662082	Marionette	INFO	trying remote frame 0
04-27 09:37:42.071 I/Gecko   (   83): 1398616662086	Marionette	INFO	trying remote frame 1
04-27 09:37:42.071 I/Gecko   (   83): 1398616662087	Marionette	INFO	trying remote frame 2
04-27 09:37:42.081 I/Gecko   (   83): 1398616662092	Marionette	INFO	trying remote frame 3
04-27 09:37:42.081 I/Gecko   (   83): 1398616662093	Marionette	INFO	trying remote frame 4
04-27 09:37:42.101 I/Gecko   (   83): 1398616662115	Marionette	INFO	deleting frame
04-27 09:37:42.111 I/Gecko   (   83): 1398616662123	Marionette	INFO	frame-manager load script: [object ChromeMessageSender]
04-27 09:37:42.401 W/WifiHW  (   83): wifi_command: SIGNAL_POLL
04-27 09:37:43.351 I/Gecko   (   83): 1398616663361	Marionette	INFO	sendToClient: {"from":"0","ok":true}, {cd95a792-c809-4ea1-b585-3c49c25fc0ce}, {cd95a792-c809-4ea1-b585-3c49c25fc0ce}
04-27 09:37:43.541 I/Gecko   (   83): 1398616663555	Marionette	INFO	sendToClient: {"from":"0","value":{"ELEMENT":"{6f9fdeb4-d12b-4bd6-83f1-9aa1f7253531}"}}, {52585bab-4ee9-404b-9969-8d0d24e9a50e}, {52585bab-4ee9-404b-9969-8d0d24e9a50e}
04-27 09:37:43.811 E/GeckoConsole( 3438): [JavaScript Warning: "Use of getAttributeNode() is deprecated. Use getAttribute() instead." {file: "chrome://marionette/content/atoms.js" line: 25}]
04-27 09:37:43.821 E/GeckoConsole( 3438): [JavaScript Warning: "Use of attributes' specified attribute is deprecated. It always returns true." {file: "chrome://marionette/content/atoms.js" line: 25}]
04-27 09:37:43.821 I/Gecko   (   83): 1398616663831	Marionette	INFO	sendToClient: {"from":"0","value":"normal"}, {a503563d-9709-476b-8292-5c8d94eba165}, {a503563d-9709-476b-8292-5c8d94eba165}
04-27 09:37:43.831 I/Gecko   (   83): 1398616663838	Marionette	DEBUG	Got request: switchToFrame, data: {"to":"0","sessionId":"3-b2g","name":"switchToFrame","parameters":{"id":null,"focus":true}}, id: {d0009d52-038c-4e56-abfd-a08b4fb0f8e6}
04-27 09:37:43.851 I/Gecko   (   83): 1398616663860	Marionette	INFO	Switched to frame: {"frameValue":null}
04-27 09:37:44.081 I/Gecko   (   83): 1398616664090	Marionette	INFO	sendToClient: {"from":"0","ok":true}, {d0009d52-038c-4e56-abfd-a08b4fb0f8e6}, {d0009d52-038c-4e56-abfd-a08b4fb0f8e6}
04-27 09:37:44.101 I/Gecko   (   83): 1398616664109	Marionette	DEBUG	Got request: execute, data: {"to":"0","sessionId":"3-b2g","name":"executeScript","parameters":{"specialPowers":false,"scriptTimeout":null,"newSandbox":true,"args":[],"filename":"gaia_test.py","script":"window.wrappedJSObject.dispatchEvent(new Event('home'));","line":788}}, id: {02f60731-244a-4fde-bdde-6d6fb1d9018e}
04-27 09:37:44.481 I/Gecko   (   83): 1398616664490	Marionette	INFO	sendToClient: {"from":"0","value":null}, {02f60731-244a-4fde-bdde-6d6fb1d9018e}, {02f60731-244a-4fde-bdde-6d6fb1d9018e}
04-27 09:37:44.501 I/Gecko   (   83): 1398616664516	Marionette	DEBUG	Got request: switchToFrame, data: {"to":"0","sessionId":"3-b2g","name":"switchToFrame","parameters":{"id":null,"focus":true}}, id: {0fb7fa03-d428-4d58-898d-acb03db47c94}
04-27 09:37:44.511 I/Gecko   (   83): 1398616664527	Marionette	INFO	Switched to frame: {"frameValue":null}
04-27 09:37:44.621 I/Gecko   (   83): 1398616664629	Marionette	INFO	sendToClient: {"from":"0","ok":true}, {0fb7fa03-d428-4d58-898d-acb03db47c94}, {0fb7fa03-d428-4d58-898d-acb03db47c94}
04-27 09:37:44.621 I/Gecko   (   83): 1398616664636	Marionette	DEBUG	Got request: switchToFrame, data: {"to":"0","sessionId":"3-b2g","name":"switchToFrame","parameters":{"id":null,"focus":true}}, id: {4f48cab6-13dc-4e92-8c8c-92806654a0a6}
04-27 09:37:44.631 I/Gecko   (   83): 1398616664638	Marionette	INFO	Switched to frame: {"frameValue":null}
04-27 09:37:45.001 I/Gecko   (   83): 1398616665017	Marionette	INFO	sendToClient: {"from":"0","ok":true}, {4f48cab6-13dc-4e92-8c8c-92806654a0a6}, {4f48cab6-13dc-4e92-8c8c-92806654a0a6}
04-27 09:37:45.041 I/Gecko   (   83): 1398616665055	Marionette	DEBUG	Got request: executeWithCallback, data: {"to":"0","sessionId":"3-b2g","name":"executeAsyncScript","parameters":{"specialPowers":false,"scriptTimeout":null,"newSandbox":true,"args":[],"filename":"gaia_test.py","script":"return GaiaApps.displayedApp();","line":66}}, id: {b93fae88-0bfa-456e-bf6c-8d42fd7403cf}
04-27 09:37:45.161 I/Gecko   (   83): 1398616665170	Marionette	INFO	sendToClient: {"from":"0","value":{"frame":{"ELEMENT":"{e4c6adfa-3476-4056-96ff-c939980b58be}"},"src":"app://homescreen.gaiamobile.org/index.html#rootSun%20Apr%2027%202014%2009:37:44%20GMT-0700%20(UTC)","name":"Homescreen","origin":"app://homescreen.gaiamobile.org"}}, {b93fae88-0bfa-456e-bf6c-8d42fd7403cf}, {b93fae88-0bfa-456e-bf6c-8d42fd7403cf}
04-27 09:37:45.161 E/GeckoConsole(   83): Content JS LOG at dummy file:392 in GaiaApps.displayedApp: app with origin 'app://homescreen.gaiamobile.org' is displayed
04-27 09:37:45.191 I/Gecko   (   83): 1398616665199	Marionette	DEBUG	Got request: switchToFrame, data: {"to":"0","sessionId":"3-b2g","name":"switchToFrame","parameters":{"focus":true,"element":"{e4c6adfa-3476-4056-96ff-c939980b58be}"}}, id: {5c6569ec-348b-4b9c-876b-d3b7c338c568}
04-27 09:37:45.191 I/Gecko   (   83): 1398616665207	Marionette	INFO	Switched to frame: {"frameValue":"{e4c6adfa-3476-4056-96ff-c939980b58be}"}
04-27 09:37:45.211 I/Gecko   (   83): 1398616665220	Marionette	INFO	trying remote frame 0
04-27 09:37:45.211 I/Gecko   (   83): 1398616665221	Marionette	INFO	trying remote frame 1
04-27 09:37:45.211 I/Gecko   (   83): 1398616665222	Marionette	INFO	trying remote frame 2
04-27 09:37:45.211 I/Gecko   (   83): 1398616665223	Marionette	INFO	trying remote frame 3
04-27 09:37:45.211 I/Gecko   (   83): 1398616665223	Marionette	INFO	trying remote frame 4
04-27 09:37:45.651 I/Gecko   (   83): 1398616665662	Marionette	INFO	sendToClient: {"from":"0","ok":true}, {5c6569ec-348b-4b9c-876b-d3b7c338c568}, {5c6569ec-348b-4b9c-876b-d3b7c338c568}
04-27 09:37:45.661 I/Gecko   (   83): 1398616665669	Marionette	DEBUG	Got request: execute, data: {"to":"0","sessionId":"3-b2g","name":"executeScript","parameters":{"specialPowers":false,"scriptTimeout":null,"newSandbox":true,"args":[],"filename":"gaia_test.py","script":"return window.wrappedJSObject.GridManager.pageHelper.getCurrentPageNumber();","line":784}}, id: {a337372c-3bd0-4e09-a49d-474253659d5c}
04-27 09:37:46.021 I/Gecko   (   83): 1398616666030	Marionette	INFO	sendToClient: {"from":"0","value":0}, {a337372c-3bd0-4e09-a49d-474253659d5c}, {a337372c-3bd0-4e09-a49d-474253659d5c}
04-27 09:37:46.671 I/Gecko   (   83): 1398616666682	Marionette	INFO	sendToClient: {"from":"0","value":["{726a63a3-1a2f-4df3-a588-3bef507b3233}","{cb690a59-c06a-4eaf-9d04-16b754246879}","{c2a6bea8-ce2d-4695-b472-10eb0bfd89eb}","{cdaa1e7b-fd9d-4bac-ba04-085292522fbe}","{dde98cfb-77c1-4af4-8a3e-a3467c4dfbfe}","{c2992357-d2bc-40f4-98b4-e8aafcb21a31}","{1b4041b5-e4ed-45b8-af7b-c814aa972bea}","{48a783b5-ba5d-4f92-b854-d7aab5b80517}","{26e2ba0b-e680-4da5-a4d1-08089f1038c2}","{560375af-8020-4de3-bf40-57e337ca7d62}","{99f17dbf-549d-464c-94d3-5aab1dcba0a6}","{328d536c-d435-4933-9803-394350015ac8}","{9f34320a-f965-491a-9dc7-f1cae9092e4b}","{08d40868-f0a4-4082-bd54-4079072c4b3f}","{922357e2-9bd2-49bc-9e59-2572add42afd}","{021c9641-73de-4bfd-b33e-749542dc74e5}","{2b2f4789-eeb9-4559-bf8e-00bcd3a8d671}","{5f888923-084c-46dc-9837-46f900c7f94c}","{d0f26ade-3b11-4fce-ab38-d9ff770be8ee}","{3854ae69-edff-4187-928f-4fee6918193f}","{cb2024b8-3f60-4670-93d2-b14a88351e69}","{00de7b04-38cf-4195-9f76-bbe89ff3ae04}","{2e4f8836-cc89-4178-8dfe-b1c63030c008}","{dfc458be-7278
04-27 09:37:46.811 I/Gecko   (   83): 1398616666826	Marionette	INFO	sendToClient: {"from":"0","value":"app://homescreen.gaiamobile.org/index.html#rootSun%20Apr%2027%202014%2009:37:44%20GMT-0700%20(UTC)"}, {e5bd6f0f-f213-46fe-8b11-f03c24fb8868}, {e5bd6f0f-f213-46fe-8b11-f03c24fb8868}
04-27 09:37:46.841 I/Gecko   (   83): 1398616666857	Marionette	DEBUG	Got request: switchToFrame, data: {"to":"0","sessionId":"3-b2g","name":"switchToFrame","parameters":{"id":null,"focus":true}}, id: {58cdd81f-7949-4a2d-9318-d8f665e703d1}
04-27 09:37:46.861 I/Gecko   (   83): 1398616666875	Marionette	INFO	Switched to frame: {"frameValue":null}
04-27 09:37:47.571 W/WifiHW  (   83): wifi_command: SIGNAL_POLL
04-27 09:37:47.661 I/Gecko   (   83): 1398616667670	Marionette	INFO	sendToClient: {"from":"0","ok":true}, {58cdd81f-7949-4a2d-9318-d8f665e703d1}, {58cdd81f-7949-4a2d-9318-d8f665e703d1}
04-27 09:37:47.711 I/Gecko   (   83): 1398616667722	Marionette	DEBUG	Got request: switchToFrame, data: {"to":"0","sessionId":"3-b2g","name":"switchToFrame","parameters":{"id":null,"focus":true}}, id: {6db89b71-6cd5-4983-9eda-0b74f81e96e2}
04-27 09:37:47.711 I/Gecko   (   83): 1398616667725	Marionette	INFO	Switched to frame: {"frameValue":null}
04-27 09:37:47.871 I/Gecko   (   83): 1398616667887	Marionette	INFO	sendToClient: {"from":"0","ok":true}, {6db89b71-6cd5-4983-9eda-0b74f81e96e2}, {6db89b71-6cd5-4983-9eda-0b74f81e96e2}
04-27 09:37:47.951 I/Gecko   (   83): 1398616667960	Marionette	DEBUG	Got request: executeWithCallback, data: {"to":"0","sessionId":"3-b2g","name":"executeAsyncScript","parameters":{"specialPowers":false,"scriptTimeout":30000,"newSandbox":true,"args":[],"filename":"app_checker.py","script":"GaiaApps.launchWithManifestURL('http://m.utilisima.com/ar/manifest.webapp')","line":106}}, id: {80039871-4dff-42cb-b112-388bedff6111}
04-27 09:37:47.991 V/AudioPolicyManagerBase(   88): startOutput() output 1, stream 1, session 9
04-27 09:37:47.991 V/AudioPolicyManagerBase(   88): changeRefCount() stream 1, count 1
04-27 09:37:47.991 V/AudioPolicyManagerBase(   88): getDeviceForStrategy() from cache strategy 0, device 2
04-27 09:37:47.991 V/AudioPolicyManagerBase(   88): getNewDevice() selected device 2
04-27 09:37:47.991 D/AudioPolicyManagerBase(   88): setOutputDevice() output 1 device 2 delayMs 0
04-27 09:37:47.991 V/AudioPolicyManagerBase(   88): setOutputDevice() setting same device 2 or null device for output 1
04-27 09:37:47.991 E/AudioPolicyManagerBase(   88): checkAndSetVolume stream=1, index=0, output=1, device=2
04-27 09:37:47.991 E/AudioPolicyManagerBase(   88): computeVolume, streamDesc=0x490bb8
04-27 09:37:48.011 W/AudioFlinger(   88): Thread AudioOut_1 cannot connect to the power manager service
04-27 09:37:48.011 V/AudioPolicyManagerBase(   88): stopOutput() output 1, stream 1, session 9
04-27 09:37:48.011 V/AudioPolicyManagerBase(   88): changeRefCount() stream 1, count 0
04-27 09:37:48.011 V/AudioPolicyManagerBase(   88): getNewDevice() selected device 0
04-27 09:37:48.011 D/AudioPolicyManagerBase(   88): setOutputDevice() output 1 device 0 delayMs 290
04-27 09:37:48.011 V/AudioPolicyManagerBase(   88): setOutputDevice() setting same device 0 or null device for output 1
04-27 09:37:48.021 V/AudioPolicyManagerBase(   88): startOutput() output 1, stream 1, session 9
04-27 09:37:48.021 V/AudioPolicyManagerBase(   88): changeRefCount() stream 1, count 1
04-27 09:37:48.021 V/AudioPolicyManagerBase(   88): getDeviceForStrategy() from cache strategy 0, device 2
04-27 09:37:48.021 V/AudioPolicyManagerBase(   88): getNewDevice() selected device 2
04-27 09:37:48.021 D/AudioPolicyManagerBase(   88): setOutputDevice() output 1 device 2 delayMs 0
04-27 09:37:48.021 V/AudioPolicyManagerBase(   88): setOutputDevice() setting same device 2 or null device for output 1
04-27 09:37:48.021 E/AudioPolicyManagerBase(   88): checkAndSetVolume stream=1, index=0, output=1, device=2
04-27 09:37:48.021 E/AudioPolicyManagerBase(   88): computeVolume, streamDesc=0x490bb8
04-27 09:37:48.021 V/AudioPolicyManagerBase(   88): stopOutput() output 1, stream 1, session 9
04-27 09:37:48.021 V/AudioPolicyManagerBase(   88): changeRefCount() stream 1, count 0
04-27 09:37:48.021 V/AudioPolicyManagerBase(   88): getNewDevice() selected device 0
04-27 09:37:48.021 D/AudioPolicyManagerBase(   88): setOutputDevice() output 1 device 0 delayMs 290
04-27 09:37:48.021 V/AudioPolicyManagerBase(   88): setOutputDevice() setting same device 0 or null device for output 1
04-27 09:37:48.031 V/AudioPolicyManagerBase(   88): releaseOutput() 1
04-27 09:37:48.081 E/GeckoConsole(   83): Content JS LOG at dummy file:334 in GaiaApps.launch: launching app with name 'Utilisima'
04-27 09:37:48.171 I/Gonk    (   83): Setting nice for pid 3454 to 18
04-27 09:37:48.171 I/Gonk    (   83): Changed nice for pid 3454 from 0 to 18.
04-27 09:37:48.171 I/Gecko   (   83): [Parent 83] WARNING: waitpid failed pid:3454 errno:10: file ../../../gecko/ipc/chromium/src/base/process_util_posix.cc, line 254
04-27 09:37:48.181 I/Gonk    (   83): Setting nice for pid 3454 to 1
04-27 09:37:48.181 I/Gonk    (   83): Changed nice for pid 3454 from 18 to 1.
04-27 09:37:48.401 E/[Gralloc-ERROR](   83): int gralloc_register_buffer(const gralloc_module_t*, const native_handle_t*):79 Unable to register handle 0x45e3fa60 coming from different process: 83
04-27 09:37:48.411 E/[Gralloc-ERROR](   83): int gralloc_register_buffer(const gralloc_module_t*, const native_handle_t*):79 Unable to register handle 0x45e3fba0 coming from different process: 83
04-27 09:37:48.521 D/Sensors (   83): activate handle=0; drv=0
04-27 09:37:48.531 D/Sensors (   83): Lis3dhSensor: Control set 1
04-27 09:37:48.531 D/Sensors (   83): Lis3dhSensor: mEnabled = 1
04-27 09:37:48.661 I/Gonk    (   83): Setting nice for pid 3438 to 18
04-27 09:37:48.661 I/Gonk    (   83): Changed nice for pid 3438 from 1 to 18.
04-27 09:37:49.141 I/Gecko   (   83): [Parent 83] WARNING: pipe error (91): Connection reset by peer: file ../../../gecko/ipc/chromium/src/chrome/common/ipc_channel_posix.cc, line 446
04-27 09:37:49.151 I/Gecko   (   83): [Parent 83] WARNING: pipe error (97): Connection reset by peer: file ../../../gecko/ipc/chromium/src/chrome/common/ipc_channel_posix.cc, line 446
04-27 09:37:49.151 I/Gecko   (   83): 
04-27 09:37:49.151 I/Gecko   (   83): ###!!! [Parent][MessageChannel] Error: Channel error: cannot send/recv
04-27 09:37:49.151 I/Gecko   (   83): 
04-27 09:37:49.191 I/GeckoDump(   83): Crash reporter : Can't fetch app.reportCrashes. Exception: [Exception... "Component returned failure code: 0x8000ffff (NS_ERROR_UNEXPECTED) [nsIPrefBranch.getBoolPref]"  nsresult: "0x8000ffff (NS_ERROR_UNEXPECTED)"  location: "JS frame :: chrome://browser/content/shell.js :: shell_reportCrash :: line 7"  data: no]
04-27 09:37:49.211 I/Gecko   (   83): [Parent 83] WARNING: waitpid failed pid:3438 errno:10: file ../../../gecko/ipc/chromium/src/base/process_util_posix.cc, line 254
04-27 09:37:50.061 E/GeckoConsole( 3454): [JavaScript Warning: "Expected declaration but found '*'.  Skipped to next declaration." {file: "http://cdn.foxlife.tv/sites/foxlife-la/objects/css/mobile-foxlife.css?ver=7" line: 84 column: 56 source: "audio[controls], canvas, video { display: inline-block; *display: inline; *zoom: 1; }"}]
04-27 09:37:50.071 E/GeckoConsole( 3454): [JavaScript Warning: "Expected declaration but found '*'.  Skipped to next declaration." {file: "http://cdn.foxlife.tv/sites/foxlife-la/objects/css/mobile-foxlife.css?ver=7" line: 84 column: 74 source: "audio[controls], canvas, video { display: inline-block; *display: inline; *zoom: 1; }"}]
04-27 09:37:50.071 E/GeckoConsole( 3454): [JavaScript Warning: "Unknown property 'box-sizing'.  Declaration dropped." {file: "http://cdn.foxlife.tv/sites/foxlife-la/objects/css/mobile-foxlife.css?ver=7" line: 99 column: 56 source: "input[type="checkbox"], input[type="radio"] { box-sizing: border-box; }"}]
04-27 09:37:50.071 E/GeckoConsole( 3454): [JavaScript Warning: "Unknown property 'box-sizing'.  Declaration dropped." {file: "http://cdn.foxlife.tv/sites/foxlife-la/objects/css/mobile-foxlife.css?ver=7" line: 100 column: 96 source: "input[type="search"] { -moz-box-sizing: content-box; -webkit-box-sizing: content-box; box-sizing: content-box; }"}]
04-27 09:37:50.071 E/GeckoConsole( 3454): [JavaScript Warning: "Error in parsing value for 'background'.  Declaration dropped." {file: "http://cdn.foxlife.tv/sites/foxlife-la/objects/css/mobile-foxlife.css?ver=7" line: 125 column: 12 source: "background: -webkit-gradient(linear, left top, left bottom, color-stop(0%,#f1f1f1), color-stop(50%,#f1f1f1), color-stop(51%,#dfdfdf), color-stop(100%,#dfdfdf)); /* Chrome,Safari4+ */"}]
04-27 09:37:50.071 E/GeckoConsole( 3454): [JavaScript Warning: "Error in parsing value for 'background'.  Declaration dropped." {file: "http://cdn.foxlife.tv/sites/foxlife-la/objects/css/mobile-foxlife.css?ver=7" line: 126 column: 12 source: "background: -webkit-linear-gradient(top, #f1f1f1 0%,#f1f1f1 50%,#dfdfdf 51%,#dfdfdf 100%); /* Chrome10+,Safari5.1+ */"}]
04-27 09:37:50.071 E/GeckoConsole( 3454): [JavaScript Warning: "Error in parsing value for 'background'.  Declaration dropped." {file: "http://cdn.foxlife.tv/sites/foxlife-la/objects/css/mobile-foxlife.css?ver=7" line: 127 column: 12 source: "background: -o-linear-gradient(top, #f1f1f1 0%,#f1f1f1 50%,#dfdfdf 51%,#dfdfdf 100%); /* Opera 11.10+ */"}]
04-27 09:37:50.081 E/GeckoConsole( 3454): [JavaScript Warning: "Error in parsing value for 'background'.  Declaration dropped." {file: "http://cdn.foxlife.tv/sites/foxlife-la/objects/css/mobile-foxlife.css?ver=7" line: 128 column: 12 source: "background: -ms-linear-gradient(top, #f1f1f1 0%,#f1f1f1 50%,#dfdfdf 51%,#dfdfdf 100%); /* IE10+ */"}]
04-27 09:37:50.081 E/GeckoConsole( 3454): [JavaScript Warning: "Expected color but found 'top'.  Error in parsing value for 'background'.  Declaration dropped." {file: "http://cdn.foxlife.tv/sites/foxlife-la/objects/css/mobile-foxlife.css?ver=7" line: 129 column: 28 source: "background: linear-gradient(top, #f1f1f1 0%,#f1f1f1 50%,#dfdfdf 51%,#dfdfdf 100%); /* W3C */"}]
04-27 09:37:50.081 E/GeckoConsole( 3454): [JavaScript Warning: "Expected 'none' or URL but found 'progid'.  Error in parsing value for 'filter'.  Declaration dropped." {file: "http://cdn.foxlife.tv/sites/foxlife-la/objects/css/mobile-foxlife.css?ver=7" line: 130 column: 8 source: "filter: progid:DXImageTransform.Microsoft.gradient( startColorstr='#f1f1f1', endColorstr='#dfdfdf',GradientType=0 ); /* IE6-9 */"}]
04-27 09:37:50.081 E/GeckoConsole( 3454): [JavaScript Warning: "Unknown property '-moz-box-shadow'.  Declaration dropped." {file: "http://cdn.foxlife.tv/sites/foxlife-la/objects/css/mobile-foxlife.css?ver=7" line: 140 column: 19 source: "    -moz-box-shadow:1px 1px 2px #CCC;"}]
04-27 09:37:50.081 E/GeckoConsole( 3454): [JavaScript Warning: "Unknown property '-moz-border-radius'.  Declaration dropped." {file: "http://cdn.foxlife.tv/sites/foxlife-la/objects/css/mobile-foxlife.css?ver=7" line: 143 column: 22 source: "    -moz-border-radius: 6px;"}]
04-27 09:37:50.081 E/GeckoConsole( 3454): [JavaScript Warning: "Error in parsing value for 'background'.  Declaration dropped." {file: "http://cdn.foxlife.tv/sites/foxlife-la/objects/css/mobile-foxlife.css?ver=7" line: 150 column: 12 source: "background: -webkit-gradient(linear, left top, left bottom, color-stop(0%,#05D197), color-stop(51%,#05D197), color-stop(53%,#08c38e)); /* Chrome,Safari4+ */"}]
04-27 09:37:50.081 E/GeckoConsole( 3454): [JavaScript Warning: "Error in parsing value for 'background'.  Declaration dropped." {file: "http://cdn.foxlife.tv/sites/foxlife-la/objects/css/mobile-foxlife.css?ver=7" line: 151 column: 12 source: "background: -webkit-linear-gradient(top,  #05D197 0%,#05D197 51%,#08c38e 53%); /* Chrome10+,Safari5.1+ */"}]
04-27 09:37:50.081 E/GeckoConsole( 3454): [JavaScript Warning: "Error in parsing value for 'background'.  Declaration dropped." {file: "http://cdn.foxlife.tv/sites/foxlife-la/objects/css/mobile-foxlife.css?ver=7" line: 152 column: 12 source: "background: -o-linear-gradient(top,  #05D197 0%,#05D197 51%,#08c38e 53%); /* Opera 11.10+ */"}]
04-27 09:37:50.081 E/GeckoConsole( 3454): [JavaScript Warning: "Error in parsing value for 'background'.  Declaration dropped." {file: "http://cdn.foxlife.tv/sites/foxlife-la/objects/css/mobile-foxlife.css?ver=7" line: 153 column: 12 source: "background: -ms-linear-gradient(top,  #05D197 0%,#05D197 51%,#08c38e 53%); /* IE10+ */"}]
04-27 09:37:50.081 E/GeckoConsole( 3454): [JavaScript Warning: "Expected 'none' or URL but found 'progid'.  Error in parsing value for 'filter'.  Declaration dropped." {file: "http://cdn.foxlife.tv/sites/foxlife-la/objects/css/mobile-foxlife.css?ver=7" line: 155 column: 8 source: "filter: progid:DXImageTransform.Microsoft.gradient( startColorstr='#05D197', endColorstr='#08c38e',GradientType=0 ); /* IE6-9 */"}]
04-27 09:37:50.091 E/GeckoConsole( 3454): [JavaScript Warning: "Error in parsing value for 'background'.  Declaration dropped." {file: "http://cdn.foxlife.tv/sites/foxlife-la/objects/css/mobile-foxlife.css?ver=7" line: 163 column: 12 source: "background: -webkit-gradient(linear, left top, left bottom, color-stop(0%,#3b5998), color-stop(51%,#3b5998), color-stop(53%,#1f4189)); /* Chrome,Safari4+ */"}]
04-27 09:37:50.091 E/GeckoConsole( 3454): [JavaScript Warning: "Error in parsing value for 'background'.  Declaration dropped." {file: "http://cdn.foxlife.tv/sites/foxlife-la/objects/css/mobile-foxlife.css?ver=7" line: 164 column: 12 source: "background: -webkit-linear-gradient(top,  #3b5998 0%,#3b5998 51%,#1f4189 53%); /* Chrome10+,Safari5.1+ */"}]
04-27 09:37:50.091 E/GeckoConsole( 3454): [JavaScript Warning: "Error in parsing value for 'background'.  Declaration dropped." {file: "http://cdn.foxlife.tv/sites/foxlife-la/objects/css/mobile-foxlife.css?ver=7" line: 165 column: 12 source: "background: -o-linear-gradient(top,  #3b5998 0%,#3b5998 51%,#1f4189 53%); /* Opera 11.10+ */"}]
04-27 09:37:50.091 E/GeckoConsole( 3454): [JavaScript Warning: "Error in parsing value for 'background'.  Declaration dropped." {file: "http://cdn.foxlife.tv/sites/foxlife-la/objects/css/mobile-foxlife.css?ver=7" line: 166 column: 12 source: "background: -ms-linear-gradient(top,  #3b5998 0%,#3b5998 51%,#1f4189 53%); /* IE10+ */"}]
04-27 09:37:50.091 E/GeckoConsole( 3454): [JavaScript Warning: "Expected 'none' or URL but found 'progid'.  Error in parsing value for 'filter'.  Declaration dropped." {file: "http://cdn.foxlife.tv/sites/foxlife-la/objects/css/mobile-foxlife.css?ver=7" line: 168 column: 8 source: "filter: progid:DXImageTransform.Microsoft.gradient( startColorstr='#3b5998', endColorstr='#1f4189',GradientType=0 ); /* IE6-9 */"}]
04-27 09:37:50.091 E/GeckoConsole( 3454): [JavaScript Warning: "Expected media feature name but found '-webkit-min-device-pixel-ratio'." {file: "http://cdn.foxlife.tv/sites/foxlife-la/objects/css/mobile-foxlife.css?ver=7" line: 212 column: 16 source: "@media all and (-webkit-min-device-pixel-ratio: 1.25) {"}]
04-27 09:37:50.091 E/GeckoConsole( 3454): [JavaScript Warning: "Error in parsing value for 'background-image'.  Declaration dropped." {file: "http://cdn.foxlife.tv/sites/foxlife-la/objects/css/mobile-foxlife.css?ver=7" line: 217 column: 19 source: "		background-image:ur(http://cdn-flac.ficfiles.com/sites/common/objects/img/loader2x.gif);"}]
04-27 09:37:50.091 E/GeckoConsole( 3454): [JavaScript Warning: "Error in parsing value for 'background-image'.  Declaration dropped." {file: "http://cdn.foxlife.tv/sites/foxlife-la/objects/css/mobile-foxlife.css?ver=7" line: 228 column: 19 source: "		background-image:ur(http://cdn-flac.ficfiles.com/sites/common/objects/img/loader2x.gif);"}]
04-27 09:37:50.091 E/GeckoConsole( 3454): [JavaScript Warning: "Unknown property '-moz-border-radius'.  Declaration dropped." {file: "http://cdn.foxlife.tv/sites/foxlife-la/objects/css/mobile-foxlife.css?ver=7" line: 267 column: 112 source: ".on-now .days li a { cursor:pointer; color:#555; background: none;-webkit-border-radius: 30px;-moz-border-radius: 30px;border-radius: 30px;display: block;text-align:center;width: 30px;height: 30px;line-height: 30px;margin:0 auto;}"}]
04-27 09:37:50.101 E/GeckoConsole( 3454): [JavaScript Warning: "Expected declaration but found ':'.  Skipped to next declaration." {file: "http://cdn.foxlife.tv/sites/foxlife-la/objects/css/mobile-foxlife.css?ver=7" line: 268 column: 45 source: ".on-now .days li.active a{background:#10C491;:center;color:#FFF;}"}]
04-27 09:37:50.101 E/GeckoConsole( 3454): [JavaScript Warning: "Unknown property '-moz-border-radius'.  Declaration dropped." {file: "http://cdn.foxlife.tv/sites/foxlife-la/objects/css/mobile-foxlife.css?ver=7" line: 300 column: 190 source: ".alert { display: none; padding: 8px 35px 8px 14px; margin-bottom: 20px; text-shadow: 0 1px 0 rgba(255, 255, 255, 0.5); border: 1px solid #ccc; -webkit-border-radius: 4px; -moz-border-radius: 4px; border-radius: 4px;}"}]
04-27 09:37:50.101 E/GeckoConsole( 3454): [JavaScript Warning: "Unknown property '-moz-border-radius'.  Declaration dropped." {file: "http://cdn.foxlife.tv/sites/foxlife-la/objects/css/mobile-foxlife.css?ver=7" line: 306 column: 120 source: "#checkin_text { display:block; width:96%; padding:2%; border-radius: 5px; -webkit-border-radius: 5px; -moz-border-radius: 5px; border: 1px solid #ccc; background:#fff; position: relative; font-size: inherit; margin:0 0 .5em;}"}]
04-27 09:37:50.101 E/GeckoConsole( 3454): [JavaScript Warning: "Unknown property '-moz-border-radius'.  Declaration dropped." {file: "http://cdn.foxlife.tv/sites/foxlife-la/objects/css/mobile-foxlife.css?ver=7" line: 362 column: 18 source: "-moz-border-radius: 4px;"}]
04-27 09:37:50.191 E/GeckoConsole( 3454): [JavaScript Warning: "Unknown property '-moz-border-radius'.  Declaration dropped." {file: "http://cdn.foxlife.tv/sites/foxlife-la/objects/css/mobile-foxlife.css?ver=7" line: 601 column: 84 source: "  .search form { border-radius: 10px;-webkit-border-radius: 10px; -moz-border-radius: 10px; padding: 0 5px; border: 1px solid #ccc; background:#fff;    position:relative;}"}]
04-27 09:37:50.201 E/GeckoConsole( 3454): [JavaScript Warning: "Unknown property '-moz-border-radius'.  Declaration dropped." {file: "http://cdn.foxlife.tv/sites/foxlife-la/objects/css/mobile-foxlife.css?ver=7" line: 724 column: 56 source: "  .start {border-radius:6px 0 0 6px ; -moz-border-radius:6px 0 0 6px ; -webkit-border-radius:6px 0 0 6px;}"}]
04-27 09:37:50.211 E/GeckoConsole( 3454): [JavaScript Warning: "Unknown property '-moz-border-radius'.  Declaration dropped." {file: "http://cdn.foxlife.tv/sites/foxlife-la/objects/css/mobile-foxlife.css?ver=7" line: 725 column: 54 source: "  .end {border-radius:0 6px 6px 0 ; -moz-border-radius:0 6px 6px 0 ; -webkit-border-radius:0 6px 6px 0;}"}]
04-27 09:37:50.261 E/GeckoConsole( 3454): [JavaScript Warning: "SyntaxError: Using //@ to indicate sourceMappingURL pragmas is deprecated. Use //# instead" {file: "http://cdn-flac.ficfiles.com/sites/common/objects/js/jquery/jquery_min.js?ver=1" line: 1}]
04-27 09:37:50.321 E/GeckoConsole( 3454): [JavaScript Warning: "Error: http://cdn-flac.ficfiles.com/sites/common/objects/js/jquery/jquery_min.js?ver=1 is being assigned a //# sourceMappingURL, but already has one"]
04-27 09:37:50.611 E/GeckoConsole( 3454): [JavaScript Warning: "Unknown property '-moz-opacity'.  Declaration dropped." {file: "http://m.foxlife.tv/us" line: 0 column: 44 source: "opacity:.55;-webkit-opacity:.55;-moz-opacity:.55;-o-opacity:.55;-ms-opacity:.55;"}]
04-27 09:37:50.611 E/GeckoConsole( 3454): [JavaScript Warning: "Error in parsing value for 'background-image'.  Declaration dropped." {file: "http://m.foxlife.tv/us" line: 0 column: 17 source: "background-image:-webkit-gradient(linear,left top,right bottom,from(#9f9),to(white));background-image:linear-gradient(left top,#9f9, white);background-image:-webkit-linear-gradient(left top,#9f9, white);background-image:-moz-linear-gradient(left top,#9f9, white);background-image:-o-linear-gradient(left top,#9f9, white);background-image:-ms-linear-gradient(left top,#9f9, white);"}]
04-27 09:37:50.611 E/GeckoConsole( 3454): [JavaScript Warning: "Expected color but found 'left'.  Error in parsing value for 'background-image'.  Declaration dropped." {file: "http://m.foxlife.tv/us" line: 0 column: 118 source: "background-image:-webkit-gradient(linear,left top,right bottom,from(#9f9),to(white));background-image:linear-gradient(left top,#9f9, white);background-image:-webkit-linear-gradient(left top,#9f9, white);background-image:-moz-linear-gradient(left top,#9f9, white);background-image:-o-linear-gradient(left top,#9f9, white);background-image:-ms-linear-gradient(left top,#9f9, white);"}]
04-27 09:37:50.621 E/GeckoConsole( 3454): [JavaScript Warning: "Error in parsing value for 'background-image'.  Declaration dropped." {file: "http://m.foxlife.tv/us" line: 0 column: 157 source: "background-image:-webkit-gradient(linear,left top,right bottom,from(#9f9),to(white));background-image:linear-gradient(left top,#9f9, white);background-image:-webkit-linear-gradient(left top,#9f9, white);background-image:-moz-linear-gradient(left top,#9f9, white);background-image:-o-linear-gradient(left top,#9f9, white);background-image:-ms-linear-gradient(left top,#9f9, white);"}]
04-27 09:37:50.621 E/GeckoConsole( 3454): [JavaScript Warning: "Error in parsing value for 'background-image'.  Declaration dropped." {file: "http://m.foxlife.tv/us" line: 0 column: 280 source: "background-image:-webkit-gradient(linear,left top,right bottom,from(#9f9),to(white));background-image:linear-gradient(left top,#9f9, white);background-image:-webkit-linear-gradient(left top,#9f9, white);background-image:-moz-linear-gradient(left top,#9f9, white);background-image:-o-linear-gradient(left top,#9f9, white);background-image:-ms-linear-gradient(left top,#9f9, white);"}]
04-27 09:37:50.621 E/GeckoConsole( 3454): [JavaScript Warning: "Error in parsing value for 'background-image'.  Declaration dropped." {file: "http://m.foxlife.tv/us" line: 0 column: 338 source: "background-image:-webkit-gradient(linear,left top,right bottom,from(#9f9),to(white));background-image:linear-gradient(left top,#9f9, white);background-image:-webkit-linear-gradient(left top,#9f9, white);background-image:-moz-linear-gradient(left top,#9f9, white);background-image:-o-linear-gradient(left top,#9f9, white);background-image:-ms-linear-gradient(left top,#9f9, white);"}]
04-27 09:37:51.211 I/Gecko   (   83): [Parent 83] WARNING: waitpid failed pid:3438 errno:10: file ../../../gecko/ipc/chromium/src/base/process_util_posix.cc, line 254
04-27 09:37:51.211 I/Gecko   (   83): [Parent 83] WARNING: Failed to deliver SIGKILL to 3438!(3).: file ../../../gecko/ipc/chromium/src/chrome/common/process_watcher_posix_sigchld.cc, line 118
04-27 09:37:52.571 W/WifiHW  (   83): wifi_command: SIGNAL_POLL
04-27 09:37:53.421 I/Gonk    (   83): Setting nice for pid 3530 to 18
04-27 09:37:53.431 I/Gonk    (   83): Changed nice for pid 3530 from 0 to 18.
04-27 09:37:56.081 E/GeckoConsole( 3454): [JavaScript Warning: "Content Security Policy: allow directive is deprecated, use the equivalent default-src directive instead"]
04-27 09:37:56.201 E/GeckoConsole( 3454): [JavaScript Warning: "The X-Content-Security-Policy and X-Content-Security-Report-Only headers will be deprecated in the future. Please use the Content-Security-Policy and Content-Security-Report-Only headers with CSP spec compliant syntax instead." {file: "https://s-static.ak.facebook.com/connect/xd_arbiter/dgdTycPTSRj.js?version=40#channel=f3549ca3fc922e&origin=http%3A%2F%2Fm.foxlife.tv" line: 0}]
04-27 09:37:57.631 W/WifiHW  (   83): wifi_command: SIGNAL_POLL
04-27 09:38:00.361 E/GeckoConsole( 3454): [JavaScript Warning: "Unknown property 'box-sizing'.  Declaration dropped." {file: "http://m.foxlife.tv/us" line: 0 column: 10 source: "box-sizing:border-box;-moz-box-sizing:border-box;-webkit-box-sizing:border-box;padding:1px;border:1px;display:block;width:4px;margin-top:1%;position:absolute;top:1%;"}]
04-27 09:38:00.411 E/GeckoConsole( 3454): [JavaScript Warning: "Unknown property 'box-sizing'.  Declaration dropped." {file: "http://m.foxlife.tv/us" line: 0 column: 52 source: "padding:0;margin:0;border:0;display:block;box-sizing:content-box;-moz-box-sizing:content-box;-webkit-box-sizing:content-box;"}]
04-27 09:38:00.421 E/GeckoConsole( 3454): [JavaScript Warning: "Unknown property 'box-sizing'.  Declaration dropped." {file: "http://m.foxlife.tv/us" line: 0 column: 52 source: "padding:0;margin:0;border:0;display:block;box-sizing:content-box;-moz-box-sizing:content-box;-webkit-box-sizing:content-box;"}]
04-27 09:38:01.191 E/GeckoConsole( 3454): [JavaScript Warning: "Unknown property '-moz-border-radius'.  Declaration dropped." {file: "http://m.foxlife.tv/us" line: 2 column: 184 source: ".fb_dialog{background:rgba(82, 82, 82, .7);position:absolute;top:-10000px;z-index:10001}.fb_reset .fb_dialog_legacy{overflow:visible}.fb_dialog_advanced{padding:10px;-moz-border-radius:8px;-webkit-border-radius:8px;border-radius:8px}.fb_dialog_content{background:#fff;color:#333}.fb_dialog_close_icon{background:url(http://static.ak.fbcdn.net/rsrc.php/v2/yq/r/IE9JII6Z1Ys.png) no-repeat scroll 0 0 transparent;_background-image:url(http://static.ak.fbcdn.net/rsrc.php/v2/yL/r/s816eWC-2sl.gif);cursor:pointer;display:block;height:15px;position:absolute;right:18px;top:17px;width:15px}.fb_dialog_mobile .fb_dialog_close_icon{top:5px;left:5px;right:auto}.fb_dialog_padding{background-color:transparent;position:absolute;width:1px;z-index:-1}.fb_dialog_close_icon:hover{background:url(http://static.ak.fbcdn.net/rsrc.php/v2/yq/r/IE9JII6Z1Ys.png) no-repeat scroll 0 -15px transparent
04-27 09:38:01.201 E/GeckoConsole( 3454): [JavaScript Warning: "Expected 'none' or URL but found 'alpha('.  Error in parsing value for 'filter'.  Declaration dropped." {file: "http://m.foxlife.tv/us" line: 2 column: 2112 source: ".fb_dialog{background:rgba(82, 82, 82, .7);position:absolute;top:-10000px;z-index:10001}.fb_reset .fb_dialog_legacy{overflow:visible}.fb_dialog_advanced{padding:10px;-moz-border-radius:8px;-webkit-border-radius:8px;border-radius:8px}.fb_dialog_content{background:#fff;color:#333}.fb_dialog_close_icon{background:url(http://static.ak.fbcdn.net/rsrc.php/v2/yq/r/IE9JII6Z1Ys.png) no-repeat scroll 0 0 transparent;_background-image:url(http://static.ak.fbcdn.net/rsrc.php/v2/yL/r/s816eWC-2sl.gif);cursor:pointer;display:block;height:15px;position:absolute;right:18px;top:17px;width:15px}.fb_dialog_mobile .fb_dialog_close_icon{top:5px;left:5px;right:auto}.fb_dialog_padding{background-color:transparent;position:absolute;width:1px;z-index:-1}.fb_dialog_close_icon:hover{background:url(http://static.ak.fbcdn.net/rsrc.php/v2/yq/r/IE9JII6Z1Y
04-27 09:38:01.231 E/GeckoConsole( 3454): [JavaScript Warning: "Error in parsing value for 'background'.  Declaration dropped." {file: "http://m.foxlife.tv/us" line: 2 column: 3578 source: ".fb_dialog{background:rgba(82, 82, 82, .7);position:absolute;top:-10000px;z-index:10001}.fb_reset .fb_dialog_legacy{overflow:visible}.fb_dialog_advanced{padding:10px;-moz-border-radius:8px;-webkit-border-radius:8px;border-radius:8px}.fb_dialog_content{background:#fff;color:#333}.fb_dialog_close_icon{background:url(http://static.ak.fbcdn.net/rsrc.php/v2/yq/r/IE9JII6Z1Ys.png) no-repeat scroll 0 0 transparent;_background-image:url(http://static.ak.fbcdn.net/rsrc.php/v2/yL/r/s816eWC-2sl.gif);cursor:pointer;display:block;height:15px;position:absolute;right:18px;top:17px;width:15px}.fb_dialog_mobile .fb_dialog_close_icon{top:5px;left:5px;right:auto}.fb_dialog_padding{background-color:transparent;position:absolute;width:1px;z-index:-1}.fb_dialog_close_icon:hover{background:url(http://static.ak.fbcdn.net/rsrc.php/v2/yq/r/IE9JII6Z1Ys.png) no-repeat scroll 0 -15px transpar
04-27 09:38:01.231 E/GeckoConsole( 3454): [JavaScript Warning: "Error in parsing value for 'background'.  Declaration dropped." {file: "http://m.foxlife.tv/us" line: 2 column: 4247 source: ".fb_dialog{background:rgba(82, 82, 82, .7);position:absolute;top:-10000px;z-index:10001}.fb_reset .fb_dialog_legacy{overflow:visible}.fb_dialog_advanced{padding:10px;-moz-border-radius:8px;-webkit-border-radius:8px;border-radius:8px}.fb_dialog_content{background:#fff;color:#333}.fb_dialog_close_icon{background:url(http://static.ak.fbcdn.net/rsrc.php/v2/yq/r/IE9JII6Z1Ys.png) no-repeat scroll 0 0 transparent;_background-image:url(http://static.ak.fbcdn.net/rsrc.php/v2/yL/r/s816eWC-2sl.gif);cursor:pointer;display:block;height:15px;position:absolute;right:18px;top:17px;width:15px}.fb_dialog_mobile .fb_dialog_close_icon{top:5px;left:5px;right:auto}.fb_dialog_padding{background-color:transparent;position:absolute;width:1px;z-index:-1}.fb_dialog_close_icon:hover{background:url(http://static.ak.fbcdn.net/rsrc.php/v2/yq/r/IE9JII6Z1Ys.png) no-repeat scroll 0 -15px transpar
04-27 09:38:01.231 E/GeckoConsole( 3454): [JavaScript Warning: "Unknown property 'zoom'.  Declaration dropped." {file: "http://m.foxlife.tv/us" line: 3 column: 475 source: ".fb_iframe_widget{display:inline-block;position:relative}.fb_iframe_widget span{display:inline-block;position:relative;text-align:justify}.fb_iframe_widget iframe{position:absolute}.fb_iframe_widget_lift{z-index:1}.fb_hide_iframes iframe{position:relative;left:-10000px}.fb_iframe_widget_loader{position:relative;display:inline-block}.fb_iframe_widget_fluid{display:inline}.fb_iframe_widget_fluid span{width:100%}.fb_iframe_widget_loader iframe{min-height:32px;z-index:2;zoom:1}.fb_iframe_widget_loader .FB_Loader{background:url(http://static.ak.fbcdn.net/rsrc.php/v2/y9/r/jKEcVPZFk-2.gif) no-repeat;height:32px;width:32px;margin-left:-16px;position:absolute;left:50%;z-index:4}"}]
04-27 09:38:01.231 E/GeckoConsole( 3454): [JavaScript Warning: "Error in parsing value for 'top'.  Declaration dropped." {file: "http://m.foxlife.tv/us" line: 4 column: 845 source: ".fb_connect_bar_container div,.fb_connect_bar_container span,.fb_connect_bar_container a,.fb_connect_bar_container img,.fb_connect_bar_container strong{background:none;border-spacing:0;border:0;direction:ltr;font-style:normal;font-variant:normal;letter-spacing:normal;line-height:1;margin:0;overflow:visible;padding:0;text-align:left;text-decoration:none;text-indent:0;text-shadow:none;text-transform:none;visibility:visible;white-space:normal;word-spacing:normal;vertical-align:baseline}.fb_connect_bar_container{position:fixed;left:0 !important;right:0 !important;height:42px !important;padding:0 25px !important;margin:0 !important;vertical-align:middle !important;border-bottom:1px solid #333 !important;background:#3b5998 !important;z-index:99999999 !important;overflow:hidden !important}.fb_connect_bar_container_ie6{position:absolute;top:expression(document.compatMode=="CSS1C
04-27 09:38:02.521 I/Gonk    (   83): Setting nice for pid 3530 to 18
04-27 09:38:02.521 I/Gonk    (   83): Changed nice for pid 3530 from 18 to 18.
04-27 09:38:02.521 I/Gecko   (   83): [Parent 83] WARNING: waitpid failed pid:3530 errno:10: file ../../../gecko/ipc/chromium/src/base/process_util_posix.cc, line 254
04-27 09:38:02.521 I/Gonk    (   83): Setting nice for pid 3530 to 1
04-27 09:38:02.521 I/Gonk    (   83): Changed nice for pid 3530 from 18 to 1.
04-27 09:38:02.551 I/Gonk    (   83): Setting nice for pid 3530 to 18
04-27 09:38:02.551 I/Gonk    (   83): Changed nice for pid 3530 from 1 to 18.
04-27 09:38:02.721 I/log     ( 3540): <4>0[ 1385.197969] select 3530 ((Preallocated a), adj 8, size 3084, to kill 
04-27 09:38:02.891 E/[Gralloc-ERROR](   83): int gralloc_unregister_buffer(const gralloc_module_t*, const native_handle_t*):274 Trying to unregister buffer 0x45e3fa60 from process 83 that was not created in current process: 83
04-27 09:38:02.891 E/GeckoConsole(   83): Content JS LOG at dummy file:326 in GaiaApps.launch/appOpen/<: app with origin 'http://m.utilisima.com' has launched
04-27 09:38:02.891 W/WifiHW  (   83): wifi_command: SIGNAL_POLL
04-27 09:38:02.911 I/Gecko   (   83): 1398616682919	Marionette	INFO	sendToClient: {"from":"0","value":{"frame":{"ELEMENT":"{741608f7-5f2e-4e29-873d-fdb26c2d011d}"},"src":"http://m.utilisima.com/","name":"Utilisima","origin":"http://m.utilisima.com"}}, {80039871-4dff-42cb-b112-388bedff6111}, {80039871-4dff-42cb-b112-388bedff6111}
04-27 09:38:02.971 E/[Gralloc-ERROR](   83): int gralloc_unregister_buffer(const gralloc_module_t*, const native_handle_t*):274 Trying to unregister buffer 0x45e3fba0 from process 83 that was not created in current process: 83
04-27 09:38:03.121 I/Gecko   (   83): [Parent 83] WARNING: pipe error (152): Connection reset by peer: file ../../../gecko/ipc/chromium/src/chrome/common/ipc_channel_posix.cc, line 446
04-27 09:38:03.121 I/Gecko   (   83): 1398616683133	Marionette	DEBUG	Got request: switchToFrame, data: {"to":"0","sessionId":"3-b2g","name":"switchToFrame","parameters":{"focus":true,"element":"{741608f7-5f2e-4e29-873d-fdb26c2d011d}"}}, id: {476522e8-a04b-4d4b-a249-240fae685d97}
04-27 09:38:03.131 I/Gecko   (   83): 
04-27 09:38:03.131 I/Gecko   (   83): ###!!! [Parent][MessageChannel] Error: Channel error: cannot send/recv
04-27 09:38:03.131 I/Gecko   (   83): 
04-27 09:38:03.221 I/GeckoDump(   83): Crash reporter : Can't fetch app.reportCrashes. Exception: [Exception... "Component returned failure code: 0x8000ffff (NS_ERROR_UNEXPECTED) [nsIPrefBranch.getBoolPref]"  nsresult: "0x8000ffff (NS_ERROR_UNEXPECTED)"  location: "JS frame :: chrome://browser/content/shell.js :: shell_reportCrash :: line 7"  data: no]
04-27 09:38:03.241 I/Gecko   (   83): 1398616683252	Marionette	INFO	Switched to frame: {"frameValue":"{741608f7-5f2e-4e29-873d-fdb26c2d011d}"}
04-27 09:38:03.241 I/Gecko   (   83): [Parent 83] WARNING: waitpid failed pid:3530 errno:10: file ../../../gecko/ipc/chromium/src/base/process_util_posix.cc, line 254
04-27 09:38:03.471 I/Gecko   (   83): 1398616683483	Marionette	INFO	trying remote frame 0
04-27 09:38:03.471 I/Gecko   (   83): 1398616683485	Marionette	INFO	trying remote frame 1
04-27 09:38:03.471 I/Gecko   (   83): 1398616683486	Marionette	INFO	trying remote frame 2
04-27 09:38:03.481 I/Gecko   (   83): 1398616683487	Marionette	INFO	trying remote frame 3
04-27 09:38:03.481 I/Gecko   (   83): 1398616683490	Marionette	INFO	trying remote frame 4
04-27 09:38:03.481 I/Gecko   (   83): 1398616683491	Marionette	INFO	deleting frame
04-27 09:38:03.491 I/Gecko   (   83): 1398616683500	Marionette	INFO	frame-manager load script: [object ChromeMessageSender]
04-27 09:38:04.111 I/Gecko   (   83): 1398616684127	Marionette	INFO	sendToClient: {"from":"0","ok":true}, {476522e8-a04b-4d4b-a249-240fae685d97}, {476522e8-a04b-4d4b-a249-240fae685d97}
04-27 09:38:04.491 I/Gecko   (   83): 1398616684504	Marionette	INFO	sendToClient: {"from":"0","value":"http://m.foxlife.tv/us"}, {03a851c8-c000-414d-af0c-e9cecffbff40}, {03a851c8-c000-414d-af0c-e9cecffbff40}
04-27 09:38:04.501 I/Gecko   (   83): 1398616684511	Marionette	DEBUG	Got request: execute, data: {"to":"0","sessionId":"3-b2g","name":"executeScript","parameters":{"specialPowers":false,"scriptTimeout":null,"newSandbox":true,"args":[],"filename":"app_checker.py","script":"return window.document.readyState;","line":191}}, id: {37402f1a-0b67-48c7-918d-6538a45c508c}
04-27 09:38:04.551 I/Gecko   (   83): 1398616684567	Marionette	INFO	sendToClient: {"from":"0","value":"complete"}, {37402f1a-0b67-48c7-918d-6538a45c508c}, {37402f1a-0b67-48c7-918d-6538a45c508c}
04-27 09:38:04.561 I/Gecko   (   83): 1398616684576	Marionette	INFO	sendToClient: {"from":"0","value":"http://m.foxlife.tv/us"}, {10484a24-0028-4f60-99cb-47b32f5ade0a}, {10484a24-0028-4f60-99cb-47b32f5ade0a}
04-27 09:38:04.581 I/Gecko   ( 3454): Attempting load of libEGL.so
04-27 09:38:04.711 D/libEGL  ( 3454): loaded /system/lib/egl/libEGL_mali.so
04-27 09:38:04.751 D/libEGL  ( 3454): loaded /system/lib/egl/libGLESv1_CM_mali.so
04-27 09:38:04.751 D/libEGL  ( 3454): loaded /system/lib/egl/libGLESv2_mali.so
04-27 09:38:04.831 I/Gecko   ( 3454): SharedSurface_Gralloc::Create -------
04-27 09:38:04.871 I/Gecko   ( 3454): SharedSurface_Gralloc::Create: success -- surface 0x432b13c0, GraphicBuffer 0x43608700.
04-27 09:38:05.251 I/Gecko   (   83): [Parent 83] WARNING: waitpid failed pid:3530 errno:10: file ../../../gecko/ipc/chromium/src/base/process_util_posix.cc, line 254
04-27 09:38:05.261 I/Gecko   (   83): [Parent 83] WARNING: Failed to deliver SIGKILL to 3530!(3).: file ../../../gecko/ipc/chromium/src/chrome/common/process_watcher_posix_sigchld.cc, line 118
04-27 09:38:06.061 I/Gecko   (   83): 1398616686057	Marionette	INFO	sendToClient: {"from":"0","value":"iVBORw0KGgoAAAANSUhEUgAAAUAAAAHMCAYAAACk4nEJAAAgAElEQVR4nOy9eXwT953/v//0u/v4Xev02GzT7S4NOZueSbs9d9u06Xbbpm0IjG3MTbgTQi4gAUIICZBwJDGXhQ3mDrY5zGUMxsZgyza+7/uQb8uWbGnkQ7Ku1+8PM8NIGkmjyzae9/PxeD3A0sx8PvOZzzz1mUv6hxnTFoJCoVDkmH+Y6ApQKBTKRIUESKFQZBsSIIVCkW1IgBQKRbYhAVIoFNmGBEihUGQbEiCFQpFtZCfAOdPnQvX376Ptpamb+r/+aMLbmUJ5ECI7Ac59bA76Zz0NPfPUlE3XjGcmvJ0plAchJMApGBIghSItJMApGBIghSItJMApGBIghSItXgVYeicTjaV5PmXpL9e4Xd68H67E1nkfI3bTQZzeHY9j2+Kwa9VuvPr82y7TXj16VnT59SW5LtOv+K83UV+cIzp9/NZYfjopAtTNmA7dS4+KRj/rSdd5Zj3p+X1hZj4B3cuPQb/wP2F49QWwK34LfeT3oJsxnQRIoYxzvAqwraYQ+r5an/L2X95zWc6a/1mHm2eSoemocDtfZc4d7Hl1N2ZOX4wZ0xbitd+9g/7uKtFplZdSHJZ/K+mi6HRdjaWY98OV/HTeBKh7+TGYkg/BnJMiGv38nzhOP/NxDH20GJbqAliq7mJwywLoZj4hvvxZT2BYsQlWVS3sVis47EMsRm9fBLv4F94FSgKkUIKWkAhw85yt/Pyzpi/CqU/j0d9dLXn+4owMLP3F2Cgy8YsTbqf7YM5HmDFtId57eTN0vTWi08S8t99hfbwK8KVHYW2sgDvYV37pMD278nnYzaP3ZTZqArvsv12XO/MJjOZcc1iW3WKBta0eduMwAMDW2wH9nB+SACmUcUpIBLhr5S7MmLYQsx57BbcSxUdm3tJWW4TVv38Hc763HG11Ra
04-27 09:38:06.331 I/Gecko   (   83): 1398616686337	Marionette	INFO	sendToClient: {"from":"0","ok":true}, {9bfe2979-206d-4f23-b506-328f737a0d8a}, {9bfe2979-206d-4f23-b506-328f737a0d8a}
