04-24 00:21:14.282 I/Gecko   (   83): 1398324074294	Marionette	INFO	sendToClient: {"from":"0","value":""}, {363476e6-f6d9-4329-8121-c6d98fa4387c}, {363476e6-f6d9-4329-8121-c6d98fa4387c}
04-24 00:21:14.312 I/Gecko   (   83): 1398324074321	Marionette	INFO	sendToClient: {"from":"0","value":""}, {2195c831-e6a9-4726-b38a-9eb6a4741178}, {2195c831-e6a9-4726-b38a-9eb6a4741178}
04-24 00:21:14.322 I/Gecko   (   83): 1398324074332	Marionette	INFO	sendToClient: {"from":"0","value":""}, {1f7f510d-3173-40f9-bea2-9cb855762a92}, {1f7f510d-3173-40f9-bea2-9cb855762a92}
04-24 00:21:14.362 I/Gecko   (   83): 1398324074370	Marionette	INFO	sendToClient: {"from":"0","value":""}, {7b1eccfa-4b58-4a11-8c07-76924e189fe8}, {7b1eccfa-4b58-4a11-8c07-76924e189fe8}
04-24 00:21:14.402 I/Gecko   (   83): 1398324074415	Marionette	INFO	sendToClient: {"from":"0","value":""}, {0d07e2c7-09fe-4a27-832a-e5d58ed25b92}, {0d07e2c7-09fe-4a27-832a-e5d58ed25b92}
04-24 00:21:14.432 I/Gecko   (   83): 1398324074442	Marionette	INFO	sendToClient: {"from":"0","value":""}, {18fbfca9-7534-4ed6-b736-bf3abc78304b}, {18fbfca9-7534-4ed6-b736-bf3abc78304b}
04-24 00:21:14.482 I/Gecko   (   83): 1398324074499	Marionette	INFO	sendToClient: {"from":"0","value":""}, {1e5853cb-2ecc-4f71-9b4c-faf41db1a9d8}, {1e5853cb-2ecc-4f71-9b4c-faf41db1a9d8}
04-24 00:21:14.502 I/Gecko   (   83): 1398324074518	Marionette	INFO	sendToClient: {"from":"0","value":""}, {4b07f220-c47d-40ac-a68f-a302847abe04}, {4b07f220-c47d-40ac-a68f-a302847abe04}
04-24 00:21:14.552 I/Gecko   (   83): 1398324074567	Marionette	INFO	sendToClient: {"from":"0","value":""}, {eb27db3e-b038-4fa8-8d3e-db7675887bfb}, {eb27db3e-b038-4fa8-8d3e-db7675887bfb}
04-24 00:21:14.602 I/Gecko   (   83): 1398324074615	Marionette	INFO	sendToClient: {"from":"0","value":""}, {d100fefc-a12c-4d9d-8d2c-4480f6a4255d}, {d100fefc-a12c-4d9d-8d2c-4480f6a4255d}
04-24 00:21:14.642 I/Gecko   (   83): 1398324074653	Marionette	INFO	sendToClient: {"from":"0","value":""}, {db060ba0-4468-408b-b89e-6be9739a4f85}, {db060ba0-4468-408b-b89e-6be9739a4f85}
04-24 00:21:14.682 I/Gecko   (   83): 1398324074699	Marionette	INFO	sendToClient: {"from":"0","value":""}, {40671b72-f872-4340-b9e1-0b5683be4df0}, {40671b72-f872-4340-b9e1-0b5683be4df0}
04-24 00:21:14.742 I/Gecko   (   83): 1398324074751	Marionette	INFO	sendToClient: {"from":"0","value":""}, {0feb7b1a-ac59-45f5-871e-1dfeada6f1d4}, {0feb7b1a-ac59-45f5-871e-1dfeada6f1d4}
04-24 00:21:14.762 I/Gecko   (   83): 1398324074773	Marionette	INFO	sendToClient: {"from":"0","value":""}, {a9c3eacf-e6b7-46e6-8601-5c94cf8cf556}, {a9c3eacf-e6b7-46e6-8601-5c94cf8cf556}
04-24 00:21:14.792 I/Gecko   (   83): 1398324074801	Marionette	INFO	sendToClient: {"from":"0","value":""}, {dcfe4ee0-de0c-4932-95b5-0db28b4fd638}, {dcfe4ee0-de0c-4932-95b5-0db28b4fd638}
04-24 00:21:14.812 I/Gecko   (   83): 1398324074825	Marionette	INFO	sendToClient: {"from":"0","value":""}, {e34520c7-7b07-4d6f-8e3f-9d017199a647}, {e34520c7-7b07-4d6f-8e3f-9d017199a647}
04-24 00:21:14.842 I/Gecko   ( 2601): ###################################### forms.js loaded
04-24 00:21:14.842 I/Gecko   (   83): 1398324074853	Marionette	INFO	sendToClient: {"from":"0","value":""}, {d724fba9-b239-4d0d-8ae8-5109cb2e03a8}, {d724fba9-b239-4d0d-8ae8-5109cb2e03a8}
04-24 00:21:14.862 I/Gecko   (   83): 1398324074879	Marionette	INFO	sendToClient: {"from":"0","value":""}, {e29e1da1-cf22-43f3-b4b8-04353ab13c4c}, {e29e1da1-cf22-43f3-b4b8-04353ab13c4c}
04-24 00:21:14.902 I/Gecko   (   83): 1398324074911	Marionette	INFO	sendToClient: {"from":"0","value":""}, {d1a85135-c66a-4a1b-82c8-2ce5f1e55a6e}, {d1a85135-c66a-4a1b-82c8-2ce5f1e55a6e}
04-24 00:21:14.912 I/Gecko   ( 2601): ############################### browserElementPanning.js loaded
04-24 00:21:14.922 I/Gecko   (   83): 1398324074931	Marionette	INFO	sendToClient: {"from":"0","value":""}, {cda672e5-cb5e-4b9a-b082-78c410cb0614}, {cda672e5-cb5e-4b9a-b082-78c410cb0614}
04-24 00:21:14.932 I/Gecko   (   83): 1398324074948	Marionette	INFO	sendToClient: {"from":"0","value":""}, {00eaef92-6789-4980-aff9-1affb23fc521}, {00eaef92-6789-4980-aff9-1affb23fc521}
04-24 00:21:14.972 I/Gecko   (   83): 1398324074984	Marionette	INFO	sendToClient: {"from":"0","value":""}, {8a164fd8-e9c0-4a72-8fa2-f7c6af7e6626}, {8a164fd8-e9c0-4a72-8fa2-f7c6af7e6626}
04-24 00:21:14.972 I/Gecko   ( 2601): ######################## BrowserElementChildPreload.js loaded
04-24 00:21:15.012 I/Gecko   (   83): 1398324075022	Marionette	INFO	sendToClient: {"from":"0","value":""}, {947a8ad5-6266-46e0-80c9-08590ae345b8}, {947a8ad5-6266-46e0-80c9-08590ae345b8}
04-24 00:21:15.022 I/Gecko   (   83): 1398324075034	Marionette	INFO	sendToClient: {"from":"0","value":""}, {3e90fb13-1545-457d-a0fa-f28483bf4d4e}, {3e90fb13-1545-457d-a0fa-f28483bf4d4e}
04-24 00:21:15.052 I/Gecko   (   83): 1398324075062	Marionette	INFO	sendToClient: {"from":"0","value":""}, {fa24885b-f5c9-4ebf-a7d0-725ae071065d}, {fa24885b-f5c9-4ebf-a7d0-725ae071065d}
04-24 00:21:15.102 I/Gecko   (   83): 1398324075113	Marionette	INFO	sendToClient: {"from":"0","value":""}, {1e9c3755-d9de-49f0-886f-c14de26b7194}, {1e9c3755-d9de-49f0-886f-c14de26b7194}
04-24 00:21:15.132 I/Gecko   (   83): 1398324075141	Marionette	INFO	sendToClient: {"from":"0","value":""}, {49448b1d-f0f1-4da6-a0af-9a5227a501c4}, {49448b1d-f0f1-4da6-a0af-9a5227a501c4}
04-24 00:21:15.162 I/Gecko   (   83): 1398324075171	Marionette	INFO	sendToClient: {"from":"0","value":""}, {36608632-ea89-45e9-bff0-c77e00f09a57}, {36608632-ea89-45e9-bff0-c77e00f09a57}
04-24 00:21:15.182 I/Gecko   (   83): 1398324075199	Marionette	INFO	sendToClient: {"from":"0","value":""}, {16eb093a-2524-4743-bc27-8d1abf7a5635}, {16eb093a-2524-4743-bc27-8d1abf7a5635}
04-24 00:21:15.222 I/Gecko   (   83): 1398324075236	Marionette	INFO	sendToClient: {"from":"0","value":""}, {e87507cf-7bc4-45db-89eb-75022edab707}, {e87507cf-7bc4-45db-89eb-75022edab707}
04-24 00:21:15.272 I/Gecko   (   83): 1398324075282	Marionette	INFO	sendToClient: {"from":"0","value":""}, {16f801fd-a783-41b9-a16d-2bafc7ca1457}, {16f801fd-a783-41b9-a16d-2bafc7ca1457}
04-24 00:21:15.312 I/Gecko   (   83): 1398324075324	Marionette	INFO	sendToClient: {"from":"0","value":""}, {676d5fcd-e657-4426-9649-29d93ac517e2}, {676d5fcd-e657-4426-9649-29d93ac517e2}
04-24 00:21:15.322 W/WifiHW  (   83): wifi_command: SIGNAL_POLL
04-24 00:21:15.352 I/Gecko   (   83): 1398324075363	Marionette	INFO	sendToClient: {"from":"0","value":""}, {fdbc9bd3-97ac-4041-9cb4-1109cf1abb61}, {fdbc9bd3-97ac-4041-9cb4-1109cf1abb61}
04-24 00:21:15.392 I/Gecko   (   83): 1398324075401	Marionette	INFO	sendToClient: {"from":"0","value":""}, {60200021-6ef0-42ba-b443-c30c3b4dcda3}, {60200021-6ef0-42ba-b443-c30c3b4dcda3}
04-24 00:21:15.422 I/Gecko   (   83): 1398324075435	Marionette	INFO	sendToClient: {"from":"0","value":""}, {30fc3a5b-4d5f-4bfa-b81d-37a4cd2b3d39}, {30fc3a5b-4d5f-4bfa-b81d-37a4cd2b3d39}
04-24 00:21:15.452 I/Gecko   (   83): 1398324075462	Marionette	INFO	sendToClient: {"from":"0","value":""}, {b7b0bc00-6b34-432d-8714-ea4d1d0838cb}, {b7b0bc00-6b34-432d-8714-ea4d1d0838cb}
04-24 00:21:15.472 I/Gecko   (   83): 1398324075485	Marionette	INFO	sendToClient: {"from":"0","value":""}, {2adeebaa-34aa-4d49-956e-1a6c84228d66}, {2adeebaa-34aa-4d49-956e-1a6c84228d66}
04-24 00:21:15.512 I/Gecko   (   83): 1398324075525	Marionette	INFO	sendToClient: {"from":"0","value":""}, {a517eb90-0256-405b-b83b-5c3882eb9109}, {a517eb90-0256-405b-b83b-5c3882eb9109}
04-24 00:21:15.532 I/Gecko   (   83): 1398324075547	Marionette	INFO	sendToClient: {"from":"0","value":""}, {825fa0e0-2b9b-407a-8b85-d9ba577e1b8e}, {825fa0e0-2b9b-407a-8b85-d9ba577e1b8e}
04-24 00:21:15.592 I/Gecko   (   83): 1398324075605	Marionette	INFO	sendToClient: {"from":"0","value":""}, {ccbe2028-dd5a-4ec0-ade0-56a72f5d23a5}, {ccbe2028-dd5a-4ec0-ade0-56a72f5d23a5}
04-24 00:21:15.622 I/Gecko   (   83): 1398324075635	Marionette	INFO	sendToClient: {"from":"0","value":""}, {514ecf5d-a961-4cda-92e4-4808c3d36e4a}, {514ecf5d-a961-4cda-92e4-4808c3d36e4a}
04-24 00:21:15.662 I/Gecko   (   83): 1398324075673	Marionette	INFO	sendToClient: {"from":"0","value":""}, {43cbbf67-5258-4ee6-b2af-2dc5c425cb54}, {43cbbf67-5258-4ee6-b2af-2dc5c425cb54}
04-24 00:21:15.712 I/Gecko   (   83): 1398324075726	Marionette	INFO	sendToClient: {"from":"0","value":""}, {7bae68f7-c9bd-4223-81da-0a3dc0304cf0}, {7bae68f7-c9bd-4223-81da-0a3dc0304cf0}
04-24 00:21:15.742 I/Gecko   (   83): 1398324075757	Marionette	INFO	sendToClient: {"from":"0","value":""}, {56f4b2de-a516-4512-bc60-2826808efb9f}, {56f4b2de-a516-4512-bc60-2826808efb9f}
04-24 00:21:15.792 I/Gecko   (   83): 1398324075802	Marionette	INFO	sendToClient: {"from":"0","value":""}, {5600d402-9afe-4750-90b7-b2383a37a043}, {5600d402-9afe-4750-90b7-b2383a37a043}
04-24 00:21:15.842 I/Gecko   (   83): 1398324075854	Marionette	INFO	sendToClient: {"from":"0","value":""}, {b398ba97-95a4-46ab-a180-795cf3f6c5b6}, {b398ba97-95a4-46ab-a180-795cf3f6c5b6}
04-24 00:21:15.882 I/Gecko   (   83): 1398324075894	Marionette	INFO	sendToClient: {"from":"0","value":""}, {32bb2440-ff3a-405b-9e30-d50012e70683}, {32bb2440-ff3a-405b-9e30-d50012e70683}
04-24 00:21:15.882 I/Gecko   ( 2601): ###################################### forms.js loaded
04-24 00:21:15.922 I/Gecko   (   83): 1398324075935	Marionette	INFO	sendToClient: {"from":"0","value":""}, {a08d71d2-270b-4d94-a9b0-91d789962a86}, {a08d71d2-270b-4d94-a9b0-91d789962a86}
04-24 00:21:15.942 I/Gecko   ( 2601): ############################### browserElementPanning.js loaded
04-24 00:21:15.942 I/Gecko   (   83): 1398324075958	Marionette	INFO	sendToClient: {"from":"0","value":""}, {75a13d48-66de-4678-8793-047dbbec9d40}, {75a13d48-66de-4678-8793-047dbbec9d40}
04-24 00:21:16.002 I/Gecko   (   83): 1398324076013	Marionette	INFO	sendToClient: {"from":"0","value":""}, {b5ed7e85-2455-4107-94ed-a65c360b4a69}, {b5ed7e85-2455-4107-94ed-a65c360b4a69}
04-24 00:21:16.062 I/Gecko   (   83): 1398324076071	Marionette	INFO	sendToClient: {"from":"0","value":""}, {5670ae2d-ef3e-4beb-b46b-9957d2b251be}, {5670ae2d-ef3e-4beb-b46b-9957d2b251be}
04-24 00:21:16.092 I/Gecko   ( 2601): ######################## BrowserElementChildPreload.js loaded
04-24 00:21:16.112 I/Gecko   (   83): 1398324076127	Marionette	INFO	sendToClient: {"from":"0","value":""}, {0606838f-512a-432a-8a7d-b51564d6842b}, {0606838f-512a-432a-8a7d-b51564d6842b}
04-24 00:21:16.162 I/GeckoDump(   83): XXX FIXME : Got a mozContentEvent: undefined
04-24 00:21:16.162 I/Gecko   (   83): 1398324076175	Marionette	INFO	sendToClient: {"from":"0","value":""}, {64353ba9-5da7-46ee-b405-61dc1a34243d}, {64353ba9-5da7-46ee-b405-61dc1a34243d}
04-24 00:21:16.252 I/Gecko   (   83): 1398324076265	Marionette	INFO	sendToClient: {"from":"0","value":""}, {3588d562-3036-469c-964d-88b8289449d0}, {3588d562-3036-469c-964d-88b8289449d0}
04-24 00:21:16.372 I/Gecko   (   83): 1398324076380	Marionette	INFO	sendToClient: {"from":"0","value":""}, {01b5fe3c-4ea9-4914-aff0-28ca470522a7}, {01b5fe3c-4ea9-4914-aff0-28ca470522a7}
04-24 00:21:16.452 I/Gecko   (   83): 1398324076459	Marionette	INFO	sendToClient: {"from":"0","value":""}, {8fcaf28d-2c43-4a8d-959d-c29aa5a2d83a}, {8fcaf28d-2c43-4a8d-959d-c29aa5a2d83a}
04-24 00:21:16.472 I/Gecko   (   83): 1398324076484	Marionette	INFO	sendToClient: {"from":"0","value":""}, {3e05b512-7830-4e6e-ba4e-6723e5821a8a}, {3e05b512-7830-4e6e-ba4e-6723e5821a8a}
04-24 00:21:16.552 I/Gecko   (   83): 1398324076568	Marionette	INFO	sendToClient: {"from":"0","value":""}, {f26988e4-8e5c-4532-9146-f06b32f7876c}, {f26988e4-8e5c-4532-9146-f06b32f7876c}
04-24 00:21:17.062 I/Gecko   (   83): 1398324077078	Marionette	INFO	sendToClient: {"from":"0","value":""}, {a6012c88-5a64-49b1-a8ec-6a33fcb141a2}, {a6012c88-5a64-49b1-a8ec-6a33fcb141a2}
04-24 00:21:17.092 I/Gecko   (   83): 1398324077102	Marionette	INFO	sendToClient: {"from":"0","value":""}, {90959cfa-fdd9-4782-8b39-9d7aac8ca081}, {90959cfa-fdd9-4782-8b39-9d7aac8ca081}
04-24 00:21:17.182 I/Gecko   (   83): 1398324077196	Marionette	INFO	sendToClient: {"from":"0","value":""}, {d82ae8cd-4369-420e-98a9-5e5efb0ac041}, {d82ae8cd-4369-420e-98a9-5e5efb0ac041}
04-24 00:21:17.232 I/Gecko   (   83): 1398324077249	Marionette	INFO	sendToClient: {"from":"0","value":""}, {20c7f3b5-d62e-41b6-8750-103c1b580c0e}, {20c7f3b5-d62e-41b6-8750-103c1b580c0e}
04-24 00:21:17.252 I/Gecko   (   83): 1398324077267	Marionette	DEBUG	Got request: switchToFrame, data: {"to":"0","sessionId":"3-b2g","name":"switchToFrame","parameters":{"id":null,"focus":true}}, id: {869465f1-0971-43ea-a39e-5256326b0ddc}
04-24 00:21:17.262 I/Gecko   (   83): 1398324077270	Marionette	INFO	Switched to frame: {"frameValue":null}
04-24 00:21:17.362 I/Gecko   (   83): 1398324077373	Marionette	INFO	sendToClient: {"from":"0","ok":true}, {869465f1-0971-43ea-a39e-5256326b0ddc}, {869465f1-0971-43ea-a39e-5256326b0ddc}
04-24 00:21:17.372 I/Gecko   (   83): 1398324077381	Marionette	DEBUG	Got request: switchToFrame, data: {"to":"0","sessionId":"3-b2g","name":"switchToFrame","parameters":{"id":null,"focus":true}}, id: {6164e8ac-7433-4368-bc80-8f4581abaf9c}
04-24 00:21:17.372 I/Gecko   (   83): 1398324077383	Marionette	INFO	Switched to frame: {"frameValue":null}
04-24 00:21:17.432 I/Gonk    (   83): Setting nice for pid 2621 to 18
04-24 00:21:17.432 I/Gonk    (   83): Changed nice for pid 2621 from 0 to 18.
04-24 00:21:17.612 I/Gecko   (   83): 1398324077621	Marionette	INFO	sendToClient: {"from":"0","ok":true}, {6164e8ac-7433-4368-bc80-8f4581abaf9c}, {6164e8ac-7433-4368-bc80-8f4581abaf9c}
04-24 00:21:17.622 E/GeckoConsole( 2601): [JavaScript Error: "uncaught exception: target window is same as present window -- not allowed"]
04-24 00:21:17.622 I/Gecko   (   83): 1398324077637	Marionette	DEBUG	Got request: executeWithCallback, data: {"to":"0","sessionId":"3-b2g","name":"executeAsyncScript","parameters":{"specialPowers":false,"scriptTimeout":null,"newSandbox":true,"args":[],"filename":"gaia_test.py","script":"return GaiaApps.displayedApp();","line":66}}, id: {d6779656-ad2a-4c25-af9b-d977c160165d}
04-24 00:21:17.782 I/Gecko   (   83): 1398324077797	Marionette	INFO	sendToClient: {"from":"0","value":{"frame":{"ELEMENT":"{2a1577a7-7333-443f-b092-c9b25ec37a61}"},"src":"app://browser.gaiamobile.org/index.html","name":"Browser","origin":"app://browser.gaiamobile.org"}}, {d6779656-ad2a-4c25-af9b-d977c160165d}, {d6779656-ad2a-4c25-af9b-d977c160165d}
04-24 00:21:17.792 E/GeckoConsole(   83): Content JS LOG at dummy file:392 in GaiaApps.displayedApp: app with origin 'app://browser.gaiamobile.org' is displayed
04-24 00:21:17.832 I/Gecko   (   83): 1398324077847	Marionette	DEBUG	Got request: switchToFrame, data: {"to":"0","sessionId":"3-b2g","name":"switchToFrame","parameters":{"focus":true,"element":"{2a1577a7-7333-443f-b092-c9b25ec37a61}"}}, id: {96e61847-bd90-456e-9eef-485d8cd36c1f}
04-24 00:21:17.842 I/Gecko   (   83): 1398324077854	Marionette	INFO	Switched to frame: {"frameValue":"{2a1577a7-7333-443f-b092-c9b25ec37a61}"}
04-24 00:21:17.962 I/Gecko   (   83): 1398324077974	Marionette	INFO	sendToClient: {"from":"0","ok":true}, {96e61847-bd90-456e-9eef-485d8cd36c1f}, {96e61847-bd90-456e-9eef-485d8cd36c1f}
04-24 00:21:18.012 I/GeckoDump(   83): XXX FIXME : Got a mozContentEvent: undefined
04-24 00:21:18.202 I/Gecko   (   83): 1398324078214	Marionette	INFO	sendToClient: {"from":"0","value":"https://marketplace.firefox.com/"}, {19750ac8-70e2-4e19-837c-ff80d0445470}, {19750ac8-70e2-4e19-837c-ff80d0445470}
04-24 00:21:18.562 I/Gecko   ( 2601): WARNING: child tried to open http IPDL channel w/o security info
04-24 00:21:18.562 I/Gecko   ( 2601): WARNING: child tried to open http IPDL channel w/o security info
04-24 00:21:18.562 I/Gecko   ( 2601): WARNING: child tried to open http IPDL channel w/o security info
04-24 00:21:18.562 I/Gecko   ( 2601): WARNING: child tried to open http IPDL channel w/o security info
04-24 00:21:18.562 I/Gecko   ( 2601): WARNING: child tried to open http IPDL channel w/o security info
04-24 00:21:18.562 I/Gecko   ( 2601): WARNING: child tried to open http IPDL channel w/o security info
04-24 00:21:18.562 I/Gecko   ( 2601): WARNING: child tried to open http IPDL channel w/o security info
04-24 00:21:18.562 I/Gecko   ( 2601): WARNING: child tried to open http IPDL channel w/o security info
04-24 00:21:18.562 I/Gecko   ( 2601): WARNING: child tried to open http IPDL channel w/o security info
04-24 00:21:18.562 I/Gecko   ( 2601): WARNING: child tried to open http IPDL channel w/o security info
04-24 00:21:18.562 I/Gecko   ( 2601): WARNING: child tried to open http IPDL channel w/o security info
04-24 00:21:18.572 E/GeckoConsole(   83): Content JS LOG at https://marketplace.cdn.mozilla.net/media/fireplace/js/include.js?b=1398192110201:5 in s/<: [mkt] Reloading chrome
04-24 00:21:18.632 I/Gecko   (   83): [Parent 83] WARNING: waitpid failed pid:2601 errno:10: file ../../../gecko/ipc/chromium/src/base/process_util_posix.cc, line 254
04-24 00:21:18.642 I/Gecko   (   83): 1398324078655	Marionette	DEBUG	Got request: execute, data: {"to":"0","sessionId":"3-b2g","name":"executeScript","parameters":{"specialPowers":false,"scriptTimeout":null,"newSandbox":true,"args":[],"filename":"app_checker.py","script":"return window.wrappedJSObject.marionette_install_result","line":339}}, id: {502e8fd0-bbd4-4dbc-87d7-282d87d4e05c}
04-24 00:21:18.712 I/Gecko   (   83): 1398324078723	Marionette	INFO	sendToClient: {"from":"0","value":null}, {502e8fd0-bbd4-4dbc-87d7-282d87d4e05c}, {502e8fd0-bbd4-4dbc-87d7-282d87d4e05c}