--------- beginning of /dev/log/main
04-27 11:00:19.631 I/Gecko   (   83): 1398621619642	Marionette	INFO	sendToClient: {"from":"0","ok":true}, {0156da76-36e4-45d5-8c9e-861bed1d7337}, {0156da76-36e4-45d5-8c9e-861bed1d7337}
04-27 11:00:19.661 I/Gecko   (   83): 1398621619675	Marionette	DEBUG	Got request: switchToFrame, data: {"to":"0","sessionId":"3-b2g","name":"switchToFrame","parameters":{"id":null,"focus":true}}, id: {5a3e0785-2246-4f32-86fc-9edc6d4dbd27}
04-27 11:00:19.661 I/Gecko   (   83): 1398621619677	Marionette	INFO	Switched to frame: {"frameValue":null}
04-27 11:00:19.771 I/Gecko   (   83): 1398621619780	Marionette	INFO	sendToClient: {"from":"0","ok":true}, {5a3e0785-2246-4f32-86fc-9edc6d4dbd27}, {5a3e0785-2246-4f32-86fc-9edc6d4dbd27}
04-27 11:00:19.771 I/Gecko   (   83): 1398621619788	Marionette	DEBUG	Got request: executeWithCallback, data: {"to":"0","sessionId":"3-b2g","name":"executeAsyncScript","parameters":{"specialPowers":false,"scriptTimeout":null,"newSandbox":true,"args":[],"filename":"gaia_test.py","script":"return GaiaApps.displayedApp();","line":66}}, id: {6d0a2799-a960-4274-9d2e-138c0a3f75f4}
04-27 11:00:19.871 E/GeckoConsole(   83): Content JS LOG at dummy file:392 in GaiaApps.displayedApp: app with origin 'app://homescreen.gaiamobile.org' is displayed
04-27 11:00:19.871 I/Gecko   (   83): 1398621619882	Marionette	INFO	sendToClient: {"from":"0","value":{"frame":{"ELEMENT":"{03446582-d1a2-4b02-94bb-4b5d722b6eec}"},"src":"app://homescreen.gaiamobile.org/index.html#root","name":"Homescreen","origin":"app://homescreen.gaiamobile.org"}}, {6d0a2799-a960-4274-9d2e-138c0a3f75f4}, {6d0a2799-a960-4274-9d2e-138c0a3f75f4}
04-27 11:00:19.881 I/Gecko   (   83): 1398621619897	Marionette	DEBUG	Got request: switchToFrame, data: {"to":"0","sessionId":"3-b2g","name":"switchToFrame","parameters":{"id":null,"focus":true}}, id: {26e405a7-7a95-4321-b6d0-351c7e5b57b3}
04-27 11:00:19.891 I/Gecko   (   83): 1398621619901	Marionette	INFO	Switched to frame: {"frameValue":null}
04-27 11:00:20.001 I/Gecko   (   83): 1398621620010	Marionette	INFO	sendToClient: {"from":"0","ok":true}, {26e405a7-7a95-4321-b6d0-351c7e5b57b3}, {26e405a7-7a95-4321-b6d0-351c7e5b57b3}
04-27 11:00:20.001 I/Gecko   (   83): 1398621620016	Marionette	DEBUG	Got request: switchToFrame, data: {"to":"0","sessionId":"3-b2g","name":"switchToFrame","parameters":{"id":null,"focus":true}}, id: {cbd4812c-b0d1-4af5-a7d0-862c2592723a}
04-27 11:00:20.001 I/Gecko   (   83): 1398621620018	Marionette	INFO	Switched to frame: {"frameValue":null}
04-27 11:00:20.111 I/Gecko   (   83): 1398621620121	Marionette	INFO	sendToClient: {"from":"0","ok":true}, {cbd4812c-b0d1-4af5-a7d0-862c2592723a}, {cbd4812c-b0d1-4af5-a7d0-862c2592723a}
04-27 11:00:20.111 I/Gecko   (   83): 1398621620128	Marionette	DEBUG	Got request: executeWithCallback, data: {"to":"0","sessionId":"3-b2g","name":"executeAsyncScript","parameters":{"specialPowers":false,"scriptTimeout":null,"newSandbox":true,"args":[],"filename":"gaia_test.py","script":"return GaiaApps.displayedApp();","line":66}}, id: {b95e0059-fcdf-4ec2-a04e-3689f080d839}
04-27 11:00:20.171 I/Gecko   (   83): 1398621620187	Marionette	INFO	sendToClient: {"from":"0","value":{"frame":{"ELEMENT":"{03446582-d1a2-4b02-94bb-4b5d722b6eec}"},"src":"app://homescreen.gaiamobile.org/index.html#root","name":"Homescreen","origin":"app://homescreen.gaiamobile.org"}}, {b95e0059-fcdf-4ec2-a04e-3689f080d839}, {b95e0059-fcdf-4ec2-a04e-3689f080d839}
04-27 11:00:20.181 I/Gecko   (   83): 1398621620193	Marionette	DEBUG	Got request: switchToFrame, data: {"to":"0","sessionId":"3-b2g","name":"switchToFrame","parameters":{"focus":true,"element":"{03446582-d1a2-4b02-94bb-4b5d722b6eec}"}}, id: {1a1215b7-9621-43c2-af49-5b54a7b7f04e}
04-27 11:00:20.191 I/Gecko   (   83): 1398621620204	Marionette	INFO	Switched to frame: {"frameValue":"{03446582-d1a2-4b02-94bb-4b5d722b6eec}"}
04-27 11:00:20.201 E/GeckoConsole(   83): Content JS LOG at dummy file:392 in GaiaApps.displayedApp: app with origin 'app://homescreen.gaiamobile.org' is displayed
04-27 11:00:20.201 I/Gecko   (   83): 1398621620213	Marionette	INFO	trying remote frame 0
04-27 11:00:20.201 I/Gecko   (   83): 1398621620218	Marionette	INFO	trying remote frame 1
04-27 11:00:20.211 I/Gecko   (   83): 1398621620219	Marionette	INFO	trying remote frame 2
04-27 11:00:20.211 I/Gecko   (   83): 1398621620221	Marionette	INFO	trying remote frame 3
04-27 11:00:20.211 I/Gecko   (   83): 1398621620221	Marionette	INFO	deleting frame
04-27 11:00:20.211 I/Gecko   (   83): 1398621620226	Marionette	INFO	frame-manager load script: [object ChromeMessageSender]
04-27 11:00:20.581 I/Gecko   (   83): 1398621620591	Marionette	INFO	sendToClient: {"from":"0","ok":true}, {1a1215b7-9621-43c2-af49-5b54a7b7f04e}, {1a1215b7-9621-43c2-af49-5b54a7b7f04e}
04-27 11:00:20.781 I/Gecko   (   83): 1398621620792	Marionette	INFO	sendToClient: {"from":"0","value":{"ELEMENT":"{1964897e-a40c-47a6-8967-e9e4b0ab422d}"}}, {35327636-8d0c-4200-a4f9-0d2faf300803}, {35327636-8d0c-4200-a4f9-0d2faf300803}
04-27 11:00:20.941 E/GeckoConsole( 1940): [JavaScript Warning: "Use of getAttributeNode() is deprecated. Use getAttribute() instead." {file: "chrome://marionette/content/atoms.js" line: 25}]
04-27 11:00:20.951 E/GeckoConsole( 1940): [JavaScript Warning: "Use of attributes' specified attribute is deprecated. It always returns true." {file: "chrome://marionette/content/atoms.js" line: 25}]
04-27 11:00:20.961 I/Gecko   (   83): 1398621620969	Marionette	INFO	sendToClient: {"from":"0","value":"normal"}, {5a941444-c637-4d0a-b5ef-03277bbfef97}, {5a941444-c637-4d0a-b5ef-03277bbfef97}
04-27 11:00:20.961 I/Gecko   (   83): 1398621620976	Marionette	DEBUG	Got request: switchToFrame, data: {"to":"0","sessionId":"3-b2g","name":"switchToFrame","parameters":{"id":null,"focus":true}}, id: {a4cb58ae-3d9f-4cfa-8744-a93caa3e2f57}
04-27 11:00:20.981 I/Gecko   (   83): 1398621620991	Marionette	INFO	Switched to frame: {"frameValue":null}
04-27 11:00:21.081 I/Gecko   (   83): 1398621621093	Marionette	INFO	sendToClient: {"from":"0","ok":true}, {a4cb58ae-3d9f-4cfa-8744-a93caa3e2f57}, {a4cb58ae-3d9f-4cfa-8744-a93caa3e2f57}
04-27 11:00:21.091 I/Gecko   (   83): 1398621621101	Marionette	DEBUG	Got request: execute, data: {"to":"0","sessionId":"3-b2g","name":"executeScript","parameters":{"specialPowers":false,"scriptTimeout":null,"newSandbox":true,"args":[],"filename":"gaia_test.py","script":"window.wrappedJSObject.dispatchEvent(new Event('home'));","line":788}}, id: {358c9a21-59dd-4903-be99-039a02294556}
04-27 11:00:21.161 I/Gecko   (   83): 1398621621179	Marionette	INFO	sendToClient: {"from":"0","value":null}, {358c9a21-59dd-4903-be99-039a02294556}, {358c9a21-59dd-4903-be99-039a02294556}
04-27 11:00:21.171 I/Gecko   (   83): 1398621621189	Marionette	DEBUG	Got request: switchToFrame, data: {"to":"0","sessionId":"3-b2g","name":"switchToFrame","parameters":{"id":null,"focus":true}}, id: {c0bc3d73-6e52-47cb-a6b5-b2a6a214eeef}
04-27 11:00:21.181 I/Gecko   (   83): 1398621621196	Marionette	INFO	Switched to frame: {"frameValue":null}
04-27 11:00:21.291 I/Gecko   (   83): 1398621621302	Marionette	INFO	sendToClient: {"from":"0","ok":true}, {c0bc3d73-6e52-47cb-a6b5-b2a6a214eeef}, {c0bc3d73-6e52-47cb-a6b5-b2a6a214eeef}
04-27 11:00:21.291 I/Gecko   (   83): 1398621621309	Marionette	DEBUG	Got request: switchToFrame, data: {"to":"0","sessionId":"3-b2g","name":"switchToFrame","parameters":{"id":null,"focus":true}}, id: {f5a356ab-42eb-4d99-8b36-7da08c12fceb}
04-27 11:00:21.301 I/Gecko   (   83): 1398621621311	Marionette	INFO	Switched to frame: {"frameValue":null}
04-27 11:00:21.411 I/Gecko   (   83): 1398621621421	Marionette	INFO	sendToClient: {"from":"0","ok":true}, {f5a356ab-42eb-4d99-8b36-7da08c12fceb}, {f5a356ab-42eb-4d99-8b36-7da08c12fceb}
04-27 11:00:21.421 I/Gecko   (   83): 1398621621432	Marionette	DEBUG	Got request: executeWithCallback, data: {"to":"0","sessionId":"3-b2g","name":"executeAsyncScript","parameters":{"specialPowers":false,"scriptTimeout":null,"newSandbox":true,"args":[],"filename":"gaia_test.py","script":"return GaiaApps.displayedApp();","line":66}}, id: {303dc58b-8d44-42e3-95e8-dfd11b99be1c}
04-27 11:00:21.491 I/Gecko   (   83): 1398621621501	Marionette	INFO	sendToClient: {"from":"0","value":{"frame":{"ELEMENT":"{03446582-d1a2-4b02-94bb-4b5d722b6eec}"},"src":"app://homescreen.gaiamobile.org/index.html#rootSun%20Apr%2027%202014%2011:00:21%20GMT-0700%20(UTC)","name":"Homescreen","origin":"app://homescreen.gaiamobile.org"}}, {303dc58b-8d44-42e3-95e8-dfd11b99be1c}, {303dc58b-8d44-42e3-95e8-dfd11b99be1c}
04-27 11:00:21.491 E/GeckoConsole(   83): Content JS LOG at dummy file:392 in GaiaApps.displayedApp: app with origin 'app://homescreen.gaiamobile.org' is displayed
04-27 11:00:21.501 I/Gecko   (   83): 1398621621518	Marionette	DEBUG	Got request: switchToFrame, data: {"to":"0","sessionId":"3-b2g","name":"switchToFrame","parameters":{"focus":true,"element":"{03446582-d1a2-4b02-94bb-4b5d722b6eec}"}}, id: {4a1abae4-cec3-4f35-b168-4a1dd94fbc8b}
04-27 11:00:21.511 I/Gecko   (   83): 1398621621525	Marionette	INFO	Switched to frame: {"frameValue":"{03446582-d1a2-4b02-94bb-4b5d722b6eec}"}
04-27 11:00:21.521 I/Gecko   (   83): 1398621621533	Marionette	INFO	trying remote frame 0
04-27 11:00:21.521 I/Gecko   (   83): 1398621621535	Marionette	INFO	trying remote frame 1
04-27 11:00:21.521 I/Gecko   (   83): 1398621621536	Marionette	INFO	trying remote frame 2
04-27 11:00:21.521 I/Gecko   (   83): 1398621621537	Marionette	INFO	trying remote frame 3
04-27 11:00:21.801 I/Gecko   (   83): 1398621621818	Marionette	INFO	sendToClient: {"from":"0","ok":true}, {4a1abae4-cec3-4f35-b168-4a1dd94fbc8b}, {4a1abae4-cec3-4f35-b168-4a1dd94fbc8b}
04-27 11:00:21.811 I/Gecko   (   83): 1398621621827	Marionette	DEBUG	Got request: execute, data: {"to":"0","sessionId":"3-b2g","name":"executeScript","parameters":{"specialPowers":false,"scriptTimeout":null,"newSandbox":true,"args":[],"filename":"gaia_test.py","script":"return window.wrappedJSObject.GridManager.pageHelper.getCurrentPageNumber();","line":784}}, id: {2ef502ab-abad-4f89-9315-3d2f2f353855}
04-27 11:00:21.921 I/Gecko   (   83): 1398621621937	Marionette	INFO	sendToClient: {"from":"0","value":0}, {2ef502ab-abad-4f89-9315-3d2f2f353855}, {2ef502ab-abad-4f89-9315-3d2f2f353855}
04-27 11:00:22.211 I/Gecko   (   83): 1398621622228	Marionette	INFO	sendToClient: {"from":"0","value":["{7307adc3-4619-4627-b167-3048d1051593}","{d0b9eeec-4702-4ebd-89dc-16752886683e}","{521821d2-a60d-4216-8260-f67ea3d7ea66}","{ff0ee58e-1df4-41c8-a3cb-bd5d2b469fa3}","{56521da8-df04-4015-8211-485e41696b87}","{7b8913e1-8d96-4a83-8490-59a72ae540a0}","{981a89f8-2bf1-4817-aa90-e91446fdff06}","{7918c4a1-618c-4833-b8cb-d3015da936a2}","{f648bbe6-a911-4dbf-8caf-0dfea137e402}","{178a07b8-a31d-45ad-8481-ac3025396d38}","{06e4b66d-86a3-478a-93e5-4698e6fc9944}","{466cd096-027f-472b-ac40-7ff8bcb88c3c}","{99eca1aa-cd30-4d36-a98d-a767bffdc144}","{6eb71cf2-58d5-4d04-922c-51d0a73a04d0}","{7c79ef78-3752-4090-af1a-b3accea90fc9}","{0f30b949-50f9-472d-9ce8-9245d9c47adf}","{03bf2ed2-7c8f-43f7-b541-72567b6df2d1}","{ca5001bf-0799-4578-99fe-378ccdf08e30}","{ab5f0c87-a5d3-444a-8252-654869a1dfeb}","{a934663c-5c52-43dd-91b6-ba24f803d8ed}","{7487302d-b0bc-41ac-893a-8313520ac091}","{13fee50c-d52d-46a3-b8d0-30cc42cba10d}","{5ad1b955-1539-4ae3-9d54-2a1519741866}","{c1ec25a6-3add
04-27 11:00:23.421 I/Gecko   (   83): 1398621623434	Marionette	INFO	sendToClient: {"from":"0","value":"app://homescreen.gaiamobile.org/index.html#rootSun%20Apr%2027%202014%2011:00:21%20GMT-0700%20(UTC)"}, {b9a858a4-aae9-4e5b-bbfb-3933e4026cd7}, {b9a858a4-aae9-4e5b-bbfb-3933e4026cd7}
04-27 11:00:23.431 I/Gecko   (   83): 1398621623441	Marionette	DEBUG	Got request: switchToFrame, data: {"to":"0","sessionId":"3-b2g","name":"switchToFrame","parameters":{"id":null,"focus":true}}, id: {c647af5a-00a5-4bd7-82a8-5a945ae17f15}
04-27 11:00:23.441 I/Gecko   (   83): 1398621623455	Marionette	INFO	Switched to frame: {"frameValue":null}
04-27 11:00:23.531 E/GeckoConsole( 1940): Content JS WARN at app://homescreen.gaiamobile.org/gaia_build_defer_index.js:184 in isHiddenApp: Unexpected role when checking hidden app: undefined
04-27 11:00:23.531 E/GeckoConsole( 1940): Content JS WARN at app://homescreen.gaiamobile.org/gaia_build_defer_index.js:184 in isHiddenApp: Unexpected role when checking hidden app: undefined
04-27 11:00:23.531 E/GeckoConsole( 1940): Content JS WARN at app://homescreen.gaiamobile.org/gaia_build_defer_index.js:184 in isHiddenApp: Unexpected role when checking hidden app: undefined
04-27 11:00:23.531 E/GeckoConsole( 1940): Content JS WARN at app://homescreen.gaiamobile.org/gaia_build_defer_index.js:184 in isHiddenApp: Unexpected role when checking hidden app: undefined
04-27 11:00:23.541 E/GeckoConsole( 1940): Content JS WARN at app://homescreen.gaiamobile.org/gaia_build_defer_index.js:184 in isHiddenApp: Unexpected role when checking hidden app: undefined
04-27 11:00:23.541 E/GeckoConsole( 1940): Content JS WARN at app://homescreen.gaiamobile.org/gaia_build_defer_index.js:184 in isHiddenApp: Unexpected role when checking hidden app: undefined
04-27 11:00:23.541 E/GeckoConsole( 1940): Content JS WARN at app://homescreen.gaiamobile.org/gaia_build_defer_index.js:184 in isHiddenApp: Unexpected role when checking hidden app: undefined
04-27 11:00:23.541 E/GeckoConsole( 1940): Content JS WARN at app://homescreen.gaiamobile.org/gaia_build_defer_index.js:184 in isHiddenApp: Unexpected role when checking hidden app: undefined
04-27 11:00:23.541 E/GeckoConsole( 1940): Content JS WARN at app://homescreen.gaiamobile.org/gaia_build_defer_index.js:184 in isHiddenApp: Unexpected role when checking hidden app: undefined
04-27 11:00:23.541 E/GeckoConsole( 1940): Content JS WARN at app://homescreen.gaiamobile.org/gaia_build_defer_index.js:184 in isHiddenApp: Unexpected role when checking hidden app: undefined
04-27 11:00:23.541 E/GeckoConsole( 1940): Content JS WARN at app://homescreen.gaiamobile.org/gaia_build_defer_index.js:184 in isHiddenApp: Unexpected role when checking hidden app: undefined
04-27 11:00:23.541 E/GeckoConsole( 1940): Content JS WARN at app://homescreen.gaiamobile.org/gaia_build_defer_index.js:184 in isHiddenApp: Unexpected role when checking hidden app: undefined
04-27 11:00:23.541 E/GeckoConsole( 1940): Content JS WARN at app://homescreen.gaiamobile.org/gaia_build_defer_index.js:184 in isHiddenApp: Unexpected role when checking hidden app: undefined
04-27 11:00:23.541 E/GeckoConsole( 1940): Content JS WARN at app://homescreen.gaiamobile.org/gaia_build_defer_index.js:184 in isHiddenApp: Unexpected role when checking hidden app: undefined
04-27 11:00:23.541 E/GeckoConsole( 1940): Content JS WARN at app://homescreen.gaiamobile.org/gaia_build_defer_index.js:184 in isHiddenApp: Unexpected role when checking hidden app: undefined
04-27 11:00:23.541 E/GeckoConsole( 1940): Content JS WARN at app://homescreen.gaiamobile.org/gaia_build_defer_index.js:184 in isHiddenApp: Unexpected role when checking hidden app: undefined
04-27 11:00:23.551 E/GeckoConsole( 1940): Content JS WARN at app://homescreen.gaiamobile.org/gaia_build_defer_index.js:184 in isHiddenApp: Unexpected role when checking hidden app: undefined
04-27 11:00:23.551 E/GeckoConsole( 1940): Content JS WARN at app://homescreen.gaiamobile.org/gaia_build_defer_index.js:184 in isHiddenApp: Unexpected role when checking hidden app: undefined
04-27 11:00:23.551 E/GeckoConsole( 1940): Content JS WARN at app://homescreen.gaiamobile.org/gaia_build_defer_index.js:184 in isHiddenApp: Unexpected role when checking hidden app: undefined
04-27 11:00:23.551 E/GeckoConsole( 1940): Content JS WARN at app://homescreen.gaiamobile.org/gaia_build_defer_index.js:184 in isHiddenApp: Unexpected role when checking hidden app: undefined
04-27 11:00:23.551 E/GeckoConsole( 1940): Content JS WARN at app://homescreen.gaiamobile.org/gaia_build_defer_index.js:184 in isHiddenApp: Unexpected role when checking hidden app: undefined
04-27 11:00:23.551 E/GeckoConsole( 1940): Content JS WARN at app://homescreen.gaiamobile.org/gaia_build_defer_index.js:184 in isHiddenApp: Unexpected role when checking hidden app: undefined
04-27 11:00:23.551 E/GeckoConsole( 1940): Content JS WARN at app://homescreen.gaiamobile.org/gaia_build_defer_index.js:184 in isHiddenApp: Unexpected role when checking hidden app: undefined
04-27 11:00:23.551 E/GeckoConsole( 1940): Content JS WARN at app://homescreen.gaiamobile.org/gaia_build_defer_index.js:184 in isHiddenApp: Unexpected role when checking hidden app: undefined
04-27 11:00:23.551 E/GeckoConsole( 1940): Content JS WARN at app://homescreen.gaiamobile.org/gaia_build_defer_index.js:184 in isHiddenApp: Unexpected role when checking hidden app: undefined
04-27 11:00:23.551 E/GeckoConsole( 1940): Content JS WARN at app://homescreen.gaiamobile.org/gaia_build_defer_index.js:184 in isHiddenApp: Unexpected role when checking hidden app: undefined
04-27 11:00:23.551 E/GeckoConsole( 1940): Content JS WARN at app://homescreen.gaiamobile.org/gaia_build_defer_index.js:184 in isHiddenApp: Unexpected role when checking hidden app: undefined
04-27 11:00:23.551 E/GeckoConsole( 1940): Content JS WARN at app://homescreen.gaiamobile.org/gaia_build_defer_index.js:184 in isHiddenApp: Unexpected role when checking hidden app: undefined
04-27 11:00:23.561 I/Gecko   (   83): 1398621623571	Marionette	INFO	sendToClient: {"from":"0","ok":true}, {c647af5a-00a5-4bd7-82a8-5a945ae17f15}, {c647af5a-00a5-4bd7-82a8-5a945ae17f15}
04-27 11:00:23.561 E/GeckoConsole( 1940): Content JS WARN at app://homescreen.gaiamobile.org/gaia_build_defer_index.js:184 in isHiddenApp: Unexpected role when checking hidden app: undefined
04-27 11:00:23.561 I/Gecko   (   83): 1398621623578	Marionette	DEBUG	Got request: switchToFrame, data: {"to":"0","sessionId":"3-b2g","name":"switchToFrame","parameters":{"id":null,"focus":true}}, id: {3a32c4df-b8e2-44af-8b90-925712d5b233}
04-27 11:00:23.571 E/GeckoConsole( 1940): Content JS WARN at app://homescreen.gaiamobile.org/gaia_build_defer_index.js:184 in isHiddenApp: Unexpected role when checking hidden app: undefined
04-27 11:00:23.571 I/Gecko   (   83): 1398621623580	Marionette	INFO	Switched to frame: {"frameValue":null}
04-27 11:00:23.571 E/GeckoConsole( 1940): Content JS WARN at app://homescreen.gaiamobile.org/gaia_build_defer_index.js:184 in isHiddenApp: Unexpected role when checking hidden app: undefined
04-27 11:00:23.571 E/GeckoConsole( 1940): Content JS WARN at app://homescreen.gaiamobile.org/gaia_build_defer_index.js:184 in isHiddenApp: Unexpected role when checking hidden app: undefined
04-27 11:00:23.571 E/GeckoConsole( 1940): Content JS WARN at app://homescreen.gaiamobile.org/gaia_build_defer_index.js:184 in isHiddenApp: Unexpected role when checking hidden app: undefined
04-27 11:00:23.571 E/GeckoConsole( 1940): Content JS WARN at app://homescreen.gaiamobile.org/gaia_build_defer_index.js:184 in isHiddenApp: Unexpected role when checking hidden app: undefined
04-27 11:00:23.671 I/Gecko   (   83): 1398621623685	Marionette	INFO	sendToClient: {"from":"0","ok":true}, {3a32c4df-b8e2-44af-8b90-925712d5b233}, {3a32c4df-b8e2-44af-8b90-925712d5b233}
04-27 11:00:23.681 I/Gecko   (   83): 1398621623691	Marionette	DEBUG	Got request: executeWithCallback, data: {"to":"0","sessionId":"3-b2g","name":"executeAsyncScript","parameters":{"specialPowers":false,"scriptTimeout":30000,"newSandbox":true,"args":[],"filename":"app_checker.py","script":"GaiaApps.launchWithManifestURL('http://thewebrocks.com/demos/what2pack/manifest.webapp')","line":106}}, id: {1656cafb-a984-49f4-b0ba-a0ef11b2258f}
04-27 11:00:23.841 I/Gonk    (   83): Setting nice for pid 1953 to 18
04-27 11:00:23.841 I/Gonk    (   83): Changed nice for pid 1953 from 0 to 18.
04-27 11:00:23.851 I/Gecko   (   83): [Parent 83] WARNING: waitpid failed pid:1953 errno:10: file ../../../gecko/ipc/chromium/src/base/process_util_posix.cc, line 254
04-27 11:00:23.891 I/Gonk    (   83): Setting nice for pid 1953 to 1
04-27 11:00:23.891 I/Gonk    (   83): Changed nice for pid 1953 from 18 to 1.
04-27 11:00:23.941 E/GeckoConsole(   83): Content JS LOG at dummy file:334 in GaiaApps.launch: launching app with name 'What2Pack?'
04-27 11:00:24.241 D/Sensors (   83): activate handle=0; drv=0
04-27 11:00:24.251 D/Sensors (   83): Lis3dhSensor: Control set 1
04-27 11:00:24.251 D/Sensors (   83): Lis3dhSensor: mEnabled = 1
04-27 11:00:24.311 E/[Gralloc-ERROR](   83): int gralloc_register_buffer(const gralloc_module_t*, const native_handle_t*):79 Unable to register handle 0x494c9920 coming from different process: 83
04-27 11:00:24.371 E/[Gralloc-ERROR](   83): int gralloc_register_buffer(const gralloc_module_t*, const native_handle_t*):79 Unable to register handle 0x494c99c0 coming from different process: 83
04-27 11:00:24.391 E/[Gralloc-ERROR](   83): int gralloc_register_buffer(const gralloc_module_t*, const native_handle_t*):79 Unable to register handle 0x494c9f60 coming from different process: 83
04-27 11:00:24.401 E/[Gralloc-ERROR](   83): int gralloc_register_buffer(const gralloc_module_t*, const native_handle_t*):79 Unable to register handle 0x494e2330 coming from different process: 83
04-27 11:00:24.421 V/AudioPolicyManagerBase(   88): startOutput() output 1, stream 1, session 6
04-27 11:00:24.421 V/AudioPolicyManagerBase(   88): changeRefCount() stream 1, count 1
04-27 11:00:24.421 V/AudioPolicyManagerBase(   88): getDeviceForStrategy() from cache strategy 0, device 2
04-27 11:00:24.421 V/AudioPolicyManagerBase(   88): getNewDevice() selected device 2
04-27 11:00:24.421 D/AudioPolicyManagerBase(   88): setOutputDevice() output 1 device 2 delayMs 0
04-27 11:00:24.421 V/AudioPolicyManagerBase(   88): setOutputDevice() setting same device 2 or null device for output 1
04-27 11:00:24.421 E/AudioPolicyManagerBase(   88): checkAndSetVolume stream=1, index=0, output=1, device=2
04-27 11:00:24.421 E/AudioPolicyManagerBase(   88): computeVolume, streamDesc=0xce4bb8
04-27 11:00:24.461 W/WifiHW  (   83): wifi_command: SIGNAL_POLL
04-27 11:00:24.561 W/AudioFlinger(   88): Thread AudioOut_1 cannot connect to the power manager service
04-27 11:00:24.571 I/Gonk    (   83): Setting nice for pid 1940 to 18
04-27 11:00:24.571 I/Gonk    (   83): Changed nice for pid 1940 from 1 to 18.
04-27 11:00:24.581 V/AudioPolicyManagerBase(   88): stopOutput() output 1, stream 1, session 6
04-27 11:00:24.581 V/AudioPolicyManagerBase(   88): changeRefCount() stream 1, count 0
04-27 11:00:24.581 V/AudioPolicyManagerBase(   88): getNewDevice() selected device 0
04-27 11:00:24.581 D/AudioPolicyManagerBase(   88): setOutputDevice() output 1 device 0 delayMs 290
04-27 11:00:24.581 V/AudioPolicyManagerBase(   88): setOutputDevice() setting same device 0 or null device for output 1
04-27 11:00:24.661 V/AudioPolicyManagerBase(   88): startOutput() output 1, stream 1, session 6
04-27 11:00:24.661 V/AudioPolicyManagerBase(   88): changeRefCount() stream 1, count 1
04-27 11:00:24.661 V/AudioPolicyManagerBase(   88): getDeviceForStrategy() from cache strategy 0, device 2
04-27 11:00:24.661 V/AudioPolicyManagerBase(   88): getNewDevice() selected device 2
04-27 11:00:24.661 D/AudioPolicyManagerBase(   88): setOutputDevice() output 1 device 2 delayMs 0
04-27 11:00:24.661 V/AudioPolicyManagerBase(   88): setOutputDevice() setting same device 2 or null device for output 1
04-27 11:00:24.661 E/AudioPolicyManagerBase(   88): checkAndSetVolume stream=1, index=0, output=1, device=2
04-27 11:00:24.661 E/AudioPolicyManagerBase(   88): computeVolume, streamDesc=0xce4bb8
04-27 11:00:24.661 V/AudioPolicyManagerBase(   88): stopOutput() output 1, stream 1, session 6
04-27 11:00:24.661 V/AudioPolicyManagerBase(   88): changeRefCount() stream 1, count 0
04-27 11:00:24.661 V/AudioPolicyManagerBase(   88): getNewDevice() selected device 0
04-27 11:00:24.661 D/AudioPolicyManagerBase(   88): setOutputDevice() output 1 device 0 delayMs 290
04-27 11:00:24.661 V/AudioPolicyManagerBase(   88): setOutputDevice() setting same device 0 or null device for output 1
04-27 11:00:24.691 V/AudioPolicyManagerBase(   88): releaseOutput() 1
04-27 11:00:25.151 I/Gonk    (   83): Setting nice for pid 2021 to 18
04-27 11:00:25.161 I/Gonk    (   83): Changed nice for pid 2021 from 0 to 18.
04-27 11:00:25.461 E/GeckoConsole( 1953): [JavaScript Warning: "Error in parsing value for 'background'.  Declaration dropped." {file: "http://thewebrocks.com/demos/what2pack/style/fxosstub.css" line: 154 column: 13 source: "  background:-webkit-gradient(linear,left top,left bottom,color-stop(0%,#6a7b86),color-stop(100%,#424f5a));"}]
04-27 11:00:25.471 E/GeckoConsole( 1953): [JavaScript Warning: "Error in parsing value for 'background'.  Declaration dropped." {file: "http://thewebrocks.com/demos/what2pack/style/fxosstub.css" line: 155 column: 13 source: "  background:-webkit-linear-gradient(top,#6a7b86 0%,#424f5a 100%);"}]
04-27 11:00:25.471 E/GeckoConsole( 1953): [JavaScript Warning: "Error in parsing value for 'background'.  Declaration dropped." {file: "http://thewebrocks.com/demos/what2pack/style/fxosstub.css" line: 156 column: 13 source: "  background:-o-linear-gradient(top,#6a7b86 0%,#424f5a 100%);"}]
04-27 11:00:25.471 E/GeckoConsole( 1953): [JavaScript Warning: "Error in parsing value for 'background'.  Declaration dropped." {file: "http://thewebrocks.com/demos/what2pack/style/fxosstub.css" line: 157 column: 13 source: "  background:-ms-linear-gradient(top,#6a7b86 0%,#424f5a 100%);"}]
04-27 11:00:25.471 E/GeckoConsole( 1953): [JavaScript Warning: "Expected color but found 'top'.  Error in parsing value for 'background'.  Declaration dropped." {file: "http://thewebrocks.com/demos/what2pack/style/fxosstub.css" line: 158 column: 29 source: "  background:linear-gradient(top,#6a7b86 0%,#424f5a 100%);"}]
04-27 11:00:25.471 E/GeckoConsole( 1953): [JavaScript Warning: "Expected 'none' or URL but found 'progid'.  Error in parsing value for 'filter'.  Declaration dropped." {file: "http://thewebrocks.com/demos/what2pack/style/fxosstub.css" line: 159 column: 9 source: "  filter:progid:DXImageTransform.Microsoft.gradient(startColorstr='#6a7b86',endColorstr='#424f5a',GradientType=0);"}]
04-27 11:00:25.471 E/GeckoConsole( 1953): [JavaScript Warning: "Error in parsing value for 'background'.  Declaration dropped." {file: "http://thewebrocks.com/demos/what2pack/style/fxosstub.css" line: 197 column: 13 source: "  background:-webkit-gradient(linear,left top,left bottom,color-stop(0%,#b4beca),color-stop(100%,#e1e5eB));"}]
04-27 11:00:25.471 E/GeckoConsole( 1953): [JavaScript Warning: "Error in parsing value for 'background'.  Declaration dropped." {file: "http://thewebrocks.com/demos/what2pack/style/fxosstub.css" line: 198 column: 13 source: "  background:-webkit-linear-gradient(top,#b4beca 0%,#e1e5eB 100%);"}]
04-27 11:00:25.471 E/GeckoConsole( 1953): [JavaScript Warning: "Error in parsing value for 'background'.  Declaration dropped." {file: "http://thewebrocks.com/demos/what2pack/style/fxosstub.css" line: 199 column: 13 source: "  background:-o-linear-gradient(top,#b4beca 0%,#e1e5eB 100%);"}]
04-27 11:00:25.471 E/GeckoConsole( 1953): [JavaScript Warning: "Error in parsing value for 'background'.  Declaration dropped." {file: "http://thewebrocks.com/demos/what2pack/style/fxosstub.css" line: 200 column: 13 source: "  background:-ms-linear-gradient(top,#b4beca 0%,#e1e5eB 100%);"}]
04-27 11:00:25.471 E/GeckoConsole( 1953): [JavaScript Warning: "Expected color but found 'top'.  Error in parsing value for 'background'.  Declaration dropped." {file: "http://thewebrocks.com/demos/what2pack/style/fxosstub.css" line: 201 column: 29 source: "  background:linear-gradient(top,#b4beca 0%,#e1e5eB 100%);"}]
04-27 11:00:25.471 E/GeckoConsole( 1953): [JavaScript Warning: "Expected 'none' or URL but found 'progid'.  Error in parsing value for 'filter'.  Declaration dropped." {file: "http://thewebrocks.com/demos/what2pack/style/fxosstub.css" line: 202 column: 9 source: "  filter:progid:DXImageTransform.Microsoft.gradient(startColorstr='#b4beca',endColorstr='#e1e5eB',GradientType=0);"}]
04-27 11:00:25.521 E/GeckoConsole( 1953): [JavaScript Warning: "Error in parsing value for 'background'.  Declaration dropped." {file: "http://thewebrocks.com/demos/what2pack/index.html" line: 25 column: 18 source: "      background: -webkit-linear-gradient(90deg, #666,#333);"}]
04-27 11:00:25.521 E/GeckoConsole( 1953): [JavaScript Warning: "Error in parsing value for 'background'.  Declaration dropped." {file: "http://thewebrocks.com/demos/what2pack/index.html" line: 35 column: 18 source: "      background: -webkit-linear-gradient(90deg, #ccc,#fff);"}]
04-27 11:00:25.521 E/GeckoConsole( 1953): [JavaScript Warning: "Error in parsing value for 'background'.  Declaration dropped." {file: "http://thewebrocks.com/demos/what2pack/index.html" line: 73 column: 18 source: "      background: -webkit-linear-gradient(90deg, #666,#333);"}]
04-27 11:00:25.521 E/GeckoConsole( 1953): [JavaScript Warning: "Error in parsing value for 'background'.  Declaration dropped." {file: "http://thewebrocks.com/demos/what2pack/index.html" line: 135 column: 18 source: "      background: -webkit-linear-gradient(90deg, #900,#f00);"}]
04-27 11:00:26.251 E/GeckoConsole( 1953): Content JS LOG at http://thewebrocks.com/demos/what2pack/index.html:435 in retrieve: 
04-27 11:00:26.771 E/GeckoConsole(   83): Content JS LOG at dummy file:326 in GaiaApps.launch/appOpen/<: app with origin 'http://thewebrocks.com' has launched
04-27 11:00:26.781 I/Gecko   (   83): 1398621626786	Marionette	INFO	sendToClient: {"from":"0","value":{"frame":{"ELEMENT":"{68d5b1be-3ae2-4152-84a5-20aae054232f}"},"src":"http://thewebrocks.com/demos/what2pack/index.html","name":"What2Pack?","origin":"http://thewebrocks.com"}}, {1656cafb-a984-49f4-b0ba-a0ef11b2258f}, {1656cafb-a984-49f4-b0ba-a0ef11b2258f}
04-27 11:00:26.831 E/[Gralloc-ERROR](   83): int gralloc_unregister_buffer(const gralloc_module_t*, const native_handle_t*):274 Trying to unregister buffer 0x494c9920 from process 83 that was not created in current process: 83
04-27 11:00:26.831 E/[Gralloc-ERROR](   83): int gralloc_unregister_buffer(const gralloc_module_t*, const native_handle_t*):274 Trying to unregister buffer 0x494c99c0 from process 83 that was not created in current process: 83
04-27 11:00:26.831 E/[Gralloc-ERROR](   83): int gralloc_unregister_buffer(const gralloc_module_t*, const native_handle_t*):274 Trying to unregister buffer 0x494e2330 from process 83 that was not created in current process: 83
04-27 11:00:26.841 E/[Gralloc-ERROR](   83): int gralloc_unregister_buffer(const gralloc_module_t*, const native_handle_t*):274 Trying to unregister buffer 0x494c9f60 from process 83 that was not created in current process: 83
04-27 11:00:26.851 I/Gecko   (   83): 1398621626860	Marionette	DEBUG	Got request: switchToFrame, data: {"to":"0","sessionId":"3-b2g","name":"switchToFrame","parameters":{"focus":true,"element":"{68d5b1be-3ae2-4152-84a5-20aae054232f}"}}, id: {896349a1-1377-4496-8760-7c1cd8c8c476}
04-27 11:00:26.871 I/Gecko   (   83): 1398621626884	Marionette	INFO	Switched to frame: {"frameValue":"{68d5b1be-3ae2-4152-84a5-20aae054232f}"}
04-27 11:00:26.871 I/Gecko   (   83): 1398621626888	Marionette	INFO	trying remote frame 0
04-27 11:00:26.881 I/Gecko   (   83): 1398621626890	Marionette	INFO	trying remote frame 1
04-27 11:00:26.881 I/Gecko   (   83): 1398621626891	Marionette	INFO	trying remote frame 2
04-27 11:00:26.881 I/Gecko   (   83): 1398621626892	Marionette	INFO	trying remote frame 3
04-27 11:00:26.891 I/Gecko   (   83): 1398621626907	Marionette	INFO	trying remote frame 4
04-27 11:00:26.901 I/Gecko   (   83): 1398621626913	Marionette	INFO	frame-manager load script: [object ChromeMessageSender]
04-27 11:00:27.731 I/Gecko   (   83): 1398621627741	Marionette	INFO	sendToClient: {"from":"0","ok":true}, {896349a1-1377-4496-8760-7c1cd8c8c476}, {896349a1-1377-4496-8760-7c1cd8c8c476}
04-27 11:00:27.811 I/Gecko   (   83): 1398621627827	Marionette	INFO	sendToClient: {"from":"0","value":"http://thewebrocks.com/demos/what2pack/index.html"}, {f88754b2-73f9-46e5-9a2d-e05f5c6f0625}, {f88754b2-73f9-46e5-9a2d-e05f5c6f0625}
04-27 11:00:27.821 I/Gecko   (   83): 1398621627834	Marionette	DEBUG	Got request: execute, data: {"to":"0","sessionId":"3-b2g","name":"executeScript","parameters":{"specialPowers":false,"scriptTimeout":null,"newSandbox":true,"args":[],"filename":"app_checker.py","script":"return window.document.readyState;","line":191}}, id: {23361ecc-45fa-4e1c-9a55-9a0af85f3eba}
04-27 11:00:27.881 I/Gecko   (   83): 1398621627890	Marionette	INFO	sendToClient: {"from":"0","value":"complete"}, {23361ecc-45fa-4e1c-9a55-9a0af85f3eba}, {23361ecc-45fa-4e1c-9a55-9a0af85f3eba}
04-27 11:00:27.891 I/Gecko   (   83): 1398621627899	Marionette	INFO	sendToClient: {"from":"0","value":"http://thewebrocks.com/demos/what2pack/index.html"}, {d28c89c7-19cf-46ab-8cc0-aacc3504078b}, {d28c89c7-19cf-46ab-8cc0-aacc3504078b}
04-27 11:00:27.901 I/Gecko   ( 1953): Attempting load of libEGL.so
04-27 11:00:27.941 D/libEGL  ( 1953): loaded /system/lib/egl/libEGL_mali.so
04-27 11:00:27.961 D/libEGL  ( 1953): loaded /system/lib/egl/libGLESv1_CM_mali.so
04-27 11:00:27.961 D/libEGL  ( 1953): loaded /system/lib/egl/libGLESv2_mali.so
04-27 11:00:27.991 I/Gecko   ( 1953): SharedSurface_Gralloc::Create -------
04-27 11:00:28.011 I/Gecko   ( 1953): SharedSurface_Gralloc::Create: success -- surface 0x43f181c0, GraphicBuffer 0x43dd3800.
04-27 11:00:29.461 W/WifiHW  (   83): wifi_command: SIGNAL_POLL
04-27 11:00:29.571 I/Gecko   (   83): [Parent 83] WARNING: pipe error (163): Connection reset by peer: file ../../../gecko/ipc/chromium/src/chrome/common/ipc_channel_posix.cc, line 446
04-27 11:00:29.621 I/Gecko   (   83): 
04-27 11:00:29.621 I/Gecko   (   83): ###!!! [Parent][MessageChannel] Error: Channel error: cannot send/recv
04-27 11:00:29.621 I/Gecko   (   83): 
04-27 11:00:29.761 I/GeckoDump(   83): Crash reporter : Can't fetch app.reportCrashes. Exception: [Exception... "Component returned failure code: 0x8000ffff (NS_ERROR_UNEXPECTED) [nsIPrefBranch.getBoolPref]"  nsresult: "0x8000ffff (NS_ERROR_UNEXPECTED)"  location: "JS frame :: chrome://browser/content/shell.js :: shell_reportCrash :: line 7"  data: no]
04-27 11:00:29.831 I/Gecko   (   83): [Parent 83] WARNING: waitpid failed pid:1940 errno:10: file ../../../gecko/ipc/chromium/src/base/process_util_posix.cc, line 254
04-27 11:00:29.911 I/Gecko   (   83): 1398621629921	Marionette	INFO	sendToClient: {"from":"0","value":"iVBORw0KGgoAAAANSUhEUgAAAUAAAAHMCAYAAACk4nEJAAAgAElEQVR4nOydd1gU1/6HB4iJRlOvN7m5PxNzTVdT7Fhjj70jiFgRFQQb9q5YYhelLB2VJlKkSEcEBcEGoqASAQUbivQOO5/fH7M7bC/s4oKc8zzvo7uzM+dMezltvkNRNo9ArY0BNdcb1Ey3lsFcb6ZMNo9ALTqCX3xzQNlmEwiEpmLziEHT5WhpUGtjNC88aVjGEgESCOqACFAylKGn5kUnDUNPIkACQR3Y/APKlghQDI1LTh5EgASC6pz6R/NlaIloXHBEgARC83MqC1qaLkNLROOCIwIkEJqfkw+hZUeawGJoXHBEgARC83MiE9p2LaAcLQ2NC44IkEBofk7cgw6pAYqjccERARIIzc+xdLxn3wLK0dLQuOCIAAmE5udIKt7ntIBytDQ0LjgiQAKh+Tl4He0dWkA5WhoaFxwRIIHQ/PydhA8dyX0khsYFRwRIIDQ/+xLQyakFlKOloXHBEQESCM2O1u4YfOJM7iMxNC44IkACodnR2hGGz9w0X44Wh/ql5YrDgXfwnZkfESCB0ELQ2hqEzu7kPhKjOeRXW1uLbV43iQAJhBaC1sbz+PIMuY/EaA751dbWIuHes1YlwF+88rDrehFmhL/U/EnRID2883HgVjH0Iws0XhaC+tBa54H/nsnVeDlaHM0hv9raWsS/ZQHOiynAkdQS/OyVJ/S9UTTz/eSLL4S+/8kzD0dSS1jhLYx9BQA4klry1g7+5865GB/yAhNDX6DL6Sdiy7/zYMrIZ/eNIiy+9Ao/eeY1W5kUOQ5attmYGvYSZx+WIya/Co4ZZRgW+EzzFzNBKtqr3dDFkwhQjOaQ39XM5/jYyOOtCnDPjSIAgHnCa6HvM4pqAQCReVVC35snvAYAWCQUgrJtHgH2OvcU94vqcPZhudD3OnbZ2HezGH
04-27 11:00:30.301 I/Gecko   (   83): 1398621630318	Marionette	INFO	sendToClient: {"from":"0","ok":true}, {e8e5a066-c3fc-4379-b5b4-38fdebdeaac6}, {e8e5a066-c3fc-4379-b5b4-38fdebdeaac6}
04-27 11:00:30.361 I/Gecko   (   83): 1398621630372	Marionette	DEBUG	Got request: switchToFrame, data: {"to":"0","sessionId":"3-b2g","name":"switchToFrame","parameters":{"id":null,"focus":true}}, id: {9a6b4afd-6ada-41a7-9eff-1dd80ff39f4d}
04-27 11:00:30.441 I/Gecko   (   83): 1398621630449	Marionette	INFO	Switched to frame: {"frameValue":null}
04-27 11:00:30.561 I/Gecko   (   83): 1398621630576	Marionette	INFO	sendToClient: {"from":"0","ok":true}, {9a6b4afd-6ada-41a7-9eff-1dd80ff39f4d}, {9a6b4afd-6ada-41a7-9eff-1dd80ff39f4d}
04-27 11:00:30.591 I/Gecko   (   83): 1398621630603	Marionette	DEBUG	Got request: executeWithCallback, data: {"to":"0","sessionId":"3-b2g","name":"executeAsyncScript","parameters":{"specialPowers":false,"scriptTimeout":null,"newSandbox":true,"args":[],"filename":"gaia_test.py","script":"return GaiaApps.displayedApp();","line":66}}, id: {00d5b831-770b-4b0a-9949-ae40c657048b}
04-27 11:00:30.781 I/Gecko   (   83): 1398621630798	Marionette	INFO	sendToClient: {"from":"0","value":{"frame":{"ELEMENT":"{68d5b1be-3ae2-4152-84a5-20aae054232f}"},"src":"http://thewebrocks.com/demos/what2pack/index.html","name":"What2Pack?","origin":"http://thewebrocks.com"}}, {00d5b831-770b-4b0a-9949-ae40c657048b}, {00d5b831-770b-4b0a-9949-ae40c657048b}
04-27 11:00:30.791 E/GeckoConsole(   83): Content JS LOG at dummy file:392 in GaiaApps.displayedApp: app with origin 'http://thewebrocks.com' is displayed
04-27 11:00:30.801 I/Gecko   (   83): 1398621630809	Marionette	DEBUG	Got request: switchToFrame, data: {"to":"0","sessionId":"3-b2g","name":"switchToFrame","parameters":{"id":null,"focus":true}}, id: {5b9e0d37-6511-49c3-af7d-5fcec675112a}
04-27 11:00:30.801 I/Gecko   (   83): 1398621630811	Marionette	INFO	Switched to frame: {"frameValue":null}
04-27 11:00:30.901 I/Gecko   (   83): 1398621630916	Marionette	INFO	sendToClient: {"from":"0","ok":true}, {5b9e0d37-6511-49c3-af7d-5fcec675112a}, {5b9e0d37-6511-49c3-af7d-5fcec675112a}
04-27 11:00:30.911 I/Gecko   (   83): 1398621630923	Marionette	DEBUG	Got request: execute, data: {"to":"0","sessionId":"3-b2g","name":"executeScript","parameters":{"specialPowers":false,"scriptTimeout":null,"newSandbox":true,"args":[],"filename":"gaia_test.py","script":"window.wrappedJSObject.dispatchEvent(new Event('home'));","line":788}}, id: {a4213b81-b17a-4384-af9b-4baea32e96e3}
04-27 11:00:31.111 I/Gonk    (   83): Setting nice for pid 2021 to 18
04-27 11:00:31.111 I/Gonk    (   83): Changed nice for pid 2021 from 18 to 18.
04-27 11:00:31.111 I/Gecko   (   83): [Parent 83] WARNING: waitpid failed pid:2021 errno:10: file ../../../gecko/ipc/chromium/src/base/process_util_posix.cc, line 254
04-27 11:00:31.141 I/Gonk    (   83): Setting nice for pid 2021 to 1
04-27 11:00:31.141 I/Gonk    (   83): Changed nice for pid 2021 from 18 to 1.
04-27 11:00:31.181 D/Sensors (   83): activate handle=0; drv=0
04-27 11:00:31.191 D/Sensors (   83): Lis3dhSensor: Control set 0
04-27 11:00:31.191 D/Sensors (   83): Lis3dhSensor: mEnabled = 0
04-27 11:00:31.391 I/Gecko   (   83): 1398621631406	Marionette	INFO	sendToClient: {"from":"0","value":null}, {a4213b81-b17a-4384-af9b-4baea32e96e3}, {a4213b81-b17a-4384-af9b-4baea32e96e3}
04-27 11:00:31.431 I/Gecko   (   83): 1398621631445	Marionette	DEBUG	Got request: switchToFrame, data: {"to":"0","sessionId":"3-b2g","name":"switchToFrame","parameters":{"id":null,"focus":true}}, id: {a8c57e4f-412c-40b1-8a8a-e0573aabd4d1}
04-27 11:00:31.431 I/Gecko   (   83): 1398621631447	Marionette	INFO	Switched to frame: {"frameValue":null}
04-27 11:00:31.721 I/Gecko   (   83): 1398621631736	Marionette	INFO	sendToClient: {"from":"0","ok":true}, {a8c57e4f-412c-40b1-8a8a-e0573aabd4d1}, {a8c57e4f-412c-40b1-8a8a-e0573aabd4d1}
04-27 11:00:31.731 I/Gecko   (   83): 1398621631744	Marionette	DEBUG	Got request: executeWithCallback, data: {"to":"0","sessionId":"3-b2g","name":"executeAsyncScript","parameters":{"specialPowers":false,"scriptTimeout":null,"newSandbox":true,"args":[],"filename":"gaia_test.py","script":"return GaiaApps.displayedApp();","line":66}}, id: {cbb8336b-f273-4046-8d2d-b54518dc7ae8}
04-27 11:00:31.831 I/Gecko   (   83): [Parent 83] WARNING: waitpid failed pid:1940 errno:10: file ../../../gecko/ipc/chromium/src/base/process_util_posix.cc, line 254
04-27 11:00:31.831 I/Gecko   (   83): [Parent 83] WARNING: Failed to deliver SIGKILL to 1940!(3).: file ../../../gecko/ipc/chromium/src/chrome/common/process_watcher_posix_sigchld.cc, line 118
04-27 11:00:31.871 E/GeckoConsole(   83): Content JS LOG at dummy file:392 in GaiaApps.displayedApp: app with origin 'app://homescreen.gaiamobile.org' is displayed
04-27 11:00:31.871 I/Gecko   (   83): 1398621631883	Marionette	INFO	sendToClient: {"from":"0","value":{"frame":{"ELEMENT":"{28328def-e077-4393-b942-25203920f39c}"},"src":"app://homescreen.gaiamobile.org/index.html#root","name":"Homescreen","origin":"app://homescreen.gaiamobile.org"}}, {cbb8336b-f273-4046-8d2d-b54518dc7ae8}, {cbb8336b-f273-4046-8d2d-b54518dc7ae8}
04-27 11:00:31.881 I/Gecko   (   83): 1398621631894	Marionette	DEBUG	Got request: switchToFrame, data: {"to":"0","sessionId":"3-b2g","name":"switchToFrame","parameters":{"id":null,"focus":true}}, id: {727b5a7f-3080-45bc-8240-9addf9c4e6a2}
04-27 11:00:31.881 I/Gecko   (   83): 1398621631896	Marionette	INFO	Switched to frame: {"frameValue":null}
04-27 11:00:32.201 I/Gecko   (   83): 1398621632216	Marionette	INFO	sendToClient: {"from":"0","ok":true}, {727b5a7f-3080-45bc-8240-9addf9c4e6a2}, {727b5a7f-3080-45bc-8240-9addf9c4e6a2}
04-27 11:00:33.861 I/Gonk    (   83): Setting nice for pid 1953 to 18
04-27 11:00:33.891 I/Gonk    (   83): Changed nice for pid 1953 from 1 to 18.
04-27 11:00:33.921 I/Gecko   (   83): 1398621633938	Marionette	DEBUG	Got request: switchToFrame, data: {"to":"0","sessionId":"3-b2g","name":"switchToFrame","parameters":{"id":null,"focus":true}}, id: {f8425422-dd5b-4ee5-bafb-a19c5bb42a7d}
04-27 11:00:33.981 I/Gecko   (   83): 1398621633994	Marionette	INFO	Switched to frame: {"frameValue":null}
04-27 11:00:34.091 I/Gecko   (   83): 1398621634102	Marionette	INFO	sendToClient: {"from":"0","ok":true}, {f8425422-dd5b-4ee5-bafb-a19c5bb42a7d}, {f8425422-dd5b-4ee5-bafb-a19c5bb42a7d}
04-27 11:00:34.101 I/Gecko   (   83): 1398621634115	Marionette	DEBUG	Got request: executeWithCallback, data: {"to":"0","sessionId":"3-b2g","name":"executeAsyncScript","parameters":{"specialPowers":false,"scriptTimeout":null,"newSandbox":true,"args":[],"filename":"gaia_test.py","script":"return GaiaApps.displayedApp();","line":66}}, id: {f10eb38e-892f-4c3d-8d26-5aff9e145977}
04-27 11:00:34.241 I/Gecko   (   83): 1398621634258	Marionette	INFO	sendToClient: {"from":"0","value":{"frame":{"ELEMENT":"{28328def-e077-4393-b942-25203920f39c}"},"src":"app://homescreen.gaiamobile.org/index.html#root","name":"Homescreen","origin":"app://homescreen.gaiamobile.org"}}, {f10eb38e-892f-4c3d-8d26-5aff9e145977}, {f10eb38e-892f-4c3d-8d26-5aff9e145977}
04-27 11:00:34.271 E/GeckoConsole(   83): Content JS LOG at dummy file:392 in GaiaApps.displayedApp: app with origin 'app://homescreen.gaiamobile.org' is displayed
04-27 11:00:34.291 I/Gecko   (   83): 1398621634300	Marionette	DEBUG	Got request: switchToFrame, data: {"to":"0","sessionId":"3-b2g","name":"switchToFrame","parameters":{"focus":true,"element":"{28328def-e077-4393-b942-25203920f39c}"}}, id: {646e07b4-354b-4302-89c8-90c17df64df6}
04-27 11:00:34.321 I/Gecko   (   83): 1398621634334	Marionette	INFO	Switched to frame: {"frameValue":"{28328def-e077-4393-b942-25203920f39c}"}
04-27 11:00:34.341 I/Gecko   (   83): 1398621634352	Marionette	INFO	trying remote frame 0
04-27 11:00:34.341 I/Gecko   (   83): 1398621634353	Marionette	INFO	trying remote frame 1
04-27 11:00:34.341 I/Gecko   (   83): 1398621634354	Marionette	INFO	trying remote frame 2
04-27 11:00:34.341 I/Gecko   (   83): 1398621634354	Marionette	INFO	trying remote frame 3
04-27 11:00:34.351 I/Gecko   (   83): 1398621634360	Marionette	INFO	deleting frame
04-27 11:00:34.351 I/Gecko   (   83): 1398621634360	Marionette	INFO	trying remote frame 4
04-27 11:00:34.351 I/Gecko   (   83): 1398621634366	Marionette	INFO	frame-manager load script: [object ChromeMessageSender]
04-27 11:00:34.481 W/WifiHW  (   83): wifi_command: SIGNAL_POLL
04-27 11:00:34.651 I/Gecko   ( 2021): ###################################### forms.js loaded
04-27 11:00:34.691 I/Gecko   ( 2021): ############################### browserElementPanning.js loaded
04-27 11:00:34.711 I/Gecko   ( 2021): ######################## BrowserElementChildPreload.js loaded
04-27 11:00:34.801 I/Gecko   (   83): [Parent 83] WARNING: pipe error (155): Connection reset by peer: file ../../../gecko/ipc/chromium/src/chrome/common/ipc_channel_posix.cc, line 446
04-27 11:00:34.831 I/Gecko   (   83): 
04-27 11:00:34.831 I/Gecko   (   83): ###!!! [Parent][MessageChannel] Error: Channel error: cannot send/recv
04-27 11:00:34.831 I/Gecko   (   83): 
04-27 11:00:34.951 I/GeckoDump(   83): Crash reporter : Can't fetch app.reportCrashes. Exception: [Exception... "Component returned failure code: 0x8000ffff (NS_ERROR_UNEXPECTED) [nsIPrefBranch.getBoolPref]"  nsresult: "0x8000ffff (NS_ERROR_UNEXPECTED)"  location: "JS frame :: chrome://browser/content/shell.js :: shell_reportCrash :: line 7"  data: no]
04-27 11:00:34.961 I/Gecko   (   83): [Parent 83] WARNING: waitpid failed pid:1953 errno:10: file ../../../gecko/ipc/chromium/src/base/process_util_posix.cc, line 254
04-27 11:00:36.171 I/Gecko   (   83): 1398621636183	Marionette	INFO	sendToClient: {"from":"0","ok":true}, {646e07b4-354b-4302-89c8-90c17df64df6}, {646e07b4-354b-4302-89c8-90c17df64df6}
04-27 11:00:36.241 I/Gonk    (   83): Setting nice for pid 2042 to 18
04-27 11:00:36.241 I/Gonk    (   83): Changed nice for pid 2042 from 0 to 18.
04-27 11:00:36.601 I/Gecko   (   83): 1398621636619	Marionette	INFO	sendToClient: {"from":"0","value":"app://homescreen.gaiamobile.org/index.html#root"}, {f8f45e03-eebf-4e60-908e-f90c4cdfa0b5}, {f8f45e03-eebf-4e60-908e-f90c4cdfa0b5}
04-27 11:00:36.621 I/Gecko   (   83): 1398621636638	Marionette	DEBUG	Got request: switchToFrame, data: {"to":"0","sessionId":"3-b2g","name":"switchToFrame","parameters":{"id":null,"focus":true}}, id: {33dc49b0-a9dc-48b3-8a8f-619d73347928}
04-27 11:00:36.641 I/Gecko   (   83): 1398621636650	Marionette	INFO	Switched to frame: {"frameValue":null}
04-27 11:00:36.741 I/Gecko   (   83): 1398621636755	Marionette	INFO	sendToClient: {"from":"0","ok":true}, {33dc49b0-a9dc-48b3-8a8f-619d73347928}, {33dc49b0-a9dc-48b3-8a8f-619d73347928}
04-27 11:00:36.751 I/Gecko   (   83): 1398621636761	Marionette	DEBUG	Got request: switchToFrame, data: {"to":"0","sessionId":"3-b2g","name":"switchToFrame","parameters":{"id":null,"focus":true}}, id: {321eede7-3a2d-43de-878a-51d5e05b608a}
04-27 11:00:36.751 I/Gecko   (   83): 1398621636763	Marionette	INFO	Switched to frame: {"frameValue":null}
04-27 11:00:36.851 I/Gecko   (   83): 1398621636865	Marionette	INFO	sendToClient: {"from":"0","ok":true}, {321eede7-3a2d-43de-878a-51d5e05b608a}, {321eede7-3a2d-43de-878a-51d5e05b608a}
04-27 11:00:36.861 I/Gecko   (   83): 1398621636872	Marionette	DEBUG	Got request: executeWithCallback, data: {"to":"0","sessionId":"3-b2g","name":"executeAsyncScript","parameters":{"specialPowers":false,"scriptTimeout":null,"newSandbox":true,"args":[],"filename":"gaia_test.py","script":"GaiaApps.killAll()","line":91}}, id: {0453e2e4-c135-4a52-bc58-65bc3455d672}
04-27 11:00:36.941 I/Gecko   (   83): 1398621636953	Marionette	INFO	sendToClient: {"from":"0","value":true}, {0453e2e4-c135-4a52-bc58-65bc3455d672}, {0453e2e4-c135-4a52-bc58-65bc3455d672}
04-27 11:00:36.951 I/Gecko   (   83): 1398621636966	Marionette	DEBUG	Got request: switchToFrame, data: {"to":"0","sessionId":"3-b2g","name":"switchToFrame","parameters":{"id":null,"focus":true}}, id: {31937a2c-369a-41cc-b2d3-8d05b6762aca}
04-27 11:00:36.951 I/Gecko   (   83): 1398621636968	Marionette	INFO	Switched to frame: {"frameValue":null}
04-27 11:00:36.961 I/Gecko   (   83): [Parent 83] WARNING: waitpid failed pid:1953 errno:10: file ../../../gecko/ipc/chromium/src/base/process_util_posix.cc, line 254
04-27 11:00:36.961 I/Gecko   (   83): [Parent 83] WARNING: Failed to deliver SIGKILL to 1953!(3).: file ../../../gecko/ipc/chromium/src/chrome/common/process_watcher_posix_sigchld.cc, line 118
04-27 11:00:37.061 I/Gecko   (   83): 1398621637078	Marionette	INFO	sendToClient: {"from":"0","ok":true}, {31937a2c-369a-41cc-b2d3-8d05b6762aca}, {31937a2c-369a-41cc-b2d3-8d05b6762aca}
04-27 11:00:37.071 I/Gecko   (   83): 1398621637086	Marionette	DEBUG	Got request: executeWithCallback, data: {"to":"0","sessionId":"3-b2g","name":"executeAsyncScript","parameters":{"specialPowers":false,"scriptTimeout":60000,"newSandbox":true,"args":[],"filename":"app_checker.py","script":"\n        GaiaApps.locateWithManifestURL('http://thewebrocks.com/demos/what2pack/manifest.webapp',\n                                       null,\n                                       function uninstall(app) {\n                                       navigator.mozApps.mgmt.uninstall(app);\n                                       marionetteScriptFinished(true);\n                                       });\n        ","line":129}}, id: {da4e6940-0a7d-4431-934f-33a3b181c329}
04-27 11:00:37.141 I/Gecko   (   83): -- webapps.js uninstall http://thewebrocks.com/demos/what2pack/manifest.webapp
04-27 11:00:37.531 I/Gecko   (   83): 1398621637540	Marionette	INFO	sendToClient: {"from":"0","value":true}, {da4e6940-0a7d-4431-934f-33a3b181c329}, {da4e6940-0a7d-4431-934f-33a3b181c329}