--------- beginning of /dev/log/main
04-27 06:07:53.554 I/Gecko   (   83): 1398604073562	Marionette	INFO	sendToClient: {"from":"0","ok":true}, {3a63beb9-e2ea-43c9-954a-54e5138fe818}, {3a63beb9-e2ea-43c9-954a-54e5138fe818}
04-27 06:07:53.604 I/Gecko   (   83): 1398604073620	Marionette	DEBUG	Got request: switchToFrame, data: {"to":"0","sessionId":"3-b2g","name":"switchToFrame","parameters":{"id":null,"focus":true}}, id: {ee9632cc-c73a-427e-927d-0ec3b55b8fdb}
04-27 06:07:53.614 I/Gecko   (   83): 1398604073628	Marionette	INFO	Switched to frame: {"frameValue":null}
04-27 06:07:53.734 I/Gecko   (   83): 1398604073750	Marionette	INFO	sendToClient: {"from":"0","ok":true}, {ee9632cc-c73a-427e-927d-0ec3b55b8fdb}, {ee9632cc-c73a-427e-927d-0ec3b55b8fdb}
04-27 06:07:53.744 I/Gecko   (   83): 1398604073758	Marionette	DEBUG	Got request: executeWithCallback, data: {"to":"0","sessionId":"3-b2g","name":"executeAsyncScript","parameters":{"specialPowers":false,"scriptTimeout":null,"newSandbox":true,"args":[],"filename":"gaia_test.py","script":"return GaiaApps.displayedApp();","line":66}}, id: {7ca5d2f0-1175-4f2b-b9d6-347376d648c4}
04-27 06:07:53.834 E/GeckoConsole(   83): Content JS LOG at dummy file:392 in GaiaApps.displayedApp: app with origin 'app://homescreen.gaiamobile.org' is displayed
04-27 06:07:53.844 I/Gecko   (   83): 1398604073852	Marionette	INFO	sendToClient: {"from":"0","value":{"frame":{"ELEMENT":"{6846c3bc-dcd8-47ab-b173-945cf27c66ed}"},"src":"app://homescreen.gaiamobile.org/index.html#root","name":"Homescreen","origin":"app://homescreen.gaiamobile.org"}}, {7ca5d2f0-1175-4f2b-b9d6-347376d648c4}, {7ca5d2f0-1175-4f2b-b9d6-347376d648c4}
04-27 06:07:53.854 I/Gecko   (   83): 1398604073865	Marionette	DEBUG	Got request: switchToFrame, data: {"to":"0","sessionId":"3-b2g","name":"switchToFrame","parameters":{"id":null,"focus":true}}, id: {ce26b2b3-ffae-4ce4-b38d-a8b4c2b52339}
04-27 06:07:53.854 I/Gecko   (   83): 1398604073867	Marionette	INFO	Switched to frame: {"frameValue":null}
04-27 06:07:53.994 I/Gecko   (   83): 1398604074006	Marionette	INFO	sendToClient: {"from":"0","ok":true}, {ce26b2b3-ffae-4ce4-b38d-a8b4c2b52339}, {ce26b2b3-ffae-4ce4-b38d-a8b4c2b52339}
04-27 06:07:54.034 I/Gecko   (   83): 1398604074044	Marionette	DEBUG	Got request: switchToFrame, data: {"to":"0","sessionId":"3-b2g","name":"switchToFrame","parameters":{"id":null,"focus":true}}, id: {02fbb1a9-6b2a-401d-8e15-a3a03deda9b8}
04-27 06:07:54.034 I/Gecko   (   83): 1398604074047	Marionette	INFO	Switched to frame: {"frameValue":null}
04-27 06:07:54.154 I/Gecko   (   83): 1398604074163	Marionette	INFO	sendToClient: {"from":"0","ok":true}, {02fbb1a9-6b2a-401d-8e15-a3a03deda9b8}, {02fbb1a9-6b2a-401d-8e15-a3a03deda9b8}
04-27 06:07:54.154 I/Gecko   (   83): 1398604074169	Marionette	DEBUG	Got request: executeWithCallback, data: {"to":"0","sessionId":"3-b2g","name":"executeAsyncScript","parameters":{"specialPowers":false,"scriptTimeout":null,"newSandbox":true,"args":[],"filename":"gaia_test.py","script":"return GaiaApps.displayedApp();","line":66}}, id: {fef536d6-728b-4709-b1a6-249cfd1c9986}
04-27 06:07:54.224 I/Gecko   (   83): 1398604074233	Marionette	INFO	sendToClient: {"from":"0","value":{"frame":{"ELEMENT":"{6846c3bc-dcd8-47ab-b173-945cf27c66ed}"},"src":"app://homescreen.gaiamobile.org/index.html#root","name":"Homescreen","origin":"app://homescreen.gaiamobile.org"}}, {fef536d6-728b-4709-b1a6-249cfd1c9986}, {fef536d6-728b-4709-b1a6-249cfd1c9986}
04-27 06:07:54.224 E/GeckoConsole(   83): Content JS LOG at dummy file:392 in GaiaApps.displayedApp: app with origin 'app://homescreen.gaiamobile.org' is displayed
04-27 06:07:54.234 I/Gecko   (   83): 1398604074246	Marionette	DEBUG	Got request: switchToFrame, data: {"to":"0","sessionId":"3-b2g","name":"switchToFrame","parameters":{"focus":true,"element":"{6846c3bc-dcd8-47ab-b173-945cf27c66ed}"}}, id: {d0190a16-3502-4e98-9db1-16ccbc97e798}
04-27 06:07:54.254 I/Gecko   (   83): 1398604074264	Marionette	INFO	Switched to frame: {"frameValue":"{6846c3bc-dcd8-47ab-b173-945cf27c66ed}"}
04-27 06:07:54.254 I/Gecko   (   83): 1398604074268	Marionette	INFO	trying remote frame 0
04-27 06:07:54.264 I/Gecko   (   83): 1398604074272	Marionette	INFO	trying remote frame 1
04-27 06:07:54.264 I/Gecko   (   83): 1398604074276	Marionette	INFO	trying remote frame 2
04-27 06:07:54.264 I/Gecko   (   83): 1398604074278	Marionette	INFO	deleting frame
04-27 06:07:54.274 I/Gecko   (   83): 1398604074291	Marionette	INFO	frame-manager load script: [object ChromeMessageSender]
04-27 06:07:54.574 I/Gecko   (   83): 1398604074586	Marionette	INFO	sendToClient: {"from":"0","ok":true}, {d0190a16-3502-4e98-9db1-16ccbc97e798}, {d0190a16-3502-4e98-9db1-16ccbc97e798}
04-27 06:07:54.664 I/Gecko   (   83): 1398604074675	Marionette	INFO	sendToClient: {"from":"0","value":{"ELEMENT":"{b8476833-ad6b-4486-8f56-839cd07612fb}"}}, {53adaa15-cf30-4dc5-b219-7ea952f05a14}, {53adaa15-cf30-4dc5-b219-7ea952f05a14}
04-27 06:07:55.114 V/AudioPolicyManagerBase(   88): startOutput() output 1, stream 1, session 6
04-27 06:07:55.114 V/AudioPolicyManagerBase(   88): changeRefCount() stream 1, count 1
04-27 06:07:55.114 V/AudioPolicyManagerBase(   88): getDeviceForStrategy() from cache strategy 0, device 2
04-27 06:07:55.114 V/AudioPolicyManagerBase(   88): getNewDevice() selected device 2
04-27 06:07:55.114 D/AudioPolicyManagerBase(   88): setOutputDevice() output 1 device 2 delayMs 0
04-27 06:07:55.114 V/AudioPolicyManagerBase(   88): setOutputDevice() setting same device 2 or null device for output 1
04-27 06:07:55.114 E/AudioPolicyManagerBase(   88): checkAndSetVolume stream=1, index=0, output=1, device=2
04-27 06:07:55.114 E/AudioPolicyManagerBase(   88): computeVolume, streamDesc=0x6f8bb8
04-27 06:07:55.154 W/AudioFlinger(   88): Thread AudioOut_1 cannot connect to the power manager service
04-27 06:07:55.154 V/AudioPolicyManagerBase(   88): stopOutput() output 1, stream 1, session 6
04-27 06:07:55.154 V/AudioPolicyManagerBase(   88): changeRefCount() stream 1, count 0
04-27 06:07:55.154 V/AudioPolicyManagerBase(   88): getNewDevice() selected device 0
04-27 06:07:55.154 D/AudioPolicyManagerBase(   88): setOutputDevice() output 1 device 0 delayMs 290
04-27 06:07:55.154 V/AudioPolicyManagerBase(   88): setOutputDevice() setting same device 0 or null device for output 1
04-27 06:07:55.164 V/AudioPolicyManagerBase(   88): startOutput() output 1, stream 1, session 6
04-27 06:07:55.164 V/AudioPolicyManagerBase(   88): changeRefCount() stream 1, count 1
04-27 06:07:55.164 V/AudioPolicyManagerBase(   88): getDeviceForStrategy() from cache strategy 0, device 2
04-27 06:07:55.164 V/AudioPolicyManagerBase(   88): getNewDevice() selected device 2
04-27 06:07:55.164 D/AudioPolicyManagerBase(   88): setOutputDevice() output 1 device 2 delayMs 0
04-27 06:07:55.164 V/AudioPolicyManagerBase(   88): setOutputDevice() setting same device 2 or null device for output 1
04-27 06:07:55.164 E/AudioPolicyManagerBase(   88): checkAndSetVolume stream=1, index=0, output=1, device=2
04-27 06:07:55.164 E/AudioPolicyManagerBase(   88): computeVolume, streamDesc=0x6f8bb8
04-27 06:07:55.164 V/AudioPolicyManagerBase(   88): stopOutput() output 1, stream 1, session 6
04-27 06:07:55.164 V/AudioPolicyManagerBase(   88): changeRefCount() stream 1, count 0
04-27 06:07:55.164 V/AudioPolicyManagerBase(   88): getNewDevice() selected device 0
04-27 06:07:55.164 D/AudioPolicyManagerBase(   88): setOutputDevice() output 1 device 0 delayMs 290
04-27 06:07:55.164 V/AudioPolicyManagerBase(   88): setOutputDevice() setting same device 0 or null device for output 1
04-27 06:07:55.174 V/AudioPolicyManagerBase(   88): releaseOutput() 1
04-27 06:07:55.194 E/GeckoConsole( 1794): [JavaScript Warning: "Use of getAttributeNode() is deprecated. Use getAttribute() instead." {file: "chrome://marionette/content/atoms.js" line: 25}]
04-27 06:07:55.194 E/GeckoConsole( 1794): [JavaScript Warning: "Use of attributes' specified attribute is deprecated. It always returns true." {file: "chrome://marionette/content/atoms.js" line: 25}]
04-27 06:07:55.194 I/Gecko   (   83): 1398604075209	Marionette	INFO	sendToClient: {"from":"0","value":"normal"}, {8612cf38-48b2-4cd7-b698-85765438e0ba}, {8612cf38-48b2-4cd7-b698-85765438e0ba}
04-27 06:07:55.214 I/Gecko   (   83): 1398604075228	Marionette	DEBUG	Got request: switchToFrame, data: {"to":"0","sessionId":"3-b2g","name":"switchToFrame","parameters":{"id":null,"focus":true}}, id: {9a60a174-db86-4f9e-b61b-bd099c102ffb}
04-27 06:07:55.234 I/Gecko   (   83): 1398604075246	Marionette	INFO	Switched to frame: {"frameValue":null}
04-27 06:07:55.334 I/Gecko   (   83): 1398604075351	Marionette	INFO	sendToClient: {"from":"0","ok":true}, {9a60a174-db86-4f9e-b61b-bd099c102ffb}, {9a60a174-db86-4f9e-b61b-bd099c102ffb}
04-27 06:07:55.344 I/Gecko   (   83): 1398604075357	Marionette	DEBUG	Got request: execute, data: {"to":"0","sessionId":"3-b2g","name":"executeScript","parameters":{"specialPowers":false,"scriptTimeout":null,"newSandbox":true,"args":[],"filename":"gaia_test.py","script":"window.wrappedJSObject.dispatchEvent(new Event('home'));","line":788}}, id: {d091acf8-b392-4ce6-a784-84f2d70cb175}
04-27 06:07:55.394 I/Gecko   (   83): 1398604075404	Marionette	INFO	sendToClient: {"from":"0","value":null}, {d091acf8-b392-4ce6-a784-84f2d70cb175}, {d091acf8-b392-4ce6-a784-84f2d70cb175}
04-27 06:07:55.414 I/Gecko   (   83): 1398604075431	Marionette	DEBUG	Got request: switchToFrame, data: {"to":"0","sessionId":"3-b2g","name":"switchToFrame","parameters":{"id":null,"focus":true}}, id: {71dae0de-cd62-40d5-b6fd-216992e616f4}
04-27 06:07:55.424 I/Gecko   (   83): 1398604075434	Marionette	INFO	Switched to frame: {"frameValue":null}
04-27 06:07:55.524 I/Gecko   (   83): 1398604075537	Marionette	INFO	sendToClient: {"from":"0","ok":true}, {71dae0de-cd62-40d5-b6fd-216992e616f4}, {71dae0de-cd62-40d5-b6fd-216992e616f4}
04-27 06:07:55.534 I/Gecko   (   83): 1398604075543	Marionette	DEBUG	Got request: switchToFrame, data: {"to":"0","sessionId":"3-b2g","name":"switchToFrame","parameters":{"id":null,"focus":true}}, id: {99acfd9e-3786-4ac3-8cb3-2181ee5638b9}
04-27 06:07:55.534 I/Gecko   (   83): 1398604075545	Marionette	INFO	Switched to frame: {"frameValue":null}
04-27 06:07:55.634 I/Gecko   (   83): 1398604075649	Marionette	INFO	sendToClient: {"from":"0","ok":true}, {99acfd9e-3786-4ac3-8cb3-2181ee5638b9}, {99acfd9e-3786-4ac3-8cb3-2181ee5638b9}
04-27 06:07:55.644 I/Gecko   (   83): 1398604075655	Marionette	DEBUG	Got request: executeWithCallback, data: {"to":"0","sessionId":"3-b2g","name":"executeAsyncScript","parameters":{"specialPowers":false,"scriptTimeout":null,"newSandbox":true,"args":[],"filename":"gaia_test.py","script":"return GaiaApps.displayedApp();","line":66}}, id: {9a2e6057-9758-4f52-a298-4b7df095729d}
04-27 06:07:55.704 W/WifiHW  (   83): wifi_command: SIGNAL_POLL
04-27 06:07:55.704 I/Gecko   (   83): 1398604075715	Marionette	INFO	sendToClient: {"from":"0","value":{"frame":{"ELEMENT":"{6846c3bc-dcd8-47ab-b173-945cf27c66ed}"},"src":"app://homescreen.gaiamobile.org/index.html#rootSun%20Apr%2027%202014%2006:07:55%20GMT-0700%20(UTC)","name":"Homescreen","origin":"app://homescreen.gaiamobile.org"}}, {9a2e6057-9758-4f52-a298-4b7df095729d}, {9a2e6057-9758-4f52-a298-4b7df095729d}
04-27 06:07:55.714 E/GeckoConsole(   83): Content JS LOG at dummy file:392 in GaiaApps.displayedApp: app with origin 'app://homescreen.gaiamobile.org' is displayed
04-27 06:07:55.744 I/Gecko   (   83): 1398604075751	Marionette	DEBUG	Got request: switchToFrame, data: {"to":"0","sessionId":"3-b2g","name":"switchToFrame","parameters":{"focus":true,"element":"{6846c3bc-dcd8-47ab-b173-945cf27c66ed}"}}, id: {d87b600e-147c-4673-95d0-310725381d4f}
04-27 06:07:55.754 I/Gecko   (   83): 1398604075764	Marionette	INFO	Switched to frame: {"frameValue":"{6846c3bc-dcd8-47ab-b173-945cf27c66ed}"}
04-27 06:07:55.774 I/Gecko   (   83): 1398604075783	Marionette	INFO	trying remote frame 0
04-27 06:07:55.784 I/Gecko   (   83): 1398604075792	Marionette	INFO	trying remote frame 1
04-27 06:07:55.784 I/Gecko   (   83): 1398604075793	Marionette	INFO	trying remote frame 2
04-27 06:07:55.834 I/Gecko   (   83): 1398604075842	Marionette	INFO	sendToClient: {"from":"0","ok":true}, {d87b600e-147c-4673-95d0-310725381d4f}, {d87b600e-147c-4673-95d0-310725381d4f}
04-27 06:07:55.834 I/Gecko   (   83): 1398604075850	Marionette	DEBUG	Got request: execute, data: {"to":"0","sessionId":"3-b2g","name":"executeScript","parameters":{"specialPowers":false,"scriptTimeout":null,"newSandbox":true,"args":[],"filename":"gaia_test.py","script":"return window.wrappedJSObject.GridManager.pageHelper.getCurrentPageNumber();","line":784}}, id: {350a31b0-83cd-4d9f-b029-7bf30073b210}
04-27 06:07:56.054 I/Gecko   (   83): 1398604076062	Marionette	INFO	sendToClient: {"from":"0","value":0}, {350a31b0-83cd-4d9f-b029-7bf30073b210}, {350a31b0-83cd-4d9f-b029-7bf30073b210}
04-27 06:07:57.494 I/Gecko   (   83): 1398604077505	Marionette	INFO	sendToClient: {"from":"0","value":["{7cfa12a1-f546-4c60-a3e3-466994c121d7}","{cf7ceff6-ec8a-4374-a2e0-14f85bf908ff}","{317f29cf-0811-43f9-b8c9-3125adee74f2}","{3d128e92-e59e-45b6-a6b9-c18f86239073}","{582e7d5c-72b2-4bed-9252-bd37a9118171}","{f8e85d03-841c-4782-9776-3d83a9c490f1}","{40f390f6-d33a-4ebf-a9dd-03737cc33cf3}","{6acb30dd-f92e-4add-bd1b-2281a6bd0925}","{f73d62a0-2cf1-4d35-a566-8cf2df98703a}","{be037af7-ef24-4df2-aaba-aa286ef1729c}","{52906897-9b54-41de-8774-a19545edbe89}","{319fd32c-f0ad-4537-b29e-ea65397191e3}","{c3018a13-2885-44f1-87ce-eb1a1c6bb38d}","{35373b8a-5089-44eb-b98d-236af96839a2}","{71514c6b-293c-4f46-894e-cc20bf47e846}","{b3d0c94b-6469-467a-b541-a9f4aee59df6}","{f6e7dc7b-a083-47b0-826d-d9e90ad4dcac}","{ef42e926-9a22-419a-8d01-831e15561b64}","{d58ec008-4dbb-4a37-bb48-d8d203670151}","{4566204e-baba-4426-a2da-2d5fe1cd18f4}","{0a743526-27a2-46d0-8dc5-28c3e3aa0f7b}","{a4d2efb1-d57a-4911-95ed-fea43caf2d64}","{b2a22924-1bdd-4b36-993a-a3a98e4e75fe}","{d5688dd9-8e19
04-27 06:07:57.504 E/GeckoConsole( 1794): Content JS WARN at app://homescreen.gaiamobile.org/gaia_build_defer_index.js:184 in isHiddenApp: Unexpected role when checking hidden app: undefined
04-27 06:07:57.504 E/GeckoConsole( 1794): Content JS WARN at app://homescreen.gaiamobile.org/gaia_build_defer_index.js:184 in isHiddenApp: Unexpected role when checking hidden app: undefined
04-27 06:07:57.504 E/GeckoConsole( 1794): Content JS WARN at app://homescreen.gaiamobile.org/gaia_build_defer_index.js:184 in isHiddenApp: Unexpected role when checking hidden app: undefined
04-27 06:07:57.504 E/GeckoConsole( 1794): Content JS WARN at app://homescreen.gaiamobile.org/gaia_build_defer_index.js:184 in isHiddenApp: Unexpected role when checking hidden app: undefined
04-27 06:07:57.504 E/GeckoConsole( 1794): Content JS WARN at app://homescreen.gaiamobile.org/gaia_build_defer_index.js:184 in isHiddenApp: Unexpected role when checking hidden app: undefined
04-27 06:07:57.504 E/GeckoConsole( 1794): Content JS WARN at app://homescreen.gaiamobile.org/gaia_build_defer_index.js:184 in isHiddenApp: Unexpected role when checking hidden app: undefined
04-27 06:07:57.504 E/GeckoConsole( 1794): Content JS WARN at app://homescreen.gaiamobile.org/gaia_build_defer_index.js:184 in isHiddenApp: Unexpected role when checking hidden app: undefined
04-27 06:07:57.514 E/GeckoConsole( 1794): Content JS WARN at app://homescreen.gaiamobile.org/gaia_build_defer_index.js:184 in isHiddenApp: Unexpected role when checking hidden app: undefined
04-27 06:07:57.514 E/GeckoConsole( 1794): Content JS WARN at app://homescreen.gaiamobile.org/gaia_build_defer_index.js:184 in isHiddenApp: Unexpected role when checking hidden app: undefined
04-27 06:07:57.514 E/GeckoConsole( 1794): Content JS WARN at app://homescreen.gaiamobile.org/gaia_build_defer_index.js:184 in isHiddenApp: Unexpected role when checking hidden app: undefined
04-27 06:07:57.514 E/GeckoConsole( 1794): Content JS WARN at app://homescreen.gaiamobile.org/gaia_build_defer_index.js:184 in isHiddenApp: Unexpected role when checking hidden app: undefined
04-27 06:07:57.514 E/GeckoConsole( 1794): Content JS WARN at app://homescreen.gaiamobile.org/gaia_build_defer_index.js:184 in isHiddenApp: Unexpected role when checking hidden app: undefined
04-27 06:07:57.514 E/GeckoConsole( 1794): Content JS WARN at app://homescreen.gaiamobile.org/gaia_build_defer_index.js:184 in isHiddenApp: Unexpected role when checking hidden app: undefined
04-27 06:07:57.514 E/GeckoConsole( 1794): Content JS WARN at app://homescreen.gaiamobile.org/gaia_build_defer_index.js:184 in isHiddenApp: Unexpected role when checking hidden app: undefined
04-27 06:07:57.514 E/GeckoConsole( 1794): Content JS WARN at app://homescreen.gaiamobile.org/gaia_build_defer_index.js:184 in isHiddenApp: Unexpected role when checking hidden app: undefined
04-27 06:07:57.514 E/GeckoConsole( 1794): Content JS WARN at app://homescreen.gaiamobile.org/gaia_build_defer_index.js:184 in isHiddenApp: Unexpected role when checking hidden app: undefined
04-27 06:07:57.514 E/GeckoConsole( 1794): Content JS WARN at app://homescreen.gaiamobile.org/gaia_build_defer_index.js:184 in isHiddenApp: Unexpected role when checking hidden app: undefined
04-27 06:07:57.514 E/GeckoConsole( 1794): Content JS WARN at app://homescreen.gaiamobile.org/gaia_build_defer_index.js:184 in isHiddenApp: Unexpected role when checking hidden app: undefined
04-27 06:07:57.514 E/GeckoConsole( 1794): Content JS WARN at app://homescreen.gaiamobile.org/gaia_build_defer_index.js:184 in isHiddenApp: Unexpected role when checking hidden app: undefined
04-27 06:07:57.524 E/GeckoConsole( 1794): Content JS WARN at app://homescreen.gaiamobile.org/gaia_build_defer_index.js:184 in isHiddenApp: Unexpected role when checking hidden app: undefined
04-27 06:07:57.524 E/GeckoConsole( 1794): Content JS WARN at app://homescreen.gaiamobile.org/gaia_build_defer_index.js:184 in isHiddenApp: Unexpected role when checking hidden app: undefined
04-27 06:07:57.524 E/GeckoConsole( 1794): Content JS WARN at app://homescreen.gaiamobile.org/gaia_build_defer_index.js:184 in isHiddenApp: Unexpected role when checking hidden app: undefined
04-27 06:07:57.524 E/GeckoConsole( 1794): Content JS WARN at app://homescreen.gaiamobile.org/gaia_build_defer_index.js:184 in isHiddenApp: Unexpected role when checking hidden app: undefined
04-27 06:07:57.524 E/GeckoConsole( 1794): Content JS WARN at app://homescreen.gaiamobile.org/gaia_build_defer_index.js:184 in isHiddenApp: Unexpected role when checking hidden app: undefined
04-27 06:07:57.524 E/GeckoConsole( 1794): Content JS WARN at app://homescreen.gaiamobile.org/gaia_build_defer_index.js:184 in isHiddenApp: Unexpected role when checking hidden app: undefined
04-27 06:07:57.524 E/GeckoConsole( 1794): Content JS WARN at app://homescreen.gaiamobile.org/gaia_build_defer_index.js:184 in isHiddenApp: Unexpected role when checking hidden app: undefined
04-27 06:07:57.524 E/GeckoConsole( 1794): Content JS WARN at app://homescreen.gaiamobile.org/gaia_build_defer_index.js:184 in isHiddenApp: Unexpected role when checking hidden app: undefined
04-27 06:07:57.524 E/GeckoConsole( 1794): Content JS WARN at app://homescreen.gaiamobile.org/gaia_build_defer_index.js:184 in isHiddenApp: Unexpected role when checking hidden app: undefined
04-27 06:07:57.524 E/GeckoConsole( 1794): Content JS WARN at app://homescreen.gaiamobile.org/gaia_build_defer_index.js:184 in isHiddenApp: Unexpected role when checking hidden app: undefined
04-27 06:07:57.524 E/GeckoConsole( 1794): Content JS WARN at app://homescreen.gaiamobile.org/gaia_build_defer_index.js:184 in isHiddenApp: Unexpected role when checking hidden app: undefined
04-27 06:07:57.534 E/GeckoConsole( 1794): Content JS WARN at app://homescreen.gaiamobile.org/gaia_build_defer_index.js:184 in isHiddenApp: Unexpected role when checking hidden app: undefined
04-27 06:07:57.534 E/GeckoConsole( 1794): Content JS WARN at app://homescreen.gaiamobile.org/gaia_build_defer_index.js:184 in isHiddenApp: Unexpected role when checking hidden app: undefined
04-27 06:07:57.854 I/Gecko   (   83): 1398604077863	Marionette	INFO	sendToClient: {"from":"0","value":"app://homescreen.gaiamobile.org/index.html#rootSun%20Apr%2027%202014%2006:07:55%20GMT-0700%20(UTC)"}, {476acb4c-7303-48b4-83fd-a3e578bbefe0}, {476acb4c-7303-48b4-83fd-a3e578bbefe0}
04-27 06:07:57.854 I/Gecko   (   83): 1398604077870	Marionette	DEBUG	Got request: switchToFrame, data: {"to":"0","sessionId":"3-b2g","name":"switchToFrame","parameters":{"id":null,"focus":true}}, id: {bf7e0630-9ee6-49c6-a64d-cd3a1d334b3c}
04-27 06:07:57.904 I/Gecko   (   83): 1398604077915	Marionette	INFO	Switched to frame: {"frameValue":null}
04-27 06:07:58.004 I/Gecko   (   83): 1398604078019	Marionette	INFO	sendToClient: {"from":"0","ok":true}, {bf7e0630-9ee6-49c6-a64d-cd3a1d334b3c}, {bf7e0630-9ee6-49c6-a64d-cd3a1d334b3c}
04-27 06:07:58.014 I/Gecko   (   83): 1398604078025	Marionette	DEBUG	Got request: switchToFrame, data: {"to":"0","sessionId":"3-b2g","name":"switchToFrame","parameters":{"id":null,"focus":true}}, id: {4e986a41-686e-480c-9162-83326993c854}
04-27 06:07:58.014 I/Gecko   (   83): 1398604078026	Marionette	INFO	Switched to frame: {"frameValue":null}
04-27 06:07:58.114 I/Gecko   (   83): 1398604078128	Marionette	INFO	sendToClient: {"from":"0","ok":true}, {4e986a41-686e-480c-9162-83326993c854}, {4e986a41-686e-480c-9162-83326993c854}
04-27 06:07:58.124 I/Gecko   (   83): 1398604078135	Marionette	DEBUG	Got request: executeWithCallback, data: {"to":"0","sessionId":"3-b2g","name":"executeAsyncScript","parameters":{"specialPowers":false,"scriptTimeout":30000,"newSandbox":true,"args":[],"filename":"app_checker.py","script":"GaiaApps.launchWithManifestURL('https://marketplace.firefox.com/app/81b80fae-9469-4c32-b1a1-9f8057202326/manifest.webapp')","line":106}}, id: {aa75bb82-83f3-403b-962f-792331d27806}
04-27 06:07:58.224 I/Gonk    (   83): Setting nice for pid 1802 to 18
04-27 06:07:58.224 I/Gonk    (   83): Changed nice for pid 1802 from 18 to 18.
04-27 06:07:58.234 I/Gecko   (   83): [Parent 83] WARNING: waitpid failed pid:1802 errno:10: file ../../../gecko/ipc/chromium/src/base/process_util_posix.cc, line 254
04-27 06:07:58.234 I/Gonk    (   83): Setting nice for pid 1802 to 1
04-27 06:07:58.234 I/Gonk    (   83): Changed nice for pid 1802 from 18 to 1.
04-27 06:07:58.294 E/GeckoConsole(   83): Content JS LOG at dummy file:334 in GaiaApps.launch: launching app with name 'WhiteLantern'
04-27 06:07:58.414 E/[Gralloc-ERROR](   83): int gralloc_register_buffer(const gralloc_module_t*, const native_handle_t*):79 Unable to register handle 0x466b6880 coming from different process: 83
04-27 06:07:58.484 E/[Gralloc-ERROR](   83): int gralloc_register_buffer(const gralloc_module_t*, const native_handle_t*):79 Unable to register handle 0x466b69c0 coming from different process: 83
04-27 06:07:58.494 E/[Gralloc-ERROR](   83): int gralloc_register_buffer(const gralloc_module_t*, const native_handle_t*):79 Unable to register handle 0x466b6a60 coming from different process: 83
04-27 06:07:58.494 E/[Gralloc-ERROR](   83): int gralloc_register_buffer(const gralloc_module_t*, const native_handle_t*):79 Unable to register handle 0x466b6c90 coming from different process: 83
04-27 06:07:58.594 D/Sensors (   83): activate handle=0; drv=0
04-27 06:07:58.594 D/Sensors (   83): Lis3dhSensor: Control set 1
04-27 06:07:58.594 D/Sensors (   83): Lis3dhSensor: mEnabled = 1
04-27 06:07:58.724 I/Gonk    (   83): Setting nice for pid 1794 to 18
04-27 06:07:58.724 I/Gonk    (   83): Changed nice for pid 1794 from 1 to 18.
04-27 06:07:58.834 I/Gonk    (   83): Setting nice for pid 1864 to 18
04-27 06:07:58.834 I/Gonk    (   83): Changed nice for pid 1864 from 0 to 18.
04-27 06:07:59.944 I/Gecko   ( 1802): ###################################### forms.js loaded
04-27 06:07:59.964 I/Gecko   ( 1802): ############################### browserElementPanning.js loaded
04-27 06:07:59.994 I/Gecko   ( 1802): ######################## BrowserElementChildPreload.js loaded
04-27 06:08:00.334 I/Gecko   (   83): 
04-27 06:08:00.334 I/Gecko   (   83): ###!!! [Parent][MessageChannel] Error: Channel error: cannot send/recv
04-27 06:08:00.334 I/Gecko   (   83): 
04-27 06:08:00.374 I/GeckoDump(   83): Crash reporter : Can't fetch app.reportCrashes. Exception: [Exception... "Component returned failure code: 0x8000ffff (NS_ERROR_UNEXPECTED) [nsIPrefBranch.getBoolPref]"  nsresult: "0x8000ffff (NS_ERROR_UNEXPECTED)"  location: "JS frame :: chrome://browser/content/shell.js :: shell_reportCrash :: line 7"  data: no]
04-27 06:08:00.374 I/Gecko   (   83): [Parent 83] WARNING: waitpid failed pid:1794 errno:10: file ../../../gecko/ipc/chromium/src/base/process_util_posix.cc, line 254
04-27 06:08:00.704 W/WifiHW  (   83): wifi_command: SIGNAL_POLL
04-27 06:08:00.884 I/Gonk    (   83): Setting nice for pid 1864 to 18
04-27 06:08:00.884 I/Gonk    (   83): Changed nice for pid 1864 from 18 to 18.
04-27 06:08:00.884 I/Gecko   (   83): [Parent 83] WARNING: waitpid failed pid:1864 errno:10: file ../../../gecko/ipc/chromium/src/base/process_util_posix.cc, line 254
04-27 06:08:00.884 I/Gonk    (   83): Setting nice for pid 1864 to 1
04-27 06:08:00.884 I/Gonk    (   83): Changed nice for pid 1864 from 18 to 1.
04-27 06:08:00.894 I/Gonk    (   83): Setting nice for pid 1864 to 18
04-27 06:08:00.894 I/Gonk    (   83): Changed nice for pid 1864 from 1 to 18.
04-27 06:08:01.014 I/Gecko   (   83): 1398604081027	Marionette	INFO	sendToClient: {"from":"0","value":{"frame":{"ELEMENT":"{07a2cdb1-7bd4-4c6e-bd7c-80f2ac3ef6c3}"},"src":"app://{6ef803f4-4d4b-4b70-92de-ca5f7fa51457}/index.html","name":"WhiteLantern","origin":"app://{6ef803f4-4d4b-4b70-92de-ca5f7fa51457}"}}, {aa75bb82-83f3-403b-962f-792331d27806}, {aa75bb82-83f3-403b-962f-792331d27806}
04-27 06:08:01.014 E/GeckoConsole(   83): Content JS LOG at dummy file:326 in GaiaApps.launch/appOpen/<: app with origin 'app://{6ef803f4-4d4b-4b70-92de-ca5f7fa51457}' has launched
04-27 06:08:01.074 E/[Gralloc-ERROR](   83): int gralloc_unregister_buffer(const gralloc_module_t*, const native_handle_t*):274 Trying to unregister buffer 0x466b6880 from process 83 that was not created in current process: 83
04-27 06:08:01.074 E/[Gralloc-ERROR](   83): int gralloc_unregister_buffer(const gralloc_module_t*, const native_handle_t*):274 Trying to unregister buffer 0x466b69c0 from process 83 that was not created in current process: 83
04-27 06:08:01.074 E/[Gralloc-ERROR](   83): int gralloc_unregister_buffer(const gralloc_module_t*, const native_handle_t*):274 Trying to unregister buffer 0x466b6a60 from process 83 that was not created in current process: 83
04-27 06:08:01.074 E/[Gralloc-ERROR](   83): int gralloc_unregister_buffer(const gralloc_module_t*, const native_handle_t*):274 Trying to unregister buffer 0x466b6c90 from process 83 that was not created in current process: 83
04-27 06:08:01.154 I/Gecko   (   83): 1398604081166	Marionette	DEBUG	Got request: switchToFrame, data: {"to":"0","sessionId":"3-b2g","name":"switchToFrame","parameters":{"focus":true,"element":"{07a2cdb1-7bd4-4c6e-bd7c-80f2ac3ef6c3}"}}, id: {d08f1c44-cd64-4838-b1d5-307449e5a1f6}
04-27 06:08:01.164 I/Gecko   (   83): 1398604081176	Marionette	INFO	Switched to frame: {"frameValue":"{07a2cdb1-7bd4-4c6e-bd7c-80f2ac3ef6c3}"}
04-27 06:08:01.164 I/Gecko   (   83): 1398604081178	Marionette	INFO	trying remote frame 0
04-27 06:08:01.164 I/Gecko   (   83): 1398604081179	Marionette	INFO	trying remote frame 1
04-27 06:08:01.164 I/Gecko   (   83): 1398604081180	Marionette	INFO	trying remote frame 2
04-27 06:08:01.164 I/Gecko   (   83): 1398604081181	Marionette	INFO	deleting frame
04-27 06:08:01.174 I/Gecko   (   83): 1398604081186	Marionette	INFO	frame-manager load script: [object ChromeMessageSender]
04-27 06:08:01.604 I/Gecko   (   83): 1398604081619	Marionette	INFO	sendToClient: {"from":"0","ok":true}, {d08f1c44-cd64-4838-b1d5-307449e5a1f6}, {d08f1c44-cd64-4838-b1d5-307449e5a1f6}
04-27 06:08:01.624 I/Gecko   (   83): 1398604081632	Marionette	INFO	sendToClient: {"from":"0","value":"app://{6ef803f4-4d4b-4b70-92de-ca5f7fa51457}/index.html"}, {7b2bcf5c-7ada-496e-b12e-c37b84f2ddee}, {7b2bcf5c-7ada-496e-b12e-c37b84f2ddee}
04-27 06:08:01.624 I/Gecko   (   83): 1398604081638	Marionette	DEBUG	Got request: execute, data: {"to":"0","sessionId":"3-b2g","name":"executeScript","parameters":{"specialPowers":false,"scriptTimeout":null,"newSandbox":true,"args":[],"filename":"app_checker.py","script":"return window.document.readyState;","line":191}}, id: {728e7161-ad8a-4585-bbd0-c3da1842d529}
04-27 06:08:01.664 I/Gecko   (   83): 1398604081673	Marionette	INFO	sendToClient: {"from":"0","value":"complete"}, {728e7161-ad8a-4585-bbd0-c3da1842d529}, {728e7161-ad8a-4585-bbd0-c3da1842d529}
04-27 06:08:01.674 I/Gecko   (   83): 1398604081685	Marionette	INFO	sendToClient: {"from":"0","value":"app://{6ef803f4-4d4b-4b70-92de-ca5f7fa51457}/index.html"}, {948e4900-c133-44ec-b994-7d79b219e74d}, {948e4900-c133-44ec-b994-7d79b219e74d}
04-27 06:08:01.684 I/Gecko   ( 1802): Attempting load of libEGL.so
04-27 06:08:01.804 D/libEGL  ( 1802): loaded /system/lib/egl/libEGL_mali.so
04-27 06:08:01.824 D/libEGL  ( 1802): loaded /system/lib/egl/libGLESv1_CM_mali.so
04-27 06:08:01.834 D/libEGL  ( 1802): loaded /system/lib/egl/libGLESv2_mali.so
04-27 06:08:01.874 I/Gecko   ( 1802): SharedSurface_Gralloc::Create -------
04-27 06:08:01.914 I/Gecko   ( 1802): SharedSurface_Gralloc::Create: success -- surface 0x432b1f80, GraphicBuffer 0x43d1d100.
04-27 06:08:02.374 I/Gecko   (   83): [Parent 83] WARNING: waitpid failed pid:1794 errno:10: file ../../../gecko/ipc/chromium/src/base/process_util_posix.cc, line 254
04-27 06:08:02.374 I/Gecko   (   83): [Parent 83] WARNING: Failed to deliver SIGKILL to 1794!(3).: file ../../../gecko/ipc/chromium/src/chrome/common/process_watcher_posix_sigchld.cc, line 118
04-27 06:08:02.654 I/Gecko   (   83): 1398604082669	Marionette	INFO	sendToClient: {"from":"0","value":"iVBORw0KGgoAAAANSUhEUgAAAUAAAAHMCAYAAACk4nEJAAAF8ElEQVR4nO3UMQEAAAiAMPuX1hgebAm4mAWImu8AgC8GCGQZIJBlgECWAQJZBghkGSCQZYBAlgECWQYIZBkgkGWAQJYBAlkGCGQZIJBlgECWAQJZBghkGSCQZYBAlgECWQYIZBkgkGWAQJYBAlkGCGQZIJBlgECWAQJZBghkGSCQZYBAlgECWQYIZBkgkGWAQJYBAlkGCGQZIJBlgECWAQJZBghkGSCQZYBAlgECWQYIZBkgkGWAQJYBAlkGCGQZIJBlgECWAQJZBghkGSCQZYBAlgECWQYIZBkgkGWAQJYBAlkGCGQZIJBlgECWAQJZBghkGSCQZYBAlgECWQYIZBkgkGWAQJYBAlkGCGQZIJBlgECWAQJZBghkGSCQZYBAlgECWQYIZBkgkGWAQJYBAlkGCGQZIJBlgECWAQJZBghkGSCQZYBAlgECWQYIZBkgkGWAQJYBAlkGCGQZIJBlgECWAQJZBghkGSCQZYBAlgECWQYIZBkgkGWAQJYBAlkGCGQZIJBlgECWAQJZBghkGSCQZYBAlgECWQYIZBkgkGWAQJYBAlkGCGQZIJBlgECWAQJZBghkGSCQZYBAlgECWQYIZBkgkGWAQJYBAlkGCGQZIJBlgECWAQJZBghkGSCQZYBAlgECWQYIZBkgkGWAQJYBAlkGCGQZIJBlgECWAQJZBghkGSCQZYBAlgECWQYIZBkgkGWAQJYBAlkGCGQZIJBlgECWAQJZBghkGSCQZYBAlgECWQYIZBkgkGWAQJYBAlkGCGQZIJBlgECWAQJZBghkGSCQZYBAlgECWQYIZBkgkGWAQJYBAlkGCGQZIJBlgECWAQJZBghkGSCQZYBAlgECWQYIZBkgkGWAQJYBAlkGCGQZIJBlgECWAQJZBghkGSCQZYBAlgECWQ
04-27 06:08:02.894 I/Gecko   (   83): 1398604082908	Marionette	INFO	sendToClient: {"from":"0","ok":true}, {789f394c-76d5-428c-b6e6-7e114b5f0feb}, {789f394c-76d5-428c-b6e6-7e114b5f0feb}
04-27 06:08:02.904 I/Gecko   (   83): 1398604082916	Marionette	DEBUG	Got request: switchToFrame, data: {"to":"0","sessionId":"3-b2g","name":"switchToFrame","parameters":{"id":null,"focus":true}}, id: {93adb400-5bcb-48e6-a8fb-627ea68d0a63}
04-27 06:08:02.934 I/Gecko   (   83): 1398604082948	Marionette	INFO	Switched to frame: {"frameValue":null}
04-27 06:08:03.554 I/Gecko   (   83): 1398604083566	Marionette	INFO	sendToClient: {"from":"0","ok":true}, {93adb400-5bcb-48e6-a8fb-627ea68d0a63}, {93adb400-5bcb-48e6-a8fb-627ea68d0a63}
04-27 06:08:03.564 I/Gecko   (   83): 1398604083578	Marionette	DEBUG	Got request: executeWithCallback, data: {"to":"0","sessionId":"3-b2g","name":"executeAsyncScript","parameters":{"specialPowers":false,"scriptTimeout":null,"newSandbox":true,"args":[],"filename":"gaia_test.py","script":"return GaiaApps.displayedApp();","line":66}}, id: {61159d3e-8e0a-47b6-9c23-fda290452680}
04-27 06:08:03.674 E/GeckoConsole(   83): Content JS LOG at dummy file:392 in GaiaApps.displayedApp: app with origin 'app://{6ef803f4-4d4b-4b70-92de-ca5f7fa51457}' is displayed
04-27 06:08:03.674 I/Gecko   (   83): 1398604083686	Marionette	INFO	sendToClient: {"from":"0","value":{"frame":{"ELEMENT":"{07a2cdb1-7bd4-4c6e-bd7c-80f2ac3ef6c3}"},"src":"app://{6ef803f4-4d4b-4b70-92de-ca5f7fa51457}/index.html","name":"WhiteLantern","origin":"app://{6ef803f4-4d4b-4b70-92de-ca5f7fa51457}"}}, {61159d3e-8e0a-47b6-9c23-fda290452680}, {61159d3e-8e0a-47b6-9c23-fda290452680}
04-27 06:08:03.684 I/Gecko   (   83): 1398604083692	Marionette	DEBUG	Got request: switchToFrame, data: {"to":"0","sessionId":"3-b2g","name":"switchToFrame","parameters":{"id":null,"focus":true}}, id: {11f57cfc-2c0a-4a82-867f-1368ceb971a6}
04-27 06:08:03.724 I/Gecko   (   83): 1398604083735	Marionette	INFO	Switched to frame: {"frameValue":null}
04-27 06:08:03.774 I/Gecko   (   83): 
04-27 06:08:03.774 I/Gecko   (   83): ###!!! [Parent][MessageChannel] Error: Channel error: cannot send/recv
04-27 06:08:03.774 I/Gecko   (   83): 
04-27 06:08:03.824 I/GeckoDump(   83): Crash reporter : Can't fetch app.reportCrashes. Exception: [Exception... "Component returned failure code: 0x8000ffff (NS_ERROR_UNEXPECTED) [nsIPrefBranch.getBoolPref]"  nsresult: "0x8000ffff (NS_ERROR_UNEXPECTED)"  location: "JS frame :: chrome://browser/content/shell.js :: shell_reportCrash :: line 7"  data: no]
04-27 06:08:03.834 I/Gecko   (   83): [Parent 83] WARNING: waitpid failed pid:1864 errno:10: file ../../../gecko/ipc/chromium/src/base/process_util_posix.cc, line 254
04-27 06:08:03.844 I/Gecko   (   83): 1398604083852	Marionette	INFO	sendToClient: {"from":"0","ok":true}, {11f57cfc-2c0a-4a82-867f-1368ceb971a6}, {11f57cfc-2c0a-4a82-867f-1368ceb971a6}
04-27 06:08:03.844 I/Gecko   (   83): 1398604083858	Marionette	DEBUG	Got request: execute, data: {"to":"0","sessionId":"3-b2g","name":"executeScript","parameters":{"specialPowers":false,"scriptTimeout":null,"newSandbox":true,"args":[],"filename":"gaia_test.py","script":"window.wrappedJSObject.dispatchEvent(new Event('home'));","line":788}}, id: {3c9ae248-ba03-4895-ae7d-825b0312911b}
04-27 06:08:03.924 D/Sensors (   83): activate handle=0; drv=0
04-27 06:08:03.944 D/Sensors (   83): Lis3dhSensor: Control set 0
04-27 06:08:03.944 D/Sensors (   83): Lis3dhSensor: mEnabled = 0
04-27 06:08:04.004 I/Gonk    (   83): Setting nice for pid 1883 to 18
04-27 06:08:04.004 I/Gonk    (   83): Changed nice for pid 1883 from 0 to 18.
04-27 06:08:04.024 I/Gecko   (   83): 1398604084032	Marionette	INFO	sendToClient: {"from":"0","value":null}, {3c9ae248-ba03-4895-ae7d-825b0312911b}, {3c9ae248-ba03-4895-ae7d-825b0312911b}
04-27 06:08:04.034 I/Gonk    (   83): Setting nice for pid 1883 to 18
04-27 06:08:04.044 I/Gonk    (   83): Changed nice for pid 1883 from 18 to 18.
04-27 06:08:04.044 I/Gecko   (   83): [Parent 83] WARNING: waitpid failed pid:1883 errno:10: file ../../../gecko/ipc/chromium/src/base/process_util_posix.cc, line 254
04-27 06:08:04.054 I/Gonk    (   83): Setting nice for pid 1883 to 1
04-27 06:08:04.054 I/Gonk    (   83): Changed nice for pid 1883 from 18 to 1.
04-27 06:08:04.064 I/Gecko   (   83): 1398604084077	Marionette	DEBUG	Got request: switchToFrame, data: {"to":"0","sessionId":"3-b2g","name":"switchToFrame","parameters":{"id":null,"focus":true}}, id: {2dc6471e-5904-4b3c-a56c-7e7e1c970b40}
04-27 06:08:04.064 I/Gecko   (   83): 1398604084080	Marionette	INFO	Switched to frame: {"frameValue":null}
04-27 06:08:04.174 I/Gecko   (   83): 1398604084182	Marionette	INFO	sendToClient: {"from":"0","ok":true}, {2dc6471e-5904-4b3c-a56c-7e7e1c970b40}, {2dc6471e-5904-4b3c-a56c-7e7e1c970b40}
04-27 06:08:04.174 I/Gecko   (   83): 1398604084189	Marionette	DEBUG	Got request: executeWithCallback, data: {"to":"0","sessionId":"3-b2g","name":"executeAsyncScript","parameters":{"specialPowers":false,"scriptTimeout":null,"newSandbox":true,"args":[],"filename":"gaia_test.py","script":"return GaiaApps.displayedApp();","line":66}}, id: {3865817c-7ce1-4e10-bed8-b421ced43a3c}
04-27 06:08:04.264 E/GeckoConsole(   83): Content JS LOG at dummy file:392 in GaiaApps.displayedApp: app with origin 'app://homescreen.gaiamobile.org' is displayed
04-27 06:08:04.264 I/Gecko   (   83): 1398604084276	Marionette	INFO	sendToClient: {"from":"0","value":{"frame":{"ELEMENT":"{c2bb3ac4-3518-4a89-a248-d8dbc4b7a6d7}"},"src":"app://homescreen.gaiamobile.org/index.html#root","name":"Homescreen","origin":"app://homescreen.gaiamobile.org"}}, {3865817c-7ce1-4e10-bed8-b421ced43a3c}, {3865817c-7ce1-4e10-bed8-b421ced43a3c}
04-27 06:08:04.274 I/Gecko   (   83): 1398604084282	Marionette	DEBUG	Got request: switchToFrame, data: {"to":"0","sessionId":"3-b2g","name":"switchToFrame","parameters":{"id":null,"focus":true}}, id: {e4e4f0b7-7c79-432e-af2a-1d06cba39533}
04-27 06:08:04.274 I/Gecko   (   83): 1398604084283	Marionette	INFO	Switched to frame: {"frameValue":null}
04-27 06:08:04.374 I/Gecko   (   83): 1398604084386	Marionette	INFO	sendToClient: {"from":"0","ok":true}, {e4e4f0b7-7c79-432e-af2a-1d06cba39533}, {e4e4f0b7-7c79-432e-af2a-1d06cba39533}
04-27 06:08:04.384 I/Gecko   (   83): 1398604084392	Marionette	DEBUG	Got request: switchToFrame, data: {"to":"0","sessionId":"3-b2g","name":"switchToFrame","parameters":{"id":null,"focus":true}}, id: {b823361b-793a-40fc-aaea-eb230af5d4a4}
04-27 06:08:04.384 I/Gecko   (   83): 1398604084394	Marionette	INFO	Switched to frame: {"frameValue":null}
04-27 06:08:04.484 I/Gecko   (   83): 1398604084497	Marionette	INFO	sendToClient: {"from":"0","ok":true}, {b823361b-793a-40fc-aaea-eb230af5d4a4}, {b823361b-793a-40fc-aaea-eb230af5d4a4}
04-27 06:08:04.494 I/Gecko   (   83): 1398604084503	Marionette	DEBUG	Got request: executeWithCallback, data: {"to":"0","sessionId":"3-b2g","name":"executeAsyncScript","parameters":{"specialPowers":false,"scriptTimeout":null,"newSandbox":true,"args":[],"filename":"gaia_test.py","script":"return GaiaApps.displayedApp();","line":66}}, id: {1ffab46c-0705-4e75-9683-69edc8d40f28}
04-27 06:08:04.564 E/GeckoConsole(   83): Content JS LOG at dummy file:392 in GaiaApps.displayedApp: app with origin 'app://homescreen.gaiamobile.org' is displayed
04-27 06:08:04.574 I/Gecko   (   83): 1398604084583	Marionette	INFO	sendToClient: {"from":"0","value":{"frame":{"ELEMENT":"{c2bb3ac4-3518-4a89-a248-d8dbc4b7a6d7}"},"src":"app://homescreen.gaiamobile.org/index.html#root","name":"Homescreen","origin":"app://homescreen.gaiamobile.org"}}, {1ffab46c-0705-4e75-9683-69edc8d40f28}, {1ffab46c-0705-4e75-9683-69edc8d40f28}
04-27 06:08:04.584 I/Gecko   (   83): 1398604084597	Marionette	DEBUG	Got request: switchToFrame, data: {"to":"0","sessionId":"3-b2g","name":"switchToFrame","parameters":{"focus":true,"element":"{c2bb3ac4-3518-4a89-a248-d8dbc4b7a6d7}"}}, id: {c43a1f69-1c2b-4c67-820c-fa17fd12f0e0}
04-27 06:08:04.594 I/Gecko   (   83): 1398604084610	Marionette	INFO	Switched to frame: {"frameValue":"{c2bb3ac4-3518-4a89-a248-d8dbc4b7a6d7}"}
04-27 06:08:04.604 I/Gecko   (   83): 1398604084619	Marionette	INFO	trying remote frame 0
04-27 06:08:04.614 I/Gecko   (   83): 1398604084629	Marionette	INFO	trying remote frame 1
04-27 06:08:04.614 I/Gecko   (   83): 1398604084630	Marionette	INFO	trying remote frame 2
04-27 06:08:04.614 I/Gecko   (   83): 1398604084631	Marionette	INFO	deleting frame
04-27 06:08:04.624 I/Gecko   (   83): 1398604084640	Marionette	INFO	frame-manager load script: [object ChromeMessageSender]
04-27 06:08:05.104 E/[Gralloc-ERROR](   83): int gralloc_register_buffer(const gralloc_module_t*, const native_handle_t*):79 Unable to register handle 0x4533d060 coming from different process: 83
04-27 06:08:05.104 E/[Gralloc-ERROR](   83): int gralloc_register_buffer(const gralloc_module_t*, const native_handle_t*):79 Unable to register handle 0x453570b0 coming from different process: 83
04-27 06:08:05.374 E/[Gralloc-ERROR](   83): int gralloc_unregister_buffer(const gralloc_module_t*, const native_handle_t*):274 Trying to unregister buffer 0x453570b0 from process 83 that was not created in current process: 83
04-27 06:08:05.374 E/[Gralloc-ERROR](   83): int gralloc_unregister_buffer(const gralloc_module_t*, const native_handle_t*):274 Trying to unregister buffer 0x4533d060 from process 83 that was not created in current process: 83
04-27 06:08:05.744 W/WifiHW  (   83): wifi_command: SIGNAL_POLL
04-27 06:08:05.784 I/Gonk    (   83): Setting nice for pid 1802 to 18
04-27 06:08:05.784 I/Gonk    (   83): Changed nice for pid 1802 from 1 to 18.
04-27 06:08:05.834 I/Gecko   (   83): [Parent 83] WARNING: waitpid failed pid:1864 errno:10: file ../../../gecko/ipc/chromium/src/base/process_util_posix.cc, line 254
04-27 06:08:05.834 I/Gecko   (   83): [Parent 83] WARNING: Failed to deliver SIGKILL to 1864!(3).: file ../../../gecko/ipc/chromium/src/chrome/common/process_watcher_posix_sigchld.cc, line 118
04-27 06:08:05.974 I/Gonk    (   83): Setting nice for pid 1892 to 18
04-27 06:08:05.974 I/Gonk    (   83): Changed nice for pid 1892 from 0 to 18.
04-27 06:08:06.154 I/Gecko   ( 1883): ###################################### forms.js loaded
04-27 06:08:06.254 I/Gecko   ( 1883): ############################### browserElementPanning.js loaded
04-27 06:08:06.334 I/Gecko   ( 1883): ######################## BrowserElementChildPreload.js loaded
04-27 06:08:07.364 I/Gecko   (   83): [Parent 83] WARNING: pipe error (165): Connection reset by peer: file ../../../gecko/ipc/chromium/src/chrome/common/ipc_channel_posix.cc, line 446
04-27 06:08:07.364 I/Gecko   (   83): 
04-27 06:08:07.364 I/Gecko   (   83): ###!!! [Parent][MessageChannel] Error: Channel error: cannot send/recv
04-27 06:08:07.364 I/Gecko   (   83): 
04-27 06:08:07.464 I/GeckoDump(   83): Crash reporter : Can't fetch app.reportCrashes. Exception: [Exception... "Component returned failure code: 0x8000ffff (NS_ERROR_UNEXPECTED) [nsIPrefBranch.getBoolPref]"  nsresult: "0x8000ffff (NS_ERROR_UNEXPECTED)"  location: "JS frame :: chrome://browser/content/shell.js :: shell_reportCrash :: line 7"  data: no]
04-27 06:08:07.464 I/Gecko   (   83): [Parent 83] WARNING: waitpid failed pid:1802 errno:10: file ../../../gecko/ipc/chromium/src/base/process_util_posix.cc, line 254
04-27 06:08:08.234 I/Gecko   ( 1892): ###################################### forms.js loaded
04-27 06:08:08.284 I/Gecko   ( 1892): ############################### browserElementPanning.js loaded
04-27 06:08:08.324 I/Gecko   (   83): 1398604088338	Marionette	INFO	sendToClient: {"from":"0","ok":true}, {c43a1f69-1c2b-4c67-820c-fa17fd12f0e0}, {c43a1f69-1c2b-4c67-820c-fa17fd12f0e0}
04-27 06:08:08.354 I/Gecko   ( 1892): ######################## BrowserElementChildPreload.js loaded
04-27 06:08:08.984 I/Gecko   (   83): 1398604088992	Marionette	INFO	sendToClient: {"from":"0","value":"app://homescreen.gaiamobile.org/index.html#root"}, {3b22c6d0-f17f-433d-b2bc-4b8c18a92447}, {3b22c6d0-f17f-433d-b2bc-4b8c18a92447}
04-27 06:08:09.014 I/Gecko   (   83): 1398604089024	Marionette	DEBUG	Got request: switchToFrame, data: {"to":"0","sessionId":"3-b2g","name":"switchToFrame","parameters":{"id":null,"focus":true}}, id: {f6ef8668-111c-4daa-8774-dd7c8feba10c}
04-27 06:08:09.054 I/Gecko   (   83): 1398604089066	Marionette	INFO	Switched to frame: {"frameValue":null}
04-27 06:08:09.154 I/Gecko   (   83): 1398604089171	Marionette	INFO	sendToClient: {"from":"0","ok":true}, {f6ef8668-111c-4daa-8774-dd7c8feba10c}, {f6ef8668-111c-4daa-8774-dd7c8feba10c}
04-27 06:08:09.174 I/Gecko   (   83): 1398604089183	Marionette	DEBUG	Got request: switchToFrame, data: {"to":"0","sessionId":"3-b2g","name":"switchToFrame","parameters":{"id":null,"focus":true}}, id: {03cc4578-5e1c-4bd3-9dcb-9a94b18f3177}
04-27 06:08:09.174 I/Gecko   (   83): 1398604089185	Marionette	INFO	Switched to frame: {"frameValue":null}
04-27 06:08:09.354 I/Gecko   (   83): 1398604089366	Marionette	INFO	sendToClient: {"from":"0","ok":true}, {03cc4578-5e1c-4bd3-9dcb-9a94b18f3177}, {03cc4578-5e1c-4bd3-9dcb-9a94b18f3177}
04-27 06:08:09.364 I/Gecko   (   83): 1398604089374	Marionette	DEBUG	Got request: executeWithCallback, data: {"to":"0","sessionId":"3-b2g","name":"executeAsyncScript","parameters":{"specialPowers":false,"scriptTimeout":null,"newSandbox":true,"args":[],"filename":"gaia_test.py","script":"GaiaApps.killAll()","line":91}}, id: {1baf1d0b-2e20-467b-ae0c-22fa9464c09a}
04-27 06:08:09.414 I/Gecko   (   83): 1398604089422	Marionette	INFO	sendToClient: {"from":"0","value":true}, {1baf1d0b-2e20-467b-ae0c-22fa9464c09a}, {1baf1d0b-2e20-467b-ae0c-22fa9464c09a}
04-27 06:08:09.424 I/Gecko   (   83): 1398604089436	Marionette	DEBUG	Got request: switchToFrame, data: {"to":"0","sessionId":"3-b2g","name":"switchToFrame","parameters":{"id":null,"focus":true}}, id: {f34cb9e0-c400-4ec0-b76e-0bfbc210cf90}
04-27 06:08:09.424 I/Gecko   (   83): 1398604089438	Marionette	INFO	Switched to frame: {"frameValue":null}
04-27 06:08:09.464 I/Gecko   (   83): [Parent 83] WARNING: waitpid failed pid:1802 errno:10: file ../../../gecko/ipc/chromium/src/base/process_util_posix.cc, line 254
04-27 06:08:09.464 I/Gecko   (   83): [Parent 83] WARNING: Failed to deliver SIGKILL to 1802!(3).: file ../../../gecko/ipc/chromium/src/chrome/common/process_watcher_posix_sigchld.cc, line 118
04-27 06:08:09.744 I/Gecko   (   83): 1398604089753	Marionette	INFO	sendToClient: {"from":"0","ok":true}, {f34cb9e0-c400-4ec0-b76e-0bfbc210cf90}, {f34cb9e0-c400-4ec0-b76e-0bfbc210cf90}
04-27 06:08:09.984 I/Gecko   (   83): 1398604089993	Marionette	DEBUG	Got request: executeWithCallback, data: {"to":"0","sessionId":"3-b2g","name":"executeAsyncScript","parameters":{"specialPowers":false,"scriptTimeout":60000,"newSandbox":true,"args":[],"filename":"app_checker.py","script":"\n        GaiaApps.locateWithManifestURL('https://marketplace.firefox.com/app/81b80fae-9469-4c32-b1a1-9f8057202326/manifest.webapp',\n                                       null,\n                                       function uninstall(app) {\n                                       navigator.mozApps.mgmt.uninstall(app);\n                                       marionetteScriptFinished(true);\n                                       });\n        ","line":129}}, id: {af952f77-c4ff-4fb0-bb04-7b2a34f4127a}
04-27 06:08:10.034 I/Gecko   (   83): -- webapps.js uninstall https://marketplace.firefox.com/app/81b80fae-9469-4c32-b1a1-9f8057202326/manifest.webapp
04-27 06:08:10.304 I/Gecko   (   83): 1398604090315	Marionette	INFO	sendToClient: {"from":"0","value":true}, {af952f77-c4ff-4fb0-bb04-7b2a34f4127a}, {af952f77-c4ff-4fb0-bb04-7b2a34f4127a}