--------- beginning of /dev/log/main
04-28 02:35:56.179 I/Gecko   (   84): 1398677756184	Marionette	INFO	sendToClient: {"from":"0","ok":true}, {dcc4f227-fd21-41bd-abeb-63cbdb294f79}, {dcc4f227-fd21-41bd-abeb-63cbdb294f79}
04-28 02:35:56.209 I/Gecko   (   84): 1398677756219	Marionette	DEBUG	Got request: switchToFrame, data: {"to":"0","sessionId":"3-b2g","name":"switchToFrame","parameters":{"id":null,"focus":true}}, id: {93c6e80b-1e54-4338-bae6-9874cc9364dd}
04-28 02:35:56.229 I/Gecko   (   84): 1398677756240	Marionette	INFO	Switched to frame: {"frameValue":null}
04-28 02:35:56.339 I/Gecko   (   84): 1398677756344	Marionette	INFO	sendToClient: {"from":"0","ok":true}, {93c6e80b-1e54-4338-bae6-9874cc9364dd}, {93c6e80b-1e54-4338-bae6-9874cc9364dd}
04-28 02:35:56.339 I/Gecko   (   84): 1398677756351	Marionette	DEBUG	Got request: executeWithCallback, data: {"to":"0","sessionId":"3-b2g","name":"executeAsyncScript","parameters":{"specialPowers":false,"scriptTimeout":null,"newSandbox":true,"args":[],"filename":"gaia_test.py","script":"return GaiaApps.displayedApp();","line":66}}, id: {d115fa47-88bb-4cb6-8eed-92ea2ffb6a81}
04-28 02:35:56.429 E/GeckoConsole(   84): Content JS LOG at dummy file:392 in GaiaApps.displayedApp: app with origin 'app://homescreen.gaiamobile.org' is displayed
04-28 02:35:56.429 I/Gecko   (   84): 1398677756439	Marionette	INFO	sendToClient: {"from":"0","value":{"frame":{"ELEMENT":"{7f0b679d-9276-41ac-afc2-999433cbc8e9}"},"src":"app://homescreen.gaiamobile.org/index.html#root","name":"Homescreen","origin":"app://homescreen.gaiamobile.org"}}, {d115fa47-88bb-4cb6-8eed-92ea2ffb6a81}, {d115fa47-88bb-4cb6-8eed-92ea2ffb6a81}
04-28 02:35:56.459 I/Gecko   (   84): 1398677756464	Marionette	DEBUG	Got request: switchToFrame, data: {"to":"0","sessionId":"3-b2g","name":"switchToFrame","parameters":{"id":null,"focus":true}}, id: {3c30c408-2627-4afe-b9c5-9b9c1d2d6625}
04-28 02:35:56.459 I/Gecko   (   84): 1398677756466	Marionette	INFO	Switched to frame: {"frameValue":null}
04-28 02:35:56.569 I/Gecko   (   84): 1398677756574	Marionette	INFO	sendToClient: {"from":"0","ok":true}, {3c30c408-2627-4afe-b9c5-9b9c1d2d6625}, {3c30c408-2627-4afe-b9c5-9b9c1d2d6625}
04-28 02:35:56.569 I/Gecko   (   84): 1398677756580	Marionette	DEBUG	Got request: switchToFrame, data: {"to":"0","sessionId":"3-b2g","name":"switchToFrame","parameters":{"id":null,"focus":true}}, id: {b0d45f70-db42-4c0f-a97a-5b7d8c9935ab}
04-28 02:35:56.579 I/Gecko   (   84): 1398677756586	Marionette	INFO	Switched to frame: {"frameValue":null}
04-28 02:35:56.679 I/Gecko   (   84): 1398677756689	Marionette	INFO	sendToClient: {"from":"0","ok":true}, {b0d45f70-db42-4c0f-a97a-5b7d8c9935ab}, {b0d45f70-db42-4c0f-a97a-5b7d8c9935ab}
04-28 02:35:56.689 I/Gecko   (   84): 1398677756695	Marionette	DEBUG	Got request: executeWithCallback, data: {"to":"0","sessionId":"3-b2g","name":"executeAsyncScript","parameters":{"specialPowers":false,"scriptTimeout":null,"newSandbox":true,"args":[],"filename":"gaia_test.py","script":"return GaiaApps.displayedApp();","line":66}}, id: {64b9b10c-1ac0-4381-b8fb-8067d5b61dcc}
04-28 02:35:56.779 E/GeckoConsole(   84): Content JS LOG at dummy file:392 in GaiaApps.displayedApp: app with origin 'app://homescreen.gaiamobile.org' is displayed
04-28 02:35:56.779 I/Gecko   (   84): 1398677756785	Marionette	INFO	sendToClient: {"from":"0","value":{"frame":{"ELEMENT":"{7f0b679d-9276-41ac-afc2-999433cbc8e9}"},"src":"app://homescreen.gaiamobile.org/index.html#root","name":"Homescreen","origin":"app://homescreen.gaiamobile.org"}}, {64b9b10c-1ac0-4381-b8fb-8067d5b61dcc}, {64b9b10c-1ac0-4381-b8fb-8067d5b61dcc}
04-28 02:35:56.789 I/Gecko   (   84): 1398677756795	Marionette	DEBUG	Got request: switchToFrame, data: {"to":"0","sessionId":"3-b2g","name":"switchToFrame","parameters":{"focus":true,"element":"{7f0b679d-9276-41ac-afc2-999433cbc8e9}"}}, id: {e9116cea-22cb-4b5a-bc62-a9775a3974ec}
04-28 02:35:56.799 I/Gecko   (   84): 1398677756806	Marionette	INFO	Switched to frame: {"frameValue":"{7f0b679d-9276-41ac-afc2-999433cbc8e9}"}
04-28 02:35:56.809 I/Gecko   (   84): 1398677756813	Marionette	INFO	trying remote frame 0
04-28 02:35:56.809 I/Gecko   (   84): 1398677756816	Marionette	INFO	trying remote frame 1
04-28 02:35:56.809 I/Gecko   (   84): 1398677756817	Marionette	INFO	deleting frame
04-28 02:35:56.819 I/Gecko   (   84): 1398677756827	Marionette	INFO	frame-manager load script: [object ChromeMessageSender]
04-28 02:35:57.199 I/Gecko   (   84): 1398677757205	Marionette	INFO	sendToClient: {"from":"0","ok":true}, {e9116cea-22cb-4b5a-bc62-a9775a3974ec}, {e9116cea-22cb-4b5a-bc62-a9775a3974ec}
04-28 02:35:57.329 I/Gecko   (   84): 1398677757333	Marionette	INFO	sendToClient: {"from":"0","value":{"ELEMENT":"{c56f05b6-1685-4226-8d7c-2566578126d7}"}}, {320f23e4-1f2f-4b78-bf00-0e53675cd9b2}, {320f23e4-1f2f-4b78-bf00-0e53675cd9b2}
04-28 02:35:57.909 E/GeckoConsole( 1617): [JavaScript Warning: "Use of getAttributeNode() is deprecated. Use getAttribute() instead." {file: "chrome://marionette/content/atoms.js" line: 25}]
04-28 02:35:57.919 E/GeckoConsole( 1617): [JavaScript Warning: "Use of attributes' specified attribute is deprecated. It always returns true." {file: "chrome://marionette/content/atoms.js" line: 25}]
04-28 02:35:57.929 I/Gecko   (   84): 1398677757934	Marionette	INFO	sendToClient: {"from":"0","value":"normal"}, {5a696d7f-5d9a-4fbb-9a5a-5b39c9fb3ad8}, {5a696d7f-5d9a-4fbb-9a5a-5b39c9fb3ad8}
04-28 02:35:57.929 I/Gecko   (   84): 1398677757941	Marionette	DEBUG	Got request: switchToFrame, data: {"to":"0","sessionId":"3-b2g","name":"switchToFrame","parameters":{"id":null,"focus":true}}, id: {13b7c03d-637a-438b-ab55-f29b3330740c}
04-28 02:35:57.949 I/Gecko   (   84): 1398677757958	Marionette	INFO	Switched to frame: {"frameValue":null}
04-28 02:35:58.069 V/AudioPolicyManagerBase(   89): startOutput() output 1, stream 1, session 4
04-28 02:35:58.069 V/AudioPolicyManagerBase(   89): changeRefCount() stream 1, count 1
04-28 02:35:58.069 V/AudioPolicyManagerBase(   89): getDeviceForStrategy() from cache strategy 0, device 2
04-28 02:35:58.069 V/AudioPolicyManagerBase(   89): getNewDevice() selected device 2
04-28 02:35:58.069 D/AudioPolicyManagerBase(   89): setOutputDevice() output 1 device 2 delayMs 0
04-28 02:35:58.069 V/AudioPolicyManagerBase(   89): setOutputDevice() setting same device 2 or null device for output 1
04-28 02:35:58.069 E/AudioPolicyManagerBase(   89): checkAndSetVolume stream=1, index=0, output=1, device=2
04-28 02:35:58.069 E/AudioPolicyManagerBase(   89): computeVolume, streamDesc=0x1450bb8
04-28 02:35:58.069 I/Gecko   (   84): 1398677758080	Marionette	INFO	sendToClient: {"from":"0","ok":true}, {13b7c03d-637a-438b-ab55-f29b3330740c}, {13b7c03d-637a-438b-ab55-f29b3330740c}
04-28 02:35:58.109 I/Gecko   (   84): 1398677758115	Marionette	DEBUG	Got request: execute, data: {"to":"0","sessionId":"3-b2g","name":"executeScript","parameters":{"specialPowers":false,"scriptTimeout":null,"newSandbox":true,"args":[],"filename":"gaia_test.py","script":"window.wrappedJSObject.dispatchEvent(new Event('home'));","line":788}}, id: {fe12c9bc-eb7f-461a-9b6f-8b8eaa7dc468}
04-28 02:35:58.179 W/AudioFlinger(   89): Thread AudioOut_1 cannot connect to the power manager service
04-28 02:35:58.179 V/AudioPolicyManagerBase(   89): stopOutput() output 1, stream 1, session 4
04-28 02:35:58.179 V/AudioPolicyManagerBase(   89): changeRefCount() stream 1, count 0
04-28 02:35:58.179 V/AudioPolicyManagerBase(   89): getNewDevice() selected device 0
04-28 02:35:58.179 D/AudioPolicyManagerBase(   89): setOutputDevice() output 1 device 0 delayMs 290
04-28 02:35:58.179 V/AudioPolicyManagerBase(   89): setOutputDevice() setting same device 0 or null device for output 1
04-28 02:35:58.199 V/AudioPolicyManagerBase(   89): startOutput() output 1, stream 1, session 4
04-28 02:35:58.199 V/AudioPolicyManagerBase(   89): changeRefCount() stream 1, count 1
04-28 02:35:58.199 V/AudioPolicyManagerBase(   89): getDeviceForStrategy() from cache strategy 0, device 2
04-28 02:35:58.199 V/AudioPolicyManagerBase(   89): getNewDevice() selected device 2
04-28 02:35:58.199 D/AudioPolicyManagerBase(   89): setOutputDevice() output 1 device 2 delayMs 0
04-28 02:35:58.199 V/AudioPolicyManagerBase(   89): setOutputDevice() setting same device 2 or null device for output 1
04-28 02:35:58.199 E/AudioPolicyManagerBase(   89): checkAndSetVolume stream=1, index=0, output=1, device=2
04-28 02:35:58.199 E/AudioPolicyManagerBase(   89): computeVolume, streamDesc=0x1450bb8
04-28 02:35:58.199 V/AudioPolicyManagerBase(   89): stopOutput() output 1, stream 1, session 4
04-28 02:35:58.199 V/AudioPolicyManagerBase(   89): changeRefCount() stream 1, count 0
04-28 02:35:58.199 V/AudioPolicyManagerBase(   89): getNewDevice() selected device 0
04-28 02:35:58.199 D/AudioPolicyManagerBase(   89): setOutputDevice() output 1 device 0 delayMs 290
04-28 02:35:58.199 V/AudioPolicyManagerBase(   89): setOutputDevice() setting same device 0 or null device for output 1
04-28 02:35:58.199 V/AudioPolicyManagerBase(   89): releaseOutput() 1
04-28 02:35:58.209 I/Gecko   (   84): 1398677758212	Marionette	INFO	sendToClient: {"from":"0","value":null}, {fe12c9bc-eb7f-461a-9b6f-8b8eaa7dc468}, {fe12c9bc-eb7f-461a-9b6f-8b8eaa7dc468}
04-28 02:35:58.229 I/Gecko   (   84): 1398677758233	Marionette	DEBUG	Got request: switchToFrame, data: {"to":"0","sessionId":"3-b2g","name":"switchToFrame","parameters":{"id":null,"focus":true}}, id: {94cf4dae-9ae3-483b-bcca-176ac207eb6c}
04-28 02:35:58.229 I/Gecko   (   84): 1398677758236	Marionette	INFO	Switched to frame: {"frameValue":null}
04-28 02:35:58.339 I/Gecko   (   84): 1398677758342	Marionette	INFO	sendToClient: {"from":"0","ok":true}, {94cf4dae-9ae3-483b-bcca-176ac207eb6c}, {94cf4dae-9ae3-483b-bcca-176ac207eb6c}
04-28 02:35:58.339 I/Gecko   (   84): 1398677758350	Marionette	DEBUG	Got request: switchToFrame, data: {"to":"0","sessionId":"3-b2g","name":"switchToFrame","parameters":{"id":null,"focus":true}}, id: {0b4d1bd8-1a43-4d6d-b362-1536dbe9d77c}
04-28 02:35:58.339 I/Gecko   (   84): 1398677758352	Marionette	INFO	Switched to frame: {"frameValue":null}
04-28 02:35:58.449 I/Gecko   (   84): 1398677758456	Marionette	INFO	sendToClient: {"from":"0","ok":true}, {0b4d1bd8-1a43-4d6d-b362-1536dbe9d77c}, {0b4d1bd8-1a43-4d6d-b362-1536dbe9d77c}
04-28 02:35:58.459 I/Gecko   (   84): 1398677758464	Marionette	DEBUG	Got request: executeWithCallback, data: {"to":"0","sessionId":"3-b2g","name":"executeAsyncScript","parameters":{"specialPowers":false,"scriptTimeout":null,"newSandbox":true,"args":[],"filename":"gaia_test.py","script":"return GaiaApps.displayedApp();","line":66}}, id: {520e6ccc-a3d8-4e28-b152-31d939797d5b}
04-28 02:35:58.519 I/Gecko   (   84): 1398677758530	Marionette	INFO	sendToClient: {"from":"0","value":{"frame":{"ELEMENT":"{7f0b679d-9276-41ac-afc2-999433cbc8e9}"},"src":"app://homescreen.gaiamobile.org/index.html#rootMon%20Apr%2028%202014%2002:35:58%20GMT-0700%20(UTC)","name":"Homescreen","origin":"app://homescreen.gaiamobile.org"}}, {520e6ccc-a3d8-4e28-b152-31d939797d5b}, {520e6ccc-a3d8-4e28-b152-31d939797d5b}
04-28 02:35:58.529 E/GeckoConsole(   84): Content JS LOG at dummy file:392 in GaiaApps.displayedApp: app with origin 'app://homescreen.gaiamobile.org' is displayed
04-28 02:35:58.539 I/Gecko   (   84): 1398677758548	Marionette	DEBUG	Got request: switchToFrame, data: {"to":"0","sessionId":"3-b2g","name":"switchToFrame","parameters":{"focus":true,"element":"{7f0b679d-9276-41ac-afc2-999433cbc8e9}"}}, id: {fd57562c-eafc-43e1-8ee8-72ac4af7df73}
04-28 02:35:58.549 I/Gecko   (   84): 1398677758559	Marionette	INFO	Switched to frame: {"frameValue":"{7f0b679d-9276-41ac-afc2-999433cbc8e9}"}
04-28 02:35:58.559 I/Gecko   (   84): 1398677758563	Marionette	INFO	trying remote frame 0
04-28 02:35:58.559 I/Gecko   (   84): 1398677758568	Marionette	INFO	trying remote frame 1
04-28 02:35:58.749 I/Gecko   (   84): 1398677758758	Marionette	INFO	sendToClient: {"from":"0","ok":true}, {fd57562c-eafc-43e1-8ee8-72ac4af7df73}, {fd57562c-eafc-43e1-8ee8-72ac4af7df73}
04-28 02:35:58.759 I/Gecko   (   84): 1398677758765	Marionette	DEBUG	Got request: execute, data: {"to":"0","sessionId":"3-b2g","name":"executeScript","parameters":{"specialPowers":false,"scriptTimeout":null,"newSandbox":true,"args":[],"filename":"gaia_test.py","script":"return window.wrappedJSObject.GridManager.pageHelper.getCurrentPageNumber();","line":784}}, id: {19701aae-f0a3-40db-87d9-d48eae4e2b07}
04-28 02:35:58.889 I/Gecko   (   84): 1398677758897	Marionette	INFO	sendToClient: {"from":"0","value":0}, {19701aae-f0a3-40db-87d9-d48eae4e2b07}, {19701aae-f0a3-40db-87d9-d48eae4e2b07}
04-28 02:35:58.989 I/Gecko   (   84): 1398677758994	Marionette	INFO	sendToClient: {"from":"0","value":["{f8d72aad-80c6-410f-b1eb-0e8f30a53a7e}","{bc052338-2e6f-41d1-b478-e3b44a8a09a7}","{d1cd349c-369f-488e-b11d-2025ab8efb8f}","{80c9f760-1f7d-4ea0-bd3a-fd38833e0c99}","{3e2da104-be85-4b9c-857d-e1836d15f61a}","{a924cb36-7ccd-49a4-a765-766a168db626}","{75aad725-be8e-4860-b675-40654d35d75b}","{bf7f8970-b98b-4153-b5e0-c83cd76330de}","{370b106b-89aa-4221-a9bb-5f45711124be}","{3e49efc9-e375-4753-8ae1-19073d4ea754}","{ed1c7b8c-8304-47e3-85f7-e129a226197d}","{14b1da2e-fe90-434c-82b6-241dcd32fa6b}","{dc762f0d-df41-487f-afdc-27416567631d}","{be2144d0-9652-4289-83e0-4c1028f9e7a0}","{2ea10d13-567b-42c4-a063-26cfeded2d5c}","{758fcff5-187f-40d9-9f4e-a86c90f8171a}","{9697c457-8fda-4811-a3f0-5907d58cd601}","{4ddc30a5-8ed0-4191-8d51-317e2623bd6a}","{72c33cf6-761c-4419-b970-b6cec8a1372b}","{5a6a5a56-157b-488c-aca9-b9366821f860}","{51ff6ebe-ab0b-408a-81b6-8f4bac9244fe}","{1dcf65b9-b972-459b-9992-f003d0cd9b65}","{71c2458e-40d5-4aeb-a08d-315d19417dd1}","{0dd44f7e-3e6f
04-28 02:35:59.209 I/Gecko   (   84): 1398677759215	Marionette	INFO	sendToClient: {"from":"0","value":"app://homescreen.gaiamobile.org/index.html#rootMon%20Apr%2028%202014%2002:35:58%20GMT-0700%20(UTC)"}, {74733006-c8cc-4c43-bf09-a302f9b24d5f}, {74733006-c8cc-4c43-bf09-a302f9b24d5f}
04-28 02:35:59.239 I/Gecko   (   84): 1398677759243	Marionette	DEBUG	Got request: switchToFrame, data: {"to":"0","sessionId":"3-b2g","name":"switchToFrame","parameters":{"id":null,"focus":true}}, id: {01e6626f-c101-4d93-8c6d-bfc36f4dfdde}
04-28 02:35:59.239 I/Gecko   (   84): 1398677759251	Marionette	INFO	Switched to frame: {"frameValue":null}
04-28 02:35:59.349 I/Gecko   (   84): 1398677759353	Marionette	INFO	sendToClient: {"from":"0","ok":true}, {01e6626f-c101-4d93-8c6d-bfc36f4dfdde}, {01e6626f-c101-4d93-8c6d-bfc36f4dfdde}
04-28 02:35:59.349 I/Gecko   (   84): 1398677759359	Marionette	DEBUG	Got request: switchToFrame, data: {"to":"0","sessionId":"3-b2g","name":"switchToFrame","parameters":{"id":null,"focus":true}}, id: {d5adf9c8-76d6-47be-9364-745dc90edf4e}
04-28 02:35:59.349 I/Gecko   (   84): 1398677759361	Marionette	INFO	Switched to frame: {"frameValue":null}
04-28 02:35:59.459 I/Gecko   (   84): 1398677759464	Marionette	INFO	sendToClient: {"from":"0","ok":true}, {d5adf9c8-76d6-47be-9364-745dc90edf4e}, {d5adf9c8-76d6-47be-9364-745dc90edf4e}
04-28 02:35:59.459 I/Gecko   (   84): 1398677759471	Marionette	DEBUG	Got request: executeWithCallback, data: {"to":"0","sessionId":"3-b2g","name":"executeAsyncScript","parameters":{"specialPowers":false,"scriptTimeout":30000,"newSandbox":true,"args":[],"filename":"app_checker.py","script":"GaiaApps.launchWithManifestURL('https://marketplace.firefox.com/app/eb0e8dce-da8a-460b-9e7b-1ffed5edaba4/manifest.webapp')","line":106}}, id: {60421e06-47bb-4ff3-babe-a41a64b77f1e}
04-28 02:35:59.639 I/Gonk    (   84): Setting nice for pid 1625 to 18
04-28 02:35:59.649 I/Gonk    (   84): Changed nice for pid 1625 from 18 to 18.
04-28 02:35:59.649 I/Gecko   (   84): [Parent 84] WARNING: waitpid failed pid:1625 errno:10: file ../../../gecko/ipc/chromium/src/base/process_util_posix.cc, line 254
04-28 02:35:59.679 I/Gonk    (   84): Setting nice for pid 1625 to 1
04-28 02:35:59.679 I/Gonk    (   84): Changed nice for pid 1625 from 18 to 1.
04-28 02:35:59.739 E/GeckoConsole(   84): Content JS LOG at dummy file:334 in GaiaApps.launch: launching app with name 'ZaiRoN's Firefox OS KeygenME'
04-28 02:35:59.949 E/[Gralloc-ERROR](   84): int gralloc_register_buffer(const gralloc_module_t*, const native_handle_t*):79 Unable to register handle 0x473cc240 coming from different process: 84
04-28 02:35:59.969 E/[Gralloc-ERROR](   84): int gralloc_register_buffer(const gralloc_module_t*, const native_handle_t*):79 Unable to register handle 0x473cc4c0 coming from different process: 84
04-28 02:36:00.019 E/[Gralloc-ERROR](   84): int gralloc_register_buffer(const gralloc_module_t*, const native_handle_t*):79 Unable to register handle 0x473cc650 coming from different process: 84
04-28 02:36:00.019 E/[Gralloc-ERROR](   84): int gralloc_register_buffer(const gralloc_module_t*, const native_handle_t*):79 Unable to register handle 0x473cc740 coming from different process: 84
04-28 02:36:00.179 D/Sensors (   84): activate handle=0; drv=0
04-28 02:36:00.199 D/Sensors (   84): Lis3dhSensor: Control set 1
04-28 02:36:00.199 D/Sensors (   84): Lis3dhSensor: mEnabled = 1
04-28 02:36:00.309 I/Gonk    (   84): Setting nice for pid 1617 to 18
04-28 02:36:00.319 I/Gonk    (   84): Changed nice for pid 1617 from 1 to 18.
04-28 02:36:00.529 W/WifiHW  (   84): wifi_command: SIGNAL_POLL
04-28 02:36:01.409 I/Gecko   ( 1625): ###################################### forms.js loaded
04-28 02:36:01.429 I/log     ( 1694): <4>0[ 751.940423] select 1617 (Homescreen), adj 8, size 7253, to kill 
04-28 02:36:01.489 I/Gecko   ( 1625): ############################### browserElementPanning.js loaded
04-28 02:36:01.519 I/Gonk    (   84): Setting nice for pid 1695 to 18
04-28 02:36:01.539 I/Gonk    (   84): Changed nice for pid 1695 from 0 to 18.
04-28 02:36:01.559 I/Gecko   ( 1625): ######################## BrowserElementChildPreload.js loaded
04-28 02:36:03.309 I/Gecko   (   84): 
04-28 02:36:03.309 I/Gecko   (   84): ###!!! [Parent][MessageChannel] Error: Channel error: cannot send/recv
04-28 02:36:03.309 I/Gecko   (   84): 
04-28 02:36:03.429 I/GeckoDump(   84): Crash reporter : Can't fetch app.reportCrashes. Exception: [Exception... "Component returned failure code: 0x8000ffff (NS_ERROR_UNEXPECTED) [nsIPrefBranch.getBoolPref]"  nsresult: "0x8000ffff (NS_ERROR_UNEXPECTED)"  location: "JS frame :: chrome://browser/content/shell.js :: shell_reportCrash :: line 7"  data: no]
04-28 02:36:03.519 I/Gecko   (   84): [Parent 84] WARNING: waitpid failed pid:1617 errno:10: file ../../../gecko/ipc/chromium/src/base/process_util_posix.cc, line 254
04-28 02:36:04.039 I/Gecko   ( 1695): ###################################### forms.js loaded
04-28 02:36:04.099 I/Gecko   ( 1695): ############################### browserElementPanning.js loaded
04-28 02:36:04.179 I/Gecko   ( 1695): ######################## BrowserElementChildPreload.js loaded
04-28 02:36:04.379 E/GeckoConsole( 1625): [JavaScript Error: "The character encoding of the HTML document was not declared. The document will render with garbled text in some browser configurations if the document contains characters from outside the US-ASCII range. The character encoding of the page must be declared in the document or in the transfer protocol." {file: "app://{40077e9e-72ff-4460-8099-fd3e61568fc7}/index.html" line: 0}]
04-28 02:36:05.079 I/Gonk    (   84): Setting nice for pid 1695 to 18
04-28 02:36:05.079 I/Gonk    (   84): Changed nice for pid 1695 from 0 to 18.
04-28 02:36:05.079 I/Gecko   (   84): [Parent 84] WARNING: waitpid failed pid:1695 errno:10: file ../../../gecko/ipc/chromium/src/base/process_util_posix.cc, line 254
04-28 02:36:05.089 I/Gonk    (   84): Setting nice for pid 1695 to 1
04-28 02:36:05.089 I/Gonk    (   84): Changed nice for pid 1695 from 18 to 1.
04-28 02:36:05.149 I/Gonk    (   84): Setting nice for pid 1695 to 18
04-28 02:36:05.149 I/Gonk    (   84): Changed nice for pid 1695 from 1 to 18.
04-28 02:36:05.519 I/Gecko   (   84): [Parent 84] WARNING: waitpid failed pid:1617 errno:10: file ../../../gecko/ipc/chromium/src/base/process_util_posix.cc, line 254
04-28 02:36:05.519 I/Gecko   (   84): [Parent 84] WARNING: Failed to deliver SIGKILL to 1617!(3).: file ../../../gecko/ipc/chromium/src/chrome/common/process_watcher_posix_sigchld.cc, line 118
04-28 02:36:05.569 E/GeckoConsole(   84): Content JS LOG at dummy file:326 in GaiaApps.launch/appOpen/<: app with origin 'app://{40077e9e-72ff-4460-8099-fd3e61568fc7}' has launched
04-28 02:36:05.569 I/Gecko   (   84): 1398677765575	Marionette	INFO	sendToClient: {"from":"0","value":{"frame":{"ELEMENT":"{f8cf2aeb-7bf8-416b-948a-1d7e65008606}"},"src":"app://{40077e9e-72ff-4460-8099-fd3e61568fc7}/index.html","name":"ZaiRoN's Firefox OS KeygenME","origin":"app://{40077e9e-72ff-4460-8099-fd3e61568fc7}"}}, {60421e06-47bb-4ff3-babe-a41a64b77f1e}, {60421e06-47bb-4ff3-babe-a41a64b77f1e}
04-28 02:36:05.569 E/[Gralloc-ERROR](   84): int gralloc_unregister_buffer(const gralloc_module_t*, const native_handle_t*):274 Trying to unregister buffer 0x473cc240 from process 84 that was not created in current process: 84
04-28 02:36:05.569 E/[Gralloc-ERROR](   84): int gralloc_unregister_buffer(const gralloc_module_t*, const native_handle_t*):274 Trying to unregister buffer 0x473cc4c0 from process 84 that was not created in current process: 84
04-28 02:36:05.569 E/[Gralloc-ERROR](   84): int gralloc_unregister_buffer(const gralloc_module_t*, const native_handle_t*):274 Trying to unregister buffer 0x473cc650 from process 84 that was not created in current process: 84
04-28 02:36:05.569 E/[Gralloc-ERROR](   84): int gralloc_unregister_buffer(const gralloc_module_t*, const native_handle_t*):274 Trying to unregister buffer 0x473cc740 from process 84 that was not created in current process: 84
04-28 02:36:05.619 W/WifiHW  (   84): wifi_command: SIGNAL_POLL
04-28 02:36:05.679 I/Gecko   (   84): 1398677765682	Marionette	DEBUG	Got request: switchToFrame, data: {"to":"0","sessionId":"3-b2g","name":"switchToFrame","parameters":{"focus":true,"element":"{f8cf2aeb-7bf8-416b-948a-1d7e65008606}"}}, id: {377ebd35-7a81-41cb-a922-62edc2acbc19}
04-28 02:36:05.679 I/Gecko   (   84): 1398677765691	Marionette	INFO	Switched to frame: {"frameValue":"{f8cf2aeb-7bf8-416b-948a-1d7e65008606}"}
04-28 02:36:05.699 I/Gecko   (   84): [Parent 84] WARNING: pipe error (163): Connection reset by peer: file ../../../gecko/ipc/chromium/src/chrome/common/ipc_channel_posix.cc, line 446
04-28 02:36:05.709 I/Gecko   (   84): 
04-28 02:36:05.709 I/Gecko   (   84): ###!!! [Parent][MessageChannel] Error: Channel error: cannot send/recv
04-28 02:36:05.709 I/Gecko   (   84): 
04-28 02:36:05.739 I/GeckoDump(   84): Crash reporter : Can't fetch app.reportCrashes. Exception: [Exception... "Component returned failure code: 0x8000ffff (NS_ERROR_UNEXPECTED) [nsIPrefBranch.getBoolPref]"  nsresult: "0x8000ffff (NS_ERROR_UNEXPECTED)"  location: "JS frame :: chrome://browser/content/shell.js :: shell_reportCrash :: line 7"  data: no]
04-28 02:36:05.749 I/Gecko   (   84): 1398677765754	Marionette	INFO	trying remote frame 0
04-28 02:36:05.749 I/Gecko   (   84): 1398677765756	Marionette	INFO	trying remote frame 1
04-28 02:36:05.749 I/Gecko   (   84): 1398677765759	Marionette	INFO	deleting frame
04-28 02:36:05.759 I/Gecko   (   84): 1398677765765	Marionette	INFO	frame-manager load script: [object ChromeMessageSender]
04-28 02:36:05.769 I/Gecko   (   84): [Parent 84] WARNING: waitpid failed pid:1695 errno:10: file ../../../gecko/ipc/chromium/src/base/process_util_posix.cc, line 254
04-28 02:36:06.149 I/Gecko   (   84): 1398677766162	Marionette	INFO	sendToClient: {"from":"0","ok":true}, {377ebd35-7a81-41cb-a922-62edc2acbc19}, {377ebd35-7a81-41cb-a922-62edc2acbc19}
04-28 02:36:06.199 I/Gecko   (   84): 1398677766212	Marionette	INFO	sendToClient: {"from":"0","value":"app://{40077e9e-72ff-4460-8099-fd3e61568fc7}/index.html"}, {2b689da9-58b1-4ce1-933d-64f964371054}, {2b689da9-58b1-4ce1-933d-64f964371054}
04-28 02:36:06.209 I/Gecko   (   84): 1398677766220	Marionette	DEBUG	Got request: execute, data: {"to":"0","sessionId":"3-b2g","name":"executeScript","parameters":{"specialPowers":false,"scriptTimeout":null,"newSandbox":true,"args":[],"filename":"app_checker.py","script":"return window.document.readyState;","line":191}}, id: {107e1047-9061-4966-a776-d6045f9f12cb}
04-28 02:36:06.269 I/Gecko   (   84): 1398677766273	Marionette	INFO	sendToClient: {"from":"0","value":"complete"}, {107e1047-9061-4966-a776-d6045f9f12cb}, {107e1047-9061-4966-a776-d6045f9f12cb}
04-28 02:36:06.269 I/Gecko   (   84): 1398677766281	Marionette	INFO	sendToClient: {"from":"0","value":"app://{40077e9e-72ff-4460-8099-fd3e61568fc7}/index.html"}, {fa7131b1-3d98-433e-acb5-0c8306ac6a4e}, {fa7131b1-3d98-433e-acb5-0c8306ac6a4e}
04-28 02:36:06.289 I/Gecko   ( 1625): Attempting load of libEGL.so
04-28 02:36:06.319 D/libEGL  ( 1625): loaded /system/lib/egl/libEGL_mali.so
04-28 02:36:06.339 D/libEGL  ( 1625): loaded /system/lib/egl/libGLESv1_CM_mali.so
04-28 02:36:06.349 D/libEGL  ( 1625): loaded /system/lib/egl/libGLESv2_mali.so
04-28 02:36:06.399 I/Gecko   ( 1625): SharedSurface_Gralloc::Create -------
04-28 02:36:06.419 I/Gecko   ( 1625): SharedSurface_Gralloc::Create: success -- surface 0x435755c0, GraphicBuffer 0x43cad180.
04-28 02:36:07.239 I/Gecko   (   84): 1398677767244	Marionette	INFO	sendToClient: {"from":"0","value":"iVBORw0KGgoAAAANSUhEUgAAAUAAAAHMCAYAAACk4nEJAAAgAElEQVR4nO2dd3gU1frHTwohEDqoIF1U0KsXBQQUBBcEIVQVCFVBQLiCgHhBqlx6IHSk99CRXiW0AFIUEDEKCBguIfQAKSQhm81+f3/w2727OzM7s5vdTXC+n+d5H8jMmXPeU+a7U86cV4AQQnSKyGkHCCEkp6AAEkJ0CwWQEKJbKICEEN1CASSE6BYKICFEt1AACSG6hQJICNEtFEBCiG6hABJCdAsFkBCiWyiAhBDdQgEkhOgWCiAhRLdQAAkhuoUCSAjRLRRAQohuoQASQnQLBZAQolsogIQQ3UIBJIToFgogIUS3UAAJIbqFAkgI0S1PpQCeOHECjRo1Qvny5fHBBx/g559/zmmXiIdg3xJf8tQJYGxsLPLnzw8hhNUKFCiAa9eu5bRrJJs8rX17/fp1HD9+HNHR0bh8+TLS0tJy2iWikadOAKdOnWp3glhs1qxZOe0aySZPU9+aTCbMmjULL774oqzPNWrUQHh4OB49epTTrhInaBLAu3fvIiYmxi1LSEjwqMMzZ86UHXDz5s2zS3f+/HlFny5cuIDExESYzWaP+qYVJd/++usv2fTx8fGStOnp6db96enpkv137971VXXscNbuSvbw4UMA2vs2p8nIyMAHH3wg66utlS1bFpmZmTntbra4cuUKpk+fjp49e6JFixZo2rQpunbtinHjxuHMmTMun0OJiYlYv349xo0bh65du6JRo0Zo27Yt+vTpg8jISNy8edNLNZFHkwBOnDhRtbOVbPbs2R51OD4+HoULF7Yro1ixYrh165ZduuLFi6v6lj9/frz00ksIDQ3FwoULffZrreRbwYIFZX3o1auXJG1MTIx1/+3btyX7J06c6JO6OKKl3R1t//79ALT3bU4zdOhQTfUaP358TrvqNr/99hvef/991T
04-28 02:36:07.769 I/Gecko   (   84): [Parent 84] WARNING: waitpid failed pid:1695 errno:10: file ../../../gecko/ipc/chromium/src/base/process_util_posix.cc, line 254
04-28 02:36:07.769 I/Gecko   (   84): [Parent 84] WARNING: Failed to deliver SIGKILL to 1695!(3).: file ../../../gecko/ipc/chromium/src/chrome/common/process_watcher_posix_sigchld.cc, line 118
04-28 02:36:07.849 I/Gecko   (   84): 1398677767856	Marionette	INFO	sendToClient: {"from":"0","ok":true}, {2b9ed648-4fe2-4af6-ba10-cc55dc58e6bf}, {2b9ed648-4fe2-4af6-ba10-cc55dc58e6bf}
04-28 02:36:07.859 I/Gecko   (   84): 1398677767864	Marionette	DEBUG	Got request: switchToFrame, data: {"to":"0","sessionId":"3-b2g","name":"switchToFrame","parameters":{"id":null,"focus":true}}, id: {cc8d79b0-0dd2-48ac-b6d4-5c8344612709}
04-28 02:36:07.879 I/Gecko   (   84): 1398677767891	Marionette	INFO	Switched to frame: {"frameValue":null}
04-28 02:36:07.989 I/Gecko   (   84): 1398677768000	Marionette	INFO	sendToClient: {"from":"0","ok":true}, {cc8d79b0-0dd2-48ac-b6d4-5c8344612709}, {cc8d79b0-0dd2-48ac-b6d4-5c8344612709}
04-28 02:36:07.999 I/Gecko   (   84): 1398677768007	Marionette	DEBUG	Got request: executeWithCallback, data: {"to":"0","sessionId":"3-b2g","name":"executeAsyncScript","parameters":{"specialPowers":false,"scriptTimeout":null,"newSandbox":true,"args":[],"filename":"gaia_test.py","script":"return GaiaApps.displayedApp();","line":66}}, id: {350c240e-190c-419c-bce6-07ce726f1fdc}
04-28 02:36:08.059 I/Gecko   (   84): 1398677768072	Marionette	INFO	sendToClient: {"from":"0","value":{"frame":{"ELEMENT":"{f8cf2aeb-7bf8-416b-948a-1d7e65008606}"},"src":"app://{40077e9e-72ff-4460-8099-fd3e61568fc7}/index.html","name":"ZaiRoN's Firefox OS KeygenME","origin":"app://{40077e9e-72ff-4460-8099-fd3e61568fc7}"}}, {350c240e-190c-419c-bce6-07ce726f1fdc}, {350c240e-190c-419c-bce6-07ce726f1fdc}
04-28 02:36:08.069 E/GeckoConsole(   84): Content JS LOG at dummy file:392 in GaiaApps.displayedApp: app with origin 'app://{40077e9e-72ff-4460-8099-fd3e61568fc7}' is displayed
04-28 02:36:08.069 I/Gecko   (   84): 1398677768081	Marionette	DEBUG	Got request: switchToFrame, data: {"to":"0","sessionId":"3-b2g","name":"switchToFrame","parameters":{"id":null,"focus":true}}, id: {0d334f67-56ab-4f16-9fd2-bc926b215912}
04-28 02:36:08.079 I/Gecko   (   84): 1398677768084	Marionette	INFO	Switched to frame: {"frameValue":null}
04-28 02:36:08.179 I/Gecko   (   84): 1398677768186	Marionette	INFO	sendToClient: {"from":"0","ok":true}, {0d334f67-56ab-4f16-9fd2-bc926b215912}, {0d334f67-56ab-4f16-9fd2-bc926b215912}
04-28 02:36:08.189 I/Gecko   (   84): 1398677768193	Marionette	DEBUG	Got request: execute, data: {"to":"0","sessionId":"3-b2g","name":"executeScript","parameters":{"specialPowers":false,"scriptTimeout":null,"newSandbox":true,"args":[],"filename":"gaia_test.py","script":"window.wrappedJSObject.dispatchEvent(new Event('home'));","line":788}}, id: {408e6947-d766-45c3-a25b-ec15185dd16b}
04-28 02:36:08.339 D/Sensors (   84): activate handle=0; drv=0
04-28 02:36:08.349 D/Sensors (   84): Lis3dhSensor: Control set 0
04-28 02:36:08.349 D/Sensors (   84): Lis3dhSensor: mEnabled = 0
04-28 02:36:08.439 I/Gecko   (   84): 1398677768448	Marionette	INFO	sendToClient: {"from":"0","value":null}, {408e6947-d766-45c3-a25b-ec15185dd16b}, {408e6947-d766-45c3-a25b-ec15185dd16b}
04-28 02:36:08.559 I/Gonk    (   84): Setting nice for pid 1718 to 18
04-28 02:36:08.559 I/Gonk    (   84): Changed nice for pid 1718 from 0 to 18.
04-28 02:36:08.609 I/Gonk    (   84): Setting nice for pid 1718 to 18
04-28 02:36:08.609 I/Gonk    (   84): Changed nice for pid 1718 from 18 to 18.
04-28 02:36:08.609 I/Gecko   (   84): [Parent 84] WARNING: waitpid failed pid:1718 errno:10: file ../../../gecko/ipc/chromium/src/base/process_util_posix.cc, line 254
04-28 02:36:08.609 I/Gonk    (   84): Setting nice for pid 1718 to 1
04-28 02:36:08.609 I/Gonk    (   84): Changed nice for pid 1718 from 18 to 1.
04-28 02:36:08.619 I/Gecko   (   84): 1398677768630	Marionette	DEBUG	Got request: switchToFrame, data: {"to":"0","sessionId":"3-b2g","name":"switchToFrame","parameters":{"id":null,"focus":true}}, id: {8a908f92-b1a7-4994-8401-62133ac1e55d}
04-28 02:36:08.629 I/Gecko   (   84): 1398677768632	Marionette	INFO	Switched to frame: {"frameValue":null}
04-28 02:36:08.729 I/Gecko   (   84): 1398677768735	Marionette	INFO	sendToClient: {"from":"0","ok":true}, {8a908f92-b1a7-4994-8401-62133ac1e55d}, {8a908f92-b1a7-4994-8401-62133ac1e55d}
04-28 02:36:08.729 I/Gecko   (   84): 1398677768741	Marionette	DEBUG	Got request: executeWithCallback, data: {"to":"0","sessionId":"3-b2g","name":"executeAsyncScript","parameters":{"specialPowers":false,"scriptTimeout":null,"newSandbox":true,"args":[],"filename":"gaia_test.py","script":"return GaiaApps.displayedApp();","line":66}}, id: {2db2984d-7936-468f-9203-79392cd2533f}
04-28 02:36:08.829 E/GeckoConsole(   84): Content JS LOG at dummy file:392 in GaiaApps.displayedApp: app with origin 'app://homescreen.gaiamobile.org' is displayed
04-28 02:36:08.849 I/Gecko   (   84): 1398677768853	Marionette	INFO	sendToClient: {"from":"0","value":{"frame":{"ELEMENT":"{654e8076-e302-4719-b4a8-8d7a65e7facc}"},"src":"app://homescreen.gaiamobile.org/index.html#root","name":"Homescreen","origin":"app://homescreen.gaiamobile.org"}}, {2db2984d-7936-468f-9203-79392cd2533f}, {2db2984d-7936-468f-9203-79392cd2533f}
04-28 02:36:08.849 I/Gecko   (   84): 1398677768861	Marionette	DEBUG	Got request: switchToFrame, data: {"to":"0","sessionId":"3-b2g","name":"switchToFrame","parameters":{"id":null,"focus":true}}, id: {88cdb3c5-b7c6-40e6-ade1-d8b287c6132d}
04-28 02:36:08.859 I/Gecko   (   84): 1398677768863	Marionette	INFO	Switched to frame: {"frameValue":null}
04-28 02:36:08.959 I/Gecko   (   84): 1398677768965	Marionette	INFO	sendToClient: {"from":"0","ok":true}, {88cdb3c5-b7c6-40e6-ade1-d8b287c6132d}, {88cdb3c5-b7c6-40e6-ade1-d8b287c6132d}
04-28 02:36:08.959 I/Gecko   (   84): 1398677768971	Marionette	DEBUG	Got request: switchToFrame, data: {"to":"0","sessionId":"3-b2g","name":"switchToFrame","parameters":{"id":null,"focus":true}}, id: {ce3b0c7c-8eff-4651-96ee-bb7a2180906e}
04-28 02:36:08.979 I/Gecko   (   84): 1398677768984	Marionette	INFO	Switched to frame: {"frameValue":null}
04-28 02:36:09.079 I/Gecko   (   84): 1398677769086	Marionette	INFO	sendToClient: {"from":"0","ok":true}, {ce3b0c7c-8eff-4651-96ee-bb7a2180906e}, {ce3b0c7c-8eff-4651-96ee-bb7a2180906e}
04-28 02:36:09.089 I/Gecko   (   84): 1398677769093	Marionette	DEBUG	Got request: executeWithCallback, data: {"to":"0","sessionId":"3-b2g","name":"executeAsyncScript","parameters":{"specialPowers":false,"scriptTimeout":null,"newSandbox":true,"args":[],"filename":"gaia_test.py","script":"return GaiaApps.displayedApp();","line":66}}, id: {7ff52ff7-5ba4-4fe4-917b-242f6fe73af9}
04-28 02:36:09.159 I/Gecko   (   84): 1398677769167	Marionette	INFO	sendToClient: {"from":"0","value":{"frame":{"ELEMENT":"{654e8076-e302-4719-b4a8-8d7a65e7facc}"},"src":"app://homescreen.gaiamobile.org/index.html#root","name":"Homescreen","origin":"app://homescreen.gaiamobile.org"}}, {7ff52ff7-5ba4-4fe4-917b-242f6fe73af9}, {7ff52ff7-5ba4-4fe4-917b-242f6fe73af9}
04-28 02:36:09.169 E/GeckoConsole(   84): Content JS LOG at dummy file:392 in GaiaApps.displayedApp: app with origin 'app://homescreen.gaiamobile.org' is displayed
04-28 02:36:09.169 I/Gecko   (   84): 1398677769179	Marionette	DEBUG	Got request: switchToFrame, data: {"to":"0","sessionId":"3-b2g","name":"switchToFrame","parameters":{"focus":true,"element":"{654e8076-e302-4719-b4a8-8d7a65e7facc}"}}, id: {70d8b656-26c7-4f94-b3c5-af75e4940bc0}
04-28 02:36:09.179 I/Gecko   (   84): 1398677769188	Marionette	INFO	Switched to frame: {"frameValue":"{654e8076-e302-4719-b4a8-8d7a65e7facc}"}
04-28 02:36:09.189 I/Gecko   (   84): 1398677769200	Marionette	INFO	trying remote frame 0
04-28 02:36:09.189 I/Gecko   (   84): 1398677769201	Marionette	INFO	trying remote frame 1
04-28 02:36:09.199 I/Gecko   (   84): 1398677769202	Marionette	INFO	deleting frame
04-28 02:36:09.199 I/Gecko   (   84): 1398677769208	Marionette	INFO	frame-manager load script: [object ChromeMessageSender]
04-28 02:36:09.589 E/[Gralloc-ERROR](   84): int gralloc_register_buffer(const gralloc_module_t*, const native_handle_t*):79 Unable to register handle 0x44a76c90 coming from different process: 84
04-28 02:36:09.589 E/[Gralloc-ERROR](   84): int gralloc_register_buffer(const gralloc_module_t*, const native_handle_t*):79 Unable to register handle 0x44a76d30 coming from different process: 84
04-28 02:36:09.889 E/[Gralloc-ERROR](   84): int gralloc_unregister_buffer(const gralloc_module_t*, const native_handle_t*):274 Trying to unregister buffer 0x44a76d30 from process 84 that was not created in current process: 84
04-28 02:36:09.889 E/[Gralloc-ERROR](   84): int gralloc_unregister_buffer(const gralloc_module_t*, const native_handle_t*):274 Trying to unregister buffer 0x44a76c90 from process 84 that was not created in current process: 84
04-28 02:36:10.229 I/Gonk    (   84): Setting nice for pid 1726 to 18
04-28 02:36:10.229 I/Gonk    (   84): Changed nice for pid 1726 from 0 to 18.
04-28 02:36:10.249 I/Gonk    (   84): Setting nice for pid 1625 to 18
04-28 02:36:10.249 I/Gonk    (   84): Changed nice for pid 1625 from 1 to 18.
04-28 02:36:10.629 W/WifiHW  (   84): wifi_command: SIGNAL_POLL
04-28 02:36:10.839 I/Gecko   ( 1718): ###################################### forms.js loaded
04-28 02:36:10.869 I/Gecko   ( 1718): ############################### browserElementPanning.js loaded
04-28 02:36:10.889 I/Gecko   ( 1718): ######################## BrowserElementChildPreload.js loaded
04-28 02:36:11.159 I/Gecko   (   84): 
04-28 02:36:11.159 I/Gecko   (   84): ###!!! [Parent][MessageChannel] Error: Channel error: cannot send/recv
04-28 02:36:11.159 I/Gecko   (   84): 
04-28 02:36:11.249 I/GeckoDump(   84): Crash reporter : Can't fetch app.reportCrashes. Exception: [Exception... "Component returned failure code: 0x8000ffff (NS_ERROR_UNEXPECTED) [nsIPrefBranch.getBoolPref]"  nsresult: "0x8000ffff (NS_ERROR_UNEXPECTED)"  location: "JS frame :: chrome://browser/content/shell.js :: shell_reportCrash :: line 7"  data: no]
04-28 02:36:11.299 I/Gecko   (   84): [Parent 84] WARNING: waitpid failed pid:1625 errno:10: file ../../../gecko/ipc/chromium/src/base/process_util_posix.cc, line 254
04-28 02:36:12.049 I/Gecko   (   84): 1398677772058	Marionette	INFO	sendToClient: {"from":"0","ok":true}, {70d8b656-26c7-4f94-b3c5-af75e4940bc0}, {70d8b656-26c7-4f94-b3c5-af75e4940bc0}
04-28 02:36:12.419 I/Gecko   (   84): 1398677772426	Marionette	INFO	sendToClient: {"from":"0","value":"app://homescreen.gaiamobile.org/index.html#root"}, {c2899151-f24f-4c64-9cc7-97b61227c88b}, {c2899151-f24f-4c64-9cc7-97b61227c88b}
04-28 02:36:12.429 I/Gecko   (   84): 1398677772433	Marionette	DEBUG	Got request: switchToFrame, data: {"to":"0","sessionId":"3-b2g","name":"switchToFrame","parameters":{"id":null,"focus":true}}, id: {34a804d8-1ffd-4164-abe7-788a406ea6e7}
04-28 02:36:12.459 I/Gecko   (   84): 1398677772463	Marionette	INFO	Switched to frame: {"frameValue":null}
04-28 02:36:12.559 I/Gecko   (   84): 1398677772566	Marionette	INFO	sendToClient: {"from":"0","ok":true}, {34a804d8-1ffd-4164-abe7-788a406ea6e7}, {34a804d8-1ffd-4164-abe7-788a406ea6e7}
04-28 02:36:12.569 I/Gecko   (   84): 1398677772573	Marionette	DEBUG	Got request: switchToFrame, data: {"to":"0","sessionId":"3-b2g","name":"switchToFrame","parameters":{"id":null,"focus":true}}, id: {6713331a-ce0d-4e34-8413-f0e639afc237}
04-28 02:36:12.569 I/Gecko   (   84): 1398677772575	Marionette	INFO	Switched to frame: {"frameValue":null}
04-28 02:36:12.669 I/Gecko   (   84): 1398677772677	Marionette	INFO	sendToClient: {"from":"0","ok":true}, {6713331a-ce0d-4e34-8413-f0e639afc237}, {6713331a-ce0d-4e34-8413-f0e639afc237}
04-28 02:36:12.679 I/Gecko   (   84): 1398677772685	Marionette	DEBUG	Got request: executeWithCallback, data: {"to":"0","sessionId":"3-b2g","name":"executeAsyncScript","parameters":{"specialPowers":false,"scriptTimeout":null,"newSandbox":true,"args":[],"filename":"gaia_test.py","script":"GaiaApps.killAll()","line":91}}, id: {1f7a7b44-7fc9-45f8-9f08-cba570748935}
04-28 02:36:12.789 I/Gecko   (   84): 1398677772800	Marionette	INFO	sendToClient: {"from":"0","value":true}, {1f7a7b44-7fc9-45f8-9f08-cba570748935}, {1f7a7b44-7fc9-45f8-9f08-cba570748935}
04-28 02:36:12.799 I/Gecko   (   84): 1398677772811	Marionette	DEBUG	Got request: switchToFrame, data: {"to":"0","sessionId":"3-b2g","name":"switchToFrame","parameters":{"id":null,"focus":true}}, id: {88313cf8-17a1-495d-85f8-13ff115fc9bd}
04-28 02:36:12.819 I/Gecko   (   84): 1398677772825	Marionette	INFO	Switched to frame: {"frameValue":null}
04-28 02:36:12.939 I/Gecko   (   84): 1398677772946	Marionette	INFO	sendToClient: {"from":"0","ok":true}, {88313cf8-17a1-495d-85f8-13ff115fc9bd}, {88313cf8-17a1-495d-85f8-13ff115fc9bd}
04-28 02:36:12.939 I/Gecko   (   84): 1398677772952	Marionette	DEBUG	Got request: executeWithCallback, data: {"to":"0","sessionId":"3-b2g","name":"executeAsyncScript","parameters":{"specialPowers":false,"scriptTimeout":60000,"newSandbox":true,"args":[],"filename":"app_checker.py","script":"\n        GaiaApps.locateWithManifestURL('https://marketplace.firefox.com/app/eb0e8dce-da8a-460b-9e7b-1ffed5edaba4/manifest.webapp',\n                                       null,\n                                       function uninstall(app) {\n                                       navigator.mozApps.mgmt.uninstall(app);\n                                       marionetteScriptFinished(true);\n                                       });\n        ","line":129}}, id: {28313174-b2bc-4914-9ef8-96fb58c91397}
04-28 02:36:12.989 I/Gecko   (   84): -- webapps.js uninstall https://marketplace.firefox.com/app/eb0e8dce-da8a-460b-9e7b-1ffed5edaba4/manifest.webapp
04-28 02:36:13.309 I/Gecko   (   84): [Parent 84] WARNING: waitpid failed pid:1625 errno:10: file ../../../gecko/ipc/chromium/src/base/process_util_posix.cc, line 254
04-28 02:36:13.309 I/Gecko   (   84): [Parent 84] WARNING: Failed to deliver SIGKILL to 1625!(3).: file ../../../gecko/ipc/chromium/src/chrome/common/process_watcher_posix_sigchld.cc, line 118
04-28 02:36:13.349 I/Gecko   (   84): 1398677773353	Marionette	INFO	sendToClient: {"from":"0","value":true}, {28313174-b2bc-4914-9ef8-96fb58c91397}, {28313174-b2bc-4914-9ef8-96fb58c91397}