--------- beginning of /dev/log/main
04-26 06:08:54.316 I/Gecko   (   84): 1398517734325	Marionette	INFO	sendToClient: {"from":"0","value":"<div><img src=\"blob:d330fefe-d5d7-490d-8f53-4c9fb99edb8f\" style=\"visibility: visible;\" role=\"presentation\" height=\"64\" width=\"64\"><span class=\"labelWrapper\"><span>Usage</span></span></div>"}, {c8c8ec1f-309d-40c4-91db-13e5dbc3b5c6}, {c8c8ec1f-309d-40c4-91db-13e5dbc3b5c6}
04-26 06:08:54.336 I/Gecko   (   84): 1398517734338	Marionette	INFO	sendToClient: {"from":"0","value":"<div><img src=\"blob:20f60573-54a0-47df-852f-bb7403120b33\" style=\"visibility: visible;\" role=\"presentation\" height=\"64\" width=\"64\"><span class=\"labelWrapper\"><span>E-Mail</span></span></div>"}, {7fcf6b24-83fc-4aee-aba8-1f36b3308e3e}, {7fcf6b24-83fc-4aee-aba8-1f36b3308e3e}
04-26 06:08:54.346 I/Gecko   (   84): 1398517734350	Marionette	INFO	sendToClient: {"from":"0","value":"<div><img src=\"blob:76866ad7-f766-4168-94b2-ee8a04140739\" style=\"visibility: visible;\" role=\"presentation\" height=\"64\" width=\"64\"><span class=\"labelWrapper\"><span>Music</span></span></div>"}, {35e33f1c-8201-4378-9ef3-81bbd0b83ad9}, {35e33f1c-8201-4378-9ef3-81bbd0b83ad9}
04-26 06:08:54.356 I/Gecko   (   84): 1398517734361	Marionette	INFO	sendToClient: {"from":"0","value":"<div><img src=\"blob:6bd516d1-c5cd-4bac-91cc-83e842c32ef5\" style=\"visibility: visible;\" role=\"presentation\" height=\"64\" width=\"64\"><span class=\"labelWrapper\"><span>Video</span></span></div>"}, {b9f12583-e824-40cc-ac85-24d519817826}, {b9f12583-e824-40cc-ac85-24d519817826}
04-26 06:08:54.366 I/Gecko   (   84): 1398517734372	Marionette	INFO	sendToClient: {"from":"0","value":"<div><img src=\"blob:cf5257b9-13e1-4eb2-80f3-2638c931f211\" style=\"visibility: visible;\" role=\"presentation\" height=\"64\" width=\"64\"><span class=\"labelWrapper mask\"><span>GoldNuggets</span></span></div><span data-is-icon=\"true\" class=\"options\"></span>"}, {02f1565a-7e15-415a-91c4-5f800cccabe3}, {02f1565a-7e15-415a-91c4-5f800cccabe3}
04-26 06:08:54.436 I/Gecko   (   84): 1398517734444	Marionette	INFO	sendToClient: {"from":"0","value":"<div><img src=\"blob:93e91a82-86b8-45c4-a7be-80e6d08a2492\" style=\"visibility: visible;\" role=\"presentation\" height=\"64\" width=\"64\"><span class=\"labelWrapper mask\"><span>Space Shooter</span></span></div><span data-is-icon=\"true\" class=\"options\"></span>"}, {6ff2661c-02f3-4d94-883f-ca99c35ee7c4}, {6ff2661c-02f3-4d94-883f-ca99c35ee7c4}
04-26 06:08:54.446 I/Gecko   (   84): 1398517734455	Marionette	INFO	sendToClient: {"from":"0","value":"<div><img src=\"blob:67725065-9573-4858-8871-d235644e3215\" style=\"visibility: visible;\" role=\"presentation\" height=\"64\" width=\"64\"><span class=\"labelWrapper mask\"><span>Rebel Thumb</span></span></div><span data-is-icon=\"true\" class=\"options\"></span>"}, {8e543a97-acfa-4d56-b744-1648e6f11b27}, {8e543a97-acfa-4d56-b744-1648e6f11b27}
04-26 06:08:54.456 I/Gecko   (   84): 1398517734467	Marionette	INFO	sendToClient: {"from":"0","value":"<div><img src=\"blob:f81325b3-cf62-4f80-9075-7ca0622bb8e8\" style=\"visibility: visible;\" role=\"presentation\" height=\"64\" width=\"64\"><span class=\"labelWrapper\"><span>8tracks</span></span></div><span data-is-icon=\"true\" class=\"options\"></span>"}, {8ccf92a1-6b36-44d9-9fec-cad965ba0c06}, {8ccf92a1-6b36-44d9-9fec-cad965ba0c06}
04-26 06:08:54.476 I/Gecko   (   84): 1398517734479	Marionette	INFO	sendToClient: {"from":"0","value":"<div><img src=\"blob:5faf7e9d-cd98-4d3e-8059-1b4777529237\" style=\"visibility: visible;\" role=\"presentation\" height=\"64\" width=\"64\"><span class=\"labelWrapper mask\"><span>The Weather Channel</span></span></div><span data-is-icon=\"true\" class=\"options\"></span>"}, {fbeeeba1-4b0e-46c3-b706-cfc5ee3343e1}, {fbeeeba1-4b0e-46c3-b706-cfc5ee3343e1}
04-26 06:08:54.486 I/Gecko   (   84): 1398517734490	Marionette	INFO	sendToClient: {"from":"0","value":"<div><img src=\"blob:ea3ad111-9b16-4bd3-ba6b-dba4370e9291\" style=\"visibility: visible;\" role=\"presentation\" height=\"64\" width=\"64\"><span class=\"labelWrapper\"><span>Marketplace</span></span></div><span data-is-icon=\"true\" class=\"options\"></span>"}, {a192ee61-b214-4f5e-983e-5ebf623b227e}, {a192ee61-b214-4f5e-983e-5ebf623b227e}
04-26 06:08:54.506 I/Gecko   (   84): 1398517734509	Marionette	INFO	sendToClient: {"from":"0","value":"<div><img src=\"blob:69c5844f-9ba4-44e2-b01b-c70153f8eb08\" style=\"visibility: visible;\" role=\"presentation\" height=\"64\" width=\"64\"><span class=\"labelWrapper mask\"><span>Zombie Getaway</span></span></div><span data-is-icon=\"true\" class=\"options\"></span>"}, {f154b005-09d0-45d1-9c99-e9be4efd0c02}, {f154b005-09d0-45d1-9c99-e9be4efd0c02}
04-26 06:08:54.566 I/Gecko   (   84): 1398517734569	Marionette	INFO	sendToClient: {"from":"0","value":"<div><img src=\"blob:8c62439e-d8fc-45ee-bd10-36e101656a9a\" style=\"visibility: visible;\" role=\"presentation\" height=\"64\" width=\"64\"><span class=\"labelWrapper\"><span>Phone</span></span></div>"}, {b194b93b-4951-49f3-85f3-f10d7637c3c4}, {b194b93b-4951-49f3-85f3-f10d7637c3c4}
04-26 06:08:54.576 I/Gecko   (   84): 1398517734581	Marionette	INFO	sendToClient: {"from":"0","value":"<div><img src=\"blob:b142a109-07c5-48b5-b592-5eb08fb89c22\" style=\"visibility: visible;\" role=\"presentation\" height=\"64\" width=\"64\"><span class=\"labelWrapper\"><span>Messages</span></span></div>"}, {5c56f0e5-9232-4877-bcf8-7d68b2173796}, {5c56f0e5-9232-4877-bcf8-7d68b2173796}
04-26 06:08:54.586 I/Gecko   (   84): 1398517734593	Marionette	INFO	sendToClient: {"from":"0","value":"<div><img src=\"blob:816bcb46-449b-4b61-9c2b-9c7e96248258\" style=\"visibility: visible;\" role=\"presentation\" height=\"64\" width=\"64\"><span class=\"labelWrapper\"><span>Contacts</span></span></div>"}, {e782709c-96fc-425a-9038-4809ff1a0bb2}, {e782709c-96fc-425a-9038-4809ff1a0bb2}
04-26 06:08:54.596 I/Gecko   (   84): 1398517734605	Marionette	INFO	sendToClient: {"from":"0","value":"<div><img src=\"blob:27ced9be-fe9c-42a5-b589-bd88637f1e75\" style=\"visibility: visible;\" role=\"presentation\" height=\"64\" width=\"64\"><span class=\"labelWrapper\"><span>Browser</span></span></div>"}, {6db6db6d-e62b-4033-9d06-00b82850ebbc}, {6db6db6d-e62b-4033-9d06-00b82850ebbc}
04-26 06:08:55.106 W/WifiHW  (   84): wifi_command: SIGNAL_POLL
04-26 06:08:56.626 I/Gecko   (   84): 1398517736632	Marionette	INFO	sendToClient: {"from":"0","value":["{4fe8171f-ac1a-4d4a-9aab-4735d6c929e4}","{44419ae8-801f-44e3-8f2f-478cf76c0911}","{9f988785-389a-401f-9769-2978f460434e}","{d39a9333-18cd-4e37-86d0-a075d8d02ba1}","{c648d9e7-fd9b-4b04-9baa-3ff726bd1a81}","{cacfe4ce-a2d6-4a02-8d7f-3ea21c9b597b}","{cc8fb614-e00c-4c0d-a43e-839a0d127abb}","{eee20d49-8140-499b-a503-6acbaee028df}","{2d2dc4df-1c89-4067-8f88-0d34e123594e}","{2ef296ce-a85d-4d1f-9807-423d70ac89cb}","{eb54c8f9-6fd7-402a-a415-596f419681bd}","{419b8aef-faac-481b-b2ec-0b0114f496d7}","{df6c3c70-47b8-4d37-8821-4c365b2f593f}","{d066adda-abb5-48ab-a62f-a5e71d326583}","{3535648e-cc44-4278-9d1f-607a5ae2bdb8}","{c36c3241-4661-430e-b422-8ef3c0e01bae}","{479cd9ee-d798-419e-b72c-f9030f71c1f5}","{3ea0d126-2d83-4cd0-8252-8fd13cce6b04}","{7b60dcd7-2b59-427e-8f2f-780f4f854ac0}","{404ec871-2faf-4f42-a511-052e572639bc}","{bf250163-4f52-481f-b012-d2890295990e}","{be09f6f4-652e-4475-8321-3b8f30aba2f4}","{5c9fbe93-b2a7-409d-9b6f-2817ae0e9e71}","{27e449b4-e447
04-26 06:08:56.636 I/Gecko   (   84): 1398517736644	Marionette	INFO	sendToClient: {"from":"0","value":"<div><img src=\"blob:134cdd71-5f64-4dc0-9cf2-f726b9c435ab\" style=\"visibility: visible;\" role=\"presentation\" height=\"64\" width=\"64\"><span class=\"labelWrapper\"><span>Social</span></span></div><span data-is-icon=\"true\" class=\"options\"></span>"}, {40384881-2e1b-4095-8329-143302789c0a}, {40384881-2e1b-4095-8329-143302789c0a}
04-26 06:08:56.646 I/Gecko   (   84): 1398517736655	Marionette	INFO	sendToClient: {"from":"0","value":"<div><img src=\"blob:b3e4548c-1081-4e78-ba25-9ae6617c0bf4\" style=\"visibility: visible;\" role=\"presentation\" height=\"64\" width=\"64\"><span class=\"labelWrapper\"><span>Games</span></span></div><span data-is-icon=\"true\" class=\"options\"></span>"}, {6ec84f0f-b665-49ac-ac3d-b56f5f698f29}, {6ec84f0f-b665-49ac-ac3d-b56f5f698f29}
04-26 06:08:56.676 I/Gecko   (   84): 1398517736685	Marionette	INFO	sendToClient: {"from":"0","value":"<div><img src=\"blob:b3f899e7-ebd4-477a-947b-d0a4e2f979ed\" style=\"visibility: visible;\" role=\"presentation\" height=\"64\" width=\"64\"><span class=\"labelWrapper\"><span>Music</span></span></div><span data-is-icon=\"true\" class=\"options\"></span>"}, {cf2f6917-dc64-4b7c-9149-b64d4698651b}, {cf2f6917-dc64-4b7c-9149-b64d4698651b}
04-26 06:08:56.686 I/Gecko   (   84): 1398517736697	Marionette	INFO	sendToClient: {"from":"0","value":"<div><img src=\"blob:ba1876d1-2cab-43eb-94d6-2f5b2cadcc89\" style=\"visibility: visible;\" role=\"presentation\" height=\"64\" width=\"64\"><span class=\"labelWrapper\"><span>Showbiz</span></span></div><span data-is-icon=\"true\" class=\"options\"></span>"}, {f1499af8-fdce-4d47-8a93-8f614d8f1940}, {f1499af8-fdce-4d47-8a93-8f614d8f1940}
04-26 06:08:56.706 I/Gecko   (   84): 1398517736717	Marionette	INFO	sendToClient: {"from":"0","value":"<div><img src=\"blob:2bd49576-2f83-428f-aea8-c91bb5d662a1\" style=\"visibility: visible;\" role=\"presentation\" height=\"64\" width=\"64\"><span class=\"labelWrapper\"><span>Camera</span></span></div>"}, {e33967fe-f1ef-4ec7-b1dd-5f611b98075f}, {e33967fe-f1ef-4ec7-b1dd-5f611b98075f}
04-26 06:08:56.726 I/Gecko   (   84): 1398517736731	Marionette	INFO	sendToClient: {"from":"0","value":"<div><img src=\"blob:d3185815-acdf-48ea-8f9a-e2b5d7a49e61\" style=\"visibility: visible;\" role=\"presentation\" height=\"64\" width=\"64\"><span class=\"labelWrapper\"><span>Gallery</span></span></div>"}, {b0f3af05-47d0-4f06-a098-ad247dfef550}, {b0f3af05-47d0-4f06-a098-ad247dfef550}
04-26 06:08:56.736 I/Gecko   (   84): 1398517736742	Marionette	INFO	sendToClient: {"from":"0","value":"<div><img src=\"blob:51a77810-2656-4d05-97f1-6a0939103471\" style=\"visibility: visible;\" role=\"presentation\" height=\"64\" width=\"64\"><span class=\"labelWrapper\"><span>FM Radio</span></span></div>"}, {6dd93d46-6269-4d7d-9ff6-da674531219c}, {6dd93d46-6269-4d7d-9ff6-da674531219c}
04-26 06:08:56.756 I/Gecko   (   84): 1398517736761	Marionette	INFO	sendToClient: {"from":"0","value":"<div><img src=\"blob:b3803c21-108d-4aa6-9c1b-61468b4c1e31\" style=\"visibility: visible;\" role=\"presentation\" height=\"64\" width=\"64\"><span class=\"labelWrapper\"><span>Settings</span></span></div>"}, {8275692b-2e69-4e03-aa3f-e9046fa14203}, {8275692b-2e69-4e03-aa3f-e9046fa14203}
04-26 06:08:56.766 I/Gecko   (   84): 1398517736772	Marionette	INFO	sendToClient: {"from":"0","value":"<div><img src=\"blob:a8c45935-ede0-4f3e-a461-8db1909378e2\" style=\"visibility: visible;\" role=\"presentation\" height=\"64\" width=\"64\"><span class=\"labelWrapper\"><span>Marketplace</span></span></div>"}, {ed60ee65-d045-469c-92c5-37d225c81ec2}, {ed60ee65-d045-469c-92c5-37d225c81ec2}
04-26 06:08:56.786 I/Gecko   (   84): 1398517736788	Marionette	INFO	sendToClient: {"from":"0","value":"<div><img src=\"blob:f4b298f8-58b1-40e6-a992-1d51c2f88d02\" style=\"visibility: visible;\" role=\"presentation\" height=\"64\" width=\"64\"><span class=\"labelWrapper\"><span>Calendar</span></span></div>"}, {732f5b73-2c82-41d0-b851-a21a49466c18}, {732f5b73-2c82-41d0-b851-a21a49466c18}
04-26 06:08:56.796 I/Gecko   (   84): 1398517736800	Marionette	INFO	sendToClient: {"from":"0","value":"<div><img src=\"blob:e48ca44b-316a-4afc-9a4e-fc89006c7e4e\" style=\"visibility: visible;\" role=\"presentation\" height=\"64\" width=\"64\"><span class=\"labelWrapper\"><span>Clock</span></span></div>"}, {08ac894b-084a-45dc-b065-ad10bab3b35a}, {08ac894b-084a-45dc-b065-ad10bab3b35a}
04-26 06:08:56.816 I/Gecko   (   84): 1398517736818	Marionette	INFO	sendToClient: {"from":"0","value":"<div><img src=\"blob:d330fefe-d5d7-490d-8f53-4c9fb99edb8f\" style=\"visibility: visible;\" role=\"presentation\" height=\"64\" width=\"64\"><span class=\"labelWrapper\"><span>Usage</span></span></div>"}, {054d2d33-98e0-43ba-85b3-3efc77dab1c9}, {054d2d33-98e0-43ba-85b3-3efc77dab1c9}
04-26 06:08:56.826 I/Gecko   (   84): 1398517736828	Marionette	INFO	sendToClient: {"from":"0","value":"<div><img src=\"blob:20f60573-54a0-47df-852f-bb7403120b33\" style=\"visibility: visible;\" role=\"presentation\" height=\"64\" width=\"64\"><span class=\"labelWrapper\"><span>E-Mail</span></span></div>"}, {2da8190a-28b1-47c1-85af-27d26ac46223}, {2da8190a-28b1-47c1-85af-27d26ac46223}
04-26 06:08:56.836 I/Gecko   (   84): 1398517736838	Marionette	INFO	sendToClient: {"from":"0","value":"<div><img src=\"blob:76866ad7-f766-4168-94b2-ee8a04140739\" style=\"visibility: visible;\" role=\"presentation\" height=\"64\" width=\"64\"><span class=\"labelWrapper\"><span>Music</span></span></div>"}, {f05b6b9f-85ea-4567-b3b6-13da07e59998}, {f05b6b9f-85ea-4567-b3b6-13da07e59998}
04-26 06:08:56.846 I/Gecko   (   84): 1398517736849	Marionette	INFO	sendToClient: {"from":"0","value":"<div><img src=\"blob:6bd516d1-c5cd-4bac-91cc-83e842c32ef5\" style=\"visibility: visible;\" role=\"presentation\" height=\"64\" width=\"64\"><span class=\"labelWrapper\"><span>Video</span></span></div>"}, {c3d67579-cbe6-43c1-9f16-11f11ba2e09e}, {c3d67579-cbe6-43c1-9f16-11f11ba2e09e}
04-26 06:08:56.856 I/Gecko   (   84): 1398517736859	Marionette	INFO	sendToClient: {"from":"0","value":"<div><img src=\"blob:cf5257b9-13e1-4eb2-80f3-2638c931f211\" style=\"visibility: visible;\" role=\"presentation\" height=\"64\" width=\"64\"><span class=\"labelWrapper mask\"><span>GoldNuggets</span></span></div><span data-is-icon=\"true\" class=\"options\"></span>"}, {df45898d-e07d-49b4-b297-d5ac31a34fb1}, {df45898d-e07d-49b4-b297-d5ac31a34fb1}
04-26 06:08:56.876 I/Gecko   (   84): 1398517736883	Marionette	INFO	sendToClient: {"from":"0","value":"<div><img src=\"blob:93e91a82-86b8-45c4-a7be-80e6d08a2492\" style=\"visibility: visible;\" role=\"presentation\" height=\"64\" width=\"64\"><span class=\"labelWrapper mask\"><span>Space Shooter</span></span></div><span data-is-icon=\"true\" class=\"options\"></span>"}, {39e0546e-72d4-470b-8a3e-67e6293a6bf9}, {39e0546e-72d4-470b-8a3e-67e6293a6bf9}
04-26 06:08:56.886 I/Gecko   (   84): 1398517736894	Marionette	INFO	sendToClient: {"from":"0","value":"<div><img src=\"blob:67725065-9573-4858-8871-d235644e3215\" style=\"visibility: visible;\" role=\"presentation\" height=\"64\" width=\"64\"><span class=\"labelWrapper mask\"><span>Rebel Thumb</span></span></div><span data-is-icon=\"true\" class=\"options\"></span>"}, {a272b9a9-2757-4ca2-9a4f-f61734405b77}, {a272b9a9-2757-4ca2-9a4f-f61734405b77}
04-26 06:08:56.896 I/Gecko   (   84): 1398517736905	Marionette	INFO	sendToClient: {"from":"0","value":"<div><img src=\"blob:f81325b3-cf62-4f80-9075-7ca0622bb8e8\" style=\"visibility: visible;\" role=\"presentation\" height=\"64\" width=\"64\"><span class=\"labelWrapper\"><span>8tracks</span></span></div><span data-is-icon=\"true\" class=\"options\"></span>"}, {302b131c-6058-4648-b3e2-21c7a0e02935}, {302b131c-6058-4648-b3e2-21c7a0e02935}
04-26 06:08:56.966 I/Gecko   (   84): 1398517736968	Marionette	INFO	sendToClient: {"from":"0","value":"<div><img src=\"blob:5faf7e9d-cd98-4d3e-8059-1b4777529237\" style=\"visibility: visible;\" role=\"presentation\" height=\"64\" width=\"64\"><span class=\"labelWrapper mask\"><span>The Weather Channel</span></span></div><span data-is-icon=\"true\" class=\"options\"></span>"}, {a129625d-8b10-4395-ae9e-8f85b1372930}, {a129625d-8b10-4395-ae9e-8f85b1372930}
04-26 06:08:56.976 I/Gecko   (   84): 1398517736980	Marionette	INFO	sendToClient: {"from":"0","value":"<div><img src=\"blob:ea3ad111-9b16-4bd3-ba6b-dba4370e9291\" style=\"visibility: visible;\" role=\"presentation\" height=\"64\" width=\"64\"><span class=\"labelWrapper\"><span>Marketplace</span></span></div><span data-is-icon=\"true\" class=\"options\"></span>"}, {980eb728-ebbe-4666-a8d1-115d2b559aed}, {980eb728-ebbe-4666-a8d1-115d2b559aed}
04-26 06:08:56.986 I/Gecko   (   84): 1398517736992	Marionette	INFO	sendToClient: {"from":"0","value":"<div><img src=\"blob:69c5844f-9ba4-44e2-b01b-c70153f8eb08\" style=\"visibility: visible;\" role=\"presentation\" height=\"64\" width=\"64\"><span class=\"labelWrapper mask\"><span>Zombie Getaway</span></span></div><span data-is-icon=\"true\" class=\"options\"></span>"}, {41f0ea41-58bb-4cec-a798-4ac062b227e7}, {41f0ea41-58bb-4cec-a798-4ac062b227e7}
04-26 06:08:56.996 I/Gecko   (   84): 1398517737004	Marionette	INFO	sendToClient: {"from":"0","value":"<div><img src=\"blob:8c62439e-d8fc-45ee-bd10-36e101656a9a\" style=\"visibility: visible;\" role=\"presentation\" height=\"64\" width=\"64\"><span class=\"labelWrapper\"><span>Phone</span></span></div>"}, {b9a48d69-5058-45cf-9dbc-c02e05c2a06b}, {b9a48d69-5058-45cf-9dbc-c02e05c2a06b}
04-26 06:08:57.006 I/Gecko   (   84): 1398517737014	Marionette	INFO	sendToClient: {"from":"0","value":"<div><img src=\"blob:b142a109-07c5-48b5-b592-5eb08fb89c22\" style=\"visibility: visible;\" role=\"presentation\" height=\"64\" width=\"64\"><span class=\"labelWrapper\"><span>Messages</span></span></div>"}, {07e8f96c-e69c-4c14-ae9d-5b3f94a16345}, {07e8f96c-e69c-4c14-ae9d-5b3f94a16345}
04-26 06:08:57.016 I/Gecko   (   84): 1398517737025	Marionette	INFO	sendToClient: {"from":"0","value":"<div><img src=\"blob:816bcb46-449b-4b61-9c2b-9c7e96248258\" style=\"visibility: visible;\" role=\"presentation\" height=\"64\" width=\"64\"><span class=\"labelWrapper\"><span>Contacts</span></span></div>"}, {a0b44e45-b1cb-4444-a38e-dd322968828c}, {a0b44e45-b1cb-4444-a38e-dd322968828c}
04-26 06:08:57.026 I/Gecko   (   84): 1398517737036	Marionette	INFO	sendToClient: {"from":"0","value":"<div><img src=\"blob:27ced9be-fe9c-42a5-b589-bd88637f1e75\" style=\"visibility: visible;\" role=\"presentation\" height=\"64\" width=\"64\"><span class=\"labelWrapper\"><span>Browser</span></span></div>"}, {3cebbc5e-64d7-458f-8c74-6bdbe3825ecd}, {3cebbc5e-64d7-458f-8c74-6bdbe3825ecd}
04-26 06:08:57.036 I/Gecko   (   84): 1398517737046	Marionette	INFO	sendToClient: {"from":"0","value":"app://homescreen.gaiamobile.org/index.html#root"}, {eeb55f08-ff0c-4d22-996b-515ee3142b3d}, {eeb55f08-ff0c-4d22-996b-515ee3142b3d}
04-26 06:08:57.046 I/Gecko   (   84): 1398517737052	Marionette	DEBUG	Got request: switchToFrame, data: {"to":"0","sessionId":"3-b2g","name":"switchToFrame","parameters":{"id":null,"focus":true}}, id: {aeff6bbc-f26a-4317-ae2a-7d3748f34d8c}
04-26 06:08:57.066 I/Gecko   (   84): 1398517737072	Marionette	INFO	Switched to frame: {"frameValue":null}
04-26 06:08:57.196 I/Gecko   (   84): 1398517737201	Marionette	INFO	sendToClient: {"from":"0","ok":true}, {aeff6bbc-f26a-4317-ae2a-7d3748f34d8c}, {aeff6bbc-f26a-4317-ae2a-7d3748f34d8c}
04-26 06:08:57.196 I/Gecko   (   84): 1398517737207	Marionette	DEBUG	Got request: switchToFrame, data: {"to":"0","sessionId":"3-b2g","name":"switchToFrame","parameters":{"id":null,"focus":true}}, id: {d04781c1-3d8d-4c58-8fc9-c5e592c6fdf0}
04-26 06:08:57.206 I/Gecko   (   84): 1398517737209	Marionette	INFO	Switched to frame: {"frameValue":null}
04-26 06:08:57.306 I/Gecko   (   84): 1398517737310	Marionette	INFO	sendToClient: {"from":"0","ok":true}, {d04781c1-3d8d-4c58-8fc9-c5e592c6fdf0}, {d04781c1-3d8d-4c58-8fc9-c5e592c6fdf0}
04-26 06:08:57.306 I/Gecko   (   84): 1398517737317	Marionette	DEBUG	Got request: executeWithCallback, data: {"to":"0","sessionId":"3-b2g","name":"executeAsyncScript","parameters":{"specialPowers":false,"scriptTimeout":30000,"newSandbox":true,"args":[],"filename":"app_checker.py","script":"GaiaApps.launchWithManifestURL('http://zombiegetaway.tresensa.com/manifest.webapp')","line":106}}, id: {e6ba3cd3-1751-4cd5-b0a2-081b4981666c}
04-26 06:08:57.516 I/Gonk    (   84): Setting nice for pid 1421 to 18
04-26 06:08:57.526 I/Gonk    (   84): Changed nice for pid 1421 from 18 to 18.
04-26 06:08:57.526 I/Gecko   (   84): [Parent 84] WARNING: waitpid failed pid:1421 errno:10: file ../../../gecko/ipc/chromium/src/base/process_util_posix.cc, line 254
04-26 06:08:57.526 I/Gonk    (   84): Setting nice for pid 1421 to 1
04-26 06:08:57.526 I/Gonk    (   84): Changed nice for pid 1421 from 18 to 1.
04-26 06:08:57.776 E/GeckoConsole(   84): Content JS LOG at dummy file:334 in GaiaApps.launch: launching app with name 'Zombie Getaway'
04-26 06:08:58.076 D/Sensors (   84): activate handle=0; drv=0
04-26 06:08:58.086 D/Sensors (   84): Lis3dhSensor: Control set 1
04-26 06:08:58.086 D/Sensors (   84): Lis3dhSensor: mEnabled = 1
04-26 06:08:58.146 E/[Gralloc-ERROR](   84): int gralloc_register_buffer(const gralloc_module_t*, const native_handle_t*):79 Unable to register handle 0x445666f0 coming from different process: 84
04-26 06:08:58.156 E/[Gralloc-ERROR](   84): int gralloc_register_buffer(const gralloc_module_t*, const native_handle_t*):79 Unable to register handle 0x44566830 coming from different process: 84
04-26 06:08:58.206 I/Gonk    (   84): Setting nice for pid 1390 to 18
04-26 06:08:58.206 I/Gonk    (   84): Changed nice for pid 1390 from 1 to 18.
04-26 06:08:58.576 I/Gecko   (   84): 
04-26 06:08:58.576 I/Gecko   (   84): ###!!! [Parent][MessageChannel] Error: Channel error: cannot send/recv
04-26 06:08:58.576 I/Gecko   (   84): 
04-26 06:08:58.636 I/Gecko   (   84): [Parent 84] WARNING: waitpid failed pid:1390 errno:10: file ../../../gecko/ipc/chromium/src/base/process_util_posix.cc, line 254
04-26 06:08:59.096 E/GeckoConsole( 1421): [JavaScript Warning: "Unknown property '-moz-border-radius'.  Declaration dropped." {file: "http://zombiegetaway.tresensa.com/1.0.1/leaderboard/css/game_specific.css" line: 9 column: 22 source: "    -moz-border-radius: 8px;"}]
04-26 06:08:59.106 E/GeckoConsole( 1421): [JavaScript Warning: "Error in parsing value for 'background'.  Declaration dropped." {file: "http://zombiegetaway.tresensa.com/1.0.1/leaderboard/css/game_specific.css" line: 58 column: 16 source: "    background: 009aff;"}]
04-26 06:08:59.106 E/GeckoConsole( 1421): [JavaScript Warning: "Expected color but found 'bottom'.  Error in parsing value for 'background-image'.  Declaration dropped." {file: "http://zombiegetaway.tresensa.com/1.0.1/leaderboard/css/game_specific.css" line: 59 column: 38 source: "    background-image: linear-gradient(bottom, rgb(143,220,255) 0%, rgb(0,153,255) 66%);"}]
04-26 06:08:59.106 E/GeckoConsole( 1421): [JavaScript Warning: "Error in parsing value for 'background-image'.  Declaration dropped." {file: "http://zombiegetaway.tresensa.com/1.0.1/leaderboard/css/game_specific.css" line: 60 column: 22 source: "    background-image: -o-linear-gradient(bottom, rgb(143,220,255) 0%, rgb(0,153,255) 66%);"}]
04-26 06:08:59.106 E/GeckoConsole( 1421): [JavaScript Warning: "Error in parsing value for 'background-image'.  Declaration dropped." {file: "http://zombiegetaway.tresensa.com/1.0.1/leaderboard/css/game_specific.css" line: 62 column: 22 source: "    background-image: -webkit-linear-gradient(bottom, rgb(143,220,255) 0%, rgb(0,153,255) 66%);"}]
04-26 06:08:59.106 E/GeckoConsole( 1421): [JavaScript Warning: "Error in parsing value for 'background-image'.  Declaration dropped." {file: "http://zombiegetaway.tresensa.com/1.0.1/leaderboard/css/game_specific.css" line: 63 column: 22 source: "    background-image: -ms-linear-gradient(bottom, rgb(143,220,255) 0%, rgb(0,153,255) 66%);"}]
04-26 06:08:59.106 E/GeckoConsole( 1421): [JavaScript Warning: "Error in parsing value for 'background-image'.  Declaration dropped." {file: "http://zombiegetaway.tresensa.com/1.0.1/leaderboard/css/game_specific.css" line: 64 column: 22 source: "    background-image: -webkit-gradient("}]
04-26 06:08:59.106 E/GeckoConsole( 1421): [JavaScript Warning: "Unknown property '-moz-border-radius'.  Declaration dropped." {file: "http://zombiegetaway.tresensa.com/1.0.1/leaderboard/css/game_specific.css" line: 72 column: 22 source: "    -moz-border-radius: 8px;"}]
04-26 06:08:59.106 E/GeckoConsole( 1421): [JavaScript Warning: "Unknown property '-moz-border-radius-topleft'.  Declaration dropped." {file: "http://zombiegetaway.tresensa.com/1.0.1/leaderboard/css/game_specific.css" line: 93 column: 30 source: "    -moz-border-radius-topleft: 8px;"}]
04-26 06:08:59.106 E/GeckoConsole( 1421): [JavaScript Warning: "Unknown property '-moz-border-radius-topright'.  Declaration dropped." {file: "http://zombiegetaway.tresensa.com/1.0.1/leaderboard/css/game_specific.css" line: 94 column: 31 source: "    -moz-border-radius-topright: 8px;"}]
04-26 06:08:59.116 E/GeckoConsole( 1421): [JavaScript Warning: "Unknown property '-moz-border-radius'.  Declaration dropped." {file: "http://zombiegetaway.tresensa.com/1.0.1/leaderboard/css/game_specific.css" line: 117 column: 22 source: "    -moz-border-radius: 8px;"}]
04-26 06:08:59.116 E/GeckoConsole( 1421): [JavaScript Warning: "Unknown property '-moz-border-radius'.  Declaration dropped." {file: "http://zombiegetaway.tresensa.com/1.0.1/leaderboard/css/game_specific.css" line: 134 column: 22 source: "    -moz-border-radius: 8px;"}]
04-26 06:08:59.116 E/GeckoConsole( 1421): [JavaScript Warning: "Unknown property '-moz-border-radius-topleft'.  Declaration dropped." {file: "http://zombiegetaway.tresensa.com/1.0.1/leaderboard/css/game_specific.css" line: 190 column: 30 source: "    -moz-border-radius-topleft: 8px;"}]
04-26 06:08:59.116 E/GeckoConsole( 1421): [JavaScript Warning: "Unknown property '-moz-border-radius-topright'.  Declaration dropped." {file: "http://zombiegetaway.tresensa.com/1.0.1/leaderboard/css/game_specific.css" line: 191 column: 31 source: "    -moz-border-radius-topright: 8px;"}]
04-26 06:08:59.116 E/GeckoConsole( 1421): [JavaScript Warning: "Unknown property '-moz-border-radius'.  Declaration dropped." {file: "http://zombiegetaway.tresensa.com/1.0.1/leaderboard/css/game_specific.css" line: 238 column: 22 source: "    -moz-border-radius: 8px;"}]
04-26 06:08:59.126 E/GeckoConsole( 1421): [JavaScript Warning: "Unknown property '-moz-border-radius'.  Declaration dropped." {file: "http://zombiegetaway.tresensa.com/1.0.1/leaderboard/css/game_specific.css" line: 260 column: 22 source: "    -moz-border-radius: 8px;"}]
04-26 06:08:59.646 E/GeckoConsole( 1421): Content JS LOG at http://sdk.tresensa.com/tgl/tgl-1.0.min.js:3 in TGL.Debug.Log: TGL: GameLoader started
04-26 06:08:59.646 E/GeckoConsole( 1421): Content JS LOG at http://sdk.tresensa.com/tgl/tgl-1.0.min.js:3 in TGL.Debug.Log: TGL: Google Analytics loaded
04-26 06:08:59.656 E/GeckoConsole( 1421): Content JS LOG at http://sdk.tresensa.com/tgl/tgl-1.0.min.js:3 in TGL.Debug.Log: TGL: Loading minified game code from js/game.min.js
04-26 06:08:59.666 E/GeckoConsole( 1421): Content JS LOG at http://sdk.tresensa.com/tgl/tgl-1.0.min.js:3 in TGL.Debug.Log: TGL: Calling head.js.apply to load all javascript libraries
04-26 06:09:00.106 W/WifiHW  (   84): wifi_command: SIGNAL_POLL
04-26 06:09:00.456 E/GeckoConsole(   84): [JavaScript Error: "cdn.flurry.com : server does not support RFC 5746, see CVE-2009-3555"]
04-26 06:09:00.636 I/Gecko   (   84): [Parent 84] WARNING: waitpid failed pid:1390 errno:10: file ../../../gecko/ipc/chromium/src/base/process_util_posix.cc, line 254
04-26 06:09:00.636 I/Gecko   (   84): [Parent 84] WARNING: Failed to deliver SIGKILL to 1390!(3).: file ../../../gecko/ipc/chromium/src/chrome/common/process_watcher_posix_sigchld.cc, line 118
04-26 06:09:01.436 V/AudioPolicyManagerBase(   89): getDeviceForStrategy() from cache strategy 0, device 2
04-26 06:09:01.446 V/AudioPolicyManagerBase(   89): getOutput() stream 3, samplingRate 0, format 0, channels 3, flags 0
04-26 06:09:01.456 W/AudioFlinger(   89): Thread AudioOut_1 cannot connect to the power manager service
04-26 06:09:01.866 V/AudioPolicyManagerBase(   89): getDeviceForStrategy() from cache strategy 0, device 2
04-26 06:09:01.866 V/AudioPolicyManagerBase(   89): getOutput() stream 1, samplingRate 0, format 0, channels 3, flags 0
04-26 06:09:01.916 V/AudioPolicyManagerBase(   89): startOutput() output 1, stream 1, session 6
04-26 06:09:01.916 V/AudioPolicyManagerBase(   89): changeRefCount() stream 1, count 1
04-26 06:09:01.916 V/AudioPolicyManagerBase(   89): getDeviceForStrategy() from cache strategy 0, device 2
04-26 06:09:01.916 V/AudioPolicyManagerBase(   89): getNewDevice() selected device 2
04-26 06:09:01.916 D/AudioPolicyManagerBase(   89): setOutputDevice() output 1 device 2 delayMs 0
04-26 06:09:01.916 V/AudioPolicyManagerBase(   89): setOutputDevice() setting same device 2 or null device for output 1
04-26 06:09:01.916 E/AudioPolicyManagerBase(   89): checkAndSetVolume stream=1, index=0, output=1, device=2
04-26 06:09:01.916 E/AudioPolicyManagerBase(   89): computeVolume, streamDesc=0x15c7bb8
04-26 06:09:02.006 V/AudioPolicyManagerBase(   89): stopOutput() output 1, stream 1, session 6
04-26 06:09:02.006 V/AudioPolicyManagerBase(   89): changeRefCount() stream 1, count 0
04-26 06:09:02.006 V/AudioPolicyManagerBase(   89): getNewDevice() selected device 0
04-26 06:09:02.006 D/AudioPolicyManagerBase(   89): setOutputDevice() output 1 device 0 delayMs 290
04-26 06:09:02.006 V/AudioPolicyManagerBase(   89): setOutputDevice() setting same device 0 or null device for output 1
04-26 06:09:02.016 V/AudioPolicyManagerBase(   89): startOutput() output 1, stream 1, session 6
04-26 06:09:02.016 V/AudioPolicyManagerBase(   89): changeRefCount() stream 1, count 1
04-26 06:09:02.016 V/AudioPolicyManagerBase(   89): getDeviceForStrategy() from cache strategy 0, device 2
04-26 06:09:02.016 V/AudioPolicyManagerBase(   89): getNewDevice() selected device 2
04-26 06:09:02.016 D/AudioPolicyManagerBase(   89): setOutputDevice() output 1 device 2 delayMs 0
04-26 06:09:02.016 V/AudioPolicyManagerBase(   89): setOutputDevice() setting same device 2 or null device for output 1
04-26 06:09:02.016 E/AudioPolicyManagerBase(   89): checkAndSetVolume stream=1, index=0, output=1, device=2
04-26 06:09:02.016 E/AudioPolicyManagerBase(   89): computeVolume, streamDesc=0x15c7bb8
04-26 06:09:02.056 I/audio_hw_primary(   89): select_devices_signal starting...
04-26 06:09:02.056 I/audio_hw_primary(   89): select_devices_signal finished.
04-26 06:09:02.056 W/audio_hw_primary(   89): open s_tinycard in
04-26 06:09:02.056 W/audio_hw_primary(   89): open s_tinycard successfully
04-26 06:09:02.056 I/audio_hw_primary(   89): Changing devices: 0x00000002
04-26 06:09:02.056 I/audio_hw_primary(   89): Set 'HeadPhone Function'.0 to 0
04-26 06:09:02.056 I/audio_hw_primary(   89): Set 'Earpiece Function'.0 to 0
04-26 06:09:02.056 I/audio_hw_primary(   89): Set 'Mic Function'.0 to 0
04-26 06:09:02.056 I/audio_hw_primary(   89): Set 'HP Mic Function'.0 to 0
04-26 06:09:02.056 I/audio_hw_primary(   89): Set 'Line Function'.0 to 0
04-26 06:09:02.056 I/audio_hw_primary(   89): Changing devices, mask: 0x00004002
04-26 06:09:02.186 I/audio_hw_primary(   89): Set 'Speaker Function'.0 to 1
04-26 06:09:02.186 W/audio_hw_primary(   89): GetAudio_pga_nv, dac_pga_gain_l:0xc3 adc_pga_gain_l:0xc fm_pga_gain_l:0xff fm_pga_gain_r:0xff device:0x2 vol_level:0x1 
04-26 06:09:02.186 D/audio_pga(   89): 'speaker-l' apply
04-26 06:09:02.186 I/audio_pga(   89): 'Master Playback Volume' set to 12
04-26 06:09:02.186 I/audio_pga(   89): 'Inter PA Playback Volume' set to 12
04-26 06:09:02.186 I/audio_pga(   89): 'VBC DACL DG Set' set to 0
04-26 06:09:02.186 I/audio_pga(   89): 'VBC DACL DG Switch' set to 0
04-26 06:09:02.186 D/audio_pga(   89): 'speaker-r' apply
04-26 06:09:02.186 I/audio_pga(   89): 'Master Playback Volume' set to 12
04-26 06:09:02.186 I/audio_pga(   89): 'Inter PA Playback Volume' set to 12
04-26 06:09:02.186 I/audio_pga(   89): 'VBC DACR DG Set' set to 0
04-26 06:09:02.186 I/audio_pga(   89): 'VBC DACR DG Switch' set to 0
04-26 06:09:02.186 W/audio_hw_primary(   89): SetAudio_gain_by_devices out, devices:0x2 
04-26 06:09:02.186 I/audio_hw_primary(   89): stream_routing_thread looping done.
04-26 06:09:02.186 I/audio_hw_primary(   89): stream_routing_thread looping now...
04-26 06:09:03.686 I/Gonk    (   84): Setting nice for pid 1478 to 18
04-26 06:09:03.686 I/Gonk    (   84): Changed nice for pid 1478 from 0 to 18.
04-26 06:09:05.116 W/WifiHW  (   84): wifi_command: SIGNAL_POLL
04-26 06:09:05.636 E/GeckoConsole( 1421): Content JS LOG at http://sdk.tresensa.com/tgl/tgl-1.0.min.js:3 in TGL.Debug.Log: TGL: All javascript libraries loaded
04-26 06:09:05.666 E/GeckoConsole( 1421): Content JS LOG at http://sdk.tresensa.com/tgs/tgs-0.3.min.js:5 in TGS.Debug.Log: TGS: loading partner adapter and 3rd party libs...
04-26 06:09:07.556 E/GeckoConsole( 1421): [JavaScript Warning: "Unknown property '-moz-filter'.  Declaration dropped." {file: "http://sdk.tresensa.com/tgs/css/tgs-0.3.7.css" line: 1 column: 47 source: ".tgs-blur{-webkit-filter:blur(12px);-moz-filter:blur(12px);-o-filter:blur(12px);-ms-filter:blur(12px);filter:blur(12px)}.tgs-ad-frame{background:#fff;padding:25px;-webkit-border-radius:10px;border-radius:10px;min-width:300px;min-height:250px}.tgs-ad-frame.fullscreen{width:100%!important;height:100%!important;-webkit-border-radius:0;border-radius:0;padding:0}.tgs-ad-frame.fullscreen span{display:none}.tgs-ad-frame span{position:absolute;width:100%;height:25px;line-height:25px;text-align:center;bottom:0;left:0;color:#666;font-size:12px}#tgs-leaderboard-container{width:100%;height:100%;position:absolute;z-index:1000}#tgs-leaderboard-container iframe{width:100%;height:100%;border:0;overflow:hidden}.tgs-btn{-moz-box-sizing:border-box;-webkit-box-sizing:border-box;box-sizing:border-box;overflow:hidden;margin-bottom:10px;height:55px;line-height:55px;backgrou
04-26 06:09:07.556 E/GeckoConsole( 1421): [JavaScript Warning: "Expected 'none' or URL but found 'blur('.  Error in parsing value for 'filter'.  Declaration dropped." {file: "http://sdk.tresensa.com/tgs/css/tgs-0.3.7.css" line: 1 column: 109 source: ".tgs-blur{-webkit-filter:blur(12px);-moz-filter:blur(12px);-o-filter:blur(12px);-ms-filter:blur(12px);filter:blur(12px)}.tgs-ad-frame{background:#fff;padding:25px;-webkit-border-radius:10px;border-radius:10px;min-width:300px;min-height:250px}.tgs-ad-frame.fullscreen{width:100%!important;height:100%!important;-webkit-border-radius:0;border-radius:0;padding:0}.tgs-ad-frame.fullscreen span{display:none}.tgs-ad-frame span{position:absolute;width:100%;height:25px;line-height:25px;text-align:center;bottom:0;left:0;color:#666;font-size:12px}#tgs-leaderboard-container{width:100%;height:100%;position:absolute;z-index:1000}#tgs-leaderboard-container iframe{width:100%;height:100%;border:0;overflow:hidden}.tgs-btn{-moz-box-sizing:border-box;-webkit-box-sizing:border-box;box-sizing:border-box;overflow:hidden;margin-
04-26 06:09:07.636 E/GeckoConsole( 1421): [JavaScript Warning: "Unknown property 'box-sizing'.  Declaration dropped." {file: "http://sdk.tresensa.com/tgs/css/tgs-0.3.7.css" line: 1 column: 779 source: ".tgs-blur{-webkit-filter:blur(12px);-moz-filter:blur(12px);-o-filter:blur(12px);-ms-filter:blur(12px);filter:blur(12px)}.tgs-ad-frame{background:#fff;padding:25px;-webkit-border-radius:10px;border-radius:10px;min-width:300px;min-height:250px}.tgs-ad-frame.fullscreen{width:100%!important;height:100%!important;-webkit-border-radius:0;border-radius:0;padding:0}.tgs-ad-frame.fullscreen span{display:none}.tgs-ad-frame span{position:absolute;width:100%;height:25px;line-height:25px;text-align:center;bottom:0;left:0;color:#666;font-size:12px}#tgs-leaderboard-container{width:100%;height:100%;position:absolute;z-index:1000}#tgs-leaderboard-container iframe{width:100%;height:100%;border:0;overflow:hidden}.tgs-btn{-moz-box-sizing:border-box;-webkit-box-sizing:border-box;box-sizing:border-box;overflow:hidden;margin-bottom:10px;height:55px;line-height:55px;backgrou
04-26 06:09:12.756 W/audio_hw_primary(   89): warning:-32, (wait error: hw 0x67020 app 0x6cfc0 avail 0x460
04-26 06:09:12.756 W/audio_hw_primary(   89): : Unknown error: -32)
04-26 06:09:12.756 W/audio_hw_primary(   89): do_output_standby.mode:0 
04-26 06:09:12.756 I/audio_hw_primary(   89): select_devices_signal starting...
04-26 06:09:12.756 I/audio_hw_primary(   89): select_devices_signal finished.
04-26 06:09:12.756 W/audio_hw_primary(   89): open s_tinycard in
04-26 06:09:12.756 W/audio_hw_primary(   89): open s_tinycard successfully
04-26 06:09:12.756 I/audio_hw_primary(   89): Changing devices: 0x00000002
04-26 06:09:12.756 I/audio_hw_primary(   89): Set 'HeadPhone Function'.0 to 0
04-26 06:09:12.756 I/audio_hw_primary(   89): Set 'Earpiece Function'.0 to 0
04-26 06:09:12.756 I/audio_hw_primary(   89): Set 'Mic Function'.0 to 0
04-26 06:09:12.756 I/audio_hw_primary(   89): Set 'HP Mic Function'.0 to 0
04-26 06:09:12.756 I/audio_hw_primary(   89): Set 'Line Function'.0 to 0
04-26 06:09:12.756 I/audio_hw_primary(   89): Changing devices, mask: 0x00004002
04-26 06:09:12.756 I/audio_hw_primary(   89): Set 'Speaker Function'.0 to 1
04-26 06:09:12.756 W/audio_hw_primary(   89): GetAudio_pga_nv, dac_pga_gain_l:0xc3 adc_pga_gain_l:0xc fm_pga_gain_l:0xff fm_pga_gain_r:0xff device:0x2 vol_level:0x1 
04-26 06:09:12.766 D/audio_pga(   89): 'speaker-l' apply
04-26 06:09:12.766 I/audio_pga(   89): 'Master Playback Volume' set to 12
04-26 06:09:12.766 I/audio_pga(   89): 'Inter PA Playback Volume' set to 12
04-26 06:09:12.766 I/audio_pga(   89): 'VBC DACL DG Set' set to 0
04-26 06:09:12.766 I/audio_pga(   89): 'VBC DACL DG Switch' set to 0
04-26 06:09:12.766 D/audio_pga(   89): 'speaker-r' apply
04-26 06:09:12.766 I/audio_pga(   89): 'Master Playback Volume' set to 12
04-26 06:09:12.766 I/audio_pga(   89): 'Inter PA Playback Volume' set to 12
04-26 06:09:12.766 I/audio_pga(   89): 'VBC DACR DG Set' set to 0
04-26 06:09:12.766 I/audio_pga(   89): 'VBC DACR DG Switch' set to 0
04-26 06:09:12.766 W/audio_hw_primary(   89): SetAudio_gain_by_devices out, devices:0x2 
04-26 06:09:12.766 I/audio_hw_primary(   89): stream_routing_thread looping done.
04-26 06:09:12.766 I/audio_hw_primary(   89): stream_routing_thread looping now...
04-26 06:09:13.286 I/GonkMemoryPressure(   84): Checking to see if memory pressure is over.
04-26 06:09:13.296 I/GonkMemoryPressure( 1478): Checking to see if memory pressure is over.
04-26 06:09:13.296 I/GonkMemoryPressure( 1421): Checking to see if memory pressure is over.
04-26 06:09:13.396 I/GonkMemoryPressure(   84): Memory pressure is over.
04-26 06:09:13.396 I/GonkMemoryPressure( 1478): Memory pressure is over.
04-26 06:09:13.406 I/GonkMemoryPressure( 1421): Memory pressure is over.
04-26 06:09:13.496 W/audio_hw_primary(   89): warning:-32, (wait error: hw 0x2ee0 app 0x8fc0 avail 0x320
04-26 06:09:13.496 W/audio_hw_primary(   89): : Unknown error: -32)
04-26 06:09:13.496 W/audio_hw_primary(   89): do_output_standby.mode:0 
04-26 06:09:13.506 I/audio_hw_primary(   89): select_devices_signal starting...
04-26 06:09:13.506 I/audio_hw_primary(   89): select_devices_signal finished.
04-26 06:09:13.506 W/audio_hw_primary(   89): open s_tinycard in
04-26 06:09:13.506 W/audio_hw_primary(   89): open s_tinycard successfully
04-26 06:09:13.506 I/audio_hw_primary(   89): Changing devices: 0x00000002
04-26 06:09:13.506 I/audio_hw_primary(   89): Set 'HeadPhone Function'.0 to 0
04-26 06:09:13.506 I/audio_hw_primary(   89): Set 'Earpiece Function'.0 to 0
04-26 06:09:13.506 I/audio_hw_primary(   89): Set 'Mic Function'.0 to 0
04-26 06:09:13.506 I/audio_hw_primary(   89): Set 'HP Mic Function'.0 to 0
04-26 06:09:13.506 I/audio_hw_primary(   89): Set 'Line Function'.0 to 0
04-26 06:09:13.506 I/audio_hw_primary(   89): Changing devices, mask: 0x00004002
04-26 06:09:13.506 I/audio_hw_primary(   89): Set 'Speaker Function'.0 to 1
04-26 06:09:13.506 W/audio_hw_primary(   89): GetAudio_pga_nv, dac_pga_gain_l:0xc3 adc_pga_gain_l:0xc fm_pga_gain_l:0xff fm_pga_gain_r:0xff device:0x2 vol_level:0x1 
04-26 06:09:13.646 W/AudioTrack(   89): stepServer() could not lock cblk
04-26 06:09:13.656 D/audio_pga(   89): 'speaker-l' apply
04-26 06:09:13.656 I/audio_pga(   89): 'Master Playback Volume' set to 12
04-26 06:09:13.656 I/audio_pga(   89): 'Inter PA Playback Volume' set to 12
04-26 06:09:13.656 I/audio_pga(   89): 'VBC DACL DG Set' set to 0
04-26 06:09:13.656 I/audio_pga(   89): 'VBC DACL DG Switch' set to 0
04-26 06:09:13.656 D/audio_pga(   89): 'speaker-r' apply
04-26 06:09:13.656 I/audio_pga(   89): 'Master Playback Volume' set to 12
04-26 06:09:13.656 I/audio_pga(   89): 'Inter PA Playback Volume' set to 12
04-26 06:09:13.656 I/audio_pga(   89): 'VBC DACR DG Set' set to 0
04-26 06:09:13.656 I/audio_pga(   89): 'VBC DACR DG Switch' set to 0
04-26 06:09:13.656 W/audio_hw_primary(   89): SetAudio_gain_by_devices out, devices:0x2 
04-26 06:09:13.656 I/audio_hw_primary(   89): stream_routing_thread looping done.
04-26 06:09:13.656 I/audio_hw_primary(   89): stream_routing_thread looping now...
04-26 06:09:14.656 W/audio_hw_primary(   89): warning:-32, (wait error: hw 0x5fa0 app 0xc1c0 avail 0x1e0
04-26 06:09:14.656 W/audio_hw_primary(   89): : Unknown error: -32)
04-26 06:09:14.656 W/audio_hw_primary(   89): do_output_standby.mode:0 
04-26 06:09:14.666 I/audio_hw_primary(   89): select_devices_signal starting...
04-26 06:09:14.666 I/audio_hw_primary(   89): select_devices_signal finished.
04-26 06:09:14.666 W/audio_hw_primary(   89): open s_tinycard in
04-26 06:09:14.666 W/audio_hw_primary(   89): open s_tinycard successfully
04-26 06:09:14.666 I/audio_hw_primary(   89): Changing devices: 0x00000002
04-26 06:09:14.666 I/audio_hw_primary(   89): Set 'HeadPhone Function'.0 to 0
04-26 06:09:14.666 I/audio_hw_primary(   89): Set 'Earpiece Function'.0 to 0
04-26 06:09:14.666 I/audio_hw_primary(   89): Set 'Mic Function'.0 to 0
04-26 06:09:14.666 I/audio_hw_primary(   89): Set 'HP Mic Function'.0 to 0
04-26 06:09:14.666 I/audio_hw_primary(   89): Set 'Line Function'.0 to 0
04-26 06:09:14.666 I/audio_hw_primary(   89): Changing devices, mask: 0x00004002
04-26 06:09:14.666 I/audio_hw_primary(   89): Set 'Speaker Function'.0 to 1
04-26 06:09:14.676 W/audio_hw_primary(   89): GetAudio_pga_nv, dac_pga_gain_l:0xc3 adc_pga_gain_l:0xc fm_pga_gain_l:0xff fm_pga_gain_r:0xff device:0x2 vol_level:0x1 
04-26 06:09:14.686 D/audio_pga(   89): 'speaker-l' apply
04-26 06:09:14.686 I/audio_pga(   89): 'Master Playback Volume' set to 12
04-26 06:09:14.686 I/audio_pga(   89): 'Inter PA Playback Volume' set to 12
04-26 06:09:14.686 I/audio_pga(   89): 'VBC DACL DG Set' set to 0
04-26 06:09:14.686 I/audio_pga(   89): 'VBC DACL DG Switch' set to 0
04-26 06:09:14.686 D/audio_pga(   89): 'speaker-r' apply
04-26 06:09:14.686 I/audio_pga(   89): 'Master Playback Volume' set to 12
04-26 06:09:14.686 I/audio_pga(   89): 'Inter PA Playback Volume' set to 12
04-26 06:09:14.686 I/audio_pga(   89): 'VBC DACR DG Set' set to 0
04-26 06:09:14.686 I/audio_pga(   89): 'VBC DACR DG Switch' set to 0
04-26 06:09:14.686 W/audio_hw_primary(   89): SetAudio_gain_by_devices out, devices:0x2 
04-26 06:09:14.686 I/audio_hw_primary(   89): stream_routing_thread looping done.
04-26 06:09:14.686 I/audio_hw_primary(   89): stream_routing_thread looping now...
04-26 06:09:16.746 W/audio_hw_primary(   89): warning:-32, (wait error: hw 0xfa00 app 0x15e00 avail 0x0
04-26 06:09:16.746 W/audio_hw_primary(   89): : Unknown error: -32)
04-26 06:09:16.746 W/audio_hw_primary(   89): do_output_standby.mode:0 
04-26 06:09:16.766 I/audio_hw_primary(   89): select_devices_signal starting...
04-26 06:09:16.766 I/audio_hw_primary(   89): select_devices_signal finished.
04-26 06:09:16.766 W/audio_hw_primary(   89): open s_tinycard in
04-26 06:09:16.766 W/audio_hw_primary(   89): open s_tinycard successfully
04-26 06:09:16.766 I/audio_hw_primary(   89): Changing devices: 0x00000002
04-26 06:09:16.766 I/audio_hw_primary(   89): Set 'HeadPhone Function'.0 to 0
04-26 06:09:16.766 I/audio_hw_primary(   89): Set 'Earpiece Function'.0 to 0
04-26 06:09:16.766 I/audio_hw_primary(   89): Set 'Mic Function'.0 to 0
04-26 06:09:16.766 I/audio_hw_primary(   89): Set 'HP Mic Function'.0 to 0
04-26 06:09:16.766 I/audio_hw_primary(   89): Set 'Line Function'.0 to 0
04-26 06:09:16.766 I/audio_hw_primary(   89): Changing devices, mask: 0x00004002
04-26 06:09:16.766 I/audio_hw_primary(   89): Set 'Speaker Function'.0 to 1
04-26 06:09:16.776 W/audio_hw_primary(   89): GetAudio_pga_nv, dac_pga_gain_l:0xc3 adc_pga_gain_l:0xc fm_pga_gain_l:0xff fm_pga_gain_r:0xff device:0x2 vol_level:0x1 
04-26 06:09:16.776 D/audio_pga(   89): 'speaker-l' apply
04-26 06:09:16.776 I/audio_pga(   89): 'Master Playback Volume' set to 12
04-26 06:09:16.776 I/audio_pga(   89): 'Inter PA Playback Volume' set to 12
04-26 06:09:16.776 I/audio_pga(   89): 'VBC DACL DG Set' set to 0
04-26 06:09:16.776 I/audio_pga(   89): 'VBC DACL DG Switch' set to 0
04-26 06:09:16.776 D/audio_pga(   89): 'speaker-r' apply
04-26 06:09:16.776 I/audio_pga(   89): 'Master Playback Volume' set to 12
04-26 06:09:16.776 I/audio_pga(   89): 'Inter PA Playback Volume' set to 12
04-26 06:09:16.776 I/audio_pga(   89): 'VBC DACR DG Set' set to 0
04-26 06:09:16.776 I/audio_pga(   89): 'VBC DACR DG Switch' set to 0
04-26 06:09:16.776 W/audio_hw_primary(   89): SetAudio_gain_by_devices out, devices:0x2 
04-26 06:09:16.776 I/audio_hw_primary(   89): stream_routing_thread looping done.
04-26 06:09:16.776 I/audio_hw_primary(   89): stream_routing_thread looping now...
04-26 06:09:17.516 W/AudioFlinger(   89): write blocked for 706 msecs, 1 delayed writes, thread 0x15c8ec8
04-26 06:09:18.686 W/audio_hw_primary(   89): warning:-32, (wait error: hw 0x78a0 app 0xdac0 avail 0x1e0
04-26 06:09:18.686 W/audio_hw_primary(   89): : Unknown error: -32)
04-26 06:09:18.686 W/audio_hw_primary(   89): do_output_standby.mode:0 
04-26 06:09:18.716 I/GonkMemoryPressure(   84): Checking to see if memory pressure is over.
04-26 06:09:18.736 I/GonkMemoryPressure( 1421): Checking to see if memory pressure is over.
04-26 06:09:18.926 I/audio_hw_primary(   89): select_devices_signal starting...
04-26 06:09:18.926 I/audio_hw_primary(   89): select_devices_signal finished.
04-26 06:09:18.926 W/audio_hw_primary(   89): open s_tinycard in
04-26 06:09:18.936 I/GonkMemoryPressure(   84): Memory pressure is over.
04-26 06:09:18.936 I/GonkMemoryPressure( 1421): Memory pressure is over.
04-26 06:09:19.106 W/audio_hw_primary(   89): open s_tinycard successfully
04-26 06:09:19.126 I/audio_hw_primary(   89): Changing devices: 0x00000002
04-26 06:09:19.126 I/audio_hw_primary(   89): Set 'HeadPhone Function'.0 to 0
04-26 06:09:19.126 I/audio_hw_primary(   89): Set 'Earpiece Function'.0 to 0
04-26 06:09:19.126 I/audio_hw_primary(   89): Set 'Mic Function'.0 to 0
04-26 06:09:19.126 I/audio_hw_primary(   89): Set 'HP Mic Function'.0 to 0
04-26 06:09:19.126 I/audio_hw_primary(   89): Set 'Line Function'.0 to 0
04-26 06:09:19.126 I/audio_hw_primary(   89): Changing devices, mask: 0x00004002
04-26 06:09:19.126 I/audio_hw_primary(   89): Set 'Speaker Function'.0 to 1
04-26 06:09:19.146 W/audio_hw_primary(   89): GetAudio_pga_nv, dac_pga_gain_l:0xc3 adc_pga_gain_l:0xc fm_pga_gain_l:0xff fm_pga_gain_r:0xff device:0x2 vol_level:0x1 
04-26 06:09:19.446 I/GonkMemoryPressure( 1478): Checking to see if memory pressure is over.
04-26 06:09:19.566 D/audio_pga(   89): 'speaker-l' apply
04-26 06:09:19.566 I/audio_pga(   89): 'Master Playback Volume' set to 12
04-26 06:09:19.566 I/audio_pga(   89): 'Inter PA Playback Volume' set to 12
04-26 06:09:19.566 I/audio_pga(   89): 'VBC DACL DG Set' set to 0
04-26 06:09:19.566 I/audio_pga(   89): 'VBC DACL DG Switch' set to 0
04-26 06:09:19.566 D/audio_pga(   89): 'speaker-r' apply
04-26 06:09:19.566 I/audio_pga(   89): 'Master Playback Volume' set to 12
04-26 06:09:19.566 I/audio_pga(   89): 'Inter PA Playback Volume' set to 12
04-26 06:09:19.566 I/audio_pga(   89): 'VBC DACR DG Set' set to 0
04-26 06:09:19.566 I/audio_pga(   89): 'VBC DACR DG Switch' set to 0
04-26 06:09:19.566 W/audio_hw_primary(   89): SetAudio_gain_by_devices out, devices:0x2 
04-26 06:09:19.566 I/audio_hw_primary(   89): stream_routing_thread looping done.
04-26 06:09:19.566 I/audio_hw_primary(   89): stream_routing_thread looping now...
04-26 06:09:19.636 W/audio_hw_primary(   89): warning:-32, (wait error: hw 0x3200 app 0x9600 avail 0x0
04-26 06:09:19.636 W/audio_hw_primary(   89): : Unknown error: -32)
04-26 06:09:19.636 W/audio_hw_primary(   89): do_output_standby.mode:0 
04-26 06:09:19.636 I/audio_hw_primary(   89): select_devices_signal starting...
04-26 06:09:19.636 I/audio_hw_primary(   89): select_devices_signal finished.
04-26 06:09:19.636 W/audio_hw_primary(   89): open s_tinycard in
04-26 06:09:19.636 W/audio_hw_primary(   89): open s_tinycard successfully
04-26 06:09:19.636 I/audio_hw_primary(   89): Changing devices: 0x00000002
04-26 06:09:19.636 I/audio_hw_primary(   89): Set 'HeadPhone Function'.0 to 0
04-26 06:09:19.636 I/audio_hw_primary(   89): Set 'Earpiece Function'.0 to 0
04-26 06:09:19.636 I/audio_hw_primary(   89): Set 'Mic Function'.0 to 0
04-26 06:09:19.636 I/audio_hw_primary(   89): Set 'HP Mic Function'.0 to 0
04-26 06:09:19.636 I/audio_hw_primary(   89): Set 'Line Function'.0 to 0
04-26 06:09:19.636 I/audio_hw_primary(   89): Changing devices, mask: 0x00004002
04-26 06:09:19.636 I/audio_hw_primary(   89): Set 'Speaker Function'.0 to 1
04-26 06:09:19.646 W/audio_hw_primary(   89): GetAudio_pga_nv, dac_pga_gain_l:0xc3 adc_pga_gain_l:0xc fm_pga_gain_l:0xff fm_pga_gain_r:0xff device:0x2 vol_level:0x1 
04-26 06:09:19.646 D/audio_pga(   89): 'speaker-l' apply
04-26 06:09:19.646 I/audio_pga(   89): 'Master Playback Volume' set to 12
04-26 06:09:19.646 I/audio_pga(   89): 'Inter PA Playback Volume' set to 12
04-26 06:09:19.646 I/audio_pga(   89): 'VBC DACL DG Set' set to 0
04-26 06:09:19.646 I/audio_pga(   89): 'VBC DACL DG Switch' set to 0
04-26 06:09:19.646 D/audio_pga(   89): 'speaker-r' apply
