--------- beginning of /dev/log/main
04-24 14:38:23.626 I/Gecko   (   84): 1398375503638	Marionette	DEBUG	Got request: switchToFrame, data: {"to":"0","sessionId":"3-b2g","name":"switchToFrame","parameters":{"id":null,"focus":true}}, id: {e72e5197-2c4f-48f3-a7bd-fee0d557f300}
04-24 14:38:23.626 I/Gecko   (   84): 1398375503641	Marionette	INFO	Switched to frame: {"frameValue":null}
04-24 14:38:23.666 I/Gecko   ( 1787): ###################################### forms.js loaded
04-24 14:38:23.686 I/Gecko   ( 1787): ############################### browserElementPanning.js loaded
04-24 14:38:23.716 I/Gecko   ( 1787): ######################## BrowserElementChildPreload.js loaded
04-24 14:38:23.726 I/Gecko   (   84): 1398375503743	Marionette	INFO	sendToClient: {"from":"0","ok":true}, {e72e5197-2c4f-48f3-a7bd-fee0d557f300}, {e72e5197-2c4f-48f3-a7bd-fee0d557f300}
04-24 14:38:23.736 I/Gecko   (   84): 1398375503749	Marionette	DEBUG	Got request: executeWithCallback, data: {"to":"0","sessionId":"3-b2g","name":"executeAsyncScript","parameters":{"specialPowers":false,"scriptTimeout":null,"newSandbox":true,"args":[],"filename":"gaia_test.py","script":"return GaiaApps.displayedApp();","line":66}}, id: {22da097f-8565-46f1-b261-108ec115bf25}
04-24 14:38:23.766 I/Gecko   (   84): 1398375503785	Marionette	INFO	sendToClient: {"from":"0","value":{"frame":{"ELEMENT":"{6e9b37a6-4ae2-4f7b-9d88-5faf82ac0fe7}"},"src":"app://browser.gaiamobile.org/index.html","name":"Browser","origin":"app://browser.gaiamobile.org"}}, {22da097f-8565-46f1-b261-108ec115bf25}, {22da097f-8565-46f1-b261-108ec115bf25}
04-24 14:38:23.776 E/GeckoConsole(   84): Content JS LOG at dummy file:392 in GaiaApps.displayedApp: app with origin 'app://browser.gaiamobile.org' is displayed
04-24 14:38:23.776 I/Gecko   (   84): 1398375503793	Marionette	DEBUG	Got request: switchToFrame, data: {"to":"0","sessionId":"3-b2g","name":"switchToFrame","parameters":{"id":null,"focus":true}}, id: {3aae5033-5988-40eb-8df8-6bf51b309415}
04-24 14:38:23.776 I/Gecko   (   84): 1398375503795	Marionette	INFO	Switched to frame: {"frameValue":null}
04-24 14:38:23.886 I/Gecko   (   84): 1398375503898	Marionette	INFO	sendToClient: {"from":"0","ok":true}, {3aae5033-5988-40eb-8df8-6bf51b309415}, {3aae5033-5988-40eb-8df8-6bf51b309415}
04-24 14:38:23.886 I/Gecko   (   84): 1398375503904	Marionette	DEBUG	Got request: execute, data: {"to":"0","sessionId":"3-b2g","name":"executeScript","parameters":{"specialPowers":false,"scriptTimeout":null,"newSandbox":true,"args":[],"filename":"gaia_test.py","script":"window.wrappedJSObject.dispatchEvent(new Event('home'));","line":788}}, id: {be8443f2-f402-46e0-9111-5a8ab2fc517e}
04-24 14:38:23.936 I/Gonk    (   84): Setting nice for pid 1787 to 18
04-24 14:38:23.936 I/Gonk    (   84): Changed nice for pid 1787 from 18 to 18.
04-24 14:38:23.936 I/Gecko   (   84): [Parent 84] WARNING: waitpid failed pid:1787 errno:10: file ../../../gecko/ipc/chromium/src/base/process_util_posix.cc, line 254
04-24 14:38:23.946 I/Gonk    (   84): Setting nice for pid 1787 to 1
04-24 14:38:23.946 I/Gonk    (   84): Changed nice for pid 1787 from 18 to 1.
04-24 14:38:23.956 D/Sensors (   84): activate handle=0; drv=0
04-24 14:38:23.956 D/Sensors (   84): Lis3dhSensor: Control set 0
04-24 14:38:23.956 D/Sensors (   84): Lis3dhSensor: mEnabled = 0
04-24 14:38:23.976 I/Gecko   (   84): 1398375503987	Marionette	INFO	sendToClient: {"from":"0","value":null}, {be8443f2-f402-46e0-9111-5a8ab2fc517e}, {be8443f2-f402-46e0-9111-5a8ab2fc517e}
04-24 14:38:23.996 I/Gecko   (   84): 1398375504012	Marionette	DEBUG	Got request: switchToFrame, data: {"to":"0","sessionId":"3-b2g","name":"switchToFrame","parameters":{"id":null,"focus":true}}, id: {b034406f-70a8-4e4c-85d1-a1d7a41931a3}
04-24 14:38:23.996 I/Gecko   (   84): 1398375504015	Marionette	INFO	Switched to frame: {"frameValue":null}
04-24 14:38:24.106 I/Gecko   (   84): 1398375504125	Marionette	INFO	sendToClient: {"from":"0","ok":true}, {b034406f-70a8-4e4c-85d1-a1d7a41931a3}, {b034406f-70a8-4e4c-85d1-a1d7a41931a3}
04-24 14:38:24.116 I/Gecko   (   84): 1398375504131	Marionette	DEBUG	Got request: executeWithCallback, data: {"to":"0","sessionId":"3-b2g","name":"executeAsyncScript","parameters":{"specialPowers":false,"scriptTimeout":null,"newSandbox":true,"args":[],"filename":"gaia_test.py","script":"return GaiaApps.displayedApp();","line":66}}, id: {b04b00e9-1d9c-4302-866b-b3bc2e790708}
04-24 14:38:24.246 I/Gecko   (   84): 1398375504258	Marionette	INFO	sendToClient: {"from":"0","value":{"frame":{"ELEMENT":"{91c49b41-910c-480a-9814-65028ad71fd5}"},"src":"app://homescreen.gaiamobile.org/index.html#root","name":"Homescreen","origin":"app://homescreen.gaiamobile.org"}}, {b04b00e9-1d9c-4302-866b-b3bc2e790708}, {b04b00e9-1d9c-4302-866b-b3bc2e790708}
04-24 14:38:24.246 E/GeckoConsole(   84): Content JS LOG at dummy file:392 in GaiaApps.displayedApp: app with origin 'app://homescreen.gaiamobile.org' is displayed
04-24 14:38:24.266 I/Gecko   (   84): 1398375504285	Marionette	DEBUG	Got request: switchToFrame, data: {"to":"0","sessionId":"3-b2g","name":"switchToFrame","parameters":{"id":null,"focus":true}}, id: {fa765245-8cec-4a08-9155-50e7d98864fd}
04-24 14:38:24.276 I/Gecko   (   84): 1398375504292	Marionette	INFO	Switched to frame: {"frameValue":null}
04-24 14:38:24.376 I/Gecko   (   84): 1398375504394	Marionette	INFO	sendToClient: {"from":"0","ok":true}, {fa765245-8cec-4a08-9155-50e7d98864fd}, {fa765245-8cec-4a08-9155-50e7d98864fd}
04-24 14:38:24.386 I/Gecko   (   84): 1398375504401	Marionette	DEBUG	Got request: switchToFrame, data: {"to":"0","sessionId":"3-b2g","name":"switchToFrame","parameters":{"id":null,"focus":true}}, id: {d677cb62-8c36-41b7-a50c-4fc47ddf08e8}
04-24 14:38:24.386 I/Gecko   (   84): 1398375504402	Marionette	INFO	Switched to frame: {"frameValue":null}
04-24 14:38:24.496 I/Gecko   (   84): 1398375504506	Marionette	INFO	sendToClient: {"from":"0","ok":true}, {d677cb62-8c36-41b7-a50c-4fc47ddf08e8}, {d677cb62-8c36-41b7-a50c-4fc47ddf08e8}
04-24 14:38:24.496 I/Gecko   (   84): 1398375504512	Marionette	DEBUG	Got request: executeWithCallback, data: {"to":"0","sessionId":"3-b2g","name":"executeAsyncScript","parameters":{"specialPowers":false,"scriptTimeout":null,"newSandbox":true,"args":[],"filename":"gaia_test.py","script":"return GaiaApps.displayedApp();","line":66}}, id: {b9ed3d62-3084-41ae-9376-f3fc6c1b8b5a}
04-24 14:38:24.586 E/GeckoConsole(   84): Content JS LOG at dummy file:392 in GaiaApps.displayedApp: app with origin 'app://homescreen.gaiamobile.org' is displayed
04-24 14:38:24.586 I/Gecko   (   84): 1398375504605	Marionette	INFO	sendToClient: {"from":"0","value":{"frame":{"ELEMENT":"{91c49b41-910c-480a-9814-65028ad71fd5}"},"src":"app://homescreen.gaiamobile.org/index.html#root","name":"Homescreen","origin":"app://homescreen.gaiamobile.org"}}, {b9ed3d62-3084-41ae-9376-f3fc6c1b8b5a}, {b9ed3d62-3084-41ae-9376-f3fc6c1b8b5a}
04-24 14:38:24.636 I/Gecko   (   84): [Parent 84] WARNING: waitpid failed pid:1751 errno:10: file ../../../gecko/ipc/chromium/src/base/process_util_posix.cc, line 254
04-24 14:38:24.636 I/Gecko   (   84): [Parent 84] WARNING: Failed to deliver SIGKILL to 1751!(3).: file ../../../gecko/ipc/chromium/src/chrome/common/process_watcher_posix_sigchld.cc, line 118
04-24 14:38:24.646 I/Gecko   (   84): [Parent 84] WARNING: waitpid failed pid:1797 errno:10: file ../../../gecko/ipc/chromium/src/base/process_util_posix.cc, line 254
04-24 14:38:24.646 I/Gecko   (   84): [Parent 84] WARNING: Failed to deliver SIGKILL to 1797!(3).: file ../../../gecko/ipc/chromium/src/chrome/common/process_watcher_posix_sigchld.cc, line 118
04-24 14:38:24.656 I/Gecko   (   84): 1398375504670	Marionette	DEBUG	Got request: switchToFrame, data: {"to":"0","sessionId":"3-b2g","name":"switchToFrame","parameters":{"focus":true,"element":"{91c49b41-910c-480a-9814-65028ad71fd5}"}}, id: {944814a7-b466-4a29-8d74-aeb5ac4a8515}
04-24 14:38:24.676 I/Gecko   (   84): 1398375504688	Marionette	INFO	Switched to frame: {"frameValue":"{91c49b41-910c-480a-9814-65028ad71fd5}"}
04-24 14:38:24.676 I/Gecko   (   84): 1398375504691	Marionette	INFO	trying remote frame 0
04-24 14:38:24.676 I/Gecko   (   84): 1398375504692	Marionette	INFO	trying remote frame 1
04-24 14:38:24.676 I/Gecko   (   84): 1398375504692	Marionette	INFO	trying remote frame 2
04-24 14:38:24.676 I/Gecko   (   84): 1398375504693	Marionette	INFO	deleting frame
04-24 14:38:24.686 I/Gecko   (   84): 1398375504698	Marionette	INFO	frame-manager load script: [object ChromeMessageSender]
04-24 14:38:25.286 E/[Gralloc-ERROR](   84): int gralloc_register_buffer(const gralloc_module_t*, const native_handle_t*):79 Unable to register handle 0x474e4f60 coming from different process: 84
04-24 14:38:25.346 E/[Gralloc-ERROR](   84): int gralloc_register_buffer(const gralloc_module_t*, const native_handle_t*):79 Unable to register handle 0x4778a380 coming from different process: 84
04-24 14:38:25.416 E/[Gralloc-ERROR](   84): int gralloc_register_buffer(const gralloc_module_t*, const native_handle_t*):79 Unable to register handle 0x477e8740 coming from different process: 84
04-24 14:38:25.416 E/[Gralloc-ERROR](   84): int gralloc_register_buffer(const gralloc_module_t*, const native_handle_t*):79 Unable to register handle 0x47d9c650 coming from different process: 84
04-24 14:38:25.736 I/Gonk    (   84): Setting nice for pid 1822 to 18
04-24 14:38:25.736 I/Gonk    (   84): Changed nice for pid 1822 from 0 to 18.
04-24 14:38:25.816 E/[Gralloc-ERROR](   84): int gralloc_unregister_buffer(const gralloc_module_t*, const native_handle_t*):274 Trying to unregister buffer 0x4778a380 from process 84 that was not created in current process: 84
04-24 14:38:25.816 E/[Gralloc-ERROR](   84): int gralloc_unregister_buffer(const gralloc_module_t*, const native_handle_t*):274 Trying to unregister buffer 0x474e4f60 from process 84 that was not created in current process: 84
04-24 14:38:25.816 E/[Gralloc-ERROR](   84): int gralloc_unregister_buffer(const gralloc_module_t*, const native_handle_t*):274 Trying to unregister buffer 0x47d9c650 from process 84 that was not created in current process: 84
04-24 14:38:25.816 E/[Gralloc-ERROR](   84): int gralloc_unregister_buffer(const gralloc_module_t*, const native_handle_t*):274 Trying to unregister buffer 0x477e8740 from process 84 that was not created in current process: 84
04-24 14:38:26.856 W/WifiHW  (   84): wifi_command: SIGNAL_POLL
04-24 14:38:26.966 I/Gecko   (   84): 1398375506979	Marionette	INFO	sendToClient: {"from":"0","ok":true}, {944814a7-b466-4a29-8d74-aeb5ac4a8515}, {944814a7-b466-4a29-8d74-aeb5ac4a8515}
04-24 14:38:27.296 I/Gecko   (   84): 1398375507315	Marionette	INFO	sendToClient: {"from":"0","value":[]}, {81e0bdc0-5db7-4d08-8443-451a72fe28a2}, {81e0bdc0-5db7-4d08-8443-451a72fe28a2}
04-24 14:38:27.566 E/GeckoConsole( 1787): Content JS ERROR at app://homescreen.gaiamobile.org/gaia_build_defer_index.js:390 in loadSVConfFileError: Failed parsing singleVariant configuration file [js/singlevariantconf.json]:  [Exception... "File error: Not found"  nsresult: "0x80520012 (NS_ERROR_FILE_NOT_FOUND)"  location: "JS frame :: app://homescreen.gaiamobile.org/gaia_build_defer_index.js :: loadFile :: line 382"  data: no]
04-24 14:38:27.566 I/Gecko   (   84): 1398375507583	Marionette	INFO	sendToClient: {"from":"0","value":[]}, {53b55c94-6e6c-4d19-a48f-a3b1108e5918}, {53b55c94-6e6c-4d19-a48f-a3b1108e5918}
04-24 14:38:30.696 I/Gecko   (   84): 1398375510710	Marionette	INFO	sendToClient: {"from":"0","value":["{8d50ef60-8b48-4bbb-a90e-79a7af083aab}","{6b22e349-c786-4b0e-8952-a6e9c80d10d6}","{2d9fd67b-520c-42c8-a133-dfbe536e84f5}","{692a99db-068f-4882-9838-64a7c69f694f}","{6c9b3894-0933-4c9c-96c8-c62c3537679c}","{e351ab76-9ca5-4fd3-a780-76ed358972d3}","{50b2dad3-62c0-4271-a87b-c0a60ba7141d}","{42d3a8eb-154f-477d-9808-c35ef49f6512}","{9cb494f9-4949-4bd3-9cd0-a54e07f31096}","{b063a5ee-ad9d-4bd2-b1af-f2213aad405f}","{bc0c8a1b-f39d-4655-be34-0d6fcb11dbc2}","{7a7b637e-51d3-426d-95da-bea7e37f9f5b}","{100f5eaa-b7d6-4710-a1c1-3a10750f85e5}","{5d080294-408e-4b17-8b64-b3edb77a7642}","{a08cdba0-ab4a-40aa-bee8-234daeedf5f3}","{bd572c3e-3822-4c1b-86ce-7c5826c600a6}","{c04312a9-9066-47c2-ab1d-1bafb8a10032}","{500687c0-3c26-4e28-ab68-0d8b700a1f11}","{705dbef3-3651-4de6-b465-3812cb54b1a1}","{ab6351af-ad97-43df-9281-49c664c64f07}","{806a0c28-f9d5-43ca-b9b0-69701567eb6b}"]}, {1f7f9b17-e8c4-416b-a81c-d482c0e968bc}, {1f7f9b17-e8c4-416b-a81c-d482c0e968bc}
04-24 14:38:30.936 E/GeckoConsole( 1787): Content JS WARN at app://homescreen.gaiamobile.org/gaia_build_defer_index.js:184 in isHiddenApp: Unexpected role when checking hidden app: undefined
04-24 14:38:30.946 E/GeckoConsole( 1787): Content JS WARN at app://homescreen.gaiamobile.org/gaia_build_defer_index.js:184 in isHiddenApp: Unexpected role when checking hidden app: undefined
04-24 14:38:30.946 E/GeckoConsole( 1787): Content JS WARN at app://homescreen.gaiamobile.org/gaia_build_defer_index.js:184 in isHiddenApp: Unexpected role when checking hidden app: undefined
04-24 14:38:30.946 E/GeckoConsole( 1787): Content JS WARN at app://homescreen.gaiamobile.org/gaia_build_defer_index.js:184 in isHiddenApp: Unexpected role when checking hidden app: undefined
04-24 14:38:30.946 E/GeckoConsole( 1787): Content JS WARN at app://homescreen.gaiamobile.org/gaia_build_defer_index.js:184 in isHiddenApp: Unexpected role when checking hidden app: undefined
04-24 14:38:30.946 E/GeckoConsole( 1787): Content JS WARN at app://homescreen.gaiamobile.org/gaia_build_defer_index.js:184 in isHiddenApp: Unexpected role when checking hidden app: undefined
04-24 14:38:30.946 E/GeckoConsole( 1787): Content JS WARN at app://homescreen.gaiamobile.org/gaia_build_defer_index.js:184 in isHiddenApp: Unexpected role when checking hidden app: undefined
04-24 14:38:30.946 E/GeckoConsole( 1787): Content JS WARN at app://homescreen.gaiamobile.org/gaia_build_defer_index.js:184 in isHiddenApp: Unexpected role when checking hidden app: undefined
04-24 14:38:30.946 E/GeckoConsole( 1787): Content JS WARN at app://homescreen.gaiamobile.org/gaia_build_defer_index.js:184 in isHiddenApp: Unexpected role when checking hidden app: undefined
04-24 14:38:30.956 E/GeckoConsole( 1787): Content JS WARN at app://homescreen.gaiamobile.org/gaia_build_defer_index.js:184 in isHiddenApp: Unexpected role when checking hidden app: undefined
04-24 14:38:30.956 E/GeckoConsole( 1787): Content JS WARN at app://homescreen.gaiamobile.org/gaia_build_defer_index.js:184 in isHiddenApp: Unexpected role when checking hidden app: undefined
04-24 14:38:30.956 E/GeckoConsole( 1787): Content JS WARN at app://homescreen.gaiamobile.org/gaia_build_defer_index.js:184 in isHiddenApp: Unexpected role when checking hidden app: undefined
04-24 14:38:30.956 E/GeckoConsole( 1787): Content JS WARN at app://homescreen.gaiamobile.org/gaia_build_defer_index.js:184 in isHiddenApp: Unexpected role when checking hidden app: undefined
04-24 14:38:30.956 E/GeckoConsole( 1787): Content JS WARN at app://homescreen.gaiamobile.org/gaia_build_defer_index.js:184 in isHiddenApp: Unexpected role when checking hidden app: undefined
04-24 14:38:30.956 E/GeckoConsole( 1787): Content JS WARN at app://homescreen.gaiamobile.org/gaia_build_defer_index.js:184 in isHiddenApp: Unexpected role when checking hidden app: undefined
04-24 14:38:30.956 E/GeckoConsole( 1787): Content JS WARN at app://homescreen.gaiamobile.org/gaia_build_defer_index.js:184 in isHiddenApp: Unexpected role when checking hidden app: undefined
04-24 14:38:30.956 E/GeckoConsole( 1787): Content JS WARN at app://homescreen.gaiamobile.org/gaia_build_defer_index.js:184 in isHiddenApp: Unexpected role when checking hidden app: undefined
04-24 14:38:31.346 I/Gecko   (   84): 1398375511364	Marionette	INFO	sendToClient: {"from":"0","value":"<div><img src=\"blob:c14fb33a-853a-48d5-8748-73698852ceaf\" style=\"visibility: visible;\" role=\"presentation\" height=\"64\" width=\"64\"><span class=\"labelWrapper\"><span>Social</span></span></div><span data-is-icon=\"true\" class=\"options\"></span>"}, {71936364-2066-4219-aeaf-437918594394}, {71936364-2066-4219-aeaf-437918594394}
04-24 14:38:31.566 I/Gecko   (   84): 1398375511583	Marionette	INFO	sendToClient: {"from":"0","value":"<div><img src=\"blob:467b3562-1342-4784-8e92-440fc448e946\" style=\"visibility: visible;\" role=\"presentation\" height=\"64\" width=\"64\"><span class=\"labelWrapper\"><span>Games</span></span></div><span data-is-icon=\"true\" class=\"options\"></span>"}, {3d753db1-e8a5-4efb-8491-8764765e3c5b}, {3d753db1-e8a5-4efb-8491-8764765e3c5b}
04-24 14:38:31.606 I/Gecko   (   84): 1398375511624	Marionette	INFO	sendToClient: {"from":"0","value":"<div><img src=\"blob:a8dbefdc-1579-4041-abcc-26f1acd0998b\" style=\"visibility: visible;\" role=\"presentation\" height=\"64\" width=\"64\"><span class=\"labelWrapper\"><span>Music</span></span></div><span data-is-icon=\"true\" class=\"options\"></span>"}, {260ba819-da38-44fc-875f-7d6e55b7d693}, {260ba819-da38-44fc-875f-7d6e55b7d693}
04-24 14:38:31.646 I/Gecko   (   84): 1398375511659	Marionette	INFO	sendToClient: {"from":"0","value":"<div><img src=\"blob:ffbffddb-3164-4864-9081-db0f0ef0f355\" style=\"visibility: visible;\" role=\"presentation\" height=\"64\" width=\"64\"><span class=\"labelWrapper\"><span>Showbiz</span></span></div><span data-is-icon=\"true\" class=\"options\"></span>"}, {fd4fa8c5-db5d-49b2-9d3f-8c3a506cc8e1}, {fd4fa8c5-db5d-49b2-9d3f-8c3a506cc8e1}
04-24 14:38:31.696 I/Gecko   (   84): 1398375511711	Marionette	INFO	sendToClient: {"from":"0","value":"<div><img src=\"blob:092ec6ab-902b-41be-bb5d-38bfeece272e\" style=\"visibility: visible;\" role=\"presentation\" height=\"64\" width=\"64\"><span class=\"labelWrapper\"><span>Camera</span></span></div>"}, {c4919dab-eded-4d70-9173-acec5f0dd737}, {c4919dab-eded-4d70-9173-acec5f0dd737}
04-24 14:38:31.716 I/Gecko   (   84): 1398375511728	Marionette	INFO	sendToClient: {"from":"0","value":"<div><img src=\"blob:2b3fa705-1ec3-4e1a-8491-1bfd61dd8c40\" style=\"visibility: visible;\" role=\"presentation\" height=\"64\" width=\"64\"><span class=\"labelWrapper\"><span>Gallery</span></span></div>"}, {b942c761-1b52-465f-9226-49833a6c5e60}, {b942c761-1b52-465f-9226-49833a6c5e60}
04-24 14:38:31.736 I/Gecko   (   84): 1398375511746	Marionette	INFO	sendToClient: {"from":"0","value":"<div><img src=\"blob:07e0c562-382d-4208-ad73-5f50d5476a1c\" style=\"visibility: visible;\" role=\"presentation\" height=\"64\" width=\"64\"><span class=\"labelWrapper\"><span>FM Radio</span></span></div>"}, {7390d43b-5447-4604-9733-086b7b283c38}, {7390d43b-5447-4604-9733-086b7b283c38}
04-24 14:38:31.746 I/Gecko   (   84): 1398375511757	Marionette	INFO	sendToClient: {"from":"0","value":"<div><img src=\"blob:5d0df9d9-e41b-4c7e-bb46-78c0449669e1\" style=\"visibility: visible;\" role=\"presentation\" height=\"64\" width=\"64\"><span class=\"labelWrapper\"><span>Settings</span></span></div>"}, {0eff4fcb-642a-4d28-a4c9-a3937aa48514}, {0eff4fcb-642a-4d28-a4c9-a3937aa48514}
04-24 14:38:31.756 I/Gecko   (   84): 1398375511768	Marionette	INFO	sendToClient: {"from":"0","value":"<div><img src=\"blob:fde686f1-80e1-486c-bed9-3c37625b9cda\" style=\"visibility: visible;\" role=\"presentation\" height=\"64\" width=\"64\"><span class=\"labelWrapper\"><span>Marketplace</span></span></div>"}, {d465b223-6370-4719-8f29-efbe89ed9d64}, {d465b223-6370-4719-8f29-efbe89ed9d64}
04-24 14:38:31.766 I/Gecko   (   84): 1398375511779	Marionette	INFO	sendToClient: {"from":"0","value":"<div><img src=\"blob:ea15754d-7f6d-420f-bc60-c578f7b87f64\" style=\"visibility: visible;\" role=\"presentation\" height=\"64\" width=\"64\"><span class=\"labelWrapper\"><span>Calendar</span></span></div>"}, {6a161a3d-efad-4873-980d-e6057163f544}, {6a161a3d-efad-4873-980d-e6057163f544}
04-24 14:38:31.796 I/Gecko   (   84): 1398375511812	Marionette	INFO	sendToClient: {"from":"0","value":"<div><img src=\"blob:76da1068-2f23-4271-ac2e-b016d286c3bf\" style=\"visibility: visible;\" role=\"presentation\" height=\"64\" width=\"64\"><span class=\"labelWrapper\"><span>Clock</span></span></div>"}, {5e3151c7-8e26-44c2-8b99-124fa160e1bd}, {5e3151c7-8e26-44c2-8b99-124fa160e1bd}
04-24 14:38:31.856 W/WifiHW  (   84): wifi_command: SIGNAL_POLL
04-24 14:38:31.926 I/Gecko   (   84): 1398375511938	Marionette	INFO	sendToClient: {"from":"0","value":"<div><img src=\"blob:a304eefc-88ea-476a-bb45-fe571079b029\" style=\"visibility: visible;\" role=\"presentation\" height=\"64\" width=\"64\"><span class=\"labelWrapper\"><span>Usage</span></span></div>"}, {f8b918c1-d22c-4b49-afd3-99f3675cf6c5}, {f8b918c1-d22c-4b49-afd3-99f3675cf6c5}
04-24 14:38:31.936 I/Gecko   (   84): 1398375511949	Marionette	INFO	sendToClient: {"from":"0","value":"<div><img src=\"blob:0537603e-de91-484f-bf16-1b65ea333668\" style=\"visibility: visible;\" role=\"presentation\" height=\"64\" width=\"64\"><span class=\"labelWrapper\"><span>E-Mail</span></span></div>"}, {0f7ce213-9024-4bc4-b765-27c038177bf4}, {0f7ce213-9024-4bc4-b765-27c038177bf4}
04-24 14:38:31.946 I/Gecko   (   84): 1398375511965	Marionette	INFO	sendToClient: {"from":"0","value":"<div><img src=\"blob:41ba25da-d3be-4a93-b6ae-a3de535bff47\" style=\"visibility: visible;\" role=\"presentation\" height=\"64\" width=\"64\"><span class=\"labelWrapper\"><span>Music</span></span></div>"}, {16d9c388-e482-4607-b1d7-0aa12e8cd99d}, {16d9c388-e482-4607-b1d7-0aa12e8cd99d}
04-24 14:38:31.976 I/Gecko   (   84): 1398375511992	Marionette	INFO	sendToClient: {"from":"0","value":"<div><img src=\"blob:d5c94450-11d7-491a-8f58-8d4a5b5e1c2d\" style=\"visibility: visible;\" role=\"presentation\" height=\"64\" width=\"64\"><span class=\"labelWrapper\"><span>Video</span></span></div>"}, {859c1866-a1c1-4e17-85d8-626b553fc4a0}, {859c1866-a1c1-4e17-85d8-626b553fc4a0}
04-24 14:38:31.996 I/Gecko   (   84): 1398375512006	Marionette	INFO	sendToClient: {"from":"0","value":"<div><img src=\"blob:b3ef8782-bd4b-4c5c-b646-b8fc7a04c6fb\" style=\"visibility: visible;\" role=\"presentation\" height=\"64\" width=\"64\"><span class=\"labelWrapper\"><span>ConnectA2</span></span></div><span data-is-icon=\"true\" class=\"options\"></span>"}, {e50e27fe-28f0-4fd0-adc0-3b048b5ab958}, {e50e27fe-28f0-4fd0-adc0-3b048b5ab958}
04-24 14:38:32.016 I/Gecko   (   84): 1398375512028	Marionette	INFO	sendToClient: {"from":"0","value":"<div><img src=\"blob:0ebf8b48-df31-47c4-82e4-91be2e4ac8d9\" style=\"visibility: visible;\" role=\"presentation\" height=\"64\" width=\"64\"><span class=\"labelWrapper\"><span>AirCombat</span></span></div><span data-is-icon=\"true\" class=\"options\"></span>"}, {c7d18f29-93ee-4b6d-bb7d-521c534b4bc7}, {c7d18f29-93ee-4b6d-bb7d-521c534b4bc7}
04-24 14:38:32.056 I/Gecko   (   84): 1398375512071	Marionette	INFO	sendToClient: {"from":"0","value":"<div><img src=\"blob:73b3bead-bc12-44e6-a8cc-23ef2a5409a8\" style=\"visibility: visible;\" role=\"presentation\" height=\"64\" width=\"64\"><span class=\"labelWrapper\"><span>Phone</span></span></div>"}, {9c422721-f5be-47cd-a707-dfaca13d7c35}, {9c422721-f5be-47cd-a707-dfaca13d7c35}
04-24 14:38:32.116 I/Gecko   (   84): 1398375512133	Marionette	INFO	sendToClient: {"from":"0","value":"<div><img src=\"blob:5269de35-03fb-4cd5-9bab-62a94fd9339f\" style=\"visibility: visible;\" role=\"presentation\" height=\"64\" width=\"64\"><span class=\"labelWrapper\"><span>Messages</span></span></div>"}, {991e4fa8-0be6-4ea5-b1cd-785066eb004f}, {991e4fa8-0be6-4ea5-b1cd-785066eb004f}
04-24 14:38:32.136 I/Gecko   (   84): 1398375512153	Marionette	INFO	sendToClient: {"from":"0","value":"<div><img src=\"blob:c11e4dd8-aaf3-4207-9993-9aa7c0dc51a1\" style=\"visibility: visible;\" role=\"presentation\" height=\"64\" width=\"64\"><span class=\"labelWrapper\"><span>Contacts</span></span></div>"}, {99e69eb1-be73-4fd0-9e9a-794a07eb375b}, {99e69eb1-be73-4fd0-9e9a-794a07eb375b}
04-24 14:38:32.146 I/Gecko   (   84): 1398375512163	Marionette	INFO	sendToClient: {"from":"0","value":"<div><img src=\"blob:3d8d4e29-7a43-4cf5-92b8-dc90b4754e23\" style=\"visibility: visible;\" role=\"presentation\" height=\"64\" width=\"64\"><span class=\"labelWrapper\"><span>Browser</span></span></div>"}, {6d1041cd-6830-4341-989f-2714230f3489}, {6d1041cd-6830-4341-989f-2714230f3489}
04-24 14:38:33.436 I/Gecko   ( 1822): ###################################### forms.js loaded
04-24 14:38:33.456 I/Gecko   ( 1822): ############################### browserElementPanning.js loaded
04-24 14:38:33.506 I/Gecko   ( 1822): ######################## BrowserElementChildPreload.js loaded
04-24 14:38:34.176 I/Gecko   (   84): 1398375514187	Marionette	INFO	sendToClient: {"from":"0","value":["{8d50ef60-8b48-4bbb-a90e-79a7af083aab}","{6b22e349-c786-4b0e-8952-a6e9c80d10d6}","{2d9fd67b-520c-42c8-a133-dfbe536e84f5}","{692a99db-068f-4882-9838-64a7c69f694f}","{6c9b3894-0933-4c9c-96c8-c62c3537679c}","{e351ab76-9ca5-4fd3-a780-76ed358972d3}","{50b2dad3-62c0-4271-a87b-c0a60ba7141d}","{42d3a8eb-154f-477d-9808-c35ef49f6512}","{9cb494f9-4949-4bd3-9cd0-a54e07f31096}","{b063a5ee-ad9d-4bd2-b1af-f2213aad405f}","{bc0c8a1b-f39d-4655-be34-0d6fcb11dbc2}","{7a7b637e-51d3-426d-95da-bea7e37f9f5b}","{100f5eaa-b7d6-4710-a1c1-3a10750f85e5}","{5d080294-408e-4b17-8b64-b3edb77a7642}","{a08cdba0-ab4a-40aa-bee8-234daeedf5f3}","{bd572c3e-3822-4c1b-86ce-7c5826c600a6}","{c04312a9-9066-47c2-ab1d-1bafb8a10032}","{500687c0-3c26-4e28-ab68-0d8b700a1f11}","{705dbef3-3651-4de6-b465-3812cb54b1a1}","{ab6351af-ad97-43df-9281-49c664c64f07}","{806a0c28-f9d5-43ca-b9b0-69701567eb6b}"]}, {7fe35d09-0bff-4240-a96e-a8ceca110120}, {7fe35d09-0bff-4240-a96e-a8ceca110120}
04-24 14:38:34.226 I/Gecko   (   84): 1398375514242	Marionette	INFO	sendToClient: {"from":"0","value":"<div><img src=\"blob:c14fb33a-853a-48d5-8748-73698852ceaf\" style=\"visibility: visible;\" role=\"presentation\" height=\"64\" width=\"64\"><span class=\"labelWrapper\"><span>Social</span></span></div><span data-is-icon=\"true\" class=\"options\"></span>"}, {ace6ab2b-4efd-46bf-8baa-e354105b0977}, {ace6ab2b-4efd-46bf-8baa-e354105b0977}
04-24 14:38:34.246 I/Gecko   (   84): 1398375514264	Marionette	INFO	sendToClient: {"from":"0","value":"<div><img src=\"blob:467b3562-1342-4784-8e92-440fc448e946\" style=\"visibility: visible;\" role=\"presentation\" height=\"64\" width=\"64\"><span class=\"labelWrapper\"><span>Games</span></span></div><span data-is-icon=\"true\" class=\"options\"></span>"}, {5b130a99-0d27-4764-9cac-54f360cc0c1c}, {5b130a99-0d27-4764-9cac-54f360cc0c1c}
04-24 14:38:34.266 I/Gecko   (   84): 1398375514276	Marionette	INFO	sendToClient: {"from":"0","value":"<div><img src=\"blob:a8dbefdc-1579-4041-abcc-26f1acd0998b\" style=\"visibility: visible;\" role=\"presentation\" height=\"64\" width=\"64\"><span class=\"labelWrapper\"><span>Music</span></span></div><span data-is-icon=\"true\" class=\"options\"></span>"}, {7bf07cdc-8fb8-462c-9269-e4ffe1ba4e99}, {7bf07cdc-8fb8-462c-9269-e4ffe1ba4e99}
04-24 14:38:34.276 I/Gecko   (   84): 1398375514286	Marionette	INFO	sendToClient: {"from":"0","value":"<div><img src=\"blob:ffbffddb-3164-4864-9081-db0f0ef0f355\" style=\"visibility: visible;\" role=\"presentation\" height=\"64\" width=\"64\"><span class=\"labelWrapper\"><span>Showbiz</span></span></div><span data-is-icon=\"true\" class=\"options\"></span>"}, {bd06190c-57bb-455d-811b-5e278bc91328}, {bd06190c-57bb-455d-811b-5e278bc91328}
04-24 14:38:34.286 I/Gecko   (   84): 1398375514296	Marionette	INFO	sendToClient: {"from":"0","value":"<div><img src=\"blob:092ec6ab-902b-41be-bb5d-38bfeece272e\" style=\"visibility: visible;\" role=\"presentation\" height=\"64\" width=\"64\"><span class=\"labelWrapper\"><span>Camera</span></span></div>"}, {d06e908f-e5ea-4ac0-bd69-f64c00e0f196}, {d06e908f-e5ea-4ac0-bd69-f64c00e0f196}
04-24 14:38:34.296 I/Gecko   (   84): 1398375514306	Marionette	INFO	sendToClient: {"from":"0","value":"<div><img src=\"blob:2b3fa705-1ec3-4e1a-8491-1bfd61dd8c40\" style=\"visibility: visible;\" role=\"presentation\" height=\"64\" width=\"64\"><span class=\"labelWrapper\"><span>Gallery</span></span></div>"}, {d1d30bac-7db0-4f82-b52f-12daf083b6f9}, {d1d30bac-7db0-4f82-b52f-12daf083b6f9}
04-24 14:38:34.306 I/Gecko   (   84): 1398375514316	Marionette	INFO	sendToClient: {"from":"0","value":"<div><img src=\"blob:07e0c562-382d-4208-ad73-5f50d5476a1c\" style=\"visibility: visible;\" role=\"presentation\" height=\"64\" width=\"64\"><span class=\"labelWrapper\"><span>FM Radio</span></span></div>"}, {ef599396-9417-4402-8fc1-1c7358c3905e}, {ef599396-9417-4402-8fc1-1c7358c3905e}
04-24 14:38:34.316 I/Gecko   (   84): 1398375514326	Marionette	INFO	sendToClient: {"from":"0","value":"<div><img src=\"blob:5d0df9d9-e41b-4c7e-bb46-78c0449669e1\" style=\"visibility: visible;\" role=\"presentation\" height=\"64\" width=\"64\"><span class=\"labelWrapper\"><span>Settings</span></span></div>"}, {69343189-c4e1-4819-97cb-c4fe4c38c1ed}, {69343189-c4e1-4819-97cb-c4fe4c38c1ed}
04-24 14:38:34.356 I/Gecko   (   84): 1398375514370	Marionette	INFO	sendToClient: {"from":"0","value":"<div><img src=\"blob:fde686f1-80e1-486c-bed9-3c37625b9cda\" style=\"visibility: visible;\" role=\"presentation\" height=\"64\" width=\"64\"><span class=\"labelWrapper\"><span>Marketplace</span></span></div>"}, {d8241529-8385-4a30-a4ae-6327e71e6119}, {d8241529-8385-4a30-a4ae-6327e71e6119}
04-24 14:38:34.366 I/Gecko   (   84): 1398375514380	Marionette	INFO	sendToClient: {"from":"0","value":"<div><img src=\"blob:ea15754d-7f6d-420f-bc60-c578f7b87f64\" style=\"visibility: visible;\" role=\"presentation\" height=\"64\" width=\"64\"><span class=\"labelWrapper\"><span>Calendar</span></span></div>"}, {5e2da2df-7cb7-44db-a8f0-45bf202c0319}, {5e2da2df-7cb7-44db-a8f0-45bf202c0319}
04-24 14:38:34.376 I/Gecko   (   84): 1398375514391	Marionette	INFO	sendToClient: {"from":"0","value":"<div><img src=\"blob:76da1068-2f23-4271-ac2e-b016d286c3bf\" style=\"visibility: visible;\" role=\"presentation\" height=\"64\" width=\"64\"><span class=\"labelWrapper\"><span>Clock</span></span></div>"}, {60af8603-8bc1-417b-bc92-791ef740f730}, {60af8603-8bc1-417b-bc92-791ef740f730}
04-24 14:38:34.386 I/Gecko   (   84): 1398375514401	Marionette	INFO	sendToClient: {"from":"0","value":"<div><img src=\"blob:a304eefc-88ea-476a-bb45-fe571079b029\" style=\"visibility: visible;\" role=\"presentation\" height=\"64\" width=\"64\"><span class=\"labelWrapper\"><span>Usage</span></span></div>"}, {5ad7cde8-a991-4651-8d8f-fbf777777e53}, {5ad7cde8-a991-4651-8d8f-fbf777777e53}
04-24 14:38:34.396 I/Gecko   (   84): 1398375514410	Marionette	INFO	sendToClient: {"from":"0","value":"<div><img src=\"blob:0537603e-de91-484f-bf16-1b65ea333668\" style=\"visibility: visible;\" role=\"presentation\" height=\"64\" width=\"64\"><span class=\"labelWrapper\"><span>E-Mail</span></span></div>"}, {ff09e89a-25f3-4f46-86f8-7715d7cb6ef0}, {ff09e89a-25f3-4f46-86f8-7715d7cb6ef0}
04-24 14:38:34.406 I/Gecko   (   84): 1398375514421	Marionette	INFO	sendToClient: {"from":"0","value":"<div><img src=\"blob:41ba25da-d3be-4a93-b6ae-a3de535bff47\" style=\"visibility: visible;\" role=\"presentation\" height=\"64\" width=\"64\"><span class=\"labelWrapper\"><span>Music</span></span></div>"}, {24cb4f37-5a4e-4b0a-9adb-62a9164c2e25}, {24cb4f37-5a4e-4b0a-9adb-62a9164c2e25}
04-24 14:38:34.426 I/Gecko   (   84): 1398375514436	Marionette	INFO	sendToClient: {"from":"0","value":"<div><img src=\"blob:d5c94450-11d7-491a-8f58-8d4a5b5e1c2d\" style=\"visibility: visible;\" role=\"presentation\" height=\"64\" width=\"64\"><span class=\"labelWrapper\"><span>Video</span></span></div>"}, {98d254b3-ea31-4da5-8a30-edf22bc90b1b}, {98d254b3-ea31-4da5-8a30-edf22bc90b1b}
04-24 14:38:34.436 I/Gecko   (   84): 1398375514446	Marionette	INFO	sendToClient: {"from":"0","value":"<div><img src=\"blob:b3ef8782-bd4b-4c5c-b646-b8fc7a04c6fb\" style=\"visibility: visible;\" role=\"presentation\" height=\"64\" width=\"64\"><span class=\"labelWrapper\"><span>ConnectA2</span></span></div><span data-is-icon=\"true\" class=\"options\"></span>"}, {4937a2ff-3098-47c8-98ff-cba932db4246}, {4937a2ff-3098-47c8-98ff-cba932db4246}
04-24 14:38:34.446 I/Gecko   (   84): 1398375514457	Marionette	INFO	sendToClient: {"from":"0","value":"<div><img src=\"blob:0ebf8b48-df31-47c4-82e4-91be2e4ac8d9\" style=\"visibility: visible;\" role=\"presentation\" height=\"64\" width=\"64\"><span class=\"labelWrapper\"><span>AirCombat</span></span></div><span data-is-icon=\"true\" class=\"options\"></span>"}, {1a94aebc-b618-4d97-8879-09becad5e0ce}, {1a94aebc-b618-4d97-8879-09becad5e0ce}
04-24 14:38:34.506 I/Gecko   (   84): 1398375514518	Marionette	INFO	sendToClient: {"from":"0","value":"<div><img src=\"blob:73b3bead-bc12-44e6-a8cc-23ef2a5409a8\" style=\"visibility: visible;\" role=\"presentation\" height=\"64\" width=\"64\"><span class=\"labelWrapper\"><span>Phone</span></span></div>"}, {3c925981-c245-477d-984a-fce845f2f03f}, {3c925981-c245-477d-984a-fce845f2f03f}
04-24 14:38:34.526 I/Gecko   (   84): 1398375514540	Marionette	INFO	sendToClient: {"from":"0","value":"<div><img src=\"blob:5269de35-03fb-4cd5-9bab-62a94fd9339f\" style=\"visibility: visible;\" role=\"presentation\" height=\"64\" width=\"64\"><span class=\"labelWrapper\"><span>Messages</span></span></div>"}, {87ed7172-dc48-442b-bb5b-8d948cad7eab}, {87ed7172-dc48-442b-bb5b-8d948cad7eab}
04-24 14:38:34.536 I/Gecko   (   84): 1398375514554	Marionette	INFO	sendToClient: {"from":"0","value":"<div><img src=\"blob:c11e4dd8-aaf3-4207-9993-9aa7c0dc51a1\" style=\"visibility: visible;\" role=\"presentation\" height=\"64\" width=\"64\"><span class=\"labelWrapper\"><span>Contacts</span></span></div>"}, {9c4e1478-9163-4ef5-a4ad-44f85d175a12}, {9c4e1478-9163-4ef5-a4ad-44f85d175a12}
04-24 14:38:34.546 I/Gecko   (   84): 1398375514566	Marionette	INFO	sendToClient: {"from":"0","value":"<div><img src=\"blob:3d8d4e29-7a43-4cf5-92b8-dc90b4754e23\" style=\"visibility: visible;\" role=\"presentation\" height=\"64\" width=\"64\"><span class=\"labelWrapper\"><span>Browser</span></span></div>"}, {0c5f2f85-5b97-4fa5-bc8e-fa1f6e412c3c}, {0c5f2f85-5b97-4fa5-bc8e-fa1f6e412c3c}
04-24 14:38:36.576 I/Gecko   (   84): 1398375516593	Marionette	INFO	sendToClient: {"from":"0","value":["{8d50ef60-8b48-4bbb-a90e-79a7af083aab}","{6b22e349-c786-4b0e-8952-a6e9c80d10d6}","{2d9fd67b-520c-42c8-a133-dfbe536e84f5}","{692a99db-068f-4882-9838-64a7c69f694f}","{6c9b3894-0933-4c9c-96c8-c62c3537679c}","{e351ab76-9ca5-4fd3-a780-76ed358972d3}","{50b2dad3-62c0-4271-a87b-c0a60ba7141d}","{42d3a8eb-154f-477d-9808-c35ef49f6512}","{9cb494f9-4949-4bd3-9cd0-a54e07f31096}","{b063a5ee-ad9d-4bd2-b1af-f2213aad405f}","{bc0c8a1b-f39d-4655-be34-0d6fcb11dbc2}","{7a7b637e-51d3-426d-95da-bea7e37f9f5b}","{100f5eaa-b7d6-4710-a1c1-3a10750f85e5}","{5d080294-408e-4b17-8b64-b3edb77a7642}","{a08cdba0-ab4a-40aa-bee8-234daeedf5f3}","{bd572c3e-3822-4c1b-86ce-7c5826c600a6}","{c04312a9-9066-47c2-ab1d-1bafb8a10032}","{500687c0-3c26-4e28-ab68-0d8b700a1f11}","{705dbef3-3651-4de6-b465-3812cb54b1a1}","{ab6351af-ad97-43df-9281-49c664c64f07}","{806a0c28-f9d5-43ca-b9b0-69701567eb6b}"]}, {da2519dc-52e9-4d64-bd0f-4dfcc2a372ce}, {da2519dc-52e9-4d64-bd0f-4dfcc2a372ce}
04-24 14:38:36.606 I/Gecko   (   84): 1398375516617	Marionette	INFO	sendToClient: {"from":"0","value":"<div><img src=\"blob:c14fb33a-853a-48d5-8748-73698852ceaf\" style=\"visibility: visible;\" role=\"presentation\" height=\"64\" width=\"64\"><span class=\"labelWrapper\"><span>Social</span></span></div><span data-is-icon=\"true\" class=\"options\"></span>"}, {3ea703f9-bca1-452f-902b-044613a94e1a}, {3ea703f9-bca1-452f-902b-044613a94e1a}
04-24 14:38:36.616 I/Gecko   (   84): 1398375516627	Marionette	INFO	sendToClient: {"from":"0","value":"<div><img src=\"blob:467b3562-1342-4784-8e92-440fc448e946\" style=\"visibility: visible;\" role=\"presentation\" height=\"64\" width=\"64\"><span class=\"labelWrapper\"><span>Games</span></span></div><span data-is-icon=\"true\" class=\"options\"></span>"}, {8f9818f8-1efd-420f-bfa9-ff20a58c3377}, {8f9818f8-1efd-420f-bfa9-ff20a58c3377}
04-24 14:38:36.626 I/Gecko   (   84): 1398375516637	Marionette	INFO	sendToClient: {"from":"0","value":"<div><img src=\"blob:a8dbefdc-1579-4041-abcc-26f1acd0998b\" style=\"visibility: visible;\" role=\"presentation\" height=\"64\" width=\"64\"><span class=\"labelWrapper\"><span>Music</span></span></div><span data-is-icon=\"true\" class=\"options\"></span>"}, {3811414e-0347-4ad7-bc2b-d4a480f28829}, {3811414e-0347-4ad7-bc2b-d4a480f28829}
04-24 14:38:36.636 I/Gecko   (   84): 1398375516647	Marionette	INFO	sendToClient: {"from":"0","value":"<div><img src=\"blob:ffbffddb-3164-4864-9081-db0f0ef0f355\" style=\"visibility: visible;\" role=\"presentation\" height=\"64\" width=\"64\"><span class=\"labelWrapper\"><span>Showbiz</span></span></div><span data-is-icon=\"true\" class=\"options\"></span>"}, {caa4cc7b-77f4-45c5-b46c-934c768203a1}, {caa4cc7b-77f4-45c5-b46c-934c768203a1}
04-24 14:38:36.646 I/Gecko   (   84): 1398375516657	Marionette	INFO	sendToClient: {"from":"0","value":"<div><img src=\"blob:092ec6ab-902b-41be-bb5d-38bfeece272e\" style=\"visibility: visible;\" role=\"presentation\" height=\"64\" width=\"64\"><span class=\"labelWrapper\"><span>Camera</span></span></div>"}, {1f16e4ff-9226-4df3-a7f4-26880e33dd0d}, {1f16e4ff-9226-4df3-a7f4-26880e33dd0d}
04-24 14:38:36.656 I/Gecko   (   84): 1398375516667	Marionette	INFO	sendToClient: {"from":"0","value":"<div><img src=\"blob:2b3fa705-1ec3-4e1a-8491-1bfd61dd8c40\" style=\"visibility: visible;\" role=\"presentation\" height=\"64\" width=\"64\"><span class=\"labelWrapper\"><span>Gallery</span></span></div>"}, {fa71b5b1-8ee0-4984-a380-516594928cd5}, {fa71b5b1-8ee0-4984-a380-516594928cd5}
04-24 14:38:36.666 I/Gecko   (   84): 1398375516677	Marionette	INFO	sendToClient: {"from":"0","value":"<div><img src=\"blob:07e0c562-382d-4208-ad73-5f50d5476a1c\" style=\"visibility: visible;\" role=\"presentation\" height=\"64\" width=\"64\"><span class=\"labelWrapper\"><span>FM Radio</span></span></div>"}, {659583c4-a514-44c4-a2e7-ee9f42ea5efa}, {659583c4-a514-44c4-a2e7-ee9f42ea5efa}
04-24 14:38:36.676 I/Gecko   (   84): 1398375516688	Marionette	INFO	sendToClient: {"from":"0","value":"<div><img src=\"blob:5d0df9d9-e41b-4c7e-bb46-78c0449669e1\" style=\"visibility: visible;\" role=\"presentation\" height=\"64\" width=\"64\"><span class=\"labelWrapper\"><span>Settings</span></span></div>"}, {a2194c3c-8af3-405c-b380-99327f948f7a}, {a2194c3c-8af3-405c-b380-99327f948f7a}
04-24 14:38:36.686 I/Gecko   (   84): 1398375516698	Marionette	INFO	sendToClient: {"from":"0","value":"<div><img src=\"blob:fde686f1-80e1-486c-bed9-3c37625b9cda\" style=\"visibility: visible;\" role=\"presentation\" height=\"64\" width=\"64\"><span class=\"labelWrapper\"><span>Marketplace</span></span></div>"}, {6e0e0893-17cb-47a2-acba-506bf8db676e}, {6e0e0893-17cb-47a2-acba-506bf8db676e}
04-24 14:38:36.706 I/Gecko   (   84): 1398375516721	Marionette	INFO	sendToClient: {"from":"0","value":"<div><img src=\"blob:ea15754d-7f6d-420f-bc60-c578f7b87f64\" style=\"visibility: visible;\" role=\"presentation\" height=\"64\" width=\"64\"><span class=\"labelWrapper\"><span>Calendar</span></span></div>"}, {b1a8b8d2-c64e-43a0-9d05-fda1fd306bcb}, {b1a8b8d2-c64e-43a0-9d05-fda1fd306bcb}
04-24 14:38:36.716 I/Gecko   (   84): 1398375516732	Marionette	INFO	sendToClient: {"from":"0","value":"<div><img src=\"blob:76da1068-2f23-4271-ac2e-b016d286c3bf\" style=\"visibility: visible;\" role=\"presentation\" height=\"64\" width=\"64\"><span class=\"labelWrapper\"><span>Clock</span></span></div>"}, {7823b07c-e49f-4696-b533-98f1c0fae8bb}, {7823b07c-e49f-4696-b533-98f1c0fae8bb}
04-24 14:38:36.726 I/Gecko   (   84): 1398375516742	Marionette	INFO	sendToClient: {"from":"0","value":"<div><img src=\"blob:a304eefc-88ea-476a-bb45-fe571079b029\" style=\"visibility: visible;\" role=\"presentation\" height=\"64\" width=\"64\"><span class=\"labelWrapper\"><span>Usage</span></span></div>"}, {6764beb2-1956-4f6c-963d-de0663b3b51f}, {6764beb2-1956-4f6c-963d-de0663b3b51f}
04-24 14:38:36.736 I/Gecko   (   84): 1398375516753	Marionette	INFO	sendToClient: {"from":"0","value":"<div><img src=\"blob:0537603e-de91-484f-bf16-1b65ea333668\" style=\"visibility: visible;\" role=\"presentation\" height=\"64\" width=\"64\"><span class=\"labelWrapper\"><span>E-Mail</span></span></div>"}, {c4cd9264-fd3a-4f45-9ccc-02cf86f81e35}, {c4cd9264-fd3a-4f45-9ccc-02cf86f81e35}
04-24 14:38:36.746 I/Gecko   (   84): 1398375516763	Marionette	INFO	sendToClient: {"from":"0","value":"<div><img src=\"blob:41ba25da-d3be-4a93-b6ae-a3de535bff47\" style=\"visibility: visible;\" role=\"presentation\" height=\"64\" width=\"64\"><span class=\"labelWrapper\"><span>Music</span></span></div>"}, {d22851e2-c438-42c9-863f-e772c65e2c81}, {d22851e2-c438-42c9-863f-e772c65e2c81}
04-24 14:38:36.756 I/Gecko   (   84): 1398375516774	Marionette	INFO	sendToClient: {"from":"0","value":"<div><img src=\"blob:d5c94450-11d7-491a-8f58-8d4a5b5e1c2d\" style=\"visibility: visible;\" role=\"presentation\" height=\"64\" width=\"64\"><span class=\"labelWrapper\"><span>Video</span></span></div>"}, {ae38a7b2-6221-4c9e-9348-0a6366fce2df}, {ae38a7b2-6221-4c9e-9348-0a6366fce2df}
04-24 14:38:36.766 I/Gecko   (   84): 1398375516785	Marionette	INFO	sendToClient: {"from":"0","value":"<div><img src=\"blob:b3ef8782-bd4b-4c5c-b646-b8fc7a04c6fb\" style=\"visibility: visible;\" role=\"presentation\" height=\"64\" width=\"64\"><span class=\"labelWrapper\"><span>ConnectA2</span></span></div><span data-is-icon=\"true\" class=\"options\"></span>"}, {f265fc36-4f3f-4774-bcff-03a470c68c20}, {f265fc36-4f3f-4774-bcff-03a470c68c20}
04-24 14:38:36.786 I/Gecko   (   84): 1398375516796	Marionette	INFO	sendToClient: {"from":"0","value":"<div><img src=\"blob:0ebf8b48-df31-47c4-82e4-91be2e4ac8d9\" style=\"visibility: visible;\" role=\"presentation\" height=\"64\" width=\"64\"><span class=\"labelWrapper\"><span>AirCombat</span></span></div><span data-is-icon=\"true\" class=\"options\"></span>"}, {c5517d04-7264-46a2-987d-fcf4087d2f05}, {c5517d04-7264-46a2-987d-fcf4087d2f05}
04-24 14:38:36.796 I/Gecko   (   84): 1398375516807	Marionette	INFO	sendToClient: {"from":"0","value":"<div><img src=\"blob:73b3bead-bc12-44e6-a8cc-23ef2a5409a8\" style=\"visibility: visible;\" role=\"presentation\" height=\"64\" width=\"64\"><span class=\"labelWrapper\"><span>Phone</span></span></div>"}, {2f8dbb47-bead-4ff1-b857-75b02cb1b00e}, {2f8dbb47-bead-4ff1-b857-75b02cb1b00e}
04-24 14:38:36.816 I/Gecko   (   84): 1398375516830	Marionette	INFO	sendToClient: {"from":"0","value":"<div><img src=\"blob:5269de35-03fb-4cd5-9bab-62a94fd9339f\" style=\"visibility: visible;\" role=\"presentation\" height=\"64\" width=\"64\"><span class=\"labelWrapper\"><span>Messages</span></span></div>"}, {4976a565-66bd-48c8-985d-190190b48876}, {4976a565-66bd-48c8-985d-190190b48876}
04-24 14:38:36.826 I/Gecko   (   84): 1398375516842	Marionette	INFO	sendToClient: {"from":"0","value":"<div><img src=\"blob:c11e4dd8-aaf3-4207-9993-9aa7c0dc51a1\" style=\"visibility: visible;\" role=\"presentation\" height=\"64\" width=\"64\"><span class=\"labelWrapper\"><span>Contacts</span></span></div>"}, {c0c79fa5-4d85-4f2c-bbd5-f9b36a3f336e}, {c0c79fa5-4d85-4f2c-bbd5-f9b36a3f336e}
04-24 14:38:36.836 I/Gecko   (   84): 1398375516852	Marionette	INFO	sendToClient: {"from":"0","value":"<div><img src=\"blob:3d8d4e29-7a43-4cf5-92b8-dc90b4754e23\" style=\"visibility: visible;\" role=\"presentation\" height=\"64\" width=\"64\"><span class=\"labelWrapper\"><span>Browser</span></span></div>"}, {c2f4e451-0867-4627-8139-f14b2e43f5b9}, {c2f4e451-0867-4627-8139-f14b2e43f5b9}
04-24 14:38:36.846 I/Gecko   (   84): 1398375516860	Marionette	INFO	sendToClient: {"from":"0","value":"app://homescreen.gaiamobile.org/index.html#root"}, {37fb3ef8-a612-44bd-8cdf-b16edf0f6a6d}, {37fb3ef8-a612-44bd-8cdf-b16edf0f6a6d}
04-24 14:38:36.856 I/Gecko   (   84): 1398375516866	Marionette	DEBUG	Got request: switchToFrame, data: {"to":"0","sessionId":"3-b2g","name":"switchToFrame","parameters":{"id":null,"focus":true}}, id: {e4a6865c-95ab-4474-8048-30e759e5e9f2}
04-24 14:38:36.866 W/WifiHW  (   84): wifi_command: SIGNAL_POLL
04-24 14:38:36.886 I/Gecko   (   84): 1398375516897	Marionette	INFO	Switched to frame: {"frameValue":null}
04-24 14:38:37.616 I/Gecko   (   84): 1398375517630	Marionette	INFO	sendToClient: {"from":"0","ok":true}, {e4a6865c-95ab-4474-8048-30e759e5e9f2}, {e4a6865c-95ab-4474-8048-30e759e5e9f2}
04-24 14:38:37.626 I/Gecko   (   84): 1398375517639	Marionette	DEBUG	Got request: switchToFrame, data: {"to":"0","sessionId":"3-b2g","name":"switchToFrame","parameters":{"id":null,"focus":true}}, id: {65d1be73-8679-421d-80c3-a1c59202f545}
04-24 14:38:37.626 I/Gecko   (   84): 1398375517642	Marionette	INFO	Switched to frame: {"frameValue":null}
04-24 14:38:37.756 I/Gecko   (   84): 1398375517772	Marionette	INFO	sendToClient: {"from":"0","ok":true}, {65d1be73-8679-421d-80c3-a1c59202f545}, {65d1be73-8679-421d-80c3-a1c59202f545}
04-24 14:38:37.766 I/Gecko   (   84): 1398375517778	Marionette	DEBUG	Got request: executeWithCallback, data: {"to":"0","sessionId":"3-b2g","name":"executeAsyncScript","parameters":{"specialPowers":false,"scriptTimeout":30000,"newSandbox":true,"args":[],"filename":"app_checker.py","script":"GaiaApps.launchWithManifestURL('http://aircombat.justplaymobile.com/aircombat.webapp')","line":106}}, id: {c35202e7-f684-44f2-bdfa-fb49946d9784}
04-24 14:38:37.926 I/Gonk    (   84): Setting nice for pid 1822 to 18
04-24 14:38:37.926 I/Gonk    (   84): Changed nice for pid 1822 from 18 to 18.
04-24 14:38:37.926 I/Gecko   (   84): [Parent 84] WARNING: waitpid failed pid:1822 errno:10: file ../../../gecko/ipc/chromium/src/base/process_util_posix.cc, line 254
04-24 14:38:37.936 I/Gonk    (   84): Setting nice for pid 1822 to 1
04-24 14:38:37.936 I/Gonk    (   84): Changed nice for pid 1822 from 18 to 1.
04-24 14:38:38.006 E/GeckoConsole(   84): Content JS LOG at dummy file:334 in GaiaApps.launch: launching app with name 'AirCombat'
04-24 14:38:38.386 D/Sensors (   84): activate handle=0; drv=0
04-24 14:38:38.396 D/Sensors (   84): Lis3dhSensor: Control set 1
04-24 14:38:38.396 D/Sensors (   84): Lis3dhSensor: mEnabled = 1
04-24 14:38:38.626 I/Gonk    (   84): Setting nice for pid 1787 to 18
04-24 14:38:38.626 I/Gonk    (   84): Changed nice for pid 1787 from 1 to 18.
04-24 14:38:38.946 I/Gecko   (   84): 
04-24 14:38:38.946 I/Gecko   (   84): ###!!! [Parent][MessageChannel] Error: Channel error: cannot send/recv
04-24 14:38:38.946 I/Gecko   (   84): 
04-24 14:38:38.956 E/GeckoConsole(   84): [JavaScript Error: "[Exception... "Component returned failure code: 0x80070057 (NS_ERROR_ILLEGAL_VALUE) [nsIXPCComponents_Utils.isDeadWrapper]"  nsresult: "0x80070057 (NS_ERROR_ILLEGAL_VALUE)"  location: "JS frame :: resource://gre/modules/BrowserElementParent.jsm :: BrowserElementParent.prototype._isAlive :: line 34"  data: no]" {file: "resource://gre/modules/BrowserElementParent.jsm" line: 34}]
04-24 14:38:38.986 I/Gecko   (   84): [Parent 84] WARNING: pipe error (98): Connection reset by peer: file ../../../gecko/ipc/chromium/src/chrome/common/ipc_channel_posix.cc, line 446
04-24 14:38:38.996 I/Gecko   (   84): [Parent 84] WARNING: waitpid failed pid:1787 errno:10: file ../../../gecko/ipc/chromium/src/base/process_util_posix.cc, line 254
04-24 14:38:39.486 E/GeckoConsole( 1822): [JavaScript Warning: "Expected media feature name but found '-webkit-min-device-pixel-ratio'." {file: "http://aircombat.justplaymobile.com/" line: 18 column: 27 source: "        @media screen and (-webkit-min-device-pixel-ratio:2){"}]
04-24 14:38:40.596 E/GeckoConsole( 1822): [JavaScript Error: "The character encoding of the HTML document was not declared. The document will render with garbled text in some browser configurations if the document contains characters from outside the US-ASCII range. The character encoding of the page must be declared in the document or in the transfer protocol." {file: "http://aircombat.justplaymobile.com/" line: 0}]
04-24 14:38:40.996 I/Gecko   (   84): [Parent 84] WARNING: waitpid failed pid:1787 errno:10: file ../../../gecko/ipc/chromium/src/base/process_util_posix.cc, line 254
04-24 14:38:40.996 I/Gecko   (   84): [Parent 84] WARNING: Failed to deliver SIGKILL to 1787!(3).: file ../../../gecko/ipc/chromium/src/chrome/common/process_watcher_posix_sigchld.cc, line 118
04-24 14:38:41.876 W/WifiHW  (   84): wifi_command: SIGNAL_POLL
04-24 14:38:42.316 I/Gecko   ( 1822): Attempting load of libEGL.so
04-24 14:38:42.366 D/libEGL  ( 1822): loaded /system/lib/egl/libEGL_mali.so
04-24 14:38:42.436 D/libEGL  ( 1822): loaded /system/lib/egl/libGLESv1_CM_mali.so
04-24 14:38:42.436 D/libEGL  ( 1822): loaded /system/lib/egl/libGLESv2_mali.so
04-24 14:38:42.476 I/Gecko   ( 1822): SharedSurface_Gralloc::Create -------
04-24 14:38:42.496 I/Gecko   ( 1822): SharedSurface_Gralloc::Create: success -- surface 0x43e2dd80, GraphicBuffer 0x43058d00.
04-24 14:38:43.236 I/Gonk    (   84): Setting nice for pid 1875 to 18
04-24 14:38:43.236 I/Gonk    (   84): Changed nice for pid 1875 from 0 to 18.
04-24 14:38:43.366 I/Gecko   ( 1822): SharedSurface_Gralloc::Create -------
04-24 14:38:43.436 I/Gecko   ( 1822): SharedSurface_Gralloc::Create: success -- surface 0x4483a040, GraphicBuffer 0x4352c600.
04-24 14:38:43.656 I/Gecko   ( 1822): SharedSurface_Gralloc::Create -------
04-24 14:38:43.686 I/Gecko   ( 1822): SharedSurface_Gralloc::Create: success -- surface 0x43e49200, GraphicBuffer 0x43efd080.
04-24 14:38:44.666 I/Gonk    (   84): Setting nice for pid 1875 to 18
04-24 14:38:44.666 I/Gonk    (   84): Changed nice for pid 1875 from 18 to 18.
04-24 14:38:44.666 I/Gecko   (   84): [Parent 84] WARNING: waitpid failed pid:1875 errno:10: file ../../../gecko/ipc/chromium/src/base/process_util_posix.cc, line 254
04-24 14:38:44.666 I/Gonk    (   84): Setting nice for pid 1875 to 1
04-24 14:38:44.676 I/Gonk    (   84): Changed nice for pid 1875 from 18 to 1.
04-24 14:38:44.706 I/Gonk    (   84): Setting nice for pid 1875 to 18
