--------- beginning of /dev/log/main
04-25 15:35:20.781 I/Gecko   (   84): 1398465320791	Marionette	INFO	sendToClient: {"from":"0","ok":true}, {b1ebb92f-a13e-426e-be5c-c42fe9c17ed4}, {b1ebb92f-a13e-426e-be5c-c42fe9c17ed4}
04-25 15:35:20.811 W/WifiHW  (   84): wifi_command: SIGNAL_POLL
04-25 15:35:20.821 I/Gecko   (   84): 1398465320831	Marionette	DEBUG	Got request: switchToFrame, data: {"to":"0","sessionId":"3-b2g","name":"switchToFrame","parameters":{"id":null,"focus":true}}, id: {6fb640cb-1e35-46b7-b367-73788cb6bd2e}
04-25 15:35:20.851 I/Gecko   (   84): 1398465320863	Marionette	INFO	Switched to frame: {"frameValue":null}
04-25 15:35:20.961 I/Gecko   (   84): 1398465320967	Marionette	INFO	sendToClient: {"from":"0","ok":true}, {6fb640cb-1e35-46b7-b367-73788cb6bd2e}, {6fb640cb-1e35-46b7-b367-73788cb6bd2e}
04-25 15:35:20.961 I/Gecko   (   84): 1398465320973	Marionette	DEBUG	Got request: executeWithCallback, data: {"to":"0","sessionId":"3-b2g","name":"executeAsyncScript","parameters":{"specialPowers":false,"scriptTimeout":null,"newSandbox":true,"args":[],"filename":"gaia_test.py","script":"return GaiaApps.displayedApp();","line":66}}, id: {00108a26-0447-4828-b72e-79cb41b73e72}
04-25 15:35:21.091 I/Gecko   (   84): 1398465321095	Marionette	INFO	sendToClient: {"from":"0","value":{"frame":{"ELEMENT":"{cd453074-2c63-497d-a011-f13f90f34e54}"},"src":"app://homescreen.gaiamobile.org/index.html#root","name":"Homescreen","origin":"app://homescreen.gaiamobile.org"}}, {00108a26-0447-4828-b72e-79cb41b73e72}, {00108a26-0447-4828-b72e-79cb41b73e72}
04-25 15:35:21.091 E/GeckoConsole(   84): Content JS LOG at dummy file:392 in GaiaApps.displayedApp: app with origin 'app://homescreen.gaiamobile.org' is displayed
04-25 15:35:21.101 I/Gecko   (   84): 1398465321108	Marionette	DEBUG	Got request: switchToFrame, data: {"to":"0","sessionId":"3-b2g","name":"switchToFrame","parameters":{"id":null,"focus":true}}, id: {4c12c0d4-8180-41a4-b729-ca562f77eb84}
04-25 15:35:21.111 I/Gecko   (   84): 1398465321116	Marionette	INFO	Switched to frame: {"frameValue":null}
04-25 15:35:21.251 E/GeckoConsole( 1836): Content JS ERROR at app://homescreen.gaiamobile.org/gaia_build_defer_index.js:390 in loadSVConfFileError: Failed parsing singleVariant configuration file [js/singlevariantconf.json]:  [Exception... "File error: Not found"  nsresult: "0x80520012 (NS_ERROR_FILE_NOT_FOUND)"  location: "JS frame :: app://homescreen.gaiamobile.org/gaia_build_defer_index.js :: loadFile :: line 382"  data: no]
04-25 15:35:21.271 I/Gecko   (   84): 1398465321274	Marionette	INFO	sendToClient: {"from":"0","ok":true}, {4c12c0d4-8180-41a4-b729-ca562f77eb84}, {4c12c0d4-8180-41a4-b729-ca562f77eb84}
04-25 15:35:21.281 I/Gecko   (   84): 1398465321284	Marionette	DEBUG	Got request: switchToFrame, data: {"to":"0","sessionId":"3-b2g","name":"switchToFrame","parameters":{"id":null,"focus":true}}, id: {26d2db82-c244-4430-b576-4033e9a83320}
04-25 15:35:21.281 I/Gecko   (   84): 1398465321286	Marionette	INFO	Switched to frame: {"frameValue":null}
04-25 15:35:21.391 I/Gecko   (   84): 1398465321394	Marionette	INFO	sendToClient: {"from":"0","ok":true}, {26d2db82-c244-4430-b576-4033e9a83320}, {26d2db82-c244-4430-b576-4033e9a83320}
04-25 15:35:21.391 I/Gecko   (   84): 1398465321400	Marionette	DEBUG	Got request: executeWithCallback, data: {"to":"0","sessionId":"3-b2g","name":"executeAsyncScript","parameters":{"specialPowers":false,"scriptTimeout":null,"newSandbox":true,"args":[],"filename":"gaia_test.py","script":"return GaiaApps.displayedApp();","line":66}}, id: {a6edd907-0bd1-446a-a069-b962482f6c56}
04-25 15:35:21.451 I/Gecko   (   84): 1398465321462	Marionette	INFO	sendToClient: {"from":"0","value":{"frame":{"ELEMENT":"{cd453074-2c63-497d-a011-f13f90f34e54}"},"src":"app://homescreen.gaiamobile.org/index.html#root","name":"Homescreen","origin":"app://homescreen.gaiamobile.org"}}, {a6edd907-0bd1-446a-a069-b962482f6c56}, {a6edd907-0bd1-446a-a069-b962482f6c56}
04-25 15:35:21.461 E/GeckoConsole(   84): Content JS LOG at dummy file:392 in GaiaApps.displayedApp: app with origin 'app://homescreen.gaiamobile.org' is displayed
04-25 15:35:21.481 I/Gecko   (   84): 1398465321485	Marionette	DEBUG	Got request: switchToFrame, data: {"to":"0","sessionId":"3-b2g","name":"switchToFrame","parameters":{"focus":true,"element":"{cd453074-2c63-497d-a011-f13f90f34e54}"}}, id: {a534d26d-8a97-47e7-a5ef-829f357784c8}
04-25 15:35:21.481 I/Gecko   (   84): 1398465321492	Marionette	INFO	Switched to frame: {"frameValue":"{cd453074-2c63-497d-a011-f13f90f34e54}"}
04-25 15:35:21.491 I/Gecko   (   84): 1398465321494	Marionette	INFO	trying remote frame 0
04-25 15:35:21.501 I/Gecko   (   84): 1398465321510	Marionette	INFO	trying remote frame 1
04-25 15:35:21.511 I/Gecko   (   84): 1398465321514	Marionette	INFO	deleting frame
04-25 15:35:21.511 I/Gecko   (   84): 1398465321519	Marionette	INFO	frame-manager load script: [object ChromeMessageSender]
04-25 15:35:22.061 V/AudioPolicyManagerBase(   89): startOutput() output 1, stream 1, session 5
04-25 15:35:22.061 V/AudioPolicyManagerBase(   89): changeRefCount() stream 1, count 1
04-25 15:35:22.061 V/AudioPolicyManagerBase(   89): getDeviceForStrategy() from cache strategy 0, device 2
04-25 15:35:22.061 V/AudioPolicyManagerBase(   89): getNewDevice() selected device 2
04-25 15:35:22.061 D/AudioPolicyManagerBase(   89): setOutputDevice() output 1 device 2 delayMs 0
04-25 15:35:22.061 V/AudioPolicyManagerBase(   89): setOutputDevice() setting same device 2 or null device for output 1
04-25 15:35:22.061 E/AudioPolicyManagerBase(   89): checkAndSetVolume stream=1, index=0, output=1, device=2
04-25 15:35:22.061 E/AudioPolicyManagerBase(   89): computeVolume, streamDesc=0x4e9bb8
04-25 15:35:22.101 W/AudioFlinger(   89): Thread AudioOut_1 cannot connect to the power manager service
04-25 15:35:22.101 V/AudioPolicyManagerBase(   89): stopOutput() output 1, stream 1, session 5
04-25 15:35:22.101 V/AudioPolicyManagerBase(   89): changeRefCount() stream 1, count 0
04-25 15:35:22.101 V/AudioPolicyManagerBase(   89): getNewDevice() selected device 0
04-25 15:35:22.101 D/AudioPolicyManagerBase(   89): setOutputDevice() output 1 device 0 delayMs 290
04-25 15:35:22.101 V/AudioPolicyManagerBase(   89): setOutputDevice() setting same device 0 or null device for output 1
04-25 15:35:22.111 V/AudioPolicyManagerBase(   89): startOutput() output 1, stream 1, session 5
04-25 15:35:22.111 V/AudioPolicyManagerBase(   89): changeRefCount() stream 1, count 1
04-25 15:35:22.111 V/AudioPolicyManagerBase(   89): getDeviceForStrategy() from cache strategy 0, device 2
04-25 15:35:22.111 V/AudioPolicyManagerBase(   89): getNewDevice() selected device 2
04-25 15:35:22.111 D/AudioPolicyManagerBase(   89): setOutputDevice() output 1 device 2 delayMs 0
04-25 15:35:22.111 V/AudioPolicyManagerBase(   89): setOutputDevice() setting same device 2 or null device for output 1
04-25 15:35:22.111 E/AudioPolicyManagerBase(   89): checkAndSetVolume stream=1, index=0, output=1, device=2
04-25 15:35:22.111 E/AudioPolicyManagerBase(   89): computeVolume, streamDesc=0x4e9bb8
04-25 15:35:22.111 V/AudioPolicyManagerBase(   89): stopOutput() output 1, stream 1, session 5
04-25 15:35:22.111 V/AudioPolicyManagerBase(   89): changeRefCount() stream 1, count 0
04-25 15:35:22.111 V/AudioPolicyManagerBase(   89): getNewDevice() selected device 0
04-25 15:35:22.111 D/AudioPolicyManagerBase(   89): setOutputDevice() output 1 device 0 delayMs 290
04-25 15:35:22.111 V/AudioPolicyManagerBase(   89): setOutputDevice() setting same device 0 or null device for output 1
04-25 15:35:22.121 V/AudioPolicyManagerBase(   89): releaseOutput() 1
04-25 15:35:22.221 I/Gecko   (   84): 1398465322230	Marionette	INFO	sendToClient: {"from":"0","ok":true}, {a534d26d-8a97-47e7-a5ef-829f357784c8}, {a534d26d-8a97-47e7-a5ef-829f357784c8}
04-25 15:35:22.361 I/Gecko   (   84): 1398465322371	Marionette	INFO	sendToClient: {"from":"0","value":{"ELEMENT":"{d18e7365-fc27-43af-b40e-6348b84a9e24}"}}, {598252f7-51ac-4d15-bee6-cd3c8aed05c4}, {598252f7-51ac-4d15-bee6-cd3c8aed05c4}
04-25 15:35:22.531 E/GeckoConsole( 1836): [JavaScript Warning: "Use of getAttributeNode() is deprecated. Use getAttribute() instead." {file: "chrome://marionette/content/atoms.js" line: 25}]
04-25 15:35:22.531 E/GeckoConsole( 1836): [JavaScript Warning: "Use of attributes' specified attribute is deprecated. It always returns true." {file: "chrome://marionette/content/atoms.js" line: 25}]
04-25 15:35:22.531 I/Gecko   (   84): 1398465322540	Marionette	INFO	sendToClient: {"from":"0","value":"normal"}, {d94a7310-ed23-4e1d-be17-85d464976fb1}, {d94a7310-ed23-4e1d-be17-85d464976fb1}
04-25 15:35:22.541 I/Gecko   (   84): 1398465322545	Marionette	DEBUG	Got request: switchToFrame, data: {"to":"0","sessionId":"3-b2g","name":"switchToFrame","parameters":{"id":null,"focus":true}}, id: {a338e7ac-0a19-4560-a739-5e5c1622c43f}
04-25 15:35:22.551 I/Gecko   (   84): 1398465322556	Marionette	INFO	Switched to frame: {"frameValue":null}
04-25 15:35:22.661 I/Gecko   (   84): 1398465322666	Marionette	INFO	sendToClient: {"from":"0","ok":true}, {a338e7ac-0a19-4560-a739-5e5c1622c43f}, {a338e7ac-0a19-4560-a739-5e5c1622c43f}
04-25 15:35:22.661 I/Gecko   (   84): 1398465322673	Marionette	DEBUG	Got request: execute, data: {"to":"0","sessionId":"3-b2g","name":"executeScript","parameters":{"specialPowers":false,"scriptTimeout":null,"newSandbox":true,"args":[],"filename":"gaia_test.py","script":"window.wrappedJSObject.dispatchEvent(new Event('home'));","line":788}}, id: {cc6b7d2d-2f00-4bab-b0b7-2cd5612bbbfa}
04-25 15:35:22.751 I/Gecko   (   84): 1398465322760	Marionette	INFO	sendToClient: {"from":"0","value":null}, {cc6b7d2d-2f00-4bab-b0b7-2cd5612bbbfa}, {cc6b7d2d-2f00-4bab-b0b7-2cd5612bbbfa}
04-25 15:35:22.771 I/Gecko   (   84): 1398465322775	Marionette	DEBUG	Got request: switchToFrame, data: {"to":"0","sessionId":"3-b2g","name":"switchToFrame","parameters":{"id":null,"focus":true}}, id: {00258f3e-5b59-497c-ae6a-8d5a3da4d30b}
04-25 15:35:22.771 I/Gecko   (   84): 1398465322777	Marionette	INFO	Switched to frame: {"frameValue":null}
04-25 15:35:22.871 I/Gecko   (   84): 1398465322880	Marionette	INFO	sendToClient: {"from":"0","ok":true}, {00258f3e-5b59-497c-ae6a-8d5a3da4d30b}, {00258f3e-5b59-497c-ae6a-8d5a3da4d30b}
04-25 15:35:22.881 I/Gecko   (   84): 1398465322886	Marionette	DEBUG	Got request: switchToFrame, data: {"to":"0","sessionId":"3-b2g","name":"switchToFrame","parameters":{"id":null,"focus":true}}, id: {bbb934a6-c577-442a-bd22-392563f162dc}
04-25 15:35:22.881 I/Gecko   (   84): 1398465322887	Marionette	INFO	Switched to frame: {"frameValue":null}
04-25 15:35:22.981 I/Gecko   (   84): 1398465322990	Marionette	INFO	sendToClient: {"from":"0","ok":true}, {bbb934a6-c577-442a-bd22-392563f162dc}, {bbb934a6-c577-442a-bd22-392563f162dc}
04-25 15:35:22.991 I/Gecko   (   84): 1398465322996	Marionette	DEBUG	Got request: executeWithCallback, data: {"to":"0","sessionId":"3-b2g","name":"executeAsyncScript","parameters":{"specialPowers":false,"scriptTimeout":null,"newSandbox":true,"args":[],"filename":"gaia_test.py","script":"return GaiaApps.displayedApp();","line":66}}, id: {5c0286c2-9bb2-4a6d-9296-f94b590e9812}
04-25 15:35:23.051 I/Gecko   (   84): 1398465323062	Marionette	INFO	sendToClient: {"from":"0","value":{"frame":{"ELEMENT":"{cd453074-2c63-497d-a011-f13f90f34e54}"},"src":"app://homescreen.gaiamobile.org/index.html#rootFri%20Apr%2025%202014%2015:35:22%20GMT-0700%20(UTC)","name":"Homescreen","origin":"app://homescreen.gaiamobile.org"}}, {5c0286c2-9bb2-4a6d-9296-f94b590e9812}, {5c0286c2-9bb2-4a6d-9296-f94b590e9812}
04-25 15:35:23.061 E/GeckoConsole(   84): Content JS LOG at dummy file:392 in GaiaApps.displayedApp: app with origin 'app://homescreen.gaiamobile.org' is displayed
04-25 15:35:23.071 I/Gecko   (   84): 1398465323077	Marionette	DEBUG	Got request: switchToFrame, data: {"to":"0","sessionId":"3-b2g","name":"switchToFrame","parameters":{"focus":true,"element":"{cd453074-2c63-497d-a011-f13f90f34e54}"}}, id: {36be0b4d-2d27-4dab-b2a0-39e4e83fd802}
04-25 15:35:23.081 I/Gecko   (   84): 1398465323089	Marionette	INFO	Switched to frame: {"frameValue":"{cd453074-2c63-497d-a011-f13f90f34e54}"}
04-25 15:35:23.081 I/Gecko   (   84): 1398465323091	Marionette	INFO	trying remote frame 0
04-25 15:35:23.091 I/Gecko   (   84): 1398465323095	Marionette	INFO	trying remote frame 1
04-25 15:35:23.471 I/Gecko   (   84): 1398465323476	Marionette	INFO	sendToClient: {"from":"0","ok":true}, {36be0b4d-2d27-4dab-b2a0-39e4e83fd802}, {36be0b4d-2d27-4dab-b2a0-39e4e83fd802}
04-25 15:35:23.471 I/Gecko   (   84): 1398465323482	Marionette	DEBUG	Got request: execute, data: {"to":"0","sessionId":"3-b2g","name":"executeScript","parameters":{"specialPowers":false,"scriptTimeout":null,"newSandbox":true,"args":[],"filename":"gaia_test.py","script":"return window.wrappedJSObject.GridManager.pageHelper.getCurrentPageNumber();","line":784}}, id: {8b44617c-b87c-4b87-9e79-1ab4578fbf1e}
04-25 15:35:23.671 I/Gecko   (   84): 1398465323678	Marionette	INFO	sendToClient: {"from":"0","value":0}, {8b44617c-b87c-4b87-9e79-1ab4578fbf1e}, {8b44617c-b87c-4b87-9e79-1ab4578fbf1e}
04-25 15:35:23.931 I/Gecko   (   84): 1398465323937	Marionette	INFO	sendToClient: {"from":"0","value":["{170057d2-def9-43a4-ae1f-1b371331e7cd}","{8655cd75-166d-4f90-9e3d-19401b4951ec}","{d9e2ddbe-437f-468d-a23c-7bde8a79e25f}","{95e06f3c-628f-4047-aa99-395e9155600d}","{5b4915cc-a5ad-4c47-83fe-48254d7ec478}","{e98ae19e-cda0-441d-9ab1-09e791546afe}","{5b49f5e7-5ad1-442f-aa55-cc1d4669e2b3}","{dcb9ecfd-4e22-47ca-88b5-9580e21726ef}","{d2e01197-94e6-4d92-9456-ee37208eb018}","{9697d143-2baa-448c-aff4-b1b037b0cefe}","{2ac7e026-df94-4483-835c-e2b9ea6ad5cc}","{4e7373d6-b34f-4616-810b-528fa7e783b9}","{ac511f6c-0b46-49f4-9a18-d95660ce32e5}","{75449ffe-d4bd-4eed-9b0b-99d56d424202}","{dabcb64b-7b1d-4379-9676-abdce67f667e}","{1a5a28df-10d6-4dd2-b15d-e98781cbcbe0}","{60a22023-40a2-4ec0-9293-9887039b0511}","{efbd293b-2c46-490d-b78d-5cbb162825de}","{9ddb1a21-5679-4713-bf6f-9ae22414c83b}","{449dabd1-52a2-4667-904f-03a11510230e}","{2f3b4cbd-3cac-4dae-bb33-57c601c7b6e7}","{eeed9f10-46bb-4c48-85ae-cad46ff1437a}","{d5158ebd-d457-436c-8771-b36730cc8762}","{21cf3e95-5dd3
04-25 15:35:24.991 I/Gecko   (   84): 1398465324997	Marionette	INFO	sendToClient: {"from":"0","value":"app://homescreen.gaiamobile.org/index.html#rootFri%20Apr%2025%202014%2015:35:22%20GMT-0700%20(UTC)"}, {e5e2054d-5c9d-4521-af63-86d807f358e0}, {e5e2054d-5c9d-4521-af63-86d807f358e0}
04-25 15:35:25.011 I/Gecko   (   84): 1398465325019	Marionette	DEBUG	Got request: switchToFrame, data: {"to":"0","sessionId":"3-b2g","name":"switchToFrame","parameters":{"id":null,"focus":true}}, id: {effa929e-58da-4f29-86a3-ca1e26443222}
04-25 15:35:25.041 I/Gecko   (   84): 1398465325052	Marionette	INFO	Switched to frame: {"frameValue":null}
04-25 15:35:25.111 E/GeckoConsole( 1836): Content JS WARN at app://homescreen.gaiamobile.org/gaia_build_defer_index.js:184 in isHiddenApp: Unexpected role when checking hidden app: undefined
04-25 15:35:25.111 E/GeckoConsole( 1836): Content JS WARN at app://homescreen.gaiamobile.org/gaia_build_defer_index.js:184 in isHiddenApp: Unexpected role when checking hidden app: undefined
04-25 15:35:25.121 E/GeckoConsole( 1836): Content JS WARN at app://homescreen.gaiamobile.org/gaia_build_defer_index.js:184 in isHiddenApp: Unexpected role when checking hidden app: undefined
04-25 15:35:25.121 E/GeckoConsole( 1836): Content JS WARN at app://homescreen.gaiamobile.org/gaia_build_defer_index.js:184 in isHiddenApp: Unexpected role when checking hidden app: undefined
04-25 15:35:25.121 E/GeckoConsole( 1836): Content JS WARN at app://homescreen.gaiamobile.org/gaia_build_defer_index.js:184 in isHiddenApp: Unexpected role when checking hidden app: undefined
04-25 15:35:25.121 E/GeckoConsole( 1836): Content JS WARN at app://homescreen.gaiamobile.org/gaia_build_defer_index.js:184 in isHiddenApp: Unexpected role when checking hidden app: undefined
04-25 15:35:25.121 E/GeckoConsole( 1836): Content JS WARN at app://homescreen.gaiamobile.org/gaia_build_defer_index.js:184 in isHiddenApp: Unexpected role when checking hidden app: undefined
04-25 15:35:25.121 E/GeckoConsole( 1836): Content JS WARN at app://homescreen.gaiamobile.org/gaia_build_defer_index.js:184 in isHiddenApp: Unexpected role when checking hidden app: undefined
04-25 15:35:25.121 E/GeckoConsole( 1836): Content JS WARN at app://homescreen.gaiamobile.org/gaia_build_defer_index.js:184 in isHiddenApp: Unexpected role when checking hidden app: undefined
04-25 15:35:25.121 E/GeckoConsole( 1836): Content JS WARN at app://homescreen.gaiamobile.org/gaia_build_defer_index.js:184 in isHiddenApp: Unexpected role when checking hidden app: undefined
04-25 15:35:25.121 E/GeckoConsole( 1836): Content JS WARN at app://homescreen.gaiamobile.org/gaia_build_defer_index.js:184 in isHiddenApp: Unexpected role when checking hidden app: undefined
04-25 15:35:25.121 E/GeckoConsole( 1836): Content JS WARN at app://homescreen.gaiamobile.org/gaia_build_defer_index.js:184 in isHiddenApp: Unexpected role when checking hidden app: undefined
04-25 15:35:25.121 E/GeckoConsole( 1836): Content JS WARN at app://homescreen.gaiamobile.org/gaia_build_defer_index.js:184 in isHiddenApp: Unexpected role when checking hidden app: undefined
04-25 15:35:25.121 E/GeckoConsole( 1836): Content JS WARN at app://homescreen.gaiamobile.org/gaia_build_defer_index.js:184 in isHiddenApp: Unexpected role when checking hidden app: undefined
04-25 15:35:25.131 E/GeckoConsole( 1836): Content JS WARN at app://homescreen.gaiamobile.org/gaia_build_defer_index.js:184 in isHiddenApp: Unexpected role when checking hidden app: undefined
04-25 15:35:25.131 E/GeckoConsole( 1836): Content JS WARN at app://homescreen.gaiamobile.org/gaia_build_defer_index.js:184 in isHiddenApp: Unexpected role when checking hidden app: undefined
04-25 15:35:25.131 E/GeckoConsole( 1836): Content JS WARN at app://homescreen.gaiamobile.org/gaia_build_defer_index.js:184 in isHiddenApp: Unexpected role when checking hidden app: undefined
04-25 15:35:25.131 E/GeckoConsole( 1836): Content JS WARN at app://homescreen.gaiamobile.org/gaia_build_defer_index.js:184 in isHiddenApp: Unexpected role when checking hidden app: undefined
04-25 15:35:25.131 E/GeckoConsole( 1836): Content JS WARN at app://homescreen.gaiamobile.org/gaia_build_defer_index.js:184 in isHiddenApp: Unexpected role when checking hidden app: undefined
04-25 15:35:25.131 E/GeckoConsole( 1836): Content JS WARN at app://homescreen.gaiamobile.org/gaia_build_defer_index.js:184 in isHiddenApp: Unexpected role when checking hidden app: undefined
04-25 15:35:25.131 E/GeckoConsole( 1836): Content JS WARN at app://homescreen.gaiamobile.org/gaia_build_defer_index.js:184 in isHiddenApp: Unexpected role when checking hidden app: undefined
04-25 15:35:25.131 E/GeckoConsole( 1836): Content JS WARN at app://homescreen.gaiamobile.org/gaia_build_defer_index.js:184 in isHiddenApp: Unexpected role when checking hidden app: undefined
04-25 15:35:25.131 E/GeckoConsole( 1836): Content JS WARN at app://homescreen.gaiamobile.org/gaia_build_defer_index.js:184 in isHiddenApp: Unexpected role when checking hidden app: undefined
04-25 15:35:25.131 E/GeckoConsole( 1836): Content JS WARN at app://homescreen.gaiamobile.org/gaia_build_defer_index.js:184 in isHiddenApp: Unexpected role when checking hidden app: undefined
04-25 15:35:25.131 E/GeckoConsole( 1836): Content JS WARN at app://homescreen.gaiamobile.org/gaia_build_defer_index.js:184 in isHiddenApp: Unexpected role when checking hidden app: undefined
04-25 15:35:25.131 E/GeckoConsole( 1836): Content JS WARN at app://homescreen.gaiamobile.org/gaia_build_defer_index.js:184 in isHiddenApp: Unexpected role when checking hidden app: undefined
04-25 15:35:25.131 E/GeckoConsole( 1836): Content JS WARN at app://homescreen.gaiamobile.org/gaia_build_defer_index.js:184 in isHiddenApp: Unexpected role when checking hidden app: undefined
04-25 15:35:25.151 I/Gecko   (   84): 1398465325155	Marionette	INFO	sendToClient: {"from":"0","ok":true}, {effa929e-58da-4f29-86a3-ca1e26443222}, {effa929e-58da-4f29-86a3-ca1e26443222}
04-25 15:35:25.151 I/Gecko   (   84): 1398465325161	Marionette	DEBUG	Got request: switchToFrame, data: {"to":"0","sessionId":"3-b2g","name":"switchToFrame","parameters":{"id":null,"focus":true}}, id: {48187b22-7c7f-486f-8fc7-ed99cb974d54}
04-25 15:35:25.151 I/Gecko   (   84): 1398465325163	Marionette	INFO	Switched to frame: {"frameValue":null}
04-25 15:35:25.281 I/Gecko   (   84): 1398465325287	Marionette	INFO	sendToClient: {"from":"0","ok":true}, {48187b22-7c7f-486f-8fc7-ed99cb974d54}, {48187b22-7c7f-486f-8fc7-ed99cb974d54}
04-25 15:35:25.281 I/Gecko   (   84): 1398465325293	Marionette	DEBUG	Got request: executeWithCallback, data: {"to":"0","sessionId":"3-b2g","name":"executeAsyncScript","parameters":{"specialPowers":false,"scriptTimeout":30000,"newSandbox":true,"args":[],"filename":"app_checker.py","script":"GaiaApps.launchWithManifestURL('http://airhockey.justplaymobile.com/airhockey.webapp')","line":106}}, id: {0b413764-ac29-4b56-adfa-8600ee792fb5}
04-25 15:35:25.511 I/Gonk    (   84): Setting nice for pid 1846 to 18
04-25 15:35:25.511 I/Gonk    (   84): Changed nice for pid 1846 from 18 to 18.
04-25 15:35:25.511 I/Gecko   (   84): [Parent 84] WARNING: waitpid failed pid:1846 errno:10: file ../../../gecko/ipc/chromium/src/base/process_util_posix.cc, line 254
04-25 15:35:25.531 I/Gonk    (   84): Setting nice for pid 1846 to 1
04-25 15:35:25.531 I/Gonk    (   84): Changed nice for pid 1846 from 18 to 1.
04-25 15:35:25.591 D/Sensors (   84): activate handle=0; drv=0
04-25 15:35:25.601 D/Sensors (   84): Lis3dhSensor: Control set 1
04-25 15:35:25.601 D/Sensors (   84): Lis3dhSensor: mEnabled = 1
04-25 15:35:25.821 I/InputReader(   84): Reconfiguring input devices.  changes=0x00000004
04-25 15:35:25.831 I/InputReader(   84): Device reconfigured: id=6, name='ms-msg21xx', size 320x480, orientation 1, mode 1, display id 0
04-25 15:35:25.851 E/GeckoConsole(   84): Content JS LOG at dummy file:334 in GaiaApps.launch: launching app with name 'Airhockey'
04-25 15:35:25.901 E/[Gralloc-ERROR](   84): int gralloc_register_buffer(const gralloc_module_t*, const native_handle_t*):79 Unable to register handle 0x45fec740 coming from different process: 84
04-25 15:35:25.911 E/[Gralloc-ERROR](   84): int gralloc_register_buffer(const gralloc_module_t*, const native_handle_t*):79 Unable to register handle 0x45fec830 coming from different process: 84
04-25 15:35:27.011 W/WifiHW  (   84): wifi_command: SIGNAL_POLL
04-25 15:35:27.371 E/[Gralloc-ERROR](   84): int gralloc_unregister_buffer(const gralloc_module_t*, const native_handle_t*):274 Trying to unregister buffer 0x4454b740 from process 84 that was not created in current process: 84
04-25 15:35:27.371 E/[Gralloc-ERROR](   84): int gralloc_unregister_buffer(const gralloc_module_t*, const native_handle_t*):274 Trying to unregister buffer 0x4454b7e0 from process 84 that was not created in current process: 84
04-25 15:35:27.461 I/Gonk    (   84): Setting nice for pid 1905 to 18
04-25 15:35:27.461 I/Gonk    (   84): Changed nice for pid 1905 from 0 to 18.
04-25 15:35:27.561 I/Gonk    (   84): Setting nice for pid 1836 to 18
04-25 15:35:27.561 I/Gonk    (   84): Changed nice for pid 1836 from 1 to 18.
04-25 15:35:28.161 I/Gecko   ( 1846): ###################################### forms.js loaded
04-25 15:35:28.181 I/Gecko   ( 1846): ############################### browserElementPanning.js loaded
04-25 15:35:28.241 I/Gecko   ( 1846): ######################## BrowserElementChildPreload.js loaded
04-25 15:35:29.591 E/GeckoConsole( 1846): [JavaScript Warning: "Unknown property '-moz-border-radius'.  Declaration dropped." {file: "http://airhockey.justplaymobile.com/480px.htm" line: 127 column: 19 source: "	-moz-border-radius: 40px;"}]
04-25 15:35:29.591 E/GeckoConsole( 1846): [JavaScript Warning: "Unknown property '-moz-box-shadow'.  Declaration dropped." {file: "http://airhockey.justplaymobile.com/480px.htm" line: 133 column: 16 source: "	-moz-box-shadow: 3px 3px 10px 0 #000;"}]
04-25 15:35:29.591 E/GeckoConsole( 1846): [JavaScript Warning: "Unknown property '-moz-border-radius'.  Declaration dropped." {file: "http://airhockey.justplaymobile.com/480px.htm" line: 163 column: 19 source: "	-moz-border-radius: 40px;"}]
04-25 15:35:29.591 E/GeckoConsole( 1846): [JavaScript Warning: "Unknown property '-moz-box-shadow'.  Declaration dropped." {file: "http://airhockey.justplaymobile.com/480px.htm" line: 169 column: 16 source: "	-moz-box-shadow: 3px 3px 10px 0 #000;"}]
04-25 15:35:29.681 E/GeckoConsole( 1846): [JavaScript Warning: "The character encoding of a framed document was not declared. The document may appear different if viewed without the document framing it." {file: "http://airhockey.justplaymobile.com/480px.htm" line: 0}]
04-25 15:35:29.901 I/Gecko   (   84): [Parent 84] WARNING: pipe error (114): Connection reset by peer: file ../../../gecko/ipc/chromium/src/chrome/common/ipc_channel_posix.cc, line 446
04-25 15:35:29.921 E/GeckoConsole(   84): Content JS LOG at dummy file:326 in GaiaApps.launch/appOpen/<: app with origin 'http://airhockey.justplaymobile.com' has launched
04-25 15:35:29.921 I/Gecko   (   84): 1398465329926	Marionette	INFO	sendToClient: {"from":"0","value":{"frame":{"ELEMENT":"{893ce747-9dba-4259-ae40-910465f8205d}"},"src":"http://airhockey.justplaymobile.com/","name":"Airhockey","origin":"http://airhockey.justplaymobile.com"}}, {0b413764-ac29-4b56-adfa-8600ee792fb5}, {0b413764-ac29-4b56-adfa-8600ee792fb5}
04-25 15:35:30.081 I/Gecko   (   84): 
04-25 15:35:30.081 I/Gecko   (   84): ###!!! [Parent][MessageChannel] Error: Channel error: cannot send/recv
04-25 15:35:30.081 I/Gecko   (   84): 
04-25 15:35:30.151 I/Gecko   (   84): [Parent 84] WARNING: waitpid failed pid:1836 errno:10: file ../../../gecko/ipc/chromium/src/base/process_util_posix.cc, line 254
04-25 15:35:30.211 I/Gecko   (   84): 1398465330218	Marionette	DEBUG	Got request: switchToFrame, data: {"to":"0","sessionId":"3-b2g","name":"switchToFrame","parameters":{"focus":true,"element":"{893ce747-9dba-4259-ae40-910465f8205d}"}}, id: {c7f24404-05a6-4aba-a74c-a914cd02588b}
04-25 15:35:30.291 I/Gecko   (   84): 1398465330296	Marionette	INFO	Switched to frame: {"frameValue":"{893ce747-9dba-4259-ae40-910465f8205d}"}
04-25 15:35:30.401 I/Gecko   (   84): 1398465330411	Marionette	INFO	trying remote frame 0
04-25 15:35:30.401 I/Gecko   (   84): 1398465330412	Marionette	INFO	trying remote frame 1
04-25 15:35:30.401 I/Gecko   (   84): 1398465330412	Marionette	INFO	deleting frame
04-25 15:35:30.411 I/Gecko   (   84): 1398465330418	Marionette	INFO	frame-manager load script: [object ChromeMessageSender]
04-25 15:35:31.361 I/Gecko   (   84): 1398465331364	Marionette	INFO	sendToClient: {"from":"0","ok":true}, {c7f24404-05a6-4aba-a74c-a914cd02588b}, {c7f24404-05a6-4aba-a74c-a914cd02588b}
04-25 15:35:31.471 I/Gecko   (   84): 1398465331482	Marionette	INFO	sendToClient: {"from":"0","value":"http://airhockey.justplaymobile.com/"}, {e8fb51eb-30b3-49fc-bca6-7f7b27530024}, {e8fb51eb-30b3-49fc-bca6-7f7b27530024}
04-25 15:35:31.481 I/Gecko   (   84): 1398465331489	Marionette	DEBUG	Got request: execute, data: {"to":"0","sessionId":"3-b2g","name":"executeScript","parameters":{"specialPowers":false,"scriptTimeout":null,"newSandbox":true,"args":[],"filename":"app_checker.py","script":"return window.document.readyState;","line":191}}, id: {871ad0d2-6a67-4af9-99e3-68a854d3016f}
04-25 15:35:31.521 I/Gecko   (   84): 1398465331526	Marionette	INFO	sendToClient: {"from":"0","value":"complete"}, {871ad0d2-6a67-4af9-99e3-68a854d3016f}, {871ad0d2-6a67-4af9-99e3-68a854d3016f}
04-25 15:35:31.531 I/Gecko   (   84): 1398465331534	Marionette	INFO	sendToClient: {"from":"0","value":"http://airhockey.justplaymobile.com/"}, {15839c09-2282-4b7e-aae8-046e2f493e7c}, {15839c09-2282-4b7e-aae8-046e2f493e7c}
04-25 15:35:31.541 I/Gecko   ( 1846): Attempting load of libEGL.so
04-25 15:35:31.581 D/libEGL  ( 1846): loaded /system/lib/egl/libEGL_mali.so
04-25 15:35:31.631 D/libEGL  ( 1846): loaded /system/lib/egl/libGLESv1_CM_mali.so
04-25 15:35:31.641 D/libEGL  ( 1846): loaded /system/lib/egl/libGLESv2_mali.so
04-25 15:35:31.681 I/Gecko   ( 1846): SharedSurface_Gralloc::Create -------
04-25 15:35:31.701 I/Gecko   ( 1846): SharedSurface_Gralloc::Create: success -- surface 0x43e8ee00, GraphicBuffer 0x43dc6900.
04-25 15:35:32.031 W/WifiHW  (   84): wifi_command: SIGNAL_POLL
04-25 15:35:32.151 I/Gecko   (   84): [Parent 84] WARNING: waitpid failed pid:1836 errno:10: file ../../../gecko/ipc/chromium/src/base/process_util_posix.cc, line 254
04-25 15:35:32.151 I/Gecko   (   84): [Parent 84] WARNING: Failed to deliver SIGKILL to 1836!(3).: file ../../../gecko/ipc/chromium/src/chrome/common/process_watcher_posix_sigchld.cc, line 118
04-25 15:35:32.661 I/Gecko   (   84): 1398465332668	Marionette	INFO	sendToClient: {"from":"0","value":"iVBORw0KGgoAAAANSUhEUgAAAeAAAAFACAYAAABkyK97AAAgAElEQVR4nOydP0gb///Hb/gMNzjc4HCDgwcOHjh44OCBiwcdetChBx086CCHQzkc5HCQ4CIhg4QMEhwkZAgkQyAZAskQSJZAMgSSQYiDkA4dMnyGDJ/hhu/w/A2v9/vukqq1/fxaaz/vDzyItdZG7ceHr/8SvkgQCAQCgUDwa5Fe+gkIBAKBQPBfRAhYIBAIBIIXQAhYIBAIBIIXQAhYIBAIBIIXQAhYIBAIBIIXQAhYIBAIBIIXQAhYIBAIBIIXQAhYIBAIBIIXQAhYIBAIBIIXQAhYIBAIBIIXQAhYIBAIBIIXQAhYIBAIBIIXQAhYIBAIBIIXQAhYIBAIBIIXQAhYIBAIBIIXQAhYIBD8OJ9/gH/75x97XwLBK0MIWCAQ/Dj/VqBCwIL/MELAAoHgx/keWd4/8OtvIQQs+IMRAhYIBD/O90asz5HuYyJ+SMgv/fELBP8CIWCBQPDj/LB8ZYR3MkL++BD3MsI7iR7vJYQPRcUv/fELBP8CIWCBQPDjPFu8D8t2fqdgfqtgfisvodDvLbz9AxJ+6Y9fIPgXCAELBIIf5xvRbpgQ7/wuluuMM36aSMgJAYf3EkL+d7z0xy8Q/AuEgAUCwY/zjVTznIuXyXd2Ky8IdjpWMB0+wngpMr6TvpbwS3/8AsG/QAhYIPgv861O4y+P/zq8X3w5ZBHv/J6EO0uIdzpWMBkqmAxVTIYqRgMFo4GC/kDBqKdh1NMx6WkYdVVMh/TyZBDLeLYs4TsZuJef9/wFgt8UIWCB4L/Mj87fRk1Ri7VdEm4ixRxJVMVkqGE00JhwiU5bQ79toNPSMepq6LcU9NsqRl0Vo6GCKfvzs3EsYf53CQELXjtCwALBf5kfHB8K7+NINEoRjxXMxiqmY5WEO1Ax6akk1raGfltHp6WjWd
04-25 15:35:32.971 I/Gecko   (   84): 1398465332981	Marionette	INFO	sendToClient: {"from":"0","ok":true}, {37e48e71-c33c-4e79-a1f3-d444d1263a40}, {37e48e71-c33c-4e79-a1f3-d444d1263a40}
04-25 15:35:32.981 I/Gecko   (   84): 1398465332990	Marionette	DEBUG	Got request: switchToFrame, data: {"to":"0","sessionId":"3-b2g","name":"switchToFrame","parameters":{"id":null,"focus":true}}, id: {0c9fe221-d447-410a-80f3-91af6f5d6bf0}
04-25 15:35:33.011 I/Gecko   (   84): 1398465333019	Marionette	INFO	Switched to frame: {"frameValue":null}
04-25 15:35:33.121 I/Gecko   (   84): 1398465333126	Marionette	INFO	sendToClient: {"from":"0","ok":true}, {0c9fe221-d447-410a-80f3-91af6f5d6bf0}, {0c9fe221-d447-410a-80f3-91af6f5d6bf0}
04-25 15:35:33.121 I/Gecko   (   84): 1398465333132	Marionette	DEBUG	Got request: executeWithCallback, data: {"to":"0","sessionId":"3-b2g","name":"executeAsyncScript","parameters":{"specialPowers":false,"scriptTimeout":null,"newSandbox":true,"args":[],"filename":"gaia_test.py","script":"return GaiaApps.displayedApp();","line":66}}, id: {3f4d9e0f-36db-4e02-9f37-41dd57aaf653}
04-25 15:35:33.321 E/GeckoConsole(   84): Content JS LOG at dummy file:392 in GaiaApps.displayedApp: app with origin 'http://airhockey.justplaymobile.com' is displayed
04-25 15:35:33.331 I/Gecko   (   84): 1398465333335	Marionette	INFO	sendToClient: {"from":"0","value":{"frame":{"ELEMENT":"{893ce747-9dba-4259-ae40-910465f8205d}"},"src":"http://airhockey.justplaymobile.com/","name":"Airhockey","origin":"http://airhockey.justplaymobile.com"}}, {3f4d9e0f-36db-4e02-9f37-41dd57aaf653}, {3f4d9e0f-36db-4e02-9f37-41dd57aaf653}
04-25 15:35:33.331 I/Gecko   (   84): 1398465333341	Marionette	DEBUG	Got request: switchToFrame, data: {"to":"0","sessionId":"3-b2g","name":"switchToFrame","parameters":{"id":null,"focus":true}}, id: {013864ca-f12c-476b-bb9f-0a8357ca0d72}
04-25 15:35:33.331 I/Gecko   (   84): 1398465333343	Marionette	INFO	Switched to frame: {"frameValue":null}
04-25 15:35:33.451 I/Gecko   (   84): 1398465333456	Marionette	INFO	sendToClient: {"from":"0","ok":true}, {013864ca-f12c-476b-bb9f-0a8357ca0d72}, {013864ca-f12c-476b-bb9f-0a8357ca0d72}
04-25 15:35:33.451 I/Gecko   (   84): 1398465333462	Marionette	DEBUG	Got request: execute, data: {"to":"0","sessionId":"3-b2g","name":"executeScript","parameters":{"specialPowers":false,"scriptTimeout":null,"newSandbox":true,"args":[],"filename":"gaia_test.py","script":"window.wrappedJSObject.dispatchEvent(new Event('home'));","line":788}}, id: {4514cb45-c56d-447c-9b17-f21c49be9c9c}
04-25 15:35:33.701 I/Gonk    (   84): Setting nice for pid 1905 to 18
04-25 15:35:33.711 I/Gonk    (   84): Changed nice for pid 1905 from 18 to 18.
04-25 15:35:33.711 I/Gecko   (   84): [Parent 84] WARNING: waitpid failed pid:1905 errno:10: file ../../../gecko/ipc/chromium/src/base/process_util_posix.cc, line 254
04-25 15:35:33.721 I/Gonk    (   84): Setting nice for pid 1905 to 1
04-25 15:35:33.721 I/Gonk    (   84): Changed nice for pid 1905 from 18 to 1.
04-25 15:35:33.751 D/Sensors (   84): activate handle=0; drv=0
04-25 15:35:33.751 D/Sensors (   84): Lis3dhSensor: Control set 0
04-25 15:35:33.751 D/Sensors (   84): Lis3dhSensor: mEnabled = 0
04-25 15:35:34.321 I/InputReader(   84): Reconfiguring input devices.  changes=0x00000004
04-25 15:35:34.321 I/InputReader(   84): Device reconfigured: id=6, name='ms-msg21xx', size 320x480, orientation 0, mode 1, display id 0
04-25 15:35:34.421 E/[Gralloc-ERROR](   84): int gralloc_register_buffer(const gralloc_module_t*, const native_handle_t*):79 Unable to register handle 0x44559c90 coming from different process: 84
04-25 15:35:34.441 E/[Gralloc-ERROR](   84): int gralloc_register_buffer(const gralloc_module_t*, const native_handle_t*):79 Unable to register handle 0x433e6970 coming from different process: 84
04-25 15:35:34.631 I/Gecko   (   84): 1398465334635	Marionette	INFO	sendToClient: {"from":"0","value":null}, {4514cb45-c56d-447c-9b17-f21c49be9c9c}, {4514cb45-c56d-447c-9b17-f21c49be9c9c}
04-25 15:35:34.691 E/[Gralloc-ERROR](   84): int gralloc_unregister_buffer(const gralloc_module_t*, const native_handle_t*):274 Trying to unregister buffer 0x45fec740 from process 84 that was not created in current process: 84
04-25 15:35:34.691 E/[Gralloc-ERROR](   84): int gralloc_unregister_buffer(const gralloc_module_t*, const native_handle_t*):274 Trying to unregister buffer 0x45fec830 from process 84 that was not created in current process: 84
04-25 15:35:34.721 I/Gecko   (   84): 1398465334726	Marionette	DEBUG	Got request: switchToFrame, data: {"to":"0","sessionId":"3-b2g","name":"switchToFrame","parameters":{"id":null,"focus":true}}, id: {96f83c5a-d476-48a7-9f9d-37bf93d2195b}
04-25 15:35:34.721 I/Gecko   (   84): 1398465334732	Marionette	INFO	Switched to frame: {"frameValue":null}
04-25 15:35:34.831 I/Gecko   (   84): 1398465334836	Marionette	INFO	sendToClient: {"from":"0","ok":true}, {96f83c5a-d476-48a7-9f9d-37bf93d2195b}, {96f83c5a-d476-48a7-9f9d-37bf93d2195b}
04-25 15:35:34.851 I/Gecko   (   84): 1398465334860	Marionette	DEBUG	Got request: executeWithCallback, data: {"to":"0","sessionId":"3-b2g","name":"executeAsyncScript","parameters":{"specialPowers":false,"scriptTimeout":null,"newSandbox":true,"args":[],"filename":"gaia_test.py","script":"return GaiaApps.displayedApp();","line":66}}, id: {3894e2af-b5c3-45f5-b23b-68cca2eff1fb}
04-25 15:35:35.021 E/GeckoConsole(   84): Content JS LOG at dummy file:392 in GaiaApps.displayedApp: app with origin 'app://homescreen.gaiamobile.org' is displayed
04-25 15:35:35.031 I/Gecko   (   84): 1398465335042	Marionette	INFO	sendToClient: {"from":"0","value":{"frame":{"ELEMENT":"{752114a4-1256-49d3-ac65-d94bde5d14f1}"},"src":"app://homescreen.gaiamobile.org/index.html#root","name":"Homescreen","origin":"app://homescreen.gaiamobile.org"}}, {3894e2af-b5c3-45f5-b23b-68cca2eff1fb}, {3894e2af-b5c3-45f5-b23b-68cca2eff1fb}
04-25 15:35:35.101 I/Gecko   (   84): 1398465335109	Marionette	DEBUG	Got request: switchToFrame, data: {"to":"0","sessionId":"3-b2g","name":"switchToFrame","parameters":{"id":null,"focus":true}}, id: {a0283e7c-96c4-4a3f-b820-23f61ead5fb7}
04-25 15:35:35.111 I/Gecko   (   84): 1398465335116	Marionette	INFO	Switched to frame: {"frameValue":null}
04-25 15:35:36.091 I/Gecko   (   84): 1398465336095	Marionette	INFO	sendToClient: {"from":"0","ok":true}, {a0283e7c-96c4-4a3f-b820-23f61ead5fb7}, {a0283e7c-96c4-4a3f-b820-23f61ead5fb7}
04-25 15:35:37.201 I/Gonk    (   84): Setting nice for pid 1929 to 18
04-25 15:35:37.201 I/Gonk    (   84): Changed nice for pid 1929 from 0 to 18.
04-25 15:35:37.281 I/Gonk    (   84): Setting nice for pid 1846 to 18
04-25 15:35:37.281 I/Gonk    (   84): Changed nice for pid 1846 from 1 to 18.
04-25 15:35:37.411 W/WifiHW  (   84): wifi_command: SIGNAL_POLL
04-25 15:35:37.611 I/Gecko   (   84): 1398465337616	Marionette	DEBUG	Got request: switchToFrame, data: {"to":"0","sessionId":"3-b2g","name":"switchToFrame","parameters":{"id":null,"focus":true}}, id: {cfd91a3e-10b3-477a-b515-f15963b7f572}
04-25 15:35:37.661 I/Gecko   (   84): 1398465337671	Marionette	INFO	Switched to frame: {"frameValue":null}
04-25 15:35:37.811 I/Gecko   (   84): 1398465337817	Marionette	INFO	sendToClient: {"from":"0","ok":true}, {cfd91a3e-10b3-477a-b515-f15963b7f572}, {cfd91a3e-10b3-477a-b515-f15963b7f572}
04-25 15:35:37.831 I/Gecko   (   84): 1398465337839	Marionette	DEBUG	Got request: executeWithCallback, data: {"to":"0","sessionId":"3-b2g","name":"executeAsyncScript","parameters":{"specialPowers":false,"scriptTimeout":null,"newSandbox":true,"args":[],"filename":"gaia_test.py","script":"return GaiaApps.displayedApp();","line":66}}, id: {07bf80a0-14d0-48da-a400-9f6dab3a334b}
04-25 15:35:37.901 I/Gecko   ( 1905): ###################################### forms.js loaded
04-25 15:35:38.001 I/Gecko   (   84): 1398465338011	Marionette	INFO	sendToClient: {"from":"0","value":{"frame":{"ELEMENT":"{752114a4-1256-49d3-ac65-d94bde5d14f1}"},"src":"app://homescreen.gaiamobile.org/index.html#root","name":"Homescreen","origin":"app://homescreen.gaiamobile.org"}}, {07bf80a0-14d0-48da-a400-9f6dab3a334b}, {07bf80a0-14d0-48da-a400-9f6dab3a334b}
04-25 15:35:38.011 E/GeckoConsole(   84): Content JS LOG at dummy file:392 in GaiaApps.displayedApp: app with origin 'app://homescreen.gaiamobile.org' is displayed
04-25 15:35:38.031 I/Gecko   (   84): 1398465338035	Marionette	DEBUG	Got request: switchToFrame, data: {"to":"0","sessionId":"3-b2g","name":"switchToFrame","parameters":{"focus":true,"element":"{752114a4-1256-49d3-ac65-d94bde5d14f1}"}}, id: {881f5451-3122-4991-9563-1b8a354f00b4}
04-25 15:35:38.031 I/Gecko   (   84): 1398465338043	Marionette	INFO	Switched to frame: {"frameValue":"{752114a4-1256-49d3-ac65-d94bde5d14f1}"}
04-25 15:35:38.041 I/Gecko   (   84): 1398465338046	Marionette	INFO	trying remote frame 0
04-25 15:35:38.071 I/Gecko   (   84): 1398465338075	Marionette	INFO	trying remote frame 1
04-25 15:35:38.091 I/Gecko   (   84): [Parent 84] WARNING: pipe error (165): Connection reset by peer: file ../../../gecko/ipc/chromium/src/chrome/common/ipc_channel_posix.cc, line 446
04-25 15:35:38.111 I/Gecko   (   84): 1398465338118	Marionette	INFO	deleting frame
04-25 15:35:38.111 I/Gecko   (   84): 1398465338123	Marionette	INFO	frame-manager load script: [object ChromeMessageSender]
04-25 15:35:38.121 I/Gecko   ( 1905): ############################### browserElementPanning.js loaded
04-25 15:35:38.131 I/Gecko   (   84): 
04-25 15:35:38.131 I/Gecko   (   84): ###!!! [Parent][MessageChannel] Error: Channel error: cannot send/recv
04-25 15:35:38.131 I/Gecko   (   84): 
04-25 15:35:38.191 I/Gecko   ( 1905): ######################## BrowserElementChildPreload.js loaded
04-25 15:35:38.211 I/Gecko   (   84): [Parent 84] WARNING: pipe error (166): Connection reset by peer: file ../../../gecko/ipc/chromium/src/chrome/common/ipc_channel_posix.cc, line 446
04-25 15:35:38.341 I/Gecko   (   84): [Parent 84] WARNING: waitpid failed pid:1846 errno:10: file ../../../gecko/ipc/chromium/src/base/process_util_posix.cc, line 254
04-25 15:35:39.501 I/Gecko   (   84): 1398465339508	Marionette	INFO	sendToClient: {"from":"0","ok":true}, {881f5451-3122-4991-9563-1b8a354f00b4}, {881f5451-3122-4991-9563-1b8a354f00b4}
04-25 15:35:40.211 I/Gecko   (   84): 1398465340215	Marionette	INFO	sendToClient: {"from":"0","value":"app://homescreen.gaiamobile.org/index.html#root"}, {cb5ca28f-a053-4c22-945f-2896bfe6fd23}, {cb5ca28f-a053-4c22-945f-2896bfe6fd23}
04-25 15:35:40.211 I/Gecko   (   84): 1398465340221	Marionette	DEBUG	Got request: switchToFrame, data: {"to":"0","sessionId":"3-b2g","name":"switchToFrame","parameters":{"id":null,"focus":true}}, id: {16b8e030-1923-46c5-8858-eefaaa7a9498}
04-25 15:35:40.241 I/Gecko   (   84): 1398465340253	Marionette	INFO	Switched to frame: {"frameValue":null}
04-25 15:35:40.341 I/Gecko   (   84): [Parent 84] WARNING: waitpid failed pid:1846 errno:10: file ../../../gecko/ipc/chromium/src/base/process_util_posix.cc, line 254
04-25 15:35:40.341 I/Gecko   (   84): [Parent 84] WARNING: Failed to deliver SIGKILL to 1846!(3).: file ../../../gecko/ipc/chromium/src/chrome/common/process_watcher_posix_sigchld.cc, line 118
04-25 15:35:40.351 I/Gecko   (   84): 1398465340356	Marionette	INFO	sendToClient: {"from":"0","ok":true}, {16b8e030-1923-46c5-8858-eefaaa7a9498}, {16b8e030-1923-46c5-8858-eefaaa7a9498}
04-25 15:35:40.351 I/Gecko   (   84): 1398465340361	Marionette	DEBUG	Got request: switchToFrame, data: {"to":"0","sessionId":"3-b2g","name":"switchToFrame","parameters":{"id":null,"focus":true}}, id: {0f53adf1-3a41-4deb-82c8-3a660b6216c9}
04-25 15:35:40.351 I/Gecko   (   84): 1398465340363	Marionette	INFO	Switched to frame: {"frameValue":null}
04-25 15:35:40.471 I/Gecko   (   84): 1398465340475	Marionette	INFO	sendToClient: {"from":"0","ok":true}, {0f53adf1-3a41-4deb-82c8-3a660b6216c9}, {0f53adf1-3a41-4deb-82c8-3a660b6216c9}
04-25 15:35:40.471 I/Gecko   (   84): 1398465340481	Marionette	DEBUG	Got request: executeWithCallback, data: {"to":"0","sessionId":"3-b2g","name":"executeAsyncScript","parameters":{"specialPowers":false,"scriptTimeout":null,"newSandbox":true,"args":[],"filename":"gaia_test.py","script":"GaiaApps.killAll()","line":91}}, id: {504f74c5-d076-4354-98c5-7a3a46058d26}
04-25 15:35:40.531 I/Gecko   (   84): 1398465340541	Marionette	INFO	sendToClient: {"from":"0","value":true}, {504f74c5-d076-4354-98c5-7a3a46058d26}, {504f74c5-d076-4354-98c5-7a3a46058d26}
04-25 15:35:40.541 I/Gecko   (   84): 1398465340547	Marionette	DEBUG	Got request: switchToFrame, data: {"to":"0","sessionId":"3-b2g","name":"switchToFrame","parameters":{"id":null,"focus":true}}, id: {3ae68af6-3dcb-457e-b08b-9cea4d62174a}
04-25 15:35:40.541 I/Gecko   (   84): 1398465340549	Marionette	INFO	Switched to frame: {"frameValue":null}
04-25 15:35:40.651 I/Gecko   (   84): 1398465340657	Marionette	INFO	sendToClient: {"from":"0","ok":true}, {3ae68af6-3dcb-457e-b08b-9cea4d62174a}, {3ae68af6-3dcb-457e-b08b-9cea4d62174a}
04-25 15:35:40.651 I/Gecko   (   84): 1398465340663	Marionette	DEBUG	Got request: executeWithCallback, data: {"to":"0","sessionId":"3-b2g","name":"executeAsyncScript","parameters":{"specialPowers":false,"scriptTimeout":60000,"newSandbox":true,"args":[],"filename":"app_checker.py","script":"\n        GaiaApps.locateWithManifestURL('http://airhockey.justplaymobile.com/airhockey.webapp',\n                                       null,\n                                       function uninstall(app) {\n                                       navigator.mozApps.mgmt.uninstall(app);\n                                       marionetteScriptFinished(true);\n                                       });\n        ","line":129}}, id: {fe91c027-bfcc-4cbd-a5b9-6e4eb2a7d608}
04-25 15:35:40.731 I/Gecko   (   84): -- webapps.js uninstall http://airhockey.justplaymobile.com/airhockey.webapp
04-25 15:35:41.171 I/Gecko   (   84): 1398465341175	Marionette	INFO	sendToClient: {"from":"0","value":true}, {fe91c027-bfcc-4cbd-a5b9-6e4eb2a7d608}, {fe91c027-bfcc-4cbd-a5b9-6e4eb2a7d608}