--------- beginning of /dev/log/main
04-26 11:10:42.181 I/Gecko   (   84): 1398535842191	Marionette	INFO	sendToClient: {"from":"0","ok":true}, {876e12d7-03e5-4514-a5c6-5ea803eb9483}, {876e12d7-03e5-4514-a5c6-5ea803eb9483}
04-26 11:10:42.181 I/Gecko   (   84): 1398535842197	Marionette	DEBUG	Got request: switchToFrame, data: {"to":"0","sessionId":"3-b2g","name":"switchToFrame","parameters":{"id":null,"focus":true}}, id: {187fb9b3-ae1b-439a-931f-5b7fcc8a85c7}
04-26 11:10:42.181 I/Gecko   (   84): 1398535842199	Marionette	INFO	Switched to frame: {"frameValue":null}
04-26 11:10:42.291 I/Gecko   (   84): 1398535842302	Marionette	INFO	sendToClient: {"from":"0","ok":true}, {187fb9b3-ae1b-439a-931f-5b7fcc8a85c7}, {187fb9b3-ae1b-439a-931f-5b7fcc8a85c7}
04-26 11:10:42.291 I/Gecko   (   84): 1398535842309	Marionette	DEBUG	Got request: executeWithCallback, data: {"to":"0","sessionId":"3-b2g","name":"executeAsyncScript","parameters":{"specialPowers":false,"scriptTimeout":null,"newSandbox":true,"args":[],"filename":"gaia_test.py","script":"return GaiaApps.displayedApp();","line":66}}, id: {02e8c034-7d4b-4aa2-a50e-f0eba2209193}
04-26 11:10:42.361 E/GeckoConsole(   84): Content JS LOG at dummy file:392 in GaiaApps.displayedApp: app with origin 'app://homescreen.gaiamobile.org' is displayed
04-26 11:10:42.361 I/Gecko   (   84): 1398535842379	Marionette	INFO	sendToClient: {"from":"0","value":{"frame":{"ELEMENT":"{447a3908-a253-49c1-ae55-3ecace8400d0}"},"src":"app://homescreen.gaiamobile.org/index.html#root","name":"Homescreen","origin":"app://homescreen.gaiamobile.org"}}, {02e8c034-7d4b-4aa2-a50e-f0eba2209193}, {02e8c034-7d4b-4aa2-a50e-f0eba2209193}
04-26 11:10:42.401 I/Gecko   (   84): 1398535842413	Marionette	DEBUG	Got request: switchToFrame, data: {"to":"0","sessionId":"3-b2g","name":"switchToFrame","parameters":{"id":null,"focus":true}}, id: {b4b55e2b-36d9-42df-8014-75bb64c2efc2}
04-26 11:10:42.411 I/Gecko   (   84): 1398535842424	Marionette	INFO	Switched to frame: {"frameValue":null}
04-26 11:10:42.461 E/GeckoConsole(  859): Content JS ERROR at app://homescreen.gaiamobile.org/gaia_build_defer_index.js:390 in loadSVConfFileError: Failed parsing singleVariant configuration file [js/singlevariantconf.json]:  [Exception... "File error: Not found"  nsresult: "0x80520012 (NS_ERROR_FILE_NOT_FOUND)"  location: "JS frame :: app://homescreen.gaiamobile.org/gaia_build_defer_index.js :: loadFile :: line 382"  data: no]
04-26 11:10:42.511 I/Gecko   (   84): 1398535842527	Marionette	INFO	sendToClient: {"from":"0","ok":true}, {b4b55e2b-36d9-42df-8014-75bb64c2efc2}, {b4b55e2b-36d9-42df-8014-75bb64c2efc2}
04-26 11:10:42.521 I/Gecko   (   84): 1398535842533	Marionette	DEBUG	Got request: switchToFrame, data: {"to":"0","sessionId":"3-b2g","name":"switchToFrame","parameters":{"id":null,"focus":true}}, id: {4fc03b2f-a123-4b01-adcb-2df18d8a7460}
04-26 11:10:42.521 I/Gecko   (   84): 1398535842535	Marionette	INFO	Switched to frame: {"frameValue":null}
04-26 11:10:42.631 I/Gecko   (   84): 1398535842641	Marionette	INFO	sendToClient: {"from":"0","ok":true}, {4fc03b2f-a123-4b01-adcb-2df18d8a7460}, {4fc03b2f-a123-4b01-adcb-2df18d8a7460}
04-26 11:10:42.631 I/Gecko   (   84): 1398535842646	Marionette	DEBUG	Got request: executeWithCallback, data: {"to":"0","sessionId":"3-b2g","name":"executeAsyncScript","parameters":{"specialPowers":false,"scriptTimeout":null,"newSandbox":true,"args":[],"filename":"gaia_test.py","script":"return GaiaApps.displayedApp();","line":66}}, id: {79798a8d-a35e-4ef2-a938-909a7e64e47c}
04-26 11:10:42.691 I/Gecko   (   84): 1398535842709	Marionette	INFO	sendToClient: {"from":"0","value":{"frame":{"ELEMENT":"{447a3908-a253-49c1-ae55-3ecace8400d0}"},"src":"app://homescreen.gaiamobile.org/index.html#root","name":"Homescreen","origin":"app://homescreen.gaiamobile.org"}}, {79798a8d-a35e-4ef2-a938-909a7e64e47c}, {79798a8d-a35e-4ef2-a938-909a7e64e47c}
04-26 11:10:42.711 E/GeckoConsole(   84): Content JS LOG at dummy file:392 in GaiaApps.displayedApp: app with origin 'app://homescreen.gaiamobile.org' is displayed
04-26 11:10:42.711 I/Gecko   (   84): 1398535842726	Marionette	DEBUG	Got request: switchToFrame, data: {"to":"0","sessionId":"3-b2g","name":"switchToFrame","parameters":{"focus":true,"element":"{447a3908-a253-49c1-ae55-3ecace8400d0}"}}, id: {4c7a49a7-9acc-4c40-b701-71665c0155fc}
04-26 11:10:42.731 I/Gecko   (   84): 1398535842740	Marionette	INFO	Switched to frame: {"frameValue":"{447a3908-a253-49c1-ae55-3ecace8400d0}"}
04-26 11:10:42.731 I/Gecko   (   84): 1398535842742	Marionette	INFO	trying remote frame 0
04-26 11:10:42.731 I/Gecko   (   84): 1398535842743	Marionette	INFO	deleting frame
04-26 11:10:42.741 I/Gecko   (   84): 1398535842753	Marionette	INFO	frame-manager load script: [object ChromeMessageSender]
04-26 11:10:43.221 W/WifiHW  (   84): wifi_command: SIGNAL_POLL
04-26 11:10:43.301 I/Gecko   (   84): 1398535843318	Marionette	INFO	sendToClient: {"from":"0","ok":true}, {4c7a49a7-9acc-4c40-b701-71665c0155fc}, {4c7a49a7-9acc-4c40-b701-71665c0155fc}
04-26 11:10:43.601 I/Gecko   (   84): 1398535843612	Marionette	INFO	sendToClient: {"from":"0","value":{"ELEMENT":"{d7fd4b44-908d-47b7-8d67-8a94b6992141}"}}, {ce6baf62-ffa3-44ba-94c4-0bc24fe8be6c}, {ce6baf62-ffa3-44ba-94c4-0bc24fe8be6c}
04-26 11:10:43.821 E/GeckoConsole(  859): [JavaScript Warning: "Use of getAttributeNode() is deprecated. Use getAttribute() instead." {file: "chrome://marionette/content/atoms.js" line: 25}]
04-26 11:10:43.831 E/GeckoConsole(  859): [JavaScript Warning: "Use of attributes' specified attribute is deprecated. It always returns true." {file: "chrome://marionette/content/atoms.js" line: 25}]
04-26 11:10:43.831 I/Gecko   (   84): 1398535843848	Marionette	INFO	sendToClient: {"from":"0","value":"normal"}, {c90a212c-8a9f-44bf-b4ab-f50ddf700b3e}, {c90a212c-8a9f-44bf-b4ab-f50ddf700b3e}
04-26 11:10:43.841 I/Gecko   (   84): 1398535843854	Marionette	DEBUG	Got request: switchToFrame, data: {"to":"0","sessionId":"3-b2g","name":"switchToFrame","parameters":{"id":null,"focus":true}}, id: {5f20c16f-a949-4470-9885-2e79459fa715}
04-26 11:10:43.861 I/Gecko   (   84): 1398535843872	Marionette	INFO	Switched to frame: {"frameValue":null}
04-26 11:10:43.961 I/Gecko   (   84): 1398535843975	Marionette	INFO	sendToClient: {"from":"0","ok":true}, {5f20c16f-a949-4470-9885-2e79459fa715}, {5f20c16f-a949-4470-9885-2e79459fa715}
04-26 11:10:43.971 I/Gecko   (   84): 1398535843981	Marionette	DEBUG	Got request: execute, data: {"to":"0","sessionId":"3-b2g","name":"executeScript","parameters":{"specialPowers":false,"scriptTimeout":null,"newSandbox":true,"args":[],"filename":"gaia_test.py","script":"window.wrappedJSObject.dispatchEvent(new Event('home'));","line":788}}, id: {236665db-e085-4777-9717-24d589ce56f6}
04-26 11:10:44.031 I/Gecko   (   84): 1398535844047	Marionette	INFO	sendToClient: {"from":"0","value":null}, {236665db-e085-4777-9717-24d589ce56f6}, {236665db-e085-4777-9717-24d589ce56f6}
04-26 11:10:44.051 I/Gecko   (   84): 1398535844061	Marionette	DEBUG	Got request: switchToFrame, data: {"to":"0","sessionId":"3-b2g","name":"switchToFrame","parameters":{"id":null,"focus":true}}, id: {2b35dcbc-188d-4f39-ba43-4133c7325294}
04-26 11:10:44.051 I/Gecko   (   84): 1398535844064	Marionette	INFO	Switched to frame: {"frameValue":null}
04-26 11:10:44.151 I/Gecko   (   84): 1398535844166	Marionette	INFO	sendToClient: {"from":"0","ok":true}, {2b35dcbc-188d-4f39-ba43-4133c7325294}, {2b35dcbc-188d-4f39-ba43-4133c7325294}
04-26 11:10:44.161 I/Gecko   (   84): 1398535844172	Marionette	DEBUG	Got request: switchToFrame, data: {"to":"0","sessionId":"3-b2g","name":"switchToFrame","parameters":{"id":null,"focus":true}}, id: {fa551ca6-f6bd-4547-a04b-d0539b110939}
04-26 11:10:44.161 I/Gecko   (   84): 1398535844174	Marionette	INFO	Switched to frame: {"frameValue":null}
04-26 11:10:44.261 I/Gecko   (   84): 1398535844277	Marionette	INFO	sendToClient: {"from":"0","ok":true}, {fa551ca6-f6bd-4547-a04b-d0539b110939}, {fa551ca6-f6bd-4547-a04b-d0539b110939}
04-26 11:10:44.271 I/Gecko   (   84): 1398535844283	Marionette	DEBUG	Got request: executeWithCallback, data: {"to":"0","sessionId":"3-b2g","name":"executeAsyncScript","parameters":{"specialPowers":false,"scriptTimeout":null,"newSandbox":true,"args":[],"filename":"gaia_test.py","script":"return GaiaApps.displayedApp();","line":66}}, id: {66be7074-20b6-489f-aad3-0da2ec814bc8}
04-26 11:10:44.331 I/Gecko   (   84): 1398535844349	Marionette	INFO	sendToClient: {"from":"0","value":{"frame":{"ELEMENT":"{447a3908-a253-49c1-ae55-3ecace8400d0}"},"src":"app://homescreen.gaiamobile.org/index.html#rootSat%20Apr%2026%202014%2011:10:44%20GMT-0700%20(UTC)","name":"Homescreen","origin":"app://homescreen.gaiamobile.org"}}, {66be7074-20b6-489f-aad3-0da2ec814bc8}, {66be7074-20b6-489f-aad3-0da2ec814bc8}
04-26 11:10:44.351 E/GeckoConsole(   84): Content JS LOG at dummy file:392 in GaiaApps.displayedApp: app with origin 'app://homescreen.gaiamobile.org' is displayed
04-26 11:10:44.351 I/Gecko   (   84): 1398535844367	Marionette	DEBUG	Got request: switchToFrame, data: {"to":"0","sessionId":"3-b2g","name":"switchToFrame","parameters":{"focus":true,"element":"{447a3908-a253-49c1-ae55-3ecace8400d0}"}}, id: {071ccc3c-f6db-430c-ba46-250631af4c08}
04-26 11:10:44.361 I/Gecko   (   84): 1398535844373	Marionette	INFO	Switched to frame: {"frameValue":"{447a3908-a253-49c1-ae55-3ecace8400d0}"}
04-26 11:10:44.361 I/Gecko   (   84): 1398535844379	Marionette	INFO	trying remote frame 0
04-26 11:10:44.761 I/Gecko   (   84): 1398535844775	Marionette	INFO	sendToClient: {"from":"0","ok":true}, {071ccc3c-f6db-430c-ba46-250631af4c08}, {071ccc3c-f6db-430c-ba46-250631af4c08}
04-26 11:10:44.771 I/Gecko   (   84): 1398535844782	Marionette	DEBUG	Got request: execute, data: {"to":"0","sessionId":"3-b2g","name":"executeScript","parameters":{"specialPowers":false,"scriptTimeout":null,"newSandbox":true,"args":[],"filename":"gaia_test.py","script":"return window.wrappedJSObject.GridManager.pageHelper.getCurrentPageNumber();","line":784}}, id: {8268a863-3ea6-45df-8f42-4aaf517602e0}
04-26 11:10:44.921 I/Gecko   (   84): 1398535844935	Marionette	INFO	sendToClient: {"from":"0","value":0}, {8268a863-3ea6-45df-8f42-4aaf517602e0}, {8268a863-3ea6-45df-8f42-4aaf517602e0}
04-26 11:10:45.141 I/Gecko   (   84): 1398535845159	Marionette	INFO	sendToClient: {"from":"0","value":["{abec1e66-72a0-4ddb-a73b-61bd659de324}","{47bb06cd-4835-4102-8753-545d75c591b1}","{41d6fcde-8d22-499d-8c56-4f679eab55d6}","{e4b81a79-bf3e-4285-917a-c241bce80302}","{0922673b-1145-45c7-964f-cccd057b9b5b}","{10f1fc17-1d5d-4134-85a2-44cdd7a1d56e}","{74d412f4-6368-4a24-8d44-021f206d570e}","{a29e3332-8353-435d-a8f4-20b8402513d2}","{7509df67-d6f0-4c43-bde5-fd982d4ef2b7}","{09ecbf9d-9b89-4386-be2a-4dfee1183f67}","{e2084782-a3a0-4da7-a15a-705276b6b3dd}","{f014cf68-5438-43a0-95d8-96ab55aa2a8f}","{bffa5afb-b2f1-4cb1-b3b3-c70c2ee5b8ee}","{0492f05f-45ad-4700-8ec8-2a1d7ca8c5ef}","{1c69f02d-2e32-4319-b58d-65488180703a}","{2ef1aee9-afe1-4c9c-8697-33d05c9edc85}","{eed5fc7d-d172-4f17-b056-dc511e19cd1b}","{883d3eff-0d4c-4fc5-a162-220648dec732}","{c1dd2ba5-23e2-41f1-8b95-34d5a2bd5fd2}","{341d3bda-aeea-40f3-901e-66b8049397ed}","{acc4cff1-4915-4844-932b-c0a475c36c03}","{28cdae33-f90e-4ee5-bef7-148c67c47bc1}","{fef4b7c2-1817-4250-8b8f-f188bfad1564}","{57c96586-0d24
04-26 11:10:46.351 I/Gecko   (   84): 1398535846362	Marionette	INFO	sendToClient: {"from":"0","value":"app://homescreen.gaiamobile.org/index.html#rootSat%20Apr%2026%202014%2011:10:44%20GMT-0700%20(UTC)"}, {3977e89c-0aff-446f-938f-6de85da1843d}, {3977e89c-0aff-446f-938f-6de85da1843d}
04-26 11:10:46.371 I/Gecko   (   84): 1398535846385	Marionette	DEBUG	Got request: switchToFrame, data: {"to":"0","sessionId":"3-b2g","name":"switchToFrame","parameters":{"id":null,"focus":true}}, id: {9639a09f-e92b-4399-b9be-7d6a7264d447}
04-26 11:10:46.401 I/Gecko   (   84): 1398535846415	Marionette	INFO	Switched to frame: {"frameValue":null}
04-26 11:10:46.491 E/GeckoConsole(  859): Content JS WARN at app://homescreen.gaiamobile.org/gaia_build_defer_index.js:184 in isHiddenApp: Unexpected role when checking hidden app: undefined
04-26 11:10:46.501 E/GeckoConsole(  859): Content JS WARN at app://homescreen.gaiamobile.org/gaia_build_defer_index.js:184 in isHiddenApp: Unexpected role when checking hidden app: undefined
04-26 11:10:46.501 E/GeckoConsole(  859): Content JS WARN at app://homescreen.gaiamobile.org/gaia_build_defer_index.js:184 in isHiddenApp: Unexpected role when checking hidden app: undefined
04-26 11:10:46.501 E/GeckoConsole(  859): Content JS WARN at app://homescreen.gaiamobile.org/gaia_build_defer_index.js:184 in isHiddenApp: Unexpected role when checking hidden app: undefined
04-26 11:10:46.501 E/GeckoConsole(  859): Content JS WARN at app://homescreen.gaiamobile.org/gaia_build_defer_index.js:184 in isHiddenApp: Unexpected role when checking hidden app: undefined
04-26 11:10:46.501 E/GeckoConsole(  859): Content JS WARN at app://homescreen.gaiamobile.org/gaia_build_defer_index.js:184 in isHiddenApp: Unexpected role when checking hidden app: undefined
04-26 11:10:46.501 E/GeckoConsole(  859): Content JS WARN at app://homescreen.gaiamobile.org/gaia_build_defer_index.js:184 in isHiddenApp: Unexpected role when checking hidden app: undefined
04-26 11:10:46.501 E/GeckoConsole(  859): Content JS WARN at app://homescreen.gaiamobile.org/gaia_build_defer_index.js:184 in isHiddenApp: Unexpected role when checking hidden app: undefined
04-26 11:10:46.501 E/GeckoConsole(  859): Content JS WARN at app://homescreen.gaiamobile.org/gaia_build_defer_index.js:184 in isHiddenApp: Unexpected role when checking hidden app: undefined
04-26 11:10:46.501 E/GeckoConsole(  859): Content JS WARN at app://homescreen.gaiamobile.org/gaia_build_defer_index.js:184 in isHiddenApp: Unexpected role when checking hidden app: undefined
04-26 11:10:46.501 E/GeckoConsole(  859): Content JS WARN at app://homescreen.gaiamobile.org/gaia_build_defer_index.js:184 in isHiddenApp: Unexpected role when checking hidden app: undefined
04-26 11:10:46.501 E/GeckoConsole(  859): Content JS WARN at app://homescreen.gaiamobile.org/gaia_build_defer_index.js:184 in isHiddenApp: Unexpected role when checking hidden app: undefined
04-26 11:10:46.501 E/GeckoConsole(  859): Content JS WARN at app://homescreen.gaiamobile.org/gaia_build_defer_index.js:184 in isHiddenApp: Unexpected role when checking hidden app: undefined
04-26 11:10:46.511 E/GeckoConsole(  859): Content JS WARN at app://homescreen.gaiamobile.org/gaia_build_defer_index.js:184 in isHiddenApp: Unexpected role when checking hidden app: undefined
04-26 11:10:46.511 E/GeckoConsole(  859): Content JS WARN at app://homescreen.gaiamobile.org/gaia_build_defer_index.js:184 in isHiddenApp: Unexpected role when checking hidden app: undefined
04-26 11:10:46.511 I/Gecko   (   84): 1398535846523	Marionette	INFO	sendToClient: {"from":"0","ok":true}, {9639a09f-e92b-4399-b9be-7d6a7264d447}, {9639a09f-e92b-4399-b9be-7d6a7264d447}
04-26 11:10:46.511 E/GeckoConsole(  859): Content JS WARN at app://homescreen.gaiamobile.org/gaia_build_defer_index.js:184 in isHiddenApp: Unexpected role when checking hidden app: undefined
04-26 11:10:46.511 I/Gecko   (   84): 1398535846529	Marionette	DEBUG	Got request: switchToFrame, data: {"to":"0","sessionId":"3-b2g","name":"switchToFrame","parameters":{"id":null,"focus":true}}, id: {6f8855a5-092f-46b1-a21b-6c799864d976}
04-26 11:10:46.521 I/Gecko   (   84): 1398535846531	Marionette	INFO	Switched to frame: {"frameValue":null}
04-26 11:10:46.521 E/GeckoConsole(  859): Content JS WARN at app://homescreen.gaiamobile.org/gaia_build_defer_index.js:184 in isHiddenApp: Unexpected role when checking hidden app: undefined
04-26 11:10:46.521 E/GeckoConsole(  859): Content JS WARN at app://homescreen.gaiamobile.org/gaia_build_defer_index.js:184 in isHiddenApp: Unexpected role when checking hidden app: undefined
04-26 11:10:46.521 E/GeckoConsole(  859): Content JS WARN at app://homescreen.gaiamobile.org/gaia_build_defer_index.js:184 in isHiddenApp: Unexpected role when checking hidden app: undefined
04-26 11:10:46.521 E/GeckoConsole(  859): Content JS WARN at app://homescreen.gaiamobile.org/gaia_build_defer_index.js:184 in isHiddenApp: Unexpected role when checking hidden app: undefined
04-26 11:10:46.521 E/GeckoConsole(  859): Content JS WARN at app://homescreen.gaiamobile.org/gaia_build_defer_index.js:184 in isHiddenApp: Unexpected role when checking hidden app: undefined
04-26 11:10:46.521 E/GeckoConsole(  859): Content JS WARN at app://homescreen.gaiamobile.org/gaia_build_defer_index.js:184 in isHiddenApp: Unexpected role when checking hidden app: undefined
04-26 11:10:46.521 E/GeckoConsole(  859): Content JS WARN at app://homescreen.gaiamobile.org/gaia_build_defer_index.js:184 in isHiddenApp: Unexpected role when checking hidden app: undefined
04-26 11:10:46.521 E/GeckoConsole(  859): Content JS WARN at app://homescreen.gaiamobile.org/gaia_build_defer_index.js:184 in isHiddenApp: Unexpected role when checking hidden app: undefined
04-26 11:10:46.521 E/GeckoConsole(  859): Content JS WARN at app://homescreen.gaiamobile.org/gaia_build_defer_index.js:184 in isHiddenApp: Unexpected role when checking hidden app: undefined
04-26 11:10:46.521 E/GeckoConsole(  859): Content JS WARN at app://homescreen.gaiamobile.org/gaia_build_defer_index.js:184 in isHiddenApp: Unexpected role when checking hidden app: undefined
04-26 11:10:46.531 E/GeckoConsole(  859): Content JS WARN at app://homescreen.gaiamobile.org/gaia_build_defer_index.js:184 in isHiddenApp: Unexpected role when checking hidden app: undefined
04-26 11:10:46.531 E/GeckoConsole(  859): Content JS WARN at app://homescreen.gaiamobile.org/gaia_build_defer_index.js:184 in isHiddenApp: Unexpected role when checking hidden app: undefined
04-26 11:10:46.541 E/GeckoConsole(  859): Content JS WARN at app://homescreen.gaiamobile.org/gaia_build_defer_index.js:184 in isHiddenApp: Unexpected role when checking hidden app: undefined
04-26 11:10:46.541 E/GeckoConsole(  859): Content JS WARN at app://homescreen.gaiamobile.org/gaia_build_defer_index.js:184 in isHiddenApp: Unexpected role when checking hidden app: undefined
04-26 11:10:46.551 E/GeckoConsole(  859): Content JS WARN at app://homescreen.gaiamobile.org/gaia_build_defer_index.js:184 in isHiddenApp: Unexpected role when checking hidden app: undefined
04-26 11:10:46.551 E/GeckoConsole(  859): Content JS WARN at app://homescreen.gaiamobile.org/gaia_build_defer_index.js:184 in isHiddenApp: Unexpected role when checking hidden app: undefined
04-26 11:10:46.551 E/GeckoConsole(  859): Content JS WARN at app://homescreen.gaiamobile.org/gaia_build_defer_index.js:184 in isHiddenApp: Unexpected role when checking hidden app: undefined
04-26 11:10:46.681 I/Gecko   (   84): 1398535846693	Marionette	INFO	sendToClient: {"from":"0","ok":true}, {6f8855a5-092f-46b1-a21b-6c799864d976}, {6f8855a5-092f-46b1-a21b-6c799864d976}
04-26 11:10:46.921 I/Gecko   (   84): 1398535846932	Marionette	DEBUG	Got request: executeWithCallback, data: {"to":"0","sessionId":"3-b2g","name":"executeAsyncScript","parameters":{"specialPowers":false,"scriptTimeout":30000,"newSandbox":true,"args":[],"filename":"app_checker.py","script":"GaiaApps.launchWithManifestURL('http://gmarty.github.io/jsSMS/alec/manifest.webapp')","line":106}}, id: {b8f8ab38-2ef4-4469-b17d-6e27a245cc20}
04-26 11:10:47.081 E/GeckoConsole(   84): Content JS LOG at dummy file:334 in GaiaApps.launch: launching app with name 'Alec'
04-26 11:10:47.191 V/AudioPolicyManagerBase(   91): getDeviceForStrategy() from cache strategy 0, device 2
04-26 11:10:47.201 V/AudioPolicyManagerBase(   91): getOutput() stream 1, samplingRate 0, format 0, channels 3, flags 0
04-26 11:10:47.291 V/AudioPolicyManagerBase(   91): startOutput() output 1, stream 1, session 2
04-26 11:10:47.291 V/AudioPolicyManagerBase(   91): startReadingThread
04-26 11:10:47.291 V/AudioPolicyManagerBase(   91): changeRefCount() stream 1, count 1
04-26 11:10:47.291 V/AudioPolicyManagerBase(   91): getDeviceForStrategy() from cache strategy 0, device 2
04-26 11:10:47.291 V/AudioPolicyManagerBase(   91): getNewDevice() selected device 2
04-26 11:10:47.291 D/AudioPolicyManagerBase(   91): setOutputDevice() output 1 device 2 delayMs 0
04-26 11:10:47.291 V/AudioPolicyManagerBase(   91): setOutputDevice() setting same device 2 or null device for output 1
04-26 11:10:47.291 E/AudioPolicyManagerBase(   91): checkAndSetVolume stream=1, index=0, output=1, device=2
04-26 11:10:47.291 E/AudioPolicyManagerBase(   91): computeVolume, streamDesc=0x12e3bb8
04-26 11:10:47.301 V/AudioPolicyManagerBase(   91): ThreadWrapper 0x12e3b40
04-26 11:10:47.301 V/AudioPolicyManagerBase(   91): threadFunc in
04-26 11:10:47.321 I/Gonk    (   84): Setting nice for pid 867 to 18
04-26 11:10:47.321 I/Gonk    (   84): Changed nice for pid 867 from 18 to 18.
04-26 11:10:47.321 I/Gecko   (   84): [Parent 84] WARNING: waitpid failed pid:867 errno:10: file ../../../gecko/ipc/chromium/src/base/process_util_posix.cc, line 254
04-26 11:10:47.321 I/Gonk    (   84): Setting nice for pid 867 to 1
04-26 11:10:47.331 I/Gonk    (   84): Changed nice for pid 867 from 18 to 1.
04-26 11:10:47.391 W/AudioFlinger(   91): Thread AudioOut_1 cannot connect to the power manager service
04-26 11:10:47.391 V/AudioPolicyManagerBase(   91): stopOutput() output 1, stream 1, session 2
04-26 11:10:47.391 V/AudioPolicyManagerBase(   91): stopReadingThread
04-26 11:10:47.401 V/AudioPolicyManagerBase(   91): threadFunc exit
04-26 11:10:47.401 V/AudioPolicyManagerBase(   91): changeRefCount() stream 1, count 0
04-26 11:10:47.401 V/AudioPolicyManagerBase(   91): getNewDevice() selected device 0
04-26 11:10:47.401 D/AudioPolicyManagerBase(   91): setOutputDevice() output 1 device 0 delayMs 290
04-26 11:10:47.401 V/AudioPolicyManagerBase(   91): setOutputDevice() setting same device 0 or null device for output 1
04-26 11:10:47.411 V/AudioPolicyManagerBase(   91): startOutput() output 1, stream 1, session 2
04-26 11:10:47.411 V/AudioPolicyManagerBase(   91): changeRefCount() stream 1, count 1
04-26 11:10:47.411 V/AudioPolicyManagerBase(   91): getDeviceForStrategy() from cache strategy 0, device 2
04-26 11:10:47.411 V/AudioPolicyManagerBase(   91): getNewDevice() selected device 2
04-26 11:10:47.411 D/AudioPolicyManagerBase(   91): setOutputDevice() output 1 device 2 delayMs 0
04-26 11:10:47.411 V/AudioPolicyManagerBase(   91): setOutputDevice() setting same device 2 or null device for output 1
04-26 11:10:47.411 E/AudioPolicyManagerBase(   91): checkAndSetVolume stream=1, index=0, output=1, device=2
04-26 11:10:47.411 E/AudioPolicyManagerBase(   91): computeVolume, streamDesc=0x12e3bb8
04-26 11:10:47.421 V/AudioPolicyManagerBase(   91): stopOutput() output 1, stream 1, session 2
04-26 11:10:47.421 V/AudioPolicyManagerBase(   91): changeRefCount() stream 1, count 0
04-26 11:10:47.421 V/AudioPolicyManagerBase(   91): getNewDevice() selected device 0
04-26 11:10:47.421 D/AudioPolicyManagerBase(   91): setOutputDevice() output 1 device 0 delayMs 290
04-26 11:10:47.421 V/AudioPolicyManagerBase(   91): setOutputDevice() setting same device 0 or null device for output 1
04-26 11:10:47.421 V/AudioPolicyManagerBase(   91): releaseOutput() 1
04-26 11:10:47.651 E/[Gralloc-ERROR](   84): int gralloc_register_buffer(const gralloc_module_t*, const native_handle_t*):79 Unable to register handle 0x48c02510 coming from different process: 84
04-26 11:10:47.671 E/[Gralloc-ERROR](   84): int gralloc_register_buffer(const gralloc_module_t*, const native_handle_t*):79 Unable to register handle 0x48c025b0 coming from different process: 84
04-26 11:10:47.741 E/[Gralloc-ERROR](   84): int gralloc_register_buffer(const gralloc_module_t*, const native_handle_t*):79 Unable to register handle 0x48c02650 coming from different process: 84
04-26 11:10:47.741 E/[Gralloc-ERROR](   84): int gralloc_register_buffer(const gralloc_module_t*, const native_handle_t*):79 Unable to register handle 0x48c026f0 coming from different process: 84
04-26 11:10:47.771 D/Sensors (   84): activate handle=0; drv=0
04-26 11:10:47.781 D/Sensors (   84): Lis3dhSensor: Control set 1
04-26 11:10:47.781 D/Sensors (   84): Lis3dhSensor: mEnabled = 1
04-26 11:10:47.851 I/Gonk    (   84): Setting nice for pid 859 to 18
04-26 11:10:47.851 I/Gonk    (   84): Changed nice for pid 859 from 1 to 18.
04-26 11:10:48.221 W/WifiHW  (   84): wifi_command: SIGNAL_POLL
04-26 11:10:48.771 I/Gecko   (  867): ###################################### forms.js loaded
04-26 11:10:48.871 I/Gecko   (  867): ############################### browserElementPanning.js loaded
04-26 11:10:48.931 I/Gecko   (  867): ######################## BrowserElementChildPreload.js loaded
04-26 11:10:50.101 E/GeckoConsole(  867): [JavaScript Warning: "Error in parsing value for 'image-rendering'.  Declaration dropped." {file: "http://gmarty.github.io/jsSMS/alec/css/jssms.css" line: 85 column: 21 source: "    image-rendering: -o-crisp-edges; /* Opera */"}]
04-26 11:10:50.101 E/GeckoConsole(  867): [JavaScript Warning: "Error in parsing value for 'image-rendering'.  Declaration dropped." {file: "http://gmarty.github.io/jsSMS/alec/css/jssms.css" line: 86 column: 21 source: "    image-rendering: -webkit-optimize-contrast; /* Webkit (Safari now, Chrome soon) */"}]
04-26 11:10:50.101 E/GeckoConsole(  867): [JavaScript Warning: "Error in parsing value for 'image-rendering'.  Declaration dropped." {file: "http://gmarty.github.io/jsSMS/alec/css/jssms.css" line: 87 column: 21 source: "    image-rendering: crisp-edges;"}]
04-26 11:10:50.101 E/GeckoConsole(  867): [JavaScript Warning: "Unknown pseudo-class or pseudo-element '-webkit-full-screen'.  Ruleset ignored due to bad selector." {file: "http://gmarty.github.io/jsSMS/alec/css/jssms.css" line: 91 column: 8 source: "#screen:-webkit-full-screen {"}]
04-26 11:10:50.251 E/GeckoConsole(  867): [JavaScript Warning: "SyntaxError: Using //@ to indicate sourceMappingURL pragmas is deprecated. Use //# instead" {file: "http://gmarty.github.io/jsSMS/alec/lib/jquery.min.js" line: 1}]
04-26 11:10:50.301 E/GeckoConsole(  867): [JavaScript Warning: "Error: http://gmarty.github.io/jsSMS/alec/lib/jquery.min.js is being assigned a //# sourceMappingURL, but already has one"]
04-26 11:10:51.341 E/GeckoConsole(  867): [JavaScript Warning: "Unknown property 'box-sizing'.  Declaration dropped." {file: "http://gmarty.github.io/jsSMS/alec/index.html" line: 0 column: 67 source: "-webkit-box-sizing:border-box;-moz-box-sizing:border-box;box-sizing:border-box;padding:1px;border:1px;display:block;width:4px;margin-top:1%;position:absolute;top:1%"}]
04-26 11:10:51.391 E/GeckoConsole(  867): [JavaScript Warning: "Unknown property 'box-sizing'.  Declaration dropped." {file: "http://gmarty.github.io/jsSMS/alec/index.html" line: 0 column: 111 source: "padding:0;margin:0;border:0;display:block;-webkit-box-sizing:content-box;-moz-box-sizing:content-box;box-sizing:content-box"}]
04-26 11:10:51.401 E/GeckoConsole(  867): [JavaScript Warning: "Unknown property 'box-sizing'.  Declaration dropped." {file: "http://gmarty.github.io/jsSMS/alec/index.html" line: 0 column: 111 source: "padding:0;margin:0;border:0;display:block;-webkit-box-sizing:content-box;-moz-box-sizing:content-box;box-sizing:content-box"}]
04-26 11:10:52.301 I/Gecko   (   84): 
04-26 11:10:52.301 I/Gecko   (   84): ###!!! [Parent][MessageChannel] Error: Channel error: cannot send/recv
04-26 11:10:52.301 I/Gecko   (   84): 
04-26 11:10:52.371 I/GeckoDump(   84): Crash reporter : Can't fetch app.reportCrashes. Exception: [Exception... "Component returned failure code: 0x8000ffff (NS_ERROR_UNEXPECTED) [nsIPrefBranch.getBoolPref]"  nsresult: "0x8000ffff (NS_ERROR_UNEXPECTED)"  location: "JS frame :: chrome://browser/content/shell.js :: shell_reportCrash :: line 7"  data: no]
04-26 11:10:52.411 I/Gecko   (   84): [Parent 84] WARNING: waitpid failed pid:859 errno:10: file ../../../gecko/ipc/chromium/src/base/process_util_posix.cc, line 254
04-26 11:10:52.631 I/Gonk    (   84): Setting nice for pid 941 to 18
04-26 11:10:52.631 I/Gonk    (   84): Changed nice for pid 941 from 0 to 18.
04-26 11:10:53.411 W/WifiHW  (   84): wifi_command: SIGNAL_POLL
04-26 11:10:53.601 I/Gecko   (  867): Attempting load of libEGL.so
04-26 11:10:53.661 D/libEGL  (  867): loaded /system/lib/egl/libEGL_mali.so
04-26 11:10:53.731 D/libEGL  (  867): loaded /system/lib/egl/libGLESv1_CM_mali.so
04-26 11:10:53.741 D/libEGL  (  867): loaded /system/lib/egl/libGLESv2_mali.so
04-26 11:10:53.881 I/Gecko   (  867): SharedSurface_Gralloc::Create -------
04-26 11:10:53.941 I/Gecko   (  867): SharedSurface_Gralloc::Create: success -- surface 0x43ec8540, GraphicBuffer 0x43efb600.
04-26 11:10:54.411 I/Gecko   (   84): [Parent 84] WARNING: waitpid failed pid:859 errno:10: file ../../../gecko/ipc/chromium/src/base/process_util_posix.cc, line 254
04-26 11:10:54.411 I/Gecko   (   84): [Parent 84] WARNING: Failed to deliver SIGKILL to 859!(3).: file ../../../gecko/ipc/chromium/src/chrome/common/process_watcher_posix_sigchld.cc, line 118
04-26 11:10:58.541 W/WifiHW  (   84): wifi_command: SIGNAL_POLL
04-26 11:10:58.831 I/Gecko   (  867): SharedSurface_Gralloc::Create -------
04-26 11:10:58.871 I/Gecko   (  867): SharedSurface_Gralloc::Create: success -- surface 0x435659c0, GraphicBuffer 0x43d0b700.
04-26 11:10:59.871 I/Gonk    (   84): Setting nice for pid 941 to 18
04-26 11:10:59.891 I/Gonk    (   84): Changed nice for pid 941 from 18 to 18.
04-26 11:10:59.901 I/Gecko   (   84): [Parent 84] WARNING: waitpid failed pid:941 errno:10: file ../../../gecko/ipc/chromium/src/base/process_util_posix.cc, line 254
04-26 11:10:59.901 I/Gonk    (   84): Setting nice for pid 941 to 1
04-26 11:10:59.901 I/Gonk    (   84): Changed nice for pid 941 from 18 to 1.
04-26 11:10:59.921 I/Gonk    (   84): Setting nice for pid 941 to 18
04-26 11:10:59.921 I/Gonk    (   84): Changed nice for pid 941 from 1 to 18.
04-26 11:11:00.181 I/log     (  956): <4>0[ 353.554354] select 941 ((Preallocated a), adj 8, size 2885, to kill 
04-26 11:11:00.241 E/[Gralloc-ERROR](   84): int gralloc_unregister_buffer(const gralloc_module_t*, const native_handle_t*):274 Trying to unregister buffer 0x48c025b0 from process 84 that was not created in current process: 84
04-26 11:11:00.281 E/GeckoConsole(   84): Content JS LOG at dummy file:326 in GaiaApps.launch/appOpen/<: app with origin 'http://gmarty.github.io' has launched
04-26 11:11:00.281 I/Gecko   (   84): 1398535860293	Marionette	INFO	sendToClient: {"from":"0","value":{"frame":{"ELEMENT":"{0f6ae2e4-242e-44de-8c71-7d8c186d9d2c}"},"src":"http://gmarty.github.io/jsSMS/alec/index.html","name":"Alec","origin":"http://gmarty.github.io"}}, {b8f8ab38-2ef4-4469-b17d-6e27a245cc20}, {b8f8ab38-2ef4-4469-b17d-6e27a245cc20}
04-26 11:11:00.301 I/Gecko   (   84): [Parent 84] WARNING: pipe error (139): Connection reset by peer: file ../../../gecko/ipc/chromium/src/chrome/common/ipc_channel_posix.cc, line 446
04-26 11:11:00.331 E/[Gralloc-ERROR](   84): int gralloc_unregister_buffer(const gralloc_module_t*, const native_handle_t*):274 Trying to unregister buffer 0x48c02510 from process 84 that was not created in current process: 84
04-26 11:11:00.501 E/[Gralloc-ERROR](   84): int gralloc_unregister_buffer(const gralloc_module_t*, const native_handle_t*):274 Trying to unregister buffer 0x48c026f0 from process 84 that was not created in current process: 84
04-26 11:11:00.501 E/[Gralloc-ERROR](   84): int gralloc_unregister_buffer(const gralloc_module_t*, const native_handle_t*):274 Trying to unregister buffer 0x48c02650 from process 84 that was not created in current process: 84
04-26 11:11:00.511 I/Gecko   (   84): 
04-26 11:11:00.511 I/Gecko   (   84): ###!!! [Parent][MessageChannel] Error: Channel error: cannot send/recv
04-26 11:11:00.511 I/Gecko   (   84): 
04-26 11:11:00.561 I/GeckoDump(   84): Crash reporter : Can't fetch app.reportCrashes. Exception: [Exception... "Component returned failure code: 0x8000ffff (NS_ERROR_UNEXPECTED) [nsIPrefBranch.getBoolPref]"  nsresult: "0x8000ffff (NS_ERROR_UNEXPECTED)"  location: "JS frame :: chrome://browser/content/shell.js :: shell_reportCrash :: line 7"  data: no]
04-26 11:11:00.561 I/Gecko   (   84): [Parent 84] WARNING: waitpid failed pid:941 errno:10: file ../../../gecko/ipc/chromium/src/base/process_util_posix.cc, line 254
04-26 11:11:00.581 E/GeckoConsole(   84): Offline cache doesn't need to update, URL=http://gmarty.github.io/jsSMS/alec/manifest.appcache
04-26 11:11:00.621 I/Gecko   (   84): 1398535860639	Marionette	DEBUG	Got request: switchToFrame, data: {"to":"0","sessionId":"3-b2g","name":"switchToFrame","parameters":{"focus":true,"element":"{0f6ae2e4-242e-44de-8c71-7d8c186d9d2c}"}}, id: {4a3e772e-5144-4f34-947c-98ce5939f959}
04-26 11:11:00.651 I/Gecko   (   84): 1398535860666	Marionette	INFO	Switched to frame: {"frameValue":"{0f6ae2e4-242e-44de-8c71-7d8c186d9d2c}"}
04-26 11:11:00.661 I/Gecko   (   84): 1398535860679	Marionette	INFO	trying remote frame 0
04-26 11:11:00.671 I/Gecko   (   84): 1398535860681	Marionette	INFO	deleting frame
04-26 11:11:00.671 I/Gecko   (   84): 1398535860687	Marionette	INFO	frame-manager load script: [object ChromeMessageSender]
04-26 11:11:01.541 I/Gecko   (   84): 1398535861559	Marionette	INFO	sendToClient: {"from":"0","ok":true}, {4a3e772e-5144-4f34-947c-98ce5939f959}, {4a3e772e-5144-4f34-947c-98ce5939f959}
04-26 11:11:01.641 I/Gecko   (   84): 1398535861656	Marionette	INFO	sendToClient: {"from":"0","value":"http://gmarty.github.io/jsSMS/alec/index.html"}, {d370e867-1787-45b3-9d9d-28aa0e99e991}, {d370e867-1787-45b3-9d9d-28aa0e99e991}
04-26 11:11:01.651 I/Gecko   (   84): 1398535861663	Marionette	DEBUG	Got request: execute, data: {"to":"0","sessionId":"3-b2g","name":"executeScript","parameters":{"specialPowers":false,"scriptTimeout":null,"newSandbox":true,"args":[],"filename":"app_checker.py","script":"return window.document.readyState;","line":191}}, id: {03f5fde1-3faf-41e6-9d9f-de4490a23ded}
04-26 11:11:01.711 I/Gecko   (   84): 1398535861725	Marionette	INFO	sendToClient: {"from":"0","value":"complete"}, {03f5fde1-3faf-41e6-9d9f-de4490a23ded}, {03f5fde1-3faf-41e6-9d9f-de4490a23ded}
04-26 11:11:01.721 I/Gecko   (   84): 1398535861733	Marionette	INFO	sendToClient: {"from":"0","value":"http://gmarty.github.io/jsSMS/alec/index.html"}, {d14de4a6-7127-40c1-878b-320f94759da6}, {d14de4a6-7127-40c1-878b-320f94759da6}
04-26 11:11:01.851 I/Gecko   (  867): SharedSurface_Gralloc::Create -------
04-26 11:11:01.911 I/Gecko   (  867): SharedSurface_Gralloc::Create: success -- surface 0x432b0040, GraphicBuffer 0x43f31500.
04-26 11:11:02.121 I/Gecko   (  867): SharedSurface_Gralloc::Create -------
04-26 11:11:02.141 I/Gecko   (  867): SharedSurface_Gralloc::Create: success -- surface 0x432b0340, GraphicBuffer 0x43f31c80.
04-26 11:11:02.561 I/Gecko   (   84): [Parent 84] WARNING: waitpid failed pid:941 errno:10: file ../../../gecko/ipc/chromium/src/base/process_util_posix.cc, line 254
04-26 11:11:02.561 I/Gecko   (   84): [Parent 84] WARNING: Failed to deliver SIGKILL to 941!(3).: file ../../../gecko/ipc/chromium/src/chrome/common/process_watcher_posix_sigchld.cc, line 118
04-26 11:11:03.141 I/Gecko   (   84): 1398535863155	Marionette	INFO	sendToClient: {"from":"0","value":"iVBORw0KGgoAAAANSUhEUgAAAUAAAAHMCAYAAACk4nEJAAAgAElEQVR4nO3da3yUhZ328cED8Ci2gAJVnmrd0qKtSFfbPm23tdLuWqlWywLWcBItqKjgYbXYLrj0oBZRHqRYpVrFWqsiBwlBQsyBEBISAgkw5ABBkhhMAIEQSEAgybUvphmTkAnJ3DPzn8z9uz6f7wtm5ibXnRkuZnL0ZE3xCADcyGNdAACsMIAAXIsBBOBaDCAA12IAAbiWJ2uyRwDgRjwDBOBaPAMEIijjrm7acO+55j2cypzkUdbdZ5n3cIoBBCIodfw5ynmgl3kPpzLu6qYN95xj3sMpBhCIoDW39VDuI/3Mezi1buJZyp7Sw7yHUwwgEEErR5ynzY9fZt7DqbQJZyv7/vPMezjFAAIRtPSnFyj/iSvNeziVOu4c5Uz9nHkPpyI2gDtfjtO+jFdU+s7D5icNWFl8w+e15bdXm/dwKmXsucqZ9nnzHk45GsCND/aW9+nvyPv0d7Tlf77e7m0P5r8nSdqftcj8pAErb/17H239/TXmPZxKHtNdGx/sbd7DKU/WnR4F66NlM9SU+k+PKvvungFvezDvnwO4flHQbw8ItZx7e2nLjKsi9vb+/sO+2va7b5uft1Mf3NZdGx/oa97DKUcDWPvRFt/6NTZIkoqevyXgbRlARKP831ypHS+M0paZQyLy9t74wYXyPvm9oI8veeUOnao95Bfo8vaUvDJRmQ7PI2l0d22cemHQx29+9DIVPX9Lm1rfNtDtNj/2Jcf3R9ADmDf9y/5nfnvX/sU3bpmvB7w9A4hoVDB7mHa8MCpiI7jo3/pp+9PXBX18+buPq3kCXd5etr4xXUljnZ1H0uge2jj1oqCPz//NFf73e2utbxvodjnTB2vdHc7OI+gBLFv8K0nSgU1LVPjsDZKkU7WHtGHSuW3evkMDeNdZKpg9TKVvTl
04-26 11:11:03.301 I/Gecko   (   84): 1398535863319	Marionette	INFO	sendToClient: {"from":"0","ok":true}, {f6b45710-f762-4214-bb4f-83c8a4ad13e3}, {f6b45710-f762-4214-bb4f-83c8a4ad13e3}
04-26 11:11:03.311 I/Gecko   (   84): 1398535863326	Marionette	DEBUG	Got request: switchToFrame, data: {"to":"0","sessionId":"3-b2g","name":"switchToFrame","parameters":{"id":null,"focus":true}}, id: {e688fe62-fea0-4b65-9327-04dcf63a43c2}
04-26 11:11:03.331 I/Gecko   (   84): 1398535863343	Marionette	INFO	Switched to frame: {"frameValue":null}
04-26 11:11:03.441 I/Gecko   (   84): 1398535863455	Marionette	INFO	sendToClient: {"from":"0","ok":true}, {e688fe62-fea0-4b65-9327-04dcf63a43c2}, {e688fe62-fea0-4b65-9327-04dcf63a43c2}
04-26 11:11:03.451 I/Gecko   (   84): 1398535863462	Marionette	DEBUG	Got request: executeWithCallback, data: {"to":"0","sessionId":"3-b2g","name":"executeAsyncScript","parameters":{"specialPowers":false,"scriptTimeout":null,"newSandbox":true,"args":[],"filename":"gaia_test.py","script":"return GaiaApps.displayedApp();","line":66}}, id: {0f905d06-82ae-4d70-9916-504a6de02b90}
04-26 11:11:03.531 I/Gecko   (   84): 1398535863546	Marionette	INFO	sendToClient: {"from":"0","value":{"frame":{"ELEMENT":"{0f6ae2e4-242e-44de-8c71-7d8c186d9d2c}"},"src":"http://gmarty.github.io/jsSMS/alec/index.html","name":"Alec","origin":"http://gmarty.github.io"}}, {0f905d06-82ae-4d70-9916-504a6de02b90}, {0f905d06-82ae-4d70-9916-504a6de02b90}
04-26 11:11:03.541 E/GeckoConsole(   84): Content JS LOG at dummy file:392 in GaiaApps.displayedApp: app with origin 'http://gmarty.github.io' is displayed
04-26 11:11:03.551 I/Gecko   (   84): 1398535863565	Marionette	DEBUG	Got request: switchToFrame, data: {"to":"0","sessionId":"3-b2g","name":"switchToFrame","parameters":{"id":null,"focus":true}}, id: {29c21fe8-5920-47fb-80e1-01e54f4c0b0e}
04-26 11:11:03.551 I/Gecko   (   84): 1398535863567	Marionette	INFO	Switched to frame: {"frameValue":null}
04-26 11:11:03.571 W/WifiHW  (   84): wifi_command: SIGNAL_POLL
04-26 11:11:03.651 I/Gecko   (   84): 1398535863670	Marionette	INFO	sendToClient: {"from":"0","ok":true}, {29c21fe8-5920-47fb-80e1-01e54f4c0b0e}, {29c21fe8-5920-47fb-80e1-01e54f4c0b0e}
04-26 11:11:03.661 I/Gecko   (   84): 1398535863676	Marionette	DEBUG	Got request: execute, data: {"to":"0","sessionId":"3-b2g","name":"executeScript","parameters":{"specialPowers":false,"scriptTimeout":null,"newSandbox":true,"args":[],"filename":"gaia_test.py","script":"window.wrappedJSObject.dispatchEvent(new Event('home'));","line":788}}, id: {0ea60905-4158-4c58-b895-2ca0326937b4}
04-26 11:11:03.861 D/Sensors (   84): activate handle=0; drv=0
04-26 11:11:03.861 D/Sensors (   84): Lis3dhSensor: Control set 0
04-26 11:11:03.861 D/Sensors (   84): Lis3dhSensor: mEnabled = 0
04-26 11:11:04.091 I/Gonk    (   84): Setting nice for pid 957 to 18
04-26 11:11:04.101 I/Gonk    (   84): Changed nice for pid 957 from 0 to 18.
04-26 11:11:04.111 I/Gecko   (   84): 1398535864123	Marionette	INFO	sendToClient: {"from":"0","value":null}, {0ea60905-4158-4c58-b895-2ca0326937b4}, {0ea60905-4158-4c58-b895-2ca0326937b4}
04-26 11:11:04.221 I/Gonk    (   84): Setting nice for pid 957 to 18
04-26 11:11:04.221 I/Gonk    (   84): Changed nice for pid 957 from 18 to 18.
04-26 11:11:04.221 I/Gecko   (   84): [Parent 84] WARNING: waitpid failed pid:957 errno:10: file ../../../gecko/ipc/chromium/src/base/process_util_posix.cc, line 254
04-26 11:11:04.221 I/Gonk    (   84): Setting nice for pid 957 to 1
04-26 11:11:04.221 I/Gonk    (   84): Changed nice for pid 957 from 18 to 1.
04-26 11:11:04.271 I/Gecko   (   84): 1398535864282	Marionette	DEBUG	Got request: switchToFrame, data: {"to":"0","sessionId":"3-b2g","name":"switchToFrame","parameters":{"id":null,"focus":true}}, id: {b26802d0-1d08-4502-8d02-4b6f2c63d570}
04-26 11:11:04.271 I/Gecko   (   84): 1398535864284	Marionette	INFO	Switched to frame: {"frameValue":null}
04-26 11:11:04.371 I/Gecko   (   84): 1398535864387	Marionette	INFO	sendToClient: {"from":"0","ok":true}, {b26802d0-1d08-4502-8d02-4b6f2c63d570}, {b26802d0-1d08-4502-8d02-4b6f2c63d570}
04-26 11:11:04.381 I/Gecko   (   84): 1398535864393	Marionette	DEBUG	Got request: executeWithCallback, data: {"to":"0","sessionId":"3-b2g","name":"executeAsyncScript","parameters":{"specialPowers":false,"scriptTimeout":null,"newSandbox":true,"args":[],"filename":"gaia_test.py","script":"return GaiaApps.displayedApp();","line":66}}, id: {04d871fc-df08-420e-b584-21486a868b1d}
04-26 11:11:04.491 I/Gecko   (   84): 1398535864500	Marionette	INFO	sendToClient: {"from":"0","value":{"frame":{"ELEMENT":"{2b30f82d-6055-4589-8811-22cd69d22e26}"},"src":"app://homescreen.gaiamobile.org/index.html#root","name":"Homescreen","origin":"app://homescreen.gaiamobile.org"}}, {04d871fc-df08-420e-b584-21486a868b1d}, {04d871fc-df08-420e-b584-21486a868b1d}
04-26 11:11:04.491 I/Gecko   (   84): 1398535864506	Marionette	DEBUG	Got request: switchToFrame, data: {"to":"0","sessionId":"3-b2g","name":"switchToFrame","parameters":{"id":null,"focus":true}}, id: {47dc839f-5fa2-4a9c-a8ce-bcbc30c296a0}
04-26 11:11:04.501 E/GeckoConsole(   84): Content JS LOG at dummy file:392 in GaiaApps.displayedApp: app with origin 'app://homescreen.gaiamobile.org' is displayed
04-26 11:11:04.501 I/Gecko   (   84): 1398535864512	Marionette	INFO	Switched to frame: {"frameValue":null}
04-26 11:11:04.611 I/Gecko   (   84): 1398535864623	Marionette	INFO	sendToClient: {"from":"0","ok":true}, {47dc839f-5fa2-4a9c-a8ce-bcbc30c296a0}, {47dc839f-5fa2-4a9c-a8ce-bcbc30c296a0}
04-26 11:11:04.691 I/Gecko   (   84): 1398535864702	Marionette	DEBUG	Got request: switchToFrame, data: {"to":"0","sessionId":"3-b2g","name":"switchToFrame","parameters":{"id":null,"focus":true}}, id: {ef9ae56f-e5ef-46a3-b352-3e217997b859}
04-26 11:11:04.691 I/Gecko   (   84): 1398535864705	Marionette	INFO	Switched to frame: {"frameValue":null}
04-26 11:11:04.791 I/Gecko   (   84): 1398535864808	Marionette	INFO	sendToClient: {"from":"0","ok":true}, {ef9ae56f-e5ef-46a3-b352-3e217997b859}, {ef9ae56f-e5ef-46a3-b352-3e217997b859}
04-26 11:11:04.801 I/Gecko   (   84): 1398535864814	Marionette	DEBUG	Got request: executeWithCallback, data: {"to":"0","sessionId":"3-b2g","name":"executeAsyncScript","parameters":{"specialPowers":false,"scriptTimeout":null,"newSandbox":true,"args":[],"filename":"gaia_test.py","script":"return GaiaApps.displayedApp();","line":66}}, id: {458e83ef-75c6-458c-b803-141e13b3e0ad}
04-26 11:11:05.161 E/GeckoConsole(   84): Content JS LOG at dummy file:392 in GaiaApps.displayedApp: app with origin 'app://homescreen.gaiamobile.org' is displayed
04-26 11:11:05.161 I/Gecko   (   84): 1398535865173	Marionette	INFO	sendToClient: {"from":"0","value":{"frame":{"ELEMENT":"{2b30f82d-6055-4589-8811-22cd69d22e26}"},"src":"app://homescreen.gaiamobile.org/index.html#root","name":"Homescreen","origin":"app://homescreen.gaiamobile.org"}}, {458e83ef-75c6-458c-b803-141e13b3e0ad}, {458e83ef-75c6-458c-b803-141e13b3e0ad}
04-26 11:11:05.171 I/Gonk    (   84): Setting nice for pid 967 to 18
04-26 11:11:05.171 I/Gonk    (   84): Changed nice for pid 967 from 0 to 18.
04-26 11:11:05.581 I/Gecko   (   84): 1398535865596	Marionette	DEBUG	Got request: switchToFrame, data: {"to":"0","sessionId":"3-b2g","name":"switchToFrame","parameters":{"focus":true,"element":"{2b30f82d-6055-4589-8811-22cd69d22e26}"}}, id: {1adbc5a7-0e75-4bdf-a4ab-774358696dab}
04-26 11:11:05.651 I/Gecko   (   84): 1398535865665	Marionette	INFO	Switched to frame: {"frameValue":"{2b30f82d-6055-4589-8811-22cd69d22e26}"}
04-26 11:11:05.671 I/Gecko   (   84): 1398535865684	Marionette	INFO	trying remote frame 0
04-26 11:11:05.681 I/Gecko   (   84): 1398535865691	Marionette	INFO	deleting frame
04-26 11:11:05.691 I/Gecko   (   84): 1398535865707	Marionette	INFO	frame-manager load script: [object ChromeMessageSender]
04-26 11:11:05.741 I/Gonk    (   84): Setting nice for pid 867 to 18
04-26 11:11:05.741 I/Gonk    (   84): Changed nice for pid 867 from 1 to 18.
04-26 11:11:06.681 I/Gecko   (  957): ###################################### forms.js loaded
04-26 11:11:06.691 I/Gecko   (  957): ############################### browserElementPanning.js loaded
04-26 11:11:06.721 I/Gecko   (  957): ######################## BrowserElementChildPreload.js loaded
04-26 11:11:06.791 I/Gecko   (   84): 
04-26 11:11:06.791 I/Gecko   (   84): ###!!! [Parent][MessageChannel] Error: Channel error: cannot send/recv
04-26 11:11:06.791 I/Gecko   (   84): 
04-26 11:11:06.871 I/GeckoDump(   84): Crash reporter : Can't fetch app.reportCrashes. Exception: [Exception... "Component returned failure code: 0x8000ffff (NS_ERROR_UNEXPECTED) [nsIPrefBranch.getBoolPref]"  nsresult: "0x8000ffff (NS_ERROR_UNEXPECTED)"  location: "JS frame :: chrome://browser/content/shell.js :: shell_reportCrash :: line 7"  data: no]
04-26 11:11:06.911 I/Gecko   (   84): [Parent 84] WARNING: waitpid failed pid:867 errno:10: file ../../../gecko/ipc/chromium/src/base/process_util_posix.cc, line 254
04-26 11:11:07.681 I/Gecko   (   84): 1398535867691	Marionette	INFO	sendToClient: {"from":"0","ok":true}, {1adbc5a7-0e75-4bdf-a4ab-774358696dab}, {1adbc5a7-0e75-4bdf-a4ab-774358696dab}
04-26 11:11:07.961 I/Gecko   (   84): 1398535867976	Marionette	INFO	sendToClient: {"from":"0","value":"app://homescreen.gaiamobile.org/index.html#root"}, {78a23521-32d4-4c39-a81a-fa14641d2cf2}, {78a23521-32d4-4c39-a81a-fa14641d2cf2}
04-26 11:11:07.971 I/Gecko   (   84): 1398535867982	Marionette	DEBUG	Got request: switchToFrame, data: {"to":"0","sessionId":"3-b2g","name":"switchToFrame","parameters":{"id":null,"focus":true}}, id: {5fd56276-5c10-48b6-8b8b-c25767171c41}
04-26 11:11:07.991 I/Gecko   (   84): 1398535868008	Marionette	INFO	Switched to frame: {"frameValue":null}
04-26 11:11:08.101 I/Gecko   (   84): 1398535868113	Marionette	INFO	sendToClient: {"from":"0","ok":true}, {5fd56276-5c10-48b6-8b8b-c25767171c41}, {5fd56276-5c10-48b6-8b8b-c25767171c41}
04-26 11:11:08.101 I/Gecko   (   84): 1398535868118	Marionette	DEBUG	Got request: switchToFrame, data: {"to":"0","sessionId":"3-b2g","name":"switchToFrame","parameters":{"id":null,"focus":true}}, id: {57a2901c-5fa1-4309-aa91-43b690dfb923}
04-26 11:11:08.111 I/Gecko   (   84): 1398535868123	Marionette	INFO	Switched to frame: {"frameValue":null}
04-26 11:11:08.211 I/Gecko   (   84): 1398535868226	Marionette	INFO	sendToClient: {"from":"0","ok":true}, {57a2901c-5fa1-4309-aa91-43b690dfb923}, {57a2901c-5fa1-4309-aa91-43b690dfb923}
04-26 11:11:08.231 I/Gecko   (   84): 1398535868241	Marionette	DEBUG	Got request: executeWithCallback, data: {"to":"0","sessionId":"3-b2g","name":"executeAsyncScript","parameters":{"specialPowers":false,"scriptTimeout":null,"newSandbox":true,"args":[],"filename":"gaia_test.py","script":"GaiaApps.killAll()","line":91}}, id: {750c44e7-cd69-4820-86b1-c1362b87b12c}
04-26 11:11:08.281 I/Gecko   (   84): 1398535868298	Marionette	INFO	sendToClient: {"from":"0","value":true}, {750c44e7-cd69-4820-86b1-c1362b87b12c}, {750c44e7-cd69-4820-86b1-c1362b87b12c}
04-26 11:11:08.291 I/Gecko   (   84): 1398535868304	Marionette	DEBUG	Got request: switchToFrame, data: {"to":"0","sessionId":"3-b2g","name":"switchToFrame","parameters":{"id":null,"focus":true}}, id: {72bb6d7d-cef7-4ba5-9818-98628d1de25d}
04-26 11:11:08.301 I/Gecko   (   84): 1398535868312	Marionette	INFO	Switched to frame: {"frameValue":null}
04-26 11:11:08.401 I/Gecko   (   84): 1398535868414	Marionette	INFO	sendToClient: {"from":"0","ok":true}, {72bb6d7d-cef7-4ba5-9818-98628d1de25d}, {72bb6d7d-cef7-4ba5-9818-98628d1de25d}
04-26 11:11:08.411 I/Gecko   (   84): 1398535868421	Marionette	DEBUG	Got request: executeWithCallback, data: {"to":"0","sessionId":"3-b2g","name":"executeAsyncScript","parameters":{"specialPowers":false,"scriptTimeout":60000,"newSandbox":true,"args":[],"filename":"app_checker.py","script":"\n        GaiaApps.locateWithManifestURL('http://gmarty.github.io/jsSMS/alec/manifest.webapp',\n                                       null,\n                                       function uninstall(app) {\n                                       navigator.mozApps.mgmt.uninstall(app);\n                                       marionetteScriptFinished(true);\n                                       });\n        ","line":129}}, id: {67d483ce-f25d-449f-9181-d29ed079b7f4}
04-26 11:11:08.451 I/Gecko   (   84): -- webapps.js uninstall http://gmarty.github.io/jsSMS/alec/manifest.webapp
04-26 11:11:08.911 I/Gecko   (   84): [Parent 84] WARNING: waitpid failed pid:867 errno:10: file ../../../gecko/ipc/chromium/src/base/process_util_posix.cc, line 254
04-26 11:11:08.911 I/Gecko   (   84): [Parent 84] WARNING: Failed to deliver SIGKILL to 867!(3).: file ../../../gecko/ipc/chromium/src/chrome/common/process_watcher_posix_sigchld.cc, line 118
04-26 11:11:08.931 I/Gecko   (   84): 1398535868941	Marionette	INFO	sendToClient: {"from":"0","value":true}, {67d483ce-f25d-449f-9181-d29ed079b7f4}, {67d483ce-f25d-449f-9181-d29ed079b7f4}
04-26 11:11:08.951 W/WifiHW  (   84): wifi_command: SIGNAL_POLL