--------- beginning of /dev/log/main
04-26 20:44:37.281 I/Gecko   (   84): 1398570277287	Marionette	INFO	sendToClient: {"from":"0","value":"<div><img src=\"blob:06f29744-00fd-40cc-9237-368c14160e4a\" style=\"visibility: visible;\" role=\"presentation\" height=\"64\" width=\"64\"><span class=\"labelWrapper\"><span>Messages</span></span></div>"}, {521d5386-6b6f-4ec2-b2bb-b7c5f8644998}, {521d5386-6b6f-4ec2-b2bb-b7c5f8644998}
04-26 20:44:37.291 I/Gecko   (   84): 1398570277301	Marionette	INFO	sendToClient: {"from":"0","value":"<div><img src=\"blob:270815f4-a9ed-478e-a025-059881a8a671\" style=\"visibility: visible;\" role=\"presentation\" height=\"64\" width=\"64\"><span class=\"labelWrapper\"><span>Contacts</span></span></div>"}, {3de00797-eb40-497f-a48b-41b084289720}, {3de00797-eb40-497f-a48b-41b084289720}
04-26 20:44:37.321 I/Gecko   (   84): 1398570277324	Marionette	INFO	sendToClient: {"from":"0","value":"<div><img src=\"blob:73460a25-d3e1-463f-8455-c2ee1db0d1ad\" style=\"visibility: visible;\" role=\"presentation\" height=\"64\" width=\"64\"><span class=\"labelWrapper\"><span>Browser</span></span></div>"}, {3466d4bc-557e-477b-8d79-e1ad40b3a808}, {3466d4bc-557e-477b-8d79-e1ad40b3a808}
04-26 20:44:38.091 W/WifiHW  (   84): wifi_command: SIGNAL_POLL
04-26 20:44:38.281 I/Gecko   (  568): ###################################### forms.js loaded
04-26 20:44:38.331 I/Gecko   (  568): ############################### browserElementPanning.js loaded
04-26 20:44:38.351 I/Gecko   (  568): ######################## BrowserElementChildPreload.js loaded
04-26 20:44:39.421 I/Gecko   (   84): 1398570279431	Marionette	INFO	sendToClient: {"from":"0","value":["{7972a171-e95f-4216-8dbf-cfc2b5510086}","{6fa279ab-16a8-4f74-be41-ecc4595743b6}","{11758f24-1ba9-44f6-8b2b-ce1e36366b42}","{1e87aaab-8553-4ffb-b790-4840c9f31b7d}","{0009174c-0352-4a13-bf77-3eda7671b62e}","{e1c595ea-041e-414d-8f38-1484c52f2f36}","{16c70a3d-396d-48be-97bb-bd3923335441}","{fb125a29-5225-46b9-9b3c-044eb83ded67}","{6fddb008-245f-42d7-8082-0ad70f5e2d57}","{f1476e09-b9d2-4fa0-b733-443d81f4adb0}","{76183eb1-2d52-4395-87c3-ed9e0e29f2e6}","{e5bd3ef1-77b5-408d-bebf-3d6804326bdb}","{ed66ed89-7bfe-489c-ba84-544fe8e14998}","{8a119a27-7c97-47e4-814a-f1d6976c1ebe}","{82ed1925-5610-4620-883b-590f3091468a}","{789bf144-fa40-4591-8e36-a53b56b23a01}","{ef87d9eb-049d-4aac-93ec-22534b0641cb}","{bc5c2718-d800-416a-a25e-89998fb1690e}","{f4a6f809-8020-483d-97a8-34e1f4e3922f}","{a6cbcfdf-8c4a-4a4d-9755-e1d2632fbe88}","{161d6fe2-7bfe-470c-a97c-8f6bab81db68}","{b841f440-ad3c-4198-955f-fcb6bc85813a}","{e0f46b98-6177-4b36-adb7-bd427062b696}","{ab51ffcc-c8f1
04-26 20:44:39.441 I/Gecko   (   84): 1398570279453	Marionette	INFO	sendToClient: {"from":"0","value":"<div><img src=\"blob:40b8c460-50bb-4f6f-b027-61993f3d93d1\" style=\"visibility: visible;\" role=\"presentation\" height=\"64\" width=\"64\"><span class=\"labelWrapper\"><span>Social</span></span></div><span data-is-icon=\"true\" class=\"options\"></span>"}, {5d9033b4-cea1-41d3-a4f3-26483df07a0a}, {5d9033b4-cea1-41d3-a4f3-26483df07a0a}
04-26 20:44:39.461 I/Gecko   (   84): 1398570279464	Marionette	INFO	sendToClient: {"from":"0","value":"<div><img src=\"blob:72a6624c-9de9-42b3-b7f4-1bd9770167b5\" style=\"visibility: visible;\" role=\"presentation\" height=\"64\" width=\"64\"><span class=\"labelWrapper\"><span>Games</span></span></div><span data-is-icon=\"true\" class=\"options\"></span>"}, {f2a43911-e02e-41e0-98a8-1530bf426250}, {f2a43911-e02e-41e0-98a8-1530bf426250}
04-26 20:44:39.471 I/Gecko   (   84): 1398570279474	Marionette	INFO	sendToClient: {"from":"0","value":"<div><img src=\"blob:47f8b028-08c1-407d-bcea-74e02c16c6b7\" style=\"visibility: visible;\" role=\"presentation\" height=\"64\" width=\"64\"><span class=\"labelWrapper\"><span>Music</span></span></div><span data-is-icon=\"true\" class=\"options\"></span>"}, {6169522b-e0af-499c-b653-1feca9898aac}, {6169522b-e0af-499c-b653-1feca9898aac}
04-26 20:44:39.481 I/Gecko   (   84): 1398570279488	Marionette	INFO	sendToClient: {"from":"0","value":"<div><img src=\"blob:a978bf5d-b095-4863-93b9-2c902a96f192\" style=\"visibility: visible;\" role=\"presentation\" height=\"64\" width=\"64\"><span class=\"labelWrapper\"><span>Showbiz</span></span></div><span data-is-icon=\"true\" class=\"options\"></span>"}, {d32f9daa-268b-4502-a7a1-ec18f611da95}, {d32f9daa-268b-4502-a7a1-ec18f611da95}
04-26 20:44:39.781 I/Gecko   (   84): 1398570279784	Marionette	INFO	sendToClient: {"from":"0","value":"<div><img src=\"blob:5d4e7e15-46eb-41a1-89c0-d663b4c620bc\" style=\"visibility: visible;\" role=\"presentation\" height=\"64\" width=\"64\"><span class=\"labelWrapper\"><span>Camera</span></span></div>"}, {a32a33f6-670d-4b8f-81c0-7528d6c605e2}, {a32a33f6-670d-4b8f-81c0-7528d6c605e2}
04-26 20:44:39.811 I/Gecko   (   84): 1398570279821	Marionette	INFO	sendToClient: {"from":"0","value":"<div><img src=\"blob:d0753f2a-2405-46f1-a219-292d89f9e237\" style=\"visibility: visible;\" role=\"presentation\" height=\"64\" width=\"64\"><span class=\"labelWrapper\"><span>Gallery</span></span></div>"}, {ef789234-8441-497f-acea-fa356f1562c9}, {ef789234-8441-497f-acea-fa356f1562c9}
04-26 20:44:39.821 I/Gecko   (   84): 1398570279832	Marionette	INFO	sendToClient: {"from":"0","value":"<div><img src=\"blob:82951d1b-d1f5-432e-ad83-cbfa2b3bd376\" style=\"visibility: visible;\" role=\"presentation\" height=\"64\" width=\"64\"><span class=\"labelWrapper\"><span>FM Radio</span></span></div>"}, {db086ca5-5c0c-498b-9dfb-9fe6de7f4b6e}, {db086ca5-5c0c-498b-9dfb-9fe6de7f4b6e}
04-26 20:44:39.841 I/Gecko   (   84): 1398570279843	Marionette	INFO	sendToClient: {"from":"0","value":"<div><img src=\"blob:72b7567a-e37a-4a5d-ba6f-51acec4ea631\" style=\"visibility: visible;\" role=\"presentation\" height=\"64\" width=\"64\"><span class=\"labelWrapper\"><span>Settings</span></span></div>"}, {44c1a0d6-d419-473a-8060-34cbedf1720b}, {44c1a0d6-d419-473a-8060-34cbedf1720b}
04-26 20:44:39.851 I/Gecko   (   84): 1398570279853	Marionette	INFO	sendToClient: {"from":"0","value":"<div><img src=\"blob:0507bbdd-0638-4487-99ae-8a2ebfae7a7e\" style=\"visibility: visible;\" role=\"presentation\" height=\"64\" width=\"64\"><span class=\"labelWrapper\"><span>Marketplace</span></span></div>"}, {c921621c-d399-421b-b1ef-f479ab018855}, {c921621c-d399-421b-b1ef-f479ab018855}
04-26 20:44:39.861 I/Gecko   (   84): 1398570279873	Marionette	INFO	sendToClient: {"from":"0","value":"<div><img src=\"blob:12cd0dc5-0fb7-4f1a-a197-812843ad1465\" style=\"visibility: visible;\" role=\"presentation\" height=\"64\" width=\"64\"><span class=\"labelWrapper\"><span>Calendar</span></span></div>"}, {3310038d-e5b9-4d0d-a810-8fe6c3b3dea2}, {3310038d-e5b9-4d0d-a810-8fe6c3b3dea2}
04-26 20:44:39.881 I/Gecko   (   84): 1398570279884	Marionette	INFO	sendToClient: {"from":"0","value":"<div><img src=\"blob:9010d37b-bc87-4dc5-95b2-3708eda5029c\" style=\"visibility: visible;\" role=\"presentation\" height=\"64\" width=\"64\"><span class=\"labelWrapper\"><span>Clock</span></span></div>"}, {08663e38-f597-4290-ba2e-1b60dac8b6ed}, {08663e38-f597-4290-ba2e-1b60dac8b6ed}
04-26 20:44:39.891 I/Gecko   (   84): 1398570279899	Marionette	INFO	sendToClient: {"from":"0","value":"<div><img src=\"blob:7d18dfb3-6857-4dcd-b78a-e587812eca43\" style=\"visibility: visible;\" role=\"presentation\" height=\"64\" width=\"64\"><span class=\"labelWrapper\"><span>Usage</span></span></div>"}, {79db4c38-96a4-49c2-8ffe-c98f71b664b0}, {79db4c38-96a4-49c2-8ffe-c98f71b664b0}
04-26 20:44:39.901 I/Gecko   (   84): 1398570279910	Marionette	INFO	sendToClient: {"from":"0","value":"<div><img src=\"blob:b581be27-93e0-4666-afdc-f26fe21ff670\" style=\"visibility: visible;\" role=\"presentation\" height=\"64\" width=\"64\"><span class=\"labelWrapper\"><span>E-Mail</span></span></div>"}, {8d123047-25e0-4bf4-83a0-0d0575f6d5cf}, {8d123047-25e0-4bf4-83a0-0d0575f6d5cf}
04-26 20:44:39.911 I/Gecko   (   84): 1398570279921	Marionette	INFO	sendToClient: {"from":"0","value":"<div><img src=\"blob:e02cb886-94ed-4f2c-a60e-64c17fb9fcf8\" style=\"visibility: visible;\" role=\"presentation\" height=\"64\" width=\"64\"><span class=\"labelWrapper\"><span>Music</span></span></div>"}, {fd317a6c-2ab0-4314-beee-ae4245a05281}, {fd317a6c-2ab0-4314-beee-ae4245a05281}
04-26 20:44:39.931 I/Gecko   (   84): 1398570279941	Marionette	INFO	sendToClient: {"from":"0","value":"<div><img src=\"blob:9e5bfa7c-3b3f-4e2f-ac30-0d4146b28fbe\" style=\"visibility: visible;\" role=\"presentation\" height=\"64\" width=\"64\"><span class=\"labelWrapper\"><span>Video</span></span></div>"}, {6339af49-3511-416c-a858-c8a88b9d14be}, {6339af49-3511-416c-a858-c8a88b9d14be}
04-26 20:44:39.951 I/Gecko   (   84): 1398570279953	Marionette	INFO	sendToClient: {"from":"0","value":"<div><img src=\"blob:27d4d51b-52ad-40aa-b975-f443f19bef7a\" style=\"visibility: visible;\" role=\"presentation\" height=\"64\" width=\"64\"><span class=\"labelWrapper\"><span>ConnectA2</span></span></div><span data-is-icon=\"true\" class=\"options\"></span>"}, {d23c6159-c6c0-4668-bebc-8b1a1df09057}, {d23c6159-c6c0-4668-bebc-8b1a1df09057}
04-26 20:44:39.961 I/Gecko   (   84): 1398570279966	Marionette	INFO	sendToClient: {"from":"0","value":"<div><img src=\"blob:2e69700c-e951-4f77-8a9b-1355381b23c1\" style=\"visibility: visible;\" role=\"presentation\" height=\"64\" width=\"64\"><span class=\"labelWrapper\"><span>Word Wars</span></span></div><span data-is-icon=\"true\" class=\"options\"></span>"}, {bc098145-1caf-42de-a82f-6251ad7af595}, {bc098145-1caf-42de-a82f-6251ad7af595}
04-26 20:44:39.971 I/Gecko   (   84): 1398570279977	Marionette	INFO	sendToClient: {"from":"0","value":"<div><img src=\"blob:54909efc-90b4-4997-ac33-8ecd7df88fa1\" style=\"visibility: visible;\" role=\"presentation\" height=\"64\" width=\"64\"><span class=\"labelWrapper\"><span>Rormix</span></span></div><span data-is-icon=\"true\" class=\"options\"></span>"}, {40c0a0a9-7b8e-4368-bb7e-cb4d763faf46}, {40c0a0a9-7b8e-4368-bb7e-cb4d763faf46}
04-26 20:44:39.981 I/Gecko   (   84): 1398570279988	Marionette	INFO	sendToClient: {"from":"0","value":"<div><img src=\"blob:e1ba6015-61e0-4e32-858e-156380d89374\" style=\"visibility: visible;\" role=\"presentation\" height=\"64\" width=\"64\"><span class=\"labelWrapper\"><span>Cheer Up!</span></span></div><span data-is-icon=\"true\" class=\"options\"></span>"}, {480d3486-33bf-41be-a60a-b4a096ea07d9}, {480d3486-33bf-41be-a60a-b4a096ea07d9}
04-26 20:44:40.001 I/Gecko   (   84): 1398570280011	Marionette	INFO	sendToClient: {"from":"0","value":"<div><img src=\"blob:402d1c1d-ec70-46be-9192-679b9e79665c\" style=\"visibility: visible;\" role=\"presentation\" height=\"64\" width=\"64\"><span class=\"labelWrapper mask\"><span>Duck Sounds</span></span></div><span data-is-icon=\"true\" class=\"options\"></span>"}, {0d39bbfb-0ed1-40ea-8ff5-66fa2f49fd87}, {0d39bbfb-0ed1-40ea-8ff5-66fa2f49fd87}
04-26 20:44:40.011 I/Gecko   (   84): 1398570280022	Marionette	INFO	sendToClient: {"from":"0","value":"<div><img src=\"blob:a27ab253-8605-4443-99fe-f0e82f2949b6\" style=\"visibility: visible;\" role=\"presentation\" height=\"64\" width=\"64\"><span class=\"labelWrapper mask\"><span>Alarm Sounds</span></span></div><span data-is-icon=\"true\" class=\"options\"></span>"}, {973c218b-a0d3-462c-999a-19b81eaf9099}, {973c218b-a0d3-462c-999a-19b81eaf9099}
04-26 20:44:40.031 I/Gecko   (   84): 1398570280033	Marionette	INFO	sendToClient: {"from":"0","value":"<div><img src=\"blob:091688a5-7b3d-461c-86ca-b42cd3651e25\" style=\"visibility: visible;\" role=\"presentation\" height=\"64\" width=\"64\"><span class=\"labelWrapper\"><span>Art</span></span></div><span data-is-icon=\"true\" class=\"options\"></span>"}, {6c6be2ae-8327-45db-bf0c-f80fbf6b2c40}, {6c6be2ae-8327-45db-bf0c-f80fbf6b2c40}
04-26 20:44:40.041 I/Gecko   (   84): 1398570280044	Marionette	INFO	sendToClient: {"from":"0","value":"<div><img src=\"blob:a26f4f3a-d93c-4b08-92bc-2abbd3a1e244\" style=\"visibility: visible;\" role=\"presentation\" height=\"64\" width=\"64\"><span class=\"labelWrapper\"><span>Marketplace</span></span></div><span data-is-icon=\"true\" class=\"options\"></span>"}, {6e508b4f-07ec-4c6d-b083-1816bef42f16}, {6e508b4f-07ec-4c6d-b083-1816bef42f16}
04-26 20:44:40.051 I/Gecko   (   84): 1398570280055	Marionette	INFO	sendToClient: {"from":"0","value":"<div><img src=\"blob:e237582b-502d-4c1c-8c3b-530c7a578fac\" style=\"visibility: visible;\" role=\"presentation\" height=\"64\" width=\"64\"><span class=\"labelWrapper\"><span>VTCS 13</span></span></div><span data-is-icon=\"true\" class=\"options\"></span>"}, {fb25ea93-453b-447e-9bd6-bc95afd648de}, {fb25ea93-453b-447e-9bd6-bc95afd648de}
04-26 20:44:40.071 I/Gecko   (   84): 1398570280074	Marionette	INFO	sendToClient: {"from":"0","value":"<div><img src=\"blob:581d98ce-0e53-47db-ab61-83c04aa59f77\" style=\"visibility: visible;\" role=\"presentation\" height=\"64\" width=\"64\"><span class=\"labelWrapper mask\"><span>inca-challenge</span></span></div><span data-is-icon=\"true\" class=\"options\"></span>"}, {24725ed4-79f6-46e5-bb9e-083f2524e220}, {24725ed4-79f6-46e5-bb9e-083f2524e220}
04-26 20:44:40.081 I/Gecko   (   84): 1398570280085	Marionette	INFO	sendToClient: {"from":"0","value":"<div><img src=\"blob:783b5880-ac24-479e-8a4f-251ae576895d\" style=\"visibility: visible;\" role=\"presentation\" height=\"64\" width=\"64\"><span class=\"labelWrapper\"><span>KAYAK</span></span></div><span data-is-icon=\"true\" class=\"options\"></span>"}, {c3b0d221-2f02-4b80-bfc9-b3e88d0ba4e3}, {c3b0d221-2f02-4b80-bfc9-b3e88d0ba4e3}
04-26 20:44:40.091 I/Gecko   (   84): 1398570280099	Marionette	INFO	sendToClient: {"from":"0","value":"<div><img src=\"blob:dbf2c6b6-1c1d-469d-9b68-67ea30bcd992\" style=\"visibility: visible;\" role=\"presentation\" height=\"64\" width=\"64\"><span class=\"labelWrapper mask\"><span>Real Headshot</span></span></div><span data-is-icon=\"true\" class=\"options\"></span>"}, {ff79cc98-7d17-4139-8fcb-0f83fcf544ab}, {ff79cc98-7d17-4139-8fcb-0f83fcf544ab}
04-26 20:44:40.101 I/Gecko   (   84): 1398570280110	Marionette	INFO	sendToClient: {"from":"0","value":"<div><img src=\"blob:5149847e-b761-401c-9856-be2e16f363f8\" style=\"visibility: visible;\" role=\"presentation\" height=\"64\" width=\"64\"><span class=\"labelWrapper mask\"><span>Orion Nebula</span></span></div><span data-is-icon=\"true\" class=\"options\"></span>"}, {936264ae-a87a-4b0d-a87f-ec63a5b90b1e}, {936264ae-a87a-4b0d-a87f-ec63a5b90b1e}
04-26 20:44:40.121 I/Gecko   (   84): 1398570280128	Marionette	INFO	sendToClient: {"from":"0","value":"<div><img src=\"blob:fbd5f63a-bcce-4768-a7c6-416e1c9fdfde\" style=\"visibility: visible;\" role=\"presentation\" height=\"64\" width=\"64\"><span class=\"labelWrapper mask\"><span>Galinha Pintadinha</span></span></div><span data-is-icon=\"true\" class=\"options\"></span>"}, {ff9a5e6b-ab0b-482b-9f76-aea785be853c}, {ff9a5e6b-ab0b-482b-9f76-aea785be853c}
04-26 20:44:40.131 I/Gecko   (   84): 1398570280139	Marionette	INFO	sendToClient: {"from":"0","value":"<div><img src=\"blob:044d52f8-2ab0-4fce-8322-b27918536a69\" style=\"visibility: visible;\" role=\"presentation\" height=\"64\" width=\"64\"><span class=\"labelWrapper mask\"><span>Octopus Blast: ink rush</span></span></div><span data-is-icon=\"true\" class=\"options\"></span>"}, {4cae4529-8756-4685-89b2-f1ae94fdc705}, {4cae4529-8756-4685-89b2-f1ae94fdc705}
04-26 20:44:40.151 I/Gecko   (   84): 1398570280157	Marionette	INFO	sendToClient: {"from":"0","value":"<div><img src=\"blob:23f59554-6749-4f0a-a3e7-9c11e819fd95\" style=\"visibility: visible;\" role=\"presentation\" height=\"64\" width=\"64\"><span class=\"labelWrapper mask\"><span>Skyrock.mobi</span></span></div><span data-is-icon=\"true\" class=\"options\"></span>"}, {bd72f016-0ee7-4f41-a478-f8809b2f2cea}, {bd72f016-0ee7-4f41-a478-f8809b2f2cea}
04-26 20:44:40.161 I/Gecko   (   84): 1398570280169	Marionette	INFO	sendToClient: {"from":"0","value":"<div><img src=\"blob:6d78983c-1518-438d-b0aa-6ffef5a06ed0\" style=\"visibility: visible;\" role=\"presentation\" height=\"64\" width=\"64\"><span class=\"labelWrapper\"><span>IQ FitFun</span></span></div><span data-is-icon=\"true\" class=\"options\"></span>"}, {fc698e50-3ce9-4c10-846c-c6be12443b23}, {fc698e50-3ce9-4c10-846c-c6be12443b23}
04-26 20:44:40.171 I/Gecko   (   84): 1398570280181	Marionette	INFO	sendToClient: {"from":"0","value":"<div><img src=\"blob:acdb7e46-5887-4fe3-8424-b42a1093524e\" style=\"visibility: visible;\" role=\"presentation\" height=\"64\" width=\"64\"><span class=\"labelWrapper mask\"><span>Ali Babá Juego de Objetos Ocultos</span></span></div><span data-is-icon=\"true\" class=\"options\"></span>"}, {974279b6-d890-4452-bca9-c713634d8150}, {974279b6-d890-4452-bca9-c713634d8150}
04-26 20:44:40.181 I/Gecko   (   84): 1398570280193	Marionette	INFO	sendToClient: {"from":"0","value":"<div><img src=\"blob:6329f607-4deb-4c85-865e-69a69ea316bd\" style=\"visibility: visible;\" role=\"presentation\" height=\"64\" width=\"64\"><span class=\"labelWrapper mask\"><span>Sweet Surprise Slots</span></span></div><span data-is-icon=\"true\" class=\"options\"></span>"}, {4b33304d-b84e-4c4c-8067-ba64035cebfe}, {4b33304d-b84e-4c4c-8067-ba64035cebfe}
04-26 20:44:40.201 I/Gecko   (   84): 1398570280204	Marionette	INFO	sendToClient: {"from":"0","value":"<div><img src=\"blob:a7319792-5bec-4958-b298-e6cbf1981b4a\" style=\"visibility: visible;\" role=\"presentation\" height=\"64\" width=\"64\"><span class=\"labelWrapper mask\"><span>Space Jumper</span></span></div><span data-is-icon=\"true\" class=\"options\"></span>"}, {a477b18b-3454-4fdc-8018-0c43420cd2e4}, {a477b18b-3454-4fdc-8018-0c43420cd2e4}
04-26 20:44:40.221 I/Gecko   (   84): 1398570280228	Marionette	INFO	sendToClient: {"from":"0","value":"<div><img src=\"blob:9c987cb0-fe04-47aa-a380-0e368ca132ce\" style=\"visibility: visible;\" role=\"presentation\" height=\"64\" width=\"64\"><span class=\"labelWrapper mask\"><span>ZAK Adventures Lite</span></span></div><span data-is-icon=\"true\" class=\"options\"></span>"}, {23dcf934-6a3e-447f-b213-f4d40c0f408e}, {23dcf934-6a3e-447f-b213-f4d40c0f408e}
04-26 20:44:40.231 I/Gecko   (   84): 1398570280239	Marionette	INFO	sendToClient: {"from":"0","value":"<div><img src=\"blob:9ce1ceaf-cced-44be-a9f4-2b186ffc267c\" style=\"visibility: visible;\" role=\"presentation\" height=\"64\" width=\"64\"><span class=\"labelWrapper mask\"><span>Learning Is Fun!</span></span></div><span data-is-icon=\"true\" class=\"options\"></span>"}, {4fce28cc-e677-49b5-87b7-58b6c35c77e3}, {4fce28cc-e677-49b5-87b7-58b6c35c77e3}
04-26 20:44:40.241 I/Gecko   (   84): 1398570280249	Marionette	INFO	sendToClient: {"from":"0","value":"<div><img src=\"blob:546b946d-cf67-43d8-96b9-0e1d343bac41\" style=\"visibility: visible;\" role=\"presentation\" height=\"64\" width=\"64\"><span class=\"labelWrapper\"><span>Pirate Slots</span></span></div><span data-is-icon=\"true\" class=\"options\"></span>"}, {367a7cf7-2a3b-43bd-8794-3219789d4927}, {367a7cf7-2a3b-43bd-8794-3219789d4927}
04-26 20:44:40.251 I/Gecko   (   84): 1398570280260	Marionette	INFO	sendToClient: {"from":"0","value":"<div><img src=\"blob:6b9d631c-fec0-487f-b4e9-ac003beae507\" style=\"visibility: visible;\" role=\"presentation\" height=\"64\" width=\"64\"><span class=\"labelWrapper\"><span>Bubble Fish</span></span></div><span data-is-icon=\"true\" class=\"options\"></span>"}, {b8bef6f6-f428-4631-a2c9-f9b577ba7b85}, {b8bef6f6-f428-4631-a2c9-f9b577ba7b85}
04-26 20:44:40.261 I/Gecko   (   84): 1398570280271	Marionette	INFO	sendToClient: {"from":"0","value":"<div><img src=\"blob:25d0c0a5-345d-434a-84e4-311f86a7bbd9\" style=\"visibility: visible;\" role=\"presentation\" height=\"64\" width=\"64\"><span class=\"labelWrapper\"><span>Flowers</span></span></div><span data-is-icon=\"true\" class=\"options\"></span>"}, {901eb5fe-77e8-4c8f-beca-0bde25b1e6da}, {901eb5fe-77e8-4c8f-beca-0bde25b1e6da}
04-26 20:44:40.281 I/Gecko   (   84): 1398570280291	Marionette	INFO	sendToClient: {"from":"0","value":"<div><img src=\"blob:f082ab8c-0f86-4855-b1dc-2ddbbe3bb311\" style=\"visibility: visible;\" role=\"presentation\" height=\"64\" width=\"64\"><span class=\"labelWrapper\"><span>Emoviecons</span></span></div><span data-is-icon=\"true\" class=\"options\"></span>"}, {36fac29c-26f4-41cf-9b98-f0281f2c7216}, {36fac29c-26f4-41cf-9b98-f0281f2c7216}
04-26 20:44:40.311 I/Gecko   (   84): 1398570280319	Marionette	INFO	sendToClient: {"from":"0","value":"<div><img src=\"blob:b6d68fff-0453-4adb-a7c5-9bcdfb4d8978\" style=\"visibility: visible;\" role=\"presentation\" height=\"64\" width=\"64\"><span class=\"labelWrapper mask\"><span>Alien Syncope</span></span></div><span data-is-icon=\"true\" class=\"options\"></span>"}, {eebcded8-75af-471a-ad9c-b5ed65c9067b}, {eebcded8-75af-471a-ad9c-b5ed65c9067b}
04-26 20:44:40.321 I/Gecko   (   84): 1398570280330	Marionette	INFO	sendToClient: {"from":"0","value":"<div><img src=\"blob:5535f2c2-3980-4cde-929f-c5920979171d\" style=\"visibility: visible;\" role=\"presentation\" height=\"64\" width=\"64\"><span class=\"labelWrapper mask\"><span>Doner Kebab</span></span></div><span data-is-icon=\"true\" class=\"options\"></span>"}, {a00b2bdf-d27b-435c-b25e-4ce170e8c435}, {a00b2bdf-d27b-435c-b25e-4ce170e8c435}
04-26 20:44:40.331 I/Gecko   (   84): 1398570280341	Marionette	INFO	sendToClient: {"from":"0","value":"<div><img src=\"blob:23e781ea-468e-45bc-8ab4-70d5d68f1102\" style=\"visibility: visible;\" role=\"presentation\" height=\"64\" width=\"64\"><span class=\"labelWrapper\"><span>Dímelo</span></span></div><span data-is-icon=\"true\" class=\"options\"></span>"}, {452d5820-0494-49c4-9a9c-a12a7db3d3b8}, {452d5820-0494-49c4-9a9c-a12a7db3d3b8}
04-26 20:44:40.351 I/Gecko   (   84): 1398570280361	Marionette	INFO	sendToClient: {"from":"0","value":"<div><img src=\"blob:5f5299d8-a478-46bf-860a-4751b9b4c19d\" style=\"visibility: visible;\" role=\"presentation\" height=\"64\" width=\"64\"><span class=\"labelWrapper\"><span>RoadGueys</span></span></div><span data-is-icon=\"true\" class=\"options\"></span>"}, {0c142345-6706-43bb-9b1e-9c8c9d492729}, {0c142345-6706-43bb-9b1e-9c8c9d492729}
04-26 20:44:40.361 I/Gecko   (   84): 1398570280371	Marionette	INFO	sendToClient: {"from":"0","value":"<div><img src=\"blob:dfb779bc-9f77-43dc-b1bc-986e7b7567da\" style=\"visibility: visible;\" role=\"presentation\" height=\"64\" width=\"64\"><span class=\"labelWrapper\"><span>Digi Crush</span></span></div><span data-is-icon=\"true\" class=\"options\"></span>"}, {5e376ea4-3b7e-41a0-a8a0-e6a66dc6eb3e}, {5e376ea4-3b7e-41a0-a8a0-e6a66dc6eb3e}
04-26 20:44:40.371 I/Gecko   (   84): 1398570280381	Marionette	INFO	sendToClient: {"from":"0","value":"<div><img src=\"blob:68154790-e004-41be-8769-c362c12f87e0\" style=\"visibility: visible;\" role=\"presentation\" height=\"64\" width=\"64\"><span class=\"labelWrapper\"><span>Alfil Negro</span></span></div><span data-is-icon=\"true\" class=\"options\"></span>"}, {ae0b34ac-6ddd-42d9-a1bf-4e7b662950a7}, {ae0b34ac-6ddd-42d9-a1bf-4e7b662950a7}
04-26 20:44:40.381 I/Gecko   (   84): 1398570280392	Marionette	INFO	sendToClient: {"from":"0","value":"<div><img src=\"blob:0722e2b7-c42e-4ffa-b2ce-9095eb7d3e63\" style=\"visibility: visible;\" role=\"presentation\" height=\"64\" width=\"64\"><span class=\"labelWrapper\"><span>Phone</span></span></div>"}, {863bf604-d686-4bec-9e4f-518d237e3224}, {863bf604-d686-4bec-9e4f-518d237e3224}
04-26 20:44:40.401 I/Gecko   (   84): 1398570280403	Marionette	INFO	sendToClient: {"from":"0","value":"<div><img src=\"blob:06f29744-00fd-40cc-9237-368c14160e4a\" style=\"visibility: visible;\" role=\"presentation\" height=\"64\" width=\"64\"><span class=\"labelWrapper\"><span>Messages</span></span></div>"}, {57006983-e8b3-48f9-a79f-3597ef0c815c}, {57006983-e8b3-48f9-a79f-3597ef0c815c}
04-26 20:44:40.411 I/Gecko   (   84): 1398570280416	Marionette	INFO	sendToClient: {"from":"0","value":"<div><img src=\"blob:270815f4-a9ed-478e-a025-059881a8a671\" style=\"visibility: visible;\" role=\"presentation\" height=\"64\" width=\"64\"><span class=\"labelWrapper\"><span>Contacts</span></span></div>"}, {82ba3b0c-030a-42f9-b639-2fb52a144ba2}, {82ba3b0c-030a-42f9-b639-2fb52a144ba2}
04-26 20:44:40.431 I/Gecko   (   84): 1398570280436	Marionette	INFO	sendToClient: {"from":"0","value":"<div><img src=\"blob:73460a25-d3e1-463f-8455-c2ee1db0d1ad\" style=\"visibility: visible;\" role=\"presentation\" height=\"64\" width=\"64\"><span class=\"labelWrapper\"><span>Browser</span></span></div>"}, {89ab6f11-5fde-41e1-8d81-6d9720a0f035}, {89ab6f11-5fde-41e1-8d81-6d9720a0f035}
04-26 20:44:40.441 I/Gecko   (   84): 1398570280445	Marionette	INFO	sendToClient: {"from":"0","value":"app://homescreen.gaiamobile.org/index.html#root"}, {508ab9f3-8c85-4a0d-a39b-0a6f0b57a933}, {508ab9f3-8c85-4a0d-a39b-0a6f0b57a933}
04-26 20:44:40.441 I/Gecko   (   84): 1398570280452	Marionette	DEBUG	Got request: switchToFrame, data: {"to":"0","sessionId":"3-b2g","name":"switchToFrame","parameters":{"id":null,"focus":true}}, id: {a12c2ade-76ed-491b-ae9a-dd96c5f9735e}
04-26 20:44:40.471 I/Gecko   (   84): 1398570280479	Marionette	INFO	Switched to frame: {"frameValue":null}
04-26 20:44:40.581 I/Gecko   (   84): 1398570280592	Marionette	INFO	sendToClient: {"from":"0","ok":true}, {a12c2ade-76ed-491b-ae9a-dd96c5f9735e}, {a12c2ade-76ed-491b-ae9a-dd96c5f9735e}
04-26 20:44:40.591 I/Gecko   (   84): 1398570280598	Marionette	DEBUG	Got request: switchToFrame, data: {"to":"0","sessionId":"3-b2g","name":"switchToFrame","parameters":{"id":null,"focus":true}}, id: {9771cb4f-ad3a-4f84-86ac-1e62961d1e4a}
04-26 20:44:40.591 I/Gecko   (   84): 1398570280600	Marionette	INFO	Switched to frame: {"frameValue":null}
04-26 20:44:40.691 I/Gecko   (   84): 1398570280703	Marionette	INFO	sendToClient: {"from":"0","ok":true}, {9771cb4f-ad3a-4f84-86ac-1e62961d1e4a}, {9771cb4f-ad3a-4f84-86ac-1e62961d1e4a}
04-26 20:44:40.721 I/Gecko   (   84): 1398570280727	Marionette	DEBUG	Got request: executeWithCallback, data: {"to":"0","sessionId":"3-b2g","name":"executeAsyncScript","parameters":{"specialPowers":false,"scriptTimeout":30000,"newSandbox":true,"args":[],"filename":"app_checker.py","script":"GaiaApps.launchWithManifestURL('https://marketplace.firefox.com/app/3141cc47-ca23-4885-b842-3689bd93d23d/manifest.webapp')","line":106}}, id: {57404cfd-4cc7-4d67-84c8-e669689feb2f}
04-26 20:44:41.021 I/Gonk    (   84): Setting nice for pid 568 to 18
04-26 20:44:41.031 I/Gonk    (   84): Changed nice for pid 568 from 18 to 18.
04-26 20:44:41.031 I/Gecko   (   84): [Parent 84] WARNING: waitpid failed pid:568 errno:10: file ../../../gecko/ipc/chromium/src/base/process_util_posix.cc, line 254
04-26 20:44:41.031 I/Gonk    (   84): Setting nice for pid 568 to 1
04-26 20:44:41.031 I/Gonk    (   84): Changed nice for pid 568 from 18 to 1.
04-26 20:44:41.161 E/GeckoConsole(   84): Content JS LOG at dummy file:334 in GaiaApps.launch: launching app with name 'Alfil Negro'
04-26 20:44:41.331 E/[Gralloc-ERROR](   84): int gralloc_register_buffer(const gralloc_module_t*, const native_handle_t*):79 Unable to register handle 0x49898330 coming from different process: 84
04-26 20:44:41.391 E/[Gralloc-ERROR](   84): int gralloc_register_buffer(const gralloc_module_t*, const native_handle_t*):79 Unable to register handle 0x498c8fb0 coming from different process: 84
04-26 20:44:41.391 E/[Gralloc-ERROR](   84): int gralloc_register_buffer(const gralloc_module_t*, const native_handle_t*):79 Unable to register handle 0x4999cc90 coming from different process: 84
04-26 20:44:41.391 E/[Gralloc-ERROR](   84): int gralloc_register_buffer(const gralloc_module_t*, const native_handle_t*):79 Unable to register handle 0x4999cd30 coming from different process: 84
04-26 20:44:41.501 D/Sensors (   84): activate handle=0; drv=0
04-26 20:44:41.521 D/Sensors (   84): Lis3dhSensor: Control set 1
04-26 20:44:41.521 D/Sensors (   84): Lis3dhSensor: mEnabled = 1
04-26 20:44:41.591 I/Gonk    (   84): Setting nice for pid 543 to 18
04-26 20:44:41.591 I/Gonk    (   84): Changed nice for pid 543 from 1 to 18.
04-26 20:44:41.851 I/Gecko   (   84): 
04-26 20:44:41.851 I/Gecko   (   84): ###!!! [Parent][MessageChannel] Error: Channel error: cannot send/recv
04-26 20:44:41.851 I/Gecko   (   84): 
04-26 20:44:41.891 I/Gecko   (   84): [Parent 84] WARNING: pipe error (144): Connection reset by peer: file ../../../gecko/ipc/chromium/src/chrome/common/ipc_channel_posix.cc, line 446
04-26 20:44:41.971 I/GeckoDump(   84): Crash reporter : Can't fetch app.reportCrashes. Exception: [Exception... "Component returned failure code: 0x8000ffff (NS_ERROR_UNEXPECTED) [nsIPrefBranch.getBoolPref]"  nsresult: "0x8000ffff (NS_ERROR_UNEXPECTED)"  location: "JS frame :: chrome://browser/content/shell.js :: shell_reportCrash :: line 7"  data: no]
04-26 20:44:41.981 I/Gecko   (   84): [Parent 84] WARNING: waitpid failed pid:543 errno:10: file ../../../gecko/ipc/chromium/src/base/process_util_posix.cc, line 254
04-26 20:44:42.111 E/GeckoConsole(  568): [JavaScript Warning: "Error in parsing value for 'display'.  Declaration dropped." {file: "app://{16d2f7b0-f6b7-43a8-adff-3e884dc19868}/css/monocore.css" line: 1 column: 633 source: "div.monelem_container{background-color:black}div.monelem_page{background:white;top:0;left:0;bottom:3px;right:5px;border-right:1px solid #999}div.monelem_sheaf{top:1em;left:1em;bottom:1em;right:1em}div.monelem_billboard_container{background:#FFF;position:absolute;top:0;left:0;height:100%;width:100%;z-index:2000;-webkit-transform:scale(0);-moz-transform:scale(0);transform:scale(0);-webkit-transform-origin:0;-moz-transform-origin:0;transform-origin:0}.monelem_billboard_inner{height:100%;width:100%;border:none;overflow:auto}div.monelem_billboard_inner{min-width:100%;min-height:100%;text-align:center;vertical-align:middle;display:-webkit-box;-webkit-box-pack:center;-webkit-box-align:center}div.monelem_billboard_close{position:absolute;top:0;right:0;width:50px;height:30px;color:white;background:#C00;cursor:pointer;border-bottom-left-r
04-26 20:44:42.121 E/GeckoConsole(  568): [JavaScript Warning: "Unknown property '-moz-box-shadow'.  Declaration dropped." {file: "app://{16d2f7b0-f6b7-43a8-adff-3e884dc19868}/css/monocore.css" line: 1 column: 1193 source: "div.monelem_container{background-color:black}div.monelem_page{background:white;top:0;left:0;bottom:3px;right:5px;border-right:1px solid #999}div.monelem_sheaf{top:1em;left:1em;bottom:1em;right:1em}div.monelem_billboard_container{background:#FFF;position:absolute;top:0;left:0;height:100%;width:100%;z-index:2000;-webkit-transform:scale(0);-moz-transform:scale(0);transform:scale(0);-webkit-transform-origin:0;-moz-transform-origin:0;transform-origin:0}.monelem_billboard_inner{height:100%;width:100%;border:none;overflow:auto}div.monelem_billboard_inner{min-width:100%;min-height:100%;text-align:center;vertical-align:middle;display:-webkit-box;-webkit-box-pack:center;-webkit-box-align:center}div.monelem_billboard_close{position:absolute;top:0;right:0;width:50px;height:30px;color:white;background:#C00;cursor:pointer;border-bottom-left-ra
04-26 20:44:42.121 E/GeckoConsole(  568): [JavaScript Warning: "Unknown property '-moz-box-shadow'.  Declaration dropped." {file: "app://{16d2f7b0-f6b7-43a8-adff-3e884dc19868}/css/monocore.css" line: 1 column: 1327 source: "div.monelem_container{background-color:black}div.monelem_page{background:white;top:0;left:0;bottom:3px;right:5px;border-right:1px solid #999}div.monelem_sheaf{top:1em;left:1em;bottom:1em;right:1em}div.monelem_billboard_container{background:#FFF;position:absolute;top:0;left:0;height:100%;width:100%;z-index:2000;-webkit-transform:scale(0);-moz-transform:scale(0);transform:scale(0);-webkit-transform-origin:0;-moz-transform-origin:0;transform-origin:0}.monelem_billboard_inner{height:100%;width:100%;border:none;overflow:auto}div.monelem_billboard_inner{min-width:100%;min-height:100%;text-align:center;vertical-align:middle;display:-webkit-box;-webkit-box-pack:center;-webkit-box-align:center}div.monelem_billboard_close{position:absolute;top:0;right:0;width:50px;height:30px;color:white;background:#C00;cursor:pointer;border-bottom-left-ra
04-26 20:44:42.121 E/GeckoConsole(  568): [JavaScript Warning: "Unknown property '-moz-background-size'.  Declaration dropped." {file: "app://{16d2f7b0-f6b7-43a8-adff-3e884dc19868}/css/monocore.css" line: 1 column: 1791 source: "div.monelem_container{background-color:black}div.monelem_page{background:white;top:0;left:0;bottom:3px;right:5px;border-right:1px solid #999}div.monelem_sheaf{top:1em;left:1em;bottom:1em;right:1em}div.monelem_billboard_container{background:#FFF;position:absolute;top:0;left:0;height:100%;width:100%;z-index:2000;-webkit-transform:scale(0);-moz-transform:scale(0);transform:scale(0);-webkit-transform-origin:0;-moz-transform-origin:0;transform-origin:0}.monelem_billboard_inner{height:100%;width:100%;border:none;overflow:auto}div.monelem_billboard_inner{min-width:100%;min-height:100%;text-align:center;vertical-align:middle;display:-webkit-box;-webkit-box-pack:center;-webkit-box-align:center}div.monelem_billboard_close{position:absolute;top:0;right:0;width:50px;height:30px;color:white;background:#C00;cursor:pointer;border-bottom-le
04-26 20:44:43.121 W/WifiHW  (   84): wifi_command: SIGNAL_POLL
04-26 20:44:43.991 I/Gecko   (   84): [Parent 84] WARNING: waitpid failed pid:543 errno:10: file ../../../gecko/ipc/chromium/src/base/process_util_posix.cc, line 254
04-26 20:44:43.991 I/Gecko   (   84): [Parent 84] WARNING: Failed to deliver SIGKILL to 543!(3).: file ../../../gecko/ipc/chromium/src/chrome/common/process_watcher_posix_sigchld.cc, line 118
04-26 20:44:46.191 I/Gonk    (   84): Setting nice for pid 642 to 18
04-26 20:44:46.191 I/Gonk    (   84): Changed nice for pid 642 from 0 to 18.
04-26 20:44:48.531 W/WifiHW  (   84): wifi_command: SIGNAL_POLL
04-26 20:44:48.671 E/GeckoConsole(  568): [JavaScript Warning: "Expected media feature name but found 'transform-3d'." {file: "app://{16d2f7b0-f6b7-43a8-adff-3e884dc19868}/index.html" line: 1 column: 8 source: "@media (transform-3d),(-webkit-transform-3d),(-moz-transform-3d),(-o-transform-3d),(-ms-transform-3d),(-khtml-monocle__){#monocle_guineapig{height:3px}}"}]
04-26 20:44:48.681 E/GeckoConsole(  568): [JavaScript Warning: "Expected media feature name but found '-webkit-transform-3d'." {file: "app://{16d2f7b0-f6b7-43a8-adff-3e884dc19868}/index.html" line: 1 column: 23 source: "@media (transform-3d),(-webkit-transform-3d),(-moz-transform-3d),(-o-transform-3d),(-ms-transform-3d),(-khtml-monocle__){#monocle_guineapig{height:3px}}"}]
04-26 20:44:48.681 E/GeckoConsole(  568): [JavaScript Warning: "Expected media feature name but found '-moz-transform-3d'." {file: "app://{16d2f7b0-f6b7-43a8-adff-3e884dc19868}/index.html" line: 1 column: 46 source: "@media (transform-3d),(-webkit-transform-3d),(-moz-transform-3d),(-o-transform-3d),(-ms-transform-3d),(-khtml-monocle__){#monocle_guineapig{height:3px}}"}]
04-26 20:44:48.681 E/GeckoConsole(  568): [JavaScript Warning: "Expected media feature name but found '-o-transform-3d'." {file: "app://{16d2f7b0-f6b7-43a8-adff-3e884dc19868}/index.html" line: 1 column: 66 source: "@media (transform-3d),(-webkit-transform-3d),(-moz-transform-3d),(-o-transform-3d),(-ms-transform-3d),(-khtml-monocle__){#monocle_guineapig{height:3px}}"}]
04-26 20:44:48.681 E/GeckoConsole(  568): [JavaScript Warning: "Expected media feature name but found '-ms-transform-3d'." {file: "app://{16d2f7b0-f6b7-43a8-adff-3e884dc19868}/index.html" line: 1 column: 84 source: "@media (transform-3d),(-webkit-transform-3d),(-moz-transform-3d),(-o-transform-3d),(-ms-transform-3d),(-khtml-monocle__){#monocle_guineapig{height:3px}}"}]
04-26 20:44:48.681 E/GeckoConsole(  568): [JavaScript Warning: "Expected media feature name but found '-khtml-monocle__'." {file: "app://{16d2f7b0-f6b7-43a8-adff-3e884dc19868}/index.html" line: 1 column: 103 source: "@media (transform-3d),(-webkit-transform-3d),(-moz-transform-3d),(-o-transform-3d),(-ms-transform-3d),(-khtml-monocle__){#monocle_guineapig{height:3px}}"}]
04-26 20:44:49.281 I/Gonk    (   84): Setting nice for pid 642 to 18
04-26 20:44:49.281 I/Gonk    (   84): Changed nice for pid 642 from 18 to 18.
04-26 20:44:49.281 I/Gecko   (   84): [Parent 84] WARNING: waitpid failed pid:642 errno:10: file ../../../gecko/ipc/chromium/src/base/process_util_posix.cc, line 254
04-26 20:44:49.301 I/Gonk    (   84): Setting nice for pid 642 to 1
04-26 20:44:49.301 I/Gonk    (   84): Changed nice for pid 642 from 18 to 1.
04-26 20:44:49.361 I/Gonk    (   84): Setting nice for pid 642 to 18
04-26 20:44:49.381 I/Gonk    (   84): Changed nice for pid 642 from 1 to 18.
04-26 20:44:49.871 I/Gecko   (   84): [Parent 84] WARNING: pipe error (143): Connection reset by peer: file ../../../gecko/ipc/chromium/src/chrome/common/ipc_channel_posix.cc, line 446
04-26 20:44:49.921 I/Gecko   (   84): 
04-26 20:44:49.921 I/Gecko   (   84): ###!!! [Parent][MessageChannel] Error: Channel error: cannot send/recv
04-26 20:44:49.921 I/Gecko   (   84): 
04-26 20:44:49.931 I/Gecko   (   84): [Parent 84] WARNING: FileDescriptorSet destroyed with unconsumed descriptors: file ../../../gecko/ipc/chromium/src/chrome/common/file_descriptor_set_posix.cc, line 20
04-26 20:44:49.981 E/GeckoConsole(   84): Content JS LOG at dummy file:326 in GaiaApps.launch/appOpen/<: app with origin 'app://{16d2f7b0-f6b7-43a8-adff-3e884dc19868}' has launched
04-26 20:44:49.991 I/Gecko   (   84): 1398570289995	Marionette	INFO	sendToClient: {"from":"0","value":{"frame":{"ELEMENT":"{60c350df-6b1b-4e0b-a17d-e7556bf310fb}"},"src":"app://{16d2f7b0-f6b7-43a8-adff-3e884dc19868}/index.html","name":"Alfil Negro","origin":"app://{16d2f7b0-f6b7-43a8-adff-3e884dc19868}"}}, {57404cfd-4cc7-4d67-84c8-e669689feb2f}, {57404cfd-4cc7-4d67-84c8-e669689feb2f}
04-26 20:44:50.001 I/Gecko   (   84): 
04-26 20:44:50.001 I/Gecko   (   84): ###!!! [Parent][MessageChannel] Error: Channel error: cannot send/recv
04-26 20:44:50.001 I/Gecko   (   84): 
04-26 20:44:50.091 I/GeckoDump(   84): Crash reporter : Can't fetch app.reportCrashes. Exception: [Exception... "Component returned failure code: 0x8000ffff (NS_ERROR_UNEXPECTED) [nsIPrefBranch.getBoolPref]"  nsresult: "0x8000ffff (NS_ERROR_UNEXPECTED)"  location: "JS frame :: chrome://browser/content/shell.js :: shell_reportCrash :: line 7"  data: no]
04-26 20:44:50.091 E/[Gralloc-ERROR](   84): int gralloc_unregister_buffer(const gralloc_module_t*, const native_handle_t*):274 Trying to unregister buffer 0x49898330 from process 84 that was not created in current process: 84
04-26 20:44:50.091 E/[Gralloc-ERROR](   84): int gralloc_unregister_buffer(const gralloc_module_t*, const native_handle_t*):274 Trying to unregister buffer 0x498c8fb0 from process 84 that was not created in current process: 84
04-26 20:44:50.101 E/[Gralloc-ERROR](   84): int gralloc_unregister_buffer(const gralloc_module_t*, const native_handle_t*):274 Trying to unregister buffer 0x4999cd30 from process 84 that was not created in current process: 84
04-26 20:44:50.101 E/[Gralloc-ERROR](   84): int gralloc_unregister_buffer(const gralloc_module_t*, const native_handle_t*):274 Trying to unregister buffer 0x4999cc90 from process 84 that was not created in current process: 84
04-26 20:44:50.101 I/Gecko   (   84): [Parent 84] WARNING: waitpid failed pid:642 errno:10: file ../../../gecko/ipc/chromium/src/base/process_util_posix.cc, line 254
04-26 20:44:50.131 I/Gecko   (   84): 1398570290136	Marionette	DEBUG	Got request: switchToFrame, data: {"to":"0","sessionId":"3-b2g","name":"switchToFrame","parameters":{"focus":true,"element":"{60c350df-6b1b-4e0b-a17d-e7556bf310fb}"}}, id: {3f92c186-c739-4dcc-84b1-789ae12fe17f}
04-26 20:44:50.151 E/GeckoConsole(  568): [JavaScript Warning: "Unknown property 'column-width'.  Declaration dropped." {file: "javascript:'<!DOCTYPE%20html><html><head><meta%20name="time"%20content="1398570288887"%20/><style>div{display:inline-block;line-height:100px;width:100px}</style></head><body><div>Page%201</div><div>Page%202</div><div>Page%203</div><div>Page%204</div></body></html>'" line: 0 column: 267 source: "margin:0;padding:0;position:absolute;height:100%;width:100%;-webkit-column-width:100px;-webkit-column-gap:0;-webkit-column-fill:auto;-moz-column-width:100px;-moz-column-gap:0;-moz-column-fill:auto;-o-column-width:100px;-o-column-gap:0;-o-column-fill:auto;column-width:100px;column-gap:0;column-fill:auto"}]
04-26 20:44:50.151 E/GeckoConsole(  568): [JavaScript Warning: "Unknown property 'column-gap'.  Declaration dropped." {file: "javascript:'<!DOCTYPE%20html><html><head><meta%20name="time"%20content="1398570288887"%20/><style>div{display:inline-block;line-height:100px;width:100px}</style></head><body><div>Page%201</div><div>Page%202</div><div>Page%203</div><div>Page%204</div></body></html>'" line: 0 column: 284 source: "margin:0;padding:0;position:absolute;height:100%;width:100%;-webkit-column-width:100px;-webkit-column-gap:0;-webkit-column-fill:auto;-moz-column-width:100px;-moz-column-gap:0;-moz-column-fill:auto;-o-column-width:100px;-o-column-gap:0;-o-column-fill:auto;column-width:100px;column-gap:0;column-fill:auto"}]
04-26 20:44:50.151 E/GeckoConsole(  568): [JavaScript Warning: "Unknown property 'column-fill'.  Declaration dropped." {file: "javascript:'<!DOCTYPE%20html><html><head><meta%20name="time"%20content="1398570288887"%20/><style>div{display:inline-block;line-height:100px;width:100px}</style></head><body><div>Page%201</div><div>Page%202</div><div>Page%203</div><div>Page%204</div></body></html>'" line: 0 column: 298 source: "margin:0;padding:0;position:absolute;height:100%;width:100%;-webkit-column-width:100px;-webkit-column-gap:0;-webkit-column-fill:auto;-moz-column-width:100px;-moz-column-gap:0;-moz-column-fill:auto;-o-column-width:100px;-o-column-gap:0;-o-column-fill:auto;column-width:100px;column-gap:0;column-fill:auto"}]
04-26 20:44:50.181 I/Gecko   (   84): 1398570290188	Marionette	INFO	Switched to frame: {"frameValue":"{60c350df-6b1b-4e0b-a17d-e7556bf310fb}"}
04-26 20:44:50.181 I/Gecko   (   84): 1398570290191	Marionette	INFO	trying remote frame 0
04-26 20:44:50.181 I/Gecko   (   84): 1398570290192	Marionette	INFO	deleting frame
04-26 20:44:50.201 I/Gecko   (   84): 1398570290204	Marionette	INFO	frame-manager load script: [object ChromeMessageSender]
04-26 20:44:50.761 I/Gecko   (   84): 1398570290768	Marionette	INFO	sendToClient: {"from":"0","ok":true}, {3f92c186-c739-4dcc-84b1-789ae12fe17f}, {3f92c186-c739-4dcc-84b1-789ae12fe17f}
04-26 20:44:50.801 I/Gecko   (   84): 1398570290813	Marionette	INFO	sendToClient: {"from":"0","value":"app://{16d2f7b0-f6b7-43a8-adff-3e884dc19868}/index.html"}, {1a5b0d77-913c-4b16-9f9f-e10ed7586a81}, {1a5b0d77-913c-4b16-9f9f-e10ed7586a81}
04-26 20:44:50.811 I/Gecko   (   84): 1398570290819	Marionette	DEBUG	Got request: execute, data: {"to":"0","sessionId":"3-b2g","name":"executeScript","parameters":{"specialPowers":false,"scriptTimeout":null,"newSandbox":true,"args":[],"filename":"app_checker.py","script":"return window.document.readyState;","line":191}}, id: {6140bf15-923d-4697-bfaa-fe9a7bc43712}
04-26 20:44:50.911 I/Gecko   (   84): 1398570290922	Marionette	INFO	sendToClient: {"from":"0","value":"complete"}, {6140bf15-923d-4697-bfaa-fe9a7bc43712}, {6140bf15-923d-4697-bfaa-fe9a7bc43712}
04-26 20:44:50.931 E/GeckoConsole(  568): [JavaScript Warning: "Unknown property 'column-width'.  Declaration dropped." {file: "javascript:'<!DOCTYPE%20html><html><head><meta%20name="time"%20content="1398570290198"%20/><style>div{display:inline-block;line-height:100px;width:100px}</style></head><body><div>Page%201</div><div>Page%202</div><div>Page%203</div><div>Page%204</div></body></html>'" line: 0 column: 267 source: "margin:0;padding:0;position:absolute;height:100%;width:100%;-webkit-column-width:100px;-webkit-column-gap:0;-webkit-column-fill:auto;-moz-column-width:100px;-moz-column-gap:0;-moz-column-fill:auto;-o-column-width:100px;-o-column-gap:0;-o-column-fill:auto;column-width:100px;column-gap:0;column-fill:auto"}]
04-26 20:44:50.931 E/GeckoConsole(  568): [JavaScript Warning: "Unknown property 'column-gap'.  Declaration dropped." {file: "javascript:'<!DOCTYPE%20html><html><head><meta%20name="time"%20content="1398570290198"%20/><style>div{display:inline-block;line-height:100px;width:100px}</style></head><body><div>Page%201</div><div>Page%202</div><div>Page%203</div><div>Page%204</div></body></html>'" line: 0 column: 284 source: "margin:0;padding:0;position:absolute;height:100%;width:100%;-webkit-column-width:100px;-webkit-column-gap:0;-webkit-column-fill:auto;-moz-column-width:100px;-moz-column-gap:0;-moz-column-fill:auto;-o-column-width:100px;-o-column-gap:0;-o-column-fill:auto;column-width:100px;column-gap:0;column-fill:auto"}]
04-26 20:44:50.931 E/GeckoConsole(  568): [JavaScript Warning: "Unknown property 'column-fill'.  Declaration dropped." {file: "javascript:'<!DOCTYPE%20html><html><head><meta%20name="time"%20content="1398570290198"%20/><style>div{display:inline-block;line-height:100px;width:100px}</style></head><body><div>Page%201</div><div>Page%202</div><div>Page%203</div><div>Page%204</div></body></html>'" line: 0 column: 298 source: "margin:0;padding:0;position:absolute;height:100%;width:100%;-webkit-column-width:100px;-webkit-column-gap:0;-webkit-column-fill:auto;-moz-column-width:100px;-moz-column-gap:0;-moz-column-fill:auto;-o-column-width:100px;-o-column-gap:0;-o-column-fill:auto;column-width:100px;column-gap:0;column-fill:auto"}]
04-26 20:44:51.011 I/Gecko   (   84): 1398570291015	Marionette	INFO	sendToClient: {"from":"0","value":"app://{16d2f7b0-f6b7-43a8-adff-3e884dc19868}/index.html"}, {a406fafa-d0cb-4443-8beb-f521f9df4e12}, {a406fafa-d0cb-4443-8beb-f521f9df4e12}
04-26 20:44:51.031 I/Gecko   (  568): Attempting load of libEGL.so
04-26 20:44:51.131 D/libEGL  (  568): loaded /system/lib/egl/libEGL_mali.so
04-26 20:44:51.171 D/libEGL  (  568): loaded /system/lib/egl/libGLESv1_CM_mali.so
04-26 20:44:51.171 D/libEGL  (  568): loaded /system/lib/egl/libGLESv2_mali.so
04-26 20:44:51.231 I/Gecko   (  568): SharedSurface_Gralloc::Create -------
04-26 20:44:51.281 I/Gecko   (  568): SharedSurface_Gralloc::Create: success -- surface 0x43606a00, GraphicBuffer 0x436f1800.
04-26 20:44:52.101 I/Gecko   (   84): [Parent 84] WARNING: waitpid failed pid:642 errno:10: file ../../../gecko/ipc/chromium/src/base/process_util_posix.cc, line 254
04-26 20:44:52.101 I/Gecko   (   84): [Parent 84] WARNING: Failed to deliver SIGKILL to 642!(3).: file ../../../gecko/ipc/chromium/src/chrome/common/process_watcher_posix_sigchld.cc, line 118
04-26 20:44:52.891 I/Gecko   (   84): 1398570292829	Marionette	INFO	sendToClient: {"from":"0","value":"iVBORw0KGgoAAAANSUhEUgAAAUAAAAHMCAYAAACk4nEJAAAgAElEQVR4nOxddVhUWRu/M8BQUoKCoKAoqCACFjagYmC75tqBta5rt6Jifcbaa6Bg7NpNd5coIYqEChIqrdQQM/P7/rhwh8uAoMKMMe/z/B5l7rnnnvec9773xBsEQRAQQwwxxPgeIGwiRM2wGGKIIUY1xApQDDHE+GUhVoBiiCHGLwuxAhRDDDF+WYgVoBhiiPHLQqwAxRBDjF8WYgUohhhi/LIQK0AxxBDjl4VYAYohhhi/LMQKUAwxxPhlIVaAYoghxi8LsQIUQwwxflmIFaAYYojxy0KsAMUQQ4xfFmIFKIYYjQHjO2iDGE0OsQIUQ4wqtNFoAzMzM7RSbyV4XawAf0qIFaAYIoWysjIUlRShrKwMeXl5MBgMgTIsFgtGRkYwMTGBibEJzM3NYW5ujp49ewqUlZeXR3ej7jA2Noaevh60dbShraONdu3aNdgWQwND3Lp1C+AC4AFJiUm4eOEiJk2YJPJ+EqN5IFaAYnwdGMTnZ0X1XJORkYHlUEts2rQJR48exZ3bd3Dz1k3cuXkHV/+9ioMHD2LenHnQ1tam6mkh3wLz5s1DwssEZKRnAABSUlOwdNlSgWdpaGjAzdUNaWlpiI2NRUhICLy8vHDgwIFG8TV02FBKWNlsNhbbLIaiomKj7lVRVqlTgTe2b8QQPsQKUIwvB7Pq34aUYA0wmUyMGD4Cb1+/RWlpKTgcDl0yeFX/8HgoLy9HYWEh3F3dcfXSVRAEAQaDgYT4BKDqNhc3FygpKdGeoaWjhVu3b6GsrIyq8/q16+hq2BWysrKNaufKlSupJuXl5mHwoMGN7pdRo0fh/fv38HTzxJZNWzBo4CDRj5UYn4WwiRA1w2J8HZSUldCjZw+MGDECNjY22LZ1G7Zu2YoNGzfg999/x6DBg9BSrSX9Pi
04-26 20:44:53.861 E/GeckoConsole(  568): [JavaScript Warning: "Unknown property 'column-width'.  Declaration dropped." {file: "javascript:'<!DOCTYPE%20html><html><head><meta%20name="time"%20content="1398570291007"%20/><style>div{display:inline-block;line-height:100px;width:100px}</style></head><body><div>Page%201</div><div>Page%202</div><div>Page%203</div><div>Page%204</div></body></html>'" line: 0 column: 267 source: "margin:0;padding:0;position:absolute;height:100%;width:100%;-webkit-column-width:100px;-webkit-column-gap:0;-webkit-column-fill:auto;-moz-column-width:100px;-moz-column-gap:0;-moz-column-fill:auto;-o-column-width:100px;-o-column-gap:0;-o-column-fill:auto;column-width:100px;column-gap:0;column-fill:auto"}]
04-26 20:44:53.881 E/GeckoConsole(  568): [JavaScript Warning: "Unknown property 'column-gap'.  Declaration dropped." {file: "javascript:'<!DOCTYPE%20html><html><head><meta%20name="time"%20content="1398570291007"%20/><style>div{display:inline-block;line-height:100px;width:100px}</style></head><body><div>Page%201</div><div>Page%202</div><div>Page%203</div><div>Page%204</div></body></html>'" line: 0 column: 284 source: "margin:0;padding:0;position:absolute;height:100%;width:100%;-webkit-column-width:100px;-webkit-column-gap:0;-webkit-column-fill:auto;-moz-column-width:100px;-moz-column-gap:0;-moz-column-fill:auto;-o-column-width:100px;-o-column-gap:0;-o-column-fill:auto;column-width:100px;column-gap:0;column-fill:auto"}]
04-26 20:44:53.881 E/GeckoConsole(  568): [JavaScript Warning: "Unknown property 'column-fill'.  Declaration dropped." {file: "javascript:'<!DOCTYPE%20html><html><head><meta%20name="time"%20content="1398570291007"%20/><style>div{display:inline-block;line-height:100px;width:100px}</style></head><body><div>Page%201</div><div>Page%202</div><div>Page%203</div><div>Page%204</div></body></html>'" line: 0 column: 298 source: "margin:0;padding:0;position:absolute;height:100%;width:100%;-webkit-column-width:100px;-webkit-column-gap:0;-webkit-column-fill:auto;-moz-column-width:100px;-moz-column-gap:0;-moz-column-fill:auto;-o-column-width:100px;-o-column-gap:0;-o-column-fill:auto;column-width:100px;column-gap:0;column-fill:auto"}]
04-26 20:44:56.971 D/Sensors (   84): SensorTMD2771::readEvents()======data_fd=53,count=16
