--------- beginning of /dev/log/system
04-26 12:34:56.810 I/Vold    (   78): Vold 2.1 (the revenge) firing up
04-26 12:34:56.810 D/Vold    (   78): Volume sdcard state changing -1 (Initializing) -> 0 (No-Media)
04-26 12:34:56.900 D/Vold    (   78): Volume sdcard state changing 0 (No-Media) -> 2 (Pending)
04-26 12:34:56.900 D/Vold    (   78): Volume sdcard state changing 2 (Pending) -> 1 (Idle-Unmounted)
04-26 12:35:01.720 D/VoldCmdListener(   78): volume list
04-26 12:35:01.730 D/VoldCmdListener(   78): volume mount sdcard
04-26 12:35:01.730 I/Vold    (   78): /dev/block/vold/179:1 being considered for volume sdcard
04-26 12:35:01.730 D/Vold    (   78): Volume sdcard state changing 1 (Idle-Unmounted) -> 3 (Checking)
04-26 12:35:01.730 W/Vold    (   78): Skipping fs checks
04-26 12:35:01.780 I/Vold    (   78): Device /dev/block/vold/179:1, target /mnt/sdcard mounted @ /mnt/secure/staging
04-26 12:35:01.780 D/Vold    (   78): Volume sdcard state changing 3 (Checking) -> 4 (Mounted)
--------- beginning of /dev/log/main
04-26 12:35:03.010 I/InputReader(   84): Device added: id=6, name='ms-msg21xx', sources=0x00001103
04-26 12:35:03.010 I/InputReader(   84): Device added: id=0, name='sprd-keypad', sources=0x00000101
04-26 12:35:03.010 I/InputReader(   84): Device added: id=2, name='headset-keyboard', sources=0x00000101
04-26 12:35:03.140 D/BTWIFIMAC(   96): read_btwifimac_from_modem
04-26 12:35:03.140 D/BTWIFIMAC(   96): read_btwifimac_from_modem modem_fd=7
04-26 12:35:03.140 D/BTWIFIMAC(   96): ===========BT MAC===========
04-26 12:35:03.140 D/BTWIFIMAC(   96): read_btwifimac_from_modem: send 39,1,AT+SNVM=0,401
04-26 12:35:03.140 D/BTWIFIMAC(   96): send_to_modem
04-26 12:35:03.140 D/BTWIFIMAC(   96): recv_from_modem: Waiting modem response ... fd=7
04-26 12:35:03.140 D/SPRDENG (  155): eng_servermodem_comm: use SIM1 /dev/CHNPTY13
04-26 12:35:03.140 D/SPRDENG (  155): AT > AT+SNVM=0,401
04-26 12:35:03.140 D/SPRDENG (  155): 41
04-26 12:35:03.140 D/SPRDENG (  155): 54
04-26 12:35:03.140 D/SPRDENG (  155): 2b
04-26 12:35:03.140 D/SPRDENG (  155): 53
04-26 12:35:03.140 D/SPRDENG (  155): 4e
04-26 12:35:03.140 D/SPRDENG (  155): 56
04-26 12:35:03.140 D/SPRDENG (  155): 4d
04-26 12:35:03.140 D/SPRDENG (  155): 3d
04-26 12:35:03.140 D/SPRDENG (  155): 30
04-26 12:35:03.140 D/SPRDENG (  155): 2c
04-26 12:35:03.140 D/SPRDENG (  155): 34
04-26 12:35:03.140 D/SPRDENG (  155): 30
04-26 12:35:03.140 D/SPRDENG (  155): 31
04-26 12:35:03.140 D/SPRDENG (  155): eng_modem2server: use SIM1 /dev/CHNPTY13
04-26 12:35:03.140 D/SPRDENG (  155): AT < 
04-26 12:35:03.140 D/SPRDENG (  155): +SNVM: 8,FFFFFFFFFFFF2500
04-26 12:35:03.140 D/SPRDENG (  155): 
04-26 12:35:03.140 D/SPRDENG (  155): OK
04-26 12:35:03.140 D/SPRDENG (  155): 
04-26 12:35:03.140 D/BTWIFIMAC(   96): recv_from_modem: Receive 1 Modem Response
04-26 12:35:03.140 D/BTWIFIMAC(   96): read_btwifimac_from_modem: BT timeout=35, response=
04-26 12:35:03.140 D/BTWIFIMAC(   96): +SNVM: 8,FFFFFFFFFFFF2500
04-26 12:35:03.140 D/BTWIFIMAC(   96): 
04-26 12:35:03.140 D/BTWIFIMAC(   96): OK
04-26 12:35:03.140 D/BTWIFIMAC(   96): 
04-26 12:35:03.240 D/BTWIFIMAC(   96): get_macaddress: mac address is FF:FF:FF:FF:FF:FF
04-26 12:35:03.240 D/BTWIFIMAC(   96): ===========WIFI MAC===========
04-26 12:35:03.240 D/BTWIFIMAC(   96): read_btwifimac_from_modem: send 39,1,AT+SNVM=0,409
04-26 12:35:03.240 D/BTWIFIMAC(   96): send_to_modem
04-26 12:35:03.240 D/BTWIFIMAC(   96): recv_from_modem: Waiting modem response ... fd=7
04-26 12:35:03.240 D/SPRDENG (  155): eng_servermodem_comm: use SIM1 /dev/CHNPTY13
04-26 12:35:03.240 D/SPRDENG (  155): AT > AT+SNVM=0,409
04-26 12:35:03.240 D/SPRDENG (  155): 41
04-26 12:35:03.240 D/SPRDENG (  155): 54
04-26 12:35:03.240 D/SPRDENG (  155): 2b
04-26 12:35:03.240 D/SPRDENG (  155): 53
04-26 12:35:03.240 D/SPRDENG (  155): 4e
04-26 12:35:03.240 D/SPRDENG (  155): 56
04-26 12:35:03.240 D/SPRDENG (  155): 4d
04-26 12:35:03.240 D/SPRDENG (  155): 3d
04-26 12:35:03.240 D/SPRDENG (  155): 30
04-26 12:35:03.240 D/SPRDENG (  155): 2c
04-26 12:35:03.240 D/SPRDENG (  155): 34
04-26 12:35:03.240 D/SPRDENG (  155): 30
04-26 12:35:03.240 D/SPRDENG (  155): 39
04-26 12:35:03.240 D/SPRDENG (  155): eng_modem2server: use SIM1 /dev/CHNPTY13
04-26 12:35:03.240 D/SPRDENG (  155): AT < 
04-26 12:35:03.240 D/SPRDENG (  155): +SNVM: 20,FFFFFFFFFFFF0000000000000000000000000000
04-26 12:35:03.240 D/SPRDENG (  155): 
04-26 12:35:03.240 D/SPRDENG (  155): OK
04-26 12:35:03.240 D/SPRDENG (  155): 
04-26 12:35:03.240 D/BTWIFIMAC(   96): recv_from_modem: Receive 1 Modem Response
04-26 12:35:03.240 D/BTWIFIMAC(   96): read_btwifimac_from_modem: WIFI timeout=60, response=
04-26 12:35:03.240 D/BTWIFIMAC(   96): +SNVM: 20,FFFFFFFFFFFF0000000000000000000000000000
04-26 12:35:03.240 D/BTWIFIMAC(   96): 
04-26 12:35:03.240 D/BTWIFIMAC(   96): OK
04-26 12:35:03.240 D/BTWIFIMAC(   96): 
04-26 12:35:03.240 D/BTWIFIMAC(   96): get_macaddress: mac address is FF:FF:FF:FF:FF:FF
04-26 12:35:03.240 D/BTWIFIMAC(   96): bt_ok:0 wifi_ok:0 
04-26 12:35:03.240 D/BTWIFIMAC(   96): +mac_rand+
04-26 12:35:03.240 D/BTWIFIMAC(   96): mac_rand: /data/rand_mac.txt exists
04-26 12:35:03.240 D/BTWIFIMAC(   96): mac_rand: read /data/rand_mac.txt 00:65:51:4d:eb:0e;00:df:2e:66:ac:0a
04-26 12:35:03.240 D/BTWIFIMAC(   96): mac_rand: read btmac=00:65:51:4d:eb:0e, wifimac=00:df:2e:66:ac:0a
04-26 12:35:03.240 D/BTWIFIMAC(   96): property ro.mac.wifi=00:df:2e:66:ac:0a, ro.mac.bluetooth=00:65:51:4d:eb:0e
04-26 12:35:03.240 D/BTWIFIMAC(   96): write_mac2file: mac=00:df:2e:66:ac:0a, fd[/data/wifimac.txt]=9
04-26 12:35:03.250 D/BTWIFIMAC(   96): write_mac2file: mac=00:65:51:4d:eb:0e, fd[/data/btmac.txt]=9
04-26 12:35:03.250 D/BTWIFIMAC(   96): begin to run  trout_genpskey
04-26 12:35:03.250 D/BTWIFIMAC(   96): run trout_genpskey, ret=0
04-26 12:35:03.260 D/pskey_bt(  329): set BT mac
04-26 12:35:03.260 D/pskey_bt(  329): main, bt_mac from nv:
04-26 12:35:03.260 D/pskey_bt(  329): get_pskey_from_file
04-26 12:35:03.260 D/pskey_bt(  329): open bt pskey structure file fd=7
04-26 12:35:03.260 D/pskey_bt(  329): buf from pskey file:2048
04-26 12:35:03.290 D/pskey_bt(  329): parser_pskey_info
04-26 12:35:03.290 D/pskey_bt(  329): char:0, 0
04-26 12:35:03.290 D/pskey_bt(  329): get_one_item(data) = 0x0
04-26 12:35:03.290 D/pskey_bt(  329): get_next_u8: here:0
04-26 12:35:03.290 D/pskey_bt(  329): char:1, 1
04-26 12:35:03.290 D/pskey_bt(  329): get_one_item(data) = 0x1
04-26 12:35:03.290 D/pskey_bt(  329): get_next_u8: here:1
04-26 12:35:03.290 D/pskey_bt(  329): char:1, 1
04-26 12:35:03.290 D/pskey_bt(  329): get_one_item(data) = 0x1
04-26 12:35:03.290 D/pskey_bt(  329): get_next_u8: here:1
04-26 12:35:03.290 D/pskey_bt(  329): char:1, 1
04-26 12:35:03.290 D/pskey_bt(  329): get_one_item(data) = 0x1
04-26 12:35:03.290 D/pskey_bt(  329): get_next_u8: here:1
04-26 12:35:03.290 D/pskey_bt(  329): char:0, 0
04-26 12:35:03.290 D/pskey_bt(  329): char:1, 1
04-26 12:35:03.290 D/pskey_bt(  329): char:8, 8
04-26 12:35:03.290 D/pskey_bt(  329): char:C, C
04-26 12:35:03.290 D/pskey_bt(  329): char:B, B
04-26 12:35:03.290 D/pskey_bt(  329): char:A, A
04-26 12:35:03.290 D/pskey_bt(  329): char:8, 8
04-26 12:35:03.290 D/pskey_bt(  329): char:0, 0
04-26 12:35:03.290 D/pskey_bt(  329): get_one_item(data) = 0x18cba80
04-26 12:35:03.290 D/pskey_bt(  329): get_next_u32: here:18cba80
04-26 12:35:03.290 D/pskey_bt(  329): char:1, 1
04-26 12:35:03.290 D/pskey_bt(  329): char:f, f
04-26 12:35:03.290 D/pskey_bt(  329): char:0, 0
04-26 12:35:03.290 D/pskey_bt(  329): char:0, 0
04-26 12:35:03.290 D/pskey_bt(  329): get_one_item(data) = 0x1f00
04-26 12:35:03.290 D/pskey_bt(  329): get_next_u32: here:1f00
04-26 12:35:03.290 D/pskey_bt(  329): char:1, 1
04-26 12:35:03.290 D/pskey_bt(  329): char:E, E
04-26 12:35:03.290 D/pskey_bt(  329): get_one_item(data) = 0x1e
04-26 12:35:03.290 D/pskey_bt(  329): get_next_u32: here:1e
04-26 12:35:03.290 D/pskey_bt(  329): char:7, 7
04-26 12:35:03.290 D/pskey_bt(  329): char:B, B
04-26 12:35:03.290 D/pskey_bt(  329): char:0, 0
04-26 12:35:03.290 D/pskey_bt(  329): char:0, 0
04-26 12:35:03.290 D/pskey_bt(  329): char:7, 7
04-26 12:35:03.290 D/pskey_bt(  329): char:C, C
04-26 12:35:03.290 D/pskey_bt(  329): get_one_item(data) = 0x7b007c
04-26 12:35:03.290 D/pskey_bt(  329): get_next_u32: here:7b007c
04-26 12:35:03.290 D/pskey_bt(  329): char:3, 3
04-26 12:35:03.290 D/pskey_bt(  329): char:7, 7
04-26 12:35:03.290 D/pskey_bt(  329): char:0, 0
04-26 12:35:03.290 D/pskey_bt(  329): char:0, 0
04-26 12:35:03.290 D/pskey_bt(  329): char:7, 7
04-26 12:35:03.290 D/pskey_bt(  329): char:A, A
04-26 12:35:03.290 D/pskey_bt(  329): get_one_item(data) = 0x37007a
04-26 12:35:03.290 D/pskey_bt(  329): get_next_u32: here:37007a
04-26 12:35:03.290 D/pskey_bt(  329): char:3, 3
04-26 12:35:03.290 D/pskey_bt(  329): char:5, 5
04-26 12:35:03.290 D/pskey_bt(  329): char:0, 0
04-26 12:35:03.290 D/pskey_bt(  329): char:0, 0
04-26 12:35:03.290 D/pskey_bt(  329): char:3, 3
04-26 12:35:03.290 D/pskey_bt(  329): char:6, 6
04-26 12:35:03.290 D/pskey_bt(  329): get_one_item(data) = 0x350036
04-26 12:35:03.290 D/pskey_bt(  329): get_next_u32: here:350036
04-26 12:35:03.290 D/pskey_bt(  329): char:2, 2
04-26 12:35:03.290 D/pskey_bt(  329): char:9, 9
04-26 12:35:03.290 D/pskey_bt(  329): char:0, 0
04-26 12:35:03.290 D/pskey_bt(  329): char:0, 0
04-26 12:35:03.290 D/pskey_bt(  329): char:3, 3
04-26 12:35:03.290 D/pskey_bt(  329): char:4, 4
04-26 12:35:03.290 D/pskey_bt(  329): get_one_item(data) = 0x290034
04-26 12:35:03.290 D/pskey_bt(  329): get_next_u32: here:290034
04-26 12:35:03.290 D/pskey_bt(  329): char:0, 0
04-26 12:35:03.290 D/pskey_bt(  329): char:A, A
04-26 12:35:03.290 D/pskey_bt(  329): char:0, 0
04-26 12:35:03.290 D/pskey_bt(  329): char:0, 0
04-26 12:35:03.290 D/pskey_bt(  329): char:2, 2
04-26 12:35:03.290 D/pskey_bt(  329): char:8, 8
04-26 12:35:03.290 D/pskey_bt(  329): get_one_item(data) = 0xa0028
04-26 12:35:03.290 D/pskey_bt(  329): get_next_u32: here:a0028
04-26 12:35:03.290 D/pskey_bt(  329): char:0, 0
04-26 12:35:03.290 D/pskey_bt(  329): char:0, 0
04-26 12:35:03.290 D/pskey_bt(  329): char:0, 0
04-26 12:35:03.290 D/pskey_bt(  329): char:6, 6
04-26 12:35:03.290 D/pskey_bt(  329): char:0, 0
04-26 12:35:03.290 D/pskey_bt(  329): char:0, 0
04-26 12:35:03.290 D/pskey_bt(  329): char:0, 0
04-26 12:35:03.290 D/pskey_bt(  329): char:9, 9
04-26 12:35:03.290 D/pskey_bt(  329): get_one_item(data) = 0x60009
04-26 12:35:03.290 D/pskey_bt(  329): get_next_u32: here:60009
04-26 12:35:03.290 D/pskey_bt(  329): end of buff, str=},
04-26 12:35:03.290 D/pskey_bt(  329): {0x0B,0x0A,0x09, 0x08, 0x07},
04-26 12:35:03.290 D/pskey_bt(  329): {0xFF, 0xFF, 0x8D, 0xFE, 0x9B, 0x3F, 0x79, 0x83,
04-26 12:35:03.290 D/pskey_bt(  329):   0xFF, 0xA7, 0xFF, 0x7F, 0x00, 0xE0, 0xF7, 0x3E},
04-26 12:35:03.290 D/pskey_bt(  329): {0xFF, 0xFF, 0xFF, 0xFF, 0xFF, 0xFF},
04-26 12:35:03.290 D/pskey_bt(  329): 0,
04-26 12:35:03.290 D/pskey_bt(  329): 1,
04-26 12:35:03.290 D/pskey_bt(  329): 5,
04-26 12:35:03.290 D/pskey_bt(  329): 0xE,
04-26 12:35:03.290 D/pskey_bt(  329): 1,
04-26 12:35:03.290 D/pskey_bt(  329): 1,
04-26 12:35:03.290 D/pskey_bt(  329): 0x50000000,
04-26 12:35:03.290 D/pskey_bt(  329): 0x50000150,
04-26 12:35:03.290 D/pskey_bt(  329): 0x50000150,
04-26 12:35:03.290 D/pskey_bt(  329): 0x50000154,
04-26 12:35:03.290 D/pskey_bt(  329): 0xFFFFFFFF,
04-26 12:35:03.290 D/pskey_bt(  329): 0x100,
04-26 12:35:03.290 D/pskey_bt(  329): 0xA0,
04-26 12:35:03.290 D/pskey_bt(  329): 0xDC,
04-26 12:35:03.290 D/pskey_bt(  329): 0x20,
04-26 12:35:03.290 D/pskey_bt(  329): 0x55,
04-26 12:35:03.290 D/pskey_bt(  329): 0x64,
04-26 12:35:03.290 D/pskey_bt(  329): 0,
04-26 12:35:03.290 D/pskey_bt(  329): 0x8,
04-26 12:35:03.290 D/pskey_bt(  329): 0x13C,
04-26 12:35:03.290 D/pskey_bt(  329): 0x2,
04-26 12:35:03.290 D/pskey_bt(  329): 0xD704,
04-26 12:35:03.290 D/pskey_bt(  329): 0x88888888,
04-26 12:35:03.290 D/pskey_bt(  329): 0x6,
04-26 12:35:03.290 D/pskey_bt(  329): 0x0,
04-26 12:35:03.290 D/pskey_bt(  329): {0x0001,0x0000,0x0000,0x0000,0x0000,0x0000,0x0000,0x0000,0x0000
04-26 12:35:03.290 D/pskey_bt(  329): char:0, 0
04-26 12:35:03.290 D/pskey_bt(  329): char:B, B
04-26 12:35:03.290 D/pskey_bt(  329): get_one_item(data) = 0xb
04-26 12:35:03.290 D/pskey_bt(  329): get_next_u32: here:b
04-26 12:35:03.290 D/pskey_bt(  329): char:0, 0
04-26 12:35:03.290 D/pskey_bt(  329): char:A, A
04-26 12:35:03.290 D/pskey_bt(  329): get_one_item(data) = 0xa
04-26 12:35:03.290 D/pskey_bt(  329): get_next_u32: here:a
04-26 12:35:03.290 D/pskey_bt(  329): char:0, 0
04-26 12:35:03.290 D/pskey_bt(  329): char:9, 9
04-26 12:35:03.290 D/pskey_bt(  329): get_one_item(data) = 0x9
04-26 12:35:03.290 D/pskey_bt(  329): get_next_u32: here:9
04-26 12:35:03.290 D/pskey_bt(  329): char:0, 0
04-26 12:35:03.290 D/pskey_bt(  329): char:8, 8
04-26 12:35:03.290 D/pskey_bt(  329): get_one_item(data) = 0x8
04-26 12:35:03.290 D/pskey_bt(  329): get_next_u32: here:8
04-26 12:35:03.290 D/pskey_bt(  329): char:0, 0
04-26 12:35:03.290 D/pskey_bt(  329): char:7, 7
04-26 12:35:03.290 D/pskey_bt(  329): get_one_item(data) = 0x7
04-26 12:35:03.290 D/pskey_bt(  329): get_next_u32: here:7
04-26 12:35:03.290 D/pskey_bt(  329): end of buff, str=},
04-26 12:35:03.290 D/pskey_bt(  329): {0xFF, 0xFF, 0x8D, 0xFE, 0x9B, 0x3F, 0x79, 0x83,
04-26 12:35:03.290 D/pskey_bt(  329):   0xFF, 0xA7, 0xFF, 0x7F, 0x00, 0xE0, 0xF7, 0x3E},
04-26 12:35:03.290 D/pskey_bt(  329): {0xFF, 0xFF, 0xFF, 0xFF, 0xFF, 0xFF},
04-26 12:35:03.290 D/pskey_bt(  329): 0,
04-26 12:35:03.290 D/pskey_bt(  329): 1,
04-26 12:35:03.290 D/pskey_bt(  329): 5,
04-26 12:35:03.290 D/pskey_bt(  329): 0xE,
04-26 12:35:03.290 D/pskey_bt(  329): 1,
04-26 12:35:03.290 D/pskey_bt(  329): 1,
04-26 12:35:03.290 D/pskey_bt(  329): 0x50000000,
04-26 12:35:03.290 D/pskey_bt(  329): 0x50000150,
04-26 12:35:03.290 D/pskey_bt(  329): 0x50000150,
04-26 12:35:03.290 D/pskey_bt(  329): 0x50000154,
04-26 12:35:03.290 D/pskey_bt(  329): 0xFFFFFFFF,
04-26 12:35:03.290 D/pskey_bt(  329): 0x100,
04-26 12:35:03.290 D/pskey_bt(  329): 0xA0,
04-26 12:35:03.290 D/pskey_bt(  329): 0xDC,
04-26 12:35:03.290 D/pskey_bt(  329): 0x20,
04-26 12:35:03.290 D/pskey_bt(  329): 0x55,
04-26 12:35:03.290 D/pskey_bt(  329): 0x64,
04-26 12:35:03.290 D/pskey_bt(  329): 0,
04-26 12:35:03.290 D/pskey_bt(  329): 0x8,
04-26 12:35:03.290 D/pskey_bt(  329): 0x13C,
04-26 12:35:03.290 D/pskey_bt(  329): 0x2,
04-26 12:35:03.290 D/pskey_bt(  329): 0xD704,
04-26 12:35:03.290 D/pskey_bt(  329): 0x88888888,
04-26 12:35:03.290 D/pskey_bt(  329): 0x6,
04-26 12:35:03.290 D/pskey_bt(  329): 0x0,
04-26 12:35:03.290 D/pskey_bt(  329): {0x0001,0x0000,0x0000,0x0000,0x0000,0x0000,0x0000,0x0000,0x0000
04-26 12:35:03.290 D/pskey_bt(  329): char:F, F
04-26 12:35:03.290 D/pskey_bt(  329): char:F, F
04-26 12:35:03.290 D/pskey_bt(  329): get_one_item(data) = 0xff
04-26 12:35:03.290 D/pskey_bt(  329): get_next_u8: here:ff
04-26 12:35:03.290 D/pskey_bt(  329): char:F, F
04-26 12:35:03.290 D/pskey_bt(  329): char:F, F
04-26 12:35:03.290 D/pskey_bt(  329): get_one_item(data) = 0xff
04-26 12:35:03.290 D/pskey_bt(  329): get_next_u8: here:ff
04-26 12:35:03.290 D/pskey_bt(  329): char:8, 8
04-26 12:35:03.290 D/pskey_bt(  329): char:D, D
04-26 12:35:03.290 D/pskey_bt(  329): get_one_item(data) = 0x8d
04-26 12:35:03.290 D/pskey_bt(  329): get_next_u8: here:8d
04-26 12:35:03.290 D/pskey_bt(  329): char:F, F
04-26 12:35:03.290 D/pskey_bt(  329): char:E, E
04-26 12:35:03.290 D/pskey_bt(  329): get_one_item(data) = 0xfe
04-26 12:35:03.290 D/pskey_bt(  329): get_next_u8: here:fe
04-26 12:35:03.290 D/pskey_bt(  329): char:9, 9
04-26 12:35:03.290 D/pskey_bt(  329): char:B, B
04-26 12:35:03.290 D/pskey_bt(  329): get_one_item(data) = 0x9b
04-26 12:35:03.290 D/pskey_bt(  329): get_next_u8: here:9b
04-26 12:35:03.290 D/pskey_bt(  329): char:3, 3
04-26 12:35:03.290 D/pskey_bt(  329): char:F, F
04-26 12:35:03.290 D/pskey_bt(  329): get_one_item(data) = 0x3f
04-26 12:35:03.290 D/pskey_bt(  329): get_next_u8: here:3f
04-26 12:35:03.290 D/pskey_bt(  329): char:7, 7
04-26 12:35:03.290 D/pskey_bt(  329): char:9, 9
04-26 12:35:03.290 D/pskey_bt(  329): get_one_item(data) = 0x79
04-26 12:35:03.290 D/pskey_bt(  329): get_next_u8: here:79
04-26 12:35:03.290 D/pskey_bt(  329): char:8, 8
04-26 12:35:03.290 D/pskey_bt(  329): char:3, 3
04-26 12:35:03.290 D/pskey_bt(  329): get_one_item(data) = 0x83
04-26 12:35:03.290 D/pskey_bt(  329): get_next_u8: here:83
04-26 12:35:03.290 D/pskey_bt(  329): char:F, F
04-26 12:35:03.290 D/pskey_bt(  329): char:F, F
04-26 12:35:03.290 D/pskey_bt(  329): get_one_item(data) = 0xff
04-26 12:35:03.290 D/pskey_bt(  329): get_next_u8: here:ff
04-26 12:35:03.290 D/pskey_bt(  329): char:A, A
04-26 12:35:03.290 D/pskey_bt(  329): char:7, 7
04-26 12:35:03.290 D/pskey_bt(  329): get_one_item(data) = 0xa7
04-26 12:35:03.290 D/pskey_bt(  329): get_next_u8: here:a7
04-26 12:35:03.290 D/pskey_bt(  329): char:F, F
04-26 12:35:03.290 D/pskey_bt(  329): char:F, F
04-26 12:35:03.290 D/pskey_bt(  329): get_one_item(data) = 0xff
04-26 12:35:03.290 D/pskey_bt(  329): get_next_u8: here:ff
04-26 12:35:03.290 D/pskey_bt(  329): char:7, 7
04-26 12:35:03.290 D/pskey_bt(  329): char:F, F
04-26 12:35:03.290 D/pskey_bt(  329): get_one_item(data) = 0x7f
04-26 12:35:03.290 D/pskey_bt(  329): get_next_u8: here:7f
04-26 12:35:03.290 D/pskey_bt(  329): char:0, 0
04-26 12:35:03.290 D/pskey_bt(  329): char:0, 0
04-26 12:35:03.290 D/pskey_bt(  329): get_one_item(data) = 0x0
04-26 12:35:03.290 D/pskey_bt(  329): get_next_u8: here:0
04-26 12:35:03.290 D/pskey_bt(  329): char:E, E
04-26 12:35:03.290 D/pskey_bt(  329): char:0, 0
04-26 12:35:03.290 D/pskey_bt(  329): get_one_item(data) = 0xe0
04-26 12:35:03.290 D/pskey_bt(  329): get_next_u8: here:e0
04-26 12:35:03.290 D/pskey_bt(  329): char:F, F
04-26 12:35:03.290 D/pskey_bt(  329): char:7, 7
04-26 12:35:03.290 D/pskey_bt(  329): get_one_item(data) = 0xf7
04-26 12:35:03.290 D/pskey_bt(  329): get_next_u8: here:f7
04-26 12:35:03.290 D/pskey_bt(  329): char:3, 3
04-26 12:35:03.290 D/pskey_bt(  329): char:E, E
04-26 12:35:03.290 D/pskey_bt(  329): get_one_item(data) = 0x3e
04-26 12:35:03.290 D/pskey_bt(  329): get_next_u8: here:3e
04-26 12:35:03.290 D/pskey_bt(  329): end of buff, str=},
04-26 12:35:03.290 D/pskey_bt(  329): {0xFF, 0xFF, 0xFF, 0xFF, 0xFF, 0xFF},
04-26 12:35:03.290 D/pskey_bt(  329): 0,
04-26 12:35:03.290 D/pskey_bt(  329): 1,
04-26 12:35:03.290 D/pskey_bt(  329): 5,
04-26 12:35:03.290 D/pskey_bt(  329): 0xE,
04-26 12:35:03.290 D/pskey_bt(  329): 1,
04-26 12:35:03.290 D/pskey_bt(  329): 1,
04-26 12:35:03.290 D/pskey_bt(  329): 0x50000000,
04-26 12:35:03.290 D/pskey_bt(  329): 0x50000150,
04-26 12:35:03.290 D/pskey_bt(  329): 0x50000150,
04-26 12:35:03.290 D/pskey_bt(  329): 0x50000154,
04-26 12:35:03.290 D/pskey_bt(  329): 0xFFFFFFFF,
04-26 12:35:03.290 D/pskey_bt(  329): 0x100,
04-26 12:35:03.290 D/pskey_bt(  329): 0xA0,
04-26 12:35:03.290 D/pskey_bt(  329): 0xDC,
04-26 12:35:03.290 D/pskey_bt(  329): 0x20,
04-26 12:35:03.290 D/pskey_bt(  329): 0x55,
04-26 12:35:03.290 D/pskey_bt(  329): 0x64,
04-26 12:35:03.290 D/pskey_bt(  329): 0,
04-26 12:35:03.290 D/pskey_bt(  329): 0x8,
04-26 12:35:03.290 D/pskey_bt(  329): 0x13C,
04-26 12:35:03.290 D/pskey_bt(  329): 0x2,
04-26 12:35:03.290 D/pskey_bt(  329): 0xD704,
04-26 12:35:03.290 D/pskey_bt(  329): 0x88888888,
04-26 12:35:03.290 D/pskey_bt(  329): 0x6,
04-26 12:35:03.290 D/pskey_bt(  329): 0x0,
04-26 12:35:03.290 D/pskey_bt(  329): {0x0001,0x0000,0x0000,0x0000,0x0000,0x0000,0x0000,0x0000,0x0000
04-26 12:35:03.290 D/pskey_bt(  329): char:F, F
04-26 12:35:03.290 D/pskey_bt(  329): char:F, F
04-26 12:35:03.290 D/pskey_bt(  329): get_one_item(data) = 0xff
04-26 12:35:03.290 D/pskey_bt(  329): get_next_u8: here:ff
04-26 12:35:03.290 D/pskey_bt(  329): char:F, F
04-26 12:35:03.290 D/pskey_bt(  329): char:F, F
04-26 12:35:03.290 D/pskey_bt(  329): get_one_item(data) = 0xff
04-26 12:35:03.290 D/pskey_bt(  329): get_next_u8: here:ff
04-26 12:35:03.290 D/pskey_bt(  329): char:F, F
04-26 12:35:03.290 D/pskey_bt(  329): char:F, F
04-26 12:35:03.290 D/pskey_bt(  329): get_one_item(data) = 0xff
04-26 12:35:03.290 D/pskey_bt(  329): get_next_u8: here:ff
04-26 12:35:03.290 D/pskey_bt(  329): char:F, F
04-26 12:35:03.290 D/pskey_bt(  329): char:F, F
04-26 12:35:03.290 D/pskey_bt(  329): get_one_item(data) = 0xff
04-26 12:35:03.290 D/pskey_bt(  329): get_next_u8: here:ff
04-26 12:35:03.290 D/pskey_bt(  329): char:F, F
04-26 12:35:03.290 D/pskey_bt(  329): char:F, F
04-26 12:35:03.290 D/pskey_bt(  329): get_one_item(data) = 0xff
04-26 12:35:03.290 D/pskey_bt(  329): get_next_u8: here:ff
04-26 12:35:03.290 D/pskey_bt(  329): char:F, F
04-26 12:35:03.290 D/pskey_bt(  329): char:F, F
04-26 12:35:03.290 D/pskey_bt(  329): get_one_item(data) = 0xff
04-26 12:35:03.290 D/pskey_bt(  329): get_next_u8: here:ff
04-26 12:35:03.290 D/pskey_bt(  329): end of buff, str=},
04-26 12:35:03.290 D/pskey_bt(  329): 0,
04-26 12:35:03.290 D/pskey_bt(  329): 1,
04-26 12:35:03.290 D/pskey_bt(  329): 5,
04-26 12:35:03.290 D/pskey_bt(  329): 0xE,
04-26 12:35:03.290 D/pskey_bt(  329): 1,
04-26 12:35:03.290 D/pskey_bt(  329): 1,
04-26 12:35:03.290 D/pskey_bt(  329): 0x50000000,
04-26 12:35:03.290 D/pskey_bt(  329): 0x50000150,
04-26 12:35:03.290 D/pskey_bt(  329): 0x50000150,
04-26 12:35:03.290 D/pskey_bt(  329): 0x50000154,
04-26 12:35:03.290 D/pskey_bt(  329): 0xFFFFFFFF,
04-26 12:35:03.290 D/pskey_bt(  329): 0x100,
04-26 12:35:03.290 D/pskey_bt(  329): 0xA0,
04-26 12:35:03.290 D/pskey_bt(  329): 0xDC,
04-26 12:35:03.290 D/pskey_bt(  329): 0x20,
04-26 12:35:03.290 D/pskey_bt(  329): 0x55,
04-26 12:35:03.290 D/pskey_bt(  329): 0x64,
04-26 12:35:03.290 D/pskey_bt(  329): 0,
04-26 12:35:03.290 D/pskey_bt(  329): 0x8,
04-26 12:35:03.290 D/pskey_bt(  329): 0x13C,
04-26 12:35:03.290 D/pskey_bt(  329): 0x2,
04-26 12:35:03.290 D/pskey_bt(  329): 0xD704,
04-26 12:35:03.290 D/pskey_bt(  329): 0x88888888,
04-26 12:35:03.290 D/pskey_bt(  329): 0x6,
04-26 12:35:03.290 D/pskey_bt(  329): 0x0,
04-26 12:35:03.290 D/pskey_bt(  329): {0x0001,0x0000,0x0000,0x0000,0x0000,0x0000,0x0000,0x0000,0x0000
04-26 12:35:03.290 D/pskey_bt(  329): char:0, 0
04-26 12:35:03.290 D/pskey_bt(  329): get_one_item(data) = 0x0
04-26 12:35:03.290 D/pskey_bt(  329): get_next_u8: here:0
04-26 12:35:03.290 D/pskey_bt(  329): char:1, 1
04-26 12:35:03.290 D/pskey_bt(  329): get_one_item(data) = 0x1
04-26 12:35:03.290 D/pskey_bt(  329): get_next_u8: here:1
04-26 12:35:03.290 D/pskey_bt(  329): char:5, 5
04-26 12:35:03.290 D/pskey_bt(  329): get_one_item(data) = 0x5
04-26 12:35:03.290 D/pskey_bt(  329): get_next_u8: here:5
04-26 12:35:03.290 D/pskey_bt(  329): char:E, E
04-26 12:35:03.290 D/pskey_bt(  329): get_one_item(data) = 0xe
04-26 12:35:03.290 D/pskey_bt(  329): get_next_u8: here:e
04-26 12:35:03.290 D/pskey_bt(  329): char:1, 1
04-26 12:35:03.290 D/pskey_bt(  329): get_one_item(data) = 0x1
04-26 12:35:03.290 D/pskey_bt(  329): get_next_u8: here:1
04-26 12:35:03.290 D/pskey_bt(  329): char:1, 1
04-26 12:35:03.290 D/pskey_bt(  329): get_one_item(data) = 0x1
04-26 12:35:03.290 D/pskey_bt(  329): get_next_u8: here:1
04-26 12:35:03.290 D/pskey_bt(  329): char:5, 5
04-26 12:35:03.290 D/pskey_bt(  329): char:0, 0
04-26 12:35:03.290 D/pskey_bt(  329): char:0, 0
04-26 12:35:03.290 D/pskey_bt(  329): char:0, 0
04-26 12:35:03.290 D/pskey_bt(  329): char:0, 0
04-26 12:35:03.290 D/pskey_bt(  329): char:0, 0
04-26 12:35:03.290 D/pskey_bt(  329): char:0, 0
04-26 12:35:03.290 D/pskey_bt(  329): char:0, 0
04-26 12:35:03.290 D/pskey_bt(  329): get_one_item(data) = 0x50000000
04-26 12:35:03.290 D/pskey_bt(  329): get_next_u32: here:50000000
04-26 12:35:03.290 D/pskey_bt(  329): char:5, 5
04-26 12:35:03.290 D/pskey_bt(  329): char:0, 0
04-26 12:35:03.290 D/pskey_bt(  329): char:0, 0
04-26 12:35:03.290 D/pskey_bt(  329): char:0, 0
04-26 12:35:03.290 D/pskey_bt(  329): char:0, 0
04-26 12:35:03.290 D/pskey_bt(  329): char:1, 1
04-26 12:35:03.290 D/pskey_bt(  329): char:5, 5
04-26 12:35:03.290 D/pskey_bt(  329): char:0, 0
04-26 12:35:03.290 D/pskey_bt(  329): get_one_item(data) = 0x50000150
04-26 12:35:03.290 D/pskey_bt(  329): get_next_u32: here:50000150
04-26 12:35:03.290 D/pskey_bt(  329): char:5, 5
04-26 12:35:03.290 D/pskey_bt(  329): char:0, 0
04-26 12:35:03.290 D/pskey_bt(  329): char:0, 0
04-26 12:35:03.290 D/pskey_bt(  329): char:0, 0
04-26 12:35:03.290 D/pskey_bt(  329): char:0, 0
04-26 12:35:03.290 D/pskey_bt(  329): char:1, 1
04-26 12:35:03.290 D/pskey_bt(  329): char:5, 5
04-26 12:35:03.290 D/pskey_bt(  329): char:0, 0
04-26 12:35:03.290 D/pskey_bt(  329): get_one_item(data) = 0x50000150
04-26 12:35:03.290 D/pskey_bt(  329): get_next_u32: here:50000150
04-26 12:35:03.290 D/pskey_bt(  329): char:5, 5
04-26 12:35:03.290 D/pskey_bt(  329): char:0, 0
04-26 12:35:03.290 D/pskey_bt(  329): char:0, 0
04-26 12:35:03.290 D/pskey_bt(  329): char:0, 0
04-26 12:35:03.290 D/pskey_bt(  329): char:0, 0
04-26 12:35:03.290 D/pskey_bt(  329): char:1, 1
04-26 12:35:03.290 D/pskey_bt(  329): char:5, 5
04-26 12:35:03.290 D/pskey_bt(  329): char:4, 4
04-26 12:35:03.290 D/pskey_bt(  329): get_one_item(data) = 0x50000154
04-26 12:35:03.290 D/pskey_bt(  329): get_next_u32: here:50000154
04-26 12:35:03.290 D/pskey_bt(  329): char:F, F
04-26 12:35:03.290 D/pskey_bt(  329): char:F, F
04-26 12:35:03.290 D/pskey_bt(  329): char:F, F
04-26 12:35:03.290 D/pskey_bt(  329): char:F, F
04-26 12:35:03.290 D/pskey_bt(  329): char:F, F
04-26 12:35:03.290 D/pskey_bt(  329): char:F, F
04-26 12:35:03.290 D/pskey_bt(  329): char:F, F
04-26 12:35:03.290 D/pskey_bt(  329): char:F, F
04-26 12:35:03.290 D/pskey_bt(  329): get_one_item(data) = 0xffffffff
04-26 12:35:03.290 D/pskey_bt(  329): get_next_u32: here:ffffffff
04-26 12:35:03.290 D/pskey_bt(  329): char:1, 1
04-26 12:35:03.290 D/pskey_bt(  329): char:0, 0
04-26 12:35:03.290 D/pskey_bt(  329): char:0, 0
04-26 12:35:03.290 D/pskey_bt(  329): get_one_item(data) = 0x100
04-26 12:35:03.290 D/pskey_bt(  329): get_next_u16: here:100
04-26 12:35:03.290 D/pskey_bt(  329): char:A, A
04-26 12:35:03.290 D/pskey_bt(  329): char:0, 0
04-26 12:35:03.290 D/pskey_bt(  329): get_one_item(data) = 0xa0
04-26 12:35:03.290 D/pskey_bt(  329): get_next_u16: here:a0
04-26 12:35:03.290 D/pskey_bt(  329): char:D, D
04-26 12:35:03.290 D/pskey_bt(  329): char:C, C
04-26 12:35:03.290 D/pskey_bt(  329): get_one_item(data) = 0xdc
04-26 12:35:03.290 D/pskey_bt(  329): get_next_u16: here:dc
04-26 12:35:03.290 D/pskey_bt(  329): char:2, 2
04-26 12:35:03.290 D/pskey_bt(  329): char:0, 0
04-26 12:35:03.290 D/pskey_bt(  329): get_one_item(data) = 0x20
04-26 12:35:03.290 D/pskey_bt(  329): get_next_u16: here:20
04-26 12:35:03.290 D/pskey_bt(  329): char:5, 5
04-26 12:35:03.290 D/pskey_bt(  329): char:5, 5
04-26 12:35:03.290 D/pskey_bt(  329): get_one_item(data) = 0x55
04-26 12:35:03.290 D/pskey_bt(  329): get_next_u16: here:55
04-26 12:35:03.290 D/pskey_bt(  329): char:6, 6
04-26 12:35:03.290 D/pskey_bt(  329): char:4, 4
04-26 12:35:03.290 D/pskey_bt(  329): get_one_item(data) = 0x64
04-26 12:35:03.290 D/pskey_bt(  329): get_next_u16: here:64
04-26 12:35:03.290 D/pskey_bt(  329): char:0, 0
04-26 12:35:03.290 D/pskey_bt(  329): get_one_item(data) = 0x0
04-26 12:35:03.290 D/pskey_bt(  329): get_next_u32: here:0
04-26 12:35:03.290 D/pskey_bt(  329): char:8, 8
04-26 12:35:03.290 D/pskey_bt(  329): get_one_item(data) = 0x8
04-26 12:35:03.290 D/pskey_bt(  329): get_next_u16: here:8
04-26 12:35:03.290 D/pskey_bt(  329): char:1, 1
04-26 12:35:03.290 D/pskey_bt(  329): char:3, 3
04-26 12:35:03.290 D/pskey_bt(  329): char:C, C
04-26 12:35:03.290 D/pskey_bt(  329): get_one_item(data) = 0x13c
04-26 12:35:03.290 D/pskey_bt(  329): get_next_u16: here:13c
04-26 12:35:03.290 D/pskey_bt(  329): char:2, 2
04-26 12:35:03.290 D/pskey_bt(  329): get_one_item(data) = 0x2
04-26 12:35:03.290 D/pskey_bt(  329): get_next_u16: here:2
04-26 12:35:03.290 D/pskey_bt(  329): char:D, D
04-26 12:35:03.290 D/pskey_bt(  329): char:7, 7
04-26 12:35:03.290 D/pskey_bt(  329): char:0, 0
04-26 12:35:03.290 D/pskey_bt(  329): char:4, 4
04-26 12:35:03.290 D/pskey_bt(  329): get_one_item(data) = 0xd704
04-26 12:35:03.290 D/pskey_bt(  329): get_next_u16: here:d704
04-26 12:35:03.290 D/pskey_bt(  329): char:8, 8
04-26 12:35:03.290 D/pskey_bt(  329): char:8, 8
04-26 12:35:03.290 D/pskey_bt(  329): char:8, 8
04-26 12:35:03.290 D/pskey_bt(  329): char:8, 8
04-26 12:35:03.290 D/pskey_bt(  329): char:8, 8
04-26 12:35:03.290 D/pskey_bt(  329): char:8, 8
04-26 12:35:03.290 D/pskey_bt(  329): char:8, 8
04-26 12:35:03.290 D/pskey_bt(  329): char:8, 8
04-26 12:35:03.290 D/pskey_bt(  329): get_one_item(data) = 0x88888888
04-26 12:35:03.290 D/pskey_bt(  329): get_next_u32: here:88888888
04-26 12:35:03.290 D/pskey_bt(  329): char:6, 6
04-26 12:35:03.290 D/pskey_bt(  329): get_one_item(data) = 0x6
04-26 12:35:03.290 D/pskey_bt(  329): get_next_u16: here:6
04-26 12:35:03.290 D/pskey_bt(  329): char:0, 0
04-26 12:35:03.290 D/pskey_bt(  329): get_one_item(data) = 0x0
04-26 12:35:03.290 D/pskey_bt(  329): get_next_u16: here:0
04-26 12:35:03.290 D/pskey_bt(  329): char:0, 0
04-26 12:35:03.290 D/pskey_bt(  329): char:0, 0
04-26 12:35:03.290 D/pskey_bt(  329): char:0, 0
04-26 12:35:03.290 D/pskey_bt(  329): char:1, 1
04-26 12:35:03.290 D/pskey_bt(  329): get_one_item(data) = 0x1
04-26 12:35:03.290 D/pskey_bt(  329): get_next_u32: here:1
04-26 12:35:03.290 D/pskey_bt(  329): char:0, 0
04-26 12:35:03.290 D/pskey_bt(  329): char:0, 0
04-26 12:35:03.290 D/pskey_bt(  329): char:0, 0
04-26 12:35:03.290 D/pskey_bt(  329): char:0, 0
04-26 12:35:03.290 D/pskey_bt(  329): get_one_item(data) = 0x0
04-26 12:35:03.290 D/pskey_bt(  329): get_next_u32: here:0
04-26 12:35:03.290 D/pskey_bt(  329): char:0, 0
04-26 12:35:03.290 D/pskey_bt(  329): char:0, 0
04-26 12:35:03.290 D/pskey_bt(  329): char:0, 0
04-26 12:35:03.290 D/pskey_bt(  329): char:0, 0
04-26 12:35:03.290 D/pskey_bt(  329): get_one_item(data) = 0x0
04-26 12:35:03.290 D/pskey_bt(  329): get_next_u32: here:0
04-26 12:35:03.290 D/pskey_bt(  329): char:0, 0
04-26 12:35:03.290 D/pskey_bt(  329): char:0, 0
04-26 12:35:03.290 D/pskey_bt(  329): char:0, 0
04-26 12:35:03.290 D/pskey_bt(  329): char:0, 0
04-26 12:35:03.290 D/pskey_bt(  329): get_one_item(data) = 0x0
04-26 12:35:03.290 D/pskey_bt(  329): get_next_u32: here:0
04-26 12:35:03.290 D/pskey_bt(  329): char:0, 0
04-26 12:35:03.290 D/pskey_bt(  329): char:0, 0
04-26 12:35:03.290 D/pskey_bt(  329): char:0, 0
04-26 12:35:03.290 D/pskey_bt(  329): char:0, 0
04-26 12:35:03.290 D/pskey_bt(  329): get_one_item(data) = 0x0
04-26 12:35:03.290 D/pskey_bt(  329): get_next_u32: here:0
04-26 12:35:03.290 D/pskey_bt(  329): char:0, 0
04-26 12:35:03.290 D/pskey_bt(  329): char:0, 0
04-26 12:35:03.290 D/pskey_bt(  329): char:0, 0
04-26 12:35:03.290 D/pskey_bt(  329): char:0, 0
04-26 12:35:03.290 D/pskey_bt(  329): get_one_item(data) = 0x0
04-26 12:35:03.290 D/pskey_bt(  329): get_next_u32: here:0
04-26 12:35:03.290 D/pskey_bt(  329): char:0, 0
04-26 12:35:03.290 D/pskey_bt(  329): char:0, 0
04-26 12:35:03.290 D/pskey_bt(  329): char:0, 0
04-26 12:35:03.290 D/pskey_bt(  329): char:0, 0
04-26 12:35:03.290 D/pskey_bt(  329): get_one_item(data) = 0x0
04-26 12:35:03.290 D/pskey_bt(  329): get_next_u32: here:0
04-26 12:35:03.290 D/pskey_bt(  329): char:0, 0
04-26 12:35:03.290 D/pskey_bt(  329): char:0, 0
04-26 12:35:03.290 D/pskey_bt(  329): char:0, 0
04-26 12:35:03.290 D/pskey_bt(  329): char:0, 0
04-26 12:35:03.290 D/pskey_bt(  329): get_one_item(data) = 0x0
04-26 12:35:03.290 D/pskey_bt(  329): get_next_u32: here:0
04-26 12:35:03.290 D/pskey_bt(  329): char:0, 0
04-26 12:35:03.290 D/pskey_bt(  329): char:0, 0
04-26 12:35:03.290 D/pskey_bt(  329): char:0, 0
04-26 12:35:03.290 D/pskey_bt(  329): char:0, 0
04-26 12:35:03.290 D/pskey_bt(  329): get_one_item(data) = 0x0
04-26 12:35:03.290 D/pskey_bt(  329): get_next_u32: here:0
04-26 12:35:03.290 D/pskey_bt(  329): get_one_item(data) = 0x0
04-26 12:35:03.290 D/pskey_bt(  329): get_next_u32: here:0
04-26 12:35:03.290 D/pskey_bt(  329): leave out tmp_buff=
04-26 12:35:03.290 D/pskey_bt(  329): parse pskey success, tmp_buff=0x5e6120
04-26 12:35:03.290 D/pskey_bt(  329): ret get pskey from file =0
04-26 12:35:03.290 D/pskey_bt(  329): data/btmac.txt does not exist 0 
04-26 12:35:03.390 D/pskey_bt(  329): tmp_mac:0065514deb0e
04-26 12:35:03.390 D/pskey_bt(  329): e  
04-26 12:35:03.390 D/pskey_bt(  329): eb  
04-26 12:35:03.390 D/pskey_bt(  329): 4d  
04-26 12:35:03.390 D/pskey_bt(  329): 51  
04-26 12:35:03.390 D/pskey_bt(  329): 65  
04-26 12:35:03.390 D/pskey_bt(  329): 0  
04-26 12:35:03.640 I/nsVolume(   84): nsVolume: sdcard state Mounted @ '/mnt/sdcard' gen 1 locked 0 fake 0 media 1 sharing 0 formatting 0
04-26 12:35:03.640 I/AutoMounter(   84): UpdateState: umsAvail:1 umsEnabled:1 mode:0 usbCablePluggedIn:1 tryToShare:0
04-26 12:35:03.640 I/AutoMounter(   84): UpdateState: Volume sdcard is Mounted and inserted @ /mnt/sdcard gen 1 locked 0 sharing n
04-26 12:35:03.640 I/AutoMounter(   84): UpdateState: umsAvail:1 umsEnabled:1 mode:0 usbCablePluggedIn:1 tryToShare:0
04-26 12:35:03.640 I/AutoMounter(   84): UpdateState: Volume sdcard is Mounted and inserted @ /mnt/sdcard gen 1 locked 0 sharing n
04-26 12:35:03.750 I/Gonk    (   84): RIL[0]: OnConnectSuccess
04-26 12:35:03.930 I/Gonk    (   84): RIL[1]: OnConnectSuccess
04-26 12:35:04.180 I/Gecko   (   84): 1398540904190	Marionette	DEBUG	accepted connection on 127.0.0.1:53617
04-26 12:35:04.450 E/bluedroid(   84): test bt_is_enabled
04-26 12:35:05.160 D/NetUtils(   84): failed to remove default route for wlan0: No such device
04-26 12:35:05.170 W/WifiHW  (   84): wifi_load_driver enter 262
04-26 12:35:05.170 W/WifiHW  (   84): DRIVER_MODULE_PATH= DRIVER_MODULE_ARG= 
04-26 12:35:05.170 W/WifiHW  (   84): driver insmod complete 
04-26 12:35:05.170 W/WifiHW  (   84): Driver() loaded succesffuly
04-26 12:35:05.470 W/WifiHW  (   87): wifi_change_fw_path: /system/lib/modules/itm_sta.ko
04-26 12:35:05.470 D/WifiHW  (   87): Unable to unload driver module "itm_ap.ko": No such file or directory
04-26 12:35:05.670 D/WifiHW  (   87): Unable to unload driver module "itm_sta.ko": No such file or directory
04-26 12:35:05.870 W/WifiHW  (   87): insmod filename=/system/lib/modules/itm_sta.ko args= 
04-26 12:35:06.050 V/AudioPolicyManagerBase(   89): setStreamVolumeIndex() stream 3, index 0
04-26 12:35:06.050 E/AudioPolicyManagerBase(   89): checkAndSetVolume stream=3, index=0, output=1, device=2
04-26 12:35:06.050 E/AudioPolicyManagerBase(   89): computeVolume, streamDesc=0x575bf0
04-26 12:35:06.050 V/AudioPolicyManagerBase(   89): setStreamVolume() for output 1 stream 3, volume 0.000000, delay 0
04-26 12:35:06.050 V/AudioPolicyManagerBase(   89): setStreamVolumeIndex() stream 1, index 0
04-26 12:35:06.050 E/AudioPolicyManagerBase(   89): checkAndSetVolume stream=1, index=0, output=1, device=2
04-26 12:35:06.050 E/AudioPolicyManagerBase(   89): computeVolume, streamDesc=0x575bb8
04-26 12:35:06.050 V/AudioPolicyManagerBase(   89): setStreamVolume() for output 1 stream 1, volume 0.000000, delay 0
04-26 12:35:06.100 V/AudioPolicyManagerBase(   89): setStreamVolumeIndex() stream 5, index 0
04-26 12:35:06.100 E/AudioPolicyManagerBase(   89): checkAndSetVolume stream=5, index=0, output=1, device=2
04-26 12:35:06.100 E/AudioPolicyManagerBase(   89): computeVolume, streamDesc=0x575c28
04-26 12:35:06.100 V/AudioPolicyManagerBase(   89): setStreamVolume() for output 1 stream 5, volume 0.000000, delay 0
04-26 12:35:06.110 V/AudioPolicyManagerBase(   89): setStreamVolumeIndex() stream 2, index 0
04-26 12:35:06.110 E/AudioPolicyManagerBase(   89): checkAndSetVolume stream=2, index=0, output=1, device=2
04-26 12:35:06.110 E/AudioPolicyManagerBase(   89): computeVolume, streamDesc=0x575bd4
04-26 12:35:06.110 V/AudioPolicyManagerBase(   89): setStreamVolume() for output 1 stream 2, volume 0.000000, delay 0
04-26 12:35:06.110 V/AudioPolicyManagerBase(   89): setStreamVolumeIndex() stream 4, index 15
04-26 12:35:06.110 E/AudioPolicyManagerBase(   89): checkAndSetVolume stream=4, index=15, output=1, device=2
04-26 12:35:06.110 E/AudioPolicyManagerBase(   89): computeVolume, streamDesc=0x575c0c
04-26 12:35:06.110 V/AudioPolicyManagerBase(   89): VOLUME vol index=[66 100 100], dB=[-10.2 0.0 0.0] ampl=1.00000
04-26 12:35:06.110 V/AudioPolicyManagerBase(   89): setStreamVolumeIndex() stream 0, index 5
04-26 12:35:06.110 E/AudioPolicyManagerBase(   89): checkAndSetVolume stream=0, index=5, output=1, device=2
04-26 12:35:06.110 E/AudioPolicyManagerBase(   89): computeVolume, streamDesc=0x575b9c
04-26 12:35:06.110 V/AudioPolicyManagerBase(   89): VOLUME vol index=[66 100 100], dB=[-17.0 0.0 0.0] ampl=1.00000
04-26 12:35:06.110 V/AudioPolicyManagerBase(   89): setStreamVolumeIndex() stream 6, index 15
04-26 12:35:06.110 V/AudioPolicyManagerBase(   89): checkAndSetVolume() cannot set stream 6 volume with force use = 0 for comm
04-26 12:35:06.490 I/Gecko   (   84): -*- RadioInterface[1]: _lastKnownHomeNetwork: 214-07
04-26 12:35:06.510 I/Gecko   (   84): -*- RadioInterface[0]: _lastKnownHomeNetwork: 310-410
04-26 12:35:06.930 E/Profiler(  347): BEGIN mozilla_sampler_init
04-26 12:35:06.950 E/Profiler(  347): BPUnw: [1 total] thread_register_for_profiling(me=0x40132488, stacktop=0xbe8b49b7)
04-26 12:35:06.950 E/Profiler(  347): SPS:
04-26 12:35:06.950 E/Profiler(  347): SPS: Unwind mode       = pseudo
04-26 12:35:06.950 E/Profiler(  347): SPS: Sampling interval = 0 ms (zero means "platform default")
04-26 12:35:06.950 E/Profiler(  347): SPS: Entry store size  = 0 (zero means "platform default")
04-26 12:35:06.950 E/Profiler(  347): SPS: UnwindStackScan   = 0 (max dubious frames per unwind).
04-26 12:35:06.950 E/Profiler(  347): SPS: Use env var MOZ_PROFILER_MODE=help for further information.
04-26 12:35:06.950 E/Profiler(  347): SPS:
04-26 12:35:06.950 E/Profiler(  347): Registering start signal
04-26 12:35:07.190 I/Gecko   (   84): -*- RadioInterface[0]: _lastKnownHomeNetwork: 310-410
04-26 12:35:07.240 I/VolumeManager(   84): SetSharingMode for volume sdcard to 1 canBeShared = 1
04-26 12:35:07.240 I/AutoMounter(   84): UpdateState: umsAvail:1 umsEnabled:1 mode:0 usbCablePluggedIn:1 tryToShare:0
04-26 12:35:07.240 I/AutoMounter(   84): UpdateState: Volume sdcard is Mounted and inserted @ /mnt/sdcard gen 1 locked 0 sharing y
04-26 12:35:07.380 E/GeckoConsole(  347): Could not read chrome manifest 'file:///system/b2g/chrome.manifest'.
04-26 12:35:07.590 I/Gecko   (   84): ###################################### forms.js loaded
04-26 12:35:07.620 I/Gecko   (   84): ############################### browserElementPanning.js loaded
04-26 12:35:07.700 I/Gecko   (   84): ######################## BrowserElementChildPreload.js loaded
04-26 12:35:07.790 I/Gecko   (   84): *** UTM:SVC TimerManager:registerTimer - id: user-agent-updates-timer
04-26 12:35:07.790 E/GeckoConsole(   84): UTM:SVC TimerManager:registerTimer - id: user-agent-updates-timer
04-26 12:35:08.080 E/Profiler(   84): BPUnw: [1 total] thread_unregister_for_profiling(me=0xacbf48)  (NOT REGISTERED) 
04-26 12:35:08.420 I/GeckoDump(   84): Crash reporter : Can't fetch app.reportCrashes. Exception: [Exception... "Component returned failure code: 0x8000ffff (NS_ERROR_UNEXPECTED) [nsIPrefBranch.getBoolPref]"  nsresult: "0x8000ffff (NS_ERROR_UNEXPECTED)"  location: "JS frame :: chrome://browser/content/shell.js :: shell_reportCrash :: line 7"  data: no]
04-26 12:35:08.950 D/SoftapController(   87): Softap fwReload - Ok
04-26 12:35:08.950 E/BandwidthController(   87): No such iface wlan0 to delete
04-26 12:35:09.220 E/GeckoConsole(   84): [JavaScript Warning: "Error in parsing value for 'font-weight'.  Declaration dropped." {file: "app://system.gaiamobile.org/style/shrinking_ui/shrinking_ui.css" line: 9 column: 15 source: "  font-weight: medium;"}]
04-26 12:35:09.670 D/Sensors (   84): activate handle=0; drv=0
04-26 12:35:09.670 D/Sensors (   84): Lis3dhSensor: Control set 0
04-26 12:35:09.670 D/Sensors (   84): Lis3dhSensor: mEnabled = 0
04-26 12:35:09.670 I/Gecko   (   84): MobileConnection initialized
04-26 12:35:09.670 I/Gecko   (   84): MobileConnection initialized
04-26 12:35:10.220 I/Gecko   (   84): Attempting load of libEGL.so
04-26 12:35:10.270 D/libEGL  (   84): loaded /system/lib/egl/libEGL_mali.so
04-26 12:35:10.310 D/libEGL  (   84): loaded /system/lib/egl/libGLESv1_CM_mali.so
04-26 12:35:10.310 D/libEGL  (   84): loaded /system/lib/egl/libGLESv2_mali.so
04-26 12:35:10.330 I/HWComposer(   84): Creating new instance
04-26 12:35:10.330 E/HWComposer(   84): Failed to initialize hwc
04-26 12:35:10.390 E/GeckoConsole(   84): OpenGL compositor Initialized Succesfully.
04-26 12:35:10.390 E/GeckoConsole(   84): Version: OpenGL ES 2.0 Spreadtrum Build
04-26 12:35:10.390 E/GeckoConsole(   84): Vendor: ARM
04-26 12:35:10.390 E/GeckoConsole(   84): Renderer: Mali-300
04-26 12:35:10.390 E/GeckoConsole(   84): FBO Texture Target: TEXTURE_2D
04-26 12:35:10.860 I/Gonk    (   84): Setting nice for pid 360 to 18
04-26 12:35:10.860 I/Gonk    (   84): Changed nice for pid 360 from 0 to 18.
04-26 12:35:11.050 I/Gecko   (   84): 1398540911060	Marionette	DEBUG	accepted connection on 127.0.0.1:53618
04-26 12:35:11.390 E/WifiHW  (   84): Leo ensure_config_file_exists config_file=/data/misc/wifi/wpa_supplicant.conf
04-26 12:35:11.400 E/WifiHW  (   84): daemon_cmd=wpa_supplicant:-iwlan0 -c/data/misc/wifi/wpa_supplicant.conf
04-26 12:35:12.090 E/slog    (  317): handle_top_logdir: slog use external storage [17]
04-26 12:35:13.260 I/power   (   84): *** set_screen_state 1
04-26 12:35:13.270 D/Sensors (   84): activate handle=3; drv=1
04-26 12:35:13.270 D/Sensors (   84): SensorTMD2771::setEnable=0= en=1; newState=1; what=0; mEnabled=0
04-26 12:35:13.420 D/Sensors (   84): taos ---Light::TAOS_IOCTL_ALS_ON=== err=0
04-26 12:35:13.420 D/Sensors (   84): SensorTMD2771::setEnable=1= en=1; newState=1; what=0; mEnabled=1
04-26 12:35:13.420 D/Sensors (   84): SensorTMD2771::getEnable===mEnabled=0x1; enable=1
04-26 12:35:13.440 I/GeckoDump(   84): XXX FIXME : Got a mozContentEvent: nfc-hardware-state-change
04-26 12:35:13.540 I/Gecko   (   84): ############################### browserElementPanning.js loaded
04-26 12:35:13.580 I/Gecko   (   84): ######################## BrowserElementChildPreload.js loaded
04-26 12:35:13.640 I/GeckoDump(   84): XXX FIXME : Got a mozContentEvent: system-message-listener-ready
04-26 12:35:14.080 D/Sensors (   84): SensorTMD2771::readEvents()======data_fd=53,count=16
04-26 12:35:14.080 D/Sensors (   84): SensorTMD2771::processEvent()=====code=40::value=1 
04-26 12:35:14.080 D/Sensors (   84): SensorTMD2771: mPendingEvents[Light].light = 1.000000
04-26 12:35:14.160 W/WifiHW  (   84): wifi_command: LOG_LEVEL
04-26 12:35:14.160 W/WifiHW  (   84): wifi_command: STATUS
04-26 12:35:14.690 E/Profiler(   84): BPUnw: [1 total] thread_unregister_for_profiling(me=0xad3648)  (NOT REGISTERED) 
04-26 12:35:14.810 I/Gecko   (   84): 1398540914820	Marionette	INFO	loaded marionette-listener.js
04-26 12:35:14.820 I/Gecko   (   84): 1398540914822	Marionette	INFO	sendToClient: {"from":"0","value":"3-b2g"}, {5db3a222-f839-4b86-ab80-f6e4c63e4303}, {5db3a222-f839-4b86-ab80-f6e4c63e4303}
04-26 12:35:14.840 E/Profiler(   84): BPUnw: [1 total] thread_unregister_for_profiling(me=0xad3688)  (NOT REGISTERED) 
04-26 12:35:14.840 W/WifiHW  (   84): wifi_command: LIST_NETWORKS
04-26 12:35:14.840 W/WifiHW  (   84): wifi_command: DRIVER MACADDR
04-26 12:35:14.950 E/GeckoConsole(   84): [JavaScript Warning: "Error in parsing value for 'padding'.  Declaration dropped." {file: "app://callscreen.gaiamobile.org/style/oncall.css" line: 280 column: 13 source: "    padding: none;"}]
04-26 12:35:15.170 I/Gecko   (   84): MobileConnection initialized
04-26 12:35:15.180 I/Gecko   (   84): MobileConnection initialized
04-26 12:35:15.210 W/WifiHW  (   84): wifi_command: GET_NETWORK 0 ssid
04-26 12:35:15.210 W/WifiHW  (   84): wifi_command: GET_NETWORK 0 bssid
04-26 12:35:15.210 W/WifiHW  (   84): wifi_command: GET_NETWORK 0 psk
04-26 12:35:15.210 W/WifiHW  (   84): wifi_command: GET_NETWORK 0 wep_key0
04-26 12:35:15.210 W/WifiHW  (   84): wifi_command: GET_NETWORK 0 wep_key1
04-26 12:35:15.210 W/WifiHW  (   84): wifi_command: GET_NETWORK 0 wep_key2
04-26 12:35:15.210 W/WifiHW  (   84): wifi_command: GET_NETWORK 0 wep_key3
04-26 12:35:15.210 W/WifiHW  (   84): wifi_command: GET_NETWORK 0 wep_tx_keyidx
04-26 12:35:15.210 W/WifiHW  (   84): wifi_command: GET_NETWORK 0 priority
04-26 12:35:15.210 W/WifiHW  (   84): wifi_command: GET_NETWORK 0 key_mgmt
04-26 12:35:15.210 W/WifiHW  (   84): wifi_command: GET_NETWORK 0 scan_ssid
04-26 12:35:15.210 W/WifiHW  (   84): wifi_command: GET_NETWORK 0 disabled
04-26 12:35:15.210 W/WifiHW  (   84): wifi_command: GET_NETWORK 0 identity
04-26 12:35:15.220 W/WifiHW  (   84): wifi_command: GET_NETWORK 0 password
04-26 12:35:15.220 W/WifiHW  (   84): wifi_command: GET_NETWORK 0 auth_alg
04-26 12:35:15.220 W/WifiHW  (   84): wifi_command: GET_NETWORK 0 phase1
04-26 12:35:15.220 W/WifiHW  (   84): wifi_command: GET_NETWORK 0 phase2
04-26 12:35:15.220 W/WifiHW  (   84): wifi_command: GET_NETWORK 0 eap
04-26 12:35:15.220 W/WifiHW  (   84): wifi_command: GET_NETWORK 0 pin
04-26 12:35:15.220 W/WifiHW  (   84): wifi_command: GET_NETWORK 0 pcsc
04-26 12:35:15.540 V/AudioPolicyManagerBase(   89): getDeviceForStrategy() from cache strategy 0, device 2
04-26 12:35:15.540 V/AudioPolicyManagerBase(   89): getOutput() stream 3, samplingRate 0, format 0, channels 3, flags 0
04-26 12:35:15.590 W/WifiHW  (   84): wifi_command: ENABLE_NETWORK 0
04-26 12:35:15.590 W/WifiHW  (   84): wifi_command: AP_SCAN 1
04-26 12:35:15.950 W/WifiHW  (   84): wifi_command: SAVE_CONFIG
04-26 12:35:16.080 I/Gecko   (   84): 1398540916090	Marionette	INFO	sendToClient: {"from":"0","value":{"ELEMENT":"{9c457193-c551-488a-a8d2-fb7d7ab55df5}"}}, {845d4d1b-fe0f-4ba1-80e7-c01afbfbd048}, {845d4d1b-fe0f-4ba1-80e7-c01afbfbd048}
04-26 12:35:16.160 I/Gecko   (   84): 1398540916168	Marionette	INFO	sendToClient: {"from":"0","value":false}, {23b47b14-f3f9-431e-bb99-831cbdca7dac}, {23b47b14-f3f9-431e-bb99-831cbdca7dac}
04-26 12:35:16.330 I/Gecko   (   84): 1398540916337	Marionette	INFO	sendToClient: {"from":"0","value":{"ELEMENT":"{9c457193-c551-488a-a8d2-fb7d7ab55df5}"}}, {cbbd068d-9499-4d86-9233-2b3cb901a16c}, {cbbd068d-9499-4d86-9233-2b3cb901a16c}
04-26 12:35:16.470 I/Gecko   (   84): 1398540916480	Marionette	INFO	sendToClient: {"from":"0","value":false}, {c73c2ff0-bb3d-4d97-9513-c8b96ce6f3a4}, {c73c2ff0-bb3d-4d97-9513-c8b96ce6f3a4}
04-26 12:35:17.360 I/Gecko   (   84): 1398540917364	Marionette	INFO	sendToClient: {"from":"0","value":{"ELEMENT":"{9c457193-c551-488a-a8d2-fb7d7ab55df5}"}}, {92cf6f2b-7b72-4e43-88a9-6627e058dad5}, {92cf6f2b-7b72-4e43-88a9-6627e058dad5}
04-26 12:35:17.420 I/Gecko   (   84): 1398540917427	Marionette	INFO	sendToClient: {"from":"0","value":false}, {e82414d5-5fe1-4ede-b107-5ed644c29d8b}, {e82414d5-5fe1-4ede-b107-5ed644c29d8b}
04-26 12:35:17.630 I/Gecko   (   84): 1398540917638	Marionette	INFO	sendToClient: {"from":"0","value":{"ELEMENT":"{9c457193-c551-488a-a8d2-fb7d7ab55df5}"}}, {d682d8a8-b2d1-493b-8605-eaab8ad85553}, {d682d8a8-b2d1-493b-8605-eaab8ad85553}
04-26 12:35:17.690 I/Gecko   (   84): 1398540917693	Marionette	INFO	sendToClient: {"from":"0","value":false}, {2a646fb9-9fd2-40ae-bcd7-bca7520467a4}, {2a646fb9-9fd2-40ae-bcd7-bca7520467a4}
04-26 12:35:17.820 I/Gecko   (   84): 1398540917830	Marionette	INFO	sendToClient: {"from":"0","value":{"ELEMENT":"{9c457193-c551-488a-a8d2-fb7d7ab55df5}"}}, {54a3d121-5e73-4f66-918c-034e4683fb83}, {54a3d121-5e73-4f66-918c-034e4683fb83}
04-26 12:35:17.880 I/Gecko   (   84): 1398540917890	Marionette	INFO	sendToClient: {"from":"0","value":false}, {275bd43c-718f-4ed9-b3f1-50191642d8da}, {275bd43c-718f-4ed9-b3f1-50191642d8da}
04-26 12:35:17.980 I/GeckoDump(   84): XXX FIXME : Got a mozContentEvent: accessibility-screenreader
04-26 12:35:18.030 I/GeckoDump(   84): XXX FIXME : Got a mozContentEvent: nfc-hardware-state-change
04-26 12:35:18.240 W/WifiHW  (   84): wifi_command: DRIVER SCAN-ACTIVE
04-26 12:35:18.400 W/WifiHW  (   84): wifi_command: SCAN
04-26 12:35:18.450 W/WifiHW  (   84): wifi_command: DRIVER SCAN-PASSIVE
04-26 12:35:18.560 I/Gecko   (   84): 1398540918568	Marionette	INFO	sendToClient: {"from":"0","value":{"ELEMENT":"{9c457193-c551-488a-a8d2-fb7d7ab55df5}"}}, {915a3cb7-5591-4c8e-a06d-660044c783a6}, {915a3cb7-5591-4c8e-a06d-660044c783a6}
04-26 12:35:18.780 I/Gecko   (   84): 1398540918787	Marionette	INFO	sendToClient: {"from":"0","value":true}, {0a167f13-dd4a-49da-bab1-d5dcf4018ab5}, {0a167f13-dd4a-49da-bab1-d5dcf4018ab5}
04-26 12:35:19.020 E/GeckoConsole(   84): Content JS ERROR at app://system.gaiamobile.org/js/telephony_settings.js:23 in set_vpm_error: Error setting voice privacy.
04-26 12:35:19.030 E/GeckoConsole(   84): Content JS ERROR at app://system.gaiamobile.org/js/telephony_settings.js:23 in set_vpm_error: Error setting voice privacy.
04-26 12:35:19.040 I/FMRadio (   84): FMRadio is initialized.
04-26 12:35:19.160 E/GeckoConsole(   84): Content JS ERROR at app://system.gaiamobile.org/js/telephony_settings.js:42 in set_vpm_error: Error roaming preference.
04-26 12:35:19.170 E/GeckoConsole(   84): Content JS ERROR at app://system.gaiamobile.org/js/telephony_settings.js:42 in set_vpm_error: Error roaming preference.
04-26 12:35:19.790 E/Profiler(   84): BPUnw: [1 total] thread_unregister_for_profiling(me=0xacb278)  (NOT REGISTERED) 
04-26 12:35:20.080 I/GeckoDump(   84): XXX FIXME : Got a mozContentEvent: inputmethod-update-layouts
04-26 12:35:20.180 I/Gecko   (   84): ############################### browserElementPanning.js loaded
04-26 12:35:20.230 I/Gecko   (   84): ######################## BrowserElementChildPreload.js loaded
