--------- beginning of /dev/log/main
04-25 17:58:47.269 I/Gecko   (   84): 1398473927286	Marionette	INFO	sendToClient: {"from":"0","ok":true}, {95ebf8b7-512d-4a8d-82d8-134823ee2290}, {95ebf8b7-512d-4a8d-82d8-134823ee2290}
04-25 17:58:47.289 I/Gecko   (   84): 1398473927305	Marionette	DEBUG	Got request: switchToFrame, data: {"to":"0","sessionId":"3-b2g","name":"switchToFrame","parameters":{"id":null,"focus":true}}, id: {55e5bd62-7a6a-463f-8ecc-c446dc601b73}
04-25 17:58:47.299 I/Gecko   (   84): 1398473927311	Marionette	INFO	Switched to frame: {"frameValue":null}
04-25 17:58:47.399 I/Gecko   (   84): 1398473927414	Marionette	INFO	sendToClient: {"from":"0","ok":true}, {55e5bd62-7a6a-463f-8ecc-c446dc601b73}, {55e5bd62-7a6a-463f-8ecc-c446dc601b73}
04-25 17:58:47.409 I/Gecko   (   84): 1398473927421	Marionette	DEBUG	Got request: executeWithCallback, data: {"to":"0","sessionId":"3-b2g","name":"executeAsyncScript","parameters":{"specialPowers":false,"scriptTimeout":null,"newSandbox":true,"args":[],"filename":"gaia_test.py","script":"return GaiaApps.displayedApp();","line":66}}, id: {5c87184d-c30b-4a49-a04a-6510aab2a6c2}
04-25 17:58:47.529 I/Gecko   (   84): 1398473927545	Marionette	INFO	sendToClient: {"from":"0","value":{"frame":{"ELEMENT":"{37fd7d13-606d-4bde-8a9c-e0f43c32d7c3}"},"src":"app://homescreen.gaiamobile.org/index.html#root","name":"Homescreen","origin":"app://homescreen.gaiamobile.org"}}, {5c87184d-c30b-4a49-a04a-6510aab2a6c2}, {5c87184d-c30b-4a49-a04a-6510aab2a6c2}
04-25 17:58:47.539 E/GeckoConsole(   84): Content JS LOG at dummy file:392 in GaiaApps.displayedApp: app with origin 'app://homescreen.gaiamobile.org' is displayed
04-25 17:58:47.539 I/Gecko   (   84): 1398473927556	Marionette	DEBUG	Got request: switchToFrame, data: {"to":"0","sessionId":"3-b2g","name":"switchToFrame","parameters":{"id":null,"focus":true}}, id: {f9d75a94-f4e5-47c4-9e3e-2e385dba4075}
04-25 17:58:47.539 I/Gecko   (   84): 1398473927558	Marionette	INFO	Switched to frame: {"frameValue":null}
04-25 17:58:47.569 E/GeckoConsole(  916): Content JS ERROR at app://homescreen.gaiamobile.org/gaia_build_defer_index.js:390 in loadSVConfFileError: Failed parsing singleVariant configuration file [js/singlevariantconf.json]:  [Exception... "File error: Not found"  nsresult: "0x80520012 (NS_ERROR_FILE_NOT_FOUND)"  location: "JS frame :: app://homescreen.gaiamobile.org/gaia_build_defer_index.js :: loadFile :: line 382"  data: no]
04-25 17:58:47.649 I/Gecko   (   84): 1398473927667	Marionette	INFO	sendToClient: {"from":"0","ok":true}, {f9d75a94-f4e5-47c4-9e3e-2e385dba4075}, {f9d75a94-f4e5-47c4-9e3e-2e385dba4075}
04-25 17:58:47.659 I/Gecko   (   84): 1398473927674	Marionette	DEBUG	Got request: switchToFrame, data: {"to":"0","sessionId":"3-b2g","name":"switchToFrame","parameters":{"id":null,"focus":true}}, id: {ac4bc339-91aa-41fd-9779-babc021aa4dc}
04-25 17:58:47.659 I/Gecko   (   84): 1398473927676	Marionette	INFO	Switched to frame: {"frameValue":null}
04-25 17:58:47.769 I/Gecko   (   84): 1398473927782	Marionette	INFO	sendToClient: {"from":"0","ok":true}, {ac4bc339-91aa-41fd-9779-babc021aa4dc}, {ac4bc339-91aa-41fd-9779-babc021aa4dc}
04-25 17:58:47.789 I/Gecko   (   84): 1398473927802	Marionette	DEBUG	Got request: executeWithCallback, data: {"to":"0","sessionId":"3-b2g","name":"executeAsyncScript","parameters":{"specialPowers":false,"scriptTimeout":null,"newSandbox":true,"args":[],"filename":"gaia_test.py","script":"return GaiaApps.displayedApp();","line":66}}, id: {2a4e5e56-fbd8-4f3c-b1ac-59062255adfa}
04-25 17:58:47.859 I/Gecko   (   84): 1398473927871	Marionette	INFO	sendToClient: {"from":"0","value":{"frame":{"ELEMENT":"{37fd7d13-606d-4bde-8a9c-e0f43c32d7c3}"},"src":"app://homescreen.gaiamobile.org/index.html#root","name":"Homescreen","origin":"app://homescreen.gaiamobile.org"}}, {2a4e5e56-fbd8-4f3c-b1ac-59062255adfa}, {2a4e5e56-fbd8-4f3c-b1ac-59062255adfa}
04-25 17:58:47.869 E/GeckoConsole(   84): Content JS LOG at dummy file:392 in GaiaApps.displayedApp: app with origin 'app://homescreen.gaiamobile.org' is displayed
04-25 17:58:47.879 I/Gecko   (   84): 1398473927890	Marionette	DEBUG	Got request: switchToFrame, data: {"to":"0","sessionId":"3-b2g","name":"switchToFrame","parameters":{"focus":true,"element":"{37fd7d13-606d-4bde-8a9c-e0f43c32d7c3}"}}, id: {7550e646-c906-45ee-b295-7438eca39703}
04-25 17:58:47.879 I/Gecko   (   84): 1398473927897	Marionette	INFO	Switched to frame: {"frameValue":"{37fd7d13-606d-4bde-8a9c-e0f43c32d7c3}"}
04-25 17:58:47.879 I/Gecko   (   84): 1398473927898	Marionette	INFO	trying remote frame 0
04-25 17:58:47.899 I/Gecko   (   84): 1398473927909	Marionette	INFO	deleting frame
04-25 17:58:47.899 I/Gecko   (   84): 1398473927915	Marionette	INFO	frame-manager load script: [object ChromeMessageSender]
04-25 17:58:48.199 I/Gecko   (   84): 1398473928210	Marionette	INFO	sendToClient: {"from":"0","ok":true}, {7550e646-c906-45ee-b295-7438eca39703}, {7550e646-c906-45ee-b295-7438eca39703}
04-25 17:58:48.209 I/Gecko   (   84): 1398473928227	Marionette	INFO	sendToClient: {"from":"0","value":{"ELEMENT":"{aec165d0-5bc3-4ec3-b6bc-42de23208a07}"}}, {e46c89ea-295d-482b-89be-e3ff4da52408}, {e46c89ea-295d-482b-89be-e3ff4da52408}
04-25 17:58:48.309 E/GeckoConsole(  916): [JavaScript Warning: "Use of getAttributeNode() is deprecated. Use getAttribute() instead." {file: "chrome://marionette/content/atoms.js" line: 25}]
04-25 17:58:48.319 E/GeckoConsole(  916): [JavaScript Warning: "Use of attributes' specified attribute is deprecated. It always returns true." {file: "chrome://marionette/content/atoms.js" line: 25}]
04-25 17:58:48.319 I/Gecko   (   84): 1398473928338	Marionette	INFO	sendToClient: {"from":"0","value":"normal"}, {0602cc87-d3d9-4c08-8a0a-14ded88f3607}, {0602cc87-d3d9-4c08-8a0a-14ded88f3607}
04-25 17:58:48.329 I/Gecko   (   84): 1398473928346	Marionette	DEBUG	Got request: switchToFrame, data: {"to":"0","sessionId":"3-b2g","name":"switchToFrame","parameters":{"id":null,"focus":true}}, id: {03df2884-6164-41ed-b3d3-e58e94a6b1ae}
04-25 17:58:48.359 I/Gecko   (   84): 1398473928378	Marionette	INFO	Switched to frame: {"frameValue":null}
04-25 17:58:48.469 I/Gecko   (   84): 1398473928481	Marionette	INFO	sendToClient: {"from":"0","ok":true}, {03df2884-6164-41ed-b3d3-e58e94a6b1ae}, {03df2884-6164-41ed-b3d3-e58e94a6b1ae}
04-25 17:58:48.469 I/Gecko   (   84): 1398473928487	Marionette	DEBUG	Got request: execute, data: {"to":"0","sessionId":"3-b2g","name":"executeScript","parameters":{"specialPowers":false,"scriptTimeout":null,"newSandbox":true,"args":[],"filename":"gaia_test.py","script":"window.wrappedJSObject.dispatchEvent(new Event('home'));","line":788}}, id: {ecafc625-6d43-46d9-b5d8-29b547b537a5}
04-25 17:58:48.519 I/Gecko   (   84): 1398473928533	Marionette	INFO	sendToClient: {"from":"0","value":null}, {ecafc625-6d43-46d9-b5d8-29b547b537a5}, {ecafc625-6d43-46d9-b5d8-29b547b537a5}
04-25 17:58:48.529 I/Gecko   (   84): 1398473928547	Marionette	DEBUG	Got request: switchToFrame, data: {"to":"0","sessionId":"3-b2g","name":"switchToFrame","parameters":{"id":null,"focus":true}}, id: {e38faed7-6e94-4dd9-8c8f-bda7a61ca4a9}
04-25 17:58:48.539 I/Gecko   (   84): 1398473928551	Marionette	INFO	Switched to frame: {"frameValue":null}
04-25 17:58:48.659 I/Gecko   (   84): 1398473928670	Marionette	INFO	sendToClient: {"from":"0","ok":true}, {e38faed7-6e94-4dd9-8c8f-bda7a61ca4a9}, {e38faed7-6e94-4dd9-8c8f-bda7a61ca4a9}
04-25 17:58:48.659 I/Gecko   (   84): 1398473928676	Marionette	DEBUG	Got request: switchToFrame, data: {"to":"0","sessionId":"3-b2g","name":"switchToFrame","parameters":{"id":null,"focus":true}}, id: {ab4f56e6-dc89-4a4e-9d1b-f2357bde57e2}
04-25 17:58:48.659 I/Gecko   (   84): 1398473928678	Marionette	INFO	Switched to frame: {"frameValue":null}
04-25 17:58:48.769 I/Gecko   (   84): 1398473928781	Marionette	INFO	sendToClient: {"from":"0","ok":true}, {ab4f56e6-dc89-4a4e-9d1b-f2357bde57e2}, {ab4f56e6-dc89-4a4e-9d1b-f2357bde57e2}
04-25 17:58:48.769 I/Gecko   (   84): 1398473928788	Marionette	DEBUG	Got request: executeWithCallback, data: {"to":"0","sessionId":"3-b2g","name":"executeAsyncScript","parameters":{"specialPowers":false,"scriptTimeout":null,"newSandbox":true,"args":[],"filename":"gaia_test.py","script":"return GaiaApps.displayedApp();","line":66}}, id: {3f69117b-cd2c-41aa-b431-4a48528f9ff1}
04-25 17:58:48.829 E/GeckoConsole(   84): Content JS LOG at dummy file:392 in GaiaApps.displayedApp: app with origin 'app://homescreen.gaiamobile.org' is displayed
04-25 17:58:48.829 I/Gecko   (   84): 1398473928848	Marionette	INFO	sendToClient: {"from":"0","value":{"frame":{"ELEMENT":"{37fd7d13-606d-4bde-8a9c-e0f43c32d7c3}"},"src":"app://homescreen.gaiamobile.org/index.html#rootFri%20Apr%2025%202014%2017:58:48%20GMT-0700%20(UTC)","name":"Homescreen","origin":"app://homescreen.gaiamobile.org"}}, {3f69117b-cd2c-41aa-b431-4a48528f9ff1}, {3f69117b-cd2c-41aa-b431-4a48528f9ff1}
04-25 17:58:48.849 I/Gecko   (   84): 1398473928861	Marionette	DEBUG	Got request: switchToFrame, data: {"to":"0","sessionId":"3-b2g","name":"switchToFrame","parameters":{"focus":true,"element":"{37fd7d13-606d-4bde-8a9c-e0f43c32d7c3}"}}, id: {3ef6a523-0468-41a7-8897-ea59718adb00}
04-25 17:58:48.849 I/Gecko   (   84): 1398473928867	Marionette	INFO	Switched to frame: {"frameValue":"{37fd7d13-606d-4bde-8a9c-e0f43c32d7c3}"}
04-25 17:58:48.859 I/Gecko   (   84): 1398473928876	Marionette	INFO	trying remote frame 0
04-25 17:58:49.089 I/Gecko   (   84): 1398473929108	Marionette	INFO	sendToClient: {"from":"0","ok":true}, {3ef6a523-0468-41a7-8897-ea59718adb00}, {3ef6a523-0468-41a7-8897-ea59718adb00}
04-25 17:58:49.099 I/Gecko   (   84): 1398473929115	Marionette	DEBUG	Got request: execute, data: {"to":"0","sessionId":"3-b2g","name":"executeScript","parameters":{"specialPowers":false,"scriptTimeout":null,"newSandbox":true,"args":[],"filename":"gaia_test.py","script":"return window.wrappedJSObject.GridManager.pageHelper.getCurrentPageNumber();","line":784}}, id: {f9a3cd0d-8ec7-4ac8-8565-f6592178553a}
04-25 17:58:49.379 I/Gecko   (   84): 1398473929396	Marionette	INFO	sendToClient: {"from":"0","value":0}, {f9a3cd0d-8ec7-4ac8-8565-f6592178553a}, {f9a3cd0d-8ec7-4ac8-8565-f6592178553a}
04-25 17:58:49.489 I/Gecko   (   84): 1398473929504	Marionette	INFO	sendToClient: {"from":"0","value":["{5204862e-d8e8-44d6-a363-3807d9c23bea}","{1ded6941-db18-438c-b2e5-a06685ba9789}","{49ba493c-54b4-4d3c-ba74-f7ae704f2d46}","{4e25e987-c793-455f-b465-7b94b00fd44f}","{cb87f821-9e48-4c62-952e-25ff1e98d843}","{dc34cf3e-153e-4daa-94a4-dae6fb5cf794}","{1e5cc2c6-8914-474f-9071-b23f6a31a2b1}","{23523ece-d08a-40d3-9a13-f786d4ab49c9}","{bc0ce201-4e1f-4929-9e18-9e9ab7aea992}","{5dc046b6-185e-49a0-a8a7-643881d48cba}","{6b6e9617-79d9-45e0-96a3-361f55fffa98}","{e69c553e-75fe-4fc8-ba56-b68ddc413f80}","{79ac1529-2279-44be-a848-6363f1e53276}","{4e2d936e-ecc4-44ee-a7d2-014d9fbb9c28}","{35f48a4c-a309-42e2-ab01-8bd8423dc003}","{714f5902-327a-403a-b185-a40c9df5a524}","{5e3a5aff-3c4a-4e13-9ab6-56665c5ebece}","{a6ff2e03-1bdc-4af4-9ad7-ec06bd286f1a}","{4e3a2dbf-7ab3-472d-b878-20149e3a8034}","{79f828ab-4e01-44f0-a034-62c9eaddccf7}","{f9f8809e-a0ed-49a0-bc6f-47cd59ab6392}","{a68cfcaa-2d7d-42fb-8ea3-a4114ee68b33}","{12d31e34-e9b3-4608-a81e-c6df13798026}","{401c827f-5d21
04-25 17:58:49.749 I/Gecko   (   84): 1398473929762	Marionette	INFO	sendToClient: {"from":"0","value":"app://homescreen.gaiamobile.org/index.html#rootFri%20Apr%2025%202014%2017:58:48%20GMT-0700%20(UTC)"}, {3f60c962-03cd-447b-b1f5-e7f0837ff403}, {3f60c962-03cd-447b-b1f5-e7f0837ff403}
04-25 17:58:49.749 I/Gecko   (   84): 1398473929768	Marionette	DEBUG	Got request: switchToFrame, data: {"to":"0","sessionId":"3-b2g","name":"switchToFrame","parameters":{"id":null,"focus":true}}, id: {026a6b0c-c23a-44b1-8481-f2d808f9579a}
04-25 17:58:49.789 I/Gecko   (   84): 1398473929808	Marionette	INFO	Switched to frame: {"frameValue":null}
04-25 17:58:49.899 I/Gecko   (   84): 1398473929912	Marionette	INFO	sendToClient: {"from":"0","ok":true}, {026a6b0c-c23a-44b1-8481-f2d808f9579a}, {026a6b0c-c23a-44b1-8481-f2d808f9579a}
04-25 17:58:49.899 I/Gecko   (   84): 1398473929917	Marionette	DEBUG	Got request: switchToFrame, data: {"to":"0","sessionId":"3-b2g","name":"switchToFrame","parameters":{"id":null,"focus":true}}, id: {e49a1ffb-a7c8-4278-83e8-1c750f703008}
04-25 17:58:49.909 I/Gecko   (   84): 1398473929920	Marionette	INFO	Switched to frame: {"frameValue":null}
04-25 17:58:49.929 W/WifiHW  (   84): wifi_command: SIGNAL_POLL
04-25 17:58:50.009 I/Gecko   (   84): 1398473930021	Marionette	INFO	sendToClient: {"from":"0","ok":true}, {e49a1ffb-a7c8-4278-83e8-1c750f703008}, {e49a1ffb-a7c8-4278-83e8-1c750f703008}
04-25 17:58:50.049 I/Gecko   (   84): 1398473930067	Marionette	DEBUG	Got request: executeWithCallback, data: {"to":"0","sessionId":"3-b2g","name":"executeAsyncScript","parameters":{"specialPowers":false,"scriptTimeout":30000,"newSandbox":true,"args":[],"filename":"app_checker.py","script":"GaiaApps.launchWithManifestURL('https://marketplace.firefox.com/app/12740568-cf0d-4484-8aad-53e077524836/manifest.webapp')","line":106}}, id: {721af035-e569-4ffb-b551-51baffdcc1b6}
04-25 17:58:50.239 I/Gonk    (   84): Setting nice for pid 936 to 18
04-25 17:58:50.239 I/Gonk    (   84): Changed nice for pid 936 from 18 to 18.
04-25 17:58:50.239 I/Gecko   (   84): [Parent 84] WARNING: waitpid failed pid:936 errno:10: file ../../../gecko/ipc/chromium/src/base/process_util_posix.cc, line 254
04-25 17:58:50.249 I/Gonk    (   84): Setting nice for pid 936 to 1
04-25 17:58:50.249 I/Gonk    (   84): Changed nice for pid 936 from 18 to 1.
04-25 17:58:50.289 E/GeckoConsole(   84): Content JS LOG at dummy file:334 in GaiaApps.launch: launching app with name 'App Map'
04-25 17:58:50.399 E/[Gralloc-ERROR](   84): int gralloc_register_buffer(const gralloc_module_t*, const native_handle_t*):79 Unable to register handle 0x46549ec0 coming from different process: 84
04-25 17:58:50.429 E/[Gralloc-ERROR](   84): int gralloc_register_buffer(const gralloc_module_t*, const native_handle_t*):79 Unable to register handle 0x46549f60 coming from different process: 84
04-25 17:58:50.439 E/[Gralloc-ERROR](   84): int gralloc_register_buffer(const gralloc_module_t*, const native_handle_t*):79 Unable to register handle 0x465a2100 coming from different process: 84
04-25 17:58:50.449 E/[Gralloc-ERROR](   84): int gralloc_register_buffer(const gralloc_module_t*, const native_handle_t*):79 Unable to register handle 0x465a2c40 coming from different process: 84
04-25 17:58:50.609 D/Sensors (   84): activate handle=0; drv=0
04-25 17:58:50.619 D/Sensors (   84): Lis3dhSensor: Control set 1
04-25 17:58:50.619 D/Sensors (   84): Lis3dhSensor: mEnabled = 1
04-25 17:58:50.669 I/Gonk    (   84): Setting nice for pid 916 to 18
04-25 17:58:50.669 I/Gonk    (   84): Changed nice for pid 916 from 1 to 18.
04-25 17:58:51.429 I/Gecko   (   84): 
04-25 17:58:51.429 I/Gecko   (   84): ###!!! [Parent][MessageChannel] Error: Channel error: cannot send/recv
04-25 17:58:51.429 I/Gecko   (   84): 
04-25 17:58:51.469 I/Gecko   (   84): [Parent 84] WARNING: waitpid failed pid:916 errno:10: file ../../../gecko/ipc/chromium/src/base/process_util_posix.cc, line 254
04-25 17:58:51.509 I/Gecko   (  936): ###################################### forms.js loaded
04-25 17:58:51.529 I/Gecko   (  936): ############################### browserElementPanning.js loaded
04-25 17:58:51.549 I/Gecko   (  936): ######################## BrowserElementChildPreload.js loaded
04-25 17:58:52.859 I/Gonk    (   84): Setting nice for pid 990 to 18
04-25 17:58:52.859 I/Gonk    (   84): Changed nice for pid 990 from 0 to 18.
04-25 17:58:52.879 E/GeckoConsole(   84): Content JS LOG at dummy file:326 in GaiaApps.launch/appOpen/<: app with origin 'app://{a294d0fd-7259-4f3e-b712-2ce8b0270669}' has launched
04-25 17:58:52.889 I/Gecko   (   84): 1398473932900	Marionette	INFO	sendToClient: {"from":"0","value":{"frame":{"ELEMENT":"{99779696-ea2f-4282-8e7a-7d4354c3289c}"},"src":"app://{a294d0fd-7259-4f3e-b712-2ce8b0270669}/index.html","name":"App Map","origin":"app://{a294d0fd-7259-4f3e-b712-2ce8b0270669}"}}, {721af035-e569-4ffb-b551-51baffdcc1b6}, {721af035-e569-4ffb-b551-51baffdcc1b6}
04-25 17:58:52.979 E/[Gralloc-ERROR](   84): int gralloc_unregister_buffer(const gralloc_module_t*, const native_handle_t*):274 Trying to unregister buffer 0x46549f60 from process 84 that was not created in current process: 84
04-25 17:58:52.979 E/[Gralloc-ERROR](   84): int gralloc_unregister_buffer(const gralloc_module_t*, const native_handle_t*):274 Trying to unregister buffer 0x46549ec0 from process 84 that was not created in current process: 84
04-25 17:58:52.979 E/[Gralloc-ERROR](   84): int gralloc_unregister_buffer(const gralloc_module_t*, const native_handle_t*):274 Trying to unregister buffer 0x465a2c40 from process 84 that was not created in current process: 84
04-25 17:58:52.979 E/[Gralloc-ERROR](   84): int gralloc_unregister_buffer(const gralloc_module_t*, const native_handle_t*):274 Trying to unregister buffer 0x465a2100 from process 84 that was not created in current process: 84
04-25 17:58:52.979 I/Gonk    (   84): Setting nice for pid 990 to 18
04-25 17:58:52.979 I/Gonk    (   84): Changed nice for pid 990 from 18 to 18.
04-25 17:58:52.979 I/Gecko   (   84): [Parent 84] WARNING: waitpid failed pid:990 errno:10: file ../../../gecko/ipc/chromium/src/base/process_util_posix.cc, line 254
04-25 17:58:53.069 I/Gecko   (   84): 1398473933081	Marionette	DEBUG	Got request: switchToFrame, data: {"to":"0","sessionId":"3-b2g","name":"switchToFrame","parameters":{"focus":true,"element":"{99779696-ea2f-4282-8e7a-7d4354c3289c}"}}, id: {31dbcfc9-7ab6-434e-8f0a-9dfc7cff6752}
04-25 17:58:53.099 I/Gecko   (   84): 1398473933114	Marionette	INFO	Switched to frame: {"frameValue":"{99779696-ea2f-4282-8e7a-7d4354c3289c}"}
04-25 17:58:53.129 I/Gecko   (   84): 1398473933139	Marionette	INFO	trying remote frame 0
04-25 17:58:53.129 I/Gecko   (   84): 1398473933140	Marionette	INFO	deleting frame
04-25 17:58:53.129 I/Gecko   (   84): 1398473933145	Marionette	INFO	frame-manager load script: [object ChromeMessageSender]
04-25 17:58:53.299 V/AudioPolicyManagerBase(   89): startOutput() output 1, stream 1, session 3
04-25 17:58:53.299 V/AudioPolicyManagerBase(   89): changeRefCount() stream 1, count 1
04-25 17:58:53.299 V/AudioPolicyManagerBase(   89): getDeviceForStrategy() from cache strategy 0, device 2
04-25 17:58:53.299 V/AudioPolicyManagerBase(   89): getNewDevice() selected device 2
04-25 17:58:53.299 D/AudioPolicyManagerBase(   89): setOutputDevice() output 1 device 2 delayMs 0
04-25 17:58:53.299 V/AudioPolicyManagerBase(   89): setOutputDevice() setting same device 2 or null device for output 1
04-25 17:58:53.299 E/AudioPolicyManagerBase(   89): checkAndSetVolume stream=1, index=0, output=1, device=2
04-25 17:58:53.299 E/AudioPolicyManagerBase(   89): computeVolume, streamDesc=0x216bb8
04-25 17:58:53.309 W/AudioFlinger(   89): Thread AudioOut_1 cannot connect to the power manager service
04-25 17:58:53.309 V/AudioPolicyManagerBase(   89): stopOutput() output 1, stream 1, session 3
04-25 17:58:53.309 V/AudioPolicyManagerBase(   89): changeRefCount() stream 1, count 0
04-25 17:58:53.309 V/AudioPolicyManagerBase(   89): getNewDevice() selected device 0
04-25 17:58:53.309 D/AudioPolicyManagerBase(   89): setOutputDevice() output 1 device 0 delayMs 290
04-25 17:58:53.309 V/AudioPolicyManagerBase(   89): setOutputDevice() setting same device 0 or null device for output 1
04-25 17:58:53.309 V/AudioPolicyManagerBase(   89): releaseOutput() 1
04-25 17:58:53.469 I/Gecko   (   84): [Parent 84] WARNING: waitpid failed pid:916 errno:10: file ../../../gecko/ipc/chromium/src/base/process_util_posix.cc, line 254
04-25 17:58:53.469 I/Gecko   (   84): [Parent 84] WARNING: Failed to deliver SIGKILL to 916!(3).: file ../../../gecko/ipc/chromium/src/chrome/common/process_watcher_posix_sigchld.cc, line 118
04-25 17:58:53.649 E/GeckoConsole(  936): [JavaScript Warning: "Error in parsing value for 'background'.  Declaration dropped." {file: "app://{a294d0fd-7259-4f3e-b712-2ce8b0270669}/index.html" line: 0 column: 0 source: "-webkit-linear-gradient(left, #000, #fff)"}]
04-25 17:58:53.979 I/Gonk    (   84): Setting nice for pid 990 to 18
04-25 17:58:53.979 I/Gonk    (   84): Changed nice for pid 990 from 18 to 18.
04-25 17:58:54.819 I/Gecko   (   84): 
04-25 17:58:54.819 I/Gecko   (   84): ###!!! [Parent][MessageChannel] Error: Channel error: cannot send/recv
04-25 17:58:54.819 I/Gecko   (   84): 
04-25 17:58:54.969 I/Gonk    (   84): Setting nice for pid 1002 to 18
04-25 17:58:54.969 I/Gonk    (   84): Changed nice for pid 1002 from 0 to 18.
04-25 17:58:54.989 I/Gecko   (   84): [Parent 84] WARNING: waitpid failed pid:990 errno:10: file ../../../gecko/ipc/chromium/src/base/process_util_posix.cc, line 254
04-25 17:58:55.079 W/WifiHW  (   84): wifi_command: SIGNAL_POLL
04-25 17:58:55.359 I/Gecko   (   84): 1398473935378	Marionette	INFO	sendToClient: {"from":"0","ok":true}, {31dbcfc9-7ab6-434e-8f0a-9dfc7cff6752}, {31dbcfc9-7ab6-434e-8f0a-9dfc7cff6752}
04-25 17:58:56.119 I/Gecko   (   84): 1398473936132	Marionette	INFO	sendToClient: {"from":"0","value":"app://{a294d0fd-7259-4f3e-b712-2ce8b0270669}/index.html"}, {bfd20e82-2479-44f5-a148-f1c387d6d9d3}, {bfd20e82-2479-44f5-a148-f1c387d6d9d3}
04-25 17:58:56.129 I/Gecko   (   84): 1398473936145	Marionette	DEBUG	Got request: execute, data: {"to":"0","sessionId":"3-b2g","name":"executeScript","parameters":{"specialPowers":false,"scriptTimeout":null,"newSandbox":true,"args":[],"filename":"app_checker.py","script":"return window.document.readyState;","line":191}}, id: {0525d386-d9b0-437f-a269-afc957332adf}
04-25 17:58:56.389 I/Gecko   (   84): 1398473936403	Marionette	INFO	sendToClient: {"from":"0","value":"complete"}, {0525d386-d9b0-437f-a269-afc957332adf}, {0525d386-d9b0-437f-a269-afc957332adf}
04-25 17:58:56.989 I/Gecko   (   84): [Parent 84] WARNING: waitpid failed pid:990 errno:10: file ../../../gecko/ipc/chromium/src/base/process_util_posix.cc, line 254
04-25 17:58:56.989 I/Gecko   (   84): [Parent 84] WARNING: Failed to deliver SIGKILL to 990!(3).: file ../../../gecko/ipc/chromium/src/chrome/common/process_watcher_posix_sigchld.cc, line 118
04-25 17:58:57.569 I/Gecko   (   84): 1398473937582	Marionette	INFO	sendToClient: {"from":"0","value":"app://{a294d0fd-7259-4f3e-b712-2ce8b0270669}/index.html"}, {4d1af7d6-36c9-452c-9a9f-b25fe6743033}, {4d1af7d6-36c9-452c-9a9f-b25fe6743033}
04-25 17:58:59.519 I/Gecko   (  936): Attempting load of libEGL.so
04-25 17:58:59.639 D/libEGL  (  936): loaded /system/lib/egl/libEGL_mali.so
04-25 17:58:59.689 D/libEGL  (  936): loaded /system/lib/egl/libGLESv1_CM_mali.so
04-25 17:58:59.719 D/libEGL  (  936): loaded /system/lib/egl/libGLESv2_mali.so
04-25 17:58:59.869 I/Gecko   (  936): SharedSurface_Gralloc::Create -------
04-25 17:58:59.949 I/Gecko   (  936): SharedSurface_Gralloc::Create: success -- surface 0x403afb00, GraphicBuffer 0x443d4d00.
04-25 17:59:00.889 W/WifiHW  (   84): wifi_command: SIGNAL_POLL
04-25 17:59:01.619 I/Gecko   (   84): 1398473941627	Marionette	INFO	sendToClient: {"from":"0","value":"iVBORw0KGgoAAAANSUhEUgAAAUAAAAHMCAYAAACk4nEJAAAgAElEQVR4nOx9u4sbSfe2/4QNnQ442XDAyRdaocCJwMEoexkcGEVGOFiUGbGBUWQUDWKy2WCgE0NPMNCTCFqBoBU0tAJBd9BBBR1U0EEFDs4XnDqnqvqi22gu+/7ehWI9uqvV/dS5POd53kSZB6daqlR6yZ2PlaW0Hl9f4+9jgN8K4Df+e9tjVR6AmPdA6s8gZFL5XPX3SovoZN/7f8uDcHPD/w/XN/z3Ma/z//4KD1rh5gZSEUIqQue1UhHq317W7jt2JXngnEeylCBlCmkRQSICkDLl90tFyPcnuQ9R5oEoEkjipPaaqQhBFAkImUAqQkjy4KS/j7cCkHTuixCiTQCqlM770HdKhLlNyASfs47wPv097GMhZcrXMz2ubeHxUaCKBMS8B+L6LairtwDXZyCv/gDx0OXfbOs1r99LSglCKpjNAWYPes3NCjOA4N6H2dUMxt/HcPMrgpsF8HpzyoMsS8FfcveJ5ONJUkR80lQBUBYCZCF2A2CpQIkIxOIS5HIIynr/6gn7P/B73KqCW7ix/s6t29bHAWCUeeAv9gdBf9H8Pgh+7u9e3RiPWUImIAoEqShHQHPet4hAlRKkSCHKFAQxXmjhGs+7VOjzL3/e301IBeHaArAVXn822NH1S38nwlw7IktAVgOb3GOQZ4ATKQNTDfxKCclyBPK2A/LqD1DXCHzq6i2Dn1xPQYloLwCUhQCRp6CUAlkqiHIEPFpRDniflAC/FSilwF/B8QC4a1fn3eKI3TbJfefLBfMAxt/HMP4+hmBeB7HmJUDGExDzHiTriXVCuo+zf/T/rf1/+2A1c/5m8Ms9SITvRAfHvL4NmvuAYBv44fnUfM6cKhK0z9v6+0oQBYJfKhSkQpnIbxPw457rt6PNQGRWYLLy+T66jSK56nOllC
04-25 17:59:02.229 I/Gecko   (   84): 1398473942248	Marionette	INFO	sendToClient: {"from":"0","ok":true}, {e194cd8e-e5e9-416e-9a7f-a185cc48edb0}, {e194cd8e-e5e9-416e-9a7f-a185cc48edb0}
04-25 17:59:03.269 I/Gecko   (   84): 1398473943286	Marionette	DEBUG	Got request: switchToFrame, data: {"to":"0","sessionId":"3-b2g","name":"switchToFrame","parameters":{"id":null,"focus":true}}, id: {6da958aa-55d7-4cc4-a018-2752cb4b3596}
04-25 17:59:03.679 I/Gecko   (   84): 1398473943697	Marionette	INFO	Switched to frame: {"frameValue":null}
04-25 17:59:03.829 I/Gecko   (   84): 1398473943844	Marionette	INFO	sendToClient: {"from":"0","ok":true}, {6da958aa-55d7-4cc4-a018-2752cb4b3596}, {6da958aa-55d7-4cc4-a018-2752cb4b3596}
04-25 17:59:03.979 I/Gecko   (   84): 1398473943993	Marionette	DEBUG	Got request: executeWithCallback, data: {"to":"0","sessionId":"3-b2g","name":"executeAsyncScript","parameters":{"specialPowers":false,"scriptTimeout":null,"newSandbox":true,"args":[],"filename":"gaia_test.py","script":"return GaiaApps.displayedApp();","line":66}}, id: {2a5a2b4a-ba2e-4467-bb69-c9006a9c2e1e}
04-25 17:59:04.359 E/GeckoConsole(   84): Content JS LOG at dummy file:392 in GaiaApps.displayedApp: app with origin 'app://{a294d0fd-7259-4f3e-b712-2ce8b0270669}' is displayed
04-25 17:59:04.369 I/Gecko   (   84): 1398473944383	Marionette	INFO	sendToClient: {"from":"0","value":{"frame":{"ELEMENT":"{99779696-ea2f-4282-8e7a-7d4354c3289c}"},"src":"app://{a294d0fd-7259-4f3e-b712-2ce8b0270669}/index.html","name":"App Map","origin":"app://{a294d0fd-7259-4f3e-b712-2ce8b0270669}"}}, {2a5a2b4a-ba2e-4467-bb69-c9006a9c2e1e}, {2a5a2b4a-ba2e-4467-bb69-c9006a9c2e1e}
04-25 17:59:04.569 I/Gecko   (   84): 1398473944588	Marionette	DEBUG	Got request: switchToFrame, data: {"to":"0","sessionId":"3-b2g","name":"switchToFrame","parameters":{"id":null,"focus":true}}, id: {f60b8385-7acd-4a90-97d6-790b3876d277}
04-25 17:59:04.589 I/Gecko   (   84): 1398473944602	Marionette	INFO	Switched to frame: {"frameValue":null}
04-25 17:59:06.429 W/WifiHW  (   84): wifi_command: SIGNAL_POLL
04-25 17:59:06.539 I/Gecko   (   84): 1398473946556	Marionette	INFO	sendToClient: {"from":"0","ok":true}, {f60b8385-7acd-4a90-97d6-790b3876d277}, {f60b8385-7acd-4a90-97d6-790b3876d277}
04-25 17:59:07.469 I/Gecko   (   84): 1398473947481	Marionette	DEBUG	Got request: execute, data: {"to":"0","sessionId":"3-b2g","name":"executeScript","parameters":{"specialPowers":false,"scriptTimeout":null,"newSandbox":true,"args":[],"filename":"gaia_test.py","script":"window.wrappedJSObject.dispatchEvent(new Event('home'));","line":788}}, id: {26c99932-a031-4388-bd20-a9d3035de2f6}
04-25 17:59:07.929 I/Gonk    (   84): Setting nice for pid 1002 to 18
04-25 17:59:07.929 I/Gonk    (   84): Changed nice for pid 1002 from 18 to 18.
04-25 17:59:07.929 I/Gecko   (   84): [Parent 84] WARNING: waitpid failed pid:1002 errno:10: file ../../../gecko/ipc/chromium/src/base/process_util_posix.cc, line 254
04-25 17:59:08.019 I/Gonk    (   84): Setting nice for pid 1002 to 1
04-25 17:59:08.019 I/Gonk    (   84): Changed nice for pid 1002 from 18 to 1.
04-25 17:59:08.109 D/Sensors (   84): activate handle=0; drv=0
04-25 17:59:08.119 D/Sensors (   84): Lis3dhSensor: Control set 0
04-25 17:59:08.119 D/Sensors (   84): Lis3dhSensor: mEnabled = 0
04-25 17:59:08.309 I/Gecko   (   84): 1398473948321	Marionette	INFO	sendToClient: {"from":"0","value":null}, {26c99932-a031-4388-bd20-a9d3035de2f6}, {26c99932-a031-4388-bd20-a9d3035de2f6}
04-25 17:59:08.389 I/Gecko   (   84): 1398473948400	Marionette	DEBUG	Got request: switchToFrame, data: {"to":"0","sessionId":"3-b2g","name":"switchToFrame","parameters":{"id":null,"focus":true}}, id: {a55d3105-be32-4906-941b-e069b6f9b7b4}
04-25 17:59:08.519 I/Gecko   (   84): 1398473948537	Marionette	INFO	Switched to frame: {"frameValue":null}
04-25 17:59:08.709 I/Gecko   (   84): 1398473948721	Marionette	INFO	sendToClient: {"from":"0","ok":true}, {a55d3105-be32-4906-941b-e069b6f9b7b4}, {a55d3105-be32-4906-941b-e069b6f9b7b4}
04-25 17:59:08.719 I/Gecko   (   84): 1398473948738	Marionette	DEBUG	Got request: executeWithCallback, data: {"to":"0","sessionId":"3-b2g","name":"executeAsyncScript","parameters":{"specialPowers":false,"scriptTimeout":null,"newSandbox":true,"args":[],"filename":"gaia_test.py","script":"return GaiaApps.displayedApp();","line":66}}, id: {0140cea2-a24d-48cc-9be1-b710e129eb62}
04-25 17:59:08.999 E/GeckoConsole(   84): Content JS LOG at dummy file:392 in GaiaApps.displayedApp: app with origin 'app://homescreen.gaiamobile.org' is displayed
04-25 17:59:09.009 I/Gecko   (   84): 1398473949027	Marionette	INFO	sendToClient: {"from":"0","value":{"frame":{"ELEMENT":"{15ec822a-7541-4c36-b48e-11cceee61efd}"},"src":"app://homescreen.gaiamobile.org/index.html#root","name":"Homescreen","origin":"app://homescreen.gaiamobile.org"}}, {0140cea2-a24d-48cc-9be1-b710e129eb62}, {0140cea2-a24d-48cc-9be1-b710e129eb62}
04-25 17:59:09.039 I/Gecko   (   84): 1398473949058	Marionette	DEBUG	Got request: switchToFrame, data: {"to":"0","sessionId":"3-b2g","name":"switchToFrame","parameters":{"id":null,"focus":true}}, id: {28151388-b3d6-435c-a373-ce1b9fdca005}
04-25 17:59:09.059 I/Gecko   (   84): 1398473949078	Marionette	INFO	Switched to frame: {"frameValue":null}
04-25 17:59:10.139 I/Gecko   (   84): 1398473950157	Marionette	INFO	sendToClient: {"from":"0","ok":true}, {28151388-b3d6-435c-a373-ce1b9fdca005}, {28151388-b3d6-435c-a373-ce1b9fdca005}
04-25 17:59:10.759 I/Gonk    (   84): Setting nice for pid 936 to 18
04-25 17:59:10.769 I/Gonk    (   84): Changed nice for pid 936 from 1 to 18.
04-25 17:59:10.949 I/log     ( 1020): <4>0[ 203.722880] select 936 (App Map), adj 10, size 8866, to kill 
04-25 17:59:11.139 I/Gecko   (   84): 1398473951157	Marionette	DEBUG	Got request: switchToFrame, data: {"to":"0","sessionId":"3-b2g","name":"switchToFrame","parameters":{"id":null,"focus":true}}, id: {c22de48a-844d-4386-a3ab-5620560aac05}
04-25 17:59:11.239 I/Gecko   (   84): 1398473951253	Marionette	INFO	Switched to frame: {"frameValue":null}
04-25 17:59:11.399 I/Gecko   (   84): 1398473951413	Marionette	INFO	sendToClient: {"from":"0","ok":true}, {c22de48a-844d-4386-a3ab-5620560aac05}, {c22de48a-844d-4386-a3ab-5620560aac05}
04-25 17:59:11.549 W/WifiHW  (   84): wifi_command: SIGNAL_POLL
04-25 17:59:11.569 I/Gecko   (   84): 1398473951582	Marionette	DEBUG	Got request: executeWithCallback, data: {"to":"0","sessionId":"3-b2g","name":"executeAsyncScript","parameters":{"specialPowers":false,"scriptTimeout":null,"newSandbox":true,"args":[],"filename":"gaia_test.py","script":"return GaiaApps.displayedApp();","line":66}}, id: {64d9c698-9221-4d24-bfe1-11062d65e88e}
04-25 17:59:11.929 I/Gecko   (   84): 1398473951943	Marionette	INFO	sendToClient: {"from":"0","value":{"frame":{"ELEMENT":"{15ec822a-7541-4c36-b48e-11cceee61efd}"},"src":"app://homescreen.gaiamobile.org/index.html#root","name":"Homescreen","origin":"app://homescreen.gaiamobile.org"}}, {64d9c698-9221-4d24-bfe1-11062d65e88e}, {64d9c698-9221-4d24-bfe1-11062d65e88e}
04-25 17:59:11.929 E/GeckoConsole(   84): Content JS LOG at dummy file:392 in GaiaApps.displayedApp: app with origin 'app://homescreen.gaiamobile.org' is displayed
04-25 17:59:11.959 I/Gecko   (   84): 1398473951969	Marionette	DEBUG	Got request: switchToFrame, data: {"to":"0","sessionId":"3-b2g","name":"switchToFrame","parameters":{"focus":true,"element":"{15ec822a-7541-4c36-b48e-11cceee61efd}"}}, id: {5b188a73-63f3-412e-9443-6d61df572650}
04-25 17:59:12.009 I/Gecko   (   84): 1398473952027	Marionette	INFO	Switched to frame: {"frameValue":"{15ec822a-7541-4c36-b48e-11cceee61efd}"}
04-25 17:59:12.059 I/Gecko   (   84): 1398473952074	Marionette	INFO	trying remote frame 0
04-25 17:59:12.059 I/Gecko   (   84): 1398473952075	Marionette	INFO	deleting frame
04-25 17:59:12.079 I/Gecko   (   84): 1398473952091	Marionette	INFO	frame-manager load script: [object ChromeMessageSender]
04-25 17:59:12.159 I/Gecko   ( 1002): ###################################### forms.js loaded
04-25 17:59:12.229 I/Gecko   ( 1002): ############################### browserElementPanning.js loaded
04-25 17:59:12.259 I/Gecko   ( 1002): ######################## BrowserElementChildPreload.js loaded
04-25 17:59:12.709 I/Gecko   (   84): [Parent 84] WARNING: pipe error (105): Connection reset by peer: file ../../../gecko/ipc/chromium/src/chrome/common/ipc_channel_posix.cc, line 446
04-25 17:59:12.719 I/Gecko   (   84): 
04-25 17:59:12.719 I/Gecko   (   84): ###!!! [Parent][MessageChannel] Error: Channel error: cannot send/recv
04-25 17:59:12.719 I/Gecko   (   84): 
04-25 17:59:12.829 I/Gecko   (   84): [Parent 84] WARNING: waitpid failed pid:936 errno:10: file ../../../gecko/ipc/chromium/src/base/process_util_posix.cc, line 254
04-25 17:59:13.049 I/Gonk    (   84): Setting nice for pid 1025 to 18
04-25 17:59:13.049 I/Gonk    (   84): Changed nice for pid 1025 from 0 to 18.
04-25 17:59:13.779 I/Gecko   (   84): 1398473953791	Marionette	INFO	sendToClient: {"from":"0","ok":true}, {5b188a73-63f3-412e-9443-6d61df572650}, {5b188a73-63f3-412e-9443-6d61df572650}
04-25 17:59:14.259 I/Gecko   (   84): 1398473954278	Marionette	INFO	sendToClient: {"from":"0","value":"app://homescreen.gaiamobile.org/index.html#root"}, {7c425a8b-56a4-469f-bd85-90ccb9ad505e}, {7c425a8b-56a4-469f-bd85-90ccb9ad505e}
04-25 17:59:14.269 I/Gecko   (   84): 1398473954284	Marionette	DEBUG	Got request: switchToFrame, data: {"to":"0","sessionId":"3-b2g","name":"switchToFrame","parameters":{"id":null,"focus":true}}, id: {315401fb-cf51-4974-bf0a-aaf655af2f0a}
04-25 17:59:14.279 I/Gecko   (   84): 1398473954295	Marionette	INFO	Switched to frame: {"frameValue":null}
04-25 17:59:14.399 I/Gecko   (   84): 1398473954412	Marionette	INFO	sendToClient: {"from":"0","ok":true}, {315401fb-cf51-4974-bf0a-aaf655af2f0a}, {315401fb-cf51-4974-bf0a-aaf655af2f0a}
04-25 17:59:14.399 I/Gecko   (   84): 1398473954418	Marionette	DEBUG	Got request: switchToFrame, data: {"to":"0","sessionId":"3-b2g","name":"switchToFrame","parameters":{"id":null,"focus":true}}, id: {973af381-61d5-4288-9f8e-6a764fdec823}
04-25 17:59:14.409 I/Gecko   (   84): 1398473954421	Marionette	INFO	Switched to frame: {"frameValue":null}
04-25 17:59:14.519 I/Gecko   (   84): 1398473954531	Marionette	INFO	sendToClient: {"from":"0","ok":true}, {973af381-61d5-4288-9f8e-6a764fdec823}, {973af381-61d5-4288-9f8e-6a764fdec823}
04-25 17:59:14.519 I/Gecko   (   84): 1398473954537	Marionette	DEBUG	Got request: executeWithCallback, data: {"to":"0","sessionId":"3-b2g","name":"executeAsyncScript","parameters":{"specialPowers":false,"scriptTimeout":null,"newSandbox":true,"args":[],"filename":"gaia_test.py","script":"GaiaApps.killAll()","line":91}}, id: {1b7d2600-ecf8-4dfb-ad26-ad4e2e49fcf6}
04-25 17:59:14.579 I/Gecko   (   84): 1398473954591	Marionette	INFO	sendToClient: {"from":"0","value":true}, {1b7d2600-ecf8-4dfb-ad26-ad4e2e49fcf6}, {1b7d2600-ecf8-4dfb-ad26-ad4e2e49fcf6}
04-25 17:59:14.579 I/Gecko   (   84): 1398473954596	Marionette	DEBUG	Got request: switchToFrame, data: {"to":"0","sessionId":"3-b2g","name":"switchToFrame","parameters":{"id":null,"focus":true}}, id: {f9b9d4d1-e00d-4be9-923b-54bb2304ca50}
04-25 17:59:14.579 I/Gecko   (   84): 1398473954598	Marionette	INFO	Switched to frame: {"frameValue":null}
04-25 17:59:14.699 I/Gecko   (   84): 1398473954710	Marionette	INFO	sendToClient: {"from":"0","ok":true}, {f9b9d4d1-e00d-4be9-923b-54bb2304ca50}, {f9b9d4d1-e00d-4be9-923b-54bb2304ca50}
04-25 17:59:14.699 I/Gecko   (   84): 1398473954716	Marionette	DEBUG	Got request: executeWithCallback, data: {"to":"0","sessionId":"3-b2g","name":"executeAsyncScript","parameters":{"specialPowers":false,"scriptTimeout":60000,"newSandbox":true,"args":[],"filename":"app_checker.py","script":"\n        GaiaApps.locateWithManifestURL('https://marketplace.firefox.com/app/12740568-cf0d-4484-8aad-53e077524836/manifest.webapp',\n                                       null,\n                                       function uninstall(app) {\n                                       navigator.mozApps.mgmt.uninstall(app);\n                                       marionetteScriptFinished(true);\n                                       });\n        ","line":129}}, id: {2c020024-dedd-47b6-ac89-3e74490d5f26}
04-25 17:59:14.739 I/Gecko   (   84): -- webapps.js uninstall https://marketplace.firefox.com/app/12740568-cf0d-4484-8aad-53e077524836/manifest.webapp
04-25 17:59:14.839 I/Gecko   (   84): [Parent 84] WARNING: waitpid failed pid:936 errno:10: file ../../../gecko/ipc/chromium/src/base/process_util_posix.cc, line 254
04-25 17:59:14.839 I/Gecko   (   84): [Parent 84] WARNING: Failed to deliver SIGKILL to 936!(3).: file ../../../gecko/ipc/chromium/src/chrome/common/process_watcher_posix_sigchld.cc, line 118
04-25 17:59:15.139 I/Gecko   (   84): 1398473955151	Marionette	INFO	sendToClient: {"from":"0","value":true}, {2c020024-dedd-47b6-ac89-3e74490d5f26}, {2c020024-dedd-47b6-ac89-3e74490d5f26}