--------- beginning of /dev/log/main
04-25 09:56:29.063 I/Gecko   (   84): 1398444989075	Marionette	INFO	sendToClient: {"from":"0","ok":true}, {34931274-8fec-4317-84cd-a1d50e06741b}, {34931274-8fec-4317-84cd-a1d50e06741b}
04-25 09:56:29.093 I/Gecko   (   84): 1398444989101	Marionette	DEBUG	Got request: switchToFrame, data: {"to":"0","sessionId":"3-b2g","name":"switchToFrame","parameters":{"id":null,"focus":true}}, id: {dc1eb4ae-35fa-45d7-9536-79b6b71aab9a}
04-25 09:56:29.093 I/Gecko   (   84): 1398444989103	Marionette	INFO	Switched to frame: {"frameValue":null}
04-25 09:56:29.213 I/Gecko   (   84): 1398444989220	Marionette	INFO	sendToClient: {"from":"0","ok":true}, {dc1eb4ae-35fa-45d7-9536-79b6b71aab9a}, {dc1eb4ae-35fa-45d7-9536-79b6b71aab9a}
04-25 09:56:29.213 I/Gecko   (   84): 1398444989227	Marionette	DEBUG	Got request: executeWithCallback, data: {"to":"0","sessionId":"3-b2g","name":"executeAsyncScript","parameters":{"specialPowers":false,"scriptTimeout":null,"newSandbox":true,"args":[],"filename":"gaia_test.py","script":"return GaiaApps.displayedApp();","line":66}}, id: {8a94f1cb-3082-4ecb-b50f-8b6f72b7c726}
04-25 09:56:29.333 I/Gecko   (   84): 1398444989340	Marionette	INFO	sendToClient: {"from":"0","value":{"frame":{"ELEMENT":"{d8f66271-3594-4b5c-a448-e43c62cd06ee}"},"src":"app://homescreen.gaiamobile.org/index.html#root","name":"Homescreen","origin":"app://homescreen.gaiamobile.org"}}, {8a94f1cb-3082-4ecb-b50f-8b6f72b7c726}, {8a94f1cb-3082-4ecb-b50f-8b6f72b7c726}
04-25 09:56:29.343 E/GeckoConsole(   84): Content JS LOG at dummy file:392 in GaiaApps.displayedApp: app with origin 'app://homescreen.gaiamobile.org' is displayed
04-25 09:56:29.363 I/Gecko   (   84): 1398444989371	Marionette	DEBUG	Got request: switchToFrame, data: {"to":"0","sessionId":"3-b2g","name":"switchToFrame","parameters":{"id":null,"focus":true}}, id: {ab484e66-8750-4092-8b83-b2685bab0a04}
04-25 09:56:29.363 I/Gecko   (   84): 1398444989376	Marionette	INFO	Switched to frame: {"frameValue":null}
04-25 09:56:29.473 I/Gecko   (   84): 1398444989482	Marionette	INFO	sendToClient: {"from":"0","ok":true}, {ab484e66-8750-4092-8b83-b2685bab0a04}, {ab484e66-8750-4092-8b83-b2685bab0a04}
04-25 09:56:29.483 I/Gecko   (   84): 1398444989492	Marionette	DEBUG	Got request: switchToFrame, data: {"to":"0","sessionId":"3-b2g","name":"switchToFrame","parameters":{"id":null,"focus":true}}, id: {4dde37c9-6a47-4fe9-a31d-c74717cf5b55}
04-25 09:56:29.503 I/Gecko   (   84): 1398444989511	Marionette	INFO	Switched to frame: {"frameValue":null}
04-25 09:56:29.533 E/GeckoConsole(  954): Content JS ERROR at app://homescreen.gaiamobile.org/gaia_build_defer_index.js:390 in loadSVConfFileError: Failed parsing singleVariant configuration file [js/singlevariantconf.json]:  [Exception... "File error: Not found"  nsresult: "0x80520012 (NS_ERROR_FILE_NOT_FOUND)"  location: "JS frame :: app://homescreen.gaiamobile.org/gaia_build_defer_index.js :: loadFile :: line 382"  data: no]
04-25 09:56:29.603 I/Gecko   (   84): 1398444989613	Marionette	INFO	sendToClient: {"from":"0","ok":true}, {4dde37c9-6a47-4fe9-a31d-c74717cf5b55}, {4dde37c9-6a47-4fe9-a31d-c74717cf5b55}
04-25 09:56:29.613 I/Gecko   (   84): 1398444989621	Marionette	DEBUG	Got request: executeWithCallback, data: {"to":"0","sessionId":"3-b2g","name":"executeAsyncScript","parameters":{"specialPowers":false,"scriptTimeout":null,"newSandbox":true,"args":[],"filename":"gaia_test.py","script":"return GaiaApps.displayedApp();","line":66}}, id: {3837cf57-c334-4332-88b7-a59deb34b213}
04-25 09:56:29.673 I/Gecko   (   84): 1398444989680	Marionette	INFO	sendToClient: {"from":"0","value":{"frame":{"ELEMENT":"{d8f66271-3594-4b5c-a448-e43c62cd06ee}"},"src":"app://homescreen.gaiamobile.org/index.html#root","name":"Homescreen","origin":"app://homescreen.gaiamobile.org"}}, {3837cf57-c334-4332-88b7-a59deb34b213}, {3837cf57-c334-4332-88b7-a59deb34b213}
04-25 09:56:29.673 E/GeckoConsole(   84): Content JS LOG at dummy file:392 in GaiaApps.displayedApp: app with origin 'app://homescreen.gaiamobile.org' is displayed
04-25 09:56:29.683 I/Gecko   (   84): 1398444989690	Marionette	DEBUG	Got request: switchToFrame, data: {"to":"0","sessionId":"3-b2g","name":"switchToFrame","parameters":{"focus":true,"element":"{d8f66271-3594-4b5c-a448-e43c62cd06ee}"}}, id: {e6c2894f-252f-4c38-b172-03ea8628d99a}
04-25 09:56:29.693 I/Gecko   (   84): 1398444989705	Marionette	INFO	Switched to frame: {"frameValue":"{d8f66271-3594-4b5c-a448-e43c62cd06ee}"}
04-25 09:56:29.693 I/Gecko   (   84): 1398444989708	Marionette	INFO	trying remote frame 0
04-25 09:56:29.703 I/Gecko   (   84): 1398444989713	Marionette	INFO	deleting frame
04-25 09:56:29.703 I/Gecko   (   84): 1398444989718	Marionette	INFO	frame-manager load script: [object ChromeMessageSender]
04-25 09:56:30.013 I/Gecko   (   84): 1398444990025	Marionette	INFO	sendToClient: {"from":"0","ok":true}, {e6c2894f-252f-4c38-b172-03ea8628d99a}, {e6c2894f-252f-4c38-b172-03ea8628d99a}
04-25 09:56:30.203 I/Gecko   (   84): 1398444990213	Marionette	INFO	sendToClient: {"from":"0","value":{"ELEMENT":"{d7b5ac81-cc10-468d-bd12-bd4aa3e26ee0}"}}, {e5ff7389-2764-476c-a8ec-0184959f87be}, {e5ff7389-2764-476c-a8ec-0184959f87be}
04-25 09:56:30.543 E/GeckoConsole(  954): [JavaScript Warning: "Use of getAttributeNode() is deprecated. Use getAttribute() instead." {file: "chrome://marionette/content/atoms.js" line: 25}]
04-25 09:56:30.553 E/GeckoConsole(  954): [JavaScript Warning: "Use of attributes' specified attribute is deprecated. It always returns true." {file: "chrome://marionette/content/atoms.js" line: 25}]
04-25 09:56:30.553 I/Gecko   (   84): 1398444990567	Marionette	INFO	sendToClient: {"from":"0","value":"normal"}, {140582a1-5992-4970-9eab-af776fda298f}, {140582a1-5992-4970-9eab-af776fda298f}
04-25 09:56:30.563 I/Gecko   (   84): 1398444990574	Marionette	DEBUG	Got request: switchToFrame, data: {"to":"0","sessionId":"3-b2g","name":"switchToFrame","parameters":{"id":null,"focus":true}}, id: {4bfeffa3-01c9-4d87-9d8c-8971cdbbcbb0}
04-25 09:56:30.593 I/Gecko   (   84): 1398444990602	Marionette	INFO	Switched to frame: {"frameValue":null}
04-25 09:56:30.693 I/Gecko   (   84): 1398444990704	Marionette	INFO	sendToClient: {"from":"0","ok":true}, {4bfeffa3-01c9-4d87-9d8c-8971cdbbcbb0}, {4bfeffa3-01c9-4d87-9d8c-8971cdbbcbb0}
04-25 09:56:30.703 I/Gecko   (   84): 1398444990710	Marionette	DEBUG	Got request: execute, data: {"to":"0","sessionId":"3-b2g","name":"executeScript","parameters":{"specialPowers":false,"scriptTimeout":null,"newSandbox":true,"args":[],"filename":"gaia_test.py","script":"window.wrappedJSObject.dispatchEvent(new Event('home'));","line":788}}, id: {d7bb912d-23af-4622-9dd6-14ebd923ff18}
04-25 09:56:30.743 I/Gecko   (   84): 1398444990755	Marionette	INFO	sendToClient: {"from":"0","value":null}, {d7bb912d-23af-4622-9dd6-14ebd923ff18}, {d7bb912d-23af-4622-9dd6-14ebd923ff18}
04-25 09:56:30.753 I/Gecko   (   84): 1398444990764	Marionette	DEBUG	Got request: switchToFrame, data: {"to":"0","sessionId":"3-b2g","name":"switchToFrame","parameters":{"id":null,"focus":true}}, id: {196999cc-5be8-4de7-8ee1-d5de613c0a22}
04-25 09:56:30.753 I/Gecko   (   84): 1398444990767	Marionette	INFO	Switched to frame: {"frameValue":null}
04-25 09:56:30.863 I/Gecko   (   84): 1398444990876	Marionette	INFO	sendToClient: {"from":"0","ok":true}, {196999cc-5be8-4de7-8ee1-d5de613c0a22}, {196999cc-5be8-4de7-8ee1-d5de613c0a22}
04-25 09:56:30.883 I/Gecko   (   84): 1398444990894	Marionette	DEBUG	Got request: switchToFrame, data: {"to":"0","sessionId":"3-b2g","name":"switchToFrame","parameters":{"id":null,"focus":true}}, id: {6cfd571d-196f-4ddb-9ac2-b7758ddc7794}
04-25 09:56:30.883 I/Gecko   (   84): 1398444990895	Marionette	INFO	Switched to frame: {"frameValue":null}
04-25 09:56:30.983 I/Gecko   (   84): 1398444990998	Marionette	INFO	sendToClient: {"from":"0","ok":true}, {6cfd571d-196f-4ddb-9ac2-b7758ddc7794}, {6cfd571d-196f-4ddb-9ac2-b7758ddc7794}
04-25 09:56:30.993 I/Gecko   (   84): 1398444991004	Marionette	DEBUG	Got request: executeWithCallback, data: {"to":"0","sessionId":"3-b2g","name":"executeAsyncScript","parameters":{"specialPowers":false,"scriptTimeout":null,"newSandbox":true,"args":[],"filename":"gaia_test.py","script":"return GaiaApps.displayedApp();","line":66}}, id: {7d0ea44c-20ca-448f-a4bf-27cd6ff007bf}
04-25 09:56:31.043 E/GeckoConsole(   84): Content JS LOG at dummy file:392 in GaiaApps.displayedApp: app with origin 'app://homescreen.gaiamobile.org' is displayed
04-25 09:56:31.053 I/Gecko   (   84): 1398444991065	Marionette	INFO	sendToClient: {"from":"0","value":{"frame":{"ELEMENT":"{d8f66271-3594-4b5c-a448-e43c62cd06ee}"},"src":"app://homescreen.gaiamobile.org/index.html#rootFri%20Apr%2025%202014%2009:56:30%20GMT-0700%20(UTC)","name":"Homescreen","origin":"app://homescreen.gaiamobile.org"}}, {7d0ea44c-20ca-448f-a4bf-27cd6ff007bf}, {7d0ea44c-20ca-448f-a4bf-27cd6ff007bf}
04-25 09:56:31.063 I/Gecko   (   84): 1398444991073	Marionette	DEBUG	Got request: switchToFrame, data: {"to":"0","sessionId":"3-b2g","name":"switchToFrame","parameters":{"focus":true,"element":"{d8f66271-3594-4b5c-a448-e43c62cd06ee}"}}, id: {70db31ea-24b8-4bc3-82d9-fd64e1069fba}
04-25 09:56:31.073 I/Gecko   (   84): 1398444991084	Marionette	INFO	Switched to frame: {"frameValue":"{d8f66271-3594-4b5c-a448-e43c62cd06ee}"}
04-25 09:56:31.083 I/Gecko   (   84): 1398444991090	Marionette	INFO	trying remote frame 0
04-25 09:56:31.713 I/Gecko   (   84): 1398444991727	Marionette	INFO	sendToClient: {"from":"0","ok":true}, {70db31ea-24b8-4bc3-82d9-fd64e1069fba}, {70db31ea-24b8-4bc3-82d9-fd64e1069fba}
04-25 09:56:31.733 I/Gecko   (   84): 1398444991743	Marionette	DEBUG	Got request: execute, data: {"to":"0","sessionId":"3-b2g","name":"executeScript","parameters":{"specialPowers":false,"scriptTimeout":null,"newSandbox":true,"args":[],"filename":"gaia_test.py","script":"return window.wrappedJSObject.GridManager.pageHelper.getCurrentPageNumber();","line":784}}, id: {2ea315ee-988d-49d0-bd05-2d68e272b5ac}
04-25 09:56:31.923 I/Gecko   (   84): 1398444991933	Marionette	INFO	sendToClient: {"from":"0","value":0}, {2ea315ee-988d-49d0-bd05-2d68e272b5ac}, {2ea315ee-988d-49d0-bd05-2d68e272b5ac}
04-25 09:56:32.173 I/Gecko   (   84): 1398444992188	Marionette	INFO	sendToClient: {"from":"0","value":["{f12d4346-d4fb-4f3c-9eaf-bf0bde837ef2}","{e98ee699-31d7-4b78-99f0-aa79cd608720}","{c08b7af1-6487-4502-bd46-b007299a6ee4}","{c1a69801-c165-4881-a620-173130337b7a}","{e3abb6d9-03ab-4c1d-9a5f-5ca3f788c690}","{ace5b420-9885-4f60-b2be-e58d25746124}","{0893654a-542f-42a5-8693-a9040c96abed}","{a08566f7-98ff-4688-bb2e-f30c5e69377e}","{e8153279-d434-433a-9bcd-4cefec1588e5}","{15d0042c-4629-4236-9cb5-798cf9c7ccba}","{98b22f75-8209-4a32-844b-27f2a32693d9}","{687545bc-e8aa-48de-9a58-8776fc5f2488}","{9807e97e-810e-40fc-84a7-0a4c18c61853}","{ca3e0129-964b-401e-b733-a05f3eb12f07}","{2f483083-8c13-4a71-ab33-a4754338f1b3}","{a983d2c1-d72b-47dd-bf09-1e3c7e3a2a9e}","{fcba8b80-09be-40d8-b9d5-aca703104f1c}","{c2589006-1e66-469b-9741-5557d48a2a85}","{f66bcfff-5b24-474e-95f1-081bc85b3111}","{34453f37-e67c-4fce-9982-87275e9d778a}","{1eb15487-c16a-4203-a6d5-fd6f5d31800b}","{70c5fd03-1924-48fb-9b5c-19bf4a951b52}","{05e89d7d-abbf-41c9-9bd7-58da61c53101}","{a8939c65-bb59
04-25 09:56:32.233 I/Gecko   (   84): 1398444992246	Marionette	INFO	sendToClient: {"from":"0","value":"app://homescreen.gaiamobile.org/index.html#rootFri%20Apr%2025%202014%2009:56:30%20GMT-0700%20(UTC)"}, {32bdedc0-bb00-4186-86d3-59ba977489b4}, {32bdedc0-bb00-4186-86d3-59ba977489b4}
04-25 09:56:32.253 I/Gecko   (   84): 1398444992267	Marionette	DEBUG	Got request: switchToFrame, data: {"to":"0","sessionId":"3-b2g","name":"switchToFrame","parameters":{"id":null,"focus":true}}, id: {c079cf7f-50d2-4566-a0b7-60b674e125cd}
04-25 09:56:32.313 I/Gecko   (   84): 1398444992328	Marionette	INFO	Switched to frame: {"frameValue":null}
04-25 09:56:32.493 I/Gecko   (   84): 1398444992499	Marionette	INFO	sendToClient: {"from":"0","ok":true}, {c079cf7f-50d2-4566-a0b7-60b674e125cd}, {c079cf7f-50d2-4566-a0b7-60b674e125cd}
04-25 09:56:32.523 I/Gecko   (   84): 1398444992533	Marionette	DEBUG	Got request: switchToFrame, data: {"to":"0","sessionId":"3-b2g","name":"switchToFrame","parameters":{"id":null,"focus":true}}, id: {c1a1d915-a599-43c1-94d6-dca72d196ddb}
04-25 09:56:32.533 I/Gecko   (   84): 1398444992540	Marionette	INFO	Switched to frame: {"frameValue":null}
04-25 09:56:32.693 I/Gecko   (   84): 1398444992702	Marionette	INFO	sendToClient: {"from":"0","ok":true}, {c1a1d915-a599-43c1-94d6-dca72d196ddb}, {c1a1d915-a599-43c1-94d6-dca72d196ddb}
04-25 09:56:32.703 I/Gecko   (   84): 1398444992714	Marionette	DEBUG	Got request: executeWithCallback, data: {"to":"0","sessionId":"3-b2g","name":"executeAsyncScript","parameters":{"specialPowers":false,"scriptTimeout":30000,"newSandbox":true,"args":[],"filename":"app_checker.py","script":"GaiaApps.launchWithManifestURL('https://marketplace.firefox.com/app/2ceddf55-2d89-495f-9192-34efd30b2565/manifest.webapp')","line":106}}, id: {a2d0183b-5abc-4f09-9fea-611d3f067315}
04-25 09:56:32.973 I/Gonk    (   84): Setting nice for pid 968 to 18
04-25 09:56:32.973 I/Gonk    (   84): Changed nice for pid 968 from 0 to 18.
04-25 09:56:32.983 I/Gecko   (   84): [Parent 84] WARNING: waitpid failed pid:968 errno:10: file ../../../gecko/ipc/chromium/src/base/process_util_posix.cc, line 254
04-25 09:56:32.983 I/Gonk    (   84): Setting nice for pid 968 to 1
04-25 09:56:32.983 I/Gonk    (   84): Changed nice for pid 968 from 18 to 1.
04-25 09:56:33.203 I/InputReader(   84): Reconfiguring input devices.  changes=0x00000004
04-25 09:56:33.203 I/InputReader(   84): Device reconfigured: id=6, name='ms-msg21xx', size 320x480, orientation 1, mode 1, display id 0
04-25 09:56:33.233 E/GeckoConsole(   84): Content JS LOG at dummy file:334 in GaiaApps.launch: launching app with name 'Asteroid Mania'
04-25 09:56:33.353 E/[Gralloc-ERROR](   84): int gralloc_register_buffer(const gralloc_module_t*, const native_handle_t*):79 Unable to register handle 0x40455830 coming from different process: 84
04-25 09:56:33.393 E/[Gralloc-ERROR](   84): int gralloc_register_buffer(const gralloc_module_t*, const native_handle_t*):79 Unable to register handle 0x40455970 coming from different process: 84
04-25 09:56:33.523 W/WifiHW  (   84): wifi_command: SIGNAL_POLL
04-25 09:56:33.653 E/[Gralloc-ERROR](   84): int gralloc_register_buffer(const gralloc_module_t*, const native_handle_t*):79 Unable to register handle 0x43210650 coming from different process: 84
04-25 09:56:33.693 E/[Gralloc-ERROR](   84): int gralloc_register_buffer(const gralloc_module_t*, const native_handle_t*):79 Unable to register handle 0x43210830 coming from different process: 84
04-25 09:56:33.693 E/[Gralloc-ERROR](   84): int gralloc_register_buffer(const gralloc_module_t*, const native_handle_t*):79 Unable to register handle 0x43210dd0 coming from different process: 84
04-25 09:56:33.693 E/[Gralloc-ERROR](   84): int gralloc_register_buffer(const gralloc_module_t*, const native_handle_t*):79 Unable to register handle 0x43210f10 coming from different process: 84
04-25 09:56:33.723 E/[Gralloc-ERROR](   84): int gralloc_unregister_buffer(const gralloc_module_t*, const native_handle_t*):274 Trying to unregister buffer 0x4420ce20 from process 84 that was not created in current process: 84
04-25 09:56:33.723 E/[Gralloc-ERROR](   84): int gralloc_unregister_buffer(const gralloc_module_t*, const native_handle_t*):274 Trying to unregister buffer 0x4420cf60 from process 84 that was not created in current process: 84
04-25 09:56:33.843 I/Gonk    (   84): Setting nice for pid 954 to 18
04-25 09:56:33.863 I/Gonk    (   84): Changed nice for pid 954 from 1 to 18.
04-25 09:56:34.433 I/Gecko   (   84): 
04-25 09:56:34.433 I/Gecko   (   84): ###!!! [Parent][MessageChannel] Error: Channel error: cannot send/recv
04-25 09:56:34.433 I/Gecko   (   84): 
04-25 09:56:34.473 I/Gecko   (   84): [Parent 84] WARNING: waitpid failed pid:954 errno:10: file ../../../gecko/ipc/chromium/src/base/process_util_posix.cc, line 254
04-25 09:56:34.703 I/Gonk    (   84): Setting nice for pid 1033 to 18
04-25 09:56:34.703 I/Gonk    (   84): Changed nice for pid 1033 from 0 to 18.
04-25 09:56:35.903 V/AudioPolicyManagerBase(   89): startOutput() output 1, stream 1, session 3
04-25 09:56:35.903 V/AudioPolicyManagerBase(   89): changeRefCount() stream 1, count 1
04-25 09:56:35.903 V/AudioPolicyManagerBase(   89): getDeviceForStrategy() from cache strategy 0, device 2
04-25 09:56:35.903 V/AudioPolicyManagerBase(   89): getNewDevice() selected device 2
04-25 09:56:35.903 D/AudioPolicyManagerBase(   89): setOutputDevice() output 1 device 2 delayMs 0
04-25 09:56:35.903 V/AudioPolicyManagerBase(   89): setOutputDevice() setting same device 2 or null device for output 1
04-25 09:56:35.903 E/AudioPolicyManagerBase(   89): checkAndSetVolume stream=1, index=0, output=1, device=2
04-25 09:56:35.903 E/AudioPolicyManagerBase(   89): computeVolume, streamDesc=0x1329bb8
04-25 09:56:35.933 W/AudioFlinger(   89): Thread AudioOut_1 cannot connect to the power manager service
04-25 09:56:35.933 V/AudioPolicyManagerBase(   89): stopOutput() output 1, stream 1, session 3
04-25 09:56:35.933 V/AudioPolicyManagerBase(   89): changeRefCount() stream 1, count 0
04-25 09:56:35.933 V/AudioPolicyManagerBase(   89): getNewDevice() selected device 0
04-25 09:56:35.933 D/AudioPolicyManagerBase(   89): setOutputDevice() output 1 device 0 delayMs 290
04-25 09:56:35.933 V/AudioPolicyManagerBase(   89): setOutputDevice() setting same device 0 or null device for output 1
04-25 09:56:35.933 V/AudioPolicyManagerBase(   89): releaseOutput() 1
04-25 09:56:36.473 I/Gecko   (   84): [Parent 84] WARNING: waitpid failed pid:954 errno:10: file ../../../gecko/ipc/chromium/src/base/process_util_posix.cc, line 254
04-25 09:56:36.473 I/Gecko   (   84): [Parent 84] WARNING: Failed to deliver SIGKILL to 954!(3).: file ../../../gecko/ipc/chromium/src/chrome/common/process_watcher_posix_sigchld.cc, line 118
04-25 09:56:36.953 I/Gonk    (   84): Setting nice for pid 1033 to 18
04-25 09:56:36.953 I/Gonk    (   84): Changed nice for pid 1033 from 18 to 18.
04-25 09:56:36.953 I/Gecko   (   84): [Parent 84] WARNING: waitpid failed pid:1033 errno:10: file ../../../gecko/ipc/chromium/src/base/process_util_posix.cc, line 254
04-25 09:56:36.963 I/Gonk    (   84): Setting nice for pid 1033 to 1
04-25 09:56:36.963 I/Gonk    (   84): Changed nice for pid 1033 from 18 to 1.
04-25 09:56:36.963 I/Gonk    (   84): Setting nice for pid 1033 to 18
04-25 09:56:36.963 I/Gonk    (   84): Changed nice for pid 1033 from 1 to 18.
04-25 09:56:37.113 E/GeckoConsole(   84): Content JS LOG at dummy file:326 in GaiaApps.launch/appOpen/<: app with origin 'app://{e8ac1b38-33e1-4d0b-8143-2d854cef1837}' has launched
04-25 09:56:37.113 I/Gecko   (   84): 1398444997121	Marionette	INFO	sendToClient: {"from":"0","value":{"frame":{"ELEMENT":"{0832077d-36d2-44bc-8fee-5d1b040925b4}"},"src":"app://{e8ac1b38-33e1-4d0b-8143-2d854cef1837}/index.html","name":"Asteroid Mania","origin":"app://{e8ac1b38-33e1-4d0b-8143-2d854cef1837}"}}, {a2d0183b-5abc-4f09-9fea-611d3f067315}, {a2d0183b-5abc-4f09-9fea-611d3f067315}
04-25 09:56:37.123 E/[Gralloc-ERROR](   84): int gralloc_unregister_buffer(const gralloc_module_t*, const native_handle_t*):274 Trying to unregister buffer 0x43210830 from process 84 that was not created in current process: 84
04-25 09:56:37.123 E/[Gralloc-ERROR](   84): int gralloc_unregister_buffer(const gralloc_module_t*, const native_handle_t*):274 Trying to unregister buffer 0x43210650 from process 84 that was not created in current process: 84
04-25 09:56:37.123 E/[Gralloc-ERROR](   84): int gralloc_unregister_buffer(const gralloc_module_t*, const native_handle_t*):274 Trying to unregister buffer 0x43210f10 from process 84 that was not created in current process: 84
04-25 09:56:37.123 E/[Gralloc-ERROR](   84): int gralloc_unregister_buffer(const gralloc_module_t*, const native_handle_t*):274 Trying to unregister buffer 0x43210dd0 from process 84 that was not created in current process: 84
04-25 09:56:37.133 I/Gecko   (   84): 1398444997142	Marionette	DEBUG	Got request: switchToFrame, data: {"to":"0","sessionId":"3-b2g","name":"switchToFrame","parameters":{"focus":true,"element":"{0832077d-36d2-44bc-8fee-5d1b040925b4}"}}, id: {78a1d550-4aa1-4319-b22d-9feae160b3e0}
04-25 09:56:37.153 I/Gecko   (   84): 1398444997160	Marionette	INFO	Switched to frame: {"frameValue":"{0832077d-36d2-44bc-8fee-5d1b040925b4}"}
04-25 09:56:37.153 I/Gecko   (   84): 1398444997162	Marionette	INFO	trying remote frame 0
04-25 09:56:37.153 I/Gecko   (   84): 1398444997163	Marionette	INFO	deleting frame
04-25 09:56:37.163 I/Gecko   (   84): 1398444997173	Marionette	INFO	frame-manager load script: [object ChromeMessageSender]
04-25 09:56:37.183 I/Gecko   (  968): Attempting load of libEGL.so
04-25 09:56:37.193 D/libEGL  (  968): loaded /system/lib/egl/libEGL_mali.so
04-25 09:56:37.213 D/libEGL  (  968): loaded /system/lib/egl/libGLESv1_CM_mali.so
04-25 09:56:37.223 D/libEGL  (  968): loaded /system/lib/egl/libGLESv2_mali.so
04-25 09:56:37.303 I/Gecko   (  968): SharedSurface_Gralloc::Create -------
04-25 09:56:37.303 I/Gecko   (  968): SharedSurface_Gralloc::Create: success -- surface 0x4362af80, GraphicBuffer 0x435fc500.
04-25 09:56:37.333 E/GeckoConsole(  968): [JavaScript Warning: "Error: WebGL: getExtension('MOZ_WEBGL_compressed_texture_s3tc'): MOZ_ prefixed WebGL extension strings are deprecated. Support for them will be removed in the future. Use unprefixed extension strings. To get draft extensions, set the webgl.enable-draft-extensions preference." {file: "app://{e8ac1b38-33e1-4d0b-8143-2d854cef1837}/three.js" line: 422}]
04-25 09:56:37.623 I/Gecko   (  968): SharedSurface_Gralloc::Create -------
04-25 09:56:37.643 I/Gecko   (  968): SharedSurface_Gralloc::Create: success -- surface 0x44170580, GraphicBuffer 0x444e6780.
04-25 09:56:37.643 I/Gecko   (  968): SharedSurface_Gralloc::Create -------
04-25 09:56:37.673 I/Gecko   (  968): SharedSurface_Gralloc::Create: success -- surface 0x44170600, GraphicBuffer 0x444e6900.
04-25 09:56:37.703 I/Gecko   (  968): SharedSurface_Gralloc::Create -------
04-25 09:56:37.713 I/Gecko   (  968): SharedSurface_Gralloc::Create: success -- surface 0x43641080, GraphicBuffer 0x435fc600.
04-25 09:56:37.853 E/GeckoConsole(  968): Content JS LOG at app://{e8ac1b38-33e1-4d0b-8143-2d854cef1837}/three.js:417 in THREE.WebGLRenderer: THREE.WebGLRenderer 61
04-25 09:56:37.853 I/log     ( 1047): <4>0[ 247.204951] select 1033 ((Preallocated a), adj 8, size 2683, to kill 
04-25 09:56:37.853 E/GeckoConsole(  968): Content JS LOG at app://{e8ac1b38-33e1-4d0b-8143-2d854cef1837}/three.js:422 in THREE.WebGLRenderer: THREE.WebGLRenderer: Float textures not supported.
04-25 09:56:37.853 E/GeckoConsole(  968): Content JS LOG at app://{e8ac1b38-33e1-4d0b-8143-2d854cef1837}/three.js:422 in THREE.WebGLRenderer: THREE.WebGLRenderer: Anisotropic texture filtering not supported.
04-25 09:56:37.853 E/GeckoConsole(  968): Content JS LOG at app://{e8ac1b38-33e1-4d0b-8143-2d854cef1837}/three.js:423 in THREE.WebGLRenderer: THREE.WebGLRenderer: S3TC compressed textures not supported.
04-25 09:56:37.863 E/GeckoConsole(  968): Content JS WARN at app://{e8ac1b38-33e1-4d0b-8143-2d854cef1837}/three.js:426 in THREE.WebGLRenderer: WebGLRenderer: highp not supported, using mediump
04-25 09:56:37.933 I/Gecko   (   84): 
04-25 09:56:37.933 I/Gecko   (   84): ###!!! [Parent][MessageChannel] Error: Channel error: cannot send/recv
04-25 09:56:37.933 I/Gecko   (   84): 
04-25 09:56:38.013 I/Gecko   (   84): [Parent 84] WARNING: waitpid failed pid:1033 errno:10: file ../../../gecko/ipc/chromium/src/base/process_util_posix.cc, line 254
04-25 09:56:38.373 I/Gecko   (   84): 1398444998385	Marionette	INFO	sendToClient: {"from":"0","ok":true}, {78a1d550-4aa1-4319-b22d-9feae160b3e0}, {78a1d550-4aa1-4319-b22d-9feae160b3e0}
04-25 09:56:38.573 W/WifiHW  (   84): wifi_command: SIGNAL_POLL
04-25 09:56:39.723 I/Gecko   (   84): 1398444999738	Marionette	INFO	sendToClient: {"from":"0","value":"app://{e8ac1b38-33e1-4d0b-8143-2d854cef1837}/index.html"}, {3cb68583-d0c4-4928-8008-7b01ceb0e535}, {3cb68583-d0c4-4928-8008-7b01ceb0e535}
04-25 09:56:39.733 I/Gecko   (   84): 1398444999746	Marionette	DEBUG	Got request: execute, data: {"to":"0","sessionId":"3-b2g","name":"executeScript","parameters":{"specialPowers":false,"scriptTimeout":null,"newSandbox":true,"args":[],"filename":"app_checker.py","script":"return window.document.readyState;","line":191}}, id: {88db04e7-99ce-4a97-8db9-e037b5242251}
04-25 09:56:39.923 I/Gecko   (   84): 1398444999932	Marionette	INFO	sendToClient: {"from":"0","value":"complete"}, {88db04e7-99ce-4a97-8db9-e037b5242251}, {88db04e7-99ce-4a97-8db9-e037b5242251}
04-25 09:56:39.933 I/Gecko   (   84): 1398444999942	Marionette	INFO	sendToClient: {"from":"0","value":"app://{e8ac1b38-33e1-4d0b-8143-2d854cef1837}/index.html"}, {87f66468-f89f-44ef-a00f-33d0e4457031}, {87f66468-f89f-44ef-a00f-33d0e4457031}
04-25 09:56:39.973 I/Gecko   (  968): SharedSurface_Gralloc::Create -------
04-25 09:56:40.013 I/Gecko   (  968): SharedSurface_Gralloc::Create: success -- surface 0x436f1b80, GraphicBuffer 0x4474df80.
04-25 09:56:40.013 I/Gecko   (   84): [Parent 84] WARNING: waitpid failed pid:1033 errno:10: file ../../../gecko/ipc/chromium/src/base/process_util_posix.cc, line 254
04-25 09:56:40.013 I/Gecko   (   84): [Parent 84] WARNING: Failed to deliver SIGKILL to 1033!(3).: file ../../../gecko/ipc/chromium/src/chrome/common/process_watcher_posix_sigchld.cc, line 118
04-25 09:56:40.823 I/Gecko   (   84): 1398445000830	Marionette	INFO	sendToClient: {"from":"0","value":"iVBORw0KGgoAAAANSUhEUgAAAeAAAAEsCAYAAAAb/mBaAAAgAElEQVR4nOx9d3gbVdr9a8cpbpKb3CVXyXK3bMdOnF5IJx1CaNmwtKX3Dgk9hAAJgSROgPQQIKGFTiDAAoEQkrDAsruEunT4aEsNic/vj9FIo9HM3HtnRnL2+348z3kA685oZEtz9J733PNSn7Q+UCI1PRUZGRn2ITsDGTmxQWZOJnLzcpGfnx87FOUjvzh+KHIXoay0zBoqylBWGfy31s91UF5ZjqqqKlT7q82hthrVdfqoqatBY2MjAk0BbQQCCLSaR3NrM9rb29G/X///E+jX3g/Nrc38v6MWnd+7Buob6g3/ltyoEX8f+av8KK8sN3yv6kL9nrcRxZ5i8c90kc79RP1zG5CXl4fMnEy++2eW+L3c6XQiOS0Zas5ITkuGw+kQPl+aI033PHrPZRZpjjTmOdMcaezrzsqAM9uJ5PRkpGWkhX6fObk5yM3NRaojFTn5OfCUe5Cdl43i0mL4a/0o95Zj0OBBmHnETEw7bBo23rsRAEB9UvpAieTUZKSlpekjPQ1pDgFkRMKR6ZD++DYhOycbOTk5YbhykJNrI/Jji7yCPOQX5odQWFQId7GbD2433B4NlCqg93MFSstKUVZehrLyMlRWVsJb6TUHnwL+aPj8PlTXVKOmpkYbtTWoqZdQW1+L+oZ6ITQ0NiDQFEBzoNkYzQcvWltb0be1LxdaW1sRaA7wI8BPwA0NDairr0NdowEa6qQ1SqjX1NehrlYMtbW18Ff7o1BVXQVvlReVVZXG8CpQYR9Ky0pRVFIkDrcCJUUo8gT/u8ge5BfmI78gH3kFecjJy0F2XjYbudnIdjGQk43s7DCysrPgzHRqIis7K2ItCxlZGUjPSEeqMzWENGcanJlOZGRmwJnpRJozLeJxTThSkZrORrojHU6nE2mONMM1TAKWr8
04-25 09:56:41.223 I/Gecko   (   84): 1398445001237	Marionette	INFO	sendToClient: {"from":"0","ok":true}, {6bd32413-3a96-43b0-a064-b98159a063a6}, {6bd32413-3a96-43b0-a064-b98159a063a6}
04-25 09:56:41.233 I/Gecko   (   84): 1398445001247	Marionette	DEBUG	Got request: switchToFrame, data: {"to":"0","sessionId":"3-b2g","name":"switchToFrame","parameters":{"id":null,"focus":true}}, id: {cd8b0393-adce-4af3-b512-c2a26874124a}
04-25 09:56:41.253 I/Gecko   (   84): 1398445001265	Marionette	INFO	Switched to frame: {"frameValue":null}
04-25 09:56:41.363 I/Gecko   (   84): 1398445001374	Marionette	INFO	sendToClient: {"from":"0","ok":true}, {cd8b0393-adce-4af3-b512-c2a26874124a}, {cd8b0393-adce-4af3-b512-c2a26874124a}
04-25 09:56:41.373 I/Gecko   (   84): 1398445001380	Marionette	DEBUG	Got request: executeWithCallback, data: {"to":"0","sessionId":"3-b2g","name":"executeAsyncScript","parameters":{"specialPowers":false,"scriptTimeout":null,"newSandbox":true,"args":[],"filename":"gaia_test.py","script":"return GaiaApps.displayedApp();","line":66}}, id: {6f177b0e-7a43-4e4c-8090-1b9c1e0e9d22}
04-25 09:56:41.573 I/Gecko   (   84): 1398445001579	Marionette	INFO	sendToClient: {"from":"0","value":{"frame":{"ELEMENT":"{0832077d-36d2-44bc-8fee-5d1b040925b4}"},"src":"app://{e8ac1b38-33e1-4d0b-8143-2d854cef1837}/index.html","name":"Asteroid Mania","origin":"app://{e8ac1b38-33e1-4d0b-8143-2d854cef1837}"}}, {6f177b0e-7a43-4e4c-8090-1b9c1e0e9d22}, {6f177b0e-7a43-4e4c-8090-1b9c1e0e9d22}
04-25 09:56:41.573 E/GeckoConsole(   84): Content JS LOG at dummy file:392 in GaiaApps.displayedApp: app with origin 'app://{e8ac1b38-33e1-4d0b-8143-2d854cef1837}' is displayed
04-25 09:56:41.583 I/Gecko   (   84): 1398445001590	Marionette	DEBUG	Got request: switchToFrame, data: {"to":"0","sessionId":"3-b2g","name":"switchToFrame","parameters":{"id":null,"focus":true}}, id: {bc888be3-fc4d-4283-9621-3e0e319226f2}
04-25 09:56:41.583 I/Gecko   (   84): 1398445001591	Marionette	INFO	Switched to frame: {"frameValue":null}
04-25 09:56:41.683 I/Gecko   (   84): 1398445001694	Marionette	INFO	sendToClient: {"from":"0","ok":true}, {bc888be3-fc4d-4283-9621-3e0e319226f2}, {bc888be3-fc4d-4283-9621-3e0e319226f2}
04-25 09:56:41.693 I/Gecko   (   84): 1398445001700	Marionette	DEBUG	Got request: execute, data: {"to":"0","sessionId":"3-b2g","name":"executeScript","parameters":{"specialPowers":false,"scriptTimeout":null,"newSandbox":true,"args":[],"filename":"gaia_test.py","script":"window.wrappedJSObject.dispatchEvent(new Event('home'));","line":788}}, id: {4db6e8df-3d4a-44b6-aa75-80f7855fd9f6}
04-25 09:56:42.153 I/InputReader(   84): Reconfiguring input devices.  changes=0x00000004
04-25 09:56:42.153 I/InputReader(   84): Device reconfigured: id=6, name='ms-msg21xx', size 320x480, orientation 0, mode 1, display id 0
04-25 09:56:42.183 E/[Gralloc-ERROR](   84): int gralloc_register_buffer(const gralloc_module_t*, const native_handle_t*):79 Unable to register handle 0x40455a60 coming from different process: 84
04-25 09:56:42.193 E/[Gralloc-ERROR](   84): int gralloc_register_buffer(const gralloc_module_t*, const native_handle_t*):79 Unable to register handle 0x40455b50 coming from different process: 84
04-25 09:56:42.293 I/Gonk    (   84): Setting nice for pid 1050 to 18
04-25 09:56:42.293 I/Gonk    (   84): Changed nice for pid 1050 from 0 to 18.
04-25 09:56:42.313 E/[Gralloc-ERROR](   84): int gralloc_unregister_buffer(const gralloc_module_t*, const native_handle_t*):274 Trying to unregister buffer 0x40455830 from process 84 that was not created in current process: 84
04-25 09:56:42.313 I/Gecko   (   84): 1398445002321	Marionette	INFO	sendToClient: {"from":"0","value":null}, {4db6e8df-3d4a-44b6-aa75-80f7855fd9f6}, {4db6e8df-3d4a-44b6-aa75-80f7855fd9f6}
04-25 09:56:42.313 E/[Gralloc-ERROR](   84): int gralloc_unregister_buffer(const gralloc_module_t*, const native_handle_t*):274 Trying to unregister buffer 0x40455970 from process 84 that was not created in current process: 84
04-25 09:56:42.393 I/Gonk    (   84): Setting nice for pid 1058 to 18
04-25 09:56:42.393 I/Gonk    (   84): Changed nice for pid 1058 from 0 to 18.
04-25 09:56:42.423 I/Gonk    (   84): Setting nice for pid 1058 to 18
04-25 09:56:42.423 I/Gonk    (   84): Changed nice for pid 1058 from 18 to 18.
04-25 09:56:42.423 I/Gecko   (   84): [Parent 84] WARNING: waitpid failed pid:1058 errno:10: file ../../../gecko/ipc/chromium/src/base/process_util_posix.cc, line 254
04-25 09:56:42.433 I/Gonk    (   84): Setting nice for pid 1058 to 1
04-25 09:56:42.433 I/Gonk    (   84): Changed nice for pid 1058 from 0 to 1.
04-25 09:56:42.453 I/Gecko   (   84): 1398445002465	Marionette	DEBUG	Got request: switchToFrame, data: {"to":"0","sessionId":"3-b2g","name":"switchToFrame","parameters":{"id":null,"focus":true}}, id: {310e2b17-e18b-43d6-8370-482f37c4cb63}
04-25 09:56:42.453 I/Gecko   (   84): 1398445002468	Marionette	INFO	Switched to frame: {"frameValue":null}
04-25 09:56:42.583 I/Gecko   (   84): 1398445002598	Marionette	INFO	sendToClient: {"from":"0","ok":true}, {310e2b17-e18b-43d6-8370-482f37c4cb63}, {310e2b17-e18b-43d6-8370-482f37c4cb63}
04-25 09:56:42.603 I/Gecko   (   84): 1398445002612	Marionette	DEBUG	Got request: executeWithCallback, data: {"to":"0","sessionId":"3-b2g","name":"executeAsyncScript","parameters":{"specialPowers":false,"scriptTimeout":null,"newSandbox":true,"args":[],"filename":"gaia_test.py","script":"return GaiaApps.displayedApp();","line":66}}, id: {127512d3-2320-4f41-ac73-84b1d24d36be}
04-25 09:56:42.653 I/Gecko   (   84): 1398445002665	Marionette	INFO	sendToClient: {"from":"0","value":{"frame":{"ELEMENT":"{9fe9eaaf-261d-429c-aeb1-5fd7558ddefc}"},"src":"app://homescreen.gaiamobile.org/index.html#root","name":"Homescreen","origin":"app://homescreen.gaiamobile.org"}}, {127512d3-2320-4f41-ac73-84b1d24d36be}, {127512d3-2320-4f41-ac73-84b1d24d36be}
04-25 09:56:42.663 E/GeckoConsole(   84): Content JS LOG at dummy file:392 in GaiaApps.displayedApp: app with origin 'app://homescreen.gaiamobile.org' is displayed
04-25 09:56:42.663 I/Gecko   (   84): 1398445002676	Marionette	DEBUG	Got request: switchToFrame, data: {"to":"0","sessionId":"3-b2g","name":"switchToFrame","parameters":{"id":null,"focus":true}}, id: {b2d51e41-346b-41c8-97cd-9245ef241d20}
04-25 09:56:42.663 I/Gecko   (   84): 1398445002678	Marionette	INFO	Switched to frame: {"frameValue":null}
04-25 09:56:42.783 I/Gecko   (   84): 1398445002792	Marionette	INFO	sendToClient: {"from":"0","ok":true}, {b2d51e41-346b-41c8-97cd-9245ef241d20}, {b2d51e41-346b-41c8-97cd-9245ef241d20}
04-25 09:56:42.783 I/Gecko   (   84): 1398445002798	Marionette	DEBUG	Got request: switchToFrame, data: {"to":"0","sessionId":"3-b2g","name":"switchToFrame","parameters":{"id":null,"focus":true}}, id: {db167d3d-2d17-4ce8-bdc7-626b5ac93f58}
04-25 09:56:42.793 I/Gecko   (   84): 1398445002800	Marionette	INFO	Switched to frame: {"frameValue":null}
04-25 09:56:42.893 I/Gecko   (   84): 1398445002907	Marionette	INFO	sendToClient: {"from":"0","ok":true}, {db167d3d-2d17-4ce8-bdc7-626b5ac93f58}, {db167d3d-2d17-4ce8-bdc7-626b5ac93f58}
04-25 09:56:42.903 I/Gecko   (   84): 1398445002913	Marionette	DEBUG	Got request: executeWithCallback, data: {"to":"0","sessionId":"3-b2g","name":"executeAsyncScript","parameters":{"specialPowers":false,"scriptTimeout":null,"newSandbox":true,"args":[],"filename":"gaia_test.py","script":"return GaiaApps.displayedApp();","line":66}}, id: {054ff7eb-cc1b-4f04-8e86-75f282424ad2}
04-25 09:56:42.963 I/Gecko   (   84): 1398445002972	Marionette	INFO	sendToClient: {"from":"0","value":{"frame":{"ELEMENT":"{9fe9eaaf-261d-429c-aeb1-5fd7558ddefc}"},"src":"app://homescreen.gaiamobile.org/index.html#root","name":"Homescreen","origin":"app://homescreen.gaiamobile.org"}}, {054ff7eb-cc1b-4f04-8e86-75f282424ad2}, {054ff7eb-cc1b-4f04-8e86-75f282424ad2}
04-25 09:56:42.973 E/GeckoConsole(   84): Content JS LOG at dummy file:392 in GaiaApps.displayedApp: app with origin 'app://homescreen.gaiamobile.org' is displayed
04-25 09:56:42.973 I/Gecko   (   84): 1398445002982	Marionette	DEBUG	Got request: switchToFrame, data: {"to":"0","sessionId":"3-b2g","name":"switchToFrame","parameters":{"focus":true,"element":"{9fe9eaaf-261d-429c-aeb1-5fd7558ddefc}"}}, id: {d8424d66-faad-419b-99aa-7ad82eddf590}
04-25 09:56:42.983 I/Gecko   (   84): 1398445002989	Marionette	INFO	Switched to frame: {"frameValue":"{9fe9eaaf-261d-429c-aeb1-5fd7558ddefc}"}
04-25 09:56:42.983 I/Gecko   (   84): 1398445002995	Marionette	INFO	trying remote frame 0
04-25 09:56:42.983 I/Gecko   (   84): 1398445002997	Marionette	INFO	deleting frame
04-25 09:56:42.993 I/Gecko   (   84): 1398445003004	Marionette	INFO	frame-manager load script: [object ChromeMessageSender]
04-25 09:56:43.643 W/WifiHW  (   84): wifi_command: SIGNAL_POLL
04-25 09:56:43.913 I/Gonk    (   84): Setting nice for pid 968 to 18
04-25 09:56:43.913 I/Gonk    (   84): Changed nice for pid 968 from 1 to 18.
04-25 09:56:44.043 I/Gecko   (   84): 
04-25 09:56:44.043 I/Gecko   (   84): ###!!! [Parent][MessageChannel] Error: Channel error: cannot send/recv
04-25 09:56:44.043 I/Gecko   (   84): 
04-25 09:56:44.163 I/Gecko   (   84): [Parent 84] WARNING: waitpid failed pid:968 errno:10: file ../../../gecko/ipc/chromium/src/base/process_util_posix.cc, line 254
04-25 09:56:45.153 I/Gecko   ( 1058): ###################################### forms.js loaded
04-25 09:56:45.163 I/Gecko   ( 1050): ###################################### forms.js loaded
04-25 09:56:45.193 I/Gecko   ( 1050): ############################### browserElementPanning.js loaded
04-25 09:56:45.193 I/Gecko   ( 1058): ############################### browserElementPanning.js loaded
04-25 09:56:45.233 I/Gecko   ( 1050): ######################## BrowserElementChildPreload.js loaded
04-25 09:56:45.243 I/Gecko   ( 1058): ######################## BrowserElementChildPreload.js loaded
04-25 09:56:46.023 I/Gecko   (   84): 1398445006037	Marionette	INFO	sendToClient: {"from":"0","ok":true}, {d8424d66-faad-419b-99aa-7ad82eddf590}, {d8424d66-faad-419b-99aa-7ad82eddf590}
04-25 09:56:46.163 I/Gecko   (   84): [Parent 84] WARNING: waitpid failed pid:968 errno:10: file ../../../gecko/ipc/chromium/src/base/process_util_posix.cc, line 254
04-25 09:56:46.163 I/Gecko   (   84): [Parent 84] WARNING: Failed to deliver SIGKILL to 968!(3).: file ../../../gecko/ipc/chromium/src/chrome/common/process_watcher_posix_sigchld.cc, line 118
04-25 09:56:46.263 I/Gecko   (   84): 1398445006275	Marionette	INFO	sendToClient: {"from":"0","value":"app://homescreen.gaiamobile.org/index.html#root"}, {21769fe4-276c-44ce-b20b-b224465fb931}, {21769fe4-276c-44ce-b20b-b224465fb931}
04-25 09:56:46.273 I/Gecko   (   84): 1398445006281	Marionette	DEBUG	Got request: switchToFrame, data: {"to":"0","sessionId":"3-b2g","name":"switchToFrame","parameters":{"id":null,"focus":true}}, id: {695e7c0a-41a8-44f0-9f56-888d16cd62bd}
04-25 09:56:46.283 I/Gecko   (   84): 1398445006289	Marionette	INFO	Switched to frame: {"frameValue":null}
04-25 09:56:46.383 I/Gecko   (   84): 1398445006392	Marionette	INFO	sendToClient: {"from":"0","ok":true}, {695e7c0a-41a8-44f0-9f56-888d16cd62bd}, {695e7c0a-41a8-44f0-9f56-888d16cd62bd}
04-25 09:56:46.383 I/Gecko   (   84): 1398445006398	Marionette	DEBUG	Got request: switchToFrame, data: {"to":"0","sessionId":"3-b2g","name":"switchToFrame","parameters":{"id":null,"focus":true}}, id: {834e49db-a8e7-44a1-bfc0-f663515a5c3c}
04-25 09:56:46.393 I/Gecko   (   84): 1398445006400	Marionette	INFO	Switched to frame: {"frameValue":null}
04-25 09:56:46.493 I/Gecko   (   84): 1398445006503	Marionette	INFO	sendToClient: {"from":"0","ok":true}, {834e49db-a8e7-44a1-bfc0-f663515a5c3c}, {834e49db-a8e7-44a1-bfc0-f663515a5c3c}
04-25 09:56:46.503 I/Gecko   (   84): 1398445006509	Marionette	DEBUG	Got request: executeWithCallback, data: {"to":"0","sessionId":"3-b2g","name":"executeAsyncScript","parameters":{"specialPowers":false,"scriptTimeout":null,"newSandbox":true,"args":[],"filename":"gaia_test.py","script":"GaiaApps.killAll()","line":91}}, id: {bd52e7bd-4422-460f-bc5a-13fc0faa6cf2}
04-25 09:56:46.533 I/Gecko   (   84): 1398445006543	Marionette	INFO	sendToClient: {"from":"0","value":true}, {bd52e7bd-4422-460f-bc5a-13fc0faa6cf2}, {bd52e7bd-4422-460f-bc5a-13fc0faa6cf2}
04-25 09:56:46.543 I/Gecko   (   84): 1398445006549	Marionette	DEBUG	Got request: switchToFrame, data: {"to":"0","sessionId":"3-b2g","name":"switchToFrame","parameters":{"id":null,"focus":true}}, id: {07c7cfa3-7f56-4547-9228-d894b6717662}
04-25 09:56:46.543 I/Gecko   (   84): 1398445006551	Marionette	INFO	Switched to frame: {"frameValue":null}
04-25 09:56:46.653 I/Gecko   (   84): 1398445006663	Marionette	INFO	sendToClient: {"from":"0","ok":true}, {07c7cfa3-7f56-4547-9228-d894b6717662}, {07c7cfa3-7f56-4547-9228-d894b6717662}
04-25 09:56:46.663 I/Gecko   (   84): 1398445006670	Marionette	DEBUG	Got request: executeWithCallback, data: {"to":"0","sessionId":"3-b2g","name":"executeAsyncScript","parameters":{"specialPowers":false,"scriptTimeout":60000,"newSandbox":true,"args":[],"filename":"app_checker.py","script":"\n        GaiaApps.locateWithManifestURL('https://marketplace.firefox.com/app/2ceddf55-2d89-495f-9192-34efd30b2565/manifest.webapp',\n                                       null,\n                                       function uninstall(app) {\n                                       navigator.mozApps.mgmt.uninstall(app);\n                                       marionetteScriptFinished(true);\n                                       });\n        ","line":129}}, id: {8da3c820-37e7-474f-8eba-00f3531d8733}
04-25 09:56:46.693 I/Gecko   (   84): -- webapps.js uninstall https://marketplace.firefox.com/app/2ceddf55-2d89-495f-9192-34efd30b2565/manifest.webapp
04-25 09:56:46.933 I/Gecko   (   84): 1398445006940	Marionette	INFO	sendToClient: {"from":"0","value":true}, {8da3c820-37e7-474f-8eba-00f3531d8733}, {8da3c820-37e7-474f-8eba-00f3531d8733}