--------- beginning of /dev/log/main
04-25 03:20:51.037 I/Gecko   (   84): 1398421251040	Marionette	INFO	sendToClient: {"from":"0","ok":true}, {8ae6ada5-f263-4e76-a130-dabd894be267}, {8ae6ada5-f263-4e76-a130-dabd894be267}
04-25 03:20:51.037 I/Gecko   (   84): 1398421251046	Marionette	DEBUG	Got request: switchToFrame, data: {"to":"0","sessionId":"3-b2g","name":"switchToFrame","parameters":{"id":null,"focus":true}}, id: {bcc0451d-d3bf-4b10-a0eb-e847aa9a316c}
04-25 03:20:51.047 I/Gecko   (   84): 1398421251051	Marionette	INFO	Switched to frame: {"frameValue":null}
04-25 03:20:51.167 I/Gecko   (   84): 1398421251177	Marionette	INFO	sendToClient: {"from":"0","ok":true}, {bcc0451d-d3bf-4b10-a0eb-e847aa9a316c}, {bcc0451d-d3bf-4b10-a0eb-e847aa9a316c}
04-25 03:20:51.177 I/Gecko   (   84): 1398421251183	Marionette	DEBUG	Got request: executeWithCallback, data: {"to":"0","sessionId":"3-b2g","name":"executeAsyncScript","parameters":{"specialPowers":false,"scriptTimeout":null,"newSandbox":true,"args":[],"filename":"gaia_test.py","script":"return GaiaApps.displayedApp();","line":66}}, id: {0b049ae5-bc2a-4489-a19c-46b41dcdb947}
04-25 03:20:51.237 I/Gecko   (   84): 1398421251242	Marionette	INFO	sendToClient: {"from":"0","value":{"frame":{"ELEMENT":"{9b524bd4-049e-4a95-aeb6-4c3176ae8f6c}"},"src":"app://homescreen.gaiamobile.org/index.html#root","name":"Homescreen","origin":"app://homescreen.gaiamobile.org"}}, {0b049ae5-bc2a-4489-a19c-46b41dcdb947}, {0b049ae5-bc2a-4489-a19c-46b41dcdb947}
04-25 03:20:51.247 E/GeckoConsole(   84): Content JS LOG at dummy file:392 in GaiaApps.displayedApp: app with origin 'app://homescreen.gaiamobile.org' is displayed
04-25 03:20:51.247 I/Gecko   (   84): 1398421251251	Marionette	DEBUG	Got request: switchToFrame, data: {"to":"0","sessionId":"3-b2g","name":"switchToFrame","parameters":{"id":null,"focus":true}}, id: {0f7497cf-dbf4-41a0-b383-088fb6429741}
04-25 03:20:51.247 I/Gecko   (   84): 1398421251253	Marionette	INFO	Switched to frame: {"frameValue":null}
04-25 03:20:51.347 I/Gecko   (   84): 1398421251355	Marionette	INFO	sendToClient: {"from":"0","ok":true}, {0f7497cf-dbf4-41a0-b383-088fb6429741}, {0f7497cf-dbf4-41a0-b383-088fb6429741}
04-25 03:20:51.357 I/Gecko   (   84): 1398421251361	Marionette	DEBUG	Got request: switchToFrame, data: {"to":"0","sessionId":"3-b2g","name":"switchToFrame","parameters":{"id":null,"focus":true}}, id: {60b68e57-443b-4a27-8187-938c87f4fdea}
04-25 03:20:51.357 I/Gecko   (   84): 1398421251362	Marionette	INFO	Switched to frame: {"frameValue":null}
04-25 03:20:51.457 I/Gecko   (   84): 1398421251465	Marionette	INFO	sendToClient: {"from":"0","ok":true}, {60b68e57-443b-4a27-8187-938c87f4fdea}, {60b68e57-443b-4a27-8187-938c87f4fdea}
04-25 03:20:51.467 I/Gecko   (   84): 1398421251471	Marionette	DEBUG	Got request: executeWithCallback, data: {"to":"0","sessionId":"3-b2g","name":"executeAsyncScript","parameters":{"specialPowers":false,"scriptTimeout":null,"newSandbox":true,"args":[],"filename":"gaia_test.py","script":"return GaiaApps.displayedApp();","line":66}}, id: {c33bb597-5857-490b-bd75-65ba71fe6b80}
04-25 03:20:51.497 I/Gecko   (   84): 1398421251501	Marionette	INFO	sendToClient: {"from":"0","value":{"frame":{"ELEMENT":"{9b524bd4-049e-4a95-aeb6-4c3176ae8f6c}"},"src":"app://homescreen.gaiamobile.org/index.html#root","name":"Homescreen","origin":"app://homescreen.gaiamobile.org"}}, {c33bb597-5857-490b-bd75-65ba71fe6b80}, {c33bb597-5857-490b-bd75-65ba71fe6b80}
04-25 03:20:51.517 E/GeckoConsole(   84): Content JS LOG at dummy file:392 in GaiaApps.displayedApp: app with origin 'app://homescreen.gaiamobile.org' is displayed
04-25 03:20:51.517 I/Gecko   (   84): 1398421251525	Marionette	DEBUG	Got request: switchToFrame, data: {"to":"0","sessionId":"3-b2g","name":"switchToFrame","parameters":{"focus":true,"element":"{9b524bd4-049e-4a95-aeb6-4c3176ae8f6c}"}}, id: {7d3aaee6-280d-4d9e-83f2-93b053060182}
04-25 03:20:51.547 I/Gecko   (   84): 1398421251549	Marionette	INFO	Switched to frame: {"frameValue":"{9b524bd4-049e-4a95-aeb6-4c3176ae8f6c}"}
04-25 03:20:51.557 I/Gecko   (   84): 1398421251558	Marionette	INFO	trying remote frame 0
04-25 03:20:51.577 I/Gecko   (   84): 1398421251587	Marionette	INFO	trying remote frame 1
04-25 03:20:51.587 I/Gecko   (   84): 1398421251588	Marionette	INFO	trying remote frame 2
04-25 03:20:51.587 I/Gecko   (   84): 1398421251589	Marionette	INFO	deleting frame
04-25 03:20:51.587 I/Gecko   (   84): 1398421251594	Marionette	INFO	frame-manager load script: [object ChromeMessageSender]
04-25 03:20:51.997 I/Gecko   (   84): 1398421252003	Marionette	INFO	sendToClient: {"from":"0","ok":true}, {7d3aaee6-280d-4d9e-83f2-93b053060182}, {7d3aaee6-280d-4d9e-83f2-93b053060182}
04-25 03:20:52.027 I/Gecko   (   84): 1398421252028	Marionette	INFO	sendToClient: {"from":"0","value":{"ELEMENT":"{f126f773-4ccf-4558-b43e-9682b22ff8a3}"}}, {ceb8145a-57b3-48bf-b969-7c708e8d9689}, {ceb8145a-57b3-48bf-b969-7c708e8d9689}
04-25 03:20:52.147 E/GeckoConsole( 1167): [JavaScript Warning: "Use of getAttributeNode() is deprecated. Use getAttribute() instead." {file: "chrome://marionette/content/atoms.js" line: 25}]
04-25 03:20:52.157 E/GeckoConsole( 1167): [JavaScript Warning: "Use of attributes' specified attribute is deprecated. It always returns true." {file: "chrome://marionette/content/atoms.js" line: 25}]
04-25 03:20:52.157 I/Gecko   (   84): 1398421252163	Marionette	INFO	sendToClient: {"from":"0","value":"normal"}, {9c70f951-dfdf-4e58-b79f-5445a2967539}, {9c70f951-dfdf-4e58-b79f-5445a2967539}
04-25 03:20:52.167 I/Gecko   (   84): 1398421252169	Marionette	DEBUG	Got request: switchToFrame, data: {"to":"0","sessionId":"3-b2g","name":"switchToFrame","parameters":{"id":null,"focus":true}}, id: {34113f84-a115-4c03-ad20-6997565b3c8b}
04-25 03:20:52.177 I/Gecko   (   84): 1398421252179	Marionette	INFO	Switched to frame: {"frameValue":null}
04-25 03:20:52.287 I/Gecko   (   84): 1398421252290	Marionette	INFO	sendToClient: {"from":"0","ok":true}, {34113f84-a115-4c03-ad20-6997565b3c8b}, {34113f84-a115-4c03-ad20-6997565b3c8b}
04-25 03:20:52.287 I/Gecko   (   84): 1398421252296	Marionette	DEBUG	Got request: execute, data: {"to":"0","sessionId":"3-b2g","name":"executeScript","parameters":{"specialPowers":false,"scriptTimeout":null,"newSandbox":true,"args":[],"filename":"gaia_test.py","script":"window.wrappedJSObject.dispatchEvent(new Event('home'));","line":788}}, id: {bd8f397e-854c-47a3-b5b5-0509f0adb9b6}
04-25 03:20:52.337 I/Gecko   (   84): 1398421252339	Marionette	INFO	sendToClient: {"from":"0","value":null}, {bd8f397e-854c-47a3-b5b5-0509f0adb9b6}, {bd8f397e-854c-47a3-b5b5-0509f0adb9b6}
04-25 03:20:52.347 I/Gecko   (   84): 1398421252353	Marionette	DEBUG	Got request: switchToFrame, data: {"to":"0","sessionId":"3-b2g","name":"switchToFrame","parameters":{"id":null,"focus":true}}, id: {d7cd4cac-e908-40c0-a6fc-1ac15c236278}
04-25 03:20:52.347 I/Gecko   (   84): 1398421252355	Marionette	INFO	Switched to frame: {"frameValue":null}
04-25 03:20:52.447 I/Gecko   (   84): 1398421252457	Marionette	INFO	sendToClient: {"from":"0","ok":true}, {d7cd4cac-e908-40c0-a6fc-1ac15c236278}, {d7cd4cac-e908-40c0-a6fc-1ac15c236278}
04-25 03:20:52.457 I/Gecko   (   84): 1398421252463	Marionette	DEBUG	Got request: switchToFrame, data: {"to":"0","sessionId":"3-b2g","name":"switchToFrame","parameters":{"id":null,"focus":true}}, id: {a32e766a-6769-4e75-8d06-e1e366fa2b47}
04-25 03:20:52.457 I/Gecko   (   84): 1398421252465	Marionette	INFO	Switched to frame: {"frameValue":null}
04-25 03:20:52.567 I/Gecko   (   84): 1398421252568	Marionette	INFO	sendToClient: {"from":"0","ok":true}, {a32e766a-6769-4e75-8d06-e1e366fa2b47}, {a32e766a-6769-4e75-8d06-e1e366fa2b47}
04-25 03:20:52.567 I/Gecko   (   84): 1398421252573	Marionette	DEBUG	Got request: executeWithCallback, data: {"to":"0","sessionId":"3-b2g","name":"executeAsyncScript","parameters":{"specialPowers":false,"scriptTimeout":null,"newSandbox":true,"args":[],"filename":"gaia_test.py","script":"return GaiaApps.displayedApp();","line":66}}, id: {58369180-9f3f-446b-88ef-6c07dc2770b8}
04-25 03:20:52.597 I/Gecko   (   84): 1398421252604	Marionette	INFO	sendToClient: {"from":"0","value":{"frame":{"ELEMENT":"{9b524bd4-049e-4a95-aeb6-4c3176ae8f6c}"},"src":"app://homescreen.gaiamobile.org/index.html#rootFri%20Apr%2025%202014%2003:20:52%20GMT-0700%20(UTC)","name":"Homescreen","origin":"app://homescreen.gaiamobile.org"}}, {58369180-9f3f-446b-88ef-6c07dc2770b8}, {58369180-9f3f-446b-88ef-6c07dc2770b8}
04-25 03:20:52.607 I/Gecko   (   84): 1398421252610	Marionette	DEBUG	Got request: switchToFrame, data: {"to":"0","sessionId":"3-b2g","name":"switchToFrame","parameters":{"focus":true,"element":"{9b524bd4-049e-4a95-aeb6-4c3176ae8f6c}"}}, id: {a64fae9b-ed4a-4003-b8ba-55f0fb41dfd7}
04-25 03:20:52.607 I/Gecko   (   84): 1398421252615	Marionette	INFO	Switched to frame: {"frameValue":"{9b524bd4-049e-4a95-aeb6-4c3176ae8f6c}"}
04-25 03:20:52.607 E/GeckoConsole(   84): Content JS LOG at dummy file:392 in GaiaApps.displayedApp: app with origin 'app://homescreen.gaiamobile.org' is displayed
04-25 03:20:52.617 I/Gecko   (   84): 1398421252620	Marionette	INFO	trying remote frame 0
04-25 03:20:52.617 I/Gecko   (   84): 1398421252621	Marionette	INFO	trying remote frame 1
04-25 03:20:52.617 I/Gecko   (   84): 1398421252622	Marionette	INFO	trying remote frame 2
04-25 03:20:52.637 I/Gecko   (   84): 1398421252643	Marionette	INFO	sendToClient: {"from":"0","ok":true}, {a64fae9b-ed4a-4003-b8ba-55f0fb41dfd7}, {a64fae9b-ed4a-4003-b8ba-55f0fb41dfd7}
04-25 03:20:52.647 I/Gecko   (   84): 1398421252653	Marionette	DEBUG	Got request: execute, data: {"to":"0","sessionId":"3-b2g","name":"executeScript","parameters":{"specialPowers":false,"scriptTimeout":null,"newSandbox":true,"args":[],"filename":"gaia_test.py","script":"return window.wrappedJSObject.GridManager.pageHelper.getCurrentPageNumber();","line":784}}, id: {cbe66407-4129-474c-b770-33e5558d5107}
04-25 03:20:52.677 I/Gecko   (   84): 1398421252687	Marionette	INFO	sendToClient: {"from":"0","value":0}, {cbe66407-4129-474c-b770-33e5558d5107}, {cbe66407-4129-474c-b770-33e5558d5107}
04-25 03:20:52.707 I/Gecko   (   84): 1398421252716	Marionette	INFO	sendToClient: {"from":"0","value":["{d27aeb9b-7d45-4cad-af5f-903156b92c40}","{8bab8c10-2cb2-450b-8b9f-c29e98c6d4a3}","{381b8116-eb5b-4a93-ab1b-a067619a0524}","{16398079-13bb-43db-85bf-80eba7a35de4}","{9340c043-ae71-403e-b6d1-3534e2c55955}","{a443822e-38e5-41ce-a5ed-bba52dd5754a}","{18c6858e-f743-4307-ace5-bbfc3f68896a}","{91c24610-e427-4b9d-8d7d-2d6c107ca69a}","{3895f80c-a380-4e61-852c-f1bfe85a1881}","{bf87d34d-12e3-4c28-8c1f-0111ec20bfac}","{a5bc2552-0928-429a-98ac-a4bad8523375}","{a069167f-aaba-4fdb-877d-412445b90b4f}","{49cd7eec-eaa5-4c66-a2cd-57c9fb0bd5a6}","{5229ec18-3a01-4581-ac37-b774f62d7235}","{db530dc9-2457-4a28-b27f-172967f07a77}","{6fc0564e-37e4-48cf-93eb-1ad5014a1ecc}","{b19689c1-9d8a-4fe5-a132-97cb6cdefb50}","{869346b4-73a4-4e96-ba4e-eff26b115cea}","{5c507010-3323-40db-abc2-61b6b41a0646}","{84bf1cf7-479b-4cb2-94e0-e9e137c52ce4}","{a6cd94d2-184f-46ea-a0ce-9954f1881bc2}","{d2786130-d37b-402f-a428-581b34ed983f}","{82722389-0a6f-466b-990b-f931038af6a1}","{164b53f9-d457
04-25 03:20:52.717 I/Gecko   (   84): 1398421252726	Marionette	INFO	sendToClient: {"from":"0","value":"app://homescreen.gaiamobile.org/index.html#rootFri%20Apr%2025%202014%2003:20:52%20GMT-0700%20(UTC)"}, {d7ef4b7e-be6a-4a15-b49b-9757e0901ae4}, {d7ef4b7e-be6a-4a15-b49b-9757e0901ae4}
04-25 03:20:52.727 I/Gecko   (   84): 1398421252731	Marionette	DEBUG	Got request: switchToFrame, data: {"to":"0","sessionId":"3-b2g","name":"switchToFrame","parameters":{"id":null,"focus":true}}, id: {d4ced7cd-a956-4083-a84c-950b117715e6}
04-25 03:20:52.737 I/Gecko   (   84): 1398421252743	Marionette	INFO	Switched to frame: {"frameValue":null}
04-25 03:20:52.837 I/Gecko   (   84): 1398421252847	Marionette	INFO	sendToClient: {"from":"0","ok":true}, {d4ced7cd-a956-4083-a84c-950b117715e6}, {d4ced7cd-a956-4083-a84c-950b117715e6}
04-25 03:20:52.847 I/Gecko   (   84): 1398421252855	Marionette	DEBUG	Got request: switchToFrame, data: {"to":"0","sessionId":"3-b2g","name":"switchToFrame","parameters":{"id":null,"focus":true}}, id: {df17bb96-d91b-4d4e-8775-c405d9fea126}
04-25 03:20:52.847 I/Gecko   (   84): 1398421252857	Marionette	INFO	Switched to frame: {"frameValue":null}
04-25 03:20:52.957 I/Gecko   (   84): 1398421252959	Marionette	INFO	sendToClient: {"from":"0","ok":true}, {df17bb96-d91b-4d4e-8775-c405d9fea126}, {df17bb96-d91b-4d4e-8775-c405d9fea126}
04-25 03:20:52.957 I/Gecko   (   84): 1398421252965	Marionette	DEBUG	Got request: executeWithCallback, data: {"to":"0","sessionId":"3-b2g","name":"executeAsyncScript","parameters":{"specialPowers":false,"scriptTimeout":30000,"newSandbox":true,"args":[],"filename":"app_checker.py","script":"GaiaApps.launchWithManifestURL('https://marketplace.firefox.com/app/69ccd8ac-c722-4905-92e3-7c74cc5521f1/manifest.webapp')","line":106}}, id: {6d4551b2-14eb-409c-9295-75046a7ce0ba}
04-25 03:20:53.057 I/Gonk    (   84): Setting nice for pid 1215 to 18
04-25 03:20:53.057 I/Gonk    (   84): Changed nice for pid 1215 from 18 to 18.
04-25 03:20:53.057 I/Gecko   (   84): [Parent 84] WARNING: waitpid failed pid:1215 errno:10: file ../../../gecko/ipc/chromium/src/base/process_util_posix.cc, line 254
04-25 03:20:53.067 I/Gonk    (   84): Setting nice for pid 1215 to 1
04-25 03:20:53.067 I/Gonk    (   84): Changed nice for pid 1215 from 18 to 1.
04-25 03:20:53.087 E/GeckoConsole(   84): Content JS LOG at dummy file:334 in GaiaApps.launch: launching app with name 'Baby Music Fun'
04-25 03:20:53.257 E/[Gralloc-ERROR](   84): int gralloc_register_buffer(const gralloc_module_t*, const native_handle_t*):79 Unable to register handle 0x45ec4830 coming from different process: 84
04-25 03:20:53.257 E/[Gralloc-ERROR](   84): int gralloc_register_buffer(const gralloc_module_t*, const native_handle_t*):79 Unable to register handle 0x45ec4d80 coming from different process: 84
04-25 03:20:53.297 E/[Gralloc-ERROR](   84): int gralloc_register_buffer(const gralloc_module_t*, const native_handle_t*):79 Unable to register handle 0x45ed2d30 coming from different process: 84
04-25 03:20:53.297 E/[Gralloc-ERROR](   84): int gralloc_register_buffer(const gralloc_module_t*, const native_handle_t*):79 Unable to register handle 0x45ed2f60 coming from different process: 84
04-25 03:20:53.467 D/Sensors (   84): activate handle=0; drv=0
04-25 03:20:53.477 D/Sensors (   84): Lis3dhSensor: Control set 1
04-25 03:20:53.477 D/Sensors (   84): Lis3dhSensor: mEnabled = 1
04-25 03:20:53.537 I/Gonk    (   84): Setting nice for pid 1167 to 18
04-25 03:20:53.547 I/Gonk    (   84): Changed nice for pid 1167 from 1 to 18.
04-25 03:20:53.787 W/WifiHW  (   84): wifi_command: SIGNAL_POLL
04-25 03:20:53.967 I/log     ( 1238): <4>0[ 347.382848] select 1167 (Homescreen), adj 8, size 6959, to kill 
04-25 03:20:54.427 V/AudioPolicyManagerBase(   89): getDeviceForStrategy() from cache strategy 0, device 2
04-25 03:20:54.437 V/AudioPolicyManagerBase(   89): getOutput() stream 3, samplingRate 0, format 0, channels 3, flags 0
04-25 03:20:54.447 W/AudioFlinger(   89): Thread AudioOut_1 cannot connect to the power manager service
04-25 03:20:54.597 V/AudioPolicyManagerBase(   89): getDeviceForStrategy() from cache strategy 0, device 2
04-25 03:20:54.597 V/AudioPolicyManagerBase(   89): getOutput() stream 1, samplingRate 0, format 0, channels 3, flags 0
04-25 03:20:54.607 V/AudioPolicyManagerBase(   89): startOutput() output 1, stream 1, session 5
04-25 03:20:54.607 V/AudioPolicyManagerBase(   89): changeRefCount() stream 1, count 1
04-25 03:20:54.607 V/AudioPolicyManagerBase(   89): getDeviceForStrategy() from cache strategy 0, device 2
04-25 03:20:54.607 V/AudioPolicyManagerBase(   89): getNewDevice() selected device 2
04-25 03:20:54.607 D/AudioPolicyManagerBase(   89): setOutputDevice() output 1 device 2 delayMs 0
04-25 03:20:54.607 V/AudioPolicyManagerBase(   89): setOutputDevice() setting same device 2 or null device for output 1
04-25 03:20:54.607 E/AudioPolicyManagerBase(   89): checkAndSetVolume stream=1, index=0, output=1, device=2
04-25 03:20:54.607 E/AudioPolicyManagerBase(   89): computeVolume, streamDesc=0x1b64bb8
04-25 03:20:54.637 V/AudioPolicyManagerBase(   89): stopOutput() output 1, stream 1, session 5
04-25 03:20:54.637 V/AudioPolicyManagerBase(   89): changeRefCount() stream 1, count 0
04-25 03:20:54.637 V/AudioPolicyManagerBase(   89): getNewDevice() selected device 0
04-25 03:20:54.637 D/AudioPolicyManagerBase(   89): setOutputDevice() output 1 device 0 delayMs 290
04-25 03:20:54.637 V/AudioPolicyManagerBase(   89): setOutputDevice() setting same device 0 or null device for output 1
04-25 03:20:54.657 V/AudioPolicyManagerBase(   89): startOutput() output 1, stream 1, session 5
04-25 03:20:54.657 V/AudioPolicyManagerBase(   89): changeRefCount() stream 1, count 1
04-25 03:20:54.657 V/AudioPolicyManagerBase(   89): getDeviceForStrategy() from cache strategy 0, device 2
04-25 03:20:54.657 V/AudioPolicyManagerBase(   89): getNewDevice() selected device 2
04-25 03:20:54.657 D/AudioPolicyManagerBase(   89): setOutputDevice() output 1 device 2 delayMs 0
04-25 03:20:54.657 V/AudioPolicyManagerBase(   89): setOutputDevice() setting same device 2 or null device for output 1
04-25 03:20:54.657 E/AudioPolicyManagerBase(   89): checkAndSetVolume stream=1, index=0, output=1, device=2
04-25 03:20:54.657 E/AudioPolicyManagerBase(   89): computeVolume, streamDesc=0x1b64bb8
04-25 03:20:54.687 I/audio_hw_primary(   89): select_devices_signal starting...
04-25 03:20:54.687 I/audio_hw_primary(   89): select_devices_signal finished.
04-25 03:20:54.687 W/audio_hw_primary(   89): open s_tinycard in
04-25 03:20:54.687 W/audio_hw_primary(   89): open s_tinycard successfully
04-25 03:20:54.687 I/audio_hw_primary(   89): Changing devices: 0x00000002
04-25 03:20:54.817 I/audio_hw_primary(   89): Set 'HeadPhone Function'.0 to 0
04-25 03:20:54.817 I/audio_hw_primary(   89): Set 'Earpiece Function'.0 to 0
04-25 03:20:54.817 I/audio_hw_primary(   89): Set 'Mic Function'.0 to 0
04-25 03:20:54.817 I/audio_hw_primary(   89): Set 'HP Mic Function'.0 to 0
04-25 03:20:54.817 I/audio_hw_primary(   89): Set 'Line Function'.0 to 0
04-25 03:20:54.817 I/audio_hw_primary(   89): Changing devices, mask: 0x00004002
04-25 03:20:54.817 I/audio_hw_primary(   89): Set 'Speaker Function'.0 to 1
04-25 03:20:54.817 W/audio_hw_primary(   89): GetAudio_pga_nv, dac_pga_gain_l:0xc3 adc_pga_gain_l:0xc fm_pga_gain_l:0xff fm_pga_gain_r:0xff device:0x2 vol_level:0x1 
04-25 03:20:54.817 D/audio_pga(   89): 'speaker-l' apply
04-25 03:20:54.817 I/audio_pga(   89): 'Master Playback Volume' set to 12
04-25 03:20:54.817 I/audio_pga(   89): 'Inter PA Playback Volume' set to 12
04-25 03:20:54.817 I/audio_pga(   89): 'VBC DACL DG Set' set to 0
04-25 03:20:54.817 I/audio_pga(   89): 'VBC DACL DG Switch' set to 0
04-25 03:20:54.817 D/audio_pga(   89): 'speaker-r' apply
04-25 03:20:54.817 I/audio_pga(   89): 'Master Playback Volume' set to 12
04-25 03:20:54.817 I/audio_pga(   89): 'Inter PA Playback Volume' set to 12
04-25 03:20:54.817 I/audio_pga(   89): 'VBC DACR DG Set' set to 0
04-25 03:20:54.817 I/audio_pga(   89): 'VBC DACR DG Switch' set to 0
04-25 03:20:54.817 W/audio_hw_primary(   89): SetAudio_gain_by_devices out, devices:0x2 
04-25 03:20:54.817 I/audio_hw_primary(   89): stream_routing_thread looping done.
04-25 03:20:54.817 I/audio_hw_primary(   89): stream_routing_thread looping now...
04-25 03:20:55.277 I/Gecko   (   84): [Parent 84] WARNING: pipe error (80): Connection reset by peer: file ../../../gecko/ipc/chromium/src/chrome/common/ipc_channel_posix.cc, line 446
04-25 03:20:55.307 I/Gecko   (   84): 
04-25 03:20:55.307 I/Gecko   (   84): ###!!! [Parent][MessageChannel] Error: Channel error: cannot send/recv
04-25 03:20:55.307 I/Gecko   (   84): 
04-25 03:20:55.507 I/Gecko   (   84): [Parent 84] WARNING: waitpid failed pid:1167 errno:10: file ../../../gecko/ipc/chromium/src/base/process_util_posix.cc, line 254
04-25 03:20:57.507 I/Gecko   (   84): [Parent 84] WARNING: waitpid failed pid:1167 errno:10: file ../../../gecko/ipc/chromium/src/base/process_util_posix.cc, line 254
04-25 03:20:57.507 I/Gecko   (   84): [Parent 84] WARNING: Failed to deliver SIGKILL to 1167!(3).: file ../../../gecko/ipc/chromium/src/chrome/common/process_watcher_posix_sigchld.cc, line 118
04-25 03:20:58.497 I/Gonk    (   84): Setting nice for pid 1254 to 18
04-25 03:20:58.527 I/Gonk    (   84): Changed nice for pid 1254 from 0 to 18.
04-25 03:20:58.797 W/WifiHW  (   84): wifi_command: SIGNAL_POLL
04-25 03:21:03.647 W/audio_hw_primary(   89): warning:-32, (wait error: hw 0x54600 app 0x5aa00 avail 0x0
04-25 03:21:03.647 W/audio_hw_primary(   89): : Unknown error: -32)
04-25 03:21:03.647 W/audio_hw_primary(   89): do_output_standby.mode:0 
04-25 03:21:03.677 I/audio_hw_primary(   89): select_devices_signal starting...
04-25 03:21:03.677 I/audio_hw_primary(   89): select_devices_signal finished.
04-25 03:21:03.677 W/audio_hw_primary(   89): open s_tinycard in
04-25 03:21:03.677 W/audio_hw_primary(   89): open s_tinycard successfully
04-25 03:21:03.757 I/audio_hw_primary(   89): Changing devices: 0x00000002
04-25 03:21:03.757 I/audio_hw_primary(   89): Set 'HeadPhone Function'.0 to 0
04-25 03:21:03.757 I/audio_hw_primary(   89): Set 'Earpiece Function'.0 to 0
04-25 03:21:03.757 I/audio_hw_primary(   89): Set 'Mic Function'.0 to 0
04-25 03:21:03.757 I/audio_hw_primary(   89): Set 'HP Mic Function'.0 to 0
04-25 03:21:03.757 I/audio_hw_primary(   89): Set 'Line Function'.0 to 0
04-25 03:21:03.757 I/audio_hw_primary(   89): Changing devices, mask: 0x00004002
04-25 03:21:03.757 I/audio_hw_primary(   89): Set 'Speaker Function'.0 to 1
04-25 03:21:03.757 W/audio_hw_primary(   89): GetAudio_pga_nv, dac_pga_gain_l:0xc3 adc_pga_gain_l:0xc fm_pga_gain_l:0xff fm_pga_gain_r:0xff device:0x2 vol_level:0x1 
04-25 03:21:03.887 D/audio_pga(   89): 'speaker-l' apply
04-25 03:21:03.887 I/audio_pga(   89): 'Master Playback Volume' set to 12
04-25 03:21:03.887 I/audio_pga(   89): 'Inter PA Playback Volume' set to 12
04-25 03:21:03.887 I/audio_pga(   89): 'VBC DACL DG Set' set to 0
04-25 03:21:03.887 I/audio_pga(   89): 'VBC DACL DG Switch' set to 0
04-25 03:21:03.887 D/audio_pga(   89): 'speaker-r' apply
04-25 03:21:03.887 I/audio_pga(   89): 'Master Playback Volume' set to 12
04-25 03:21:03.887 I/audio_pga(   89): 'Inter PA Playback Volume' set to 12
04-25 03:21:03.887 I/audio_pga(   89): 'VBC DACR DG Set' set to 0
04-25 03:21:03.887 I/audio_pga(   89): 'VBC DACR DG Switch' set to 0
04-25 03:21:03.887 W/audio_hw_primary(   89): SetAudio_gain_by_devices out, devices:0x2 
04-25 03:21:03.887 I/audio_hw_primary(   89): stream_routing_thread looping done.
04-25 03:21:03.887 I/audio_hw_primary(   89): stream_routing_thread looping now...
04-25 03:21:05.677 W/audio_hw_primary(   89): warning:-32, (wait error: hw 0xe740 app 0x14b40 avail 0x0
04-25 03:21:05.677 W/audio_hw_primary(   89): : Unknown error: -32)
04-25 03:21:05.677 W/audio_hw_primary(   89): do_output_standby.mode:0 
04-25 03:21:05.697 I/audio_hw_primary(   89): select_devices_signal starting...
04-25 03:21:05.697 I/audio_hw_primary(   89): select_devices_signal finished.
04-25 03:21:05.697 W/audio_hw_primary(   89): open s_tinycard in
04-25 03:21:05.697 W/audio_hw_primary(   89): open s_tinycard successfully
04-25 03:21:05.697 I/audio_hw_primary(   89): Changing devices: 0x00000002
04-25 03:21:05.697 I/audio_hw_primary(   89): Set 'HeadPhone Function'.0 to 0
04-25 03:21:05.697 I/audio_hw_primary(   89): Set 'Earpiece Function'.0 to 0
04-25 03:21:05.697 I/audio_hw_primary(   89): Set 'Mic Function'.0 to 0
04-25 03:21:05.697 I/audio_hw_primary(   89): Set 'HP Mic Function'.0 to 0
04-25 03:21:05.697 I/audio_hw_primary(   89): Set 'Line Function'.0 to 0
04-25 03:21:05.697 I/audio_hw_primary(   89): Changing devices, mask: 0x00004002
04-25 03:21:05.697 I/audio_hw_primary(   89): Set 'Speaker Function'.0 to 1
04-25 03:21:05.707 W/audio_hw_primary(   89): GetAudio_pga_nv, dac_pga_gain_l:0xc3 adc_pga_gain_l:0xc fm_pga_gain_l:0xff fm_pga_gain_r:0xff device:0x2 vol_level:0x1 
04-25 03:21:05.707 D/audio_pga(   89): 'speaker-l' apply
04-25 03:21:05.707 I/audio_pga(   89): 'Master Playback Volume' set to 12
04-25 03:21:05.707 I/audio_pga(   89): 'Inter PA Playback Volume' set to 12
04-25 03:21:05.707 I/audio_pga(   89): 'VBC DACL DG Set' set to 0
04-25 03:21:05.707 I/audio_pga(   89): 'VBC DACL DG Switch' set to 0
04-25 03:21:05.707 D/audio_pga(   89): 'speaker-r' apply
04-25 03:21:05.707 I/audio_pga(   89): 'Master Playback Volume' set to 12
04-25 03:21:05.707 I/audio_pga(   89): 'Inter PA Playback Volume' set to 12
04-25 03:21:05.707 I/audio_pga(   89): 'VBC DACR DG Set' set to 0
04-25 03:21:05.707 I/audio_pga(   89): 'VBC DACR DG Switch' set to 0
04-25 03:21:05.707 W/audio_hw_primary(   89): SetAudio_gain_by_devices out, devices:0x2 
04-25 03:21:05.707 I/audio_hw_primary(   89): stream_routing_thread looping done.
04-25 03:21:05.707 I/audio_hw_primary(   89): stream_routing_thread looping now...
04-25 03:21:05.757 I/GonkMemoryPressure(   84): Checking to see if memory pressure is over.
04-25 03:21:05.787 I/GonkMemoryPressure( 1215): Checking to see if memory pressure is over.
04-25 03:21:05.797 I/GonkMemoryPressure( 1215): Memory pressure is over.
04-25 03:21:05.797 I/GonkMemoryPressure(   84): Memory pressure is over.
04-25 03:21:06.317 W/AudioFlinger(   89): write blocked for 566 msecs, 2 delayed writes, thread 0x1b65ec8
04-25 03:21:06.697 W/AudioTrack(   89): stepServer() could not lock cblk
04-25 03:21:06.717 W/AudioTrack(   89): stepServer() could not lock cblk
04-25 03:21:07.667 I/GonkMemoryPressure( 1254): Checking to see if memory pressure is over.
04-25 03:21:07.677 I/GonkMemoryPressure( 1254): Memory pressure is over.
04-25 03:21:08.597 W/audio_hw_primary(   89): warning:-32, (wait error: hw 0x15e00 app 0x1c200 avail 0x0
04-25 03:21:08.597 W/audio_hw_primary(   89): : Unknown error: -32)
04-25 03:21:08.597 W/audio_hw_primary(   89): do_output_standby.mode:0 
04-25 03:21:08.897 I/audio_hw_primary(   89): select_devices_signal starting...
04-25 03:21:08.897 I/audio_hw_primary(   89): select_devices_signal finished.
04-25 03:21:08.897 W/audio_hw_primary(   89): open s_tinycard in
04-25 03:21:08.897 W/audio_hw_primary(   89): open s_tinycard successfully
04-25 03:21:09.207 I/audio_hw_primary(   89): Changing devices: 0x00000002
04-25 03:21:09.317 I/audio_hw_primary(   89): Set 'HeadPhone Function'.0 to 0
04-25 03:21:09.317 I/audio_hw_primary(   89): Set 'Earpiece Function'.0 to 0
04-25 03:21:09.317 I/audio_hw_primary(   89): Set 'Mic Function'.0 to 0
04-25 03:21:09.317 I/audio_hw_primary(   89): Set 'HP Mic Function'.0 to 0
04-25 03:21:09.317 I/audio_hw_primary(   89): Set 'Line Function'.0 to 0
04-25 03:21:09.317 I/audio_hw_primary(   89): Changing devices, mask: 0x00004002
04-25 03:21:09.317 I/audio_hw_primary(   89): Set 'Speaker Function'.0 to 1
04-25 03:21:09.327 W/audio_hw_primary(   89): GetAudio_pga_nv, dac_pga_gain_l:0xc3 adc_pga_gain_l:0xc fm_pga_gain_l:0xff fm_pga_gain_r:0xff device:0x2 vol_level:0x1 
04-25 03:21:09.557 D/audio_pga(   89): 'speaker-l' apply
04-25 03:21:09.577 I/audio_pga(   89): 'Master Playback Volume' set to 12
04-25 03:21:09.617 I/audio_pga(   89): 'Inter PA Playback Volume' set to 12
04-25 03:21:09.617 I/audio_pga(   89): 'VBC DACL DG Set' set to 0
04-25 03:21:09.617 I/audio_pga(   89): 'VBC DACL DG Switch' set to 0
04-25 03:21:09.617 D/audio_pga(   89): 'speaker-r' apply
04-25 03:21:09.617 I/audio_pga(   89): 'Master Playback Volume' set to 12
04-25 03:21:09.617 I/audio_pga(   89): 'Inter PA Playback Volume' set to 12
04-25 03:21:09.617 I/audio_pga(   89): 'VBC DACR DG Set' set to 0
04-25 03:21:09.617 I/audio_pga(   89): 'VBC DACR DG Switch' set to 0
04-25 03:21:09.617 W/audio_hw_primary(   89): SetAudio_gain_by_devices out, devices:0x2 
04-25 03:21:09.617 I/audio_hw_primary(   89): stream_routing_thread looping done.
04-25 03:21:09.617 I/audio_hw_primary(   89): stream_routing_thread looping now...
04-25 03:21:10.067 W/audio_hw_primary(   89): warning:-32, (wait error: hw 0x3200 app 0x9600 avail 0x0
04-25 03:21:10.067 W/audio_hw_primary(   89): : Unknown error: -32)
04-25 03:21:10.087 W/audio_hw_primary(   89): do_output_standby.mode:0 
04-25 03:21:10.087 I/audio_hw_primary(   89): select_devices_signal starting...
04-25 03:21:10.087 I/audio_hw_primary(   89): select_devices_signal finished.
04-25 03:21:10.087 W/audio_hw_primary(   89): open s_tinycard in
04-25 03:21:10.087 W/audio_hw_primary(   89): open s_tinycard successfully
04-25 03:21:10.087 I/audio_hw_primary(   89): Changing devices: 0x00000002
04-25 03:21:10.087 I/audio_hw_primary(   89): Set 'HeadPhone Function'.0 to 0
04-25 03:21:10.087 I/audio_hw_primary(   89): Set 'Earpiece Function'.0 to 0
04-25 03:21:10.087 I/audio_hw_primary(   89): Set 'Mic Function'.0 to 0
04-25 03:21:10.087 I/audio_hw_primary(   89): Set 'HP Mic Function'.0 to 0
04-25 03:21:10.087 I/audio_hw_primary(   89): Set 'Line Function'.0 to 0
04-25 03:21:10.087 I/audio_hw_primary(   89): Changing devices, mask: 0x00004002
04-25 03:21:10.087 I/audio_hw_primary(   89): Set 'Speaker Function'.0 to 1
04-25 03:21:10.087 W/audio_hw_primary(   89): GetAudio_pga_nv, dac_pga_gain_l:0xc3 adc_pga_gain_l:0xc fm_pga_gain_l:0xff fm_pga_gain_r:0xff device:0x2 vol_level:0x1 
04-25 03:21:10.087 D/audio_pga(   89): 'speaker-l' apply
04-25 03:21:10.087 I/audio_pga(   89): 'Master Playback Volume' set to 12
04-25 03:21:10.087 I/audio_pga(   89): 'Inter PA Playback Volume' set to 12
04-25 03:21:10.087 I/audio_pga(   89): 'VBC DACL DG Set' set to 0
04-25 03:21:10.087 I/audio_pga(   89): 'VBC DACL DG Switch' set to 0
04-25 03:21:10.087 D/audio_pga(   89): 'speaker-r' apply
04-25 03:21:10.087 I/audio_pga(   89): 'Master Playback Volume' set to 12
04-25 03:21:10.087 I/audio_pga(   89): 'Inter PA Playback Volume' set to 12
04-25 03:21:10.087 I/audio_pga(   89): 'VBC DACR DG Set' set to 0
04-25 03:21:10.087 I/audio_pga(   89): 'VBC DACR DG Switch' set to 0
04-25 03:21:10.087 W/audio_hw_primary(   89): SetAudio_gain_by_devices out, devices:0x2 
04-25 03:21:10.087 I/audio_hw_primary(   89): stream_routing_thread looping done.
04-25 03:21:10.087 I/audio_hw_primary(   89): stream_routing_thread looping now...
04-25 03:21:11.537 W/AudioFlinger(   89): write blocked for 584 msecs, 3 delayed writes, thread 0x1b65ec8
04-25 03:21:11.957 I/GonkMemoryPressure(   84): Checking to see if memory pressure is over.
04-25 03:21:11.997 I/GonkMemoryPressure(   84): Memory pressure is over.
04-25 03:21:12.057 V/AudioPolicyManagerBase(   89): stopOutput() output 1, stream 1, session 5
04-25 03:21:12.107 V/AudioPolicyManagerBase(   89): changeRefCount() stream 1, count 0
04-25 03:21:12.107 V/AudioPolicyManagerBase(   89): getNewDevice() selected device 0
04-25 03:21:12.107 D/AudioPolicyManagerBase(   89): setOutputDevice() output 1 device 0 delayMs 290
04-25 03:21:12.107 V/AudioPolicyManagerBase(   89): setOutputDevice() setting same device 0 or null device for output 1
04-25 03:21:12.147 W/audio_hw_primary(   89): warning:-32, (wait error: hw 0x9600 app 0xfa00 avail 0x0
04-25 03:21:12.147 W/audio_hw_primary(   89): : Unknown error: -32)
04-25 03:21:12.157 W/audio_hw_primary(   89): do_output_standby.mode:0 
04-25 03:21:12.177 V/AudioPolicyManagerBase(   89): releaseOutput() 1
04-25 03:21:12.177 I/audio_hw_primary(   89): select_devices_signal starting...
04-25 03:21:12.177 I/audio_hw_primary(   89): select_devices_signal finished.
04-25 03:21:12.177 W/audio_hw_primary(   89): open s_tinycard in
04-25 03:21:12.177 W/audio_hw_primary(   89): open s_tinycard successfully
04-25 03:21:12.177 I/audio_hw_primary(   89): Changing devices: 0x00000002
04-25 03:21:12.177 I/audio_hw_primary(   89): Set 'HeadPhone Function'.0 to 0
04-25 03:21:12.177 I/audio_hw_primary(   89): Set 'Earpiece Function'.0 to 0
04-25 03:21:12.177 I/audio_hw_primary(   89): Set 'Mic Function'.0 to 0
04-25 03:21:12.177 I/audio_hw_primary(   89): Set 'HP Mic Function'.0 to 0
04-25 03:21:12.177 I/audio_hw_primary(   89): Set 'Line Function'.0 to 0
04-25 03:21:12.177 I/audio_hw_primary(   89): Changing devices, mask: 0x00004002
04-25 03:21:12.177 I/audio_hw_primary(   89): Set 'Speaker Function'.0 to 1
04-25 03:21:12.187 W/audio_hw_primary(   89): GetAudio_pga_nv, dac_pga_gain_l:0xc3 adc_pga_gain_l:0xc fm_pga_gain_l:0xff fm_pga_gain_r:0xff device:0x2 vol_level:0x1 
04-25 03:21:12.187 D/audio_pga(   89): 'speaker-l' apply
04-25 03:21:12.187 I/audio_pga(   89): 'Master Playback Volume' set to 12
04-25 03:21:12.187 I/audio_pga(   89): 'Inter PA Playback Volume' set to 12
04-25 03:21:12.187 I/audio_pga(   89): 'VBC DACL DG Set' set to 0
04-25 03:21:12.187 I/audio_pga(   89): 'VBC DACL DG Switch' set to 0
04-25 03:21:12.187 D/audio_pga(   89): 'speaker-r' apply
04-25 03:21:12.187 I/audio_pga(   89): 'Master Playback Volume' set to 12
04-25 03:21:12.187 I/audio_pga(   89): 'Inter PA Playback Volume' set to 12
04-25 03:21:12.187 I/audio_pga(   89): 'VBC DACR DG Set' set to 0
04-25 03:21:12.187 I/audio_pga(   89): 'VBC DACR DG Switch' set to 0
04-25 03:21:12.187 W/audio_hw_primary(   89): SetAudio_gain_by_devices out, devices:0x2 
04-25 03:21:12.187 I/audio_hw_primary(   89): stream_routing_thread looping done.
04-25 03:21:12.187 I/audio_hw_primary(   89): stream_routing_thread looping now...
04-25 03:21:13.767 W/WifiHW  (   84): wifi_command: SIGNAL_POLL
04-25 03:21:13.797 I/Gecko   (   84): 
04-25 03:21:13.797 I/Gecko   (   84): ###!!! [Parent][MessageChannel] Error: Channel error: cannot send/recv
04-25 03:21:13.797 I/Gecko   (   84): 
04-25 03:21:13.837 I/Gonk    (   84): Setting nice for pid 1254 to 18
04-25 03:21:13.847 I/Gonk    (   84): Changed nice for pid 1254 from 0 to 18.
04-25 03:21:13.847 I/Gecko   (   84): [Parent 84] WARNING: waitpid failed pid:1254 errno:10: file ../../../gecko/ipc/chromium/src/base/process_util_posix.cc, line 254
04-25 03:21:13.867 I/Gonk    (   84): Setting nice for pid 1254 to 1
04-25 03:21:13.867 I/Gonk    (   84): Changed nice for pid 1254 from 18 to 1.
04-25 03:21:13.897 D/Sensors (   84): activate handle=0; drv=0
04-25 03:21:13.897 D/Sensors (   84): Lis3dhSensor: Control set 0
04-25 03:21:13.897 D/Sensors (   84): Lis3dhSensor: mEnabled = 0
04-25 03:21:14.127 I/Gecko   (   84): [Parent 84] WARNING: waitpid failed pid:1215 errno:10: file ../../../gecko/ipc/chromium/src/base/process_util_posix.cc, line 254
04-25 03:21:14.157 E/[Gralloc-ERROR](   84): int gralloc_unregister_buffer(const gralloc_module_t*, const native_handle_t*):274 Trying to unregister buffer 0x45ec4d80 from process 84 that was not created in current process: 84
04-25 03:21:14.157 E/[Gralloc-ERROR](   84): int gralloc_unregister_buffer(const gralloc_module_t*, const native_handle_t*):274 Trying to unregister buffer 0x45ec4830 from process 84 that was not created in current process: 84
04-25 03:21:14.157 E/[Gralloc-ERROR](   84): int gralloc_unregister_buffer(const gralloc_module_t*, const native_handle_t*):274 Trying to unregister buffer 0x45ed2f60 from process 84 that was not created in current process: 84
04-25 03:21:14.157 E/[Gralloc-ERROR](   84): int gralloc_unregister_buffer(const gralloc_module_t*, const native_handle_t*):274 Trying to unregister buffer 0x45ed2d30 from process 84 that was not created in current process: 84
04-25 03:21:14.337 E/Profiler(   84): BPUnw: [1 total] thread_unregister_for_profiling(me=0x1a78708)  (NOT REGISTERED) 
04-25 03:21:14.607 E/Profiler(   84): BPUnw: [1 total] thread_unregister_for_profiling(me=0x1a70f08)  (NOT REGISTERED) 
04-25 03:21:14.617 W/audio_hw_primary(   89): do_output_standby.mode:0 
04-25 03:21:14.617 E/Profiler(   84): BPUnw: [1 total] thread_unregister_for_profiling(me=0x1a70278)  (NOT REGISTERED) 
04-25 03:21:14.637 E/Profiler(   84): BPUnw: [1 total] thread_unregister_for_profiling(me=0x1a78608)  (NOT REGISTERED) 
04-25 03:21:14.637 E/Profiler(   84): BPUnw: [1 total] thread_unregister_for_profiling(me=0x1a701c8)  (NOT REGISTERED) 
04-25 03:21:14.677 I/GonkMemoryPressure( 1254): Checking to see if memory pressure is over.
04-25 03:21:14.677 I/GonkMemoryPressure( 1254): Memory pressure is over.
04-25 03:21:14.727 I/Gecko   ( 1254): ###################################### forms.js loaded
04-25 03:21:14.747 I/Gecko   ( 1254): ############################### browserElementPanning.js loaded
04-25 03:21:14.767 I/Gecko   ( 1254): ######################## BrowserElementChildPreload.js loaded
04-25 03:21:14.967 E/[Gralloc-ERROR](   84): int gralloc_register_buffer(const gralloc_module_t*, const native_handle_t*):79 Unable to register handle 0x4410a1a0 coming from different process: 84
04-25 03:21:14.967 E/[Gralloc-ERROR](   84): int gralloc_register_buffer(const gralloc_module_t*, const native_handle_t*):79 Unable to register handle 0x4410a510 coming from different process: 84
04-25 03:21:14.967 E/[Gralloc-ERROR](   84): int gralloc_register_buffer(const gralloc_module_t*, const native_handle_t*):79 Unable to register handle 0x4410a830 coming from different process: 84
04-25 03:21:14.967 E/[Gralloc-ERROR](   84): int gralloc_register_buffer(const gralloc_module_t*, const native_handle_t*):79 Unable to register handle 0x4410a970 coming from different process: 84
04-25 03:21:15.267 E/[Gralloc-ERROR](   84): int gralloc_unregister_buffer(const gralloc_module_t*, const native_handle_t*):274 Trying to unregister buffer 0x4410a510 from process 84 that was not created in current process: 84
04-25 03:21:15.277 E/[Gralloc-ERROR](   84): int gralloc_unregister_buffer(const gralloc_module_t*, const native_handle_t*):274 Trying to unregister buffer 0x4410a1a0 from process 84 that was not created in current process: 84
04-25 03:21:15.277 E/[Gralloc-ERROR](   84): int gralloc_unregister_buffer(const gralloc_module_t*, const native_handle_t*):274 Trying to unregister buffer 0x4410a970 from process 84 that was not created in current process: 84
04-25 03:21:15.277 E/[Gralloc-ERROR](   84): int gralloc_unregister_buffer(const gralloc_module_t*, const native_handle_t*):274 Trying to unregister buffer 0x4410a830 from process 84 that was not created in current process: 84
04-25 03:21:16.137 I/Gecko   (   84): [Parent 84] WARNING: waitpid failed pid:1215 errno:10: file ../../../gecko/ipc/chromium/src/base/process_util_posix.cc, line 254
04-25 03:21:16.137 I/Gecko   (   84): [Parent 84] WARNING: Failed to deliver SIGKILL to 1215!(3).: file ../../../gecko/ipc/chromium/src/chrome/common/process_watcher_posix_sigchld.cc, line 118
04-25 03:21:16.167 E/GeckoConsole( 1254): Content JS ERROR at app://homescreen.gaiamobile.org/gaia_build_defer_index.js:390 in loadSVConfFileError: Failed parsing singleVariant configuration file [js/singlevariantconf.json]:  [Exception... "File error: Not found"  nsresult: "0x80520012 (NS_ERROR_FILE_NOT_FOUND)"  location: "JS frame :: app://homescreen.gaiamobile.org/gaia_build_defer_index.js :: loadFile :: line 382"  data: no]
04-25 03:21:18.467 E/GeckoConsole( 1254): Content JS WARN at app://homescreen.gaiamobile.org/gaia_build_defer_index.js:184 in isHiddenApp: Unexpected role when checking hidden app: undefined
04-25 03:21:18.467 E/GeckoConsole( 1254): Content JS WARN at app://homescreen.gaiamobile.org/gaia_build_defer_index.js:184 in isHiddenApp: Unexpected role when checking hidden app: undefined
04-25 03:21:18.467 E/GeckoConsole( 1254): Content JS WARN at app://homescreen.gaiamobile.org/gaia_build_defer_index.js:184 in isHiddenApp: Unexpected role when checking hidden app: undefined
04-25 03:21:18.467 E/GeckoConsole( 1254): Content JS WARN at app://homescreen.gaiamobile.org/gaia_build_defer_index.js:184 in isHiddenApp: Unexpected role when checking hidden app: undefined
04-25 03:21:18.467 E/GeckoConsole( 1254): Content JS WARN at app://homescreen.gaiamobile.org/gaia_build_defer_index.js:184 in isHiddenApp: Unexpected role when checking hidden app: undefined
04-25 03:21:18.467 E/GeckoConsole( 1254): Content JS WARN at app://homescreen.gaiamobile.org/gaia_build_defer_index.js:184 in isHiddenApp: Unexpected role when checking hidden app: undefined
04-25 03:21:18.467 E/GeckoConsole( 1254): Content JS WARN at app://homescreen.gaiamobile.org/gaia_build_defer_index.js:184 in isHiddenApp: Unexpected role when checking hidden app: undefined
04-25 03:21:18.467 E/GeckoConsole( 1254): Content JS WARN at app://homescreen.gaiamobile.org/gaia_build_defer_index.js:184 in isHiddenApp: Unexpected role when checking hidden app: undefined
04-25 03:21:18.467 E/GeckoConsole( 1254): Content JS WARN at app://homescreen.gaiamobile.org/gaia_build_defer_index.js:184 in isHiddenApp: Unexpected role when checking hidden app: undefined
04-25 03:21:18.467 E/GeckoConsole( 1254): Content JS WARN at app://homescreen.gaiamobile.org/gaia_build_defer_index.js:184 in isHiddenApp: Unexpected role when checking hidden app: undefined
04-25 03:21:18.467 E/GeckoConsole( 1254): Content JS WARN at app://homescreen.gaiamobile.org/gaia_build_defer_index.js:184 in isHiddenApp: Unexpected role when checking hidden app: undefined
04-25 03:21:18.467 E/GeckoConsole( 1254): Content JS WARN at app://homescreen.gaiamobile.org/gaia_build_defer_index.js:184 in isHiddenApp: Unexpected role when checking hidden app: undefined
04-25 03:21:18.467 E/GeckoConsole( 1254): Content JS WARN at app://homescreen.gaiamobile.org/gaia_build_defer_index.js:184 in isHiddenApp: Unexpected role when checking hidden app: undefined
04-25 03:21:18.467 E/GeckoConsole( 1254): Content JS WARN at app://homescreen.gaiamobile.org/gaia_build_defer_index.js:184 in isHiddenApp: Unexpected role when checking hidden app: undefined
04-25 03:21:18.477 E/GeckoConsole( 1254): Content JS WARN at app://homescreen.gaiamobile.org/gaia_build_defer_index.js:184 in isHiddenApp: Unexpected role when checking hidden app: undefined
04-25 03:21:18.477 E/GeckoConsole( 1254): Content JS WARN at app://homescreen.gaiamobile.org/gaia_build_defer_index.js:184 in isHiddenApp: Unexpected role when checking hidden app: undefined
04-25 03:21:18.477 E/GeckoConsole( 1254): Content JS WARN at app://homescreen.gaiamobile.org/gaia_build_defer_index.js:184 in isHiddenApp: Unexpected role when checking hidden app: undefined
04-25 03:21:18.477 E/GeckoConsole( 1254): Content JS WARN at app://homescreen.gaiamobile.org/gaia_build_defer_index.js:184 in isHiddenApp: Unexpected role when checking hidden app: undefined
04-25 03:21:18.477 E/GeckoConsole( 1254): Content JS WARN at app://homescreen.gaiamobile.org/gaia_build_defer_index.js:184 in isHiddenApp: Unexpected role when checking hidden app: undefined
04-25 03:21:18.477 E/GeckoConsole( 1254): Content JS WARN at app://homescreen.gaiamobile.org/gaia_build_defer_index.js:184 in isHiddenApp: Unexpected role when checking hidden app: undefined
04-25 03:21:18.477 E/GeckoConsole( 1254): Content JS WARN at app://homescreen.gaiamobile.org/gaia_build_defer_index.js:184 in isHiddenApp: Unexpected role when checking hidden app: undefined
04-25 03:21:18.477 E/GeckoConsole( 1254): Content JS WARN at app://homescreen.gaiamobile.org/gaia_build_defer_index.js:184 in isHiddenApp: Unexpected role when checking hidden app: undefined
04-25 03:21:18.477 E/GeckoConsole( 1254): Content JS WARN at app://homescreen.gaiamobile.org/gaia_build_defer_index.js:184 in isHiddenApp: Unexpected role when checking hidden app: undefined
04-25 03:21:18.777 W/WifiHW  (   84): wifi_command: SIGNAL_POLL
04-25 03:21:18.957 I/Gonk    (   84): Setting nice for pid 1309 to 18
04-25 03:21:18.957 I/Gonk    (   84): Changed nice for pid 1309 from 0 to 18.
04-25 03:21:20.007 I/Gecko   ( 1309): ###################################### forms.js loaded
04-25 03:21:20.027 I/Gecko   ( 1309): ############################### browserElementPanning.js loaded
04-25 03:21:20.057 I/Gecko   ( 1309): ######################## BrowserElementChildPreload.js loaded
04-25 03:21:22.977 I/Gecko   (   84): 1398421282982	Marionette	INFO	sendToClient: {"from":"0","error":{"message":"timed out","status":28,"stacktrace":null}}, {6d4551b2-14eb-409c-9295-75046a7ce0ba}, {6d4551b2-14eb-409c-9295-75046a7ce0ba}
04-25 03:21:22.987 I/Gecko   (   84): 1398421282995	Marionette	DEBUG	Got request: switchToFrame, data: {"to":"0","sessionId":"3-b2g","name":"switchToFrame","parameters":{"id":null,"focus":true}}, id: {1da16178-25c9-4b09-b1d0-7292ddf031cd}
04-25 03:21:22.997 I/Gecko   (   84): 1398421283000	Marionette	INFO	Switched to frame: {"frameValue":null}
04-25 03:21:23.097 I/Gecko   (   84): 1398421283104	Marionette	INFO	sendToClient: {"from":"0","ok":true}, {1da16178-25c9-4b09-b1d0-7292ddf031cd}, {1da16178-25c9-4b09-b1d0-7292ddf031cd}
04-25 03:21:23.107 I/Gecko   (   84): 1398421283111	Marionette	DEBUG	Got request: executeWithCallback, data: {"to":"0","sessionId":"3-b2g","name":"executeAsyncScript","parameters":{"specialPowers":false,"scriptTimeout":60000,"newSandbox":true,"args":[],"filename":"app_checker.py","script":"\n        GaiaApps.locateWithManifestURL('https://marketplace.firefox.com/app/69ccd8ac-c722-4905-92e3-7c74cc5521f1/manifest.webapp',\n                                       null,\n                                       function uninstall(app) {\n                                       navigator.mozApps.mgmt.uninstall(app);\n                                       marionetteScriptFinished(true);\n                                       });\n        ","line":129}}, id: {7f2d2b3e-c39e-47ec-bcae-d194e3605f98}
04-25 03:21:23.167 I/Gecko   (   84): -- webapps.js uninstall https://marketplace.firefox.com/app/69ccd8ac-c722-4905-92e3-7c74cc5521f1/manifest.webapp
04-25 03:21:23.337 I/Gecko   (   84): 1398421283340	Marionette	INFO	sendToClient: {"from":"0","value":true}, {7f2d2b3e-c39e-47ec-bcae-d194e3605f98}, {7f2d2b3e-c39e-47ec-bcae-d194e3605f98}