04-25 03:18:16.597 I/Gecko   (   84): 1398421096600	Marionette	INFO	sendToClient: {"from":"0","value":"app://{ae485429-d289-4ec3-a0a4-ef035d213ae5}/html/index.html"}, {5987615d-572b-4fca-a1cc-7f351a6ef847}, {5987615d-572b-4fca-a1cc-7f351a6ef847}
04-25 03:18:16.857 I/Gecko   (   84): 1398421096864	Marionette	DEBUG	Got request: execute, data: {"to":"0","sessionId":"3-b2g","name":"executeScript","parameters":{"specialPowers":false,"scriptTimeout":null,"newSandbox":true,"args":[],"filename":"app_checker.py","script":"return window.document.readyState;","line":191}}, id: {f0f234d7-b874-4537-a989-0c22ab3b306b}
04-25 03:18:16.907 I/Gecko   (   84): [Parent 84] WARNING: waitpid failed pid:858 errno:10: file ../../../gecko/ipc/chromium/src/base/process_util_posix.cc, line 254
04-25 03:18:16.907 I/Gecko   (   84): [Parent 84] WARNING: Failed to deliver SIGKILL to 858!(3).: file ../../../gecko/ipc/chromium/src/chrome/common/process_watcher_posix_sigchld.cc, line 118
04-25 03:18:17.147 I/Gecko   (   84): 1398421097153	Marionette	INFO	sendToClient: {"from":"0","value":"complete"}, {f0f234d7-b874-4537-a989-0c22ab3b306b}, {f0f234d7-b874-4537-a989-0c22ab3b306b}
04-25 03:18:17.227 I/Gecko   (   84): 1398421097229	Marionette	INFO	sendToClient: {"from":"0","value":"app://{ae485429-d289-4ec3-a0a4-ef035d213ae5}/html/index.html"}, {67ab371c-aec6-48f3-bc85-ad37145c7473}, {67ab371c-aec6-48f3-bc85-ad37145c7473}
04-25 03:18:17.317 I/Gecko   (  805): Attempting load of libEGL.so
04-25 03:18:17.437 D/libEGL  (  805): loaded /system/lib/egl/libEGL_mali.so
04-25 03:18:17.477 D/libEGL  (  805): loaded /system/lib/egl/libGLESv1_CM_mali.so
04-25 03:18:17.507 D/libEGL  (  805): loaded /system/lib/egl/libGLESv2_mali.so
04-25 03:18:17.567 I/Gecko   (  805): SharedSurface_Gralloc::Create -------
04-25 03:18:17.627 I/Gecko   (  805): SharedSurface_Gralloc::Create: success -- surface 0x450b05c0, GraphicBuffer 0x45105900.
04-25 03:18:17.727 W/WifiHW  (   84): wifi_command: SIGNAL_POLL
04-25 03:18:19.947 I/Gonk    (   84): Setting nice for pid 877 to 18
04-25 03:18:19.977 I/Gonk    (   84): Changed nice for pid 877 from 0 to 18.
04-25 03:18:20.137 I/Gecko   (   84): 1398421100143	Marionette	INFO	sendToClient: {"from":"0","value":"iVBORw0KGgoAAAANSUhEUgAAAUAAAAHMCAYAAACk4nEJAAAgAElEQVR4nOzdd3RUdf74/3x+53w+/3x3lZKeyfRM2qSXyaT3QnojpPfeKSo2xEWKKCCiVGFtYAPX1UWlKUpW14IVsYBd17LrAgIWxOfvj0lGUHDjrmEw9zXnPI545847NzfvPM+de2cmTk5OTgghhCINPXobQgihRE57tq5DCCGUyOnJB29GCCGUyOmJPy1DCCGUyOmJ+65FCCGUyGn33fMQQgglcnp845UIIYQSOT12+yUIIYQSOe26dRZCCKFETrtunYkQQiiR064/zkAIIZTIadeGQYQ4k923X8zerSt+tbH+es/VDv+ehDiV084NAwjxY89vXc7xw59z4tuvePKuK9i5YZCnNl/D3kdu4pkHFp/1cbtunc7TWxbwwqMreWrL/OFlM/jqy38C8NqeTQ7/3oQY4bRzfT9COV7avoaXd6yze/4vN7Dnrivt9+/aMMgH+3Yzcjv53Qn27b6NXX8ctC9775VdZx1/6J659vXe/NsWdq7v5+ktC+zLPn1776+2/UN3X2Vfvnfrjby8Yx1/+9O17NowYF9n78MrTnv8Y7fOsN/3tz9de9qYzz201OE/H3FuOe28pRehHN+d+IYz3f750es8eeel7Lyll8/fe5lvv/qSt/dutS/btaH/lADuPOv4Q3fP+SGAT28eXt7HJwef4/jhz3j+oWW/2vZ//MZT9uVHPn8fgA9ee4Kdt/Ry9F9/B+DEt1+xa32ffb3nH1pqf/zrQ3efNuY/3n/V4T8fcW457bylB6EcI7/sJ745zpHP3+e7b7/+IYIf7mfnLT08ccdFPPbHwdMet2tD348C2INtEp0+/tDdV/4ogKPdtp+O9XPbD/Ddt1/z+K3T2XlLzykB3M3OW3p47+Ud9vWe3nKN/fEHnn3Avnzo7itPG9MWQMf/jM
04-25 03:18:21.427 E/Profiler(   84): BPUnw: [1 total] thread_unregister_for_profiling(me=0x1a78708)  (NOT REGISTERED) 
04-25 03:18:21.447 E/Profiler(   84): BPUnw: [1 total] thread_unregister_for_profiling(me=0x1a70f08)  (NOT REGISTERED) 
04-25 03:18:21.727 E/Profiler(   84): BPUnw: [1 total] thread_unregister_for_profiling(me=0x1a88400)  (NOT REGISTERED) 
04-25 03:18:21.737 E/Profiler(   84): BPUnw: [1 total] thread_unregister_for_profiling(me=0x1a70278)  (NOT REGISTERED) 
04-25 03:18:22.787 E/Profiler(   84): BPUnw: [1 total] thread_unregister_for_profiling(me=0x1a70e08)  (NOT REGISTERED) 
04-25 03:18:22.877 W/WifiHW  (   84): wifi_command: SIGNAL_POLL
04-25 03:18:23.297 I/Gecko   (   84): 1398421103274	Marionette	INFO	sendToClient: {"from":"0","ok":true}, {31d5078f-c21d-45ea-97ea-715b84370e5a}, {31d5078f-c21d-45ea-97ea-715b84370e5a}
04-25 03:18:23.727 I/Gecko   (  805): [SharedSurface_Gralloc 0x450b05c0] destroyed
04-25 03:18:23.877 I/Gecko   (   84): 1398421103883	Marionette	DEBUG	Got request: switchToFrame, data: {"to":"0","sessionId":"3-b2g","name":"switchToFrame","parameters":{"id":null,"focus":true}}, id: {d543f950-c10d-45e7-8977-238ec3220e6a}
04-25 03:18:23.957 I/Gecko   (   84): 1398421103966	Marionette	INFO	Switched to frame: {"frameValue":null}
04-25 03:18:24.107 I/Gecko   (   84): 1398421104114	Marionette	INFO	sendToClient: {"from":"0","ok":true}, {d543f950-c10d-45e7-8977-238ec3220e6a}, {d543f950-c10d-45e7-8977-238ec3220e6a}
04-25 03:18:24.117 I/Gecko   (   84): 1398421104123	Marionette	DEBUG	Got request: executeWithCallback, data: {"to":"0","sessionId":"3-b2g","name":"executeAsyncScript","parameters":{"specialPowers":false,"scriptTimeout":null,"newSandbox":true,"args":[],"filename":"gaia_test.py","script":"return GaiaApps.displayedApp();","line":66}}, id: {4ee45347-368d-4384-8e93-0d9509f36c14}
04-25 03:18:24.377 E/GeckoConsole(   84): Content JS LOG at dummy file:392 in GaiaApps.displayedApp: app with origin 'app://{ae485429-d289-4ec3-a0a4-ef035d213ae5}' is displayed
04-25 03:18:24.377 I/Gecko   (   84): 1398421104386	Marionette	INFO	sendToClient: {"from":"0","value":{"frame":{"ELEMENT":"{1c780edf-c20b-416c-ad46-2b302ca31b32}"},"src":"app://{ae485429-d289-4ec3-a0a4-ef035d213ae5}/html/index.html","name":"Biblia NVI Offline","origin":"app://{ae485429-d289-4ec3-a0a4-ef035d213ae5}"}}, {4ee45347-368d-4384-8e93-0d9509f36c14}, {4ee45347-368d-4384-8e93-0d9509f36c14}
04-25 03:18:24.387 I/Gecko   (   84): 1398421104393	Marionette	DEBUG	Got request: switchToFrame, data: {"to":"0","sessionId":"3-b2g","name":"switchToFrame","parameters":{"id":null,"focus":true}}, id: {af539c9d-6d24-48f2-842c-2230c23d9536}
04-25 03:18:24.387 I/Gecko   (   84): 1398421104395	Marionette	INFO	Switched to frame: {"frameValue":null}
04-25 03:18:24.497 I/Gecko   (   84): 1398421104498	Marionette	INFO	sendToClient: {"from":"0","ok":true}, {af539c9d-6d24-48f2-842c-2230c23d9536}, {af539c9d-6d24-48f2-842c-2230c23d9536}
04-25 03:18:24.497 I/Gecko   (   84): 1398421104504	Marionette	DEBUG	Got request: execute, data: {"to":"0","sessionId":"3-b2g","name":"executeScript","parameters":{"specialPowers":false,"scriptTimeout":null,"newSandbox":true,"args":[],"filename":"gaia_test.py","script":"window.wrappedJSObject.dispatchEvent(new Event('home'));","line":788}}, id: {21f7b6cd-4b67-4a92-b52a-813dac9ab5d1}
04-25 03:18:24.727 I/Gonk    (   84): Setting nice for pid 877 to 18
04-25 03:18:24.727 I/Gonk    (   84): Changed nice for pid 877 from 18 to 18.
04-25 03:18:24.727 I/Gecko   (   84): [Parent 84] WARNING: waitpid failed pid:877 errno:10: file ../../../gecko/ipc/chromium/src/base/process_util_posix.cc, line 254
04-25 03:18:24.737 I/Gonk    (   84): Setting nice for pid 877 to 1
04-25 03:18:24.747 I/Gonk    (   84): Changed nice for pid 877 from 18 to 1.
04-25 03:18:24.797 D/Sensors (   84): activate handle=0; drv=0
04-25 03:18:24.797 D/Sensors (   84): Lis3dhSensor: Control set 0
04-25 03:18:24.797 D/Sensors (   84): Lis3dhSensor: mEnabled = 0
04-25 03:18:24.847 I/Gecko   (   84): 1398421104854	Marionette	INFO	sendToClient: {"from":"0","value":null}, {21f7b6cd-4b67-4a92-b52a-813dac9ab5d1}, {21f7b6cd-4b67-4a92-b52a-813dac9ab5d1}
04-25 03:18:24.877 I/Gecko   (   84): 1398421104882	Marionette	DEBUG	Got request: switchToFrame, data: {"to":"0","sessionId":"3-b2g","name":"switchToFrame","parameters":{"id":null,"focus":true}}, id: {d592adfe-e7e0-4905-bbc6-04b3b42c6b28}
04-25 03:18:24.887 I/Gecko   (   84): 1398421104889	Marionette	INFO	Switched to frame: {"frameValue":null}
04-25 03:18:24.987 I/Gecko   (   84): 1398421104993	Marionette	INFO	sendToClient: {"from":"0","ok":true}, {d592adfe-e7e0-4905-bbc6-04b3b42c6b28}, {d592adfe-e7e0-4905-bbc6-04b3b42c6b28}
04-25 03:18:24.997 I/Gecko   (   84): 1398421104999	Marionette	DEBUG	Got request: executeWithCallback, data: {"to":"0","sessionId":"3-b2g","name":"executeAsyncScript","parameters":{"specialPowers":false,"scriptTimeout":null,"newSandbox":true,"args":[],"filename":"gaia_test.py","script":"return GaiaApps.displayedApp();","line":66}}, id: {2778d6c2-36b0-4d33-a5a6-c07a4bd33b66}
04-25 03:18:25.057 E/GeckoConsole(   84): Content JS LOG at dummy file:392 in GaiaApps.displayedApp: app with origin 'app://homescreen.gaiamobile.org' is displayed
04-25 03:18:25.057 I/Gecko   (   84): 1398421105062	Marionette	INFO	sendToClient: {"from":"0","value":{"frame":{"ELEMENT":"{a10ba8c6-44ae-4733-a9d5-e07ef9bfc422}"},"src":"app://homescreen.gaiamobile.org/index.html#root","name":"Homescreen","origin":"app://homescreen.gaiamobile.org"}}, {2778d6c2-36b0-4d33-a5a6-c07a4bd33b66}, {2778d6c2-36b0-4d33-a5a6-c07a4bd33b66}
04-25 03:18:25.067 I/Gecko   (   84): 1398421105067	Marionette	DEBUG	Got request: switchToFrame, data: {"to":"0","sessionId":"3-b2g","name":"switchToFrame","parameters":{"id":null,"focus":true}}, id: {9faccb8d-2125-4096-a7a2-e4fe91286eff}
04-25 03:18:25.067 I/Gecko   (   84): 1398421105070	Marionette	INFO	Switched to frame: {"frameValue":null}
04-25 03:18:25.167 I/Gecko   (   84): 1398421105172	Marionette	INFO	sendToClient: {"from":"0","ok":true}, {9faccb8d-2125-4096-a7a2-e4fe91286eff}, {9faccb8d-2125-4096-a7a2-e4fe91286eff}
04-25 03:18:25.177 I/Gecko   (   84): 1398421105180	Marionette	DEBUG	Got request: switchToFrame, data: {"to":"0","sessionId":"3-b2g","name":"switchToFrame","parameters":{"id":null,"focus":true}}, id: {cd594fb8-575a-4143-ad27-b0713b139d82}
04-25 03:18:25.177 I/Gecko   (   84): 1398421105183	Marionette	INFO	Switched to frame: {"frameValue":null}
04-25 03:18:25.217 I/GonkMemoryPressure(  877): Checking to see if memory pressure is over.
04-25 03:18:25.217 I/GonkMemoryPressure(  877): Memory pressure is over.
04-25 03:18:25.217 I/GonkMemoryPressure(   84): Checking to see if memory pressure is over.
04-25 03:18:25.217 I/GonkMemoryPressure(   84): Memory pressure is over.
04-25 03:18:25.217 I/GonkMemoryPressure(  805): Checking to see if memory pressure is over.
04-25 03:18:25.217 I/GonkMemoryPressure(  805): Memory pressure is over.
04-25 03:18:25.297 I/Gecko   (   84): 1398421105298	Marionette	INFO	sendToClient: {"from":"0","ok":true}, {cd594fb8-575a-4143-ad27-b0713b139d82}, {cd594fb8-575a-4143-ad27-b0713b139d82}
04-25 03:18:25.307 I/Gecko   (   84): 1398421105312	Marionette	DEBUG	Got request: executeWithCallback, data: {"to":"0","sessionId":"3-b2g","name":"executeAsyncScript","parameters":{"specialPowers":false,"scriptTimeout":null,"newSandbox":true,"args":[],"filename":"gaia_test.py","script":"return GaiaApps.displayedApp();","line":66}}, id: {35a0d7ec-93f1-4eca-9b7e-9eef14e482e1}
04-25 03:18:25.367 I/Gecko   (   84): 1398421105368	Marionette	INFO	sendToClient: {"from":"0","value":{"frame":{"ELEMENT":"{a10ba8c6-44ae-4733-a9d5-e07ef9bfc422}"},"src":"app://homescreen.gaiamobile.org/index.html#root","name":"Homescreen","origin":"app://homescreen.gaiamobile.org"}}, {35a0d7ec-93f1-4eca-9b7e-9eef14e482e1}, {35a0d7ec-93f1-4eca-9b7e-9eef14e482e1}
04-25 03:18:25.367 E/GeckoConsole(   84): Content JS LOG at dummy file:392 in GaiaApps.displayedApp: app with origin 'app://homescreen.gaiamobile.org' is displayed
04-25 03:18:25.367 I/Gecko   (   84): 1398421105376	Marionette	DEBUG	Got request: switchToFrame, data: {"to":"0","sessionId":"3-b2g","name":"switchToFrame","parameters":{"focus":true,"element":"{a10ba8c6-44ae-4733-a9d5-e07ef9bfc422}"}}, id: {6c24b668-4c0d-49c2-b1b1-e28a66475c08}
04-25 03:18:25.397 I/Gecko   (   84): 1398421105403	Marionette	INFO	Switched to frame: {"frameValue":"{a10ba8c6-44ae-4733-a9d5-e07ef9bfc422}"}
04-25 03:18:25.397 I/Gecko   (   84): 1398421105406	Marionette	INFO	trying remote frame 0
04-25 03:18:25.397 I/Gecko   (   84): 1398421105407	Marionette	INFO	deleting frame
04-25 03:18:25.407 I/Gecko   (   84): 1398421105412	Marionette	INFO	frame-manager load script: [object ChromeMessageSender]
04-25 03:18:30.067 I/Gonk    (   84): Setting nice for pid 805 to 18
04-25 03:18:30.097 I/Gonk    (   84): Changed nice for pid 805 from 1 to 18.
04-25 03:18:30.267 I/log     (  891): <4>0[ 203.531004] select 805 (Biblia NVI Offl), adj 10, size 10867, to kill 
04-25 03:18:30.377 W/WifiHW  (   84): wifi_command: SIGNAL_POLL
04-25 03:18:30.737 I/Gonk    (   84): Setting nice for pid 892 to 18
04-25 03:18:30.737 I/Gonk    (   84): Changed nice for pid 892 from 0 to 18.
04-25 03:18:31.247 I/Gecko   (  877): ###################################### forms.js loaded
04-25 03:18:31.257 I/Gecko   (   84): [Parent 84] WARNING: pipe error (131): Connection reset by peer: file ../../../gecko/ipc/chromium/src/chrome/common/ipc_channel_posix.cc, line 446
04-25 03:18:31.257 I/Gecko   (   84): 
04-25 03:18:31.257 I/Gecko   (   84): ###!!! [Parent][MessageChannel] Error: Channel error: cannot send/recv
04-25 03:18:31.257 I/Gecko   (   84): 
04-25 03:18:31.317 I/Gecko   (   84): [Parent 84] WARNING: waitpid failed pid:805 errno:10: file ../../../gecko/ipc/chromium/src/base/process_util_posix.cc, line 254
04-25 03:18:31.347 I/Gecko   (  877): ############################### browserElementPanning.js loaded
04-25 03:18:31.377 I/Gecko   (  877): ######################## BrowserElementChildPreload.js loaded
04-25 03:18:31.867 I/GonkMemoryPressure(  877): Checking to see if memory pressure is over.
04-25 03:18:31.867 I/GonkMemoryPressure(  877): Memory pressure is over.
04-25 03:18:32.287 I/GonkMemoryPressure(   84): Checking to see if memory pressure is over.
04-25 03:18:32.287 I/GonkMemoryPressure(   84): Memory pressure is over.
04-25 03:18:32.297 I/Gecko   (   84): 1398421112305	Marionette	INFO	sendToClient: {"from":"0","ok":true}, {6c24b668-4c0d-49c2-b1b1-e28a66475c08}, {6c24b668-4c0d-49c2-b1b1-e28a66475c08}
04-25 03:18:32.617 I/Gecko   (   84): 1398421112625	Marionette	INFO	sendToClient: {"from":"0","value":"app://homescreen.gaiamobile.org/index.html#root"}, {8040f7e0-547b-44a9-ac87-fd3489be0d2a}, {8040f7e0-547b-44a9-ac87-fd3489be0d2a}
04-25 03:18:32.627 I/Gecko   (   84): 1398421112631	Marionette	DEBUG	Got request: switchToFrame, data: {"to":"0","sessionId":"3-b2g","name":"switchToFrame","parameters":{"id":null,"focus":true}}, id: {41025c7e-3034-467a-a5b8-fa564ab85883}
04-25 03:18:32.697 I/Gecko   (   84): 1398421112700	Marionette	INFO	Switched to frame: {"frameValue":null}
04-25 03:18:32.797 I/Gecko   (   84): 1398421112804	Marionette	INFO	sendToClient: {"from":"0","ok":true}, {41025c7e-3034-467a-a5b8-fa564ab85883}, {41025c7e-3034-467a-a5b8-fa564ab85883}
04-25 03:18:32.817 I/Gecko   (   84): 1398421112820	Marionette	DEBUG	Got request: switchToFrame, data: {"to":"0","sessionId":"3-b2g","name":"switchToFrame","parameters":{"id":null,"focus":true}}, id: {64c0cc80-8225-4e81-8244-86ca1910d7b0}
04-25 03:18:32.817 I/Gecko   (   84): 1398421112823	Marionette	INFO	Switched to frame: {"frameValue":null}
04-25 03:18:32.927 I/Gecko   (   84): 1398421112930	Marionette	INFO	sendToClient: {"from":"0","ok":true}, {64c0cc80-8225-4e81-8244-86ca1910d7b0}, {64c0cc80-8225-4e81-8244-86ca1910d7b0}
04-25 03:18:32.927 I/Gecko   (   84): 1398421112936	Marionette	DEBUG	Got request: executeWithCallback, data: {"to":"0","sessionId":"3-b2g","name":"executeAsyncScript","parameters":{"specialPowers":false,"scriptTimeout":null,"newSandbox":true,"args":[],"filename":"gaia_test.py","script":"GaiaApps.killAll()","line":91}}, id: {329a8b65-c6a9-42e2-b840-7b0bda1e6ec3}
04-25 03:18:33.257 E/GeckoConsole(   84): Content JS LOG at dummy file:266 in GaiaApps.kill: terminating app with origin 'app://browser.gaiamobile.org'
04-25 03:18:33.257 E/GeckoConsole(   84): Content JS LOG at dummy file:258 in GaiaApps.kill/gt_onAppTerminated/<: app with origin 'app://browser.gaiamobile.org' has terminated
04-25 03:18:33.317 I/Gecko   (   84): [Parent 84] WARNING: waitpid failed pid:805 errno:10: file ../../../gecko/ipc/chromium/src/base/process_util_posix.cc, line 254
04-25 03:18:33.317 I/Gecko   (   84): [Parent 84] WARNING: Failed to deliver SIGKILL to 805!(3).: file ../../../gecko/ipc/chromium/src/chrome/common/process_watcher_posix_sigchld.cc, line 118
04-25 03:18:33.357 I/Gecko   (   84): 1398421113364	Marionette	INFO	sendToClient: {"from":"0","value":true}, {329a8b65-c6a9-42e2-b840-7b0bda1e6ec3}, {329a8b65-c6a9-42e2-b840-7b0bda1e6ec3}