--------- beginning of /dev/log/main
04-24 18:56:14.454 I/Gecko   (   84): 1398390974465	Marionette	INFO	sendToClient: {"from":"0","ok":true}, {9c5bb0f7-f5ef-4984-9699-e92c7358a2af}, {9c5bb0f7-f5ef-4984-9699-e92c7358a2af}
04-24 18:56:14.514 I/Gecko   (   84): 1398390974518	Marionette	DEBUG	Got request: switchToFrame, data: {"to":"0","sessionId":"3-b2g","name":"switchToFrame","parameters":{"id":null,"focus":true}}, id: {34a0c16b-eae3-4980-ab6e-2773d28cbd8c}
04-24 18:56:14.514 I/Gecko   (   84): 1398390974524	Marionette	INFO	Switched to frame: {"frameValue":null}
04-24 18:56:14.634 I/Gecko   (   84): 1398390974639	Marionette	INFO	sendToClient: {"from":"0","ok":true}, {34a0c16b-eae3-4980-ab6e-2773d28cbd8c}, {34a0c16b-eae3-4980-ab6e-2773d28cbd8c}
04-24 18:56:14.644 I/Gecko   (   84): 1398390974649	Marionette	DEBUG	Got request: executeWithCallback, data: {"to":"0","sessionId":"3-b2g","name":"executeAsyncScript","parameters":{"specialPowers":false,"scriptTimeout":null,"newSandbox":true,"args":[],"filename":"gaia_test.py","script":"return GaiaApps.displayedApp();","line":66}}, id: {7a1416ac-33fd-4bee-84b9-b1ea53242da0}
04-24 18:56:14.674 E/GeckoConsole( 1277): Content JS ERROR at app://homescreen.gaiamobile.org/gaia_build_defer_index.js:390 in loadSVConfFileError: Failed parsing singleVariant configuration file [js/singlevariantconf.json]:  [Exception... "File error: Not found"  nsresult: "0x80520012 (NS_ERROR_FILE_NOT_FOUND)"  location: "JS frame :: app://homescreen.gaiamobile.org/gaia_build_defer_index.js :: loadFile :: line 382"  data: no]
04-24 18:56:14.734 I/Gecko   (   84): 1398390974740	Marionette	INFO	sendToClient: {"from":"0","value":{"frame":{"ELEMENT":"{7eb84226-7dc0-4eba-acb1-ed07151666b6}"},"src":"app://homescreen.gaiamobile.org/index.html#root","name":"Homescreen","origin":"app://homescreen.gaiamobile.org"}}, {7a1416ac-33fd-4bee-84b9-b1ea53242da0}, {7a1416ac-33fd-4bee-84b9-b1ea53242da0}
04-24 18:56:14.754 E/GeckoConsole(   84): Content JS LOG at dummy file:392 in GaiaApps.displayedApp: app with origin 'app://homescreen.gaiamobile.org' is displayed
04-24 18:56:14.754 I/Gecko   (   84): 1398390974765	Marionette	DEBUG	Got request: switchToFrame, data: {"to":"0","sessionId":"3-b2g","name":"switchToFrame","parameters":{"id":null,"focus":true}}, id: {4c1264d3-15b2-4678-81d3-18e934f489da}
04-24 18:56:14.774 I/Gecko   (   84): 1398390974777	Marionette	INFO	Switched to frame: {"frameValue":null}
04-24 18:56:14.894 I/Gecko   (   84): 1398390974904	Marionette	INFO	sendToClient: {"from":"0","ok":true}, {4c1264d3-15b2-4678-81d3-18e934f489da}, {4c1264d3-15b2-4678-81d3-18e934f489da}
04-24 18:56:14.904 I/Gecko   (   84): 1398390974911	Marionette	DEBUG	Got request: switchToFrame, data: {"to":"0","sessionId":"3-b2g","name":"switchToFrame","parameters":{"id":null,"focus":true}}, id: {3ae0cf84-0f2a-46c9-ba6f-a636172cfeed}
04-24 18:56:14.904 I/Gecko   (   84): 1398390974913	Marionette	INFO	Switched to frame: {"frameValue":null}
04-24 18:56:15.014 I/Gecko   (   84): 1398390975019	Marionette	INFO	sendToClient: {"from":"0","ok":true}, {3ae0cf84-0f2a-46c9-ba6f-a636172cfeed}, {3ae0cf84-0f2a-46c9-ba6f-a636172cfeed}
04-24 18:56:15.014 I/Gecko   (   84): 1398390975025	Marionette	DEBUG	Got request: executeWithCallback, data: {"to":"0","sessionId":"3-b2g","name":"executeAsyncScript","parameters":{"specialPowers":false,"scriptTimeout":null,"newSandbox":true,"args":[],"filename":"gaia_test.py","script":"return GaiaApps.displayedApp();","line":66}}, id: {104a2696-74aa-4107-8914-6987f9ddf617}
04-24 18:56:15.214 I/Gecko   (   84): 1398390975217	Marionette	INFO	sendToClient: {"from":"0","value":{"frame":{"ELEMENT":"{7eb84226-7dc0-4eba-acb1-ed07151666b6}"},"src":"app://homescreen.gaiamobile.org/index.html#root","name":"Homescreen","origin":"app://homescreen.gaiamobile.org"}}, {104a2696-74aa-4107-8914-6987f9ddf617}, {104a2696-74aa-4107-8914-6987f9ddf617}
04-24 18:56:15.214 E/GeckoConsole(   84): Content JS LOG at dummy file:392 in GaiaApps.displayedApp: app with origin 'app://homescreen.gaiamobile.org' is displayed
04-24 18:56:15.284 I/Gecko   (   84): 1398390975295	Marionette	DEBUG	Got request: switchToFrame, data: {"to":"0","sessionId":"3-b2g","name":"switchToFrame","parameters":{"focus":true,"element":"{7eb84226-7dc0-4eba-acb1-ed07151666b6}"}}, id: {ac93dc1e-e147-4ad7-a273-cbe77042abbf}
04-24 18:56:15.424 I/Gecko   (   84): 1398390975430	Marionette	INFO	Switched to frame: {"frameValue":"{7eb84226-7dc0-4eba-acb1-ed07151666b6}"}
04-24 18:56:15.464 I/Gecko   (   84): 1398390975471	Marionette	INFO	trying remote frame 0
04-24 18:56:15.464 I/Gecko   (   84): 1398390975472	Marionette	INFO	trying remote frame 1
04-24 18:56:15.494 I/Gecko   (   84): 1398390975496	Marionette	INFO	deleting frame
04-24 18:56:15.494 I/Gecko   (   84): 1398390975502	Marionette	INFO	frame-manager load script: [object ChromeMessageSender]
04-24 18:56:15.864 I/Gecko   (   84): 1398390975867	Marionette	INFO	sendToClient: {"from":"0","ok":true}, {ac93dc1e-e147-4ad7-a273-cbe77042abbf}, {ac93dc1e-e147-4ad7-a273-cbe77042abbf}
04-24 18:56:16.004 I/Gecko   (   84): 1398390976011	Marionette	INFO	sendToClient: {"from":"0","value":{"ELEMENT":"{4640a77c-b4f6-484f-9e38-c7768736cbd5}"}}, {f982dcdb-38a2-4da1-b73a-ab64e98db41a}, {f982dcdb-38a2-4da1-b73a-ab64e98db41a}
04-24 18:56:16.044 W/WifiHW  (   84): wifi_command: SIGNAL_POLL
04-24 18:56:16.414 E/GeckoConsole( 1277): [JavaScript Warning: "Use of getAttributeNode() is deprecated. Use getAttribute() instead." {file: "chrome://marionette/content/atoms.js" line: 25}]
04-24 18:56:16.424 E/GeckoConsole( 1277): [JavaScript Warning: "Use of attributes' specified attribute is deprecated. It always returns true." {file: "chrome://marionette/content/atoms.js" line: 25}]
04-24 18:56:16.424 I/Gecko   (   84): 1398390976431	Marionette	INFO	sendToClient: {"from":"0","value":"normal"}, {dc64774f-7a35-4d11-992a-51cac25171c0}, {dc64774f-7a35-4d11-992a-51cac25171c0}
04-24 18:56:16.434 I/Gecko   (   84): 1398390976438	Marionette	DEBUG	Got request: switchToFrame, data: {"to":"0","sessionId":"3-b2g","name":"switchToFrame","parameters":{"id":null,"focus":true}}, id: {985c989c-2276-47f0-9b86-70377a7eb27b}
04-24 18:56:16.444 I/Gecko   (   84): 1398390976448	Marionette	INFO	Switched to frame: {"frameValue":null}
04-24 18:56:16.554 I/Gecko   (   84): 1398390976559	Marionette	INFO	sendToClient: {"from":"0","ok":true}, {985c989c-2276-47f0-9b86-70377a7eb27b}, {985c989c-2276-47f0-9b86-70377a7eb27b}
04-24 18:56:16.554 I/Gecko   (   84): 1398390976565	Marionette	DEBUG	Got request: execute, data: {"to":"0","sessionId":"3-b2g","name":"executeScript","parameters":{"specialPowers":false,"scriptTimeout":null,"newSandbox":true,"args":[],"filename":"gaia_test.py","script":"window.wrappedJSObject.dispatchEvent(new Event('home'));","line":788}}, id: {799e8e19-aa0e-4d27-9ea0-464230d1ced3}
04-24 18:56:16.624 I/Gecko   (   84): 1398390976634	Marionette	INFO	sendToClient: {"from":"0","value":null}, {799e8e19-aa0e-4d27-9ea0-464230d1ced3}, {799e8e19-aa0e-4d27-9ea0-464230d1ced3}
04-24 18:56:16.634 I/Gecko   (   84): 1398390976644	Marionette	DEBUG	Got request: switchToFrame, data: {"to":"0","sessionId":"3-b2g","name":"switchToFrame","parameters":{"id":null,"focus":true}}, id: {90066da5-1293-46e6-8dbc-04b945131a56}
04-24 18:56:16.644 I/Gecko   (   84): 1398390976647	Marionette	INFO	Switched to frame: {"frameValue":null}
04-24 18:56:16.764 I/Gecko   (   84): 1398390976773	Marionette	INFO	sendToClient: {"from":"0","ok":true}, {90066da5-1293-46e6-8dbc-04b945131a56}, {90066da5-1293-46e6-8dbc-04b945131a56}
04-24 18:56:16.774 I/Gecko   (   84): 1398390976782	Marionette	DEBUG	Got request: switchToFrame, data: {"to":"0","sessionId":"3-b2g","name":"switchToFrame","parameters":{"id":null,"focus":true}}, id: {4d875eb7-9f9f-49d9-951f-d4978307f326}
04-24 18:56:16.774 I/Gecko   (   84): 1398390976784	Marionette	INFO	Switched to frame: {"frameValue":null}
04-24 18:56:16.884 I/Gecko   (   84): 1398390976888	Marionette	INFO	sendToClient: {"from":"0","ok":true}, {4d875eb7-9f9f-49d9-951f-d4978307f326}, {4d875eb7-9f9f-49d9-951f-d4978307f326}
04-24 18:56:16.884 I/Gecko   (   84): 1398390976894	Marionette	DEBUG	Got request: executeWithCallback, data: {"to":"0","sessionId":"3-b2g","name":"executeAsyncScript","parameters":{"specialPowers":false,"scriptTimeout":null,"newSandbox":true,"args":[],"filename":"gaia_test.py","script":"return GaiaApps.displayedApp();","line":66}}, id: {a5a0e1b1-04a1-4200-84a3-bdcd1db419ea}
04-24 18:56:16.944 I/Gecko   (   84): 1398390976954	Marionette	INFO	sendToClient: {"from":"0","value":{"frame":{"ELEMENT":"{7eb84226-7dc0-4eba-acb1-ed07151666b6}"},"src":"app://homescreen.gaiamobile.org/index.html#rootThu%20Apr%2024%202014%2018:56:16%20GMT-0700%20(UTC)","name":"Homescreen","origin":"app://homescreen.gaiamobile.org"}}, {a5a0e1b1-04a1-4200-84a3-bdcd1db419ea}, {a5a0e1b1-04a1-4200-84a3-bdcd1db419ea}
04-24 18:56:16.954 E/GeckoConsole(   84): Content JS LOG at dummy file:392 in GaiaApps.displayedApp: app with origin 'app://homescreen.gaiamobile.org' is displayed
04-24 18:56:16.964 I/Gecko   (   84): 1398390976971	Marionette	DEBUG	Got request: switchToFrame, data: {"to":"0","sessionId":"3-b2g","name":"switchToFrame","parameters":{"focus":true,"element":"{7eb84226-7dc0-4eba-acb1-ed07151666b6}"}}, id: {b41b55de-dba7-41c2-af47-a076244dd032}
04-24 18:56:16.974 I/Gecko   (   84): 1398390976983	Marionette	INFO	Switched to frame: {"frameValue":"{7eb84226-7dc0-4eba-acb1-ed07151666b6}"}
04-24 18:56:16.984 I/Gecko   (   84): 1398390976992	Marionette	INFO	trying remote frame 0
04-24 18:56:16.984 I/Gecko   (   84): 1398390976993	Marionette	INFO	trying remote frame 1
04-24 18:56:17.984 V/AudioPolicyManagerBase(   89): startOutput() output 1, stream 1, session 5
04-24 18:56:17.984 V/AudioPolicyManagerBase(   89): changeRefCount() stream 1, count 1
04-24 18:56:17.984 V/AudioPolicyManagerBase(   89): getDeviceForStrategy() from cache strategy 0, device 2
04-24 18:56:17.984 V/AudioPolicyManagerBase(   89): getNewDevice() selected device 2
04-24 18:56:17.984 D/AudioPolicyManagerBase(   89): setOutputDevice() output 1 device 2 delayMs 0
04-24 18:56:17.984 V/AudioPolicyManagerBase(   89): setOutputDevice() setting same device 2 or null device for output 1
04-24 18:56:17.984 E/AudioPolicyManagerBase(   89): checkAndSetVolume stream=1, index=0, output=1, device=2
04-24 18:56:17.984 E/AudioPolicyManagerBase(   89): computeVolume, streamDesc=0xafdbb8
04-24 18:56:18.014 W/AudioFlinger(   89): Thread AudioOut_1 cannot connect to the power manager service
04-24 18:56:18.014 V/AudioPolicyManagerBase(   89): stopOutput() output 1, stream 1, session 5
04-24 18:56:18.014 V/AudioPolicyManagerBase(   89): changeRefCount() stream 1, count 0
04-24 18:56:18.014 V/AudioPolicyManagerBase(   89): getNewDevice() selected device 0
04-24 18:56:18.014 D/AudioPolicyManagerBase(   89): setOutputDevice() output 1 device 0 delayMs 290
04-24 18:56:18.014 V/AudioPolicyManagerBase(   89): setOutputDevice() setting same device 0 or null device for output 1
04-24 18:56:18.024 V/AudioPolicyManagerBase(   89): startOutput() output 1, stream 1, session 5
04-24 18:56:18.024 V/AudioPolicyManagerBase(   89): changeRefCount() stream 1, count 1
04-24 18:56:18.024 V/AudioPolicyManagerBase(   89): getDeviceForStrategy() from cache strategy 0, device 2
04-24 18:56:18.024 V/AudioPolicyManagerBase(   89): getNewDevice() selected device 2
04-24 18:56:18.024 D/AudioPolicyManagerBase(   89): setOutputDevice() output 1 device 2 delayMs 0
04-24 18:56:18.024 V/AudioPolicyManagerBase(   89): setOutputDevice() setting same device 2 or null device for output 1
04-24 18:56:18.024 E/AudioPolicyManagerBase(   89): checkAndSetVolume stream=1, index=0, output=1, device=2
04-24 18:56:18.024 E/AudioPolicyManagerBase(   89): computeVolume, streamDesc=0xafdbb8
04-24 18:56:18.034 V/AudioPolicyManagerBase(   89): stopOutput() output 1, stream 1, session 5
04-24 18:56:18.034 V/AudioPolicyManagerBase(   89): changeRefCount() stream 1, count 0
04-24 18:56:18.034 V/AudioPolicyManagerBase(   89): getNewDevice() selected device 0
04-24 18:56:18.034 D/AudioPolicyManagerBase(   89): setOutputDevice() output 1 device 0 delayMs 290
04-24 18:56:18.034 V/AudioPolicyManagerBase(   89): setOutputDevice() setting same device 0 or null device for output 1
04-24 18:56:18.054 V/AudioPolicyManagerBase(   89): releaseOutput() 1
04-24 18:56:18.364 I/Gecko   (   84): 1398390978367	Marionette	INFO	sendToClient: {"from":"0","ok":true}, {b41b55de-dba7-41c2-af47-a076244dd032}, {b41b55de-dba7-41c2-af47-a076244dd032}
04-24 18:56:18.374 I/Gecko   (   84): 1398390978381	Marionette	DEBUG	Got request: execute, data: {"to":"0","sessionId":"3-b2g","name":"executeScript","parameters":{"specialPowers":false,"scriptTimeout":null,"newSandbox":true,"args":[],"filename":"gaia_test.py","script":"return window.wrappedJSObject.GridManager.pageHelper.getCurrentPageNumber();","line":784}}, id: {74514220-2cf2-422e-b78d-0d1740cb020b}
04-24 18:56:18.374 E/GeckoConsole( 1277): Content JS WARN at app://homescreen.gaiamobile.org/gaia_build_defer_index.js:184 in isHiddenApp: Unexpected role when checking hidden app: undefined
04-24 18:56:18.384 E/GeckoConsole( 1277): Content JS WARN at app://homescreen.gaiamobile.org/gaia_build_defer_index.js:184 in isHiddenApp: Unexpected role when checking hidden app: undefined
04-24 18:56:18.384 E/GeckoConsole( 1277): Content JS WARN at app://homescreen.gaiamobile.org/gaia_build_defer_index.js:184 in isHiddenApp: Unexpected role when checking hidden app: undefined
04-24 18:56:18.384 E/GeckoConsole( 1277): Content JS WARN at app://homescreen.gaiamobile.org/gaia_build_defer_index.js:184 in isHiddenApp: Unexpected role when checking hidden app: undefined
04-24 18:56:18.384 E/GeckoConsole( 1277): Content JS WARN at app://homescreen.gaiamobile.org/gaia_build_defer_index.js:184 in isHiddenApp: Unexpected role when checking hidden app: undefined
04-24 18:56:18.384 E/GeckoConsole( 1277): Content JS WARN at app://homescreen.gaiamobile.org/gaia_build_defer_index.js:184 in isHiddenApp: Unexpected role when checking hidden app: undefined
04-24 18:56:18.384 E/GeckoConsole( 1277): Content JS WARN at app://homescreen.gaiamobile.org/gaia_build_defer_index.js:184 in isHiddenApp: Unexpected role when checking hidden app: undefined
04-24 18:56:18.384 E/GeckoConsole( 1277): Content JS WARN at app://homescreen.gaiamobile.org/gaia_build_defer_index.js:184 in isHiddenApp: Unexpected role when checking hidden app: undefined
04-24 18:56:18.384 E/GeckoConsole( 1277): Content JS WARN at app://homescreen.gaiamobile.org/gaia_build_defer_index.js:184 in isHiddenApp: Unexpected role when checking hidden app: undefined
04-24 18:56:18.384 E/GeckoConsole( 1277): Content JS WARN at app://homescreen.gaiamobile.org/gaia_build_defer_index.js:184 in isHiddenApp: Unexpected role when checking hidden app: undefined
04-24 18:56:18.384 E/GeckoConsole( 1277): Content JS WARN at app://homescreen.gaiamobile.org/gaia_build_defer_index.js:184 in isHiddenApp: Unexpected role when checking hidden app: undefined
04-24 18:56:18.384 E/GeckoConsole( 1277): Content JS WARN at app://homescreen.gaiamobile.org/gaia_build_defer_index.js:184 in isHiddenApp: Unexpected role when checking hidden app: undefined
04-24 18:56:18.384 E/GeckoConsole( 1277): Content JS WARN at app://homescreen.gaiamobile.org/gaia_build_defer_index.js:184 in isHiddenApp: Unexpected role when checking hidden app: undefined
04-24 18:56:18.394 E/GeckoConsole( 1277): Content JS WARN at app://homescreen.gaiamobile.org/gaia_build_defer_index.js:184 in isHiddenApp: Unexpected role when checking hidden app: undefined
04-24 18:56:18.394 E/GeckoConsole( 1277): Content JS WARN at app://homescreen.gaiamobile.org/gaia_build_defer_index.js:184 in isHiddenApp: Unexpected role when checking hidden app: undefined
04-24 18:56:18.394 E/GeckoConsole( 1277): Content JS WARN at app://homescreen.gaiamobile.org/gaia_build_defer_index.js:184 in isHiddenApp: Unexpected role when checking hidden app: undefined
04-24 18:56:18.394 E/GeckoConsole( 1277): Content JS WARN at app://homescreen.gaiamobile.org/gaia_build_defer_index.js:184 in isHiddenApp: Unexpected role when checking hidden app: undefined
04-24 18:56:18.394 E/GeckoConsole( 1277): Content JS WARN at app://homescreen.gaiamobile.org/gaia_build_defer_index.js:184 in isHiddenApp: Unexpected role when checking hidden app: undefined
04-24 18:56:18.394 E/GeckoConsole( 1277): Content JS WARN at app://homescreen.gaiamobile.org/gaia_build_defer_index.js:184 in isHiddenApp: Unexpected role when checking hidden app: undefined
04-24 18:56:18.694 I/Gecko   (   84): 1398390978703	Marionette	INFO	sendToClient: {"from":"0","value":0}, {74514220-2cf2-422e-b78d-0d1740cb020b}, {74514220-2cf2-422e-b78d-0d1740cb020b}
04-24 18:56:18.774 I/Gecko   (   84): 1398390978779	Marionette	INFO	sendToClient: {"from":"0","value":["{db2b6851-7646-4503-8370-09c8e6693a1a}","{2b5b393e-a937-499a-a7de-74a98597bdb8}","{62367dad-71a9-4869-b2bf-4b03b9a80b88}","{e2c544ff-8db1-4df5-af4b-3aeda986ee03}","{83381928-3cf5-4bb7-a40d-0b60db9fc985}","{98afebe8-9165-416f-a093-c9e37a93a874}","{8dce6cbb-c287-450e-9e7d-726b0ca9ddde}","{8612be69-2e71-4673-9ee3-f49c91c30a19}","{dc1b4faf-4cd7-4345-ad99-e2bed9fd9df9}","{34e95c58-5d8e-47ba-99ff-3548a3ee6c16}","{63229fc4-43fb-4b9c-914a-bce0ad944d3b}","{bf4c57b6-4867-42fc-83d6-6658521c15eb}","{b2d2a872-163d-477a-a7f4-fb428a5437ae}","{96eb2263-738a-443d-ba2e-e191414f5d7c}","{9cb02dbb-836e-4f50-a970-c4c57fe4eaaa}","{4caf62d5-bb87-43ec-8689-2fedd1255aaa}","{0e376703-ce7f-4213-8e4f-6aa4a0b603bd}","{21574ea8-19e4-4d4b-bde7-1bb415d86dea}","{30bf1f92-102f-4ac1-a2a3-6830532e1ae6}","{49417f57-e767-42e2-97a3-58a5a398e0a6}","{c38669d4-732e-44d5-a631-e82e67b1c495}","{2756c4c7-ebe9-4572-b962-4002f6590a80}","{e2c49cdc-a4e6-4c95-b89c-2a251cccc828}"]}, {95c27b90-a7
04-24 18:56:18.794 I/Gecko   (   84): 1398390978800	Marionette	INFO	sendToClient: {"from":"0","value":"app://homescreen.gaiamobile.org/index.html#rootThu%20Apr%2024%202014%2018:56:16%20GMT-0700%20(UTC)"}, {fd7fcef5-1e77-4968-9244-666f220027df}, {fd7fcef5-1e77-4968-9244-666f220027df}
04-24 18:56:18.804 I/Gecko   (   84): 1398390978808	Marionette	DEBUG	Got request: switchToFrame, data: {"to":"0","sessionId":"3-b2g","name":"switchToFrame","parameters":{"id":null,"focus":true}}, id: {ab8a977b-944a-4a9c-ba61-07321f87e8a0}
04-24 18:56:18.814 I/Gecko   (   84): 1398390978820	Marionette	INFO	Switched to frame: {"frameValue":null}
04-24 18:56:18.924 I/Gecko   (   84): 1398390978931	Marionette	INFO	sendToClient: {"from":"0","ok":true}, {ab8a977b-944a-4a9c-ba61-07321f87e8a0}, {ab8a977b-944a-4a9c-ba61-07321f87e8a0}
04-24 18:56:18.934 I/Gecko   (   84): 1398390978940	Marionette	DEBUG	Got request: switchToFrame, data: {"to":"0","sessionId":"3-b2g","name":"switchToFrame","parameters":{"id":null,"focus":true}}, id: {9b8ab7f9-b62f-4163-9309-971e60835e39}
04-24 18:56:18.934 I/Gecko   (   84): 1398390978942	Marionette	INFO	Switched to frame: {"frameValue":null}
04-24 18:56:19.034 I/Gecko   (   84): 1398390979045	Marionette	INFO	sendToClient: {"from":"0","ok":true}, {9b8ab7f9-b62f-4163-9309-971e60835e39}, {9b8ab7f9-b62f-4163-9309-971e60835e39}
04-24 18:56:19.044 I/Gecko   (   84): 1398390979051	Marionette	DEBUG	Got request: executeWithCallback, data: {"to":"0","sessionId":"3-b2g","name":"executeAsyncScript","parameters":{"specialPowers":false,"scriptTimeout":30000,"newSandbox":true,"args":[],"filename":"app_checker.py","script":"GaiaApps.launchWithManifestURL('https://marketplace.firefox.com/app/ff89c9d1-977e-4b54-8693-85e8e8898694/manifest.webapp')","line":106}}, id: {13fb7baa-32b2-4f44-b7f9-190ef6d1cabd}
04-24 18:56:19.234 I/Gonk    (   84): Setting nice for pid 1285 to 18
04-24 18:56:19.234 I/Gonk    (   84): Changed nice for pid 1285 from 18 to 18.
04-24 18:56:19.234 I/Gecko   (   84): [Parent 84] WARNING: waitpid failed pid:1285 errno:10: file ../../../gecko/ipc/chromium/src/base/process_util_posix.cc, line 254
04-24 18:56:19.234 I/Gonk    (   84): Setting nice for pid 1285 to 1
04-24 18:56:19.234 I/Gonk    (   84): Changed nice for pid 1285 from 18 to 1.
04-24 18:56:19.264 E/GeckoConsole(   84): Content JS LOG at dummy file:334 in GaiaApps.launch: launching app with name 'Biblia'
04-24 18:56:19.394 E/[Gralloc-ERROR](   84): int gralloc_register_buffer(const gralloc_module_t*, const native_handle_t*):79 Unable to register handle 0x496bdbf0 coming from different process: 84
04-24 18:56:19.404 E/[Gralloc-ERROR](   84): int gralloc_register_buffer(const gralloc_module_t*, const native_handle_t*):79 Unable to register handle 0x496bdce0 coming from different process: 84
04-24 18:56:19.424 E/[Gralloc-ERROR](   84): int gralloc_register_buffer(const gralloc_module_t*, const native_handle_t*):79 Unable to register handle 0x496bde20 coming from different process: 84
04-24 18:56:19.424 E/[Gralloc-ERROR](   84): int gralloc_register_buffer(const gralloc_module_t*, const native_handle_t*):79 Unable to register handle 0x496bdf60 coming from different process: 84
04-24 18:56:19.574 D/Sensors (   84): activate handle=0; drv=0
04-24 18:56:19.584 D/Sensors (   84): Lis3dhSensor: Control set 1
04-24 18:56:19.584 D/Sensors (   84): Lis3dhSensor: mEnabled = 1
04-24 18:56:19.694 I/Gonk    (   84): Setting nice for pid 1277 to 18
04-24 18:56:19.704 I/Gonk    (   84): Changed nice for pid 1277 from 1 to 18.
04-24 18:56:19.934 I/Gonk    (   84): Setting nice for pid 1334 to 18
04-24 18:56:19.934 I/Gonk    (   84): Changed nice for pid 1334 from 0 to 18.
04-24 18:56:20.514 I/Gecko   ( 1285): ###################################### forms.js loaded
04-24 18:56:20.574 I/Gecko   ( 1285): ############################### browserElementPanning.js loaded
04-24 18:56:20.614 I/Gecko   ( 1285): ######################## BrowserElementChildPreload.js loaded
04-24 18:56:20.974 I/Gecko   (   84): 
04-24 18:56:20.974 I/Gecko   (   84): ###!!! [Parent][MessageChannel] Error: Channel error: cannot send/recv
04-24 18:56:20.974 I/Gecko   (   84): 
04-24 18:56:21.044 I/Gecko   (   84): [Parent 84] WARNING: waitpid failed pid:1277 errno:10: file ../../../gecko/ipc/chromium/src/base/process_util_posix.cc, line 254
04-24 18:56:21.044 W/WifiHW  (   84): wifi_command: SIGNAL_POLL
04-24 18:56:21.464 E/GeckoConsole( 1285): [JavaScript Warning: "Unknown property 'box-sizing'.  Declaration dropped." {file: "app://{9537ec37-1f31-4165-af73-6ef4d827b186}/assets/css/bootstrap.min.css" line: 24 column: 41 source: "hr{-moz-box-sizing:content-box;box-sizing:content-box;height:0;}"}]
04-24 18:56:21.464 E/GeckoConsole( 1285): [JavaScript Warning: "Unknown property 'box-sizing'.  Declaration dropped." {file: "app://{9537ec37-1f31-4165-af73-6ef4d827b186}/assets/css/bootstrap.min.css" line: 43 column: 53 source: "input[type="checkbox"],input[type="radio"]{box-sizing:border-box;padding:0;}"}]
04-24 18:56:21.464 E/GeckoConsole( 1285): [JavaScript Warning: "Unknown property 'box-sizing'.  Declaration dropped." {file: "app://{9537ec37-1f31-4165-af73-6ef4d827b186}/assets/css/bootstrap.min.css" line: 44 column: 119 source: "input[type="search"]{-webkit-appearance:textfield;-moz-box-sizing:content-box;-webkit-box-sizing:content-box;box-sizing:content-box;}"}]
04-24 18:56:21.464 E/GeckoConsole( 1285): [JavaScript Warning: "Unknown pseudo-class or pseudo-element '-webkit-search-cancel-button'.  Ruleset ignored due to bad selector." {file: "app://{9537ec37-1f31-4165-af73-6ef4d827b186}/assets/css/bootstrap.min.css" line: 45 column: 22 source: "input[type="search"]::-webkit-search-cancel-button,input[type="search"]::-webkit-search-decoration{-webkit-appearance:none;}"}]
04-24 18:56:21.464 E/GeckoConsole( 1285): [JavaScript Warning: "Unknown property 'box-sizing'.  Declaration dropped." {file: "app://{9537ec37-1f31-4165-af73-6ef4d827b186}/assets/css/bootstrap.min.css" line: 49 column: 86 source: "*,*:before,*:after{-webkit-box-sizing:border-box;-moz-box-sizing:border-box;box-sizing:border-box;}"}]
04-24 18:56:21.464 E/GeckoConsole( 1285): [JavaScript Warning: "Expected color but found 'auto'.  Expected color but found '-webkit-focus-ring-color'.  Expected end of value but found '-webkit-focus-ring-color'.  Error in parsing value for 'outline'.  Declaration dropped." {file: "app://{9537ec37-1f31-4165-af73-6ef4d827b186}/assets/css/bootstrap.min.css" line: 55 column: 45 source: "a:focus{outline:thin dotted #333;outline:5px auto -webkit-focus-ring-color;outline-offset:-2px;}"}]
04-24 18:56:21.474 E/GeckoConsole( 1285): [JavaScript Warning: "Unknown property 'box-sizing'.  Declaration dropped." {file: "app://{9537ec37-1f31-4165-af73-6ef4d827b186}/assets/css/bootstrap.min.css" line: 87 column: 88 source: "input[type="search"]{-webkit-box-sizing:border-box;-moz-box-sizing:border-box;box-sizing:border-box;}"}]
04-24 18:56:21.474 E/GeckoConsole( 1285): [JavaScript Warning: "Expected end of value but found '\9 '.  Error in parsing value for 'margin-top'.  Declaration dropped." {file: "app://{9537ec37-1f31-4165-af73-6ef4d827b186}/assets/css/bootstrap.min.css" line: 88 column: 73 source: "input[type="radio"],input[type="checkbox"]{margin:4px 0 0;margin-top:1px \9;line-height:normal;}"}]
04-24 18:56:21.474 E/GeckoConsole( 1285): [JavaScript Warning: "Expected color but found 'auto'.  Expected color but found '-webkit-focus-ring-color'.  Expected end of value but found '-webkit-focus-ring-color'.  Error in parsing value for 'outline'.  Declaration dropped." {file: "app://{9537ec37-1f31-4165-af73-6ef4d827b186}/assets/css/bootstrap.min.css" line: 92 column: 117 source: "input[type="file"]:focus,input[type="radio"]:focus,input[type="checkbox"]:focus{outline:thin dotted #333;outline:5px auto -webkit-focus-ring-color;outline-offset:-2px;}"}]
04-24 18:56:21.474 E/GeckoConsole( 1285): [JavaScript Warning: "Unknown pseudo-class or pseudo-element '-webkit-outer-spin-button'.  Ruleset ignored due to bad selector." {file: "app://{9537ec37-1f31-4165-af73-6ef4d827b186}/assets/css/bootstrap.min.css" line: 93 column: 22 source: "input[type="number"]::-webkit-outer-spin-button,input[type="number"]::-webkit-inner-spin-button{height:auto;}"}]
04-24 18:56:21.474 E/GeckoConsole( 1285): [JavaScript Warning: "Unknown pseudo-class or pseudo-element '-ms-input-placeholder'.  Ruleset ignored due to bad selector." {file: "app://{9537ec37-1f31-4165-af73-6ef4d827b186}/assets/css/bootstrap.min.css" line: 96 column: 14 source: ".form-control:-ms-input-placeholder{color:#999999;}"}]
04-24 18:56:21.474 E/GeckoConsole( 1285): [JavaScript Warning: "Unknown pseudo-class or pseudo-element '-webkit-input-placeholder'.  Ruleset ignored due to bad selector." {file: "app://{9537ec37-1f31-4165-af73-6ef4d827b186}/assets/css/bootstrap.min.css" line: 97 column: 15 source: ".form-control::-webkit-input-placeholder{color:#999999;}"}]
04-24 18:56:21.474 E/GeckoConsole( 1285): [JavaScript Warning: "Unknown property 'user-select'.  Declaration dropped." {file: "app://{9537ec37-1f31-4165-af73-6ef4d827b186}/assets/css/bootstrap.min.css" line: 130 column: 337 source: ".btn{display:inline-block;padding:6px 12px;margin-bottom:0;font-size:14px;font-weight:normal;line-height:1.428571429;text-align:center;vertical-align:middle;cursor:pointer;border:1px solid transparent;border-radius:4px;white-space:nowrap;-webkit-user-select:none;-moz-user-select:none;-ms-user-select:none;-o-user-select:none;user-select:none;}.btn:focus{outline:thin dotted #333;outline:5px auto -webkit-focus-ring-color;outline-offset:-2px;}"}]
04-24 18:56:21.474 E/GeckoConsole( 1285): [JavaScript Warning: "Expected color but found 'auto'.  Expected color but found '-webkit-focus-ring-color'.  Expected end of value but found '-webkit-focus-ring-color'.  Error in parsing value for 'outline'.  Declaration dropped." {file: "app://{9537ec37-1f31-4165-af73-6ef4d827b186}/assets/css/bootstrap.min.css" line: 130 column: 392 source: ".btn{display:inline-block;padding:6px 12px;margin-bottom:0;font-size:14px;font-weight:normal;line-height:1.428571429;text-align:center;vertical-align:middle;cursor:pointer;border:1px solid transparent;border-radius:4px;white-space:nowrap;-webkit-user-select:none;-moz-user-select:none;-ms-user-select:none;-o-user-select:none;user-select:none;}.btn:focus{outline:thin dotted #333;outline:5px auto -webkit-focus-ring-color;outline-offset:-2px;}"}]
04-24 18:56:21.474 E/GeckoConsole( 1285): [JavaScript Warning: "Expected 'none' or URL but found 'alpha('.  Error in parsing value for 'filter'.  Declaration dropped." {file: "app://{9537ec37-1f31-4165-af73-6ef4d827b186}/assets/css/bootstrap.min.css" line: 133 column: 112 source: ".btn.disabled,.btn[disabled],fieldset[disabled] .btn{cursor:not-allowed;pointer-events:none;opacity:0.65;filter:alpha(opacity=65);-webkit-box-shadow:none;box-shadow:none;}"}]
04-24 18:56:21.504 E/GeckoConsole( 1285): [JavaScript Warning: "Unknown property '-moz-osx-font-smoothing'.  Declaration dropped." {file: "app://{9537ec37-1f31-4165-af73-6ef4d827b186}/assets/css/font-awesome.min.css" line: 4 column: 586 source: " */@font-face{font-family:'FontAwesome';src:url('../fonts/fontawesome-webfont.eot?v=4.0.3');src:url('../fonts/fontawesome-webfont.eot?#iefix&v=4.0.3') format('embedded-opentype'),url('../fonts/fontawesome-webfont.woff?v=4.0.3') format('woff'),url('../fonts/fontawesome-webfont.ttf?v=4.0.3') format('truetype'),url('../fonts/fontawesome-webfont.svg?v=4.0.3#fontawesomeregular') format('svg');font-weight:normal;font-style:normal}.fa{display:inline-block;font-family:FontAwesome;font-style:normal;font-weight:normal;line-height:1;-webkit-font-smoothing:antialiased;-moz-osx-font-smoothing:grayscale}.fa-lg{font-size:1.3333333333333333em;line-height:.75em;vertical-align:-15%}.fa-2x{font-size:2em}.fa-3x{font-size:3em}.fa-4x{font-size:4em}.fa-5x{font-size:5em}.fa-fw{width:1.2857142857142858em;text-align:center}.fa-ul{pad
04-24 18:56:21.504 E/GeckoConsole( 1285): [JavaScript Warning: "Expected 'none' or URL but found 'progid'.  Error in parsing value for 'filter'.  Declaration dropped." {file: "app://{9537ec37-1f31-4165-af73-6ef4d827b186}/assets/css/font-awesome.min.css" line: 4 column: 1868 source: " */@font-face{font-family:'FontAwesome';src:url('../fonts/fontawesome-webfont.eot?v=4.0.3');src:url('../fonts/fontawesome-webfont.eot?#iefix&v=4.0.3') format('embedded-opentype'),url('../fonts/fontawesome-webfont.woff?v=4.0.3') format('woff'),url('../fonts/fontawesome-webfont.ttf?v=4.0.3') format('truetype'),url('../fonts/fontawesome-webfont.svg?v=4.0.3#fontawesomeregular') format('svg');font-weight:normal;font-style:normal}.fa{display:inline-block;font-family:FontAwesome;font-style:normal;font-weight:normal;line-height:1;-webkit-font-smoothing:antialiased;-moz-osx-font-smoothing:grayscale}.fa-lg{font-size:1.3333333333333333em;line-height:.75em;vertical-align:-15%}.fa-2x{font-size:2em}.fa-3x{font-size:3em}.fa-4x{font-size:4em}.fa-5x{font-size:5em}.fa-fw{width:1.285714285
04-24 18:56:21.504 E/GeckoConsole( 1285): [JavaScript Warning: "Expected 'none' or URL but found 'progid'.  Error in parsing value for 'filter'.  Declaration dropped." {file: "app://{9537ec37-1f31-4165-af73-6ef4d827b186}/assets/css/font-awesome.min.css" line: 4 column: 2087 source: " */@font-face{font-family:'FontAwesome';src:url('../fonts/fontawesome-webfont.eot?v=4.0.3');src:url('../fonts/fontawesome-webfont.eot?#iefix&v=4.0.3') format('embedded-opentype'),url('../fonts/fontawesome-webfont.woff?v=4.0.3') format('woff'),url('../fonts/fontawesome-webfont.ttf?v=4.0.3') format('truetype'),url('../fonts/fontawesome-webfont.svg?v=4.0.3#fontawesomeregular') format('svg');font-weight:normal;font-style:normal}.fa{display:inline-block;font-family:FontAwesome;font-style:normal;font-weight:normal;line-height:1;-webkit-font-smoothing:antialiased;-moz-osx-font-smoothing:grayscale}.fa-lg{font-size:1.3333333333333333em;line-height:.75em;vertical-align:-15%}.fa-2x{font-size:2em}.fa-3x{font-size:3em}.fa-4x{font-size:4em}.fa-5x{font-size:5em}.fa-fw{width:1.285714285
04-24 18:56:21.524 E/GeckoConsole( 1285): [JavaScript Warning: "Expected 'none' or URL but found 'progid'.  Error in parsing value for 'filter'.  Declaration dropped." {file: "app://{9537ec37-1f31-4165-af73-6ef4d827b186}/assets/css/font-awesome.min.css" line: 4 column: 2311 source: " */@font-face{font-family:'FontAwesome';src:url('../fonts/fontawesome-webfont.eot?v=4.0.3');src:url('../fonts/fontawesome-webfont.eot?#iefix&v=4.0.3') format('embedded-opentype'),url('../fonts/fontawesome-webfont.woff?v=4.0.3') format('woff'),url('../fonts/fontawesome-webfont.ttf?v=4.0.3') format('truetype'),url('../fonts/fontawesome-webfont.svg?v=4.0.3#fontawesomeregular') format('svg');font-weight:normal;font-style:normal}.fa{display:inline-block;font-family:FontAwesome;font-style:normal;font-weight:normal;line-height:1;-webkit-font-smoothing:antialiased;-moz-osx-font-smoothing:grayscale}.fa-lg{font-size:1.3333333333333333em;line-height:.75em;vertical-align:-15%}.fa-2x{font-size:2em}.fa-3x{font-size:3em}.fa-4x{font-size:4em}.fa-5x{font-size:5em}.fa-fw{width:1.285714285
04-24 18:56:21.524 E/GeckoConsole( 1285): [JavaScript Warning: "Expected 'none' or URL but found 'progid'.  Error in parsing value for 'filter'.  Declaration dropped." {file: "app://{9537ec37-1f31-4165-af73-6ef4d827b186}/assets/css/font-awesome.min.css" line: 4 column: 2540 source: " */@font-face{font-family:'FontAwesome';src:url('../fonts/fontawesome-webfont.eot?v=4.0.3');src:url('../fonts/fontawesome-webfont.eot?#iefix&v=4.0.3') format('embedded-opentype'),url('../fonts/fontawesome-webfont.woff?v=4.0.3') format('woff'),url('../fonts/fontawesome-webfont.ttf?v=4.0.3') format('truetype'),url('../fonts/fontawesome-webfont.svg?v=4.0.3#fontawesomeregular') format('svg');font-weight:normal;font-style:normal}.fa{display:inline-block;font-family:FontAwesome;font-style:normal;font-weight:normal;line-height:1;-webkit-font-smoothing:antialiased;-moz-osx-font-smoothing:grayscale}.fa-lg{font-size:1.3333333333333333em;line-height:.75em;vertical-align:-15%}.fa-2x{font-size:2em}.fa-3x{font-size:3em}.fa-4x{font-size:4em}.fa-5x{font-size:5em}.fa-fw{width:1.285714285
04-24 18:56:21.524 E/GeckoConsole( 1285): [JavaScript Warning: "Expected 'none' or URL but found 'progid'.  Error in parsing value for 'filter'.  Declaration dropped." {file: "app://{9537ec37-1f31-4165-af73-6ef4d827b186}/assets/css/font-awesome.min.css" line: 4 column: 2761 source: " */@font-face{font-family:'FontAwesome';src:url('../fonts/fontawesome-webfont.eot?v=4.0.3');src:url('../fonts/fontawesome-webfont.eot?#iefix&v=4.0.3') format('embedded-opentype'),url('../fonts/fontawesome-webfont.woff?v=4.0.3') format('woff'),url('../fonts/fontawesome-webfont.ttf?v=4.0.3') format('truetype'),url('../fonts/fontawesome-webfont.svg?v=4.0.3#fontawesomeregular') format('svg');font-weight:normal;font-style:normal}.fa{display:inline-block;font-family:FontAwesome;font-style:normal;font-weight:normal;line-height:1;-webkit-font-smoothing:antialiased;-moz-osx-font-smoothing:grayscale}.fa-lg{font-size:1.3333333333333333em;line-height:.75em;vertical-align:-15%}.fa-2x{font-size:2em}.fa-3x{font-size:3em}.fa-4x{font-size:4em}.fa-5x{font-size:5em}.fa-fw{width:1.285714285
04-24 18:56:21.544 E/GeckoConsole( 1285): [JavaScript Warning: "Error in parsing value for 'font'.  Declaration dropped." {file: "app://{9537ec37-1f31-4165-af73-6ef4d827b186}/assets/css/style.css" line: 5 column: 15 source: "  font:14px/1.8;"}]
04-24 18:56:22.374 E/GeckoConsole( 1285): [JavaScript Warning: "Unknown property 'box-sizing'.  Declaration dropped." {file: "app://{9537ec37-1f31-4165-af73-6ef4d827b186}/index.html" line: 0 column: 67 source: "-webkit-box-sizing:border-box;-moz-box-sizing:border-box;box-sizing:border-box;padding:1px;border:1px;display:block;width:4px;margin-top:1%;position:absolute;top:1%"}]
04-24 18:56:22.424 E/GeckoConsole( 1285): [JavaScript Warning: "Unknown property 'box-sizing'.  Declaration dropped." {file: "app://{9537ec37-1f31-4165-af73-6ef4d827b186}/index.html" line: 0 column: 111 source: "padding:0;margin:0;border:0;display:block;-webkit-box-sizing:content-box;-moz-box-sizing:content-box;box-sizing:content-box"}]
04-24 18:56:22.424 E/GeckoConsole( 1285): [JavaScript Warning: "Unknown property 'box-sizing'.  Declaration dropped." {file: "app://{9537ec37-1f31-4165-af73-6ef4d827b186}/index.html" line: 0 column: 111 source: "padding:0;margin:0;border:0;display:block;-webkit-box-sizing:content-box;-moz-box-sizing:content-box;box-sizing:content-box"}]
04-24 18:56:22.674 I/Gonk    (   84): Setting nice for pid 1334 to 18
04-24 18:56:22.674 I/Gonk    (   84): Changed nice for pid 1334 from 18 to 18.
04-24 18:56:22.684 I/Gecko   (   84): [Parent 84] WARNING: waitpid failed pid:1334 errno:10: file ../../../gecko/ipc/chromium/src/base/process_util_posix.cc, line 254
04-24 18:56:22.684 I/Gonk    (   84): Setting nice for pid 1334 to 1
04-24 18:56:22.684 I/Gonk    (   84): Changed nice for pid 1334 from 18 to 1.
04-24 18:56:22.714 I/Gonk    (   84): Setting nice for pid 1334 to 18
04-24 18:56:22.714 I/Gonk    (   84): Changed nice for pid 1334 from 1 to 18.
04-24 18:56:22.974 I/log     ( 1350): <4>0[ 442.792762] select 1334 ((Preallocated a), adj 8, size 2590, to kill 
04-24 18:56:23.044 I/Gecko   (   84): [Parent 84] WARNING: waitpid failed pid:1277 errno:10: file ../../../gecko/ipc/chromium/src/base/process_util_posix.cc, line 254
04-24 18:56:23.044 I/Gecko   (   84): [Parent 84] WARNING: Failed to deliver SIGKILL to 1277!(3).: file ../../../gecko/ipc/chromium/src/chrome/common/process_watcher_posix_sigchld.cc, line 118
04-24 18:56:23.144 E/GeckoConsole(   84): Content JS LOG at dummy file:326 in GaiaApps.launch/appOpen/<: app with origin 'app://{9537ec37-1f31-4165-af73-6ef4d827b186}' has launched
04-24 18:56:23.144 I/Gecko   (   84): 1398390983150	Marionette	INFO	sendToClient: {"from":"0","value":{"frame":{"ELEMENT":"{64540f9f-f7f3-43f9-8984-2cae1559bc1a}"},"src":"app://{9537ec37-1f31-4165-af73-6ef4d827b186}/index.html","name":"Biblia","origin":"app://{9537ec37-1f31-4165-af73-6ef4d827b186}"}}, {13fb7baa-32b2-4f44-b7f9-190ef6d1cabd}, {13fb7baa-32b2-4f44-b7f9-190ef6d1cabd}
04-24 18:56:23.164 E/[Gralloc-ERROR](   84): int gralloc_unregister_buffer(const gralloc_module_t*, const native_handle_t*):274 Trying to unregister buffer 0x496bdce0 from process 84 that was not created in current process: 84
04-24 18:56:23.164 E/[Gralloc-ERROR](   84): int gralloc_unregister_buffer(const gralloc_module_t*, const native_handle_t*):274 Trying to unregister buffer 0x496bdbf0 from process 84 that was not created in current process: 84
04-24 18:56:23.164 E/[Gralloc-ERROR](   84): int gralloc_unregister_buffer(const gralloc_module_t*, const native_handle_t*):274 Trying to unregister buffer 0x496bdf60 from process 84 that was not created in current process: 84
04-24 18:56:23.164 E/[Gralloc-ERROR](   84): int gralloc_unregister_buffer(const gralloc_module_t*, const native_handle_t*):274 Trying to unregister buffer 0x496bde20 from process 84 that was not created in current process: 84
04-24 18:56:23.174 I/Gecko   (   84): 1398390983180	Marionette	DEBUG	Got request: switchToFrame, data: {"to":"0","sessionId":"3-b2g","name":"switchToFrame","parameters":{"focus":true,"element":"{64540f9f-f7f3-43f9-8984-2cae1559bc1a}"}}, id: {823422cf-bf57-4ada-b415-d2084752c7c8}
04-24 18:56:23.194 I/Gecko   (   84): 1398390983205	Marionette	INFO	Switched to frame: {"frameValue":"{64540f9f-f7f3-43f9-8984-2cae1559bc1a}"}
04-24 18:56:23.274 I/Gecko   (   84): 1398390983283	Marionette	INFO	trying remote frame 0
04-24 18:56:23.274 I/Gecko   (   84): 1398390983284	Marionette	INFO	trying remote frame 1
04-24 18:56:23.274 I/Gecko   (   84): 1398390983285	Marionette	INFO	deleting frame
04-24 18:56:23.284 I/Gecko   (   84): 1398390983291	Marionette	INFO	frame-manager load script: [object ChromeMessageSender]
04-24 18:56:24.084 I/Gecko   (   84): [Parent 84] WARNING: pipe error (173): Connection reset by peer: file ../../../gecko/ipc/chromium/src/chrome/common/ipc_channel_posix.cc, line 446
04-24 18:56:24.094 I/Gecko   (   84): 
04-24 18:56:24.094 I/Gecko   (   84): ###!!! [Parent][MessageChannel] Error: Channel error: cannot send/recv
04-24 18:56:24.094 I/Gecko   (   84): 
04-24 18:56:24.154 I/Gecko   (   84): [Parent 84] WARNING: waitpid failed pid:1334 errno:10: file ../../../gecko/ipc/chromium/src/base/process_util_posix.cc, line 254
04-24 18:56:24.374 I/Gecko   (   84): 1398390984382	Marionette	INFO	sendToClient: {"from":"0","ok":true}, {823422cf-bf57-4ada-b415-d2084752c7c8}, {823422cf-bf57-4ada-b415-d2084752c7c8}
04-24 18:56:24.594 I/Gecko   (   84): 1398390984598	Marionette	INFO	sendToClient: {"from":"0","value":"app://{9537ec37-1f31-4165-af73-6ef4d827b186}/index.html"}, {fc2a9f91-b301-4f89-b36d-89c219210764}, {fc2a9f91-b301-4f89-b36d-89c219210764}
04-24 18:56:24.594 I/Gecko   (   84): 1398390984605	Marionette	DEBUG	Got request: execute, data: {"to":"0","sessionId":"3-b2g","name":"executeScript","parameters":{"specialPowers":false,"scriptTimeout":null,"newSandbox":true,"args":[],"filename":"app_checker.py","script":"return window.document.readyState;","line":191}}, id: {8c150f9b-c882-4dc4-9cc6-4f8f4e5ac8ef}
04-24 18:56:24.864 E/GeckoConsole( 1285): [JavaScript Error: "not well-formed" {file: "app://{9537ec37-1f31-4165-af73-6ef4d827b186}/assets/biblias/a21.json" line: 1 column: 1 source: "{"pages":[{"title":"Gênesis","text":"<b>A criação dos céus e da terra</b> No princípio, Deus criou os céus e a terra.","loc": "0","cap":"1","tags":"1","id":"1"},{"title":"Gênesis","text":"A terra era sem forma e vazia, e havia trevas sobre a face do abismo, mas o Espírito de Deus pairava sobre a face das águas.","loc": "0","cap":"1","tags":"2","id":"1"},{"title":"Gênesis","text":"Disse Deus: Haja luz. E houve luz.","loc": "0","cap":"1","tags":"3","id":"1"},{"title":"Gênesis","text":"Deus viu que a luz era boa; e fez separação entre a luz e as trevas.","loc": "0","cap":"1","tags":"4","id":"1"},{"title":"Gênesis","text":"E Deus chamou à luz dia, e às trevas, noite. E foram-se a tarde e a manhã, o primeiro dia.","loc": "0","cap":"1","tags":"5","id":"1"},{"title":"Gênesis","text":"E disse Deus: Haja um firmamento no meio das águas, que faça separação entre águas e águas.",
04-24 18:56:25.954 I/Gecko   (   84): 1398390985957	Marionette	INFO	sendToClient: {"from":"0","value":"complete"}, {8c150f9b-c882-4dc4-9cc6-4f8f4e5ac8ef}, {8c150f9b-c882-4dc4-9cc6-4f8f4e5ac8ef}
04-24 18:56:26.074 W/WifiHW  (   84): wifi_command: SIGNAL_POLL
04-24 18:56:26.154 I/Gecko   (   84): [Parent 84] WARNING: waitpid failed pid:1334 errno:10: file ../../../gecko/ipc/chromium/src/base/process_util_posix.cc, line 254
04-24 18:56:26.154 I/Gecko   (   84): [Parent 84] WARNING: Failed to deliver SIGKILL to 1334!(3).: file ../../../gecko/ipc/chromium/src/chrome/common/process_watcher_posix_sigchld.cc, line 118
04-24 18:56:26.334 I/Gecko   (   84): 1398390986344	Marionette	INFO	sendToClient: {"from":"0","value":"app://{9537ec37-1f31-4165-af73-6ef4d827b186}/index.html"}, {f1641cb0-90aa-47b6-848f-f1105df61dcd}, {f1641cb0-90aa-47b6-848f-f1105df61dcd}
04-24 18:56:26.374 I/Gecko   ( 1285): Attempting load of libEGL.so
04-24 18:56:26.454 I/Gonk    (   84): Setting nice for pid 1353 to 18
04-24 18:56:26.454 I/Gonk    (   84): Changed nice for pid 1353 from 0 to 18.
04-24 18:56:26.564 D/libEGL  ( 1285): loaded /system/lib/egl/libEGL_mali.so
04-24 18:56:26.594 D/libEGL  ( 1285): loaded /system/lib/egl/libGLESv1_CM_mali.so
04-24 18:56:26.594 D/libEGL  ( 1285): loaded /system/lib/egl/libGLESv2_mali.so
04-24 18:56:26.654 I/Gecko   ( 1285): SharedSurface_Gralloc::Create -------
04-24 18:56:26.654 I/Gecko   ( 1285): SharedSurface_Gralloc::Create: success -- surface 0x440ed380, GraphicBuffer 0x43275180.
04-24 18:56:27.514 I/Gecko   (   84): 1398390987522	Marionette	INFO	sendToClient: {"from":"0","value":"iVBORw0KGgoAAAANSUhEUgAAAUAAAAHMCAYAAACk4nEJAAAYs0lEQVR4nO3de5CVdR3H8efswgK7yEWoXUi5LgLJzaS4mwbKhhIIKJqAY1pogwWpqCWUyORMSDBdAFcmmIwixEBRS26DYQMEKiWRICAICoMQrFyW6376Y+f8PIe9nYWtz7C8d+Y14/7Oc57nfR5nv3POefawURRFAoBLlD0AAFzsAQDgYg8AABd7AAC42AMAwMUeAAAu9gAAcLEHAICLPQAAXOwBAOBiDwAAF3sAALjYAwDAxR4AAC72AABwsQcAgIs9AABc7AEA4GIPAAAXewAAuNgDAMDFHgAALvYAAHCxBwCAiz0AAFzsAQDgYg8AABd7AAC42AMAwMUeAAAu9gAAcLEHAICLPQAAXOwBAOBiDwAAF3sAALjYAwDAxR4AAC72AABwsQcAgIs9AABc7AEA4GIPAAAXewAAuNgDAMDFHgAALvYAAHCxBwCAiz0AAFzsAQDgYg8AABd7AAC42AMAwMUeAAAu9gAAcLEHAICLPQAAXOwBAOBiDwAAF3sAALjYAwDAxR4AAC72AABwsQcAgIs9AABc7AEA4GIPAAAXewAAuNgDAMDFHgAALvYAAHCxBwCAiz0AAFzsAQDgYg/AOWrXrq0WLVrYO4BLgD0ACXr27Kl///vfWr9+vdLT08N6LBZTo0aNVKdOnZT2k5aWppycHNWoUSOs3Xnnnfrggw+0cuVKZWdn2x/rxaZu3bpq2LChYrGYvQVVxh6AKFJWVpamT5+uoqIixb/69++vKIo0YcIEnThxQpLUu3fvCvf129/+VqdPn5YkNW7cOKx/+OGHYd+PPPLI/+RxpKenq1mzZsrOzlZaWpr9vFalwYMHS5KOHz+u0aNH23tQJewB1dI999yjbdu2JXn77bf15z//WePHj9eVV16ZtP2iRYskSYWFhXr22W
04-24 18:56:29.094 I/Gecko   (   84): 1398390989104	Marionette	INFO	sendToClient: {"from":"0","ok":true}, {92e937ee-2c60-4f38-9b68-ec7206716a84}, {92e937ee-2c60-4f38-9b68-ec7206716a84}
04-24 18:56:29.154 I/Gecko   (   84): 1398390989162	Marionette	DEBUG	Got request: switchToFrame, data: {"to":"0","sessionId":"3-b2g","name":"switchToFrame","parameters":{"id":null,"focus":true}}, id: {015da895-ea6b-4d87-922f-0daf2d0c1b27}
04-24 18:56:29.184 I/Gecko   (   84): 1398390989188	Marionette	INFO	Switched to frame: {"frameValue":null}
04-24 18:56:29.314 I/Gecko   (   84): 1398390989323	Marionette	INFO	sendToClient: {"from":"0","ok":true}, {015da895-ea6b-4d87-922f-0daf2d0c1b27}, {015da895-ea6b-4d87-922f-0daf2d0c1b27}
04-24 18:56:29.324 I/Gecko   (   84): 1398390989330	Marionette	DEBUG	Got request: executeWithCallback, data: {"to":"0","sessionId":"3-b2g","name":"executeAsyncScript","parameters":{"specialPowers":false,"scriptTimeout":null,"newSandbox":true,"args":[],"filename":"gaia_test.py","script":"return GaiaApps.displayedApp();","line":66}}, id: {224afda7-3c6d-401f-bdd5-73e13a783bc2}
04-24 18:56:29.764 E/GeckoConsole(   84): Content JS LOG at dummy file:392 in GaiaApps.displayedApp: app with origin 'app://{9537ec37-1f31-4165-af73-6ef4d827b186}' is displayed
04-24 18:56:29.764 I/Gecko   (   84): 1398390989770	Marionette	INFO	sendToClient: {"from":"0","value":{"frame":{"ELEMENT":"{64540f9f-f7f3-43f9-8984-2cae1559bc1a}"},"src":"app://{9537ec37-1f31-4165-af73-6ef4d827b186}/index.html","name":"Biblia","origin":"app://{9537ec37-1f31-4165-af73-6ef4d827b186}"}}, {224afda7-3c6d-401f-bdd5-73e13a783bc2}, {224afda7-3c6d-401f-bdd5-73e13a783bc2}
04-24 18:56:29.784 I/Gecko   (   84): 1398390989786	Marionette	DEBUG	Got request: switchToFrame, data: {"to":"0","sessionId":"3-b2g","name":"switchToFrame","parameters":{"id":null,"focus":true}}, id: {cb67472e-6c8b-4209-9305-d54a01293494}
04-24 18:56:29.784 I/Gecko   (   84): 1398390989788	Marionette	INFO	Switched to frame: {"frameValue":null}
04-24 18:56:29.884 I/Gecko   (   84): 1398390989890	Marionette	INFO	sendToClient: {"from":"0","ok":true}, {cb67472e-6c8b-4209-9305-d54a01293494}, {cb67472e-6c8b-4209-9305-d54a01293494}
04-24 18:56:29.904 I/Gecko   (   84): 1398390989907	Marionette	DEBUG	Got request: execute, data: {"to":"0","sessionId":"3-b2g","name":"executeScript","parameters":{"specialPowers":false,"scriptTimeout":null,"newSandbox":true,"args":[],"filename":"gaia_test.py","script":"window.wrappedJSObject.dispatchEvent(new Event('home'));","line":788}}, id: {4df8b598-e1d3-4e27-942a-589d9bab518c}
04-24 18:56:30.044 I/Gonk    (   84): Setting nice for pid 1353 to 18
04-24 18:56:30.064 I/Gonk    (   84): Changed nice for pid 1353 from 18 to 18.
04-24 18:56:30.064 I/Gecko   (   84): [Parent 84] WARNING: waitpid failed pid:1353 errno:10: file ../../../gecko/ipc/chromium/src/base/process_util_posix.cc, line 254
04-24 18:56:30.064 I/Gonk    (   84): Setting nice for pid 1353 to 1
04-24 18:56:30.074 I/Gonk    (   84): Changed nice for pid 1353 from 18 to 1.
04-24 18:56:30.094 D/Sensors (   84): activate handle=0; drv=0
04-24 18:56:30.114 D/Sensors (   84): Lis3dhSensor: Control set 0
04-24 18:56:30.114 D/Sensors (   84): Lis3dhSensor: mEnabled = 0
04-24 18:56:30.154 I/Gecko   (   84): 1398390990159	Marionette	INFO	sendToClient: {"from":"0","value":null}, {4df8b598-e1d3-4e27-942a-589d9bab518c}, {4df8b598-e1d3-4e27-942a-589d9bab518c}
04-24 18:56:30.174 I/Gecko   (   84): 1398390990182	Marionette	DEBUG	Got request: switchToFrame, data: {"to":"0","sessionId":"3-b2g","name":"switchToFrame","parameters":{"id":null,"focus":true}}, id: {f30f9710-55f2-464d-b318-20075771a582}
04-24 18:56:30.174 I/Gecko   (   84): 1398390990183	Marionette	INFO	Switched to frame: {"frameValue":null}
04-24 18:56:30.284 I/Gecko   (   84): 1398390990286	Marionette	INFO	sendToClient: {"from":"0","ok":true}, {f30f9710-55f2-464d-b318-20075771a582}, {f30f9710-55f2-464d-b318-20075771a582}
04-24 18:56:30.284 I/Gecko   (   84): 1398390990292	Marionette	DEBUG	Got request: executeWithCallback, data: {"to":"0","sessionId":"3-b2g","name":"executeAsyncScript","parameters":{"specialPowers":false,"scriptTimeout":null,"newSandbox":true,"args":[],"filename":"gaia_test.py","script":"return GaiaApps.displayedApp();","line":66}}, id: {d9eab050-90c4-4638-8698-90e4e14a5fc8}
04-24 18:56:30.404 E/GeckoConsole(   84): Content JS LOG at dummy file:392 in GaiaApps.displayedApp: app with origin 'app://homescreen.gaiamobile.org' is displayed
04-24 18:56:30.404 I/Gecko   (   84): 1398390990408	Marionette	INFO	sendToClient: {"from":"0","value":{"frame":{"ELEMENT":"{96d0f6b9-0d69-4e59-8123-23bf55724a00}"},"src":"app://homescreen.gaiamobile.org/index.html#root","name":"Homescreen","origin":"app://homescreen.gaiamobile.org"}}, {d9eab050-90c4-4638-8698-90e4e14a5fc8}, {d9eab050-90c4-4638-8698-90e4e14a5fc8}
04-24 18:56:30.404 I/Gecko   (   84): 1398390990414	Marionette	DEBUG	Got request: switchToFrame, data: {"to":"0","sessionId":"3-b2g","name":"switchToFrame","parameters":{"id":null,"focus":true}}, id: {8ed95a7c-d64e-4f52-9d96-4e6e7df11cd6}
