04-25 03:18:52.887 D/libEGL  (  892): loaded /system/lib/egl/libEGL_mali.so
04-25 03:18:52.917 D/libEGL  (  892): loaded /system/lib/egl/libGLESv1_CM_mali.so
04-25 03:18:52.917 D/libEGL  (  892): loaded /system/lib/egl/libGLESv2_mali.so
04-25 03:18:52.997 I/Gecko   (  892): SharedSurface_Gralloc::Create -------
04-25 03:18:53.067 I/Gecko   (  892): SharedSurface_Gralloc::Create: success -- surface 0x451eca40, GraphicBuffer 0x451f4700.
04-25 03:18:53.787 I/Gecko   (   84): [Parent 84] WARNING: waitpid failed pid:953 errno:10: file ../../../gecko/ipc/chromium/src/base/process_util_posix.cc, line 254
04-25 03:18:53.787 I/Gecko   (   84): [Parent 84] WARNING: Failed to deliver SIGKILL to 953!(3).: file ../../../gecko/ipc/chromium/src/chrome/common/process_watcher_posix_sigchld.cc, line 118
04-25 03:18:58.997 I/GonkMemoryPressure(  892): Checking to see if memory pressure is over.
04-25 03:18:59.007 I/GonkMemoryPressure(   84): Checking to see if memory pressure is over.
04-25 03:18:59.007 I/GonkMemoryPressure(   84): Memory pressure is over.
04-25 03:18:59.007 I/GonkMemoryPressure(  892): Memory pressure is over.
04-25 03:19:02.987 I/Gecko   (  892): [SharedSurface_Gralloc 0x451eca40] destroyed
04-25 03:19:04.107 I/Gecko   (   84): 1398421144048	Marionette	INFO	sendToClient: {"from":"0","value":"iVBORw0KGgoAAAANSUhEUgAAAUAAAAHMCAYAAACk4nEJAAAgAElEQVR4nOydeVhU1/3/rwbhMgtcZLuyXxhgBlEZRWXYZIBhE1RQVEDQYZFdQURDCFnMxFRFo2aymTE72Sc7plHHbIbstE0aky4ha2vbtP2m7bdblr5/f5xzlxlGk/bbp32eH8PzvJ+ZuXO5c+5yXvdzPp/P+VyGYRj45JNPPs1Ivfzs3fDJJ598molizp5wwCeffPJpJop56amb4JNPPvk0E8W8+Phh+OSTTz7NRDEvPrIfPvnkk08zUcwLD9rgk08++TQTxTx/3xXwySeffJqJYp6751L45JNPPs1EMWfuGoRPPvnk00wUc+aunfDJJ598moliztw5AJ988smnmSjmzB398Mknb3rhnt2YPGH/t21r4qE9//V98sknpRjXHX3wySdPvXXiKP7yh8/x1Zd/xUsPjMB1Rz9ecV6Lye/fiNefOHDB/ztz1w68+uh1+MGzN+OVR/fSZQP4659+BwA4d/b+//q++eSTKMZ1+3b4NHP0o1PH8PZph6S3xo/g7ANXSN+fuaMfn777AsS/b77+Cu++cDfO3NkvLfv4nTMX3P7LD10trffT1x6F6/btePXR66Rlv56a/Le1/+UHr5KWT564AW+fduC1x/fjzB190jqTz9jd/v+5uwak7157fL/bNt98+vr/+vnx6T8rxnW8Fz7NHH391d/h7e93v3gfL41dBtfxXnz+8dv48q9/wtTkCWnZmTu2KwDouuD2X37wShmArzrp8m341Qdv4i9/+A3eevrwv639v/zJK9LyP37+CQDg03MvwnW8F//7P+cBAF99+VecuX2btN5bT18v/f/7Lz/ots3ffvLj//r58ek/K8Z1vAc+zRyJnf2rv/8Ff/z8E3z95d9kCH72HlzHe/Divbvw3J39bv935o5tHgDsAbmI3Lf/8o
04-25 03:19:04.147 I/GonkMemoryPressure(  892): Checking to see if memory pressure is over.
04-25 03:19:04.147 I/GonkMemoryPressure(   84): Checking to see if memory pressure is over.
04-25 03:19:04.147 I/GonkMemoryPressure(   84): Memory pressure is over.
04-25 03:19:04.167 I/GonkMemoryPressure(  892): Memory pressure is over.
04-25 03:19:05.087 E/Profiler(   84): BPUnw: [1 total] thread_unregister_for_profiling(me=0x1a78708)  (NOT REGISTERED) 
04-25 03:19:05.507 W/WifiHW  (   84): wifi_command: SIGNAL_POLL
04-25 03:19:05.687 I/Gonk    (   84): Setting nice for pid 974 to 18
04-25 03:19:05.687 I/Gonk    (   84): Changed nice for pid 974 from 0 to 18.
04-25 03:19:06.017 E/Profiler(   84): BPUnw: [1 total] thread_unregister_for_profiling(me=0x1a70f08)  (NOT REGISTERED) 
04-25 03:19:06.307 E/Profiler(   84): BPUnw: [1 total] thread_unregister_for_profiling(me=0x1a70e08)  (NOT REGISTERED) 
04-25 03:19:06.577 I/GonkMemoryPressure(  974): Checking to see if memory pressure is over.
04-25 03:19:06.577 I/GonkMemoryPressure(  974): Memory pressure is over.
04-25 03:19:08.627 I/Gecko   (   84): 1398421148611	Marionette	INFO	sendToClient: {"from":"0","ok":true}, {efe0f2e7-c9f2-4d4b-bf1c-fc3263795ff0}, {efe0f2e7-c9f2-4d4b-bf1c-fc3263795ff0}
04-25 03:19:08.687 I/Gecko   (   84): 1398421148692	Marionette	DEBUG	Got request: switchToFrame, data: {"to":"0","sessionId":"3-b2g","name":"switchToFrame","parameters":{"id":null,"focus":true}}, id: {df088660-f800-42c3-9143-aa0adacf5ade}
04-25 03:19:08.817 I/Gecko   (   84): 1398421148819	Marionette	INFO	Switched to frame: {"frameValue":null}
04-25 03:19:09.047 I/Gecko   (   84): 1398421149056	Marionette	INFO	sendToClient: {"from":"0","ok":true}, {df088660-f800-42c3-9143-aa0adacf5ade}, {df088660-f800-42c3-9143-aa0adacf5ade}
04-25 03:19:09.057 I/Gecko   (   84): 1398421149064	Marionette	DEBUG	Got request: executeWithCallback, data: {"to":"0","sessionId":"3-b2g","name":"executeAsyncScript","parameters":{"specialPowers":false,"scriptTimeout":null,"newSandbox":true,"args":[],"filename":"gaia_test.py","script":"return GaiaApps.displayedApp();","line":66}}, id: {685d1576-ebbb-4317-a3d1-a255643e3aa7}
04-25 03:19:09.167 I/GonkMemoryPressure(   84): Checking to see if memory pressure is over.
04-25 03:19:09.167 I/GonkMemoryPressure(  892): Checking to see if memory pressure is over.
04-25 03:19:09.167 I/GonkMemoryPressure(  892): Memory pressure is over.
04-25 03:19:09.177 I/GonkMemoryPressure(   84): Memory pressure is over.
04-25 03:19:09.437 E/GeckoConsole(   84): Content JS LOG at dummy file:392 in GaiaApps.displayedApp: app with origin 'app://{ae485429-d289-4ec3-a0a4-ef035d213ae5}' is displayed
04-25 03:19:09.437 I/Gecko   (   84): 1398421149439	Marionette	INFO	sendToClient: {"from":"0","value":{"frame":{"ELEMENT":"{6d4126a8-9666-40ac-8f27-297ce6d827c1}"},"src":"app://{ae485429-d289-4ec3-a0a4-ef035d213ae5}/html/index.html","name":"Biblia NVI Offline","origin":"app://{ae485429-d289-4ec3-a0a4-ef035d213ae5}"}}, {685d1576-ebbb-4317-a3d1-a255643e3aa7}, {685d1576-ebbb-4317-a3d1-a255643e3aa7}
04-25 03:19:09.437 I/Gecko   (   84): 1398421149445	Marionette	DEBUG	Got request: switchToFrame, data: {"to":"0","sessionId":"3-b2g","name":"switchToFrame","parameters":{"id":null,"focus":true}}, id: {35d2f2c8-421c-4de2-b826-e4402a8ba201}
04-25 03:19:09.437 I/Gecko   (   84): 1398421149447	Marionette	INFO	Switched to frame: {"frameValue":null}
04-25 03:19:09.547 I/Gecko   (   84): 1398421149549	Marionette	INFO	sendToClient: {"from":"0","ok":true}, {35d2f2c8-421c-4de2-b826-e4402a8ba201}, {35d2f2c8-421c-4de2-b826-e4402a8ba201}
04-25 03:19:09.547 I/Gecko   (   84): 1398421149555	Marionette	DEBUG	Got request: execute, data: {"to":"0","sessionId":"3-b2g","name":"executeScript","parameters":{"specialPowers":false,"scriptTimeout":null,"newSandbox":true,"args":[],"filename":"gaia_test.py","script":"window.wrappedJSObject.dispatchEvent(new Event('home'));","line":788}}, id: {fc96253e-8ed7-4fc1-8b12-f10ba424c3df}
04-25 03:19:09.887 I/Gonk    (   84): Setting nice for pid 974 to 18
04-25 03:19:09.887 I/Gonk    (   84): Changed nice for pid 974 from 18 to 18.
04-25 03:19:09.887 I/Gecko   (   84): [Parent 84] WARNING: waitpid failed pid:974 errno:10: file ../../../gecko/ipc/chromium/src/base/process_util_posix.cc, line 254
04-25 03:19:09.947 I/Gonk    (   84): Setting nice for pid 974 to 1
04-25 03:19:09.957 I/Gonk    (   84): Changed nice for pid 974 from 18 to 1.
04-25 03:19:09.987 D/Sensors (   84): activate handle=0; drv=0
04-25 03:19:09.987 D/Sensors (   84): Lis3dhSensor: Control set 0
04-25 03:19:09.987 D/Sensors (   84): Lis3dhSensor: mEnabled = 0
04-25 03:19:10.187 I/Gecko   (   84): 1398421150188	Marionette	INFO	sendToClient: {"from":"0","value":null}, {fc96253e-8ed7-4fc1-8b12-f10ba424c3df}, {fc96253e-8ed7-4fc1-8b12-f10ba424c3df}
04-25 03:19:10.397 I/Gecko   (   84): 1398421150402	Marionette	DEBUG	Got request: switchToFrame, data: {"to":"0","sessionId":"3-b2g","name":"switchToFrame","parameters":{"id":null,"focus":true}}, id: {2a2ee490-683d-4cc4-b6b4-1a8d6f8b9bf2}
04-25 03:19:10.397 I/Gecko   (   84): 1398421150404	Marionette	INFO	Switched to frame: {"frameValue":null}
04-25 03:19:10.487 W/WifiHW  (   84): wifi_command: SIGNAL_POLL
04-25 03:19:10.507 I/Gecko   (   84): 1398421150509	Marionette	INFO	sendToClient: {"from":"0","ok":true}, {2a2ee490-683d-4cc4-b6b4-1a8d6f8b9bf2}, {2a2ee490-683d-4cc4-b6b4-1a8d6f8b9bf2}
04-25 03:19:10.517 I/Gecko   (   84): 1398421150523	Marionette	DEBUG	Got request: executeWithCallback, data: {"to":"0","sessionId":"3-b2g","name":"executeAsyncScript","parameters":{"specialPowers":false,"scriptTimeout":null,"newSandbox":true,"args":[],"filename":"gaia_test.py","script":"return GaiaApps.displayedApp();","line":66}}, id: {aa19951e-b8e3-419d-9de7-e927a8567ee7}
04-25 03:19:10.737 I/Gecko   (   84): 1398421150741	Marionette	INFO	sendToClient: {"from":"0","value":{"frame":{"ELEMENT":"{a1771606-796d-4899-827e-209fe388420b}"},"src":"app://homescreen.gaiamobile.org/index.html#root","name":"Homescreen","origin":"app://homescreen.gaiamobile.org"}}, {aa19951e-b8e3-419d-9de7-e927a8567ee7}, {aa19951e-b8e3-419d-9de7-e927a8567ee7}
04-25 03:19:10.757 E/GeckoConsole(   84): Content JS LOG at dummy file:392 in GaiaApps.displayedApp: app with origin 'app://homescreen.gaiamobile.org' is displayed
04-25 03:19:10.777 I/Gecko   (   84): 1398421150782	Marionette	DEBUG	Got request: switchToFrame, data: {"to":"0","sessionId":"3-b2g","name":"switchToFrame","parameters":{"id":null,"focus":true}}, id: {d5be6bd7-ff79-44c3-b56b-d0645513a8a9}
04-25 03:19:10.777 I/Gecko   (   84): 1398421150784	Marionette	INFO	Switched to frame: {"frameValue":null}
04-25 03:19:10.887 I/Gecko   (   84): 1398421150890	Marionette	INFO	sendToClient: {"from":"0","ok":true}, {d5be6bd7-ff79-44c3-b56b-d0645513a8a9}, {d5be6bd7-ff79-44c3-b56b-d0645513a8a9}
04-25 03:19:10.887 I/Gecko   (   84): 1398421150895	Marionette	DEBUG	Got request: switchToFrame, data: {"to":"0","sessionId":"3-b2g","name":"switchToFrame","parameters":{"id":null,"focus":true}}, id: {8e17cee7-c3d9-4f3a-a130-0f4f198c4399}
04-25 03:19:10.887 I/Gecko   (   84): 1398421150897	Marionette	INFO	Switched to frame: {"frameValue":null}
04-25 03:19:11.857 I/GonkMemoryPressure(  974): Checking to see if memory pressure is over.
04-25 03:19:11.857 I/GonkMemoryPressure(  974): Memory pressure is over.
04-25 03:19:13.247 I/Gonk    (   84): Setting nice for pid 892 to 18
04-25 03:19:13.247 I/Gonk    (   84): Changed nice for pid 892 from 1 to 18.
04-25 03:19:13.247 I/Gecko   (   84): 1398421153252	Marionette	INFO	sendToClient: {"from":"0","ok":true}, {8e17cee7-c3d9-4f3a-a130-0f4f198c4399}, {8e17cee7-c3d9-4f3a-a130-0f4f198c4399}
04-25 03:19:13.407 I/Gecko   (   84): 1398421153410	Marionette	DEBUG	Got request: executeWithCallback, data: {"to":"0","sessionId":"3-b2g","name":"executeAsyncScript","parameters":{"specialPowers":false,"scriptTimeout":null,"newSandbox":true,"args":[],"filename":"gaia_test.py","script":"return GaiaApps.displayedApp();","line":66}}, id: {fec2577c-0d5c-4d85-a304-ab5d43dbafa3}
04-25 03:19:13.587 E/GeckoConsole(   84): Content JS LOG at dummy file:392 in GaiaApps.displayedApp: app with origin 'app://homescreen.gaiamobile.org' is displayed
04-25 03:19:13.597 I/Gecko   (   84): 1398421153599	Marionette	INFO	sendToClient: {"from":"0","value":{"frame":{"ELEMENT":"{a1771606-796d-4899-827e-209fe388420b}"},"src":"app://homescreen.gaiamobile.org/index.html#root","name":"Homescreen","origin":"app://homescreen.gaiamobile.org"}}, {fec2577c-0d5c-4d85-a304-ab5d43dbafa3}, {fec2577c-0d5c-4d85-a304-ab5d43dbafa3}
04-25 03:19:13.597 I/Gecko   (   84): 1398421153604	Marionette	DEBUG	Got request: switchToFrame, data: {"to":"0","sessionId":"3-b2g","name":"switchToFrame","parameters":{"focus":true,"element":"{a1771606-796d-4899-827e-209fe388420b}"}}, id: {e40ad99c-67c3-4013-b359-8c8b29b05d5c}
04-25 03:19:13.657 I/Gecko   (   84): 1398421153666	Marionette	INFO	Switched to frame: {"frameValue":"{a1771606-796d-4899-827e-209fe388420b}"}
04-25 03:19:13.677 I/Gecko   (   84): 1398421153682	Marionette	INFO	trying remote frame 0
04-25 03:19:13.677 I/Gecko   (   84): 1398421153683	Marionette	INFO	trying remote frame 1
04-25 03:19:13.687 I/Gecko   (   84): 1398421153689	Marionette	INFO	frame-manager load script: [object ChromeMessageSender]
04-25 03:19:13.987 I/Gecko   (  974): ###################################### forms.js loaded
04-25 03:19:14.037 I/Gecko   (  974): ############################### browserElementPanning.js loaded
04-25 03:19:14.057 I/Gecko   (  974): ######################## BrowserElementChildPreload.js loaded
04-25 03:19:15.007 I/Gonk    (   84): Setting nice for pid 992 to 18
04-25 03:19:15.017 I/Gonk    (   84): Changed nice for pid 992 from 0 to 18.
04-25 03:19:15.177 I/Gecko   (   84): [Parent 84] WARNING: pipe error (81): Connection reset by peer: file ../../../gecko/ipc/chromium/src/chrome/common/ipc_channel_posix.cc, line 446
04-25 03:19:15.177 I/Gecko   (   84): 
04-25 03:19:15.177 I/Gecko   (   84): ###!!! [Parent][MessageChannel] Error: Channel error: cannot send/recv
04-25 03:19:15.177 I/Gecko   (   84): 
04-25 03:19:15.227 I/Gecko   (   84): 1398421155233	Marionette	INFO	sendToClient: {"from":"0","ok":true}, {e40ad99c-67c3-4013-b359-8c8b29b05d5c}, {e40ad99c-67c3-4013-b359-8c8b29b05d5c}
04-25 03:19:15.247 I/Gecko   (   84): [Parent 84] WARNING: waitpid failed pid:892 errno:10: file ../../../gecko/ipc/chromium/src/base/process_util_posix.cc, line 254
04-25 03:19:15.507 W/WifiHW  (   84): wifi_command: SIGNAL_POLL
04-25 03:19:15.737 I/Gecko   (   84): 1398421155740	Marionette	INFO	sendToClient: {"from":"0","value":"app://homescreen.gaiamobile.org/index.html#root"}, {c8d01497-cb5a-4d95-9407-77dc0f902e23}, {c8d01497-cb5a-4d95-9407-77dc0f902e23}
04-25 03:19:15.737 I/Gecko   (   84): 1398421155746	Marionette	DEBUG	Got request: switchToFrame, data: {"to":"0","sessionId":"3-b2g","name":"switchToFrame","parameters":{"id":null,"focus":true}}, id: {1cb797ed-f3ff-4f09-8c38-a2f9c4effb46}
04-25 03:19:15.767 I/Gecko   (   84): 1398421155772	Marionette	INFO	Switched to frame: {"frameValue":null}
04-25 03:19:15.867 I/Gecko   (   84): 1398421155876	Marionette	INFO	sendToClient: {"from":"0","ok":true}, {1cb797ed-f3ff-4f09-8c38-a2f9c4effb46}, {1cb797ed-f3ff-4f09-8c38-a2f9c4effb46}
04-25 03:19:15.877 I/Gecko   (   84): 1398421155882	Marionette	DEBUG	Got request: switchToFrame, data: {"to":"0","sessionId":"3-b2g","name":"switchToFrame","parameters":{"id":null,"focus":true}}, id: {a63657b1-d996-42c7-970d-96bbc5994c74}
04-25 03:19:15.877 I/Gecko   (   84): 1398421155884	Marionette	INFO	Switched to frame: {"frameValue":null}
04-25 03:19:15.977 I/Gecko   (   84): 1398421155986	Marionette	INFO	sendToClient: {"from":"0","ok":true}, {a63657b1-d996-42c7-970d-96bbc5994c74}, {a63657b1-d996-42c7-970d-96bbc5994c74}
04-25 03:19:15.987 I/Gecko   (   84): 1398421155992	Marionette	DEBUG	Got request: executeWithCallback, data: {"to":"0","sessionId":"3-b2g","name":"executeAsyncScript","parameters":{"specialPowers":false,"scriptTimeout":null,"newSandbox":true,"args":[],"filename":"gaia_test.py","script":"GaiaApps.killAll()","line":91}}, id: {94f6d83f-d256-48b2-a134-343e3482b5db}
04-25 03:19:16.057 I/Gecko   (   84): 1398421156059	Marionette	INFO	sendToClient: {"from":"0","value":true}, {94f6d83f-d256-48b2-a134-343e3482b5db}, {94f6d83f-d256-48b2-a134-343e3482b5db}
04-25 03:19:16.057 I/Gecko   (   84): 1398421156065	Marionette	DEBUG	Got request: switchToFrame, data: {"to":"0","sessionId":"3-b2g","name":"switchToFrame","parameters":{"id":null,"focus":true}}, id: {92a78fdf-a76b-40c9-acbf-eba610088f87}
04-25 03:19:16.067 I/Gecko   (   84): 1398421156069	Marionette	INFO	Switched to frame: {"frameValue":null}
04-25 03:19:16.167 I/Gecko   (   84): 1398421156174	Marionette	INFO	sendToClient: {"from":"0","ok":true}, {92a78fdf-a76b-40c9-acbf-eba610088f87}, {92a78fdf-a76b-40c9-acbf-eba610088f87}
04-25 03:19:16.177 I/Gecko   (   84): 1398421156180	Marionette	DEBUG	Got request: executeWithCallback, data: {"to":"0","sessionId":"3-b2g","name":"executeAsyncScript","parameters":{"specialPowers":false,"scriptTimeout":60000,"newSandbox":true,"args":[],"filename":"app_checker.py","script":"\n        GaiaApps.locateWithManifestURL('https://marketplace.firefox.com/app/a3005ce0-7960-4a47-83c8-8614076ae9cd/manifest.webapp',\n                                       null,\n                                       function uninstall(app) {\n                                       navigator.mozApps.mgmt.uninstall(app);\n                                       marionetteScriptFinished(true);\n                                       });\n        ","line":129}}, id: {f661893c-4473-4a0f-b3b8-e0093837e8f4}
04-25 03:19:16.237 I/Gecko   (   84): -- webapps.js uninstall https://marketplace.firefox.com/app/a3005ce0-7960-4a47-83c8-8614076ae9cd/manifest.webapp
04-25 03:19:16.707 I/Gecko   (   84): 1398421156709	Marionette	INFO	sendToClient: {"from":"0","value":true}, {f661893c-4473-4a0f-b3b8-e0093837e8f4}, {f661893c-4473-4a0f-b3b8-e0093837e8f4}