04-25 12:59:50.109 I/Gecko   (   84): 1398455990124	Marionette	DEBUG	Got request: switchToFrame, data: {"to":"0","sessionId":"3-b2g","name":"switchToFrame","parameters":{"id":null,"focus":true}}, id: {0a9f9a1a-502f-4e24-aee9-043dfa15cfd8}
04-25 12:59:50.129 I/Gecko   (   84): 1398455990144	Marionette	INFO	Switched to frame: {"frameValue":null}
04-25 12:59:50.259 I/Gecko   (   84): 1398455990278	Marionette	INFO	sendToClient: {"from":"0","ok":true}, {0a9f9a1a-502f-4e24-aee9-043dfa15cfd8}, {0a9f9a1a-502f-4e24-aee9-043dfa15cfd8}
04-25 12:59:50.269 I/Gecko   (   84): 1398455990285	Marionette	DEBUG	Got request: switchToFrame, data: {"to":"0","sessionId":"3-b2g","name":"switchToFrame","parameters":{"id":null,"focus":true}}, id: {98372c96-3c7d-4012-872d-6ffd500eb80d}
04-25 12:59:50.279 I/Gecko   (   84): 1398455990296	Marionette	INFO	Switched to frame: {"frameValue":null}
04-25 12:59:50.479 I/Gecko   (   84): 1398455990491	Marionette	INFO	sendToClient: {"from":"0","ok":true}, {98372c96-3c7d-4012-872d-6ffd500eb80d}, {98372c96-3c7d-4012-872d-6ffd500eb80d}
04-25 12:59:50.489 I/Gecko   (   84): 1398455990500	Marionette	DEBUG	Got request: executeWithCallback, data: {"to":"0","sessionId":"3-b2g","name":"executeAsyncScript","parameters":{"specialPowers":false,"scriptTimeout":30000,"newSandbox":true,"args":[],"filename":"app_checker.py","script":"GaiaApps.launchWithManifestURL('http://celsojr.github.io/Bible-Reader/manifest.webapp')","line":106}}, id: {371da5bb-7ba9-4d16-8504-a1baf6850aaf}
04-25 12:59:50.959 I/Gonk    (   84): Setting nice for pid 707 to 18
04-25 12:59:50.969 I/Gonk    (   84): Changed nice for pid 707 from 18 to 18.
04-25 12:59:50.969 I/Gecko   (   84): [Parent 84] WARNING: waitpid failed pid:707 errno:10: file ../../../gecko/ipc/chromium/src/base/process_util_posix.cc, line 254
04-25 12:59:50.969 I/Gonk    (   84): Setting nice for pid 707 to 1
04-25 12:59:50.979 I/Gonk    (   84): Changed nice for pid 707 from 18 to 1.
04-25 12:59:51.089 E/GeckoConsole(   84): Content JS LOG at dummy file:334 in GaiaApps.launch: launching app with name 'BibleR'
04-25 12:59:51.279 E/[Gralloc-ERROR](   84): int gralloc_register_buffer(const gralloc_module_t*, const native_handle_t*):79 Unable to register handle 0x46145c90 coming from different process: 84
04-25 12:59:51.279 E/[Gralloc-ERROR](   84): int gralloc_register_buffer(const gralloc_module_t*, const native_handle_t*):79 Unable to register handle 0x461931a0 coming from different process: 84
04-25 12:59:51.279 E/[Gralloc-ERROR](   84): int gralloc_register_buffer(const gralloc_module_t*, const native_handle_t*):79 Unable to register handle 0x46193a10 coming from different process: 84
04-25 12:59:51.279 E/[Gralloc-ERROR](   84): int gralloc_register_buffer(const gralloc_module_t*, const native_handle_t*):79 Unable to register handle 0x461d70b0 coming from different process: 84
04-25 12:59:51.459 D/Sensors (   84): activate handle=0; drv=0
04-25 12:59:51.479 D/Sensors (   84): Lis3dhSensor: Control set 1
04-25 12:59:51.479 D/Sensors (   84): Lis3dhSensor: mEnabled = 1
04-25 12:59:51.889 I/Gonk    (   84): Setting nice for pid 694 to 18
04-25 12:59:51.899 I/Gonk    (   84): Changed nice for pid 694 from 1 to 18.
04-25 12:59:52.379 W/WifiHW  (   84): wifi_command: SIGNAL_POLL
04-25 12:59:52.949 E/GeckoConsole(  707): [JavaScript Warning: "Unknown property '-moz-background-size'.  Declaration dropped." {file: "http://celsojr.github.io/Bible-Reader/css/style.css" line: 14 column: 21 source: "	-moz-background-size: cover;"}]
04-25 12:59:53.299 E/GeckoConsole(  707): [JavaScript Warning: "SyntaxError: Using //@ to indicate sourceMappingURL pragmas is deprecated. Use //# instead" {file: "http://celsojr.github.io/Bible-Reader/js/jquery-1.10.2.min.js" line: 1}]
04-25 12:59:53.389 E/GeckoConsole(  707): [JavaScript Warning: "Error: http://celsojr.github.io/Bible-Reader/js/jquery-1.10.2.min.js is being assigned a //# sourceMappingURL, but already has one"]
04-25 12:59:53.449 I/Gecko   (   84): [Parent 84] WARNING: pipe error (131): Connection reset by peer: file ../../../gecko/ipc/chromium/src/chrome/common/ipc_channel_posix.cc, line 446
04-25 12:59:53.449 I/Gecko   (   84): 
04-25 12:59:53.449 I/Gecko   (   84): ###!!! [Parent][MessageChannel] Error: Channel error: cannot send/recv
04-25 12:59:53.449 I/Gecko   (   84): 
04-25 12:59:53.469 E/GeckoConsole(   84): [JavaScript Error: "[Exception... "Component returned failure code: 0x80070057 (NS_ERROR_ILLEGAL_VALUE) [nsIXPCComponents_Utils.isDeadWrapper]"  nsresult: "0x80070057 (NS_ERROR_ILLEGAL_VALUE)"  location: "JS frame :: resource://gre/modules/BrowserElementParent.jsm :: BrowserElementParent.prototype._isAlive :: line 34"  data: no]" {file: "resource://gre/modules/BrowserElementParent.jsm" line: 34}]
04-25 12:59:53.549 I/Gecko   (   84): [Parent 84] WARNING: waitpid failed pid:694 errno:10: file ../../../gecko/ipc/chromium/src/base/process_util_posix.cc, line 254
04-25 12:59:55.549 I/Gecko   (   84): [Parent 84] WARNING: waitpid failed pid:694 errno:10: file ../../../gecko/ipc/chromium/src/base/process_util_posix.cc, line 254
04-25 12:59:55.549 I/Gecko   (   84): [Parent 84] WARNING: Failed to deliver SIGKILL to 694!(3).: file ../../../gecko/ipc/chromium/src/chrome/common/process_watcher_posix_sigchld.cc, line 118
04-25 12:59:56.199 I/Gonk    (   84): Setting nice for pid 770 to 18
04-25 12:59:56.199 I/Gonk    (   84): Changed nice for pid 770 from 0 to 18.
04-25 12:59:57.419 W/WifiHW  (   84): wifi_command: SIGNAL_POLL
04-25 13:00:02.879 I/GonkMemoryPressure(  707): Checking to see if memory pressure is over.
04-25 13:00:02.899 I/GonkMemoryPressure(  707): Memory pressure is over.
04-25 13:00:02.909 I/GonkMemoryPressure(   84): Checking to see if memory pressure is over.
04-25 13:00:02.919 I/GonkMemoryPressure(   84): Memory pressure is over.
04-25 13:00:04.099 I/GonkMemoryPressure(  770): Checking to see if memory pressure is over.
04-25 13:00:04.159 I/GonkMemoryPressure(  770): Memory pressure is over.
04-25 13:00:05.669 I/Gecko   (   84): 
04-25 13:00:05.669 I/Gecko   (   84): ###!!! [Parent][MessageChannel] Error: Channel error: cannot send/recv
04-25 13:00:05.669 I/Gecko   (   84): 
04-25 13:00:05.669 W/WifiHW  (   84): wifi_command: SIGNAL_POLL
04-25 13:00:05.819 I/Gecko   (   84): 
04-25 13:00:05.819 I/Gecko   (   84): ###!!! [Parent][MessageChannel] Error: Channel error: cannot send/recv
04-25 13:00:05.819 I/Gecko   (   84): 
04-25 13:00:05.849 I/Gonk    (   84): Setting nice for pid 770 to 18
04-25 13:00:05.849 I/Gonk    (   84): Changed nice for pid 770 from 18 to 18.
04-25 13:00:05.849 I/Gecko   (   84): [Parent 84] WARNING: waitpid failed pid:770 errno:10: file ../../../gecko/ipc/chromium/src/base/process_util_posix.cc, line 254
04-25 13:00:05.869 I/Gonk    (   84): Setting nice for pid 770 to 1
04-25 13:00:05.879 I/Gonk    (   84): Changed nice for pid 770 from 18 to 1.
04-25 13:00:05.899 D/Sensors (   84): activate handle=0; drv=0
04-25 13:00:05.899 D/Sensors (   84): Lis3dhSensor: Control set 0
04-25 13:00:05.899 D/Sensors (   84): Lis3dhSensor: mEnabled = 0
04-25 13:00:05.899 E/GeckoConsole(   84): [JavaScript Error: "[Exception... "Component returned failure code: 0x80070057 (NS_ERROR_ILLEGAL_VALUE) [nsIXPCComponents_Utils.isDeadWrapper]"  nsresult: "0x80070057 (NS_ERROR_ILLEGAL_VALUE)"  location: "JS frame :: resource://gre/modules/BrowserElementParent.jsm :: BrowserElementParent.prototype._isAlive :: line 34"  data: no]" {file: "resource://gre/modules/BrowserElementParent.jsm" line: 34}]
04-25 13:00:06.309 I/Gecko   (   84): [Parent 84] WARNING: waitpid failed pid:707 errno:10: file ../../../gecko/ipc/chromium/src/base/process_util_posix.cc, line 254
04-25 13:00:06.329 E/[Gralloc-ERROR](   84): int gralloc_unregister_buffer(const gralloc_module_t*, const native_handle_t*):274 Trying to unregister buffer 0x46145c90 from process 84 that was not created in current process: 84
04-25 13:00:06.329 E/[Gralloc-ERROR](   84): int gralloc_unregister_buffer(const gralloc_module_t*, const native_handle_t*):274 Trying to unregister buffer 0x461931a0 from process 84 that was not created in current process: 84
04-25 13:00:06.349 E/[Gralloc-ERROR](   84): int gralloc_unregister_buffer(const gralloc_module_t*, const native_handle_t*):274 Trying to unregister buffer 0x46193a10 from process 84 that was not created in current process: 84
04-25 13:00:06.349 E/[Gralloc-ERROR](   84): int gralloc_unregister_buffer(const gralloc_module_t*, const native_handle_t*):274 Trying to unregister buffer 0x461d70b0 from process 84 that was not created in current process: 84
04-25 13:00:06.879 I/Gecko   (  770): ###################################### forms.js loaded
04-25 13:00:06.909 I/Gecko   (  770): ############################### browserElementPanning.js loaded
04-25 13:00:06.949 I/Gecko   (  770): ######################## BrowserElementChildPreload.js loaded
04-25 13:00:06.969 E/[Gralloc-ERROR](   84): int gralloc_register_buffer(const gralloc_module_t*, const native_handle_t*):79 Unable to register handle 0x44854290 coming from different process: 84
04-25 13:00:06.999 E/[Gralloc-ERROR](   84): int gralloc_register_buffer(const gralloc_module_t*, const native_handle_t*):79 Unable to register handle 0x44854470 coming from different process: 84
04-25 13:00:07.009 E/[Gralloc-ERROR](   84): int gralloc_register_buffer(const gralloc_module_t*, const native_handle_t*):79 Unable to register handle 0x44854920 coming from different process: 84
04-25 13:00:07.009 E/[Gralloc-ERROR](   84): int gralloc_register_buffer(const gralloc_module_t*, const native_handle_t*):79 Unable to register handle 0x44854a10 coming from different process: 84
04-25 13:00:07.279 E/[Gralloc-ERROR](   84): int gralloc_unregister_buffer(const gralloc_module_t*, const native_handle_t*):274 Trying to unregister buffer 0x44854470 from process 84 that was not created in current process: 84
04-25 13:00:07.279 E/[Gralloc-ERROR](   84): int gralloc_unregister_buffer(const gralloc_module_t*, const native_handle_t*):274 Trying to unregister buffer 0x44854290 from process 84 that was not created in current process: 84
04-25 13:00:07.279 E/[Gralloc-ERROR](   84): int gralloc_unregister_buffer(const gralloc_module_t*, const native_handle_t*):274 Trying to unregister buffer 0x44854a10 from process 84 that was not created in current process: 84
04-25 13:00:07.279 E/[Gralloc-ERROR](   84): int gralloc_unregister_buffer(const gralloc_module_t*, const native_handle_t*):274 Trying to unregister buffer 0x44854920 from process 84 that was not created in current process: 84
04-25 13:00:07.939 I/GonkMemoryPressure(   84): Checking to see if memory pressure is over.
04-25 13:00:07.939 I/GonkMemoryPressure(   84): Memory pressure is over.
04-25 13:00:08.309 I/Gecko   (   84): [Parent 84] WARNING: waitpid failed pid:707 errno:10: file ../../../gecko/ipc/chromium/src/base/process_util_posix.cc, line 254
04-25 13:00:08.309 I/Gecko   (   84): [Parent 84] WARNING: Failed to deliver SIGKILL to 707!(3).: file ../../../gecko/ipc/chromium/src/chrome/common/process_watcher_posix_sigchld.cc, line 118
04-25 13:00:08.749 E/GeckoConsole(  770): Content JS ERROR at app://homescreen.gaiamobile.org/gaia_build_defer_index.js:390 in loadSVConfFileError: Failed parsing singleVariant configuration file [js/singlevariantconf.json]:  [Exception... "File error: Not found"  nsresult: "0x80520012 (NS_ERROR_FILE_NOT_FOUND)"  location: "JS frame :: app://homescreen.gaiamobile.org/gaia_build_defer_index.js :: loadFile :: line 382"  data: no]
04-25 13:00:10.699 W/WifiHW  (   84): wifi_command: SIGNAL_POLL
04-25 13:00:11.059 I/Gonk    (   84): Setting nice for pid 822 to 18
04-25 13:00:11.069 I/Gonk    (   84): Changed nice for pid 822 from 0 to 18.
04-25 13:00:12.139 E/GeckoConsole(  770): Content JS WARN at app://homescreen.gaiamobile.org/gaia_build_defer_index.js:184 in isHiddenApp: Unexpected role when checking hidden app: undefined
04-25 13:00:12.139 E/GeckoConsole(  770): Content JS WARN at app://homescreen.gaiamobile.org/gaia_build_defer_index.js:184 in isHiddenApp: Unexpected role when checking hidden app: undefined
04-25 13:00:12.139 E/GeckoConsole(  770): Content JS WARN at app://homescreen.gaiamobile.org/gaia_build_defer_index.js:184 in isHiddenApp: Unexpected role when checking hidden app: undefined
04-25 13:00:12.139 E/GeckoConsole(  770): Content JS WARN at app://homescreen.gaiamobile.org/gaia_build_defer_index.js:184 in isHiddenApp: Unexpected role when checking hidden app: undefined
04-25 13:00:12.149 E/GeckoConsole(  770): Content JS WARN at app://homescreen.gaiamobile.org/gaia_build_defer_index.js:184 in isHiddenApp: Unexpected role when checking hidden app: undefined
04-25 13:00:12.149 E/GeckoConsole(  770): Content JS WARN at app://homescreen.gaiamobile.org/gaia_build_defer_index.js:184 in isHiddenApp: Unexpected role when checking hidden app: undefined
04-25 13:00:12.149 E/GeckoConsole(  770): Content JS WARN at app://homescreen.gaiamobile.org/gaia_build_defer_index.js:184 in isHiddenApp: Unexpected role when checking hidden app: undefined
04-25 13:00:12.149 E/GeckoConsole(  770): Content JS WARN at app://homescreen.gaiamobile.org/gaia_build_defer_index.js:184 in isHiddenApp: Unexpected role when checking hidden app: undefined
04-25 13:00:12.149 E/GeckoConsole(  770): Content JS WARN at app://homescreen.gaiamobile.org/gaia_build_defer_index.js:184 in isHiddenApp: Unexpected role when checking hidden app: undefined
04-25 13:00:12.149 E/GeckoConsole(  770): Content JS WARN at app://homescreen.gaiamobile.org/gaia_build_defer_index.js:184 in isHiddenApp: Unexpected role when checking hidden app: undefined
04-25 13:00:12.149 E/GeckoConsole(  770): Content JS WARN at app://homescreen.gaiamobile.org/gaia_build_defer_index.js:184 in isHiddenApp: Unexpected role when checking hidden app: undefined
04-25 13:00:12.149 E/GeckoConsole(  770): Content JS WARN at app://homescreen.gaiamobile.org/gaia_build_defer_index.js:184 in isHiddenApp: Unexpected role when checking hidden app: undefined
04-25 13:00:12.149 E/GeckoConsole(  770): Content JS WARN at app://homescreen.gaiamobile.org/gaia_build_defer_index.js:184 in isHiddenApp: Unexpected role when checking hidden app: undefined
04-25 13:00:12.149 E/GeckoConsole(  770): Content JS WARN at app://homescreen.gaiamobile.org/gaia_build_defer_index.js:184 in isHiddenApp: Unexpected role when checking hidden app: undefined
04-25 13:00:12.149 E/GeckoConsole(  770): Content JS WARN at app://homescreen.gaiamobile.org/gaia_build_defer_index.js:184 in isHiddenApp: Unexpected role when checking hidden app: undefined
04-25 13:00:12.149 E/GeckoConsole(  770): Content JS WARN at app://homescreen.gaiamobile.org/gaia_build_defer_index.js:184 in isHiddenApp: Unexpected role when checking hidden app: undefined
04-25 13:00:12.149 E/GeckoConsole(  770): Content JS WARN at app://homescreen.gaiamobile.org/gaia_build_defer_index.js:184 in isHiddenApp: Unexpected role when checking hidden app: undefined
04-25 13:00:12.149 E/GeckoConsole(  770): Content JS WARN at app://homescreen.gaiamobile.org/gaia_build_defer_index.js:184 in isHiddenApp: Unexpected role when checking hidden app: undefined
04-25 13:00:12.159 E/GeckoConsole(  770): Content JS WARN at app://homescreen.gaiamobile.org/gaia_build_defer_index.js:184 in isHiddenApp: Unexpected role when checking hidden app: undefined
04-25 13:00:12.159 E/GeckoConsole(  770): Content JS WARN at app://homescreen.gaiamobile.org/gaia_build_defer_index.js:184 in isHiddenApp: Unexpected role when checking hidden app: undefined
04-25 13:00:12.159 E/GeckoConsole(  770): Content JS WARN at app://homescreen.gaiamobile.org/gaia_build_defer_index.js:184 in isHiddenApp: Unexpected role when checking hidden app: undefined
04-25 13:00:12.159 E/GeckoConsole(  770): Content JS WARN at app://homescreen.gaiamobile.org/gaia_build_defer_index.js:184 in isHiddenApp: Unexpected role when checking hidden app: undefined
04-25 13:00:12.159 E/GeckoConsole(  770): Content JS WARN at app://homescreen.gaiamobile.org/gaia_build_defer_index.js:184 in isHiddenApp: Unexpected role when checking hidden app: undefined
04-25 13:00:12.159 E/GeckoConsole(  770): Content JS WARN at app://homescreen.gaiamobile.org/gaia_build_defer_index.js:184 in isHiddenApp: Unexpected role when checking hidden app: undefined
04-25 13:00:12.159 E/GeckoConsole(  770): Content JS WARN at app://homescreen.gaiamobile.org/gaia_build_defer_index.js:184 in isHiddenApp: Unexpected role when checking hidden app: undefined
04-25 13:00:12.159 E/GeckoConsole(  770): Content JS WARN at app://homescreen.gaiamobile.org/gaia_build_defer_index.js:184 in isHiddenApp: Unexpected role when checking hidden app: undefined
04-25 13:00:12.159 E/GeckoConsole(  770): Content JS WARN at app://homescreen.gaiamobile.org/gaia_build_defer_index.js:184 in isHiddenApp: Unexpected role when checking hidden app: undefined
04-25 13:00:13.869 I/Gecko   (  822): ###################################### forms.js loaded
04-25 13:00:13.919 I/Gecko   (  822): ############################### browserElementPanning.js loaded
04-25 13:00:13.939 I/Gecko   (  822): ######################## BrowserElementChildPreload.js loaded
04-25 13:00:15.709 W/WifiHW  (   84): wifi_command: SIGNAL_POLL
04-25 13:00:20.569 I/Gecko   (   84): 1398456020587	Marionette	INFO	sendToClient: {"from":"0","error":{"message":"timed out","status":28,"stacktrace":null}}, {371da5bb-7ba9-4d16-8504-a1baf6850aaf}, {371da5bb-7ba9-4d16-8504-a1baf6850aaf}
04-25 13:00:20.709 W/WifiHW  (   84): wifi_command: SIGNAL_POLL