--------- beginning of /dev/log/main
04-24 15:14:48.706 I/Gecko   (   84): 1398377688718	Marionette	INFO	sendToClient: {"from":"0","value":"<div><img src=\"blob:b53a4901-7f98-4afe-9567-c31f5002e936\" style=\"visibility: visible;\" role=\"presentation\" height=\"64\" width=\"64\"><span class=\"labelWrapper\"><span>Music</span></span></div><span data-is-icon=\"true\" class=\"options\"></span>"}, {2b8ff8d8-a254-4bf3-b541-6daa838c6799}, {2b8ff8d8-a254-4bf3-b541-6daa838c6799}
04-24 15:14:48.726 I/Gecko   (   84): 1398377688739	Marionette	INFO	sendToClient: {"from":"0","value":"<div><img src=\"blob:b8e6b1cb-2de6-489e-9711-e6c003cd6d03\" style=\"visibility: visible;\" role=\"presentation\" height=\"64\" width=\"64\"><span class=\"labelWrapper\"><span>Showbiz</span></span></div><span data-is-icon=\"true\" class=\"options\"></span>"}, {8dbdb119-beb3-422f-9b05-9515ac2b6e0b}, {8dbdb119-beb3-422f-9b05-9515ac2b6e0b}
04-24 15:14:48.736 I/Gecko   (   84): 1398377688750	Marionette	INFO	sendToClient: {"from":"0","value":"<div><img src=\"blob:0647d1fd-8c18-4fc5-82b5-ab003080264f\" style=\"visibility: visible;\" role=\"presentation\" height=\"64\" width=\"64\"><span class=\"labelWrapper\"><span>Camera</span></span></div>"}, {8af7e1e0-23e6-4df4-be88-ce5145783db8}, {8af7e1e0-23e6-4df4-be88-ce5145783db8}
04-24 15:14:48.746 I/Gecko   (   84): 1398377688761	Marionette	INFO	sendToClient: {"from":"0","value":"<div><img src=\"blob:afd73d8b-bbef-47fe-8bab-9d99a714d1d3\" style=\"visibility: visible;\" role=\"presentation\" height=\"64\" width=\"64\"><span class=\"labelWrapper\"><span>Gallery</span></span></div>"}, {9117ea26-8cfa-4ef0-9567-4139eff5e139}, {9117ea26-8cfa-4ef0-9567-4139eff5e139}
04-24 15:14:48.776 I/Gecko   (   84): 1398377688786	Marionette	INFO	sendToClient: {"from":"0","value":"<div><img src=\"blob:52d27e3d-a8e7-4661-ae9b-21e432854d5d\" style=\"visibility: visible;\" role=\"presentation\" height=\"64\" width=\"64\"><span class=\"labelWrapper\"><span>FM Radio</span></span></div>"}, {a344c39b-18e5-4231-9191-1d7e605f1ea2}, {a344c39b-18e5-4231-9191-1d7e605f1ea2}
04-24 15:14:48.786 I/Gecko   (   84): 1398377688796	Marionette	INFO	sendToClient: {"from":"0","value":"<div><img src=\"blob:c93d0997-97e6-4cf4-8503-880ddc4937dd\" style=\"visibility: visible;\" role=\"presentation\" height=\"64\" width=\"64\"><span class=\"labelWrapper\"><span>Settings</span></span></div>"}, {bcebd4c4-a902-45fe-bd99-e064685ab0ce}, {bcebd4c4-a902-45fe-bd99-e064685ab0ce}
04-24 15:14:48.796 I/Gecko   (   84): 1398377688806	Marionette	INFO	sendToClient: {"from":"0","value":"<div><img src=\"blob:f5f225d4-25c6-403d-8f9b-f2ed98916e5c\" style=\"visibility: visible;\" role=\"presentation\" height=\"64\" width=\"64\"><span class=\"labelWrapper\"><span>Marketplace</span></span></div>"}, {5f2a370f-8058-4ddd-88e1-4d4f21bd4937}, {5f2a370f-8058-4ddd-88e1-4d4f21bd4937}
04-24 15:14:48.806 I/Gecko   (   84): 1398377688817	Marionette	INFO	sendToClient: {"from":"0","value":"<div><img src=\"blob:3f4b9a60-a91f-4259-9c13-d1bc5a6f15af\" style=\"visibility: visible;\" role=\"presentation\" height=\"64\" width=\"64\"><span class=\"labelWrapper\"><span>Calendar</span></span></div>"}, {eb95ce65-e3a5-4ac8-927b-73ce8dfc9fdb}, {eb95ce65-e3a5-4ac8-927b-73ce8dfc9fdb}
04-24 15:14:48.816 I/Gecko   (   84): 1398377688828	Marionette	INFO	sendToClient: {"from":"0","value":"<div><img src=\"blob:7c956551-48b3-41dc-a00c-c7a9143d7850\" style=\"visibility: visible;\" role=\"presentation\" height=\"64\" width=\"64\"><span class=\"labelWrapper\"><span>Clock</span></span></div>"}, {079e7910-4a08-4a02-a517-f32f13e53eaf}, {079e7910-4a08-4a02-a517-f32f13e53eaf}
04-24 15:14:48.916 I/Gecko   (   84): 1398377688930	Marionette	INFO	sendToClient: {"from":"0","value":"<div><img src=\"blob:3808dbe3-4910-4ccb-9cd7-d0e61a3e4c1e\" style=\"visibility: visible;\" role=\"presentation\" height=\"64\" width=\"64\"><span class=\"labelWrapper\"><span>Usage</span></span></div>"}, {66d58bb7-0e11-4a3e-b197-830fa4158635}, {66d58bb7-0e11-4a3e-b197-830fa4158635}
04-24 15:14:48.926 I/Gecko   (   84): 1398377688942	Marionette	INFO	sendToClient: {"from":"0","value":"<div><img src=\"blob:bc30e6f5-d19e-44f2-9fdd-aeb22d384e3c\" style=\"visibility: visible;\" role=\"presentation\" height=\"64\" width=\"64\"><span class=\"labelWrapper\"><span>E-Mail</span></span></div>"}, {48ebedb2-1bc5-4db8-b8c5-5c6e770d928f}, {48ebedb2-1bc5-4db8-b8c5-5c6e770d928f}
04-24 15:14:48.946 I/Gecko   (   84): 1398377688961	Marionette	INFO	sendToClient: {"from":"0","value":"<div><img src=\"blob:2b074685-6067-456f-a52b-cdeb8dba4229\" style=\"visibility: visible;\" role=\"presentation\" height=\"64\" width=\"64\"><span class=\"labelWrapper\"><span>Music</span></span></div>"}, {09a704ac-beca-4e7b-b9e3-cc9a06a6835f}, {09a704ac-beca-4e7b-b9e3-cc9a06a6835f}
04-24 15:14:48.966 I/Gecko   (   84): 1398377688980	Marionette	INFO	sendToClient: {"from":"0","value":"<div><img src=\"blob:67cfab88-43aa-44df-a01d-163cfc4c0496\" style=\"visibility: visible;\" role=\"presentation\" height=\"64\" width=\"64\"><span class=\"labelWrapper\"><span>Video</span></span></div>"}, {d999d9ae-9a68-46bf-b70d-511ceff754e9}, {d999d9ae-9a68-46bf-b70d-511ceff754e9}
04-24 15:14:49.016 I/Gecko   (   84): 1398377689023	Marionette	INFO	sendToClient: {"from":"0","value":"<div><img src=\"blob:40eb0879-6817-4c9f-a9aa-0b8b61c1a0a7\" style=\"visibility: visible;\" role=\"presentation\" height=\"64\" width=\"64\"><span class=\"labelWrapper\"><span>ConnectA2</span></span></div><span data-is-icon=\"true\" class=\"options\"></span>"}, {fc16fcd7-2a16-4ac6-83e4-9fbedc264043}, {fc16fcd7-2a16-4ac6-83e4-9fbedc264043}
04-24 15:14:49.046 I/Gecko   (   84): 1398377689058	Marionette	INFO	sendToClient: {"from":"0","value":"<div><img src=\"blob:555f76bf-376b-4437-be2b-0088d5451cbb\" style=\"visibility: visible;\" role=\"presentation\" height=\"64\" width=\"64\"><span class=\"labelWrapper\"><span>BlockedCar</span></span></div><span data-is-icon=\"true\" class=\"options\"></span>"}, {d418c32d-b218-4025-8e42-308df6472f86}, {d418c32d-b218-4025-8e42-308df6472f86}
04-24 15:14:49.066 I/Gecko   (   84): 1398377689078	Marionette	INFO	sendToClient: {"from":"0","value":"<div><img src=\"blob:671064a7-fccd-4d66-938c-bd81cf4c7454\" style=\"visibility: visible;\" role=\"presentation\" height=\"64\" width=\"64\"><span class=\"labelWrapper\"><span>Phone</span></span></div>"}, {5116fe30-fa9a-448a-b29e-273cf07845ce}, {5116fe30-fa9a-448a-b29e-273cf07845ce}
04-24 15:14:49.086 I/Gecko   (   84): 1398377689093	Marionette	INFO	sendToClient: {"from":"0","value":"<div><img src=\"blob:b56e8193-bab1-4586-8bc6-0e747b33ec15\" style=\"visibility: visible;\" role=\"presentation\" height=\"64\" width=\"64\"><span class=\"labelWrapper\"><span>Messages</span></span></div>"}, {aa84cb43-2ea1-4468-8f2d-c2f3f81f9d61}, {aa84cb43-2ea1-4468-8f2d-c2f3f81f9d61}
04-24 15:14:49.096 I/Gecko   (   84): 1398377689103	Marionette	INFO	sendToClient: {"from":"0","value":"<div><img src=\"blob:9bd19ea6-01a4-492c-a72e-3b5d602d53e4\" style=\"visibility: visible;\" role=\"presentation\" height=\"64\" width=\"64\"><span class=\"labelWrapper\"><span>Contacts</span></span></div>"}, {a9aa2bf0-fea6-4f14-8b4a-b4264589bea1}, {a9aa2bf0-fea6-4f14-8b4a-b4264589bea1}
04-24 15:14:49.106 I/Gecko   (   84): 1398377689113	Marionette	INFO	sendToClient: {"from":"0","value":"<div><img src=\"blob:4c0d9b93-b4de-4394-a093-7dd8ef2e01b1\" style=\"visibility: visible;\" role=\"presentation\" height=\"64\" width=\"64\"><span class=\"labelWrapper\"><span>Browser</span></span></div>"}, {dd257f64-0915-4116-8deb-a0705fc4c155}, {dd257f64-0915-4116-8deb-a0705fc4c155}
04-24 15:14:50.926 I/Gecko   ( 1107): ###################################### forms.js loaded
04-24 15:14:50.956 I/Gecko   ( 1107): ############################### browserElementPanning.js loaded
04-24 15:14:50.986 I/Gecko   ( 1107): ######################## BrowserElementChildPreload.js loaded
04-24 15:14:51.136 I/Gecko   (   84): 1398377691149	Marionette	INFO	sendToClient: {"from":"0","value":["{54c20bbf-4ab6-4343-9a12-6e5d5fcef922}","{c150accb-b846-4985-aa50-2c183fb3c85f}","{71d12d10-01c3-4327-b05a-72f504018757}","{94d081c0-f302-4943-a796-d6804856d701}","{e4b8ab37-4b3d-41c9-afda-538ed409e374}","{15b3b022-bb24-4fff-a467-143969db1b17}","{d127c4ca-15dd-4126-a4bf-1ed543901344}","{3dc02537-717a-4057-9249-c9383f6ae04e}","{7de3aba2-92ae-48f2-8b78-ef67d3c80cc1}","{27092920-bb27-463c-84d1-7e2694b16f2f}","{04ab94a5-ae80-4a2f-9b2c-ae7fcf3cb640}","{60e08466-dd34-4020-80b6-ce027ca81fd9}","{22bfef94-5a0f-455f-bb88-e435b7991144}","{e9bebb85-fd03-42b1-89cf-4d9aef06e490}","{49bfa0ba-5617-4a74-8140-8005be91508b}","{d2856175-8342-408f-b88a-c30d098eb90a}","{3db2487f-bcf9-42c6-9049-f3794d076fd8}","{4842a3f0-11ed-4098-9870-940f015d0ea9}","{1524d7e9-1b13-4ab8-b530-bf6a80c790d8}","{01460eaf-ce45-4ce0-a929-3f006f802fd6}","{1d937ce9-7b6f-4e01-969a-390f28cb3c65}"]}, {e02ecac2-9e9f-4a76-b5e8-f9769ecc8cfd}, {e02ecac2-9e9f-4a76-b5e8-f9769ecc8cfd}
04-24 15:14:51.196 I/Gecko   (   84): 1398377691203	Marionette	INFO	sendToClient: {"from":"0","value":"<div><img src=\"blob:1ffdf5e9-04eb-4d39-99e0-128be711d5e0\" style=\"visibility: visible;\" role=\"presentation\" height=\"64\" width=\"64\"><span class=\"labelWrapper\"><span>Social</span></span></div><span data-is-icon=\"true\" class=\"options\"></span>"}, {a9d7cac9-8738-4b8e-a33a-e2eb5ff0d026}, {a9d7cac9-8738-4b8e-a33a-e2eb5ff0d026}
04-24 15:14:51.206 I/Gecko   (   84): 1398377691213	Marionette	INFO	sendToClient: {"from":"0","value":"<div><img src=\"blob:75ea8b2a-f211-410c-9862-29052bdfcb50\" style=\"visibility: visible;\" role=\"presentation\" height=\"64\" width=\"64\"><span class=\"labelWrapper\"><span>Games</span></span></div><span data-is-icon=\"true\" class=\"options\"></span>"}, {1ff6e495-6afa-4cc2-964b-d75bd68127e2}, {1ff6e495-6afa-4cc2-964b-d75bd68127e2}
04-24 15:14:51.216 I/Gecko   (   84): 1398377691223	Marionette	INFO	sendToClient: {"from":"0","value":"<div><img src=\"blob:b53a4901-7f98-4afe-9567-c31f5002e936\" style=\"visibility: visible;\" role=\"presentation\" height=\"64\" width=\"64\"><span class=\"labelWrapper\"><span>Music</span></span></div><span data-is-icon=\"true\" class=\"options\"></span>"}, {5f5693ad-6bcb-404d-9b1d-e4ee0494eabe}, {5f5693ad-6bcb-404d-9b1d-e4ee0494eabe}
04-24 15:14:51.226 I/Gecko   (   84): 1398377691233	Marionette	INFO	sendToClient: {"from":"0","value":"<div><img src=\"blob:b8e6b1cb-2de6-489e-9711-e6c003cd6d03\" style=\"visibility: visible;\" role=\"presentation\" height=\"64\" width=\"64\"><span class=\"labelWrapper\"><span>Showbiz</span></span></div><span data-is-icon=\"true\" class=\"options\"></span>"}, {f76ac58a-5483-40a8-9409-3c44b64e147e}, {f76ac58a-5483-40a8-9409-3c44b64e147e}
04-24 15:14:51.236 I/Gecko   (   84): 1398377691243	Marionette	INFO	sendToClient: {"from":"0","value":"<div><img src=\"blob:0647d1fd-8c18-4fc5-82b5-ab003080264f\" style=\"visibility: visible;\" role=\"presentation\" height=\"64\" width=\"64\"><span class=\"labelWrapper\"><span>Camera</span></span></div>"}, {a5062941-f7cc-4910-8adf-e4fbc0498e0e}, {a5062941-f7cc-4910-8adf-e4fbc0498e0e}
04-24 15:14:51.246 I/Gecko   (   84): 1398377691253	Marionette	INFO	sendToClient: {"from":"0","value":"<div><img src=\"blob:afd73d8b-bbef-47fe-8bab-9d99a714d1d3\" style=\"visibility: visible;\" role=\"presentation\" height=\"64\" width=\"64\"><span class=\"labelWrapper\"><span>Gallery</span></span></div>"}, {fafbf851-a900-400b-9630-80cc05421d28}, {fafbf851-a900-400b-9630-80cc05421d28}
04-24 15:14:51.256 I/Gecko   (   84): 1398377691263	Marionette	INFO	sendToClient: {"from":"0","value":"<div><img src=\"blob:52d27e3d-a8e7-4661-ae9b-21e432854d5d\" style=\"visibility: visible;\" role=\"presentation\" height=\"64\" width=\"64\"><span class=\"labelWrapper\"><span>FM Radio</span></span></div>"}, {cb61b9bb-5f86-4595-b48d-10f9fd06a621}, {cb61b9bb-5f86-4595-b48d-10f9fd06a621}
04-24 15:14:51.266 I/Gecko   (   84): 1398377691277	Marionette	INFO	sendToClient: {"from":"0","value":"<div><img src=\"blob:c93d0997-97e6-4cf4-8503-880ddc4937dd\" style=\"visibility: visible;\" role=\"presentation\" height=\"64\" width=\"64\"><span class=\"labelWrapper\"><span>Settings</span></span></div>"}, {dac8e299-b083-4435-91cf-56fbae57f19e}, {dac8e299-b083-4435-91cf-56fbae57f19e}
04-24 15:14:51.276 I/Gecko   (   84): 1398377691288	Marionette	INFO	sendToClient: {"from":"0","value":"<div><img src=\"blob:f5f225d4-25c6-403d-8f9b-f2ed98916e5c\" style=\"visibility: visible;\" role=\"presentation\" height=\"64\" width=\"64\"><span class=\"labelWrapper\"><span>Marketplace</span></span></div>"}, {d018f843-35c7-449e-af8d-890962a1b20d}, {d018f843-35c7-449e-af8d-890962a1b20d}
04-24 15:14:51.296 I/Gecko   (   84): 1398377691310	Marionette	INFO	sendToClient: {"from":"0","value":"<div><img src=\"blob:3f4b9a60-a91f-4259-9c13-d1bc5a6f15af\" style=\"visibility: visible;\" role=\"presentation\" height=\"64\" width=\"64\"><span class=\"labelWrapper\"><span>Calendar</span></span></div>"}, {49b75bb8-51b6-444b-a912-1ef69975ee39}, {49b75bb8-51b6-444b-a912-1ef69975ee39}
04-24 15:14:51.306 I/Gecko   (   84): 1398377691320	Marionette	INFO	sendToClient: {"from":"0","value":"<div><img src=\"blob:7c956551-48b3-41dc-a00c-c7a9143d7850\" style=\"visibility: visible;\" role=\"presentation\" height=\"64\" width=\"64\"><span class=\"labelWrapper\"><span>Clock</span></span></div>"}, {3ddc11ce-7fe4-4216-ad77-f24617877340}, {3ddc11ce-7fe4-4216-ad77-f24617877340}
04-24 15:14:51.326 I/Gecko   (   84): 1398377691334	Marionette	INFO	sendToClient: {"from":"0","value":"<div><img src=\"blob:3808dbe3-4910-4ccb-9cd7-d0e61a3e4c1e\" style=\"visibility: visible;\" role=\"presentation\" height=\"64\" width=\"64\"><span class=\"labelWrapper\"><span>Usage</span></span></div>"}, {90577efd-018c-4568-9f77-6ca465024c3c}, {90577efd-018c-4568-9f77-6ca465024c3c}
04-24 15:14:51.346 I/Gecko   (   84): 1398377691356	Marionette	INFO	sendToClient: {"from":"0","value":"<div><img src=\"blob:bc30e6f5-d19e-44f2-9fdd-aeb22d384e3c\" style=\"visibility: visible;\" role=\"presentation\" height=\"64\" width=\"64\"><span class=\"labelWrapper\"><span>E-Mail</span></span></div>"}, {6c7005b9-80f7-4668-96e2-f67c9792cbf5}, {6c7005b9-80f7-4668-96e2-f67c9792cbf5}
04-24 15:14:51.356 I/Gecko   (   84): 1398377691367	Marionette	INFO	sendToClient: {"from":"0","value":"<div><img src=\"blob:2b074685-6067-456f-a52b-cdeb8dba4229\" style=\"visibility: visible;\" role=\"presentation\" height=\"64\" width=\"64\"><span class=\"labelWrapper\"><span>Music</span></span></div>"}, {e10e5e17-30e5-4146-be63-6478f56bacf3}, {e10e5e17-30e5-4146-be63-6478f56bacf3}
04-24 15:14:51.366 I/Gecko   (   84): 1398377691377	Marionette	INFO	sendToClient: {"from":"0","value":"<div><img src=\"blob:67cfab88-43aa-44df-a01d-163cfc4c0496\" style=\"visibility: visible;\" role=\"presentation\" height=\"64\" width=\"64\"><span class=\"labelWrapper\"><span>Video</span></span></div>"}, {7ae9b510-9b8d-478a-b98b-e95767937efa}, {7ae9b510-9b8d-478a-b98b-e95767937efa}
04-24 15:14:51.376 I/Gecko   (   84): 1398377691387	Marionette	INFO	sendToClient: {"from":"0","value":"<div><img src=\"blob:40eb0879-6817-4c9f-a9aa-0b8b61c1a0a7\" style=\"visibility: visible;\" role=\"presentation\" height=\"64\" width=\"64\"><span class=\"labelWrapper\"><span>ConnectA2</span></span></div><span data-is-icon=\"true\" class=\"options\"></span>"}, {fa53406b-bc51-4914-9dc6-86033f07f144}, {fa53406b-bc51-4914-9dc6-86033f07f144}
04-24 15:14:51.396 I/Gecko   (   84): 1398377691409	Marionette	INFO	sendToClient: {"from":"0","value":"<div><img src=\"blob:555f76bf-376b-4437-be2b-0088d5451cbb\" style=\"visibility: visible;\" role=\"presentation\" height=\"64\" width=\"64\"><span class=\"labelWrapper\"><span>BlockedCar</span></span></div><span data-is-icon=\"true\" class=\"options\"></span>"}, {c590af6d-91f6-4f28-9545-045d58aa26e3}, {c590af6d-91f6-4f28-9545-045d58aa26e3}
04-24 15:14:51.406 I/Gecko   (   84): 1398377691419	Marionette	INFO	sendToClient: {"from":"0","value":"<div><img src=\"blob:671064a7-fccd-4d66-938c-bd81cf4c7454\" style=\"visibility: visible;\" role=\"presentation\" height=\"64\" width=\"64\"><span class=\"labelWrapper\"><span>Phone</span></span></div>"}, {27fa1087-4be4-4d1d-9e22-c38cbfbe124e}, {27fa1087-4be4-4d1d-9e22-c38cbfbe124e}
04-24 15:14:51.416 I/Gecko   (   84): 1398377691430	Marionette	INFO	sendToClient: {"from":"0","value":"<div><img src=\"blob:b56e8193-bab1-4586-8bc6-0e747b33ec15\" style=\"visibility: visible;\" role=\"presentation\" height=\"64\" width=\"64\"><span class=\"labelWrapper\"><span>Messages</span></span></div>"}, {166338db-012c-423e-b4c0-919d3e78b1a9}, {166338db-012c-423e-b4c0-919d3e78b1a9}
04-24 15:14:51.426 I/Gecko   (   84): 1398377691442	Marionette	INFO	sendToClient: {"from":"0","value":"<div><img src=\"blob:9bd19ea6-01a4-492c-a72e-3b5d602d53e4\" style=\"visibility: visible;\" role=\"presentation\" height=\"64\" width=\"64\"><span class=\"labelWrapper\"><span>Contacts</span></span></div>"}, {4034330a-a2f3-4b97-b318-0c3688f4c1cd}, {4034330a-a2f3-4b97-b318-0c3688f4c1cd}
04-24 15:14:51.436 I/Gecko   (   84): 1398377691452	Marionette	INFO	sendToClient: {"from":"0","value":"<div><img src=\"blob:4c0d9b93-b4de-4394-a093-7dd8ef2e01b1\" style=\"visibility: visible;\" role=\"presentation\" height=\"64\" width=\"64\"><span class=\"labelWrapper\"><span>Browser</span></span></div>"}, {adc05158-2ef0-4b75-9101-6cd448d2d3e1}, {adc05158-2ef0-4b75-9101-6cd448d2d3e1}
04-24 15:14:53.076 W/WifiHW  (   84): wifi_command: SIGNAL_POLL
04-24 15:14:53.526 I/Gecko   (   84): 1398377693540	Marionette	INFO	sendToClient: {"from":"0","value":["{54c20bbf-4ab6-4343-9a12-6e5d5fcef922}","{c150accb-b846-4985-aa50-2c183fb3c85f}","{71d12d10-01c3-4327-b05a-72f504018757}","{94d081c0-f302-4943-a796-d6804856d701}","{e4b8ab37-4b3d-41c9-afda-538ed409e374}","{15b3b022-bb24-4fff-a467-143969db1b17}","{d127c4ca-15dd-4126-a4bf-1ed543901344}","{3dc02537-717a-4057-9249-c9383f6ae04e}","{7de3aba2-92ae-48f2-8b78-ef67d3c80cc1}","{27092920-bb27-463c-84d1-7e2694b16f2f}","{04ab94a5-ae80-4a2f-9b2c-ae7fcf3cb640}","{60e08466-dd34-4020-80b6-ce027ca81fd9}","{22bfef94-5a0f-455f-bb88-e435b7991144}","{e9bebb85-fd03-42b1-89cf-4d9aef06e490}","{49bfa0ba-5617-4a74-8140-8005be91508b}","{d2856175-8342-408f-b88a-c30d098eb90a}","{3db2487f-bcf9-42c6-9049-f3794d076fd8}","{4842a3f0-11ed-4098-9870-940f015d0ea9}","{1524d7e9-1b13-4ab8-b530-bf6a80c790d8}","{01460eaf-ce45-4ce0-a929-3f006f802fd6}","{1d937ce9-7b6f-4e01-969a-390f28cb3c65}"]}, {0fb840b1-2d51-4b6f-a830-57ead1061593}, {0fb840b1-2d51-4b6f-a830-57ead1061593}
04-24 15:14:53.566 I/Gecko   (   84): 1398377693578	Marionette	INFO	sendToClient: {"from":"0","value":"<div><img src=\"blob:1ffdf5e9-04eb-4d39-99e0-128be711d5e0\" style=\"visibility: visible;\" role=\"presentation\" height=\"64\" width=\"64\"><span class=\"labelWrapper\"><span>Social</span></span></div><span data-is-icon=\"true\" class=\"options\"></span>"}, {13809602-1bf5-4906-882a-17bc10457065}, {13809602-1bf5-4906-882a-17bc10457065}
04-24 15:14:53.576 I/Gecko   (   84): 1398377693588	Marionette	INFO	sendToClient: {"from":"0","value":"<div><img src=\"blob:75ea8b2a-f211-410c-9862-29052bdfcb50\" style=\"visibility: visible;\" role=\"presentation\" height=\"64\" width=\"64\"><span class=\"labelWrapper\"><span>Games</span></span></div><span data-is-icon=\"true\" class=\"options\"></span>"}, {0eacbf0b-0910-4280-9277-e27059fbb475}, {0eacbf0b-0910-4280-9277-e27059fbb475}
04-24 15:14:53.586 I/Gecko   (   84): 1398377693598	Marionette	INFO	sendToClient: {"from":"0","value":"<div><img src=\"blob:b53a4901-7f98-4afe-9567-c31f5002e936\" style=\"visibility: visible;\" role=\"presentation\" height=\"64\" width=\"64\"><span class=\"labelWrapper\"><span>Music</span></span></div><span data-is-icon=\"true\" class=\"options\"></span>"}, {809ec1eb-0254-48d3-8f22-58092306179e}, {809ec1eb-0254-48d3-8f22-58092306179e}
04-24 15:14:53.646 I/Gecko   (   84): 1398377693655	Marionette	INFO	sendToClient: {"from":"0","value":"<div><img src=\"blob:b8e6b1cb-2de6-489e-9711-e6c003cd6d03\" style=\"visibility: visible;\" role=\"presentation\" height=\"64\" width=\"64\"><span class=\"labelWrapper\"><span>Showbiz</span></span></div><span data-is-icon=\"true\" class=\"options\"></span>"}, {f7716e33-e7a0-4a11-8506-f8c67bc11bf7}, {f7716e33-e7a0-4a11-8506-f8c67bc11bf7}
04-24 15:14:53.656 I/Gecko   (   84): 1398377693666	Marionette	INFO	sendToClient: {"from":"0","value":"<div><img src=\"blob:0647d1fd-8c18-4fc5-82b5-ab003080264f\" style=\"visibility: visible;\" role=\"presentation\" height=\"64\" width=\"64\"><span class=\"labelWrapper\"><span>Camera</span></span></div>"}, {4ffad123-41a6-48c4-a50a-6474030ca55d}, {4ffad123-41a6-48c4-a50a-6474030ca55d}
04-24 15:14:53.666 I/Gecko   (   84): 1398377693677	Marionette	INFO	sendToClient: {"from":"0","value":"<div><img src=\"blob:afd73d8b-bbef-47fe-8bab-9d99a714d1d3\" style=\"visibility: visible;\" role=\"presentation\" height=\"64\" width=\"64\"><span class=\"labelWrapper\"><span>Gallery</span></span></div>"}, {494ef3d4-e43e-4d36-b298-caeea6b9cfdc}, {494ef3d4-e43e-4d36-b298-caeea6b9cfdc}
04-24 15:14:53.676 I/Gecko   (   84): 1398377693686	Marionette	INFO	sendToClient: {"from":"0","value":"<div><img src=\"blob:52d27e3d-a8e7-4661-ae9b-21e432854d5d\" style=\"visibility: visible;\" role=\"presentation\" height=\"64\" width=\"64\"><span class=\"labelWrapper\"><span>FM Radio</span></span></div>"}, {9f9e4ef0-b85e-484f-a0bc-8f62c761c4fc}, {9f9e4ef0-b85e-484f-a0bc-8f62c761c4fc}
04-24 15:14:53.686 I/Gecko   (   84): 1398377693696	Marionette	INFO	sendToClient: {"from":"0","value":"<div><img src=\"blob:c93d0997-97e6-4cf4-8503-880ddc4937dd\" style=\"visibility: visible;\" role=\"presentation\" height=\"64\" width=\"64\"><span class=\"labelWrapper\"><span>Settings</span></span></div>"}, {305f0364-e5b1-41ce-8851-298171af71b8}, {305f0364-e5b1-41ce-8851-298171af71b8}
04-24 15:14:53.696 I/Gecko   (   84): 1398377693706	Marionette	INFO	sendToClient: {"from":"0","value":"<div><img src=\"blob:f5f225d4-25c6-403d-8f9b-f2ed98916e5c\" style=\"visibility: visible;\" role=\"presentation\" height=\"64\" width=\"64\"><span class=\"labelWrapper\"><span>Marketplace</span></span></div>"}, {a4fb3d51-8ebb-4b66-992e-3e9a64300fc0}, {a4fb3d51-8ebb-4b66-992e-3e9a64300fc0}
04-24 15:14:53.706 I/Gecko   (   84): 1398377693716	Marionette	INFO	sendToClient: {"from":"0","value":"<div><img src=\"blob:3f4b9a60-a91f-4259-9c13-d1bc5a6f15af\" style=\"visibility: visible;\" role=\"presentation\" height=\"64\" width=\"64\"><span class=\"labelWrapper\"><span>Calendar</span></span></div>"}, {ff79a181-0211-48b1-9dcb-f2c37f030e19}, {ff79a181-0211-48b1-9dcb-f2c37f030e19}
04-24 15:14:53.716 I/Gecko   (   84): 1398377693726	Marionette	INFO	sendToClient: {"from":"0","value":"<div><img src=\"blob:7c956551-48b3-41dc-a00c-c7a9143d7850\" style=\"visibility: visible;\" role=\"presentation\" height=\"64\" width=\"64\"><span class=\"labelWrapper\"><span>Clock</span></span></div>"}, {55444517-e6fa-44dc-af41-fe063c9960fa}, {55444517-e6fa-44dc-af41-fe063c9960fa}
04-24 15:14:53.726 I/Gecko   (   84): 1398377693738	Marionette	INFO	sendToClient: {"from":"0","value":"<div><img src=\"blob:3808dbe3-4910-4ccb-9cd7-d0e61a3e4c1e\" style=\"visibility: visible;\" role=\"presentation\" height=\"64\" width=\"64\"><span class=\"labelWrapper\"><span>Usage</span></span></div>"}, {4892cd25-95f9-4d9f-a572-858551f74270}, {4892cd25-95f9-4d9f-a572-858551f74270}
04-24 15:14:53.796 I/Gecko   (   84): 1398377693806	Marionette	INFO	sendToClient: {"from":"0","value":"<div><img src=\"blob:bc30e6f5-d19e-44f2-9fdd-aeb22d384e3c\" style=\"visibility: visible;\" role=\"presentation\" height=\"64\" width=\"64\"><span class=\"labelWrapper\"><span>E-Mail</span></span></div>"}, {8603b57b-508f-42c4-b34a-8d23e3d90733}, {8603b57b-508f-42c4-b34a-8d23e3d90733}
04-24 15:14:53.806 I/Gecko   (   84): 1398377693816	Marionette	INFO	sendToClient: {"from":"0","value":"<div><img src=\"blob:2b074685-6067-456f-a52b-cdeb8dba4229\" style=\"visibility: visible;\" role=\"presentation\" height=\"64\" width=\"64\"><span class=\"labelWrapper\"><span>Music</span></span></div>"}, {e33818e1-6d3e-4df8-bb54-7801e4588b75}, {e33818e1-6d3e-4df8-bb54-7801e4588b75}
04-24 15:14:53.816 I/Gecko   (   84): 1398377693827	Marionette	INFO	sendToClient: {"from":"0","value":"<div><img src=\"blob:67cfab88-43aa-44df-a01d-163cfc4c0496\" style=\"visibility: visible;\" role=\"presentation\" height=\"64\" width=\"64\"><span class=\"labelWrapper\"><span>Video</span></span></div>"}, {aa17350e-6c33-4a92-8fce-5c71a7e403da}, {aa17350e-6c33-4a92-8fce-5c71a7e403da}
04-24 15:14:53.826 I/Gecko   (   84): 1398377693837	Marionette	INFO	sendToClient: {"from":"0","value":"<div><img src=\"blob:40eb0879-6817-4c9f-a9aa-0b8b61c1a0a7\" style=\"visibility: visible;\" role=\"presentation\" height=\"64\" width=\"64\"><span class=\"labelWrapper\"><span>ConnectA2</span></span></div><span data-is-icon=\"true\" class=\"options\"></span>"}, {d3dfb77c-c685-4566-bc1c-30f3d74819fb}, {d3dfb77c-c685-4566-bc1c-30f3d74819fb}
04-24 15:14:53.856 I/Gecko   (   84): 1398377693862	Marionette	INFO	sendToClient: {"from":"0","value":"<div><img src=\"blob:555f76bf-376b-4437-be2b-0088d5451cbb\" style=\"visibility: visible;\" role=\"presentation\" height=\"64\" width=\"64\"><span class=\"labelWrapper\"><span>BlockedCar</span></span></div><span data-is-icon=\"true\" class=\"options\"></span>"}, {4bf92734-3cd2-4e53-8d3c-f126acef735a}, {4bf92734-3cd2-4e53-8d3c-f126acef735a}
04-24 15:14:53.856 I/Gecko   (   84): 1398377693872	Marionette	INFO	sendToClient: {"from":"0","value":"<div><img src=\"blob:671064a7-fccd-4d66-938c-bd81cf4c7454\" style=\"visibility: visible;\" role=\"presentation\" height=\"64\" width=\"64\"><span class=\"labelWrapper\"><span>Phone</span></span></div>"}, {b3186918-656f-45a1-9071-61cc739ff7c9}, {b3186918-656f-45a1-9071-61cc739ff7c9}
04-24 15:14:53.866 I/Gecko   (   84): 1398377693882	Marionette	INFO	sendToClient: {"from":"0","value":"<div><img src=\"blob:b56e8193-bab1-4586-8bc6-0e747b33ec15\" style=\"visibility: visible;\" role=\"presentation\" height=\"64\" width=\"64\"><span class=\"labelWrapper\"><span>Messages</span></span></div>"}, {be703abd-caaa-40d5-b600-c866d5080314}, {be703abd-caaa-40d5-b600-c866d5080314}
04-24 15:14:53.876 I/Gecko   (   84): 1398377693892	Marionette	INFO	sendToClient: {"from":"0","value":"<div><img src=\"blob:9bd19ea6-01a4-492c-a72e-3b5d602d53e4\" style=\"visibility: visible;\" role=\"presentation\" height=\"64\" width=\"64\"><span class=\"labelWrapper\"><span>Contacts</span></span></div>"}, {5eff0a1f-5fbe-4e2a-863c-99213e992821}, {5eff0a1f-5fbe-4e2a-863c-99213e992821}
04-24 15:14:53.946 I/Gecko   (   84): 1398377693948	Marionette	INFO	sendToClient: {"from":"0","value":"<div><img src=\"blob:4c0d9b93-b4de-4394-a093-7dd8ef2e01b1\" style=\"visibility: visible;\" role=\"presentation\" height=\"64\" width=\"64\"><span class=\"labelWrapper\"><span>Browser</span></span></div>"}, {e49edbe5-4c38-4bcd-89c8-385831229007}, {e49edbe5-4c38-4bcd-89c8-385831229007}
04-24 15:14:53.956 I/Gecko   (   84): 1398377693969	Marionette	INFO	sendToClient: {"from":"0","value":"app://homescreen.gaiamobile.org/index.html#root"}, {bd17fd32-23f5-4c0b-8988-2f868ba3dec6}, {bd17fd32-23f5-4c0b-8988-2f868ba3dec6}
04-24 15:14:53.966 I/Gecko   (   84): 1398377693975	Marionette	DEBUG	Got request: switchToFrame, data: {"to":"0","sessionId":"3-b2g","name":"switchToFrame","parameters":{"id":null,"focus":true}}, id: {eb2b51c4-1a91-485f-ad66-f24b0d2d92d9}
04-24 15:14:53.976 I/Gecko   (   84): 1398377693991	Marionette	INFO	Switched to frame: {"frameValue":null}
04-24 15:14:54.086 I/Gecko   (   84): 1398377694094	Marionette	INFO	sendToClient: {"from":"0","ok":true}, {eb2b51c4-1a91-485f-ad66-f24b0d2d92d9}, {eb2b51c4-1a91-485f-ad66-f24b0d2d92d9}
04-24 15:14:54.086 I/Gecko   (   84): 1398377694101	Marionette	DEBUG	Got request: switchToFrame, data: {"to":"0","sessionId":"3-b2g","name":"switchToFrame","parameters":{"id":null,"focus":true}}, id: {7936a475-20c4-45bf-819d-2eef7ea1d224}
04-24 15:14:54.096 I/Gecko   (   84): 1398377694103	Marionette	INFO	Switched to frame: {"frameValue":null}
04-24 15:14:54.206 I/Gecko   (   84): 1398377694213	Marionette	INFO	sendToClient: {"from":"0","ok":true}, {7936a475-20c4-45bf-819d-2eef7ea1d224}, {7936a475-20c4-45bf-819d-2eef7ea1d224}
04-24 15:14:54.206 I/Gecko   (   84): 1398377694219	Marionette	DEBUG	Got request: executeWithCallback, data: {"to":"0","sessionId":"3-b2g","name":"executeAsyncScript","parameters":{"specialPowers":false,"scriptTimeout":30000,"newSandbox":true,"args":[],"filename":"app_checker.py","script":"GaiaApps.launchWithManifestURL('http://blockedcar.dseffects.com/BlockedCar.webapp')","line":106}}, id: {6f6b7708-e750-4a0b-a2d5-cd57808e879a}
04-24 15:14:54.526 I/Gonk    (   84): Setting nice for pid 1107 to 18
04-24 15:14:54.526 I/Gonk    (   84): Changed nice for pid 1107 from 18 to 18.
04-24 15:14:54.526 I/Gecko   (   84): [Parent 84] WARNING: waitpid failed pid:1107 errno:10: file ../../../gecko/ipc/chromium/src/base/process_util_posix.cc, line 254
04-24 15:14:54.566 I/Gonk    (   84): Setting nice for pid 1107 to 1
04-24 15:14:54.566 I/Gonk    (   84): Changed nice for pid 1107 from 18 to 1.
04-24 15:14:54.586 E/GeckoConsole(   84): Content JS LOG at dummy file:334 in GaiaApps.launch: launching app with name 'BlockedCar'
04-24 15:14:54.986 D/Sensors (   84): activate handle=0; drv=0
04-24 15:14:54.996 D/Sensors (   84): Lis3dhSensor: Control set 1
04-24 15:14:54.996 D/Sensors (   84): Lis3dhSensor: mEnabled = 1
04-24 15:14:55.046 E/[Gralloc-ERROR](   84): int gralloc_register_buffer(const gralloc_module_t*, const native_handle_t*):79 Unable to register handle 0x48285b50 coming from different process: 84
04-24 15:14:55.096 E/[Gralloc-ERROR](   84): int gralloc_register_buffer(const gralloc_module_t*, const native_handle_t*):79 Unable to register handle 0x45d89330 coming from different process: 84
04-24 15:14:55.126 E/[Gralloc-ERROR](   84): int gralloc_register_buffer(const gralloc_module_t*, const native_handle_t*):79 Unable to register handle 0x482ef830 coming from different process: 84
04-24 15:14:55.126 E/[Gralloc-ERROR](   84): int gralloc_register_buffer(const gralloc_module_t*, const native_handle_t*):79 Unable to register handle 0x482ef8d0 coming from different process: 84
04-24 15:14:55.326 I/Gonk    (   84): Setting nice for pid 1083 to 18
04-24 15:14:55.326 I/Gonk    (   84): Changed nice for pid 1083 from 1 to 18.
04-24 15:14:55.996 I/Gecko   (   84): [Parent 84] WARNING: pipe error (131): Connection reset by peer: file ../../../gecko/ipc/chromium/src/chrome/common/ipc_channel_posix.cc, line 446
04-24 15:14:56.006 I/Gecko   (   84): 
04-24 15:14:56.006 I/Gecko   (   84): ###!!! [Parent][MessageChannel] Error: Channel error: cannot send/recv
04-24 15:14:56.006 I/Gecko   (   84): 
04-24 15:14:56.016 E/GeckoConsole(   84): [JavaScript Error: "[Exception... "Component returned failure code: 0x80070057 (NS_ERROR_ILLEGAL_VALUE) [nsIXPCComponents_Utils.isDeadWrapper]"  nsresult: "0x80070057 (NS_ERROR_ILLEGAL_VALUE)"  location: "JS frame :: resource://gre/modules/BrowserElementParent.jsm :: BrowserElementParent.prototype._isAlive :: line 34"  data: no]" {file: "resource://gre/modules/BrowserElementParent.jsm" line: 34}]
04-24 15:14:56.086 I/Gecko   (   84): [Parent 84] WARNING: waitpid failed pid:1083 errno:10: file ../../../gecko/ipc/chromium/src/base/process_util_posix.cc, line 254
04-24 15:14:56.346 E/GeckoConsole( 1107): [JavaScript Warning: "An unbalanced tree was written using document.write() causing data from the network to be reparsed. For more information https://developer.mozilla.org/en/Optimizing_Your_Pages_for_Speculative_Parsing" {file: "http://blockedcar.dseffects.com/BlockedCar.php?pid=6900" line: 68}]
04-24 15:14:56.816 E/GeckoConsole( 1107): [JavaScript Warning: "Unknown property '-moz-border-radius'.  Declaration dropped." {file: "http://blockedcar.dseffects.com/BlockedCar.php?pid=6900" line: 0 column: 18 source: "-moz-border-radius:16px;-webkit-border-radius:16px;"}]
04-24 15:14:57.706 E/GeckoConsole( 1107): [JavaScript Warning: "Unknown property '-moz-opacity'.  Declaration dropped." {file: "http://blockedcar.dseffects.com/BlockedCar.php?pid=6900" line: 0 column: 89 source: "position:absolute;top:448px;left:67px;visibility:visible;z-Index:2;opacity:1;-moz-opacity:1;filter:alpha(opacity=100);background-color:#000000;border:1px solid #000;width:250px;height:16px;font-size:12px;color:#ffffff;text-align:center;-moz-border-radius:8;-webkit-border-radius:8px;"}]
04-24 15:14:57.716 E/GeckoConsole( 1107): [JavaScript Warning: "Expected 'none' or URL but found 'alpha('.  Error in parsing value for 'filter'.  Declaration dropped." {file: "http://blockedcar.dseffects.com/BlockedCar.php?pid=6900" line: 0 column: 99 source: "position:absolute;top:448px;left:67px;visibility:visible;z-Index:2;opacity:1;-moz-opacity:1;filter:alpha(opacity=100);background-color:#000000;border:1px solid #000;width:250px;height:16px;font-size:12px;color:#ffffff;text-align:center;-moz-border-radius:8;-webkit-border-radius:8px;"}]
04-24 15:14:57.716 E/GeckoConsole( 1107): [JavaScript Warning: "Unknown property '-moz-border-radius'.  Declaration dropped." {file: "http://blockedcar.dseffects.com/BlockedCar.php?pid=6900" line: 0 column: 254 source: "position:absolute;top:448px;left:67px;visibility:visible;z-Index:2;opacity:1;-moz-opacity:1;filter:alpha(opacity=100);background-color:#000000;border:1px solid #000;width:250px;height:16px;font-size:12px;color:#ffffff;text-align:center;-moz-border-radius:8;-webkit-border-radius:8px;"}]
04-24 15:14:57.716 E/GeckoConsole( 1107): [JavaScript Warning: "Unknown property '-moz-opacity'.  Declaration dropped." {file: "http://blockedcar.dseffects.com/BlockedCar.php?pid=6900" line: 0 column: 89 source: "position:absolute;top:448px;left:67px;visibility:visible;z-Index:3;opacity:1;-moz-opacity:1;filter:alpha(opacity=100);background-color:#00bfdf;width:0px;height:16px;-moz-border-radius:8;-webkit-border-radius:8px;"}]
04-24 15:14:57.716 E/GeckoConsole( 1107): [JavaScript Warning: "Expected 'none' or URL but found 'alpha('.  Error in parsing value for 'filter'.  Declaration dropped." {file: "http://blockedcar.dseffects.com/BlockedCar.php?pid=6900" line: 0 column: 99 source: "position:absolute;top:448px;left:67px;visibility:visible;z-Index:3;opacity:1;-moz-opacity:1;filter:alpha(opacity=100);background-color:#00bfdf;width:0px;height:16px;-moz-border-radius:8;-webkit-border-radius:8px;"}]
04-24 15:14:57.716 E/GeckoConsole( 1107): [JavaScript Warning: "Unknown property '-moz-border-radius'.  Declaration dropped." {file: "http://blockedcar.dseffects.com/BlockedCar.php?pid=6900" line: 0 column: 183 source: "position:absolute;top:448px;left:67px;visibility:visible;z-Index:3;opacity:1;-moz-opacity:1;filter:alpha(opacity=100);background-color:#00bfdf;width:0px;height:16px;-moz-border-radius:8;-webkit-border-radius:8px;"}]
04-24 15:14:57.926 E/GeckoConsole( 1107): [JavaScript Warning: "Unknown property '-moz-opacity'.  Declaration dropped." {file: "http://blockedcar.dseffects.com/BlockedCar.php?pid=6900" line: 0 column: 87 source: "position:absolute;top:0px;left:0px;z-Index:1;visibility:hidden;opacity:0.6;-moz-opacity:0.6;filter:alpha(opacity=60);"}]
04-24 15:14:57.926 E/GeckoConsole( 1107): [JavaScript Warning: "Expected 'none' or URL but found 'alpha('.  Error in parsing value for 'filter'.  Declaration dropped." {file: "http://blockedcar.dseffects.com/BlockedCar.php?pid=6900" line: 0 column: 99 source: "position:absolute;top:0px;left:0px;z-Index:1;visibility:hidden;opacity:0.6;-moz-opacity:0.6;filter:alpha(opacity=60);"}]
04-24 15:14:58.086 I/Gecko   (   84): [Parent 84] WARNING: waitpid failed pid:1083 errno:10: file ../../../gecko/ipc/chromium/src/base/process_util_posix.cc, line 254
04-24 15:14:58.086 I/Gecko   (   84): [Parent 84] WARNING: Failed to deliver SIGKILL to 1083!(3).: file ../../../gecko/ipc/chromium/src/chrome/common/process_watcher_posix_sigchld.cc, line 118
04-24 15:14:58.136 E/GeckoConsole( 1107): [JavaScript Error: "The character encoding of the HTML document was not declared. The document will render with garbled text in some browser configurations if the document contains characters from outside the US-ASCII range. The character encoding of the page must be declared in the document or in the transfer protocol." {file: "http://blockedcar.dseffects.com/BlockedCar.php?pid=6900" line: 0}]
04-24 15:14:58.376 W/WifiHW  (   84): wifi_command: SIGNAL_POLL
04-24 15:15:00.306 I/Gonk    (   84): Setting nice for pid 1149 to 18
04-24 15:15:00.306 I/Gonk    (   84): Changed nice for pid 1149 from 0 to 18.
04-24 15:15:02.286 E/GeckoConsole( 1107): [JavaScript Warning: "Unknown property '-moz-border-radius'.  Declaration dropped." {file: "http://blockedcar.dseffects.com/BlockedCar.php?pid=6900" line: 2 column: 184 source: ".fb_dialog{background:rgba(82, 82, 82, .7);position:absolute;top:-10000px;z-index:10001}.fb_reset .fb_dialog_legacy{overflow:visible}.fb_dialog_advanced{padding:10px;-moz-border-radius:8px;-webkit-border-radius:8px;border-radius:8px}.fb_dialog_content{background:#fff;color:#333}.fb_dialog_close_icon{background:url(http://static.ak.fbcdn.net/rsrc.php/v2/yq/r/IE9JII6Z1Ys.png) no-repeat scroll 0 0 transparent;_background-image:url(http://static.ak.fbcdn.net/rsrc.php/v2/yL/r/s816eWC-2sl.gif);cursor:pointer;display:block;height:15px;position:absolute;right:18px;top:17px;width:15px}.fb_dialog_mobile .fb_dialog_close_icon{top:5px;left:5px;right:auto}.fb_dialog_padding{background-color:transparent;position:absolute;width:1px;z-index:-1}.fb_dialog_close_icon:hover{background:url(http://static.ak.fbcdn.net/rsrc.php/v2/yq/r/IE9JII6Z1Ys.png) no-
04-24 15:15:02.306 E/GeckoConsole( 1107): [JavaScript Warning: "Expected 'none' or URL but found 'alpha('.  Error in parsing value for 'filter'.  Declaration dropped." {file: "http://blockedcar.dseffects.com/BlockedCar.php?pid=6900" line: 2 column: 2112 source: ".fb_dialog{background:rgba(82, 82, 82, .7);position:absolute;top:-10000px;z-index:10001}.fb_reset .fb_dialog_legacy{overflow:visible}.fb_dialog_advanced{padding:10px;-moz-border-radius:8px;-webkit-border-radius:8px;border-radius:8px}.fb_dialog_content{background:#fff;color:#333}.fb_dialog_close_icon{background:url(http://static.ak.fbcdn.net/rsrc.php/v2/yq/r/IE9JII6Z1Ys.png) no-repeat scroll 0 0 transparent;_background-image:url(http://static.ak.fbcdn.net/rsrc.php/v2/yL/r/s816eWC-2sl.gif);cursor:pointer;display:block;height:15px;position:absolute;right:18px;top:17px;width:15px}.fb_dialog_mobile .fb_dialog_close_icon{top:5px;left:5px;right:auto}.fb_dialog_padding{background-color:transparent;position:absolute;width:1px;z-index:-1}.fb_dialog_close_icon:hover{background:url(http://static.ak.fbcd
04-24 15:15:02.326 E/GeckoConsole( 1107): [JavaScript Warning: "Error in parsing value for 'background'.  Declaration dropped." {file: "http://blockedcar.dseffects.com/BlockedCar.php?pid=6900" line: 2 column: 3578 source: ".fb_dialog{background:rgba(82, 82, 82, .7);position:absolute;top:-10000px;z-index:10001}.fb_reset .fb_dialog_legacy{overflow:visible}.fb_dialog_advanced{padding:10px;-moz-border-radius:8px;-webkit-border-radius:8px;border-radius:8px}.fb_dialog_content{background:#fff;color:#333}.fb_dialog_close_icon{background:url(http://static.ak.fbcdn.net/rsrc.php/v2/yq/r/IE9JII6Z1Ys.png) no-repeat scroll 0 0 transparent;_background-image:url(http://static.ak.fbcdn.net/rsrc.php/v2/yL/r/s816eWC-2sl.gif);cursor:pointer;display:block;height:15px;position:absolute;right:18px;top:17px;width:15px}.fb_dialog_mobile .fb_dialog_close_icon{top:5px;left:5px;right:auto}.fb_dialog_padding{background-color:transparent;position:absolute;width:1px;z-index:-1}.fb_dialog_close_icon:hover{background:url(http://static.ak.fbcdn.net/rsrc.php/v2/yq/r/IE9JII6Z1Ys.png) 
04-24 15:15:02.326 E/GeckoConsole( 1107): [JavaScript Warning: "Error in parsing value for 'background'.  Declaration dropped." {file: "http://blockedcar.dseffects.com/BlockedCar.php?pid=6900" line: 2 column: 4247 source: ".fb_dialog{background:rgba(82, 82, 82, .7);position:absolute;top:-10000px;z-index:10001}.fb_reset .fb_dialog_legacy{overflow:visible}.fb_dialog_advanced{padding:10px;-moz-border-radius:8px;-webkit-border-radius:8px;border-radius:8px}.fb_dialog_content{background:#fff;color:#333}.fb_dialog_close_icon{background:url(http://static.ak.fbcdn.net/rsrc.php/v2/yq/r/IE9JII6Z1Ys.png) no-repeat scroll 0 0 transparent;_background-image:url(http://static.ak.fbcdn.net/rsrc.php/v2/yL/r/s816eWC-2sl.gif);cursor:pointer;display:block;height:15px;position:absolute;right:18px;top:17px;width:15px}.fb_dialog_mobile .fb_dialog_close_icon{top:5px;left:5px;right:auto}.fb_dialog_padding{background-color:transparent;position:absolute;width:1px;z-index:-1}.fb_dialog_close_icon:hover{background:url(http://static.ak.fbcdn.net/rsrc.php/v2/yq/r/IE9JII6Z1Ys.png) 
04-24 15:15:02.326 E/GeckoConsole( 1107): [JavaScript Warning: "Unknown property 'zoom'.  Declaration dropped." {file: "http://blockedcar.dseffects.com/BlockedCar.php?pid=6900" line: 3 column: 475 source: ".fb_iframe_widget{display:inline-block;position:relative}.fb_iframe_widget span{display:inline-block;position:relative;text-align:justify}.fb_iframe_widget iframe{position:absolute}.fb_iframe_widget_lift{z-index:1}.fb_hide_iframes iframe{position:relative;left:-10000px}.fb_iframe_widget_loader{position:relative;display:inline-block}.fb_iframe_widget_fluid{display:inline}.fb_iframe_widget_fluid span{width:100%}.fb_iframe_widget_loader iframe{min-height:32px;z-index:2;zoom:1}.fb_iframe_widget_loader .FB_Loader{background:url(http://static.ak.fbcdn.net/rsrc.php/v2/y9/r/jKEcVPZFk-2.gif) no-repeat;height:32px;width:32px;margin-left:-16px;position:absolute;left:50%;z-index:4}"}]
04-24 15:15:02.326 E/GeckoConsole( 1107): [JavaScript Warning: "Error in parsing value for 'top'.  Declaration dropped." {file: "http://blockedcar.dseffects.com/BlockedCar.php?pid=6900" line: 4 column: 845 source: ".fb_connect_bar_container div,.fb_connect_bar_container span,.fb_connect_bar_container a,.fb_connect_bar_container img,.fb_connect_bar_container strong{background:none;border-spacing:0;border:0;direction:ltr;font-style:normal;font-variant:normal;letter-spacing:normal;line-height:1;margin:0;overflow:visible;padding:0;text-align:left;text-decoration:none;text-indent:0;text-shadow:none;text-transform:none;visibility:visible;white-space:normal;word-spacing:normal;vertical-align:baseline}.fb_connect_bar_container{position:fixed;left:0 !important;right:0 !important;height:42px !important;padding:0 25px !important;margin:0 !important;vertical-align:middle !important;border-bottom:1px solid #333 !important;background:#3b5998 !important;z-index:99999999 !important;overflow:hidden !important}.fb_connect_bar_container_ie6{position:absolute;top:expre
04-24 15:15:03.396 W/WifiHW  (   84): wifi_command: SIGNAL_POLL
04-24 15:15:04.656 E/GeckoConsole( 1107): Content JS WARN at http://connect.facebook.net/en_US/all.js#xfbml=1:53 in i: Invalid App Id: Must be a number or numeric string representing the application id.
04-24 15:15:04.656 E/GeckoConsole( 1107): Content JS WARN at http://connect.facebook.net/en_US/all.js#xfbml=1:53 in i: FB.getLoginStatus() called before calling FB.init().
04-24 15:15:04.876 E/GeckoConsole( 1107): [JavaScript Warning: "Content Security Policy: allow directive is deprecated, use the equivalent default-src directive instead"]
04-24 15:15:04.926 E/GeckoConsole( 1107): [JavaScript Warning: "The X-Content-Security-Policy and X-Content-Security-Report-Only headers will be deprecated in the future. Please use the Content-Security-Policy and Content-Security-Report-Only headers with CSP spec compliant syntax instead." {file: "https://s-static.ak.facebook.com/connect/xd_arbiter/dgdTycPTSRj.js?version=40#channel=f252f6fe27d184&origin=http%3A%2F%2Fblockedcar.dseffects.com" line: 0}]
04-24 15:15:05.626 E/GeckoConsole( 1107): [JavaScript Warning: "Error in parsing value for 'word-break'.  Declaration dropped." {file: "http://googleads.g.doubleclick.net/pagead/ads?client=ca-pub-4043932294023609&output=html&h=60&slotname=2361238819&adk=978157237&w=468&lmt=1398377695&ea=0&flash=0&url=http%3A%2F%2Fblockedcar.dseffects.com%2FBlockedCar.php%3Fpid%3D6900&dt=1398377696491&bpp=106&bdt=556&shv=r20140422&cbv=r20140417&saldr=sa&correlator=1398377699608&frm=20&ga_vid=1489607066.1398377701&ga_sid=1398377701&ga_hid=1203502578&ga_fc=0&u_tz=-420&u_his=1&u_java=0&u_h=480&u_w=320&u_ah=480&u_aw=320&u_cd=16&u_nplug=0&u_nmime=0&dff=sans-serif&dfs=16&adx=-74&ady=0&biw=320&bih=460&eid=317150304&oid=3&rx=0&eae=4&fc=2&vis=1&fu=0&ifi=1&dtd=4331" line: 22 column: 556 source: "#adunit {background-color: #ffffff;height: 60px;width: 468px;}#ads {height: 60px;left: 0px;position: absolute;top: 0px;width: 468px;}#ads ul{list-style: none;}#ads ul li {clear: both;float: left;line-height: 0;overflow: hidden;position: relative;  }#ads table {border-collapse: collapse
04-24 15:15:05.626 E/GeckoConsole( 1107): [JavaScript Warning: "Error in parsing value for 'fill'.  Declaration dropped." {file: "http://googleads.g.doubleclick.net/pagead/ads?client=ca-pub-4043932294023609&output=html&h=60&slotname=2361238819&adk=978157237&w=468&lmt=1398377695&ea=0&flash=0&url=http%3A%2F%2Fblockedcar.dseffects.com%2FBlockedCar.php%3Fpid%3D6900&dt=1398377696491&bpp=106&bdt=556&shv=r20140422&cbv=r20140417&saldr=sa&correlator=1398377699608&frm=20&ga_vid=1489607066.1398377701&ga_sid=1398377701&ga_hid=1203502578&ga_fc=0&u_tz=-420&u_his=1&u_java=0&u_h=480&u_w=320&u_ah=480&u_aw=320&u_cd=16&u_nplug=0&u_nmime=0&dff=sans-serif&dfs=16&adx=-74&ady=0&biw=320&bih=460&eid=317150304&oid=3&rx=0&eae=4&fc=2&vis=1&fu=0&ifi=1&dtd=4331" line: 22 column: 1195 source: "#adunit {background-color: #ffffff;height: 60px;width: 468px;}#ads {height: 60px;left: 0px;position: absolute;top: 0px;width: 468px;}#ads ul{list-style: none;}#ads ul li {clear: both;float: left;line-height: 0;overflow: hidden;position: relative;  }#ads table {border-collapse: collapse;bord
04-24 15:15:07.766 I/Gonk    (   84): Setting nice for pid 1149 to 18
04-24 15:15:07.766 I/Gonk    (   84): Changed nice for pid 1149 from 18 to 18.
04-24 15:15:07.766 I/Gecko   (   84): [Parent 84] WARNING: waitpid failed pid:1149 errno:10: file ../../../gecko/ipc/chromium/src/base/process_util_posix.cc, line 254
04-24 15:15:07.766 I/Gonk    (   84): Setting nice for pid 1149 to 1
04-24 15:15:07.766 I/Gonk    (   84): Changed nice for pid 1149 from 18 to 1.
04-24 15:15:07.796 I/Gonk    (   84): Setting nice for pid 1149 to 18
04-24 15:15:07.796 I/Gonk    (   84): Changed nice for pid 1149 from 1 to 18.
04-24 15:15:08.606 E/GeckoConsole(   84): Content JS LOG at dummy file:326 in GaiaApps.launch/appOpen/<: app with origin 'http://blockedcar.dseffects.com' has launched
04-24 15:15:08.626 I/Gecko   (   84): 1398377708637	Marionette	INFO	sendToClient: {"from":"0","value":{"frame":{"ELEMENT":"{4c0bbe3b-9e68-44dc-84f8-af32077f9e16}"},"src":"http://blockedcar.dseffects.com/BlockedCar.php?pid=6900","name":"BlockedCar","origin":"http://blockedcar.dseffects.com"}}, {6f6b7708-e750-4a0b-a2d5-cd57808e879a}, {6f6b7708-e750-4a0b-a2d5-cd57808e879a}
04-24 15:15:08.726 E/[Gralloc-ERROR](   84): int gralloc_unregister_buffer(const gralloc_module_t*, const native_handle_t*):274 Trying to unregister buffer 0x48285b50 from process 84 that was not created in current process: 84
04-24 15:15:08.726 E/[Gralloc-ERROR](   84): int gralloc_unregister_buffer(const gralloc_module_t*, const native_handle_t*):274 Trying to unregister buffer 0x45d89330 from process 84 that was not created in current process: 84
04-24 15:15:08.726 W/WifiHW  (   84): wifi_command: SIGNAL_POLL
04-24 15:15:08.736 E/[Gralloc-ERROR](   84): int gralloc_unregister_buffer(const gralloc_module_t*, const native_handle_t*):274 Trying to unregister buffer 0x482ef830 from process 84 that was not created in current process: 84
04-24 15:15:08.736 E/[Gralloc-ERROR](   84): int gralloc_unregister_buffer(const gralloc_module_t*, const native_handle_t*):274 Trying to unregister buffer 0x482ef8d0 from process 84 that was not created in current process: 84
04-24 15:15:09.296 I/Gecko   (   84): 1398377709305	Marionette	DEBUG	Got request: switchToFrame, data: {"to":"0","sessionId":"3-b2g","name":"switchToFrame","parameters":{"focus":true,"element":"{4c0bbe3b-9e68-44dc-84f8-af32077f9e16}"}}, id: {a20f561c-8f2e-41db-82e8-f4ee17a8a766}
04-24 15:15:09.356 I/Gecko   (   84): 1398377709372	Marionette	INFO	Switched to frame: {"frameValue":"{4c0bbe3b-9e68-44dc-84f8-af32077f9e16}"}
04-24 15:15:09.426 I/Gecko   (   84): 1398377709434	Marionette	INFO	trying remote frame 0
04-24 15:15:09.446 I/Gecko   (   84): 1398377709459	Marionette	INFO	trying remote frame 1
04-24 15:15:09.476 I/Gecko   (   84): 1398377709485	Marionette	INFO	deleting frame
04-24 15:15:09.516 I/Gecko   (   84): 1398377709523	Marionette	INFO	frame-manager load script: [object ChromeMessageSender]
04-24 15:15:12.856 I/Gecko   ( 1107): No permission to use the keyboard API for http://googleads.g.doubleclick.net
04-24 15:15:13.676 E/Profiler( 1162): BEGIN mozilla_sampler_init
04-24 15:15:13.766 E/Profiler( 1162): BPUnw: [1 total] thread_register_for_profiling(me=0x400bf488, stacktop=0xbed7c9b7)
04-24 15:15:13.766 E/Profiler( 1162): SPS:
04-24 15:15:13.766 E/Profiler( 1162): SPS: Unwind mode       = pseudo
04-24 15:15:13.766 E/Profiler( 1162): SPS: Sampling interval = 0 ms (zero means "platform default")
04-24 15:15:13.766 E/Profiler( 1162): SPS: Entry store size  = 0 (zero means "platform default")
04-24 15:15:13.766 E/Profiler( 1162): SPS: UnwindStackScan   = 0 (max dubious frames per unwind).
04-24 15:15:13.766 E/Profiler( 1162): SPS: Use env var MOZ_PROFILER_MODE=help for further information.
04-24 15:15:13.766 E/Profiler( 1162): SPS:
04-24 15:15:13.766 E/Profiler( 1162): Registering start signal
