--------- beginning of /dev/log/main
04-24 22:06:38.606 E/GeckoConsole( 2356): Content JS WARN at app://homescreen.gaiamobile.org/gaia_build_defer_index.js:184 in isHiddenApp: Unexpected role when checking hidden app: undefined
04-24 22:06:39.666 I/Gecko   (   84): 1398402399677	Marionette	INFO	sendToClient: {"from":"0","value":"<div><img src=\"blob:14901ef5-9f1b-4209-9b58-c6555977f978\" style=\"visibility: visible;\" role=\"presentation\" height=\"64\" width=\"64\"><span class=\"labelWrapper\"><span>Social</span></span></div><span data-is-icon=\"true\" class=\"options\"></span>"}, {f9169772-229d-4680-84a8-6ec63f0d561e}, {f9169772-229d-4680-84a8-6ec63f0d561e}
04-24 22:06:39.886 I/Gecko   (   84): 1398402399893	Marionette	INFO	sendToClient: {"from":"0","value":"<div><img src=\"blob:866636c7-a3f1-4f04-85f7-cb2aecc66d17\" style=\"visibility: visible;\" role=\"presentation\" height=\"64\" width=\"64\"><span class=\"labelWrapper\"><span>Games</span></span></div><span data-is-icon=\"true\" class=\"options\"></span>"}, {231affc3-4e36-4ade-a58e-f4b7920cee43}, {231affc3-4e36-4ade-a58e-f4b7920cee43}
04-24 22:06:39.936 I/Gecko   (   84): 1398402399943	Marionette	INFO	sendToClient: {"from":"0","value":"<div><img src=\"blob:b01c3203-e742-46b0-b849-edbeeded8c82\" style=\"visibility: visible;\" role=\"presentation\" height=\"64\" width=\"64\"><span class=\"labelWrapper\"><span>Music</span></span></div><span data-is-icon=\"true\" class=\"options\"></span>"}, {baeb441e-0c51-4545-8efb-3115655d984f}, {baeb441e-0c51-4545-8efb-3115655d984f}
04-24 22:06:40.056 I/Gecko   (   84): 1398402400062	Marionette	INFO	sendToClient: {"from":"0","value":"<div><img src=\"blob:714d6665-3709-451b-aa7a-440371689cf6\" style=\"visibility: visible;\" role=\"presentation\" height=\"64\" width=\"64\"><span class=\"labelWrapper\"><span>Showbiz</span></span></div><span data-is-icon=\"true\" class=\"options\"></span>"}, {e0c84c3b-88ba-443c-892a-3fb7fd82254a}, {e0c84c3b-88ba-443c-892a-3fb7fd82254a}
04-24 22:06:40.176 I/Gecko   (   84): 1398402400185	Marionette	INFO	sendToClient: {"from":"0","value":"<div><img src=\"blob:21b8caf4-0b02-49d2-a190-dec34cb28c15\" style=\"visibility: visible;\" role=\"presentation\" height=\"64\" width=\"64\"><span class=\"labelWrapper\"><span>Camera</span></span></div>"}, {07751d2b-84ce-4479-918f-9f5066b59e48}, {07751d2b-84ce-4479-918f-9f5066b59e48}
04-24 22:06:40.196 I/Gecko   (   84): 1398402400198	Marionette	INFO	sendToClient: {"from":"0","value":"<div><img src=\"blob:343b47d5-f982-403d-9337-27a287735920\" style=\"visibility: visible;\" role=\"presentation\" height=\"64\" width=\"64\"><span class=\"labelWrapper\"><span>Gallery</span></span></div>"}, {3f25caf1-e3f3-4cfa-9d90-ac8a983dc395}, {3f25caf1-e3f3-4cfa-9d90-ac8a983dc395}
04-24 22:06:40.206 I/Gecko   (   84): 1398402400209	Marionette	INFO	sendToClient: {"from":"0","value":"<div><img src=\"blob:fe6912db-fe3f-450f-af41-67b17708d37a\" style=\"visibility: visible;\" role=\"presentation\" height=\"64\" width=\"64\"><span class=\"labelWrapper\"><span>FM Radio</span></span></div>"}, {fbfbace6-0e45-4c6a-be45-1d380c65e290}, {fbfbace6-0e45-4c6a-be45-1d380c65e290}
04-24 22:06:40.216 I/Gecko   (   84): 1398402400219	Marionette	INFO	sendToClient: {"from":"0","value":"<div><img src=\"blob:a01ddcc2-1c84-4b6f-aec2-12cb74fedcce\" style=\"visibility: visible;\" role=\"presentation\" height=\"64\" width=\"64\"><span class=\"labelWrapper\"><span>Settings</span></span></div>"}, {d6cf8ccd-8150-4f67-9ea0-62194197f3f2}, {d6cf8ccd-8150-4f67-9ea0-62194197f3f2}
04-24 22:06:40.226 I/Gecko   (   84): 1398402400229	Marionette	INFO	sendToClient: {"from":"0","value":"<div><img src=\"blob:7add90a9-66ae-4c73-8eba-3a6f99c19979\" style=\"visibility: visible;\" role=\"presentation\" height=\"64\" width=\"64\"><span class=\"labelWrapper\"><span>Marketplace</span></span></div>"}, {4d5936f4-0701-4459-b0b2-71d8d1d9dca6}, {4d5936f4-0701-4459-b0b2-71d8d1d9dca6}
04-24 22:06:40.236 I/Gecko   (   84): 1398402400240	Marionette	INFO	sendToClient: {"from":"0","value":"<div><img src=\"blob:430688a4-2afc-47f2-abaf-27e4e64516dc\" style=\"visibility: visible;\" role=\"presentation\" height=\"64\" width=\"64\"><span class=\"labelWrapper\"><span>Calendar</span></span></div>"}, {d04d5234-d084-4f59-a51b-df89e0974736}, {d04d5234-d084-4f59-a51b-df89e0974736}
04-24 22:06:40.256 I/Gecko   (   84): 1398402400258	Marionette	INFO	sendToClient: {"from":"0","value":"<div><img src=\"blob:62f972f3-1d3e-4c73-b292-acb542ac82ac\" style=\"visibility: visible;\" role=\"presentation\" height=\"64\" width=\"64\"><span class=\"labelWrapper\"><span>Clock</span></span></div>"}, {49ab7adb-d1af-4b5a-8891-40a07ae7fc32}, {49ab7adb-d1af-4b5a-8891-40a07ae7fc32}
04-24 22:06:40.366 I/Gecko   (   84): 1398402400371	Marionette	INFO	sendToClient: {"from":"0","value":"<div><img src=\"blob:1dcddee9-95cd-430b-afc5-508533f2e524\" style=\"visibility: visible;\" role=\"presentation\" height=\"64\" width=\"64\"><span class=\"labelWrapper\"><span>Usage</span></span></div>"}, {2bc859f4-9dcc-44e2-b863-92661a8ee23a}, {2bc859f4-9dcc-44e2-b863-92661a8ee23a}
04-24 22:06:40.466 I/Gecko   (   84): 1398402400475	Marionette	INFO	sendToClient: {"from":"0","value":"<div><img src=\"blob:38a3bc7f-2944-4e5b-b3fd-5dc877bc451d\" style=\"visibility: visible;\" role=\"presentation\" height=\"64\" width=\"64\"><span class=\"labelWrapper\"><span>E-Mail</span></span></div>"}, {4f5c22ed-3450-4480-a17d-f6ee30a338b5}, {4f5c22ed-3450-4480-a17d-f6ee30a338b5}
04-24 22:06:40.536 I/Gecko   (   84): 1398402400541	Marionette	INFO	sendToClient: {"from":"0","value":"<div><img src=\"blob:e09b3c7f-6dd5-4f2b-96c0-2cb0d5538e37\" style=\"visibility: visible;\" role=\"presentation\" height=\"64\" width=\"64\"><span class=\"labelWrapper\"><span>Music</span></span></div>"}, {9ee426c8-1104-4977-bc32-8f8ee5012bec}, {9ee426c8-1104-4977-bc32-8f8ee5012bec}
04-24 22:06:40.556 I/Gecko   (   84): 1398402400559	Marionette	INFO	sendToClient: {"from":"0","value":"<div><img src=\"blob:e7c0c9c9-0667-47ac-8ff8-ee5f550ef976\" style=\"visibility: visible;\" role=\"presentation\" height=\"64\" width=\"64\"><span class=\"labelWrapper\"><span>Video</span></span></div>"}, {59125b11-4313-49bd-a405-4a305943a41f}, {59125b11-4313-49bd-a405-4a305943a41f}
04-24 22:06:40.576 I/Gecko   (   84): 1398402400582	Marionette	INFO	sendToClient: {"from":"0","value":"<div><img src=\"blob:e73d3691-2423-4116-ad88-e55becdb2b40\" style=\"visibility: visible;\" role=\"presentation\" height=\"64\" width=\"64\"><span class=\"labelWrapper\"><span>ConnectA2</span></span></div><span data-is-icon=\"true\" class=\"options\"></span>"}, {fe8d529a-46ed-4735-8309-0ff76c4a8be1}, {fe8d529a-46ed-4735-8309-0ff76c4a8be1}
04-24 22:06:40.596 I/Gecko   (   84): 1398402400600	Marionette	INFO	sendToClient: {"from":"0","value":"<div><img src=\"blob:d6164c7d-9d5b-4d05-8cff-721ddbb28096\" style=\"visibility: visible;\" role=\"presentation\" height=\"64\" width=\"64\"><span class=\"labelWrapper\"><span>Word Wars</span></span></div><span data-is-icon=\"true\" class=\"options\"></span>"}, {e43bffd7-2dd8-4f28-bde8-d73b88083812}, {e43bffd7-2dd8-4f28-bde8-d73b88083812}
04-24 22:06:40.606 I/Gecko   (   84): 1398402400610	Marionette	INFO	sendToClient: {"from":"0","value":"<div><img src=\"blob:048f4b8f-7351-42d6-9e46-f9ffa105e0be\" style=\"visibility: visible;\" role=\"presentation\" height=\"64\" width=\"64\"><span class=\"labelWrapper\"><span>Rormix</span></span></div><span data-is-icon=\"true\" class=\"options\"></span>"}, {8aaba568-f2ef-4a16-8d84-94efaa0a6d95}, {8aaba568-f2ef-4a16-8d84-94efaa0a6d95}
04-24 22:06:40.626 I/Gecko   (   84): 1398402400630	Marionette	INFO	sendToClient: {"from":"0","value":"<div><img src=\"blob:9ad46dc9-b311-4f75-bdf3-a08937bde4a5\" style=\"visibility: visible;\" role=\"presentation\" height=\"64\" width=\"64\"><span class=\"labelWrapper\"><span>Cheer Up!</span></span></div><span data-is-icon=\"true\" class=\"options\"></span>"}, {5466405b-0c82-46dd-8cff-a357cdc0b463}, {5466405b-0c82-46dd-8cff-a357cdc0b463}
04-24 22:06:40.636 I/Gecko   (   84): 1398402400641	Marionette	INFO	sendToClient: {"from":"0","value":"<div><img src=\"blob:66c9f351-b573-483f-8854-f2bd358e7a85\" style=\"visibility: visible;\" role=\"presentation\" height=\"64\" width=\"64\"><span class=\"labelWrapper mask\"><span>Duck Sounds</span></span></div><span data-is-icon=\"true\" class=\"options\"></span>"}, {7c0455ce-96c8-4233-a4bf-8433713f3de3}, {7c0455ce-96c8-4233-a4bf-8433713f3de3}
04-24 22:06:40.666 I/Gecko   (   84): 1398402400672	Marionette	INFO	sendToClient: {"from":"0","value":"<div><img src=\"blob:d670fb34-2afc-4cbd-af8a-70b5a05a91ee\" style=\"visibility: visible;\" role=\"presentation\" height=\"64\" width=\"64\"><span class=\"labelWrapper mask\"><span>Alarm Sounds</span></span></div><span data-is-icon=\"true\" class=\"options\"></span>"}, {82a8dace-421c-4474-9f96-bba154f2f966}, {82a8dace-421c-4474-9f96-bba154f2f966}
04-24 22:06:40.676 I/Gecko   (   84): 1398402400683	Marionette	INFO	sendToClient: {"from":"0","value":"<div><img src=\"blob:b1ab7f41-25e5-41ff-9995-b7c0bc207025\" style=\"visibility: visible;\" role=\"presentation\" height=\"64\" width=\"64\"><span class=\"labelWrapper mask\"><span>Brick Breaker : The Challenge</span></span></div><span data-is-icon=\"true\" class=\"options\"></span>"}, {e013eea6-74d8-4313-932c-5ba334bd1148}, {e013eea6-74d8-4313-932c-5ba334bd1148}
04-24 22:06:40.686 I/Gecko   (   84): 1398402400693	Marionette	INFO	sendToClient: {"from":"0","value":"<div><img src=\"blob:e58de754-be5f-46ab-b9d2-8333248e5466\" style=\"visibility: visible;\" role=\"presentation\" height=\"64\" width=\"64\"><span class=\"labelWrapper\"><span>Phone</span></span></div>"}, {d588b7ed-fa40-4b5a-b412-e3956c1bee57}, {d588b7ed-fa40-4b5a-b412-e3956c1bee57}
04-24 22:06:40.696 I/Gecko   (   84): 1398402400703	Marionette	INFO	sendToClient: {"from":"0","value":"<div><img src=\"blob:b817ddf2-3e07-4084-bda8-fbbc48dff942\" style=\"visibility: visible;\" role=\"presentation\" height=\"64\" width=\"64\"><span class=\"labelWrapper\"><span>Messages</span></span></div>"}, {4f3562f2-53c4-4ba0-bfa4-b097ed5c2079}, {4f3562f2-53c4-4ba0-bfa4-b097ed5c2079}
04-24 22:06:40.706 I/Gecko   (   84): 1398402400713	Marionette	INFO	sendToClient: {"from":"0","value":"<div><img src=\"blob:be6c58ab-641a-411f-a68f-8c38fd20f921\" style=\"visibility: visible;\" role=\"presentation\" height=\"64\" width=\"64\"><span class=\"labelWrapper\"><span>Contacts</span></span></div>"}, {373096fc-ae54-4c69-84ab-a6719245e602}, {373096fc-ae54-4c69-84ab-a6719245e602}
04-24 22:06:40.716 I/Gecko   (   84): 1398402400723	Marionette	INFO	sendToClient: {"from":"0","value":"<div><img src=\"blob:26b55549-8993-4810-8643-0c00a9abd2f1\" style=\"visibility: visible;\" role=\"presentation\" height=\"64\" width=\"64\"><span class=\"labelWrapper\"><span>Browser</span></span></div>"}, {d87a646e-16d3-4670-9ed4-4963055bc5d4}, {d87a646e-16d3-4670-9ed4-4963055bc5d4}
04-24 22:06:41.936 I/Gecko   ( 2390): ###################################### forms.js loaded
04-24 22:06:41.956 I/Gecko   ( 2390): ############################### browserElementPanning.js loaded
04-24 22:06:42.006 I/Gecko   ( 2390): ######################## BrowserElementChildPreload.js loaded
04-24 22:06:42.746 I/Gecko   (   84): 1398402402757	Marionette	INFO	sendToClient: {"from":"0","value":["{45712a04-7370-4530-bb9b-e736f6a36e0a}","{e47be8ca-ef41-4adc-90d0-e3d2af25dff1}","{e16bcdd0-048c-4d55-b59f-29d15fccc0cb}","{f0b3f274-3c09-48ba-9fcf-f68499f4c5c8}","{17523b8d-9755-4936-be57-133aaac082c0}","{9251865b-ba68-49be-903c-881d9bf4ad40}","{f95b2425-155f-4734-8e33-ed896b0698e2}","{56464375-b880-4c6a-bc4b-d57bab08ad07}","{aee838a6-1bc7-40f0-a1d5-a2ab4e731070}","{9f54e7cc-197f-41bc-9681-77c541fde563}","{62424039-7ab7-459a-851a-e5a1167e44e5}","{4253ffc4-c809-4c59-b0c5-308a4d8ce376}","{0aec58d3-5fc4-407a-8348-1117f66c47cc}","{8b8c8320-0b0c-4b10-93bf-444e4c2ac966}","{473f1f73-1c45-418f-93ad-5f1f573ca5f2}","{92be80df-253a-4a3c-97be-7a4cc50fda3d}","{1fecb2af-0618-4ca6-8f3e-56e4202336eb}","{c0a6ce42-0fce-4127-b4e5-c1b75741a496}","{481a6a12-09d9-4d52-b7bc-9061a44d6301}","{2519e24f-860f-4f2c-8074-3b487c0269cc}","{010aed24-02c8-4b13-85c0-fe1ade051431}","{d78fe4a6-36f8-4b02-b4fb-80ec48b0ffa0}","{05ba2fcb-63c1-40b7-a094-226a5aa24b88}","{b2ebdaa1-d6b2
04-24 22:06:42.786 I/Gecko   (   84): 1398402402789	Marionette	INFO	sendToClient: {"from":"0","value":"<div><img src=\"blob:14901ef5-9f1b-4209-9b58-c6555977f978\" style=\"visibility: visible;\" role=\"presentation\" height=\"64\" width=\"64\"><span class=\"labelWrapper\"><span>Social</span></span></div><span data-is-icon=\"true\" class=\"options\"></span>"}, {c6c4ba82-9d87-4b2f-853e-93f2aeeea770}, {c6c4ba82-9d87-4b2f-853e-93f2aeeea770}
04-24 22:06:42.796 I/Gecko   (   84): 1398402402800	Marionette	INFO	sendToClient: {"from":"0","value":"<div><img src=\"blob:866636c7-a3f1-4f04-85f7-cb2aecc66d17\" style=\"visibility: visible;\" role=\"presentation\" height=\"64\" width=\"64\"><span class=\"labelWrapper\"><span>Games</span></span></div><span data-is-icon=\"true\" class=\"options\"></span>"}, {f48af3b7-6550-4213-8183-421ce179a7dd}, {f48af3b7-6550-4213-8183-421ce179a7dd}
04-24 22:06:42.816 I/Gecko   (   84): 1398402402825	Marionette	INFO	sendToClient: {"from":"0","value":"<div><img src=\"blob:b01c3203-e742-46b0-b849-edbeeded8c82\" style=\"visibility: visible;\" role=\"presentation\" height=\"64\" width=\"64\"><span class=\"labelWrapper\"><span>Music</span></span></div><span data-is-icon=\"true\" class=\"options\"></span>"}, {398fde47-b835-45d5-b8c6-72be7070f990}, {398fde47-b835-45d5-b8c6-72be7070f990}
04-24 22:06:42.826 I/Gecko   (   84): 1398402402835	Marionette	INFO	sendToClient: {"from":"0","value":"<div><img src=\"blob:714d6665-3709-451b-aa7a-440371689cf6\" style=\"visibility: visible;\" role=\"presentation\" height=\"64\" width=\"64\"><span class=\"labelWrapper\"><span>Showbiz</span></span></div><span data-is-icon=\"true\" class=\"options\"></span>"}, {940252c9-33fc-4fba-86d9-66b0fe59d3b1}, {940252c9-33fc-4fba-86d9-66b0fe59d3b1}
04-24 22:06:42.836 I/Gecko   (   84): 1398402402846	Marionette	INFO	sendToClient: {"from":"0","value":"<div><img src=\"blob:21b8caf4-0b02-49d2-a190-dec34cb28c15\" style=\"visibility: visible;\" role=\"presentation\" height=\"64\" width=\"64\"><span class=\"labelWrapper\"><span>Camera</span></span></div>"}, {dd541cb7-6675-425f-9c90-6b3edb06a60f}, {dd541cb7-6675-425f-9c90-6b3edb06a60f}
04-24 22:06:42.856 I/Gecko   (   84): 1398402402859	Marionette	INFO	sendToClient: {"from":"0","value":"<div><img src=\"blob:343b47d5-f982-403d-9337-27a287735920\" style=\"visibility: visible;\" role=\"presentation\" height=\"64\" width=\"64\"><span class=\"labelWrapper\"><span>Gallery</span></span></div>"}, {19cfd909-9d4f-4bdb-ad07-25ccfdc5a777}, {19cfd909-9d4f-4bdb-ad07-25ccfdc5a777}
04-24 22:06:42.866 I/Gecko   (   84): 1398402402870	Marionette	INFO	sendToClient: {"from":"0","value":"<div><img src=\"blob:fe6912db-fe3f-450f-af41-67b17708d37a\" style=\"visibility: visible;\" role=\"presentation\" height=\"64\" width=\"64\"><span class=\"labelWrapper\"><span>FM Radio</span></span></div>"}, {ebf1ccb4-e731-40c4-9f6c-ee1e023b37f5}, {ebf1ccb4-e731-40c4-9f6c-ee1e023b37f5}
04-24 22:06:42.876 I/Gecko   (   84): 1398402402879	Marionette	INFO	sendToClient: {"from":"0","value":"<div><img src=\"blob:a01ddcc2-1c84-4b6f-aec2-12cb74fedcce\" style=\"visibility: visible;\" role=\"presentation\" height=\"64\" width=\"64\"><span class=\"labelWrapper\"><span>Settings</span></span></div>"}, {f7a8db1b-4e2e-4e9c-9de1-560e85bd4f88}, {f7a8db1b-4e2e-4e9c-9de1-560e85bd4f88}
04-24 22:06:42.886 I/Gecko   (   84): 1398402402891	Marionette	INFO	sendToClient: {"from":"0","value":"<div><img src=\"blob:7add90a9-66ae-4c73-8eba-3a6f99c19979\" style=\"visibility: visible;\" role=\"presentation\" height=\"64\" width=\"64\"><span class=\"labelWrapper\"><span>Marketplace</span></span></div>"}, {fb9b31f7-8728-412d-ac11-80a9a2350b3f}, {fb9b31f7-8728-412d-ac11-80a9a2350b3f}
04-24 22:06:42.896 I/Gecko   (   84): 1398402402902	Marionette	INFO	sendToClient: {"from":"0","value":"<div><img src=\"blob:430688a4-2afc-47f2-abaf-27e4e64516dc\" style=\"visibility: visible;\" role=\"presentation\" height=\"64\" width=\"64\"><span class=\"labelWrapper\"><span>Calendar</span></span></div>"}, {9ba2d444-0418-4631-9e13-533981f33855}, {9ba2d444-0418-4631-9e13-533981f33855}
04-24 22:06:42.906 I/Gecko   (   84): 1398402402917	Marionette	INFO	sendToClient: {"from":"0","value":"<div><img src=\"blob:62f972f3-1d3e-4c73-b292-acb542ac82ac\" style=\"visibility: visible;\" role=\"presentation\" height=\"64\" width=\"64\"><span class=\"labelWrapper\"><span>Clock</span></span></div>"}, {262e701e-6236-4f19-9427-2071bec529c2}, {262e701e-6236-4f19-9427-2071bec529c2}
04-24 22:06:42.926 I/Gecko   (   84): 1398402402928	Marionette	INFO	sendToClient: {"from":"0","value":"<div><img src=\"blob:1dcddee9-95cd-430b-afc5-508533f2e524\" style=\"visibility: visible;\" role=\"presentation\" height=\"64\" width=\"64\"><span class=\"labelWrapper\"><span>Usage</span></span></div>"}, {d2f083ea-6dce-4563-b242-978171017860}, {d2f083ea-6dce-4563-b242-978171017860}
04-24 22:06:42.936 I/Gecko   (   84): 1398402402938	Marionette	INFO	sendToClient: {"from":"0","value":"<div><img src=\"blob:38a3bc7f-2944-4e5b-b3fd-5dc877bc451d\" style=\"visibility: visible;\" role=\"presentation\" height=\"64\" width=\"64\"><span class=\"labelWrapper\"><span>E-Mail</span></span></div>"}, {61e0bce1-2b0c-459f-acbc-b431d9473606}, {61e0bce1-2b0c-459f-acbc-b431d9473606}
04-24 22:06:42.946 I/Gecko   (   84): 1398402402951	Marionette	INFO	sendToClient: {"from":"0","value":"<div><img src=\"blob:e09b3c7f-6dd5-4f2b-96c0-2cb0d5538e37\" style=\"visibility: visible;\" role=\"presentation\" height=\"64\" width=\"64\"><span class=\"labelWrapper\"><span>Music</span></span></div>"}, {3402b133-202b-4534-bdd1-da5c9a2822bf}, {3402b133-202b-4534-bdd1-da5c9a2822bf}
04-24 22:06:42.956 I/Gecko   (   84): 1398402402961	Marionette	INFO	sendToClient: {"from":"0","value":"<div><img src=\"blob:e7c0c9c9-0667-47ac-8ff8-ee5f550ef976\" style=\"visibility: visible;\" role=\"presentation\" height=\"64\" width=\"64\"><span class=\"labelWrapper\"><span>Video</span></span></div>"}, {7ec25a19-c1d5-4013-a426-8dc77660d183}, {7ec25a19-c1d5-4013-a426-8dc77660d183}
04-24 22:06:42.966 I/Gecko   (   84): 1398402402972	Marionette	INFO	sendToClient: {"from":"0","value":"<div><img src=\"blob:e73d3691-2423-4116-ad88-e55becdb2b40\" style=\"visibility: visible;\" role=\"presentation\" height=\"64\" width=\"64\"><span class=\"labelWrapper\"><span>ConnectA2</span></span></div><span data-is-icon=\"true\" class=\"options\"></span>"}, {2df37fe1-4d30-4fa8-8023-7bb1278c23d3}, {2df37fe1-4d30-4fa8-8023-7bb1278c23d3}
04-24 22:06:42.976 I/Gecko   (   84): 1398402402982	Marionette	INFO	sendToClient: {"from":"0","value":"<div><img src=\"blob:d6164c7d-9d5b-4d05-8cff-721ddbb28096\" style=\"visibility: visible;\" role=\"presentation\" height=\"64\" width=\"64\"><span class=\"labelWrapper\"><span>Word Wars</span></span></div><span data-is-icon=\"true\" class=\"options\"></span>"}, {0dfc683a-313c-4297-bb66-f68ce1aa87cc}, {0dfc683a-313c-4297-bb66-f68ce1aa87cc}
04-24 22:06:42.986 I/Gecko   (   84): 1398402402992	Marionette	INFO	sendToClient: {"from":"0","value":"<div><img src=\"blob:048f4b8f-7351-42d6-9e46-f9ffa105e0be\" style=\"visibility: visible;\" role=\"presentation\" height=\"64\" width=\"64\"><span class=\"labelWrapper\"><span>Rormix</span></span></div><span data-is-icon=\"true\" class=\"options\"></span>"}, {90fc32e8-2d97-458b-a276-8a57c5e59c3c}, {90fc32e8-2d97-458b-a276-8a57c5e59c3c}
04-24 22:06:42.996 I/Gecko   (   84): 1398402403003	Marionette	INFO	sendToClient: {"from":"0","value":"<div><img src=\"blob:9ad46dc9-b311-4f75-bdf3-a08937bde4a5\" style=\"visibility: visible;\" role=\"presentation\" height=\"64\" width=\"64\"><span class=\"labelWrapper\"><span>Cheer Up!</span></span></div><span data-is-icon=\"true\" class=\"options\"></span>"}, {eaec5b9d-35c0-444b-8c43-b4efb32672c3}, {eaec5b9d-35c0-444b-8c43-b4efb32672c3}
04-24 22:06:43.806 I/Gecko   (   84): 1398402403811	Marionette	INFO	sendToClient: {"from":"0","value":"<div><img src=\"blob:66c9f351-b573-483f-8854-f2bd358e7a85\" style=\"visibility: visible;\" role=\"presentation\" height=\"64\" width=\"64\"><span class=\"labelWrapper mask\"><span>Duck Sounds</span></span></div><span data-is-icon=\"true\" class=\"options\"></span>"}, {2b80a8e1-5814-4dfd-afa8-e76daff6eb67}, {2b80a8e1-5814-4dfd-afa8-e76daff6eb67}
04-24 22:06:43.856 W/WifiHW  (   84): wifi_command: SIGNAL_POLL
04-24 22:06:43.956 I/Gecko   (   84): 1398402403964	Marionette	INFO	sendToClient: {"from":"0","value":"<div><img src=\"blob:d670fb34-2afc-4cbd-af8a-70b5a05a91ee\" style=\"visibility: visible;\" role=\"presentation\" height=\"64\" width=\"64\"><span class=\"labelWrapper mask\"><span>Alarm Sounds</span></span></div><span data-is-icon=\"true\" class=\"options\"></span>"}, {8b934c26-e10d-4471-8c69-0cd8cc507620}, {8b934c26-e10d-4471-8c69-0cd8cc507620}
04-24 22:06:44.006 I/Gecko   (   84): 1398402404016	Marionette	INFO	sendToClient: {"from":"0","value":"<div><img src=\"blob:b1ab7f41-25e5-41ff-9995-b7c0bc207025\" style=\"visibility: visible;\" role=\"presentation\" height=\"64\" width=\"64\"><span class=\"labelWrapper mask\"><span>Brick Breaker : The Challenge</span></span></div><span data-is-icon=\"true\" class=\"options\"></span>"}, {2c831392-9fb5-4afc-9a23-613e6ebfb7d3}, {2c831392-9fb5-4afc-9a23-613e6ebfb7d3}
04-24 22:06:44.026 I/Gecko   (   84): 1398402404029	Marionette	INFO	sendToClient: {"from":"0","value":"<div><img src=\"blob:e58de754-be5f-46ab-b9d2-8333248e5466\" style=\"visibility: visible;\" role=\"presentation\" height=\"64\" width=\"64\"><span class=\"labelWrapper\"><span>Phone</span></span></div>"}, {7873c9cc-fb33-45b8-a78f-2ab03a44ac1e}, {7873c9cc-fb33-45b8-a78f-2ab03a44ac1e}
04-24 22:06:44.036 I/Gecko   (   84): 1398402404043	Marionette	INFO	sendToClient: {"from":"0","value":"<div><img src=\"blob:b817ddf2-3e07-4084-bda8-fbbc48dff942\" style=\"visibility: visible;\" role=\"presentation\" height=\"64\" width=\"64\"><span class=\"labelWrapper\"><span>Messages</span></span></div>"}, {b3bf311f-2880-480b-ad0e-23388c9f2390}, {b3bf311f-2880-480b-ad0e-23388c9f2390}
04-24 22:06:44.046 I/Gecko   (   84): 1398402404054	Marionette	INFO	sendToClient: {"from":"0","value":"<div><img src=\"blob:be6c58ab-641a-411f-a68f-8c38fd20f921\" style=\"visibility: visible;\" role=\"presentation\" height=\"64\" width=\"64\"><span class=\"labelWrapper\"><span>Contacts</span></span></div>"}, {5966d5ec-116a-42e1-9d04-714f17c82ee8}, {5966d5ec-116a-42e1-9d04-714f17c82ee8}
04-24 22:06:44.106 I/Gecko   (   84): 1398402404111	Marionette	INFO	sendToClient: {"from":"0","value":"<div><img src=\"blob:26b55549-8993-4810-8643-0c00a9abd2f1\" style=\"visibility: visible;\" role=\"presentation\" height=\"64\" width=\"64\"><span class=\"labelWrapper\"><span>Browser</span></span></div>"}, {4c9c4f8f-56b3-402e-b0c2-50622589baa6}, {4c9c4f8f-56b3-402e-b0c2-50622589baa6}
04-24 22:06:46.126 I/Gecko   (   84): 1398402406137	Marionette	INFO	sendToClient: {"from":"0","value":["{45712a04-7370-4530-bb9b-e736f6a36e0a}","{e47be8ca-ef41-4adc-90d0-e3d2af25dff1}","{e16bcdd0-048c-4d55-b59f-29d15fccc0cb}","{f0b3f274-3c09-48ba-9fcf-f68499f4c5c8}","{17523b8d-9755-4936-be57-133aaac082c0}","{9251865b-ba68-49be-903c-881d9bf4ad40}","{f95b2425-155f-4734-8e33-ed896b0698e2}","{56464375-b880-4c6a-bc4b-d57bab08ad07}","{aee838a6-1bc7-40f0-a1d5-a2ab4e731070}","{9f54e7cc-197f-41bc-9681-77c541fde563}","{62424039-7ab7-459a-851a-e5a1167e44e5}","{4253ffc4-c809-4c59-b0c5-308a4d8ce376}","{0aec58d3-5fc4-407a-8348-1117f66c47cc}","{8b8c8320-0b0c-4b10-93bf-444e4c2ac966}","{473f1f73-1c45-418f-93ad-5f1f573ca5f2}","{92be80df-253a-4a3c-97be-7a4cc50fda3d}","{1fecb2af-0618-4ca6-8f3e-56e4202336eb}","{c0a6ce42-0fce-4127-b4e5-c1b75741a496}","{481a6a12-09d9-4d52-b7bc-9061a44d6301}","{2519e24f-860f-4f2c-8074-3b487c0269cc}","{010aed24-02c8-4b13-85c0-fe1ade051431}","{d78fe4a6-36f8-4b02-b4fb-80ec48b0ffa0}","{05ba2fcb-63c1-40b7-a094-226a5aa24b88}","{b2ebdaa1-d6b2
04-24 22:06:46.146 I/Gecko   (   84): 1398402406148	Marionette	INFO	sendToClient: {"from":"0","value":"<div><img src=\"blob:14901ef5-9f1b-4209-9b58-c6555977f978\" style=\"visibility: visible;\" role=\"presentation\" height=\"64\" width=\"64\"><span class=\"labelWrapper\"><span>Social</span></span></div><span data-is-icon=\"true\" class=\"options\"></span>"}, {36895d69-f3ec-44f1-aedd-5d479f8739a1}, {36895d69-f3ec-44f1-aedd-5d479f8739a1}
04-24 22:06:46.156 I/Gecko   (   84): 1398402406162	Marionette	INFO	sendToClient: {"from":"0","value":"<div><img src=\"blob:866636c7-a3f1-4f04-85f7-cb2aecc66d17\" style=\"visibility: visible;\" role=\"presentation\" height=\"64\" width=\"64\"><span class=\"labelWrapper\"><span>Games</span></span></div><span data-is-icon=\"true\" class=\"options\"></span>"}, {a84825ff-c1d0-4e3c-b8af-22f7a3717348}, {a84825ff-c1d0-4e3c-b8af-22f7a3717348}
04-24 22:06:46.166 I/Gecko   (   84): 1398402406172	Marionette	INFO	sendToClient: {"from":"0","value":"<div><img src=\"blob:b01c3203-e742-46b0-b849-edbeeded8c82\" style=\"visibility: visible;\" role=\"presentation\" height=\"64\" width=\"64\"><span class=\"labelWrapper\"><span>Music</span></span></div><span data-is-icon=\"true\" class=\"options\"></span>"}, {3e8219f8-bb8d-4483-bb0d-41b4702de2c6}, {3e8219f8-bb8d-4483-bb0d-41b4702de2c6}
04-24 22:06:46.176 I/Gecko   (   84): 1398402406181	Marionette	INFO	sendToClient: {"from":"0","value":"<div><img src=\"blob:714d6665-3709-451b-aa7a-440371689cf6\" style=\"visibility: visible;\" role=\"presentation\" height=\"64\" width=\"64\"><span class=\"labelWrapper\"><span>Showbiz</span></span></div><span data-is-icon=\"true\" class=\"options\"></span>"}, {46c48997-805f-4d43-9bb5-5a655c676acd}, {46c48997-805f-4d43-9bb5-5a655c676acd}
04-24 22:06:46.196 I/Gecko   (   84): 1398402406203	Marionette	INFO	sendToClient: {"from":"0","value":"<div><img src=\"blob:21b8caf4-0b02-49d2-a190-dec34cb28c15\" style=\"visibility: visible;\" role=\"presentation\" height=\"64\" width=\"64\"><span class=\"labelWrapper\"><span>Camera</span></span></div>"}, {826eb91d-b17c-4894-85e0-c1e2a72e19ad}, {826eb91d-b17c-4894-85e0-c1e2a72e19ad}
04-24 22:06:46.206 I/Gecko   (   84): 1398402406213	Marionette	INFO	sendToClient: {"from":"0","value":"<div><img src=\"blob:343b47d5-f982-403d-9337-27a287735920\" style=\"visibility: visible;\" role=\"presentation\" height=\"64\" width=\"64\"><span class=\"labelWrapper\"><span>Gallery</span></span></div>"}, {d52d962d-5c2d-4219-880d-575559678d53}, {d52d962d-5c2d-4219-880d-575559678d53}
04-24 22:06:46.216 I/Gecko   (   84): 1398402406223	Marionette	INFO	sendToClient: {"from":"0","value":"<div><img src=\"blob:fe6912db-fe3f-450f-af41-67b17708d37a\" style=\"visibility: visible;\" role=\"presentation\" height=\"64\" width=\"64\"><span class=\"labelWrapper\"><span>FM Radio</span></span></div>"}, {ea8a3100-dbcc-42ba-98d5-f373baf90d31}, {ea8a3100-dbcc-42ba-98d5-f373baf90d31}
04-24 22:06:46.226 I/Gecko   (   84): 1398402406233	Marionette	INFO	sendToClient: {"from":"0","value":"<div><img src=\"blob:a01ddcc2-1c84-4b6f-aec2-12cb74fedcce\" style=\"visibility: visible;\" role=\"presentation\" height=\"64\" width=\"64\"><span class=\"labelWrapper\"><span>Settings</span></span></div>"}, {a1aa918a-adb2-49fe-9fff-904bc49742c1}, {a1aa918a-adb2-49fe-9fff-904bc49742c1}
04-24 22:06:46.236 I/Gecko   (   84): 1398402406243	Marionette	INFO	sendToClient: {"from":"0","value":"<div><img src=\"blob:7add90a9-66ae-4c73-8eba-3a6f99c19979\" style=\"visibility: visible;\" role=\"presentation\" height=\"64\" width=\"64\"><span class=\"labelWrapper\"><span>Marketplace</span></span></div>"}, {606d0fa0-2df1-4eb4-8883-1b2c370e2941}, {606d0fa0-2df1-4eb4-8883-1b2c370e2941}
04-24 22:06:46.246 I/Gecko   (   84): 1398402406252	Marionette	INFO	sendToClient: {"from":"0","value":"<div><img src=\"blob:430688a4-2afc-47f2-abaf-27e4e64516dc\" style=\"visibility: visible;\" role=\"presentation\" height=\"64\" width=\"64\"><span class=\"labelWrapper\"><span>Calendar</span></span></div>"}, {44e52987-b928-4380-a604-f4d1274ec0c2}, {44e52987-b928-4380-a604-f4d1274ec0c2}
04-24 22:06:46.256 I/Gecko   (   84): 1398402406266	Marionette	INFO	sendToClient: {"from":"0","value":"<div><img src=\"blob:62f972f3-1d3e-4c73-b292-acb542ac82ac\" style=\"visibility: visible;\" role=\"presentation\" height=\"64\" width=\"64\"><span class=\"labelWrapper\"><span>Clock</span></span></div>"}, {962042b5-1c3f-4b3a-a112-40d4fbbe6f27}, {962042b5-1c3f-4b3a-a112-40d4fbbe6f27}
04-24 22:06:46.266 I/Gecko   (   84): 1398402406275	Marionette	INFO	sendToClient: {"from":"0","value":"<div><img src=\"blob:1dcddee9-95cd-430b-afc5-508533f2e524\" style=\"visibility: visible;\" role=\"presentation\" height=\"64\" width=\"64\"><span class=\"labelWrapper\"><span>Usage</span></span></div>"}, {e7a63726-cb9b-4d6b-beb4-69f0dd202341}, {e7a63726-cb9b-4d6b-beb4-69f0dd202341}
04-24 22:06:46.276 I/Gecko   (   84): 1398402406285	Marionette	INFO	sendToClient: {"from":"0","value":"<div><img src=\"blob:38a3bc7f-2944-4e5b-b3fd-5dc877bc451d\" style=\"visibility: visible;\" role=\"presentation\" height=\"64\" width=\"64\"><span class=\"labelWrapper\"><span>E-Mail</span></span></div>"}, {a4d6c310-1e4b-41fb-8a55-978ac534fab5}, {a4d6c310-1e4b-41fb-8a55-978ac534fab5}
04-24 22:06:46.286 I/Gecko   (   84): 1398402406296	Marionette	INFO	sendToClient: {"from":"0","value":"<div><img src=\"blob:e09b3c7f-6dd5-4f2b-96c0-2cb0d5538e37\" style=\"visibility: visible;\" role=\"presentation\" height=\"64\" width=\"64\"><span class=\"labelWrapper\"><span>Music</span></span></div>"}, {4b8f8a20-ab15-406a-92d2-163cf58aa6b2}, {4b8f8a20-ab15-406a-92d2-163cf58aa6b2}
04-24 22:06:46.296 I/Gecko   (   84): 1398402406306	Marionette	INFO	sendToClient: {"from":"0","value":"<div><img src=\"blob:e7c0c9c9-0667-47ac-8ff8-ee5f550ef976\" style=\"visibility: visible;\" role=\"presentation\" height=\"64\" width=\"64\"><span class=\"labelWrapper\"><span>Video</span></span></div>"}, {35a30280-fcf1-4b9e-8777-d909e5d3f1a1}, {35a30280-fcf1-4b9e-8777-d909e5d3f1a1}
04-24 22:06:46.306 I/Gecko   (   84): 1398402406316	Marionette	INFO	sendToClient: {"from":"0","value":"<div><img src=\"blob:e73d3691-2423-4116-ad88-e55becdb2b40\" style=\"visibility: visible;\" role=\"presentation\" height=\"64\" width=\"64\"><span class=\"labelWrapper\"><span>ConnectA2</span></span></div><span data-is-icon=\"true\" class=\"options\"></span>"}, {8df31eb8-fe49-45ae-b4b8-ac67270c5137}, {8df31eb8-fe49-45ae-b4b8-ac67270c5137}
04-24 22:06:46.316 I/Gecko   (   84): 1398402406325	Marionette	INFO	sendToClient: {"from":"0","value":"<div><img src=\"blob:d6164c7d-9d5b-4d05-8cff-721ddbb28096\" style=\"visibility: visible;\" role=\"presentation\" height=\"64\" width=\"64\"><span class=\"labelWrapper\"><span>Word Wars</span></span></div><span data-is-icon=\"true\" class=\"options\"></span>"}, {f9a32899-d4b8-447f-bc24-767e907a72ea}, {f9a32899-d4b8-447f-bc24-767e907a72ea}
04-24 22:06:46.326 I/Gecko   (   84): 1398402406335	Marionette	INFO	sendToClient: {"from":"0","value":"<div><img src=\"blob:048f4b8f-7351-42d6-9e46-f9ffa105e0be\" style=\"visibility: visible;\" role=\"presentation\" height=\"64\" width=\"64\"><span class=\"labelWrapper\"><span>Rormix</span></span></div><span data-is-icon=\"true\" class=\"options\"></span>"}, {52c7d5b6-065d-4bd5-bbb3-89023b979117}, {52c7d5b6-065d-4bd5-bbb3-89023b979117}
04-24 22:06:46.336 I/Gecko   (   84): 1398402406344	Marionette	INFO	sendToClient: {"from":"0","value":"<div><img src=\"blob:9ad46dc9-b311-4f75-bdf3-a08937bde4a5\" style=\"visibility: visible;\" role=\"presentation\" height=\"64\" width=\"64\"><span class=\"labelWrapper\"><span>Cheer Up!</span></span></div><span data-is-icon=\"true\" class=\"options\"></span>"}, {0d10248b-a93c-44e1-8e71-81e5517110af}, {0d10248b-a93c-44e1-8e71-81e5517110af}
04-24 22:06:46.346 I/Gecko   (   84): 1398402406354	Marionette	INFO	sendToClient: {"from":"0","value":"<div><img src=\"blob:66c9f351-b573-483f-8854-f2bd358e7a85\" style=\"visibility: visible;\" role=\"presentation\" height=\"64\" width=\"64\"><span class=\"labelWrapper mask\"><span>Duck Sounds</span></span></div><span data-is-icon=\"true\" class=\"options\"></span>"}, {907d0b94-3db4-42c5-999e-03d1c94a9af4}, {907d0b94-3db4-42c5-999e-03d1c94a9af4}
04-24 22:06:46.356 I/Gecko   (   84): 1398402406367	Marionette	INFO	sendToClient: {"from":"0","value":"<div><img src=\"blob:d670fb34-2afc-4cbd-af8a-70b5a05a91ee\" style=\"visibility: visible;\" role=\"presentation\" height=\"64\" width=\"64\"><span class=\"labelWrapper mask\"><span>Alarm Sounds</span></span></div><span data-is-icon=\"true\" class=\"options\"></span>"}, {a393038b-f5dc-422e-9616-ece714799a06}, {a393038b-f5dc-422e-9616-ece714799a06}
04-24 22:06:46.366 I/Gecko   (   84): 1398402406377	Marionette	INFO	sendToClient: {"from":"0","value":"<div><img src=\"blob:b1ab7f41-25e5-41ff-9995-b7c0bc207025\" style=\"visibility: visible;\" role=\"presentation\" height=\"64\" width=\"64\"><span class=\"labelWrapper mask\"><span>Brick Breaker : The Challenge</span></span></div><span data-is-icon=\"true\" class=\"options\"></span>"}, {8c1d3a8a-8199-4550-ae66-23e91850c10b}, {8c1d3a8a-8199-4550-ae66-23e91850c10b}
04-24 22:06:46.376 I/Gecko   (   84): 1398402406387	Marionette	INFO	sendToClient: {"from":"0","value":"<div><img src=\"blob:e58de754-be5f-46ab-b9d2-8333248e5466\" style=\"visibility: visible;\" role=\"presentation\" height=\"64\" width=\"64\"><span class=\"labelWrapper\"><span>Phone</span></span></div>"}, {8c92075f-b1ae-4fdb-9af7-4fe8323709de}, {8c92075f-b1ae-4fdb-9af7-4fe8323709de}
04-24 22:06:46.406 I/Gecko   (   84): 1398402406409	Marionette	INFO	sendToClient: {"from":"0","value":"<div><img src=\"blob:b817ddf2-3e07-4084-bda8-fbbc48dff942\" style=\"visibility: visible;\" role=\"presentation\" height=\"64\" width=\"64\"><span class=\"labelWrapper\"><span>Messages</span></span></div>"}, {a81b0b00-f3e7-4263-bced-83656c7a38ae}, {a81b0b00-f3e7-4263-bced-83656c7a38ae}
04-24 22:06:46.416 I/Gecko   (   84): 1398402406418	Marionette	INFO	sendToClient: {"from":"0","value":"<div><img src=\"blob:be6c58ab-641a-411f-a68f-8c38fd20f921\" style=\"visibility: visible;\" role=\"presentation\" height=\"64\" width=\"64\"><span class=\"labelWrapper\"><span>Contacts</span></span></div>"}, {23f300dc-2f9d-4e89-9887-38f140153695}, {23f300dc-2f9d-4e89-9887-38f140153695}
04-24 22:06:46.426 I/Gecko   (   84): 1398402406429	Marionette	INFO	sendToClient: {"from":"0","value":"<div><img src=\"blob:26b55549-8993-4810-8643-0c00a9abd2f1\" style=\"visibility: visible;\" role=\"presentation\" height=\"64\" width=\"64\"><span class=\"labelWrapper\"><span>Browser</span></span></div>"}, {3048b20d-5965-4b3a-8332-4849de8f2a1d}, {3048b20d-5965-4b3a-8332-4849de8f2a1d}
04-24 22:06:46.436 I/Gecko   (   84): 1398402406438	Marionette	INFO	sendToClient: {"from":"0","value":"app://homescreen.gaiamobile.org/index.html#root"}, {e430682b-77d0-42e4-b381-cf15644c6bde}, {e430682b-77d0-42e4-b381-cf15644c6bde}
04-24 22:06:46.436 I/Gecko   (   84): 1398402406444	Marionette	DEBUG	Got request: switchToFrame, data: {"to":"0","sessionId":"3-b2g","name":"switchToFrame","parameters":{"id":null,"focus":true}}, id: {a4de0904-d180-4080-b5a9-7bf7db9b1bfe}
04-24 22:06:46.456 I/Gecko   (   84): 1398402406465	Marionette	INFO	Switched to frame: {"frameValue":null}
04-24 22:06:46.566 I/Gecko   (   84): 1398402406570	Marionette	INFO	sendToClient: {"from":"0","ok":true}, {a4de0904-d180-4080-b5a9-7bf7db9b1bfe}, {a4de0904-d180-4080-b5a9-7bf7db9b1bfe}
04-24 22:06:46.576 I/Gecko   (   84): 1398402406578	Marionette	DEBUG	Got request: switchToFrame, data: {"to":"0","sessionId":"3-b2g","name":"switchToFrame","parameters":{"id":null,"focus":true}}, id: {98e31b9e-cae4-486e-b220-b633a48c1ef5}
04-24 22:06:46.576 I/Gecko   (   84): 1398402406580	Marionette	INFO	Switched to frame: {"frameValue":null}
04-24 22:06:46.676 I/Gecko   (   84): 1398402406682	Marionette	INFO	sendToClient: {"from":"0","ok":true}, {98e31b9e-cae4-486e-b220-b633a48c1ef5}, {98e31b9e-cae4-486e-b220-b633a48c1ef5}
04-24 22:06:46.686 I/Gecko   (   84): 1398402406688	Marionette	DEBUG	Got request: executeWithCallback, data: {"to":"0","sessionId":"3-b2g","name":"executeAsyncScript","parameters":{"specialPowers":false,"scriptTimeout":30000,"newSandbox":true,"args":[],"filename":"app_checker.py","script":"GaiaApps.launchWithManifestURL('https://marketplace.firefox.com/app/9c4a252a-2427-48d5-bcf0-f6f054c2b47e/manifest.webapp')","line":106}}, id: {5af2bf9e-bcaf-409d-9c4b-5d6f941c4249}
04-24 22:06:47.086 I/Gonk    (   84): Setting nice for pid 2390 to 18
04-24 22:06:47.086 I/Gonk    (   84): Changed nice for pid 2390 from 18 to 18.
04-24 22:06:47.086 I/Gecko   (   84): [Parent 84] WARNING: waitpid failed pid:2390 errno:10: file ../../../gecko/ipc/chromium/src/base/process_util_posix.cc, line 254
04-24 22:06:47.126 I/Gonk    (   84): Setting nice for pid 2390 to 1
04-24 22:06:47.126 I/Gonk    (   84): Changed nice for pid 2390 from 18 to 1.
04-24 22:06:47.396 E/GeckoConsole(   84): Content JS LOG at dummy file:334 in GaiaApps.launch: launching app with name 'Brick Breaker : The Challenge'
04-24 22:06:48.156 D/Sensors (   84): activate handle=0; drv=0
04-24 22:06:48.156 D/Sensors (   84): Lis3dhSensor: Control set 1
04-24 22:06:48.156 D/Sensors (   84): Lis3dhSensor: mEnabled = 1
04-24 22:06:48.576 E/[Gralloc-ERROR](   84): int gralloc_register_buffer(const gralloc_module_t*, const native_handle_t*):79 Unable to register handle 0x404557e0 coming from different process: 84
04-24 22:06:48.606 E/[Gralloc-ERROR](   84): int gralloc_register_buffer(const gralloc_module_t*, const native_handle_t*):79 Unable to register handle 0x40455d30 coming from different process: 84
04-24 22:06:49.116 I/Gonk    (   84): Setting nice for pid 2356 to 18
04-24 22:06:49.136 I/Gonk    (   84): Changed nice for pid 2356 from 1 to 18.
04-24 22:06:49.196 W/WifiHW  (   84): wifi_command: SIGNAL_POLL
04-24 22:06:51.156 E/GeckoConsole( 2390): [JavaScript Warning: "Unknown property 'touch-action-delay'.  Declaration dropped." {file: "app://{ee421387-decf-4fb8-b5d9-8c4dad621663}/index.html" line: 24 column: 21 source: "			touch-action-delay: none;"}]
04-24 22:06:51.156 E/GeckoConsole( 2390): [JavaScript Warning: "Unknown property 'touch-action'.  Declaration dropped." {file: "app://{ee421387-decf-4fb8-b5d9-8c4dad621663}/index.html" line: 25 column: 15 source: "			touch-action: none;"}]
04-24 22:06:51.156 E/GeckoConsole( 2390): [JavaScript Warning: "Unknown property 'touch-action-delay'.  Declaration dropped." {file: "app://{ee421387-decf-4fb8-b5d9-8c4dad621663}/index.html" line: 29 column: 21 source: "			touch-action-delay: none;"}]
04-24 22:06:51.156 E/GeckoConsole( 2390): [JavaScript Warning: "Unknown property 'touch-action'.  Declaration dropped." {file: "app://{ee421387-decf-4fb8-b5d9-8c4dad621663}/index.html" line: 30 column: 15 source: "			touch-action: none;"}]
04-24 22:06:51.306 I/Gecko   (   84): [Parent 84] WARNING: pipe error (167): Connection reset by peer: file ../../../gecko/ipc/chromium/src/chrome/common/ipc_channel_posix.cc, line 446
04-24 22:06:51.356 I/Gecko   (   84): 
04-24 22:06:51.356 I/Gecko   (   84): ###!!! [Parent][MessageChannel] Error: Channel error: cannot send/recv
04-24 22:06:51.356 I/Gecko   (   84): 
04-24 22:06:51.426 E/GeckoConsole(   84): [JavaScript Error: "[Exception... "Component returned failure code: 0x80070057 (NS_ERROR_ILLEGAL_VALUE) [nsIXPCComponents_Utils.isDeadWrapper]"  nsresult: "0x80070057 (NS_ERROR_ILLEGAL_VALUE)"  location: "JS frame :: resource://gre/modules/BrowserElementParent.jsm :: BrowserElementParent.prototype._isAlive :: line 34"  data: no]" {file: "resource://gre/modules/BrowserElementParent.jsm" line: 34}]
04-24 22:06:51.486 I/Gecko   (   84): [Parent 84] WARNING: waitpid failed pid:2356 errno:10: file ../../../gecko/ipc/chromium/src/base/process_util_posix.cc, line 254
04-24 22:06:51.486 E/Profiler( 2439): BEGIN mozilla_sampler_init
04-24 22:06:51.496 E/Profiler( 2439): BPUnw: [1 total] thread_register_for_profiling(me=0x400fc488, stacktop=0xbee0d9b7)
04-24 22:06:51.496 E/Profiler( 2439): SPS:
04-24 22:06:51.496 E/Profiler( 2439): SPS: Unwind mode       = pseudo
04-24 22:06:51.496 E/Profiler( 2439): SPS: Sampling interval = 0 ms (zero means "platform default")
04-24 22:06:51.496 E/Profiler( 2439): SPS: Entry store size  = 0 (zero means "platform default")
04-24 22:06:51.506 E/Profiler( 2439): SPS: UnwindStackScan   = 0 (max dubious frames per unwind).
04-24 22:06:51.506 E/Profiler( 2439): SPS: Use env var MOZ_PROFILER_MODE=help for further information.
04-24 22:06:51.506 E/Profiler( 2439): SPS:
04-24 22:06:51.506 E/Profiler( 2439): Registering start signal
04-24 22:06:51.866 E/GeckoConsole( 2439): Could not read chrome manifest 'file:///system/b2g/chrome.manifest'.
04-24 22:06:53.486 I/Gecko   (   84): [Parent 84] WARNING: waitpid failed pid:2356 errno:10: file ../../../gecko/ipc/chromium/src/base/process_util_posix.cc, line 254
04-24 22:06:53.486 I/Gecko   (   84): [Parent 84] WARNING: Failed to deliver SIGKILL to 2356!(3).: file ../../../gecko/ipc/chromium/src/chrome/common/process_watcher_posix_sigchld.cc, line 118
04-24 22:06:54.216 W/WifiHW  (   84): wifi_command: SIGNAL_POLL
04-24 22:06:54.646 I/Gonk    (   84): Setting nice for pid 2453 to 18
04-24 22:06:54.646 I/Gonk    (   84): Changed nice for pid 2453 from 0 to 18.
04-24 22:06:55.436 E/GeckoConsole( 2390): [JavaScript Warning: "Unknown property 'box-sizing'.  Declaration dropped." {file: "app://{ee421387-decf-4fb8-b5d9-8c4dad621663}/index.html" line: 0 column: 67 source: "-webkit-box-sizing:border-box;-moz-box-sizing:border-box;box-sizing:border-box;padding:1px;border:1px;display:block;width:4px;margin-top:1%;position:absolute;top:1%"}]
04-24 22:06:55.496 E/GeckoConsole( 2390): [JavaScript Warning: "Unknown property 'box-sizing'.  Declaration dropped." {file: "app://{ee421387-decf-4fb8-b5d9-8c4dad621663}/index.html" line: 0 column: 111 source: "padding:0;margin:0;border:0;display:block;-webkit-box-sizing:content-box;-moz-box-sizing:content-box;box-sizing:content-box"}]
04-24 22:06:55.506 E/GeckoConsole( 2390): [JavaScript Warning: "Unknown property 'box-sizing'.  Declaration dropped." {file: "app://{ee421387-decf-4fb8-b5d9-8c4dad621663}/index.html" line: 0 column: 111 source: "padding:0;margin:0;border:0;display:block;-webkit-box-sizing:content-box;-moz-box-sizing:content-box;box-sizing:content-box"}]
04-24 22:06:57.516 I/Gecko   ( 2453): ###################################### forms.js loaded
04-24 22:06:57.706 I/Gecko   ( 2453): ############################### browserElementPanning.js loaded
04-24 22:06:57.816 I/Gecko   ( 2453): ######################## BrowserElementChildPreload.js loaded
04-24 22:06:59.276 W/WifiHW  (   84): wifi_command: SIGNAL_POLL
04-24 22:07:07.936 I/GonkMemoryPressure( 2390): Checking to see if memory pressure is over.
04-24 22:07:07.936 I/GonkMemoryPressure( 2390): Memory pressure is over.
04-24 22:07:07.946 I/GonkMemoryPressure(   84): Checking to see if memory pressure is over.
04-24 22:07:07.946 I/GonkMemoryPressure(   84): Memory pressure is over.
04-24 22:07:07.966 I/GonkMemoryPressure( 2453): Checking to see if memory pressure is over.
04-24 22:07:07.966 I/GonkMemoryPressure( 2453): Memory pressure is over.
04-24 22:07:09.746 I/Gecko   ( 2390): Attempting load of libEGL.so
04-24 22:07:10.106 D/libEGL  ( 2390): loaded /system/lib/egl/libEGL_mali.so
04-24 22:07:10.116 E/Profiler(   84): BPUnw: [1 total] thread_unregister_for_profiling(me=0xda9e70)  (NOT REGISTERED) 
04-24 22:07:10.276 D/libEGL  ( 2390): loaded /system/lib/egl/libGLESv1_CM_mali.so
04-24 22:07:10.316 D/libEGL  ( 2390): loaded /system/lib/egl/libGLESv2_mali.so
04-24 22:07:10.436 W/WifiHW  (   84): wifi_command: SIGNAL_POLL
04-24 22:07:10.576 E/Profiler(   84): BPUnw: [1 total] thread_unregister_for_profiling(me=0xda56f0)  (NOT REGISTERED) 
04-24 22:07:10.586 E/Profiler(   84): BPUnw: [1 total] thread_unregister_for_profiling(me=0xda9eb0)  (NOT REGISTERED) 
04-24 22:07:10.726 E/Profiler(   84): BPUnw: [1 total] thread_unregister_for_profiling(me=0xda0bc8)  (NOT REGISTERED) 
04-24 22:07:10.836 I/Gecko   ( 2390): SharedSurface_Gralloc::Create -------
04-24 22:07:11.056 I/Gecko   ( 2390): SharedSurface_Gralloc::Create: success -- surface 0x432ae7c0, GraphicBuffer 0x432c3c00.
04-24 22:07:12.126 I/Gecko   ( 2390): SharedSurface_Gralloc::Create -------
04-24 22:07:12.146 I/Gecko   ( 2390): SharedSurface_Gralloc::Create: success -- surface 0x4355af80, GraphicBuffer 0x43261700.
04-24 22:07:12.726 I/Gecko   ( 2390): SharedSurface_Gralloc::Create -------
04-24 22:07:12.726 I/Gecko   ( 2390): SharedSurface_Gralloc::Create: success -- surface 0x435bd080, GraphicBuffer 0x42d87680.
04-24 22:07:13.466 I/Gonk    (   84): Setting nice for pid 2453 to 18
04-24 22:07:13.476 I/Gonk    (   84): Changed nice for pid 2453 from 0 to 18.
04-24 22:07:13.476 I/Gecko   (   84): [Parent 84] WARNING: waitpid failed pid:2453 errno:10: file ../../../gecko/ipc/chromium/src/base/process_util_posix.cc, line 254
04-24 22:07:13.486 I/Gonk    (   84): Setting nice for pid 2453 to 1
04-24 22:07:13.486 I/Gonk    (   84): Changed nice for pid 2453 from 18 to 1.
04-24 22:07:13.576 I/Gonk    (   84): Setting nice for pid 2453 to 18
04-24 22:07:13.576 I/Gonk    (   84): Changed nice for pid 2453 from 1 to 18.
04-24 22:07:14.776 I/Gecko   (   84): [Parent 84] WARNING: pipe error (143): Connection reset by peer: file ../../../gecko/ipc/chromium/src/chrome/common/ipc_channel_posix.cc, line 446
04-24 22:07:15.336 E/[Gralloc-ERROR](   84): int gralloc_unregister_buffer(const gralloc_module_t*, const native_handle_t*):274 Trying to unregister buffer 0x404557e0 from process 84 that was not created in current process: 84
04-24 22:07:15.346 I/Gecko   (   84): 
04-24 22:07:15.346 I/Gecko   (   84): ###!!! [Parent][MessageChannel] Error: Channel error: cannot send/recv
04-24 22:07:15.346 I/Gecko   (   84): 
04-24 22:07:15.346 I/Gecko   (   84): [Parent 84] WARNING: FileDescriptorSet destroyed with unconsumed descriptors: file ../../../gecko/ipc/chromium/src/chrome/common/file_descriptor_set_posix.cc, line 20
04-24 22:07:15.386 E/GeckoConsole(   84): Content JS LOG at dummy file:326 in GaiaApps.launch/appOpen/<: app with origin 'app://{ee421387-decf-4fb8-b5d9-8c4dad621663}' has launched
04-24 22:07:15.416 I/Gecko   (   84): 1398402435400	Marionette	INFO	sendToClient: {"from":"0","value":{"frame":{"ELEMENT":"{952fed5b-ae0e-4e46-a950-c69032b0cb9f}"},"src":"app://{ee421387-decf-4fb8-b5d9-8c4dad621663}/index.html","name":"Brick Breaker : The Challenge","origin":"app://{ee421387-decf-4fb8-b5d9-8c4dad621663}"}}, {5af2bf9e-bcaf-409d-9c4b-5d6f941c4249}, {5af2bf9e-bcaf-409d-9c4b-5d6f941c4249}
04-24 22:07:15.846 E/[Gralloc-ERROR](   84): int gralloc_unregister_buffer(const gralloc_module_t*, const native_handle_t*):274 Trying to unregister buffer 0x40455d30 from process 84 that was not created in current process: 84
04-24 22:07:15.846 I/Gecko   (   84): 
04-24 22:07:15.846 I/Gecko   (   84): ###!!! [Parent][MessageChannel] Error: Channel error: cannot send/recv
04-24 22:07:15.846 I/Gecko   (   84): 
04-24 22:07:16.076 I/Gecko   (   84): [Parent 84] WARNING: waitpid failed pid:2453 errno:10: file ../../../gecko/ipc/chromium/src/base/process_util_posix.cc, line 254
04-24 22:07:16.086 W/WifiHW  (   84): wifi_command: SIGNAL_POLL
04-24 22:07:16.386 I/Gecko   (   84): 1398402436392	Marionette	DEBUG	Got request: switchToFrame, data: {"to":"0","sessionId":"3-b2g","name":"switchToFrame","parameters":{"focus":true,"element":"{952fed5b-ae0e-4e46-a950-c69032b0cb9f}"}}, id: {f3d6aa30-8ad0-4563-808c-90f5400234d7}
04-24 22:07:16.436 I/Gecko   (   84): 1398402436446	Marionette	INFO	Switched to frame: {"frameValue":"{952fed5b-ae0e-4e46-a950-c69032b0cb9f}"}
04-24 22:07:16.456 I/Gecko   (   84): 1398402436461	Marionette	INFO	trying remote frame 0
04-24 22:07:16.496 I/Gecko   (   84): 1398402436498	Marionette	INFO	trying remote frame 1
04-24 22:07:16.526 I/Gecko   (   84): 1398402436530	Marionette	INFO	deleting frame
04-24 22:07:16.526 I/Gecko   (   84): 1398402436535	Marionette	INFO	frame-manager load script: [object ChromeMessageSender]
04-24 22:07:18.076 I/Gecko   (   84): [Parent 84] WARNING: waitpid failed pid:2453 errno:10: file ../../../gecko/ipc/chromium/src/base/process_util_posix.cc, line 254
04-24 22:07:18.076 I/Gecko   (   84): [Parent 84] WARNING: Failed to deliver SIGKILL to 2453!(3).: file ../../../gecko/ipc/chromium/src/chrome/common/process_watcher_posix_sigchld.cc, line 118
04-24 22:07:22.636 I/GonkMemoryPressure( 2390): Checking to see if memory pressure is over.
04-24 22:07:22.646 I/GonkMemoryPressure(   84): Checking to see if memory pressure is over.
04-24 22:07:22.646 I/GonkMemoryPressure(   84): Memory pressure is over.
04-24 22:07:22.666 I/GonkMemoryPressure( 2390): Memory pressure is over.
04-24 22:07:24.026 E/Profiler(   84): BPUnw: [1 total] thread_unregister_for_profiling(me=0xd93008)  (NOT REGISTERED) 
04-24 22:07:26.156 I/Gecko   (   84): 
04-24 22:07:26.156 I/Gecko   (   84): ###!!! [Parent][MessageChannel] Error: Channel error: cannot send/recv
04-24 22:07:26.156 I/Gecko   (   84): 
04-24 22:07:26.856 I/Gecko   (   84): 
04-24 22:07:26.856 I/Gecko   (   84): ###!!! [Parent][MessageChannel] Error: Channel error: cannot send/recv
04-24 22:07:26.856 I/Gecko   (   84): 
04-24 22:07:26.866 W/WifiHW  (   84): wifi_command: SIGNAL_POLL
04-24 22:07:26.916 E/Profiler(   84): BPUnw: [1 total] thread_unregister_for_profiling(me=0xda57b0)  (NOT REGISTERED) 
04-24 22:07:26.956 I/Gecko   (   84): 
04-24 22:07:26.956 I/Gecko   (   84): ###!!! [Parent][MessageChannel] Error: Channel error: cannot send/recv
04-24 22:07:26.956 I/Gecko   (   84): 
04-24 22:07:27.216 D/Sensors (   84): activate handle=0; drv=0
04-24 22:07:27.226 D/Sensors (   84): Lis3dhSensor: Control set 0
