--------- beginning of /dev/log/main
04-26 02:05:58.864 I/Gecko   (   84): 1398503158880	Marionette	INFO	sendToClient: {"from":"0","ok":true}, {fbf9b9a1-0e40-479f-be5a-176529ae4083}, {fbf9b9a1-0e40-479f-be5a-176529ae4083}
04-26 02:06:00.404 I/Gecko   (   84): 1398503160412	Marionette	DEBUG	Got request: switchToFrame, data: {"to":"0","sessionId":"3-b2g","name":"switchToFrame","parameters":{"id":null,"focus":true}}, id: {5ec64ac8-797a-4c7f-be82-d2759a3de4c7}
04-26 02:06:00.434 I/Gecko   (   84): 1398503160446	Marionette	INFO	Switched to frame: {"frameValue":null}
04-26 02:06:02.254 I/Gecko   (   84): 1398503162271	Marionette	INFO	sendToClient: {"from":"0","ok":true}, {5ec64ac8-797a-4c7f-be82-d2759a3de4c7}, {5ec64ac8-797a-4c7f-be82-d2759a3de4c7}
04-26 02:06:02.834 W/WifiHW  (   84): wifi_command: SIGNAL_POLL
04-26 02:06:03.204 I/Gecko   (   84): 1398503163217	Marionette	DEBUG	Got request: executeWithCallback, data: {"to":"0","sessionId":"3-b2g","name":"executeAsyncScript","parameters":{"specialPowers":false,"scriptTimeout":null,"newSandbox":true,"args":[],"filename":"gaia_test.py","script":"return GaiaApps.displayedApp();","line":66}}, id: {2e5eb0b1-aa38-4e14-b48c-81cde7199fe8}
04-26 02:06:03.644 E/GeckoConsole(   84): Content JS LOG at dummy file:392 in GaiaApps.displayedApp: app with origin 'http://www.buzzfeed.com' is displayed
04-26 02:06:03.654 I/Gecko   (   84): 1398503163662	Marionette	INFO	sendToClient: {"from":"0","value":{"frame":{"ELEMENT":"{8671dea0-d4e5-47e1-a641-6de7b5094f12}"},"src":"http://www.buzzfeed.com/","name":"BuzzFeed","origin":"http://www.buzzfeed.com"}}, {2e5eb0b1-aa38-4e14-b48c-81cde7199fe8}, {2e5eb0b1-aa38-4e14-b48c-81cde7199fe8}
04-26 02:06:03.694 I/Gecko   (   84): 1398503163711	Marionette	DEBUG	Got request: switchToFrame, data: {"to":"0","sessionId":"3-b2g","name":"switchToFrame","parameters":{"id":null,"focus":true}}, id: {735ce8be-65f2-45a8-831a-5fcc23efc65b}
04-26 02:06:03.774 I/Gecko   (   84): 1398503163783	Marionette	INFO	Switched to frame: {"frameValue":null}
04-26 02:06:03.904 I/Gecko   (   84): 1398503163916	Marionette	INFO	sendToClient: {"from":"0","ok":true}, {735ce8be-65f2-45a8-831a-5fcc23efc65b}, {735ce8be-65f2-45a8-831a-5fcc23efc65b}
04-26 02:06:03.914 I/Gecko   (   84): 1398503163923	Marionette	DEBUG	Got request: execute, data: {"to":"0","sessionId":"3-b2g","name":"executeScript","parameters":{"specialPowers":false,"scriptTimeout":null,"newSandbox":true,"args":[],"filename":"gaia_test.py","script":"window.wrappedJSObject.dispatchEvent(new Event('home'));","line":788}}, id: {cc80f973-436c-4e4c-8034-a65d55c75570}
04-26 02:06:04.194 I/Gonk    (   84): Setting nice for pid 2677 to 18
04-26 02:06:04.214 I/Gonk    (   84): Changed nice for pid 2677 from 18 to 18.
04-26 02:06:04.214 I/Gecko   (   84): [Parent 84] WARNING: waitpid failed pid:2677 errno:10: file ../../../gecko/ipc/chromium/src/base/process_util_posix.cc, line 254
04-26 02:06:04.234 I/Gonk    (   84): Setting nice for pid 2677 to 1
04-26 02:06:04.234 I/Gonk    (   84): Changed nice for pid 2677 from 18 to 1.
04-26 02:06:04.434 I/Gonk    (   84): Setting nice for pid 2611 to 18
04-26 02:06:04.464 I/Gonk    (   84): Changed nice for pid 2611 from 1 to 18.
04-26 02:06:04.514 D/Sensors (   84): activate handle=0; drv=0
04-26 02:06:04.524 D/Sensors (   84): Lis3dhSensor: Control set 0
04-26 02:06:04.524 D/Sensors (   84): Lis3dhSensor: mEnabled = 0
04-26 02:06:04.604 I/Gecko   (   84): 1398503164615	Marionette	INFO	sendToClient: {"from":"0","value":null}, {cc80f973-436c-4e4c-8034-a65d55c75570}, {cc80f973-436c-4e4c-8034-a65d55c75570}
04-26 02:06:04.674 E/[Gralloc-ERROR](   84): int gralloc_unregister_buffer(const gralloc_module_t*, const native_handle_t*):274 Trying to unregister buffer 0x4601e420 from process 84 that was not created in current process: 84
04-26 02:06:04.674 E/[Gralloc-ERROR](   84): int gralloc_unregister_buffer(const gralloc_module_t*, const native_handle_t*):274 Trying to unregister buffer 0x4601e600 from process 84 that was not created in current process: 84
04-26 02:06:04.674 E/[Gralloc-ERROR](   84): int gralloc_unregister_buffer(const gralloc_module_t*, const native_handle_t*):274 Trying to unregister buffer 0x4601e830 from process 84 that was not created in current process: 84
04-26 02:06:04.674 E/[Gralloc-ERROR](   84): int gralloc_unregister_buffer(const gralloc_module_t*, const native_handle_t*):274 Trying to unregister buffer 0x4602d420 from process 84 that was not created in current process: 84
04-26 02:06:04.694 I/Gecko   (   84): 1398503164702	Marionette	DEBUG	Got request: switchToFrame, data: {"to":"0","sessionId":"3-b2g","name":"switchToFrame","parameters":{"id":null,"focus":true}}, id: {fd90feba-5f33-40d0-a9ae-3f66f9fdaaa7}
04-26 02:06:04.694 I/Gecko   (   84): 1398503164704	Marionette	INFO	Switched to frame: {"frameValue":null}
04-26 02:06:04.794 I/Gecko   (   84): 1398503164806	Marionette	INFO	sendToClient: {"from":"0","ok":true}, {fd90feba-5f33-40d0-a9ae-3f66f9fdaaa7}, {fd90feba-5f33-40d0-a9ae-3f66f9fdaaa7}
04-26 02:06:04.804 I/Gecko   (   84): 1398503164813	Marionette	DEBUG	Got request: executeWithCallback, data: {"to":"0","sessionId":"3-b2g","name":"executeAsyncScript","parameters":{"specialPowers":false,"scriptTimeout":null,"newSandbox":true,"args":[],"filename":"gaia_test.py","script":"return GaiaApps.displayedApp();","line":66}}, id: {f1f1b5e4-c519-4fed-b801-9a83802c44aa}
04-26 02:06:04.854 I/Gecko   (   84): 1398503164871	Marionette	INFO	sendToClient: {"from":"0","value":{"frame":{"ELEMENT":"{1f344327-9b13-4a99-8024-00193a2782fa}"},"src":"app://homescreen.gaiamobile.org/index.html#root","name":"Homescreen","origin":"app://homescreen.gaiamobile.org"}}, {f1f1b5e4-c519-4fed-b801-9a83802c44aa}, {f1f1b5e4-c519-4fed-b801-9a83802c44aa}
04-26 02:06:04.874 E/GeckoConsole(   84): Content JS LOG at dummy file:392 in GaiaApps.displayedApp: app with origin 'app://homescreen.gaiamobile.org' is displayed
04-26 02:06:04.874 I/Gecko   (   84): 1398503164889	Marionette	DEBUG	Got request: switchToFrame, data: {"to":"0","sessionId":"3-b2g","name":"switchToFrame","parameters":{"id":null,"focus":true}}, id: {cd306f88-01c7-490d-b61d-b5e458288a07}
04-26 02:06:04.874 I/Gecko   (   84): 1398503164891	Marionette	INFO	Switched to frame: {"frameValue":null}
04-26 02:06:04.984 I/Gecko   (   84): 1398503164993	Marionette	INFO	sendToClient: {"from":"0","ok":true}, {cd306f88-01c7-490d-b61d-b5e458288a07}, {cd306f88-01c7-490d-b61d-b5e458288a07}
04-26 02:06:04.984 I/Gecko   (   84): 1398503164999	Marionette	DEBUG	Got request: switchToFrame, data: {"to":"0","sessionId":"3-b2g","name":"switchToFrame","parameters":{"id":null,"focus":true}}, id: {1aeb6793-8132-4cf1-bf1f-1b42425c1090}
04-26 02:06:04.984 I/Gecko   (   84): 1398503165001	Marionette	INFO	Switched to frame: {"frameValue":null}
04-26 02:06:05.094 I/Gecko   (   84): 1398503165105	Marionette	INFO	sendToClient: {"from":"0","ok":true}, {1aeb6793-8132-4cf1-bf1f-1b42425c1090}, {1aeb6793-8132-4cf1-bf1f-1b42425c1090}
04-26 02:06:05.104 I/Gecko   (   84): 1398503165113	Marionette	DEBUG	Got request: executeWithCallback, data: {"to":"0","sessionId":"3-b2g","name":"executeAsyncScript","parameters":{"specialPowers":false,"scriptTimeout":null,"newSandbox":true,"args":[],"filename":"gaia_test.py","script":"return GaiaApps.displayedApp();","line":66}}, id: {b55ab0f4-f630-4310-9fa5-04dfd90f493c}
04-26 02:06:05.154 I/Gecko   (   84): 1398503165167	Marionette	INFO	sendToClient: {"from":"0","value":{"frame":{"ELEMENT":"{1f344327-9b13-4a99-8024-00193a2782fa}"},"src":"app://homescreen.gaiamobile.org/index.html#root","name":"Homescreen","origin":"app://homescreen.gaiamobile.org"}}, {b55ab0f4-f630-4310-9fa5-04dfd90f493c}, {b55ab0f4-f630-4310-9fa5-04dfd90f493c}
04-26 02:06:05.174 E/GeckoConsole(   84): Content JS LOG at dummy file:392 in GaiaApps.displayedApp: app with origin 'app://homescreen.gaiamobile.org' is displayed
04-26 02:06:05.174 I/Gecko   (   84): 1398503165191	Marionette	DEBUG	Got request: switchToFrame, data: {"to":"0","sessionId":"3-b2g","name":"switchToFrame","parameters":{"focus":true,"element":"{1f344327-9b13-4a99-8024-00193a2782fa}"}}, id: {f944a55e-d240-4dd4-be92-26fa1a4793ad}
04-26 02:06:05.224 I/Gecko   (   84): 1398503165239	Marionette	INFO	Switched to frame: {"frameValue":"{1f344327-9b13-4a99-8024-00193a2782fa}"}
04-26 02:06:05.244 I/Gecko   (   84): 1398503165251	Marionette	INFO	trying remote frame 0
04-26 02:06:05.244 I/Gecko   (   84): 1398503165260	Marionette	INFO	trying remote frame 1
04-26 02:06:05.244 I/Gecko   (   84): 1398503165261	Marionette	INFO	trying remote frame 2
04-26 02:06:05.254 I/Gecko   (   84): 1398503165262	Marionette	INFO	deleting frame
04-26 02:06:05.254 I/Gecko   (   84): 1398503165268	Marionette	INFO	frame-manager load script: [object ChromeMessageSender]
04-26 02:06:05.394 I/Gecko   ( 2677): ###################################### forms.js loaded
04-26 02:06:05.414 I/Gecko   ( 2677): ############################### browserElementPanning.js loaded
04-26 02:06:05.434 I/Gecko   ( 2677): ######################## BrowserElementChildPreload.js loaded
04-26 02:06:05.614 E/[Gralloc-ERROR](   84): int gralloc_register_buffer(const gralloc_module_t*, const native_handle_t*):79 Unable to register handle 0x45283e20 coming from different process: 84
04-26 02:06:05.614 E/[Gralloc-ERROR](   84): int gralloc_register_buffer(const gralloc_module_t*, const native_handle_t*):79 Unable to register handle 0x45283f60 coming from different process: 84
04-26 02:06:05.624 E/[Gralloc-ERROR](   84): int gralloc_register_buffer(const gralloc_module_t*, const native_handle_t*):79 Unable to register handle 0x4528dd80 coming from different process: 84
04-26 02:06:05.624 E/[Gralloc-ERROR](   84): int gralloc_register_buffer(const gralloc_module_t*, const native_handle_t*):79 Unable to register handle 0x452912e0 coming from different process: 84
04-26 02:06:05.914 E/[Gralloc-ERROR](   84): int gralloc_unregister_buffer(const gralloc_module_t*, const native_handle_t*):274 Trying to unregister buffer 0x45283f60 from process 84 that was not created in current process: 84
04-26 02:06:05.914 E/[Gralloc-ERROR](   84): int gralloc_unregister_buffer(const gralloc_module_t*, const native_handle_t*):274 Trying to unregister buffer 0x45283e20 from process 84 that was not created in current process: 84
04-26 02:06:05.924 E/[Gralloc-ERROR](   84): int gralloc_unregister_buffer(const gralloc_module_t*, const native_handle_t*):274 Trying to unregister buffer 0x452912e0 from process 84 that was not created in current process: 84
04-26 02:06:05.924 E/[Gralloc-ERROR](   84): int gralloc_unregister_buffer(const gralloc_module_t*, const native_handle_t*):274 Trying to unregister buffer 0x4528dd80 from process 84 that was not created in current process: 84
04-26 02:06:06.064 I/Gecko   (   84): [Parent 84] WARNING: pipe error (152): Connection reset by peer: file ../../../gecko/ipc/chromium/src/chrome/common/ipc_channel_posix.cc, line 446
04-26 02:06:06.084 I/Gecko   (   84): 
04-26 02:06:06.084 I/Gecko   (   84): ###!!! [Parent][MessageChannel] Error: Channel error: cannot send/recv
04-26 02:06:06.084 I/Gecko   (   84): 
04-26 02:06:06.094 E/GeckoConsole(   84): [JavaScript Error: "[Exception... "Component returned failure code: 0x80070057 (NS_ERROR_ILLEGAL_VALUE) [nsIXPCComponents_Utils.isDeadWrapper]"  nsresult: "0x80070057 (NS_ERROR_ILLEGAL_VALUE)"  location: "JS frame :: resource://gre/modules/BrowserElementParent.jsm :: BrowserElementParent.prototype._isAlive :: line 34"  data: no]" {file: "resource://gre/modules/BrowserElementParent.jsm" line: 34}]
04-26 02:06:06.224 I/GeckoDump(   84): Crash reporter : Can't fetch app.reportCrashes. Exception: [Exception... "Component returned failure code: 0x8000ffff (NS_ERROR_UNEXPECTED) [nsIPrefBranch.getBoolPref]"  nsresult: "0x8000ffff (NS_ERROR_UNEXPECTED)"  location: "JS frame :: chrome://browser/content/shell.js :: shell_reportCrash :: line 7"  data: no]
04-26 02:06:06.434 I/Gecko   (   84): [Parent 84] WARNING: waitpid failed pid:2611 errno:10: file ../../../gecko/ipc/chromium/src/base/process_util_posix.cc, line 254
04-26 02:06:07.084 I/Gecko   (   84): 1398503167094	Marionette	INFO	sendToClient: {"from":"0","ok":true}, {f944a55e-d240-4dd4-be92-26fa1a4793ad}, {f944a55e-d240-4dd4-be92-26fa1a4793ad}
04-26 02:06:07.294 I/Gecko   (   84): 1398503167302	Marionette	INFO	sendToClient: {"from":"0","value":[]}, {9351d435-4e55-45e5-ab3e-8a517022447b}, {9351d435-4e55-45e5-ab3e-8a517022447b}
04-26 02:06:07.324 I/Gecko   (   84): 1398503167335	Marionette	INFO	sendToClient: {"from":"0","value":"app://homescreen.gaiamobile.org/index.html#root"}, {c1b6ba86-933e-4014-addd-7a238c6ec2e7}, {c1b6ba86-933e-4014-addd-7a238c6ec2e7}
04-26 02:06:07.324 I/Gecko   (   84): 1398503167340	Marionette	DEBUG	Got request: switchToFrame, data: {"to":"0","sessionId":"3-b2g","name":"switchToFrame","parameters":{"id":null,"focus":true}}, id: {c00671d9-494e-4e39-8d0a-542f2c777b4d}
04-26 02:06:07.344 I/Gecko   (   84): 1398503167360	Marionette	INFO	Switched to frame: {"frameValue":null}
04-26 02:06:07.454 I/Gecko   (   84): 1398503167464	Marionette	INFO	sendToClient: {"from":"0","ok":true}, {c00671d9-494e-4e39-8d0a-542f2c777b4d}, {c00671d9-494e-4e39-8d0a-542f2c777b4d}
04-26 02:06:07.454 I/Gecko   (   84): 1398503167470	Marionette	DEBUG	Got request: switchToFrame, data: {"to":"0","sessionId":"3-b2g","name":"switchToFrame","parameters":{"id":null,"focus":true}}, id: {7d512420-e01c-4b52-9ab0-d15881168d8e}
04-26 02:06:07.464 I/Gecko   (   84): 1398503167472	Marionette	INFO	Switched to frame: {"frameValue":null}
04-26 02:06:07.564 I/Gecko   (   84): 1398503167581	Marionette	INFO	sendToClient: {"from":"0","ok":true}, {7d512420-e01c-4b52-9ab0-d15881168d8e}, {7d512420-e01c-4b52-9ab0-d15881168d8e}
04-26 02:06:07.574 I/Gecko   (   84): 1398503167587	Marionette	DEBUG	Got request: executeWithCallback, data: {"to":"0","sessionId":"3-b2g","name":"executeAsyncScript","parameters":{"specialPowers":false,"scriptTimeout":30000,"newSandbox":true,"args":[],"filename":"app_checker.py","script":"GaiaApps.launchWithManifestURL('http://www.buzzfeed.com/static/mobile/manifest.webapp')","line":106}}, id: {cd1508c5-d2d2-4695-b968-f2b3c7a2a601}
04-26 02:06:07.774 E/GeckoConsole(   84): Content JS LOG at dummy file:334 in GaiaApps.launch: launching app with name 'BuzzFeed'
04-26 02:06:07.914 E/[Gralloc-ERROR](   84): int gralloc_register_buffer(const gralloc_module_t*, const native_handle_t*):79 Unable to register handle 0x45cbc600 coming from different process: 84
04-26 02:06:07.914 E/[Gralloc-ERROR](   84): int gralloc_register_buffer(const gralloc_module_t*, const native_handle_t*):79 Unable to register handle 0x45cbc6f0 coming from different process: 84
04-26 02:06:07.924 E/[Gralloc-ERROR](   84): int gralloc_register_buffer(const gralloc_module_t*, const native_handle_t*):79 Unable to register handle 0x45cbc880 coming from different process: 84
04-26 02:06:07.934 E/[Gralloc-ERROR](   84): int gralloc_register_buffer(const gralloc_module_t*, const native_handle_t*):79 Unable to register handle 0x45cbcb00 coming from different process: 84
04-26 02:06:08.044 I/Gonk    (   84): Setting nice for pid 2713 to 18
04-26 02:06:08.044 I/Gonk    (   84): Changed nice for pid 2713 from 0 to 18.
04-26 02:06:08.094 W/WifiHW  (   84): wifi_command: SIGNAL_POLL
04-26 02:06:08.104 D/Sensors (   84): activate handle=0; drv=0
04-26 02:06:08.124 D/Sensors (   84): Lis3dhSensor: Control set 1
04-26 02:06:08.124 D/Sensors (   84): Lis3dhSensor: mEnabled = 1
04-26 02:06:08.224 I/Gonk    (   84): Setting nice for pid 2677 to 18
04-26 02:06:08.224 I/Gonk    (   84): Changed nice for pid 2677 from 1 to 18.
04-26 02:06:08.254 I/Gonk    (   84): Setting nice for pid 2713 to 18
04-26 02:06:08.254 I/Gonk    (   84): Changed nice for pid 2713 from 18 to 18.
04-26 02:06:08.254 I/Gecko   (   84): [Parent 84] WARNING: waitpid failed pid:2713 errno:10: file ../../../gecko/ipc/chromium/src/base/process_util_posix.cc, line 254
04-26 02:06:08.264 I/Gonk    (   84): Setting nice for pid 2713 to 1
04-26 02:06:08.264 I/Gonk    (   84): Changed nice for pid 2713 from 18 to 1.
04-26 02:06:08.434 I/Gecko   (   84): [Parent 84] WARNING: waitpid failed pid:2611 errno:10: file ../../../gecko/ipc/chromium/src/base/process_util_posix.cc, line 254
04-26 02:06:08.434 I/Gecko   (   84): [Parent 84] WARNING: Failed to deliver SIGKILL to 2611!(3).: file ../../../gecko/ipc/chromium/src/chrome/common/process_watcher_posix_sigchld.cc, line 118
04-26 02:06:09.074 I/Gecko   ( 2713): ###################################### forms.js loaded
04-26 02:06:09.084 I/Gecko   ( 2713): ############################### browserElementPanning.js loaded
04-26 02:06:09.104 I/Gecko   ( 2713): ######################## BrowserElementChildPreload.js loaded
04-26 02:06:09.174 I/Gecko   (   84): 
04-26 02:06:09.174 I/Gecko   (   84): ###!!! [Parent][MessageChannel] Error: Channel error: cannot send/recv
04-26 02:06:09.174 I/Gecko   (   84): 
04-26 02:06:09.174 E/GeckoConsole(   84): [JavaScript Error: "[Exception... "Component returned failure code: 0x80070057 (NS_ERROR_ILLEGAL_VALUE) [nsIXPCComponents_Utils.isDeadWrapper]"  nsresult: "0x80070057 (NS_ERROR_ILLEGAL_VALUE)"  location: "JS frame :: resource://gre/modules/BrowserElementParent.jsm :: BrowserElementParent.prototype._isAlive :: line 34"  data: no]" {file: "resource://gre/modules/BrowserElementParent.jsm" line: 34}]
04-26 02:06:09.204 I/GeckoDump(   84): Crash reporter : Can't fetch app.reportCrashes. Exception: [Exception... "Component returned failure code: 0x8000ffff (NS_ERROR_UNEXPECTED) [nsIPrefBranch.getBoolPref]"  nsresult: "0x8000ffff (NS_ERROR_UNEXPECTED)"  location: "JS frame :: chrome://browser/content/shell.js :: shell_reportCrash :: line 7"  data: no]
04-26 02:06:09.204 I/Gecko   (   84): [Parent 84] WARNING: waitpid failed pid:2677 errno:10: file ../../../gecko/ipc/chromium/src/base/process_util_posix.cc, line 254
04-26 02:06:09.254 I/Gonk    (   84): Setting nice for pid 2724 to 18
04-26 02:06:09.254 I/Gonk    (   84): Changed nice for pid 2724 from 0 to 18.
04-26 02:06:10.704 E/GeckoConsole( 2713): [JavaScript Warning: "Expected media feature name but found '-webkit-min-device-pixel-ratio'." {file: "http://s3-ak.buzzfed.com/static/css/ccss/mobile/mobile.feed.css?v=201404251347" line: 57 column: 19 source: "@media screen and (-webkit-min-device-pixel-ratio: 2) { .es .page_header .language-header { background-image: url(/static/images/mobile/locale_title_espanol@2x.png?v=201404251347); }"}]
04-26 02:06:10.704 E/GeckoConsole( 2713): [JavaScript Warning: "Error in parsing value for 'background'.  Declaration dropped." {file: "http://s3-ak.buzzfed.com/static/css/ccss/mobile/mobile.feed.css?v=201404251347" line: 131 column: 143 source: ".feednav .section_header { clear: left; border-top: 1px solid rgba(255, 255, 255, 0.1); border-bottom: 1px solid black; margin: 0; background: -webkit-gradient(linear, left top, left bottom, color-stop(0%, #373737), color-stop(100%, #303030)); background: -webkit-linear-gradient(top, #303030 0%, #373737 100%); background: linear-gradient(to bottom, #303030 0%, #373737 100%); position: relative; }"}]
04-26 02:06:10.714 E/GeckoConsole( 2713): [JavaScript Warning: "Error in parsing value for 'background'.  Declaration dropped." {file: "http://s3-ak.buzzfed.com/static/css/ccss/mobile/mobile.feed.css?v=201404251347" line: 131 column: 256 source: ".feednav .section_header { clear: left; border-top: 1px solid rgba(255, 255, 255, 0.1); border-bottom: 1px solid black; margin: 0; background: -webkit-gradient(linear, left top, left bottom, color-stop(0%, #373737), color-stop(100%, #303030)); background: -webkit-linear-gradient(top, #303030 0%, #373737 100%); background: linear-gradient(to bottom, #303030 0%, #373737 100%); position: relative; }"}]
04-26 02:06:10.724 E/GeckoConsole( 2713): [JavaScript Warning: "Expected media feature name but found '-webkit-min-device-pixel-ratio'." {file: "http://s3-ak.buzzfed.com/static/css/ccss/mobile/mobile.feed.css?v=201404251347" line: 201 column: 19 source: "@media screen and (-webkit-min-device-pixel-ratio: 2) { .badges.en a { background-image: url(/static/images/mobile/badges-en@2x.png?v=201404251347); }"}]
04-26 02:06:10.734 E/GeckoConsole( 2713): [JavaScript Warning: "Error in parsing value for 'display'.  Declaration dropped." {file: "http://s3-ak.buzzfed.com/static/css/ccss/mobile/mobile.feed.css?v=201404251347" line: 244 column: 21 source: ".flex_row { display: -webkit-box; display: -moz-box; display: -ms-flexbox; display: -webkit-flex; display: flex; -webkit-box-direction: normal; -moz-box-direction: normal; -webkit-box-orient: horizontal; -moz-box-orient: horizontal; -webkit-flex-direction: row; -ms-flex-direction: row; flex-direction: row; -webkit-flex-wrap: nowrap; -ms-flex-wrap: nowrap; flex-wrap: nowrap; -webkit-box-pack: start; -moz-box-pack: start; -webkit-justify-content: flex-start; -ms-flex-pack: start; justify-content: flex-start; -webkit-align-content: stretch; -ms-flex-line-pack: stretch; align-content: stretch; -webkit-box-align: end; -moz-box-align: end; -webkit-align-items: flex-end; -ms-flex-align: end; align-items: flex-end; }"}]
04-26 02:06:10.734 E/GeckoConsole( 2713): [JavaScript Warning: "Error in parsing value for 'display'.  Declaration dropped." {file: "http://s3-ak.buzzfed.com/static/css/ccss/mobile/mobile.feed.css?v=201404251347" line: 244 column: 62 source: ".flex_row { display: -webkit-box; display: -moz-box; display: -ms-flexbox; display: -webkit-flex; display: flex; -webkit-box-direction: normal; -moz-box-direction: normal; -webkit-box-orient: horizontal; -moz-box-orient: horizontal; -webkit-flex-direction: row; -ms-flex-direction: row; flex-direction: row; -webkit-flex-wrap: nowrap; -ms-flex-wrap: nowrap; flex-wrap: nowrap; -webkit-box-pack: start; -moz-box-pack: start; -webkit-justify-content: flex-start; -ms-flex-pack: start; justify-content: flex-start; -webkit-align-content: stretch; -ms-flex-line-pack: stretch; align-content: stretch; -webkit-box-align: end; -moz-box-align: end; -webkit-align-items: flex-end; -ms-flex-align: end; align-items: flex-end; }"}]
04-26 02:06:10.734 E/GeckoConsole( 2713): [JavaScript Warning: "Error in parsing value for 'display'.  Declaration dropped." {file: "http://s3-ak.buzzfed.com/static/css/ccss/mobile/mobile.feed.css?v=201404251347" line: 244 column: 84 source: ".flex_row { display: -webkit-box; display: -moz-box; display: -ms-flexbox; display: -webkit-flex; display: flex; -webkit-box-direction: normal; -moz-box-direction: normal; -webkit-box-orient: horizontal; -moz-box-orient: horizontal; -webkit-flex-direction: row; -ms-flex-direction: row; flex-direction: row; -webkit-flex-wrap: nowrap; -ms-flex-wrap: nowrap; flex-wrap: nowrap; -webkit-box-pack: start; -moz-box-pack: start; -webkit-justify-content: flex-start; -ms-flex-pack: start; justify-content: flex-start; -webkit-align-content: stretch; -ms-flex-line-pack: stretch; align-content: stretch; -webkit-box-align: end; -moz-box-align: end; -webkit-align-items: flex-end; -ms-flex-align: end; align-items: flex-end; }"}]
04-26 02:06:10.744 E/GeckoConsole( 2713): [JavaScript Warning: "Unknown property 'speak'.  Declaration dropped." {file: "http://s3-ak.buzzfed.com/static/css/ccss/mobile/mobile.feed.css?v=201404251347" line: 288 column: 52 source: "[class*="icon-"] { font-family: 'mobileicons'; speak: none; font-style: normal; font-weight: normal; font-variant: normal; text-transform: none; line-height: 1; /* Better Font Rendering =========== */ -webkit-font-smoothing: antialiased; -moz-osx-font-smoothing: grayscale; }"}]
04-26 02:06:10.744 E/GeckoConsole( 2713): [JavaScript Warning: "Unknown property '-moz-osx-font-smoothing'.  Declaration dropped." {file: "http://s3-ak.buzzfed.com/static/css/ccss/mobile/mobile.feed.css?v=201404251347" line: 288 column: 261 source: "[class*="icon-"] { font-family: 'mobileicons'; speak: none; font-style: normal; font-weight: normal; font-variant: normal; text-transform: none; line-height: 1; /* Better Font Rendering =========== */ -webkit-font-smoothing: antialiased; -moz-osx-font-smoothing: grayscale; }"}]
04-26 02:06:10.744 E/GeckoConsole( 2713): [JavaScript Warning: "Unknown property 'zoom'.  Declaration dropped." {file: "http://s3-ak.buzzfed.com/static/css/ccss/mobile/mobile.feed.css?v=201404251347" line: 349 column: 58 source: ".media-abtest, .media-abtest-body { overflow: hidden; zoom: 1; }"}]
04-26 02:06:10.774 E/GeckoConsole( 2713): [JavaScript Warning: "Error in parsing value for 'display'.  Declaration dropped." {file: "http://s3-ak.buzzfed.com/static/css/ccss/mobile/mobile.feed.css?v=201404251347" line: 569 column: 91 source: ".community .feed .post .inline-share-buttons, .community .feed .post .user-info { display: -webkit-box; display: box; display: flex; display: -webkit-flex; -webkit-box-orient: horizontal; box-orient: horizontal; -webkit-flex-direction: row; -webkit-align-items: flex-start; align-items: flex-start; }"}]
04-26 02:06:10.774 E/GeckoConsole( 2713): [JavaScript Warning: "Error in parsing value for 'display'.  Declaration dropped." {file: "http://s3-ak.buzzfed.com/static/css/ccss/mobile/mobile.feed.css?v=201404251347" line: 569 column: 113 source: ".community .feed .post .inline-share-buttons, .community .feed .post .user-info { display: -webkit-box; display: box; display: flex; display: -webkit-flex; -webkit-box-orient: horizontal; box-orient: horizontal; -webkit-flex-direction: row; -webkit-align-items: flex-start; align-items: flex-start; }"}]
04-26 02:06:10.774 E/GeckoConsole( 2713): [JavaScript Warning: "Error in parsing value for 'display'.  Declaration dropped." {file: "http://s3-ak.buzzfed.com/static/css/ccss/mobile/mobile.feed.css?v=201404251347" line: 569 column: 142 source: ".community .feed .post .inline-share-buttons, .community .feed .post .user-info { display: -webkit-box; display: box; display: flex; display: -webkit-flex; -webkit-box-orient: horizontal; box-orient: horizontal; -webkit-flex-direction: row; -webkit-align-items: flex-start; align-items: flex-start; }"}]
04-26 02:06:10.774 E/GeckoConsole( 2713): [JavaScript Warning: "Unknown property 'box-orient'.  Declaration dropped." {file: "http://s3-ak.buzzfed.com/static/css/ccss/mobile/mobile.feed.css?v=201404251347" line: 569 column: 198 source: ".community .feed .post .inline-share-buttons, .community .feed .post .user-info { display: -webkit-box; display: box; display: flex; display: -webkit-flex; -webkit-box-orient: horizontal; box-orient: horizontal; -webkit-flex-direction: row; -webkit-align-items: flex-start; align-items: flex-start; }"}]
04-26 02:06:10.774 E/GeckoConsole( 2713): [JavaScript Warning: "Unknown property 'box-flex'.  Declaration dropped." {file: "http://s3-ak.buzzfed.com/static/css/ccss/mobile/mobile.feed.css?v=201404251347" line: 583 column: 213 source: ".community .feed .post .user-info .user-info-username { display: block; line-height: 24px; font-weight: bold; vertical-align: top; color: #34b2bb; padding: 0 0 0 6px; -webkit-flex: 1; -webkit-box-flex: 1; box-flex: 1; text-decoration: none; }"}]
04-26 02:06:10.774 E/GeckoConsole( 2713): [JavaScript Warning: "Unknown property 'box-flex'.  Declaration dropped." {file: "http://s3-ak.buzzfed.com/static/css/ccss/mobile/mobile.feed.css?v=201404251347" line: 591 column: 136 source: ".community .feed .post .inline-share-buttons a:last-child { margin: 0; text-align: right; -webkit-flex: 1; -webkit-box-flex: 1; box-flex: 1; }"}]
04-26 02:06:10.784 E/GeckoConsole( 2713): [JavaScript Warning: "Error in parsing value for 'display'.  Declaration dropped." {file: "http://s3-ak.buzzfed.com/static/css/ccss/mobile/mobile.feed.css?v=201404251347" line: 601 column: 60 source: ".community .feed.top-users .user { margin: 20px 0; display: -webkit-box; display: box; display: -webkit-flex; -webkit-box-orient: horizontal; box-orient: horizontal; -webkit-flex-direction: row; -webkit-box-align: center; -webkit-align-items: flex-center; position: relative; }"}]
04-26 02:06:10.784 E/GeckoConsole( 2713): [JavaScript Warning: "Error in parsing value for 'display'.  Declaration dropped." {file: "http://s3-ak.buzzfed.com/static/css/ccss/mobile/mobile.feed.css?v=201404251347" line: 601 column: 82 source: ".community .feed.top-users .user { margin: 20px 0; display: -webkit-box; display: box; display: -webkit-flex; -webkit-box-orient: horizontal; box-orient: horizontal; -webkit-flex-direction: row; -webkit-box-align: center; -webkit-align-items: flex-center; position: relative; }"}]
04-26 02:06:10.784 E/GeckoConsole( 2713): [JavaScript Warning: "Error in parsing value for 'display'.  Declaration dropped." {file: "http://s3-ak.buzzfed.com/static/css/ccss/mobile/mobile.feed.css?v=201404251347" line: 601 column: 96 source: ".community .feed.top-users .user { margin: 20px 0; display: -webkit-box; display: box; display: -webkit-flex; -webkit-box-orient: horizontal; box-orient: horizontal; -webkit-flex-direction: row; -webkit-box-align: center; -webkit-align-items: flex-center; position: relative; }"}]
04-26 02:06:10.784 E/GeckoConsole( 2713): [JavaScript Warning: "Unknown property 'box-orient'.  Declaration dropped." {file: "http://s3-ak.buzzfed.com/static/css/ccss/mobile/mobile.feed.css?v=201404251347" line: 601 column: 152 source: ".community .feed.top-users .user { margin: 20px 0; display: -webkit-box; display: box; display: -webkit-flex; -webkit-box-orient: horizontal; box-orient: horizontal; -webkit-flex-direction: row; -webkit-box-align: center; -webkit-align-items: flex-center; position: relative; }"}]
04-26 02:06:10.784 E/GeckoConsole( 2713): [JavaScript Warning: "Unknown property 'box-flex'.  Declaration dropped." {file: "http://s3-ak.buzzfed.com/static/css/ccss/mobile/mobile.feed.css?v=201404251347" line: 605 column: 71 source: ".community .feed.top-users .user .user-info { -webkit-flex: 1; box-flex: 1; min-height: 0; height: auto; width: 100%; }"}]
04-26 02:06:10.784 E/GeckoConsole( 2713): [JavaScript Warning: "Unknown property 'box-sizing'.  Declaration dropped." {file: "http://s3-ak.buzzfed.com/static/css/ccss/mobile/mobile.feed.css?v=201404251347" line: 628 column: 75 source: ".user .feed.posts { width: 100%; -webkit-box-sizing: border-box; box-sizing: border-box; }"}]
04-26 02:06:10.794 E/GeckoConsole( 2713): [JavaScript Warning: "Unknown property 'box-sizing'.  Declaration dropped." {file: "http://s3-ak.buzzfed.com/static/css/ccss/mobile/mobile.feed.css?v=201404251347" line: 769 column: 177 source: ".ignore-prompt-button { display: block; height: 20px; width: 20px; padding-top: 2px; margin-top: -10px; border-radius: 10px; position: absolute; left: 10px; top: 50%; box-sizing: border-box; background: #ddd; color: #fff; font-weight: normal; text-align: center; text-decoration: none; }"}]
04-26 02:06:10.794 E/GeckoConsole( 2713): [JavaScript Warning: "Unknown property 'box-sizing'.  Declaration dropped." {file: "http://s3-ak.buzzfed.com/static/css/ccss/mobile/mobile.feed.css?v=201404251347" line: 777 column: 62 source: ".ideas-splash-wrp { -webkit-box-sizing: border-box; box-sizing: border-box; margin: 0 5px -5px; }"}]
04-26 02:06:10.794 E/GeckoConsole( 2713): [JavaScript Warning: "Error in parsing value for 'background'.  Declaration dropped." {file: "http://s3-ak.buzzfed.com/static/css/ccss/mobile/mobile.feed.css?v=201404251347" line: 802 column: 31 source: ".facebook.button { background: -webkit-gradient(linear, left top, left bottom, from(#39568d), to(#293d64)); color: white; border: 1px solid #39568D; font-weight: bold; text-shadow: 0 1px 1px black; padding: 8px; }"}]
04-26 02:06:10.804 E/GeckoConsole( 2713): [JavaScript Warning: "Error in parsing value for 'background'.  Declaration dropped." {file: "http://s3-ak.buzzfed.com/static/css/ccss/mobile/mobile.feed.css?v=201404251347" line: 836 column: 69 source: ".dialog .button { padding: 5px 15px; margin-right: 15px; background: -webkit-gradient(linear, left top, left bottom, from(#dddddd), to(#bbbbbb)); color: #666; border: 1px solid #BBB; text-shadow: none; text-decoration: none; }"}]
04-26 02:06:10.804 E/GeckoConsole( 2713): [JavaScript Warning: "Error in parsing value for 'background'.  Declaration dropped." {file: "http://s3-ak.buzzfed.com/static/css/ccss/mobile/mobile.feed.css?v=201404251347" line: 838 column: 33 source: ".dialog .button.ok { background: -webkit-gradient(linear, left top, left bottom, from(#3e9cf7), to(#0077ee)); color: white; border: 1px solid #07E; }"}]
04-26 02:06:10.804 E/GeckoConsole( 2713): [JavaScript Warning: "Error in parsing value for 'background-image'.  Declaration dropped." {file: "http://s3-ak.buzzfed.com/static/css/ccss/mobile/mobile.feed.css?v=201404251347" line: 840 column: 110 source: ".dialog .actions .button.submitting { background-image: url(/static/images/terminal/bookmarklet/spinner.gif), -webkit-gradient(linear, left top, left bottom, from(#3e9cf7), to(#0077ee)); background-repeat: no-repeat; background-position: center center; background-color: #07E; text-indent: -9999px; }"}]
04-26 02:06:10.804 E/GeckoConsole( 2713): [JavaScript Warning: "Error in parsing value for 'background-image'.  Declaration dropped." {file: "http://s3-ak.buzzfed.com/static/css/ccss/mobile/mobile.feed.css?v=201404251347" line: 857 column: 77 source: "#login .fb_button, .timelineBtn { background: transparent; background-image: -webkit-gradient(linear, 49% 0%, 49% 33%, color-stop(0, #7187b4), color-stop(1, #3b5998)); background-image: linear-gradient(to bottom, #7187b4 0%, #3b5998 100%); background-image: -webkit-linear-gradient(-90deg, #7187b4 0%, #3b5998 100%); color: white; font-family: "Lucida Grande",verdana,tahoma,sans-serif; text-shadow: none; border-radius: 9px; }"}]
04-26 02:06:10.804 E/GeckoConsole( 2713): [JavaScript Warning: "Error in parsing value for 'background-image'.  Declaration dropped." {file: "http://s3-ak.buzzfed.com/static/css/ccss/mobile/mobile.feed.css?v=201404251347" line: 857 column: 258 source: "#login .fb_button, .timelineBtn { background: transparent; background-image: -webkit-gradient(linear, 49% 0%, 49% 33%, color-stop(0, #7187b4), color-stop(1, #3b5998)); background-image: linear-gradient(to bottom, #7187b4 0%, #3b5998 100%); background-image: -webkit-linear-gradient(-90deg, #7187b4 0%, #3b5998 100%); color: white; font-family: "Lucida Grande",verdana,tahoma,sans-serif; text-shadow: none; border-radius: 9px; }"}]
04-26 02:06:10.804 E/GeckoConsole( 2713): [JavaScript Warning: "Error in parsing value for 'background'.  Declaration dropped." {file: "http://s3-ak.buzzfed.com/static/css/ccss/mobile/mobile.feed.css?v=201404251347" line: 861 column: 39 source: "#login .fb_button:active { background: -webkit-gradient(linear, left top, left bottom, from(#5d72c6), to(#1d4088)); background: linear-gradient(to bottom, #5d72c6 0%, #1d4088 100%); }"}]
04-26 02:06:10.804 E/GeckoConsole( 2713): [JavaScript Warning: "Unknown property '-moz-border-radius'.  Declaration dropped." {file: "http://s3-ak.buzzfed.com/static/css/ccss/mobile/mobile.feed.css?v=201404251347" line: 867 column: 229 source: ".facebook-login-button { padding: 5px 13px; font-size: 15px; line-height: 2; font-weight: bold; font-family: arial,"ProximaNova", Helvetica,verdana,sans-serif; color: #fff; background: #07e; border-radius: 4px; -moz-border-radius: 4px; background: -webkit-gradient(linear, left top, left bottom, from(#2299ff), to(#1166dd)); background-image: -moz-linear-gradient(top, #2299ff, #1166dd); border: 1px solid #07e; text-shadow: 1px 1px 1px rgba(0, 0, 0, 0.2); -moz-text-shadow: 1px 1px 1px rgba(0, 0, 0, 0.2); }"}]
04-26 02:06:10.804 E/GeckoConsole( 2713): [JavaScript Warning: "Error in parsing value for 'background'.  Declaration dropped." {file: "http://s3-ak.buzzfed.com/static/css/ccss/mobile/mobile.feed.css?v=201404251347" line: 867 column: 248 source: ".facebook-login-button { padding: 5px 13px; font-size: 15px; line-height: 2; font-weight: bold; font-family: arial,"ProximaNova", Helvetica,verdana,sans-serif; color: #fff; background: #07e; border-radius: 4px; -moz-border-radius: 4px; background: -webkit-gradient(linear, left top, left bottom, from(#2299ff), to(#1166dd)); background-image: -moz-linear-gradient(top, #2299ff, #1166dd); border: 1px solid #07e; text-shadow: 1px 1px 1px rgba(0, 0, 0, 0.2); -moz-text-shadow: 1px 1px 1px rgba(0, 0, 0, 0.2); }"}]
04-26 02:06:10.814 E/GeckoConsole( 2713): [JavaScript Warning: "Unknown property '-moz-text-shadow'.  Declaration dropped." {file: "http://s3-ak.buzzfed.com/static/css/ccss/mobile/mobile.feed.css?v=201404251347" line: 867 column: 473 source: ".facebook-login-button { padding: 5px 13px; font-size: 15px; line-height: 2; font-weight: bold; font-family: arial,"ProximaNova", Helvetica,verdana,sans-serif; color: #fff; background: #07e; border-radius: 4px; -moz-border-radius: 4px; background: -webkit-gradient(linear, left top, left bottom, from(#2299ff), to(#1166dd)); background-image: -moz-linear-gradient(top, #2299ff, #1166dd); border: 1px solid #07e; text-shadow: 1px 1px 1px rgba(0, 0, 0, 0.2); -moz-text-shadow: 1px 1px 1px rgba(0, 0, 0, 0.2); }"}]
04-26 02:06:10.814 E/GeckoConsole( 2713): [JavaScript Warning: "Expected 'none' or URL but found 'progid'.  Error in parsing value for 'filter'.  Declaration dropped." {file: "http://s3-ak.buzzfed.com/static/css/ccss/mobile/mobile.feed.css?v=201404251347" line: 869 column: 156 source: ".facebook-login-button { display: inline-block; padding: 0; height: 22px; font: bold 12px/1 "Lucida Grande",verdana,tahoma,sans-serif; color: #fff; filter: progid:DXImageTransform.Microsoft.gradient(startColorstr='#6D84B4', endColorstr='#415495'); background: -webkit-gradient(linear, left top, left bottom, from(#6d84b4), to(#415495)); background-image: -moz-linear-gradient(top, #6d84b4, #596c95); border: 1px solid #3B5998; margin-bottom: 7px; }"}]
04-26 02:06:10.814 E/GeckoConsole( 2713): [JavaScript Warning: "Error in parsing value for 'background'.  Declaration dropped." {file: "http://s3-ak.buzzfed.com/static/css/ccss/mobile/mobile.feed.css?v=201404251347" line: 869 column: 260 source: ".facebook-login-button { display: inline-block; padding: 0; height: 22px; font: bold 12px/1 "Lucida Grande",verdana,tahoma,sans-serif; color: #fff; filter: progid:DXImageTransform.Microsoft.gradient(startColorstr='#6D84B4', endColorstr='#415495'); background: -webkit-gradient(linear, left top, left bottom, from(#6d84b4), to(#415495)); background-image: -moz-linear-gradient(top, #6d84b4, #596c95); border: 1px solid #3B5998; margin-bottom: 7px; }"}]
04-26 02:06:11.204 I/Gecko   (   84): [Parent 84] WARNING: waitpid failed pid:2677 errno:10: file ../../../gecko/ipc/chromium/src/base/process_util_posix.cc, line 254
04-26 02:06:11.204 I/Gecko   (   84): [Parent 84] WARNING: Failed to deliver SIGKILL to 2677!(3).: file ../../../gecko/ipc/chromium/src/chrome/common/process_watcher_posix_sigchld.cc, line 118
04-26 02:06:12.494 I/Gecko   ( 2724): ###################################### forms.js loaded
04-26 02:06:12.534 I/Gecko   ( 2724): ############################### browserElementPanning.js loaded
04-26 02:06:12.674 I/Gecko   ( 2724): ######################## BrowserElementChildPreload.js loaded
04-26 02:06:14.374 W/WifiHW  (   84): wifi_command: SIGNAL_POLL
04-26 02:06:19.584 W/WifiHW  (   84): wifi_command: SIGNAL_POLL
04-26 02:06:24.444 E/GeckoConsole( 2713): [JavaScript Warning: "Error in parsing value for 'height'.  Declaration dropped." {file: "http://www.buzzfeed.com/?s=mobile" line: 0 column: 0 source: "1"}]
04-26 02:06:24.444 E/GeckoConsole( 2713): [JavaScript Warning: "Error in parsing value for 'width'.  Declaration dropped." {file: "http://www.buzzfeed.com/?s=mobile" line: 0 column: 0 source: "1"}]
04-26 02:06:24.584 W/WifiHW  (   84): wifi_command: SIGNAL_POLL
04-26 02:06:29.604 W/WifiHW  (   84): wifi_command: SIGNAL_POLL
04-26 02:06:35.134 W/WifiHW  (   84): wifi_command: SIGNAL_POLL
04-26 02:06:42.824 I/GonkMemoryPressure(   84): Checking to see if memory pressure is over.
04-26 02:06:42.824 I/GonkMemoryPressure(   84): Memory pressure is over.
04-26 02:06:42.824 I/GonkMemoryPressure( 2713): Checking to see if memory pressure is over.
04-26 02:06:42.824 I/GonkMemoryPressure( 2713): Memory pressure is over.
04-26 02:06:42.884 E/GeckoConsole( 2713): [JavaScript Warning: "Unknown property 'box-sizing'.  Declaration dropped." {file: "http://www.buzzfeed.com/?s=mobile" line: 0 column: 10 source: "box-sizing:border-box;-moz-box-sizing:border-box;-webkit-box-sizing:border-box;padding:1px;border:1px;display:block;width:4px;margin-top:1%;position:absolute;top:1%;"}]
04-26 02:06:44.114 I/GonkMemoryPressure( 2724): Checking to see if memory pressure is over.
04-26 02:06:44.114 I/GonkMemoryPressure( 2724): Memory pressure is over.
04-26 02:06:45.524 W/WifiHW  (   84): wifi_command: SIGNAL_POLL
04-26 02:06:46.034 I/Gecko   (   84): 1398503205996	Marionette	INFO	sendToClient: {"from":"0","error":{"message":"timed out","status":28,"stacktrace":null}}, {cd1508c5-d2d2-4695-b968-f2b3c7a2a601}, {cd1508c5-d2d2-4695-b968-f2b3c7a2a601}
04-26 02:06:47.144 I/Gecko   (   84): 1398503207155	Marionette	DEBUG	Got request: switchToFrame, data: {"to":"0","sessionId":"3-b2g","name":"switchToFrame","parameters":{"id":null,"focus":true}}, id: {71e0d0bd-0031-4f26-93db-c1d70d485120}
04-26 02:06:47.714 I/Gecko   (   84): 1398503207721	Marionette	INFO	Switched to frame: {"frameValue":null}
04-26 02:06:47.724 E/GeckoConsole( 2713): [JavaScript Warning: "Unknown property '-moz-border-radius'.  Declaration dropped." {file: "http://www.buzzfeed.com/?s=mobile" line: 2 column: 184 source: ".fb_dialog{background:rgba(82, 82, 82, .7);position:absolute;top:-10000px;z-index:10001}.fb_reset .fb_dialog_legacy{overflow:visible}.fb_dialog_advanced{padding:10px;-moz-border-radius:8px;-webkit-border-radius:8px;border-radius:8px}.fb_dialog_content{background:#fff;color:#333}.fb_dialog_close_icon{background:url(http://static.ak.fbcdn.net/rsrc.php/v2/yq/r/IE9JII6Z1Ys.png) no-repeat scroll 0 0 transparent;_background-image:url(http://static.ak.fbcdn.net/rsrc.php/v2/yL/r/s816eWC-2sl.gif);cursor:pointer;display:block;height:15px;position:absolute;right:18px;top:17px;width:15px}.fb_dialog_mobile .fb_dialog_close_icon{top:5px;left:5px;right:auto}.fb_dialog_padding{background-color:transparent;position:absolute;width:1px;z-index:-1}.fb_dialog_close_icon:hover{background:url(http://static.ak.fbcdn.net/rsrc.php/v2/yq/r/IE9JII6Z1Ys.png) no-repeat scroll 0 -15px 
04-26 02:06:47.874 E/GeckoConsole( 2713): [JavaScript Warning: "Expected 'none' or URL but found 'alpha('.  Error in parsing value for 'filter'.  Declaration dropped." {file: "http://www.buzzfeed.com/?s=mobile" line: 2 column: 2112 source: ".fb_dialog{background:rgba(82, 82, 82, .7);position:absolute;top:-10000px;z-index:10001}.fb_reset .fb_dialog_legacy{overflow:visible}.fb_dialog_advanced{padding:10px;-moz-border-radius:8px;-webkit-border-radius:8px;border-radius:8px}.fb_dialog_content{background:#fff;color:#333}.fb_dialog_close_icon{background:url(http://static.ak.fbcdn.net/rsrc.php/v2/yq/r/IE9JII6Z1Ys.png) no-repeat scroll 0 0 transparent;_background-image:url(http://static.ak.fbcdn.net/rsrc.php/v2/yL/r/s816eWC-2sl.gif);cursor:pointer;display:block;height:15px;position:absolute;right:18px;top:17px;width:15px}.fb_dialog_mobile .fb_dialog_close_icon{top:5px;left:5px;right:auto}.fb_dialog_padding{background-color:transparent;position:absolute;width:1px;z-index:-1}.fb_dialog_close_icon:hover{background:url(http://static.ak.fbcdn.net/rsrc.php/v2/yq/r
04-26 02:06:47.954 E/GeckoConsole( 2713): [JavaScript Warning: "Error in parsing value for 'background'.  Declaration dropped." {file: "http://www.buzzfeed.com/?s=mobile" line: 2 column: 3578 source: ".fb_dialog{background:rgba(82, 82, 82, .7);position:absolute;top:-10000px;z-index:10001}.fb_reset .fb_dialog_legacy{overflow:visible}.fb_dialog_advanced{padding:10px;-moz-border-radius:8px;-webkit-border-radius:8px;border-radius:8px}.fb_dialog_content{background:#fff;color:#333}.fb_dialog_close_icon{background:url(http://static.ak.fbcdn.net/rsrc.php/v2/yq/r/IE9JII6Z1Ys.png) no-repeat scroll 0 0 transparent;_background-image:url(http://static.ak.fbcdn.net/rsrc.php/v2/yL/r/s816eWC-2sl.gif);cursor:pointer;display:block;height:15px;position:absolute;right:18px;top:17px;width:15px}.fb_dialog_mobile .fb_dialog_close_icon{top:5px;left:5px;right:auto}.fb_dialog_padding{background-color:transparent;position:absolute;width:1px;z-index:-1}.fb_dialog_close_icon:hover{background:url(http://static.ak.fbcdn.net/rsrc.php/v2/yq/r/IE9JII6Z1Ys.png) no-repeat scroll 0 -15
04-26 02:06:47.964 E/GeckoConsole( 2713): [JavaScript Warning: "Error in parsing value for 'background'.  Declaration dropped." {file: "http://www.buzzfeed.com/?s=mobile" line: 2 column: 4247 source: ".fb_dialog{background:rgba(82, 82, 82, .7);position:absolute;top:-10000px;z-index:10001}.fb_reset .fb_dialog_legacy{overflow:visible}.fb_dialog_advanced{padding:10px;-moz-border-radius:8px;-webkit-border-radius:8px;border-radius:8px}.fb_dialog_content{background:#fff;color:#333}.fb_dialog_close_icon{background:url(http://static.ak.fbcdn.net/rsrc.php/v2/yq/r/IE9JII6Z1Ys.png) no-repeat scroll 0 0 transparent;_background-image:url(http://static.ak.fbcdn.net/rsrc.php/v2/yL/r/s816eWC-2sl.gif);cursor:pointer;display:block;height:15px;position:absolute;right:18px;top:17px;width:15px}.fb_dialog_mobile .fb_dialog_close_icon{top:5px;left:5px;right:auto}.fb_dialog_padding{background-color:transparent;position:absolute;width:1px;z-index:-1}.fb_dialog_close_icon:hover{background:url(http://static.ak.fbcdn.net/rsrc.php/v2/yq/r/IE9JII6Z1Ys.png) no-repeat scroll 0 -15
04-26 02:06:47.984 E/GeckoConsole( 2713): [JavaScript Warning: "Unknown property 'zoom'.  Declaration dropped." {file: "http://www.buzzfeed.com/?s=mobile" line: 3 column: 475 source: ".fb_iframe_widget{display:inline-block;position:relative}.fb_iframe_widget span{display:inline-block;position:relative;text-align:justify}.fb_iframe_widget iframe{position:absolute}.fb_iframe_widget_lift{z-index:1}.fb_hide_iframes iframe{position:relative;left:-10000px}.fb_iframe_widget_loader{position:relative;display:inline-block}.fb_iframe_widget_fluid{display:inline}.fb_iframe_widget_fluid span{width:100%}.fb_iframe_widget_loader iframe{min-height:32px;z-index:2;zoom:1}.fb_iframe_widget_loader .FB_Loader{background:url(http://static.ak.fbcdn.net/rsrc.php/v2/y9/r/jKEcVPZFk-2.gif) no-repeat;height:32px;width:32px;margin-left:-16px;position:absolute;left:50%;z-index:4}"}]
04-26 02:06:47.984 I/Gecko   (   84): 1398503207993	Marionette	INFO	sendToClient: {"from":"0","ok":true}, {71e0d0bd-0031-4f26-93db-c1d70d485120}, {71e0d0bd-0031-4f26-93db-c1d70d485120}
04-26 02:06:47.994 I/Gecko   (   84): 1398503208010	Marionette	DEBUG	Got request: executeWithCallback, data: {"to":"0","sessionId":"3-b2g","name":"executeAsyncScript","parameters":{"specialPowers":false,"scriptTimeout":60000,"newSandbox":true,"args":[],"filename":"app_checker.py","script":"\n        GaiaApps.locateWithManifestURL('http://www.buzzfeed.com/static/mobile/manifest.webapp',\n                                       null,\n                                       function uninstall(app) {\n                                       navigator.mozApps.mgmt.uninstall(app);\n                                       marionetteScriptFinished(true);\n                                       });\n        ","line":129}}, id: {0b118095-5208-4850-a04c-760e4a75a7d3}
04-26 02:06:47.994 E/GeckoConsole( 2713): [JavaScript Warning: "Error in parsing value for 'top'.  Declaration dropped." {file: "http://www.buzzfeed.com/?s=mobile" line: 4 column: 845 source: ".fb_connect_bar_container div,.fb_connect_bar_container span,.fb_connect_bar_container a,.fb_connect_bar_container img,.fb_connect_bar_container strong{background:none;border-spacing:0;border:0;direction:ltr;font-style:normal;font-variant:normal;letter-spacing:normal;line-height:1;margin:0;overflow:visible;padding:0;text-align:left;text-decoration:none;text-indent:0;text-shadow:none;text-transform:none;visibility:visible;white-space:normal;word-spacing:normal;vertical-align:baseline}.fb_connect_bar_container{position:fixed;left:0 !important;right:0 !important;height:42px !important;padding:0 25px !important;margin:0 !important;vertical-align:middle !important;border-bottom:1px solid #333 !important;background:#3b5998 !important;z-index:99999999 !important;overflow:hidden !important}.fb_connect_bar_container_ie6{position:absolute;top:expression(document.compatM
04-26 02:06:48.254 I/Gecko   (   84): -- webapps.js uninstall http://www.buzzfeed.com/static/mobile/manifest.webapp
04-26 02:06:49.204 I/Gecko   (   84): 1398503209218	Marionette	INFO	sendToClient: {"from":"0","value":true}, {0b118095-5208-4850-a04c-760e4a75a7d3}, {0b118095-5208-4850-a04c-760e4a75a7d3}