--------- beginning of /dev/log/main
04-25 11:49:07.511 I/Gecko   (   84): 1398451747527	Marionette	INFO	sendToClient: {"from":"0","ok":true}, {8f8d8445-c584-47d9-901a-997e8a69766a}, {8f8d8445-c584-47d9-901a-997e8a69766a}
04-25 11:49:07.561 I/Gecko   (   84): 1398451747570	Marionette	DEBUG	Got request: switchToFrame, data: {"to":"0","sessionId":"3-b2g","name":"switchToFrame","parameters":{"id":null,"focus":true}}, id: {0e20fe23-5043-4d45-bc60-84289ad102b2}
04-25 11:49:07.561 I/Gecko   (   84): 1398451747573	Marionette	INFO	Switched to frame: {"frameValue":null}
04-25 11:49:07.661 I/Gecko   (   84): 1398451747676	Marionette	INFO	sendToClient: {"from":"0","ok":true}, {0e20fe23-5043-4d45-bc60-84289ad102b2}, {0e20fe23-5043-4d45-bc60-84289ad102b2}
04-25 11:49:07.671 I/Gecko   (   84): 1398451747682	Marionette	DEBUG	Got request: executeWithCallback, data: {"to":"0","sessionId":"3-b2g","name":"executeAsyncScript","parameters":{"specialPowers":false,"scriptTimeout":null,"newSandbox":true,"args":[],"filename":"gaia_test.py","script":"return GaiaApps.displayedApp();","line":66}}, id: {b09dd890-9453-4318-ae31-1063a8a75c76}
04-25 11:49:07.731 E/GeckoConsole(  620): Content JS ERROR at app://homescreen.gaiamobile.org/gaia_build_defer_index.js:390 in loadSVConfFileError: Failed parsing singleVariant configuration file [js/singlevariantconf.json]:  [Exception... "File error: Not found"  nsresult: "0x80520012 (NS_ERROR_FILE_NOT_FOUND)"  location: "JS frame :: app://homescreen.gaiamobile.org/gaia_build_defer_index.js :: loadFile :: line 382"  data: no]
04-25 11:49:07.741 I/Gecko   (   84): 1398451747756	Marionette	INFO	sendToClient: {"from":"0","value":{"frame":{"ELEMENT":"{53225160-0583-4f00-b4e8-24a001f89e8c}"},"src":"app://homescreen.gaiamobile.org/index.html#root","name":"Homescreen","origin":"app://homescreen.gaiamobile.org"}}, {b09dd890-9453-4318-ae31-1063a8a75c76}, {b09dd890-9453-4318-ae31-1063a8a75c76}
04-25 11:49:07.751 E/GeckoConsole(   84): Content JS LOG at dummy file:392 in GaiaApps.displayedApp: app with origin 'app://homescreen.gaiamobile.org' is displayed
04-25 11:49:07.751 I/Gecko   (   84): 1398451747767	Marionette	DEBUG	Got request: switchToFrame, data: {"to":"0","sessionId":"3-b2g","name":"switchToFrame","parameters":{"id":null,"focus":true}}, id: {5af4f191-caf0-47d2-9695-4306bc46fa52}
04-25 11:49:07.761 I/Gecko   (   84): 1398451747772	Marionette	INFO	Switched to frame: {"frameValue":null}
04-25 11:49:07.861 I/Gecko   (   84): 1398451747874	Marionette	INFO	sendToClient: {"from":"0","ok":true}, {5af4f191-caf0-47d2-9695-4306bc46fa52}, {5af4f191-caf0-47d2-9695-4306bc46fa52}
04-25 11:49:07.871 I/Gecko   (   84): 1398451747887	Marionette	DEBUG	Got request: switchToFrame, data: {"to":"0","sessionId":"3-b2g","name":"switchToFrame","parameters":{"id":null,"focus":true}}, id: {84e83174-e3ac-4c3f-8d87-ee6b5319d687}
04-25 11:49:07.871 I/Gecko   (   84): 1398451747889	Marionette	INFO	Switched to frame: {"frameValue":null}
04-25 11:49:07.981 I/Gecko   (   84): 1398451747993	Marionette	INFO	sendToClient: {"from":"0","ok":true}, {84e83174-e3ac-4c3f-8d87-ee6b5319d687}, {84e83174-e3ac-4c3f-8d87-ee6b5319d687}
04-25 11:49:07.981 I/Gecko   (   84): 1398451747998	Marionette	DEBUG	Got request: executeWithCallback, data: {"to":"0","sessionId":"3-b2g","name":"executeAsyncScript","parameters":{"specialPowers":false,"scriptTimeout":null,"newSandbox":true,"args":[],"filename":"gaia_test.py","script":"return GaiaApps.displayedApp();","line":66}}, id: {8cb2abc2-99e4-497b-9ca4-cac27b90877b}
04-25 11:49:08.061 W/WifiHW  (   84): wifi_command: SIGNAL_POLL
04-25 11:49:08.071 I/Gecko   (   84): 1398451748080	Marionette	INFO	sendToClient: {"from":"0","value":{"frame":{"ELEMENT":"{53225160-0583-4f00-b4e8-24a001f89e8c}"},"src":"app://homescreen.gaiamobile.org/index.html#root","name":"Homescreen","origin":"app://homescreen.gaiamobile.org"}}, {8cb2abc2-99e4-497b-9ca4-cac27b90877b}, {8cb2abc2-99e4-497b-9ca4-cac27b90877b}
04-25 11:49:08.081 E/GeckoConsole(   84): Content JS LOG at dummy file:392 in GaiaApps.displayedApp: app with origin 'app://homescreen.gaiamobile.org' is displayed
04-25 11:49:08.081 I/Gecko   (   84): 1398451748095	Marionette	DEBUG	Got request: switchToFrame, data: {"to":"0","sessionId":"3-b2g","name":"switchToFrame","parameters":{"focus":true,"element":"{53225160-0583-4f00-b4e8-24a001f89e8c}"}}, id: {58e52aa3-e412-48b9-89e8-982fad483fda}
04-25 11:49:08.131 I/Gecko   (   84): 1398451748140	Marionette	INFO	Switched to frame: {"frameValue":"{53225160-0583-4f00-b4e8-24a001f89e8c}"}
04-25 11:49:08.131 I/Gecko   (   84): 1398451748142	Marionette	INFO	trying remote frame 0
04-25 11:49:08.131 I/Gecko   (   84): 1398451748143	Marionette	INFO	deleting frame
04-25 11:49:08.131 I/Gecko   (   84): 1398451748148	Marionette	INFO	frame-manager load script: [object ChromeMessageSender]
04-25 11:49:08.561 I/Gecko   (   84): 1398451748576	Marionette	INFO	sendToClient: {"from":"0","ok":true}, {58e52aa3-e412-48b9-89e8-982fad483fda}, {58e52aa3-e412-48b9-89e8-982fad483fda}
04-25 11:49:08.641 I/Gecko   (   84): 1398451748657	Marionette	INFO	sendToClient: {"from":"0","value":{"ELEMENT":"{e2bb3d41-d75e-481f-8b4d-dedb1727849a}"}}, {39db020d-29c6-4c3e-927e-cc82740bc64c}, {39db020d-29c6-4c3e-927e-cc82740bc64c}
04-25 11:49:08.931 E/GeckoConsole(  620): [JavaScript Warning: "Use of getAttributeNode() is deprecated. Use getAttribute() instead." {file: "chrome://marionette/content/atoms.js" line: 25}]
04-25 11:49:08.931 E/GeckoConsole(  620): [JavaScript Warning: "Use of attributes' specified attribute is deprecated. It always returns true." {file: "chrome://marionette/content/atoms.js" line: 25}]
04-25 11:49:08.941 I/Gecko   (   84): 1398451748950	Marionette	INFO	sendToClient: {"from":"0","value":"normal"}, {b03ced6c-328d-4abe-b9af-e714071a3f94}, {b03ced6c-328d-4abe-b9af-e714071a3f94}
04-25 11:49:08.941 I/Gecko   (   84): 1398451748956	Marionette	DEBUG	Got request: switchToFrame, data: {"to":"0","sessionId":"3-b2g","name":"switchToFrame","parameters":{"id":null,"focus":true}}, id: {78c8d85a-771e-4d3c-9142-82c94bb02c4e}
04-25 11:49:08.961 I/Gecko   (   84): 1398451748972	Marionette	INFO	Switched to frame: {"frameValue":null}
04-25 11:49:09.071 I/Gecko   (   84): 1398451749082	Marionette	INFO	sendToClient: {"from":"0","ok":true}, {78c8d85a-771e-4d3c-9142-82c94bb02c4e}, {78c8d85a-771e-4d3c-9142-82c94bb02c4e}
04-25 11:49:09.071 I/Gecko   (   84): 1398451749088	Marionette	DEBUG	Got request: execute, data: {"to":"0","sessionId":"3-b2g","name":"executeScript","parameters":{"specialPowers":false,"scriptTimeout":null,"newSandbox":true,"args":[],"filename":"gaia_test.py","script":"window.wrappedJSObject.dispatchEvent(new Event('home'));","line":788}}, id: {79723edf-ddc4-453b-b4e7-92ecf16f6357}
04-25 11:49:09.151 I/Gecko   (   84): 1398451749162	Marionette	INFO	sendToClient: {"from":"0","value":null}, {79723edf-ddc4-453b-b4e7-92ecf16f6357}, {79723edf-ddc4-453b-b4e7-92ecf16f6357}
04-25 11:49:09.161 I/Gecko   (   84): 1398451749171	Marionette	DEBUG	Got request: switchToFrame, data: {"to":"0","sessionId":"3-b2g","name":"switchToFrame","parameters":{"id":null,"focus":true}}, id: {73e82aac-483c-43e9-a27d-d27cb25d6d47}
04-25 11:49:09.171 I/Gecko   (   84): 1398451749181	Marionette	INFO	Switched to frame: {"frameValue":null}
04-25 11:49:09.271 I/Gecko   (   84): 1398451749284	Marionette	INFO	sendToClient: {"from":"0","ok":true}, {73e82aac-483c-43e9-a27d-d27cb25d6d47}, {73e82aac-483c-43e9-a27d-d27cb25d6d47}
04-25 11:49:09.281 I/Gecko   (   84): 1398451749290	Marionette	DEBUG	Got request: switchToFrame, data: {"to":"0","sessionId":"3-b2g","name":"switchToFrame","parameters":{"id":null,"focus":true}}, id: {16e03c24-e872-493e-9c66-ea41b348428a}
04-25 11:49:09.281 I/Gecko   (   84): 1398451749292	Marionette	INFO	Switched to frame: {"frameValue":null}
04-25 11:49:09.381 I/Gecko   (   84): 1398451749397	Marionette	INFO	sendToClient: {"from":"0","ok":true}, {16e03c24-e872-493e-9c66-ea41b348428a}, {16e03c24-e872-493e-9c66-ea41b348428a}
04-25 11:49:09.391 I/Gecko   (   84): 1398451749403	Marionette	DEBUG	Got request: executeWithCallback, data: {"to":"0","sessionId":"3-b2g","name":"executeAsyncScript","parameters":{"specialPowers":false,"scriptTimeout":null,"newSandbox":true,"args":[],"filename":"gaia_test.py","script":"return GaiaApps.displayedApp();","line":66}}, id: {58c96029-322f-4315-9f9d-d9324439e73c}
04-25 11:49:09.471 E/GeckoConsole(   84): Content JS LOG at dummy file:392 in GaiaApps.displayedApp: app with origin 'app://homescreen.gaiamobile.org' is displayed
04-25 11:49:09.481 I/Gecko   (   84): 1398451749490	Marionette	INFO	sendToClient: {"from":"0","value":{"frame":{"ELEMENT":"{53225160-0583-4f00-b4e8-24a001f89e8c}"},"src":"app://homescreen.gaiamobile.org/index.html#rootFri%20Apr%2025%202014%2011:49:09%20GMT-0700%20(UTC)","name":"Homescreen","origin":"app://homescreen.gaiamobile.org"}}, {58c96029-322f-4315-9f9d-d9324439e73c}, {58c96029-322f-4315-9f9d-d9324439e73c}
04-25 11:49:09.481 I/Gecko   (   84): 1398451749496	Marionette	DEBUG	Got request: switchToFrame, data: {"to":"0","sessionId":"3-b2g","name":"switchToFrame","parameters":{"focus":true,"element":"{53225160-0583-4f00-b4e8-24a001f89e8c}"}}, id: {d9a9dccc-42d3-425c-aa4e-10151f0ded32}
04-25 11:49:09.491 I/Gecko   (   84): 1398451749507	Marionette	INFO	Switched to frame: {"frameValue":"{53225160-0583-4f00-b4e8-24a001f89e8c}"}
04-25 11:49:09.501 I/Gecko   (   84): 1398451749511	Marionette	INFO	trying remote frame 0
04-25 11:49:09.661 I/Gecko   (   84): 1398451749670	Marionette	INFO	sendToClient: {"from":"0","ok":true}, {d9a9dccc-42d3-425c-aa4e-10151f0ded32}, {d9a9dccc-42d3-425c-aa4e-10151f0ded32}
04-25 11:49:09.661 I/Gecko   (   84): 1398451749676	Marionette	DEBUG	Got request: execute, data: {"to":"0","sessionId":"3-b2g","name":"executeScript","parameters":{"specialPowers":false,"scriptTimeout":null,"newSandbox":true,"args":[],"filename":"gaia_test.py","script":"return window.wrappedJSObject.GridManager.pageHelper.getCurrentPageNumber();","line":784}}, id: {3e74354b-2194-453e-b7be-4f7357794d32}
04-25 11:49:09.801 I/Gecko   (   84): 1398451749817	Marionette	INFO	sendToClient: {"from":"0","value":0}, {3e74354b-2194-453e-b7be-4f7357794d32}, {3e74354b-2194-453e-b7be-4f7357794d32}
04-25 11:49:09.851 I/Gecko   (   84): 1398451749869	Marionette	INFO	sendToClient: {"from":"0","value":["{1b1aceb8-3915-4fe7-87d6-0dae5f54d4f1}","{904f97f8-18db-48ca-b973-4e2636673bfc}","{5cfbd55b-ec45-42d5-8859-f77a12c6982c}","{cf193869-f0ab-4750-8b40-5aaf7be4a115}","{c4c99250-9662-4e60-83f0-6a21d30d4abb}","{bee5874e-25c2-43fd-9ea2-743606017ef2}","{a1db5e92-e5d8-4146-9b8c-af9d3598d0f5}","{5ec1c34b-e58d-4d7d-b298-5ec3356ca4e6}","{0b3bfe73-0ba8-419e-8fb4-4c6f2265eba9}","{c4e26280-9789-4f2d-a956-348ed5f4929d}","{3b5a2f59-336f-472f-a4b5-8053bc25c9e3}","{e6da0ef8-496d-48eb-806e-20bc1b7260b1}","{e384cebf-28ca-4e6d-bd00-e947c251727c}","{381f94e7-aea8-4b7f-a172-25a7cd670080}","{ab6da956-27d5-4192-8c89-8a435f8a1c8c}","{a3409a41-e9bd-491b-b46c-c4c1446ce045}","{a3caccea-004b-4c07-83a0-6b29fe8b3f9c}","{e21797e7-0a50-4d95-bfe1-3bace7673546}","{129637a2-25fc-40fc-bb24-ab7ad33feeb1}","{560c8ac2-72fb-4f5a-ab45-21d9f822247c}","{3d5ddc10-3ece-4b69-98f0-7f17190ee8a9}","{697ab452-1280-4417-9f65-a152f06de3d2}","{1ffd43a1-8497-4ec7-a397-c160688b448e}","{b6bf4000-b061
04-25 11:49:09.881 I/Gecko   (   84): 1398451749893	Marionette	INFO	sendToClient: {"from":"0","value":"app://homescreen.gaiamobile.org/index.html#rootFri%20Apr%2025%202014%2011:49:09%20GMT-0700%20(UTC)"}, {fb78d64f-8b15-4528-9bd8-ecf94036809f}, {fb78d64f-8b15-4528-9bd8-ecf94036809f}
04-25 11:49:09.911 I/Gecko   (   84): 1398451749922	Marionette	DEBUG	Got request: switchToFrame, data: {"to":"0","sessionId":"3-b2g","name":"switchToFrame","parameters":{"id":null,"focus":true}}, id: {b6c4dac7-55a3-4246-a4dc-ca26afb57e5f}
04-25 11:49:09.921 I/Gecko   (   84): 1398451749937	Marionette	INFO	Switched to frame: {"frameValue":null}
04-25 11:49:10.071 I/Gecko   (   84): 1398451750088	Marionette	INFO	sendToClient: {"from":"0","ok":true}, {b6c4dac7-55a3-4246-a4dc-ca26afb57e5f}, {b6c4dac7-55a3-4246-a4dc-ca26afb57e5f}
04-25 11:49:10.101 I/Gecko   (   84): 1398451750111	Marionette	DEBUG	Got request: switchToFrame, data: {"to":"0","sessionId":"3-b2g","name":"switchToFrame","parameters":{"id":null,"focus":true}}, id: {b40703d1-0e59-458a-9341-bbba42ce36eb}
04-25 11:49:10.101 I/Gecko   (   84): 1398451750118	Marionette	INFO	Switched to frame: {"frameValue":null}
04-25 11:49:10.231 I/Gecko   (   84): 1398451750241	Marionette	INFO	sendToClient: {"from":"0","ok":true}, {b40703d1-0e59-458a-9341-bbba42ce36eb}, {b40703d1-0e59-458a-9341-bbba42ce36eb}
04-25 11:49:10.231 I/Gecko   (   84): 1398451750249	Marionette	DEBUG	Got request: executeWithCallback, data: {"to":"0","sessionId":"3-b2g","name":"executeAsyncScript","parameters":{"specialPowers":false,"scriptTimeout":30000,"newSandbox":true,"args":[],"filename":"app_checker.py","script":"GaiaApps.launchWithManifestURL('http://caelum.suopte.com/manifest.webapp')","line":106}}, id: {79bd261e-5e27-4033-87f3-50690084e18e}
04-25 11:49:10.411 I/Gonk    (   84): Setting nice for pid 640 to 18
04-25 11:49:10.411 I/Gonk    (   84): Changed nice for pid 640 from 18 to 18.
04-25 11:49:10.411 I/Gecko   (   84): [Parent 84] WARNING: waitpid failed pid:640 errno:10: file ../../../gecko/ipc/chromium/src/base/process_util_posix.cc, line 254
04-25 11:49:10.431 I/Gonk    (   84): Setting nice for pid 640 to 1
04-25 11:49:10.431 I/Gonk    (   84): Changed nice for pid 640 from 18 to 1.
04-25 11:49:10.491 E/GeckoConsole(   84): Content JS LOG at dummy file:334 in GaiaApps.launch: launching app with name 'Caelum'
04-25 11:49:10.851 E/[Gralloc-ERROR](   84): int gralloc_register_buffer(const gralloc_module_t*, const native_handle_t*):79 Unable to register handle 0x46c126f0 coming from different process: 84
04-25 11:49:10.881 E/[Gralloc-ERROR](   84): int gralloc_register_buffer(const gralloc_module_t*, const native_handle_t*):79 Unable to register handle 0x46c128d0 coming from different process: 84
04-25 11:49:10.951 D/Sensors (   84): activate handle=0; drv=0
04-25 11:49:10.951 D/Sensors (   84): Lis3dhSensor: Control set 1
04-25 11:49:10.951 D/Sensors (   84): Lis3dhSensor: mEnabled = 1
04-25 11:49:11.071 I/Gonk    (   84): Setting nice for pid 620 to 18
04-25 11:49:11.071 I/Gonk    (   84): Changed nice for pid 620 from 1 to 18.
04-25 11:49:12.291 I/Gecko   (   84): 
04-25 11:49:12.291 I/Gecko   (   84): ###!!! [Parent][MessageChannel] Error: Channel error: cannot send/recv
04-25 11:49:12.291 I/Gecko   (   84): 
04-25 11:49:12.321 I/Gecko   (   84): [Parent 84] WARNING: waitpid failed pid:620 errno:10: file ../../../gecko/ipc/chromium/src/base/process_util_posix.cc, line 254
04-25 11:49:12.441 I/Gecko   (  640): ###################################### forms.js loaded
04-25 11:49:12.471 I/Gecko   (  640): ############################### browserElementPanning.js loaded
04-25 11:49:12.491 I/Gecko   (  640): ######################## BrowserElementChildPreload.js loaded
04-25 11:49:12.991 I/Gonk    (   84): Setting nice for pid 698 to 18
04-25 11:49:13.011 I/Gonk    (   84): Changed nice for pid 698 from 0 to 18.
04-25 11:49:13.151 W/WifiHW  (   84): wifi_command: SIGNAL_POLL
04-25 11:49:13.251 V/AudioPolicyManagerBase(   89): getDeviceForStrategy() from cache strategy 0, device 2
04-25 11:49:13.261 V/AudioPolicyManagerBase(   89): getOutput() stream 1, samplingRate 0, format 0, channels 3, flags 0
04-25 11:49:13.311 V/AudioPolicyManagerBase(   89): startOutput() output 1, stream 1, session 2
04-25 11:49:13.311 V/AudioPolicyManagerBase(   89): startReadingThread
04-25 11:49:13.311 V/AudioPolicyManagerBase(   89): changeRefCount() stream 1, count 1
04-25 11:49:13.311 V/AudioPolicyManagerBase(   89): getDeviceForStrategy() from cache strategy 0, device 2
04-25 11:49:13.311 V/AudioPolicyManagerBase(   89): getNewDevice() selected device 2
04-25 11:49:13.311 D/AudioPolicyManagerBase(   89): setOutputDevice() output 1 device 2 delayMs 0
04-25 11:49:13.311 V/AudioPolicyManagerBase(   89): setOutputDevice() setting same device 2 or null device for output 1
04-25 11:49:13.311 E/AudioPolicyManagerBase(   89): checkAndSetVolume stream=1, index=0, output=1, device=2
04-25 11:49:13.311 E/AudioPolicyManagerBase(   89): computeVolume, streamDesc=0x1c15bb8
04-25 11:49:13.341 V/AudioPolicyManagerBase(   89): ThreadWrapper 0x1c15b40
04-25 11:49:13.341 V/AudioPolicyManagerBase(   89): threadFunc in
04-25 11:49:13.361 W/AudioFlinger(   89): Thread AudioOut_1 cannot connect to the power manager service
04-25 11:49:13.361 V/AudioPolicyManagerBase(   89): stopOutput() output 1, stream 1, session 2
04-25 11:49:13.361 V/AudioPolicyManagerBase(   89): stopReadingThread
04-25 11:49:13.441 V/AudioPolicyManagerBase(   89): threadFunc exit
04-25 11:49:13.441 V/AudioPolicyManagerBase(   89): changeRefCount() stream 1, count 0
04-25 11:49:13.441 V/AudioPolicyManagerBase(   89): getNewDevice() selected device 0
04-25 11:49:13.441 D/AudioPolicyManagerBase(   89): setOutputDevice() output 1 device 0 delayMs 290
04-25 11:49:13.441 V/AudioPolicyManagerBase(   89): setOutputDevice() setting same device 0 or null device for output 1
04-25 11:49:13.441 V/AudioPolicyManagerBase(   89): releaseOutput() 1
04-25 11:49:14.321 I/Gecko   (   84): [Parent 84] WARNING: waitpid failed pid:620 errno:10: file ../../../gecko/ipc/chromium/src/base/process_util_posix.cc, line 254
04-25 11:49:14.321 I/Gecko   (   84): [Parent 84] WARNING: Failed to deliver SIGKILL to 620!(3).: file ../../../gecko/ipc/chromium/src/chrome/common/process_watcher_posix_sigchld.cc, line 118
04-25 11:49:15.701 I/Gecko   (  640): Attempting load of libEGL.so
04-25 11:49:15.751 D/libEGL  (  640): loaded /system/lib/egl/libEGL_mali.so
04-25 11:49:15.801 D/libEGL  (  640): loaded /system/lib/egl/libGLESv1_CM_mali.so
04-25 11:49:15.811 D/libEGL  (  640): loaded /system/lib/egl/libGLESv2_mali.so
04-25 11:49:15.851 I/Gecko   (  640): SharedSurface_Gralloc::Create -------
04-25 11:49:15.901 I/Gecko   (  640): SharedSurface_Gralloc::Create: success -- surface 0x432d34c0, GraphicBuffer 0x43fec700.
04-25 11:49:16.161 I/Gecko   (  640): SharedSurface_Gralloc::Create -------
04-25 11:49:16.201 I/Gecko   (  640): SharedSurface_Gralloc::Create: success -- surface 0x432d3b00, GraphicBuffer 0x43e64400.
04-25 11:49:16.321 I/Gecko   (  640): [SharedSurface_Gralloc 0x432d34c0] destroyed
04-25 11:49:16.331 I/Gecko   (  640): SharedSurface_Gralloc::Create -------
04-25 11:49:16.401 I/Gecko   (  640): SharedSurface_Gralloc::Create: success -- surface 0x432d34c0, GraphicBuffer 0x43e65100.
04-25 11:49:16.461 I/Gecko   (  640): [SharedSurface_Gralloc 0x432d3b00] destroyed
04-25 11:49:16.481 I/Gecko   (  640): SharedSurface_Gralloc::Create -------
04-25 11:49:16.491 I/Gecko   (  640): SharedSurface_Gralloc::Create: success -- surface 0x432d3b00, GraphicBuffer 0x43e64600.
04-25 11:49:16.861 I/Gecko   (  640): [SharedSurface_Gralloc 0x432d34c0] destroyed
04-25 11:49:16.901 I/Gecko   (  640): SharedSurface_Gralloc::Create -------
04-25 11:49:16.961 I/Gecko   (  640): SharedSurface_Gralloc::Create: success -- surface 0x432d3500, GraphicBuffer 0x43e65180.
04-25 11:49:17.141 I/Gecko   (  640): [SharedSurface_Gralloc 0x432d3b00] destroyed
04-25 11:49:17.161 I/Gecko   (  640): SharedSurface_Gralloc::Create -------
04-25 11:49:17.181 I/Gecko   (  640): SharedSurface_Gralloc::Create: success -- surface 0x432d3b00, GraphicBuffer 0x43e64600.
04-25 11:49:17.311 I/Gecko   (  640): SharedSurface_Gralloc::Create -------
04-25 11:49:17.381 I/Gecko   (  640): SharedSurface_Gralloc::Create: success -- surface 0x43e94880, GraphicBuffer 0x43e64500.
04-25 11:49:17.451 I/Gecko   (  640): SharedSurface_Gralloc::Create -------
04-25 11:49:17.541 I/Gecko   (  640): SharedSurface_Gralloc::Create: success -- surface 0x43e94940, GraphicBuffer 0x43fec380.
04-25 11:49:17.711 E/GeckoConsole(  640): Content JS LOG at http://caelum.suopte.com/js/camera.js:177 in teCamera<.mUpdateSizes: 0.2048642169854703
04-25 11:49:18.241 E/[Gralloc-ERROR](   84): int gralloc_register_buffer(const gralloc_module_t*, const native_handle_t*):79 Unable to register handle 0x43cb87e0 coming from different process: 84
04-25 11:49:18.251 E/[Gralloc-ERROR](   84): int gralloc_register_buffer(const gralloc_module_t*, const native_handle_t*):79 Unable to register handle 0x43cb8880 coming from different process: 84
04-25 11:49:18.591 W/WifiHW  (   84): wifi_command: SIGNAL_POLL
04-25 11:49:21.391 I/Gecko   (  640): SharedSurface_Gralloc::Create -------
04-25 11:49:21.441 I/Gecko   (  640): SharedSurface_Gralloc::Create: success -- surface 0x436012c0, GraphicBuffer 0x43e64980.
04-25 11:49:21.531 I/Gonk    (   84): Setting nice for pid 698 to 18
04-25 11:49:21.531 I/Gonk    (   84): Changed nice for pid 698 from 18 to 18.
04-25 11:49:21.531 I/Gecko   (   84): [Parent 84] WARNING: waitpid failed pid:698 errno:10: file ../../../gecko/ipc/chromium/src/base/process_util_posix.cc, line 254
04-25 11:49:21.561 I/Gonk    (   84): Setting nice for pid 698 to 1
04-25 11:49:21.561 I/Gonk    (   84): Changed nice for pid 698 from 18 to 1.
04-25 11:49:21.591 I/Gonk    (   84): Setting nice for pid 698 to 18
04-25 11:49:21.591 I/Gonk    (   84): Changed nice for pid 698 from 1 to 18.
04-25 11:49:21.801 I/Gecko   (  640): SharedSurface_Gralloc::Create -------
04-25 11:49:21.871 I/Gecko   (  640): SharedSurface_Gralloc::Create: success -- surface 0x4362d100, GraphicBuffer 0x43e64900.
04-25 11:49:21.931 I/Gecko   (  640): [SharedSurface_Gralloc 0x432d3500] destroyed
04-25 11:49:21.931 I/Gecko   (  640): [SharedSurface_Gralloc 0x43e94880] destroyed
04-25 11:49:21.931 I/Gecko   (  640): [SharedSurface_Gralloc 0x432d3b00] destroyed
04-25 11:49:21.931 I/Gecko   (  640): [SharedSurface_Gralloc 0x43e94940] destroyed
04-25 11:49:22.131 I/Gecko   (   84): [Parent 84] WARNING: pipe error (131): Connection reset by peer: file ../../../gecko/ipc/chromium/src/chrome/common/ipc_channel_posix.cc, line 446
04-25 11:49:22.201 I/Gecko   (   84): 
04-25 11:49:22.201 I/Gecko   (   84): ###!!! [Parent][MessageChannel] Error: Channel error: cannot send/recv
04-25 11:49:22.201 I/Gecko   (   84): 
04-25 11:49:22.241 I/Gecko   (   84): 
04-25 11:49:22.241 I/Gecko   (   84): ###!!! [Parent][MessageChannel] Error: Channel error: cannot send/recv
04-25 11:49:22.241 I/Gecko   (   84): 
04-25 11:49:22.241 I/Gecko   (   84): [Parent 84] WARNING: FileDescriptorSet destroyed with unconsumed descriptors: file ../../../gecko/ipc/chromium/src/chrome/common/file_descriptor_set_posix.cc, line 20
04-25 11:49:22.241 E/GeckoConsole(   84): Content JS LOG at dummy file:326 in GaiaApps.launch/appOpen/<: app with origin 'http://caelum.suopte.com' has launched
04-25 11:49:22.251 I/Gecko   (   84): 1398451762260	Marionette	INFO	sendToClient: {"from":"0","value":{"frame":{"ELEMENT":"{135e7242-274d-4d7e-95b6-a292b66944ea}"},"src":"http://caelum.suopte.com/","name":"Caelum","origin":"http://caelum.suopte.com"}}, {79bd261e-5e27-4033-87f3-50690084e18e}, {79bd261e-5e27-4033-87f3-50690084e18e}
04-25 11:49:22.291 E/[Gralloc-ERROR](   84): int gralloc_unregister_buffer(const gralloc_module_t*, const native_handle_t*):274 Trying to unregister buffer 0x46c126f0 from process 84 that was not created in current process: 84
04-25 11:49:22.291 E/[Gralloc-ERROR](   84): int gralloc_unregister_buffer(const gralloc_module_t*, const native_handle_t*):274 Trying to unregister buffer 0x46c128d0 from process 84 that was not created in current process: 84
04-25 11:49:22.301 I/Gecko   (   84): [Parent 84] WARNING: waitpid failed pid:698 errno:10: file ../../../gecko/ipc/chromium/src/base/process_util_posix.cc, line 254
04-25 11:49:22.831 E/GeckoConsole(   84): Offline cache doesn't need to update, URL=http://caelum.suopte.com/caelum.appcache
04-25 11:49:22.881 I/Gecko   (   84): 1398451762891	Marionette	DEBUG	Got request: switchToFrame, data: {"to":"0","sessionId":"3-b2g","name":"switchToFrame","parameters":{"focus":true,"element":"{135e7242-274d-4d7e-95b6-a292b66944ea}"}}, id: {5a37e151-1752-4d8f-b1b3-edd8cf2244e7}
04-25 11:49:22.951 I/Gecko   (   84): 1398451762962	Marionette	INFO	Switched to frame: {"frameValue":"{135e7242-274d-4d7e-95b6-a292b66944ea}"}
04-25 11:49:22.981 I/Gecko   (   84): 1398451762990	Marionette	INFO	trying remote frame 0
04-25 11:49:22.981 I/Gecko   (   84): 1398451762991	Marionette	INFO	deleting frame
04-25 11:49:22.981 I/Gecko   (   84): 1398451762997	Marionette	INFO	frame-manager load script: [object ChromeMessageSender]
04-25 11:49:23.631 W/WifiHW  (   84): wifi_command: SIGNAL_POLL
04-25 11:49:24.301 I/Gecko   (   84): [Parent 84] WARNING: waitpid failed pid:698 errno:10: file ../../../gecko/ipc/chromium/src/base/process_util_posix.cc, line 254
04-25 11:49:24.301 I/Gecko   (   84): [Parent 84] WARNING: Failed to deliver SIGKILL to 698!(3).: file ../../../gecko/ipc/chromium/src/chrome/common/process_watcher_posix_sigchld.cc, line 118
04-25 11:49:25.131 I/Gecko   (   84): 1398451765139	Marionette	INFO	sendToClient: {"from":"0","ok":true}, {5a37e151-1752-4d8f-b1b3-edd8cf2244e7}, {5a37e151-1752-4d8f-b1b3-edd8cf2244e7}
04-25 11:49:26.851 I/Gonk    (   84): Setting nice for pid 720 to 18
04-25 11:49:26.851 I/Gonk    (   84): Changed nice for pid 720 from 0 to 18.
04-25 11:49:27.421 I/Gecko   (  640): SharedSurface_Gralloc::Create -------
04-25 11:49:27.491 I/Gecko   (  640): SharedSurface_Gralloc::Create: success -- surface 0x4579b9c0, GraphicBuffer 0x44e78480.
04-25 11:49:28.121 I/Gecko   (  640): SharedSurface_Gralloc::Create -------
04-25 11:49:28.221 I/Gecko   (  640): SharedSurface_Gralloc::Create: success -- surface 0x4579be00, GraphicBuffer 0x43e65980.
04-25 11:49:28.311 I/Gecko   (  640): [SharedSurface_Gralloc 0x436012c0] destroyed
04-25 11:49:28.311 I/Gecko   (  640): [SharedSurface_Gralloc 0x4362d100] destroyed
04-25 11:49:28.361 I/Gecko   (   84): 1398451768372	Marionette	INFO	sendToClient: {"from":"0","value":"http://caelum.suopte.com/"}, {2e85a4d2-859d-48a9-9cd5-26425b8ef071}, {2e85a4d2-859d-48a9-9cd5-26425b8ef071}
04-25 11:49:28.461 I/Gecko   (   84): 1398451768474	Marionette	DEBUG	Got request: execute, data: {"to":"0","sessionId":"3-b2g","name":"executeScript","parameters":{"specialPowers":false,"scriptTimeout":null,"newSandbox":true,"args":[],"filename":"app_checker.py","script":"return window.document.readyState;","line":191}}, id: {757f9741-b1cf-4602-b9ed-1a0088286873}
04-25 11:49:28.711 W/WifiHW  (   84): wifi_command: SIGNAL_POLL
04-25 11:49:30.761 I/Gecko   (   84): 1398451770776	Marionette	INFO	sendToClient: {"from":"0","value":"complete"}, {757f9741-b1cf-4602-b9ed-1a0088286873}, {757f9741-b1cf-4602-b9ed-1a0088286873}
04-25 11:49:31.551 I/Gecko   (  720): ###################################### forms.js loaded
04-25 11:49:31.751 I/Gecko   (  720): ############################### browserElementPanning.js loaded
04-25 11:49:31.831 I/Gecko   (  720): ######################## BrowserElementChildPreload.js loaded
04-25 11:49:33.941 W/WifiHW  (   84): wifi_command: SIGNAL_POLL
04-25 11:49:34.791 I/Gecko   (  640): SharedSurface_Gralloc::Create -------
04-25 11:49:34.981 I/Gecko   (  640): SharedSurface_Gralloc::Create: success -- surface 0x44ec9780, GraphicBuffer 0x43064e00.
04-25 11:49:35.561 I/Gecko   (  640): SharedSurface_Gralloc::Create -------
04-25 11:49:35.611 I/Gecko   (  640): SharedSurface_Gralloc::Create: success -- surface 0x44ec9b00, GraphicBuffer 0x43064c00.
04-25 11:49:35.641 I/Gecko   (  640): [SharedSurface_Gralloc 0x4579b9c0] destroyed
04-25 11:49:35.641 I/Gecko   (  640): [SharedSurface_Gralloc 0x4579be00] destroyed
04-25 11:49:35.781 I/Gecko   (   84): 1398451775797	Marionette	INFO	sendToClient: {"from":"0","value":"http://caelum.suopte.com/"}, {20f4d424-1130-4c24-87c2-59964e6fb057}, {20f4d424-1130-4c24-87c2-59964e6fb057}
04-25 11:49:35.851 I/Gecko   (  640): SharedSurface_Gralloc::Create -------
04-25 11:49:35.881 I/Gecko   (  640): SharedSurface_Gralloc::Create: success -- surface 0x4579b780, GraphicBuffer 0x43e65080.
04-25 11:49:36.021 I/Gecko   (  640): SharedSurface_Gralloc::Create -------
04-25 11:49:36.111 I/Gecko   (  640): SharedSurface_Gralloc::Create: success -- surface 0x4579bac0, GraphicBuffer 0x43e65980.
04-25 11:49:37.241 I/Gecko   (   84): 1398451777244	Marionette	INFO	sendToClient: {"from":"0","value":"iVBORw0KGgoAAAANSUhEUgAAAUAAAAHgCAYAAADUjLREAAAgAElEQVR4nOx9Z1xU1/b2MWpU+tD70OswwMzQhs4MZQp1mKH3IogIiBRRBFGMLcUWSf435d70aBJLemJy05Ob5KZcvYnXmGhiiolG0MRYkOf9sIdhBoY+hcT3w/ODOWefvfc5Z+/nrL3W2mtRFI2NmeDEyW9x79+fnrDMmR/OYs/fnpxR/RpFag4oqxD990PT8I0HFZeul7YBaL5eQTYoxwiN15ueuwy3Wodppj5DNxx9shmF4lDV42bBoGiskd/0SFC+waAMnEAZ0Ef+LrEHtdhOfoyudM5JzTHnUccmxprO9bj77r3TumbGCAwBZUj+50Tw4OYbqpt2NY2ZDoT3Pvwcz7/yzqTlvj71PR589LBeJqliICZL9Ne+NhGcBCpCpLf2NU6CWiJAgaQaRo6RmqlPHQGaBkAUw0SuQKnv5mz4+9MRFuAKapEl0mL84Ghvj5xkFpZKIhAW6KGYhBY0M0h4gbjV2BGUAR3zlthBHOMPV0ebKU/kO+7cgdvvuFN3xOEVCMrGC5QBHS7eIQiPTtI/memSAJ8+/Bo+/vSLKZX94n/fYN/BV/UzUfVMElpFhIjcnx77oFESTMkG5cTVeB95qeUwd43TTH3jSICcAA/8+OJaLDD1JMcMnNC5NAnBvi6gFppiW4MQHeU8cBhuYPm54o4mMXzc5ZNwsQ0qMsJRImaBWuIIQaQP2krjMd/AfkqTeO/evWjv6NItcTj5gnIPAGVAx0JTN6SIMvVPZtOFnTcoKj0XVEIGmUjTGHw7+h7DqW9/mHL5T/9zHM+9/LbuJ2lCBijPGN23qwvEpZNlsJ77oTESTMkGRY/SeP+iU4ph683XTH3jLYEN6PjwoQZkJZLj4YGe2NogxC1m9oQAG0Vg+bmRibfEHrIkFjLjGYrJuMjQHBtqky
04-25 11:49:38.511 E/Profiler(   84): BPUnw: [1 total] thread_unregister_for_profiling(me=0x132b6d0)  (NOT REGISTERED) 
04-25 11:49:39.441 I/Gecko   (  640): SharedSurface_Gralloc::Create -------
04-25 11:49:39.851 E/Profiler(   84): BPUnw: [1 total] thread_unregister_for_profiling(me=0x132b5d0)  (NOT REGISTERED) 
04-25 11:49:40.161 I/Gecko   (  640): SharedSurface_Gralloc::Create: success -- surface 0x44a62e40, GraphicBuffer 0x43efec00.
04-25 11:49:42.321 I/GonkMemoryPressure(   84): Checking to see if memory pressure is over.
04-25 11:49:42.321 I/GonkMemoryPressure(   84): Memory pressure is over.
04-25 11:49:42.351 I/GonkMemoryPressure(  640): Checking to see if memory pressure is over.
04-25 11:49:42.351 I/GonkMemoryPressure(  640): Memory pressure is over.
04-25 11:49:47.371 I/GonkMemoryPressure(   84): Checking to see if memory pressure is over.
04-25 11:49:47.371 I/GonkMemoryPressure(   84): Memory pressure is over.
04-25 11:49:47.431 I/GonkMemoryPressure(  640): Checking to see if memory pressure is over.
04-25 11:49:47.431 I/GonkMemoryPressure(  640): Memory pressure is over.
04-25 11:49:47.531 I/GonkMemoryPressure(  720): Checking to see if memory pressure is over.
04-25 11:49:47.531 I/GonkMemoryPressure(  720): Memory pressure is over.
04-25 11:49:48.841 I/Gecko   (  640): SharedSurface_Gralloc::Create -------
04-25 11:49:50.301 I/Gecko   (  640): SharedSurface_Gralloc::Create: success -- surface 0x4579ba00, GraphicBuffer 0x43065e00.
04-25 11:49:52.221 I/Gecko   (  640): [SharedSurface_Gralloc 0x44ec9b00] destroyed
04-25 11:49:52.321 I/Gecko   (  640): [SharedSurface_Gralloc 0x4579bac0] destroyed
04-25 11:49:52.331 I/Gecko   (  640): [SharedSurface_Gralloc 0x44ec9780] destroyed
04-25 11:49:52.911 I/GonkMemoryPressure(  640): Checking to see if memory pressure is over.
04-25 11:49:52.911 I/GonkMemoryPressure(  640): Memory pressure is over.
04-25 11:49:52.911 I/GonkMemoryPressure(  720): Checking to see if memory pressure is over.
04-25 11:49:52.911 I/GonkMemoryPressure(   84): Checking to see if memory pressure is over.
04-25 11:49:52.911 I/GonkMemoryPressure(   84): Memory pressure is over.
04-25 11:49:52.931 I/GonkMemoryPressure(  720): Memory pressure is over.
04-25 11:49:56.651 E/Profiler(   84): BPUnw: [1 total] thread_unregister_for_profiling(me=0x133b448)  (NOT REGISTERED) 
04-25 11:49:56.771 W/WifiHW  (   84): wifi_command: SIGNAL_POLL
04-25 11:49:58.021 I/GonkMemoryPressure(   84): Checking to see if memory pressure is over.
04-25 11:49:58.021 I/GonkMemoryPressure(   84): Memory pressure is over.
04-25 11:49:58.021 I/GonkMemoryPressure(  640): Checking to see if memory pressure is over.
04-25 11:49:58.021 I/GonkMemoryPressure(  640): Memory pressure is over.
04-25 11:49:58.111 I/GonkMemoryPressure(  720): Checking to see if memory pressure is over.
04-25 11:49:58.151 I/Gecko   (  640): [SharedSurface_Gralloc 0x4579b780] destroyed
04-25 11:49:58.431 I/Gecko   (   84): 1398451798400	Marionette	INFO	sendToClient: {"from":"0","ok":true}, {5525a0ce-3c1f-47ae-97ad-7c4cff3e4930}, {5525a0ce-3c1f-47ae-97ad-7c4cff3e4930}
04-25 11:49:59.111 I/GonkMemoryPressure(  720): Memory pressure is over.
04-25 11:49:59.671 I/Gecko   (   84): 1398451799680	Marionette	DEBUG	Got request: switchToFrame, data: {"to":"0","sessionId":"3-b2g","name":"switchToFrame","parameters":{"id":null,"focus":true}}, id: {d7688056-a207-4eb4-bee9-d49de675bdd3}
04-25 11:49:59.771 I/Gecko   (   84): 1398451799788	Marionette	INFO	Switched to frame: {"frameValue":null}
04-25 11:49:59.901 I/Gecko   (   84): 1398451799913	Marionette	INFO	sendToClient: {"from":"0","ok":true}, {d7688056-a207-4eb4-bee9-d49de675bdd3}, {d7688056-a207-4eb4-bee9-d49de675bdd3}
04-25 11:49:59.911 I/Gecko   (   84): 1398451799921	Marionette	DEBUG	Got request: executeWithCallback, data: {"to":"0","sessionId":"3-b2g","name":"executeAsyncScript","parameters":{"specialPowers":false,"scriptTimeout":null,"newSandbox":true,"args":[],"filename":"gaia_test.py","script":"return GaiaApps.displayedApp();","line":66}}, id: {b2b9dcd3-1136-40fc-8543-16669b54e354}
04-25 11:50:00.381 E/GeckoConsole(   84): Content JS LOG at dummy file:392 in GaiaApps.displayedApp: app with origin 'http://caelum.suopte.com' is displayed
04-25 11:50:00.381 I/Gecko   (   84): 1398451800393	Marionette	INFO	sendToClient: {"from":"0","value":{"frame":{"ELEMENT":"{135e7242-274d-4d7e-95b6-a292b66944ea}"},"src":"http://caelum.suopte.com/","name":"Caelum","origin":"http://caelum.suopte.com"}}, {b2b9dcd3-1136-40fc-8543-16669b54e354}, {b2b9dcd3-1136-40fc-8543-16669b54e354}
04-25 11:50:00.401 I/Gecko   (   84): 1398451800418	Marionette	DEBUG	Got request: switchToFrame, data: {"to":"0","sessionId":"3-b2g","name":"switchToFrame","parameters":{"id":null,"focus":true}}, id: {bccf276b-920e-432b-bc23-a09cc9beb674}
04-25 11:50:00.411 I/Gecko   (   84): 1398451800420	Marionette	INFO	Switched to frame: {"frameValue":null}
04-25 11:50:00.511 I/Gecko   (   84): 1398451800523	Marionette	INFO	sendToClient: {"from":"0","ok":true}, {bccf276b-920e-432b-bc23-a09cc9beb674}, {bccf276b-920e-432b-bc23-a09cc9beb674}
04-25 11:50:00.511 I/Gecko   (   84): 1398451800529	Marionette	DEBUG	Got request: execute, data: {"to":"0","sessionId":"3-b2g","name":"executeScript","parameters":{"specialPowers":false,"scriptTimeout":null,"newSandbox":true,"args":[],"filename":"gaia_test.py","script":"window.wrappedJSObject.dispatchEvent(new Event('home'));","line":788}}, id: {917089d3-df11-43ed-9765-b076d0bead0d}
04-25 11:50:00.541 I/GeckoDump(   84): XXX FIXME : Got a mozContentEvent: permission-deny
04-25 11:50:00.621 I/Gonk    (   84): Setting nice for pid 720 to 18
04-25 11:50:00.621 I/Gonk    (   84): Changed nice for pid 720 from 0 to 18.
04-25 11:50:00.621 I/Gecko   (   84): [Parent 84] WARNING: waitpid failed pid:720 errno:10: file ../../../gecko/ipc/chromium/src/base/process_util_posix.cc, line 254
04-25 11:50:00.691 I/Gonk    (   84): Setting nice for pid 720 to 1
04-25 11:50:00.691 I/Gonk    (   84): Changed nice for pid 720 from 18 to 1.
04-25 11:50:00.751 D/Sensors (   84): activate handle=0; drv=0
04-25 11:50:00.751 D/Sensors (   84): Lis3dhSensor: Control set 0
04-25 11:50:00.751 D/Sensors (   84): Lis3dhSensor: mEnabled = 0
04-25 11:50:01.081 I/Gecko   (   84): 1398451801093	Marionette	INFO	sendToClient: {"from":"0","value":null}, {917089d3-df11-43ed-9765-b076d0bead0d}, {917089d3-df11-43ed-9765-b076d0bead0d}
04-25 11:50:01.151 E/[Gralloc-ERROR](   84): int gralloc_register_buffer(const gralloc_module_t*, const native_handle_t*):79 Unable to register handle 0x43cb81f0 coming from different process: 84
04-25 11:50:01.161 E/[Gralloc-ERROR](   84): int gralloc_register_buffer(const gralloc_module_t*, const native_handle_t*):79 Unable to register handle 0x43cb8290 coming from different process: 84
04-25 11:50:01.291 E/[Gralloc-ERROR](   84): int gralloc_unregister_buffer(const gralloc_module_t*, const native_handle_t*):274 Trying to unregister buffer 0x43cb87e0 from process 84 that was not created in current process: 84
04-25 11:50:01.351 E/[Gralloc-ERROR](   84): int gralloc_unregister_buffer(const gralloc_module_t*, const native_handle_t*):274 Trying to unregister buffer 0x43cb8880 from process 84 that was not created in current process: 84
04-25 11:50:01.371 I/Gecko   (   84): 1398451801380	Marionette	DEBUG	Got request: switchToFrame, data: {"to":"0","sessionId":"3-b2g","name":"switchToFrame","parameters":{"id":null,"focus":true}}, id: {4665dba0-b583-4548-a77b-e22a59c820f7}
04-25 11:50:01.371 I/Gecko   (   84): 1398451801383	Marionette	INFO	Switched to frame: {"frameValue":null}
04-25 11:50:01.481 I/Gecko   (   84): 1398451801492	Marionette	INFO	sendToClient: {"from":"0","ok":true}, {4665dba0-b583-4548-a77b-e22a59c820f7}, {4665dba0-b583-4548-a77b-e22a59c820f7}
04-25 11:50:01.531 I/Gecko   (   84): 1398451801515	Marionette	DEBUG	Got request: executeWithCallback, data: {"to":"0","sessionId":"3-b2g","name":"executeAsyncScript","parameters":{"specialPowers":false,"scriptTimeout":null,"newSandbox":true,"args":[],"filename":"gaia_test.py","script":"return GaiaApps.displayedApp();","line":66}}, id: {9b034ed2-1421-4bbe-a6b3-b648f8c025b2}
04-25 11:50:01.611 E/GeckoConsole(   84): Content JS LOG at dummy file:392 in GaiaApps.displayedApp: app with origin 'app://homescreen.gaiamobile.org' is displayed
04-25 11:50:01.611 I/Gecko   (   84): 1398451801621	Marionette	INFO	sendToClient: {"from":"0","value":{"frame":{"ELEMENT":"{3ea6ddf8-0df8-4ccb-a2b8-613bd6869288}"},"src":"app://homescreen.gaiamobile.org/index.html#root","name":"Homescreen","origin":"app://homescreen.gaiamobile.org"}}, {9b034ed2-1421-4bbe-a6b3-b648f8c025b2}, {9b034ed2-1421-4bbe-a6b3-b648f8c025b2}
04-25 11:50:01.621 I/Gecko   (   84): 1398451801634	Marionette	DEBUG	Got request: switchToFrame, data: {"to":"0","sessionId":"3-b2g","name":"switchToFrame","parameters":{"id":null,"focus":true}}, id: {91ae1886-9d84-4ad6-9f24-d894c3ebd9c2}
04-25 11:50:01.631 I/Gecko   (   84): 1398451801641	Marionette	INFO	Switched to frame: {"frameValue":null}
04-25 11:50:01.721 W/WifiHW  (   84): wifi_command: SIGNAL_POLL
04-25 11:50:02.081 I/Gecko   (   84): 1398451802093	Marionette	INFO	sendToClient: {"from":"0","ok":true}, {91ae1886-9d84-4ad6-9f24-d894c3ebd9c2}, {91ae1886-9d84-4ad6-9f24-d894c3ebd9c2}
04-25 11:50:02.241 I/Gecko   (   84): 1398451802257	Marionette	DEBUG	Got request: switchToFrame, data: {"to":"0","sessionId":"3-b2g","name":"switchToFrame","parameters":{"id":null,"focus":true}}, id: {3280c144-c61c-426e-a76a-ea7fdca86b46}
04-25 11:50:02.311 I/Gecko   (   84): 1398451802325	Marionette	INFO	Switched to frame: {"frameValue":null}
04-25 11:50:02.331 E/[Gralloc-ERROR](   84): int gralloc_unregister_buffer(const gralloc_module_t*, const native_handle_t*):274 Trying to unregister buffer 0x43cb8290 from process 84 that was not created in current process: 84
04-25 11:50:02.361 E/[Gralloc-ERROR](   84): int gralloc_unregister_buffer(const gralloc_module_t*, const native_handle_t*):274 Trying to unregister buffer 0x43cb81f0 from process 84 that was not created in current process: 84
04-25 11:50:02.421 I/Gecko   (   84): 1398451802432	Marionette	INFO	sendToClient: {"from":"0","ok":true}, {3280c144-c61c-426e-a76a-ea7fdca86b46}, {3280c144-c61c-426e-a76a-ea7fdca86b46}
04-25 11:50:02.421 I/Gecko   (   84): 1398451802437	Marionette	DEBUG	Got request: executeWithCallback, data: {"to":"0","sessionId":"3-b2g","name":"executeAsyncScript","parameters":{"specialPowers":false,"scriptTimeout":null,"newSandbox":true,"args":[],"filename":"gaia_test.py","script":"return GaiaApps.displayedApp();","line":66}}, id: {c33a789c-6b03-41af-948b-1e74e69f7131}
04-25 11:50:02.531 E/GeckoConsole(   84): Content JS LOG at dummy file:392 in GaiaApps.displayedApp: app with origin 'app://homescreen.gaiamobile.org' is displayed
04-25 11:50:02.541 I/Gecko   (   84): 1398451802550	Marionette	INFO	sendToClient: {"from":"0","value":{"frame":{"ELEMENT":"{3ea6ddf8-0df8-4ccb-a2b8-613bd6869288}"},"src":"app://homescreen.gaiamobile.org/index.html#root","name":"Homescreen","origin":"app://homescreen.gaiamobile.org"}}, {c33a789c-6b03-41af-948b-1e74e69f7131}, {c33a789c-6b03-41af-948b-1e74e69f7131}
04-25 11:50:02.551 I/Gecko   (   84): 1398451802568	Marionette	DEBUG	Got request: switchToFrame, data: {"to":"0","sessionId":"3-b2g","name":"switchToFrame","parameters":{"focus":true,"element":"{3ea6ddf8-0df8-4ccb-a2b8-613bd6869288}"}}, id: {9ba77f2d-c661-47f9-bf8c-7a783d81aded}
04-25 11:50:02.581 I/Gecko   (   84): 1398451802598	Marionette	INFO	Switched to frame: {"frameValue":"{3ea6ddf8-0df8-4ccb-a2b8-613bd6869288}"}
04-25 11:50:02.591 I/Gecko   (   84): 1398451802601	Marionette	INFO	trying remote frame 0
04-25 11:50:02.601 I/Gecko   (   84): 1398451802610	Marionette	INFO	trying remote frame 1
04-25 11:50:02.601 I/Gecko   (   84): 1398451802617	Marionette	INFO	frame-manager load script: [object ChromeMessageSender]
04-25 11:50:02.631 I/Gonk    (   84): Setting nice for pid 640 to 18
04-25 11:50:02.631 I/Gonk    (   84): Changed nice for pid 640 from 1 to 18.
04-25 11:50:03.041 I/GonkMemoryPressure(   84): Checking to see if memory pressure is over.
04-25 11:50:03.041 I/GonkMemoryPressure(   84): Memory pressure is over.
04-25 11:50:03.511 I/Gecko   (   84): 1398451803521	Marionette	INFO	sendToClient: {"from":"0","ok":true}, {9ba77f2d-c661-47f9-bf8c-7a783d81aded}, {9ba77f2d-c661-47f9-bf8c-7a783d81aded}
04-25 11:50:03.581 I/Gecko   (   84): 1398451803596	Marionette	INFO	sendToClient: {"from":"0","value":"app://homescreen.gaiamobile.org/index.html#root"}, {669b22dd-ed18-456a-94a1-8a6f3b187016}, {669b22dd-ed18-456a-94a1-8a6f3b187016}
04-25 11:50:03.591 I/Gecko   (   84): 1398451803602	Marionette	DEBUG	Got request: switchToFrame, data: {"to":"0","sessionId":"3-b2g","name":"switchToFrame","parameters":{"id":null,"focus":true}}, id: {8a828de0-2df8-420d-be82-d44d22c6f29e}
04-25 11:50:03.611 I/Gecko   (   84): 1398451803623	Marionette	INFO	Switched to frame: {"frameValue":null}
04-25 11:50:03.711 I/Gecko   (   84): 1398451803726	Marionette	INFO	sendToClient: {"from":"0","ok":true}, {8a828de0-2df8-420d-be82-d44d22c6f29e}, {8a828de0-2df8-420d-be82-d44d22c6f29e}
04-25 11:50:03.721 I/Gecko   (   84): 1398451803732	Marionette	DEBUG	Got request: switchToFrame, data: {"to":"0","sessionId":"3-b2g","name":"switchToFrame","parameters":{"id":null,"focus":true}}, id: {428a7392-5cda-485f-ab38-174febfb0068}
04-25 11:50:03.731 I/Gecko   (   84): 1398451803741	Marionette	INFO	Switched to frame: {"frameValue":null}
04-25 11:50:03.831 I/Gecko   (   84): 1398451803845	Marionette	INFO	sendToClient: {"from":"0","ok":true}, {428a7392-5cda-485f-ab38-174febfb0068}, {428a7392-5cda-485f-ab38-174febfb0068}
04-25 11:50:03.841 I/Gecko   (   84): 1398451803851	Marionette	DEBUG	Got request: executeWithCallback, data: {"to":"0","sessionId":"3-b2g","name":"executeAsyncScript","parameters":{"specialPowers":false,"scriptTimeout":null,"newSandbox":true,"args":[],"filename":"gaia_test.py","script":"GaiaApps.killAll()","line":91}}, id: {d3c67a4c-da12-4d0d-a548-195f8df223cf}
04-25 11:50:03.921 E/GeckoConsole(   84): Content JS LOG at dummy file:266 in GaiaApps.kill: terminating app with origin 'http://caelum.suopte.com'
04-25 11:50:03.931 E/GeckoConsole(   84): Content JS LOG at dummy file:258 in GaiaApps.kill/gt_onAppTerminated/<: app with origin 'http://caelum.suopte.com' has terminated
04-25 11:50:03.931 I/Gecko   (   84): 1398451803941	Marionette	INFO	sendToClient: {"from":"0","value":true}, {d3c67a4c-da12-4d0d-a548-195f8df223cf}, {d3c67a4c-da12-4d0d-a548-195f8df223cf}
04-25 11:50:03.931 I/Gecko   (   84): 1398451803948	Marionette	DEBUG	Got request: switchToFrame, data: {"to":"0","sessionId":"3-b2g","name":"switchToFrame","parameters":{"id":null,"focus":true}}, id: {aef8fa35-4ad8-44d1-be8c-ffa05afd20aa}
04-25 11:50:03.941 I/Gecko   (   84): 1398451803958	Marionette	INFO	Switched to frame: {"frameValue":null}
04-25 11:50:04.051 I/Gecko   (   84): 1398451804061	Marionette	INFO	sendToClient: {"from":"0","ok":true}, {aef8fa35-4ad8-44d1-be8c-ffa05afd20aa}, {aef8fa35-4ad8-44d1-be8c-ffa05afd20aa}
04-25 11:50:04.051 I/Gecko   (   84): 1398451804067	Marionette	DEBUG	Got request: executeWithCallback, data: {"to":"0","sessionId":"3-b2g","name":"executeAsyncScript","parameters":{"specialPowers":false,"scriptTimeout":60000,"newSandbox":true,"args":[],"filename":"app_checker.py","script":"\n        GaiaApps.locateWithManifestURL('http://caelum.suopte.com/manifest.webapp',\n                                       null,\n                                       function uninstall(app) {\n                                       navigator.mozApps.mgmt.uninstall(app);\n                                       marionetteScriptFinished(true);\n                                       });\n        ","line":129}}, id: {877e7960-cc21-40e6-8635-6b0a2c84c6a5}
04-25 11:50:04.101 I/Gecko   (   84): -- webapps.js uninstall http://caelum.suopte.com/manifest.webapp
04-25 11:50:04.271 I/Gecko   (   84): [Parent 84] WARNING: pipe error (106): Connection reset by peer: file ../../../gecko/ipc/chromium/src/chrome/common/ipc_channel_posix.cc, line 446
04-25 11:50:04.381 I/Gecko   (   84): 
04-25 11:50:04.381 I/Gecko   (   84): ###!!! [Parent][MessageChannel] Error: Channel error: cannot send/recv
04-25 11:50:04.381 I/Gecko   (   84): 
04-25 11:50:04.381 I/Gecko   (   84): 
04-25 11:50:04.381 I/Gecko   (   84): ###!!! [Parent][MessageChannel] Error: Channel error: cannot send/recv
04-25 11:50:04.381 I/Gecko   (   84): 
04-25 11:50:04.441 I/Gecko   (   84): 1398451804458	Marionette	INFO	sendToClient: {"from":"0","value":true}, {877e7960-cc21-40e6-8635-6b0a2c84c6a5}, {877e7960-cc21-40e6-8635-6b0a2c84c6a5}
04-25 11:50:04.541 I/Gecko   (   84): [Parent 84] WARNING: waitpid failed pid:640 errno:10: file ../../../gecko/ipc/chromium/src/base/process_util_posix.cc, line 254