--------- beginning of /dev/log/main
04-27 16:43:10.995 I/Gecko   (   84): 1398642191011	Marionette	INFO	sendToClient: {"from":"0","ok":true}, {2f3f84ba-a6e9-486c-819d-51acd529fc08}, {2f3f84ba-a6e9-486c-819d-51acd529fc08}
04-27 16:43:11.055 I/Gecko   (   84): 1398642191064	Marionette	DEBUG	Got request: switchToFrame, data: {"to":"0","sessionId":"3-b2g","name":"switchToFrame","parameters":{"id":null,"focus":true}}, id: {3624760b-9796-4692-a808-092d6803e99c}
04-27 16:43:11.055 I/Gecko   (   84): 1398642191067	Marionette	INFO	Switched to frame: {"frameValue":null}
04-27 16:43:11.165 I/Gecko   (   84): 1398642191175	Marionette	INFO	sendToClient: {"from":"0","ok":true}, {3624760b-9796-4692-a808-092d6803e99c}, {3624760b-9796-4692-a808-092d6803e99c}
04-27 16:43:11.185 I/Gecko   (   84): 1398642191203	Marionette	DEBUG	Got request: executeWithCallback, data: {"to":"0","sessionId":"3-b2g","name":"executeAsyncScript","parameters":{"specialPowers":false,"scriptTimeout":null,"newSandbox":true,"args":[],"filename":"gaia_test.py","script":"return GaiaApps.displayedApp();","line":66}}, id: {8bd4297a-759e-42af-8e78-16769aedf595}
04-27 16:43:11.385 I/Gecko   (   84): 1398642191404	Marionette	INFO	sendToClient: {"from":"0","value":{"frame":{"ELEMENT":"{5d33134b-94dc-4ba3-bd90-d103c55f92b6}"},"src":"app://homescreen.gaiamobile.org/index.html#root","name":"Homescreen","origin":"app://homescreen.gaiamobile.org"}}, {8bd4297a-759e-42af-8e78-16769aedf595}, {8bd4297a-759e-42af-8e78-16769aedf595}
04-27 16:43:11.395 E/GeckoConsole(   84): Content JS LOG at dummy file:392 in GaiaApps.displayedApp: app with origin 'app://homescreen.gaiamobile.org' is displayed
04-27 16:43:11.405 I/Gecko   (   84): 1398642191422	Marionette	DEBUG	Got request: switchToFrame, data: {"to":"0","sessionId":"3-b2g","name":"switchToFrame","parameters":{"id":null,"focus":true}}, id: {4300a1fe-28a8-4c37-ab26-1f5b106707c5}
04-27 16:43:11.425 I/Gecko   (   84): 1398642191441	Marionette	INFO	Switched to frame: {"frameValue":null}
04-27 16:43:11.495 E/GeckoConsole( 3478): Content JS ERROR at app://homescreen.gaiamobile.org/gaia_build_defer_index.js:390 in loadSVConfFileError: Failed parsing singleVariant configuration file [js/singlevariantconf.json]:  [Exception... "File error: Not found"  nsresult: "0x80520012 (NS_ERROR_FILE_NOT_FOUND)"  location: "JS frame :: app://homescreen.gaiamobile.org/gaia_build_defer_index.js :: loadFile :: line 382"  data: no]
04-27 16:43:11.535 I/Gecko   (   84): 1398642191548	Marionette	INFO	sendToClient: {"from":"0","ok":true}, {4300a1fe-28a8-4c37-ab26-1f5b106707c5}, {4300a1fe-28a8-4c37-ab26-1f5b106707c5}
04-27 16:43:11.535 I/Gecko   (   84): 1398642191554	Marionette	DEBUG	Got request: switchToFrame, data: {"to":"0","sessionId":"3-b2g","name":"switchToFrame","parameters":{"id":null,"focus":true}}, id: {654fbf22-2cb7-4640-88d0-0f1baaa89012}
04-27 16:43:11.545 I/Gecko   (   84): 1398642191556	Marionette	INFO	Switched to frame: {"frameValue":null}
04-27 16:43:11.655 I/Gecko   (   84): 1398642191665	Marionette	INFO	sendToClient: {"from":"0","ok":true}, {654fbf22-2cb7-4640-88d0-0f1baaa89012}, {654fbf22-2cb7-4640-88d0-0f1baaa89012}
04-27 16:43:11.655 I/Gecko   (   84): 1398642191671	Marionette	DEBUG	Got request: executeWithCallback, data: {"to":"0","sessionId":"3-b2g","name":"executeAsyncScript","parameters":{"specialPowers":false,"scriptTimeout":null,"newSandbox":true,"args":[],"filename":"gaia_test.py","script":"return GaiaApps.displayedApp();","line":66}}, id: {1e2fe65f-4975-4b9d-ba28-8d25273796e0}
04-27 16:43:11.705 I/Gecko   (   84): 1398642191716	Marionette	INFO	sendToClient: {"from":"0","value":{"frame":{"ELEMENT":"{5d33134b-94dc-4ba3-bd90-d103c55f92b6}"},"src":"app://homescreen.gaiamobile.org/index.html#root","name":"Homescreen","origin":"app://homescreen.gaiamobile.org"}}, {1e2fe65f-4975-4b9d-ba28-8d25273796e0}, {1e2fe65f-4975-4b9d-ba28-8d25273796e0}
04-27 16:43:11.705 E/GeckoConsole(   84): Content JS LOG at dummy file:392 in GaiaApps.displayedApp: app with origin 'app://homescreen.gaiamobile.org' is displayed
04-27 16:43:11.725 I/Gecko   (   84): 1398642191743	Marionette	DEBUG	Got request: switchToFrame, data: {"to":"0","sessionId":"3-b2g","name":"switchToFrame","parameters":{"focus":true,"element":"{5d33134b-94dc-4ba3-bd90-d103c55f92b6}"}}, id: {6bc66da5-6f0b-4c42-a42c-bdb5632c42f5}
04-27 16:43:11.735 I/Gecko   (   84): 1398642191752	Marionette	INFO	Switched to frame: {"frameValue":"{5d33134b-94dc-4ba3-bd90-d103c55f92b6}"}
04-27 16:43:11.755 I/Gecko   (   84): 1398642191767	Marionette	INFO	trying remote frame 0
04-27 16:43:11.755 I/Gecko   (   84): 1398642191769	Marionette	INFO	trying remote frame 1
04-27 16:43:11.755 I/Gecko   (   84): 1398642191774	Marionette	INFO	trying remote frame 2
04-27 16:43:11.765 I/Gecko   (   84): 1398642191775	Marionette	INFO	trying remote frame 3
04-27 16:43:11.765 I/Gecko   (   84): 1398642191778	Marionette	INFO	deleting frame
04-27 16:43:11.785 I/Gecko   (   84): 1398642191797	Marionette	INFO	frame-manager load script: [object ChromeMessageSender]
04-27 16:43:12.275 I/Gecko   (   84): 1398642192288	Marionette	INFO	sendToClient: {"from":"0","ok":true}, {6bc66da5-6f0b-4c42-a42c-bdb5632c42f5}, {6bc66da5-6f0b-4c42-a42c-bdb5632c42f5}
04-27 16:43:12.325 I/Gecko   (   84): 1398642192342	Marionette	INFO	sendToClient: {"from":"0","value":{"ELEMENT":"{3292d0c8-7392-4ecc-ab29-014b5a5ac074}"}}, {c7cb997d-33fc-4859-922e-0bac196e4fd9}, {c7cb997d-33fc-4859-922e-0bac196e4fd9}
04-27 16:43:12.585 E/GeckoConsole( 3478): [JavaScript Warning: "Use of getAttributeNode() is deprecated. Use getAttribute() instead." {file: "chrome://marionette/content/atoms.js" line: 25}]
04-27 16:43:12.585 E/GeckoConsole( 3478): [JavaScript Warning: "Use of attributes' specified attribute is deprecated. It always returns true." {file: "chrome://marionette/content/atoms.js" line: 25}]
04-27 16:43:12.585 I/Gecko   (   84): 1398642192599	Marionette	INFO	sendToClient: {"from":"0","value":"normal"}, {14c325e2-f189-469e-bdff-8e050451b748}, {14c325e2-f189-469e-bdff-8e050451b748}
04-27 16:43:12.595 I/Gecko   (   84): 1398642192606	Marionette	DEBUG	Got request: switchToFrame, data: {"to":"0","sessionId":"3-b2g","name":"switchToFrame","parameters":{"id":null,"focus":true}}, id: {b790ce9a-2e02-4f20-b9c3-68268dc3dcfa}
04-27 16:43:12.605 I/Gecko   (   84): 1398642192617	Marionette	INFO	Switched to frame: {"frameValue":null}
04-27 16:43:12.685 W/WifiHW  (   84): wifi_command: SIGNAL_POLL
04-27 16:43:12.735 I/Gecko   (   84): 1398642192748	Marionette	INFO	sendToClient: {"from":"0","ok":true}, {b790ce9a-2e02-4f20-b9c3-68268dc3dcfa}, {b790ce9a-2e02-4f20-b9c3-68268dc3dcfa}
04-27 16:43:12.745 I/Gecko   (   84): 1398642192756	Marionette	DEBUG	Got request: execute, data: {"to":"0","sessionId":"3-b2g","name":"executeScript","parameters":{"specialPowers":false,"scriptTimeout":null,"newSandbox":true,"args":[],"filename":"gaia_test.py","script":"window.wrappedJSObject.dispatchEvent(new Event('home'));","line":788}}, id: {e1f6f7a1-2561-4b1a-a557-5a6bdfcd1d3a}
04-27 16:43:12.855 I/Gecko   (   84): 1398642192866	Marionette	INFO	sendToClient: {"from":"0","value":null}, {e1f6f7a1-2561-4b1a-a557-5a6bdfcd1d3a}, {e1f6f7a1-2561-4b1a-a557-5a6bdfcd1d3a}
04-27 16:43:12.865 I/Gecko   (   84): 1398642192878	Marionette	DEBUG	Got request: switchToFrame, data: {"to":"0","sessionId":"3-b2g","name":"switchToFrame","parameters":{"id":null,"focus":true}}, id: {1667ac52-ce3b-4c40-b67b-d224e1d4c13d}
04-27 16:43:12.865 I/Gecko   (   84): 1398642192883	Marionette	INFO	Switched to frame: {"frameValue":null}
04-27 16:43:12.985 I/Gecko   (   84): 1398642192995	Marionette	INFO	sendToClient: {"from":"0","ok":true}, {1667ac52-ce3b-4c40-b67b-d224e1d4c13d}, {1667ac52-ce3b-4c40-b67b-d224e1d4c13d}
04-27 16:43:12.985 I/Gecko   (   84): 1398642193001	Marionette	DEBUG	Got request: switchToFrame, data: {"to":"0","sessionId":"3-b2g","name":"switchToFrame","parameters":{"id":null,"focus":true}}, id: {945797de-dfb2-4eec-90cf-08ccb6c57439}
04-27 16:43:12.985 I/Gecko   (   84): 1398642193003	Marionette	INFO	Switched to frame: {"frameValue":null}
04-27 16:43:13.095 I/Gecko   (   84): 1398642193106	Marionette	INFO	sendToClient: {"from":"0","ok":true}, {945797de-dfb2-4eec-90cf-08ccb6c57439}, {945797de-dfb2-4eec-90cf-08ccb6c57439}
04-27 16:43:13.095 I/Gecko   (   84): 1398642193112	Marionette	DEBUG	Got request: executeWithCallback, data: {"to":"0","sessionId":"3-b2g","name":"executeAsyncScript","parameters":{"specialPowers":false,"scriptTimeout":null,"newSandbox":true,"args":[],"filename":"gaia_test.py","script":"return GaiaApps.displayedApp();","line":66}}, id: {bd189fa4-7536-435d-abd2-1705c053f599}
04-27 16:43:13.205 E/GeckoConsole(   84): Content JS LOG at dummy file:392 in GaiaApps.displayedApp: app with origin 'app://homescreen.gaiamobile.org' is displayed
04-27 16:43:13.205 I/Gecko   (   84): 1398642193217	Marionette	INFO	sendToClient: {"from":"0","value":{"frame":{"ELEMENT":"{5d33134b-94dc-4ba3-bd90-d103c55f92b6}"},"src":"app://homescreen.gaiamobile.org/index.html#rootSun%20Apr%2027%202014%2016:43:12%20GMT-0700%20(UTC)","name":"Homescreen","origin":"app://homescreen.gaiamobile.org"}}, {bd189fa4-7536-435d-abd2-1705c053f599}, {bd189fa4-7536-435d-abd2-1705c053f599}
04-27 16:43:13.205 I/Gecko   (   84): 1398642193223	Marionette	DEBUG	Got request: switchToFrame, data: {"to":"0","sessionId":"3-b2g","name":"switchToFrame","parameters":{"focus":true,"element":"{5d33134b-94dc-4ba3-bd90-d103c55f92b6}"}}, id: {37379cc1-db2d-431b-94a7-be44d31f4907}
04-27 16:43:13.215 I/Gecko   (   84): 1398642193229	Marionette	INFO	Switched to frame: {"frameValue":"{5d33134b-94dc-4ba3-bd90-d103c55f92b6}"}
04-27 16:43:13.215 I/Gecko   (   84): 1398642193233	Marionette	INFO	trying remote frame 0
04-27 16:43:13.235 I/Gecko   (   84): 1398642193247	Marionette	INFO	trying remote frame 1
04-27 16:43:13.245 I/Gecko   (   84): 1398642193255	Marionette	INFO	trying remote frame 2
04-27 16:43:13.245 I/Gecko   (   84): 1398642193256	Marionette	INFO	trying remote frame 3
04-27 16:43:14.085 I/Gecko   (   84): 1398642194097	Marionette	INFO	sendToClient: {"from":"0","ok":true}, {37379cc1-db2d-431b-94a7-be44d31f4907}, {37379cc1-db2d-431b-94a7-be44d31f4907}
04-27 16:43:14.435 I/Gecko   (   84): 1398642194446	Marionette	DEBUG	Got request: execute, data: {"to":"0","sessionId":"3-b2g","name":"executeScript","parameters":{"specialPowers":false,"scriptTimeout":null,"newSandbox":true,"args":[],"filename":"gaia_test.py","script":"return window.wrappedJSObject.GridManager.pageHelper.getCurrentPageNumber();","line":784}}, id: {3c36814c-098c-4f1f-8802-538aee46d10a}
04-27 16:43:14.725 V/AudioPolicyManagerBase(   91): startOutput() output 1, stream 1, session 7
04-27 16:43:14.725 V/AudioPolicyManagerBase(   91): changeRefCount() stream 1, count 1
04-27 16:43:14.725 V/AudioPolicyManagerBase(   91): getDeviceForStrategy() from cache strategy 0, device 2
04-27 16:43:14.725 V/AudioPolicyManagerBase(   91): getNewDevice() selected device 2
04-27 16:43:14.725 D/AudioPolicyManagerBase(   91): setOutputDevice() output 1 device 2 delayMs 0
04-27 16:43:14.725 V/AudioPolicyManagerBase(   91): setOutputDevice() setting same device 2 or null device for output 1
04-27 16:43:14.725 E/AudioPolicyManagerBase(   91): checkAndSetVolume stream=1, index=0, output=1, device=2
04-27 16:43:14.725 E/AudioPolicyManagerBase(   91): computeVolume, streamDesc=0x1d1ebb8
04-27 16:43:14.765 W/AudioFlinger(   91): Thread AudioOut_1 cannot connect to the power manager service
04-27 16:43:14.765 V/AudioPolicyManagerBase(   91): stopOutput() output 1, stream 1, session 7
04-27 16:43:14.765 V/AudioPolicyManagerBase(   91): changeRefCount() stream 1, count 0
04-27 16:43:14.765 V/AudioPolicyManagerBase(   91): getNewDevice() selected device 0
04-27 16:43:14.765 D/AudioPolicyManagerBase(   91): setOutputDevice() output 1 device 0 delayMs 290
04-27 16:43:14.765 V/AudioPolicyManagerBase(   91): setOutputDevice() setting same device 0 or null device for output 1
04-27 16:43:14.775 V/AudioPolicyManagerBase(   91): releaseOutput() 1
04-27 16:43:14.815 I/Gecko   (   84): 1398642194830	Marionette	INFO	sendToClient: {"from":"0","value":0}, {3c36814c-098c-4f1f-8802-538aee46d10a}, {3c36814c-098c-4f1f-8802-538aee46d10a}
04-27 16:43:15.215 I/Gecko   (   84): 1398642195230	Marionette	INFO	sendToClient: {"from":"0","value":["{528b21f6-d52e-48e3-bbfa-f16bc74d8cc1}","{5d1b0706-97ec-4ece-966e-c09939dc0c8d}","{5d0975b3-20ee-4c90-af1e-46010b14338f}","{967cae15-1ac5-4250-b5cb-ba738b6e433c}","{175f84ca-6b5b-428d-8f7a-70b46a7e6bc3}","{72e7db98-f3f9-4dfb-b181-16b202a1e9f6}","{25766d5b-5396-4db0-9ee7-6ad924183105}","{fc00d4f3-8512-47d8-bf7a-952925555aea}","{a1e31258-59db-4d85-87a1-b08c8e5f88ef}","{2a624c04-9076-40b8-bb8b-980a6ad87f33}","{685e9983-a8eb-40ff-8bc3-20c28d080be4}","{b987d1d0-e0d4-41df-bd1f-f25be01df911}","{2f145f6c-8b47-415c-a73e-4935fa040aca}","{ffc45012-ffe9-42da-9589-dc11b8c53006}","{eed3cfa7-ab7d-46e9-8cda-f25d39ce7ca7}","{4ec577a8-6bcd-4922-b000-5a12ad179b5a}","{604536d1-cb75-49d1-a4df-eae1b0f533a3}","{c417653f-9989-405a-bef1-6f9550bf7325}","{50aab45d-eceb-4699-ae55-0ae81b64e61f}","{00a9a55b-dd44-4680-a536-c760d900ba14}","{85b58ade-3ae3-42f7-bb5c-887755405111}","{d19c643e-7301-4c8a-8568-d4dc9bafbfd5}","{be8d4c66-a31c-423a-bbbc-86f520af0b56}","{1ea19120-521a
04-27 16:43:15.295 I/Gecko   (   84): 1398642195310	Marionette	INFO	sendToClient: {"from":"0","value":"app://homescreen.gaiamobile.org/index.html#rootSun%20Apr%2027%202014%2016:43:12%20GMT-0700%20(UTC)"}, {a91c6532-7b7f-4e20-b632-edc6dee3bf42}, {a91c6532-7b7f-4e20-b632-edc6dee3bf42}
04-27 16:43:15.305 I/Gecko   (   84): 1398642195316	Marionette	DEBUG	Got request: switchToFrame, data: {"to":"0","sessionId":"3-b2g","name":"switchToFrame","parameters":{"id":null,"focus":true}}, id: {99144936-74c7-4a51-9bd8-c96baa93c6b8}
04-27 16:43:15.315 I/Gecko   (   84): 1398642195326	Marionette	INFO	Switched to frame: {"frameValue":null}
04-27 16:43:15.425 I/Gecko   (   84): 1398642195438	Marionette	INFO	sendToClient: {"from":"0","ok":true}, {99144936-74c7-4a51-9bd8-c96baa93c6b8}, {99144936-74c7-4a51-9bd8-c96baa93c6b8}
04-27 16:43:15.435 I/Gecko   (   84): 1398642195444	Marionette	DEBUG	Got request: switchToFrame, data: {"to":"0","sessionId":"3-b2g","name":"switchToFrame","parameters":{"id":null,"focus":true}}, id: {d461d6cc-7929-428e-aa3c-bf5fc8e3eadd}
04-27 16:43:15.435 I/Gecko   (   84): 1398642195446	Marionette	INFO	Switched to frame: {"frameValue":null}
04-27 16:43:15.645 I/Gecko   (   84): 1398642195663	Marionette	INFO	sendToClient: {"from":"0","ok":true}, {d461d6cc-7929-428e-aa3c-bf5fc8e3eadd}, {d461d6cc-7929-428e-aa3c-bf5fc8e3eadd}
04-27 16:43:15.675 I/Gecko   (   84): 1398642195692	Marionette	DEBUG	Got request: executeWithCallback, data: {"to":"0","sessionId":"3-b2g","name":"executeAsyncScript","parameters":{"specialPowers":false,"scriptTimeout":30000,"newSandbox":true,"args":[],"filename":"app_checker.py","script":"GaiaApps.launchWithManifestURL('https://marketplace.firefox.com/app/2edccee8-8b83-4056-84b1-3e3f906f6c59/manifest.webapp')","line":106}}, id: {9bf3aba7-c89c-4112-aebf-48b8135eed8c}
04-27 16:43:15.975 I/Gonk    (   84): Setting nice for pid 3486 to 18
04-27 16:43:15.975 I/Gonk    (   84): Changed nice for pid 3486 from 18 to 18.
04-27 16:43:15.975 I/Gecko   (   84): [Parent 84] WARNING: waitpid failed pid:3486 errno:10: file ../../../gecko/ipc/chromium/src/base/process_util_posix.cc, line 254
04-27 16:43:15.995 I/Gonk    (   84): Setting nice for pid 3486 to 1
04-27 16:43:15.995 I/Gonk    (   84): Changed nice for pid 3486 from 18 to 1.
04-27 16:43:16.035 E/GeckoConsole(   84): Content JS LOG at dummy file:334 in GaiaApps.launch: launching app with name 'Calculadora'
04-27 16:43:16.255 E/[Gralloc-ERROR](   84): int gralloc_register_buffer(const gralloc_module_t*, const native_handle_t*):79 Unable to register handle 0x48d29240 coming from different process: 84
04-27 16:43:16.315 E/[Gralloc-ERROR](   84): int gralloc_register_buffer(const gralloc_module_t*, const native_handle_t*):79 Unable to register handle 0x48d29330 coming from different process: 84
04-27 16:43:16.345 E/[Gralloc-ERROR](   84): int gralloc_register_buffer(const gralloc_module_t*, const native_handle_t*):79 Unable to register handle 0x48d293d0 coming from different process: 84
04-27 16:43:16.345 E/[Gralloc-ERROR](   84): int gralloc_register_buffer(const gralloc_module_t*, const native_handle_t*):79 Unable to register handle 0x48d29470 coming from different process: 84
04-27 16:43:16.475 I/Gonk    (   84): Setting nice for pid 3478 to 18
04-27 16:43:16.475 I/Gonk    (   84): Changed nice for pid 3478 from 1 to 18.
04-27 16:43:16.485 D/Sensors (   84): activate handle=0; drv=0
04-27 16:43:16.495 D/Sensors (   84): Lis3dhSensor: Control set 1
04-27 16:43:16.495 D/Sensors (   84): Lis3dhSensor: mEnabled = 1
04-27 16:43:17.645 I/Gecko   ( 3486): ###################################### forms.js loaded
04-27 16:43:17.665 I/Gecko   ( 3486): ############################### browserElementPanning.js loaded
04-27 16:43:17.695 W/WifiHW  (   84): wifi_command: SIGNAL_POLL
04-27 16:43:17.705 I/Gecko   ( 3486): ######################## BrowserElementChildPreload.js loaded
04-27 16:43:17.875 I/Gecko   (   84): 
04-27 16:43:17.875 I/Gecko   (   84): ###!!! [Parent][MessageChannel] Error: Channel error: cannot send/recv
04-27 16:43:17.875 I/Gecko   (   84): 
04-27 16:43:17.955 I/GeckoDump(   84): Crash reporter : Can't fetch app.reportCrashes. Exception: [Exception... "Component returned failure code: 0x8000ffff (NS_ERROR_UNEXPECTED) [nsIPrefBranch.getBoolPref]"  nsresult: "0x8000ffff (NS_ERROR_UNEXPECTED)"  location: "JS frame :: chrome://browser/content/shell.js :: shell_reportCrash :: line 7"  data: no]
04-27 16:43:17.955 I/Gecko   (   84): [Parent 84] WARNING: waitpid failed pid:3478 errno:10: file ../../../gecko/ipc/chromium/src/base/process_util_posix.cc, line 254
04-27 16:43:18.375 E/GeckoConsole( 3486): [JavaScript Error: "The character encoding of the HTML document was not declared. The document will render with garbled text in some browser configurations if the document contains characters from outside the US-ASCII range. The character encoding of the page must be declared in the document or in the transfer protocol." {file: "app://{52770645-e797-4d10-b469-4b428613f862}/index.html" line: 0}]
04-27 16:43:19.575 I/Gonk    (   84): Setting nice for pid 3590 to 18
04-27 16:43:19.575 I/Gonk    (   84): Changed nice for pid 3590 from 0 to 18.
04-27 16:43:19.635 E/[Gralloc-ERROR](   84): int gralloc_unregister_buffer(const gralloc_module_t*, const native_handle_t*):274 Trying to unregister buffer 0x48d29330 from process 84 that was not created in current process: 84
04-27 16:43:19.635 E/GeckoConsole(   84): Content JS LOG at dummy file:326 in GaiaApps.launch/appOpen/<: app with origin 'app://{52770645-e797-4d10-b469-4b428613f862}' has launched
04-27 16:43:19.635 I/Gecko   (   84): 1398642199650	Marionette	INFO	sendToClient: {"from":"0","value":{"frame":{"ELEMENT":"{54e93700-aded-4665-8382-4cf82b4ef31a}"},"src":"app://{52770645-e797-4d10-b469-4b428613f862}/index.html","name":"Calculadora","origin":"app://{52770645-e797-4d10-b469-4b428613f862}"}}, {9bf3aba7-c89c-4112-aebf-48b8135eed8c}, {9bf3aba7-c89c-4112-aebf-48b8135eed8c}
04-27 16:43:19.635 E/[Gralloc-ERROR](   84): int gralloc_unregister_buffer(const gralloc_module_t*, const native_handle_t*):274 Trying to unregister buffer 0x48d29240 from process 84 that was not created in current process: 84
04-27 16:43:19.635 E/[Gralloc-ERROR](   84): int gralloc_unregister_buffer(const gralloc_module_t*, const native_handle_t*):274 Trying to unregister buffer 0x48d29470 from process 84 that was not created in current process: 84
04-27 16:43:19.635 E/[Gralloc-ERROR](   84): int gralloc_unregister_buffer(const gralloc_module_t*, const native_handle_t*):274 Trying to unregister buffer 0x48d293d0 from process 84 that was not created in current process: 84
04-27 16:43:19.645 I/Gonk    (   84): Setting nice for pid 3590 to 18
04-27 16:43:19.645 I/Gonk    (   84): Changed nice for pid 3590 from 18 to 18.
04-27 16:43:19.645 I/Gecko   (   84): [Parent 84] WARNING: waitpid failed pid:3590 errno:10: file ../../../gecko/ipc/chromium/src/base/process_util_posix.cc, line 254
04-27 16:43:19.655 I/Gecko   (   84): 1398642199670	Marionette	DEBUG	Got request: switchToFrame, data: {"to":"0","sessionId":"3-b2g","name":"switchToFrame","parameters":{"focus":true,"element":"{54e93700-aded-4665-8382-4cf82b4ef31a}"}}, id: {0c7da863-7fd6-4d37-9e7b-fd83b48bdf93}
04-27 16:43:19.665 I/Gecko   (   84): 1398642199678	Marionette	INFO	Switched to frame: {"frameValue":"{54e93700-aded-4665-8382-4cf82b4ef31a}"}
04-27 16:43:19.695 I/Gecko   (   84): 1398642199707	Marionette	INFO	trying remote frame 0
04-27 16:43:19.705 I/Gecko   (   84): 1398642199715	Marionette	INFO	trying remote frame 1
04-27 16:43:19.705 I/Gecko   (   84): 1398642199717	Marionette	INFO	trying remote frame 2
04-27 16:43:19.705 I/Gecko   (   84): 1398642199718	Marionette	INFO	trying remote frame 3
04-27 16:43:19.705 I/Gecko   (   84): 1398642199718	Marionette	INFO	deleting frame
04-27 16:43:19.705 I/Gecko   (   84): 1398642199724	Marionette	INFO	frame-manager load script: [object ChromeMessageSender]
04-27 16:43:19.955 I/Gecko   (   84): [Parent 84] WARNING: waitpid failed pid:3478 errno:10: file ../../../gecko/ipc/chromium/src/base/process_util_posix.cc, line 254
04-27 16:43:19.955 I/Gecko   (   84): [Parent 84] WARNING: Failed to deliver SIGKILL to 3478!(3).: file ../../../gecko/ipc/chromium/src/chrome/common/process_watcher_posix_sigchld.cc, line 118
04-27 16:43:20.325 I/Gecko   (   84): 1398642200344	Marionette	INFO	sendToClient: {"from":"0","ok":true}, {0c7da863-7fd6-4d37-9e7b-fd83b48bdf93}, {0c7da863-7fd6-4d37-9e7b-fd83b48bdf93}
04-27 16:43:20.415 I/Gecko   (   84): 1398642200430	Marionette	INFO	sendToClient: {"from":"0","value":"app://{52770645-e797-4d10-b469-4b428613f862}/index.html"}, {528a0c91-5cd2-46e0-b113-11fd5b424dfe}, {528a0c91-5cd2-46e0-b113-11fd5b424dfe}
04-27 16:43:20.425 I/Gecko   (   84): 1398642200438	Marionette	DEBUG	Got request: execute, data: {"to":"0","sessionId":"3-b2g","name":"executeScript","parameters":{"specialPowers":false,"scriptTimeout":null,"newSandbox":true,"args":[],"filename":"app_checker.py","script":"return window.document.readyState;","line":191}}, id: {55497195-c0a5-464e-a3f7-3fa85ae89e14}
04-27 16:43:20.475 I/Gecko   (   84): 1398642200488	Marionette	INFO	sendToClient: {"from":"0","value":"complete"}, {55497195-c0a5-464e-a3f7-3fa85ae89e14}, {55497195-c0a5-464e-a3f7-3fa85ae89e14}
04-27 16:43:20.485 I/Gecko   (   84): 1398642200496	Marionette	INFO	sendToClient: {"from":"0","value":"app://{52770645-e797-4d10-b469-4b428613f862}/index.html"}, {23e62aff-2d10-4cbb-86b8-c124553c0046}, {23e62aff-2d10-4cbb-86b8-c124553c0046}
04-27 16:43:20.525 I/Gecko   ( 3486): Attempting load of libEGL.so
04-27 16:43:20.575 D/libEGL  ( 3486): loaded /system/lib/egl/libEGL_mali.so
04-27 16:43:20.595 D/libEGL  ( 3486): loaded /system/lib/egl/libGLESv1_CM_mali.so
04-27 16:43:20.595 D/libEGL  ( 3486): loaded /system/lib/egl/libGLESv2_mali.so
04-27 16:43:20.645 I/Gonk    (   84): Setting nice for pid 3590 to 18
04-27 16:43:20.645 I/Gonk    (   84): Changed nice for pid 3590 from 18 to 18.
04-27 16:43:20.685 I/Gecko   ( 3486): SharedSurface_Gralloc::Create -------
04-27 16:43:20.745 I/Gecko   ( 3486): SharedSurface_Gralloc::Create: success -- surface 0x43d56f80, GraphicBuffer 0x43f01780.
04-27 16:43:20.785 I/Gonk    (   84): Setting nice for pid 3601 to 18
04-27 16:43:20.785 I/Gonk    (   84): Changed nice for pid 3601 from 0 to 18.
04-27 16:43:21.265 I/Gecko   (   84): 
04-27 16:43:21.265 I/Gecko   (   84): ###!!! [Parent][MessageChannel] Error: Channel error: cannot send/recv
04-27 16:43:21.265 I/Gecko   (   84): 
04-27 16:43:21.355 I/GeckoDump(   84): Crash reporter : Can't fetch app.reportCrashes. Exception: [Exception... "Component returned failure code: 0x8000ffff (NS_ERROR_UNEXPECTED) [nsIPrefBranch.getBoolPref]"  nsresult: "0x8000ffff (NS_ERROR_UNEXPECTED)"  location: "JS frame :: chrome://browser/content/shell.js :: shell_reportCrash :: line 7"  data: no]
04-27 16:43:21.395 I/Gecko   (   84): [Parent 84] WARNING: waitpid failed pid:3590 errno:10: file ../../../gecko/ipc/chromium/src/base/process_util_posix.cc, line 254
04-27 16:43:22.845 I/Gecko   (   84): 1398642202855	Marionette	INFO	sendToClient: {"from":"0","value":"iVBORw0KGgoAAAANSUhEUgAAAUAAAAHMCAYAAACk4nEJAAAgAElEQVR4nO2d61OUZ7qv1/+0ylWWx3lbulsIEAHTndBAd3McTsZswyHiEwORFhM1mCgr0QTQGIkYT4MHQDxxEpDWpY7nU2Zm7ZU9VZOZZMzMODHJb3+SCqPP3kwNvHdX378PV1XEVD33xdv3JYfufv/t5ZdfBiGEaOTfpAcghBApGEBCiFoYQEKIWhhAQohaGEBCiFoYwFkgGAwiEomgpqYGxhhC5oyamhpEIhEEg0Hxx30ywADOAtFoFKtWrcKLL74Ij8dDyJzx4osvYtWqVYhGo+KP+2SAAZwF3njjDYRCIWRnZxMy54RCIbzxxhvij/tkgAGcBYwxKCoqIsQ1jDHij/tkgAGcBYwxqKioIMQ1GMDZgQGcBYwxKC0tncbbb7+NnTt3ora29pm/I+RfhQGcHRjAWcAYg8LCwikOHDiAv//97/jNb36Dv/3tb4jFYtP+npB/FQZwdmAAZwFjDAoKClBQUIDKyko8efIE27ZtQ0FBAYaGhnD79u2pvydkNmAAZwcGcBYwxiA3Nxe5ublobW0FAESjUeTm5mL37t3T/kzIbMAAzg4M4CxgjEEgEEAgEEBHRweePHky9edNmzYBAF599dWpjxHyr8IAzg4M4CxgjJl6jtZHH32EH3/8ETk5OcjOzsbmzZsBAKWlpeLPHyPJAwM4OzCAs4AxBhkZGcjIyMD69esBAHl5ecjIyMDu3bvxww8/YMWKFVP/DyH/Kgzg7MAAzgLGGKSmpiI1NRWZmZn49ttvsWfPHrz00ku4cuUKzp07N/X3hMwGDODswADOAsYYeL3eKWpra/Htt98CAO7cuYNgMDjt7wn5V2EAZwcGcBYwxuAXv/jFNBzHwYsvvvjMxwmZDRjA2YEBnAWMMVi4cCEhrsEAzg4M4CxgjMF//Md/EO
04-27 16:43:22.895 W/WifiHW  (   84): wifi_command: SIGNAL_POLL
04-27 16:43:23.375 I/Gecko   (   84): 1398642203384	Marionette	INFO	sendToClient: {"from":"0","ok":true}, {e50f89a1-100d-4921-937d-7ad1f6d78070}, {e50f89a1-100d-4921-937d-7ad1f6d78070}
04-27 16:43:23.375 I/Gecko   (   84): 1398642203391	Marionette	DEBUG	Got request: switchToFrame, data: {"to":"0","sessionId":"3-b2g","name":"switchToFrame","parameters":{"id":null,"focus":true}}, id: {47e9c065-4a15-40c3-b599-96d04dfd4dbb}
04-27 16:43:23.395 I/Gecko   (   84): [Parent 84] WARNING: waitpid failed pid:3590 errno:10: file ../../../gecko/ipc/chromium/src/base/process_util_posix.cc, line 254
04-27 16:43:23.395 I/Gecko   (   84): [Parent 84] WARNING: Failed to deliver SIGKILL to 3590!(3).: file ../../../gecko/ipc/chromium/src/chrome/common/process_watcher_posix_sigchld.cc, line 118
04-27 16:43:23.405 I/Gecko   (   84): 1398642203417	Marionette	INFO	Switched to frame: {"frameValue":null}
04-27 16:43:23.515 I/Gecko   (   84): 1398642203526	Marionette	INFO	sendToClient: {"from":"0","ok":true}, {47e9c065-4a15-40c3-b599-96d04dfd4dbb}, {47e9c065-4a15-40c3-b599-96d04dfd4dbb}
04-27 16:43:23.515 I/Gecko   (   84): 1398642203532	Marionette	DEBUG	Got request: executeWithCallback, data: {"to":"0","sessionId":"3-b2g","name":"executeAsyncScript","parameters":{"specialPowers":false,"scriptTimeout":null,"newSandbox":true,"args":[],"filename":"gaia_test.py","script":"return GaiaApps.displayedApp();","line":66}}, id: {df780a8f-eb84-42d6-8d36-e546f34c555c}
04-27 16:43:23.595 I/Gecko   (   84): 1398642203609	Marionette	INFO	sendToClient: {"from":"0","value":{"frame":{"ELEMENT":"{54e93700-aded-4665-8382-4cf82b4ef31a}"},"src":"app://{52770645-e797-4d10-b469-4b428613f862}/index.html","name":"Calculadora","origin":"app://{52770645-e797-4d10-b469-4b428613f862}"}}, {df780a8f-eb84-42d6-8d36-e546f34c555c}, {df780a8f-eb84-42d6-8d36-e546f34c555c}
04-27 16:43:23.595 E/GeckoConsole(   84): Content JS LOG at dummy file:392 in GaiaApps.displayedApp: app with origin 'app://{52770645-e797-4d10-b469-4b428613f862}' is displayed
04-27 16:43:23.605 I/Gecko   (   84): 1398642203618	Marionette	DEBUG	Got request: switchToFrame, data: {"to":"0","sessionId":"3-b2g","name":"switchToFrame","parameters":{"id":null,"focus":true}}, id: {a1ae3580-b992-49b3-8846-9bb38f613f1d}
04-27 16:43:23.605 I/Gecko   (   84): 1398642203620	Marionette	INFO	Switched to frame: {"frameValue":null}
04-27 16:43:23.705 I/Gecko   (   84): 1398642203723	Marionette	INFO	sendToClient: {"from":"0","ok":true}, {a1ae3580-b992-49b3-8846-9bb38f613f1d}, {a1ae3580-b992-49b3-8846-9bb38f613f1d}
04-27 16:43:23.715 I/Gecko   (   84): 1398642203728	Marionette	DEBUG	Got request: execute, data: {"to":"0","sessionId":"3-b2g","name":"executeScript","parameters":{"specialPowers":false,"scriptTimeout":null,"newSandbox":true,"args":[],"filename":"gaia_test.py","script":"window.wrappedJSObject.dispatchEvent(new Event('home'));","line":788}}, id: {797abcda-9a14-4d52-be7f-aa99af213454}
04-27 16:43:23.805 I/Gonk    (   84): Setting nice for pid 3601 to 18
04-27 16:43:23.805 I/Gonk    (   84): Changed nice for pid 3601 from 18 to 18.
04-27 16:43:23.805 I/Gecko   (   84): [Parent 84] WARNING: waitpid failed pid:3601 errno:10: file ../../../gecko/ipc/chromium/src/base/process_util_posix.cc, line 254
04-27 16:43:23.805 I/Gonk    (   84): Setting nice for pid 3601 to 1
04-27 16:43:23.805 I/Gonk    (   84): Changed nice for pid 3601 from 18 to 1.
04-27 16:43:23.855 D/Sensors (   84): activate handle=0; drv=0
04-27 16:43:23.855 D/Sensors (   84): Lis3dhSensor: Control set 0
04-27 16:43:23.855 D/Sensors (   84): Lis3dhSensor: mEnabled = 0
04-27 16:43:23.915 I/Gecko   (   84): 1398642203928	Marionette	INFO	sendToClient: {"from":"0","value":null}, {797abcda-9a14-4d52-be7f-aa99af213454}, {797abcda-9a14-4d52-be7f-aa99af213454}
04-27 16:43:23.945 I/Gecko   (   84): 1398642203956	Marionette	DEBUG	Got request: switchToFrame, data: {"to":"0","sessionId":"3-b2g","name":"switchToFrame","parameters":{"id":null,"focus":true}}, id: {ac890f8c-02d2-4a46-8bdb-2577f9a73bec}
04-27 16:43:23.945 I/Gecko   (   84): 1398642203958	Marionette	INFO	Switched to frame: {"frameValue":null}
04-27 16:43:24.045 I/Gecko   (   84): 1398642204061	Marionette	INFO	sendToClient: {"from":"0","ok":true}, {ac890f8c-02d2-4a46-8bdb-2577f9a73bec}, {ac890f8c-02d2-4a46-8bdb-2577f9a73bec}
04-27 16:43:24.055 I/Gecko   (   84): 1398642204067	Marionette	DEBUG	Got request: executeWithCallback, data: {"to":"0","sessionId":"3-b2g","name":"executeAsyncScript","parameters":{"specialPowers":false,"scriptTimeout":null,"newSandbox":true,"args":[],"filename":"gaia_test.py","script":"return GaiaApps.displayedApp();","line":66}}, id: {82c034ab-6ed6-4189-a70b-e449f44d1cea}
04-27 16:43:24.155 E/GeckoConsole(   84): Content JS LOG at dummy file:392 in GaiaApps.displayedApp: app with origin 'app://homescreen.gaiamobile.org' is displayed
04-27 16:43:24.155 I/Gecko   (   84): 1398642204169	Marionette	INFO	sendToClient: {"from":"0","value":{"frame":{"ELEMENT":"{db7b92d3-9782-4515-939e-c7b2c7d32196}"},"src":"app://homescreen.gaiamobile.org/index.html#root","name":"Homescreen","origin":"app://homescreen.gaiamobile.org"}}, {82c034ab-6ed6-4189-a70b-e449f44d1cea}, {82c034ab-6ed6-4189-a70b-e449f44d1cea}
04-27 16:43:24.165 I/Gecko   (   84): 1398642204179	Marionette	DEBUG	Got request: switchToFrame, data: {"to":"0","sessionId":"3-b2g","name":"switchToFrame","parameters":{"id":null,"focus":true}}, id: {5cc306d5-7ba5-45f2-817c-d306e1319336}
04-27 16:43:24.165 I/Gecko   (   84): 1398642204181	Marionette	INFO	Switched to frame: {"frameValue":null}
04-27 16:43:24.275 I/Gecko   (   84): 1398642204286	Marionette	INFO	sendToClient: {"from":"0","ok":true}, {5cc306d5-7ba5-45f2-817c-d306e1319336}, {5cc306d5-7ba5-45f2-817c-d306e1319336}
04-27 16:43:24.275 I/Gecko   (   84): 1398642204291	Marionette	DEBUG	Got request: switchToFrame, data: {"to":"0","sessionId":"3-b2g","name":"switchToFrame","parameters":{"id":null,"focus":true}}, id: {a60b6718-abf1-4ca0-aa52-91d37cd42f05}
04-27 16:43:24.275 I/Gecko   (   84): 1398642204293	Marionette	INFO	Switched to frame: {"frameValue":null}
04-27 16:43:24.385 I/Gecko   (   84): 1398642204395	Marionette	INFO	sendToClient: {"from":"0","ok":true}, {a60b6718-abf1-4ca0-aa52-91d37cd42f05}, {a60b6718-abf1-4ca0-aa52-91d37cd42f05}
04-27 16:43:24.605 I/Gonk    (   84): Setting nice for pid 3611 to 18
04-27 16:43:24.605 I/Gonk    (   84): Changed nice for pid 3611 from 0 to 18.
04-27 16:43:24.615 I/Gecko   (   84): 1398642204626	Marionette	DEBUG	Got request: executeWithCallback, data: {"to":"0","sessionId":"3-b2g","name":"executeAsyncScript","parameters":{"specialPowers":false,"scriptTimeout":null,"newSandbox":true,"args":[],"filename":"gaia_test.py","script":"return GaiaApps.displayedApp();","line":66}}, id: {f2c9306c-3521-4239-8f60-d163cfe7eda7}
04-27 16:43:24.685 I/Gecko   (   84): 1398642204700	Marionette	INFO	sendToClient: {"from":"0","value":{"frame":{"ELEMENT":"{db7b92d3-9782-4515-939e-c7b2c7d32196}"},"src":"app://homescreen.gaiamobile.org/index.html#root","name":"Homescreen","origin":"app://homescreen.gaiamobile.org"}}, {f2c9306c-3521-4239-8f60-d163cfe7eda7}, {f2c9306c-3521-4239-8f60-d163cfe7eda7}
04-27 16:43:24.695 E/GeckoConsole(   84): Content JS LOG at dummy file:392 in GaiaApps.displayedApp: app with origin 'app://homescreen.gaiamobile.org' is displayed
04-27 16:43:24.705 I/Gecko   (   84): 1398642204719	Marionette	DEBUG	Got request: switchToFrame, data: {"to":"0","sessionId":"3-b2g","name":"switchToFrame","parameters":{"focus":true,"element":"{db7b92d3-9782-4515-939e-c7b2c7d32196}"}}, id: {b5fd2497-c943-4eda-ad06-297ce568cb3c}
04-27 16:43:24.725 I/Gecko   (   84): 1398642204743	Marionette	INFO	Switched to frame: {"frameValue":"{db7b92d3-9782-4515-939e-c7b2c7d32196}"}
04-27 16:43:24.755 I/Gecko   (   84): 1398642204772	Marionette	INFO	trying remote frame 0
04-27 16:43:24.765 I/Gecko   (   84): 1398642204775	Marionette	INFO	trying remote frame 1
04-27 16:43:24.775 I/Gecko   (   84): 1398642204785	Marionette	INFO	trying remote frame 2
04-27 16:43:24.775 I/Gecko   (   84): 1398642204786	Marionette	INFO	trying remote frame 3
04-27 16:43:24.775 I/Gecko   (   84): 1398642204787	Marionette	INFO	deleting frame
04-27 16:43:24.775 I/Gecko   (   84): 1398642204793	Marionette	INFO	frame-manager load script: [object ChromeMessageSender]
04-27 16:43:25.175 E/[Gralloc-ERROR](   84): int gralloc_register_buffer(const gralloc_module_t*, const native_handle_t*):79 Unable to register handle 0x44d4c830 coming from different process: 84
04-27 16:43:25.175 E/[Gralloc-ERROR](   84): int gralloc_register_buffer(const gralloc_module_t*, const native_handle_t*):79 Unable to register handle 0x44d4c920 coming from different process: 84
04-27 16:43:27.125 E/[Gralloc-ERROR](   84): int gralloc_unregister_buffer(const gralloc_module_t*, const native_handle_t*):274 Trying to unregister buffer 0x44d4c920 from process 84 that was not created in current process: 84
04-27 16:43:27.125 E/[Gralloc-ERROR](   84): int gralloc_unregister_buffer(const gralloc_module_t*, const native_handle_t*):274 Trying to unregister buffer 0x44d4c830 from process 84 that was not created in current process: 84
04-27 16:43:27.495 I/Gonk    (   84): Setting nice for pid 3486 to 18
04-27 16:43:27.495 I/Gonk    (   84): Changed nice for pid 3486 from 1 to 18.
04-27 16:43:27.915 W/WifiHW  (   84): wifi_command: SIGNAL_POLL
04-27 16:43:28.105 I/Gecko   ( 3601): ###################################### forms.js loaded
04-27 16:43:28.145 I/Gecko   ( 3601): ############################### browserElementPanning.js loaded
04-27 16:43:28.195 I/Gecko   ( 3601): ######################## BrowserElementChildPreload.js loaded
04-27 16:43:28.945 I/Gecko   (   84): 
04-27 16:43:28.945 I/Gecko   (   84): ###!!! [Parent][MessageChannel] Error: Channel error: cannot send/recv
04-27 16:43:28.945 I/Gecko   (   84): 
04-27 16:43:29.055 I/GeckoDump(   84): Crash reporter : Can't fetch app.reportCrashes. Exception: [Exception... "Component returned failure code: 0x8000ffff (NS_ERROR_UNEXPECTED) [nsIPrefBranch.getBoolPref]"  nsresult: "0x8000ffff (NS_ERROR_UNEXPECTED)"  location: "JS frame :: chrome://browser/content/shell.js :: shell_reportCrash :: line 7"  data: no]
04-27 16:43:29.065 I/Gecko   (   84): [Parent 84] WARNING: waitpid failed pid:3486 errno:10: file ../../../gecko/ipc/chromium/src/base/process_util_posix.cc, line 254
04-27 16:43:29.475 I/Gecko   (   84): 1398642209485	Marionette	INFO	sendToClient: {"from":"0","ok":true}, {b5fd2497-c943-4eda-ad06-297ce568cb3c}, {b5fd2497-c943-4eda-ad06-297ce568cb3c}
04-27 16:43:29.935 I/Gecko   (   84): 1398642209947	Marionette	INFO	sendToClient: {"from":"0","value":"app://homescreen.gaiamobile.org/index.html#root"}, {aa13563d-2816-4cd2-8903-9388b7c2433e}, {aa13563d-2816-4cd2-8903-9388b7c2433e}
04-27 16:43:29.945 I/Gecko   (   84): 1398642209959	Marionette	DEBUG	Got request: switchToFrame, data: {"to":"0","sessionId":"3-b2g","name":"switchToFrame","parameters":{"id":null,"focus":true}}, id: {e0c7cb6d-92d7-4433-a9cc-2602aadb12ce}
04-27 16:43:29.975 I/Gecko   (   84): 1398642209987	Marionette	INFO	Switched to frame: {"frameValue":null}
04-27 16:43:30.075 I/Gecko   (   84): 1398642210092	Marionette	INFO	sendToClient: {"from":"0","ok":true}, {e0c7cb6d-92d7-4433-a9cc-2602aadb12ce}, {e0c7cb6d-92d7-4433-a9cc-2602aadb12ce}
04-27 16:43:30.085 I/Gecko   (   84): 1398642210098	Marionette	DEBUG	Got request: switchToFrame, data: {"to":"0","sessionId":"3-b2g","name":"switchToFrame","parameters":{"id":null,"focus":true}}, id: {a2852ff1-24a2-45dc-94ff-4e84965de491}
04-27 16:43:30.085 I/Gecko   (   84): 1398642210100	Marionette	INFO	Switched to frame: {"frameValue":null}
04-27 16:43:30.195 I/Gecko   (   84): 1398642210204	Marionette	INFO	sendToClient: {"from":"0","ok":true}, {a2852ff1-24a2-45dc-94ff-4e84965de491}, {a2852ff1-24a2-45dc-94ff-4e84965de491}
04-27 16:43:30.195 I/Gecko   (   84): 1398642210211	Marionette	DEBUG	Got request: executeWithCallback, data: {"to":"0","sessionId":"3-b2g","name":"executeAsyncScript","parameters":{"specialPowers":false,"scriptTimeout":null,"newSandbox":true,"args":[],"filename":"gaia_test.py","script":"GaiaApps.killAll()","line":91}}, id: {722e3da7-3e4f-4d50-9325-a1d6228be288}
04-27 16:43:30.355 I/Gecko   (   84): 1398642210365	Marionette	INFO	sendToClient: {"from":"0","value":true}, {722e3da7-3e4f-4d50-9325-a1d6228be288}, {722e3da7-3e4f-4d50-9325-a1d6228be288}
04-27 16:43:30.365 I/Gecko   (   84): 1398642210379	Marionette	DEBUG	Got request: switchToFrame, data: {"to":"0","sessionId":"3-b2g","name":"switchToFrame","parameters":{"id":null,"focus":true}}, id: {53455d32-287f-40d5-92e4-90bf430b36ee}
04-27 16:43:30.375 I/Gecko   (   84): 1398642210386	Marionette	INFO	Switched to frame: {"frameValue":null}
04-27 16:43:30.585 I/Gecko   (   84): 1398642210600	Marionette	INFO	sendToClient: {"from":"0","ok":true}, {53455d32-287f-40d5-92e4-90bf430b36ee}, {53455d32-287f-40d5-92e4-90bf430b36ee}
04-27 16:43:30.595 I/Gecko   (   84): 1398642210607	Marionette	DEBUG	Got request: executeWithCallback, data: {"to":"0","sessionId":"3-b2g","name":"executeAsyncScript","parameters":{"specialPowers":false,"scriptTimeout":60000,"newSandbox":true,"args":[],"filename":"app_checker.py","script":"\n        GaiaApps.locateWithManifestURL('https://marketplace.firefox.com/app/2edccee8-8b83-4056-84b1-3e3f906f6c59/manifest.webapp',\n                                       null,\n                                       function uninstall(app) {\n                                       navigator.mozApps.mgmt.uninstall(app);\n                                       marionetteScriptFinished(true);\n                                       });\n        ","line":129}}, id: {83d1d234-bbce-4899-8862-dbee98511dea}
04-27 16:43:30.705 I/Gecko   (   84): -- webapps.js uninstall https://marketplace.firefox.com/app/2edccee8-8b83-4056-84b1-3e3f906f6c59/manifest.webapp
04-27 16:43:31.065 I/Gecko   (   84): [Parent 84] WARNING: waitpid failed pid:3486 errno:10: file ../../../gecko/ipc/chromium/src/base/process_util_posix.cc, line 254
04-27 16:43:31.065 I/Gecko   (   84): [Parent 84] WARNING: Failed to deliver SIGKILL to 3486!(3).: file ../../../gecko/ipc/chromium/src/chrome/common/process_watcher_posix_sigchld.cc, line 118
04-27 16:43:31.575 I/Gecko   (   84): 1398642211585	Marionette	INFO	sendToClient: {"from":"0","value":true}, {83d1d234-bbce-4899-8862-dbee98511dea}, {83d1d234-bbce-4899-8862-dbee98511dea}