04-25 20:36:51.380 E/[Gralloc-ERROR](   84): int gralloc_unregister_buffer(const gralloc_module_t*, const native_handle_t*):274 Trying to unregister buffer 0x444bb150 from process 84 that was not created in current process: 84
04-25 20:36:51.380 E/[Gralloc-ERROR](   84): int gralloc_unregister_buffer(const gralloc_module_t*, const native_handle_t*):274 Trying to unregister buffer 0x444bb0b0 from process 84 that was not created in current process: 84
04-25 20:36:51.390 I/Gonk    (   84): Setting nice for pid 2729 to 18
04-25 20:36:51.390 I/Gonk    (   84): Changed nice for pid 2729 from 18 to 18.
04-25 20:36:51.390 I/Gecko   (   84): [Parent 84] WARNING: waitpid failed pid:2729 errno:10: file ../../../gecko/ipc/chromium/src/base/process_util_posix.cc, line 254
04-25 20:36:51.400 D/libEGL  ( 2673): loaded /system/lib/egl/libEGL_mali.so
04-25 20:36:51.420 I/Gecko   (   84): 1398483411424	Marionette	DEBUG	Got request: switchToFrame, data: {"to":"0","sessionId":"3-b2g","name":"switchToFrame","parameters":{"focus":true,"element":"{8b13c451-d5da-4f50-9555-2c6e1e778f60}"}}, id: {5f141b73-bda9-4fcb-b275-151d42add749}
04-25 20:36:51.440 I/Gecko   (   84): 1398483411446	Marionette	INFO	Switched to frame: {"frameValue":"{8b13c451-d5da-4f50-9555-2c6e1e778f60}"}
04-25 20:36:51.440 D/libEGL  ( 2673): loaded /system/lib/egl/libGLESv1_CM_mali.so
04-25 20:36:51.440 I/Gecko   (   84): 1398483411453	Marionette	INFO	trying remote frame 0
04-25 20:36:51.450 I/Gecko   (   84): 1398483411455	Marionette	INFO	trying remote frame 1
04-25 20:36:51.450 I/Gecko   (   84): 1398483411456	Marionette	INFO	trying remote frame 2
04-25 20:36:51.450 I/Gecko   (   84): 1398483411459	Marionette	INFO	trying remote frame 3
04-25 20:36:51.450 I/Gecko   (   84): 1398483411460	Marionette	INFO	trying remote frame 4
04-25 20:36:51.450 D/libEGL  ( 2673): loaded /system/lib/egl/libGLESv2_mali.so
04-25 20:36:51.450 I/Gecko   (   84): 1398483411463	Marionette	INFO	deleting frame
04-25 20:36:51.460 I/Gecko   (   84): 1398483411468	Marionette	INFO	frame-manager load script: [object ChromeMessageSender]
04-25 20:36:51.510 I/Gecko   ( 2673): SharedSurface_Gralloc::Create -------
04-25 20:36:51.530 I/Gecko   ( 2673): SharedSurface_Gralloc::Create: success -- surface 0x43603a40, GraphicBuffer 0x435d8400.
04-25 20:36:52.390 I/Gecko   (   84): 1398483412401	Marionette	INFO	sendToClient: {"from":"0","ok":true}, {5f141b73-bda9-4fcb-b275-151d42add749}, {5f141b73-bda9-4fcb-b275-151d42add749}
04-25 20:36:52.400 I/Gonk    (   84): Setting nice for pid 2729 to 18
04-25 20:36:52.400 I/Gonk    (   84): Changed nice for pid 2729 from 18 to 18.
04-25 20:36:52.520 I/Gecko   (   84): [Parent 84] WARNING: waitpid failed pid:2640 errno:10: file ../../../gecko/ipc/chromium/src/base/process_util_posix.cc, line 254
04-25 20:36:52.520 I/Gecko   (   84): [Parent 84] WARNING: Failed to deliver SIGKILL to 2640!(3).: file ../../../gecko/ipc/chromium/src/chrome/common/process_watcher_posix_sigchld.cc, line 118
04-25 20:36:52.560 I/Gecko   ( 2673): SharedSurface_Gralloc::Create -------
04-25 20:36:52.570 I/Gecko   ( 2673): SharedSurface_Gralloc::Create: success -- surface 0x43fe2400, GraphicBuffer 0x435d8200.
04-25 20:36:52.610 I/Gecko   (   84): 1398483412615	Marionette	INFO	sendToClient: {"from":"0","value":"app://{81b23403-3df5-4ff2-9a9e-f59f697513a8}/index.html"}, {27131c27-b116-432d-ad95-c1e44e13c6d1}, {27131c27-b116-432d-ad95-c1e44e13c6d1}
04-25 20:36:52.620 I/Gecko   (   84): 1398483412624	Marionette	DEBUG	Got request: execute, data: {"to":"0","sessionId":"3-b2g","name":"executeScript","parameters":{"specialPowers":false,"scriptTimeout":null,"newSandbox":true,"args":[],"filename":"app_checker.py","script":"return window.document.readyState;","line":191}}, id: {f0f7b9af-258d-4271-83a0-19af4c9eead2}
04-25 20:36:52.710 I/Gecko   (   84): 1398483412719	Marionette	INFO	sendToClient: {"from":"0","value":"complete"}, {f0f7b9af-258d-4271-83a0-19af4c9eead2}, {f0f7b9af-258d-4271-83a0-19af4c9eead2}
04-25 20:36:52.720 I/Gecko   (   84): 1398483412729	Marionette	INFO	sendToClient: {"from":"0","value":"app://{81b23403-3df5-4ff2-9a9e-f59f697513a8}/index.html"}, {41a8180f-3686-4f22-83bd-1aed336b52b0}, {41a8180f-3686-4f22-83bd-1aed336b52b0}
04-25 20:36:52.750 I/Gecko   ( 2673): SharedSurface_Gralloc::Create -------
04-25 20:36:52.770 I/Gecko   ( 2673): SharedSurface_Gralloc::Create: success -- surface 0x43636280, GraphicBuffer 0x43fdec80.
04-25 20:36:52.800 I/Gecko   ( 2673): SharedSurface_Gralloc::Create -------
04-25 20:36:52.830 I/Gecko   ( 2673): SharedSurface_Gralloc::Create: success -- surface 0x436365c0, GraphicBuffer 0x4482f280.
04-25 20:36:52.980 I/Gecko   (   84): 
04-25 20:36:52.980 I/Gecko   (   84): ###!!! [Parent][MessageChannel] Error: Channel error: cannot send/recv
04-25 20:36:52.980 I/Gecko   (   84): 
04-25 20:36:53.080 I/Gecko   (   84): [Parent 84] WARNING: waitpid failed pid:2729 errno:10: file ../../../gecko/ipc/chromium/src/base/process_util_posix.cc, line 254
04-25 20:36:53.260 W/WifiHW  (   84): wifi_command: SIGNAL_POLL
04-25 20:36:53.740 I/Gonk    (   84): Setting nice for pid 2742 to 18
04-25 20:36:53.760 I/Gonk    (   84): Changed nice for pid 2742 from 0 to 18.
04-25 20:36:54.060 I/Gecko   (   84): 1398483414038	Marionette	INFO	sendToClient: {"from":"0","value":"iVBORw0KGgoAAAANSUhEUgAAAUAAAAHMCAYAAACk4nEJAAAgAElEQVR4nMy9fXAU570uyL/nv/juP1c+u1VXOFt1RM69tbJzzh6cZKvsJFtlO04ttrm1xiFVgEldkPFeEFAFAuVISHIkRnKAGTkIjXwQGjnItDiW1UMs9LbMiG7FI7plS0zLkdA7iYR6chDMZA3M5BqbZ//4vf0xPTOSwE7Oquqp/pj+VvfzPr+P9/euqWhk8KOymaGyWUVl6wPCt896gbzfm1VUCPiXK5pVVDSq+LvGywXX9Hd1w6io86yr86xbDez9xDk3hHVsjejYc1ZH/Xs6DpxV8cvfJND8no7dp1WcllV8ckXHp1cTmNR1TOo64qqKk+8xnJZVxFXCEFPRLav48Lc6Tn+gY+iSjvglFZcYw8dXdMxcTWDyCu079AHDhx+qdKyPdEx+omPmdwn88foiZuYWMaAm0M10xPQEPrmiI8YY4uLck5/o+N3VBObnOCYTCWffP1ybw/zcHObnOObn5jAzN4ffX5vDzBx3rjF2ScXZ9xg6JBnHT0s4flpCS7eE4939ONHdj0BXP071K+iQGE6elXH8rIzu9xhil2j/335I03Gm4HJUwchgFCO/GUF0MIp3/vUC3vr1BbT9ywW8GT6Prl9fQOuZKPb/qh/bf9mLn/7yPH4cHME//uIC/ssvRvCPgTH8761j+D+DY9jfM4KGdxQck1ScfE/FMYmh+SzD8QhD82kZLx+TcfIsw5DMEFPpuX36cQIfi+cZV1VMfqTj4ysE+38Uv6Tivd+o2HCM4ZmQivcu6Zj5WMdvPtRxeljHMVnFsQ/of77lpIzdv9axI6LjwHs64p8u4vezc/jtZR3xyzpmPp3DJx8n8NsP6Tl8dFnFJx8nMPOxjl8PMvyih2H3aRVbwio2nFTxz/+q4+OpBGY+ncONm7fw+Rd38ed7X+DP97
04-25 20:36:54.470 I/Gecko   (   84): 1398483414479	Marionette	INFO	sendToClient: {"from":"0","ok":true}, {05d1113f-dfb0-4f74-8019-8ba8de25af83}, {05d1113f-dfb0-4f74-8019-8ba8de25af83}
04-25 20:36:54.480 I/Gecko   (   84): 1398483414485	Marionette	DEBUG	Got request: switchToFrame, data: {"to":"0","sessionId":"3-b2g","name":"switchToFrame","parameters":{"id":null,"focus":true}}, id: {a463e1cf-90ce-44ce-8952-87efb3ad93cd}
04-25 20:36:54.540 I/Gecko   (   84): 1398483414548	Marionette	INFO	Switched to frame: {"frameValue":null}
04-25 20:36:54.640 I/Gecko   (   84): 1398483414652	Marionette	INFO	sendToClient: {"from":"0","ok":true}, {a463e1cf-90ce-44ce-8952-87efb3ad93cd}, {a463e1cf-90ce-44ce-8952-87efb3ad93cd}
04-25 20:36:54.650 I/Gecko   (   84): 1398483414658	Marionette	DEBUG	Got request: executeWithCallback, data: {"to":"0","sessionId":"3-b2g","name":"executeAsyncScript","parameters":{"specialPowers":false,"scriptTimeout":null,"newSandbox":true,"args":[],"filename":"gaia_test.py","script":"return GaiaApps.displayedApp();","line":66}}, id: {731c5aec-079b-484c-9c5f-740fda9c1f1f}
04-25 20:36:54.810 E/GeckoConsole(   84): Content JS LOG at dummy file:392 in GaiaApps.displayedApp: app with origin 'app://{81b23403-3df5-4ff2-9a9e-f59f697513a8}' is displayed
04-25 20:36:54.810 I/Gecko   (   84): 1398483414819	Marionette	INFO	sendToClient: {"from":"0","value":{"frame":{"ELEMENT":"{8b13c451-d5da-4f50-9555-2c6e1e778f60}"},"src":"app://{81b23403-3df5-4ff2-9a9e-f59f697513a8}/index.html","name":"Capital Quiz","origin":"app://{81b23403-3df5-4ff2-9a9e-f59f697513a8}"}}, {731c5aec-079b-484c-9c5f-740fda9c1f1f}, {731c5aec-079b-484c-9c5f-740fda9c1f1f}
04-25 20:36:54.820 I/Gecko   (   84): 1398483414826	Marionette	DEBUG	Got request: switchToFrame, data: {"to":"0","sessionId":"3-b2g","name":"switchToFrame","parameters":{"id":null,"focus":true}}, id: {f0346b05-7341-4fd1-8865-8f1497497cc0}
04-25 20:36:54.820 I/Gecko   (   84): 1398483414828	Marionette	INFO	Switched to frame: {"frameValue":null}
04-25 20:36:54.920 I/Gecko   (   84): 1398483414931	Marionette	INFO	sendToClient: {"from":"0","ok":true}, {f0346b05-7341-4fd1-8865-8f1497497cc0}, {f0346b05-7341-4fd1-8865-8f1497497cc0}
04-25 20:36:54.930 I/Gecko   (   84): 1398483414936	Marionette	DEBUG	Got request: execute, data: {"to":"0","sessionId":"3-b2g","name":"executeScript","parameters":{"specialPowers":false,"scriptTimeout":null,"newSandbox":true,"args":[],"filename":"gaia_test.py","script":"window.wrappedJSObject.dispatchEvent(new Event('home'));","line":788}}, id: {458896ec-a356-4aa4-b76d-0b5381879d8f}
04-25 20:36:55.080 I/Gecko   (   84): [Parent 84] WARNING: waitpid failed pid:2729 errno:10: file ../../../gecko/ipc/chromium/src/base/process_util_posix.cc, line 254
04-25 20:36:55.080 I/Gecko   (   84): [Parent 84] WARNING: Failed to deliver SIGKILL to 2729!(3).: file ../../../gecko/ipc/chromium/src/chrome/common/process_watcher_posix_sigchld.cc, line 118
04-25 20:36:55.130 I/Gonk    (   84): Setting nice for pid 2742 to 18
04-25 20:36:55.130 I/Gonk    (   84): Changed nice for pid 2742 from 18 to 18.
04-25 20:36:55.130 I/Gecko   (   84): [Parent 84] WARNING: waitpid failed pid:2742 errno:10: file ../../../gecko/ipc/chromium/src/base/process_util_posix.cc, line 254
04-25 20:36:55.130 I/Gonk    (   84): Setting nice for pid 2742 to 1
04-25 20:36:55.130 I/Gonk    (   84): Changed nice for pid 2742 from 18 to 1.
04-25 20:36:55.160 D/Sensors (   84): activate handle=0; drv=0
04-25 20:36:55.170 D/Sensors (   84): Lis3dhSensor: Control set 0
04-25 20:36:55.170 D/Sensors (   84): Lis3dhSensor: mEnabled = 0
04-25 20:36:55.250 I/Gecko   (   84): 1398483415243	Marionette	INFO	sendToClient: {"from":"0","value":null}, {458896ec-a356-4aa4-b76d-0b5381879d8f}, {458896ec-a356-4aa4-b76d-0b5381879d8f}
04-25 20:36:55.260 I/Gecko   (   84): 1398483415264	Marionette	DEBUG	Got request: switchToFrame, data: {"to":"0","sessionId":"3-b2g","name":"switchToFrame","parameters":{"id":null,"focus":true}}, id: {458e709e-42ec-4156-b161-bd9a323af25d}
04-25 20:36:55.260 I/Gecko   (   84): 1398483415266	Marionette	INFO	Switched to frame: {"frameValue":null}
04-25 20:36:55.360 I/Gecko   (   84): 1398483415369	Marionette	INFO	sendToClient: {"from":"0","ok":true}, {458e709e-42ec-4156-b161-bd9a323af25d}, {458e709e-42ec-4156-b161-bd9a323af25d}
04-25 20:36:55.370 I/Gecko   (   84): 1398483415374	Marionette	DEBUG	Got request: executeWithCallback, data: {"to":"0","sessionId":"3-b2g","name":"executeAsyncScript","parameters":{"specialPowers":false,"scriptTimeout":null,"newSandbox":true,"args":[],"filename":"gaia_test.py","script":"return GaiaApps.displayedApp();","line":66}}, id: {c5972b01-4e84-49bb-8d3f-20adaa88de7b}
04-25 20:36:55.440 I/Gecko   (   84): 1398483415450	Marionette	INFO	sendToClient: {"from":"0","value":{"frame":{"ELEMENT":"{854a8b27-fd2e-41ed-b0e3-792501098cc8}"},"src":"app://homescreen.gaiamobile.org/index.html#root","name":"Homescreen","origin":"app://homescreen.gaiamobile.org"}}, {c5972b01-4e84-49bb-8d3f-20adaa88de7b}, {c5972b01-4e84-49bb-8d3f-20adaa88de7b}
04-25 20:36:55.440 E/GeckoConsole(   84): Content JS LOG at dummy file:392 in GaiaApps.displayedApp: app with origin 'app://homescreen.gaiamobile.org' is displayed
04-25 20:36:55.450 I/Gecko   (   84): 1398483415457	Marionette	DEBUG	Got request: switchToFrame, data: {"to":"0","sessionId":"3-b2g","name":"switchToFrame","parameters":{"id":null,"focus":true}}, id: {e182a611-2489-41ca-b97e-c76eabf5d7fa}
04-25 20:36:55.460 I/Gecko   (   84): 1398483415465	Marionette	INFO	Switched to frame: {"frameValue":null}
04-25 20:36:55.560 I/Gecko   (   84): 1398483415568	Marionette	INFO	sendToClient: {"from":"0","ok":true}, {e182a611-2489-41ca-b97e-c76eabf5d7fa}, {e182a611-2489-41ca-b97e-c76eabf5d7fa}
04-25 20:36:55.570 I/Gecko   (   84): 1398483415574	Marionette	DEBUG	Got request: switchToFrame, data: {"to":"0","sessionId":"3-b2g","name":"switchToFrame","parameters":{"id":null,"focus":true}}, id: {fdf9ffd1-e535-458f-9aa5-bb5bcdde0ca0}
04-25 20:36:55.570 I/Gecko   (   84): 1398483415575	Marionette	INFO	Switched to frame: {"frameValue":null}
04-25 20:36:55.680 I/Gecko   (   84): 1398483415686	Marionette	INFO	sendToClient: {"from":"0","ok":true}, {fdf9ffd1-e535-458f-9aa5-bb5bcdde0ca0}, {fdf9ffd1-e535-458f-9aa5-bb5bcdde0ca0}
04-25 20:36:55.740 I/Gecko   (   84): 1398483415745	Marionette	DEBUG	Got request: executeWithCallback, data: {"to":"0","sessionId":"3-b2g","name":"executeAsyncScript","parameters":{"specialPowers":false,"scriptTimeout":null,"newSandbox":true,"args":[],"filename":"gaia_test.py","script":"return GaiaApps.displayedApp();","line":66}}, id: {0357fd4d-b66f-45b6-a4fc-d6cc6497b7ca}
04-25 20:36:55.800 I/Gecko   (   84): 1398483415810	Marionette	INFO	sendToClient: {"from":"0","value":{"frame":{"ELEMENT":"{854a8b27-fd2e-41ed-b0e3-792501098cc8}"},"src":"app://homescreen.gaiamobile.org/index.html#root","name":"Homescreen","origin":"app://homescreen.gaiamobile.org"}}, {0357fd4d-b66f-45b6-a4fc-d6cc6497b7ca}, {0357fd4d-b66f-45b6-a4fc-d6cc6497b7ca}
04-25 20:36:55.810 E/GeckoConsole(   84): Content JS LOG at dummy file:392 in GaiaApps.displayedApp: app with origin 'app://homescreen.gaiamobile.org' is displayed
04-25 20:36:55.820 I/Gecko   (   84): 1398483415829	Marionette	DEBUG	Got request: switchToFrame, data: {"to":"0","sessionId":"3-b2g","name":"switchToFrame","parameters":{"focus":true,"element":"{854a8b27-fd2e-41ed-b0e3-792501098cc8}"}}, id: {ac408bff-2e95-4e4d-a09b-d2b3ae8989b9}
04-25 20:36:55.830 I/Gecko   (   84): 1398483415842	Marionette	INFO	Switched to frame: {"frameValue":"{854a8b27-fd2e-41ed-b0e3-792501098cc8}"}
04-25 20:36:55.840 I/Gecko   (   84): 1398483415845	Marionette	INFO	trying remote frame 0
04-25 20:36:55.860 I/Gecko   (   84): 1398483415864	Marionette	INFO	trying remote frame 1
04-25 20:36:55.860 I/Gecko   (   84): 1398483415865	Marionette	INFO	trying remote frame 2
04-25 20:36:55.860 I/Gecko   (   84): 1398483415866	Marionette	INFO	trying remote frame 3
04-25 20:36:55.860 I/Gecko   (   84): 1398483415867	Marionette	INFO	trying remote frame 4
04-25 20:36:55.880 I/Gecko   (   84): 1398483415892	Marionette	INFO	frame-manager load script: [object ChromeMessageSender]
04-25 20:36:57.210 I/Gonk    (   84): Setting nice for pid 2673 to 18
04-25 20:36:57.210 I/Gonk    (   84): Changed nice for pid 2673 from 1 to 18.
04-25 20:36:57.320 I/Gonk    (   84): Setting nice for pid 2752 to 18
04-25 20:36:57.340 I/Gonk    (   84): Changed nice for pid 2752 from 0 to 18.
04-25 20:36:57.870 I/Gecko   (   84): [Parent 84] WARNING: pipe error (100): Connection reset by peer: file ../../../gecko/ipc/chromium/src/chrome/common/ipc_channel_posix.cc, line 446
04-25 20:36:57.870 I/Gecko   (   84): 
04-25 20:36:57.870 I/Gecko   (   84): ###!!! [Parent][MessageChannel] Error: Channel error: cannot send/recv
04-25 20:36:57.870 I/Gecko   (   84): 
04-25 20:36:57.940 I/Gecko   ( 2742): ###################################### forms.js loaded
04-25 20:36:57.970 I/Gecko   (   84): [Parent 84] WARNING: waitpid failed pid:2673 errno:10: file ../../../gecko/ipc/chromium/src/base/process_util_posix.cc, line 254
04-25 20:36:58.010 I/Gecko   ( 2742): ############################### browserElementPanning.js loaded
04-25 20:36:58.030 I/Gecko   ( 2742): ######################## BrowserElementChildPreload.js loaded
04-25 20:36:58.260 W/WifiHW  (   84): wifi_command: SIGNAL_POLL
04-25 20:36:58.930 I/Gecko   (   84): 1398483418939	Marionette	INFO	sendToClient: {"from":"0","ok":true}, {ac408bff-2e95-4e4d-a09b-d2b3ae8989b9}, {ac408bff-2e95-4e4d-a09b-d2b3ae8989b9}
04-25 20:36:59.260 I/Gecko   (   84): 1398483419265	Marionette	INFO	sendToClient: {"from":"0","value":"app://homescreen.gaiamobile.org/index.html#root"}, {3a4f0b9a-16ed-4211-976c-c33815742d26}, {3a4f0b9a-16ed-4211-976c-c33815742d26}
04-25 20:36:59.260 I/Gecko   (   84): 1398483419271	Marionette	DEBUG	Got request: switchToFrame, data: {"to":"0","sessionId":"3-b2g","name":"switchToFrame","parameters":{"id":null,"focus":true}}, id: {4dd517cf-7ae1-48a1-af42-144e9dd4b06d}
04-25 20:36:59.300 I/Gecko   (   84): 1398483419306	Marionette	INFO	Switched to frame: {"frameValue":null}
04-25 20:36:59.400 I/Gecko   (   84): 1398483419409	Marionette	INFO	sendToClient: {"from":"0","ok":true}, {4dd517cf-7ae1-48a1-af42-144e9dd4b06d}, {4dd517cf-7ae1-48a1-af42-144e9dd4b06d}
04-25 20:36:59.410 I/Gecko   (   84): 1398483419414	Marionette	DEBUG	Got request: switchToFrame, data: {"to":"0","sessionId":"3-b2g","name":"switchToFrame","parameters":{"id":null,"focus":true}}, id: {ba1bcf68-cf84-476e-87e3-c7edb2001ece}
04-25 20:36:59.420 I/Gecko   (   84): 1398483419425	Marionette	INFO	Switched to frame: {"frameValue":null}
04-25 20:36:59.520 I/Gecko   (   84): 1398483419528	Marionette	INFO	sendToClient: {"from":"0","ok":true}, {ba1bcf68-cf84-476e-87e3-c7edb2001ece}, {ba1bcf68-cf84-476e-87e3-c7edb2001ece}
04-25 20:36:59.530 I/Gecko   (   84): 1398483419534	Marionette	DEBUG	Got request: executeWithCallback, data: {"to":"0","sessionId":"3-b2g","name":"executeAsyncScript","parameters":{"specialPowers":false,"scriptTimeout":null,"newSandbox":true,"args":[],"filename":"gaia_test.py","script":"GaiaApps.killAll()","line":91}}, id: {185e79a5-1e1e-4233-b251-16a9abe5269e}
04-25 20:36:59.910 E/GeckoConsole(   84): Content JS LOG at dummy file:266 in GaiaApps.kill: terminating app with origin 'app://browser.gaiamobile.org'
04-25 20:36:59.920 E/GeckoConsole(   84): Content JS LOG at dummy file:258 in GaiaApps.kill/gt_onAppTerminated/<: app with origin 'app://browser.gaiamobile.org' has terminated
04-25 20:36:59.970 I/Gecko   (   84): [Parent 84] WARNING: waitpid failed pid:2673 errno:10: file ../../../gecko/ipc/chromium/src/base/process_util_posix.cc, line 254
04-25 20:36:59.970 I/Gecko   (   84): [Parent 84] WARNING: Failed to deliver SIGKILL to 2673!(3).: file ../../../gecko/ipc/chromium/src/chrome/common/process_watcher_posix_sigchld.cc, line 118
04-25 20:37:00.150 I/Gecko   (   84): 1398483420158	Marionette	INFO	sendToClient: {"from":"0","value":true}, {185e79a5-1e1e-4233-b251-16a9abe5269e}, {185e79a5-1e1e-4233-b251-16a9abe5269e}