--------- beginning of /dev/log/main
04-26 21:40:33.898 I/Gecko   (   84): 1398573633910	Marionette	INFO	sendToClient: {"from":"0","ok":true}, {252438a2-996b-4937-8284-1263307f18df}, {252438a2-996b-4937-8284-1263307f18df}
04-26 21:40:33.918 I/Gecko   (   84): 1398573633929	Marionette	DEBUG	Got request: switchToFrame, data: {"to":"0","sessionId":"3-b2g","name":"switchToFrame","parameters":{"id":null,"focus":true}}, id: {14bac532-caba-4823-8b65-9abd9a65c6d5}
04-26 21:40:33.918 I/Gecko   (   84): 1398573633931	Marionette	INFO	Switched to frame: {"frameValue":null}
04-26 21:40:34.038 I/Gecko   (   84): 1398573634050	Marionette	INFO	sendToClient: {"from":"0","ok":true}, {14bac532-caba-4823-8b65-9abd9a65c6d5}, {14bac532-caba-4823-8b65-9abd9a65c6d5}
04-26 21:40:34.038 I/Gecko   (   84): 1398573634056	Marionette	DEBUG	Got request: executeWithCallback, data: {"to":"0","sessionId":"3-b2g","name":"executeAsyncScript","parameters":{"specialPowers":false,"scriptTimeout":null,"newSandbox":true,"args":[],"filename":"gaia_test.py","script":"return GaiaApps.displayedApp();","line":66}}, id: {0fb9964c-368e-4f65-b446-d851d248e389}
04-26 21:40:34.198 I/Gecko   (   84): 1398573634210	Marionette	INFO	sendToClient: {"from":"0","value":{"frame":{"ELEMENT":"{2ecf1168-6cd6-42f4-973c-65fccb3ed592}"},"src":"app://homescreen.gaiamobile.org/index.html#root","name":"Homescreen","origin":"app://homescreen.gaiamobile.org"}}, {0fb9964c-368e-4f65-b446-d851d248e389}, {0fb9964c-368e-4f65-b446-d851d248e389}
04-26 21:40:34.198 E/GeckoConsole(   84): Content JS LOG at dummy file:392 in GaiaApps.displayedApp: app with origin 'app://homescreen.gaiamobile.org' is displayed
04-26 21:40:34.208 I/Gecko   (   84): 1398573634222	Marionette	DEBUG	Got request: switchToFrame, data: {"to":"0","sessionId":"3-b2g","name":"switchToFrame","parameters":{"id":null,"focus":true}}, id: {250bfd5a-150f-4304-9b00-56498a9987e7}
04-26 21:40:34.218 I/Gecko   (   84): 1398573634227	Marionette	INFO	Switched to frame: {"frameValue":null}
04-26 21:40:34.318 I/Gecko   (   84): 1398573634331	Marionette	INFO	sendToClient: {"from":"0","ok":true}, {250bfd5a-150f-4304-9b00-56498a9987e7}, {250bfd5a-150f-4304-9b00-56498a9987e7}
04-26 21:40:34.328 I/Gecko   (   84): 1398573634338	Marionette	DEBUG	Got request: switchToFrame, data: {"to":"0","sessionId":"3-b2g","name":"switchToFrame","parameters":{"id":null,"focus":true}}, id: {6130b5c4-1d68-4129-a74b-f8ef2bc0e457}
04-26 21:40:34.328 I/Gecko   (   84): 1398573634339	Marionette	INFO	Switched to frame: {"frameValue":null}
04-26 21:40:34.448 I/Gecko   (   84): 1398573634458	Marionette	INFO	sendToClient: {"from":"0","ok":true}, {6130b5c4-1d68-4129-a74b-f8ef2bc0e457}, {6130b5c4-1d68-4129-a74b-f8ef2bc0e457}
04-26 21:40:34.448 I/Gecko   (   84): 1398573634464	Marionette	DEBUG	Got request: executeWithCallback, data: {"to":"0","sessionId":"3-b2g","name":"executeAsyncScript","parameters":{"specialPowers":false,"scriptTimeout":null,"newSandbox":true,"args":[],"filename":"gaia_test.py","script":"return GaiaApps.displayedApp();","line":66}}, id: {451cd162-da5c-40db-82ad-e70c8722ff49}
04-26 21:40:34.558 E/GeckoConsole(   84): Content JS LOG at dummy file:392 in GaiaApps.displayedApp: app with origin 'app://homescreen.gaiamobile.org' is displayed
04-26 21:40:34.578 I/Gecko   (   84): 1398573634593	Marionette	INFO	sendToClient: {"from":"0","value":{"frame":{"ELEMENT":"{2ecf1168-6cd6-42f4-973c-65fccb3ed592}"},"src":"app://homescreen.gaiamobile.org/index.html#root","name":"Homescreen","origin":"app://homescreen.gaiamobile.org"}}, {451cd162-da5c-40db-82ad-e70c8722ff49}, {451cd162-da5c-40db-82ad-e70c8722ff49}
04-26 21:40:34.588 I/Gecko   (   84): 1398573634600	Marionette	DEBUG	Got request: switchToFrame, data: {"to":"0","sessionId":"3-b2g","name":"switchToFrame","parameters":{"focus":true,"element":"{2ecf1168-6cd6-42f4-973c-65fccb3ed592}"}}, id: {e7d5ee16-eb54-44d0-a9dd-cb5a753ae9df}
04-26 21:40:34.648 I/Gecko   (   84): 1398573634661	Marionette	INFO	Switched to frame: {"frameValue":"{2ecf1168-6cd6-42f4-973c-65fccb3ed592}"}
04-26 21:40:34.698 E/GeckoConsole( 1497): Content JS ERROR at app://homescreen.gaiamobile.org/gaia_build_defer_index.js:390 in loadSVConfFileError: Failed parsing singleVariant configuration file [js/singlevariantconf.json]:  [Exception... "File error: Not found"  nsresult: "0x80520012 (NS_ERROR_FILE_NOT_FOUND)"  location: "JS frame :: app://homescreen.gaiamobile.org/gaia_build_defer_index.js :: loadFile :: line 382"  data: no]
04-26 21:40:34.858 I/Gecko   (   84): 1398573634872	Marionette	INFO	trying remote frame 0
04-26 21:40:34.868 I/Gecko   (   84): 1398573634885	Marionette	INFO	trying remote frame 1
04-26 21:40:34.888 I/Gecko   (   84): 1398573634901	Marionette	INFO	deleting frame
04-26 21:40:34.888 I/Gecko   (   84): 1398573634906	Marionette	INFO	frame-manager load script: [object ChromeMessageSender]
04-26 21:40:35.178 V/AudioPolicyManagerBase(   91): startOutput() output 1, stream 1, session 5
04-26 21:40:35.178 V/AudioPolicyManagerBase(   91): changeRefCount() stream 1, count 1
04-26 21:40:35.178 V/AudioPolicyManagerBase(   91): getDeviceForStrategy() from cache strategy 0, device 2
04-26 21:40:35.178 V/AudioPolicyManagerBase(   91): getNewDevice() selected device 2
04-26 21:40:35.178 D/AudioPolicyManagerBase(   91): setOutputDevice() output 1 device 2 delayMs 0
04-26 21:40:35.178 V/AudioPolicyManagerBase(   91): setOutputDevice() setting same device 2 or null device for output 1
04-26 21:40:35.178 E/AudioPolicyManagerBase(   91): checkAndSetVolume stream=1, index=0, output=1, device=2
04-26 21:40:35.178 E/AudioPolicyManagerBase(   91): computeVolume, streamDesc=0xb5fbb8
04-26 21:40:35.198 W/AudioFlinger(   91): Thread AudioOut_1 cannot connect to the power manager service
04-26 21:40:35.198 V/AudioPolicyManagerBase(   91): stopOutput() output 1, stream 1, session 5
04-26 21:40:35.198 V/AudioPolicyManagerBase(   91): changeRefCount() stream 1, count 0
04-26 21:40:35.198 V/AudioPolicyManagerBase(   91): getNewDevice() selected device 0
04-26 21:40:35.198 D/AudioPolicyManagerBase(   91): setOutputDevice() output 1 device 0 delayMs 290
04-26 21:40:35.198 V/AudioPolicyManagerBase(   91): setOutputDevice() setting same device 0 or null device for output 1
04-26 21:40:35.198 V/AudioPolicyManagerBase(   91): releaseOutput() 1
04-26 21:40:35.428 I/Gecko   (   84): 1398573635440	Marionette	INFO	sendToClient: {"from":"0","ok":true}, {e7d5ee16-eb54-44d0-a9dd-cb5a753ae9df}, {e7d5ee16-eb54-44d0-a9dd-cb5a753ae9df}
04-26 21:40:35.538 I/Gecko   (   84): 1398573635556	Marionette	INFO	sendToClient: {"from":"0","value":{"ELEMENT":"{3d7c6ebb-1a41-4545-a05b-ff2dfbcb386b}"}}, {eadf5763-8f80-4e58-ba36-f15320a0e4fe}, {eadf5763-8f80-4e58-ba36-f15320a0e4fe}
04-26 21:40:35.888 E/GeckoConsole( 1497): [JavaScript Warning: "Use of getAttributeNode() is deprecated. Use getAttribute() instead." {file: "chrome://marionette/content/atoms.js" line: 25}]
04-26 21:40:35.918 E/GeckoConsole( 1497): [JavaScript Warning: "Use of attributes' specified attribute is deprecated. It always returns true." {file: "chrome://marionette/content/atoms.js" line: 25}]
04-26 21:40:35.928 I/Gecko   (   84): 1398573635939	Marionette	INFO	sendToClient: {"from":"0","value":"normal"}, {5427fd09-288f-49fa-8275-ac1450c7dec9}, {5427fd09-288f-49fa-8275-ac1450c7dec9}
04-26 21:40:35.938 I/Gecko   (   84): 1398573635950	Marionette	DEBUG	Got request: switchToFrame, data: {"to":"0","sessionId":"3-b2g","name":"switchToFrame","parameters":{"id":null,"focus":true}}, id: {d0d12cab-6e17-4245-a2ee-3fa0db25331a}
04-26 21:40:35.958 I/Gecko   (   84): 1398573635975	Marionette	INFO	Switched to frame: {"frameValue":null}
04-26 21:40:36.068 I/Gecko   (   84): 1398573636078	Marionette	INFO	sendToClient: {"from":"0","ok":true}, {d0d12cab-6e17-4245-a2ee-3fa0db25331a}, {d0d12cab-6e17-4245-a2ee-3fa0db25331a}
04-26 21:40:36.068 I/Gecko   (   84): 1398573636085	Marionette	DEBUG	Got request: execute, data: {"to":"0","sessionId":"3-b2g","name":"executeScript","parameters":{"specialPowers":false,"scriptTimeout":null,"newSandbox":true,"args":[],"filename":"gaia_test.py","script":"window.wrappedJSObject.dispatchEvent(new Event('home'));","line":788}}, id: {32030ed2-9641-4a1d-a8ce-60bdbbb8f509}
04-26 21:40:36.168 I/Gecko   (   84): 1398573636178	Marionette	INFO	sendToClient: {"from":"0","value":null}, {32030ed2-9641-4a1d-a8ce-60bdbbb8f509}, {32030ed2-9641-4a1d-a8ce-60bdbbb8f509}
04-26 21:40:36.178 I/Gecko   (   84): 1398573636188	Marionette	DEBUG	Got request: switchToFrame, data: {"to":"0","sessionId":"3-b2g","name":"switchToFrame","parameters":{"id":null,"focus":true}}, id: {79dd6df5-7a10-4ee9-bb8a-bf4cb27cc759}
04-26 21:40:36.178 I/Gecko   (   84): 1398573636191	Marionette	INFO	Switched to frame: {"frameValue":null}
04-26 21:40:36.288 I/Gecko   (   84): 1398573636301	Marionette	INFO	sendToClient: {"from":"0","ok":true}, {79dd6df5-7a10-4ee9-bb8a-bf4cb27cc759}, {79dd6df5-7a10-4ee9-bb8a-bf4cb27cc759}
04-26 21:40:36.298 I/Gecko   (   84): 1398573636307	Marionette	DEBUG	Got request: switchToFrame, data: {"to":"0","sessionId":"3-b2g","name":"switchToFrame","parameters":{"id":null,"focus":true}}, id: {f3de3476-0811-4c1a-89e3-372cfe4dec14}
04-26 21:40:36.298 I/Gecko   (   84): 1398573636309	Marionette	INFO	Switched to frame: {"frameValue":null}
04-26 21:40:36.408 I/Gecko   (   84): 1398573636420	Marionette	INFO	sendToClient: {"from":"0","ok":true}, {f3de3476-0811-4c1a-89e3-372cfe4dec14}, {f3de3476-0811-4c1a-89e3-372cfe4dec14}
04-26 21:40:36.408 I/Gecko   (   84): 1398573636426	Marionette	DEBUG	Got request: executeWithCallback, data: {"to":"0","sessionId":"3-b2g","name":"executeAsyncScript","parameters":{"specialPowers":false,"scriptTimeout":null,"newSandbox":true,"args":[],"filename":"gaia_test.py","script":"return GaiaApps.displayedApp();","line":66}}, id: {cd45b7b3-196c-45b7-92bd-25947b77b430}
04-26 21:40:36.468 I/Gecko   (   84): 1398573636486	Marionette	INFO	sendToClient: {"from":"0","value":{"frame":{"ELEMENT":"{2ecf1168-6cd6-42f4-973c-65fccb3ed592}"},"src":"app://homescreen.gaiamobile.org/index.html#rootSat%20Apr%2026%202014%2021:40:36%20GMT-0700%20(UTC)","name":"Homescreen","origin":"app://homescreen.gaiamobile.org"}}, {cd45b7b3-196c-45b7-92bd-25947b77b430}, {cd45b7b3-196c-45b7-92bd-25947b77b430}
04-26 21:40:36.478 E/GeckoConsole(   84): Content JS LOG at dummy file:392 in GaiaApps.displayedApp: app with origin 'app://homescreen.gaiamobile.org' is displayed
04-26 21:40:36.498 I/Gecko   (   84): 1398573636510	Marionette	DEBUG	Got request: switchToFrame, data: {"to":"0","sessionId":"3-b2g","name":"switchToFrame","parameters":{"focus":true,"element":"{2ecf1168-6cd6-42f4-973c-65fccb3ed592}"}}, id: {69077717-66c1-4b07-b0ee-5933152f3218}
04-26 21:40:36.498 I/Gecko   (   84): 1398573636515	Marionette	INFO	Switched to frame: {"frameValue":"{2ecf1168-6cd6-42f4-973c-65fccb3ed592}"}
04-26 21:40:36.508 I/Gecko   (   84): 1398573636522	Marionette	INFO	trying remote frame 0
04-26 21:40:36.508 I/Gecko   (   84): 1398573636523	Marionette	INFO	trying remote frame 1
04-26 21:40:36.718 I/Gecko   (   84): 1398573636730	Marionette	INFO	sendToClient: {"from":"0","ok":true}, {69077717-66c1-4b07-b0ee-5933152f3218}, {69077717-66c1-4b07-b0ee-5933152f3218}
04-26 21:40:36.728 I/Gecko   (   84): 1398573636737	Marionette	DEBUG	Got request: execute, data: {"to":"0","sessionId":"3-b2g","name":"executeScript","parameters":{"specialPowers":false,"scriptTimeout":null,"newSandbox":true,"args":[],"filename":"gaia_test.py","script":"return window.wrappedJSObject.GridManager.pageHelper.getCurrentPageNumber();","line":784}}, id: {9c0f86b9-a2d9-4044-8b44-366962333b66}
04-26 21:40:36.868 I/Gecko   (   84): 1398573636882	Marionette	INFO	sendToClient: {"from":"0","value":0}, {9c0f86b9-a2d9-4044-8b44-366962333b66}, {9c0f86b9-a2d9-4044-8b44-366962333b66}
04-26 21:40:37.238 I/Gecko   (   84): 1398573637250	Marionette	INFO	sendToClient: {"from":"0","value":["{d4cecf17-4ac1-4568-9d2c-b50f20ced843}","{a7f646a0-1930-459f-8409-2af1291d6ca5}","{632d918a-3946-4e5d-a399-e8fcf26a1c81}","{87822084-b7f3-456e-9e69-fb15491f0c39}","{fc7ff8da-dc23-457e-935c-c167dfb141bc}","{d2cec2a1-1e19-453b-b34e-c03ae8875e79}","{c2138b0f-6fb6-44a0-ab06-a3fceb091221}","{5d9677b1-2a92-4bfc-b7c8-017150325024}","{d946125b-14a0-43bb-bbfc-fb1121114c70}","{20289c7e-10e4-453f-af30-f86a1bd778be}","{3ff668a9-f36c-4657-a8d4-6466d3adaeb4}","{8b2001db-e030-4e3f-afbf-aaa526738995}","{f5768649-f551-46ef-8bc6-5bc18cf8d0d9}","{fa6ef1c8-9896-42ec-ace8-ae5d6e2f6be4}","{fb6c811e-bca2-47b6-a2c4-a1bc05050f9c}","{70b6b9c6-f198-47e6-9992-18c98582718b}","{3219fe7e-b476-49cf-8080-15622056323c}","{7b551b99-37f9-49a1-aef3-54fab7f2c513}","{6263ae12-5eba-4889-a3bb-e918c021e6dd}","{9b77c822-bdf6-4c4b-a7d9-560fa62bdd26}","{bc483adb-4622-4f26-862a-58433bd15014}","{83f60c15-6c87-49ff-a689-488b1e0a2632}","{2b39b93f-067f-4297-887a-e6906d003266}","{243a1706-4cad
04-26 21:40:37.598 I/Gecko   (   84): 1398573637609	Marionette	INFO	sendToClient: {"from":"0","value":"app://homescreen.gaiamobile.org/index.html#rootSat%20Apr%2026%202014%2021:40:36%20GMT-0700%20(UTC)"}, {daea05a5-9c2e-4401-9f50-f56908ba72a5}, {daea05a5-9c2e-4401-9f50-f56908ba72a5}
04-26 21:40:37.598 I/Gecko   (   84): 1398573637616	Marionette	DEBUG	Got request: switchToFrame, data: {"to":"0","sessionId":"3-b2g","name":"switchToFrame","parameters":{"id":null,"focus":true}}, id: {81d9cf79-5642-4f3f-a502-32b8d2a68ae2}
04-26 21:40:37.628 I/Gecko   (   84): 1398573637638	Marionette	INFO	Switched to frame: {"frameValue":null}
04-26 21:40:37.728 I/Gecko   (   84): 1398573637744	Marionette	INFO	sendToClient: {"from":"0","ok":true}, {81d9cf79-5642-4f3f-a502-32b8d2a68ae2}, {81d9cf79-5642-4f3f-a502-32b8d2a68ae2}
04-26 21:40:37.738 I/Gecko   (   84): 1398573637750	Marionette	DEBUG	Got request: switchToFrame, data: {"to":"0","sessionId":"3-b2g","name":"switchToFrame","parameters":{"id":null,"focus":true}}, id: {b199d428-b0b2-4787-894b-fe2ff26154f8}
04-26 21:40:37.738 I/Gecko   (   84): 1398573637752	Marionette	INFO	Switched to frame: {"frameValue":null}
04-26 21:40:37.838 I/Gecko   (   84): 1398573637855	Marionette	INFO	sendToClient: {"from":"0","ok":true}, {b199d428-b0b2-4787-894b-fe2ff26154f8}, {b199d428-b0b2-4787-894b-fe2ff26154f8}
04-26 21:40:37.848 I/Gecko   (   84): 1398573637861	Marionette	DEBUG	Got request: executeWithCallback, data: {"to":"0","sessionId":"3-b2g","name":"executeAsyncScript","parameters":{"specialPowers":false,"scriptTimeout":30000,"newSandbox":true,"args":[],"filename":"app_checker.py","script":"GaiaApps.launchWithManifestURL('https://marketplace.firefox.com/app/6dbd3ad8-f031-410b-9b1b-b6fd89ec286c/manifest.webapp')","line":106}}, id: {32f18594-e79d-4b4a-95f2-9906bc939bbf}
04-26 21:40:38.088 I/Gonk    (   84): Setting nice for pid 1510 to 18
04-26 21:40:38.098 I/Gonk    (   84): Changed nice for pid 1510 from 18 to 18.
04-26 21:40:38.098 I/Gecko   (   84): [Parent 84] WARNING: waitpid failed pid:1510 errno:10: file ../../../gecko/ipc/chromium/src/base/process_util_posix.cc, line 254
04-26 21:40:38.138 I/Gonk    (   84): Setting nice for pid 1510 to 1
04-26 21:40:38.138 I/Gonk    (   84): Changed nice for pid 1510 from 18 to 1.
04-26 21:40:38.368 I/InputReader(   84): Reconfiguring input devices.  changes=0x00000004
04-26 21:40:38.368 I/InputReader(   84): Device reconfigured: id=6, name='ms-msg21xx', size 320x480, orientation 1, mode 1, display id 0
04-26 21:40:38.368 E/GeckoConsole(   84): Content JS LOG at dummy file:334 in GaiaApps.launch: launching app with name 'Cavern Fighter'
04-26 21:40:38.448 E/[Gralloc-ERROR](   84): int gralloc_register_buffer(const gralloc_module_t*, const native_handle_t*):79 Unable to register handle 0x4a548330 coming from different process: 84
04-26 21:40:38.458 E/[Gralloc-ERROR](   84): int gralloc_register_buffer(const gralloc_module_t*, const native_handle_t*):79 Unable to register handle 0x4a5483d0 coming from different process: 84
04-26 21:40:38.498 W/WifiHW  (   84): wifi_command: SIGNAL_POLL
04-26 21:40:38.578 E/[Gralloc-ERROR](   84): int gralloc_register_buffer(const gralloc_module_t*, const native_handle_t*):79 Unable to register handle 0x494fdf10 coming from different process: 84
04-26 21:40:38.588 E/[Gralloc-ERROR](   84): int gralloc_register_buffer(const gralloc_module_t*, const native_handle_t*):79 Unable to register handle 0x4a548740 coming from different process: 84
04-26 21:40:38.598 E/[Gralloc-ERROR](   84): int gralloc_unregister_buffer(const gralloc_module_t*, const native_handle_t*):274 Trying to unregister buffer 0x4a548c40 from process 84 that was not created in current process: 84
04-26 21:40:38.598 E/[Gralloc-ERROR](   84): int gralloc_unregister_buffer(const gralloc_module_t*, const native_handle_t*):274 Trying to unregister buffer 0x4a548ce0 from process 84 that was not created in current process: 84
04-26 21:40:39.068 I/Gonk    (   84): Setting nice for pid 1497 to 18
04-26 21:40:39.068 I/Gonk    (   84): Changed nice for pid 1497 from 1 to 18.
04-26 21:40:40.588 I/Gonk    (   84): Setting nice for pid 1587 to 18
04-26 21:40:40.588 I/Gonk    (   84): Changed nice for pid 1587 from 0 to 18.
04-26 21:40:41.038 I/Gecko   ( 1510): ###################################### forms.js loaded
04-26 21:40:41.118 I/Gecko   ( 1510): ############################### browserElementPanning.js loaded
04-26 21:40:41.138 I/Gecko   ( 1510): ######################## BrowserElementChildPreload.js loaded
04-26 21:40:41.238 I/Gecko   (   84): 
04-26 21:40:41.238 I/Gecko   (   84): ###!!! [Parent][MessageChannel] Error: Channel error: cannot send/recv
04-26 21:40:41.238 I/Gecko   (   84): 
04-26 21:40:41.318 I/GeckoDump(   84): Crash reporter : Can't fetch app.reportCrashes. Exception: [Exception... "Component returned failure code: 0x8000ffff (NS_ERROR_UNEXPECTED) [nsIPrefBranch.getBoolPref]"  nsresult: "0x8000ffff (NS_ERROR_UNEXPECTED)"  location: "JS frame :: chrome://browser/content/shell.js :: shell_reportCrash :: line 7"  data: no]
04-26 21:40:41.368 I/Gecko   (   84): [Parent 84] WARNING: waitpid failed pid:1497 errno:10: file ../../../gecko/ipc/chromium/src/base/process_util_posix.cc, line 254
04-26 21:40:43.368 I/Gecko   (   84): [Parent 84] WARNING: waitpid failed pid:1497 errno:10: file ../../../gecko/ipc/chromium/src/base/process_util_posix.cc, line 254
04-26 21:40:43.368 I/Gecko   (   84): [Parent 84] WARNING: Failed to deliver SIGKILL to 1497!(3).: file ../../../gecko/ipc/chromium/src/chrome/common/process_watcher_posix_sigchld.cc, line 118
04-26 21:40:43.518 W/WifiHW  (   84): wifi_command: SIGNAL_POLL
04-26 21:40:45.748 W/AudioFlinger(   91): Thread AudioOut_1 cannot connect to the power manager service
04-26 21:40:45.748 V/AudioPolicyManagerBase(   91): getDeviceForStrategy() from cache strategy 0, device 2
04-26 21:40:45.758 V/AudioPolicyManagerBase(   91): getOutput() stream 1, samplingRate 0, format 0, channels 3, flags 0
04-26 21:40:45.768 V/AudioPolicyManagerBase(   91): startOutput() output 1, stream 1, session 6
04-26 21:40:45.768 V/AudioPolicyManagerBase(   91): changeRefCount() stream 1, count 1
04-26 21:40:45.768 V/AudioPolicyManagerBase(   91): getDeviceForStrategy() from cache strategy 0, device 2
04-26 21:40:45.768 V/AudioPolicyManagerBase(   91): getNewDevice() selected device 2
04-26 21:40:45.768 D/AudioPolicyManagerBase(   91): setOutputDevice() output 1 device 2 delayMs 0
04-26 21:40:45.768 V/AudioPolicyManagerBase(   91): setOutputDevice() setting same device 2 or null device for output 1
04-26 21:40:45.768 E/AudioPolicyManagerBase(   91): checkAndSetVolume stream=1, index=0, output=1, device=2
04-26 21:40:45.768 E/AudioPolicyManagerBase(   91): computeVolume, streamDesc=0xb5fbb8
04-26 21:40:45.818 V/AudioPolicyManagerBase(   91): stopOutput() output 1, stream 1, session 6
04-26 21:40:45.818 V/AudioPolicyManagerBase(   91): changeRefCount() stream 1, count 0
04-26 21:40:45.818 V/AudioPolicyManagerBase(   91): getNewDevice() selected device 0
04-26 21:40:45.818 D/AudioPolicyManagerBase(   91): setOutputDevice() output 1 device 0 delayMs 290
04-26 21:40:45.818 V/AudioPolicyManagerBase(   91): setOutputDevice() setting same device 0 or null device for output 1
04-26 21:40:45.828 V/AudioPolicyManagerBase(   91): startOutput() output 1, stream 1, session 6
04-26 21:40:45.828 V/AudioPolicyManagerBase(   91): changeRefCount() stream 1, count 1
04-26 21:40:45.828 V/AudioPolicyManagerBase(   91): getDeviceForStrategy() from cache strategy 0, device 2
04-26 21:40:45.828 V/AudioPolicyManagerBase(   91): getNewDevice() selected device 2
04-26 21:40:45.828 D/AudioPolicyManagerBase(   91): setOutputDevice() output 1 device 2 delayMs 0
04-26 21:40:45.828 V/AudioPolicyManagerBase(   91): setOutputDevice() setting same device 2 or null device for output 1
04-26 21:40:45.828 E/AudioPolicyManagerBase(   91): checkAndSetVolume stream=1, index=0, output=1, device=2
04-26 21:40:45.828 E/AudioPolicyManagerBase(   91): computeVolume, streamDesc=0xb5fbb8
04-26 21:40:45.858 I/audio_hw_primary(   91): select_devices_signal starting...
04-26 21:40:45.858 I/audio_hw_primary(   91): select_devices_signal finished.
04-26 21:40:45.858 W/audio_hw_primary(   91): open s_tinycard in
04-26 21:40:45.868 I/audio_hw_primary(   91): Changing devices: 0x00000002
04-26 21:40:45.868 I/audio_hw_primary(   91): Set 'HeadPhone Function'.0 to 0
04-26 21:40:45.868 I/audio_hw_primary(   91): Set 'Earpiece Function'.0 to 0
04-26 21:40:45.868 I/audio_hw_primary(   91): Set 'Mic Function'.0 to 0
04-26 21:40:45.868 I/audio_hw_primary(   91): Set 'HP Mic Function'.0 to 0
04-26 21:40:45.868 I/audio_hw_primary(   91): Set 'Line Function'.0 to 0
04-26 21:40:45.868 I/audio_hw_primary(   91): Changing devices, mask: 0x00004002
04-26 21:40:45.868 I/audio_hw_primary(   91): Set 'Speaker Function'.0 to 1
04-26 21:40:45.878 W/audio_hw_primary(   91): open s_tinycard successfully
04-26 21:40:45.878 W/audio_hw_primary(   91): GetAudio_pga_nv, dac_pga_gain_l:0xc3 adc_pga_gain_l:0xc fm_pga_gain_l:0xff fm_pga_gain_r:0xff device:0x2 vol_level:0x1 
04-26 21:40:45.878 D/audio_pga(   91): 'speaker-l' apply
04-26 21:40:45.878 I/audio_pga(   91): 'Master Playback Volume' set to 12
04-26 21:40:46.008 I/audio_pga(   91): 'Inter PA Playback Volume' set to 12
04-26 21:40:46.008 I/audio_pga(   91): 'VBC DACL DG Set' set to 0
04-26 21:40:46.008 I/audio_pga(   91): 'VBC DACL DG Switch' set to 0
04-26 21:40:46.008 D/audio_pga(   91): 'speaker-r' apply
04-26 21:40:46.008 I/audio_pga(   91): 'Master Playback Volume' set to 12
04-26 21:40:46.008 I/audio_pga(   91): 'Inter PA Playback Volume' set to 12
04-26 21:40:46.008 I/audio_pga(   91): 'VBC DACR DG Set' set to 0
04-26 21:40:46.008 I/audio_pga(   91): 'VBC DACR DG Switch' set to 0
04-26 21:40:46.008 W/audio_hw_primary(   91): SetAudio_gain_by_devices out, devices:0x2 
04-26 21:40:46.008 I/audio_hw_primary(   91): stream_routing_thread looping done.
04-26 21:40:46.008 I/audio_hw_primary(   91): stream_routing_thread looping now...
04-26 21:40:46.038 I/Gonk    (   84): Setting nice for pid 1587 to 18
04-26 21:40:46.038 I/Gonk    (   84): Changed nice for pid 1587 from 18 to 18.
04-26 21:40:46.038 I/Gecko   (   84): [Parent 84] WARNING: waitpid failed pid:1587 errno:10: file ../../../gecko/ipc/chromium/src/base/process_util_posix.cc, line 254
04-26 21:40:46.058 I/Gonk    (   84): Setting nice for pid 1587 to 1
04-26 21:40:46.058 I/Gonk    (   84): Changed nice for pid 1587 from 18 to 1.
04-26 21:40:46.098 I/Gonk    (   84): Setting nice for pid 1587 to 18
04-26 21:40:46.098 I/Gonk    (   84): Changed nice for pid 1587 from 1 to 18.
04-26 21:40:46.648 E/GeckoConsole(   84): Content JS LOG at dummy file:326 in GaiaApps.launch/appOpen/<: app with origin 'app://{bd03eab3-0e80-4acd-8c85-c53ab868e722}' has launched
04-26 21:40:46.708 I/Gecko   (   84): 1398573646669	Marionette	INFO	sendToClient: {"from":"0","value":{"frame":{"ELEMENT":"{be4f20d3-8898-4418-8acc-428a6d32a4eb}"},"src":"app://{bd03eab3-0e80-4acd-8c85-c53ab868e722}/cavern.xml","name":"Cavern Fighter","origin":"app://{bd03eab3-0e80-4acd-8c85-c53ab868e722}"}}, {32f18594-e79d-4b4a-95f2-9906bc939bbf}, {32f18594-e79d-4b4a-95f2-9906bc939bbf}
04-26 21:40:46.748 E/[Gralloc-ERROR](   84): int gralloc_unregister_buffer(const gralloc_module_t*, const native_handle_t*):274 Trying to unregister buffer 0x4a548740 from process 84 that was not created in current process: 84
04-26 21:40:46.748 E/[Gralloc-ERROR](   84): int gralloc_unregister_buffer(const gralloc_module_t*, const native_handle_t*):274 Trying to unregister buffer 0x494fdf10 from process 84 that was not created in current process: 84
04-26 21:40:46.868 I/Gecko   (   84): 1398573646881	Marionette	DEBUG	Got request: switchToFrame, data: {"to":"0","sessionId":"3-b2g","name":"switchToFrame","parameters":{"focus":true,"element":"{be4f20d3-8898-4418-8acc-428a6d32a4eb}"}}, id: {cb00d5a4-564c-4f40-99bd-a4cfdc646721}
04-26 21:40:46.888 I/Gecko   (   84): 1398573646904	Marionette	INFO	Switched to frame: {"frameValue":"{be4f20d3-8898-4418-8acc-428a6d32a4eb}"}
04-26 21:40:46.898 I/Gecko   (   84): 1398573646913	Marionette	INFO	trying remote frame 0
04-26 21:40:46.908 I/Gecko   (   84): 1398573646923	Marionette	INFO	trying remote frame 1
04-26 21:40:46.908 I/Gecko   (   84): 1398573646924	Marionette	INFO	deleting frame
04-26 21:40:46.918 I/Gecko   (   84): 1398573646936	Marionette	INFO	frame-manager load script: [object ChromeMessageSender]
04-26 21:40:47.008 I/Gecko   (   84): [Parent 84] WARNING: pipe error (158): Connection reset by peer: file ../../../gecko/ipc/chromium/src/chrome/common/ipc_channel_posix.cc, line 446
04-26 21:40:47.008 I/Gecko   (   84): 
04-26 21:40:47.008 I/Gecko   (   84): ###!!! [Parent][MessageChannel] Error: Channel error: cannot send/recv
04-26 21:40:47.008 I/Gecko   (   84): 
04-26 21:40:47.078 I/GeckoDump(   84): Crash reporter : Can't fetch app.reportCrashes. Exception: [Exception... "Component returned failure code: 0x8000ffff (NS_ERROR_UNEXPECTED) [nsIPrefBranch.getBoolPref]"  nsresult: "0x8000ffff (NS_ERROR_UNEXPECTED)"  location: "JS frame :: chrome://browser/content/shell.js :: shell_reportCrash :: line 7"  data: no]
04-26 21:40:47.088 I/Gecko   (   84): [Parent 84] WARNING: waitpid failed pid:1587 errno:10: file ../../../gecko/ipc/chromium/src/base/process_util_posix.cc, line 254
04-26 21:40:47.578 I/Gecko   (   84): 1398573647596	Marionette	INFO	sendToClient: {"from":"0","ok":true}, {cb00d5a4-564c-4f40-99bd-a4cfdc646721}, {cb00d5a4-564c-4f40-99bd-a4cfdc646721}
04-26 21:40:47.618 I/Gecko   (   84): 1398573647634	Marionette	INFO	sendToClient: {"from":"0","value":"app://{bd03eab3-0e80-4acd-8c85-c53ab868e722}/cavern.xml"}, {e83d0b51-7607-49f7-9c73-ee406d0d1272}, {e83d0b51-7607-49f7-9c73-ee406d0d1272}
04-26 21:40:47.628 I/Gecko   (   84): 1398573647640	Marionette	DEBUG	Got request: execute, data: {"to":"0","sessionId":"3-b2g","name":"executeScript","parameters":{"specialPowers":false,"scriptTimeout":null,"newSandbox":true,"args":[],"filename":"app_checker.py","script":"return window.document.readyState;","line":191}}, id: {ac7af527-e046-4580-bec4-1d4c89430185}
04-26 21:40:47.658 V/AudioPolicyManagerBase(   91): stopOutput() output 1, stream 1, session 6
04-26 21:40:47.658 V/AudioPolicyManagerBase(   91): changeRefCount() stream 1, count 0
04-26 21:40:47.658 V/AudioPolicyManagerBase(   91): getNewDevice() selected device 0
04-26 21:40:47.658 D/AudioPolicyManagerBase(   91): setOutputDevice() output 1 device 0 delayMs 290
04-26 21:40:47.658 V/AudioPolicyManagerBase(   91): setOutputDevice() setting same device 0 or null device for output 1
04-26 21:40:47.738 V/AudioPolicyManagerBase(   91): releaseOutput() 1
04-26 21:40:47.798 I/Gecko   (   84): 1398573647813	Marionette	INFO	sendToClient: {"from":"0","value":"complete"}, {ac7af527-e046-4580-bec4-1d4c89430185}, {ac7af527-e046-4580-bec4-1d4c89430185}
04-26 21:40:47.858 I/Gecko   (   84): 1398573647868	Marionette	INFO	sendToClient: {"from":"0","value":"app://{bd03eab3-0e80-4acd-8c85-c53ab868e722}/cavern.xml"}, {33e745e3-3969-430d-a8b3-1b7faafa0785}, {33e745e3-3969-430d-a8b3-1b7faafa0785}
04-26 21:40:47.908 I/Gecko   ( 1510): Attempting load of libEGL.so
04-26 21:40:47.998 D/libEGL  ( 1510): loaded /system/lib/egl/libEGL_mali.so
04-26 21:40:48.028 D/libEGL  ( 1510): loaded /system/lib/egl/libGLESv1_CM_mali.so
04-26 21:40:48.028 D/libEGL  ( 1510): loaded /system/lib/egl/libGLESv2_mali.so
04-26 21:40:48.068 I/Gecko   ( 1510): SharedSurface_Gralloc::Create -------
04-26 21:40:48.088 I/Gecko   ( 1510): SharedSurface_Gralloc::Create: success -- surface 0x43a27280, GraphicBuffer 0x43b75b80.
04-26 21:40:48.528 W/WifiHW  (   84): wifi_command: SIGNAL_POLL
04-26 21:40:49.088 I/Gecko   (   84): [Parent 84] WARNING: waitpid failed pid:1587 errno:10: file ../../../gecko/ipc/chromium/src/base/process_util_posix.cc, line 254
04-26 21:40:49.088 I/Gecko   (   84): [Parent 84] WARNING: Failed to deliver SIGKILL to 1587!(3).: file ../../../gecko/ipc/chromium/src/chrome/common/process_watcher_posix_sigchld.cc, line 118
04-26 21:40:49.188 I/Gecko   (   84): 1398573649167	Marionette	INFO	sendToClient: {"from":"0","value":"iVBORw0KGgoAAAANSUhEUgAAAeAAAAFACAYAAABkyK97AAAgAElEQVR4nOxdd3hT1Ru+SdPdJE3SjJsOultoyijQAqXMNmWUltlSVkGGIqAgqIgy2jIUEAVFRBAQUEZZbcMGAUFkD0GmyBT9IXuX9f7+uMlNbnKz2koQbp7nfaB3nPud73zne+8999zzEgRBgAMHDhw4cODw3OFyAzhw4MCBA4dXEdR/hP8B+Lu5IUwud7kdlQ0xn49wheK5XIvZ+KRTCApKwJ49BzFy5ESnz/0v4OWtn7HN/83YqiKTgRQKISQIyL28EODpWSl9o4pM9q/3BX+BwC6kHh4IVyodOva/DGaOEFYYMlkVLFy4BIMHv8+638NDBokkGDyeyOEy+XwxZLIqlWJfReHm5g+5PMzq3+xgIWCSr4ebHgI93PXw0MNTDy89vPXw0cNXDz89hHqI9BDr4U9B5c+DSsyDUsyHQuQGuUiAAKE7AoTukPl5QOrniR65OXj69ClOnToJsY8PRN6+EHr7QujlBz8vIXw9RfDxFMPHQwxvD394uUvg6S6Fh0AKD4EM7m4BELjJ4caXw42vAJ+nBI+nskxWPANU4BnAZ4GbEjw3JfgmKE8SaNm4MR4/foxbN2+6hIBJAYHEiFB0ad0CXTKYaFG/DqOt3+6TBwBYtXQR3d5qXx46tmyKwo/ewztv9kbTRA17m7O0OykxgVQPmR4BJpBTUOmhDKCg0EOuR4CMgkwPqYxAWLg/OnZqgY6dWqBDpxZITUtCcKgYYikBkYSCUI/X36TqV7R8EfwkPGS0S0NWhxaoUTcG3mICXmICzVukoE2HFqiRWBUeYudvYl4IAhYKKxV169bFkSNHYPjduHEDAKDVaitUbsuWLfHo0SPcunWr0m12loBbN2tG2XLzpssJ8r9GwD169AMAPHr0CF5ecov9Gk0SAOD+/fsQCCR2y2
04-26 21:40:49.618 I/Gecko   (   84): 1398573649632	Marionette	INFO	sendToClient: {"from":"0","ok":true}, {0f6d63f6-7e90-4ebe-8177-9eb060a5a1d9}, {0f6d63f6-7e90-4ebe-8177-9eb060a5a1d9}
04-26 21:40:49.628 I/Gecko   (   84): 1398573649638	Marionette	DEBUG	Got request: switchToFrame, data: {"to":"0","sessionId":"3-b2g","name":"switchToFrame","parameters":{"id":null,"focus":true}}, id: {c077eee0-02f1-4056-8137-7f7c8e216def}
04-26 21:40:50.738 W/audio_hw_primary(   91): do_output_standby.mode:0 
04-26 21:40:51.088 I/Gecko   (   84): 1398573651101	Marionette	INFO	Switched to frame: {"frameValue":null}
04-26 21:40:51.428 I/Gonk    (   84): Setting nice for pid 1615 to 18
04-26 21:40:51.428 I/Gonk    (   84): Changed nice for pid 1615 from 0 to 18.
04-26 21:40:51.508 I/Gecko   (   84): 1398573651523	Marionette	INFO	sendToClient: {"from":"0","ok":true}, {c077eee0-02f1-4056-8137-7f7c8e216def}, {c077eee0-02f1-4056-8137-7f7c8e216def}
04-26 21:40:51.518 I/Gecko   (   84): 1398573651536	Marionette	DEBUG	Got request: executeWithCallback, data: {"to":"0","sessionId":"3-b2g","name":"executeAsyncScript","parameters":{"specialPowers":false,"scriptTimeout":null,"newSandbox":true,"args":[],"filename":"gaia_test.py","script":"return GaiaApps.displayedApp();","line":66}}, id: {6a95dec9-f35a-4dbd-84e8-76361adf2546}
04-26 21:40:51.888 I/Gecko   (   84): 1398573651899	Marionette	INFO	sendToClient: {"from":"0","value":{"frame":{"ELEMENT":"{be4f20d3-8898-4418-8acc-428a6d32a4eb}"},"src":"app://{bd03eab3-0e80-4acd-8c85-c53ab868e722}/cavern.xml","name":"Cavern Fighter","origin":"app://{bd03eab3-0e80-4acd-8c85-c53ab868e722}"}}, {6a95dec9-f35a-4dbd-84e8-76361adf2546}, {6a95dec9-f35a-4dbd-84e8-76361adf2546}
04-26 21:40:51.888 E/GeckoConsole(   84): Content JS LOG at dummy file:392 in GaiaApps.displayedApp: app with origin 'app://{bd03eab3-0e80-4acd-8c85-c53ab868e722}' is displayed
04-26 21:40:51.908 I/Gecko   (   84): 1398573651922	Marionette	DEBUG	Got request: switchToFrame, data: {"to":"0","sessionId":"3-b2g","name":"switchToFrame","parameters":{"id":null,"focus":true}}, id: {7e515e68-ca77-4563-8772-27ab757278ee}
04-26 21:40:51.908 I/Gecko   (   84): 1398573651924	Marionette	INFO	Switched to frame: {"frameValue":null}
04-26 21:40:52.038 I/Gecko   (   84): 1398573652049	Marionette	INFO	sendToClient: {"from":"0","ok":true}, {7e515e68-ca77-4563-8772-27ab757278ee}, {7e515e68-ca77-4563-8772-27ab757278ee}
04-26 21:40:52.038 I/Gecko   (   84): 1398573652055	Marionette	DEBUG	Got request: execute, data: {"to":"0","sessionId":"3-b2g","name":"executeScript","parameters":{"specialPowers":false,"scriptTimeout":null,"newSandbox":true,"args":[],"filename":"gaia_test.py","script":"window.wrappedJSObject.dispatchEvent(new Event('home'));","line":788}}, id: {fc96f82a-1a3f-49ea-a030-bd665b1f9a4f}
04-26 21:40:52.338 I/Gonk    (   84): Setting nice for pid 1615 to 18
04-26 21:40:52.338 I/Gonk    (   84): Changed nice for pid 1615 from 18 to 18.
04-26 21:40:52.338 I/Gecko   (   84): [Parent 84] WARNING: waitpid failed pid:1615 errno:10: file ../../../gecko/ipc/chromium/src/base/process_util_posix.cc, line 254
04-26 21:40:52.358 I/Gonk    (   84): Setting nice for pid 1615 to 1
04-26 21:40:52.358 I/Gonk    (   84): Changed nice for pid 1615 from 18 to 1.
04-26 21:40:53.268 I/InputReader(   84): Reconfiguring input devices.  changes=0x00000004
04-26 21:40:53.268 I/InputReader(   84): Device reconfigured: id=6, name='ms-msg21xx', size 320x480, orientation 0, mode 1, display id 0
04-26 21:40:53.478 E/[Gralloc-ERROR](   84): int gralloc_register_buffer(const gralloc_module_t*, const native_handle_t*):79 Unable to register handle 0x44725650 coming from different process: 84
04-26 21:40:53.578 E/[Gralloc-ERROR](   84): int gralloc_register_buffer(const gralloc_module_t*, const native_handle_t*):79 Unable to register handle 0x44746240 coming from different process: 84
04-26 21:40:53.698 E/[Gralloc-ERROR](   84): int gralloc_unregister_buffer(const gralloc_module_t*, const native_handle_t*):274 Trying to unregister buffer 0x4a548330 from process 84 that was not created in current process: 84
04-26 21:40:53.708 I/Gecko   (   84): 1398573653725	Marionette	INFO	sendToClient: {"from":"0","value":null}, {fc96f82a-1a3f-49ea-a030-bd665b1f9a4f}, {fc96f82a-1a3f-49ea-a030-bd665b1f9a4f}
04-26 21:40:53.928 W/WifiHW  (   84): wifi_command: SIGNAL_POLL
04-26 21:40:53.928 E/[Gralloc-ERROR](   84): int gralloc_unregister_buffer(const gralloc_module_t*, const native_handle_t*):274 Trying to unregister buffer 0x4a5483d0 from process 84 that was not created in current process: 84
04-26 21:40:54.218 I/Gecko   (   84): 1398573654228	Marionette	DEBUG	Got request: switchToFrame, data: {"to":"0","sessionId":"3-b2g","name":"switchToFrame","parameters":{"id":null,"focus":true}}, id: {cdef98f4-3eb2-4bc9-ae7a-7b693820d4e6}
04-26 21:40:54.248 I/Gecko   (   84): 1398573654262	Marionette	INFO	Switched to frame: {"frameValue":null}
04-26 21:40:55.008 I/Gecko   (   84): 1398573655020	Marionette	INFO	sendToClient: {"from":"0","ok":true}, {cdef98f4-3eb2-4bc9-ae7a-7b693820d4e6}, {cdef98f4-3eb2-4bc9-ae7a-7b693820d4e6}
04-26 21:40:55.058 I/Gecko   (   84): 1398573655077	Marionette	DEBUG	Got request: executeWithCallback, data: {"to":"0","sessionId":"3-b2g","name":"executeAsyncScript","parameters":{"specialPowers":false,"scriptTimeout":null,"newSandbox":true,"args":[],"filename":"gaia_test.py","script":"return GaiaApps.displayedApp();","line":66}}, id: {0718ff48-9e4f-4f43-9652-050fba9cbb4d}
04-26 21:40:55.358 I/Gecko   (   84): 1398573655373	Marionette	INFO	sendToClient: {"from":"0","value":{"frame":{"ELEMENT":"{66a1d53a-d25f-435a-b944-3a24d073f0c3}"},"src":"app://homescreen.gaiamobile.org/index.html#root","name":"Homescreen","origin":"app://homescreen.gaiamobile.org"}}, {0718ff48-9e4f-4f43-9652-050fba9cbb4d}, {0718ff48-9e4f-4f43-9652-050fba9cbb4d}
04-26 21:40:55.368 E/GeckoConsole(   84): Content JS LOG at dummy file:392 in GaiaApps.displayedApp: app with origin 'app://homescreen.gaiamobile.org' is displayed
04-26 21:40:55.378 I/Gonk    (   84): Setting nice for pid 1510 to 18
04-26 21:40:55.378 I/Gonk    (   84): Changed nice for pid 1510 from 1 to 18.
04-26 21:40:55.398 I/Gecko   (   84): 1398573655416	Marionette	DEBUG	Got request: switchToFrame, data: {"to":"0","sessionId":"3-b2g","name":"switchToFrame","parameters":{"id":null,"focus":true}}, id: {f735bbcc-68b7-47f0-a58c-5054e1c6776f}
04-26 21:40:55.408 I/Gecko   (   84): 1398573655425	Marionette	INFO	Switched to frame: {"frameValue":null}
04-26 21:40:55.518 I/Gecko   (   84): 1398573655529	Marionette	INFO	sendToClient: {"from":"0","ok":true}, {f735bbcc-68b7-47f0-a58c-5054e1c6776f}, {f735bbcc-68b7-47f0-a58c-5054e1c6776f}
04-26 21:40:55.538 I/Gecko   (   84): 1398573655556	Marionette	DEBUG	Got request: switchToFrame, data: {"to":"0","sessionId":"3-b2g","name":"switchToFrame","parameters":{"id":null,"focus":true}}, id: {7dd0565b-0405-41ad-946e-2e4c6800de04}
04-26 21:40:55.548 I/Gecko   (   84): 1398573655558	Marionette	INFO	Switched to frame: {"frameValue":null}
04-26 21:40:55.688 I/Gecko   (   84): 1398573655701	Marionette	INFO	sendToClient: {"from":"0","ok":true}, {7dd0565b-0405-41ad-946e-2e4c6800de04}, {7dd0565b-0405-41ad-946e-2e4c6800de04}
04-26 21:40:55.698 I/Gecko   (   84): 1398573655709	Marionette	DEBUG	Got request: executeWithCallback, data: {"to":"0","sessionId":"3-b2g","name":"executeAsyncScript","parameters":{"specialPowers":false,"scriptTimeout":null,"newSandbox":true,"args":[],"filename":"gaia_test.py","script":"return GaiaApps.displayedApp();","line":66}}, id: {067b2250-0182-4972-80ce-c21fa973c889}
04-26 21:40:55.818 I/Gecko   (   84): 1398573655829	Marionette	INFO	sendToClient: {"from":"0","value":{"frame":{"ELEMENT":"{66a1d53a-d25f-435a-b944-3a24d073f0c3}"},"src":"app://homescreen.gaiamobile.org/index.html#root","name":"Homescreen","origin":"app://homescreen.gaiamobile.org"}}, {067b2250-0182-4972-80ce-c21fa973c889}, {067b2250-0182-4972-80ce-c21fa973c889}
04-26 21:40:55.828 E/GeckoConsole(   84): Content JS LOG at dummy file:392 in GaiaApps.displayedApp: app with origin 'app://homescreen.gaiamobile.org' is displayed
04-26 21:40:55.828 I/Gecko   (   84): 1398573655844	Marionette	DEBUG	Got request: switchToFrame, data: {"to":"0","sessionId":"3-b2g","name":"switchToFrame","parameters":{"focus":true,"element":"{66a1d53a-d25f-435a-b944-3a24d073f0c3}"}}, id: {5da06ab8-fbf8-47e8-ac22-4786035036a0}
04-26 21:40:55.848 I/Gecko   (   84): 1398573655859	Marionette	INFO	Switched to frame: {"frameValue":"{66a1d53a-d25f-435a-b944-3a24d073f0c3}"}
04-26 21:40:55.848 I/Gecko   (   84): 1398573655862	Marionette	INFO	trying remote frame 0
04-26 21:40:55.858 I/Gecko   (   84): 1398573655875	Marionette	INFO	trying remote frame 1
04-26 21:40:55.868 I/Gecko   (   84): 1398573655881	Marionette	INFO	deleting frame
04-26 21:40:55.878 I/Gecko   (   84): 1398573655892	Marionette	INFO	frame-manager load script: [object ChromeMessageSender]
04-26 21:40:56.928 I/Gecko   ( 1615): ###################################### forms.js loaded
04-26 21:40:56.948 I/Gecko   ( 1615): ############################### browserElementPanning.js loaded
04-26 21:40:56.978 I/Gecko   ( 1615): ######################## BrowserElementChildPreload.js loaded
04-26 21:40:57.028 I/Gecko   (   84): 
04-26 21:40:57.028 I/Gecko   (   84): ###!!! [Parent][MessageChannel] Error: Channel error: cannot send/recv
04-26 21:40:57.028 I/Gecko   (   84): 
04-26 21:40:57.128 I/GeckoDump(   84): Crash reporter : Can't fetch app.reportCrashes. Exception: [Exception... "Component returned failure code: 0x8000ffff (NS_ERROR_UNEXPECTED) [nsIPrefBranch.getBoolPref]"  nsresult: "0x8000ffff (NS_ERROR_UNEXPECTED)"  location: "JS frame :: chrome://browser/content/shell.js :: shell_reportCrash :: line 7"  data: no]
04-26 21:40:57.198 I/Gecko   (   84): [Parent 84] WARNING: waitpid failed pid:1510 errno:10: file ../../../gecko/ipc/chromium/src/base/process_util_posix.cc, line 254
04-26 21:40:57.418 I/Gonk    (   84): Setting nice for pid 1626 to 18
04-26 21:40:57.418 I/Gonk    (   84): Changed nice for pid 1626 from 0 to 18.
04-26 21:40:58.668 I/Gecko   (   84): 1398573658686	Marionette	INFO	sendToClient: {"from":"0","ok":true}, {5da06ab8-fbf8-47e8-ac22-4786035036a0}, {5da06ab8-fbf8-47e8-ac22-4786035036a0}
04-26 21:40:58.928 W/WifiHW  (   84): wifi_command: SIGNAL_POLL
04-26 21:40:59.128 I/Gecko   (   84): 1398573659145	Marionette	INFO	sendToClient: {"from":"0","value":"app://homescreen.gaiamobile.org/index.html#root"}, {f89e00da-8ea3-4cf0-9414-0da6ea306f8e}, {f89e00da-8ea3-4cf0-9414-0da6ea306f8e}
04-26 21:40:59.138 I/Gecko   (   84): 1398573659154	Marionette	DEBUG	Got request: switchToFrame, data: {"to":"0","sessionId":"3-b2g","name":"switchToFrame","parameters":{"id":null,"focus":true}}, id: {e53f96db-ebfe-4b54-be6e-178e664afa81}
04-26 21:40:59.168 I/Gecko   (   84): 1398573659179	Marionette	INFO	Switched to frame: {"frameValue":null}
04-26 21:40:59.198 I/Gecko   (   84): [Parent 84] WARNING: waitpid failed pid:1510 errno:10: file ../../../gecko/ipc/chromium/src/base/process_util_posix.cc, line 254
04-26 21:40:59.198 I/Gecko   (   84): [Parent 84] WARNING: Failed to deliver SIGKILL to 1510!(3).: file ../../../gecko/ipc/chromium/src/chrome/common/process_watcher_posix_sigchld.cc, line 118
04-26 21:40:59.268 I/Gecko   (   84): 1398573659282	Marionette	INFO	sendToClient: {"from":"0","ok":true}, {e53f96db-ebfe-4b54-be6e-178e664afa81}, {e53f96db-ebfe-4b54-be6e-178e664afa81}
04-26 21:40:59.278 I/Gecko   (   84): 1398573659288	Marionette	DEBUG	Got request: switchToFrame, data: {"to":"0","sessionId":"3-b2g","name":"switchToFrame","parameters":{"id":null,"focus":true}}, id: {8a658254-618d-49ab-a9c8-265f12781e9c}
04-26 21:40:59.278 I/Gecko   (   84): 1398573659289	Marionette	INFO	Switched to frame: {"frameValue":null}
04-26 21:40:59.388 I/Gecko   (   84): 1398573659399	Marionette	INFO	sendToClient: {"from":"0","ok":true}, {8a658254-618d-49ab-a9c8-265f12781e9c}, {8a658254-618d-49ab-a9c8-265f12781e9c}
04-26 21:40:59.388 I/Gecko   (   84): 1398573659405	Marionette	DEBUG	Got request: executeWithCallback, data: {"to":"0","sessionId":"3-b2g","name":"executeAsyncScript","parameters":{"specialPowers":false,"scriptTimeout":null,"newSandbox":true,"args":[],"filename":"gaia_test.py","script":"GaiaApps.killAll()","line":91}}, id: {6bff57b2-5333-443b-906f-3c305a20ac9f}
04-26 21:40:59.458 I/Gecko   (   84): 1398573659469	Marionette	INFO	sendToClient: {"from":"0","value":true}, {6bff57b2-5333-443b-906f-3c305a20ac9f}, {6bff57b2-5333-443b-906f-3c305a20ac9f}
04-26 21:40:59.458 I/Gecko   (   84): 1398573659474	Marionette	DEBUG	Got request: switchToFrame, data: {"to":"0","sessionId":"3-b2g","name":"switchToFrame","parameters":{"id":null,"focus":true}}, id: {704a9ef0-9a13-45fd-984c-9fa6a46b3a61}
04-26 21:40:59.458 I/Gecko   (   84): 1398573659476	Marionette	INFO	Switched to frame: {"frameValue":null}
04-26 21:40:59.598 I/Gecko   (   84): 1398573659608	Marionette	INFO	sendToClient: {"from":"0","ok":true}, {704a9ef0-9a13-45fd-984c-9fa6a46b3a61}, {704a9ef0-9a13-45fd-984c-9fa6a46b3a61}
04-26 21:40:59.598 I/Gecko   (   84): 1398573659614	Marionette	DEBUG	Got request: executeWithCallback, data: {"to":"0","sessionId":"3-b2g","name":"executeAsyncScript","parameters":{"specialPowers":false,"scriptTimeout":60000,"newSandbox":true,"args":[],"filename":"app_checker.py","script":"\n        GaiaApps.locateWithManifestURL('https://marketplace.firefox.com/app/6dbd3ad8-f031-410b-9b1b-b6fd89ec286c/manifest.webapp',\n                                       null,\n                                       function uninstall(app) {\n                                       navigator.mozApps.mgmt.uninstall(app);\n                                       marionetteScriptFinished(true);\n                                       });\n        ","line":129}}, id: {7b276f31-c3ab-4d29-823b-1b9ac2e49141}
04-26 21:40:59.658 I/Gecko   (   84): -- webapps.js uninstall https://marketplace.firefox.com/app/6dbd3ad8-f031-410b-9b1b-b6fd89ec286c/manifest.webapp
04-26 21:41:00.098 I/Gecko   (   84): 1398573660109	Marionette	INFO	sendToClient: {"from":"0","value":true}, {7b276f31-c3ab-4d29-823b-1b9ac2e49141}, {7b276f31-c3ab-4d29-823b-1b9ac2e49141}