04-25 03:48:24.186 I/Gecko   (   84): 1398422904204	Marionette	DEBUG	Got request: switchToFrame, data: {"to":"0","sessionId":"3-b2g","name":"switchToFrame","parameters":{"focus":true,"element":"{17d5c855-100c-4e57-a8bd-c8ab2ff3cda0}"}}, id: {4379c8c3-0666-4f28-a414-92a9c1db25a8}
04-25 03:48:24.206 I/Gecko   (   84): 1398422904224	Marionette	INFO	Switched to frame: {"frameValue":"{17d5c855-100c-4e57-a8bd-c8ab2ff3cda0}"}
04-25 03:48:24.216 I/Gecko   (   84): 1398422904227	Marionette	INFO	trying remote frame 0
04-25 03:48:24.226 I/Gecko   (   84): 1398422904235	Marionette	INFO	trying remote frame 1
04-25 03:48:24.226 I/Gecko   (   84): 1398422904236	Marionette	INFO	deleting frame
04-25 03:48:24.226 I/Gecko   (   84): 1398422904242	Marionette	INFO	frame-manager load script: [object ChromeMessageSender]
04-25 03:48:26.176 I/Gecko   (   84): [Parent 84] WARNING: waitpid failed pid:1341 errno:10: file ../../../gecko/ipc/chromium/src/base/process_util_posix.cc, line 254
04-25 03:48:26.186 I/Gecko   (   84): [Parent 84] WARNING: Failed to deliver SIGKILL to 1341!(3).: file ../../../gecko/ipc/chromium/src/chrome/common/process_watcher_posix_sigchld.cc, line 118
04-25 03:48:26.596 I/Gecko   (   84): 1398422906608	Marionette	INFO	sendToClient: {"from":"0","ok":true}, {4379c8c3-0666-4f28-a414-92a9c1db25a8}, {4379c8c3-0666-4f28-a414-92a9c1db25a8}
04-25 03:48:29.766 I/Gecko   (   84): 1398422909779	Marionette	INFO	sendToClient: {"from":"0","value":"http://app-7-mwa-vc-as-en.jocly.com/jocly/mobile/7/hcomp.html"}, {f7c7e859-f61e-4575-91ab-8e1635628996}, {f7c7e859-f61e-4575-91ab-8e1635628996}
04-25 03:48:29.906 I/Gonk    (   84): Setting nice for pid 1354 to 18
04-25 03:48:29.906 I/Gonk    (   84): Changed nice for pid 1354 from 0 to 18.
04-25 03:48:29.956 W/WifiHW  (   84): wifi_command: SIGNAL_POLL
04-25 03:48:30.386 I/Gecko   (   84): 1398422910400	Marionette	DEBUG	Got request: execute, data: {"to":"0","sessionId":"3-b2g","name":"executeScript","parameters":{"specialPowers":false,"scriptTimeout":null,"newSandbox":true,"args":[],"filename":"app_checker.py","script":"return window.document.readyState;","line":191}}, id: {5d71bc29-c007-4c22-9093-e927fb49850b}
04-25 03:48:33.606 I/Gecko   (   84): 1398422913622	Marionette	INFO	sendToClient: {"from":"0","value":"complete"}, {5d71bc29-c007-4c22-9093-e927fb49850b}, {5d71bc29-c007-4c22-9093-e927fb49850b}
04-25 03:48:36.346 W/WifiHW  (   84): wifi_command: SIGNAL_POLL
04-25 03:48:37.276 I/Gecko   (   84): 1398422917290	Marionette	INFO	sendToClient: {"from":"0","value":"http://app-7-mwa-vc-as-en.jocly.com/jocly/mobile/7/hcomp.html"}, {c49aaed9-589d-4eed-b693-074033859ef3}, {c49aaed9-589d-4eed-b693-074033859ef3}
04-25 03:48:39.406 I/Gecko   ( 1287): Attempting load of libEGL.so
04-25 03:48:39.546 E/Profiler(   84): BPUnw: [1 total] thread_unregister_for_profiling(me=0x1dbe8b8)  (NOT REGISTERED) 
04-25 03:48:39.676 E/Profiler(   84): BPUnw: [1 total] thread_unregister_for_profiling(me=0x1dbe580)  (NOT REGISTERED) 
04-25 03:48:39.676 E/Profiler(   84): BPUnw: [1 total] thread_unregister_for_profiling(me=0x1db3608)  (NOT REGISTERED) 
04-25 03:48:39.746 D/libEGL  ( 1287): loaded /system/lib/egl/libEGL_mali.so
04-25 03:48:40.026 E/Profiler(   84): BPUnw: [1 total] thread_unregister_for_profiling(me=0x1dbd3f8)  (NOT REGISTERED) 
04-25 03:48:40.036 D/libEGL  ( 1287): loaded /system/lib/egl/libGLESv1_CM_mali.so
04-25 03:48:40.046 E/Profiler(   84): BPUnw: [1 total] thread_unregister_for_profiling(me=0x1dab1c8)  (NOT REGISTERED) 
04-25 03:48:40.046 D/libEGL  ( 1287): loaded /system/lib/egl/libGLESv2_mali.so
04-25 03:48:41.876 I/Gecko   ( 1287): SharedSurface_Gralloc::Create -------
04-25 03:48:41.926 I/Gecko   ( 1287): SharedSurface_Gralloc::Create: success -- surface 0x436724c0, GraphicBuffer 0x43fa9380.
04-25 03:48:42.026 W/WifiHW  (   84): wifi_command: SIGNAL_POLL
04-25 03:48:47.506 W/WifiHW  (   84): wifi_command: SIGNAL_POLL
04-25 03:48:47.936 I/Gecko   (   84): 1398422927907	Marionette	INFO	sendToClient: {"from":"0","value":"iVBORw0KGgoAAAANSUhEUgAAAUAAAAHMCAYAAACk4nEJAAAgAElEQVR4nOy9d1xVV7r/n5m5M5nM3EwSTZ2YZkyxRKOIdAFRQERp0nvvRaoo2BERC4odRRFQERULKFUQEKRjQ40lsUWNBRURa97fP/Ac997nQJI79zv39/3d8HqtF+fsvc/aaz3l83yeZ62zzytdXV10dXXBU+jq6H4tbED3ua4uujq6aG9vp6vjxXHBufb2dnk/smtknxEdlx170Yf83oJ7yu8h7Ft2vfR4l5J+Ol629vZ2UZN+Vjgv0bgFYxedl3xGJgPpveXHBK9lf7LrlMpKogNlspfOUXgvhX5l4xQck8rtd/3/rv//rfp/RfZhqXKFwhQOQiRAmWIFk1boT8kgFAyuQ8k9OySK6RDfTyRcUBCqcIzC+wn7kwpKZIASwxI6gFzx0jEKXgvHKTLQLrFMRUYhcQKR0UjP8VLuQgcTyUFi/MK+5M77u/5/1///Yv2/IhSSskgmu4Gsw4d3fmLfIgfKN8dx+shebl36jnt3bnL71k88vN/Jz09+Fl0vVbQ86ggH30PEU4jEUkNRYhjCPpRGLolARQqFXu8ll5PAARTmI1SeLDIhHodMPkqNQGKMwqglNEihE4jmJJC90PDlDiL4rNAYf63+RWMBBQeR3ed3/f+u//8X9P+K0AiURRIp4t+9cobS5c6ULLKnLNWZ8jW+lK7ypmSlF/mrfEn2m0jW4unU7c/hwokG2q9d5c61G9y5dZOH9x+KJiuahLLJSwYsnKww4vQUSYQKkL5WiGwSYSpQdsF4ZIoXGVZPEYselKHs3kInkUYugdOJxomEoQicUso0RA4vNODfoH+pg8juJYquSgChp7n+rv/f9f8/qX/FFLhDMmiBAJ89e8bF5kJKku0oW+FNyXJXChY5UpDiRsECO5aHGRFtqUKwgwlBno5Eelkyz0
04-25 03:48:48.116 I/Gecko   (   84): 1398422928132	Marionette	INFO	sendToClient: {"from":"0","ok":true}, {587edaaa-8210-4b97-b282-ad4488a66107}, {587edaaa-8210-4b97-b282-ad4488a66107}
04-25 03:48:48.126 I/Gecko   (   84): 1398422928142	Marionette	DEBUG	Got request: switchToFrame, data: {"to":"0","sessionId":"3-b2g","name":"switchToFrame","parameters":{"id":null,"focus":true}}, id: {9d9f275e-70e5-48fb-848b-c21bec191d63}
04-25 03:48:48.196 E/GeckoConsole(   84): Offline cache update done, URL=http://app-7-mwa-vc-as-en.jocly.com/jocly.appcache
04-25 03:48:48.226 I/Gecko   (   84): 1398422928245	Marionette	INFO	Switched to frame: {"frameValue":null}
04-25 03:48:48.396 I/Gecko   (   84): 1398422928407	Marionette	INFO	sendToClient: {"from":"0","ok":true}, {9d9f275e-70e5-48fb-848b-c21bec191d63}, {9d9f275e-70e5-48fb-848b-c21bec191d63}
04-25 03:48:48.396 I/Gecko   (   84): 1398422928415	Marionette	DEBUG	Got request: executeWithCallback, data: {"to":"0","sessionId":"3-b2g","name":"executeAsyncScript","parameters":{"specialPowers":false,"scriptTimeout":null,"newSandbox":true,"args":[],"filename":"gaia_test.py","script":"return GaiaApps.displayedApp();","line":66}}, id: {8a3d27bc-1447-40ab-b185-22b237e7c1be}
04-25 03:48:48.876 E/GeckoConsole(   84): Content JS LOG at dummy file:392 in GaiaApps.displayedApp: app with origin 'http://app-7-mwa-vc-as-en.jocly.com' is displayed
04-25 03:48:48.876 I/Gecko   (   84): 1398422928889	Marionette	INFO	sendToClient: {"from":"0","value":{"frame":{"ELEMENT":"{17d5c855-100c-4e57-a8bd-c8ab2ff3cda0}"},"src":"http://app-7-mwa-vc-as-en.jocly.com/jocly/mobile/7/hcomp.html","name":"Checkers","origin":"http://app-7-mwa-vc-as-en.jocly.com"}}, {8a3d27bc-1447-40ab-b185-22b237e7c1be}, {8a3d27bc-1447-40ab-b185-22b237e7c1be}
04-25 03:48:48.916 I/Gecko   (   84): 1398422928929	Marionette	DEBUG	Got request: switchToFrame, data: {"to":"0","sessionId":"3-b2g","name":"switchToFrame","parameters":{"id":null,"focus":true}}, id: {694e8f61-068f-4ec8-89e7-c94fc4007f62}
04-25 03:48:48.916 I/Gecko   (   84): 1398422928931	Marionette	INFO	Switched to frame: {"frameValue":null}
04-25 03:48:49.026 I/Gecko   (   84): 1398422929044	Marionette	INFO	sendToClient: {"from":"0","ok":true}, {694e8f61-068f-4ec8-89e7-c94fc4007f62}, {694e8f61-068f-4ec8-89e7-c94fc4007f62}
04-25 03:48:49.056 I/Gecko   (   84): 1398422929071	Marionette	DEBUG	Got request: execute, data: {"to":"0","sessionId":"3-b2g","name":"executeScript","parameters":{"specialPowers":false,"scriptTimeout":null,"newSandbox":true,"args":[],"filename":"gaia_test.py","script":"window.wrappedJSObject.dispatchEvent(new Event('home'));","line":788}}, id: {61bc75e7-35a8-4352-aa09-77479c932bd0}
04-25 03:48:49.246 I/Gonk    (   84): Setting nice for pid 1354 to 18
04-25 03:48:49.246 I/Gonk    (   84): Changed nice for pid 1354 from 18 to 18.
04-25 03:48:49.246 I/Gecko   (   84): [Parent 84] WARNING: waitpid failed pid:1354 errno:10: file ../../../gecko/ipc/chromium/src/base/process_util_posix.cc, line 254
04-25 03:48:49.266 I/Gonk    (   84): Setting nice for pid 1354 to 1
04-25 03:48:49.276 I/Gonk    (   84): Changed nice for pid 1354 from 18 to 1.
04-25 03:48:49.386 D/Sensors (   84): activate handle=0; drv=0
04-25 03:48:49.386 D/Sensors (   84): Lis3dhSensor: Control set 0
04-25 03:48:49.386 D/Sensors (   84): Lis3dhSensor: mEnabled = 0
04-25 03:48:49.466 I/Gecko   (   84): 1398422929482	Marionette	INFO	sendToClient: {"from":"0","value":null}, {61bc75e7-35a8-4352-aa09-77479c932bd0}, {61bc75e7-35a8-4352-aa09-77479c932bd0}
04-25 03:48:49.736 I/Gecko   (   84): 1398422929749	Marionette	DEBUG	Got request: switchToFrame, data: {"to":"0","sessionId":"3-b2g","name":"switchToFrame","parameters":{"id":null,"focus":true}}, id: {70dd9cda-6510-409f-99dc-94fc3db377e1}
04-25 03:48:49.746 I/Gecko   (   84): 1398422929758	Marionette	INFO	Switched to frame: {"frameValue":null}
04-25 03:48:49.846 I/Gecko   (   84): 1398422929861	Marionette	INFO	sendToClient: {"from":"0","ok":true}, {70dd9cda-6510-409f-99dc-94fc3db377e1}, {70dd9cda-6510-409f-99dc-94fc3db377e1}
04-25 03:48:49.856 I/Gecko   (   84): 1398422929867	Marionette	DEBUG	Got request: executeWithCallback, data: {"to":"0","sessionId":"3-b2g","name":"executeAsyncScript","parameters":{"specialPowers":false,"scriptTimeout":null,"newSandbox":true,"args":[],"filename":"gaia_test.py","script":"return GaiaApps.displayedApp();","line":66}}, id: {bef1c473-8e97-4633-aee8-891814b324c7}
04-25 03:48:49.966 I/Gecko   (   84): 1398422929979	Marionette	INFO	sendToClient: {"from":"0","value":{"frame":{"ELEMENT":"{1262c2f1-fcc2-4811-8669-91af54ff58f3}"},"src":"app://homescreen.gaiamobile.org/index.html#root","name":"Homescreen","origin":"app://homescreen.gaiamobile.org"}}, {bef1c473-8e97-4633-aee8-891814b324c7}, {bef1c473-8e97-4633-aee8-891814b324c7}
04-25 03:48:49.966 E/GeckoConsole(   84): Content JS LOG at dummy file:392 in GaiaApps.displayedApp: app with origin 'app://homescreen.gaiamobile.org' is displayed
04-25 03:48:49.976 I/Gecko   (   84): 1398422929990	Marionette	DEBUG	Got request: switchToFrame, data: {"to":"0","sessionId":"3-b2g","name":"switchToFrame","parameters":{"id":null,"focus":true}}, id: {747ab9ed-d513-434e-8c81-a78f92f8295c}
04-25 03:48:49.986 I/Gecko   (   84): 1398422929997	Marionette	INFO	Switched to frame: {"frameValue":null}
04-25 03:48:50.086 I/Gecko   (   84): 1398422930100	Marionette	INFO	sendToClient: {"from":"0","ok":true}, {747ab9ed-d513-434e-8c81-a78f92f8295c}, {747ab9ed-d513-434e-8c81-a78f92f8295c}
04-25 03:48:50.106 I/Gecko   (   84): 1398422930117	Marionette	DEBUG	Got request: switchToFrame, data: {"to":"0","sessionId":"3-b2g","name":"switchToFrame","parameters":{"id":null,"focus":true}}, id: {e61effb7-407b-42f6-93ca-e2045a66a48a}
04-25 03:48:50.116 I/Gecko   (   84): 1398422930128	Marionette	INFO	Switched to frame: {"frameValue":null}
04-25 03:48:50.216 I/Gecko   (   84): 1398422930232	Marionette	INFO	sendToClient: {"from":"0","ok":true}, {e61effb7-407b-42f6-93ca-e2045a66a48a}, {e61effb7-407b-42f6-93ca-e2045a66a48a}
04-25 03:48:50.226 I/Gecko   (   84): 1398422930238	Marionette	DEBUG	Got request: executeWithCallback, data: {"to":"0","sessionId":"3-b2g","name":"executeAsyncScript","parameters":{"specialPowers":false,"scriptTimeout":null,"newSandbox":true,"args":[],"filename":"gaia_test.py","script":"return GaiaApps.displayedApp();","line":66}}, id: {a481f737-4d81-4a00-bcf5-363c70f91380}
04-25 03:48:50.296 E/GeckoConsole(   84): Content JS LOG at dummy file:392 in GaiaApps.displayedApp: app with origin 'app://homescreen.gaiamobile.org' is displayed
04-25 03:48:50.306 I/Gecko   (   84): 1398422930317	Marionette	INFO	sendToClient: {"from":"0","value":{"frame":{"ELEMENT":"{1262c2f1-fcc2-4811-8669-91af54ff58f3}"},"src":"app://homescreen.gaiamobile.org/index.html#root","name":"Homescreen","origin":"app://homescreen.gaiamobile.org"}}, {a481f737-4d81-4a00-bcf5-363c70f91380}, {a481f737-4d81-4a00-bcf5-363c70f91380}
04-25 03:48:50.306 I/Gecko   (   84): 1398422930323	Marionette	DEBUG	Got request: switchToFrame, data: {"to":"0","sessionId":"3-b2g","name":"switchToFrame","parameters":{"focus":true,"element":"{1262c2f1-fcc2-4811-8669-91af54ff58f3}"}}, id: {e53439ce-7f26-4b58-be53-d025ad029594}
04-25 03:48:50.336 I/Gecko   (   84): 1398422930349	Marionette	INFO	Switched to frame: {"frameValue":"{1262c2f1-fcc2-4811-8669-91af54ff58f3}"}
04-25 03:48:50.336 I/Gecko   (   84): 1398422930352	Marionette	INFO	trying remote frame 0
04-25 03:48:50.336 I/Gecko   (   84): 1398422930353	Marionette	INFO	trying remote frame 1
04-25 03:48:50.346 I/Gecko   (   84): 1398422930360	Marionette	INFO	frame-manager load script: [object ChromeMessageSender]
04-25 03:48:51.716 I/Gonk    (   84): Setting nice for pid 1287 to 18
04-25 03:48:51.716 I/Gonk    (   84): Changed nice for pid 1287 from 1 to 18.
04-25 03:48:52.416 I/Gecko   ( 1354): ###################################### forms.js loaded
04-25 03:48:52.476 I/Gecko   ( 1354): ############################### browserElementPanning.js loaded
04-25 03:48:52.486 I/Gecko   (   84): 
04-25 03:48:52.486 I/Gecko   (   84): ###!!! [Parent][MessageChannel] Error: Channel error: cannot send/recv
04-25 03:48:52.486 I/Gecko   (   84): 
04-25 03:48:52.516 I/Gecko   ( 1354): ######################## BrowserElementChildPreload.js loaded
04-25 03:48:52.636 I/Gecko   (   84): [Parent 84] WARNING: waitpid failed pid:1287 errno:10: file ../../../gecko/ipc/chromium/src/base/process_util_posix.cc, line 254
04-25 03:48:52.666 W/WifiHW  (   84): wifi_command: SIGNAL_POLL
04-25 03:48:53.606 I/Gecko   (   84): 1398422933619	Marionette	INFO	sendToClient: {"from":"0","ok":true}, {e53439ce-7f26-4b58-be53-d025ad029594}, {e53439ce-7f26-4b58-be53-d025ad029594}
04-25 03:48:53.856 I/Gecko   (   84): 1398422933873	Marionette	INFO	sendToClient: {"from":"0","value":"app://homescreen.gaiamobile.org/index.html#root"}, {884699f2-e97d-43ce-8e43-53edb59dace0}, {884699f2-e97d-43ce-8e43-53edb59dace0}
04-25 03:48:53.866 I/Gecko   (   84): 1398422933881	Marionette	DEBUG	Got request: switchToFrame, data: {"to":"0","sessionId":"3-b2g","name":"switchToFrame","parameters":{"id":null,"focus":true}}, id: {0aa480a5-e672-4a6b-be21-b15dd963b724}
04-25 03:48:53.886 I/Gecko   (   84): 1398422933899	Marionette	INFO	Switched to frame: {"frameValue":null}
04-25 03:48:53.986 I/Gecko   (   84): 1398422934004	Marionette	INFO	sendToClient: {"from":"0","ok":true}, {0aa480a5-e672-4a6b-be21-b15dd963b724}, {0aa480a5-e672-4a6b-be21-b15dd963b724}
04-25 03:48:53.996 I/Gecko   (   84): 1398422934010	Marionette	DEBUG	Got request: switchToFrame, data: {"to":"0","sessionId":"3-b2g","name":"switchToFrame","parameters":{"id":null,"focus":true}}, id: {46872ff2-d57e-49b2-a282-4c05c58108c5}
04-25 03:48:53.996 I/Gecko   (   84): 1398422934011	Marionette	INFO	Switched to frame: {"frameValue":null}
04-25 03:48:54.096 I/Gecko   (   84): 1398422934115	Marionette	INFO	sendToClient: {"from":"0","ok":true}, {46872ff2-d57e-49b2-a282-4c05c58108c5}, {46872ff2-d57e-49b2-a282-4c05c58108c5}
04-25 03:48:54.106 I/Gecko   (   84): 1398422934121	Marionette	DEBUG	Got request: executeWithCallback, data: {"to":"0","sessionId":"3-b2g","name":"executeAsyncScript","parameters":{"specialPowers":false,"scriptTimeout":null,"newSandbox":true,"args":[],"filename":"gaia_test.py","script":"GaiaApps.killAll()","line":91}}, id: {23f18fb8-392c-45ef-b7b8-a51a1ca1884c}
04-25 03:48:54.556 E/GeckoConsole(   84): Content JS LOG at dummy file:266 in GaiaApps.kill: terminating app with origin 'app://browser.gaiamobile.org'
04-25 03:48:54.556 E/GeckoConsole(   84): Content JS LOG at dummy file:258 in GaiaApps.kill/gt_onAppTerminated/<: app with origin 'app://browser.gaiamobile.org' has terminated
04-25 03:48:54.636 I/Gecko   (   84): [Parent 84] WARNING: waitpid failed pid:1287 errno:10: file ../../../gecko/ipc/chromium/src/base/process_util_posix.cc, line 254
04-25 03:48:54.646 I/Gecko   (   84): [Parent 84] WARNING: Failed to deliver SIGKILL to 1287!(3).: file ../../../gecko/ipc/chromium/src/chrome/common/process_watcher_posix_sigchld.cc, line 118
04-25 03:48:54.966 I/Gecko   (   84): 1398422934976	Marionette	INFO	sendToClient: {"from":"0","value":true}, {23f18fb8-392c-45ef-b7b8-a51a1ca1884c}, {23f18fb8-392c-45ef-b7b8-a51a1ca1884c}
04-25 03:48:54.996 I/Gonk    (   84): Setting nice for pid 1379 to 18
04-25 03:48:54.996 I/Gonk    (   84): Changed nice for pid 1379 from 0 to 18.