--------- beginning of /dev/log/main
04-25 03:25:31.367 I/Gecko   (   84): 1398421531371	Marionette	INFO	sendToClient: {"from":"0","ok":true}, {bb312653-2abd-4295-b7ca-7a258aff4485}, {bb312653-2abd-4295-b7ca-7a258aff4485}
04-25 03:25:31.617 I/Gecko   (   84): 1398421531618	Marionette	DEBUG	Got request: switchToFrame, data: {"to":"0","sessionId":"3-b2g","name":"switchToFrame","parameters":{"id":null,"focus":true}}, id: {76008615-b8fe-4cae-ad0f-fa419b9dc2bf}
04-25 03:25:31.617 I/Gecko   (   84): 1398421531620	Marionette	INFO	Switched to frame: {"frameValue":null}
04-25 03:25:31.717 I/Gecko   (   84): 1398421531723	Marionette	INFO	sendToClient: {"from":"0","ok":true}, {76008615-b8fe-4cae-ad0f-fa419b9dc2bf}, {76008615-b8fe-4cae-ad0f-fa419b9dc2bf}
04-25 03:25:31.727 I/Gecko   (   84): 1398421531728	Marionette	DEBUG	Got request: executeWithCallback, data: {"to":"0","sessionId":"3-b2g","name":"executeAsyncScript","parameters":{"specialPowers":false,"scriptTimeout":null,"newSandbox":true,"args":[],"filename":"gaia_test.py","script":"return GaiaApps.displayedApp();","line":66}}, id: {d1ea16bf-6b38-4809-87a4-01806af3bcab}
04-25 03:25:31.847 I/Gecko   (   84): 1398421531851	Marionette	INFO	sendToClient: {"from":"0","value":{"frame":{"ELEMENT":"{4ec034e9-86eb-427a-896f-a8ea50f99540}"},"src":"app://homescreen.gaiamobile.org/index.html#root","name":"Homescreen","origin":"app://homescreen.gaiamobile.org"}}, {d1ea16bf-6b38-4809-87a4-01806af3bcab}, {d1ea16bf-6b38-4809-87a4-01806af3bcab}
04-25 03:25:31.847 E/GeckoConsole(   84): Content JS LOG at dummy file:392 in GaiaApps.displayedApp: app with origin 'app://homescreen.gaiamobile.org' is displayed
04-25 03:25:31.857 I/Gecko   (   84): 1398421531865	Marionette	DEBUG	Got request: switchToFrame, data: {"to":"0","sessionId":"3-b2g","name":"switchToFrame","parameters":{"id":null,"focus":true}}, id: {8ceed827-0e5e-4b72-b356-5415d42ad71f}
04-25 03:25:31.867 I/Gecko   (   84): 1398421531870	Marionette	INFO	Switched to frame: {"frameValue":null}
04-25 03:25:31.967 I/Gecko   (   84): 1398421531972	Marionette	INFO	sendToClient: {"from":"0","ok":true}, {8ceed827-0e5e-4b72-b356-5415d42ad71f}, {8ceed827-0e5e-4b72-b356-5415d42ad71f}
04-25 03:25:31.977 I/Gecko   (   84): 1398421531978	Marionette	DEBUG	Got request: switchToFrame, data: {"to":"0","sessionId":"3-b2g","name":"switchToFrame","parameters":{"id":null,"focus":true}}, id: {474c842b-66d0-449f-a076-9c7520d68b1e}
04-25 03:25:31.977 I/Gecko   (   84): 1398421531981	Marionette	INFO	Switched to frame: {"frameValue":null}
04-25 03:25:32.087 I/Gecko   (   84): 1398421532092	Marionette	INFO	sendToClient: {"from":"0","ok":true}, {474c842b-66d0-449f-a076-9c7520d68b1e}, {474c842b-66d0-449f-a076-9c7520d68b1e}
04-25 03:25:32.097 I/Gecko   (   84): 1398421532100	Marionette	DEBUG	Got request: executeWithCallback, data: {"to":"0","sessionId":"3-b2g","name":"executeAsyncScript","parameters":{"specialPowers":false,"scriptTimeout":null,"newSandbox":true,"args":[],"filename":"gaia_test.py","script":"return GaiaApps.displayedApp();","line":66}}, id: {5bb64619-986f-4be4-9007-f13e715933a9}
04-25 03:25:32.147 I/Gecko   (   84): 1398421532155	Marionette	INFO	sendToClient: {"from":"0","value":{"frame":{"ELEMENT":"{4ec034e9-86eb-427a-896f-a8ea50f99540}"},"src":"app://homescreen.gaiamobile.org/index.html#root","name":"Homescreen","origin":"app://homescreen.gaiamobile.org"}}, {5bb64619-986f-4be4-9007-f13e715933a9}, {5bb64619-986f-4be4-9007-f13e715933a9}
04-25 03:25:32.147 E/GeckoConsole(   84): Content JS LOG at dummy file:392 in GaiaApps.displayedApp: app with origin 'app://homescreen.gaiamobile.org' is displayed
04-25 03:25:32.157 I/Gecko   (   84): 1398421532166	Marionette	DEBUG	Got request: switchToFrame, data: {"to":"0","sessionId":"3-b2g","name":"switchToFrame","parameters":{"focus":true,"element":"{4ec034e9-86eb-427a-896f-a8ea50f99540}"}}, id: {d8c52b39-d6df-4647-b5c7-9136978c03c2}
04-25 03:25:32.187 I/Gecko   (   84): 1398421532189	Marionette	INFO	Switched to frame: {"frameValue":"{4ec034e9-86eb-427a-896f-a8ea50f99540}"}
04-25 03:25:32.197 I/Gecko   (   84): 1398421532200	Marionette	INFO	trying remote frame 0
04-25 03:25:32.207 E/GeckoConsole( 1962): Content JS ERROR at app://homescreen.gaiamobile.org/gaia_build_defer_index.js:390 in loadSVConfFileError: Failed parsing singleVariant configuration file [js/singlevariantconf.json]:  [Exception... "File error: Not found"  nsresult: "0x80520012 (NS_ERROR_FILE_NOT_FOUND)"  location: "JS frame :: app://homescreen.gaiamobile.org/gaia_build_defer_index.js :: loadFile :: line 382"  data: no]
04-25 03:25:32.207 I/Gecko   (   84): 1398421532211	Marionette	INFO	trying remote frame 1
04-25 03:25:32.207 I/Gecko   (   84): 1398421532212	Marionette	INFO	trying remote frame 2
04-25 03:25:32.217 I/Gecko   (   84): 1398421532218	Marionette	INFO	trying remote frame 3
04-25 03:25:32.217 I/Gecko   (   84): 1398421532219	Marionette	INFO	trying remote frame 4
04-25 03:25:32.327 I/Gecko   (   84): 1398421532328	Marionette	INFO	sendToClient: {"from":"0","ok":true}, {d8c52b39-d6df-4647-b5c7-9136978c03c2}, {d8c52b39-d6df-4647-b5c7-9136978c03c2}
04-25 03:25:32.417 I/Gecko   (   84): 1398421532421	Marionette	INFO	sendToClient: {"from":"0","value":{"ELEMENT":"{e82272cf-4a18-431b-abfb-d8fb172201f4}"}}, {304a941a-1355-4a44-ae6c-ffc62b27b6e5}, {304a941a-1355-4a44-ae6c-ffc62b27b6e5}
04-25 03:25:32.537 E/GeckoConsole( 1962): [JavaScript Warning: "Use of getAttributeNode() is deprecated. Use getAttribute() instead." {file: "chrome://marionette/content/atoms.js" line: 25}]
04-25 03:25:32.537 E/GeckoConsole( 1962): [JavaScript Warning: "Use of attributes' specified attribute is deprecated. It always returns true." {file: "chrome://marionette/content/atoms.js" line: 25}]
04-25 03:25:32.547 I/Gecko   (   84): 1398421532548	Marionette	INFO	sendToClient: {"from":"0","value":"normal"}, {01991e66-f4ae-410a-994d-bd45c99b328a}, {01991e66-f4ae-410a-994d-bd45c99b328a}
04-25 03:25:32.547 I/Gecko   (   84): 1398421532554	Marionette	DEBUG	Got request: switchToFrame, data: {"to":"0","sessionId":"3-b2g","name":"switchToFrame","parameters":{"id":null,"focus":true}}, id: {63fa7970-39e8-45f1-b92d-6ccbda4e4cee}
04-25 03:25:32.557 I/Gecko   (   84): 1398421532567	Marionette	INFO	Switched to frame: {"frameValue":null}
04-25 03:25:32.677 I/Gecko   (   84): 1398421532679	Marionette	INFO	sendToClient: {"from":"0","ok":true}, {63fa7970-39e8-45f1-b92d-6ccbda4e4cee}, {63fa7970-39e8-45f1-b92d-6ccbda4e4cee}
04-25 03:25:32.687 I/Gecko   (   84): 1398421532690	Marionette	DEBUG	Got request: execute, data: {"to":"0","sessionId":"3-b2g","name":"executeScript","parameters":{"specialPowers":false,"scriptTimeout":null,"newSandbox":true,"args":[],"filename":"gaia_test.py","script":"window.wrappedJSObject.dispatchEvent(new Event('home'));","line":788}}, id: {e4e7b596-ff26-42ab-ad9e-ab902c8590c7}
04-25 03:25:32.767 I/Gecko   (   84): 1398421532772	Marionette	INFO	sendToClient: {"from":"0","value":null}, {e4e7b596-ff26-42ab-ad9e-ab902c8590c7}, {e4e7b596-ff26-42ab-ad9e-ab902c8590c7}
04-25 03:25:32.807 I/Gecko   (   84): 1398421532813	Marionette	DEBUG	Got request: switchToFrame, data: {"to":"0","sessionId":"3-b2g","name":"switchToFrame","parameters":{"id":null,"focus":true}}, id: {dc9d5263-429f-4cc2-b83d-7daa049d1026}
04-25 03:25:32.817 I/Gecko   (   84): 1398421532819	Marionette	INFO	Switched to frame: {"frameValue":null}
04-25 03:25:32.917 I/Gecko   (   84): 1398421532921	Marionette	INFO	sendToClient: {"from":"0","ok":true}, {dc9d5263-429f-4cc2-b83d-7daa049d1026}, {dc9d5263-429f-4cc2-b83d-7daa049d1026}
04-25 03:25:32.917 I/Gecko   (   84): 1398421532927	Marionette	DEBUG	Got request: switchToFrame, data: {"to":"0","sessionId":"3-b2g","name":"switchToFrame","parameters":{"id":null,"focus":true}}, id: {3b15becc-7970-4680-84e7-4e7122049ff9}
04-25 03:25:32.927 I/Gecko   (   84): 1398421532929	Marionette	INFO	Switched to frame: {"frameValue":null}
04-25 03:25:33.027 I/Gecko   (   84): 1398421533035	Marionette	INFO	sendToClient: {"from":"0","ok":true}, {3b15becc-7970-4680-84e7-4e7122049ff9}, {3b15becc-7970-4680-84e7-4e7122049ff9}
04-25 03:25:33.037 I/Gecko   (   84): 1398421533041	Marionette	DEBUG	Got request: executeWithCallback, data: {"to":"0","sessionId":"3-b2g","name":"executeAsyncScript","parameters":{"specialPowers":false,"scriptTimeout":null,"newSandbox":true,"args":[],"filename":"gaia_test.py","script":"return GaiaApps.displayedApp();","line":66}}, id: {32d93467-440c-4aa5-be8e-be75f5b57a27}
04-25 03:25:33.147 I/Gecko   (   84): 1398421533151	Marionette	INFO	sendToClient: {"from":"0","value":{"frame":{"ELEMENT":"{4ec034e9-86eb-427a-896f-a8ea50f99540}"},"src":"app://homescreen.gaiamobile.org/index.html#rootFri%20Apr%2025%202014%2003:25:32%20GMT-0700%20(UTC)","name":"Homescreen","origin":"app://homescreen.gaiamobile.org"}}, {32d93467-440c-4aa5-be8e-be75f5b57a27}, {32d93467-440c-4aa5-be8e-be75f5b57a27}
04-25 03:25:33.147 E/GeckoConsole(   84): Content JS LOG at dummy file:392 in GaiaApps.displayedApp: app with origin 'app://homescreen.gaiamobile.org' is displayed
04-25 03:25:33.157 I/Gecko   (   84): 1398421533164	Marionette	DEBUG	Got request: switchToFrame, data: {"to":"0","sessionId":"3-b2g","name":"switchToFrame","parameters":{"focus":true,"element":"{4ec034e9-86eb-427a-896f-a8ea50f99540}"}}, id: {8f51fd63-45e2-4d7e-a68f-4007f11b633f}
04-25 03:25:33.167 I/Gecko   (   84): 1398421533171	Marionette	INFO	Switched to frame: {"frameValue":"{4ec034e9-86eb-427a-896f-a8ea50f99540}"}
04-25 03:25:33.167 I/Gecko   (   84): 1398421533175	Marionette	INFO	trying remote frame 0
04-25 03:25:33.177 I/Gecko   (   84): 1398421533179	Marionette	INFO	trying remote frame 1
04-25 03:25:33.177 I/Gecko   (   84): 1398421533180	Marionette	INFO	trying remote frame 2
04-25 03:25:33.177 I/Gecko   (   84): 1398421533181	Marionette	INFO	trying remote frame 3
04-25 03:25:33.177 I/Gecko   (   84): 1398421533185	Marionette	INFO	trying remote frame 4
04-25 03:25:33.417 I/Gecko   (   84): 1398421533423	Marionette	INFO	sendToClient: {"from":"0","ok":true}, {8f51fd63-45e2-4d7e-a68f-4007f11b633f}, {8f51fd63-45e2-4d7e-a68f-4007f11b633f}
04-25 03:25:33.427 I/Gecko   (   84): 1398421533430	Marionette	DEBUG	Got request: execute, data: {"to":"0","sessionId":"3-b2g","name":"executeScript","parameters":{"specialPowers":false,"scriptTimeout":null,"newSandbox":true,"args":[],"filename":"gaia_test.py","script":"return window.wrappedJSObject.GridManager.pageHelper.getCurrentPageNumber();","line":784}}, id: {92a77472-185c-4ea5-a5f4-c7e350f003c6}
04-25 03:25:33.607 V/AudioPolicyManagerBase(   89): startOutput() output 1, stream 1, session 10
04-25 03:25:33.607 V/AudioPolicyManagerBase(   89): changeRefCount() stream 1, count 1
04-25 03:25:33.607 V/AudioPolicyManagerBase(   89): getDeviceForStrategy() from cache strategy 0, device 2
04-25 03:25:33.607 V/AudioPolicyManagerBase(   89): getNewDevice() selected device 2
04-25 03:25:33.607 D/AudioPolicyManagerBase(   89): setOutputDevice() output 1 device 2 delayMs 0
04-25 03:25:33.607 V/AudioPolicyManagerBase(   89): setOutputDevice() setting same device 2 or null device for output 1
04-25 03:25:33.607 E/AudioPolicyManagerBase(   89): checkAndSetVolume stream=1, index=0, output=1, device=2
04-25 03:25:33.607 E/AudioPolicyManagerBase(   89): computeVolume, streamDesc=0x1b64bb8
04-25 03:25:33.647 W/AudioFlinger(   89): Thread AudioOut_1 cannot connect to the power manager service
04-25 03:25:33.647 V/AudioPolicyManagerBase(   89): stopOutput() output 1, stream 1, session 10
04-25 03:25:33.647 V/AudioPolicyManagerBase(   89): changeRefCount() stream 1, count 0
04-25 03:25:33.647 V/AudioPolicyManagerBase(   89): getNewDevice() selected device 0
04-25 03:25:33.647 D/AudioPolicyManagerBase(   89): setOutputDevice() output 1 device 0 delayMs 290
04-25 03:25:33.647 V/AudioPolicyManagerBase(   89): setOutputDevice() setting same device 0 or null device for output 1
04-25 03:25:33.667 V/AudioPolicyManagerBase(   89): startOutput() output 1, stream 1, session 10
04-25 03:25:33.667 V/AudioPolicyManagerBase(   89): changeRefCount() stream 1, count 1
04-25 03:25:33.667 V/AudioPolicyManagerBase(   89): getDeviceForStrategy() from cache strategy 0, device 2
04-25 03:25:33.667 V/AudioPolicyManagerBase(   89): getNewDevice() selected device 2
04-25 03:25:33.667 D/AudioPolicyManagerBase(   89): setOutputDevice() output 1 device 2 delayMs 0
04-25 03:25:33.667 V/AudioPolicyManagerBase(   89): setOutputDevice() setting same device 2 or null device for output 1
04-25 03:25:33.667 E/AudioPolicyManagerBase(   89): checkAndSetVolume stream=1, index=0, output=1, device=2
04-25 03:25:33.667 E/AudioPolicyManagerBase(   89): computeVolume, streamDesc=0x1b64bb8
04-25 03:25:33.667 V/AudioPolicyManagerBase(   89): stopOutput() output 1, stream 1, session 10
04-25 03:25:33.667 V/AudioPolicyManagerBase(   89): changeRefCount() stream 1, count 0
04-25 03:25:33.667 V/AudioPolicyManagerBase(   89): getNewDevice() selected device 0
04-25 03:25:33.667 D/AudioPolicyManagerBase(   89): setOutputDevice() output 1 device 0 delayMs 290
04-25 03:25:33.667 V/AudioPolicyManagerBase(   89): setOutputDevice() setting same device 0 or null device for output 1
04-25 03:25:33.677 V/AudioPolicyManagerBase(   89): releaseOutput() 1
04-25 03:25:33.837 I/Gecko   (   84): 1398421533842	Marionette	INFO	sendToClient: {"from":"0","value":0}, {92a77472-185c-4ea5-a5f4-c7e350f003c6}, {92a77472-185c-4ea5-a5f4-c7e350f003c6}
04-25 03:25:34.167 I/Gecko   (   84): 1398421534171	Marionette	INFO	sendToClient: {"from":"0","value":["{9f3b3ebc-2138-46fe-80c5-75093f33d813}","{759b48df-3e60-4603-af98-818a456578be}","{4f1941b0-66e0-4c63-8ec5-e3aaea8e1abf}","{b7821f05-2ada-4892-9824-249c94f0bd43}","{6346049f-f95c-425a-91ed-b11d9ec92271}","{9340a7f5-e32e-44f6-92fa-6db9926e12f1}","{1a35dffd-f336-41c7-829d-7bb2ddebea9f}","{f4ed06dc-f904-46a1-bb71-6e5f9fe53d49}","{d53c5d9c-23b6-48a6-89c8-a62995d38941}","{a947c40b-d489-4c0b-9786-3e64f7ae5852}","{c6131f1f-db86-433e-955e-2e1e879bea02}","{52f776e8-c985-4822-ad5c-fe9730ae698a}","{c940122b-3e98-48e5-aa1f-b446552d19fb}","{77400038-eb01-42f6-a095-0b876edcd16d}","{eb3bdaba-9772-475b-b696-f42e4c8f9181}","{503ff798-dfb8-4b36-af19-9fdab6073b89}","{2c274962-9f30-4bb6-a79b-0f90428c1a03}","{74b4f95b-fc02-4fe4-b6cf-8ba9b9bb3bcd}","{113c0cd8-a436-4cd7-b0d2-7a0f91e73584}","{9c5abe73-7911-411a-9796-0cbec050faf1}","{ee662e81-25aa-45c0-9236-6cc8d4876815}","{2bffa79e-edfb-423f-a6d1-b69dfbac6151}","{efe4417d-37cb-4304-9b01-edd1a033cd62}","{6295ac74-5cdd
04-25 03:25:34.417 I/Gecko   (   84): 1398421534421	Marionette	INFO	sendToClient: {"from":"0","value":"app://homescreen.gaiamobile.org/index.html#rootFri%20Apr%2025%202014%2003:25:32%20GMT-0700%20(UTC)"}, {d083ffda-9532-4b92-b250-909bfe38966a}, {d083ffda-9532-4b92-b250-909bfe38966a}
04-25 03:25:34.417 I/Gecko   (   84): 1398421534427	Marionette	DEBUG	Got request: switchToFrame, data: {"to":"0","sessionId":"3-b2g","name":"switchToFrame","parameters":{"id":null,"focus":true}}, id: {ec721b62-530d-4e04-8202-da476965912d}
04-25 03:25:34.447 I/Gecko   (   84): 1398421534449	Marionette	INFO	Switched to frame: {"frameValue":null}
04-25 03:25:34.547 I/Gecko   (   84): 1398421534555	Marionette	INFO	sendToClient: {"from":"0","ok":true}, {ec721b62-530d-4e04-8202-da476965912d}, {ec721b62-530d-4e04-8202-da476965912d}
04-25 03:25:34.557 I/Gecko   (   84): 1398421534560	Marionette	DEBUG	Got request: switchToFrame, data: {"to":"0","sessionId":"3-b2g","name":"switchToFrame","parameters":{"id":null,"focus":true}}, id: {b71ee09d-d8e1-40cb-b448-a12f430a4519}
04-25 03:25:34.557 I/Gecko   (   84): 1398421534562	Marionette	INFO	Switched to frame: {"frameValue":null}
04-25 03:25:34.677 W/WifiHW  (   84): wifi_command: SIGNAL_POLL
04-25 03:25:34.737 I/Gecko   (   84): 1398421534738	Marionette	INFO	sendToClient: {"from":"0","ok":true}, {b71ee09d-d8e1-40cb-b448-a12f430a4519}, {b71ee09d-d8e1-40cb-b448-a12f430a4519}
04-25 03:25:34.807 I/Gecko   (   84): 1398421534816	Marionette	DEBUG	Got request: executeWithCallback, data: {"to":"0","sessionId":"3-b2g","name":"executeAsyncScript","parameters":{"specialPowers":false,"scriptTimeout":30000,"newSandbox":true,"args":[],"filename":"app_checker.py","script":"GaiaApps.launchWithManifestURL('https://marketplace.firefox.com/app/9242d2d7-45d9-4e71-9112-a10d3761849b/manifest.webapp')","line":106}}, id: {dc40b8ab-8d71-4756-aab4-0c66601645dd}
04-25 03:25:34.917 E/GeckoConsole(   84): Content JS LOG at dummy file:334 in GaiaApps.launch: launching app with name 'Chistes PRO'
04-25 03:25:34.957 I/Gonk    (   84): Setting nice for pid 1981 to 18
04-25 03:25:34.957 I/Gonk    (   84): Changed nice for pid 1981 from 0 to 18.
04-25 03:25:34.957 I/Gecko   (   84): [Parent 84] WARNING: waitpid failed pid:1981 errno:10: file ../../../gecko/ipc/chromium/src/base/process_util_posix.cc, line 254
04-25 03:25:34.977 I/Gonk    (   84): Setting nice for pid 1981 to 1
04-25 03:25:34.977 I/Gonk    (   84): Changed nice for pid 1981 from 18 to 1.
04-25 03:25:35.217 E/[Gralloc-ERROR](   84): int gralloc_register_buffer(const gralloc_module_t*, const native_handle_t*):79 Unable to register handle 0x450572e0 coming from different process: 84
04-25 03:25:35.237 E/[Gralloc-ERROR](   84): int gralloc_register_buffer(const gralloc_module_t*, const native_handle_t*):79 Unable to register handle 0x4508f830 coming from different process: 84
04-25 03:25:35.237 E/[Gralloc-ERROR](   84): int gralloc_register_buffer(const gralloc_module_t*, const native_handle_t*):79 Unable to register handle 0x4508fab0 coming from different process: 84
04-25 03:25:35.247 E/[Gralloc-ERROR](   84): int gralloc_register_buffer(const gralloc_module_t*, const native_handle_t*):79 Unable to register handle 0x4508fc40 coming from different process: 84
04-25 03:25:35.287 D/Sensors (   84): activate handle=0; drv=0
04-25 03:25:35.287 D/Sensors (   84): Lis3dhSensor: Control set 1
04-25 03:25:35.287 D/Sensors (   84): Lis3dhSensor: mEnabled = 1
04-25 03:25:35.447 I/Gonk    (   84): Setting nice for pid 1962 to 18
04-25 03:25:35.447 I/Gonk    (   84): Changed nice for pid 1962 from 1 to 18.
04-25 03:25:36.367 I/Gecko   (   84): [Parent 84] WARNING: pipe error (100): Connection reset by peer: file ../../../gecko/ipc/chromium/src/chrome/common/ipc_channel_posix.cc, line 446
04-25 03:25:36.377 I/Gecko   (   84): 
04-25 03:25:36.377 I/Gecko   (   84): ###!!! [Parent][MessageChannel] Error: Channel error: cannot send/recv
04-25 03:25:36.377 I/Gecko   (   84): 
04-25 03:25:36.467 I/Gecko   (   84): [Parent 84] WARNING: waitpid failed pid:1962 errno:10: file ../../../gecko/ipc/chromium/src/base/process_util_posix.cc, line 254
04-25 03:25:36.667 E/GeckoConsole( 1981): [JavaScript Warning: "Expected end of selector or a user action pseudo-class after pseudo-element but found ':'.  Ruleset ignored due to bad selector." {file: "app://{e4a76d88-186a-422a-b972-ee951e8d1140}/icons/styles/media_icons.css" line: 83 column: 25 source: ".media-artistfilter:after:before { background-position:  -0px -575px; }"}]
04-25 03:25:38.467 I/Gecko   (   84): [Parent 84] WARNING: waitpid failed pid:1962 errno:10: file ../../../gecko/ipc/chromium/src/base/process_util_posix.cc, line 254
04-25 03:25:38.467 I/Gecko   (   84): [Parent 84] WARNING: Failed to deliver SIGKILL to 1962!(3).: file ../../../gecko/ipc/chromium/src/chrome/common/process_watcher_posix_sigchld.cc, line 118
04-25 03:25:39.577 I/Gonk    (   84): Setting nice for pid 1975 to 18
04-25 03:25:39.577 I/Gonk    (   84): Changed nice for pid 1975 from 0 to 18.
04-25 03:25:39.597 I/Gecko   (   84): [Parent 84] WARNING: waitpid failed pid:1975 errno:10: file ../../../gecko/ipc/chromium/src/base/process_util_posix.cc, line 254
04-25 03:25:39.627 I/Gonk    (   84): Setting nice for pid 1975 to 1
04-25 03:25:39.627 I/Gonk    (   84): Changed nice for pid 1975 from 18 to 1.
04-25 03:25:39.637 I/Gonk    (   84): Setting nice for pid 1975 to 18
04-25 03:25:39.637 I/Gonk    (   84): Changed nice for pid 1975 from 1 to 18.
04-25 03:25:39.927 I/log     ( 2065): <4>0[ 633.229870] select 1975 ((Preallocated a), adj 8, size 4041, to kill 
04-25 03:25:40.257 W/WifiHW  (   84): wifi_command: SIGNAL_POLL
04-25 03:25:40.277 E/GeckoConsole(   84): Content JS LOG at dummy file:326 in GaiaApps.launch/appOpen/<: app with origin 'app://{e4a76d88-186a-422a-b972-ee951e8d1140}' has launched
04-25 03:25:40.307 I/Gecko   (   84): 1398421540300	Marionette	INFO	sendToClient: {"from":"0","value":{"frame":{"ELEMENT":"{a9d89936-43f5-4842-be32-740488e67478}"},"src":"app://{e4a76d88-186a-422a-b972-ee951e8d1140}/app.html","name":"Chistes PRO","origin":"app://{e4a76d88-186a-422a-b972-ee951e8d1140}"}}, {dc40b8ab-8d71-4756-aab4-0c66601645dd}, {dc40b8ab-8d71-4756-aab4-0c66601645dd}
04-25 03:25:40.397 I/Gonk    (   84): Setting nice for pid 2066 to 18
04-25 03:25:40.397 I/Gonk    (   84): Changed nice for pid 2066 from 0 to 18.
04-25 03:25:40.417 E/[Gralloc-ERROR](   84): int gralloc_unregister_buffer(const gralloc_module_t*, const native_handle_t*):274 Trying to unregister buffer 0x450572e0 from process 84 that was not created in current process: 84
04-25 03:25:40.417 E/[Gralloc-ERROR](   84): int gralloc_unregister_buffer(const gralloc_module_t*, const native_handle_t*):274 Trying to unregister buffer 0x4508f830 from process 84 that was not created in current process: 84
04-25 03:25:40.427 E/[Gralloc-ERROR](   84): int gralloc_unregister_buffer(const gralloc_module_t*, const native_handle_t*):274 Trying to unregister buffer 0x4508fc40 from process 84 that was not created in current process: 84
04-25 03:25:40.427 E/[Gralloc-ERROR](   84): int gralloc_unregister_buffer(const gralloc_module_t*, const native_handle_t*):274 Trying to unregister buffer 0x4508fab0 from process 84 that was not created in current process: 84
04-25 03:25:40.487 I/Gecko   (   84): 1398421540497	Marionette	DEBUG	Got request: switchToFrame, data: {"to":"0","sessionId":"3-b2g","name":"switchToFrame","parameters":{"focus":true,"element":"{a9d89936-43f5-4842-be32-740488e67478}"}}, id: {59b7ed7e-6992-46b4-86e4-e3f9695e97e4}
04-25 03:25:40.507 I/Gecko   (   84): 1398421540509	Marionette	INFO	Switched to frame: {"frameValue":"{a9d89936-43f5-4842-be32-740488e67478}"}
04-25 03:25:40.517 I/Gecko   (   84): 1398421540523	Marionette	INFO	trying remote frame 0
04-25 03:25:40.517 I/Gecko   (   84): 1398421540525	Marionette	INFO	trying remote frame 1
04-25 03:25:40.517 I/Gecko   (   84): 1398421540526	Marionette	INFO	trying remote frame 2
04-25 03:25:40.527 I/Gecko   (   84): 1398421540527	Marionette	INFO	trying remote frame 3
04-25 03:25:40.527 I/Gecko   (   84): 1398421540528	Marionette	INFO	trying remote frame 4
04-25 03:25:40.527 I/Gecko   (   84): 1398421540530	Marionette	INFO	deleting frame
04-25 03:25:40.527 I/Gecko   (   84): 1398421540536	Marionette	INFO	frame-manager load script: [object ChromeMessageSender]
04-25 03:25:40.817 I/Gecko   (   84): [Parent 84] WARNING: pipe error (105): Connection reset by peer: file ../../../gecko/ipc/chromium/src/chrome/common/ipc_channel_posix.cc, line 446
04-25 03:25:40.817 I/Gecko   (   84): 
04-25 03:25:40.817 I/Gecko   (   84): ###!!! [Parent][MessageChannel] Error: Channel error: cannot send/recv
04-25 03:25:40.817 I/Gecko   (   84): 
04-25 03:25:40.947 I/Gecko   (   84): [Parent 84] WARNING: waitpid failed pid:1975 errno:10: file ../../../gecko/ipc/chromium/src/base/process_util_posix.cc, line 254
04-25 03:25:41.537 I/Gecko   (   84): 1398421541535	Marionette	INFO	sendToClient: {"from":"0","ok":true}, {59b7ed7e-6992-46b4-86e4-e3f9695e97e4}, {59b7ed7e-6992-46b4-86e4-e3f9695e97e4}
04-25 03:25:41.737 I/Gecko   (   84): 1398421541743	Marionette	INFO	sendToClient: {"from":"0","value":"app://{e4a76d88-186a-422a-b972-ee951e8d1140}/app.html"}, {60d730a5-a0cb-42a2-ae58-3ee60d4bcb73}, {60d730a5-a0cb-42a2-ae58-3ee60d4bcb73}
04-25 03:25:41.747 I/Gecko   (   84): 1398421541754	Marionette	DEBUG	Got request: execute, data: {"to":"0","sessionId":"3-b2g","name":"executeScript","parameters":{"specialPowers":false,"scriptTimeout":null,"newSandbox":true,"args":[],"filename":"app_checker.py","script":"return window.document.readyState;","line":191}}, id: {4b2b726d-8efd-47a1-a226-2bd24279a438}
04-25 03:25:41.847 I/Gecko   (   84): 1398421541852	Marionette	INFO	sendToClient: {"from":"0","value":"complete"}, {4b2b726d-8efd-47a1-a226-2bd24279a438}, {4b2b726d-8efd-47a1-a226-2bd24279a438}
04-25 03:25:41.857 I/Gecko   (   84): 1398421541861	Marionette	INFO	sendToClient: {"from":"0","value":"app://{e4a76d88-186a-422a-b972-ee951e8d1140}/app.html"}, {8d4cc493-b08f-4ef2-b71b-f81b70c839bb}, {8d4cc493-b08f-4ef2-b71b-f81b70c839bb}
04-25 03:25:41.867 I/Gecko   ( 1981): Attempting load of libEGL.so
04-25 03:25:41.977 D/libEGL  ( 1981): loaded /system/lib/egl/libEGL_mali.so
04-25 03:25:42.017 D/libEGL  ( 1981): loaded /system/lib/egl/libGLESv1_CM_mali.so
04-25 03:25:42.027 D/libEGL  ( 1981): loaded /system/lib/egl/libGLESv2_mali.so
04-25 03:25:42.077 I/Gecko   ( 1981): SharedSurface_Gralloc::Create -------
04-25 03:25:42.097 I/Gecko   ( 1981): SharedSurface_Gralloc::Create: success -- surface 0x43cc6600, GraphicBuffer 0x449e4600.
04-25 03:25:42.947 I/Gecko   (   84): [Parent 84] WARNING: waitpid failed pid:1975 errno:10: file ../../../gecko/ipc/chromium/src/base/process_util_posix.cc, line 254
04-25 03:25:42.947 I/Gecko   (   84): [Parent 84] WARNING: Failed to deliver SIGKILL to 1975!(3).: file ../../../gecko/ipc/chromium/src/chrome/common/process_watcher_posix_sigchld.cc, line 118
04-25 03:25:43.407 I/Gecko   (   84): 1398421543383	Marionette	INFO	sendToClient: {"from":"0","value":"iVBORw0KGgoAAAANSUhEUgAAAUAAAAHMCAYAAACk4nEJAAAgAElEQVR4nOxdZ1gUVxceOmqwYuxir6hY6FWU3rYBuxRL7EZEBRVUOtKkg6AgRezdKPbeYouxRo1G/WIJxl4RUHi/H2Qnu7LszLILapj3ec6j3L3nnlvOvHP7EGDAgAGDRgriS2eAAQMGDL4UGAJkwIBBowVDgAwYMGi0YAiQAQMGjRYMATJgwKDRgiFABgwYNFowBMiAAYNGC4YAGTBg0GjBECADBgwaLRgCZMCAQaMFQ4AMGDBotGAIkAEDBo0WDAEyYMCg0YIhQAYMGDRaMATIgAGDRguGABkwYNBowRAgAwYMGi0YAmTAgEGjBUOADBgwaLSoVwKcO3cutLS0oKGhAWVlZRAEISaqqqpo0qQJvv/+exQVFdXJxrNnz+Do6IiWLVvWkICAAFRWVkrVLy0txdixYyXqCwQCPH/+XKp+ZWUlAgICJOo7OTnh2bNndSrX0aNH0atXLzRt2hSqqqo16k5JSQlqamrQ0tKCp6cn3r17Rzvt1q1bS8yvPDJ06FCJtu7fvw97e3u50jY2Npap7t69eweBQAAtLS2oq6tDSUmpVt/T1tbG3r17ZUq/rvj48SOmT58uU9lNTEwQHR2Nu3fv1tnu+fPnYWFhIZNdJycnrFixQoGl/xfh4eFo0aIFNDU1oaKiUmvbtGrVChkZGfWSByEUToDh4eESH1i60qRJE9y6dYuWrWvXrtFKUxoJ0tF/8OCBRN2Kigpa+vfv36dVntLSUrRu3brOdaekpAQLCwupNoYNG1bn9Klk165dYrb27t2rsLTPnTtHWX8CgUDii5auNG3aFE+ePKHVVrLi3bt3CqkHVVVVODs707YbEBCgELtNmjTBmjVr6lz+/Px8qKmp1dm+hoYGzp8/X2f7tUGhBChPAT+X7t27U9orLi6mldbbt2
04-25 03:25:44.677 I/Gecko   ( 1981): [SharedSurface_Gralloc 0x43cc6600] destroyed
04-25 03:25:45.567 W/WifiHW  (   84): wifi_command: SIGNAL_POLL
04-25 03:25:45.817 I/Gecko   (   84): 1398421545818	Marionette	INFO	sendToClient: {"from":"0","ok":true}, {c22c6e56-8293-40af-b91d-8cf3f43a592d}, {c22c6e56-8293-40af-b91d-8cf3f43a592d}
04-25 03:25:45.817 I/Gecko   (   84): 1398421545825	Marionette	DEBUG	Got request: switchToFrame, data: {"to":"0","sessionId":"3-b2g","name":"switchToFrame","parameters":{"id":null,"focus":true}}, id: {e567a519-3280-4ebb-b193-f0057dfb9dcf}
04-25 03:25:45.837 I/Gecko   (   84): 1398421545841	Marionette	INFO	Switched to frame: {"frameValue":null}
04-25 03:25:45.947 I/Gecko   (   84): 1398421545949	Marionette	INFO	sendToClient: {"from":"0","ok":true}, {e567a519-3280-4ebb-b193-f0057dfb9dcf}, {e567a519-3280-4ebb-b193-f0057dfb9dcf}
04-25 03:25:45.947 I/Gecko   (   84): 1398421545954	Marionette	DEBUG	Got request: executeWithCallback, data: {"to":"0","sessionId":"3-b2g","name":"executeAsyncScript","parameters":{"specialPowers":false,"scriptTimeout":null,"newSandbox":true,"args":[],"filename":"gaia_test.py","script":"return GaiaApps.displayedApp();","line":66}}, id: {2d8ed8b0-6316-4e70-890c-ac9b27fb3f3a}
04-25 03:25:45.997 I/Gecko   (   84): 1398421546007	Marionette	INFO	sendToClient: {"from":"0","value":{"frame":{"ELEMENT":"{a9d89936-43f5-4842-be32-740488e67478}"},"src":"app://{e4a76d88-186a-422a-b972-ee951e8d1140}/app.html","name":"Chistes PRO","origin":"app://{e4a76d88-186a-422a-b972-ee951e8d1140}"}}, {2d8ed8b0-6316-4e70-890c-ac9b27fb3f3a}, {2d8ed8b0-6316-4e70-890c-ac9b27fb3f3a}
04-25 03:25:46.007 I/Gecko   (   84): 1398421546014	Marionette	DEBUG	Got request: switchToFrame, data: {"to":"0","sessionId":"3-b2g","name":"switchToFrame","parameters":{"id":null,"focus":true}}, id: {60f81639-222b-421f-bf24-c20df1d8b17b}
04-25 03:25:46.007 I/Gecko   (   84): 1398421546016	Marionette	INFO	Switched to frame: {"frameValue":null}
04-25 03:25:46.017 E/GeckoConsole(   84): Content JS LOG at dummy file:392 in GaiaApps.displayedApp: app with origin 'app://{e4a76d88-186a-422a-b972-ee951e8d1140}' is displayed
04-25 03:25:46.117 I/Gecko   (   84): 1398421546120	Marionette	INFO	sendToClient: {"from":"0","ok":true}, {60f81639-222b-421f-bf24-c20df1d8b17b}, {60f81639-222b-421f-bf24-c20df1d8b17b}
04-25 03:25:46.127 I/Gecko   (   84): 1398421546129	Marionette	DEBUG	Got request: execute, data: {"to":"0","sessionId":"3-b2g","name":"executeScript","parameters":{"specialPowers":false,"scriptTimeout":null,"newSandbox":true,"args":[],"filename":"gaia_test.py","script":"window.wrappedJSObject.dispatchEvent(new Event('home'));","line":788}}, id: {87004a53-5e8c-4dc8-9ce7-bde07358b2e8}
04-25 03:25:46.357 I/Gonk    (   84): Setting nice for pid 2066 to 18
04-25 03:25:46.357 I/Gonk    (   84): Changed nice for pid 2066 from 18 to 18.
04-25 03:25:46.357 I/Gecko   (   84): [Parent 84] WARNING: waitpid failed pid:2066 errno:10: file ../../../gecko/ipc/chromium/src/base/process_util_posix.cc, line 254
04-25 03:25:46.387 I/Gonk    (   84): Setting nice for pid 2066 to 1
04-25 03:25:46.387 I/Gonk    (   84): Changed nice for pid 2066 from 18 to 1.
04-25 03:25:46.427 D/Sensors (   84): activate handle=0; drv=0
04-25 03:25:46.427 D/Sensors (   84): Lis3dhSensor: Control set 0
04-25 03:25:46.427 D/Sensors (   84): Lis3dhSensor: mEnabled = 0
04-25 03:25:46.577 I/Gecko   (   84): 1398421546582	Marionette	INFO	sendToClient: {"from":"0","value":null}, {87004a53-5e8c-4dc8-9ce7-bde07358b2e8}, {87004a53-5e8c-4dc8-9ce7-bde07358b2e8}
04-25 03:25:46.617 I/Gecko   (   84): 1398421546627	Marionette	DEBUG	Got request: switchToFrame, data: {"to":"0","sessionId":"3-b2g","name":"switchToFrame","parameters":{"id":null,"focus":true}}, id: {f70c77e2-51b0-4473-8b3c-32bc5c74659e}
04-25 03:25:46.627 I/Gecko   (   84): 1398421546629	Marionette	INFO	Switched to frame: {"frameValue":null}
04-25 03:25:46.727 I/Gecko   (   84): 1398421546735	Marionette	INFO	sendToClient: {"from":"0","ok":true}, {f70c77e2-51b0-4473-8b3c-32bc5c74659e}, {f70c77e2-51b0-4473-8b3c-32bc5c74659e}
04-25 03:25:46.737 I/Gecko   (   84): 1398421546741	Marionette	DEBUG	Got request: executeWithCallback, data: {"to":"0","sessionId":"3-b2g","name":"executeAsyncScript","parameters":{"specialPowers":false,"scriptTimeout":null,"newSandbox":true,"args":[],"filename":"gaia_test.py","script":"return GaiaApps.displayedApp();","line":66}}, id: {b327462f-41b9-43cb-92f6-ab1a97c2dfd5}
04-25 03:25:46.797 E/GeckoConsole(   84): Content JS LOG at dummy file:392 in GaiaApps.displayedApp: app with origin 'app://homescreen.gaiamobile.org' is displayed
04-25 03:25:46.797 I/Gecko   (   84): 1398421546805	Marionette	INFO	sendToClient: {"from":"0","value":{"frame":{"ELEMENT":"{c9890a23-6be0-4c4a-b90f-33f751e8b46b}"},"src":"app://homescreen.gaiamobile.org/index.html#root","name":"Homescreen","origin":"app://homescreen.gaiamobile.org"}}, {b327462f-41b9-43cb-92f6-ab1a97c2dfd5}, {b327462f-41b9-43cb-92f6-ab1a97c2dfd5}
04-25 03:25:46.807 I/Gecko   (   84): 1398421546811	Marionette	DEBUG	Got request: switchToFrame, data: {"to":"0","sessionId":"3-b2g","name":"switchToFrame","parameters":{"id":null,"focus":true}}, id: {69e109cd-eef6-420b-a21d-e7cd4c60b592}
04-25 03:25:46.807 I/Gecko   (   84): 1398421546813	Marionette	INFO	Switched to frame: {"frameValue":null}
04-25 03:25:46.907 I/Gecko   (   84): 1398421546915	Marionette	INFO	sendToClient: {"from":"0","ok":true}, {69e109cd-eef6-420b-a21d-e7cd4c60b592}, {69e109cd-eef6-420b-a21d-e7cd4c60b592}
04-25 03:25:46.917 I/Gecko   (   84): 1398421546921	Marionette	DEBUG	Got request: switchToFrame, data: {"to":"0","sessionId":"3-b2g","name":"switchToFrame","parameters":{"id":null,"focus":true}}, id: {ab39d94e-9f56-45ff-8b1b-fccb4bd1cc1a}
04-25 03:25:46.937 I/Gecko   (   84): 1398421546940	Marionette	INFO	Switched to frame: {"frameValue":null}
04-25 03:25:47.047 I/Gecko   (   84): 1398421547050	Marionette	INFO	sendToClient: {"from":"0","ok":true}, {ab39d94e-9f56-45ff-8b1b-fccb4bd1cc1a}, {ab39d94e-9f56-45ff-8b1b-fccb4bd1cc1a}
04-25 03:25:47.047 I/Gecko   (   84): 1398421547056	Marionette	DEBUG	Got request: executeWithCallback, data: {"to":"0","sessionId":"3-b2g","name":"executeAsyncScript","parameters":{"specialPowers":false,"scriptTimeout":null,"newSandbox":true,"args":[],"filename":"gaia_test.py","script":"return GaiaApps.displayedApp();","line":66}}, id: {8b43fd13-3e7d-4ef1-b655-8b72a97ae0cb}
04-25 03:25:47.127 E/GeckoConsole(   84): Content JS LOG at dummy file:392 in GaiaApps.displayedApp: app with origin 'app://homescreen.gaiamobile.org' is displayed
04-25 03:25:47.127 I/Gecko   (   84): 1398421547134	Marionette	INFO	sendToClient: {"from":"0","value":{"frame":{"ELEMENT":"{c9890a23-6be0-4c4a-b90f-33f751e8b46b}"},"src":"app://homescreen.gaiamobile.org/index.html#root","name":"Homescreen","origin":"app://homescreen.gaiamobile.org"}}, {8b43fd13-3e7d-4ef1-b655-8b72a97ae0cb}, {8b43fd13-3e7d-4ef1-b655-8b72a97ae0cb}
04-25 03:25:47.137 I/Gecko   (   84): 1398421547141	Marionette	DEBUG	Got request: switchToFrame, data: {"to":"0","sessionId":"3-b2g","name":"switchToFrame","parameters":{"focus":true,"element":"{c9890a23-6be0-4c4a-b90f-33f751e8b46b}"}}, id: {ac7a16f0-e5a8-47f0-b9db-c42878691ec8}
04-25 03:25:47.177 I/Gecko   (   84): 1398421547178	Marionette	INFO	Switched to frame: {"frameValue":"{c9890a23-6be0-4c4a-b90f-33f751e8b46b}"}
04-25 03:25:47.177 I/Gecko   (   84): 1398421547180	Marionette	INFO	trying remote frame 0
04-25 03:25:47.187 I/Gecko   (   84): 1398421547196	Marionette	INFO	trying remote frame 1
04-25 03:25:47.207 I/Gecko   (   84): 1398421547208	Marionette	INFO	trying remote frame 2
04-25 03:25:47.207 I/Gecko   (   84): 1398421547209	Marionette	INFO	trying remote frame 3
04-25 03:25:47.207 I/Gecko   (   84): 1398421547210	Marionette	INFO	trying remote frame 4
04-25 03:25:47.217 I/Gecko   (   84): 1398421547218	Marionette	INFO	frame-manager load script: [object ChromeMessageSender]
04-25 03:25:48.417 I/Gonk    (   84): Setting nice for pid 1981 to 18
04-25 03:25:48.417 I/Gonk    (   84): Changed nice for pid 1981 from 1 to 18.
04-25 03:25:48.467 I/GonkMemoryPressure( 2066): Checking to see if memory pressure is over.
04-25 03:25:48.467 I/GonkMemoryPressure( 1981): Checking to see if memory pressure is over.
04-25 03:25:48.467 I/GonkMemoryPressure(   84): Checking to see if memory pressure is over.
04-25 03:25:48.467 I/GonkMemoryPressure(   84): Memory pressure is over.
04-25 03:25:48.477 I/GonkMemoryPressure( 2066): Memory pressure is over.
04-25 03:25:48.537 I/GonkMemoryPressure( 1981): Memory pressure is over.
04-25 03:25:48.967 I/Gecko   ( 2066): ###################################### forms.js loaded
04-25 03:25:49.027 I/Gecko   ( 2066): ############################### browserElementPanning.js loaded
04-25 03:25:49.047 I/Gecko   ( 2066): ######################## BrowserElementChildPreload.js loaded
04-25 03:25:49.687 I/Gecko   (   84): 
04-25 03:25:49.687 I/Gecko   (   84): ###!!! [Parent][MessageChannel] Error: Channel error: cannot send/recv
04-25 03:25:49.687 I/Gecko   (   84): 
04-25 03:25:49.777 I/Gecko   (   84): [Parent 84] WARNING: waitpid failed pid:1981 errno:10: file ../../../gecko/ipc/chromium/src/base/process_util_posix.cc, line 254
04-25 03:25:50.577 I/Gecko   (   84): 1398421550581	Marionette	INFO	sendToClient: {"from":"0","ok":true}, {ac7a16f0-e5a8-47f0-b9db-c42878691ec8}, {ac7a16f0-e5a8-47f0-b9db-c42878691ec8}
04-25 03:25:50.647 W/WifiHW  (   84): wifi_command: SIGNAL_POLL
04-25 03:25:50.927 I/Gecko   (   84): 1398421550931	Marionette	INFO	sendToClient: {"from":"0","value":"app://homescreen.gaiamobile.org/index.html#root"}, {9917037d-f971-40d4-8bfd-bf85fbc6d7cc}, {9917037d-f971-40d4-8bfd-bf85fbc6d7cc}
04-25 03:25:50.927 I/Gecko   (   84): 1398421550937	Marionette	DEBUG	Got request: switchToFrame, data: {"to":"0","sessionId":"3-b2g","name":"switchToFrame","parameters":{"id":null,"focus":true}}, id: {6c36244a-ba6c-4aae-ac30-b182d025c021}
04-25 03:25:50.957 I/Gecko   (   84): 1398421550959	Marionette	INFO	Switched to frame: {"frameValue":null}
04-25 03:25:51.057 I/Gecko   (   84): 1398421551064	Marionette	INFO	sendToClient: {"from":"0","ok":true}, {6c36244a-ba6c-4aae-ac30-b182d025c021}, {6c36244a-ba6c-4aae-ac30-b182d025c021}
04-25 03:25:51.067 I/Gecko   (   84): 1398421551070	Marionette	DEBUG	Got request: switchToFrame, data: {"to":"0","sessionId":"3-b2g","name":"switchToFrame","parameters":{"id":null,"focus":true}}, id: {0b288fd1-6ddd-4240-9ef2-043147a1b4d2}
04-25 03:25:51.067 I/Gecko   (   84): 1398421551071	Marionette	INFO	Switched to frame: {"frameValue":null}
04-25 03:25:51.177 I/Gecko   (   84): 1398421551180	Marionette	INFO	sendToClient: {"from":"0","ok":true}, {0b288fd1-6ddd-4240-9ef2-043147a1b4d2}, {0b288fd1-6ddd-4240-9ef2-043147a1b4d2}
04-25 03:25:51.177 I/Gecko   (   84): 1398421551185	Marionette	DEBUG	Got request: executeWithCallback, data: {"to":"0","sessionId":"3-b2g","name":"executeAsyncScript","parameters":{"specialPowers":false,"scriptTimeout":null,"newSandbox":true,"args":[],"filename":"gaia_test.py","script":"GaiaApps.killAll()","line":91}}, id: {bbb36d1a-42fb-4e68-baf7-90a4bbf5c18b}
04-25 03:25:51.267 I/Gecko   (   84): 1398421551272	Marionette	INFO	sendToClient: {"from":"0","value":true}, {bbb36d1a-42fb-4e68-baf7-90a4bbf5c18b}, {bbb36d1a-42fb-4e68-baf7-90a4bbf5c18b}
04-25 03:25:51.277 I/Gecko   (   84): 1398421551283	Marionette	DEBUG	Got request: switchToFrame, data: {"to":"0","sessionId":"3-b2g","name":"switchToFrame","parameters":{"id":null,"focus":true}}, id: {c2498a3f-6413-4dba-935f-1bd7ac3066c7}
04-25 03:25:51.287 I/Gecko   (   84): 1398421551289	Marionette	INFO	Switched to frame: {"frameValue":null}
04-25 03:25:51.387 I/Gecko   (   84): 1398421551393	Marionette	INFO	sendToClient: {"from":"0","ok":true}, {c2498a3f-6413-4dba-935f-1bd7ac3066c7}, {c2498a3f-6413-4dba-935f-1bd7ac3066c7}
04-25 03:25:51.397 I/Gecko   (   84): 1398421551399	Marionette	DEBUG	Got request: executeWithCallback, data: {"to":"0","sessionId":"3-b2g","name":"executeAsyncScript","parameters":{"specialPowers":false,"scriptTimeout":60000,"newSandbox":true,"args":[],"filename":"app_checker.py","script":"\n        GaiaApps.locateWithManifestURL('https://marketplace.firefox.com/app/9242d2d7-45d9-4e71-9112-a10d3761849b/manifest.webapp',\n                                       null,\n                                       function uninstall(app) {\n                                       navigator.mozApps.mgmt.uninstall(app);\n                                       marionetteScriptFinished(true);\n                                       });\n        ","line":129}}, id: {54c8f59f-13c9-4ebc-b4a7-7d2aec75af83}
04-25 03:25:51.477 I/Gecko   (   84): -- webapps.js uninstall https://marketplace.firefox.com/app/9242d2d7-45d9-4e71-9112-a10d3761849b/manifest.webapp
04-25 03:25:51.597 I/Gonk    (   84): Setting nice for pid 2089 to 18
04-25 03:25:51.597 I/Gonk    (   84): Changed nice for pid 2089 from 0 to 18.
04-25 03:25:51.777 I/Gecko   (   84): [Parent 84] WARNING: waitpid failed pid:1981 errno:10: file ../../../gecko/ipc/chromium/src/base/process_util_posix.cc, line 254
04-25 03:25:51.777 I/Gecko   (   84): [Parent 84] WARNING: Failed to deliver SIGKILL to 1981!(3).: file ../../../gecko/ipc/chromium/src/chrome/common/process_watcher_posix_sigchld.cc, line 118
04-25 03:25:51.927 I/Gecko   (   84): 1398421551936	Marionette	INFO	sendToClient: {"from":"0","value":true}, {54c8f59f-13c9-4ebc-b4a7-7d2aec75af83}, {54c8f59f-13c9-4ebc-b4a7-7d2aec75af83}