04-26 13:46:03.398 I/Gecko   (   84): 1398545163412	Marionette	INFO	sendToClient: {"from":"0","ok":true}, {48115331-b042-40e0-99fb-a4904d40cfb6}, {48115331-b042-40e0-99fb-a4904d40cfb6}
04-26 13:46:03.498 I/Gecko   (   84): 1398545163511	Marionette	INFO	sendToClient: {"from":"0","value":"http://xmasapp.ianbicking.org/#"}, {b37c915c-cdbf-43fc-b2ac-63657d9a28d7}, {b37c915c-cdbf-43fc-b2ac-63657d9a28d7}
04-26 13:46:03.508 I/Gecko   (   84): 1398545163518	Marionette	DEBUG	Got request: execute, data: {"to":"0","sessionId":"3-b2g","name":"executeScript","parameters":{"specialPowers":false,"scriptTimeout":null,"newSandbox":true,"args":[],"filename":"app_checker.py","script":"return window.document.readyState;","line":191}}, id: {fa47af5b-cad7-4c93-8108-342c03866d6d}
04-26 13:46:03.578 I/Gecko   (   84): 1398545163591	Marionette	INFO	sendToClient: {"from":"0","value":"complete"}, {fa47af5b-cad7-4c93-8108-342c03866d6d}, {fa47af5b-cad7-4c93-8108-342c03866d6d}
04-26 13:46:03.588 I/Gecko   (   84): 1398545163599	Marionette	INFO	sendToClient: {"from":"0","value":"http://xmasapp.ianbicking.org/#"}, {80f5739b-f0b0-45ab-8f7e-e26caa45fced}, {80f5739b-f0b0-45ab-8f7e-e26caa45fced}
04-26 13:46:03.598 I/Gecko   ( 3034): Attempting load of libEGL.so
04-26 13:46:03.628 I/Gonk    (   84): Setting nice for pid 3118 to 18
04-26 13:46:03.628 I/Gonk    (   84): Changed nice for pid 3118 from 18 to 18.
04-26 13:46:03.748 D/libEGL  ( 3034): loaded /system/lib/egl/libEGL_mali.so
04-26 13:46:03.768 D/libEGL  ( 3034): loaded /system/lib/egl/libGLESv1_CM_mali.so
04-26 13:46:03.778 D/libEGL  ( 3034): loaded /system/lib/egl/libGLESv2_mali.so
04-26 13:46:03.798 I/Gecko   ( 3034): SharedSurface_Gralloc::Create -------
04-26 13:46:03.798 I/Gecko   ( 3034): SharedSurface_Gralloc::Create: success -- surface 0x43c57940, GraphicBuffer 0x43c71500.
04-26 13:46:04.158 I/Gecko   (   84): 
04-26 13:46:04.158 I/Gecko   (   84): ###!!! [Parent][MessageChannel] Error: Channel error: cannot send/recv
04-26 13:46:04.158 I/Gecko   (   84): 
04-26 13:46:04.608 I/GeckoDump(   84): Crash reporter : Can't fetch app.reportCrashes. Exception: [Exception... "Component returned failure code: 0x8000ffff (NS_ERROR_UNEXPECTED) [nsIPrefBranch.getBoolPref]"  nsresult: "0x8000ffff (NS_ERROR_UNEXPECTED)"  location: "JS frame :: chrome://browser/content/shell.js :: shell_reportCrash :: line 7"  data: no]
04-26 13:46:04.618 I/Gecko   (   84): [Parent 84] WARNING: waitpid failed pid:3118 errno:10: file ../../../gecko/ipc/chromium/src/base/process_util_posix.cc, line 254
04-26 13:46:06.618 I/Gecko   (   84): [Parent 84] WARNING: waitpid failed pid:3118 errno:10: file ../../../gecko/ipc/chromium/src/base/process_util_posix.cc, line 254
04-26 13:46:06.618 I/Gecko   (   84): [Parent 84] WARNING: Failed to deliver SIGKILL to 3118!(3).: file ../../../gecko/ipc/chromium/src/chrome/common/process_watcher_posix_sigchld.cc, line 118
04-26 13:46:09.178 I/Gonk    (   84): Setting nice for pid 3129 to 18
04-26 13:46:09.188 I/Gonk    (   84): Changed nice for pid 3129 from 0 to 18.
04-26 13:46:09.488 I/Gecko   (   84): 1398545169477	Marionette	INFO	sendToClient: {"from":"0","value":"iVBORw0KGgoAAAANSUhEUgAAAUAAAAHMCAYAAACk4nEJAAAgAElEQVR4nOy8e1hVVf74/0aOYCD6RSklQbSnicYsGpJLdrQps4uaOF44AVoxpjlKPl6mm58yzbxlpk6TTqM+XpqZytAsZ0DlCQzLS94yLB/jkowjliYiiKh4zuv3B7+z4wAHDgdQ67xfz7P/YO2113qvtdd+sddaGwRFURQPRa52AIqiKFcLFaCiKB6LClBRFI9FBagoiseiAlQUxWNRASqK4rGoABVF8VgaFKCI6KGHHnr8Ig8VoB566OGxR5MFqCiK8mtFBagoiseiAlQUxWNRASqK4rGoABVF8VhUgIqieCwqQEVRPBYVoKIoHsuvRoBnz54lJycHm812tUNRrgAFBQUUFRVd8/f7iy++4M033+TixYsu5b9w4QIFBQWcP3++hSNToJkEePToUbKysjhw4EBzFOcW/fr1Q0SorKx06/r9+/eTlZWF1Wo10k6ePElWVha5ubkOeQ8dOlQrb2MoLCwkKyuLkydPupR+NbjWY0xKSkJEOHHixBWvuzF9c9tttyEibNmyxaWyJ0yYgIiQk5PTrDErddMsAhwyZAgiQmBgIJcuXWqOIhtNUwX4+OOPIyLk5eUZaXPnzkVEGDhwoEPeqKgounTp4nas9nI//PBDl9KvBtd6jFdTgI3pm82bN/Pyyy9TUVHhUtkqwCtLkwVYVlZGmzZt8PX1RUTIyMhoclA2m43CwkLefPNNjh075tI1TRXgX/7yF0SE9evXG2mDBw82xG5/26usrKRNmzbExcW5VQ9c+3KpL5ZrJcZfigAbouZYVwFeWZoswA8++AAR4Y033kBEGDdunMP5lStXkpSUxPHjx0lJSSE6Oprhw4eTn59v5KmsrOStt97iwQcfpGvXrrRu3dr4Y+alS5cCkJOTQ3JyMlFRUYwaNYpDhw451FOXAI
04-26 13:46:09.548 W/WifiHW  (   84): wifi_command: SIGNAL_POLL
04-26 13:46:09.838 I/GonkMemoryPressure(   84): Checking to see if memory pressure is over.
04-26 13:46:09.838 I/GonkMemoryPressure( 2373): Checking to see if memory pressure is over.
04-26 13:46:09.838 I/GonkMemoryPressure( 2373): Memory pressure is over.
04-26 13:46:09.838 I/GonkMemoryPressure( 3034): Checking to see if memory pressure is over.
04-26 13:46:09.838 I/GonkMemoryPressure( 3034): Memory pressure is over.
04-26 13:46:09.848 I/GonkMemoryPressure(   84): Memory pressure is over.
04-26 13:46:09.998 I/GonkMemoryPressure( 3129): Checking to see if memory pressure is over.
04-26 13:46:10.068 I/GonkMemoryPressure( 3129): Memory pressure is over.
04-26 13:46:10.388 I/Gecko   (   84): 1398545170398	Marionette	INFO	sendToClient: {"from":"0","ok":true}, {c7bee9a7-6089-4132-a3e9-e4a1c50d1cbb}, {c7bee9a7-6089-4132-a3e9-e4a1c50d1cbb}
04-26 13:46:10.448 I/Gecko   (   84): 1398545170464	Marionette	DEBUG	Got request: switchToFrame, data: {"to":"0","sessionId":"3-b2g","name":"switchToFrame","parameters":{"id":null,"focus":true}}, id: {5d85801e-60dd-4ab0-9b22-96a38c4eeeb4}
04-26 13:46:10.538 I/Gecko   (   84): 1398545170555	Marionette	INFO	Switched to frame: {"frameValue":null}
04-26 13:46:10.688 I/Gecko   (   84): 1398545170707	Marionette	INFO	sendToClient: {"from":"0","ok":true}, {5d85801e-60dd-4ab0-9b22-96a38c4eeeb4}, {5d85801e-60dd-4ab0-9b22-96a38c4eeeb4}
04-26 13:46:10.708 I/Gecko   (   84): 1398545170725	Marionette	DEBUG	Got request: executeWithCallback, data: {"to":"0","sessionId":"3-b2g","name":"executeAsyncScript","parameters":{"specialPowers":false,"scriptTimeout":null,"newSandbox":true,"args":[],"filename":"gaia_test.py","script":"return GaiaApps.displayedApp();","line":66}}, id: {7f6cca39-3625-4993-91ef-f668e8153017}
04-26 13:46:10.998 I/Gecko   ( 3034): [SharedSurface_Gralloc 0x43c57940] destroyed
04-26 13:46:11.178 E/GeckoConsole(   84): Content JS LOG at dummy file:392 in GaiaApps.displayedApp: app with origin 'http://xmasapp.ianbicking.org' is displayed
04-26 13:46:11.178 I/Gecko   (   84): 1398545171189	Marionette	INFO	sendToClient: {"from":"0","value":{"frame":{"ELEMENT":"{0d52eadd-ee56-4c74-b8af-0c82c24c3f9e}"},"src":"http://xmasapp.ianbicking.org/","name":"Christmas Carol Lyrics","origin":"http://xmasapp.ianbicking.org"}}, {7f6cca39-3625-4993-91ef-f668e8153017}, {7f6cca39-3625-4993-91ef-f668e8153017}
04-26 13:46:11.178 I/Gecko   (   84): 1398545171196	Marionette	DEBUG	Got request: switchToFrame, data: {"to":"0","sessionId":"3-b2g","name":"switchToFrame","parameters":{"id":null,"focus":true}}, id: {8d2a327b-cf7e-4d22-844e-2fdcdf07f34b}
04-26 13:46:11.188 I/Gecko   (   84): 1398545171198	Marionette	INFO	Switched to frame: {"frameValue":null}
04-26 13:46:11.288 I/Gecko   (   84): 1398545171302	Marionette	INFO	sendToClient: {"from":"0","ok":true}, {8d2a327b-cf7e-4d22-844e-2fdcdf07f34b}, {8d2a327b-cf7e-4d22-844e-2fdcdf07f34b}
04-26 13:46:11.298 I/Gecko   (   84): 1398545171308	Marionette	DEBUG	Got request: execute, data: {"to":"0","sessionId":"3-b2g","name":"executeScript","parameters":{"specialPowers":false,"scriptTimeout":null,"newSandbox":true,"args":[],"filename":"gaia_test.py","script":"window.wrappedJSObject.dispatchEvent(new Event('home'));","line":788}}, id: {bd1a6f9d-30ea-4f69-84e0-25b04cf9c8af}
04-26 13:46:11.448 I/Gonk    (   84): Setting nice for pid 3129 to 18
04-26 13:46:11.448 I/Gonk    (   84): Changed nice for pid 3129 from 18 to 18.
04-26 13:46:11.448 I/Gecko   (   84): [Parent 84] WARNING: waitpid failed pid:3129 errno:10: file ../../../gecko/ipc/chromium/src/base/process_util_posix.cc, line 254
04-26 13:46:11.498 I/Gonk    (   84): Setting nice for pid 3129 to 1
04-26 13:46:11.498 I/Gonk    (   84): Changed nice for pid 3129 from 18 to 1.
04-26 13:46:11.528 D/Sensors (   84): activate handle=0; drv=0
04-26 13:46:11.528 D/Sensors (   84): Lis3dhSensor: Control set 0
04-26 13:46:11.528 D/Sensors (   84): Lis3dhSensor: mEnabled = 0
04-26 13:46:11.588 I/Gecko   (   84): 1398545171598	Marionette	INFO	sendToClient: {"from":"0","value":null}, {bd1a6f9d-30ea-4f69-84e0-25b04cf9c8af}, {bd1a6f9d-30ea-4f69-84e0-25b04cf9c8af}
04-26 13:46:11.608 I/Gecko   (   84): 1398545171623	Marionette	DEBUG	Got request: switchToFrame, data: {"to":"0","sessionId":"3-b2g","name":"switchToFrame","parameters":{"id":null,"focus":true}}, id: {f5e4ce12-35ee-4ef8-b5d7-84eded2490de}
04-26 13:46:11.608 I/Gecko   (   84): 1398545171625	Marionette	INFO	Switched to frame: {"frameValue":null}
04-26 13:46:11.728 I/Gecko   (   84): 1398545171739	Marionette	INFO	sendToClient: {"from":"0","ok":true}, {f5e4ce12-35ee-4ef8-b5d7-84eded2490de}, {f5e4ce12-35ee-4ef8-b5d7-84eded2490de}
04-26 13:46:11.728 I/Gecko   (   84): 1398545171745	Marionette	DEBUG	Got request: executeWithCallback, data: {"to":"0","sessionId":"3-b2g","name":"executeAsyncScript","parameters":{"specialPowers":false,"scriptTimeout":null,"newSandbox":true,"args":[],"filename":"gaia_test.py","script":"return GaiaApps.displayedApp();","line":66}}, id: {f1a00474-853f-42dd-a62c-8d9d427d2cd3}
04-26 13:46:11.788 I/Gecko   (   84): 1398545171803	Marionette	INFO	sendToClient: {"from":"0","value":{"frame":{"ELEMENT":"{388bdbeb-7988-47fb-aa56-071b01e8663e}"},"src":"app://homescreen.gaiamobile.org/index.html#root","name":"Homescreen","origin":"app://homescreen.gaiamobile.org"}}, {f1a00474-853f-42dd-a62c-8d9d427d2cd3}, {f1a00474-853f-42dd-a62c-8d9d427d2cd3}
04-26 13:46:11.798 E/GeckoConsole(   84): Content JS LOG at dummy file:392 in GaiaApps.displayedApp: app with origin 'app://homescreen.gaiamobile.org' is displayed
04-26 13:46:11.808 I/Gecko   (   84): 1398545171819	Marionette	DEBUG	Got request: switchToFrame, data: {"to":"0","sessionId":"3-b2g","name":"switchToFrame","parameters":{"id":null,"focus":true}}, id: {d991e56d-8b87-443d-b405-57f0a5bcae98}
04-26 13:46:11.808 I/Gecko   (   84): 1398545171821	Marionette	INFO	Switched to frame: {"frameValue":null}
04-26 13:46:11.908 I/Gecko   (   84): 1398545171923	Marionette	INFO	sendToClient: {"from":"0","ok":true}, {d991e56d-8b87-443d-b405-57f0a5bcae98}, {d991e56d-8b87-443d-b405-57f0a5bcae98}
04-26 13:46:11.918 I/Gecko   (   84): 1398545171929	Marionette	DEBUG	Got request: switchToFrame, data: {"to":"0","sessionId":"3-b2g","name":"switchToFrame","parameters":{"id":null,"focus":true}}, id: {22e94c0b-b7bb-4cd7-9f06-56cc28246e1c}
04-26 13:46:11.918 I/Gecko   (   84): 1398545171931	Marionette	INFO	Switched to frame: {"frameValue":null}
04-26 13:46:12.038 I/Gecko   (   84): 1398545172048	Marionette	INFO	sendToClient: {"from":"0","ok":true}, {22e94c0b-b7bb-4cd7-9f06-56cc28246e1c}, {22e94c0b-b7bb-4cd7-9f06-56cc28246e1c}
04-26 13:46:12.068 I/Gecko   (   84): 1398545172079	Marionette	DEBUG	Got request: executeWithCallback, data: {"to":"0","sessionId":"3-b2g","name":"executeAsyncScript","parameters":{"specialPowers":false,"scriptTimeout":null,"newSandbox":true,"args":[],"filename":"gaia_test.py","script":"return GaiaApps.displayedApp();","line":66}}, id: {cffa1f90-1892-472a-bd96-6f72831bedf7}
04-26 13:46:12.138 E/GeckoConsole(   84): Content JS LOG at dummy file:392 in GaiaApps.displayedApp: app with origin 'app://homescreen.gaiamobile.org' is displayed
04-26 13:46:12.138 I/Gecko   (   84): 1398545172154	Marionette	INFO	sendToClient: {"from":"0","value":{"frame":{"ELEMENT":"{388bdbeb-7988-47fb-aa56-071b01e8663e}"},"src":"app://homescreen.gaiamobile.org/index.html#root","name":"Homescreen","origin":"app://homescreen.gaiamobile.org"}}, {cffa1f90-1892-472a-bd96-6f72831bedf7}, {cffa1f90-1892-472a-bd96-6f72831bedf7}
04-26 13:46:12.148 I/Gecko   (   84): 1398545172159	Marionette	DEBUG	Got request: switchToFrame, data: {"to":"0","sessionId":"3-b2g","name":"switchToFrame","parameters":{"focus":true,"element":"{388bdbeb-7988-47fb-aa56-071b01e8663e}"}}, id: {a67afbde-768a-4d24-889e-d4def60ae02c}
04-26 13:46:12.178 I/Gecko   (   84): 1398545172195	Marionette	INFO	Switched to frame: {"frameValue":"{388bdbeb-7988-47fb-aa56-071b01e8663e}"}
04-26 13:46:12.218 I/Gecko   (   84): 1398545172230	Marionette	INFO	trying remote frame 0
04-26 13:46:12.228 I/Gecko   (   84): 1398545172238	Marionette	INFO	trying remote frame 1
04-26 13:46:12.228 I/Gecko   (   84): 1398545172239	Marionette	INFO	trying remote frame 2
04-26 13:46:12.228 I/Gecko   (   84): 1398545172240	Marionette	INFO	trying remote frame 3
04-26 13:46:12.228 I/Gecko   (   84): 1398545172240	Marionette	INFO	trying remote frame 4
04-26 13:46:12.228 I/Gecko   (   84): 1398545172241	Marionette	INFO	trying remote frame 5
04-26 13:46:12.248 I/Gecko   (   84): 1398545172262	Marionette	INFO	frame-manager load script: [object ChromeMessageSender]
04-26 13:46:16.288 I/Gonk    (   84): Setting nice for pid 3034 to 18
04-26 13:46:16.308 I/Gonk    (   84): Changed nice for pid 3034 from 1 to 18.
04-26 13:46:16.668 W/WifiHW  (   84): wifi_command: SIGNAL_POLL
04-26 13:46:17.248 I/Gonk    (   84): Setting nice for pid 3143 to 18
04-26 13:46:17.248 I/Gonk    (   84): Changed nice for pid 3143 from 0 to 18.
04-26 13:46:18.668 I/GonkMemoryPressure( 2373): Checking to see if memory pressure is over.
04-26 13:46:18.668 I/GonkMemoryPressure( 2373): Memory pressure is over.
04-26 13:46:18.668 I/GonkMemoryPressure( 3129): Checking to see if memory pressure is over.
04-26 13:46:18.668 I/GonkMemoryPressure( 3129): Memory pressure is over.
04-26 13:46:18.668 I/GonkMemoryPressure(   84): Checking to see if memory pressure is over.
04-26 13:46:18.668 I/GonkMemoryPressure(   84): Memory pressure is over.
04-26 13:46:18.688 E/Profiler(   84): BPUnw: [1 total] thread_unregister_for_profiling(me=0x1ca6b80)  (NOT REGISTERED) 
04-26 13:46:18.948 E/Profiler(   84): BPUnw: [1 total] thread_unregister_for_profiling(me=0x1cab3a8)  (NOT REGISTERED) 
04-26 13:46:18.948 E/Profiler(   84): BPUnw: [1 total] thread_unregister_for_profiling(me=0x1ca1688)  (NOT REGISTERED) 
04-26 13:46:18.958 E/Profiler(   84): BPUnw: [1 total] thread_unregister_for_profiling(me=0x1cab368)  (NOT REGISTERED) 
04-26 13:46:19.078 I/Gecko   ( 3129): ###################################### forms.js loaded
04-26 13:46:19.108 I/Gecko   ( 3129): ############################### browserElementPanning.js loaded
04-26 13:46:19.148 I/Gecko   ( 3129): ######################## BrowserElementChildPreload.js loaded
04-26 13:46:19.188 I/Gecko   (   84): [Parent 84] WARNING: pipe error (162): Connection reset by peer: file ../../../gecko/ipc/chromium/src/chrome/common/ipc_channel_posix.cc, line 446
04-26 13:46:19.228 I/Gecko   (   84): 
04-26 13:46:19.228 I/Gecko   (   84): ###!!! [Parent][MessageChannel] Error: Channel error: cannot send/recv
04-26 13:46:19.228 I/Gecko   (   84): 
04-26 13:46:19.448 I/GeckoDump(   84): Crash reporter : Can't fetch app.reportCrashes. Exception: [Exception... "Component returned failure code: 0x8000ffff (NS_ERROR_UNEXPECTED) [nsIPrefBranch.getBoolPref]"  nsresult: "0x8000ffff (NS_ERROR_UNEXPECTED)"  location: "JS frame :: chrome://browser/content/shell.js :: shell_reportCrash :: line 7"  data: no]
04-26 13:46:19.468 I/Gecko   (   84): [Parent 84] WARNING: waitpid failed pid:3034 errno:10: file ../../../gecko/ipc/chromium/src/base/process_util_posix.cc, line 254
04-26 13:46:20.398 I/Gecko   (   84): 1398545180402	Marionette	INFO	sendToClient: {"from":"0","ok":true}, {a67afbde-768a-4d24-889e-d4def60ae02c}, {a67afbde-768a-4d24-889e-d4def60ae02c}
04-26 13:46:20.728 I/Gecko   (   84): 1398545180741	Marionette	INFO	sendToClient: {"from":"0","value":"app://homescreen.gaiamobile.org/index.html#root"}, {69cdfd6e-e66d-45de-bec5-f4c10a8f3cc2}, {69cdfd6e-e66d-45de-bec5-f4c10a8f3cc2}
04-26 13:46:20.728 I/Gecko   (   84): 1398545180746	Marionette	DEBUG	Got request: switchToFrame, data: {"to":"0","sessionId":"3-b2g","name":"switchToFrame","parameters":{"id":null,"focus":true}}, id: {a60391e6-4a11-4394-8e27-1a12aecc195d}
04-26 13:46:20.788 I/Gecko   (   84): 1398545180807	Marionette	INFO	Switched to frame: {"frameValue":null}
04-26 13:46:20.898 I/Gecko   (   84): 1398545180912	Marionette	INFO	sendToClient: {"from":"0","ok":true}, {a60391e6-4a11-4394-8e27-1a12aecc195d}, {a60391e6-4a11-4394-8e27-1a12aecc195d}
04-26 13:46:20.908 I/Gecko   (   84): 1398545180917	Marionette	DEBUG	Got request: switchToFrame, data: {"to":"0","sessionId":"3-b2g","name":"switchToFrame","parameters":{"id":null,"focus":true}}, id: {2b2ab1e1-75ab-49ec-85f0-d393fce84812}
04-26 13:46:20.908 I/Gecko   (   84): 1398545180919	Marionette	INFO	Switched to frame: {"frameValue":null}
04-26 13:46:21.008 I/Gecko   (   84): 1398545181026	Marionette	INFO	sendToClient: {"from":"0","ok":true}, {2b2ab1e1-75ab-49ec-85f0-d393fce84812}, {2b2ab1e1-75ab-49ec-85f0-d393fce84812}
04-26 13:46:21.018 I/Gecko   (   84): 1398545181031	Marionette	DEBUG	Got request: executeWithCallback, data: {"to":"0","sessionId":"3-b2g","name":"executeAsyncScript","parameters":{"specialPowers":false,"scriptTimeout":null,"newSandbox":true,"args":[],"filename":"gaia_test.py","script":"GaiaApps.killAll()","line":91}}, id: {5e0309b6-07c7-4e13-91a9-a282583eecc3}
04-26 13:46:21.468 I/Gecko   (   84): [Parent 84] WARNING: waitpid failed pid:3034 errno:10: file ../../../gecko/ipc/chromium/src/base/process_util_posix.cc, line 254
04-26 13:46:21.468 I/Gecko   (   84): [Parent 84] WARNING: Failed to deliver SIGKILL to 3034!(3).: file ../../../gecko/ipc/chromium/src/chrome/common/process_watcher_posix_sigchld.cc, line 118
04-26 13:46:21.478 E/GeckoConsole(   84): Content JS LOG at dummy file:266 in GaiaApps.kill: terminating app with origin 'app://browser.gaiamobile.org'
04-26 13:46:21.488 E/GeckoConsole(   84): Content JS LOG at dummy file:258 in GaiaApps.kill/gt_onAppTerminated/<: app with origin 'app://browser.gaiamobile.org' has terminated
04-26 13:46:21.728 I/Gecko   (   84): 1398545181741	Marionette	INFO	sendToClient: {"from":"0","value":true}, {5e0309b6-07c7-4e13-91a9-a282583eecc3}, {5e0309b6-07c7-4e13-91a9-a282583eecc3}
04-26 13:46:21.758 W/WifiHW  (   84): wifi_command: SIGNAL_POLL
04-26 13:46:21.778 I/GonkMemoryPressure( 3143): Checking to see if memory pressure is over.
04-26 13:46:21.778 I/GonkMemoryPressure( 3143): Memory pressure is over.