--------- beginning of /dev/log/main
04-24 19:46:44.785 I/Gecko   (   84): 1398394004799	Marionette	INFO	sendToClient: {"from":"0","ok":true}, {550b4b73-9e8c-4d4c-a9e0-4acf1079de24}, {550b4b73-9e8c-4d4c-a9e0-4acf1079de24}
04-24 19:46:44.845 I/Gecko   (   84): 1398394004857	Marionette	DEBUG	Got request: switchToFrame, data: {"to":"0","sessionId":"3-b2g","name":"switchToFrame","parameters":{"id":null,"focus":true}}, id: {576c05db-0e4b-40bc-89c9-86975b92557a}
04-24 19:46:44.845 I/Gecko   (   84): 1398394004859	Marionette	INFO	Switched to frame: {"frameValue":null}
04-24 19:46:44.955 I/Gecko   (   84): 1398394004965	Marionette	INFO	sendToClient: {"from":"0","ok":true}, {576c05db-0e4b-40bc-89c9-86975b92557a}, {576c05db-0e4b-40bc-89c9-86975b92557a}
04-24 19:46:44.965 I/Gecko   (   84): 1398394004977	Marionette	DEBUG	Got request: executeWithCallback, data: {"to":"0","sessionId":"3-b2g","name":"executeAsyncScript","parameters":{"specialPowers":false,"scriptTimeout":null,"newSandbox":true,"args":[],"filename":"gaia_test.py","script":"return GaiaApps.displayedApp();","line":66}}, id: {3fe4ba36-7b9c-471e-9296-e19fe2f4d696}
04-24 19:46:45.055 E/GeckoConsole(   84): Content JS LOG at dummy file:392 in GaiaApps.displayedApp: app with origin 'app://homescreen.gaiamobile.org' is displayed
04-24 19:46:45.075 I/Gecko   (   84): 1398394005087	Marionette	INFO	sendToClient: {"from":"0","value":{"frame":{"ELEMENT":"{3f112ba6-7812-4316-b943-6fe58410c2df}"},"src":"app://homescreen.gaiamobile.org/index.html#root","name":"Homescreen","origin":"app://homescreen.gaiamobile.org"}}, {3fe4ba36-7b9c-471e-9296-e19fe2f4d696}, {3fe4ba36-7b9c-471e-9296-e19fe2f4d696}
04-24 19:46:45.085 I/Gecko   (   84): 1398394005102	Marionette	DEBUG	Got request: switchToFrame, data: {"to":"0","sessionId":"3-b2g","name":"switchToFrame","parameters":{"id":null,"focus":true}}, id: {ba7c1fc6-4c7c-445d-bd0d-03121c220fdc}
04-24 19:46:45.085 I/Gecko   (   84): 1398394005104	Marionette	INFO	Switched to frame: {"frameValue":null}
04-24 19:46:45.145 E/GeckoConsole( 3896): Content JS ERROR at app://homescreen.gaiamobile.org/gaia_build_defer_index.js:390 in loadSVConfFileError: Failed parsing singleVariant configuration file [js/singlevariantconf.json]:  [Exception... "File error: Not found"  nsresult: "0x80520012 (NS_ERROR_FILE_NOT_FOUND)"  location: "JS frame :: app://homescreen.gaiamobile.org/gaia_build_defer_index.js :: loadFile :: line 382"  data: no]
04-24 19:46:45.195 I/Gecko   (   84): 1398394005206	Marionette	INFO	sendToClient: {"from":"0","ok":true}, {ba7c1fc6-4c7c-445d-bd0d-03121c220fdc}, {ba7c1fc6-4c7c-445d-bd0d-03121c220fdc}
04-24 19:46:45.195 I/Gecko   (   84): 1398394005212	Marionette	DEBUG	Got request: switchToFrame, data: {"to":"0","sessionId":"3-b2g","name":"switchToFrame","parameters":{"id":null,"focus":true}}, id: {7f9a3efb-3894-479a-94af-e1b325b5a6f1}
04-24 19:46:45.195 I/Gecko   (   84): 1398394005213	Marionette	INFO	Switched to frame: {"frameValue":null}
04-24 19:46:45.265 W/WifiHW  (   84): wifi_command: SIGNAL_POLL
04-24 19:46:45.305 I/Gecko   (   84): 1398394005318	Marionette	INFO	sendToClient: {"from":"0","ok":true}, {7f9a3efb-3894-479a-94af-e1b325b5a6f1}, {7f9a3efb-3894-479a-94af-e1b325b5a6f1}
04-24 19:46:45.315 I/Gecko   (   84): 1398394005328	Marionette	DEBUG	Got request: executeWithCallback, data: {"to":"0","sessionId":"3-b2g","name":"executeAsyncScript","parameters":{"specialPowers":false,"scriptTimeout":null,"newSandbox":true,"args":[],"filename":"gaia_test.py","script":"return GaiaApps.displayedApp();","line":66}}, id: {46e0ee16-6e95-4322-9d03-e1f828cfe6aa}
04-24 19:46:45.395 I/Gecko   (   84): 1398394005411	Marionette	INFO	sendToClient: {"from":"0","value":{"frame":{"ELEMENT":"{3f112ba6-7812-4316-b943-6fe58410c2df}"},"src":"app://homescreen.gaiamobile.org/index.html#root","name":"Homescreen","origin":"app://homescreen.gaiamobile.org"}}, {46e0ee16-6e95-4322-9d03-e1f828cfe6aa}, {46e0ee16-6e95-4322-9d03-e1f828cfe6aa}
04-24 19:46:45.395 E/GeckoConsole(   84): Content JS LOG at dummy file:392 in GaiaApps.displayedApp: app with origin 'app://homescreen.gaiamobile.org' is displayed
04-24 19:46:45.405 I/Gecko   (   84): 1398394005419	Marionette	DEBUG	Got request: switchToFrame, data: {"to":"0","sessionId":"3-b2g","name":"switchToFrame","parameters":{"focus":true,"element":"{3f112ba6-7812-4316-b943-6fe58410c2df}"}}, id: {bf081131-b7bf-498f-903d-4c82a4295630}
04-24 19:46:45.415 I/Gecko   (   84): 1398394005432	Marionette	INFO	Switched to frame: {"frameValue":"{3f112ba6-7812-4316-b943-6fe58410c2df}"}
04-24 19:46:45.415 I/Gecko   (   84): 1398394005434	Marionette	INFO	trying remote frame 0
04-24 19:46:45.425 I/Gecko   (   84): 1398394005436	Marionette	INFO	trying remote frame 1
04-24 19:46:45.425 I/Gecko   (   84): 1398394005439	Marionette	INFO	trying remote frame 2
04-24 19:46:45.425 I/Gecko   (   84): 1398394005440	Marionette	INFO	trying remote frame 3
04-24 19:46:45.465 I/Gecko   (   84): 1398394005475	Marionette	INFO	sendToClient: {"from":"0","ok":true}, {bf081131-b7bf-498f-903d-4c82a4295630}, {bf081131-b7bf-498f-903d-4c82a4295630}
04-24 19:46:45.645 I/Gecko   (   84): 1398394005656	Marionette	INFO	sendToClient: {"from":"0","value":{"ELEMENT":"{5f76db0c-782c-4792-af7c-3cbcf58f2e1d}"}}, {4b1815c3-b78c-4c17-b348-6497305954d3}, {4b1815c3-b78c-4c17-b348-6497305954d3}
04-24 19:46:45.925 E/GeckoConsole( 3896): [JavaScript Warning: "Use of getAttributeNode() is deprecated. Use getAttribute() instead." {file: "chrome://marionette/content/atoms.js" line: 25}]
04-24 19:46:45.925 E/GeckoConsole( 3896): [JavaScript Warning: "Use of attributes' specified attribute is deprecated. It always returns true." {file: "chrome://marionette/content/atoms.js" line: 25}]
04-24 19:46:45.925 I/Gecko   (   84): 1398394005942	Marionette	INFO	sendToClient: {"from":"0","value":"normal"}, {142ff17b-a839-47c0-99fb-e36b59591043}, {142ff17b-a839-47c0-99fb-e36b59591043}
04-24 19:46:45.935 I/Gecko   (   84): 1398394005948	Marionette	DEBUG	Got request: switchToFrame, data: {"to":"0","sessionId":"3-b2g","name":"switchToFrame","parameters":{"id":null,"focus":true}}, id: {dd8a010d-aedd-4135-9efa-ff4e557298e2}
04-24 19:46:45.955 I/Gecko   (   84): 1398394005966	Marionette	INFO	Switched to frame: {"frameValue":null}
04-24 19:46:46.055 I/Gecko   (   84): 1398394006069	Marionette	INFO	sendToClient: {"from":"0","ok":true}, {dd8a010d-aedd-4135-9efa-ff4e557298e2}, {dd8a010d-aedd-4135-9efa-ff4e557298e2}
04-24 19:46:46.065 I/Gecko   (   84): 1398394006075	Marionette	DEBUG	Got request: execute, data: {"to":"0","sessionId":"3-b2g","name":"executeScript","parameters":{"specialPowers":false,"scriptTimeout":null,"newSandbox":true,"args":[],"filename":"gaia_test.py","script":"window.wrappedJSObject.dispatchEvent(new Event('home'));","line":788}}, id: {f3884423-b8b9-421c-94f7-5fb02e563945}
04-24 19:46:46.155 I/Gecko   (   84): 1398394006171	Marionette	INFO	sendToClient: {"from":"0","value":null}, {f3884423-b8b9-421c-94f7-5fb02e563945}, {f3884423-b8b9-421c-94f7-5fb02e563945}
04-24 19:46:46.175 I/Gecko   (   84): 1398394006187	Marionette	DEBUG	Got request: switchToFrame, data: {"to":"0","sessionId":"3-b2g","name":"switchToFrame","parameters":{"id":null,"focus":true}}, id: {098e8c09-482b-407b-8b13-f603f555beb1}
04-24 19:46:46.175 I/Gecko   (   84): 1398394006189	Marionette	INFO	Switched to frame: {"frameValue":null}
04-24 19:46:46.275 I/Gecko   (   84): 1398394006292	Marionette	INFO	sendToClient: {"from":"0","ok":true}, {098e8c09-482b-407b-8b13-f603f555beb1}, {098e8c09-482b-407b-8b13-f603f555beb1}
04-24 19:46:46.285 I/Gecko   (   84): 1398394006297	Marionette	DEBUG	Got request: switchToFrame, data: {"to":"0","sessionId":"3-b2g","name":"switchToFrame","parameters":{"id":null,"focus":true}}, id: {99d785dd-a35a-4375-ba22-de0485c57acd}
04-24 19:46:46.285 I/Gecko   (   84): 1398394006299	Marionette	INFO	Switched to frame: {"frameValue":null}
04-24 19:46:46.385 I/Gecko   (   84): 1398394006402	Marionette	INFO	sendToClient: {"from":"0","ok":true}, {99d785dd-a35a-4375-ba22-de0485c57acd}, {99d785dd-a35a-4375-ba22-de0485c57acd}
04-24 19:46:46.395 I/Gecko   (   84): 1398394006409	Marionette	DEBUG	Got request: executeWithCallback, data: {"to":"0","sessionId":"3-b2g","name":"executeAsyncScript","parameters":{"specialPowers":false,"scriptTimeout":null,"newSandbox":true,"args":[],"filename":"gaia_test.py","script":"return GaiaApps.displayedApp();","line":66}}, id: {2115061d-c9aa-4c05-b15b-d5a6e501b448}
04-24 19:46:46.455 I/Gecko   (   84): 1398394006472	Marionette	INFO	sendToClient: {"from":"0","value":{"frame":{"ELEMENT":"{3f112ba6-7812-4316-b943-6fe58410c2df}"},"src":"app://homescreen.gaiamobile.org/index.html#rootThu%20Apr%2024%202014%2019:46:46%20GMT-0700%20(UTC)","name":"Homescreen","origin":"app://homescreen.gaiamobile.org"}}, {2115061d-c9aa-4c05-b15b-d5a6e501b448}, {2115061d-c9aa-4c05-b15b-d5a6e501b448}
04-24 19:46:46.475 E/GeckoConsole(   84): Content JS LOG at dummy file:392 in GaiaApps.displayedApp: app with origin 'app://homescreen.gaiamobile.org' is displayed
04-24 19:46:46.475 I/Gecko   (   84): 1398394006493	Marionette	DEBUG	Got request: switchToFrame, data: {"to":"0","sessionId":"3-b2g","name":"switchToFrame","parameters":{"focus":true,"element":"{3f112ba6-7812-4316-b943-6fe58410c2df}"}}, id: {28820a85-958d-4acf-bcb5-09162cad94b5}
04-24 19:46:46.485 I/Gecko   (   84): 1398394006499	Marionette	INFO	Switched to frame: {"frameValue":"{3f112ba6-7812-4316-b943-6fe58410c2df}"}
04-24 19:46:46.495 I/Gecko   (   84): 1398394006507	Marionette	INFO	trying remote frame 0
04-24 19:46:46.495 I/Gecko   (   84): 1398394006511	Marionette	INFO	trying remote frame 1
04-24 19:46:46.495 I/Gecko   (   84): 1398394006514	Marionette	INFO	trying remote frame 2
04-24 19:46:46.505 I/Gecko   (   84): 1398394006517	Marionette	INFO	trying remote frame 3
04-24 19:46:46.585 I/Gecko   (   84): 1398394006600	Marionette	INFO	sendToClient: {"from":"0","ok":true}, {28820a85-958d-4acf-bcb5-09162cad94b5}, {28820a85-958d-4acf-bcb5-09162cad94b5}
04-24 19:46:46.595 I/Gecko   (   84): 1398394006607	Marionette	DEBUG	Got request: execute, data: {"to":"0","sessionId":"3-b2g","name":"executeScript","parameters":{"specialPowers":false,"scriptTimeout":null,"newSandbox":true,"args":[],"filename":"gaia_test.py","script":"return window.wrappedJSObject.GridManager.pageHelper.getCurrentPageNumber();","line":784}}, id: {09e8d4b6-f884-4df5-bab1-bbaa6ce09752}
04-24 19:46:46.825 I/Gecko   (   84): 1398394006844	Marionette	INFO	sendToClient: {"from":"0","value":0}, {09e8d4b6-f884-4df5-bab1-bbaa6ce09752}, {09e8d4b6-f884-4df5-bab1-bbaa6ce09752}
04-24 19:46:46.965 I/Gecko   (   84): 1398394006979	Marionette	INFO	sendToClient: {"from":"0","value":["{ae4ef8d9-649d-42bb-905d-a6ebb290d562}","{c6f8747a-4776-4aa0-8736-fec881db7662}","{33190b6b-daa3-4d8a-ad1d-df48d4ab0d47}","{af90bc83-0d6d-4df0-b34c-6e223c588d33}","{671931ac-9b62-4512-bfd1-2c7879b10bfe}","{a877d4d4-c827-4ea9-8970-59c550ad22d9}","{cb4c03b1-c699-4cf9-a597-0f36174ff713}","{338ec2bd-c293-46b9-91a0-8c7be460af61}","{88699fc1-8a30-49f8-932e-62bdc26497c2}","{181f6054-9f0a-4f06-ac29-ecf31683533e}","{4485a41d-4b75-47b4-9790-e8b0c8ffc6f5}","{4a4eef21-add2-425e-bce4-e2f2208f7da1}","{732991cf-1f8c-43cd-ac45-df56bc291916}","{ef234dfc-a6b4-4fa1-a59e-dcbf33f5a80d}","{39aebe6d-7f65-42bf-8961-a0131149f5ed}","{04e3744c-91c1-483d-b245-1af9da406ac3}","{68243e31-21a1-4846-afd8-c63848fca3a3}","{317cddc0-4072-4136-a8b1-814b9e40440d}","{4b0436f6-7890-43c5-bfa3-5d6c2eaf016c}","{6b701727-88a0-4b5c-9761-c29839c1b137}","{420e96a8-ce42-4c95-816d-db57b285b9d7}","{1bb2e28f-c622-4113-9dd3-30b8ae89d969}","{4eb832d3-b0ff-4c69-85f5-ef7dee09c9df}"]}, {3f21280e-d9
04-24 19:46:46.995 I/Gecko   (   84): 1398394007014	Marionette	INFO	sendToClient: {"from":"0","value":"app://homescreen.gaiamobile.org/index.html#rootThu%20Apr%2024%202014%2019:46:46%20GMT-0700%20(UTC)"}, {57c5b01a-631c-43a5-9778-bbfcf6ac23ef}, {57c5b01a-631c-43a5-9778-bbfcf6ac23ef}
04-24 19:46:47.045 I/Gecko   (   84): 1398394007060	Marionette	DEBUG	Got request: switchToFrame, data: {"to":"0","sessionId":"3-b2g","name":"switchToFrame","parameters":{"id":null,"focus":true}}, id: {e5c9df4a-d29a-49ff-99bf-a1d23e9faac0}
04-24 19:46:47.075 I/Gecko   (   84): 1398394007086	Marionette	INFO	Switched to frame: {"frameValue":null}
04-24 19:46:47.175 I/Gecko   (   84): 1398394007188	Marionette	INFO	sendToClient: {"from":"0","ok":true}, {e5c9df4a-d29a-49ff-99bf-a1d23e9faac0}, {e5c9df4a-d29a-49ff-99bf-a1d23e9faac0}
04-24 19:46:47.185 I/Gecko   (   84): 1398394007194	Marionette	DEBUG	Got request: switchToFrame, data: {"to":"0","sessionId":"3-b2g","name":"switchToFrame","parameters":{"id":null,"focus":true}}, id: {2f6c07fb-624c-4cac-91a6-f41f987b0824}
04-24 19:46:47.185 I/Gecko   (   84): 1398394007196	Marionette	INFO	Switched to frame: {"frameValue":null}
04-24 19:46:47.285 I/Gecko   (   84): 1398394007298	Marionette	INFO	sendToClient: {"from":"0","ok":true}, {2f6c07fb-624c-4cac-91a6-f41f987b0824}, {2f6c07fb-624c-4cac-91a6-f41f987b0824}
04-24 19:46:47.435 I/Gecko   (   84): 1398394007453	Marionette	DEBUG	Got request: executeWithCallback, data: {"to":"0","sessionId":"3-b2g","name":"executeAsyncScript","parameters":{"specialPowers":false,"scriptTimeout":30000,"newSandbox":true,"args":[],"filename":"app_checker.py","script":"GaiaApps.launchWithManifestURL('http://www.clocktab.com/sf/clocktab.webapp')","line":106}}, id: {b4504ae0-b547-43aa-8680-4e8b823547a5}
04-24 19:46:47.555 E/GeckoConsole(   84): Content JS LOG at dummy file:334 in GaiaApps.launch: launching app with name 'Clock'
04-24 19:46:47.715 V/AudioPolicyManagerBase(   91): startOutput() output 1, stream 1, session 14
04-24 19:46:47.715 V/AudioPolicyManagerBase(   91): changeRefCount() stream 1, count 1
04-24 19:46:47.715 V/AudioPolicyManagerBase(   91): getDeviceForStrategy() from cache strategy 0, device 2
04-24 19:46:47.715 V/AudioPolicyManagerBase(   91): getNewDevice() selected device 2
04-24 19:46:47.715 D/AudioPolicyManagerBase(   91): setOutputDevice() output 1 device 2 delayMs 0
04-24 19:46:47.715 V/AudioPolicyManagerBase(   91): setOutputDevice() setting same device 2 or null device for output 1
04-24 19:46:47.715 E/AudioPolicyManagerBase(   91): checkAndSetVolume stream=1, index=0, output=1, device=2
04-24 19:46:47.715 E/AudioPolicyManagerBase(   91): computeVolume, streamDesc=0x126dbb8
04-24 19:46:47.765 I/Gonk    (   84): Setting nice for pid 3932 to 18
04-24 19:46:47.765 I/Gonk    (   84): Changed nice for pid 3932 from 18 to 18.
04-24 19:46:47.765 I/Gecko   (   84): [Parent 84] WARNING: waitpid failed pid:3932 errno:10: file ../../../gecko/ipc/chromium/src/base/process_util_posix.cc, line 254
04-24 19:46:47.775 W/AudioFlinger(   91): Thread AudioOut_1 cannot connect to the power manager service
04-24 19:46:47.785 V/AudioPolicyManagerBase(   91): stopOutput() output 1, stream 1, session 14
04-24 19:46:47.785 V/AudioPolicyManagerBase(   91): changeRefCount() stream 1, count 0
04-24 19:46:47.785 V/AudioPolicyManagerBase(   91): getNewDevice() selected device 0
04-24 19:46:47.785 D/AudioPolicyManagerBase(   91): setOutputDevice() output 1 device 0 delayMs 290
04-24 19:46:47.785 V/AudioPolicyManagerBase(   91): setOutputDevice() setting same device 0 or null device for output 1
04-24 19:46:47.785 I/Gonk    (   84): Setting nice for pid 3932 to 1
04-24 19:46:47.785 I/Gonk    (   84): Changed nice for pid 3932 from 18 to 1.
04-24 19:46:47.795 V/AudioPolicyManagerBase(   91): startOutput() output 1, stream 1, session 14
04-24 19:46:47.795 V/AudioPolicyManagerBase(   91): changeRefCount() stream 1, count 1
04-24 19:46:47.795 V/AudioPolicyManagerBase(   91): getDeviceForStrategy() from cache strategy 0, device 2
04-24 19:46:47.795 V/AudioPolicyManagerBase(   91): getNewDevice() selected device 2
04-24 19:46:47.795 D/AudioPolicyManagerBase(   91): setOutputDevice() output 1 device 2 delayMs 0
04-24 19:46:47.795 V/AudioPolicyManagerBase(   91): setOutputDevice() setting same device 2 or null device for output 1
04-24 19:46:47.795 E/AudioPolicyManagerBase(   91): checkAndSetVolume stream=1, index=0, output=1, device=2
04-24 19:46:47.795 E/AudioPolicyManagerBase(   91): computeVolume, streamDesc=0x126dbb8
04-24 19:46:47.795 V/AudioPolicyManagerBase(   91): stopOutput() output 1, stream 1, session 14
04-24 19:46:47.795 V/AudioPolicyManagerBase(   91): changeRefCount() stream 1, count 0
04-24 19:46:47.795 V/AudioPolicyManagerBase(   91): getNewDevice() selected device 0
04-24 19:46:47.795 D/AudioPolicyManagerBase(   91): setOutputDevice() output 1 device 0 delayMs 290
04-24 19:46:47.795 V/AudioPolicyManagerBase(   91): setOutputDevice() setting same device 0 or null device for output 1
04-24 19:46:47.805 V/AudioPolicyManagerBase(   91): releaseOutput() 1
04-24 19:46:48.055 E/[Gralloc-ERROR](   84): int gralloc_register_buffer(const gralloc_module_t*, const native_handle_t*):79 Unable to register handle 0x45b64510 coming from different process: 84
04-24 19:46:48.115 E/[Gralloc-ERROR](   84): int gralloc_register_buffer(const gralloc_module_t*, const native_handle_t*):79 Unable to register handle 0x45b645b0 coming from different process: 84
04-24 19:46:48.115 E/[Gralloc-ERROR](   84): int gralloc_register_buffer(const gralloc_module_t*, const native_handle_t*):79 Unable to register handle 0x45b64650 coming from different process: 84
04-24 19:46:48.115 E/[Gralloc-ERROR](   84): int gralloc_register_buffer(const gralloc_module_t*, const native_handle_t*):79 Unable to register handle 0x45b646f0 coming from different process: 84
04-24 19:46:48.195 D/Sensors (   84): activate handle=0; drv=0
04-24 19:46:48.205 D/Sensors (   84): Lis3dhSensor: Control set 1
04-24 19:46:48.205 D/Sensors (   84): Lis3dhSensor: mEnabled = 1
04-24 19:46:48.255 I/Gonk    (   84): Setting nice for pid 3896 to 18
04-24 19:46:48.255 I/Gonk    (   84): Changed nice for pid 3896 from 1 to 18.
04-24 19:46:48.885 I/Gecko   (   84): 
04-24 19:46:48.885 I/Gecko   (   84): ###!!! [Parent][MessageChannel] Error: Channel error: cannot send/recv
04-24 19:46:48.885 I/Gecko   (   84): 
04-24 19:46:48.905 I/Gecko   (   84): [Parent 84] WARNING: waitpid failed pid:3896 errno:10: file ../../../gecko/ipc/chromium/src/base/process_util_posix.cc, line 254
04-24 19:46:49.005 I/Gecko   ( 3932): ###################################### forms.js loaded
04-24 19:46:49.025 I/Gecko   ( 3932): ############################### browserElementPanning.js loaded
04-24 19:46:49.045 I/Gecko   ( 3932): ######################## BrowserElementChildPreload.js loaded
04-24 19:46:49.795 E/GeckoConsole( 3932): [JavaScript Warning: "Unknown property 'user-select'.  Declaration dropped." {file: "http://www.clocktab.com/sf/_.css" line: 1 column: 1532 source: "#char2:before{content:"M"}#char1:before{content:"A"}body.isPm #char1:before{content:"P"}body.noPeriod #char1,body.noPeriod #char2,body.noSeconds #digit1,body.noSeconds #digit2{visibility:hidden}body.noPeriod.noSeconds #char1,body.noPeriod.noSeconds #char2,body.noPeriod.noSeconds #digit1,body.noPeriod.noSeconds #digit2{display:none}#timeTable td{min-width:100%}#timeRow>table{width:100%}#digit1,#digit2,#char1,#char2{font-size:46%;line-height:.9em;vertical-align:top}#digit1,#digit2{padding-bottom:.2em}#char1,#char2{padding-left:.05em;padding-right:.05em}body:not(.noPeriod) #time,body:not(.noSeconds) #time{padding-right:.2em}input[type='checkbox']{background:#292a2d;border:solid 1px #5e6064;height:16px;width:28px;position:relative;margin-right:3px;-webkit-appearance:none;-webkit-border-radius:3px;-webkit-transition:all .5s}input[type='checkbox']:after{content:' ';di
04-24 19:46:50.385 W/WifiHW  (   84): wifi_command: SIGNAL_POLL
04-24 19:46:50.385 E/GeckoConsole(   84): Offline cache doesn't need to update, URL=http://www.clocktab.com/sf/main.appcache
04-24 19:46:50.915 I/Gecko   (   84): [Parent 84] WARNING: waitpid failed pid:3896 errno:10: file ../../../gecko/ipc/chromium/src/base/process_util_posix.cc, line 254
04-24 19:46:50.915 I/Gecko   (   84): [Parent 84] WARNING: Failed to deliver SIGKILL to 3896!(3).: file ../../../gecko/ipc/chromium/src/chrome/common/process_watcher_posix_sigchld.cc, line 118
04-24 19:46:51.395 I/Gonk    (   84): Setting nice for pid 3990 to 18
04-24 19:46:51.395 I/Gonk    (   84): Changed nice for pid 3990 from 0 to 18.
04-24 19:46:51.415 E/GeckoConsole(   84): Content JS LOG at dummy file:326 in GaiaApps.launch/appOpen/<: app with origin 'http://www.clocktab.com' has launched
04-24 19:46:51.425 E/[Gralloc-ERROR](   84): int gralloc_unregister_buffer(const gralloc_module_t*, const native_handle_t*):274 Trying to unregister buffer 0x45b64510 from process 84 that was not created in current process: 84
04-24 19:46:51.435 I/Gecko   (   84): 1398394011453	Marionette	INFO	sendToClient: {"from":"0","value":{"frame":{"ELEMENT":"{ee4232ae-9c19-4fb7-927b-04afc666fa48}"},"src":"http://www.clocktab.com/","name":"Clock","origin":"http://www.clocktab.com"}}, {b4504ae0-b547-43aa-8680-4e8b823547a5}, {b4504ae0-b547-43aa-8680-4e8b823547a5}
04-24 19:46:51.485 E/[Gralloc-ERROR](   84): int gralloc_unregister_buffer(const gralloc_module_t*, const native_handle_t*):274 Trying to unregister buffer 0x45b645b0 from process 84 that was not created in current process: 84
04-24 19:46:51.505 E/[Gralloc-ERROR](   84): int gralloc_unregister_buffer(const gralloc_module_t*, const native_handle_t*):274 Trying to unregister buffer 0x45b646f0 from process 84 that was not created in current process: 84
04-24 19:46:51.505 E/[Gralloc-ERROR](   84): int gralloc_unregister_buffer(const gralloc_module_t*, const native_handle_t*):274 Trying to unregister buffer 0x45b64650 from process 84 that was not created in current process: 84
04-24 19:46:52.075 I/Gonk    (   84): Setting nice for pid 3990 to 18
04-24 19:46:52.075 I/Gonk    (   84): Changed nice for pid 3990 from 18 to 18.
04-24 19:46:52.075 I/Gecko   (   84): [Parent 84] WARNING: waitpid failed pid:3990 errno:10: file ../../../gecko/ipc/chromium/src/base/process_util_posix.cc, line 254
04-24 19:46:52.345 I/Gecko   (   84): 1398394012360	Marionette	DEBUG	Got request: switchToFrame, data: {"to":"0","sessionId":"3-b2g","name":"switchToFrame","parameters":{"focus":true,"element":"{ee4232ae-9c19-4fb7-927b-04afc666fa48}"}}, id: {432a2800-ce78-4e6a-9974-bdc4f2f1b257}
04-24 19:46:52.395 I/Gecko   (   84): 1398394012412	Marionette	INFO	Switched to frame: {"frameValue":"{ee4232ae-9c19-4fb7-927b-04afc666fa48}"}
04-24 19:46:52.435 I/Gecko   (   84): 1398394012451	Marionette	INFO	trying remote frame 0
04-24 19:46:52.435 I/Gecko   (   84): 1398394012453	Marionette	INFO	trying remote frame 1
04-24 19:46:52.435 I/Gecko   (   84): 1398394012454	Marionette	INFO	trying remote frame 2
04-24 19:46:52.445 I/Gecko   (   84): 1398394012454	Marionette	INFO	trying remote frame 3
04-24 19:46:52.445 I/Gecko   (   84): 1398394012455	Marionette	INFO	deleting frame
04-24 19:46:52.455 I/Gecko   (   84): 1398394012471	Marionette	INFO	frame-manager load script: [object ChromeMessageSender]
04-24 19:46:53.095 I/Gonk    (   84): Setting nice for pid 3990 to 18
04-24 19:46:53.095 I/Gonk    (   84): Changed nice for pid 3990 from 18 to 18.
04-24 19:46:53.755 I/Gecko   (   84): 
04-24 19:46:53.755 I/Gecko   (   84): ###!!! [Parent][MessageChannel] Error: Channel error: cannot send/recv
04-24 19:46:53.755 I/Gecko   (   84): 
04-24 19:46:53.845 I/Gecko   (   84): [Parent 84] WARNING: waitpid failed pid:3990 errno:10: file ../../../gecko/ipc/chromium/src/base/process_util_posix.cc, line 254
04-24 19:46:53.875 I/Gecko   (   84): 1398394013885	Marionette	INFO	sendToClient: {"from":"0","ok":true}, {432a2800-ce78-4e6a-9974-bdc4f2f1b257}, {432a2800-ce78-4e6a-9974-bdc4f2f1b257}
04-24 19:46:54.265 I/Gecko   (   84): 1398394014280	Marionette	INFO	sendToClient: {"from":"0","value":"http://www.clocktab.com/"}, {43b9f6d2-8eaa-44fd-aebb-f2028a965bea}, {43b9f6d2-8eaa-44fd-aebb-f2028a965bea}
04-24 19:46:54.315 I/Gecko   (   84): 1398394014332	Marionette	DEBUG	Got request: execute, data: {"to":"0","sessionId":"3-b2g","name":"executeScript","parameters":{"specialPowers":false,"scriptTimeout":null,"newSandbox":true,"args":[],"filename":"app_checker.py","script":"return window.document.readyState;","line":191}}, id: {e2636d42-8946-4a50-a6b4-feb3937c616e}
04-24 19:46:55.395 W/WifiHW  (   84): wifi_command: SIGNAL_POLL
04-24 19:46:55.845 I/Gecko   (   84): [Parent 84] WARNING: waitpid failed pid:3990 errno:10: file ../../../gecko/ipc/chromium/src/base/process_util_posix.cc, line 254
04-24 19:46:55.845 I/Gecko   (   84): [Parent 84] WARNING: Failed to deliver SIGKILL to 3990!(3).: file ../../../gecko/ipc/chromium/src/chrome/common/process_watcher_posix_sigchld.cc, line 118
04-24 19:46:57.375 I/Gonk    (   84): Setting nice for pid 4002 to 18
04-24 19:46:57.375 I/Gonk    (   84): Changed nice for pid 4002 from 0 to 18.
04-24 19:46:58.455 I/Gecko   (   84): 1398394018469	Marionette	INFO	sendToClient: {"from":"0","value":"complete"}, {e2636d42-8946-4a50-a6b4-feb3937c616e}, {e2636d42-8946-4a50-a6b4-feb3937c616e}
04-24 19:47:00.555 W/WifiHW  (   84): wifi_command: SIGNAL_POLL
04-24 19:47:00.755 I/Gecko   (   84): 1398394020765	Marionette	INFO	sendToClient: {"from":"0","value":"http://www.clocktab.com/"}, {223e8bc7-8924-49ba-918b-d6b82db658a2}, {223e8bc7-8924-49ba-918b-d6b82db658a2}
04-24 19:47:01.605 I/Gecko   ( 3932): Attempting load of libEGL.so
04-24 19:47:01.805 D/libEGL  ( 3932): loaded /system/lib/egl/libEGL_mali.so
04-24 19:47:01.885 D/libEGL  ( 3932): loaded /system/lib/egl/libGLESv1_CM_mali.so
04-24 19:47:01.905 D/libEGL  ( 3932): loaded /system/lib/egl/libGLESv2_mali.so
04-24 19:47:02.085 I/Gecko   ( 3932): SharedSurface_Gralloc::Create -------
04-24 19:47:02.195 I/Gecko   ( 3932): SharedSurface_Gralloc::Create: success -- surface 0x43fe0540, GraphicBuffer 0x43fca080.
04-24 19:47:10.295 W/WifiHW  (   84): wifi_command: SIGNAL_POLL
04-24 19:47:10.585 I/GonkMemoryPressure( 3932): Checking to see if memory pressure is over.
04-24 19:47:10.585 I/GonkMemoryPressure( 3932): Memory pressure is over.
04-24 19:47:10.585 I/GonkMemoryPressure(   84): Checking to see if memory pressure is over.
04-24 19:47:10.585 I/GonkMemoryPressure(   84): Memory pressure is over.
04-24 19:47:10.585 I/GonkMemoryPressure( 4002): Checking to see if memory pressure is over.
04-24 19:47:10.585 I/GonkMemoryPressure( 4002): Memory pressure is over.
04-24 19:47:10.795 I/Gecko   (   84): 1398394030665	Marionette	INFO	sendToClient: {"from":"0","value":"iVBORw0KGgoAAAANSUhEUgAAAUAAAAHMCAYAAACk4nEJAAAgAElEQVR4nDy7V3MjRp7tqc+0ezfmKnp65raklimpVJ7egyRIgCC899577x1BkCBAECRB76vIMiq5VvfMzty9+7AR+zl++1AT+56R+ZCRkef/O+d89uTxtywKF5HL11kVrzI/N8HY+CiTU+NI1yU8evRXVkQrrIlWMGgVvHj1jOXFRaRSCVqlgn/5H/+CQiVncX4ahUzB1NQE65J1xMIlXC47f/7XP2O1WRAKlzAZVDz+4WtkUhHPnj3BYTczMvYKm8OGaHkBn8vOj4+/weV2MTk9gdtm4ccfH+NyOVgRCUlGQyikIoJeFwqFFJfTjEwuJRT0sbgkIJNOI14SEPC5kMvEpGMR1BoF8Vic1aUFMqkooXCAaNiLQSenWS3j8zgoZhO4nRb2OttEwx5SiTB+n5N2e5NaOUu+kCUQ9LGz2SIY8pFORCgXM9RrFZLJGOlklHwuxVaryvnxAbF4lI1GmXarydnJEIfTyla7xdHhPnv9LnqNlmwyyqDX4/LsGL1ezWB/j2g0yO31GWaLgcFeF51Bx8ef3mHUael3+zRKBa7OjvA6rdxeneB1Wbg8GWI36zjc7ZLLxDg/PkUtX+Py9IxkPMz56TEOu4nDQZdqKcvb11cEvHY+vn9DNODl5uyETDZNIZcmk45xf39HrZJne6NOrVrkbHiAz2Nnt7eD1+/l/bsHbq9PeXt7TT4X599/+5WbsxMOB13K5TSDnS0OB12atTKlXIrz0wN+fndPs1bkoLfDu9tr/vbbR1qNKr2dTXZ7HS5OjtholHDaLLy/u+X//b//F6lkhF6nxfFhn59+ek8qEWJjs8n2do3/+Pe/4/Xaef/6ls5mk4e7SxxWPafHBzRrRS5OD8kmYtTLFTbqVQaDPrFokM12i2jEz95uh2gszMGgi8vt4N
04-24 19:47:11.485 I/Gecko   ( 3932): [SharedSurface_Gralloc 0x43fe0540] destroyed
04-24 19:47:13.935 I/Gecko   (   84): 1398394033937	Marionette	INFO	sendToClient: {"from":"0","ok":true}, {8ca895d9-56f1-45e4-a37e-b7d65f2659d6}, {8ca895d9-56f1-45e4-a37e-b7d65f2659d6}
04-24 19:47:14.175 I/Gecko   (   84): 1398394034189	Marionette	DEBUG	Got request: switchToFrame, data: {"to":"0","sessionId":"3-b2g","name":"switchToFrame","parameters":{"id":null,"focus":true}}, id: {3289ff6d-4cdc-47ed-a25a-c7b7e8664b77}
04-24 19:47:14.265 I/Gecko   (   84): 1398394034277	Marionette	INFO	Switched to frame: {"frameValue":null}
04-24 19:47:14.375 I/Gecko   (   84): 1398394034389	Marionette	INFO	sendToClient: {"from":"0","ok":true}, {3289ff6d-4cdc-47ed-a25a-c7b7e8664b77}, {3289ff6d-4cdc-47ed-a25a-c7b7e8664b77}
04-24 19:47:14.385 I/Gecko   (   84): 1398394034396	Marionette	DEBUG	Got request: executeWithCallback, data: {"to":"0","sessionId":"3-b2g","name":"executeAsyncScript","parameters":{"specialPowers":false,"scriptTimeout":null,"newSandbox":true,"args":[],"filename":"gaia_test.py","script":"return GaiaApps.displayedApp();","line":66}}, id: {8561c453-d8e6-4959-976c-89f0b963004a}
04-24 19:47:14.605 E/GeckoConsole(   84): Content JS LOG at dummy file:392 in GaiaApps.displayedApp: app with origin 'http://www.clocktab.com' is displayed
04-24 19:47:14.605 I/Gecko   (   84): 1398394034618	Marionette	INFO	sendToClient: {"from":"0","value":{"frame":{"ELEMENT":"{ee4232ae-9c19-4fb7-927b-04afc666fa48}"},"src":"http://www.clocktab.com/","name":"Clock","origin":"http://www.clocktab.com"}}, {8561c453-d8e6-4959-976c-89f0b963004a}, {8561c453-d8e6-4959-976c-89f0b963004a}
04-24 19:47:14.615 I/Gecko   (   84): 1398394034626	Marionette	DEBUG	Got request: switchToFrame, data: {"to":"0","sessionId":"3-b2g","name":"switchToFrame","parameters":{"id":null,"focus":true}}, id: {76a5f070-9ade-43d6-99c1-c416e7a8e5df}
04-24 19:47:14.625 I/Gecko   (   84): 1398394034635	Marionette	INFO	Switched to frame: {"frameValue":null}
04-24 19:47:14.725 I/Gecko   (   84): 1398394034738	Marionette	INFO	sendToClient: {"from":"0","ok":true}, {76a5f070-9ade-43d6-99c1-c416e7a8e5df}, {76a5f070-9ade-43d6-99c1-c416e7a8e5df}
04-24 19:47:14.725 I/Gecko   (   84): 1398394034743	Marionette	DEBUG	Got request: execute, data: {"to":"0","sessionId":"3-b2g","name":"executeScript","parameters":{"specialPowers":false,"scriptTimeout":null,"newSandbox":true,"args":[],"filename":"gaia_test.py","script":"window.wrappedJSObject.dispatchEvent(new Event('home'));","line":788}}, id: {18fc1084-7f75-4f69-88f6-b04f8a357466}
04-24 19:47:15.615 I/Gonk    (   84): Setting nice for pid 4002 to 18
04-24 19:47:15.625 I/Gonk    (   84): Changed nice for pid 4002 from 18 to 18.
04-24 19:47:15.635 I/Gecko   (   84): [Parent 84] WARNING: waitpid failed pid:4002 errno:10: file ../../../gecko/ipc/chromium/src/base/process_util_posix.cc, line 254
04-24 19:47:15.835 I/Gonk    (   84): Setting nice for pid 4002 to 1
04-24 19:47:15.835 I/Gonk    (   84): Changed nice for pid 4002 from 18 to 1.
04-24 19:47:15.925 I/GonkMemoryPressure( 3932): Checking to see if memory pressure is over.
04-24 19:47:15.935 I/GonkMemoryPressure(   84): Checking to see if memory pressure is over.
04-24 19:47:15.975 E/Profiler(   84): BPUnw: [1 total] thread_unregister_for_profiling(me=0xbc9558)  (NOT REGISTERED) 
04-24 19:47:15.985 I/GonkMemoryPressure(   84): Memory pressure is over.
04-24 19:47:15.985 I/GonkMemoryPressure( 3932): Memory pressure is over.
04-24 19:47:16.095 D/Sensors (   84): activate handle=0; drv=0
04-24 19:47:16.125 D/Sensors (   84): Lis3dhSensor: Control set 0
04-24 19:47:16.125 D/Sensors (   84): Lis3dhSensor: mEnabled = 0
04-24 19:47:16.385 I/Gecko   (   84): 1398394036403	Marionette	INFO	sendToClient: {"from":"0","value":null}, {18fc1084-7f75-4f69-88f6-b04f8a357466}, {18fc1084-7f75-4f69-88f6-b04f8a357466}
04-24 19:47:16.395 E/Profiler(   84): BPUnw: [1 total] thread_unregister_for_profiling(me=0xbc9ac0)  (NOT REGISTERED) 
04-24 19:47:16.405 W/WifiHW  (   84): wifi_command: SIGNAL_POLL
04-24 19:47:16.515 I/Gecko   (   84): 1398394036533	Marionette	DEBUG	Got request: switchToFrame, data: {"to":"0","sessionId":"3-b2g","name":"switchToFrame","parameters":{"id":null,"focus":true}}, id: {52dcc9b6-58ce-4ae6-bff8-9844708e30b3}
04-24 19:47:16.575 E/Profiler(   84): BPUnw: [1 total] thread_unregister_for_profiling(me=0xbbb178)  (NOT REGISTERED) 
04-24 19:47:16.575 I/Gecko   (   84): 1398394036593	Marionette	INFO	Switched to frame: {"frameValue":null}
04-24 19:47:16.685 I/Gecko   (   84): 1398394036696	Marionette	INFO	sendToClient: {"from":"0","ok":true}, {52dcc9b6-58ce-4ae6-bff8-9844708e30b3}, {52dcc9b6-58ce-4ae6-bff8-9844708e30b3}
04-24 19:47:16.695 I/Gecko   (   84): 1398394036708	Marionette	DEBUG	Got request: executeWithCallback, data: {"to":"0","sessionId":"3-b2g","name":"executeAsyncScript","parameters":{"specialPowers":false,"scriptTimeout":null,"newSandbox":true,"args":[],"filename":"gaia_test.py","script":"return GaiaApps.displayedApp();","line":66}}, id: {f98b7d22-8116-4ce8-98c9-974428a1fa28}
04-24 19:47:16.715 I/GonkMemoryPressure( 4002): Checking to see if memory pressure is over.
04-24 19:47:16.715 I/GonkMemoryPressure( 4002): Memory pressure is over.
04-24 19:47:16.965 I/Gecko   (   84): 1398394036983	Marionette	INFO	sendToClient: {"from":"0","value":{"frame":{"ELEMENT":"{92947d88-8f7e-4d09-89bd-83500e29913f}"},"src":"app://homescreen.gaiamobile.org/index.html#root","name":"Homescreen","origin":"app://homescreen.gaiamobile.org"}}, {f98b7d22-8116-4ce8-98c9-974428a1fa28}, {f98b7d22-8116-4ce8-98c9-974428a1fa28}
04-24 19:47:17.035 E/GeckoConsole(   84): Content JS LOG at dummy file:392 in GaiaApps.displayedApp: app with origin 'app://homescreen.gaiamobile.org' is displayed
04-24 19:47:17.045 I/Gecko   (   84): 1398394037061	Marionette	DEBUG	Got request: switchToFrame, data: {"to":"0","sessionId":"3-b2g","name":"switchToFrame","parameters":{"id":null,"focus":true}}, id: {d32a8179-e911-4686-94dd-65a8aacbefbf}
04-24 19:47:17.055 I/Gecko   (   84): 1398394037070	Marionette	INFO	Switched to frame: {"frameValue":null}
04-24 19:47:17.835 I/Gecko   (   84): 1398394037850	Marionette	INFO	sendToClient: {"from":"0","ok":true}, {d32a8179-e911-4686-94dd-65a8aacbefbf}, {d32a8179-e911-4686-94dd-65a8aacbefbf}
04-24 19:47:17.875 I/Gecko   (   84): 1398394037891	Marionette	DEBUG	Got request: switchToFrame, data: {"to":"0","sessionId":"3-b2g","name":"switchToFrame","parameters":{"id":null,"focus":true}}, id: {f9341656-a85b-4479-a202-61ea0d2633a8}
04-24 19:47:17.875 I/Gecko   (   84): 1398394037893	Marionette	INFO	Switched to frame: {"frameValue":null}
04-24 19:47:17.985 I/Gecko   (   84): 1398394037997	Marionette	INFO	sendToClient: {"from":"0","ok":true}, {f9341656-a85b-4479-a202-61ea0d2633a8}, {f9341656-a85b-4479-a202-61ea0d2633a8}
04-24 19:47:17.985 I/Gecko   (   84): 1398394038004	Marionette	DEBUG	Got request: executeWithCallback, data: {"to":"0","sessionId":"3-b2g","name":"executeAsyncScript","parameters":{"specialPowers":false,"scriptTimeout":null,"newSandbox":true,"args":[],"filename":"gaia_test.py","script":"return GaiaApps.displayedApp();","line":66}}, id: {15d5c254-33fe-4bf1-a085-4a42d9230ba2}
04-24 19:47:18.075 E/GeckoConsole(   84): Content JS LOG at dummy file:392 in GaiaApps.displayedApp: app with origin 'app://homescreen.gaiamobile.org' is displayed
04-24 19:47:18.085 I/Gecko   (   84): 1398394038097	Marionette	INFO	sendToClient: {"from":"0","value":{"frame":{"ELEMENT":"{92947d88-8f7e-4d09-89bd-83500e29913f}"},"src":"app://homescreen.gaiamobile.org/index.html#root","name":"Homescreen","origin":"app://homescreen.gaiamobile.org"}}, {15d5c254-33fe-4bf1-a085-4a42d9230ba2}, {15d5c254-33fe-4bf1-a085-4a42d9230ba2}
04-24 19:47:18.095 I/Gecko   (   84): 1398394038107	Marionette	DEBUG	Got request: switchToFrame, data: {"to":"0","sessionId":"3-b2g","name":"switchToFrame","parameters":{"focus":true,"element":"{92947d88-8f7e-4d09-89bd-83500e29913f}"}}, id: {fa3839df-9cf6-4a99-acfd-8dd3a1ff68fb}
04-24 19:47:18.115 I/Gecko   (   84): 1398394038132	Marionette	INFO	Switched to frame: {"frameValue":"{92947d88-8f7e-4d09-89bd-83500e29913f}"}
04-24 19:47:18.135 I/Gecko   (   84): 1398394038148	Marionette	INFO	trying remote frame 0
04-24 19:47:18.145 I/Gecko   (   84): 1398394038156	Marionette	INFO	trying remote frame 1
04-24 19:47:18.145 I/Gecko   (   84): 1398394038158	Marionette	INFO	trying remote frame 2
04-24 19:47:18.165 I/Gecko   (   84): 1398394038177	Marionette	INFO	trying remote frame 3
04-24 19:47:18.185 I/Gecko   (   84): 1398394038184	Marionette	INFO	frame-manager load script: [object ChromeMessageSender]
04-24 19:47:18.185 I/Gonk    (   84): Setting nice for pid 3932 to 18
04-24 19:47:18.185 I/Gonk    (   84): Changed nice for pid 3932 from 1 to 18.
04-24 19:47:18.965 I/Gecko   ( 4002): ###################################### forms.js loaded
04-24 19:47:19.005 I/Gecko   ( 4002): ############################### browserElementPanning.js loaded
04-24 19:47:19.025 I/Gecko   ( 4002): ######################## BrowserElementChildPreload.js loaded
04-24 19:47:19.465 I/Gecko   (   84): 
04-24 19:47:19.465 I/Gecko   (   84): ###!!! [Parent][MessageChannel] Error: Channel error: cannot send/recv
04-24 19:47:19.465 I/Gecko   (   84): 
04-24 19:47:19.575 I/Gecko   (   84): [Parent 84] WARNING: waitpid failed pid:3932 errno:10: file ../../../gecko/ipc/chromium/src/base/process_util_posix.cc, line 254
04-24 19:47:20.035 I/Gecko   (   84): 1398394040044	Marionette	INFO	sendToClient: {"from":"0","ok":true}, {fa3839df-9cf6-4a99-acfd-8dd3a1ff68fb}, {fa3839df-9cf6-4a99-acfd-8dd3a1ff68fb}
04-24 19:47:20.225 I/Gecko   (   84): 1398394040235	Marionette	INFO	sendToClient: {"from":"0","value":"app://homescreen.gaiamobile.org/index.html#root"}, {add1b8f4-bc50-4bed-badc-53d34c7d08bc}, {add1b8f4-bc50-4bed-badc-53d34c7d08bc}
04-24 19:47:20.225 I/Gecko   (   84): 1398394040240	Marionette	DEBUG	Got request: switchToFrame, data: {"to":"0","sessionId":"3-b2g","name":"switchToFrame","parameters":{"id":null,"focus":true}}, id: {d683ff6a-8104-4fc7-9833-ad1456e53427}
04-24 19:47:20.245 I/Gecko   (   84): 1398394040258	Marionette	INFO	Switched to frame: {"frameValue":null}
04-24 19:47:20.345 I/Gecko   (   84): 1398394040364	Marionette	INFO	sendToClient: {"from":"0","ok":true}, {d683ff6a-8104-4fc7-9833-ad1456e53427}, {d683ff6a-8104-4fc7-9833-ad1456e53427}
04-24 19:47:20.355 I/Gecko   (   84): 1398394040369	Marionette	DEBUG	Got request: switchToFrame, data: {"to":"0","sessionId":"3-b2g","name":"switchToFrame","parameters":{"id":null,"focus":true}}, id: {37f1224e-2fb8-46cd-8cfa-33bbec91ef19}
04-24 19:47:20.355 I/Gecko   (   84): 1398394040371	Marionette	INFO	Switched to frame: {"frameValue":null}
04-24 19:47:20.465 I/Gecko   (   84): 1398394040475	Marionette	INFO	sendToClient: {"from":"0","ok":true}, {37f1224e-2fb8-46cd-8cfa-33bbec91ef19}, {37f1224e-2fb8-46cd-8cfa-33bbec91ef19}
04-24 19:47:20.465 I/Gecko   (   84): 1398394040481	Marionette	DEBUG	Got request: executeWithCallback, data: {"to":"0","sessionId":"3-b2g","name":"executeAsyncScript","parameters":{"specialPowers":false,"scriptTimeout":null,"newSandbox":true,"args":[],"filename":"gaia_test.py","script":"GaiaApps.killAll()","line":91}}, id: {a4a947ff-9c22-443d-85d5-67d049987250}
04-24 19:47:20.525 I/Gecko   (   84): 1398394040536	Marionette	INFO	sendToClient: {"from":"0","value":true}, {a4a947ff-9c22-443d-85d5-67d049987250}, {a4a947ff-9c22-443d-85d5-67d049987250}
04-24 19:47:20.525 I/Gecko   (   84): 1398394040542	Marionette	DEBUG	Got request: switchToFrame, data: {"to":"0","sessionId":"3-b2g","name":"switchToFrame","parameters":{"id":null,"focus":true}}, id: {a3be2a14-e355-4a37-9f70-9c536b9a74ee}
04-24 19:47:20.535 I/Gecko   (   84): 1398394040546	Marionette	INFO	Switched to frame: {"frameValue":null}
04-24 19:47:20.645 I/Gecko   (   84): 1398394040657	Marionette	INFO	sendToClient: {"from":"0","ok":true}, {a3be2a14-e355-4a37-9f70-9c536b9a74ee}, {a3be2a14-e355-4a37-9f70-9c536b9a74ee}
04-24 19:47:20.645 I/Gecko   (   84): 1398394040663	Marionette	DEBUG	Got request: executeWithCallback, data: {"to":"0","sessionId":"3-b2g","name":"executeAsyncScript","parameters":{"specialPowers":false,"scriptTimeout":60000,"newSandbox":true,"args":[],"filename":"app_checker.py","script":"\n        GaiaApps.locateWithManifestURL('http://www.clocktab.com/sf/clocktab.webapp',\n                                       null,\n                                       function uninstall(app) {\n                                       navigator.mozApps.mgmt.uninstall(app);\n                                       marionetteScriptFinished(true);\n                                       });\n        ","line":129}}, id: {7abe53b7-f12b-410a-9e38-883b15e387ba}
04-24 19:47:20.725 I/Gecko   (   84): -- webapps.js uninstall http://www.clocktab.com/sf/clocktab.webapp
04-24 19:47:20.765 I/Gonk    (   84): Setting nice for pid 4027 to 18
04-24 19:47:20.775 I/Gonk    (   84): Changed nice for pid 4027 from 0 to 18.
04-24 19:47:21.245 I/Gecko   (   84): 1398394041255	Marionette	INFO	sendToClient: {"from":"0","value":true}, {7abe53b7-f12b-410a-9e38-883b15e387ba}, {7abe53b7-f12b-410a-9e38-883b15e387ba}
04-24 19:47:21.465 W/WifiHW  (   84): wifi_command: SIGNAL_POLL
04-24 19:47:21.585 I/Gecko   (   84): [Parent 84] WARNING: waitpid failed pid:3932 errno:10: file ../../../gecko/ipc/chromium/src/base/process_util_posix.cc, line 254
04-24 19:47:21.585 I/Gecko   (   84): [Parent 84] WARNING: Failed to deliver SIGKILL to 3932!(3).: file ../../../gecko/ipc/chromium/src/chrome/common/process_watcher_posix_sigchld.cc, line 118