--------- beginning of /dev/log/main
04-27 23:05:22.346 I/Gecko   (   84): 1398665122360	Marionette	INFO	sendToClient: {"from":"0","value":"<div><img src=\"blob:f687e992-9469-4fe1-bce0-36169cea8ea3\" style=\"visibility: visible;\" role=\"presentation\" height=\"64\" width=\"64\"><span class=\"labelWrapper mask\"><span>Duck Sounds</span></span></div><span data-is-icon=\"true\" class=\"options\"></span>"}, {95a8c71d-ff6d-4532-90f5-007b2363acb0}, {95a8c71d-ff6d-4532-90f5-007b2363acb0}
04-27 23:05:22.356 I/Gecko   (   84): 1398665122372	Marionette	INFO	sendToClient: {"from":"0","value":"<div><img src=\"blob:5fc9a7e6-b150-4ae7-b8e6-70e98c3a7a48\" style=\"visibility: visible;\" role=\"presentation\" height=\"64\" width=\"64\"><span class=\"labelWrapper mask\"><span>Alarm Sounds</span></span></div><span data-is-icon=\"true\" class=\"options\"></span>"}, {52694cfd-f28d-49f3-af1d-ea0a00357480}, {52694cfd-f28d-49f3-af1d-ea0a00357480}
04-27 23:05:22.366 I/Gecko   (   84): 1398665122382	Marionette	INFO	sendToClient: {"from":"0","value":"<div><img src=\"blob:bf0b3933-5191-4da7-997b-8a2555963b7b\" style=\"visibility: visible;\" role=\"presentation\" height=\"64\" width=\"64\"><span class=\"labelWrapper\"><span>Art</span></span></div><span data-is-icon=\"true\" class=\"options\"></span>"}, {204ed562-63ad-4af9-a054-d7425ea4b2ec}, {204ed562-63ad-4af9-a054-d7425ea4b2ec}
04-27 23:05:22.376 I/Gecko   (   84): 1398665122392	Marionette	INFO	sendToClient: {"from":"0","value":"<div><img src=\"blob:d3cef299-ad73-40ed-b9e6-d3e43d9f8f32\" style=\"visibility: visible;\" role=\"presentation\" height=\"64\" width=\"64\"><span class=\"labelWrapper\"><span>Marketplace</span></span></div><span data-is-icon=\"true\" class=\"options\"></span>"}, {93205829-c851-48a7-af60-ae5a9913ecb6}, {93205829-c851-48a7-af60-ae5a9913ecb6}
04-27 23:05:22.396 I/Gecko   (   84): 1398665122404	Marionette	INFO	sendToClient: {"from":"0","value":"<div><img src=\"blob:fb614653-dad7-4dd6-95ae-1daeca379d2d\" style=\"visibility: visible;\" role=\"presentation\" height=\"64\" width=\"64\"><span class=\"labelWrapper\"><span>VTCS 13</span></span></div><span data-is-icon=\"true\" class=\"options\"></span>"}, {07705c01-a2f0-4273-a9d9-a1e1b7bfbf30}, {07705c01-a2f0-4273-a9d9-a1e1b7bfbf30}
04-27 23:05:22.466 I/Gecko   (   84): 1398665122479	Marionette	INFO	sendToClient: {"from":"0","value":"<div><img src=\"blob:7b4a77cd-b0e5-417d-aef9-96de56b47aa7\" style=\"visibility: visible;\" role=\"presentation\" height=\"64\" width=\"64\"><span class=\"labelWrapper mask\"><span>inca-challenge</span></span></div><span data-is-icon=\"true\" class=\"options\"></span>"}, {deff4d4d-1d25-4ee8-9bab-ff82f9c26a93}, {deff4d4d-1d25-4ee8-9bab-ff82f9c26a93}
04-27 23:05:22.476 I/Gecko   (   84): 1398665122490	Marionette	INFO	sendToClient: {"from":"0","value":"<div><img src=\"blob:c9a58425-2c5a-4dc2-b3f9-463cbd258941\" style=\"visibility: visible;\" role=\"presentation\" height=\"64\" width=\"64\"><span class=\"labelWrapper\"><span>KAYAK</span></span></div><span data-is-icon=\"true\" class=\"options\"></span>"}, {e3688940-ad32-41d1-8b75-daf1665027bd}, {e3688940-ad32-41d1-8b75-daf1665027bd}
04-27 23:05:22.486 I/Gecko   (   84): 1398665122500	Marionette	INFO	sendToClient: {"from":"0","value":"<div><img src=\"blob:c70b150d-9288-4365-bea1-55d27cf0f9f0\" style=\"visibility: visible;\" role=\"presentation\" height=\"64\" width=\"64\"><span class=\"labelWrapper mask\"><span>Real Headshot</span></span></div><span data-is-icon=\"true\" class=\"options\"></span>"}, {bbe57927-d41a-4676-bd54-8685a7d8eafd}, {bbe57927-d41a-4676-bd54-8685a7d8eafd}
04-27 23:05:22.496 I/Gecko   (   84): 1398665122511	Marionette	INFO	sendToClient: {"from":"0","value":"<div><img src=\"blob:61177a18-dab8-4677-9de7-a090c2a2e482\" style=\"visibility: visible;\" role=\"presentation\" height=\"64\" width=\"64\"><span class=\"labelWrapper mask\"><span>Orion Nebula</span></span></div><span data-is-icon=\"true\" class=\"options\"></span>"}, {7179493d-dbe8-4f98-8275-83b0be0a4c4c}, {7179493d-dbe8-4f98-8275-83b0be0a4c4c}
04-27 23:05:22.506 I/Gecko   (   84): 1398665122521	Marionette	INFO	sendToClient: {"from":"0","value":"<div><img src=\"blob:cd99581b-cfb9-42c7-98fd-f460a7024653\" style=\"visibility: visible;\" role=\"presentation\" height=\"64\" width=\"64\"><span class=\"labelWrapper mask\"><span>Galinha Pintadinha</span></span></div><span data-is-icon=\"true\" class=\"options\"></span>"}, {47469339-26e7-46ac-8d30-d577319a14e5}, {47469339-26e7-46ac-8d30-d577319a14e5}
04-27 23:05:22.516 I/Gecko   (   84): 1398665122530	Marionette	INFO	sendToClient: {"from":"0","value":"<div><img src=\"blob:6f9919a1-73c5-49a7-89ff-ba4277ca4056\" style=\"visibility: visible;\" role=\"presentation\" height=\"64\" width=\"64\"><span class=\"labelWrapper mask\"><span>Octopus Blast: ink rush</span></span></div><span data-is-icon=\"true\" class=\"options\"></span>"}, {9f315df5-c0b9-4771-87f2-ace0043034bc}, {9f315df5-c0b9-4771-87f2-ace0043034bc}
04-27 23:05:22.526 I/Gecko   (   84): 1398665122540	Marionette	INFO	sendToClient: {"from":"0","value":"<div><img src=\"blob:5679b12b-f772-4242-abe2-3511bf96ca06\" style=\"visibility: visible;\" role=\"presentation\" height=\"64\" width=\"64\"><span class=\"labelWrapper mask\"><span>Skyrock.mobi</span></span></div><span data-is-icon=\"true\" class=\"options\"></span>"}, {1c05f066-595e-4d97-b108-fc3c53cbb7e7}, {1c05f066-595e-4d97-b108-fc3c53cbb7e7}
04-27 23:05:22.536 I/Gecko   (   84): 1398665122550	Marionette	INFO	sendToClient: {"from":"0","value":"<div><img src=\"blob:2455c218-f94f-4589-a895-88aca874759b\" style=\"visibility: visible;\" role=\"presentation\" height=\"64\" width=\"64\"><span class=\"labelWrapper\"><span>IQ FitFun</span></span></div><span data-is-icon=\"true\" class=\"options\"></span>"}, {cd0fd71e-fbe1-46f5-a1b7-b62c380a3482}, {cd0fd71e-fbe1-46f5-a1b7-b62c380a3482}
04-27 23:05:22.556 I/Gecko   (   84): 1398665122572	Marionette	INFO	sendToClient: {"from":"0","value":"<div><img src=\"blob:25e50365-072c-464c-ac43-67b4420515e5\" style=\"visibility: visible;\" role=\"presentation\" height=\"64\" width=\"64\"><span class=\"labelWrapper mask\"><span>Ali Babá Juego de Objetos Ocultos</span></span></div><span data-is-icon=\"true\" class=\"options\"></span>"}, {c69ccc52-6fc9-496a-9116-1ed1e741accf}, {c69ccc52-6fc9-496a-9116-1ed1e741accf}
04-27 23:05:22.576 I/Gecko   (   84): 1398665122585	Marionette	INFO	sendToClient: {"from":"0","value":"<div><img src=\"blob:5ee89dda-52ea-45a1-a972-1a11a244c5a4\" style=\"visibility: visible;\" role=\"presentation\" height=\"64\" width=\"64\"><span class=\"labelWrapper mask\"><span>Sweet Surprise Slots</span></span></div><span data-is-icon=\"true\" class=\"options\"></span>"}, {584d6938-5df0-43b5-a60b-5b9000517fad}, {584d6938-5df0-43b5-a60b-5b9000517fad}
04-27 23:05:22.586 I/Gecko   (   84): 1398665122603	Marionette	INFO	sendToClient: {"from":"0","value":"<div><img src=\"blob:5ce4215b-061c-403d-a3bb-80d830c75203\" style=\"visibility: visible;\" role=\"presentation\" height=\"64\" width=\"64\"><span class=\"labelWrapper mask\"><span>Space Jumper</span></span></div><span data-is-icon=\"true\" class=\"options\"></span>"}, {cece6a9e-a529-4f6d-8050-1c37b78939bb}, {cece6a9e-a529-4f6d-8050-1c37b78939bb}
04-27 23:05:22.606 I/Gecko   (   84): 1398665122615	Marionette	INFO	sendToClient: {"from":"0","value":"<div><img src=\"blob:8786de82-6231-4a57-a435-9d640c8ecebc\" style=\"visibility: visible;\" role=\"presentation\" height=\"64\" width=\"64\"><span class=\"labelWrapper mask\"><span>ZAK Adventures Lite</span></span></div><span data-is-icon=\"true\" class=\"options\"></span>"}, {4c21a52d-7da0-4f2b-ae37-6cee46c53636}, {4c21a52d-7da0-4f2b-ae37-6cee46c53636}
04-27 23:05:22.616 I/Gecko   (   84): 1398665122627	Marionette	INFO	sendToClient: {"from":"0","value":"<div><img src=\"blob:c17767f3-e075-4736-a175-8b4ebf2479bf\" style=\"visibility: visible;\" role=\"presentation\" height=\"64\" width=\"64\"><span class=\"labelWrapper mask\"><span>Learning Is Fun!</span></span></div><span data-is-icon=\"true\" class=\"options\"></span>"}, {3e1814f7-ed67-40b7-bd23-c12cc8cbf567}, {3e1814f7-ed67-40b7-bd23-c12cc8cbf567}
04-27 23:05:22.626 I/Gecko   (   84): 1398665122637	Marionette	INFO	sendToClient: {"from":"0","value":"<div><img src=\"blob:05a385bc-3dcb-4e41-b9de-c8c55ae1f940\" style=\"visibility: visible;\" role=\"presentation\" height=\"64\" width=\"64\"><span class=\"labelWrapper\"><span>Pirate Slots</span></span></div><span data-is-icon=\"true\" class=\"options\"></span>"}, {eb740dca-62f1-4c80-84fc-b3a5e659a4f8}, {eb740dca-62f1-4c80-84fc-b3a5e659a4f8}
04-27 23:05:22.636 I/Gecko   (   84): 1398665122646	Marionette	INFO	sendToClient: {"from":"0","value":"<div><img src=\"blob:8c91c533-e5f5-4a47-9eea-4c2d82ffd91b\" style=\"visibility: visible;\" role=\"presentation\" height=\"64\" width=\"64\"><span class=\"labelWrapper\"><span>Bubble Fish</span></span></div><span data-is-icon=\"true\" class=\"options\"></span>"}, {3f5b56fe-8591-4715-9301-e5538bb17d9c}, {3f5b56fe-8591-4715-9301-e5538bb17d9c}
04-27 23:05:22.646 I/Gecko   (   84): 1398665122656	Marionette	INFO	sendToClient: {"from":"0","value":"<div><img src=\"blob:b615436e-8667-41c3-9ab9-ea2c960be7dd\" style=\"visibility: visible;\" role=\"presentation\" height=\"64\" width=\"64\"><span class=\"labelWrapper\"><span>Flowers</span></span></div><span data-is-icon=\"true\" class=\"options\"></span>"}, {983a8703-1473-45c9-a0d8-56611343d781}, {983a8703-1473-45c9-a0d8-56611343d781}
04-27 23:05:22.666 I/Gecko   (   84): 1398665122677	Marionette	INFO	sendToClient: {"from":"0","value":"<div><img src=\"blob:d271df57-d174-4c37-b4ab-2dc3a4e61805\" style=\"visibility: visible;\" role=\"presentation\" height=\"64\" width=\"64\"><span class=\"labelWrapper\"><span>Emoviecons</span></span></div><span data-is-icon=\"true\" class=\"options\"></span>"}, {89972d9f-be24-43c3-968f-f6b6ef671a48}, {89972d9f-be24-43c3-968f-f6b6ef671a48}
04-27 23:05:22.716 I/Gecko   (   84): 1398665122732	Marionette	INFO	sendToClient: {"from":"0","value":"<div><img src=\"blob:35caa7b0-7167-4ae5-9b8d-1299045fa003\" style=\"visibility: visible;\" role=\"presentation\" height=\"64\" width=\"64\"><span class=\"labelWrapper mask\"><span>Alien Syncope</span></span></div><span data-is-icon=\"true\" class=\"options\"></span>"}, {c4c4a09c-a598-4c3b-9bd1-ce1cf208b1b0}, {c4c4a09c-a598-4c3b-9bd1-ce1cf208b1b0}
04-27 23:05:22.766 I/Gecko   (   84): 1398665122775	Marionette	INFO	sendToClient: {"from":"0","value":"<div><img src=\"blob:780b1f09-0aaf-405e-a8c0-682beeada2b3\" style=\"visibility: visible;\" role=\"presentation\" height=\"64\" width=\"64\"><span class=\"labelWrapper mask\"><span>Doner Kebab</span></span></div><span data-is-icon=\"true\" class=\"options\"></span>"}, {6ca38aa5-aa5f-48b4-8d67-35f521b56493}, {6ca38aa5-aa5f-48b4-8d67-35f521b56493}
04-27 23:05:22.776 I/Gecko   (   84): 1398665122785	Marionette	INFO	sendToClient: {"from":"0","value":"<div><img src=\"blob:6b160ebc-1d0f-4c90-adee-e36196be18fe\" style=\"visibility: visible;\" role=\"presentation\" height=\"64\" width=\"64\"><span class=\"labelWrapper\"><span>Dímelo</span></span></div><span data-is-icon=\"true\" class=\"options\"></span>"}, {96a07654-61ca-4c23-ac9c-97bbbb1eb01a}, {96a07654-61ca-4c23-ac9c-97bbbb1eb01a}
04-27 23:05:22.786 I/Gecko   (   84): 1398665122796	Marionette	INFO	sendToClient: {"from":"0","value":"<div><img src=\"blob:2d1c4771-1c13-43b4-8a88-d6b387509a18\" style=\"visibility: visible;\" role=\"presentation\" height=\"64\" width=\"64\"><span class=\"labelWrapper\"><span>RoadGueys</span></span></div><span data-is-icon=\"true\" class=\"options\"></span>"}, {6ef82d14-11e9-4369-b706-b959e539a94b}, {6ef82d14-11e9-4369-b706-b959e539a94b}
04-27 23:05:22.796 I/Gecko   (   84): 1398665122807	Marionette	INFO	sendToClient: {"from":"0","value":"<div><img src=\"blob:74be1cbf-d71a-40a1-a061-c24537667280\" style=\"visibility: visible;\" role=\"presentation\" height=\"64\" width=\"64\"><span class=\"labelWrapper\"><span>Digi Crush</span></span></div><span data-is-icon=\"true\" class=\"options\"></span>"}, {7665c4ec-736c-4898-a020-e305138f2bf8}, {7665c4ec-736c-4898-a020-e305138f2bf8}
04-27 23:05:22.806 I/Gecko   (   84): 1398665122818	Marionette	INFO	sendToClient: {"from":"0","value":"<div><img src=\"blob:45648d4b-5b70-42bd-bbb3-fcae5df1b3ca\" style=\"visibility: visible;\" role=\"presentation\" height=\"64\" width=\"64\"><span class=\"labelWrapper\"><span>Through !!</span></span></div><span data-is-icon=\"true\" class=\"options\"></span>"}, {bda2276b-5baf-4940-beb3-e84a5460df94}, {bda2276b-5baf-4940-beb3-e84a5460df94}
04-27 23:05:22.816 I/Gecko   (   84): 1398665122828	Marionette	INFO	sendToClient: {"from":"0","value":"<div><img src=\"blob:21d2084b-7da0-46f3-8c84-6359f0f4ed09\" style=\"visibility: visible;\" role=\"presentation\" height=\"64\" width=\"64\"><span class=\"labelWrapper\"><span>Bessa</span></span></div><span data-is-icon=\"true\" class=\"options\"></span>"}, {c92e94a7-858b-41b7-b070-7c32e05b5c57}, {c92e94a7-858b-41b7-b070-7c32e05b5c57}
04-27 23:05:23.906 I/Gecko   (   84): 1398665123917	Marionette	INFO	sendToClient: {"from":"0","value":"<div><img src=\"blob:a482ac2f-a136-407b-955e-0f93ddeb606e\" style=\"visibility: visible;\" role=\"presentation\" height=\"64\" width=\"64\"><span class=\"labelWrapper mask\"><span>Professor Plum's Fruit Squash</span></span></div><span data-is-icon=\"true\" class=\"options\"></span>"}, {68905933-3f52-4df7-8432-ef6662004567}, {68905933-3f52-4df7-8432-ef6662004567}
04-27 23:05:23.916 W/WifiHW  (   84): wifi_command: SIGNAL_POLL
04-27 23:05:24.016 I/Gecko   (   84): 1398665124033	Marionette	INFO	sendToClient: {"from":"0","value":"<div><img src=\"blob:593d9e19-c1f4-463e-aa51-d72c1fe93d0c\" style=\"visibility: visible;\" role=\"presentation\" height=\"64\" width=\"64\"><span class=\"labelWrapper mask\"><span>Distance From Me</span></span></div><span data-is-icon=\"true\" class=\"options\"></span>"}, {508b624d-10e7-47ff-8674-f89c1b1ddcdd}, {508b624d-10e7-47ff-8674-f89c1b1ddcdd}
04-27 23:05:24.036 I/Gecko   (   84): 1398665124044	Marionette	INFO	sendToClient: {"from":"0","value":"<div><img src=\"blob:07336798-143d-475c-adb9-2c18852b673d\" style=\"visibility: visible;\" role=\"presentation\" height=\"64\" width=\"64\"><span class=\"labelWrapper\"><span>OpenPanzer</span></span></div><span data-is-icon=\"true\" class=\"options\"></span>"}, {da5f7007-7ddf-45bf-a4c0-1d5235188921}, {da5f7007-7ddf-45bf-a4c0-1d5235188921}
04-27 23:05:24.046 I/Gecko   (   84): 1398665124055	Marionette	INFO	sendToClient: {"from":"0","value":"<div><img src=\"blob:44944d01-b76d-467b-8310-acf665ead483\" style=\"visibility: visible;\" role=\"presentation\" height=\"64\" width=\"64\"><span class=\"labelWrapper mask\"><span>Pocket Alphabets</span></span></div><span data-is-icon=\"true\" class=\"options\"></span>"}, {8611c20b-13bf-4cca-b473-618db43e697c}, {8611c20b-13bf-4cca-b473-618db43e697c}
04-27 23:05:24.056 I/Gecko   (   84): 1398665124064	Marionette	INFO	sendToClient: {"from":"0","value":"<div><img src=\"blob:e0197639-9c1a-4e96-b8fc-16355d6586f0\" style=\"visibility: visible;\" role=\"presentation\" height=\"64\" width=\"64\"><span class=\"labelWrapper\"><span>Hangman</span></span></div><span data-is-icon=\"true\" class=\"options\"></span>"}, {e6395d52-4308-40ec-aa8f-7fe023dea788}, {e6395d52-4308-40ec-aa8f-7fe023dea788}
04-27 23:05:24.066 I/Gecko   (   84): 1398665124074	Marionette	INFO	sendToClient: {"from":"0","value":"<div><img src=\"blob:45cd80b3-91c1-4b50-9f18-5a3f5567fd91\" style=\"visibility: visible;\" role=\"presentation\" height=\"64\" width=\"64\"><span class=\"labelWrapper\"><span>Mad Runner</span></span></div><span data-is-icon=\"true\" class=\"options\"></span>"}, {dc45a613-2025-4753-825b-dc24b19cc373}, {dc45a613-2025-4753-825b-dc24b19cc373}
04-27 23:05:24.066 I/Gecko   (   84): 1398665124083	Marionette	INFO	sendToClient: {"from":"0","value":"<div><img src=\"blob:8c98b74d-4e2a-4519-9577-1e0c394bdaba\" style=\"visibility: visible;\" role=\"presentation\" height=\"64\" width=\"64\"><span class=\"labelWrapper\"><span>Real Soccer</span></span></div><span data-is-icon=\"true\" class=\"options\"></span>"}, {b372086c-d26c-4945-a255-782f7b0b6d64}, {b372086c-d26c-4945-a255-782f7b0b6d64}
04-27 23:05:24.076 I/Gecko   (   84): 1398665124093	Marionette	INFO	sendToClient: {"from":"0","value":"<div><img src=\"blob:65f4a91e-e8b1-4a92-ab35-846a8c8abab4\" style=\"visibility: visible;\" role=\"presentation\" height=\"64\" width=\"64\"><span class=\"labelWrapper\"><span>Roulette</span></span></div><span data-is-icon=\"true\" class=\"options\"></span>"}, {b1bd7ebb-a390-4801-a935-9dcba386add2}, {b1bd7ebb-a390-4801-a935-9dcba386add2}
04-27 23:05:24.106 I/Gecko   (   84): 1398665124115	Marionette	INFO	sendToClient: {"from":"0","value":"<div><img src=\"blob:cf9cc92d-106a-45ef-9af7-5c34ef0366fc\" style=\"visibility: visible;\" role=\"presentation\" height=\"64\" width=\"64\"><span class=\"labelWrapper\"><span>Mondrago</span></span></div><span data-is-icon=\"true\" class=\"options\"></span>"}, {e8d19880-c1fa-49df-bcb3-0dc579fa79d9}, {e8d19880-c1fa-49df-bcb3-0dc579fa79d9}
04-27 23:05:24.116 I/Gecko   (   84): 1398665124127	Marionette	INFO	sendToClient: {"from":"0","value":"<div><img src=\"blob:ced45b13-6f1d-476b-a5f0-174d0a654139\" style=\"visibility: visible;\" role=\"presentation\" height=\"64\" width=\"64\"><span class=\"labelWrapper\"><span>4 kép 1 szó</span></span></div><span data-is-icon=\"true\" class=\"options\"></span>"}, {caf9f972-caee-4b35-910f-d6e60c28a2db}, {caf9f972-caee-4b35-910f-d6e60c28a2db}
04-27 23:05:24.126 I/Gecko   (   84): 1398665124138	Marionette	INFO	sendToClient: {"from":"0","value":"<div><img src=\"blob:299ad4eb-950f-41a8-9de2-09168085f59a\" style=\"visibility: visible;\" role=\"presentation\" height=\"64\" width=\"64\"><span class=\"labelWrapper\"><span>Word Up</span></span></div><span data-is-icon=\"true\" class=\"options\"></span>"}, {e77efc7e-838a-4443-ac3c-1ddf1ea83894}, {e77efc7e-838a-4443-ac3c-1ddf1ea83894}
04-27 23:05:24.136 I/Gecko   (   84): 1398665124148	Marionette	INFO	sendToClient: {"from":"0","value":"<div><img src=\"blob:45cba461-9d4e-4cc6-8a77-50c0f2f33f5f\" style=\"visibility: visible;\" role=\"presentation\" height=\"64\" width=\"64\"><span class=\"labelWrapper\"><span>Candy Time</span></span></div><span data-is-icon=\"true\" class=\"options\"></span>"}, {22cd6a72-903d-4303-a364-164fba5b4d7f}, {22cd6a72-903d-4303-a364-164fba5b4d7f}
04-27 23:05:24.146 I/Gecko   (   84): 1398665124158	Marionette	INFO	sendToClient: {"from":"0","value":"<div><img src=\"blob:824f88c3-c1ce-410c-84c8-cd5bc9742481\" style=\"visibility: visible;\" role=\"presentation\" height=\"64\" width=\"64\"><span class=\"labelWrapper mask\"><span>Ali Baba Jogo de Objetos Escondidos</span></span></div><span data-is-icon=\"true\" class=\"options\"></span>"}, {608e8242-af94-4538-a895-0816f10c74f5}, {608e8242-af94-4538-a895-0816f10c74f5}
04-27 23:05:24.156 I/Gecko   (   84): 1398665124167	Marionette	INFO	sendToClient: {"from":"0","value":"<div><img src=\"blob:3842e058-cd24-41df-84a6-3d0ae599d22b\" style=\"visibility: visible;\" role=\"presentation\" height=\"64\" width=\"64\"><span class=\"labelWrapper\"><span>Four in Line</span></span></div><span data-is-icon=\"true\" class=\"options\"></span>"}, {59238a27-c0ee-46e7-8bf6-99a1b476441d}, {59238a27-c0ee-46e7-8bf6-99a1b476441d}
04-27 23:05:24.166 I/Gecko   (   84): 1398665124177	Marionette	INFO	sendToClient: {"from":"0","value":"<div><img src=\"blob:3c902805-97b2-4153-9740-ad4093383b50\" style=\"visibility: visible;\" role=\"presentation\" height=\"64\" width=\"64\"><span class=\"labelWrapper\"><span>Rádio Clube</span></span></div><span data-is-icon=\"true\" class=\"options\"></span>"}, {6855afe6-20f7-4684-94b9-0ac3e23d5295}, {6855afe6-20f7-4684-94b9-0ac3e23d5295}
04-27 23:05:24.176 I/Gecko   (   84): 1398665124187	Marionette	INFO	sendToClient: {"from":"0","value":"<div><img src=\"blob:ee501c39-9ae6-45cd-9758-ec63ec099952\" style=\"visibility: visible;\" role=\"presentation\" height=\"64\" width=\"64\"><span class=\"labelWrapper mask\"><span>Fantasy Slots</span></span></div><span data-is-icon=\"true\" class=\"options\"></span>"}, {b1a5d567-618d-4b75-8038-5931b0c80aa1}, {b1a5d567-618d-4b75-8038-5931b0c80aa1}
04-27 23:05:24.186 I/Gecko   (   84): 1398665124197	Marionette	INFO	sendToClient: {"from":"0","value":"<div><img src=\"blob:ece479d6-8cd7-4de5-ae52-cdbfbebdb7a6\" style=\"visibility: visible;\" role=\"presentation\" height=\"64\" width=\"64\"><span class=\"labelWrapper mask\"><span>Blancanieves y los siete enanitos Juego de Objetos Ocultos</span></span></div><span data-is-icon=\"true\" class=\"options\"></span>"}, {83993994-92b0-41f6-8d1f-d9355d1b749a}, {83993994-92b0-41f6-8d1f-d9355d1b749a}
04-27 23:05:24.196 I/Gecko   (   84): 1398665124208	Marionette	INFO	sendToClient: {"from":"0","value":"<div><img src=\"blob:103e6a7f-cac6-4d87-b2f3-4278c6b7210a\" style=\"visibility: visible;\" role=\"presentation\" height=\"64\" width=\"64\"><span class=\"labelWrapper mask\"><span>Kiss And Makeup</span></span></div><span data-is-icon=\"true\" class=\"options\"></span>"}, {311edfea-405c-432c-adff-eb3a0403f5b2}, {311edfea-405c-432c-adff-eb3a0403f5b2}
04-27 23:05:24.206 I/Gecko   (   84): 1398665124219	Marionette	INFO	sendToClient: {"from":"0","value":"<div><img src=\"blob:d6ef03cc-4b79-420d-96a2-fb87ecbbf836\" style=\"visibility: visible;\" role=\"presentation\" height=\"64\" width=\"64\"><span class=\"labelWrapper mask\"><span>Mahjong Deluxe 2</span></span></div><span data-is-icon=\"true\" class=\"options\"></span>"}, {78abc2fc-ffef-4556-b5db-0951b14a71d0}, {78abc2fc-ffef-4556-b5db-0951b14a71d0}
04-27 23:05:24.216 I/Gecko   (   84): 1398665124229	Marionette	INFO	sendToClient: {"from":"0","value":"<div><img src=\"blob:b725f895-a04e-45ef-93dd-375b88c577da\" style=\"visibility: visible;\" role=\"presentation\" height=\"64\" width=\"64\"><span class=\"labelWrapper mask\"><span>Do you speak ... ?</span></span></div><span data-is-icon=\"true\" class=\"options\"></span>"}, {3f42da4a-211e-440a-89d8-f06876a1837c}, {3f42da4a-211e-440a-89d8-f06876a1837c}
04-27 23:05:24.236 I/Gecko   (   84): 1398665124247	Marionette	INFO	sendToClient: {"from":"0","value":"<div><img src=\"blob:396564dd-767e-4089-b15d-65e56170f8c2\" style=\"visibility: visible;\" role=\"presentation\" height=\"64\" width=\"64\"><span class=\"labelWrapper mask\"><span>Dr. Jekyll e Mr. Hyde Jogo de Objetos Escondidos</span></span></div><span data-is-icon=\"true\" class=\"options\"></span>"}, {fba45a6d-c12f-4870-a2ab-0dcdf934746f}, {fba45a6d-c12f-4870-a2ab-0dcdf934746f}
04-27 23:05:24.246 I/Gecko   (   84): 1398665124259	Marionette	INFO	sendToClient: {"from":"0","value":"<div><img src=\"blob:bfdeac1e-29a5-44ec-b502-6d62114757a7\" style=\"visibility: visible;\" role=\"presentation\" height=\"64\" width=\"64\"><span class=\"labelWrapper mask\"><span>Blancanieves y los siete enanitos jóvenes Juego de Objetos Ocultos Gratis</span></span></div><span data-is-icon=\"true\" class=\"options\"></span>"}, {3fed4040-2232-4483-b9ab-c9c423ac4916}, {3fed4040-2232-4483-b9ab-c9c423ac4916}
04-27 23:05:24.256 I/Gecko   (   84): 1398665124269	Marionette	INFO	sendToClient: {"from":"0","value":"<div><img src=\"blob:fa367fd8-e719-465a-93f2-3c351e519e40\" style=\"visibility: visible;\" role=\"presentation\" height=\"64\" width=\"64\"><span class=\"labelWrapper mask\"><span>Aquarium Plants</span></span></div><span data-is-icon=\"true\" class=\"options\"></span>"}, {a4f58b7e-c531-4308-a6a0-225c6f9aba05}, {a4f58b7e-c531-4308-a6a0-225c6f9aba05}
04-27 23:05:24.266 I/Gecko   (   84): 1398665124279	Marionette	INFO	sendToClient: {"from":"0","value":"<div><img src=\"blob:3560cf88-e4c9-41f8-a4fc-548c18fa0d84\" style=\"visibility: visible;\" role=\"presentation\" height=\"64\" width=\"64\"><span class=\"labelWrapper mask\"><span>MetroMobile</span></span></div><span data-is-icon=\"true\" class=\"options\"></span>"}, {2ec7f39b-f708-445d-9bcc-e2cdd723c543}, {2ec7f39b-f708-445d-9bcc-e2cdd723c543}
04-27 23:05:24.276 I/Gecko   (   84): 1398665124289	Marionette	INFO	sendToClient: {"from":"0","value":"<div><img src=\"blob:f5eca2cc-2d44-48f6-8fc4-e368662afdfc\" style=\"visibility: visible;\" role=\"presentation\" height=\"64\" width=\"64\"><span class=\"labelWrapper\"><span>HeroBuilder</span></span></div><span data-is-icon=\"true\" class=\"options\"></span>"}, {409c51d2-b359-4c9b-9140-02b21199245f}, {409c51d2-b359-4c9b-9140-02b21199245f}
04-27 23:05:24.286 I/Gecko   (   84): 1398665124299	Marionette	INFO	sendToClient: {"from":"0","value":"<div><img src=\"blob:b5c3ae90-1312-40f0-b69a-5390e0428921\" style=\"visibility: visible;\" role=\"presentation\" height=\"64\" width=\"64\"><span class=\"labelWrapper mask\"><span>Animals for kids</span></span></div><span data-is-icon=\"true\" class=\"options\"></span>"}, {d59f269b-6efb-4a61-a2fc-dbdb547c9767}, {d59f269b-6efb-4a61-a2fc-dbdb547c9767}
04-27 23:05:24.296 I/Gecko   (   84): 1398665124311	Marionette	INFO	sendToClient: {"from":"0","value":"<div><img src=\"blob:a140a89e-82cc-4432-9752-f7ec48524671\" style=\"visibility: visible;\" role=\"presentation\" height=\"64\" width=\"64\"><span class=\"labelWrapper\"><span>Word Bridge</span></span></div><span data-is-icon=\"true\" class=\"options\"></span>"}, {d7d37251-3dfa-4397-bd2e-a5fd1127222f}, {d7d37251-3dfa-4397-bd2e-a5fd1127222f}
04-27 23:05:24.306 I/Gecko   (   84): 1398665124322	Marionette	INFO	sendToClient: {"from":"0","value":"<div><img src=\"blob:60dd2882-81b4-45e2-806a-c661613a1afe\" style=\"visibility: visible;\" role=\"presentation\" height=\"64\" width=\"64\"><span class=\"labelWrapper\"><span>Graphing</span></span></div><span data-is-icon=\"true\" class=\"options\"></span>"}, {b9cc757c-b8c8-4af4-867a-2437cded30d3}, {b9cc757c-b8c8-4af4-867a-2437cded30d3}
04-27 23:05:24.316 I/Gecko   (   84): 1398665124331	Marionette	INFO	sendToClient: {"from":"0","value":"<div><img src=\"blob:4be030a4-cf01-432e-aaa9-5d38bea4f6bd\" style=\"visibility: visible;\" role=\"presentation\" height=\"64\" width=\"64\"><span class=\"labelWrapper\"><span>App3Do</span></span></div><span data-is-icon=\"true\" class=\"options\"></span>"}, {8580112a-0c7b-4eb0-b3b3-871508d0a39a}, {8580112a-0c7b-4eb0-b3b3-871508d0a39a}
04-27 23:05:24.326 I/Gecko   (   84): 1398665124343	Marionette	INFO	sendToClient: {"from":"0","value":"<div><img src=\"blob:1eaa3e1d-d5af-4f10-8142-e34923de57dc\" style=\"visibility: visible;\" role=\"presentation\" height=\"64\" width=\"64\"><span class=\"labelWrapper mask\"><span>A Bela e a Fera Jogo de Objetos Escondidos Grátis</span></span></div><span data-is-icon=\"true\" class=\"options\"></span>"}, {78942579-8c27-40cb-912d-5789ef8f0fa2}, {78942579-8c27-40cb-912d-5789ef8f0fa2}
04-27 23:05:24.336 I/Gecko   (   84): 1398665124352	Marionette	INFO	sendToClient: {"from":"0","value":"<div><img src=\"blob:2e8fc646-c6d6-41bf-b451-074f143dedeb\" style=\"visibility: visible;\" role=\"presentation\" height=\"64\" width=\"64\"><span class=\"labelWrapper\"><span>Notes Free</span></span></div><span data-is-icon=\"true\" class=\"options\"></span>"}, {ab94a9bb-02a8-45bf-acf5-ea90291f67e8}, {ab94a9bb-02a8-45bf-acf5-ea90291f67e8}
04-27 23:05:24.356 I/Gecko   (   84): 1398665124365	Marionette	INFO	sendToClient: {"from":"0","value":"<div><img src=\"blob:1888b980-17ec-4675-b84a-11f729f944c9\" style=\"visibility: visible;\" role=\"presentation\" height=\"64\" width=\"64\"><span class=\"labelWrapper\"><span>Lab Tools</span></span></div><span data-is-icon=\"true\" class=\"options\"></span>"}, {cf2bf54b-6f6d-4d5e-9978-c3da176480d6}, {cf2bf54b-6f6d-4d5e-9978-c3da176480d6}
04-27 23:05:24.366 I/Gecko   (   84): 1398665124375	Marionette	INFO	sendToClient: {"from":"0","value":"<div><img src=\"blob:e7059d89-ef26-4bc2-80c8-9cf1245dfd5e\" style=\"visibility: visible;\" role=\"presentation\" height=\"64\" width=\"64\"><span class=\"labelWrapper mask\"><span>Space Surfer</span></span></div><span data-is-icon=\"true\" class=\"options\"></span>"}, {e3ede387-3d5a-4685-9c28-4cf84ea97e22}, {e3ede387-3d5a-4685-9c28-4cf84ea97e22}
04-27 23:05:24.376 I/Gecko   (   84): 1398665124384	Marionette	INFO	sendToClient: {"from":"0","value":"<div><img src=\"blob:e8b90830-5c2b-4d89-bea6-0babbab35caa\" style=\"visibility: visible;\" role=\"presentation\" height=\"64\" width=\"64\"><span class=\"labelWrapper\"><span>words</span></span></div><span data-is-icon=\"true\" class=\"options\"></span>"}, {d661466e-a288-415e-a841-bd765e97f6e6}, {d661466e-a288-415e-a841-bd765e97f6e6}
04-27 23:05:24.386 I/Gecko   (   84): 1398665124394	Marionette	INFO	sendToClient: {"from":"0","value":"<div><img src=\"blob:9ce724df-e7a1-4d73-ac47-cf8f5f565265\" style=\"visibility: visible;\" role=\"presentation\" height=\"64\" width=\"64\"><span class=\"labelWrapper\"><span>InfiniTap</span></span></div><span data-is-icon=\"true\" class=\"options\"></span>"}, {f75fffc4-d94d-43a1-b478-c6b92e00393f}, {f75fffc4-d94d-43a1-b478-c6b92e00393f}
04-27 23:05:24.396 I/Gecko   (   84): 1398665124404	Marionette	INFO	sendToClient: {"from":"0","value":"<div><img src=\"blob:b299288e-c82a-4b6d-b6ef-2af2680afd07\" style=\"visibility: visible;\" role=\"presentation\" height=\"64\" width=\"64\"><span class=\"labelWrapper\"><span>Word Nerd</span></span></div><span data-is-icon=\"true\" class=\"options\"></span>"}, {1aae71db-9995-49f3-8691-28c85e7c16f6}, {1aae71db-9995-49f3-8691-28c85e7c16f6}
04-27 23:05:24.416 I/Gecko   (   84): 1398665124425	Marionette	INFO	sendToClient: {"from":"0","value":"<div><img src=\"blob:14263604-7912-419a-8709-fff0c6547326\" style=\"visibility: visible;\" role=\"presentation\" height=\"64\" width=\"64\"><span class=\"labelWrapper\"><span>Color Balls</span></span></div><span data-is-icon=\"true\" class=\"options\"></span>"}, {c83c1b5f-cb13-459d-85b5-d161baf24b23}, {c83c1b5f-cb13-459d-85b5-d161baf24b23}
04-27 23:05:24.426 I/Gecko   (   84): 1398665124436	Marionette	INFO	sendToClient: {"from":"0","value":"<div><img src=\"blob:9664f3d9-6b6f-41ed-83db-e07f4e7eb39a\" style=\"visibility: visible;\" role=\"presentation\" height=\"64\" width=\"64\"><span class=\"labelWrapper\"><span>Phone</span></span></div>"}, {80359c2b-fd34-4acd-a5cb-58ac02f066ba}, {80359c2b-fd34-4acd-a5cb-58ac02f066ba}
04-27 23:05:24.436 I/Gecko   (   84): 1398665124447	Marionette	INFO	sendToClient: {"from":"0","value":"<div><img src=\"blob:146c549e-4727-49a5-8c5a-3f176ff36e87\" style=\"visibility: visible;\" role=\"presentation\" height=\"64\" width=\"64\"><span class=\"labelWrapper\"><span>Messages</span></span></div>"}, {45cd6e79-5523-4fd0-82c5-d4ba54434010}, {45cd6e79-5523-4fd0-82c5-d4ba54434010}
04-27 23:05:24.446 I/Gecko   (   84): 1398665124456	Marionette	INFO	sendToClient: {"from":"0","value":"<div><img src=\"blob:adc963ff-4e41-4353-99bc-72105f33537f\" style=\"visibility: visible;\" role=\"presentation\" height=\"64\" width=\"64\"><span class=\"labelWrapper\"><span>Contacts</span></span></div>"}, {4b0b3954-bfa6-4183-a2e9-b4c827fa8404}, {4b0b3954-bfa6-4183-a2e9-b4c827fa8404}
04-27 23:05:24.456 I/Gecko   (   84): 1398665124466	Marionette	INFO	sendToClient: {"from":"0","value":"<div><img src=\"blob:5328eff3-7bf7-485d-bc04-a9d475029d3e\" style=\"visibility: visible;\" role=\"presentation\" height=\"64\" width=\"64\"><span class=\"labelWrapper\"><span>Browser</span></span></div>"}, {63779588-8c8f-4ad3-8a14-4080ee19e8cb}, {63779588-8c8f-4ad3-8a14-4080ee19e8cb}
04-27 23:05:24.466 I/Gecko   (   84): 1398665124475	Marionette	INFO	sendToClient: {"from":"0","value":"app://homescreen.gaiamobile.org/index.html#root"}, {d19cb610-7415-4e02-bc3d-c488bf7410b1}, {d19cb610-7415-4e02-bc3d-c488bf7410b1}
04-27 23:05:24.466 I/Gecko   (   84): 1398665124480	Marionette	DEBUG	Got request: switchToFrame, data: {"to":"0","sessionId":"3-b2g","name":"switchToFrame","parameters":{"id":null,"focus":true}}, id: {cec795e7-1c95-4190-b16f-d5d999890f67}
04-27 23:05:24.486 I/Gecko   (   84): 1398665124496	Marionette	INFO	Switched to frame: {"frameValue":null}
04-27 23:05:24.616 I/Gecko   (   84): 1398665124627	Marionette	INFO	sendToClient: {"from":"0","ok":true}, {cec795e7-1c95-4190-b16f-d5d999890f67}, {cec795e7-1c95-4190-b16f-d5d999890f67}
04-27 23:05:24.616 I/Gecko   (   84): 1398665124633	Marionette	DEBUG	Got request: switchToFrame, data: {"to":"0","sessionId":"3-b2g","name":"switchToFrame","parameters":{"id":null,"focus":true}}, id: {9d7e43e3-35a8-4608-9061-0152afe4b7a0}
04-27 23:05:24.626 I/Gecko   (   84): 1398665124637	Marionette	INFO	Switched to frame: {"frameValue":null}
04-27 23:05:24.726 I/Gecko   (   84): 1398665124740	Marionette	INFO	sendToClient: {"from":"0","ok":true}, {9d7e43e3-35a8-4608-9061-0152afe4b7a0}, {9d7e43e3-35a8-4608-9061-0152afe4b7a0}
04-27 23:05:24.736 I/Gecko   (   84): 1398665124746	Marionette	DEBUG	Got request: executeWithCallback, data: {"to":"0","sessionId":"3-b2g","name":"executeAsyncScript","parameters":{"specialPowers":false,"scriptTimeout":30000,"newSandbox":true,"args":[],"filename":"app_checker.py","script":"GaiaApps.launchWithManifestURL('https://marketplace.firefox.com/app/e760db27-9ff8-4c8c-ba45-1ff0ecc6ef5d/manifest.webapp')","line":106}}, id: {5f118fb0-9924-477c-a8ae-12b8f378b397}
04-27 23:05:25.166 I/Gonk    (   84): Setting nice for pid 1904 to 18
04-27 23:05:25.166 I/Gonk    (   84): Changed nice for pid 1904 from 18 to 18.
04-27 23:05:25.166 I/Gecko   (   84): [Parent 84] WARNING: waitpid failed pid:1904 errno:10: file ../../../gecko/ipc/chromium/src/base/process_util_posix.cc, line 254
04-27 23:05:25.226 I/Gonk    (   84): Setting nice for pid 1904 to 1
04-27 23:05:25.226 I/Gonk    (   84): Changed nice for pid 1904 from 18 to 1.
04-27 23:05:25.256 E/GeckoConsole(   84): Content JS LOG at dummy file:334 in GaiaApps.launch: launching app with name 'Color Balls'
04-27 23:05:26.256 D/Sensors (   84): activate handle=0; drv=0
04-27 23:05:26.266 D/Sensors (   84): Lis3dhSensor: Control set 1
04-27 23:05:26.266 D/Sensors (   84): Lis3dhSensor: mEnabled = 1
04-27 23:05:26.456 I/GonkMemoryPressure( 1904): Checking to see if memory pressure is over.
04-27 23:05:26.456 I/GonkMemoryPressure( 1904): Memory pressure is over.
04-27 23:05:26.626 E/[Gralloc-ERROR](   84): int gralloc_register_buffer(const gralloc_module_t*, const native_handle_t*):79 Unable to register handle 0x45c0f3d0 coming from different process: 84
04-27 23:05:26.646 E/[Gralloc-ERROR](   84): int gralloc_register_buffer(const gralloc_module_t*, const native_handle_t*):79 Unable to register handle 0x45c0f470 coming from different process: 84
04-27 23:05:26.926 I/Gonk    (   84): Setting nice for pid 1875 to 18
04-27 23:05:26.926 I/Gonk    (   84): Changed nice for pid 1875 from 1 to 18.
04-27 23:05:27.946 I/GonkMemoryPressure(   84): Checking to see if memory pressure is over.
04-27 23:05:27.946 I/GonkMemoryPressure(   84): Memory pressure is over.
04-27 23:05:28.356 I/Gecko   (   84): 
04-27 23:05:28.356 I/Gecko   (   84): ###!!! [Parent][MessageChannel] Error: Channel error: cannot send/recv
04-27 23:05:28.356 I/Gecko   (   84): 
04-27 23:05:28.366 I/Gecko   ( 1904): Attempting load of libEGL.so
04-27 23:05:28.446 I/GeckoDump(   84): Crash reporter : Can't fetch app.reportCrashes. Exception: [Exception... "Component returned failure code: 0x8000ffff (NS_ERROR_UNEXPECTED) [nsIPrefBranch.getBoolPref]"  nsresult: "0x8000ffff (NS_ERROR_UNEXPECTED)"  location: "JS frame :: chrome://browser/content/shell.js :: shell_reportCrash :: line 7"  data: no]
04-27 23:05:28.516 I/Gecko   (   84): [Parent 84] WARNING: waitpid failed pid:1875 errno:10: file ../../../gecko/ipc/chromium/src/base/process_util_posix.cc, line 254
04-27 23:05:28.546 D/libEGL  ( 1904): loaded /system/lib/egl/libEGL_mali.so
04-27 23:05:28.576 D/libEGL  ( 1904): loaded /system/lib/egl/libGLESv1_CM_mali.so
04-27 23:05:28.576 D/libEGL  ( 1904): loaded /system/lib/egl/libGLESv2_mali.so
04-27 23:05:28.666 I/Gecko   ( 1904): SharedSurface_Gralloc::Create -------
04-27 23:05:28.676 I/Gecko   ( 1904): SharedSurface_Gralloc::Create: success -- surface 0x43ba6140, GraphicBuffer 0x43539500.
04-27 23:05:28.966 W/WifiHW  (   84): wifi_command: SIGNAL_POLL
04-27 23:05:29.686 I/Gecko   ( 1904): [SharedSurface_Gralloc 0x43ba6140] destroyed
04-27 23:05:29.766 I/Gecko   ( 1904): SharedSurface_Gralloc::Create -------
04-27 23:05:29.786 I/Gecko   ( 1904): SharedSurface_Gralloc::Create: success -- surface 0x42deab00, GraphicBuffer 0x43538480.
04-27 23:05:29.826 I/Gecko   ( 1904): SharedSurface_Gralloc::Create -------
04-27 23:05:29.846 I/Gecko   ( 1904): SharedSurface_Gralloc::Create: success -- surface 0x430895c0, GraphicBuffer 0x43538300.
04-27 23:05:30.026 I/Gecko   ( 1904): SharedSurface_Gralloc::Create -------
04-27 23:05:30.086 I/Gecko   ( 1904): SharedSurface_Gralloc::Create: success -- surface 0x4308fb80, GraphicBuffer 0x43539280.
04-27 23:05:30.516 I/Gecko   (   84): [Parent 84] WARNING: waitpid failed pid:1875 errno:10: file ../../../gecko/ipc/chromium/src/base/process_util_posix.cc, line 254
04-27 23:05:30.516 I/Gecko   (   84): [Parent 84] WARNING: Failed to deliver SIGKILL to 1875!(3).: file ../../../gecko/ipc/chromium/src/chrome/common/process_watcher_posix_sigchld.cc, line 118
04-27 23:05:30.636 I/Gonk    (   84): Setting nice for pid 2006 to 18
04-27 23:05:30.636 I/Gonk    (   84): Changed nice for pid 2006 from 0 to 18.
04-27 23:05:30.866 E/[Gralloc-ERROR](   84): int gralloc_unregister_buffer(const gralloc_module_t*, const native_handle_t*):274 Trying to unregister buffer 0x45c0f3d0 from process 84 that was not created in current process: 84
04-27 23:05:30.866 E/GeckoConsole(   84): Content JS LOG at dummy file:326 in GaiaApps.launch/appOpen/<: app with origin 'app://{f1d3f1b9-ae5c-43f9-a7bc-b12938fa502b}' has launched
04-27 23:05:30.866 I/Gecko   (   84): 1398665130879	Marionette	INFO	sendToClient: {"from":"0","value":{"frame":{"ELEMENT":"{c2e98c08-fa27-4111-af32-c1ba0ea1f848}"},"src":"app://{f1d3f1b9-ae5c-43f9-a7bc-b12938fa502b}/index.html","name":"Color Balls","origin":"app://{f1d3f1b9-ae5c-43f9-a7bc-b12938fa502b}"}}, {5f118fb0-9924-477c-a8ae-12b8f378b397}, {5f118fb0-9924-477c-a8ae-12b8f378b397}
04-27 23:05:30.866 E/[Gralloc-ERROR](   84): int gralloc_unregister_buffer(const gralloc_module_t*, const native_handle_t*):274 Trying to unregister buffer 0x45c0f470 from process 84 that was not created in current process: 84
04-27 23:05:30.896 I/Gonk    (   84): Setting nice for pid 2014 to 18
04-27 23:05:30.896 I/Gonk    (   84): Changed nice for pid 2014 from 0 to 18.
04-27 23:05:30.926 I/Gonk    (   84): Setting nice for pid 2014 to 18
04-27 23:05:30.926 I/Gonk    (   84): Changed nice for pid 2014 from 18 to 18.
04-27 23:05:30.926 I/Gecko   (   84): [Parent 84] WARNING: waitpid failed pid:2014 errno:10: file ../../../gecko/ipc/chromium/src/base/process_util_posix.cc, line 254
04-27 23:05:30.956 I/Gecko   ( 1904): SharedSurface_Gralloc::Create -------
04-27 23:05:31.026 I/Gecko   ( 1904): SharedSurface_Gralloc::Create: success -- surface 0x4362e880, GraphicBuffer 0x43539180.
04-27 23:05:31.046 I/Gecko   (   84): 1398665131057	Marionette	DEBUG	Got request: switchToFrame, data: {"to":"0","sessionId":"3-b2g","name":"switchToFrame","parameters":{"focus":true,"element":"{c2e98c08-fa27-4111-af32-c1ba0ea1f848}"}}, id: {a1b8f147-15e8-4b98-b5e4-bc3237d2b301}
04-27 23:05:31.056 I/Gecko   (   84): 1398665131067	Marionette	INFO	Switched to frame: {"frameValue":"{c2e98c08-fa27-4111-af32-c1ba0ea1f848}"}
04-27 23:05:31.056 I/Gecko   (   84): 1398665131069	Marionette	INFO	trying remote frame 0
04-27 23:05:31.066 I/Gecko   ( 1904): [SharedSurface_Gralloc 0x42deab00] destroyed
04-27 23:05:31.066 I/Gecko   ( 1904): [SharedSurface_Gralloc 0x430895c0] destroyed
04-27 23:05:31.076 I/Gecko   ( 1904): SharedSurface_Gralloc::Create -------
04-27 23:05:31.086 I/Gecko   (   84): 1398665131097	Marionette	INFO	trying remote frame 1
04-27 23:05:31.086 I/Gecko   (   84): 1398665131099	Marionette	INFO	trying remote frame 2
04-27 23:05:31.086 I/Gecko   (   84): 1398665131099	Marionette	INFO	deleting frame
04-27 23:05:31.096 I/Gecko   ( 1904): SharedSurface_Gralloc::Create: success -- surface 0x42dead40, GraphicBuffer 0x43538580.
04-27 23:05:31.106 I/Gecko   (   84): 1398665131115	Marionette	INFO	frame-manager load script: [object ChromeMessageSender]
04-27 23:05:31.176 I/Gecko   ( 1904): SharedSurface_Gralloc::Create -------
04-27 23:05:31.226 I/Gecko   ( 1904): SharedSurface_Gralloc::Create: success -- surface 0x43b5ee80, GraphicBuffer 0x43538400.
04-27 23:05:31.246 I/Gecko   ( 1904): [SharedSurface_Gralloc 0x4308fb80] destroyed
04-27 23:05:31.246 I/Gecko   ( 1904): [SharedSurface_Gralloc 0x4362e880] destroyed
04-27 23:05:31.926 I/Gonk    (   84): Setting nice for pid 2014 to 18
04-27 23:05:31.926 I/Gonk    (   84): Changed nice for pid 2014 from 18 to 18.
04-27 23:05:31.986 I/Gecko   (   84): 1398665131998	Marionette	INFO	sendToClient: {"from":"0","ok":true}, {a1b8f147-15e8-4b98-b5e4-bc3237d2b301}, {a1b8f147-15e8-4b98-b5e4-bc3237d2b301}
04-27 23:05:32.006 I/Gecko   ( 1904): SharedSurface_Gralloc::Create -------
04-27 23:05:32.046 I/Gecko   ( 1904): SharedSurface_Gralloc::Create: success -- surface 0x446916c0, GraphicBuffer 0x43558d80.
04-27 23:05:32.156 I/Gecko   ( 1904): SharedSurface_Gralloc::Create -------
04-27 23:05:32.226 I/Gecko   ( 1904): SharedSurface_Gralloc::Create: success -- surface 0x44691e40, GraphicBuffer 0x43539f80.
04-27 23:05:32.256 I/Gecko   ( 1904): [SharedSurface_Gralloc 0x42dead40] destroyed
04-27 23:05:32.256 I/Gecko   ( 1904): [SharedSurface_Gralloc 0x43b5ee80] destroyed
04-27 23:05:32.266 I/Gecko   (   84): 1398665132279	Marionette	INFO	sendToClient: {"from":"0","value":"app://{f1d3f1b9-ae5c-43f9-a7bc-b12938fa502b}/index.html"}, {9b884bee-829f-4085-866a-cc7f304cc325}, {9b884bee-829f-4085-866a-cc7f304cc325}
04-27 23:05:32.296 I/Gecko   (   84): 1398665132304	Marionette	DEBUG	Got request: execute, data: {"to":"0","sessionId":"3-b2g","name":"executeScript","parameters":{"specialPowers":false,"scriptTimeout":null,"newSandbox":true,"args":[],"filename":"app_checker.py","script":"return window.document.readyState;","line":191}}, id: {567b79ad-209e-43bd-aff3-50bb0250f16d}
04-27 23:05:32.296 I/Gecko   ( 1904): SharedSurface_Gralloc::Create -------
04-27 23:05:32.296 I/Gecko   ( 1904): SharedSurface_Gralloc::Create: success -- surface 0x430895c0, GraphicBuffer 0x43538580.
04-27 23:05:32.336 I/Gecko   ( 1904): SharedSurface_Gralloc::Create -------
04-27 23:05:32.336 I/Gecko   ( 1904): SharedSurface_Gralloc::Create: success -- surface 0x436ee080, GraphicBuffer 0x43538400.
04-27 23:05:32.366 I/Gecko   ( 1904): [SharedSurface_Gralloc 0x446916c0] destroyed
04-27 23:05:32.366 I/Gecko   ( 1904): [SharedSurface_Gralloc 0x44691e40] destroyed
04-27 23:05:32.426 I/Gecko   (   84): 1398665132441	Marionette	INFO	sendToClient: {"from":"0","value":"complete"}, {567b79ad-209e-43bd-aff3-50bb0250f16d}, {567b79ad-209e-43bd-aff3-50bb0250f16d}
04-27 23:05:32.446 I/Gecko   ( 1904): SharedSurface_Gralloc::Create -------
04-27 23:05:32.446 I/Gecko   ( 1904): SharedSurface_Gralloc::Create: success -- surface 0x446b7100, GraphicBuffer 0x4468ea00.
04-27 23:05:32.516 I/Gecko   ( 1904): SharedSurface_Gralloc::Create -------
04-27 23:05:32.516 I/Gecko   ( 1904): SharedSurface_Gralloc::Create: success -- surface 0x446b7700, GraphicBuffer 0x4468e900.
04-27 23:05:32.546 I/Gecko   ( 1904): [SharedSurface_Gralloc 0x430895c0] destroyed
04-27 23:05:32.546 I/Gecko   ( 1904): [SharedSurface_Gralloc 0x436ee080] destroyed
04-27 23:05:32.546 I/Gecko   (   84): 1398665132563	Marionette	INFO	sendToClient: {"from":"0","value":"app://{f1d3f1b9-ae5c-43f9-a7bc-b12938fa502b}/index.html"}, {edf4cb01-bb6f-49cb-9735-618589b2442c}, {edf4cb01-bb6f-49cb-9735-618589b2442c}
04-27 23:05:32.556 I/Gecko   ( 1904): SharedSurface_Gralloc::Create -------
04-27 23:05:32.566 I/Gecko   ( 1904): SharedSurface_Gralloc::Create: success -- surface 0x430af1c0, GraphicBuffer 0x43538580.
04-27 23:05:32.566 I/Gecko   (   84): 
04-27 23:05:32.566 I/Gecko   (   84): ###!!! [Parent][MessageChannel] Error: Channel error: cannot send/recv
04-27 23:05:32.566 I/Gecko   (   84): 
04-27 23:05:32.606 I/GeckoDump(   84): Crash reporter : Can't fetch app.reportCrashes. Exception: [Exception... "Component returned failure code: 0x8000ffff (NS_ERROR_UNEXPECTED) [nsIPrefBranch.getBoolPref]"  nsresult: "0x8000ffff (NS_ERROR_UNEXPECTED)"  location: "JS frame :: chrome://browser/content/shell.js :: shell_reportCrash :: line 7"  data: no]
04-27 23:05:32.616 I/Gecko   ( 1904): SharedSurface_Gralloc::Create -------
04-27 23:05:32.616 I/Gecko   ( 1904): SharedSurface_Gralloc::Create: success -- surface 0x446b7b80, GraphicBuffer 0x4468f800.
04-27 23:05:32.616 I/Gecko   (   84): [Parent 84] WARNING: waitpid failed pid:2014 errno:10: file ../../../gecko/ipc/chromium/src/base/process_util_posix.cc, line 254
04-27 23:05:33.996 I/Gecko   ( 1904): SharedSurface_Gralloc::Create -------
04-27 23:05:34.016 I/Gecko   ( 1904): SharedSurface_Gralloc::Create: success -- surface 0x44a89440, GraphicBuffer 0x43538480.
04-27 23:05:34.026 W/WifiHW  (   84): wifi_command: SIGNAL_POLL
04-27 23:05:34.116 I/Gecko   ( 1904): [SharedSurface_Gralloc 0x446b7100] destroyed
04-27 23:05:34.116 I/Gecko   ( 1904): [SharedSurface_Gralloc 0x446b7700] destroyed
04-27 23:05:34.196 I/Gecko   (   84): 1398665134118	Marionette	INFO	sendToClient: {"from":"0","value":"iVBORw0KGgoAAAANSUhEUgAAAUAAAAHgCAYAAADUjLREAAAgAElEQVR4nMy9X4gjWZ7vp3nLeat9mzJ9oepSA1WXLrM5uAyVdi90LnOhNfRDx9CGDtELPeG5MBMeQ3N2LoxP9UBdnUlw+iC42rN60EYLHBspQ9ARYDHSgy6SQVhpnKZ1uXXZLJhmsx+KzcZbbCdsQQtuwXz98PudEyckZXXv7njvPvyIUCgUGcqUPvn9/T0NfaSgjzV0V0N1FXRXIum1Me5rLFONZWqwHLD1NZY9jVlPu2PjVKNINYqhxnhoMBtozAa0f5IbFEODIifLhhpZbpCVBmaooXoCshtDdmOIzjXWjSE6EUQncufKTgTZiaF6MT7ptzHONU4GCqYjYHoCRa4xmyQocg3VfQTZEZBHMeSxbwKyIyC6ZHKnSYiuhOxZE3w/fE/d6h7ta0RXQHQEn0PH2j0J1WvT9Y4FxHEMcRxBHLdoexQiPgohOhHa3RjKvsfjFsRR6FlE9tgz/3fU9S1GfMzbToSY71f2yNr9GGoQQw9iqF5E1o+geiH0IIIZxjB5zFsBk8ZQ/Qi6H0GnMfQgwqNuC+1uANUNofshVI8sKQWKiUQyjJEMY5hBBN1rQXVCqE4I3YmgOzF0J4bqRFCdCLoXQ/cimEGEYiQxXrRRTASKUmA2b2M2VTjpxxiXCudnGZbzBEWqkPRjzEYK52cJVgtDNjUoBgJZP0YyiGC6LYxzgfOVwfmpwWqqcD7VOJ8oJL0IphvCHAfQxwH0EdtxCNONkPQjZGmM2VRhudBYzhWWU4VZLlAMIoyHAp/ONc4XGhcLg/OpxsW82l8tyM5XBrPJIxR5jPFIIBmEML0AWR6jGAnMTtsYTyVUN4DqBcgmMcywBdkNILsBRCeA6AaQvRBxJ0B01ETcCSB6IVsA0Qsg+wHkIEB7EEClAdQggM4jqLSFuHuIuN
04-27 23:05:34.236 I/Gecko   ( 1904): SharedSurface_Gralloc::Create -------
04-27 23:05:34.236 I/Gecko   ( 1904): SharedSurface_Gralloc::Create: success -- surface 0x446b7100, GraphicBuffer 0x4468ea00.
04-27 23:05:34.376 I/Gecko   ( 1904): SharedSurface_Gralloc::Create -------
04-27 23:05:34.396 I/Gecko   ( 1904): SharedSurface_Gralloc::Create: success -- surface 0x44a89040, GraphicBuffer 0x4468e900.
04-27 23:05:34.456 I/Gecko   ( 1904): [SharedSurface_Gralloc 0x430af1c0] destroyed
04-27 23:05:34.466 I/Gecko   ( 1904): [SharedSurface_Gralloc 0x44a89440] destroyed
04-27 23:05:34.466 I/Gecko   ( 1904): SharedSurface_Gralloc::Create -------
04-27 23:05:34.496 I/Gecko   ( 1904): SharedSurface_Gralloc::Create: success -- surface 0x430af1c0, GraphicBuffer 0x43538600.
04-27 23:05:34.526 I/Gecko   ( 1904): SharedSurface_Gralloc::Create -------
04-27 23:05:34.536 I/Gecko   ( 1904): SharedSurface_Gralloc::Create: success -- surface 0x44a89240, GraphicBuffer 0x43538480.
04-27 23:05:34.596 I/Gecko   ( 1904): [SharedSurface_Gralloc 0x446b7100] destroyed
04-27 23:05:34.596 I/Gecko   ( 1904): [SharedSurface_Gralloc 0x44a89040] destroyed
04-27 23:05:34.606 I/Gecko   ( 1904): SharedSurface_Gralloc::Create -------
04-27 23:05:34.616 I/Gecko   (   84): [Parent 84] WARNING: waitpid failed pid:2014 errno:10: file ../../../gecko/ipc/chromium/src/base/process_util_posix.cc, line 254
04-27 23:05:34.616 I/Gecko   (   84): [Parent 84] WARNING: Failed to deliver SIGKILL to 2014!(3).: file ../../../gecko/ipc/chromium/src/chrome/common/process_watcher_posix_sigchld.cc, line 118
04-27 23:05:34.626 I/Gecko   ( 1904): SharedSurface_Gralloc::Create: success -- surface 0x446b7100, GraphicBuffer 0x4468ea00.
04-27 23:05:34.686 I/Gecko   ( 1904): SharedSurface_Gralloc::Create -------
04-27 23:05:34.696 I/Gecko   ( 1904): SharedSurface_Gralloc::Create: success -- surface 0x44a89480, GraphicBuffer 0x4468e900.
04-27 23:05:34.736 I/Gecko   ( 1904): [SharedSurface_Gralloc 0x430af1c0] destroyed
04-27 23:05:34.736 I/Gecko   ( 1904): [SharedSurface_Gralloc 0x44a89240] destroyed
04-27 23:05:34.736 I/Gecko   ( 1904): SharedSurface_Gralloc::Create -------
04-27 23:05:34.756 I/Gecko   ( 1904): SharedSurface_Gralloc::Create: success -- surface 0x430af1c0, GraphicBuffer 0x43538600.
04-27 23:05:34.766 I/Gecko   (   84): 1398665134775	Marionette	INFO	sendToClient: {"from":"0","ok":true}, {2e176e1b-8add-49ef-a218-9ab7fae8e8d5}, {2e176e1b-8add-49ef-a218-9ab7fae8e8d5}
04-27 23:05:34.766 I/Gecko   (   84): 1398665134782	Marionette	DEBUG	Got request: switchToFrame, data: {"to":"0","sessionId":"3-b2g","name":"switchToFrame","parameters":{"id":null,"focus":true}}, id: {2e813748-057b-48e0-8315-553ab268faca}
04-27 23:05:34.806 I/Gecko   (   84): 1398665134821	Marionette	INFO	Switched to frame: {"frameValue":null}
04-27 23:05:34.876 I/Gecko   ( 1904): SharedSurface_Gralloc::Create -------
04-27 23:05:34.876 I/Gecko   ( 1904): SharedSurface_Gralloc::Create: success -- surface 0x435039c0, GraphicBuffer 0x43538400.
04-27 23:05:34.906 I/Gecko   ( 1904): [SharedSurface_Gralloc 0x446b7100] destroyed
04-27 23:05:34.906 I/Gecko   ( 1904): [SharedSurface_Gralloc 0x44a89480] destroyed
04-27 23:05:34.916 I/Gecko   (   84): 1398665134928	Marionette	INFO	sendToClient: {"from":"0","ok":true}, {2e813748-057b-48e0-8315-553ab268faca}, {2e813748-057b-48e0-8315-553ab268faca}
