--------- beginning of /dev/log/main
04-25 07:40:13.424 I/Gecko   (   84): 1398436813436	Marionette	INFO	sendToClient: {"from":"0","ok":true}, {87311ed0-f26a-4381-86c1-3c2297ac0833}, {87311ed0-f26a-4381-86c1-3c2297ac0833}
04-25 07:40:13.494 I/Gecko   (   84): 1398436813506	Marionette	DEBUG	Got request: switchToFrame, data: {"to":"0","sessionId":"3-b2g","name":"switchToFrame","parameters":{"id":null,"focus":true}}, id: {50730af1-4cd9-4b42-9f67-b0cbf61c7f2b}
04-25 07:40:13.494 I/Gecko   (   84): 1398436813509	Marionette	INFO	Switched to frame: {"frameValue":null}
04-25 07:40:13.594 I/Gecko   (   84): 1398436813612	Marionette	INFO	sendToClient: {"from":"0","ok":true}, {50730af1-4cd9-4b42-9f67-b0cbf61c7f2b}, {50730af1-4cd9-4b42-9f67-b0cbf61c7f2b}
04-25 07:40:13.604 I/Gecko   (   84): 1398436813618	Marionette	DEBUG	Got request: executeWithCallback, data: {"to":"0","sessionId":"3-b2g","name":"executeAsyncScript","parameters":{"specialPowers":false,"scriptTimeout":null,"newSandbox":true,"args":[],"filename":"gaia_test.py","script":"return GaiaApps.displayedApp();","line":66}}, id: {6cf71827-1d03-4950-bf0b-1d1ba6dacbe6}
04-25 07:40:13.674 E/GeckoConsole(   84): Content JS LOG at dummy file:392 in GaiaApps.displayedApp: app with origin 'app://homescreen.gaiamobile.org' is displayed
04-25 07:40:13.684 I/Gecko   (   84): 1398436813695	Marionette	INFO	sendToClient: {"from":"0","value":{"frame":{"ELEMENT":"{b65a9a42-4907-4163-9ebb-2c2420997596}"},"src":"app://homescreen.gaiamobile.org/index.html#root","name":"Homescreen","origin":"app://homescreen.gaiamobile.org"}}, {6cf71827-1d03-4950-bf0b-1d1ba6dacbe6}, {6cf71827-1d03-4950-bf0b-1d1ba6dacbe6}
04-25 07:40:13.694 I/Gecko   (   84): 1398436813707	Marionette	DEBUG	Got request: switchToFrame, data: {"to":"0","sessionId":"3-b2g","name":"switchToFrame","parameters":{"id":null,"focus":true}}, id: {b294a540-35f4-4b35-be54-95afb98a8077}
04-25 07:40:13.694 I/Gecko   (   84): 1398436813709	Marionette	INFO	Switched to frame: {"frameValue":null}
04-25 07:40:13.704 I/Gecko   (   84): [Parent 84] WARNING: waitpid failed pid:702 errno:10: file ../../../gecko/ipc/chromium/src/base/process_util_posix.cc, line 254
04-25 07:40:13.704 I/Gecko   (   84): [Parent 84] WARNING: Failed to deliver SIGKILL to 702!(3).: file ../../../gecko/ipc/chromium/src/chrome/common/process_watcher_posix_sigchld.cc, line 118
04-25 07:40:13.744 E/GeckoConsole(  761): Content JS ERROR at app://homescreen.gaiamobile.org/gaia_build_defer_index.js:390 in loadSVConfFileError: Failed parsing singleVariant configuration file [js/singlevariantconf.json]:  [Exception... "File error: Not found"  nsresult: "0x80520012 (NS_ERROR_FILE_NOT_FOUND)"  location: "JS frame :: app://homescreen.gaiamobile.org/gaia_build_defer_index.js :: loadFile :: line 382"  data: no]
04-25 07:40:13.804 I/Gecko   (   84): 1398436813817	Marionette	INFO	sendToClient: {"from":"0","ok":true}, {b294a540-35f4-4b35-be54-95afb98a8077}, {b294a540-35f4-4b35-be54-95afb98a8077}
04-25 07:40:13.814 I/Gecko   (   84): 1398436813831	Marionette	DEBUG	Got request: switchToFrame, data: {"to":"0","sessionId":"3-b2g","name":"switchToFrame","parameters":{"id":null,"focus":true}}, id: {0177c91f-6978-4349-b354-db6ca62f7b69}
04-25 07:40:13.824 I/Gecko   (   84): 1398436813841	Marionette	INFO	Switched to frame: {"frameValue":null}
04-25 07:40:13.944 I/Gecko   (   84): 1398436813955	Marionette	INFO	sendToClient: {"from":"0","ok":true}, {0177c91f-6978-4349-b354-db6ca62f7b69}, {0177c91f-6978-4349-b354-db6ca62f7b69}
04-25 07:40:13.944 I/Gecko   (   84): 1398436813961	Marionette	DEBUG	Got request: executeWithCallback, data: {"to":"0","sessionId":"3-b2g","name":"executeAsyncScript","parameters":{"specialPowers":false,"scriptTimeout":null,"newSandbox":true,"args":[],"filename":"gaia_test.py","script":"return GaiaApps.displayedApp();","line":66}}, id: {11dcf167-ad77-4aaf-8aaf-b9584f13e50e}
04-25 07:40:13.994 I/Gecko   (   84): 1398436814010	Marionette	INFO	sendToClient: {"from":"0","value":{"frame":{"ELEMENT":"{b65a9a42-4907-4163-9ebb-2c2420997596}"},"src":"app://homescreen.gaiamobile.org/index.html#root","name":"Homescreen","origin":"app://homescreen.gaiamobile.org"}}, {11dcf167-ad77-4aaf-8aaf-b9584f13e50e}, {11dcf167-ad77-4aaf-8aaf-b9584f13e50e}
04-25 07:40:14.014 E/GeckoConsole(   84): Content JS LOG at dummy file:392 in GaiaApps.displayedApp: app with origin 'app://homescreen.gaiamobile.org' is displayed
04-25 07:40:14.014 I/Gecko   (   84): 1398436814030	Marionette	DEBUG	Got request: switchToFrame, data: {"to":"0","sessionId":"3-b2g","name":"switchToFrame","parameters":{"focus":true,"element":"{b65a9a42-4907-4163-9ebb-2c2420997596}"}}, id: {9ac5316b-2fd7-4e5b-b02d-cade15bad687}
04-25 07:40:14.034 I/Gecko   (   84): 1398436814048	Marionette	INFO	Switched to frame: {"frameValue":"{b65a9a42-4907-4163-9ebb-2c2420997596}"}
04-25 07:40:14.034 I/Gecko   (   84): 1398436814050	Marionette	INFO	trying remote frame 0
04-25 07:40:14.034 I/Gecko   (   84): 1398436814051	Marionette	INFO	deleting frame
04-25 07:40:14.044 I/Gecko   (   84): 1398436814056	Marionette	INFO	frame-manager load script: [object ChromeMessageSender]
04-25 07:40:14.444 I/Gecko   (   84): 1398436814455	Marionette	INFO	sendToClient: {"from":"0","ok":true}, {9ac5316b-2fd7-4e5b-b02d-cade15bad687}, {9ac5316b-2fd7-4e5b-b02d-cade15bad687}
04-25 07:40:14.594 I/Gecko   (   84): 1398436814608	Marionette	INFO	sendToClient: {"from":"0","value":{"ELEMENT":"{acaf3103-02b0-486d-ae60-3ab585fab3d3}"}}, {4b358dec-b319-4777-99d6-02fa9c27d6bd}, {4b358dec-b319-4777-99d6-02fa9c27d6bd}
04-25 07:40:14.774 E/GeckoConsole(  761): [JavaScript Warning: "Use of getAttributeNode() is deprecated. Use getAttribute() instead." {file: "chrome://marionette/content/atoms.js" line: 25}]
04-25 07:40:14.774 E/GeckoConsole(  761): [JavaScript Warning: "Use of attributes' specified attribute is deprecated. It always returns true." {file: "chrome://marionette/content/atoms.js" line: 25}]
04-25 07:40:14.774 I/Gecko   (   84): 1398436814793	Marionette	INFO	sendToClient: {"from":"0","value":"normal"}, {54849880-5198-426a-836e-1e4e857c39cc}, {54849880-5198-426a-836e-1e4e857c39cc}
04-25 07:40:14.784 I/Gecko   (   84): 1398436814802	Marionette	DEBUG	Got request: switchToFrame, data: {"to":"0","sessionId":"3-b2g","name":"switchToFrame","parameters":{"id":null,"focus":true}}, id: {00047d5c-379b-4ef1-b130-eb5935d54ea7}
04-25 07:40:14.804 I/Gecko   (   84): 1398436814816	Marionette	INFO	Switched to frame: {"frameValue":null}
04-25 07:40:14.904 I/Gecko   (   84): 1398436814921	Marionette	INFO	sendToClient: {"from":"0","ok":true}, {00047d5c-379b-4ef1-b130-eb5935d54ea7}, {00047d5c-379b-4ef1-b130-eb5935d54ea7}
04-25 07:40:14.914 I/Gecko   (   84): 1398436814928	Marionette	DEBUG	Got request: execute, data: {"to":"0","sessionId":"3-b2g","name":"executeScript","parameters":{"specialPowers":false,"scriptTimeout":null,"newSandbox":true,"args":[],"filename":"gaia_test.py","script":"window.wrappedJSObject.dispatchEvent(new Event('home'));","line":788}}, id: {651a6c9c-0a72-45a9-9f33-c7556fecaccc}
04-25 07:40:14.974 I/Gecko   (   84): 1398436814991	Marionette	INFO	sendToClient: {"from":"0","value":null}, {651a6c9c-0a72-45a9-9f33-c7556fecaccc}, {651a6c9c-0a72-45a9-9f33-c7556fecaccc}
04-25 07:40:14.994 I/Gecko   (   84): 1398436815005	Marionette	DEBUG	Got request: switchToFrame, data: {"to":"0","sessionId":"3-b2g","name":"switchToFrame","parameters":{"id":null,"focus":true}}, id: {42f73148-61e4-4333-bf98-9f2036acb3b4}
04-25 07:40:14.994 I/Gecko   (   84): 1398436815007	Marionette	INFO	Switched to frame: {"frameValue":null}
04-25 07:40:15.114 I/Gecko   (   84): 1398436815122	Marionette	INFO	sendToClient: {"from":"0","ok":true}, {42f73148-61e4-4333-bf98-9f2036acb3b4}, {42f73148-61e4-4333-bf98-9f2036acb3b4}
04-25 07:40:15.114 I/Gecko   (   84): 1398436815131	Marionette	DEBUG	Got request: switchToFrame, data: {"to":"0","sessionId":"3-b2g","name":"switchToFrame","parameters":{"id":null,"focus":true}}, id: {240677c5-2d2e-4f8f-83a7-53ea6b57b998}
04-25 07:40:15.114 I/Gecko   (   84): 1398436815133	Marionette	INFO	Switched to frame: {"frameValue":null}
04-25 07:40:15.224 I/Gecko   (   84): 1398436815235	Marionette	INFO	sendToClient: {"from":"0","ok":true}, {240677c5-2d2e-4f8f-83a7-53ea6b57b998}, {240677c5-2d2e-4f8f-83a7-53ea6b57b998}
04-25 07:40:15.224 I/Gecko   (   84): 1398436815241	Marionette	DEBUG	Got request: executeWithCallback, data: {"to":"0","sessionId":"3-b2g","name":"executeAsyncScript","parameters":{"specialPowers":false,"scriptTimeout":null,"newSandbox":true,"args":[],"filename":"gaia_test.py","script":"return GaiaApps.displayedApp();","line":66}}, id: {83e6d25a-05c3-411f-bda1-b9f95b8d1ab9}
04-25 07:40:15.334 I/Gecko   (   84): 1398436815350	Marionette	INFO	sendToClient: {"from":"0","value":{"frame":{"ELEMENT":"{b65a9a42-4907-4163-9ebb-2c2420997596}"},"src":"app://homescreen.gaiamobile.org/index.html#rootFri%20Apr%2025%202014%2007:40:14%20GMT-0700%20(UTC)","name":"Homescreen","origin":"app://homescreen.gaiamobile.org"}}, {83e6d25a-05c3-411f-bda1-b9f95b8d1ab9}, {83e6d25a-05c3-411f-bda1-b9f95b8d1ab9}
04-25 07:40:15.344 E/GeckoConsole(   84): Content JS LOG at dummy file:392 in GaiaApps.displayedApp: app with origin 'app://homescreen.gaiamobile.org' is displayed
04-25 07:40:15.344 I/Gecko   (   84): 1398436815364	Marionette	DEBUG	Got request: switchToFrame, data: {"to":"0","sessionId":"3-b2g","name":"switchToFrame","parameters":{"focus":true,"element":"{b65a9a42-4907-4163-9ebb-2c2420997596}"}}, id: {f152e09a-0426-4957-839a-1d3a901caea4}
04-25 07:40:15.404 I/Gecko   (   84): 1398436815416	Marionette	INFO	Switched to frame: {"frameValue":"{b65a9a42-4907-4163-9ebb-2c2420997596}"}
04-25 07:40:15.404 I/Gecko   (   84): 1398436815421	Marionette	INFO	trying remote frame 0
04-25 07:40:15.604 W/WifiHW  (   84): wifi_command: SIGNAL_POLL
04-25 07:40:15.754 I/Gecko   (   84): 1398436815766	Marionette	INFO	sendToClient: {"from":"0","ok":true}, {f152e09a-0426-4957-839a-1d3a901caea4}, {f152e09a-0426-4957-839a-1d3a901caea4}
04-25 07:40:15.754 I/Gecko   (   84): 1398436815773	Marionette	DEBUG	Got request: execute, data: {"to":"0","sessionId":"3-b2g","name":"executeScript","parameters":{"specialPowers":false,"scriptTimeout":null,"newSandbox":true,"args":[],"filename":"gaia_test.py","script":"return window.wrappedJSObject.GridManager.pageHelper.getCurrentPageNumber();","line":784}}, id: {d2555a52-c4df-45c8-a75f-f6b2dfee08c9}
04-25 07:40:15.874 I/Gecko   (   84): 1398436815894	Marionette	INFO	sendToClient: {"from":"0","value":0}, {d2555a52-c4df-45c8-a75f-f6b2dfee08c9}, {d2555a52-c4df-45c8-a75f-f6b2dfee08c9}
04-25 07:40:16.054 I/Gecko   (   84): 1398436816065	Marionette	INFO	sendToClient: {"from":"0","value":["{91556b8e-4711-479b-bd06-0f3932f60043}","{db28a94a-23fc-4f9c-8106-9d6c6f227bbc}","{36e2880c-344a-4d1f-a6cb-1933e71b3a1c}","{d7d0ba0f-a089-4096-9e28-132887ba29f5}","{2235ea45-60ae-4db9-a2e4-349433e25793}","{e9e1efcb-095e-4414-a795-6c46afe77a8a}","{27d553c8-99ce-4368-910a-0ef2da22fd18}","{d756ab69-8a1c-45ba-a1c7-28544ad71367}","{3c221f5a-6d91-4878-8ec2-680efcd53f3a}","{09e601b8-f2c2-484d-b8fe-8cc7c9da341c}","{8d8ab458-b986-4b75-94aa-d735e870e2b5}","{22c13e34-d58c-4041-8679-750dc6f65586}","{06b8b824-da47-4625-93bb-e2f8e611d97f}","{dc6b6015-4ddd-4a54-bb0a-654c264220d9}","{a79d05da-ba05-4d7b-8417-c2c936fec952}","{2e85e43f-4010-4a77-98c3-dcb4111a5ca6}","{889421a5-7c99-46a2-aef9-6806e65e0b07}","{9c96f2d6-0db7-46ed-b19c-3eb5c47ae664}","{57910af0-481f-4f10-9bff-c8b113575c82}","{1fb8d48d-1bde-4514-9fb8-01aebe1a4182}","{0e96dd92-82c5-4dab-ab81-db2848b0475d}","{51c00e33-e6b9-4c11-97d5-f8613b01fa00}","{997629ff-2e62-445d-a899-04355fb07e03}","{61b63ad5-bf68
04-25 07:40:17.054 I/Gecko   (   84): 1398436817070	Marionette	INFO	sendToClient: {"from":"0","value":"app://homescreen.gaiamobile.org/index.html#rootFri%20Apr%2025%202014%2007:40:14%20GMT-0700%20(UTC)"}, {771a1d61-11b4-49b6-b978-8ea1fa5f6742}, {771a1d61-11b4-49b6-b978-8ea1fa5f6742}
04-25 07:40:17.084 I/Gecko   (   84): 1398436817097	Marionette	DEBUG	Got request: switchToFrame, data: {"to":"0","sessionId":"3-b2g","name":"switchToFrame","parameters":{"id":null,"focus":true}}, id: {1f315a58-1e23-499f-b65b-b1d4bd50299e}
04-25 07:40:17.124 I/Gecko   (   84): 1398436817138	Marionette	INFO	Switched to frame: {"frameValue":null}
04-25 07:40:17.194 E/GeckoConsole(  761): Content JS WARN at app://homescreen.gaiamobile.org/gaia_build_defer_index.js:184 in isHiddenApp: Unexpected role when checking hidden app: undefined
04-25 07:40:17.194 E/GeckoConsole(  761): Content JS WARN at app://homescreen.gaiamobile.org/gaia_build_defer_index.js:184 in isHiddenApp: Unexpected role when checking hidden app: undefined
04-25 07:40:17.194 E/GeckoConsole(  761): Content JS WARN at app://homescreen.gaiamobile.org/gaia_build_defer_index.js:184 in isHiddenApp: Unexpected role when checking hidden app: undefined
04-25 07:40:17.194 E/GeckoConsole(  761): Content JS WARN at app://homescreen.gaiamobile.org/gaia_build_defer_index.js:184 in isHiddenApp: Unexpected role when checking hidden app: undefined
04-25 07:40:17.194 E/GeckoConsole(  761): Content JS WARN at app://homescreen.gaiamobile.org/gaia_build_defer_index.js:184 in isHiddenApp: Unexpected role when checking hidden app: undefined
04-25 07:40:17.194 E/GeckoConsole(  761): Content JS WARN at app://homescreen.gaiamobile.org/gaia_build_defer_index.js:184 in isHiddenApp: Unexpected role when checking hidden app: undefined
04-25 07:40:17.204 E/GeckoConsole(  761): Content JS WARN at app://homescreen.gaiamobile.org/gaia_build_defer_index.js:184 in isHiddenApp: Unexpected role when checking hidden app: undefined
04-25 07:40:17.204 E/GeckoConsole(  761): Content JS WARN at app://homescreen.gaiamobile.org/gaia_build_defer_index.js:184 in isHiddenApp: Unexpected role when checking hidden app: undefined
04-25 07:40:17.204 E/GeckoConsole(  761): Content JS WARN at app://homescreen.gaiamobile.org/gaia_build_defer_index.js:184 in isHiddenApp: Unexpected role when checking hidden app: undefined
04-25 07:40:17.204 E/GeckoConsole(  761): Content JS WARN at app://homescreen.gaiamobile.org/gaia_build_defer_index.js:184 in isHiddenApp: Unexpected role when checking hidden app: undefined
04-25 07:40:17.204 E/GeckoConsole(  761): Content JS WARN at app://homescreen.gaiamobile.org/gaia_build_defer_index.js:184 in isHiddenApp: Unexpected role when checking hidden app: undefined
04-25 07:40:17.204 E/GeckoConsole(  761): Content JS WARN at app://homescreen.gaiamobile.org/gaia_build_defer_index.js:184 in isHiddenApp: Unexpected role when checking hidden app: undefined
04-25 07:40:17.204 E/GeckoConsole(  761): Content JS WARN at app://homescreen.gaiamobile.org/gaia_build_defer_index.js:184 in isHiddenApp: Unexpected role when checking hidden app: undefined
04-25 07:40:17.204 E/GeckoConsole(  761): Content JS WARN at app://homescreen.gaiamobile.org/gaia_build_defer_index.js:184 in isHiddenApp: Unexpected role when checking hidden app: undefined
04-25 07:40:17.234 E/GeckoConsole(  761): Content JS WARN at app://homescreen.gaiamobile.org/gaia_build_defer_index.js:184 in isHiddenApp: Unexpected role when checking hidden app: undefined
04-25 07:40:17.244 E/GeckoConsole(  761): Content JS WARN at app://homescreen.gaiamobile.org/gaia_build_defer_index.js:184 in isHiddenApp: Unexpected role when checking hidden app: undefined
04-25 07:40:17.244 E/GeckoConsole(  761): Content JS WARN at app://homescreen.gaiamobile.org/gaia_build_defer_index.js:184 in isHiddenApp: Unexpected role when checking hidden app: undefined
04-25 07:40:17.244 I/Gecko   (   84): 1398436817256	Marionette	INFO	sendToClient: {"from":"0","ok":true}, {1f315a58-1e23-499f-b65b-b1d4bd50299e}, {1f315a58-1e23-499f-b65b-b1d4bd50299e}
04-25 07:40:17.244 I/Gecko   (   84): 1398436817263	Marionette	DEBUG	Got request: switchToFrame, data: {"to":"0","sessionId":"3-b2g","name":"switchToFrame","parameters":{"id":null,"focus":true}}, id: {a9072e30-5cfa-461e-a165-caff387d25a2}
04-25 07:40:17.264 I/Gecko   (   84): 1398436817275	Marionette	INFO	Switched to frame: {"frameValue":null}
04-25 07:40:17.264 E/GeckoConsole(  761): Content JS WARN at app://homescreen.gaiamobile.org/gaia_build_defer_index.js:184 in isHiddenApp: Unexpected role when checking hidden app: undefined
04-25 07:40:17.264 E/GeckoConsole(  761): Content JS WARN at app://homescreen.gaiamobile.org/gaia_build_defer_index.js:184 in isHiddenApp: Unexpected role when checking hidden app: undefined
04-25 07:40:17.264 E/GeckoConsole(  761): Content JS WARN at app://homescreen.gaiamobile.org/gaia_build_defer_index.js:184 in isHiddenApp: Unexpected role when checking hidden app: undefined
04-25 07:40:17.264 E/GeckoConsole(  761): Content JS WARN at app://homescreen.gaiamobile.org/gaia_build_defer_index.js:184 in isHiddenApp: Unexpected role when checking hidden app: undefined
04-25 07:40:17.264 E/GeckoConsole(  761): Content JS WARN at app://homescreen.gaiamobile.org/gaia_build_defer_index.js:184 in isHiddenApp: Unexpected role when checking hidden app: undefined
04-25 07:40:17.264 E/GeckoConsole(  761): Content JS WARN at app://homescreen.gaiamobile.org/gaia_build_defer_index.js:184 in isHiddenApp: Unexpected role when checking hidden app: undefined
04-25 07:40:17.264 E/GeckoConsole(  761): Content JS WARN at app://homescreen.gaiamobile.org/gaia_build_defer_index.js:184 in isHiddenApp: Unexpected role when checking hidden app: undefined
04-25 07:40:17.364 I/Gecko   (   84): 1398436817377	Marionette	INFO	sendToClient: {"from":"0","ok":true}, {a9072e30-5cfa-461e-a165-caff387d25a2}, {a9072e30-5cfa-461e-a165-caff387d25a2}
04-25 07:40:17.364 I/Gecko   (   84): 1398436817383	Marionette	DEBUG	Got request: executeWithCallback, data: {"to":"0","sessionId":"3-b2g","name":"executeAsyncScript","parameters":{"specialPowers":false,"scriptTimeout":30000,"newSandbox":true,"args":[],"filename":"app_checker.py","script":"GaiaApps.launchWithManifestURL('http://ibrius.com/Coloroid.m/manifest.webapp')","line":106}}, id: {f7c073c3-86db-417f-a346-b6148f281f18}
04-25 07:40:17.734 I/Gonk    (   84): Setting nice for pid 777 to 18
04-25 07:40:17.734 I/Gonk    (   84): Changed nice for pid 777 from 18 to 18.
04-25 07:40:17.734 I/Gecko   (   84): [Parent 84] WARNING: waitpid failed pid:777 errno:10: file ../../../gecko/ipc/chromium/src/base/process_util_posix.cc, line 254
04-25 07:40:17.754 I/Gonk    (   84): Setting nice for pid 777 to 1
04-25 07:40:17.754 I/Gonk    (   84): Changed nice for pid 777 from 18 to 1.
04-25 07:40:17.844 E/GeckoConsole(   84): Content JS LOG at dummy file:334 in GaiaApps.launch: launching app with name 'Coloroid'
04-25 07:40:18.164 E/[Gralloc-ERROR](   84): int gralloc_register_buffer(const gralloc_module_t*, const native_handle_t*):79 Unable to register handle 0x499b3240 coming from different process: 84
04-25 07:40:18.224 E/[Gralloc-ERROR](   84): int gralloc_register_buffer(const gralloc_module_t*, const native_handle_t*):79 Unable to register handle 0x499b3380 coming from different process: 84
04-25 07:40:18.274 E/[Gralloc-ERROR](   84): int gralloc_register_buffer(const gralloc_module_t*, const native_handle_t*):79 Unable to register handle 0x499b3ec0 coming from different process: 84
04-25 07:40:18.294 E/[Gralloc-ERROR](   84): int gralloc_register_buffer(const gralloc_module_t*, const native_handle_t*):79 Unable to register handle 0x499d6100 coming from different process: 84
04-25 07:40:18.394 D/Sensors (   84): activate handle=0; drv=0
04-25 07:40:18.394 D/Sensors (   84): Lis3dhSensor: Control set 1
04-25 07:40:18.394 D/Sensors (   84): Lis3dhSensor: mEnabled = 1
04-25 07:40:18.464 I/Gonk    (   84): Setting nice for pid 761 to 18
04-25 07:40:18.474 I/Gonk    (   84): Changed nice for pid 761 from 1 to 18.
04-25 07:40:18.794 V/AudioPolicyManagerBase(   89): getDeviceForStrategy() from cache strategy 0, device 2
04-25 07:40:18.794 V/AudioPolicyManagerBase(   89): getOutput() stream 1, samplingRate 0, format 0, channels 3, flags 0
04-25 07:40:18.964 V/AudioPolicyManagerBase(   89): startOutput() output 1, stream 1, session 2
04-25 07:40:18.964 V/AudioPolicyManagerBase(   89): startReadingThread
04-25 07:40:18.964 V/AudioPolicyManagerBase(   89): changeRefCount() stream 1, count 1
04-25 07:40:18.964 V/AudioPolicyManagerBase(   89): getDeviceForStrategy() from cache strategy 0, device 2
04-25 07:40:18.964 V/AudioPolicyManagerBase(   89): getNewDevice() selected device 2
04-25 07:40:18.964 D/AudioPolicyManagerBase(   89): setOutputDevice() output 1 device 2 delayMs 0
04-25 07:40:18.964 V/AudioPolicyManagerBase(   89): setOutputDevice() setting same device 2 or null device for output 1
04-25 07:40:18.964 E/AudioPolicyManagerBase(   89): checkAndSetVolume stream=1, index=0, output=1, device=2
04-25 07:40:18.964 E/AudioPolicyManagerBase(   89): computeVolume, streamDesc=0x4abbb8
04-25 07:40:18.994 V/AudioPolicyManagerBase(   89): ThreadWrapper 0x4abb40
04-25 07:40:18.994 V/AudioPolicyManagerBase(   89): threadFunc in
04-25 07:40:19.004 I/Gonk    (   84): Setting nice for pid 829 to 18
04-25 07:40:19.004 I/Gonk    (   84): Changed nice for pid 829 from 0 to 18.
04-25 07:40:19.044 W/AudioFlinger(   89): Thread AudioOut_1 cannot connect to the power manager service
04-25 07:40:19.044 V/AudioPolicyManagerBase(   89): stopOutput() output 1, stream 1, session 2
04-25 07:40:19.044 V/AudioPolicyManagerBase(   89): stopReadingThread
04-25 07:40:19.094 V/AudioPolicyManagerBase(   89): threadFunc exit
04-25 07:40:19.094 V/AudioPolicyManagerBase(   89): changeRefCount() stream 1, count 0
04-25 07:40:19.094 V/AudioPolicyManagerBase(   89): getNewDevice() selected device 0
04-25 07:40:19.094 D/AudioPolicyManagerBase(   89): setOutputDevice() output 1 device 0 delayMs 290
04-25 07:40:19.094 V/AudioPolicyManagerBase(   89): setOutputDevice() setting same device 0 or null device for output 1
04-25 07:40:19.104 V/AudioPolicyManagerBase(   89): startOutput() output 1, stream 1, session 2
04-25 07:40:19.104 V/AudioPolicyManagerBase(   89): changeRefCount() stream 1, count 1
04-25 07:40:19.104 V/AudioPolicyManagerBase(   89): getDeviceForStrategy() from cache strategy 0, device 2
04-25 07:40:19.104 V/AudioPolicyManagerBase(   89): getNewDevice() selected device 2
04-25 07:40:19.104 D/AudioPolicyManagerBase(   89): setOutputDevice() output 1 device 2 delayMs 0
04-25 07:40:19.104 V/AudioPolicyManagerBase(   89): setOutputDevice() setting same device 2 or null device for output 1
04-25 07:40:19.104 E/AudioPolicyManagerBase(   89): checkAndSetVolume stream=1, index=0, output=1, device=2
04-25 07:40:19.104 E/AudioPolicyManagerBase(   89): computeVolume, streamDesc=0x4abbb8
04-25 07:40:19.104 V/AudioPolicyManagerBase(   89): stopOutput() output 1, stream 1, session 2
04-25 07:40:19.104 V/AudioPolicyManagerBase(   89): changeRefCount() stream 1, count 0
04-25 07:40:19.104 V/AudioPolicyManagerBase(   89): getNewDevice() selected device 0
04-25 07:40:19.104 D/AudioPolicyManagerBase(   89): setOutputDevice() output 1 device 0 delayMs 290
04-25 07:40:19.104 V/AudioPolicyManagerBase(   89): setOutputDevice() setting same device 0 or null device for output 1
04-25 07:40:19.114 V/AudioPolicyManagerBase(   89): releaseOutput() 1
04-25 07:40:19.784 I/Gecko   (  777): ###################################### forms.js loaded
04-25 07:40:19.784 I/Gecko   (   84): [Parent 84] WARNING: pipe error (131): Connection reset by peer: file ../../../gecko/ipc/chromium/src/chrome/common/ipc_channel_posix.cc, line 446
04-25 07:40:19.804 I/Gecko   (   84): 
04-25 07:40:19.804 I/Gecko   (   84): ###!!! [Parent][MessageChannel] Error: Channel error: cannot send/recv
04-25 07:40:19.804 I/Gecko   (   84): 
04-25 07:40:19.844 I/Gecko   (   84): [Parent 84] WARNING: waitpid failed pid:761 errno:10: file ../../../gecko/ipc/chromium/src/base/process_util_posix.cc, line 254
04-25 07:40:19.854 I/Gecko   (  777): ############################### browserElementPanning.js loaded
04-25 07:40:19.894 I/Gecko   (  777): ######################## BrowserElementChildPreload.js loaded
04-25 07:40:20.684 W/WifiHW  (   84): wifi_command: SIGNAL_POLL
04-25 07:40:20.884 E/GeckoConsole(  777): [JavaScript Warning: "Expected declaration but found '0px'.  Skipped to next declaration." {file: "http://ibrius.com/Coloroid.m/css/stylecanvas.css?new" line: 54 column: 14 source: "	padding:5px; 0px;"}]
04-25 07:40:20.884 E/GeckoConsole(  777): [JavaScript Warning: "Unknown property '-moz-opacity'.  Declaration dropped." {file: "http://ibrius.com/Coloroid.m/css/stylecanvas.css?new" line: 143 column: 13 source: "	-moz-opacity: 0.00;"}]
04-25 07:40:20.884 E/GeckoConsole(  777): [JavaScript Warning: "Expected color but found 'none'.  Error in parsing value for 'background-color'.  Declaration dropped." {file: "http://ibrius.com/Coloroid.m/css/stylecanvas.css?new" line: 154 column: 18 source: "	background-color:none;"}]
04-25 07:40:20.884 E/GeckoConsole(  777): [JavaScript Warning: "Expected identifier for pseudo-class or pseudo-element but found '10px'.  Ruleset ignored due to bad selector." {file: "http://ibrius.com/Coloroid.m/css/stylecanvas.css?new" line: 165 column: 5 source: "}gin:10px auto 0px auto;"}]
04-25 07:40:20.884 E/GeckoConsole(  777): [JavaScript Warning: "Unknown property '-moz-border-radius'.  Declaration dropped." {file: "http://ibrius.com/Coloroid.m/css/stylecanvas.css?new" line: 184 column: 19 source: "	-moz-border-radius: 10px;"}]
04-25 07:40:20.884 E/GeckoConsole(  777): [JavaScript Warning: "Unknown property '-moz-border-radius'.  Declaration dropped." {file: "http://ibrius.com/Coloroid.m/css/stylecanvas.css?new" line: 297 column: 19 source: "	-moz-border-radius: 1px;"}]
04-25 07:40:20.904 E/GeckoConsole(  777): [JavaScript Warning: "Unknown property '-moz-opacity'.  Declaration dropped." {file: "http://ibrius.com/Coloroid.m/css/stylecanvas.css?new" line: 310 column: 15 source: "   -moz-opacity: 0.60;"}]
04-25 07:40:20.904 E/GeckoConsole(  777): [JavaScript Warning: "Expected 'none' or URL but found 'alpha('.  Error in parsing value for 'filter'.  Declaration dropped." {file: "http://ibrius.com/Coloroid.m/css/stylecanvas.css?new" line: 362 column: 8 source: "	filter:alpha(opacity=90);"}]
04-25 07:40:20.924 E/GeckoConsole(  777): [JavaScript Warning: "SyntaxError: Using //@ to indicate sourceMappingURL pragmas is deprecated. Use //# instead" {file: "http://ajax.googleapis.com/ajax/libs/jquery/1.10.1/jquery.min.js" line: 1}]
04-25 07:40:20.974 E/GeckoConsole(  777): [JavaScript Warning: "Error: http://ajax.googleapis.com/ajax/libs/jquery/1.10.1/jquery.min.js is being assigned a //# sourceMappingURL, but already has one"]
04-25 07:40:21.214 E/GeckoConsole(  777): [JavaScript Warning: "Expected declaration but found '*'.  Skipped to next declaration." {file: "http://ibrius.com/Coloroid.m/css/spectrum.css" line: 13 column: 4 source: "    *display: inline;"}]
04-25 07:40:21.214 E/GeckoConsole(  777): [JavaScript Warning: "Expected declaration but found '*'.  Skipped to next declaration." {file: "http://ibrius.com/Coloroid.m/css/spectrum.css" line: 14 column: 4 source: "    *zoom: 1;"}]
04-25 07:40:21.214 E/GeckoConsole(  777): [JavaScript Warning: "Unknown property 'user-select'.  Declaration dropped." {file: "http://ibrius.com/Coloroid.m/css/spectrum.css" line: 101 column: 15 source: "    user-select: none;"}]
04-25 07:40:21.214 E/GeckoConsole(  777): [JavaScript Warning: "Error in parsing value for 'background-image'.  Declaration dropped." {file: "http://ibrius.com/Coloroid.m/css/spectrum.css" line: 124 column: 22 source: "    background-image: -webkit-gradient(linear,  0 0, 100% 0, from(#FFF), to(rgba(204, 154, 129, 0)));"}]
04-25 07:40:21.214 E/GeckoConsole(  777): [JavaScript Warning: "Error in parsing value for 'background-image'.  Declaration dropped." {file: "http://ibrius.com/Coloroid.m/css/spectrum.css" line: 125 column: 22 source: "    background-image: -webkit-linear-gradient(left, #FFF, rgba(204, 154, 129, 0));"}]
04-25 07:40:21.214 E/GeckoConsole(  777): [JavaScript Warning: "Error in parsing value for 'background-image'.  Declaration dropped." {file: "http://ibrius.com/Coloroid.m/css/spectrum.css" line: 127 column: 22 source: "    background-image: -o-linear-gradient(left, #fff, rgba(204, 154, 129, 0));"}]
04-25 07:40:21.214 E/GeckoConsole(  777): [JavaScript Warning: "Error in parsing value for 'background-image'.  Declaration dropped." {file: "http://ibrius.com/Coloroid.m/css/spectrum.css" line: 128 column: 22 source: "    background-image: -ms-linear-gradient(left, #fff, rgba(204, 154, 129, 0));"}]
04-25 07:40:21.214 E/GeckoConsole(  777): [JavaScript Warning: "Expected 'none' or URL but found 'progid'.  Error in parsing value for 'filter'.  Declaration dropped." {file: "http://ibrius.com/Coloroid.m/css/spectrum.css" line: 131 column: 13 source: "    filter : progid:DXImageTransform.Microsoft.gradient(GradientType = 1, startColorstr='#FFFFFFFF', endColorstr='#00CC9A81');"}]
04-25 07:40:21.214 E/GeckoConsole(  777): [JavaScript Warning: "Error in parsing value for 'background-image'.  Declaration dropped." {file: "http://ibrius.com/Coloroid.m/css/spectrum.css" line: 134 column: 22 source: "    background-image: -webkit-gradient(linear, 0 100%, 0 0, from(#000000), to(rgba(204, 154, 129, 0)));"}]
04-25 07:40:21.214 E/GeckoConsole(  777): [JavaScript Warning: "Error in parsing value for 'background-image'.  Declaration dropped." {file: "http://ibrius.com/Coloroid.m/css/spectrum.css" line: 135 column: 22 source: "    background-image: -webkit-linear-gradient(bottom, #000000, rgba(204, 154, 129, 0));"}]
04-25 07:40:21.214 E/GeckoConsole(  777): [JavaScript Warning: "Error in parsing value for 'background-image'.  Declaration dropped." {file: "http://ibrius.com/Coloroid.m/css/spectrum.css" line: 137 column: 22 source: "    background-image: -o-linear-gradient(bottom, #000, rgba(204, 154, 129, 0));"}]
04-25 07:40:21.214 E/GeckoConsole(  777): [JavaScript Warning: "Error in parsing value for 'background-image'.  Declaration dropped." {file: "http://ibrius.com/Coloroid.m/css/spectrum.css" line: 138 column: 22 source: "    background-image: -ms-linear-gradient(bottom, #000, rgba(204, 154, 129, 0));"}]
04-25 07:40:21.224 E/GeckoConsole(  777): [JavaScript Warning: "Expected 'none' or URL but found 'progid'.  Error in parsing value for 'filter'.  Declaration dropped." {file: "http://ibrius.com/Coloroid.m/css/spectrum.css" line: 141 column: 13 source: "    filter : progid:DXImageTransform.Microsoft.gradient(startColorstr='#00CC9A81', endColorstr='#FF000000');"}]
04-25 07:40:21.224 E/GeckoConsole(  777): [JavaScript Warning: "Error in parsing value for 'background'.  Declaration dropped." {file: "http://ibrius.com/Coloroid.m/css/spectrum.css" line: 146 column: 16 source: "    background: -ms-linear-gradient(top, #ff0000 0%, #ffff00 17%, #00ff00 33%, #00ffff 50%, #0000ff 67%, #ff00ff 83%, #ff0000 100%);"}]
04-25 07:40:21.224 E/GeckoConsole(  777): [JavaScript Warning: "Error in parsing value for 'background'.  Declaration dropped." {file: "http://ibrius.com/Coloroid.m/css/spectrum.css" line: 147 column: 16 source: "    background: -o-linear-gradient(top, #ff0000 0%, #ffff00 17%, #00ff00 33%, #00ffff 50%, #0000ff 67%, #ff00ff 83%, #ff0000 100%);"}]
04-25 07:40:21.224 E/GeckoConsole(  777): [JavaScript Warning: "Error in parsing value for 'background'.  Declaration dropped." {file: "http://ibrius.com/Coloroid.m/css/spectrum.css" line: 148 column: 16 source: "    background: -webkit-gradient(linear, left top, left bottom, from(#ff0000), color-stop(0.17, #ffff00), color-stop(0.33, #00ff00), color-stop(0.5, #00ffff), color-stop(0.67, #0000ff), color-stop(0.83, #ff00ff), to(#ff0000));"}]
04-25 07:40:21.224 E/GeckoConsole(  777): [JavaScript Warning: "Error in parsing value for 'background'.  Declaration dropped." {file: "http://ibrius.com/Coloroid.m/css/spectrum.css" line: 149 column: 16 source: "    background: -webkit-linear-gradient(top, #ff0000 0%, #ffff00 17%, #00ff00 33%, #00ffff 50%, #0000ff 67%, #ff00ff 83%, #ff0000 100%);"}]
04-25 07:40:21.224 E/GeckoConsole(  777): [JavaScript Warning: "Expected 'none' or URL but found 'progid'.  Error in parsing value for 'filter'.  Declaration dropped." {file: "http://ibrius.com/Coloroid.m/css/spectrum.css" line: 159 column: 12 source: "    filter: progid:DXImageTransform.Microsoft.gradient(startColorstr='#ff0000', endColorstr='#ffff00');"}]
04-25 07:40:21.224 E/GeckoConsole(  777): [JavaScript Warning: "Expected 'none' or URL but found 'progid'.  Error in parsing value for 'filter'.  Declaration dropped." {file: "http://ibrius.com/Coloroid.m/css/spectrum.css" line: 163 column: 12 source: "    filter: progid:DXImageTransform.Microsoft.gradient(startColorstr='#ffff00', endColorstr='#00ff00');"}]
04-25 07:40:21.224 E/GeckoConsole(  777): [JavaScript Warning: "Expected 'none' or URL but found 'progid'.  Error in parsing value for 'filter'.  Declaration dropped." {file: "http://ibrius.com/Coloroid.m/css/spectrum.css" line: 167 column: 12 source: "    filter: progid:DXImageTransform.Microsoft.gradient(startColorstr='#00ff00', endColorstr='#00ffff');"}]
04-25 07:40:21.224 E/GeckoConsole(  777): [JavaScript Warning: "Expected 'none' or URL but found 'progid'.  Error in parsing value for 'filter'.  Declaration dropped." {file: "http://ibrius.com/Coloroid.m/css/spectrum.css" line: 171 column: 12 source: "    filter: progid:DXImageTransform.Microsoft.gradient(startColorstr='#00ffff', endColorstr='#0000ff');"}]
04-25 07:40:21.224 E/GeckoConsole(  777): [JavaScript Warning: "Expected 'none' or URL but found 'progid'.  Error in parsing value for 'filter'.  Declaration dropped." {file: "http://ibrius.com/Coloroid.m/css/spectrum.css" line: 175 column: 12 source: "    filter: progid:DXImageTransform.Microsoft.gradient(startColorstr='#0000ff', endColorstr='#ff00ff');"}]
04-25 07:40:21.224 E/GeckoConsole(  777): [JavaScript Warning: "Expected 'none' or URL but found 'progid'.  Error in parsing value for 'filter'.  Declaration dropped." {file: "http://ibrius.com/Coloroid.m/css/spectrum.css" line: 179 column: 12 source: "    filter: progid:DXImageTransform.Microsoft.gradient(startColorstr='#ff00ff', endColorstr='#ff0000');"}]
04-25 07:40:21.224 E/GeckoConsole(  777): [JavaScript Warning: "Expected declaration but found '*'.  Skipped to next declaration." {file: "http://ibrius.com/Coloroid.m/css/spectrum.css" line: 189 column: 9 source: ".sp-cf { *zoom: 1; }"}]
04-25 07:40:21.224 E/GeckoConsole(  777): [JavaScript Warning: "Unknown property 'box-sizing'.  Declaration dropped." {file: "http://ibrius.com/Coloroid.m/css/spectrum.css" line: 234 column: 14 source: "    box-sizing: border-box;"}]
04-25 07:40:21.224 E/GeckoConsole(  777): [JavaScript Warning: "Expected declaration but found '*'.  Skipped to next declaration." {file: "http://ibrius.com/Coloroid.m/css/spectrum.css" line: 339 column: 4 source: "    *zoom: 1;"}]
04-25 07:40:21.224 E/GeckoConsole(  777): [JavaScript Warning: "Expected declaration but found '*'.  Skipped to next declaration." {file: "http://ibrius.com/Coloroid.m/css/spectrum.css" line: 340 column: 4 source: "    *display: inline;"}]
04-25 07:40:21.224 E/GeckoConsole(  777): [JavaScript Warning: "Expected declaration but found '*'.  Skipped to next declaration." {file: "http://ibrius.com/Coloroid.m/css/spectrum.css" line: 374 column: 4 source: "    *width: 100px;"}]
04-25 07:40:21.224 E/GeckoConsole(  777): [JavaScript Warning: "Error in parsing value for 'background-image'.  Declaration dropped." {file: "http://ibrius.com/Coloroid.m/css/spectrum.css" line: 394 column: 20 source: "  background-image: -webkit-linear-gradient(top, #eeeeee, #cccccc);"}]
04-25 07:40:21.224 E/GeckoConsole(  777): [JavaScript Warning: "Error in parsing value for 'background-image'.  Declaration dropped." {file: "http://ibrius.com/Coloroid.m/css/spectrum.css" line: 396 column: 20 source: "  background-image: -ms-linear-gradient(top, #eeeeee, #cccccc);"}]
04-25 07:40:21.224 E/GeckoConsole(  777): [JavaScript Warning: "Error in parsing value for 'background-image'.  Declaration dropped." {file: "http://ibrius.com/Coloroid.m/css/spectrum.css" line: 397 column: 20 source: "  background-image: -o-linear-gradient(top, #eeeeee, #cccccc);"}]
04-25 07:40:21.224 E/GeckoConsole(  777): [JavaScript Warning: "Error in parsing value for 'background-image'.  Declaration dropped." {file: "http://ibrius.com/Coloroid.m/css/spectrum.css" line: 398 column: 20 source: "  background-image: -ms-linear-gradient(top, #eeeeee, #cccccc);"}]
04-25 07:40:21.224 E/GeckoConsole(  777): [JavaScript Warning: "Error in parsing value for 'background-image'.  Declaration dropped." {file: "http://ibrius.com/Coloroid.m/css/spectrum.css" line: 413 column: 22 source: "    background-image: -webkit-linear-gradient(top, #dddddd, #bbbbbb);"}]
04-25 07:40:21.224 E/GeckoConsole(  777): [JavaScript Warning: "Error in parsing value for 'background-image'.  Declaration dropped." {file: "http://ibrius.com/Coloroid.m/css/spectrum.css" line: 415 column: 22 source: "    background-image: -ms-linear-gradient(top, #dddddd, #bbbbbb);"}]
04-25 07:40:21.234 E/GeckoConsole(  777): [JavaScript Warning: "Error in parsing value for 'background-image'.  Declaration dropped." {file: "http://ibrius.com/Coloroid.m/css/spectrum.css" line: 416 column: 22 source: "    background-image: -o-linear-gradient(top, #dddddd, #bbbbbb);"}]
04-25 07:40:21.234 E/GeckoConsole(  777): [JavaScript Warning: "Error in parsing value for 'background-image'.  Declaration dropped." {file: "http://ibrius.com/Coloroid.m/css/spectrum.css" line: 417 column: 22 source: "    background-image: -ms-linear-gradient(top, #dddddd, #bbbbbb);"}]
04-25 07:40:21.234 E/GeckoConsole(  777): [JavaScript Warning: "Unknown property '-moz-box-shadow'.  Declaration dropped." {file: "http://ibrius.com/Coloroid.m/css/spectrum.css" line: 428 column: 19 source: "    -moz-box-shadow: inset 0 0 5px 2px #aaaaaa, 0 1px 0 0 #eeeeee;"}]
04-25 07:40:21.844 I/Gecko   (   84): [Parent 84] WARNING: waitpid failed pid:761 errno:10: file ../../../gecko/ipc/chromium/src/base/process_util_posix.cc, line 254
04-25 07:40:21.844 I/Gecko   (   84): [Parent 84] WARNING: Failed to deliver SIGKILL to 761!(3).: file ../../../gecko/ipc/chromium/src/chrome/common/process_watcher_posix_sigchld.cc, line 118
04-25 07:40:22.964 E/GeckoConsole(  777): [JavaScript Warning: "Unknown property 'box-sizing'.  Declaration dropped." {file: "http://ibrius.com/Coloroid.m/" line: 0 column: 10 source: "box-sizing:border-box;-moz-box-sizing:border-box;-webkit-box-sizing:border-box;padding:1px;border:1px;display:block;width:4px;margin-top:1%;position:absolute;top:1%;"}]
04-25 07:40:23.004 E/GeckoConsole(  777): [JavaScript Warning: "Unknown property 'box-sizing'.  Declaration dropped." {file: "http://ibrius.com/Coloroid.m/" line: 0 column: 52 source: "padding:0;margin:0;border:0;display:block;box-sizing:content-box;-moz-box-sizing:content-box;-webkit-box-sizing:content-box;"}]
04-25 07:40:23.014 E/GeckoConsole(  777): [JavaScript Warning: "Unknown property 'box-sizing'.  Declaration dropped." {file: "http://ibrius.com/Coloroid.m/" line: 0 column: 52 source: "padding:0;margin:0;border:0;display:block;box-sizing:content-box;-moz-box-sizing:content-box;-webkit-box-sizing:content-box;"}]
04-25 07:40:23.704 E/GeckoConsole(  777): [JavaScript Warning: "Unknown property '-moz-border-radius'.  Declaration dropped." {file: "http://ibrius.com/Coloroid.m/" line: 2 column: 184 source: ".fb_dialog{background:rgba(82, 82, 82, .7);position:absolute;top:-10000px;z-index:10001}.fb_reset .fb_dialog_legacy{overflow:visible}.fb_dialog_advanced{padding:10px;-moz-border-radius:8px;-webkit-border-radius:8px;border-radius:8px}.fb_dialog_content{background:#fff;color:#333}.fb_dialog_close_icon{background:url(https://fbstatic-a.akamaihd.net/rsrc.php/v2/yq/r/IE9JII6Z1Ys.png) no-repeat scroll 0 0 transparent;_background-image:url(https://fbstatic-a.akamaihd.net/rsrc.php/v2/yL/r/s816eWC-2sl.gif);cursor:pointer;display:block;height:15px;position:absolute;right:18px;top:17px;width:15px}.fb_dialog_mobile .fb_dialog_close_icon{top:5px;left:5px;right:auto}.fb_dialog_padding{background-color:transparent;position:absolute;width:1px;z-index:-1}.fb_dialog_close_icon:hover{background:url(https://fbstatic-a.akamaihd.net/rsrc.php/v2/yq/r/IE9JII6Z1Ys.png) no-repeat scro
04-25 07:40:23.704 E/GeckoConsole(  777): [JavaScript Warning: "Expected 'none' or URL but found 'alpha('.  Error in parsing value for 'filter'.  Declaration dropped." {file: "http://ibrius.com/Coloroid.m/" line: 2 column: 2162 source: ".fb_dialog{background:rgba(82, 82, 82, .7);position:absolute;top:-10000px;z-index:10001}.fb_reset .fb_dialog_legacy{overflow:visible}.fb_dialog_advanced{padding:10px;-moz-border-radius:8px;-webkit-border-radius:8px;border-radius:8px}.fb_dialog_content{background:#fff;color:#333}.fb_dialog_close_icon{background:url(https://fbstatic-a.akamaihd.net/rsrc.php/v2/yq/r/IE9JII6Z1Ys.png) no-repeat scroll 0 0 transparent;_background-image:url(https://fbstatic-a.akamaihd.net/rsrc.php/v2/yL/r/s816eWC-2sl.gif);cursor:pointer;display:block;height:15px;position:absolute;right:18px;top:17px;width:15px}.fb_dialog_mobile .fb_dialog_close_icon{top:5px;left:5px;right:auto}.fb_dialog_padding{background-color:transparent;position:absolute;width:1px;z-index:-1}.fb_dialog_close_icon:hover{background:url(https://fbstatic-a.akamaihd.net/rsrc.
04-25 07:40:23.704 E/GeckoConsole(  777): [JavaScript Warning: "Error in parsing value for 'background'.  Declaration dropped." {file: "http://ibrius.com/Coloroid.m/" line: 2 column: 3638 source: ".fb_dialog{background:rgba(82, 82, 82, .7);position:absolute;top:-10000px;z-index:10001}.fb_reset .fb_dialog_legacy{overflow:visible}.fb_dialog_advanced{padding:10px;-moz-border-radius:8px;-webkit-border-radius:8px;border-radius:8px}.fb_dialog_content{background:#fff;color:#333}.fb_dialog_close_icon{background:url(https://fbstatic-a.akamaihd.net/rsrc.php/v2/yq/r/IE9JII6Z1Ys.png) no-repeat scroll 0 0 transparent;_background-image:url(https://fbstatic-a.akamaihd.net/rsrc.php/v2/yL/r/s816eWC-2sl.gif);cursor:pointer;display:block;height:15px;position:absolute;right:18px;top:17px;width:15px}.fb_dialog_mobile .fb_dialog_close_icon{top:5px;left:5px;right:auto}.fb_dialog_padding{background-color:transparent;position:absolute;width:1px;z-index:-1}.fb_dialog_close_icon:hover{background:url(https://fbstatic-a.akamaihd.net/rsrc.php/v2/yq/r/IE9JII6Z1Ys.png) no-repeat s
04-25 07:40:23.714 E/GeckoConsole(  777): [JavaScript Warning: "Error in parsing value for 'background'.  Declaration dropped." {file: "http://ibrius.com/Coloroid.m/" line: 2 column: 4307 source: ".fb_dialog{background:rgba(82, 82, 82, .7);position:absolute;top:-10000px;z-index:10001}.fb_reset .fb_dialog_legacy{overflow:visible}.fb_dialog_advanced{padding:10px;-moz-border-radius:8px;-webkit-border-radius:8px;border-radius:8px}.fb_dialog_content{background:#fff;color:#333}.fb_dialog_close_icon{background:url(https://fbstatic-a.akamaihd.net/rsrc.php/v2/yq/r/IE9JII6Z1Ys.png) no-repeat scroll 0 0 transparent;_background-image:url(https://fbstatic-a.akamaihd.net/rsrc.php/v2/yL/r/s816eWC-2sl.gif);cursor:pointer;display:block;height:15px;position:absolute;right:18px;top:17px;width:15px}.fb_dialog_mobile .fb_dialog_close_icon{top:5px;left:5px;right:auto}.fb_dialog_padding{background-color:transparent;position:absolute;width:1px;z-index:-1}.fb_dialog_close_icon:hover{background:url(https://fbstatic-a.akamaihd.net/rsrc.php/v2/yq/r/IE9JII6Z1Ys.png) no-repeat s
04-25 07:40:23.714 E/GeckoConsole(  777): [JavaScript Warning: "Unknown property 'zoom'.  Declaration dropped." {file: "http://ibrius.com/Coloroid.m/" line: 3 column: 475 source: ".fb_iframe_widget{display:inline-block;position:relative}.fb_iframe_widget span{display:inline-block;position:relative;text-align:justify}.fb_iframe_widget iframe{position:absolute}.fb_iframe_widget_lift{z-index:1}.fb_hide_iframes iframe{position:relative;left:-10000px}.fb_iframe_widget_loader{position:relative;display:inline-block}.fb_iframe_widget_fluid{display:inline}.fb_iframe_widget_fluid span{width:100%}.fb_iframe_widget_loader iframe{min-height:32px;z-index:2;zoom:1}.fb_iframe_widget_loader .FB_Loader{background:url(https://fbstatic-a.akamaihd.net/rsrc.php/v2/y9/r/jKEcVPZFk-2.gif) no-repeat;height:32px;width:32px;margin-left:-16px;position:absolute;left:50%;z-index:4}"}]
04-25 07:40:23.744 E/GeckoConsole(  777): [JavaScript Warning: "Error in parsing value for 'top'.  Declaration dropped." {file: "http://ibrius.com/Coloroid.m/" line: 4 column: 845 source: ".fb_connect_bar_container div,.fb_connect_bar_container span,.fb_connect_bar_container a,.fb_connect_bar_container img,.fb_connect_bar_container strong{background:none;border-spacing:0;border:0;direction:ltr;font-style:normal;font-variant:normal;letter-spacing:normal;line-height:1;margin:0;overflow:visible;padding:0;text-align:left;text-decoration:none;text-indent:0;text-shadow:none;text-transform:none;visibility:visible;white-space:normal;word-spacing:normal;vertical-align:baseline}.fb_connect_bar_container{position:fixed;left:0 !important;right:0 !important;height:42px !important;padding:0 25px !important;margin:0 !important;vertical-align:middle !important;border-bottom:1px solid #333 !important;background:#3b5998 !important;z-index:99999999 !important;overflow:hidden !important}.fb_connect_bar_container_ie6{position:absolute;top:expression(document.compatMode=
04-25 07:40:24.344 E/GeckoConsole(  777): [JavaScript Warning: "Content Security Policy: allow directive is deprecated, use the equivalent default-src directive instead"]
04-25 07:40:24.414 E/GeckoConsole(  777): [JavaScript Warning: "The X-Content-Security-Policy and X-Content-Security-Report-Only headers will be deprecated in the future. Please use the Content-Security-Policy and Content-Security-Report-Only headers with CSP spec compliant syntax instead." {file: "https://s-static.ak.facebook.com/connect/xd_arbiter/dgdTycPTSRj.js?version=40#channel=f17a133a5107894&origin=http%3A%2F%2Fibrius.com" line: 0}]
04-25 07:40:25.664 I/Gonk    (   84): Setting nice for pid 829 to 18
04-25 07:40:25.674 I/Gonk    (   84): Changed nice for pid 829 from 18 to 18.
04-25 07:40:25.674 I/Gecko   (   84): [Parent 84] WARNING: waitpid failed pid:829 errno:10: file ../../../gecko/ipc/chromium/src/base/process_util_posix.cc, line 254
04-25 07:40:25.674 I/Gonk    (   84): Setting nice for pid 829 to 1
04-25 07:40:25.674 I/Gonk    (   84): Changed nice for pid 829 from 18 to 1.
04-25 07:40:25.684 E/GeckoConsole(  777): Content JS LOG at http://ibrius.com/Coloroid.m/:53 in anonymous: [object Object]
04-25 07:40:25.684 I/Gonk    (   84): Setting nice for pid 829 to 18
04-25 07:40:25.684 I/Gonk    (   84): Changed nice for pid 829 from 1 to 18.
04-25 07:40:26.034 E/[Gralloc-ERROR](   84): int gralloc_unregister_buffer(const gralloc_module_t*, const native_handle_t*):274 Trying to unregister buffer 0x499b3380 from process 84 that was not created in current process: 84
04-25 07:40:26.044 W/WifiHW  (   84): wifi_command: SIGNAL_POLL
04-25 07:40:26.044 E/GeckoConsole(   84): Content JS LOG at dummy file:326 in GaiaApps.launch/appOpen/<: app with origin 'http://ibrius.com' has launched
04-25 07:40:26.074 I/Gecko   (   84): 1398436826085	Marionette	INFO	sendToClient: {"from":"0","value":{"frame":{"ELEMENT":"{61a5d2e6-ec01-4076-99de-0636ea0f5bbe}"},"src":"http://ibrius.com/Coloroid.m","name":"Coloroid","origin":"http://ibrius.com"}}, {f7c073c3-86db-417f-a346-b6148f281f18}, {f7c073c3-86db-417f-a346-b6148f281f18}
04-25 07:40:26.174 E/[Gralloc-ERROR](   84): int gralloc_unregister_buffer(const gralloc_module_t*, const native_handle_t*):274 Trying to unregister buffer 0x499b3240 from process 84 that was not created in current process: 84
04-25 07:40:26.174 E/[Gralloc-ERROR](   84): int gralloc_unregister_buffer(const gralloc_module_t*, const native_handle_t*):274 Trying to unregister buffer 0x499b3ec0 from process 84 that was not created in current process: 84
04-25 07:40:26.174 E/[Gralloc-ERROR](   84): int gralloc_unregister_buffer(const gralloc_module_t*, const native_handle_t*):274 Trying to unregister buffer 0x499d6100 from process 84 that was not created in current process: 84
04-25 07:40:26.244 I/Gecko   (   84): 1398436826255	Marionette	DEBUG	Got request: switchToFrame, data: {"to":"0","sessionId":"3-b2g","name":"switchToFrame","parameters":{"focus":true,"element":"{61a5d2e6-ec01-4076-99de-0636ea0f5bbe}"}}, id: {6ec6c618-4b63-4b63-8e40-76d357abb9ec}
04-25 07:40:26.244 I/Gecko   (   84): 1398436826264	Marionette	INFO	Switched to frame: {"frameValue":"{61a5d2e6-ec01-4076-99de-0636ea0f5bbe}"}
04-25 07:40:26.254 I/Gecko   (   84): 1398436826270	Marionette	INFO	trying remote frame 0
04-25 07:40:26.264 I/Gecko   (   84): 1398436826277	Marionette	INFO	deleting frame
04-25 07:40:26.264 I/Gecko   (   84): 1398436826282	Marionette	INFO	frame-manager load script: [object ChromeMessageSender]
04-25 07:40:26.414 I/Gecko   (   84): [Parent 84] WARNING: pipe error (164): Connection reset by peer: file ../../../gecko/ipc/chromium/src/chrome/common/ipc_channel_posix.cc, line 446
04-25 07:40:26.414 I/Gecko   (   84): 
04-25 07:40:26.414 I/Gecko   (   84): ###!!! [Parent][MessageChannel] Error: Channel error: cannot send/recv
04-25 07:40:26.414 I/Gecko   (   84): 
04-25 07:40:26.484 I/Gecko   (   84): [Parent 84] WARNING: waitpid failed pid:829 errno:10: file ../../../gecko/ipc/chromium/src/base/process_util_posix.cc, line 254
04-25 07:40:26.804 I/Gecko   (   84): 1398436826821	Marionette	INFO	sendToClient: {"from":"0","ok":true}, {6ec6c618-4b63-4b63-8e40-76d357abb9ec}, {6ec6c618-4b63-4b63-8e40-76d357abb9ec}
04-25 07:40:26.854 I/Gecko   (   84): 1398436826870	Marionette	INFO	sendToClient: {"from":"0","value":"http://ibrius.com/Coloroid.m/"}, {9b0432ca-ff1b-4847-a7f8-6112b549a51a}, {9b0432ca-ff1b-4847-a7f8-6112b549a51a}
