--------- beginning of /dev/log/main
04-26 01:29:04.825 W/WifiHW  (   84): wifi_command: SIGNAL_POLL
04-26 01:29:05.365 I/Gecko   (   84): 1398500945384	Marionette	INFO	sendToClient: {"from":"0","ok":true}, {7910571b-ef1e-444f-b086-962e8c97182f}, {7910571b-ef1e-444f-b086-962e8c97182f}
04-26 01:29:05.885 I/Gecko   (   84): 1398500945901	Marionette	DEBUG	Got request: switchToFrame, data: {"to":"0","sessionId":"3-b2g","name":"switchToFrame","parameters":{"id":null,"focus":true}}, id: {451e9a77-cc52-4778-98b3-45f9002ad2fd}
04-26 01:29:05.915 I/Gecko   (   84): 1398500945929	Marionette	INFO	Switched to frame: {"frameValue":null}
04-26 01:29:06.175 I/Gecko   (   84): 1398500946189	Marionette	INFO	sendToClient: {"from":"0","ok":true}, {451e9a77-cc52-4778-98b3-45f9002ad2fd}, {451e9a77-cc52-4778-98b3-45f9002ad2fd}
04-26 01:29:06.185 I/Gecko   (   84): 1398500946201	Marionette	DEBUG	Got request: executeWithCallback, data: {"to":"0","sessionId":"3-b2g","name":"executeAsyncScript","parameters":{"specialPowers":false,"scriptTimeout":null,"newSandbox":true,"args":[],"filename":"gaia_test.py","script":"return GaiaApps.displayedApp();","line":66}}, id: {ae221181-41d5-493c-919c-da84dcbea44f}
04-26 01:29:06.395 E/GeckoConsole(   84): Content JS LOG at dummy file:392 in GaiaApps.displayedApp: app with origin 'http://crazy-frog.tresensa.com' is displayed
04-26 01:29:06.595 I/Gecko   (   84): 1398500946607	Marionette	INFO	sendToClient: {"from":"0","value":{"frame":{"ELEMENT":"{b9c1f34f-cad1-4d2f-81fd-bf6f9098722a}"},"src":"http://crazy-frog.tresensa.com/index.html?dst=A0008&moregames=https%3A%2F%2Fmarketplace.firefox.com%2Fsearch%3Fq%3Dtresensa","name":"Crazy Frog","origin":"http://crazy-frog.tresensa.com"}}, {ae221181-41d5-493c-919c-da84dcbea44f}, {ae221181-41d5-493c-919c-da84dcbea44f}
04-26 01:29:06.655 I/Gecko   (   84): 1398500946668	Marionette	DEBUG	Got request: switchToFrame, data: {"to":"0","sessionId":"3-b2g","name":"switchToFrame","parameters":{"id":null,"focus":true}}, id: {6c1c59ba-4fdf-43d7-ac68-3a77a9bf10eb}
04-26 01:29:06.655 I/Gecko   (   84): 1398500946670	Marionette	INFO	Switched to frame: {"frameValue":null}
04-26 01:29:06.815 I/Gecko   (   84): 1398500946833	Marionette	INFO	sendToClient: {"from":"0","ok":true}, {6c1c59ba-4fdf-43d7-ac68-3a77a9bf10eb}, {6c1c59ba-4fdf-43d7-ac68-3a77a9bf10eb}
04-26 01:29:06.875 I/Gecko   (   84): 1398500946887	Marionette	DEBUG	Got request: execute, data: {"to":"0","sessionId":"3-b2g","name":"executeScript","parameters":{"specialPowers":false,"scriptTimeout":null,"newSandbox":true,"args":[],"filename":"gaia_test.py","script":"window.wrappedJSObject.dispatchEvent(new Event('home'));","line":788}}, id: {dc95d4ef-a467-424f-af8d-abc9cc56c663}
04-26 01:29:07.275 I/Gonk    (   84): Setting nice for pid 2982 to 18
04-26 01:29:07.335 I/Gonk    (   84): Changed nice for pid 2982 from 18 to 18.
04-26 01:29:07.335 I/Gecko   (   84): [Parent 84] WARNING: waitpid failed pid:2982 errno:10: file ../../../gecko/ipc/chromium/src/base/process_util_posix.cc, line 254
04-26 01:29:07.335 I/Gonk    (   84): Setting nice for pid 2982 to 1
04-26 01:29:07.335 I/Gonk    (   84): Changed nice for pid 2982 from 18 to 1.
04-26 01:29:07.425 I/Gonk    (   84): Setting nice for pid 2929 to 18
04-26 01:29:07.425 I/Gonk    (   84): Changed nice for pid 2929 from 1 to 18.
04-26 01:29:07.455 D/Sensors (   84): activate handle=0; drv=0
04-26 01:29:07.455 D/Sensors (   84): Lis3dhSensor: Control set 0
04-26 01:29:07.455 D/Sensors (   84): Lis3dhSensor: mEnabled = 0
04-26 01:29:07.755 I/log     ( 3015): <4>0[ 1219.498505] select 2929 (Crazy Frog), adj 10, size 8642, to kill 
04-26 01:29:07.895 I/Gecko   (   84): 1398500947907	Marionette	INFO	sendToClient: {"from":"0","value":null}, {dc95d4ef-a467-424f-af8d-abc9cc56c663}, {dc95d4ef-a467-424f-af8d-abc9cc56c663}
04-26 01:29:08.085 E/[Gralloc-ERROR](   84): int gralloc_unregister_buffer(const gralloc_module_t*, const native_handle_t*):274 Trying to unregister buffer 0x476e9970 from process 84 that was not created in current process: 84
04-26 01:29:08.095 E/[Gralloc-ERROR](   84): int gralloc_unregister_buffer(const gralloc_module_t*, const native_handle_t*):274 Trying to unregister buffer 0x476e9880 from process 84 that was not created in current process: 84
04-26 01:29:08.095 I/Gecko   (   84): 1398500948111	Marionette	DEBUG	Got request: switchToFrame, data: {"to":"0","sessionId":"3-b2g","name":"switchToFrame","parameters":{"id":null,"focus":true}}, id: {73e9d6c5-e8a8-4e88-9ed0-3b31745b196b}
04-26 01:29:08.105 I/Gecko   (   84): 1398500948125	Marionette	INFO	Switched to frame: {"frameValue":null}
04-26 01:29:08.225 I/Gecko   (   84): 1398500948239	Marionette	INFO	sendToClient: {"from":"0","ok":true}, {73e9d6c5-e8a8-4e88-9ed0-3b31745b196b}, {73e9d6c5-e8a8-4e88-9ed0-3b31745b196b}
04-26 01:29:08.255 I/Gecko   (   84): 1398500948267	Marionette	DEBUG	Got request: executeWithCallback, data: {"to":"0","sessionId":"3-b2g","name":"executeAsyncScript","parameters":{"specialPowers":false,"scriptTimeout":null,"newSandbox":true,"args":[],"filename":"gaia_test.py","script":"return GaiaApps.displayedApp();","line":66}}, id: {803d556f-436c-4cef-aa36-eaaae46d5e77}
04-26 01:29:08.395 E/GeckoConsole(   84): Content JS LOG at dummy file:392 in GaiaApps.displayedApp: app with origin 'app://homescreen.gaiamobile.org' is displayed
04-26 01:29:08.395 I/Gecko   (   84): 1398500948412	Marionette	INFO	sendToClient: {"from":"0","value":{"frame":{"ELEMENT":"{f027001f-72f0-4233-b644-fd8da24613a8}"},"src":"app://homescreen.gaiamobile.org/index.html#root","name":"Homescreen","origin":"app://homescreen.gaiamobile.org"}}, {803d556f-436c-4cef-aa36-eaaae46d5e77}, {803d556f-436c-4cef-aa36-eaaae46d5e77}
04-26 01:29:08.405 I/Gecko   (   84): 1398500948422	Marionette	DEBUG	Got request: switchToFrame, data: {"to":"0","sessionId":"3-b2g","name":"switchToFrame","parameters":{"id":null,"focus":true}}, id: {89f57c35-0060-479a-b09a-3e91350cf677}
04-26 01:29:08.415 I/Gecko   (   84): 1398500948427	Marionette	INFO	Switched to frame: {"frameValue":null}
04-26 01:29:08.615 E/[Gralloc-ERROR](   84): int gralloc_register_buffer(const gralloc_module_t*, const native_handle_t*):79 Unable to register handle 0x441aaf10 coming from different process: 84
04-26 01:29:08.625 E/[Gralloc-ERROR](   84): int gralloc_register_buffer(const gralloc_module_t*, const native_handle_t*):79 Unable to register handle 0x441aafb0 coming from different process: 84
04-26 01:29:08.745 I/Gecko   (   84): 
04-26 01:29:08.745 I/Gecko   (   84): ###!!! [Parent][MessageChannel] Error: Channel error: cannot send/recv
04-26 01:29:08.745 I/Gecko   (   84): 
04-26 01:29:08.865 I/GeckoDump(   84): Crash reporter : Can't fetch app.reportCrashes. Exception: [Exception... "Component returned failure code: 0x8000ffff (NS_ERROR_UNEXPECTED) [nsIPrefBranch.getBoolPref]"  nsresult: "0x8000ffff (NS_ERROR_UNEXPECTED)"  location: "JS frame :: chrome://browser/content/shell.js :: shell_reportCrash :: line 7"  data: no]
04-26 01:29:09.015 I/Gecko   (   84): 1398500949034	Marionette	INFO	sendToClient: {"from":"0","ok":true}, {89f57c35-0060-479a-b09a-3e91350cf677}, {89f57c35-0060-479a-b09a-3e91350cf677}
04-26 01:29:09.065 I/Gecko   (   84): [Parent 84] WARNING: waitpid failed pid:2929 errno:10: file ../../../gecko/ipc/chromium/src/base/process_util_posix.cc, line 254
04-26 01:29:09.075 E/[Gralloc-ERROR](   84): int gralloc_unregister_buffer(const gralloc_module_t*, const native_handle_t*):274 Trying to unregister buffer 0x441aafb0 from process 84 that was not created in current process: 84
04-26 01:29:09.085 E/[Gralloc-ERROR](   84): int gralloc_unregister_buffer(const gralloc_module_t*, const native_handle_t*):274 Trying to unregister buffer 0x441aaf10 from process 84 that was not created in current process: 84
04-26 01:29:09.105 I/Gecko   (   84): 1398500949119	Marionette	DEBUG	Got request: switchToFrame, data: {"to":"0","sessionId":"3-b2g","name":"switchToFrame","parameters":{"id":null,"focus":true}}, id: {e871ad74-19ca-40f9-8ffd-443735f9f234}
04-26 01:29:09.105 I/Gecko   (   84): 1398500949121	Marionette	INFO	Switched to frame: {"frameValue":null}
04-26 01:29:09.205 I/Gecko   (   84): 1398500949223	Marionette	INFO	sendToClient: {"from":"0","ok":true}, {e871ad74-19ca-40f9-8ffd-443735f9f234}, {e871ad74-19ca-40f9-8ffd-443735f9f234}
04-26 01:29:09.215 I/Gecko   (   84): 1398500949229	Marionette	DEBUG	Got request: executeWithCallback, data: {"to":"0","sessionId":"3-b2g","name":"executeAsyncScript","parameters":{"specialPowers":false,"scriptTimeout":null,"newSandbox":true,"args":[],"filename":"gaia_test.py","script":"return GaiaApps.displayedApp();","line":66}}, id: {4bc2e0a6-471b-4f2a-83e7-6c60e77430c8}
04-26 01:29:09.245 I/Gecko   ( 2982): ###################################### forms.js loaded
04-26 01:29:09.275 I/Gecko   (   84): 1398500949289	Marionette	INFO	sendToClient: {"from":"0","value":{"frame":{"ELEMENT":"{f027001f-72f0-4233-b644-fd8da24613a8}"},"src":"app://homescreen.gaiamobile.org/index.html#root","name":"Homescreen","origin":"app://homescreen.gaiamobile.org"}}, {4bc2e0a6-471b-4f2a-83e7-6c60e77430c8}, {4bc2e0a6-471b-4f2a-83e7-6c60e77430c8}
04-26 01:29:09.315 I/Gecko   ( 2982): ############################### browserElementPanning.js loaded
04-26 01:29:09.365 I/Gecko   ( 2982): ######################## BrowserElementChildPreload.js loaded
04-26 01:29:09.375 E/GeckoConsole(   84): Content JS LOG at dummy file:392 in GaiaApps.displayedApp: app with origin 'app://homescreen.gaiamobile.org' is displayed
04-26 01:29:09.395 I/Gecko   (   84): 1398500949408	Marionette	DEBUG	Got request: switchToFrame, data: {"to":"0","sessionId":"3-b2g","name":"switchToFrame","parameters":{"focus":true,"element":"{f027001f-72f0-4233-b644-fd8da24613a8}"}}, id: {3031a684-d4ed-4a33-bc4e-40a4b4050e94}
04-26 01:29:09.415 I/Gecko   (   84): 1398500949427	Marionette	INFO	Switched to frame: {"frameValue":"{f027001f-72f0-4233-b644-fd8da24613a8}"}
04-26 01:29:09.425 I/Gecko   (   84): 1398500949438	Marionette	INFO	trying remote frame 0
04-26 01:29:09.425 I/Gecko   (   84): 1398500949439	Marionette	INFO	trying remote frame 1
04-26 01:29:09.425 I/Gecko   (   84): 1398500949440	Marionette	INFO	trying remote frame 2
04-26 01:29:09.425 I/Gecko   (   84): 1398500949440	Marionette	INFO	trying remote frame 3
04-26 01:29:09.425 I/Gecko   (   84): 1398500949441	Marionette	INFO	trying remote frame 4
04-26 01:29:09.425 I/Gecko   (   84): 1398500949442	Marionette	INFO	trying remote frame 5
04-26 01:29:09.425 I/Gecko   (   84): 1398500949442	Marionette	INFO	trying remote frame 6
04-26 01:29:09.425 I/Gecko   (   84): 1398500949443	Marionette	INFO	deleting frame
04-26 01:29:09.435 I/Gecko   (   84): 1398500949448	Marionette	INFO	frame-manager load script: [object ChromeMessageSender]
04-26 01:29:09.855 W/WifiHW  (   84): wifi_command: SIGNAL_POLL
04-26 01:29:10.475 I/Gecko   (   84): 1398500950492	Marionette	INFO	sendToClient: {"from":"0","ok":true}, {3031a684-d4ed-4a33-bc4e-40a4b4050e94}, {3031a684-d4ed-4a33-bc4e-40a4b4050e94}
04-26 01:29:10.755 I/Gecko   (   84): 1398500950766	Marionette	INFO	sendToClient: {"from":"0","value":[]}, {6a390fff-3824-4f30-af52-2e5f09978123}, {6a390fff-3824-4f30-af52-2e5f09978123}
04-26 01:29:10.805 I/Gecko   (   84): 1398500950821	Marionette	INFO	sendToClient: {"from":"0","value":"app://homescreen.gaiamobile.org/index.html#root"}, {cc1be693-2458-43d5-a3fc-3088681c85ea}, {cc1be693-2458-43d5-a3fc-3088681c85ea}
04-26 01:29:10.815 I/Gecko   (   84): 1398500950827	Marionette	DEBUG	Got request: switchToFrame, data: {"to":"0","sessionId":"3-b2g","name":"switchToFrame","parameters":{"id":null,"focus":true}}, id: {09a9eeac-3eea-4186-b72a-c1b7fb1507c0}
04-26 01:29:10.825 I/Gecko   (   84): 1398500950837	Marionette	INFO	Switched to frame: {"frameValue":null}
04-26 01:29:10.925 I/Gecko   (   84): 1398500950943	Marionette	INFO	sendToClient: {"from":"0","ok":true}, {09a9eeac-3eea-4186-b72a-c1b7fb1507c0}, {09a9eeac-3eea-4186-b72a-c1b7fb1507c0}
04-26 01:29:10.935 I/Gecko   (   84): 1398500950949	Marionette	DEBUG	Got request: switchToFrame, data: {"to":"0","sessionId":"3-b2g","name":"switchToFrame","parameters":{"id":null,"focus":true}}, id: {51028b3c-eaf9-406d-b206-3f571b1721c6}
04-26 01:29:10.935 I/Gecko   (   84): 1398500950953	Marionette	INFO	Switched to frame: {"frameValue":null}
04-26 01:29:11.065 I/Gecko   (   84): [Parent 84] WARNING: waitpid failed pid:2929 errno:10: file ../../../gecko/ipc/chromium/src/base/process_util_posix.cc, line 254
04-26 01:29:11.065 I/Gecko   (   84): [Parent 84] WARNING: Failed to deliver SIGKILL to 2929!(3).: file ../../../gecko/ipc/chromium/src/chrome/common/process_watcher_posix_sigchld.cc, line 118
04-26 01:29:11.115 I/Gecko   (   84): 1398500951126	Marionette	INFO	sendToClient: {"from":"0","ok":true}, {51028b3c-eaf9-406d-b206-3f571b1721c6}, {51028b3c-eaf9-406d-b206-3f571b1721c6}
04-26 01:29:11.115 I/Gecko   (   84): 1398500951132	Marionette	DEBUG	Got request: executeWithCallback, data: {"to":"0","sessionId":"3-b2g","name":"executeAsyncScript","parameters":{"specialPowers":false,"scriptTimeout":30000,"newSandbox":true,"args":[],"filename":"app_checker.py","script":"GaiaApps.launchWithManifestURL('http://crazy-frog.tresensa.com/manifest.webapp')","line":106}}, id: {1f44dc2a-db3d-4a04-95f4-2557b4326697}
04-26 01:29:11.235 E/GeckoConsole(   84): Content JS LOG at dummy file:334 in GaiaApps.launch: launching app with name 'Crazy Frog'
04-26 01:29:11.725 I/Gonk    (   84): Setting nice for pid 3024 to 18
04-26 01:29:11.725 I/Gonk    (   84): Changed nice for pid 3024 from 0 to 18.
04-26 01:29:11.795 I/Gonk    (   84): Setting nice for pid 3024 to 18
04-26 01:29:11.795 I/Gonk    (   84): Changed nice for pid 3024 from 18 to 18.
04-26 01:29:11.795 I/Gecko   (   84): [Parent 84] WARNING: waitpid failed pid:3024 errno:10: file ../../../gecko/ipc/chromium/src/base/process_util_posix.cc, line 254
04-26 01:29:11.805 I/Gonk    (   84): Setting nice for pid 3024 to 1
04-26 01:29:11.805 I/Gonk    (   84): Changed nice for pid 3024 from 18 to 1.
04-26 01:29:11.835 D/Sensors (   84): activate handle=0; drv=0
04-26 01:29:11.835 D/Sensors (   84): Lis3dhSensor: Control set 1
04-26 01:29:11.835 D/Sensors (   84): Lis3dhSensor: mEnabled = 1
04-26 01:29:11.905 E/[Gralloc-ERROR](   84): int gralloc_register_buffer(const gralloc_module_t*, const native_handle_t*):79 Unable to register handle 0x44bcb5b0 coming from different process: 84
04-26 01:29:11.925 E/[Gralloc-ERROR](   84): int gralloc_register_buffer(const gralloc_module_t*, const native_handle_t*):79 Unable to register handle 0x44bcb790 coming from different process: 84
04-26 01:29:12.205 I/Gonk    (   84): Setting nice for pid 2982 to 18
04-26 01:29:12.205 I/Gonk    (   84): Changed nice for pid 2982 from 1 to 18.
04-26 01:29:12.425 I/Gonk    (   84): Setting nice for pid 3032 to 18
04-26 01:29:12.425 I/Gonk    (   84): Changed nice for pid 3032 from 0 to 18.
04-26 01:29:13.175 I/Gecko   (   84): 
04-26 01:29:13.175 I/Gecko   (   84): ###!!! [Parent][MessageChannel] Error: Channel error: cannot send/recv
04-26 01:29:13.175 I/Gecko   (   84): 
04-26 01:29:13.215 I/GeckoDump(   84): Crash reporter : Can't fetch app.reportCrashes. Exception: [Exception... "Component returned failure code: 0x8000ffff (NS_ERROR_UNEXPECTED) [nsIPrefBranch.getBoolPref]"  nsresult: "0x8000ffff (NS_ERROR_UNEXPECTED)"  location: "JS frame :: chrome://browser/content/shell.js :: shell_reportCrash :: line 7"  data: no]
04-26 01:29:13.215 I/Gecko   (   84): [Parent 84] WARNING: waitpid failed pid:2982 errno:10: file ../../../gecko/ipc/chromium/src/base/process_util_posix.cc, line 254
04-26 01:29:13.545 I/Gecko   ( 3024): ###################################### forms.js loaded
04-26 01:29:13.575 I/Gecko   ( 3024): ############################### browserElementPanning.js loaded
04-26 01:29:13.595 I/Gecko   ( 3024): ######################## BrowserElementChildPreload.js loaded
04-26 01:29:14.225 E/GeckoConsole( 3024): [JavaScript Warning: "Unknown property '-moz-border-radius'.  Declaration dropped." {file: "http://crazyfrog.tresensa.com/1.5.2/leaderboard/css/game_specific.css" line: 9 column: 22 source: "    -moz-border-radius: 8px;"}]
04-26 01:29:14.235 E/GeckoConsole( 3024): [JavaScript Warning: "Error in parsing value for 'background'.  Declaration dropped." {file: "http://crazyfrog.tresensa.com/1.5.2/leaderboard/css/game_specific.css" line: 58 column: 16 source: "    background: 009aff;"}]
04-26 01:29:14.245 E/GeckoConsole( 3024): [JavaScript Warning: "Expected color but found 'bottom'.  Error in parsing value for 'background-image'.  Declaration dropped." {file: "http://crazyfrog.tresensa.com/1.5.2/leaderboard/css/game_specific.css" line: 59 column: 38 source: "    background-image: linear-gradient(bottom, rgb(143,220,255) 0%, rgb(0,153,255) 66%);"}]
04-26 01:29:14.245 E/GeckoConsole( 3024): [JavaScript Warning: "Error in parsing value for 'background-image'.  Declaration dropped." {file: "http://crazyfrog.tresensa.com/1.5.2/leaderboard/css/game_specific.css" line: 60 column: 22 source: "    background-image: -o-linear-gradient(bottom, rgb(143,220,255) 0%, rgb(0,153,255) 66%);"}]
04-26 01:29:14.255 E/GeckoConsole( 3024): [JavaScript Warning: "Error in parsing value for 'background-image'.  Declaration dropped." {file: "http://crazyfrog.tresensa.com/1.5.2/leaderboard/css/game_specific.css" line: 62 column: 22 source: "    background-image: -webkit-linear-gradient(bottom, rgb(143,220,255) 0%, rgb(0,153,255) 66%);"}]
04-26 01:29:14.255 E/GeckoConsole( 3024): [JavaScript Warning: "Error in parsing value for 'background-image'.  Declaration dropped." {file: "http://crazyfrog.tresensa.com/1.5.2/leaderboard/css/game_specific.css" line: 63 column: 22 source: "    background-image: -ms-linear-gradient(bottom, rgb(143,220,255) 0%, rgb(0,153,255) 66%);"}]
04-26 01:29:14.255 E/GeckoConsole( 3024): [JavaScript Warning: "Error in parsing value for 'background-image'.  Declaration dropped." {file: "http://crazyfrog.tresensa.com/1.5.2/leaderboard/css/game_specific.css" line: 64 column: 22 source: "    background-image: -webkit-gradient("}]
04-26 01:29:14.255 E/GeckoConsole( 3024): [JavaScript Warning: "Unknown property '-moz-border-radius'.  Declaration dropped." {file: "http://crazyfrog.tresensa.com/1.5.2/leaderboard/css/game_specific.css" line: 72 column: 22 source: "    -moz-border-radius: 8px;"}]
04-26 01:29:14.255 E/GeckoConsole( 3024): [JavaScript Warning: "Unknown property '-moz-border-radius-topleft'.  Declaration dropped." {file: "http://crazyfrog.tresensa.com/1.5.2/leaderboard/css/game_specific.css" line: 93 column: 30 source: "    -moz-border-radius-topleft: 8px;"}]
04-26 01:29:14.255 E/GeckoConsole( 3024): [JavaScript Warning: "Unknown property '-moz-border-radius-topright'.  Declaration dropped." {file: "http://crazyfrog.tresensa.com/1.5.2/leaderboard/css/game_specific.css" line: 94 column: 31 source: "    -moz-border-radius-topright: 8px;"}]
04-26 01:29:14.265 E/GeckoConsole( 3024): [JavaScript Warning: "Unknown property '-moz-border-radius'.  Declaration dropped." {file: "http://crazyfrog.tresensa.com/1.5.2/leaderboard/css/game_specific.css" line: 117 column: 22 source: "    -moz-border-radius: 8px;"}]
04-26 01:29:14.265 E/GeckoConsole( 3024): [JavaScript Warning: "Unknown property '-moz-border-radius'.  Declaration dropped." {file: "http://crazyfrog.tresensa.com/1.5.2/leaderboard/css/game_specific.css" line: 134 column: 22 source: "    -moz-border-radius: 8px;"}]
04-26 01:29:14.265 E/GeckoConsole( 3024): [JavaScript Warning: "Unknown property '-moz-border-radius-topleft'.  Declaration dropped." {file: "http://crazyfrog.tresensa.com/1.5.2/leaderboard/css/game_specific.css" line: 190 column: 30 source: "    -moz-border-radius-topleft: 8px;"}]
04-26 01:29:14.265 E/GeckoConsole( 3024): [JavaScript Warning: "Unknown property '-moz-border-radius-topright'.  Declaration dropped." {file: "http://crazyfrog.tresensa.com/1.5.2/leaderboard/css/game_specific.css" line: 191 column: 31 source: "    -moz-border-radius-topright: 8px;"}]
04-26 01:29:14.265 E/GeckoConsole( 3024): [JavaScript Warning: "Unknown property '-moz-border-radius'.  Declaration dropped." {file: "http://crazyfrog.tresensa.com/1.5.2/leaderboard/css/game_specific.css" line: 238 column: 22 source: "    -moz-border-radius: 8px;"}]
04-26 01:29:14.265 E/GeckoConsole( 3024): [JavaScript Warning: "Unknown property '-moz-border-radius'.  Declaration dropped." {file: "http://crazyfrog.tresensa.com/1.5.2/leaderboard/css/game_specific.css" line: 260 column: 22 source: "    -moz-border-radius: 8px;"}]
04-26 01:29:14.395 E/GeckoConsole( 3024): [JavaScript Warning: "Unknown property '-moz-tap-highlight-color'.  Declaration dropped." {file: "http://crazy-frog.tresensa.com/index.html?dst=A0008&moregames=https%3A%2F%2Fmarketplace.firefox.com%2Fsearch%3Fq%3Dtresensa" line: 58 column: 312 source: "html,body{margin:0;padding:0;font-family:Arial;font-size:12px;color:#fff;background:#000 url(background.jpg);-webkit-text-size-adjust:none;-webkit-tap-highlight-color:transparent}#game_canvas{z-index:1;overflow:hidden;image-rendering:optimizeSpeed;-webkit-tap-highlight-color:transparent;-moz-tap-highlight-color:transparent;-webkit-user-select:none;-webkit-transform:translateZ(0);-ms-touch-action:none}#wrong_orientation{background:#000;position:absolute;top:0;left:0;z-index:2;width:100%;height:100%;display:none}#wrong_orientation img{display:block;margin:0 auto;width:80%}"}]
04-26 01:29:14.675 E/GeckoConsole( 3024): Security Error: Content at http://crazyfrog.tresensa.com/1.5.2/cache.manifest may not load data from http://crazy-frog.tresensa.com/index.html?dst=A0008&moregames=https%3A%2F%2Fmarketplace.firefox.com%2Fsearch%3Fq%3Dtresensa.
04-26 01:29:14.855 W/WifiHW  (   84): wifi_command: SIGNAL_POLL
04-26 01:29:15.215 I/Gecko   (   84): [Parent 84] WARNING: waitpid failed pid:2982 errno:10: file ../../../gecko/ipc/chromium/src/base/process_util_posix.cc, line 254
04-26 01:29:15.215 I/Gecko   (   84): [Parent 84] WARNING: Failed to deliver SIGKILL to 2982!(3).: file ../../../gecko/ipc/chromium/src/chrome/common/process_watcher_posix_sigchld.cc, line 118
04-26 01:29:15.505 E/GeckoConsole( 3024): Content JS LOG at http://sdk.tresensa.com/tgl/tgl-1.0.min.js:3 in TGL.Debug.Log: TGL: GameLoader started
04-26 01:29:15.505 E/GeckoConsole( 3024): Content JS LOG at http://sdk.tresensa.com/tgl/tgl-1.0.min.js:3 in TGL.Debug.Log: TGL: Google Analytics loaded
04-26 01:29:15.505 E/GeckoConsole( 3024): Content JS LOG at http://sdk.tresensa.com/tgl/tgl-1.0.min.js:3 in TGL.Debug.Log: TGL: Loading minified game code from js/game.min.js
04-26 01:29:15.505 E/GeckoConsole( 3024): Content JS LOG at http://sdk.tresensa.com/tgl/tgl-1.0.min.js:3 in TGL.Debug.Log: TGL: Calling head.js.apply to load all javascript libraries
04-26 01:29:15.595 E/GeckoConsole(   84): [JavaScript Error: "cdn.flurry.com : server does not support RFC 5746, see CVE-2009-3555"]
04-26 01:29:17.595 E/GeckoConsole( 3024): Content JS LOG at http://sdk.tresensa.com/tgl/tgl-1.0.min.js:3 in TGL.Debug.Log: TGL: All javascript libraries loaded
04-26 01:29:17.595 E/GeckoConsole( 3024): Content JS LOG at http://sdk.tresensa.com/tgs/tgs-0.3.min.js:5 in TGS.Debug.Log: TGS: loading partner adapter and 3rd party libs...
04-26 01:29:17.615 E/GeckoConsole( 3024): [JavaScript Warning: "Unknown property '-moz-filter'.  Declaration dropped." {file: "http://sdk.tresensa.com/tgs/css/tgs-0.3.7.css" line: 1 column: 47 source: ".tgs-blur{-webkit-filter:blur(12px);-moz-filter:blur(12px);-o-filter:blur(12px);-ms-filter:blur(12px);filter:blur(12px)}.tgs-ad-frame{background:#fff;padding:25px;-webkit-border-radius:10px;border-radius:10px;min-width:300px;min-height:250px}.tgs-ad-frame.fullscreen{width:100%!important;height:100%!important;-webkit-border-radius:0;border-radius:0;padding:0}.tgs-ad-frame.fullscreen span{display:none}.tgs-ad-frame span{position:absolute;width:100%;height:25px;line-height:25px;text-align:center;bottom:0;left:0;color:#666;font-size:12px}#tgs-leaderboard-container{width:100%;height:100%;position:absolute;z-index:1000}#tgs-leaderboard-container iframe{width:100%;height:100%;border:0;overflow:hidden}.tgs-btn{-moz-box-sizing:border-box;-webkit-box-sizing:border-box;box-sizing:border-box;overflow:hidden;margin-bottom:10px;height:55px;line-height:55px;backgrou
04-26 01:29:17.615 E/GeckoConsole( 3024): [JavaScript Warning: "Expected 'none' or URL but found 'blur('.  Error in parsing value for 'filter'.  Declaration dropped." {file: "http://sdk.tresensa.com/tgs/css/tgs-0.3.7.css" line: 1 column: 109 source: ".tgs-blur{-webkit-filter:blur(12px);-moz-filter:blur(12px);-o-filter:blur(12px);-ms-filter:blur(12px);filter:blur(12px)}.tgs-ad-frame{background:#fff;padding:25px;-webkit-border-radius:10px;border-radius:10px;min-width:300px;min-height:250px}.tgs-ad-frame.fullscreen{width:100%!important;height:100%!important;-webkit-border-radius:0;border-radius:0;padding:0}.tgs-ad-frame.fullscreen span{display:none}.tgs-ad-frame span{position:absolute;width:100%;height:25px;line-height:25px;text-align:center;bottom:0;left:0;color:#666;font-size:12px}#tgs-leaderboard-container{width:100%;height:100%;position:absolute;z-index:1000}#tgs-leaderboard-container iframe{width:100%;height:100%;border:0;overflow:hidden}.tgs-btn{-moz-box-sizing:border-box;-webkit-box-sizing:border-box;box-sizing:border-box;overflow:hidden;margin-
04-26 01:29:17.615 E/GeckoConsole( 3024): [JavaScript Warning: "Unknown property 'box-sizing'.  Declaration dropped." {file: "http://sdk.tresensa.com/tgs/css/tgs-0.3.7.css" line: 1 column: 779 source: ".tgs-blur{-webkit-filter:blur(12px);-moz-filter:blur(12px);-o-filter:blur(12px);-ms-filter:blur(12px);filter:blur(12px)}.tgs-ad-frame{background:#fff;padding:25px;-webkit-border-radius:10px;border-radius:10px;min-width:300px;min-height:250px}.tgs-ad-frame.fullscreen{width:100%!important;height:100%!important;-webkit-border-radius:0;border-radius:0;padding:0}.tgs-ad-frame.fullscreen span{display:none}.tgs-ad-frame span{position:absolute;width:100%;height:25px;line-height:25px;text-align:center;bottom:0;left:0;color:#666;font-size:12px}#tgs-leaderboard-container{width:100%;height:100%;position:absolute;z-index:1000}#tgs-leaderboard-container iframe{width:100%;height:100%;border:0;overflow:hidden}.tgs-btn{-moz-box-sizing:border-box;-webkit-box-sizing:border-box;box-sizing:border-box;overflow:hidden;margin-bottom:10px;height:55px;line-height:55px;backgrou
04-26 01:29:18.945 E/GeckoConsole( 3024): Content JS LOG at http://sdk.tresensa.com/tgs/tgs-0.3.min.js:5 in TGS.Debug.Log: TGS: creating generic adapter...
04-26 01:29:18.955 E/GeckoConsole( 3024): Content JS LOG at http://sdk.tresensa.com/tgs/tgs-0.3.min.js:5 in TGS.Debug.Log: TGS: detected Facebook library...
04-26 01:29:18.955 E/GeckoConsole( 3024): Content JS LOG at http://sdk.tresensa.com/tgs/tgs-0.3.min.js:5 in TGS.Debug.Log: TGS: PartnerBridge.onFacebookLibraryLoaded called, Facebook library loaded successfully
04-26 01:29:19.575 E/GeckoConsole( 3024): [JavaScript Warning: "Unknown property '-moz-tap-highlight-color'.  Declaration dropped." {file: "http://crazy-frog.tresensa.com/index.html?dst=A0008&moregames=https%3A%2F%2Fmarketplace.firefox.com%2Fsearch%3Fq%3Dtresensa" line: 0 column: 147 source: " z-index: 1; overflow: hidden; -webkit-user-select: none; -ms-touch-action:none; -webkit-tap-highlight-color: transparent; -moz-tap-highlight-color: transparent; -webkit-transform: translateZ(0);"}]
04-26 01:29:19.915 W/WifiHW  (   84): wifi_command: SIGNAL_POLL
04-26 01:29:20.315 E/GeckoConsole( 3024): Content JS LOG at http://sdk.tresensa.com/tgs/tgs-0.3.min.js:5 in TGS.Debug.Log: TGS: game-partner info received
04-26 01:29:20.315 E/GeckoConsole( 3024): Content JS LOG at http://sdk.tresensa.com/tgs/tgs-0.3.min.js:5 in TGS.Debug.Log: TGS: initiating connection to partner...
04-26 01:29:20.315 E/GeckoConsole( 3024): Content JS LOG at http://sdk.tresensa.com/tgs/tgs-0.3.min.js:5 in TGS.Debug.Log: TGS: Calling FB.init, appId = 487515757948740
04-26 01:29:20.315 E/GeckoConsole( 3024): Content JS WARN at http://connect.facebook.net/en_US/all.js:53 in i: The "fb-root" div has not been created, auto-creating
04-26 01:29:20.315 E/GeckoConsole( 3024): Content JS LOG at http://sdk.tresensa.com/tgs/tgs-0.3.min.js:5 in TGS.Debug.Log: TGS: user id is: 806901a3-2835-4d4c-a577-2c9e26b8c334
04-26 01:29:20.315 E/GeckoConsole( 3024): Content JS LOG at http://sdk.tresensa.com/tgs/tgs-0.3.min.js:5 in TGS.Debug.Log: TGS: fetching complete game state...
04-26 01:29:20.315 E/GeckoConsole( 3024): Content JS LOG at http://sdk.tresensa.com/tgs/tgs-0.3.min.js:5 in TGS.Debug.Log: TGS: there was no local TGS.DataStore data
04-26 01:29:20.315 E/GeckoConsole( 3024): Content JS LOG at http://sdk.tresensa.com/tge/tge-1.0.min.js:3 in TGE.Debug.Log: TGE: automatically instantiating GoogleAnalytics object with label 'Crazy Frog'
04-26 01:29:20.325 E/GeckoConsole( 3024): Content JS LOG at http://sdk.tresensa.com/tgl/tgl-1.0.min.js:3 in TGL.Debug.Log: TGL: Launching CrazyFrog
04-26 01:29:20.575 E/GeckoConsole( 3024): [JavaScript Warning: "Content Security Policy: allow directive is deprecated, use the equivalent default-src directive instead"]
04-26 01:29:20.845 E/GeckoConsole( 3024): [JavaScript Warning: "The X-Content-Security-Policy and X-Content-Security-Report-Only headers will be deprecated in the future. Please use the Content-Security-Policy and Content-Security-Report-Only headers with CSP spec compliant syntax instead." {file: "https://s-static.ak.facebook.com/connect/xd_arbiter/dgdTycPTSRj.js?version=40#channel=f34e2f957dffd74&origin=http%3A%2F%2Fcrazy-frog.tresensa.com" line: 0}]
04-26 01:29:25.625 W/WifiHW  (   84): wifi_command: SIGNAL_POLL
04-26 01:29:28.215 E/GeckoConsole( 3024): Content JS LOG at http://sdk.tresensa.com/tge/tge-1.0.min.js:3 in TGE.Debug.Log: TGE: finished loading required game assets
04-26 01:29:28.225 E/GeckoConsole( 3024): Content JS LOG at http://sdk.tresensa.com/tge/tge-1.0.min.js:3 in TGE.Debug.Log: TGE: starting game...
04-26 01:29:28.575 E/GeckoConsole( 3024): [JavaScript Warning: "Unknown property '-moz-border-radius'.  Declaration dropped." {file: "http://crazy-frog.tresensa.com/index.html?dst=A0008&moregames=https%3A%2F%2Fmarketplace.firefox.com%2Fsearch%3Fq%3Dtresensa" line: 2 column: 184 source: ".fb_dialog{background:rgba(82, 82, 82, .7);position:absolute;top:-10000px;z-index:10001}.fb_reset .fb_dialog_legacy{overflow:visible}.fb_dialog_advanced{padding:10px;-moz-border-radius:8px;-webkit-border-radius:8px;border-radius:8px}.fb_dialog_content{background:#fff;color:#333}.fb_dialog_close_icon{background:url(http://static.ak.fbcdn.net/rsrc.php/v2/yq/r/IE9JII6Z1Ys.png) no-repeat scroll 0 0 transparent;_background-image:url(http://static.ak.fbcdn.net/rsrc.php/v2/yL/r/s816eWC-2sl.gif);cursor:pointer;display:block;height:15px;position:absolute;right:18px;top:17px;width:15px}.fb_dialog_mobile .fb_dialog_close_icon{top:5px;left:5px;right:auto}.fb_dialog_padding{background-color:transparent;position:absolute;width:1px;z-index:-1}.fb_dialog_close_icon:hover{background:
04-26 01:29:28.595 E/GeckoConsole( 3024): [JavaScript Warning: "Expected 'none' or URL but found 'alpha('.  Error in parsing value for 'filter'.  Declaration dropped." {file: "http://crazy-frog.tresensa.com/index.html?dst=A0008&moregames=https%3A%2F%2Fmarketplace.firefox.com%2Fsearch%3Fq%3Dtresensa" line: 2 column: 2112 source: ".fb_dialog{background:rgba(82, 82, 82, .7);position:absolute;top:-10000px;z-index:10001}.fb_reset .fb_dialog_legacy{overflow:visible}.fb_dialog_advanced{padding:10px;-moz-border-radius:8px;-webkit-border-radius:8px;border-radius:8px}.fb_dialog_content{background:#fff;color:#333}.fb_dialog_close_icon{background:url(http://static.ak.fbcdn.net/rsrc.php/v2/yq/r/IE9JII6Z1Ys.png) no-repeat scroll 0 0 transparent;_background-image:url(http://static.ak.fbcdn.net/rsrc.php/v2/yL/r/s816eWC-2sl.gif);cursor:pointer;display:block;height:15px;position:absolute;right:18px;top:17px;width:15px}.fb_dialog_mobile .fb_dialog_close_icon{top:5px;left:5px;right:auto}.fb_dialog_padding{background-color:transparent;position:absolute;width:1px;z-index
04-26 01:29:28.595 E/GeckoConsole( 3024): [JavaScript Warning: "Error in parsing value for 'background'.  Declaration dropped." {file: "http://crazy-frog.tresensa.com/index.html?dst=A0008&moregames=https%3A%2F%2Fmarketplace.firefox.com%2Fsearch%3Fq%3Dtresensa" line: 2 column: 3578 source: ".fb_dialog{background:rgba(82, 82, 82, .7);position:absolute;top:-10000px;z-index:10001}.fb_reset .fb_dialog_legacy{overflow:visible}.fb_dialog_advanced{padding:10px;-moz-border-radius:8px;-webkit-border-radius:8px;border-radius:8px}.fb_dialog_content{background:#fff;color:#333}.fb_dialog_close_icon{background:url(http://static.ak.fbcdn.net/rsrc.php/v2/yq/r/IE9JII6Z1Ys.png) no-repeat scroll 0 0 transparent;_background-image:url(http://static.ak.fbcdn.net/rsrc.php/v2/yL/r/s816eWC-2sl.gif);cursor:pointer;display:block;height:15px;position:absolute;right:18px;top:17px;width:15px}.fb_dialog_mobile .fb_dialog_close_icon{top:5px;left:5px;right:auto}.fb_dialog_padding{background-color:transparent;position:absolute;width:1px;z-index:-1}.fb_dialog_close_icon:hover{backgrou
04-26 01:29:28.595 E/GeckoConsole( 3024): [JavaScript Warning: "Error in parsing value for 'background'.  Declaration dropped." {file: "http://crazy-frog.tresensa.com/index.html?dst=A0008&moregames=https%3A%2F%2Fmarketplace.firefox.com%2Fsearch%3Fq%3Dtresensa" line: 2 column: 4247 source: ".fb_dialog{background:rgba(82, 82, 82, .7);position:absolute;top:-10000px;z-index:10001}.fb_reset .fb_dialog_legacy{overflow:visible}.fb_dialog_advanced{padding:10px;-moz-border-radius:8px;-webkit-border-radius:8px;border-radius:8px}.fb_dialog_content{background:#fff;color:#333}.fb_dialog_close_icon{background:url(http://static.ak.fbcdn.net/rsrc.php/v2/yq/r/IE9JII6Z1Ys.png) no-repeat scroll 0 0 transparent;_background-image:url(http://static.ak.fbcdn.net/rsrc.php/v2/yL/r/s816eWC-2sl.gif);cursor:pointer;display:block;height:15px;position:absolute;right:18px;top:17px;width:15px}.fb_dialog_mobile .fb_dialog_close_icon{top:5px;left:5px;right:auto}.fb_dialog_padding{background-color:transparent;position:absolute;width:1px;z-index:-1}.fb_dialog_close_icon:hover{backgrou
04-26 01:29:28.605 E/GeckoConsole( 3024): [JavaScript Warning: "Unknown property 'zoom'.  Declaration dropped." {file: "http://crazy-frog.tresensa.com/index.html?dst=A0008&moregames=https%3A%2F%2Fmarketplace.firefox.com%2Fsearch%3Fq%3Dtresensa" line: 3 column: 475 source: ".fb_iframe_widget{display:inline-block;position:relative}.fb_iframe_widget span{display:inline-block;position:relative;text-align:justify}.fb_iframe_widget iframe{position:absolute}.fb_iframe_widget_lift{z-index:1}.fb_hide_iframes iframe{position:relative;left:-10000px}.fb_iframe_widget_loader{position:relative;display:inline-block}.fb_iframe_widget_fluid{display:inline}.fb_iframe_widget_fluid span{width:100%}.fb_iframe_widget_loader iframe{min-height:32px;z-index:2;zoom:1}.fb_iframe_widget_loader .FB_Loader{background:url(http://static.ak.fbcdn.net/rsrc.php/v2/y9/r/jKEcVPZFk-2.gif) no-repeat;height:32px;width:32px;margin-left:-16px;position:absolute;left:50%;z-index:4}"}]
04-26 01:29:28.605 E/GeckoConsole( 3024): [JavaScript Warning: "Error in parsing value for 'top'.  Declaration dropped." {file: "http://crazy-frog.tresensa.com/index.html?dst=A0008&moregames=https%3A%2F%2Fmarketplace.firefox.com%2Fsearch%3Fq%3Dtresensa" line: 4 column: 845 source: ".fb_connect_bar_container div,.fb_connect_bar_container span,.fb_connect_bar_container a,.fb_connect_bar_container img,.fb_connect_bar_container strong{background:none;border-spacing:0;border:0;direction:ltr;font-style:normal;font-variant:normal;letter-spacing:normal;line-height:1;margin:0;overflow:visible;padding:0;text-align:left;text-decoration:none;text-indent:0;text-shadow:none;text-transform:none;visibility:visible;white-space:normal;word-spacing:normal;vertical-align:baseline}.fb_connect_bar_container{position:fixed;left:0 !important;right:0 !important;height:42px !important;padding:0 25px !important;margin:0 !important;vertical-align:middle !important;border-bottom:1px solid #333 !important;background:#3b5998 !important;z-index:99999999 !important;overflow:hidden 
04-26 01:29:28.965 E/GeckoConsole(   84): Offline cache doesn't need to update, URL=http://crazy-frog.tresensa.com/cache.manifest
04-26 01:29:29.975 I/Gonk    (   84): Setting nice for pid 3032 to 18
04-26 01:29:30.005 I/Gonk    (   84): Changed nice for pid 3032 from 18 to 18.
04-26 01:29:30.015 I/Gecko   (   84): [Parent 84] WARNING: waitpid failed pid:3032 errno:10: file ../../../gecko/ipc/chromium/src/base/process_util_posix.cc, line 254
04-26 01:29:30.035 I/Gonk    (   84): Setting nice for pid 3032 to 1
04-26 01:29:30.035 I/Gonk    (   84): Changed nice for pid 3032 from 18 to 1.
04-26 01:29:30.115 I/Gonk    (   84): Setting nice for pid 3032 to 18
04-26 01:29:30.125 I/Gonk    (   84): Changed nice for pid 3032 from 1 to 18.
04-26 01:29:33.635 I/Gecko   (   84): 
04-26 01:29:33.635 I/Gecko   (   84): ###!!! [Parent][MessageChannel] Error: Channel error: cannot send/recv
04-26 01:29:33.635 I/Gecko   (   84): 
04-26 01:29:34.115 I/Gecko   (   84): 
04-26 01:29:34.115 I/Gecko   (   84): ###!!! [Parent][MessageChannel] Error: Channel error: cannot send/recv
04-26 01:29:34.115 I/Gecko   (   84): 
04-26 01:29:34.535 I/GeckoDump(   84): Crash reporter : Can't fetch app.reportCrashes. Exception: [Exception... "Component returned failure code: 0x8000ffff (NS_ERROR_UNEXPECTED) [nsIPrefBranch.getBoolPref]"  nsresult: "0x8000ffff (NS_ERROR_UNEXPECTED)"  location: "JS frame :: chrome://browser/content/shell.js :: shell_reportCrash :: line 7"  data: no]
04-26 01:29:34.575 I/Gecko   (   84): 
04-26 01:29:34.575 I/Gecko   (   84): ###!!! [Parent][MessageChannel] Error: Channel error: cannot send/recv
04-26 01:29:34.575 I/Gecko   (   84): 
04-26 01:29:34.575 I/Gecko   (   84): [Parent 84] WARNING: FileDescriptorSet destroyed with unconsumed descriptors: file ../../../gecko/ipc/chromium/src/chrome/common/file_descriptor_set_posix.cc, line 20
04-26 01:29:34.585 E/GeckoConsole(   84): Content JS LOG at dummy file:326 in GaiaApps.launch/appOpen/<: app with origin 'http://crazy-frog.tresensa.com' has launched
04-26 01:29:34.585 E/GeckoConsole(   84): Content JS LOG at dummy file:326 in GaiaApps.launch/appOpen/<: app with origin 'http://crazy-frog.tresensa.com' has launched
04-26 01:29:34.595 I/Gecko   (   84): 1398500974607	Marionette	INFO	sendToClient: {"from":"0","value":{"frame":{"ELEMENT":"{c5bf85dd-8d1c-41ff-a612-d5cfa68a6441}"},"src":"http://crazy-frog.tresensa.com/index.html?dst=A0008&moregames=https%3A%2F%2Fmarketplace.firefox.com%2Fsearch%3Fq%3Dtresensa","name":"Crazy Frog","origin":"http://crazy-frog.tresensa.com"}}, {1f44dc2a-db3d-4a04-95f4-2557b4326697}, {1f44dc2a-db3d-4a04-95f4-2557b4326697}
04-26 01:29:34.735 I/GonkMemoryPressure(   84): Checking to see if memory pressure is over.
04-26 01:29:34.735 I/GonkMemoryPressure(   84): Memory pressure is over.
04-26 01:29:34.735 I/GonkMemoryPressure( 3024): Checking to see if memory pressure is over.
04-26 01:29:34.735 I/GonkMemoryPressure( 3024): Memory pressure is over.
04-26 01:29:34.795 W/WifiHW  (   84): wifi_command: SIGNAL_POLL
04-26 01:29:34.895 I/Gecko   (   84): [Parent 84] WARNING: waitpid failed pid:3032 errno:10: file ../../../gecko/ipc/chromium/src/base/process_util_posix.cc, line 254
04-26 01:29:35.195 I/Gecko   (   84): 1398500975208	Marionette	DEBUG	Got request: switchToFrame, data: {"to":"0","sessionId":"3-b2g","name":"switchToFrame","parameters":{"focus":true,"element":"{c5bf85dd-8d1c-41ff-a612-d5cfa68a6441}"}}, id: {466e1e9b-9cde-4815-bbfa-9991438b1d2b}
04-26 01:29:35.315 I/Gonk    (   84): Setting nice for pid 3066 to 18
04-26 01:29:35.325 I/Gonk    (   84): Changed nice for pid 3066 from 0 to 18.
04-26 01:29:35.435 I/Gecko   (   84): 1398500975452	Marionette	INFO	Switched to frame: {"frameValue":"{c5bf85dd-8d1c-41ff-a612-d5cfa68a6441}"}
04-26 01:29:35.485 I/Gecko   (   84): 1398500975496	Marionette	INFO	trying remote frame 0
04-26 01:29:35.505 I/Gecko   (   84): 1398500975521	Marionette	INFO	trying remote frame 1
04-26 01:29:35.515 I/Gecko   (   84): 1398500975527	Marionette	INFO	trying remote frame 2
04-26 01:29:35.515 I/Gecko   (   84): 1398500975528	Marionette	INFO	trying remote frame 3
04-26 01:29:35.525 I/Gecko   (   84): 1398500975537	Marionette	INFO	trying remote frame 4
04-26 01:29:35.525 I/Gecko   (   84): 1398500975538	Marionette	INFO	trying remote frame 5
04-26 01:29:35.525 I/Gecko   (   84): 1398500975539	Marionette	INFO	trying remote frame 6
04-26 01:29:35.525 I/Gecko   (   84): 1398500975540	Marionette	INFO	deleting frame
04-26 01:29:35.535 I/Gecko   (   84): 1398500975555	Marionette	INFO	frame-manager load script: [object ChromeMessageSender]
04-26 01:29:36.895 I/Gecko   (   84): [Parent 84] WARNING: waitpid failed pid:3032 errno:10: file ../../../gecko/ipc/chromium/src/base/process_util_posix.cc, line 254
04-26 01:29:36.895 I/Gecko   (   84): [Parent 84] WARNING: Failed to deliver SIGKILL to 3032!(3).: file ../../../gecko/ipc/chromium/src/chrome/common/process_watcher_posix_sigchld.cc, line 118
04-26 01:29:37.945 I/Gecko   (   84): 1398500977962	Marionette	INFO	sendToClient: {"from":"0","ok":true}, {466e1e9b-9cde-4815-bbfa-9991438b1d2b}, {466e1e9b-9cde-4815-bbfa-9991438b1d2b}
04-26 01:29:38.705 I/Gecko   (   84): 1398500978722	Marionette	INFO	sendToClient: {"from":"0","value":"http://crazy-frog.tresensa.com/index.html?dst=A0008&moregames=https%3A%2F%2Fmarketplace.firefox.com%2Fsearch%3Fq%3Dtresensa"}, {3a0fe77a-8668-46b1-b2a9-6b15caa4303a}, {3a0fe77a-8668-46b1-b2a9-6b15caa4303a}
04-26 01:29:38.845 I/Gecko   (   84): 1398500978859	Marionette	DEBUG	Got request: execute, data: {"to":"0","sessionId":"3-b2g","name":"executeScript","parameters":{"specialPowers":false,"scriptTimeout":null,"newSandbox":true,"args":[],"filename":"app_checker.py","script":"return window.document.readyState;","line":191}}, id: {4944dbcf-774e-4d6d-95ea-e02a5e5eda1b}
04-26 01:29:39.455 I/Gecko   (   84): 1398500979468	Marionette	INFO	sendToClient: {"from":"0","value":"complete"}, {4944dbcf-774e-4d6d-95ea-e02a5e5eda1b}, {4944dbcf-774e-4d6d-95ea-e02a5e5eda1b}
04-26 01:29:39.545 I/Gecko   ( 3066): ###################################### forms.js loaded
04-26 01:29:39.675 W/WifiHW  (   84): wifi_command: SIGNAL_POLL
04-26 01:29:39.735 I/Gecko   ( 3066): ############################### browserElementPanning.js loaded
04-26 01:29:39.805 I/Gecko   ( 3066): ######################## BrowserElementChildPreload.js loaded
04-26 01:29:40.245 I/Gecko   (   84): 1398500980258	Marionette	INFO	sendToClient: {"from":"0","value":"http://crazy-frog.tresensa.com/index.html?dst=A0008&moregames=https%3A%2F%2Fmarketplace.firefox.com%2Fsearch%3Fq%3Dtresensa"}, {1b60f8ba-8fdd-482a-b0a6-a76feeb3f3e0}, {1b60f8ba-8fdd-482a-b0a6-a76feeb3f3e0}
04-26 01:29:40.925 I/Gecko   ( 3024): Attempting load of libEGL.so
04-26 01:29:41.315 D/libEGL  ( 3024): loaded /system/lib/egl/libEGL_mali.so
04-26 01:29:41.385 D/libEGL  ( 3024): loaded /system/lib/egl/libGLESv1_CM_mali.so
04-26 01:29:41.425 D/libEGL  ( 3024): loaded /system/lib/egl/libGLESv2_mali.so
04-26 01:29:41.585 I/Gecko   ( 3024): SharedSurface_Gralloc::Create -------
04-26 01:29:41.785 I/Gecko   ( 3024): SharedSurface_Gralloc::Create: success -- surface 0x43d9d780, GraphicBuffer 0x4438fd80.
04-26 01:29:46.685 I/GonkMemoryPressure( 3024): Checking to see if memory pressure is over.
04-26 01:29:46.695 I/GonkMemoryPressure(   84): Checking to see if memory pressure is over.
04-26 01:29:46.705 I/GonkMemoryPressure(   84): Memory pressure is over.
04-26 01:29:46.715 I/GonkMemoryPressure( 3024): Memory pressure is over.
04-26 01:29:46.875 I/GonkMemoryPressure( 3066): Checking to see if memory pressure is over.
04-26 01:29:46.875 I/GonkMemoryPressure( 3066): Memory pressure is over.
04-26 01:29:51.715 W/WifiHW  (   84): wifi_command: SIGNAL_POLL
04-26 01:29:51.735 I/GonkMemoryPressure( 3024): Checking to see if memory pressure is over.
04-26 01:29:51.735 I/GonkMemoryPressure( 3024): Memory pressure is over.
04-26 01:29:51.735 I/GonkMemoryPressure(   84): Checking to see if memory pressure is over.
04-26 01:29:51.735 I/GonkMemoryPressure(   84): Memory pressure is over.
04-26 01:29:52.175 I/GonkMemoryPressure( 3066): Checking to see if memory pressure is over.
04-26 01:29:52.235 I/GonkMemoryPressure( 3066): Memory pressure is over.
04-26 01:29:56.865 I/GonkMemoryPressure(   84): Checking to see if memory pressure is over.
04-26 01:29:56.915 I/GonkMemoryPressure( 3024): Checking to see if memory pressure is over.
04-26 01:29:56.915 I/GonkMemoryPressure( 3024): Memory pressure is over.
04-26 01:29:56.935 I/GonkMemoryPressure(   84): Memory pressure is over.
04-26 01:29:57.345 I/GonkMemoryPressure( 3066): Checking to see if memory pressure is over.
04-26 01:29:57.365 I/GonkMemoryPressure( 3066): Memory pressure is over.
04-26 01:30:02.045 I/GonkMemoryPressure(   84): Checking to see if memory pressure is over.
04-26 01:30:02.045 I/GonkMemoryPressure(   84): Memory pressure is over.
04-26 01:30:02.055 I/GonkMemoryPressure( 3024): Checking to see if memory pressure is over.
04-26 01:30:02.055 I/GonkMemoryPressure( 3024): Memory pressure is over.
04-26 01:30:02.395 I/GonkMemoryPressure( 3066): Checking to see if memory pressure is over.
04-26 01:30:02.435 I/GonkMemoryPressure( 3066): Memory pressure is over.
04-26 01:30:05.485 W/WifiHW  (   84): wifi_command: SIGNAL_POLL
04-26 01:30:07.145 I/GonkMemoryPressure(   84): Checking to see if memory pressure is over.
04-26 01:30:07.145 I/GonkMemoryPressure(   84): Memory pressure is over.
04-26 01:30:07.145 I/GonkMemoryPressure( 3024): Checking to see if memory pressure is over.
04-26 01:30:07.145 I/GonkMemoryPressure( 3024): Memory pressure is over.
04-26 01:30:07.515 I/GonkMemoryPressure( 3066): Checking to see if memory pressure is over.
04-26 01:30:08.085 I/GonkMemoryPressure( 3066): Memory pressure is over.
04-26 01:30:12.385 I/GonkMemoryPressure(   84): Checking to see if memory pressure is over.
04-26 01:30:12.935 I/Gecko   (   84): 1398501011759	Marionette	INFO	sendToClient: {"from":"0","value":"iVBORw0KGgoAAAANSUhEUgAAAUAAAAHgCAYAAADUjLREAAAgAElEQVR4nOy9e0xU9773TxrTmMY0xBBCCDHosRdOayzpNtaoaXyMp7tuNz8ymUwmk8mEH1K0Wrenh2P8+Xh8PB612pa6fXjYlE2pdVtE5CrSkVI6pVPK/SKOiHQYRpxOuQ3DMAzDYlisef3+WDMw4KXu7tN2P1tI3llzWTOz1pr5vtb7c/kuwuK35DKniwuUS/y2XOK2yLr/OgvWD9WmXMKWKha1qH9gaYjfNDcu4rZcnBsrmx42Vv57FLcpl7hNufeOvUcarxcXrBMcr9sD+rWP7S+gHzs4swd32wO+gIDuAeCmXOJeWQTgov7xFb8l8/4A/Jnh92AY/jWvC6y/6SJxr2QG9ukxgd9SRSgAH/KlbbvfAc4NfOG5IQAMeZ9Nuaz8Teavv4OLWtTPqSUK4jdlhpiFXxiA20LG5QKT8mgwDAIwl5W/SQ/s12PnAB9smWcP4qa5Az77ZW/7EQC+lP7r7+CiFvUzK+6V9Lmxs+2XdoDzXd88k/KAqG3e+N4yZ2hWvngisE+PFQDvD7977XTu/FzHprncYNyC18Vvk98v6vnDv/4OLmpRP7NWvnTiPgD8JeAXGJdBF/hKyOduerQc5JxzDB2vjxUA739Qggd05UvpxL+SeV+X+EAAbsklblMmS2P2/vo7uKhF/cyKWp0WMi4etWD436RNQWOSS9wrmax8KZ24Tbls2PZoIfAsADflBsbrdh57AAZtddymXJZG7CQ8Jo2436TPOru4BWe7+wLwlXTCwjW//g4ualE/q7azNGInccE8YLBz4q8uRvx0zaajNmWyNCqNpVFpcli+7dG3Ie6VzMB4fewA+LCyeS4rXzxM2DINYcs0RL14Yna9uC0Xidv0YACu/M2JX3/nFrWon13bCVuqIe6VzNm0UPwjuq//VgAGxm
04-26 01:30:13.425 I/GonkMemoryPressure(   84): Memory pressure is over.
04-26 01:30:13.505 I/GonkMemoryPressure( 3024): Checking to see if memory pressure is over.
04-26 01:30:13.575 I/GonkMemoryPressure( 3024): Memory pressure is over.
04-26 01:30:13.635 I/GonkMemoryPressure( 3066): Checking to see if memory pressure is over.
04-26 01:30:13.635 I/GonkMemoryPressure( 3066): Memory pressure is over.
04-26 01:30:17.755 W/WifiHW  (   84): wifi_command: SIGNAL_POLL
04-26 01:30:18.195 I/GeckoDump(   84): Crash reporter : Can't fetch app.reportCrashes. Exception: [Exception... "Component returned failure code: 0x8000ffff (NS_ERROR_UNEXPECTED) [nsIPrefBranch.getBoolPref]"  nsresult: "0x8000ffff (NS_ERROR_UNEXPECTED)"  location: "JS frame :: chrome://browser/content/shell.js :: shell_reportCrash :: line 7"  data: no]
04-26 01:30:18.465 I/GonkMemoryPressure(   84): Checking to see if memory pressure is over.
04-26 01:30:18.465 I/GonkMemoryPressure(   84): Memory pressure is over.
04-26 01:30:18.595 I/GonkMemoryPressure( 3024): Checking to see if memory pressure is over.
04-26 01:30:18.595 I/GonkMemoryPressure( 3024): Memory pressure is over.
04-26 01:30:20.285 I/GonkMemoryPressure( 3066): Checking to see if memory pressure is over.
04-26 01:30:20.415 I/GonkMemoryPressure( 3066): Memory pressure is over.
04-26 01:30:22.405 I/Gecko   (   84): 1398501022388	Marionette	INFO	sendToClient: {"from":"0","ok":true}, {0c6a6909-8e47-4d87-b282-a10c750ebb9d}, {0c6a6909-8e47-4d87-b282-a10c750ebb9d}
04-26 01:30:22.645 I/Gecko   (   84): 1398501022660	Marionette	DEBUG	Got request: switchToFrame, data: {"to":"0","sessionId":"3-b2g","name":"switchToFrame","parameters":{"id":null,"focus":true}}, id: {9b9a3f22-965e-421b-986b-3c5185088676}
04-26 01:30:22.705 I/Gecko   (   84): 1398501022721	Marionette	INFO	Switched to frame: {"frameValue":null}
04-26 01:30:22.845 W/WifiHW  (   84): wifi_command: SIGNAL_POLL
04-26 01:30:23.185 I/Gecko   (   84): 1398501023203	Marionette	INFO	sendToClient: {"from":"0","ok":true}, {9b9a3f22-965e-421b-986b-3c5185088676}, {9b9a3f22-965e-421b-986b-3c5185088676}
04-26 01:30:23.215 I/Gecko   (   84): 1398501023230	Marionette	DEBUG	Got request: executeWithCallback, data: {"to":"0","sessionId":"3-b2g","name":"executeAsyncScript","parameters":{"specialPowers":false,"scriptTimeout":null,"newSandbox":true,"args":[],"filename":"gaia_test.py","script":"return GaiaApps.displayedApp();","line":66}}, id: {6cbbfe1b-ff1f-4505-9357-91f3e2bdd50e}
04-26 01:30:23.575 I/GonkMemoryPressure(   84): Checking to see if memory pressure is over.
04-26 01:30:23.575 I/GonkMemoryPressure(   84): Memory pressure is over.
