--------- beginning of /dev/log/main
04-25 11:58:43.069 I/Gecko   (   84): 1398452323077	Marionette	INFO	sendToClient: {"from":"0","ok":true}, {ae4e136c-ab6e-4f41-83d5-c7efed5c018c}, {ae4e136c-ab6e-4f41-83d5-c7efed5c018c}
04-25 11:58:43.119 I/Gecko   (   84): 1398452323130	Marionette	DEBUG	Got request: switchToFrame, data: {"to":"0","sessionId":"3-b2g","name":"switchToFrame","parameters":{"id":null,"focus":true}}, id: {b1d8403c-bb1d-477c-b871-cd4bcbb218d2}
04-25 11:58:43.139 I/Gecko   (   84): 1398452323148	Marionette	INFO	Switched to frame: {"frameValue":null}
04-25 11:58:43.239 I/Gecko   (   84): 1398452323255	Marionette	INFO	sendToClient: {"from":"0","ok":true}, {b1d8403c-bb1d-477c-b871-cd4bcbb218d2}, {b1d8403c-bb1d-477c-b871-cd4bcbb218d2}
04-25 11:58:43.259 I/Gecko   (   84): 1398452323272	Marionette	DEBUG	Got request: executeWithCallback, data: {"to":"0","sessionId":"3-b2g","name":"executeAsyncScript","parameters":{"specialPowers":false,"scriptTimeout":null,"newSandbox":true,"args":[],"filename":"gaia_test.py","script":"return GaiaApps.displayedApp();","line":66}}, id: {9dde7dd0-13c1-4f17-b815-a77d3713c2ea}
04-25 11:58:43.319 I/Gecko   (   84): 1398452323335	Marionette	INFO	sendToClient: {"from":"0","value":{"frame":{"ELEMENT":"{0e8a1d2a-b970-45f6-86c1-910c66ea1719}"},"src":"app://homescreen.gaiamobile.org/index.html#root","name":"Homescreen","origin":"app://homescreen.gaiamobile.org"}}, {9dde7dd0-13c1-4f17-b815-a77d3713c2ea}, {9dde7dd0-13c1-4f17-b815-a77d3713c2ea}
04-25 11:58:43.349 E/GeckoConsole(   84): Content JS LOG at dummy file:392 in GaiaApps.displayedApp: app with origin 'app://homescreen.gaiamobile.org' is displayed
04-25 11:58:43.359 I/Gecko   (   84): 1398452323374	Marionette	DEBUG	Got request: switchToFrame, data: {"to":"0","sessionId":"3-b2g","name":"switchToFrame","parameters":{"id":null,"focus":true}}, id: {9c5899d1-410b-4d51-842b-b2c8aaabbc1f}
04-25 11:58:43.399 I/Gecko   (   84): 1398452323407	Marionette	INFO	Switched to frame: {"frameValue":null}
04-25 11:58:43.479 E/GeckoConsole(  823): Content JS ERROR at app://homescreen.gaiamobile.org/gaia_build_defer_index.js:390 in loadSVConfFileError: Failed parsing singleVariant configuration file [js/singlevariantconf.json]:  [Exception... "File error: Not found"  nsresult: "0x80520012 (NS_ERROR_FILE_NOT_FOUND)"  location: "JS frame :: app://homescreen.gaiamobile.org/gaia_build_defer_index.js :: loadFile :: line 382"  data: no]
04-25 11:58:43.499 I/Gecko   (   84): 1398452323511	Marionette	INFO	sendToClient: {"from":"0","ok":true}, {9c5899d1-410b-4d51-842b-b2c8aaabbc1f}, {9c5899d1-410b-4d51-842b-b2c8aaabbc1f}
04-25 11:58:43.509 I/Gecko   (   84): 1398452323520	Marionette	DEBUG	Got request: switchToFrame, data: {"to":"0","sessionId":"3-b2g","name":"switchToFrame","parameters":{"id":null,"focus":true}}, id: {fb6b3a79-fedb-4c4e-81a8-a05ba388cf8b}
04-25 11:58:43.519 I/Gecko   (   84): 1398452323527	Marionette	INFO	Switched to frame: {"frameValue":null}
04-25 11:58:43.619 I/Gecko   (   84): 1398452323630	Marionette	INFO	sendToClient: {"from":"0","ok":true}, {fb6b3a79-fedb-4c4e-81a8-a05ba388cf8b}, {fb6b3a79-fedb-4c4e-81a8-a05ba388cf8b}
04-25 11:58:43.629 I/Gecko   (   84): 1398452323637	Marionette	DEBUG	Got request: executeWithCallback, data: {"to":"0","sessionId":"3-b2g","name":"executeAsyncScript","parameters":{"specialPowers":false,"scriptTimeout":null,"newSandbox":true,"args":[],"filename":"gaia_test.py","script":"return GaiaApps.displayedApp();","line":66}}, id: {4966e18e-89f7-40d2-ace2-554ce958ca14}
04-25 11:58:43.699 I/Gecko   (   84): 1398452323708	Marionette	INFO	sendToClient: {"from":"0","value":{"frame":{"ELEMENT":"{0e8a1d2a-b970-45f6-86c1-910c66ea1719}"},"src":"app://homescreen.gaiamobile.org/index.html#root","name":"Homescreen","origin":"app://homescreen.gaiamobile.org"}}, {4966e18e-89f7-40d2-ace2-554ce958ca14}, {4966e18e-89f7-40d2-ace2-554ce958ca14}
04-25 11:58:43.699 E/GeckoConsole(   84): Content JS LOG at dummy file:392 in GaiaApps.displayedApp: app with origin 'app://homescreen.gaiamobile.org' is displayed
04-25 11:58:43.709 I/Gecko   (   84): 1398452323720	Marionette	DEBUG	Got request: switchToFrame, data: {"to":"0","sessionId":"3-b2g","name":"switchToFrame","parameters":{"focus":true,"element":"{0e8a1d2a-b970-45f6-86c1-910c66ea1719}"}}, id: {59d53c41-b4f6-431c-85f4-bafb737c11c3}
04-25 11:58:43.739 I/Gecko   (   84): 1398452323755	Marionette	INFO	Switched to frame: {"frameValue":"{0e8a1d2a-b970-45f6-86c1-910c66ea1719}"}
04-25 11:58:43.759 I/Gecko   (   84): 1398452323766	Marionette	INFO	trying remote frame 0
04-25 11:58:43.759 I/Gecko   (   84): 1398452323767	Marionette	INFO	deleting frame
04-25 11:58:43.759 I/Gecko   (   84): 1398452323773	Marionette	INFO	frame-manager load script: [object ChromeMessageSender]
04-25 11:58:44.259 I/Gecko   (   84): 1398452324267	Marionette	INFO	sendToClient: {"from":"0","ok":true}, {59d53c41-b4f6-431c-85f4-bafb737c11c3}, {59d53c41-b4f6-431c-85f4-bafb737c11c3}
04-25 11:58:44.439 I/Gecko   (   84): 1398452324450	Marionette	INFO	sendToClient: {"from":"0","value":{"ELEMENT":"{717654d1-f0b8-4b1f-aa8e-ac99d055394c}"}}, {c036cef8-176c-4207-acb8-ccf87e3a9d88}, {c036cef8-176c-4207-acb8-ccf87e3a9d88}
04-25 11:58:44.639 E/GeckoConsole(  823): [JavaScript Warning: "Use of getAttributeNode() is deprecated. Use getAttribute() instead." {file: "chrome://marionette/content/atoms.js" line: 25}]
04-25 11:58:44.639 E/GeckoConsole(  823): [JavaScript Warning: "Use of attributes' specified attribute is deprecated. It always returns true." {file: "chrome://marionette/content/atoms.js" line: 25}]
04-25 11:58:44.639 I/Gecko   (   84): 1398452324653	Marionette	INFO	sendToClient: {"from":"0","value":"normal"}, {d6ddfb00-9974-494e-86bb-075ccd2bfd10}, {d6ddfb00-9974-494e-86bb-075ccd2bfd10}
04-25 11:58:44.649 I/Gecko   (   84): 1398452324659	Marionette	DEBUG	Got request: switchToFrame, data: {"to":"0","sessionId":"3-b2g","name":"switchToFrame","parameters":{"id":null,"focus":true}}, id: {bc7efae6-4414-48d1-baa4-df2f19d648ff}
04-25 11:58:44.659 I/Gecko   (   84): 1398452324669	Marionette	INFO	Switched to frame: {"frameValue":null}
04-25 11:58:44.769 I/Gecko   (   84): 1398452324782	Marionette	INFO	sendToClient: {"from":"0","ok":true}, {bc7efae6-4414-48d1-baa4-df2f19d648ff}, {bc7efae6-4414-48d1-baa4-df2f19d648ff}
04-25 11:58:44.779 I/Gecko   (   84): 1398452324789	Marionette	DEBUG	Got request: execute, data: {"to":"0","sessionId":"3-b2g","name":"executeScript","parameters":{"specialPowers":false,"scriptTimeout":null,"newSandbox":true,"args":[],"filename":"gaia_test.py","script":"window.wrappedJSObject.dispatchEvent(new Event('home'));","line":788}}, id: {d98d50d3-c87d-4416-9859-b7480b910355}
04-25 11:58:44.879 I/Gecko   (   84): 1398452324887	Marionette	INFO	sendToClient: {"from":"0","value":null}, {d98d50d3-c87d-4416-9859-b7480b910355}, {d98d50d3-c87d-4416-9859-b7480b910355}
04-25 11:58:44.889 I/Gecko   (   84): 1398452324896	Marionette	DEBUG	Got request: switchToFrame, data: {"to":"0","sessionId":"3-b2g","name":"switchToFrame","parameters":{"id":null,"focus":true}}, id: {3b57b867-c445-47ce-9b08-63f95d81f325}
04-25 11:58:44.889 I/Gecko   (   84): 1398452324898	Marionette	INFO	Switched to frame: {"frameValue":null}
04-25 11:58:44.999 I/Gecko   (   84): 1398452325006	Marionette	INFO	sendToClient: {"from":"0","ok":true}, {3b57b867-c445-47ce-9b08-63f95d81f325}, {3b57b867-c445-47ce-9b08-63f95d81f325}
04-25 11:58:44.999 I/Gecko   (   84): 1398452325011	Marionette	DEBUG	Got request: switchToFrame, data: {"to":"0","sessionId":"3-b2g","name":"switchToFrame","parameters":{"id":null,"focus":true}}, id: {bf53dbe7-8f2b-4e1c-aeab-bcfb8d2114ea}
04-25 11:58:44.999 I/Gecko   (   84): 1398452325013	Marionette	INFO	Switched to frame: {"frameValue":null}
04-25 11:58:45.109 I/Gecko   (   84): 1398452325116	Marionette	INFO	sendToClient: {"from":"0","ok":true}, {bf53dbe7-8f2b-4e1c-aeab-bcfb8d2114ea}, {bf53dbe7-8f2b-4e1c-aeab-bcfb8d2114ea}
04-25 11:58:45.129 I/Gecko   (   84): 1398452325145	Marionette	DEBUG	Got request: executeWithCallback, data: {"to":"0","sessionId":"3-b2g","name":"executeAsyncScript","parameters":{"specialPowers":false,"scriptTimeout":null,"newSandbox":true,"args":[],"filename":"gaia_test.py","script":"return GaiaApps.displayedApp();","line":66}}, id: {3d5e0a6d-6078-4706-bc34-86e5fda12f54}
04-25 11:58:45.199 I/Gecko   (   84): 1398452325211	Marionette	INFO	sendToClient: {"from":"0","value":{"frame":{"ELEMENT":"{0e8a1d2a-b970-45f6-86c1-910c66ea1719}"},"src":"app://homescreen.gaiamobile.org/index.html#rootFri%20Apr%2025%202014%2011:58:44%20GMT-0700%20(UTC)","name":"Homescreen","origin":"app://homescreen.gaiamobile.org"}}, {3d5e0a6d-6078-4706-bc34-86e5fda12f54}, {3d5e0a6d-6078-4706-bc34-86e5fda12f54}
04-25 11:58:45.209 E/GeckoConsole(   84): Content JS LOG at dummy file:392 in GaiaApps.displayedApp: app with origin 'app://homescreen.gaiamobile.org' is displayed
04-25 11:58:45.209 I/Gecko   (   84): 1398452325224	Marionette	DEBUG	Got request: switchToFrame, data: {"to":"0","sessionId":"3-b2g","name":"switchToFrame","parameters":{"focus":true,"element":"{0e8a1d2a-b970-45f6-86c1-910c66ea1719}"}}, id: {62b16c18-2729-4802-beaf-f0f0412584b2}
04-25 11:58:45.219 I/Gecko   (   84): 1398452325231	Marionette	INFO	Switched to frame: {"frameValue":"{0e8a1d2a-b970-45f6-86c1-910c66ea1719}"}
04-25 11:58:45.229 I/Gecko   (   84): 1398452325241	Marionette	INFO	trying remote frame 0
04-25 11:58:45.599 I/Gecko   (   84): 1398452325608	Marionette	INFO	sendToClient: {"from":"0","ok":true}, {62b16c18-2729-4802-beaf-f0f0412584b2}, {62b16c18-2729-4802-beaf-f0f0412584b2}
04-25 11:58:45.599 I/Gecko   (   84): 1398452325615	Marionette	DEBUG	Got request: execute, data: {"to":"0","sessionId":"3-b2g","name":"executeScript","parameters":{"specialPowers":false,"scriptTimeout":null,"newSandbox":true,"args":[],"filename":"gaia_test.py","script":"return window.wrappedJSObject.GridManager.pageHelper.getCurrentPageNumber();","line":784}}, id: {3aeec69c-dbe4-4c6d-a574-71921bd12ddd}
04-25 11:58:45.719 I/Gecko   (   84): 1398452325735	Marionette	INFO	sendToClient: {"from":"0","value":0}, {3aeec69c-dbe4-4c6d-a574-71921bd12ddd}, {3aeec69c-dbe4-4c6d-a574-71921bd12ddd}
04-25 11:58:46.049 I/Gecko   (   84): 1398452326060	Marionette	INFO	sendToClient: {"from":"0","value":["{eaddec18-2c2c-4ca6-9e11-d7d6569fcf30}","{534246c2-9d46-444f-9a33-08848f49f879}","{dc59f959-902f-4d74-b3e3-262668e5c5bf}","{0f3cca73-7968-437e-9a80-4007081909cb}","{7db43e8d-4867-4379-9aa2-17404199c546}","{bc715486-d82b-49c5-a114-5e55611be2bb}","{71b3174e-88d1-4896-883f-ade89278f049}","{213bb6f7-9839-49b1-9390-d029042d9db5}","{959f90e9-f888-4186-a959-79741782e8b6}","{ef65dd6c-c878-4add-8142-2ab0c87f0fc0}","{1d6e0dde-b9bb-4f08-a0a9-87fe8b4cf175}","{aa1f612f-1d1c-40b3-9c9b-1d4f7b79eeb8}","{9df031d6-e36d-420a-a447-90a1e2efdf79}","{d2de8d35-e55c-4632-8680-12f522369f81}","{6db5f101-0c67-4309-96e7-aa80465d821f}","{451911ba-b495-4922-ac44-0b78040f0305}","{0372922e-e61b-4585-a70d-efbb2a0dda10}","{64b93f06-8657-499d-82d7-68215506a6bb}","{53f7e1bf-946b-4160-82f3-fb82866a3d71}","{3098c651-5ef0-45f9-a19b-ec0c73142a83}","{e817847a-0591-4c4d-8217-d912e4f6cd96}","{89ebef3b-9a4f-4615-9cd5-c5d869547cff}","{00b889e4-8515-4628-b6cd-4b6e2916ceb1}","{bddc0253-e088
04-25 11:58:46.549 W/WifiHW  (   84): wifi_command: SIGNAL_POLL
04-25 11:58:47.729 E/GeckoConsole(  823): Content JS WARN at app://homescreen.gaiamobile.org/gaia_build_defer_index.js:184 in isHiddenApp: Unexpected role when checking hidden app: undefined
04-25 11:58:47.729 E/GeckoConsole(  823): Content JS WARN at app://homescreen.gaiamobile.org/gaia_build_defer_index.js:184 in isHiddenApp: Unexpected role when checking hidden app: undefined
04-25 11:58:47.729 E/GeckoConsole(  823): Content JS WARN at app://homescreen.gaiamobile.org/gaia_build_defer_index.js:184 in isHiddenApp: Unexpected role when checking hidden app: undefined
04-25 11:58:47.739 E/GeckoConsole(  823): Content JS WARN at app://homescreen.gaiamobile.org/gaia_build_defer_index.js:184 in isHiddenApp: Unexpected role when checking hidden app: undefined
04-25 11:58:47.739 E/GeckoConsole(  823): Content JS WARN at app://homescreen.gaiamobile.org/gaia_build_defer_index.js:184 in isHiddenApp: Unexpected role when checking hidden app: undefined
04-25 11:58:47.739 E/GeckoConsole(  823): Content JS WARN at app://homescreen.gaiamobile.org/gaia_build_defer_index.js:184 in isHiddenApp: Unexpected role when checking hidden app: undefined
04-25 11:58:47.739 E/GeckoConsole(  823): Content JS WARN at app://homescreen.gaiamobile.org/gaia_build_defer_index.js:184 in isHiddenApp: Unexpected role when checking hidden app: undefined
04-25 11:58:47.739 E/GeckoConsole(  823): Content JS WARN at app://homescreen.gaiamobile.org/gaia_build_defer_index.js:184 in isHiddenApp: Unexpected role when checking hidden app: undefined
04-25 11:58:47.739 E/GeckoConsole(  823): Content JS WARN at app://homescreen.gaiamobile.org/gaia_build_defer_index.js:184 in isHiddenApp: Unexpected role when checking hidden app: undefined
04-25 11:58:47.739 E/GeckoConsole(  823): Content JS WARN at app://homescreen.gaiamobile.org/gaia_build_defer_index.js:184 in isHiddenApp: Unexpected role when checking hidden app: undefined
04-25 11:58:47.739 E/GeckoConsole(  823): Content JS WARN at app://homescreen.gaiamobile.org/gaia_build_defer_index.js:184 in isHiddenApp: Unexpected role when checking hidden app: undefined
04-25 11:58:47.739 E/GeckoConsole(  823): Content JS WARN at app://homescreen.gaiamobile.org/gaia_build_defer_index.js:184 in isHiddenApp: Unexpected role when checking hidden app: undefined
04-25 11:58:47.739 E/GeckoConsole(  823): Content JS WARN at app://homescreen.gaiamobile.org/gaia_build_defer_index.js:184 in isHiddenApp: Unexpected role when checking hidden app: undefined
04-25 11:58:47.739 E/GeckoConsole(  823): Content JS WARN at app://homescreen.gaiamobile.org/gaia_build_defer_index.js:184 in isHiddenApp: Unexpected role when checking hidden app: undefined
04-25 11:58:47.739 E/GeckoConsole(  823): Content JS WARN at app://homescreen.gaiamobile.org/gaia_build_defer_index.js:184 in isHiddenApp: Unexpected role when checking hidden app: undefined
04-25 11:58:47.739 E/GeckoConsole(  823): Content JS WARN at app://homescreen.gaiamobile.org/gaia_build_defer_index.js:184 in isHiddenApp: Unexpected role when checking hidden app: undefined
04-25 11:58:47.749 E/GeckoConsole(  823): Content JS WARN at app://homescreen.gaiamobile.org/gaia_build_defer_index.js:184 in isHiddenApp: Unexpected role when checking hidden app: undefined
04-25 11:58:47.749 E/GeckoConsole(  823): Content JS WARN at app://homescreen.gaiamobile.org/gaia_build_defer_index.js:184 in isHiddenApp: Unexpected role when checking hidden app: undefined
04-25 11:58:47.769 E/GeckoConsole(  823): Content JS WARN at app://homescreen.gaiamobile.org/gaia_build_defer_index.js:184 in isHiddenApp: Unexpected role when checking hidden app: undefined
04-25 11:58:47.769 E/GeckoConsole(  823): Content JS WARN at app://homescreen.gaiamobile.org/gaia_build_defer_index.js:184 in isHiddenApp: Unexpected role when checking hidden app: undefined
04-25 11:58:47.769 E/GeckoConsole(  823): Content JS WARN at app://homescreen.gaiamobile.org/gaia_build_defer_index.js:184 in isHiddenApp: Unexpected role when checking hidden app: undefined
04-25 11:58:47.769 E/GeckoConsole(  823): Content JS WARN at app://homescreen.gaiamobile.org/gaia_build_defer_index.js:184 in isHiddenApp: Unexpected role when checking hidden app: undefined
04-25 11:58:47.769 E/GeckoConsole(  823): Content JS WARN at app://homescreen.gaiamobile.org/gaia_build_defer_index.js:184 in isHiddenApp: Unexpected role when checking hidden app: undefined
04-25 11:58:47.769 E/GeckoConsole(  823): Content JS WARN at app://homescreen.gaiamobile.org/gaia_build_defer_index.js:184 in isHiddenApp: Unexpected role when checking hidden app: undefined
04-25 11:58:47.769 E/GeckoConsole(  823): Content JS WARN at app://homescreen.gaiamobile.org/gaia_build_defer_index.js:184 in isHiddenApp: Unexpected role when checking hidden app: undefined
04-25 11:58:47.769 E/GeckoConsole(  823): Content JS WARN at app://homescreen.gaiamobile.org/gaia_build_defer_index.js:184 in isHiddenApp: Unexpected role when checking hidden app: undefined
04-25 11:58:47.769 E/GeckoConsole(  823): Content JS WARN at app://homescreen.gaiamobile.org/gaia_build_defer_index.js:184 in isHiddenApp: Unexpected role when checking hidden app: undefined
04-25 11:58:47.769 I/Gecko   (   84): 1398452327784	Marionette	INFO	sendToClient: {"from":"0","value":"app://homescreen.gaiamobile.org/index.html#rootFri%20Apr%2025%202014%2011:58:44%20GMT-0700%20(UTC)"}, {622bd724-d136-49dc-a583-a5b546b0ffe7}, {622bd724-d136-49dc-a583-a5b546b0ffe7}
04-25 11:58:47.799 I/Gecko   (   84): 1398452327810	Marionette	DEBUG	Got request: switchToFrame, data: {"to":"0","sessionId":"3-b2g","name":"switchToFrame","parameters":{"id":null,"focus":true}}, id: {00c106b5-dc0a-4c93-8775-a56c2b57d96d}
04-25 11:58:47.849 I/Gecko   (   84): 1398452327864	Marionette	INFO	Switched to frame: {"frameValue":null}
04-25 11:58:48.059 I/Gecko   (   84): 1398452328067	Marionette	INFO	sendToClient: {"from":"0","ok":true}, {00c106b5-dc0a-4c93-8775-a56c2b57d96d}, {00c106b5-dc0a-4c93-8775-a56c2b57d96d}
04-25 11:58:48.069 I/Gecko   (   84): 1398452328082	Marionette	DEBUG	Got request: switchToFrame, data: {"to":"0","sessionId":"3-b2g","name":"switchToFrame","parameters":{"id":null,"focus":true}}, id: {c7c7e3cb-2e68-46db-a7ff-c17cb1eedad6}
04-25 11:58:48.069 I/Gecko   (   84): 1398452328085	Marionette	INFO	Switched to frame: {"frameValue":null}
04-25 11:58:48.179 I/Gecko   (   84): 1398452328187	Marionette	INFO	sendToClient: {"from":"0","ok":true}, {c7c7e3cb-2e68-46db-a7ff-c17cb1eedad6}, {c7c7e3cb-2e68-46db-a7ff-c17cb1eedad6}
04-25 11:58:48.179 I/Gecko   (   84): 1398452328194	Marionette	DEBUG	Got request: executeWithCallback, data: {"to":"0","sessionId":"3-b2g","name":"executeAsyncScript","parameters":{"specialPowers":false,"scriptTimeout":30000,"newSandbox":true,"args":[],"filename":"app_checker.py","script":"GaiaApps.launchWithManifestURL('https://marketplace.firefox.com/app/32c10425-f89e-4305-a311-fc356a6ac068/manifest.webapp')","line":106}}, id: {21b47f6c-bb5c-4997-a5d0-a7339533977c}
04-25 11:58:48.439 E/GeckoConsole(   84): Content JS LOG at dummy file:334 in GaiaApps.launch: launching app with name 'Cuentos Infantiles'
04-25 11:58:48.529 I/Gonk    (   84): Setting nice for pid 833 to 18
04-25 11:58:48.529 I/Gonk    (   84): Changed nice for pid 833 from 18 to 18.
04-25 11:58:48.539 I/Gecko   (   84): [Parent 84] WARNING: waitpid failed pid:833 errno:10: file ../../../gecko/ipc/chromium/src/base/process_util_posix.cc, line 254
04-25 11:58:48.549 I/Gonk    (   84): Setting nice for pid 833 to 1
04-25 11:58:48.549 I/Gonk    (   84): Changed nice for pid 833 from 18 to 1.
04-25 11:58:49.289 I/Gonk    (   84): Setting nice for pid 886 to 18
04-25 11:58:49.289 I/Gonk    (   84): Changed nice for pid 886 from 0 to 18.
04-25 11:58:49.359 D/Sensors (   84): activate handle=0; drv=0
04-25 11:58:49.379 D/Sensors (   84): Lis3dhSensor: Control set 1
04-25 11:58:49.379 D/Sensors (   84): Lis3dhSensor: mEnabled = 1
04-25 11:58:49.419 V/AudioPolicyManagerBase(   89): startOutput() output 1, stream 1, session 4
04-25 11:58:49.419 V/AudioPolicyManagerBase(   89): changeRefCount() stream 1, count 1
04-25 11:58:49.419 V/AudioPolicyManagerBase(   89): getDeviceForStrategy() from cache strategy 0, device 2
04-25 11:58:49.419 V/AudioPolicyManagerBase(   89): getNewDevice() selected device 2
04-25 11:58:49.419 D/AudioPolicyManagerBase(   89): setOutputDevice() output 1 device 2 delayMs 0
04-25 11:58:49.419 V/AudioPolicyManagerBase(   89): setOutputDevice() setting same device 2 or null device for output 1
04-25 11:58:49.419 E/AudioPolicyManagerBase(   89): checkAndSetVolume stream=1, index=0, output=1, device=2
04-25 11:58:49.419 E/AudioPolicyManagerBase(   89): computeVolume, streamDesc=0xd14bb8
04-25 11:58:49.449 W/AudioFlinger(   89): Thread AudioOut_1 cannot connect to the power manager service
04-25 11:58:49.449 V/AudioPolicyManagerBase(   89): stopOutput() output 1, stream 1, session 4
04-25 11:58:49.449 V/AudioPolicyManagerBase(   89): changeRefCount() stream 1, count 0
04-25 11:58:49.449 V/AudioPolicyManagerBase(   89): getNewDevice() selected device 0
04-25 11:58:49.449 D/AudioPolicyManagerBase(   89): setOutputDevice() output 1 device 0 delayMs 290
04-25 11:58:49.449 V/AudioPolicyManagerBase(   89): setOutputDevice() setting same device 0 or null device for output 1
04-25 11:58:49.459 E/[Gralloc-ERROR](   84): int gralloc_register_buffer(const gralloc_module_t*, const native_handle_t*):79 Unable to register handle 0x476d4600 coming from different process: 84
04-25 11:58:49.459 V/AudioPolicyManagerBase(   89): startOutput() output 1, stream 1, session 4
04-25 11:58:49.459 V/AudioPolicyManagerBase(   89): changeRefCount() stream 1, count 1
04-25 11:58:49.459 V/AudioPolicyManagerBase(   89): getDeviceForStrategy() from cache strategy 0, device 2
04-25 11:58:49.459 V/AudioPolicyManagerBase(   89): getNewDevice() selected device 2
04-25 11:58:49.459 D/AudioPolicyManagerBase(   89): setOutputDevice() output 1 device 2 delayMs 0
04-25 11:58:49.459 V/AudioPolicyManagerBase(   89): setOutputDevice() setting same device 2 or null device for output 1
04-25 11:58:49.459 E/AudioPolicyManagerBase(   89): checkAndSetVolume stream=1, index=0, output=1, device=2
04-25 11:58:49.459 E/AudioPolicyManagerBase(   89): computeVolume, streamDesc=0xd14bb8
04-25 11:58:49.459 V/AudioPolicyManagerBase(   89): stopOutput() output 1, stream 1, session 4
04-25 11:58:49.459 V/AudioPolicyManagerBase(   89): changeRefCount() stream 1, count 0
04-25 11:58:49.459 V/AudioPolicyManagerBase(   89): getNewDevice() selected device 0
04-25 11:58:49.459 D/AudioPolicyManagerBase(   89): setOutputDevice() output 1 device 0 delayMs 290
04-25 11:58:49.459 V/AudioPolicyManagerBase(   89): setOutputDevice() setting same device 0 or null device for output 1
04-25 11:58:49.459 E/[Gralloc-ERROR](   84): int gralloc_register_buffer(const gralloc_module_t*, const native_handle_t*):79 Unable to register handle 0x476d47e0 coming from different process: 84
04-25 11:58:49.479 V/AudioPolicyManagerBase(   89): releaseOutput() 1
04-25 11:58:49.499 E/[Gralloc-ERROR](   84): int gralloc_register_buffer(const gralloc_module_t*, const native_handle_t*):79 Unable to register handle 0x466b6bf0 coming from different process: 84
04-25 11:58:49.499 E/[Gralloc-ERROR](   84): int gralloc_register_buffer(const gralloc_module_t*, const native_handle_t*):79 Unable to register handle 0x476d4650 coming from different process: 84
04-25 11:58:49.539 I/Gonk    (   84): Setting nice for pid 823 to 18
04-25 11:58:49.539 I/Gonk    (   84): Changed nice for pid 823 from 1 to 18.
04-25 11:58:50.079 I/Gecko   (   84): 
04-25 11:58:50.079 I/Gecko   (   84): ###!!! [Parent][MessageChannel] Error: Channel error: cannot send/recv
04-25 11:58:50.079 I/Gecko   (   84): 
04-25 11:58:50.139 I/Gecko   (   84): [Parent 84] WARNING: waitpid failed pid:823 errno:10: file ../../../gecko/ipc/chromium/src/base/process_util_posix.cc, line 254
04-25 11:58:50.469 I/Gecko   (  833): ###################################### forms.js loaded
04-25 11:58:50.489 I/Gecko   (  833): ############################### browserElementPanning.js loaded
04-25 11:58:50.509 I/Gecko   (  833): ######################## BrowserElementChildPreload.js loaded
04-25 11:58:51.059 E/GeckoConsole(  833): [JavaScript Warning: "Unknown property 'scroll'.  Declaration dropped." {file: "app://{448a4e4e-d438-4d27-b4cd-240ebba6ba7c}/css/index.css" line: 9 column: 7 source: "	scroll:auto;"}]
04-25 11:58:51.539 W/WifiHW  (   84): wifi_command: SIGNAL_POLL
04-25 11:58:52.139 I/Gecko   (   84): [Parent 84] WARNING: waitpid failed pid:823 errno:10: file ../../../gecko/ipc/chromium/src/base/process_util_posix.cc, line 254
04-25 11:58:52.139 I/Gecko   (   84): [Parent 84] WARNING: Failed to deliver SIGKILL to 823!(3).: file ../../../gecko/ipc/chromium/src/chrome/common/process_watcher_posix_sigchld.cc, line 118
04-25 11:58:53.039 I/Gonk    (   84): Setting nice for pid 886 to 18
04-25 11:58:53.039 I/Gonk    (   84): Changed nice for pid 886 from 18 to 18.
04-25 11:58:53.039 I/Gecko   (   84): [Parent 84] WARNING: waitpid failed pid:886 errno:10: file ../../../gecko/ipc/chromium/src/base/process_util_posix.cc, line 254
04-25 11:58:53.039 I/Gonk    (   84): Setting nice for pid 886 to 1
04-25 11:58:53.039 I/Gonk    (   84): Changed nice for pid 886 from 18 to 1.
04-25 11:58:53.049 I/Gonk    (   84): Setting nice for pid 886 to 18
04-25 11:58:53.049 I/Gonk    (   84): Changed nice for pid 886 from 1 to 18.
04-25 11:58:53.929 I/Gecko   (   84): 
04-25 11:58:53.929 I/Gecko   (   84): ###!!! [Parent][MessageChannel] Error: Channel error: cannot send/recv
04-25 11:58:53.929 I/Gecko   (   84): 
04-25 11:58:53.979 I/Gecko   (   84): 
04-25 11:58:53.979 I/Gecko   (   84): ###!!! [Parent][MessageChannel] Error: Channel error: cannot send/recv
04-25 11:58:53.979 I/Gecko   (   84): 
04-25 11:58:53.979 I/Gecko   (   84): [Parent 84] WARNING: FileDescriptorSet destroyed with unconsumed descriptors: file ../../../gecko/ipc/chromium/src/chrome/common/file_descriptor_set_posix.cc, line 20
04-25 11:58:53.989 E/GeckoConsole(   84): Content JS LOG at dummy file:326 in GaiaApps.launch/appOpen/<: app with origin 'app://{448a4e4e-d438-4d27-b4cd-240ebba6ba7c}' has launched
04-25 11:58:53.989 I/Gecko   (   84): 1398452334003	Marionette	INFO	sendToClient: {"from":"0","value":{"frame":{"ELEMENT":"{5565d9a8-fc0d-43ba-b847-9b53f3dd97f2}"},"src":"app://{448a4e4e-d438-4d27-b4cd-240ebba6ba7c}/index.html","name":"Cuentos Infantiles","origin":"app://{448a4e4e-d438-4d27-b4cd-240ebba6ba7c}"}}, {21b47f6c-bb5c-4997-a5d0-a7339533977c}, {21b47f6c-bb5c-4997-a5d0-a7339533977c}
04-25 11:58:53.989 I/Gecko   (   84): 
04-25 11:58:53.989 I/Gecko   (   84): ###!!! [Parent][MessageChannel] Error: Channel error: cannot send/recv
04-25 11:58:53.989 I/Gecko   (   84): 
04-25 11:58:54.079 E/[Gralloc-ERROR](   84): int gralloc_unregister_buffer(const gralloc_module_t*, const native_handle_t*):274 Trying to unregister buffer 0x476d47e0 from process 84 that was not created in current process: 84
04-25 11:58:54.079 E/[Gralloc-ERROR](   84): int gralloc_unregister_buffer(const gralloc_module_t*, const native_handle_t*):274 Trying to unregister buffer 0x476d4600 from process 84 that was not created in current process: 84
04-25 11:58:54.079 E/[Gralloc-ERROR](   84): int gralloc_unregister_buffer(const gralloc_module_t*, const native_handle_t*):274 Trying to unregister buffer 0x476d4650 from process 84 that was not created in current process: 84
04-25 11:58:54.079 E/[Gralloc-ERROR](   84): int gralloc_unregister_buffer(const gralloc_module_t*, const native_handle_t*):274 Trying to unregister buffer 0x466b6bf0 from process 84 that was not created in current process: 84
04-25 11:58:54.109 I/Gecko   (   84): [Parent 84] WARNING: waitpid failed pid:886 errno:10: file ../../../gecko/ipc/chromium/src/base/process_util_posix.cc, line 254
04-25 11:58:54.249 I/Gecko   (   84): 1398452334260	Marionette	DEBUG	Got request: switchToFrame, data: {"to":"0","sessionId":"3-b2g","name":"switchToFrame","parameters":{"focus":true,"element":"{5565d9a8-fc0d-43ba-b847-9b53f3dd97f2}"}}, id: {0d6af3b1-e5c3-4fd1-9d92-b9b9cad0fae1}
04-25 11:58:54.259 I/Gecko   (   84): 1398452334271	Marionette	INFO	Switched to frame: {"frameValue":"{5565d9a8-fc0d-43ba-b847-9b53f3dd97f2}"}
04-25 11:58:54.269 I/Gecko   (   84): 1398452334284	Marionette	INFO	trying remote frame 0
04-25 11:58:54.279 I/Gecko   (   84): 1398452334286	Marionette	INFO	deleting frame
04-25 11:58:54.279 I/Gecko   (   84): 1398452334293	Marionette	INFO	frame-manager load script: [object ChromeMessageSender]
04-25 11:58:55.109 I/Gecko   (   84): 1398452335125	Marionette	INFO	sendToClient: {"from":"0","ok":true}, {0d6af3b1-e5c3-4fd1-9d92-b9b9cad0fae1}, {0d6af3b1-e5c3-4fd1-9d92-b9b9cad0fae1}
04-25 11:58:55.139 I/Gecko   (   84): 1398452335149	Marionette	INFO	sendToClient: {"from":"0","value":"app://{448a4e4e-d438-4d27-b4cd-240ebba6ba7c}/index.html"}, {b270c068-5bd8-4f34-938b-a8a0b5f4bdbc}, {b270c068-5bd8-4f34-938b-a8a0b5f4bdbc}
04-25 11:58:55.149 I/Gecko   (   84): 1398452335156	Marionette	DEBUG	Got request: execute, data: {"to":"0","sessionId":"3-b2g","name":"executeScript","parameters":{"specialPowers":false,"scriptTimeout":null,"newSandbox":true,"args":[],"filename":"app_checker.py","script":"return window.document.readyState;","line":191}}, id: {cfd1de6e-380d-4ae2-ad26-d44a1242c37c}
04-25 11:58:55.429 I/Gecko   (   84): 1398452335442	Marionette	INFO	sendToClient: {"from":"0","value":"complete"}, {cfd1de6e-380d-4ae2-ad26-d44a1242c37c}, {cfd1de6e-380d-4ae2-ad26-d44a1242c37c}
04-25 11:58:55.439 I/Gecko   (   84): 1398452335453	Marionette	INFO	sendToClient: {"from":"0","value":"app://{448a4e4e-d438-4d27-b4cd-240ebba6ba7c}/index.html"}, {cae21cbf-1b82-4cd7-b9cf-4b55761a96e0}, {cae21cbf-1b82-4cd7-b9cf-4b55761a96e0}
04-25 11:58:55.459 I/Gecko   (  833): Attempting load of libEGL.so
04-25 11:58:55.609 D/libEGL  (  833): loaded /system/lib/egl/libEGL_mali.so
04-25 11:58:55.649 D/libEGL  (  833): loaded /system/lib/egl/libGLESv1_CM_mali.so
04-25 11:58:55.659 D/libEGL  (  833): loaded /system/lib/egl/libGLESv2_mali.so
04-25 11:58:55.699 I/Gecko   (  833): SharedSurface_Gralloc::Create -------
04-25 11:58:55.749 I/Gecko   (  833): SharedSurface_Gralloc::Create: success -- surface 0x44566f00, GraphicBuffer 0x4457eb80.
04-25 11:58:56.109 I/Gecko   (   84): [Parent 84] WARNING: waitpid failed pid:886 errno:10: file ../../../gecko/ipc/chromium/src/base/process_util_posix.cc, line 254
04-25 11:58:56.109 I/Gecko   (   84): [Parent 84] WARNING: Failed to deliver SIGKILL to 886!(3).: file ../../../gecko/ipc/chromium/src/chrome/common/process_watcher_posix_sigchld.cc, line 118
04-25 11:58:56.559 W/WifiHW  (   84): wifi_command: SIGNAL_POLL
04-25 11:58:57.039 I/Gecko   (   84): 1398452337053	Marionette	INFO	sendToClient: {"from":"0","value":"iVBORw0KGgoAAAANSUhEUgAAAUAAAAHMCAYAAACk4nEJAAAgAElEQVR4nOydUWgj233/nZvmj1q2yTTsw5S6iSdRiw7Vgyc1rYa6DxpQGw0VRdOKoiluMVM/mMFpzdQNZnAf3MEUM/WDmbrtMmzBYbZ0qbZkQfuwiZaUJdqkC9qHBW1gQQvZNnrYEoXcFLds2u//4cyMZqSRrL33puO9OYYPkiVZPtKuPv6d8/ud31laWloCg8Fg/JiS+QAYDAYjKzIfAIPBYGRF5gNgMBiMrMh8AAwGg5EVmQ+AwWD8GPLxj38cxWIRH/nIR7IcR/ZvBIPB+PHjq1/9KgDgJ37iJ7IcR/ZvBIPB+PGDCZDBYPzYwgTIYDA+1OTzefzN3/wNvvnNb6LdbuP3f//3ozW/WQL87Gc/i7/927/FN7/5TbRaLfze7/1e4v6f/dmfxcnJCb7xjW/ga1/7Gv7qr/4KP//zP594TLFYxM2bN/Gv//qvOD8/xy/90i/NGmP2bxKDwfjw8cu//Mv43ve+h//4j//AP/zDP+DrX/86Li4u8Au/8AtYWkoX4Oc+9zl873vfw3e+8x38/d//PR49egQA+Iu/+AssLS3hE5/4BF68eIHvf//7+NKXvgTf9/Hd734Xf/mXfxk9x6/8yq/g3Xffxbe+9S383d/9Hb71rW/hP//zP1EsFtPGmf0bxWAwPnx87Wtfww9/+EPk83ksLS3hIx/5CD796U9H96cJ8F/+5V/w3//931heXsbS0hLeeecdfPWrX8Xr16/xmc98Br/1W78FAAnh/czP/Ax+8id/Mvr+4cOH+O53v4tPfOITWFqi0vzBD36Af/zHf0wbZ/ZvFIPB+HDBcRwA4Gtf+9rMx0wK8BOf+AQAoNPpJB63vb0NAPijP/oj5PN5vH79Gt/5znfwxS9+MSHUpSUqQwBot9vI5XIR3/jGN/Dtb387bR
04-25 11:58:57.349 I/Gecko   (   84): 1398452337362	Marionette	INFO	sendToClient: {"from":"0","ok":true}, {68ae2ecd-2e01-4898-9519-e41ae3b27d20}, {68ae2ecd-2e01-4898-9519-e41ae3b27d20}
04-25 11:58:57.359 I/Gecko   (   84): 1398452337369	Marionette	DEBUG	Got request: switchToFrame, data: {"to":"0","sessionId":"3-b2g","name":"switchToFrame","parameters":{"id":null,"focus":true}}, id: {4992dd86-40b9-4f26-acb6-2dcfc6b3a02d}
04-25 11:58:57.379 I/Gecko   (   84): 1398452337390	Marionette	INFO	Switched to frame: {"frameValue":null}
04-25 11:58:57.499 I/Gecko   (   84): 1398452337513	Marionette	INFO	sendToClient: {"from":"0","ok":true}, {4992dd86-40b9-4f26-acb6-2dcfc6b3a02d}, {4992dd86-40b9-4f26-acb6-2dcfc6b3a02d}
04-25 11:58:57.529 I/Gecko   (   84): 1398452337539	Marionette	DEBUG	Got request: executeWithCallback, data: {"to":"0","sessionId":"3-b2g","name":"executeAsyncScript","parameters":{"specialPowers":false,"scriptTimeout":null,"newSandbox":true,"args":[],"filename":"gaia_test.py","script":"return GaiaApps.displayedApp();","line":66}}, id: {326c49ff-98b8-4531-bcb5-9f345f51a3f8}
04-25 11:58:57.749 I/Gonk    (   84): Setting nice for pid 913 to 18
04-25 11:58:57.749 I/Gonk    (   84): Changed nice for pid 913 from 0 to 18.
04-25 11:58:57.779 E/GeckoConsole(   84): Content JS LOG at dummy file:392 in GaiaApps.displayedApp: app with origin 'app://{448a4e4e-d438-4d27-b4cd-240ebba6ba7c}' is displayed
04-25 11:58:57.779 I/Gecko   (   84): 1398452337789	Marionette	INFO	sendToClient: {"from":"0","value":{"frame":{"ELEMENT":"{5565d9a8-fc0d-43ba-b847-9b53f3dd97f2}"},"src":"app://{448a4e4e-d438-4d27-b4cd-240ebba6ba7c}/index.html","name":"Cuentos Infantiles","origin":"app://{448a4e4e-d438-4d27-b4cd-240ebba6ba7c}"}}, {326c49ff-98b8-4531-bcb5-9f345f51a3f8}, {326c49ff-98b8-4531-bcb5-9f345f51a3f8}
04-25 11:58:57.839 I/Gecko   (   84): 1398452337855	Marionette	DEBUG	Got request: switchToFrame, data: {"to":"0","sessionId":"3-b2g","name":"switchToFrame","parameters":{"id":null,"focus":true}}, id: {896b0138-3882-45ad-bb4d-2efdc7657216}
04-25 11:58:57.849 I/Gecko   (   84): 1398452337861	Marionette	INFO	Switched to frame: {"frameValue":null}
04-25 11:58:57.949 I/Gecko   (   84): 1398452337964	Marionette	INFO	sendToClient: {"from":"0","ok":true}, {896b0138-3882-45ad-bb4d-2efdc7657216}, {896b0138-3882-45ad-bb4d-2efdc7657216}
04-25 11:58:57.959 I/Gecko   (   84): 1398452337970	Marionette	DEBUG	Got request: execute, data: {"to":"0","sessionId":"3-b2g","name":"executeScript","parameters":{"specialPowers":false,"scriptTimeout":null,"newSandbox":true,"args":[],"filename":"gaia_test.py","script":"window.wrappedJSObject.dispatchEvent(new Event('home'));","line":788}}, id: {5d80a206-a318-4339-807d-4e1787489ead}
04-25 11:58:58.159 I/Gonk    (   84): Setting nice for pid 913 to 18
04-25 11:58:58.159 I/Gonk    (   84): Changed nice for pid 913 from 18 to 18.
04-25 11:58:58.159 I/Gecko   (   84): [Parent 84] WARNING: waitpid failed pid:913 errno:10: file ../../../gecko/ipc/chromium/src/base/process_util_posix.cc, line 254
04-25 11:58:58.169 I/Gonk    (   84): Setting nice for pid 913 to 1
04-25 11:58:58.169 I/Gonk    (   84): Changed nice for pid 913 from 18 to 1.
04-25 11:58:58.189 D/Sensors (   84): activate handle=0; drv=0
04-25 11:58:58.189 D/Sensors (   84): Lis3dhSensor: Control set 0
04-25 11:58:58.189 D/Sensors (   84): Lis3dhSensor: mEnabled = 0
04-25 11:58:58.269 I/Gecko   (   84): 1398452338278	Marionette	INFO	sendToClient: {"from":"0","value":null}, {5d80a206-a318-4339-807d-4e1787489ead}, {5d80a206-a318-4339-807d-4e1787489ead}
04-25 11:58:59.599 E/[Gralloc-ERROR](   84): int gralloc_register_buffer(const gralloc_module_t*, const native_handle_t*):79 Unable to register handle 0x43c048d0 coming from different process: 84
04-25 11:58:59.599 E/[Gralloc-ERROR](   84): int gralloc_register_buffer(const gralloc_module_t*, const native_handle_t*):79 Unable to register handle 0x43c04ab0 coming from different process: 84
04-25 11:58:59.719 I/Gecko   (   84): 1398452339731	Marionette	DEBUG	Got request: switchToFrame, data: {"to":"0","sessionId":"3-b2g","name":"switchToFrame","parameters":{"id":null,"focus":true}}, id: {eec9c278-4fd6-4e11-b278-7525769a6649}
04-25 11:58:59.969 I/Gecko   (   84): 1398452339979	Marionette	INFO	Switched to frame: {"frameValue":null}
04-25 11:59:00.049 E/[Gralloc-ERROR](   84): int gralloc_unregister_buffer(const gralloc_module_t*, const native_handle_t*):274 Trying to unregister buffer 0x43c04ab0 from process 84 that was not created in current process: 84
04-25 11:59:00.049 E/[Gralloc-ERROR](   84): int gralloc_unregister_buffer(const gralloc_module_t*, const native_handle_t*):274 Trying to unregister buffer 0x43c048d0 from process 84 that was not created in current process: 84
04-25 11:59:00.109 I/Gecko   (   84): 1398452340125	Marionette	INFO	sendToClient: {"from":"0","ok":true}, {eec9c278-4fd6-4e11-b278-7525769a6649}, {eec9c278-4fd6-4e11-b278-7525769a6649}
04-25 11:59:00.119 I/Gecko   (   84): 1398452340132	Marionette	DEBUG	Got request: executeWithCallback, data: {"to":"0","sessionId":"3-b2g","name":"executeAsyncScript","parameters":{"specialPowers":false,"scriptTimeout":null,"newSandbox":true,"args":[],"filename":"gaia_test.py","script":"return GaiaApps.displayedApp();","line":66}}, id: {25c7087b-cbd9-47ff-8815-063563ec98e8}
04-25 11:59:00.249 E/GeckoConsole(   84): Content JS LOG at dummy file:392 in GaiaApps.displayedApp: app with origin 'app://homescreen.gaiamobile.org' is displayed
04-25 11:59:00.249 I/Gecko   (   84): 1398452340262	Marionette	INFO	sendToClient: {"from":"0","value":{"frame":{"ELEMENT":"{1c6300e8-b01a-4df9-b02b-d2d89e9f525e}"},"src":"app://homescreen.gaiamobile.org/index.html#root","name":"Homescreen","origin":"app://homescreen.gaiamobile.org"}}, {25c7087b-cbd9-47ff-8815-063563ec98e8}, {25c7087b-cbd9-47ff-8815-063563ec98e8}
04-25 11:59:00.269 I/Gecko   (   84): 1398452340278	Marionette	DEBUG	Got request: switchToFrame, data: {"to":"0","sessionId":"3-b2g","name":"switchToFrame","parameters":{"id":null,"focus":true}}, id: {489bf5c5-120c-429e-933b-2ecad0f1029c}
04-25 11:59:00.269 I/Gecko   (   84): 1398452340280	Marionette	INFO	Switched to frame: {"frameValue":null}
04-25 11:59:00.279 I/Gonk    (   84): Setting nice for pid 833 to 18
04-25 11:59:00.279 I/Gonk    (   84): Changed nice for pid 833 from 1 to 18.
04-25 11:59:00.369 I/Gecko   (   84): 1398452340383	Marionette	INFO	sendToClient: {"from":"0","ok":true}, {489bf5c5-120c-429e-933b-2ecad0f1029c}, {489bf5c5-120c-429e-933b-2ecad0f1029c}
04-25 11:59:00.379 I/Gecko   (   84): 1398452340389	Marionette	DEBUG	Got request: switchToFrame, data: {"to":"0","sessionId":"3-b2g","name":"switchToFrame","parameters":{"id":null,"focus":true}}, id: {3407c7c2-6895-4e14-891e-b920c6bf4014}
04-25 11:59:00.389 I/Gecko   (   84): 1398452340402	Marionette	INFO	Switched to frame: {"frameValue":null}
04-25 11:59:00.499 I/Gecko   (   84): 1398452340508	Marionette	INFO	sendToClient: {"from":"0","ok":true}, {3407c7c2-6895-4e14-891e-b920c6bf4014}, {3407c7c2-6895-4e14-891e-b920c6bf4014}
04-25 11:59:00.509 I/Gecko   (   84): 1398452340519	Marionette	DEBUG	Got request: executeWithCallback, data: {"to":"0","sessionId":"3-b2g","name":"executeAsyncScript","parameters":{"specialPowers":false,"scriptTimeout":null,"newSandbox":true,"args":[],"filename":"gaia_test.py","script":"return GaiaApps.displayedApp();","line":66}}, id: {077e60ed-11a2-4ce6-951c-ece0c4e320fd}
04-25 11:59:00.509 I/log     (  923): <4>0[ 202.082430] select 833 (Cuentos Infanti), adj 10, size 6465, to kill 
04-25 11:59:00.589 I/Gecko   (   84): 1398452340606	Marionette	INFO	sendToClient: {"from":"0","value":{"frame":{"ELEMENT":"{1c6300e8-b01a-4df9-b02b-d2d89e9f525e}"},"src":"app://homescreen.gaiamobile.org/index.html#root","name":"Homescreen","origin":"app://homescreen.gaiamobile.org"}}, {077e60ed-11a2-4ce6-951c-ece0c4e320fd}, {077e60ed-11a2-4ce6-951c-ece0c4e320fd}
04-25 11:59:00.609 E/GeckoConsole(   84): Content JS LOG at dummy file:392 in GaiaApps.displayedApp: app with origin 'app://homescreen.gaiamobile.org' is displayed
04-25 11:59:00.609 I/Gecko   (   84): 1398452340622	Marionette	DEBUG	Got request: switchToFrame, data: {"to":"0","sessionId":"3-b2g","name":"switchToFrame","parameters":{"focus":true,"element":"{1c6300e8-b01a-4df9-b02b-d2d89e9f525e}"}}, id: {86cca1a5-0a43-4dff-932e-9faf43fd28b3}
04-25 11:59:00.619 I/Gecko   (   84): 1398452340635	Marionette	INFO	Switched to frame: {"frameValue":"{1c6300e8-b01a-4df9-b02b-d2d89e9f525e}"}
04-25 11:59:00.629 I/Gecko   (   84): 1398452340637	Marionette	INFO	trying remote frame 0
04-25 11:59:00.629 I/Gecko   (   84): 1398452340638	Marionette	INFO	deleting frame
04-25 11:59:00.629 I/Gecko   (   84): 1398452340644	Marionette	INFO	frame-manager load script: [object ChromeMessageSender]
04-25 11:59:01.479 I/Gecko   (   84): 
04-25 11:59:01.479 I/Gecko   (   84): ###!!! [Parent][MessageChannel] Error: Channel error: cannot send/recv
04-25 11:59:01.479 I/Gecko   (   84): 
04-25 11:59:01.589 I/Gecko   (   84): [Parent 84] WARNING: waitpid failed pid:833 errno:10: file ../../../gecko/ipc/chromium/src/base/process_util_posix.cc, line 254
04-25 11:59:01.609 W/WifiHW  (   84): wifi_command: SIGNAL_POLL
04-25 11:59:01.679 I/Gecko   (  913): ###################################### forms.js loaded
04-25 11:59:01.699 I/Gecko   (  913): ############################### browserElementPanning.js loaded
04-25 11:59:01.719 I/Gecko   (  913): ######################## BrowserElementChildPreload.js loaded
04-25 11:59:02.559 I/Gecko   (   84): 1398452342570	Marionette	INFO	sendToClient: {"from":"0","ok":true}, {86cca1a5-0a43-4dff-932e-9faf43fd28b3}, {86cca1a5-0a43-4dff-932e-9faf43fd28b3}
04-25 11:59:02.799 I/Gecko   (   84): 1398452342812	Marionette	INFO	sendToClient: {"from":"0","value":"app://homescreen.gaiamobile.org/index.html#root"}, {34d4a29d-8ba0-4da1-8524-2de08e406fa8}, {34d4a29d-8ba0-4da1-8524-2de08e406fa8}
04-25 11:59:02.809 I/Gecko   (   84): 1398452342818	Marionette	DEBUG	Got request: switchToFrame, data: {"to":"0","sessionId":"3-b2g","name":"switchToFrame","parameters":{"id":null,"focus":true}}, id: {1eb5859c-1606-413a-9afe-fda66775eb65}
04-25 11:59:02.829 I/Gecko   (   84): 1398452342840	Marionette	INFO	Switched to frame: {"frameValue":null}
04-25 11:59:02.929 I/Gecko   (   84): 1398452342944	Marionette	INFO	sendToClient: {"from":"0","ok":true}, {1eb5859c-1606-413a-9afe-fda66775eb65}, {1eb5859c-1606-413a-9afe-fda66775eb65}
04-25 11:59:02.949 I/Gecko   (   84): 1398452342956	Marionette	DEBUG	Got request: switchToFrame, data: {"to":"0","sessionId":"3-b2g","name":"switchToFrame","parameters":{"id":null,"focus":true}}, id: {dffee041-0d77-42f0-9685-7591bb0d0cdd}
04-25 11:59:02.949 I/Gecko   (   84): 1398452342958	Marionette	INFO	Switched to frame: {"frameValue":null}
04-25 11:59:03.049 I/Gecko   (   84): 1398452343065	Marionette	INFO	sendToClient: {"from":"0","ok":true}, {dffee041-0d77-42f0-9685-7591bb0d0cdd}, {dffee041-0d77-42f0-9685-7591bb0d0cdd}
04-25 11:59:03.059 I/Gecko   (   84): 1398452343072	Marionette	DEBUG	Got request: executeWithCallback, data: {"to":"0","sessionId":"3-b2g","name":"executeAsyncScript","parameters":{"specialPowers":false,"scriptTimeout":null,"newSandbox":true,"args":[],"filename":"gaia_test.py","script":"GaiaApps.killAll()","line":91}}, id: {8d0ce611-812d-42e5-87f3-05cfacedcb63}
04-25 11:59:03.109 I/Gecko   (   84): 1398452343118	Marionette	INFO	sendToClient: {"from":"0","value":true}, {8d0ce611-812d-42e5-87f3-05cfacedcb63}, {8d0ce611-812d-42e5-87f3-05cfacedcb63}
04-25 11:59:03.109 I/Gecko   (   84): 1398452343124	Marionette	DEBUG	Got request: switchToFrame, data: {"to":"0","sessionId":"3-b2g","name":"switchToFrame","parameters":{"id":null,"focus":true}}, id: {803c1ef8-cf56-4199-9ac8-2d9d47ec1219}
04-25 11:59:03.119 I/Gecko   (   84): 1398452343128	Marionette	INFO	Switched to frame: {"frameValue":null}
04-25 11:59:03.239 I/Gecko   (   84): 1398452343247	Marionette	INFO	sendToClient: {"from":"0","ok":true}, {803c1ef8-cf56-4199-9ac8-2d9d47ec1219}, {803c1ef8-cf56-4199-9ac8-2d9d47ec1219}
04-25 11:59:03.319 I/Gonk    (   84): Setting nice for pid 930 to 18
04-25 11:59:03.319 I/Gonk    (   84): Changed nice for pid 930 from 0 to 18.
04-25 11:59:03.589 I/Gecko   (   84): [Parent 84] WARNING: waitpid failed pid:833 errno:10: file ../../../gecko/ipc/chromium/src/base/process_util_posix.cc, line 254
04-25 11:59:03.589 I/Gecko   (   84): [Parent 84] WARNING: Failed to deliver SIGKILL to 833!(3).: file ../../../gecko/ipc/chromium/src/chrome/common/process_watcher_posix_sigchld.cc, line 118
04-25 11:59:03.789 I/Gecko   (   84): 1398452343802	Marionette	DEBUG	Got request: executeWithCallback, data: {"to":"0","sessionId":"3-b2g","name":"executeAsyncScript","parameters":{"specialPowers":false,"scriptTimeout":60000,"newSandbox":true,"args":[],"filename":"app_checker.py","script":"\n        GaiaApps.locateWithManifestURL('https://marketplace.firefox.com/app/32c10425-f89e-4305-a311-fc356a6ac068/manifest.webapp',\n                                       null,\n                                       function uninstall(app) {\n                                       navigator.mozApps.mgmt.uninstall(app);\n                                       marionetteScriptFinished(true);\n                                       });\n        ","line":129}}, id: {694bd517-3ba1-4188-a573-7435d0772ab0}
04-25 11:59:03.849 I/Gecko   (   84): -- webapps.js uninstall https://marketplace.firefox.com/app/32c10425-f89e-4305-a311-fc356a6ac068/manifest.webapp
04-25 11:59:04.289 I/Gecko   (   84): 1398452344297	Marionette	INFO	sendToClient: {"from":"0","value":true}, {694bd517-3ba1-4188-a573-7435d0772ab0}, {694bd517-3ba1-4188-a573-7435d0772ab0}