--------- beginning of /dev/log/main
04-25 01:23:07.038 I/Gecko   (   84): 1398414187046	Marionette	INFO	sendToClient: {"from":"0","value":"<div><img src=\"blob:502306e6-ab72-41f4-96e1-fa0fe655e3cd\" style=\"visibility: visible;\" role=\"presentation\" height=\"64\" width=\"64\"><span class=\"labelWrapper\"><span>Art</span></span></div><span data-is-icon=\"true\" class=\"options\"></span>"}, {2b91771d-246a-420b-98c7-06479945be30}, {2b91771d-246a-420b-98c7-06479945be30}
04-25 01:23:07.048 I/Gecko   (   84): 1398414187057	Marionette	INFO	sendToClient: {"from":"0","value":"<div><img src=\"blob:b5ecdfa0-99e1-48c2-a8cb-bd52a987d0b5\" style=\"visibility: visible;\" role=\"presentation\" height=\"64\" width=\"64\"><span class=\"labelWrapper mask\"><span>Draw Nothing</span></span></div><span data-is-icon=\"true\" class=\"options\"></span>"}, {28361d26-8581-459d-8e1e-b0d942d70744}, {28361d26-8581-459d-8e1e-b0d942d70744}
04-25 01:23:07.068 I/Gecko   (   84): 1398414187075	Marionette	INFO	sendToClient: {"from":"0","value":"<div><img src=\"blob:2c56ef92-8726-4762-b69e-844e84641028\" style=\"visibility: visible;\" role=\"presentation\" height=\"64\" width=\"64\"><span class=\"labelWrapper\"><span>Phone</span></span></div>"}, {494a4cdb-52fe-419f-8c01-fb8f79c811c6}, {494a4cdb-52fe-419f-8c01-fb8f79c811c6}
04-25 01:23:07.078 I/Gecko   (   84): 1398414187085	Marionette	INFO	sendToClient: {"from":"0","value":"<div><img src=\"blob:bcaea8a6-d2a3-43f4-8d16-1a48ff275a63\" style=\"visibility: visible;\" role=\"presentation\" height=\"64\" width=\"64\"><span class=\"labelWrapper\"><span>Messages</span></span></div>"}, {81e0e4b2-3aa2-40c2-84ef-459f5956ef40}, {81e0e4b2-3aa2-40c2-84ef-459f5956ef40}
04-25 01:23:07.088 I/Gecko   (   84): 1398414187095	Marionette	INFO	sendToClient: {"from":"0","value":"<div><img src=\"blob:d265db7d-069e-4ff6-976d-ae933ccc3e99\" style=\"visibility: visible;\" role=\"presentation\" height=\"64\" width=\"64\"><span class=\"labelWrapper\"><span>Contacts</span></span></div>"}, {d88d0ac3-902c-4101-a91f-f85bb812cc65}, {d88d0ac3-902c-4101-a91f-f85bb812cc65}
04-25 01:23:07.098 I/Gecko   (   84): 1398414187106	Marionette	INFO	sendToClient: {"from":"0","value":"<div><img src=\"blob:4d05086b-a390-4b74-877f-4af9038aa588\" style=\"visibility: visible;\" role=\"presentation\" height=\"64\" width=\"64\"><span class=\"labelWrapper\"><span>Browser</span></span></div>"}, {1e0ef7a8-c644-491d-8c55-a72a1271075b}, {1e0ef7a8-c644-491d-8c55-a72a1271075b}
04-25 01:23:08.648 I/Gecko   (  849): ###################################### forms.js loaded
04-25 01:23:08.668 I/Gecko   (  849): ############################### browserElementPanning.js loaded
04-25 01:23:08.688 I/Gecko   (  849): ######################## BrowserElementChildPreload.js loaded
04-25 01:23:09.128 I/Gecko   (   84): 1398414189140	Marionette	INFO	sendToClient: {"from":"0","value":["{962e9e6e-a86f-4552-9bf4-26a216ba66e3}","{0aff9763-f651-401d-91b2-fc3b1d66ee9f}","{4e198030-d313-4b51-96a3-c70b4b6408d2}","{7fbd3ba1-871f-4f90-8e2f-77cab810877f}","{f60fed87-7ae7-4fd0-aee9-ed4a264ac983}","{4a8c7ba7-84d8-4fb7-88da-114733df9b1d}","{c19446f9-725a-4629-a1c8-2cea8dd4e2c0}","{d3001d3f-a859-478f-9b04-065a89af3118}","{1b276af5-4d54-4663-aa13-542fd189855d}","{1d7c1035-6331-4139-a47f-0e4bfad154d0}","{563d3896-e9bd-437f-8719-b6acb0e64b4f}","{02728859-6103-4eca-af53-61eb7a73f891}","{74a43272-11a3-429a-9995-d71c7aa91ef0}","{39d959a5-a0af-4fd4-b8ae-7bddbd2973bc}","{7d932696-97fd-40c7-8424-22b98bb7bf53}","{b3abbb67-7b57-47de-94e0-d7a6994f312c}","{f942fd50-089a-4515-b168-c057325297dc}","{aedb7705-07c6-4667-9ca5-f04748088501}","{470ecb31-39b7-419d-b887-ab4abefe2f83}","{4b9cc83a-3d92-4ea6-8eb7-accf0b055305}","{49bf55ca-890c-4f6e-91ae-9d9763119b71}","{140dfba1-be80-426c-908f-dd65eea54e8c}","{d216384f-61bf-48a9-b743-b13e2d9741fe}","{98328eb6-8056
04-25 01:23:09.158 I/Gecko   (   84): 1398414189166	Marionette	INFO	sendToClient: {"from":"0","value":"<div><img src=\"blob:a7fba3ce-be44-4589-8f5f-201de05eb8e6\" style=\"visibility: visible;\" role=\"presentation\" height=\"64\" width=\"64\"><span class=\"labelWrapper\"><span>Social</span></span></div><span data-is-icon=\"true\" class=\"options\"></span>"}, {508b2997-4739-498b-ae81-03bc5a71dcb9}, {508b2997-4739-498b-ae81-03bc5a71dcb9}
04-25 01:23:09.178 I/Gecko   (   84): 1398414189190	Marionette	INFO	sendToClient: {"from":"0","value":"<div><img src=\"blob:ec23213f-4a9b-460b-a98b-3a39417dae78\" style=\"visibility: visible;\" role=\"presentation\" height=\"64\" width=\"64\"><span class=\"labelWrapper\"><span>Games</span></span></div><span data-is-icon=\"true\" class=\"options\"></span>"}, {42b2b14f-837b-47f2-8f74-6c8109dab1d9}, {42b2b14f-837b-47f2-8f74-6c8109dab1d9}
04-25 01:23:09.188 I/Gecko   (   84): 1398414189203	Marionette	INFO	sendToClient: {"from":"0","value":"<div><img src=\"blob:51bfd2bf-5ccc-4c5a-b8de-8ba2f4b2fa4f\" style=\"visibility: visible;\" role=\"presentation\" height=\"64\" width=\"64\"><span class=\"labelWrapper\"><span>Music</span></span></div><span data-is-icon=\"true\" class=\"options\"></span>"}, {dbe3c28a-9206-4e6e-96ad-bca8fb9d5cdf}, {dbe3c28a-9206-4e6e-96ad-bca8fb9d5cdf}
04-25 01:23:09.208 I/Gecko   (   84): 1398414189214	Marionette	INFO	sendToClient: {"from":"0","value":"<div><img src=\"blob:51c39e11-7ac9-4021-a7b6-058915986f12\" style=\"visibility: visible;\" role=\"presentation\" height=\"64\" width=\"64\"><span class=\"labelWrapper\"><span>Showbiz</span></span></div><span data-is-icon=\"true\" class=\"options\"></span>"}, {ea14a385-31c7-48e6-a88f-05ebb950ba88}, {ea14a385-31c7-48e6-a88f-05ebb950ba88}
04-25 01:23:09.218 I/Gecko   (   84): 1398414189225	Marionette	INFO	sendToClient: {"from":"0","value":"<div><img src=\"blob:613669e8-1b02-4d72-9deb-1062d440513a\" style=\"visibility: visible;\" role=\"presentation\" height=\"64\" width=\"64\"><span class=\"labelWrapper\"><span>Camera</span></span></div>"}, {e53fdf18-cd1a-4f17-b132-43f7d5755b7b}, {e53fdf18-cd1a-4f17-b132-43f7d5755b7b}
04-25 01:23:09.228 I/Gecko   (   84): 1398414189235	Marionette	INFO	sendToClient: {"from":"0","value":"<div><img src=\"blob:fd1cccc2-a810-4ba8-8f38-c56dc517638c\" style=\"visibility: visible;\" role=\"presentation\" height=\"64\" width=\"64\"><span class=\"labelWrapper\"><span>Gallery</span></span></div>"}, {5fdd5953-b36c-46c5-8126-138454168f20}, {5fdd5953-b36c-46c5-8126-138454168f20}
04-25 01:23:09.238 I/Gecko   (   84): 1398414189246	Marionette	INFO	sendToClient: {"from":"0","value":"<div><img src=\"blob:6fc89dbb-58a1-4bff-96f4-1f5c720bfc36\" style=\"visibility: visible;\" role=\"presentation\" height=\"64\" width=\"64\"><span class=\"labelWrapper\"><span>FM Radio</span></span></div>"}, {01951a4e-7406-4888-8ab7-3991474d3d6f}, {01951a4e-7406-4888-8ab7-3991474d3d6f}
04-25 01:23:09.248 I/Gecko   (   84): 1398414189256	Marionette	INFO	sendToClient: {"from":"0","value":"<div><img src=\"blob:ce07f1be-442d-41d7-b624-261ef44d7faf\" style=\"visibility: visible;\" role=\"presentation\" height=\"64\" width=\"64\"><span class=\"labelWrapper\"><span>Settings</span></span></div>"}, {3875f1b4-41d1-4431-8474-3ea9cb4b4c41}, {3875f1b4-41d1-4431-8474-3ea9cb4b4c41}
04-25 01:23:09.258 I/Gecko   (   84): 1398414189266	Marionette	INFO	sendToClient: {"from":"0","value":"<div><img src=\"blob:1b8326b3-c5fd-4da4-b755-aa4f5b5a2af2\" style=\"visibility: visible;\" role=\"presentation\" height=\"64\" width=\"64\"><span class=\"labelWrapper\"><span>Marketplace</span></span></div>"}, {651c6f1c-e0d8-44a5-9c3f-df6dcbd5ac84}, {651c6f1c-e0d8-44a5-9c3f-df6dcbd5ac84}
04-25 01:23:09.268 I/Gecko   (   84): 1398414189277	Marionette	INFO	sendToClient: {"from":"0","value":"<div><img src=\"blob:53ab04e1-30ca-4f03-b9ea-c3e2c1eddbf1\" style=\"visibility: visible;\" role=\"presentation\" height=\"64\" width=\"64\"><span class=\"labelWrapper\"><span>Calendar</span></span></div>"}, {16a809fb-63e5-4d36-8517-fbe46c9012d0}, {16a809fb-63e5-4d36-8517-fbe46c9012d0}
04-25 01:23:09.278 I/Gecko   (   84): 1398414189289	Marionette	INFO	sendToClient: {"from":"0","value":"<div><img src=\"blob:16a79d5f-da2c-4540-8517-fe99201099b5\" style=\"visibility: visible;\" role=\"presentation\" height=\"64\" width=\"64\"><span class=\"labelWrapper\"><span>Clock</span></span></div>"}, {eeb450ca-edb7-48c2-88ac-cec0638e12f5}, {eeb450ca-edb7-48c2-88ac-cec0638e12f5}
04-25 01:23:09.288 I/Gecko   (   84): 1398414189303	Marionette	INFO	sendToClient: {"from":"0","value":"<div><img src=\"blob:f4798b83-202a-4219-9c8a-4e7de45a734b\" style=\"visibility: visible;\" role=\"presentation\" height=\"64\" width=\"64\"><span class=\"labelWrapper\"><span>Usage</span></span></div>"}, {f9250f27-1395-4dc0-be5e-b48add9e9127}, {f9250f27-1395-4dc0-be5e-b48add9e9127}
04-25 01:23:09.298 I/Gecko   (   84): 1398414189314	Marionette	INFO	sendToClient: {"from":"0","value":"<div><img src=\"blob:63c7a39d-e66c-45b6-bc17-6c5f12d19973\" style=\"visibility: visible;\" role=\"presentation\" height=\"64\" width=\"64\"><span class=\"labelWrapper\"><span>E-Mail</span></span></div>"}, {1b252d49-95b3-4aff-9b7b-aa1c9158c5c8}, {1b252d49-95b3-4aff-9b7b-aa1c9158c5c8}
04-25 01:23:09.308 I/Gecko   (   84): 1398414189324	Marionette	INFO	sendToClient: {"from":"0","value":"<div><img src=\"blob:9d95e767-a0d0-432f-bacb-cdb684d81dfb\" style=\"visibility: visible;\" role=\"presentation\" height=\"64\" width=\"64\"><span class=\"labelWrapper\"><span>Music</span></span></div>"}, {9140d035-44d0-4b79-bb24-5f1e4883ab24}, {9140d035-44d0-4b79-bb24-5f1e4883ab24}
04-25 01:23:09.318 I/Gecko   (   84): 1398414189334	Marionette	INFO	sendToClient: {"from":"0","value":"<div><img src=\"blob:2cfb1f6f-e0fe-4864-976f-9128a84ca7ed\" style=\"visibility: visible;\" role=\"presentation\" height=\"64\" width=\"64\"><span class=\"labelWrapper\"><span>Video</span></span></div>"}, {a8321d13-4734-419e-921c-b24207e9c496}, {a8321d13-4734-419e-921c-b24207e9c496}
04-25 01:23:09.338 I/Gecko   (   84): 1398414189345	Marionette	INFO	sendToClient: {"from":"0","value":"<div><img src=\"blob:a682d416-07de-41e1-8acd-4a3796ac03e9\" style=\"visibility: visible;\" role=\"presentation\" height=\"64\" width=\"64\"><span class=\"labelWrapper\"><span>ConnectA2</span></span></div><span data-is-icon=\"true\" class=\"options\"></span>"}, {28f4bf1a-19b6-4fe2-91b0-0c91dd0b8d80}, {28f4bf1a-19b6-4fe2-91b0-0c91dd0b8d80}
04-25 01:23:09.348 I/Gecko   (   84): 1398414189356	Marionette	INFO	sendToClient: {"from":"0","value":"<div><img src=\"blob:94c4d573-8d3c-4459-9ecf-6127dd2729e2\" style=\"visibility: visible;\" role=\"presentation\" height=\"64\" width=\"64\"><span class=\"labelWrapper\"><span>Word Wars</span></span></div><span data-is-icon=\"true\" class=\"options\"></span>"}, {58034b6d-e779-497c-9a0b-1b4662f34306}, {58034b6d-e779-497c-9a0b-1b4662f34306}
04-25 01:23:09.358 I/Gecko   (   84): 1398414189367	Marionette	INFO	sendToClient: {"from":"0","value":"<div><img src=\"blob:fb4ea6f7-fca7-4b71-93bb-b403a6904fd3\" style=\"visibility: visible;\" role=\"presentation\" height=\"64\" width=\"64\"><span class=\"labelWrapper\"><span>Rormix</span></span></div><span data-is-icon=\"true\" class=\"options\"></span>"}, {589b6097-2e3e-423e-980f-b7fc98b6c081}, {589b6097-2e3e-423e-980f-b7fc98b6c081}
04-25 01:23:09.368 I/Gecko   (   84): 1398414189377	Marionette	INFO	sendToClient: {"from":"0","value":"<div><img src=\"blob:87339729-2cfe-4e7f-ac5b-75ede5e3fd3d\" style=\"visibility: visible;\" role=\"presentation\" height=\"64\" width=\"64\"><span class=\"labelWrapper\"><span>Cheer Up!</span></span></div><span data-is-icon=\"true\" class=\"options\"></span>"}, {54bd988b-3f62-44e8-889e-37f697c36bd1}, {54bd988b-3f62-44e8-889e-37f697c36bd1}
04-25 01:23:09.378 I/Gecko   (   84): 1398414189390	Marionette	INFO	sendToClient: {"from":"0","value":"<div><img src=\"blob:43d6db3b-3b6e-41f0-89b2-13c1818fb9f0\" style=\"visibility: visible;\" role=\"presentation\" height=\"64\" width=\"64\"><span class=\"labelWrapper mask\"><span>Duck Sounds</span></span></div><span data-is-icon=\"true\" class=\"options\"></span>"}, {6d11faea-902f-4e87-801c-0e23dd5ae892}, {6d11faea-902f-4e87-801c-0e23dd5ae892}
04-25 01:23:09.398 I/Gecko   (   84): 1398414189407	Marionette	INFO	sendToClient: {"from":"0","value":"<div><img src=\"blob:1e9fb8ad-e017-466e-93a2-6ed21331b942\" style=\"visibility: visible;\" role=\"presentation\" height=\"64\" width=\"64\"><span class=\"labelWrapper mask\"><span>Alarm Sounds</span></span></div><span data-is-icon=\"true\" class=\"options\"></span>"}, {27586a30-e361-4ce0-83be-247cd1e4ff9b}, {27586a30-e361-4ce0-83be-247cd1e4ff9b}
04-25 01:23:09.408 I/Gecko   (   84): 1398414189418	Marionette	INFO	sendToClient: {"from":"0","value":"<div><img src=\"blob:502306e6-ab72-41f4-96e1-fa0fe655e3cd\" style=\"visibility: visible;\" role=\"presentation\" height=\"64\" width=\"64\"><span class=\"labelWrapper\"><span>Art</span></span></div><span data-is-icon=\"true\" class=\"options\"></span>"}, {8cbb613c-0a99-4a6d-9833-081e000a9cc8}, {8cbb613c-0a99-4a6d-9833-081e000a9cc8}
04-25 01:23:09.418 I/Gecko   (   84): 1398414189428	Marionette	INFO	sendToClient: {"from":"0","value":"<div><img src=\"blob:b5ecdfa0-99e1-48c2-a8cb-bd52a987d0b5\" style=\"visibility: visible;\" role=\"presentation\" height=\"64\" width=\"64\"><span class=\"labelWrapper mask\"><span>Draw Nothing</span></span></div><span data-is-icon=\"true\" class=\"options\"></span>"}, {e08e2cc6-ddf4-4af9-b2d4-059a5477c2d5}, {e08e2cc6-ddf4-4af9-b2d4-059a5477c2d5}
04-25 01:23:09.428 I/Gecko   (   84): 1398414189440	Marionette	INFO	sendToClient: {"from":"0","value":"<div><img src=\"blob:2c56ef92-8726-4762-b69e-844e84641028\" style=\"visibility: visible;\" role=\"presentation\" height=\"64\" width=\"64\"><span class=\"labelWrapper\"><span>Phone</span></span></div>"}, {c4c8955e-948a-40fd-a67e-2bf5f8677aac}, {c4c8955e-948a-40fd-a67e-2bf5f8677aac}
04-25 01:23:09.438 I/Gecko   (   84): 1398414189450	Marionette	INFO	sendToClient: {"from":"0","value":"<div><img src=\"blob:bcaea8a6-d2a3-43f4-8d16-1a48ff275a63\" style=\"visibility: visible;\" role=\"presentation\" height=\"64\" width=\"64\"><span class=\"labelWrapper\"><span>Messages</span></span></div>"}, {05aae838-95af-4395-9ed1-1af2af9da75e}, {05aae838-95af-4395-9ed1-1af2af9da75e}
04-25 01:23:09.448 I/Gecko   (   84): 1398414189460	Marionette	INFO	sendToClient: {"from":"0","value":"<div><img src=\"blob:d265db7d-069e-4ff6-976d-ae933ccc3e99\" style=\"visibility: visible;\" role=\"presentation\" height=\"64\" width=\"64\"><span class=\"labelWrapper\"><span>Contacts</span></span></div>"}, {576a78d1-cde9-46ef-bd0e-e6241026a64c}, {576a78d1-cde9-46ef-bd0e-e6241026a64c}
04-25 01:23:09.458 I/Gecko   (   84): 1398414189471	Marionette	INFO	sendToClient: {"from":"0","value":"<div><img src=\"blob:4d05086b-a390-4b74-877f-4af9038aa588\" style=\"visibility: visible;\" role=\"presentation\" height=\"64\" width=\"64\"><span class=\"labelWrapper\"><span>Browser</span></span></div>"}, {47c7d9a9-5db3-475f-a625-d45b02eb3740}, {47c7d9a9-5db3-475f-a625-d45b02eb3740}
04-25 01:23:11.348 W/WifiHW  (   84): wifi_command: SIGNAL_POLL
04-25 01:23:11.638 I/Gecko   (   84): 1398414191649	Marionette	INFO	sendToClient: {"from":"0","value":["{962e9e6e-a86f-4552-9bf4-26a216ba66e3}","{0aff9763-f651-401d-91b2-fc3b1d66ee9f}","{4e198030-d313-4b51-96a3-c70b4b6408d2}","{7fbd3ba1-871f-4f90-8e2f-77cab810877f}","{f60fed87-7ae7-4fd0-aee9-ed4a264ac983}","{4a8c7ba7-84d8-4fb7-88da-114733df9b1d}","{c19446f9-725a-4629-a1c8-2cea8dd4e2c0}","{d3001d3f-a859-478f-9b04-065a89af3118}","{1b276af5-4d54-4663-aa13-542fd189855d}","{1d7c1035-6331-4139-a47f-0e4bfad154d0}","{563d3896-e9bd-437f-8719-b6acb0e64b4f}","{02728859-6103-4eca-af53-61eb7a73f891}","{74a43272-11a3-429a-9995-d71c7aa91ef0}","{39d959a5-a0af-4fd4-b8ae-7bddbd2973bc}","{7d932696-97fd-40c7-8424-22b98bb7bf53}","{b3abbb67-7b57-47de-94e0-d7a6994f312c}","{f942fd50-089a-4515-b168-c057325297dc}","{aedb7705-07c6-4667-9ca5-f04748088501}","{470ecb31-39b7-419d-b887-ab4abefe2f83}","{4b9cc83a-3d92-4ea6-8eb7-accf0b055305}","{49bf55ca-890c-4f6e-91ae-9d9763119b71}","{140dfba1-be80-426c-908f-dd65eea54e8c}","{d216384f-61bf-48a9-b743-b13e2d9741fe}","{98328eb6-8056
04-25 01:23:11.668 I/Gecko   (   84): 1398414191679	Marionette	INFO	sendToClient: {"from":"0","value":"<div><img src=\"blob:a7fba3ce-be44-4589-8f5f-201de05eb8e6\" style=\"visibility: visible;\" role=\"presentation\" height=\"64\" width=\"64\"><span class=\"labelWrapper\"><span>Social</span></span></div><span data-is-icon=\"true\" class=\"options\"></span>"}, {55cedc60-a3ff-4304-b67e-76736bba4890}, {55cedc60-a3ff-4304-b67e-76736bba4890}
04-25 01:23:11.688 I/Gecko   (   84): 1398414191695	Marionette	INFO	sendToClient: {"from":"0","value":"<div><img src=\"blob:ec23213f-4a9b-460b-a98b-3a39417dae78\" style=\"visibility: visible;\" role=\"presentation\" height=\"64\" width=\"64\"><span class=\"labelWrapper\"><span>Games</span></span></div><span data-is-icon=\"true\" class=\"options\"></span>"}, {f2b0fde3-127b-4f8d-a287-6e23e9e693d9}, {f2b0fde3-127b-4f8d-a287-6e23e9e693d9}
04-25 01:23:11.948 I/Gecko   (   84): 1398414191955	Marionette	INFO	sendToClient: {"from":"0","value":"<div><img src=\"blob:51bfd2bf-5ccc-4c5a-b8de-8ba2f4b2fa4f\" style=\"visibility: visible;\" role=\"presentation\" height=\"64\" width=\"64\"><span class=\"labelWrapper\"><span>Music</span></span></div><span data-is-icon=\"true\" class=\"options\"></span>"}, {24035f26-a7f4-470d-89bc-81cd38097cc1}, {24035f26-a7f4-470d-89bc-81cd38097cc1}
04-25 01:23:12.328 I/Gecko   (   84): 1398414192336	Marionette	INFO	sendToClient: {"from":"0","value":"<div><img src=\"blob:51c39e11-7ac9-4021-a7b6-058915986f12\" style=\"visibility: visible;\" role=\"presentation\" height=\"64\" width=\"64\"><span class=\"labelWrapper\"><span>Showbiz</span></span></div><span data-is-icon=\"true\" class=\"options\"></span>"}, {293065d8-04ff-4211-b40f-06ccd67be4c7}, {293065d8-04ff-4211-b40f-06ccd67be4c7}
04-25 01:23:12.358 I/Gecko   (   84): 1398414192367	Marionette	INFO	sendToClient: {"from":"0","value":"<div><img src=\"blob:613669e8-1b02-4d72-9deb-1062d440513a\" style=\"visibility: visible;\" role=\"presentation\" height=\"64\" width=\"64\"><span class=\"labelWrapper\"><span>Camera</span></span></div>"}, {e949b3c5-b853-4dcc-b1eb-4301cd5def78}, {e949b3c5-b853-4dcc-b1eb-4301cd5def78}
04-25 01:23:12.378 I/Gecko   (   84): 1398414192386	Marionette	INFO	sendToClient: {"from":"0","value":"<div><img src=\"blob:fd1cccc2-a810-4ba8-8f38-c56dc517638c\" style=\"visibility: visible;\" role=\"presentation\" height=\"64\" width=\"64\"><span class=\"labelWrapper\"><span>Gallery</span></span></div>"}, {7a2a5353-9099-4e33-b5ed-c4473e368fa0}, {7a2a5353-9099-4e33-b5ed-c4473e368fa0}
04-25 01:23:12.398 I/Gecko   (   84): 1398414192407	Marionette	INFO	sendToClient: {"from":"0","value":"<div><img src=\"blob:6fc89dbb-58a1-4bff-96f4-1f5c720bfc36\" style=\"visibility: visible;\" role=\"presentation\" height=\"64\" width=\"64\"><span class=\"labelWrapper\"><span>FM Radio</span></span></div>"}, {3f1fe421-3fd8-4626-8295-d69b6e35139f}, {3f1fe421-3fd8-4626-8295-d69b6e35139f}
04-25 01:23:12.458 I/Gecko   (   84): 1398414192469	Marionette	INFO	sendToClient: {"from":"0","value":"<div><img src=\"blob:ce07f1be-442d-41d7-b624-261ef44d7faf\" style=\"visibility: visible;\" role=\"presentation\" height=\"64\" width=\"64\"><span class=\"labelWrapper\"><span>Settings</span></span></div>"}, {8e6794b9-73ce-4fb9-b5e7-3bfaa3488a6a}, {8e6794b9-73ce-4fb9-b5e7-3bfaa3488a6a}
04-25 01:23:12.468 I/Gecko   (   84): 1398414192481	Marionette	INFO	sendToClient: {"from":"0","value":"<div><img src=\"blob:1b8326b3-c5fd-4da4-b755-aa4f5b5a2af2\" style=\"visibility: visible;\" role=\"presentation\" height=\"64\" width=\"64\"><span class=\"labelWrapper\"><span>Marketplace</span></span></div>"}, {eebf9df5-4638-4e33-8f9e-0defe4e8521c}, {eebf9df5-4638-4e33-8f9e-0defe4e8521c}
04-25 01:23:12.478 I/Gecko   (   84): 1398414192493	Marionette	INFO	sendToClient: {"from":"0","value":"<div><img src=\"blob:53ab04e1-30ca-4f03-b9ea-c3e2c1eddbf1\" style=\"visibility: visible;\" role=\"presentation\" height=\"64\" width=\"64\"><span class=\"labelWrapper\"><span>Calendar</span></span></div>"}, {2be09429-d6d9-4b3f-b60d-31fed9832946}, {2be09429-d6d9-4b3f-b60d-31fed9832946}
04-25 01:23:12.498 I/Gecko   (   84): 1398414192507	Marionette	INFO	sendToClient: {"from":"0","value":"<div><img src=\"blob:16a79d5f-da2c-4540-8517-fe99201099b5\" style=\"visibility: visible;\" role=\"presentation\" height=\"64\" width=\"64\"><span class=\"labelWrapper\"><span>Clock</span></span></div>"}, {d2f8fcf6-4700-4a52-96fe-9ff5d41ecfdf}, {d2f8fcf6-4700-4a52-96fe-9ff5d41ecfdf}
04-25 01:23:12.508 I/Gecko   (   84): 1398414192519	Marionette	INFO	sendToClient: {"from":"0","value":"<div><img src=\"blob:f4798b83-202a-4219-9c8a-4e7de45a734b\" style=\"visibility: visible;\" role=\"presentation\" height=\"64\" width=\"64\"><span class=\"labelWrapper\"><span>Usage</span></span></div>"}, {6f6f13c8-6b76-459f-aed6-682f1d6adb00}, {6f6f13c8-6b76-459f-aed6-682f1d6adb00}
04-25 01:23:12.518 I/Gecko   (   84): 1398414192530	Marionette	INFO	sendToClient: {"from":"0","value":"<div><img src=\"blob:63c7a39d-e66c-45b6-bc17-6c5f12d19973\" style=\"visibility: visible;\" role=\"presentation\" height=\"64\" width=\"64\"><span class=\"labelWrapper\"><span>E-Mail</span></span></div>"}, {d95dcc04-8c34-441b-8925-663e7bba10c4}, {d95dcc04-8c34-441b-8925-663e7bba10c4}
04-25 01:23:12.528 I/Gecko   (   84): 1398414192540	Marionette	INFO	sendToClient: {"from":"0","value":"<div><img src=\"blob:9d95e767-a0d0-432f-bacb-cdb684d81dfb\" style=\"visibility: visible;\" role=\"presentation\" height=\"64\" width=\"64\"><span class=\"labelWrapper\"><span>Music</span></span></div>"}, {5d152783-f40c-48f3-943b-37e1442b1037}, {5d152783-f40c-48f3-943b-37e1442b1037}
04-25 01:23:12.538 I/Gecko   (   84): 1398414192550	Marionette	INFO	sendToClient: {"from":"0","value":"<div><img src=\"blob:2cfb1f6f-e0fe-4864-976f-9128a84ca7ed\" style=\"visibility: visible;\" role=\"presentation\" height=\"64\" width=\"64\"><span class=\"labelWrapper\"><span>Video</span></span></div>"}, {7e21ae7d-c718-406b-88a3-e947a4385605}, {7e21ae7d-c718-406b-88a3-e947a4385605}
04-25 01:23:12.608 I/Gecko   (   84): 1398414192614	Marionette	INFO	sendToClient: {"from":"0","value":"<div><img src=\"blob:a682d416-07de-41e1-8acd-4a3796ac03e9\" style=\"visibility: visible;\" role=\"presentation\" height=\"64\" width=\"64\"><span class=\"labelWrapper\"><span>ConnectA2</span></span></div><span data-is-icon=\"true\" class=\"options\"></span>"}, {78e9336d-6d6e-4421-bd6c-3047879e3eba}, {78e9336d-6d6e-4421-bd6c-3047879e3eba}
04-25 01:23:12.618 I/Gecko   (   84): 1398414192626	Marionette	INFO	sendToClient: {"from":"0","value":"<div><img src=\"blob:94c4d573-8d3c-4459-9ecf-6127dd2729e2\" style=\"visibility: visible;\" role=\"presentation\" height=\"64\" width=\"64\"><span class=\"labelWrapper\"><span>Word Wars</span></span></div><span data-is-icon=\"true\" class=\"options\"></span>"}, {21c0ce87-0300-43bc-927d-dfcacb54a472}, {21c0ce87-0300-43bc-927d-dfcacb54a472}
04-25 01:23:12.628 I/Gecko   (   84): 1398414192637	Marionette	INFO	sendToClient: {"from":"0","value":"<div><img src=\"blob:fb4ea6f7-fca7-4b71-93bb-b403a6904fd3\" style=\"visibility: visible;\" role=\"presentation\" height=\"64\" width=\"64\"><span class=\"labelWrapper\"><span>Rormix</span></span></div><span data-is-icon=\"true\" class=\"options\"></span>"}, {d42dcee8-2776-445f-a045-48af0d3927d0}, {d42dcee8-2776-445f-a045-48af0d3927d0}
04-25 01:23:12.638 I/Gecko   (   84): 1398414192648	Marionette	INFO	sendToClient: {"from":"0","value":"<div><img src=\"blob:87339729-2cfe-4e7f-ac5b-75ede5e3fd3d\" style=\"visibility: visible;\" role=\"presentation\" height=\"64\" width=\"64\"><span class=\"labelWrapper\"><span>Cheer Up!</span></span></div><span data-is-icon=\"true\" class=\"options\"></span>"}, {c332d028-a1f2-44e4-b437-3565edf3df3a}, {c332d028-a1f2-44e4-b437-3565edf3df3a}
04-25 01:23:12.648 I/Gecko   (   84): 1398414192659	Marionette	INFO	sendToClient: {"from":"0","value":"<div><img src=\"blob:43d6db3b-3b6e-41f0-89b2-13c1818fb9f0\" style=\"visibility: visible;\" role=\"presentation\" height=\"64\" width=\"64\"><span class=\"labelWrapper mask\"><span>Duck Sounds</span></span></div><span data-is-icon=\"true\" class=\"options\"></span>"}, {62cb7b12-bd52-4136-88fa-b5be688626dc}, {62cb7b12-bd52-4136-88fa-b5be688626dc}
04-25 01:23:12.658 I/Gecko   (   84): 1398414192671	Marionette	INFO	sendToClient: {"from":"0","value":"<div><img src=\"blob:1e9fb8ad-e017-466e-93a2-6ed21331b942\" style=\"visibility: visible;\" role=\"presentation\" height=\"64\" width=\"64\"><span class=\"labelWrapper mask\"><span>Alarm Sounds</span></span></div><span data-is-icon=\"true\" class=\"options\"></span>"}, {7da6dd28-3c9d-48cd-ae57-1b8f32437b4a}, {7da6dd28-3c9d-48cd-ae57-1b8f32437b4a}
04-25 01:23:12.668 I/Gecko   (   84): 1398414192683	Marionette	INFO	sendToClient: {"from":"0","value":"<div><img src=\"blob:502306e6-ab72-41f4-96e1-fa0fe655e3cd\" style=\"visibility: visible;\" role=\"presentation\" height=\"64\" width=\"64\"><span class=\"labelWrapper\"><span>Art</span></span></div><span data-is-icon=\"true\" class=\"options\"></span>"}, {3928810a-c1a2-4bf7-9be7-ce27d7bcae12}, {3928810a-c1a2-4bf7-9be7-ce27d7bcae12}
04-25 01:23:12.678 I/Gecko   (   84): 1398414192693	Marionette	INFO	sendToClient: {"from":"0","value":"<div><img src=\"blob:b5ecdfa0-99e1-48c2-a8cb-bd52a987d0b5\" style=\"visibility: visible;\" role=\"presentation\" height=\"64\" width=\"64\"><span class=\"labelWrapper mask\"><span>Draw Nothing</span></span></div><span data-is-icon=\"true\" class=\"options\"></span>"}, {d68f10d6-4c35-4d76-95a6-6c28bc49c6a5}, {d68f10d6-4c35-4d76-95a6-6c28bc49c6a5}
04-25 01:23:12.688 I/Gecko   (   84): 1398414192703	Marionette	INFO	sendToClient: {"from":"0","value":"<div><img src=\"blob:2c56ef92-8726-4762-b69e-844e84641028\" style=\"visibility: visible;\" role=\"presentation\" height=\"64\" width=\"64\"><span class=\"labelWrapper\"><span>Phone</span></span></div>"}, {324e36ad-c2cc-4c16-b78d-d50cfd9cf29a}, {324e36ad-c2cc-4c16-b78d-d50cfd9cf29a}
04-25 01:23:12.708 I/Gecko   (   84): 1398414192714	Marionette	INFO	sendToClient: {"from":"0","value":"<div><img src=\"blob:bcaea8a6-d2a3-43f4-8d16-1a48ff275a63\" style=\"visibility: visible;\" role=\"presentation\" height=\"64\" width=\"64\"><span class=\"labelWrapper\"><span>Messages</span></span></div>"}, {7426c91f-9955-4098-b067-b25701d6f69b}, {7426c91f-9955-4098-b067-b25701d6f69b}
04-25 01:23:12.768 I/Gecko   (   84): 1398414192777	Marionette	INFO	sendToClient: {"from":"0","value":"<div><img src=\"blob:d265db7d-069e-4ff6-976d-ae933ccc3e99\" style=\"visibility: visible;\" role=\"presentation\" height=\"64\" width=\"64\"><span class=\"labelWrapper\"><span>Contacts</span></span></div>"}, {75570b93-c877-44f8-91d0-12d6454abefc}, {75570b93-c877-44f8-91d0-12d6454abefc}
04-25 01:23:12.778 I/Gecko   (   84): 1398414192787	Marionette	INFO	sendToClient: {"from":"0","value":"<div><img src=\"blob:4d05086b-a390-4b74-877f-4af9038aa588\" style=\"visibility: visible;\" role=\"presentation\" height=\"64\" width=\"64\"><span class=\"labelWrapper\"><span>Browser</span></span></div>"}, {8bf78f64-4960-42ef-b0f5-40f46c286ffc}, {8bf78f64-4960-42ef-b0f5-40f46c286ffc}
04-25 01:23:12.788 I/Gecko   (   84): 1398414192802	Marionette	INFO	sendToClient: {"from":"0","value":"app://homescreen.gaiamobile.org/index.html#root"}, {fa5c4bbf-edd5-43df-b65e-8a08245df851}, {fa5c4bbf-edd5-43df-b65e-8a08245df851}
04-25 01:23:12.798 I/Gecko   (   84): 1398414192809	Marionette	DEBUG	Got request: switchToFrame, data: {"to":"0","sessionId":"3-b2g","name":"switchToFrame","parameters":{"id":null,"focus":true}}, id: {fc47c457-e3aa-483c-aa50-8040d549586c}
04-25 01:23:12.818 I/Gecko   (   84): 1398414192833	Marionette	INFO	Switched to frame: {"frameValue":null}
04-25 01:23:12.938 I/Gecko   (   84): 1398414192947	Marionette	INFO	sendToClient: {"from":"0","ok":true}, {fc47c457-e3aa-483c-aa50-8040d549586c}, {fc47c457-e3aa-483c-aa50-8040d549586c}
04-25 01:23:12.948 I/Gecko   (   84): 1398414192954	Marionette	DEBUG	Got request: switchToFrame, data: {"to":"0","sessionId":"3-b2g","name":"switchToFrame","parameters":{"id":null,"focus":true}}, id: {4fc6d065-7548-41d1-991a-ea2a95f4c020}
04-25 01:23:12.948 I/Gecko   (   84): 1398414192956	Marionette	INFO	Switched to frame: {"frameValue":null}
04-25 01:23:13.068 I/Gecko   (   84): 1398414193080	Marionette	INFO	sendToClient: {"from":"0","ok":true}, {4fc6d065-7548-41d1-991a-ea2a95f4c020}, {4fc6d065-7548-41d1-991a-ea2a95f4c020}
04-25 01:23:13.078 I/Gecko   (   84): 1398414193087	Marionette	DEBUG	Got request: executeWithCallback, data: {"to":"0","sessionId":"3-b2g","name":"executeAsyncScript","parameters":{"specialPowers":false,"scriptTimeout":30000,"newSandbox":true,"args":[],"filename":"app_checker.py","script":"GaiaApps.launchWithManifestURL('http://drawnothing.ngokevin.com/draw_nothing.webapp')","line":106}}, id: {6fc57566-2438-434a-9147-c7c729c44f8e}
04-25 01:23:13.468 I/Gonk    (   84): Setting nice for pid 849 to 18
04-25 01:23:13.468 I/Gonk    (   84): Changed nice for pid 849 from 18 to 18.
04-25 01:23:13.468 I/Gecko   (   84): [Parent 84] WARNING: waitpid failed pid:849 errno:10: file ../../../gecko/ipc/chromium/src/base/process_util_posix.cc, line 254
04-25 01:23:13.478 I/Gonk    (   84): Setting nice for pid 849 to 1
04-25 01:23:13.478 I/Gonk    (   84): Changed nice for pid 849 from 18 to 1.
04-25 01:23:13.498 E/GeckoConsole(   84): Content JS LOG at dummy file:334 in GaiaApps.launch: launching app with name 'Draw Nothing'
04-25 01:23:13.748 E/[Gralloc-ERROR](   84): int gralloc_register_buffer(const gralloc_module_t*, const native_handle_t*):79 Unable to register handle 0x433ec510 coming from different process: 84
04-25 01:23:13.768 E/[Gralloc-ERROR](   84): int gralloc_register_buffer(const gralloc_module_t*, const native_handle_t*):79 Unable to register handle 0x433ec5b0 coming from different process: 84
04-25 01:23:13.778 E/[Gralloc-ERROR](   84): int gralloc_register_buffer(const gralloc_module_t*, const native_handle_t*):79 Unable to register handle 0x433ec650 coming from different process: 84
04-25 01:23:13.778 E/[Gralloc-ERROR](   84): int gralloc_register_buffer(const gralloc_module_t*, const native_handle_t*):79 Unable to register handle 0x433ec880 coming from different process: 84
04-25 01:23:13.848 D/Sensors (   84): activate handle=0; drv=0
04-25 01:23:13.858 D/Sensors (   84): Lis3dhSensor: Control set 1
04-25 01:23:13.858 D/Sensors (   84): Lis3dhSensor: mEnabled = 1
04-25 01:23:14.038 I/Gonk    (   84): Setting nice for pid 818 to 18
04-25 01:23:14.038 I/Gonk    (   84): Changed nice for pid 818 from 1 to 18.
04-25 01:23:14.608 I/Gecko   (   84): [Parent 84] WARNING: pipe error (170): Connection reset by peer: file ../../../gecko/ipc/chromium/src/chrome/common/ipc_channel_posix.cc, line 446
04-25 01:23:14.688 I/Gecko   (   84): 
04-25 01:23:14.688 I/Gecko   (   84): ###!!! [Parent][MessageChannel] Error: Channel error: cannot send/recv
04-25 01:23:14.688 I/Gecko   (   84): 
04-25 01:23:14.718 E/GeckoConsole(   84): [JavaScript Error: "[Exception... "Component returned failure code: 0x80070057 (NS_ERROR_ILLEGAL_VALUE) [nsIXPCComponents_Utils.isDeadWrapper]"  nsresult: "0x80070057 (NS_ERROR_ILLEGAL_VALUE)"  location: "JS frame :: resource://gre/modules/BrowserElementParent.jsm :: BrowserElementParent.prototype._isAlive :: line 34"  data: no]" {file: "resource://gre/modules/BrowserElementParent.jsm" line: 34}]
04-25 01:23:14.728 E/GeckoConsole(  849): [JavaScript Warning: "Error in parsing value for 'background-image'.  Declaration dropped." {file: "http://drawnothing.ngokevin.com/css/base.css" line: 18 column: 22 source: "    background-image: -webkit-linear-gradient(top, rgb(45,45,45), rgb(20,20,20));"}]
04-25 01:23:14.738 E/GeckoConsole(  849): [JavaScript Warning: "Error in parsing value for 'background-image'.  Declaration dropped." {file: "http://drawnothing.ngokevin.com/css/base.css" line: 19 column: 22 source: "    background-image: -ms-linear-gradient(top, rgb(45,45,45), rgb(20,20,20));"}]
04-25 01:23:14.738 E/GeckoConsole(  849): [JavaScript Warning: "Error in parsing value for 'background-image'.  Declaration dropped." {file: "http://drawnothing.ngokevin.com/css/base.css" line: 20 column: 22 source: "    background-image: -o-linear-gradient(top, rgb(45,45,45), rgb(20,20,20));"}]
04-25 01:23:14.748 E/GeckoConsole(  849): [JavaScript Warning: "Expected color but found 'top'.  Error in parsing value for 'background-image'.  Declaration dropped." {file: "http://drawnothing.ngokevin.com/css/base.css" line: 21 column: 38 source: "    background-image: linear-gradient(top, rgb(45,45,45), rgb(20,20,20));"}]
04-25 01:23:14.758 E/GeckoConsole(  849): [JavaScript Warning: "Error in parsing value for 'background-image'.  Declaration dropped." {file: "http://drawnothing.ngokevin.com/css/base.css" line: 46 column: 22 source: "    background-image: -webkit-linear-gradient(top, rgba(5,5,5,.8), rgba(70,70,70,.8));"}]
04-25 01:23:14.758 E/GeckoConsole(  849): [JavaScript Warning: "Error in parsing value for 'background-image'.  Declaration dropped." {file: "http://drawnothing.ngokevin.com/css/base.css" line: 47 column: 22 source: "    background-image: -ms-linear-gradient(top, rgba(5,5,5,.8), rgba(70,70,70,.8));"}]
04-25 01:23:14.758 E/GeckoConsole(  849): [JavaScript Warning: "Error in parsing value for 'background-image'.  Declaration dropped." {file: "http://drawnothing.ngokevin.com/css/base.css" line: 48 column: 22 source: "    background-image: -o-linear-gradient(top, rgba(5,5,5,.8), rgba(70,70,70,.8));"}]
04-25 01:23:14.768 E/GeckoConsole(  849): [JavaScript Warning: "Expected color but found 'top'.  Error in parsing value for 'background-image'.  Declaration dropped." {file: "http://drawnothing.ngokevin.com/css/base.css" line: 49 column: 38 source: "    background-image: linear-gradient(top, rgba(5,5,5,.8), rgba(70,70,70,.8));"}]
04-25 01:23:14.768 E/GeckoConsole(  849): [JavaScript Warning: "Error in parsing value for 'background-image'.  Declaration dropped." {file: "http://drawnothing.ngokevin.com/css/base.css" line: 73 column: 22 source: "    background-image: -webkit-linear-gradient(top, rgb(50,50,50), rgb(80,80,80));"}]
04-25 01:23:14.768 E/GeckoConsole(  849): [JavaScript Warning: "Error in parsing value for 'background-image'.  Declaration dropped." {file: "http://drawnothing.ngokevin.com/css/base.css" line: 74 column: 22 source: "    background-image: -ms-linear-gradient(top, rgb(50,50,50), rgb(80,80,80));"}]
04-25 01:23:14.768 E/GeckoConsole(  849): [JavaScript Warning: "Error in parsing value for 'background-image'.  Declaration dropped." {file: "http://drawnothing.ngokevin.com/css/base.css" line: 75 column: 22 source: "    background-image: -o-linear-gradient(top, rgb(50,50,50), rgb(80,80,80));"}]
04-25 01:23:14.768 E/GeckoConsole(  849): [JavaScript Warning: "Expected color but found 'top'.  Error in parsing value for 'background-image'.  Declaration dropped." {file: "http://drawnothing.ngokevin.com/css/base.css" line: 76 column: 38 source: "    background-image: linear-gradient(top, rgb(50,50,50), rgb(80,80,80));"}]
04-25 01:23:14.778 E/GeckoConsole(  849): [JavaScript Warning: "Error in parsing value for 'background-image'.  Declaration dropped." {file: "http://drawnothing.ngokevin.com/css/base.css" line: 95 column: 22 source: "    background-image: -webkit-linear-gradient(top, rgba(90,90,90,.8), rgba(25,25,25,.8));"}]
04-25 01:23:14.778 E/GeckoConsole(  849): [JavaScript Warning: "Error in parsing value for 'background-image'.  Declaration dropped." {file: "http://drawnothing.ngokevin.com/css/base.css" line: 96 column: 22 source: "    background-image: -ms-linear-gradient(top, rgba(90,90,90,.8), rgba(25,25,25,.8));"}]
04-25 01:23:14.778 E/GeckoConsole(  849): [JavaScript Warning: "Error in parsing value for 'background-image'.  Declaration dropped." {file: "http://drawnothing.ngokevin.com/css/base.css" line: 97 column: 22 source: "    background-image: -o-linear-gradient(top, rgba(90,90,90,.8), rgba(25,25,25,.8));"}]
04-25 01:23:14.778 E/GeckoConsole(  849): [JavaScript Warning: "Expected color but found 'top'.  Error in parsing value for 'background-image'.  Declaration dropped." {file: "http://drawnothing.ngokevin.com/css/base.css" line: 98 column: 38 source: "    background-image: linear-gradient(top, rgba(90,90,90,.8), rgba(25,25,25,.8));"}]
04-25 01:23:14.788 E/GeckoConsole(  849): [JavaScript Warning: "Error in parsing value for 'background-image'.  Declaration dropped." {file: "http://drawnothing.ngokevin.com/css/base.css" line: 126 column: 22 source: "    background-image: -webkit-linear-gradient(top, rgba(90,90,90,.8), rgba(25,25,25,.8));"}]
04-25 01:23:14.788 E/GeckoConsole(  849): [JavaScript Warning: "Error in parsing value for 'background-image'.  Declaration dropped." {file: "http://drawnothing.ngokevin.com/css/base.css" line: 127 column: 22 source: "    background-image: -ms-linear-gradient(top, rgba(90,90,90,.8), rgba(25,25,25,.8));"}]
04-25 01:23:14.788 E/GeckoConsole(  849): [JavaScript Warning: "Error in parsing value for 'background-image'.  Declaration dropped." {file: "http://drawnothing.ngokevin.com/css/base.css" line: 128 column: 22 source: "    background-image: -o-linear-gradient(top, rgba(90,90,90,.8), rgba(25,25,25,.8));"}]
04-25 01:23:14.788 E/GeckoConsole(  849): [JavaScript Warning: "Expected color but found 'top'.  Error in parsing value for 'background-image'.  Declaration dropped." {file: "http://drawnothing.ngokevin.com/css/base.css" line: 129 column: 38 source: "    background-image: linear-gradient(top, rgba(90,90,90,.8), rgba(25,25,25,.8));"}]
04-25 01:23:14.798 I/Gecko   (   84): [Parent 84] WARNING: waitpid failed pid:818 errno:10: file ../../../gecko/ipc/chromium/src/base/process_util_posix.cc, line 254
04-25 01:23:14.798 E/GeckoConsole(  849): [JavaScript Warning: "Error in parsing value for 'background-image'.  Declaration dropped." {file: "http://drawnothing.ngokevin.com/css/base.css" line: 177 column: 22 source: "    background-image: -webkit-linear-gradient(top, rgb(45,45,45), rgb(20,20,20));"}]
04-25 01:23:14.808 E/GeckoConsole(  849): [JavaScript Warning: "Error in parsing value for 'background-image'.  Declaration dropped." {file: "http://drawnothing.ngokevin.com/css/base.css" line: 178 column: 22 source: "    background-image: -ms-linear-gradient(top, rgb(45,45,45), rgb(20,20,20));"}]
04-25 01:23:14.808 E/GeckoConsole(  849): [JavaScript Warning: "Error in parsing value for 'background-image'.  Declaration dropped." {file: "http://drawnothing.ngokevin.com/css/base.css" line: 179 column: 22 source: "    background-image: -o-linear-gradient(top, rgb(45,45,45), rgb(20,20,20));"}]
04-25 01:23:14.808 E/GeckoConsole(  849): [JavaScript Warning: "Expected color but found 'top'.  Error in parsing value for 'background-image'.  Declaration dropped." {file: "http://drawnothing.ngokevin.com/css/base.css" line: 180 column: 38 source: "    background-image: linear-gradient(top, rgb(45,45,45), rgb(20,20,20));"}]
04-25 01:23:14.818 E/GeckoConsole(  849): [JavaScript Warning: "Error in parsing value for 'background-image'.  Declaration dropped." {file: "http://drawnothing.ngokevin.com/css/base.css" line: 201 column: 22 source: "    background-image: -webkit-linear-gradient(top, rgb(65,65,65), rgb(40,40,40));"}]
04-25 01:23:14.818 E/GeckoConsole(  849): [JavaScript Warning: "Error in parsing value for 'background-image'.  Declaration dropped." {file: "http://drawnothing.ngokevin.com/css/base.css" line: 202 column: 22 source: "    background-image: -ms-linear-gradient(top, rgb(65,65,65), rgb(40,40,40));"}]
04-25 01:23:14.818 E/GeckoConsole(  849): [JavaScript Warning: "Error in parsing value for 'background-image'.  Declaration dropped." {file: "http://drawnothing.ngokevin.com/css/base.css" line: 203 column: 22 source: "    background-image: -o-linear-gradient(top, rgb(65,65,65), rgb(40,40,40));"}]
04-25 01:23:14.818 E/GeckoConsole(  849): [JavaScript Warning: "Expected color but found 'top'.  Error in parsing value for 'background-image'.  Declaration dropped." {file: "http://drawnothing.ngokevin.com/css/base.css" line: 204 column: 38 source: "    background-image: linear-gradient(top, rgb(65,65,65), rgb(40,40,40));"}]
04-25 01:23:14.818 E/GeckoConsole(  849): [JavaScript Warning: "Error in parsing value for 'background-image'.  Declaration dropped." {file: "http://drawnothing.ngokevin.com/css/base.css" line: 209 column: 22 source: "    background-image: -webkit-linear-gradient(top, rgb(30,30,30), rgb(15,15,15));"}]
04-25 01:23:14.818 E/GeckoConsole(  849): [JavaScript Warning: "Error in parsing value for 'background-image'.  Declaration dropped." {file: "http://drawnothing.ngokevin.com/css/base.css" line: 210 column: 22 source: "    background-image: -ms-linear-gradient(top, rgb(30,30,30), rgb(15,15,15));"}]
04-25 01:23:14.818 E/GeckoConsole(  849): [JavaScript Warning: "Error in parsing value for 'background-image'.  Declaration dropped." {file: "http://drawnothing.ngokevin.com/css/base.css" line: 211 column: 22 source: "    background-image: -o-linear-gradient(top, rgb(30,30,30), rgb(15,15,15));"}]
04-25 01:23:14.828 E/GeckoConsole(  849): [JavaScript Warning: "Expected color but found 'top'.  Error in parsing value for 'background-image'.  Declaration dropped." {file: "http://drawnothing.ngokevin.com/css/base.css" line: 212 column: 38 source: "    background-image: linear-gradient(top, rgb(30,30,30), rgb(15,15,15));"}]
04-25 01:23:14.998 E/GeckoConsole(  849): [JavaScript Warning: "Unknown property 'zoom'.  Declaration dropped." {file: "http://drawnothing.ngokevin.com/css/jquery-ui-1.8.21.custom.css" line: 18 column: 26 source: ".ui-helper-clearfix { zoom: 1; }"}]
04-25 01:23:14.998 E/GeckoConsole(  849): [JavaScript Warning: "Expected 'none' or URL but found 'Alpha('.  Error in parsing value for 'filter'.  Declaration dropped." {file: "http://drawnothing.ngokevin.com/css/jquery-ui-1.8.21.custom.css" line: 19 column: 101 source: ".ui-helper-zfix { width: 100%; height: 100%; top: 0; left: 0; position: absolute; opacity: 0; filter:Alpha(Opacity=0); }"}]
04-25 01:23:15.008 E/GeckoConsole(  849): [JavaScript Warning: "Expected 'none' or URL but found 'Alpha('.  Error in parsing value for 'filter'.  Declaration dropped." {file: "http://drawnothing.ngokevin.com/css/jquery-ui-1.8.21.custom.css" line: 82 column: 131 source: ".ui-priority-secondary, .ui-widget-content .ui-priority-secondary,  .ui-widget-header .ui-priority-secondary { opacity: .7; filter:Alpha(Opacity=70); font-weight: normal; }"}]
04-25 01:23:15.008 E/GeckoConsole(  849): [JavaScript Warning: "Expected 'none' or URL but found 'Alpha('.  Error in parsing value for 'filter'.  Declaration dropped." {file: "http://drawnothing.ngokevin.com/css/jquery-ui-1.8.21.custom.css" line: 83 column: 119 source: ".ui-state-disabled, .ui-widget-content .ui-state-disabled, .ui-widget-header .ui-state-disabled { opacity: .35; filter:Alpha(Opacity=35); background-image: none; }"}]
04-25 01:23:15.058 E/GeckoConsole(  849): [JavaScript Warning: "Unknown property '-moz-border-radius-topleft'.  Declaration dropped." {file: "http://drawnothing.ngokevin.com/css/jquery-ui-1.8.21.custom.css" line: 280 column: 91 source: ".ui-corner-all, .ui-corner-top, .ui-corner-left, .ui-corner-tl { -moz-border-radius-topleft: 4px; -webkit-border-top-left-radius: 4px; -khtml-border-top-left-radius: 4px; border-top-left-radius: 4px; }"}]
04-25 01:23:15.058 E/GeckoConsole(  849): [JavaScript Warning: "Unknown property '-moz-border-radius-topright'.  Declaration dropped." {file: "http://drawnothing.ngokevin.com/css/jquery-ui-1.8.21.custom.css" line: 281 column: 93 source: ".ui-corner-all, .ui-corner-top, .ui-corner-right, .ui-corner-tr { -moz-border-radius-topright: 4px; -webkit-border-top-right-radius: 4px; -khtml-border-top-right-radius: 4px; border-top-right-radius: 4px; }"}]
04-25 01:23:15.058 E/GeckoConsole(  849): [JavaScript Warning: "Unknown property '-moz-border-radius-bottomleft'.  Declaration dropped." {file: "http://drawnothing.ngokevin.com/css/jquery-ui-1.8.21.custom.css" line: 282 column: 97 source: ".ui-corner-all, .ui-corner-bottom, .ui-corner-left, .ui-corner-bl { -moz-border-radius-bottomleft: 4px; -webkit-border-bottom-left-radius: 4px; -khtml-border-bottom-left-radius: 4px; border-bottom-left-radius: 4px; }"}]
04-25 01:23:15.058 E/GeckoConsole(  849): [JavaScript Warning: "Unknown property '-moz-border-radius-bottomright'.  Declaration dropped." {file: "http://drawnothing.ngokevin.com/css/jquery-ui-1.8.21.custom.css" line: 283 column: 99 source: ".ui-corner-all, .ui-corner-bottom, .ui-corner-right, .ui-corner-br { -moz-border-radius-bottomright: 4px; -webkit-border-bottom-right-radius: 4px; -khtml-border-bottom-right-radius: 4px; border-bottom-right-radius: 4px; }"}]
04-25 01:23:15.058 E/GeckoConsole(  849): [JavaScript Warning: "Expected 'none' or URL but found 'Alpha('.  Error in parsing value for 'filter'.  Declaration dropped." {file: "http://drawnothing.ngokevin.com/css/jquery-ui-1.8.21.custom.css" line: 286 column: 122 source: ".ui-widget-overlay { background: #aaaaaa url(images/ui-bg_flat_0_aaaaaa_40x100.png) 50% 50% repeat-x; opacity: .30;filter:Alpha(Opacity=30); }"}]
04-25 01:23:15.058 E/GeckoConsole(  849): [JavaScript Warning: "Expected 'none' or URL but found 'Alpha('.  Error in parsing value for 'filter'.  Declaration dropped." {file: "http://drawnothing.ngokevin.com/css/jquery-ui-1.8.21.custom.css" line: 287 column: 158 source: ".ui-widget-shadow { margin: -8px 0 0 -8px; padding: 8px; background: #aaaaaa url(images/ui-bg_flat_0_aaaaaa_40x100.png) 50% 50% repeat-x; opacity: .30;filter:Alpha(Opacity=30); -moz-border-radius: 8px; -khtml-border-radius: 8px; -webkit-border-radius: 8px; border-radius: 8px; }/*!"}]
04-25 01:23:15.058 E/GeckoConsole(  849): [JavaScript Warning: "Unknown property '-moz-border-radius'.  Declaration dropped." {file: "http://drawnothing.ngokevin.com/css/jquery-ui-1.8.21.custom.css" line: 287 column: 195 source: ".ui-widget-shadow { margin: -8px 0 0 -8px; padding: 8px; background: #aaaaaa url(images/ui-bg_flat_0_aaaaaa_40x100.png) 50% 50% repeat-x; opacity: .30;filter:Alpha(Opacity=30); -moz-border-radius: 8px; -khtml-border-radius: 8px; -webkit-border-radius: 8px; border-radius: 8px; }/*!"}]
04-25 01:23:15.858 E/GeckoConsole(  849): [JavaScript Error: "The character encoding of the HTML document was not declared. The document will render with garbled text in some browser configurations if the document contains characters from outside the US-ASCII range. The character encoding of the page must be declared in the document or in the transfer protocol." {file: "http://drawnothing.ngokevin.com/" line: 0}]
04-25 01:23:16.368 W/WifiHW  (   84): wifi_command: SIGNAL_POLL
04-25 01:23:16.548 I/Gecko   (  849): Attempting load of libEGL.so
04-25 01:23:16.658 D/libEGL  (  849): loaded /system/lib/egl/libEGL_mali.so
04-25 01:23:16.678 D/libEGL  (  849): loaded /system/lib/egl/libGLESv1_CM_mali.so
04-25 01:23:16.678 D/libEGL  (  849): loaded /system/lib/egl/libGLESv2_mali.so
04-25 01:23:16.758 I/Gecko   (  849): SharedSurface_Gralloc::Create -------
04-25 01:23:16.798 I/Gecko   (   84): [Parent 84] WARNING: waitpid failed pid:818 errno:10: file ../../../gecko/ipc/chromium/src/base/process_util_posix.cc, line 254
04-25 01:23:16.798 I/Gecko   (   84): [Parent 84] WARNING: Failed to deliver SIGKILL to 818!(3).: file ../../../gecko/ipc/chromium/src/chrome/common/process_watcher_posix_sigchld.cc, line 118
04-25 01:23:16.818 I/Gecko   (  849): SharedSurface_Gralloc::Create: success -- surface 0x43606d40, GraphicBuffer 0x435fb880.
04-25 01:23:18.638 I/Gonk    (   84): Setting nice for pid 893 to 18
04-25 01:23:18.638 I/Gonk    (   84): Changed nice for pid 893 from 0 to 18.
04-25 01:23:19.648 I/Gecko   (  849): SharedSurface_Gralloc::Create -------
04-25 01:23:19.658 I/Gecko   (  849): SharedSurface_Gralloc::Create: success -- surface 0x43027c80, GraphicBuffer 0x43528080.
04-25 01:23:19.778 E/GeckoConsole(  849): Content JS LOG at http://drawnothing.ngokevin.com/js/draw_nothing.js:3 in dbg: mobile
04-25 01:23:20.198 I/Gonk    (   84): Setting nice for pid 893 to 18
04-25 01:23:20.198 I/Gonk    (   84): Changed nice for pid 893 from 18 to 18.
04-25 01:23:20.198 I/Gecko   (   84): [Parent 84] WARNING: waitpid failed pid:893 errno:10: file ../../../gecko/ipc/chromium/src/base/process_util_posix.cc, line 254
04-25 01:23:20.218 I/Gonk    (   84): Setting nice for pid 893 to 1
04-25 01:23:20.218 I/Gonk    (   84): Changed nice for pid 893 from 18 to 1.
04-25 01:23:20.218 I/Gonk    (   84): Setting nice for pid 893 to 18
04-25 01:23:20.228 I/Gonk    (   84): Changed nice for pid 893 from 1 to 18.
04-25 01:23:20.438 I/Gecko   (   84): [Parent 84] WARNING: pipe error (139): Connection reset by peer: file ../../../gecko/ipc/chromium/src/chrome/common/ipc_channel_posix.cc, line 446
04-25 01:23:20.438 E/GeckoConsole(   84): Content JS LOG at dummy file:326 in GaiaApps.launch/appOpen/<: app with origin 'http://drawnothing.ngokevin.com' has launched
04-25 01:23:20.448 I/Gecko   (   84): 1398414200458	Marionette	INFO	sendToClient: {"from":"0","value":{"frame":{"ELEMENT":"{6bbdb3d5-cea2-423e-8b90-33d1da1287d9}"},"src":"http://drawnothing.ngokevin.com/","name":"Draw Nothing","origin":"http://drawnothing.ngokevin.com"}}, {6fc57566-2438-434a-9147-c7c729c44f8e}, {6fc57566-2438-434a-9147-c7c729c44f8e}
04-25 01:23:20.478 E/GeckoConsole(   84): Offline cache manifest HTTP request failed, URL=http://drawnothing.ngokevin.com/.drawnothing.appcache
04-25 01:23:20.478 E/[Gralloc-ERROR](   84): int gralloc_unregister_buffer(const gralloc_module_t*, const native_handle_t*):274 Trying to unregister buffer 0x433ec510 from process 84 that was not created in current process: 84
