--------- beginning of /dev/log/main
04-26 05:48:14.620 I/Gecko   (   84): 1398516494639	Marionette	INFO	sendToClient: {"from":"0","ok":true}, {8fd91939-12e7-47b3-b416-7d54543c86ae}, {8fd91939-12e7-47b3-b416-7d54543c86ae}
04-26 05:48:14.660 I/Gecko   (   84): 1398516494675	Marionette	DEBUG	Got request: switchToFrame, data: {"to":"0","sessionId":"3-b2g","name":"switchToFrame","parameters":{"id":null,"focus":true}}, id: {48b0cb4d-75b4-4ea1-924f-26611be981da}
04-26 05:48:14.660 I/Gecko   (   84): 1398516494677	Marionette	INFO	Switched to frame: {"frameValue":null}
04-26 05:48:14.780 I/Gecko   (   84): 1398516494791	Marionette	INFO	sendToClient: {"from":"0","ok":true}, {48b0cb4d-75b4-4ea1-924f-26611be981da}, {48b0cb4d-75b4-4ea1-924f-26611be981da}
04-26 05:48:14.790 I/Gecko   (   84): 1398516494803	Marionette	DEBUG	Got request: executeWithCallback, data: {"to":"0","sessionId":"3-b2g","name":"executeAsyncScript","parameters":{"specialPowers":false,"scriptTimeout":null,"newSandbox":true,"args":[],"filename":"gaia_test.py","script":"return GaiaApps.displayedApp();","line":66}}, id: {5df3cfcc-e790-4780-811a-8ae69d321fbd}
04-26 05:48:14.850 I/Gecko   (   84): 1398516494865	Marionette	INFO	sendToClient: {"from":"0","value":{"frame":{"ELEMENT":"{c3d29c72-4c9e-4322-94fc-6b55adc9237d}"},"src":"app://homescreen.gaiamobile.org/index.html#root","name":"Homescreen","origin":"app://homescreen.gaiamobile.org"}}, {5df3cfcc-e790-4780-811a-8ae69d321fbd}, {5df3cfcc-e790-4780-811a-8ae69d321fbd}
04-26 05:48:14.850 E/GeckoConsole(   84): Content JS LOG at dummy file:392 in GaiaApps.displayedApp: app with origin 'app://homescreen.gaiamobile.org' is displayed
04-26 05:48:14.870 I/Gecko   (   84): 1398516494885	Marionette	DEBUG	Got request: switchToFrame, data: {"to":"0","sessionId":"3-b2g","name":"switchToFrame","parameters":{"id":null,"focus":true}}, id: {31789f6a-1e9f-428f-8930-42177a6b262d}
04-26 05:48:14.870 I/Gecko   (   84): 1398516494887	Marionette	INFO	Switched to frame: {"frameValue":null}
04-26 05:48:14.970 E/GeckoConsole( 1379): Content JS ERROR at app://homescreen.gaiamobile.org/gaia_build_defer_index.js:390 in loadSVConfFileError: Failed parsing singleVariant configuration file [js/singlevariantconf.json]:  [Exception... "File error: Not found"  nsresult: "0x80520012 (NS_ERROR_FILE_NOT_FOUND)"  location: "JS frame :: app://homescreen.gaiamobile.org/gaia_build_defer_index.js :: loadFile :: line 382"  data: no]
04-26 05:48:14.970 I/Gecko   (   84): 1398516494989	Marionette	INFO	sendToClient: {"from":"0","ok":true}, {31789f6a-1e9f-428f-8930-42177a6b262d}, {31789f6a-1e9f-428f-8930-42177a6b262d}
04-26 05:48:14.980 I/Gecko   (   84): 1398516494995	Marionette	DEBUG	Got request: switchToFrame, data: {"to":"0","sessionId":"3-b2g","name":"switchToFrame","parameters":{"id":null,"focus":true}}, id: {9b851ce0-f4fe-4521-9d33-2f3bc03949a0}
04-26 05:48:14.980 I/Gecko   (   84): 1398516494996	Marionette	INFO	Switched to frame: {"frameValue":null}
04-26 05:48:15.080 I/Gecko   (   84): 1398516495098	Marionette	INFO	sendToClient: {"from":"0","ok":true}, {9b851ce0-f4fe-4521-9d33-2f3bc03949a0}, {9b851ce0-f4fe-4521-9d33-2f3bc03949a0}
04-26 05:48:15.090 I/Gecko   (   84): 1398516495105	Marionette	DEBUG	Got request: executeWithCallback, data: {"to":"0","sessionId":"3-b2g","name":"executeAsyncScript","parameters":{"specialPowers":false,"scriptTimeout":null,"newSandbox":true,"args":[],"filename":"gaia_test.py","script":"return GaiaApps.displayedApp();","line":66}}, id: {9f9a8e85-835a-4792-b8e8-41fae994d9ed}
04-26 05:48:15.130 I/Gecko   (   84): 1398516495140	Marionette	INFO	sendToClient: {"from":"0","value":{"frame":{"ELEMENT":"{c3d29c72-4c9e-4322-94fc-6b55adc9237d}"},"src":"app://homescreen.gaiamobile.org/index.html#root","name":"Homescreen","origin":"app://homescreen.gaiamobile.org"}}, {9f9a8e85-835a-4792-b8e8-41fae994d9ed}, {9f9a8e85-835a-4792-b8e8-41fae994d9ed}
04-26 05:48:15.140 E/GeckoConsole(   84): Content JS LOG at dummy file:392 in GaiaApps.displayedApp: app with origin 'app://homescreen.gaiamobile.org' is displayed
04-26 05:48:15.140 I/Gecko   (   84): 1398516495159	Marionette	DEBUG	Got request: switchToFrame, data: {"to":"0","sessionId":"3-b2g","name":"switchToFrame","parameters":{"focus":true,"element":"{c3d29c72-4c9e-4322-94fc-6b55adc9237d}"}}, id: {64b33293-da96-432c-b965-6422ad069f5c}
04-26 05:48:15.150 I/Gecko   (   84): 1398516495168	Marionette	INFO	Switched to frame: {"frameValue":"{c3d29c72-4c9e-4322-94fc-6b55adc9237d}"}
04-26 05:48:15.180 I/Gecko   (   84): 1398516495192	Marionette	INFO	trying remote frame 0
04-26 05:48:15.180 I/Gecko   (   84): 1398516495199	Marionette	INFO	trying remote frame 1
04-26 05:48:15.190 I/Gecko   (   84): 1398516495206	Marionette	INFO	trying remote frame 2
04-26 05:48:15.190 I/Gecko   (   84): 1398516495207	Marionette	INFO	deleting frame
04-26 05:48:15.200 I/Gecko   (   84): 1398516495215	Marionette	INFO	frame-manager load script: [object ChromeMessageSender]
04-26 05:48:15.240 I/Gecko   (   84): [Parent 84] WARNING: waitpid failed pid:1333 errno:10: file ../../../gecko/ipc/chromium/src/base/process_util_posix.cc, line 254
04-26 05:48:15.240 I/Gecko   (   84): [Parent 84] WARNING: Failed to deliver SIGKILL to 1333!(3).: file ../../../gecko/ipc/chromium/src/chrome/common/process_watcher_posix_sigchld.cc, line 118
04-26 05:48:15.510 I/Gecko   (   84): 1398516495520	Marionette	INFO	sendToClient: {"from":"0","ok":true}, {64b33293-da96-432c-b965-6422ad069f5c}, {64b33293-da96-432c-b965-6422ad069f5c}
04-26 05:48:15.720 I/Gecko   (   84): 1398516495736	Marionette	INFO	sendToClient: {"from":"0","value":{"ELEMENT":"{6a50b0e1-db0f-4333-8418-0b8307dc9427}"}}, {1dcb11c0-34d3-4a25-af33-5e4ff978ff3e}, {1dcb11c0-34d3-4a25-af33-5e4ff978ff3e}
04-26 05:48:16.020 E/GeckoConsole( 1379): [JavaScript Warning: "Use of getAttributeNode() is deprecated. Use getAttribute() instead." {file: "chrome://marionette/content/atoms.js" line: 25}]
04-26 05:48:16.020 E/GeckoConsole( 1379): [JavaScript Warning: "Use of attributes' specified attribute is deprecated. It always returns true." {file: "chrome://marionette/content/atoms.js" line: 25}]
04-26 05:48:16.020 I/Gecko   (   84): 1398516496036	Marionette	INFO	sendToClient: {"from":"0","value":"normal"}, {e758eec6-f6ff-492f-9942-bd57527cc72a}, {e758eec6-f6ff-492f-9942-bd57527cc72a}
04-26 05:48:16.030 I/Gecko   (   84): 1398516496042	Marionette	DEBUG	Got request: switchToFrame, data: {"to":"0","sessionId":"3-b2g","name":"switchToFrame","parameters":{"id":null,"focus":true}}, id: {8a938a96-b5f3-4fef-af5a-596495eab5cc}
04-26 05:48:16.040 I/Gecko   (   84): 1398516496051	Marionette	INFO	Switched to frame: {"frameValue":null}
04-26 05:48:16.150 I/Gecko   (   84): 1398516496161	Marionette	INFO	sendToClient: {"from":"0","ok":true}, {8a938a96-b5f3-4fef-af5a-596495eab5cc}, {8a938a96-b5f3-4fef-af5a-596495eab5cc}
04-26 05:48:16.150 I/Gecko   (   84): 1398516496166	Marionette	DEBUG	Got request: execute, data: {"to":"0","sessionId":"3-b2g","name":"executeScript","parameters":{"specialPowers":false,"scriptTimeout":null,"newSandbox":true,"args":[],"filename":"gaia_test.py","script":"window.wrappedJSObject.dispatchEvent(new Event('home'));","line":788}}, id: {1cd22bcb-1c9b-4437-9fad-466cb0dbf9aa}
04-26 05:48:16.210 I/Gecko   (   84): 1398516496229	Marionette	INFO	sendToClient: {"from":"0","value":null}, {1cd22bcb-1c9b-4437-9fad-466cb0dbf9aa}, {1cd22bcb-1c9b-4437-9fad-466cb0dbf9aa}
04-26 05:48:16.230 I/Gecko   (   84): 1398516496242	Marionette	DEBUG	Got request: switchToFrame, data: {"to":"0","sessionId":"3-b2g","name":"switchToFrame","parameters":{"id":null,"focus":true}}, id: {a4ca41e1-c956-4cfb-949f-e38a486d1cd6}
04-26 05:48:16.230 I/Gecko   (   84): 1398516496248	Marionette	INFO	Switched to frame: {"frameValue":null}
04-26 05:48:16.340 I/Gecko   (   84): 1398516496356	Marionette	INFO	sendToClient: {"from":"0","ok":true}, {a4ca41e1-c956-4cfb-949f-e38a486d1cd6}, {a4ca41e1-c956-4cfb-949f-e38a486d1cd6}
04-26 05:48:16.350 I/Gecko   (   84): 1398516496362	Marionette	DEBUG	Got request: switchToFrame, data: {"to":"0","sessionId":"3-b2g","name":"switchToFrame","parameters":{"id":null,"focus":true}}, id: {7fb8c2f7-eed5-4ae8-92e7-37a354e90254}
04-26 05:48:16.350 I/Gecko   (   84): 1398516496364	Marionette	INFO	Switched to frame: {"frameValue":null}
04-26 05:48:16.450 I/Gecko   (   84): 1398516496467	Marionette	INFO	sendToClient: {"from":"0","ok":true}, {7fb8c2f7-eed5-4ae8-92e7-37a354e90254}, {7fb8c2f7-eed5-4ae8-92e7-37a354e90254}
04-26 05:48:16.460 I/Gecko   (   84): 1398516496473	Marionette	DEBUG	Got request: executeWithCallback, data: {"to":"0","sessionId":"3-b2g","name":"executeAsyncScript","parameters":{"specialPowers":false,"scriptTimeout":null,"newSandbox":true,"args":[],"filename":"gaia_test.py","script":"return GaiaApps.displayedApp();","line":66}}, id: {88bd9ef7-ca26-4190-abf7-ab5169b29bbb}
04-26 05:48:16.540 W/WifiHW  (   84): wifi_command: SIGNAL_POLL
04-26 05:48:16.560 E/GeckoConsole(   84): Content JS LOG at dummy file:392 in GaiaApps.displayedApp: app with origin 'app://homescreen.gaiamobile.org' is displayed
04-26 05:48:16.560 I/Gecko   (   84): 1398516496572	Marionette	INFO	sendToClient: {"from":"0","value":{"frame":{"ELEMENT":"{c3d29c72-4c9e-4322-94fc-6b55adc9237d}"},"src":"app://homescreen.gaiamobile.org/index.html#rootSat%20Apr%2026%202014%2005:48:16%20GMT-0700%20(UTC)","name":"Homescreen","origin":"app://homescreen.gaiamobile.org"}}, {88bd9ef7-ca26-4190-abf7-ab5169b29bbb}, {88bd9ef7-ca26-4190-abf7-ab5169b29bbb}
04-26 05:48:16.570 I/Gecko   (   84): 1398516496583	Marionette	DEBUG	Got request: switchToFrame, data: {"to":"0","sessionId":"3-b2g","name":"switchToFrame","parameters":{"focus":true,"element":"{c3d29c72-4c9e-4322-94fc-6b55adc9237d}"}}, id: {e7522499-d41d-40c9-a8ee-fa6bee141a52}
04-26 05:48:16.580 I/Gecko   (   84): 1398516496591	Marionette	INFO	Switched to frame: {"frameValue":"{c3d29c72-4c9e-4322-94fc-6b55adc9237d}"}
04-26 05:48:16.590 I/Gecko   (   84): 1398516496601	Marionette	INFO	trying remote frame 0
04-26 05:48:16.590 I/Gecko   (   84): 1398516496602	Marionette	INFO	trying remote frame 1
04-26 05:48:16.590 I/Gecko   (   84): 1398516496603	Marionette	INFO	trying remote frame 2
04-26 05:48:17.150 I/Gecko   (   84): 1398516497167	Marionette	INFO	sendToClient: {"from":"0","ok":true}, {e7522499-d41d-40c9-a8ee-fa6bee141a52}, {e7522499-d41d-40c9-a8ee-fa6bee141a52}
04-26 05:48:17.160 I/Gecko   (   84): 1398516497174	Marionette	DEBUG	Got request: execute, data: {"to":"0","sessionId":"3-b2g","name":"executeScript","parameters":{"specialPowers":false,"scriptTimeout":null,"newSandbox":true,"args":[],"filename":"gaia_test.py","script":"return window.wrappedJSObject.GridManager.pageHelper.getCurrentPageNumber();","line":784}}, id: {561f1e94-3a57-43ee-8b8c-10cc949e3971}
04-26 05:48:17.330 I/Gecko   (   84): 1398516497347	Marionette	INFO	sendToClient: {"from":"0","value":0}, {561f1e94-3a57-43ee-8b8c-10cc949e3971}, {561f1e94-3a57-43ee-8b8c-10cc949e3971}
04-26 05:48:17.610 I/Gecko   (   84): 1398516497622	Marionette	INFO	sendToClient: {"from":"0","value":["{30236992-aada-4bab-88b3-3b69a34c5d73}","{a9f4e1ef-9c8e-4ac9-a3eb-cf096d924913}","{10dda1fd-9630-40c2-983c-e1148241997b}","{65777d91-cd7d-4642-94b0-80ab8831d12a}","{ace2069e-7530-4ca7-a56d-ba231b62812e}","{c6e1b97a-13ae-4f96-b00a-0290eb4ef9e5}","{6e7dbabc-54ca-4bdd-9332-8997ae11ad90}","{fb54f9cf-1f4c-472a-8ca8-9d67246228bc}","{6a85a829-be03-4518-a84b-74d6c9643372}","{f53f1434-62bd-4c9e-a7c5-3d79bad9151d}","{195aa4e9-03a5-497a-84b9-e2d709b54489}","{59a6f4de-3490-4e0b-8b1a-ba98cdf60c07}","{7311b27a-cea5-46f9-a4b3-37543c81ea26}","{d2e36245-8187-4b4e-9be0-682edc495f2e}","{6d51efc5-e187-427f-a0bd-0ff7f79ef0b1}","{58b9e482-6ac6-4181-992b-e69b097a27c3}","{54c0edee-9470-4c32-bb47-431e99fbc7c9}","{dd1360fb-c4e4-4814-b1e7-0c75b7254dae}","{a832512c-cb8f-42ae-87b4-32ea591812c4}","{0fd7d2be-ed38-40d3-9389-89d040bb8ea8}","{3589d91b-1556-49e7-b6b8-9ac4622d66ac}","{42016cde-0447-4d34-952b-26a907ff1600}","{2b86201a-f424-4a6e-9828-460eef10ae58}","{fbce62fe-f68a
04-26 05:48:17.660 I/Gecko   (   84): 1398516497677	Marionette	INFO	sendToClient: {"from":"0","value":"app://homescreen.gaiamobile.org/index.html#rootSat%20Apr%2026%202014%2005:48:16%20GMT-0700%20(UTC)"}, {ba4fe422-400d-4ff1-90cf-7e894dda27ec}, {ba4fe422-400d-4ff1-90cf-7e894dda27ec}
04-26 05:48:17.680 I/Gecko   (   84): 1398516497697	Marionette	DEBUG	Got request: switchToFrame, data: {"to":"0","sessionId":"3-b2g","name":"switchToFrame","parameters":{"id":null,"focus":true}}, id: {793e9c00-132e-463b-beb0-3fe5c81a5a86}
04-26 05:48:17.700 I/Gecko   (   84): 1398516497712	Marionette	INFO	Switched to frame: {"frameValue":null}
04-26 05:48:17.810 I/Gecko   (   84): 1398516497824	Marionette	INFO	sendToClient: {"from":"0","ok":true}, {793e9c00-132e-463b-beb0-3fe5c81a5a86}, {793e9c00-132e-463b-beb0-3fe5c81a5a86}
04-26 05:48:17.830 I/Gecko   (   84): 1398516497847	Marionette	DEBUG	Got request: switchToFrame, data: {"to":"0","sessionId":"3-b2g","name":"switchToFrame","parameters":{"id":null,"focus":true}}, id: {351cd014-f803-4e28-96af-ae3e45875ae6}
04-26 05:48:17.890 I/Gecko   (   84): 1398516497904	Marionette	INFO	Switched to frame: {"frameValue":null}
04-26 05:48:17.990 I/Gecko   (   84): 1398516498007	Marionette	INFO	sendToClient: {"from":"0","ok":true}, {351cd014-f803-4e28-96af-ae3e45875ae6}, {351cd014-f803-4e28-96af-ae3e45875ae6}
04-26 05:48:18.000 I/Gecko   (   84): 1398516498013	Marionette	DEBUG	Got request: executeWithCallback, data: {"to":"0","sessionId":"3-b2g","name":"executeAsyncScript","parameters":{"specialPowers":false,"scriptTimeout":30000,"newSandbox":true,"args":[],"filename":"app_checker.py","script":"GaiaApps.launchWithManifestURL('http://subdropflowers.dseffects.com/DropFlowers.webapp')","line":106}}, id: {b7601861-ac24-4175-8761-b71832929d97}
04-26 05:48:18.370 I/Gonk    (   84): Setting nice for pid 1407 to 18
04-26 05:48:18.370 I/Gonk    (   84): Changed nice for pid 1407 from 18 to 18.
04-26 05:48:18.380 I/Gecko   (   84): [Parent 84] WARNING: waitpid failed pid:1407 errno:10: file ../../../gecko/ipc/chromium/src/base/process_util_posix.cc, line 254
04-26 05:48:18.400 I/Gonk    (   84): Setting nice for pid 1407 to 1
04-26 05:48:18.400 I/Gonk    (   84): Changed nice for pid 1407 from 18 to 1.
04-26 05:48:18.420 E/GeckoConsole(   84): Content JS LOG at dummy file:334 in GaiaApps.launch: launching app with name 'DropFlowers'
04-26 05:48:18.630 E/[Gralloc-ERROR](   84): int gralloc_register_buffer(const gralloc_module_t*, const native_handle_t*):79 Unable to register handle 0x45f1b9c0 coming from different process: 84
04-26 05:48:18.680 E/[Gralloc-ERROR](   84): int gralloc_register_buffer(const gralloc_module_t*, const native_handle_t*):79 Unable to register handle 0x45f1bb00 coming from different process: 84
04-26 05:48:18.680 E/[Gralloc-ERROR](   84): int gralloc_register_buffer(const gralloc_module_t*, const native_handle_t*):79 Unable to register handle 0x45f1bba0 coming from different process: 84
04-26 05:48:18.680 E/[Gralloc-ERROR](   84): int gralloc_register_buffer(const gralloc_module_t*, const native_handle_t*):79 Unable to register handle 0x45f1bd80 coming from different process: 84
04-26 05:48:18.790 D/Sensors (   84): activate handle=0; drv=0
04-26 05:48:18.810 D/Sensors (   84): Lis3dhSensor: Control set 1
04-26 05:48:18.810 D/Sensors (   84): Lis3dhSensor: mEnabled = 1
04-26 05:48:18.850 I/Gonk    (   84): Setting nice for pid 1379 to 18
04-26 05:48:18.850 I/Gonk    (   84): Changed nice for pid 1379 from 1 to 18.
04-26 05:48:19.700 I/log     ( 1465): <4>0[ 532.936513] select 1379 (Homescreen), adj 8, size 6641, to kill 
04-26 05:48:19.800 V/AudioPolicyManagerBase(   89): startOutput() output 1, stream 1, session 4
04-26 05:48:19.800 V/AudioPolicyManagerBase(   89): changeRefCount() stream 1, count 1
04-26 05:48:19.800 V/AudioPolicyManagerBase(   89): getDeviceForStrategy() from cache strategy 0, device 2
04-26 05:48:19.800 V/AudioPolicyManagerBase(   89): getNewDevice() selected device 2
04-26 05:48:19.800 D/AudioPolicyManagerBase(   89): setOutputDevice() output 1 device 2 delayMs 0
04-26 05:48:19.800 V/AudioPolicyManagerBase(   89): setOutputDevice() setting same device 2 or null device for output 1
04-26 05:48:19.800 E/AudioPolicyManagerBase(   89): checkAndSetVolume stream=1, index=0, output=1, device=2
04-26 05:48:19.800 E/AudioPolicyManagerBase(   89): computeVolume, streamDesc=0x132ebb8
04-26 05:48:19.840 W/AudioFlinger(   89): Thread AudioOut_1 cannot connect to the power manager service
04-26 05:48:19.840 V/AudioPolicyManagerBase(   89): stopOutput() output 1, stream 1, session 4
04-26 05:48:19.840 V/AudioPolicyManagerBase(   89): changeRefCount() stream 1, count 0
04-26 05:48:19.840 V/AudioPolicyManagerBase(   89): getNewDevice() selected device 0
04-26 05:48:19.840 D/AudioPolicyManagerBase(   89): setOutputDevice() output 1 device 0 delayMs 290
04-26 05:48:19.840 V/AudioPolicyManagerBase(   89): setOutputDevice() setting same device 0 or null device for output 1
04-26 05:48:19.850 V/AudioPolicyManagerBase(   89): startOutput() output 1, stream 1, session 4
04-26 05:48:19.850 V/AudioPolicyManagerBase(   89): changeRefCount() stream 1, count 1
04-26 05:48:19.850 V/AudioPolicyManagerBase(   89): getDeviceForStrategy() from cache strategy 0, device 2
04-26 05:48:19.850 V/AudioPolicyManagerBase(   89): getNewDevice() selected device 2
04-26 05:48:19.850 D/AudioPolicyManagerBase(   89): setOutputDevice() output 1 device 2 delayMs 0
04-26 05:48:19.850 V/AudioPolicyManagerBase(   89): setOutputDevice() setting same device 2 or null device for output 1
04-26 05:48:19.850 E/AudioPolicyManagerBase(   89): checkAndSetVolume stream=1, index=0, output=1, device=2
04-26 05:48:19.850 E/AudioPolicyManagerBase(   89): computeVolume, streamDesc=0x132ebb8
04-26 05:48:19.850 V/AudioPolicyManagerBase(   89): stopOutput() output 1, stream 1, session 4
04-26 05:48:19.850 V/AudioPolicyManagerBase(   89): changeRefCount() stream 1, count 0
04-26 05:48:19.850 V/AudioPolicyManagerBase(   89): getNewDevice() selected device 0
04-26 05:48:19.850 D/AudioPolicyManagerBase(   89): setOutputDevice() output 1 device 0 delayMs 290
04-26 05:48:19.850 V/AudioPolicyManagerBase(   89): setOutputDevice() setting same device 0 or null device for output 1
04-26 05:48:19.850 V/AudioPolicyManagerBase(   89): releaseOutput() 1
04-26 05:48:20.200 I/Gonk    (   84): Setting nice for pid 1468 to 18
04-26 05:48:20.200 I/Gonk    (   84): Changed nice for pid 1468 from 0 to 18.
04-26 05:48:20.300 I/Gecko   ( 1407): ###################################### forms.js loaded
04-26 05:48:20.320 I/Gecko   ( 1407): ############################### browserElementPanning.js loaded
04-26 05:48:20.340 I/Gecko   ( 1407): ######################## BrowserElementChildPreload.js loaded
04-26 05:48:20.410 I/Gecko   (   84): 
04-26 05:48:20.410 I/Gecko   (   84): ###!!! [Parent][MessageChannel] Error: Channel error: cannot send/recv
04-26 05:48:20.410 I/Gecko   (   84): 
04-26 05:48:20.440 I/GeckoDump(   84): Crash reporter : Can't fetch app.reportCrashes. Exception: [Exception... "Component returned failure code: 0x8000ffff (NS_ERROR_UNEXPECTED) [nsIPrefBranch.getBoolPref]"  nsresult: "0x8000ffff (NS_ERROR_UNEXPECTED)"  location: "JS frame :: chrome://browser/content/shell.js :: shell_reportCrash :: line 7"  data: no]
04-26 05:48:20.460 I/Gecko   (   84): [Parent 84] WARNING: waitpid failed pid:1379 errno:10: file ../../../gecko/ipc/chromium/src/base/process_util_posix.cc, line 254
04-26 05:48:21.130 E/GeckoConsole( 1407): [JavaScript Warning: "An unbalanced tree was written using document.write() causing data from the network to be reparsed. For more information https://developer.mozilla.org/en/Optimizing_Your_Pages_for_Speculative_Parsing" {file: "http://subdropflowers.dseffects.com/DropFlowers.php?pid=6900" line: 68}]
04-26 05:48:21.390 E/GeckoConsole( 1407): [JavaScript Warning: "Unknown property '-moz-border-radius'.  Declaration dropped." {file: "http://subdropflowers.dseffects.com/DropFlowers.php?pid=6900" line: 0 column: 18 source: "-moz-border-radius:16px;-webkit-border-radius:16px;"}]
04-26 05:48:21.560 W/WifiHW  (   84): wifi_command: SIGNAL_POLL
04-26 05:48:21.780 E/GeckoConsole( 1407): [JavaScript Warning: "Unknown property '-moz-opacity'.  Declaration dropped." {file: "http://subdropflowers.dseffects.com/DropFlowers.php?pid=6900" line: 0 column: 90 source: "position:absolute;top:896px;left:134px;visibility:visible;z-Index:2;opacity:1;-moz-opacity:1;filter:alpha(opacity=100);background-color:#000000;border:1px solid #000;width:500px;height:32px;font-size:24px;color:#ffffff;text-align:center;-moz-border-radius:16;-webkit-border-radius:16px;"}]
04-26 05:48:21.780 E/GeckoConsole( 1407): [JavaScript Warning: "Expected 'none' or URL but found 'alpha('.  Error in parsing value for 'filter'.  Declaration dropped." {file: "http://subdropflowers.dseffects.com/DropFlowers.php?pid=6900" line: 0 column: 100 source: "position:absolute;top:896px;left:134px;visibility:visible;z-Index:2;opacity:1;-moz-opacity:1;filter:alpha(opacity=100);background-color:#000000;border:1px solid #000;width:500px;height:32px;font-size:24px;color:#ffffff;text-align:center;-moz-border-radius:16;-webkit-border-radius:16px;"}]
04-26 05:48:21.780 E/GeckoConsole( 1407): [JavaScript Warning: "Unknown property '-moz-border-radius'.  Declaration dropped." {file: "http://subdropflowers.dseffects.com/DropFlowers.php?pid=6900" line: 0 column: 255 source: "position:absolute;top:896px;left:134px;visibility:visible;z-Index:2;opacity:1;-moz-opacity:1;filter:alpha(opacity=100);background-color:#000000;border:1px solid #000;width:500px;height:32px;font-size:24px;color:#ffffff;text-align:center;-moz-border-radius:16;-webkit-border-radius:16px;"}]
04-26 05:48:21.790 E/GeckoConsole( 1407): [JavaScript Warning: "Unknown property '-moz-opacity'.  Declaration dropped." {file: "http://subdropflowers.dseffects.com/DropFlowers.php?pid=6900" line: 0 column: 90 source: "position:absolute;top:896px;left:134px;visibility:visible;z-Index:3;opacity:1;-moz-opacity:1;filter:alpha(opacity=100);background-color:#00bfdf;width:0px;height:32px;-moz-border-radius:16;-webkit-border-radius:16px;"}]
04-26 05:48:21.790 E/GeckoConsole( 1407): [JavaScript Warning: "Expected 'none' or URL but found 'alpha('.  Error in parsing value for 'filter'.  Declaration dropped." {file: "http://subdropflowers.dseffects.com/DropFlowers.php?pid=6900" line: 0 column: 100 source: "position:absolute;top:896px;left:134px;visibility:visible;z-Index:3;opacity:1;-moz-opacity:1;filter:alpha(opacity=100);background-color:#00bfdf;width:0px;height:32px;-moz-border-radius:16;-webkit-border-radius:16px;"}]
04-26 05:48:21.790 E/GeckoConsole( 1407): [JavaScript Warning: "Unknown property '-moz-border-radius'.  Declaration dropped." {file: "http://subdropflowers.dseffects.com/DropFlowers.php?pid=6900" line: 0 column: 184 source: "position:absolute;top:896px;left:134px;visibility:visible;z-Index:3;opacity:1;-moz-opacity:1;filter:alpha(opacity=100);background-color:#00bfdf;width:0px;height:32px;-moz-border-radius:16;-webkit-border-radius:16px;"}]
04-26 05:48:22.210 E/GeckoConsole( 1407): [JavaScript Warning: "Unknown property '-moz-opacity'.  Declaration dropped." {file: "http://subdropflowers.dseffects.com/DropFlowers.php?pid=6900" line: 0 column: 87 source: "position:absolute;top:0px;left:0px;z-Index:1;visibility:hidden;opacity:0.6;-moz-opacity:0.6;filter:alpha(opacity=60);"}]
04-26 05:48:22.210 E/GeckoConsole( 1407): [JavaScript Warning: "Expected 'none' or URL but found 'alpha('.  Error in parsing value for 'filter'.  Declaration dropped." {file: "http://subdropflowers.dseffects.com/DropFlowers.php?pid=6900" line: 0 column: 99 source: "position:absolute;top:0px;left:0px;z-Index:1;visibility:hidden;opacity:0.6;-moz-opacity:0.6;filter:alpha(opacity=60);"}]
04-26 05:48:22.250 E/GeckoConsole( 1407): [JavaScript Warning: "Expected 'none' or URL but found 'progid'.  Error in parsing value for 'filter'.  Declaration dropped." {file: "http://subdropflowers.dseffects.com/DropFlowers.php?pid=6900" line: 0 column: 169 source: "position:absolute;top:0px;left:0px;z-Index:1;visibility:hidden;white-space:nowrap;color:#ffff00;font-family:Arial;font-size:84px;text-shadow: 2px 2px 6px #7f4f00;filter:progid:DXImageTransform.Microsoft.Shadow(color=#7f4f00,direction=135,strength=4);"}]
04-26 05:48:22.250 E/GeckoConsole( 1407): [JavaScript Warning: "Expected 'none' or URL but found 'progid'.  Error in parsing value for 'filter'.  Declaration dropped." {file: "http://subdropflowers.dseffects.com/DropFlowers.php?pid=6900" line: 0 column: 171 source: "position:absolute;top:0px;left:0px;z-Index:1;visibility:hidden;white-space:nowrap;color:#ff0000;font-family:Zapfino;font-size:56px;text-shadow: 4px 4px 8px #ffffff;filter:progid:DXImageTransform.Microsoft.Shadow(color=#ffffff,direction=135,strength=4);"}]
04-26 05:48:22.340 E/GeckoConsole( 1407): [JavaScript Error: "The character encoding of the HTML document was not declared. The document will render with garbled text in some browser configurations if the document contains characters from outside the US-ASCII range. The character encoding of the page must be declared in the document or in the transfer protocol." {file: "http://subdropflowers.dseffects.com/DropFlowers.php?pid=6900" line: 0}]
04-26 05:48:22.460 I/Gecko   (   84): [Parent 84] WARNING: waitpid failed pid:1379 errno:10: file ../../../gecko/ipc/chromium/src/base/process_util_posix.cc, line 254
04-26 05:48:22.460 I/Gecko   (   84): [Parent 84] WARNING: Failed to deliver SIGKILL to 1379!(3).: file ../../../gecko/ipc/chromium/src/chrome/common/process_watcher_posix_sigchld.cc, line 118
04-26 05:48:26.710 W/WifiHW  (   84): wifi_command: SIGNAL_POLL
04-26 05:48:32.180 W/WifiHW  (   84): wifi_command: SIGNAL_POLL
04-26 05:48:33.980 E/GeckoConsole( 1407): Content JS WARN at http://connect.facebook.net/en_US/all.js#xfbml=1:53 in i: Invalid App Id: Must be a number or numeric string representing the application id.
04-26 05:48:33.990 E/GeckoConsole( 1407): Content JS WARN at http://connect.facebook.net/en_US/all.js#xfbml=1:53 in i: FB.getLoginStatus() called before calling FB.init().
04-26 05:48:34.150 E/GeckoConsole( 1407): [JavaScript Warning: "Content Security Policy: allow directive is deprecated, use the equivalent default-src directive instead"]
04-26 05:48:34.170 E/GeckoConsole( 1407): [JavaScript Warning: "The X-Content-Security-Policy and X-Content-Security-Report-Only headers will be deprecated in the future. Please use the Content-Security-Policy and Content-Security-Report-Only headers with CSP spec compliant syntax instead." {file: "https://s-static.ak.facebook.com/connect/xd_arbiter/dgdTycPTSRj.js?version=40#channel=f2e0a390e5d3996&origin=http%3A%2F%2Fsubdropflowers.dseffects.com" line: 0}]
04-26 05:48:34.500 E/GeckoConsole( 1407): [JavaScript Warning: "Error in parsing value for 'word-break'.  Declaration dropped." {file: "http://googleads.g.doubleclick.net/pagead/ads?client=ca-pub-4043932294023609&output=html&h=60&slotname=2361238819&adk=978157237&w=468&lmt=1398516500&ea=0&flash=0&url=http%3A%2F%2Fsubdropflowers.dseffects.com%2FDropFlowers.php%3Fpid%3D6900&dt=1398516501170&bpp=99&bdt=330&shv=r20140422&cbv=r20140417&saldr=sa&correlator=1398516503020&frm=20&ga_vid=700448563.1398516503&ga_sid=1398516503&ga_hid=115465518&ga_fc=0&u_tz=-420&u_his=1&u_java=0&u_h=480&u_w=320&u_ah=480&u_aw=320&u_cd=16&u_nplug=0&u_nmime=0&dff=sans-serif&dfs=16&adx=-74&ady=0&biw=320&bih=460&eid=317150304&oid=3&rx=0&eae=4&fc=2&vis=1&fu=0&ifi=1&dtd=2086" line: 22 column: 556 source: "#adunit {background-color: #ffffff;height: 60px;width: 468px;}#ads {height: 60px;left: 0px;position: absolute;top: 0px;width: 468px;}#ads ul{list-style: none;}#ads ul li {clear: both;float: left;line-height: 0;overflow: hidden;position: relative;  }#ads table {border-collapse: collap
04-26 05:48:36.000 E/GeckoConsole( 1407): [JavaScript Warning: "Unknown property '-moz-border-radius'.  Declaration dropped." {file: "http://subdropflowers.dseffects.com/DropFlowers.php?pid=6900" line: 2 column: 184 source: ".fb_dialog{background:rgba(82, 82, 82, .7);position:absolute;top:-10000px;z-index:10001}.fb_reset .fb_dialog_legacy{overflow:visible}.fb_dialog_advanced{padding:10px;-moz-border-radius:8px;-webkit-border-radius:8px;border-radius:8px}.fb_dialog_content{background:#fff;color:#333}.fb_dialog_close_icon{background:url(http://static.ak.fbcdn.net/rsrc.php/v2/yq/r/IE9JII6Z1Ys.png) no-repeat scroll 0 0 transparent;_background-image:url(http://static.ak.fbcdn.net/rsrc.php/v2/yL/r/s816eWC-2sl.gif);cursor:pointer;display:block;height:15px;position:absolute;right:18px;top:17px;width:15px}.fb_dialog_mobile .fb_dialog_close_icon{top:5px;left:5px;right:auto}.fb_dialog_padding{background-color:transparent;position:absolute;width:1px;z-index:-1}.fb_dialog_close_icon:hover{background:url(http://static.ak.fbcdn.net/rsrc.php/v2/yq/r/IE9JII6Z1Ys.png
04-26 05:48:36.010 E/GeckoConsole( 1407): [JavaScript Warning: "Expected 'none' or URL but found 'alpha('.  Error in parsing value for 'filter'.  Declaration dropped." {file: "http://subdropflowers.dseffects.com/DropFlowers.php?pid=6900" line: 2 column: 2112 source: ".fb_dialog{background:rgba(82, 82, 82, .7);position:absolute;top:-10000px;z-index:10001}.fb_reset .fb_dialog_legacy{overflow:visible}.fb_dialog_advanced{padding:10px;-moz-border-radius:8px;-webkit-border-radius:8px;border-radius:8px}.fb_dialog_content{background:#fff;color:#333}.fb_dialog_close_icon{background:url(http://static.ak.fbcdn.net/rsrc.php/v2/yq/r/IE9JII6Z1Ys.png) no-repeat scroll 0 0 transparent;_background-image:url(http://static.ak.fbcdn.net/rsrc.php/v2/yL/r/s816eWC-2sl.gif);cursor:pointer;display:block;height:15px;position:absolute;right:18px;top:17px;width:15px}.fb_dialog_mobile .fb_dialog_close_icon{top:5px;left:5px;right:auto}.fb_dialog_padding{background-color:transparent;position:absolute;width:1px;z-index:-1}.fb_dialog_close_icon:hover{background:url(http://static.ak
04-26 05:48:36.020 E/GeckoConsole( 1407): [JavaScript Warning: "Error in parsing value for 'background'.  Declaration dropped." {file: "http://subdropflowers.dseffects.com/DropFlowers.php?pid=6900" line: 2 column: 3578 source: ".fb_dialog{background:rgba(82, 82, 82, .7);position:absolute;top:-10000px;z-index:10001}.fb_reset .fb_dialog_legacy{overflow:visible}.fb_dialog_advanced{padding:10px;-moz-border-radius:8px;-webkit-border-radius:8px;border-radius:8px}.fb_dialog_content{background:#fff;color:#333}.fb_dialog_close_icon{background:url(http://static.ak.fbcdn.net/rsrc.php/v2/yq/r/IE9JII6Z1Ys.png) no-repeat scroll 0 0 transparent;_background-image:url(http://static.ak.fbcdn.net/rsrc.php/v2/yL/r/s816eWC-2sl.gif);cursor:pointer;display:block;height:15px;position:absolute;right:18px;top:17px;width:15px}.fb_dialog_mobile .fb_dialog_close_icon{top:5px;left:5px;right:auto}.fb_dialog_padding{background-color:transparent;position:absolute;width:1px;z-index:-1}.fb_dialog_close_icon:hover{background:url(http://static.ak.fbcdn.net/rsrc.php/v2/yq/r/IE9JII6Z1Ys.
04-26 05:48:36.020 E/GeckoConsole( 1407): [JavaScript Warning: "Error in parsing value for 'background'.  Declaration dropped." {file: "http://subdropflowers.dseffects.com/DropFlowers.php?pid=6900" line: 2 column: 4247 source: ".fb_dialog{background:rgba(82, 82, 82, .7);position:absolute;top:-10000px;z-index:10001}.fb_reset .fb_dialog_legacy{overflow:visible}.fb_dialog_advanced{padding:10px;-moz-border-radius:8px;-webkit-border-radius:8px;border-radius:8px}.fb_dialog_content{background:#fff;color:#333}.fb_dialog_close_icon{background:url(http://static.ak.fbcdn.net/rsrc.php/v2/yq/r/IE9JII6Z1Ys.png) no-repeat scroll 0 0 transparent;_background-image:url(http://static.ak.fbcdn.net/rsrc.php/v2/yL/r/s816eWC-2sl.gif);cursor:pointer;display:block;height:15px;position:absolute;right:18px;top:17px;width:15px}.fb_dialog_mobile .fb_dialog_close_icon{top:5px;left:5px;right:auto}.fb_dialog_padding{background-color:transparent;position:absolute;width:1px;z-index:-1}.fb_dialog_close_icon:hover{background:url(http://static.ak.fbcdn.net/rsrc.php/v2/yq/r/IE9JII6Z1Ys.
04-26 05:48:36.020 E/GeckoConsole( 1407): [JavaScript Warning: "Unknown property 'zoom'.  Declaration dropped." {file: "http://subdropflowers.dseffects.com/DropFlowers.php?pid=6900" line: 3 column: 475 source: ".fb_iframe_widget{display:inline-block;position:relative}.fb_iframe_widget span{display:inline-block;position:relative;text-align:justify}.fb_iframe_widget iframe{position:absolute}.fb_iframe_widget_lift{z-index:1}.fb_hide_iframes iframe{position:relative;left:-10000px}.fb_iframe_widget_loader{position:relative;display:inline-block}.fb_iframe_widget_fluid{display:inline}.fb_iframe_widget_fluid span{width:100%}.fb_iframe_widget_loader iframe{min-height:32px;z-index:2;zoom:1}.fb_iframe_widget_loader .FB_Loader{background:url(http://static.ak.fbcdn.net/rsrc.php/v2/y9/r/jKEcVPZFk-2.gif) no-repeat;height:32px;width:32px;margin-left:-16px;position:absolute;left:50%;z-index:4}"}]
04-26 05:48:36.020 E/GeckoConsole( 1407): [JavaScript Warning: "Error in parsing value for 'top'.  Declaration dropped." {file: "http://subdropflowers.dseffects.com/DropFlowers.php?pid=6900" line: 4 column: 845 source: ".fb_connect_bar_container div,.fb_connect_bar_container span,.fb_connect_bar_container a,.fb_connect_bar_container img,.fb_connect_bar_container strong{background:none;border-spacing:0;border:0;direction:ltr;font-style:normal;font-variant:normal;letter-spacing:normal;line-height:1;margin:0;overflow:visible;padding:0;text-align:left;text-decoration:none;text-indent:0;text-shadow:none;text-transform:none;visibility:visible;white-space:normal;word-spacing:normal;vertical-align:baseline}.fb_connect_bar_container{position:fixed;left:0 !important;right:0 !important;height:42px !important;padding:0 25px !important;margin:0 !important;vertical-align:middle !important;border-bottom:1px solid #333 !important;background:#3b5998 !important;z-index:99999999 !important;overflow:hidden !important}.fb_connect_bar_container_ie6{position:absolute;top:
04-26 05:48:36.470 I/Gonk    (   84): Setting nice for pid 1468 to 18
04-26 05:48:36.470 I/Gonk    (   84): Changed nice for pid 1468 from 18 to 18.
04-26 05:48:36.470 I/Gecko   (   84): [Parent 84] WARNING: waitpid failed pid:1468 errno:10: file ../../../gecko/ipc/chromium/src/base/process_util_posix.cc, line 254
04-26 05:48:36.480 I/Gonk    (   84): Setting nice for pid 1468 to 1
04-26 05:48:36.480 I/Gonk    (   84): Changed nice for pid 1468 from 18 to 1.
04-26 05:48:36.540 I/Gonk    (   84): Setting nice for pid 1468 to 18
04-26 05:48:36.540 I/Gonk    (   84): Changed nice for pid 1468 from 1 to 18.
04-26 05:48:37.100 I/Gecko   (   84): [Parent 84] WARNING: pipe error (148): Connection reset by peer: file ../../../gecko/ipc/chromium/src/chrome/common/ipc_channel_posix.cc, line 446
04-26 05:48:37.930 I/Gecko   (   84): 
04-26 05:48:37.930 I/Gecko   (   84): ###!!! [Parent][MessageChannel] Error: Channel error: cannot send/recv
04-26 05:48:37.930 I/Gecko   (   84): 
04-26 05:48:38.030 I/Gecko   (   84): 
04-26 05:48:38.030 I/Gecko   (   84): ###!!! [Parent][MessageChannel] Error: Channel error: cannot send/recv
04-26 05:48:38.030 I/Gecko   (   84): 
04-26 05:48:38.030 I/Gecko   (   84): [Parent 84] WARNING: FileDescriptorSet destroyed with unconsumed descriptors: file ../../../gecko/ipc/chromium/src/chrome/common/file_descriptor_set_posix.cc, line 20
04-26 05:48:38.040 I/Gecko   (   84): 
04-26 05:48:38.040 I/Gecko   (   84): ###!!! [Parent][MessageChannel] Error: Channel error: cannot send/recv
04-26 05:48:38.040 I/Gecko   (   84): 
04-26 05:48:38.110 I/GeckoDump(   84): Crash reporter : Can't fetch app.reportCrashes. Exception: [Exception... "Component returned failure code: 0x8000ffff (NS_ERROR_UNEXPECTED) [nsIPrefBranch.getBoolPref]"  nsresult: "0x8000ffff (NS_ERROR_UNEXPECTED)"  location: "JS frame :: chrome://browser/content/shell.js :: shell_reportCrash :: line 7"  data: no]
04-26 05:48:38.120 E/GeckoConsole(   84): Content JS LOG at dummy file:326 in GaiaApps.launch/appOpen/<: app with origin 'http://subdropflowers.dseffects.com' has launched
04-26 05:48:38.120 I/Gecko   (   84): 1398516518133	Marionette	INFO	sendToClient: {"from":"0","value":{"frame":{"ELEMENT":"{d206421a-34ba-4391-97c9-a68da7459edd}"},"src":"http://subdropflowers.dseffects.com/DropFlowers.php?pid=6900","name":"DropFlowers","origin":"http://subdropflowers.dseffects.com"}}, {b7601861-ac24-4175-8761-b71832929d97}, {b7601861-ac24-4175-8761-b71832929d97}
04-26 05:48:38.220 E/[Gralloc-ERROR](   84): int gralloc_unregister_buffer(const gralloc_module_t*, const native_handle_t*):274 Trying to unregister buffer 0x45f1bb00 from process 84 that was not created in current process: 84
04-26 05:48:38.220 W/WifiHW  (   84): wifi_command: SIGNAL_POLL
04-26 05:48:38.360 E/[Gralloc-ERROR](   84): int gralloc_unregister_buffer(const gralloc_module_t*, const native_handle_t*):274 Trying to unregister buffer 0x45f1b9c0 from process 84 that was not created in current process: 84
04-26 05:48:38.380 E/[Gralloc-ERROR](   84): int gralloc_unregister_buffer(const gralloc_module_t*, const native_handle_t*):274 Trying to unregister buffer 0x45f1bd80 from process 84 that was not created in current process: 84
04-26 05:48:38.380 E/[Gralloc-ERROR](   84): int gralloc_unregister_buffer(const gralloc_module_t*, const native_handle_t*):274 Trying to unregister buffer 0x45f1bba0 from process 84 that was not created in current process: 84
04-26 05:48:38.380 I/Gecko   (   84): [Parent 84] WARNING: waitpid failed pid:1468 errno:10: file ../../../gecko/ipc/chromium/src/base/process_util_posix.cc, line 254
04-26 05:48:38.440 I/Gecko   (   84): 1398516518451	Marionette	DEBUG	Got request: switchToFrame, data: {"to":"0","sessionId":"3-b2g","name":"switchToFrame","parameters":{"focus":true,"element":"{d206421a-34ba-4391-97c9-a68da7459edd}"}}, id: {d2c7aaea-a9a0-4833-aa2a-b62002251f87}
04-26 05:48:38.470 I/Gecko   (   84): 1398516518487	Marionette	INFO	Switched to frame: {"frameValue":"{d206421a-34ba-4391-97c9-a68da7459edd}"}
04-26 05:48:38.590 I/Gecko   (   84): 1398516518601	Marionette	INFO	trying remote frame 0
04-26 05:48:38.600 I/Gecko   (   84): 1398516518613	Marionette	INFO	trying remote frame 1
04-26 05:48:38.610 I/Gecko   (   84): 1398516518625	Marionette	INFO	trying remote frame 2
04-26 05:48:38.610 I/Gecko   (   84): 1398516518627	Marionette	INFO	deleting frame
04-26 05:48:38.620 I/Gecko   (   84): 1398516518633	Marionette	INFO	frame-manager load script: [object ChromeMessageSender]
04-26 05:48:40.380 I/Gecko   (   84): [Parent 84] WARNING: waitpid failed pid:1468 errno:10: file ../../../gecko/ipc/chromium/src/base/process_util_posix.cc, line 254
04-26 05:48:40.380 I/Gecko   (   84): [Parent 84] WARNING: Failed to deliver SIGKILL to 1468!(3).: file ../../../gecko/ipc/chromium/src/chrome/common/process_watcher_posix_sigchld.cc, line 118
04-26 05:48:40.950 I/Gecko   ( 1407): No permission to use the keyboard API for http://googleads.g.doubleclick.net
04-26 05:48:42.170 I/Gonk    (   84): Setting nice for pid 1501 to 18
04-26 05:48:42.170 I/Gonk    (   84): Changed nice for pid 1501 from 0 to 18.
04-26 05:48:43.360 W/WifiHW  (   84): wifi_command: SIGNAL_POLL
04-26 05:48:44.330 I/Gecko   (   84): 1398516524343	Marionette	INFO	sendToClient: {"from":"0","ok":true}, {d2c7aaea-a9a0-4833-aa2a-b62002251f87}, {d2c7aaea-a9a0-4833-aa2a-b62002251f87}
04-26 05:48:44.630 I/Gecko   (   84): 1398516524643	Marionette	INFO	sendToClient: {"from":"0","value":"http://subdropflowers.dseffects.com/DropFlowers.php?pid=6900"}, {574d8523-740c-4040-af2f-e6310407e061}, {574d8523-740c-4040-af2f-e6310407e061}
04-26 05:48:44.640 I/Gecko   (   84): 1398516524652	Marionette	DEBUG	Got request: execute, data: {"to":"0","sessionId":"3-b2g","name":"executeScript","parameters":{"specialPowers":false,"scriptTimeout":null,"newSandbox":true,"args":[],"filename":"app_checker.py","script":"return window.document.readyState;","line":191}}, id: {8481db34-6313-403a-9d0d-cecc8a3d1b08}
04-26 05:48:44.900 I/Gecko   (   84): 1398516524919	Marionette	INFO	sendToClient: {"from":"0","value":"complete"}, {8481db34-6313-403a-9d0d-cecc8a3d1b08}, {8481db34-6313-403a-9d0d-cecc8a3d1b08}
04-26 05:48:44.960 I/Gecko   (   84): 1398516524975	Marionette	INFO	sendToClient: {"from":"0","value":"http://subdropflowers.dseffects.com/DropFlowers.php?pid=6900"}, {976d6b43-1c01-4519-bcc4-a971c2075171}, {976d6b43-1c01-4519-bcc4-a971c2075171}
04-26 05:48:44.980 I/Gecko   ( 1407): Attempting load of libEGL.so
04-26 05:48:45.070 D/libEGL  ( 1407): loaded /system/lib/egl/libEGL_mali.so
04-26 05:48:45.120 D/libEGL  ( 1407): loaded /system/lib/egl/libGLESv1_CM_mali.so
04-26 05:48:45.120 D/libEGL  ( 1407): loaded /system/lib/egl/libGLESv2_mali.so
04-26 05:48:45.180 I/Gecko   ( 1407): SharedSurface_Gralloc::Create -------
04-26 05:48:45.210 I/Gecko   ( 1407): SharedSurface_Gralloc::Create: success -- surface 0x44bf1940, GraphicBuffer 0x45e88b00.
04-26 05:48:45.290 E/Profiler(   84): BPUnw: [1 total] thread_unregister_for_profiling(me=0x183968)  (NOT REGISTERED) 
04-26 05:48:45.960 E/Profiler(   84): BPUnw: [1 total] thread_unregister_for_profiling(me=0x171058)  (NOT REGISTERED) 
04-26 05:48:46.220 I/Gecko   (   84): 1398516526215	Marionette	INFO	sendToClient: {"from":"0","value":"iVBORw0KGgoAAAANSUhEUgAAAUAAAAHMCAYAAACk4nEJAAAgAElEQVR4nOydd3xTVf/Hwy5Q2soQfi5EfRT0cYLQQgvI0AcQEJS9RMQByB4ySpmFlqHIcoAigqgsGWWXIVCZBRlpaemgK5SOtE2bm3nfvz9ukqa7jOdRyHm/Xt9Xkpubc8+59+aT7/d8zzlRIRAIBC6K6u+ugEAgEPxdCAEUCAQuyz0XwLw8iIhQHu+Gkydh6VIwGpXX2dlw+TLI8t3XsaRjlIXBALGxoNffuzoIBIK/j3sugCNHgkqliNXd8MILSjn79yuv27dXXpvNd1/Hko5RFveqbQKB4J/BP1YA9+0Df3+QJOV1cQJ44AD06QNnztybY5RFedp2t3USCAT/O/6xAliY4gRwwQJl29699/ZYdmQZbtxQwuTExPK17b9dJ4FAcO9QDRgA16/DsGHQvDl8/DFoNPk7pKTAuHHQogW0aQPjx0NCQskF2kVi50744AOlzE8+gdTU/H2+/FLxkrTa/G2jRilW0j6FBXDyZHjxRWVb69bKvkePFl+ntWuhXz+lLX36wGuvQXJy0WOYzbB8Obz5JjzxBFSpopSvUsGqVfltO3hQqWvz5vDeexATc/t1EggEfz8qlQq8vOCNNxSRqFABnnlG6fDPyoInn4RatWDgQOjfHx56CKZMKblAu0hUqKCU2bev8vy55/KTDX36KPs4C23DhorZKbxPYQEcOxaaNFG2eXtD9+5w4ULpdXr5ZfDwgGefVcopfIxBg5S6Dh8Os2bBY4+Br6+S+JDl/HIqVQI/P6VtlSpBy5a3XyeBQPD3o1KplBDPzuTJyhd440bYtUt57ix4mZmlZ0HtIuFc5oQJyrZfflFe3wsBhPKHm/Y6Pf885OQUf4wbN5Tnffrkv79li7Jtz56C5QQG5u/TvDlUrAgm0+3VSSAQ/P2oCvdpHTqkfI
04-26 05:48:47.870 E/Profiler(   84): BPUnw: [1 total] thread_unregister_for_profiling(me=0x17dbc0)  (NOT REGISTERED) 
04-26 05:48:50.790 I/Gecko   ( 1407): [SharedSurface_Gralloc 0x44bf1940] destroyed
04-26 05:48:50.890 W/WifiHW  (   84): wifi_command: SIGNAL_POLL
04-26 05:48:51.220 I/GonkMemoryPressure( 1407): Checking to see if memory pressure is over.
04-26 05:48:51.230 I/GonkMemoryPressure( 1407): Memory pressure is over.
04-26 05:48:51.230 I/Gecko   (   84): 1398516531230	Marionette	INFO	sendToClient: {"from":"0","ok":true}, {fe8e312e-8735-4511-b959-5a55634a3964}, {fe8e312e-8735-4511-b959-5a55634a3964}
04-26 05:48:51.240 I/Gecko   (   84): 1398516531253	Marionette	DEBUG	Got request: switchToFrame, data: {"to":"0","sessionId":"3-b2g","name":"switchToFrame","parameters":{"id":null,"focus":true}}, id: {5742ed43-6844-46a5-a1c0-de7aaf539ba5}
04-26 05:48:51.250 I/GonkMemoryPressure(   84): Checking to see if memory pressure is over.
04-26 05:48:51.260 I/GonkMemoryPressure(   84): Memory pressure is over.
04-26 05:48:51.280 I/Gecko   (   84): 1398516531293	Marionette	INFO	Switched to frame: {"frameValue":null}
04-26 05:48:51.360 I/GonkMemoryPressure( 1501): Checking to see if memory pressure is over.
04-26 05:48:51.360 I/GonkMemoryPressure( 1501): Memory pressure is over.
04-26 05:48:51.430 I/Gecko   (   84): 1398516531445	Marionette	INFO	sendToClient: {"from":"0","ok":true}, {5742ed43-6844-46a5-a1c0-de7aaf539ba5}, {5742ed43-6844-46a5-a1c0-de7aaf539ba5}
04-26 05:48:51.440 I/Gecko   (   84): 1398516531452	Marionette	DEBUG	Got request: executeWithCallback, data: {"to":"0","sessionId":"3-b2g","name":"executeAsyncScript","parameters":{"specialPowers":false,"scriptTimeout":null,"newSandbox":true,"args":[],"filename":"gaia_test.py","script":"return GaiaApps.displayedApp();","line":66}}, id: {b4336bfa-cc28-4a4e-9003-1dfb426ed101}
04-26 05:48:51.870 E/GeckoConsole(   84): Content JS LOG at dummy file:392 in GaiaApps.displayedApp: app with origin 'http://subdropflowers.dseffects.com' is displayed
04-26 05:48:51.910 I/Gecko   (   84): 1398516531924	Marionette	INFO	sendToClient: {"from":"0","value":{"frame":{"ELEMENT":"{d206421a-34ba-4391-97c9-a68da7459edd}"},"src":"http://subdropflowers.dseffects.com/DropFlowers.php?pid=6900","name":"DropFlowers","origin":"http://subdropflowers.dseffects.com"}}, {b4336bfa-cc28-4a4e-9003-1dfb426ed101}, {b4336bfa-cc28-4a4e-9003-1dfb426ed101}
04-26 05:48:52.250 I/Gecko   (   84): 1398516532264	Marionette	DEBUG	Got request: switchToFrame, data: {"to":"0","sessionId":"3-b2g","name":"switchToFrame","parameters":{"id":null,"focus":true}}, id: {31daac8f-525e-49e4-ab96-2da0c1bd7e9e}
04-26 05:48:52.300 I/Gecko   (   84): 1398516532313	Marionette	INFO	Switched to frame: {"frameValue":null}
04-26 05:48:52.730 I/Gecko   (   84): 1398516532743	Marionette	INFO	sendToClient: {"from":"0","ok":true}, {31daac8f-525e-49e4-ab96-2da0c1bd7e9e}, {31daac8f-525e-49e4-ab96-2da0c1bd7e9e}
04-26 05:48:52.750 I/Gecko   (   84): 1398516532766	Marionette	DEBUG	Got request: execute, data: {"to":"0","sessionId":"3-b2g","name":"executeScript","parameters":{"specialPowers":false,"scriptTimeout":null,"newSandbox":true,"args":[],"filename":"gaia_test.py","script":"window.wrappedJSObject.dispatchEvent(new Event('home'));","line":788}}, id: {8226cb04-1a1c-41b3-924a-4995cf8eb20b}
04-26 05:48:52.890 I/Gonk    (   84): Setting nice for pid 1501 to 18
04-26 05:48:52.890 I/Gonk    (   84): Changed nice for pid 1501 from 18 to 18.
04-26 05:48:52.900 I/Gecko   (   84): [Parent 84] WARNING: waitpid failed pid:1501 errno:10: file ../../../gecko/ipc/chromium/src/base/process_util_posix.cc, line 254
04-26 05:48:52.920 I/Gonk    (   84): Setting nice for pid 1501 to 1
04-26 05:48:52.920 I/Gonk    (   84): Changed nice for pid 1501 from 18 to 1.
04-26 05:48:52.940 D/Sensors (   84): activate handle=0; drv=0
04-26 05:48:52.940 D/Sensors (   84): Lis3dhSensor: Control set 0
04-26 05:48:52.940 D/Sensors (   84): Lis3dhSensor: mEnabled = 0
04-26 05:48:52.990 I/Gecko   (   84): 1398516533002	Marionette	INFO	sendToClient: {"from":"0","value":null}, {8226cb04-1a1c-41b3-924a-4995cf8eb20b}, {8226cb04-1a1c-41b3-924a-4995cf8eb20b}
04-26 05:48:53.000 I/Gecko   (   84): 1398516533016	Marionette	DEBUG	Got request: switchToFrame, data: {"to":"0","sessionId":"3-b2g","name":"switchToFrame","parameters":{"id":null,"focus":true}}, id: {0b62b7e4-eb36-4260-bda8-05e330bfb78d}
04-26 05:48:53.010 I/Gecko   (   84): 1398516533021	Marionette	INFO	Switched to frame: {"frameValue":null}
04-26 05:48:53.120 I/Gecko   (   84): 1398516533131	Marionette	INFO	sendToClient: {"from":"0","ok":true}, {0b62b7e4-eb36-4260-bda8-05e330bfb78d}, {0b62b7e4-eb36-4260-bda8-05e330bfb78d}
04-26 05:48:53.120 I/Gecko   (   84): 1398516533138	Marionette	DEBUG	Got request: executeWithCallback, data: {"to":"0","sessionId":"3-b2g","name":"executeAsyncScript","parameters":{"specialPowers":false,"scriptTimeout":null,"newSandbox":true,"args":[],"filename":"gaia_test.py","script":"return GaiaApps.displayedApp();","line":66}}, id: {56101698-7896-43cc-9d0b-b811be3fd5ac}
04-26 05:48:53.460 E/GeckoConsole(   84): Content JS LOG at dummy file:392 in GaiaApps.displayedApp: app with origin 'app://homescreen.gaiamobile.org' is displayed
04-26 05:48:53.460 I/Gecko   (   84): 1398516533475	Marionette	INFO	sendToClient: {"from":"0","value":{"frame":{"ELEMENT":"{c9db4812-ab01-472f-90af-a983be73ba77}"},"src":"app://homescreen.gaiamobile.org/index.html#root","name":"Homescreen","origin":"app://homescreen.gaiamobile.org"}}, {56101698-7896-43cc-9d0b-b811be3fd5ac}, {56101698-7896-43cc-9d0b-b811be3fd5ac}
04-26 05:48:53.640 I/Gecko   (   84): 1398516533656	Marionette	DEBUG	Got request: switchToFrame, data: {"to":"0","sessionId":"3-b2g","name":"switchToFrame","parameters":{"id":null,"focus":true}}, id: {efc1d14e-77f5-41bf-927c-d0c948be25ed}
04-26 05:48:53.640 I/Gecko   (   84): 1398516533659	Marionette	INFO	Switched to frame: {"frameValue":null}
04-26 05:48:53.750 I/Gecko   (   84): 1398516533761	Marionette	INFO	sendToClient: {"from":"0","ok":true}, {efc1d14e-77f5-41bf-927c-d0c948be25ed}, {efc1d14e-77f5-41bf-927c-d0c948be25ed}
04-26 05:48:53.750 I/Gecko   (   84): 1398516533767	Marionette	DEBUG	Got request: switchToFrame, data: {"to":"0","sessionId":"3-b2g","name":"switchToFrame","parameters":{"id":null,"focus":true}}, id: {753289ef-3cee-4de1-961e-b4ed586b23f7}
04-26 05:48:53.750 I/Gecko   (   84): 1398516533769	Marionette	INFO	Switched to frame: {"frameValue":null}
04-26 05:48:53.860 I/Gecko   (   84): 1398516533873	Marionette	INFO	sendToClient: {"from":"0","ok":true}, {753289ef-3cee-4de1-961e-b4ed586b23f7}, {753289ef-3cee-4de1-961e-b4ed586b23f7}
04-26 05:48:53.870 I/Gecko   (   84): 1398516533880	Marionette	DEBUG	Got request: executeWithCallback, data: {"to":"0","sessionId":"3-b2g","name":"executeAsyncScript","parameters":{"specialPowers":false,"scriptTimeout":null,"newSandbox":true,"args":[],"filename":"gaia_test.py","script":"return GaiaApps.displayedApp();","line":66}}, id: {2f198dc5-ded8-425b-ba4c-f7853f40e68d}
04-26 05:48:54.310 I/Gecko   (   84): 1398516534327	Marionette	INFO	sendToClient: {"from":"0","value":{"frame":{"ELEMENT":"{c9db4812-ab01-472f-90af-a983be73ba77}"},"src":"app://homescreen.gaiamobile.org/index.html#root","name":"Homescreen","origin":"app://homescreen.gaiamobile.org"}}, {2f198dc5-ded8-425b-ba4c-f7853f40e68d}, {2f198dc5-ded8-425b-ba4c-f7853f40e68d}
04-26 05:48:54.340 E/GeckoConsole(   84): Content JS LOG at dummy file:392 in GaiaApps.displayedApp: app with origin 'app://homescreen.gaiamobile.org' is displayed
