04-25 02:14:39.409 I/Gecko   (   84): [Parent 84] WARNING: waitpid failed pid:1394 errno:10: file ../../../gecko/ipc/chromium/src/base/process_util_posix.cc, line 254
04-25 02:14:39.429 I/Gecko   (   84): 1398417279439	Marionette	INFO	sendToClient: {"from":"0","ok":true}, {dcafe927-df5a-416a-a971-f68cc9c4ad71}, {dcafe927-df5a-416a-a971-f68cc9c4ad71}
04-25 02:14:39.489 I/Gecko   (   84): 1398417279499	Marionette	INFO	sendToClient: {"from":"0","value":"app://{84ec7f18-7aa4-4366-80fb-202ae734c541}/main/index.html"}, {6d0eee3f-4ddb-464c-9887-1152daf93dbb}, {6d0eee3f-4ddb-464c-9887-1152daf93dbb}
04-25 02:14:39.489 I/Gecko   (   84): 1398417279506	Marionette	DEBUG	Got request: execute, data: {"to":"0","sessionId":"3-b2g","name":"executeScript","parameters":{"specialPowers":false,"scriptTimeout":null,"newSandbox":true,"args":[],"filename":"app_checker.py","script":"return window.document.readyState;","line":191}}, id: {11c4f45c-0b6a-41e4-8b08-3f4d6801a55d}
04-25 02:14:39.569 I/Gecko   (   84): 1398417279583	Marionette	INFO	sendToClient: {"from":"0","value":"complete"}, {11c4f45c-0b6a-41e4-8b08-3f4d6801a55d}, {11c4f45c-0b6a-41e4-8b08-3f4d6801a55d}
04-25 02:14:39.579 I/Gecko   (   84): 1398417279592	Marionette	INFO	sendToClient: {"from":"0","value":"app://{84ec7f18-7aa4-4366-80fb-202ae734c541}/main/index.html"}, {0e3cb342-4118-400d-827d-8b17f29641a6}, {0e3cb342-4118-400d-827d-8b17f29641a6}
04-25 02:14:39.589 I/Gecko   ( 1337): Attempting load of libEGL.so
04-25 02:14:39.649 D/libEGL  ( 1337): loaded /system/lib/egl/libEGL_mali.so
04-25 02:14:39.679 D/libEGL  ( 1337): loaded /system/lib/egl/libGLESv1_CM_mali.so
04-25 02:14:39.679 D/libEGL  ( 1337): loaded /system/lib/egl/libGLESv2_mali.so
04-25 02:14:39.759 I/Gecko   ( 1337): SharedSurface_Gralloc::Create -------
04-25 02:14:39.779 I/Gecko   ( 1337): SharedSurface_Gralloc::Create: success -- surface 0x45266040, GraphicBuffer 0x4523f000.
04-25 02:14:41.419 I/Gecko   (   84): [Parent 84] WARNING: waitpid failed pid:1394 errno:10: file ../../../gecko/ipc/chromium/src/base/process_util_posix.cc, line 254
04-25 02:14:41.419 I/Gecko   (   84): [Parent 84] WARNING: Failed to deliver SIGKILL to 1394!(3).: file ../../../gecko/ipc/chromium/src/chrome/common/process_watcher_posix_sigchld.cc, line 118
04-25 02:14:44.479 I/Gecko   (   84): 1398417284441	Marionette	INFO	sendToClient: {"from":"0","value":"iVBORw0KGgoAAAANSUhEUgAAAUAAAAHMCAYAAACk4nEJAAAgAElEQVR4nLzdZ1yc55n3/ez9OMlmN5s4Xmc3cZoTNzm247j3uMhqqFmod8mo994lUwZmGHrviM7Q6wAD03sfGGAoEkgISVjFIraSkMTP7u95MSNEk+z1s7lf/D9ohrkAfWbmy3Gex3FdfKvz/A3c567jPjeEu+du2nqGcN5J1+DdeAZxdo7NAM7OC95/t/ePi62tH+tozmNt6/XGNXWMDs/42D0YbeNjsLjRjona1I7K4EaltVFWVUdcUhJZubnI1AaURgdyoweVoQ2t2Y3K5EJjbUNhdqKwtKIwulAa21Aa3bTo2lAY25Dr7LTorTQqtZSUlRETn4AwOoakjAwKa1ooadBRLjNSVi8nKSWZ2IRY0s8WkpyWQbgoCLE4DHGkCJFIgCAskJiYCGRyNU1qM80aB3KVBZnWgkxppbFZw9ncHMQRYSSnJdPQrKZFY6NZ66JF56JF50Shd6IwOJEbLagMrSg0LpQ6G/WNjSSlplLTIEOhtaLQeR83NlqT+6tj+V+I+X7foxWtyYna6ERrcqHQO2jRWVAZrMg1ZmRKA41yFZW1DeQXFpOcmkJ0bCQRMQLEUcFEx0SRkZ6JpLiUpoZmmrUGNGY7epsbo60Ls6MXs/McZlcPVncvtlYPttY+bHdebx3nsLf34mzvw9nZf59Mfl27ui7i7hr0pnsQd9cVXD2XcPUM0NZzmfaeIVp7hmjtHqSzawBP1yDunkHcPZe976Nz1+jsG6S9dwD3+Su4zw/Rfv4q7nOD2M9dpvXcVTyey3R0X6ezZ5DO7gE6+67i6fuU3v5r9F64TteF6/QO3KD74g16B27SOzBM7+AwvZd8GRyTK8P0XRmm/06GxuYL+odu382121y4dpvBibl+m8Eb4zM0LiMMfTZFhke4MTaf+3J7BM/QMJ
04-25 02:14:44.709 W/WifiHW  (   84): wifi_command: SIGNAL_POLL
04-25 02:14:44.949 I/Gonk    (   84): Setting nice for pid 1412 to 18
04-25 02:14:44.949 I/Gonk    (   84): Changed nice for pid 1412 from 0 to 18.
04-25 02:14:45.329
I/GonkMemoryPressure( 1337): Checking to see if memory pressure is over.
04-25 02:14:45.359 I/GonkMemoryPressure(   84): Checking to see if memory pressure is over.
04-25 02:14:45.369 I/GonkMemoryPressure(   84): Memory pressure is over.
04-25 02:14:45.419
I/GonkMemoryPressure( 1337): Memory pressure is over.
04-25 02:14:45.729 I/Gecko   (   84): 1398417285745	Marionette	INFO	sendToClient: {"from":"0","ok":true}, {d0165944-b5ea-40ea-828b-3e3c1c5aba36}, {d0165944-b5ea-40ea-828b-3e3c1c5aba36}
04-25 02:14:45.739 I/Gecko   (   84): 1398417285752	Marionette	DEBUG	Got request: switchToFrame, data: {"to":"0","sessionId":"3-b2g","name":"switchToFrame","parameters":{"id":null,"focus":true}}, id: {8148c369-8112-4ddd-9ec3-73757d752101}
04-25 02:14:45.819 I/Gecko   (   84): 1398417285827	Marionette	INFO	Switched to frame: {"frameValue":null}
04-25 02:14:45.979 I/Gecko   (   84): 1398417285994	Marionette	INFO	sendToClient: {"from":"0","ok":true}, {8148c369-8112-4ddd-9ec3-73757d752101}, {8148c369-8112-4ddd-9ec3-73757d752101}
04-25 02:14:45.989 I/Gecko   (   84): 1398417286001	Marionette	DEBUG	Got request: executeWithCallback, data: {"to":"0","sessionId":"3-b2g","name":"executeAsyncScript","parameters":{"specialPowers":false,"scriptTimeout":null,"newSandbox":true,"args":[],"filename":"gaia_test.py","script":"return GaiaApps.displayedApp();","line":66}}, id: {56a38947-b01e-4c50-b787-9bfa99f3444d}
04-25 02:14:48.209 E/Profiler(   84): BPUnw: [1 total] thread_unregister_for_profiling(me=0xbe1c8)  (NOT REGISTERED) 
04-25 02:14:48.219 E/Profiler(   84): BPUnw: [1 total] thread_unregister_for_profiling(me=0xbee08)  (NOT REGISTERED) 
04-25 02:14:49.099 E/Profiler(   84): BPUnw: [1 total] thread_unregister_for_profiling(me=0xc6608)  (NOT REGISTERED) 
04-25 02:14:49.179
I/GonkMemoryPressure( 1412): Checking to see if memory pressure is over.
04-25 02:14:49.219 E/Profiler(   84): BPUnw: [1 total] thread_unregister_for_profiling(me=0xd6440)  (NOT REGISTERED) 
04-25 02:14:49.279 I/Gecko   ( 1337): [SharedSurface_Gralloc 0x45266040] destroyed
04-25 02:14:49.299
I/GonkMemoryPressure( 1412): Memory pressure is over.
04-25 02:14:49.529 E/Profiler(   84): BPUnw: [1 total] thread_unregister_for_profiling(me=0xc6708)  (NOT REGISTERED) 
04-25 02:14:49.529 E/GeckoConsole(   84): Content JS LOG at dummy file:392 in GaiaApps.displayedApp: app with origin 'app://{84ec7f18-7aa4-4366-80fb-202ae734c541}' is displayed
04-25 02:14:49.529 I/Gecko   (   84): 1398417289546	Marionette	INFO	sendToClient: {"from":"0","value":{"frame":{"ELEMENT":"{49e9d61b-cb40-4e14-968c-d12c6b3b518f}"},"src":"app://{84ec7f18-7aa4-4366-80fb-202ae734c541}/main/index.html","name":"Evangelion Wallpaper Anime","origin":"app://{84ec7f18-7aa4-4366-80fb-202ae734c541}"}}, {56a38947-b01e-4c50-b787-9bfa99f3444d}, {56a38947-b01e-4c50-b787-9bfa99f3444d}
04-25 02:14:49.569 I/Gecko   (   84): 1398417289581	Marionette	DEBUG	Got request: switchToFrame, data: {"to":"0","sessionId":"3-b2g","name":"switchToFrame","parameters":{"id":null,"focus":true}}, id: {a2422bc6-60cf-4430-80a9-753b80e13c68}
04-25 02:14:49.569 I/Gecko   (   84): 1398417289584	Marionette	INFO	Switched to frame: {"frameValue":null}
04-25 02:14:49.689 I/Gecko   (   84): 1398417289697	Marionette	INFO	sendToClient: {"from":"0","ok":true}, {a2422bc6-60cf-4430-80a9-753b80e13c68}, {a2422bc6-60cf-4430-80a9-753b80e13c68}
04-25 02:14:49.729 W/WifiHW  (   84): wifi_command: SIGNAL_POLL
04-25 02:14:49.739 I/Gecko   (   84): 1398417289753	Marionette	DEBUG	Got request: execute, data: {"to":"0","sessionId":"3-b2g","name":"executeScript","parameters":{"specialPowers":false,"scriptTimeout":null,"newSandbox":true,"args":[],"filename":"gaia_test.py","script":"window.wrappedJSObject.dispatchEvent(new Event('home'));","line":788}}, id: {fa328ece-4aef-44e2-b168-3d289fbd69d1}
04-25 02:14:50.169 I/Gonk    (   84): Setting nice for pid 1412 to 18
04-25 02:14:50.169 I/Gonk    (   84): Changed nice for pid 1412 from 18 to 18.
04-25 02:14:50.169 I/Gecko   (   84): [Parent 84] WARNING: waitpid failed pid:1412 errno:10: file ../../../gecko/ipc/chromium/src/base/process_util_posix.cc, line 254
04-25 02:14:50.189 I/Gonk    (   84): Setting nice for pid 1412 to 1
04-25 02:14:50.189 I/Gonk    (   84): Changed nice for pid 1412 from 18 to 1.
04-25 02:14:50.209 D/Sensors (   84): activate handle=0; drv=0
04-25 02:14:50.209 D/Sensors (   84): Lis3dhSensor: Control set 0
04-25 02:14:50.209 D/Sensors (   84): Lis3dhSensor: mEnabled = 0
04-25 02:14:50.349 I/Gecko   (   84): 1398417290365	Marionette	INFO	sendToClient: {"from":"0","value":null}, {fa328ece-4aef-44e2-b168-3d289fbd69d1}, {fa328ece-4aef-44e2-b168-3d289fbd69d1}
04-25 02:14:50.409 I/Gecko   (   84): 1398417290424	Marionette	DEBUG	Got request: switchToFrame, data: {"to":"0","sessionId":"3-b2g","name":"switchToFrame","parameters":{"id":null,"focus":true}}, id: {01da3edb-275e-424d-a518-89914da44308}
04-25 02:14:50.409 I/Gecko   (   84): 1398417290426	Marionette	INFO	Switched to frame: {"frameValue":null}
04-25 02:14:50.519 I/Gecko   (   84): 1398417290530	Marionette	INFO	sendToClient: {"from":"0","ok":true}, {01da3edb-275e-424d-a518-89914da44308}, {01da3edb-275e-424d-a518-89914da44308}
04-25 02:14:50.519 I/Gecko   (   84): 1398417290536	Marionette	DEBUG	Got request: executeWithCallback, data: {"to":"0","sessionId":"3-b2g","name":"executeAsyncScript","parameters":{"specialPowers":false,"scriptTimeout":null,"newSandbox":true,"args":[],"filename":"gaia_test.py","script":"return GaiaApps.displayedApp();","line":66}}, id: {38c15b13-0895-4891-9b05-06e2dede4712}
04-25 02:14:50.599 E/GeckoConsole(   84): Content JS LOG at dummy file:392 in GaiaApps.displayedApp: app with origin 'app://homescreen.gaiamobile.org' is displayed
04-25 02:14:50.609 I/Gecko   (   84): 1398417290617	Marionette	INFO	sendToClient: {"from":"0","value":{"frame":{"ELEMENT":"{04670345-eef7-45f8-865a-1e08e7d81d40}"},"src":"app://homescreen.gaiamobile.org/index.html#root","name":"Homescreen","origin":"app://homescreen.gaiamobile.org"}}, {38c15b13-0895-4891-9b05-06e2dede4712}, {38c15b13-0895-4891-9b05-06e2dede4712}
04-25 02:14:50.619 I/Gecko   (   84): 1398417290631	Marionette	DEBUG	Got request: switchToFrame, data: {"to":"0","sessionId":"3-b2g","name":"switchToFrame","parameters":{"id":null,"focus":true}}, id: {7fe37b3f-a1fd-4520-9c82-07052fb5ce59}
04-25 02:14:50.619 I/Gecko   (   84): 1398417290633	Marionette	INFO	Switched to frame: {"frameValue":null}
04-25 02:14:50.719 I/Gecko   (   84): 1398417290735	Marionette	INFO	sendToClient: {"from":"0","ok":true}, {7fe37b3f-a1fd-4520-9c82-07052fb5ce59}, {7fe37b3f-a1fd-4520-9c82-07052fb5ce59}
04-25 02:14:50.729 I/Gecko   (   84): 1398417290741	Marionette	DEBUG	Got request: switchToFrame, data: {"to":"0","sessionId":"3-b2g","name":"switchToFrame","parameters":{"id":null,"focus":true}}, id: {b8664006-517f-40b3-ba29-9059cc91fcff}
04-25 02:14:50.729 I/Gecko   (   84): 1398417290743	Marionette	INFO	Switched to frame: {"frameValue":null}
04-25 02:14:50.839 I/Gecko   (   84): 1398417290848	Marionette	INFO	sendToClient: {"from":"0","ok":true}, {b8664006-517f-40b3-ba29-9059cc91fcff}, {b8664006-517f-40b3-ba29-9059cc91fcff}
04-25 02:14:50.839 I/Gecko   (   84): 1398417290854	Marionette	DEBUG	Got request: executeWithCallback, data: {"to":"0","sessionId":"3-b2g","name":"executeAsyncScript","parameters":{"specialPowers":false,"scriptTimeout":null,"newSandbox":true,"args":[],"filename":"gaia_test.py","script":"return GaiaApps.displayedApp();","line":66}}, id: {d30654a0-bf78-4b6e-b1b7-3a8b34ec0fb4}
04-25 02:14:50.899 I/Gecko   (   84): 1398417290912	Marionette	INFO	sendToClient: {"from":"0","value":{"frame":{"ELEMENT":"{04670345-eef7-45f8-865a-1e08e7d81d40}"},"src":"app://homescreen.gaiamobile.org/index.html#root","name":"Homescreen","origin":"app://homescreen.gaiamobile.org"}}, {d30654a0-bf78-4b6e-b1b7-3a8b34ec0fb4}, {d30654a0-bf78-4b6e-b1b7-3a8b34ec0fb4}
04-25 02:14:50.909 E/GeckoConsole(   84): Content JS LOG at dummy file:392 in GaiaApps.displayedApp: app with origin 'app://homescreen.gaiamobile.org' is displayed
04-25 02:14:50.909 I/Gecko   (   84): 1398417290923	Marionette	DEBUG	Got request: switchToFrame, data: {"to":"0","sessionId":"3-b2g","name":"switchToFrame","parameters":{"focus":true,"element":"{04670345-eef7-45f8-865a-1e08e7d81d40}"}}, id: {10bd8e51-8e06-42e5-bfe8-222e54f77367}
04-25 02:14:50.929 I/Gecko   (   84): 1398417290943	Marionette	INFO	Switched to frame: {"frameValue":"{04670345-eef7-45f8-865a-1e08e7d81d40}"}
04-25 02:14:50.949 I/Gecko   (   84): 1398417290961	Marionette	INFO	trying remote frame 0
04-25 02:14:50.959 I/Gecko   (   84): 1398417290970	Marionette	INFO	trying remote frame 1
04-25 02:14:50.969 I/Gecko   (   84): 1398417290978	Marionette	INFO	trying remote frame 2
04-25 02:14:50.979 I/Gecko   (   84): 1398417290990	Marionette	INFO	frame-manager load script: [object ChromeMessageSender]
04-25 02:14:52.219 I/Gonk    (   84): Setting nice for pid 1337 to 18
04-25 02:14:52.219 I/Gonk    (   84): Changed nice for pid 1337 from 1 to 18.
04-25 02:14:52.459 I/GonkMemoryPressure(   84): Checking to see if memory pressure is over.
04-25 02:14:52.459 I/GonkMemoryPressure(   84): Memory pressure is over.
04-25 02:14:52.469
I/GonkMemoryPressure( 1337): Checking to see if memory pressure is over.
04-25 02:14:52.479
I/GonkMemoryPressure( 1337): Memory pressure is over.
04-25 02:14:52.769 I/Gecko   ( 1412): ###################################### forms.js loaded
04-25 02:14:52.809 I/Gecko   ( 1412): ############################### browserElementPanning.js loaded
04-25 02:14:52.849 I/Gecko   ( 1412): ######################## BrowserElementChildPreload.js loaded
04-25 02:14:54.109 I/Gecko   (   84): 1398417294121	Marionette	INFO	sendToClient: {"from":"0","ok":true}, {10bd8e51-8e06-42e5-bfe8-222e54f77367}, {10bd8e51-8e06-42e5-bfe8-222e54f77367}
04-25 02:14:54.169 I/Gecko   (   84): 
04-25 02:14:54.169 I/Gecko   (   84): ###!!! [Parent][MessageChannel] Error: Channel error: cannot send/recv
04-25 02:14:54.169 I/Gecko   (   84): 
04-25 02:14:54.269 I/Gecko   (   84): [Parent 84] WARNING: waitpid failed pid:1337 errno:10: file ../../../gecko/ipc/chromium/src/base/process_util_posix.cc, line 254
04-25 02:14:54.729 W/WifiHW  (   84): wifi_command: SIGNAL_POLL
04-25 02:14:54.799 I/Gecko   (   84): 1398417294815	Marionette	INFO	sendToClient: {"from":"0","value":"app://homescreen.gaiamobile.org/index.html#root"}, {4bf974e7-01de-42f7-aa40-595b582d6595}, {4bf974e7-01de-42f7-aa40-595b582d6595}
04-25 02:14:54.909 I/Gecko   (   84): 1398417294921	Marionette	DEBUG	Got request: switchToFrame, data: {"to":"0","sessionId":"3-b2g","name":"switchToFrame","parameters":{"id":null,"focus":true}}, id: {c02e9c62-5c22-459b-b4a5-43e6e036a3d9}
04-25 02:14:54.919 I/Gecko   (   84): 1398417294929	Marionette	INFO	Switched to frame: {"frameValue":null}
04-25 02:14:55.029 I/Gecko   (   84): 1398417295039	Marionette	INFO	sendToClient: {"from":"0","ok":true}, {c02e9c62-5c22-459b-b4a5-43e6e036a3d9}, {c02e9c62-5c22-459b-b4a5-43e6e036a3d9}
04-25 02:14:55.029 I/Gecko   (   84): 1398417295045	Marionette	DEBUG	Got request: switchToFrame, data: {"to":"0","sessionId":"3-b2g","name":"switchToFrame","parameters":{"id":null,"focus":true}}, id: {5f4639df-0f3e-4a3c-8629-aa47e2e35425}
04-25 02:14:55.039 I/Gecko   (   84): 1398417295056	Marionette	INFO	Switched to frame: {"frameValue":null}
04-25 02:14:55.259 I/Gecko   (   84): 1398417295269	Marionette	INFO	sendToClient: {"from":"0","ok":true}, {5f4639df-0f3e-4a3c-8629-aa47e2e35425}, {5f4639df-0f3e-4a3c-8629-aa47e2e35425}
04-25 02:14:55.259 I/Gecko   (   84): 1398417295275	Marionette	DEBUG	Got request: executeWithCallback, data: {"to":"0","sessionId":"3-b2g","name":"executeAsyncScript","parameters":{"specialPowers":false,"scriptTimeout":null,"newSandbox":true,"args":[],"filename":"gaia_test.py","script":"GaiaApps.killAll()","line":91}}, id: {7f762af8-d6c2-4fca-9cc8-5c7bfce99001}
04-25 02:14:55.699 I/Gonk    (   84): Setting nice for pid 1430 to 18
04-25 02:14:55.699 I/Gonk    (   84): Changed nice for pid 1430 from 0 to 18.
04-25 02:14:55.769 E/GeckoConsole(   84): Content JS LOG at dummy file:266 in GaiaApps.kill: terminating app with origin 'app://browser.gaiamobile.org'
04-25 02:14:55.769 E/GeckoConsole(   84): Content JS LOG at dummy file:258 in GaiaApps.kill/gt_onAppTerminated/<: app with origin 'app://browser.gaiamobile.org' has terminated
04-25 02:14:55.949 I/Gecko   (   84): 1398417295965	Marionette	INFO	sendToClient: {"from":"0","value":true}, {7f762af8-d6c2-4fca-9cc8-5c7bfce99001}, {7f762af8-d6c2-4fca-9cc8-5c7bfce99001}
04-25 02:14:56.269 I/Gecko   (   84): [Parent 84] WARNING: waitpid failed pid:1337 errno:10: file ../../../gecko/ipc/chromium/src/base/process_util_posix.cc, line 254
04-25 02:14:56.279 I/Gecko   (   84): [Parent 84] WARNING: Failed to deliver SIGKILL to 1337!(3).: file ../../../gecko/ipc/chromium/src/chrome/common/process_watcher_posix_sigchld.cc, line 118