--------- beginning of /dev/log/main
04-26 11:22:23.901 I/Gecko   (   84): 1398536543915	Marionette	INFO	sendToClient: {"from":"0","ok":true}, {5764d971-a23d-4e41-9b07-1b75647c16b5}, {5764d971-a23d-4e41-9b07-1b75647c16b5}
04-26 11:22:23.931 I/Gecko   (   84): 1398536543942	Marionette	DEBUG	Got request: switchToFrame, data: {"to":"0","sessionId":"3-b2g","name":"switchToFrame","parameters":{"id":null,"focus":true}}, id: {5e95d11a-76fc-4330-98c8-1d5c44e16835}
04-26 11:22:23.941 I/Gecko   (   84): 1398536543952	Marionette	INFO	Switched to frame: {"frameValue":null}
04-26 11:22:24.041 I/Gecko   (   84): 1398536544058	Marionette	INFO	sendToClient: {"from":"0","ok":true}, {5e95d11a-76fc-4330-98c8-1d5c44e16835}, {5e95d11a-76fc-4330-98c8-1d5c44e16835}
04-26 11:22:24.051 I/Gecko   (   84): 1398536544064	Marionette	DEBUG	Got request: executeWithCallback, data: {"to":"0","sessionId":"3-b2g","name":"executeAsyncScript","parameters":{"specialPowers":false,"scriptTimeout":null,"newSandbox":true,"args":[],"filename":"gaia_test.py","script":"return GaiaApps.displayedApp();","line":66}}, id: {86604475-d5d1-4c85-b27a-6fccd9d47891}
04-26 11:22:24.151 E/GeckoConsole(   84): Content JS LOG at dummy file:392 in GaiaApps.displayedApp: app with origin 'app://homescreen.gaiamobile.org' is displayed
04-26 11:22:24.151 I/Gecko   (   84): 1398536544168	Marionette	INFO	sendToClient: {"from":"0","value":{"frame":{"ELEMENT":"{f3db0190-5efe-4fd9-9464-b2e4d4f4b27c}"},"src":"app://homescreen.gaiamobile.org/index.html#root","name":"Homescreen","origin":"app://homescreen.gaiamobile.org"}}, {86604475-d5d1-4c85-b27a-6fccd9d47891}, {86604475-d5d1-4c85-b27a-6fccd9d47891}
04-26 11:22:24.161 I/Gecko   (   84): 1398536544175	Marionette	DEBUG	Got request: switchToFrame, data: {"to":"0","sessionId":"3-b2g","name":"switchToFrame","parameters":{"id":null,"focus":true}}, id: {20bd9b19-9bff-493b-bfc7-7073eed3c0ad}
04-26 11:22:24.171 I/Gecko   (   84): 1398536544182	Marionette	INFO	Switched to frame: {"frameValue":null}
04-26 11:22:24.181 E/GeckoConsole( 2499): Content JS ERROR at app://homescreen.gaiamobile.org/gaia_build_defer_index.js:390 in loadSVConfFileError: Failed parsing singleVariant configuration file [js/singlevariantconf.json]:  [Exception... "File error: Not found"  nsresult: "0x80520012 (NS_ERROR_FILE_NOT_FOUND)"  location: "JS frame :: app://homescreen.gaiamobile.org/gaia_build_defer_index.js :: loadFile :: line 382"  data: no]
04-26 11:22:24.271 I/Gecko   (   84): 1398536544289	Marionette	INFO	sendToClient: {"from":"0","ok":true}, {20bd9b19-9bff-493b-bfc7-7073eed3c0ad}, {20bd9b19-9bff-493b-bfc7-7073eed3c0ad}
04-26 11:22:24.281 I/Gecko   (   84): 1398536544295	Marionette	DEBUG	Got request: switchToFrame, data: {"to":"0","sessionId":"3-b2g","name":"switchToFrame","parameters":{"id":null,"focus":true}}, id: {c48c0977-1e3f-42cc-8594-9ef1f7bcbe26}
04-26 11:22:24.301 I/Gecko   (   84): 1398536544312	Marionette	INFO	Switched to frame: {"frameValue":null}
04-26 11:22:24.401 I/Gecko   (   84): 1398536544416	Marionette	INFO	sendToClient: {"from":"0","ok":true}, {c48c0977-1e3f-42cc-8594-9ef1f7bcbe26}, {c48c0977-1e3f-42cc-8594-9ef1f7bcbe26}
04-26 11:22:24.411 I/Gecko   (   84): 1398536544423	Marionette	DEBUG	Got request: executeWithCallback, data: {"to":"0","sessionId":"3-b2g","name":"executeAsyncScript","parameters":{"specialPowers":false,"scriptTimeout":null,"newSandbox":true,"args":[],"filename":"gaia_test.py","script":"return GaiaApps.displayedApp();","line":66}}, id: {39b3c926-c790-410b-a790-3202bea3d0f1}
04-26 11:22:24.471 E/GeckoConsole(   84): Content JS LOG at dummy file:392 in GaiaApps.displayedApp: app with origin 'app://homescreen.gaiamobile.org' is displayed
04-26 11:22:24.471 I/Gecko   (   84): 1398536544488	Marionette	INFO	sendToClient: {"from":"0","value":{"frame":{"ELEMENT":"{f3db0190-5efe-4fd9-9464-b2e4d4f4b27c}"},"src":"app://homescreen.gaiamobile.org/index.html#root","name":"Homescreen","origin":"app://homescreen.gaiamobile.org"}}, {39b3c926-c790-410b-a790-3202bea3d0f1}, {39b3c926-c790-410b-a790-3202bea3d0f1}
04-26 11:22:24.481 I/Gecko   (   84): 1398536544494	Marionette	DEBUG	Got request: switchToFrame, data: {"to":"0","sessionId":"3-b2g","name":"switchToFrame","parameters":{"focus":true,"element":"{f3db0190-5efe-4fd9-9464-b2e4d4f4b27c}"}}, id: {87e6c3fb-92ff-4eec-b587-ea8dbe0354e8}
04-26 11:22:24.501 I/Gecko   (   84): 1398536544511	Marionette	INFO	Switched to frame: {"frameValue":"{f3db0190-5efe-4fd9-9464-b2e4d4f4b27c}"}
04-26 11:22:24.501 I/Gecko   (   84): 1398536544513	Marionette	INFO	trying remote frame 0
04-26 11:22:24.501 I/Gecko   (   84): 1398536544514	Marionette	INFO	trying remote frame 1
04-26 11:22:24.501 I/Gecko   (   84): 1398536544515	Marionette	INFO	trying remote frame 2
04-26 11:22:24.501 I/Gecko   (   84): 1398536544516	Marionette	INFO	trying remote frame 3
04-26 11:22:24.501 I/Gecko   (   84): 1398536544517	Marionette	INFO	trying remote frame 4
04-26 11:22:24.511 I/Gecko   (   84): 1398536544529	Marionette	INFO	deleting frame
04-26 11:22:24.521 I/Gecko   (   84): 1398536544534	Marionette	INFO	frame-manager load script: [object ChromeMessageSender]
04-26 11:22:24.851 W/WifiHW  (   84): wifi_command: SIGNAL_POLL
04-26 11:22:25.051 I/Gecko   (   84): 1398536545066	Marionette	INFO	sendToClient: {"from":"0","ok":true}, {87e6c3fb-92ff-4eec-b587-ea8dbe0354e8}, {87e6c3fb-92ff-4eec-b587-ea8dbe0354e8}
04-26 11:22:25.201 I/Gecko   (   84): 1398536545211	Marionette	INFO	sendToClient: {"from":"0","value":{"ELEMENT":"{076c46a7-f66d-44f6-9b5f-f66b0f205d4d}"}}, {942ac111-e202-479b-ba77-230e19061bb7}, {942ac111-e202-479b-ba77-230e19061bb7}
04-26 11:22:25.501 E/GeckoConsole( 2499): [JavaScript Warning: "Use of getAttributeNode() is deprecated. Use getAttribute() instead." {file: "chrome://marionette/content/atoms.js" line: 25}]
04-26 11:22:25.511 E/GeckoConsole( 2499): [JavaScript Warning: "Use of attributes' specified attribute is deprecated. It always returns true." {file: "chrome://marionette/content/atoms.js" line: 25}]
04-26 11:22:25.521 I/Gecko   (   84): 1398536545532	Marionette	INFO	sendToClient: {"from":"0","value":"normal"}, {654da142-6316-4c85-a1ca-88b26db682be}, {654da142-6316-4c85-a1ca-88b26db682be}
04-26 11:22:25.521 I/Gecko   (   84): 1398536545538	Marionette	DEBUG	Got request: switchToFrame, data: {"to":"0","sessionId":"3-b2g","name":"switchToFrame","parameters":{"id":null,"focus":true}}, id: {3b69c593-cbc1-458a-8066-bc78543937a3}
04-26 11:22:25.551 I/Gecko   (   84): 1398536545562	Marionette	INFO	Switched to frame: {"frameValue":null}
04-26 11:22:25.651 I/Gecko   (   84): 1398536545665	Marionette	INFO	sendToClient: {"from":"0","ok":true}, {3b69c593-cbc1-458a-8066-bc78543937a3}, {3b69c593-cbc1-458a-8066-bc78543937a3}
04-26 11:22:25.661 I/Gecko   (   84): 1398536545671	Marionette	DEBUG	Got request: execute, data: {"to":"0","sessionId":"3-b2g","name":"executeScript","parameters":{"specialPowers":false,"scriptTimeout":null,"newSandbox":true,"args":[],"filename":"gaia_test.py","script":"window.wrappedJSObject.dispatchEvent(new Event('home'));","line":788}}, id: {b263c758-c194-490f-b77d-95973daeb704}
04-26 11:22:25.791 I/Gecko   (   84): 1398536545804	Marionette	INFO	sendToClient: {"from":"0","value":null}, {b263c758-c194-490f-b77d-95973daeb704}, {b263c758-c194-490f-b77d-95973daeb704}
04-26 11:22:25.801 I/Gecko   (   84): 1398536545818	Marionette	DEBUG	Got request: switchToFrame, data: {"to":"0","sessionId":"3-b2g","name":"switchToFrame","parameters":{"id":null,"focus":true}}, id: {3b67db12-58f7-4383-956f-d2e36e2265be}
04-26 11:22:25.821 I/Gecko   (   84): 1398536545832	Marionette	INFO	Switched to frame: {"frameValue":null}
04-26 11:22:25.921 I/Gecko   (   84): 1398536545936	Marionette	INFO	sendToClient: {"from":"0","ok":true}, {3b67db12-58f7-4383-956f-d2e36e2265be}, {3b67db12-58f7-4383-956f-d2e36e2265be}
04-26 11:22:25.931 I/Gecko   (   84): 1398536545942	Marionette	DEBUG	Got request: switchToFrame, data: {"to":"0","sessionId":"3-b2g","name":"switchToFrame","parameters":{"id":null,"focus":true}}, id: {364717ae-3a46-4fa8-8cd0-ef3b993ee657}
04-26 11:22:25.931 I/Gecko   (   84): 1398536545944	Marionette	INFO	Switched to frame: {"frameValue":null}
04-26 11:22:26.081 I/Gecko   (   84): 1398536546097	Marionette	INFO	sendToClient: {"from":"0","ok":true}, {364717ae-3a46-4fa8-8cd0-ef3b993ee657}, {364717ae-3a46-4fa8-8cd0-ef3b993ee657}
04-26 11:22:26.091 I/Gecko   (   84): 1398536546105	Marionette	DEBUG	Got request: executeWithCallback, data: {"to":"0","sessionId":"3-b2g","name":"executeAsyncScript","parameters":{"specialPowers":false,"scriptTimeout":null,"newSandbox":true,"args":[],"filename":"gaia_test.py","script":"return GaiaApps.displayedApp();","line":66}}, id: {7360f483-f035-4f52-a336-b68604f4c5e6}
04-26 11:22:26.191 I/Gecko   (   84): 1398536546201	Marionette	INFO	sendToClient: {"from":"0","value":{"frame":{"ELEMENT":"{f3db0190-5efe-4fd9-9464-b2e4d4f4b27c}"},"src":"app://homescreen.gaiamobile.org/index.html#rootSat%20Apr%2026%202014%2011:22:25%20GMT-0700%20(UTC)","name":"Homescreen","origin":"app://homescreen.gaiamobile.org"}}, {7360f483-f035-4f52-a336-b68604f4c5e6}, {7360f483-f035-4f52-a336-b68604f4c5e6}
04-26 11:22:26.201 E/GeckoConsole(   84): Content JS LOG at dummy file:392 in GaiaApps.displayedApp: app with origin 'app://homescreen.gaiamobile.org' is displayed
04-26 11:22:26.211 I/Gecko   (   84): 1398536546222	Marionette	DEBUG	Got request: switchToFrame, data: {"to":"0","sessionId":"3-b2g","name":"switchToFrame","parameters":{"focus":true,"element":"{f3db0190-5efe-4fd9-9464-b2e4d4f4b27c}"}}, id: {cecda930-c216-4493-a7da-4ae6ea78c5a0}
04-26 11:22:26.211 I/Gecko   (   84): 1398536546227	Marionette	INFO	Switched to frame: {"frameValue":"{f3db0190-5efe-4fd9-9464-b2e4d4f4b27c}"}
04-26 11:22:26.221 I/Gecko   (   84): 1398536546237	Marionette	INFO	trying remote frame 0
04-26 11:22:26.221 I/Gecko   (   84): 1398536546239	Marionette	INFO	trying remote frame 1
04-26 11:22:26.241 I/Gecko   (   84): 1398536546251	Marionette	INFO	trying remote frame 2
04-26 11:22:26.241 I/Gecko   (   84): 1398536546252	Marionette	INFO	trying remote frame 3
04-26 11:22:26.241 I/Gecko   (   84): 1398536546253	Marionette	INFO	trying remote frame 4
04-26 11:22:26.481 I/Gecko   (   84): 1398536546491	Marionette	INFO	sendToClient: {"from":"0","ok":true}, {cecda930-c216-4493-a7da-4ae6ea78c5a0}, {cecda930-c216-4493-a7da-4ae6ea78c5a0}
04-26 11:22:26.481 I/Gecko   (   84): 1398536546498	Marionette	DEBUG	Got request: execute, data: {"to":"0","sessionId":"3-b2g","name":"executeScript","parameters":{"specialPowers":false,"scriptTimeout":null,"newSandbox":true,"args":[],"filename":"gaia_test.py","script":"return window.wrappedJSObject.GridManager.pageHelper.getCurrentPageNumber();","line":784}}, id: {16d2cfc8-bd5d-4960-9942-997f5569d3ae}
04-26 11:22:26.751 I/Gecko   (   84): 1398536546765	Marionette	INFO	sendToClient: {"from":"0","value":0}, {16d2cfc8-bd5d-4960-9942-997f5569d3ae}, {16d2cfc8-bd5d-4960-9942-997f5569d3ae}
04-26 11:22:28.101 I/Gecko   (   84): 1398536548118	Marionette	INFO	sendToClient: {"from":"0","value":["{fe57b0fc-5898-4d88-adce-ea6ff21c2c4b}","{1b4919f7-8f75-42d5-b029-5f8f0f7a8539}","{b3e37c76-43c0-4557-9efc-356b784b5db5}","{4da35346-ff21-4e34-8206-c42c7416b74f}","{afb6995d-6b3a-4074-ba55-2427f0bdccf5}","{01bd2e6b-11f1-4410-b3b5-19016e1fb097}","{2ca95613-71c6-4f79-b24c-f8be8a4f5108}","{0d3d721d-6832-4cef-8ef7-4b8d8817e218}","{34ffd773-8a0b-4189-9a10-d5d336d62fe6}","{240390c2-a1ad-42a2-a914-2c15533adf4e}","{33f3d44e-0605-414c-93d2-7f0bed4a40aa}","{f45c3ac7-81a0-4272-9b3a-cc4e29b69331}","{e31f6d00-b760-4db0-a64e-2caef8260079}","{a0ebe575-6809-4046-b252-b6997160e31e}","{e4cdc896-a478-4a86-bf0c-d34e35e7c1bc}","{2f905dcf-78f9-44c4-a900-9889d0cae69c}","{5db74242-73bb-4d1d-93ec-e743291e0b9f}","{11dfce92-fe6d-4e8c-bef7-dfaf543f690a}","{1d32a1cf-045d-405e-b903-cc7b537c8f4e}","{978559cb-926f-481d-b7fd-c151ee3ab396}","{5532ab01-c8b2-4fb6-be46-1997916e1478}","{cdf4777f-e414-4ab8-bffc-e534e239367e}","{e92f6b51-368e-442c-b2ab-5ebf4b4aaa46}","{85d2972b-50e9
04-26 11:22:28.111 E/GeckoConsole( 2499): Content JS WARN at app://homescreen.gaiamobile.org/gaia_build_defer_index.js:184 in isHiddenApp: Unexpected role when checking hidden app: undefined
04-26 11:22:28.111 E/GeckoConsole( 2499): Content JS WARN at app://homescreen.gaiamobile.org/gaia_build_defer_index.js:184 in isHiddenApp: Unexpected role when checking hidden app: undefined
04-26 11:22:28.111 E/GeckoConsole( 2499): Content JS WARN at app://homescreen.gaiamobile.org/gaia_build_defer_index.js:184 in isHiddenApp: Unexpected role when checking hidden app: undefined
04-26 11:22:28.121 E/GeckoConsole( 2499): Content JS WARN at app://homescreen.gaiamobile.org/gaia_build_defer_index.js:184 in isHiddenApp: Unexpected role when checking hidden app: undefined
04-26 11:22:28.121 E/GeckoConsole( 2499): Content JS WARN at app://homescreen.gaiamobile.org/gaia_build_defer_index.js:184 in isHiddenApp: Unexpected role when checking hidden app: undefined
04-26 11:22:28.121 E/GeckoConsole( 2499): Content JS WARN at app://homescreen.gaiamobile.org/gaia_build_defer_index.js:184 in isHiddenApp: Unexpected role when checking hidden app: undefined
04-26 11:22:28.121 E/GeckoConsole( 2499): Content JS WARN at app://homescreen.gaiamobile.org/gaia_build_defer_index.js:184 in isHiddenApp: Unexpected role when checking hidden app: undefined
04-26 11:22:28.121 E/GeckoConsole( 2499): Content JS WARN at app://homescreen.gaiamobile.org/gaia_build_defer_index.js:184 in isHiddenApp: Unexpected role when checking hidden app: undefined
04-26 11:22:28.121 E/GeckoConsole( 2499): Content JS WARN at app://homescreen.gaiamobile.org/gaia_build_defer_index.js:184 in isHiddenApp: Unexpected role when checking hidden app: undefined
04-26 11:22:28.121 E/GeckoConsole( 2499): Content JS WARN at app://homescreen.gaiamobile.org/gaia_build_defer_index.js:184 in isHiddenApp: Unexpected role when checking hidden app: undefined
04-26 11:22:28.121 E/GeckoConsole( 2499): Content JS WARN at app://homescreen.gaiamobile.org/gaia_build_defer_index.js:184 in isHiddenApp: Unexpected role when checking hidden app: undefined
04-26 11:22:28.121 E/GeckoConsole( 2499): Content JS WARN at app://homescreen.gaiamobile.org/gaia_build_defer_index.js:184 in isHiddenApp: Unexpected role when checking hidden app: undefined
04-26 11:22:28.121 E/GeckoConsole( 2499): Content JS WARN at app://homescreen.gaiamobile.org/gaia_build_defer_index.js:184 in isHiddenApp: Unexpected role when checking hidden app: undefined
04-26 11:22:28.121 E/GeckoConsole( 2499): Content JS WARN at app://homescreen.gaiamobile.org/gaia_build_defer_index.js:184 in isHiddenApp: Unexpected role when checking hidden app: undefined
04-26 11:22:28.121 E/GeckoConsole( 2499): Content JS WARN at app://homescreen.gaiamobile.org/gaia_build_defer_index.js:184 in isHiddenApp: Unexpected role when checking hidden app: undefined
04-26 11:22:28.121 E/GeckoConsole( 2499): Content JS WARN at app://homescreen.gaiamobile.org/gaia_build_defer_index.js:184 in isHiddenApp: Unexpected role when checking hidden app: undefined
04-26 11:22:28.121 E/GeckoConsole( 2499): Content JS WARN at app://homescreen.gaiamobile.org/gaia_build_defer_index.js:184 in isHiddenApp: Unexpected role when checking hidden app: undefined
04-26 11:22:28.131 E/GeckoConsole( 2499): Content JS WARN at app://homescreen.gaiamobile.org/gaia_build_defer_index.js:184 in isHiddenApp: Unexpected role when checking hidden app: undefined
04-26 11:22:28.131 E/GeckoConsole( 2499): Content JS WARN at app://homescreen.gaiamobile.org/gaia_build_defer_index.js:184 in isHiddenApp: Unexpected role when checking hidden app: undefined
04-26 11:22:28.131 E/GeckoConsole( 2499): Content JS WARN at app://homescreen.gaiamobile.org/gaia_build_defer_index.js:184 in isHiddenApp: Unexpected role when checking hidden app: undefined
04-26 11:22:28.131 E/GeckoConsole( 2499): Content JS WARN at app://homescreen.gaiamobile.org/gaia_build_defer_index.js:184 in isHiddenApp: Unexpected role when checking hidden app: undefined
04-26 11:22:28.131 E/GeckoConsole( 2499): Content JS WARN at app://homescreen.gaiamobile.org/gaia_build_defer_index.js:184 in isHiddenApp: Unexpected role when checking hidden app: undefined
04-26 11:22:28.131 E/GeckoConsole( 2499): Content JS WARN at app://homescreen.gaiamobile.org/gaia_build_defer_index.js:184 in isHiddenApp: Unexpected role when checking hidden app: undefined
04-26 11:22:28.131 E/GeckoConsole( 2499): Content JS WARN at app://homescreen.gaiamobile.org/gaia_build_defer_index.js:184 in isHiddenApp: Unexpected role when checking hidden app: undefined
04-26 11:22:28.131 E/GeckoConsole( 2499): Content JS WARN at app://homescreen.gaiamobile.org/gaia_build_defer_index.js:184 in isHiddenApp: Unexpected role when checking hidden app: undefined
04-26 11:22:28.131 E/GeckoConsole( 2499): Content JS WARN at app://homescreen.gaiamobile.org/gaia_build_defer_index.js:184 in isHiddenApp: Unexpected role when checking hidden app: undefined
04-26 11:22:28.131 E/GeckoConsole( 2499): Content JS WARN at app://homescreen.gaiamobile.org/gaia_build_defer_index.js:184 in isHiddenApp: Unexpected role when checking hidden app: undefined
04-26 11:22:28.131 E/GeckoConsole( 2499): Content JS WARN at app://homescreen.gaiamobile.org/gaia_build_defer_index.js:184 in isHiddenApp: Unexpected role when checking hidden app: undefined
04-26 11:22:28.131 E/GeckoConsole( 2499): Content JS WARN at app://homescreen.gaiamobile.org/gaia_build_defer_index.js:184 in isHiddenApp: Unexpected role when checking hidden app: undefined
04-26 11:22:28.131 E/GeckoConsole( 2499): Content JS WARN at app://homescreen.gaiamobile.org/gaia_build_defer_index.js:184 in isHiddenApp: Unexpected role when checking hidden app: undefined
04-26 11:22:28.131 E/GeckoConsole( 2499): Content JS WARN at app://homescreen.gaiamobile.org/gaia_build_defer_index.js:184 in isHiddenApp: Unexpected role when checking hidden app: undefined
04-26 11:22:28.131 E/GeckoConsole( 2499): Content JS WARN at app://homescreen.gaiamobile.org/gaia_build_defer_index.js:184 in isHiddenApp: Unexpected role when checking hidden app: undefined
04-26 11:22:28.141 E/GeckoConsole( 2499): Content JS WARN at app://homescreen.gaiamobile.org/gaia_build_defer_index.js:184 in isHiddenApp: Unexpected role when checking hidden app: undefined
04-26 11:22:28.561 I/Gecko   (   84): 1398536548575	Marionette	INFO	sendToClient: {"from":"0","value":"app://homescreen.gaiamobile.org/index.html#rootSat%20Apr%2026%202014%2011:22:25%20GMT-0700%20(UTC)"}, {b5e49f01-6e1a-4183-82d2-d8ea903e41a7}, {b5e49f01-6e1a-4183-82d2-d8ea903e41a7}
04-26 11:22:28.591 I/Gecko   (   84): 1398536548607	Marionette	DEBUG	Got request: switchToFrame, data: {"to":"0","sessionId":"3-b2g","name":"switchToFrame","parameters":{"id":null,"focus":true}}, id: {e5d350d8-3fe8-4eab-a690-7c26d7d7b6e7}
04-26 11:22:28.601 I/Gecko   (   84): 1398536548616	Marionette	INFO	Switched to frame: {"frameValue":null}
04-26 11:22:28.711 I/Gecko   (   84): 1398536548728	Marionette	INFO	sendToClient: {"from":"0","ok":true}, {e5d350d8-3fe8-4eab-a690-7c26d7d7b6e7}, {e5d350d8-3fe8-4eab-a690-7c26d7d7b6e7}
04-26 11:22:28.741 I/Gecko   (   84): 1398536548755	Marionette	DEBUG	Got request: switchToFrame, data: {"to":"0","sessionId":"3-b2g","name":"switchToFrame","parameters":{"id":null,"focus":true}}, id: {36689163-e2de-40d8-aaeb-c3a43c288286}
04-26 11:22:28.741 I/Gecko   (   84): 1398536548759	Marionette	INFO	Switched to frame: {"frameValue":null}
04-26 11:22:28.831 V/AudioPolicyManagerBase(   91): startOutput() output 1, stream 1, session 7
04-26 11:22:28.831 V/AudioPolicyManagerBase(   91): changeRefCount() stream 1, count 1
04-26 11:22:28.831 V/AudioPolicyManagerBase(   91): getDeviceForStrategy() from cache strategy 0, device 2
04-26 11:22:28.831 V/AudioPolicyManagerBase(   91): getNewDevice() selected device 2
04-26 11:22:28.831 D/AudioPolicyManagerBase(   91): setOutputDevice() output 1 device 2 delayMs 0
04-26 11:22:28.831 V/AudioPolicyManagerBase(   91): setOutputDevice() setting same device 2 or null device for output 1
04-26 11:22:28.831 E/AudioPolicyManagerBase(   91): checkAndSetVolume stream=1, index=0, output=1, device=2
04-26 11:22:28.831 E/AudioPolicyManagerBase(   91): computeVolume, streamDesc=0x12e3bb8
04-26 11:22:28.851 I/Gecko   (   84): 1398536548863	Marionette	INFO	sendToClient: {"from":"0","ok":true}, {36689163-e2de-40d8-aaeb-c3a43c288286}, {36689163-e2de-40d8-aaeb-c3a43c288286}
04-26 11:22:28.861 I/Gecko   (   84): 1398536548870	Marionette	DEBUG	Got request: executeWithCallback, data: {"to":"0","sessionId":"3-b2g","name":"executeAsyncScript","parameters":{"specialPowers":false,"scriptTimeout":30000,"newSandbox":true,"args":[],"filename":"app_checker.py","script":"GaiaApps.launchWithManifestURL('https://marketplace.firefox.com/app/ab31b5f0-858a-43d5-bab1-9bae1fb5700e/manifest.webapp')","line":106}}, id: {e795b6a8-44b5-41e3-99fb-a995bb4dd3ce}
04-26 11:22:28.891 W/AudioFlinger(   91): Thread AudioOut_1 cannot connect to the power manager service
04-26 11:22:28.891 V/AudioPolicyManagerBase(   91): stopOutput() output 1, stream 1, session 7
04-26 11:22:28.891 V/AudioPolicyManagerBase(   91): changeRefCount() stream 1, count 0
04-26 11:22:28.891 V/AudioPolicyManagerBase(   91): getNewDevice() selected device 0
04-26 11:22:28.891 D/AudioPolicyManagerBase(   91): setOutputDevice() output 1 device 0 delayMs 290
04-26 11:22:28.891 V/AudioPolicyManagerBase(   91): setOutputDevice() setting same device 0 or null device for output 1
04-26 11:22:28.921 V/AudioPolicyManagerBase(   91): startOutput() output 1, stream 1, session 7
04-26 11:22:28.921 V/AudioPolicyManagerBase(   91): changeRefCount() stream 1, count 1
04-26 11:22:28.921 V/AudioPolicyManagerBase(   91): getDeviceForStrategy() from cache strategy 0, device 2
04-26 11:22:28.921 V/AudioPolicyManagerBase(   91): getNewDevice() selected device 2
04-26 11:22:28.921 D/AudioPolicyManagerBase(   91): setOutputDevice() output 1 device 2 delayMs 0
04-26 11:22:28.921 V/AudioPolicyManagerBase(   91): setOutputDevice() setting same device 2 or null device for output 1
04-26 11:22:28.921 E/AudioPolicyManagerBase(   91): checkAndSetVolume stream=1, index=0, output=1, device=2
04-26 11:22:28.921 E/AudioPolicyManagerBase(   91): computeVolume, streamDesc=0x12e3bb8
04-26 11:22:28.921 V/AudioPolicyManagerBase(   91): stopOutput() output 1, stream 1, session 7
04-26 11:22:28.921 V/AudioPolicyManagerBase(   91): changeRefCount() stream 1, count 0
04-26 11:22:28.921 V/AudioPolicyManagerBase(   91): getNewDevice() selected device 0
04-26 11:22:28.921 D/AudioPolicyManagerBase(   91): setOutputDevice() output 1 device 0 delayMs 290
04-26 11:22:28.921 V/AudioPolicyManagerBase(   91): setOutputDevice() setting same device 0 or null device for output 1
04-26 11:22:28.931 V/AudioPolicyManagerBase(   91): releaseOutput() 1
04-26 11:22:29.001 I/Gonk    (   84): Setting nice for pid 2506 to 18
04-26 11:22:29.001 I/Gonk    (   84): Changed nice for pid 2506 from 18 to 18.
04-26 11:22:29.001 I/Gecko   (   84): [Parent 84] WARNING: waitpid failed pid:2506 errno:10: file ../../../gecko/ipc/chromium/src/base/process_util_posix.cc, line 254
04-26 11:22:29.001 I/Gonk    (   84): Setting nice for pid 2506 to 1
04-26 11:22:29.001 I/Gonk    (   84): Changed nice for pid 2506 from 18 to 1.
04-26 11:22:29.041 E/GeckoConsole(   84): Content JS LOG at dummy file:334 in GaiaApps.launch: launching app with name 'Everynote'
04-26 11:22:29.171 E/[Gralloc-ERROR](   84): int gralloc_register_buffer(const gralloc_module_t*, const native_handle_t*):79 Unable to register handle 0x46a44f10 coming from different process: 84
04-26 11:22:29.191 E/[Gralloc-ERROR](   84): int gralloc_register_buffer(const gralloc_module_t*, const native_handle_t*):79 Unable to register handle 0x46a9a060 coming from different process: 84
04-26 11:22:29.191 E/[Gralloc-ERROR](   84): int gralloc_register_buffer(const gralloc_module_t*, const native_handle_t*):79 Unable to register handle 0x46a9a100 coming from different process: 84
04-26 11:22:29.191 E/[Gralloc-ERROR](   84): int gralloc_register_buffer(const gralloc_module_t*, const native_handle_t*):79 Unable to register handle 0x46a9a9c0 coming from different process: 84
04-26 11:22:29.351 D/Sensors (   84): activate handle=0; drv=0
04-26 11:22:29.421 D/Sensors (   84): Lis3dhSensor: Control set 1
04-26 11:22:29.421 D/Sensors (   84): Lis3dhSensor: mEnabled = 1
04-26 11:22:29.581 I/Gonk    (   84): Setting nice for pid 2569 to 18
04-26 11:22:29.581 I/Gonk    (   84): Changed nice for pid 2569 from 0 to 18.
04-26 11:22:29.641 I/Gonk    (   84): Setting nice for pid 2499 to 18
04-26 11:22:29.641 I/Gonk    (   84): Changed nice for pid 2499 from 1 to 18.
04-26 11:22:29.851 W/WifiHW  (   84): wifi_command: SIGNAL_POLL
04-26 11:22:30.301 I/Gecko   (   84): 
04-26 11:22:30.301 I/Gecko   (   84): ###!!! [Parent][MessageChannel] Error: Channel error: cannot send/recv
04-26 11:22:30.301 I/Gecko   (   84): 
04-26 11:22:30.341 I/GeckoDump(   84): Crash reporter : Can't fetch app.reportCrashes. Exception: [Exception... "Component returned failure code: 0x8000ffff (NS_ERROR_UNEXPECTED) [nsIPrefBranch.getBoolPref]"  nsresult: "0x8000ffff (NS_ERROR_UNEXPECTED)"  location: "JS frame :: chrome://browser/content/shell.js :: shell_reportCrash :: line 7"  data: no]
04-26 11:22:30.371 I/Gecko   (   84): [Parent 84] WARNING: waitpid failed pid:2499 errno:10: file ../../../gecko/ipc/chromium/src/base/process_util_posix.cc, line 254
04-26 11:22:30.501 I/Gecko   ( 2506): ###################################### forms.js loaded
04-26 11:22:30.521 I/Gecko   ( 2506): ############################### browserElementPanning.js loaded
04-26 11:22:30.541 I/Gecko   ( 2506): ######################## BrowserElementChildPreload.js loaded
04-26 11:22:31.041 E/GeckoConsole( 2506): [JavaScript Warning: "Expected declaration but found '*'.  Skipped to next declaration." {file: "app://{7e207b93-706f-423e-9f80-cddeef776d9b}/static/css/app.css" line: 16 column: 2 source: "  *display: inline;"}]
04-26 11:22:31.041 E/GeckoConsole( 2506): [JavaScript Warning: "Expected declaration but found '*'.  Skipped to next declaration." {file: "app://{7e207b93-706f-423e-9f80-cddeef776d9b}/static/css/app.css" line: 17 column: 2 source: "  *zoom: 1;"}]
04-26 11:22:31.041 E/GeckoConsole( 2506): [JavaScript Warning: "Expected declaration but found '*'.  Skipped to next declaration." {file: "app://{7e207b93-706f-423e-9f80-cddeef776d9b}/static/css/app.css" line: 34 column: 2 source: "  *overflow: visible;"}]
04-26 11:22:31.041 E/GeckoConsole( 2506): [JavaScript Warning: "Expected declaration but found '*'.  Skipped to next declaration." {file: "app://{7e207b93-706f-423e-9f80-cddeef776d9b}/static/css/app.css" line: 50 column: 2 source: "  *zoom: 1;"}]
04-26 11:22:31.041 E/GeckoConsole( 2506): [JavaScript Warning: "Expected declaration but found '*'.  Skipped to next declaration." {file: "app://{7e207b93-706f-423e-9f80-cddeef776d9b}/static/css/app.css" line: 74 column: 2 source: "  *margin-left: 2%;"}]
04-26 11:22:31.041 E/GeckoConsole( 2506): [JavaScript Warning: "Unknown property 'box-sizing'.  Declaration dropped." {file: "app://{7e207b93-706f-423e-9f80-cddeef776d9b}/static/css/app.css" line: 79 column: 20 source: "          box-sizing: border-box; "}]
04-26 11:22:31.041 E/GeckoConsole( 2506): [JavaScript Warning: "Expected declaration but found '*'.  Skipped to next declaration." {file: "app://{7e207b93-706f-423e-9f80-cddeef776d9b}/static/css/app.css" line: 85 column: 2 source: "  *width: 33%;"}]
04-26 11:22:31.051 E/GeckoConsole( 2506): [JavaScript Warning: "Expected declaration but found '*'.  Skipped to next declaration." {file: "app://{7e207b93-706f-423e-9f80-cddeef776d9b}/static/css/app.css" line: 237 column: 2 source: "  *background-color: #bd362f;"}]
04-26 11:22:31.051 E/GeckoConsole( 2506): [JavaScript Warning: "Error in parsing value for 'background-image'.  Declaration dropped." {file: "app://{7e207b93-706f-423e-9f80-cddeef776d9b}/static/css/app.css" line: 238 column: 20 source: "  background-image: -ms-linear-gradient(top, #ee5f5b, #bd362f);"}]
04-26 11:22:31.051 E/GeckoConsole( 2506): [JavaScript Warning: "Error in parsing value for 'background-image'.  Declaration dropped." {file: "app://{7e207b93-706f-423e-9f80-cddeef776d9b}/static/css/app.css" line: 239 column: 20 source: "  background-image: -webkit-gradient(linear, 0 0, 0 100%, from(#ee5f5b), to(#bd362f));"}]
04-26 11:22:31.051 E/GeckoConsole( 2506): [JavaScript Warning: "Error in parsing value for 'background-image'.  Declaration dropped." {file: "app://{7e207b93-706f-423e-9f80-cddeef776d9b}/static/css/app.css" line: 240 column: 20 source: "  background-image: -webkit-linear-gradient(top, #ee5f5b, #bd362f);"}]
04-26 11:22:31.051 E/GeckoConsole( 2506): [JavaScript Warning: "Error in parsing value for 'background-image'.  Declaration dropped." {file: "app://{7e207b93-706f-423e-9f80-cddeef776d9b}/static/css/app.css" line: 241 column: 20 source: "  background-image: -o-linear-gradient(top, #ee5f5b, #bd362f);"}]
04-26 11:22:31.051 E/GeckoConsole( 2506): [JavaScript Warning: "Expected color but found 'top'.  Error in parsing value for 'background-image'.  Declaration dropped." {file: "app://{7e207b93-706f-423e-9f80-cddeef776d9b}/static/css/app.css" line: 243 column: 36 source: "  background-image: linear-gradient(top, #ee5f5b, #bd362f);"}]
04-26 11:22:31.051 E/GeckoConsole( 2506): [JavaScript Warning: "Expected 'none' or URL but found 'progid'.  Error in parsing value for 'filter'.  Declaration dropped." {file: "app://{7e207b93-706f-423e-9f80-cddeef776d9b}/static/css/app.css" line: 247 column: 10 source: "  filter: progid:dximagetransform.microsoft.gradient(startColorstr='#ee5f5b', endColorstr='#bd362f', GradientType=0);"}]
04-26 11:22:31.051 E/GeckoConsole( 2506): [JavaScript Warning: "Expected 'none' or URL but found 'progid'.  Error in parsing value for 'filter'.  Declaration dropped." {file: "app://{7e207b93-706f-423e-9f80-cddeef776d9b}/static/css/app.css" line: 248 column: 10 source: "  filter: progid:dximagetransform.microsoft.gradient(enabled=false);"}]
04-26 11:22:31.051 E/GeckoConsole( 2506): [JavaScript Warning: "Unknown property '-moz-border-radius'.  Declaration dropped." {file: "app://{7e207b93-706f-423e-9f80-cddeef776d9b}/static/css/app.css" line: 250 column: 23 source: "     -moz-border-radius: 4px;"}]
04-26 11:22:31.051 E/GeckoConsole( 2506): [JavaScript Warning: "Unknown property '-moz-box-shadow'.  Declaration dropped." {file: "app://{7e207b93-706f-423e-9f80-cddeef776d9b}/static/css/app.css" line: 253 column: 20 source: "     -moz-box-shadow: 0 3px 7px rgba(0, 0, 0, 0.3);"}]
04-26 11:22:31.051 E/GeckoConsole( 2506): [JavaScript Warning: "Unknown property '-moz-background-clip'.  Declaration dropped." {file: "app://{7e207b93-706f-423e-9f80-cddeef776d9b}/static/css/app.css" line: 256 column: 25 source: "     -moz-background-clip: padding-box;"}]
04-26 11:22:31.051 E/GeckoConsole( 2506): [JavaScript Warning: "Unknown property '-moz-border-radius'.  Declaration dropped." {file: "app://{7e207b93-706f-423e-9f80-cddeef776d9b}/static/css/app.css" line: 275 column: 23 source: "     -moz-border-radius: 4px;"}]
04-26 11:22:31.051 E/GeckoConsole( 2506): [JavaScript Warning: "Expected 'none' or URL but found 'progid'.  Error in parsing value for 'filter'.  Declaration dropped." {file: "app://{7e207b93-706f-423e-9f80-cddeef776d9b}/static/css/app.css" line: 277 column: 10 source: "  filter: progid:dximagetransform.microsoft.gradient(startColorstr='#ffffff', endColorstr='#e6e6e6', GradientType=0);"}]
04-26 11:22:31.051 E/GeckoConsole( 2506): [JavaScript Warning: "Expected 'none' or URL but found 'progid'.  Error in parsing value for 'filter'.  Declaration dropped." {file: "app://{7e207b93-706f-423e-9f80-cddeef776d9b}/static/css/app.css" line: 278 column: 10 source: "  filter: progid:dximagetransform.microsoft.gradient(enabled=false);"}]
04-26 11:22:31.051 E/GeckoConsole( 2506): [JavaScript Warning: "Expected declaration but found '*'.  Skipped to next declaration." {file: "app://{7e207b93-706f-423e-9f80-cddeef776d9b}/static/css/app.css" line: 279 column: 2 source: "  *zoom: 1;"}]
04-26 11:22:31.051 E/GeckoConsole( 2506): [JavaScript Warning: "Unknown property '-moz-box-shadow'.  Declaration dropped." {file: "app://{7e207b93-706f-423e-9f80-cddeef776d9b}/static/css/app.css" line: 281 column: 20 source: "     -moz-box-shadow: inset 0 1px 0 rgba(255, 255, 255, 0.2), 0 1px 2px rgba(0, 0, 0, 0.05);"}]
04-26 11:22:31.051 E/GeckoConsole( 2506): [JavaScript Warning: "Unknown property '-moz-border-radius'.  Declaration dropped." {file: "app://{7e207b93-706f-423e-9f80-cddeef776d9b}/static/css/app.css" line: 304 column: 23 source: "     -moz-border-radius: 4px;"}]
04-26 11:22:31.051 E/GeckoConsole( 2506): [JavaScript Warning: "Expected 'none' or URL but found 'progid'.  Error in parsing value for 'filter'.  Declaration dropped." {file: "app://{7e207b93-706f-423e-9f80-cddeef776d9b}/static/css/app.css" line: 306 column: 10 source: "  filter: progid:dximagetransform.microsoft.gradient(startColorstr='#ffffff', endColorstr='#e6e6e6', GradientType=0);"}]
04-26 11:22:31.051 E/GeckoConsole( 2506): [JavaScript Warning: "Expected 'none' or URL but found 'progid'.  Error in parsing value for 'filter'.  Declaration dropped." {file: "app://{7e207b93-706f-423e-9f80-cddeef776d9b}/static/css/app.css" line: 307 column: 10 source: "  filter: progid:dximagetransform.microsoft.gradient(enabled=false);"}]
04-26 11:22:31.051 E/GeckoConsole( 2506): [JavaScript Warning: "Expected declaration but found '*'.  Skipped to next declaration." {file: "app://{7e207b93-706f-423e-9f80-cddeef776d9b}/static/css/app.css" line: 308 column: 2 source: "  *zoom: 1;"}]
04-26 11:22:31.051 E/GeckoConsole( 2506): [JavaScript Warning: "Unknown property '-moz-box-shadow'.  Declaration dropped." {file: "app://{7e207b93-706f-423e-9f80-cddeef776d9b}/static/css/app.css" line: 310 column: 20 source: "     -moz-box-shadow: inset 0 1px 0 rgba(255, 255, 255, 0.2), 0 1px 2px rgba(0, 0, 0, 0.05);"}]
04-26 11:22:31.891 I/Gonk    (   84): Setting nice for pid 2569 to 18
04-26 11:22:31.891 I/Gonk    (   84): Changed nice for pid 2569 from 18 to 18.
04-26 11:22:31.891 I/Gecko   (   84): [Parent 84] WARNING: waitpid failed pid:2569 errno:10: file ../../../gecko/ipc/chromium/src/base/process_util_posix.cc, line 254
04-26 11:22:31.901 I/Gonk    (   84): Setting nice for pid 2569 to 1
04-26 11:22:31.901 I/Gonk    (   84): Changed nice for pid 2569 from 18 to 1.
04-26 11:22:31.911 I/Gonk    (   84): Setting nice for pid 2569 to 18
04-26 11:22:31.911 I/Gonk    (   84): Changed nice for pid 2569 from 1 to 18.
04-26 11:22:32.171 E/GeckoConsole(   84): Content JS LOG at dummy file:326 in GaiaApps.launch/appOpen/<: app with origin 'app://{7e207b93-706f-423e-9f80-cddeef776d9b}' has launched
04-26 11:22:32.171 I/Gecko   (   84): 1398536552188	Marionette	INFO	sendToClient: {"from":"0","value":{"frame":{"ELEMENT":"{cfcfc3a5-3d2f-49df-9fe3-50abd6e7a928}"},"src":"app://{7e207b93-706f-423e-9f80-cddeef776d9b}/index.html","name":"Everynote","origin":"app://{7e207b93-706f-423e-9f80-cddeef776d9b}"}}, {e795b6a8-44b5-41e3-99fb-a995bb4dd3ce}, {e795b6a8-44b5-41e3-99fb-a995bb4dd3ce}
04-26 11:22:32.181 E/[Gralloc-ERROR](   84): int gralloc_unregister_buffer(const gralloc_module_t*, const native_handle_t*):274 Trying to unregister buffer 0x46a9a060 from process 84 that was not created in current process: 84
04-26 11:22:32.181 E/[Gralloc-ERROR](   84): int gralloc_unregister_buffer(const gralloc_module_t*, const native_handle_t*):274 Trying to unregister buffer 0x46a44f10 from process 84 that was not created in current process: 84
04-26 11:22:32.181 E/[Gralloc-ERROR](   84): int gralloc_unregister_buffer(const gralloc_module_t*, const native_handle_t*):274 Trying to unregister buffer 0x46a9a9c0 from process 84 that was not created in current process: 84
04-26 11:22:32.181 E/[Gralloc-ERROR](   84): int gralloc_unregister_buffer(const gralloc_module_t*, const native_handle_t*):274 Trying to unregister buffer 0x46a9a100 from process 84 that was not created in current process: 84
04-26 11:22:32.181 I/Gecko   (   84): 1398536552199	Marionette	DEBUG	Got request: switchToFrame, data: {"to":"0","sessionId":"3-b2g","name":"switchToFrame","parameters":{"focus":true,"element":"{cfcfc3a5-3d2f-49df-9fe3-50abd6e7a928}"}}, id: {a954c8d5-0fe3-4b12-bf16-ecb12be01f79}
04-26 11:22:32.191 I/Gecko   (   84): 1398536552208	Marionette	INFO	Switched to frame: {"frameValue":"{cfcfc3a5-3d2f-49df-9fe3-50abd6e7a928}"}
04-26 11:22:32.201 I/Gecko   (   84): 1398536552210	Marionette	INFO	trying remote frame 0
04-26 11:22:32.201 I/Gecko   (   84): 1398536552212	Marionette	INFO	trying remote frame 1
04-26 11:22:32.201 I/Gecko   (   84): 1398536552213	Marionette	INFO	trying remote frame 2
04-26 11:22:32.201 I/Gecko   (   84): 1398536552213	Marionette	INFO	trying remote frame 3
04-26 11:22:32.201 I/Gecko   (   84): 1398536552214	Marionette	INFO	trying remote frame 4
04-26 11:22:32.201 I/Gecko   (   84): 1398536552215	Marionette	INFO	deleting frame
04-26 11:22:32.201 I/Gecko   (   84): 1398536552220	Marionette	INFO	frame-manager load script: [object ChromeMessageSender]
04-26 11:22:32.371 I/Gecko   (   84): [Parent 84] WARNING: waitpid failed pid:2499 errno:10: file ../../../gecko/ipc/chromium/src/base/process_util_posix.cc, line 254
04-26 11:22:32.371 I/Gecko   (   84): [Parent 84] WARNING: Failed to deliver SIGKILL to 2499!(3).: file ../../../gecko/ipc/chromium/src/chrome/common/process_watcher_posix_sigchld.cc, line 118
04-26 11:22:33.101 I/log     ( 2585): <4>0[ 1046.397564] select 2569 ((Preallocated a), adj 8, size 2959, to kill 
04-26 11:22:33.301 I/Gecko   (   84): 1398536553318	Marionette	INFO	sendToClient: {"from":"0","ok":true}, {a954c8d5-0fe3-4b12-bf16-ecb12be01f79}, {a954c8d5-0fe3-4b12-bf16-ecb12be01f79}
04-26 11:22:33.371 I/Gecko   (   84): 1398536553387	Marionette	INFO	sendToClient: {"from":"0","value":"app://{7e207b93-706f-423e-9f80-cddeef776d9b}/index.html"}, {8f2b91cc-4e29-4d0e-bff6-d21bad7a092e}, {8f2b91cc-4e29-4d0e-bff6-d21bad7a092e}
04-26 11:22:33.381 I/Gecko   (   84): 
04-26 11:22:33.381 I/Gecko   (   84): ###!!! [Parent][MessageChannel] Error: Channel error: cannot send/recv
04-26 11:22:33.381 I/Gecko   (   84): 
04-26 11:22:33.431 I/GeckoDump(   84): Crash reporter : Can't fetch app.reportCrashes. Exception: [Exception... "Component returned failure code: 0x8000ffff (NS_ERROR_UNEXPECTED) [nsIPrefBranch.getBoolPref]"  nsresult: "0x8000ffff (NS_ERROR_UNEXPECTED)"  location: "JS frame :: chrome://browser/content/shell.js :: shell_reportCrash :: line 7"  data: no]
04-26 11:22:33.431 I/Gecko   (   84): [Parent 84] WARNING: waitpid failed pid:2569 errno:10: file ../../../gecko/ipc/chromium/src/base/process_util_posix.cc, line 254
04-26 11:22:33.501 I/Gecko   (   84): 1398536553511	Marionette	DEBUG	Got request: execute, data: {"to":"0","sessionId":"3-b2g","name":"executeScript","parameters":{"specialPowers":false,"scriptTimeout":null,"newSandbox":true,"args":[],"filename":"app_checker.py","script":"return window.document.readyState;","line":191}}, id: {0ce33801-ba98-4df0-89b3-e693ea9ed0c7}
04-26 11:22:33.581 I/Gecko   (   84): 1398536553592	Marionette	INFO	sendToClient: {"from":"0","value":"complete"}, {0ce33801-ba98-4df0-89b3-e693ea9ed0c7}, {0ce33801-ba98-4df0-89b3-e693ea9ed0c7}
04-26 11:22:33.591 I/Gecko   (   84): 1398536553601	Marionette	INFO	sendToClient: {"from":"0","value":"app://{7e207b93-706f-423e-9f80-cddeef776d9b}/index.html"}, {a06dd03f-cc14-48f2-b94a-44918e554617}, {a06dd03f-cc14-48f2-b94a-44918e554617}
04-26 11:22:33.611 I/Gecko   ( 2506): Attempting load of libEGL.so
04-26 11:22:33.691 D/libEGL  ( 2506): loaded /system/lib/egl/libEGL_mali.so
04-26 11:22:33.701 D/libEGL  ( 2506): loaded /system/lib/egl/libGLESv1_CM_mali.so
04-26 11:22:33.701 D/libEGL  ( 2506): loaded /system/lib/egl/libGLESv2_mali.so
04-26 11:22:33.751 I/Gecko   ( 2506): SharedSurface_Gralloc::Create -------
04-26 11:22:33.781 I/Gecko   ( 2506): SharedSurface_Gralloc::Create: success -- surface 0x43e52b40, GraphicBuffer 0x43efaf80.
04-26 11:22:34.881 W/WifiHW  (   84): wifi_command: SIGNAL_POLL
04-26 11:22:35.221 I/Gecko   (   84): 1398536555219	Marionette	INFO	sendToClient: {"from":"0","value":"iVBORw0KGgoAAAANSUhEUgAAAUAAAAHMCAYAAACk4nEJAAAgAElEQVR4nOy953Nj2XXuff4nzMi3rGDZkuySqiRLcknylK7tW/IrybrXljWa0CQBMOfUcbqZ2d2TOpBEDgwdp2emMwMycBAZEJkAkASI8LwfTmiQnQMPj7f2rjpFNsF+iPPD4sO191p7g0mn08jlcvQ64ItyppxJukjhzKTTabyJkcvlqM4zBuUsjQ7lLI0OKZypAUqkQzlLo0M5S6NDCmdqgBLpUM7S6FDO0uiQwpkaoEQ6lLM0OpSzNDqkcKYGKJEO5SyNDuUsjQ4pnKkBSqRDOUujQzlLo0MKZ2qAEulQztLoUM7S6JDCmRqgRDqUszQ6lLM0OqRwpgYokQ7lLI0O5SyNDimcZWWAa2truHv3Lr7++mtcu3YNFosFGo0Gly5dwueff44LFy4gGo2+0vPJZDI4ffo0uru70dPTg76+PoyPj8Nut6NUKr2wzqsOOXF+VZ0nMbx48eJzGR7U83nSIIHz6+o8K9a3t7ffyPMhhbOsDLCpqQkKheKZ1/3791/p+ezu7uJv/uZvnqj5D//wD+jv73/iPdBfzEfjVRke1PN50iCB8+vqPOt1+vu///vXep2EQQpnWRngv//7v0OhUOCtt97CW2+9Jb5oP/zhD/HDH/4Q3/3ud7G8vPzKz6enp0fUfOedd/DLX/5yz8/5+c9//liGSX8x9479DH/xi188l+GLPp/BwUH88Ic/xPXr11/puQHkcH5dnVeJ9ZcZpHCWlQGGw2GEw2Hs7u5CrVZDoVDgBz/4wRt7Pl9++aUYAHfu3AEAJBIJtLW1icHxT//0T8jn88/UeZUhJ86vo7OfYS6Xey7DF30+3/rWt6BQKNDc3PxKzw0gh/Pr6jwt1pubm1/rdRIGKZxlZYCVOrW1tVAoFPjJT37yxp7PrVu3xKCYm5vb89
04-26 11:22:35.441 I/Gecko   (   84): [Parent 84] WARNING: waitpid failed pid:2569 errno:10: file ../../../gecko/ipc/chromium/src/base/process_util_posix.cc, line 254
04-26 11:22:35.441 I/Gecko   (   84): [Parent 84] WARNING: Failed to deliver SIGKILL to 2569!(3).: file ../../../gecko/ipc/chromium/src/chrome/common/process_watcher_posix_sigchld.cc, line 118
04-26 11:22:35.631 I/Gecko   (   84): 1398536555646	Marionette	INFO	sendToClient: {"from":"0","ok":true}, {94c0c071-4c43-430c-b377-b65ec19808ef}, {94c0c071-4c43-430c-b377-b65ec19808ef}
04-26 11:22:35.641 I/Gecko   (   84): 1398536555653	Marionette	DEBUG	Got request: switchToFrame, data: {"to":"0","sessionId":"3-b2g","name":"switchToFrame","parameters":{"id":null,"focus":true}}, id: {2fdd1da1-95eb-4ac6-9c03-bd9a9663f705}
04-26 11:22:35.661 I/Gecko   (   84): 1398536555679	Marionette	INFO	Switched to frame: {"frameValue":null}
04-26 11:22:35.811 I/Gecko   (   84): 1398536555825	Marionette	INFO	sendToClient: {"from":"0","ok":true}, {2fdd1da1-95eb-4ac6-9c03-bd9a9663f705}, {2fdd1da1-95eb-4ac6-9c03-bd9a9663f705}
04-26 11:22:35.821 I/Gecko   (   84): 1398536555831	Marionette	DEBUG	Got request: executeWithCallback, data: {"to":"0","sessionId":"3-b2g","name":"executeAsyncScript","parameters":{"specialPowers":false,"scriptTimeout":null,"newSandbox":true,"args":[],"filename":"gaia_test.py","script":"return GaiaApps.displayedApp();","line":66}}, id: {d2391364-5b61-471b-9e44-6871fa4c0c2a}
04-26 11:22:35.871 I/Gecko   (   84): 1398536555888	Marionette	INFO	sendToClient: {"from":"0","value":{"frame":{"ELEMENT":"{cfcfc3a5-3d2f-49df-9fe3-50abd6e7a928}"},"src":"app://{7e207b93-706f-423e-9f80-cddeef776d9b}/index.html","name":"Everynote","origin":"app://{7e207b93-706f-423e-9f80-cddeef776d9b}"}}, {d2391364-5b61-471b-9e44-6871fa4c0c2a}, {d2391364-5b61-471b-9e44-6871fa4c0c2a}
04-26 11:22:35.871 E/GeckoConsole(   84): Content JS LOG at dummy file:392 in GaiaApps.displayedApp: app with origin 'app://{7e207b93-706f-423e-9f80-cddeef776d9b}' is displayed
04-26 11:22:35.901 I/Gecko   (   84): 1398536555918	Marionette	DEBUG	Got request: switchToFrame, data: {"to":"0","sessionId":"3-b2g","name":"switchToFrame","parameters":{"id":null,"focus":true}}, id: {bbaa72c6-7ada-4ff4-aceb-43e5b48550ad}
04-26 11:22:35.901 I/Gecko   (   84): 1398536555920	Marionette	INFO	Switched to frame: {"frameValue":null}
04-26 11:22:36.011 I/Gecko   (   84): 1398536556022	Marionette	INFO	sendToClient: {"from":"0","ok":true}, {bbaa72c6-7ada-4ff4-aceb-43e5b48550ad}, {bbaa72c6-7ada-4ff4-aceb-43e5b48550ad}
04-26 11:22:36.011 I/Gecko   (   84): 1398536556027	Marionette	DEBUG	Got request: execute, data: {"to":"0","sessionId":"3-b2g","name":"executeScript","parameters":{"specialPowers":false,"scriptTimeout":null,"newSandbox":true,"args":[],"filename":"gaia_test.py","script":"window.wrappedJSObject.dispatchEvent(new Event('home'));","line":788}}, id: {fb97e32f-f284-4711-bcdf-3b227010ac92}
04-26 11:22:36.271 D/Sensors (   84): activate handle=0; drv=0
04-26 11:22:36.271 D/Sensors (   84): Lis3dhSensor: Control set 0
04-26 11:22:36.271 D/Sensors (   84): Lis3dhSensor: mEnabled = 0
04-26 11:22:36.521 I/Gonk    (   84): Setting nice for pid 2589 to 18
04-26 11:22:36.521 I/Gonk    (   84): Changed nice for pid 2589 from 0 to 18.
04-26 11:22:36.571 I/Gecko   (   84): 1398536556588	Marionette	INFO	sendToClient: {"from":"0","value":null}, {fb97e32f-f284-4711-bcdf-3b227010ac92}, {fb97e32f-f284-4711-bcdf-3b227010ac92}
04-26 11:22:36.601 I/Gonk    (   84): Setting nice for pid 2589 to 18
04-26 11:22:36.601 I/Gonk    (   84): Changed nice for pid 2589 from 18 to 18.
04-26 11:22:36.601 I/Gecko   (   84): [Parent 84] WARNING: waitpid failed pid:2589 errno:10: file ../../../gecko/ipc/chromium/src/base/process_util_posix.cc, line 254
04-26 11:22:36.601 I/Gonk    (   84): Setting nice for pid 2589 to 1
04-26 11:22:36.601 I/Gonk    (   84): Changed nice for pid 2589 from 18 to 1.
04-26 11:22:36.621 I/Gecko   (   84): 1398536556639	Marionette	DEBUG	Got request: switchToFrame, data: {"to":"0","sessionId":"3-b2g","name":"switchToFrame","parameters":{"id":null,"focus":true}}, id: {32b7369d-b8d2-40a4-add9-4e0388d580d4}
04-26 11:22:36.631 I/Gecko   (   84): 1398536556641	Marionette	INFO	Switched to frame: {"frameValue":null}
04-26 11:22:36.731 I/Gecko   (   84): 1398536556744	Marionette	INFO	sendToClient: {"from":"0","ok":true}, {32b7369d-b8d2-40a4-add9-4e0388d580d4}, {32b7369d-b8d2-40a4-add9-4e0388d580d4}
04-26 11:22:36.741 I/Gecko   (   84): 1398536556752	Marionette	DEBUG	Got request: executeWithCallback, data: {"to":"0","sessionId":"3-b2g","name":"executeAsyncScript","parameters":{"specialPowers":false,"scriptTimeout":null,"newSandbox":true,"args":[],"filename":"gaia_test.py","script":"return GaiaApps.displayedApp();","line":66}}, id: {2bc85dfe-c62b-406f-8b85-e19f6cb6e223}
04-26 11:22:36.841 I/Gecko   (   84): 1398536556855	Marionette	INFO	sendToClient: {"from":"0","value":{"frame":{"ELEMENT":"{0a40cc3f-6834-4c2f-bfe2-448ecf27db98}"},"src":"app://homescreen.gaiamobile.org/index.html#root","name":"Homescreen","origin":"app://homescreen.gaiamobile.org"}}, {2bc85dfe-c62b-406f-8b85-e19f6cb6e223}, {2bc85dfe-c62b-406f-8b85-e19f6cb6e223}
04-26 11:22:36.841 E/GeckoConsole(   84): Content JS LOG at dummy file:392 in GaiaApps.displayedApp: app with origin 'app://homescreen.gaiamobile.org' is displayed
04-26 11:22:36.851 I/Gecko   (   84): 1398536556862	Marionette	DEBUG	Got request: switchToFrame, data: {"to":"0","sessionId":"3-b2g","name":"switchToFrame","parameters":{"id":null,"focus":true}}, id: {9d7d2e1e-488b-478b-91b8-5c37c0b5bd3a}
04-26 11:22:36.851 I/Gecko   (   84): 1398536556864	Marionette	INFO	Switched to frame: {"frameValue":null}
04-26 11:22:36.961 I/Gecko   (   84): 1398536556972	Marionette	INFO	sendToClient: {"from":"0","ok":true}, {9d7d2e1e-488b-478b-91b8-5c37c0b5bd3a}, {9d7d2e1e-488b-478b-91b8-5c37c0b5bd3a}
04-26 11:22:36.961 I/Gecko   (   84): 1398536556978	Marionette	DEBUG	Got request: switchToFrame, data: {"to":"0","sessionId":"3-b2g","name":"switchToFrame","parameters":{"id":null,"focus":true}}, id: {5483d0b4-f86f-4baa-b14d-be8bcff8492f}
04-26 11:22:36.961 I/Gecko   (   84): 1398536556979	Marionette	INFO	Switched to frame: {"frameValue":null}
04-26 11:22:37.111 I/Gonk    (   84): Setting nice for pid 2599 to 18
04-26 11:22:37.111 I/Gonk    (   84): Changed nice for pid 2599 from 0 to 18.
04-26 11:22:37.121 I/Gecko   (   84): 1398536557132	Marionette	INFO	sendToClient: {"from":"0","ok":true}, {5483d0b4-f86f-4baa-b14d-be8bcff8492f}, {5483d0b4-f86f-4baa-b14d-be8bcff8492f}
04-26 11:22:37.141 I/Gecko   (   84): 1398536557158	Marionette	DEBUG	Got request: executeWithCallback, data: {"to":"0","sessionId":"3-b2g","name":"executeAsyncScript","parameters":{"specialPowers":false,"scriptTimeout":null,"newSandbox":true,"args":[],"filename":"gaia_test.py","script":"return GaiaApps.displayedApp();","line":66}}, id: {adab3696-0ede-4b4d-b852-d1cb5b2e0fe2}
04-26 11:22:37.191 E/GeckoConsole(   84): Content JS LOG at dummy file:392 in GaiaApps.displayedApp: app with origin 'app://homescreen.gaiamobile.org' is displayed
04-26 11:22:37.191 I/Gecko   (   84): 1398536557207	Marionette	INFO	sendToClient: {"from":"0","value":{"frame":{"ELEMENT":"{0a40cc3f-6834-4c2f-bfe2-448ecf27db98}"},"src":"app://homescreen.gaiamobile.org/index.html#root","name":"Homescreen","origin":"app://homescreen.gaiamobile.org"}}, {adab3696-0ede-4b4d-b852-d1cb5b2e0fe2}, {adab3696-0ede-4b4d-b852-d1cb5b2e0fe2}
04-26 11:22:37.201 I/Gecko   (   84): 1398536557213	Marionette	DEBUG	Got request: switchToFrame, data: {"to":"0","sessionId":"3-b2g","name":"switchToFrame","parameters":{"focus":true,"element":"{0a40cc3f-6834-4c2f-bfe2-448ecf27db98}"}}, id: {c4d9a6a3-deaa-460c-a052-0628c2799f87}
04-26 11:22:37.281 I/Gecko   (   84): 1398536557290	Marionette	INFO	Switched to frame: {"frameValue":"{0a40cc3f-6834-4c2f-bfe2-448ecf27db98}"}
04-26 11:22:37.501 I/Gecko   (   84): 1398536557513	Marionette	INFO	trying remote frame 0
04-26 11:22:37.501 I/Gecko   (   84): 1398536557514	Marionette	INFO	trying remote frame 1
04-26 11:22:37.501 I/Gecko   (   84): 1398536557515	Marionette	INFO	trying remote frame 2
04-26 11:22:37.501 I/Gecko   (   84): 1398536557516	Marionette	INFO	trying remote frame 3
04-26 11:22:37.501 I/Gecko   (   84): 1398536557516	Marionette	INFO	trying remote frame 4
04-26 11:22:37.501 I/Gecko   (   84): 1398536557517	Marionette	INFO	deleting frame
04-26 11:22:37.521 I/Gecko   (   84): 1398536557534	Marionette	INFO	frame-manager load script: [object ChromeMessageSender]
