--------- beginning of /dev/log/system
04-26 06:48:51.600 I/Vold    (   78): Vold 2.1 (the revenge) firing up
04-26 06:48:51.700 D/Vold    (   78): Volume sdcard state changing -1 (Initializing) -> 0 (No-Media)
04-26 06:48:51.720 D/Vold    (   78): Volume sdcard state changing 0 (No-Media) -> 2 (Pending)
04-26 06:48:51.750 D/Vold    (   78): Volume sdcard state changing 2 (Pending) -> 1 (Idle-Unmounted)
04-26 06:48:56.650 D/VoldCmdListener(   78): volume list
04-26 06:48:56.660 D/VoldCmdListener(   78): volume mount sdcard
04-26 06:48:56.660 I/Vold    (   78): /dev/block/vold/179:1 being considered for volume sdcard
04-26 06:48:56.660 D/Vold    (   78): Volume sdcard state changing 1 (Idle-Unmounted) -> 3 (Checking)
04-26 06:48:56.660 W/Vold    (   78): Skipping fs checks
04-26 06:48:56.710 I/Vold    (   78): Device /dev/block/vold/179:1, target /mnt/sdcard mounted @ /mnt/secure/staging
04-26 06:48:56.720 D/Vold    (   78): Volume sdcard state changing 3 (Checking) -> 4 (Mounted)
--------- beginning of /dev/log/main
04-26 06:48:58.060 D/SPRDENG (  167): AT > AT+SNVM=0,401
04-26 06:48:58.060 D/SPRDENG (  167): 41
04-26 06:48:58.060 D/SPRDENG (  167): 54
04-26 06:48:58.060 D/SPRDENG (  167): 2b
04-26 06:48:58.060 D/SPRDENG (  167): 53
04-26 06:48:58.060 D/SPRDENG (  167): 4e
04-26 06:48:58.060 D/SPRDENG (  167): 56
04-26 06:48:58.060 D/SPRDENG (  167): 4d
04-26 06:48:58.060 D/SPRDENG (  167): 3d
04-26 06:48:58.060 D/SPRDENG (  167): 30
04-26 06:48:58.060 D/SPRDENG (  167): 2c
04-26 06:48:58.060 D/SPRDENG (  167): 34
04-26 06:48:58.060 D/SPRDENG (  167): 30
04-26 06:48:58.060 D/SPRDENG (  167): 31
04-26 06:48:58.060 D/SPRDENG (  167): eng_modem2server: use SIM1 /dev/CHNPTY13
04-26 06:48:58.060 D/SPRDENG (  167): AT < 
04-26 06:48:58.060 D/SPRDENG (  167): +SNVM: 8,FFFFFFFFFFFF2500
04-26 06:48:58.060 D/SPRDENG (  167): 
04-26 06:48:58.060 D/SPRDENG (  167): OK
04-26 06:48:58.060 D/SPRDENG (  167): 
04-26 06:48:58.060 D/BTWIFIMAC(   94): recv_from_modem: Receive 1 Modem Response
04-26 06:48:58.060 D/BTWIFIMAC(   94): read_btwifimac_from_modem: BT timeout=35, response=
04-26 06:48:58.060 D/BTWIFIMAC(   94): +SNVM: 8,FFFFFFFFFFFF2500
04-26 06:48:58.060 D/BTWIFIMAC(   94): 
04-26 06:48:58.060 D/BTWIFIMAC(   94): OK
04-26 06:48:58.060 D/BTWIFIMAC(   94): 
04-26 06:48:58.160 D/BTWIFIMAC(   94): get_macaddress: mac address is FF:FF:FF:FF:FF:FF
04-26 06:48:58.160 D/BTWIFIMAC(   94): ===========WIFI MAC===========
04-26 06:48:58.160 D/BTWIFIMAC(   94): read_btwifimac_from_modem: send 39,1,AT+SNVM=0,409
04-26 06:48:58.160 D/BTWIFIMAC(   94): send_to_modem
04-26 06:48:58.160 D/BTWIFIMAC(   94): recv_from_modem: Waiting modem response ... fd=7
04-26 06:48:58.160 D/SPRDENG (  167): eng_servermodem_comm: use SIM1 /dev/CHNPTY13
04-26 06:48:58.160 D/SPRDENG (  167): AT > AT+SNVM=0,409
04-26 06:48:58.160 D/SPRDENG (  167): 41
04-26 06:48:58.160 D/SPRDENG (  167): 54
04-26 06:48:58.160 D/SPRDENG (  167): 2b
04-26 06:48:58.160 D/SPRDENG (  167): 53
04-26 06:48:58.160 D/SPRDENG (  167): 4e
04-26 06:48:58.160 D/SPRDENG (  167): 56
04-26 06:48:58.160 D/SPRDENG (  167): 4d
04-26 06:48:58.160 D/SPRDENG (  167): 3d
04-26 06:48:58.160 D/SPRDENG (  167): 30
04-26 06:48:58.160 D/SPRDENG (  167): 2c
04-26 06:48:58.160 D/SPRDENG (  167): 34
04-26 06:48:58.160 D/SPRDENG (  167): 30
04-26 06:48:58.160 D/SPRDENG (  167): 39
04-26 06:48:58.160 D/SPRDENG (  167): eng_modem2server: use SIM1 /dev/CHNPTY13
04-26 06:48:58.160 D/SPRDENG (  167): AT < 
04-26 06:48:58.160 D/SPRDENG (  167): +SNVM: 20,FFFFFFFFFFFF0000000000000000000000000000
04-26 06:48:58.160 D/SPRDENG (  167): 
04-26 06:48:58.160 D/SPRDENG (  167): OK
04-26 06:48:58.160 D/SPRDENG (  167): 
04-26 06:48:58.160 D/BTWIFIMAC(   94): recv_from_modem: Receive 1 Modem Response
04-26 06:48:58.160 D/BTWIFIMAC(   94): read_btwifimac_from_modem: WIFI timeout=60, response=
04-26 06:48:58.160 D/BTWIFIMAC(   94): +SNVM: 20,FFFFFFFFFFFF0000000000000000000000000000
04-26 06:48:58.160 D/BTWIFIMAC(   94): 
04-26 06:48:58.160 D/BTWIFIMAC(   94): OK
04-26 06:48:58.160 D/BTWIFIMAC(   94): 
04-26 06:48:58.160 D/BTWIFIMAC(   94): get_macaddress: mac address is FF:FF:FF:FF:FF:FF
04-26 06:48:58.160 D/BTWIFIMAC(   94): bt_ok:0 wifi_ok:0 
04-26 06:48:58.160 D/BTWIFIMAC(   94): +mac_rand+
04-26 06:48:58.160 D/BTWIFIMAC(   94): mac_rand: /data/rand_mac.txt exists
04-26 06:48:58.160 D/BTWIFIMAC(   94): mac_rand: read /data/rand_mac.txt 00:65:51:4d:eb:0e;00:df:2e:66:ac:0a
04-26 06:48:58.160 D/BTWIFIMAC(   94): mac_rand: read btmac=00:65:51:4d:eb:0e, wifimac=00:df:2e:66:ac:0a
04-26 06:48:58.160 D/BTWIFIMAC(   94): property ro.mac.wifi=00:df:2e:66:ac:0a, ro.mac.bluetooth=00:65:51:4d:eb:0e
04-26 06:48:58.160 D/BTWIFIMAC(   94): write_mac2file: mac=00:df:2e:66:ac:0a, fd[/data/wifimac.txt]=9
04-26 06:48:58.170 D/BTWIFIMAC(   94): write_mac2file: mac=00:65:51:4d:eb:0e, fd[/data/btmac.txt]=9
04-26 06:48:58.170 D/BTWIFIMAC(   94): begin to run  trout_genpskey
04-26 06:48:58.170 D/BTWIFIMAC(   94): run trout_genpskey, ret=0
04-26 06:48:58.190 D/pskey_bt(  329): set BT mac
04-26 06:48:58.190 D/pskey_bt(  329): main, bt_mac from nv:
04-26 06:48:58.190 D/pskey_bt(  329): get_pskey_from_file
04-26 06:48:58.190 D/pskey_bt(  329): open bt pskey structure file fd=7
04-26 06:48:58.190 D/pskey_bt(  329): buf from pskey file:2048
04-26 06:48:58.190 D/pskey_bt(  329): parser_pskey_info
04-26 06:48:58.190 D/pskey_bt(  329): char:0, 0
04-26 06:48:58.190 D/pskey_bt(  329): get_one_item(data) = 0x0
04-26 06:48:58.190 D/pskey_bt(  329): get_next_u8: here:0
04-26 06:48:58.190 D/pskey_bt(  329): char:1, 1
04-26 06:48:58.190 D/pskey_bt(  329): get_one_item(data) = 0x1
04-26 06:48:58.190 D/pskey_bt(  329): get_next_u8: here:1
04-26 06:48:58.190 D/pskey_bt(  329): char:1, 1
04-26 06:48:58.190 D/pskey_bt(  329): get_one_item(data) = 0x1
04-26 06:48:58.190 D/pskey_bt(  329): get_next_u8: here:1
04-26 06:48:58.190 D/pskey_bt(  329): char:1, 1
04-26 06:48:58.190 D/pskey_bt(  329): get_one_item(data) = 0x1
04-26 06:48:58.190 D/pskey_bt(  329): get_next_u8: here:1
04-26 06:48:58.190 D/pskey_bt(  329): char:0, 0
04-26 06:48:58.190 D/pskey_bt(  329): char:1, 1
04-26 06:48:58.190 D/pskey_bt(  329): char:8, 8
04-26 06:48:58.190 D/pskey_bt(  329): char:C, C
04-26 06:48:58.190 D/pskey_bt(  329): char:B, B
04-26 06:48:58.190 D/pskey_bt(  329): char:A, A
04-26 06:48:58.190 D/pskey_bt(  329): char:8, 8
04-26 06:48:58.190 D/pskey_bt(  329): char:0, 0
04-26 06:48:58.190 D/pskey_bt(  329): get_one_item(data) = 0x18cba80
04-26 06:48:58.190 D/pskey_bt(  329): get_next_u32: here:18cba80
04-26 06:48:58.190 D/pskey_bt(  329): char:1, 1
04-26 06:48:58.190 D/pskey_bt(  329): char:f, f
04-26 06:48:58.190 D/pskey_bt(  329): char:0, 0
04-26 06:48:58.190 D/pskey_bt(  329): char:0, 0
04-26 06:48:58.190 D/pskey_bt(  329): get_one_item(data) = 0x1f00
04-26 06:48:58.190 D/pskey_bt(  329): get_next_u32: here:1f00
04-26 06:48:58.190 D/pskey_bt(  329): char:1, 1
04-26 06:48:58.190 D/pskey_bt(  329): char:E, E
04-26 06:48:58.190 D/pskey_bt(  329): get_one_item(data) = 0x1e
04-26 06:48:58.190 D/pskey_bt(  329): get_next_u32: here:1e
04-26 06:48:58.190 D/pskey_bt(  329): char:7, 7
04-26 06:48:58.190 D/pskey_bt(  329): char:B, B
04-26 06:48:58.190 D/pskey_bt(  329): char:0, 0
04-26 06:48:58.190 D/pskey_bt(  329): char:0, 0
04-26 06:48:58.190 D/pskey_bt(  329): char:7, 7
04-26 06:48:58.190 D/pskey_bt(  329): char:C, C
04-26 06:48:58.190 D/pskey_bt(  329): get_one_item(data) = 0x7b007c
04-26 06:48:58.190 D/pskey_bt(  329): get_next_u32: here:7b007c
04-26 06:48:58.190 D/pskey_bt(  329): char:3, 3
04-26 06:48:58.190 D/pskey_bt(  329): char:7, 7
04-26 06:48:58.190 D/pskey_bt(  329): char:0, 0
04-26 06:48:58.190 D/pskey_bt(  329): char:0, 0
04-26 06:48:58.190 D/pskey_bt(  329): char:7, 7
04-26 06:48:58.190 D/pskey_bt(  329): char:A, A
04-26 06:48:58.190 D/pskey_bt(  329): get_one_item(data) = 0x37007a
04-26 06:48:58.190 D/pskey_bt(  329): get_next_u32: here:37007a
04-26 06:48:58.190 D/pskey_bt(  329): char:3, 3
04-26 06:48:58.190 D/pskey_bt(  329): char:5, 5
04-26 06:48:58.190 D/pskey_bt(  329): char:0, 0
04-26 06:48:58.190 D/pskey_bt(  329): char:0, 0
04-26 06:48:58.190 D/pskey_bt(  329): char:3, 3
04-26 06:48:58.190 D/pskey_bt(  329): char:6, 6
04-26 06:48:58.190 D/pskey_bt(  329): get_one_item(data) = 0x350036
04-26 06:48:58.190 D/pskey_bt(  329): get_next_u32: here:350036
04-26 06:48:58.190 D/pskey_bt(  329): char:2, 2
04-26 06:48:58.190 D/pskey_bt(  329): char:9, 9
04-26 06:48:58.190 D/pskey_bt(  329): char:0, 0
04-26 06:48:58.190 D/pskey_bt(  329): char:0, 0
04-26 06:48:58.190 D/pskey_bt(  329): char:3, 3
04-26 06:48:58.190 D/pskey_bt(  329): char:4, 4
04-26 06:48:58.190 D/pskey_bt(  329): get_one_item(data) = 0x290034
04-26 06:48:58.190 D/pskey_bt(  329): get_next_u32: here:290034
04-26 06:48:58.190 D/pskey_bt(  329): char:0, 0
04-26 06:48:58.190 D/pskey_bt(  329): char:A, A
04-26 06:48:58.190 D/pskey_bt(  329): char:0, 0
04-26 06:48:58.190 D/pskey_bt(  329): char:0, 0
04-26 06:48:58.190 D/pskey_bt(  329): char:2, 2
04-26 06:48:58.190 D/pskey_bt(  329): char:8, 8
04-26 06:48:58.190 D/pskey_bt(  329): get_one_item(data) = 0xa0028
04-26 06:48:58.190 D/pskey_bt(  329): get_next_u32: here:a0028
04-26 06:48:58.190 D/pskey_bt(  329): char:0, 0
04-26 06:48:58.190 D/pskey_bt(  329): char:0, 0
04-26 06:48:58.190 D/pskey_bt(  329): char:0, 0
04-26 06:48:58.190 D/pskey_bt(  329): char:6, 6
04-26 06:48:58.190 D/pskey_bt(  329): char:0, 0
04-26 06:48:58.190 D/pskey_bt(  329): char:0, 0
04-26 06:48:58.190 D/pskey_bt(  329): char:0, 0
04-26 06:48:58.190 D/pskey_bt(  329): char:9, 9
04-26 06:48:58.190 D/pskey_bt(  329): get_one_item(data) = 0x60009
04-26 06:48:58.190 D/pskey_bt(  329): get_next_u32: here:60009
04-26 06:48:58.190 D/pskey_bt(  329): end of buff, str=},
04-26 06:48:58.190 D/pskey_bt(  329): {0x0B,0x0A,0x09, 0x08, 0x07},
04-26 06:48:58.190 D/pskey_bt(  329): {0xFF, 0xFF, 0x8D, 0xFE, 0x9B, 0x3F, 0x79, 0x83,
04-26 06:48:58.190 D/pskey_bt(  329):   0xFF, 0xA7, 0xFF, 0x7F, 0x00, 0xE0, 0xF7, 0x3E},
04-26 06:48:58.190 D/pskey_bt(  329): {0xFF, 0xFF, 0xFF, 0xFF, 0xFF, 0xFF},
04-26 06:48:58.190 D/pskey_bt(  329): 0,
04-26 06:48:58.190 D/pskey_bt(  329): 1,
04-26 06:48:58.190 D/pskey_bt(  329): 5,
04-26 06:48:58.190 D/pskey_bt(  329): 0xE,
04-26 06:48:58.190 D/pskey_bt(  329): 1,
04-26 06:48:58.190 D/pskey_bt(  329): 1,
04-26 06:48:58.190 D/pskey_bt(  329): 0x50000000,
04-26 06:48:58.190 D/pskey_bt(  329): 0x50000150,
04-26 06:48:58.190 D/pskey_bt(  329): 0x50000150,
04-26 06:48:58.190 D/pskey_bt(  329): 0x50000154,
04-26 06:48:58.190 D/pskey_bt(  329): 0xFFFFFFFF,
04-26 06:48:58.190 D/pskey_bt(  329): 0x100,
04-26 06:48:58.190 D/pskey_bt(  329): 0xA0,
04-26 06:48:58.190 D/pskey_bt(  329): 0xDC,
04-26 06:48:58.190 D/pskey_bt(  329): 0x20,
04-26 06:48:58.190 D/pskey_bt(  329): 0x55,
04-26 06:48:58.190 D/pskey_bt(  329): 0x64,
04-26 06:48:58.190 D/pskey_bt(  329): 0,
04-26 06:48:58.190 D/pskey_bt(  329): 0x8,
04-26 06:48:58.190 D/pskey_bt(  329): 0x13C,
04-26 06:48:58.190 D/pskey_bt(  329): 0x2,
04-26 06:48:58.190 D/pskey_bt(  329): 0xD704,
04-26 06:48:58.190 D/pskey_bt(  329): 0x88888888,
04-26 06:48:58.190 D/pskey_bt(  329): 0x6,
04-26 06:48:58.190 D/pskey_bt(  329): 0x0,
04-26 06:48:58.190 D/pskey_bt(  329): {0x0001,0x0000,0x0000,0x0000,0x0000,0x0000,0x0000,0x0000,0x0000
04-26 06:48:58.190 D/pskey_bt(  329): char:0, 0
04-26 06:48:58.190 D/pskey_bt(  329): char:B, B
04-26 06:48:58.190 D/pskey_bt(  329): get_one_item(data) = 0xb
04-26 06:48:58.190 D/pskey_bt(  329): get_next_u32: here:b
04-26 06:48:58.190 D/pskey_bt(  329): char:0, 0
04-26 06:48:58.190 D/pskey_bt(  329): char:A, A
04-26 06:48:58.190 D/pskey_bt(  329): get_one_item(data) = 0xa
04-26 06:48:58.190 D/pskey_bt(  329): get_next_u32: here:a
04-26 06:48:58.190 D/pskey_bt(  329): char:0, 0
04-26 06:48:58.190 D/pskey_bt(  329): char:9, 9
04-26 06:48:58.190 D/pskey_bt(  329): get_one_item(data) = 0x9
04-26 06:48:58.190 D/pskey_bt(  329): get_next_u32: here:9
04-26 06:48:58.190 D/pskey_bt(  329): char:0, 0
04-26 06:48:58.190 D/pskey_bt(  329): char:8, 8
04-26 06:48:58.190 D/pskey_bt(  329): get_one_item(data) = 0x8
04-26 06:48:58.190 D/pskey_bt(  329): get_next_u32: here:8
04-26 06:48:58.190 D/pskey_bt(  329): char:0, 0
04-26 06:48:58.190 D/pskey_bt(  329): char:7, 7
04-26 06:48:58.190 D/pskey_bt(  329): get_one_item(data) = 0x7
04-26 06:48:58.190 D/pskey_bt(  329): get_next_u32: here:7
04-26 06:48:58.190 D/pskey_bt(  329): end of buff, str=},
04-26 06:48:58.190 D/pskey_bt(  329): {0xFF, 0xFF, 0x8D, 0xFE, 0x9B, 0x3F, 0x79, 0x83,
04-26 06:48:58.190 D/pskey_bt(  329):   0xFF, 0xA7, 0xFF, 0x7F, 0x00, 0xE0, 0xF7, 0x3E},
04-26 06:48:58.190 D/pskey_bt(  329): {0xFF, 0xFF, 0xFF, 0xFF, 0xFF, 0xFF},
04-26 06:48:58.190 D/pskey_bt(  329): 0,
04-26 06:48:58.190 D/pskey_bt(  329): 1,
04-26 06:48:58.190 D/pskey_bt(  329): 5,
04-26 06:48:58.190 D/pskey_bt(  329): 0xE,
04-26 06:48:58.190 D/pskey_bt(  329): 1,
04-26 06:48:58.190 D/pskey_bt(  329): 1,
04-26 06:48:58.190 D/pskey_bt(  329): 0x50000000,
04-26 06:48:58.190 D/pskey_bt(  329): 0x50000150,
04-26 06:48:58.190 D/pskey_bt(  329): 0x50000150,
04-26 06:48:58.190 D/pskey_bt(  329): 0x50000154,
04-26 06:48:58.190 D/pskey_bt(  329): 0xFFFFFFFF,
04-26 06:48:58.190 D/pskey_bt(  329): 0x100,
04-26 06:48:58.190 D/pskey_bt(  329): 0xA0,
04-26 06:48:58.190 D/pskey_bt(  329): 0xDC,
04-26 06:48:58.190 D/pskey_bt(  329): 0x20,
04-26 06:48:58.190 D/pskey_bt(  329): 0x55,
04-26 06:48:58.190 D/pskey_bt(  329): 0x64,
04-26 06:48:58.190 D/pskey_bt(  329): 0,
04-26 06:48:58.190 D/pskey_bt(  329): 0x8,
04-26 06:48:58.190 D/pskey_bt(  329): 0x13C,
04-26 06:48:58.190 D/pskey_bt(  329): 0x2,
04-26 06:48:58.190 D/pskey_bt(  329): 0xD704,
04-26 06:48:58.190 D/pskey_bt(  329): 0x88888888,
04-26 06:48:58.190 D/pskey_bt(  329): 0x6,
04-26 06:48:58.190 D/pskey_bt(  329): 0x0,
04-26 06:48:58.190 D/pskey_bt(  329): {0x0001,0x0000,0x0000,0x0000,0x0000,0x0000,0x0000,0x0000,0x0000
04-26 06:48:58.190 D/pskey_bt(  329): char:F, F
04-26 06:48:58.190 D/pskey_bt(  329): char:F, F
04-26 06:48:58.190 D/pskey_bt(  329): get_one_item(data) = 0xff
04-26 06:48:58.190 D/pskey_bt(  329): get_next_u8: here:ff
04-26 06:48:58.190 D/pskey_bt(  329): char:F, F
04-26 06:48:58.190 D/pskey_bt(  329): char:F, F
04-26 06:48:58.190 D/pskey_bt(  329): get_one_item(data) = 0xff
04-26 06:48:58.190 D/pskey_bt(  329): get_next_u8: here:ff
04-26 06:48:58.190 D/pskey_bt(  329): char:8, 8
04-26 06:48:58.190 D/pskey_bt(  329): char:D, D
04-26 06:48:58.190 D/pskey_bt(  329): get_one_item(data) = 0x8d
04-26 06:48:58.190 D/pskey_bt(  329): get_next_u8: here:8d
04-26 06:48:58.190 D/pskey_bt(  329): char:F, F
04-26 06:48:58.190 D/pskey_bt(  329): char:E, E
04-26 06:48:58.190 D/pskey_bt(  329): get_one_item(data) = 0xfe
04-26 06:48:58.190 D/pskey_bt(  329): get_next_u8: here:fe
04-26 06:48:58.190 D/pskey_bt(  329): char:9, 9
04-26 06:48:58.190 D/pskey_bt(  329): char:B, B
04-26 06:48:58.190 D/pskey_bt(  329): get_one_item(data) = 0x9b
04-26 06:48:58.190 D/pskey_bt(  329): get_next_u8: here:9b
04-26 06:48:58.190 D/pskey_bt(  329): char:3, 3
04-26 06:48:58.190 D/pskey_bt(  329): char:F, F
04-26 06:48:58.190 D/pskey_bt(  329): get_one_item(data) = 0x3f
04-26 06:48:58.190 D/pskey_bt(  329): get_next_u8: here:3f
04-26 06:48:58.190 D/pskey_bt(  329): char:7, 7
04-26 06:48:58.190 D/pskey_bt(  329): char:9, 9
04-26 06:48:58.190 D/pskey_bt(  329): get_one_item(data) = 0x79
04-26 06:48:58.190 D/pskey_bt(  329): get_next_u8: here:79
04-26 06:48:58.190 D/pskey_bt(  329): char:8, 8
04-26 06:48:58.190 D/pskey_bt(  329): char:3, 3
04-26 06:48:58.190 D/pskey_bt(  329): get_one_item(data) = 0x83
04-26 06:48:58.190 D/pskey_bt(  329): get_next_u8: here:83
04-26 06:48:58.190 D/pskey_bt(  329): char:F, F
04-26 06:48:58.190 D/pskey_bt(  329): char:F, F
04-26 06:48:58.190 D/pskey_bt(  329): get_one_item(data) = 0xff
04-26 06:48:58.190 D/pskey_bt(  329): get_next_u8: here:ff
04-26 06:48:58.190 D/pskey_bt(  329): char:A, A
04-26 06:48:58.190 D/pskey_bt(  329): char:7, 7
04-26 06:48:58.190 D/pskey_bt(  329): get_one_item(data) = 0xa7
04-26 06:48:58.190 D/pskey_bt(  329): get_next_u8: here:a7
04-26 06:48:58.190 D/pskey_bt(  329): char:F, F
04-26 06:48:58.190 D/pskey_bt(  329): char:F, F
04-26 06:48:58.190 D/pskey_bt(  329): get_one_item(data) = 0xff
04-26 06:48:58.190 D/pskey_bt(  329): get_next_u8: here:ff
04-26 06:48:58.190 D/pskey_bt(  329): char:7, 7
04-26 06:48:58.190 D/pskey_bt(  329): char:F, F
04-26 06:48:58.190 D/pskey_bt(  329): get_one_item(data) = 0x7f
04-26 06:48:58.190 D/pskey_bt(  329): get_next_u8: here:7f
04-26 06:48:58.190 D/pskey_bt(  329): char:0, 0
04-26 06:48:58.190 D/pskey_bt(  329): char:0, 0
04-26 06:48:58.190 D/pskey_bt(  329): get_one_item(data) = 0x0
04-26 06:48:58.190 D/pskey_bt(  329): get_next_u8: here:0
04-26 06:48:58.190 D/pskey_bt(  329): char:E, E
04-26 06:48:58.190 D/pskey_bt(  329): char:0, 0
04-26 06:48:58.190 D/pskey_bt(  329): get_one_item(data) = 0xe0
04-26 06:48:58.190 D/pskey_bt(  329): get_next_u8: here:e0
04-26 06:48:58.190 D/pskey_bt(  329): char:F, F
04-26 06:48:58.190 D/pskey_bt(  329): char:7, 7
04-26 06:48:58.190 D/pskey_bt(  329): get_one_item(data) = 0xf7
04-26 06:48:58.190 D/pskey_bt(  329): get_next_u8: here:f7
04-26 06:48:58.190 D/pskey_bt(  329): char:3, 3
04-26 06:48:58.190 D/pskey_bt(  329): char:E, E
04-26 06:48:58.190 D/pskey_bt(  329): get_one_item(data) = 0x3e
04-26 06:48:58.190 D/pskey_bt(  329): get_next_u8: here:3e
04-26 06:48:58.190 D/pskey_bt(  329): end of buff, str=},
04-26 06:48:58.190 D/pskey_bt(  329): {0xFF, 0xFF, 0xFF, 0xFF, 0xFF, 0xFF},
04-26 06:48:58.190 D/pskey_bt(  329): 0,
04-26 06:48:58.190 D/pskey_bt(  329): 1,
04-26 06:48:58.190 D/pskey_bt(  329): 5,
04-26 06:48:58.190 D/pskey_bt(  329): 0xE,
04-26 06:48:58.190 D/pskey_bt(  329): 1,
04-26 06:48:58.190 D/pskey_bt(  329): 1,
04-26 06:48:58.190 D/pskey_bt(  329): 0x50000000,
04-26 06:48:58.190 D/pskey_bt(  329): 0x50000150,
04-26 06:48:58.190 D/pskey_bt(  329): 0x50000150,
04-26 06:48:58.190 D/pskey_bt(  329): 0x50000154,
04-26 06:48:58.190 D/pskey_bt(  329): 0xFFFFFFFF,
04-26 06:48:58.190 D/pskey_bt(  329): 0x100,
04-26 06:48:58.190 D/pskey_bt(  329): 0xA0,
04-26 06:48:58.190 D/pskey_bt(  329): 0xDC,
04-26 06:48:58.190 D/pskey_bt(  329): 0x20,
04-26 06:48:58.190 D/pskey_bt(  329): 0x55,
04-26 06:48:58.190 D/pskey_bt(  329): 0x64,
04-26 06:48:58.190 D/pskey_bt(  329): 0,
04-26 06:48:58.190 D/pskey_bt(  329): 0x8,
04-26 06:48:58.190 D/pskey_bt(  329): 0x13C,
04-26 06:48:58.190 D/pskey_bt(  329): 0x2,
04-26 06:48:58.190 D/pskey_bt(  329): 0xD704,
04-26 06:48:58.190 D/pskey_bt(  329): 0x88888888,
04-26 06:48:58.190 D/pskey_bt(  329): 0x6,
04-26 06:48:58.190 D/pskey_bt(  329): 0x0,
04-26 06:48:58.190 D/pskey_bt(  329): {0x0001,0x0000,0x0000,0x0000,0x0000,0x0000,0x0000,0x0000,0x0000
04-26 06:48:58.190 D/pskey_bt(  329): char:F, F
04-26 06:48:58.190 D/pskey_bt(  329): char:F, F
04-26 06:48:58.190 D/pskey_bt(  329): get_one_item(data) = 0xff
04-26 06:48:58.190 D/pskey_bt(  329): get_next_u8: here:ff
04-26 06:48:58.190 D/pskey_bt(  329): char:F, F
04-26 06:48:58.190 D/pskey_bt(  329): char:F, F
04-26 06:48:58.190 D/pskey_bt(  329): get_one_item(data) = 0xff
04-26 06:48:58.190 D/pskey_bt(  329): get_next_u8: here:ff
04-26 06:48:58.190 D/pskey_bt(  329): char:F, F
04-26 06:48:58.190 D/pskey_bt(  329): char:F, F
04-26 06:48:58.190 D/pskey_bt(  329): get_one_item(data) = 0xff
04-26 06:48:58.190 D/pskey_bt(  329): get_next_u8: here:ff
04-26 06:48:58.190 D/pskey_bt(  329): char:F, F
04-26 06:48:58.190 D/pskey_bt(  329): char:F, F
04-26 06:48:58.190 D/pskey_bt(  329): get_one_item(data) = 0xff
04-26 06:48:58.190 D/pskey_bt(  329): get_next_u8: here:ff
04-26 06:48:58.190 D/pskey_bt(  329): char:F, F
04-26 06:48:58.190 D/pskey_bt(  329): char:F, F
04-26 06:48:58.190 D/pskey_bt(  329): get_one_item(data) = 0xff
04-26 06:48:58.190 D/pskey_bt(  329): get_next_u8: here:ff
04-26 06:48:58.190 D/pskey_bt(  329): char:F, F
04-26 06:48:58.190 D/pskey_bt(  329): char:F, F
04-26 06:48:58.190 D/pskey_bt(  329): get_one_item(data) = 0xff
04-26 06:48:58.190 D/pskey_bt(  329): get_next_u8: here:ff
04-26 06:48:58.190 D/pskey_bt(  329): end of buff, str=},
04-26 06:48:58.190 D/pskey_bt(  329): 0,
04-26 06:48:58.190 D/pskey_bt(  329): 1,
04-26 06:48:58.190 D/pskey_bt(  329): 5,
04-26 06:48:58.190 D/pskey_bt(  329): 0xE,
04-26 06:48:58.190 D/pskey_bt(  329): 1,
04-26 06:48:58.190 D/pskey_bt(  329): 1,
04-26 06:48:58.190 D/pskey_bt(  329): 0x50000000,
04-26 06:48:58.190 D/pskey_bt(  329): 0x50000150,
04-26 06:48:58.190 D/pskey_bt(  329): 0x50000150,
04-26 06:48:58.190 D/pskey_bt(  329): 0x50000154,
04-26 06:48:58.190 D/pskey_bt(  329): 0xFFFFFFFF,
04-26 06:48:58.190 D/pskey_bt(  329): 0x100,
04-26 06:48:58.190 D/pskey_bt(  329): 0xA0,
04-26 06:48:58.190 D/pskey_bt(  329): 0xDC,
04-26 06:48:58.190 D/pskey_bt(  329): 0x20,
04-26 06:48:58.190 D/pskey_bt(  329): 0x55,
04-26 06:48:58.190 D/pskey_bt(  329): 0x64,
04-26 06:48:58.190 D/pskey_bt(  329): 0,
04-26 06:48:58.190 D/pskey_bt(  329): 0x8,
04-26 06:48:58.190 D/pskey_bt(  329): 0x13C,
04-26 06:48:58.190 D/pskey_bt(  329): 0x2,
04-26 06:48:58.190 D/pskey_bt(  329): 0xD704,
04-26 06:48:58.190 D/pskey_bt(  329): 0x88888888,
04-26 06:48:58.190 D/pskey_bt(  329): 0x6,
04-26 06:48:58.190 D/pskey_bt(  329): 0x0,
04-26 06:48:58.190 D/pskey_bt(  329): {0x0001,0x0000,0x0000,0x0000,0x0000,0x0000,0x0000,0x0000,0x0000
04-26 06:48:58.190 D/pskey_bt(  329): char:0, 0
04-26 06:48:58.190 D/pskey_bt(  329): get_one_item(data) = 0x0
04-26 06:48:58.190 D/pskey_bt(  329): get_next_u8: here:0
04-26 06:48:58.190 D/pskey_bt(  329): char:1, 1
04-26 06:48:58.190 D/pskey_bt(  329): get_one_item(data) = 0x1
04-26 06:48:58.190 D/pskey_bt(  329): get_next_u8: here:1
04-26 06:48:58.190 D/pskey_bt(  329): char:5, 5
04-26 06:48:58.190 D/pskey_bt(  329): get_one_item(data) = 0x5
04-26 06:48:58.190 D/pskey_bt(  329): get_next_u8: here:5
04-26 06:48:58.190 D/pskey_bt(  329): char:E, E
04-26 06:48:58.190 D/pskey_bt(  329): get_one_item(data) = 0xe
04-26 06:48:58.190 D/pskey_bt(  329): get_next_u8: here:e
04-26 06:48:58.190 D/pskey_bt(  329): char:1, 1
04-26 06:48:58.190 D/pskey_bt(  329): get_one_item(data) = 0x1
04-26 06:48:58.190 D/pskey_bt(  329): get_next_u8: here:1
04-26 06:48:58.190 D/pskey_bt(  329): char:1, 1
04-26 06:48:58.190 D/pskey_bt(  329): get_one_item(data) = 0x1
04-26 06:48:58.190 D/pskey_bt(  329): get_next_u8: here:1
04-26 06:48:58.190 D/pskey_bt(  329): char:5, 5
04-26 06:48:58.190 D/pskey_bt(  329): char:0, 0
04-26 06:48:58.190 D/pskey_bt(  329): char:0, 0
04-26 06:48:58.190 D/pskey_bt(  329): char:0, 0
04-26 06:48:58.190 D/pskey_bt(  329): char:0, 0
04-26 06:48:58.190 D/pskey_bt(  329): char:0, 0
04-26 06:48:58.190 D/pskey_bt(  329): char:0, 0
04-26 06:48:58.190 D/pskey_bt(  329): char:0, 0
04-26 06:48:58.190 D/pskey_bt(  329): get_one_item(data) = 0x50000000
04-26 06:48:58.190 D/pskey_bt(  329): get_next_u32: here:50000000
04-26 06:48:58.190 D/pskey_bt(  329): char:5, 5
04-26 06:48:58.190 D/pskey_bt(  329): char:0, 0
04-26 06:48:58.190 D/pskey_bt(  329): char:0, 0
04-26 06:48:58.190 D/pskey_bt(  329): char:0, 0
04-26 06:48:58.190 D/pskey_bt(  329): char:0, 0
04-26 06:48:58.190 D/pskey_bt(  329): char:1, 1
04-26 06:48:58.190 D/pskey_bt(  329): char:5, 5
04-26 06:48:58.190 D/pskey_bt(  329): char:0, 0
04-26 06:48:58.190 D/pskey_bt(  329): get_one_item(data) = 0x50000150
04-26 06:48:58.190 D/pskey_bt(  329): get_next_u32: here:50000150
04-26 06:48:58.190 D/pskey_bt(  329): char:5, 5
04-26 06:48:58.190 D/pskey_bt(  329): char:0, 0
04-26 06:48:58.190 D/pskey_bt(  329): char:0, 0
04-26 06:48:58.190 D/pskey_bt(  329): char:0, 0
04-26 06:48:58.190 D/pskey_bt(  329): char:0, 0
04-26 06:48:58.190 D/pskey_bt(  329): char:1, 1
04-26 06:48:58.190 D/pskey_bt(  329): char:5, 5
04-26 06:48:58.190 D/pskey_bt(  329): char:0, 0
04-26 06:48:58.190 D/pskey_bt(  329): get_one_item(data) = 0x50000150
04-26 06:48:58.190 D/pskey_bt(  329): get_next_u32: here:50000150
04-26 06:48:58.190 D/pskey_bt(  329): char:5, 5
04-26 06:48:58.190 D/pskey_bt(  329): char:0, 0
04-26 06:48:58.190 D/pskey_bt(  329): char:0, 0
04-26 06:48:58.190 D/pskey_bt(  329): char:0, 0
04-26 06:48:58.190 D/pskey_bt(  329): char:0, 0
04-26 06:48:58.190 D/pskey_bt(  329): char:1, 1
04-26 06:48:58.190 D/pskey_bt(  329): char:5, 5
04-26 06:48:58.190 D/pskey_bt(  329): char:4, 4
04-26 06:48:58.190 D/pskey_bt(  329): get_one_item(data) = 0x50000154
04-26 06:48:58.190 D/pskey_bt(  329): get_next_u32: here:50000154
04-26 06:48:58.190 D/pskey_bt(  329): char:F, F
04-26 06:48:58.190 D/pskey_bt(  329): char:F, F
04-26 06:48:58.190 D/pskey_bt(  329): char:F, F
04-26 06:48:58.190 D/pskey_bt(  329): char:F, F
04-26 06:48:58.190 D/pskey_bt(  329): char:F, F
04-26 06:48:58.190 D/pskey_bt(  329): char:F, F
04-26 06:48:58.190 D/pskey_bt(  329): char:F, F
04-26 06:48:58.190 D/pskey_bt(  329): char:F, F
04-26 06:48:58.190 D/pskey_bt(  329): get_one_item(data) = 0xffffffff
04-26 06:48:58.190 D/pskey_bt(  329): get_next_u32: here:ffffffff
04-26 06:48:58.190 D/pskey_bt(  329): char:1, 1
04-26 06:48:58.190 D/pskey_bt(  329): char:0, 0
04-26 06:48:58.190 D/pskey_bt(  329): char:0, 0
04-26 06:48:58.190 D/pskey_bt(  329): get_one_item(data) = 0x100
04-26 06:48:58.190 D/pskey_bt(  329): get_next_u16: here:100
04-26 06:48:58.190 D/pskey_bt(  329): char:A, A
04-26 06:48:58.190 D/pskey_bt(  329): char:0, 0
04-26 06:48:58.190 D/pskey_bt(  329): get_one_item(data) = 0xa0
04-26 06:48:58.190 D/pskey_bt(  329): get_next_u16: here:a0
04-26 06:48:58.190 D/pskey_bt(  329): char:D, D
04-26 06:48:58.190 D/pskey_bt(  329): char:C, C
04-26 06:48:58.190 D/pskey_bt(  329): get_one_item(data) = 0xdc
04-26 06:48:58.190 D/pskey_bt(  329): get_next_u16: here:dc
04-26 06:48:58.190 D/pskey_bt(  329): char:2, 2
04-26 06:48:58.190 D/pskey_bt(  329): char:0, 0
04-26 06:48:58.190 D/pskey_bt(  329): get_one_item(data) = 0x20
04-26 06:48:58.190 D/pskey_bt(  329): get_next_u16: here:20
04-26 06:48:58.190 D/pskey_bt(  329): char:5, 5
04-26 06:48:58.190 D/pskey_bt(  329): char:5, 5
04-26 06:48:58.190 D/pskey_bt(  329): get_one_item(data) = 0x55
04-26 06:48:58.190 D/pskey_bt(  329): get_next_u16: here:55
04-26 06:48:58.190 D/pskey_bt(  329): char:6, 6
04-26 06:48:58.190 D/pskey_bt(  329): char:4, 4
04-26 06:48:58.190 D/pskey_bt(  329): get_one_item(data) = 0x64
04-26 06:48:58.190 D/pskey_bt(  329): get_next_u16: here:64
04-26 06:48:58.190 D/pskey_bt(  329): char:0, 0
04-26 06:48:58.190 D/pskey_bt(  329): get_one_item(data) = 0x0
04-26 06:48:58.190 D/pskey_bt(  329): get_next_u32: here:0
04-26 06:48:58.190 D/pskey_bt(  329): char:8, 8
04-26 06:48:58.190 D/pskey_bt(  329): get_one_item(data) = 0x8
04-26 06:48:58.190 D/pskey_bt(  329): get_next_u16: here:8
04-26 06:48:58.190 D/pskey_bt(  329): char:1, 1
04-26 06:48:58.190 D/pskey_bt(  329): char:3, 3
04-26 06:48:58.190 D/pskey_bt(  329): char:C, C
04-26 06:48:58.190 D/pskey_bt(  329): get_one_item(data) = 0x13c
04-26 06:48:58.190 D/pskey_bt(  329): get_next_u16: here:13c
04-26 06:48:58.190 D/pskey_bt(  329): char:2, 2
04-26 06:48:58.190 D/pskey_bt(  329): get_one_item(data) = 0x2
04-26 06:48:58.190 D/pskey_bt(  329): get_next_u16: here:2
04-26 06:48:58.190 D/pskey_bt(  329): char:D, D
04-26 06:48:58.190 D/pskey_bt(  329): char:7, 7
04-26 06:48:58.190 D/pskey_bt(  329): char:0, 0
04-26 06:48:58.190 D/pskey_bt(  329): char:4, 4
04-26 06:48:58.190 D/pskey_bt(  329): get_one_item(data) = 0xd704
04-26 06:48:58.190 D/pskey_bt(  329): get_next_u16: here:d704
04-26 06:48:58.190 D/pskey_bt(  329): char:8, 8
04-26 06:48:58.190 D/pskey_bt(  329): char:8, 8
04-26 06:48:58.190 D/pskey_bt(  329): char:8, 8
04-26 06:48:58.190 D/pskey_bt(  329): char:8, 8
04-26 06:48:58.190 D/pskey_bt(  329): char:8, 8
04-26 06:48:58.190 D/pskey_bt(  329): char:8, 8
04-26 06:48:58.190 D/pskey_bt(  329): char:8, 8
04-26 06:48:58.190 D/pskey_bt(  329): char:8, 8
04-26 06:48:58.190 D/pskey_bt(  329): get_one_item(data) = 0x88888888
04-26 06:48:58.190 D/pskey_bt(  329): get_next_u32: here:88888888
04-26 06:48:58.190 D/pskey_bt(  329): char:6, 6
04-26 06:48:58.190 D/pskey_bt(  329): get_one_item(data) = 0x6
04-26 06:48:58.190 D/pskey_bt(  329): get_next_u16: here:6
04-26 06:48:58.190 D/pskey_bt(  329): char:0, 0
04-26 06:48:58.190 D/pskey_bt(  329): get_one_item(data) = 0x0
04-26 06:48:58.190 D/pskey_bt(  329): get_next_u16: here:0
04-26 06:48:58.190 D/pskey_bt(  329): char:0, 0
04-26 06:48:58.190 D/pskey_bt(  329): char:0, 0
04-26 06:48:58.190 D/pskey_bt(  329): char:0, 0
04-26 06:48:58.190 D/pskey_bt(  329): char:1, 1
04-26 06:48:58.190 D/pskey_bt(  329): get_one_item(data) = 0x1
04-26 06:48:58.190 D/pskey_bt(  329): get_next_u32: here:1
04-26 06:48:58.190 D/pskey_bt(  329): char:0, 0
04-26 06:48:58.190 D/pskey_bt(  329): char:0, 0
04-26 06:48:58.190 D/pskey_bt(  329): char:0, 0
04-26 06:48:58.190 D/pskey_bt(  329): char:0, 0
04-26 06:48:58.190 D/pskey_bt(  329): get_one_item(data) = 0x0
04-26 06:48:58.190 D/pskey_bt(  329): get_next_u32: here:0
04-26 06:48:58.190 D/pskey_bt(  329): char:0, 0
04-26 06:48:58.190 D/pskey_bt(  329): char:0, 0
04-26 06:48:58.190 D/pskey_bt(  329): char:0, 0
04-26 06:48:58.190 D/pskey_bt(  329): char:0, 0
04-26 06:48:58.190 D/pskey_bt(  329): get_one_item(data) = 0x0
04-26 06:48:58.190 D/pskey_bt(  329): get_next_u32: here:0
04-26 06:48:58.190 D/pskey_bt(  329): char:0, 0
04-26 06:48:58.190 D/pskey_bt(  329): char:0, 0
04-26 06:48:58.190 D/pskey_bt(  329): char:0, 0
04-26 06:48:58.190 D/pskey_bt(  329): char:0, 0
04-26 06:48:58.190 D/pskey_bt(  329): get_one_item(data) = 0x0
04-26 06:48:58.190 D/pskey_bt(  329): get_next_u32: here:0
04-26 06:48:58.190 D/pskey_bt(  329): char:0, 0
04-26 06:48:58.190 D/pskey_bt(  329): char:0, 0
04-26 06:48:58.190 D/pskey_bt(  329): char:0, 0
04-26 06:48:58.190 D/pskey_bt(  329): char:0, 0
04-26 06:48:58.190 D/pskey_bt(  329): get_one_item(data) = 0x0
04-26 06:48:58.190 D/pskey_bt(  329): get_next_u32: here:0
04-26 06:48:58.190 D/pskey_bt(  329): char:0, 0
04-26 06:48:58.190 D/pskey_bt(  329): char:0, 0
04-26 06:48:58.190 D/pskey_bt(  329): char:0, 0
04-26 06:48:58.190 D/pskey_bt(  329): char:0, 0
04-26 06:48:58.190 D/pskey_bt(  329): get_one_item(data) = 0x0
04-26 06:48:58.190 D/pskey_bt(  329): get_next_u32: here:0
04-26 06:48:58.190 D/pskey_bt(  329): char:0, 0
04-26 06:48:58.190 D/pskey_bt(  329): char:0, 0
04-26 06:48:58.190 D/pskey_bt(  329): char:0, 0
04-26 06:48:58.190 D/pskey_bt(  329): char:0, 0
04-26 06:48:58.190 D/pskey_bt(  329): get_one_item(data) = 0x0
04-26 06:48:58.190 D/pskey_bt(  329): get_next_u32: here:0
04-26 06:48:58.190 D/pskey_bt(  329): char:0, 0
04-26 06:48:58.190 D/pskey_bt(  329): char:0, 0
04-26 06:48:58.190 D/pskey_bt(  329): char:0, 0
04-26 06:48:58.190 D/pskey_bt(  329): char:0, 0
04-26 06:48:58.190 D/pskey_bt(  329): get_one_item(data) = 0x0
04-26 06:48:58.190 D/pskey_bt(  329): get_next_u32: here:0
04-26 06:48:58.190 D/pskey_bt(  329): char:0, 0
04-26 06:48:58.190 D/pskey_bt(  329): char:0, 0
04-26 06:48:58.190 D/pskey_bt(  329): char:0, 0
04-26 06:48:58.190 D/pskey_bt(  329): char:0, 0
04-26 06:48:58.190 D/pskey_bt(  329): get_one_item(data) = 0x0
04-26 06:48:58.190 D/pskey_bt(  329): get_next_u32: here:0
04-26 06:48:58.190 D/pskey_bt(  329): get_one_item(data) = 0x0
04-26 06:48:58.190 D/pskey_bt(  329): get_next_u32: here:0
04-26 06:48:58.190 D/pskey_bt(  329): leave out tmp_buff=
04-26 06:48:58.190 D/pskey_bt(  329): parse pskey success, tmp_buff=0xc17120
04-26 06:48:58.190 D/pskey_bt(  329): ret get pskey from file =0
04-26 06:48:58.190 D/pskey_bt(  329): data/btmac.txt does not exist 0 
04-26 06:48:58.290 D/pskey_bt(  329): tmp_mac:0065514deb0e
04-26 06:48:58.290 D/pskey_bt(  329): e  
04-26 06:48:58.290 D/pskey_bt(  329): eb  
04-26 06:48:58.290 D/pskey_bt(  329): 4d  
04-26 06:48:58.290 D/pskey_bt(  329): 51  
04-26 06:48:58.290 D/pskey_bt(  329): 65  
04-26 06:48:58.290 D/pskey_bt(  329): 0  
04-26 06:48:58.520 I/nsVolume(   84): nsVolume: sdcard state Mounted @ '/mnt/sdcard' gen 1 locked 0 fake 0 media 1 sharing 0 formatting 0
04-26 06:48:58.520 I/AutoMounter(   84): UpdateState: umsAvail:1 umsEnabled:1 mode:0 usbCablePluggedIn:1 tryToShare:0
04-26 06:48:58.520 I/AutoMounter(   84): UpdateState: Volume sdcard is Mounted and inserted @ /mnt/sdcard gen 1 locked 0 sharing n
04-26 06:48:58.520 I/AutoMounter(   84): UpdateState: umsAvail:1 umsEnabled:1 mode:0 usbCablePluggedIn:1 tryToShare:0
04-26 06:48:58.520 I/AutoMounter(   84): UpdateState: Volume sdcard is Mounted and inserted @ /mnt/sdcard gen 1 locked 0 sharing n
04-26 06:48:58.590 I/Gonk    (   84): RIL[0]: OnConnectSuccess
04-26 06:48:58.770 I/Gonk    (   84): RIL[1]: OnConnectSuccess
04-26 06:48:59.060 I/Gecko   (   84): 1398520139063	Marionette	DEBUG	accepted connection on 127.0.0.1:47513
04-26 06:48:59.280 E/bluedroid(   84): test bt_is_enabled
04-26 06:49:00.030 D/NetUtils(   84): failed to remove default route for wlan0: No such device
04-26 06:49:00.040 W/WifiHW  (   84): wifi_load_driver enter 262
04-26 06:49:00.040 W/WifiHW  (   84): DRIVER_MODULE_PATH= DRIVER_MODULE_ARG= 
04-26 06:49:00.040 W/WifiHW  (   84): driver insmod complete 
04-26 06:49:00.040 W/WifiHW  (   84): Driver() loaded succesffuly
04-26 06:49:00.310 W/WifiHW  (   87): wifi_change_fw_path: /system/lib/modules/itm_sta.ko
04-26 06:49:00.310 D/WifiHW  (   87): Unable to unload driver module "itm_ap.ko": No such file or directory
04-26 06:49:00.510 D/WifiHW  (   87): Unable to unload driver module "itm_sta.ko": No such file or directory
04-26 06:49:00.720 W/WifiHW  (   87): insmod filename=/system/lib/modules/itm_sta.ko args= 
04-26 06:49:00.840 V/AudioPolicyManagerBase(   89): setStreamVolumeIndex() stream 3, index 0
04-26 06:49:00.840 E/AudioPolicyManagerBase(   89): checkAndSetVolume stream=3, index=0, output=1, device=2
04-26 06:49:00.840 E/AudioPolicyManagerBase(   89): computeVolume, streamDesc=0x182abf0
04-26 06:49:00.840 V/AudioPolicyManagerBase(   89): setStreamVolume() for output 1 stream 3, volume 0.000000, delay 0
04-26 06:49:00.840 V/AudioPolicyManagerBase(   89): setStreamVolumeIndex() stream 1, index 0
04-26 06:49:00.840 E/AudioPolicyManagerBase(   89): checkAndSetVolume stream=1, index=0, output=1, device=2
04-26 06:49:00.840 E/AudioPolicyManagerBase(   89): computeVolume, streamDesc=0x182abb8
04-26 06:49:00.840 V/AudioPolicyManagerBase(   89): setStreamVolume() for output 1 stream 1, volume 0.000000, delay 0
04-26 06:49:00.840 V/AudioPolicyManagerBase(   89): setStreamVolumeIndex() stream 5, index 0
04-26 06:49:00.840 E/AudioPolicyManagerBase(   89): checkAndSetVolume stream=5, index=0, output=1, device=2
04-26 06:49:00.840 E/AudioPolicyManagerBase(   89): computeVolume, streamDesc=0x182ac28
04-26 06:49:00.840 V/AudioPolicyManagerBase(   89): setStreamVolume() for output 1 stream 5, volume 0.000000, delay 0
04-26 06:49:00.840 V/AudioPolicyManagerBase(   89): setStreamVolumeIndex() stream 2, index 0
04-26 06:49:00.840 E/AudioPolicyManagerBase(   89): checkAndSetVolume stream=2, index=0, output=1, device=2
04-26 06:49:00.840 E/AudioPolicyManagerBase(   89): computeVolume, streamDesc=0x182abd4
04-26 06:49:00.840 V/AudioPolicyManagerBase(   89): setStreamVolume() for output 1 stream 2, volume 0.000000, delay 0
04-26 06:49:00.840 V/AudioPolicyManagerBase(   89): setStreamVolumeIndex() stream 4, index 15
04-26 06:49:00.840 E/AudioPolicyManagerBase(   89): checkAndSetVolume stream=4, index=15, output=1, device=2
04-26 06:49:00.840 E/AudioPolicyManagerBase(   89): computeVolume, streamDesc=0x182ac0c
04-26 06:49:00.840 V/AudioPolicyManagerBase(   89): VOLUME vol index=[66 100 100], dB=[-10.2 0.0 0.0] ampl=1.00000
04-26 06:49:00.850 V/AudioPolicyManagerBase(   89): setStreamVolumeIndex() stream 0, index 5
04-26 06:49:00.850 E/AudioPolicyManagerBase(   89): checkAndSetVolume stream=0, index=5, output=1, device=2
04-26 06:49:00.850 E/AudioPolicyManagerBase(   89): computeVolume, streamDesc=0x182ab9c
04-26 06:49:00.850 V/AudioPolicyManagerBase(   89): VOLUME vol index=[66 100 100], dB=[-17.0 0.0 0.0] ampl=1.00000
04-26 06:49:00.850 V/AudioPolicyManagerBase(   89): setStreamVolumeIndex() stream 6, index 15
04-26 06:49:00.850 V/AudioPolicyManagerBase(   89): checkAndSetVolume() cannot set stream 6 volume with force use = 0 for comm
04-26 06:49:01.260 I/Gecko   (   84): -*- RadioInterface[0]: _lastKnownHomeNetwork: 310-410
04-26 06:49:01.370 I/Gecko   (   84): -*- RadioInterface[1]: _lastKnownHomeNetwork: 214-07
04-26 06:49:01.800 E/Profiler(  349): BEGIN mozilla_sampler_init
04-26 06:49:01.800 E/Profiler(  349): BPUnw: [1 total] thread_register_for_profiling(me=0x4011b488, stacktop=0xbeebe9b7)
04-26 06:49:01.800 E/Profiler(  349): SPS:
04-26 06:49:01.800 E/Profiler(  349): SPS: Unwind mode       = pseudo
04-26 06:49:01.800 E/Profiler(  349): SPS: Sampling interval = 0 ms (zero means "platform default")
04-26 06:49:01.800 E/Profiler(  349): SPS: Entry store size  = 0 (zero means "platform default")
04-26 06:49:01.800 E/Profiler(  349): SPS: UnwindStackScan   = 0 (max dubious frames per unwind).
04-26 06:49:01.800 E/Profiler(  349): SPS: Use env var MOZ_PROFILER_MODE=help for further information.
04-26 06:49:01.800 E/Profiler(  349): SPS:
04-26 06:49:01.800 E/Profiler(  349): Registering start signal
04-26 06:49:01.960 I/VolumeManager(   84): SetSharingMode for volume sdcard to 1 canBeShared = 1
04-26 06:49:01.960 I/AutoMounter(   84): UpdateState: umsAvail:1 umsEnabled:1 mode:0 usbCablePluggedIn:1 tryToShare:0
04-26 06:49:01.960 I/AutoMounter(   84): UpdateState: Volume sdcard is Mounted and inserted @ /mnt/sdcard gen 1 locked 0 sharing y
04-26 06:49:02.030 I/Gecko   (   84): -*- RadioInterface[0]: _lastKnownHomeNetwork: 310-410
04-26 06:49:02.170 E/GeckoConsole(  349): Could not read chrome manifest 'file:///system/b2g/chrome.manifest'.
04-26 06:49:02.310 I/Gecko   (   84): ###################################### forms.js loaded
04-26 06:49:02.330 I/Gecko   (   84): ############################### browserElementPanning.js loaded
04-26 06:49:02.390 I/Gecko   (   84): ######################## BrowserElementChildPreload.js loaded
04-26 06:49:02.480 I/Gecko   (   84): *** UTM:SVC TimerManager:registerTimer - id: user-agent-updates-timer
04-26 06:49:02.480 E/GeckoConsole(   84): UTM:SVC TimerManager:registerTimer - id: user-agent-updates-timer
04-26 06:49:03.140 I/GeckoDump(   84): Crash reporter : Can't fetch app.reportCrashes. Exception: [Exception... "Component returned failure code: 0x8000ffff (NS_ERROR_UNEXPECTED) [nsIPrefBranch.getBoolPref]"  nsresult: "0x8000ffff (NS_ERROR_UNEXPECTED)"  location: "JS frame :: chrome://browser/content/shell.js :: shell_reportCrash :: line 7"  data: no]
04-26 06:49:03.760 E/Profiler(   84): BPUnw: [1 total] thread_unregister_for_profiling(me=0x4edf48)  (NOT REGISTERED) 
04-26 06:49:03.830 D/SoftapController(   87): Softap fwReload - Ok
04-26 06:49:03.830 E/BandwidthController(   87): No such iface wlan0 to delete
04-26 06:49:04.000 E/GeckoConsole(   84): [JavaScript Warning: "Error in parsing value for 'font-weight'.  Declaration dropped." {file: "app://system.gaiamobile.org/style/shrinking_ui/shrinking_ui.css" line: 9 column: 15 source: "  font-weight: medium;"}]
04-26 06:49:04.480 D/Sensors (   84): activate handle=0; drv=0
04-26 06:49:04.480 D/Sensors (   84): Lis3dhSensor: Control set 0
04-26 06:49:04.480 D/Sensors (   84): Lis3dhSensor: mEnabled = 0
04-26 06:49:04.490 I/Gecko   (   84): MobileConnection initialized
04-26 06:49:04.490 I/Gecko   (   84): MobileConnection initialized
04-26 06:49:05.030 I/Gecko   (   84): Attempting load of libEGL.so
04-26 06:49:05.070 D/libEGL  (   84): loaded /system/lib/egl/libEGL_mali.so
04-26 06:49:05.110 D/libEGL  (   84): loaded /system/lib/egl/libGLESv1_CM_mali.so
04-26 06:49:05.110 D/libEGL  (   84): loaded /system/lib/egl/libGLESv2_mali.so
04-26 06:49:05.140 I/HWComposer(   84): Creating new instance
04-26 06:49:05.140 E/HWComposer(   84): Failed to initialize hwc
04-26 06:49:05.200 E/GeckoConsole(   84): OpenGL compositor Initialized Succesfully.
04-26 06:49:05.200 E/GeckoConsole(   84): Version: OpenGL ES 2.0 Spreadtrum Build
04-26 06:49:05.200 E/GeckoConsole(   84): Vendor: ARM
04-26 06:49:05.200 E/GeckoConsole(   84): Renderer: Mali-300
04-26 06:49:05.200 E/GeckoConsole(   84): FBO Texture Target: TEXTURE_2D
04-26 06:49:05.660 I/Gonk    (   84): Setting nice for pid 360 to 18
04-26 06:49:05.660 I/Gonk    (   84): Changed nice for pid 360 from 0 to 18.
04-26 06:49:05.860 I/Gecko   (   84): 1398520145851	Marionette	DEBUG	accepted connection on 127.0.0.1:47514
04-26 06:49:06.190 E/WifiHW  (   84): Leo ensure_config_file_exists config_file=/data/misc/wifi/wpa_supplicant.conf
04-26 06:49:06.190 E/WifiHW  (   84): daemon_cmd=wpa_supplicant:-iwlan0 -c/data/misc/wifi/wpa_supplicant.conf
04-26 06:49:07.130 E/slog    (  317): handle_top_logdir: slog use external storage [17]
04-26 06:49:07.950 I/power   (   84): *** set_screen_state 1
04-26 06:49:07.950 D/Sensors (   84): activate handle=3; drv=1
04-26 06:49:07.950 D/Sensors (   84): SensorTMD2771::setEnable=0= en=1; newState=1; what=0; mEnabled=0
04-26 06:49:08.270 D/Sensors (   84): taos ---Light::TAOS_IOCTL_ALS_ON=== err=0
04-26 06:49:08.270 D/Sensors (   84): SensorTMD2771::setEnable=1= en=1; newState=1; what=0; mEnabled=1
04-26 06:49:08.270 D/Sensors (   84): SensorTMD2771::getEnable===mEnabled=0x1; enable=1
04-26 06:49:08.300 I/GeckoDump(   84): XXX FIXME : Got a mozContentEvent: nfc-hardware-state-change
04-26 06:49:08.460 I/Gecko   (   84): ############################### browserElementPanning.js loaded
04-26 06:49:08.520 I/Gecko   (   84): ######################## BrowserElementChildPreload.js loaded
04-26 06:49:08.580 I/GeckoDump(   84): XXX FIXME : Got a mozContentEvent: system-message-listener-ready
04-26 06:49:08.930 W/WifiHW  (   84): wifi_command: LOG_LEVEL
04-26 06:49:08.940 W/WifiHW  (   84): wifi_command: STATUS
04-26 06:49:09.490 I/Gecko   (   84): 1398520149497	Marionette	INFO	loaded marionette-listener.js
04-26 06:49:09.490 I/Gecko   (   84): 1398520149499	Marionette	INFO	sendToClient: {"from":"0","value":"3-b2g"}, {b41e6cca-9476-487c-8ba9-ab3b7fea7a64}, {b41e6cca-9476-487c-8ba9-ab3b7fea7a64}
04-26 06:49:09.510 W/WifiHW  (   84): wifi_command: LIST_NETWORKS
04-26 06:49:09.510 W/WifiHW  (   84): wifi_command: DRIVER MACADDR
04-26 06:49:09.600 E/GeckoConsole(   84): [JavaScript Warning: "Error in parsing value for 'padding'.  Declaration dropped." {file: "app://callscreen.gaiamobile.org/style/oncall.css" line: 280 column: 13 source: "    padding: none;"}]
04-26 06:49:09.820 I/Gecko   (   84): MobileConnection initialized
04-26 06:49:09.820 I/Gecko   (   84): MobileConnection initialized
04-26 06:49:09.830 E/Profiler(   84): BPUnw: [1 total] thread_unregister_for_profiling(me=0x4ede88)  (NOT REGISTERED) 
04-26 06:49:09.840 W/WifiHW  (   84): wifi_command: GET_NETWORK 0 ssid
04-26 06:49:09.840 W/WifiHW  (   84): wifi_command: GET_NETWORK 0 bssid
04-26 06:49:09.840 W/WifiHW  (   84): wifi_command: GET_NETWORK 0 psk
04-26 06:49:09.840 W/WifiHW  (   84): wifi_command: GET_NETWORK 0 wep_key0
04-26 06:49:09.840 W/WifiHW  (   84): wifi_command: GET_NETWORK 0 wep_key1
04-26 06:49:09.840 W/WifiHW  (   84): wifi_command: GET_NETWORK 0 wep_key2
04-26 06:49:09.840 W/WifiHW  (   84): wifi_command: GET_NETWORK 0 wep_key3
04-26 06:49:09.840 W/WifiHW  (   84): wifi_command: GET_NETWORK 0 wep_tx_keyidx
04-26 06:49:09.840 W/WifiHW  (   84): wifi_command: GET_NETWORK 0 priority
04-26 06:49:09.840 W/WifiHW  (   84): wifi_command: GET_NETWORK 0 key_mgmt
04-26 06:49:09.850 W/WifiHW  (   84): wifi_command: GET_NETWORK 0 scan_ssid
04-26 06:49:09.850 W/WifiHW  (   84): wifi_command: GET_NETWORK 0 disabled
04-26 06:49:09.850 W/WifiHW  (   84): wifi_command: GET_NETWORK 0 identity
04-26 06:49:09.850 W/WifiHW  (   84): wifi_command: GET_NETWORK 0 password
04-26 06:49:09.850 W/WifiHW  (   84): wifi_command: GET_NETWORK 0 auth_alg
04-26 06:49:09.850 W/WifiHW  (   84): wifi_command: GET_NETWORK 0 phase1
04-26 06:49:09.850 W/WifiHW  (   84): wifi_command: GET_NETWORK 0 phase2
04-26 06:49:09.850 W/WifiHW  (   84): wifi_command: GET_NETWORK 0 eap
04-26 06:49:09.850 W/WifiHW  (   84): wifi_command: GET_NETWORK 0 pin
04-26 06:49:09.850 W/WifiHW  (   84): wifi_command: GET_NETWORK 0 pcsc
04-26 06:49:10.090 V/AudioPolicyManagerBase(   89): getDeviceForStrategy() from cache strategy 0, device 2
04-26 06:49:10.090 V/AudioPolicyManagerBase(   89): getOutput() stream 3, samplingRate 0, format 0, channels 3, flags 0
04-26 06:49:10.210 W/WifiHW  (   84): wifi_command: ENABLE_NETWORK 0
04-26 06:49:10.210 W/WifiHW  (   84): wifi_command: AP_SCAN 1
04-26 06:49:10.530 W/WifiHW  (   84): wifi_command: SAVE_CONFIG
04-26 06:49:10.660 I/Gecko   (   84): 1398520150671	Marionette	INFO	sendToClient: {"from":"0","value":{"ELEMENT":"{354fbada-25ad-4e03-876c-62059e54c4b1}"}}, {04a0a592-bf71-4969-bfa4-f0e50f1c2248}, {04a0a592-bf71-4969-bfa4-f0e50f1c2248}
04-26 06:49:10.880 I/Gecko   (   84): 1398520150890	Marionette	INFO	sendToClient: {"from":"0","value":false}, {da26aae8-4925-4f9d-9cb4-4649afae36a9}, {da26aae8-4925-4f9d-9cb4-4649afae36a9}
04-26 06:49:11.020 I/Gecko   (   84): 1398520151029	Marionette	INFO	sendToClient: {"from":"0","value":{"ELEMENT":"{354fbada-25ad-4e03-876c-62059e54c4b1}"}}, {b26f2676-de9d-4070-abe8-f778283d0ac6}, {b26f2676-de9d-4070-abe8-f778283d0ac6}
04-26 06:49:11.040 I/Gecko   (   84): 1398520151047	Marionette	INFO	sendToClient: {"from":"0","value":false}, {aa19b82e-f2c7-437d-9983-103ebe13db38}, {aa19b82e-f2c7-437d-9983-103ebe13db38}
04-26 06:49:11.220 I/Gecko   (   84): 1398520151228	Marionette	INFO	sendToClient: {"from":"0","value":{"ELEMENT":"{354fbada-25ad-4e03-876c-62059e54c4b1}"}}, {78ef6c62-c70a-49b3-90af-6c11b139756d}, {78ef6c62-c70a-49b3-90af-6c11b139756d}
04-26 06:49:11.910 I/Gecko   (   84): 1398520151920	Marionette	INFO	sendToClient: {"from":"0","value":false}, {d46cc11f-7d4c-4e2a-ab0e-67a4675d333a}, {d46cc11f-7d4c-4e2a-ab0e-67a4675d333a}
04-26 06:49:12.050 I/Gecko   (   84): 1398520152056	Marionette	INFO	sendToClient: {"from":"0","value":{"ELEMENT":"{354fbada-25ad-4e03-876c-62059e54c4b1}"}}, {07fd2f10-f78b-408b-89d2-e24bc3a3f025}, {07fd2f10-f78b-408b-89d2-e24bc3a3f025}
04-26 06:49:12.080 I/Gecko   (   84): 1398520152090	Marionette	INFO	sendToClient: {"from":"0","value":false}, {f8162e86-05ad-439e-b9a0-1cebf1124a4f}, {f8162e86-05ad-439e-b9a0-1cebf1124a4f}
04-26 06:49:12.230 I/Gecko   (   84): 1398520152235	Marionette	INFO	sendToClient: {"from":"0","value":{"ELEMENT":"{354fbada-25ad-4e03-876c-62059e54c4b1}"}}, {fb28ba9d-19ce-4a81-afaf-aa4940033180}, {fb28ba9d-19ce-4a81-afaf-aa4940033180}
04-26 06:49:12.300 I/Gecko   (   84): 1398520152301	Marionette	INFO	sendToClient: {"from":"0","value":false}, {a2b2710a-5b57-4836-beef-3680e4471468}, {a2b2710a-5b57-4836-beef-3680e4471468}
04-26 06:49:12.440 I/GeckoDump(   84): XXX FIXME : Got a mozContentEvent: accessibility-screenreader
04-26 06:49:12.480 I/GeckoDump(   84): XXX FIXME : Got a mozContentEvent: nfc-hardware-state-change
04-26 06:49:12.670 W/WifiHW  (   84): wifi_command: DRIVER SCAN-ACTIVE
04-26 06:49:12.870 W/WifiHW  (   84): wifi_command: SCAN
04-26 06:49:12.990 I/Gecko   (   84): 1398520152994	Marionette	INFO	sendToClient: {"from":"0","value":{"ELEMENT":"{354fbada-25ad-4e03-876c-62059e54c4b1}"}}, {b6d883cc-4e86-48c0-aecb-5f650708a773}, {b6d883cc-4e86-48c0-aecb-5f650708a773}
04-26 06:49:13.000 W/WifiHW  (   84): wifi_command: DRIVER SCAN-PASSIVE
04-26 06:49:13.220 I/Gecko   (   84): 1398520153225	Marionette	INFO	sendToClient: {"from":"0","value":true}, {5cf4abff-6528-4418-86a2-12896a55b3b0}, {5cf4abff-6528-4418-86a2-12896a55b3b0}
04-26 06:49:13.520 I/FMRadio (   84): FMRadio is initialized.
04-26 06:49:13.540 E/GeckoConsole(   84): Content JS ERROR at app://system.gaiamobile.org/js/telephony_settings.js:23 in set_vpm_error: Error setting voice privacy.
04-26 06:49:13.540 E/GeckoConsole(   84): Content JS ERROR at app://system.gaiamobile.org/js/telephony_settings.js:23 in set_vpm_error: Error setting voice privacy.
04-26 06:49:13.710 E/GeckoConsole(   84): Content JS ERROR at app://system.gaiamobile.org/js/telephony_settings.js:42 in set_vpm_error: Error roaming preference.
04-26 06:49:13.710 E/GeckoConsole(   84): Content JS ERROR at app://system.gaiamobile.org/js/telephony_settings.js:42 in set_vpm_error: Error roaming preference.
04-26 06:49:14.320 E/Profiler(   84): BPUnw: [1 total] thread_unregister_for_profiling(me=0x4ed278)  (NOT REGISTERED) 
04-26 06:49:14.600 I/GeckoDump(   84): XXX FIXME : Got a mozContentEvent: inputmethod-update-layouts
04-26 06:49:14.660 I/Gecko   (   84): ############################### browserElementPanning.js loaded
04-26 06:49:14.700 I/Gecko   (   84): ######################## BrowserElementChildPreload.js loaded
04-26 06:49:14.790 I/GeckoDump(   84): XXX FIXME : Got a mozContentEvent: inputmethod-update-layouts
04-26 06:49:15.550 E/GeckoConsole(   84): [JavaScript Warning: "Error in parsing value for 'font-weight'.  Declaration dropped." {file: "app://keyboard.gaiamobile.org/style/keyboard.css" line: 133 column: 15 source: "  font-weight: medium;"}]
04-26 06:49:15.690 I/Gecko   (   84): 1398520155697	Marionette	INFO	sendToClient: {"from":"0","ok":true}, {0b822f19-d9fb-46ea-a586-901d03ccb309}, {0b822f19-d9fb-46ea-a586-901d03ccb309}
04-26 06:49:15.700 I/Gecko   (   84): 1398520155706	Marionette	DEBUG	Got request: switchToFrame, data: {"to":"0","sessionId":"3-b2g","name":"switchToFrame","parameters":{"id":null,"focus":true}}, id: {5f0a41cb-485a-405f-a945-9ad665afdfdd}
04-26 06:49:15.700 I/Gecko   (   84): 1398520155708	Marionette	INFO	Switched to frame: {"frameValue":null}
04-26 06:49:15.710 W/WifiHW  (   84): wifi_command: SCAN_RESULTS
04-26 06:49:15.710 W/WifiHW  (   84): wifi_command: DRIVER SCAN-PASSIVE
04-26 06:49:15.810 W/WifiHW  (   84): wifi_command: GET_NETWORK 0 ssid
04-26 06:49:15.810 W/WifiHW  (   84): wifi_command: GET_NETWORK 0 bssid
04-26 06:49:15.810 W/WifiHW  (   84): wifi_command: GET_NETWORK 0 psk
