--------- beginning of /dev/log/system
04-25 20:55:28.440 I/Vold    (   78): Vold 2.1 (the revenge) firing up
04-25 20:55:28.440 D/Vold    (   78): Volume sdcard state changing -1 (Initializing) -> 0 (No-Media)
04-25 20:55:28.610 D/Vold    (   78): Volume sdcard state changing 0 (No-Media) -> 2 (Pending)
04-25 20:55:28.610 D/Vold    (   78): Volume sdcard state changing 2 (Pending) -> 1 (Idle-Unmounted)
04-25 20:55:33.660 D/VoldCmdListener(   78): volume list
04-25 20:55:33.670 D/VoldCmdListener(   78): volume mount sdcard
04-25 20:55:33.670 I/Vold    (   78): /dev/block/vold/179:1 being considered for volume sdcard
04-25 20:55:33.670 D/Vold    (   78): Volume sdcard state changing 1 (Idle-Unmounted) -> 3 (Checking)
04-25 20:55:33.670 W/Vold    (   78): Skipping fs checks
04-25 20:55:33.720 I/Vold    (   78): Device /dev/block/vold/179:1, target /mnt/sdcard mounted @ /mnt/secure/staging
04-25 20:55:33.730 D/Vold    (   78): Volume sdcard state changing 3 (Checking) -> 4 (Mounted)
--------- beginning of /dev/log/main
04-25 20:55:34.990 E/eng_rf_nv_update(  101): [eng_rf_nv_update]: end eng rf nv update!
04-25 20:55:34.990 I/logwrapper(   83): /system/bin/eng_rf_nv_update terminated by exit(0)
04-25 20:55:35.040 D/BTWIFIMAC(   94): read_btwifimac_from_modem
04-25 20:55:35.040 D/BTWIFIMAC(   94): read_btwifimac_from_modem modem_fd=7
04-25 20:55:35.040 D/BTWIFIMAC(   94): ===========BT MAC===========
04-25 20:55:35.040 D/BTWIFIMAC(   94): read_btwifimac_from_modem: send 39,1,AT+SNVM=0,401
04-25 20:55:35.040 D/BTWIFIMAC(   94): send_to_modem
04-25 20:55:35.040 D/BTWIFIMAC(   94): recv_from_modem: Waiting modem response ... fd=7
04-25 20:55:35.040 D/SPRDENG (  160): eng_servermodem_comm: use SIM1 /dev/CHNPTY13
04-25 20:55:35.040 D/SPRDENG (  160): AT > AT+SNVM=0,401
04-25 20:55:35.040 D/SPRDENG (  160): 41
04-25 20:55:35.040 D/SPRDENG (  160): 54
04-25 20:55:35.040 D/SPRDENG (  160): 2b
04-25 20:55:35.040 D/SPRDENG (  160): 53
04-25 20:55:35.040 D/SPRDENG (  160): 4e
04-25 20:55:35.040 D/SPRDENG (  160): 56
04-25 20:55:35.040 D/SPRDENG (  160): 4d
04-25 20:55:35.040 D/SPRDENG (  160): 3d
04-25 20:55:35.040 D/SPRDENG (  160): 30
04-25 20:55:35.040 D/SPRDENG (  160): 2c
04-25 20:55:35.040 D/SPRDENG (  160): 34
04-25 20:55:35.040 D/SPRDENG (  160): 30
04-25 20:55:35.040 D/SPRDENG (  160): 31
04-25 20:55:35.040 D/SPRDENG (  160): eng_modem2server: use SIM1 /dev/CHNPTY13
04-25 20:55:35.040 D/SPRDENG (  160): AT < 
04-25 20:55:35.040 D/SPRDENG (  160): +SNVM: 8,FFFFFFFFFFFF2500
04-25 20:55:35.040 D/SPRDENG (  160): 
04-25 20:55:35.040 D/SPRDENG (  160): OK
04-25 20:55:35.040 D/SPRDENG (  160): 
04-25 20:55:35.040 D/BTWIFIMAC(   94): recv_from_modem: Receive 1 Modem Response
04-25 20:55:35.040 D/BTWIFIMAC(   94): read_btwifimac_from_modem: BT timeout=35, response=
04-25 20:55:35.040 D/BTWIFIMAC(   94): +SNVM: 8,FFFFFFFFFFFF2500
04-25 20:55:35.040 D/BTWIFIMAC(   94): 
04-25 20:55:35.040 D/BTWIFIMAC(   94): OK
04-25 20:55:35.040 D/BTWIFIMAC(   94): 
04-25 20:55:35.150 D/BTWIFIMAC(   94): get_macaddress: mac address is FF:FF:FF:FF:FF:FF
04-25 20:55:35.150 D/BTWIFIMAC(   94): ===========WIFI MAC===========
04-25 20:55:35.150 D/BTWIFIMAC(   94): read_btwifimac_from_modem: send 39,1,AT+SNVM=0,409
04-25 20:55:35.150 D/BTWIFIMAC(   94): send_to_modem
04-25 20:55:35.150 D/BTWIFIMAC(   94): recv_from_modem: Waiting modem response ... fd=7
04-25 20:55:35.150 D/SPRDENG (  160): eng_servermodem_comm: use SIM1 /dev/CHNPTY13
04-25 20:55:35.150 D/SPRDENG (  160): AT > AT+SNVM=0,409
04-25 20:55:35.150 D/SPRDENG (  160): 41
04-25 20:55:35.150 D/SPRDENG (  160): 54
04-25 20:55:35.150 D/SPRDENG (  160): 2b
04-25 20:55:35.150 D/SPRDENG (  160): 53
04-25 20:55:35.150 D/SPRDENG (  160): 4e
04-25 20:55:35.150 D/SPRDENG (  160): 56
04-25 20:55:35.150 D/SPRDENG (  160): 4d
04-25 20:55:35.150 D/SPRDENG (  160): 3d
04-25 20:55:35.150 D/SPRDENG (  160): 30
04-25 20:55:35.150 D/SPRDENG (  160): 2c
04-25 20:55:35.150 D/SPRDENG (  160): 34
04-25 20:55:35.150 D/SPRDENG (  160): 30
04-25 20:55:35.150 D/SPRDENG (  160): 39
04-25 20:55:35.150 D/SPRDENG (  160): eng_modem2server: use SIM1 /dev/CHNPTY13
04-25 20:55:35.150 D/SPRDENG (  160): AT < 
04-25 20:55:35.150 D/SPRDENG (  160): +SNVM: 20,FFFFFFFFFFFF0000000000000000000000000000
04-25 20:55:35.150 D/SPRDENG (  160): 
04-25 20:55:35.150 D/SPRDENG (  160): OK
04-25 20:55:35.150 D/SPRDENG (  160): 
04-25 20:55:35.150 D/BTWIFIMAC(   94): recv_from_modem: Receive 1 Modem Response
04-25 20:55:35.150 D/BTWIFIMAC(   94): read_btwifimac_from_modem: WIFI timeout=60, response=
04-25 20:55:35.150 D/BTWIFIMAC(   94): +SNVM: 20,FFFFFFFFFFFF0000000000000000000000000000
04-25 20:55:35.150 D/BTWIFIMAC(   94): 
04-25 20:55:35.150 D/BTWIFIMAC(   94): OK
04-25 20:55:35.150 D/BTWIFIMAC(   94): 
04-25 20:55:35.150 D/BTWIFIMAC(   94): get_macaddress: mac address is FF:FF:FF:FF:FF:FF
04-25 20:55:35.150 D/BTWIFIMAC(   94): bt_ok:0 wifi_ok:0 
04-25 20:55:35.150 D/BTWIFIMAC(   94): +mac_rand+
04-25 20:55:35.150 D/BTWIFIMAC(   94): mac_rand: /data/rand_mac.txt exists
04-25 20:55:35.150 D/BTWIFIMAC(   94): mac_rand: read /data/rand_mac.txt 00:65:51:4d:eb:0e;00:df:2e:66:ac:0a
04-25 20:55:35.150 D/BTWIFIMAC(   94): mac_rand: read btmac=00:65:51:4d:eb:0e, wifimac=00:df:2e:66:ac:0a
04-25 20:55:35.150 D/BTWIFIMAC(   94): property ro.mac.wifi=00:df:2e:66:ac:0a, ro.mac.bluetooth=00:65:51:4d:eb:0e
04-25 20:55:35.150 D/BTWIFIMAC(   94): write_mac2file: mac=00:df:2e:66:ac:0a, fd[/data/wifimac.txt]=9
04-25 20:55:35.150 D/BTWIFIMAC(   94): write_mac2file: mac=00:65:51:4d:eb:0e, fd[/data/btmac.txt]=9
04-25 20:55:35.160 D/BTWIFIMAC(   94): begin to run  trout_genpskey
04-25 20:55:35.160 D/BTWIFIMAC(   94): run trout_genpskey, ret=0
04-25 20:55:35.180 D/pskey_bt(  329): set BT mac
04-25 20:55:35.180 D/pskey_bt(  329): main, bt_mac from nv:
04-25 20:55:35.180 D/pskey_bt(  329): get_pskey_from_file
04-25 20:55:35.180 D/pskey_bt(  329): open bt pskey structure file fd=7
04-25 20:55:35.180 D/pskey_bt(  329): buf from pskey file:2048
04-25 20:55:35.180 D/pskey_bt(  329): parser_pskey_info
04-25 20:55:35.180 D/pskey_bt(  329): char:0, 0
04-25 20:55:35.180 D/pskey_bt(  329): get_one_item(data) = 0x0
04-25 20:55:35.180 D/pskey_bt(  329): get_next_u8: here:0
04-25 20:55:35.180 D/pskey_bt(  329): char:1, 1
04-25 20:55:35.180 D/pskey_bt(  329): get_one_item(data) = 0x1
04-25 20:55:35.180 D/pskey_bt(  329): get_next_u8: here:1
04-25 20:55:35.180 D/pskey_bt(  329): char:1, 1
04-25 20:55:35.180 D/pskey_bt(  329): get_one_item(data) = 0x1
04-25 20:55:35.180 D/pskey_bt(  329): get_next_u8: here:1
04-25 20:55:35.180 D/pskey_bt(  329): char:1, 1
04-25 20:55:35.180 D/pskey_bt(  329): get_one_item(data) = 0x1
04-25 20:55:35.180 D/pskey_bt(  329): get_next_u8: here:1
04-25 20:55:35.180 D/pskey_bt(  329): char:0, 0
04-25 20:55:35.180 D/pskey_bt(  329): char:1, 1
04-25 20:55:35.180 D/pskey_bt(  329): char:8, 8
04-25 20:55:35.180 D/pskey_bt(  329): char:C, C
04-25 20:55:35.180 D/pskey_bt(  329): char:B, B
04-25 20:55:35.180 D/pskey_bt(  329): char:A, A
04-25 20:55:35.180 D/pskey_bt(  329): char:8, 8
04-25 20:55:35.180 D/pskey_bt(  329): char:0, 0
04-25 20:55:35.180 D/pskey_bt(  329): get_one_item(data) = 0x18cba80
04-25 20:55:35.180 D/pskey_bt(  329): get_next_u32: here:18cba80
04-25 20:55:35.180 D/pskey_bt(  329): char:1, 1
04-25 20:55:35.180 D/pskey_bt(  329): char:f, f
04-25 20:55:35.180 D/pskey_bt(  329): char:0, 0
04-25 20:55:35.180 D/pskey_bt(  329): char:0, 0
04-25 20:55:35.180 D/pskey_bt(  329): get_one_item(data) = 0x1f00
04-25 20:55:35.180 D/pskey_bt(  329): get_next_u32: here:1f00
04-25 20:55:35.180 D/pskey_bt(  329): char:1, 1
04-25 20:55:35.180 D/pskey_bt(  329): char:E, E
04-25 20:55:35.180 D/pskey_bt(  329): get_one_item(data) = 0x1e
04-25 20:55:35.180 D/pskey_bt(  329): get_next_u32: here:1e
04-25 20:55:35.180 D/pskey_bt(  329): char:7, 7
04-25 20:55:35.180 D/pskey_bt(  329): char:B, B
04-25 20:55:35.180 D/pskey_bt(  329): char:0, 0
04-25 20:55:35.180 D/pskey_bt(  329): char:0, 0
04-25 20:55:35.180 D/pskey_bt(  329): char:7, 7
04-25 20:55:35.180 D/pskey_bt(  329): char:C, C
04-25 20:55:35.180 D/pskey_bt(  329): get_one_item(data) = 0x7b007c
04-25 20:55:35.180 D/pskey_bt(  329): get_next_u32: here:7b007c
04-25 20:55:35.180 D/pskey_bt(  329): char:3, 3
04-25 20:55:35.180 D/pskey_bt(  329): char:7, 7
04-25 20:55:35.180 D/pskey_bt(  329): char:0, 0
04-25 20:55:35.180 D/pskey_bt(  329): char:0, 0
04-25 20:55:35.180 D/pskey_bt(  329): char:7, 7
04-25 20:55:35.180 D/pskey_bt(  329): char:A, A
04-25 20:55:35.180 D/pskey_bt(  329): get_one_item(data) = 0x37007a
04-25 20:55:35.180 D/pskey_bt(  329): get_next_u32: here:37007a
04-25 20:55:35.180 D/pskey_bt(  329): char:3, 3
04-25 20:55:35.180 D/pskey_bt(  329): char:5, 5
04-25 20:55:35.180 D/pskey_bt(  329): char:0, 0
04-25 20:55:35.180 D/pskey_bt(  329): char:0, 0
04-25 20:55:35.180 D/pskey_bt(  329): char:3, 3
04-25 20:55:35.180 D/pskey_bt(  329): char:6, 6
04-25 20:55:35.180 D/pskey_bt(  329): get_one_item(data) = 0x350036
04-25 20:55:35.180 D/pskey_bt(  329): get_next_u32: here:350036
04-25 20:55:35.180 D/pskey_bt(  329): char:2, 2
04-25 20:55:35.180 D/pskey_bt(  329): char:9, 9
04-25 20:55:35.180 D/pskey_bt(  329): char:0, 0
04-25 20:55:35.180 D/pskey_bt(  329): char:0, 0
04-25 20:55:35.180 D/pskey_bt(  329): char:3, 3
04-25 20:55:35.180 D/pskey_bt(  329): char:4, 4
04-25 20:55:35.180 D/pskey_bt(  329): get_one_item(data) = 0x290034
04-25 20:55:35.180 D/pskey_bt(  329): get_next_u32: here:290034
04-25 20:55:35.180 D/pskey_bt(  329): char:0, 0
04-25 20:55:35.180 D/pskey_bt(  329): char:A, A
04-25 20:55:35.180 D/pskey_bt(  329): char:0, 0
04-25 20:55:35.180 D/pskey_bt(  329): char:0, 0
04-25 20:55:35.180 D/pskey_bt(  329): char:2, 2
04-25 20:55:35.180 D/pskey_bt(  329): char:8, 8
04-25 20:55:35.180 D/pskey_bt(  329): get_one_item(data) = 0xa0028
04-25 20:55:35.180 D/pskey_bt(  329): get_next_u32: here:a0028
04-25 20:55:35.180 D/pskey_bt(  329): char:0, 0
04-25 20:55:35.180 D/pskey_bt(  329): char:0, 0
04-25 20:55:35.180 D/pskey_bt(  329): char:0, 0
04-25 20:55:35.180 D/pskey_bt(  329): char:6, 6
04-25 20:55:35.180 D/pskey_bt(  329): char:0, 0
04-25 20:55:35.180 D/pskey_bt(  329): char:0, 0
04-25 20:55:35.180 D/pskey_bt(  329): char:0, 0
04-25 20:55:35.180 D/pskey_bt(  329): char:9, 9
04-25 20:55:35.180 D/pskey_bt(  329): get_one_item(data) = 0x60009
04-25 20:55:35.180 D/pskey_bt(  329): get_next_u32: here:60009
04-25 20:55:35.180 D/pskey_bt(  329): end of buff, str=},
04-25 20:55:35.180 D/pskey_bt(  329): {0x0B,0x0A,0x09, 0x08, 0x07},
04-25 20:55:35.180 D/pskey_bt(  329): {0xFF, 0xFF, 0x8D, 0xFE, 0x9B, 0x3F, 0x79, 0x83,
04-25 20:55:35.180 D/pskey_bt(  329):   0xFF, 0xA7, 0xFF, 0x7F, 0x00, 0xE0, 0xF7, 0x3E},
04-25 20:55:35.180 D/pskey_bt(  329): {0xFF, 0xFF, 0xFF, 0xFF, 0xFF, 0xFF},
04-25 20:55:35.180 D/pskey_bt(  329): 0,
04-25 20:55:35.180 D/pskey_bt(  329): 1,
04-25 20:55:35.180 D/pskey_bt(  329): 5,
04-25 20:55:35.180 D/pskey_bt(  329): 0xE,
04-25 20:55:35.180 D/pskey_bt(  329): 1,
04-25 20:55:35.180 D/pskey_bt(  329): 1,
04-25 20:55:35.180 D/pskey_bt(  329): 0x50000000,
04-25 20:55:35.180 D/pskey_bt(  329): 0x50000150,
04-25 20:55:35.180 D/pskey_bt(  329): 0x50000150,
04-25 20:55:35.180 D/pskey_bt(  329): 0x50000154,
04-25 20:55:35.180 D/pskey_bt(  329): 0xFFFFFFFF,
04-25 20:55:35.180 D/pskey_bt(  329): 0x100,
04-25 20:55:35.180 D/pskey_bt(  329): 0xA0,
04-25 20:55:35.180 D/pskey_bt(  329): 0xDC,
04-25 20:55:35.180 D/pskey_bt(  329): 0x20,
04-25 20:55:35.180 D/pskey_bt(  329): 0x55,
04-25 20:55:35.180 D/pskey_bt(  329): 0x64,
04-25 20:55:35.180 D/pskey_bt(  329): 0,
04-25 20:55:35.180 D/pskey_bt(  329): 0x8,
04-25 20:55:35.180 D/pskey_bt(  329): 0x13C,
04-25 20:55:35.180 D/pskey_bt(  329): 0x2,
04-25 20:55:35.180 D/pskey_bt(  329): 0xD704,
04-25 20:55:35.180 D/pskey_bt(  329): 0x88888888,
04-25 20:55:35.180 D/pskey_bt(  329): 0x6,
04-25 20:55:35.180 D/pskey_bt(  329): 0x0,
04-25 20:55:35.180 D/pskey_bt(  329): {0x0001,0x0000,0x0000,0x0000,0x0000,0x0000,0x0000,0x0000,0x0000
04-25 20:55:35.180 D/pskey_bt(  329): char:0, 0
04-25 20:55:35.180 D/pskey_bt(  329): char:B, B
04-25 20:55:35.180 D/pskey_bt(  329): get_one_item(data) = 0xb
04-25 20:55:35.180 D/pskey_bt(  329): get_next_u32: here:b
04-25 20:55:35.180 D/pskey_bt(  329): char:0, 0
04-25 20:55:35.180 D/pskey_bt(  329): char:A, A
04-25 20:55:35.180 D/pskey_bt(  329): get_one_item(data) = 0xa
04-25 20:55:35.180 D/pskey_bt(  329): get_next_u32: here:a
04-25 20:55:35.180 D/pskey_bt(  329): char:0, 0
04-25 20:55:35.180 D/pskey_bt(  329): char:9, 9
04-25 20:55:35.180 D/pskey_bt(  329): get_one_item(data) = 0x9
04-25 20:55:35.180 D/pskey_bt(  329): get_next_u32: here:9
04-25 20:55:35.180 D/pskey_bt(  329): char:0, 0
04-25 20:55:35.180 D/pskey_bt(  329): char:8, 8
04-25 20:55:35.180 D/pskey_bt(  329): get_one_item(data) = 0x8
04-25 20:55:35.180 D/pskey_bt(  329): get_next_u32: here:8
04-25 20:55:35.180 D/pskey_bt(  329): char:0, 0
04-25 20:55:35.180 D/pskey_bt(  329): char:7, 7
04-25 20:55:35.180 D/pskey_bt(  329): get_one_item(data) = 0x7
04-25 20:55:35.180 D/pskey_bt(  329): get_next_u32: here:7
04-25 20:55:35.180 D/pskey_bt(  329): end of buff, str=},
04-25 20:55:35.180 D/pskey_bt(  329): {0xFF, 0xFF, 0x8D, 0xFE, 0x9B, 0x3F, 0x79, 0x83,
04-25 20:55:35.180 D/pskey_bt(  329):   0xFF, 0xA7, 0xFF, 0x7F, 0x00, 0xE0, 0xF7, 0x3E},
04-25 20:55:35.180 D/pskey_bt(  329): {0xFF, 0xFF, 0xFF, 0xFF, 0xFF, 0xFF},
04-25 20:55:35.180 D/pskey_bt(  329): 0,
04-25 20:55:35.180 D/pskey_bt(  329): 1,
04-25 20:55:35.180 D/pskey_bt(  329): 5,
04-25 20:55:35.180 D/pskey_bt(  329): 0xE,
04-25 20:55:35.180 D/pskey_bt(  329): 1,
04-25 20:55:35.180 D/pskey_bt(  329): 1,
04-25 20:55:35.180 D/pskey_bt(  329): 0x50000000,
04-25 20:55:35.180 D/pskey_bt(  329): 0x50000150,
04-25 20:55:35.180 D/pskey_bt(  329): 0x50000150,
04-25 20:55:35.180 D/pskey_bt(  329): 0x50000154,
04-25 20:55:35.180 D/pskey_bt(  329): 0xFFFFFFFF,
04-25 20:55:35.180 D/pskey_bt(  329): 0x100,
04-25 20:55:35.180 D/pskey_bt(  329): 0xA0,
04-25 20:55:35.180 D/pskey_bt(  329): 0xDC,
04-25 20:55:35.180 D/pskey_bt(  329): 0x20,
04-25 20:55:35.180 D/pskey_bt(  329): 0x55,
04-25 20:55:35.180 D/pskey_bt(  329): 0x64,
04-25 20:55:35.180 D/pskey_bt(  329): 0,
04-25 20:55:35.180 D/pskey_bt(  329): 0x8,
04-25 20:55:35.180 D/pskey_bt(  329): 0x13C,
04-25 20:55:35.180 D/pskey_bt(  329): 0x2,
04-25 20:55:35.180 D/pskey_bt(  329): 0xD704,
04-25 20:55:35.180 D/pskey_bt(  329): 0x88888888,
04-25 20:55:35.180 D/pskey_bt(  329): 0x6,
04-25 20:55:35.180 D/pskey_bt(  329): 0x0,
04-25 20:55:35.180 D/pskey_bt(  329): {0x0001,0x0000,0x0000,0x0000,0x0000,0x0000,0x0000,0x0000,0x0000
04-25 20:55:35.180 D/pskey_bt(  329): char:F, F
04-25 20:55:35.180 D/pskey_bt(  329): char:F, F
04-25 20:55:35.180 D/pskey_bt(  329): get_one_item(data) = 0xff
04-25 20:55:35.180 D/pskey_bt(  329): get_next_u8: here:ff
04-25 20:55:35.180 D/pskey_bt(  329): char:F, F
04-25 20:55:35.180 D/pskey_bt(  329): char:F, F
04-25 20:55:35.180 D/pskey_bt(  329): get_one_item(data) = 0xff
04-25 20:55:35.180 D/pskey_bt(  329): get_next_u8: here:ff
04-25 20:55:35.180 D/pskey_bt(  329): char:8, 8
04-25 20:55:35.180 D/pskey_bt(  329): char:D, D
04-25 20:55:35.180 D/pskey_bt(  329): get_one_item(data) = 0x8d
04-25 20:55:35.180 D/pskey_bt(  329): get_next_u8: here:8d
04-25 20:55:35.180 D/pskey_bt(  329): char:F, F
04-25 20:55:35.180 D/pskey_bt(  329): char:E, E
04-25 20:55:35.180 D/pskey_bt(  329): get_one_item(data) = 0xfe
04-25 20:55:35.180 D/pskey_bt(  329): get_next_u8: here:fe
04-25 20:55:35.180 D/pskey_bt(  329): char:9, 9
04-25 20:55:35.180 D/pskey_bt(  329): char:B, B
04-25 20:55:35.180 D/pskey_bt(  329): get_one_item(data) = 0x9b
04-25 20:55:35.180 D/pskey_bt(  329): get_next_u8: here:9b
04-25 20:55:35.180 D/pskey_bt(  329): char:3, 3
04-25 20:55:35.180 D/pskey_bt(  329): char:F, F
04-25 20:55:35.180 D/pskey_bt(  329): get_one_item(data) = 0x3f
04-25 20:55:35.180 D/pskey_bt(  329): get_next_u8: here:3f
04-25 20:55:35.180 D/pskey_bt(  329): char:7, 7
04-25 20:55:35.180 D/pskey_bt(  329): char:9, 9
04-25 20:55:35.180 D/pskey_bt(  329): get_one_item(data) = 0x79
04-25 20:55:35.180 D/pskey_bt(  329): get_next_u8: here:79
04-25 20:55:35.180 D/pskey_bt(  329): char:8, 8
04-25 20:55:35.180 D/pskey_bt(  329): char:3, 3
04-25 20:55:35.180 D/pskey_bt(  329): get_one_item(data) = 0x83
04-25 20:55:35.180 D/pskey_bt(  329): get_next_u8: here:83
04-25 20:55:35.180 D/pskey_bt(  329): char:F, F
04-25 20:55:35.180 D/pskey_bt(  329): char:F, F
04-25 20:55:35.180 D/pskey_bt(  329): get_one_item(data) = 0xff
04-25 20:55:35.180 D/pskey_bt(  329): get_next_u8: here:ff
04-25 20:55:35.180 D/pskey_bt(  329): char:A, A
04-25 20:55:35.180 D/pskey_bt(  329): char:7, 7
04-25 20:55:35.180 D/pskey_bt(  329): get_one_item(data) = 0xa7
04-25 20:55:35.180 D/pskey_bt(  329): get_next_u8: here:a7
04-25 20:55:35.180 D/pskey_bt(  329): char:F, F
04-25 20:55:35.180 D/pskey_bt(  329): char:F, F
04-25 20:55:35.180 D/pskey_bt(  329): get_one_item(data) = 0xff
04-25 20:55:35.180 D/pskey_bt(  329): get_next_u8: here:ff
04-25 20:55:35.180 D/pskey_bt(  329): char:7, 7
04-25 20:55:35.180 D/pskey_bt(  329): char:F, F
04-25 20:55:35.180 D/pskey_bt(  329): get_one_item(data) = 0x7f
04-25 20:55:35.180 D/pskey_bt(  329): get_next_u8: here:7f
04-25 20:55:35.180 D/pskey_bt(  329): char:0, 0
04-25 20:55:35.180 D/pskey_bt(  329): char:0, 0
04-25 20:55:35.180 D/pskey_bt(  329): get_one_item(data) = 0x0
04-25 20:55:35.190 D/pskey_bt(  329): get_next_u8: here:0
04-25 20:55:35.190 D/pskey_bt(  329): char:E, E
04-25 20:55:35.190 D/pskey_bt(  329): char:0, 0
04-25 20:55:35.190 D/pskey_bt(  329): get_one_item(data) = 0xe0
04-25 20:55:35.190 D/pskey_bt(  329): get_next_u8: here:e0
04-25 20:55:35.190 D/pskey_bt(  329): char:F, F
04-25 20:55:35.190 D/pskey_bt(  329): char:7, 7
04-25 20:55:35.190 D/pskey_bt(  329): get_one_item(data) = 0xf7
04-25 20:55:35.190 D/pskey_bt(  329): get_next_u8: here:f7
04-25 20:55:35.190 D/pskey_bt(  329): char:3, 3
04-25 20:55:35.190 D/pskey_bt(  329): char:E, E
04-25 20:55:35.190 D/pskey_bt(  329): get_one_item(data) = 0x3e
04-25 20:55:35.190 D/pskey_bt(  329): get_next_u8: here:3e
04-25 20:55:35.190 D/pskey_bt(  329): end of buff, str=},
04-25 20:55:35.190 D/pskey_bt(  329): {0xFF, 0xFF, 0xFF, 0xFF, 0xFF, 0xFF},
04-25 20:55:35.190 D/pskey_bt(  329): 0,
04-25 20:55:35.190 D/pskey_bt(  329): 1,
04-25 20:55:35.190 D/pskey_bt(  329): 5,
04-25 20:55:35.190 D/pskey_bt(  329): 0xE,
04-25 20:55:35.190 D/pskey_bt(  329): 1,
04-25 20:55:35.190 D/pskey_bt(  329): 1,
04-25 20:55:35.190 D/pskey_bt(  329): 0x50000000,
04-25 20:55:35.190 D/pskey_bt(  329): 0x50000150,
04-25 20:55:35.190 D/pskey_bt(  329): 0x50000150,
04-25 20:55:35.190 D/pskey_bt(  329): 0x50000154,
04-25 20:55:35.190 D/pskey_bt(  329): 0xFFFFFFFF,
04-25 20:55:35.190 D/pskey_bt(  329): 0x100,
04-25 20:55:35.190 D/pskey_bt(  329): 0xA0,
04-25 20:55:35.190 D/pskey_bt(  329): 0xDC,
04-25 20:55:35.190 D/pskey_bt(  329): 0x20,
04-25 20:55:35.190 D/pskey_bt(  329): 0x55,
04-25 20:55:35.190 D/pskey_bt(  329): 0x64,
04-25 20:55:35.190 D/pskey_bt(  329): 0,
04-25 20:55:35.190 D/pskey_bt(  329): 0x8,
04-25 20:55:35.190 D/pskey_bt(  329): 0x13C,
04-25 20:55:35.190 D/pskey_bt(  329): 0x2,
04-25 20:55:35.190 D/pskey_bt(  329): 0xD704,
04-25 20:55:35.190 D/pskey_bt(  329): 0x88888888,
04-25 20:55:35.190 D/pskey_bt(  329): 0x6,
04-25 20:55:35.190 D/pskey_bt(  329): 0x0,
04-25 20:55:35.190 D/pskey_bt(  329): {0x0001,0x0000,0x0000,0x0000,0x0000,0x0000,0x0000,0x0000,0x0000
04-25 20:55:35.190 D/pskey_bt(  329): char:F, F
04-25 20:55:35.190 D/pskey_bt(  329): char:F, F
04-25 20:55:35.190 D/pskey_bt(  329): get_one_item(data) = 0xff
04-25 20:55:35.190 D/pskey_bt(  329): get_next_u8: here:ff
04-25 20:55:35.190 D/pskey_bt(  329): char:F, F
04-25 20:55:35.190 D/pskey_bt(  329): char:F, F
04-25 20:55:35.190 D/pskey_bt(  329): get_one_item(data) = 0xff
04-25 20:55:35.190 D/pskey_bt(  329): get_next_u8: here:ff
04-25 20:55:35.190 D/pskey_bt(  329): char:F, F
04-25 20:55:35.190 D/pskey_bt(  329): char:F, F
04-25 20:55:35.190 D/pskey_bt(  329): get_one_item(data) = 0xff
04-25 20:55:35.190 D/pskey_bt(  329): get_next_u8: here:ff
04-25 20:55:35.190 D/pskey_bt(  329): char:F, F
04-25 20:55:35.190 D/pskey_bt(  329): char:F, F
04-25 20:55:35.190 D/pskey_bt(  329): get_one_item(data) = 0xff
04-25 20:55:35.190 D/pskey_bt(  329): get_next_u8: here:ff
04-25 20:55:35.190 D/pskey_bt(  329): char:F, F
04-25 20:55:35.190 D/pskey_bt(  329): char:F, F
04-25 20:55:35.190 D/pskey_bt(  329): get_one_item(data) = 0xff
04-25 20:55:35.190 D/pskey_bt(  329): get_next_u8: here:ff
04-25 20:55:35.190 D/pskey_bt(  329): char:F, F
04-25 20:55:35.190 D/pskey_bt(  329): char:F, F
04-25 20:55:35.190 D/pskey_bt(  329): get_one_item(data) = 0xff
04-25 20:55:35.190 D/pskey_bt(  329): get_next_u8: here:ff
04-25 20:55:35.190 D/pskey_bt(  329): end of buff, str=},
04-25 20:55:35.190 D/pskey_bt(  329): 0,
04-25 20:55:35.190 D/pskey_bt(  329): 1,
04-25 20:55:35.190 D/pskey_bt(  329): 5,
04-25 20:55:35.190 D/pskey_bt(  329): 0xE,
04-25 20:55:35.190 D/pskey_bt(  329): 1,
04-25 20:55:35.190 D/pskey_bt(  329): 1,
04-25 20:55:35.190 D/pskey_bt(  329): 0x50000000,
04-25 20:55:35.190 D/pskey_bt(  329): 0x50000150,
04-25 20:55:35.190 D/pskey_bt(  329): 0x50000150,
04-25 20:55:35.190 D/pskey_bt(  329): 0x50000154,
04-25 20:55:35.190 D/pskey_bt(  329): 0xFFFFFFFF,
04-25 20:55:35.190 D/pskey_bt(  329): 0x100,
04-25 20:55:35.190 D/pskey_bt(  329): 0xA0,
04-25 20:55:35.190 D/pskey_bt(  329): 0xDC,
04-25 20:55:35.190 D/pskey_bt(  329): 0x20,
04-25 20:55:35.190 D/pskey_bt(  329): 0x55,
04-25 20:55:35.190 D/pskey_bt(  329): 0x64,
04-25 20:55:35.190 D/pskey_bt(  329): 0,
04-25 20:55:35.190 D/pskey_bt(  329): 0x8,
04-25 20:55:35.190 D/pskey_bt(  329): 0x13C,
04-25 20:55:35.190 D/pskey_bt(  329): 0x2,
04-25 20:55:35.190 D/pskey_bt(  329): 0xD704,
04-25 20:55:35.190 D/pskey_bt(  329): 0x88888888,
04-25 20:55:35.190 D/pskey_bt(  329): 0x6,
04-25 20:55:35.190 D/pskey_bt(  329): 0x0,
04-25 20:55:35.190 D/pskey_bt(  329): {0x0001,0x0000,0x0000,0x0000,0x0000,0x0000,0x0000,0x0000,0x0000
04-25 20:55:35.190 D/pskey_bt(  329): char:0, 0
04-25 20:55:35.190 D/pskey_bt(  329): get_one_item(data) = 0x0
04-25 20:55:35.190 D/pskey_bt(  329): get_next_u8: here:0
04-25 20:55:35.190 D/pskey_bt(  329): char:1, 1
04-25 20:55:35.190 D/pskey_bt(  329): get_one_item(data) = 0x1
04-25 20:55:35.190 D/pskey_bt(  329): get_next_u8: here:1
04-25 20:55:35.190 D/pskey_bt(  329): char:5, 5
04-25 20:55:35.190 D/pskey_bt(  329): get_one_item(data) = 0x5
04-25 20:55:35.190 D/pskey_bt(  329): get_next_u8: here:5
04-25 20:55:35.190 D/pskey_bt(  329): char:E, E
04-25 20:55:35.190 D/pskey_bt(  329): get_one_item(data) = 0xe
04-25 20:55:35.190 D/pskey_bt(  329): get_next_u8: here:e
04-25 20:55:35.190 D/pskey_bt(  329): char:1, 1
04-25 20:55:35.190 D/pskey_bt(  329): get_one_item(data) = 0x1
04-25 20:55:35.190 D/pskey_bt(  329): get_next_u8: here:1
04-25 20:55:35.190 D/pskey_bt(  329): char:1, 1
04-25 20:55:35.190 D/pskey_bt(  329): get_one_item(data) = 0x1
04-25 20:55:35.190 D/pskey_bt(  329): get_next_u8: here:1
04-25 20:55:35.190 D/pskey_bt(  329): char:5, 5
04-25 20:55:35.190 D/pskey_bt(  329): char:0, 0
04-25 20:55:35.190 D/pskey_bt(  329): char:0, 0
04-25 20:55:35.190 D/pskey_bt(  329): char:0, 0
04-25 20:55:35.190 D/pskey_bt(  329): char:0, 0
04-25 20:55:35.190 D/pskey_bt(  329): char:0, 0
04-25 20:55:35.190 D/pskey_bt(  329): char:0, 0
04-25 20:55:35.190 D/pskey_bt(  329): char:0, 0
04-25 20:55:35.190 D/pskey_bt(  329): get_one_item(data) = 0x50000000
04-25 20:55:35.190 D/pskey_bt(  329): get_next_u32: here:50000000
04-25 20:55:35.190 D/pskey_bt(  329): char:5, 5
04-25 20:55:35.190 D/pskey_bt(  329): char:0, 0
04-25 20:55:35.190 D/pskey_bt(  329): char:0, 0
04-25 20:55:35.200 D/pskey_bt(  329): char:0, 0
04-25 20:55:35.200 D/pskey_bt(  329): char:0, 0
04-25 20:55:35.200 D/pskey_bt(  329): char:1, 1
04-25 20:55:35.200 D/pskey_bt(  329): char:5, 5
04-25 20:55:35.200 D/pskey_bt(  329): char:0, 0
04-25 20:55:35.200 D/pskey_bt(  329): get_one_item(data) = 0x50000150
04-25 20:55:35.200 D/pskey_bt(  329): get_next_u32: here:50000150
04-25 20:55:35.200 D/pskey_bt(  329): char:5, 5
04-25 20:55:35.200 D/pskey_bt(  329): char:0, 0
04-25 20:55:35.200 D/pskey_bt(  329): char:0, 0
04-25 20:55:35.200 D/pskey_bt(  329): char:0, 0
04-25 20:55:35.200 D/pskey_bt(  329): char:0, 0
04-25 20:55:35.200 D/pskey_bt(  329): char:1, 1
04-25 20:55:35.200 D/pskey_bt(  329): char:5, 5
04-25 20:55:35.200 D/pskey_bt(  329): char:0, 0
04-25 20:55:35.200 D/pskey_bt(  329): get_one_item(data) = 0x50000150
04-25 20:55:35.200 D/pskey_bt(  329): get_next_u32: here:50000150
04-25 20:55:35.200 D/pskey_bt(  329): char:5, 5
04-25 20:55:35.200 D/pskey_bt(  329): char:0, 0
04-25 20:55:35.200 D/pskey_bt(  329): char:0, 0
04-25 20:55:35.200 D/pskey_bt(  329): char:0, 0
04-25 20:55:35.200 D/pskey_bt(  329): char:0, 0
04-25 20:55:35.200 D/pskey_bt(  329): char:1, 1
04-25 20:55:35.200 D/pskey_bt(  329): char:5, 5
04-25 20:55:35.200 D/pskey_bt(  329): char:4, 4
04-25 20:55:35.200 D/pskey_bt(  329): get_one_item(data) = 0x50000154
04-25 20:55:35.200 D/pskey_bt(  329): get_next_u32: here:50000154
04-25 20:55:35.200 D/pskey_bt(  329): char:F, F
04-25 20:55:35.200 D/pskey_bt(  329): char:F, F
04-25 20:55:35.200 D/pskey_bt(  329): char:F, F
04-25 20:55:35.200 D/pskey_bt(  329): char:F, F
04-25 20:55:35.200 D/pskey_bt(  329): char:F, F
04-25 20:55:35.200 D/pskey_bt(  329): char:F, F
04-25 20:55:35.200 D/pskey_bt(  329): char:F, F
04-25 20:55:35.200 D/pskey_bt(  329): char:F, F
04-25 20:55:35.200 D/pskey_bt(  329): get_one_item(data) = 0xffffffff
04-25 20:55:35.200 D/pskey_bt(  329): get_next_u32: here:ffffffff
04-25 20:55:35.200 D/pskey_bt(  329): char:1, 1
04-25 20:55:35.200 D/pskey_bt(  329): char:0, 0
04-25 20:55:35.200 D/pskey_bt(  329): char:0, 0
04-25 20:55:35.200 D/pskey_bt(  329): get_one_item(data) = 0x100
04-25 20:55:35.200 D/pskey_bt(  329): get_next_u16: here:100
04-25 20:55:35.200 D/pskey_bt(  329): char:A, A
04-25 20:55:35.200 D/pskey_bt(  329): char:0, 0
04-25 20:55:35.200 D/pskey_bt(  329): get_one_item(data) = 0xa0
04-25 20:55:35.200 D/pskey_bt(  329): get_next_u16: here:a0
04-25 20:55:35.200 D/pskey_bt(  329): char:D, D
04-25 20:55:35.200 D/pskey_bt(  329): char:C, C
04-25 20:55:35.200 D/pskey_bt(  329): get_one_item(data) = 0xdc
04-25 20:55:35.200 D/pskey_bt(  329): get_next_u16: here:dc
04-25 20:55:35.200 D/pskey_bt(  329): char:2, 2
04-25 20:55:35.200 D/pskey_bt(  329): char:0, 0
04-25 20:55:35.200 D/pskey_bt(  329): get_one_item(data) = 0x20
04-25 20:55:35.200 D/pskey_bt(  329): get_next_u16: here:20
04-25 20:55:35.200 D/pskey_bt(  329): char:5, 5
04-25 20:55:35.200 D/pskey_bt(  329): char:5, 5
04-25 20:55:35.200 D/pskey_bt(  329): get_one_item(data) = 0x55
04-25 20:55:35.200 D/pskey_bt(  329): get_next_u16: here:55
04-25 20:55:35.200 D/pskey_bt(  329): char:6, 6
04-25 20:55:35.200 D/pskey_bt(  329): char:4, 4
04-25 20:55:35.200 D/pskey_bt(  329): get_one_item(data) = 0x64
04-25 20:55:35.200 D/pskey_bt(  329): get_next_u16: here:64
04-25 20:55:35.200 D/pskey_bt(  329): char:0, 0
04-25 20:55:35.200 D/pskey_bt(  329): get_one_item(data) = 0x0
04-25 20:55:35.200 D/pskey_bt(  329): get_next_u32: here:0
04-25 20:55:35.200 D/pskey_bt(  329): char:8, 8
04-25 20:55:35.200 D/pskey_bt(  329): get_one_item(data) = 0x8
04-25 20:55:35.200 D/pskey_bt(  329): get_next_u16: here:8
04-25 20:55:35.200 D/pskey_bt(  329): char:1, 1
04-25 20:55:35.200 D/pskey_bt(  329): char:3, 3
04-25 20:55:35.200 D/pskey_bt(  329): char:C, C
04-25 20:55:35.200 D/pskey_bt(  329): get_one_item(data) = 0x13c
04-25 20:55:35.200 D/pskey_bt(  329): get_next_u16: here:13c
04-25 20:55:35.200 D/pskey_bt(  329): char:2, 2
04-25 20:55:35.200 D/pskey_bt(  329): get_one_item(data) = 0x2
04-25 20:55:35.200 D/pskey_bt(  329): get_next_u16: here:2
04-25 20:55:35.200 D/pskey_bt(  329): char:D, D
04-25 20:55:35.200 D/pskey_bt(  329): char:7, 7
04-25 20:55:35.200 D/pskey_bt(  329): char:0, 0
04-25 20:55:35.200 D/pskey_bt(  329): char:4, 4
04-25 20:55:35.200 D/pskey_bt(  329): get_one_item(data) = 0xd704
04-25 20:55:35.200 D/pskey_bt(  329): get_next_u16: here:d704
04-25 20:55:35.200 D/pskey_bt(  329): char:8, 8
04-25 20:55:35.200 D/pskey_bt(  329): char:8, 8
04-25 20:55:35.200 D/pskey_bt(  329): char:8, 8
04-25 20:55:35.200 D/pskey_bt(  329): char:8, 8
04-25 20:55:35.200 D/pskey_bt(  329): char:8, 8
04-25 20:55:35.200 D/pskey_bt(  329): char:8, 8
04-25 20:55:35.200 D/pskey_bt(  329): char:8, 8
04-25 20:55:35.200 D/pskey_bt(  329): char:8, 8
04-25 20:55:35.200 D/pskey_bt(  329): get_one_item(data) = 0x88888888
04-25 20:55:35.200 D/pskey_bt(  329): get_next_u32: here:88888888
04-25 20:55:35.200 D/pskey_bt(  329): char:6, 6
04-25 20:55:35.200 D/pskey_bt(  329): get_one_item(data) = 0x6
04-25 20:55:35.200 D/pskey_bt(  329): get_next_u16: here:6
04-25 20:55:35.200 D/pskey_bt(  329): char:0, 0
04-25 20:55:35.200 D/pskey_bt(  329): get_one_item(data) = 0x0
04-25 20:55:35.200 D/pskey_bt(  329): get_next_u16: here:0
04-25 20:55:35.200 D/pskey_bt(  329): char:0, 0
04-25 20:55:35.200 D/pskey_bt(  329): char:0, 0
04-25 20:55:35.200 D/pskey_bt(  329): char:0, 0
04-25 20:55:35.200 D/pskey_bt(  329): char:1, 1
04-25 20:55:35.200 D/pskey_bt(  329): get_one_item(data) = 0x1
04-25 20:55:35.200 D/pskey_bt(  329): get_next_u32: here:1
04-25 20:55:35.200 D/pskey_bt(  329): char:0, 0
04-25 20:55:35.200 D/pskey_bt(  329): char:0, 0
04-25 20:55:35.200 D/pskey_bt(  329): char:0, 0
04-25 20:55:35.200 D/pskey_bt(  329): char:0, 0
04-25 20:55:35.200 D/pskey_bt(  329): get_one_item(data) = 0x0
04-25 20:55:35.200 D/pskey_bt(  329): get_next_u32: here:0
04-25 20:55:35.200 D/pskey_bt(  329): char:0, 0
04-25 20:55:35.200 D/pskey_bt(  329): char:0, 0
04-25 20:55:35.200 D/pskey_bt(  329): char:0, 0
04-25 20:55:35.200 D/pskey_bt(  329): char:0, 0
04-25 20:55:35.200 D/pskey_bt(  329): get_one_item(data) = 0x0
04-25 20:55:35.200 D/pskey_bt(  329): get_next_u32: here:0
04-25 20:55:35.200 D/pskey_bt(  329): char:0, 0
04-25 20:55:35.200 D/pskey_bt(  329): char:0, 0
04-25 20:55:35.200 D/pskey_bt(  329): char:0, 0
04-25 20:55:35.200 D/pskey_bt(  329): char:0, 0
04-25 20:55:35.200 D/pskey_bt(  329): get_one_item(data) = 0x0
04-25 20:55:35.200 D/pskey_bt(  329): get_next_u32: here:0
04-25 20:55:35.200 D/pskey_bt(  329): char:0, 0
04-25 20:55:35.200 D/pskey_bt(  329): char:0, 0
04-25 20:55:35.200 D/pskey_bt(  329): char:0, 0
04-25 20:55:35.200 D/pskey_bt(  329): char:0, 0
04-25 20:55:35.200 D/pskey_bt(  329): get_one_item(data) = 0x0
04-25 20:55:35.200 D/pskey_bt(  329): get_next_u32: here:0
04-25 20:55:35.200 D/pskey_bt(  329): char:0, 0
04-25 20:55:35.200 D/pskey_bt(  329): char:0, 0
04-25 20:55:35.200 D/pskey_bt(  329): char:0, 0
04-25 20:55:35.200 D/pskey_bt(  329): char:0, 0
04-25 20:55:35.200 D/pskey_bt(  329): get_one_item(data) = 0x0
04-25 20:55:35.200 D/pskey_bt(  329): get_next_u32: here:0
04-25 20:55:35.200 D/pskey_bt(  329): char:0, 0
04-25 20:55:35.200 D/pskey_bt(  329): char:0, 0
04-25 20:55:35.200 D/pskey_bt(  329): char:0, 0
04-25 20:55:35.200 D/pskey_bt(  329): char:0, 0
04-25 20:55:35.200 D/pskey_bt(  329): get_one_item(data) = 0x0
04-25 20:55:35.200 D/pskey_bt(  329): get_next_u32: here:0
04-25 20:55:35.200 D/pskey_bt(  329): char:0, 0
04-25 20:55:35.200 D/pskey_bt(  329): char:0, 0
04-25 20:55:35.200 D/pskey_bt(  329): char:0, 0
04-25 20:55:35.200 D/pskey_bt(  329): char:0, 0
04-25 20:55:35.200 D/pskey_bt(  329): get_one_item(data) = 0x0
04-25 20:55:35.200 D/pskey_bt(  329): get_next_u32: here:0
04-25 20:55:35.200 D/pskey_bt(  329): char:0, 0
04-25 20:55:35.200 D/pskey_bt(  329): char:0, 0
04-25 20:55:35.200 D/pskey_bt(  329): char:0, 0
04-25 20:55:35.200 D/pskey_bt(  329): char:0, 0
04-25 20:55:35.200 D/pskey_bt(  329): get_one_item(data) = 0x0
04-25 20:55:35.200 D/pskey_bt(  329): get_next_u32: here:0
04-25 20:55:35.200 D/pskey_bt(  329): get_one_item(data) = 0x0
04-25 20:55:35.200 D/pskey_bt(  329): get_next_u32: here:0
04-25 20:55:35.200 D/pskey_bt(  329): leave out tmp_buff=
04-25 20:55:35.200 D/pskey_bt(  329): parse pskey success, tmp_buff=0xae5120
04-25 20:55:35.200 D/pskey_bt(  329): ret get pskey from file =0
04-25 20:55:35.200 D/pskey_bt(  329): data/btmac.txt does not exist 0 
04-25 20:55:35.300 D/pskey_bt(  329): tmp_mac:0065514deb0e
04-25 20:55:35.300 D/pskey_bt(  329): e  
04-25 20:55:35.300 D/pskey_bt(  329): eb  
04-25 20:55:35.300 D/pskey_bt(  329): 4d  
04-25 20:55:35.300 D/pskey_bt(  329): 51  
04-25 20:55:35.300 D/pskey_bt(  329): 65  
04-25 20:55:35.300 D/pskey_bt(  329): 0  
04-25 20:55:35.550 I/nsVolume(   84): nsVolume: sdcard state Mounted @ '/mnt/sdcard' gen 1 locked 0 fake 0 media 1 sharing 0 formatting 0
04-25 20:55:35.550 I/AutoMounter(   84): UpdateState: umsAvail:1 umsEnabled:1 mode:0 usbCablePluggedIn:1 tryToShare:0
04-25 20:55:35.550 I/AutoMounter(   84): UpdateState: Volume sdcard is Mounted and inserted @ /mnt/sdcard gen 1 locked 0 sharing n
04-25 20:55:35.550 I/AutoMounter(   84): UpdateState: umsAvail:1 umsEnabled:1 mode:0 usbCablePluggedIn:1 tryToShare:0
04-25 20:55:35.550 I/AutoMounter(   84): UpdateState: Volume sdcard is Mounted and inserted @ /mnt/sdcard gen 1 locked 0 sharing n
04-25 20:55:35.630 I/Gonk    (   84): RIL[0]: OnConnectSuccess
04-25 20:55:35.810 I/Gonk    (   84): RIL[1]: OnConnectSuccess
04-25 20:55:36.060 I/Gecko   (   84): 1398484536071	Marionette	DEBUG	accepted connection on 127.0.0.1:41680
04-25 20:55:36.320 E/bluedroid(   84): test bt_is_enabled
04-25 20:55:37.050 D/NetUtils(   84): failed to remove default route for wlan0: No such device
04-25 20:55:37.060 W/WifiHW  (   84): wifi_load_driver enter 262
04-25 20:55:37.060 W/WifiHW  (   84): DRIVER_MODULE_PATH= DRIVER_MODULE_ARG= 
04-25 20:55:37.060 W/WifiHW  (   84): driver insmod complete 
04-25 20:55:37.060 W/WifiHW  (   84): Driver() loaded succesffuly
04-25 20:55:37.300 W/WifiHW  (   87): wifi_change_fw_path: /system/lib/modules/itm_sta.ko
04-25 20:55:37.300 D/WifiHW  (   87): Unable to unload driver module "itm_ap.ko": No such file or directory
04-25 20:55:37.500 D/WifiHW  (   87): Unable to unload driver module "itm_sta.ko": No such file or directory
04-25 20:55:37.700 W/WifiHW  (   87): insmod filename=/system/lib/modules/itm_sta.ko args= 
04-25 20:55:37.830 V/AudioPolicyManagerBase(   89): setStreamVolumeIndex() stream 3, index 0
04-25 20:55:37.830 E/AudioPolicyManagerBase(   89): checkAndSetVolume stream=3, index=0, output=1, device=2
04-25 20:55:37.830 E/AudioPolicyManagerBase(   89): computeVolume, streamDesc=0x12dbf0
04-25 20:55:37.830 V/AudioPolicyManagerBase(   89): setStreamVolume() for output 1 stream 3, volume 0.000000, delay 0
04-25 20:55:37.830 V/AudioPolicyManagerBase(   89): setStreamVolumeIndex() stream 1, index 0
04-25 20:55:37.830 E/AudioPolicyManagerBase(   89): checkAndSetVolume stream=1, index=0, output=1, device=2
04-25 20:55:37.830 E/AudioPolicyManagerBase(   89): computeVolume, streamDesc=0x12dbb8
04-25 20:55:37.830 V/AudioPolicyManagerBase(   89): setStreamVolume() for output 1 stream 1, volume 0.000000, delay 0
04-25 20:55:37.860 V/AudioPolicyManagerBase(   89): setStreamVolumeIndex() stream 5, index 0
04-25 20:55:37.860 E/AudioPolicyManagerBase(   89): checkAndSetVolume stream=5, index=0, output=1, device=2
04-25 20:55:37.860 E/AudioPolicyManagerBase(   89): computeVolume, streamDesc=0x12dc28
04-25 20:55:37.860 V/AudioPolicyManagerBase(   89): setStreamVolume() for output 1 stream 5, volume 0.000000, delay 0
04-25 20:55:37.860 V/AudioPolicyManagerBase(   89): setStreamVolumeIndex() stream 2, index 0
04-25 20:55:37.860 E/AudioPolicyManagerBase(   89): checkAndSetVolume stream=2, index=0, output=1, device=2
04-25 20:55:37.860 E/AudioPolicyManagerBase(   89): computeVolume, streamDesc=0x12dbd4
04-25 20:55:37.860 V/AudioPolicyManagerBase(   89): setStreamVolume() for output 1 stream 2, volume 0.000000, delay 0
04-25 20:55:37.860 V/AudioPolicyManagerBase(   89): setStreamVolumeIndex() stream 4, index 15
04-25 20:55:37.860 E/AudioPolicyManagerBase(   89): checkAndSetVolume stream=4, index=15, output=1, device=2
04-25 20:55:37.860 E/AudioPolicyManagerBase(   89): computeVolume, streamDesc=0x12dc0c
04-25 20:55:37.860 V/AudioPolicyManagerBase(   89): VOLUME vol index=[66 100 100], dB=[-10.2 0.0 0.0] ampl=1.00000
04-25 20:55:37.870 V/AudioPolicyManagerBase(   89): setStreamVolumeIndex() stream 0, index 5
04-25 20:55:37.870 E/AudioPolicyManagerBase(   89): checkAndSetVolume stream=0, index=5, output=1, device=2
04-25 20:55:37.870 E/AudioPolicyManagerBase(   89): computeVolume, streamDesc=0x12db9c
04-25 20:55:37.870 V/AudioPolicyManagerBase(   89): VOLUME vol index=[66 100 100], dB=[-17.0 0.0 0.0] ampl=1.00000
04-25 20:55:37.870 V/AudioPolicyManagerBase(   89): setStreamVolumeIndex() stream 6, index 15
04-25 20:55:37.870 V/AudioPolicyManagerBase(   89): checkAndSetVolume() cannot set stream 6 volume with force use = 0 for comm
04-25 20:55:38.200 I/Gecko   (   84): -*- RadioInterface[1]: _lastKnownHomeNetwork: 214-07
04-25 20:55:38.300 I/Gecko   (   84): -*- RadioInterface[0]: _lastKnownHomeNetwork: 310-410
04-25 20:55:38.810 E/Profiler(  349): BEGIN mozilla_sampler_init
04-25 20:55:38.810 E/Profiler(  349): BPUnw: [1 total] thread_register_for_profiling(me=0x40092488, stacktop=0xbe8d49b7)
04-25 20:55:38.810 E/Profiler(  349): SPS:
04-25 20:55:38.810 E/Profiler(  349): SPS: Unwind mode       = pseudo
04-25 20:55:38.810 E/Profiler(  349): SPS: Sampling interval = 0 ms (zero means "platform default")
04-25 20:55:38.810 E/Profiler(  349): SPS: Entry store size  = 0 (zero means "platform default")
04-25 20:55:38.810 E/Profiler(  349): SPS: UnwindStackScan   = 0 (max dubious frames per unwind).
04-25 20:55:38.810 E/Profiler(  349): SPS: Use env var MOZ_PROFILER_MODE=help for further information.
04-25 20:55:38.810 E/Profiler(  349): SPS:
04-25 20:55:38.810 E/Profiler(  349): Registering start signal
04-25 20:55:39.000 I/Gecko   (   84): -*- RadioInterface[0]: _lastKnownHomeNetwork: 310-410
04-25 20:55:39.040 I/VolumeManager(   84): SetSharingMode for volume sdcard to 1 canBeShared = 1
04-25 20:55:39.040 I/AutoMounter(   84): UpdateState: umsAvail:1 umsEnabled:1 mode:0 usbCablePluggedIn:1 tryToShare:0
04-25 20:55:39.040 I/AutoMounter(   84): UpdateState: Volume sdcard is Mounted and inserted @ /mnt/sdcard gen 1 locked 0 sharing y
04-25 20:55:39.180 E/GeckoConsole(  349): Could not read chrome manifest 'file:///system/b2g/chrome.manifest'.
04-25 20:55:39.310 I/Gecko   (   84): ###################################### forms.js loaded
04-25 20:55:39.310 I/Gecko   (   84): ############################### browserElementPanning.js loaded
04-25 20:55:39.380 I/Gecko   (   84): ######################## BrowserElementChildPreload.js loaded
04-25 20:55:39.460 I/Gecko   (   84): *** UTM:SVC TimerManager:registerTimer - id: user-agent-updates-timer
04-25 20:55:39.460 E/GeckoConsole(   84): UTM:SVC TimerManager:registerTimer - id: user-agent-updates-timer
04-25 20:55:39.780 E/Profiler(   84): BPUnw: [1 total] thread_unregister_for_profiling(me=0x1c12f48)  (NOT REGISTERED) 
04-25 20:55:40.940 D/SoftapController(   87): Softap fwReload - Ok
04-25 20:55:40.950 E/BandwidthController(   87): No such iface wlan0 to delete
04-25 20:55:41.070 E/GeckoConsole(   84): [JavaScript Warning: "Error in parsing value for 'font-weight'.  Declaration dropped." {file: "app://system.gaiamobile.org/style/shrinking_ui/shrinking_ui.css" line: 9 column: 15 source: "  font-weight: medium;"}]
04-25 20:55:41.530 D/Sensors (   84): activate handle=0; drv=0
04-25 20:55:41.530 D/Sensors (   84): Lis3dhSensor: Control set 0
04-25 20:55:41.530 D/Sensors (   84): Lis3dhSensor: mEnabled = 0
04-25 20:55:41.540 I/Gecko   (   84): MobileConnection initialized
04-25 20:55:41.540 I/Gecko   (   84): MobileConnection initialized
04-25 20:55:42.080 I/Gecko   (   84): Attempting load of libEGL.so
04-25 20:55:42.130 D/libEGL  (   84): loaded /system/lib/egl/libEGL_mali.so
04-25 20:55:42.160 D/libEGL  (   84): loaded /system/lib/egl/libGLESv1_CM_mali.so
04-25 20:55:42.170 D/libEGL  (   84): loaded /system/lib/egl/libGLESv2_mali.so
04-25 20:55:42.190 I/HWComposer(   84): Creating new instance
04-25 20:55:42.190 E/HWComposer(   84): Failed to initialize hwc
04-25 20:55:42.250 E/GeckoConsole(   84): OpenGL compositor Initialized Succesfully.
04-25 20:55:42.250 E/GeckoConsole(   84): Version: OpenGL ES 2.0 Spreadtrum Build
04-25 20:55:42.250 E/GeckoConsole(   84): Vendor: ARM
04-25 20:55:42.250 E/GeckoConsole(   84): Renderer: Mali-300
04-25 20:55:42.250 E/GeckoConsole(   84): FBO Texture Target: TEXTURE_2D
04-25 20:55:42.690 I/Gonk    (   84): Setting nice for pid 360 to 18
04-25 20:55:42.690 I/Gonk    (   84): Changed nice for pid 360 from 0 to 18.
04-25 20:55:42.910 I/Gecko   (   84): 1398484542914	Marionette	DEBUG	accepted connection on 127.0.0.1:41681
04-25 20:55:43.460 E/WifiHW  (   84): Leo ensure_config_file_exists config_file=/data/misc/wifi/wpa_supplicant.conf
04-25 20:55:43.460 E/WifiHW  (   84): daemon_cmd=wpa_supplicant:-iwlan0 -c/data/misc/wifi/wpa_supplicant.conf
04-25 20:55:44.010 E/slog    (  317): handle_top_logdir: slog use external storage [17]
04-25 20:55:44.860 I/power   (   84): *** set_screen_state 1
04-25 20:55:44.860 D/Sensors (   84): activate handle=3; drv=1
04-25 20:55:44.860 D/Sensors (   84): SensorTMD2771::setEnable=0= en=1; newState=1; what=0; mEnabled=0
04-25 20:55:45.150 D/Sensors (   84): taos ---Light::TAOS_IOCTL_ALS_ON=== err=0
04-25 20:55:45.150 D/Sensors (   84): SensorTMD2771::setEnable=1= en=1; newState=1; what=0; mEnabled=1
04-25 20:55:45.150 D/Sensors (   84): SensorTMD2771::getEnable===mEnabled=0x1; enable=1
04-25 20:55:45.170 I/GeckoDump(   84): XXX FIXME : Got a mozContentEvent: nfc-hardware-state-change
04-25 20:55:45.330 I/Gecko   (   84): ############################### browserElementPanning.js loaded
04-25 20:55:45.400 I/Gecko   (   84): ######################## BrowserElementChildPreload.js loaded
04-25 20:55:45.500 I/GeckoDump(   84): XXX FIXME : Got a mozContentEvent: system-message-listener-ready
04-25 20:55:46.330 E/Profiler(   84): BPUnw: [1 total] thread_unregister_for_profiling(me=0x1c1a648)  (NOT REGISTERED) 
04-25 20:55:46.340 W/WifiHW  (   84): wifi_command: LOG_LEVEL
04-25 20:55:46.340 W/WifiHW  (   84): wifi_command: STATUS
04-25 20:55:46.440 I/Gecko   (   84): 1398484546446	Marionette	INFO	loaded marionette-listener.js
04-25 20:55:46.440 I/Gecko   (   84): 1398484546448	Marionette	INFO	sendToClient: {"from":"0","value":"3-b2g"}, {60f4c39d-ee3a-4d9d-8da3-ca5f00cc0dd3}, {60f4c39d-ee3a-4d9d-8da3-ca5f00cc0dd3}
04-25 20:55:46.570 E/GeckoConsole(   84): [JavaScript Warning: "Error in parsing value for 'padding'.  Declaration dropped." {file: "app://callscreen.gaiamobile.org/style/oncall.css" line: 280 column: 13 source: "    padding: none;"}]
04-25 20:55:46.770 I/Gecko   (   84): MobileConnection initialized
04-25 20:55:46.770 I/Gecko   (   84): MobileConnection initialized
04-25 20:55:46.790 W/WifiHW  (   84): wifi_command: LIST_NETWORKS
04-25 20:55:46.790 W/WifiHW  (   84): wifi_command: DRIVER MACADDR
04-25 20:55:46.790 E/Profiler(   84): BPUnw: [1 total] thread_unregister_for_profiling(me=0x1c1a688)  (NOT REGISTERED) 
04-25 20:55:47.010 V/AudioPolicyManagerBase(   89): getDeviceForStrategy() from cache strategy 0, device 2
04-25 20:55:47.010 V/AudioPolicyManagerBase(   89): getOutput() stream 3, samplingRate 0, format 0, channels 3, flags 0
04-25 20:55:47.060 W/WifiHW  (   84): wifi_command: GET_NETWORK 0 ssid
04-25 20:55:47.060 W/WifiHW  (   84): wifi_command: GET_NETWORK 0 bssid
04-25 20:55:47.060 W/WifiHW  (   84): wifi_command: GET_NETWORK 0 psk
04-25 20:55:47.060 W/WifiHW  (   84): wifi_command: GET_NETWORK 0 wep_key0
04-25 20:55:47.060 W/WifiHW  (   84): wifi_command: GET_NETWORK 0 wep_key1
04-25 20:55:47.070 W/WifiHW  (   84): wifi_command: GET_NETWORK 0 wep_key2
04-25 20:55:47.070 W/WifiHW  (   84): wifi_command: GET_NETWORK 0 wep_key3
04-25 20:55:47.070 W/WifiHW  (   84): wifi_command: GET_NETWORK 0 wep_tx_keyidx
04-25 20:55:47.070 W/WifiHW  (   84): wifi_command: GET_NETWORK 0 priority
04-25 20:55:47.070 W/WifiHW  (   84): wifi_command: GET_NETWORK 0 key_mgmt
04-25 20:55:47.070 W/WifiHW  (   84): wifi_command: GET_NETWORK 0 scan_ssid
04-25 20:55:47.070 W/WifiHW  (   84): wifi_command: GET_NETWORK 0 disabled
04-25 20:55:47.070 W/WifiHW  (   84): wifi_command: GET_NETWORK 0 identity
04-25 20:55:47.070 W/WifiHW  (   84): wifi_command: GET_NETWORK 0 password
04-25 20:55:47.070 W/WifiHW  (   84): wifi_command: GET_NETWORK 0 auth_alg
04-25 20:55:47.070 W/WifiHW  (   84): wifi_command: GET_NETWORK 0 phase1
04-25 20:55:47.070 W/WifiHW  (   84): wifi_command: GET_NETWORK 0 phase2
04-25 20:55:47.070 W/WifiHW  (   84): wifi_command: GET_NETWORK 0 eap
04-25 20:55:47.070 W/WifiHW  (   84): wifi_command: GET_NETWORK 0 pin
04-25 20:55:47.070 W/WifiHW  (   84): wifi_command: GET_NETWORK 0 pcsc
04-25 20:55:47.450 W/WifiHW  (   84): wifi_command: ENABLE_NETWORK 0
04-25 20:55:47.450 W/WifiHW  (   84): wifi_command: AP_SCAN 1
04-25 20:55:47.570 W/WifiHW  (   84): wifi_command: SAVE_CONFIG
04-25 20:55:47.600 I/Gecko   (   84): 1398484547602	Marionette	INFO	sendToClient: {"from":"0","value":{"ELEMENT":"{f19a699b-6aff-41cd-85dc-1274ebe00ba0}"}}, {00fb65c3-7c7b-471a-b76d-19498a9e7e25}, {00fb65c3-7c7b-471a-b76d-19498a9e7e25}
04-25 20:55:47.680 I/Gecko   (   84): 1398484547683	Marionette	INFO	sendToClient: {"from":"0","value":false}, {938a8ff5-08d8-4cc9-85a6-d9f131c3b23f}, {938a8ff5-08d8-4cc9-85a6-d9f131c3b23f}
04-25 20:55:47.920 I/Gecko   (   84): 1398484547932	Marionette	INFO	sendToClient: {"from":"0","value":{"ELEMENT":"{f19a699b-6aff-41cd-85dc-1274ebe00ba0}"}}, {b79dc8e7-10d1-4678-b785-d5a86e73afea}, {b79dc8e7-10d1-4678-b785-d5a86e73afea}
04-25 20:55:48.050 I/Gecko   (   84): 1398484548055	Marionette	INFO	sendToClient: {"from":"0","value":false}, {99c95389-34a1-4d99-b2a4-8826932171a6}, {99c95389-34a1-4d99-b2a4-8826932171a6}
04-25 20:55:48.840 I/Gecko   (   84): 1398484548845	Marionette	INFO	sendToClient: {"from":"0","value":{"ELEMENT":"{f19a699b-6aff-41cd-85dc-1274ebe00ba0}"}}, {21c696ff-096e-47ed-bade-c8dbfbcbf36f}, {21c696ff-096e-47ed-bade-c8dbfbcbf36f}
04-25 20:55:48.890 I/Gecko   (   84): 1398484548901	Marionette	INFO	sendToClient: {"from":"0","value":false}, {93a1ee05-317e-4353-b62d-88a13526feb7}, {93a1ee05-317e-4353-b62d-88a13526feb7}
04-25 20:55:49.020 I/Gecko   (   84): 1398484549027	Marionette	INFO	sendToClient: {"from":"0","value":{"ELEMENT":"{f19a699b-6aff-41cd-85dc-1274ebe00ba0}"}}, {89205fa9-9ff9-4c19-90dd-c24ac655f884}, {89205fa9-9ff9-4c19-90dd-c24ac655f884}
04-25 20:55:49.070 I/Gecko   (   84): 1398484549073	Marionette	INFO	sendToClient: {"from":"0","value":false}, {b10de03b-715e-4779-b29f-465b9886c0d1}, {b10de03b-715e-4779-b29f-465b9886c0d1}
04-25 20:55:49.300 I/GeckoDump(   84): XXX FIXME : Got a mozContentEvent: accessibility-screenreader
04-25 20:55:49.330 I/Gecko   (   84): 1398484549335	Marionette	INFO	sendToClient: {"from":"0","value":{"ELEMENT":"{f19a699b-6aff-41cd-85dc-1274ebe00ba0}"}}, {48c3d616-5d16-433a-8309-3af6a3ca8168}, {48c3d616-5d16-433a-8309-3af6a3ca8168}
04-25 20:55:49.350 I/GeckoDump(   84): XXX FIXME : Got a mozContentEvent: nfc-hardware-state-change
04-25 20:55:49.730 W/WifiHW  (   84): wifi_command: DRIVER SCAN-ACTIVE
04-25 20:55:49.770 W/WifiHW  (   84): wifi_command: SCAN
04-25 20:55:49.800 W/WifiHW  (   84): wifi_command: DRIVER SCAN-PASSIVE
04-25 20:55:49.930 I/Gecko   (   84): 1398484549940	Marionette	INFO	sendToClient: {"from":"0","value":true}, {c8e511cb-9cf7-4ba9-806b-4aae965e97f2}, {c8e511cb-9cf7-4ba9-806b-4aae965e97f2}
04-25 20:55:50.380 E/GeckoConsole(   84): Content JS ERROR at app://system.gaiamobile.org/js/telephony_settings.js:23 in set_vpm_error: Error setting voice privacy.
04-25 20:55:50.390 E/GeckoConsole(   84): Content JS ERROR at app://system.gaiamobile.org/js/telephony_settings.js:23 in set_vpm_error: Error setting voice privacy.
04-25 20:55:50.410 I/FMRadio (   84): FMRadio is initialized.
04-25 20:55:50.680 E/GeckoConsole(   84): Content JS ERROR at app://system.gaiamobile.org/js/telephony_settings.js:42 in set_vpm_error: Error roaming preference.
04-25 20:55:50.680 E/GeckoConsole(   84): Content JS ERROR at app://system.gaiamobile.org/js/telephony_settings.js:42 in set_vpm_error: Error roaming preference.
04-25 20:55:51.110 E/Profiler(   84): BPUnw: [1 total] thread_unregister_for_profiling(me=0x1c12ec8)  (NOT REGISTERED) 
04-25 20:55:51.420 I/GeckoDump(   84): XXX FIXME : Got a mozContentEvent: inputmethod-update-layouts
04-25 20:55:51.510 I/Gecko   (   84): ############################### browserElementPanning.js loaded
04-25 20:55:51.560 I/Gecko   (   84): ######################## BrowserElementChildPreload.js loaded
04-25 20:55:51.770 I/GeckoDump(   84): XXX FIXME : Got a mozContentEvent: inputmethod-update-layouts
04-25 20:55:52.510 E/GeckoConsole(   84): [JavaScript Warning: "Error in parsing value for 'font-weight'.  Declaration dropped." {file: "app://keyboard.gaiamobile.org/style/keyboard.css" line: 133 column: 15 source: "  font-weight: medium;"}]
04-25 20:55:52.610 I/Gecko   (   84): 1398484552620	Marionette	INFO	sendToClient: {"from":"0","ok":true}, {f62c2f98-bcf5-4161-bf00-08010e75c594}, {f62c2f98-bcf5-4161-bf00-08010e75c594}
04-25 20:55:52.660 I/Gecko   (   84): 1398484552665	Marionette	DEBUG	Got request: switchToFrame, data: {"to":"0","sessionId":"3-b2g","name":"switchToFrame","parameters":{"id":null,"focus":true}}, id: {53127c69-8468-4ff0-9625-6fa8952ce597}
04-25 20:55:52.660 I/Gecko   (   84): 1398484552670	Marionette	INFO	Switched to frame: {"frameValue":null}
04-25 20:55:52.670 W/WifiHW  (   84): wifi_command: SCAN_RESULTS
04-25 20:55:52.670 W/WifiHW  (   84): wifi_command: DRIVER SCAN-PASSIVE
04-25 20:55:52.700 W/WifiHW  (   84): wifi_command: GET_NETWORK 0 ssid
04-25 20:55:52.700 W/WifiHW  (   84): wifi_command: GET_NETWORK 0 bssid
04-25 20:55:52.700 W/WifiHW  (   84): wifi_command: GET_NETWORK 0 psk
