--------- beginning of /dev/log/main
04-24 17:32:29.033 E/GeckoConsole( 3560): Content JS ERROR at app://homescreen.gaiamobile.org/gaia_build_defer_index.js:390 in loadSVConfFileError: Failed parsing singleVariant configuration file [js/singlevariantconf.json]:  [Exception... "File error: Not found"  nsresult: "0x80520012 (NS_ERROR_FILE_NOT_FOUND)"  location: "JS frame :: app://homescreen.gaiamobile.org/gaia_build_defer_index.js :: loadFile :: line 382"  data: no]
04-24 17:32:29.423 I/Gecko   (   84): 1398385949435	Marionette	INFO	sendToClient: {"from":"0","ok":true}, {a93b5539-1ebe-4d91-9990-888c3b48affd}, {a93b5539-1ebe-4d91-9990-888c3b48affd}
04-24 17:32:29.443 I/Gecko   (   84): 1398385949451	Marionette	DEBUG	Got request: switchToFrame, data: {"to":"0","sessionId":"3-b2g","name":"switchToFrame","parameters":{"id":null,"focus":true}}, id: {d07db53c-33f3-4c53-bd2e-b76b6971695c}
04-24 17:32:29.443 I/Gecko   (   84): 1398385949453	Marionette	INFO	Switched to frame: {"frameValue":null}
04-24 17:32:29.553 I/Gecko   (   84): 1398385949559	Marionette	INFO	sendToClient: {"from":"0","ok":true}, {d07db53c-33f3-4c53-bd2e-b76b6971695c}, {d07db53c-33f3-4c53-bd2e-b76b6971695c}
04-24 17:32:29.553 I/Gecko   (   84): 1398385949565	Marionette	DEBUG	Got request: executeWithCallback, data: {"to":"0","sessionId":"3-b2g","name":"executeAsyncScript","parameters":{"specialPowers":false,"scriptTimeout":null,"newSandbox":true,"args":[],"filename":"gaia_test.py","script":"return GaiaApps.displayedApp();","line":66}}, id: {a7251e0f-5c16-45d0-ae41-d904965a8458}
04-24 17:32:29.613 I/Gecko   (   84): 1398385949625	Marionette	INFO	sendToClient: {"from":"0","value":{"frame":{"ELEMENT":"{f87e88aa-7c5c-4d79-b6e6-21957e0fd6c1}"},"src":"app://homescreen.gaiamobile.org/index.html#root","name":"Homescreen","origin":"app://homescreen.gaiamobile.org"}}, {a7251e0f-5c16-45d0-ae41-d904965a8458}, {a7251e0f-5c16-45d0-ae41-d904965a8458}
04-24 17:32:29.633 E/GeckoConsole(   84): Content JS LOG at dummy file:392 in GaiaApps.displayedApp: app with origin 'app://homescreen.gaiamobile.org' is displayed
04-24 17:32:29.633 I/Gecko   (   84): 1398385949643	Marionette	DEBUG	Got request: switchToFrame, data: {"to":"0","sessionId":"3-b2g","name":"switchToFrame","parameters":{"id":null,"focus":true}}, id: {aa0b1dc6-651a-46af-985d-fb25cada552f}
04-24 17:32:29.633 I/Gecko   (   84): 1398385949645	Marionette	INFO	Switched to frame: {"frameValue":null}
04-24 17:32:30.243 I/Gecko   (   84): 1398385950252	Marionette	INFO	sendToClient: {"from":"0","ok":true}, {aa0b1dc6-651a-46af-985d-fb25cada552f}, {aa0b1dc6-651a-46af-985d-fb25cada552f}
04-24 17:32:30.283 I/Gecko   (   84): 1398385950294	Marionette	DEBUG	Got request: switchToFrame, data: {"to":"0","sessionId":"3-b2g","name":"switchToFrame","parameters":{"id":null,"focus":true}}, id: {d0574ec7-cdc1-4811-866e-40189b66a7bd}
04-24 17:32:30.283 I/Gecko   (   84): 1398385950296	Marionette	INFO	Switched to frame: {"frameValue":null}
04-24 17:32:30.413 I/Gecko   (   84): 1398385950418	Marionette	INFO	sendToClient: {"from":"0","ok":true}, {d0574ec7-cdc1-4811-866e-40189b66a7bd}, {d0574ec7-cdc1-4811-866e-40189b66a7bd}
04-24 17:32:30.413 I/Gecko   (   84): 1398385950423	Marionette	DEBUG	Got request: executeWithCallback, data: {"to":"0","sessionId":"3-b2g","name":"executeAsyncScript","parameters":{"specialPowers":false,"scriptTimeout":null,"newSandbox":true,"args":[],"filename":"gaia_test.py","script":"return GaiaApps.displayedApp();","line":66}}, id: {184dd230-fbee-48c3-9e2b-8759ef50f391}
04-24 17:32:30.433 V/AudioPolicyManagerBase(   89): startOutput() output 1, stream 1, session 17
04-24 17:32:30.433 V/AudioPolicyManagerBase(   89): changeRefCount() stream 1, count 1
04-24 17:32:30.433 V/AudioPolicyManagerBase(   89): getDeviceForStrategy() from cache strategy 0, device 2
04-24 17:32:30.433 V/AudioPolicyManagerBase(   89): getNewDevice() selected device 2
04-24 17:32:30.433 D/AudioPolicyManagerBase(   89): setOutputDevice() output 1 device 2 delayMs 0
04-24 17:32:30.433 V/AudioPolicyManagerBase(   89): setOutputDevice() setting same device 2 or null device for output 1
04-24 17:32:30.433 E/AudioPolicyManagerBase(   89): checkAndSetVolume stream=1, index=0, output=1, device=2
04-24 17:32:30.433 E/AudioPolicyManagerBase(   89): computeVolume, streamDesc=0x11acbb8
04-24 17:32:30.483 W/AudioFlinger(   89): Thread AudioOut_1 cannot connect to the power manager service
04-24 17:32:30.483 V/AudioPolicyManagerBase(   89): stopOutput() output 1, stream 1, session 17
04-24 17:32:30.483 V/AudioPolicyManagerBase(   89): changeRefCount() stream 1, count 0
04-24 17:32:30.483 V/AudioPolicyManagerBase(   89): getNewDevice() selected device 0
04-24 17:32:30.483 D/AudioPolicyManagerBase(   89): setOutputDevice() output 1 device 0 delayMs 290
04-24 17:32:30.483 V/AudioPolicyManagerBase(   89): setOutputDevice() setting same device 0 or null device for output 1
04-24 17:32:30.493 I/Gecko   (   84): 1398385950499	Marionette	INFO	sendToClient: {"from":"0","value":{"frame":{"ELEMENT":"{f87e88aa-7c5c-4d79-b6e6-21957e0fd6c1}"},"src":"app://homescreen.gaiamobile.org/index.html#root","name":"Homescreen","origin":"app://homescreen.gaiamobile.org"}}, {184dd230-fbee-48c3-9e2b-8759ef50f391}, {184dd230-fbee-48c3-9e2b-8759ef50f391}
04-24 17:32:30.493 V/AudioPolicyManagerBase(   89): startOutput() output 1, stream 1, session 17
04-24 17:32:30.493 V/AudioPolicyManagerBase(   89): changeRefCount() stream 1, count 1
04-24 17:32:30.493 V/AudioPolicyManagerBase(   89): getDeviceForStrategy() from cache strategy 0, device 2
04-24 17:32:30.493 V/AudioPolicyManagerBase(   89): getNewDevice() selected device 2
04-24 17:32:30.493 D/AudioPolicyManagerBase(   89): setOutputDevice() output 1 device 2 delayMs 0
04-24 17:32:30.493 V/AudioPolicyManagerBase(   89): setOutputDevice() setting same device 2 or null device for output 1
04-24 17:32:30.493 E/AudioPolicyManagerBase(   89): checkAndSetVolume stream=1, index=0, output=1, device=2
04-24 17:32:30.493 E/AudioPolicyManagerBase(   89): computeVolume, streamDesc=0x11acbb8
04-24 17:32:30.493 V/AudioPolicyManagerBase(   89): stopOutput() output 1, stream 1, session 17
04-24 17:32:30.493 V/AudioPolicyManagerBase(   89): changeRefCount() stream 1, count 0
04-24 17:32:30.493 V/AudioPolicyManagerBase(   89): getNewDevice() selected device 0
04-24 17:32:30.493 D/AudioPolicyManagerBase(   89): setOutputDevice() output 1 device 0 delayMs 290
04-24 17:32:30.493 V/AudioPolicyManagerBase(   89): setOutputDevice() setting same device 0 or null device for output 1
04-24 17:32:30.513 E/GeckoConsole(   84): Content JS LOG at dummy file:392 in GaiaApps.displayedApp: app with origin 'app://homescreen.gaiamobile.org' is displayed
04-24 17:32:30.513 V/AudioPolicyManagerBase(   89): releaseOutput() 1
04-24 17:32:30.523 I/Gecko   (   84): 1398385950530	Marionette	DEBUG	Got request: switchToFrame, data: {"to":"0","sessionId":"3-b2g","name":"switchToFrame","parameters":{"focus":true,"element":"{f87e88aa-7c5c-4d79-b6e6-21957e0fd6c1}"}}, id: {9a72bdb9-2853-4587-8063-daddac305a7e}
04-24 17:32:30.533 I/Gecko   (   84): 1398385950544	Marionette	INFO	Switched to frame: {"frameValue":"{f87e88aa-7c5c-4d79-b6e6-21957e0fd6c1}"}
04-24 17:32:30.533 I/Gecko   (   84): 1398385950546	Marionette	INFO	trying remote frame 0
04-24 17:32:30.543 I/Gecko   (   84): 1398385950554	Marionette	INFO	trying remote frame 1
04-24 17:32:30.543 I/Gecko   (   84): 1398385950555	Marionette	INFO	trying remote frame 2
04-24 17:32:30.543 I/Gecko   (   84): 1398385950556	Marionette	INFO	trying remote frame 3
04-24 17:32:30.543 I/Gecko   (   84): 1398385950557	Marionette	INFO	trying remote frame 4
04-24 17:32:30.553 I/Gecko   (   84): 1398385950558	Marionette	INFO	trying remote frame 5
04-24 17:32:30.553 I/Gecko   (   84): 1398385950559	Marionette	INFO	trying remote frame 6
04-24 17:32:30.643 I/Gecko   (   84): 1398385950648	Marionette	INFO	sendToClient: {"from":"0","ok":true}, {9a72bdb9-2853-4587-8063-daddac305a7e}, {9a72bdb9-2853-4587-8063-daddac305a7e}
04-24 17:32:30.953 I/Gecko   (   84): 1398385950960	Marionette	INFO	sendToClient: {"from":"0","value":{"ELEMENT":"{a2841b70-e234-4dbd-8d14-b4a63bb53543}"}}, {9dbea2f0-68f8-45f0-875c-a954ebdb3f90}, {9dbea2f0-68f8-45f0-875c-a954ebdb3f90}
04-24 17:32:31.173 E/GeckoConsole( 3560): [JavaScript Warning: "Use of getAttributeNode() is deprecated. Use getAttribute() instead." {file: "chrome://marionette/content/atoms.js" line: 25}]
04-24 17:32:31.183 E/GeckoConsole( 3560): [JavaScript Warning: "Use of attributes' specified attribute is deprecated. It always returns true." {file: "chrome://marionette/content/atoms.js" line: 25}]
04-24 17:32:31.183 I/Gecko   (   84): 1398385951191	Marionette	INFO	sendToClient: {"from":"0","value":"normal"}, {c95fc233-ed50-40e9-b777-2281f1fb4f20}, {c95fc233-ed50-40e9-b777-2281f1fb4f20}
04-24 17:32:31.183 I/Gecko   (   84): 1398385951197	Marionette	DEBUG	Got request: switchToFrame, data: {"to":"0","sessionId":"3-b2g","name":"switchToFrame","parameters":{"id":null,"focus":true}}, id: {beb6d465-f740-41a6-81d6-2a1341599b4a}
04-24 17:32:31.193 I/Gecko   (   84): 1398385951205	Marionette	INFO	Switched to frame: {"frameValue":null}
04-24 17:32:31.303 I/Gecko   (   84): 1398385951312	Marionette	INFO	sendToClient: {"from":"0","ok":true}, {beb6d465-f740-41a6-81d6-2a1341599b4a}, {beb6d465-f740-41a6-81d6-2a1341599b4a}
04-24 17:32:31.313 I/Gecko   (   84): 1398385951318	Marionette	DEBUG	Got request: execute, data: {"to":"0","sessionId":"3-b2g","name":"executeScript","parameters":{"specialPowers":false,"scriptTimeout":null,"newSandbox":true,"args":[],"filename":"gaia_test.py","script":"window.wrappedJSObject.dispatchEvent(new Event('home'));","line":788}}, id: {7e2b2d5e-929c-4bcd-91e9-1b59c524011b}
04-24 17:32:31.363 I/Gecko   (   84): 1398385951371	Marionette	INFO	sendToClient: {"from":"0","value":null}, {7e2b2d5e-929c-4bcd-91e9-1b59c524011b}, {7e2b2d5e-929c-4bcd-91e9-1b59c524011b}
04-24 17:32:31.423 I/Gecko   (   84): 1398385951433	Marionette	DEBUG	Got request: switchToFrame, data: {"to":"0","sessionId":"3-b2g","name":"switchToFrame","parameters":{"id":null,"focus":true}}, id: {2b722214-273d-483a-bff8-821a7428fa3f}
04-24 17:32:31.443 I/Gecko   (   84): 1398385951447	Marionette	INFO	Switched to frame: {"frameValue":null}
04-24 17:32:31.593 I/Gecko   (   84): 1398385951598	Marionette	INFO	sendToClient: {"from":"0","ok":true}, {2b722214-273d-483a-bff8-821a7428fa3f}, {2b722214-273d-483a-bff8-821a7428fa3f}
04-24 17:32:31.633 I/Gecko   (   84): 1398385951639	Marionette	DEBUG	Got request: switchToFrame, data: {"to":"0","sessionId":"3-b2g","name":"switchToFrame","parameters":{"id":null,"focus":true}}, id: {1ba908b9-5588-4ba4-8f87-830084357349}
04-24 17:32:31.643 I/Gecko   (   84): 1398385951648	Marionette	INFO	Switched to frame: {"frameValue":null}
04-24 17:32:31.753 I/Gecko   (   84): 1398385951766	Marionette	INFO	sendToClient: {"from":"0","ok":true}, {1ba908b9-5588-4ba4-8f87-830084357349}, {1ba908b9-5588-4ba4-8f87-830084357349}
04-24 17:32:31.763 I/Gecko   (   84): 1398385951772	Marionette	DEBUG	Got request: executeWithCallback, data: {"to":"0","sessionId":"3-b2g","name":"executeAsyncScript","parameters":{"specialPowers":false,"scriptTimeout":null,"newSandbox":true,"args":[],"filename":"gaia_test.py","script":"return GaiaApps.displayedApp();","line":66}}, id: {08f7507e-f54b-4d1a-9498-796e733e232a}
04-24 17:32:31.833 I/Gecko   (   84): 1398385951844	Marionette	INFO	sendToClient: {"from":"0","value":{"frame":{"ELEMENT":"{f87e88aa-7c5c-4d79-b6e6-21957e0fd6c1}"},"src":"app://homescreen.gaiamobile.org/index.html#rootThu%20Apr%2024%202014%2017:32:31%20GMT-0700%20(UTC)","name":"Homescreen","origin":"app://homescreen.gaiamobile.org"}}, {08f7507e-f54b-4d1a-9498-796e733e232a}, {08f7507e-f54b-4d1a-9498-796e733e232a}
04-24 17:32:31.843 E/GeckoConsole(   84): Content JS LOG at dummy file:392 in GaiaApps.displayedApp: app with origin 'app://homescreen.gaiamobile.org' is displayed
04-24 17:32:31.853 I/Gecko   (   84): 1398385951862	Marionette	DEBUG	Got request: switchToFrame, data: {"to":"0","sessionId":"3-b2g","name":"switchToFrame","parameters":{"focus":true,"element":"{f87e88aa-7c5c-4d79-b6e6-21957e0fd6c1}"}}, id: {b619999d-8dbd-4ac6-9aec-dfa6eee79573}
04-24 17:32:31.863 I/Gecko   (   84): 1398385951872	Marionette	INFO	Switched to frame: {"frameValue":"{f87e88aa-7c5c-4d79-b6e6-21957e0fd6c1}"}
04-24 17:32:31.863 I/Gecko   (   84): 1398385951875	Marionette	INFO	trying remote frame 0
04-24 17:32:31.873 I/Gecko   (   84): 1398385951881	Marionette	INFO	trying remote frame 1
04-24 17:32:31.873 I/Gecko   (   84): 1398385951882	Marionette	INFO	trying remote frame 2
04-24 17:32:31.873 I/Gecko   (   84): 1398385951883	Marionette	INFO	trying remote frame 3
04-24 17:32:31.883 I/Gecko   (   84): 1398385951888	Marionette	INFO	trying remote frame 4
04-24 17:32:31.883 I/Gecko   (   84): 1398385951889	Marionette	INFO	trying remote frame 5
04-24 17:32:31.883 I/Gecko   (   84): 1398385951890	Marionette	INFO	trying remote frame 6
04-24 17:32:32.673 I/Gecko   (   84): 1398385952678	Marionette	INFO	sendToClient: {"from":"0","ok":true}, {b619999d-8dbd-4ac6-9aec-dfa6eee79573}, {b619999d-8dbd-4ac6-9aec-dfa6eee79573}
04-24 17:32:32.693 I/Gecko   (   84): 1398385952702	Marionette	DEBUG	Got request: execute, data: {"to":"0","sessionId":"3-b2g","name":"executeScript","parameters":{"specialPowers":false,"scriptTimeout":null,"newSandbox":true,"args":[],"filename":"gaia_test.py","script":"return window.wrappedJSObject.GridManager.pageHelper.getCurrentPageNumber();","line":784}}, id: {b47ce81c-097b-4bba-b86a-7caf214b2d86}
04-24 17:32:32.763 E/GeckoConsole( 3560): Content JS WARN at app://homescreen.gaiamobile.org/gaia_build_defer_index.js:184 in isHiddenApp: Unexpected role when checking hidden app: undefined
04-24 17:32:32.773 E/GeckoConsole( 3560): Content JS WARN at app://homescreen.gaiamobile.org/gaia_build_defer_index.js:184 in isHiddenApp: Unexpected role when checking hidden app: undefined
04-24 17:32:32.773 E/GeckoConsole( 3560): Content JS WARN at app://homescreen.gaiamobile.org/gaia_build_defer_index.js:184 in isHiddenApp: Unexpected role when checking hidden app: undefined
04-24 17:32:32.773 E/GeckoConsole( 3560): Content JS WARN at app://homescreen.gaiamobile.org/gaia_build_defer_index.js:184 in isHiddenApp: Unexpected role when checking hidden app: undefined
04-24 17:32:32.773 E/GeckoConsole( 3560): Content JS WARN at app://homescreen.gaiamobile.org/gaia_build_defer_index.js:184 in isHiddenApp: Unexpected role when checking hidden app: undefined
04-24 17:32:32.773 E/GeckoConsole( 3560): Content JS WARN at app://homescreen.gaiamobile.org/gaia_build_defer_index.js:184 in isHiddenApp: Unexpected role when checking hidden app: undefined
04-24 17:32:32.773 E/GeckoConsole( 3560): Content JS WARN at app://homescreen.gaiamobile.org/gaia_build_defer_index.js:184 in isHiddenApp: Unexpected role when checking hidden app: undefined
04-24 17:32:32.773 E/GeckoConsole( 3560): Content JS WARN at app://homescreen.gaiamobile.org/gaia_build_defer_index.js:184 in isHiddenApp: Unexpected role when checking hidden app: undefined
04-24 17:32:32.773 E/GeckoConsole( 3560): Content JS WARN at app://homescreen.gaiamobile.org/gaia_build_defer_index.js:184 in isHiddenApp: Unexpected role when checking hidden app: undefined
04-24 17:32:32.773 E/GeckoConsole( 3560): Content JS WARN at app://homescreen.gaiamobile.org/gaia_build_defer_index.js:184 in isHiddenApp: Unexpected role when checking hidden app: undefined
04-24 17:32:32.773 E/GeckoConsole( 3560): Content JS WARN at app://homescreen.gaiamobile.org/gaia_build_defer_index.js:184 in isHiddenApp: Unexpected role when checking hidden app: undefined
04-24 17:32:32.773 E/GeckoConsole( 3560): Content JS WARN at app://homescreen.gaiamobile.org/gaia_build_defer_index.js:184 in isHiddenApp: Unexpected role when checking hidden app: undefined
04-24 17:32:32.773 E/GeckoConsole( 3560): Content JS WARN at app://homescreen.gaiamobile.org/gaia_build_defer_index.js:184 in isHiddenApp: Unexpected role when checking hidden app: undefined
04-24 17:32:32.773 E/GeckoConsole( 3560): Content JS WARN at app://homescreen.gaiamobile.org/gaia_build_defer_index.js:184 in isHiddenApp: Unexpected role when checking hidden app: undefined
04-24 17:32:32.783 E/GeckoConsole( 3560): Content JS WARN at app://homescreen.gaiamobile.org/gaia_build_defer_index.js:184 in isHiddenApp: Unexpected role when checking hidden app: undefined
04-24 17:32:32.783 E/GeckoConsole( 3560): Content JS WARN at app://homescreen.gaiamobile.org/gaia_build_defer_index.js:184 in isHiddenApp: Unexpected role when checking hidden app: undefined
04-24 17:32:32.783 E/GeckoConsole( 3560): Content JS WARN at app://homescreen.gaiamobile.org/gaia_build_defer_index.js:184 in isHiddenApp: Unexpected role when checking hidden app: undefined
04-24 17:32:32.783 E/GeckoConsole( 3560): Content JS WARN at app://homescreen.gaiamobile.org/gaia_build_defer_index.js:184 in isHiddenApp: Unexpected role when checking hidden app: undefined
04-24 17:32:32.793 W/WifiHW  (   84): wifi_command: SIGNAL_POLL
04-24 17:32:33.043 I/Gecko   (   84): 1398385953051	Marionette	INFO	sendToClient: {"from":"0","value":0}, {b47ce81c-097b-4bba-b86a-7caf214b2d86}, {b47ce81c-097b-4bba-b86a-7caf214b2d86}
04-24 17:32:33.163 I/Gecko   (   84): 1398385953168	Marionette	INFO	sendToClient: {"from":"0","value":["{6f5e45eb-ca41-4237-a015-f476e3161353}","{5f581817-8f0a-4f2a-a996-55f201470bf1}","{2d45417b-0405-42a0-b0de-df34aca5af8d}","{cb9e8a92-9977-4d07-9966-56821b97eab7}","{8d0c3e4b-d526-4adf-a5e7-09bda237b56c}","{ab95a005-d4d0-4868-909e-0278190faacd}","{76ece60b-d6e8-4af3-a0c5-f052460351ea}","{40db33e2-dad0-4591-9255-ce9085dded20}","{26a19b40-fa8d-41f0-afe2-784c966c5431}","{654cdc86-cf86-4e7f-9e37-644198b8327b}","{5f33979e-003d-4a67-aa66-725471e84e57}","{4e4dad28-17ab-4f67-9d73-bc0739dc6d26}","{6d34002a-aec2-4896-a391-cfa0897c9ce1}","{b34b046f-6074-4bda-a902-121b4313f9bd}","{fa19fae9-0204-473a-8b26-fa723120866e}","{40feb5da-cef1-4870-9f37-59fe5036ad1e}","{7e30e632-3e06-4f64-b562-05ad96a05c77}","{0e9cba33-44e4-42d4-94d0-73711c77361c}","{05a04d5c-e7ca-4ddb-854b-0ea668190cb5}","{d28a54d8-11ff-4cdd-b7f6-98bcaffc7a5c}","{59f3d33a-333a-4ebb-9f97-6ba0ec3a0b18}","{d59c9598-526b-462c-82c0-389005f5fa29}"]}, {2ce4ac4c-ed56-44e3-a39f-fccb23a4f870}, {2ce4ac4c-ed5
04-24 17:32:33.203 I/Gecko   (   84): 1398385953210	Marionette	INFO	sendToClient: {"from":"0","value":"app://homescreen.gaiamobile.org/index.html#rootThu%20Apr%2024%202014%2017:32:31%20GMT-0700%20(UTC)"}, {58c211e5-7db7-4126-b5f7-45edafe9110e}, {58c211e5-7db7-4126-b5f7-45edafe9110e}
04-24 17:32:33.203 I/Gecko   (   84): 1398385953216	Marionette	DEBUG	Got request: switchToFrame, data: {"to":"0","sessionId":"3-b2g","name":"switchToFrame","parameters":{"id":null,"focus":true}}, id: {db4cf080-1715-46e4-94c7-f3ff770ce856}
04-24 17:32:33.223 I/Gecko   (   84): 1398385953231	Marionette	INFO	Switched to frame: {"frameValue":null}
04-24 17:32:33.323 I/Gecko   (   84): 1398385953334	Marionette	INFO	sendToClient: {"from":"0","ok":true}, {db4cf080-1715-46e4-94c7-f3ff770ce856}, {db4cf080-1715-46e4-94c7-f3ff770ce856}
04-24 17:32:33.333 I/Gecko   (   84): 1398385953339	Marionette	DEBUG	Got request: switchToFrame, data: {"to":"0","sessionId":"3-b2g","name":"switchToFrame","parameters":{"id":null,"focus":true}}, id: {91cffb52-8447-4582-8889-d1efb4800744}
04-24 17:32:33.333 I/Gecko   (   84): 1398385953341	Marionette	INFO	Switched to frame: {"frameValue":null}
04-24 17:32:33.433 I/Gecko   (   84): 1398385953443	Marionette	INFO	sendToClient: {"from":"0","ok":true}, {91cffb52-8447-4582-8889-d1efb4800744}, {91cffb52-8447-4582-8889-d1efb4800744}
04-24 17:32:33.443 I/Gecko   (   84): 1398385953449	Marionette	DEBUG	Got request: executeWithCallback, data: {"to":"0","sessionId":"3-b2g","name":"executeAsyncScript","parameters":{"specialPowers":false,"scriptTimeout":30000,"newSandbox":true,"args":[],"filename":"app_checker.py","script":"GaiaApps.launchWithManifestURL('https://marketplace.firefox.com/app/07cc718f-992b-4291-8325-5e56dddce59b/manifest.webapp')","line":106}}, id: {8de29123-93fa-4d27-9996-06e93cde5207}
04-24 17:32:33.543 I/Gonk    (   84): Setting nice for pid 3588 to 18
04-24 17:32:33.543 I/Gonk    (   84): Changed nice for pid 3588 from 18 to 18.
04-24 17:32:33.543 I/Gecko   (   84): [Parent 84] WARNING: waitpid failed pid:3588 errno:10: file ../../../gecko/ipc/chromium/src/base/process_util_posix.cc, line 254
04-24 17:32:33.563 I/Gonk    (   84): Setting nice for pid 3588 to 1
04-24 17:32:33.563 I/Gonk    (   84): Changed nice for pid 3588 from 18 to 1.
04-24 17:32:33.583 E/GeckoConsole(   84): Content JS LOG at dummy file:334 in GaiaApps.launch: launching app with name 'Fisherman Fred'
04-24 17:32:33.933 E/[Gralloc-ERROR](   84): int gralloc_register_buffer(const gralloc_module_t*, const native_handle_t*):79 Unable to register handle 0x45c4fa10 coming from different process: 84
04-24 17:32:33.953 E/[Gralloc-ERROR](   84): int gralloc_register_buffer(const gralloc_module_t*, const native_handle_t*):79 Unable to register handle 0x45c4fab0 coming from different process: 84
04-24 17:32:34.033 D/Sensors (   84): activate handle=0; drv=0
04-24 17:32:34.043 D/Sensors (   84): Lis3dhSensor: Control set 1
04-24 17:32:34.043 D/Sensors (   84): Lis3dhSensor: mEnabled = 1
04-24 17:32:34.253 I/Gonk    (   84): Setting nice for pid 3560 to 18
04-24 17:32:34.273 I/Gonk    (   84): Changed nice for pid 3560 from 1 to 18.
04-24 17:32:35.483 I/Gonk    (   84): Setting nice for pid 3635 to 18
04-24 17:32:35.483 I/Gonk    (   84): Changed nice for pid 3635 from 0 to 18.
04-24 17:32:36.023 I/Gecko   ( 3588): ###################################### forms.js loaded
04-24 17:32:36.063 I/Gecko   ( 3588): ############################### browserElementPanning.js loaded
04-24 17:32:36.093 I/Gecko   ( 3588): ######################## BrowserElementChildPreload.js loaded
04-24 17:32:36.553 I/log     ( 3646): <4>0[ 1303.091784] select 3560 (Homescreen), adj 8, size 6570, to kill 
04-24 17:32:37.693 I/Gecko   (   84): 
04-24 17:32:37.693 I/Gecko   (   84): ###!!! [Parent][MessageChannel] Error: Channel error: cannot send/recv
04-24 17:32:37.693 I/Gecko   (   84): 
04-24 17:32:37.783 I/Gecko   (   84): [Parent 84] WARNING: waitpid failed pid:3560 errno:10: file ../../../gecko/ipc/chromium/src/base/process_util_posix.cc, line 254
04-24 17:32:37.793 W/WifiHW  (   84): wifi_command: SIGNAL_POLL
04-24 17:32:38.233 I/Gecko   ( 3588): Attempting load of libEGL.so
04-24 17:32:38.313 D/libEGL  ( 3588): loaded /system/lib/egl/libEGL_mali.so
04-24 17:32:38.323 D/libEGL  ( 3588): loaded /system/lib/egl/libGLESv1_CM_mali.so
04-24 17:32:38.343 D/libEGL  ( 3588): loaded /system/lib/egl/libGLESv2_mali.so
04-24 17:32:38.373 I/Gecko   ( 3588): SharedSurface_Gralloc::Create -------
04-24 17:32:38.403 I/Gecko   ( 3588): SharedSurface_Gralloc::Create: success -- surface 0x4369cd00, GraphicBuffer 0x43bfd900.
04-24 17:32:38.623 I/Gecko   ( 3588): SharedSurface_Gralloc::Create -------
04-24 17:32:38.633 I/Gecko   ( 3588): SharedSurface_Gralloc::Create: success -- surface 0x435f7980, GraphicBuffer 0x435d6e00.
04-24 17:32:38.733 I/Gecko   ( 3588): SharedSurface_Gralloc::Create -------
04-24 17:32:38.743 I/Gecko   ( 3588): SharedSurface_Gralloc::Create: success -- surface 0x435f7ec0, GraphicBuffer 0x435d6d80.
04-24 17:32:39.473 I/Gecko   ( 3588): SharedSurface_Gralloc::Create -------
04-24 17:32:39.483 I/Gecko   ( 3588): SharedSurface_Gralloc::Create: success -- surface 0x441a9400, GraphicBuffer 0x441d2d00.
04-24 17:32:39.783 I/Gecko   ( 3588): SharedSurface_Gralloc::Create -------
04-24 17:32:39.783 I/Gecko   (   84): [Parent 84] WARNING: waitpid failed pid:3560 errno:10: file ../../../gecko/ipc/chromium/src/base/process_util_posix.cc, line 254
04-24 17:32:39.783 I/Gecko   (   84): [Parent 84] WARNING: Failed to deliver SIGKILL to 3560!(3).: file ../../../gecko/ipc/chromium/src/chrome/common/process_watcher_posix_sigchld.cc, line 118
04-24 17:32:39.833 I/Gecko   ( 3588): SharedSurface_Gralloc::Create: success -- surface 0x42db8880, GraphicBuffer 0x42db6b80.
04-24 17:32:39.853 I/Gecko   ( 3588): [SharedSurface_Gralloc 0x435f7ec0] destroyed
04-24 17:32:39.853 I/Gecko   ( 3588): [SharedSurface_Gralloc 0x4369cd00] destroyed
04-24 17:32:39.853 I/Gecko   ( 3588): [SharedSurface_Gralloc 0x435f7980] destroyed
04-24 17:32:39.933 I/Gecko   ( 3588): SharedSurface_Gralloc::Create -------
04-24 17:32:39.933 I/Gecko   ( 3588): SharedSurface_Gralloc::Create: success -- surface 0x430af080, GraphicBuffer 0x43bfc980.
04-24 17:32:42.883 W/WifiHW  (   84): wifi_command: SIGNAL_POLL
04-24 17:32:44.213 I/Gonk    (   84): Setting nice for pid 3635 to 18
04-24 17:32:44.213 I/Gonk    (   84): Changed nice for pid 3635 from 18 to 18.
04-24 17:32:44.213 I/Gecko   (   84): [Parent 84] WARNING: waitpid failed pid:3635 errno:10: file ../../../gecko/ipc/chromium/src/base/process_util_posix.cc, line 254
04-24 17:32:44.223 I/Gonk    (   84): Setting nice for pid 3635 to 1
04-24 17:32:44.233 I/Gonk    (   84): Changed nice for pid 3635 from 18 to 1.
04-24 17:32:44.253 I/Gonk    (   84): Setting nice for pid 3635 to 18
04-24 17:32:44.253 I/Gonk    (   84): Changed nice for pid 3635 from 1 to 18.
04-24 17:32:44.843 E/GeckoConsole(   84): Content JS LOG at dummy file:326 in GaiaApps.launch/appOpen/<: app with origin 'app://{ce439214-f240-4e6c-9e62-e25c381a1b04}' has launched
04-24 17:32:44.853 E/[Gralloc-ERROR](   84): int gralloc_unregister_buffer(const gralloc_module_t*, const native_handle_t*):274 Trying to unregister buffer 0x45c4fab0 from process 84 that was not created in current process: 84
04-24 17:32:44.863 I/Gecko   (   84): 1398385964869	Marionette	INFO	sendToClient: {"from":"0","value":{"frame":{"ELEMENT":"{fb105eca-93c0-4e8f-a304-47d383823669}"},"src":"app://{ce439214-f240-4e6c-9e62-e25c381a1b04}/index.html","name":"Fisherman Fred","origin":"app://{ce439214-f240-4e6c-9e62-e25c381a1b04}"}}, {8de29123-93fa-4d27-9996-06e93cde5207}, {8de29123-93fa-4d27-9996-06e93cde5207}
04-24 17:32:44.873 E/[Gralloc-ERROR](   84): int gralloc_unregister_buffer(const gralloc_module_t*, const native_handle_t*):274 Trying to unregister buffer 0x45c4fa10 from process 84 that was not created in current process: 84
04-24 17:32:44.973 I/Gecko   (   84): 1398385964978	Marionette	DEBUG	Got request: switchToFrame, data: {"to":"0","sessionId":"3-b2g","name":"switchToFrame","parameters":{"focus":true,"element":"{fb105eca-93c0-4e8f-a304-47d383823669}"}}, id: {e67d18ea-941e-4d85-8b27-9aaca20d3a37}
04-24 17:32:44.983 I/Gecko   (   84): 1398385964994	Marionette	INFO	Switched to frame: {"frameValue":"{fb105eca-93c0-4e8f-a304-47d383823669}"}
04-24 17:32:45.023 I/Gecko   (   84): 1398385965029	Marionette	INFO	trying remote frame 0
04-24 17:32:45.033 I/Gecko   (   84): 1398385965038	Marionette	INFO	trying remote frame 1
04-24 17:32:45.033 I/Gecko   (   84): 1398385965040	Marionette	INFO	trying remote frame 2
04-24 17:32:45.033 I/Gecko   (   84): 1398385965041	Marionette	INFO	trying remote frame 3
04-24 17:32:45.033 I/Gecko   (   84): 1398385965042	Marionette	INFO	trying remote frame 4
04-24 17:32:45.033 I/Gecko   (   84): 1398385965043	Marionette	INFO	trying remote frame 5
04-24 17:32:45.033 I/Gecko   (   84): 1398385965044	Marionette	INFO	trying remote frame 6
04-24 17:32:45.033 I/Gecko   (   84): 1398385965045	Marionette	INFO	deleting frame
04-24 17:32:45.063 I/Gecko   (   84): 1398385965071	Marionette	INFO	frame-manager load script: [object ChromeMessageSender]
04-24 17:32:45.103 I/Gecko   ( 3588): SharedSurface_Gralloc::Create -------
04-24 17:32:45.173 I/Gecko   ( 3588): SharedSurface_Gralloc::Create: success -- surface 0x435a21c0, GraphicBuffer 0x4351a180.
04-24 17:32:45.493 I/Gecko   (   84): 
04-24 17:32:45.493 I/Gecko   (   84): ###!!! [Parent][MessageChannel] Error: Channel error: cannot send/recv
04-24 17:32:45.493 I/Gecko   (   84): 
04-24 17:32:45.503 I/Gecko   ( 3588): SharedSurface_Gralloc::Create -------
04-24 17:32:45.503 I/Gecko   ( 3588): SharedSurface_Gralloc::Create: success -- surface 0x4564c740, GraphicBuffer 0x43519900.
04-24 17:32:45.543 I/Gecko   ( 3588): [SharedSurface_Gralloc 0x441a9400] destroyed
04-24 17:32:45.543 I/Gecko   ( 3588): [SharedSurface_Gralloc 0x42db8880] destroyed
04-24 17:32:45.543 I/Gecko   ( 3588): [SharedSurface_Gralloc 0x430af080] destroyed
04-24 17:32:45.603 I/Gecko   (   84): [Parent 84] WARNING: waitpid failed pid:3635 errno:10: file ../../../gecko/ipc/chromium/src/base/process_util_posix.cc, line 254
04-24 17:32:45.643 I/Gecko   ( 3588): SharedSurface_Gralloc::Create -------
04-24 17:32:45.653 I/Gecko   ( 3588): SharedSurface_Gralloc::Create: success -- surface 0x430af0c0, GraphicBuffer 0x43bfc980.
04-24 17:32:46.143 I/Gecko   (   84): 1398385966150	Marionette	INFO	sendToClient: {"from":"0","ok":true}, {e67d18ea-941e-4d85-8b27-9aaca20d3a37}, {e67d18ea-941e-4d85-8b27-9aaca20d3a37}
04-24 17:32:46.473 I/Gecko   (   84): 1398385966480	Marionette	INFO	sendToClient: {"from":"0","value":"app://{ce439214-f240-4e6c-9e62-e25c381a1b04}/index.html"}, {138bb66c-c479-44ad-9f7b-2033068f17fe}, {138bb66c-c479-44ad-9f7b-2033068f17fe}
04-24 17:32:46.513 I/Gecko   (   84): 1398385966520	Marionette	DEBUG	Got request: execute, data: {"to":"0","sessionId":"3-b2g","name":"executeScript","parameters":{"specialPowers":false,"scriptTimeout":null,"newSandbox":true,"args":[],"filename":"app_checker.py","script":"return window.document.readyState;","line":191}}, id: {cc6de2d4-a878-494b-a13d-00c278853a04}
04-24 17:32:46.663 I/Gecko   (   84): 1398385966669	Marionette	INFO	sendToClient: {"from":"0","value":"complete"}, {cc6de2d4-a878-494b-a13d-00c278853a04}, {cc6de2d4-a878-494b-a13d-00c278853a04}
04-24 17:32:46.743 I/Gecko   (   84): 1398385966756	Marionette	INFO	sendToClient: {"from":"0","value":"app://{ce439214-f240-4e6c-9e62-e25c381a1b04}/index.html"}, {75c2e63a-7aaa-4b15-885f-1e02debd8cb3}, {75c2e63a-7aaa-4b15-885f-1e02debd8cb3}
04-24 17:32:46.783 I/Gecko   ( 3588): SharedSurface_Gralloc::Create -------
04-24 17:32:46.793 I/Gecko   ( 3588): SharedSurface_Gralloc::Create: success -- surface 0x44d0f980, GraphicBuffer 0x44d10700.
04-24 17:32:47.613 I/Gecko   (   84): [Parent 84] WARNING: waitpid failed pid:3635 errno:10: file ../../../gecko/ipc/chromium/src/base/process_util_posix.cc, line 254
04-24 17:32:47.613 I/Gecko   (   84): [Parent 84] WARNING: Failed to deliver SIGKILL to 3635!(3).: file ../../../gecko/ipc/chromium/src/chrome/common/process_watcher_posix_sigchld.cc, line 118
04-24 17:32:47.883 I/Gecko   (   84): 1398385967853	Marionette	INFO	sendToClient: {"from":"0","value":"iVBORw0KGgoAAAANSUhEUgAAAUAAAAHgCAYAAADUjLREAAAgAElEQVR4nOydd1hU19bGk5vc9N6MmqjRaOy9V7qAXWPvvcBQBLtYsMZeYsVuVGx0ht57770qRUUEREDq/L4/BoYZZjCamKtfZD/P+8QwZ87Zc+bsd9Za71prv6UisKcJTWhCE14+rFER3JZATWCBmsBS8m9NPVs09Kxl/l/bwB5tfXs0BAr+bvjy8darv0lNaEIT/p2QJcCG0NC3RtPAFjU9MSlqCKzR1rdH28AeTQNbNAys0TAQHyNDgLUk+TJIsYkAm9CEJvxDkCdANYElGgJr8X/1rdE2rCU7Pevnt/QM7NHWqyXBJgJsQhOa8HpCngA1BNZo69lL3F9NA1sxGenXkpqBFMkp+rfhM/7WRIBNaEITXh80QoD69mjq28pYgXJWnb6Um6sn9dpLjgU2EWATmtCEfwiNE6CGvvg1CQFKk560hVdLgJoCW9QFVqjrWaGp//JEkSYCbEITmvAPQVEM0AJNfVvFcb/G3F6D+jihhsAaTYGtrLvcRIBNaEITXj8oVoHV9CzQNLBFU1/KqquLBT4rxmegAE0E2IQmNOH1hFjtrc/9q/+3hr61JA4o4wr/mfjxktFEgE1oQhP+IYhd1rqkZsm/daVcYT1bsVurL6UG18YB616XEUSaCLAJTWjC/w80QoA6t1HRuY2GXn3ic50yLC1waOrboimwlQgg/0RFSBMBNqEJrwy2qAis/gZsX4PP8CxYy5W/qQksUdG9XW8F1pKawrSYuqqQOiuxiQCb0IR/E55dKvbnsH4NPsOLfz7ZuKCFxPKTcYUVxQKbXOAm/G9hh7KODSOW3WLIgssMmHmcPpP302vCTnqO20aPsab0GGtKz3Hb6DNlP0Pmn0NpuQUqArvXYO7/H/AGEGCttSeTC6hnLdUEwbLe7X0RkmtSgZvwsj
04-24 17:32:48.043 W/WifiHW  (   84): wifi_command: SIGNAL_POLL
04-24 17:32:48.753 I/Gecko   (   84): 1398385968762	Marionette	INFO	sendToClient: {"from":"0","ok":true}, {691964a7-b43c-4c4b-97e5-007d365ba1c8}, {691964a7-b43c-4c4b-97e5-007d365ba1c8}
04-24 17:32:48.933 I/Gecko   (   84): 1398385968941	Marionette	DEBUG	Got request: switchToFrame, data: {"to":"0","sessionId":"3-b2g","name":"switchToFrame","parameters":{"id":null,"focus":true}}, id: {cb54f31a-b351-4e17-b2c4-59b289a041c0}
04-24 17:32:48.953 I/Gecko   (   84): 1398385968965	Marionette	INFO	Switched to frame: {"frameValue":null}
04-24 17:32:49.113 I/Gecko   (   84): 1398385969120	Marionette	INFO	sendToClient: {"from":"0","ok":true}, {cb54f31a-b351-4e17-b2c4-59b289a041c0}, {cb54f31a-b351-4e17-b2c4-59b289a041c0}
04-24 17:32:49.133 I/Gecko   (   84): 1398385969146	Marionette	DEBUG	Got request: executeWithCallback, data: {"to":"0","sessionId":"3-b2g","name":"executeAsyncScript","parameters":{"specialPowers":false,"scriptTimeout":null,"newSandbox":true,"args":[],"filename":"gaia_test.py","script":"return GaiaApps.displayedApp();","line":66}}, id: {c25beee8-e52a-4764-8892-406b6480e1e6}
04-24 17:32:49.733 E/GeckoConsole(   84): Content JS LOG at dummy file:392 in GaiaApps.displayedApp: app with origin 'app://{ce439214-f240-4e6c-9e62-e25c381a1b04}' is displayed
04-24 17:32:49.733 I/Gecko   (   84): 1398385969742	Marionette	INFO	sendToClient: {"from":"0","value":{"frame":{"ELEMENT":"{fb105eca-93c0-4e8f-a304-47d383823669}"},"src":"app://{ce439214-f240-4e6c-9e62-e25c381a1b04}/index.html","name":"Fisherman Fred","origin":"app://{ce439214-f240-4e6c-9e62-e25c381a1b04}"}}, {c25beee8-e52a-4764-8892-406b6480e1e6}, {c25beee8-e52a-4764-8892-406b6480e1e6}
04-24 17:32:49.743 I/Gecko   (   84): 1398385969752	Marionette	DEBUG	Got request: switchToFrame, data: {"to":"0","sessionId":"3-b2g","name":"switchToFrame","parameters":{"id":null,"focus":true}}, id: {03812f42-d7c3-4b7a-861c-5421b83a6282}
04-24 17:32:49.783 I/Gecko   (   84): 1398385969794	Marionette	INFO	Switched to frame: {"frameValue":null}
04-24 17:32:49.973 I/Gonk    (   84): Setting nice for pid 3683 to 18
04-24 17:32:50.013 I/Gonk    (   84): Changed nice for pid 3683 from 0 to 18.
04-24 17:32:50.063 I/Gecko   (   84): 1398385970068	Marionette	INFO	sendToClient: {"from":"0","ok":true}, {03812f42-d7c3-4b7a-861c-5421b83a6282}, {03812f42-d7c3-4b7a-861c-5421b83a6282}
04-24 17:32:50.083 I/Gecko   (   84): 1398385970089	Marionette	DEBUG	Got request: execute, data: {"to":"0","sessionId":"3-b2g","name":"executeScript","parameters":{"specialPowers":false,"scriptTimeout":null,"newSandbox":true,"args":[],"filename":"gaia_test.py","script":"window.wrappedJSObject.dispatchEvent(new Event('home'));","line":788}}, id: {bebd05ed-4b82-4419-8e09-c68f82b99062}
04-24 17:32:50.433 I/Gonk    (   84): Setting nice for pid 3683 to 18
04-24 17:32:50.443 I/Gonk    (   84): Changed nice for pid 3683 from 18 to 18.
04-24 17:32:50.443 I/Gecko   (   84): [Parent 84] WARNING: waitpid failed pid:3683 errno:10: file ../../../gecko/ipc/chromium/src/base/process_util_posix.cc, line 254
04-24 17:32:50.503 I/Gonk    (   84): Setting nice for pid 3683 to 1
04-24 17:32:50.503 I/Gonk    (   84): Changed nice for pid 3683 from 18 to 1.
04-24 17:32:50.603 D/Sensors (   84): activate handle=0; drv=0
04-24 17:32:50.623 D/Sensors (   84): Lis3dhSensor: Control set 0
04-24 17:32:50.623 D/Sensors (   84): Lis3dhSensor: mEnabled = 0
04-24 17:32:50.783 W/AudioFlinger(   89): Thread AudioOut_1 cannot connect to the power manager service
04-24 17:32:50.793 V/AudioPolicyManagerBase(   89): getDeviceForStrategy() from cache strategy 0, device 2
04-24 17:32:50.793 V/AudioPolicyManagerBase(   89): getOutput() stream 1, samplingRate 0, format 0, channels 3, flags 0
04-24 17:32:50.993 V/AudioPolicyManagerBase(   89): startOutput() output 1, stream 1, session 18
04-24 17:32:50.993 V/AudioPolicyManagerBase(   89): changeRefCount() stream 1, count 1
04-24 17:32:50.993 V/AudioPolicyManagerBase(   89): getDeviceForStrategy() from cache strategy 0, device 2
04-24 17:32:50.993 V/AudioPolicyManagerBase(   89): getNewDevice() selected device 2
04-24 17:32:50.993 D/AudioPolicyManagerBase(   89): setOutputDevice() output 1 device 2 delayMs 0
04-24 17:32:50.993 V/AudioPolicyManagerBase(   89): setOutputDevice() setting same device 2 or null device for output 1
04-24 17:32:50.993 E/AudioPolicyManagerBase(   89): checkAndSetVolume stream=1, index=0, output=1, device=2
04-24 17:32:50.993 E/AudioPolicyManagerBase(   89): computeVolume, streamDesc=0x11acbb8
04-24 17:32:51.253 V/AudioPolicyManagerBase(   89): stopOutput() output 1, stream 1, session 18
04-24 17:32:51.253 V/AudioPolicyManagerBase(   89): changeRefCount() stream 1, count 0
04-24 17:32:51.253 V/AudioPolicyManagerBase(   89): getNewDevice() selected device 0
04-24 17:32:51.253 D/AudioPolicyManagerBase(   89): setOutputDevice() output 1 device 0 delayMs 290
04-24 17:32:51.253 V/AudioPolicyManagerBase(   89): setOutputDevice() setting same device 0 or null device for output 1
04-24 17:32:51.333 V/AudioPolicyManagerBase(   89): startOutput() output 1, stream 1, session 18
04-24 17:32:51.333 V/AudioPolicyManagerBase(   89): changeRefCount() stream 1, count 1
04-24 17:32:51.333 V/AudioPolicyManagerBase(   89): getDeviceForStrategy() from cache strategy 0, device 2
04-24 17:32:51.333 V/AudioPolicyManagerBase(   89): getNewDevice() selected device 2
04-24 17:32:51.333 D/AudioPolicyManagerBase(   89): setOutputDevice() output 1 device 2 delayMs 0
04-24 17:32:51.333 V/AudioPolicyManagerBase(   89): setOutputDevice() setting same device 2 or null device for output 1
04-24 17:32:51.333 E/AudioPolicyManagerBase(   89): checkAndSetVolume stream=1, index=0, output=1, device=2
04-24 17:32:51.333 E/AudioPolicyManagerBase(   89): computeVolume, streamDesc=0x11acbb8
04-24 17:32:51.403 I/audio_hw_primary(   89): select_devices_signal starting...
04-24 17:32:51.403 I/audio_hw_primary(   89): select_devices_signal finished.
04-24 17:32:51.403 W/audio_hw_primary(   89): open s_tinycard in
04-24 17:32:51.403 W/audio_hw_primary(   89): open s_tinycard successfully
04-24 17:32:51.413 I/audio_hw_primary(   89): Changing devices: 0x00000002
04-24 17:32:51.413 I/audio_hw_primary(   89): Set 'HeadPhone Function'.0 to 0
04-24 17:32:51.413 I/audio_hw_primary(   89): Set 'Earpiece Function'.0 to 0
04-24 17:32:51.413 I/audio_hw_primary(   89): Set 'Mic Function'.0 to 0
04-24 17:32:51.413 I/audio_hw_primary(   89): Set 'HP Mic Function'.0 to 0
04-24 17:32:51.413 I/audio_hw_primary(   89): Set 'Line Function'.0 to 0
04-24 17:32:51.413 I/audio_hw_primary(   89): Changing devices, mask: 0x00004002
04-24 17:32:51.413 I/audio_hw_primary(   89): Set 'Speaker Function'.0 to 1
04-24 17:32:51.413 W/audio_hw_primary(   89): GetAudio_pga_nv, dac_pga_gain_l:0xc3 adc_pga_gain_l:0xc fm_pga_gain_l:0xff fm_pga_gain_r:0xff device:0x2 vol_level:0x1 
04-24 17:32:51.423 D/audio_pga(   89): 'speaker-l' apply
04-24 17:32:51.423 I/audio_pga(   89): 'Master Playback Volume' set to 12
04-24 17:32:51.553 I/audio_pga(   89): 'Inter PA Playback Volume' set to 12
04-24 17:32:51.553 I/audio_pga(   89): 'VBC DACL DG Set' set to 0
04-24 17:32:51.553 I/audio_pga(   89): 'VBC DACL DG Switch' set to 0
04-24 17:32:51.553 D/audio_pga(   89): 'speaker-r' apply
04-24 17:32:51.553 I/audio_pga(   89): 'Master Playback Volume' set to 12
04-24 17:32:51.553 I/audio_pga(   89): 'Inter PA Playback Volume' set to 12
04-24 17:32:51.553 I/audio_pga(   89): 'VBC DACR DG Set' set to 0
04-24 17:32:51.553 I/audio_pga(   89): 'VBC DACR DG Switch' set to 0
04-24 17:32:51.553 W/audio_hw_primary(   89): SetAudio_gain_by_devices out, devices:0x2 
04-24 17:32:51.553 I/audio_hw_primary(   89): stream_routing_thread looping done.
04-24 17:32:51.553 I/audio_hw_primary(   89): stream_routing_thread looping now...
04-24 17:32:52.013 I/Gecko   (   84): 1398385972020	Marionette	INFO	sendToClient: {"from":"0","value":null}, {bebd05ed-4b82-4419-8e09-c68f82b99062}, {bebd05ed-4b82-4419-8e09-c68f82b99062}
04-24 17:32:52.293 E/[Gralloc-ERROR](   84): int gralloc_register_buffer(const gralloc_module_t*, const native_handle_t*):79 Unable to register handle 0x44c715b0 coming from different process: 84
04-24 17:32:52.543 E/[Gralloc-ERROR](   84): int gralloc_register_buffer(const gralloc_module_t*, const native_handle_t*):79 Unable to register handle 0x4439c1a0 coming from different process: 84
04-24 17:32:57.853 I/GonkMemoryPressure( 3683): Checking to see if memory pressure is over.
04-24 17:32:57.853 I/GonkMemoryPressure( 3683): Memory pressure is over.
04-24 17:32:57.853 I/GonkMemoryPressure( 3588): Checking to see if memory pressure is over.
04-24 17:32:57.853 I/GonkMemoryPressure( 3588): Memory pressure is over.
04-24 17:32:57.853 I/GonkMemoryPressure(   84): Checking to see if memory pressure is over.
04-24 17:32:57.853 I/GonkMemoryPressure(   84): Memory pressure is over.
04-24 17:32:58.503 W/WifiHW  (   84): wifi_command: SIGNAL_POLL
04-24 17:32:58.873 I/Gonk    (   84): Setting nice for pid 3697 to 18
04-24 17:32:58.873 I/Gonk    (   84): Changed nice for pid 3697 from 0 to 18.
04-24 17:32:58.963 I/Gonk    (   84): Setting nice for pid 3588 to 7
04-24 17:32:58.963 I/Gonk    (   84): Changed nice for pid 3588 from 1 to 7.
04-24 17:32:59.103 E/[Gralloc-ERROR](   84): int gralloc_unregister_buffer(const gralloc_module_t*, const native_handle_t*):274 Trying to unregister buffer 0x4439c1a0 from process 84 that was not created in current process: 84
04-24 17:32:59.103 E/[Gralloc-ERROR](   84): int gralloc_unregister_buffer(const gralloc_module_t*, const native_handle_t*):274 Trying to unregister buffer 0x44c715b0 from process 84 that was not created in current process: 84
04-24 17:32:59.163 I/Gecko   (   84): 1398385979170	Marionette	DEBUG	Got request: switchToFrame, data: {"to":"0","sessionId":"3-b2g","name":"switchToFrame","parameters":{"id":null,"focus":true}}, id: {9a085863-fa17-4d8a-9432-7720faa7b26b}
04-24 17:32:59.293 I/Gecko   (   84): 1398385979301	Marionette	INFO	Switched to frame: {"frameValue":null}
04-24 17:32:59.363 I/Gecko   (   84): 
04-24 17:32:59.363 I/Gecko   (   84): ###!!! [Parent][MessageChannel] Error: Channel error: cannot send/recv
04-24 17:32:59.363 I/Gecko   (   84): 
04-24 17:32:59.433 I/Gecko   (   84): [Parent 84] WARNING: waitpid failed pid:3588 errno:10: file ../../../gecko/ipc/chromium/src/base/process_util_posix.cc, line 254
04-24 17:32:59.433 I/Gecko   (   84): 1398385979440	Marionette	INFO	sendToClient: {"from":"0","ok":true}, {9a085863-fa17-4d8a-9432-7720faa7b26b}, {9a085863-fa17-4d8a-9432-7720faa7b26b}
04-24 17:32:59.443 I/Gecko   (   84): 1398385979450	Marionette	DEBUG	Got request: executeWithCallback, data: {"to":"0","sessionId":"3-b2g","name":"executeAsyncScript","parameters":{"specialPowers":false,"scriptTimeout":null,"newSandbox":true,"args":[],"filename":"gaia_test.py","script":"return GaiaApps.displayedApp();","line":66}}, id: {7d2efe06-86db-403f-8e9b-d23b0fa36c40}
04-24 17:32:59.513 V/AudioPolicyManagerBase(   89): stopOutput() output 1, stream 1, session 18
04-24 17:32:59.533 V/AudioPolicyManagerBase(   89): changeRefCount() stream 1, count 0
04-24 17:32:59.533 V/AudioPolicyManagerBase(   89): getNewDevice() selected device 0
04-24 17:32:59.533 D/AudioPolicyManagerBase(   89): setOutputDevice() output 1 device 0 delayMs 290
04-24 17:32:59.533 V/AudioPolicyManagerBase(   89): setOutputDevice() setting same device 0 or null device for output 1
04-24 17:32:59.553 V/AudioPolicyManagerBase(   89): releaseOutput() 1
04-24 17:32:59.653 I/Gecko   (   84): 1398385979659	Marionette	INFO	sendToClient: {"from":"0","value":{"frame":{"ELEMENT":"{8100b125-2c55-45e2-9bfa-dc1372abe6ac}"},"src":"app://homescreen.gaiamobile.org/index.html#root","name":"Homescreen","origin":"app://homescreen.gaiamobile.org"}}, {7d2efe06-86db-403f-8e9b-d23b0fa36c40}, {7d2efe06-86db-403f-8e9b-d23b0fa36c40}
04-24 17:32:59.653 E/GeckoConsole(   84): Content JS LOG at dummy file:392 in GaiaApps.displayedApp: app with origin 'app://homescreen.gaiamobile.org' is displayed
04-24 17:32:59.663 I/Gecko   (   84): 1398385979669	Marionette	DEBUG	Got request: switchToFrame, data: {"to":"0","sessionId":"3-b2g","name":"switchToFrame","parameters":{"id":null,"focus":true}}, id: {465e9556-3f50-429c-afa1-b09a24c742f2}
04-24 17:32:59.663 I/Gecko   (   84): 1398385979673	Marionette	INFO	Switched to frame: {"frameValue":null}
04-24 17:32:59.773 I/Gecko   (   84): 1398385979779	Marionette	INFO	sendToClient: {"from":"0","ok":true}, {465e9556-3f50-429c-afa1-b09a24c742f2}, {465e9556-3f50-429c-afa1-b09a24c742f2}
04-24 17:32:59.773 I/Gecko   (   84): 1398385979784	Marionette	DEBUG	Got request: switchToFrame, data: {"to":"0","sessionId":"3-b2g","name":"switchToFrame","parameters":{"id":null,"focus":true}}, id: {6f1a7c01-755e-4273-99f4-af69d0644ddd}
04-24 17:32:59.773 I/Gecko   (   84): 1398385979786	Marionette	INFO	Switched to frame: {"frameValue":null}
04-24 17:32:59.893 I/Gecko   (   84): 1398385979897	Marionette	INFO	sendToClient: {"from":"0","ok":true}, {6f1a7c01-755e-4273-99f4-af69d0644ddd}, {6f1a7c01-755e-4273-99f4-af69d0644ddd}
04-24 17:32:59.893 I/Gecko   (   84): 1398385979904	Marionette	DEBUG	Got request: executeWithCallback, data: {"to":"0","sessionId":"3-b2g","name":"executeAsyncScript","parameters":{"specialPowers":false,"scriptTimeout":null,"newSandbox":true,"args":[],"filename":"gaia_test.py","script":"return GaiaApps.displayedApp();","line":66}}, id: {953c19ea-c34b-49cd-915b-b3ad4117599a}
04-24 17:32:59.943 E/GeckoConsole(   84): Content JS LOG at dummy file:392 in GaiaApps.displayedApp: app with origin 'app://homescreen.gaiamobile.org' is displayed
04-24 17:32:59.943 I/Gecko   (   84): 1398385979955	Marionette	INFO	sendToClient: {"from":"0","value":{"frame":{"ELEMENT":"{8100b125-2c55-45e2-9bfa-dc1372abe6ac}"},"src":"app://homescreen.gaiamobile.org/index.html#root","name":"Homescreen","origin":"app://homescreen.gaiamobile.org"}}, {953c19ea-c34b-49cd-915b-b3ad4117599a}, {953c19ea-c34b-49cd-915b-b3ad4117599a}
04-24 17:32:59.963 I/Gecko   (   84): 1398385979968	Marionette	DEBUG	Got request: switchToFrame, data: {"to":"0","sessionId":"3-b2g","name":"switchToFrame","parameters":{"focus":true,"element":"{8100b125-2c55-45e2-9bfa-dc1372abe6ac}"}}, id: {a8a6fddd-f565-4598-b6df-12e5e72aa513}
04-24 17:32:59.963 I/Gecko   (   84): 1398385979976	Marionette	INFO	Switched to frame: {"frameValue":"{8100b125-2c55-45e2-9bfa-dc1372abe6ac}"}
04-24 17:32:59.973 I/Gecko   (   84): 1398385979982	Marionette	INFO	trying remote frame 0
04-24 17:32:59.983 I/Gecko   (   84): 1398385979988	Marionette	INFO	trying remote frame 1
04-24 17:32:59.983 I/Gecko   (   84): 1398385979989	Marionette	INFO	trying remote frame 2
04-24 17:32:59.983 I/Gecko   (   84): 1398385979990	Marionette	INFO	trying remote frame 3
04-24 17:32:59.983 I/Gecko   (   84): 1398385979991	Marionette	INFO	trying remote frame 4
04-24 17:32:59.983 I/Gecko   (   84): 1398385979992	Marionette	INFO	trying remote frame 5
04-24 17:32:59.983 I/Gecko   (   84): 1398385979993	Marionette	INFO	trying remote frame 6
04-24 17:32:59.983 I/Gecko   (   84): 1398385979993	Marionette	INFO	deleting frame
04-24 17:33:00.003 I/Gecko   (   84): 1398385980014	Marionette	INFO	frame-manager load script: [object ChromeMessageSender]
04-24 17:33:00.283 I/Gecko   ( 3683): ###################################### forms.js loaded
04-24 17:33:00.303 I/Gecko   ( 3683): ############################### browserElementPanning.js loaded
04-24 17:33:00.323 I/Gecko   ( 3683): ######################## BrowserElementChildPreload.js loaded
04-24 17:33:01.433 I/Gecko   (   84): [Parent 84] WARNING: waitpid failed pid:3588 errno:10: file ../../../gecko/ipc/chromium/src/base/process_util_posix.cc, line 254
04-24 17:33:01.433 I/Gecko   (   84): [Parent 84] WARNING: Failed to deliver SIGKILL to 3588!(3).: file ../../../gecko/ipc/chromium/src/chrome/common/process_watcher_posix_sigchld.cc, line 118
04-24 17:33:01.513 I/Gecko   (   84): 1398385981524	Marionette	INFO	sendToClient: {"from":"0","ok":true}, {a8a6fddd-f565-4598-b6df-12e5e72aa513}, {a8a6fddd-f565-4598-b6df-12e5e72aa513}
04-24 17:33:01.763 I/Gecko   (   84): 1398385981769	Marionette	INFO	sendToClient: {"from":"0","value":"app://homescreen.gaiamobile.org/index.html#root"}, {460831e6-6cb9-42a1-9596-d6e53c9ebbe2}, {460831e6-6cb9-42a1-9596-d6e53c9ebbe2}
04-24 17:33:01.793 I/Gecko   (   84): 1398385981799	Marionette	DEBUG	Got request: switchToFrame, data: {"to":"0","sessionId":"3-b2g","name":"switchToFrame","parameters":{"id":null,"focus":true}}, id: {fb44401b-8935-4c8d-ac83-206764b6e600}
04-24 17:33:01.803 I/Gecko   (   84): 1398385981815	Marionette	INFO	Switched to frame: {"frameValue":null}
04-24 17:33:01.913 I/Gecko   (   84): 1398385981923	Marionette	INFO	sendToClient: {"from":"0","ok":true}, {fb44401b-8935-4c8d-ac83-206764b6e600}, {fb44401b-8935-4c8d-ac83-206764b6e600}
04-24 17:33:01.923 I/Gecko   (   84): 1398385981931	Marionette	DEBUG	Got request: switchToFrame, data: {"to":"0","sessionId":"3-b2g","name":"switchToFrame","parameters":{"id":null,"focus":true}}, id: {d4adbc73-9b61-4185-8bfb-d782467864bb}
04-24 17:33:01.933 I/Gecko   (   84): 1398385981939	Marionette	INFO	Switched to frame: {"frameValue":null}
04-24 17:33:02.033 I/Gecko   (   84): 1398385982041	Marionette	INFO	sendToClient: {"from":"0","ok":true}, {d4adbc73-9b61-4185-8bfb-d782467864bb}, {d4adbc73-9b61-4185-8bfb-d782467864bb}
04-24 17:33:02.043 I/Gecko   (   84): 1398385982047	Marionette	DEBUG	Got request: executeWithCallback, data: {"to":"0","sessionId":"3-b2g","name":"executeAsyncScript","parameters":{"specialPowers":false,"scriptTimeout":null,"newSandbox":true,"args":[],"filename":"gaia_test.py","script":"GaiaApps.killAll()","line":91}}, id: {44d60bda-c265-4a89-97c6-3e1377440430}
04-24 17:33:02.093 I/Gecko   (   84): 1398385982099	Marionette	INFO	sendToClient: {"from":"0","value":true}, {44d60bda-c265-4a89-97c6-3e1377440430}, {44d60bda-c265-4a89-97c6-3e1377440430}
04-24 17:33:02.093 I/Gecko   (   84): 1398385982104	Marionette	DEBUG	Got request: switchToFrame, data: {"to":"0","sessionId":"3-b2g","name":"switchToFrame","parameters":{"id":null,"focus":true}}, id: {21ac9c38-3713-4063-8526-81d096f859dc}
04-24 17:33:02.103 I/Gecko   (   84): 1398385982108	Marionette	INFO	Switched to frame: {"frameValue":null}
