--------- beginning of /dev/log/main
04-24 21:43:12.378 I/Gecko   (   84): 1398400992392	Marionette	INFO	sendToClient: {"from":"0","ok":true}, {295d0bfd-4d31-4f50-a628-d5b1098e9dad}, {295d0bfd-4d31-4f50-a628-d5b1098e9dad}
04-24 21:43:12.408 I/Gecko   (   84): 1398400992425	Marionette	DEBUG	Got request: switchToFrame, data: {"to":"0","sessionId":"3-b2g","name":"switchToFrame","parameters":{"id":null,"focus":true}}, id: {33017a83-e34f-45d3-8caa-f46b8a3e9d6e}
04-24 21:43:12.418 I/Gecko   (   84): 1398400992429	Marionette	INFO	Switched to frame: {"frameValue":null}
04-24 21:43:12.528 I/Gecko   (   84): 1398400992540	Marionette	INFO	sendToClient: {"from":"0","ok":true}, {33017a83-e34f-45d3-8caa-f46b8a3e9d6e}, {33017a83-e34f-45d3-8caa-f46b8a3e9d6e}
04-24 21:43:12.528 I/Gecko   (   84): 1398400992546	Marionette	DEBUG	Got request: executeWithCallback, data: {"to":"0","sessionId":"3-b2g","name":"executeAsyncScript","parameters":{"specialPowers":false,"scriptTimeout":null,"newSandbox":true,"args":[],"filename":"gaia_test.py","script":"return GaiaApps.displayedApp();","line":66}}, id: {4405fc5c-9e67-4448-843a-60da38fad4b7}
04-24 21:43:12.578 E/GeckoConsole( 1052): Content JS ERROR at app://homescreen.gaiamobile.org/gaia_build_defer_index.js:390 in loadSVConfFileError: Failed parsing singleVariant configuration file [js/singlevariantconf.json]:  [Exception... "File error: Not found"  nsresult: "0x80520012 (NS_ERROR_FILE_NOT_FOUND)"  location: "JS frame :: app://homescreen.gaiamobile.org/gaia_build_defer_index.js :: loadFile :: line 382"  data: no]
04-24 21:43:12.618 E/GeckoConsole(   84): Content JS LOG at dummy file:392 in GaiaApps.displayedApp: app with origin 'app://homescreen.gaiamobile.org' is displayed
04-24 21:43:12.628 I/Gecko   (   84): 1398400992638	Marionette	INFO	sendToClient: {"from":"0","value":{"frame":{"ELEMENT":"{591c7cc9-c25c-48d8-b69a-b8bc9560fcd5}"},"src":"app://homescreen.gaiamobile.org/index.html#root","name":"Homescreen","origin":"app://homescreen.gaiamobile.org"}}, {4405fc5c-9e67-4448-843a-60da38fad4b7}, {4405fc5c-9e67-4448-843a-60da38fad4b7}
04-24 21:43:12.638 I/Gecko   (   84): 1398400992656	Marionette	DEBUG	Got request: switchToFrame, data: {"to":"0","sessionId":"3-b2g","name":"switchToFrame","parameters":{"id":null,"focus":true}}, id: {eb2b8450-872a-4179-b001-43a713001d18}
04-24 21:43:12.648 I/Gecko   (   84): 1398400992659	Marionette	INFO	Switched to frame: {"frameValue":null}
04-24 21:43:12.748 I/Gecko   (   84): 1398400992762	Marionette	INFO	sendToClient: {"from":"0","ok":true}, {eb2b8450-872a-4179-b001-43a713001d18}, {eb2b8450-872a-4179-b001-43a713001d18}
04-24 21:43:12.748 I/Gecko   (   84): 1398400992767	Marionette	DEBUG	Got request: switchToFrame, data: {"to":"0","sessionId":"3-b2g","name":"switchToFrame","parameters":{"id":null,"focus":true}}, id: {14534484-c052-41cb-9918-922cbf774e9f}
04-24 21:43:12.758 I/Gecko   (   84): 1398400992770	Marionette	INFO	Switched to frame: {"frameValue":null}
04-24 21:43:12.858 I/Gecko   (   84): 1398400992872	Marionette	INFO	sendToClient: {"from":"0","ok":true}, {14534484-c052-41cb-9918-922cbf774e9f}, {14534484-c052-41cb-9918-922cbf774e9f}
04-24 21:43:12.868 I/Gecko   (   84): 1398400992878	Marionette	DEBUG	Got request: executeWithCallback, data: {"to":"0","sessionId":"3-b2g","name":"executeAsyncScript","parameters":{"specialPowers":false,"scriptTimeout":null,"newSandbox":true,"args":[],"filename":"gaia_test.py","script":"return GaiaApps.displayedApp();","line":66}}, id: {af6d60d1-361a-4cee-aed3-6cd8599b978a}
04-24 21:43:12.958 E/GeckoConsole(   84): Content JS LOG at dummy file:392 in GaiaApps.displayedApp: app with origin 'app://homescreen.gaiamobile.org' is displayed
04-24 21:43:12.958 I/Gecko   (   84): 1398400992976	Marionette	INFO	sendToClient: {"from":"0","value":{"frame":{"ELEMENT":"{591c7cc9-c25c-48d8-b69a-b8bc9560fcd5}"},"src":"app://homescreen.gaiamobile.org/index.html#root","name":"Homescreen","origin":"app://homescreen.gaiamobile.org"}}, {af6d60d1-361a-4cee-aed3-6cd8599b978a}, {af6d60d1-361a-4cee-aed3-6cd8599b978a}
04-24 21:43:12.978 I/Gecko   (   84): 1398400992993	Marionette	DEBUG	Got request: switchToFrame, data: {"to":"0","sessionId":"3-b2g","name":"switchToFrame","parameters":{"focus":true,"element":"{591c7cc9-c25c-48d8-b69a-b8bc9560fcd5}"}}, id: {52e17688-c1b7-4713-8797-73621817f252}
04-24 21:43:13.028 I/Gecko   (   84): 1398400993041	Marionette	INFO	Switched to frame: {"frameValue":"{591c7cc9-c25c-48d8-b69a-b8bc9560fcd5}"}
04-24 21:43:13.068 I/Gecko   (   84): 1398400993081	Marionette	INFO	trying remote frame 0
04-24 21:43:13.078 I/Gecko   (   84): 1398400993089	Marionette	INFO	deleting frame
04-24 21:43:13.078 I/Gecko   (   84): 1398400993094	Marionette	INFO	frame-manager load script: [object ChromeMessageSender]
04-24 21:43:13.618 I/Gecko   (   84): 1398400993629	Marionette	INFO	sendToClient: {"from":"0","ok":true}, {52e17688-c1b7-4713-8797-73621817f252}, {52e17688-c1b7-4713-8797-73621817f252}
04-24 21:43:13.758 I/Gecko   (   84): 1398400993776	Marionette	INFO	sendToClient: {"from":"0","value":{"ELEMENT":"{5ccadb9f-849f-446b-a36b-8898e4cc511e}"}}, {179ee145-7d9f-43d1-bf5e-61ecb86e31e6}, {179ee145-7d9f-43d1-bf5e-61ecb86e31e6}
04-24 21:43:13.968 V/AudioPolicyManagerBase(   89): startOutput() output 1, stream 1, session 3
04-24 21:43:13.968 V/AudioPolicyManagerBase(   89): changeRefCount() stream 1, count 1
04-24 21:43:13.968 V/AudioPolicyManagerBase(   89): getDeviceForStrategy() from cache strategy 0, device 2
04-24 21:43:13.968 V/AudioPolicyManagerBase(   89): getNewDevice() selected device 2
04-24 21:43:13.968 D/AudioPolicyManagerBase(   89): setOutputDevice() output 1 device 2 delayMs 0
04-24 21:43:13.968 V/AudioPolicyManagerBase(   89): setOutputDevice() setting same device 2 or null device for output 1
04-24 21:43:13.968 E/AudioPolicyManagerBase(   89): checkAndSetVolume stream=1, index=0, output=1, device=2
04-24 21:43:13.968 E/AudioPolicyManagerBase(   89): computeVolume, streamDesc=0x6a4bb8
04-24 21:43:13.988 W/AudioFlinger(   89): Thread AudioOut_1 cannot connect to the power manager service
04-24 21:43:13.988 V/AudioPolicyManagerBase(   89): stopOutput() output 1, stream 1, session 3
04-24 21:43:13.988 V/AudioPolicyManagerBase(   89): changeRefCount() stream 1, count 0
04-24 21:43:13.988 V/AudioPolicyManagerBase(   89): getNewDevice() selected device 0
04-24 21:43:13.988 D/AudioPolicyManagerBase(   89): setOutputDevice() output 1 device 0 delayMs 290
04-24 21:43:13.988 V/AudioPolicyManagerBase(   89): setOutputDevice() setting same device 0 or null device for output 1
04-24 21:43:13.988 V/AudioPolicyManagerBase(   89): releaseOutput() 1
04-24 21:43:14.178 E/GeckoConsole( 1052): [JavaScript Warning: "Use of getAttributeNode() is deprecated. Use getAttribute() instead." {file: "chrome://marionette/content/atoms.js" line: 25}]
04-24 21:43:14.178 E/GeckoConsole( 1052): [JavaScript Warning: "Use of attributes' specified attribute is deprecated. It always returns true." {file: "chrome://marionette/content/atoms.js" line: 25}]
04-24 21:43:14.178 I/Gecko   (   84): 1398400994195	Marionette	INFO	sendToClient: {"from":"0","value":"normal"}, {9bde6ef8-cc0d-4ac1-ab5b-d8d8416cdad3}, {9bde6ef8-cc0d-4ac1-ab5b-d8d8416cdad3}
04-24 21:43:14.188 I/Gecko   (   84): 1398400994202	Marionette	DEBUG	Got request: switchToFrame, data: {"to":"0","sessionId":"3-b2g","name":"switchToFrame","parameters":{"id":null,"focus":true}}, id: {8de6d81a-789d-4d59-88c7-c4e1b0e56c6a}
04-24 21:43:14.198 I/Gecko   (   84): 1398400994211	Marionette	INFO	Switched to frame: {"frameValue":null}
04-24 21:43:14.318 I/Gecko   (   84): 1398400994335	Marionette	INFO	sendToClient: {"from":"0","ok":true}, {8de6d81a-789d-4d59-88c7-c4e1b0e56c6a}, {8de6d81a-789d-4d59-88c7-c4e1b0e56c6a}
04-24 21:43:14.328 I/Gecko   (   84): 1398400994342	Marionette	DEBUG	Got request: execute, data: {"to":"0","sessionId":"3-b2g","name":"executeScript","parameters":{"specialPowers":false,"scriptTimeout":null,"newSandbox":true,"args":[],"filename":"gaia_test.py","script":"window.wrappedJSObject.dispatchEvent(new Event('home'));","line":788}}, id: {f2da1000-1bd4-4574-8ddd-1fa176cdb21e}
04-24 21:43:14.388 I/Gecko   (   84): 1398400994406	Marionette	INFO	sendToClient: {"from":"0","value":null}, {f2da1000-1bd4-4574-8ddd-1fa176cdb21e}, {f2da1000-1bd4-4574-8ddd-1fa176cdb21e}
04-24 21:43:14.398 I/Gecko   (   84): 1398400994412	Marionette	DEBUG	Got request: switchToFrame, data: {"to":"0","sessionId":"3-b2g","name":"switchToFrame","parameters":{"id":null,"focus":true}}, id: {48f9d5da-df30-4232-a6f4-975c0c88af14}
04-24 21:43:14.408 I/Gecko   (   84): 1398400994419	Marionette	INFO	Switched to frame: {"frameValue":null}
04-24 21:43:14.428 W/WifiHW  (   84): wifi_command: SIGNAL_POLL
04-24 21:43:14.508 I/Gecko   (   84): 1398400994522	Marionette	INFO	sendToClient: {"from":"0","ok":true}, {48f9d5da-df30-4232-a6f4-975c0c88af14}, {48f9d5da-df30-4232-a6f4-975c0c88af14}
04-24 21:43:14.518 I/Gecko   (   84): 1398400994529	Marionette	DEBUG	Got request: switchToFrame, data: {"to":"0","sessionId":"3-b2g","name":"switchToFrame","parameters":{"id":null,"focus":true}}, id: {5023fdd7-26b9-41c6-8533-7a8443e5bdf2}
04-24 21:43:14.518 I/Gecko   (   84): 1398400994530	Marionette	INFO	Switched to frame: {"frameValue":null}
04-24 21:43:14.628 I/Gecko   (   84): 1398400994643	Marionette	INFO	sendToClient: {"from":"0","ok":true}, {5023fdd7-26b9-41c6-8533-7a8443e5bdf2}, {5023fdd7-26b9-41c6-8533-7a8443e5bdf2}
04-24 21:43:14.638 I/Gecko   (   84): 1398400994650	Marionette	DEBUG	Got request: executeWithCallback, data: {"to":"0","sessionId":"3-b2g","name":"executeAsyncScript","parameters":{"specialPowers":false,"scriptTimeout":null,"newSandbox":true,"args":[],"filename":"gaia_test.py","script":"return GaiaApps.displayedApp();","line":66}}, id: {0cff6836-4429-4ae7-8160-c4bc63b2f4ef}
04-24 21:43:14.718 E/GeckoConsole(   84): Content JS LOG at dummy file:392 in GaiaApps.displayedApp: app with origin 'app://homescreen.gaiamobile.org' is displayed
04-24 21:43:14.728 I/Gecko   (   84): 1398400994738	Marionette	INFO	sendToClient: {"from":"0","value":{"frame":{"ELEMENT":"{591c7cc9-c25c-48d8-b69a-b8bc9560fcd5}"},"src":"app://homescreen.gaiamobile.org/index.html#rootThu%20Apr%2024%202014%2021:43:14%20GMT-0700%20(UTC)","name":"Homescreen","origin":"app://homescreen.gaiamobile.org"}}, {0cff6836-4429-4ae7-8160-c4bc63b2f4ef}, {0cff6836-4429-4ae7-8160-c4bc63b2f4ef}
04-24 21:43:14.728 I/Gecko   (   84): 1398400994744	Marionette	DEBUG	Got request: switchToFrame, data: {"to":"0","sessionId":"3-b2g","name":"switchToFrame","parameters":{"focus":true,"element":"{591c7cc9-c25c-48d8-b69a-b8bc9560fcd5}"}}, id: {bbe3d393-3107-4c67-9160-2e03b656d99c}
04-24 21:43:14.748 I/Gecko   (   84): 1398400994758	Marionette	INFO	Switched to frame: {"frameValue":"{591c7cc9-c25c-48d8-b69a-b8bc9560fcd5}"}
04-24 21:43:14.748 I/Gecko   (   84): 1398400994760	Marionette	INFO	trying remote frame 0
04-24 21:43:15.018 I/Gecko   (   84): 1398400995032	Marionette	INFO	sendToClient: {"from":"0","ok":true}, {bbe3d393-3107-4c67-9160-2e03b656d99c}, {bbe3d393-3107-4c67-9160-2e03b656d99c}
04-24 21:43:15.028 I/Gecko   (   84): 1398400995039	Marionette	DEBUG	Got request: execute, data: {"to":"0","sessionId":"3-b2g","name":"executeScript","parameters":{"specialPowers":false,"scriptTimeout":null,"newSandbox":true,"args":[],"filename":"gaia_test.py","script":"return window.wrappedJSObject.GridManager.pageHelper.getCurrentPageNumber();","line":784}}, id: {d8fd3f3d-9f76-4867-98cd-2f6ff83e4d2c}
04-24 21:43:15.228 I/Gecko   (   84): 1398400995239	Marionette	INFO	sendToClient: {"from":"0","value":0}, {d8fd3f3d-9f76-4867-98cd-2f6ff83e4d2c}, {d8fd3f3d-9f76-4867-98cd-2f6ff83e4d2c}
04-24 21:43:16.228 I/Gecko   (   84): 1398400996245	Marionette	INFO	sendToClient: {"from":"0","value":["{d4ea83a3-dad1-4aa0-b36d-72d4dd2bd919}","{15fd885e-d03c-463c-9eba-db2ab1f300b2}","{a9b68381-4368-4450-af6e-a774838522ac}","{3662faea-2341-4c57-b382-d15f2fc5ac9a}","{abd8832c-30d7-4364-9646-99727140ae37}","{bc64740a-63b2-4018-ac97-a4958aa1bb88}","{a456c1e6-ceaa-4272-9c97-5798d25fd169}","{c54f32fb-3cf3-475e-bb4b-0f5526559b33}","{ee3b2c0a-8bdc-4293-b748-a5ff11db03c0}","{3eadb6c2-abe2-4677-bdfc-818ccfd07683}","{3331b7b5-ca65-4c95-8da8-8600f9c6c00d}","{41ce67d6-88a0-440a-9ae7-655908714064}","{d63c864a-0ee7-446a-87f7-de390a99cffc}","{095dcf0e-876c-4dfb-ba43-65cddf5b79bd}","{1a93922e-50ab-4afd-a866-97f74c4f63a6}","{bfc4de5a-a9c9-450c-bb46-9ba72e2975d2}","{c79fbec9-c3a8-4c37-a7ab-082fb0f9ecf2}","{6c3fe249-56f0-4318-8b28-d2f31ef204a2}","{749badfb-3b81-4c1a-9179-f6de963c4269}","{70f4d05c-cdcd-4f8f-bbfb-8075ef826bda}","{d3defffc-c34b-45cb-a168-c6ab672860ef}","{1a67abb8-e199-41cd-b1ea-d477b75450eb}","{7d874dd9-524f-4f71-8f3a-035a94ec241e}","{03c10700-1bcd
04-24 21:43:16.398 E/GeckoConsole( 1052): Content JS WARN at app://homescreen.gaiamobile.org/gaia_build_defer_index.js:184 in isHiddenApp: Unexpected role when checking hidden app: undefined
04-24 21:43:16.398 E/GeckoConsole( 1052): Content JS WARN at app://homescreen.gaiamobile.org/gaia_build_defer_index.js:184 in isHiddenApp: Unexpected role when checking hidden app: undefined
04-24 21:43:16.398 E/GeckoConsole( 1052): Content JS WARN at app://homescreen.gaiamobile.org/gaia_build_defer_index.js:184 in isHiddenApp: Unexpected role when checking hidden app: undefined
04-24 21:43:16.398 E/GeckoConsole( 1052): Content JS WARN at app://homescreen.gaiamobile.org/gaia_build_defer_index.js:184 in isHiddenApp: Unexpected role when checking hidden app: undefined
04-24 21:43:16.408 E/GeckoConsole( 1052): Content JS WARN at app://homescreen.gaiamobile.org/gaia_build_defer_index.js:184 in isHiddenApp: Unexpected role when checking hidden app: undefined
04-24 21:43:16.408 E/GeckoConsole( 1052): Content JS WARN at app://homescreen.gaiamobile.org/gaia_build_defer_index.js:184 in isHiddenApp: Unexpected role when checking hidden app: undefined
04-24 21:43:16.408 E/GeckoConsole( 1052): Content JS WARN at app://homescreen.gaiamobile.org/gaia_build_defer_index.js:184 in isHiddenApp: Unexpected role when checking hidden app: undefined
04-24 21:43:16.408 E/GeckoConsole( 1052): Content JS WARN at app://homescreen.gaiamobile.org/gaia_build_defer_index.js:184 in isHiddenApp: Unexpected role when checking hidden app: undefined
04-24 21:43:16.408 E/GeckoConsole( 1052): Content JS WARN at app://homescreen.gaiamobile.org/gaia_build_defer_index.js:184 in isHiddenApp: Unexpected role when checking hidden app: undefined
04-24 21:43:16.408 E/GeckoConsole( 1052): Content JS WARN at app://homescreen.gaiamobile.org/gaia_build_defer_index.js:184 in isHiddenApp: Unexpected role when checking hidden app: undefined
04-24 21:43:16.428 E/GeckoConsole( 1052): Content JS WARN at app://homescreen.gaiamobile.org/gaia_build_defer_index.js:184 in isHiddenApp: Unexpected role when checking hidden app: undefined
04-24 21:43:16.428 E/GeckoConsole( 1052): Content JS WARN at app://homescreen.gaiamobile.org/gaia_build_defer_index.js:184 in isHiddenApp: Unexpected role when checking hidden app: undefined
04-24 21:43:16.438 E/GeckoConsole( 1052): Content JS WARN at app://homescreen.gaiamobile.org/gaia_build_defer_index.js:184 in isHiddenApp: Unexpected role when checking hidden app: undefined
04-24 21:43:16.438 E/GeckoConsole( 1052): Content JS WARN at app://homescreen.gaiamobile.org/gaia_build_defer_index.js:184 in isHiddenApp: Unexpected role when checking hidden app: undefined
04-24 21:43:16.438 E/GeckoConsole( 1052): Content JS WARN at app://homescreen.gaiamobile.org/gaia_build_defer_index.js:184 in isHiddenApp: Unexpected role when checking hidden app: undefined
04-24 21:43:16.438 E/GeckoConsole( 1052): Content JS WARN at app://homescreen.gaiamobile.org/gaia_build_defer_index.js:184 in isHiddenApp: Unexpected role when checking hidden app: undefined
04-24 21:43:16.438 E/GeckoConsole( 1052): Content JS WARN at app://homescreen.gaiamobile.org/gaia_build_defer_index.js:184 in isHiddenApp: Unexpected role when checking hidden app: undefined
04-24 21:43:16.438 E/GeckoConsole( 1052): Content JS WARN at app://homescreen.gaiamobile.org/gaia_build_defer_index.js:184 in isHiddenApp: Unexpected role when checking hidden app: undefined
04-24 21:43:16.438 E/GeckoConsole( 1052): Content JS WARN at app://homescreen.gaiamobile.org/gaia_build_defer_index.js:184 in isHiddenApp: Unexpected role when checking hidden app: undefined
04-24 21:43:16.438 E/GeckoConsole( 1052): Content JS WARN at app://homescreen.gaiamobile.org/gaia_build_defer_index.js:184 in isHiddenApp: Unexpected role when checking hidden app: undefined
04-24 21:43:16.438 E/GeckoConsole( 1052): Content JS WARN at app://homescreen.gaiamobile.org/gaia_build_defer_index.js:184 in isHiddenApp: Unexpected role when checking hidden app: undefined
04-24 21:43:16.448 E/GeckoConsole( 1052): Content JS WARN at app://homescreen.gaiamobile.org/gaia_build_defer_index.js:184 in isHiddenApp: Unexpected role when checking hidden app: undefined
04-24 21:43:16.538 I/Gecko   (   84): 1398400996552	Marionette	INFO	sendToClient: {"from":"0","value":"app://homescreen.gaiamobile.org/index.html#rootThu%20Apr%2024%202014%2021:43:14%20GMT-0700%20(UTC)"}, {66a22954-e0d5-4574-aa0b-74d22aadc7bd}, {66a22954-e0d5-4574-aa0b-74d22aadc7bd}
04-24 21:43:16.548 I/Gecko   (   84): 1398400996558	Marionette	DEBUG	Got request: switchToFrame, data: {"to":"0","sessionId":"3-b2g","name":"switchToFrame","parameters":{"id":null,"focus":true}}, id: {d0459603-64ac-4ee8-85f5-858d4b90d64e}
04-24 21:43:16.548 I/Gecko   (   84): 1398400996566	Marionette	INFO	Switched to frame: {"frameValue":null}
04-24 21:43:16.658 I/Gecko   (   84): 1398400996669	Marionette	INFO	sendToClient: {"from":"0","ok":true}, {d0459603-64ac-4ee8-85f5-858d4b90d64e}, {d0459603-64ac-4ee8-85f5-858d4b90d64e}
04-24 21:43:16.658 I/Gecko   (   84): 1398400996675	Marionette	DEBUG	Got request: switchToFrame, data: {"to":"0","sessionId":"3-b2g","name":"switchToFrame","parameters":{"id":null,"focus":true}}, id: {88856744-efc7-40cd-8b05-2a5d9065eb48}
04-24 21:43:16.688 I/Gecko   (   84): 1398400996698	Marionette	INFO	Switched to frame: {"frameValue":null}
04-24 21:43:16.798 I/Gecko   (   84): 1398400996810	Marionette	INFO	sendToClient: {"from":"0","ok":true}, {88856744-efc7-40cd-8b05-2a5d9065eb48}, {88856744-efc7-40cd-8b05-2a5d9065eb48}
04-24 21:43:16.798 I/Gecko   (   84): 1398400996816	Marionette	DEBUG	Got request: executeWithCallback, data: {"to":"0","sessionId":"3-b2g","name":"executeAsyncScript","parameters":{"specialPowers":false,"scriptTimeout":30000,"newSandbox":true,"args":[],"filename":"app_checker.py","script":"GaiaApps.launchWithManifestURL('https://marketplace.firefox.com/app/ec490552-a7d4-4507-9681-ad213d697c42/manifest.webapp')","line":106}}, id: {80416ac9-602b-470d-a35f-a77e17cd5c48}
04-24 21:43:16.928 E/GeckoConsole(   84): Content JS LOG at dummy file:334 in GaiaApps.launch: launching app with name 'Flamita'
04-24 21:43:17.118 I/Gonk    (   84): Setting nice for pid 1062 to 18
04-24 21:43:17.118 I/Gonk    (   84): Changed nice for pid 1062 from 18 to 18.
04-24 21:43:17.118 I/Gecko   (   84): [Parent 84] WARNING: waitpid failed pid:1062 errno:10: file ../../../gecko/ipc/chromium/src/base/process_util_posix.cc, line 254
04-24 21:43:17.118 I/Gonk    (   84): Setting nice for pid 1062 to 1
04-24 21:43:17.118 I/Gonk    (   84): Changed nice for pid 1062 from 18 to 1.
04-24 21:43:17.278 E/[Gralloc-ERROR](   84): int gralloc_register_buffer(const gralloc_module_t*, const native_handle_t*):79 Unable to register handle 0x49bf2330 coming from different process: 84
04-24 21:43:17.278 E/[Gralloc-ERROR](   84): int gralloc_register_buffer(const gralloc_module_t*, const native_handle_t*):79 Unable to register handle 0x49bf2470 coming from different process: 84
04-24 21:43:17.298 E/[Gralloc-ERROR](   84): int gralloc_register_buffer(const gralloc_module_t*, const native_handle_t*):79 Unable to register handle 0x49bf2510 coming from different process: 84
04-24 21:43:17.298 E/[Gralloc-ERROR](   84): int gralloc_register_buffer(const gralloc_module_t*, const native_handle_t*):79 Unable to register handle 0x49bf25b0 coming from different process: 84
04-24 21:43:18.738 D/Sensors (   84): activate handle=0; drv=0
04-24 21:43:18.768 D/Sensors (   84): Lis3dhSensor: Control set 1
04-24 21:43:18.768 D/Sensors (   84): Lis3dhSensor: mEnabled = 1
04-24 21:43:18.858 I/Gonk    (   84): Setting nice for pid 1052 to 18
04-24 21:43:18.868 I/Gonk    (   84): Changed nice for pid 1052 from 1 to 18.
04-24 21:43:18.978 I/Gonk    (   84): Setting nice for pid 1112 to 18
04-24 21:43:18.978 I/Gonk    (   84): Changed nice for pid 1112 from 0 to 18.
04-24 21:43:19.448 W/WifiHW  (   84): wifi_command: SIGNAL_POLL
04-24 21:43:19.668 I/Gecko   (   84): [Parent 84] WARNING: pipe error (118): Connection reset by peer: file ../../../gecko/ipc/chromium/src/chrome/common/ipc_channel_posix.cc, line 446
04-24 21:43:19.708 I/Gecko   ( 1062): ###################################### forms.js loaded
04-24 21:43:19.708 I/Gecko   (   84): 
04-24 21:43:19.708 I/Gecko   (   84): ###!!! [Parent][MessageChannel] Error: Channel error: cannot send/recv
04-24 21:43:19.708 I/Gecko   (   84): 
04-24 21:43:19.758 I/Gecko   ( 1062): ############################### browserElementPanning.js loaded
04-24 21:43:19.768 I/Gecko   (   84): [Parent 84] WARNING: waitpid failed pid:1052 errno:10: file ../../../gecko/ipc/chromium/src/base/process_util_posix.cc, line 254
04-24 21:43:19.808 I/Gecko   ( 1062): ######################## BrowserElementChildPreload.js loaded
04-24 21:43:21.768 I/Gecko   (   84): [Parent 84] WARNING: waitpid failed pid:1052 errno:10: file ../../../gecko/ipc/chromium/src/base/process_util_posix.cc, line 254
04-24 21:43:21.768 I/Gecko   (   84): [Parent 84] WARNING: Failed to deliver SIGKILL to 1052!(3).: file ../../../gecko/ipc/chromium/src/chrome/common/process_watcher_posix_sigchld.cc, line 118
04-24 21:43:23.058 E/GeckoConsole( 1062): [JavaScript Warning: "Unknown property 'box-sizing'.  Declaration dropped." {file: "app://{bde1c19c-f7de-4534-a0e0-3ce611d191e4}/index.html" line: 0 column: 10 source: "box-sizing:border-box;-moz-box-sizing:border-box;-webkit-box-sizing:border-box;padding:1px;border:1px;display:block;width:4px;margin-top:1%;position:absolute;top:1%;"}]
04-24 21:43:23.488 I/Gecko   ( 1062): Attempting load of libEGL.so
04-24 21:43:23.608 D/libEGL  ( 1062): loaded /system/lib/egl/libEGL_mali.so
04-24 21:43:23.648 D/libEGL  ( 1062): loaded /system/lib/egl/libGLESv1_CM_mali.so
04-24 21:43:23.648 D/libEGL  ( 1062): loaded /system/lib/egl/libGLESv2_mali.so
04-24 21:43:23.748 I/Gecko   ( 1062): SharedSurface_Gralloc::Create -------
04-24 21:43:23.798 I/Gecko   ( 1062): SharedSurface_Gralloc::Create: success -- surface 0x440a6d80, GraphicBuffer 0x435fba00.
04-24 21:43:24.488 W/WifiHW  (   84): wifi_command: SIGNAL_POLL
04-24 21:43:24.538 I/Gecko   ( 1062): SharedSurface_Gralloc::Create -------
04-24 21:43:24.588 I/Gecko   ( 1062): SharedSurface_Gralloc::Create: success -- surface 0x442e53c0, GraphicBuffer 0x43f0fd80.
04-24 21:43:24.848 I/Gonk    (   84): Setting nice for pid 1112 to 18
04-24 21:43:24.848 I/Gonk    (   84): Changed nice for pid 1112 from 18 to 18.
04-24 21:43:24.858 I/Gecko   (   84): [Parent 84] WARNING: waitpid failed pid:1112 errno:10: file ../../../gecko/ipc/chromium/src/base/process_util_posix.cc, line 254
04-24 21:43:24.868 I/Gonk    (   84): Setting nice for pid 1112 to 1
04-24 21:43:24.868 I/Gonk    (   84): Changed nice for pid 1112 from 18 to 1.
04-24 21:43:24.908 I/Gonk    (   84): Setting nice for pid 1112 to 18
04-24 21:43:24.908 I/Gonk    (   84): Changed nice for pid 1112 from 1 to 18.
04-24 21:43:25.398 I/Gecko   (   84): [Parent 84] WARNING: pipe error (150): Connection reset by peer: file ../../../gecko/ipc/chromium/src/chrome/common/ipc_channel_posix.cc, line 446
04-24 21:43:25.408 I/Gecko   (   84): 
04-24 21:43:25.408 I/Gecko   (   84): ###!!! [Parent][MessageChannel] Error: Channel error: cannot send/recv
04-24 21:43:25.408 I/Gecko   (   84): 
04-24 21:43:25.408 I/Gecko   (   84): [Parent 84] WARNING: FileDescriptorSet destroyed with unconsumed descriptors: file ../../../gecko/ipc/chromium/src/chrome/common/file_descriptor_set_posix.cc, line 20
04-24 21:43:25.438 E/GeckoConsole(   84): Content JS LOG at dummy file:326 in GaiaApps.launch/appOpen/<: app with origin 'app://{bde1c19c-f7de-4534-a0e0-3ce611d191e4}' has launched
04-24 21:43:25.448 I/Gecko   (   84): 1398401005458	Marionette	INFO	sendToClient: {"from":"0","value":{"frame":{"ELEMENT":"{c9ec5c5d-4225-4f7e-bd85-d20203c5b4fe}"},"src":"app://{bde1c19c-f7de-4534-a0e0-3ce611d191e4}/index.html","name":"Flamita","origin":"app://{bde1c19c-f7de-4534-a0e0-3ce611d191e4}"}}, {80416ac9-602b-470d-a35f-a77e17cd5c48}, {80416ac9-602b-470d-a35f-a77e17cd5c48}
04-24 21:43:25.448 I/Gecko   (   84): 
04-24 21:43:25.448 I/Gecko   (   84): ###!!! [Parent][MessageChannel] Error: Channel error: cannot send/recv
04-24 21:43:25.448 I/Gecko   (   84): 
04-24 21:43:25.528 E/[Gralloc-ERROR](   84): int gralloc_unregister_buffer(const gralloc_module_t*, const native_handle_t*):274 Trying to unregister buffer 0x49bf2470 from process 84 that was not created in current process: 84
04-24 21:43:25.528 E/[Gralloc-ERROR](   84): int gralloc_unregister_buffer(const gralloc_module_t*, const native_handle_t*):274 Trying to unregister buffer 0x49bf2330 from process 84 that was not created in current process: 84
04-24 21:43:25.528 E/[Gralloc-ERROR](   84): int gralloc_unregister_buffer(const gralloc_module_t*, const native_handle_t*):274 Trying to unregister buffer 0x49bf25b0 from process 84 that was not created in current process: 84
04-24 21:43:25.528 E/[Gralloc-ERROR](   84): int gralloc_unregister_buffer(const gralloc_module_t*, const native_handle_t*):274 Trying to unregister buffer 0x49bf2510 from process 84 that was not created in current process: 84
04-24 21:43:25.528 I/Gecko   (   84): [Parent 84] WARNING: waitpid failed pid:1112 errno:10: file ../../../gecko/ipc/chromium/src/base/process_util_posix.cc, line 254
04-24 21:43:25.598 I/Gecko   (   84): 1398401005611	Marionette	DEBUG	Got request: switchToFrame, data: {"to":"0","sessionId":"3-b2g","name":"switchToFrame","parameters":{"focus":true,"element":"{c9ec5c5d-4225-4f7e-bd85-d20203c5b4fe}"}}, id: {f03a1b8e-0f92-4d38-b23d-b74291b87e7d}
04-24 21:43:25.628 I/Gecko   (   84): 1398401005641	Marionette	INFO	Switched to frame: {"frameValue":"{c9ec5c5d-4225-4f7e-bd85-d20203c5b4fe}"}
04-24 21:43:25.628 I/Gecko   (   84): 1398401005644	Marionette	INFO	trying remote frame 0
04-24 21:43:25.628 I/Gecko   (   84): 1398401005646	Marionette	INFO	deleting frame
04-24 21:43:25.658 I/Gecko   (   84): 1398401005669	Marionette	INFO	frame-manager load script: [object ChromeMessageSender]
04-24 21:43:26.488 I/Gecko   (   84): 1398401006504	Marionette	INFO	sendToClient: {"from":"0","ok":true}, {f03a1b8e-0f92-4d38-b23d-b74291b87e7d}, {f03a1b8e-0f92-4d38-b23d-b74291b87e7d}
04-24 21:43:26.538 I/Gecko   (   84): 1398401006554	Marionette	INFO	sendToClient: {"from":"0","value":"app://{bde1c19c-f7de-4534-a0e0-3ce611d191e4}/index.html"}, {0121b5d2-b165-4760-9019-17ccf63daf33}, {0121b5d2-b165-4760-9019-17ccf63daf33}
04-24 21:43:26.548 I/Gecko   (   84): 1398401006561	Marionette	DEBUG	Got request: execute, data: {"to":"0","sessionId":"3-b2g","name":"executeScript","parameters":{"specialPowers":false,"scriptTimeout":null,"newSandbox":true,"args":[],"filename":"app_checker.py","script":"return window.document.readyState;","line":191}}, id: {4686e4b4-59c6-4dcf-acdb-5f901bcdde3c}
04-24 21:43:26.588 I/Gecko   (   84): 1398401006602	Marionette	INFO	sendToClient: {"from":"0","value":"complete"}, {4686e4b4-59c6-4dcf-acdb-5f901bcdde3c}, {4686e4b4-59c6-4dcf-acdb-5f901bcdde3c}
04-24 21:43:26.598 I/Gecko   (   84): 1398401006610	Marionette	INFO	sendToClient: {"from":"0","value":"app://{bde1c19c-f7de-4534-a0e0-3ce611d191e4}/index.html"}, {f50a2a9c-9b5c-4005-862c-e41009c6cd1f}, {f50a2a9c-9b5c-4005-862c-e41009c6cd1f}
04-24 21:43:26.658 I/Gecko   ( 1062): SharedSurface_Gralloc::Create -------
04-24 21:43:26.658 I/Gecko   ( 1062): SharedSurface_Gralloc::Create: success -- surface 0x443af080, GraphicBuffer 0x44069400.
04-24 21:43:26.818 I/Gecko   ( 1062): SharedSurface_Gralloc::Create -------
04-24 21:43:26.818 I/Gecko   ( 1062): SharedSurface_Gralloc::Create: success -- surface 0x443af480, GraphicBuffer 0x44069b80.
04-24 21:43:27.378 I/Gecko   (   84): [Parent 84] WARNING: waitpid failed pid:1112 errno:10: file ../../../gecko/ipc/chromium/src/base/process_util_posix.cc, line 254
04-24 21:43:27.528 I/Gecko   (   84): [Parent 84] WARNING: waitpid failed pid:1112 errno:10: file ../../../gecko/ipc/chromium/src/base/process_util_posix.cc, line 254
04-24 21:43:27.528 I/Gecko   (   84): [Parent 84] WARNING: Failed to deliver SIGKILL to 1112!(3).: file ../../../gecko/ipc/chromium/src/chrome/common/process_watcher_posix_sigchld.cc, line 118
04-24 21:43:28.518 I/Gecko   (   84): 1398401008536	Marionette	INFO	sendToClient: {"from":"0","value":"iVBORw0KGgoAAAANSUhEUgAAAUAAAAHMCAYAAACk4nEJAAAU5ElEQVR4nO3ca09b+YHH8XlKAokhdwiEhMGGAMHc7/e7udmYOwSYzkw703ZmqyadJBOc+DXsk11pu9tdjVaaB6O2+1q6b2QqdVWpan/7wOEEEpIQBzDw+yJ9JPC5YP7H55tzsfNRbW9cAODoo1w/AQDIFQIIwBYBBGCLAAKwRQAB2CKAAGwRQAC2CCAAWwQQgC0CCMAWAQRgiwACsEUAAdgigABsEUAAtgggAFsEEIAtAgjAFgEEYIsAArBFAAHYIoAAbBFAALYIIABbBBCALQIIwBYBBGCLAAKwRQAB2CKAAGwRQAC2CCAAWwQQgC0CCMAWAQRgiwACsEUAAdgigABsEUAAtgggAFsEEIAtAgjAFgEEYIsAArBFAAHYIoAAbBFAALYIIABbBBCALQIIwBYBBGCLAAKwRQAB2CKAAGwRQAC2CCAAWwQQgC0CCMAWAQRgiwACsEUAAdgigABsEUAAtgggAFsEEIAtAgjAFgEEYIsAArBFAAHYIoAAbBFAALYIIABbBBCALQIIwBYBBGCLAAKwRQAB2CKAAGwRQAC2CCAAWwQQgC0CCMAWAQRgiwACsEUAAdgigABsEUAAtgggAFsEEIAtAgjAFgEEYIsAArBFAAHYIoAAbBFAALYIIABbBBCALQIIwBYBBGCLAAKwRQAB2CKAAGwRQAC2CCAAWwQQgC0CCMAWAQRgiwACsEUAAdgigABsEUAAtgggAFsEEIAtAgjAFgEEYIsAArBFAAHYIoAAbBFAALYIIABbBBCALQIIwBYBBGCLAAKwRQAB2CKAAGwRQAC2CCAAWwQQgC0CCMAWAQRgiwACsEUAAdgigABsEUAAtgggAFsEEIAtAgjAFgEEYIsAArBFAAHYIoAAbBFAALYIIABbBBCALQIIwBYBBGCLAA
04-24 21:43:28.768 I/Gecko   (   84): 1398401008784	Marionette	INFO	sendToClient: {"from":"0","ok":true}, {21a432e8-a1e0-4227-aa08-42d34c0e8543}, {21a432e8-a1e0-4227-aa08-42d34c0e8543}
04-24 21:43:28.818 I/Gecko   (   84): 1398401008835	Marionette	DEBUG	Got request: switchToFrame, data: {"to":"0","sessionId":"3-b2g","name":"switchToFrame","parameters":{"id":null,"focus":true}}, id: {0ce0e9bc-1d27-4ad9-9557-7d1d8601fde4}
04-24 21:43:28.838 I/Gecko   (   84): 1398401008850	Marionette	INFO	Switched to frame: {"frameValue":null}
04-24 21:43:28.978 I/Gecko   (   84): 1398401008991	Marionette	INFO	sendToClient: {"from":"0","ok":true}, {0ce0e9bc-1d27-4ad9-9557-7d1d8601fde4}, {0ce0e9bc-1d27-4ad9-9557-7d1d8601fde4}
04-24 21:43:28.978 I/Gecko   (   84): 1398401008997	Marionette	DEBUG	Got request: executeWithCallback, data: {"to":"0","sessionId":"3-b2g","name":"executeAsyncScript","parameters":{"specialPowers":false,"scriptTimeout":null,"newSandbox":true,"args":[],"filename":"gaia_test.py","script":"return GaiaApps.displayedApp();","line":66}}, id: {e5b55374-98dc-489e-b864-f19a13c70776}
04-24 21:43:29.168 I/Gecko   (   84): 1398401009178	Marionette	INFO	sendToClient: {"from":"0","value":{"frame":{"ELEMENT":"{c9ec5c5d-4225-4f7e-bd85-d20203c5b4fe}"},"src":"app://{bde1c19c-f7de-4534-a0e0-3ce611d191e4}/index.html","name":"Flamita","origin":"app://{bde1c19c-f7de-4534-a0e0-3ce611d191e4}"}}, {e5b55374-98dc-489e-b864-f19a13c70776}, {e5b55374-98dc-489e-b864-f19a13c70776}
04-24 21:43:29.178 E/GeckoConsole(   84): Content JS LOG at dummy file:392 in GaiaApps.displayedApp: app with origin 'app://{bde1c19c-f7de-4534-a0e0-3ce611d191e4}' is displayed
04-24 21:43:29.178 I/Gecko   (   84): 1398401009195	Marionette	DEBUG	Got request: switchToFrame, data: {"to":"0","sessionId":"3-b2g","name":"switchToFrame","parameters":{"id":null,"focus":true}}, id: {19537025-1daf-4355-861e-875715ef9bed}
04-24 21:43:29.178 I/Gecko   (   84): 1398401009197	Marionette	INFO	Switched to frame: {"frameValue":null}
04-24 21:43:29.308 I/Gecko   (   84): 1398401009326	Marionette	INFO	sendToClient: {"from":"0","ok":true}, {19537025-1daf-4355-861e-875715ef9bed}, {19537025-1daf-4355-861e-875715ef9bed}
04-24 21:43:29.338 I/Gecko   (   84): 1398401009355	Marionette	DEBUG	Got request: execute, data: {"to":"0","sessionId":"3-b2g","name":"executeScript","parameters":{"specialPowers":false,"scriptTimeout":null,"newSandbox":true,"args":[],"filename":"gaia_test.py","script":"window.wrappedJSObject.dispatchEvent(new Event('home'));","line":788}}, id: {d2d65cca-7e97-4d4b-9292-8dcca3649d61}
04-24 21:43:29.628 D/Sensors (   84): activate handle=0; drv=0
04-24 21:43:29.638 D/Sensors (   84): Lis3dhSensor: Control set 0
04-24 21:43:29.638 D/Sensors (   84): Lis3dhSensor: mEnabled = 0
04-24 21:43:29.908 W/WifiHW  (   84): wifi_command: SIGNAL_POLL
04-24 21:43:29.918 I/Gecko   (   84): 1398401009931	Marionette	INFO	sendToClient: {"from":"0","value":null}, {d2d65cca-7e97-4d4b-9292-8dcca3649d61}, {d2d65cca-7e97-4d4b-9292-8dcca3649d61}
04-24 21:43:30.478 I/Gecko   (   84): 1398401010493	Marionette	DEBUG	Got request: switchToFrame, data: {"to":"0","sessionId":"3-b2g","name":"switchToFrame","parameters":{"id":null,"focus":true}}, id: {66852785-c3a0-4a8c-aad8-dcf217d27dc6}
04-24 21:43:30.498 I/Gecko   (   84): 1398401010513	Marionette	INFO	Switched to frame: {"frameValue":null}
04-24 21:43:30.628 I/Gecko   (   84): 1398401010646	Marionette	INFO	sendToClient: {"from":"0","ok":true}, {66852785-c3a0-4a8c-aad8-dcf217d27dc6}, {66852785-c3a0-4a8c-aad8-dcf217d27dc6}
04-24 21:43:30.938 E/[Gralloc-ERROR](   84): int gralloc_register_buffer(const gralloc_module_t*, const native_handle_t*):79 Unable to register handle 0x45564240 coming from different process: 84
04-24 21:43:30.948 E/[Gralloc-ERROR](   84): int gralloc_register_buffer(const gralloc_module_t*, const native_handle_t*):79 Unable to register handle 0x45564c90 coming from different process: 84
04-24 21:43:32.698 I/Gonk    (   84): Setting nice for pid 1062 to 18
04-24 21:43:32.728 I/Gonk    (   84): Changed nice for pid 1062 from 1 to 18.
04-24 21:43:32.848 I/log     ( 1137): <4>0[ 418.591447] select 1062 (Flamita), adj 10, size 7603, to kill 
04-24 21:43:32.918 I/Gecko   (   84): 1398401012928	Marionette	DEBUG	Got request: executeWithCallback, data: {"to":"0","sessionId":"3-b2g","name":"executeAsyncScript","parameters":{"specialPowers":false,"scriptTimeout":null,"newSandbox":true,"args":[],"filename":"gaia_test.py","script":"return GaiaApps.displayedApp();","line":66}}, id: {7cfc7cf2-3962-40f8-bef5-27fef0148b3c}
04-24 21:43:32.968 E/[Gralloc-ERROR](   84): int gralloc_unregister_buffer(const gralloc_module_t*, const native_handle_t*):274 Trying to unregister buffer 0x45564c90 from process 84 that was not created in current process: 84
04-24 21:43:32.968 E/[Gralloc-ERROR](   84): int gralloc_unregister_buffer(const gralloc_module_t*, const native_handle_t*):274 Trying to unregister buffer 0x45564240 from process 84 that was not created in current process: 84
04-24 21:43:33.278 E/GeckoConsole(   84): Content JS LOG at dummy file:392 in GaiaApps.displayedApp: app with origin 'app://homescreen.gaiamobile.org' is displayed
04-24 21:43:33.278 I/Gecko   (   84): 1398401013292	Marionette	INFO	sendToClient: {"from":"0","value":{"frame":{"ELEMENT":"{6f719093-0255-499f-8c7e-a99ca7cc85da}"},"src":"app://homescreen.gaiamobile.org/index.html#root","name":"Homescreen","origin":"app://homescreen.gaiamobile.org"}}, {7cfc7cf2-3962-40f8-bef5-27fef0148b3c}, {7cfc7cf2-3962-40f8-bef5-27fef0148b3c}
04-24 21:43:33.308 I/Gecko   (   84): 1398401013327	Marionette	DEBUG	Got request: switchToFrame, data: {"to":"0","sessionId":"3-b2g","name":"switchToFrame","parameters":{"id":null,"focus":true}}, id: {4c792336-d483-41e3-941d-ec3628fa678c}
04-24 21:43:33.338 I/Gecko   (   84): 1398401013353	Marionette	INFO	Switched to frame: {"frameValue":null}
04-24 21:43:33.438 I/Gecko   (   84): 1398401013456	Marionette	INFO	sendToClient: {"from":"0","ok":true}, {4c792336-d483-41e3-941d-ec3628fa678c}, {4c792336-d483-41e3-941d-ec3628fa678c}
04-24 21:43:33.448 I/Gecko   (   84): 1398401013462	Marionette	DEBUG	Got request: switchToFrame, data: {"to":"0","sessionId":"3-b2g","name":"switchToFrame","parameters":{"id":null,"focus":true}}, id: {8a348234-b4ef-447f-ac07-cf67a46cba17}
04-24 21:43:33.448 I/Gecko   (   84): 1398401013463	Marionette	INFO	Switched to frame: {"frameValue":null}
04-24 21:43:33.548 I/Gecko   (   84): 1398401013566	Marionette	INFO	sendToClient: {"from":"0","ok":true}, {8a348234-b4ef-447f-ac07-cf67a46cba17}, {8a348234-b4ef-447f-ac07-cf67a46cba17}
04-24 21:43:33.568 I/Gecko   (   84): 1398401013584	Marionette	DEBUG	Got request: executeWithCallback, data: {"to":"0","sessionId":"3-b2g","name":"executeAsyncScript","parameters":{"specialPowers":false,"scriptTimeout":null,"newSandbox":true,"args":[],"filename":"gaia_test.py","script":"return GaiaApps.displayedApp();","line":66}}, id: {b0bd9285-e04d-48f1-8449-bdb45d564cde}
04-24 21:43:33.628 I/Gecko   (   84): 1398401013646	Marionette	INFO	sendToClient: {"from":"0","value":{"frame":{"ELEMENT":"{6f719093-0255-499f-8c7e-a99ca7cc85da}"},"src":"app://homescreen.gaiamobile.org/index.html#root","name":"Homescreen","origin":"app://homescreen.gaiamobile.org"}}, {b0bd9285-e04d-48f1-8449-bdb45d564cde}, {b0bd9285-e04d-48f1-8449-bdb45d564cde}
04-24 21:43:33.648 E/GeckoConsole(   84): Content JS LOG at dummy file:392 in GaiaApps.displayedApp: app with origin 'app://homescreen.gaiamobile.org' is displayed
04-24 21:43:33.658 I/Gecko   (   84): 1398401013669	Marionette	DEBUG	Got request: switchToFrame, data: {"to":"0","sessionId":"3-b2g","name":"switchToFrame","parameters":{"focus":true,"element":"{6f719093-0255-499f-8c7e-a99ca7cc85da}"}}, id: {4d6affdc-8be5-44d3-9bf3-0ea2c42e7641}
04-24 21:43:33.678 I/Gecko   (   84): 1398401013690	Marionette	INFO	Switched to frame: {"frameValue":"{6f719093-0255-499f-8c7e-a99ca7cc85da}"}
04-24 21:43:33.678 I/Gecko   (   84): 1398401013693	Marionette	INFO	trying remote frame 0
04-24 21:43:33.678 I/Gecko   (   84): 1398401013694	Marionette	INFO	deleting frame
04-24 21:43:33.698 I/Gecko   (   84): 1398401013710	Marionette	INFO	frame-manager load script: [object ChromeMessageSender]
04-24 21:43:34.008 E/Profiler( 1135): BEGIN mozilla_sampler_init
04-24 21:43:34.008 E/Profiler( 1135): BPUnw: [1 total] thread_register_for_profiling(me=0x4017e488, stacktop=0xbed529b7)
04-24 21:43:34.008 E/Profiler( 1135): SPS:
04-24 21:43:34.008 E/Profiler( 1135): SPS: Unwind mode       = pseudo
04-24 21:43:34.008 E/Profiler( 1135): SPS: Sampling interval = 0 ms (zero means "platform default")
04-24 21:43:34.008 E/Profiler( 1135): SPS: Entry store size  = 0 (zero means "platform default")
04-24 21:43:34.008 E/Profiler( 1135): SPS: UnwindStackScan   = 0 (max dubious frames per unwind).
04-24 21:43:34.008 E/Profiler( 1135): SPS: Use env var MOZ_PROFILER_MODE=help for further information.
04-24 21:43:34.008 E/Profiler( 1135): SPS:
04-24 21:43:34.008 E/Profiler( 1135): Registering start signal
04-24 21:43:34.318 E/GeckoConsole( 1135): Could not read chrome manifest 'file:///system/b2g/chrome.manifest'.
04-24 21:43:34.918 W/WifiHW  (   84): wifi_command: SIGNAL_POLL
04-24 21:43:35.158 I/Gecko   (   84): [Parent 84] WARNING: pipe error (149): Connection reset by peer: file ../../../gecko/ipc/chromium/src/chrome/common/ipc_channel_posix.cc, line 446
04-24 21:43:35.178 I/Gecko   (   84): 
04-24 21:43:35.178 I/Gecko   (   84): ###!!! [Parent][MessageChannel] Error: Channel error: cannot send/recv
04-24 21:43:35.178 I/Gecko   (   84): 
04-24 21:43:35.338 I/Gecko   (   84): [Parent 84] WARNING: waitpid failed pid:1062 errno:10: file ../../../gecko/ipc/chromium/src/base/process_util_posix.cc, line 254
04-24 21:43:35.848 I/Gonk    (   84): Setting nice for pid 1145 to 18
04-24 21:43:35.868 I/Gonk    (   84): Changed nice for pid 1145 from 0 to 18.
04-24 21:43:35.868 I/Gonk    (   84): Setting nice for pid 1145 to 18
04-24 21:43:35.878 I/Gonk    (   84): Changed nice for pid 1145 from 0 to 18.
04-24 21:43:35.878 I/Gecko   (   84): [Parent 84] WARNING: waitpid failed pid:1145 errno:10: file ../../../gecko/ipc/chromium/src/base/process_util_posix.cc, line 254
04-24 21:43:35.888 I/Gonk    (   84): Setting nice for pid 1145 to 1
04-24 21:43:35.888 I/Gonk    (   84): Changed nice for pid 1145 from 18 to 1.
04-24 21:43:36.688 I/Gecko   ( 1145): ###################################### forms.js loaded
04-24 21:43:36.708 I/Gecko   ( 1145): ############################### browserElementPanning.js loaded
04-24 21:43:36.748 I/Gecko   ( 1145): ######################## BrowserElementChildPreload.js loaded
04-24 21:43:37.338 I/Gecko   (   84): [Parent 84] WARNING: waitpid failed pid:1062 errno:10: file ../../../gecko/ipc/chromium/src/base/process_util_posix.cc, line 254
04-24 21:43:37.338 I/Gecko   (   84): [Parent 84] WARNING: Failed to deliver SIGKILL to 1062!(3).: file ../../../gecko/ipc/chromium/src/chrome/common/process_watcher_posix_sigchld.cc, line 118
04-24 21:43:37.378 I/Gecko   (   84): 1398401017391	Marionette	INFO	sendToClient: {"from":"0","ok":true}, {4d6affdc-8be5-44d3-9bf3-0ea2c42e7641}, {4d6affdc-8be5-44d3-9bf3-0ea2c42e7641}
04-24 21:43:37.478 I/Gecko   (   84): 1398401017493	Marionette	INFO	sendToClient: {"from":"0","value":"about:blank"}, {b13ef86f-1210-4571-92d8-4fd33a2d4179}, {b13ef86f-1210-4571-92d8-4fd33a2d4179}
04-24 21:43:37.488 I/Gecko   (   84): 1398401017499	Marionette	DEBUG	Got request: switchToFrame, data: {"to":"0","sessionId":"3-b2g","name":"switchToFrame","parameters":{"id":null,"focus":true}}, id: {4e969315-01b1-4a67-92e7-d5173f2cb135}
04-24 21:43:37.498 I/Gecko   (   84): 1398401017510	Marionette	INFO	Switched to frame: {"frameValue":null}
04-24 21:43:37.598 I/Gecko   (   84): 1398401017612	Marionette	INFO	sendToClient: {"from":"0","ok":true}, {4e969315-01b1-4a67-92e7-d5173f2cb135}, {4e969315-01b1-4a67-92e7-d5173f2cb135}
04-24 21:43:37.608 I/Gecko   (   84): 1398401017618	Marionette	DEBUG	Got request: switchToFrame, data: {"to":"0","sessionId":"3-b2g","name":"switchToFrame","parameters":{"id":null,"focus":true}}, id: {1bf14d6f-34d2-4e63-95c5-cf6292903b6e}
04-24 21:43:37.608 I/Gecko   (   84): 1398401017620	Marionette	INFO	Switched to frame: {"frameValue":null}
04-24 21:43:37.828 I/Gecko   (   84): 1398401017846	Marionette	INFO	sendToClient: {"from":"0","ok":true}, {1bf14d6f-34d2-4e63-95c5-cf6292903b6e}, {1bf14d6f-34d2-4e63-95c5-cf6292903b6e}
04-24 21:43:37.838 I/Gecko   (   84): 1398401017856	Marionette	DEBUG	Got request: executeWithCallback, data: {"to":"0","sessionId":"3-b2g","name":"executeAsyncScript","parameters":{"specialPowers":false,"scriptTimeout":null,"newSandbox":true,"args":[],"filename":"gaia_test.py","script":"GaiaApps.killAll()","line":91}}, id: {052f2b56-91b5-4fba-a5b5-506c9c522696}
04-24 21:43:37.868 I/Gecko   (   84): 1398401017884	Marionette	INFO	sendToClient: {"from":"0","value":true}, {052f2b56-91b5-4fba-a5b5-506c9c522696}, {052f2b56-91b5-4fba-a5b5-506c9c522696}
04-24 21:43:37.878 I/Gecko   (   84): 1398401017891	Marionette	DEBUG	Got request: switchToFrame, data: {"to":"0","sessionId":"3-b2g","name":"switchToFrame","parameters":{"id":null,"focus":true}}, id: {dc09e8b5-1781-4777-a7a9-64d14b9ae702}
04-24 21:43:37.878 I/Gecko   (   84): 1398401017893	Marionette	INFO	Switched to frame: {"frameValue":null}
04-24 21:43:37.978 I/Gecko   (   84): 1398401017997	Marionette	INFO	sendToClient: {"from":"0","ok":true}, {dc09e8b5-1781-4777-a7a9-64d14b9ae702}, {dc09e8b5-1781-4777-a7a9-64d14b9ae702}
04-24 21:43:37.988 I/Gecko   (   84): 1398401018003	Marionette	DEBUG	Got request: executeWithCallback, data: {"to":"0","sessionId":"3-b2g","name":"executeAsyncScript","parameters":{"specialPowers":false,"scriptTimeout":60000,"newSandbox":true,"args":[],"filename":"app_checker.py","script":"\n        GaiaApps.locateWithManifestURL('https://marketplace.firefox.com/app/ec490552-a7d4-4507-9681-ad213d697c42/manifest.webapp',\n                                       null,\n                                       function uninstall(app) {\n                                       navigator.mozApps.mgmt.uninstall(app);\n                                       marionetteScriptFinished(true);\n                                       });\n        ","line":129}}, id: {09f5453b-76cc-4e59-94f8-31d556ef160b}
04-24 21:43:38.018 I/Gecko   (   84): -- webapps.js uninstall https://marketplace.firefox.com/app/ec490552-a7d4-4507-9681-ad213d697c42/manifest.webapp
04-24 21:43:38.228 I/Gecko   (   84): 1398401018238	Marionette	INFO	sendToClient: {"from":"0","value":true}, {09f5453b-76cc-4e59-94f8-31d556ef160b}, {09f5453b-76cc-4e59-94f8-31d556ef160b}