--------- beginning of /dev/log/main
04-25 08:06:11.082 E/GeckoConsole(  553): Content JS WARN at app://homescreen.gaiamobile.org/gaia_build_defer_index.js:184 in isHiddenApp: Unexpected role when checking hidden app: undefined
04-25 08:06:11.082 E/GeckoConsole(  553): Content JS WARN at app://homescreen.gaiamobile.org/gaia_build_defer_index.js:184 in isHiddenApp: Unexpected role when checking hidden app: undefined
04-25 08:06:11.082 E/GeckoConsole(  553): Content JS WARN at app://homescreen.gaiamobile.org/gaia_build_defer_index.js:184 in isHiddenApp: Unexpected role when checking hidden app: undefined
04-25 08:06:11.092 E/GeckoConsole(  553): Content JS WARN at app://homescreen.gaiamobile.org/gaia_build_defer_index.js:184 in isHiddenApp: Unexpected role when checking hidden app: undefined
04-25 08:06:11.092 E/GeckoConsole(  553): Content JS WARN at app://homescreen.gaiamobile.org/gaia_build_defer_index.js:184 in isHiddenApp: Unexpected role when checking hidden app: undefined
04-25 08:06:11.092 E/GeckoConsole(  553): Content JS WARN at app://homescreen.gaiamobile.org/gaia_build_defer_index.js:184 in isHiddenApp: Unexpected role when checking hidden app: undefined
04-25 08:06:11.092 E/GeckoConsole(  553): Content JS WARN at app://homescreen.gaiamobile.org/gaia_build_defer_index.js:184 in isHiddenApp: Unexpected role when checking hidden app: undefined
04-25 08:06:11.092 E/GeckoConsole(  553): Content JS WARN at app://homescreen.gaiamobile.org/gaia_build_defer_index.js:184 in isHiddenApp: Unexpected role when checking hidden app: undefined
04-25 08:06:11.092 E/GeckoConsole(  553): Content JS WARN at app://homescreen.gaiamobile.org/gaia_build_defer_index.js:184 in isHiddenApp: Unexpected role when checking hidden app: undefined
04-25 08:06:11.092 E/GeckoConsole(  553): Content JS WARN at app://homescreen.gaiamobile.org/gaia_build_defer_index.js:184 in isHiddenApp: Unexpected role when checking hidden app: undefined
04-25 08:06:11.092 E/GeckoConsole(  553): Content JS WARN at app://homescreen.gaiamobile.org/gaia_build_defer_index.js:184 in isHiddenApp: Unexpected role when checking hidden app: undefined
04-25 08:06:11.092 E/GeckoConsole(  553): Content JS WARN at app://homescreen.gaiamobile.org/gaia_build_defer_index.js:184 in isHiddenApp: Unexpected role when checking hidden app: undefined
04-25 08:06:11.092 E/GeckoConsole(  553): Content JS WARN at app://homescreen.gaiamobile.org/gaia_build_defer_index.js:184 in isHiddenApp: Unexpected role when checking hidden app: undefined
04-25 08:06:11.092 E/GeckoConsole(  553): Content JS WARN at app://homescreen.gaiamobile.org/gaia_build_defer_index.js:184 in isHiddenApp: Unexpected role when checking hidden app: undefined
04-25 08:06:11.092 E/GeckoConsole(  553): Content JS WARN at app://homescreen.gaiamobile.org/gaia_build_defer_index.js:184 in isHiddenApp: Unexpected role when checking hidden app: undefined
04-25 08:06:11.092 E/GeckoConsole(  553): Content JS WARN at app://homescreen.gaiamobile.org/gaia_build_defer_index.js:184 in isHiddenApp: Unexpected role when checking hidden app: undefined
04-25 08:06:11.092 E/GeckoConsole(  553): Content JS WARN at app://homescreen.gaiamobile.org/gaia_build_defer_index.js:184 in isHiddenApp: Unexpected role when checking hidden app: undefined
04-25 08:06:15.062 W/WifiHW  (   84): wifi_command: SIGNAL_POLL
04-25 08:06:15.372 I/Gecko   (   84): 1398438375378	Marionette	INFO	sendToClient: {"from":"0","value":["{e904435a-f25e-4470-8956-7f13f5805021}","{f130fe22-4b22-4215-9bf1-98a2027a1b02}","{cf196088-9f4e-49ae-b05f-cb6203f4c02a}","{aa1ad713-a099-4863-b507-62edae67c5a7}","{085629a3-fe60-467e-bb58-393560b7a2ab}","{604b34ef-5398-4311-97ab-07443abc566c}","{c0e41921-15c2-47b5-951e-ed825e1e1a2f}","{3358cba4-edb9-42d4-a308-4e56ce840013}","{3c4c21f6-f637-47b2-819f-fdc92ab1bfd3}","{a613e6d4-e0b8-40e5-849f-c7932ea02acf}","{5f85b796-6101-4c74-83ce-3fa1c30b8f74}","{e561dd5c-0c70-4d58-b6b5-0d834d4389e2}","{2cc57023-eb74-434f-98c7-876074eb25b5}","{bfa52b4e-ef2f-48b8-8ff8-a14f25b6da56}","{fc148db6-438e-4327-964a-60f35541542a}","{d2c33fb3-3df4-4fac-a940-2a0cfc563f5a}","{ca9218de-ebcb-4110-a97a-207e83c73164}","{8872f31e-a9be-4bf2-94a1-afdba6661cfe}","{2960e480-d7a6-47a9-9d91-00e2f51edcec}","{5fd2a579-32f2-4d02-a1e1-9d46f3ccbc16}","{353493f3-3792-49e0-b716-86e081fc1969}","{66e822fa-73e6-4450-a29c-93b94adb0003}","{4df55a8d-28bd-4375-949b-c6a620b6b5ca}","{c6aaa5da-0d66
04-25 08:06:15.752 I/Gecko   (   84): 1398438375762	Marionette	INFO	sendToClient: {"from":"0","value":"<div><img src=\"blob:a297bace-a1a6-4d47-b4fe-a8e7b9d15221\" style=\"visibility: visible;\" role=\"presentation\" height=\"64\" width=\"64\"><span class=\"labelWrapper\"><span>Social</span></span></div><span data-is-icon=\"true\" class=\"options\"></span>"}, {f706d644-1d32-4374-b9ff-535a18fbe091}, {f706d644-1d32-4374-b9ff-535a18fbe091}
04-25 08:06:15.812 I/Gecko   (   84): 1398438375820	Marionette	INFO	sendToClient: {"from":"0","value":"<div><img src=\"blob:786ff7fa-9a43-4d0d-b61e-ef1a525b2b6f\" style=\"visibility: visible;\" role=\"presentation\" height=\"64\" width=\"64\"><span class=\"labelWrapper\"><span>Games</span></span></div><span data-is-icon=\"true\" class=\"options\"></span>"}, {94c069e5-4b6c-4eca-8f25-62946cd59a40}, {94c069e5-4b6c-4eca-8f25-62946cd59a40}
04-25 08:06:15.832 I/Gecko   (   84): 1398438375840	Marionette	INFO	sendToClient: {"from":"0","value":"<div><img src=\"blob:60911aa2-6d9f-46ee-9479-390a1fbd40f8\" style=\"visibility: visible;\" role=\"presentation\" height=\"64\" width=\"64\"><span class=\"labelWrapper\"><span>Music</span></span></div><span data-is-icon=\"true\" class=\"options\"></span>"}, {39dfabda-d249-4cc4-8282-363b0930c7d8}, {39dfabda-d249-4cc4-8282-363b0930c7d8}
04-25 08:06:15.852 I/Gecko   (   84): 1398438375865	Marionette	INFO	sendToClient: {"from":"0","value":"<div><img src=\"blob:f6fef36b-5e26-45a1-acd7-e3255aec38a3\" style=\"visibility: visible;\" role=\"presentation\" height=\"64\" width=\"64\"><span class=\"labelWrapper\"><span>Showbiz</span></span></div><span data-is-icon=\"true\" class=\"options\"></span>"}, {d8aa7feb-f552-4b8d-8935-8513a2ae8f57}, {d8aa7feb-f552-4b8d-8935-8513a2ae8f57}
04-25 08:06:15.872 I/Gecko   (   84): 1398438375881	Marionette	INFO	sendToClient: {"from":"0","value":"<div><img src=\"blob:0a7cc741-4844-41a0-b14a-4171b37c57e4\" style=\"visibility: visible;\" role=\"presentation\" height=\"64\" width=\"64\"><span class=\"labelWrapper\"><span>Camera</span></span></div>"}, {843b2361-9703-4746-ac88-a7fb890e0659}, {843b2361-9703-4746-ac88-a7fb890e0659}
04-25 08:06:15.882 I/Gecko   (   84): 1398438375895	Marionette	INFO	sendToClient: {"from":"0","value":"<div><img src=\"blob:39790938-62ca-4372-82d9-321693d2bb50\" style=\"visibility: visible;\" role=\"presentation\" height=\"64\" width=\"64\"><span class=\"labelWrapper\"><span>Gallery</span></span></div>"}, {c0c5ac0f-b9c0-4763-8cf5-e3dbc1db9c22}, {c0c5ac0f-b9c0-4763-8cf5-e3dbc1db9c22}
04-25 08:06:15.902 I/Gecko   (   84): 1398438375905	Marionette	INFO	sendToClient: {"from":"0","value":"<div><img src=\"blob:84b334c6-a8a8-4ee8-b305-203c21a49568\" style=\"visibility: visible;\" role=\"presentation\" height=\"64\" width=\"64\"><span class=\"labelWrapper\"><span>FM Radio</span></span></div>"}, {38b4059d-4b85-42c9-aadb-5ba957becd8e}, {38b4059d-4b85-42c9-aadb-5ba957becd8e}
04-25 08:06:15.912 I/Gecko   (   84): 1398438375916	Marionette	INFO	sendToClient: {"from":"0","value":"<div><img src=\"blob:b2ab8871-a8af-4145-a8ca-f5dced198683\" style=\"visibility: visible;\" role=\"presentation\" height=\"64\" width=\"64\"><span class=\"labelWrapper\"><span>Settings</span></span></div>"}, {a4ff04cc-6111-4bf0-926c-c4d51a4dc28e}, {a4ff04cc-6111-4bf0-926c-c4d51a4dc28e}
04-25 08:06:15.922 I/Gecko   (   84): 1398438375926	Marionette	INFO	sendToClient: {"from":"0","value":"<div><img src=\"blob:48fc082d-507b-4806-951e-06b2d48eb107\" style=\"visibility: visible;\" role=\"presentation\" height=\"64\" width=\"64\"><span class=\"labelWrapper\"><span>Marketplace</span></span></div>"}, {e21aa408-027a-49ee-8555-dffc4912b5ca}, {e21aa408-027a-49ee-8555-dffc4912b5ca}
04-25 08:06:15.932 I/Gecko   (   84): 1398438375936	Marionette	INFO	sendToClient: {"from":"0","value":"<div><img src=\"blob:d66c9c7b-28be-4745-a78f-2cb4fa3c30c0\" style=\"visibility: visible;\" role=\"presentation\" height=\"64\" width=\"64\"><span class=\"labelWrapper\"><span>Calendar</span></span></div>"}, {ed57a876-06c7-400c-9007-c9b1e90a838e}, {ed57a876-06c7-400c-9007-c9b1e90a838e}
04-25 08:06:15.942 I/Gecko   (   84): 1398438375947	Marionette	INFO	sendToClient: {"from":"0","value":"<div><img src=\"blob:172bf933-baab-4e69-917f-7de50c5521ca\" style=\"visibility: visible;\" role=\"presentation\" height=\"64\" width=\"64\"><span class=\"labelWrapper\"><span>Clock</span></span></div>"}, {21cd11bb-c665-460e-a051-833fe2e52f7b}, {21cd11bb-c665-460e-a051-833fe2e52f7b}
04-25 08:06:15.952 I/Gecko   (   84): 1398438375958	Marionette	INFO	sendToClient: {"from":"0","value":"<div><img src=\"blob:31cca5d4-dca2-4f1a-857b-cea55c1c5b21\" style=\"visibility: visible;\" role=\"presentation\" height=\"64\" width=\"64\"><span class=\"labelWrapper\"><span>Usage</span></span></div>"}, {fe45c158-caa5-4468-a9f1-fa7a30e8a19f}, {fe45c158-caa5-4468-a9f1-fa7a30e8a19f}
04-25 08:06:15.962 I/Gecko   (   84): 1398438375968	Marionette	INFO	sendToClient: {"from":"0","value":"<div><img src=\"blob:747cdadd-5ea9-4c42-aa48-639db2d86ccf\" style=\"visibility: visible;\" role=\"presentation\" height=\"64\" width=\"64\"><span class=\"labelWrapper\"><span>E-Mail</span></span></div>"}, {02c01716-90f9-4829-9eb1-e61cf4c1eb91}, {02c01716-90f9-4829-9eb1-e61cf4c1eb91}
04-25 08:06:15.982 I/Gecko   (   84): 1398438375991	Marionette	INFO	sendToClient: {"from":"0","value":"<div><img src=\"blob:aa0b9d57-054c-4e2d-9406-fd1794e270d5\" style=\"visibility: visible;\" role=\"presentation\" height=\"64\" width=\"64\"><span class=\"labelWrapper\"><span>Music</span></span></div>"}, {d102d37f-c3c2-40b6-9812-8b2a0fc9f06a}, {d102d37f-c3c2-40b6-9812-8b2a0fc9f06a}
04-25 08:06:15.992 I/Gecko   (   84): 1398438376001	Marionette	INFO	sendToClient: {"from":"0","value":"<div><img src=\"blob:338ca763-c8a6-41fc-abf6-58e26e1abf92\" style=\"visibility: visible;\" role=\"presentation\" height=\"64\" width=\"64\"><span class=\"labelWrapper\"><span>Video</span></span></div>"}, {0638cc1f-3835-4196-8774-face7d87e8be}, {0638cc1f-3835-4196-8774-face7d87e8be}
04-25 08:06:16.002 I/Gecko   (   84): 1398438376011	Marionette	INFO	sendToClient: {"from":"0","value":"<div><img src=\"blob:429f155a-b5fc-4a60-8403-ccb3491f6d8f\" style=\"visibility: visible;\" role=\"presentation\" height=\"64\" width=\"64\"><span class=\"labelWrapper\"><span>ConnectA2</span></span></div><span data-is-icon=\"true\" class=\"options\"></span>"}, {440a392b-da74-46b5-b926-c0f9d55446e5}, {440a392b-da74-46b5-b926-c0f9d55446e5}
04-25 08:06:16.012 I/Gecko   (   84): 1398438376022	Marionette	INFO	sendToClient: {"from":"0","value":"<div><img src=\"blob:c353bb8c-a89a-4bf0-9091-8a747910229c\" style=\"visibility: visible;\" role=\"presentation\" height=\"64\" width=\"64\"><span class=\"labelWrapper\"><span>Word Wars</span></span></div><span data-is-icon=\"true\" class=\"options\"></span>"}, {7ed5ab8f-6068-4e24-8f0c-8508045c7c8b}, {7ed5ab8f-6068-4e24-8f0c-8508045c7c8b}
04-25 08:06:16.022 I/Gecko   (   84): 1398438376032	Marionette	INFO	sendToClient: {"from":"0","value":"<div><img src=\"blob:51f328b0-e7ab-4250-bf2c-690a90ab7e05\" style=\"visibility: visible;\" role=\"presentation\" height=\"64\" width=\"64\"><span class=\"labelWrapper\"><span>Rormix</span></span></div><span data-is-icon=\"true\" class=\"options\"></span>"}, {a87a6319-1d58-4b39-91c1-ab3bdce85738}, {a87a6319-1d58-4b39-91c1-ab3bdce85738}
04-25 08:06:16.032 I/Gecko   (   84): 1398438376043	Marionette	INFO	sendToClient: {"from":"0","value":"<div><img src=\"blob:f3483cde-5bfd-4147-b41c-c64df93b6026\" style=\"visibility: visible;\" role=\"presentation\" height=\"64\" width=\"64\"><span class=\"labelWrapper\"><span>Cheer Up!</span></span></div><span data-is-icon=\"true\" class=\"options\"></span>"}, {00b93761-ceeb-4000-8378-6f526acbb8a9}, {00b93761-ceeb-4000-8378-6f526acbb8a9}
04-25 08:06:16.042 I/Gecko   (   84): 1398438376054	Marionette	INFO	sendToClient: {"from":"0","value":"<div><img src=\"blob:54ae86ec-ca90-4caf-8055-10a2b69b0dce\" style=\"visibility: visible;\" role=\"presentation\" height=\"64\" width=\"64\"><span class=\"labelWrapper mask\"><span>Duck Sounds</span></span></div><span data-is-icon=\"true\" class=\"options\"></span>"}, {1164d06d-76fa-4788-af9a-d6a60a2049fb}, {1164d06d-76fa-4788-af9a-d6a60a2049fb}
04-25 08:06:16.052 I/Gecko   (   84): 1398438376064	Marionette	INFO	sendToClient: {"from":"0","value":"<div><img src=\"blob:1235fc43-1c45-4ced-840a-927bd866892a\" style=\"visibility: visible;\" role=\"presentation\" height=\"64\" width=\"64\"><span class=\"labelWrapper mask\"><span>Alarm Sounds</span></span></div><span data-is-icon=\"true\" class=\"options\"></span>"}, {bb0cd838-99d4-463a-924f-866e8583588d}, {bb0cd838-99d4-463a-924f-866e8583588d}
04-25 08:06:16.062 I/Gecko   (   84): 1398438376075	Marionette	INFO	sendToClient: {"from":"0","value":"<div><img src=\"blob:62d4afee-3b90-4756-9891-b931d686bf3f\" style=\"visibility: visible;\" role=\"presentation\" height=\"64\" width=\"64\"><span class=\"labelWrapper\"><span>Art</span></span></div><span data-is-icon=\"true\" class=\"options\"></span>"}, {0e22db4d-2788-4eb4-8d6d-5cc8aea0182c}, {0e22db4d-2788-4eb4-8d6d-5cc8aea0182c}
04-25 08:06:16.082 I/Gecko   (   84): 1398438376086	Marionette	INFO	sendToClient: {"from":"0","value":"<div><img src=\"blob:dbbf5c03-dff8-4b18-8954-03cbf70de0e4\" style=\"visibility: visible;\" role=\"presentation\" height=\"64\" width=\"64\"><span class=\"labelWrapper\"><span>Marketplace</span></span></div><span data-is-icon=\"true\" class=\"options\"></span>"}, {8014faed-bc81-4d56-8fa7-d85988736373}, {8014faed-bc81-4d56-8fa7-d85988736373}
04-25 08:06:16.092 I/Gecko   (   84): 1398438376097	Marionette	INFO	sendToClient: {"from":"0","value":"<div><img src=\"blob:bc0df10f-c8fb-476d-bfb6-15981f12bc60\" style=\"visibility: visible;\" role=\"presentation\" height=\"64\" width=\"64\"><span class=\"labelWrapper\"><span>FlappyStoch</span></span></div><span data-is-icon=\"true\" class=\"options\"></span>"}, {fbd38381-f625-492e-a7e8-3e92196072ba}, {fbd38381-f625-492e-a7e8-3e92196072ba}
04-25 08:06:16.102 I/Gecko   (   84): 1398438376108	Marionette	INFO	sendToClient: {"from":"0","value":"<div><img src=\"blob:0db2872c-4293-4d8e-ad81-be30e83f5225\" style=\"visibility: visible;\" role=\"presentation\" height=\"64\" width=\"64\"><span class=\"labelWrapper\"><span>Phone</span></span></div>"}, {05a47b55-7d9a-4eed-a94a-b3adf1fdcf13}, {05a47b55-7d9a-4eed-a94a-b3adf1fdcf13}
04-25 08:06:16.112 I/Gecko   (   84): 1398438376119	Marionette	INFO	sendToClient: {"from":"0","value":"<div><img src=\"blob:3f96e379-83bf-4d80-a718-de5342c88617\" style=\"visibility: visible;\" role=\"presentation\" height=\"64\" width=\"64\"><span class=\"labelWrapper\"><span>Messages</span></span></div>"}, {775d0d7b-12c1-430a-8314-11e29a849470}, {775d0d7b-12c1-430a-8314-11e29a849470}
04-25 08:06:16.112 I/GonkMemoryPressure(  553): Checking to see if memory pressure is over.
04-25 08:06:16.112 I/GonkMemoryPressure(  553): Memory pressure is over.
04-25 08:06:16.122 I/GonkMemoryPressure(   84): Checking to see if memory pressure is over.
04-25 08:06:16.122 I/GonkMemoryPressure(   84): Memory pressure is over.
04-25 08:06:16.122 I/Gecko   (   84): 1398438376131	Marionette	INFO	sendToClient: {"from":"0","value":"<div><img src=\"blob:07ccd57d-6b6d-43f7-aabc-3d7f4ac1d6d8\" style=\"visibility: visible;\" role=\"presentation\" height=\"64\" width=\"64\"><span class=\"labelWrapper\"><span>Contacts</span></span></div>"}, {2c132344-a82c-42b5-88d0-c5e8e7224b13}, {2c132344-a82c-42b5-88d0-c5e8e7224b13}
04-25 08:06:16.132 I/Gecko   (   84): 1398438376141	Marionette	INFO	sendToClient: {"from":"0","value":"<div><img src=\"blob:2a144498-7ac4-49d2-aca2-38d9230eb6a2\" style=\"visibility: visible;\" role=\"presentation\" height=\"64\" width=\"64\"><span class=\"labelWrapper\"><span>Browser</span></span></div>"}, {99b4fc08-48eb-45f2-886c-e16c0cd32487}, {99b4fc08-48eb-45f2-886c-e16c0cd32487}
04-25 08:06:16.152 I/GonkMemoryPressure(  584): Checking to see if memory pressure is over.
04-25 08:06:16.152 I/GonkMemoryPressure(  584): Memory pressure is over.
04-25 08:06:18.162 I/Gecko   (   84): 1398438378167	Marionette	INFO	sendToClient: {"from":"0","value":["{e904435a-f25e-4470-8956-7f13f5805021}","{f130fe22-4b22-4215-9bf1-98a2027a1b02}","{cf196088-9f4e-49ae-b05f-cb6203f4c02a}","{aa1ad713-a099-4863-b507-62edae67c5a7}","{085629a3-fe60-467e-bb58-393560b7a2ab}","{604b34ef-5398-4311-97ab-07443abc566c}","{c0e41921-15c2-47b5-951e-ed825e1e1a2f}","{3358cba4-edb9-42d4-a308-4e56ce840013}","{3c4c21f6-f637-47b2-819f-fdc92ab1bfd3}","{a613e6d4-e0b8-40e5-849f-c7932ea02acf}","{5f85b796-6101-4c74-83ce-3fa1c30b8f74}","{e561dd5c-0c70-4d58-b6b5-0d834d4389e2}","{2cc57023-eb74-434f-98c7-876074eb25b5}","{bfa52b4e-ef2f-48b8-8ff8-a14f25b6da56}","{fc148db6-438e-4327-964a-60f35541542a}","{d2c33fb3-3df4-4fac-a940-2a0cfc563f5a}","{ca9218de-ebcb-4110-a97a-207e83c73164}","{8872f31e-a9be-4bf2-94a1-afdba6661cfe}","{2960e480-d7a6-47a9-9d91-00e2f51edcec}","{5fd2a579-32f2-4d02-a1e1-9d46f3ccbc16}","{353493f3-3792-49e0-b716-86e081fc1969}","{66e822fa-73e6-4450-a29c-93b94adb0003}","{4df55a8d-28bd-4375-949b-c6a620b6b5ca}","{c6aaa5da-0d66
04-25 08:06:18.172 I/Gecko   (   84): 1398438378177	Marionette	INFO	sendToClient: {"from":"0","value":"<div><img src=\"blob:a297bace-a1a6-4d47-b4fe-a8e7b9d15221\" style=\"visibility: visible;\" role=\"presentation\" height=\"64\" width=\"64\"><span class=\"labelWrapper\"><span>Social</span></span></div><span data-is-icon=\"true\" class=\"options\"></span>"}, {70bf040d-6bf1-4f60-8af3-707d3560158b}, {70bf040d-6bf1-4f60-8af3-707d3560158b}
04-25 08:06:18.182 I/Gecko   (   84): 1398438378187	Marionette	INFO	sendToClient: {"from":"0","value":"<div><img src=\"blob:786ff7fa-9a43-4d0d-b61e-ef1a525b2b6f\" style=\"visibility: visible;\" role=\"presentation\" height=\"64\" width=\"64\"><span class=\"labelWrapper\"><span>Games</span></span></div><span data-is-icon=\"true\" class=\"options\"></span>"}, {9cb02699-86e3-485c-bbd4-0f8e757deaa4}, {9cb02699-86e3-485c-bbd4-0f8e757deaa4}
04-25 08:06:18.192 I/Gecko   (   84): 1398438378197	Marionette	INFO	sendToClient: {"from":"0","value":"<div><img src=\"blob:60911aa2-6d9f-46ee-9479-390a1fbd40f8\" style=\"visibility: visible;\" role=\"presentation\" height=\"64\" width=\"64\"><span class=\"labelWrapper\"><span>Music</span></span></div><span data-is-icon=\"true\" class=\"options\"></span>"}, {a3ff7147-9cc2-4698-ac52-755c413a9093}, {a3ff7147-9cc2-4698-ac52-755c413a9093}
04-25 08:06:18.202 I/Gecko   (   84): 1398438378207	Marionette	INFO	sendToClient: {"from":"0","value":"<div><img src=\"blob:f6fef36b-5e26-45a1-acd7-e3255aec38a3\" style=\"visibility: visible;\" role=\"presentation\" height=\"64\" width=\"64\"><span class=\"labelWrapper\"><span>Showbiz</span></span></div><span data-is-icon=\"true\" class=\"options\"></span>"}, {5d84564d-9c3a-4ea2-84bf-08dab2e7a412}, {5d84564d-9c3a-4ea2-84bf-08dab2e7a412}
04-25 08:06:18.212 I/Gecko   (   84): 1398438378217	Marionette	INFO	sendToClient: {"from":"0","value":"<div><img src=\"blob:0a7cc741-4844-41a0-b14a-4171b37c57e4\" style=\"visibility: visible;\" role=\"presentation\" height=\"64\" width=\"64\"><span class=\"labelWrapper\"><span>Camera</span></span></div>"}, {fe26eab8-e308-478b-9c78-423a70c66304}, {fe26eab8-e308-478b-9c78-423a70c66304}
04-25 08:06:18.222 I/Gecko   (   84): 1398438378227	Marionette	INFO	sendToClient: {"from":"0","value":"<div><img src=\"blob:39790938-62ca-4372-82d9-321693d2bb50\" style=\"visibility: visible;\" role=\"presentation\" height=\"64\" width=\"64\"><span class=\"labelWrapper\"><span>Gallery</span></span></div>"}, {485a336d-57c7-44c7-96a2-e459d28b7851}, {485a336d-57c7-44c7-96a2-e459d28b7851}
04-25 08:06:18.232 I/Gecko   (   84): 1398438378237	Marionette	INFO	sendToClient: {"from":"0","value":"<div><img src=\"blob:84b334c6-a8a8-4ee8-b305-203c21a49568\" style=\"visibility: visible;\" role=\"presentation\" height=\"64\" width=\"64\"><span class=\"labelWrapper\"><span>FM Radio</span></span></div>"}, {5e06e962-5374-4aeb-8997-af4360933419}, {5e06e962-5374-4aeb-8997-af4360933419}
04-25 08:06:18.242 I/Gecko   (   84): 1398438378247	Marionette	INFO	sendToClient: {"from":"0","value":"<div><img src=\"blob:b2ab8871-a8af-4145-a8ca-f5dced198683\" style=\"visibility: visible;\" role=\"presentation\" height=\"64\" width=\"64\"><span class=\"labelWrapper\"><span>Settings</span></span></div>"}, {3a2dd778-ac5f-4401-8bf4-359153a53b18}, {3a2dd778-ac5f-4401-8bf4-359153a53b18}
04-25 08:06:18.252 I/Gecko   (   84): 1398438378257	Marionette	INFO	sendToClient: {"from":"0","value":"<div><img src=\"blob:48fc082d-507b-4806-951e-06b2d48eb107\" style=\"visibility: visible;\" role=\"presentation\" height=\"64\" width=\"64\"><span class=\"labelWrapper\"><span>Marketplace</span></span></div>"}, {c188cfda-b80c-4772-a4e3-4ed128a5433d}, {c188cfda-b80c-4772-a4e3-4ed128a5433d}
04-25 08:06:18.262 I/Gecko   (   84): 1398438378266	Marionette	INFO	sendToClient: {"from":"0","value":"<div><img src=\"blob:d66c9c7b-28be-4745-a78f-2cb4fa3c30c0\" style=\"visibility: visible;\" role=\"presentation\" height=\"64\" width=\"64\"><span class=\"labelWrapper\"><span>Calendar</span></span></div>"}, {4f2dab63-48a5-43c3-9493-adf1f9788dcf}, {4f2dab63-48a5-43c3-9493-adf1f9788dcf}
04-25 08:06:18.272 I/Gecko   (   84): 1398438378276	Marionette	INFO	sendToClient: {"from":"0","value":"<div><img src=\"blob:172bf933-baab-4e69-917f-7de50c5521ca\" style=\"visibility: visible;\" role=\"presentation\" height=\"64\" width=\"64\"><span class=\"labelWrapper\"><span>Clock</span></span></div>"}, {11b961fe-5548-49b8-b5d3-b3423825831d}, {11b961fe-5548-49b8-b5d3-b3423825831d}
04-25 08:06:18.282 I/Gecko   (   84): 1398438378286	Marionette	INFO	sendToClient: {"from":"0","value":"<div><img src=\"blob:31cca5d4-dca2-4f1a-857b-cea55c1c5b21\" style=\"visibility: visible;\" role=\"presentation\" height=\"64\" width=\"64\"><span class=\"labelWrapper\"><span>Usage</span></span></div>"}, {bb9ba1c5-b15b-4f3c-a4b7-e5738a4b81f2}, {bb9ba1c5-b15b-4f3c-a4b7-e5738a4b81f2}
04-25 08:06:18.292 I/Gecko   (   84): 1398438378296	Marionette	INFO	sendToClient: {"from":"0","value":"<div><img src=\"blob:747cdadd-5ea9-4c42-aa48-639db2d86ccf\" style=\"visibility: visible;\" role=\"presentation\" height=\"64\" width=\"64\"><span class=\"labelWrapper\"><span>E-Mail</span></span></div>"}, {a061c79b-5f2e-46da-84d0-c4f15bfef254}, {a061c79b-5f2e-46da-84d0-c4f15bfef254}
04-25 08:06:18.312 I/Gecko   (   84): 1398438378317	Marionette	INFO	sendToClient: {"from":"0","value":"<div><img src=\"blob:aa0b9d57-054c-4e2d-9406-fd1794e270d5\" style=\"visibility: visible;\" role=\"presentation\" height=\"64\" width=\"64\"><span class=\"labelWrapper\"><span>Music</span></span></div>"}, {b2567633-c90e-4edb-a073-78e14288e222}, {b2567633-c90e-4edb-a073-78e14288e222}
04-25 08:06:18.332 I/Gecko   (   84): 1398438378338	Marionette	INFO	sendToClient: {"from":"0","value":"<div><img src=\"blob:338ca763-c8a6-41fc-abf6-58e26e1abf92\" style=\"visibility: visible;\" role=\"presentation\" height=\"64\" width=\"64\"><span class=\"labelWrapper\"><span>Video</span></span></div>"}, {a80caef0-0287-4335-a587-03454f9856b5}, {a80caef0-0287-4335-a587-03454f9856b5}
04-25 08:06:18.342 I/Gecko   (   84): 1398438378351	Marionette	INFO	sendToClient: {"from":"0","value":"<div><img src=\"blob:429f155a-b5fc-4a60-8403-ccb3491f6d8f\" style=\"visibility: visible;\" role=\"presentation\" height=\"64\" width=\"64\"><span class=\"labelWrapper\"><span>ConnectA2</span></span></div><span data-is-icon=\"true\" class=\"options\"></span>"}, {7b1cfe65-a771-4a97-88ac-10a7e2770d0d}, {7b1cfe65-a771-4a97-88ac-10a7e2770d0d}
04-25 08:06:18.362 I/Gecko   (   84): 1398438378366	Marionette	INFO	sendToClient: {"from":"0","value":"<div><img src=\"blob:c353bb8c-a89a-4bf0-9091-8a747910229c\" style=\"visibility: visible;\" role=\"presentation\" height=\"64\" width=\"64\"><span class=\"labelWrapper\"><span>Word Wars</span></span></div><span data-is-icon=\"true\" class=\"options\"></span>"}, {f1705bb3-3ec4-4ed7-96bd-959371094a2a}, {f1705bb3-3ec4-4ed7-96bd-959371094a2a}
04-25 08:06:18.372 I/Gecko   (   84): 1398438378376	Marionette	INFO	sendToClient: {"from":"0","value":"<div><img src=\"blob:51f328b0-e7ab-4250-bf2c-690a90ab7e05\" style=\"visibility: visible;\" role=\"presentation\" height=\"64\" width=\"64\"><span class=\"labelWrapper\"><span>Rormix</span></span></div><span data-is-icon=\"true\" class=\"options\"></span>"}, {f2c412c5-99fd-445c-b761-aef529628fdb}, {f2c412c5-99fd-445c-b761-aef529628fdb}
04-25 08:06:18.392 I/Gecko   (   84): 1398438378398	Marionette	INFO	sendToClient: {"from":"0","value":"<div><img src=\"blob:f3483cde-5bfd-4147-b41c-c64df93b6026\" style=\"visibility: visible;\" role=\"presentation\" height=\"64\" width=\"64\"><span class=\"labelWrapper\"><span>Cheer Up!</span></span></div><span data-is-icon=\"true\" class=\"options\"></span>"}, {850e8f82-2dd5-493f-923b-f50460ba07a7}, {850e8f82-2dd5-493f-923b-f50460ba07a7}
04-25 08:06:18.402 I/Gecko   (   84): 1398438378408	Marionette	INFO	sendToClient: {"from":"0","value":"<div><img src=\"blob:54ae86ec-ca90-4caf-8055-10a2b69b0dce\" style=\"visibility: visible;\" role=\"presentation\" height=\"64\" width=\"64\"><span class=\"labelWrapper mask\"><span>Duck Sounds</span></span></div><span data-is-icon=\"true\" class=\"options\"></span>"}, {49409bf6-c569-4b10-90db-4e23690d0d41}, {49409bf6-c569-4b10-90db-4e23690d0d41}
04-25 08:06:18.412 I/Gecko   (   84): 1398438378425	Marionette	INFO	sendToClient: {"from":"0","value":"<div><img src=\"blob:1235fc43-1c45-4ced-840a-927bd866892a\" style=\"visibility: visible;\" role=\"presentation\" height=\"64\" width=\"64\"><span class=\"labelWrapper mask\"><span>Alarm Sounds</span></span></div><span data-is-icon=\"true\" class=\"options\"></span>"}, {2e86dd24-2332-4ec5-8592-f2f4efa03964}, {2e86dd24-2332-4ec5-8592-f2f4efa03964}
04-25 08:06:18.432 I/Gecko   (   84): 1398438378437	Marionette	INFO	sendToClient: {"from":"0","value":"<div><img src=\"blob:62d4afee-3b90-4756-9891-b931d686bf3f\" style=\"visibility: visible;\" role=\"presentation\" height=\"64\" width=\"64\"><span class=\"labelWrapper\"><span>Art</span></span></div><span data-is-icon=\"true\" class=\"options\"></span>"}, {7981649b-6ae2-4a91-84fd-648be0b3340e}, {7981649b-6ae2-4a91-84fd-648be0b3340e}
04-25 08:06:18.442 I/Gecko   (   84): 1398438378447	Marionette	INFO	sendToClient: {"from":"0","value":"<div><img src=\"blob:dbbf5c03-dff8-4b18-8954-03cbf70de0e4\" style=\"visibility: visible;\" role=\"presentation\" height=\"64\" width=\"64\"><span class=\"labelWrapper\"><span>Marketplace</span></span></div><span data-is-icon=\"true\" class=\"options\"></span>"}, {f0f73ef3-33a5-47a0-997c-f0ebd229dc8b}, {f0f73ef3-33a5-47a0-997c-f0ebd229dc8b}
04-25 08:06:18.452 I/Gecko   (   84): 1398438378457	Marionette	INFO	sendToClient: {"from":"0","value":"<div><img src=\"blob:bc0df10f-c8fb-476d-bfb6-15981f12bc60\" style=\"visibility: visible;\" role=\"presentation\" height=\"64\" width=\"64\"><span class=\"labelWrapper\"><span>FlappyStoch</span></span></div><span data-is-icon=\"true\" class=\"options\"></span>"}, {0443d2cf-7d30-4aff-b688-125222507179}, {0443d2cf-7d30-4aff-b688-125222507179}
04-25 08:06:18.462 I/Gecko   (   84): 1398438378467	Marionette	INFO	sendToClient: {"from":"0","value":"<div><img src=\"blob:0db2872c-4293-4d8e-ad81-be30e83f5225\" style=\"visibility: visible;\" role=\"presentation\" height=\"64\" width=\"64\"><span class=\"labelWrapper\"><span>Phone</span></span></div>"}, {a510c739-1e4f-4784-b4f0-41fc473ea867}, {a510c739-1e4f-4784-b4f0-41fc473ea867}
04-25 08:06:18.472 I/Gecko   (   84): 1398438378477	Marionette	INFO	sendToClient: {"from":"0","value":"<div><img src=\"blob:3f96e379-83bf-4d80-a718-de5342c88617\" style=\"visibility: visible;\" role=\"presentation\" height=\"64\" width=\"64\"><span class=\"labelWrapper\"><span>Messages</span></span></div>"}, {5560c4f4-c697-484a-9738-241b9afadfd3}, {5560c4f4-c697-484a-9738-241b9afadfd3}
04-25 08:06:18.482 I/Gecko   (   84): 1398438378487	Marionette	INFO	sendToClient: {"from":"0","value":"<div><img src=\"blob:07ccd57d-6b6d-43f7-aabc-3d7f4ac1d6d8\" style=\"visibility: visible;\" role=\"presentation\" height=\"64\" width=\"64\"><span class=\"labelWrapper\"><span>Contacts</span></span></div>"}, {e82a238f-2e55-41e9-aa49-86fba2647870}, {e82a238f-2e55-41e9-aa49-86fba2647870}
04-25 08:06:18.492 I/Gecko   (   84): 1398438378497	Marionette	INFO	sendToClient: {"from":"0","value":"<div><img src=\"blob:2a144498-7ac4-49d2-aca2-38d9230eb6a2\" style=\"visibility: visible;\" role=\"presentation\" height=\"64\" width=\"64\"><span class=\"labelWrapper\"><span>Browser</span></span></div>"}, {ce7599b7-ddda-4ba6-a7fd-1ce06e7ff6dd}, {ce7599b7-ddda-4ba6-a7fd-1ce06e7ff6dd}
04-25 08:06:20.082 W/WifiHW  (   84): wifi_command: SIGNAL_POLL
04-25 08:06:20.522 I/Gecko   (   84): 1398438380527	Marionette	INFO	sendToClient: {"from":"0","value":["{e904435a-f25e-4470-8956-7f13f5805021}","{f130fe22-4b22-4215-9bf1-98a2027a1b02}","{cf196088-9f4e-49ae-b05f-cb6203f4c02a}","{aa1ad713-a099-4863-b507-62edae67c5a7}","{085629a3-fe60-467e-bb58-393560b7a2ab}","{604b34ef-5398-4311-97ab-07443abc566c}","{c0e41921-15c2-47b5-951e-ed825e1e1a2f}","{3358cba4-edb9-42d4-a308-4e56ce840013}","{3c4c21f6-f637-47b2-819f-fdc92ab1bfd3}","{a613e6d4-e0b8-40e5-849f-c7932ea02acf}","{5f85b796-6101-4c74-83ce-3fa1c30b8f74}","{e561dd5c-0c70-4d58-b6b5-0d834d4389e2}","{2cc57023-eb74-434f-98c7-876074eb25b5}","{bfa52b4e-ef2f-48b8-8ff8-a14f25b6da56}","{fc148db6-438e-4327-964a-60f35541542a}","{d2c33fb3-3df4-4fac-a940-2a0cfc563f5a}","{ca9218de-ebcb-4110-a97a-207e83c73164}","{8872f31e-a9be-4bf2-94a1-afdba6661cfe}","{2960e480-d7a6-47a9-9d91-00e2f51edcec}","{5fd2a579-32f2-4d02-a1e1-9d46f3ccbc16}","{353493f3-3792-49e0-b716-86e081fc1969}","{66e822fa-73e6-4450-a29c-93b94adb0003}","{4df55a8d-28bd-4375-949b-c6a620b6b5ca}","{c6aaa5da-0d66
04-25 08:06:20.532 I/Gecko   (   84): 1398438380538	Marionette	INFO	sendToClient: {"from":"0","value":"<div><img src=\"blob:a297bace-a1a6-4d47-b4fe-a8e7b9d15221\" style=\"visibility: visible;\" role=\"presentation\" height=\"64\" width=\"64\"><span class=\"labelWrapper\"><span>Social</span></span></div><span data-is-icon=\"true\" class=\"options\"></span>"}, {1833c823-2277-4920-9941-e59e900c02d5}, {1833c823-2277-4920-9941-e59e900c02d5}
04-25 08:06:20.542 I/Gecko   (   84): 1398438380547	Marionette	INFO	sendToClient: {"from":"0","value":"<div><img src=\"blob:786ff7fa-9a43-4d0d-b61e-ef1a525b2b6f\" style=\"visibility: visible;\" role=\"presentation\" height=\"64\" width=\"64\"><span class=\"labelWrapper\"><span>Games</span></span></div><span data-is-icon=\"true\" class=\"options\"></span>"}, {b579c25a-c1d2-4e5b-931b-20fbea693b4f}, {b579c25a-c1d2-4e5b-931b-20fbea693b4f}
04-25 08:06:20.552 I/Gecko   (   84): 1398438380557	Marionette	INFO	sendToClient: {"from":"0","value":"<div><img src=\"blob:60911aa2-6d9f-46ee-9479-390a1fbd40f8\" style=\"visibility: visible;\" role=\"presentation\" height=\"64\" width=\"64\"><span class=\"labelWrapper\"><span>Music</span></span></div><span data-is-icon=\"true\" class=\"options\"></span>"}, {3b780007-a7b4-4c94-924e-6c0db2a1d299}, {3b780007-a7b4-4c94-924e-6c0db2a1d299}
04-25 08:06:20.562 I/Gecko   (   84): 1398438380567	Marionette	INFO	sendToClient: {"from":"0","value":"<div><img src=\"blob:f6fef36b-5e26-45a1-acd7-e3255aec38a3\" style=\"visibility: visible;\" role=\"presentation\" height=\"64\" width=\"64\"><span class=\"labelWrapper\"><span>Showbiz</span></span></div><span data-is-icon=\"true\" class=\"options\"></span>"}, {ac30e370-09c6-4850-9185-f711d544f71f}, {ac30e370-09c6-4850-9185-f711d544f71f}
04-25 08:06:20.572 I/Gecko   (   84): 1398438380577	Marionette	INFO	sendToClient: {"from":"0","value":"<div><img src=\"blob:0a7cc741-4844-41a0-b14a-4171b37c57e4\" style=\"visibility: visible;\" role=\"presentation\" height=\"64\" width=\"64\"><span class=\"labelWrapper\"><span>Camera</span></span></div>"}, {59c3e34f-0831-475a-a2cd-0d01fabbc338}, {59c3e34f-0831-475a-a2cd-0d01fabbc338}
04-25 08:06:20.592 I/Gecko   (   84): 1398438380598	Marionette	INFO	sendToClient: {"from":"0","value":"<div><img src=\"blob:39790938-62ca-4372-82d9-321693d2bb50\" style=\"visibility: visible;\" role=\"presentation\" height=\"64\" width=\"64\"><span class=\"labelWrapper\"><span>Gallery</span></span></div>"}, {95f9c529-05b6-49f7-aef4-c023b73457f5}, {95f9c529-05b6-49f7-aef4-c023b73457f5}
04-25 08:06:20.602 I/Gecko   (   84): 1398438380608	Marionette	INFO	sendToClient: {"from":"0","value":"<div><img src=\"blob:84b334c6-a8a8-4ee8-b305-203c21a49568\" style=\"visibility: visible;\" role=\"presentation\" height=\"64\" width=\"64\"><span class=\"labelWrapper\"><span>FM Radio</span></span></div>"}, {7e6cf9cb-57f3-46c7-9a47-6598878a7819}, {7e6cf9cb-57f3-46c7-9a47-6598878a7819}
04-25 08:06:20.612 I/Gecko   (   84): 1398438380618	Marionette	INFO	sendToClient: {"from":"0","value":"<div><img src=\"blob:b2ab8871-a8af-4145-a8ca-f5dced198683\" style=\"visibility: visible;\" role=\"presentation\" height=\"64\" width=\"64\"><span class=\"labelWrapper\"><span>Settings</span></span></div>"}, {54acbfb4-b392-4222-8b82-9b5b3369f5b5}, {54acbfb4-b392-4222-8b82-9b5b3369f5b5}
04-25 08:06:20.622 I/Gecko   (   84): 1398438380628	Marionette	INFO	sendToClient: {"from":"0","value":"<div><img src=\"blob:48fc082d-507b-4806-951e-06b2d48eb107\" style=\"visibility: visible;\" role=\"presentation\" height=\"64\" width=\"64\"><span class=\"labelWrapper\"><span>Marketplace</span></span></div>"}, {5e77b33c-181c-45ec-9d97-68897e8f4c8c}, {5e77b33c-181c-45ec-9d97-68897e8f4c8c}
04-25 08:06:20.632 I/Gecko   (   84): 1398438380638	Marionette	INFO	sendToClient: {"from":"0","value":"<div><img src=\"blob:d66c9c7b-28be-4745-a78f-2cb4fa3c30c0\" style=\"visibility: visible;\" role=\"presentation\" height=\"64\" width=\"64\"><span class=\"labelWrapper\"><span>Calendar</span></span></div>"}, {b985c02d-8958-42ae-b02b-99a2a3e961c2}, {b985c02d-8958-42ae-b02b-99a2a3e961c2}
04-25 08:06:20.642 I/Gecko   (   84): 1398438380647	Marionette	INFO	sendToClient: {"from":"0","value":"<div><img src=\"blob:172bf933-baab-4e69-917f-7de50c5521ca\" style=\"visibility: visible;\" role=\"presentation\" height=\"64\" width=\"64\"><span class=\"labelWrapper\"><span>Clock</span></span></div>"}, {4ec40562-53a7-4c30-ba08-e7620264e4a9}, {4ec40562-53a7-4c30-ba08-e7620264e4a9}
04-25 08:06:20.652 I/Gecko   (   84): 1398438380657	Marionette	INFO	sendToClient: {"from":"0","value":"<div><img src=\"blob:31cca5d4-dca2-4f1a-857b-cea55c1c5b21\" style=\"visibility: visible;\" role=\"presentation\" height=\"64\" width=\"64\"><span class=\"labelWrapper\"><span>Usage</span></span></div>"}, {6de848a7-f695-4c3c-b096-03e2c3069afe}, {6de848a7-f695-4c3c-b096-03e2c3069afe}
04-25 08:06:20.662 I/Gecko   (   84): 1398438380666	Marionette	INFO	sendToClient: {"from":"0","value":"<div><img src=\"blob:747cdadd-5ea9-4c42-aa48-639db2d86ccf\" style=\"visibility: visible;\" role=\"presentation\" height=\"64\" width=\"64\"><span class=\"labelWrapper\"><span>E-Mail</span></span></div>"}, {ca4aa392-3706-4bf7-828e-266af04f1663}, {ca4aa392-3706-4bf7-828e-266af04f1663}
04-25 08:06:20.672 I/Gecko   (   84): 1398438380676	Marionette	INFO	sendToClient: {"from":"0","value":"<div><img src=\"blob:aa0b9d57-054c-4e2d-9406-fd1794e270d5\" style=\"visibility: visible;\" role=\"presentation\" height=\"64\" width=\"64\"><span class=\"labelWrapper\"><span>Music</span></span></div>"}, {edfd8859-2952-4ee4-8b66-77211797512c}, {edfd8859-2952-4ee4-8b66-77211797512c}
04-25 08:06:20.682 I/Gecko   (   84): 1398438380688	Marionette	INFO	sendToClient: {"from":"0","value":"<div><img src=\"blob:338ca763-c8a6-41fc-abf6-58e26e1abf92\" style=\"visibility: visible;\" role=\"presentation\" height=\"64\" width=\"64\"><span class=\"labelWrapper\"><span>Video</span></span></div>"}, {a7621903-fcd4-46b7-897f-201a097fb17b}, {a7621903-fcd4-46b7-897f-201a097fb17b}
04-25 08:06:20.692 I/Gecko   (   84): 1398438380698	Marionette	INFO	sendToClient: {"from":"0","value":"<div><img src=\"blob:429f155a-b5fc-4a60-8403-ccb3491f6d8f\" style=\"visibility: visible;\" role=\"presentation\" height=\"64\" width=\"64\"><span class=\"labelWrapper\"><span>ConnectA2</span></span></div><span data-is-icon=\"true\" class=\"options\"></span>"}, {83c93e1c-f991-415f-a13b-99e6d9d3fcfd}, {83c93e1c-f991-415f-a13b-99e6d9d3fcfd}
04-25 08:06:20.702 I/Gecko   (   84): 1398438380707	Marionette	INFO	sendToClient: {"from":"0","value":"<div><img src=\"blob:c353bb8c-a89a-4bf0-9091-8a747910229c\" style=\"visibility: visible;\" role=\"presentation\" height=\"64\" width=\"64\"><span class=\"labelWrapper\"><span>Word Wars</span></span></div><span data-is-icon=\"true\" class=\"options\"></span>"}, {19c08c2f-5348-45cb-9db3-cc62f5cceb90}, {19c08c2f-5348-45cb-9db3-cc62f5cceb90}
04-25 08:06:20.712 I/Gecko   (   84): 1398438380718	Marionette	INFO	sendToClient: {"from":"0","value":"<div><img src=\"blob:51f328b0-e7ab-4250-bf2c-690a90ab7e05\" style=\"visibility: visible;\" role=\"presentation\" height=\"64\" width=\"64\"><span class=\"labelWrapper\"><span>Rormix</span></span></div><span data-is-icon=\"true\" class=\"options\"></span>"}, {e9074a61-726b-4494-884a-3b5d5d8f31f2}, {e9074a61-726b-4494-884a-3b5d5d8f31f2}
04-25 08:06:20.722 I/Gecko   (   84): 1398438380727	Marionette	INFO	sendToClient: {"from":"0","value":"<div><img src=\"blob:f3483cde-5bfd-4147-b41c-c64df93b6026\" style=\"visibility: visible;\" role=\"presentation\" height=\"64\" width=\"64\"><span class=\"labelWrapper\"><span>Cheer Up!</span></span></div><span data-is-icon=\"true\" class=\"options\"></span>"}, {a515c24c-41c3-4947-bac6-7b3b8fe9f2c3}, {a515c24c-41c3-4947-bac6-7b3b8fe9f2c3}
04-25 08:06:20.732 I/Gecko   (   84): 1398438380737	Marionette	INFO	sendToClient: {"from":"0","value":"<div><img src=\"blob:54ae86ec-ca90-4caf-8055-10a2b69b0dce\" style=\"visibility: visible;\" role=\"presentation\" height=\"64\" width=\"64\"><span class=\"labelWrapper mask\"><span>Duck Sounds</span></span></div><span data-is-icon=\"true\" class=\"options\"></span>"}, {fe4b5021-960a-4427-a102-84d5b3666c53}, {fe4b5021-960a-4427-a102-84d5b3666c53}
04-25 08:06:20.742 I/Gecko   (   84): 1398438380747	Marionette	INFO	sendToClient: {"from":"0","value":"<div><img src=\"blob:1235fc43-1c45-4ced-840a-927bd866892a\" style=\"visibility: visible;\" role=\"presentation\" height=\"64\" width=\"64\"><span class=\"labelWrapper mask\"><span>Alarm Sounds</span></span></div><span data-is-icon=\"true\" class=\"options\"></span>"}, {c1fa558d-4bcf-43fd-9a2c-8a14a0c39360}, {c1fa558d-4bcf-43fd-9a2c-8a14a0c39360}
04-25 08:06:20.752 I/Gecko   (   84): 1398438380757	Marionette	INFO	sendToClient: {"from":"0","value":"<div><img src=\"blob:62d4afee-3b90-4756-9891-b931d686bf3f\" style=\"visibility: visible;\" role=\"presentation\" height=\"64\" width=\"64\"><span class=\"labelWrapper\"><span>Art</span></span></div><span data-is-icon=\"true\" class=\"options\"></span>"}, {626f8b47-a2d7-41ab-86bb-2f5a28e889a3}, {626f8b47-a2d7-41ab-86bb-2f5a28e889a3}
04-25 08:06:20.762 I/Gecko   (   84): 1398438380767	Marionette	INFO	sendToClient: {"from":"0","value":"<div><img src=\"blob:dbbf5c03-dff8-4b18-8954-03cbf70de0e4\" style=\"visibility: visible;\" role=\"presentation\" height=\"64\" width=\"64\"><span class=\"labelWrapper\"><span>Marketplace</span></span></div><span data-is-icon=\"true\" class=\"options\"></span>"}, {52e6dde2-c0a5-4129-a377-8a8669ebb52d}, {52e6dde2-c0a5-4129-a377-8a8669ebb52d}
04-25 08:06:20.772 I/Gecko   (   84): 1398438380776	Marionette	INFO	sendToClient: {"from":"0","value":"<div><img src=\"blob:bc0df10f-c8fb-476d-bfb6-15981f12bc60\" style=\"visibility: visible;\" role=\"presentation\" height=\"64\" width=\"64\"><span class=\"labelWrapper\"><span>FlappyStoch</span></span></div><span data-is-icon=\"true\" class=\"options\"></span>"}, {6db865a6-9a97-4962-a992-18a4c482625c}, {6db865a6-9a97-4962-a992-18a4c482625c}
04-25 08:06:20.792 I/Gecko   (   84): 1398438380797	Marionette	INFO	sendToClient: {"from":"0","value":"<div><img src=\"blob:0db2872c-4293-4d8e-ad81-be30e83f5225\" style=\"visibility: visible;\" role=\"presentation\" height=\"64\" width=\"64\"><span class=\"labelWrapper\"><span>Phone</span></span></div>"}, {50866cb9-6d1e-47f5-87f8-011c1739d52e}, {50866cb9-6d1e-47f5-87f8-011c1739d52e}
04-25 08:06:20.802 I/Gecko   (   84): 1398438380806	Marionette	INFO	sendToClient: {"from":"0","value":"<div><img src=\"blob:3f96e379-83bf-4d80-a718-de5342c88617\" style=\"visibility: visible;\" role=\"presentation\" height=\"64\" width=\"64\"><span class=\"labelWrapper\"><span>Messages</span></span></div>"}, {2e3e41dd-5ed2-4a32-a6e8-c6d23a52aa27}, {2e3e41dd-5ed2-4a32-a6e8-c6d23a52aa27}
04-25 08:06:20.812 I/Gecko   (   84): 1398438380816	Marionette	INFO	sendToClient: {"from":"0","value":"<div><img src=\"blob:07ccd57d-6b6d-43f7-aabc-3d7f4ac1d6d8\" style=\"visibility: visible;\" role=\"presentation\" height=\"64\" width=\"64\"><span class=\"labelWrapper\"><span>Contacts</span></span></div>"}, {4bea6c6b-db53-4583-ba9a-51014773b061}, {4bea6c6b-db53-4583-ba9a-51014773b061}
04-25 08:06:20.822 I/Gecko   (   84): 1398438380825	Marionette	INFO	sendToClient: {"from":"0","value":"<div><img src=\"blob:2a144498-7ac4-49d2-aca2-38d9230eb6a2\" style=\"visibility: visible;\" role=\"presentation\" height=\"64\" width=\"64\"><span class=\"labelWrapper\"><span>Browser</span></span></div>"}, {5b2233cb-f0ba-486d-b0c0-06f21b066093}, {5b2233cb-f0ba-486d-b0c0-06f21b066093}
04-25 08:06:20.822 I/Gecko   (   84): 1398438380834	Marionette	INFO	sendToClient: {"from":"0","value":"app://homescreen.gaiamobile.org/index.html#root"}, {943dbf89-4a4c-478c-9db2-abe112c7cfcf}, {943dbf89-4a4c-478c-9db2-abe112c7cfcf}
04-25 08:06:20.832 I/Gecko   (   84): 1398438380839	Marionette	DEBUG	Got request: switchToFrame, data: {"to":"0","sessionId":"3-b2g","name":"switchToFrame","parameters":{"id":null,"focus":true}}, id: {2e53e448-4e23-40ea-8c9e-e7502aca9c3c}
04-25 08:06:20.852 I/Gecko   (   84): 1398438380858	Marionette	INFO	Switched to frame: {"frameValue":null}
04-25 08:06:20.962 I/Gecko   (   84): 1398438380973	Marionette	INFO	sendToClient: {"from":"0","ok":true}, {2e53e448-4e23-40ea-8c9e-e7502aca9c3c}, {2e53e448-4e23-40ea-8c9e-e7502aca9c3c}
04-25 08:06:20.972 I/Gecko   (   84): 1398438380979	Marionette	DEBUG	Got request: switchToFrame, data: {"to":"0","sessionId":"3-b2g","name":"switchToFrame","parameters":{"id":null,"focus":true}}, id: {18be3914-93f6-47c8-a628-6ee21bd7cc77}
04-25 08:06:20.972 I/Gecko   (   84): 1398438380980	Marionette	INFO	Switched to frame: {"frameValue":null}
04-25 08:06:21.072 I/Gecko   (   84): 1398438381082	Marionette	INFO	sendToClient: {"from":"0","ok":true}, {18be3914-93f6-47c8-a628-6ee21bd7cc77}, {18be3914-93f6-47c8-a628-6ee21bd7cc77}
04-25 08:06:21.082 I/Gecko   (   84): 1398438381088	Marionette	DEBUG	Got request: executeWithCallback, data: {"to":"0","sessionId":"3-b2g","name":"executeAsyncScript","parameters":{"specialPowers":false,"scriptTimeout":30000,"newSandbox":true,"args":[],"filename":"app_checker.py","script":"GaiaApps.launchWithManifestURL('https://marketplace.firefox.com/app/50685f08-e6a0-4e27-90c3-7caa47d14ab7/manifest.webapp')","line":106}}, id: {3e6b60ac-2219-4dc5-8e1f-14e17e73764e}
04-25 08:06:21.172 E/GeckoConsole(   84): Content JS LOG at dummy file:334 in GaiaApps.launch: launching app with name 'FlappyStoch'
04-25 08:06:21.302 I/Gonk    (   84): Setting nice for pid 584 to 18
04-25 08:06:21.302 I/Gonk    (   84): Changed nice for pid 584 from 0 to 18.
04-25 08:06:21.302 I/Gecko   (   84): [Parent 84] WARNING: waitpid failed pid:584 errno:10: file ../../../gecko/ipc/chromium/src/base/process_util_posix.cc, line 254
04-25 08:06:21.312 I/Gonk    (   84): Setting nice for pid 584 to 1
04-25 08:06:21.312 I/Gonk    (   84): Changed nice for pid 584 from 18 to 1.
04-25 08:06:21.782 E/[Gralloc-ERROR](   84): int gralloc_register_buffer(const gralloc_module_t*, const native_handle_t*):79 Unable to register handle 0x461a3d80 coming from different process: 84
04-25 08:06:21.812 E/[Gralloc-ERROR](   84): int gralloc_register_buffer(const gralloc_module_t*, const native_handle_t*):79 Unable to register handle 0x461a63d0 coming from different process: 84
04-25 08:06:22.182 D/Sensors (   84): activate handle=0; drv=0
04-25 08:06:22.182 D/Sensors (   84): Lis3dhSensor: Control set 1
04-25 08:06:22.182 D/Sensors (   84): Lis3dhSensor: mEnabled = 1
04-25 08:06:22.242 I/Gonk    (   84): Setting nice for pid 553 to 18
04-25 08:06:22.242 I/Gonk    (   84): Changed nice for pid 553 from 1 to 18.
04-25 08:06:23.042 E/GeckoConsole(  584): [JavaScript Warning: "Unknown property 'touch-action-delay'.  Declaration dropped." {file: "app://{fbc87886-4c93-442b-9f18-0d41bea887d2}/index.html" line: 24 column: 21 source: "			touch-action-delay: none;"}]
04-25 08:06:23.042 E/GeckoConsole(  584): [JavaScript Warning: "Unknown property 'touch-action'.  Declaration dropped." {file: "app://{fbc87886-4c93-442b-9f18-0d41bea887d2}/index.html" line: 25 column: 15 source: "			touch-action: none;"}]
04-25 08:06:23.042 E/GeckoConsole(  584): [JavaScript Warning: "Unknown property 'touch-action-delay'.  Declaration dropped." {file: "app://{fbc87886-4c93-442b-9f18-0d41bea887d2}/index.html" line: 29 column: 21 source: "			touch-action-delay: none;"}]
04-25 08:06:23.042 E/GeckoConsole(  584): [JavaScript Warning: "Unknown property 'touch-action'.  Declaration dropped." {file: "app://{fbc87886-4c93-442b-9f18-0d41bea887d2}/index.html" line: 30 column: 15 source: "			touch-action: none;"}]
04-25 08:06:23.702 I/Gecko   (   84): [Parent 84] WARNING: pipe error (126): Connection reset by peer: file ../../../gecko/ipc/chromium/src/chrome/common/ipc_channel_posix.cc, line 446
04-25 08:06:23.702 I/Gecko   (   84): 
04-25 08:06:23.702 I/Gecko   (   84): ###!!! [Parent][MessageChannel] Error: Channel error: cannot send/recv
04-25 08:06:23.702 I/Gecko   (   84): 
04-25 08:06:23.762 I/Gecko   (   84): [Parent 84] WARNING: pipe error (144): Connection reset by peer: file ../../../gecko/ipc/chromium/src/chrome/common/ipc_channel_posix.cc, line 446
04-25 08:06:23.762 I/Gecko   (   84): [Parent 84] WARNING: waitpid failed pid:553 errno:10: file ../../../gecko/ipc/chromium/src/base/process_util_posix.cc, line 254
04-25 08:06:23.902 E/GeckoConsole(  584): [JavaScript Warning: "Unknown property 'box-sizing'.  Declaration dropped." {file: "app://{fbc87886-4c93-442b-9f18-0d41bea887d2}/index.html" line: 0 column: 67 source: "-webkit-box-sizing:border-box;-moz-box-sizing:border-box;box-sizing:border-box;padding:1px;border:1px;display:block;width:4px;margin-top:1%;position:absolute;top:1%"}]
04-25 08:06:23.902 E/GeckoConsole(  584): [JavaScript Warning: "Unknown property 'box-sizing'.  Declaration dropped." {file: "app://{fbc87886-4c93-442b-9f18-0d41bea887d2}/index.html" line: 0 column: 111 source: "padding:0;margin:0;border:0;display:block;-webkit-box-sizing:content-box;-moz-box-sizing:content-box;box-sizing:content-box"}]
04-25 08:06:23.902 E/GeckoConsole(  584): [JavaScript Warning: "Unknown property 'box-sizing'.  Declaration dropped." {file: "app://{fbc87886-4c93-442b-9f18-0d41bea887d2}/index.html" line: 0 column: 111 source: "padding:0;margin:0;border:0;display:block;-webkit-box-sizing:content-box;-moz-box-sizing:content-box;box-sizing:content-box"}]
04-25 08:06:24.392 V/AudioPolicyManagerBase(   89): getDeviceForStrategy() from cache strategy 0, device 2
04-25 08:06:24.392 V/AudioPolicyManagerBase(   89): getOutput() stream 3, samplingRate 0, format 0, channels 3, flags 0
04-25 08:06:24.392 W/AudioFlinger(   89): Thread AudioOut_1 cannot connect to the power manager service
04-25 08:06:24.792 I/Gecko   (  584): Attempting load of libEGL.so
04-25 08:06:24.852 D/libEGL  (  584): loaded /system/lib/egl/libEGL_mali.so
04-25 08:06:24.872 D/libEGL  (  584): loaded /system/lib/egl/libGLESv1_CM_mali.so
04-25 08:06:24.872 D/libEGL  (  584): loaded /system/lib/egl/libGLESv2_mali.so
04-25 08:06:24.902 I/Gecko   (  584): SharedSurface_Gralloc::Create -------
04-25 08:06:24.912 I/Gecko   (  584): SharedSurface_Gralloc::Create: success -- surface 0x445938c0, GraphicBuffer 0x4457c880.
04-25 08:06:25.082 W/WifiHW  (   84): wifi_command: SIGNAL_POLL
04-25 08:06:25.502 I/Gecko   (  584): SharedSurface_Gralloc::Create -------
04-25 08:06:25.542 I/Gecko   (  584): SharedSurface_Gralloc::Create: success -- surface 0x44ff9a80, GraphicBuffer 0x44ffe900.
04-25 08:06:25.712 I/Gecko   (  584): SharedSurface_Gralloc::Create -------
04-25 08:06:25.742 I/Gecko   (  584): SharedSurface_Gralloc::Create: success -- surface 0x438315c0, GraphicBuffer 0x44ffe880.
04-25 08:06:25.762 I/Gecko   (  584): SharedSurface_Gralloc::Create -------
04-25 08:06:25.762 I/Gecko   (   84): [Parent 84] WARNING: waitpid failed pid:553 errno:10: file ../../../gecko/ipc/chromium/src/base/process_util_posix.cc, line 254
04-25 08:06:25.762 I/Gecko   (   84): [Parent 84] WARNING: Failed to deliver SIGKILL to 553!(3).: file ../../../gecko/ipc/chromium/src/chrome/common/process_watcher_posix_sigchld.cc, line 118
04-25 08:06:25.802 I/Gecko   (  584): SharedSurface_Gralloc::Create: success -- surface 0x445ff0c0, GraphicBuffer 0x44fff100.
04-25 08:06:26.942 I/Gecko   (  584): SharedSurface_Gralloc::Create -------
04-25 08:06:27.042 I/Gecko   (  584): SharedSurface_Gralloc::Create: success -- surface 0x445fff00, GraphicBuffer 0x43773000.
04-25 08:06:27.422 I/Gonk    (   84): Setting nice for pid 645 to 18
04-25 08:06:27.422 I/Gonk    (   84): Changed nice for pid 645 from 0 to 18.
