--------- beginning of /dev/log/main
04-25 05:00:46.677 I/Gecko   (   84): 1398427246685	Marionette	INFO	sendToClient: {"from":"0","ok":true}, {244b76c6-2e62-47e2-b04b-cd48f9ad7907}, {244b76c6-2e62-47e2-b04b-cd48f9ad7907}
04-25 05:00:46.707 I/Gecko   (   84): 1398427246720	Marionette	DEBUG	Got request: switchToFrame, data: {"to":"0","sessionId":"3-b2g","name":"switchToFrame","parameters":{"id":null,"focus":true}}, id: {f63a17eb-e9ff-44bf-bdac-761ef37a64da}
04-25 05:00:46.707 I/Gecko   (   84): 1398427246724	Marionette	INFO	Switched to frame: {"frameValue":null}
04-25 05:00:46.787 E/GeckoConsole( 1835): Content JS ERROR at app://homescreen.gaiamobile.org/gaia_build_defer_index.js:390 in loadSVConfFileError: Failed parsing singleVariant configuration file [js/singlevariantconf.json]:  [Exception... "File error: Not found"  nsresult: "0x80520012 (NS_ERROR_FILE_NOT_FOUND)"  location: "JS frame :: app://homescreen.gaiamobile.org/gaia_build_defer_index.js :: loadFile :: line 382"  data: no]
04-25 05:00:46.817 I/Gecko   (   84): 1398427246827	Marionette	INFO	sendToClient: {"from":"0","ok":true}, {f63a17eb-e9ff-44bf-bdac-761ef37a64da}, {f63a17eb-e9ff-44bf-bdac-761ef37a64da}
04-25 05:00:46.827 I/Gecko   (   84): 1398427246834	Marionette	DEBUG	Got request: executeWithCallback, data: {"to":"0","sessionId":"3-b2g","name":"executeAsyncScript","parameters":{"specialPowers":false,"scriptTimeout":null,"newSandbox":true,"args":[],"filename":"gaia_test.py","script":"return GaiaApps.displayedApp();","line":66}}, id: {04336575-ed79-4dc2-b721-2f8f23a3c216}
04-25 05:00:46.897 I/Gecko   (   84): 1398427246906	Marionette	INFO	sendToClient: {"from":"0","value":{"frame":{"ELEMENT":"{61d1df65-3601-4836-bbc6-c7a26877283e}"},"src":"app://homescreen.gaiamobile.org/index.html#root","name":"Homescreen","origin":"app://homescreen.gaiamobile.org"}}, {04336575-ed79-4dc2-b721-2f8f23a3c216}, {04336575-ed79-4dc2-b721-2f8f23a3c216}
04-25 05:00:46.907 E/GeckoConsole(   84): Content JS LOG at dummy file:392 in GaiaApps.displayedApp: app with origin 'app://homescreen.gaiamobile.org' is displayed
04-25 05:00:46.917 I/Gecko   (   84): 1398427246924	Marionette	DEBUG	Got request: switchToFrame, data: {"to":"0","sessionId":"3-b2g","name":"switchToFrame","parameters":{"id":null,"focus":true}}, id: {1a111aef-cbc2-46a3-a36c-b589e46a0823}
04-25 05:00:46.917 I/Gecko   (   84): 1398427246926	Marionette	INFO	Switched to frame: {"frameValue":null}
04-25 05:00:47.017 I/Gecko   (   84): 1398427247028	Marionette	INFO	sendToClient: {"from":"0","ok":true}, {1a111aef-cbc2-46a3-a36c-b589e46a0823}, {1a111aef-cbc2-46a3-a36c-b589e46a0823}
04-25 05:00:47.027 I/Gecko   (   84): 1398427247037	Marionette	DEBUG	Got request: switchToFrame, data: {"to":"0","sessionId":"3-b2g","name":"switchToFrame","parameters":{"id":null,"focus":true}}, id: {23f58b0a-8174-4b09-8b92-1fdc1f835500}
04-25 05:00:47.027 I/Gecko   (   84): 1398427247040	Marionette	INFO	Switched to frame: {"frameValue":null}
04-25 05:00:47.157 I/Gecko   (   84): 1398427247169	Marionette	INFO	sendToClient: {"from":"0","ok":true}, {23f58b0a-8174-4b09-8b92-1fdc1f835500}, {23f58b0a-8174-4b09-8b92-1fdc1f835500}
04-25 05:00:47.177 I/Gecko   (   84): 1398427247193	Marionette	DEBUG	Got request: executeWithCallback, data: {"to":"0","sessionId":"3-b2g","name":"executeAsyncScript","parameters":{"specialPowers":false,"scriptTimeout":null,"newSandbox":true,"args":[],"filename":"gaia_test.py","script":"return GaiaApps.displayedApp();","line":66}}, id: {f19d986d-d477-455c-a4e6-7a2d2598e92d}
04-25 05:00:47.277 I/Gecko   (   84): 1398427247292	Marionette	INFO	sendToClient: {"from":"0","value":{"frame":{"ELEMENT":"{61d1df65-3601-4836-bbc6-c7a26877283e}"},"src":"app://homescreen.gaiamobile.org/index.html#root","name":"Homescreen","origin":"app://homescreen.gaiamobile.org"}}, {f19d986d-d477-455c-a4e6-7a2d2598e92d}, {f19d986d-d477-455c-a4e6-7a2d2598e92d}
04-25 05:00:47.307 E/GeckoConsole(   84): Content JS LOG at dummy file:392 in GaiaApps.displayedApp: app with origin 'app://homescreen.gaiamobile.org' is displayed
04-25 05:00:47.317 I/Gecko   (   84): 1398427247327	Marionette	DEBUG	Got request: switchToFrame, data: {"to":"0","sessionId":"3-b2g","name":"switchToFrame","parameters":{"focus":true,"element":"{61d1df65-3601-4836-bbc6-c7a26877283e}"}}, id: {db1b95bb-8b69-44dc-a09c-ac509235b9d1}
04-25 05:00:47.327 I/Gecko   (   84): 1398427247339	Marionette	INFO	Switched to frame: {"frameValue":"{61d1df65-3601-4836-bbc6-c7a26877283e}"}
04-25 05:00:47.357 I/Gecko   (   84): 1398427247372	Marionette	INFO	trying remote frame 0
04-25 05:00:47.357 I/Gecko   (   84): 1398427247373	Marionette	INFO	trying remote frame 1
04-25 05:00:47.377 I/Gecko   (   84): 1398427247374	Marionette	INFO	trying remote frame 2
04-25 05:00:47.387 I/Gecko   (   84): 1398427247395	Marionette	INFO	trying remote frame 3
04-25 05:00:47.387 I/Gecko   (   84): 1398427247396	Marionette	INFO	deleting frame
04-25 05:00:47.387 I/Gecko   (   84): 1398427247401	Marionette	INFO	frame-manager load script: [object ChromeMessageSender]
04-25 05:00:47.737 I/Gecko   (   84): 1398427247754	Marionette	INFO	sendToClient: {"from":"0","ok":true}, {db1b95bb-8b69-44dc-a09c-ac509235b9d1}, {db1b95bb-8b69-44dc-a09c-ac509235b9d1}
04-25 05:00:47.857 I/Gecko   (   84): 1398427247873	Marionette	INFO	sendToClient: {"from":"0","value":{"ELEMENT":"{20d9e993-ff0d-419d-a834-da427d202087}"}}, {17ef33a0-f34e-491e-9126-6bf3a5b97f98}, {17ef33a0-f34e-491e-9126-6bf3a5b97f98}
04-25 05:00:47.887 W/WifiHW  (   84): wifi_command: SIGNAL_POLL
04-25 05:00:48.277 E/GeckoConsole( 1835): [JavaScript Warning: "Use of getAttributeNode() is deprecated. Use getAttribute() instead." {file: "chrome://marionette/content/atoms.js" line: 25}]
04-25 05:00:48.287 E/GeckoConsole( 1835): [JavaScript Warning: "Use of attributes' specified attribute is deprecated. It always returns true." {file: "chrome://marionette/content/atoms.js" line: 25}]
04-25 05:00:48.287 I/Gecko   (   84): 1398427248298	Marionette	INFO	sendToClient: {"from":"0","value":"normal"}, {b0208a78-badf-4239-aa2a-1e8b8d68ab23}, {b0208a78-badf-4239-aa2a-1e8b8d68ab23}
04-25 05:00:48.307 I/Gecko   (   84): 1398427248316	Marionette	DEBUG	Got request: switchToFrame, data: {"to":"0","sessionId":"3-b2g","name":"switchToFrame","parameters":{"id":null,"focus":true}}, id: {cc9a87eb-1066-4ee5-895d-1b7a3614fc07}
04-25 05:00:48.317 I/Gecko   (   84): 1398427248326	Marionette	INFO	Switched to frame: {"frameValue":null}
04-25 05:00:48.417 I/Gecko   (   84): 1398427248430	Marionette	INFO	sendToClient: {"from":"0","ok":true}, {cc9a87eb-1066-4ee5-895d-1b7a3614fc07}, {cc9a87eb-1066-4ee5-895d-1b7a3614fc07}
04-25 05:00:48.427 I/Gecko   (   84): 1398427248436	Marionette	DEBUG	Got request: execute, data: {"to":"0","sessionId":"3-b2g","name":"executeScript","parameters":{"specialPowers":false,"scriptTimeout":null,"newSandbox":true,"args":[],"filename":"gaia_test.py","script":"window.wrappedJSObject.dispatchEvent(new Event('home'));","line":788}}, id: {1662b844-209d-4598-b68d-963bc4d7dc51}
04-25 05:00:48.467 I/Gecko   (   84): 1398427248484	Marionette	INFO	sendToClient: {"from":"0","value":null}, {1662b844-209d-4598-b68d-963bc4d7dc51}, {1662b844-209d-4598-b68d-963bc4d7dc51}
04-25 05:00:48.477 I/Gecko   (   84): 1398427248490	Marionette	DEBUG	Got request: switchToFrame, data: {"to":"0","sessionId":"3-b2g","name":"switchToFrame","parameters":{"id":null,"focus":true}}, id: {22e60b97-595a-47de-9ea4-d37ed2f01b25}
04-25 05:00:48.487 I/Gecko   (   84): 1398427248496	Marionette	INFO	Switched to frame: {"frameValue":null}
04-25 05:00:48.587 I/Gecko   (   84): 1398427248599	Marionette	INFO	sendToClient: {"from":"0","ok":true}, {22e60b97-595a-47de-9ea4-d37ed2f01b25}, {22e60b97-595a-47de-9ea4-d37ed2f01b25}
04-25 05:00:48.597 I/Gecko   (   84): 1398427248605	Marionette	DEBUG	Got request: switchToFrame, data: {"to":"0","sessionId":"3-b2g","name":"switchToFrame","parameters":{"id":null,"focus":true}}, id: {0bb718b3-7d71-4c8e-b219-9171b3dc0f4d}
04-25 05:00:48.597 I/Gecko   (   84): 1398427248607	Marionette	INFO	Switched to frame: {"frameValue":null}
04-25 05:00:48.707 I/Gecko   (   84): 1398427248724	Marionette	INFO	sendToClient: {"from":"0","ok":true}, {0bb718b3-7d71-4c8e-b219-9171b3dc0f4d}, {0bb718b3-7d71-4c8e-b219-9171b3dc0f4d}
04-25 05:00:48.717 I/Gecko   (   84): 1398427248731	Marionette	DEBUG	Got request: executeWithCallback, data: {"to":"0","sessionId":"3-b2g","name":"executeAsyncScript","parameters":{"specialPowers":false,"scriptTimeout":null,"newSandbox":true,"args":[],"filename":"gaia_test.py","script":"return GaiaApps.displayedApp();","line":66}}, id: {fb962b5d-6c2f-4dc5-a702-858cb4e4a062}
04-25 05:00:48.767 I/Gecko   (   84): 1398427248782	Marionette	INFO	sendToClient: {"from":"0","value":{"frame":{"ELEMENT":"{61d1df65-3601-4836-bbc6-c7a26877283e}"},"src":"app://homescreen.gaiamobile.org/index.html#rootFri%20Apr%2025%202014%2005:00:48%20GMT-0700%20(UTC)","name":"Homescreen","origin":"app://homescreen.gaiamobile.org"}}, {fb962b5d-6c2f-4dc5-a702-858cb4e4a062}, {fb962b5d-6c2f-4dc5-a702-858cb4e4a062}
04-25 05:00:48.777 E/GeckoConsole(   84): Content JS LOG at dummy file:392 in GaiaApps.displayedApp: app with origin 'app://homescreen.gaiamobile.org' is displayed
04-25 05:00:48.787 I/Gecko   (   84): 1398427248799	Marionette	DEBUG	Got request: switchToFrame, data: {"to":"0","sessionId":"3-b2g","name":"switchToFrame","parameters":{"focus":true,"element":"{61d1df65-3601-4836-bbc6-c7a26877283e}"}}, id: {7a2bb6f6-7b83-439e-a591-a1ceef0edf59}
04-25 05:00:48.787 I/Gecko   (   84): 1398427248804	Marionette	INFO	Switched to frame: {"frameValue":"{61d1df65-3601-4836-bbc6-c7a26877283e}"}
04-25 05:00:48.797 I/Gecko   (   84): 1398427248811	Marionette	INFO	trying remote frame 0
04-25 05:00:48.797 I/Gecko   (   84): 1398427248812	Marionette	INFO	trying remote frame 1
04-25 05:00:48.797 I/Gecko   (   84): 1398427248812	Marionette	INFO	trying remote frame 2
04-25 05:00:48.797 I/Gecko   (   84): 1398427248813	Marionette	INFO	trying remote frame 3
04-25 05:00:48.937 I/Gecko   (   84): 1398427248946	Marionette	INFO	sendToClient: {"from":"0","ok":true}, {7a2bb6f6-7b83-439e-a591-a1ceef0edf59}, {7a2bb6f6-7b83-439e-a591-a1ceef0edf59}
04-25 05:00:48.947 I/Gecko   (   84): 1398427248959	Marionette	DEBUG	Got request: execute, data: {"to":"0","sessionId":"3-b2g","name":"executeScript","parameters":{"specialPowers":false,"scriptTimeout":null,"newSandbox":true,"args":[],"filename":"gaia_test.py","script":"return window.wrappedJSObject.GridManager.pageHelper.getCurrentPageNumber();","line":784}}, id: {1079a663-f272-49a0-9ca8-26407a9bda48}
04-25 05:00:49.907 I/Gecko   (   84): 1398427249921	Marionette	INFO	sendToClient: {"from":"0","value":0}, {1079a663-f272-49a0-9ca8-26407a9bda48}, {1079a663-f272-49a0-9ca8-26407a9bda48}
04-25 05:00:50.037 E/GeckoConsole( 1835): Content JS WARN at app://homescreen.gaiamobile.org/gaia_build_defer_index.js:184 in isHiddenApp: Unexpected role when checking hidden app: undefined
04-25 05:00:50.047 E/GeckoConsole( 1835): Content JS WARN at app://homescreen.gaiamobile.org/gaia_build_defer_index.js:184 in isHiddenApp: Unexpected role when checking hidden app: undefined
04-25 05:00:50.047 E/GeckoConsole( 1835): Content JS WARN at app://homescreen.gaiamobile.org/gaia_build_defer_index.js:184 in isHiddenApp: Unexpected role when checking hidden app: undefined
04-25 05:00:50.047 E/GeckoConsole( 1835): Content JS WARN at app://homescreen.gaiamobile.org/gaia_build_defer_index.js:184 in isHiddenApp: Unexpected role when checking hidden app: undefined
04-25 05:00:50.047 E/GeckoConsole( 1835): Content JS WARN at app://homescreen.gaiamobile.org/gaia_build_defer_index.js:184 in isHiddenApp: Unexpected role when checking hidden app: undefined
04-25 05:00:50.047 E/GeckoConsole( 1835): Content JS WARN at app://homescreen.gaiamobile.org/gaia_build_defer_index.js:184 in isHiddenApp: Unexpected role when checking hidden app: undefined
04-25 05:00:50.047 E/GeckoConsole( 1835): Content JS WARN at app://homescreen.gaiamobile.org/gaia_build_defer_index.js:184 in isHiddenApp: Unexpected role when checking hidden app: undefined
04-25 05:00:50.047 E/GeckoConsole( 1835): Content JS WARN at app://homescreen.gaiamobile.org/gaia_build_defer_index.js:184 in isHiddenApp: Unexpected role when checking hidden app: undefined
04-25 05:00:50.047 E/GeckoConsole( 1835): Content JS WARN at app://homescreen.gaiamobile.org/gaia_build_defer_index.js:184 in isHiddenApp: Unexpected role when checking hidden app: undefined
04-25 05:00:50.057 E/GeckoConsole( 1835): Content JS WARN at app://homescreen.gaiamobile.org/gaia_build_defer_index.js:184 in isHiddenApp: Unexpected role when checking hidden app: undefined
04-25 05:00:50.057 E/GeckoConsole( 1835): Content JS WARN at app://homescreen.gaiamobile.org/gaia_build_defer_index.js:184 in isHiddenApp: Unexpected role when checking hidden app: undefined
04-25 05:00:50.057 E/GeckoConsole( 1835): Content JS WARN at app://homescreen.gaiamobile.org/gaia_build_defer_index.js:184 in isHiddenApp: Unexpected role when checking hidden app: undefined
04-25 05:00:50.057 E/GeckoConsole( 1835): Content JS WARN at app://homescreen.gaiamobile.org/gaia_build_defer_index.js:184 in isHiddenApp: Unexpected role when checking hidden app: undefined
04-25 05:00:50.057 E/GeckoConsole( 1835): Content JS WARN at app://homescreen.gaiamobile.org/gaia_build_defer_index.js:184 in isHiddenApp: Unexpected role when checking hidden app: undefined
04-25 05:00:50.057 E/GeckoConsole( 1835): Content JS WARN at app://homescreen.gaiamobile.org/gaia_build_defer_index.js:184 in isHiddenApp: Unexpected role when checking hidden app: undefined
04-25 05:00:50.057 E/GeckoConsole( 1835): Content JS WARN at app://homescreen.gaiamobile.org/gaia_build_defer_index.js:184 in isHiddenApp: Unexpected role when checking hidden app: undefined
04-25 05:00:50.057 E/GeckoConsole( 1835): Content JS WARN at app://homescreen.gaiamobile.org/gaia_build_defer_index.js:184 in isHiddenApp: Unexpected role when checking hidden app: undefined
04-25 05:00:50.057 E/GeckoConsole( 1835): Content JS WARN at app://homescreen.gaiamobile.org/gaia_build_defer_index.js:184 in isHiddenApp: Unexpected role when checking hidden app: undefined
04-25 05:00:50.057 E/GeckoConsole( 1835): Content JS WARN at app://homescreen.gaiamobile.org/gaia_build_defer_index.js:184 in isHiddenApp: Unexpected role when checking hidden app: undefined
04-25 05:00:50.057 E/GeckoConsole( 1835): Content JS WARN at app://homescreen.gaiamobile.org/gaia_build_defer_index.js:184 in isHiddenApp: Unexpected role when checking hidden app: undefined
04-25 05:00:50.057 E/GeckoConsole( 1835): Content JS WARN at app://homescreen.gaiamobile.org/gaia_build_defer_index.js:184 in isHiddenApp: Unexpected role when checking hidden app: undefined
04-25 05:00:50.057 E/GeckoConsole( 1835): Content JS WARN at app://homescreen.gaiamobile.org/gaia_build_defer_index.js:184 in isHiddenApp: Unexpected role when checking hidden app: undefined
04-25 05:00:50.057 E/GeckoConsole( 1835): Content JS WARN at app://homescreen.gaiamobile.org/gaia_build_defer_index.js:184 in isHiddenApp: Unexpected role when checking hidden app: undefined
04-25 05:00:50.067 E/GeckoConsole( 1835): Content JS WARN at app://homescreen.gaiamobile.org/gaia_build_defer_index.js:184 in isHiddenApp: Unexpected role when checking hidden app: undefined
04-25 05:00:50.187 I/Gecko   (   84): 1398427250196	Marionette	INFO	sendToClient: {"from":"0","value":["{da62a4d1-cb3f-47c1-958d-069734db8893}","{49e3694a-1057-4162-85a0-efed34c9dba4}","{a1ab6e27-3be7-4484-847f-17a73d92345d}","{5b50096a-6118-4e87-a11b-27441d1fbb26}","{b8c6e03f-f7e4-47d9-afbe-fb661a9f702d}","{1fa0bca8-95fa-494e-a049-d8e385e99613}","{2cae9f8b-e646-4e4b-99ac-648239d1a67d}","{fdbcccea-8df8-4b85-90ba-eab74b86d6ff}","{2b4ee778-f109-4b5a-93b0-725374776179}","{eb80572d-a6f1-4b2a-a140-618b6d583202}","{6cf72212-364d-420d-896a-2c522cd5564e}","{18afd761-27e8-4f7d-8c0d-aa9c5aa4055c}","{db598ce9-d5ce-4f05-bcbe-3738b0b34dcc}","{edc675af-768b-4577-9390-f7d13e4da5e6}","{bebcfa7a-206c-474c-961d-072d5b48e4e0}","{e18f76d7-6631-4eaf-b14a-fb24f4610983}","{0df4bbe6-5e2e-4802-8caf-221e9c17b5b2}","{4a743637-4b5b-4d85-bac9-5f2a1972b0f0}","{c1f3c297-18a3-4203-b57b-08c81bec41cd}","{906d9c94-734a-456c-be64-7993ace49ebf}","{41a76f9d-926e-4226-8ca2-e67b3eb212e4}","{9d3d60c0-f7a4-48e4-9396-8db92d6c1484}","{e188e743-575b-447f-9f47-812f0bb34401}","{e8e79c0f-1885
04-25 05:00:50.447 I/Gecko   (   84): 1398427250456	Marionette	INFO	sendToClient: {"from":"0","value":"app://homescreen.gaiamobile.org/index.html#rootFri%20Apr%2025%202014%2005:00:48%20GMT-0700%20(UTC)"}, {0aa1984c-aa7c-4f20-b4de-1124913be3fe}, {0aa1984c-aa7c-4f20-b4de-1124913be3fe}
04-25 05:00:50.467 I/Gecko   (   84): 1398427250476	Marionette	DEBUG	Got request: switchToFrame, data: {"to":"0","sessionId":"3-b2g","name":"switchToFrame","parameters":{"id":null,"focus":true}}, id: {914e99f4-f4a9-4517-bc59-7476767395df}
04-25 05:00:50.477 I/Gecko   (   84): 1398427250487	Marionette	INFO	Switched to frame: {"frameValue":null}
04-25 05:00:50.577 I/Gecko   (   84): 1398427250589	Marionette	INFO	sendToClient: {"from":"0","ok":true}, {914e99f4-f4a9-4517-bc59-7476767395df}, {914e99f4-f4a9-4517-bc59-7476767395df}
04-25 05:00:50.597 I/Gecko   (   84): 1398427250608	Marionette	DEBUG	Got request: switchToFrame, data: {"to":"0","sessionId":"3-b2g","name":"switchToFrame","parameters":{"id":null,"focus":true}}, id: {41f7c113-54e1-4cc8-a6d0-b414de083f8b}
04-25 05:00:50.597 I/Gecko   (   84): 1398427250610	Marionette	INFO	Switched to frame: {"frameValue":null}
04-25 05:00:50.697 I/Gecko   (   84): 1398427250712	Marionette	INFO	sendToClient: {"from":"0","ok":true}, {41f7c113-54e1-4cc8-a6d0-b414de083f8b}, {41f7c113-54e1-4cc8-a6d0-b414de083f8b}
04-25 05:00:50.707 I/Gecko   (   84): 1398427250718	Marionette	DEBUG	Got request: executeWithCallback, data: {"to":"0","sessionId":"3-b2g","name":"executeAsyncScript","parameters":{"specialPowers":false,"scriptTimeout":30000,"newSandbox":true,"args":[],"filename":"app_checker.py","script":"GaiaApps.launchWithManifestURL('https://marketplace.firefox.com/app/5211e8c7-bb14-409b-a05d-0525bdab9b57/manifest.webapp')","line":106}}, id: {8378ff38-5287-444d-99b4-15e72e23719e}
04-25 05:00:50.817 I/Gonk    (   84): Setting nice for pid 1848 to 18
04-25 05:00:50.817 I/Gonk    (   84): Changed nice for pid 1848 from 18 to 18.
04-25 05:00:50.817 I/Gecko   (   84): [Parent 84] WARNING: waitpid failed pid:1848 errno:10: file ../../../gecko/ipc/chromium/src/base/process_util_posix.cc, line 254
04-25 05:00:50.857 I/Gonk    (   84): Setting nice for pid 1848 to 1
04-25 05:00:50.857 I/Gonk    (   84): Changed nice for pid 1848 from 18 to 1.
04-25 05:00:50.877 E/GeckoConsole(   84): Content JS LOG at dummy file:334 in GaiaApps.launch: launching app with name 'floppy Bird'
04-25 05:00:51.197 E/[Gralloc-ERROR](   84): int gralloc_register_buffer(const gralloc_module_t*, const native_handle_t*):79 Unable to register handle 0x478034c0 coming from different process: 84
04-25 05:00:51.237 E/[Gralloc-ERROR](   84): int gralloc_register_buffer(const gralloc_module_t*, const native_handle_t*):79 Unable to register handle 0x47abb0b0 coming from different process: 84
04-25 05:00:51.257 E/[Gralloc-ERROR](   84): int gralloc_register_buffer(const gralloc_module_t*, const native_handle_t*):79 Unable to register handle 0x48604380 coming from different process: 84
04-25 05:00:51.277 E/[Gralloc-ERROR](   84): int gralloc_register_buffer(const gralloc_module_t*, const native_handle_t*):79 Unable to register handle 0x48604560 coming from different process: 84
04-25 05:00:51.337 D/Sensors (   84): activate handle=0; drv=0
04-25 05:00:51.347 D/Sensors (   84): Lis3dhSensor: Control set 1
04-25 05:00:51.347 D/Sensors (   84): Lis3dhSensor: mEnabled = 1
04-25 05:00:51.387 V/AudioPolicyManagerBase(   89): startOutput() output 1, stream 1, session 9
04-25 05:00:51.387 V/AudioPolicyManagerBase(   89): changeRefCount() stream 1, count 1
04-25 05:00:51.387 V/AudioPolicyManagerBase(   89): getDeviceForStrategy() from cache strategy 0, device 2
04-25 05:00:51.387 V/AudioPolicyManagerBase(   89): getNewDevice() selected device 2
04-25 05:00:51.387 D/AudioPolicyManagerBase(   89): setOutputDevice() output 1 device 2 delayMs 0
04-25 05:00:51.387 V/AudioPolicyManagerBase(   89): setOutputDevice() setting same device 2 or null device for output 1
04-25 05:00:51.387 E/AudioPolicyManagerBase(   89): checkAndSetVolume stream=1, index=0, output=1, device=2
04-25 05:00:51.387 E/AudioPolicyManagerBase(   89): computeVolume, streamDesc=0x9e8bb8
04-25 05:00:51.397 I/Gonk    (   84): Setting nice for pid 1835 to 18
04-25 05:00:51.397 I/Gonk    (   84): Changed nice for pid 1835 from 1 to 18.
04-25 05:00:51.427 W/AudioFlinger(   89): Thread AudioOut_1 cannot connect to the power manager service
04-25 05:00:51.427 V/AudioPolicyManagerBase(   89): stopOutput() output 1, stream 1, session 9
04-25 05:00:51.427 V/AudioPolicyManagerBase(   89): changeRefCount() stream 1, count 0
04-25 05:00:51.427 V/AudioPolicyManagerBase(   89): getNewDevice() selected device 0
04-25 05:00:51.427 D/AudioPolicyManagerBase(   89): setOutputDevice() output 1 device 0 delayMs 290
04-25 05:00:51.427 V/AudioPolicyManagerBase(   89): setOutputDevice() setting same device 0 or null device for output 1
04-25 05:00:51.427 V/AudioPolicyManagerBase(   89): releaseOutput() 1
04-25 05:00:52.037 I/Gonk    (   84): Setting nice for pid 1898 to 18
04-25 05:00:52.037 I/Gonk    (   84): Changed nice for pid 1898 from 0 to 18.
04-25 05:00:52.207 I/Gecko   ( 1848): ###################################### forms.js loaded
04-25 05:00:52.247 I/Gecko   ( 1848): ############################### browserElementPanning.js loaded
04-25 05:00:52.267 I/Gecko   ( 1848): ######################## BrowserElementChildPreload.js loaded
04-25 05:00:52.897 W/WifiHW  (   84): wifi_command: SIGNAL_POLL
04-25 05:00:53.287 E/GeckoConsole( 1848): [JavaScript Warning: "Unknown property 'box-sizing'.  Declaration dropped." {file: "app://{8ccb27f9-6050-426c-8fb7-595748c99acd}/css/main.css" line: 95 column: 13 source: "   box-sizing: border-box;"}]
04-25 05:00:53.287 E/GeckoConsole( 1848): [JavaScript Warning: "Unknown property 'user-select'.  Declaration dropped." {file: "app://{8ccb27f9-6050-426c-8fb7-595748c99acd}/css/main.css" line: 104 column: 14 source: "   user-select: none;"}]
04-25 05:00:53.337 E/GeckoConsole( 1848): [JavaScript Warning: "SyntaxError: Using //@ to indicate sourceMappingURL pragmas is deprecated. Use //# instead" {file: "app://{8ccb27f9-6050-426c-8fb7-595748c99acd}/js/jquery.min.js" line: 1}]
04-25 05:00:53.457 I/Gecko   (   84): 
04-25 05:00:53.457 I/Gecko   (   84): ###!!! [Parent][MessageChannel] Error: Channel error: cannot send/recv
04-25 05:00:53.457 I/Gecko   (   84): 
04-25 05:00:53.537 I/Gecko   (   84): [Parent 84] WARNING: waitpid failed pid:1835 errno:10: file ../../../gecko/ipc/chromium/src/base/process_util_posix.cc, line 254
04-25 05:00:53.987 E/GeckoConsole( 1848): [JavaScript Warning: "Unknown property 'box-sizing'.  Declaration dropped." {file: "app://{8ccb27f9-6050-426c-8fb7-595748c99acd}/index.html" line: 0 column: 10 source: "box-sizing:border-box;-moz-box-sizing:border-box;-webkit-box-sizing:border-box;padding:1px;border:1px;display:block;width:4px;margin-top:1%;position:absolute;top:1%;"}]
04-25 05:00:53.997 E/GeckoConsole( 1848): [JavaScript Warning: "Unknown property 'box-sizing'.  Declaration dropped." {file: "app://{8ccb27f9-6050-426c-8fb7-595748c99acd}/index.html" line: 0 column: 52 source: "padding:0;margin:0;border:0;display:block;box-sizing:content-box;-moz-box-sizing:content-box;-webkit-box-sizing:content-box;"}]
04-25 05:00:53.997 E/GeckoConsole( 1848): [JavaScript Warning: "Unknown property 'box-sizing'.  Declaration dropped." {file: "app://{8ccb27f9-6050-426c-8fb7-595748c99acd}/index.html" line: 0 column: 52 source: "padding:0;margin:0;border:0;display:block;box-sizing:content-box;-moz-box-sizing:content-box;-webkit-box-sizing:content-box;"}]
04-25 05:00:54.727 I/Gonk    (   84): Setting nice for pid 1898 to 18
04-25 05:00:54.737 I/Gonk    (   84): Changed nice for pid 1898 from 18 to 18.
04-25 05:00:54.737 I/Gecko   (   84): [Parent 84] WARNING: waitpid failed pid:1898 errno:10: file ../../../gecko/ipc/chromium/src/base/process_util_posix.cc, line 254
04-25 05:00:54.747 I/Gonk    (   84): Setting nice for pid 1898 to 1
04-25 05:00:54.747 I/Gonk    (   84): Changed nice for pid 1898 from 18 to 1.
04-25 05:00:54.767 I/Gonk    (   84): Setting nice for pid 1898 to 18
04-25 05:00:54.777 I/Gonk    (   84): Changed nice for pid 1898 from 1 to 18.
04-25 05:00:55.037 I/Gecko   (   84): 1398427255047	Marionette	INFO	sendToClient: {"from":"0","value":{"frame":{"ELEMENT":"{7909b339-8926-456b-bf16-26098b6a0cc3}"},"src":"app://{8ccb27f9-6050-426c-8fb7-595748c99acd}/index.html","name":"floppy Bird","origin":"app://{8ccb27f9-6050-426c-8fb7-595748c99acd}"}}, {8378ff38-5287-444d-99b4-15e72e23719e}, {8378ff38-5287-444d-99b4-15e72e23719e}
04-25 05:00:55.037 E/GeckoConsole(   84): Content JS LOG at dummy file:326 in GaiaApps.launch/appOpen/<: app with origin 'app://{8ccb27f9-6050-426c-8fb7-595748c99acd}' has launched
04-25 05:00:55.047 E/[Gralloc-ERROR](   84): int gralloc_unregister_buffer(const gralloc_module_t*, const native_handle_t*):274 Trying to unregister buffer 0x47abb0b0 from process 84 that was not created in current process: 84
04-25 05:00:55.047 E/[Gralloc-ERROR](   84): int gralloc_unregister_buffer(const gralloc_module_t*, const native_handle_t*):274 Trying to unregister buffer 0x478034c0 from process 84 that was not created in current process: 84
04-25 05:00:55.047 E/[Gralloc-ERROR](   84): int gralloc_unregister_buffer(const gralloc_module_t*, const native_handle_t*):274 Trying to unregister buffer 0x48604560 from process 84 that was not created in current process: 84
04-25 05:00:55.047 E/[Gralloc-ERROR](   84): int gralloc_unregister_buffer(const gralloc_module_t*, const native_handle_t*):274 Trying to unregister buffer 0x48604380 from process 84 that was not created in current process: 84
04-25 05:00:55.357 W/AudioFlinger(   89): Thread AudioOut_1 cannot connect to the power manager service
04-25 05:00:55.537 I/Gecko   (   84): [Parent 84] WARNING: waitpid failed pid:1835 errno:10: file ../../../gecko/ipc/chromium/src/base/process_util_posix.cc, line 254
04-25 05:00:55.537 I/Gecko   (   84): [Parent 84] WARNING: Failed to deliver SIGKILL to 1835!(3).: file ../../../gecko/ipc/chromium/src/chrome/common/process_watcher_posix_sigchld.cc, line 118
04-25 05:00:55.587 V/AudioPolicyManagerBase(   89): getDeviceForStrategy() from cache strategy 0, device 2
04-25 05:00:55.587 V/AudioPolicyManagerBase(   89): getOutput() stream 1, samplingRate 0, format 0, channels 3, flags 0
04-25 05:00:55.587 V/AudioPolicyManagerBase(   89): startOutput() output 1, stream 1, session 10
04-25 05:00:55.587 V/AudioPolicyManagerBase(   89): changeRefCount() stream 1, count 1
04-25 05:00:55.587 V/AudioPolicyManagerBase(   89): getDeviceForStrategy() from cache strategy 0, device 2
04-25 05:00:55.587 V/AudioPolicyManagerBase(   89): getNewDevice() selected device 2
04-25 05:00:55.587 D/AudioPolicyManagerBase(   89): setOutputDevice() output 1 device 2 delayMs 0
04-25 05:00:55.587 V/AudioPolicyManagerBase(   89): setOutputDevice() setting same device 2 or null device for output 1
04-25 05:00:55.587 E/AudioPolicyManagerBase(   89): checkAndSetVolume stream=1, index=0, output=1, device=2
04-25 05:00:55.587 E/AudioPolicyManagerBase(   89): computeVolume, streamDesc=0x9e8bb8
04-25 05:00:55.627 V/AudioPolicyManagerBase(   89): stopOutput() output 1, stream 1, session 10
04-25 05:00:55.627 V/AudioPolicyManagerBase(   89): changeRefCount() stream 1, count 0
04-25 05:00:55.627 V/AudioPolicyManagerBase(   89): getNewDevice() selected device 0
04-25 05:00:55.627 D/AudioPolicyManagerBase(   89): setOutputDevice() output 1 device 0 delayMs 290
04-25 05:00:55.627 V/AudioPolicyManagerBase(   89): setOutputDevice() setting same device 0 or null device for output 1
04-25 05:00:55.637 V/AudioPolicyManagerBase(   89): startOutput() output 1, stream 1, session 10
04-25 05:00:55.637 V/AudioPolicyManagerBase(   89): changeRefCount() stream 1, count 1
04-25 05:00:55.637 V/AudioPolicyManagerBase(   89): getDeviceForStrategy() from cache strategy 0, device 2
04-25 05:00:55.637 V/AudioPolicyManagerBase(   89): getNewDevice() selected device 2
04-25 05:00:55.637 D/AudioPolicyManagerBase(   89): setOutputDevice() output 1 device 2 delayMs 0
04-25 05:00:55.637 V/AudioPolicyManagerBase(   89): setOutputDevice() setting same device 2 or null device for output 1
04-25 05:00:55.637 E/AudioPolicyManagerBase(   89): checkAndSetVolume stream=1, index=0, output=1, device=2
04-25 05:00:55.637 E/AudioPolicyManagerBase(   89): computeVolume, streamDesc=0x9e8bb8
04-25 05:00:55.677 I/audio_hw_primary(   89): select_devices_signal starting...
04-25 05:00:55.677 I/audio_hw_primary(   89): select_devices_signal finished.
04-25 05:00:55.677 W/audio_hw_primary(   89): open s_tinycard in
04-25 05:00:55.677 W/audio_hw_primary(   89): open s_tinycard successfully
04-25 05:00:55.677 I/audio_hw_primary(   89): Changing devices: 0x00000002
04-25 05:00:55.677 I/audio_hw_primary(   89): Set 'HeadPhone Function'.0 to 0
04-25 05:00:55.677 I/audio_hw_primary(   89): Set 'Earpiece Function'.0 to 0
04-25 05:00:55.677 I/audio_hw_primary(   89): Set 'Mic Function'.0 to 0
04-25 05:00:55.677 I/audio_hw_primary(   89): Set 'HP Mic Function'.0 to 0
04-25 05:00:55.677 I/audio_hw_primary(   89): Set 'Line Function'.0 to 0
04-25 05:00:55.677 I/audio_hw_primary(   89): Changing devices, mask: 0x00004002
04-25 05:00:55.677 I/audio_hw_primary(   89): Set 'Speaker Function'.0 to 1
04-25 05:00:55.697 W/audio_hw_primary(   89): GetAudio_pga_nv, dac_pga_gain_l:0xc3 adc_pga_gain_l:0xc fm_pga_gain_l:0xff fm_pga_gain_r:0xff device:0x2 vol_level:0x1 
04-25 05:00:55.697 D/audio_pga(   89): 'speaker-l' apply
04-25 05:00:55.697 I/audio_pga(   89): 'Master Playback Volume' set to 12
04-25 05:00:55.747 I/Gecko   (   84): 1398427255757	Marionette	DEBUG	Got request: switchToFrame, data: {"to":"0","sessionId":"3-b2g","name":"switchToFrame","parameters":{"focus":true,"element":"{7909b339-8926-456b-bf16-26098b6a0cc3}"}}, id: {6e8c03a0-add9-42c5-92d9-1c33f5163e71}
04-25 05:00:55.797 I/Gecko   (   84): 1398427255809	Marionette	INFO	Switched to frame: {"frameValue":"{7909b339-8926-456b-bf16-26098b6a0cc3}"}
04-25 05:00:55.817 I/audio_pga(   89): 'Inter PA Playback Volume' set to 12
04-25 05:00:55.817 I/audio_pga(   89): 'VBC DACL DG Set' set to 0
04-25 05:00:55.817 I/audio_pga(   89): 'VBC DACL DG Switch' set to 0
04-25 05:00:55.817 D/audio_pga(   89): 'speaker-r' apply
04-25 05:00:55.817 I/audio_pga(   89): 'Master Playback Volume' set to 12
04-25 05:00:55.817 I/audio_pga(   89): 'Inter PA Playback Volume' set to 12
04-25 05:00:55.817 I/audio_pga(   89): 'VBC DACR DG Set' set to 0
04-25 05:00:55.817 I/audio_pga(   89): 'VBC DACR DG Switch' set to 0
04-25 05:00:55.817 W/audio_hw_primary(   89): SetAudio_gain_by_devices out, devices:0x2 
04-25 05:00:55.817 I/audio_hw_primary(   89): stream_routing_thread looping done.
04-25 05:00:55.817 I/audio_hw_primary(   89): stream_routing_thread looping now...
04-25 05:00:55.837 I/Gecko   (   84): 1398427255848	Marionette	INFO	trying remote frame 0
04-25 05:00:55.837 I/Gecko   (   84): 1398427255851	Marionette	INFO	trying remote frame 1
04-25 05:00:55.837 I/Gecko   (   84): 1398427255852	Marionette	INFO	trying remote frame 2
04-25 05:00:55.837 I/Gecko   (   84): 1398427255853	Marionette	INFO	trying remote frame 3
04-25 05:00:55.847 I/Gecko   (   84): 1398427255854	Marionette	INFO	deleting frame
04-25 05:00:55.847 I/Gecko   (   84): 1398427255861	Marionette	INFO	frame-manager load script: [object ChromeMessageSender]
04-25 05:00:56.137 I/log     ( 1926): <4>0[ 654.980581] select 1898 ((Preallocated a), adj 8, size 2963, to kill 
04-25 05:00:56.567 I/Gecko   (   84): 
04-25 05:00:56.567 I/Gecko   (   84): ###!!! [Parent][MessageChannel] Error: Channel error: cannot send/recv
04-25 05:00:56.567 I/Gecko   (   84): 
04-25 05:00:56.617 I/Gecko   (   84): [Parent 84] WARNING: waitpid failed pid:1898 errno:10: file ../../../gecko/ipc/chromium/src/base/process_util_posix.cc, line 254
04-25 05:00:56.747 I/Gecko   (   84): 1398427256758	Marionette	INFO	sendToClient: {"from":"0","ok":true}, {6e8c03a0-add9-42c5-92d9-1c33f5163e71}, {6e8c03a0-add9-42c5-92d9-1c33f5163e71}
04-25 05:00:56.837 I/Gecko   (   84): 1398427256850	Marionette	INFO	sendToClient: {"from":"0","value":"app://{8ccb27f9-6050-426c-8fb7-595748c99acd}/index.html"}, {c0261cf1-f0d8-4e0c-b2a1-82b882413a93}, {c0261cf1-f0d8-4e0c-b2a1-82b882413a93}
04-25 05:00:56.847 I/Gecko   (   84): 1398427256857	Marionette	DEBUG	Got request: execute, data: {"to":"0","sessionId":"3-b2g","name":"executeScript","parameters":{"specialPowers":false,"scriptTimeout":null,"newSandbox":true,"args":[],"filename":"app_checker.py","script":"return window.document.readyState;","line":191}}, id: {37a76720-62d2-48c0-b59d-64422cb2f151}
04-25 05:00:56.967 I/Gecko   (   84): 1398427256976	Marionette	INFO	sendToClient: {"from":"0","value":"complete"}, {37a76720-62d2-48c0-b59d-64422cb2f151}, {37a76720-62d2-48c0-b59d-64422cb2f151}
04-25 05:00:56.987 I/Gecko   (   84): 1398427256998	Marionette	INFO	sendToClient: {"from":"0","value":"app://{8ccb27f9-6050-426c-8fb7-595748c99acd}/index.html"}, {660ea21d-e757-447f-9143-26722a07456c}, {660ea21d-e757-447f-9143-26722a07456c}
04-25 05:00:57.017 I/Gecko   ( 1848): Attempting load of libEGL.so
04-25 05:00:57.107 D/libEGL  ( 1848): loaded /system/lib/egl/libEGL_mali.so
04-25 05:00:57.137 D/libEGL  ( 1848): loaded /system/lib/egl/libGLESv1_CM_mali.so
04-25 05:00:57.137 D/libEGL  ( 1848): loaded /system/lib/egl/libGLESv2_mali.so
04-25 05:00:57.167 I/Gecko   ( 1848): SharedSurface_Gralloc::Create -------
04-25 05:00:57.187 I/Gecko   ( 1848): SharedSurface_Gralloc::Create: success -- surface 0x441eb880, GraphicBuffer 0x441fe700.
04-25 05:00:57.667 V/AudioPolicyManagerBase(   89): stopOutput() output 1, stream 1, session 10
04-25 05:00:57.667 V/AudioPolicyManagerBase(   89): changeRefCount() stream 1, count 0
04-25 05:00:57.667 V/AudioPolicyManagerBase(   89): getNewDevice() selected device 0
04-25 05:00:57.667 D/AudioPolicyManagerBase(   89): setOutputDevice() output 1 device 0 delayMs 290
04-25 05:00:57.667 V/AudioPolicyManagerBase(   89): setOutputDevice() setting same device 0 or null device for output 1
04-25 05:00:57.727 V/AudioPolicyManagerBase(   89): releaseOutput() 1
04-25 05:00:57.947 W/WifiHW  (   84): wifi_command: SIGNAL_POLL
04-25 05:00:58.617 I/Gecko   (   84): [Parent 84] WARNING: waitpid failed pid:1898 errno:10: file ../../../gecko/ipc/chromium/src/base/process_util_posix.cc, line 254
04-25 05:00:58.617 I/Gecko   (   84): [Parent 84] WARNING: Failed to deliver SIGKILL to 1898!(3).: file ../../../gecko/ipc/chromium/src/chrome/common/process_watcher_posix_sigchld.cc, line 118
04-25 05:00:58.757 I/Gonk    (   84): Setting nice for pid 1932 to 18
04-25 05:00:58.757 I/Gonk    (   84): Changed nice for pid 1932 from 0 to 18.
04-25 05:00:59.047 I/Gecko   (   84): 1398427259059	Marionette	INFO	sendToClient: {"from":"0","value":"iVBORw0KGgoAAAANSUhEUgAAAUAAAAHMCAYAAACk4nEJAAAbAklEQVR4nO3dO28cV5qA4f4D+yM2HGCzDcbZrC+yKIp2wN1gwFShQoZOBguFChUKuzNrW74NbUk2daNaqrFl2iYHVNZagIC0gIBhwICBgllYC5wNqr5q1ak+fepU1+VUfS+BJ5BEVled+upVV7MpTT5MDgwAaDTpewcAoC8EEIBaBBCAWgQQgFoEEIBaBBCAWgQQgFoEEIBaBBCAWgQQgFoEEIBaBBCAWgQQgFoEEIBaBBCAWgQQgFoEEIBaBBCAWgQQgFoEEIBaBBCAWgQQgFoEEIBaBBCAWgQQgFoEEIBaBBCAWgQQgFoEEIBaBBCAWgQQgFoEEIBaBBCAWgQQgFoEEIBaBBCAWgQQgFoEEIBaBBCAWgQQgFoEEIBaBBCAWgQQgFoEEIBaBBCAWgQQgFoEEIBaBBCAWgQQgFoEEIBaBBCAWgQQgFoEEIBaBBCAWgQQgFoEEIBaBBCAWgQQgFoEEIBaBBCAWgQQgFoEEIBaBBCAWgQQgFoEEIBaBBCAWgQQgFoEEIBaBBCAWgQQgFoEEIBaBBCAWgQQgFoEEIBaBHCRx78UfPDo50bZ2+9rv0r7Eetx963tde/6cftez4gQwEViDQEBHMU8EMB4EMA32YM2/cl8MP3J/Ntb5xsl2608mC3tl70f0R133zpa99I6tPy4va9rRAjgmwhgXMfdNwI4egQwOSgN3Mbej2Zj78d8cJr6kO1dvP+DuXj/h/xxnCFyhGlj74nZ2HtSe//k62Q7Gw/3i1bcvv9xA4+7r1tpmYuW1j0PkiuALT1u79dbRAhgckAACeDyuSCAo0UAk4M3wrd80H7/37+vxR7EUBKMjQdPzMaDJ2b9TmLW7ySl/Qzdj/W7iVm/m+Tbzbef/X7o9n2Paz/+/C+C4rrHcitt/4VYd12c6y
04-25 05:00:59.217 I/Gecko   (   84): 1398427259231	Marionette	INFO	sendToClient: {"from":"0","ok":true}, {3f2e65e9-0975-497a-9b9e-e5f52dcc4b08}, {3f2e65e9-0975-497a-9b9e-e5f52dcc4b08}
04-25 05:00:59.287 I/Gecko   (   84): 1398427259300	Marionette	DEBUG	Got request: switchToFrame, data: {"to":"0","sessionId":"3-b2g","name":"switchToFrame","parameters":{"id":null,"focus":true}}, id: {5705ef5a-bb26-41ec-ada0-84fe6209645e}
04-25 05:00:59.307 I/Gecko   (   84): 1398427259317	Marionette	INFO	Switched to frame: {"frameValue":null}
04-25 05:00:59.427 I/Gecko   (   84): 1398427259443	Marionette	INFO	sendToClient: {"from":"0","ok":true}, {5705ef5a-bb26-41ec-ada0-84fe6209645e}, {5705ef5a-bb26-41ec-ada0-84fe6209645e}
04-25 05:00:59.437 I/Gecko   (   84): 1398427259450	Marionette	DEBUG	Got request: executeWithCallback, data: {"to":"0","sessionId":"3-b2g","name":"executeAsyncScript","parameters":{"specialPowers":false,"scriptTimeout":null,"newSandbox":true,"args":[],"filename":"gaia_test.py","script":"return GaiaApps.displayedApp();","line":66}}, id: {9bb11f72-88b6-4cd4-9d86-a5d50c201ed2}
04-25 05:00:59.737 E/GeckoConsole(   84): Content JS LOG at dummy file:392 in GaiaApps.displayedApp: app with origin 'app://{8ccb27f9-6050-426c-8fb7-595748c99acd}' is displayed
04-25 05:00:59.747 I/Gecko   (   84): 1398427259755	Marionette	INFO	sendToClient: {"from":"0","value":{"frame":{"ELEMENT":"{7909b339-8926-456b-bf16-26098b6a0cc3}"},"src":"app://{8ccb27f9-6050-426c-8fb7-595748c99acd}/index.html","name":"floppy Bird","origin":"app://{8ccb27f9-6050-426c-8fb7-595748c99acd}"}}, {9bb11f72-88b6-4cd4-9d86-a5d50c201ed2}, {9bb11f72-88b6-4cd4-9d86-a5d50c201ed2}
04-25 05:00:59.747 I/Gecko   (   84): 1398427259762	Marionette	DEBUG	Got request: switchToFrame, data: {"to":"0","sessionId":"3-b2g","name":"switchToFrame","parameters":{"id":null,"focus":true}}, id: {110e3322-883f-4351-a592-2b24dfa55a7c}
04-25 05:00:59.757 I/Gecko   (   84): 1398427259767	Marionette	INFO	Switched to frame: {"frameValue":null}
04-25 05:00:59.857 I/Gecko   (   84): 1398427259870	Marionette	INFO	sendToClient: {"from":"0","ok":true}, {110e3322-883f-4351-a592-2b24dfa55a7c}, {110e3322-883f-4351-a592-2b24dfa55a7c}
04-25 05:00:59.867 I/Gecko   (   84): 1398427259878	Marionette	DEBUG	Got request: execute, data: {"to":"0","sessionId":"3-b2g","name":"executeScript","parameters":{"specialPowers":false,"scriptTimeout":null,"newSandbox":true,"args":[],"filename":"gaia_test.py","script":"window.wrappedJSObject.dispatchEvent(new Event('home'));","line":788}}, id: {7676dbbf-55e3-4b09-81b2-496c78a6be88}
04-25 05:01:00.027 I/Gonk    (   84): Setting nice for pid 1932 to 18
04-25 05:01:00.027 I/Gonk    (   84): Changed nice for pid 1932 from 18 to 18.
04-25 05:01:00.037 I/Gecko   (   84): [Parent 84] WARNING: waitpid failed pid:1932 errno:10: file ../../../gecko/ipc/chromium/src/base/process_util_posix.cc, line 254
04-25 05:01:00.087 I/Gonk    (   84): Setting nice for pid 1932 to 1
04-25 05:01:00.087 I/Gonk    (   84): Changed nice for pid 1932 from 18 to 1.
04-25 05:01:00.127 D/Sensors (   84): activate handle=0; drv=0
04-25 05:01:00.147 D/Sensors (   84): Lis3dhSensor: Control set 0
04-25 05:01:00.147 D/Sensors (   84): Lis3dhSensor: mEnabled = 0
04-25 05:01:00.217 I/Gecko   (   84): 1398427260232	Marionette	INFO	sendToClient: {"from":"0","value":null}, {7676dbbf-55e3-4b09-81b2-496c78a6be88}, {7676dbbf-55e3-4b09-81b2-496c78a6be88}
04-25 05:01:00.247 I/Gecko   (   84): 1398427260260	Marionette	DEBUG	Got request: switchToFrame, data: {"to":"0","sessionId":"3-b2g","name":"switchToFrame","parameters":{"id":null,"focus":true}}, id: {bd9746dc-2c82-4077-9165-c897619f058f}
04-25 05:01:00.247 I/Gecko   (   84): 1398427260262	Marionette	INFO	Switched to frame: {"frameValue":null}
04-25 05:01:00.357 I/Gecko   (   84): 1398427260365	Marionette	INFO	sendToClient: {"from":"0","ok":true}, {bd9746dc-2c82-4077-9165-c897619f058f}, {bd9746dc-2c82-4077-9165-c897619f058f}
04-25 05:01:00.357 I/Gecko   (   84): 1398427260371	Marionette	DEBUG	Got request: executeWithCallback, data: {"to":"0","sessionId":"3-b2g","name":"executeAsyncScript","parameters":{"specialPowers":false,"scriptTimeout":null,"newSandbox":true,"args":[],"filename":"gaia_test.py","script":"return GaiaApps.displayedApp();","line":66}}, id: {7f39c769-3b6c-48ad-aa91-dcf0539fc36b}
04-25 05:01:00.497 E/GeckoConsole(   84): Content JS LOG at dummy file:392 in GaiaApps.displayedApp: app with origin 'app://homescreen.gaiamobile.org' is displayed
04-25 05:01:00.497 I/Gecko   (   84): 1398427260514	Marionette	INFO	sendToClient: {"from":"0","value":{"frame":{"ELEMENT":"{dccb3b5c-66d4-4bfd-b9f9-f790bcb71f98}"},"src":"app://homescreen.gaiamobile.org/index.html#root","name":"Homescreen","origin":"app://homescreen.gaiamobile.org"}}, {7f39c769-3b6c-48ad-aa91-dcf0539fc36b}, {7f39c769-3b6c-48ad-aa91-dcf0539fc36b}
04-25 05:01:00.517 I/Gecko   (   84): 1398427260532	Marionette	DEBUG	Got request: switchToFrame, data: {"to":"0","sessionId":"3-b2g","name":"switchToFrame","parameters":{"id":null,"focus":true}}, id: {5ac5b302-93ca-4edd-aad6-71567098a0da}
04-25 05:01:00.527 I/Gecko   (   84): 1398427260534	Marionette	INFO	Switched to frame: {"frameValue":null}
04-25 05:01:00.777 W/audio_hw_primary(   89): do_output_standby.mode:0 
04-25 05:01:02.377 I/Gecko   (   84): 1398427262391	Marionette	INFO	sendToClient: {"from":"0","ok":true}, {5ac5b302-93ca-4edd-aad6-71567098a0da}, {5ac5b302-93ca-4edd-aad6-71567098a0da}
04-25 05:01:02.547 I/Gecko   (   84): 1398427262555	Marionette	DEBUG	Got request: switchToFrame, data: {"to":"0","sessionId":"3-b2g","name":"switchToFrame","parameters":{"id":null,"focus":true}}, id: {07116938-4535-4420-8b28-968563e6b282}
04-25 05:01:02.547 I/Gecko   (   84): 1398427262558	Marionette	INFO	Switched to frame: {"frameValue":null}
04-25 05:01:02.657 I/Gecko   (   84): 1398427262667	Marionette	INFO	sendToClient: {"from":"0","ok":true}, {07116938-4535-4420-8b28-968563e6b282}, {07116938-4535-4420-8b28-968563e6b282}
04-25 05:01:02.657 I/Gecko   (   84): 1398427262673	Marionette	DEBUG	Got request: executeWithCallback, data: {"to":"0","sessionId":"3-b2g","name":"executeAsyncScript","parameters":{"specialPowers":false,"scriptTimeout":null,"newSandbox":true,"args":[],"filename":"gaia_test.py","script":"return GaiaApps.displayedApp();","line":66}}, id: {ee8edfad-a54e-452e-a344-ce90e4de870d}
04-25 05:01:02.747 E/GeckoConsole(   84): Content JS LOG at dummy file:392 in GaiaApps.displayedApp: app with origin 'app://homescreen.gaiamobile.org' is displayed
04-25 05:01:02.767 I/Gecko   (   84): 1398427262775	Marionette	INFO	sendToClient: {"from":"0","value":{"frame":{"ELEMENT":"{dccb3b5c-66d4-4bfd-b9f9-f790bcb71f98}"},"src":"app://homescreen.gaiamobile.org/index.html#root","name":"Homescreen","origin":"app://homescreen.gaiamobile.org"}}, {ee8edfad-a54e-452e-a344-ce90e4de870d}, {ee8edfad-a54e-452e-a344-ce90e4de870d}
04-25 05:01:02.777 I/Gecko   (   84): 1398427262786	Marionette	DEBUG	Got request: switchToFrame, data: {"to":"0","sessionId":"3-b2g","name":"switchToFrame","parameters":{"focus":true,"element":"{dccb3b5c-66d4-4bfd-b9f9-f790bcb71f98}"}}, id: {d70a149e-804b-4a09-bf8c-4751328d2c01}
04-25 05:01:02.787 I/Gecko   (   84): 1398427262802	Marionette	INFO	Switched to frame: {"frameValue":"{dccb3b5c-66d4-4bfd-b9f9-f790bcb71f98}"}
04-25 05:01:02.807 I/Gecko   (   84): 1398427262818	Marionette	INFO	trying remote frame 0
04-25 05:01:02.807 I/Gecko   (   84): 1398427262819	Marionette	INFO	trying remote frame 1
04-25 05:01:02.817 I/Gecko   (   84): 1398427262825	Marionette	INFO	trying remote frame 2
04-25 05:01:02.817 I/Gecko   (   84): 1398427262826	Marionette	INFO	trying remote frame 3
04-25 05:01:02.817 I/Gecko   (   84): 1398427262827	Marionette	INFO	deleting frame
04-25 05:01:02.817 I/Gecko   (   84): 1398427262832	Marionette	INFO	frame-manager load script: [object ChromeMessageSender]
04-25 05:01:02.897 I/Gonk    (   84): Setting nice for pid 1848 to 18
04-25 05:01:02.897 I/Gonk    (   84): Changed nice for pid 1848 from 1 to 18.
04-25 05:01:02.997 W/WifiHW  (   84): wifi_command: SIGNAL_POLL
04-25 05:01:03.877 I/Gecko   (   84): 
04-25 05:01:03.877 I/Gecko   (   84): ###!!! [Parent][MessageChannel] Error: Channel error: cannot send/recv
04-25 05:01:03.877 I/Gecko   (   84): 
04-25 05:01:03.937 I/Gecko   (   84): [Parent 84] WARNING: waitpid failed pid:1848 errno:10: file ../../../gecko/ipc/chromium/src/base/process_util_posix.cc, line 254
04-25 05:01:03.987 I/Gecko   ( 1932): ###################################### forms.js loaded
04-25 05:01:04.007 I/Gecko   ( 1932): ############################### browserElementPanning.js loaded
04-25 05:01:04.047 I/Gecko   ( 1932): ######################## BrowserElementChildPreload.js loaded
04-25 05:01:04.867 I/Gecko   (   84): 1398427264884	Marionette	INFO	sendToClient: {"from":"0","ok":true}, {d70a149e-804b-4a09-bf8c-4751328d2c01}, {d70a149e-804b-4a09-bf8c-4751328d2c01}
04-25 05:01:05.177 I/Gonk    (   84): Setting nice for pid 1948 to 18
04-25 05:01:05.187 I/Gonk    (   84): Changed nice for pid 1948 from 0 to 18.
04-25 05:01:05.387 I/Gecko   (   84): 1398427265398	Marionette	INFO	sendToClient: {"from":"0","value":"app://homescreen.gaiamobile.org/index.html#root"}, {3add8898-b8af-4611-9fd3-65384aad0f55}, {3add8898-b8af-4611-9fd3-65384aad0f55}
04-25 05:01:05.407 I/Gecko   (   84): 1398427265420	Marionette	DEBUG	Got request: switchToFrame, data: {"to":"0","sessionId":"3-b2g","name":"switchToFrame","parameters":{"id":null,"focus":true}}, id: {46d61844-63ca-4878-8f6c-55bc364f030b}
04-25 05:01:05.427 I/Gecko   (   84): 1398427265436	Marionette	INFO	Switched to frame: {"frameValue":null}
04-25 05:01:05.537 I/Gecko   (   84): 1398427265545	Marionette	INFO	sendToClient: {"from":"0","ok":true}, {46d61844-63ca-4878-8f6c-55bc364f030b}, {46d61844-63ca-4878-8f6c-55bc364f030b}
04-25 05:01:05.537 I/Gecko   (   84): 1398427265551	Marionette	DEBUG	Got request: switchToFrame, data: {"to":"0","sessionId":"3-b2g","name":"switchToFrame","parameters":{"id":null,"focus":true}}, id: {d68e6a75-5eb9-4f29-af16-aca64eff9cd5}
04-25 05:01:05.537 I/Gecko   (   84): 1398427265553	Marionette	INFO	Switched to frame: {"frameValue":null}
04-25 05:01:05.647 I/Gecko   (   84): 1398427265656	Marionette	INFO	sendToClient: {"from":"0","ok":true}, {d68e6a75-5eb9-4f29-af16-aca64eff9cd5}, {d68e6a75-5eb9-4f29-af16-aca64eff9cd5}
04-25 05:01:05.647 I/Gecko   (   84): 1398427265662	Marionette	DEBUG	Got request: executeWithCallback, data: {"to":"0","sessionId":"3-b2g","name":"executeAsyncScript","parameters":{"specialPowers":false,"scriptTimeout":null,"newSandbox":true,"args":[],"filename":"gaia_test.py","script":"GaiaApps.killAll()","line":91}}, id: {572e798f-612c-42c8-8d84-696c7dbf8e57}
04-25 05:01:05.717 I/Gecko   (   84): 1398427265726	Marionette	INFO	sendToClient: {"from":"0","value":true}, {572e798f-612c-42c8-8d84-696c7dbf8e57}, {572e798f-612c-42c8-8d84-696c7dbf8e57}
04-25 05:01:05.717 I/Gecko   (   84): 1398427265732	Marionette	DEBUG	Got request: switchToFrame, data: {"to":"0","sessionId":"3-b2g","name":"switchToFrame","parameters":{"id":null,"focus":true}}, id: {47bf9731-08ea-438a-b461-d71154b76933}
04-25 05:01:05.727 I/Gecko   (   84): 1398427265736	Marionette	INFO	Switched to frame: {"frameValue":null}
04-25 05:01:05.827 I/Gecko   (   84): 1398427265842	Marionette	INFO	sendToClient: {"from":"0","ok":true}, {47bf9731-08ea-438a-b461-d71154b76933}, {47bf9731-08ea-438a-b461-d71154b76933}
04-25 05:01:05.837 I/Gecko   (   84): 1398427265848	Marionette	DEBUG	Got request: executeWithCallback, data: {"to":"0","sessionId":"3-b2g","name":"executeAsyncScript","parameters":{"specialPowers":false,"scriptTimeout":60000,"newSandbox":true,"args":[],"filename":"app_checker.py","script":"\n        GaiaApps.locateWithManifestURL('https://marketplace.firefox.com/app/5211e8c7-bb14-409b-a05d-0525bdab9b57/manifest.webapp',\n                                       null,\n                                       function uninstall(app) {\n                                       navigator.mozApps.mgmt.uninstall(app);\n                                       marionetteScriptFinished(true);\n                                       });\n        ","line":129}}, id: {c52f0f54-0c46-425e-85ff-8491c5f4da44}
04-25 05:01:05.937 I/Gecko   (   84): [Parent 84] WARNING: waitpid failed pid:1848 errno:10: file ../../../gecko/ipc/chromium/src/base/process_util_posix.cc, line 254
04-25 05:01:05.937 I/Gecko   (   84): [Parent 84] WARNING: Failed to deliver SIGKILL to 1848!(3).: file ../../../gecko/ipc/chromium/src/chrome/common/process_watcher_posix_sigchld.cc, line 118
04-25 05:01:05.937 I/Gecko   (   84): -- webapps.js uninstall https://marketplace.firefox.com/app/5211e8c7-bb14-409b-a05d-0525bdab9b57/manifest.webapp
04-25 05:01:06.267 I/Gecko   (   84): 1398427266275	Marionette	INFO	sendToClient: {"from":"0","value":true}, {c52f0f54-0c46-425e-85ff-8491c5f4da44}, {c52f0f54-0c46-425e-85ff-8491c5f4da44}