--------- beginning of /dev/log/main
04-27 15:58:25.025 I/Gecko   (   84): 1398639505035	Marionette	INFO	sendToClient: {"from":"0","value":"<div><img src=\"blob:b9c7dbfa-2506-4120-a0b8-cd7aa2bfa523\" style=\"visibility: visible;\" role=\"presentation\" height=\"64\" width=\"64\"><span class=\"labelWrapper\"><span>Social</span></span></div><span data-is-icon=\"true\" class=\"options\"></span>"}, {b21043d1-aab6-4436-80b4-866820a57fed}, {b21043d1-aab6-4436-80b4-866820a57fed}
04-27 15:58:25.035 I/Gecko   (   84): 1398639505045	Marionette	INFO	sendToClient: {"from":"0","value":"<div><img src=\"blob:018178b9-202c-4753-984f-212d7b6ae1bc\" style=\"visibility: visible;\" role=\"presentation\" height=\"64\" width=\"64\"><span class=\"labelWrapper\"><span>Games</span></span></div><span data-is-icon=\"true\" class=\"options\"></span>"}, {8e0a65f2-a771-4028-81e3-63756fa6bd6f}, {8e0a65f2-a771-4028-81e3-63756fa6bd6f}
04-27 15:58:25.055 I/Gecko   (   84): 1398639505061	Marionette	INFO	sendToClient: {"from":"0","value":"<div><img src=\"blob:87d1631e-b1e1-4218-b20d-2bd0f5cd99cf\" style=\"visibility: visible;\" role=\"presentation\" height=\"64\" width=\"64\"><span class=\"labelWrapper\"><span>Music</span></span></div><span data-is-icon=\"true\" class=\"options\"></span>"}, {dfd182d9-8fde-4257-b718-098fc5a7bb6d}, {dfd182d9-8fde-4257-b718-098fc5a7bb6d}
04-27 15:58:25.085 I/Gecko   (   84): 1398639505087	Marionette	INFO	sendToClient: {"from":"0","value":"<div><img src=\"blob:8adc3d0a-9cdc-4319-af7e-5cf08b136bc4\" style=\"visibility: visible;\" role=\"presentation\" height=\"64\" width=\"64\"><span class=\"labelWrapper\"><span>Showbiz</span></span></div><span data-is-icon=\"true\" class=\"options\"></span>"}, {67860e52-d6d3-4395-9ebc-b2df1578f0d3}, {67860e52-d6d3-4395-9ebc-b2df1578f0d3}
04-27 15:58:25.095 I/Gecko   (   84): 1398639505096	Marionette	INFO	sendToClient: {"from":"0","value":"<div><img src=\"blob:376a83a3-13bb-4da5-bcb0-3acbd1610a46\" style=\"visibility: visible;\" role=\"presentation\" height=\"64\" width=\"64\"><span class=\"labelWrapper\"><span>Camera</span></span></div>"}, {6f75a4ee-b57c-49b5-a664-3fa4de44577d}, {6f75a4ee-b57c-49b5-a664-3fa4de44577d}
04-27 15:58:25.105 I/Gecko   (   84): 1398639505107	Marionette	INFO	sendToClient: {"from":"0","value":"<div><img src=\"blob:66cc0bb8-c99a-4090-9404-1a483df9a701\" style=\"visibility: visible;\" role=\"presentation\" height=\"64\" width=\"64\"><span class=\"labelWrapper\"><span>Gallery</span></span></div>"}, {3875fc97-e591-4fa7-a656-febf0546f133}, {3875fc97-e591-4fa7-a656-febf0546f133}
04-27 15:58:25.115 I/Gecko   (   84): 1398639505118	Marionette	INFO	sendToClient: {"from":"0","value":"<div><img src=\"blob:c618767c-c768-42fb-8538-d16636d49747\" style=\"visibility: visible;\" role=\"presentation\" height=\"64\" width=\"64\"><span class=\"labelWrapper\"><span>FM Radio</span></span></div>"}, {309002fe-71a5-4a16-8c48-39cac9d9fe71}, {309002fe-71a5-4a16-8c48-39cac9d9fe71}
04-27 15:58:25.125 I/Gecko   (   84): 1398639505128	Marionette	INFO	sendToClient: {"from":"0","value":"<div><img src=\"blob:916b8cd2-b265-4ee5-ba07-80b95bb2fb38\" style=\"visibility: visible;\" role=\"presentation\" height=\"64\" width=\"64\"><span class=\"labelWrapper\"><span>Settings</span></span></div>"}, {0ea1197e-27c8-40a3-b0de-7d48bd013192}, {0ea1197e-27c8-40a3-b0de-7d48bd013192}
04-27 15:58:25.135 I/Gecko   (   84): 1398639505139	Marionette	INFO	sendToClient: {"from":"0","value":"<div><img src=\"blob:3564c4a3-0b4d-4a7f-aa2e-a5d16b196c63\" style=\"visibility: visible;\" role=\"presentation\" height=\"64\" width=\"64\"><span class=\"labelWrapper\"><span>Marketplace</span></span></div>"}, {3cc4c74e-6591-4ac8-969a-76914bf82d20}, {3cc4c74e-6591-4ac8-969a-76914bf82d20}
04-27 15:58:25.145 I/Gecko   (   84): 1398639505152	Marionette	INFO	sendToClient: {"from":"0","value":"<div><img src=\"blob:fb56fd99-c122-4ef3-856a-e78b1d30f7c4\" style=\"visibility: visible;\" role=\"presentation\" height=\"64\" width=\"64\"><span class=\"labelWrapper\"><span>Calendar</span></span></div>"}, {b7fc7faf-308d-497e-9d7f-778c18f4861e}, {b7fc7faf-308d-497e-9d7f-778c18f4861e}
04-27 15:58:25.155 I/Gecko   (   84): 1398639505162	Marionette	INFO	sendToClient: {"from":"0","value":"<div><img src=\"blob:83d2ae64-688c-4b74-ba1d-69f8f06c3ecc\" style=\"visibility: visible;\" role=\"presentation\" height=\"64\" width=\"64\"><span class=\"labelWrapper\"><span>Clock</span></span></div>"}, {f5beab8c-a95e-4537-9a3f-79304105f277}, {f5beab8c-a95e-4537-9a3f-79304105f277}
04-27 15:58:25.165 I/Gecko   (   84): 1398639505174	Marionette	INFO	sendToClient: {"from":"0","value":"<div><img src=\"blob:fd58f9fe-6508-41d9-b6ec-4ce548bb4631\" style=\"visibility: visible;\" role=\"presentation\" height=\"64\" width=\"64\"><span class=\"labelWrapper\"><span>Usage</span></span></div>"}, {56119ad1-eb06-4ba3-a7ba-f84b5175d273}, {56119ad1-eb06-4ba3-a7ba-f84b5175d273}
04-27 15:58:25.175 I/Gecko   (   84): 1398639505185	Marionette	INFO	sendToClient: {"from":"0","value":"<div><img src=\"blob:c23fdb3a-9d85-4ae2-bc74-fedd7d194e36\" style=\"visibility: visible;\" role=\"presentation\" height=\"64\" width=\"64\"><span class=\"labelWrapper\"><span>E-Mail</span></span></div>"}, {81862345-0e4b-473c-881e-cf8b755312c4}, {81862345-0e4b-473c-881e-cf8b755312c4}
04-27 15:58:25.185 I/Gecko   (   84): 1398639505195	Marionette	INFO	sendToClient: {"from":"0","value":"<div><img src=\"blob:4f2e64f7-3f05-48ec-8721-4302a466433a\" style=\"visibility: visible;\" role=\"presentation\" height=\"64\" width=\"64\"><span class=\"labelWrapper\"><span>Music</span></span></div>"}, {2ac5ca85-9b8c-459b-abc7-194cca20c543}, {2ac5ca85-9b8c-459b-abc7-194cca20c543}
04-27 15:58:25.205 I/Gecko   (   84): 1398639505207	Marionette	INFO	sendToClient: {"from":"0","value":"<div><img src=\"blob:5188505a-03fb-4b7e-aa04-d07efa709ad4\" style=\"visibility: visible;\" role=\"presentation\" height=\"64\" width=\"64\"><span class=\"labelWrapper\"><span>Video</span></span></div>"}, {4f30da20-5ab5-4d0d-9d8a-11edb88107d5}, {4f30da20-5ab5-4d0d-9d8a-11edb88107d5}
04-27 15:58:25.215 I/Gecko   (   84): 1398639505216	Marionette	INFO	sendToClient: {"from":"0","value":"<div><img src=\"blob:f53b21bf-e918-4b43-a7cc-4e6987ed4f6b\" style=\"visibility: visible;\" role=\"presentation\" height=\"64\" width=\"64\"><span class=\"labelWrapper\"><span>ConnectA2</span></span></div><span data-is-icon=\"true\" class=\"options\"></span>"}, {e4454a9e-dc4d-4031-92ae-0ed08089c4dc}, {e4454a9e-dc4d-4031-92ae-0ed08089c4dc}
04-27 15:58:25.225 I/Gecko   (   84): 1398639505226	Marionette	INFO	sendToClient: {"from":"0","value":"<div><img src=\"blob:71821d40-2fc5-4d21-977b-6c72ef6cc35c\" style=\"visibility: visible;\" role=\"presentation\" height=\"64\" width=\"64\"><span class=\"labelWrapper\"><span>Word Wars</span></span></div><span data-is-icon=\"true\" class=\"options\"></span>"}, {79cb41be-1472-4b6e-8235-7b0791562ce1}, {79cb41be-1472-4b6e-8235-7b0791562ce1}
04-27 15:58:25.315 I/Gecko   (   84): 1398639505316	Marionette	INFO	sendToClient: {"from":"0","value":"<div><img src=\"blob:3c445b42-caea-4d2e-ac48-872edd1be3aa\" style=\"visibility: visible;\" role=\"presentation\" height=\"64\" width=\"64\"><span class=\"labelWrapper\"><span>Rormix</span></span></div><span data-is-icon=\"true\" class=\"options\"></span>"}, {93d50e5a-0100-42c5-8196-013407b7b6ca}, {93d50e5a-0100-42c5-8196-013407b7b6ca}
04-27 15:58:25.395 I/Gecko   (   84): 1398639505396	Marionette	INFO	sendToClient: {"from":"0","value":"<div><img src=\"blob:126f42fd-98fd-43d1-8dd3-2d8e039d3490\" style=\"visibility: visible;\" role=\"presentation\" height=\"64\" width=\"64\"><span class=\"labelWrapper\"><span>Cheer Up!</span></span></div><span data-is-icon=\"true\" class=\"options\"></span>"}, {163150f9-f0cc-4756-8c7f-bb9f1ff51774}, {163150f9-f0cc-4756-8c7f-bb9f1ff51774}
04-27 15:58:25.455 I/Gecko   (   84): 1398639505463	Marionette	INFO	sendToClient: {"from":"0","value":"<div><img src=\"blob:d60f324c-dee1-4d56-ab10-d0baa76c7567\" style=\"visibility: visible;\" role=\"presentation\" height=\"64\" width=\"64\"><span class=\"labelWrapper mask\"><span>Duck Sounds</span></span></div><span data-is-icon=\"true\" class=\"options\"></span>"}, {82cd5166-ba44-4366-8f43-5e4b455cb21f}, {82cd5166-ba44-4366-8f43-5e4b455cb21f}
04-27 15:58:25.465 I/Gecko   (   84): 1398639505475	Marionette	INFO	sendToClient: {"from":"0","value":"<div><img src=\"blob:a89e9bcd-90f0-4d7a-9426-ef122f31cdd4\" style=\"visibility: visible;\" role=\"presentation\" height=\"64\" width=\"64\"><span class=\"labelWrapper mask\"><span>Alarm Sounds</span></span></div><span data-is-icon=\"true\" class=\"options\"></span>"}, {04b9eca5-f510-4d01-b10e-f33a8973e0da}, {04b9eca5-f510-4d01-b10e-f33a8973e0da}
04-27 15:58:25.495 I/Gecko   (   84): 1398639505497	Marionette	INFO	sendToClient: {"from":"0","value":"<div><img src=\"blob:3e5ed80a-0250-4378-a5dd-56cda3741efd\" style=\"visibility: visible;\" role=\"presentation\" height=\"64\" width=\"64\"><span class=\"labelWrapper\"><span>Art</span></span></div><span data-is-icon=\"true\" class=\"options\"></span>"}, {3d4e9e79-109e-40e0-93f3-b62cc88c6b26}, {3d4e9e79-109e-40e0-93f3-b62cc88c6b26}
04-27 15:58:25.505 I/Gecko   (   84): 1398639505507	Marionette	INFO	sendToClient: {"from":"0","value":"<div><img src=\"blob:3b51eefe-0283-495f-a152-073164920107\" style=\"visibility: visible;\" role=\"presentation\" height=\"64\" width=\"64\"><span class=\"labelWrapper\"><span>Marketplace</span></span></div><span data-is-icon=\"true\" class=\"options\"></span>"}, {2476a619-eab0-4e09-8d7d-60ec6ee3bbe6}, {2476a619-eab0-4e09-8d7d-60ec6ee3bbe6}
04-27 15:58:25.515 I/Gecko   (   84): 1398639505517	Marionette	INFO	sendToClient: {"from":"0","value":"<div><img src=\"blob:4f1825f5-0b52-4c39-b78c-0618d97d4e49\" style=\"visibility: visible;\" role=\"presentation\" height=\"64\" width=\"64\"><span class=\"labelWrapper\"><span>VTCS 13</span></span></div><span data-is-icon=\"true\" class=\"options\"></span>"}, {1fed82d0-851c-462f-8ed7-6458934d88ee}, {1fed82d0-851c-462f-8ed7-6458934d88ee}
04-27 15:58:25.525 I/Gecko   (   84): 1398639505528	Marionette	INFO	sendToClient: {"from":"0","value":"<div><img src=\"blob:803c6e3c-5333-4039-91ef-f451b34fd372\" style=\"visibility: visible;\" role=\"presentation\" height=\"64\" width=\"64\"><span class=\"labelWrapper mask\"><span>inca-challenge</span></span></div><span data-is-icon=\"true\" class=\"options\"></span>"}, {8af592d0-8dd4-4df1-9047-d6f919d2ac5d}, {8af592d0-8dd4-4df1-9047-d6f919d2ac5d}
04-27 15:58:25.535 I/Gecko   (   84): 1398639505538	Marionette	INFO	sendToClient: {"from":"0","value":"<div><img src=\"blob:9acfb882-0a59-4595-b3bd-163daca92cf8\" style=\"visibility: visible;\" role=\"presentation\" height=\"64\" width=\"64\"><span class=\"labelWrapper\"><span>KAYAK</span></span></div><span data-is-icon=\"true\" class=\"options\"></span>"}, {c3e0619a-8c2d-4f92-9cb0-45d90e7ed66b}, {c3e0619a-8c2d-4f92-9cb0-45d90e7ed66b}
04-27 15:58:25.545 I/Gecko   (   84): 1398639505555	Marionette	INFO	sendToClient: {"from":"0","value":"<div><img src=\"blob:a3fbbae7-8736-44cb-b5f6-5725bbc2bf8a\" style=\"visibility: visible;\" role=\"presentation\" height=\"64\" width=\"64\"><span class=\"labelWrapper mask\"><span>Real Headshot</span></span></div><span data-is-icon=\"true\" class=\"options\"></span>"}, {cf0360d9-94ea-4dd6-b7d6-27b583c8ec43}, {cf0360d9-94ea-4dd6-b7d6-27b583c8ec43}
04-27 15:58:25.565 I/Gecko   (   84): 1398639505567	Marionette	INFO	sendToClient: {"from":"0","value":"<div><img src=\"blob:5e2a8b52-ca30-4b68-be7f-769cd4be3775\" style=\"visibility: visible;\" role=\"presentation\" height=\"64\" width=\"64\"><span class=\"labelWrapper mask\"><span>Orion Nebula</span></span></div><span data-is-icon=\"true\" class=\"options\"></span>"}, {fb5cf910-fc69-4549-9daa-254343b79ab3}, {fb5cf910-fc69-4549-9daa-254343b79ab3}
04-27 15:58:25.575 I/Gecko   (   84): 1398639505581	Marionette	INFO	sendToClient: {"from":"0","value":"<div><img src=\"blob:b3c88414-2b90-43de-bdb2-dd81c8a189a0\" style=\"visibility: visible;\" role=\"presentation\" height=\"64\" width=\"64\"><span class=\"labelWrapper mask\"><span>Galinha Pintadinha</span></span></div><span data-is-icon=\"true\" class=\"options\"></span>"}, {773d410b-a11c-487a-a34f-5fd434bb1a7f}, {773d410b-a11c-487a-a34f-5fd434bb1a7f}
04-27 15:58:25.585 I/Gecko   (   84): 1398639505593	Marionette	INFO	sendToClient: {"from":"0","value":"<div><img src=\"blob:a917993f-2bb5-403e-b4a0-cb0134c05383\" style=\"visibility: visible;\" role=\"presentation\" height=\"64\" width=\"64\"><span class=\"labelWrapper mask\"><span>Octopus Blast: ink rush</span></span></div><span data-is-icon=\"true\" class=\"options\"></span>"}, {b3e6884a-95a8-450c-868c-dd4cb05a499e}, {b3e6884a-95a8-450c-868c-dd4cb05a499e}
04-27 15:58:25.595 I/Gecko   (   84): 1398639505603	Marionette	INFO	sendToClient: {"from":"0","value":"<div><img src=\"blob:a2e5b142-0d86-4cf8-8786-ba4d17c97f2c\" style=\"visibility: visible;\" role=\"presentation\" height=\"64\" width=\"64\"><span class=\"labelWrapper mask\"><span>Skyrock.mobi</span></span></div><span data-is-icon=\"true\" class=\"options\"></span>"}, {cbb05193-a652-477e-bf39-762c721329bd}, {cbb05193-a652-477e-bf39-762c721329bd}
04-27 15:58:25.605 I/Gecko   (   84): 1398639505614	Marionette	INFO	sendToClient: {"from":"0","value":"<div><img src=\"blob:381b69d9-0127-4d0b-b941-5aaa905d711c\" style=\"visibility: visible;\" role=\"presentation\" height=\"64\" width=\"64\"><span class=\"labelWrapper\"><span>IQ FitFun</span></span></div><span data-is-icon=\"true\" class=\"options\"></span>"}, {6383ec43-370d-4597-9c58-83b00d321102}, {6383ec43-370d-4597-9c58-83b00d321102}
04-27 15:58:25.615 I/Gecko   (   84): 1398639505624	Marionette	INFO	sendToClient: {"from":"0","value":"<div><img src=\"blob:c7b9e0c7-b70d-4296-be73-351af691fab3\" style=\"visibility: visible;\" role=\"presentation\" height=\"64\" width=\"64\"><span class=\"labelWrapper mask\"><span>Ali Babá Juego de Objetos Ocultos</span></span></div><span data-is-icon=\"true\" class=\"options\"></span>"}, {6388d463-c165-45e3-adc7-f5e4c1bd080f}, {6388d463-c165-45e3-adc7-f5e4c1bd080f}
04-27 15:58:25.625 I/Gecko   (   84): 1398639505634	Marionette	INFO	sendToClient: {"from":"0","value":"<div><img src=\"blob:c61d224d-0755-4281-b274-82e70405e148\" style=\"visibility: visible;\" role=\"presentation\" height=\"64\" width=\"64\"><span class=\"labelWrapper mask\"><span>Sweet Surprise Slots</span></span></div><span data-is-icon=\"true\" class=\"options\"></span>"}, {9a90ada4-601e-43eb-959b-f6681330e38c}, {9a90ada4-601e-43eb-959b-f6681330e38c}
04-27 15:58:25.635 I/Gecko   (   84): 1398639505644	Marionette	INFO	sendToClient: {"from":"0","value":"<div><img src=\"blob:5ad84bd0-77e3-4301-96fc-72d23b753da0\" style=\"visibility: visible;\" role=\"presentation\" height=\"64\" width=\"64\"><span class=\"labelWrapper mask\"><span>Space Jumper</span></span></div><span data-is-icon=\"true\" class=\"options\"></span>"}, {bcc8b288-191d-400a-9042-da539dcf9961}, {bcc8b288-191d-400a-9042-da539dcf9961}
04-27 15:58:25.645 I/Gecko   (   84): 1398639505654	Marionette	INFO	sendToClient: {"from":"0","value":"<div><img src=\"blob:836f80cc-0cc2-436e-adc2-c1188fa243f9\" style=\"visibility: visible;\" role=\"presentation\" height=\"64\" width=\"64\"><span class=\"labelWrapper mask\"><span>ZAK Adventures Lite</span></span></div><span data-is-icon=\"true\" class=\"options\"></span>"}, {fbd78acb-8463-46b5-a1a1-f53742a8bffc}, {fbd78acb-8463-46b5-a1a1-f53742a8bffc}
04-27 15:58:25.655 I/Gecko   (   84): 1398639505664	Marionette	INFO	sendToClient: {"from":"0","value":"<div><img src=\"blob:4631eb65-be9d-40bc-8f45-e67e9122d414\" style=\"visibility: visible;\" role=\"presentation\" height=\"64\" width=\"64\"><span class=\"labelWrapper mask\"><span>Learning Is Fun!</span></span></div><span data-is-icon=\"true\" class=\"options\"></span>"}, {28149076-83dc-4c85-9138-a466cdfb004c}, {28149076-83dc-4c85-9138-a466cdfb004c}
04-27 15:58:25.665 I/Gecko   (   84): 1398639505674	Marionette	INFO	sendToClient: {"from":"0","value":"<div><img src=\"blob:71a741bc-b413-47ab-85d1-9d0c744628c9\" style=\"visibility: visible;\" role=\"presentation\" height=\"64\" width=\"64\"><span class=\"labelWrapper\"><span>Pirate Slots</span></span></div><span data-is-icon=\"true\" class=\"options\"></span>"}, {55657eaf-de6d-4a65-bc57-f5686198525b}, {55657eaf-de6d-4a65-bc57-f5686198525b}
04-27 15:58:25.695 I/Gecko   (   84): 1398639505697	Marionette	INFO	sendToClient: {"from":"0","value":"<div><img src=\"blob:3b4c398b-f3c3-4f4e-bd9d-1efef4d6a136\" style=\"visibility: visible;\" role=\"presentation\" height=\"64\" width=\"64\"><span class=\"labelWrapper\"><span>Bubble Fish</span></span></div><span data-is-icon=\"true\" class=\"options\"></span>"}, {a7e2d1c7-18a7-4cbc-aea5-9ab9012b4cf9}, {a7e2d1c7-18a7-4cbc-aea5-9ab9012b4cf9}
04-27 15:58:25.705 I/Gecko   (   84): 1398639505707	Marionette	INFO	sendToClient: {"from":"0","value":"<div><img src=\"blob:084db67b-4284-4ea8-9376-493c8117ef63\" style=\"visibility: visible;\" role=\"presentation\" height=\"64\" width=\"64\"><span class=\"labelWrapper\"><span>Flowers</span></span></div><span data-is-icon=\"true\" class=\"options\"></span>"}, {0012f811-99b8-46f8-af8f-b457c9268ed9}, {0012f811-99b8-46f8-af8f-b457c9268ed9}
04-27 15:58:25.715 I/Gecko   (   84): 1398639505717	Marionette	INFO	sendToClient: {"from":"0","value":"<div><img src=\"blob:2f68a98e-6179-477d-8bdf-5b52c30f0069\" style=\"visibility: visible;\" role=\"presentation\" height=\"64\" width=\"64\"><span class=\"labelWrapper\"><span>Emoviecons</span></span></div><span data-is-icon=\"true\" class=\"options\"></span>"}, {c21c60bc-7f6e-4bcb-8c18-36c0dfcebe98}, {c21c60bc-7f6e-4bcb-8c18-36c0dfcebe98}
04-27 15:58:25.725 I/Gecko   (   84): 1398639505727	Marionette	INFO	sendToClient: {"from":"0","value":"<div><img src=\"blob:56fbdd46-4a11-4177-85bd-deb40105e069\" style=\"visibility: visible;\" role=\"presentation\" height=\"64\" width=\"64\"><span class=\"labelWrapper mask\"><span>Alien Syncope</span></span></div><span data-is-icon=\"true\" class=\"options\"></span>"}, {5bbce236-8bcf-44d9-946b-9d77b1c9bdb4}, {5bbce236-8bcf-44d9-946b-9d77b1c9bdb4}
04-27 15:58:25.735 I/Gecko   (   84): 1398639505738	Marionette	INFO	sendToClient: {"from":"0","value":"<div><img src=\"blob:ae3344da-6d30-4bc0-a17b-43aa650ca671\" style=\"visibility: visible;\" role=\"presentation\" height=\"64\" width=\"64\"><span class=\"labelWrapper mask\"><span>Doner Kebab</span></span></div><span data-is-icon=\"true\" class=\"options\"></span>"}, {151692e7-a29b-45f9-82fd-45951726a04f}, {151692e7-a29b-45f9-82fd-45951726a04f}
04-27 15:58:25.745 I/Gecko   (   84): 1398639505748	Marionette	INFO	sendToClient: {"from":"0","value":"<div><img src=\"blob:e9121c6d-706b-4f7d-8f31-aaa7c4525c4b\" style=\"visibility: visible;\" role=\"presentation\" height=\"64\" width=\"64\"><span class=\"labelWrapper\"><span>Dímelo</span></span></div><span data-is-icon=\"true\" class=\"options\"></span>"}, {1f2bfb6c-d467-48f4-a398-6ef163128eb4}, {1f2bfb6c-d467-48f4-a398-6ef163128eb4}
04-27 15:58:25.755 I/Gecko   (   84): 1398639505759	Marionette	INFO	sendToClient: {"from":"0","value":"<div><img src=\"blob:8bcccef7-d8e4-43aa-ae51-9f8de5beebc6\" style=\"visibility: visible;\" role=\"presentation\" height=\"64\" width=\"64\"><span class=\"labelWrapper\"><span>RoadGueys</span></span></div><span data-is-icon=\"true\" class=\"options\"></span>"}, {c82e1f65-6678-4d41-8f4c-4537bc6aa47c}, {c82e1f65-6678-4d41-8f4c-4537bc6aa47c}
04-27 15:58:25.765 I/Gecko   (   84): 1398639505769	Marionette	INFO	sendToClient: {"from":"0","value":"<div><img src=\"blob:1c388f52-fdc7-4bd3-b1c3-9b9d46983df7\" style=\"visibility: visible;\" role=\"presentation\" height=\"64\" width=\"64\"><span class=\"labelWrapper\"><span>Digi Crush</span></span></div><span data-is-icon=\"true\" class=\"options\"></span>"}, {6f0958fd-ae64-4107-b9f2-478656c537c7}, {6f0958fd-ae64-4107-b9f2-478656c537c7}
04-27 15:58:25.775 I/Gecko   (   84): 1398639505779	Marionette	INFO	sendToClient: {"from":"0","value":"<div><img src=\"blob:c9fc6874-1f76-491e-93f8-3e7ad5c15ce3\" style=\"visibility: visible;\" role=\"presentation\" height=\"64\" width=\"64\"><span class=\"labelWrapper\"><span>Through !!</span></span></div><span data-is-icon=\"true\" class=\"options\"></span>"}, {ba8866ff-0aaf-49f6-b2f2-d0b9b697a784}, {ba8866ff-0aaf-49f6-b2f2-d0b9b697a784}
04-27 15:58:25.785 I/Gecko   (   84): 1398639505791	Marionette	INFO	sendToClient: {"from":"0","value":"<div><img src=\"blob:313bef48-338d-4b0a-9d05-cf36fc4aef39\" style=\"visibility: visible;\" role=\"presentation\" height=\"64\" width=\"64\"><span class=\"labelWrapper\"><span>Bessa</span></span></div><span data-is-icon=\"true\" class=\"options\"></span>"}, {daa1e943-d757-4724-b8f0-8a98d1c99d3b}, {daa1e943-d757-4724-b8f0-8a98d1c99d3b}
04-27 15:58:25.795 I/Gecko   (   84): 1398639505802	Marionette	INFO	sendToClient: {"from":"0","value":"<div><img src=\"blob:9b33533f-a1ac-4a1c-9239-2eaba8715d3f\" style=\"visibility: visible;\" role=\"presentation\" height=\"64\" width=\"64\"><span class=\"labelWrapper mask\"><span>Professor Plum's Fruit Squash</span></span></div><span data-is-icon=\"true\" class=\"options\"></span>"}, {6f891524-8c17-43bd-a44b-5b6cc625d762}, {6f891524-8c17-43bd-a44b-5b6cc625d762}
04-27 15:58:25.805 I/Gecko   (   84): 1398639505812	Marionette	INFO	sendToClient: {"from":"0","value":"<div><img src=\"blob:d711208f-c553-47c0-a8f0-05ad9acb3bd4\" style=\"visibility: visible;\" role=\"presentation\" height=\"64\" width=\"64\"><span class=\"labelWrapper mask\"><span>Distance From Me</span></span></div><span data-is-icon=\"true\" class=\"options\"></span>"}, {392d8753-0003-4fd7-8a6a-f96068af598d}, {392d8753-0003-4fd7-8a6a-f96068af598d}
04-27 15:58:25.815 I/Gecko   (   84): 1398639505823	Marionette	INFO	sendToClient: {"from":"0","value":"<div><img src=\"blob:6ab00664-6f20-4a5d-a851-22aae0229985\" style=\"visibility: visible;\" role=\"presentation\" height=\"64\" width=\"64\"><span class=\"labelWrapper\"><span>OpenPanzer</span></span></div><span data-is-icon=\"true\" class=\"options\"></span>"}, {7090c37d-e4de-428b-8e88-b016bced4bb9}, {7090c37d-e4de-428b-8e88-b016bced4bb9}
04-27 15:58:25.825 I/Gecko   (   84): 1398639505833	Marionette	INFO	sendToClient: {"from":"0","value":"<div><img src=\"blob:3b56bd63-83f1-49d2-88a0-30e18956d092\" style=\"visibility: visible;\" role=\"presentation\" height=\"64\" width=\"64\"><span class=\"labelWrapper mask\"><span>Pocket Alphabets</span></span></div><span data-is-icon=\"true\" class=\"options\"></span>"}, {7a2af728-3aab-4111-a87e-04d81301b7e3}, {7a2af728-3aab-4111-a87e-04d81301b7e3}
04-27 15:58:25.835 I/Gecko   (   84): 1398639505843	Marionette	INFO	sendToClient: {"from":"0","value":"<div><img src=\"blob:7b42ba3f-9404-4583-9aa3-277280ad1022\" style=\"visibility: visible;\" role=\"presentation\" height=\"64\" width=\"64\"><span class=\"labelWrapper\"><span>Hangman</span></span></div><span data-is-icon=\"true\" class=\"options\"></span>"}, {5af823d1-49c0-4cfa-8be4-2ea44de25d26}, {5af823d1-49c0-4cfa-8be4-2ea44de25d26}
04-27 15:58:25.845 I/Gecko   (   84): 1398639505854	Marionette	INFO	sendToClient: {"from":"0","value":"<div><img src=\"blob:e7af9e57-72ba-4e03-a543-05b4adf74b45\" style=\"visibility: visible;\" role=\"presentation\" height=\"64\" width=\"64\"><span class=\"labelWrapper\"><span>Mad Runner</span></span></div><span data-is-icon=\"true\" class=\"options\"></span>"}, {e0707fe4-ce2b-42f6-a766-d11c6e618411}, {e0707fe4-ce2b-42f6-a766-d11c6e618411}
04-27 15:58:25.855 I/Gecko   (   84): 1398639505863	Marionette	INFO	sendToClient: {"from":"0","value":"<div><img src=\"blob:4d10f697-71d8-4cae-bec1-63ddd78ae3d1\" style=\"visibility: visible;\" role=\"presentation\" height=\"64\" width=\"64\"><span class=\"labelWrapper\"><span>Real Soccer</span></span></div><span data-is-icon=\"true\" class=\"options\"></span>"}, {0c809ac5-6cd0-4537-b38c-d5ad922f8b98}, {0c809ac5-6cd0-4537-b38c-d5ad922f8b98}
04-27 15:58:25.865 I/Gecko   (   84): 1398639505873	Marionette	INFO	sendToClient: {"from":"0","value":"<div><img src=\"blob:61fa2861-4454-40cc-9a25-fda79907026e\" style=\"visibility: visible;\" role=\"presentation\" height=\"64\" width=\"64\"><span class=\"labelWrapper\"><span>Roulette</span></span></div><span data-is-icon=\"true\" class=\"options\"></span>"}, {b9f980fb-2b33-4b69-be40-612cdac2b064}, {b9f980fb-2b33-4b69-be40-612cdac2b064}
04-27 15:58:25.875 I/Gecko   (   84): 1398639505884	Marionette	INFO	sendToClient: {"from":"0","value":"<div><img src=\"blob:3f0594af-350f-4fe8-ad31-952288b5c746\" style=\"visibility: visible;\" role=\"presentation\" height=\"64\" width=\"64\"><span class=\"labelWrapper\"><span>Mondrago</span></span></div><span data-is-icon=\"true\" class=\"options\"></span>"}, {a6763d8b-9609-4762-a467-60a799ec0b78}, {a6763d8b-9609-4762-a467-60a799ec0b78}
04-27 15:58:25.895 I/Gecko   (   84): 1398639505905	Marionette	INFO	sendToClient: {"from":"0","value":"<div><img src=\"blob:bcf45b50-6006-4eaf-a7d3-e8a85d2aaf93\" style=\"visibility: visible;\" role=\"presentation\" height=\"64\" width=\"64\"><span class=\"labelWrapper\"><span>4 kép 1 szó</span></span></div><span data-is-icon=\"true\" class=\"options\"></span>"}, {9b2aa7aa-c97c-48df-bcb9-d689f32a650b}, {9b2aa7aa-c97c-48df-bcb9-d689f32a650b}
04-27 15:58:25.905 I/Gecko   (   84): 1398639505915	Marionette	INFO	sendToClient: {"from":"0","value":"<div><img src=\"blob:6656e2c5-e0d2-44fa-b5b5-b762fd7f54e2\" style=\"visibility: visible;\" role=\"presentation\" height=\"64\" width=\"64\"><span class=\"labelWrapper\"><span>Word Up</span></span></div><span data-is-icon=\"true\" class=\"options\"></span>"}, {1114c148-48a6-40e9-a4f6-c704d325bbf0}, {1114c148-48a6-40e9-a4f6-c704d325bbf0}
04-27 15:58:25.915 I/Gecko   (   84): 1398639505925	Marionette	INFO	sendToClient: {"from":"0","value":"<div><img src=\"blob:91a39a50-f807-4564-90ce-6717f534c5d3\" style=\"visibility: visible;\" role=\"presentation\" height=\"64\" width=\"64\"><span class=\"labelWrapper\"><span>Candy Time</span></span></div><span data-is-icon=\"true\" class=\"options\"></span>"}, {4e8d8e23-70e6-48d8-96ca-1cd55b860d3c}, {4e8d8e23-70e6-48d8-96ca-1cd55b860d3c}
04-27 15:58:25.925 I/Gecko   (   84): 1398639505935	Marionette	INFO	sendToClient: {"from":"0","value":"<div><img src=\"blob:22651baa-d8b8-406a-a52d-e5b4907eac99\" style=\"visibility: visible;\" role=\"presentation\" height=\"64\" width=\"64\"><span class=\"labelWrapper mask\"><span>Ali Baba Jogo de Objetos Escondidos</span></span></div><span data-is-icon=\"true\" class=\"options\"></span>"}, {ee25cbac-c54e-4e29-82f3-2e33d7f417d3}, {ee25cbac-c54e-4e29-82f3-2e33d7f417d3}
04-27 15:58:25.935 I/Gecko   (   84): 1398639505945	Marionette	INFO	sendToClient: {"from":"0","value":"<div><img src=\"blob:8d769475-422f-4fab-85a8-4e8588c555de\" style=\"visibility: visible;\" role=\"presentation\" height=\"64\" width=\"64\"><span class=\"labelWrapper\"><span>Four in Line</span></span></div><span data-is-icon=\"true\" class=\"options\"></span>"}, {257d1205-558e-43b8-ad4b-f823d24b254a}, {257d1205-558e-43b8-ad4b-f823d24b254a}
04-27 15:58:25.945 I/Gecko   (   84): 1398639505955	Marionette	INFO	sendToClient: {"from":"0","value":"<div><img src=\"blob:510c0be4-fc0a-4d2c-b150-f5dafd7c94ba\" style=\"visibility: visible;\" role=\"presentation\" height=\"64\" width=\"64\"><span class=\"labelWrapper\"><span>Rádio Clube</span></span></div><span data-is-icon=\"true\" class=\"options\"></span>"}, {cecfc164-976e-4c17-87ed-14001b1c7982}, {cecfc164-976e-4c17-87ed-14001b1c7982}
04-27 15:58:25.955 I/Gecko   (   84): 1398639505965	Marionette	INFO	sendToClient: {"from":"0","value":"<div><img src=\"blob:37b24ef4-cc8c-4510-8341-ecd3c7e5f94c\" style=\"visibility: visible;\" role=\"presentation\" height=\"64\" width=\"64\"><span class=\"labelWrapper mask\"><span>Fantasy Slots</span></span></div><span data-is-icon=\"true\" class=\"options\"></span>"}, {9f493e47-1d69-4ef2-b5c0-6445568e479e}, {9f493e47-1d69-4ef2-b5c0-6445568e479e}
04-27 15:58:25.975 I/Gecko   (   84): 1398639505976	Marionette	INFO	sendToClient: {"from":"0","value":"<div><img src=\"blob:1c872c0d-9278-43df-b7c0-c846bc76e766\" style=\"visibility: visible;\" role=\"presentation\" height=\"64\" width=\"64\"><span class=\"labelWrapper mask\"><span>Blancanieves y los siete enanitos Juego de Objetos Ocultos</span></span></div><span data-is-icon=\"true\" class=\"options\"></span>"}, {8bfb22b3-d5e6-4545-990c-dca1bff4636d}, {8bfb22b3-d5e6-4545-990c-dca1bff4636d}
04-27 15:58:25.985 I/Gecko   (   84): 1398639505986	Marionette	INFO	sendToClient: {"from":"0","value":"<div><img src=\"blob:789f840e-59a9-4293-887f-39aa69fffd58\" style=\"visibility: visible;\" role=\"presentation\" height=\"64\" width=\"64\"><span class=\"labelWrapper mask\"><span>Kiss And Makeup</span></span></div><span data-is-icon=\"true\" class=\"options\"></span>"}, {10ef2e81-9280-4264-b143-f4b6399e8c0d}, {10ef2e81-9280-4264-b143-f4b6399e8c0d}
04-27 15:58:25.995 I/Gecko   (   84): 1398639505998	Marionette	INFO	sendToClient: {"from":"0","value":"<div><img src=\"blob:467796b8-83d4-4800-a29a-d89b26d8f88a\" style=\"visibility: visible;\" role=\"presentation\" height=\"64\" width=\"64\"><span class=\"labelWrapper mask\"><span>Mahjong Deluxe 2</span></span></div><span data-is-icon=\"true\" class=\"options\"></span>"}, {203cece3-ca12-4f03-8d10-f3e9ca152f73}, {203cece3-ca12-4f03-8d10-f3e9ca152f73}
04-27 15:58:26.005 I/Gecko   (   84): 1398639506009	Marionette	INFO	sendToClient: {"from":"0","value":"<div><img src=\"blob:229359e4-89b7-42e7-a0e3-932be58e9f67\" style=\"visibility: visible;\" role=\"presentation\" height=\"64\" width=\"64\"><span class=\"labelWrapper mask\"><span>Fresh Food Finder</span></span></div><span data-is-icon=\"true\" class=\"options\"></span>"}, {157c50f9-53a0-48ec-9a73-141856814b1c}, {157c50f9-53a0-48ec-9a73-141856814b1c}
04-27 15:58:26.015 I/Gecko   (   84): 1398639506020	Marionette	INFO	sendToClient: {"from":"0","value":"<div><img src=\"blob:50a6e996-9923-4f70-887e-de246e960808\" style=\"visibility: visible;\" role=\"presentation\" height=\"64\" width=\"64\"><span class=\"labelWrapper\"><span>Phone</span></span></div>"}, {adb01a93-e278-4875-87b6-f015a1083d4c}, {adb01a93-e278-4875-87b6-f015a1083d4c}
04-27 15:58:26.025 I/Gecko   (   84): 1398639506030	Marionette	INFO	sendToClient: {"from":"0","value":"<div><img src=\"blob:de66d15f-f662-4dab-8aef-a5d0bb9d9601\" style=\"visibility: visible;\" role=\"presentation\" height=\"64\" width=\"64\"><span class=\"labelWrapper\"><span>Messages</span></span></div>"}, {f1ad174c-0d14-4ac4-8ad0-7b0dac7b2fcf}, {f1ad174c-0d14-4ac4-8ad0-7b0dac7b2fcf}
04-27 15:58:26.035 I/Gecko   (   84): 1398639506041	Marionette	INFO	sendToClient: {"from":"0","value":"<div><img src=\"blob:99f9aacf-6e11-454a-99bc-47fe6073b163\" style=\"visibility: visible;\" role=\"presentation\" height=\"64\" width=\"64\"><span class=\"labelWrapper\"><span>Contacts</span></span></div>"}, {c2d6a1dd-3598-44cd-b813-55905688181a}, {c2d6a1dd-3598-44cd-b813-55905688181a}
04-27 15:58:26.045 I/Gecko   (   84): 1398639506051	Marionette	INFO	sendToClient: {"from":"0","value":"<div><img src=\"blob:c0148a01-330e-4d8d-bd64-25bfb685fc02\" style=\"visibility: visible;\" role=\"presentation\" height=\"64\" width=\"64\"><span class=\"labelWrapper\"><span>Browser</span></span></div>"}, {2e7c96d5-e2bf-471b-8512-138ede71eabf}, {2e7c96d5-e2bf-471b-8512-138ede71eabf}
04-27 15:58:26.065 I/Gecko   (   84): 1398639506071	Marionette	INFO	sendToClient: {"from":"0","value":"app://homescreen.gaiamobile.org/index.html#root"}, {d947b344-c9f4-4268-8f47-5cb9a13eef73}, {d947b344-c9f4-4268-8f47-5cb9a13eef73}
04-27 15:58:26.075 I/Gecko   (   84): 1398639506078	Marionette	DEBUG	Got request: switchToFrame, data: {"to":"0","sessionId":"3-b2g","name":"switchToFrame","parameters":{"id":null,"focus":true}}, id: {2f2b9f43-237e-44f9-b68f-8c54bf80c5c6}
04-27 15:58:26.115 I/Gecko   (   84): 1398639506122	Marionette	INFO	Switched to frame: {"frameValue":null}
04-27 15:58:26.225 I/Gecko   (   84): 1398639506228	Marionette	INFO	sendToClient: {"from":"0","ok":true}, {2f2b9f43-237e-44f9-b68f-8c54bf80c5c6}, {2f2b9f43-237e-44f9-b68f-8c54bf80c5c6}
04-27 15:58:26.225 I/Gecko   (   84): 1398639506235	Marionette	DEBUG	Got request: switchToFrame, data: {"to":"0","sessionId":"3-b2g","name":"switchToFrame","parameters":{"id":null,"focus":true}}, id: {1dbfae3d-954d-483e-9b16-b6357efc1120}
04-27 15:58:26.245 I/Gecko   (   84): 1398639506247	Marionette	INFO	Switched to frame: {"frameValue":null}
04-27 15:58:26.345 I/Gecko   (   84): 1398639506351	Marionette	INFO	sendToClient: {"from":"0","ok":true}, {1dbfae3d-954d-483e-9b16-b6357efc1120}, {1dbfae3d-954d-483e-9b16-b6357efc1120}
04-27 15:58:26.355 I/Gecko   (   84): 1398639506360	Marionette	DEBUG	Got request: executeWithCallback, data: {"to":"0","sessionId":"3-b2g","name":"executeAsyncScript","parameters":{"specialPowers":false,"scriptTimeout":30000,"newSandbox":true,"args":[],"filename":"app_checker.py","script":"GaiaApps.launchWithManifestURL('https://marketplace.firefox.com/app/fbc6c40d-200a-4570-bf2d-f3cd89abb2a8/manifest.webapp')","line":106}}, id: {5399f2f7-fc87-4a57-8c6a-013ce0824100}
04-27 15:58:27.465 I/Gonk    (   84): Setting nice for pid 591 to 18
04-27 15:58:27.465 I/Gonk    (   84): Changed nice for pid 591 from 0 to 18.
04-27 15:58:27.465 I/Gecko   (   84): [Parent 84] WARNING: waitpid failed pid:591 errno:10: file ../../../gecko/ipc/chromium/src/base/process_util_posix.cc, line 254
04-27 15:58:27.505 I/Gonk    (   84): Setting nice for pid 591 to 1
04-27 15:58:27.505 I/Gonk    (   84): Changed nice for pid 591 from 18 to 1.
04-27 15:58:27.695 I/GonkMemoryPressure(  591): Checking to see if memory pressure is over.
04-27 15:58:27.695 I/GonkMemoryPressure(  591): Memory pressure is over.
04-27 15:58:29.885 E/GeckoConsole(   84): Content JS LOG at dummy file:334 in GaiaApps.launch: launching app with name 'Fresh Food Finder'
04-27 15:58:30.495 W/WifiHW  (   84): wifi_command: SIGNAL_POLL
04-27 15:58:30.655 D/Sensors (   84): activate handle=0; drv=0
04-27 15:58:30.655 D/Sensors (   84): Lis3dhSensor: Control set 1
04-27 15:58:30.655 D/Sensors (   84): Lis3dhSensor: mEnabled = 1
04-27 15:58:30.915 E/[Gralloc-ERROR](   84): int gralloc_register_buffer(const gralloc_module_t*, const native_handle_t*):79 Unable to register handle 0x437ff9c0 coming from different process: 84
04-27 15:58:30.915 E/[Gralloc-ERROR](   84): int gralloc_register_buffer(const gralloc_module_t*, const native_handle_t*):79 Unable to register handle 0x437ffbf0 coming from different process: 84
04-27 15:58:30.925 E/[Gralloc-ERROR](   84): int gralloc_register_buffer(const gralloc_module_t*, const native_handle_t*):79 Unable to register handle 0x43c8d150 coming from different process: 84
04-27 15:58:30.925 E/[Gralloc-ERROR](   84): int gralloc_register_buffer(const gralloc_module_t*, const native_handle_t*):79 Unable to register handle 0x43c9c8d0 coming from different process: 84
04-27 15:58:31.135 I/Gonk    (   84): Setting nice for pid 562 to 18
04-27 15:58:31.145 I/Gonk    (   84): Changed nice for pid 562 from 1 to 18.
04-27 15:58:31.335 I/log     (  684): <4>0[ 102.355877] select 562 (Homescreen), adj 8, size 6366, to kill 
04-27 15:58:31.825 I/GonkMemoryPressure(   84): Checking to see if memory pressure is over.
04-27 15:58:31.825 I/GonkMemoryPressure(   84): Memory pressure is over.
04-27 15:58:32.315 I/Gecko   (   84): [Parent 84] WARNING: pipe error (151): Connection reset by peer: file ../../../gecko/ipc/chromium/src/chrome/common/ipc_channel_posix.cc, line 446
04-27 15:58:32.315 I/Gecko   (   84): 
04-27 15:58:32.315 I/Gecko   (   84): ###!!! [Parent][MessageChannel] Error: Channel error: cannot send/recv
04-27 15:58:32.315 I/Gecko   (   84): 
04-27 15:58:32.445 I/GeckoDump(   84): Crash reporter : Can't fetch app.reportCrashes. Exception: [Exception... "Component returned failure code: 0x8000ffff (NS_ERROR_UNEXPECTED) [nsIPrefBranch.getBoolPref]"  nsresult: "0x8000ffff (NS_ERROR_UNEXPECTED)"  location: "JS frame :: chrome://browser/content/shell.js :: shell_reportCrash :: line 7"  data: no]
04-27 15:58:32.485 I/Gecko   (   84): [Parent 84] WARNING: waitpid failed pid:562 errno:10: file ../../../gecko/ipc/chromium/src/base/process_util_posix.cc, line 254
04-27 15:58:32.605 I/Gonk    (   84): Setting nice for pid 690 to 18
04-27 15:58:32.605 I/Gonk    (   84): Changed nice for pid 690 from 0 to 18.
04-27 15:58:32.965 E/GeckoConsole(  591): [JavaScript Warning: "Unknown property 'user-select'.  Declaration dropped." {file: "app://{530de628-1f12-498f-9143-f7fdf967e548}/js/libs/leaflet/leaflet.css" line: 28 column: 12 source: "	user-select: none;"}]
04-27 15:58:32.965 E/GeckoConsole(  591): [JavaScript Warning: "Unknown property '-moz-border-radius'.  Declaration dropped." {file: "app://{530de628-1f12-498f-9143-f7fdf967e548}/js/libs/leaflet/leaflet.css" line: 109 column: 19 source: "	-moz-border-radius: 7px;"}]
04-27 15:58:32.965 E/GeckoConsole(  591): [JavaScript Warning: "Unknown property '-moz-border-radius'.  Declaration dropped." {file: "app://{530de628-1f12-498f-9143-f7fdf967e548}/js/libs/leaflet/leaflet.css" line: 126 column: 19 source: "	-moz-border-radius: 4px;"}]
04-27 15:58:32.965 E/GeckoConsole(  591): [JavaScript Warning: "Unknown property '-moz-box-shadow'.  Declaration dropped." {file: "app://{530de628-1f12-498f-9143-f7fdf967e548}/js/libs/leaflet/leaflet.css" line: 148 column: 16 source: "	-moz-box-shadow: 0 0 7px #999;"}]
04-27 15:58:32.965 E/GeckoConsole(  591): [JavaScript Warning: "Unknown property '-moz-box-shadow'.  Declaration dropped." {file: "app://{530de628-1f12-498f-9143-f7fdf967e548}/js/libs/leaflet/leaflet.css" line: 200 column: 16 source: "	-moz-box-shadow: 0 0 7px #ccc;"}]
04-27 15:58:32.975 E/GeckoConsole(  591): [JavaScript Warning: "Unknown property '-moz-box-shadow'.  Declaration dropped." {file: "app://{530de628-1f12-498f-9143-f7fdf967e548}/js/libs/leaflet/leaflet.css" line: 310 column: 16 source: "	-moz-box-shadow: 0 1px 10px #888;"}]
04-27 15:58:32.975 E/GeckoConsole(  591): [JavaScript Warning: "Unknown property '-moz-border-radius'.  Declaration dropped." {file: "app://{530de628-1f12-498f-9143-f7fdf967e548}/js/libs/leaflet/leaflet.css" line: 314 column: 19 source: "	-moz-border-radius: 20px;"}]
04-27 15:58:32.975 E/GeckoConsole(  591): [JavaScript Warning: "Error in parsing value for 'background-color'.  Declaration dropped." {file: "app://{530de628-1f12-498f-9143-f7fdf967e548}/js/viewnavigator/viewnavigator.css" line: 20 column: 18 source: "	background-color:666666;"}]
04-27 15:58:32.975 E/GeckoConsole(  591): [JavaScript Warning: "Error in parsing value for 'backface-visibility'.  Declaration dropped." {file: "app://{530de628-1f12-498f-9143-f7fdf967e548}/js/viewnavigator/viewnavigator.css" line: 106 column: 25 source: "    backface-visibility: auto;"}]
04-27 15:58:32.985 E/GeckoConsole(  591): [JavaScript Warning: "Unknown property 'font-color'.  Declaration dropped." {file: "app://{530de628-1f12-498f-9143-f7fdf967e548}/assets/styles.css" line: 36 column: 14 source: "    font-color: #888;"}]
04-27 15:58:32.985 E/GeckoConsole(  591): [JavaScript Warning: "Unknown property 'user-select'.  Declaration dropped." {file: "app://{530de628-1f12-498f-9143-f7fdf967e548}/assets/styles.css" line: 45 column: 12 source: "	user-select: none;"}]
04-27 15:58:32.985 E/GeckoConsole(  591): [JavaScript Warning: "Expected color but found '#white'.  Error in parsing value for 'color'.  Declaration dropped." {file: "app://{530de628-1f12-498f-9143-f7fdf967e548}/assets/styles.css" line: 101 column: 10 source: "    color:#white;"}]
04-27 15:58:32.995 E/GeckoConsole(  591): [JavaScript Warning: "Error in parsing value for 'margin'.  Declaration dropped." {file: "app://{530de628-1f12-498f-9143-f7fdf967e548}/assets/styles.css" line: 301 column: 11 source: "    margin:05.em;"}]
04-27 15:58:32.995 E/GeckoConsole(  591): [JavaScript Warning: "Unknown property 'columns'.  Declaration dropped." {file: "app://{530de628-1f12-498f-9143-f7fdf967e548}/assets/styles.css" line: 487 column: 15 source: "        columns:290px 2;"}]
04-27 15:58:33.065 I/GonkMemoryPressure(  591): Checking to see if memory pressure is over.
04-27 15:58:33.065 I/GonkMemoryPressure(  591): Memory pressure is over.
04-27 15:58:33.255 E/GeckoConsole(  591): [JavaScript Error: "The character encoding of the HTML document was not declared. The document will render with garbled text in some browser configurations if the document contains characters from outside the US-ASCII range. The character encoding of the page must be declared in the document or in the transfer protocol." {file: "app://{530de628-1f12-498f-9143-f7fdf967e548}/index.html" line: 0}]
04-27 15:58:33.785 E/GeckoConsole(  591): [JavaScript Error: "undefined entity" {file: "app://{530de628-1f12-498f-9143-f7fdf967e548}/views/aboutViewTemplate.html" line: 19 column: 17 source: "    Map imagery &copy; 2011 <a href="javascript:openExternalURL('http://openstreetmap.org/')">OpenStreetMap</a>"}]
04-27 15:58:33.815 I/Gonk    (   84): Setting nice for pid 690 to 18
04-27 15:58:33.815 I/Gonk    (   84): Changed nice for pid 690 from 18 to 18.
04-27 15:58:33.815 I/Gecko   (   84): [Parent 84] WARNING: waitpid failed pid:690 errno:10: file ../../../gecko/ipc/chromium/src/base/process_util_posix.cc, line 254
04-27 15:58:33.815 I/Gonk    (   84): Setting nice for pid 690 to 1
04-27 15:58:33.815 I/Gonk    (   84): Changed nice for pid 690 from 18 to 1.
04-27 15:58:33.835 I/Gonk    (   84): Setting nice for pid 690 to 18
04-27 15:58:33.835 I/Gonk    (   84): Changed nice for pid 690 from 1 to 18.
04-27 15:58:33.865 E/GeckoConsole(  591): [JavaScript Error: "not well-formed" {file: "app://{530de628-1f12-498f-9143-f7fdf967e548}/views/marketDetailsViewTemplate.html" line: 25 column: 33 source: "            <!-- map location --->"}]
04-27 15:58:33.905 E/GeckoConsole(  591): [JavaScript Error: "not well-formed" {file: "app://{530de628-1f12-498f-9143-f7fdf967e548}/views/searchViewTemplate.html" line: 24 column: 18 source: "            <div {{#tablet}}class="tabColumns"{{/tablet}}>"}]
04-27 15:58:34.245 E/GeckoConsole(   84): Content JS LOG at dummy file:326 in GaiaApps.launch/appOpen/<: app with origin 'app://{530de628-1f12-498f-9143-f7fdf967e548}' has launched
04-27 15:58:34.245 I/Gecko   (   84): 1398639514250	Marionette	INFO	sendToClient: {"from":"0","value":{"frame":{"ELEMENT":"{2f1dd7c0-a532-4c02-81b2-982f2f044cd9}"},"src":"app://{530de628-1f12-498f-9143-f7fdf967e548}/index.html","name":"Fresh Food Finder","origin":"app://{530de628-1f12-498f-9143-f7fdf967e548}"}}, {5399f2f7-fc87-4a57-8c6a-013ce0824100}, {5399f2f7-fc87-4a57-8c6a-013ce0824100}
04-27 15:58:34.245 E/[Gralloc-ERROR](   84): int gralloc_unregister_buffer(const gralloc_module_t*, const native_handle_t*):274 Trying to unregister buffer 0x437ff9c0 from process 84 that was not created in current process: 84
04-27 15:58:34.245 E/[Gralloc-ERROR](   84): int gralloc_unregister_buffer(const gralloc_module_t*, const native_handle_t*):274 Trying to unregister buffer 0x437ffbf0 from process 84 that was not created in current process: 84
04-27 15:58:34.255 E/[Gralloc-ERROR](   84): int gralloc_unregister_buffer(const gralloc_module_t*, const native_handle_t*):274 Trying to unregister buffer 0x43c8d150 from process 84 that was not created in current process: 84
04-27 15:58:34.255 E/[Gralloc-ERROR](   84): int gralloc_unregister_buffer(const gralloc_module_t*, const native_handle_t*):274 Trying to unregister buffer 0x43c9c8d0 from process 84 that was not created in current process: 84
04-27 15:58:34.265 I/Gecko   (   84): 1398639514268	Marionette	DEBUG	Got request: switchToFrame, data: {"to":"0","sessionId":"3-b2g","name":"switchToFrame","parameters":{"focus":true,"element":"{2f1dd7c0-a532-4c02-81b2-982f2f044cd9}"}}, id: {9e0a0128-3aea-443f-acb2-6f30642a43ab}
04-27 15:58:34.275 I/Gecko   (   84): 1398639514278	Marionette	INFO	Switched to frame: {"frameValue":"{2f1dd7c0-a532-4c02-81b2-982f2f044cd9}"}
04-27 15:58:34.285 I/Gecko   (   84): 1398639514291	Marionette	INFO	trying remote frame 0
04-27 15:58:34.285 I/Gecko   (   84): 1398639514293	Marionette	INFO	deleting frame
04-27 15:58:34.295 I/Gecko   (   84): 1398639514303	Marionette	INFO	frame-manager load script: [object ChromeMessageSender]
04-27 15:58:34.305 I/Gecko   (   84): [Parent 84] WARNING: pipe error (121): Connection reset by peer: file ../../../gecko/ipc/chromium/src/chrome/common/ipc_channel_posix.cc, line 446
04-27 15:58:34.305 I/Gecko   (   84): 
04-27 15:58:34.305 I/Gecko   (   84): ###!!! [Parent][MessageChannel] Error: Channel error: cannot send/recv
04-27 15:58:34.305 I/Gecko   (   84): 
04-27 15:58:34.335 I/GeckoDump(   84): Crash reporter : Can't fetch app.reportCrashes. Exception: [Exception... "Component returned failure code: 0x8000ffff (NS_ERROR_UNEXPECTED) [nsIPrefBranch.getBoolPref]"  nsresult: "0x8000ffff (NS_ERROR_UNEXPECTED)"  location: "JS frame :: chrome://browser/content/shell.js :: shell_reportCrash :: line 7"  data: no]
04-27 15:58:34.345 I/Gecko   (   84): [Parent 84] WARNING: waitpid failed pid:690 errno:10: file ../../../gecko/ipc/chromium/src/base/process_util_posix.cc, line 254
04-27 15:58:34.495 I/Gecko   (   84): [Parent 84] WARNING: waitpid failed pid:562 errno:10: file ../../../gecko/ipc/chromium/src/base/process_util_posix.cc, line 254
04-27 15:58:34.495 I/Gecko   (   84): [Parent 84] WARNING: Failed to deliver SIGKILL to 562!(3).: file ../../../gecko/ipc/chromium/src/chrome/common/process_watcher_posix_sigchld.cc, line 118
04-27 15:58:34.535 E/GeckoConsole(  591): [JavaScript Warning: "Error in parsing value for 'transition-duration'.  Declaration dropped." {file: "app://{530de628-1f12-498f-9143-f7fdf967e548}/index.html" line: 0 column: 0 source: "0"}]
04-27 15:58:34.845 E/GeckoConsole(  591): [JavaScript Warning: "Error in parsing value for '-Moz-transition-duration'.  Declaration dropped." {file: "app://{530de628-1f12-498f-9143-f7fdf967e548}/index.html" line: 0 column: 79 source: ";pointer-events:none;-Moz-transition-property:opacity;-Moz-transition-duration:0;overflow:hidden;opacity:1"}]
04-27 15:58:34.855 E/GeckoConsole(  591): [JavaScript Warning: "Error in parsing value for '-Moz-transition-duration'.  Declaration dropped." {file: "app://{530de628-1f12-498f-9143-f7fdf967e548}/index.html" line: 0 column: 149 source: ";pointer-events:none;-Moz-transition-property:-Moz-transform;-Moz-transition-timing-function:cubic-bezier(0.33,0.66,0.66,1);-Moz-transition-duration:0;-Moz-transform:translate(0,0)"}]
04-27 15:58:34.865 E/GeckoConsole(  591): [JavaScript Warning: "Error in parsing value for 'transition-delay'.  Declaration dropped." {file: "app://{530de628-1f12-498f-9143-f7fdf967e548}/index.html" line: 0 column: 0 source: "0"}]
04-27 15:58:34.865 E/GeckoConsole(  591): [JavaScript Warning: "Error in parsing value for 'transition-duration'.  Declaration dropped." {file: "app://{530de628-1f12-498f-9143-f7fdf967e548}/index.html" line: 0 column: 0 source: "0"}]
04-27 15:58:35.555 W/WifiHW  (   84): wifi_command: SIGNAL_POLL
04-27 15:58:35.975 I/Gecko   (   84): 1398639515979	Marionette	INFO	sendToClient: {"from":"0","ok":true}, {9e0a0128-3aea-443f-acb2-6f30642a43ab}, {9e0a0128-3aea-443f-acb2-6f30642a43ab}
04-27 15:58:35.995 E/GeckoConsole(  591): Content JS LOG at app://{530de628-1f12-498f-9143-f7fdf967e548}/js/viewnavigator/viewnavigator.js:411 in ViewNavigator.prototype.resizeContent: resizeContent
04-27 15:58:36.185 E/GeckoConsole(  591): [JavaScript Error: "syntax error" {file: "app://{530de628-1f12-498f-9143-f7fdf967e548}/data.js?_=1398639514894" line: 4 column: 1 source: "var markets =  [ ["1001697","-85.57502","42.29596","100-Mile Market","507 Harrison Street","Kalamazoo","Michigan","49007","Parking lot","http://www.peoplesfoodco-op.org/","Y","Y","Y","Y","Y","N","Y","Y","Y","Y","Y","Y","N","Y","Y","Y","Y","Y","N","N","Y","N","Y","N","Y","Y","N","May - October Wednesday 3:00pm to  7:00pm <br/> ","The market will have 15 vendors <br/> Organic: No, Organic Vendors:  <br/> ","Kalamazoo",0],"}]
04-27 15:58:36.265 I/Gecko   (   84): 1398639516269	Marionette	INFO	sendToClient: {"from":"0","value":"app://{530de628-1f12-498f-9143-f7fdf967e548}/index.html"}, {8c94daba-3eb9-446b-bbf6-0f57645aaff5}, {8c94daba-3eb9-446b-bbf6-0f57645aaff5}
04-27 15:58:36.275 I/Gecko   (   84): 1398639516276	Marionette	DEBUG	Got request: execute, data: {"to":"0","sessionId":"3-b2g","name":"executeScript","parameters":{"specialPowers":false,"scriptTimeout":null,"newSandbox":true,"args":[],"filename":"app_checker.py","script":"return window.document.readyState;","line":191}}, id: {e6b7911f-eebf-4f05-a357-e97476e71446}
04-27 15:58:36.345 I/Gecko   (   84): [Parent 84] WARNING: waitpid failed pid:690 errno:10: file ../../../gecko/ipc/chromium/src/base/process_util_posix.cc, line 254
04-27 15:58:36.345 I/Gecko   (   84): [Parent 84] WARNING: Failed to deliver SIGKILL to 690!(3).: file ../../../gecko/ipc/chromium/src/chrome/common/process_watcher_posix_sigchld.cc, line 118
04-27 15:58:36.395 I/Gecko   (   84): 1398639516401	Marionette	INFO	sendToClient: {"from":"0","value":"complete"}, {e6b7911f-eebf-4f05-a357-e97476e71446}, {e6b7911f-eebf-4f05-a357-e97476e71446}
04-27 15:58:36.495 I/Gecko   (   84): 1398639516498	Marionette	INFO	sendToClient: {"from":"0","value":"app://{530de628-1f12-498f-9143-f7fdf967e548}/index.html"}, {e0177745-db53-4dbd-b674-86e2a53e5715}, {e0177745-db53-4dbd-b674-86e2a53e5715}
04-27 15:58:36.555 I/Gecko   (  591): Attempting load of libEGL.so
04-27 15:58:36.615 D/libEGL  (  591): loaded /system/lib/egl/libEGL_mali.so
04-27 15:58:36.645 D/libEGL  (  591): loaded /system/lib/egl/libGLESv1_CM_mali.so
04-27 15:58:36.645 D/libEGL  (  591): loaded /system/lib/egl/libGLESv2_mali.so
04-27 15:58:36.695 I/Gecko   (  591): SharedSurface_Gralloc::Create -------
