--------- beginning of /dev/log/main
04-25 22:09:54.116 E/Profiler(   84): BPUnw: [1 total] thread_unregister_for_profiling(me=0xe69608)  (NOT REGISTERED) 
04-25 22:09:54.236 E/Profiler(   84): BPUnw: [1 total] thread_unregister_for_profiling(me=0xe79400)  (NOT REGISTERED) 
04-25 22:09:54.286 E/Profiler(   84): BPUnw: [1 total] thread_unregister_for_profiling(me=0xe611c8)  (NOT REGISTERED) 
04-25 22:09:54.336 I/Gecko   (   84): 1398488994347	Marionette	INFO	sendToClient: {"from":"0","ok":true}, {78402922-2976-4e3e-a5aa-0b197ba12bf0}, {78402922-2976-4e3e-a5aa-0b197ba12bf0}
04-25 22:09:54.366 I/Gecko   (   84): 1398488994378	Marionette	DEBUG	Got request: switchToFrame, data: {"to":"0","sessionId":"3-b2g","name":"switchToFrame","parameters":{"id":null,"focus":true}}, id: {8719f871-ae65-4ff0-ad2b-43a4902bb75b}
04-25 22:09:54.366 I/Gecko   (   84): 1398488994381	Marionette	INFO	Switched to frame: {"frameValue":null}
04-25 22:09:54.476 I/Gecko   (   84): 1398488994485	Marionette	INFO	sendToClient: {"from":"0","ok":true}, {8719f871-ae65-4ff0-ad2b-43a4902bb75b}, {8719f871-ae65-4ff0-ad2b-43a4902bb75b}
04-25 22:09:54.476 I/Gecko   (   84): 1398488994491	Marionette	DEBUG	Got request: executeWithCallback, data: {"to":"0","sessionId":"3-b2g","name":"executeAsyncScript","parameters":{"specialPowers":false,"scriptTimeout":null,"newSandbox":true,"args":[],"filename":"gaia_test.py","script":"return GaiaApps.displayedApp();","line":66}}, id: {892919ba-6047-4da6-8e57-4d201ce295d8}
04-25 22:09:54.596 E/GeckoConsole(   84): Content JS LOG at dummy file:392 in GaiaApps.displayedApp: app with origin 'app://homescreen.gaiamobile.org' is displayed
04-25 22:09:54.596 I/Gecko   (   84): 1398488994606	Marionette	INFO	sendToClient: {"from":"0","value":{"frame":{"ELEMENT":"{8eeeb770-3222-4807-bebb-59489d4cff3f}"},"src":"app://homescreen.gaiamobile.org/index.html#root","name":"Homescreen","origin":"app://homescreen.gaiamobile.org"}}, {892919ba-6047-4da6-8e57-4d201ce295d8}, {892919ba-6047-4da6-8e57-4d201ce295d8}
04-25 22:09:54.616 I/Gecko   (   84): 1398488994631	Marionette	DEBUG	Got request: switchToFrame, data: {"to":"0","sessionId":"3-b2g","name":"switchToFrame","parameters":{"id":null,"focus":true}}, id: {e91e8271-ce11-46aa-9f14-7cb1d485768b}
04-25 22:09:54.626 I/Gecko   (   84): 1398488994633	Marionette	INFO	Switched to frame: {"frameValue":null}
04-25 22:09:54.646 E/GeckoConsole( 1350): Content JS ERROR at app://homescreen.gaiamobile.org/gaia_build_defer_index.js:390 in loadSVConfFileError: Failed parsing singleVariant configuration file [js/singlevariantconf.json]:  [Exception... "File error: Not found"  nsresult: "0x80520012 (NS_ERROR_FILE_NOT_FOUND)"  location: "JS frame :: app://homescreen.gaiamobile.org/gaia_build_defer_index.js :: loadFile :: line 382"  data: no]
04-25 22:09:54.736 I/Gecko   (   84): 1398488994746	Marionette	INFO	sendToClient: {"from":"0","ok":true}, {e91e8271-ce11-46aa-9f14-7cb1d485768b}, {e91e8271-ce11-46aa-9f14-7cb1d485768b}
04-25 22:09:54.736 I/Gecko   (   84): 1398488994751	Marionette	DEBUG	Got request: switchToFrame, data: {"to":"0","sessionId":"3-b2g","name":"switchToFrame","parameters":{"id":null,"focus":true}}, id: {4a83e8b4-2391-42a7-accf-201ba93fabb3}
04-25 22:09:54.746 I/Gecko   (   84): 1398488994753	Marionette	INFO	Switched to frame: {"frameValue":null}
04-25 22:09:54.856 I/Gecko   (   84): 1398488994864	Marionette	INFO	sendToClient: {"from":"0","ok":true}, {4a83e8b4-2391-42a7-accf-201ba93fabb3}, {4a83e8b4-2391-42a7-accf-201ba93fabb3}
04-25 22:09:54.886 I/Gecko   (   84): 1398488994895	Marionette	DEBUG	Got request: executeWithCallback, data: {"to":"0","sessionId":"3-b2g","name":"executeAsyncScript","parameters":{"specialPowers":false,"scriptTimeout":null,"newSandbox":true,"args":[],"filename":"gaia_test.py","script":"return GaiaApps.displayedApp();","line":66}}, id: {6beadb98-84a1-4bb8-b7e5-f59a530dbbe5}
04-25 22:09:54.996 E/GeckoConsole(   84): Content JS LOG at dummy file:392 in GaiaApps.displayedApp: app with origin 'app://homescreen.gaiamobile.org' is displayed
04-25 22:09:55.006 I/Gecko   (   84): 1398488995019	Marionette	INFO	sendToClient: {"from":"0","value":{"frame":{"ELEMENT":"{8eeeb770-3222-4807-bebb-59489d4cff3f}"},"src":"app://homescreen.gaiamobile.org/index.html#root","name":"Homescreen","origin":"app://homescreen.gaiamobile.org"}}, {6beadb98-84a1-4bb8-b7e5-f59a530dbbe5}, {6beadb98-84a1-4bb8-b7e5-f59a530dbbe5}
04-25 22:09:55.016 I/Gecko   (   84): 1398488995028	Marionette	DEBUG	Got request: switchToFrame, data: {"to":"0","sessionId":"3-b2g","name":"switchToFrame","parameters":{"focus":true,"element":"{8eeeb770-3222-4807-bebb-59489d4cff3f}"}}, id: {57961987-4224-4d4e-94f3-5cb55aac3e71}
04-25 22:09:55.056 I/Gecko   (   84): 1398488995063	Marionette	INFO	Switched to frame: {"frameValue":"{8eeeb770-3222-4807-bebb-59489d4cff3f}"}
04-25 22:09:55.056 I/Gecko   (   84): 1398488995071	Marionette	INFO	trying remote frame 0
04-25 22:09:55.066 I/Gecko   (   84): 1398488995073	Marionette	INFO	deleting frame
04-25 22:09:55.066 I/Gecko   (   84): 1398488995078	Marionette	INFO	frame-manager load script: [object ChromeMessageSender]
04-25 22:09:55.206 W/WifiHW  (   84): wifi_command: SIGNAL_POLL
04-25 22:09:55.586 I/Gecko   (   84): 1398488995594	Marionette	INFO	sendToClient: {"from":"0","ok":true}, {57961987-4224-4d4e-94f3-5cb55aac3e71}, {57961987-4224-4d4e-94f3-5cb55aac3e71}
04-25 22:09:55.696 I/Gecko   (   84): 1398488995703	Marionette	INFO	sendToClient: {"from":"0","value":{"ELEMENT":"{49acaf64-2371-4e78-baee-7f6a3e392e23}"}}, {a3a77678-f8d2-45f3-bcf5-d56ab79dd209}, {a3a77678-f8d2-45f3-bcf5-d56ab79dd209}
04-25 22:09:56.126 V/AudioPolicyManagerBase(   89): startOutput() output 1, stream 1, session 5
04-25 22:09:56.126 V/AudioPolicyManagerBase(   89): changeRefCount() stream 1, count 1
04-25 22:09:56.126 V/AudioPolicyManagerBase(   89): getDeviceForStrategy() from cache strategy 0, device 2
04-25 22:09:56.126 V/AudioPolicyManagerBase(   89): getNewDevice() selected device 2
04-25 22:09:56.126 D/AudioPolicyManagerBase(   89): setOutputDevice() output 1 device 2 delayMs 0
04-25 22:09:56.126 V/AudioPolicyManagerBase(   89): setOutputDevice() setting same device 2 or null device for output 1
04-25 22:09:56.126 E/AudioPolicyManagerBase(   89): checkAndSetVolume stream=1, index=0, output=1, device=2
04-25 22:09:56.126 E/AudioPolicyManagerBase(   89): computeVolume, streamDesc=0x1ea2bb8
04-25 22:09:56.146 W/AudioFlinger(   89): Thread AudioOut_1 cannot connect to the power manager service
04-25 22:09:56.146 V/AudioPolicyManagerBase(   89): stopOutput() output 1, stream 1, session 5
04-25 22:09:56.146 V/AudioPolicyManagerBase(   89): changeRefCount() stream 1, count 0
04-25 22:09:56.146 V/AudioPolicyManagerBase(   89): getNewDevice() selected device 0
04-25 22:09:56.146 D/AudioPolicyManagerBase(   89): setOutputDevice() output 1 device 0 delayMs 290
04-25 22:09:56.146 V/AudioPolicyManagerBase(   89): setOutputDevice() setting same device 0 or null device for output 1
04-25 22:09:56.156 V/AudioPolicyManagerBase(   89): startOutput() output 1, stream 1, session 5
04-25 22:09:56.156 V/AudioPolicyManagerBase(   89): changeRefCount() stream 1, count 1
04-25 22:09:56.156 V/AudioPolicyManagerBase(   89): getDeviceForStrategy() from cache strategy 0, device 2
04-25 22:09:56.156 V/AudioPolicyManagerBase(   89): getNewDevice() selected device 2
04-25 22:09:56.156 D/AudioPolicyManagerBase(   89): setOutputDevice() output 1 device 2 delayMs 0
04-25 22:09:56.156 V/AudioPolicyManagerBase(   89): setOutputDevice() setting same device 2 or null device for output 1
04-25 22:09:56.156 E/AudioPolicyManagerBase(   89): checkAndSetVolume stream=1, index=0, output=1, device=2
04-25 22:09:56.156 E/AudioPolicyManagerBase(   89): computeVolume, streamDesc=0x1ea2bb8
04-25 22:09:56.156 V/AudioPolicyManagerBase(   89): stopOutput() output 1, stream 1, session 5
04-25 22:09:56.156 V/AudioPolicyManagerBase(   89): changeRefCount() stream 1, count 0
04-25 22:09:56.156 V/AudioPolicyManagerBase(   89): getNewDevice() selected device 0
04-25 22:09:56.156 D/AudioPolicyManagerBase(   89): setOutputDevice() output 1 device 0 delayMs 290
04-25 22:09:56.156 V/AudioPolicyManagerBase(   89): setOutputDevice() setting same device 0 or null device for output 1
04-25 22:09:56.166 V/AudioPolicyManagerBase(   89): releaseOutput() 1
04-25 22:09:56.266 E/GeckoConsole( 1350): [JavaScript Warning: "Use of getAttributeNode() is deprecated. Use getAttribute() instead." {file: "chrome://marionette/content/atoms.js" line: 25}]
04-25 22:09:56.266 E/GeckoConsole( 1350): [JavaScript Warning: "Use of attributes' specified attribute is deprecated. It always returns true." {file: "chrome://marionette/content/atoms.js" line: 25}]
04-25 22:09:56.266 I/Gecko   (   84): 1398488996280	Marionette	INFO	sendToClient: {"from":"0","value":"normal"}, {4662eccd-69b7-4ed4-97b7-7bfaa9fe1fdf}, {4662eccd-69b7-4ed4-97b7-7bfaa9fe1fdf}
04-25 22:09:56.276 I/Gecko   (   84): 1398488996286	Marionette	DEBUG	Got request: switchToFrame, data: {"to":"0","sessionId":"3-b2g","name":"switchToFrame","parameters":{"id":null,"focus":true}}, id: {970fd6ab-ed6d-41d8-a2b3-16682a8fb8a5}
04-25 22:09:56.296 I/Gecko   (   84): 1398488996302	Marionette	INFO	Switched to frame: {"frameValue":null}
04-25 22:09:56.396 I/Gecko   (   84): 1398488996405	Marionette	INFO	sendToClient: {"from":"0","ok":true}, {970fd6ab-ed6d-41d8-a2b3-16682a8fb8a5}, {970fd6ab-ed6d-41d8-a2b3-16682a8fb8a5}
04-25 22:09:56.396 I/Gecko   (   84): 1398488996411	Marionette	DEBUG	Got request: execute, data: {"to":"0","sessionId":"3-b2g","name":"executeScript","parameters":{"specialPowers":false,"scriptTimeout":null,"newSandbox":true,"args":[],"filename":"gaia_test.py","script":"window.wrappedJSObject.dispatchEvent(new Event('home'));","line":788}}, id: {8efb9b0c-b3d5-4d93-a4d0-dcc485880dd4}
04-25 22:09:56.486 I/Gecko   (   84): 1398488996500	Marionette	INFO	sendToClient: {"from":"0","value":null}, {8efb9b0c-b3d5-4d93-a4d0-dcc485880dd4}, {8efb9b0c-b3d5-4d93-a4d0-dcc485880dd4}
04-25 22:09:56.506 I/Gecko   (   84): 1398488996514	Marionette	DEBUG	Got request: switchToFrame, data: {"to":"0","sessionId":"3-b2g","name":"switchToFrame","parameters":{"id":null,"focus":true}}, id: {410a4c11-92f5-4057-8984-596ff340e6a2}
04-25 22:09:56.506 I/Gecko   (   84): 1398488996516	Marionette	INFO	Switched to frame: {"frameValue":null}
04-25 22:09:56.606 I/Gecko   (   84): 1398488996618	Marionette	INFO	sendToClient: {"from":"0","ok":true}, {410a4c11-92f5-4057-8984-596ff340e6a2}, {410a4c11-92f5-4057-8984-596ff340e6a2}
04-25 22:09:56.616 I/Gecko   (   84): 1398488996625	Marionette	DEBUG	Got request: switchToFrame, data: {"to":"0","sessionId":"3-b2g","name":"switchToFrame","parameters":{"id":null,"focus":true}}, id: {754a4d5c-14d9-4161-a957-a5646abc4bb8}
04-25 22:09:56.616 I/Gecko   (   84): 1398488996628	Marionette	INFO	Switched to frame: {"frameValue":null}
04-25 22:09:56.726 I/Gecko   (   84): 1398488996737	Marionette	INFO	sendToClient: {"from":"0","ok":true}, {754a4d5c-14d9-4161-a957-a5646abc4bb8}, {754a4d5c-14d9-4161-a957-a5646abc4bb8}
04-25 22:09:56.736 I/Gecko   (   84): 1398488996744	Marionette	DEBUG	Got request: executeWithCallback, data: {"to":"0","sessionId":"3-b2g","name":"executeAsyncScript","parameters":{"specialPowers":false,"scriptTimeout":null,"newSandbox":true,"args":[],"filename":"gaia_test.py","script":"return GaiaApps.displayedApp();","line":66}}, id: {6b6d3590-c85b-45f2-a186-f6ad24220c9b}
04-25 22:09:56.786 I/Gecko   (   84): 1398488996798	Marionette	INFO	sendToClient: {"from":"0","value":{"frame":{"ELEMENT":"{8eeeb770-3222-4807-bebb-59489d4cff3f}"},"src":"app://homescreen.gaiamobile.org/index.html#rootFri%20Apr%2025%202014%2022:09:56%20GMT-0700%20(UTC)","name":"Homescreen","origin":"app://homescreen.gaiamobile.org"}}, {6b6d3590-c85b-45f2-a186-f6ad24220c9b}, {6b6d3590-c85b-45f2-a186-f6ad24220c9b}
04-25 22:09:56.796 E/GeckoConsole(   84): Content JS LOG at dummy file:392 in GaiaApps.displayedApp: app with origin 'app://homescreen.gaiamobile.org' is displayed
04-25 22:09:56.806 I/Gecko   (   84): 1398488996815	Marionette	DEBUG	Got request: switchToFrame, data: {"to":"0","sessionId":"3-b2g","name":"switchToFrame","parameters":{"focus":true,"element":"{8eeeb770-3222-4807-bebb-59489d4cff3f}"}}, id: {cec9f30a-38f6-47ac-a532-e7d107430693}
04-25 22:09:56.826 I/Gecko   (   84): 1398488996836	Marionette	INFO	Switched to frame: {"frameValue":"{8eeeb770-3222-4807-bebb-59489d4cff3f}"}
04-25 22:09:56.826 I/Gecko   (   84): 1398488996841	Marionette	INFO	trying remote frame 0
04-25 22:09:56.956 I/Gecko   (   84): 1398488996969	Marionette	INFO	sendToClient: {"from":"0","ok":true}, {cec9f30a-38f6-47ac-a532-e7d107430693}, {cec9f30a-38f6-47ac-a532-e7d107430693}
04-25 22:09:56.966 I/Gecko   (   84): 1398488996977	Marionette	DEBUG	Got request: execute, data: {"to":"0","sessionId":"3-b2g","name":"executeScript","parameters":{"specialPowers":false,"scriptTimeout":null,"newSandbox":true,"args":[],"filename":"gaia_test.py","script":"return window.wrappedJSObject.GridManager.pageHelper.getCurrentPageNumber();","line":784}}, id: {bdd4fb76-b1cb-485f-bfa5-b58fa204f490}
04-25 22:09:57.176 I/Gecko   (   84): 1398488997190	Marionette	INFO	sendToClient: {"from":"0","value":0}, {bdd4fb76-b1cb-485f-bfa5-b58fa204f490}, {bdd4fb76-b1cb-485f-bfa5-b58fa204f490}
04-25 22:09:57.286 I/Gecko   (   84): 1398488997299	Marionette	INFO	sendToClient: {"from":"0","value":["{64fff894-cd95-4fca-b632-1b086c698ffd}","{5932a726-d5ab-42d1-8884-9da6417b1cc1}","{16063471-5f1a-4ea1-a784-96be762abdd1}","{6c1d4c5f-8119-4a0d-baa2-d7c2e6f1f6be}","{b383cc1e-38a6-40d4-926b-5569b4779738}","{f65deaa4-9e7b-4bb8-ae40-50b8be36ec08}","{af6be44e-4a60-4428-b76e-deab14e4f428}","{5b51dd52-7ab1-4b91-9401-00ba1e06c4ab}","{355b397c-8249-46b5-b46a-2f71b284a7fa}","{b2601338-5810-43f1-82f2-da25c166a247}","{e266cd7b-7a69-46e6-aaa7-e370e162a9bf}","{6f8581c2-9ed4-40a9-852d-efbb828aa1ef}","{a817b357-7451-4479-8128-37ce119ae6ea}","{c3c36373-6aa0-4fee-9336-eba1bcd5fa18}","{c74809ee-2215-42ac-a82a-962a074a30d7}","{8106d213-06ca-4fff-9e24-22edcf52ef20}","{2b98370a-a4f9-4130-833f-0d6121b4e0fc}","{f714da69-a56b-41df-a823-35f3b676afeb}","{d5357287-83bd-48fd-9d45-0462b94bb7b5}","{df202ea7-7e69-493e-bac3-32aa557dc765}","{68fad25b-af54-4ccb-bda1-bf5dc6e6e233}","{c28efdb5-8249-451f-83fc-df20f83b035b}","{e55ce8e6-84f1-4cac-ba19-e9b12768c2e0}","{f83e6343-7fa6
04-25 22:09:57.326 I/Gecko   (   84): 1398488997334	Marionette	INFO	sendToClient: {"from":"0","value":"app://homescreen.gaiamobile.org/index.html#rootFri%20Apr%2025%202014%2022:09:56%20GMT-0700%20(UTC)"}, {5329b588-2e37-4048-a6bd-e721f32d8835}, {5329b588-2e37-4048-a6bd-e721f32d8835}
04-25 22:09:57.356 I/Gecko   (   84): 1398488997366	Marionette	DEBUG	Got request: switchToFrame, data: {"to":"0","sessionId":"3-b2g","name":"switchToFrame","parameters":{"id":null,"focus":true}}, id: {8e60ffac-0d60-4e08-b86b-825b4f228d1b}
04-25 22:09:57.376 I/Gecko   (   84): 1398488997383	Marionette	INFO	Switched to frame: {"frameValue":null}
04-25 22:09:57.546 I/Gecko   (   84): 1398488997552	Marionette	INFO	sendToClient: {"from":"0","ok":true}, {8e60ffac-0d60-4e08-b86b-825b4f228d1b}, {8e60ffac-0d60-4e08-b86b-825b4f228d1b}
04-25 22:09:57.566 I/Gecko   (   84): 1398488997575	Marionette	DEBUG	Got request: switchToFrame, data: {"to":"0","sessionId":"3-b2g","name":"switchToFrame","parameters":{"id":null,"focus":true}}, id: {8218b42b-b0bf-4eba-8d30-e3c2ad34b3cd}
04-25 22:09:57.566 I/Gecko   (   84): 1398488997577	Marionette	INFO	Switched to frame: {"frameValue":null}
04-25 22:09:57.666 I/Gecko   (   84): 1398488997679	Marionette	INFO	sendToClient: {"from":"0","ok":true}, {8218b42b-b0bf-4eba-8d30-e3c2ad34b3cd}, {8218b42b-b0bf-4eba-8d30-e3c2ad34b3cd}
04-25 22:09:57.676 I/Gecko   (   84): 1398488997685	Marionette	DEBUG	Got request: executeWithCallback, data: {"to":"0","sessionId":"3-b2g","name":"executeAsyncScript","parameters":{"specialPowers":false,"scriptTimeout":30000,"newSandbox":true,"args":[],"filename":"app_checker.py","script":"GaiaApps.launchWithManifestURL('https://marketplace.firefox.com/app/1223aff6-8d63-407c-9562-34bca7ab5a34/manifest.webapp')","line":106}}, id: {e386a860-445f-4f14-b28e-3debfabf548d}
04-25 22:09:57.816 I/Gonk    (   84): Setting nice for pid 1374 to 18
04-25 22:09:57.816 I/Gonk    (   84): Changed nice for pid 1374 from 18 to 18.
04-25 22:09:57.816 I/Gecko   (   84): [Parent 84] WARNING: waitpid failed pid:1374 errno:10: file ../../../gecko/ipc/chromium/src/base/process_util_posix.cc, line 254
04-25 22:09:57.846 I/Gonk    (   84): Setting nice for pid 1374 to 1
04-25 22:09:57.846 I/Gonk    (   84): Changed nice for pid 1374 from 18 to 1.
04-25 22:09:57.876 E/GeckoConsole(   84): Content JS LOG at dummy file:334 in GaiaApps.launch: launching app with name 'Fruit Catcher'
04-25 22:09:58.286 D/Sensors (   84): activate handle=0; drv=0
04-25 22:09:58.306 D/Sensors (   84): Lis3dhSensor: Control set 1
04-25 22:09:58.306 D/Sensors (   84): Lis3dhSensor: mEnabled = 1
04-25 22:09:58.406 E/[Gralloc-ERROR](   84): int gralloc_register_buffer(const gralloc_module_t*, const native_handle_t*):79 Unable to register handle 0x45ec0600 coming from different process: 84
04-25 22:09:58.406 E/[Gralloc-ERROR](   84): int gralloc_register_buffer(const gralloc_module_t*, const native_handle_t*):79 Unable to register handle 0x45ec0740 coming from different process: 84
04-25 22:09:58.586 I/Gonk    (   84): Setting nice for pid 1350 to 18
04-25 22:09:58.586 I/Gonk    (   84): Changed nice for pid 1350 from 1 to 18.
04-25 22:09:59.716 I/Gecko   (   84): 
04-25 22:09:59.716 I/Gecko   (   84): ###!!! [Parent][MessageChannel] Error: Channel error: cannot send/recv
04-25 22:09:59.716 I/Gecko   (   84): 
04-25 22:09:59.786 I/Gecko   (   84): [Parent 84] WARNING: waitpid failed pid:1350 errno:10: file ../../../gecko/ipc/chromium/src/base/process_util_posix.cc, line 254
04-25 22:09:59.916 I/Gecko   ( 1374): ###################################### forms.js loaded
04-25 22:09:59.936 I/Gecko   ( 1374): ############################### browserElementPanning.js loaded
04-25 22:09:59.966 I/Gecko   ( 1374): ######################## BrowserElementChildPreload.js loaded
04-25 22:10:00.326 W/WifiHW  (   84): wifi_command: SIGNAL_POLL
04-25 22:10:00.376 I/Gonk    (   84): Setting nice for pid 1426 to 18
04-25 22:10:00.376 I/Gonk    (   84): Changed nice for pid 1426 from 0 to 18.
04-25 22:10:01.556 E/GeckoConsole( 1374): [JavaScript Error: "The character encoding of the HTML document was not declared. The document will render with garbled text in some browser configurations if the document contains characters from outside the US-ASCII range. The character encoding of the page must be declared in the document or in the transfer protocol." {file: "app://{9fdd2bac-f448-4fba-9a6b-655ddcd638ce}/index.html" line: 0}]
04-25 22:10:01.786 I/Gecko   (   84): [Parent 84] WARNING: waitpid failed pid:1350 errno:10: file ../../../gecko/ipc/chromium/src/base/process_util_posix.cc, line 254
04-25 22:10:01.786 I/Gecko   (   84): [Parent 84] WARNING: Failed to deliver SIGKILL to 1350!(3).: file ../../../gecko/ipc/chromium/src/chrome/common/process_watcher_posix_sigchld.cc, line 118
04-25 22:10:01.836 I/Gecko   ( 1374): Attempting load of libEGL.so
04-25 22:10:01.926 D/libEGL  ( 1374): loaded /system/lib/egl/libEGL_mali.so
04-25 22:10:01.956 D/libEGL  ( 1374): loaded /system/lib/egl/libGLESv1_CM_mali.so
04-25 22:10:01.956 D/libEGL  ( 1374): loaded /system/lib/egl/libGLESv2_mali.so
04-25 22:10:01.986 I/Gecko   ( 1374): SharedSurface_Gralloc::Create -------
04-25 22:10:01.996 I/Gecko   ( 1374): SharedSurface_Gralloc::Create: success -- surface 0x4328a740, GraphicBuffer 0x436b5680.
04-25 22:10:02.366 V/AudioPolicyManagerBase(   89): getDeviceForStrategy() from cache strategy 0, device 2
04-25 22:10:02.366 V/AudioPolicyManagerBase(   89): getOutput() stream 3, samplingRate 0, format 0, channels 3, flags 0
04-25 22:10:02.366 W/AudioFlinger(   89): Thread AudioOut_1 cannot connect to the power manager service
04-25 22:10:02.546 I/Gecko   ( 1374): SharedSurface_Gralloc::Create -------
04-25 22:10:02.576 V/AudioPolicyManagerBase(   89): getDeviceForStrategy() from cache strategy 0, device 2
04-25 22:10:02.576 V/AudioPolicyManagerBase(   89): getOutput() stream 1, samplingRate 0, format 0, channels 3, flags 0
04-25 22:10:02.576 V/AudioPolicyManagerBase(   89): startOutput() output 1, stream 1, session 6
04-25 22:10:02.576 V/AudioPolicyManagerBase(   89): changeRefCount() stream 1, count 1
04-25 22:10:02.576 V/AudioPolicyManagerBase(   89): getDeviceForStrategy() from cache strategy 0, device 2
04-25 22:10:02.576 V/AudioPolicyManagerBase(   89): getNewDevice() selected device 2
04-25 22:10:02.576 D/AudioPolicyManagerBase(   89): setOutputDevice() output 1 device 2 delayMs 0
04-25 22:10:02.576 V/AudioPolicyManagerBase(   89): setOutputDevice() setting same device 2 or null device for output 1
04-25 22:10:02.576 E/AudioPolicyManagerBase(   89): checkAndSetVolume stream=1, index=0, output=1, device=2
04-25 22:10:02.576 E/AudioPolicyManagerBase(   89): computeVolume, streamDesc=0x1ea2bb8
04-25 22:10:02.606 I/Gecko   ( 1374): SharedSurface_Gralloc::Create: success -- surface 0x441de3c0, GraphicBuffer 0x440a7f00.
04-25 22:10:02.656 V/AudioPolicyManagerBase(   89): stopOutput() output 1, stream 1, session 6
04-25 22:10:02.656 V/AudioPolicyManagerBase(   89): changeRefCount() stream 1, count 0
04-25 22:10:02.656 V/AudioPolicyManagerBase(   89): getNewDevice() selected device 0
04-25 22:10:02.656 D/AudioPolicyManagerBase(   89): setOutputDevice() output 1 device 0 delayMs 290
04-25 22:10:02.656 V/AudioPolicyManagerBase(   89): setOutputDevice() setting same device 0 or null device for output 1
04-25 22:10:02.666 V/AudioPolicyManagerBase(   89): startOutput() output 1, stream 1, session 6
04-25 22:10:02.666 V/AudioPolicyManagerBase(   89): changeRefCount() stream 1, count 1
04-25 22:10:02.666 V/AudioPolicyManagerBase(   89): getDeviceForStrategy() from cache strategy 0, device 2
04-25 22:10:02.666 V/AudioPolicyManagerBase(   89): getNewDevice() selected device 2
04-25 22:10:02.666 D/AudioPolicyManagerBase(   89): setOutputDevice() output 1 device 2 delayMs 0
04-25 22:10:02.666 V/AudioPolicyManagerBase(   89): setOutputDevice() setting same device 2 or null device for output 1
04-25 22:10:02.666 E/AudioPolicyManagerBase(   89): checkAndSetVolume stream=1, index=0, output=1, device=2
04-25 22:10:02.666 E/AudioPolicyManagerBase(   89): computeVolume, streamDesc=0x1ea2bb8
04-25 22:10:02.706 I/audio_hw_primary(   89): select_devices_signal starting...
04-25 22:10:02.706 I/audio_hw_primary(   89): select_devices_signal finished.
04-25 22:10:02.706 W/audio_hw_primary(   89): open s_tinycard in
04-25 22:10:02.706 W/audio_hw_primary(   89): open s_tinycard successfully
04-25 22:10:02.706 I/audio_hw_primary(   89): Changing devices: 0x00000002
04-25 22:10:02.706 I/audio_hw_primary(   89): Set 'HeadPhone Function'.0 to 0
04-25 22:10:02.706 I/audio_hw_primary(   89): Set 'Earpiece Function'.0 to 0
04-25 22:10:02.706 I/audio_hw_primary(   89): Set 'Mic Function'.0 to 0
04-25 22:10:02.706 I/audio_hw_primary(   89): Set 'HP Mic Function'.0 to 0
04-25 22:10:02.706 I/audio_hw_primary(   89): Set 'Line Function'.0 to 0
04-25 22:10:02.706 I/audio_hw_primary(   89): Changing devices, mask: 0x00004002
04-25 22:10:02.706 I/audio_hw_primary(   89): Set 'Speaker Function'.0 to 1
04-25 22:10:02.706 W/audio_hw_primary(   89): GetAudio_pga_nv, dac_pga_gain_l:0xc3 adc_pga_gain_l:0xc fm_pga_gain_l:0xff fm_pga_gain_r:0xff device:0x2 vol_level:0x1 
04-25 22:10:02.716 D/audio_pga(   89): 'speaker-l' apply
04-25 22:10:02.716 I/audio_pga(   89): 'Master Playback Volume' set to 12
04-25 22:10:02.836 I/audio_pga(   89): 'Inter PA Playback Volume' set to 12
04-25 22:10:02.836 I/audio_pga(   89): 'VBC DACL DG Set' set to 0
04-25 22:10:02.836 I/audio_pga(   89): 'VBC DACL DG Switch' set to 0
04-25 22:10:02.836 D/audio_pga(   89): 'speaker-r' apply
04-25 22:10:02.836 I/audio_pga(   89): 'Master Playback Volume' set to 12
04-25 22:10:02.836 I/audio_pga(   89): 'Inter PA Playback Volume' set to 12
04-25 22:10:02.836 I/audio_pga(   89): 'VBC DACR DG Set' set to 0
04-25 22:10:02.836 I/audio_pga(   89): 'VBC DACR DG Switch' set to 0
04-25 22:10:02.836 W/audio_hw_primary(   89): SetAudio_gain_by_devices out, devices:0x2 
04-25 22:10:02.836 I/audio_hw_primary(   89): stream_routing_thread looping done.
04-25 22:10:02.836 I/audio_hw_primary(   89): stream_routing_thread looping now...
04-25 22:10:02.886 E/GeckoConsole( 1374): Content JS LOG at app://{9fdd2bac-f448-4fba-9a6b-655ddcd638ce}/phaser.min.js:5 in d.Game.prototype.showDebugHeader: Phaser v1.1.3 - Renderer: Canvas - Audio: WebAudio
04-25 22:10:03.106 I/Gecko   ( 1374): SharedSurface_Gralloc::Create -------
04-25 22:10:03.106 I/Gecko   ( 1374): SharedSurface_Gralloc::Create: success -- surface 0x43550b00, GraphicBuffer 0x435d8400.
04-25 22:10:03.186 I/Gecko   ( 1374): SharedSurface_Gralloc::Create -------
04-25 22:10:03.226 I/Gecko   ( 1374): SharedSurface_Gralloc::Create: success -- surface 0x43550dc0, GraphicBuffer 0x435d8b00.
04-25 22:10:03.826 I/Gonk    (   84): Setting nice for pid 1426 to 18
04-25 22:10:03.836 I/Gonk    (   84): Changed nice for pid 1426 from 18 to 18.
04-25 22:10:03.846 I/Gecko   (   84): [Parent 84] WARNING: waitpid failed pid:1426 errno:10: file ../../../gecko/ipc/chromium/src/base/process_util_posix.cc, line 254
04-25 22:10:03.846 I/Gonk    (   84): Setting nice for pid 1426 to 1
04-25 22:10:03.846 I/Gonk    (   84): Changed nice for pid 1426 from 18 to 1.
04-25 22:10:03.906 I/Gonk    (   84): Setting nice for pid 1426 to 18
04-25 22:10:03.906 I/Gonk    (   84): Changed nice for pid 1426 from 1 to 18.
04-25 22:10:05.496 I/Gecko   (   84): [Parent 84] WARNING: pipe error (103): Connection reset by peer: file ../../../gecko/ipc/chromium/src/chrome/common/ipc_channel_posix.cc, line 446
04-25 22:10:07.256 I/Gecko   (   84): 
04-25 22:10:07.256 I/Gecko   (   84): ###!!! [Parent][MessageChannel] Error: Channel error: cannot send/recv
04-25 22:10:07.256 I/Gecko   (   84): 
04-25 22:10:07.256 I/Gecko   (   84): [Parent 84] WARNING: FileDescriptorSet destroyed with unconsumed descriptors: file ../../../gecko/ipc/chromium/src/chrome/common/file_descriptor_set_posix.cc, line 20
04-25 22:10:07.286 E/GeckoConsole(   84): Content JS LOG at dummy file:326 in GaiaApps.launch/appOpen/<: app with origin 'app://{9fdd2bac-f448-4fba-9a6b-655ddcd638ce}' has launched
04-25 22:10:07.336 I/Gecko   (   84): 1398489007314	Marionette	INFO	sendToClient: {"from":"0","value":{"frame":{"ELEMENT":"{de8026ee-d1f2-47ee-861f-c968c0b4858a}"},"src":"app://{9fdd2bac-f448-4fba-9a6b-655ddcd638ce}/index.html","name":"Fruit Catcher","origin":"app://{9fdd2bac-f448-4fba-9a6b-655ddcd638ce}"}}, {e386a860-445f-4f14-b28e-3debfabf548d}, {e386a860-445f-4f14-b28e-3debfabf548d}
04-25 22:10:07.396 W/WifiHW  (   84): wifi_command: SIGNAL_POLL
04-25 22:10:07.426 E/[Gralloc-ERROR](   84): int gralloc_unregister_buffer(const gralloc_module_t*, const native_handle_t*):274 Trying to unregister buffer 0x45ec0740 from process 84 that was not created in current process: 84
04-25 22:10:07.426 E/[Gralloc-ERROR](   84): int gralloc_unregister_buffer(const gralloc_module_t*, const native_handle_t*):274 Trying to unregister buffer 0x45ec0600 from process 84 that was not created in current process: 84
04-25 22:10:07.536 I/Gecko   (   84): 
04-25 22:10:07.536 I/Gecko   (   84): ###!!! [Parent][MessageChannel] Error: Channel error: cannot send/recv
04-25 22:10:07.536 I/Gecko   (   84): 
04-25 22:10:08.066 I/Gecko   (   84): [Parent 84] WARNING: waitpid failed pid:1426 errno:10: file ../../../gecko/ipc/chromium/src/base/process_util_posix.cc, line 254
04-25 22:10:08.176 I/Gecko   (   84): 1398489008187	Marionette	DEBUG	Got request: switchToFrame, data: {"to":"0","sessionId":"3-b2g","name":"switchToFrame","parameters":{"focus":true,"element":"{de8026ee-d1f2-47ee-861f-c968c0b4858a}"}}, id: {cf54995f-b3b8-4449-8ad0-a208138df62f}
04-25 22:10:08.286 I/Gecko   (   84): 1398489008299	Marionette	INFO	Switched to frame: {"frameValue":"{de8026ee-d1f2-47ee-861f-c968c0b4858a}"}
04-25 22:10:08.296 I/Gecko   (   84): 1398489008307	Marionette	INFO	trying remote frame 0
04-25 22:10:08.306 I/Gecko   (   84): 1398489008313	Marionette	INFO	deleting frame
04-25 22:10:08.306 I/Gecko   (   84): 1398489008320	Marionette	INFO	frame-manager load script: [object ChromeMessageSender]
04-25 22:10:08.666 E/GeckoConsole( 1374): Content JS LOG at app://{9fdd2bac-f448-4fba-9a6b-655ddcd638ce}/phaser.min.js:7 in .set: inputEnabled true [object Object]
04-25 22:10:08.666 E/GeckoConsole( 1374): Content JS LOG at app://{9fdd2bac-f448-4fba-9a6b-655ddcd638ce}/phaser.min.js:6 in d.InputHandler.prototype.start: InputHandler start
04-25 22:10:08.986 I/Gonk    (   84): Setting nice for pid 1451 to 18
04-25 22:10:08.996 I/Gonk    (   84): Changed nice for pid 1451 from 0 to 18.
04-25 22:10:10.096 I/Gecko   (   84): [Parent 84] WARNING: waitpid failed pid:1426 errno:10: file ../../../gecko/ipc/chromium/src/base/process_util_posix.cc, line 254
04-25 22:10:10.126 I/Gecko   (   84): [Parent 84] WARNING: Failed to deliver SIGKILL to 1426!(3).: file ../../../gecko/ipc/chromium/src/chrome/common/process_watcher_posix_sigchld.cc, line 118
04-25 22:10:14.246 W/WifiHW  (   84): wifi_command: SIGNAL_POLL
04-25 22:10:14.286 I/Gecko   (   84): 1398489014255	Marionette	INFO	sendToClient: {"from":"0","ok":true}, {cf54995f-b3b8-4449-8ad0-a208138df62f}, {cf54995f-b3b8-4449-8ad0-a208138df62f}
04-25 22:10:14.736 I/GonkMemoryPressure( 1374): Checking to see if memory pressure is over.
04-25 22:10:14.736 I/GonkMemoryPressure( 1374): Memory pressure is over.
04-25 22:10:14.756 I/GonkMemoryPressure(   84): Checking to see if memory pressure is over.
04-25 22:10:14.756 I/GonkMemoryPressure(   84): Memory pressure is over.
04-25 22:10:15.556 I/GonkMemoryPressure( 1451): Checking to see if memory pressure is over.
04-25 22:10:15.606 I/GonkMemoryPressure( 1451): Memory pressure is over.
04-25 22:10:15.736 I/Gecko   (   84): 1398489015745	Marionette	INFO	sendToClient: {"from":"0","value":"app://{9fdd2bac-f448-4fba-9a6b-655ddcd638ce}/index.html"}, {a9e5ff54-306c-419d-9ec5-c8f0c1fc310e}, {a9e5ff54-306c-419d-9ec5-c8f0c1fc310e}
04-25 22:10:15.746 I/Gecko   (   84): 1398489015752	Marionette	DEBUG	Got request: execute, data: {"to":"0","sessionId":"3-b2g","name":"executeScript","parameters":{"specialPowers":false,"scriptTimeout":null,"newSandbox":true,"args":[],"filename":"app_checker.py","script":"return window.document.readyState;","line":191}}, id: {97d4dfdb-58d1-490e-9376-b35eda8b0525}
04-25 22:10:16.056 I/Gecko   (   84): 1398489016063	Marionette	INFO	sendToClient: {"from":"0","value":"complete"}, {97d4dfdb-58d1-490e-9376-b35eda8b0525}, {97d4dfdb-58d1-490e-9376-b35eda8b0525}
04-25 22:10:16.196 I/Gecko   (   84): 1398489016205	Marionette	INFO	sendToClient: {"from":"0","value":"app://{9fdd2bac-f448-4fba-9a6b-655ddcd638ce}/index.html"}, {5deea594-ddb5-48ba-828d-c53330109e14}, {5deea594-ddb5-48ba-828d-c53330109e14}
04-25 22:10:16.306 I/Gecko   ( 1374): SharedSurface_Gralloc::Create -------
04-25 22:10:16.346 I/Gecko   ( 1374): SharedSurface_Gralloc::Create: success -- surface 0x440bc940, GraphicBuffer 0x44751500.
04-25 22:10:17.336 I/Gecko   ( 1451): ###################################### forms.js loaded
04-25 22:10:17.456 I/Gecko   ( 1451): ############################### browserElementPanning.js loaded
04-25 22:10:17.516 I/Gecko   ( 1451): ######################## BrowserElementChildPreload.js loaded
04-25 22:10:17.586 I/Gecko   (   84): 1398489017598	Marionette	INFO	sendToClient: {"from":"0","value":"iVBORw0KGgoAAAANSUhEUgAAAUAAAAHgCAYAAADUjLREAAAGqUlEQVR4nO3OIQEAMAwEsfdvepNxoAHh2bYHcFQeAKjkAYBKHgCo5AGASh4AqOQBgEoeAKjkAYBKHgCo5AGASh4AqOQBgEoeAKjkAYBKHgCo5AGASh4AqOQBgEoeAKjkAYBKHgCo5AGASh4AqOQBgEoeAKjkAYBKHgCo5AGASh4AqOQBgEoeAKjkAYBKHgCo5AGASh4AqOQBgEoeAKjkAYBKHgCo5AGASh4AqOQBgEoeAKjkAYBKHgCo5AGASh4AqOQBgEoeAKjkAYBKHgCo5AGASh4AqOQBgEoeAKjkAYBKHgCo5AGASh4AqOQBgEoeAKjkAYBKHgCo5AGASh4AqOQBgEoeAKjkAYBKHgCo5AGASh4AqOQBgEoeAKjkAYBKHgCo5AGASh4AqOQBgEoeAKjkAYBKHgCo5AGASh4AqOQBgEoeAKjkAYBKHgCo5AGASh4AqOQBgEoeAKjkAYBKHgCo5AGASh4AqOQBgEoeAKjkAYBKHgCo5AGASh4AqOQBgEoeAKjkAYBKHgCo5AGASh4AqOQBgEoeAKjkAYBKHgCo5AGASh4AqOQBgEoeAKjkAYBKHgCo5AGASh4AqOQBgEoeAKjkAYBKHgCo5AGASh4AqOQBgEoeAKjkAYBKHgCo5AGASh4AqOQBgEoeAKjkAYBKHgCo5AGASh4AqOQBgEoeAKjkAYBKHgCo5AGASh4AqOQBgEoeAKjkAYBKHgCo5AGASh4AqOQBgEoeAKjkAYBKHgCo5AGASh4AqOQBgEoeAKjkAYBKHgCo5AGASh4AqOQBgEoeAKjkAYBKHgCo5AGASh4AqOQBgEoeAKjkAYBKHgCo5AGASh4AqOQBgEoeAKjkAYBKHgCo5AGASh4AqOQBgEoeAKjkAYBKHgCo5AGASh4AqOQBgEoeAK
04-25 22:10:18.216 I/Gecko   (   84): 1398489018227	Marionette	INFO	sendToClient: {"from":"0","ok":true}, {59797daa-c3c8-4d32-a5a8-1f837bc7c0d1}, {59797daa-c3c8-4d32-a5a8-1f837bc7c0d1}
04-25 22:10:19.156 I/Gecko   (   84): 1398489019166	Marionette	DEBUG	Got request: switchToFrame, data: {"to":"0","sessionId":"3-b2g","name":"switchToFrame","parameters":{"id":null,"focus":true}}, id: {78d1435e-6fa9-4aa4-91f6-aa5a0742016c}
04-25 22:10:19.186 I/Gecko   (   84): 1398489019195	Marionette	INFO	Switched to frame: {"frameValue":null}
04-25 22:10:19.286 W/WifiHW  (   84): wifi_command: SIGNAL_POLL
04-25 22:10:19.386 I/Gecko   (   84): 1398489019395	Marionette	INFO	sendToClient: {"from":"0","ok":true}, {78d1435e-6fa9-4aa4-91f6-aa5a0742016c}, {78d1435e-6fa9-4aa4-91f6-aa5a0742016c}
04-25 22:10:19.416 I/Gecko   (   84): 1398489019430	Marionette	DEBUG	Got request: executeWithCallback, data: {"to":"0","sessionId":"3-b2g","name":"executeAsyncScript","parameters":{"specialPowers":false,"scriptTimeout":null,"newSandbox":true,"args":[],"filename":"gaia_test.py","script":"return GaiaApps.displayedApp();","line":66}}, id: {0d4ffdda-84fd-4c03-930e-de88faf34ca9}
04-25 22:10:19.856 E/GeckoConsole(   84): Content JS LOG at dummy file:392 in GaiaApps.displayedApp: app with origin 'app://{9fdd2bac-f448-4fba-9a6b-655ddcd638ce}' is displayed
04-25 22:10:19.856 I/Gecko   (   84): 1398489019869	Marionette	INFO	sendToClient: {"from":"0","value":{"frame":{"ELEMENT":"{de8026ee-d1f2-47ee-861f-c968c0b4858a}"},"src":"app://{9fdd2bac-f448-4fba-9a6b-655ddcd638ce}/index.html","name":"Fruit Catcher","origin":"app://{9fdd2bac-f448-4fba-9a6b-655ddcd638ce}"}}, {0d4ffdda-84fd-4c03-930e-de88faf34ca9}, {0d4ffdda-84fd-4c03-930e-de88faf34ca9}
04-25 22:10:19.876 I/Gecko   (   84): 1398489019886	Marionette	DEBUG	Got request: switchToFrame, data: {"to":"0","sessionId":"3-b2g","name":"switchToFrame","parameters":{"id":null,"focus":true}}, id: {8a83397e-c460-4e0e-bf5f-6df743b0d0aa}
04-25 22:10:19.886 I/Gecko   (   84): 1398489019892	Marionette	INFO	Switched to frame: {"frameValue":null}
04-25 22:10:19.986 I/Gecko   (   84): 1398489019996	Marionette	INFO	sendToClient: {"from":"0","ok":true}, {8a83397e-c460-4e0e-bf5f-6df743b0d0aa}, {8a83397e-c460-4e0e-bf5f-6df743b0d0aa}
04-25 22:10:20.006 I/Gecko   (   84): 1398489020015	Marionette	DEBUG	Got request: execute, data: {"to":"0","sessionId":"3-b2g","name":"executeScript","parameters":{"specialPowers":false,"scriptTimeout":null,"newSandbox":true,"args":[],"filename":"gaia_test.py","script":"window.wrappedJSObject.dispatchEvent(new Event('home'));","line":788}}, id: {b58fc12b-f775-4494-a826-4736cbe558be}
04-25 22:10:20.236 I/Gonk    (   84): Setting nice for pid 1451 to 18
04-25 22:10:20.236 I/Gonk    (   84): Changed nice for pid 1451 from 0 to 18.
04-25 22:10:20.236 I/Gecko   (   84): [Parent 84] WARNING: waitpid failed pid:1451 errno:10: file ../../../gecko/ipc/chromium/src/base/process_util_posix.cc, line 254
04-25 22:10:20.236 I/Gonk    (   84): Setting nice for pid 1451 to 1
04-25 22:10:20.246 I/Gonk    (   84): Changed nice for pid 1451 from 18 to 1.
04-25 22:10:20.326 D/Sensors (   84): activate handle=0; drv=0
04-25 22:10:20.326 D/Sensors (   84): Lis3dhSensor: Control set 0
04-25 22:10:20.326 D/Sensors (   84): Lis3dhSensor: mEnabled = 0
04-25 22:10:20.936 I/Gecko   (   84): 1398489020943	Marionette	INFO	sendToClient: {"from":"0","value":null}, {b58fc12b-f775-4494-a826-4736cbe558be}, {b58fc12b-f775-4494-a826-4736cbe558be}
04-25 22:10:21.126 E/[Gralloc-ERROR](   84): int gralloc_register_buffer(const gralloc_module_t*, const native_handle_t*):79 Unable to register handle 0x44126380 coming from different process: 84
04-25 22:10:21.126 E/[Gralloc-ERROR](   84): int gralloc_register_buffer(const gralloc_module_t*, const native_handle_t*):79 Unable to register handle 0x44225e70 coming from different process: 84
04-25 22:10:21.996 E/[Gralloc-ERROR](   84): int gralloc_unregister_buffer(const gralloc_module_t*, const native_handle_t*):274 Trying to unregister buffer 0x44225e70 from process 84 that was not created in current process: 84
04-25 22:10:22.006 I/Gecko   (   84): 1398489022015	Marionette	DEBUG	Got request: switchToFrame, data: {"to":"0","sessionId":"3-b2g","name":"switchToFrame","parameters":{"id":null,"focus":true}}, id: {df153d43-8781-4136-a3cb-48dcbb99b913}
04-25 22:10:22.026 I/Gecko   ( 1374): [SharedSurface_Gralloc 0x43550b00] destroyed
04-25 22:10:22.036 I/Gecko   ( 1374): [SharedSurface_Gralloc 0x43550dc0] destroyed
04-25 22:10:22.036 I/Gecko   ( 1374): [SharedSurface_Gralloc 0x441de3c0] destroyed
04-25 22:10:22.056 E/[Gralloc-ERROR](   84): int gralloc_unregister_buffer(const gralloc_module_t*, const native_handle_t*):274 Trying to unregister buffer 0x44126380 from process 84 that was not created in current process: 84
04-25 22:10:22.126 I/Gecko   (   84): 1398489022134	Marionette	INFO	Switched to frame: {"frameValue":null}
04-25 22:10:22.296 I/Gecko   (   84): 1398489022303	Marionette	INFO	sendToClient: {"from":"0","ok":true}, {df153d43-8781-4136-a3cb-48dcbb99b913}, {df153d43-8781-4136-a3cb-48dcbb99b913}
04-25 22:10:22.356 I/Gonk    (   84): Setting nice for pid 1374 to 7
04-25 22:10:22.356 I/Gonk    (   84): Changed nice for pid 1374 from 1 to 7.
04-25 22:10:22.476 I/Gecko   (   84): 1398489022491	Marionette	DEBUG	Got request: executeWithCallback, data: {"to":"0","sessionId":"3-b2g","name":"executeAsyncScript","parameters":{"specialPowers":false,"scriptTimeout":null,"newSandbox":true,"args":[],"filename":"gaia_test.py","script":"return GaiaApps.displayedApp();","line":66}}, id: {04ddeb3d-dfa6-46e6-b8af-589c76664717}
04-25 22:10:22.636 I/Gecko   (   84): 1398489022650	Marionette	INFO	sendToClient: {"from":"0","value":{"frame":{"ELEMENT":"{1e9e99d3-f109-42bf-b78f-9cbf4e221f78}"},"src":"app://homescreen.gaiamobile.org/index.html#root","name":"Homescreen","origin":"app://homescreen.gaiamobile.org"}}, {04ddeb3d-dfa6-46e6-b8af-589c76664717}, {04ddeb3d-dfa6-46e6-b8af-589c76664717}
04-25 22:10:22.646 E/GeckoConsole(   84): Content JS LOG at dummy file:392 in GaiaApps.displayedApp: app with origin 'app://homescreen.gaiamobile.org' is displayed
04-25 22:10:22.666 I/Gecko   (   84): 1398489022681	Marionette	DEBUG	Got request: switchToFrame, data: {"to":"0","sessionId":"3-b2g","name":"switchToFrame","parameters":{"id":null,"focus":true}}, id: {8a035d58-1995-4ce4-bf90-1a074c5f8805}
04-25 22:10:22.686 I/Gecko   (   84): 
04-25 22:10:22.686 I/Gecko   (   84): ###!!! [Parent][MessageChannel] Error: Channel error: cannot send/recv
04-25 22:10:22.686 I/Gecko   (   84): 
04-25 22:10:22.796 V/AudioPolicyManagerBase(   89): stopOutput() output 1, stream 1, session 6
04-25 22:10:22.796 V/AudioPolicyManagerBase(   89): changeRefCount() stream 1, count 0
04-25 22:10:22.796 V/AudioPolicyManagerBase(   89): getNewDevice() selected device 0
04-25 22:10:22.796 D/AudioPolicyManagerBase(   89): setOutputDevice() output 1 device 0 delayMs 290
04-25 22:10:22.796 V/AudioPolicyManagerBase(   89): setOutputDevice() setting same device 0 or null device for output 1
04-25 22:10:22.816 V/AudioPolicyManagerBase(   89): releaseOutput() 1
04-25 22:10:22.876 I/Gecko   (   84): 1398489022886	Marionette	INFO	Switched to frame: {"frameValue":null}
04-25 22:10:22.876 I/Gecko   (   84): [Parent 84] WARNING: waitpid failed pid:1374 errno:10: file ../../../gecko/ipc/chromium/src/base/process_util_posix.cc, line 254
04-25 22:10:23.026 I/Gecko   (   84): 1398489023033	Marionette	INFO	sendToClient: {"from":"0","ok":true}, {8a035d58-1995-4ce4-bf90-1a074c5f8805}, {8a035d58-1995-4ce4-bf90-1a074c5f8805}
04-25 22:10:23.046 I/Gecko   (   84): 1398489023055	Marionette	DEBUG	Got request: switchToFrame, data: {"to":"0","sessionId":"3-b2g","name":"switchToFrame","parameters":{"id":null,"focus":true}}, id: {2c2646b6-a2e8-493c-a477-3778f4eed01b}
04-25 22:10:23.046 I/Gecko   (   84): 1398489023057	Marionette	INFO	Switched to frame: {"frameValue":null}
04-25 22:10:23.256 I/Gecko   (   84): 1398489023270	Marionette	INFO	sendToClient: {"from":"0","ok":true}, {2c2646b6-a2e8-493c-a477-3778f4eed01b}, {2c2646b6-a2e8-493c-a477-3778f4eed01b}
04-25 22:10:23.276 I/Gecko   (   84): 1398489023288	Marionette	DEBUG	Got request: executeWithCallback, data: {"to":"0","sessionId":"3-b2g","name":"executeAsyncScript","parameters":{"specialPowers":false,"scriptTimeout":null,"newSandbox":true,"args":[],"filename":"gaia_test.py","script":"return GaiaApps.displayedApp();","line":66}}, id: {eb6f804d-7a46-4cc1-b8f5-17b01d98fbba}
04-25 22:10:23.326 I/Gecko   (   84): 1398489023337	Marionette	INFO	sendToClient: {"from":"0","value":{"frame":{"ELEMENT":"{1e9e99d3-f109-42bf-b78f-9cbf4e221f78}"},"src":"app://homescreen.gaiamobile.org/index.html#root","name":"Homescreen","origin":"app://homescreen.gaiamobile.org"}}, {eb6f804d-7a46-4cc1-b8f5-17b01d98fbba}, {eb6f804d-7a46-4cc1-b8f5-17b01d98fbba}
04-25 22:10:23.336 E/GeckoConsole(   84): Content JS LOG at dummy file:392 in GaiaApps.displayedApp: app with origin 'app://homescreen.gaiamobile.org' is displayed
04-25 22:10:23.336 I/Gecko   (   84): 1398489023348	Marionette	DEBUG	Got request: switchToFrame, data: {"to":"0","sessionId":"3-b2g","name":"switchToFrame","parameters":{"focus":true,"element":"{1e9e99d3-f109-42bf-b78f-9cbf4e221f78}"}}, id: {b5251f4e-5e03-441b-b108-2fc4291cedcf}
04-25 22:10:23.346 I/Gecko   (   84): 1398489023360	Marionette	INFO	Switched to frame: {"frameValue":"{1e9e99d3-f109-42bf-b78f-9cbf4e221f78}"}
04-25 22:10:23.366 I/Gecko   (   84): 1398489023373	Marionette	INFO	trying remote frame 0
04-25 22:10:23.366 I/Gecko   (   84): 1398489023374	Marionette	INFO	deleting frame
04-25 22:10:23.366 I/Gecko   (   84): 1398489023379	Marionette	INFO	frame-manager load script: [object ChromeMessageSender]
04-25 22:10:24.046 I/Gecko   (   84): 1398489024055	Marionette	INFO	sendToClient: {"from":"0","ok":true}, {b5251f4e-5e03-441b-b108-2fc4291cedcf}, {b5251f4e-5e03-441b-b108-2fc4291cedcf}
04-25 22:10:24.306 W/WifiHW  (   84): wifi_command: SIGNAL_POLL
04-25 22:10:24.336 I/Gecko   (   84): 1398489024345	Marionette	INFO	sendToClient: {"from":"0","value":"app://homescreen.gaiamobile.org/index.html#root"}, {354ce6fe-1822-47b2-9eaf-3c6422b5f2f2}, {354ce6fe-1822-47b2-9eaf-3c6422b5f2f2}
04-25 22:10:24.346 I/Gecko   (   84): 1398489024352	Marionette	DEBUG	Got request: switchToFrame, data: {"to":"0","sessionId":"3-b2g","name":"switchToFrame","parameters":{"id":null,"focus":true}}, id: {a0246d80-5eb6-4ea5-bf26-e9de16076625}
04-25 22:10:24.366 I/Gecko   (   84): 1398489024372	Marionette	INFO	Switched to frame: {"frameValue":null}
04-25 22:10:24.476 I/Gecko   (   84): 1398489024488	Marionette	INFO	sendToClient: {"from":"0","ok":true}, {a0246d80-5eb6-4ea5-bf26-e9de16076625}, {a0246d80-5eb6-4ea5-bf26-e9de16076625}
04-25 22:10:24.486 I/Gecko   (   84): 1398489024493	Marionette	DEBUG	Got request: switchToFrame, data: {"to":"0","sessionId":"3-b2g","name":"switchToFrame","parameters":{"id":null,"focus":true}}, id: {337fa92e-50a4-41f9-a9bb-b9f3f2f7efdd}
04-25 22:10:24.486 I/Gecko   (   84): 1398489024495	Marionette	INFO	Switched to frame: {"frameValue":null}
04-25 22:10:24.546 E/GeckoConsole( 1451): Content JS ERROR at app://homescreen.gaiamobile.org/gaia_build_defer_index.js:390 in loadSVConfFileError: Failed parsing singleVariant configuration file [js/singlevariantconf.json]:  [Exception... "File error: Not found"  nsresult: "0x80520012 (NS_ERROR_FILE_NOT_FOUND)"  location: "JS frame :: app://homescreen.gaiamobile.org/gaia_build_defer_index.js :: loadFile :: line 382"  data: no]
04-25 22:10:24.606 I/Gecko   (   84): 1398489024617	Marionette	INFO	sendToClient: {"from":"0","ok":true}, {337fa92e-50a4-41f9-a9bb-b9f3f2f7efdd}, {337fa92e-50a4-41f9-a9bb-b9f3f2f7efdd}
04-25 22:10:24.616 I/Gecko   (   84): 1398489024627	Marionette	DEBUG	Got request: executeWithCallback, data: {"to":"0","sessionId":"3-b2g","name":"executeAsyncScript","parameters":{"specialPowers":false,"scriptTimeout":null,"newSandbox":true,"args":[],"filename":"gaia_test.py","script":"GaiaApps.killAll()","line":91}}, id: {a5307878-244e-460b-822b-e102105beac2}
04-25 22:10:24.666 I/Gecko   (   84): 1398489024672	Marionette	INFO	sendToClient: {"from":"0","value":true}, {a5307878-244e-460b-822b-e102105beac2}, {a5307878-244e-460b-822b-e102105beac2}
04-25 22:10:24.666 I/Gecko   (   84): 1398489024677	Marionette	DEBUG	Got request: switchToFrame, data: {"to":"0","sessionId":"3-b2g","name":"switchToFrame","parameters":{"id":null,"focus":true}}, id: {0e2f4afa-dd93-4d94-a1b0-b92807c8d03d}
04-25 22:10:24.676 I/Gecko   (   84): 1398489024684	Marionette	INFO	Switched to frame: {"frameValue":null}
04-25 22:10:24.786 I/Gecko   (   84): 1398489024795	Marionette	INFO	sendToClient: {"from":"0","ok":true}, {0e2f4afa-dd93-4d94-a1b0-b92807c8d03d}, {0e2f4afa-dd93-4d94-a1b0-b92807c8d03d}
04-25 22:10:24.786 I/Gecko   (   84): 1398489024801	Marionette	DEBUG	Got request: executeWithCallback, data: {"to":"0","sessionId":"3-b2g","name":"executeAsyncScript","parameters":{"specialPowers":false,"scriptTimeout":60000,"newSandbox":true,"args":[],"filename":"app_checker.py","script":"\n        GaiaApps.locateWithManifestURL('https://marketplace.firefox.com/app/1223aff6-8d63-407c-9562-34bca7ab5a34/manifest.webapp',\n                                       null,\n                                       function uninstall(app) {\n                                       navigator.mozApps.mgmt.uninstall(app);\n                                       marionetteScriptFinished(true);\n                                       });\n        ","line":129}}, id: {fee02e76-230b-430b-8ccc-5703cf2f4835}
04-25 22:10:24.836 I/Gecko   (   84): -- webapps.js uninstall https://marketplace.firefox.com/app/1223aff6-8d63-407c-9562-34bca7ab5a34/manifest.webapp
04-25 22:10:24.876 I/Gecko   (   84): [Parent 84] WARNING: waitpid failed pid:1374 errno:10: file ../../../gecko/ipc/chromium/src/base/process_util_posix.cc, line 254
04-25 22:10:24.876 I/Gecko   (   84): [Parent 84] WARNING: Failed to deliver SIGKILL to 1374!(3).: file ../../../gecko/ipc/chromium/src/chrome/common/process_watcher_posix_sigchld.cc, line 118
04-25 22:10:25.146 I/Gecko   (   84): 1398489025158	Marionette	INFO	sendToClient: {"from":"0","value":true}, {fee02e76-230b-430b-8ccc-5703cf2f4835}, {fee02e76-230b-430b-8ccc-5703cf2f4835}
04-25 22:10:25.506 I/Gonk    (   84): Setting nice for pid 1478 to 18
04-25 22:10:25.506 I/Gonk    (   84): Changed nice for pid 1478 from 0 to 18.
04-25 22:10:25.666 W/audio_hw_primary(   89): do_output_standby.mode:0