--------- beginning of /dev/log/main
04-25 01:27:18.738 I/Gecko   (   84): 1398414438750	Marionette	INFO	sendToClient: {"from":"0","ok":true}, {5bb97f8c-3cb7-4968-918d-9e872410be0f}, {5bb97f8c-3cb7-4968-918d-9e872410be0f}
04-25 01:27:18.748 I/Gecko   (   84): 1398414438756	Marionette	DEBUG	Got request: switchToFrame, data: {"to":"0","sessionId":"3-b2g","name":"switchToFrame","parameters":{"id":null,"focus":true}}, id: {80cad155-8a29-4c96-8db0-a9c12149b397}
04-25 01:27:18.748 I/Gecko   (   84): 1398414438760	Marionette	INFO	Switched to frame: {"frameValue":null}
04-25 01:27:18.858 I/Gecko   (   84): 1398414438868	Marionette	INFO	sendToClient: {"from":"0","ok":true}, {80cad155-8a29-4c96-8db0-a9c12149b397}, {80cad155-8a29-4c96-8db0-a9c12149b397}
04-25 01:27:18.858 I/Gecko   (   84): 1398414438874	Marionette	DEBUG	Got request: executeWithCallback, data: {"to":"0","sessionId":"3-b2g","name":"executeAsyncScript","parameters":{"specialPowers":false,"scriptTimeout":null,"newSandbox":true,"args":[],"filename":"gaia_test.py","script":"return GaiaApps.displayedApp();","line":66}}, id: {4c16c58f-983f-419a-9177-83d787a52b64}
04-25 01:27:18.978 E/GeckoConsole(   84): Content JS LOG at dummy file:392 in GaiaApps.displayedApp: app with origin 'app://homescreen.gaiamobile.org' is displayed
04-25 01:27:18.978 I/Gecko   (   84): 1398414438993	Marionette	INFO	sendToClient: {"from":"0","value":{"frame":{"ELEMENT":"{b1437f03-145c-421f-b182-33de93ab84a7}"},"src":"app://homescreen.gaiamobile.org/index.html#root","name":"Homescreen","origin":"app://homescreen.gaiamobile.org"}}, {4c16c58f-983f-419a-9177-83d787a52b64}, {4c16c58f-983f-419a-9177-83d787a52b64}
04-25 01:27:18.998 I/Gecko   (   84): 1398414439011	Marionette	DEBUG	Got request: switchToFrame, data: {"to":"0","sessionId":"3-b2g","name":"switchToFrame","parameters":{"id":null,"focus":true}}, id: {86fdde39-5b06-405a-92c3-678b8ed23989}
04-25 01:27:18.998 I/Gecko   (   84): 1398414439012	Marionette	INFO	Switched to frame: {"frameValue":null}
04-25 01:27:19.108 I/Gecko   (   84): 1398414439117	Marionette	INFO	sendToClient: {"from":"0","ok":true}, {86fdde39-5b06-405a-92c3-678b8ed23989}, {86fdde39-5b06-405a-92c3-678b8ed23989}
04-25 01:27:19.148 I/Gecko   (   84): 1398414439158	Marionette	DEBUG	Got request: switchToFrame, data: {"to":"0","sessionId":"3-b2g","name":"switchToFrame","parameters":{"id":null,"focus":true}}, id: {782deaf1-4215-46f9-a13b-23d1955b7112}
04-25 01:27:19.148 I/Gecko   (   84): 1398414439159	Marionette	INFO	Switched to frame: {"frameValue":null}
04-25 01:27:19.258 I/Gecko   (   84): 1398414439266	Marionette	INFO	sendToClient: {"from":"0","ok":true}, {782deaf1-4215-46f9-a13b-23d1955b7112}, {782deaf1-4215-46f9-a13b-23d1955b7112}
04-25 01:27:19.258 I/Gecko   (   84): 1398414439272	Marionette	DEBUG	Got request: executeWithCallback, data: {"to":"0","sessionId":"3-b2g","name":"executeAsyncScript","parameters":{"specialPowers":false,"scriptTimeout":null,"newSandbox":true,"args":[],"filename":"gaia_test.py","script":"return GaiaApps.displayedApp();","line":66}}, id: {2b3b696d-3711-404a-91ea-412d515abeec}
04-25 01:27:19.318 I/Gecko   (   84): 1398414439331	Marionette	INFO	sendToClient: {"from":"0","value":{"frame":{"ELEMENT":"{b1437f03-145c-421f-b182-33de93ab84a7}"},"src":"app://homescreen.gaiamobile.org/index.html#root","name":"Homescreen","origin":"app://homescreen.gaiamobile.org"}}, {2b3b696d-3711-404a-91ea-412d515abeec}, {2b3b696d-3711-404a-91ea-412d515abeec}
04-25 01:27:19.348 E/GeckoConsole(   84): Content JS LOG at dummy file:392 in GaiaApps.displayedApp: app with origin 'app://homescreen.gaiamobile.org' is displayed
04-25 01:27:19.348 I/Gecko   (   84): 1398414439362	Marionette	DEBUG	Got request: switchToFrame, data: {"to":"0","sessionId":"3-b2g","name":"switchToFrame","parameters":{"focus":true,"element":"{b1437f03-145c-421f-b182-33de93ab84a7}"}}, id: {ccede2eb-20b5-4df7-a4fa-e2d8383f83a1}
04-25 01:27:19.358 I/Gecko   (   84): 1398414439372	Marionette	INFO	Switched to frame: {"frameValue":"{b1437f03-145c-421f-b182-33de93ab84a7}"}
04-25 01:27:19.368 I/Gecko   (   84): 1398414439381	Marionette	INFO	trying remote frame 0
04-25 01:27:19.368 I/Gecko   (   84): 1398414439382	Marionette	INFO	trying remote frame 1
04-25 01:27:19.388 I/Gecko   (   84): 1398414439404	Marionette	INFO	deleting frame
04-25 01:27:19.398 E/GeckoConsole( 1472): Content JS ERROR at app://homescreen.gaiamobile.org/gaia_build_defer_index.js:390 in loadSVConfFileError: Failed parsing singleVariant configuration file [js/singlevariantconf.json]:  [Exception... "File error: Not found"  nsresult: "0x80520012 (NS_ERROR_FILE_NOT_FOUND)"  location: "JS frame :: app://homescreen.gaiamobile.org/gaia_build_defer_index.js :: loadFile :: line 382"  data: no]
04-25 01:27:19.408 I/Gecko   (   84): 1398414439416	Marionette	INFO	frame-manager load script: [object ChromeMessageSender]
04-25 01:27:19.708 I/Gecko   (   84): 1398414439717	Marionette	INFO	sendToClient: {"from":"0","ok":true}, {ccede2eb-20b5-4df7-a4fa-e2d8383f83a1}, {ccede2eb-20b5-4df7-a4fa-e2d8383f83a1}
04-25 01:27:19.818 I/Gecko   (   84): 1398414439827	Marionette	INFO	sendToClient: {"from":"0","value":{"ELEMENT":"{ca1f6e05-7a30-44c7-b3fc-99bab74671fa}"}}, {a5e2e6bb-519c-41ca-9fc5-ab42ba836091}, {a5e2e6bb-519c-41ca-9fc5-ab42ba836091}
04-25 01:27:19.938 E/GeckoConsole( 1472): [JavaScript Warning: "Use of getAttributeNode() is deprecated. Use getAttribute() instead." {file: "chrome://marionette/content/atoms.js" line: 25}]
04-25 01:27:19.938 E/GeckoConsole( 1472): [JavaScript Warning: "Use of attributes' specified attribute is deprecated. It always returns true." {file: "chrome://marionette/content/atoms.js" line: 25}]
04-25 01:27:19.938 I/Gecko   (   84): 1398414439953	Marionette	INFO	sendToClient: {"from":"0","value":"normal"}, {4aeace23-d7f2-4ef3-8bc3-ebcfe5de6bd6}, {4aeace23-d7f2-4ef3-8bc3-ebcfe5de6bd6}
04-25 01:27:19.948 I/Gecko   (   84): 1398414439961	Marionette	DEBUG	Got request: switchToFrame, data: {"to":"0","sessionId":"3-b2g","name":"switchToFrame","parameters":{"id":null,"focus":true}}, id: {392657aa-e68b-42a0-9986-a4ed93498ce2}
04-25 01:27:19.968 I/Gecko   (   84): 1398414439978	Marionette	INFO	Switched to frame: {"frameValue":null}
04-25 01:27:20.068 I/Gecko   (   84): 1398414440080	Marionette	INFO	sendToClient: {"from":"0","ok":true}, {392657aa-e68b-42a0-9986-a4ed93498ce2}, {392657aa-e68b-42a0-9986-a4ed93498ce2}
04-25 01:27:20.078 I/Gecko   (   84): 1398414440086	Marionette	DEBUG	Got request: execute, data: {"to":"0","sessionId":"3-b2g","name":"executeScript","parameters":{"specialPowers":false,"scriptTimeout":null,"newSandbox":true,"args":[],"filename":"gaia_test.py","script":"window.wrappedJSObject.dispatchEvent(new Event('home'));","line":788}}, id: {c4720676-345d-4c2d-a77e-5fabe88ffa62}
04-25 01:27:20.128 I/Gecko   (   84): 1398414440136	Marionette	INFO	sendToClient: {"from":"0","value":null}, {c4720676-345d-4c2d-a77e-5fabe88ffa62}, {c4720676-345d-4c2d-a77e-5fabe88ffa62}
04-25 01:27:20.138 I/Gecko   (   84): 1398414440145	Marionette	DEBUG	Got request: switchToFrame, data: {"to":"0","sessionId":"3-b2g","name":"switchToFrame","parameters":{"id":null,"focus":true}}, id: {b5636c24-5284-460c-8a01-54f24cffc7c3}
04-25 01:27:20.138 I/Gecko   (   84): 1398414440148	Marionette	INFO	Switched to frame: {"frameValue":null}
04-25 01:27:20.248 I/Gecko   (   84): 1398414440257	Marionette	INFO	sendToClient: {"from":"0","ok":true}, {b5636c24-5284-460c-8a01-54f24cffc7c3}, {b5636c24-5284-460c-8a01-54f24cffc7c3}
04-25 01:27:20.258 I/Gecko   (   84): 1398414440273	Marionette	DEBUG	Got request: switchToFrame, data: {"to":"0","sessionId":"3-b2g","name":"switchToFrame","parameters":{"id":null,"focus":true}}, id: {77d784a8-c786-4a66-aea7-3f7f1b96a073}
04-25 01:27:20.268 I/Gecko   (   84): 1398414440276	Marionette	INFO	Switched to frame: {"frameValue":null}
04-25 01:27:20.368 I/Gecko   (   84): 1398414440380	Marionette	INFO	sendToClient: {"from":"0","ok":true}, {77d784a8-c786-4a66-aea7-3f7f1b96a073}, {77d784a8-c786-4a66-aea7-3f7f1b96a073}
04-25 01:27:20.378 I/Gecko   (   84): 1398414440386	Marionette	DEBUG	Got request: executeWithCallback, data: {"to":"0","sessionId":"3-b2g","name":"executeAsyncScript","parameters":{"specialPowers":false,"scriptTimeout":null,"newSandbox":true,"args":[],"filename":"gaia_test.py","script":"return GaiaApps.displayedApp();","line":66}}, id: {7a66d33f-ef98-41af-abf6-12e31b81b010}
04-25 01:27:20.448 I/Gecko   (   84): 1398414440459	Marionette	INFO	sendToClient: {"from":"0","value":{"frame":{"ELEMENT":"{b1437f03-145c-421f-b182-33de93ab84a7}"},"src":"app://homescreen.gaiamobile.org/index.html#rootFri%20Apr%2025%202014%2001:27:20%20GMT-0700%20(UTC)","name":"Homescreen","origin":"app://homescreen.gaiamobile.org"}}, {7a66d33f-ef98-41af-abf6-12e31b81b010}, {7a66d33f-ef98-41af-abf6-12e31b81b010}
04-25 01:27:20.448 E/GeckoConsole(   84): Content JS LOG at dummy file:392 in GaiaApps.displayedApp: app with origin 'app://homescreen.gaiamobile.org' is displayed
04-25 01:27:20.478 I/Gecko   (   84): 1398414440487	Marionette	DEBUG	Got request: switchToFrame, data: {"to":"0","sessionId":"3-b2g","name":"switchToFrame","parameters":{"focus":true,"element":"{b1437f03-145c-421f-b182-33de93ab84a7}"}}, id: {d2ce59c3-87c5-47f5-b5b5-105c4521ab8a}
04-25 01:27:20.478 I/Gecko   (   84): 1398414440494	Marionette	INFO	Switched to frame: {"frameValue":"{b1437f03-145c-421f-b182-33de93ab84a7}"}
04-25 01:27:20.498 I/Gecko   (   84): 1398414440506	Marionette	INFO	trying remote frame 0
04-25 01:27:20.498 I/Gecko   (   84): 1398414440507	Marionette	INFO	trying remote frame 1
04-25 01:27:20.588 I/Gecko   (   84): 1398414440596	Marionette	INFO	sendToClient: {"from":"0","ok":true}, {d2ce59c3-87c5-47f5-b5b5-105c4521ab8a}, {d2ce59c3-87c5-47f5-b5b5-105c4521ab8a}
04-25 01:27:20.598 I/Gecko   (   84): 1398414440608	Marionette	DEBUG	Got request: execute, data: {"to":"0","sessionId":"3-b2g","name":"executeScript","parameters":{"specialPowers":false,"scriptTimeout":null,"newSandbox":true,"args":[],"filename":"gaia_test.py","script":"return window.wrappedJSObject.GridManager.pageHelper.getCurrentPageNumber();","line":784}}, id: {847947c5-7475-438c-959b-6d3b4bae6f8c}
04-25 01:27:20.928 I/Gecko   (   84): 1398414440943	Marionette	INFO	sendToClient: {"from":"0","value":0}, {847947c5-7475-438c-959b-6d3b4bae6f8c}, {847947c5-7475-438c-959b-6d3b4bae6f8c}
04-25 01:27:21.238 I/Gecko   (   84): 1398414441250	Marionette	INFO	sendToClient: {"from":"0","value":["{0e58e98f-eabc-48eb-91f2-7505aa9dd39c}","{a5ed125d-d951-4686-b300-015d0f9cf395}","{0f574f53-05b0-43a3-afc2-67b0f9e58813}","{8eb3d585-76cb-4a2b-9cb9-63c42bc2bd2a}","{8ce83b0e-33f3-4061-b9e9-0351b7e7db09}","{c35ba3df-7a4b-4cdb-9fa2-0f0057d45cf2}","{c042a865-9508-44cc-900d-53215ecdff25}","{85053b71-c5d9-465f-a627-a0396eadd21c}","{66ce61da-1f50-416b-bc4d-b5b85012ede8}","{0d2eb9cf-cf6d-45ce-8b96-728eb2330375}","{85a32916-7dff-4501-bfc7-c6b111c1ca54}","{8df25f6b-3908-4439-bbe7-6d3bbefdbdea}","{18b0a42e-b43c-4763-bbe9-57d7c12c8aa2}","{1fe7c737-17fa-4974-bf6e-e9bc8f526c8b}","{ac9af14e-27b3-4b63-aa44-7e5ffc3a9742}","{d1c347fc-861f-49f9-b22d-3bdca576a43e}","{78c30313-1245-427e-a348-d247b9b4b78a}","{d3e679f3-a160-4866-90af-20ce597a8a3e}","{5afccfbf-1014-416b-847a-8a5b1002c722}","{7e85b3a1-b0a9-4ffd-86b5-250d82ed3a04}","{c11c0761-3f0d-44c1-b7db-0864a8c4db34}","{c6d085f0-cc9f-4ca0-87cb-dad2ad10243a}","{f1d70461-f757-4336-aef2-d0a0faf41a48}","{ea127996-cb20
04-25 01:27:21.328 I/Gecko   (   84): 1398414441343	Marionette	INFO	sendToClient: {"from":"0","value":"app://homescreen.gaiamobile.org/index.html#rootFri%20Apr%2025%202014%2001:27:20%20GMT-0700%20(UTC)"}, {72760a97-1e31-46b7-afd1-5ba7c2335b36}, {72760a97-1e31-46b7-afd1-5ba7c2335b36}
04-25 01:27:21.338 I/Gecko   (   84): 1398414441350	Marionette	DEBUG	Got request: switchToFrame, data: {"to":"0","sessionId":"3-b2g","name":"switchToFrame","parameters":{"id":null,"focus":true}}, id: {e723c9d9-eb02-4b58-a4e8-646db4df6ac1}
04-25 01:27:21.358 I/Gecko   (   84): 1398414441365	Marionette	INFO	Switched to frame: {"frameValue":null}
04-25 01:27:21.458 I/Gecko   (   84): 1398414441469	Marionette	INFO	sendToClient: {"from":"0","ok":true}, {e723c9d9-eb02-4b58-a4e8-646db4df6ac1}, {e723c9d9-eb02-4b58-a4e8-646db4df6ac1}
04-25 01:27:21.458 I/Gecko   (   84): 1398414441474	Marionette	DEBUG	Got request: switchToFrame, data: {"to":"0","sessionId":"3-b2g","name":"switchToFrame","parameters":{"id":null,"focus":true}}, id: {e1a07cfc-7f73-473b-b7ea-2485b3f97e27}
04-25 01:27:21.468 I/Gecko   (   84): 1398414441476	Marionette	INFO	Switched to frame: {"frameValue":null}
04-25 01:27:21.568 I/Gecko   (   84): 1398414441579	Marionette	INFO	sendToClient: {"from":"0","ok":true}, {e1a07cfc-7f73-473b-b7ea-2485b3f97e27}, {e1a07cfc-7f73-473b-b7ea-2485b3f97e27}
04-25 01:27:21.608 I/Gecko   (   84): 1398414441621	Marionette	DEBUG	Got request: executeWithCallback, data: {"to":"0","sessionId":"3-b2g","name":"executeAsyncScript","parameters":{"specialPowers":false,"scriptTimeout":30000,"newSandbox":true,"args":[],"filename":"app_checker.py","script":"GaiaApps.launchWithManifestURL('http://m.fruit.remvst.com/manifest.json')","line":106}}, id: {a2779fe9-b02f-46b6-a1a6-8c3b21e15c46}
04-25 01:27:21.798 I/Gonk    (   84): Setting nice for pid 1499 to 18
04-25 01:27:21.798 I/Gonk    (   84): Changed nice for pid 1499 from 18 to 18.
04-25 01:27:21.798 I/Gecko   (   84): [Parent 84] WARNING: waitpid failed pid:1499 errno:10: file ../../../gecko/ipc/chromium/src/base/process_util_posix.cc, line 254
04-25 01:27:21.798 I/Gonk    (   84): Setting nice for pid 1499 to 1
04-25 01:27:21.808 I/Gonk    (   84): Changed nice for pid 1499 from 18 to 1.
04-25 01:27:21.828 D/Sensors (   84): activate handle=0; drv=0
04-25 01:27:21.868 D/Sensors (   84): Lis3dhSensor: Control set 1
04-25 01:27:21.868 D/Sensors (   84): Lis3dhSensor: mEnabled = 1
04-25 01:27:22.298 I/InputReader(   84): Reconfiguring input devices.  changes=0x00000004
04-25 01:27:22.298 I/InputReader(   84): Device reconfigured: id=6, name='ms-msg21xx', size 320x480, orientation 1, mode 1, display id 0
04-25 01:27:22.318 E/GeckoConsole(   84): Content JS LOG at dummy file:334 in GaiaApps.launch: launching app with name 'Fruit Killer'
04-25 01:27:22.378 E/[Gralloc-ERROR](   84): int gralloc_register_buffer(const gralloc_module_t*, const native_handle_t*):79 Unable to register handle 0x469410b0 coming from different process: 84
04-25 01:27:22.398 E/[Gralloc-ERROR](   84): int gralloc_register_buffer(const gralloc_module_t*, const native_handle_t*):79 Unable to register handle 0x46941150 coming from different process: 84
04-25 01:27:22.588 E/[Gralloc-ERROR](   84): int gralloc_register_buffer(const gralloc_module_t*, const native_handle_t*):79 Unable to register handle 0x46941d80 coming from different process: 84
04-25 01:27:22.638 E/[Gralloc-ERROR](   84): int gralloc_register_buffer(const gralloc_module_t*, const native_handle_t*):79 Unable to register handle 0x46941e20 coming from different process: 84
04-25 01:27:22.658 E/[Gralloc-ERROR](   84): int gralloc_unregister_buffer(const gralloc_module_t*, const native_handle_t*):274 Trying to unregister buffer 0x442ca150 from process 84 that was not created in current process: 84
04-25 01:27:22.658 E/[Gralloc-ERROR](   84): int gralloc_unregister_buffer(const gralloc_module_t*, const native_handle_t*):274 Trying to unregister buffer 0x443011f0 from process 84 that was not created in current process: 84
04-25 01:27:22.878 I/Gonk    (   84): Setting nice for pid 1472 to 18
04-25 01:27:22.878 I/Gonk    (   84): Changed nice for pid 1472 from 1 to 18.
04-25 01:27:23.268 W/WifiHW  (   84): wifi_command: SIGNAL_POLL
04-25 01:27:24.208 V/AudioPolicyManagerBase(   89): startOutput() output 1, stream 1, session 9
04-25 01:27:24.208 V/AudioPolicyManagerBase(   89): changeRefCount() stream 1, count 1
04-25 01:27:24.208 V/AudioPolicyManagerBase(   89): getDeviceForStrategy() from cache strategy 0, device 2
04-25 01:27:24.208 V/AudioPolicyManagerBase(   89): getNewDevice() selected device 2
04-25 01:27:24.208 D/AudioPolicyManagerBase(   89): setOutputDevice() output 1 device 2 delayMs 0
04-25 01:27:24.208 V/AudioPolicyManagerBase(   89): setOutputDevice() setting same device 2 or null device for output 1
04-25 01:27:24.208 E/AudioPolicyManagerBase(   89): checkAndSetVolume stream=1, index=0, output=1, device=2
04-25 01:27:24.208 E/AudioPolicyManagerBase(   89): computeVolume, streamDesc=0x1ff9bb8
04-25 01:27:24.228 W/AudioFlinger(   89): Thread AudioOut_1 cannot connect to the power manager service
04-25 01:27:24.228 V/AudioPolicyManagerBase(   89): stopOutput() output 1, stream 1, session 9
04-25 01:27:24.228 V/AudioPolicyManagerBase(   89): changeRefCount() stream 1, count 0
04-25 01:27:24.228 V/AudioPolicyManagerBase(   89): getNewDevice() selected device 0
04-25 01:27:24.228 D/AudioPolicyManagerBase(   89): setOutputDevice() output 1 device 0 delayMs 290
04-25 01:27:24.228 V/AudioPolicyManagerBase(   89): setOutputDevice() setting same device 0 or null device for output 1
04-25 01:27:24.238 V/AudioPolicyManagerBase(   89): releaseOutput() 1
04-25 01:27:24.338 I/Gecko   (   84): [Parent 84] WARNING: pipe error (101): Connection reset by peer: file ../../../gecko/ipc/chromium/src/chrome/common/ipc_channel_posix.cc, line 446
04-25 01:27:24.368 I/Gecko   (   84): 
04-25 01:27:24.368 I/Gecko   (   84): ###!!! [Parent][MessageChannel] Error: Channel error: cannot send/recv
04-25 01:27:24.368 I/Gecko   (   84): 
04-25 01:27:24.408 I/Gecko   (   84): [Parent 84] WARNING: waitpid failed pid:1472 errno:10: file ../../../gecko/ipc/chromium/src/base/process_util_posix.cc, line 254
04-25 01:27:24.438 I/Gecko   ( 1499): ###################################### forms.js loaded
04-25 01:27:24.468 I/Gecko   ( 1499): ############################### browserElementPanning.js loaded
04-25 01:27:24.508 I/Gecko   ( 1499): ######################## BrowserElementChildPreload.js loaded
04-25 01:27:26.408 I/Gecko   (   84): [Parent 84] WARNING: waitpid failed pid:1472 errno:10: file ../../../gecko/ipc/chromium/src/base/process_util_posix.cc, line 254
04-25 01:27:26.408 I/Gecko   (   84): [Parent 84] WARNING: Failed to deliver SIGKILL to 1472!(3).: file ../../../gecko/ipc/chromium/src/chrome/common/process_watcher_posix_sigchld.cc, line 118
04-25 01:27:26.528 I/Gonk    (   84): Setting nice for pid 1553 to 18
04-25 01:27:26.538 I/Gonk    (   84): Changed nice for pid 1553 from 0 to 18.
04-25 01:27:28.598 W/WifiHW  (   84): wifi_command: SIGNAL_POLL
04-25 01:27:31.708 E/GeckoConsole( 1499): [JavaScript Warning: "Error in parsing value for 'background-image'.  Declaration dropped." {file: "http://m.fruit.remvst.com/css/add2home.css" line: 15 column: 18 source: "	background-image:-webkit-gradient(linear,0 0,0 100%,color-stop(0,#fff),color-stop(0.02,#eee),color-stop(0.98,#ccc),color-stop(1,#a3a3a3));"}]
04-25 01:27:31.708 E/GeckoConsole( 1499): [JavaScript Warning: "Error in parsing value for 'background-image'.  Declaration dropped." {file: "http://m.fruit.remvst.com/css/add2home.css" line: 53 column: 18 source: "	background-image:-webkit-gradient(linear,0 0,100% 100%,color-stop(0,rgba(204,204,204,0)),color-stop(0.4,rgba(204,204,204,0)),color-stop(0.4,#ccc));"}]
04-25 01:27:31.708 E/GeckoConsole( 1499): [JavaScript Warning: "Error in parsing value for 'background-image'.  Declaration dropped." {file: "http://m.fruit.remvst.com/css/add2home.css" line: 73 column: 18 source: "	background-image:-webkit-gradient(linear,0 0,100% 100%,color-stop(0,rgba(238,238,238,0)),color-stop(0.4,rgba(238,238,238,0)),color-stop(0.4,#eee));"}]
04-25 01:27:31.718 E/GeckoConsole( 1499): [JavaScript Warning: "Expected media feature name but found '-webkit-min-device-pixel-ratio'." {file: "http://m.fruit.remvst.com/css/add2home.css" line: 154 column: 16 source: "@media all and (-webkit-min-device-pixel-ratio: 2) {"}]
04-25 01:27:33.598 W/WifiHW  (   84): wifi_command: SIGNAL_POLL
04-25 01:27:33.648 E/GeckoConsole(   84): Offline cache manifest item has Cache-control: no-store header, URL=http://m.fruit.remvst.com/cache.manifest
04-25 01:27:33.648 E/GeckoConsole(   84): Offline cache update error, URL=http://m.fruit.remvst.com/cache.manifest
04-25 01:27:33.718 I/Gecko   ( 1499): Attempting load of libEGL.so
04-25 01:27:33.778 D/libEGL  ( 1499): loaded /system/lib/egl/libEGL_mali.so
04-25 01:27:33.808 D/libEGL  ( 1499): loaded /system/lib/egl/libGLESv1_CM_mali.so
04-25 01:27:33.818 I/Gonk    (   84): Setting nice for pid 1553 to 18
04-25 01:27:33.818 I/Gonk    (   84): Changed nice for pid 1553 from 18 to 18.
04-25 01:27:33.818 I/Gecko   (   84): [Parent 84] WARNING: waitpid failed pid:1553 errno:10: file ../../../gecko/ipc/chromium/src/base/process_util_posix.cc, line 254
04-25 01:27:33.828 I/Gonk    (   84): Setting nice for pid 1553 to 1
04-25 01:27:33.828 I/Gonk    (   84): Changed nice for pid 1553 from 18 to 1.
04-25 01:27:33.828 D/libEGL  ( 1499): loaded /system/lib/egl/libGLESv2_mali.so
04-25 01:27:33.848 I/Gonk    (   84): Setting nice for pid 1553 to 18
04-25 01:27:33.848 I/Gonk    (   84): Changed nice for pid 1553 from 1 to 18.
04-25 01:27:33.908 I/Gecko   ( 1499): SharedSurface_Gralloc::Create -------
04-25 01:27:33.938 I/Gecko   ( 1499): SharedSurface_Gralloc::Create: success -- surface 0x43d44400, GraphicBuffer 0x43660b80.
04-25 01:27:34.268 E/[Gralloc-ERROR](   84): int gralloc_unregister_buffer(const gralloc_module_t*, const native_handle_t*):274 Trying to unregister buffer 0x46941e20 from process 84 that was not created in current process: 84
04-25 01:27:34.268 E/GeckoConsole(   84): Content JS LOG at dummy file:326 in GaiaApps.launch/appOpen/<: app with origin 'http://m.fruit.remvst.com' has launched
04-25 01:27:34.278 I/Gecko   (   84): 1398414454292	Marionette	INFO	sendToClient: {"from":"0","value":{"frame":{"ELEMENT":"{c6c111bd-4f02-4958-9459-6ccab0a127e2}"},"src":"http://m.fruit.remvst.com/","name":"Fruit Killer","origin":"http://m.fruit.remvst.com"}}, {a2779fe9-b02f-46b6-a1a6-8c3b21e15c46}, {a2779fe9-b02f-46b6-a1a6-8c3b21e15c46}
04-25 01:27:34.308 E/[Gralloc-ERROR](   84): int gralloc_unregister_buffer(const gralloc_module_t*, const native_handle_t*):274 Trying to unregister buffer 0x46941d80 from process 84 that was not created in current process: 84
04-25 01:27:34.318 I/Gecko   (   84): 1398414454328	Marionette	DEBUG	Got request: switchToFrame, data: {"to":"0","sessionId":"3-b2g","name":"switchToFrame","parameters":{"focus":true,"element":"{c6c111bd-4f02-4958-9459-6ccab0a127e2}"}}, id: {09b4ea2f-0585-4096-9cce-ec942d1684bf}
04-25 01:27:34.328 I/Gecko   (   84): 1398414454343	Marionette	INFO	Switched to frame: {"frameValue":"{c6c111bd-4f02-4958-9459-6ccab0a127e2}"}
04-25 01:27:34.348 I/Gecko   (   84): 1398414454359	Marionette	INFO	trying remote frame 0
04-25 01:27:34.368 I/Gecko   (   84): 1398414454381	Marionette	INFO	trying remote frame 1
04-25 01:27:34.378 I/Gecko   (   84): 1398414454385	Marionette	INFO	deleting frame
04-25 01:27:34.408 I/Gecko   (   84): 1398414454422	Marionette	INFO	frame-manager load script: [object ChromeMessageSender]
04-25 01:27:34.598 I/Gecko   (   84): [Parent 84] WARNING: pipe error (101): Connection reset by peer: file ../../../gecko/ipc/chromium/src/chrome/common/ipc_channel_posix.cc, line 446
04-25 01:27:34.608 I/Gecko   (   84): 
04-25 01:27:34.608 I/Gecko   (   84): ###!!! [Parent][MessageChannel] Error: Channel error: cannot send/recv
04-25 01:27:34.608 I/Gecko   (   84): 
04-25 01:27:34.608 I/Gecko   ( 1499): SharedSurface_Gralloc::Create -------
04-25 01:27:34.618 I/Gecko   ( 1499): SharedSurface_Gralloc::Create: success -- surface 0x43d44bc0, GraphicBuffer 0x42d87400.
04-25 01:27:34.738 I/Gecko   (   84): [Parent 84] WARNING: waitpid failed pid:1553 errno:10: file ../../../gecko/ipc/chromium/src/base/process_util_posix.cc, line 254
04-25 01:27:35.328 I/Gecko   (   84): 1398414455342	Marionette	INFO	sendToClient: {"from":"0","ok":true}, {09b4ea2f-0585-4096-9cce-ec942d1684bf}, {09b4ea2f-0585-4096-9cce-ec942d1684bf}
04-25 01:27:35.528 I/Gecko   ( 1499): SharedSurface_Gralloc::Create -------
04-25 01:27:35.548 I/Gecko   ( 1499): SharedSurface_Gralloc::Create: success -- surface 0x4425a500, GraphicBuffer 0x44254080.
04-25 01:27:35.978 I/Gecko   ( 1499): SharedSurface_Gralloc::Create -------
04-25 01:27:36.028 I/Gecko   ( 1499): SharedSurface_Gralloc::Create: success -- surface 0x4425ab40, GraphicBuffer 0x404af080.
04-25 01:27:36.118 I/Gecko   (   84): 1398414456125	Marionette	INFO	sendToClient: {"from":"0","value":"http://m.fruit.remvst.com/"}, {14564f14-15bf-4a51-9d48-57e4e4c528ae}, {14564f14-15bf-4a51-9d48-57e4e4c528ae}
04-25 01:27:36.118 I/Gecko   (   84): 1398414456133	Marionette	DEBUG	Got request: execute, data: {"to":"0","sessionId":"3-b2g","name":"executeScript","parameters":{"specialPowers":false,"scriptTimeout":null,"newSandbox":true,"args":[],"filename":"app_checker.py","script":"return window.document.readyState;","line":191}}, id: {00b05bf2-3471-4b47-86a1-080130711f6e}
04-25 01:27:36.738 I/Gecko   (   84): [Parent 84] WARNING: waitpid failed pid:1553 errno:10: file ../../../gecko/ipc/chromium/src/base/process_util_posix.cc, line 254
04-25 01:27:36.738 I/Gecko   (   84): [Parent 84] WARNING: Failed to deliver SIGKILL to 1553!(3).: file ../../../gecko/ipc/chromium/src/chrome/common/process_watcher_posix_sigchld.cc, line 118
04-25 01:27:37.438 I/Gecko   (   84): 1398414457450	Marionette	INFO	sendToClient: {"from":"0","value":"complete"}, {00b05bf2-3471-4b47-86a1-080130711f6e}, {00b05bf2-3471-4b47-86a1-080130711f6e}
04-25 01:27:38.618 W/WifiHW  (   84): wifi_command: SIGNAL_POLL
04-25 01:27:39.108 I/Gecko   (   84): 1398414459119	Marionette	INFO	sendToClient: {"from":"0","value":"http://m.fruit.remvst.com/"}, {67803b67-0ebc-4a52-a3e0-91268107c835}, {67803b67-0ebc-4a52-a3e0-91268107c835}
04-25 01:27:39.268 I/Gonk    (   84): Setting nice for pid 1574 to 18
04-25 01:27:39.268 I/Gonk    (   84): Changed nice for pid 1574 from 0 to 18.
04-25 01:27:40.078 I/Gecko   ( 1499): SharedSurface_Gralloc::Create -------
04-25 01:27:40.188 I/Gecko   ( 1499): SharedSurface_Gralloc::Create: success -- surface 0x432e1700, GraphicBuffer 0x43d82880.
04-25 01:27:41.658 I/Gecko   (   84): 1398414461668	Marionette	INFO	sendToClient: {"from":"0","value":"iVBORw0KGgoAAAANSUhEUgAAAeAAAAFACAYAAABkyK97AAAgAElEQVR4nOzdfXfUNtMG8Of7f65I2rTlLhSapiGkIaSQpryUAqVv4OePrOzR6JrRSJa9G5qcs6cUwtqWJf10jbzh/15vDoeXm8PhKoTheQjDRQjDeQjDWQjDqfA6277OyfeehTCcbdj3babvu9iE4XJ7jOsQhpebwyEe+3pzOFyHMFxtX8+3r0t2PuicTjZhON6E4WhzOBxtDodH29fR5nA43tz8+dn2fS6373+dHTs9fnxdh7D9s5vve7l9vWYvfg3PhdfV9v3i+1yHqd0vt20U2zS55u11xFf8/+Nwc+30dbKZ7tH59rqfs+t+vcnPAZ03b4eXG/k1ttP4/VPboXZ7ydpfOgf0uiR9I77Oya/jn/M2j8e+3qTtzt/rYjO9D38P3l/oe1zCY4fk2C/ZsflY4/eZjjc6zuLYQuOLHpcf++UmP3fahvF1Qd5Tez1nx7ze4LFS6m/oPaX7nt2vQrvz69b6mdYf0LHoOCm1+0vQd6T+cwn+nM8j6JUe++ukzdP59HA7jxwOJ5ubX5+Fw+EsHA7n4XC42P6Xvi62r8vN4XC5CePr+SYMV5sw3vfXm8PhzSE59iYMzzeHw8XmcDjfvs42h8MpeZ2B1zl5XWxfl5vD4fnmEB7z9ebr4c3h9Equf3ueN+ecngs6xgV7XW6P+Zxc783xt+cQpuu+OfZ2niHvx493fng4/J8F4JPwpQOc45sAzCYVhMmiAIc7gLVJMkEjoMn4dgB8Au5zO8Aagv89gKU5pgVg2jfuAJ5QimNj3wB+ua8Ab4wA90zAfELU8JoNcFge4JeFa0AAj8f+QgCeUNIBlttNnpSXAvhaeC8rwPR87wCeB7D0nncJeGGAQx3AN78fVIBrEjBFeBbAQQJ4O94JwM+XBPiwDuCLzR4m4HkABxPA2s
04-25 01:27:42.158 I/Gecko   (   84): 1398414462165	Marionette	INFO	sendToClient: {"from":"0","ok":true}, {67d2dd96-767f-4b4c-aeb4-25cc0ee54762}, {67d2dd96-767f-4b4c-aeb4-25cc0ee54762}
04-25 01:27:42.178 I/Gecko   (   84): 1398414462190	Marionette	DEBUG	Got request: switchToFrame, data: {"to":"0","sessionId":"3-b2g","name":"switchToFrame","parameters":{"id":null,"focus":true}}, id: {d7f1aa45-1745-4a9f-a7dc-cd081136d445}
04-25 01:27:42.198 I/Gecko   (   84): 1398414462210	Marionette	INFO	Switched to frame: {"frameValue":null}
04-25 01:27:42.338 I/Gecko   (   84): 1398414462349	Marionette	INFO	sendToClient: {"from":"0","ok":true}, {d7f1aa45-1745-4a9f-a7dc-cd081136d445}, {d7f1aa45-1745-4a9f-a7dc-cd081136d445}
04-25 01:27:42.348 I/Gecko   (   84): 1398414462356	Marionette	DEBUG	Got request: executeWithCallback, data: {"to":"0","sessionId":"3-b2g","name":"executeAsyncScript","parameters":{"specialPowers":false,"scriptTimeout":null,"newSandbox":true,"args":[],"filename":"gaia_test.py","script":"return GaiaApps.displayedApp();","line":66}}, id: {d94a96aa-4e69-4565-b3c1-78a125944828}
04-25 01:27:42.608 E/GeckoConsole(   84): Content JS LOG at dummy file:392 in GaiaApps.displayedApp: app with origin 'http://m.fruit.remvst.com' is displayed
04-25 01:27:42.618 I/Gecko   (   84): 1398414462626	Marionette	INFO	sendToClient: {"from":"0","value":{"frame":{"ELEMENT":"{c6c111bd-4f02-4958-9459-6ccab0a127e2}"},"src":"http://m.fruit.remvst.com/","name":"Fruit Killer","origin":"http://m.fruit.remvst.com"}}, {d94a96aa-4e69-4565-b3c1-78a125944828}, {d94a96aa-4e69-4565-b3c1-78a125944828}
04-25 01:27:43.158 I/Gecko   ( 1499): [SharedSurface_Gralloc 0x43d44400] destroyed
04-25 01:27:43.248 I/Gecko   ( 1499): [SharedSurface_Gralloc 0x43d44bc0] destroyed
04-25 01:27:43.248 I/Gecko   ( 1499): [SharedSurface_Gralloc 0x4425ab40] destroyed
04-25 01:27:43.348 I/Gecko   (   84): 1398414463361	Marionette	DEBUG	Got request: switchToFrame, data: {"to":"0","sessionId":"3-b2g","name":"switchToFrame","parameters":{"id":null,"focus":true}}, id: {9e1ac12b-1ef0-476d-9bcc-668d7e8b9bc0}
04-25 01:27:43.378 I/Gecko   (   84): 1398414463364	Marionette	INFO	Switched to frame: {"frameValue":null}
04-25 01:27:43.488 I/Gecko   (   84): 1398414463496	Marionette	INFO	sendToClient: {"from":"0","ok":true}, {9e1ac12b-1ef0-476d-9bcc-668d7e8b9bc0}, {9e1ac12b-1ef0-476d-9bcc-668d7e8b9bc0}
04-25 01:27:43.518 I/Gecko   (   84): 1398414463526	Marionette	DEBUG	Got request: execute, data: {"to":"0","sessionId":"3-b2g","name":"executeScript","parameters":{"specialPowers":false,"scriptTimeout":null,"newSandbox":true,"args":[],"filename":"gaia_test.py","script":"window.wrappedJSObject.dispatchEvent(new Event('home'));","line":788}}, id: {70445ed1-cf95-4f09-96ca-eab689573d6e}
04-25 01:27:43.698 E/GeckoConsole( 1499): [JavaScript Warning: "Unknown property 'a'.  Declaration dropped." {file: "http://googleads.g.doubleclick.net/pagead/ads?client=ca-pub-1966553939542642&output=html&h=50&slotname=3558461567&adk=3787153083&w=320&ea=0&flash=0&url=http%3A%2F%2Fm.fruit.remvst.com%2F&dt=1398414456177&bpp=237&bdt=1355&shv=r20140422&cbv=r20140417&saldr=sa&correlator=1398414458293&frm=24&ga_vid=1164303780.1398414459&ga_sid=1398414459&ga_hid=2023412882&ga_fc=0&u_tz=-420&u_his=1&u_java=0&u_h=320&u_w=480&u_ah=320&u_aw=480&u_cd=16&u_nplug=0&u_nmime=0&dff=sans-serif&dfs=16&adx=-12245933&ady=-12245933&biw=-12245933&bih=-12245933&isw=320&ish=50&ifk=152299840&eid=317150304%2C42631003&oid=3&rx=0&eae=6&jp=2&vis=1&fu=0&ifi=1&dtd=2558" line: 1 column: 874 source: "body{background-color: transparent;margin:0}.bbox{background-color:#f0f0f0;border:0;height:50px;overflow:hidden;position:relative;text-align:left;width:320px}.bbox_border{border:1px solid #456FC6;height:48px; position:absolute;top:0;width:318px; z-index:2}div.bbox .attribute{color:#333
04-25 01:27:43.698 E/GeckoConsole( 1499): [JavaScript Warning: "Unknown property 'a'.  Declaration dropped." {file: "http://googleads.g.doubleclick.net/pagead/ads?client=ca-pub-1966553939542642&output=html&h=50&slotname=3558461567&adk=3787153083&w=320&ea=0&flash=0&url=http%3A%2F%2Fm.fruit.remvst.com%2F&dt=1398414456177&bpp=237&bdt=1355&shv=r20140422&cbv=r20140417&saldr=sa&correlator=1398414458293&frm=24&ga_vid=1164303780.1398414459&ga_sid=1398414459&ga_hid=2023412882&ga_fc=0&u_tz=-420&u_his=1&u_java=0&u_h=320&u_w=480&u_ah=320&u_aw=480&u_cd=16&u_nplug=0&u_nmime=0&dff=sans-serif&dfs=16&adx=-12245933&ady=-12245933&biw=-12245933&bih=-12245933&isw=320&ish=50&ifk=152299840&eid=317150304%2C42631003&oid=3&rx=0&eae=6&jp=2&vis=1&fu=0&ifi=1&dtd=2558" line: 1 column: 897 source: "body{background-color: transparent;margin:0}.bbox{background-color:#f0f0f0;border:0;height:50px;overflow:hidden;position:relative;text-align:left;width:320px}.bbox_border{border:1px solid #456FC6;height:48px; position:absolute;top:0;width:318px; z-index:2}div.bbox .attribute{color:#333
04-25 01:27:43.708 E/GeckoConsole( 1499): [JavaScript Warning: "Error in parsing value for 'background'.  Declaration dropped." {file: "http://googleads.g.doubleclick.net/pagead/ads?client=ca-pub-1966553939542642&output=html&h=50&slotname=3558461567&adk=3787153083&w=320&ea=0&flash=0&url=http%3A%2F%2Fm.fruit.remvst.com%2F&dt=1398414456177&bpp=237&bdt=1355&shv=r20140422&cbv=r20140417&saldr=sa&correlator=1398414458293&frm=24&ga_vid=1164303780.1398414459&ga_sid=1398414459&ga_hid=2023412882&ga_fc=0&u_tz=-420&u_his=1&u_java=0&u_h=320&u_w=480&u_ah=320&u_aw=480&u_cd=16&u_nplug=0&u_nmime=0&dff=sans-serif&dfs=16&adx=-12245933&ady=-12245933&biw=-12245933&bih=-12245933&isw=320&ish=50&ifk=152299840&eid=317150304%2C42631003&oid=3&rx=0&eae=6&jp=2&vis=1&fu=0&ifi=1&dtd=2558" line: 1 column: 1654 source: "body{background-color: transparent;margin:0}.bbox{background-color:#f0f0f0;border:0;height:50px;overflow:hidden;position:relative;text-align:left;width:320px}.bbox_border{border:1px solid #456FC6;height:48px; position:absolute;top:0;width:318px; z-index:2}div.bbox .
04-25 01:27:43.768 E/GeckoConsole( 1499): [JavaScript Warning: "Error in parsing value for 'background'.  Declaration dropped." {file: "http://googleads.g.doubleclick.net/pagead/ads?client=ca-pub-1966553939542642&output=html&h=50&slotname=3558461567&adk=3787153083&w=320&ea=0&flash=0&url=http%3A%2F%2Fm.fruit.remvst.com%2F&dt=1398414456177&bpp=237&bdt=1355&shv=r20140422&cbv=r20140417&saldr=sa&correlator=1398414458293&frm=24&ga_vid=1164303780.1398414459&ga_sid=1398414459&ga_hid=2023412882&ga_fc=0&u_tz=-420&u_his=1&u_java=0&u_h=320&u_w=480&u_ah=320&u_aw=480&u_cd=16&u_nplug=0&u_nmime=0&dff=sans-serif&dfs=16&adx=-12245933&ady=-12245933&biw=-12245933&bih=-12245933&isw=320&ish=50&ifk=152299840&eid=317150304%2C42631003&oid=3&rx=0&eae=6&jp=2&vis=1&fu=0&ifi=1&dtd=2558" line: 1 column: 21 source: ".gradient{background:-webkit-gradient(linear,left top,left bottom,from(#f4f4f4),to(#a8a8a8));height:50px;left:0;position:absolute;top:0;width:320px;z-index:1;-webkit-background-clip:content-box;-webkit-background-origin:padding-box}.gradient_color_info_only{background
04-25 01:27:43.778 E/GeckoConsole( 1499): [JavaScript Warning: "Error in parsing value for 'background'.  Declaration dropped." {file: "http://googleads.g.doubleclick.net/pagead/ads?client=ca-pub-1966553939542642&output=html&h=50&slotname=3558461567&adk=3787153083&w=320&ea=0&flash=0&url=http%3A%2F%2Fm.fruit.remvst.com%2F&dt=1398414456177&bpp=237&bdt=1355&shv=r20140422&cbv=r20140417&saldr=sa&correlator=1398414458293&frm=24&ga_vid=1164303780.1398414459&ga_sid=1398414459&ga_hid=2023412882&ga_fc=0&u_tz=-420&u_his=1&u_java=0&u_h=320&u_w=480&u_ah=320&u_aw=480&u_cd=16&u_nplug=0&u_nmime=0&dff=sans-serif&dfs=16&adx=-12245933&ady=-12245933&biw=-12245933&bih=-12245933&isw=320&ish=50&ifk=152299840&eid=317150304%2C42631003&oid=3&rx=0&eae=6&jp=2&vis=1&fu=0&ifi=1&dtd=2558" line: 1 column: 269 source: ".gradient{background:-webkit-gradient(linear,left top,left bottom,from(#f4f4f4),to(#a8a8a8));height:50px;left:0;position:absolute;top:0;width:320px;z-index:1;-webkit-background-clip:content-box;-webkit-background-origin:padding-box}.gradient_color_info_only{backgroun
04-25 01:27:43.898 I/Gonk    (   84): Setting nice for pid 1574 to 18
04-25 01:27:43.898 I/Gonk    (   84): Changed nice for pid 1574 from 18 to 18.
04-25 01:27:43.898 I/Gecko   (   84): [Parent 84] WARNING: waitpid failed pid:1574 errno:10: file ../../../gecko/ipc/chromium/src/base/process_util_posix.cc, line 254
04-25 01:27:43.938 I/Gonk    (   84): Setting nice for pid 1574 to 1
04-25 01:27:43.948 I/Gonk    (   84): Changed nice for pid 1574 from 18 to 1.
04-25 01:27:43.988 D/Sensors (   84): activate handle=0; drv=0
04-25 01:27:44.028 D/Sensors (   84): Lis3dhSensor: Control set 0
04-25 01:27:44.028 D/Sensors (   84): Lis3dhSensor: mEnabled = 0
04-25 01:27:44.688 I/InputReader(   84): Reconfiguring input devices.  changes=0x00000004
04-25 01:27:44.688 I/InputReader(   84): Device reconfigured: id=6, name='ms-msg21xx', size 320x480, orientation 0, mode 1, display id 0
04-25 01:27:44.758 W/WifiHW  (   84): wifi_command: SIGNAL_POLL
04-25 01:27:45.208 E/[Gralloc-ERROR](   84): int gralloc_register_buffer(const gralloc_module_t*, const native_handle_t*):79 Unable to register handle 0x43687060 coming from different process: 84
04-25 01:27:45.218 E/[Gralloc-ERROR](   84): int gralloc_register_buffer(const gralloc_module_t*, const native_handle_t*):79 Unable to register handle 0x43687ab0 coming from different process: 84
04-25 01:27:45.358 I/Gecko   (   84): 1398414465370	Marionette	INFO	sendToClient: {"from":"0","value":null}, {70445ed1-cf95-4f09-96ca-eab689573d6e}, {70445ed1-cf95-4f09-96ca-eab689573d6e}
04-25 01:27:45.418 E/[Gralloc-ERROR](   84): int gralloc_unregister_buffer(const gralloc_module_t*, const native_handle_t*):274 Trying to unregister buffer 0x46941150 from process 84 that was not created in current process: 84
04-25 01:27:45.498 E/[Gralloc-ERROR](   84): int gralloc_unregister_buffer(const gralloc_module_t*, const native_handle_t*):274 Trying to unregister buffer 0x469410b0 from process 84 that was not created in current process: 84
04-25 01:27:45.538 I/Gecko   (   84): 1398414465550	Marionette	DEBUG	Got request: switchToFrame, data: {"to":"0","sessionId":"3-b2g","name":"switchToFrame","parameters":{"id":null,"focus":true}}, id: {040f75b6-3a1d-4f70-898f-97fe523286ee}
04-25 01:27:45.578 I/Gecko   (   84): 1398414465594	Marionette	INFO	Switched to frame: {"frameValue":null}
04-25 01:27:45.688 I/Gecko   (   84): 1398414465701	Marionette	INFO	sendToClient: {"from":"0","ok":true}, {040f75b6-3a1d-4f70-898f-97fe523286ee}, {040f75b6-3a1d-4f70-898f-97fe523286ee}
04-25 01:27:45.698 I/Gecko   (   84): 1398414465707	Marionette	DEBUG	Got request: executeWithCallback, data: {"to":"0","sessionId":"3-b2g","name":"executeAsyncScript","parameters":{"specialPowers":false,"scriptTimeout":null,"newSandbox":true,"args":[],"filename":"gaia_test.py","script":"return GaiaApps.displayedApp();","line":66}}, id: {708ad6b8-0637-4dd3-9ae6-077a6da43ac7}
04-25 01:27:46.278 E/GeckoConsole(   84): Content JS LOG at dummy file:392 in GaiaApps.displayedApp: app with origin 'app://homescreen.gaiamobile.org' is displayed
04-25 01:27:46.288 I/Gecko   (   84): 1398414466299	Marionette	INFO	sendToClient: {"from":"0","value":{"frame":{"ELEMENT":"{bd810213-a9a0-4a67-b2dc-c3e9ccdd7797}"},"src":"app://homescreen.gaiamobile.org/index.html#root","name":"Homescreen","origin":"app://homescreen.gaiamobile.org"}}, {708ad6b8-0637-4dd3-9ae6-077a6da43ac7}, {708ad6b8-0637-4dd3-9ae6-077a6da43ac7}
04-25 01:27:46.428 E/Profiler(   84): BPUnw: [1 total] thread_unregister_for_profiling(me=0x64abc8)  (NOT REGISTERED) 
04-25 01:27:46.548 I/Gecko   (   84): 1398414466555	Marionette	DEBUG	Got request: switchToFrame, data: {"to":"0","sessionId":"3-b2g","name":"switchToFrame","parameters":{"id":null,"focus":true}}, id: {8cb0d371-ff52-4f23-80fa-8244bbe9e584}
04-25 01:27:46.548 I/Gecko   (   84): 1398414466560	Marionette	INFO	Switched to frame: {"frameValue":null}
04-25 01:27:46.648 I/Gecko   (   84): 1398414466663	Marionette	INFO	sendToClient: {"from":"0","ok":true}, {8cb0d371-ff52-4f23-80fa-8244bbe9e584}, {8cb0d371-ff52-4f23-80fa-8244bbe9e584}
04-25 01:27:46.658 I/Gecko   (   84): 1398414466669	Marionette	DEBUG	Got request: switchToFrame, data: {"to":"0","sessionId":"3-b2g","name":"switchToFrame","parameters":{"id":null,"focus":true}}, id: {2341f27e-3d4e-411b-b123-5f005cb28c53}
04-25 01:27:46.658 I/Gecko   (   84): 1398414466671	Marionette	INFO	Switched to frame: {"frameValue":null}
04-25 01:27:46.768 I/Gecko   (   84): 1398414466781	Marionette	INFO	sendToClient: {"from":"0","ok":true}, {2341f27e-3d4e-411b-b123-5f005cb28c53}, {2341f27e-3d4e-411b-b123-5f005cb28c53}
04-25 01:27:46.778 I/Gecko   (   84): 1398414466790	Marionette	DEBUG	Got request: executeWithCallback, data: {"to":"0","sessionId":"3-b2g","name":"executeAsyncScript","parameters":{"specialPowers":false,"scriptTimeout":null,"newSandbox":true,"args":[],"filename":"gaia_test.py","script":"return GaiaApps.displayedApp();","line":66}}, id: {e85a0486-77c7-491c-9ca7-859c2d1a896d}
04-25 01:27:46.998 I/Gonk    (   84): Setting nice for pid 1499 to 18
04-25 01:27:46.998 I/Gonk    (   84): Changed nice for pid 1499 from 1 to 18.
04-25 01:27:46.998 I/Gecko   (   84): 1398414467012	Marionette	INFO	sendToClient: {"from":"0","value":{"frame":{"ELEMENT":"{bd810213-a9a0-4a67-b2dc-c3e9ccdd7797}"},"src":"app://homescreen.gaiamobile.org/index.html#root","name":"Homescreen","origin":"app://homescreen.gaiamobile.org"}}, {e85a0486-77c7-491c-9ca7-859c2d1a896d}, {e85a0486-77c7-491c-9ca7-859c2d1a896d}
04-25 01:27:47.008 E/GeckoConsole(   84): Content JS LOG at dummy file:392 in GaiaApps.displayedApp: app with origin 'app://homescreen.gaiamobile.org' is displayed
04-25 01:27:47.008 I/Gecko   (   84): 1398414467023	Marionette	DEBUG	Got request: switchToFrame, data: {"to":"0","sessionId":"3-b2g","name":"switchToFrame","parameters":{"focus":true,"element":"{bd810213-a9a0-4a67-b2dc-c3e9ccdd7797}"}}, id: {42755e80-d42f-4100-92f0-f56dbe12f4c9}
04-25 01:27:47.018 I/Gecko   (   84): 1398414467032	Marionette	INFO	Switched to frame: {"frameValue":"{bd810213-a9a0-4a67-b2dc-c3e9ccdd7797}"}
04-25 01:27:47.088 I/Gecko   (   84): 1398414467102	Marionette	INFO	trying remote frame 0
04-25 01:27:47.108 I/Gecko   (   84): 1398414467119	Marionette	INFO	trying remote frame 1
04-25 01:27:47.108 I/Gecko   (   84): 1398414467120	Marionette	INFO	deleting frame
04-25 01:27:47.118 I/Gecko   (   84): 1398414467130	Marionette	INFO	frame-manager load script: [object ChromeMessageSender]
04-25 01:27:47.728 I/Gecko   ( 1574): ###################################### forms.js loaded
04-25 01:27:47.768 I/Gecko   ( 1574): ############################### browserElementPanning.js loaded
04-25 01:27:47.788 I/Gecko   ( 1574): ######################## BrowserElementChildPreload.js loaded
04-25 01:27:48.448 I/log     ( 1587): <4>0[ 447.925909] select 1499 (Fruit Killer), adj 10, size 8486, to kill 
04-25 01:27:48.858 I/Gecko   (   84): 
04-25 01:27:48.858 I/Gecko   (   84): ###!!! [Parent][MessageChannel] Error: Channel error: cannot send/recv
04-25 01:27:48.858 I/Gecko   (   84): 
04-25 01:27:49.068 I/Gecko   (   84): [Parent 84] WARNING: waitpid failed pid:1499 errno:10: file ../../../gecko/ipc/chromium/src/base/process_util_posix.cc, line 254
04-25 01:27:49.218 I/Gonk    (   84): Setting nice for pid 1591 to 18
04-25 01:27:49.218 I/Gonk    (   84): Changed nice for pid 1591 from 0 to 18.
04-25 01:27:49.798 W/WifiHW  (   84): wifi_command: SIGNAL_POLL
04-25 01:27:49.828 I/Gecko   (   84): 1398414469843	Marionette	INFO	sendToClient: {"from":"0","ok":true}, {42755e80-d42f-4100-92f0-f56dbe12f4c9}, {42755e80-d42f-4100-92f0-f56dbe12f4c9}
04-25 01:27:49.888 E/Profiler(   84): BPUnw: [1 total] thread_unregister_for_profiling(me=0x64a670)  (NOT REGISTERED) 
04-25 01:27:50.298 I/Gecko   (   84): 1398414470307	Marionette	INFO	sendToClient: {"from":"0","value":"app://homescreen.gaiamobile.org/index.html#root"}, {abd3a9f8-1271-423c-900e-6135c234bcba}, {abd3a9f8-1271-423c-900e-6135c234bcba}
04-25 01:27:50.298 I/Gecko   (   84): 1398414470314	Marionette	DEBUG	Got request: switchToFrame, data: {"to":"0","sessionId":"3-b2g","name":"switchToFrame","parameters":{"id":null,"focus":true}}, id: {3cfaab20-c860-4f55-85b9-a90afd026ba0}
04-25 01:27:50.328 I/Gecko   (   84): 1398414470341	Marionette	INFO	Switched to frame: {"frameValue":null}
04-25 01:27:50.368 E/Profiler(   84): BPUnw: [1 total] thread_unregister_for_profiling(me=0x63c688)  (NOT REGISTERED) 
04-25 01:27:50.458 I/Gecko   (   84): 1398414470465	Marionette	INFO	sendToClient: {"from":"0","ok":true}, {3cfaab20-c860-4f55-85b9-a90afd026ba0}, {3cfaab20-c860-4f55-85b9-a90afd026ba0}
04-25 01:27:50.458 I/Gecko   (   84): 1398414470471	Marionette	DEBUG	Got request: switchToFrame, data: {"to":"0","sessionId":"3-b2g","name":"switchToFrame","parameters":{"id":null,"focus":true}}, id: {4985a955-b225-4c1c-aa6c-ab9f9965f02e}
04-25 01:27:50.468 I/Gecko   (   84): 1398414470476	Marionette	INFO	Switched to frame: {"frameValue":null}
04-25 01:27:50.578 I/Gecko   (   84): 1398414470587	Marionette	INFO	sendToClient: {"from":"0","ok":true}, {4985a955-b225-4c1c-aa6c-ab9f9965f02e}, {4985a955-b225-4c1c-aa6c-ab9f9965f02e}
04-25 01:27:50.578 I/Gecko   (   84): 1398414470594	Marionette	DEBUG	Got request: executeWithCallback, data: {"to":"0","sessionId":"3-b2g","name":"executeAsyncScript","parameters":{"specialPowers":false,"scriptTimeout":null,"newSandbox":true,"args":[],"filename":"gaia_test.py","script":"GaiaApps.killAll()","line":91}}, id: {6e38fc87-9c58-4669-9732-6d339e57be37}
04-25 01:27:50.788 I/Gecko   (   84): 1398414470802	Marionette	INFO	sendToClient: {"from":"0","value":true}, {6e38fc87-9c58-4669-9732-6d339e57be37}, {6e38fc87-9c58-4669-9732-6d339e57be37}
04-25 01:27:50.808 I/Gecko   (   84): 1398414470820	Marionette	DEBUG	Got request: switchToFrame, data: {"to":"0","sessionId":"3-b2g","name":"switchToFrame","parameters":{"id":null,"focus":true}}, id: {374eb2eb-05ea-444f-9af6-77acb27b12d8}
04-25 01:27:50.808 I/Gecko   (   84): 1398414470822	Marionette	INFO	Switched to frame: {"frameValue":null}
04-25 01:27:50.918 I/Gecko   (   84): 1398414470928	Marionette	INFO	sendToClient: {"from":"0","ok":true}, {374eb2eb-05ea-444f-9af6-77acb27b12d8}, {374eb2eb-05ea-444f-9af6-77acb27b12d8}
04-25 01:27:50.928 I/Gecko   (   84): 1398414470938	Marionette	DEBUG	Got request: executeWithCallback, data: {"to":"0","sessionId":"3-b2g","name":"executeAsyncScript","parameters":{"specialPowers":false,"scriptTimeout":60000,"newSandbox":true,"args":[],"filename":"app_checker.py","script":"\n        GaiaApps.locateWithManifestURL('http://m.fruit.remvst.com/manifest.json',\n                                       null,\n                                       function uninstall(app) {\n                                       navigator.mozApps.mgmt.uninstall(app);\n                                       marionetteScriptFinished(true);\n                                       });\n        ","line":129}}, id: {a4b4ed41-d727-45b9-bae1-231c4155db44}
04-25 01:27:51.028 I/Gecko   (   84): -- webapps.js uninstall http://m.fruit.remvst.com/manifest.json
04-25 01:27:51.068 I/Gecko   (   84): [Parent 84] WARNING: waitpid failed pid:1499 errno:10: file ../../../gecko/ipc/chromium/src/base/process_util_posix.cc, line 254
04-25 01:27:51.068 I/Gecko   (   84): [Parent 84] WARNING: Failed to deliver SIGKILL to 1499!(3).: file ../../../gecko/ipc/chromium/src/chrome/common/process_watcher_posix_sigchld.cc, line 118
04-25 01:27:51.558 I/Gecko   (   84): 1398414471565	Marionette	INFO	sendToClient: {"from":"0","value":true}, {a4b4ed41-d727-45b9-bae1-231c4155db44}, {a4b4ed41-d727-45b9-bae1-231c4155db44}