--------- beginning of /dev/log/main
04-25 12:18:29.739 E/Profiler(   84): BPUnw: [1 total] thread_unregister_for_profiling(me=0x658e88)  (NOT REGISTERED) 
04-25 12:18:29.749 E/Profiler(   84): BPUnw: [1 total] thread_unregister_for_profiling(me=0x66bb18)  (NOT REGISTERED) 
04-25 12:18:29.919 I/Gecko   (   84): 1398453509931	Marionette	INFO	sendToClient: {"from":"0","ok":true}, {81d8081b-5684-43ed-8ae9-c0b9df2211d2}, {81d8081b-5684-43ed-8ae9-c0b9df2211d2}
04-25 12:18:29.919 V/AudioPolicyManagerBase(   89): startOutput() output 1, stream 1, session 8
04-25 12:18:29.919 V/AudioPolicyManagerBase(   89): changeRefCount() stream 1, count 1
04-25 12:18:29.919 V/AudioPolicyManagerBase(   89): getDeviceForStrategy() from cache strategy 0, device 2
04-25 12:18:29.919 V/AudioPolicyManagerBase(   89): getNewDevice() selected device 2
04-25 12:18:29.919 D/AudioPolicyManagerBase(   89): setOutputDevice() output 1 device 2 delayMs 0
04-25 12:18:29.919 V/AudioPolicyManagerBase(   89): setOutputDevice() setting same device 2 or null device for output 1
04-25 12:18:29.919 E/AudioPolicyManagerBase(   89): checkAndSetVolume stream=1, index=0, output=1, device=2
04-25 12:18:29.919 E/AudioPolicyManagerBase(   89): computeVolume, streamDesc=0x10aabb8
04-25 12:18:29.969 I/Gecko   (   84): 1398453509984	Marionette	DEBUG	Got request: switchToFrame, data: {"to":"0","sessionId":"3-b2g","name":"switchToFrame","parameters":{"id":null,"focus":true}}, id: {c3fd5a1b-81a6-4fc9-9407-fc0b7177b940}
04-25 12:18:29.989 I/Gecko   (   84): 1398453510002	Marionette	INFO	Switched to frame: {"frameValue":null}
04-25 12:18:30.029 W/AudioFlinger(   89): Thread AudioOut_1 cannot connect to the power manager service
04-25 12:18:30.029 V/AudioPolicyManagerBase(   89): stopOutput() output 1, stream 1, session 8
04-25 12:18:30.029 V/AudioPolicyManagerBase(   89): changeRefCount() stream 1, count 0
04-25 12:18:30.029 V/AudioPolicyManagerBase(   89): getNewDevice() selected device 0
04-25 12:18:30.029 D/AudioPolicyManagerBase(   89): setOutputDevice() output 1 device 0 delayMs 290
04-25 12:18:30.029 V/AudioPolicyManagerBase(   89): setOutputDevice() setting same device 0 or null device for output 1
04-25 12:18:30.039 V/AudioPolicyManagerBase(   89): startOutput() output 1, stream 1, session 8
04-25 12:18:30.039 V/AudioPolicyManagerBase(   89): changeRefCount() stream 1, count 1
04-25 12:18:30.039 V/AudioPolicyManagerBase(   89): getDeviceForStrategy() from cache strategy 0, device 2
04-25 12:18:30.039 V/AudioPolicyManagerBase(   89): getNewDevice() selected device 2
04-25 12:18:30.039 D/AudioPolicyManagerBase(   89): setOutputDevice() output 1 device 2 delayMs 0
04-25 12:18:30.039 V/AudioPolicyManagerBase(   89): setOutputDevice() setting same device 2 or null device for output 1
04-25 12:18:30.039 E/AudioPolicyManagerBase(   89): checkAndSetVolume stream=1, index=0, output=1, device=2
04-25 12:18:30.039 E/AudioPolicyManagerBase(   89): computeVolume, streamDesc=0x10aabb8
04-25 12:18:30.039 V/AudioPolicyManagerBase(   89): stopOutput() output 1, stream 1, session 8
04-25 12:18:30.039 V/AudioPolicyManagerBase(   89): changeRefCount() stream 1, count 0
04-25 12:18:30.039 V/AudioPolicyManagerBase(   89): getNewDevice() selected device 0
04-25 12:18:30.039 D/AudioPolicyManagerBase(   89): setOutputDevice() output 1 device 0 delayMs 290
04-25 12:18:30.039 V/AudioPolicyManagerBase(   89): setOutputDevice() setting same device 0 or null device for output 1
04-25 12:18:30.059 V/AudioPolicyManagerBase(   89): releaseOutput() 1
04-25 12:18:30.239 E/Profiler(   84): BPUnw: [1 total] thread_unregister_for_profiling(me=0x66c7e0)  (NOT REGISTERED) 
04-25 12:18:30.269 E/Profiler(   84): BPUnw: [1 total] thread_unregister_for_profiling(me=0x6581c8)  (NOT REGISTERED) 
04-25 12:18:30.419 I/Gecko   (   84): 1398453510430	Marionette	INFO	sendToClient: {"from":"0","ok":true}, {c3fd5a1b-81a6-4fc9-9407-fc0b7177b940}, {c3fd5a1b-81a6-4fc9-9407-fc0b7177b940}
04-25 12:18:30.809 I/Gecko   (   84): 1398453510828	Marionette	DEBUG	Got request: executeWithCallback, data: {"to":"0","sessionId":"3-b2g","name":"executeAsyncScript","parameters":{"specialPowers":false,"scriptTimeout":null,"newSandbox":true,"args":[],"filename":"gaia_test.py","script":"return GaiaApps.displayedApp();","line":66}}, id: {c3229c24-84bf-4e57-9298-4bd8c9d3ad0b}
04-25 12:18:30.879 I/Gecko   (   84): 1398453510897	Marionette	INFO	sendToClient: {"from":"0","value":{"frame":{"ELEMENT":"{28de3384-303f-4c39-a08e-93183597efb1}"},"src":"app://homescreen.gaiamobile.org/index.html#root","name":"Homescreen","origin":"app://homescreen.gaiamobile.org"}}, {c3229c24-84bf-4e57-9298-4bd8c9d3ad0b}, {c3229c24-84bf-4e57-9298-4bd8c9d3ad0b}
04-25 12:18:30.889 E/GeckoConsole(   84): Content JS LOG at dummy file:392 in GaiaApps.displayedApp: app with origin 'app://homescreen.gaiamobile.org' is displayed
04-25 12:18:30.919 I/Gecko   (   84): 1398453510937	Marionette	DEBUG	Got request: switchToFrame, data: {"to":"0","sessionId":"3-b2g","name":"switchToFrame","parameters":{"id":null,"focus":true}}, id: {b85e2f4d-43ae-4b34-a261-54a394c4a51e}
04-25 12:18:30.929 I/Gecko   (   84): 1398453510941	Marionette	INFO	Switched to frame: {"frameValue":null}
04-25 12:18:31.029 I/Gecko   (   84): 1398453511044	Marionette	INFO	sendToClient: {"from":"0","ok":true}, {b85e2f4d-43ae-4b34-a261-54a394c4a51e}, {b85e2f4d-43ae-4b34-a261-54a394c4a51e}
04-25 12:18:31.039 I/Gecko   (   84): 1398453511050	Marionette	DEBUG	Got request: switchToFrame, data: {"to":"0","sessionId":"3-b2g","name":"switchToFrame","parameters":{"id":null,"focus":true}}, id: {a864b1e4-21db-40d4-8783-c0d2c72458cb}
04-25 12:18:31.039 I/Gecko   (   84): 1398453511057	Marionette	INFO	Switched to frame: {"frameValue":null}
04-25 12:18:31.149 I/Gecko   (   84): 1398453511166	Marionette	INFO	sendToClient: {"from":"0","ok":true}, {a864b1e4-21db-40d4-8783-c0d2c72458cb}, {a864b1e4-21db-40d4-8783-c0d2c72458cb}
04-25 12:18:31.159 I/Gecko   (   84): 1398453511174	Marionette	DEBUG	Got request: executeWithCallback, data: {"to":"0","sessionId":"3-b2g","name":"executeAsyncScript","parameters":{"specialPowers":false,"scriptTimeout":null,"newSandbox":true,"args":[],"filename":"gaia_test.py","script":"return GaiaApps.displayedApp();","line":66}}, id: {70d9a915-7dee-4abc-859f-5a3387664048}
04-25 12:18:31.249 I/Gecko   (   84): 1398453511264	Marionette	INFO	sendToClient: {"from":"0","value":{"frame":{"ELEMENT":"{28de3384-303f-4c39-a08e-93183597efb1}"},"src":"app://homescreen.gaiamobile.org/index.html#root","name":"Homescreen","origin":"app://homescreen.gaiamobile.org"}}, {70d9a915-7dee-4abc-859f-5a3387664048}, {70d9a915-7dee-4abc-859f-5a3387664048}
04-25 12:18:31.249 E/GeckoConsole(   84): Content JS LOG at dummy file:392 in GaiaApps.displayedApp: app with origin 'app://homescreen.gaiamobile.org' is displayed
04-25 12:18:31.279 I/Gecko   (   84): 1398453511290	Marionette	DEBUG	Got request: switchToFrame, data: {"to":"0","sessionId":"3-b2g","name":"switchToFrame","parameters":{"focus":true,"element":"{28de3384-303f-4c39-a08e-93183597efb1}"}}, id: {f10cb72e-8e1c-42c0-b6be-3454d3e5f5c5}
04-25 12:18:31.299 I/Gecko   (   84): 1398453511310	Marionette	INFO	Switched to frame: {"frameValue":"{28de3384-303f-4c39-a08e-93183597efb1}"}
04-25 12:18:31.299 I/Gecko   (   84): 1398453511313	Marionette	INFO	trying remote frame 0
04-25 12:18:31.319 I/Gecko   (   84): 1398453511329	Marionette	INFO	trying remote frame 1
04-25 12:18:31.319 I/Gecko   (   84): 1398453511330	Marionette	INFO	trying remote frame 2
04-25 12:18:31.319 I/Gecko   (   84): 1398453511331	Marionette	INFO	trying remote frame 3
04-25 12:18:31.319 I/Gecko   (   84): 1398453511334	Marionette	INFO	trying remote frame 4
04-25 12:18:31.339 I/Gecko   (   84): 1398453511356	Marionette	INFO	deleting frame
04-25 12:18:31.349 I/Gecko   (   84): 1398453511365	Marionette	INFO	frame-manager load script: [object ChromeMessageSender]
04-25 12:18:31.459 E/GeckoConsole( 2449): Content JS ERROR at app://homescreen.gaiamobile.org/gaia_build_defer_index.js:390 in loadSVConfFileError: Failed parsing singleVariant configuration file [js/singlevariantconf.json]:  [Exception... "File error: Not found"  nsresult: "0x80520012 (NS_ERROR_FILE_NOT_FOUND)"  location: "JS frame :: app://homescreen.gaiamobile.org/gaia_build_defer_index.js :: loadFile :: line 382"  data: no]
04-25 12:18:31.859 I/Gecko   (   84): 1398453511873	Marionette	INFO	sendToClient: {"from":"0","ok":true}, {f10cb72e-8e1c-42c0-b6be-3454d3e5f5c5}, {f10cb72e-8e1c-42c0-b6be-3454d3e5f5c5}
04-25 12:18:31.979 I/Gecko   (   84): 1398453511995	Marionette	INFO	sendToClient: {"from":"0","value":{"ELEMENT":"{1da5f12a-0a7e-4c50-a49b-0a0055e7685b}"}}, {0cbc725d-9768-429f-a955-2819f4f53273}, {0cbc725d-9768-429f-a955-2819f4f53273}
04-25 12:18:32.129 E/GeckoConsole( 2449): [JavaScript Warning: "Use of getAttributeNode() is deprecated. Use getAttribute() instead." {file: "chrome://marionette/content/atoms.js" line: 25}]
04-25 12:18:32.129 E/GeckoConsole( 2449): [JavaScript Warning: "Use of attributes' specified attribute is deprecated. It always returns true." {file: "chrome://marionette/content/atoms.js" line: 25}]
04-25 12:18:32.129 I/Gecko   (   84): 1398453512148	Marionette	INFO	sendToClient: {"from":"0","value":"normal"}, {e71d9d73-fa86-47f3-9895-fca3d6152d89}, {e71d9d73-fa86-47f3-9895-fca3d6152d89}
04-25 12:18:32.179 I/Gecko   (   84): 1398453512191	Marionette	DEBUG	Got request: switchToFrame, data: {"to":"0","sessionId":"3-b2g","name":"switchToFrame","parameters":{"id":null,"focus":true}}, id: {06e37d5c-db33-4518-87f4-01bf970dd555}
04-25 12:18:32.219 I/Gecko   (   84): 1398453512232	Marionette	INFO	Switched to frame: {"frameValue":null}
04-25 12:18:32.419 I/Gecko   (   84): 1398453512432	Marionette	INFO	sendToClient: {"from":"0","ok":true}, {06e37d5c-db33-4518-87f4-01bf970dd555}, {06e37d5c-db33-4518-87f4-01bf970dd555}
04-25 12:18:32.479 I/Gecko   (   84): 1398453512493	Marionette	DEBUG	Got request: execute, data: {"to":"0","sessionId":"3-b2g","name":"executeScript","parameters":{"specialPowers":false,"scriptTimeout":null,"newSandbox":true,"args":[],"filename":"gaia_test.py","script":"window.wrappedJSObject.dispatchEvent(new Event('home'));","line":788}}, id: {cada8fc8-84a7-4a39-9553-1a15a3869ab8}
04-25 12:18:32.589 I/Gecko   (   84): 1398453512605	Marionette	INFO	sendToClient: {"from":"0","value":null}, {cada8fc8-84a7-4a39-9553-1a15a3869ab8}, {cada8fc8-84a7-4a39-9553-1a15a3869ab8}
04-25 12:18:32.599 I/Gecko   (   84): 1398453512613	Marionette	DEBUG	Got request: switchToFrame, data: {"to":"0","sessionId":"3-b2g","name":"switchToFrame","parameters":{"id":null,"focus":true}}, id: {9edd123a-0103-478e-af66-deb1279bb9f3}
04-25 12:18:32.609 I/Gecko   (   84): 1398453512621	Marionette	INFO	Switched to frame: {"frameValue":null}
04-25 12:18:32.709 I/Gecko   (   84): 1398453512723	Marionette	INFO	sendToClient: {"from":"0","ok":true}, {9edd123a-0103-478e-af66-deb1279bb9f3}, {9edd123a-0103-478e-af66-deb1279bb9f3}
04-25 12:18:32.719 I/Gecko   (   84): 1398453512729	Marionette	DEBUG	Got request: switchToFrame, data: {"to":"0","sessionId":"3-b2g","name":"switchToFrame","parameters":{"id":null,"focus":true}}, id: {e90381b6-a06f-4c36-84f0-86f42a9af802}
04-25 12:18:32.719 I/Gecko   (   84): 1398453512731	Marionette	INFO	Switched to frame: {"frameValue":null}
04-25 12:18:32.819 I/Gecko   (   84): 1398453512833	Marionette	INFO	sendToClient: {"from":"0","ok":true}, {e90381b6-a06f-4c36-84f0-86f42a9af802}, {e90381b6-a06f-4c36-84f0-86f42a9af802}
04-25 12:18:32.829 I/Gecko   (   84): 1398453512839	Marionette	DEBUG	Got request: executeWithCallback, data: {"to":"0","sessionId":"3-b2g","name":"executeAsyncScript","parameters":{"specialPowers":false,"scriptTimeout":null,"newSandbox":true,"args":[],"filename":"gaia_test.py","script":"return GaiaApps.displayedApp();","line":66}}, id: {ff75bfba-b976-44d1-a233-0ff8a9d709ef}
04-25 12:18:32.889 I/Gecko   (   84): 1398453512900	Marionette	INFO	sendToClient: {"from":"0","value":{"frame":{"ELEMENT":"{28de3384-303f-4c39-a08e-93183597efb1}"},"src":"app://homescreen.gaiamobile.org/index.html#rootFri%20Apr%2025%202014%2012:18:32%20GMT-0700%20(UTC)","name":"Homescreen","origin":"app://homescreen.gaiamobile.org"}}, {ff75bfba-b976-44d1-a233-0ff8a9d709ef}, {ff75bfba-b976-44d1-a233-0ff8a9d709ef}
04-25 12:18:32.889 E/GeckoConsole(   84): Content JS LOG at dummy file:392 in GaiaApps.displayedApp: app with origin 'app://homescreen.gaiamobile.org' is displayed
04-25 12:18:32.899 I/Gecko   (   84): 1398453512912	Marionette	DEBUG	Got request: switchToFrame, data: {"to":"0","sessionId":"3-b2g","name":"switchToFrame","parameters":{"focus":true,"element":"{28de3384-303f-4c39-a08e-93183597efb1}"}}, id: {136fbbaf-3ae7-482b-8c89-abb9f8a54d89}
04-25 12:18:32.909 I/Gecko   (   84): 1398453512921	Marionette	INFO	Switched to frame: {"frameValue":"{28de3384-303f-4c39-a08e-93183597efb1}"}
04-25 12:18:32.909 I/Gecko   (   84): 1398453512927	Marionette	INFO	trying remote frame 0
04-25 12:18:32.909 I/Gecko   (   84): 1398453512928	Marionette	INFO	trying remote frame 1
04-25 12:18:32.919 I/Gecko   (   84): 1398453512929	Marionette	INFO	trying remote frame 2
04-25 12:18:32.919 I/Gecko   (   84): 1398453512936	Marionette	INFO	trying remote frame 3
04-25 12:18:32.919 I/Gecko   (   84): 1398453512937	Marionette	INFO	trying remote frame 4
04-25 12:18:33.059 I/Gecko   (   84): 1398453513071	Marionette	INFO	sendToClient: {"from":"0","ok":true}, {136fbbaf-3ae7-482b-8c89-abb9f8a54d89}, {136fbbaf-3ae7-482b-8c89-abb9f8a54d89}
04-25 12:18:33.059 I/Gecko   (   84): 1398453513077	Marionette	DEBUG	Got request: execute, data: {"to":"0","sessionId":"3-b2g","name":"executeScript","parameters":{"specialPowers":false,"scriptTimeout":null,"newSandbox":true,"args":[],"filename":"gaia_test.py","script":"return window.wrappedJSObject.GridManager.pageHelper.getCurrentPageNumber();","line":784}}, id: {baeb7b81-da2c-47a1-b39d-14664f2e5af6}
04-25 12:18:33.779 W/WifiHW  (   84): wifi_command: SIGNAL_POLL
04-25 12:18:33.799 I/Gecko   (   84): 1398453513810	Marionette	INFO	sendToClient: {"from":"0","value":0}, {baeb7b81-da2c-47a1-b39d-14664f2e5af6}, {baeb7b81-da2c-47a1-b39d-14664f2e5af6}
04-25 12:18:34.239 I/Gecko   (   84): 1398453514255	Marionette	INFO	sendToClient: {"from":"0","value":["{6fba1aac-0892-4e49-8e8f-c86e96441280}","{9c966531-3c2b-4f97-9512-0b971d2fca0a}","{7a94599c-5271-42e3-9eb2-afd26da622da}","{f6601e6b-7c1a-4c6b-8079-0e1975a507f8}","{cb8e7427-4d40-4b6d-9599-805bbd2d48eb}","{878b78ae-b778-438c-808c-b15985c67b10}","{0e098c2d-dc8e-4833-ba68-3e6db8c82231}","{5f57b572-555e-418a-af80-de77a5c44aae}","{390cdb3c-5996-419b-9500-05e2e0adfa3d}","{0b9a653b-f2d4-4bed-b772-2420fa742c76}","{c2f5932e-5c5f-4ec4-baee-47eec5970b20}","{61a997de-3b98-4aaf-b618-99066b486408}","{69b23eba-891a-4521-8315-ca82582c06d6}","{f9516309-3051-4310-ba2d-ac641e6d1bb6}","{9ed9f51c-1bea-41b0-9493-85e5bc3b50ce}","{f168db3c-115e-496a-9642-e3495c34125d}","{63bb40ff-3717-4b62-8963-6fb7afd83cc7}","{6119f1a8-9e3e-4fdd-b344-16377f7cfe95}","{af18a3ba-32af-41ba-bb0c-4faaca3bf891}","{765449d4-fc2f-42b3-9622-0d30eab41557}","{2ccff418-b17b-4047-b916-4e6c08d8318f}","{47d0a2eb-78c5-48ca-b8fb-a99f459fec26}","{a615ab97-c1ba-4c1e-ae9c-47a044e0ac04}","{f333b14c-a6e0
04-25 12:18:34.689 I/Gecko   (   84): 1398453514702	Marionette	INFO	sendToClient: {"from":"0","value":"app://homescreen.gaiamobile.org/index.html#rootFri%20Apr%2025%202014%2012:18:32%20GMT-0700%20(UTC)"}, {7a373420-1fd4-4893-9278-bc1f623c9a7f}, {7a373420-1fd4-4893-9278-bc1f623c9a7f}
04-25 12:18:34.699 I/Gecko   (   84): 1398453514710	Marionette	DEBUG	Got request: switchToFrame, data: {"to":"0","sessionId":"3-b2g","name":"switchToFrame","parameters":{"id":null,"focus":true}}, id: {f6b3b51c-5742-4175-a5b8-4be5283c21d1}
04-25 12:18:34.729 I/Gecko   (   84): 1398453514739	Marionette	INFO	Switched to frame: {"frameValue":null}
04-25 12:18:34.829 I/Gecko   (   84): 1398453514843	Marionette	INFO	sendToClient: {"from":"0","ok":true}, {f6b3b51c-5742-4175-a5b8-4be5283c21d1}, {f6b3b51c-5742-4175-a5b8-4be5283c21d1}
04-25 12:18:34.829 I/Gecko   (   84): 1398453514848	Marionette	DEBUG	Got request: switchToFrame, data: {"to":"0","sessionId":"3-b2g","name":"switchToFrame","parameters":{"id":null,"focus":true}}, id: {9e64e4f4-d3f1-4958-8544-529539e43f50}
04-25 12:18:34.839 I/Gecko   (   84): 1398453514850	Marionette	INFO	Switched to frame: {"frameValue":null}
04-25 12:18:34.959 I/Gecko   (   84): 1398453514977	Marionette	INFO	sendToClient: {"from":"0","ok":true}, {9e64e4f4-d3f1-4958-8544-529539e43f50}, {9e64e4f4-d3f1-4958-8544-529539e43f50}
04-25 12:18:34.979 I/Gecko   (   84): 1398453514994	Marionette	DEBUG	Got request: executeWithCallback, data: {"to":"0","sessionId":"3-b2g","name":"executeAsyncScript","parameters":{"specialPowers":false,"scriptTimeout":30000,"newSandbox":true,"args":[],"filename":"app_checker.py","script":"GaiaApps.launchWithManifestURL('https://marketplace.firefox.com/app/5b19135d-71d7-44d8-8319-7f444e2036fe/manifest.webapp')","line":106}}, id: {aab03974-d49d-42f9-a723-d72ab93762cd}
04-25 12:18:35.289 E/GeckoConsole(   84): Content JS LOG at dummy file:334 in GaiaApps.launch: launching app with name 'futomi gyro'
04-25 12:18:35.529 I/Gonk    (   84): Setting nice for pid 2464 to 18
04-25 12:18:35.539 I/Gonk    (   84): Changed nice for pid 2464 from 18 to 18.
04-25 12:18:35.539 I/Gecko   (   84): [Parent 84] WARNING: waitpid failed pid:2464 errno:10: file ../../../gecko/ipc/chromium/src/base/process_util_posix.cc, line 254
04-25 12:18:35.579 I/Gonk    (   84): Setting nice for pid 2464 to 1
04-25 12:18:35.579 I/Gonk    (   84): Changed nice for pid 2464 from 18 to 1.
04-25 12:18:36.049 D/Sensors (   84): activate handle=0; drv=0
04-25 12:18:36.079 D/Sensors (   84): Lis3dhSensor: Control set 1
04-25 12:18:36.079 D/Sensors (   84): Lis3dhSensor: mEnabled = 1
04-25 12:18:36.269 E/[Gralloc-ERROR](   84): int gralloc_register_buffer(const gralloc_module_t*, const native_handle_t*):79 Unable to register handle 0x460aee20 coming from different process: 84
04-25 12:18:36.289 E/[Gralloc-ERROR](   84): int gralloc_register_buffer(const gralloc_module_t*, const native_handle_t*):79 Unable to register handle 0x460ca150 coming from different process: 84
04-25 12:18:36.359 E/[Gralloc-ERROR](   84): int gralloc_register_buffer(const gralloc_module_t*, const native_handle_t*):79 Unable to register handle 0x460ca4c0 coming from different process: 84
04-25 12:18:36.359 E/[Gralloc-ERROR](   84): int gralloc_register_buffer(const gralloc_module_t*, const native_handle_t*):79 Unable to register handle 0x460ca600 coming from different process: 84
04-25 12:18:36.669 I/Gonk    (   84): Setting nice for pid 2449 to 18
04-25 12:18:36.679 I/Gonk    (   84): Changed nice for pid 2449 from 1 to 18.
04-25 12:18:38.049 I/Gecko   (   84): [Parent 84] WARNING: pipe error (135): Connection reset by peer: file ../../../gecko/ipc/chromium/src/chrome/common/ipc_channel_posix.cc, line 446
04-25 12:18:38.049 I/Gecko   (   84): 
04-25 12:18:38.049 I/Gecko   (   84): ###!!! [Parent][MessageChannel] Error: Channel error: cannot send/recv
04-25 12:18:38.049 I/Gecko   (   84): 
04-25 12:18:38.119 I/Gecko   (   84): [Parent 84] WARNING: waitpid failed pid:2449 errno:10: file ../../../gecko/ipc/chromium/src/base/process_util_posix.cc, line 254
04-25 12:18:38.129 I/Gecko   (   84): [Parent 84] WARNING: pipe error (141): Connection reset by peer: file ../../../gecko/ipc/chromium/src/chrome/common/ipc_channel_posix.cc, line 446
04-25 12:18:38.199 I/Gecko   ( 2464): ###################################### forms.js loaded
04-25 12:18:38.219 I/Gecko   ( 2464): ############################### browserElementPanning.js loaded
04-25 12:18:38.239 I/Gecko   ( 2464): ######################## BrowserElementChildPreload.js loaded
04-25 12:18:38.819 W/WifiHW  (   84): wifi_command: SIGNAL_POLL
04-25 12:18:39.889 I/Gecko   ( 2464): Attempting load of libEGL.so
04-25 12:18:39.969 D/libEGL  ( 2464): loaded /system/lib/egl/libEGL_mali.so
04-25 12:18:39.989 D/libEGL  ( 2464): loaded /system/lib/egl/libGLESv1_CM_mali.so
04-25 12:18:39.989 D/libEGL  ( 2464): loaded /system/lib/egl/libGLESv2_mali.so
04-25 12:18:40.019 I/Gecko   ( 2464): SharedSurface_Gralloc::Create -------
04-25 12:18:40.029 I/Gecko   ( 2464): SharedSurface_Gralloc::Create: success -- surface 0x4353a040, GraphicBuffer 0x43538200.
04-25 12:18:40.049 I/Gecko   ( 2464): SharedSurface_Gralloc::Create -------
04-25 12:18:40.059 I/Gecko   ( 2464): SharedSurface_Gralloc::Create: success -- surface 0x4353a680, GraphicBuffer 0x43538c80.
04-25 12:18:40.119 I/Gecko   (   84): [Parent 84] WARNING: waitpid failed pid:2449 errno:10: file ../../../gecko/ipc/chromium/src/base/process_util_posix.cc, line 254
04-25 12:18:40.119 I/Gecko   (   84): [Parent 84] WARNING: Failed to deliver SIGKILL to 2449!(3).: file ../../../gecko/ipc/chromium/src/chrome/common/process_watcher_posix_sigchld.cc, line 118
04-25 12:18:40.349 I/Gecko   ( 2464): [SharedSurface_Gralloc 0x4353a040] destroyed
04-25 12:18:40.359 I/Gecko   ( 2464): SharedSurface_Gralloc::Create -------
04-25 12:18:40.369 I/Gecko   ( 2464): SharedSurface_Gralloc::Create: success -- surface 0x436ffd80, GraphicBuffer 0x43538680.
04-25 12:18:40.669 I/Gecko   ( 2464): [SharedSurface_Gralloc 0x4353a680] destroyed
04-25 12:18:40.729 I/Gecko   ( 2464): SharedSurface_Gralloc::Create -------
04-25 12:18:40.739 I/Gecko   ( 2464): SharedSurface_Gralloc::Create: success -- surface 0x4353a680, GraphicBuffer 0x43538c80.
04-25 12:18:40.829 I/Gonk    (   84): Setting nice for pid 2533 to 18
04-25 12:18:40.829 I/Gonk    (   84): Changed nice for pid 2533 from 0 to 18.
04-25 12:18:41.299 I/Gonk    (   84): Setting nice for pid 2533 to 18
04-25 12:18:41.299 I/Gonk    (   84): Changed nice for pid 2533 from 18 to 18.
04-25 12:18:41.299 I/Gecko   (   84): [Parent 84] WARNING: waitpid failed pid:2533 errno:10: file ../../../gecko/ipc/chromium/src/base/process_util_posix.cc, line 254
04-25 12:18:41.299 I/Gonk    (   84): Setting nice for pid 2533 to 1
04-25 12:18:41.309 I/Gonk    (   84): Changed nice for pid 2533 from 18 to 1.
04-25 12:18:41.379 I/Gonk    (   84): Setting nice for pid 2533 to 18
04-25 12:18:41.379 I/Gonk    (   84): Changed nice for pid 2533 from 1 to 18.
04-25 12:18:41.969 E/GeckoConsole(   84): Content JS LOG at dummy file:326 in GaiaApps.launch/appOpen/<: app with origin 'app://{15d23dab-be4c-46b0-8c7f-a035989243e0}' has launched
04-25 12:18:42.009 I/Gecko   (   84): 1398453522028	Marionette	INFO	sendToClient: {"from":"0","value":{"frame":{"ELEMENT":"{6e23536a-6dc6-4abb-adf1-b5676acc039c}"},"src":"app://{15d23dab-be4c-46b0-8c7f-a035989243e0}/index.html","name":"futomi gyro","origin":"app://{15d23dab-be4c-46b0-8c7f-a035989243e0}"}}, {aab03974-d49d-42f9-a723-d72ab93762cd}, {aab03974-d49d-42f9-a723-d72ab93762cd}
04-25 12:18:42.069 E/[Gralloc-ERROR](   84): int gralloc_unregister_buffer(const gralloc_module_t*, const native_handle_t*):274 Trying to unregister buffer 0x460ca150 from process 84 that was not created in current process: 84
04-25 12:18:42.079 E/[Gralloc-ERROR](   84): int gralloc_unregister_buffer(const gralloc_module_t*, const native_handle_t*):274 Trying to unregister buffer 0x460aee20 from process 84 that was not created in current process: 84
04-25 12:18:42.079 E/[Gralloc-ERROR](   84): int gralloc_unregister_buffer(const gralloc_module_t*, const native_handle_t*):274 Trying to unregister buffer 0x460ca600 from process 84 that was not created in current process: 84
04-25 12:18:42.079 E/[Gralloc-ERROR](   84): int gralloc_unregister_buffer(const gralloc_module_t*, const native_handle_t*):274 Trying to unregister buffer 0x460ca4c0 from process 84 that was not created in current process: 84
04-25 12:18:42.099 I/Gecko   (   84): [Parent 84] WARNING: pipe error (130): Connection reset by peer: file ../../../gecko/ipc/chromium/src/chrome/common/ipc_channel_posix.cc, line 446
04-25 12:18:42.099 I/Gecko   (   84): 
04-25 12:18:42.099 I/Gecko   (   84): ###!!! [Parent][MessageChannel] Error: Channel error: cannot send/recv
04-25 12:18:42.099 I/Gecko   (   84): 
04-25 12:18:42.299 I/Gecko   ( 2464): SharedSurface_Gralloc::Create -------
04-25 12:18:42.299 I/Gecko   ( 2464): SharedSurface_Gralloc::Create: success -- surface 0x435f8a00, GraphicBuffer 0x435fa080.
04-25 12:18:42.319 I/Gecko   ( 2464): SharedSurface_Gralloc::Create -------
04-25 12:18:42.329 I/Gecko   (   84): [Parent 84] WARNING: waitpid failed pid:2533 errno:10: file ../../../gecko/ipc/chromium/src/base/process_util_posix.cc, line 254
04-25 12:18:42.339 I/Gecko   ( 2464): SharedSurface_Gralloc::Create: success -- surface 0x435f8b40, GraphicBuffer 0x435fa300.
04-25 12:18:42.399 I/Gecko   (   84): 1398453522409	Marionette	DEBUG	Got request: switchToFrame, data: {"to":"0","sessionId":"3-b2g","name":"switchToFrame","parameters":{"focus":true,"element":"{6e23536a-6dc6-4abb-adf1-b5676acc039c}"}}, id: {4b3a1f33-5b48-41f8-8dc0-f11c6e8f7014}
04-25 12:18:42.549 I/Gecko   (   84): 1398453522565	Marionette	INFO	Switched to frame: {"frameValue":"{6e23536a-6dc6-4abb-adf1-b5676acc039c}"}
04-25 12:18:42.599 I/Gecko   (   84): 1398453522617	Marionette	INFO	trying remote frame 0
04-25 12:18:42.619 I/Gecko   (   84): 1398453522630	Marionette	INFO	trying remote frame 1
04-25 12:18:42.619 I/Gecko   (   84): 1398453522632	Marionette	INFO	trying remote frame 2
04-25 12:18:42.619 I/Gecko   (   84): 1398453522633	Marionette	INFO	trying remote frame 3
04-25 12:18:42.619 I/Gecko   (   84): 1398453522634	Marionette	INFO	trying remote frame 4
04-25 12:18:42.619 I/Gecko   (   84): 1398453522635	Marionette	INFO	deleting frame
04-25 12:18:42.639 I/Gecko   (   84): 1398453522657	Marionette	INFO	frame-manager load script: [object ChromeMessageSender]
04-25 12:18:44.139 W/WifiHW  (   84): wifi_command: SIGNAL_POLL
04-25 12:18:44.329 I/Gecko   (   84): [Parent 84] WARNING: waitpid failed pid:2533 errno:10: file ../../../gecko/ipc/chromium/src/base/process_util_posix.cc, line 254
04-25 12:18:44.329 I/Gecko   (   84): [Parent 84] WARNING: Failed to deliver SIGKILL to 2533!(3).: file ../../../gecko/ipc/chromium/src/chrome/common/process_watcher_posix_sigchld.cc, line 118
04-25 12:18:44.619 D/Sensors (   84): SensorTMD2771::readEvents()======data_fd=53,count=16
04-25 12:18:44.619 D/Sensors (   84): SensorTMD2771::processEvent()=====code=40::value=34 
04-25 12:18:44.619 D/Sensors (   84): SensorTMD2771: mPendingEvents[Light].light = 34.000000
04-25 12:18:45.199 I/Gecko   (   84): 1398453525210	Marionette	INFO	sendToClient: {"from":"0","ok":true}, {4b3a1f33-5b48-41f8-8dc0-f11c6e8f7014}, {4b3a1f33-5b48-41f8-8dc0-f11c6e8f7014}
04-25 12:18:45.339 I/Gecko   (   84): 1398453525352	Marionette	INFO	sendToClient: {"from":"0","value":"app://{15d23dab-be4c-46b0-8c7f-a035989243e0}/index.html"}, {d671b23d-41c3-4511-86f6-62595cbda08e}, {d671b23d-41c3-4511-86f6-62595cbda08e}
04-25 12:18:45.399 I/Gecko   (   84): 1398453525410	Marionette	DEBUG	Got request: execute, data: {"to":"0","sessionId":"3-b2g","name":"executeScript","parameters":{"specialPowers":false,"scriptTimeout":null,"newSandbox":true,"args":[],"filename":"app_checker.py","script":"return window.document.readyState;","line":191}}, id: {5f4369c1-8b85-490f-aaf9-492353f266d7}
04-25 12:18:45.559 I/Gecko   (   84): 1398453525574	Marionette	INFO	sendToClient: {"from":"0","value":"complete"}, {5f4369c1-8b85-490f-aaf9-492353f266d7}, {5f4369c1-8b85-490f-aaf9-492353f266d7}
04-25 12:18:45.749 I/Gecko   (   84): 1398453525761	Marionette	INFO	sendToClient: {"from":"0","value":"app://{15d23dab-be4c-46b0-8c7f-a035989243e0}/index.html"}, {57993c45-9f67-401d-bfa9-9f4ff6455fd2}, {57993c45-9f67-401d-bfa9-9f4ff6455fd2}
04-25 12:18:46.019 D/Sensors (   84): SensorTMD2771::readEvents()======data_fd=53,count=16
04-25 12:18:46.019 D/Sensors (   84): SensorTMD2771::processEvent()=====code=40::value=581 
04-25 12:18:46.019 D/Sensors (   84): SensorTMD2771: mPendingEvents[Light].light = 581.000000
04-25 12:18:46.049 I/Gecko   ( 2464): SharedSurface_Gralloc::Create -------
04-25 12:18:46.129 I/Gecko   ( 2464): SharedSurface_Gralloc::Create: success -- surface 0x432e6200, GraphicBuffer 0x4368be00.
04-25 12:18:46.759 I/Gonk    (   84): Setting nice for pid 2543 to 18
04-25 12:18:46.759 I/Gonk    (   84): Changed nice for pid 2543 from 0 to 18.
04-25 12:18:47.079 I/Gecko   ( 2464): SharedSurface_Gralloc::Create -------
04-25 12:18:47.099 I/Gecko   ( 2464): SharedSurface_Gralloc::Create: success -- surface 0x432ff240, GraphicBuffer 0x4491c780.
04-25 12:18:47.959 I/Gecko   (   84): 1398453527974	Marionette	INFO	sendToClient: {"from":"0","value":"iVBORw0KGgoAAAANSUhEUgAAAUAAAAHMCAYAAACk4nEJAAAgAElEQVR4nO3deZgTVdo28NMsMmxaOr4KqBD3cXmd6OfMgFtcxhlfZQgoDOpoR0dwlKXDKqNiB1GRtaMIgiwdlAZUIAGGRQUKEdlG04zsKAkgiCwmgKzd9PH+/khXTdJJJ+nudD+V5OG6fpd21qe2O1XnnKoSQggwxliWIi+AMcaokBfAGGNUyAtgjDEq5AUwxhgV8gIYY4wKeQGMMUaFvADGGKNCXgBjjFEhL4AxxqiQF8AYY1TIC2CMMSrkBTDGGBXyAlgFiqLg7rvvRrNmzchrYayu1KtXL+Y636xZM9SrV6+2vpd+woUQuOWWWzBmzBgsXLgQc+bMwbBhw2A2m8nrqmuNGjXCrl27AABbtmypzQXPmCFccsklGDlyJA4cOIDCwsKo56dOnYoDBw5g1KhRuOSSS1L9/fQzoGfPnvjll19Q8d/HH39MXltda9mypT79v/zyC5o2bUpeE2O1aevWrRHr/OLFizF48GAMHjwYixcvjsiGrVu3pvr7aSf+kksuwZkzZwAAo0ePxjXXXIPrr78e3bt3x80331yjz1YUBXfeeSf++te/ki/kqhg0aBDWr1+Pnj17ktfCWG0rKiqK2vmp7F9RUVGqv5924jt16gQAKC0tRYMGDVL62c899xwA4KeffiJfyIyxaC1atMDRo0eTDsCjR4/i4osvTmUNtDOgNkOKAzBS48aN8fDDD6Nr167ktTDWunVrFBcXxwy6M2fO6EeGFf95vV60bt06VXXQTPxFF12EG2+8Ea+99pqe7DfeeKOuYcOGEEKgTZs2uPHGG3HppZdGfUaTJk2iXp/MZ8dqV8vJycFNN92EZ555Bn379sVjjz2W8JemVatWuPHGG/HrX/8aQoQCplOnTujTpw+6du0a0aNVr149WCwW9O7dG48++m
04-25 12:18:48.169 I/Gecko   ( 2464): [SharedSurface_Gralloc 0x436ffd80] destroyed
04-25 12:18:48.259 I/Gecko   ( 2464): [SharedSurface_Gralloc 0x435f8a00] destroyed
04-25 12:18:48.529 I/Gecko   (   84): 1398453528547	Marionette	INFO	sendToClient: {"from":"0","ok":true}, {73876775-b7f5-4c0a-b581-6ebbfbf818ce}, {73876775-b7f5-4c0a-b581-6ebbfbf818ce}
04-25 12:18:49.119 I/Gecko   (   84): 1398453529134	Marionette	DEBUG	Got request: switchToFrame, data: {"to":"0","sessionId":"3-b2g","name":"switchToFrame","parameters":{"id":null,"focus":true}}, id: {433e189d-d5cf-498b-8344-0f4e0b6c7be3}
04-25 12:18:49.159 I/Gecko   (   84): 1398453529177	Marionette	INFO	Switched to frame: {"frameValue":null}
04-25 12:18:49.179 W/WifiHW  (   84): wifi_command: SIGNAL_POLL
04-25 12:18:49.269 I/Gecko   (   84): 1398453529285	Marionette	INFO	sendToClient: {"from":"0","ok":true}, {433e189d-d5cf-498b-8344-0f4e0b6c7be3}, {433e189d-d5cf-498b-8344-0f4e0b6c7be3}
04-25 12:18:49.279 I/Gecko   (   84): 1398453529294	Marionette	DEBUG	Got request: executeWithCallback, data: {"to":"0","sessionId":"3-b2g","name":"executeAsyncScript","parameters":{"specialPowers":false,"scriptTimeout":null,"newSandbox":true,"args":[],"filename":"gaia_test.py","script":"return GaiaApps.displayedApp();","line":66}}, id: {ac836365-cc07-4dde-8b10-f617d5592b90}
04-25 12:18:49.629 E/GeckoConsole(   84): Content JS LOG at dummy file:392 in GaiaApps.displayedApp: app with origin 'app://{15d23dab-be4c-46b0-8c7f-a035989243e0}' is displayed
04-25 12:18:49.629 I/Gecko   (   84): 1398453529644	Marionette	INFO	sendToClient: {"from":"0","value":{"frame":{"ELEMENT":"{6e23536a-6dc6-4abb-adf1-b5676acc039c}"},"src":"app://{15d23dab-be4c-46b0-8c7f-a035989243e0}/index.html","name":"futomi gyro","origin":"app://{15d23dab-be4c-46b0-8c7f-a035989243e0}"}}, {ac836365-cc07-4dde-8b10-f617d5592b90}, {ac836365-cc07-4dde-8b10-f617d5592b90}
04-25 12:18:49.639 I/Gecko   (   84): 1398453529650	Marionette	DEBUG	Got request: switchToFrame, data: {"to":"0","sessionId":"3-b2g","name":"switchToFrame","parameters":{"id":null,"focus":true}}, id: {fd246215-7f9a-4686-bbbb-6fb5e4faa553}
04-25 12:18:49.639 I/Gecko   (   84): 1398453529652	Marionette	INFO	Switched to frame: {"frameValue":null}
04-25 12:18:49.739 I/Gecko   (   84): 1398453529755	Marionette	INFO	sendToClient: {"from":"0","ok":true}, {fd246215-7f9a-4686-bbbb-6fb5e4faa553}, {fd246215-7f9a-4686-bbbb-6fb5e4faa553}
04-25 12:18:49.749 I/Gecko   (   84): 1398453529762	Marionette	DEBUG	Got request: execute, data: {"to":"0","sessionId":"3-b2g","name":"executeScript","parameters":{"specialPowers":false,"scriptTimeout":null,"newSandbox":true,"args":[],"filename":"gaia_test.py","script":"window.wrappedJSObject.dispatchEvent(new Event('home'));","line":788}}, id: {be5defdf-cf16-4d75-9452-4cb33e163dac}
04-25 12:18:49.919 I/Gonk    (   84): Setting nice for pid 2543 to 18
04-25 12:18:49.919 I/Gonk    (   84): Changed nice for pid 2543 from 18 to 18.
04-25 12:18:49.919 I/Gecko   (   84): [Parent 84] WARNING: waitpid failed pid:2543 errno:10: file ../../../gecko/ipc/chromium/src/base/process_util_posix.cc, line 254
04-25 12:18:49.939 I/Gonk    (   84): Setting nice for pid 2543 to 1
04-25 12:18:49.939 I/Gonk    (   84): Changed nice for pid 2543 from 18 to 1.
04-25 12:18:50.019 D/Sensors (   84): activate handle=0; drv=0
04-25 12:18:50.039 D/Sensors (   84): Lis3dhSensor: Control set 0
04-25 12:18:50.039 D/Sensors (   84): Lis3dhSensor: mEnabled = 0
04-25 12:18:50.219 I/Gecko   (   84): 1398453530234	Marionette	INFO	sendToClient: {"from":"0","value":null}, {be5defdf-cf16-4d75-9452-4cb33e163dac}, {be5defdf-cf16-4d75-9452-4cb33e163dac}
04-25 12:18:50.719 I/Gecko   (   84): 1398453530738	Marionette	DEBUG	Got request: switchToFrame, data: {"to":"0","sessionId":"3-b2g","name":"switchToFrame","parameters":{"id":null,"focus":true}}, id: {6a9803a2-77fc-462f-99fc-aecbae10c829}
04-25 12:18:50.799 I/Gecko   (   84): 1398453530805	Marionette	INFO	Switched to frame: {"frameValue":null}
04-25 12:18:50.899 I/Gecko   (   84): 1398453530916	Marionette	INFO	sendToClient: {"from":"0","ok":true}, {6a9803a2-77fc-462f-99fc-aecbae10c829}, {6a9803a2-77fc-462f-99fc-aecbae10c829}
04-25 12:18:50.909 I/Gecko   (   84): 1398453530924	Marionette	DEBUG	Got request: executeWithCallback, data: {"to":"0","sessionId":"3-b2g","name":"executeAsyncScript","parameters":{"specialPowers":false,"scriptTimeout":null,"newSandbox":true,"args":[],"filename":"gaia_test.py","script":"return GaiaApps.displayedApp();","line":66}}, id: {423dfd86-7725-4107-8b66-1e3a90c612b4}
04-25 12:18:51.039 E/GeckoConsole(   84): Content JS LOG at dummy file:392 in GaiaApps.displayedApp: app with origin 'app://homescreen.gaiamobile.org' is displayed
04-25 12:18:51.039 I/Gecko   (   84): 1398453531058	Marionette	INFO	sendToClient: {"from":"0","value":{"frame":{"ELEMENT":"{71299d6c-f62e-4777-b099-fda6f13ae21d}"},"src":"app://homescreen.gaiamobile.org/index.html#root","name":"Homescreen","origin":"app://homescreen.gaiamobile.org"}}, {423dfd86-7725-4107-8b66-1e3a90c612b4}, {423dfd86-7725-4107-8b66-1e3a90c612b4}
04-25 12:18:51.779 I/Gecko   ( 2464): [SharedSurface_Gralloc 0x432e6200] destroyed
04-25 12:18:51.849 I/Gecko   (   84): 1398453531860	Marionette	DEBUG	Got request: switchToFrame, data: {"to":"0","sessionId":"3-b2g","name":"switchToFrame","parameters":{"id":null,"focus":true}}, id: {21e6e877-089c-4935-9e36-2ba972f93dfd}
04-25 12:18:51.869 I/Gecko   (   84): 1398453531880	Marionette	INFO	Switched to frame: {"frameValue":null}
04-25 12:18:51.929 I/Gonk    (   84): Setting nice for pid 2464 to 18
04-25 12:18:51.929 I/Gonk    (   84): Changed nice for pid 2464 from 1 to 18.
04-25 12:18:51.969 I/Gecko   (   84): 1398453531986	Marionette	INFO	sendToClient: {"from":"0","ok":true}, {21e6e877-089c-4935-9e36-2ba972f93dfd}, {21e6e877-089c-4935-9e36-2ba972f93dfd}
04-25 12:18:51.979 I/Gecko   (   84): 1398453531992	Marionette	DEBUG	Got request: switchToFrame, data: {"to":"0","sessionId":"3-b2g","name":"switchToFrame","parameters":{"id":null,"focus":true}}, id: {493e6d7c-7818-44ce-aecf-baab80144ce0}
04-25 12:18:51.979 I/Gecko   (   84): 1398453531994	Marionette	INFO	Switched to frame: {"frameValue":null}
04-25 12:18:52.079 I/Gecko   (   84): 1398453532096	Marionette	INFO	sendToClient: {"from":"0","ok":true}, {493e6d7c-7818-44ce-aecf-baab80144ce0}, {493e6d7c-7818-44ce-aecf-baab80144ce0}
04-25 12:18:52.089 I/Gecko   (   84): 1398453532103	Marionette	DEBUG	Got request: executeWithCallback, data: {"to":"0","sessionId":"3-b2g","name":"executeAsyncScript","parameters":{"specialPowers":false,"scriptTimeout":null,"newSandbox":true,"args":[],"filename":"gaia_test.py","script":"return GaiaApps.displayedApp();","line":66}}, id: {7e1301ef-8cc0-4fb7-abac-e28c275481d4}
04-25 12:18:52.199 E/GeckoConsole(   84): Content JS LOG at dummy file:392 in GaiaApps.displayedApp: app with origin 'app://homescreen.gaiamobile.org' is displayed
04-25 12:18:52.199 I/Gecko   (   84): 1398453532213	Marionette	INFO	sendToClient: {"from":"0","value":{"frame":{"ELEMENT":"{71299d6c-f62e-4777-b099-fda6f13ae21d}"},"src":"app://homescreen.gaiamobile.org/index.html#root","name":"Homescreen","origin":"app://homescreen.gaiamobile.org"}}, {7e1301ef-8cc0-4fb7-abac-e28c275481d4}, {7e1301ef-8cc0-4fb7-abac-e28c275481d4}
04-25 12:18:52.209 I/Gecko   (   84): 1398453532222	Marionette	DEBUG	Got request: switchToFrame, data: {"to":"0","sessionId":"3-b2g","name":"switchToFrame","parameters":{"focus":true,"element":"{71299d6c-f62e-4777-b099-fda6f13ae21d}"}}, id: {df04f90d-874f-4e97-be91-973fbd026e2e}
04-25 12:18:52.269 I/Gecko   (   84): 1398453532282	Marionette	INFO	Switched to frame: {"frameValue":"{71299d6c-f62e-4777-b099-fda6f13ae21d}"}
04-25 12:18:52.299 I/Gecko   (   84): 1398453532313	Marionette	INFO	trying remote frame 0
04-25 12:18:52.299 I/Gecko   (   84): 1398453532315	Marionette	INFO	trying remote frame 1
04-25 12:18:52.299 I/Gecko   (   84): 1398453532316	Marionette	INFO	trying remote frame 2
04-25 12:18:52.299 I/Gecko   (   84): 1398453532318	Marionette	INFO	trying remote frame 3
04-25 12:18:52.299 I/Gecko   (   84): 1398453532319	Marionette	INFO	trying remote frame 4
04-25 12:18:52.309 I/Gecko   (   84): 1398453532326	Marionette	INFO	deleting frame
04-25 12:18:52.319 I/Gecko   (   84): 1398453532334	Marionette	INFO	frame-manager load script: [object ChromeMessageSender]
04-25 12:18:53.109 I/Gecko   ( 2543): ###################################### forms.js loaded
04-25 12:18:53.129 I/Gecko   (   84): [Parent 84] WARNING: pipe error (128): Connection reset by peer: file ../../../gecko/ipc/chromium/src/chrome/common/ipc_channel_posix.cc, line 446
04-25 12:18:53.139 I/Gecko   ( 2543): ############################### browserElementPanning.js loaded
04-25 12:18:53.139 I/Gecko   (   84): 
04-25 12:18:53.139 I/Gecko   (   84): ###!!! [Parent][MessageChannel] Error: Channel error: cannot send/recv
04-25 12:18:53.139 I/Gecko   (   84): 
04-25 12:18:53.189 I/Gecko   ( 2543): ######################## BrowserElementChildPreload.js loaded
04-25 12:18:53.269 I/Gecko   (   84): [Parent 84] WARNING: waitpid failed pid:2464 errno:10: file ../../../gecko/ipc/chromium/src/base/process_util_posix.cc, line 254
04-25 12:18:54.029 I/Gonk    (   84): Setting nice for pid 2557 to 18
04-25 12:18:54.029 I/Gonk    (   84): Changed nice for pid 2557 from 0 to 18.
04-25 12:18:54.239 W/WifiHW  (   84): wifi_command: SIGNAL_POLL
04-25 12:18:54.289 I/Gecko   (   84): 1398453534303	Marionette	INFO	sendToClient: {"from":"0","ok":true}, {df04f90d-874f-4e97-be91-973fbd026e2e}, {df04f90d-874f-4e97-be91-973fbd026e2e}
04-25 12:18:54.829 I/Gecko   (   84): 1398453534844	Marionette	INFO	sendToClient: {"from":"0","value":"app://homescreen.gaiamobile.org/index.html#root"}, {c0035359-1f18-45ef-b69d-d940739ce1bf}, {c0035359-1f18-45ef-b69d-d940739ce1bf}
04-25 12:18:54.839 I/Gecko   (   84): 1398453534850	Marionette	DEBUG	Got request: switchToFrame, data: {"to":"0","sessionId":"3-b2g","name":"switchToFrame","parameters":{"id":null,"focus":true}}, id: {2f8285d7-3de1-4209-9698-5faadf7e9a39}
04-25 12:18:54.869 I/Gecko   (   84): 1398453534880	Marionette	INFO	Switched to frame: {"frameValue":null}
04-25 12:18:54.969 I/Gecko   (   84): 1398453534982	Marionette	INFO	sendToClient: {"from":"0","ok":true}, {2f8285d7-3de1-4209-9698-5faadf7e9a39}, {2f8285d7-3de1-4209-9698-5faadf7e9a39}
04-25 12:18:54.969 I/Gecko   (   84): 1398453534988	Marionette	DEBUG	Got request: switchToFrame, data: {"to":"0","sessionId":"3-b2g","name":"switchToFrame","parameters":{"id":null,"focus":true}}, id: {6cc9f497-7d18-4660-b0da-9c3d1abcd497}
04-25 12:18:54.979 I/Gecko   (   84): 1398453534990	Marionette	INFO	Switched to frame: {"frameValue":null}
04-25 12:18:55.099 I/Gecko   (   84): 1398453535115	Marionette	INFO	sendToClient: {"from":"0","ok":true}, {6cc9f497-7d18-4660-b0da-9c3d1abcd497}, {6cc9f497-7d18-4660-b0da-9c3d1abcd497}
04-25 12:18:55.109 I/Gecko   (   84): 1398453535124	Marionette	DEBUG	Got request: executeWithCallback, data: {"to":"0","sessionId":"3-b2g","name":"executeAsyncScript","parameters":{"specialPowers":false,"scriptTimeout":null,"newSandbox":true,"args":[],"filename":"gaia_test.py","script":"GaiaApps.killAll()","line":91}}, id: {f7043d84-bbd0-42e8-9fd7-80a090eb74a8}
04-25 12:18:55.179 I/Gecko   (   84): 1398453535190	Marionette	INFO	sendToClient: {"from":"0","value":true}, {f7043d84-bbd0-42e8-9fd7-80a090eb74a8}, {f7043d84-bbd0-42e8-9fd7-80a090eb74a8}
04-25 12:18:55.199 I/Gecko   (   84): 1398453535211	Marionette	DEBUG	Got request: switchToFrame, data: {"to":"0","sessionId":"3-b2g","name":"switchToFrame","parameters":{"id":null,"focus":true}}, id: {9afd9081-f816-4794-b644-a64db4127242}
04-25 12:18:55.209 I/Gecko   (   84): 1398453535222	Marionette	INFO	Switched to frame: {"frameValue":null}
04-25 12:18:55.279 I/Gecko   (   84): [Parent 84] WARNING: waitpid failed pid:2464 errno:10: file ../../../gecko/ipc/chromium/src/base/process_util_posix.cc, line 254
04-25 12:18:55.279 I/Gecko   (   84): [Parent 84] WARNING: Failed to deliver SIGKILL to 2464!(3).: file ../../../gecko/ipc/chromium/src/chrome/common/process_watcher_posix_sigchld.cc, line 118
04-25 12:18:55.319 I/Gecko   (   84): 1398453535331	Marionette	INFO	sendToClient: {"from":"0","ok":true}, {9afd9081-f816-4794-b644-a64db4127242}, {9afd9081-f816-4794-b644-a64db4127242}
04-25 12:18:55.329 I/Gecko   (   84): 1398453535342	Marionette	DEBUG	Got request: executeWithCallback, data: {"to":"0","sessionId":"3-b2g","name":"executeAsyncScript","parameters":{"specialPowers":false,"scriptTimeout":60000,"newSandbox":true,"args":[],"filename":"app_checker.py","script":"\n        GaiaApps.locateWithManifestURL('https://marketplace.firefox.com/app/5b19135d-71d7-44d8-8319-7f444e2036fe/manifest.webapp',\n                                       null,\n                                       function uninstall(app) {\n                                       navigator.mozApps.mgmt.uninstall(app);\n                                       marionetteScriptFinished(true);\n                                       });\n        ","line":129}}, id: {74d06b99-aed1-4b7f-971b-d0fd497363ae}
04-25 12:18:55.439 I/Gecko   (   84): -- webapps.js uninstall https://marketplace.firefox.com/app/5b19135d-71d7-44d8-8319-7f444e2036fe/manifest.webapp
04-25 12:18:55.959 I/Gecko   (   84): 1398453535972	Marionette	INFO	sendToClient: {"from":"0","value":true}, {74d06b99-aed1-4b7f-971b-d0fd497363ae}, {74d06b99-aed1-4b7f-971b-d0fd497363ae}