--------- beginning of /dev/log/main
04-25 12:37:52.201 I/Gecko   (   84): 1398454672217	Marionette	INFO	sendToClient: {"from":"0","ok":true}, {e442466d-00aa-475d-8769-31459069a6c9}, {e442466d-00aa-475d-8769-31459069a6c9}
04-25 12:37:52.251 I/Gecko   (   84): 1398454672260	Marionette	DEBUG	Got request: switchToFrame, data: {"to":"0","sessionId":"3-b2g","name":"switchToFrame","parameters":{"id":null,"focus":true}}, id: {ecf2f65f-086f-4044-a8d5-d7a8174da366}
04-25 12:37:52.251 W/WifiHW  (   84): wifi_command: SIGNAL_POLL
04-25 12:37:52.261 I/Gecko   (   84): 1398454672272	Marionette	INFO	Switched to frame: {"frameValue":null}
04-25 12:37:52.381 I/Gecko   (   84): 1398454672391	Marionette	INFO	sendToClient: {"from":"0","ok":true}, {ecf2f65f-086f-4044-a8d5-d7a8174da366}, {ecf2f65f-086f-4044-a8d5-d7a8174da366}
04-25 12:37:52.381 I/Gecko   (   84): 1398454672398	Marionette	DEBUG	Got request: executeWithCallback, data: {"to":"0","sessionId":"3-b2g","name":"executeAsyncScript","parameters":{"specialPowers":false,"scriptTimeout":null,"newSandbox":true,"args":[],"filename":"gaia_test.py","script":"return GaiaApps.displayedApp();","line":66}}, id: {5d9252a5-bf29-4e51-b520-a0c89a9dae85}
04-25 12:37:52.591 E/GeckoConsole(  881): Content JS ERROR at app://homescreen.gaiamobile.org/gaia_build_defer_index.js:390 in loadSVConfFileError: Failed parsing singleVariant configuration file [js/singlevariantconf.json]:  [Exception... "File error: Not found"  nsresult: "0x80520012 (NS_ERROR_FILE_NOT_FOUND)"  location: "JS frame :: app://homescreen.gaiamobile.org/gaia_build_defer_index.js :: loadFile :: line 382"  data: no]
04-25 12:37:52.611 E/GeckoConsole(   84): Content JS LOG at dummy file:392 in GaiaApps.displayedApp: app with origin 'app://homescreen.gaiamobile.org' is displayed
04-25 12:37:52.641 I/Gecko   (   84): 1398454672650	Marionette	INFO	sendToClient: {"from":"0","value":{"frame":{"ELEMENT":"{2aec72a0-5bc0-4bae-ac51-691e81f3b295}"},"src":"app://homescreen.gaiamobile.org/index.html#root","name":"Homescreen","origin":"app://homescreen.gaiamobile.org"}}, {5d9252a5-bf29-4e51-b520-a0c89a9dae85}, {5d9252a5-bf29-4e51-b520-a0c89a9dae85}
04-25 12:37:52.671 I/Gecko   (   84): 1398454672684	Marionette	DEBUG	Got request: switchToFrame, data: {"to":"0","sessionId":"3-b2g","name":"switchToFrame","parameters":{"id":null,"focus":true}}, id: {d1127e14-d6ce-4f56-8348-4e265aeaa26f}
04-25 12:37:52.701 I/Gecko   (   84): 1398454672713	Marionette	INFO	Switched to frame: {"frameValue":null}
04-25 12:37:52.811 I/Gecko   (   84): 1398454672823	Marionette	INFO	sendToClient: {"from":"0","ok":true}, {d1127e14-d6ce-4f56-8348-4e265aeaa26f}, {d1127e14-d6ce-4f56-8348-4e265aeaa26f}
04-25 12:37:52.831 I/Gecko   (   84): 1398454672844	Marionette	DEBUG	Got request: switchToFrame, data: {"to":"0","sessionId":"3-b2g","name":"switchToFrame","parameters":{"id":null,"focus":true}}, id: {6fe436d1-4243-4cc0-b675-d53bdb2ea731}
04-25 12:37:52.831 I/Gecko   (   84): 1398454672846	Marionette	INFO	Switched to frame: {"frameValue":null}
04-25 12:37:52.931 I/Gecko   (   84): 1398454672948	Marionette	INFO	sendToClient: {"from":"0","ok":true}, {6fe436d1-4243-4cc0-b675-d53bdb2ea731}, {6fe436d1-4243-4cc0-b675-d53bdb2ea731}
04-25 12:37:52.941 I/Gecko   (   84): 1398454672955	Marionette	DEBUG	Got request: executeWithCallback, data: {"to":"0","sessionId":"3-b2g","name":"executeAsyncScript","parameters":{"specialPowers":false,"scriptTimeout":null,"newSandbox":true,"args":[],"filename":"gaia_test.py","script":"return GaiaApps.displayedApp();","line":66}}, id: {985e040f-8aff-4c04-8279-c3245918b964}
04-25 12:37:53.041 E/GeckoConsole(   84): Content JS LOG at dummy file:392 in GaiaApps.displayedApp: app with origin 'app://homescreen.gaiamobile.org' is displayed
04-25 12:37:53.041 I/Gecko   (   84): 1398454673058	Marionette	INFO	sendToClient: {"from":"0","value":{"frame":{"ELEMENT":"{2aec72a0-5bc0-4bae-ac51-691e81f3b295}"},"src":"app://homescreen.gaiamobile.org/index.html#root","name":"Homescreen","origin":"app://homescreen.gaiamobile.org"}}, {985e040f-8aff-4c04-8279-c3245918b964}, {985e040f-8aff-4c04-8279-c3245918b964}
04-25 12:37:53.081 I/Gecko   (   84): 1398454673090	Marionette	DEBUG	Got request: switchToFrame, data: {"to":"0","sessionId":"3-b2g","name":"switchToFrame","parameters":{"focus":true,"element":"{2aec72a0-5bc0-4bae-ac51-691e81f3b295}"}}, id: {6fa5e451-a58e-473e-9327-a29a7f17bc5e}
04-25 12:37:53.111 I/Gecko   (   84): 1398454673119	Marionette	INFO	Switched to frame: {"frameValue":"{2aec72a0-5bc0-4bae-ac51-691e81f3b295}"}
04-25 12:37:53.121 I/Gecko   (   84): 1398454673133	Marionette	INFO	trying remote frame 0
04-25 12:37:53.121 I/Gecko   (   84): 1398454673134	Marionette	INFO	deleting frame
04-25 12:37:53.141 I/Gecko   (   84): 1398454673150	Marionette	INFO	frame-manager load script: [object ChromeMessageSender]
04-25 12:37:54.091 I/Gecko   (   84): 1398454674102	Marionette	INFO	sendToClient: {"from":"0","ok":true}, {6fa5e451-a58e-473e-9327-a29a7f17bc5e}, {6fa5e451-a58e-473e-9327-a29a7f17bc5e}
04-25 12:37:54.511 I/Gecko   (  902): ###################################### forms.js loaded
04-25 12:37:54.621 I/Gecko   (  902): ############################### browserElementPanning.js loaded
04-25 12:37:54.661 I/Gecko   (   84): 1398454674674	Marionette	INFO	sendToClient: {"from":"0","value":{"ELEMENT":"{d0dc1cc6-0128-4b6e-99f7-e32374af5f6b}"}}, {04e2f41e-43c1-45e7-bd5c-609935d0c3a8}, {04e2f41e-43c1-45e7-bd5c-609935d0c3a8}
04-25 12:37:54.681 I/Gecko   (  902): ######################## BrowserElementChildPreload.js loaded
04-25 12:37:55.071 E/GeckoConsole(  881): [JavaScript Warning: "Use of getAttributeNode() is deprecated. Use getAttribute() instead." {file: "chrome://marionette/content/atoms.js" line: 25}]
04-25 12:37:55.071 E/GeckoConsole(  881): [JavaScript Warning: "Use of attributes' specified attribute is deprecated. It always returns true." {file: "chrome://marionette/content/atoms.js" line: 25}]
04-25 12:37:55.081 I/Gecko   (   84): 1398454675091	Marionette	INFO	sendToClient: {"from":"0","value":"normal"}, {6b3201de-95ce-4d91-ab32-ae3e9694b3f4}, {6b3201de-95ce-4d91-ab32-ae3e9694b3f4}
04-25 12:37:55.081 I/Gecko   (   84): 1398454675097	Marionette	DEBUG	Got request: switchToFrame, data: {"to":"0","sessionId":"3-b2g","name":"switchToFrame","parameters":{"id":null,"focus":true}}, id: {5015f25b-f4c0-48f9-8a40-25af052e4475}
04-25 12:37:55.101 I/Gecko   (   84): 1398454675114	Marionette	INFO	Switched to frame: {"frameValue":null}
04-25 12:37:55.211 I/Gecko   (   84): 1398454675222	Marionette	INFO	sendToClient: {"from":"0","ok":true}, {5015f25b-f4c0-48f9-8a40-25af052e4475}, {5015f25b-f4c0-48f9-8a40-25af052e4475}
04-25 12:37:55.211 I/Gecko   (   84): 1398454675228	Marionette	DEBUG	Got request: execute, data: {"to":"0","sessionId":"3-b2g","name":"executeScript","parameters":{"specialPowers":false,"scriptTimeout":null,"newSandbox":true,"args":[],"filename":"gaia_test.py","script":"window.wrappedJSObject.dispatchEvent(new Event('home'));","line":788}}, id: {e230255b-223c-47ef-92fb-c4f4337e26c7}
04-25 12:37:55.451 I/Gecko   (   84): 1398454675460	Marionette	INFO	sendToClient: {"from":"0","value":null}, {e230255b-223c-47ef-92fb-c4f4337e26c7}, {e230255b-223c-47ef-92fb-c4f4337e26c7}
04-25 12:37:55.481 I/Gecko   (   84): 1398454675495	Marionette	DEBUG	Got request: switchToFrame, data: {"to":"0","sessionId":"3-b2g","name":"switchToFrame","parameters":{"id":null,"focus":true}}, id: {944d170f-5b8b-45ae-9d6c-a95ef0f7f7b8}
04-25 12:37:55.491 I/Gecko   (   84): 1398454675501	Marionette	INFO	Switched to frame: {"frameValue":null}
04-25 12:37:55.591 I/Gecko   (   84): 1398454675606	Marionette	INFO	sendToClient: {"from":"0","ok":true}, {944d170f-5b8b-45ae-9d6c-a95ef0f7f7b8}, {944d170f-5b8b-45ae-9d6c-a95ef0f7f7b8}
04-25 12:37:55.601 I/Gecko   (   84): 1398454675618	Marionette	DEBUG	Got request: switchToFrame, data: {"to":"0","sessionId":"3-b2g","name":"switchToFrame","parameters":{"id":null,"focus":true}}, id: {0cd69242-2cd1-43cd-b146-b97c53161853}
04-25 12:37:55.611 I/Gecko   (   84): 1398454675620	Marionette	INFO	Switched to frame: {"frameValue":null}
04-25 12:37:55.711 I/Gecko   (   84): 1398454675723	Marionette	INFO	sendToClient: {"from":"0","ok":true}, {0cd69242-2cd1-43cd-b146-b97c53161853}, {0cd69242-2cd1-43cd-b146-b97c53161853}
04-25 12:37:55.721 I/Gecko   (   84): 1398454675729	Marionette	DEBUG	Got request: executeWithCallback, data: {"to":"0","sessionId":"3-b2g","name":"executeAsyncScript","parameters":{"specialPowers":false,"scriptTimeout":null,"newSandbox":true,"args":[],"filename":"gaia_test.py","script":"return GaiaApps.displayedApp();","line":66}}, id: {4470b94a-f010-4f07-b80b-1665528d8801}
04-25 12:37:55.831 I/Gecko   (   84): 1398454675839	Marionette	INFO	sendToClient: {"from":"0","value":{"frame":{"ELEMENT":"{2aec72a0-5bc0-4bae-ac51-691e81f3b295}"},"src":"app://homescreen.gaiamobile.org/index.html#rootFri%20Apr%2025%202014%2012:37:55%20GMT-0700%20(UTC)","name":"Homescreen","origin":"app://homescreen.gaiamobile.org"}}, {4470b94a-f010-4f07-b80b-1665528d8801}, {4470b94a-f010-4f07-b80b-1665528d8801}
04-25 12:37:55.831 E/GeckoConsole(   84): Content JS LOG at dummy file:392 in GaiaApps.displayedApp: app with origin 'app://homescreen.gaiamobile.org' is displayed
04-25 12:37:55.831 I/Gecko   (   84): 1398454675847	Marionette	DEBUG	Got request: switchToFrame, data: {"to":"0","sessionId":"3-b2g","name":"switchToFrame","parameters":{"focus":true,"element":"{2aec72a0-5bc0-4bae-ac51-691e81f3b295}"}}, id: {42dd4171-82ac-44d4-b184-6789f9bac9b4}
04-25 12:37:55.851 I/Gecko   (   84): 1398454675861	Marionette	INFO	Switched to frame: {"frameValue":"{2aec72a0-5bc0-4bae-ac51-691e81f3b295}"}
04-25 12:37:55.851 I/Gecko   (   84): 1398454675863	Marionette	INFO	trying remote frame 0
04-25 12:37:56.381 I/Gecko   (   84): 1398454676392	Marionette	INFO	sendToClient: {"from":"0","ok":true}, {42dd4171-82ac-44d4-b184-6789f9bac9b4}, {42dd4171-82ac-44d4-b184-6789f9bac9b4}
04-25 12:37:56.401 I/Gecko   (   84): 1398454676410	Marionette	DEBUG	Got request: execute, data: {"to":"0","sessionId":"3-b2g","name":"executeScript","parameters":{"specialPowers":false,"scriptTimeout":null,"newSandbox":true,"args":[],"filename":"gaia_test.py","script":"return window.wrappedJSObject.GridManager.pageHelper.getCurrentPageNumber();","line":784}}, id: {d1e69f6c-5e8a-40d0-89bb-9779307361eb}
04-25 12:37:56.521 I/Gecko   (   84): 1398454676536	Marionette	INFO	sendToClient: {"from":"0","value":0}, {d1e69f6c-5e8a-40d0-89bb-9779307361eb}, {d1e69f6c-5e8a-40d0-89bb-9779307361eb}
04-25 12:37:56.741 I/Gecko   (   84): 1398454676753	Marionette	INFO	sendToClient: {"from":"0","value":["{d268b363-b0dc-4390-b5f7-72eb839c39c5}","{dad46cf7-520c-4c62-90df-a01e575b3013}","{38767b48-b03c-456b-9de4-f8fbb0ce3592}","{fcf9119e-192c-4bfe-8551-9c6c06ff474a}","{d301511f-2aef-4369-a657-65137e9e3b70}","{493dcb8c-a913-4bb2-8a80-237aabcbf224}","{291e214e-cc4c-4ee0-aa0a-396ce5b2b86b}","{7b095966-630f-4fdf-a5d7-035b9c49e5f0}","{825897bc-8ff6-43de-9321-237570d4705a}","{758c18c4-3cf3-410d-9a40-4ccae91de547}","{7bec5987-9acf-402e-8e11-5ebcc1adfe07}","{2affebd2-d7ee-4664-80bb-7be74ff0d7c1}","{1ea67764-fb60-413b-9347-bc46ffd62583}","{0c9621c3-7889-476c-bd7c-ffbe98ac6827}","{51c5e7d1-d1a9-47e2-8a7f-cd201df5c37f}","{598dabd8-cc45-4238-b5f5-f530ca57c2b1}","{44c948c0-5344-41aa-a22a-d27028faeae4}","{720f0b0e-0dc1-4d9f-bf0a-38d663aa26fb}","{ebb5115e-4765-416a-9a56-d77cf3ad73e2}","{7b6408c7-83c6-462d-a9cb-e9c6163ac407}","{275052bf-b540-4a1b-afb1-87a3db114f46}","{7d161eaf-1ceb-4387-8653-254e469463f5}","{20738131-deaa-4d92-83e1-959ec4fdfeef}","{bc6f9974-449e
04-25 12:37:57.261 W/WifiHW  (   84): wifi_command: SIGNAL_POLL
04-25 12:37:57.391 V/AudioPolicyManagerBase(   89): startOutput() output 1, stream 1, session 3
04-25 12:37:57.391 V/AudioPolicyManagerBase(   89): changeRefCount() stream 1, count 1
04-25 12:37:57.391 V/AudioPolicyManagerBase(   89): getDeviceForStrategy() from cache strategy 0, device 2
04-25 12:37:57.391 V/AudioPolicyManagerBase(   89): getNewDevice() selected device 2
04-25 12:37:57.391 D/AudioPolicyManagerBase(   89): setOutputDevice() output 1 device 2 delayMs 0
04-25 12:37:57.391 V/AudioPolicyManagerBase(   89): setOutputDevice() setting same device 2 or null device for output 1
04-25 12:37:57.391 E/AudioPolicyManagerBase(   89): checkAndSetVolume stream=1, index=0, output=1, device=2
04-25 12:37:57.391 E/AudioPolicyManagerBase(   89): computeVolume, streamDesc=0xf9dbb8
04-25 12:37:57.431 W/AudioFlinger(   89): Thread AudioOut_1 cannot connect to the power manager service
04-25 12:37:57.431 V/AudioPolicyManagerBase(   89): stopOutput() output 1, stream 1, session 3
04-25 12:37:57.431 V/AudioPolicyManagerBase(   89): changeRefCount() stream 1, count 0
04-25 12:37:57.431 V/AudioPolicyManagerBase(   89): getNewDevice() selected device 0
04-25 12:37:57.431 D/AudioPolicyManagerBase(   89): setOutputDevice() output 1 device 0 delayMs 290
04-25 12:37:57.431 V/AudioPolicyManagerBase(   89): setOutputDevice() setting same device 0 or null device for output 1
04-25 12:37:57.441 V/AudioPolicyManagerBase(   89): startOutput() output 1, stream 1, session 3
04-25 12:37:57.441 V/AudioPolicyManagerBase(   89): changeRefCount() stream 1, count 1
04-25 12:37:57.441 V/AudioPolicyManagerBase(   89): getDeviceForStrategy() from cache strategy 0, device 2
04-25 12:37:57.441 V/AudioPolicyManagerBase(   89): getNewDevice() selected device 2
04-25 12:37:57.441 D/AudioPolicyManagerBase(   89): setOutputDevice() output 1 device 2 delayMs 0
04-25 12:37:57.441 V/AudioPolicyManagerBase(   89): setOutputDevice() setting same device 2 or null device for output 1
04-25 12:37:57.441 E/AudioPolicyManagerBase(   89): checkAndSetVolume stream=1, index=0, output=1, device=2
04-25 12:37:57.441 E/AudioPolicyManagerBase(   89): computeVolume, streamDesc=0xf9dbb8
04-25 12:37:57.441 V/AudioPolicyManagerBase(   89): stopOutput() output 1, stream 1, session 3
04-25 12:37:57.441 V/AudioPolicyManagerBase(   89): changeRefCount() stream 1, count 0
04-25 12:37:57.441 V/AudioPolicyManagerBase(   89): getNewDevice() selected device 0
04-25 12:37:57.441 D/AudioPolicyManagerBase(   89): setOutputDevice() output 1 device 0 delayMs 290
04-25 12:37:57.441 V/AudioPolicyManagerBase(   89): setOutputDevice() setting same device 0 or null device for output 1
04-25 12:37:57.461 V/AudioPolicyManagerBase(   89): releaseOutput() 1
04-25 12:37:58.211 I/Gecko   (   84): 1398454678224	Marionette	INFO	sendToClient: {"from":"0","value":"app://homescreen.gaiamobile.org/index.html#rootFri%20Apr%2025%202014%2012:37:55%20GMT-0700%20(UTC)"}, {53311769-c2fd-45c7-aa7d-1ec15dd6c448}, {53311769-c2fd-45c7-aa7d-1ec15dd6c448}
04-25 12:37:58.261 I/Gecko   (   84): 1398454678271	Marionette	DEBUG	Got request: switchToFrame, data: {"to":"0","sessionId":"3-b2g","name":"switchToFrame","parameters":{"id":null,"focus":true}}, id: {60528ef8-6e6f-40e3-a3d6-41e76c1c6fb6}
04-25 12:37:58.271 I/Gecko   (   84): 1398454678287	Marionette	INFO	Switched to frame: {"frameValue":null}
04-25 12:37:58.371 E/GeckoConsole(  881): Content JS WARN at app://homescreen.gaiamobile.org/gaia_build_defer_index.js:184 in isHiddenApp: Unexpected role when checking hidden app: undefined
04-25 12:37:58.371 E/GeckoConsole(  881): Content JS WARN at app://homescreen.gaiamobile.org/gaia_build_defer_index.js:184 in isHiddenApp: Unexpected role when checking hidden app: undefined
04-25 12:37:58.371 E/GeckoConsole(  881): Content JS WARN at app://homescreen.gaiamobile.org/gaia_build_defer_index.js:184 in isHiddenApp: Unexpected role when checking hidden app: undefined
04-25 12:37:58.371 E/GeckoConsole(  881): Content JS WARN at app://homescreen.gaiamobile.org/gaia_build_defer_index.js:184 in isHiddenApp: Unexpected role when checking hidden app: undefined
04-25 12:37:58.371 E/GeckoConsole(  881): Content JS WARN at app://homescreen.gaiamobile.org/gaia_build_defer_index.js:184 in isHiddenApp: Unexpected role when checking hidden app: undefined
04-25 12:37:58.381 E/GeckoConsole(  881): Content JS WARN at app://homescreen.gaiamobile.org/gaia_build_defer_index.js:184 in isHiddenApp: Unexpected role when checking hidden app: undefined
04-25 12:37:58.381 E/GeckoConsole(  881): Content JS WARN at app://homescreen.gaiamobile.org/gaia_build_defer_index.js:184 in isHiddenApp: Unexpected role when checking hidden app: undefined
04-25 12:37:58.381 I/Gecko   (   84): 1398454678392	Marionette	INFO	sendToClient: {"from":"0","ok":true}, {60528ef8-6e6f-40e3-a3d6-41e76c1c6fb6}, {60528ef8-6e6f-40e3-a3d6-41e76c1c6fb6}
04-25 12:37:58.381 I/Gecko   (   84): 1398454678398	Marionette	DEBUG	Got request: switchToFrame, data: {"to":"0","sessionId":"3-b2g","name":"switchToFrame","parameters":{"id":null,"focus":true}}, id: {ee76ff26-82ad-492a-99b2-482e87e9ae6b}
04-25 12:37:58.391 I/Gecko   (   84): 1398454678402	Marionette	INFO	Switched to frame: {"frameValue":null}
04-25 12:37:58.391 E/GeckoConsole(  881): Content JS WARN at app://homescreen.gaiamobile.org/gaia_build_defer_index.js:184 in isHiddenApp: Unexpected role when checking hidden app: undefined
04-25 12:37:58.391 E/GeckoConsole(  881): Content JS WARN at app://homescreen.gaiamobile.org/gaia_build_defer_index.js:184 in isHiddenApp: Unexpected role when checking hidden app: undefined
04-25 12:37:58.391 E/GeckoConsole(  881): Content JS WARN at app://homescreen.gaiamobile.org/gaia_build_defer_index.js:184 in isHiddenApp: Unexpected role when checking hidden app: undefined
04-25 12:37:58.391 E/GeckoConsole(  881): Content JS WARN at app://homescreen.gaiamobile.org/gaia_build_defer_index.js:184 in isHiddenApp: Unexpected role when checking hidden app: undefined
04-25 12:37:58.391 E/GeckoConsole(  881): Content JS WARN at app://homescreen.gaiamobile.org/gaia_build_defer_index.js:184 in isHiddenApp: Unexpected role when checking hidden app: undefined
04-25 12:37:58.391 E/GeckoConsole(  881): Content JS WARN at app://homescreen.gaiamobile.org/gaia_build_defer_index.js:184 in isHiddenApp: Unexpected role when checking hidden app: undefined
04-25 12:37:58.401 E/GeckoConsole(  881): Content JS WARN at app://homescreen.gaiamobile.org/gaia_build_defer_index.js:184 in isHiddenApp: Unexpected role when checking hidden app: undefined
04-25 12:37:58.401 E/GeckoConsole(  881): Content JS WARN at app://homescreen.gaiamobile.org/gaia_build_defer_index.js:184 in isHiddenApp: Unexpected role when checking hidden app: undefined
04-25 12:37:58.401 E/GeckoConsole(  881): Content JS WARN at app://homescreen.gaiamobile.org/gaia_build_defer_index.js:184 in isHiddenApp: Unexpected role when checking hidden app: undefined
04-25 12:37:58.401 E/GeckoConsole(  881): Content JS WARN at app://homescreen.gaiamobile.org/gaia_build_defer_index.js:184 in isHiddenApp: Unexpected role when checking hidden app: undefined
04-25 12:37:58.401 E/GeckoConsole(  881): Content JS WARN at app://homescreen.gaiamobile.org/gaia_build_defer_index.js:184 in isHiddenApp: Unexpected role when checking hidden app: undefined
04-25 12:37:58.401 E/GeckoConsole(  881): Content JS WARN at app://homescreen.gaiamobile.org/gaia_build_defer_index.js:184 in isHiddenApp: Unexpected role when checking hidden app: undefined
04-25 12:37:58.401 E/GeckoConsole(  881): Content JS WARN at app://homescreen.gaiamobile.org/gaia_build_defer_index.js:184 in isHiddenApp: Unexpected role when checking hidden app: undefined
04-25 12:37:58.401 E/GeckoConsole(  881): Content JS WARN at app://homescreen.gaiamobile.org/gaia_build_defer_index.js:184 in isHiddenApp: Unexpected role when checking hidden app: undefined
04-25 12:37:58.401 E/GeckoConsole(  881): Content JS WARN at app://homescreen.gaiamobile.org/gaia_build_defer_index.js:184 in isHiddenApp: Unexpected role when checking hidden app: undefined
04-25 12:37:58.401 E/GeckoConsole(  881): Content JS WARN at app://homescreen.gaiamobile.org/gaia_build_defer_index.js:184 in isHiddenApp: Unexpected role when checking hidden app: undefined
04-25 12:37:58.401 E/GeckoConsole(  881): Content JS WARN at app://homescreen.gaiamobile.org/gaia_build_defer_index.js:184 in isHiddenApp: Unexpected role when checking hidden app: undefined
04-25 12:37:58.401 E/GeckoConsole(  881): Content JS WARN at app://homescreen.gaiamobile.org/gaia_build_defer_index.js:184 in isHiddenApp: Unexpected role when checking hidden app: undefined
04-25 12:37:58.401 E/GeckoConsole(  881): Content JS WARN at app://homescreen.gaiamobile.org/gaia_build_defer_index.js:184 in isHiddenApp: Unexpected role when checking hidden app: undefined
04-25 12:37:58.401 E/GeckoConsole(  881): Content JS WARN at app://homescreen.gaiamobile.org/gaia_build_defer_index.js:184 in isHiddenApp: Unexpected role when checking hidden app: undefined
04-25 12:37:58.491 I/Gecko   (   84): 1398454678507	Marionette	INFO	sendToClient: {"from":"0","ok":true}, {ee76ff26-82ad-492a-99b2-482e87e9ae6b}, {ee76ff26-82ad-492a-99b2-482e87e9ae6b}
04-25 12:37:58.501 I/Gecko   (   84): 1398454678513	Marionette	DEBUG	Got request: executeWithCallback, data: {"to":"0","sessionId":"3-b2g","name":"executeAsyncScript","parameters":{"specialPowers":false,"scriptTimeout":30000,"newSandbox":true,"args":[],"filename":"app_checker.py","script":"GaiaApps.launchWithManifestURL('https://marketplace.firefox.com/app/add54da6-4109-4cee-a6aa-f16bf8bc8239/manifest.webapp')","line":106}}, id: {7f0b56bc-f312-4d20-913a-5cca910bab55}
04-25 12:37:58.861 I/Gonk    (   84): Setting nice for pid 902 to 18
04-25 12:37:58.861 I/Gonk    (   84): Changed nice for pid 902 from 0 to 18.
04-25 12:37:58.861 I/Gecko   (   84): [Parent 84] WARNING: waitpid failed pid:902 errno:10: file ../../../gecko/ipc/chromium/src/base/process_util_posix.cc, line 254
04-25 12:37:58.871 I/Gonk    (   84): Setting nice for pid 902 to 1
04-25 12:37:58.871 I/Gonk    (   84): Changed nice for pid 902 from 18 to 1.
04-25 12:37:58.981 E/GeckoConsole(   84): Content JS LOG at dummy file:334 in GaiaApps.launch: launching app with name 'Good Calc'
04-25 12:37:59.231 E/[Gralloc-ERROR](   84): int gralloc_register_buffer(const gralloc_module_t*, const native_handle_t*):79 Unable to register handle 0x49f22830 coming from different process: 84
04-25 12:37:59.261 E/[Gralloc-ERROR](   84): int gralloc_register_buffer(const gralloc_module_t*, const native_handle_t*):79 Unable to register handle 0x49f228d0 coming from different process: 84
04-25 12:37:59.281 E/[Gralloc-ERROR](   84): int gralloc_register_buffer(const gralloc_module_t*, const native_handle_t*):79 Unable to register handle 0x49f229c0 coming from different process: 84
04-25 12:37:59.281 E/[Gralloc-ERROR](   84): int gralloc_register_buffer(const gralloc_module_t*, const native_handle_t*):79 Unable to register handle 0x49f22ab0 coming from different process: 84
04-25 12:37:59.321 D/Sensors (   84): activate handle=0; drv=0
04-25 12:37:59.331 D/Sensors (   84): Lis3dhSensor: Control set 1
04-25 12:37:59.331 D/Sensors (   84): Lis3dhSensor: mEnabled = 1
04-25 12:37:59.471 I/Gonk    (   84): Setting nice for pid 881 to 18
04-25 12:37:59.471 I/Gonk    (   84): Changed nice for pid 881 from 1 to 18.
04-25 12:37:59.851 E/GeckoConsole(  902): [JavaScript Warning: "SyntaxError: Using //@ to indicate sourceMappingURL pragmas is deprecated. Use //# instead" {file: "app://{1b1a62fe-92f9-45bf-afd2-e6d0d1c920e0}/js/jquery-1.10.2.min.js" line: 1}]
04-25 12:38:00.101 E/GeckoConsole(  902): [JavaScript Warning: "Expected color but found 'auto'.  Error in parsing value for 'color'.  Declaration dropped." {file: "app://{1b1a62fe-92f9-45bf-afd2-e6d0d1c920e0}/css/powerTouch.css" line: 140 column: 7 source: "	color:auto;"}]
04-25 12:38:00.111 E/GeckoConsole(  902): [JavaScript Warning: "Unknown property 'box-sizing'.  Declaration dropped." {file: "app://{1b1a62fe-92f9-45bf-afd2-e6d0d1c920e0}/css/powerTouch.css" line: 350 column: 12 source: "		box-sizing: border-box;"}]
04-25 12:38:00.111 E/GeckoConsole(  902): [JavaScript Warning: "Error in parsing value for 'text-shadow'.  Declaration dropped." {file: "app://{1b1a62fe-92f9-45bf-afd2-e6d0d1c920e0}/css/powerTouch.css" line: 525 column: 26 source: "		text-shadow:1px 1px 3px 3px #fff;"}]
04-25 12:38:00.111 E/GeckoConsole(  902): [JavaScript Warning: "Unknown property 'box-sizing'.  Declaration dropped." {file: "app://{1b1a62fe-92f9-45bf-afd2-e6d0d1c920e0}/css/powerTouch.css" line: 549 column: 12 source: "		box-sizing:border-box;"}]
04-25 12:38:00.111 E/GeckoConsole(  902): [JavaScript Warning: "Unknown property 'user-select'.  Declaration dropped." {file: "app://{1b1a62fe-92f9-45bf-afd2-e6d0d1c920e0}/css/base.css" line: 17 column: 12 source: "	user-select: none;"}]
04-25 12:38:00.201 I/Gecko   (   84): 
04-25 12:38:00.201 I/Gecko   (   84): ###!!! [Parent][MessageChannel] Error: Channel error: cannot send/recv
04-25 12:38:00.201 I/Gecko   (   84): 
04-25 12:38:00.251 I/Gecko   (   84): [Parent 84] WARNING: waitpid failed pid:881 errno:10: file ../../../gecko/ipc/chromium/src/base/process_util_posix.cc, line 254
04-25 12:38:00.511 E/GeckoConsole(  902): [JavaScript Warning: "Unknown property 'box-sizing'.  Declaration dropped." {file: "app://{1b1a62fe-92f9-45bf-afd2-e6d0d1c920e0}/index.htm" line: 0 column: 10 source: "box-sizing:border-box;-moz-box-sizing:border-box;-webkit-box-sizing:border-box;padding:1px;border:1px;display:block;width:4px;margin-top:1%;position:absolute;top:1%;"}]
04-25 12:38:00.511 E/GeckoConsole(  902): [JavaScript Warning: "Unknown property 'box-sizing'.  Declaration dropped." {file: "app://{1b1a62fe-92f9-45bf-afd2-e6d0d1c920e0}/index.htm" line: 0 column: 52 source: "padding:0;margin:0;border:0;display:block;box-sizing:content-box;-moz-box-sizing:content-box;-webkit-box-sizing:content-box;"}]
04-25 12:38:00.511 E/GeckoConsole(  902): [JavaScript Warning: "Unknown property 'box-sizing'.  Declaration dropped." {file: "app://{1b1a62fe-92f9-45bf-afd2-e6d0d1c920e0}/index.htm" line: 0 column: 52 source: "padding:0;margin:0;border:0;display:block;box-sizing:content-box;-moz-box-sizing:content-box;-webkit-box-sizing:content-box;"}]
04-25 12:38:00.981 E/GeckoConsole(  902): Content JS LOG at app://{1b1a62fe-92f9-45bf-afd2-e6d0d1c920e0}/js/powertouch-js.js:20 in powertouch: [object Object]
04-25 12:38:00.981 E/GeckoConsole(  902): Content JS WARN at app://{1b1a62fe-92f9-45bf-afd2-e6d0d1c920e0}/js/l10n.js:83 in consoleWarn: [l10n] app://{1b1a62fe-92f9-45bf-afd2-e6d0d1c920e0}/lang/english.properties not found.
04-25 12:38:00.981 E/GeckoConsole(  902): Content JS WARN at app://{1b1a62fe-92f9-45bf-afd2-e6d0d1c920e0}/js/l10n.js:102 in consoleWarn_missingKeys: [l10n] 3 missing key(s) for [en-US]: SubTitleApp, TapAndHold, DeleteAll
04-25 12:38:01.281 I/Gonk    (   84): Setting nice for pid 954 to 18
04-25 12:38:01.281 I/Gonk    (   84): Changed nice for pid 954 from 0 to 18.
04-25 12:38:01.291 E/GeckoConsole(   84): Content JS LOG at dummy file:326 in GaiaApps.launch/appOpen/<: app with origin 'app://{1b1a62fe-92f9-45bf-afd2-e6d0d1c920e0}' has launched
04-25 12:38:01.301 E/[Gralloc-ERROR](   84): int gralloc_unregister_buffer(const gralloc_module_t*, const native_handle_t*):274 Trying to unregister buffer 0x49f228d0 from process 84 that was not created in current process: 84
04-25 12:38:02.101 I/Gecko   (   84): 1398454682116	Marionette	INFO	sendToClient: {"from":"0","value":{"frame":{"ELEMENT":"{5a4a5442-afe9-43f9-9f09-d57a347358f2}"},"src":"app://{1b1a62fe-92f9-45bf-afd2-e6d0d1c920e0}/index.htm","name":"Good Calc","origin":"app://{1b1a62fe-92f9-45bf-afd2-e6d0d1c920e0}"}}, {7f0b56bc-f312-4d20-913a-5cca910bab55}, {7f0b56bc-f312-4d20-913a-5cca910bab55}
04-25 12:38:02.191 E/[Gralloc-ERROR](   84): int gralloc_unregister_buffer(const gralloc_module_t*, const native_handle_t*):274 Trying to unregister buffer 0x49f22830 from process 84 that was not created in current process: 84
04-25 12:38:02.191 E/[Gralloc-ERROR](   84): int gralloc_unregister_buffer(const gralloc_module_t*, const native_handle_t*):274 Trying to unregister buffer 0x49f229c0 from process 84 that was not created in current process: 84
04-25 12:38:02.191 E/[Gralloc-ERROR](   84): int gralloc_unregister_buffer(const gralloc_module_t*, const native_handle_t*):274 Trying to unregister buffer 0x49f22ab0 from process 84 that was not created in current process: 84
04-25 12:38:02.201 I/Gonk    (   84): Setting nice for pid 954 to 18
04-25 12:38:02.201 I/Gonk    (   84): Changed nice for pid 954 from 18 to 18.
04-25 12:38:02.211 I/Gecko   (   84): [Parent 84] WARNING: waitpid failed pid:954 errno:10: file ../../../gecko/ipc/chromium/src/base/process_util_posix.cc, line 254
04-25 12:38:02.261 I/Gecko   (   84): [Parent 84] WARNING: waitpid failed pid:881 errno:10: file ../../../gecko/ipc/chromium/src/base/process_util_posix.cc, line 254
04-25 12:38:02.261 I/Gecko   (   84): [Parent 84] WARNING: Failed to deliver SIGKILL to 881!(3).: file ../../../gecko/ipc/chromium/src/chrome/common/process_watcher_posix_sigchld.cc, line 118
04-25 12:38:02.291 W/WifiHW  (   84): wifi_command: SIGNAL_POLL
04-25 12:38:02.321 I/Gecko   (   84): 1398454682330	Marionette	DEBUG	Got request: switchToFrame, data: {"to":"0","sessionId":"3-b2g","name":"switchToFrame","parameters":{"focus":true,"element":"{5a4a5442-afe9-43f9-9f09-d57a347358f2}"}}, id: {daf34520-6b5e-4c34-b87b-7581b7d9d8c3}
04-25 12:38:02.331 I/Gecko   (   84): 1398454682345	Marionette	INFO	Switched to frame: {"frameValue":"{5a4a5442-afe9-43f9-9f09-d57a347358f2}"}
04-25 12:38:02.331 I/Gecko   (   84): 1398454682347	Marionette	INFO	trying remote frame 0
04-25 12:38:02.331 I/Gecko   (   84): 1398454682348	Marionette	INFO	deleting frame
04-25 12:38:02.371 I/Gecko   (   84): 1398454682388	Marionette	INFO	frame-manager load script: [object ChromeMessageSender]
04-25 12:38:03.011 I/Gecko   (   84): 1398454683024	Marionette	INFO	sendToClient: {"from":"0","ok":true}, {daf34520-6b5e-4c34-b87b-7581b7d9d8c3}, {daf34520-6b5e-4c34-b87b-7581b7d9d8c3}
04-25 12:38:03.121 I/Gecko   (   84): 1398454683133	Marionette	INFO	sendToClient: {"from":"0","value":"app://{1b1a62fe-92f9-45bf-afd2-e6d0d1c920e0}/index.htm"}, {bf27e6a9-7fc7-41eb-9fec-8a6049c53840}, {bf27e6a9-7fc7-41eb-9fec-8a6049c53840}
04-25 12:38:03.151 I/Gecko   (   84): 1398454683164	Marionette	DEBUG	Got request: execute, data: {"to":"0","sessionId":"3-b2g","name":"executeScript","parameters":{"specialPowers":false,"scriptTimeout":null,"newSandbox":true,"args":[],"filename":"app_checker.py","script":"return window.document.readyState;","line":191}}, id: {88ae0e19-d664-4525-8e13-3945b65dc470}
04-25 12:38:03.261 I/Gonk    (   84): Setting nice for pid 954 to 18
04-25 12:38:03.271 I/Gonk    (   84): Changed nice for pid 954 from 18 to 18.
04-25 12:38:03.311 I/Gecko   (   84): 1398454683323	Marionette	INFO	sendToClient: {"from":"0","value":"complete"}, {88ae0e19-d664-4525-8e13-3945b65dc470}, {88ae0e19-d664-4525-8e13-3945b65dc470}
04-25 12:38:03.331 I/Gecko   (   84): 1398454683343	Marionette	INFO	sendToClient: {"from":"0","value":"app://{1b1a62fe-92f9-45bf-afd2-e6d0d1c920e0}/index.htm"}, {bf2c4a70-04bf-43b1-873b-151e3f0c5579}, {bf2c4a70-04bf-43b1-873b-151e3f0c5579}
04-25 12:38:03.341 I/Gecko   (  902): Attempting load of libEGL.so
04-25 12:38:03.461 D/libEGL  (  902): loaded /system/lib/egl/libEGL_mali.so
04-25 12:38:03.481 D/libEGL  (  902): loaded /system/lib/egl/libGLESv1_CM_mali.so
04-25 12:38:03.491 D/libEGL  (  902): loaded /system/lib/egl/libGLESv2_mali.so
04-25 12:38:03.511 I/Gecko   (  902): SharedSurface_Gralloc::Create -------
04-25 12:38:03.581 I/Gecko   (  902): SharedSurface_Gralloc::Create: success -- surface 0x432b03c0, GraphicBuffer 0x43df0a00.
04-25 12:38:04.821 I/Gonk    (   84): Setting nice for pid 967 to 18
04-25 12:38:04.821 I/Gonk    (   84): Changed nice for pid 967 from 0 to 18.
04-25 12:38:05.281 I/Gecko   (   84): 
04-25 12:38:05.281 I/Gecko   (   84): ###!!! [Parent][MessageChannel] Error: Channel error: cannot send/recv
04-25 12:38:05.281 I/Gecko   (   84): 
04-25 12:38:05.511 I/Gecko   (   84): 1398454685525	Marionette	INFO	sendToClient: {"from":"0","value":"iVBORw0KGgoAAAANSUhEUgAAAUAAAAHMCAYAAACk4nEJAAAgAElEQVR4nO2deXTV9bn1n5ABQgoUQQXUelFBoVduxQGVQRAVK9JiC44F0VK9QFsFFVpcUi3G6UX7qojCW5UpyHAlaAhacOAyT4ITEkBBtASkjGJCcnp79/vH6UmjkOQkX2X/HrJd6/MP+Z64117P88mZfueYmUEIIWop9ABCCMGCHkAIIVjQAwghBAt6ACGEYEEPIIQQLOgBhBCCBT2AEEKwoAcQQggW9ABCCMGCHkAIIVjQAwghBAt6ACGEYEEPIIQQLOgBhBCCBT2AEEKwoAcQQggW9ABCCMGCHkAIIVjQAwghBAt6ACGEYEEPIIQQLOgBhBCCBT2AEEKwoAcQQggW9ABCCMGCHkAIIVjQAwghBAt6ACGEYEEPIIQQLOgBhBCCBT2AEEKwoAcQQggW9ABCCMGCHkAIIVjQAwghBAt6ACGEYEEPIIQQLOgBhBCCBT2AEEKwoAcQQggW9ABCCMGCHkAIIVjQAwghBAt6ACGEYEEPIIQQLOgBhBCCBT2AEEKwoAcQQggW9ABCCMGCHkAIIVjQAwghBAt6ACGEYEEPIIQQLOgBhBCCBT2AEEKwoAcQQggW9ABCCMGCHkAIIVjQAwghBAt6ACGEYEEPIIQQLOgBhBCCBT2AEEKwoAcQQggW9ABCCMGCHkAIIVjQAwghBAt6ACGEYEEPIIQQLOgBhBCCBT2AEEKwoAcQQggW9ABCCMGCHkAIIVjQAwghBAt6ACGEYEEPIIQQLOgBhBCCBT2AEEKwoAcQQggW9ABCCMGCHkAIIVjQAwghBAt6ACGEYEEPIIQQLOgBhBCCBT2AEEKwoAcQQggW9ABCCMGCHkAIIThszm4GIYQ/1qxZIwIxTGoLUTM2ZzejZ/CM+gtjzZo1KCwsFAFIgAFogdUfEwlQAqSiBVZ/TC
04-25 12:38:05.561 I/Gecko   (   84): [Parent 84] WARNING: waitpid failed pid:954 errno:10: file ../../../gecko/ipc/chromium/src/base/process_util_posix.cc, line 254
04-25 12:38:05.791 I/Gecko   (   84): 1398454685804	Marionette	INFO	sendToClient: {"from":"0","ok":true}, {ab76926c-204c-4bdc-9cd0-774c2024f63c}, {ab76926c-204c-4bdc-9cd0-774c2024f63c}
04-25 12:38:05.801 I/Gecko   (   84): 1398454685810	Marionette	DEBUG	Got request: switchToFrame, data: {"to":"0","sessionId":"3-b2g","name":"switchToFrame","parameters":{"id":null,"focus":true}}, id: {e630f7b1-781c-4df7-b574-6f5fd2cfff72}
04-25 12:38:05.811 I/Gecko   (   84): 1398454685828	Marionette	INFO	Switched to frame: {"frameValue":null}
04-25 12:38:05.931 I/Gecko   (   84): 1398454685945	Marionette	INFO	sendToClient: {"from":"0","ok":true}, {e630f7b1-781c-4df7-b574-6f5fd2cfff72}, {e630f7b1-781c-4df7-b574-6f5fd2cfff72}
04-25 12:38:05.941 I/Gecko   (   84): 1398454685951	Marionette	DEBUG	Got request: executeWithCallback, data: {"to":"0","sessionId":"3-b2g","name":"executeAsyncScript","parameters":{"specialPowers":false,"scriptTimeout":null,"newSandbox":true,"args":[],"filename":"gaia_test.py","script":"return GaiaApps.displayedApp();","line":66}}, id: {7a349667-6d09-487a-96e9-396b97cd98bc}
04-25 12:38:06.041 E/GeckoConsole(   84): Content JS LOG at dummy file:392 in GaiaApps.displayedApp: app with origin 'app://{1b1a62fe-92f9-45bf-afd2-e6d0d1c920e0}' is displayed
04-25 12:38:06.051 I/Gecko   (   84): 1398454686060	Marionette	INFO	sendToClient: {"from":"0","value":{"frame":{"ELEMENT":"{5a4a5442-afe9-43f9-9f09-d57a347358f2}"},"src":"app://{1b1a62fe-92f9-45bf-afd2-e6d0d1c920e0}/index.htm","name":"Good Calc","origin":"app://{1b1a62fe-92f9-45bf-afd2-e6d0d1c920e0}"}}, {7a349667-6d09-487a-96e9-396b97cd98bc}, {7a349667-6d09-487a-96e9-396b97cd98bc}
04-25 12:38:06.051 I/Gecko   (   84): 1398454686065	Marionette	DEBUG	Got request: switchToFrame, data: {"to":"0","sessionId":"3-b2g","name":"switchToFrame","parameters":{"id":null,"focus":true}}, id: {d78cc948-ab43-4677-9eeb-534fd26b3771}
04-25 12:38:06.051 I/Gecko   (   84): 1398454686067	Marionette	INFO	Switched to frame: {"frameValue":null}
04-25 12:38:06.161 I/Gecko   (   84): 1398454686169	Marionette	INFO	sendToClient: {"from":"0","ok":true}, {d78cc948-ab43-4677-9eeb-534fd26b3771}, {d78cc948-ab43-4677-9eeb-534fd26b3771}
04-25 12:38:06.161 I/Gecko   (   84): 1398454686176	Marionette	DEBUG	Got request: execute, data: {"to":"0","sessionId":"3-b2g","name":"executeScript","parameters":{"specialPowers":false,"scriptTimeout":null,"newSandbox":true,"args":[],"filename":"gaia_test.py","script":"window.wrappedJSObject.dispatchEvent(new Event('home'));","line":788}}, id: {aad06d25-7fcf-4bfa-a846-7ba43f81358e}
04-25 12:38:06.281 I/Gonk    (   84): Setting nice for pid 967 to 18
04-25 12:38:06.281 I/Gonk    (   84): Changed nice for pid 967 from 18 to 18.
04-25 12:38:06.281 I/Gecko   (   84): [Parent 84] WARNING: waitpid failed pid:967 errno:10: file ../../../gecko/ipc/chromium/src/base/process_util_posix.cc, line 254
04-25 12:38:06.311 I/Gonk    (   84): Setting nice for pid 967 to 1
04-25 12:38:06.311 I/Gonk    (   84): Changed nice for pid 967 from 18 to 1.
04-25 12:38:06.331 D/Sensors (   84): activate handle=0; drv=0
04-25 12:38:06.331 D/Sensors (   84): Lis3dhSensor: Control set 0
04-25 12:38:06.331 D/Sensors (   84): Lis3dhSensor: mEnabled = 0
04-25 12:38:06.391 I/Gecko   (   84): 1398454686401	Marionette	INFO	sendToClient: {"from":"0","value":null}, {aad06d25-7fcf-4bfa-a846-7ba43f81358e}, {aad06d25-7fcf-4bfa-a846-7ba43f81358e}
04-25 12:38:06.411 I/Gecko   (   84): 1398454686424	Marionette	DEBUG	Got request: switchToFrame, data: {"to":"0","sessionId":"3-b2g","name":"switchToFrame","parameters":{"id":null,"focus":true}}, id: {43bcb462-361d-492d-b6dd-af40b8b8fa00}
04-25 12:38:06.441 I/Gecko   (   84): 1398454686451	Marionette	INFO	Switched to frame: {"frameValue":null}
04-25 12:38:06.551 I/Gecko   (   84): 1398454686559	Marionette	INFO	sendToClient: {"from":"0","ok":true}, {43bcb462-361d-492d-b6dd-af40b8b8fa00}, {43bcb462-361d-492d-b6dd-af40b8b8fa00}
04-25 12:38:06.551 I/Gecko   (   84): 1398454686565	Marionette	DEBUG	Got request: executeWithCallback, data: {"to":"0","sessionId":"3-b2g","name":"executeAsyncScript","parameters":{"specialPowers":false,"scriptTimeout":null,"newSandbox":true,"args":[],"filename":"gaia_test.py","script":"return GaiaApps.displayedApp();","line":66}}, id: {5b0164c9-b389-474e-b080-04bfc326cd68}
04-25 12:38:06.781 I/Gecko   (   84): 1398454686791	Marionette	INFO	sendToClient: {"from":"0","value":{"frame":{"ELEMENT":"{b753a498-66e7-430f-8e69-8176951a1ced}"},"src":"app://homescreen.gaiamobile.org/index.html#root","name":"Homescreen","origin":"app://homescreen.gaiamobile.org"}}, {5b0164c9-b389-474e-b080-04bfc326cd68}, {5b0164c9-b389-474e-b080-04bfc326cd68}
04-25 12:38:06.801 E/GeckoConsole(   84): Content JS LOG at dummy file:392 in GaiaApps.displayedApp: app with origin 'app://homescreen.gaiamobile.org' is displayed
04-25 12:38:06.971 I/Gecko   (   84): 1398454686980	Marionette	DEBUG	Got request: switchToFrame, data: {"to":"0","sessionId":"3-b2g","name":"switchToFrame","parameters":{"id":null,"focus":true}}, id: {d40cfd1e-79ea-496c-8a8d-a549a8b19f12}
04-25 12:38:06.971 I/Gecko   (   84): 1398454686982	Marionette	INFO	Switched to frame: {"frameValue":null}
04-25 12:38:07.071 I/Gecko   (   84): 1398454687088	Marionette	INFO	sendToClient: {"from":"0","ok":true}, {d40cfd1e-79ea-496c-8a8d-a549a8b19f12}, {d40cfd1e-79ea-496c-8a8d-a549a8b19f12}
04-25 12:38:07.081 I/Gecko   (   84): 1398454687094	Marionette	DEBUG	Got request: switchToFrame, data: {"to":"0","sessionId":"3-b2g","name":"switchToFrame","parameters":{"id":null,"focus":true}}, id: {80092222-60d5-4409-b880-4dc4757e516a}
04-25 12:38:07.081 I/Gecko   (   84): 1398454687096	Marionette	INFO	Switched to frame: {"frameValue":null}
04-25 12:38:07.191 I/Gecko   (   84): 1398454687199	Marionette	INFO	sendToClient: {"from":"0","ok":true}, {80092222-60d5-4409-b880-4dc4757e516a}, {80092222-60d5-4409-b880-4dc4757e516a}
04-25 12:38:07.191 I/Gecko   (   84): 1398454687206	Marionette	DEBUG	Got request: executeWithCallback, data: {"to":"0","sessionId":"3-b2g","name":"executeAsyncScript","parameters":{"specialPowers":false,"scriptTimeout":null,"newSandbox":true,"args":[],"filename":"gaia_test.py","script":"return GaiaApps.displayedApp();","line":66}}, id: {a7b381b6-8a57-4bd6-b944-2aeebb2e132a}
04-25 12:38:07.281 I/Gecko   (   84): 1398454687290	Marionette	INFO	sendToClient: {"from":"0","value":{"frame":{"ELEMENT":"{b753a498-66e7-430f-8e69-8176951a1ced}"},"src":"app://homescreen.gaiamobile.org/index.html#root","name":"Homescreen","origin":"app://homescreen.gaiamobile.org"}}, {a7b381b6-8a57-4bd6-b944-2aeebb2e132a}, {a7b381b6-8a57-4bd6-b944-2aeebb2e132a}
04-25 12:38:07.281 E/GeckoConsole(   84): Content JS LOG at dummy file:392 in GaiaApps.displayedApp: app with origin 'app://homescreen.gaiamobile.org' is displayed
04-25 12:38:07.281 I/Gecko   (   84): 1398454687298	Marionette	DEBUG	Got request: switchToFrame, data: {"to":"0","sessionId":"3-b2g","name":"switchToFrame","parameters":{"focus":true,"element":"{b753a498-66e7-430f-8e69-8176951a1ced}"}}, id: {7c8e287b-877b-4241-b687-a44163743b05}
04-25 12:38:07.561 I/Gecko   (   84): [Parent 84] WARNING: waitpid failed pid:954 errno:10: file ../../../gecko/ipc/chromium/src/base/process_util_posix.cc, line 254
04-25 12:38:07.561 I/Gecko   (   84): [Parent 84] WARNING: Failed to deliver SIGKILL to 954!(3).: file ../../../gecko/ipc/chromium/src/chrome/common/process_watcher_posix_sigchld.cc, line 118
04-25 12:38:08.181 I/Gecko   (   84): 1398454688198	Marionette	INFO	Switched to frame: {"frameValue":"{b753a498-66e7-430f-8e69-8176951a1ced}"}
04-25 12:38:08.201 W/WifiHW  (   84): wifi_command: SIGNAL_POLL
04-25 12:38:08.311 I/Gonk    (   84): Setting nice for pid 977 to 18
04-25 12:38:08.311 I/Gonk    (   84): Changed nice for pid 977 from 0 to 18.
04-25 12:38:08.931 I/Gecko   (   84): 1398454688942	Marionette	INFO	trying remote frame 0
04-25 12:38:08.931 I/Gecko   (   84): 1398454688943	Marionette	INFO	deleting frame
04-25 12:38:08.941 I/Gecko   (   84): 1398454688949	Marionette	INFO	frame-manager load script: [object ChromeMessageSender]
04-25 12:38:09.531 I/Gonk    (   84): Setting nice for pid 902 to 18
04-25 12:38:09.531 I/Gonk    (   84): Changed nice for pid 902 from 1 to 18.
04-25 12:38:10.031 I/Gecko   (  967): ###################################### forms.js loaded
04-25 12:38:10.081 I/Gecko   (  967): ############################### browserElementPanning.js loaded
04-25 12:38:10.101 I/Gecko   (  967): ######################## BrowserElementChildPreload.js loaded
04-25 12:38:10.401 I/Gecko   (   84): 
04-25 12:38:10.401 I/Gecko   (   84): ###!!! [Parent][MessageChannel] Error: Channel error: cannot send/recv
04-25 12:38:10.401 I/Gecko   (   84): 
04-25 12:38:10.491 I/Gecko   (   84): [Parent 84] WARNING: waitpid failed pid:902 errno:10: file ../../../gecko/ipc/chromium/src/base/process_util_posix.cc, line 254
04-25 12:38:11.161 I/Gecko   (   84): 1398454691172	Marionette	INFO	sendToClient: {"from":"0","ok":true}, {7c8e287b-877b-4241-b687-a44163743b05}, {7c8e287b-877b-4241-b687-a44163743b05}
04-25 12:38:11.561 I/Gecko   (   84): 1398454691572	Marionette	INFO	sendToClient: {"from":"0","value":"app://homescreen.gaiamobile.org/index.html#root"}, {4b36d15e-760c-43de-945c-52849b8ce80f}, {4b36d15e-760c-43de-945c-52849b8ce80f}
04-25 12:38:11.571 I/Gecko   (   84): 1398454691581	Marionette	DEBUG	Got request: switchToFrame, data: {"to":"0","sessionId":"3-b2g","name":"switchToFrame","parameters":{"id":null,"focus":true}}, id: {2c61d5d1-2b40-4d0c-938b-089846d351b6}
04-25 12:38:11.601 I/Gecko   (   84): 1398454691612	Marionette	INFO	Switched to frame: {"frameValue":null}
04-25 12:38:11.711 I/Gecko   (   84): 1398454691722	Marionette	INFO	sendToClient: {"from":"0","ok":true}, {2c61d5d1-2b40-4d0c-938b-089846d351b6}, {2c61d5d1-2b40-4d0c-938b-089846d351b6}
04-25 12:38:11.711 I/Gecko   (   84): 1398454691728	Marionette	DEBUG	Got request: switchToFrame, data: {"to":"0","sessionId":"3-b2g","name":"switchToFrame","parameters":{"id":null,"focus":true}}, id: {f19473e9-6680-4884-9e08-0e4d8deb2d4b}
04-25 12:38:11.731 I/Gecko   (   84): 1398454691741	Marionette	INFO	Switched to frame: {"frameValue":null}
04-25 12:38:11.841 I/Gecko   (   84): 1398454691851	Marionette	INFO	sendToClient: {"from":"0","ok":true}, {f19473e9-6680-4884-9e08-0e4d8deb2d4b}, {f19473e9-6680-4884-9e08-0e4d8deb2d4b}
04-25 12:38:11.851 I/Gecko   (   84): 1398454691859	Marionette	DEBUG	Got request: executeWithCallback, data: {"to":"0","sessionId":"3-b2g","name":"executeAsyncScript","parameters":{"specialPowers":false,"scriptTimeout":null,"newSandbox":true,"args":[],"filename":"gaia_test.py","script":"GaiaApps.killAll()","line":91}}, id: {3fd7177c-676b-4535-999a-ea9d34828c9c}
04-25 12:38:11.941 I/Gecko   (   84): 1398454691951	Marionette	INFO	sendToClient: {"from":"0","value":true}, {3fd7177c-676b-4535-999a-ea9d34828c9c}, {3fd7177c-676b-4535-999a-ea9d34828c9c}
04-25 12:38:11.941 I/Gecko   (   84): 1398454691956	Marionette	DEBUG	Got request: switchToFrame, data: {"to":"0","sessionId":"3-b2g","name":"switchToFrame","parameters":{"id":null,"focus":true}}, id: {1fccbae8-33d1-4001-b5c7-f5d80bb61f97}
04-25 12:38:11.941 I/Gecko   (   84): 1398454691958	Marionette	INFO	Switched to frame: {"frameValue":null}
04-25 12:38:12.061 I/Gecko   (   84): 1398454692074	Marionette	INFO	sendToClient: {"from":"0","ok":true}, {1fccbae8-33d1-4001-b5c7-f5d80bb61f97}, {1fccbae8-33d1-4001-b5c7-f5d80bb61f97}
04-25 12:38:12.071 I/Gecko   (   84): 1398454692080	Marionette	DEBUG	Got request: executeWithCallback, data: {"to":"0","sessionId":"3-b2g","name":"executeAsyncScript","parameters":{"specialPowers":false,"scriptTimeout":60000,"newSandbox":true,"args":[],"filename":"app_checker.py","script":"\n        GaiaApps.locateWithManifestURL('https://marketplace.firefox.com/app/add54da6-4109-4cee-a6aa-f16bf8bc8239/manifest.webapp',\n                                       null,\n                                       function uninstall(app) {\n                                       navigator.mozApps.mgmt.uninstall(app);\n                                       marionetteScriptFinished(true);\n                                       });\n        ","line":129}}, id: {a8409297-becf-4a81-a7dc-72f0c06b392a}
04-25 12:38:12.131 I/Gecko   (   84): -- webapps.js uninstall https://marketplace.firefox.com/app/add54da6-4109-4cee-a6aa-f16bf8bc8239/manifest.webapp
04-25 12:38:12.491 I/Gecko   (   84): [Parent 84] WARNING: waitpid failed pid:902 errno:10: file ../../../gecko/ipc/chromium/src/base/process_util_posix.cc, line 254
04-25 12:38:12.491 I/Gecko   (   84): [Parent 84] WARNING: Failed to deliver SIGKILL to 902!(3).: file ../../../gecko/ipc/chromium/src/chrome/common/process_watcher_posix_sigchld.cc, line 118
04-25 12:38:12.651 I/Gecko   (   84): 1398454692659	Marionette	INFO	sendToClient: {"from":"0","value":true}, {a8409297-becf-4a81-a7dc-72f0c06b392a}, {a8409297-becf-4a81-a7dc-72f0c06b392a}