--------- beginning of /dev/log/main
04-28 06:47:11.965 I/Gecko   (   84): 1398692831984	Marionette	INFO	sendToClient: {"from":"0","ok":true}, {1ce5192d-5b4d-4f84-be4a-d29b7f036fd0}, {1ce5192d-5b4d-4f84-be4a-d29b7f036fd0}
04-28 06:47:12.025 I/Gecko   (   84): 1398692832044	Marionette	DEBUG	Got request: switchToFrame, data: {"to":"0","sessionId":"3-b2g","name":"switchToFrame","parameters":{"id":null,"focus":true}}, id: {acc460bb-cfa7-4927-be70-78246646638a}
04-28 06:47:12.035 I/Gecko   (   84): 1398692832049	Marionette	INFO	Switched to frame: {"frameValue":null}
04-28 06:47:12.145 V/AudioPolicyManagerBase(   89): startOutput() output 1, stream 1, session 3
04-28 06:47:12.145 V/AudioPolicyManagerBase(   89): changeRefCount() stream 1, count 1
04-28 06:47:12.145 V/AudioPolicyManagerBase(   89): getDeviceForStrategy() from cache strategy 0, device 2
04-28 06:47:12.145 V/AudioPolicyManagerBase(   89): getNewDevice() selected device 2
04-28 06:47:12.145 D/AudioPolicyManagerBase(   89): setOutputDevice() output 1 device 2 delayMs 0
04-28 06:47:12.145 V/AudioPolicyManagerBase(   89): setOutputDevice() setting same device 2 or null device for output 1
04-28 06:47:12.145 E/AudioPolicyManagerBase(   89): checkAndSetVolume stream=1, index=0, output=1, device=2
04-28 06:47:12.145 E/AudioPolicyManagerBase(   89): computeVolume, streamDesc=0xc02bb8
04-28 06:47:12.155 I/Gecko   (   84): 1398692832173	Marionette	INFO	sendToClient: {"from":"0","ok":true}, {acc460bb-cfa7-4927-be70-78246646638a}, {acc460bb-cfa7-4927-be70-78246646638a}
04-28 06:47:12.175 I/Gecko   (   84): 1398692832190	Marionette	DEBUG	Got request: executeWithCallback, data: {"to":"0","sessionId":"3-b2g","name":"executeAsyncScript","parameters":{"specialPowers":false,"scriptTimeout":null,"newSandbox":true,"args":[],"filename":"gaia_test.py","script":"return GaiaApps.displayedApp();","line":66}}, id: {6476c11f-7b7c-4b53-af1c-d097521855ae}
04-28 06:47:12.225 W/AudioFlinger(   89): Thread AudioOut_1 cannot connect to the power manager service
04-28 06:47:12.235 V/AudioPolicyManagerBase(   89): stopOutput() output 1, stream 1, session 3
04-28 06:47:12.235 V/AudioPolicyManagerBase(   89): changeRefCount() stream 1, count 0
04-28 06:47:12.235 V/AudioPolicyManagerBase(   89): getNewDevice() selected device 0
04-28 06:47:12.235 D/AudioPolicyManagerBase(   89): setOutputDevice() output 1 device 0 delayMs 290
04-28 06:47:12.235 V/AudioPolicyManagerBase(   89): setOutputDevice() setting same device 0 or null device for output 1
04-28 06:47:12.245 V/AudioPolicyManagerBase(   89): startOutput() output 1, stream 1, session 3
04-28 06:47:12.245 V/AudioPolicyManagerBase(   89): changeRefCount() stream 1, count 1
04-28 06:47:12.245 V/AudioPolicyManagerBase(   89): getDeviceForStrategy() from cache strategy 0, device 2
04-28 06:47:12.245 V/AudioPolicyManagerBase(   89): getNewDevice() selected device 2
04-28 06:47:12.245 D/AudioPolicyManagerBase(   89): setOutputDevice() output 1 device 2 delayMs 0
04-28 06:47:12.245 V/AudioPolicyManagerBase(   89): setOutputDevice() setting same device 2 or null device for output 1
04-28 06:47:12.245 E/AudioPolicyManagerBase(   89): checkAndSetVolume stream=1, index=0, output=1, device=2
04-28 06:47:12.245 E/AudioPolicyManagerBase(   89): computeVolume, streamDesc=0xc02bb8
04-28 06:47:12.245 V/AudioPolicyManagerBase(   89): stopOutput() output 1, stream 1, session 3
04-28 06:47:12.245 V/AudioPolicyManagerBase(   89): changeRefCount() stream 1, count 0
04-28 06:47:12.245 V/AudioPolicyManagerBase(   89): getNewDevice() selected device 0
04-28 06:47:12.245 D/AudioPolicyManagerBase(   89): setOutputDevice() output 1 device 0 delayMs 290
04-28 06:47:12.245 V/AudioPolicyManagerBase(   89): setOutputDevice() setting same device 0 or null device for output 1
04-28 06:47:12.245 V/AudioPolicyManagerBase(   89): releaseOutput() 1
04-28 06:47:12.285 E/GeckoConsole(   84): Content JS LOG at dummy file:392 in GaiaApps.displayedApp: app with origin 'app://homescreen.gaiamobile.org' is displayed
04-28 06:47:12.285 I/Gecko   (   84): 1398692832297	Marionette	INFO	sendToClient: {"from":"0","value":{"frame":{"ELEMENT":"{4b27f3c0-b45b-4c05-97ba-8cda6f6f3525}"},"src":"app://homescreen.gaiamobile.org/index.html#root","name":"Homescreen","origin":"app://homescreen.gaiamobile.org"}}, {6476c11f-7b7c-4b53-af1c-d097521855ae}, {6476c11f-7b7c-4b53-af1c-d097521855ae}
04-28 06:47:12.285 I/Gecko   (   84): 1398692832303	Marionette	DEBUG	Got request: switchToFrame, data: {"to":"0","sessionId":"3-b2g","name":"switchToFrame","parameters":{"id":null,"focus":true}}, id: {f5bfb5f2-e853-4fb0-a09a-8bf12cd73e74}
04-28 06:47:12.305 I/Gecko   (   84): 1398692832318	Marionette	INFO	Switched to frame: {"frameValue":null}
04-28 06:47:12.385 E/GeckoConsole( 1464): Content JS ERROR at app://homescreen.gaiamobile.org/gaia_build_defer_index.js:390 in loadSVConfFileError: Failed parsing singleVariant configuration file [js/singlevariantconf.json]:  [Exception... "File error: Not found"  nsresult: "0x80520012 (NS_ERROR_FILE_NOT_FOUND)"  location: "JS frame :: app://homescreen.gaiamobile.org/gaia_build_defer_index.js :: loadFile :: line 382"  data: no]
04-28 06:47:12.415 I/Gecko   (   84): 1398692832428	Marionette	INFO	sendToClient: {"from":"0","ok":true}, {f5bfb5f2-e853-4fb0-a09a-8bf12cd73e74}, {f5bfb5f2-e853-4fb0-a09a-8bf12cd73e74}
04-28 06:47:12.425 I/Gecko   (   84): 1398692832437	Marionette	DEBUG	Got request: switchToFrame, data: {"to":"0","sessionId":"3-b2g","name":"switchToFrame","parameters":{"id":null,"focus":true}}, id: {f248e9d7-70dc-403a-8114-6b33840876c4}
04-28 06:47:12.435 I/Gecko   (   84): 1398692832448	Marionette	INFO	Switched to frame: {"frameValue":null}
04-28 06:47:12.535 I/Gecko   (   84): 1398692832550	Marionette	INFO	sendToClient: {"from":"0","ok":true}, {f248e9d7-70dc-403a-8114-6b33840876c4}, {f248e9d7-70dc-403a-8114-6b33840876c4}
04-28 06:47:12.545 I/Gecko   (   84): 1398692832557	Marionette	DEBUG	Got request: executeWithCallback, data: {"to":"0","sessionId":"3-b2g","name":"executeAsyncScript","parameters":{"specialPowers":false,"scriptTimeout":null,"newSandbox":true,"args":[],"filename":"gaia_test.py","script":"return GaiaApps.displayedApp();","line":66}}, id: {d08eb792-a370-4a32-9193-c4b2c1ebacb3}
04-28 06:47:12.605 I/Gecko   (   84): 1398692832620	Marionette	INFO	sendToClient: {"from":"0","value":{"frame":{"ELEMENT":"{4b27f3c0-b45b-4c05-97ba-8cda6f6f3525}"},"src":"app://homescreen.gaiamobile.org/index.html#root","name":"Homescreen","origin":"app://homescreen.gaiamobile.org"}}, {d08eb792-a370-4a32-9193-c4b2c1ebacb3}, {d08eb792-a370-4a32-9193-c4b2c1ebacb3}
04-28 06:47:12.605 E/GeckoConsole(   84): Content JS LOG at dummy file:392 in GaiaApps.displayedApp: app with origin 'app://homescreen.gaiamobile.org' is displayed
04-28 06:47:12.645 I/Gecko   (   84): 1398692832657	Marionette	DEBUG	Got request: switchToFrame, data: {"to":"0","sessionId":"3-b2g","name":"switchToFrame","parameters":{"focus":true,"element":"{4b27f3c0-b45b-4c05-97ba-8cda6f6f3525}"}}, id: {eb26f7df-4f29-4827-8dab-05b61fccd531}
04-28 06:47:12.645 I/Gecko   (   84): 1398692832664	Marionette	INFO	Switched to frame: {"frameValue":"{4b27f3c0-b45b-4c05-97ba-8cda6f6f3525}"}
04-28 06:47:12.735 I/Gecko   (   84): 1398692832749	Marionette	INFO	trying remote frame 0
04-28 06:47:12.735 I/Gecko   (   84): 1398692832750	Marionette	INFO	trying remote frame 1
04-28 06:47:12.735 I/Gecko   (   84): 1398692832751	Marionette	INFO	deleting frame
04-28 06:47:12.745 I/Gecko   (   84): 1398692832757	Marionette	INFO	frame-manager load script: [object ChromeMessageSender]
04-28 06:47:13.345 I/Gecko   (   84): 1398692833362	Marionette	INFO	sendToClient: {"from":"0","ok":true}, {eb26f7df-4f29-4827-8dab-05b61fccd531}, {eb26f7df-4f29-4827-8dab-05b61fccd531}
04-28 06:47:13.465 I/Gecko   (   84): 1398692833476	Marionette	INFO	sendToClient: {"from":"0","value":{"ELEMENT":"{38f198d1-c2a1-4192-ad34-74d60d2fa43e}"}}, {01a5994f-052f-41c9-921a-0c197d94859c}, {01a5994f-052f-41c9-921a-0c197d94859c}
04-28 06:47:13.755 E/GeckoConsole( 1464): [JavaScript Warning: "Use of getAttributeNode() is deprecated. Use getAttribute() instead." {file: "chrome://marionette/content/atoms.js" line: 25}]
04-28 06:47:13.755 E/GeckoConsole( 1464): [JavaScript Warning: "Use of attributes' specified attribute is deprecated. It always returns true." {file: "chrome://marionette/content/atoms.js" line: 25}]
04-28 06:47:13.755 I/Gecko   (   84): 1398692833773	Marionette	INFO	sendToClient: {"from":"0","value":"normal"}, {36bbdd2c-e809-4f75-a51c-d5f2ddb0b5ae}, {36bbdd2c-e809-4f75-a51c-d5f2ddb0b5ae}
04-28 06:47:13.765 I/Gecko   (   84): 1398692833779	Marionette	DEBUG	Got request: switchToFrame, data: {"to":"0","sessionId":"3-b2g","name":"switchToFrame","parameters":{"id":null,"focus":true}}, id: {d4e4be66-04fd-44db-befd-3a2b956a3dbb}
04-28 06:47:13.775 I/Gecko   (   84): 1398692833792	Marionette	INFO	Switched to frame: {"frameValue":null}
04-28 06:47:13.885 I/Gecko   (   84): 1398692833896	Marionette	INFO	sendToClient: {"from":"0","ok":true}, {d4e4be66-04fd-44db-befd-3a2b956a3dbb}, {d4e4be66-04fd-44db-befd-3a2b956a3dbb}
04-28 06:47:13.885 I/Gecko   (   84): 1398692833903	Marionette	DEBUG	Got request: execute, data: {"to":"0","sessionId":"3-b2g","name":"executeScript","parameters":{"specialPowers":false,"scriptTimeout":null,"newSandbox":true,"args":[],"filename":"gaia_test.py","script":"window.wrappedJSObject.dispatchEvent(new Event('home'));","line":788}}, id: {27bfadfe-2336-4930-b0f1-e8e0fd0f241f}
04-28 06:47:13.965 I/Gecko   (   84): 1398692833977	Marionette	INFO	sendToClient: {"from":"0","value":null}, {27bfadfe-2336-4930-b0f1-e8e0fd0f241f}, {27bfadfe-2336-4930-b0f1-e8e0fd0f241f}
04-28 06:47:14.155 I/Gecko   (   84): 1398692834169	Marionette	DEBUG	Got request: switchToFrame, data: {"to":"0","sessionId":"3-b2g","name":"switchToFrame","parameters":{"id":null,"focus":true}}, id: {c72af96a-5a17-456c-b769-36a805c39be3}
04-28 06:47:14.165 I/Gecko   (   84): 1398692834176	Marionette	INFO	Switched to frame: {"frameValue":null}
04-28 06:47:14.275 I/Gecko   (   84): 1398692834287	Marionette	INFO	sendToClient: {"from":"0","ok":true}, {c72af96a-5a17-456c-b769-36a805c39be3}, {c72af96a-5a17-456c-b769-36a805c39be3}
04-28 06:47:14.275 I/Gecko   (   84): 1398692834293	Marionette	DEBUG	Got request: switchToFrame, data: {"to":"0","sessionId":"3-b2g","name":"switchToFrame","parameters":{"id":null,"focus":true}}, id: {471e8539-e049-4abe-90b4-0b6163e69a0e}
04-28 06:47:14.295 I/Gecko   (   84): 1398692834305	Marionette	INFO	Switched to frame: {"frameValue":null}
04-28 06:47:14.395 I/Gecko   (   84): 1398692834408	Marionette	INFO	sendToClient: {"from":"0","ok":true}, {471e8539-e049-4abe-90b4-0b6163e69a0e}, {471e8539-e049-4abe-90b4-0b6163e69a0e}
04-28 06:47:14.395 I/Gecko   (   84): 1398692834414	Marionette	DEBUG	Got request: executeWithCallback, data: {"to":"0","sessionId":"3-b2g","name":"executeAsyncScript","parameters":{"specialPowers":false,"scriptTimeout":null,"newSandbox":true,"args":[],"filename":"gaia_test.py","script":"return GaiaApps.displayedApp();","line":66}}, id: {d08c106c-fa52-4ea8-aa9d-fd5ed83d3787}
04-28 06:47:14.515 I/Gecko   (   84): 1398692834532	Marionette	INFO	sendToClient: {"from":"0","value":{"frame":{"ELEMENT":"{4b27f3c0-b45b-4c05-97ba-8cda6f6f3525}"},"src":"app://homescreen.gaiamobile.org/index.html#rootMon%20Apr%2028%202014%2006:47:13%20GMT-0700%20(UTC)","name":"Homescreen","origin":"app://homescreen.gaiamobile.org"}}, {d08c106c-fa52-4ea8-aa9d-fd5ed83d3787}, {d08c106c-fa52-4ea8-aa9d-fd5ed83d3787}
04-28 06:47:14.525 E/GeckoConsole(   84): Content JS LOG at dummy file:392 in GaiaApps.displayedApp: app with origin 'app://homescreen.gaiamobile.org' is displayed
04-28 06:47:14.535 I/Gecko   (   84): 1398692834554	Marionette	DEBUG	Got request: switchToFrame, data: {"to":"0","sessionId":"3-b2g","name":"switchToFrame","parameters":{"focus":true,"element":"{4b27f3c0-b45b-4c05-97ba-8cda6f6f3525}"}}, id: {3e70273c-416e-4953-ae5b-b6ab2cc3913e}
04-28 06:47:14.545 I/Gecko   (   84): 1398692834563	Marionette	INFO	Switched to frame: {"frameValue":"{4b27f3c0-b45b-4c05-97ba-8cda6f6f3525}"}
04-28 06:47:14.555 I/Gecko   (   84): 1398692834569	Marionette	INFO	trying remote frame 0
04-28 06:47:14.555 I/Gecko   (   84): 1398692834574	Marionette	INFO	trying remote frame 1
04-28 06:47:14.745 I/Gecko   (   84): 1398692834762	Marionette	INFO	sendToClient: {"from":"0","ok":true}, {3e70273c-416e-4953-ae5b-b6ab2cc3913e}, {3e70273c-416e-4953-ae5b-b6ab2cc3913e}
04-28 06:47:14.755 I/Gecko   (   84): 1398692834774	Marionette	DEBUG	Got request: execute, data: {"to":"0","sessionId":"3-b2g","name":"executeScript","parameters":{"specialPowers":false,"scriptTimeout":null,"newSandbox":true,"args":[],"filename":"gaia_test.py","script":"return window.wrappedJSObject.GridManager.pageHelper.getCurrentPageNumber();","line":784}}, id: {013e25dd-df3e-468a-960b-caeaf5087b64}
04-28 06:47:14.975 I/Gecko   (   84): 1398692834989	Marionette	INFO	sendToClient: {"from":"0","value":0}, {013e25dd-df3e-468a-960b-caeaf5087b64}, {013e25dd-df3e-468a-960b-caeaf5087b64}
04-28 06:47:15.345 I/Gecko   (   84): 1398692835355	Marionette	INFO	sendToClient: {"from":"0","value":["{39578191-90a0-40fb-9df3-d73c64e11dc0}","{5a1756f2-3f30-434a-b402-fe7c83be24fc}","{853aaa47-a9f8-441e-a4b4-45d0647da68a}","{5530af2f-752e-42d6-b4db-5c8de1564be1}","{82b8ea27-8a54-4fff-838c-6bc32bf98bac}","{573b4d61-4256-4700-86e3-ce3f3b7bd7f7}","{cfc14411-fea2-40be-a090-7fa90bfcb1c6}","{f9cd1712-146d-46bd-8896-a1984d216c80}","{38709d8b-c170-4a26-83ee-86fcb07266d6}","{38e39b6d-e34c-44f9-a67b-3fd324aa1fb6}","{683a1613-186c-4f35-b7c6-44978f89e202}","{c3c906f8-9928-46ba-9b36-137aea02c665}","{9e867075-6ad2-4e5e-95ae-16d24e8709d9}","{761a2ac8-a676-490e-91a3-3ff106c474b2}","{aee9fdf4-4f97-4a06-8b52-17947dc55654}","{eaa9db12-7e03-4f78-aa5e-742a55a1e518}","{37289fb9-6b11-4430-b523-f2d0931a1144}","{742ce20c-6e7f-4e3f-a41d-e274dce6696c}","{c87a9c43-941f-4aaa-bde6-2a609adeabfa}","{fb2f551d-e0af-47e8-8162-85fdbb312be7}","{10f671ad-7e7a-4e53-9d67-22b89a5c19c1}","{c45b0ff2-a3c1-40c8-9dbc-cd20ac745ec0}","{d02d6450-56b4-45d0-9469-cb4dba674f28}","{7cb9fba2-1150
04-28 06:47:15.545 I/Gecko   (   84): 1398692835560	Marionette	INFO	sendToClient: {"from":"0","value":"app://homescreen.gaiamobile.org/index.html#rootMon%20Apr%2028%202014%2006:47:13%20GMT-0700%20(UTC)"}, {f2bb8570-7c0b-4612-bfb2-3e3e35ea9f09}, {f2bb8570-7c0b-4612-bfb2-3e3e35ea9f09}
04-28 06:47:15.555 I/Gecko   (   84): 1398692835566	Marionette	DEBUG	Got request: switchToFrame, data: {"to":"0","sessionId":"3-b2g","name":"switchToFrame","parameters":{"id":null,"focus":true}}, id: {9da7b627-2fd7-44e4-a225-7fc783f2f9ab}
04-28 06:47:15.565 I/Gecko   (   84): 1398692835576	Marionette	INFO	Switched to frame: {"frameValue":null}
04-28 06:47:15.675 I/Gecko   (   84): 1398692835687	Marionette	INFO	sendToClient: {"from":"0","ok":true}, {9da7b627-2fd7-44e4-a225-7fc783f2f9ab}, {9da7b627-2fd7-44e4-a225-7fc783f2f9ab}
04-28 06:47:15.695 I/Gecko   (   84): 1398692835710	Marionette	DEBUG	Got request: switchToFrame, data: {"to":"0","sessionId":"3-b2g","name":"switchToFrame","parameters":{"id":null,"focus":true}}, id: {754841db-ee76-424e-a99c-7738915a389c}
04-28 06:47:15.695 I/Gecko   (   84): 1398692835712	Marionette	INFO	Switched to frame: {"frameValue":null}
04-28 06:47:16.895 I/Gecko   (   84): 1398692836907	Marionette	INFO	sendToClient: {"from":"0","ok":true}, {754841db-ee76-424e-a99c-7738915a389c}, {754841db-ee76-424e-a99c-7738915a389c}
04-28 06:47:16.925 W/WifiHW  (   84): wifi_command: SIGNAL_POLL
04-28 06:47:17.125 I/Gecko   (   84): 1398692837140	Marionette	DEBUG	Got request: executeWithCallback, data: {"to":"0","sessionId":"3-b2g","name":"executeAsyncScript","parameters":{"specialPowers":false,"scriptTimeout":30000,"newSandbox":true,"args":[],"filename":"app_checker.py","script":"GaiaApps.launchWithManifestURL('https://marketplace.firefox.com/app/dc488804-0715-45cd-9a48-47f5e817e1d1/manifest.webapp')","line":106}}, id: {45c416bb-058f-4e9e-99da-5c65ad325422}
04-28 06:47:17.375 I/Gonk    (   84): Setting nice for pid 1475 to 18
04-28 06:47:17.375 I/Gonk    (   84): Changed nice for pid 1475 from 18 to 18.
04-28 06:47:17.375 I/Gecko   (   84): [Parent 84] WARNING: waitpid failed pid:1475 errno:10: file ../../../gecko/ipc/chromium/src/base/process_util_posix.cc, line 254
04-28 06:47:17.395 I/Gonk    (   84): Setting nice for pid 1475 to 1
04-28 06:47:17.395 I/Gonk    (   84): Changed nice for pid 1475 from 18 to 1.
04-28 06:47:17.445 E/GeckoConsole(   84): Content JS LOG at dummy file:334 in GaiaApps.launch: launching app with name 'HASH'
04-28 06:47:17.645 E/[Gralloc-ERROR](   84): int gralloc_register_buffer(const gralloc_module_t*, const native_handle_t*):79 Unable to register handle 0x46575ec0 coming from different process: 84
04-28 06:47:17.645 E/[Gralloc-ERROR](   84): int gralloc_register_buffer(const gralloc_module_t*, const native_handle_t*):79 Unable to register handle 0x46575f60 coming from different process: 84
04-28 06:47:17.705 E/[Gralloc-ERROR](   84): int gralloc_register_buffer(const gralloc_module_t*, const native_handle_t*):79 Unable to register handle 0x465860b0 coming from different process: 84
04-28 06:47:17.705 E/[Gralloc-ERROR](   84): int gralloc_register_buffer(const gralloc_module_t*, const native_handle_t*):79 Unable to register handle 0x465861f0 coming from different process: 84
04-28 06:47:17.915 D/Sensors (   84): activate handle=0; drv=0
04-28 06:47:17.925 D/Sensors (   84): Lis3dhSensor: Control set 1
04-28 06:47:17.925 D/Sensors (   84): Lis3dhSensor: mEnabled = 1
04-28 06:47:18.025 I/Gonk    (   84): Setting nice for pid 1464 to 18
04-28 06:47:18.035 I/Gonk    (   84): Changed nice for pid 1464 from 1 to 18.
04-28 06:47:18.995 I/Gecko   (   84): [Parent 84] WARNING: pipe error (102): Connection reset by peer: file ../../../gecko/ipc/chromium/src/chrome/common/ipc_channel_posix.cc, line 446
04-28 06:47:19.005 I/Gecko   (   84): 
04-28 06:47:19.005 I/Gecko   (   84): ###!!! [Parent][MessageChannel] Error: Channel error: cannot send/recv
04-28 06:47:19.005 I/Gecko   (   84): 
04-28 06:47:19.095 I/GeckoDump(   84): Crash reporter : Can't fetch app.reportCrashes. Exception: [Exception... "Component returned failure code: 0x8000ffff (NS_ERROR_UNEXPECTED) [nsIPrefBranch.getBoolPref]"  nsresult: "0x8000ffff (NS_ERROR_UNEXPECTED)"  location: "JS frame :: chrome://browser/content/shell.js :: shell_reportCrash :: line 7"  data: no]
04-28 06:47:19.125 I/Gecko   (   84): [Parent 84] WARNING: waitpid failed pid:1464 errno:10: file ../../../gecko/ipc/chromium/src/base/process_util_posix.cc, line 254
04-28 06:47:19.405 I/Gecko   ( 1475): ###################################### forms.js loaded
04-28 06:47:19.425 I/Gecko   ( 1475): ############################### browserElementPanning.js loaded
04-28 06:47:19.445 I/Gecko   ( 1475): ######################## BrowserElementChildPreload.js loaded
04-28 06:47:20.605 I/Gonk    (   84): Setting nice for pid 1586 to 18
04-28 06:47:20.605 I/Gonk    (   84): Changed nice for pid 1586 from 0 to 18.
04-28 06:47:20.605 E/GeckoConsole(   84): Content JS LOG at dummy file:326 in GaiaApps.launch/appOpen/<: app with origin 'app://{a0cdd5d6-173d-4ec5-bf8a-f56c2e34123d}' has launched
04-28 06:47:20.615 E/[Gralloc-ERROR](   84): int gralloc_unregister_buffer(const gralloc_module_t*, const native_handle_t*):274 Trying to unregister buffer 0x46575f60 from process 84 that was not created in current process: 84
04-28 06:47:20.625 I/Gecko   (   84): 1398692840636	Marionette	INFO	sendToClient: {"from":"0","value":{"frame":{"ELEMENT":"{b21a18cf-6a50-4a61-86d0-40892b9b93ab}"},"src":"app://{a0cdd5d6-173d-4ec5-bf8a-f56c2e34123d}/index.html","name":"HASH","origin":"app://{a0cdd5d6-173d-4ec5-bf8a-f56c2e34123d}"}}, {45c416bb-058f-4e9e-99da-5c65ad325422}, {45c416bb-058f-4e9e-99da-5c65ad325422}
04-28 06:47:20.845 E/[Gralloc-ERROR](   84): int gralloc_unregister_buffer(const gralloc_module_t*, const native_handle_t*):274 Trying to unregister buffer 0x46575ec0 from process 84 that was not created in current process: 84
04-28 06:47:20.855 E/[Gralloc-ERROR](   84): int gralloc_unregister_buffer(const gralloc_module_t*, const native_handle_t*):274 Trying to unregister buffer 0x465861f0 from process 84 that was not created in current process: 84
04-28 06:47:20.855 E/[Gralloc-ERROR](   84): int gralloc_unregister_buffer(const gralloc_module_t*, const native_handle_t*):274 Trying to unregister buffer 0x465860b0 from process 84 that was not created in current process: 84
04-28 06:47:20.865 I/Gonk    (   84): Setting nice for pid 1586 to 18
04-28 06:47:20.865 I/Gonk    (   84): Changed nice for pid 1586 from 18 to 18.
04-28 06:47:20.865 I/Gecko   (   84): [Parent 84] WARNING: waitpid failed pid:1586 errno:10: file ../../../gecko/ipc/chromium/src/base/process_util_posix.cc, line 254
04-28 06:47:20.895 I/Gonk    (   84): Setting nice for pid 1594 to 18
04-28 06:47:20.895 I/Gonk    (   84): Changed nice for pid 1594 from 0 to 18.
04-28 06:47:20.955 I/Gecko   (   84): 1398692840945	Marionette	DEBUG	Got request: switchToFrame, data: {"to":"0","sessionId":"3-b2g","name":"switchToFrame","parameters":{"focus":true,"element":"{b21a18cf-6a50-4a61-86d0-40892b9b93ab}"}}, id: {730f6be1-7780-4505-9760-4562b0409d2b}
04-28 06:47:20.955 I/Gecko   (   84): 1398692840972	Marionette	INFO	Switched to frame: {"frameValue":"{b21a18cf-6a50-4a61-86d0-40892b9b93ab}"}
04-28 06:47:20.965 I/Gecko   (   84): 1398692840983	Marionette	INFO	trying remote frame 0
04-28 06:47:20.975 I/Gecko   (   84): 1398692840986	Marionette	INFO	trying remote frame 1
04-28 06:47:20.975 I/Gecko   (   84): 1398692840987	Marionette	INFO	deleting frame
04-28 06:47:20.985 I/Gecko   (   84): 1398692841001	Marionette	INFO	frame-manager load script: [object ChromeMessageSender]
04-28 06:47:21.125 I/Gecko   (   84): [Parent 84] WARNING: waitpid failed pid:1464 errno:10: file ../../../gecko/ipc/chromium/src/base/process_util_posix.cc, line 254
04-28 06:47:21.125 I/Gecko   (   84): [Parent 84] WARNING: Failed to deliver SIGKILL to 1464!(3).: file ../../../gecko/ipc/chromium/src/chrome/common/process_watcher_posix_sigchld.cc, line 118
04-28 06:47:21.935 I/Gonk    (   84): Setting nice for pid 1586 to 18
04-28 06:47:21.935 I/Gonk    (   84): Changed nice for pid 1586 from 18 to 18.
04-28 06:47:21.945 W/WifiHW  (   84): wifi_command: SIGNAL_POLL
04-28 06:47:21.955 I/Gecko   (   84): 1398692841967	Marionette	INFO	sendToClient: {"from":"0","ok":true}, {730f6be1-7780-4505-9760-4562b0409d2b}, {730f6be1-7780-4505-9760-4562b0409d2b}
04-28 06:47:22.035 I/Gecko   (   84): 1398692842046	Marionette	INFO	sendToClient: {"from":"0","value":"app://{a0cdd5d6-173d-4ec5-bf8a-f56c2e34123d}/index.html"}, {9e847f8c-102b-4190-bff6-feed012c377b}, {9e847f8c-102b-4190-bff6-feed012c377b}
04-28 06:47:22.035 I/Gecko   (   84): 1398692842052	Marionette	DEBUG	Got request: execute, data: {"to":"0","sessionId":"3-b2g","name":"executeScript","parameters":{"specialPowers":false,"scriptTimeout":null,"newSandbox":true,"args":[],"filename":"app_checker.py","script":"return window.document.readyState;","line":191}}, id: {064f24c7-38f1-4780-a9f9-4808c6346a02}
04-28 06:47:22.085 I/Gecko   (   84): 1398692842103	Marionette	INFO	sendToClient: {"from":"0","value":"complete"}, {064f24c7-38f1-4780-a9f9-4808c6346a02}, {064f24c7-38f1-4780-a9f9-4808c6346a02}
04-28 06:47:22.095 I/Gecko   (   84): 1398692842111	Marionette	INFO	sendToClient: {"from":"0","value":"app://{a0cdd5d6-173d-4ec5-bf8a-f56c2e34123d}/index.html"}, {b7408e61-af23-48da-b848-4f837adf01c4}, {b7408e61-af23-48da-b848-4f837adf01c4}
04-28 06:47:22.105 I/Gecko   ( 1475): Attempting load of libEGL.so
04-28 06:47:22.145 D/libEGL  ( 1475): loaded /system/lib/egl/libEGL_mali.so
04-28 06:47:22.185 D/libEGL  ( 1475): loaded /system/lib/egl/libGLESv1_CM_mali.so
04-28 06:47:22.185 D/libEGL  ( 1475): loaded /system/lib/egl/libGLESv2_mali.so
04-28 06:47:22.225 I/Gecko   ( 1475): SharedSurface_Gralloc::Create -------
04-28 06:47:22.255 I/Gecko   ( 1475): SharedSurface_Gralloc::Create: success -- surface 0x43d682c0, GraphicBuffer 0x43d7bc00.
04-28 06:47:22.375 I/Gecko   (   84): 
04-28 06:47:22.375 I/Gecko   (   84): ###!!! [Parent][MessageChannel] Error: Channel error: cannot send/recv
04-28 06:47:22.375 I/Gecko   (   84): 
04-28 06:47:22.485 I/GeckoDump(   84): Crash reporter : Can't fetch app.reportCrashes. Exception: [Exception... "Component returned failure code: 0x8000ffff (NS_ERROR_UNEXPECTED) [nsIPrefBranch.getBoolPref]"  nsresult: "0x8000ffff (NS_ERROR_UNEXPECTED)"  location: "JS frame :: chrome://browser/content/shell.js :: shell_reportCrash :: line 7"  data: no]
04-28 06:47:22.495 I/Gecko   (   84): [Parent 84] WARNING: waitpid failed pid:1586 errno:10: file ../../../gecko/ipc/chromium/src/base/process_util_posix.cc, line 254
04-28 06:47:23.245 I/Gecko   (   84): 1398692843257	Marionette	INFO	sendToClient: {"from":"0","value":"iVBORw0KGgoAAAANSUhEUgAAAUAAAAHMCAYAAACk4nEJAAAgAElEQVR4nO3dd3RUdf7/8dBJQnoy6UQIJUASQkIJVUroLSgKhCJNVhRkkRoIi4pKU8ADCijFElZRIyDID5UigQAiLmAgYOCu69rXdfcr8MWGvH5/yNwzt0zmzmQmwvf9mnMe5yy5MxMiuc/9fO793Dt+fn5+qFatGqpVq4bq1auratSooapZsyZq1qyJWrVqqWrXro3atWujTp06qrp166r8/f3h7++PgIAAVWBgoKpevXqqoKAgVXBwMIKDgxESEqIKDQ1VhYWFqcLDwzUiIiJUkZGRqqioKJXNZtOIjo5WxcTEaMTGxqri4uI04uPjNRISEjQSExM16tevb5CUlGRw2223GTRo0MBUw4YNTSUnJ1eoUaNGLjVu3LhSmjRp4lWV/ftY+Zld/Xdz9t/b2b+P2b+l2b+52e+G/vdH//ul//3T/346/u7qf68df+f1+4PjvuK4DznuW/r9znGfdNxXHfdh+37tuK87NsCxDY7NsHfEsS2OzbF3yLFN9l45Nsyxbfbe+fn5wc/+B8cAWo2fYwDN4ucYQHfi5xhAX8XP8ZdAHz/HXx5fxO+PCJ+3g+ftwFV1ICsTw6oKoTcjqA+h/vff1xF03LfdiaBjS8wi6NgiqxF0bJ5fRaM/+5s4BrAq4+csgH9U/Hwx6qts+Koien903HwdRW/HsDIh9PZo8I+IoKtRYFVE0LFdFY4CKxs/xwCaxc8xgN6Inz6At0r8rIz6vDHaq2zwPI1N06ZNq5Qvo+hJDN0ZFVb1aLCqIujOVNhKBM2mwo4RNJsKuxtBP0+mvpU97nczxM9bx/t8OeqrqvDdrJHzdRyrKoRVNRr0xXHBPyKCVXU8sFq1avDz9nE/b8YvOjoa06dPR9euXW+K+FV21FeV4bsZgpeSkuIVN0MQb6YQuj
04-28 06:47:23.565 I/Gecko   (   84): 1398692843577	Marionette	INFO	sendToClient: {"from":"0","ok":true}, {dcf37a62-b46e-4ed3-af6d-b46fc17c33c8}, {dcf37a62-b46e-4ed3-af6d-b46fc17c33c8}
04-28 06:47:23.565 I/Gecko   (   84): 1398692843583	Marionette	DEBUG	Got request: switchToFrame, data: {"to":"0","sessionId":"3-b2g","name":"switchToFrame","parameters":{"id":null,"focus":true}}, id: {14e9d793-d50e-4ef5-abff-9be8f7e7bbf2}
04-28 06:47:23.625 I/Gecko   (   84): 1398692843642	Marionette	INFO	Switched to frame: {"frameValue":null}
04-28 06:47:23.735 I/Gecko   (   84): 1398692843746	Marionette	INFO	sendToClient: {"from":"0","ok":true}, {14e9d793-d50e-4ef5-abff-9be8f7e7bbf2}, {14e9d793-d50e-4ef5-abff-9be8f7e7bbf2}
04-28 06:47:23.735 I/Gecko   (   84): 1398692843752	Marionette	DEBUG	Got request: executeWithCallback, data: {"to":"0","sessionId":"3-b2g","name":"executeAsyncScript","parameters":{"specialPowers":false,"scriptTimeout":null,"newSandbox":true,"args":[],"filename":"gaia_test.py","script":"return GaiaApps.displayedApp();","line":66}}, id: {9f628b40-d1aa-4bc9-9599-7003875fdf27}
04-28 06:47:23.795 I/Gecko   (   84): 1398692843814	Marionette	INFO	sendToClient: {"from":"0","value":{"frame":{"ELEMENT":"{b21a18cf-6a50-4a61-86d0-40892b9b93ab}"},"src":"app://{a0cdd5d6-173d-4ec5-bf8a-f56c2e34123d}/index.html","name":"HASH","origin":"app://{a0cdd5d6-173d-4ec5-bf8a-f56c2e34123d}"}}, {9f628b40-d1aa-4bc9-9599-7003875fdf27}, {9f628b40-d1aa-4bc9-9599-7003875fdf27}
04-28 06:47:23.805 E/GeckoConsole(   84): Content JS LOG at dummy file:392 in GaiaApps.displayedApp: app with origin 'app://{a0cdd5d6-173d-4ec5-bf8a-f56c2e34123d}' is displayed
04-28 06:47:23.825 I/Gecko   (   84): 1398692843837	Marionette	DEBUG	Got request: switchToFrame, data: {"to":"0","sessionId":"3-b2g","name":"switchToFrame","parameters":{"id":null,"focus":true}}, id: {9dd6e72a-b3bd-4703-96a0-d1d9139c7e80}
04-28 06:47:23.825 I/Gecko   (   84): 1398692843839	Marionette	INFO	Switched to frame: {"frameValue":null}
04-28 06:47:23.925 I/Gecko   (   84): 1398692843941	Marionette	INFO	sendToClient: {"from":"0","ok":true}, {9dd6e72a-b3bd-4703-96a0-d1d9139c7e80}, {9dd6e72a-b3bd-4703-96a0-d1d9139c7e80}
04-28 06:47:23.935 I/Gecko   (   84): 1398692843948	Marionette	DEBUG	Got request: execute, data: {"to":"0","sessionId":"3-b2g","name":"executeScript","parameters":{"specialPowers":false,"scriptTimeout":null,"newSandbox":true,"args":[],"filename":"gaia_test.py","script":"window.wrappedJSObject.dispatchEvent(new Event('home'));","line":788}}, id: {b7541da5-2bef-4c5c-809c-d15aa9aa2afa}
04-28 06:47:24.035 I/Gonk    (   84): Setting nice for pid 1594 to 18
04-28 06:47:24.035 I/Gonk    (   84): Changed nice for pid 1594 from 18 to 18.
04-28 06:47:24.035 I/Gecko   (   84): [Parent 84] WARNING: waitpid failed pid:1594 errno:10: file ../../../gecko/ipc/chromium/src/base/process_util_posix.cc, line 254
04-28 06:47:24.035 I/Gonk    (   84): Setting nice for pid 1594 to 1
04-28 06:47:24.035 I/Gonk    (   84): Changed nice for pid 1594 from 18 to 1.
04-28 06:47:24.065 D/Sensors (   84): activate handle=0; drv=0
04-28 06:47:24.065 D/Sensors (   84): Lis3dhSensor: Control set 0
04-28 06:47:24.065 D/Sensors (   84): Lis3dhSensor: mEnabled = 0
04-28 06:47:24.135 I/Gecko   (   84): 1398692844154	Marionette	INFO	sendToClient: {"from":"0","value":null}, {b7541da5-2bef-4c5c-809c-d15aa9aa2afa}, {b7541da5-2bef-4c5c-809c-d15aa9aa2afa}
04-28 06:47:24.155 I/Gecko   (   84): 1398692844172	Marionette	DEBUG	Got request: switchToFrame, data: {"to":"0","sessionId":"3-b2g","name":"switchToFrame","parameters":{"id":null,"focus":true}}, id: {76af5399-e27f-4791-83df-4f78b4d18d78}
04-28 06:47:24.165 I/Gecko   (   84): 1398692844178	Marionette	INFO	Switched to frame: {"frameValue":null}
04-28 06:47:24.265 I/Gecko   (   84): 1398692844281	Marionette	INFO	sendToClient: {"from":"0","ok":true}, {76af5399-e27f-4791-83df-4f78b4d18d78}, {76af5399-e27f-4791-83df-4f78b4d18d78}
04-28 06:47:24.285 I/Gecko   (   84): 1398692844304	Marionette	DEBUG	Got request: executeWithCallback, data: {"to":"0","sessionId":"3-b2g","name":"executeAsyncScript","parameters":{"specialPowers":false,"scriptTimeout":null,"newSandbox":true,"args":[],"filename":"gaia_test.py","script":"return GaiaApps.displayedApp();","line":66}}, id: {931e5238-52cc-4ee8-b22f-074521496325}
04-28 06:47:24.405 E/GeckoConsole(   84): Content JS LOG at dummy file:392 in GaiaApps.displayedApp: app with origin 'app://homescreen.gaiamobile.org' is displayed
04-28 06:47:24.415 I/Gecko   (   84): 1398692844426	Marionette	INFO	sendToClient: {"from":"0","value":{"frame":{"ELEMENT":"{866378f2-7495-401b-a1d9-363ea79ec647}"},"src":"app://homescreen.gaiamobile.org/index.html#root","name":"Homescreen","origin":"app://homescreen.gaiamobile.org"}}, {931e5238-52cc-4ee8-b22f-074521496325}, {931e5238-52cc-4ee8-b22f-074521496325}
04-28 06:47:24.415 I/Gecko   (   84): 1398692844432	Marionette	DEBUG	Got request: switchToFrame, data: {"to":"0","sessionId":"3-b2g","name":"switchToFrame","parameters":{"id":null,"focus":true}}, id: {a3cce7cd-39e5-4f9e-b82b-37f5711093ee}
04-28 06:47:24.425 I/Gecko   (   84): 1398692844437	Marionette	INFO	Switched to frame: {"frameValue":null}
04-28 06:47:24.495 I/Gecko   (   84): [Parent 84] WARNING: waitpid failed pid:1586 errno:10: file ../../../gecko/ipc/chromium/src/base/process_util_posix.cc, line 254
04-28 06:47:24.495 I/Gecko   (   84): [Parent 84] WARNING: Failed to deliver SIGKILL to 1586!(3).: file ../../../gecko/ipc/chromium/src/chrome/common/process_watcher_posix_sigchld.cc, line 118
04-28 06:47:24.525 I/Gecko   (   84): 1398692844540	Marionette	INFO	sendToClient: {"from":"0","ok":true}, {a3cce7cd-39e5-4f9e-b82b-37f5711093ee}, {a3cce7cd-39e5-4f9e-b82b-37f5711093ee}
04-28 06:47:24.535 I/Gecko   (   84): 1398692844546	Marionette	DEBUG	Got request: switchToFrame, data: {"to":"0","sessionId":"3-b2g","name":"switchToFrame","parameters":{"id":null,"focus":true}}, id: {e4dda908-a1c5-4863-b55e-4da67e17a25c}
04-28 06:47:24.545 I/Gecko   (   84): 1398692844555	Marionette	INFO	Switched to frame: {"frameValue":null}
04-28 06:47:24.665 I/Gecko   (   84): 1398692844676	Marionette	INFO	sendToClient: {"from":"0","ok":true}, {e4dda908-a1c5-4863-b55e-4da67e17a25c}, {e4dda908-a1c5-4863-b55e-4da67e17a25c}
04-28 06:47:24.665 I/Gecko   (   84): 1398692844684	Marionette	DEBUG	Got request: executeWithCallback, data: {"to":"0","sessionId":"3-b2g","name":"executeAsyncScript","parameters":{"specialPowers":false,"scriptTimeout":null,"newSandbox":true,"args":[],"filename":"gaia_test.py","script":"return GaiaApps.displayedApp();","line":66}}, id: {dd061980-7334-4069-ac51-cd4644bcc3b9}
04-28 06:47:24.765 I/Gecko   (   84): 1398692844777	Marionette	INFO	sendToClient: {"from":"0","value":{"frame":{"ELEMENT":"{866378f2-7495-401b-a1d9-363ea79ec647}"},"src":"app://homescreen.gaiamobile.org/index.html#root","name":"Homescreen","origin":"app://homescreen.gaiamobile.org"}}, {dd061980-7334-4069-ac51-cd4644bcc3b9}, {dd061980-7334-4069-ac51-cd4644bcc3b9}
04-28 06:47:24.775 E/GeckoConsole(   84): Content JS LOG at dummy file:392 in GaiaApps.displayedApp: app with origin 'app://homescreen.gaiamobile.org' is displayed
04-28 06:47:24.775 I/Gecko   (   84): 1398692844794	Marionette	DEBUG	Got request: switchToFrame, data: {"to":"0","sessionId":"3-b2g","name":"switchToFrame","parameters":{"focus":true,"element":"{866378f2-7495-401b-a1d9-363ea79ec647}"}}, id: {276dc113-42a9-432f-8942-c75bcb89b2bd}
04-28 06:47:24.805 I/Gecko   (   84): 1398692844819	Marionette	INFO	Switched to frame: {"frameValue":"{866378f2-7495-401b-a1d9-363ea79ec647}"}
04-28 06:47:24.805 I/Gecko   (   84): 1398692844821	Marionette	INFO	trying remote frame 0
04-28 06:47:24.805 I/Gecko   (   84): 1398692844823	Marionette	INFO	trying remote frame 1
04-28 06:47:24.805 I/Gecko   (   84): 1398692844823	Marionette	INFO	deleting frame
04-28 06:47:24.815 I/Gecko   (   84): 1398692844828	Marionette	INFO	frame-manager load script: [object ChromeMessageSender]
04-28 06:47:25.345 E/[Gralloc-ERROR](   84): int gralloc_register_buffer(const gralloc_module_t*, const native_handle_t*):79 Unable to register handle 0x45191420 coming from different process: 84
04-28 06:47:25.355 E/[Gralloc-ERROR](   84): int gralloc_register_buffer(const gralloc_module_t*, const native_handle_t*):79 Unable to register handle 0x451918d0 coming from different process: 84
04-28 06:47:25.595 E/[Gralloc-ERROR](   84): int gralloc_unregister_buffer(const gralloc_module_t*, const native_handle_t*):274 Trying to unregister buffer 0x451918d0 from process 84 that was not created in current process: 84
04-28 06:47:25.625 E/[Gralloc-ERROR](   84): int gralloc_unregister_buffer(const gralloc_module_t*, const native_handle_t*):274 Trying to unregister buffer 0x45191420 from process 84 that was not created in current process: 84
04-28 06:47:26.135 I/Gecko   ( 1594): ###################################### forms.js loaded
04-28 06:47:26.385 I/Gecko   ( 1594): ############################### browserElementPanning.js loaded
04-28 06:47:26.505 I/Gecko   ( 1594): ######################## BrowserElementChildPreload.js loaded
04-28 06:47:27.085 I/Gonk    (   84): Setting nice for pid 1475 to 18
04-28 06:47:27.085 I/Gonk    (   84): Changed nice for pid 1475 from 1 to 18.
04-28 06:47:27.185 I/Gonk    (   84): Setting nice for pid 1608 to 18
04-28 06:47:27.195 I/Gonk    (   84): Changed nice for pid 1608 from 0 to 18.
04-28 06:47:27.215 W/WifiHW  (   84): wifi_command: SIGNAL_POLL
04-28 06:47:28.205 I/Gecko   (   84): 
04-28 06:47:28.205 I/Gecko   (   84): ###!!! [Parent][MessageChannel] Error: Channel error: cannot send/recv
04-28 06:47:28.205 I/Gecko   (   84): 
04-28 06:47:28.305 I/GeckoDump(   84): Crash reporter : Can't fetch app.reportCrashes. Exception: [Exception... "Component returned failure code: 0x8000ffff (NS_ERROR_UNEXPECTED) [nsIPrefBranch.getBoolPref]"  nsresult: "0x8000ffff (NS_ERROR_UNEXPECTED)"  location: "JS frame :: chrome://browser/content/shell.js :: shell_reportCrash :: line 7"  data: no]
04-28 06:47:28.325 I/Gecko   (   84): [Parent 84] WARNING: waitpid failed pid:1475 errno:10: file ../../../gecko/ipc/chromium/src/base/process_util_posix.cc, line 254
04-28 06:47:28.695 I/Gecko   (   84): 1398692848681	Marionette	INFO	sendToClient: {"from":"0","ok":true}, {276dc113-42a9-432f-8942-c75bcb89b2bd}, {276dc113-42a9-432f-8942-c75bcb89b2bd}
04-28 06:47:29.045 I/Gecko   (   84): 1398692849064	Marionette	INFO	sendToClient: {"from":"0","value":"app://homescreen.gaiamobile.org/index.html#root"}, {9011d73b-cfb1-4e47-ad7f-4b2f5e52295c}, {9011d73b-cfb1-4e47-ad7f-4b2f5e52295c}
04-28 06:47:29.055 I/Gecko   (   84): 1398692849070	Marionette	DEBUG	Got request: switchToFrame, data: {"to":"0","sessionId":"3-b2g","name":"switchToFrame","parameters":{"id":null,"focus":true}}, id: {ded39d9e-b86d-4938-8231-ba527986d35a}
04-28 06:47:29.075 I/Gecko   (   84): 1398692849087	Marionette	INFO	Switched to frame: {"frameValue":null}
04-28 06:47:29.175 I/Gecko   (   84): 1398692849193	Marionette	INFO	sendToClient: {"from":"0","ok":true}, {ded39d9e-b86d-4938-8231-ba527986d35a}, {ded39d9e-b86d-4938-8231-ba527986d35a}
04-28 06:47:29.185 I/Gecko   (   84): 1398692849198	Marionette	DEBUG	Got request: switchToFrame, data: {"to":"0","sessionId":"3-b2g","name":"switchToFrame","parameters":{"id":null,"focus":true}}, id: {5d047e71-1bf2-49f7-b776-cdf16d36de48}
04-28 06:47:29.185 I/Gecko   (   84): 1398692849200	Marionette	INFO	Switched to frame: {"frameValue":null}
04-28 06:47:29.285 I/Gecko   (   84): 1398692849303	Marionette	INFO	sendToClient: {"from":"0","ok":true}, {5d047e71-1bf2-49f7-b776-cdf16d36de48}, {5d047e71-1bf2-49f7-b776-cdf16d36de48}
04-28 06:47:29.295 I/Gecko   (   84): 1398692849310	Marionette	DEBUG	Got request: executeWithCallback, data: {"to":"0","sessionId":"3-b2g","name":"executeAsyncScript","parameters":{"specialPowers":false,"scriptTimeout":null,"newSandbox":true,"args":[],"filename":"gaia_test.py","script":"GaiaApps.killAll()","line":91}}, id: {41fb7233-e0b3-4fd7-865b-9d4b28dfee91}
04-28 06:47:29.345 I/Gecko   (   84): 1398692849359	Marionette	INFO	sendToClient: {"from":"0","value":true}, {41fb7233-e0b3-4fd7-865b-9d4b28dfee91}, {41fb7233-e0b3-4fd7-865b-9d4b28dfee91}
04-28 06:47:29.365 I/Gecko   (   84): 1398692849375	Marionette	DEBUG	Got request: switchToFrame, data: {"to":"0","sessionId":"3-b2g","name":"switchToFrame","parameters":{"id":null,"focus":true}}, id: {022de525-59bc-445a-9197-574d5f233995}
04-28 06:47:29.365 I/Gecko   (   84): 1398692849377	Marionette	INFO	Switched to frame: {"frameValue":null}
04-28 06:47:29.475 I/Gecko   (   84): 1398692849487	Marionette	INFO	sendToClient: {"from":"0","ok":true}, {022de525-59bc-445a-9197-574d5f233995}, {022de525-59bc-445a-9197-574d5f233995}
04-28 06:47:29.485 I/Gecko   (   84): 1398692849500	Marionette	DEBUG	Got request: executeWithCallback, data: {"to":"0","sessionId":"3-b2g","name":"executeAsyncScript","parameters":{"specialPowers":false,"scriptTimeout":60000,"newSandbox":true,"args":[],"filename":"app_checker.py","script":"\n        GaiaApps.locateWithManifestURL('https://marketplace.firefox.com/app/dc488804-0715-45cd-9a48-47f5e817e1d1/manifest.webapp',\n                                       null,\n                                       function uninstall(app) {\n                                       navigator.mozApps.mgmt.uninstall(app);\n                                       marionetteScriptFinished(true);\n                                       });\n        ","line":129}}, id: {a1bcdaf8-afd8-4091-ba37-55adb6fcbdd4}
04-28 06:47:29.535 I/Gecko   (   84): -- webapps.js uninstall https://marketplace.firefox.com/app/dc488804-0715-45cd-9a48-47f5e817e1d1/manifest.webapp
04-28 06:47:29.855 I/Gecko   (   84): 1398692849867	Marionette	INFO	sendToClient: {"from":"0","value":true}, {a1bcdaf8-afd8-4091-ba37-55adb6fcbdd4}, {a1bcdaf8-afd8-4091-ba37-55adb6fcbdd4}