04-24 18:37:59.859 V/AudioPolicyManagerBase(   89): getNewDevice() selected device 0
04-24 18:37:59.869
W/libOpenSLES( 2831): system/media/wilhelm/src/android/AudioPlayer_to_android.cpp:1133: pthread 0x1bd0758 (tid 2861) sees object 0x440d3000 was locked by pthread 0x1bcf690 (tid 2857) at system/media/wilhelm/src/itf/IPlay.c:38
04-24 18:37:59.869 D/AudioPolicyManagerBase(   89): setOutputDevice() output 1 device 0 delayMs 290
04-24 18:37:59.869 V/AudioPolicyManagerBase(   89): setOutputDevice() setting same device 0 or null device for output 1
04-24 18:38:00.519 W/WifiHW  (   84): wifi_command: SIGNAL_POLL
04-24 18:38:00.929 I/Gecko   (   84): 1398389880944	Marionette	INFO	sendToClient: {"from":"0","value":"http://header.softgames.de/header/index.html?platform=kirk&p=mozilla"}, {2deb958a-99c7-43f2-9702-2cb1f2fb34f7}, {2deb958a-99c7-43f2-9702-2cb1f2fb34f7}
04-24 18:38:00.939 I/Gecko   (   84): 1398389880951	Marionette	DEBUG	Got request: execute, data: {"to":"0","sessionId":"3-b2g","name":"executeScript","parameters":{"specialPowers":false,"scriptTimeout":null,"newSandbox":true,"args":[],"filename":"app_checker.py","script":"return window.document.readyState;","line":191}}, id: {f57dc4d0-2645-4994-a5b9-a4a28a687c53}
04-24 18:38:00.939
E/GeckoConsole( 2831): Content JS LOG at http://assets.sgc.io/assets/api/voyager_base-ff13f507371a9a2c491587cadf39b9ba.js:17 in window.SoftgamesVoyagerTracker</e.prototype._postEvent: Track event: {"category":"kirk-header","action":"show-ad","opt_label":"refreshcount","opt_value":0}
04-24 18:38:01.539 I/Gecko   (   84): 1398389881557	Marionette	INFO	sendToClient: {"from":"0","value":"complete"}, {f57dc4d0-2645-4994-a5b9-a4a28a687c53}, {f57dc4d0-2645-4994-a5b9-a4a28a687c53}
04-24 18:38:01.649 I/Gecko   (   84): 1398389881659	Marionette	INFO	sendToClient: {"from":"0","value":"http://header.softgames.de/header/index.html?platform=kirk&p=mozilla"}, {2b0b20bb-00bb-433c-938c-724de2a8c8a5}, {2b0b20bb-00bb-433c-938c-724de2a8c8a5}
04-24 18:38:01.729 I/Gecko   ( 2831): Attempting load of libEGL.so
04-24 18:38:01.919 I/Gonk    (   84): Setting nice for pid 2872 to 18
04-24 18:38:01.929 I/Gonk    (   84): Changed nice for pid 2872 from 0 to 18.
04-24 18:38:02.099 D/libEGL  ( 2831): loaded /system/lib/egl/libEGL_mali.so
04-24 18:38:02.139 D/libEGL  ( 2831): loaded /system/lib/egl/libGLESv1_CM_mali.so
04-24 18:38:02.159 D/libEGL  ( 2831): loaded /system/lib/egl/libGLESv2_mali.so
04-24 18:38:02.239 I/Gecko   ( 2831): SharedSurface_Gralloc::Create -------
04-24 18:38:02.259 I/Gecko   ( 2831): SharedSurface_Gralloc::Create: success -- surface 0x44deab40, GraphicBuffer 0x44d69700.
04-24 18:38:02.829 W/audio_hw_primary(   89): do_output_standby.mode:0 
04-24 18:38:03.969 I/Gecko   (   84): 1398389883979	Marionette	INFO	sendToClient: {"from":"0","value":"iVBORw0KGgoAAAANSUhEUgAAAUAAAAHMCAYAAACk4nEJAAAgAElEQVR4nOydd1gVRx+oB2xoNGqMxpJqN5jEGnvvXbH33ruoKChN7KggTYoISBUUOyi9dxBQOirYuyK9nPf+cZQvRhKjNzdeZX/P8z7AzM7szJ45L7M7e/YI2U1fJCQkJCojAoM2SEhISFRGJAFKSEhUWiQBSkhIVFokAUpISFRaJAFKSEhUWiQBSkhIVFokAUpISFRaJAFKSEhUWiQBSkhIVFokAUpISFRaJAFKSEhUWiQBSkhIVFokAUpISFRaJAFKSEhUWiQBSkhIVFqE7FAbJCQkJCojQnawDRISEhKVESE70AYJCQmJyogkQAkJiUqLkOm3QUJCQqIyImT72yIhISFRGRGyfW2RkJCQqIwI2d62SEhISFRGJAFKSEhUWoRsT1skJCQkKiNCtrsdEhISEpURIdvVDgkJCYnKiJDtbIeEhIREZUQSoISERKVFyPTaISEhIVEZEbIdPyMhISFRGREy3Z+RkJCQqIwImc7PSEhISFRGJAFKSEhUWoRM+2ckJCQkKiNCpq2MhISERGVEEqCEhESlRRKghIREpUUSoISERKVFEqCEhESlRRKghIREpUUSoISERKVFEqCEhESlRRKghIREpUUSoISERKVFEqCEhESlRRKghIREpUUSoISERKVFEqCEhESlRRKghIREpUW4zG+KhISERGVExMfHExgYKCEhIfHZYWVlha6u7htYWVkRGBhIfHw8IjMzk/j4eAkJCYnPDmdnZ/bv3/8Gzs7OxMfHk5mZibh//z5ZWVkSEhISnx3nz5/H1NT0Dc6fP09WVhb3799HIIUUUkjxmUZ0dDQuLi5vEB0dXZ4vCVAKKaT4bEMSoBRSSFFpQxKgFFJIUWlDEqAUUkhRaUMSoBRSSFFpQxKgFFJIUWnj0xSgrAwKXkDuE3
04-24 18:38:04.469 I/Gecko   (   84): 1398389884480	Marionette	INFO	sendToClient: {"from":"0","ok":true}, {a4c6213b-500e-439e-9bc5-064acd6cd203}, {a4c6213b-500e-439e-9bc5-064acd6cd203}
04-24 18:38:04.509 I/Gecko   (   84): 1398389884519	Marionette	DEBUG	Got request: switchToFrame, data: {"to":"0","sessionId":"3-b2g","name":"switchToFrame","parameters":{"id":null,"focus":true}}, id: {02d6f3f5-ce1b-40cd-938f-abec6e042718}
04-24 18:38:04.599 I/Gecko   (   84): 1398389884611	Marionette	INFO	Switched to frame: {"frameValue":null}
04-24 18:38:04.769 I/Gecko   (   84): 1398389884784	Marionette	INFO	sendToClient: {"from":"0","ok":true}, {02d6f3f5-ce1b-40cd-938f-abec6e042718}, {02d6f3f5-ce1b-40cd-938f-abec6e042718}
04-24 18:38:04.789 I/Gecko   (   84): 1398389884805	Marionette	DEBUG	Got request: executeWithCallback, data: {"to":"0","sessionId":"3-b2g","name":"executeAsyncScript","parameters":{"specialPowers":false,"scriptTimeout":null,"newSandbox":true,"args":[],"filename":"gaia_test.py","script":"return GaiaApps.displayedApp();","line":66}}, id: {2979ee6b-fe5e-4300-a2a1-6dbded85c298}
04-24 18:38:05.039 E/GeckoConsole(   84): Content JS LOG at dummy file:392 in GaiaApps.displayedApp: app with origin 'http://header.softgames.de' is displayed
04-24 18:38:05.039 I/Gecko   (   84): 1398389885051	Marionette	INFO	sendToClient: {"from":"0","value":{"frame":{"ELEMENT":"{6becf98f-6381-4918-9b43-3d8bdaa47129}"},"src":"http://header.softgames.de/header/index.html?platform=kirk&p=mozilla","name":"Header Champ","origin":"http://header.softgames.de"}}, {2979ee6b-fe5e-4300-a2a1-6dbded85c298}, {2979ee6b-fe5e-4300-a2a1-6dbded85c298}
04-24 18:38:05.059 I/Gecko   (   84): 1398389885072	Marionette	DEBUG	Got request: switchToFrame, data: {"to":"0","sessionId":"3-b2g","name":"switchToFrame","parameters":{"id":null,"focus":true}}, id: {9d624c55-278b-4213-a663-6802e3aeb093}
04-24 18:38:05.059 I/Gecko   (   84): 1398389885074	Marionette	INFO	Switched to frame: {"frameValue":null}
04-24 18:38:05.169 I/Gecko   (   84): 1398389885181	Marionette	INFO	sendToClient: {"from":"0","ok":true}, {9d624c55-278b-4213-a663-6802e3aeb093}, {9d624c55-278b-4213-a663-6802e3aeb093}
04-24 18:38:05.189 I/Gecko   (   84): 1398389885204	Marionette	DEBUG	Got request: execute, data: {"to":"0","sessionId":"3-b2g","name":"executeScript","parameters":{"specialPowers":false,"scriptTimeout":null,"newSandbox":true,"args":[],"filename":"gaia_test.py","script":"window.wrappedJSObject.dispatchEvent(new Event('home'));","line":788}}, id: {a3eb4a40-1ab1-4ebf-af69-760af4c29e36}
04-24 18:38:05.299 I/Gonk    (   84): Setting nice for pid 2872 to 18
04-24 18:38:05.299 I/Gonk    (   84): Changed nice for pid 2872 from 18 to 18.
04-24 18:38:05.299 I/Gecko   (   84): [Parent 84] WARNING: waitpid failed pid:2872 errno:10: file ../../../gecko/ipc/chromium/src/base/process_util_posix.cc, line 254
04-24 18:38:05.309 I/Gonk    (   84): Setting nice for pid 2872 to 1
04-24 18:38:05.309 I/Gonk    (   84): Changed nice for pid 2872 from 18 to 1.
04-24 18:38:05.389 D/Sensors (   84): activate handle=0; drv=0
04-24 18:38:05.399 D/Sensors (   84): Lis3dhSensor: Control set 0
04-24 18:38:05.399 D/Sensors (   84): Lis3dhSensor: mEnabled = 0
04-24 18:38:05.449 I/Gecko   (   84): 1398389885463	Marionette	INFO	sendToClient: {"from":"0","value":null}, {a3eb4a40-1ab1-4ebf-af69-760af4c29e36}, {a3eb4a40-1ab1-4ebf-af69-760af4c29e36}
04-24 18:38:05.459 I/Gecko   (   84): 1398389885471	Marionette	DEBUG	Got request: switchToFrame, data: {"to":"0","sessionId":"3-b2g","name":"switchToFrame","parameters":{"id":null,"focus":true}}, id: {59a0266e-d8d4-491a-ad85-8814d062cb09}
04-24 18:38:05.469 I/Gecko   (   84): 1398389885479	Marionette	INFO	Switched to frame: {"frameValue":null}
04-24 18:38:05.539 W/WifiHW  (   84): wifi_command: SIGNAL_POLL
04-24 18:38:05.579 I/Gecko   (   84): 1398389885590	Marionette	INFO	sendToClient: {"from":"0","ok":true}, {59a0266e-d8d4-491a-ad85-8814d062cb09}, {59a0266e-d8d4-491a-ad85-8814d062cb09}
04-24 18:38:05.609 I/Gecko   (   84): 1398389885627	Marionette	DEBUG	Got request: executeWithCallback, data: {"to":"0","sessionId":"3-b2g","name":"executeAsyncScript","parameters":{"specialPowers":false,"scriptTimeout":null,"newSandbox":true,"args":[],"filename":"gaia_test.py","script":"return GaiaApps.displayedApp();","line":66}}, id: {434a9ebf-f037-40c8-b45c-66bac87caefc}
04-24 18:38:05.739 I/Gecko   (   84): 1398389885748	Marionette	INFO	sendToClient: {"from":"0","value":{"frame":{"ELEMENT":"{029f9bc0-0fd4-4132-9bcb-c69f6b6daf9d}"},"src":"app://homescreen.gaiamobile.org/index.html#root","name":"Homescreen","origin":"app://homescreen.gaiamobile.org"}}, {434a9ebf-f037-40c8-b45c-66bac87caefc}, {434a9ebf-f037-40c8-b45c-66bac87caefc}
04-24 18:38:05.739 E/GeckoConsole(   84): Content JS LOG at dummy file:392 in GaiaApps.displayedApp: app with origin 'app://homescreen.gaiamobile.org' is displayed
04-24 18:38:05.749 I/Gecko   (   84): 1398389885761	Marionette	DEBUG	Got request: switchToFrame, data: {"to":"0","sessionId":"3-b2g","name":"switchToFrame","parameters":{"id":null,"focus":true}}, id: {f3bd66c6-5a33-4b48-a00b-58e590c41896}
04-24 18:38:05.759 I/Gecko   (   84): 1398389885769	Marionette	INFO	Switched to frame: {"frameValue":null}
04-24 18:38:05.859 I/Gecko   (   84): 1398389885876	Marionette	INFO	sendToClient: {"from":"0","ok":true}, {f3bd66c6-5a33-4b48-a00b-58e590c41896}, {f3bd66c6-5a33-4b48-a00b-58e590c41896}
04-24 18:38:05.889 I/Gecko   (   84): 1398389885892	Marionette	DEBUG	Got request: switchToFrame, data: {"to":"0","sessionId":"3-b2g","name":"switchToFrame","parameters":{"id":null,"focus":true}}, id: {c5ee2504-2882-4fdd-86b2-5245f8763e73}
04-24 18:38:05.889 I/Gecko   (   84): 1398389885900	Marionette	INFO	Switched to frame: {"frameValue":null}
04-24 18:38:05.989 I/Gecko   (   84): 1398389886003	Marionette	INFO	sendToClient: {"from":"0","ok":true}, {c5ee2504-2882-4fdd-86b2-5245f8763e73}, {c5ee2504-2882-4fdd-86b2-5245f8763e73}
04-24 18:38:05.999 I/Gecko   (   84): 1398389886010	Marionette	DEBUG	Got request: executeWithCallback, data: {"to":"0","sessionId":"3-b2g","name":"executeAsyncScript","parameters":{"specialPowers":false,"scriptTimeout":null,"newSandbox":true,"args":[],"filename":"gaia_test.py","script":"return GaiaApps.displayedApp();","line":66}}, id: {ed014ab5-6401-4794-8e20-a9ebdae25570}
04-24 18:38:06.139 E/GeckoConsole(   84): Content JS LOG at dummy file:392 in GaiaApps.displayedApp: app with origin 'app://homescreen.gaiamobile.org' is displayed
04-24 18:38:06.149 I/Gecko   (   84): 1398389886159	Marionette	INFO	sendToClient: {"from":"0","value":{"frame":{"ELEMENT":"{029f9bc0-0fd4-4132-9bcb-c69f6b6daf9d}"},"src":"app://homescreen.gaiamobile.org/index.html#root","name":"Homescreen","origin":"app://homescreen.gaiamobile.org"}}, {ed014ab5-6401-4794-8e20-a9ebdae25570}, {ed014ab5-6401-4794-8e20-a9ebdae25570}
04-24 18:38:06.329 I/Gecko   (   84): 1398389886344	Marionette	DEBUG	Got request: switchToFrame, data: {"to":"0","sessionId":"3-b2g","name":"switchToFrame","parameters":{"focus":true,"element":"{029f9bc0-0fd4-4132-9bcb-c69f6b6daf9d}"}}, id: {778e4239-536b-41e0-8374-3b5dbda2f839}
04-24 18:38:06.359 I/Gecko   (   84): 1398389886373	Marionette	INFO	Switched to frame: {"frameValue":"{029f9bc0-0fd4-4132-9bcb-c69f6b6daf9d}"}
04-24 18:38:06.379 I/Gecko   (   84): 1398389886389	Marionette	INFO	trying remote frame 0
04-24 18:38:06.399 I/Gecko   (   84): 1398389886408	Marionette	INFO	trying remote frame 1
04-24 18:38:06.399 I/Gecko   (   84): 1398389886410	Marionette	INFO	trying remote frame 2
04-24 18:38:06.399 I/Gecko   (   84): 1398389886411	Marionette	INFO	trying remote frame 3
04-24 18:38:06.399 I/Gecko   (   84): 1398389886412	Marionette	INFO	trying remote frame 4
04-24 18:38:06.399 I/Gecko   (   84): 1398389886413	Marionette	INFO	trying remote frame 5
04-24 18:38:06.409 I/Gecko   (   84): 1398389886421	Marionette	INFO	frame-manager load script: [object ChromeMessageSender]
04-24 18:38:11.389 I/Gonk    (   84): Setting nice for pid 2831 to 18
04-24 18:38:11.409 I/Gonk    (   84): Changed nice for pid 2831 from 1 to 18.
04-24 18:38:11.529 I/log     ( 2889): <4>0[ 1090.539460] select 2831 (Header Champ), adj 10, size 8365, to kill 
04-24 18:38:11.879 W/WifiHW  (   84): wifi_command: SIGNAL_POLL
04-24 18:38:12.039 I/Gonk    (   84): Setting nice for pid 2890 to 18
04-24 18:38:12.039 I/Gonk    (   84): Changed nice for pid 2890 from 0 to 18.
04-24 18:38:12.339 I/GonkMemoryPressure(   84): Checking to see if memory pressure is over.
04-24 18:38:12.339 I/GonkMemoryPressure(   84): Memory pressure is over.
04-24 18:38:12.339
I/GonkMemoryPressure( 2872): Checking to see if memory pressure is over.
04-24 18:38:12.339
I/GonkMemoryPressure( 2872): Memory pressure is over.
04-24 18:38:12.359 I/Gecko   (   84): [Parent 84] WARNING: pipe error (145): Connection reset by peer: file ../../../gecko/ipc/chromium/src/chrome/common/ipc_channel_posix.cc, line 446
04-24 18:38:12.379 I/Gecko   (   84): 
04-24 18:38:12.379 I/Gecko   (   84): ###!!! [Parent][MessageChannel] Error: Channel error: cannot send/recv
04-24 18:38:12.379 I/Gecko   (   84): 
04-24 18:38:12.479 I/Gecko   (   84): [Parent 84] WARNING: waitpid failed pid:2831 errno:10: file ../../../gecko/ipc/chromium/src/base/process_util_posix.cc, line 254
04-24 18:38:12.489 E/Profiler(   84): BPUnw: [1 total] thread_unregister_for_profiling(me=0xfc01c8)  (NOT REGISTERED) 
04-24 18:38:12.579 I/Gecko   ( 2872): ###################################### forms.js loaded
04-24 18:38:12.649 I/Gecko   ( 2872): ############################### browserElementPanning.js loaded
04-24 18:38:12.679 V/AudioPolicyManagerBase(   89): releaseOutput() 1
04-24 18:38:12.699 I/Gecko   ( 2872): ######################## BrowserElementChildPreload.js loaded
04-24 18:38:13.379 E/Profiler(   84): BPUnw: [1 total] thread_unregister_for_profiling(me=0xfd34b0)  (NOT REGISTERED) 
04-24 18:38:13.569 E/Profiler(   84): BPUnw: [1 total] thread_unregister_for_profiling(me=0xfd8bf0)  (NOT REGISTERED) 
04-24 18:38:13.899 I/Gecko   (   84): 1398389893914	Marionette	INFO	sendToClient: {"from":"0","ok":true}, {778e4239-536b-41e0-8374-3b5dbda2f839}, {778e4239-536b-41e0-8374-3b5dbda2f839}
04-24 18:38:14.099 E/Profiler(   84): BPUnw: [1 total] thread_unregister_for_profiling(me=0xfd3580)  (NOT REGISTERED) 
04-24 18:38:14.109 E/Profiler(   84): BPUnw: [1 total] thread_unregister_for_profiling(me=0xfc0278)  (NOT REGISTERED) 
04-24 18:38:14.349 I/Gecko   (   84): 1398389894359	Marionette	INFO	sendToClient: {"from":"0","value":"app://homescreen.gaiamobile.org/index.html#root"}, {b6b0413c-279d-4509-b09d-d4302a0b80f0}, {b6b0413c-279d-4509-b09d-d4302a0b80f0}
04-24 18:38:14.369 I/Gecko   (   84): 1398389894378	Marionette	DEBUG	Got request: switchToFrame, data: {"to":"0","sessionId":"3-b2g","name":"switchToFrame","parameters":{"id":null,"focus":true}}, id: {68a68fbd-f1e7-47fe-90d4-fec997985283}
04-24 18:38:14.399 I/Gecko   (   84): 1398389894411	Marionette	INFO	Switched to frame: {"frameValue":null}
04-24 18:38:14.479 I/Gecko   (   84): [Parent 84] WARNING: waitpid failed pid:2831 errno:10: file ../../../gecko/ipc/chromium/src/base/process_util_posix.cc, line 254
04-24 18:38:14.479 I/Gecko   (   84): [Parent 84] WARNING: Failed to deliver SIGKILL to 2831!(3).: file ../../../gecko/ipc/chromium/src/chrome/common/process_watcher_posix_sigchld.cc, line 118
04-24 18:38:14.519 I/Gecko   (   84): 1398389894531	Marionette	INFO	sendToClient: {"from":"0","ok":true}, {68a68fbd-f1e7-47fe-90d4-fec997985283}, {68a68fbd-f1e7-47fe-90d4-fec997985283}
04-24 18:38:14.839 I/Gecko   (   84): 1398389894849	Marionette	DEBUG	Got request: switchToFrame, data: {"to":"0","sessionId":"3-b2g","name":"switchToFrame","parameters":{"id":null,"focus":true}}, id: {94f60dc6-a048-4e97-9ceb-322c957889f8}
04-24 18:38:14.839 I/Gecko   (   84): 1398389894851	Marionette	INFO	Switched to frame: {"frameValue":null}
04-24 18:38:14.939 I/Gecko   (   84): 1398389894953	Marionette	INFO	sendToClient: {"from":"0","ok":true}, {94f60dc6-a048-4e97-9ceb-322c957889f8}, {94f60dc6-a048-4e97-9ceb-322c957889f8}
04-24 18:38:14.959 I/Gecko   (   84): 1398389894977	Marionette	DEBUG	Got request: executeWithCallback, data: {"to":"0","sessionId":"3-b2g","name":"executeAsyncScript","parameters":{"specialPowers":false,"scriptTimeout":null,"newSandbox":true,"args":[],"filename":"gaia_test.py","script":"GaiaApps.killAll()","line":91}}, id: {83727ace-409e-4f64-acdf-4ced67448ac4}
04-24 18:38:15.529 E/GeckoConsole(   84): Content JS LOG at dummy file:266 in GaiaApps.kill: terminating app with origin 'app://browser.gaiamobile.org'
04-24 18:38:15.529 E/GeckoConsole(   84): Content JS LOG at dummy file:258 in GaiaApps.kill/gt_onAppTerminated/<: app with origin 'app://browser.gaiamobile.org' has terminated
04-24 18:38:15.589 I/Gecko   (   84): 1398389895603	Marionette	INFO	sendToClient: {"from":"0","value":true}, {83727ace-409e-4f64-acdf-4ced67448ac4}, {83727ace-409e-4f64-acdf-4ced67448ac4}