--------- beginning of /dev/log/main
04-25 19:24:04.290 I/Gecko   (   84): 1398479044306	Marionette	INFO	sendToClient: {"from":"0","ok":true}, {3e4031f5-629b-4274-9ed8-2e5edfc2a98c}, {3e4031f5-629b-4274-9ed8-2e5edfc2a98c}
04-25 19:24:04.310 I/Gecko   (   84): 1398479044320	Marionette	DEBUG	Got request: switchToFrame, data: {"to":"0","sessionId":"3-b2g","name":"switchToFrame","parameters":{"id":null,"focus":true}}, id: {6418c805-5d9d-415e-8b32-ed39ebeb5aa4}
04-25 19:24:04.310 I/Gecko   (   84): 1398479044322	Marionette	INFO	Switched to frame: {"frameValue":null}
04-25 19:24:04.420 I/Gecko   (   84): 1398479044436	Marionette	INFO	sendToClient: {"from":"0","ok":true}, {6418c805-5d9d-415e-8b32-ed39ebeb5aa4}, {6418c805-5d9d-415e-8b32-ed39ebeb5aa4}
04-25 19:24:04.430 I/Gecko   (   84): 1398479044442	Marionette	DEBUG	Got request: executeWithCallback, data: {"to":"0","sessionId":"3-b2g","name":"executeAsyncScript","parameters":{"specialPowers":false,"scriptTimeout":null,"newSandbox":true,"args":[],"filename":"gaia_test.py","script":"return GaiaApps.displayedApp();","line":66}}, id: {c8ef9246-19f2-4bcb-a226-26368b8dff3b}
04-25 19:24:04.500 I/Gecko   (   84): 1398479044514	Marionette	INFO	sendToClient: {"from":"0","value":{"frame":{"ELEMENT":"{10bc441d-0524-42cd-a48a-1e90a013c046}"},"src":"app://homescreen.gaiamobile.org/index.html#root","name":"Homescreen","origin":"app://homescreen.gaiamobile.org"}}, {c8ef9246-19f2-4bcb-a226-26368b8dff3b}, {c8ef9246-19f2-4bcb-a226-26368b8dff3b}
04-25 19:24:04.500 E/GeckoConsole(   84): Content JS LOG at dummy file:392 in GaiaApps.displayedApp: app with origin 'app://homescreen.gaiamobile.org' is displayed
04-25 19:24:04.510 I/Gecko   (   84): 1398479044523	Marionette	DEBUG	Got request: switchToFrame, data: {"to":"0","sessionId":"3-b2g","name":"switchToFrame","parameters":{"id":null,"focus":true}}, id: {17680580-5e46-4057-b049-17a4a2955c6c}
04-25 19:24:04.510 I/Gecko   (   84): 1398479044525	Marionette	INFO	Switched to frame: {"frameValue":null}
04-25 19:24:04.610 E/GeckoConsole(  792): Content JS ERROR at app://homescreen.gaiamobile.org/gaia_build_defer_index.js:390 in loadSVConfFileError: Failed parsing singleVariant configuration file [js/singlevariantconf.json]:  [Exception... "File error: Not found"  nsresult: "0x80520012 (NS_ERROR_FILE_NOT_FOUND)"  location: "JS frame :: app://homescreen.gaiamobile.org/gaia_build_defer_index.js :: loadFile :: line 382"  data: no]
04-25 19:24:04.620 I/Gecko   (   84): 1398479044635	Marionette	INFO	sendToClient: {"from":"0","ok":true}, {17680580-5e46-4057-b049-17a4a2955c6c}, {17680580-5e46-4057-b049-17a4a2955c6c}
04-25 19:24:04.640 I/Gecko   (   84): 1398479044649	Marionette	DEBUG	Got request: switchToFrame, data: {"to":"0","sessionId":"3-b2g","name":"switchToFrame","parameters":{"id":null,"focus":true}}, id: {f4e2fa54-f95e-450f-ad12-bd47d035eefa}
04-25 19:24:04.670 I/Gecko   (   84): 1398479044678	Marionette	INFO	Switched to frame: {"frameValue":null}
04-25 19:24:04.770 I/Gecko   (   84): 1398479044786	Marionette	INFO	sendToClient: {"from":"0","ok":true}, {f4e2fa54-f95e-450f-ad12-bd47d035eefa}, {f4e2fa54-f95e-450f-ad12-bd47d035eefa}
04-25 19:24:04.780 I/Gecko   (   84): 1398479044792	Marionette	DEBUG	Got request: executeWithCallback, data: {"to":"0","sessionId":"3-b2g","name":"executeAsyncScript","parameters":{"specialPowers":false,"scriptTimeout":null,"newSandbox":true,"args":[],"filename":"gaia_test.py","script":"return GaiaApps.displayedApp();","line":66}}, id: {ed799b39-b880-416e-8b8d-1b4895e39d91}
04-25 19:24:04.860 I/Gecko   (   84): 1398479044869	Marionette	INFO	sendToClient: {"from":"0","value":{"frame":{"ELEMENT":"{10bc441d-0524-42cd-a48a-1e90a013c046}"},"src":"app://homescreen.gaiamobile.org/index.html#root","name":"Homescreen","origin":"app://homescreen.gaiamobile.org"}}, {ed799b39-b880-416e-8b8d-1b4895e39d91}, {ed799b39-b880-416e-8b8d-1b4895e39d91}
04-25 19:24:04.860 E/GeckoConsole(   84): Content JS LOG at dummy file:392 in GaiaApps.displayedApp: app with origin 'app://homescreen.gaiamobile.org' is displayed
04-25 19:24:04.870 I/Gecko   (   84): 1398479044883	Marionette	DEBUG	Got request: switchToFrame, data: {"to":"0","sessionId":"3-b2g","name":"switchToFrame","parameters":{"focus":true,"element":"{10bc441d-0524-42cd-a48a-1e90a013c046}"}}, id: {6de953c6-fa36-49d2-8cdc-c8a63a66aa71}
04-25 19:24:04.880 I/Gecko   (   84): 1398479044895	Marionette	INFO	Switched to frame: {"frameValue":"{10bc441d-0524-42cd-a48a-1e90a013c046}"}
04-25 19:24:04.890 I/Gecko   (   84): 1398479044898	Marionette	INFO	trying remote frame 0
04-25 19:24:04.900 I/Gecko   (   84): 1398479044914	Marionette	INFO	trying remote frame 1
04-25 19:24:04.900 I/Gecko   (   84): 1398479044915	Marionette	INFO	deleting frame
04-25 19:24:04.920 I/Gecko   (   84): 1398479044930	Marionette	INFO	frame-manager load script: [object ChromeMessageSender]
04-25 19:24:05.380 I/Gecko   (   84): 1398479045395	Marionette	INFO	sendToClient: {"from":"0","ok":true}, {6de953c6-fa36-49d2-8cdc-c8a63a66aa71}, {6de953c6-fa36-49d2-8cdc-c8a63a66aa71}
04-25 19:24:05.560 I/Gecko   (   84): 1398479045571	Marionette	INFO	sendToClient: {"from":"0","value":{"ELEMENT":"{e7a5fa85-6368-4340-924b-85e6e5844853}"}}, {cf2d7d53-b032-4c5f-8e98-612b8f11e7a8}, {cf2d7d53-b032-4c5f-8e98-612b8f11e7a8}
04-25 19:24:05.820 E/GeckoConsole(  792): [JavaScript Warning: "Use of getAttributeNode() is deprecated. Use getAttribute() instead." {file: "chrome://marionette/content/atoms.js" line: 25}]
04-25 19:24:05.840 E/GeckoConsole(  792): [JavaScript Warning: "Use of attributes' specified attribute is deprecated. It always returns true." {file: "chrome://marionette/content/atoms.js" line: 25}]
04-25 19:24:06.010 I/Gecko   (   84): 1398479046018	Marionette	INFO	sendToClient: {"from":"0","value":"normal"}, {4bfa6439-f3f0-4023-93fb-59d64d423830}, {4bfa6439-f3f0-4023-93fb-59d64d423830}
04-25 19:24:06.040 I/Gecko   (   84): 1398479046056	Marionette	DEBUG	Got request: switchToFrame, data: {"to":"0","sessionId":"3-b2g","name":"switchToFrame","parameters":{"id":null,"focus":true}}, id: {6a5e7fcf-3df4-475c-921b-edc273867f97}
04-25 19:24:06.080 I/Gecko   (   84): 1398479046088	Marionette	INFO	Switched to frame: {"frameValue":null}
04-25 19:24:06.180 I/Gecko   (   84): 1398479046191	Marionette	INFO	sendToClient: {"from":"0","ok":true}, {6a5e7fcf-3df4-475c-921b-edc273867f97}, {6a5e7fcf-3df4-475c-921b-edc273867f97}
04-25 19:24:06.190 I/Gecko   (   84): 1398479046198	Marionette	DEBUG	Got request: execute, data: {"to":"0","sessionId":"3-b2g","name":"executeScript","parameters":{"specialPowers":false,"scriptTimeout":null,"newSandbox":true,"args":[],"filename":"gaia_test.py","script":"window.wrappedJSObject.dispatchEvent(new Event('home'));","line":788}}, id: {e3f344b8-2147-4b4b-b527-083927d0421c}
04-25 19:24:06.310 V/AudioPolicyManagerBase(   89): startOutput() output 1, stream 1, session 3
04-25 19:24:06.310 V/AudioPolicyManagerBase(   89): changeRefCount() stream 1, count 1
04-25 19:24:06.310 V/AudioPolicyManagerBase(   89): getDeviceForStrategy() from cache strategy 0, device 2
04-25 19:24:06.310 V/AudioPolicyManagerBase(   89): getNewDevice() selected device 2
04-25 19:24:06.310 D/AudioPolicyManagerBase(   89): setOutputDevice() output 1 device 2 delayMs 0
04-25 19:24:06.310 V/AudioPolicyManagerBase(   89): setOutputDevice() setting same device 2 or null device for output 1
04-25 19:24:06.310 E/AudioPolicyManagerBase(   89): checkAndSetVolume stream=1, index=0, output=1, device=2
04-25 19:24:06.310 E/AudioPolicyManagerBase(   89): computeVolume, streamDesc=0x1e49bb8
04-25 19:24:06.330 I/Gecko   (   84): 1398479046344	Marionette	INFO	sendToClient: {"from":"0","value":null}, {e3f344b8-2147-4b4b-b527-083927d0421c}, {e3f344b8-2147-4b4b-b527-083927d0421c}
04-25 19:24:06.340 I/Gecko   (   84): 1398479046353	Marionette	DEBUG	Got request: switchToFrame, data: {"to":"0","sessionId":"3-b2g","name":"switchToFrame","parameters":{"id":null,"focus":true}}, id: {f2b17bfb-0f96-4f0a-99f3-94e610f07ba2}
04-25 19:24:06.340 I/Gecko   (   84): 1398479046355	Marionette	INFO	Switched to frame: {"frameValue":null}
04-25 19:24:06.350 W/AudioFlinger(   89): Thread AudioOut_1 cannot connect to the power manager service
04-25 19:24:06.350 V/AudioPolicyManagerBase(   89): stopOutput() output 1, stream 1, session 3
04-25 19:24:06.350 V/AudioPolicyManagerBase(   89): changeRefCount() stream 1, count 0
04-25 19:24:06.350 V/AudioPolicyManagerBase(   89): getNewDevice() selected device 0
04-25 19:24:06.350 D/AudioPolicyManagerBase(   89): setOutputDevice() output 1 device 0 delayMs 290
04-25 19:24:06.350 V/AudioPolicyManagerBase(   89): setOutputDevice() setting same device 0 or null device for output 1
04-25 19:24:06.360 V/AudioPolicyManagerBase(   89): releaseOutput() 1
04-25 19:24:06.450 I/Gecko   (   84): 1398479046459	Marionette	INFO	sendToClient: {"from":"0","ok":true}, {f2b17bfb-0f96-4f0a-99f3-94e610f07ba2}, {f2b17bfb-0f96-4f0a-99f3-94e610f07ba2}
04-25 19:24:06.460 I/Gecko   (   84): 1398479046473	Marionette	DEBUG	Got request: switchToFrame, data: {"to":"0","sessionId":"3-b2g","name":"switchToFrame","parameters":{"id":null,"focus":true}}, id: {47ddbff7-23cc-4f3d-ac0a-6664f288d0bd}
04-25 19:24:06.480 I/Gecko   (   84): 1398479046488	Marionette	INFO	Switched to frame: {"frameValue":null}
04-25 19:24:06.500 W/WifiHW  (   84): wifi_command: SIGNAL_POLL
04-25 19:24:06.580 I/Gecko   (   84): 1398479046591	Marionette	INFO	sendToClient: {"from":"0","ok":true}, {47ddbff7-23cc-4f3d-ac0a-6664f288d0bd}, {47ddbff7-23cc-4f3d-ac0a-6664f288d0bd}
04-25 19:24:06.580 I/Gecko   (   84): 1398479046596	Marionette	DEBUG	Got request: executeWithCallback, data: {"to":"0","sessionId":"3-b2g","name":"executeAsyncScript","parameters":{"specialPowers":false,"scriptTimeout":null,"newSandbox":true,"args":[],"filename":"gaia_test.py","script":"return GaiaApps.displayedApp();","line":66}}, id: {e480531d-bffe-4b02-b158-7682aece09e8}
04-25 19:24:06.640 E/GeckoConsole(   84): Content JS LOG at dummy file:392 in GaiaApps.displayedApp: app with origin 'app://homescreen.gaiamobile.org' is displayed
04-25 19:24:06.640 I/Gecko   (   84): 1398479046654	Marionette	INFO	sendToClient: {"from":"0","value":{"frame":{"ELEMENT":"{10bc441d-0524-42cd-a48a-1e90a013c046}"},"src":"app://homescreen.gaiamobile.org/index.html#rootFri%20Apr%2025%202014%2019:24:06%20GMT-0700%20(UTC)","name":"Homescreen","origin":"app://homescreen.gaiamobile.org"}}, {e480531d-bffe-4b02-b158-7682aece09e8}, {e480531d-bffe-4b02-b158-7682aece09e8}
04-25 19:24:06.650 I/Gecko   (   84): 1398479046660	Marionette	DEBUG	Got request: switchToFrame, data: {"to":"0","sessionId":"3-b2g","name":"switchToFrame","parameters":{"focus":true,"element":"{10bc441d-0524-42cd-a48a-1e90a013c046}"}}, id: {6275ee69-6083-4c26-a3ce-ed47351e32d4}
04-25 19:24:06.650 I/Gecko   (   84): 1398479046665	Marionette	INFO	Switched to frame: {"frameValue":"{10bc441d-0524-42cd-a48a-1e90a013c046}"}
04-25 19:24:06.660 I/Gecko   (   84): 1398479046674	Marionette	INFO	trying remote frame 0
04-25 19:24:06.660 I/Gecko   (   84): 1398479046675	Marionette	INFO	trying remote frame 1
04-25 19:24:07.020 I/Gecko   (   84): 1398479047030	Marionette	INFO	sendToClient: {"from":"0","ok":true}, {6275ee69-6083-4c26-a3ce-ed47351e32d4}, {6275ee69-6083-4c26-a3ce-ed47351e32d4}
04-25 19:24:07.030 I/Gecko   (   84): 1398479047038	Marionette	DEBUG	Got request: execute, data: {"to":"0","sessionId":"3-b2g","name":"executeScript","parameters":{"specialPowers":false,"scriptTimeout":null,"newSandbox":true,"args":[],"filename":"gaia_test.py","script":"return window.wrappedJSObject.GridManager.pageHelper.getCurrentPageNumber();","line":784}}, id: {713e68bf-dfa5-475f-b4d4-cac2c3eb59a6}
04-25 19:24:07.180 I/Gecko   (   84): 1398479047194	Marionette	INFO	sendToClient: {"from":"0","value":0}, {713e68bf-dfa5-475f-b4d4-cac2c3eb59a6}, {713e68bf-dfa5-475f-b4d4-cac2c3eb59a6}
04-25 19:24:07.380 I/Gecko   (   84): 1398479047392	Marionette	INFO	sendToClient: {"from":"0","value":["{6f8b62f1-0638-48de-9955-8a243a541d7f}","{97a5ea7a-8464-45a7-8ed8-f58a005eb2dc}","{ec3203ba-71d3-4caf-b3c0-92cce0b28767}","{011813f9-9351-42ef-921d-cf8c894bbe65}","{34a2a2da-137f-4ecf-9ef4-c07d84078001}","{e9793ce8-ce5f-4dbf-b450-f3958ea5ded8}","{88893a3d-d692-4676-baff-fe3225170397}","{dcf2c603-ef2c-4ae8-a150-8dc3ae87c26e}","{af6cd009-8d7d-458e-9757-9378fd65983b}","{b829218e-4036-408a-bcfc-3b05013c2336}","{dd212c43-bcb8-43cd-bc49-6648d2503671}","{8de58516-d3d7-4d3b-b51d-78c183115e3f}","{7cc01ada-0bf1-4d12-be31-d70e1df8d3cd}","{c5a0f6a1-e06c-43c9-9e01-9e58eef93e50}","{86788288-7f02-4721-8417-6933ac10e329}","{403662b3-d778-462d-a4fe-159a39cf4826}","{5168f247-ea3a-48d4-a7f5-54d6ff1614ff}","{423e9258-ead0-4fbd-9c39-f16a9657ee39}","{c9f867c6-c6f3-4d21-b0bf-c11f36150929}","{ac124f1e-d677-4c17-9f79-888dcd5b87d9}","{00db192c-1c99-4321-b063-b9d767e24ad9}","{93ba210b-1545-4e55-81fc-14eee149c166}","{9dd83627-5d76-4138-a5f3-498efb3b42b7}","{4fce9851-3b78
04-25 19:24:08.660 I/Gecko   (   84): 1398479048674	Marionette	INFO	sendToClient: {"from":"0","value":"app://homescreen.gaiamobile.org/index.html#rootFri%20Apr%2025%202014%2019:24:06%20GMT-0700%20(UTC)"}, {ca3ab983-b4ce-44ae-a11b-979fe7c56ca5}, {ca3ab983-b4ce-44ae-a11b-979fe7c56ca5}
04-25 19:24:08.680 I/Gecko   (   84): 1398479048693	Marionette	DEBUG	Got request: switchToFrame, data: {"to":"0","sessionId":"3-b2g","name":"switchToFrame","parameters":{"id":null,"focus":true}}, id: {b50198e5-aaf5-45b2-be85-1bdc8cb1a7ca}
04-25 19:24:08.690 I/Gecko   (   84): 1398479048700	Marionette	INFO	Switched to frame: {"frameValue":null}
04-25 19:24:08.780 E/GeckoConsole(  792): Content JS WARN at app://homescreen.gaiamobile.org/gaia_build_defer_index.js:184 in isHiddenApp: Unexpected role when checking hidden app: undefined
04-25 19:24:08.780 E/GeckoConsole(  792): Content JS WARN at app://homescreen.gaiamobile.org/gaia_build_defer_index.js:184 in isHiddenApp: Unexpected role when checking hidden app: undefined
04-25 19:24:08.780 E/GeckoConsole(  792): Content JS WARN at app://homescreen.gaiamobile.org/gaia_build_defer_index.js:184 in isHiddenApp: Unexpected role when checking hidden app: undefined
04-25 19:24:08.780 E/GeckoConsole(  792): Content JS WARN at app://homescreen.gaiamobile.org/gaia_build_defer_index.js:184 in isHiddenApp: Unexpected role when checking hidden app: undefined
04-25 19:24:08.780 E/GeckoConsole(  792): Content JS WARN at app://homescreen.gaiamobile.org/gaia_build_defer_index.js:184 in isHiddenApp: Unexpected role when checking hidden app: undefined
04-25 19:24:08.780 E/GeckoConsole(  792): Content JS WARN at app://homescreen.gaiamobile.org/gaia_build_defer_index.js:184 in isHiddenApp: Unexpected role when checking hidden app: undefined
04-25 19:24:08.780 E/GeckoConsole(  792): Content JS WARN at app://homescreen.gaiamobile.org/gaia_build_defer_index.js:184 in isHiddenApp: Unexpected role when checking hidden app: undefined
04-25 19:24:08.790 E/GeckoConsole(  792): Content JS WARN at app://homescreen.gaiamobile.org/gaia_build_defer_index.js:184 in isHiddenApp: Unexpected role when checking hidden app: undefined
04-25 19:24:08.790 E/GeckoConsole(  792): Content JS WARN at app://homescreen.gaiamobile.org/gaia_build_defer_index.js:184 in isHiddenApp: Unexpected role when checking hidden app: undefined
04-25 19:24:08.790 E/GeckoConsole(  792): Content JS WARN at app://homescreen.gaiamobile.org/gaia_build_defer_index.js:184 in isHiddenApp: Unexpected role when checking hidden app: undefined
04-25 19:24:08.790 E/GeckoConsole(  792): Content JS WARN at app://homescreen.gaiamobile.org/gaia_build_defer_index.js:184 in isHiddenApp: Unexpected role when checking hidden app: undefined
04-25 19:24:08.790 E/GeckoConsole(  792): Content JS WARN at app://homescreen.gaiamobile.org/gaia_build_defer_index.js:184 in isHiddenApp: Unexpected role when checking hidden app: undefined
04-25 19:24:08.790 E/GeckoConsole(  792): Content JS WARN at app://homescreen.gaiamobile.org/gaia_build_defer_index.js:184 in isHiddenApp: Unexpected role when checking hidden app: undefined
04-25 19:24:08.790 E/GeckoConsole(  792): Content JS WARN at app://homescreen.gaiamobile.org/gaia_build_defer_index.js:184 in isHiddenApp: Unexpected role when checking hidden app: undefined
04-25 19:24:08.790 E/GeckoConsole(  792): Content JS WARN at app://homescreen.gaiamobile.org/gaia_build_defer_index.js:184 in isHiddenApp: Unexpected role when checking hidden app: undefined
04-25 19:24:08.790 I/Gecko   (   84): 1398479048804	Marionette	INFO	sendToClient: {"from":"0","ok":true}, {b50198e5-aaf5-45b2-be85-1bdc8cb1a7ca}, {b50198e5-aaf5-45b2-be85-1bdc8cb1a7ca}
04-25 19:24:08.800 I/Gecko   (   84): 1398479048810	Marionette	DEBUG	Got request: switchToFrame, data: {"to":"0","sessionId":"3-b2g","name":"switchToFrame","parameters":{"id":null,"focus":true}}, id: {8922b1ed-6a3d-4daf-8d6b-ba31f8c4b651}
04-25 19:24:08.800 I/Gecko   (   84): 1398479048812	Marionette	INFO	Switched to frame: {"frameValue":null}
04-25 19:24:08.800 E/GeckoConsole(  792): Content JS WARN at app://homescreen.gaiamobile.org/gaia_build_defer_index.js:184 in isHiddenApp: Unexpected role when checking hidden app: undefined
04-25 19:24:08.800 E/GeckoConsole(  792): Content JS WARN at app://homescreen.gaiamobile.org/gaia_build_defer_index.js:184 in isHiddenApp: Unexpected role when checking hidden app: undefined
04-25 19:24:08.800 E/GeckoConsole(  792): Content JS WARN at app://homescreen.gaiamobile.org/gaia_build_defer_index.js:184 in isHiddenApp: Unexpected role when checking hidden app: undefined
04-25 19:24:08.800 E/GeckoConsole(  792): Content JS WARN at app://homescreen.gaiamobile.org/gaia_build_defer_index.js:184 in isHiddenApp: Unexpected role when checking hidden app: undefined
04-25 19:24:08.800 E/GeckoConsole(  792): Content JS WARN at app://homescreen.gaiamobile.org/gaia_build_defer_index.js:184 in isHiddenApp: Unexpected role when checking hidden app: undefined
04-25 19:24:08.810 E/GeckoConsole(  792): Content JS WARN at app://homescreen.gaiamobile.org/gaia_build_defer_index.js:184 in isHiddenApp: Unexpected role when checking hidden app: undefined
04-25 19:24:08.810 E/GeckoConsole(  792): Content JS WARN at app://homescreen.gaiamobile.org/gaia_build_defer_index.js:184 in isHiddenApp: Unexpected role when checking hidden app: undefined
04-25 19:24:08.810 E/GeckoConsole(  792): Content JS WARN at app://homescreen.gaiamobile.org/gaia_build_defer_index.js:184 in isHiddenApp: Unexpected role when checking hidden app: undefined
04-25 19:24:08.810 E/GeckoConsole(  792): Content JS WARN at app://homescreen.gaiamobile.org/gaia_build_defer_index.js:184 in isHiddenApp: Unexpected role when checking hidden app: undefined
04-25 19:24:08.810 E/GeckoConsole(  792): Content JS WARN at app://homescreen.gaiamobile.org/gaia_build_defer_index.js:184 in isHiddenApp: Unexpected role when checking hidden app: undefined
04-25 19:24:08.810 E/GeckoConsole(  792): Content JS WARN at app://homescreen.gaiamobile.org/gaia_build_defer_index.js:184 in isHiddenApp: Unexpected role when checking hidden app: undefined
04-25 19:24:08.810 E/GeckoConsole(  792): Content JS WARN at app://homescreen.gaiamobile.org/gaia_build_defer_index.js:184 in isHiddenApp: Unexpected role when checking hidden app: undefined
04-25 19:24:08.810 E/GeckoConsole(  792): Content JS WARN at app://homescreen.gaiamobile.org/gaia_build_defer_index.js:184 in isHiddenApp: Unexpected role when checking hidden app: undefined
04-25 19:24:08.900 I/Gecko   (   84): 1398479048915	Marionette	INFO	sendToClient: {"from":"0","ok":true}, {8922b1ed-6a3d-4daf-8d6b-ba31f8c4b651}, {8922b1ed-6a3d-4daf-8d6b-ba31f8c4b651}
04-25 19:24:08.920 I/Gecko   (   84): 1398479048931	Marionette	DEBUG	Got request: executeWithCallback, data: {"to":"0","sessionId":"3-b2g","name":"executeAsyncScript","parameters":{"specialPowers":false,"scriptTimeout":30000,"newSandbox":true,"args":[],"filename":"app_checker.py","script":"GaiaApps.launchWithManifestURL('https://marketplace.firefox.com/app/c9b91e37-5de7-4a5e-8ca9-f4928fe42641/manifest.webapp')","line":106}}, id: {a87f503b-a2cd-4a60-89bd-542ea42856b8}
04-25 19:24:09.190 I/Gonk    (   84): Setting nice for pid 800 to 18
04-25 19:24:09.190 I/Gonk    (   84): Changed nice for pid 800 from 18 to 18.
04-25 19:24:09.190 I/Gecko   (   84): [Parent 84] WARNING: waitpid failed pid:800 errno:10: file ../../../gecko/ipc/chromium/src/base/process_util_posix.cc, line 254
04-25 19:24:09.200 I/Gonk    (   84): Setting nice for pid 800 to 1
04-25 19:24:09.200 I/Gonk    (   84): Changed nice for pid 800 from 18 to 1.
04-25 19:24:09.280 E/GeckoConsole(   84): Content JS LOG at dummy file:334 in GaiaApps.launch: launching app with name 'Image Slider'
04-25 19:24:09.550 E/[Gralloc-ERROR](   84): int gralloc_register_buffer(const gralloc_module_t*, const native_handle_t*):79 Unable to register handle 0x48491f10 coming from different process: 84
04-25 19:24:09.610 E/[Gralloc-ERROR](   84): int gralloc_register_buffer(const gralloc_module_t*, const native_handle_t*):79 Unable to register handle 0x48491fb0 coming from different process: 84
04-25 19:24:09.640 E/[Gralloc-ERROR](   84): int gralloc_register_buffer(const gralloc_module_t*, const native_handle_t*):79 Unable to register handle 0x484a01f0 coming from different process: 84
04-25 19:24:09.640 E/[Gralloc-ERROR](   84): int gralloc_register_buffer(const gralloc_module_t*, const native_handle_t*):79 Unable to register handle 0x484a0290 coming from different process: 84
04-25 19:24:09.750 D/Sensors (   84): activate handle=0; drv=0
04-25 19:24:09.820 D/Sensors (   84): Lis3dhSensor: Control set 1
04-25 19:24:09.820 D/Sensors (   84): Lis3dhSensor: mEnabled = 1
04-25 19:24:09.900 I/Gonk    (   84): Setting nice for pid 792 to 18
04-25 19:24:09.900 I/Gonk    (   84): Changed nice for pid 792 from 1 to 18.
04-25 19:24:11.510 W/WifiHW  (   84): wifi_command: SIGNAL_POLL
04-25 19:24:11.660 I/Gecko   (   84): [Parent 84] WARNING: pipe error (148): Connection reset by peer: file ../../../gecko/ipc/chromium/src/chrome/common/ipc_channel_posix.cc, line 446
04-25 19:24:11.680 I/Gecko   (   84): [Parent 84] WARNING: pipe error (149): Connection reset by peer: file ../../../gecko/ipc/chromium/src/chrome/common/ipc_channel_posix.cc, line 446
04-25 19:24:11.690 I/Gecko   (   84): 
04-25 19:24:11.690 I/Gecko   (   84): ###!!! [Parent][MessageChannel] Error: Channel error: cannot send/recv
04-25 19:24:11.690 I/Gecko   (   84): 
04-25 19:24:11.820 I/Gecko   (   84): [Parent 84] WARNING: waitpid failed pid:792 errno:10: file ../../../gecko/ipc/chromium/src/base/process_util_posix.cc, line 254
04-25 19:24:11.940 I/Gecko   (  800): ###################################### forms.js loaded
04-25 19:24:11.970 I/Gecko   (  800): ############################### browserElementPanning.js loaded
04-25 19:24:11.990 I/Gecko   (  800): ######################## BrowserElementChildPreload.js loaded
04-25 19:24:13.780 I/Gonk    (   84): Setting nice for pid 865 to 18
04-25 19:24:13.780 I/Gonk    (   84): Changed nice for pid 865 from 0 to 18.
04-25 19:24:13.800 E/GeckoConsole(   84): Content JS LOG at dummy file:326 in GaiaApps.launch/appOpen/<: app with origin 'app://{10ca9805-cca9-403d-beac-67712361b861}' has launched
04-25 19:24:13.810 I/Gecko   (   84): 1398479053820	Marionette	INFO	sendToClient: {"from":"0","value":{"frame":{"ELEMENT":"{53ade334-2aa2-4a2c-8c84-246115ecd89c}"},"src":"app://{10ca9805-cca9-403d-beac-67712361b861}/index.html","name":"Image Slider","origin":"app://{10ca9805-cca9-403d-beac-67712361b861}"}}, {a87f503b-a2cd-4a60-89bd-542ea42856b8}, {a87f503b-a2cd-4a60-89bd-542ea42856b8}
04-25 19:24:13.820 I/Gecko   (   84): [Parent 84] WARNING: waitpid failed pid:792 errno:10: file ../../../gecko/ipc/chromium/src/base/process_util_posix.cc, line 254
04-25 19:24:13.820 I/Gecko   (   84): [Parent 84] WARNING: Failed to deliver SIGKILL to 792!(3).: file ../../../gecko/ipc/chromium/src/chrome/common/process_watcher_posix_sigchld.cc, line 118
04-25 19:24:14.020 E/[Gralloc-ERROR](   84): int gralloc_unregister_buffer(const gralloc_module_t*, const native_handle_t*):274 Trying to unregister buffer 0x48491fb0 from process 84 that was not created in current process: 84
04-25 19:24:14.030 E/[Gralloc-ERROR](   84): int gralloc_unregister_buffer(const gralloc_module_t*, const native_handle_t*):274 Trying to unregister buffer 0x48491f10 from process 84 that was not created in current process: 84
04-25 19:24:14.030 E/[Gralloc-ERROR](   84): int gralloc_unregister_buffer(const gralloc_module_t*, const native_handle_t*):274 Trying to unregister buffer 0x484a0290 from process 84 that was not created in current process: 84
04-25 19:24:14.030 E/[Gralloc-ERROR](   84): int gralloc_unregister_buffer(const gralloc_module_t*, const native_handle_t*):274 Trying to unregister buffer 0x484a01f0 from process 84 that was not created in current process: 84
04-25 19:24:14.030 I/Gonk    (   84): Setting nice for pid 865 to 18
04-25 19:24:14.030 I/Gonk    (   84): Changed nice for pid 865 from 18 to 18.
04-25 19:24:14.030 I/Gecko   (   84): [Parent 84] WARNING: waitpid failed pid:865 errno:10: file ../../../gecko/ipc/chromium/src/base/process_util_posix.cc, line 254
04-25 19:24:14.050 I/Gecko   (   84): RIL Worker: [1] DateTimeZone string 14/04/26,02:24:15-28,1
04-25 19:24:15.329 I/Gecko   (   84): 1398479055338	Marionette	DEBUG	Got request: switchToFrame, data: {"to":"0","sessionId":"3-b2g","name":"switchToFrame","parameters":{"focus":true,"element":"{53ade334-2aa2-4a2c-8c84-246115ecd89c}"}}, id: {1ee2a96f-cbf2-4410-a55c-2cf517a657d7}
04-25 19:24:15.659 I/Gonk    (   84): Setting nice for pid 873 to 18
04-25 19:24:15.659 I/Gonk    (   84): Changed nice for pid 873 from 0 to 18.
04-25 19:24:15.709 I/Gecko   (   84): 1398479055723	Marionette	INFO	Switched to frame: {"frameValue":"{53ade334-2aa2-4a2c-8c84-246115ecd89c}"}
04-25 19:24:15.829 I/Gecko   (   84): 1398479055841	Marionette	INFO	trying remote frame 0
04-25 19:24:15.829 I/Gecko   (   84): 1398479055842	Marionette	INFO	trying remote frame 1
04-25 19:24:15.829 I/Gecko   (   84): 1398479055843	Marionette	INFO	deleting frame
04-25 19:24:15.839 I/Gecko   (   84): 1398479055850	Marionette	INFO	frame-manager load script: [object ChromeMessageSender]
04-25 19:24:16.109 I/Gonk    (   84): Setting nice for pid 865 to 18
04-25 19:24:16.109 I/Gonk    (   84): Changed nice for pid 865 from 18 to 18.
04-25 19:24:16.879 I/Gecko   (   84): 1398479056892	Marionette	INFO	sendToClient: {"from":"0","ok":true}, {1ee2a96f-cbf2-4410-a55c-2cf517a657d7}, {1ee2a96f-cbf2-4410-a55c-2cf517a657d7}
04-25 19:24:16.929 I/Gecko   (   84): 1398479056943	Marionette	INFO	sendToClient: {"from":"0","value":"app://{10ca9805-cca9-403d-beac-67712361b861}/index.html"}, {ea887805-1e3d-4374-b3e5-7b8711a432d8}, {ea887805-1e3d-4374-b3e5-7b8711a432d8}
04-25 19:24:16.939 I/Gecko   (   84): 1398479056949	Marionette	DEBUG	Got request: execute, data: {"to":"0","sessionId":"3-b2g","name":"executeScript","parameters":{"specialPowers":false,"scriptTimeout":null,"newSandbox":true,"args":[],"filename":"app_checker.py","script":"return window.document.readyState;","line":191}}, id: {89245856-26d7-437a-a654-106230173b3b}
04-25 19:24:17.059 I/Gecko   (   84): 1398479057076	Marionette	INFO	sendToClient: {"from":"0","value":"complete"}, {89245856-26d7-437a-a654-106230173b3b}, {89245856-26d7-437a-a654-106230173b3b}
04-25 19:24:17.079 I/Gecko   (   84): 1398479057088	Marionette	INFO	sendToClient: {"from":"0","value":"app://{10ca9805-cca9-403d-beac-67712361b861}/index.html"}, {5a47e040-abfa-4b8d-8438-a3562050d0e3}, {5a47e040-abfa-4b8d-8438-a3562050d0e3}
04-25 19:24:17.109 I/Gecko   (  800): Attempting load of libEGL.so
04-25 19:24:17.219 D/libEGL  (  800): loaded /system/lib/egl/libEGL_mali.so
04-25 19:24:17.229 D/libEGL  (  800): loaded /system/lib/egl/libGLESv1_CM_mali.so
04-25 19:24:17.239 D/libEGL  (  800): loaded /system/lib/egl/libGLESv2_mali.so
04-25 19:24:17.309 I/Gecko   (  800): SharedSurface_Gralloc::Create -------
04-25 19:24:17.359 I/Gecko   (  800): SharedSurface_Gralloc::Create: success -- surface 0x43dcf040, GraphicBuffer 0x43dcd200.
04-25 19:24:17.489 W/WifiHW  (   84): wifi_command: SIGNAL_POLL
04-25 19:24:17.969 I/Gecko   (   84): 
04-25 19:24:17.969 I/Gecko   (   84): ###!!! [Parent][MessageChannel] Error: Channel error: cannot send/recv
04-25 19:24:17.969 I/Gecko   (   84): 
04-25 19:24:18.099 I/Gecko   (   84): [Parent 84] WARNING: waitpid failed pid:865 errno:10: file ../../../gecko/ipc/chromium/src/base/process_util_posix.cc, line 254
04-25 19:24:18.469 I/Gecko   (   84): 1398479058464	Marionette	INFO	sendToClient: {"from":"0","value":"iVBORw0KGgoAAAANSUhEUgAAAUAAAAHMCAYAAACk4nEJAAAgAElEQVR4nOydd1gTSR/HF7FXqiKKxIaISLFi771hAQLYe+/t7BV7OfXUe9W7U887Pc9y6tm7UsTeG0pCQhJ6Jyt6ft8/FkICCSSQZEMy+zyf572XyW4m+5v5OLMzO0M9mlgfBAKBYIpQbGeAQCAQ2IJ6NKE+CAQCwRShHk6oDwKBQDBFqIfj64NAIBBMEerhuPogEAgEU4QKH9cABAKBYIpQ4WMbgEAgEEwRIkACgWCyUA/GNACBQCCYIkSABALBZKEejG4IAoFAMEWosFENQSAQCKaI5gIc7YS3W8fi3Y6JCBvdiPUfQCBxIxCKChU2siE0QXThf8g5Ym//pdG5BN3xcuUQiC4eQsKDi3i+uLdO4vZ8cW8kPLgI0cVDeLliMOu/mUAoLlToyIbQhLSIZ7KKRMcJNTqXoDt4f26UxeXlah+dxO3lah/ZNXjH1rP+mwmE4kKFjmgITYg8ulZWCQSnd2l0LkF35BOgDuKmIMDf17P+mwkll4ifF+JrenKxiPjfomLngwod4QRNeTK3K54u6KHxeQTdwftzk5wAfXUSt5erffMIkP3fTSiZ8E9sRXGPx79uwGXf+sXKBxUy3AmEkg/vDzkBrvLVyXe8XJUrwMjf17P+mwkll4iDS4stwPs7F+L80HrFygcRoApCRzfB6w2jILl5HOJrx1jPT2EQARJKEuGTW+L+woH4Z0bfIvOHnxsu+tQvVj6okEAnaMLDKV54s2kc3mwah0fT2uVLDxvrLksPG+OOkEAnhE9ogU+HVkB89ShEF3/Bhz1zETrSReG8V+uGQ/jPfkhuHEfUyZ14Or9XgfkIG+2KV2sC8Pm3NRD+sw+SmycgunwYn39bjcezu6j1W8JGN8W7ndMhPPc/xNz+G3HB55D4+AYyBB/w/WuWrLJ/zU
04-25 19:24:18.759 I/Gecko   (   84): 1398479058769	Marionette	INFO	sendToClient: {"from":"0","ok":true}, {c11929c9-7859-4d82-a240-8ff7d8e04448}, {c11929c9-7859-4d82-a240-8ff7d8e04448}
04-25 19:24:18.759 I/Gecko   (   84): 1398479058775	Marionette	DEBUG	Got request: switchToFrame, data: {"to":"0","sessionId":"3-b2g","name":"switchToFrame","parameters":{"id":null,"focus":true}}, id: {b6ea2208-f67a-4327-8c2a-a2551ea0899f}
04-25 19:24:18.809 I/Gecko   (   84): 1398479058824	Marionette	INFO	Switched to frame: {"frameValue":null}
04-25 19:24:18.939 I/Gecko   (   84): 1398479058948	Marionette	INFO	sendToClient: {"from":"0","ok":true}, {b6ea2208-f67a-4327-8c2a-a2551ea0899f}, {b6ea2208-f67a-4327-8c2a-a2551ea0899f}
04-25 19:24:18.959 I/Gecko   (   84): 1398479058972	Marionette	DEBUG	Got request: executeWithCallback, data: {"to":"0","sessionId":"3-b2g","name":"executeAsyncScript","parameters":{"specialPowers":false,"scriptTimeout":null,"newSandbox":true,"args":[],"filename":"gaia_test.py","script":"return GaiaApps.displayedApp();","line":66}}, id: {c523d915-6ce6-4919-89dd-247b2992d9a4}
04-25 19:24:19.089 E/GeckoConsole(   84): Content JS LOG at dummy file:392 in GaiaApps.displayedApp: app with origin 'app://{10ca9805-cca9-403d-beac-67712361b861}' is displayed
04-25 19:24:19.089 I/Gecko   (   84): 1398479059105	Marionette	INFO	sendToClient: {"from":"0","value":{"frame":{"ELEMENT":"{53ade334-2aa2-4a2c-8c84-246115ecd89c}"},"src":"app://{10ca9805-cca9-403d-beac-67712361b861}/index.html","name":"Image Slider","origin":"app://{10ca9805-cca9-403d-beac-67712361b861}"}}, {c523d915-6ce6-4919-89dd-247b2992d9a4}, {c523d915-6ce6-4919-89dd-247b2992d9a4}
04-25 19:24:19.099 I/Gecko   (   84): 1398479059112	Marionette	DEBUG	Got request: switchToFrame, data: {"to":"0","sessionId":"3-b2g","name":"switchToFrame","parameters":{"id":null,"focus":true}}, id: {31aaa786-b9b7-4879-9818-4a28f586f958}
04-25 19:24:19.099 I/Gecko   (   84): 1398479059113	Marionette	INFO	Switched to frame: {"frameValue":null}
04-25 19:24:19.199 I/Gecko   (   84): 1398479059216	Marionette	INFO	sendToClient: {"from":"0","ok":true}, {31aaa786-b9b7-4879-9818-4a28f586f958}, {31aaa786-b9b7-4879-9818-4a28f586f958}
04-25 19:24:19.209 I/Gecko   (   84): 1398479059222	Marionette	DEBUG	Got request: execute, data: {"to":"0","sessionId":"3-b2g","name":"executeScript","parameters":{"specialPowers":false,"scriptTimeout":null,"newSandbox":true,"args":[],"filename":"gaia_test.py","script":"window.wrappedJSObject.dispatchEvent(new Event('home'));","line":788}}, id: {fee8272f-7f62-4ff9-9151-77f4f8e85874}
04-25 19:24:19.279 I/Gonk    (   84): Setting nice for pid 873 to 18
04-25 19:24:19.279 I/Gonk    (   84): Changed nice for pid 873 from 18 to 18.
04-25 19:24:19.279 I/Gecko   (   84): [Parent 84] WARNING: waitpid failed pid:873 errno:10: file ../../../gecko/ipc/chromium/src/base/process_util_posix.cc, line 254
04-25 19:24:19.279 I/Gonk    (   84): Setting nice for pid 873 to 1
04-25 19:24:19.279 I/Gonk    (   84): Changed nice for pid 873 from 18 to 1.
04-25 19:24:19.329 D/Sensors (   84): activate handle=0; drv=0
04-25 19:24:19.329 D/Sensors (   84): Lis3dhSensor: Control set 0
04-25 19:24:19.329 D/Sensors (   84): Lis3dhSensor: mEnabled = 0
04-25 19:24:19.349 I/Gecko   (   84): 1398479059366	Marionette	INFO	sendToClient: {"from":"0","value":null}, {fee8272f-7f62-4ff9-9151-77f4f8e85874}, {fee8272f-7f62-4ff9-9151-77f4f8e85874}
04-25 19:24:19.409 I/Gecko   (   84): 1398479059418	Marionette	DEBUG	Got request: switchToFrame, data: {"to":"0","sessionId":"3-b2g","name":"switchToFrame","parameters":{"id":null,"focus":true}}, id: {0679deb4-b7eb-431e-b019-b5e6c23d837a}
04-25 19:24:19.409 I/Gecko   (   84): 1398479059420	Marionette	INFO	Switched to frame: {"frameValue":null}
04-25 19:24:19.509 I/Gecko   (   84): 1398479059523	Marionette	INFO	sendToClient: {"from":"0","ok":true}, {0679deb4-b7eb-431e-b019-b5e6c23d837a}, {0679deb4-b7eb-431e-b019-b5e6c23d837a}
04-25 19:24:19.519 I/Gecko   (   84): 1398479059530	Marionette	DEBUG	Got request: executeWithCallback, data: {"to":"0","sessionId":"3-b2g","name":"executeAsyncScript","parameters":{"specialPowers":false,"scriptTimeout":null,"newSandbox":true,"args":[],"filename":"gaia_test.py","script":"return GaiaApps.displayedApp();","line":66}}, id: {3d0320a6-d5a5-4d48-bd7e-a5030caf6591}
04-25 19:24:19.569 I/Gecko   (   84): 1398479059583	Marionette	INFO	sendToClient: {"from":"0","value":{"frame":{"ELEMENT":"{a7ac9f84-047d-4fd1-8797-019b7ceecc87}"},"src":"app://homescreen.gaiamobile.org/index.html#root","name":"Homescreen","origin":"app://homescreen.gaiamobile.org"}}, {3d0320a6-d5a5-4d48-bd7e-a5030caf6591}, {3d0320a6-d5a5-4d48-bd7e-a5030caf6591}
04-25 19:24:19.579 E/GeckoConsole(   84): Content JS LOG at dummy file:392 in GaiaApps.displayedApp: app with origin 'app://homescreen.gaiamobile.org' is displayed
04-25 19:24:19.579 I/Gecko   (   84): 1398479059593	Marionette	DEBUG	Got request: switchToFrame, data: {"to":"0","sessionId":"3-b2g","name":"switchToFrame","parameters":{"id":null,"focus":true}}, id: {2bc82dfe-a6d9-46b3-85c9-95600f48d0bb}
04-25 19:24:19.579 I/Gecko   (   84): 1398479059595	Marionette	INFO	Switched to frame: {"frameValue":null}
04-25 19:24:19.699 I/Gecko   (   84): 1398479059709	Marionette	INFO	sendToClient: {"from":"0","ok":true}, {2bc82dfe-a6d9-46b3-85c9-95600f48d0bb}, {2bc82dfe-a6d9-46b3-85c9-95600f48d0bb}
04-25 19:24:19.699 I/Gecko   (   84): 1398479059715	Marionette	DEBUG	Got request: switchToFrame, data: {"to":"0","sessionId":"3-b2g","name":"switchToFrame","parameters":{"id":null,"focus":true}}, id: {197e2bcc-bab5-47c5-9b6b-644600ba304a}
04-25 19:24:19.719 I/Gecko   (   84): 1398479059733	Marionette	INFO	Switched to frame: {"frameValue":null}
04-25 19:24:19.829 I/Gecko   (   84): 1398479059840	Marionette	INFO	sendToClient: {"from":"0","ok":true}, {197e2bcc-bab5-47c5-9b6b-644600ba304a}, {197e2bcc-bab5-47c5-9b6b-644600ba304a}
04-25 19:24:19.859 I/Gecko   (   84): 1398479059871	Marionette	DEBUG	Got request: executeWithCallback, data: {"to":"0","sessionId":"3-b2g","name":"executeAsyncScript","parameters":{"specialPowers":false,"scriptTimeout":null,"newSandbox":true,"args":[],"filename":"gaia_test.py","script":"return GaiaApps.displayedApp();","line":66}}, id: {12747938-4c04-457c-9e47-014a9e703cc6}
04-25 19:24:19.919 I/Gecko   (   84): 1398479059929	Marionette	INFO	sendToClient: {"from":"0","value":{"frame":{"ELEMENT":"{a7ac9f84-047d-4fd1-8797-019b7ceecc87}"},"src":"app://homescreen.gaiamobile.org/index.html#root","name":"Homescreen","origin":"app://homescreen.gaiamobile.org"}}, {12747938-4c04-457c-9e47-014a9e703cc6}, {12747938-4c04-457c-9e47-014a9e703cc6}
04-25 19:24:19.919 E/GeckoConsole(   84): Content JS LOG at dummy file:392 in GaiaApps.displayedApp: app with origin 'app://homescreen.gaiamobile.org' is displayed
04-25 19:24:19.939 I/Gecko   (   84): 1398479059949	Marionette	DEBUG	Got request: switchToFrame, data: {"to":"0","sessionId":"3-b2g","name":"switchToFrame","parameters":{"focus":true,"element":"{a7ac9f84-047d-4fd1-8797-019b7ceecc87}"}}, id: {83318597-462d-4cac-9314-e57db47dd1f8}
04-25 19:24:19.939 I/Gecko   (   84): 1398479059956	Marionette	INFO	Switched to frame: {"frameValue":"{a7ac9f84-047d-4fd1-8797-019b7ceecc87}"}
04-25 19:24:19.959 I/Gecko   (   84): 1398479059958	Marionette	INFO	trying remote frame 0
04-25 19:24:19.969 I/Gecko   (   84): 1398479059978	Marionette	INFO	trying remote frame 1
04-25 19:24:19.969 I/Gecko   (   84): 1398479059981	Marionette	INFO	deleting frame
04-25 19:24:19.989 I/Gecko   (   84): 1398479059997	Marionette	INFO	frame-manager load script: [object ChromeMessageSender]
04-25 19:24:20.099 I/Gecko   (   84): [Parent 84] WARNING: waitpid failed pid:865 errno:10: file ../../../gecko/ipc/chromium/src/base/process_util_posix.cc, line 254
04-25 19:24:20.099 I/Gecko   (   84): [Parent 84] WARNING: Failed to deliver SIGKILL to 865!(3).: file ../../../gecko/ipc/chromium/src/chrome/common/process_watcher_posix_sigchld.cc, line 118
04-25 19:24:20.119 I/Gonk    (   84): Setting nice for pid 886 to 18
04-25 19:24:20.129 I/Gonk    (   84): Changed nice for pid 886 from 0 to 18.
04-25 19:24:23.279 I/Gonk    (   84): Setting nice for pid 800 to 18
04-25 19:24:23.289 I/Gonk    (   84): Changed nice for pid 800 from 1 to 18.
04-25 19:24:23.309 W/WifiHW  (   84): wifi_command: SIGNAL_POLL
04-25 19:24:23.919 I/Gecko   (   84): 
04-25 19:24:23.919 I/Gecko   (   84): ###!!! [Parent][MessageChannel] Error: Channel error: cannot send/recv
04-25 19:24:23.919 I/Gecko   (   84): 
04-25 19:24:23.999 I/Gecko   (   84): [Parent 84] WARNING: waitpid failed pid:800 errno:10: file ../../../gecko/ipc/chromium/src/base/process_util_posix.cc, line 254
04-25 19:24:24.229 I/Gecko   (  886): ###################################### forms.js loaded
04-25 19:24:24.259 I/Gecko   (  873): ###################################### forms.js loaded
04-25 19:24:24.299 I/Gecko   (  873): ############################### browserElementPanning.js loaded
04-25 19:24:24.309 I/Gecko   (  886): ############################### browserElementPanning.js loaded
04-25 19:24:24.349 I/Gecko   (  886): ######################## BrowserElementChildPreload.js loaded
04-25 19:24:24.369 I/Gecko   (  873): ######################## BrowserElementChildPreload.js loaded
04-25 19:24:25.999 I/Gecko   (   84): [Parent 84] WARNING: waitpid failed pid:800 errno:10: file ../../../gecko/ipc/chromium/src/base/process_util_posix.cc, line 254
04-25 19:24:25.999 I/Gecko   (   84): [Parent 84] WARNING: Failed to deliver SIGKILL to 800!(3).: file ../../../gecko/ipc/chromium/src/chrome/common/process_watcher_posix_sigchld.cc, line 118
04-25 19:24:26.459 I/Gecko   (   84): 1398479066468	Marionette	INFO	sendToClient: {"from":"0","ok":true}, {83318597-462d-4cac-9314-e57db47dd1f8}, {83318597-462d-4cac-9314-e57db47dd1f8}
04-25 19:24:26.719 I/Gecko   (   84): 1398479066733	Marionette	INFO	sendToClient: {"from":"0","value":"app://homescreen.gaiamobile.org/index.html#root"}, {11fedd1d-1eb1-4876-99dd-5cf5036b71b7}, {11fedd1d-1eb1-4876-99dd-5cf5036b71b7}
04-25 19:24:26.729 I/Gecko   (   84): 1398479066739	Marionette	DEBUG	Got request: switchToFrame, data: {"to":"0","sessionId":"3-b2g","name":"switchToFrame","parameters":{"id":null,"focus":true}}, id: {2ff4c6b1-50b0-4dc1-9450-2afa50888f4d}
04-25 19:24:26.739 I/Gecko   (   84): 1398479066753	Marionette	INFO	Switched to frame: {"frameValue":null}
04-25 19:24:26.939 I/Gecko   (   84): 1398479066948	Marionette	INFO	sendToClient: {"from":"0","ok":true}, {2ff4c6b1-50b0-4dc1-9450-2afa50888f4d}, {2ff4c6b1-50b0-4dc1-9450-2afa50888f4d}
04-25 19:24:26.939 I/Gecko   (   84): 1398479066954	Marionette	DEBUG	Got request: switchToFrame, data: {"to":"0","sessionId":"3-b2g","name":"switchToFrame","parameters":{"id":null,"focus":true}}, id: {17796b00-07ba-4f59-8606-737ddc461075}
04-25 19:24:26.949 I/Gecko   (   84): 1398479066959	Marionette	INFO	Switched to frame: {"frameValue":null}
04-25 19:24:27.049 I/Gecko   (   84): 1398479067061	Marionette	INFO	sendToClient: {"from":"0","ok":true}, {17796b00-07ba-4f59-8606-737ddc461075}, {17796b00-07ba-4f59-8606-737ddc461075}
04-25 19:24:27.059 I/Gecko   (   84): 1398479067068	Marionette	DEBUG	Got request: executeWithCallback, data: {"to":"0","sessionId":"3-b2g","name":"executeAsyncScript","parameters":{"specialPowers":false,"scriptTimeout":null,"newSandbox":true,"args":[],"filename":"gaia_test.py","script":"GaiaApps.killAll()","line":91}}, id: {7f70d6dc-cd08-4286-9f6d-76b7edd823ed}
04-25 19:24:27.099 I/Gecko   (   84): 1398479067116	Marionette	INFO	sendToClient: {"from":"0","value":true}, {7f70d6dc-cd08-4286-9f6d-76b7edd823ed}, {7f70d6dc-cd08-4286-9f6d-76b7edd823ed}
04-25 19:24:27.119 I/Gecko   (   84): 1398479067132	Marionette	DEBUG	Got request: switchToFrame, data: {"to":"0","sessionId":"3-b2g","name":"switchToFrame","parameters":{"id":null,"focus":true}}, id: {18e8c13e-7d09-4f8b-9b29-65516167551c}
04-25 19:24:27.119 I/Gecko   (   84): 1398479067133	Marionette	INFO	Switched to frame: {"frameValue":null}
04-25 19:24:27.219 I/Gecko   (   84): 1398479067236	Marionette	INFO	sendToClient: {"from":"0","ok":true}, {18e8c13e-7d09-4f8b-9b29-65516167551c}, {18e8c13e-7d09-4f8b-9b29-65516167551c}
04-25 19:24:27.229 I/Gecko   (   84): 1398479067242	Marionette	DEBUG	Got request: executeWithCallback, data: {"to":"0","sessionId":"3-b2g","name":"executeAsyncScript","parameters":{"specialPowers":false,"scriptTimeout":60000,"newSandbox":true,"args":[],"filename":"app_checker.py","script":"\n        GaiaApps.locateWithManifestURL('https://marketplace.firefox.com/app/c9b91e37-5de7-4a5e-8ca9-f4928fe42641/manifest.webapp',\n                                       null,\n                                       function uninstall(app) {\n                                       navigator.mozApps.mgmt.uninstall(app);\n                                       marionetteScriptFinished(true);\n                                       });\n        ","line":129}}, id: {70ef6817-b659-47dc-ba03-b9ea86ab5824}
04-25 19:24:27.269 I/Gecko   (   84): -- webapps.js uninstall https://marketplace.firefox.com/app/c9b91e37-5de7-4a5e-8ca9-f4928fe42641/manifest.webapp
04-25 19:24:27.609 I/Gecko   (   84): 1398479067617	Marionette	INFO	sendToClient: {"from":"0","value":true}, {70ef6817-b659-47dc-ba03-b9ea86ab5824}, {70ef6817-b659-47dc-ba03-b9ea86ab5824}