04-25 20:03:51.674 D/AudioPolicyManagerBase(   89): setOutputDevice() output 1 device 0 delayMs 290
04-25 20:03:51.674 V/AudioPolicyManagerBase(   89): setOutputDevice() setting same device 0 or null device for output 1
04-25 20:03:51.684 V/AudioPolicyManagerBase(   89): startOutput() output 1, stream 1, session 2
04-25 20:03:51.684 V/AudioPolicyManagerBase(   89): changeRefCount() stream 1, count 1
04-25 20:03:51.684 V/AudioPolicyManagerBase(   89): getDeviceForStrategy() from cache strategy 0, device 2
04-25 20:03:51.684 V/AudioPolicyManagerBase(   89): getNewDevice() selected device 2
04-25 20:03:51.684 D/AudioPolicyManagerBase(   89): setOutputDevice() output 1 device 2 delayMs 0
04-25 20:03:51.684 V/AudioPolicyManagerBase(   89): setOutputDevice() setting same device 2 or null device for output 1
04-25 20:03:51.684 E/AudioPolicyManagerBase(   89): checkAndSetVolume stream=1, index=0, output=1, device=2
04-25 20:03:51.684 E/AudioPolicyManagerBase(   89): computeVolume, streamDesc=0x8a7bb8
04-25 20:03:51.714 I/audio_hw_primary(   89): select_devices_signal starting...
04-25 20:03:51.714 I/audio_hw_primary(   89): select_devices_signal finished.
04-25 20:03:51.714 W/audio_hw_primary(   89): open s_tinycard in
04-25 20:03:51.714 W/audio_hw_primary(   89): open s_tinycard successfully
04-25 20:03:51.724 I/audio_hw_primary(   89): Changing devices: 0x00000002
04-25 20:03:51.794 E/GeckoConsole(  580): [JavaScript Error: "TypeError: a is null" {file: "http://intouch.imagine5.com.ar/base.js" line: 254}]
04-25 20:03:51.854 I/audio_hw_primary(   89): Set 'HeadPhone Function'.0 to 0
04-25 20:03:51.854 I/audio_hw_primary(   89): Set 'Earpiece Function'.0 to 0
04-25 20:03:51.854 I/audio_hw_primary(   89): Set 'Mic Function'.0 to 0
04-25 20:03:51.854 I/audio_hw_primary(   89): Set 'HP Mic Function'.0 to 0
04-25 20:03:51.854 I/audio_hw_primary(   89): Set 'Line Function'.0 to 0
04-25 20:03:51.854 I/audio_hw_primary(   89): Changing devices, mask: 0x00004002
04-25 20:03:51.854 I/audio_hw_primary(   89): Set 'Speaker Function'.0 to 1
04-25 20:03:51.854 W/audio_hw_primary(   89): GetAudio_pga_nv, dac_pga_gain_l:0xc3 adc_pga_gain_l:0xc fm_pga_gain_l:0xff fm_pga_gain_r:0xff device:0x2 vol_level:0x1 
04-25 20:03:51.854 D/audio_pga(   89): 'speaker-l' apply
04-25 20:03:51.854 I/audio_pga(   89): 'Master Playback Volume' set to 12
04-25 20:03:51.854 I/audio_pga(   89): 'Inter PA Playback Volume' set to 12
04-25 20:03:51.854 I/audio_pga(   89): 'VBC DACL DG Set' set to 0
04-25 20:03:51.854 I/audio_pga(   89): 'VBC DACL DG Switch' set to 0
04-25 20:03:51.854 D/audio_pga(   89): 'speaker-r' apply
04-25 20:03:51.854 I/audio_pga(   89): 'Master Playback Volume' set to 12
04-25 20:03:51.854 I/audio_pga(   89): 'Inter PA Playback Volume' set to 12
04-25 20:03:51.854 I/audio_pga(   89): 'VBC DACR DG Set' set to 0
04-25 20:03:51.854 I/audio_pga(   89): 'VBC DACR DG Switch' set to 0
04-25 20:03:51.854 W/audio_hw_primary(   89): SetAudio_gain_by_devices out, devices:0x2 
04-25 20:03:51.854 I/audio_hw_primary(   89): stream_routing_thread looping done.
04-25 20:03:51.854 I/audio_hw_primary(   89): stream_routing_thread looping now...
04-25 20:03:52.794 I/Gonk    (   84): Setting nice for pid 647 to 18
04-25 20:03:52.794 I/Gonk    (   84): Changed nice for pid 647 from 0 to 18.
04-25 20:03:52.804 W/WifiHW  (   84): wifi_command: SIGNAL_POLL
04-25 20:03:57.674 W/AudioTrack(   89): stepServer() could not lock cblk
04-25 20:03:59.454 W/AudioTrack(   89): stepServer() could not lock cblk
04-25 20:03:59.454 W/AudioTrack(   89): stepServer() could not lock cblk
04-25 20:03:59.474 W/AudioTrack(   89): stepServer() could not lock cblk
04-25 20:04:01.204 I/GonkMemoryPressure(   84): Checking to see if memory pressure is over.
04-25 20:04:01.214 I/GonkMemoryPressure(   84): Memory pressure is over.
04-25 20:04:01.214 I/GonkMemoryPressure(  647): Checking to see if memory pressure is over.
04-25 20:04:01.214 I/GonkMemoryPressure(  647): Memory pressure is over.
04-25 20:04:01.234 V/AudioPolicyManagerBase(   89): stopOutput() output 1, stream 1, session 2
04-25 20:04:01.244 V/AudioPolicyManagerBase(   89): changeRefCount() stream 1, count 0
04-25 20:04:01.244 V/AudioPolicyManagerBase(   89): getNewDevice() selected device 0
04-25 20:04:01.244 D/AudioPolicyManagerBase(   89): setOutputDevice() output 1 device 0 delayMs 290
04-25 20:04:01.244 V/AudioPolicyManagerBase(   89): setOutputDevice() setting same device 0 or null device for output 1
04-25 20:04:01.314 V/AudioPolicyManagerBase(   89): releaseOutput() 1
04-25 20:04:01.404 W/audio_hw_primary(   89): warning:-32, (wait error: hw 0x5da20 app 0x639c0 avail 0x460
04-25 20:04:01.404 W/audio_hw_primary(   89): : Unknown error: -32)
04-25 20:04:01.404 W/audio_hw_primary(   89): do_output_standby.mode:0 
04-25 20:04:01.414 I/audio_hw_primary(   89): select_devices_signal starting...
04-25 20:04:01.414 I/audio_hw_primary(   89): select_devices_signal finished.
04-25 20:04:01.414 W/audio_hw_primary(   89): open s_tinycard in
04-25 20:04:01.414 W/audio_hw_primary(   89): open s_tinycard successfully
04-25 20:04:01.424 I/audio_hw_primary(   89): Changing devices: 0x00000002
04-25 20:04:01.424 I/audio_hw_primary(   89): Set 'HeadPhone Function'.0 to 0
04-25 20:04:01.424 I/audio_hw_primary(   89): Set 'Earpiece Function'.0 to 0
04-25 20:04:01.424 I/audio_hw_primary(   89): Set 'Mic Function'.0 to 0
04-25 20:04:01.424 I/audio_hw_primary(   89): Set 'HP Mic Function'.0 to 0
04-25 20:04:01.424 I/audio_hw_primary(   89): Set 'Line Function'.0 to 0
04-25 20:04:01.424 I/audio_hw_primary(   89): Changing devices, mask: 0x00004002
04-25 20:04:01.424 I/audio_hw_primary(   89): Set 'Speaker Function'.0 to 1
04-25 20:04:01.424 W/audio_hw_primary(   89): GetAudio_pga_nv, dac_pga_gain_l:0xc3 adc_pga_gain_l:0xc fm_pga_gain_l:0xff fm_pga_gain_r:0xff device:0x2 vol_level:0x1 
04-25 20:04:01.424 D/audio_pga(   89): 'speaker-l' apply
04-25 20:04:01.424 I/audio_pga(   89): 'Master Playback Volume' set to 12
04-25 20:04:01.424 I/audio_pga(   89): 'Inter PA Playback Volume' set to 12
04-25 20:04:01.424 I/audio_pga(   89): 'VBC DACL DG Set' set to 0
04-25 20:04:01.424 I/audio_pga(   89): 'VBC DACL DG Switch' set to 0
04-25 20:04:01.424 D/audio_pga(   89): 'speaker-r' apply
04-25 20:04:01.424 I/audio_pga(   89): 'Master Playback Volume' set to 12
04-25 20:04:01.424 I/audio_pga(   89): 'Inter PA Playback Volume' set to 12
04-25 20:04:01.424 I/audio_pga(   89): 'VBC DACR DG Set' set to 0
04-25 20:04:01.424 I/audio_pga(   89): 'VBC DACR DG Switch' set to 0
04-25 20:04:01.424 W/audio_hw_primary(   89): SetAudio_gain_by_devices out, devices:0x2 
04-25 20:04:01.424 I/audio_hw_primary(   89): stream_routing_thread looping done.
04-25 20:04:01.424 I/audio_hw_primary(   89): stream_routing_thread looping now...
04-25 20:04:01.854 I/Gecko   (   84): 
04-25 20:04:01.854 I/Gecko   (   84): ###!!! [Parent][MessageChannel] Error: Channel error: cannot send/recv
04-25 20:04:01.854 I/Gecko   (   84): 
04-25 20:04:03.664 I/Gecko   (   84): 
04-25 20:04:03.664 I/Gecko   (   84): ###!!! [Parent][MessageChannel] Error: Channel error: cannot send/recv
04-25 20:04:03.664 I/Gecko   (   84): 
04-25 20:04:03.664 I/Gecko   (   84): 
04-25 20:04:03.664 I/Gecko   (   84): ###!!! [Parent][MessageChannel] Error: Channel error: cannot send/recv
04-25 20:04:03.664 I/Gecko   (   84): 
04-25 20:04:03.674 W/WifiHW  (   84): wifi_command: SIGNAL_POLL
04-25 20:04:03.704 I/Gecko   (   84): 
04-25 20:04:03.704 I/Gecko   (   84): ###!!! [Parent][MessageChannel] Error: Channel error: cannot send/recv
04-25 20:04:03.704 I/Gecko   (   84): 
04-25 20:04:03.704 I/Gecko   (   84): 
04-25 20:04:03.704 I/Gecko   (   84): ###!!! [Parent][MessageChannel] Error: Channel error: cannot send/recv
04-25 20:04:03.704 I/Gecko   (   84): 
04-25 20:04:03.834 I/Gonk    (   84): Setting nice for pid 647 to 18
04-25 20:04:03.834 I/Gonk    (   84): Changed nice for pid 647 from 18 to 18.
04-25 20:04:03.834 I/Gecko   (   84): [Parent 84] WARNING: waitpid failed pid:647 errno:10: file ../../../gecko/ipc/chromium/src/base/process_util_posix.cc, line 254
04-25 20:04:03.864 I/Gonk    (   84): Setting nice for pid 647 to 1
04-25 20:04:03.864 I/Gonk    (   84): Changed nice for pid 647 from 18 to 1.
04-25 20:04:03.894 D/Sensors (   84): activate handle=0; drv=0
04-25 20:04:03.904 D/Sensors (   84): Lis3dhSensor: Control set 0
04-25 20:04:03.904 D/Sensors (   84): Lis3dhSensor: mEnabled = 0
04-25 20:04:03.954 W/audio_hw_primary(   89): do_output_standby.mode:0 
04-25 20:04:04.404 I/Gecko   (   84): [Parent 84] WARNING: waitpid failed pid:580 errno:10: file ../../../gecko/ipc/chromium/src/base/process_util_posix.cc, line 254
04-25 20:04:04.464 E/[Gralloc-ERROR](   84): int gralloc_unregister_buffer(const gralloc_module_t*, const native_handle_t*):274 Trying to unregister buffer 0x4a3de240 from process 84 that was not created in current process: 84
04-25 20:04:04.464 E/[Gralloc-ERROR](   84): int gralloc_unregister_buffer(const gralloc_module_t*, const native_handle_t*):274 Trying to unregister buffer 0x4a3de2e0 from process 84 that was not created in current process: 84
04-25 20:04:04.474 E/[Gralloc-ERROR](   84): int gralloc_unregister_buffer(const gralloc_module_t*, const native_handle_t*):274 Trying to unregister buffer 0x4a3de380 from process 84 that was not created in current process: 84
04-25 20:04:04.474 E/[Gralloc-ERROR](   84): int gralloc_unregister_buffer(const gralloc_module_t*, const native_handle_t*):274 Trying to unregister buffer 0x4a3de470 from process 84 that was not created in current process: 84
04-25 20:04:04.974 E/[Gralloc-ERROR](   84): int gralloc_register_buffer(const gralloc_module_t*, const native_handle_t*):79 Unable to register handle 0x4431a510 coming from different process: 84
04-25 20:04:04.994 E/[Gralloc-ERROR](   84): int gralloc_register_buffer(const gralloc_module_t*, const native_handle_t*):79 Unable to register handle 0x4431a6f0 coming from different process: 84
04-25 20:04:04.994 E/[Gralloc-ERROR](   84): int gralloc_register_buffer(const gralloc_module_t*, const native_handle_t*):79 Unable to register handle 0x4431a880 coming from different process: 84
04-25 20:04:04.994 E/[Gralloc-ERROR](   84): int gralloc_register_buffer(const gralloc_module_t*, const native_handle_t*):79 Unable to register handle 0x4431ab00 coming from different process: 84
04-25 20:04:05.274 I/Gecko   (  647): ###################################### forms.js loaded
04-25 20:04:05.294 E/[Gralloc-ERROR](   84): int gralloc_unregister_buffer(const gralloc_module_t*, const native_handle_t*):274 Trying to unregister buffer 0x4431a6f0 from process 84 that was not created in current process: 84
04-25 20:04:05.294 E/[Gralloc-ERROR](   84): int gralloc_unregister_buffer(const gralloc_module_t*, const native_handle_t*):274 Trying to unregister buffer 0x4431a510 from process 84 that was not created in current process: 84
04-25 20:04:05.294 E/[Gralloc-ERROR](   84): int gralloc_unregister_buffer(const gralloc_module_t*, const native_handle_t*):274 Trying to unregister buffer 0x4431ab00 from process 84 that was not created in current process: 84
04-25 20:04:05.294 E/[Gralloc-ERROR](   84): int gralloc_unregister_buffer(const gralloc_module_t*, const native_handle_t*):274 Trying to unregister buffer 0x4431a880 from process 84 that was not created in current process: 84
04-25 20:04:05.324 I/Gecko   (  647): ############################### browserElementPanning.js loaded
04-25 20:04:05.354 I/Gecko   (  647): ######################## BrowserElementChildPreload.js loaded
04-25 20:04:06.404 I/Gecko   (   84): [Parent 84] WARNING: waitpid failed pid:580 errno:10: file ../../../gecko/ipc/chromium/src/base/process_util_posix.cc, line 254
04-25 20:04:06.404 I/Gecko   (   84): [Parent 84] WARNING: Failed to deliver SIGKILL to 580!(3).: file ../../../gecko/ipc/chromium/src/chrome/common/process_watcher_posix_sigchld.cc, line 118
04-25 20:04:07.274 E/GeckoConsole(  647): Content JS ERROR at app://homescreen.gaiamobile.org/gaia_build_defer_index.js:390 in loadSVConfFileError: Failed parsing singleVariant configuration file [js/singlevariantconf.json]:  [Exception... "File error: Not found"  nsresult: "0x80520012 (NS_ERROR_FILE_NOT_FOUND)"  location: "JS frame :: app://homescreen.gaiamobile.org/gaia_build_defer_index.js :: loadFile :: line 382"  data: no]
04-25 20:04:08.794 W/WifiHW  (   84): wifi_command: SIGNAL_POLL
04-25 20:04:09.214 I/Gonk    (   84): Setting nice for pid 693 to 18
04-25 20:04:09.224 I/Gonk    (   84): Changed nice for pid 693 from 0 to 18.
04-25 20:04:11.554 E/GeckoConsole(  647): Content JS WARN at app://homescreen.gaiamobile.org/gaia_build_defer_index.js:184 in isHiddenApp: Unexpected role when checking hidden app: undefined
04-25 20:04:11.554 E/GeckoConsole(  647): Content JS WARN at app://homescreen.gaiamobile.org/gaia_build_defer_index.js:184 in isHiddenApp: Unexpected role when checking hidden app: undefined
04-25 20:04:11.554 E/GeckoConsole(  647): Content JS WARN at app://homescreen.gaiamobile.org/gaia_build_defer_index.js:184 in isHiddenApp: Unexpected role when checking hidden app: undefined
04-25 20:04:11.554 E/GeckoConsole(  647): Content JS WARN at app://homescreen.gaiamobile.org/gaia_build_defer_index.js:184 in isHiddenApp: Unexpected role when checking hidden app: undefined
04-25 20:04:11.554 E/GeckoConsole(  647): Content JS WARN at app://homescreen.gaiamobile.org/gaia_build_defer_index.js:184 in isHiddenApp: Unexpected role when checking hidden app: undefined
04-25 20:04:11.554 E/GeckoConsole(  647): Content JS WARN at app://homescreen.gaiamobile.org/gaia_build_defer_index.js:184 in isHiddenApp: Unexpected role when checking hidden app: undefined
04-25 20:04:11.554 E/GeckoConsole(  647): Content JS WARN at app://homescreen.gaiamobile.org/gaia_build_defer_index.js:184 in isHiddenApp: Unexpected role when checking hidden app: undefined
04-25 20:04:11.554 E/GeckoConsole(  647): Content JS WARN at app://homescreen.gaiamobile.org/gaia_build_defer_index.js:184 in isHiddenApp: Unexpected role when checking hidden app: undefined
04-25 20:04:11.554 E/GeckoConsole(  647): Content JS WARN at app://homescreen.gaiamobile.org/gaia_build_defer_index.js:184 in isHiddenApp: Unexpected role when checking hidden app: undefined
04-25 20:04:11.564 E/GeckoConsole(  647): Content JS WARN at app://homescreen.gaiamobile.org/gaia_build_defer_index.js:184 in isHiddenApp: Unexpected role when checking hidden app: undefined
04-25 20:04:11.564 E/GeckoConsole(  647): Content JS WARN at app://homescreen.gaiamobile.org/gaia_build_defer_index.js:184 in isHiddenApp: Unexpected role when checking hidden app: undefined
04-25 20:04:11.564 E/GeckoConsole(  647): Content JS WARN at app://homescreen.gaiamobile.org/gaia_build_defer_index.js:184 in isHiddenApp: Unexpected role when checking hidden app: undefined
04-25 20:04:11.564 E/GeckoConsole(  647): Content JS WARN at app://homescreen.gaiamobile.org/gaia_build_defer_index.js:184 in isHiddenApp: Unexpected role when checking hidden app: undefined
04-25 20:04:11.564 E/GeckoConsole(  647): Content JS WARN at app://homescreen.gaiamobile.org/gaia_build_defer_index.js:184 in isHiddenApp: Unexpected role when checking hidden app: undefined
04-25 20:04:11.564 E/GeckoConsole(  647): Content JS WARN at app://homescreen.gaiamobile.org/gaia_build_defer_index.js:184 in isHiddenApp: Unexpected role when checking hidden app: undefined
04-25 20:04:11.564 E/GeckoConsole(  647): Content JS WARN at app://homescreen.gaiamobile.org/gaia_build_defer_index.js:184 in isHiddenApp: Unexpected role when checking hidden app: undefined
04-25 20:04:11.564 E/GeckoConsole(  647): Content JS WARN at app://homescreen.gaiamobile.org/gaia_build_defer_index.js:184 in isHiddenApp: Unexpected role when checking hidden app: undefined
04-25 20:04:11.564 E/GeckoConsole(  647): Content JS WARN at app://homescreen.gaiamobile.org/gaia_build_defer_index.js:184 in isHiddenApp: Unexpected role when checking hidden app: undefined
04-25 20:04:11.564 E/GeckoConsole(  647): Content JS WARN at app://homescreen.gaiamobile.org/gaia_build_defer_index.js:184 in isHiddenApp: Unexpected role when checking hidden app: undefined
04-25 20:04:11.564 E/GeckoConsole(  647): Content JS WARN at app://homescreen.gaiamobile.org/gaia_build_defer_index.js:184 in isHiddenApp: Unexpected role when checking hidden app: undefined
04-25 20:04:11.564 E/GeckoConsole(  647): Content JS WARN at app://homescreen.gaiamobile.org/gaia_build_defer_index.js:184 in isHiddenApp: Unexpected role when checking hidden app: undefined
04-25 20:04:11.564 E/GeckoConsole(  647): Content JS WARN at app://homescreen.gaiamobile.org/gaia_build_defer_index.js:184 in isHiddenApp: Unexpected role when checking hidden app: undefined
04-25 20:04:11.574 E/GeckoConsole(  647): Content JS WARN at app://homescreen.gaiamobile.org/gaia_build_defer_index.js:184 in isHiddenApp: Unexpected role when checking hidden app: undefined
04-25 20:04:11.574 E/GeckoConsole(  647): Content JS WARN at app://homescreen.gaiamobile.org/gaia_build_defer_index.js:184 in isHiddenApp: Unexpected role when checking hidden app: undefined
04-25 20:04:11.574 E/GeckoConsole(  647): Content JS WARN at app://homescreen.gaiamobile.org/gaia_build_defer_index.js:184 in isHiddenApp: Unexpected role when checking hidden app: undefined
04-25 20:04:11.574 E/GeckoConsole(  647): Content JS WARN at app://homescreen.gaiamobile.org/gaia_build_defer_index.js:184 in isHiddenApp: Unexpected role when checking hidden app: undefined
04-25 20:04:11.574 E/GeckoConsole(  647): Content JS WARN at app://homescreen.gaiamobile.org/gaia_build_defer_index.js:184 in isHiddenApp: Unexpected role when checking hidden app: undefined
04-25 20:04:11.574 E/GeckoConsole(  647): Content JS WARN at app://homescreen.gaiamobile.org/gaia_build_defer_index.js:184 in isHiddenApp: Unexpected role when checking hidden app: undefined
04-25 20:04:13.134 I/Gecko   (  693): ###################################### forms.js loaded
04-25 20:04:13.164 I/Gecko   (  693): ############################### browserElementPanning.js loaded
04-25 20:04:13.184 I/Gecko   (  693): ######################## BrowserElementChildPreload.js loaded
04-25 20:04:13.804 W/WifiHW  (   84): wifi_command: SIGNAL_POLL
04-25 20:04:17.274 I/Gecko   (   84): 1398481457282	Marionette	INFO	sendToClient: {"from":"0","error":{"message":"timed out","status":28,"stacktrace":null}}, {7da105e3-7c01-40aa-9dbd-655a8c240fb9}, {7da105e3-7c01-40aa-9dbd-655a8c240fb9}