--------- beginning of /dev/log/system
04-24 22:55:50.620 I/Vold    (   78): Vold 2.1 (the revenge) firing up
04-24 22:55:50.710 D/Vold    (   78): Volume sdcard state changing -1 (Initializing) -> 0 (No-Media)
04-24 22:55:50.740 D/Vold    (   78): Volume sdcard state changing 0 (No-Media) -> 2 (Pending)
04-24 22:55:50.740 D/Vold    (   78): Volume sdcard state changing 2 (Pending) -> 1 (Idle-Unmounted)
04-24 22:55:55.710 D/VoldCmdListener(   78): volume list
04-24 22:55:55.720 D/VoldCmdListener(   78): volume mount sdcard
04-24 22:55:55.720 I/Vold    (   78): /dev/block/vold/179:1 being considered for volume sdcard
04-24 22:55:55.720 D/Vold    (   78): Volume sdcard state changing 1 (Idle-Unmounted) -> 3 (Checking)
04-24 22:55:55.720 W/Vold    (   78): Skipping fs checks
04-24 22:55:55.760 I/Vold    (   78): Device /dev/block/vold/179:1, target /mnt/sdcard mounted @ /mnt/secure/staging
04-24 22:55:55.760 D/Vold    (   78): Volume sdcard state changing 3 (Checking) -> 4 (Mounted)
--------- beginning of /dev/log/main
04-24 22:55:56.950 W/EventHub(   84): Unable to disable kernel key repeat for /dev/input/event1: Function not implemented
04-24 22:55:56.950 I/EventHub(   84): New device: id=6, fd=56, path='/dev/input/event1', name='ms-msg21xx', classes=0x15, configuration='/system/usr/idc/ms-msg21xx.idc', keyLayout='/system/usr/keylayout/Generic.kl', keyCharacterMap='/system/usr/keychars/Generic.kcm', builtinKeyboard=false, usingSuspendBlockIoctl=false, usingClockIoctl=false
04-24 22:55:56.960 I/InputReader(   84): Device added: id=-1, name='Virtual', sources=0x00000301
04-24 22:55:56.960 I/InputReader(   84): Device reconfigured: id=6, name='ms-msg21xx', size 320x480, orientation 0, mode 1, display id 0
04-24 22:55:56.960 I/InputReader(   84): Device added: id=6, name='ms-msg21xx', sources=0x00001103
04-24 22:55:56.960 I/InputReader(   84): Device added: id=0, name='sprd-keypad', sources=0x00000101
04-24 22:55:56.960 I/InputReader(   84): Device added: id=2, name='headset-keyboard', sources=0x00000101
04-24 22:55:57.020 D/BTWIFIMAC(   94): get_macaddress: mac address is FF:FF:FF:FF:FF:FF
04-24 22:55:57.020 D/BTWIFIMAC(   94): ===========WIFI MAC===========
04-24 22:55:57.020 D/BTWIFIMAC(   94): read_btwifimac_from_modem: send 39,1,AT+SNVM=0,409
04-24 22:55:57.020 D/BTWIFIMAC(   94): send_to_modem
04-24 22:55:57.020 D/BTWIFIMAC(   94): recv_from_modem: Waiting modem response ... fd=7
04-24 22:55:57.020 D/SPRDENG (  170): eng_servermodem_comm: use SIM1 /dev/CHNPTY13
04-24 22:55:57.020 D/SPRDENG (  170): AT > AT+SNVM=0,409
04-24 22:55:57.020 D/SPRDENG (  170): 41
04-24 22:55:57.020 D/SPRDENG (  170): 54
04-24 22:55:57.020 D/SPRDENG (  170): 2b
04-24 22:55:57.020 D/SPRDENG (  170): 53
04-24 22:55:57.020 D/SPRDENG (  170): 4e
04-24 22:55:57.020 D/SPRDENG (  170): 56
04-24 22:55:57.020 D/SPRDENG (  170): 4d
04-24 22:55:57.020 D/SPRDENG (  170): 3d
04-24 22:55:57.020 D/SPRDENG (  170): 30
04-24 22:55:57.020 D/SPRDENG (  170): 2c
04-24 22:55:57.020 D/SPRDENG (  170): 34
04-24 22:55:57.020 D/SPRDENG (  170): 30
04-24 22:55:57.020 D/SPRDENG (  170): 39
04-24 22:55:57.020 D/SPRDENG (  170): eng_modem2server: use SIM1 /dev/CHNPTY13
04-24 22:55:57.020 D/SPRDENG (  170): AT < 
04-24 22:55:57.020 D/SPRDENG (  170): +SNVM: 20,FFFFFFFFFFFF0000000000000000000000000000
04-24 22:55:57.020 D/SPRDENG (  170): 
04-24 22:55:57.020 D/SPRDENG (  170): OK
04-24 22:55:57.020 D/SPRDENG (  170): 
04-24 22:55:57.020 D/BTWIFIMAC(   94): recv_from_modem: Receive 1 Modem Response
04-24 22:55:57.020 D/BTWIFIMAC(   94): read_btwifimac_from_modem: WIFI timeout=60, response=
04-24 22:55:57.020 D/BTWIFIMAC(   94): +SNVM: 20,FFFFFFFFFFFF0000000000000000000000000000
04-24 22:55:57.020 D/BTWIFIMAC(   94): 
04-24 22:55:57.020 D/BTWIFIMAC(   94): OK
04-24 22:55:57.020 D/BTWIFIMAC(   94): 
04-24 22:55:57.020 D/BTWIFIMAC(   94): get_macaddress: mac address is FF:FF:FF:FF:FF:FF
04-24 22:55:57.020 D/BTWIFIMAC(   94): bt_ok:0 wifi_ok:0 
04-24 22:55:57.020 D/BTWIFIMAC(   94): +mac_rand+
04-24 22:55:57.020 D/BTWIFIMAC(   94): mac_rand: /data/rand_mac.txt exists
04-24 22:55:57.020 D/BTWIFIMAC(   94): mac_rand: read /data/rand_mac.txt 00:65:51:4d:eb:0e;00:df:2e:66:ac:0a
04-24 22:55:57.020 D/BTWIFIMAC(   94): mac_rand: read btmac=00:65:51:4d:eb:0e, wifimac=00:df:2e:66:ac:0a
04-24 22:55:57.020 D/BTWIFIMAC(   94): property ro.mac.wifi=00:df:2e:66:ac:0a, ro.mac.bluetooth=00:65:51:4d:eb:0e
04-24 22:55:57.020 D/BTWIFIMAC(   94): write_mac2file: mac=00:df:2e:66:ac:0a, fd[/data/wifimac.txt]=9
04-24 22:55:57.020 D/BTWIFIMAC(   94): write_mac2file: mac=00:65:51:4d:eb:0e, fd[/data/btmac.txt]=9
04-24 22:55:57.030 D/BTWIFIMAC(   94): begin to run  trout_genpskey
04-24 22:55:57.040 D/BTWIFIMAC(   94): run trout_genpskey, ret=0
04-24 22:55:57.070 D/pskey_bt(  329): set BT mac
04-24 22:55:57.070 D/pskey_bt(  329): main, bt_mac from nv:
04-24 22:55:57.070 D/pskey_bt(  329): get_pskey_from_file
04-24 22:55:57.070 D/pskey_bt(  329): open bt pskey structure file fd=7
04-24 22:55:57.070 D/pskey_bt(  329): buf from pskey file:2048
04-24 22:55:57.070 D/pskey_bt(  329): parser_pskey_info
04-24 22:55:57.070 D/pskey_bt(  329): char:0, 0
04-24 22:55:57.070 D/pskey_bt(  329): get_one_item(data) = 0x0
04-24 22:55:57.070 D/pskey_bt(  329): get_next_u8: here:0
04-24 22:55:57.070 D/pskey_bt(  329): char:1, 1
04-24 22:55:57.070 D/pskey_bt(  329): get_one_item(data) = 0x1
04-24 22:55:57.070 D/pskey_bt(  329): get_next_u8: here:1
04-24 22:55:57.070 D/pskey_bt(  329): char:1, 1
04-24 22:55:57.070 D/pskey_bt(  329): get_one_item(data) = 0x1
04-24 22:55:57.070 D/pskey_bt(  329): get_next_u8: here:1
04-24 22:55:57.070 D/pskey_bt(  329): char:1, 1
04-24 22:55:57.070 D/pskey_bt(  329): get_one_item(data) = 0x1
04-24 22:55:57.070 D/pskey_bt(  329): get_next_u8: here:1
04-24 22:55:57.070 D/pskey_bt(  329): char:0, 0
04-24 22:55:57.070 D/pskey_bt(  329): char:1, 1
04-24 22:55:57.070 D/pskey_bt(  329): char:8, 8
04-24 22:55:57.070 D/pskey_bt(  329): char:C, C
04-24 22:55:57.070 D/pskey_bt(  329): char:B, B
04-24 22:55:57.070 D/pskey_bt(  329): char:A, A
04-24 22:55:57.070 D/pskey_bt(  329): char:8, 8
04-24 22:55:57.070 D/pskey_bt(  329): char:0, 0
04-24 22:55:57.070 D/pskey_bt(  329): get_one_item(data) = 0x18cba80
04-24 22:55:57.070 D/pskey_bt(  329): get_next_u32: here:18cba80
04-24 22:55:57.070 D/pskey_bt(  329): char:1, 1
04-24 22:55:57.070 D/pskey_bt(  329): char:f, f
04-24 22:55:57.070 D/pskey_bt(  329): char:0, 0
04-24 22:55:57.070 D/pskey_bt(  329): char:0, 0
04-24 22:55:57.070 D/pskey_bt(  329): get_one_item(data) = 0x1f00
04-24 22:55:57.070 D/pskey_bt(  329): get_next_u32: here:1f00
04-24 22:55:57.070 D/pskey_bt(  329): char:1, 1
04-24 22:55:57.070 D/pskey_bt(  329): char:E, E
04-24 22:55:57.070 D/pskey_bt(  329): get_one_item(data) = 0x1e
04-24 22:55:57.070 D/pskey_bt(  329): get_next_u32: here:1e
04-24 22:55:57.070 D/pskey_bt(  329): char:7, 7
04-24 22:55:57.070 D/pskey_bt(  329): char:B, B
04-24 22:55:57.070 D/pskey_bt(  329): char:0, 0
04-24 22:55:57.070 D/pskey_bt(  329): char:0, 0
04-24 22:55:57.070 D/pskey_bt(  329): char:7, 7
04-24 22:55:57.070 D/pskey_bt(  329): char:C, C
04-24 22:55:57.070 D/pskey_bt(  329): get_one_item(data) = 0x7b007c
04-24 22:55:57.070 D/pskey_bt(  329): get_next_u32: here:7b007c
04-24 22:55:57.070 D/pskey_bt(  329): char:3, 3
04-24 22:55:57.070 D/pskey_bt(  329): char:7, 7
04-24 22:55:57.070 D/pskey_bt(  329): char:0, 0
04-24 22:55:57.070 D/pskey_bt(  329): char:0, 0
04-24 22:55:57.070 D/pskey_bt(  329): char:7, 7
04-24 22:55:57.070 D/pskey_bt(  329): char:A, A
04-24 22:55:57.070 D/pskey_bt(  329): get_one_item(data) = 0x37007a
04-24 22:55:57.070 D/pskey_bt(  329): get_next_u32: here:37007a
04-24 22:55:57.070 D/pskey_bt(  329): char:3, 3
04-24 22:55:57.070 D/pskey_bt(  329): char:5, 5
04-24 22:55:57.070 D/pskey_bt(  329): char:0, 0
04-24 22:55:57.070 D/pskey_bt(  329): char:0, 0
04-24 22:55:57.070 D/pskey_bt(  329): char:3, 3
04-24 22:55:57.070 D/pskey_bt(  329): char:6, 6
04-24 22:55:57.070 D/pskey_bt(  329): get_one_item(data) = 0x350036
04-24 22:55:57.070 D/pskey_bt(  329): get_next_u32: here:350036
04-24 22:55:57.070 D/pskey_bt(  329): char:2, 2
04-24 22:55:57.070 D/pskey_bt(  329): char:9, 9
04-24 22:55:57.070 D/pskey_bt(  329): char:0, 0
04-24 22:55:57.070 D/pskey_bt(  329): char:0, 0
04-24 22:55:57.070 D/pskey_bt(  329): char:3, 3
04-24 22:55:57.070 D/pskey_bt(  329): char:4, 4
04-24 22:55:57.070 D/pskey_bt(  329): get_one_item(data) = 0x290034
04-24 22:55:57.070 D/pskey_bt(  329): get_next_u32: here:290034
04-24 22:55:57.070 D/pskey_bt(  329): char:0, 0
04-24 22:55:57.070 D/pskey_bt(  329): char:A, A
04-24 22:55:57.070 D/pskey_bt(  329): char:0, 0
04-24 22:55:57.070 D/pskey_bt(  329): char:0, 0
04-24 22:55:57.070 D/pskey_bt(  329): char:2, 2
04-24 22:55:57.070 D/pskey_bt(  329): char:8, 8
04-24 22:55:57.070 D/pskey_bt(  329): get_one_item(data) = 0xa0028
04-24 22:55:57.070 D/pskey_bt(  329): get_next_u32: here:a0028
04-24 22:55:57.070 D/pskey_bt(  329): char:0, 0
04-24 22:55:57.070 D/pskey_bt(  329): char:0, 0
04-24 22:55:57.070 D/pskey_bt(  329): char:0, 0
04-24 22:55:57.070 D/pskey_bt(  329): char:6, 6
04-24 22:55:57.070 D/pskey_bt(  329): char:0, 0
04-24 22:55:57.070 D/pskey_bt(  329): char:0, 0
04-24 22:55:57.070 D/pskey_bt(  329): char:0, 0
04-24 22:55:57.070 D/pskey_bt(  329): char:9, 9
04-24 22:55:57.070 D/pskey_bt(  329): get_one_item(data) = 0x60009
04-24 22:55:57.070 D/pskey_bt(  329): get_next_u32: here:60009
04-24 22:55:57.070 D/pskey_bt(  329): end of buff, str=},
04-24 22:55:57.070 D/pskey_bt(  329): {0x0B,0x0A,0x09, 0x08, 0x07},
04-24 22:55:57.070 D/pskey_bt(  329): {0xFF, 0xFF, 0x8D, 0xFE, 0x9B, 0x3F, 0x79, 0x83,
04-24 22:55:57.070 D/pskey_bt(  329):   0xFF, 0xA7, 0xFF, 0x7F, 0x00, 0xE0, 0xF7, 0x3E},
04-24 22:55:57.070 D/pskey_bt(  329): {0xFF, 0xFF, 0xFF, 0xFF, 0xFF, 0xFF},
04-24 22:55:57.070 D/pskey_bt(  329): 0,
04-24 22:55:57.070 D/pskey_bt(  329): 1,
04-24 22:55:57.070 D/pskey_bt(  329): 5,
04-24 22:55:57.070 D/pskey_bt(  329): 0xE,
04-24 22:55:57.070 D/pskey_bt(  329): 1,
04-24 22:55:57.070 D/pskey_bt(  329): 1,
04-24 22:55:57.070 D/pskey_bt(  329): 0x50000000,
04-24 22:55:57.070 D/pskey_bt(  329): 0x50000150,
04-24 22:55:57.070 D/pskey_bt(  329): 0x50000150,
04-24 22:55:57.070 D/pskey_bt(  329): 0x50000154,
04-24 22:55:57.070 D/pskey_bt(  329): 0xFFFFFFFF,
04-24 22:55:57.070 D/pskey_bt(  329): 0x100,
04-24 22:55:57.070 D/pskey_bt(  329): 0xA0,
04-24 22:55:57.070 D/pskey_bt(  329): 0xDC,
04-24 22:55:57.070 D/pskey_bt(  329): 0x20,
04-24 22:55:57.070 D/pskey_bt(  329): 0x55,
04-24 22:55:57.070 D/pskey_bt(  329): 0x64,
04-24 22:55:57.070 D/pskey_bt(  329): 0,
04-24 22:55:57.070 D/pskey_bt(  329): 0x8,
04-24 22:55:57.070 D/pskey_bt(  329): 0x13C,
04-24 22:55:57.070 D/pskey_bt(  329): 0x2,
04-24 22:55:57.070 D/pskey_bt(  329): 0xD704,
04-24 22:55:57.070 D/pskey_bt(  329): 0x88888888,
04-24 22:55:57.070 D/pskey_bt(  329): 0x6,
04-24 22:55:57.070 D/pskey_bt(  329): 0x0,
04-24 22:55:57.070 D/pskey_bt(  329): {0x0001,0x0000,0x0000,0x0000,0x0000,0x0000,0x0000,0x0000,0x0000
04-24 22:55:57.070 D/pskey_bt(  329): char:0, 0
04-24 22:55:57.070 D/pskey_bt(  329): char:B, B
04-24 22:55:57.070 D/pskey_bt(  329): get_one_item(data) = 0xb
04-24 22:55:57.070 D/pskey_bt(  329): get_next_u32: here:b
04-24 22:55:57.070 D/pskey_bt(  329): char:0, 0
04-24 22:55:57.070 D/pskey_bt(  329): char:A, A
04-24 22:55:57.070 D/pskey_bt(  329): get_one_item(data) = 0xa
04-24 22:55:57.070 D/pskey_bt(  329): get_next_u32: here:a
04-24 22:55:57.070 D/pskey_bt(  329): char:0, 0
04-24 22:55:57.070 D/pskey_bt(  329): char:9, 9
04-24 22:55:57.070 D/pskey_bt(  329): get_one_item(data) = 0x9
04-24 22:55:57.070 D/pskey_bt(  329): get_next_u32: here:9
04-24 22:55:57.070 D/pskey_bt(  329): char:0, 0
04-24 22:55:57.070 D/pskey_bt(  329): char:8, 8
04-24 22:55:57.070 D/pskey_bt(  329): get_one_item(data) = 0x8
04-24 22:55:57.070 D/pskey_bt(  329): get_next_u32: here:8
04-24 22:55:57.070 D/pskey_bt(  329): char:0, 0
04-24 22:55:57.070 D/pskey_bt(  329): char:7, 7
04-24 22:55:57.070 D/pskey_bt(  329): get_one_item(data) = 0x7
04-24 22:55:57.070 D/pskey_bt(  329): get_next_u32: here:7
04-24 22:55:57.070 D/pskey_bt(  329): end of buff, str=},
04-24 22:55:57.070 D/pskey_bt(  329): {0xFF, 0xFF, 0x8D, 0xFE, 0x9B, 0x3F, 0x79, 0x83,
04-24 22:55:57.070 D/pskey_bt(  329):   0xFF, 0xA7, 0xFF, 0x7F, 0x00, 0xE0, 0xF7, 0x3E},
04-24 22:55:57.070 D/pskey_bt(  329): {0xFF, 0xFF, 0xFF, 0xFF, 0xFF, 0xFF},
04-24 22:55:57.070 D/pskey_bt(  329): 0,
04-24 22:55:57.070 D/pskey_bt(  329): 1,
04-24 22:55:57.070 D/pskey_bt(  329): 5,
04-24 22:55:57.070 D/pskey_bt(  329): 0xE,
04-24 22:55:57.070 D/pskey_bt(  329): 1,
04-24 22:55:57.070 D/pskey_bt(  329): 1,
04-24 22:55:57.070 D/pskey_bt(  329): 0x50000000,
04-24 22:55:57.070 D/pskey_bt(  329): 0x50000150,
04-24 22:55:57.070 D/pskey_bt(  329): 0x50000150,
04-24 22:55:57.070 D/pskey_bt(  329): 0x50000154,
04-24 22:55:57.070 D/pskey_bt(  329): 0xFFFFFFFF,
04-24 22:55:57.070 D/pskey_bt(  329): 0x100,
04-24 22:55:57.070 D/pskey_bt(  329): 0xA0,
04-24 22:55:57.070 D/pskey_bt(  329): 0xDC,
04-24 22:55:57.070 D/pskey_bt(  329): 0x20,
04-24 22:55:57.070 D/pskey_bt(  329): 0x55,
04-24 22:55:57.070 D/pskey_bt(  329): 0x64,
04-24 22:55:57.070 D/pskey_bt(  329): 0,
04-24 22:55:57.070 D/pskey_bt(  329): 0x8,
04-24 22:55:57.070 D/pskey_bt(  329): 0x13C,
04-24 22:55:57.070 D/pskey_bt(  329): 0x2,
04-24 22:55:57.070 D/pskey_bt(  329): 0xD704,
04-24 22:55:57.070 D/pskey_bt(  329): 0x88888888,
04-24 22:55:57.070 D/pskey_bt(  329): 0x6,
04-24 22:55:57.070 D/pskey_bt(  329): 0x0,
04-24 22:55:57.070 D/pskey_bt(  329): {0x0001,0x0000,0x0000,0x0000,0x0000,0x0000,0x0000,0x0000,0x0000
04-24 22:55:57.070 D/pskey_bt(  329): char:F, F
04-24 22:55:57.070 D/pskey_bt(  329): char:F, F
04-24 22:55:57.070 D/pskey_bt(  329): get_one_item(data) = 0xff
04-24 22:55:57.070 D/pskey_bt(  329): get_next_u8: here:ff
04-24 22:55:57.070 D/pskey_bt(  329): char:F, F
04-24 22:55:57.070 D/pskey_bt(  329): char:F, F
04-24 22:55:57.070 D/pskey_bt(  329): get_one_item(data) = 0xff
04-24 22:55:57.070 D/pskey_bt(  329): get_next_u8: here:ff
04-24 22:55:57.070 D/pskey_bt(  329): char:8, 8
04-24 22:55:57.070 D/pskey_bt(  329): char:D, D
04-24 22:55:57.070 D/pskey_bt(  329): get_one_item(data) = 0x8d
04-24 22:55:57.070 D/pskey_bt(  329): get_next_u8: here:8d
04-24 22:55:57.070 D/pskey_bt(  329): char:F, F
04-24 22:55:57.070 D/pskey_bt(  329): char:E, E
04-24 22:55:57.070 D/pskey_bt(  329): get_one_item(data) = 0xfe
04-24 22:55:57.070 D/pskey_bt(  329): get_next_u8: here:fe
04-24 22:55:57.070 D/pskey_bt(  329): char:9, 9
04-24 22:55:57.070 D/pskey_bt(  329): char:B, B
04-24 22:55:57.070 D/pskey_bt(  329): get_one_item(data) = 0x9b
04-24 22:55:57.070 D/pskey_bt(  329): get_next_u8: here:9b
04-24 22:55:57.070 D/pskey_bt(  329): char:3, 3
04-24 22:55:57.070 D/pskey_bt(  329): char:F, F
04-24 22:55:57.070 D/pskey_bt(  329): get_one_item(data) = 0x3f
04-24 22:55:57.070 D/pskey_bt(  329): get_next_u8: here:3f
04-24 22:55:57.070 D/pskey_bt(  329): char:7, 7
04-24 22:55:57.070 D/pskey_bt(  329): char:9, 9
04-24 22:55:57.070 D/pskey_bt(  329): get_one_item(data) = 0x79
04-24 22:55:57.070 D/pskey_bt(  329): get_next_u8: here:79
04-24 22:55:57.070 D/pskey_bt(  329): char:8, 8
04-24 22:55:57.070 D/pskey_bt(  329): char:3, 3
04-24 22:55:57.070 D/pskey_bt(  329): get_one_item(data) = 0x83
04-24 22:55:57.070 D/pskey_bt(  329): get_next_u8: here:83
04-24 22:55:57.070 D/pskey_bt(  329): char:F, F
04-24 22:55:57.070 D/pskey_bt(  329): char:F, F
04-24 22:55:57.070 D/pskey_bt(  329): get_one_item(data) = 0xff
04-24 22:55:57.070 D/pskey_bt(  329): get_next_u8: here:ff
04-24 22:55:57.070 D/pskey_bt(  329): char:A, A
04-24 22:55:57.070 D/pskey_bt(  329): char:7, 7
04-24 22:55:57.070 D/pskey_bt(  329): get_one_item(data) = 0xa7
04-24 22:55:57.070 D/pskey_bt(  329): get_next_u8: here:a7
04-24 22:55:57.070 D/pskey_bt(  329): char:F, F
04-24 22:55:57.070 D/pskey_bt(  329): char:F, F
04-24 22:55:57.070 D/pskey_bt(  329): get_one_item(data) = 0xff
04-24 22:55:57.070 D/pskey_bt(  329): get_next_u8: here:ff
04-24 22:55:57.070 D/pskey_bt(  329): char:7, 7
04-24 22:55:57.070 D/pskey_bt(  329): char:F, F
04-24 22:55:57.070 D/pskey_bt(  329): get_one_item(data) = 0x7f
04-24 22:55:57.070 D/pskey_bt(  329): get_next_u8: here:7f
04-24 22:55:57.070 D/pskey_bt(  329): char:0, 0
04-24 22:55:57.070 D/pskey_bt(  329): char:0, 0
04-24 22:55:57.070 D/pskey_bt(  329): get_one_item(data) = 0x0
04-24 22:55:57.070 D/pskey_bt(  329): get_next_u8: here:0
04-24 22:55:57.070 D/pskey_bt(  329): char:E, E
04-24 22:55:57.070 D/pskey_bt(  329): char:0, 0
04-24 22:55:57.070 D/pskey_bt(  329): get_one_item(data) = 0xe0
04-24 22:55:57.070 D/pskey_bt(  329): get_next_u8: here:e0
04-24 22:55:57.070 D/pskey_bt(  329): char:F, F
04-24 22:55:57.070 D/pskey_bt(  329): char:7, 7
04-24 22:55:57.070 D/pskey_bt(  329): get_one_item(data) = 0xf7
04-24 22:55:57.070 D/pskey_bt(  329): get_next_u8: here:f7
04-24 22:55:57.070 D/pskey_bt(  329): char:3, 3
04-24 22:55:57.070 D/pskey_bt(  329): char:E, E
04-24 22:55:57.070 D/pskey_bt(  329): get_one_item(data) = 0x3e
04-24 22:55:57.070 D/pskey_bt(  329): get_next_u8: here:3e
04-24 22:55:57.070 D/pskey_bt(  329): end of buff, str=},
04-24 22:55:57.070 D/pskey_bt(  329): {0xFF, 0xFF, 0xFF, 0xFF, 0xFF, 0xFF},
04-24 22:55:57.070 D/pskey_bt(  329): 0,
04-24 22:55:57.070 D/pskey_bt(  329): 1,
04-24 22:55:57.070 D/pskey_bt(  329): 5,
04-24 22:55:57.070 D/pskey_bt(  329): 0xE,
04-24 22:55:57.070 D/pskey_bt(  329): 1,
04-24 22:55:57.070 D/pskey_bt(  329): 1,
04-24 22:55:57.070 D/pskey_bt(  329): 0x50000000,
04-24 22:55:57.070 D/pskey_bt(  329): 0x50000150,
04-24 22:55:57.070 D/pskey_bt(  329): 0x50000150,
04-24 22:55:57.070 D/pskey_bt(  329): 0x50000154,
04-24 22:55:57.070 D/pskey_bt(  329): 0xFFFFFFFF,
04-24 22:55:57.070 D/pskey_bt(  329): 0x100,
04-24 22:55:57.070 D/pskey_bt(  329): 0xA0,
04-24 22:55:57.070 D/pskey_bt(  329): 0xDC,
04-24 22:55:57.070 D/pskey_bt(  329): 0x20,
04-24 22:55:57.070 D/pskey_bt(  329): 0x55,
04-24 22:55:57.070 D/pskey_bt(  329): 0x64,
04-24 22:55:57.070 D/pskey_bt(  329): 0,
04-24 22:55:57.070 D/pskey_bt(  329): 0x8,
04-24 22:55:57.070 D/pskey_bt(  329): 0x13C,
04-24 22:55:57.070 D/pskey_bt(  329): 0x2,
04-24 22:55:57.070 D/pskey_bt(  329): 0xD704,
04-24 22:55:57.070 D/pskey_bt(  329): 0x88888888,
04-24 22:55:57.070 D/pskey_bt(  329): 0x6,
04-24 22:55:57.070 D/pskey_bt(  329): 0x0,
04-24 22:55:57.070 D/pskey_bt(  329): {0x0001,0x0000,0x0000,0x0000,0x0000,0x0000,0x0000,0x0000,0x0000
04-24 22:55:57.070 D/pskey_bt(  329): char:F, F
04-24 22:55:57.070 D/pskey_bt(  329): char:F, F
04-24 22:55:57.070 D/pskey_bt(  329): get_one_item(data) = 0xff
04-24 22:55:57.070 D/pskey_bt(  329): get_next_u8: here:ff
04-24 22:55:57.070 D/pskey_bt(  329): char:F, F
04-24 22:55:57.070 D/pskey_bt(  329): char:F, F
04-24 22:55:57.070 D/pskey_bt(  329): get_one_item(data) = 0xff
04-24 22:55:57.070 D/pskey_bt(  329): get_next_u8: here:ff
04-24 22:55:57.070 D/pskey_bt(  329): char:F, F
04-24 22:55:57.070 D/pskey_bt(  329): char:F, F
04-24 22:55:57.070 D/pskey_bt(  329): get_one_item(data) = 0xff
04-24 22:55:57.070 D/pskey_bt(  329): get_next_u8: here:ff
04-24 22:55:57.070 D/pskey_bt(  329): char:F, F
04-24 22:55:57.070 D/pskey_bt(  329): char:F, F
04-24 22:55:57.070 D/pskey_bt(  329): get_one_item(data) = 0xff
04-24 22:55:57.070 D/pskey_bt(  329): get_next_u8: here:ff
04-24 22:55:57.070 D/pskey_bt(  329): char:F, F
04-24 22:55:57.070 D/pskey_bt(  329): char:F, F
04-24 22:55:57.070 D/pskey_bt(  329): get_one_item(data) = 0xff
04-24 22:55:57.070 D/pskey_bt(  329): get_next_u8: here:ff
04-24 22:55:57.070 D/pskey_bt(  329): char:F, F
04-24 22:55:57.070 D/pskey_bt(  329): char:F, F
04-24 22:55:57.070 D/pskey_bt(  329): get_one_item(data) = 0xff
04-24 22:55:57.070 D/pskey_bt(  329): get_next_u8: here:ff
04-24 22:55:57.070 D/pskey_bt(  329): end of buff, str=},
04-24 22:55:57.070 D/pskey_bt(  329): 0,
04-24 22:55:57.070 D/pskey_bt(  329): 1,
04-24 22:55:57.070 D/pskey_bt(  329): 5,
04-24 22:55:57.070 D/pskey_bt(  329): 0xE,
04-24 22:55:57.070 D/pskey_bt(  329): 1,
04-24 22:55:57.070 D/pskey_bt(  329): 1,
04-24 22:55:57.070 D/pskey_bt(  329): 0x50000000,
04-24 22:55:57.070 D/pskey_bt(  329): 0x50000150,
04-24 22:55:57.070 D/pskey_bt(  329): 0x50000150,
04-24 22:55:57.070 D/pskey_bt(  329): 0x50000154,
04-24 22:55:57.070 D/pskey_bt(  329): 0xFFFFFFFF,
04-24 22:55:57.070 D/pskey_bt(  329): 0x100,
04-24 22:55:57.070 D/pskey_bt(  329): 0xA0,
04-24 22:55:57.070 D/pskey_bt(  329): 0xDC,
04-24 22:55:57.070 D/pskey_bt(  329): 0x20,
04-24 22:55:57.070 D/pskey_bt(  329): 0x55,
04-24 22:55:57.070 D/pskey_bt(  329): 0x64,
04-24 22:55:57.070 D/pskey_bt(  329): 0,
04-24 22:55:57.070 D/pskey_bt(  329): 0x8,
04-24 22:55:57.070 D/pskey_bt(  329): 0x13C,
04-24 22:55:57.070 D/pskey_bt(  329): 0x2,
04-24 22:55:57.070 D/pskey_bt(  329): 0xD704,
04-24 22:55:57.070 D/pskey_bt(  329): 0x88888888,
04-24 22:55:57.070 D/pskey_bt(  329): 0x6,
04-24 22:55:57.070 D/pskey_bt(  329): 0x0,
04-24 22:55:57.070 D/pskey_bt(  329): {0x0001,0x0000,0x0000,0x0000,0x0000,0x0000,0x0000,0x0000,0x0000
04-24 22:55:57.070 D/pskey_bt(  329): char:0, 0
04-24 22:55:57.070 D/pskey_bt(  329): get_one_item(data) = 0x0
04-24 22:55:57.070 D/pskey_bt(  329): get_next_u8: here:0
04-24 22:55:57.070 D/pskey_bt(  329): char:1, 1
04-24 22:55:57.070 D/pskey_bt(  329): get_one_item(data) = 0x1
04-24 22:55:57.070 D/pskey_bt(  329): get_next_u8: here:1
04-24 22:55:57.070 D/pskey_bt(  329): char:5, 5
04-24 22:55:57.070 D/pskey_bt(  329): get_one_item(data) = 0x5
04-24 22:55:57.070 D/pskey_bt(  329): get_next_u8: here:5
04-24 22:55:57.070 D/pskey_bt(  329): char:E, E
04-24 22:55:57.070 D/pskey_bt(  329): get_one_item(data) = 0xe
04-24 22:55:57.070 D/pskey_bt(  329): get_next_u8: here:e
04-24 22:55:57.070 D/pskey_bt(  329): char:1, 1
04-24 22:55:57.070 D/pskey_bt(  329): get_one_item(data) = 0x1
04-24 22:55:57.070 D/pskey_bt(  329): get_next_u8: here:1
04-24 22:55:57.070 D/pskey_bt(  329): char:1, 1
04-24 22:55:57.070 D/pskey_bt(  329): get_one_item(data) = 0x1
04-24 22:55:57.070 D/pskey_bt(  329): get_next_u8: here:1
04-24 22:55:57.070 D/pskey_bt(  329): char:5, 5
04-24 22:55:57.070 D/pskey_bt(  329): char:0, 0
04-24 22:55:57.070 D/pskey_bt(  329): char:0, 0
04-24 22:55:57.070 D/pskey_bt(  329): char:0, 0
04-24 22:55:57.070 D/pskey_bt(  329): char:0, 0
04-24 22:55:57.070 D/pskey_bt(  329): char:0, 0
04-24 22:55:57.070 D/pskey_bt(  329): char:0, 0
04-24 22:55:57.070 D/pskey_bt(  329): char:0, 0
04-24 22:55:57.070 D/pskey_bt(  329): get_one_item(data) = 0x50000000
04-24 22:55:57.070 D/pskey_bt(  329): get_next_u32: here:50000000
04-24 22:55:57.070 D/pskey_bt(  329): char:5, 5
04-24 22:55:57.070 D/pskey_bt(  329): char:0, 0
04-24 22:55:57.070 D/pskey_bt(  329): char:0, 0
04-24 22:55:57.070 D/pskey_bt(  329): char:0, 0
04-24 22:55:57.070 D/pskey_bt(  329): char:0, 0
04-24 22:55:57.070 D/pskey_bt(  329): char:1, 1
04-24 22:55:57.070 D/pskey_bt(  329): char:5, 5
04-24 22:55:57.070 D/pskey_bt(  329): char:0, 0
04-24 22:55:57.070 D/pskey_bt(  329): get_one_item(data) = 0x50000150
04-24 22:55:57.070 D/pskey_bt(  329): get_next_u32: here:50000150
04-24 22:55:57.070 D/pskey_bt(  329): char:5, 5
04-24 22:55:57.070 D/pskey_bt(  329): char:0, 0
04-24 22:55:57.070 D/pskey_bt(  329): char:0, 0
04-24 22:55:57.070 D/pskey_bt(  329): char:0, 0
04-24 22:55:57.070 D/pskey_bt(  329): char:0, 0
04-24 22:55:57.070 D/pskey_bt(  329): char:1, 1
04-24 22:55:57.070 D/pskey_bt(  329): char:5, 5
04-24 22:55:57.070 D/pskey_bt(  329): char:0, 0
04-24 22:55:57.070 D/pskey_bt(  329): get_one_item(data) = 0x50000150
04-24 22:55:57.070 D/pskey_bt(  329): get_next_u32: here:50000150
04-24 22:55:57.070 D/pskey_bt(  329): char:5, 5
04-24 22:55:57.070 D/pskey_bt(  329): char:0, 0
04-24 22:55:57.070 D/pskey_bt(  329): char:0, 0
04-24 22:55:57.070 D/pskey_bt(  329): char:0, 0
04-24 22:55:57.070 D/pskey_bt(  329): char:0, 0
04-24 22:55:57.070 D/pskey_bt(  329): char:1, 1
04-24 22:55:57.070 D/pskey_bt(  329): char:5, 5
04-24 22:55:57.070 D/pskey_bt(  329): char:4, 4
04-24 22:55:57.070 D/pskey_bt(  329): get_one_item(data) = 0x50000154
04-24 22:55:57.070 D/pskey_bt(  329): get_next_u32: here:50000154
04-24 22:55:57.070 D/pskey_bt(  329): char:F, F
04-24 22:55:57.070 D/pskey_bt(  329): char:F, F
04-24 22:55:57.070 D/pskey_bt(  329): char:F, F
04-24 22:55:57.070 D/pskey_bt(  329): char:F, F
04-24 22:55:57.070 D/pskey_bt(  329): char:F, F
04-24 22:55:57.070 D/pskey_bt(  329): char:F, F
04-24 22:55:57.070 D/pskey_bt(  329): char:F, F
04-24 22:55:57.070 D/pskey_bt(  329): char:F, F
04-24 22:55:57.070 D/pskey_bt(  329): get_one_item(data) = 0xffffffff
04-24 22:55:57.070 D/pskey_bt(  329): get_next_u32: here:ffffffff
04-24 22:55:57.070 D/pskey_bt(  329): char:1, 1
04-24 22:55:57.070 D/pskey_bt(  329): char:0, 0
04-24 22:55:57.070 D/pskey_bt(  329): char:0, 0
04-24 22:55:57.070 D/pskey_bt(  329): get_one_item(data) = 0x100
04-24 22:55:57.070 D/pskey_bt(  329): get_next_u16: here:100
04-24 22:55:57.070 D/pskey_bt(  329): char:A, A
04-24 22:55:57.070 D/pskey_bt(  329): char:0, 0
04-24 22:55:57.070 D/pskey_bt(  329): get_one_item(data) = 0xa0
04-24 22:55:57.070 D/pskey_bt(  329): get_next_u16: here:a0
04-24 22:55:57.070 D/pskey_bt(  329): char:D, D
04-24 22:55:57.070 D/pskey_bt(  329): char:C, C
04-24 22:55:57.070 D/pskey_bt(  329): get_one_item(data) = 0xdc
04-24 22:55:57.070 D/pskey_bt(  329): get_next_u16: here:dc
04-24 22:55:57.070 D/pskey_bt(  329): char:2, 2
04-24 22:55:57.070 D/pskey_bt(  329): char:0, 0
04-24 22:55:57.070 D/pskey_bt(  329): get_one_item(data) = 0x20
04-24 22:55:57.070 D/pskey_bt(  329): get_next_u16: here:20
04-24 22:55:57.070 D/pskey_bt(  329): char:5, 5
04-24 22:55:57.070 D/pskey_bt(  329): char:5, 5
04-24 22:55:57.070 D/pskey_bt(  329): get_one_item(data) = 0x55
04-24 22:55:57.070 D/pskey_bt(  329): get_next_u16: here:55
04-24 22:55:57.070 D/pskey_bt(  329): char:6, 6
04-24 22:55:57.070 D/pskey_bt(  329): char:4, 4
04-24 22:55:57.070 D/pskey_bt(  329): get_one_item(data) = 0x64
04-24 22:55:57.070 D/pskey_bt(  329): get_next_u16: here:64
04-24 22:55:57.070 D/pskey_bt(  329): char:0, 0
04-24 22:55:57.070 D/pskey_bt(  329): get_one_item(data) = 0x0
04-24 22:55:57.070 D/pskey_bt(  329): get_next_u32: here:0
04-24 22:55:57.070 D/pskey_bt(  329): char:8, 8
04-24 22:55:57.070 D/pskey_bt(  329): get_one_item(data) = 0x8
04-24 22:55:57.070 D/pskey_bt(  329): get_next_u16: here:8
04-24 22:55:57.070 D/pskey_bt(  329): char:1, 1
04-24 22:55:57.070 D/pskey_bt(  329): char:3, 3
04-24 22:55:57.070 D/pskey_bt(  329): char:C, C
04-24 22:55:57.070 D/pskey_bt(  329): get_one_item(data) = 0x13c
04-24 22:55:57.070 D/pskey_bt(  329): get_next_u16: here:13c
04-24 22:55:57.070 D/pskey_bt(  329): char:2, 2
04-24 22:55:57.070 D/pskey_bt(  329): get_one_item(data) = 0x2
04-24 22:55:57.070 D/pskey_bt(  329): get_next_u16: here:2
04-24 22:55:57.070 D/pskey_bt(  329): char:D, D
04-24 22:55:57.070 D/pskey_bt(  329): char:7, 7
04-24 22:55:57.070 D/pskey_bt(  329): char:0, 0
04-24 22:55:57.070 D/pskey_bt(  329): char:4, 4
04-24 22:55:57.070 D/pskey_bt(  329): get_one_item(data) = 0xd704
04-24 22:55:57.070 D/pskey_bt(  329): get_next_u16: here:d704
04-24 22:55:57.070 D/pskey_bt(  329): char:8, 8
04-24 22:55:57.070 D/pskey_bt(  329): char:8, 8
04-24 22:55:57.070 D/pskey_bt(  329): char:8, 8
04-24 22:55:57.070 D/pskey_bt(  329): char:8, 8
04-24 22:55:57.070 D/pskey_bt(  329): char:8, 8
04-24 22:55:57.070 D/pskey_bt(  329): char:8, 8
04-24 22:55:57.070 D/pskey_bt(  329): char:8, 8
04-24 22:55:57.070 D/pskey_bt(  329): char:8, 8
04-24 22:55:57.070 D/pskey_bt(  329): get_one_item(data) = 0x88888888
04-24 22:55:57.070 D/pskey_bt(  329): get_next_u32: here:88888888
04-24 22:55:57.070 D/pskey_bt(  329): char:6, 6
04-24 22:55:57.070 D/pskey_bt(  329): get_one_item(data) = 0x6
04-24 22:55:57.070 D/pskey_bt(  329): get_next_u16: here:6
04-24 22:55:57.070 D/pskey_bt(  329): char:0, 0
04-24 22:55:57.070 D/pskey_bt(  329): get_one_item(data) = 0x0
04-24 22:55:57.070 D/pskey_bt(  329): get_next_u16: here:0
04-24 22:55:57.070 D/pskey_bt(  329): char:0, 0
04-24 22:55:57.070 D/pskey_bt(  329): char:0, 0
04-24 22:55:57.070 D/pskey_bt(  329): char:0, 0
04-24 22:55:57.070 D/pskey_bt(  329): char:1, 1
04-24 22:55:57.070 D/pskey_bt(  329): get_one_item(data) = 0x1
04-24 22:55:57.070 D/pskey_bt(  329): get_next_u32: here:1
04-24 22:55:57.070 D/pskey_bt(  329): char:0, 0
04-24 22:55:57.070 D/pskey_bt(  329): char:0, 0
04-24 22:55:57.070 D/pskey_bt(  329): char:0, 0
04-24 22:55:57.070 D/pskey_bt(  329): char:0, 0
04-24 22:55:57.070 D/pskey_bt(  329): get_one_item(data) = 0x0
04-24 22:55:57.070 D/pskey_bt(  329): get_next_u32: here:0
04-24 22:55:57.070 D/pskey_bt(  329): char:0, 0
04-24 22:55:57.070 D/pskey_bt(  329): char:0, 0
04-24 22:55:57.070 D/pskey_bt(  329): char:0, 0
04-24 22:55:57.070 D/pskey_bt(  329): char:0, 0
04-24 22:55:57.070 D/pskey_bt(  329): get_one_item(data) = 0x0
04-24 22:55:57.070 D/pskey_bt(  329): get_next_u32: here:0
04-24 22:55:57.070 D/pskey_bt(  329): char:0, 0
04-24 22:55:57.070 D/pskey_bt(  329): char:0, 0
04-24 22:55:57.070 D/pskey_bt(  329): char:0, 0
04-24 22:55:57.070 D/pskey_bt(  329): char:0, 0
04-24 22:55:57.070 D/pskey_bt(  329): get_one_item(data) = 0x0
04-24 22:55:57.070 D/pskey_bt(  329): get_next_u32: here:0
04-24 22:55:57.070 D/pskey_bt(  329): char:0, 0
04-24 22:55:57.070 D/pskey_bt(  329): char:0, 0
04-24 22:55:57.070 D/pskey_bt(  329): char:0, 0
04-24 22:55:57.070 D/pskey_bt(  329): char:0, 0
04-24 22:55:57.070 D/pskey_bt(  329): get_one_item(data) = 0x0
04-24 22:55:57.070 D/pskey_bt(  329): get_next_u32: here:0
04-24 22:55:57.070 D/pskey_bt(  329): char:0, 0
04-24 22:55:57.070 D/pskey_bt(  329): char:0, 0
04-24 22:55:57.070 D/pskey_bt(  329): char:0, 0
04-24 22:55:57.070 D/pskey_bt(  329): char:0, 0
04-24 22:55:57.070 D/pskey_bt(  329): get_one_item(data) = 0x0
04-24 22:55:57.070 D/pskey_bt(  329): get_next_u32: here:0
04-24 22:55:57.070 D/pskey_bt(  329): char:0, 0
04-24 22:55:57.070 D/pskey_bt(  329): char:0, 0
04-24 22:55:57.070 D/pskey_bt(  329): char:0, 0
04-24 22:55:57.070 D/pskey_bt(  329): char:0, 0
04-24 22:55:57.070 D/pskey_bt(  329): get_one_item(data) = 0x0
04-24 22:55:57.070 D/pskey_bt(  329): get_next_u32: here:0
04-24 22:55:57.070 D/pskey_bt(  329): char:0, 0
04-24 22:55:57.070 D/pskey_bt(  329): char:0, 0
04-24 22:55:57.070 D/pskey_bt(  329): char:0, 0
04-24 22:55:57.070 D/pskey_bt(  329): char:0, 0
04-24 22:55:57.070 D/pskey_bt(  329): get_one_item(data) = 0x0
04-24 22:55:57.070 D/pskey_bt(  329): get_next_u32: here:0
04-24 22:55:57.070 D/pskey_bt(  329): char:0, 0
04-24 22:55:57.070 D/pskey_bt(  329): char:0, 0
04-24 22:55:57.070 D/pskey_bt(  329): char:0, 0
04-24 22:55:57.070 D/pskey_bt(  329): char:0, 0
04-24 22:55:57.070 D/pskey_bt(  329): get_one_item(data) = 0x0
04-24 22:55:57.070 D/pskey_bt(  329): get_next_u32: here:0
04-24 22:55:57.070 D/pskey_bt(  329): get_one_item(data) = 0x0
04-24 22:55:57.070 D/pskey_bt(  329): get_next_u32: here:0
04-24 22:55:57.070 D/pskey_bt(  329): leave out tmp_buff=
04-24 22:55:57.070 D/pskey_bt(  329): parse pskey success, tmp_buff=0x1feb120
04-24 22:55:57.070 D/pskey_bt(  329): ret get pskey from file =0
04-24 22:55:57.070 D/pskey_bt(  329): data/btmac.txt does not exist 0 
04-24 22:55:57.180 D/pskey_bt(  329): tmp_mac:0065514deb0e
04-24 22:55:57.180 D/pskey_bt(  329): e  
04-24 22:55:57.180 D/pskey_bt(  329): eb  
04-24 22:55:57.180 D/pskey_bt(  329): 4d  
04-24 22:55:57.180 D/pskey_bt(  329): 51  
04-24 22:55:57.180 D/pskey_bt(  329): 65  
04-24 22:55:57.180 D/pskey_bt(  329): 0  
04-24 22:55:57.400 E/eng_rf_nv_update(  101): [set_rf_nvconf]: NV updated flag is 0xA5, don't need to update NV
04-24 22:55:57.400 E/eng_rf_nv_update(  101): [eng_rf_nv_update]: end eng rf nv update!
04-24 22:55:57.400 I/logwrapper(   83): /system/bin/eng_rf_nv_update terminated by exit(0)
04-24 22:55:57.620 I/nsVolume(   84): nsVolume: sdcard state Mounted @ '/mnt/sdcard' gen 1 locked 0 fake 0 media 1 sharing 0 formatting 0
04-24 22:55:57.620 I/AutoMounter(   84): UpdateState: umsAvail:1 umsEnabled:1 mode:0 usbCablePluggedIn:1 tryToShare:0
04-24 22:55:57.620 I/AutoMounter(   84): UpdateState: Volume sdcard is Mounted and inserted @ /mnt/sdcard gen 1 locked 0 sharing n
04-24 22:55:57.620 I/AutoMounter(   84): UpdateState: umsAvail:1 umsEnabled:1 mode:0 usbCablePluggedIn:1 tryToShare:0
04-24 22:55:57.620 I/AutoMounter(   84): UpdateState: Volume sdcard is Mounted and inserted @ /mnt/sdcard gen 1 locked 0 sharing n
04-24 22:55:57.720 I/Gonk    (   84): RIL[0]: OnConnectSuccess
04-24 22:55:57.880 I/Gonk    (   84): RIL[1]: OnConnectSuccess
04-24 22:55:58.160 I/Gecko   (   84): 1398405358168	Marionette	DEBUG	accepted connection on 127.0.0.1:41596
04-24 22:55:58.420 E/bluedroid(   84): test bt_is_enabled
04-24 22:55:59.210 D/NetUtils(   84): failed to remove default route for wlan0: No such device
04-24 22:55:59.210 W/WifiHW  (   84): wifi_load_driver enter 262
04-24 22:55:59.210 W/WifiHW  (   84): DRIVER_MODULE_PATH= DRIVER_MODULE_ARG= 
04-24 22:55:59.210 W/WifiHW  (   84): driver insmod complete 
04-24 22:55:59.210 W/WifiHW  (   84): Driver() loaded succesffuly
04-24 22:55:59.450 W/WifiHW  (   87): wifi_change_fw_path: /system/lib/modules/itm_sta.ko
04-24 22:55:59.450 D/WifiHW  (   87): Unable to unload driver module "itm_ap.ko": No such file or directory
04-24 22:55:59.650 D/WifiHW  (   87): Unable to unload driver module "itm_sta.ko": No such file or directory
04-24 22:55:59.850 W/WifiHW  (   87): insmod filename=/system/lib/modules/itm_sta.ko args= 
04-24 22:55:59.990 V/AudioPolicyManagerBase(   89): setStreamVolumeIndex() stream 3, index 0
04-24 22:55:59.990 E/AudioPolicyManagerBase(   89): checkAndSetVolume stream=3, index=0, output=1, device=2
04-24 22:55:59.990 E/AudioPolicyManagerBase(   89): computeVolume, streamDesc=0x1ac6bf0
04-24 22:55:59.990 V/AudioPolicyManagerBase(   89): setStreamVolume() for output 1 stream 3, volume 0.000000, delay 0
04-24 22:55:59.990 V/AudioPolicyManagerBase(   89): setStreamVolumeIndex() stream 1, index 0
04-24 22:55:59.990 E/AudioPolicyManagerBase(   89): checkAndSetVolume stream=1, index=0, output=1, device=2
04-24 22:55:59.990 E/AudioPolicyManagerBase(   89): computeVolume, streamDesc=0x1ac6bb8
04-24 22:55:59.990 V/AudioPolicyManagerBase(   89): setStreamVolume() for output 1 stream 1, volume 0.000000, delay 0
04-24 22:55:59.990 V/AudioPolicyManagerBase(   89): setStreamVolumeIndex() stream 5, index 0
04-24 22:55:59.990 E/AudioPolicyManagerBase(   89): checkAndSetVolume stream=5, index=0, output=1, device=2
04-24 22:55:59.990 E/AudioPolicyManagerBase(   89): computeVolume, streamDesc=0x1ac6c28
04-24 22:55:59.990 V/AudioPolicyManagerBase(   89): setStreamVolume() for output 1 stream 5, volume 0.000000, delay 0
04-24 22:55:59.990 V/AudioPolicyManagerBase(   89): setStreamVolumeIndex() stream 2, index 0
04-24 22:55:59.990 E/AudioPolicyManagerBase(   89): checkAndSetVolume stream=2, index=0, output=1, device=2
04-24 22:55:59.990 E/AudioPolicyManagerBase(   89): computeVolume, streamDesc=0x1ac6bd4
04-24 22:55:59.990 V/AudioPolicyManagerBase(   89): setStreamVolume() for output 1 stream 2, volume 0.000000, delay 0
04-24 22:56:00.000 V/AudioPolicyManagerBase(   89): setStreamVolumeIndex() stream 4, index 15
04-24 22:56:00.000 E/AudioPolicyManagerBase(   89): checkAndSetVolume stream=4, index=15, output=1, device=2
04-24 22:56:00.000 E/AudioPolicyManagerBase(   89): computeVolume, streamDesc=0x1ac6c0c
04-24 22:56:00.000 V/AudioPolicyManagerBase(   89): VOLUME vol index=[66 100 100], dB=[-10.2 0.0 0.0] ampl=1.00000
04-24 22:56:00.010 V/AudioPolicyManagerBase(   89): setStreamVolumeIndex() stream 0, index 5
04-24 22:56:00.010 E/AudioPolicyManagerBase(   89): checkAndSetVolume stream=0, index=5, output=1, device=2
04-24 22:56:00.010 E/AudioPolicyManagerBase(   89): computeVolume, streamDesc=0x1ac6b9c
04-24 22:56:00.010 V/AudioPolicyManagerBase(   89): VOLUME vol index=[66 100 100], dB=[-17.0 0.0 0.0] ampl=1.00000
04-24 22:56:00.010 V/AudioPolicyManagerBase(   89): setStreamVolumeIndex() stream 6, index 15
04-24 22:56:00.010 V/AudioPolicyManagerBase(   89): checkAndSetVolume() cannot set stream 6 volume with force use = 0 for comm
04-24 22:56:00.420 I/Gecko   (   84): -*- RadioInterface[1]: _lastKnownHomeNetwork: 214-07
04-24 22:56:00.520 I/Gecko   (   84): -*- RadioInterface[0]: _lastKnownHomeNetwork: 310-410
04-24 22:56:00.680 I/VolumeManager(   84): SetSharingMode for volume sdcard to 1 canBeShared = 1
04-24 22:56:00.680 I/AutoMounter(   84): UpdateState: umsAvail:1 umsEnabled:1 mode:0 usbCablePluggedIn:1 tryToShare:0
04-24 22:56:00.680 I/AutoMounter(   84): UpdateState: Volume sdcard is Mounted and inserted @ /mnt/sdcard gen 1 locked 0 sharing y
04-24 22:56:01.040 E/Profiler(  346): BEGIN mozilla_sampler_init
04-24 22:56:01.040 E/Profiler(  346): BPUnw: [1 total] thread_register_for_profiling(me=0x40112488, stacktop=0xbefa19b7)
04-24 22:56:01.040 E/Profiler(  346): SPS:
04-24 22:56:01.040 E/Profiler(  346): SPS: Unwind mode       = pseudo
04-24 22:56:01.040 E/Profiler(  346): SPS: Sampling interval = 0 ms (zero means "platform default")
04-24 22:56:01.040 E/Profiler(  346): SPS: Entry store size  = 0 (zero means "platform default")
04-24 22:56:01.040 E/Profiler(  346): SPS: UnwindStackScan   = 0 (max dubious frames per unwind).
04-24 22:56:01.040 E/Profiler(  346): SPS: Use env var MOZ_PROFILER_MODE=help for further information.
04-24 22:56:01.040 E/Profiler(  346): SPS:
04-24 22:56:01.040 E/Profiler(  346): Registering start signal
04-24 22:56:01.190 I/Gecko   (   84): -*- RadioInterface[0]: _lastKnownHomeNetwork: 310-410
04-24 22:56:01.340 E/GeckoConsole(  346): Could not read chrome manifest 'file:///system/b2g/chrome.manifest'.
04-24 22:56:01.430 I/Gecko   (   84): ###################################### forms.js loaded
04-24 22:56:01.430 I/Gecko   (   84): ############################### browserElementPanning.js loaded
04-24 22:56:01.470 I/Gecko   (   84): ######################## BrowserElementChildPreload.js loaded
04-24 22:56:01.500 I/Gecko   (   84): *** UTM:SVC TimerManager:registerTimer - id: user-agent-updates-timer
04-24 22:56:01.510 E/GeckoConsole(   84): UTM:SVC TimerManager:registerTimer - id: user-agent-updates-timer
04-24 22:56:02.280 E/Profiler(   84): BPUnw: [1 total] thread_unregister_for_profiling(me=0x1bcd2f8)  (NOT REGISTERED) 
04-24 22:56:03.220 E/GeckoConsole(   84): [JavaScript Warning: "Error in parsing value for 'font-weight'.  Declaration dropped." {file: "app://system.gaiamobile.org/style/shrinking_ui/shrinking_ui.css" line: 9 column: 15 source: "  font-weight: medium;"}]
04-24 22:56:03.460 D/SoftapController(   87): Softap fwReload - Ok
04-24 22:56:03.460 E/BandwidthController(   87): No such iface wlan0 to delete
04-24 22:56:03.650 D/Sensors (   84): activate handle=0; drv=0
04-24 22:56:03.650 D/Sensors (   84): Lis3dhSensor: Control set 0
04-24 22:56:03.650 D/Sensors (   84): Lis3dhSensor: mEnabled = 0
04-24 22:56:03.660 I/Gecko   (   84): MobileConnection initialized
04-24 22:56:03.660 I/Gecko   (   84): MobileConnection initialized
04-24 22:56:04.210 I/Gecko   (   84): Attempting load of libEGL.so
04-24 22:56:04.250 D/libEGL  (   84): loaded /system/lib/egl/libEGL_mali.so
04-24 22:56:04.290 D/libEGL  (   84): loaded /system/lib/egl/libGLESv1_CM_mali.so
04-24 22:56:04.300 D/libEGL  (   84): loaded /system/lib/egl/libGLESv2_mali.so
04-24 22:56:04.320 I/HWComposer(   84): Creating new instance
04-24 22:56:04.320 E/HWComposer(   84): Failed to initialize hwc
04-24 22:56:04.380 E/GeckoConsole(   84): OpenGL compositor Initialized Succesfully.
04-24 22:56:04.380 E/GeckoConsole(   84): Version: OpenGL ES 2.0 Spreadtrum Build
04-24 22:56:04.380 E/GeckoConsole(   84): Vendor: ARM
04-24 22:56:04.380 E/GeckoConsole(   84): Renderer: Mali-300
04-24 22:56:04.380 E/GeckoConsole(   84): FBO Texture Target: TEXTURE_2D
04-24 22:56:04.830 I/Gonk    (   84): Setting nice for pid 360 to 18
04-24 22:56:04.830 I/Gonk    (   84): Changed nice for pid 360 from 0 to 18.
04-24 22:56:05.030 I/Gecko   (   84): 1398405365039	Marionette	DEBUG	accepted connection on 127.0.0.1:41597
04-24 22:56:06.090 I/power   (   84): *** set_screen_state 1
04-24 22:56:06.090 D/Sensors (   84): activate handle=3; drv=1
04-24 22:56:06.090 D/Sensors (   84): SensorTMD2771::setEnable=0= en=1; newState=1; what=0; mEnabled=0
04-24 22:56:06.200 D/Sensors (   84): taos ---Light::TAOS_IOCTL_ALS_ON=== err=0
04-24 22:56:06.200 D/Sensors (   84): SensorTMD2771::setEnable=1= en=1; newState=1; what=0; mEnabled=1
04-24 22:56:06.200 D/Sensors (   84): SensorTMD2771::getEnable===mEnabled=0x1; enable=1
04-24 22:56:06.210 I/GeckoDump(   84): XXX FIXME : Got a mozContentEvent: nfc-hardware-state-change
04-24 22:56:06.240 E/slog    (  317): handle_top_logdir: slog use external storage [17]
04-24 22:56:06.320 I/Gecko   (   84): ############################### browserElementPanning.js loaded
04-24 22:56:06.350 I/Gecko   (   84): ######################## BrowserElementChildPreload.js loaded
04-24 22:56:06.400 I/GeckoDump(   84): XXX FIXME : Got a mozContentEvent: system-message-listener-ready
04-24 22:56:06.700 D/Sensors (   84): SensorTMD2771::readEvents()======data_fd=53,count=16
04-24 22:56:06.700 D/Sensors (   84): SensorTMD2771::processEvent()=====code=40::value=1 
04-24 22:56:06.700 D/Sensors (   84): SensorTMD2771: mPendingEvents[Light].light = 1.000000
04-24 22:56:07.400 E/Profiler(   84): BPUnw: [1 total] thread_unregister_for_profiling(me=0x1bd0610)  (NOT REGISTERED) 
04-24 22:56:07.590 I/Gecko   (   84): 1398405367597	Marionette	INFO	loaded marionette-listener.js
04-24 22:56:07.590 I/Gecko   (   84): 1398405367599	Marionette	INFO	sendToClient: {"from":"0","value":"3-b2g"}, {0e8d5c65-f318-4b8e-9de3-7d234d1054ff}, {0e8d5c65-f318-4b8e-9de3-7d234d1054ff}
04-24 22:56:07.650 E/WifiHW  (   84): Leo ensure_config_file_exists config_file=/data/misc/wifi/wpa_supplicant.conf
04-24 22:56:07.650 E/WifiHW  (   84): daemon_cmd=wpa_supplicant:-iwlan0 -c/data/misc/wifi/wpa_supplicant.conf
04-24 22:56:07.850 E/GeckoConsole(   84): [JavaScript Warning: "Error in parsing value for 'padding'.  Declaration dropped." {file: "app://callscreen.gaiamobile.org/style/oncall.css" line: 280 column: 13 source: "    padding: none;"}]
04-24 22:56:08.330 I/Gecko   (   84): MobileConnection initialized
04-24 22:56:08.340 I/Gecko   (   84): MobileConnection initialized
04-24 22:56:08.370 E/Profiler(   84): BPUnw: [1 total] thread_unregister_for_profiling(me=0x1bd0650)  (NOT REGISTERED) 
04-24 22:56:08.780 V/AudioPolicyManagerBase(   89): getDeviceForStrategy() from cache strategy 0, device 2
04-24 22:56:08.790 V/AudioPolicyManagerBase(   89): getOutput() stream 3, samplingRate 0, format 0, channels 3, flags 0
04-24 22:56:09.300 W/WifiHW  (   84): wifi_command: LOG_LEVEL
04-24 22:56:09.300 W/WifiHW  (   84): wifi_command: STATUS
04-24 22:56:09.450 W/WifiHW  (   84): wifi_command: LIST_NETWORKS
04-24 22:56:09.450 W/WifiHW  (   84): wifi_command: DRIVER MACADDR
04-24 22:56:09.500 I/Gecko   (   84): 1398405369510	Marionette	INFO	sendToClient: {"from":"0","value":{"ELEMENT":"{d0cbceba-0c68-418f-ba47-f29ef030a057}"}}, {65e6da2a-1eba-42bf-be5c-3b277bdcc009}, {65e6da2a-1eba-42bf-be5c-3b277bdcc009}
04-24 22:56:09.510 W/WifiHW  (   84): wifi_command: GET_NETWORK 0 ssid
04-24 22:56:09.510 W/WifiHW  (   84): wifi_command: GET_NETWORK 0 bssid
04-24 22:56:09.510 W/WifiHW  (   84): wifi_command: GET_NETWORK 0 psk
04-24 22:56:09.520 W/WifiHW  (   84): wifi_command: GET_NETWORK 0 wep_key0
04-24 22:56:09.520 W/WifiHW  (   84): wifi_command: GET_NETWORK 0 wep_key1
04-24 22:56:09.520 W/WifiHW  (   84): wifi_command: GET_NETWORK 0 wep_key2
04-24 22:56:09.530 W/WifiHW  (   84): wifi_command: GET_NETWORK 0 wep_key3
04-24 22:56:09.530 W/WifiHW  (   84): wifi_command: GET_NETWORK 0 wep_tx_keyidx
04-24 22:56:09.530 W/WifiHW  (   84): wifi_command: GET_NETWORK 0 priority
04-24 22:56:09.530 W/WifiHW  (   84): wifi_command: GET_NETWORK 0 key_mgmt
04-24 22:56:09.530 W/WifiHW  (   84): wifi_command: GET_NETWORK 0 scan_ssid
04-24 22:56:09.530 W/WifiHW  (   84): wifi_command: GET_NETWORK 0 disabled
04-24 22:56:09.530 W/WifiHW  (   84): wifi_command: GET_NETWORK 0 identity
04-24 22:56:09.530 W/WifiHW  (   84): wifi_command: GET_NETWORK 0 password
04-24 22:56:09.530 W/WifiHW  (   84): wifi_command: GET_NETWORK 0 auth_alg
04-24 22:56:09.530 W/WifiHW  (   84): wifi_command: GET_NETWORK 0 phase1
04-24 22:56:09.530 W/WifiHW  (   84): wifi_command: GET_NETWORK 0 phase2
04-24 22:56:09.530 W/WifiHW  (   84): wifi_command: GET_NETWORK 0 eap
04-24 22:56:09.530 W/WifiHW  (   84): wifi_command: GET_NETWORK 0 pin
04-24 22:56:09.540 W/WifiHW  (   84): wifi_command: GET_NETWORK 0 pcsc
04-24 22:56:09.570 W/WifiHW  (   84): wifi_command: ENABLE_NETWORK 0
04-24 22:56:09.570 W/WifiHW  (   84): wifi_command: AP_SCAN 1
04-24 22:56:09.590 W/WifiHW  (   84): wifi_command: SAVE_CONFIG
04-24 22:56:09.750 I/Gecko   (   84): 1398405369760	Marionette	INFO	sendToClient: {"from":"0","value":false}, {b8a923c1-1864-441b-a966-41820c24c354}, {b8a923c1-1864-441b-a966-41820c24c354}
04-24 22:56:09.970 I/Gecko   (   84): 1398405369976	Marionette	INFO	sendToClient: {"from":"0","value":{"ELEMENT":"{d0cbceba-0c68-418f-ba47-f29ef030a057}"}}, {75f9b0f3-9a4a-466e-a079-8647e14059c5}, {75f9b0f3-9a4a-466e-a079-8647e14059c5}
04-24 22:56:09.980 W/WifiHW  (   84): wifi_command: SCAN_RESULTS
04-24 22:56:10.000 W/WifiHW  (   84): wifi_command: DRIVER SCAN-PASSIVE
04-24 22:56:10.080 I/Gecko   (   84): 1398405370089	Marionette	INFO	sendToClient: {"from":"0","value":false}, {6ec35f83-ab70-4c4e-a6b4-0ba0e6bd8649}, {6ec35f83-ab70-4c4e-a6b4-0ba0e6bd8649}
04-24 22:56:10.860 I/Gecko   (   84): 1398405370862	Marionette	INFO	sendToClient: {"from":"0","value":{"ELEMENT":"{d0cbceba-0c68-418f-ba47-f29ef030a057}"}}, {fcd3f2c4-6fc6-4069-83cb-23482d9a3499}, {fcd3f2c4-6fc6-4069-83cb-23482d9a3499}
04-24 22:56:10.960 I/Gecko   (   84): 1398405370964	Marionette	INFO	sendToClient: {"from":"0","value":false}, {b1bddafe-d144-4e20-8357-e00d488089d6}, {b1bddafe-d144-4e20-8357-e00d488089d6}
04-24 22:56:11.100 I/Gecko   (   84): 1398405371106	Marionette	INFO	sendToClient: {"from":"0","value":{"ELEMENT":"{d0cbceba-0c68-418f-ba47-f29ef030a057}"}}, {92e7e4e1-91b4-42fa-bbd7-762882ee0357}, {92e7e4e1-91b4-42fa-bbd7-762882ee0357}
04-24 22:56:11.170 I/Gecko   (   84): 1398405371172	Marionette	INFO	sendToClient: {"from":"0","value":false}, {0025d184-1516-4b42-b9fb-ab3dd58da8e9}, {0025d184-1516-4b42-b9fb-ab3dd58da8e9}
04-24 22:56:11.330 I/GeckoDump(   84): XXX FIXME : Got a mozContentEvent: accessibility-screenreader
04-24 22:56:11.380 I/GeckoDump(   84): XXX FIXME : Got a mozContentEvent: nfc-hardware-state-change
04-24 22:56:11.580 W/WifiHW  (   84): wifi_command: DRIVER SCAN-ACTIVE
04-24 22:56:11.700 W/WifiHW  (   84): wifi_command: SCAN
04-24 22:56:11.940 W/WifiHW  (   84): wifi_command: DRIVER SCAN-PASSIVE
04-24 22:56:11.940 I/Gecko   (   84): 1398405371946	Marionette	INFO	sendToClient: {"from":"0","value":{"ELEMENT":"{d0cbceba-0c68-418f-ba47-f29ef030a057}"}}, {4829997f-942c-4a18-8730-c5ca5b3f5cad}, {4829997f-942c-4a18-8730-c5ca5b3f5cad}
04-24 22:56:12.350 I/Gecko   (   84): 1398405372359	Marionette	INFO	sendToClient: {"from":"0","value":true}, {a0c2811a-52bc-4abd-999d-d2579d4c5d10}, {a0c2811a-52bc-4abd-999d-d2579d4c5d10}
04-24 22:56:12.660 E/GeckoConsole(   84): Content JS ERROR at app://system.gaiamobile.org/js/telephony_settings.js:23 in set_vpm_error: Error setting voice privacy.
04-24 22:56:12.670 E/GeckoConsole(   84): Content JS ERROR at app://system.gaiamobile.org/js/telephony_settings.js:23 in set_vpm_error: Error setting voice privacy.
04-24 22:56:12.670 E/GeckoConsole(   84): Content JS ERROR at app://system.gaiamobile.org/js/telephony_settings.js:42 in set_vpm_error: Error roaming preference.
04-24 22:56:12.700 I/FMRadio (   84): FMRadio is initialized.
04-24 22:56:12.740 E/GeckoConsole(   84): Content JS ERROR at app://system.gaiamobile.org/js/telephony_settings.js:42 in set_vpm_error: Error roaming preference.
04-24 22:56:13.420 E/Profiler(   84): BPUnw: [1 total] thread_unregister_for_profiling(me=0x1bd06d0)  (NOT REGISTERED) 
04-24 22:56:13.690 I/GeckoDump(   84): XXX FIXME : Got a mozContentEvent: inputmethod-update-layouts
04-24 22:56:13.740 I/Gecko   (   84): ############################### browserElementPanning.js loaded
04-24 22:56:13.780 I/Gecko   (   84): ######################## BrowserElementChildPreload.js loaded
04-24 22:56:13.880 I/GeckoDump(   84): XXX FIXME : Got a mozContentEvent: inputmethod-update-layouts
04-24 22:56:14.480 E/GeckoConsole(   84): [JavaScript Warning: "Error in parsing value for 'font-weight'.  Declaration dropped." {file: "app://keyboard.gaiamobile.org/style/keyboard.css" line: 133 column: 15 source: "  font-weight: medium;"}]
04-24 22:56:14.630 I/Gecko   (   84): 1398405374640	Marionette	INFO	sendToClient: {"from":"0","ok":true}, {e0025d43-428a-40c0-b551-a429a25a263d}, {e0025d43-428a-40c0-b551-a429a25a263d}
04-24 22:56:14.700 I/Gecko   (   84): 1398405374705	Marionette	DEBUG	Got request: switchToFrame, data: {"to":"0","sessionId":"3-b2g","name":"switchToFrame","parameters":{"id":null,"focus":true}}, id: {26f982ba-0305-45ef-bd76-1cac9622e1c5}
04-24 22:56:14.720 I/Gecko   (   84): 1398405374722	Marionette	INFO	Switched to frame: {"frameValue":null}
04-24 22:56:14.780 W/WifiHW  (   84): wifi_command: SCAN_RESULTS
04-24 22:56:14.790 W/WifiHW  (   84): wifi_command: DRIVER SCAN-PASSIVE
04-24 22:56:14.840 W/WifiHW  (   84): wifi_command: GET_NETWORK 0 ssid
04-24 22:56:14.840 W/WifiHW  (   84): wifi_command: GET_NETWORK 0 bssid
04-24 22:56:14.840 W/WifiHW  (   84): wifi_command: GET_NETWORK 0 psk
04-24 22:56:14.840 W/WifiHW  (   84): wifi_command: GET_NETWORK 0 wep_key0
04-24 22:56:14.840 W/WifiHW  (   84): wifi_command: GET_NETWORK 0 wep_key1
04-24 22:56:14.840 W/WifiHW  (   84): wifi_command: GET_NETWORK 0 wep_key2
