04-27 23:01:52.446 I/Gecko   (   84): 1398664912461	Marionette	INFO	sendToClient: {"from":"0","value":""}, {f65f37cf-4691-4951-a81a-503c49639572}, {f65f37cf-4691-4951-a81a-503c49639572}
04-27 23:01:52.476 I/Gecko   (   84): 1398664912485	Marionette	INFO	sendToClient: {"from":"0","value":""}, {0b1ca050-8a82-4e11-8717-26de37b3b52b}, {0b1ca050-8a82-4e11-8717-26de37b3b52b}
04-27 23:01:52.486 I/Gecko   (   84): 1398664912496	Marionette	INFO	sendToClient: {"from":"0","value":""}, {2b0d5c1c-45f4-4695-aa14-a59d80066308}, {2b0d5c1c-45f4-4695-aa14-a59d80066308}
04-27 23:01:52.566 I/Gecko   (   84): 1398664912575	Marionette	INFO	sendToClient: {"from":"0","value":""}, {15d5d50a-837f-411f-9cd8-ae41e855ff1e}, {15d5d50a-837f-411f-9cd8-ae41e855ff1e}
04-27 23:01:52.596 I/Gecko   (   84): 1398664912607	Marionette	INFO	sendToClient: {"from":"0","value":""}, {439db17e-435d-4157-a40f-a8591651bc09}, {439db17e-435d-4157-a40f-a8591651bc09}
04-27 23:01:52.606 I/Gecko   (   84): 1398664912619	Marionette	INFO	sendToClient: {"from":"0","value":""}, {3fb8b5e2-dbf5-40ab-9498-14aff9e58d43}, {3fb8b5e2-dbf5-40ab-9498-14aff9e58d43}
04-27 23:01:52.646 I/Gecko   (   84): 1398664912656	Marionette	INFO	sendToClient: {"from":"0","value":""}, {7455d66b-1783-4196-b0c1-44d3c8a374a2}, {7455d66b-1783-4196-b0c1-44d3c8a374a2}
04-27 23:01:52.996 I/Gecko   ( 1279): ###################################### forms.js loaded
04-27 23:01:53.036 I/Gecko   (   84): 1398664913053	Marionette	INFO	sendToClient: {"from":"0","value":""}, {178aadda-b4ab-4dde-94b9-fee60b34d386}, {178aadda-b4ab-4dde-94b9-fee60b34d386}
04-27 23:01:53.076 I/Gecko   (   84): 1398664913087	Marionette	INFO	sendToClient: {"from":"0","value":""}, {31b2e076-cd8e-46ec-95cc-788f01e920e1}, {31b2e076-cd8e-46ec-95cc-788f01e920e1}
04-27 23:01:53.086 I/Gecko   ( 1279): ############################### browserElementPanning.js loaded
04-27 23:01:53.106 I/Gecko   (   84): 1398664913118	Marionette	INFO	sendToClient: {"from":"0","value":""}, {b38bb678-9696-4b3b-944f-b4d927aa74be}, {b38bb678-9696-4b3b-944f-b4d927aa74be}
04-27 23:01:53.116 I/Gecko   (   84): 1398664913130	Marionette	INFO	sendToClient: {"from":"0","value":""}, {131ddb16-ebd9-45f2-bedd-333b9c8684d4}, {131ddb16-ebd9-45f2-bedd-333b9c8684d4}
04-27 23:01:53.136 I/Gecko   ( 1279): ######################## BrowserElementChildPreload.js loaded
04-27 23:01:53.216 I/Gecko   (   84): 1398664913226	Marionette	INFO	sendToClient: {"from":"0","value":""}, {cf768f5f-9731-4d52-8b3b-f209609c401b}, {cf768f5f-9731-4d52-8b3b-f209609c401b}
04-27 23:01:53.246 I/Gecko   (   84): 1398664913256	Marionette	INFO	sendToClient: {"from":"0","value":""}, {f4717eb4-e188-455c-afee-ed54c2fc296b}, {f4717eb4-e188-455c-afee-ed54c2fc296b}
04-27 23:01:53.286 I/Gecko   (   84): 1398664913295	Marionette	INFO	sendToClient: {"from":"0","value":""}, {22246c0e-a57c-4ea8-879b-ef99c8f37dfa}, {22246c0e-a57c-4ea8-879b-ef99c8f37dfa}
04-27 23:01:53.306 I/Gecko   (   84): 1398664913315	Marionette	INFO	sendToClient: {"from":"0","value":""}, {106ef10f-6451-4067-af3e-63e23269a971}, {106ef10f-6451-4067-af3e-63e23269a971}
04-27 23:01:53.366 I/Gecko   (   84): 1398664913378	Marionette	INFO	sendToClient: {"from":"0","value":""}, {96b727c2-5b43-4f7d-917a-99a5316e05af}, {96b727c2-5b43-4f7d-917a-99a5316e05af}
04-27 23:01:53.416 I/Gecko   (   84): 1398664913425	Marionette	INFO	sendToClient: {"from":"0","value":""}, {464fe753-55f1-4e57-8e45-158d4f28157b}, {464fe753-55f1-4e57-8e45-158d4f28157b}
04-27 23:01:53.436 I/Gecko   (   84): 1398664913445	Marionette	INFO	sendToClient: {"from":"0","value":""}, {ef0be1db-5181-4380-a9a6-d9497206f5ba}, {ef0be1db-5181-4380-a9a6-d9497206f5ba}
04-27 23:01:53.456 I/Gecko   (   84): 1398664913469	Marionette	INFO	sendToClient: {"from":"0","value":""}, {202ac9db-dfbb-4041-86f6-c9b38c6a9494}, {202ac9db-dfbb-4041-86f6-c9b38c6a9494}
04-27 23:01:53.606 I/Gecko   (   84): 1398664913615	Marionette	INFO	sendToClient: {"from":"0","value":""}, {aa47e2c6-c9a6-44ea-ab34-f4b751da666b}, {aa47e2c6-c9a6-44ea-ab34-f4b751da666b}
04-27 23:01:53.726 I/Gonk    (   84): Setting nice for pid 1290 to 18
04-27 23:01:53.726 I/Gonk    (   84): Changed nice for pid 1290 from 0 to 18.
04-27 23:01:53.856 I/Gecko   (   84): 1398664913870	Marionette	INFO	sendToClient: {"from":"0","value":""}, {29341715-6b5f-4f5c-87f1-7ab8449a5ce5}, {29341715-6b5f-4f5c-87f1-7ab8449a5ce5}
04-27 23:01:53.876 I/Gecko   (   84): 1398664913884	Marionette	INFO	sendToClient: {"from":"0","value":""}, {a623e641-c169-4b82-8550-191451dc1f46}, {a623e641-c169-4b82-8550-191451dc1f46}
04-27 23:01:53.896 I/Gecko   (   84): 1398664913909	Marionette	INFO	sendToClient: {"from":"0","value":""}, {da0a121b-b1de-417b-a1c2-edc05ffbae74}, {da0a121b-b1de-417b-a1c2-edc05ffbae74}
04-27 23:01:53.936 I/Gecko   (   84): 1398664913950	Marionette	INFO	sendToClient: {"from":"0","value":""}, {c6270982-df1a-4285-9d2f-fd0b6e1916c8}, {c6270982-df1a-4285-9d2f-fd0b6e1916c8}
04-27 23:01:54.016 I/Gecko   (   84): 1398664914024	Marionette	INFO	sendToClient: {"from":"0","value":""}, {f65c5637-bbf8-41f2-9403-99676b2cc77e}, {f65c5637-bbf8-41f2-9403-99676b2cc77e}
04-27 23:01:54.026 I/Gecko   (   84): 1398664914038	Marionette	INFO	sendToClient: {"from":"0","value":""}, {4a04ebab-a7d5-4349-b951-6df800c213f0}, {4a04ebab-a7d5-4349-b951-6df800c213f0}
04-27 23:01:54.086 I/Gecko   (   84): 1398664914095	Marionette	INFO	sendToClient: {"from":"0","value":""}, {97524b8a-8fcb-4c2e-8915-239cefe4596b}, {97524b8a-8fcb-4c2e-8915-239cefe4596b}
04-27 23:01:54.176 I/Gecko   (   84): 1398664914186	Marionette	INFO	sendToClient: {"from":"0","value":""}, {08f40486-0bc9-41cd-81de-bbee511cf579}, {08f40486-0bc9-41cd-81de-bbee511cf579}
04-27 23:01:54.216 I/Gecko   (   84): 1398664914233	Marionette	INFO	sendToClient: {"from":"0","value":""}, {6f248d0b-09a3-4354-ac9e-651da95b878a}, {6f248d0b-09a3-4354-ac9e-651da95b878a}
04-27 23:01:54.266 I/Gecko   (   84): 1398664914276	Marionette	INFO	sendToClient: {"from":"0","value":""}, {f5ed7728-ece5-4c85-a180-19beff945e90}, {f5ed7728-ece5-4c85-a180-19beff945e90}
04-27 23:01:54.376 I/Gecko   (   84): 1398664914388	Marionette	INFO	sendToClient: {"from":"0","value":""}, {4b98b119-cb47-4e5a-b2c2-5ae6967000b1}, {4b98b119-cb47-4e5a-b2c2-5ae6967000b1}
04-27 23:01:54.406 I/Gecko   (   84): 1398664914423	Marionette	INFO	sendToClient: {"from":"0","value":""}, {f73ac738-6960-4e85-bebb-e6a9fd1f6dad}, {f73ac738-6960-4e85-bebb-e6a9fd1f6dad}
04-27 23:01:54.456 I/Gecko   (   84): 1398664914465	Marionette	INFO	sendToClient: {"from":"0","value":""}, {f205785a-5e56-4881-a022-a4ed6cb1fedf}, {f205785a-5e56-4881-a022-a4ed6cb1fedf}
04-27 23:01:54.526 I/Gecko   (   84): 1398664914538	Marionette	INFO	sendToClient: {"from":"0","value":""}, {50131871-b67a-4d2d-893c-87f2d5e15f8f}, {50131871-b67a-4d2d-893c-87f2d5e15f8f}
04-27 23:01:54.566 I/Gecko   (   84): 1398664914578	Marionette	INFO	sendToClient: {"from":"0","value":""}, {515c3ab0-f1da-4117-bc82-d06e126d0b15}, {515c3ab0-f1da-4117-bc82-d06e126d0b15}
04-27 23:01:54.586 I/Gecko   (   84): 1398664914601	Marionette	INFO	sendToClient: {"from":"0","value":""}, {0cd4c6e7-e855-4123-9dc0-1c2a53ce5df1}, {0cd4c6e7-e855-4123-9dc0-1c2a53ce5df1}
04-27 23:01:54.596 I/Gecko   ( 1279): ###################################### forms.js loaded
04-27 23:01:54.636 I/Gecko   ( 1279): ############################### browserElementPanning.js loaded
04-27 23:01:54.826 I/Gecko   (   84): 1398664914836	Marionette	INFO	sendToClient: {"from":"0","value":""}, {00dc1db5-c7d3-46bc-a683-fa76f6f0acde}, {00dc1db5-c7d3-46bc-a683-fa76f6f0acde}
04-27 23:01:54.906 I/Gecko   ( 1279): ######################## BrowserElementChildPreload.js loaded
04-27 23:01:54.966 I/Gecko   (   84): 1398664914974	Marionette	INFO	sendToClient: {"from":"0","value":""}, {49139b43-2873-4995-8ec9-6a57d2f31552}, {49139b43-2873-4995-8ec9-6a57d2f31552}
04-27 23:01:55.246 I/GeckoDump(   84): XXX FIXME : Got a mozContentEvent: undefined
04-27 23:01:55.356 I/Gecko   (   84): 1398664915365	Marionette	INFO	sendToClient: {"from":"0","value":""}, {73f9794c-f9f1-475d-8723-e8c364a7d991}, {73f9794c-f9f1-475d-8723-e8c364a7d991}
04-27 23:01:55.876 I/Gecko   (   84): 1398664915893	Marionette	INFO	sendToClient: {"from":"0","value":""}, {deac3896-6bf6-413d-a655-a91131a7bf86}, {deac3896-6bf6-413d-a655-a91131a7bf86}
04-27 23:01:55.986 I/Gecko   (   84): 1398664915999	Marionette	INFO	sendToClient: {"from":"0","value":""}, {70365805-1d90-4c81-9939-5e8b9fead146}, {70365805-1d90-4c81-9939-5e8b9fead146}
04-27 23:01:56.146 I/Gecko   (   84): 1398664916160	Marionette	INFO	sendToClient: {"from":"0","value":""}, {d99fc2df-4f2e-4b19-b646-ac5b8b9132a0}, {d99fc2df-4f2e-4b19-b646-ac5b8b9132a0}
04-27 23:01:56.396 I/Gecko   (   84): 1398664916410	Marionette	INFO	sendToClient: {"from":"0","value":""}, {594f8708-f9bb-412a-bbad-316d3a5bdfaa}, {594f8708-f9bb-412a-bbad-316d3a5bdfaa}
04-27 23:01:56.476 I/Gecko   (   84): 1398664916486	Marionette	INFO	sendToClient: {"from":"0","value":""}, {ace29fce-3352-4f55-8dbd-47eff7763740}, {ace29fce-3352-4f55-8dbd-47eff7763740}
04-27 23:01:56.586 I/Gecko   (   84): 1398664916595	Marionette	INFO	sendToClient: {"from":"0","value":""}, {2121b999-ab1b-4c12-9ddc-3c4baa86c94d}, {2121b999-ab1b-4c12-9ddc-3c4baa86c94d}
04-27 23:01:56.656 I/Gecko   (   84): 1398664916666	Marionette	INFO	sendToClient: {"from":"0","value":""}, {116dc305-d2c6-48f5-a1e1-6b8ebadc684c}, {116dc305-d2c6-48f5-a1e1-6b8ebadc684c}
04-27 23:01:56.766 I/Gecko   (   84): 1398664916776	Marionette	INFO	sendToClient: {"from":"0","value":""}, {5dc558f4-c56d-4505-bc19-3102fabf777d}, {5dc558f4-c56d-4505-bc19-3102fabf777d}
04-27 23:01:57.086 I/Gecko   (   84): 1398664917095	Marionette	INFO	sendToClient: {"from":"0","value":""}, {484af76c-990c-428e-9948-5466d9e382ee}, {484af76c-990c-428e-9948-5466d9e382ee}
04-27 23:01:57.336 W/WifiHW  (   84): wifi_command: SIGNAL_POLL
04-27 23:01:57.336 I/Gecko   (   84): 1398664917347	Marionette	INFO	sendToClient: {"from":"0","value":""}, {8ce72525-bd10-46df-80cc-fe222559bb79}, {8ce72525-bd10-46df-80cc-fe222559bb79}
04-27 23:01:57.376 I/Gecko   (   84): 1398664917386	Marionette	INFO	sendToClient: {"from":"0","value":""}, {59f850f2-de42-4f6b-b491-c45fcda0cbd0}, {59f850f2-de42-4f6b-b491-c45fcda0cbd0}
04-27 23:01:57.416 I/Gecko   (   84): 1398664917426	Marionette	INFO	sendToClient: {"from":"0","value":""}, {98deb765-ad72-4ad6-9a32-85d41d5ac449}, {98deb765-ad72-4ad6-9a32-85d41d5ac449}
04-27 23:01:57.436 I/Gecko   (   84): 1398664917454	Marionette	INFO	sendToClient: {"from":"0","value":""}, {072e9d03-ecf5-4c7b-a52d-e0e8db06e4fe}, {072e9d03-ecf5-4c7b-a52d-e0e8db06e4fe}
04-27 23:01:57.456 E/GeckoConsole( 1279): [JavaScript Error: "uncaught exception: target window is same as present window -- not allowed"]
04-27 23:01:57.826 I/Gecko   (   84): 1398664917835	Marionette	INFO	sendToClient: {"from":"0","value":""}, {d4952111-d340-4470-be4d-d3bdad420a86}, {d4952111-d340-4470-be4d-d3bdad420a86}
04-27 23:01:57.916 I/Gecko   (   84): 1398664917926	Marionette	INFO	sendToClient: {"from":"0","value":""}, {db077b45-3724-4dc7-a106-618ed129cf7c}, {db077b45-3724-4dc7-a106-618ed129cf7c}
04-27 23:01:58.176 I/Gecko   (   84): 1398664918185	Marionette	INFO	sendToClient: {"from":"0","value":""}, {c0db9295-4962-4691-a62f-16ee360546c5}, {c0db9295-4962-4691-a62f-16ee360546c5}
04-27 23:01:58.196 I/GeckoDump(   84): XXX FIXME : Got a mozContentEvent: undefined
04-27 23:01:58.446 I/Gecko   ( 1290): ###################################### forms.js loaded
04-27 23:01:58.546 I/Gecko   ( 1290): ############################### browserElementPanning.js loaded
04-27 23:01:58.616 I/Gecko   ( 1290): ######################## BrowserElementChildPreload.js loaded
04-27 23:01:59.476 I/Gecko   (   84): [Parent 84] WARNING: waitpid failed pid:1279 errno:10: file ../../../gecko/ipc/chromium/src/base/process_util_posix.cc, line 254
04-27 23:01:59.486 E/GeckoConsole(   84): Content JS LOG at https://marketplace.cdn.mozilla.net/media/fireplace/js/include.js?b=1398192110201:5 in s/<: [mkt] Reloading chrome
04-27 23:01:59.546 I/Gecko   (   84): 1398664919561	Marionette	INFO	sendToClient: {"from":"0","value":""}, {529c768f-88bf-40f6-88ba-f4a9e9efc610}, {529c768f-88bf-40f6-88ba-f4a9e9efc610}
04-27 23:01:59.576 I/Gecko   (   84): 1398664919584	Marionette	INFO	sendToClient: {"from":"0","value":""}, {77b4ce1b-bf0e-4aa9-a8de-7cad4843f8fe}, {77b4ce1b-bf0e-4aa9-a8de-7cad4843f8fe}
04-27 23:01:59.586 I/Gecko   (   84): 1398664919600	Marionette	INFO	sendToClient: {"from":"0","value":""}, {677d9970-db77-4ebb-bcaa-a7ce7fffe890}, {677d9970-db77-4ebb-bcaa-a7ce7fffe890}
04-27 23:01:59.616 I/Gecko   (   84): 1398664919629	Marionette	INFO	sendToClient: {"from":"0","value":""}, {f8083190-0dbc-4073-8524-8b57b615cda5}, {f8083190-0dbc-4073-8524-8b57b615cda5}
04-27 23:01:59.636 I/Gecko   (   84): 1398664919644	Marionette	INFO	sendToClient: {"from":"0","value":""}, {064bb252-a5c5-43bc-9031-2883e3f5f9e3}, {064bb252-a5c5-43bc-9031-2883e3f5f9e3}
04-27 23:01:59.646 I/Gecko   (   84): 1398664919658	Marionette	INFO	sendToClient: {"from":"0","value":""}, {22d06640-1e3b-430b-91cf-518a1bf7c75c}, {22d06640-1e3b-430b-91cf-518a1bf7c75c}
04-27 23:01:59.656 I/Gecko   (   84): 1398664919671	Marionette	INFO	sendToClient: {"from":"0","value":""}, {5586da5e-d984-48a1-8aca-9b35ead83755}, {5586da5e-d984-48a1-8aca-9b35ead83755}
04-27 23:01:59.676 I/Gecko   (   84): 1398664919687	Marionette	INFO	sendToClient: {"from":"0","value":""}, {68bc5936-b838-4680-95ec-b3fcd25cc7cb}, {68bc5936-b838-4680-95ec-b3fcd25cc7cb}
04-27 23:01:59.696 I/Gecko   (   84): 1398664919707	Marionette	DEBUG	Got request: switchToFrame, data: {"to":"0","sessionId":"3-b2g","name":"switchToFrame","parameters":{"id":null,"focus":true}}, id: {9f13d8c8-5872-49fd-9a1d-8b561c9f34e3}
04-27 23:01:59.696 I/Gecko   (   84): 1398664919710	Marionette	INFO	Switched to frame: {"frameValue":null}
04-27 23:01:59.806 I/Gecko   (   84): 1398664919815	Marionette	INFO	sendToClient: {"from":"0","ok":true}, {9f13d8c8-5872-49fd-9a1d-8b561c9f34e3}, {9f13d8c8-5872-49fd-9a1d-8b561c9f34e3}
04-27 23:01:59.806 I/Gecko   (   84): 1398664919821	Marionette	DEBUG	Got request: switchToFrame, data: {"to":"0","sessionId":"3-b2g","name":"switchToFrame","parameters":{"id":null,"focus":true}}, id: {819546af-f69f-4559-9263-b1810cdc6e47}
04-27 23:01:59.806 I/Gecko   (   84): 1398664919823	Marionette	INFO	Switched to frame: {"frameValue":null}
04-27 23:01:59.916 I/Gecko   (   84): 1398664919926	Marionette	INFO	sendToClient: {"from":"0","ok":true}, {819546af-f69f-4559-9263-b1810cdc6e47}, {819546af-f69f-4559-9263-b1810cdc6e47}
04-27 23:01:59.916 I/Gecko   (   84): 1398664919932	Marionette	DEBUG	Got request: executeWithCallback, data: {"to":"0","sessionId":"3-b2g","name":"executeAsyncScript","parameters":{"specialPowers":false,"scriptTimeout":null,"newSandbox":true,"args":[],"filename":"gaia_test.py","script":"return GaiaApps.displayedApp();","line":66}}, id: {d8f50da1-82cf-4ee9-984a-57e6fe84f5c5}
04-27 23:01:59.966 I/Gecko   (   84): 1398664919980	Marionette	INFO	sendToClient: {"from":"0","value":{"frame":{"ELEMENT":"{3f942082-075c-4be9-9f26-8857f9274a67}"},"src":"app://browser.gaiamobile.org/index.html","name":"Browser","origin":"app://browser.gaiamobile.org"}}, {d8f50da1-82cf-4ee9-984a-57e6fe84f5c5}, {d8f50da1-82cf-4ee9-984a-57e6fe84f5c5}
04-27 23:01:59.976 I/Gecko   (   84): 1398664919986	Marionette	DEBUG	Got request: switchToFrame, data: {"to":"0","sessionId":"3-b2g","name":"switchToFrame","parameters":{"focus":true,"element":"{3f942082-075c-4be9-9f26-8857f9274a67}"}}, id: {716cb38c-6929-4b9f-9296-54d15337be86}
04-27 23:01:59.976 E/GeckoConsole(   84): Content JS LOG at dummy file:392 in GaiaApps.displayedApp: app with origin 'app://browser.gaiamobile.org' is displayed
04-27 23:01:59.986 I/Gecko   (   84): 1398664919996	Marionette	INFO	Switched to frame: {"frameValue":"{3f942082-075c-4be9-9f26-8857f9274a67}"}
04-27 23:02:00.086 I/Gecko   (   84): 1398664920099	Marionette	INFO	sendToClient: {"from":"0","ok":true}, {716cb38c-6929-4b9f-9296-54d15337be86}, {716cb38c-6929-4b9f-9296-54d15337be86}
04-27 23:02:00.106 I/Gecko   (   84): 1398664920122	Marionette	INFO	sendToClient: {"from":"0","value":"https://marketplace.firefox.com/"}, {6aed5ecd-c27a-4b23-a48e-2527ceb4ce44}, {6aed5ecd-c27a-4b23-a48e-2527ceb4ce44}
04-27 23:02:00.116 I/Gecko   (   84): 1398664920129	Marionette	DEBUG	Got request: execute, data: {"to":"0","sessionId":"3-b2g","name":"executeScript","parameters":{"specialPowers":false,"scriptTimeout":null,"newSandbox":true,"args":[],"filename":"app_checker.py","script":"return window.wrappedJSObject.marionette_install_result","line":339}}, id: {a31a4e5d-5014-491f-b9d5-9b3affdad3f4}
04-27 23:02:00.136 I/Gecko   (   84): 1398664920149	Marionette	INFO	sendToClient: {"from":"0","value":"MANIFEST_URL_ERROR"}, {a31a4e5d-5014-491f-b9d5-9b3affdad3f4}, {a31a4e5d-5014-491f-b9d5-9b3affdad3f4}