--------- beginning of /dev/log/main
04-27 13:32:14.956 V/AudioPolicyManagerBase(   89): startOutput() output 1, stream 1, session 3
04-27 13:32:14.956 V/AudioPolicyManagerBase(   89): changeRefCount() stream 1, count 1
04-27 13:32:14.956 V/AudioPolicyManagerBase(   89): getDeviceForStrategy() from cache strategy 0, device 2
04-27 13:32:14.956 V/AudioPolicyManagerBase(   89): getNewDevice() selected device 2
04-27 13:32:14.956 D/AudioPolicyManagerBase(   89): setOutputDevice() output 1 device 2 delayMs 0
04-27 13:32:14.956 V/AudioPolicyManagerBase(   89): setOutputDevice() setting same device 2 or null device for output 1
04-27 13:32:14.956 E/AudioPolicyManagerBase(   89): checkAndSetVolume stream=1, index=0, output=1, device=2
04-27 13:32:14.956 E/AudioPolicyManagerBase(   89): computeVolume, streamDesc=0x132fbb8
04-27 13:32:15.006 W/AudioFlinger(   89): Thread AudioOut_1 cannot connect to the power manager service
04-27 13:32:15.006 V/AudioPolicyManagerBase(   89): stopOutput() output 1, stream 1, session 3
04-27 13:32:15.006 V/AudioPolicyManagerBase(   89): changeRefCount() stream 1, count 0
04-27 13:32:15.006 V/AudioPolicyManagerBase(   89): getNewDevice() selected device 0
04-27 13:32:15.006 D/AudioPolicyManagerBase(   89): setOutputDevice() output 1 device 0 delayMs 290
04-27 13:32:15.006 V/AudioPolicyManagerBase(   89): setOutputDevice() setting same device 0 or null device for output 1
04-27 13:32:15.046 V/AudioPolicyManagerBase(   89): startOutput() output 1, stream 1, session 3
04-27 13:32:15.046 V/AudioPolicyManagerBase(   89): changeRefCount() stream 1, count 1
04-27 13:32:15.046 V/AudioPolicyManagerBase(   89): getDeviceForStrategy() from cache strategy 0, device 2
04-27 13:32:15.046 V/AudioPolicyManagerBase(   89): getNewDevice() selected device 2
04-27 13:32:15.046 D/AudioPolicyManagerBase(   89): setOutputDevice() output 1 device 2 delayMs 0
04-27 13:32:15.046 V/AudioPolicyManagerBase(   89): setOutputDevice() setting same device 2 or null device for output 1
04-27 13:32:15.046 E/AudioPolicyManagerBase(   89): checkAndSetVolume stream=1, index=0, output=1, device=2
04-27 13:32:15.046 E/AudioPolicyManagerBase(   89): computeVolume, streamDesc=0x132fbb8
04-27 13:32:15.046 V/AudioPolicyManagerBase(   89): stopOutput() output 1, stream 1, session 3
04-27 13:32:15.046 V/AudioPolicyManagerBase(   89): changeRefCount() stream 1, count 0
04-27 13:32:15.046 V/AudioPolicyManagerBase(   89): getNewDevice() selected device 0
04-27 13:32:15.046 D/AudioPolicyManagerBase(   89): setOutputDevice() output 1 device 0 delayMs 290
04-27 13:32:15.046 V/AudioPolicyManagerBase(   89): setOutputDevice() setting same device 0 or null device for output 1
04-27 13:32:15.066 V/AudioPolicyManagerBase(   89): releaseOutput() 1
04-27 13:32:15.376 I/Gecko   (   84): 1398630735389	Marionette	INFO	sendToClient: {"from":"0","ok":true}, {14d0a1a2-14c1-4ca7-99d3-6529df602f46}, {14d0a1a2-14c1-4ca7-99d3-6529df602f46}
04-27 13:32:15.416 I/Gecko   (   84): 1398630735435	Marionette	DEBUG	Got request: switchToFrame, data: {"to":"0","sessionId":"3-b2g","name":"switchToFrame","parameters":{"id":null,"focus":true}}, id: {3b559a75-5789-4cbc-9728-baf3ac087989}
04-27 13:32:15.426 I/Gecko   (   84): 1398630735437	Marionette	INFO	Switched to frame: {"frameValue":null}
04-27 13:32:15.666 I/Gecko   (   84): 1398630735677	Marionette	INFO	sendToClient: {"from":"0","ok":true}, {3b559a75-5789-4cbc-9728-baf3ac087989}, {3b559a75-5789-4cbc-9728-baf3ac087989}
04-27 13:32:15.666 I/Gecko   (   84): 1398630735683	Marionette	DEBUG	Got request: executeWithCallback, data: {"to":"0","sessionId":"3-b2g","name":"executeAsyncScript","parameters":{"specialPowers":false,"scriptTimeout":null,"newSandbox":true,"args":[],"filename":"gaia_test.py","script":"return GaiaApps.displayedApp();","line":66}}, id: {456c18fe-0c3a-4abe-8866-6455154f942b}
04-27 13:32:15.796 E/GeckoConsole(   84): Content JS LOG at dummy file:392 in GaiaApps.displayedApp: app with origin 'app://homescreen.gaiamobile.org' is displayed
04-27 13:32:15.796 I/Gecko   (   84): 1398630735816	Marionette	INFO	sendToClient: {"from":"0","value":{"frame":{"ELEMENT":"{39b1820a-5904-41b9-b83a-4908ff4c46e7}"},"src":"app://homescreen.gaiamobile.org/index.html#root","name":"Homescreen","origin":"app://homescreen.gaiamobile.org"}}, {456c18fe-0c3a-4abe-8866-6455154f942b}, {456c18fe-0c3a-4abe-8866-6455154f942b}
04-27 13:32:15.806 I/Gecko   (   84): 1398630735822	Marionette	DEBUG	Got request: switchToFrame, data: {"to":"0","sessionId":"3-b2g","name":"switchToFrame","parameters":{"id":null,"focus":true}}, id: {b14716b5-b3ba-4e50-8311-0313988e17bd}
04-27 13:32:15.806 I/Gecko   (   84): 1398630735823	Marionette	INFO	Switched to frame: {"frameValue":null}
04-27 13:32:15.916 I/Gecko   (   84): 1398630735926	Marionette	INFO	sendToClient: {"from":"0","ok":true}, {b14716b5-b3ba-4e50-8311-0313988e17bd}, {b14716b5-b3ba-4e50-8311-0313988e17bd}
04-27 13:32:15.916 I/Gecko   (   84): 1398630735932	Marionette	DEBUG	Got request: switchToFrame, data: {"to":"0","sessionId":"3-b2g","name":"switchToFrame","parameters":{"id":null,"focus":true}}, id: {afc0f7bb-6b11-4515-b048-7ea5a07dc848}
04-27 13:32:15.916 I/Gecko   (   84): 1398630735934	Marionette	INFO	Switched to frame: {"frameValue":null}
04-27 13:32:16.026 I/Gecko   (   84): 1398630736038	Marionette	INFO	sendToClient: {"from":"0","ok":true}, {afc0f7bb-6b11-4515-b048-7ea5a07dc848}, {afc0f7bb-6b11-4515-b048-7ea5a07dc848}
04-27 13:32:16.026 I/Gecko   (   84): 1398630736044	Marionette	DEBUG	Got request: executeWithCallback, data: {"to":"0","sessionId":"3-b2g","name":"executeAsyncScript","parameters":{"specialPowers":false,"scriptTimeout":null,"newSandbox":true,"args":[],"filename":"gaia_test.py","script":"return GaiaApps.displayedApp();","line":66}}, id: {c4e77fac-9fd9-4950-97dd-45faf1dc8c8d}
04-27 13:32:16.116 E/GeckoConsole(   84): Content JS LOG at dummy file:392 in GaiaApps.displayedApp: app with origin 'app://homescreen.gaiamobile.org' is displayed
04-27 13:32:16.126 I/Gecko   (   84): 1398630736137	Marionette	INFO	sendToClient: {"from":"0","value":{"frame":{"ELEMENT":"{39b1820a-5904-41b9-b83a-4908ff4c46e7}"},"src":"app://homescreen.gaiamobile.org/index.html#root","name":"Homescreen","origin":"app://homescreen.gaiamobile.org"}}, {c4e77fac-9fd9-4950-97dd-45faf1dc8c8d}, {c4e77fac-9fd9-4950-97dd-45faf1dc8c8d}
04-27 13:32:16.136 I/Gecko   (   84): 1398630736149	Marionette	DEBUG	Got request: switchToFrame, data: {"to":"0","sessionId":"3-b2g","name":"switchToFrame","parameters":{"focus":true,"element":"{39b1820a-5904-41b9-b83a-4908ff4c46e7}"}}, id: {291d45a2-6f2c-4769-8055-61ebfa8a8cac}
04-27 13:32:16.166 I/Gecko   (   84): 1398630736181	Marionette	INFO	Switched to frame: {"frameValue":"{39b1820a-5904-41b9-b83a-4908ff4c46e7}"}
04-27 13:32:16.186 I/Gecko   (   84): 1398630736205	Marionette	INFO	trying remote frame 0
04-27 13:32:16.196 I/Gecko   (   84): 1398630736207	Marionette	INFO	trying remote frame 1
04-27 13:32:16.196 I/Gecko   (   84): 1398630736208	Marionette	INFO	deleting frame
04-27 13:32:16.196 I/Gecko   (   84): 1398630736213	Marionette	INFO	frame-manager load script: [object ChromeMessageSender]
04-27 13:32:16.286 E/GeckoConsole( 1356): Content JS ERROR at app://homescreen.gaiamobile.org/gaia_build_defer_index.js:390 in loadSVConfFileError: Failed parsing singleVariant configuration file [js/singlevariantconf.json]:  [Exception... "File error: Not found"  nsresult: "0x80520012 (NS_ERROR_FILE_NOT_FOUND)"  location: "JS frame :: app://homescreen.gaiamobile.org/gaia_build_defer_index.js :: loadFile :: line 382"  data: no]
04-27 13:32:16.536 I/Gecko   (   84): 1398630736551	Marionette	INFO	sendToClient: {"from":"0","ok":true}, {291d45a2-6f2c-4769-8055-61ebfa8a8cac}, {291d45a2-6f2c-4769-8055-61ebfa8a8cac}
04-27 13:32:16.626 I/Gecko   (   84): 1398630736642	Marionette	INFO	sendToClient: {"from":"0","value":{"ELEMENT":"{03cbdf22-564e-4458-b194-7e57a471b2db}"}}, {5e48348b-9243-4b3c-a276-616f2189d6ea}, {5e48348b-9243-4b3c-a276-616f2189d6ea}
04-27 13:32:16.766 E/GeckoConsole( 1356): [JavaScript Warning: "Use of getAttributeNode() is deprecated. Use getAttribute() instead." {file: "chrome://marionette/content/atoms.js" line: 25}]
04-27 13:32:16.776 E/GeckoConsole( 1356): [JavaScript Warning: "Use of attributes' specified attribute is deprecated. It always returns true." {file: "chrome://marionette/content/atoms.js" line: 25}]
04-27 13:32:16.776 I/Gecko   (   84): 1398630736794	Marionette	INFO	sendToClient: {"from":"0","value":"normal"}, {4844bf3b-78b7-45d5-8feb-20ab7f55df8d}, {4844bf3b-78b7-45d5-8feb-20ab7f55df8d}
04-27 13:32:16.786 I/Gecko   (   84): 1398630736800	Marionette	DEBUG	Got request: switchToFrame, data: {"to":"0","sessionId":"3-b2g","name":"switchToFrame","parameters":{"id":null,"focus":true}}, id: {e3331eb3-e95f-4876-a4bb-59cead53e0ce}
04-27 13:32:16.806 I/Gecko   (   84): 1398630736818	Marionette	INFO	Switched to frame: {"frameValue":null}
04-27 13:32:16.916 I/Gecko   (   84): 1398630736929	Marionette	INFO	sendToClient: {"from":"0","ok":true}, {e3331eb3-e95f-4876-a4bb-59cead53e0ce}, {e3331eb3-e95f-4876-a4bb-59cead53e0ce}
04-27 13:32:16.926 I/Gecko   (   84): 1398630736937	Marionette	DEBUG	Got request: execute, data: {"to":"0","sessionId":"3-b2g","name":"executeScript","parameters":{"specialPowers":false,"scriptTimeout":null,"newSandbox":true,"args":[],"filename":"gaia_test.py","script":"window.wrappedJSObject.dispatchEvent(new Event('home'));","line":788}}, id: {009cd1e1-6413-4afa-9485-5b3f134c2236}
04-27 13:32:17.006 I/Gecko   (   84): 1398630737017	Marionette	INFO	sendToClient: {"from":"0","value":null}, {009cd1e1-6413-4afa-9485-5b3f134c2236}, {009cd1e1-6413-4afa-9485-5b3f134c2236}
04-27 13:32:17.006 I/Gecko   (   84): 1398630737025	Marionette	DEBUG	Got request: switchToFrame, data: {"to":"0","sessionId":"3-b2g","name":"switchToFrame","parameters":{"id":null,"focus":true}}, id: {9b00dfb5-f702-4cf2-906c-4000fa278eab}
04-27 13:32:17.016 I/Gecko   (   84): 1398630737031	Marionette	INFO	Switched to frame: {"frameValue":null}
04-27 13:32:17.116 I/Gecko   (   84): 1398630737135	Marionette	INFO	sendToClient: {"from":"0","ok":true}, {9b00dfb5-f702-4cf2-906c-4000fa278eab}, {9b00dfb5-f702-4cf2-906c-4000fa278eab}
04-27 13:32:17.136 I/Gecko   (   84): 1398630737153	Marionette	DEBUG	Got request: switchToFrame, data: {"to":"0","sessionId":"3-b2g","name":"switchToFrame","parameters":{"id":null,"focus":true}}, id: {29f0504b-5cde-44d2-8b3d-199812b48195}
04-27 13:32:17.136 I/Gecko   (   84): 1398630737155	Marionette	INFO	Switched to frame: {"frameValue":null}
04-27 13:32:17.266 I/Gecko   (   84): 1398630737276	Marionette	INFO	sendToClient: {"from":"0","ok":true}, {29f0504b-5cde-44d2-8b3d-199812b48195}, {29f0504b-5cde-44d2-8b3d-199812b48195}
04-27 13:32:17.266 I/Gecko   (   84): 1398630737283	Marionette	DEBUG	Got request: executeWithCallback, data: {"to":"0","sessionId":"3-b2g","name":"executeAsyncScript","parameters":{"specialPowers":false,"scriptTimeout":null,"newSandbox":true,"args":[],"filename":"gaia_test.py","script":"return GaiaApps.displayedApp();","line":66}}, id: {32660c8e-5574-404b-9453-ad48a2b2e42e}
04-27 13:32:17.336 I/Gecko   (   84): 1398630737350	Marionette	INFO	sendToClient: {"from":"0","value":{"frame":{"ELEMENT":"{39b1820a-5904-41b9-b83a-4908ff4c46e7}"},"src":"app://homescreen.gaiamobile.org/index.html#rootSun%20Apr%2027%202014%2013:32:17%20GMT-0700%20(UTC)","name":"Homescreen","origin":"app://homescreen.gaiamobile.org"}}, {32660c8e-5574-404b-9453-ad48a2b2e42e}, {32660c8e-5574-404b-9453-ad48a2b2e42e}
04-27 13:32:17.346 E/GeckoConsole(   84): Content JS LOG at dummy file:392 in GaiaApps.displayedApp: app with origin 'app://homescreen.gaiamobile.org' is displayed
04-27 13:32:17.346 I/Gecko   (   84): 1398630737363	Marionette	DEBUG	Got request: switchToFrame, data: {"to":"0","sessionId":"3-b2g","name":"switchToFrame","parameters":{"focus":true,"element":"{39b1820a-5904-41b9-b83a-4908ff4c46e7}"}}, id: {5702a557-20dd-4396-bfd0-a598c6f408df}
04-27 13:32:17.366 I/Gecko   (   84): 1398630737379	Marionette	INFO	Switched to frame: {"frameValue":"{39b1820a-5904-41b9-b83a-4908ff4c46e7}"}
04-27 13:32:17.366 I/Gecko   (   84): 1398630737381	Marionette	INFO	trying remote frame 0
04-27 13:32:17.366 I/Gecko   (   84): 1398630737382	Marionette	INFO	trying remote frame 1
04-27 13:32:17.586 I/Gecko   (   84): 1398630737604	Marionette	INFO	sendToClient: {"from":"0","ok":true}, {5702a557-20dd-4396-bfd0-a598c6f408df}, {5702a557-20dd-4396-bfd0-a598c6f408df}
04-27 13:32:17.596 I/Gecko   (   84): 1398630737610	Marionette	DEBUG	Got request: execute, data: {"to":"0","sessionId":"3-b2g","name":"executeScript","parameters":{"specialPowers":false,"scriptTimeout":null,"newSandbox":true,"args":[],"filename":"gaia_test.py","script":"return window.wrappedJSObject.GridManager.pageHelper.getCurrentPageNumber();","line":784}}, id: {b8507868-7a27-4665-b94d-8c67b45e09c2}
04-27 13:32:17.806 I/Gecko   (   84): 1398630737818	Marionette	INFO	sendToClient: {"from":"0","value":0}, {b8507868-7a27-4665-b94d-8c67b45e09c2}, {b8507868-7a27-4665-b94d-8c67b45e09c2}
04-27 13:32:18.146 I/Gecko   (   84): 1398630738156	Marionette	INFO	sendToClient: {"from":"0","value":["{38d60b06-f47a-4edd-8a1d-9475b0d96511}","{5f8ccd80-4695-4721-8f3c-8f40912d6b8c}","{d7a47fde-c21e-487d-92e9-949fa152ee4e}","{3840623d-fe3f-46fb-b6d7-ab0166b326d4}","{82acf198-fa36-406f-b56d-a999d2d10098}","{c2394efb-4db6-41a4-98dd-60ab5967a30a}","{57db3715-fe1d-4f8c-81df-e45c4a0de41f}","{826d6f87-e0e5-4cef-b4bc-2952e1609e7e}","{19a06299-0f09-4894-a2f1-57aa6f4ece48}","{62231848-ced5-46c4-9a1f-22007ec5460d}","{f5671af7-23ae-4ec0-bd24-1c1ed98b0438}","{ad44cf47-410c-49f9-a34b-a725897acb80}","{f0e45874-2f45-463a-a868-3b3e97b0f1ff}","{8fc9769c-8d08-447a-9089-5076097e0fbe}","{222d172b-e3e9-4fa1-93af-9dc8ff046043}","{21a74820-0b3c-464e-a1bc-326330773384}","{3a792133-a49a-4d94-872f-5b9354f2c796}","{abd6b98d-96e5-4e0c-b29f-0e8d6e62d097}","{772664d0-8319-4ac5-9628-f4ba3d0bd953}","{241e9674-2008-44b6-b800-643245836572}","{7dd4adc7-5077-4821-ba13-4e3a750a1fc2}","{dd795ccf-72e3-45d7-a8f0-9148ccbe3b8f}","{e06c36f7-d37d-4a41-b30d-d1550ce61e46}","{7a6cf770-a72d
04-27 13:32:19.406 I/Gecko   (   84): 1398630739420	Marionette	INFO	sendToClient: {"from":"0","value":"app://homescreen.gaiamobile.org/index.html#rootSun%20Apr%2027%202014%2013:32:17%20GMT-0700%20(UTC)"}, {1632f7a1-12e5-4e03-9a02-65b5534febd6}, {1632f7a1-12e5-4e03-9a02-65b5534febd6}
04-27 13:32:19.446 W/WifiHW  (   84): wifi_command: SIGNAL_POLL
04-27 13:32:19.456 I/Gecko   (   84): 1398630739472	Marionette	DEBUG	Got request: switchToFrame, data: {"to":"0","sessionId":"3-b2g","name":"switchToFrame","parameters":{"id":null,"focus":true}}, id: {27b9e2c4-34c6-4f7a-9f36-54c9be22939b}
04-27 13:32:19.566 I/Gecko   (   84): 1398630739580	Marionette	INFO	Switched to frame: {"frameValue":null}
04-27 13:32:19.736 I/Gecko   (   84): 1398630739753	Marionette	INFO	sendToClient: {"from":"0","ok":true}, {27b9e2c4-34c6-4f7a-9f36-54c9be22939b}, {27b9e2c4-34c6-4f7a-9f36-54c9be22939b}
04-27 13:32:19.756 I/Gecko   (   84): 1398630739770	Marionette	DEBUG	Got request: switchToFrame, data: {"to":"0","sessionId":"3-b2g","name":"switchToFrame","parameters":{"id":null,"focus":true}}, id: {d6079a15-95c1-4e97-8a3a-061c07685dac}
04-27 13:32:19.766 I/Gecko   (   84): 1398630739778	Marionette	INFO	Switched to frame: {"frameValue":null}
04-27 13:32:19.876 I/Gecko   (   84): 1398630739888	Marionette	INFO	sendToClient: {"from":"0","ok":true}, {d6079a15-95c1-4e97-8a3a-061c07685dac}, {d6079a15-95c1-4e97-8a3a-061c07685dac}
04-27 13:32:19.876 I/Gecko   (   84): 1398630739894	Marionette	DEBUG	Got request: executeWithCallback, data: {"to":"0","sessionId":"3-b2g","name":"executeAsyncScript","parameters":{"specialPowers":false,"scriptTimeout":30000,"newSandbox":true,"args":[],"filename":"app_checker.py","script":"GaiaApps.launchWithManifestURL('https://marketplace.firefox.com/app/1458be3f-f662-4de1-9250-a386f0b8c933/manifest.webapp')","line":106}}, id: {c6898526-4758-44fa-bb2c-d05d5cf7098c}
04-27 13:32:20.176 I/Gonk    (   84): Setting nice for pid 1368 to 18
04-27 13:32:20.176 I/Gonk    (   84): Changed nice for pid 1368 from 0 to 18.
04-27 13:32:20.176 I/Gecko   (   84): [Parent 84] WARNING: waitpid failed pid:1368 errno:10: file ../../../gecko/ipc/chromium/src/base/process_util_posix.cc, line 254
04-27 13:32:20.216 I/Gonk    (   84): Setting nice for pid 1368 to 1
04-27 13:32:20.226 I/Gonk    (   84): Changed nice for pid 1368 from 18 to 1.
04-27 13:32:20.246 E/GeckoConsole(   84): Content JS LOG at dummy file:334 in GaiaApps.launch: launching app with name 'Kural Medicine'
04-27 13:32:20.766 E/[Gralloc-ERROR](   84): int gralloc_register_buffer(const gralloc_module_t*, const native_handle_t*):79 Unable to register handle 0x4a11cb00 coming from different process: 84
04-27 13:32:20.836 E/[Gralloc-ERROR](   84): int gralloc_register_buffer(const gralloc_module_t*, const native_handle_t*):79 Unable to register handle 0x4a11cbf0 coming from different process: 84
04-27 13:32:20.856 E/[Gralloc-ERROR](   84): int gralloc_register_buffer(const gralloc_module_t*, const native_handle_t*):79 Unable to register handle 0x4a11cf10 coming from different process: 84
04-27 13:32:20.856 E/[Gralloc-ERROR](   84): int gralloc_register_buffer(const gralloc_module_t*, const native_handle_t*):79 Unable to register handle 0x4a19e0b0 coming from different process: 84
04-27 13:32:21.146 D/Sensors (   84): activate handle=0; drv=0
04-27 13:32:21.176 D/Sensors (   84): Lis3dhSensor: Control set 1
04-27 13:32:21.176 D/Sensors (   84): Lis3dhSensor: mEnabled = 1
04-27 13:32:21.266 I/Gonk    (   84): Setting nice for pid 1356 to 18
04-27 13:32:21.266 I/Gonk    (   84): Changed nice for pid 1356 from 1 to 18.
04-27 13:32:23.106 E/GeckoConsole( 1368): [JavaScript Warning: "Expected declaration but found '/'.  Skipped to next declaration." {file: "app://{c410ae95-19b9-4cd6-817b-1359578e2d31}/index.html" line: 93 column: 0 source: "//height:100%;"}]
04-27 13:32:23.126 E/GeckoConsole( 1368): [JavaScript Warning: "Unknown property 'align'.  Declaration dropped." {file: "app://{c410ae95-19b9-4cd6-817b-1359578e2d31}/index.html" line: 0 column: 5 source: "align:justify;background-color:#c0e6bc;"}]
04-27 13:32:23.226 E/GeckoConsole( 1368): [JavaScript Warning: "Unknown property 'box-sizing'.  Declaration dropped." {file: "app://{c410ae95-19b9-4cd6-817b-1359578e2d31}/util.css" line: 36 column: 12 source: "  box-sizing: border-box;"}]
04-27 13:32:23.236 E/GeckoConsole( 1368): [JavaScript Warning: "Unknown property 'box-sizing'.  Declaration dropped." {file: "app://{c410ae95-19b9-4cd6-817b-1359578e2d31}/cross_browser.css" line: 19 column: 12 source: "  box-sizing: border-box;"}]
04-27 13:32:23.236 E/GeckoConsole( 1368): [JavaScript Warning: "Unknown property 'box-sizing'.  Declaration dropped." {file: "app://{c410ae95-19b9-4cd6-817b-1359578e2d31}/cross_browser.css" line: 27 column: 12 source: "  box-sizing: border-box;"}]
04-27 13:32:23.236 E/GeckoConsole( 1368): [JavaScript Warning: "Unknown property 'box-sizing'.  Declaration dropped." {file: "app://{c410ae95-19b9-4cd6-817b-1359578e2d31}/cross_browser.css" line: 40 column: 12 source: "  box-sizing: border-box;"}]
04-27 13:32:23.236 E/GeckoConsole( 1368): [JavaScript Warning: "Unknown property 'box-sizing'.  Declaration dropped." {file: "app://{c410ae95-19b9-4cd6-817b-1359578e2d31}/cross_browser.css" line: 64 column: 12 source: "  box-sizing: border-box;"}]
04-27 13:32:23.236 E/GeckoConsole( 1368): [JavaScript Warning: "Unknown property 'box-sizing'.  Declaration dropped." {file: "app://{c410ae95-19b9-4cd6-817b-1359578e2d31}/cross_browser.css" line: 70 column: 12 source: "  box-sizing: border-box;"}]
04-27 13:32:23.236 E/GeckoConsole( 1368): [JavaScript Warning: "Unknown property 'box-sizing'.  Declaration dropped." {file: "app://{c410ae95-19b9-4cd6-817b-1359578e2d31}/cross_browser.css" line: 77 column: 12 source: "  box-sizing: border-box;"}]
04-27 13:32:23.236 E/GeckoConsole( 1368): [JavaScript Warning: "Unknown property 'box-sizing'.  Declaration dropped." {file: "app://{c410ae95-19b9-4cd6-817b-1359578e2d31}/cross_browser.css" line: 100 column: 12 source: "  box-sizing: border-box;"}]
04-27 13:32:23.236 E/GeckoConsole( 1368): [JavaScript Warning: "Unknown property 'box-sizing'.  Declaration dropped." {file: "app://{c410ae95-19b9-4cd6-817b-1359578e2d31}/cross_browser.css" line: 109 column: 12 source: "  box-sizing: border-box;"}]
04-27 13:32:23.236 E/GeckoConsole( 1368): [JavaScript Warning: "Unknown property 'box-sizing'.  Declaration dropped." {file: "app://{c410ae95-19b9-4cd6-817b-1359578e2d31}/cross_browser.css" line: 114 column: 12 source: "  box-sizing: border-box;"}]
04-27 13:32:23.236 E/GeckoConsole( 1368): [JavaScript Warning: "Unknown property 'box-sizing'.  Declaration dropped." {file: "app://{c410ae95-19b9-4cd6-817b-1359578e2d31}/cross_browser.css" line: 150 column: 12 source: "  box-sizing: border-box;"}]
04-27 13:32:23.236 E/GeckoConsole( 1368): [JavaScript Warning: "Unknown property 'box-sizing'.  Declaration dropped." {file: "app://{c410ae95-19b9-4cd6-817b-1359578e2d31}/cross_browser.css" line: 171 column: 12 source: "  box-sizing: border-box;"}]
04-27 13:32:23.236 E/GeckoConsole( 1368): [JavaScript Warning: "Unknown pseudo-class or pseudo-element '-webkit-progress-bar'.  Ruleset ignored due to bad selector." {file: "app://{c410ae95-19b9-4cd6-817b-1359578e2d31}/cross_browser.css" line: 184 column: 23 source: "progress:not([value])::-webkit-progress-bar {"}]
04-27 13:32:23.236 E/GeckoConsole( 1368): [JavaScript Warning: "Unknown pseudo-class or pseudo-element '-webkit-progress-bar'.  Ruleset ignored due to bad selector." {file: "app://{c410ae95-19b9-4cd6-817b-1359578e2d31}/cross_browser.css" line: 188 column: 17 source: "progress[value]::-webkit-progress-bar {"}]
04-27 13:32:23.236 E/GeckoConsole( 1368): [JavaScript Warning: "Unknown pseudo-class or pseudo-element '-webkit-progress-value'.  Ruleset ignored due to bad selector." {file: "app://{c410ae95-19b9-4cd6-817b-1359578e2d31}/cross_browser.css" line: 192 column: 17 source: "progress[value]::-webkit-progress-value {"}]
04-27 13:32:23.236 E/GeckoConsole( 1368): [JavaScript Warning: "Unknown pseudo-class or pseudo-element '-webkit-progress-bar'.  Ruleset ignored due to bad selector." {file: "app://{c410ae95-19b9-4cd6-817b-1359578e2d31}/cross_browser.css" line: 196 column: 31 source: "progress[value].pack-activity::-webkit-progress-bar {"}]
04-27 13:32:23.236 E/GeckoConsole( 1368): [JavaScript Warning: "Unknown pseudo-class or pseudo-element '-webkit-progress-bar'.  Ruleset ignored due to bad selector." {file: "app://{c410ae95-19b9-4cd6-817b-1359578e2d31}/cross_browser.css" line: 201 column: 37 source: "progress[value].pack-activity.light::-webkit-progress-bar {"}]
04-27 13:32:23.236 E/GeckoConsole( 1368): [JavaScript Warning: "Unknown pseudo-class or pseudo-element '-webkit-progress-value'.  Ruleset ignored due to bad selector." {file: "app://{c410ae95-19b9-4cd6-817b-1359578e2d31}/cross_browser.css" line: 220 column: 29 source: "div[role="slider"] progress::-webkit-progress-value {"}]
04-27 13:32:23.236 E/GeckoConsole( 1368): [JavaScript Warning: "Unknown property 'box-sizing'.  Declaration dropped." {file: "app://{c410ae95-19b9-4cd6-817b-1359578e2d31}/cross_browser.css" line: 259 column: 12 source: "  box-sizing: border-box;"}]
04-27 13:32:23.316 I/Gecko   (   84): [Parent 84] WARNING: pipe error (140): Connection reset by peer: file ../../../gecko/ipc/chromium/src/chrome/common/ipc_channel_posix.cc, line 446
04-27 13:32:23.316 I/Gecko   (   84): 
04-27 13:32:23.316 I/Gecko   (   84): ###!!! [Parent][MessageChannel] Error: Channel error: cannot send/recv
04-27 13:32:23.316 I/Gecko   (   84): 
04-27 13:32:23.486 I/GeckoDump(   84): Crash reporter : Can't fetch app.reportCrashes. Exception: [Exception... "Component returned failure code: 0x8000ffff (NS_ERROR_UNEXPECTED) [nsIPrefBranch.getBoolPref]"  nsresult: "0x8000ffff (NS_ERROR_UNEXPECTED)"  location: "JS frame :: chrome://browser/content/shell.js :: shell_reportCrash :: line 7"  data: no]
04-27 13:32:23.616 I/Gecko   (   84): [Parent 84] WARNING: waitpid failed pid:1356 errno:10: file ../../../gecko/ipc/chromium/src/base/process_util_posix.cc, line 254
04-27 13:32:23.706 E/GeckoConsole( 1368): [JavaScript Error: "downloadable font: download failed (font-family: "FiraSans" style:normal weight:normal stretch:normal src index:1): status=2152857618
04-27 13:32:23.706 E/GeckoConsole( 1368): source: app://{c410ae95-19b9-4cd6-817b-1359578e2d31}/fonts/FiraSans/FiraSans-Regular.woff" {file: "app://{c410ae95-19b9-4cd6-817b-1359578e2d31}/fonts.css" line: 0 column: 0 source: "@font-face {
04-27 13:32:23.706 E/GeckoConsole( 1368):   font-family: "FiraSans";
04-27 13:32:23.706 E/GeckoConsole( 1368):   font-style: normal;
04-27 13:32:23.706 E/GeckoConsole( 1368):   font-weight: normal;
04-27 13:32:23.706 E/GeckoConsole( 1368):   src: url("fonts/FiraSans/FiraSans-Regular.eot?#iefix") format("embedded-opentype"), url("fonts/FiraSans/FiraSans-Regular.woff") format("woff"), url("fonts/FiraSans/FiraSans-Regular.ttf") format("truetype");
04-27 13:32:23.706 E/GeckoConsole( 1368): }"}]
04-27 13:32:23.726 E/GeckoConsole( 1368): [JavaScript Error: "downloadable font: download failed (font-family: "FiraSans" style:normal weight:normal stretch:normal src index:2): status=2152857618
04-27 13:32:23.726 E/GeckoConsole( 1368): source: app://{c410ae95-19b9-4cd6-817b-1359578e2d31}/fonts/FiraSans/FiraSans-Regular.ttf" {file: "app://{c410ae95-19b9-4cd6-817b-1359578e2d31}/fonts.css" line: 0 column: 0 source: "@font-face {
04-27 13:32:23.726 E/GeckoConsole( 1368):   font-family: "FiraSans";
04-27 13:32:23.726 E/GeckoConsole( 1368):   font-style: normal;
04-27 13:32:23.726 E/GeckoConsole( 1368):   font-weight: normal;
04-27 13:32:23.726 E/GeckoConsole( 1368):   src: url("fonts/FiraSans/FiraSans-Regular.eot?#iefix") format("embedded-opentype"), url("fonts/FiraSans/FiraSans-Regular.woff") format("woff"), url("fonts/FiraSans/FiraSans-Regular.ttf") format("truetype");
04-27 13:32:23.726 E/GeckoConsole( 1368): }"}]
04-27 13:32:23.736 E/GeckoConsole( 1368): [JavaScript Warning: "downloadable font: no supported format found (font-family: "FiraSans" style:normal weight:normal stretch:normal src index:3)
04-27 13:32:23.736 E/GeckoConsole( 1368): source: (end of source list)" {file: "app://{c410ae95-19b9-4cd6-817b-1359578e2d31}/fonts.css" line: 0 column: 0 source: "@font-face {
04-27 13:32:23.736 E/GeckoConsole( 1368):   font-family: "FiraSans";
04-27 13:32:23.736 E/GeckoConsole( 1368):   font-style: normal;
04-27 13:32:23.736 E/GeckoConsole( 1368):   font-weight: normal;
04-27 13:32:23.736 E/GeckoConsole( 1368):   src: url("fonts/FiraSans/FiraSans-Regular.eot?#iefix") format("embedded-opentype"), url("fonts/FiraSans/FiraSans-Regular.woff") format("woff"), url("fonts/FiraSans/FiraSans-Regular.ttf") format("truetype");
04-27 13:32:23.736 E/GeckoConsole( 1368): }"}]
04-27 13:32:23.936 E/GeckoConsole( 1368): [JavaScript Error: "downloadable font: download failed (font-family: "FiraSans" style:normal weight:bold stretch:normal src index:1): status=2152857618
04-27 13:32:23.936 E/GeckoConsole( 1368): source: app://{c410ae95-19b9-4cd6-817b-1359578e2d31}/fonts/FiraSans/FiraSans-Bold.woff" {file: "app://{c410ae95-19b9-4cd6-817b-1359578e2d31}/fonts.css" line: 0 column: 0 source: "@font-face {
04-27 13:32:23.936 E/GeckoConsole( 1368):   font-family: "FiraSans";
04-27 13:32:23.936 E/GeckoConsole( 1368):   font-style: normal;
04-27 13:32:23.936 E/GeckoConsole( 1368):   font-weight: bold;
04-27 13:32:23.936 E/GeckoConsole( 1368):   src: url("fonts/FiraSans/FiraSans-Bold.eot?#iefix") format("embedded-opentype"), url("fonts/FiraSans/FiraSans-Bold.woff") format("woff"), url("fonts/FiraSans/FiraSans-Bold.ttf") format("truetype");
04-27 13:32:23.936 E/GeckoConsole( 1368): }"}]
04-27 13:32:23.936 E/GeckoConsole( 1368): [JavaScript Error: "downloadable font: download failed (font-family: "FiraSans" style:normal weight:bold stretch:normal src index:2): status=2152857618
04-27 13:32:23.936 E/GeckoConsole( 1368): source: app://{c410ae95-19b9-4cd6-817b-1359578e2d31}/fonts/FiraSans/FiraSans-Bold.ttf" {file: "app://{c410ae95-19b9-4cd6-817b-1359578e2d31}/fonts.css" line: 0 column: 0 source: "@font-face {
04-27 13:32:23.936 E/GeckoConsole( 1368):   font-family: "FiraSans";
04-27 13:32:23.936 E/GeckoConsole( 1368):   font-style: normal;
04-27 13:32:23.936 E/GeckoConsole( 1368):   font-weight: bold;
04-27 13:32:23.936 E/GeckoConsole( 1368):   src: url("fonts/FiraSans/FiraSans-Bold.eot?#iefix") format("embedded-opentype"), url("fonts/FiraSans/FiraSans-Bold.woff") format("woff"), url("fonts/FiraSans/FiraSans-Bold.ttf") format("truetype");
04-27 13:32:23.936 E/GeckoConsole( 1368): }"}]
04-27 13:32:23.946 E/GeckoConsole( 1368): [JavaScript Warning: "downloadable font: no supported format found (font-family: "FiraSans" style:normal weight:bold stretch:normal src index:3)
04-27 13:32:23.946 E/GeckoConsole( 1368): source: (end of source list)" {file: "app://{c410ae95-19b9-4cd6-817b-1359578e2d31}/fonts.css" line: 0 column: 0 source: "@font-face {
04-27 13:32:23.946 E/GeckoConsole( 1368):   font-family: "FiraSans";
04-27 13:32:23.946 E/GeckoConsole( 1368):   font-style: normal;
04-27 13:32:23.946 E/GeckoConsole( 1368):   font-weight: bold;
04-27 13:32:23.946 E/GeckoConsole( 1368):   src: url("fonts/FiraSans/FiraSans-Bold.eot?#iefix") format("embedded-opentype"), url("fonts/FiraSans/FiraSans-Bold.woff") format("woff"), url("fonts/FiraSans/FiraSans-Bold.ttf") format("truetype");
04-27 13:32:23.946 E/GeckoConsole( 1368): }"}]
04-27 13:32:24.456 W/WifiHW  (   84): wifi_command: SIGNAL_POLL
04-27 13:32:24.656 E/GeckoConsole( 1368): [JavaScript Error: "downloadable font: download failed (font-family: "FiraSans" style:normal weight:300 stretch:normal src index:1): status=2152857618
04-27 13:32:24.656 E/GeckoConsole( 1368): source: app://{c410ae95-19b9-4cd6-817b-1359578e2d31}/fonts/FiraSans/FiraSans-Light.woff" {file: "app://{c410ae95-19b9-4cd6-817b-1359578e2d31}/fonts.css" line: 0 column: 0 source: "@font-face {
04-27 13:32:24.656 E/GeckoConsole( 1368):   font-family: "FiraSans";
04-27 13:32:24.656 E/GeckoConsole( 1368):   font-style: normal;
04-27 13:32:24.656 E/GeckoConsole( 1368):   font-weight: 300;
04-27 13:32:24.656 E/GeckoConsole( 1368):   src: url("fonts/FiraSans/FiraSans-Light.eot?#iefix") format("embedded-opentype"), url("fonts/FiraSans/FiraSans-Light.woff") format("woff"), url("fonts/FiraSans/FiraSans-Light.ttf") format("truetype");
04-27 13:32:24.656 E/GeckoConsole( 1368): }"}]
04-27 13:32:24.656 E/GeckoConsole( 1368): [JavaScript Error: "downloadable font: download failed (font-family: "FiraSans" style:normal weight:300 stretch:normal src index:2): status=2152857618
04-27 13:32:24.656 E/GeckoConsole( 1368): source: app://{c410ae95-19b9-4cd6-817b-1359578e2d31}/fonts/FiraSans/FiraSans-Light.ttf" {file: "app://{c410ae95-19b9-4cd6-817b-1359578e2d31}/fonts.css" line: 0 column: 0 source: "@font-face {
04-27 13:32:24.656 E/GeckoConsole( 1368):   font-family: "FiraSans";
04-27 13:32:24.656 E/GeckoConsole( 1368):   font-style: normal;
04-27 13:32:24.656 E/GeckoConsole( 1368):   font-weight: 300;
04-27 13:32:24.656 E/GeckoConsole( 1368):   src: url("fonts/FiraSans/FiraSans-Light.eot?#iefix") format("embedded-opentype"), url("fonts/FiraSans/FiraSans-Light.woff") format("woff"), url("fonts/FiraSans/FiraSans-Light.ttf") format("truetype");
04-27 13:32:24.656 E/GeckoConsole( 1368): }"}]
04-27 13:32:24.656 E/GeckoConsole( 1368): [JavaScript Warning: "downloadable font: no supported format found (font-family: "FiraSans" style:normal weight:300 stretch:normal src index:3)
04-27 13:32:24.656 E/GeckoConsole( 1368): source: (end of source list)" {file: "app://{c410ae95-19b9-4cd6-817b-1359578e2d31}/fonts.css" line: 0 column: 0 source: "@font-face {
04-27 13:32:24.656 E/GeckoConsole( 1368):   font-family: "FiraSans";
04-27 13:32:24.656 E/GeckoConsole( 1368):   font-style: normal;
04-27 13:32:24.656 E/GeckoConsole( 1368):   font-weight: 300;
04-27 13:32:24.656 E/GeckoConsole( 1368):   src: url("fonts/FiraSans/FiraSans-Light.eot?#iefix") format("embedded-opentype"), url("fonts/FiraSans/FiraSans-Light.woff") format("woff"), url("fonts/FiraSans/FiraSans-Light.ttf") format("truetype");
04-27 13:32:24.656 E/GeckoConsole( 1368): }"}]
04-27 13:32:25.286 I/Gonk    (   84): Setting nice for pid 1471 to 18
04-27 13:32:25.286 I/Gonk    (   84): Changed nice for pid 1471 from 0 to 18.
04-27 13:32:25.616 I/Gecko   (   84): [Parent 84] WARNING: waitpid failed pid:1356 errno:10: file ../../../gecko/ipc/chromium/src/base/process_util_posix.cc, line 254
04-27 13:32:25.616 I/Gecko   (   84): [Parent 84] WARNING: Failed to deliver SIGKILL to 1356!(3).: file ../../../gecko/ipc/chromium/src/chrome/common/process_watcher_posix_sigchld.cc, line 118
04-27 13:32:27.326 I/Gonk    (   84): Setting nice for pid 1471 to 18
04-27 13:32:27.356 I/Gonk    (   84): Changed nice for pid 1471 from 0 to 18.
04-27 13:32:27.356 I/Gecko   (   84): [Parent 84] WARNING: waitpid failed pid:1471 errno:10: file ../../../gecko/ipc/chromium/src/base/process_util_posix.cc, line 254
04-27 13:32:27.376 I/Gonk    (   84): Setting nice for pid 1471 to 1
04-27 13:32:27.376 I/Gonk    (   84): Changed nice for pid 1471 from 18 to 1.
04-27 13:32:27.426 I/Gonk    (   84): Setting nice for pid 1471 to 18
04-27 13:32:27.426 I/Gonk    (   84): Changed nice for pid 1471 from 1 to 18.
04-27 13:32:27.716 I/log     ( 1481): <4>0[ 457.710235] select 1471 ((Preallocated a), adj 8, size 3390, to kill 
04-27 13:32:27.806 E/GeckoConsole(   84): Content JS LOG at dummy file:326 in GaiaApps.launch/appOpen/<: app with origin 'app://{c410ae95-19b9-4cd6-817b-1359578e2d31}' has launched
04-27 13:32:27.806 I/Gecko   (   84): 1398630747824	Marionette	INFO	sendToClient: {"from":"0","value":{"frame":{"ELEMENT":"{4748e1eb-8b2c-4237-ae36-37d72c89205c}"},"src":"app://{c410ae95-19b9-4cd6-817b-1359578e2d31}/index.html","name":"Kural Medicine","origin":"app://{c410ae95-19b9-4cd6-817b-1359578e2d31}"}}, {c6898526-4758-44fa-bb2c-d05d5cf7098c}, {c6898526-4758-44fa-bb2c-d05d5cf7098c}
04-27 13:32:27.826 E/[Gralloc-ERROR](   84): int gralloc_unregister_buffer(const gralloc_module_t*, const native_handle_t*):274 Trying to unregister buffer 0x4a11cbf0 from process 84 that was not created in current process: 84
04-27 13:32:27.836 E/[Gralloc-ERROR](   84): int gralloc_unregister_buffer(const gralloc_module_t*, const native_handle_t*):274 Trying to unregister buffer 0x4a11cb00 from process 84 that was not created in current process: 84
04-27 13:32:27.836 E/[Gralloc-ERROR](   84): int gralloc_unregister_buffer(const gralloc_module_t*, const native_handle_t*):274 Trying to unregister buffer 0x4a11cf10 from process 84 that was not created in current process: 84
04-27 13:32:27.836 E/[Gralloc-ERROR](   84): int gralloc_unregister_buffer(const gralloc_module_t*, const native_handle_t*):274 Trying to unregister buffer 0x4a19e0b0 from process 84 that was not created in current process: 84
04-27 13:32:27.836 I/Gecko   (   84): [Parent 84] WARNING: pipe error (81): Connection reset by peer: file ../../../gecko/ipc/chromium/src/chrome/common/ipc_channel_posix.cc, line 446
04-27 13:32:27.836 I/Gecko   (   84): 
04-27 13:32:27.836 I/Gecko   (   84): ###!!! [Parent][MessageChannel] Error: Channel error: cannot send/recv
04-27 13:32:27.836 I/Gecko   (   84): 
04-27 13:32:27.856 I/GeckoDump(   84): Crash reporter : Can't fetch app.reportCrashes. Exception: [Exception... "Component returned failure code: 0x8000ffff (NS_ERROR_UNEXPECTED) [nsIPrefBranch.getBoolPref]"  nsresult: "0x8000ffff (NS_ERROR_UNEXPECTED)"  location: "JS frame :: chrome://browser/content/shell.js :: shell_reportCrash :: line 7"  data: no]
04-27 13:32:27.866 I/Gecko   (   84): [Parent 84] WARNING: waitpid failed pid:1471 errno:10: file ../../../gecko/ipc/chromium/src/base/process_util_posix.cc, line 254
04-27 13:32:27.866 I/Gecko   (   84): 1398630747882	Marionette	DEBUG	Got request: switchToFrame, data: {"to":"0","sessionId":"3-b2g","name":"switchToFrame","parameters":{"focus":true,"element":"{4748e1eb-8b2c-4237-ae36-37d72c89205c}"}}, id: {f13852b5-19fd-4b78-9803-d497909d6aee}
04-27 13:32:27.886 I/Gecko   (   84): 1398630747904	Marionette	INFO	Switched to frame: {"frameValue":"{4748e1eb-8b2c-4237-ae36-37d72c89205c}"}
04-27 13:32:27.896 I/Gecko   (   84): 1398630747915	Marionette	INFO	trying remote frame 0
04-27 13:32:27.906 I/Gecko   (   84): 1398630747924	Marionette	INFO	trying remote frame 1
04-27 13:32:27.906 I/Gecko   (   84): 1398630747925	Marionette	INFO	deleting frame
04-27 13:32:27.916 I/Gecko   (   84): 1398630747931	Marionette	INFO	frame-manager load script: [object ChromeMessageSender]
04-27 13:32:28.366 I/Gecko   (   84): 1398630748384	Marionette	INFO	sendToClient: {"from":"0","ok":true}, {f13852b5-19fd-4b78-9803-d497909d6aee}, {f13852b5-19fd-4b78-9803-d497909d6aee}
04-27 13:32:28.386 I/Gecko   (   84): 1398630748400	Marionette	INFO	sendToClient: {"from":"0","value":"app://{c410ae95-19b9-4cd6-817b-1359578e2d31}/index.html"}, {6191480a-b7f5-4ab8-9768-9192d0ee90f5}, {6191480a-b7f5-4ab8-9768-9192d0ee90f5}
04-27 13:32:28.396 I/Gecko   (   84): 1398630748408	Marionette	DEBUG	Got request: execute, data: {"to":"0","sessionId":"3-b2g","name":"executeScript","parameters":{"specialPowers":false,"scriptTimeout":null,"newSandbox":true,"args":[],"filename":"app_checker.py","script":"return window.document.readyState;","line":191}}, id: {95278167-20f6-4ce7-aee3-e575c6e9e5b1}
04-27 13:32:28.426 I/Gecko   (   84): 1398630748445	Marionette	INFO	sendToClient: {"from":"0","value":"complete"}, {95278167-20f6-4ce7-aee3-e575c6e9e5b1}, {95278167-20f6-4ce7-aee3-e575c6e9e5b1}
04-27 13:32:28.436 I/Gecko   (   84): 1398630748453	Marionette	INFO	sendToClient: {"from":"0","value":"app://{c410ae95-19b9-4cd6-817b-1359578e2d31}/index.html"}, {91e643a0-df11-41c8-90f3-af3e4c33b71b}, {91e643a0-df11-41c8-90f3-af3e4c33b71b}
04-27 13:32:28.446 I/Gecko   ( 1368): Attempting load of libEGL.so
04-27 13:32:28.516 D/libEGL  ( 1368): loaded /system/lib/egl/libEGL_mali.so
04-27 13:32:28.566 D/libEGL  ( 1368): loaded /system/lib/egl/libGLESv1_CM_mali.so
04-27 13:32:28.566 D/libEGL  ( 1368): loaded /system/lib/egl/libGLESv2_mali.so
04-27 13:32:28.606 I/Gecko   ( 1368): SharedSurface_Gralloc::Create -------
04-27 13:32:28.636 I/Gecko   ( 1368): SharedSurface_Gralloc::Create: success -- surface 0x43ff4480, GraphicBuffer 0x43ffe680.
04-27 13:32:29.376 I/Gecko   (   84): 1398630749387	Marionette	INFO	sendToClient: {"from":"0","value":"iVBORw0KGgoAAAANSUhEUgAAAUAAAAHMCAYAAACk4nEJAAAgAElEQVR4nOydeXgUVbr/Tza2QEBAElkUQVBkU0FxBUFxkCWAIAgIA4IgiqK44AyL7CCBsC+BQIgIIQsEgoFAh6TVuY6jA7iM6zgqavreuevcWe78CCTf3x9lFV3dtZxTVd3VSb08z+d5tLuWt8459U1XdfX5sIsLU0EQBOFFmNsFEARBuAUFIEEQnoUCkCAIz0IBSBCEZ6EAJAjCs1AAEgThWSgACYLwLBSABEF4FgpAgiA8CwUgQRCehQKQIAjPQgFIEIRnoQAkCMKzUAASBOFZKAAdojprKC6Xr3G9Dqe5lDcdl47M1V9m2fXO7c/JbREEB9wB+NnMpjg2khny2ZNNxYtYci2q1/XFxSUd9JdZfbO0zGvtXW8wPS5XZAD/+G9r68vHt6KL8XKL0lC9rq+07OK2UTmumg9yUfvnL7WP+Tc7gMvVqN413H77ObgtguCFOwB/M6mBaQD+ZlID4QIu7RkNAKjOGqr5fvWOh4CL/0DN+QJcXHSN6w2mh50ArPn8JACg5twhw+WqdzwE+V91Zr+oHJdhAJ5YjNr/voDqzf3tt5+D2yIIXhz9BPiHJ5OFCzAKwOrMfsDf/xM1X52J6U9/FxfaC8DaH88C//gv4P/+Ynicl/0bgX/8t9Reu9OjclxGAUgQdR3X7wHqBWD16u6o/a/vUPvj2Tpxb8hWAP7Pj7j8zhYAwKWcR/WX+/evcfmdrdJyedOjclwUgER9JjYDcFkn1P70EWr/4xtcXNVNe90l10rvLUrTfn9FV1xc3jn89dfaq7ZZvaYnLr0xEZdyxuHi4naq5aq3PYBLb0zApf2TUL3xbvX7IVgOwEVpwKWLuJQ3HbU/nkPNB/s0l6veeLfUThvvBmou4/JbvzbcbvW6vrj05mRcyp2A6jU9ueqo3twflw
04-27 13:32:29.626 I/Gecko   (   84): 1398630749642	Marionette	INFO	sendToClient: {"from":"0","ok":true}, {818c3143-c249-40ca-b929-1aa3ba01aaee}, {818c3143-c249-40ca-b929-1aa3ba01aaee}
04-27 13:32:29.636 W/WifiHW  (   84): wifi_command: SIGNAL_POLL
04-27 13:32:29.646 I/Gecko   (   84): 1398630749661	Marionette	DEBUG	Got request: switchToFrame, data: {"to":"0","sessionId":"3-b2g","name":"switchToFrame","parameters":{"id":null,"focus":true}}, id: {cee85868-aaf4-47c2-a647-1f5963ad4fd0}
04-27 13:32:29.706 I/Gecko   (   84): 1398630749717	Marionette	INFO	Switched to frame: {"frameValue":null}
04-27 13:32:29.806 I/Gecko   (   84): 1398630749820	Marionette	INFO	sendToClient: {"from":"0","ok":true}, {cee85868-aaf4-47c2-a647-1f5963ad4fd0}, {cee85868-aaf4-47c2-a647-1f5963ad4fd0}
04-27 13:32:29.816 I/Gecko   (   84): 1398630749827	Marionette	DEBUG	Got request: executeWithCallback, data: {"to":"0","sessionId":"3-b2g","name":"executeAsyncScript","parameters":{"specialPowers":false,"scriptTimeout":null,"newSandbox":true,"args":[],"filename":"gaia_test.py","script":"return GaiaApps.displayedApp();","line":66}}, id: {eeeb3e5a-b8e7-41f3-91c0-b67bc9978994}
04-27 13:32:29.866 I/Gecko   (   84): [Parent 84] WARNING: waitpid failed pid:1471 errno:10: file ../../../gecko/ipc/chromium/src/base/process_util_posix.cc, line 254
04-27 13:32:29.866 I/Gecko   (   84): [Parent 84] WARNING: Failed to deliver SIGKILL to 1471!(3).: file ../../../gecko/ipc/chromium/src/chrome/common/process_watcher_posix_sigchld.cc, line 118
04-27 13:32:29.896 I/Gecko   (   84): 1398630749909	Marionette	INFO	sendToClient: {"from":"0","value":{"frame":{"ELEMENT":"{4748e1eb-8b2c-4237-ae36-37d72c89205c}"},"src":"app://{c410ae95-19b9-4cd6-817b-1359578e2d31}/index.html","name":"Kural Medicine","origin":"app://{c410ae95-19b9-4cd6-817b-1359578e2d31}"}}, {eeeb3e5a-b8e7-41f3-91c0-b67bc9978994}, {eeeb3e5a-b8e7-41f3-91c0-b67bc9978994}
04-27 13:32:29.896 I/Gecko   (   84): 1398630749915	Marionette	DEBUG	Got request: switchToFrame, data: {"to":"0","sessionId":"3-b2g","name":"switchToFrame","parameters":{"id":null,"focus":true}}, id: {5edcc1a6-1dd3-43b0-aa1e-8560360acbba}
04-27 13:32:29.906 I/Gecko   (   84): 1398630749917	Marionette	INFO	Switched to frame: {"frameValue":null}
04-27 13:32:29.906 E/GeckoConsole(   84): Content JS LOG at dummy file:392 in GaiaApps.displayedApp: app with origin 'app://{c410ae95-19b9-4cd6-817b-1359578e2d31}' is displayed
04-27 13:32:30.006 I/Gecko   (   84): 1398630750019	Marionette	INFO	sendToClient: {"from":"0","ok":true}, {5edcc1a6-1dd3-43b0-aa1e-8560360acbba}, {5edcc1a6-1dd3-43b0-aa1e-8560360acbba}
04-27 13:32:30.016 I/Gecko   (   84): 1398630750028	Marionette	DEBUG	Got request: execute, data: {"to":"0","sessionId":"3-b2g","name":"executeScript","parameters":{"specialPowers":false,"scriptTimeout":null,"newSandbox":true,"args":[],"filename":"gaia_test.py","script":"window.wrappedJSObject.dispatchEvent(new Event('home'));","line":788}}, id: {7f32dc43-ab17-494b-8df2-c8a5ba1397b2}
04-27 13:32:30.116 D/Sensors (   84): activate handle=0; drv=0
04-27 13:32:30.126 D/Sensors (   84): Lis3dhSensor: Control set 0
04-27 13:32:30.126 D/Sensors (   84): Lis3dhSensor: mEnabled = 0
04-27 13:32:30.976 I/Gonk    (   84): Setting nice for pid 1485 to 18
04-27 13:32:30.996 I/Gonk    (   84): Changed nice for pid 1485 from 0 to 18.
04-27 13:32:31.006 I/Gecko   (   84): 1398630751022	Marionette	INFO	sendToClient: {"from":"0","value":null}, {7f32dc43-ab17-494b-8df2-c8a5ba1397b2}, {7f32dc43-ab17-494b-8df2-c8a5ba1397b2}
04-27 13:32:31.036 I/Gonk    (   84): Setting nice for pid 1485 to 18
04-27 13:32:31.036 I/Gonk    (   84): Changed nice for pid 1485 from 18 to 18.
04-27 13:32:31.046 I/Gecko   (   84): [Parent 84] WARNING: waitpid failed pid:1485 errno:10: file ../../../gecko/ipc/chromium/src/base/process_util_posix.cc, line 254
04-27 13:32:31.046 I/Gonk    (   84): Setting nice for pid 1485 to 1
04-27 13:32:31.046 I/Gonk    (   84): Changed nice for pid 1485 from 18 to 1.
04-27 13:32:31.126 I/Gecko   (   84): 1398630751143	Marionette	DEBUG	Got request: switchToFrame, data: {"to":"0","sessionId":"3-b2g","name":"switchToFrame","parameters":{"id":null,"focus":true}}, id: {238b0f0e-4d61-40fa-b828-e2f7d2243a9f}
04-27 13:32:31.136 I/Gecko   (   84): 1398630751147	Marionette	INFO	Switched to frame: {"frameValue":null}
04-27 13:32:31.506 E/[Gralloc-ERROR](   84): int gralloc_register_buffer(const gralloc_module_t*, const native_handle_t*):79 Unable to register handle 0x44b32e70 coming from different process: 84
04-27 13:32:31.506 E/[Gralloc-ERROR](   84): int gralloc_register_buffer(const gralloc_module_t*, const native_handle_t*):79 Unable to register handle 0x44b48830 coming from different process: 84
04-27 13:32:31.856 I/Gecko   (   84): 1398630751869	Marionette	INFO	sendToClient: {"from":"0","ok":true}, {238b0f0e-4d61-40fa-b828-e2f7d2243a9f}, {238b0f0e-4d61-40fa-b828-e2f7d2243a9f}
04-27 13:32:31.956 E/[Gralloc-ERROR](   84): int gralloc_unregister_buffer(const gralloc_module_t*, const native_handle_t*):274 Trying to unregister buffer 0x44b48830 from process 84 that was not created in current process: 84
04-27 13:32:31.956 E/[Gralloc-ERROR](   84): int gralloc_unregister_buffer(const gralloc_module_t*, const native_handle_t*):274 Trying to unregister buffer 0x44b32e70 from process 84 that was not created in current process: 84
04-27 13:32:32.046 I/Gecko   (   84): 1398630752057	Marionette	DEBUG	Got request: executeWithCallback, data: {"to":"0","sessionId":"3-b2g","name":"executeAsyncScript","parameters":{"specialPowers":false,"scriptTimeout":null,"newSandbox":true,"args":[],"filename":"gaia_test.py","script":"return GaiaApps.displayedApp();","line":66}}, id: {90217593-2c95-4f40-b4d0-991d2bed47a3}
04-27 13:32:32.306 E/GeckoConsole(   84): Content JS LOG at dummy file:392 in GaiaApps.displayedApp: app with origin 'app://homescreen.gaiamobile.org' is displayed
04-27 13:32:32.316 I/Gonk    (   84): Setting nice for pid 1368 to 18
04-27 13:32:32.326 I/Gonk    (   84): Changed nice for pid 1368 from 1 to 18.
04-27 13:32:32.336 I/Gecko   (   84): 1398630752346	Marionette	INFO	sendToClient: {"from":"0","value":{"frame":{"ELEMENT":"{787619f9-a116-4c64-9643-9734ea8062d0}"},"src":"app://homescreen.gaiamobile.org/index.html#root","name":"Homescreen","origin":"app://homescreen.gaiamobile.org"}}, {90217593-2c95-4f40-b4d0-991d2bed47a3}, {90217593-2c95-4f40-b4d0-991d2bed47a3}
04-27 13:32:32.346 I/Gecko   (   84): 1398630752356	Marionette	DEBUG	Got request: switchToFrame, data: {"to":"0","sessionId":"3-b2g","name":"switchToFrame","parameters":{"id":null,"focus":true}}, id: {e59ab074-211b-4a88-b3fa-235e67abc2dc}
04-27 13:32:32.396 I/Gecko   (   84): 1398630752410	Marionette	INFO	Switched to frame: {"frameValue":null}
04-27 13:32:32.536 I/Gonk    (   84): Setting nice for pid 1493 to 18
04-27 13:32:32.536 I/Gonk    (   84): Changed nice for pid 1493 from 0 to 18.
04-27 13:32:32.556 I/Gecko   (   84): 1398630752574	Marionette	INFO	sendToClient: {"from":"0","ok":true}, {e59ab074-211b-4a88-b3fa-235e67abc2dc}, {e59ab074-211b-4a88-b3fa-235e67abc2dc}
04-27 13:32:32.686 I/Gecko   (   84): 1398630752705	Marionette	DEBUG	Got request: switchToFrame, data: {"to":"0","sessionId":"3-b2g","name":"switchToFrame","parameters":{"id":null,"focus":true}}, id: {f2a72f9f-a805-44df-9489-2851d6a70ae0}
04-27 13:32:32.706 I/Gecko   (   84): 1398630752723	Marionette	INFO	Switched to frame: {"frameValue":null}
04-27 13:32:32.836 I/Gecko   (   84): 1398630752852	Marionette	INFO	sendToClient: {"from":"0","ok":true}, {f2a72f9f-a805-44df-9489-2851d6a70ae0}, {f2a72f9f-a805-44df-9489-2851d6a70ae0}
04-27 13:32:32.846 I/Gecko   (   84): 1398630752861	Marionette	DEBUG	Got request: executeWithCallback, data: {"to":"0","sessionId":"3-b2g","name":"executeAsyncScript","parameters":{"specialPowers":false,"scriptTimeout":null,"newSandbox":true,"args":[],"filename":"gaia_test.py","script":"return GaiaApps.displayedApp();","line":66}}, id: {6df33475-949d-4633-b260-afeb580def28}
04-27 13:32:32.916 I/Gecko   (   84): 1398630752934	Marionette	INFO	sendToClient: {"from":"0","value":{"frame":{"ELEMENT":"{787619f9-a116-4c64-9643-9734ea8062d0}"},"src":"app://homescreen.gaiamobile.org/index.html#root","name":"Homescreen","origin":"app://homescreen.gaiamobile.org"}}, {6df33475-949d-4633-b260-afeb580def28}, {6df33475-949d-4633-b260-afeb580def28}
04-27 13:32:33.006 E/GeckoConsole(   84): Content JS LOG at dummy file:392 in GaiaApps.displayedApp: app with origin 'app://homescreen.gaiamobile.org' is displayed
04-27 13:32:33.026 I/Gecko   (   84): 1398630753044	Marionette	DEBUG	Got request: switchToFrame, data: {"to":"0","sessionId":"3-b2g","name":"switchToFrame","parameters":{"focus":true,"element":"{787619f9-a116-4c64-9643-9734ea8062d0}"}}, id: {f4dec7c0-ed1c-4d44-a4d5-345ae73d4443}
04-27 13:32:33.056 I/Gecko   (   84): 1398630753068	Marionette	INFO	Switched to frame: {"frameValue":"{787619f9-a116-4c64-9643-9734ea8062d0}"}
04-27 13:32:33.056 I/Gecko   (   84): 1398630753070	Marionette	INFO	trying remote frame 0
04-27 13:32:33.056 I/Gecko   (   84): 1398630753071	Marionette	INFO	trying remote frame 1
04-27 13:32:33.056 I/Gecko   (   84): 1398630753072	Marionette	INFO	deleting frame
04-27 13:32:33.076 I/Gecko   (   84): 1398630753088	Marionette	INFO	frame-manager load script: [object ChromeMessageSender]
04-27 13:32:34.346 I/Gecko   ( 1485): ###################################### forms.js loaded
04-27 13:32:34.356 I/Gecko   (   84): 
04-27 13:32:34.356 I/Gecko   (   84): ###!!! [Parent][MessageChannel] Error: Channel error: cannot send/recv
04-27 13:32:34.356 I/Gecko   (   84): 
04-27 13:32:34.406 I/Gecko   ( 1485): ############################### browserElementPanning.js loaded
04-27 13:32:34.466 I/Gecko   ( 1485): ######################## BrowserElementChildPreload.js loaded
04-27 13:32:34.476 I/GeckoDump(   84): Crash reporter : Can't fetch app.reportCrashes. Exception: [Exception... "Component returned failure code: 0x8000ffff (NS_ERROR_UNEXPECTED) [nsIPrefBranch.getBoolPref]"  nsresult: "0x8000ffff (NS_ERROR_UNEXPECTED)"  location: "JS frame :: chrome://browser/content/shell.js :: shell_reportCrash :: line 7"  data: no]
04-27 13:32:34.476 I/Gecko   (   84): [Parent 84] WARNING: waitpid failed pid:1368 errno:10: file ../../../gecko/ipc/chromium/src/base/process_util_posix.cc, line 254
