--------- beginning of /dev/log/main
04-26 08:13:40.964 I/Gecko   (   84): 1398525220980	Marionette	INFO	sendToClient: {"from":"0","ok":true}, {45e41ead-deef-49ba-87b1-9c32a2c5f79a}, {45e41ead-deef-49ba-87b1-9c32a2c5f79a}
04-26 08:13:41.214 I/Gecko   (   84): 1398525221226	Marionette	DEBUG	Got request: switchToFrame, data: {"to":"0","sessionId":"3-b2g","name":"switchToFrame","parameters":{"id":null,"focus":true}}, id: {07b979b6-984e-4f5f-b9b3-4901a9cdbeb6}
04-26 08:13:41.224 I/Gecko   (   84): 1398525221236	Marionette	INFO	Switched to frame: {"frameValue":null}
04-26 08:13:41.334 I/Gecko   (   84): 1398525221346	Marionette	INFO	sendToClient: {"from":"0","ok":true}, {07b979b6-984e-4f5f-b9b3-4901a9cdbeb6}, {07b979b6-984e-4f5f-b9b3-4901a9cdbeb6}
04-26 08:13:41.334 I/Gecko   (   84): 1398525221352	Marionette	DEBUG	Got request: executeWithCallback, data: {"to":"0","sessionId":"3-b2g","name":"executeAsyncScript","parameters":{"specialPowers":false,"scriptTimeout":null,"newSandbox":true,"args":[],"filename":"gaia_test.py","script":"return GaiaApps.displayedApp();","line":66}}, id: {e8860508-c239-424f-9e84-3b1e493f733e}
04-26 08:13:41.504 V/AudioPolicyManagerBase(   89): startOutput() output 1, stream 1, session 3
04-26 08:13:41.504 V/AudioPolicyManagerBase(   89): changeRefCount() stream 1, count 1
04-26 08:13:41.504 V/AudioPolicyManagerBase(   89): getDeviceForStrategy() from cache strategy 0, device 2
04-26 08:13:41.504 V/AudioPolicyManagerBase(   89): getNewDevice() selected device 2
04-26 08:13:41.504 D/AudioPolicyManagerBase(   89): setOutputDevice() output 1 device 2 delayMs 0
04-26 08:13:41.504 V/AudioPolicyManagerBase(   89): setOutputDevice() setting same device 2 or null device for output 1
04-26 08:13:41.504 E/AudioPolicyManagerBase(   89): checkAndSetVolume stream=1, index=0, output=1, device=2
04-26 08:13:41.504 E/AudioPolicyManagerBase(   89): computeVolume, streamDesc=0x1114bb8
04-26 08:13:41.534 W/WifiHW  (   84): wifi_command: SIGNAL_POLL
04-26 08:13:41.554 E/GeckoConsole( 1158): Content JS ERROR at app://homescreen.gaiamobile.org/gaia_build_defer_index.js:390 in loadSVConfFileError: Failed parsing singleVariant configuration file [js/singlevariantconf.json]:  [Exception... "File error: Not found"  nsresult: "0x80520012 (NS_ERROR_FILE_NOT_FOUND)"  location: "JS frame :: app://homescreen.gaiamobile.org/gaia_build_defer_index.js :: loadFile :: line 382"  data: no]
04-26 08:13:41.554 E/GeckoConsole(   84): Content JS LOG at dummy file:392 in GaiaApps.displayedApp: app with origin 'app://homescreen.gaiamobile.org' is displayed
04-26 08:13:41.554 W/AudioFlinger(   89): Thread AudioOut_1 cannot connect to the power manager service
04-26 08:13:41.554 V/AudioPolicyManagerBase(   89): stopOutput() output 1, stream 1, session 3
04-26 08:13:41.554 V/AudioPolicyManagerBase(   89): changeRefCount() stream 1, count 0
04-26 08:13:41.554 V/AudioPolicyManagerBase(   89): getNewDevice() selected device 0
04-26 08:13:41.554 D/AudioPolicyManagerBase(   89): setOutputDevice() output 1 device 0 delayMs 290
04-26 08:13:41.554 V/AudioPolicyManagerBase(   89): setOutputDevice() setting same device 0 or null device for output 1
04-26 08:13:41.554 V/AudioPolicyManagerBase(   89): releaseOutput() 1
04-26 08:13:41.564 I/Gecko   (   84): 1398525221575	Marionette	INFO	sendToClient: {"from":"0","value":{"frame":{"ELEMENT":"{e5743c37-58ce-4499-a11c-b03447247641}"},"src":"app://homescreen.gaiamobile.org/index.html#root","name":"Homescreen","origin":"app://homescreen.gaiamobile.org"}}, {e8860508-c239-424f-9e84-3b1e493f733e}, {e8860508-c239-424f-9e84-3b1e493f733e}
04-26 08:13:41.564 I/Gecko   (   84): 1398525221584	Marionette	DEBUG	Got request: switchToFrame, data: {"to":"0","sessionId":"3-b2g","name":"switchToFrame","parameters":{"id":null,"focus":true}}, id: {5b79f29d-a37b-45c1-9ede-678704f574ac}
04-26 08:13:41.584 I/Gecko   (   84): 1398525221596	Marionette	INFO	Switched to frame: {"frameValue":null}
04-26 08:13:41.694 I/Gecko   (   84): 1398525221706	Marionette	INFO	sendToClient: {"from":"0","ok":true}, {5b79f29d-a37b-45c1-9ede-678704f574ac}, {5b79f29d-a37b-45c1-9ede-678704f574ac}
04-26 08:13:41.694 I/Gecko   (   84): 1398525221712	Marionette	DEBUG	Got request: switchToFrame, data: {"to":"0","sessionId":"3-b2g","name":"switchToFrame","parameters":{"id":null,"focus":true}}, id: {98003c10-3580-4f70-967b-cd4a5ee5daa5}
04-26 08:13:41.694 I/Gecko   (   84): 1398525221714	Marionette	INFO	Switched to frame: {"frameValue":null}
04-26 08:13:41.804 I/Gecko   (   84): 1398525221822	Marionette	INFO	sendToClient: {"from":"0","ok":true}, {98003c10-3580-4f70-967b-cd4a5ee5daa5}, {98003c10-3580-4f70-967b-cd4a5ee5daa5}
04-26 08:13:41.814 I/Gecko   (   84): 1398525221828	Marionette	DEBUG	Got request: executeWithCallback, data: {"to":"0","sessionId":"3-b2g","name":"executeAsyncScript","parameters":{"specialPowers":false,"scriptTimeout":null,"newSandbox":true,"args":[],"filename":"gaia_test.py","script":"return GaiaApps.displayedApp();","line":66}}, id: {f73b063f-2768-42a1-8627-f1ee20b729fc}
04-26 08:13:41.894 I/Gecko   (   84): 1398525221913	Marionette	INFO	sendToClient: {"from":"0","value":{"frame":{"ELEMENT":"{e5743c37-58ce-4499-a11c-b03447247641}"},"src":"app://homescreen.gaiamobile.org/index.html#root","name":"Homescreen","origin":"app://homescreen.gaiamobile.org"}}, {f73b063f-2768-42a1-8627-f1ee20b729fc}, {f73b063f-2768-42a1-8627-f1ee20b729fc}
04-26 08:13:41.904 E/GeckoConsole(   84): Content JS LOG at dummy file:392 in GaiaApps.displayedApp: app with origin 'app://homescreen.gaiamobile.org' is displayed
04-26 08:13:41.924 I/Gecko   (   84): 1398525221942	Marionette	DEBUG	Got request: switchToFrame, data: {"to":"0","sessionId":"3-b2g","name":"switchToFrame","parameters":{"focus":true,"element":"{e5743c37-58ce-4499-a11c-b03447247641}"}}, id: {c865705e-5a70-4251-bdf2-131c0b80bd25}
04-26 08:13:41.944 I/Gecko   (   84): 1398525221963	Marionette	INFO	Switched to frame: {"frameValue":"{e5743c37-58ce-4499-a11c-b03447247641}"}
04-26 08:13:41.954 I/Gecko   (   84): 1398525221969	Marionette	INFO	trying remote frame 0
04-26 08:13:41.954 I/Gecko   (   84): 1398525221970	Marionette	INFO	deleting frame
04-26 08:13:41.964 I/Gecko   (   84): 1398525221977	Marionette	INFO	frame-manager load script: [object ChromeMessageSender]
04-26 08:13:42.324 I/Gecko   (   84): 1398525222342	Marionette	INFO	sendToClient: {"from":"0","ok":true}, {c865705e-5a70-4251-bdf2-131c0b80bd25}, {c865705e-5a70-4251-bdf2-131c0b80bd25}
04-26 08:13:42.674 I/Gecko   (   84): 1398525222685	Marionette	INFO	sendToClient: {"from":"0","value":{"ELEMENT":"{f861c90d-22c8-4804-be96-cfd2040cb139}"}}, {2e94173d-2dbe-4a01-9351-a6b40f824e3d}, {2e94173d-2dbe-4a01-9351-a6b40f824e3d}
04-26 08:13:42.884 E/GeckoConsole( 1158): [JavaScript Warning: "Use of getAttributeNode() is deprecated. Use getAttribute() instead." {file: "chrome://marionette/content/atoms.js" line: 25}]
04-26 08:13:42.904 E/GeckoConsole( 1158): [JavaScript Warning: "Use of attributes' specified attribute is deprecated. It always returns true." {file: "chrome://marionette/content/atoms.js" line: 25}]
04-26 08:13:42.904 I/Gecko   (   84): 1398525222917	Marionette	INFO	sendToClient: {"from":"0","value":"normal"}, {dfd74b48-bb43-47cf-8455-d2d749b0f7ae}, {dfd74b48-bb43-47cf-8455-d2d749b0f7ae}
04-26 08:13:42.924 I/Gecko   (   84): 1398525222935	Marionette	DEBUG	Got request: switchToFrame, data: {"to":"0","sessionId":"3-b2g","name":"switchToFrame","parameters":{"id":null,"focus":true}}, id: {14a07191-bea5-457d-9a4f-da8a86b6bedc}
04-26 08:13:42.934 I/Gecko   (   84): 1398525222952	Marionette	INFO	Switched to frame: {"frameValue":null}
04-26 08:13:43.034 I/Gecko   (   84): 1398525223054	Marionette	INFO	sendToClient: {"from":"0","ok":true}, {14a07191-bea5-457d-9a4f-da8a86b6bedc}, {14a07191-bea5-457d-9a4f-da8a86b6bedc}
04-26 08:13:43.044 I/Gecko   (   84): 1398525223062	Marionette	DEBUG	Got request: execute, data: {"to":"0","sessionId":"3-b2g","name":"executeScript","parameters":{"specialPowers":false,"scriptTimeout":null,"newSandbox":true,"args":[],"filename":"gaia_test.py","script":"window.wrappedJSObject.dispatchEvent(new Event('home'));","line":788}}, id: {a7e7447c-d56f-4cb6-99b3-730dcc5f1072}
04-26 08:13:43.104 I/Gecko   (   84): 1398525223122	Marionette	INFO	sendToClient: {"from":"0","value":null}, {a7e7447c-d56f-4cb6-99b3-730dcc5f1072}, {a7e7447c-d56f-4cb6-99b3-730dcc5f1072}
04-26 08:13:43.134 I/Gecko   (   84): 1398525223149	Marionette	DEBUG	Got request: switchToFrame, data: {"to":"0","sessionId":"3-b2g","name":"switchToFrame","parameters":{"id":null,"focus":true}}, id: {560cf7cf-90d6-4c1c-b9a4-43d4881c9bcf}
04-26 08:13:43.134 I/Gecko   (   84): 1398525223151	Marionette	INFO	Switched to frame: {"frameValue":null}
04-26 08:13:43.234 I/Gecko   (   84): 1398525223253	Marionette	INFO	sendToClient: {"from":"0","ok":true}, {560cf7cf-90d6-4c1c-b9a4-43d4881c9bcf}, {560cf7cf-90d6-4c1c-b9a4-43d4881c9bcf}
04-26 08:13:43.244 I/Gecko   (   84): 1398525223259	Marionette	DEBUG	Got request: switchToFrame, data: {"to":"0","sessionId":"3-b2g","name":"switchToFrame","parameters":{"id":null,"focus":true}}, id: {4dba12ef-91c0-4b54-8d54-4320f1978836}
04-26 08:13:43.244 I/Gecko   (   84): 1398525223261	Marionette	INFO	Switched to frame: {"frameValue":null}
04-26 08:13:43.354 I/Gecko   (   84): 1398525223366	Marionette	INFO	sendToClient: {"from":"0","ok":true}, {4dba12ef-91c0-4b54-8d54-4320f1978836}, {4dba12ef-91c0-4b54-8d54-4320f1978836}
04-26 08:13:43.354 I/Gecko   (   84): 1398525223372	Marionette	DEBUG	Got request: executeWithCallback, data: {"to":"0","sessionId":"3-b2g","name":"executeAsyncScript","parameters":{"specialPowers":false,"scriptTimeout":null,"newSandbox":true,"args":[],"filename":"gaia_test.py","script":"return GaiaApps.displayedApp();","line":66}}, id: {21d02d67-56a9-4873-a548-de536f4646be}
04-26 08:13:43.404 I/Gecko   (   84): 1398525223422	Marionette	INFO	sendToClient: {"from":"0","value":{"frame":{"ELEMENT":"{e5743c37-58ce-4499-a11c-b03447247641}"},"src":"app://homescreen.gaiamobile.org/index.html#rootSat%20Apr%2026%202014%2008:13:43%20GMT-0700%20(UTC)","name":"Homescreen","origin":"app://homescreen.gaiamobile.org"}}, {21d02d67-56a9-4873-a548-de536f4646be}, {21d02d67-56a9-4873-a548-de536f4646be}
04-26 08:13:43.414 E/GeckoConsole(   84): Content JS LOG at dummy file:392 in GaiaApps.displayedApp: app with origin 'app://homescreen.gaiamobile.org' is displayed
04-26 08:13:43.424 I/Gecko   (   84): 1398525223439	Marionette	DEBUG	Got request: switchToFrame, data: {"to":"0","sessionId":"3-b2g","name":"switchToFrame","parameters":{"focus":true,"element":"{e5743c37-58ce-4499-a11c-b03447247641}"}}, id: {42b45d4d-8480-4b64-8cff-2bb222355a39}
04-26 08:13:43.434 I/Gecko   (   84): 1398525223447	Marionette	INFO	Switched to frame: {"frameValue":"{e5743c37-58ce-4499-a11c-b03447247641}"}
04-26 08:13:43.434 I/Gecko   (   84): 1398525223452	Marionette	INFO	trying remote frame 0
04-26 08:13:43.874 I/Gecko   (   84): 1398525223887	Marionette	INFO	sendToClient: {"from":"0","ok":true}, {42b45d4d-8480-4b64-8cff-2bb222355a39}, {42b45d4d-8480-4b64-8cff-2bb222355a39}
04-26 08:13:43.884 I/Gecko   (   84): 1398525223895	Marionette	DEBUG	Got request: execute, data: {"to":"0","sessionId":"3-b2g","name":"executeScript","parameters":{"specialPowers":false,"scriptTimeout":null,"newSandbox":true,"args":[],"filename":"gaia_test.py","script":"return window.wrappedJSObject.GridManager.pageHelper.getCurrentPageNumber();","line":784}}, id: {c4f70ebc-cab2-427b-954c-8611f1943a5e}
04-26 08:13:44.024 I/Gecko   (   84): 1398525224039	Marionette	INFO	sendToClient: {"from":"0","value":0}, {c4f70ebc-cab2-427b-954c-8611f1943a5e}, {c4f70ebc-cab2-427b-954c-8611f1943a5e}
04-26 08:13:44.244 I/Gecko   (   84): 1398525224263	Marionette	INFO	sendToClient: {"from":"0","value":["{b4eff18c-09c2-482f-ae97-f3ffdb85ec4c}","{b8c24924-c567-4c96-b94e-5460c69ddaf7}","{6d14b24a-090d-4fdc-ae8a-5e32a717d277}","{9b724267-218f-400e-9550-6f8caf2406b5}","{2df7ed7c-083a-41ea-a4f8-4f9e5c8abbb6}","{0eb2ba6d-4770-439d-b075-3047f14d9d56}","{cde66072-9c32-49ca-8e2a-058a640d082a}","{fdd04ddd-7bbc-4301-8db9-c7a40f716897}","{68452a86-9730-4130-b8e1-4eab752856dd}","{15856e48-ece7-4289-89ee-365efae3df04}","{fd7e26a1-19c2-4f17-8c42-599902926811}","{1031b06d-98bd-46b9-a6dd-04bcf1fcb162}","{4fc01acd-1566-41d9-96c4-6ade5ef7bb6a}","{68d4d4b2-38c9-4682-9d41-fcc9aa5fe281}","{f4c84620-d13f-4305-aa19-ea7f96e5a6b4}","{6d05a366-21e9-4663-bada-c1997afeb5b2}","{8d302b42-c56f-4759-8ad2-e9ebeddbf7f1}","{be725911-f54c-4b37-be12-dbade3a9bff4}","{2ead8bca-1d2e-490a-aba1-66e4312e30d0}","{d9764286-0993-44ee-b2aa-d2fb49a99e9b}","{82718ab9-cafa-408c-9c80-d68765dc6c7f}","{0737f92e-0bae-40e9-8104-6d420146da72}","{a01f9406-9847-4b0b-ad14-407a1e794aef}","{d3a2fbf7-5239
04-26 08:13:46.194 I/Gecko   (   84): 1398525226208	Marionette	INFO	sendToClient: {"from":"0","value":"app://homescreen.gaiamobile.org/index.html#rootSat%20Apr%2026%202014%2008:13:43%20GMT-0700%20(UTC)"}, {04f05930-fd43-4f98-8604-737a324b3f5b}, {04f05930-fd43-4f98-8604-737a324b3f5b}
04-26 08:13:46.204 I/Gecko   (   84): 1398525226223	Marionette	DEBUG	Got request: switchToFrame, data: {"to":"0","sessionId":"3-b2g","name":"switchToFrame","parameters":{"id":null,"focus":true}}, id: {34699124-5ec4-4947-b5f2-adbc50897eeb}
04-26 08:13:46.254 I/Gecko   (   84): 1398525226267	Marionette	INFO	Switched to frame: {"frameValue":null}
04-26 08:13:46.384 I/Gecko   (   84): 1398525226400	Marionette	INFO	sendToClient: {"from":"0","ok":true}, {34699124-5ec4-4947-b5f2-adbc50897eeb}, {34699124-5ec4-4947-b5f2-adbc50897eeb}
04-26 08:13:46.404 I/Gecko   (   84): 1398525226417	Marionette	DEBUG	Got request: switchToFrame, data: {"to":"0","sessionId":"3-b2g","name":"switchToFrame","parameters":{"id":null,"focus":true}}, id: {256cecb8-ba12-45d9-8cbf-3b9df0f8543a}
04-26 08:13:46.404 I/Gecko   (   84): 1398525226419	Marionette	INFO	Switched to frame: {"frameValue":null}
04-26 08:13:46.424 E/GeckoConsole( 1158): Content JS WARN at app://homescreen.gaiamobile.org/gaia_build_defer_index.js:184 in isHiddenApp: Unexpected role when checking hidden app: undefined
04-26 08:13:46.434 E/GeckoConsole( 1158): Content JS WARN at app://homescreen.gaiamobile.org/gaia_build_defer_index.js:184 in isHiddenApp: Unexpected role when checking hidden app: undefined
04-26 08:13:46.454 E/GeckoConsole( 1158): Content JS WARN at app://homescreen.gaiamobile.org/gaia_build_defer_index.js:184 in isHiddenApp: Unexpected role when checking hidden app: undefined
04-26 08:13:46.454 E/GeckoConsole( 1158): Content JS WARN at app://homescreen.gaiamobile.org/gaia_build_defer_index.js:184 in isHiddenApp: Unexpected role when checking hidden app: undefined
04-26 08:13:46.454 E/GeckoConsole( 1158): Content JS WARN at app://homescreen.gaiamobile.org/gaia_build_defer_index.js:184 in isHiddenApp: Unexpected role when checking hidden app: undefined
04-26 08:13:46.474 E/GeckoConsole( 1158): Content JS WARN at app://homescreen.gaiamobile.org/gaia_build_defer_index.js:184 in isHiddenApp: Unexpected role when checking hidden app: undefined
04-26 08:13:46.474 E/GeckoConsole( 1158): Content JS WARN at app://homescreen.gaiamobile.org/gaia_build_defer_index.js:184 in isHiddenApp: Unexpected role when checking hidden app: undefined
04-26 08:13:46.474 E/GeckoConsole( 1158): Content JS WARN at app://homescreen.gaiamobile.org/gaia_build_defer_index.js:184 in isHiddenApp: Unexpected role when checking hidden app: undefined
04-26 08:13:46.474 E/GeckoConsole( 1158): Content JS WARN at app://homescreen.gaiamobile.org/gaia_build_defer_index.js:184 in isHiddenApp: Unexpected role when checking hidden app: undefined
04-26 08:13:46.474 E/GeckoConsole( 1158): Content JS WARN at app://homescreen.gaiamobile.org/gaia_build_defer_index.js:184 in isHiddenApp: Unexpected role when checking hidden app: undefined
04-26 08:13:46.474 E/GeckoConsole( 1158): Content JS WARN at app://homescreen.gaiamobile.org/gaia_build_defer_index.js:184 in isHiddenApp: Unexpected role when checking hidden app: undefined
04-26 08:13:46.474 E/GeckoConsole( 1158): Content JS WARN at app://homescreen.gaiamobile.org/gaia_build_defer_index.js:184 in isHiddenApp: Unexpected role when checking hidden app: undefined
04-26 08:13:46.474 E/GeckoConsole( 1158): Content JS WARN at app://homescreen.gaiamobile.org/gaia_build_defer_index.js:184 in isHiddenApp: Unexpected role when checking hidden app: undefined
04-26 08:13:46.474 E/GeckoConsole( 1158): Content JS WARN at app://homescreen.gaiamobile.org/gaia_build_defer_index.js:184 in isHiddenApp: Unexpected role when checking hidden app: undefined
04-26 08:13:46.474 E/GeckoConsole( 1158): Content JS WARN at app://homescreen.gaiamobile.org/gaia_build_defer_index.js:184 in isHiddenApp: Unexpected role when checking hidden app: undefined
04-26 08:13:46.474 E/GeckoConsole( 1158): Content JS WARN at app://homescreen.gaiamobile.org/gaia_build_defer_index.js:184 in isHiddenApp: Unexpected role when checking hidden app: undefined
04-26 08:13:46.474 E/GeckoConsole( 1158): Content JS WARN at app://homescreen.gaiamobile.org/gaia_build_defer_index.js:184 in isHiddenApp: Unexpected role when checking hidden app: undefined
04-26 08:13:46.474 E/GeckoConsole( 1158): Content JS WARN at app://homescreen.gaiamobile.org/gaia_build_defer_index.js:184 in isHiddenApp: Unexpected role when checking hidden app: undefined
04-26 08:13:46.474 E/GeckoConsole( 1158): Content JS WARN at app://homescreen.gaiamobile.org/gaia_build_defer_index.js:184 in isHiddenApp: Unexpected role when checking hidden app: undefined
04-26 08:13:46.474 E/GeckoConsole( 1158): Content JS WARN at app://homescreen.gaiamobile.org/gaia_build_defer_index.js:184 in isHiddenApp: Unexpected role when checking hidden app: undefined
04-26 08:13:46.474 E/GeckoConsole( 1158): Content JS WARN at app://homescreen.gaiamobile.org/gaia_build_defer_index.js:184 in isHiddenApp: Unexpected role when checking hidden app: undefined
04-26 08:13:46.474 E/GeckoConsole( 1158): Content JS WARN at app://homescreen.gaiamobile.org/gaia_build_defer_index.js:184 in isHiddenApp: Unexpected role when checking hidden app: undefined
04-26 08:13:46.474 E/GeckoConsole( 1158): Content JS WARN at app://homescreen.gaiamobile.org/gaia_build_defer_index.js:184 in isHiddenApp: Unexpected role when checking hidden app: undefined
04-26 08:13:46.504 E/GeckoConsole( 1158): Content JS WARN at app://homescreen.gaiamobile.org/gaia_build_defer_index.js:184 in isHiddenApp: Unexpected role when checking hidden app: undefined
04-26 08:13:46.504 E/GeckoConsole( 1158): Content JS WARN at app://homescreen.gaiamobile.org/gaia_build_defer_index.js:184 in isHiddenApp: Unexpected role when checking hidden app: undefined
04-26 08:13:46.504 E/GeckoConsole( 1158): Content JS WARN at app://homescreen.gaiamobile.org/gaia_build_defer_index.js:184 in isHiddenApp: Unexpected role when checking hidden app: undefined
04-26 08:13:46.504 E/GeckoConsole( 1158): Content JS WARN at app://homescreen.gaiamobile.org/gaia_build_defer_index.js:184 in isHiddenApp: Unexpected role when checking hidden app: undefined
04-26 08:13:46.504 E/GeckoConsole( 1158): Content JS WARN at app://homescreen.gaiamobile.org/gaia_build_defer_index.js:184 in isHiddenApp: Unexpected role when checking hidden app: undefined
04-26 08:13:46.504 E/GeckoConsole( 1158): Content JS WARN at app://homescreen.gaiamobile.org/gaia_build_defer_index.js:184 in isHiddenApp: Unexpected role when checking hidden app: undefined
04-26 08:13:46.504 E/GeckoConsole( 1158): Content JS WARN at app://homescreen.gaiamobile.org/gaia_build_defer_index.js:184 in isHiddenApp: Unexpected role when checking hidden app: undefined
04-26 08:13:46.504 E/GeckoConsole( 1158): Content JS WARN at app://homescreen.gaiamobile.org/gaia_build_defer_index.js:184 in isHiddenApp: Unexpected role when checking hidden app: undefined
04-26 08:13:46.504 E/GeckoConsole( 1158): Content JS WARN at app://homescreen.gaiamobile.org/gaia_build_defer_index.js:184 in isHiddenApp: Unexpected role when checking hidden app: undefined
04-26 08:13:46.504 E/GeckoConsole( 1158): Content JS WARN at app://homescreen.gaiamobile.org/gaia_build_defer_index.js:184 in isHiddenApp: Unexpected role when checking hidden app: undefined
04-26 08:13:46.514 I/Gecko   (   84): 1398525226533	Marionette	INFO	sendToClient: {"from":"0","ok":true}, {256cecb8-ba12-45d9-8cbf-3b9df0f8543a}, {256cecb8-ba12-45d9-8cbf-3b9df0f8543a}
04-26 08:13:46.524 I/Gecko   (   84): 1398525226540	Marionette	DEBUG	Got request: executeWithCallback, data: {"to":"0","sessionId":"3-b2g","name":"executeAsyncScript","parameters":{"specialPowers":false,"scriptTimeout":30000,"newSandbox":true,"args":[],"filename":"app_checker.py","script":"GaiaApps.launchWithManifestURL('https://marketplace.firefox.com/app/b4a866d3-61c3-44fa-90c9-445f48fc397d/manifest.webapp')","line":106}}, id: {edeeb8bb-25d2-4aa3-be6e-ba9bddca75c2}
04-26 08:13:46.594 W/WifiHW  (   84): wifi_command: SIGNAL_POLL
04-26 08:13:46.804 I/Gonk    (   84): Setting nice for pid 1166 to 18
04-26 08:13:46.804 I/Gonk    (   84): Changed nice for pid 1166 from 18 to 18.
04-26 08:13:46.814 I/Gecko   (   84): [Parent 84] WARNING: waitpid failed pid:1166 errno:10: file ../../../gecko/ipc/chromium/src/base/process_util_posix.cc, line 254
04-26 08:13:46.814 I/Gonk    (   84): Setting nice for pid 1166 to 1
04-26 08:13:46.814 I/Gonk    (   84): Changed nice for pid 1166 from 18 to 1.
04-26 08:13:46.974 E/GeckoConsole(   84): Content JS LOG at dummy file:334 in GaiaApps.launch: launching app with name 'Lamp Light Torch'
04-26 08:13:47.284 I/Gonk    (   84): Setting nice for pid 1232 to 18
04-26 08:13:47.284 I/Gonk    (   84): Changed nice for pid 1232 from 0 to 18.
04-26 08:13:47.394 E/[Gralloc-ERROR](   84): int gralloc_register_buffer(const gralloc_module_t*, const native_handle_t*):79 Unable to register handle 0x45e42e20 coming from different process: 84
04-26 08:13:47.404 E/[Gralloc-ERROR](   84): int gralloc_register_buffer(const gralloc_module_t*, const native_handle_t*):79 Unable to register handle 0x45e42f60 coming from different process: 84
04-26 08:13:47.514 E/[Gralloc-ERROR](   84): int gralloc_register_buffer(const gralloc_module_t*, const native_handle_t*):79 Unable to register handle 0x45e523d0 coming from different process: 84
04-26 08:13:47.514 E/[Gralloc-ERROR](   84): int gralloc_register_buffer(const gralloc_module_t*, const native_handle_t*):79 Unable to register handle 0x45e52560 coming from different process: 84
04-26 08:13:47.644 D/Sensors (   84): activate handle=0; drv=0
04-26 08:13:47.654 D/Sensors (   84): Lis3dhSensor: Control set 1
04-26 08:13:47.654 D/Sensors (   84): Lis3dhSensor: mEnabled = 1
04-26 08:13:47.744 I/Gonk    (   84): Setting nice for pid 1158 to 18
04-26 08:13:47.744 I/Gonk    (   84): Changed nice for pid 1158 from 1 to 18.
04-26 08:13:48.974 I/Gecko   (   84): [Parent 84] WARNING: pipe error (125): Connection reset by peer: file ../../../gecko/ipc/chromium/src/chrome/common/ipc_channel_posix.cc, line 446
04-26 08:13:48.994 I/Gecko   (   84): 
04-26 08:13:48.994 I/Gecko   (   84): ###!!! [Parent][MessageChannel] Error: Channel error: cannot send/recv
04-26 08:13:48.994 I/Gecko   (   84): 
04-26 08:13:49.044 I/GeckoDump(   84): Crash reporter : Can't fetch app.reportCrashes. Exception: [Exception... "Component returned failure code: 0x8000ffff (NS_ERROR_UNEXPECTED) [nsIPrefBranch.getBoolPref]"  nsresult: "0x8000ffff (NS_ERROR_UNEXPECTED)"  location: "JS frame :: chrome://browser/content/shell.js :: shell_reportCrash :: line 7"  data: no]
04-26 08:13:49.044 I/Gecko   (   84): [Parent 84] WARNING: waitpid failed pid:1158 errno:10: file ../../../gecko/ipc/chromium/src/base/process_util_posix.cc, line 254
04-26 08:13:49.044 E/GeckoConsole(   84): [JavaScript Error: "AbortError"]
04-26 08:13:49.064 I/Gecko   (   84): 1398525229078	Marionette	INFO	sendToClient: {"from":"0","error":{"message":"AbortError","status":17,"stacktrace":"@, line 0"}}, {edeeb8bb-25d2-4aa3-be6e-ba9bddca75c2}, {edeeb8bb-25d2-4aa3-be6e-ba9bddca75c2}
04-26 08:13:49.134 I/Gecko   ( 1166): ###################################### forms.js loaded
04-26 08:13:49.134 I/Gecko   (   84): 1398525229153	Marionette	DEBUG	Got request: switchToFrame, data: {"to":"0","sessionId":"3-b2g","name":"switchToFrame","parameters":{"id":null,"focus":true}}, id: {ed1c4d8b-14fe-4324-a752-3ce707c43441}
04-26 08:13:49.154 I/Gecko   (   84): 1398525229168	Marionette	INFO	Switched to frame: {"frameValue":null}
04-26 08:13:49.164 I/Gecko   ( 1166): ############################### browserElementPanning.js loaded
04-26 08:13:49.184 I/Gecko   ( 1166): ######################## BrowserElementChildPreload.js loaded
04-26 08:13:49.364 I/Gecko   (   84): 1398525229382	Marionette	INFO	sendToClient: {"from":"0","ok":true}, {ed1c4d8b-14fe-4324-a752-3ce707c43441}, {ed1c4d8b-14fe-4324-a752-3ce707c43441}
04-26 08:13:49.384 I/Gecko   (   84): 1398525229403	Marionette	DEBUG	Got request: executeWithCallback, data: {"to":"0","sessionId":"3-b2g","name":"executeAsyncScript","parameters":{"specialPowers":false,"scriptTimeout":60000,"newSandbox":true,"args":[],"filename":"app_checker.py","script":"\n        GaiaApps.locateWithManifestURL('https://marketplace.firefox.com/app/b4a866d3-61c3-44fa-90c9-445f48fc397d/manifest.webapp',\n                                       null,\n                                       function uninstall(app) {\n                                       navigator.mozApps.mgmt.uninstall(app);\n                                       marionetteScriptFinished(true);\n                                       });\n        ","line":129}}, id: {2ccaadaf-46a8-462e-8cc8-c29e3e594736}
04-26 08:13:49.414 I/Gecko   (   84): -- webapps.js uninstall https://marketplace.firefox.com/app/b4a866d3-61c3-44fa-90c9-445f48fc397d/manifest.webapp
04-26 08:13:49.644 I/Gecko   (   84): 1398525229656	Marionette	INFO	sendToClient: {"from":"0","value":true}, {2ccaadaf-46a8-462e-8cc8-c29e3e594736}, {2ccaadaf-46a8-462e-8cc8-c29e3e594736}
04-26 08:13:50.014 I/Gonk    (   84): Setting nice for pid 1232 to 18
04-26 08:13:50.014 I/Gonk    (   84): Changed nice for pid 1232 from 18 to 18.
04-26 08:13:50.014 I/Gecko   (   84): [Parent 84] WARNING: waitpid failed pid:1232 errno:10: file ../../../gecko/ipc/chromium/src/base/process_util_posix.cc, line 254
04-26 08:13:50.014 I/Gonk    (   84): Setting nice for pid 1232 to 1
04-26 08:13:50.014 I/Gonk    (   84): Changed nice for pid 1232 from 18 to 1.
04-26 08:13:50.024 I/Gonk    (   84): Setting nice for pid 1166 to 18
04-26 08:13:50.024 I/Gonk    (   84): Changed nice for pid 1166 from 1 to 18.
04-26 08:13:50.034 D/Sensors (   84): activate handle=0; drv=0
04-26 08:13:50.034 D/Sensors (   84): Lis3dhSensor: Control set 0
04-26 08:13:50.034 D/Sensors (   84): Lis3dhSensor: mEnabled = 0
04-26 08:13:50.244 I/log     ( 1247): <4>0[ 417.760471] select 1166 ((Preallocated a), adj 10, size 4610, to kill