04-25 02:57:28.992 I/Gecko   ( 1410): ############################### browserElementPanning.js loaded
04-25 02:57:29.002 I/Gecko   (   84): 1398419849009	Marionette	INFO	sendToClient: {"from":"0","value":""}, {454e0c49-d6b7-4259-88da-d0605547cd6c}, {454e0c49-d6b7-4259-88da-d0605547cd6c}
04-25 02:57:29.022 I/Gecko   (   84): 1398419849029	Marionette	INFO	sendToClient: {"from":"0","value":""}, {35930175-b7df-4c07-be77-24a811a10e50}, {35930175-b7df-4c07-be77-24a811a10e50}
04-25 02:57:29.042 I/Gecko   ( 1410): ######################## BrowserElementChildPreload.js loaded
04-25 02:57:29.042 I/Gecko   (   84): 1398419849055	Marionette	INFO	sendToClient: {"from":"0","value":""}, {b0f763cb-e766-4e1e-ac60-bfe072e99997}, {b0f763cb-e766-4e1e-ac60-bfe072e99997}
04-25 02:57:29.082 I/Gecko   (   84): 1398419849097	Marionette	INFO	sendToClient: {"from":"0","value":""}, {1621c8cd-0cb9-40ac-924f-f382d748123c}, {1621c8cd-0cb9-40ac-924f-f382d748123c}
04-25 02:57:29.152 I/Gecko   (   84): 1398419849153	Marionette	INFO	sendToClient: {"from":"0","value":""}, {c91e6d2a-9265-4a64-a428-e4ee2691e769}, {c91e6d2a-9265-4a64-a428-e4ee2691e769}
04-25 02:57:29.172 I/Gecko   (   84): 1398419849187	Marionette	INFO	sendToClient: {"from":"0","value":""}, {168c40f9-76af-4153-b2b9-7e6a86ee7f0e}, {168c40f9-76af-4153-b2b9-7e6a86ee7f0e}
04-25 02:57:29.212 I/Gecko   (   84): 1398419849225	Marionette	INFO	sendToClient: {"from":"0","value":""}, {df772af1-e365-4fb1-8b3f-1c2b7e873d73}, {df772af1-e365-4fb1-8b3f-1c2b7e873d73}
04-25 02:57:29.272 I/Gecko   (   84): 1398419849287	Marionette	INFO	sendToClient: {"from":"0","value":""}, {22428d9a-c4de-4bd1-9fd6-2decaea17699}, {22428d9a-c4de-4bd1-9fd6-2decaea17699}
04-25 02:57:29.322 I/Gecko   (   84): 1398419849334	Marionette	INFO	sendToClient: {"from":"0","value":""}, {91e3115a-c912-4073-8a1a-0e0dfc101375}, {91e3115a-c912-4073-8a1a-0e0dfc101375}
04-25 02:57:29.342 I/Gecko   (   84): 1398419849354	Marionette	INFO	sendToClient: {"from":"0","value":""}, {c6e4490b-1856-4c27-99d8-1273e08089d1}, {c6e4490b-1856-4c27-99d8-1273e08089d1}
04-25 02:57:29.352 I/Gecko   (   84): 1398419849367	Marionette	INFO	sendToClient: {"from":"0","value":""}, {84fa9c29-f6d3-4edb-8025-4e4247b42897}, {84fa9c29-f6d3-4edb-8025-4e4247b42897}
04-25 02:57:29.392 E/GeckoConsole(   84): [JavaScript Error: "Error installing app from: https://marketplace.firefox.com: INVALID_MANIFEST" {file: "resource://gre/modules/Webapps.jsm" line: 215}]
04-25 02:57:29.422 I/Gecko   (   84): 1398419849429	Marionette	INFO	sendToClient: {"from":"0","value":""}, {86ec9fe0-6d1c-4c1c-90ff-3376c54effee}, {86ec9fe0-6d1c-4c1c-90ff-3376c54effee}
04-25 02:57:29.442 I/Gecko   (   84): 1398419849455	Marionette	INFO	sendToClient: {"from":"0","value":""}, {92e5e4b5-edf1-4f41-847b-c50f86022dc6}, {92e5e4b5-edf1-4f41-847b-c50f86022dc6}
04-25 02:57:29.472 I/Gecko   (   84): 1398419849479	Marionette	INFO	sendToClient: {"from":"0","value":""}, {c27c44ee-e57e-4583-9a76-02e629c296ba}, {c27c44ee-e57e-4583-9a76-02e629c296ba}
04-25 02:57:29.542 I/Gecko   (   84): 1398419849550	Marionette	INFO	sendToClient: {"from":"0","value":""}, {41677828-165c-4f10-99c3-db1c10c33f09}, {41677828-165c-4f10-99c3-db1c10c33f09}
04-25 02:57:29.632 I/Gecko   (   84): 1398419849639	Marionette	INFO	sendToClient: {"from":"0","value":""}, {f0a90c25-372b-493d-9fc9-5b33092c5bb0}, {f0a90c25-372b-493d-9fc9-5b33092c5bb0}
04-25 02:57:29.662 I/Gecko   (   84): 1398419849677	Marionette	INFO	sendToClient: {"from":"0","value":""}, {02788862-4f74-41dc-8f6d-07122a8a478e}, {02788862-4f74-41dc-8f6d-07122a8a478e}
04-25 02:57:29.732 I/Gecko   (   84): 1398419849747	Marionette	INFO	sendToClient: {"from":"0","value":""}, {84296f36-56f4-4058-9365-696e1b7aa09a}, {84296f36-56f4-4058-9365-696e1b7aa09a}
04-25 02:57:29.772 I/Gecko   (   84): 1398419849782	Marionette	INFO	sendToClient: {"from":"0","value":""}, {a3c05989-88d2-4dd7-ac15-b91544172e16}, {a3c05989-88d2-4dd7-ac15-b91544172e16}
04-25 02:57:29.842 I/Gecko   (   84): 1398419849857	Marionette	INFO	sendToClient: {"from":"0","value":""}, {fae23377-1cc9-4382-9321-999767378862}, {fae23377-1cc9-4382-9321-999767378862}
04-25 02:57:29.872 I/Gecko   (   84): 1398419849881	Marionette	INFO	sendToClient: {"from":"0","value":""}, {3199747c-1aa5-45b6-8216-6fd2c9cf1986}, {3199747c-1aa5-45b6-8216-6fd2c9cf1986}
04-25 02:57:29.902 I/Gecko   (   84): 1398419849915	Marionette	INFO	sendToClient: {"from":"0","value":""}, {9fe39658-87f4-459c-9cf0-be35a7932664}, {9fe39658-87f4-459c-9cf0-be35a7932664}
04-25 02:57:29.932 I/Gecko   (   84): 1398419849942	Marionette	INFO	sendToClient: {"from":"0","value":""}, {1d96cbc6-a166-4ed7-895e-a19e385eaceb}, {1d96cbc6-a166-4ed7-895e-a19e385eaceb}
04-25 02:57:29.962 I/Gecko   (   84): 1398419849970	Marionette	INFO	sendToClient: {"from":"0","value":""}, {4628ab66-111a-44d1-9c0e-9cb13ee1d6af}, {4628ab66-111a-44d1-9c0e-9cb13ee1d6af}
04-25 02:57:29.992 I/Gecko   (   84): 1398419849999	Marionette	INFO	sendToClient: {"from":"0","value":""}, {1e160e52-e174-4878-807a-7f5b19d4cd03}, {1e160e52-e174-4878-807a-7f5b19d4cd03}
04-25 02:57:30.022 I/Gecko   (   84): 1398419850034	Marionette	INFO	sendToClient: {"from":"0","value":""}, {de9e2580-4d76-418c-a982-9654c8fadc99}, {de9e2580-4d76-418c-a982-9654c8fadc99}
04-25 02:57:30.422 I/Gecko   ( 1410): ###################################### forms.js loaded
04-25 02:57:30.462 I/Gecko   ( 1410): ############################### browserElementPanning.js loaded
04-25 02:57:30.572 I/Gecko   (   84): 1398419850586	Marionette	INFO	sendToClient: {"from":"0","value":""}, {840ae906-1b70-4785-a14a-3dbbbdc2984d}, {840ae906-1b70-4785-a14a-3dbbbdc2984d}
04-25 02:57:30.602 I/Gecko   (   84): 1398419850613	Marionette	INFO	sendToClient: {"from":"0","value":""}, {c619d523-4a77-4d18-a9fe-3570fd281fbf}, {c619d523-4a77-4d18-a9fe-3570fd281fbf}
04-25 02:57:30.632 I/Gecko   (   84): 1398419850645	Marionette	INFO	sendToClient: {"from":"0","value":""}, {6111ae99-f065-45c7-97cb-77704da3e0f7}, {6111ae99-f065-45c7-97cb-77704da3e0f7}
04-25 02:57:30.642 W/WifiHW  (   84): wifi_command: SIGNAL_POLL
04-25 02:57:30.672 I/Gecko   (   84): 1398419850687	Marionette	INFO	sendToClient: {"from":"0","value":""}, {3429412b-6af8-452f-ad0d-1db7a5249cff}, {3429412b-6af8-452f-ad0d-1db7a5249cff}
04-25 02:57:30.692 I/Gecko   ( 1410): ######################## BrowserElementChildPreload.js loaded
04-25 02:57:30.762 I/GeckoDump(   84): XXX FIXME : Got a mozContentEvent: undefined
04-25 02:57:30.762 I/Gecko   (   84): 1398419850773	Marionette	INFO	sendToClient: {"from":"0","value":""}, {1c0dd576-b2a0-426e-b988-07c09d695cbf}, {1c0dd576-b2a0-426e-b988-07c09d695cbf}
04-25 02:57:30.872 I/Gecko   (   84): 1398419850879	Marionette	INFO	sendToClient: {"from":"0","value":""}, {3d28d30d-0fc9-4162-aa4a-452d3f287192}, {3d28d30d-0fc9-4162-aa4a-452d3f287192}
04-25 02:57:30.922 I/Gecko   (   84): 1398419850933	Marionette	INFO	sendToClient: {"from":"0","value":""}, {60a90fdd-597f-4741-bf3b-68cb6afd5a2b}, {60a90fdd-597f-4741-bf3b-68cb6afd5a2b}
04-25 02:57:31.002 I/Gecko   (   84): 1398419851009	Marionette	INFO	sendToClient: {"from":"0","value":""}, {d5a39c5a-f374-46a9-8eed-10b07bd1b6ad}, {d5a39c5a-f374-46a9-8eed-10b07bd1b6ad}
04-25 02:57:31.062 I/Gecko   (   84): 1398419851069	Marionette	INFO	sendToClient: {"from":"0","value":""}, {6581fd6c-f734-48a0-85c6-993596fd2065}, {6581fd6c-f734-48a0-85c6-993596fd2065}
04-25 02:57:31.122 I/Gonk    (   84): Setting nice for pid 1430 to 18
04-25 02:57:31.122 I/Gonk    (   84): Changed nice for pid 1430 from 0 to 18.
04-25 02:57:31.262 I/Gecko   (   84): 1398419851274	Marionette	INFO	sendToClient: {"from":"0","value":""}, {61b0a4b2-f1a8-4e4f-8349-421d7fbd032b}, {61b0a4b2-f1a8-4e4f-8349-421d7fbd032b}
04-25 02:57:31.432 I/Gecko   (   84): 1398419851447	Marionette	INFO	sendToClient: {"from":"0","value":""}, {7c43b26e-c3a6-4197-8412-34fe82e20d92}, {7c43b26e-c3a6-4197-8412-34fe82e20d92}
04-25 02:57:31.582 I/Gecko   (   84): 1398419851588	Marionette	INFO	sendToClient: {"from":"0","value":""}, {9702b438-42b7-447f-ab65-aa660b55183c}, {9702b438-42b7-447f-ab65-aa660b55183c}
04-25 02:57:31.682 I/Gecko   (   84): 1398419851691	Marionette	INFO	sendToClient: {"from":"0","value":""}, {e8134198-41db-45bc-92a1-381080311148}, {e8134198-41db-45bc-92a1-381080311148}
04-25 02:57:32.012 I/Gecko   (   84): 1398419852019	Marionette	INFO	sendToClient: {"from":"0","value":""}, {94cb6b50-e7a3-443d-8b08-a33dbd791f5c}, {94cb6b50-e7a3-443d-8b08-a33dbd791f5c}
04-25 02:57:32.092 I/Gecko   (   84): 1398419852099	Marionette	INFO	sendToClient: {"from":"0","value":""}, {27cd3d08-22cd-4efc-b5b1-e03eafa1ada3}, {27cd3d08-22cd-4efc-b5b1-e03eafa1ada3}
04-25 02:57:32.122 I/Gecko   (   84): 1398419852136	Marionette	INFO	sendToClient: {"from":"0","value":""}, {a57d3921-7519-42a8-a41b-36070972d8cd}, {a57d3921-7519-42a8-a41b-36070972d8cd}
04-25 02:57:32.202 I/Gecko   (   84): 1398419852210	Marionette	INFO	sendToClient: {"from":"0","value":""}, {89092e82-d24c-4db9-a1a5-0fc6fa05d811}, {89092e82-d24c-4db9-a1a5-0fc6fa05d811}
04-25 02:57:32.302 I/Gecko   (   84): 1398419852308	Marionette	INFO	sendToClient: {"from":"0","value":""}, {ab8de7a2-cf77-4e1b-ab00-19be5c07350c}, {ab8de7a2-cf77-4e1b-ab00-19be5c07350c}
04-25 02:57:32.342 I/Gecko   (   84): 1398419852353	Marionette	INFO	sendToClient: {"from":"0","value":""}, {d00ce538-acc5-4cea-ba11-3905c4ba99aa}, {d00ce538-acc5-4cea-ba11-3905c4ba99aa}
04-25 02:57:32.412 I/Gecko   (   84): 1398419852419	Marionette	INFO	sendToClient: {"from":"0","value":""}, {72ebf4fd-0ee9-4723-94e4-a4e12e497255}, {72ebf4fd-0ee9-4723-94e4-a4e12e497255}
04-25 02:57:32.452 I/Gecko   (   84): 1398419852461	Marionette	INFO	sendToClient: {"from":"0","value":""}, {bb8e1a11-e1ca-447c-b0eb-2e9a71b6e961}, {bb8e1a11-e1ca-447c-b0eb-2e9a71b6e961}
04-25 02:57:32.502 I/Gecko   (   84): 1398419852512	Marionette	INFO	sendToClient: {"from":"0","value":""}, {15a305d5-4a40-4d8f-ad5d-2a163c51e38a}, {15a305d5-4a40-4d8f-ad5d-2a163c51e38a}
04-25 02:57:32.522 I/Gecko   (   84): 1398419852537	Marionette	INFO	sendToClient: {"from":"0","value":""}, {df53e3b5-1570-4048-ba2a-08701f1fe878}, {df53e3b5-1570-4048-ba2a-08701f1fe878}
04-25 02:57:32.542 I/Gecko   (   84): 1398419852548	Marionette	INFO	sendToClient: {"from":"0","value":""}, {faeac0aa-4f94-4504-bac1-f8580d18492c}, {faeac0aa-4f94-4504-bac1-f8580d18492c}
04-25 02:57:32.572 I/Gecko   (   84): 1398419852578	Marionette	INFO	sendToClient: {"from":"0","value":""}, {2ff6aec6-4930-484c-85e5-79a0bb4e0b4d}, {2ff6aec6-4930-484c-85e5-79a0bb4e0b4d}
04-25 02:57:32.592 E/GeckoConsole( 1410): [JavaScript Error: "uncaught exception: target window is same as present window -- not allowed"]
04-25 02:57:32.612 I/Gecko   (   84): 1398419852619	Marionette	INFO	sendToClient: {"from":"0","value":""}, {7ea05569-d7fb-4274-9c3e-423e3ad6d609}, {7ea05569-d7fb-4274-9c3e-423e3ad6d609}
04-25 02:57:32.622 I/Gecko   (   84): 1398419852632	Marionette	DEBUG	Got request: switchToFrame, data: {"to":"0","sessionId":"3-b2g","name":"switchToFrame","parameters":{"id":null,"focus":true}}, id: {c2bdffdb-f81d-4242-b916-e0c136643a4c}
04-25 02:57:32.622 I/Gecko   (   84): 1398419852634	Marionette	INFO	Switched to frame: {"frameValue":null}
04-25 02:57:32.752 I/Gecko   (   84): 1398419852761	Marionette	INFO	sendToClient: {"from":"0","ok":true}, {c2bdffdb-f81d-4242-b916-e0c136643a4c}, {c2bdffdb-f81d-4242-b916-e0c136643a4c}
04-25 02:57:32.772 I/Gecko   (   84): 1398419852783	Marionette	DEBUG	Got request: switchToFrame, data: {"to":"0","sessionId":"3-b2g","name":"switchToFrame","parameters":{"id":null,"focus":true}}, id: {ef7b5244-67c7-4eae-af82-f29d6936bc74}
04-25 02:57:32.782 I/Gecko   (   84): 1398419852788	Marionette	INFO	Switched to frame: {"frameValue":null}
04-25 02:57:33.612 I/GeckoDump(   84): XXX FIXME : Got a mozContentEvent: undefined
04-25 02:57:33.822 I/Gecko   ( 1410): WARNING: child tried to open http IPDL channel w/o security info
04-25 02:57:33.832 E/GeckoConsole(   84): Content JS LOG at https://marketplace.cdn.mozilla.net/media/fireplace/js/include.js?b=1398192110201:5 in s/<: [mkt] Reloading chrome
04-25 02:57:33.832 I/Gecko   ( 1410): WARNING: child tried to open http IPDL channel w/o security info
04-25 02:57:33.832 I/Gecko   ( 1410): WARNING: child tried to open http IPDL channel w/o security info
04-25 02:57:33.832 I/Gecko   ( 1410): WARNING: child tried to open http IPDL channel w/o security info
04-25 02:57:33.832 I/Gecko   ( 1410): WARNING: child tried to open http IPDL channel w/o security info
04-25 02:57:33.832 I/Gecko   ( 1410): WARNING: child tried to open http IPDL channel w/o security info
04-25 02:57:33.832 I/Gecko   ( 1410): WARNING: child tried to open http IPDL channel w/o security info
04-25 02:57:33.832 I/Gecko   ( 1410): WARNING: child tried to open http IPDL channel w/o security info
04-25 02:57:33.832 I/Gecko   ( 1410): WARNING: child tried to open http IPDL channel w/o security info
04-25 02:57:33.922 I/Gecko   (   84): 1398419853932	Marionette	INFO	sendToClient: {"from":"0","ok":true}, {ef7b5244-67c7-4eae-af82-f29d6936bc74}, {ef7b5244-67c7-4eae-af82-f29d6936bc74}
04-25 02:57:33.972 I/Gecko   (   84): [Parent 84] WARNING: waitpid failed pid:1410 errno:10: file ../../../gecko/ipc/chromium/src/base/process_util_posix.cc, line 254
04-25 02:57:33.972 I/Gecko   (   84): 1398419853985	Marionette	DEBUG	Got request: executeWithCallback, data: {"to":"0","sessionId":"3-b2g","name":"executeAsyncScript","parameters":{"specialPowers":false,"scriptTimeout":null,"newSandbox":true,"args":[],"filename":"gaia_test.py","script":"return GaiaApps.displayedApp();","line":66}}, id: {bc5c5e6f-54c3-4610-82b3-777ddfe40f60}
04-25 02:57:34.082 E/GeckoConsole(   84): Content JS LOG at dummy file:392 in GaiaApps.displayedApp: app with origin 'app://browser.gaiamobile.org' is displayed
04-25 02:57:34.082 I/Gecko   (   84): 1398419854094	Marionette	INFO	sendToClient: {"from":"0","value":{"frame":{"ELEMENT":"{6d14c0e9-ffb7-448d-b337-fe1088502094}"},"src":"app://browser.gaiamobile.org/index.html","name":"Browser","origin":"app://browser.gaiamobile.org"}}, {bc5c5e6f-54c3-4610-82b3-777ddfe40f60}, {bc5c5e6f-54c3-4610-82b3-777ddfe40f60}
04-25 02:57:34.092 I/Gecko   (   84): 1398419854100	Marionette	DEBUG	Got request: switchToFrame, data: {"to":"0","sessionId":"3-b2g","name":"switchToFrame","parameters":{"focus":true,"element":"{6d14c0e9-ffb7-448d-b337-fe1088502094}"}}, id: {f1fc6c92-4188-4b98-a8bb-22432ee21682}
04-25 02:57:34.102 I/Gecko   (   84): 1398419854117	Marionette	INFO	Switched to frame: {"frameValue":"{6d14c0e9-ffb7-448d-b337-fe1088502094}"}
04-25 02:57:34.222 I/Gecko   (   84): 1398419854231	Marionette	INFO	sendToClient: {"from":"0","ok":true}, {f1fc6c92-4188-4b98-a8bb-22432ee21682}, {f1fc6c92-4188-4b98-a8bb-22432ee21682}
04-25 02:57:34.222 I/Gecko   (   84): 1398419854238	Marionette	INFO	sendToClient: {"from":"0","value":"https://marketplace.firefox.com/"}, {b461bd0b-c425-4dab-9c12-a39d9c2b76bf}, {b461bd0b-c425-4dab-9c12-a39d9c2b76bf}
04-25 02:57:34.252 I/Gecko   (   84): 1398419854260	Marionette	DEBUG	Got request: execute, data: {"to":"0","sessionId":"3-b2g","name":"executeScript","parameters":{"specialPowers":false,"scriptTimeout":null,"newSandbox":true,"args":[],"filename":"app_checker.py","script":"return window.wrappedJSObject.marionette_install_result","line":339}}, id: {89183c6b-b9ff-421b-bac8-ba6e92282263}
04-25 02:57:34.282 I/Gecko   (   84): 1398419854291	Marionette	INFO	sendToClient: {"from":"0","value":"INVALID_MANIFEST"}, {89183c6b-b9ff-421b-bac8-ba6e92282263}, {89183c6b-b9ff-421b-bac8-ba6e92282263}
04-25 02:57:34.322 I/Gecko   (   84): 1398419854330	Marionette	DEBUG	Got request: switchToFrame, data: {"to":"0","sessionId":"3-b2g","name":"switchToFrame","parameters":{"id":null,"focus":true}}, id: {407f0619-4b4b-48f5-98f6-9175a8dfbaa2}
04-25 02:57:34.322 I/Gecko   (   84): 1398419854332	Marionette	INFO	Switched to frame: {"frameValue":null}
04-25 02:57:34.332 I/Gecko   ( 1430): ###################################### forms.js loaded
04-25 02:57:34.342 I/Gecko   ( 1430): ############################### browserElementPanning.js loaded
04-25 02:57:34.372 I/Gecko   ( 1430): ######################## BrowserElementChildPreload.js loaded
04-25 02:57:35.112 I/Gecko   (   84): 1398419855118	Marionette	INFO	sendToClient: {"from":"0","ok":true}, {407f0619-4b4b-48f5-98f6-9175a8dfbaa2}, {407f0619-4b4b-48f5-98f6-9175a8dfbaa2}
04-25 02:57:35.122 I/Gecko   (   84): 1398419855128	Marionette	DEBUG	Got request: executeWithCallback, data: {"to":"0","sessionId":"3-b2g","name":"executeAsyncScript","parameters":{"specialPowers":false,"scriptTimeout":60000,"newSandbox":true,"args":[],"filename":"app_checker.py","script":"\n        GaiaApps.locateWithManifestURL('http://www.lanadelrey.com/manifest.webapp',\n                                       null,\n                                       function uninstall(app) {\n                                       navigator.mozApps.mgmt.uninstall(app);\n                                       marionetteScriptFinished(true);\n                                       });\n        ","line":129}}, id: {8cb86643-da9c-4b6b-840d-ef7fda59f685}
04-25 02:57:35.142 I/Gecko   (   84): 1398419855157	Marionette	INFO	sendToClient: {"from":"0","error":{"message":"TypeError: app is null","status":17,"stacktrace":"execute_async_script @app_checker.py, line 129\ninline javascript, line 221\nsrc: \"      appName = app.manifest.name;\""}}, {8cb86643-da9c-4b6b-840d-ef7fda59f685}, {8cb86643-da9c-4b6b-840d-ef7fda59f685}