--------- beginning of /dev/log/main
04-27 04:11:11.313 I/Gecko   (   84): 1398597071321	Marionette	INFO	sendToClient: {"from":"0","ok":true}, {0ce806fe-bfbb-49ae-b17e-82cfbfaf965d}, {0ce806fe-bfbb-49ae-b17e-82cfbfaf965d}
04-27 04:11:11.333 I/Gecko   (   84): 1398597071341	Marionette	DEBUG	Got request: switchToFrame, data: {"to":"0","sessionId":"3-b2g","name":"switchToFrame","parameters":{"id":null,"focus":true}}, id: {07012766-fb6c-44a6-8c87-adccf91d21f3}
04-27 04:11:11.333 I/Gecko   (   84): 1398597071343	Marionette	INFO	Switched to frame: {"frameValue":null}
04-27 04:11:11.443 I/Gecko   (   84): 1398597071446	Marionette	INFO	sendToClient: {"from":"0","ok":true}, {07012766-fb6c-44a6-8c87-adccf91d21f3}, {07012766-fb6c-44a6-8c87-adccf91d21f3}
04-27 04:11:11.443 I/Gecko   (   84): 1398597071452	Marionette	DEBUG	Got request: executeWithCallback, data: {"to":"0","sessionId":"3-b2g","name":"executeAsyncScript","parameters":{"specialPowers":false,"scriptTimeout":null,"newSandbox":true,"args":[],"filename":"gaia_test.py","script":"return GaiaApps.displayedApp();","line":66}}, id: {74d4340e-7d96-4e5d-a9ad-d4e3b94ea11c}
04-27 04:11:11.563 E/GeckoConsole(   84): Content JS LOG at dummy file:392 in GaiaApps.displayedApp: app with origin 'app://homescreen.gaiamobile.org' is displayed
04-27 04:11:11.583 I/Gecko   (   84): 1398597071587	Marionette	INFO	sendToClient: {"from":"0","value":{"frame":{"ELEMENT":"{b6edf31e-e31f-4de3-a0d3-c0c9f9bf5df4}"},"src":"app://homescreen.gaiamobile.org/index.html#root","name":"Homescreen","origin":"app://homescreen.gaiamobile.org"}}, {74d4340e-7d96-4e5d-a9ad-d4e3b94ea11c}, {74d4340e-7d96-4e5d-a9ad-d4e3b94ea11c}
04-27 04:11:11.593 I/Gecko   (   84): 1398597071605	Marionette	DEBUG	Got request: switchToFrame, data: {"to":"0","sessionId":"3-b2g","name":"switchToFrame","parameters":{"id":null,"focus":true}}, id: {83cf6e78-50bc-4533-a64c-7304f4a873de}
04-27 04:11:11.613 I/Gecko   (   84): 1398597071618	Marionette	INFO	Switched to frame: {"frameValue":null}
04-27 04:11:11.733 I/Gecko   (   84): 1398597071736	Marionette	INFO	sendToClient: {"from":"0","ok":true}, {83cf6e78-50bc-4533-a64c-7304f4a873de}, {83cf6e78-50bc-4533-a64c-7304f4a873de}
04-27 04:11:11.733 I/Gecko   (   84): 1398597071743	Marionette	DEBUG	Got request: switchToFrame, data: {"to":"0","sessionId":"3-b2g","name":"switchToFrame","parameters":{"id":null,"focus":true}}, id: {f94ad913-5b86-4477-9b72-6427d2bad276}
04-27 04:11:11.733 I/Gecko   (   84): 1398597071745	Marionette	INFO	Switched to frame: {"frameValue":null}
04-27 04:11:11.843 I/Gecko   (   84): 1398597071849	Marionette	INFO	sendToClient: {"from":"0","ok":true}, {f94ad913-5b86-4477-9b72-6427d2bad276}, {f94ad913-5b86-4477-9b72-6427d2bad276}
04-27 04:11:11.843 I/Gecko   (   84): 1398597071855	Marionette	DEBUG	Got request: executeWithCallback, data: {"to":"0","sessionId":"3-b2g","name":"executeAsyncScript","parameters":{"specialPowers":false,"scriptTimeout":null,"newSandbox":true,"args":[],"filename":"gaia_test.py","script":"return GaiaApps.displayedApp();","line":66}}, id: {908f73c3-6ba5-431f-b1ab-05690973f035}
04-27 04:11:11.933 E/GeckoConsole(   84): Content JS LOG at dummy file:392 in GaiaApps.displayedApp: app with origin 'app://homescreen.gaiamobile.org' is displayed
04-27 04:11:11.933 I/Gecko   (   84): 1398597071940	Marionette	INFO	sendToClient: {"from":"0","value":{"frame":{"ELEMENT":"{b6edf31e-e31f-4de3-a0d3-c0c9f9bf5df4}"},"src":"app://homescreen.gaiamobile.org/index.html#root","name":"Homescreen","origin":"app://homescreen.gaiamobile.org"}}, {908f73c3-6ba5-431f-b1ab-05690973f035}, {908f73c3-6ba5-431f-b1ab-05690973f035}
04-27 04:11:11.953 I/Gecko   (   84): 1398597071964	Marionette	DEBUG	Got request: switchToFrame, data: {"to":"0","sessionId":"3-b2g","name":"switchToFrame","parameters":{"focus":true,"element":"{b6edf31e-e31f-4de3-a0d3-c0c9f9bf5df4}"}}, id: {b1ff5311-2a5a-40bf-9d2e-1e29aadaa9c0}
04-27 04:11:11.983 I/Gecko   (   84): 1398597071990	Marionette	INFO	Switched to frame: {"frameValue":"{b6edf31e-e31f-4de3-a0d3-c0c9f9bf5df4}"}
04-27 04:11:12.013 I/Gecko   (   84): 1398597072020	Marionette	INFO	trying remote frame 0
04-27 04:11:12.023 I/Gecko   (   84): 1398597072027	Marionette	INFO	trying remote frame 1
04-27 04:11:12.033 I/Gecko   (   84): 1398597072037	Marionette	INFO	trying remote frame 2
04-27 04:11:12.033 I/Gecko   (   84): 1398597072038	Marionette	INFO	trying remote frame 3
04-27 04:11:12.033 I/Gecko   (   84): 1398597072039	Marionette	INFO	trying remote frame 4
04-27 04:11:12.033 I/Gecko   (   84): 1398597072040	Marionette	INFO	trying remote frame 5
04-27 04:11:12.053 I/Gecko   (   84): 1398597072059	Marionette	INFO	deleting frame
04-27 04:11:12.053 I/Gecko   (   84): 1398597072064	Marionette	INFO	frame-manager load script: [object ChromeMessageSender]
04-27 04:11:12.113 E/GeckoConsole( 3902): Content JS ERROR at app://homescreen.gaiamobile.org/gaia_build_defer_index.js:390 in loadSVConfFileError: Failed parsing singleVariant configuration file [js/singlevariantconf.json]:  [Exception... "File error: Not found"  nsresult: "0x80520012 (NS_ERROR_FILE_NOT_FOUND)"  location: "JS frame :: app://homescreen.gaiamobile.org/gaia_build_defer_index.js :: loadFile :: line 382"  data: no]
04-27 04:11:12.353 I/Gecko   (   84): 1398597072365	Marionette	INFO	sendToClient: {"from":"0","ok":true}, {b1ff5311-2a5a-40bf-9d2e-1e29aadaa9c0}, {b1ff5311-2a5a-40bf-9d2e-1e29aadaa9c0}
04-27 04:11:12.443 I/Gecko   (   84): 1398597072454	Marionette	INFO	sendToClient: {"from":"0","value":{"ELEMENT":"{27db7b9c-9515-4d4d-a30d-e2814d291f81}"}}, {7d1aab10-b9d3-45a9-b259-7ba125f7918f}, {7d1aab10-b9d3-45a9-b259-7ba125f7918f}
04-27 04:11:12.593 E/GeckoConsole( 3902): [JavaScript Warning: "Use of getAttributeNode() is deprecated. Use getAttribute() instead." {file: "chrome://marionette/content/atoms.js" line: 25}]
04-27 04:11:12.603 E/GeckoConsole( 3902): [JavaScript Warning: "Use of attributes' specified attribute is deprecated. It always returns true." {file: "chrome://marionette/content/atoms.js" line: 25}]
04-27 04:11:12.603 I/Gecko   (   84): 1398597072609	Marionette	INFO	sendToClient: {"from":"0","value":"normal"}, {ec347fc5-368b-44ab-98cd-9692d725e7e7}, {ec347fc5-368b-44ab-98cd-9692d725e7e7}
04-27 04:11:12.603 I/Gecko   (   84): 1398597072615	Marionette	DEBUG	Got request: switchToFrame, data: {"to":"0","sessionId":"3-b2g","name":"switchToFrame","parameters":{"id":null,"focus":true}}, id: {f7de3a79-f424-4a38-8dd0-074cae0b1f08}
04-27 04:11:12.623 I/Gecko   (   84): 1398597072628	Marionette	INFO	Switched to frame: {"frameValue":null}
04-27 04:11:12.723 I/Gecko   (   84): 1398597072731	Marionette	INFO	sendToClient: {"from":"0","ok":true}, {f7de3a79-f424-4a38-8dd0-074cae0b1f08}, {f7de3a79-f424-4a38-8dd0-074cae0b1f08}
04-27 04:11:12.733 I/Gecko   (   84): 1398597072737	Marionette	DEBUG	Got request: execute, data: {"to":"0","sessionId":"3-b2g","name":"executeScript","parameters":{"specialPowers":false,"scriptTimeout":null,"newSandbox":true,"args":[],"filename":"gaia_test.py","script":"window.wrappedJSObject.dispatchEvent(new Event('home'));","line":788}}, id: {b267dd8a-9963-43af-a38c-89d9a36f56d8}
04-27 04:11:12.833 I/Gecko   (   84): 1398597072839	Marionette	INFO	sendToClient: {"from":"0","value":null}, {b267dd8a-9963-43af-a38c-89d9a36f56d8}, {b267dd8a-9963-43af-a38c-89d9a36f56d8}
04-27 04:11:12.843 I/Gecko   (   84): 1398597072849	Marionette	DEBUG	Got request: switchToFrame, data: {"to":"0","sessionId":"3-b2g","name":"switchToFrame","parameters":{"id":null,"focus":true}}, id: {897f329f-63de-4401-918f-e1d9fad4947a}
04-27 04:11:12.853 I/Gecko   (   84): 1398597072858	Marionette	INFO	Switched to frame: {"frameValue":null}
04-27 04:11:12.953 I/Gecko   (   84): 1398597072960	Marionette	INFO	sendToClient: {"from":"0","ok":true}, {897f329f-63de-4401-918f-e1d9fad4947a}, {897f329f-63de-4401-918f-e1d9fad4947a}
04-27 04:11:12.973 I/Gecko   (   84): 1398597072979	Marionette	DEBUG	Got request: switchToFrame, data: {"to":"0","sessionId":"3-b2g","name":"switchToFrame","parameters":{"id":null,"focus":true}}, id: {34bff359-27af-472c-ae95-0c2feafd5c1e}
04-27 04:11:12.973 I/Gecko   (   84): 1398597072982	Marionette	INFO	Switched to frame: {"frameValue":null}
04-27 04:11:13.083 I/Gecko   (   84): 1398597073088	Marionette	INFO	sendToClient: {"from":"0","ok":true}, {34bff359-27af-472c-ae95-0c2feafd5c1e}, {34bff359-27af-472c-ae95-0c2feafd5c1e}
04-27 04:11:13.083 I/Gecko   (   84): 1398597073094	Marionette	DEBUG	Got request: executeWithCallback, data: {"to":"0","sessionId":"3-b2g","name":"executeAsyncScript","parameters":{"specialPowers":false,"scriptTimeout":null,"newSandbox":true,"args":[],"filename":"gaia_test.py","script":"return GaiaApps.displayedApp();","line":66}}, id: {06e5cdc8-8a65-4548-b14a-08f336446c3d}
04-27 04:11:13.153 I/Gecko   (   84): 1398597073164	Marionette	INFO	sendToClient: {"from":"0","value":{"frame":{"ELEMENT":"{b6edf31e-e31f-4de3-a0d3-c0c9f9bf5df4}"},"src":"app://homescreen.gaiamobile.org/index.html#rootSun%20Apr%2027%202014%2004:11:12%20GMT-0700%20(UTC)","name":"Homescreen","origin":"app://homescreen.gaiamobile.org"}}, {06e5cdc8-8a65-4548-b14a-08f336446c3d}, {06e5cdc8-8a65-4548-b14a-08f336446c3d}
04-27 04:11:13.183 E/GeckoConsole(   84): Content JS LOG at dummy file:392 in GaiaApps.displayedApp: app with origin 'app://homescreen.gaiamobile.org' is displayed
04-27 04:11:13.223 I/Gecko   (   84): 1398597073226	Marionette	DEBUG	Got request: switchToFrame, data: {"to":"0","sessionId":"3-b2g","name":"switchToFrame","parameters":{"focus":true,"element":"{b6edf31e-e31f-4de3-a0d3-c0c9f9bf5df4}"}}, id: {5443b4ef-51ee-4d91-bae5-b09377ab179e}
04-27 04:11:13.223 I/Gecko   (   84): 1398597073232	Marionette	INFO	Switched to frame: {"frameValue":"{b6edf31e-e31f-4de3-a0d3-c0c9f9bf5df4}"}
04-27 04:11:13.223 I/Gecko   (   84): 1398597073234	Marionette	INFO	trying remote frame 0
04-27 04:11:13.223 I/Gecko   (   84): 1398597073235	Marionette	INFO	trying remote frame 1
04-27 04:11:13.223 I/Gecko   (   84): 1398597073235	Marionette	INFO	trying remote frame 2
04-27 04:11:13.243 I/Gecko   (   84): 1398597073236	Marionette	INFO	trying remote frame 3
04-27 04:11:13.243 I/Gecko   (   84): 1398597073247	Marionette	INFO	trying remote frame 4
04-27 04:11:13.243 I/Gecko   (   84): 1398597073248	Marionette	INFO	trying remote frame 5
04-27 04:11:13.563 I/Gecko   (   84): 1398597073569	Marionette	INFO	sendToClient: {"from":"0","ok":true}, {5443b4ef-51ee-4d91-bae5-b09377ab179e}, {5443b4ef-51ee-4d91-bae5-b09377ab179e}
04-27 04:11:13.743 I/Gecko   (   84): 1398597073751	Marionette	DEBUG	Got request: execute, data: {"to":"0","sessionId":"3-b2g","name":"executeScript","parameters":{"specialPowers":false,"scriptTimeout":null,"newSandbox":true,"args":[],"filename":"gaia_test.py","script":"return window.wrappedJSObject.GridManager.pageHelper.getCurrentPageNumber();","line":784}}, id: {7abc4897-557e-4e17-93ec-ae7c42f3dba7}
04-27 04:11:14.033 I/Gecko   (   84): 1398597074040	Marionette	INFO	sendToClient: {"from":"0","value":0}, {7abc4897-557e-4e17-93ec-ae7c42f3dba7}, {7abc4897-557e-4e17-93ec-ae7c42f3dba7}
04-27 04:11:14.423 W/WifiHW  (   84): wifi_command: SIGNAL_POLL
04-27 04:11:14.573 I/Gecko   (   84): 1398597074580	Marionette	INFO	sendToClient: {"from":"0","value":["{a66580a9-2171-45dc-b2f3-6f93d2266bb6}","{19b5f77d-de16-46f8-8d45-00877b9fa49d}","{243f44f5-869b-459a-8934-11565c55ef30}","{7610ce1e-6beb-401e-a419-8e8bae293718}","{8796ae2e-0a5d-4025-a045-067f3286cab7}","{1fa4ddc8-3eaf-4d7c-9881-10a724a4d722}","{b224f755-8dc4-4bf5-99e3-660e341cbb8d}","{e94f13bb-e79c-42c9-91f9-1790b399f6db}","{d6578017-8653-4640-8844-fbd92c0ec832}","{98224369-6185-4695-baff-2c030423c722}","{f6d05828-e9c6-4edc-9898-77b66af40f28}","{4816ddee-2cd2-4957-a7c1-db17a718dafb}","{370c1923-a77f-4a14-b83a-1de23433522c}","{ff1531fe-2862-4714-a9b0-35be4904fe2a}","{d9f6fb1a-1316-49e1-a1a4-b3abcb97f17c}","{5e0ff36f-1be2-4ce6-84d1-7881079a0227}","{6d7a7e50-9f95-4a08-8072-0858f8bfdc43}","{a7e840fc-dd73-4b2b-9567-622758498d60}","{007028e9-5257-4c33-ad9c-379db69f53ed}","{e81c1cd0-5255-4948-9261-981ee6f2d47b}","{f06da91c-dc95-41ff-aa5a-0402a6755704}","{a6510be1-60d2-476a-a86c-ab5e54d116d2}","{c5a75118-1daa-45da-9d1d-cad761ff5311}","{d1584b7b-c8fa
04-27 04:11:14.843 I/Gecko   (   84): 1398597074849	Marionette	INFO	sendToClient: {"from":"0","value":"app://homescreen.gaiamobile.org/index.html#rootSun%20Apr%2027%202014%2004:11:12%20GMT-0700%20(UTC)"}, {ab047884-08cd-4bb9-a095-3d4cb5216175}, {ab047884-08cd-4bb9-a095-3d4cb5216175}
04-27 04:11:14.843 I/Gecko   (   84): 1398597074855	Marionette	DEBUG	Got request: switchToFrame, data: {"to":"0","sessionId":"3-b2g","name":"switchToFrame","parameters":{"id":null,"focus":true}}, id: {3ce3c972-5e8d-424a-92cc-38a184095158}
04-27 04:11:14.863 I/Gecko   (   84): 1398597074871	Marionette	INFO	Switched to frame: {"frameValue":null}
04-27 04:11:14.963 I/Gecko   (   84): 1398597074975	Marionette	INFO	sendToClient: {"from":"0","ok":true}, {3ce3c972-5e8d-424a-92cc-38a184095158}, {3ce3c972-5e8d-424a-92cc-38a184095158}
04-27 04:11:14.973 I/Gecko   (   84): 1398597074981	Marionette	DEBUG	Got request: switchToFrame, data: {"to":"0","sessionId":"3-b2g","name":"switchToFrame","parameters":{"id":null,"focus":true}}, id: {83cce678-1b0f-450c-bbb2-888738b10302}
04-27 04:11:14.973 I/Gecko   (   84): 1398597074982	Marionette	INFO	Switched to frame: {"frameValue":null}
04-27 04:11:15.083 I/Gecko   (   84): 1398597075087	Marionette	INFO	sendToClient: {"from":"0","ok":true}, {83cce678-1b0f-450c-bbb2-888738b10302}, {83cce678-1b0f-450c-bbb2-888738b10302}
04-27 04:11:15.083 I/Gecko   (   84): 1398597075093	Marionette	DEBUG	Got request: executeWithCallback, data: {"to":"0","sessionId":"3-b2g","name":"executeAsyncScript","parameters":{"specialPowers":false,"scriptTimeout":30000,"newSandbox":true,"args":[],"filename":"app_checker.py","script":"GaiaApps.launchWithManifestURL('http://assimilationstheorie.github.io/manifest.webapp')","line":106}}, id: {479280b5-1ef8-43fb-a328-5e21cc6d5f75}
04-27 04:11:15.433 I/Gonk    (   84): Setting nice for pid 3912 to 18
04-27 04:11:15.433 I/Gonk    (   84): Changed nice for pid 3912 from 0 to 18.
04-27 04:11:15.443 I/Gecko   (   84): [Parent 84] WARNING: waitpid failed pid:3912 errno:10: file ../../../gecko/ipc/chromium/src/base/process_util_posix.cc, line 254
04-27 04:11:15.493 I/Gonk    (   84): Setting nice for pid 3912 to 1
04-27 04:11:15.493 I/Gonk    (   84): Changed nice for pid 3912 from 18 to 1.
04-27 04:11:15.523 E/GeckoConsole(   84): Content JS LOG at dummy file:334 in GaiaApps.launch: launching app with name 'LearnCode'
04-27 04:11:15.803 E/[Gralloc-ERROR](   84): int gralloc_register_buffer(const gralloc_module_t*, const native_handle_t*):79 Unable to register handle 0x443a58d0 coming from different process: 84
04-27 04:11:15.833 E/[Gralloc-ERROR](   84): int gralloc_register_buffer(const gralloc_module_t*, const native_handle_t*):79 Unable to register handle 0x443a5dd0 coming from different process: 84
04-27 04:11:15.843 E/[Gralloc-ERROR](   84): int gralloc_register_buffer(const gralloc_module_t*, const native_handle_t*):79 Unable to register handle 0x444911f0 coming from different process: 84
04-27 04:11:15.853 E/[Gralloc-ERROR](   84): int gralloc_register_buffer(const gralloc_module_t*, const native_handle_t*):79 Unable to register handle 0x44dac0b0 coming from different process: 84
04-27 04:11:15.903 D/Sensors (   84): activate handle=0; drv=0
04-27 04:11:15.923 D/Sensors (   84): Lis3dhSensor: Control set 1
04-27 04:11:15.923 D/Sensors (   84): Lis3dhSensor: mEnabled = 1
04-27 04:11:16.183 I/Gonk    (   84): Setting nice for pid 3902 to 18
04-27 04:11:16.183 I/Gonk    (   84): Changed nice for pid 3902 from 1 to 18.
04-27 04:11:16.423 I/Gecko   (   84): 
04-27 04:11:16.423 I/Gecko   (   84): ###!!! [Parent][MessageChannel] Error: Channel error: cannot send/recv
04-27 04:11:16.423 I/Gecko   (   84): 
04-27 04:11:16.503 I/GeckoDump(   84): Crash reporter : Can't fetch app.reportCrashes. Exception: [Exception... "Component returned failure code: 0x8000ffff (NS_ERROR_UNEXPECTED) [nsIPrefBranch.getBoolPref]"  nsresult: "0x8000ffff (NS_ERROR_UNEXPECTED)"  location: "JS frame :: chrome://browser/content/shell.js :: shell_reportCrash :: line 7"  data: no]
04-27 04:11:16.523 I/Gecko   (   84): [Parent 84] WARNING: waitpid failed pid:3902 errno:10: file ../../../gecko/ipc/chromium/src/base/process_util_posix.cc, line 254
04-27 04:11:16.993 E/GeckoConsole( 3912): [JavaScript Warning: "Unknown property 'box-sizing'.  Declaration dropped." {file: "http://assimilationstheorie.github.io/assets/bootstrap/css/bootstrap.css" line: 98 column: 17 source: "       box-sizing: content-box;"}]
04-27 04:11:17.003 V/AudioPolicyManagerBase(   89): startOutput() output 1, stream 1, session 7
04-27 04:11:17.003 V/AudioPolicyManagerBase(   89): changeRefCount() stream 1, count 1
04-27 04:11:17.003 V/AudioPolicyManagerBase(   89): getDeviceForStrategy() from cache strategy 0, device 2
04-27 04:11:17.003 V/AudioPolicyManagerBase(   89): getNewDevice() selected device 2
04-27 04:11:17.003 D/AudioPolicyManagerBase(   89): setOutputDevice() output 1 device 2 delayMs 0
04-27 04:11:17.003 V/AudioPolicyManagerBase(   89): setOutputDevice() setting same device 2 or null device for output 1
04-27 04:11:17.003 E/AudioPolicyManagerBase(   89): checkAndSetVolume stream=1, index=0, output=1, device=2
04-27 04:11:17.003 E/AudioPolicyManagerBase(   89): computeVolume, streamDesc=0xd92bb8
04-27 04:11:17.033 E/GeckoConsole( 3912): [JavaScript Warning: "Unknown property 'box-sizing'.  Declaration dropped." {file: "http://assimilationstheorie.github.io/assets/bootstrap/css/bootstrap.css" line: 147 column: 12 source: "  box-sizing: border-box;"}]
04-27 04:11:17.033 E/GeckoConsole( 3912): [JavaScript Warning: "Unknown pseudo-class or pseudo-element '-webkit-inner-spin-button'.  Ruleset ignored due to bad selector." {file: "http://assimilationstheorie.github.io/assets/bootstrap/css/bootstrap.css" line: 150 column: 22 source: "input[type="number"]::-webkit-inner-spin-button,"}]
04-27 04:11:17.033 E/GeckoConsole( 3912): [JavaScript Warning: "Unknown property 'box-sizing'.  Declaration dropped." {file: "http://assimilationstheorie.github.io/assets/bootstrap/css/bootstrap.css" line: 157 column: 20 source: "          box-sizing: content-box;"}]
04-27 04:11:17.033 E/GeckoConsole( 3912): [JavaScript Warning: "Unknown pseudo-class or pseudo-element '-webkit-search-cancel-button'.  Ruleset ignored due to bad selector." {file: "http://assimilationstheorie.github.io/assets/bootstrap/css/bootstrap.css" line: 160 column: 22 source: "input[type="search"]::-webkit-search-cancel-button,"}]
04-27 04:11:17.033 E/GeckoConsole( 3912): [JavaScript Warning: "Unknown property 'box-sizing'.  Declaration dropped." {file: "http://assimilationstheorie.github.io/assets/bootstrap/css/bootstrap.css" line: 262 column: 20 source: "          box-sizing: border-box;"}]
04-27 04:11:17.033 W/AudioFlinger(   89): Thread AudioOut_1 cannot connect to the power manager service
04-27 04:11:17.043 V/AudioPolicyManagerBase(   89): stopOutput() output 1, stream 1, session 7
04-27 04:11:17.043 V/AudioPolicyManagerBase(   89): changeRefCount() stream 1, count 0
04-27 04:11:17.043 V/AudioPolicyManagerBase(   89): getNewDevice() selected device 0
04-27 04:11:17.043 D/AudioPolicyManagerBase(   89): setOutputDevice() output 1 device 0 delayMs 290
04-27 04:11:17.043 V/AudioPolicyManagerBase(   89): setOutputDevice() setting same device 0 or null device for output 1
04-27 04:11:17.043 E/GeckoConsole( 3912): [JavaScript Warning: "Unknown property 'box-sizing'.  Declaration dropped." {file: "http://assimilationstheorie.github.io/assets/bootstrap/css/bootstrap.css" line: 268 column: 20 source: "          box-sizing: border-box;"}]
04-27 04:11:17.043 E/GeckoConsole( 3912): [JavaScript Warning: "Expected color but found 'auto'.  Expected color but found '-webkit-focus-ring-color'.  Expected end of value but found '-webkit-focus-ring-color'.  Error in parsing value for 'outline'.  Declaration dropped." {file: "http://assimilationstheorie.github.io/assets/bootstrap/css/bootstrap.css" line: 301 column: 15 source: "  outline: 5px auto -webkit-focus-ring-color;"}]
04-27 04:11:17.053 V/AudioPolicyManagerBase(   89): startOutput() output 1, stream 1, session 7
04-27 04:11:17.053 V/AudioPolicyManagerBase(   89): changeRefCount() stream 1, count 1
04-27 04:11:17.053 V/AudioPolicyManagerBase(   89): getDeviceForStrategy() from cache strategy 0, device 2
04-27 04:11:17.053 V/AudioPolicyManagerBase(   89): getNewDevice() selected device 2
04-27 04:11:17.053 D/AudioPolicyManagerBase(   89): setOutputDevice() output 1 device 2 delayMs 0
04-27 04:11:17.053 V/AudioPolicyManagerBase(   89): setOutputDevice() setting same device 2 or null device for output 1
04-27 04:11:17.053 E/AudioPolicyManagerBase(   89): checkAndSetVolume stream=1, index=0, output=1, device=2
04-27 04:11:17.053 E/AudioPolicyManagerBase(   89): computeVolume, streamDesc=0xd92bb8
04-27 04:11:17.053 V/AudioPolicyManagerBase(   89): stopOutput() output 1, stream 1, session 7
04-27 04:11:17.053 V/AudioPolicyManagerBase(   89): changeRefCount() stream 1, count 0
04-27 04:11:17.053 V/AudioPolicyManagerBase(   89): getNewDevice() selected device 0
04-27 04:11:17.053 D/AudioPolicyManagerBase(   89): setOutputDevice() output 1 device 0 delayMs 290
04-27 04:11:17.053 V/AudioPolicyManagerBase(   89): setOutputDevice() setting same device 0 or null device for output 1
04-27 04:11:17.063 V/AudioPolicyManagerBase(   89): releaseOutput() 1
04-27 04:11:17.073 E/GeckoConsole( 3912): [JavaScript Warning: "Unknown property 'box-sizing'.  Declaration dropped." {file: "http://assimilationstheorie.github.io/assets/bootstrap/css/bootstrap.css" line: 1657 column: 20 source: "          box-sizing: border-box;"}]
04-27 04:11:17.073 E/GeckoConsole( 3912): [JavaScript Warning: "Expected end of value but found '\9 '.  Error in parsing value for 'margin-top'.  Declaration dropped." {file: "http://assimilationstheorie.github.io/assets/bootstrap/css/bootstrap.css" line: 1662 column: 18 source: "  margin-top: 1px \9;"}]
04-27 04:11:17.073 E/GeckoConsole( 3912): [JavaScript Warning: "Expected color but found 'auto'.  Expected color but found '-webkit-focus-ring-color'.  Expected end of value but found '-webkit-focus-ring-color'.  Error in parsing value for 'outline'.  Declaration dropped." {file: "http://assimilationstheorie.github.io/assets/bootstrap/css/bootstrap.css" line: 1681 column: 15 source: "  outline: 5px auto -webkit-focus-ring-color;"}]
04-27 04:11:17.073 E/GeckoConsole( 3912): [JavaScript Warning: "Unknown pseudo-class or pseudo-element '-ms-input-placeholder'.  Ruleset ignored due to bad selector." {file: "http://assimilationstheorie.github.io/assets/bootstrap/css/bootstrap.css" line: 1718 column: 14 source: ".form-control:-ms-input-placeholder {"}]
04-27 04:11:17.073 E/GeckoConsole( 3912): [JavaScript Warning: "Unknown pseudo-class or pseudo-element '-webkit-input-placeholder'.  Ruleset ignored due to bad selector." {file: "http://assimilationstheorie.github.io/assets/bootstrap/css/bootstrap.css" line: 1721 column: 15 source: ".form-control::-webkit-input-placeholder {"}]
04-27 04:11:17.083 E/GeckoConsole( 3912): [JavaScript Warning: "Unknown property 'user-select'.  Declaration dropped." {file: "http://assimilationstheorie.github.io/assets/bootstrap/css/bootstrap.css" line: 2007 column: 21 source: "          user-select: none;"}]
04-27 04:11:17.083 E/GeckoConsole( 3912): [JavaScript Warning: "Expected color but found 'auto'.  Expected color but found '-webkit-focus-ring-color'.  Expected end of value but found '-webkit-focus-ring-color'.  Error in parsing value for 'outline'.  Declaration dropped." {file: "http://assimilationstheorie.github.io/assets/bootstrap/css/bootstrap.css" line: 2016 column: 15 source: "  outline: 5px auto -webkit-focus-ring-color;"}]
04-27 04:11:17.083 E/GeckoConsole( 3912): [JavaScript Warning: "Expected 'none' or URL but found 'alpha('.  Error in parsing value for 'filter'.  Declaration dropped." {file: "http://assimilationstheorie.github.io/assets/bootstrap/css/bootstrap.css" line: 2036 column: 10 source: "  filter: alpha(opacity=65);"}]
04-27 04:11:17.083 E/GeckoConsole( 3912): [JavaScript Warning: "Unknown property '-moz-osx-font-smoothing'.  Declaration dropped." {file: "http://assimilationstheorie.github.io/assets/bootstrap/css/bootstrap.css" line: 2392 column: 25 source: "  -moz-osx-font-smoothing: grayscale;"}]
04-27 04:11:17.093 E/GeckoConsole( 3912): [JavaScript Warning: "Expected 'none' or URL but found 'progid'.  Error in parsing value for 'filter'.  Declaration dropped." {file: "http://assimilationstheorie.github.io/assets/bootstrap/css/bootstrap.css" line: 3074 column: 10 source: "  filter: progid:DXImageTransform.Microsoft.gradient(enabled = false);"}]
04-27 04:11:17.113 E/GeckoConsole( 3912): [JavaScript Warning: "Error in parsing value for 'background-image'.  Declaration dropped." {file: "http://assimilationstheorie.github.io/assets/bootstrap/css/bootstrap.css" line: 4540 column: 20 source: "  background-image: -webkit-linear-gradient(45deg, rgba(255, 255, 255, .15) 25%, transparent 25%, transparent 50%, rgba(255, 255, 255, .15) 50%, rgba(255, 255, 255, .15) 75%, transparent 75%, transparent);"}]
04-27 04:11:17.113 E/GeckoConsole( 3912): [JavaScript Warning: "Error in parsing value for 'background-image'.  Declaration dropped." {file: "http://assimilationstheorie.github.io/assets/bootstrap/css/bootstrap.css" line: 4552 column: 20 source: "  background-image: -webkit-linear-gradient(45deg, rgba(255, 255, 255, .15) 25%, transparent 25%, transparent 50%, rgba(255, 255, 255, .15) 50%, rgba(255, 255, 255, .15) 75%, transparent 75%, transparent);"}]
04-27 04:11:17.113 E/GeckoConsole( 3912): [JavaScript Warning: "Error in parsing value for 'background-image'.  Declaration dropped." {file: "http://assimilationstheorie.github.io/assets/bootstrap/css/bootstrap.css" line: 4559 column: 20 source: "  background-image: -webkit-linear-gradient(45deg, rgba(255, 255, 255, .15) 25%, transparent 25%, transparent 50%, rgba(255, 255, 255, .15) 50%, rgba(255, 255, 255, .15) 75%, transparent 75%, transparent);"}]
04-27 04:11:17.113 E/GeckoConsole( 3912): [JavaScript Warning: "Error in parsing value for 'background-image'.  Declaration dropped." {file: "http://assimilationstheorie.github.io/assets/bootstrap/css/bootstrap.css" line: 4566 column: 20 source: "  background-image: -webkit-linear-gradient(45deg, rgba(255, 255, 255, .15) 25%, transparent 25%, transparent 50%, rgba(255, 255, 255, .15) 50%, rgba(255, 255, 255, .15) 75%, transparent 75%, transparent);"}]
04-27 04:11:17.113 E/GeckoConsole( 3912): [JavaScript Warning: "Error in parsing value for 'background-image'.  Declaration dropped." {file: "http://assimilationstheorie.github.io/assets/bootstrap/css/bootstrap.css" line: 4573 column: 20 source: "  background-image: -webkit-linear-gradient(45deg, rgba(255, 255, 255, .15) 25%, transparent 25%, transparent 50%, rgba(255, 255, 255, .15) 50%, rgba(255, 255, 255, .15) 75%, transparent 75%, transparent);"}]
04-27 04:11:17.113 E/GeckoConsole( 3912): [JavaScript Warning: "Unknown property 'zoom'.  Declaration dropped." {file: "http://assimilationstheorie.github.io/assets/bootstrap/css/bootstrap.css" line: 4579 column: 6 source: "  zoom: 1;"}]
04-27 04:11:17.123 E/GeckoConsole( 3912): [JavaScript Warning: "Expected 'none' or URL but found 'alpha('.  Error in parsing value for 'filter'.  Declaration dropped." {file: "http://assimilationstheorie.github.io/assets/bootstrap/css/bootstrap.css" line: 5066 column: 10 source: "  filter: alpha(opacity=20);"}]
04-27 04:11:17.123 E/GeckoConsole( 3912): [JavaScript Warning: "Expected 'none' or URL but found 'alpha('.  Error in parsing value for 'filter'.  Declaration dropped." {file: "http://assimilationstheorie.github.io/assets/bootstrap/css/bootstrap.css" line: 5074 column: 10 source: "  filter: alpha(opacity=50);"}]
04-27 04:11:17.123 E/GeckoConsole( 3912): [JavaScript Warning: "Expected 'none' or URL but found 'alpha('.  Error in parsing value for 'filter'.  Declaration dropped." {file: "http://assimilationstheorie.github.io/assets/bootstrap/css/bootstrap.css" line: 5140 column: 10 source: "  filter: alpha(opacity=0);"}]
04-27 04:11:17.123 E/GeckoConsole( 3912): [JavaScript Warning: "Expected 'none' or URL but found 'alpha('.  Error in parsing value for 'filter'.  Declaration dropped." {file: "http://assimilationstheorie.github.io/assets/bootstrap/css/bootstrap.css" line: 5144 column: 10 source: "  filter: alpha(opacity=50);"}]
04-27 04:11:17.123 E/GeckoConsole( 3912): [JavaScript Warning: "Expected 'none' or URL but found 'alpha('.  Error in parsing value for 'filter'.  Declaration dropped." {file: "http://assimilationstheorie.github.io/assets/bootstrap/css/bootstrap.css" line: 5204 column: 10 source: "  filter: alpha(opacity=0);"}]
04-27 04:11:17.123 E/GeckoConsole( 3912): [JavaScript Warning: "Expected 'none' or URL but found 'alpha('.  Error in parsing value for 'filter'.  Declaration dropped." {file: "http://assimilationstheorie.github.io/assets/bootstrap/css/bootstrap.css" line: 5208 column: 10 source: "  filter: alpha(opacity=90);"}]
04-27 04:11:17.133 E/GeckoConsole( 3912): [JavaScript Warning: "Expected 'none' or URL but found 'alpha('.  Error in parsing value for 'filter'.  Declaration dropped." {file: "http://assimilationstheorie.github.io/assets/bootstrap/css/bootstrap.css" line: 5472 column: 10 source: "  filter: alpha(opacity=50);"}]
04-27 04:11:17.133 E/GeckoConsole( 3912): [JavaScript Warning: "Error in parsing value for 'background-image'.  Declaration dropped." {file: "http://assimilationstheorie.github.io/assets/bootstrap/css/bootstrap.css" line: 5476 column: 20 source: "  background-image: -webkit-linear-gradient(left, color-stop(rgba(0, 0, 0, .5) 0%), color-stop(rgba(0, 0, 0, .0001) 100%));"}]
04-27 04:11:17.133 E/GeckoConsole( 3912): [JavaScript Warning: "Expected 'none' or URL but found 'progid'.  Error in parsing value for 'filter'.  Declaration dropped." {file: "http://assimilationstheorie.github.io/assets/bootstrap/css/bootstrap.css" line: 5478 column: 10 source: "  filter: progid:DXImageTransform.Microsoft.gradient(startColorstr='#80000000', endColorstr='#00000000', GradientType=1);"}]
04-27 04:11:17.133 E/GeckoConsole( 3912): [JavaScript Warning: "Error in parsing value for 'background-image'.  Declaration dropped." {file: "http://assimilationstheorie.github.io/assets/bootstrap/css/bootstrap.css" line: 5484 column: 20 source: "  background-image: -webkit-linear-gradient(left, color-stop(rgba(0, 0, 0, .0001) 0%), color-stop(rgba(0, 0, 0, .5) 100%));"}]
04-27 04:11:17.133 E/GeckoConsole( 3912): [JavaScript Warning: "Expected 'none' or URL but found 'progid'.  Error in parsing value for 'filter'.  Declaration dropped." {file: "http://assimilationstheorie.github.io/assets/bootstrap/css/bootstrap.css" line: 5486 column: 10 source: "  filter: progid:DXImageTransform.Microsoft.gradient(startColorstr='#00000000', endColorstr='#80000000', GradientType=1);"}]
04-27 04:11:17.133 E/GeckoConsole( 3912): [JavaScript Warning: "Expected 'none' or URL but found 'alpha('.  Error in parsing value for 'filter'.  Declaration dropped." {file: "http://assimilationstheorie.github.io/assets/bootstrap/css/bootstrap.css" line: 5493 column: 10 source: "  filter: alpha(opacity=90);"}]
04-27 04:11:17.133 E/GeckoConsole( 3912): [JavaScript Warning: "Expected end of value but found '\9 '.  Error in parsing value for 'background-color'.  Declaration dropped." {file: "http://assimilationstheorie.github.io/assets/bootstrap/css/bootstrap.css" line: 5546 column: 25 source: "  background-color: #000 \9;"}]
04-27 04:11:17.513 E/GeckoConsole( 3912): [JavaScript Error: "TypeError: button is null" {file: "http://assimilationstheorie.github.io/index.html" line: 70}]
04-27 04:11:18.063 I/Gonk    (   84): Setting nice for pid 4003 to 18
04-27 04:11:18.063 I/Gonk    (   84): Changed nice for pid 4003 from 0 to 18.
04-27 04:11:18.093 E/GeckoConsole(   84): Content JS LOG at dummy file:326 in GaiaApps.launch/appOpen/<: app with origin 'http://assimilationstheorie.github.io' has launched
04-27 04:11:18.103 I/Gecko   (   84): 1398597078107	Marionette	INFO	sendToClient: {"from":"0","value":{"frame":{"ELEMENT":"{ecf79c37-784c-48fe-a1bf-1f07bd87bb84}"},"src":"http://assimilationstheorie.github.io/index.html","name":"LearnCode","origin":"http://assimilationstheorie.github.io"}}, {479280b5-1ef8-43fb-a328-5e21cc6d5f75}, {479280b5-1ef8-43fb-a328-5e21cc6d5f75}
04-27 04:11:18.103 E/[Gralloc-ERROR](   84): int gralloc_unregister_buffer(const gralloc_module_t*, const native_handle_t*):274 Trying to unregister buffer 0x443a5dd0 from process 84 that was not created in current process: 84
04-27 04:11:18.103 E/[Gralloc-ERROR](   84): int gralloc_unregister_buffer(const gralloc_module_t*, const native_handle_t*):274 Trying to unregister buffer 0x443a58d0 from process 84 that was not created in current process: 84
04-27 04:11:18.103 E/[Gralloc-ERROR](   84): int gralloc_unregister_buffer(const gralloc_module_t*, const native_handle_t*):274 Trying to unregister buffer 0x44dac0b0 from process 84 that was not created in current process: 84
04-27 04:11:18.103 E/[Gralloc-ERROR](   84): int gralloc_unregister_buffer(const gralloc_module_t*, const native_handle_t*):274 Trying to unregister buffer 0x444911f0 from process 84 that was not created in current process: 84
04-27 04:11:18.113 I/Gonk    (   84): Setting nice for pid 4003 to 18
04-27 04:11:18.113 I/Gonk    (   84): Changed nice for pid 4003 from 18 to 18.
04-27 04:11:18.113 I/Gecko   (   84): [Parent 84] WARNING: waitpid failed pid:4003 errno:10: file ../../../gecko/ipc/chromium/src/base/process_util_posix.cc, line 254
04-27 04:11:18.143 I/Gecko   (   84): 1398597078153	Marionette	DEBUG	Got request: switchToFrame, data: {"to":"0","sessionId":"3-b2g","name":"switchToFrame","parameters":{"focus":true,"element":"{ecf79c37-784c-48fe-a1bf-1f07bd87bb84}"}}, id: {8368cb12-aa6b-4258-9f03-9708f979d040}
04-27 04:11:18.163 I/Gecko   (   84): 1398597078173	Marionette	INFO	Switched to frame: {"frameValue":"{ecf79c37-784c-48fe-a1bf-1f07bd87bb84}"}
04-27 04:11:18.173 I/Gecko   (   84): 1398597078178	Marionette	INFO	trying remote frame 0
04-27 04:11:18.183 I/Gecko   (   84): 1398597078187	Marionette	INFO	trying remote frame 1
04-27 04:11:18.183 I/Gecko   (   84): 1398597078190	Marionette	INFO	trying remote frame 2
04-27 04:11:18.183 I/Gecko   (   84): 1398597078191	Marionette	INFO	trying remote frame 3
04-27 04:11:18.183 I/Gecko   (   84): 1398597078191	Marionette	INFO	trying remote frame 4
04-27 04:11:18.183 I/Gecko   (   84): 1398597078192	Marionette	INFO	trying remote frame 5
04-27 04:11:18.183 I/Gecko   (   84): 1398597078193	Marionette	INFO	deleting frame
04-27 04:11:18.193 I/Gecko   (   84): 1398597078200	Marionette	INFO	frame-manager load script: [object ChromeMessageSender]
04-27 04:11:18.533 I/Gecko   (   84): [Parent 84] WARNING: waitpid failed pid:3902 errno:10: file ../../../gecko/ipc/chromium/src/base/process_util_posix.cc, line 254
04-27 04:11:18.533 I/Gecko   (   84): [Parent 84] WARNING: Failed to deliver SIGKILL to 3902!(3).: file ../../../gecko/ipc/chromium/src/chrome/common/process_watcher_posix_sigchld.cc, line 118
04-27 04:11:19.123 I/Gonk    (   84): Setting nice for pid 4003 to 18
04-27 04:11:19.123 I/Gonk    (   84): Changed nice for pid 4003 from 18 to 18.
04-27 04:11:19.423 W/WifiHW  (   84): wifi_command: SIGNAL_POLL
04-27 04:11:19.473 I/Gecko   (   84): 1398597079482	Marionette	INFO	sendToClient: {"from":"0","ok":true}, {8368cb12-aa6b-4258-9f03-9708f979d040}, {8368cb12-aa6b-4258-9f03-9708f979d040}
04-27 04:11:19.703 I/Gecko   (   84): 1398597079710	Marionette	INFO	sendToClient: {"from":"0","value":"http://assimilationstheorie.github.io/index.html"}, {8894c302-20f2-40c8-97f5-c0e1952c59c4}, {8894c302-20f2-40c8-97f5-c0e1952c59c4}
04-27 04:11:19.713 I/Gecko   (   84): 1398597079717	Marionette	DEBUG	Got request: execute, data: {"to":"0","sessionId":"3-b2g","name":"executeScript","parameters":{"specialPowers":false,"scriptTimeout":null,"newSandbox":true,"args":[],"filename":"app_checker.py","script":"return window.document.readyState;","line":191}}, id: {fd050145-5aaa-4385-8bdd-4df059a24a4e}
04-27 04:11:19.863 I/Gecko   (   84): 1398597079871	Marionette	INFO	sendToClient: {"from":"0","value":"complete"}, {fd050145-5aaa-4385-8bdd-4df059a24a4e}, {fd050145-5aaa-4385-8bdd-4df059a24a4e}
04-27 04:11:19.873 I/Gecko   (   84): 1398597079879	Marionette	INFO	sendToClient: {"from":"0","value":"http://assimilationstheorie.github.io/index.html"}, {d91b400b-8659-453f-9dcc-84767af8077c}, {d91b400b-8659-453f-9dcc-84767af8077c}
04-27 04:11:19.883 I/Gecko   ( 3912): Attempting load of libEGL.so
04-27 04:11:19.933 D/libEGL  ( 3912): loaded /system/lib/egl/libEGL_mali.so
04-27 04:11:19.973 D/libEGL  ( 3912): loaded /system/lib/egl/libGLESv1_CM_mali.so
04-27 04:11:19.973 D/libEGL  ( 3912): loaded /system/lib/egl/libGLESv2_mali.so
04-27 04:11:20.013 I/Gecko   ( 3912): SharedSurface_Gralloc::Create -------
04-27 04:11:20.073 I/Gecko   ( 3912): SharedSurface_Gralloc::Create: success -- surface 0x4412ec40, GraphicBuffer 0x432b0a00.
04-27 04:11:20.683 I/Gonk    (   84): Setting nice for pid 4016 to 18
04-27 04:11:20.683 I/Gonk    (   84): Changed nice for pid 4016 from 0 to 18.
04-27 04:11:22.313 I/Gecko   (   84): 1398597082316	Marionette	INFO	sendToClient: {"from":"0","value":"iVBORw0KGgoAAAANSUhEUgAAAUAAAAHMCAYAAACk4nEJAAAgAElEQVR4nO3d6VcUZ74H8PwFmZyZM3fuu7tk5r5nGJdkJsZsk5nEAUchMQhqRCNqjLiEjBpN3BeirYAo7rghEgFxoUEUZBUQQVYbmkWRxaa7kU1Ake990dOV3ugNmm55vs85n3Ni1/5U8U1VV3X9XtNqtSAiEtFr7l4BIiJ3YQASkbAYgEQkLAYgEQmLAUhEwmIAEpGwGIBEJCwGIBEJiwFIRMJiABKRsBiARCQsBiARCYsBSETCYgASkbAYgEQkLAYgEQmLAUhEwmIAEpGwGIBEJCwGIBEJiwFIRMJiABKRsBiARCQsBiARCYsBSETCYgASkbAYgEQkLAYgEQmLAUhEwmIAEpGwGIBEJCwGIBEJiwFIRMJiABKRsBiARCQsBiARCYsBSETCYgASkbAYgEQkLAYgEQmLAUhEwmIAEpGwGIBEJCwGIBEJiwFIRMJiABKRsBiARCQsBiARCYsBSETCYgASkbAYgEQkLAYgEQmLAUjjJjs7G2+++SbefPNNlJWVSZ+Xlpbif//3f/H73/8eOTk5bl9PEgcDkMZFdnY2fvOb3+C1117Da6+9hm3btknDtm7dKn3+m9/8hiFI44YBSC5nGn5vvPEGSkpKpOElJSV44403GII07hiA5FIZGRl4/fXXpXD7j//4D9y5c8dsvJycHKOQ/NWvfoWMjAy3rz9NbAxAchl7w0+PIUjjjQFILuFo+OkxBGk8MQBpzDkbfnqmIfj6668zBMklGIA0pkzD64033sCtW7ccns+tW7d4Y4RcjgFIY+r3v//9qMNPzzQE//CHP7h9+2hiYQDSmPqf//kfo0vfgoICp+dVUFCA3/72t9L83nzzTbdvH00sDEAaU7dv38avf/1rKbR++9vfIj8/3+H55OXlGYXfr3/9a9y+fdvt20
04-27 04:11:22.313 I/Gecko   (   84): 
04-27 04:11:22.313 I/Gecko   (   84): ###!!! [Parent][MessageChannel] Error: Channel error: cannot send/recv
04-27 04:11:22.313 I/Gecko   (   84): 
04-27 04:11:22.483 I/GeckoDump(   84): Crash reporter : Can't fetch app.reportCrashes. Exception: [Exception... "Component returned failure code: 0x8000ffff (NS_ERROR_UNEXPECTED) [nsIPrefBranch.getBoolPref]"  nsresult: "0x8000ffff (NS_ERROR_UNEXPECTED)"  location: "JS frame :: chrome://browser/content/shell.js :: shell_reportCrash :: line 7"  data: no]
04-27 04:11:22.483 I/Gecko   (   84): [Parent 84] WARNING: waitpid failed pid:4003 errno:10: file ../../../gecko/ipc/chromium/src/base/process_util_posix.cc, line 254
04-27 04:11:22.773 I/Gecko   (   84): 1398597082778	Marionette	INFO	sendToClient: {"from":"0","ok":true}, {b1087328-ff4e-4390-8bc4-dcb1cd5b9969}, {b1087328-ff4e-4390-8bc4-dcb1cd5b9969}
04-27 04:11:22.833 I/Gecko   (   84): 1398597082840	Marionette	DEBUG	Got request: switchToFrame, data: {"to":"0","sessionId":"3-b2g","name":"switchToFrame","parameters":{"id":null,"focus":true}}, id: {882b816b-aeea-4c83-a94c-b9d0d8f8e9b2}
04-27 04:11:22.883 I/Gecko   (   84): 1398597082890	Marionette	INFO	Switched to frame: {"frameValue":null}
04-27 04:11:23.023 I/Gecko   (   84): 1398597083030	Marionette	INFO	sendToClient: {"from":"0","ok":true}, {882b816b-aeea-4c83-a94c-b9d0d8f8e9b2}, {882b816b-aeea-4c83-a94c-b9d0d8f8e9b2}
04-27 04:11:23.033 I/Gecko   (   84): 1398597083043	Marionette	DEBUG	Got request: executeWithCallback, data: {"to":"0","sessionId":"3-b2g","name":"executeAsyncScript","parameters":{"specialPowers":false,"scriptTimeout":null,"newSandbox":true,"args":[],"filename":"gaia_test.py","script":"return GaiaApps.displayedApp();","line":66}}, id: {3117f433-ec00-43e0-bd97-2551118773da}
04-27 04:11:23.263 E/GeckoConsole(   84): Content JS LOG at dummy file:392 in GaiaApps.displayedApp: app with origin 'http://assimilationstheorie.github.io' is displayed
04-27 04:11:23.273 I/Gecko   (   84): 1398597083278	Marionette	INFO	sendToClient: {"from":"0","value":{"frame":{"ELEMENT":"{ecf79c37-784c-48fe-a1bf-1f07bd87bb84}"},"src":"http://assimilationstheorie.github.io/index.html","name":"LearnCode","origin":"http://assimilationstheorie.github.io"}}, {3117f433-ec00-43e0-bd97-2551118773da}, {3117f433-ec00-43e0-bd97-2551118773da}
04-27 04:11:23.273 I/Gecko   (   84): 1398597083285	Marionette	DEBUG	Got request: switchToFrame, data: {"to":"0","sessionId":"3-b2g","name":"switchToFrame","parameters":{"id":null,"focus":true}}, id: {ad8eb1ef-dcb6-42c1-af73-716c84ce5568}
04-27 04:11:23.283 I/Gecko   (   84): 1398597083287	Marionette	INFO	Switched to frame: {"frameValue":null}
04-27 04:11:23.413 I/Gecko   (   84): 1398597083421	Marionette	INFO	sendToClient: {"from":"0","ok":true}, {ad8eb1ef-dcb6-42c1-af73-716c84ce5568}, {ad8eb1ef-dcb6-42c1-af73-716c84ce5568}
04-27 04:11:23.433 I/Gecko   (   84): 1398597083438	Marionette	DEBUG	Got request: execute, data: {"to":"0","sessionId":"3-b2g","name":"executeScript","parameters":{"specialPowers":false,"scriptTimeout":null,"newSandbox":true,"args":[],"filename":"gaia_test.py","script":"window.wrappedJSObject.dispatchEvent(new Event('home'));","line":788}}, id: {661e0709-bab5-4f6e-baf0-b7a0279d97a5}
04-27 04:11:23.633 I/Gonk    (   84): Setting nice for pid 4016 to 18
04-27 04:11:23.633 I/Gonk    (   84): Changed nice for pid 4016 from 18 to 18.
04-27 04:11:23.633 I/Gecko   (   84): [Parent 84] WARNING: waitpid failed pid:4016 errno:10: file ../../../gecko/ipc/chromium/src/base/process_util_posix.cc, line 254
04-27 04:11:23.663 I/Gonk    (   84): Setting nice for pid 4016 to 1
04-27 04:11:23.663 I/Gonk    (   84): Changed nice for pid 4016 from 18 to 1.
04-27 04:11:23.763 D/Sensors (   84): activate handle=0; drv=0
04-27 04:11:23.763 D/Sensors (   84): Lis3dhSensor: Control set 0
04-27 04:11:23.763 D/Sensors (   84): Lis3dhSensor: mEnabled = 0
04-27 04:11:24.003 I/Gecko   (   84): 1398597084007	Marionette	INFO	sendToClient: {"from":"0","value":null}, {661e0709-bab5-4f6e-baf0-b7a0279d97a5}, {661e0709-bab5-4f6e-baf0-b7a0279d97a5}
04-27 04:11:24.023 I/Gecko   (   84): 1398597084028	Marionette	DEBUG	Got request: switchToFrame, data: {"to":"0","sessionId":"3-b2g","name":"switchToFrame","parameters":{"id":null,"focus":true}}, id: {61ea09c9-c571-404a-b0d5-77f0d12eaac6}
04-27 04:11:24.033 I/Gecko   (   84): 1398597084038	Marionette	INFO	Switched to frame: {"frameValue":null}
04-27 04:11:24.493 I/Gecko   (   84): [Parent 84] WARNING: waitpid failed pid:4003 errno:10: file ../../../gecko/ipc/chromium/src/base/process_util_posix.cc, line 254
04-27 04:11:24.493 I/Gecko   (   84): [Parent 84] WARNING: Failed to deliver SIGKILL to 4003!(3).: file ../../../gecko/ipc/chromium/src/chrome/common/process_watcher_posix_sigchld.cc, line 118
04-27 04:11:26.973 W/WifiHW  (   84): wifi_command: SIGNAL_POLL
04-27 04:11:29.113 I/GonkMemoryPressure( 4016): Checking to see if memory pressure is over.
04-27 04:11:29.113 I/GonkMemoryPressure( 4016): Memory pressure is over.
04-27 04:11:29.113 I/GonkMemoryPressure(   84): Checking to see if memory pressure is over.
04-27 04:11:29.113 I/GonkMemoryPressure(   84): Memory pressure is over.
04-27 04:11:29.113 I/GonkMemoryPressure( 3912): Checking to see if memory pressure is over.
04-27 04:11:29.113 I/GonkMemoryPressure( 3912): Memory pressure is over.
04-27 04:11:30.753 I/Gecko   (   84): 1398597090646	Marionette	INFO	sendToClient: {"from":"0","ok":true}, {61ea09c9-c571-404a-b0d5-77f0d12eaac6}, {61ea09c9-c571-404a-b0d5-77f0d12eaac6}
04-27 04:11:31.173 I/Gonk    (   84): Setting nice for pid 3912 to 18
04-27 04:11:31.173 I/Gonk    (   84): Changed nice for pid 3912 from 1 to 18.
04-27 04:11:31.483 I/Gonk    (   84): Setting nice for pid 4028 to 18
04-27 04:11:31.483 I/Gonk    (   84): Changed nice for pid 4028 from 0 to 18.
04-27 04:11:32.183 W/WifiHW  (   84): wifi_command: SIGNAL_POLL
04-27 04:11:32.393 I/Gecko   (   84): 1398597092400	Marionette	DEBUG	Got request: executeWithCallback, data: {"to":"0","sessionId":"3-b2g","name":"executeAsyncScript","parameters":{"specialPowers":false,"scriptTimeout":null,"newSandbox":true,"args":[],"filename":"gaia_test.py","script":"return GaiaApps.displayedApp();","line":66}}, id: {a919601e-1d7e-4488-ba70-bb209dd80818}
04-27 04:11:32.843 I/Gecko   (   84): 1398597092855	Marionette	INFO	sendToClient: {"from":"0","value":{"frame":{"ELEMENT":"{8331b9e6-a882-481b-b768-5e636b68f67f}"},"src":"app://homescreen.gaiamobile.org/index.html#root","name":"Homescreen","origin":"app://homescreen.gaiamobile.org"}}, {a919601e-1d7e-4488-ba70-bb209dd80818}, {a919601e-1d7e-4488-ba70-bb209dd80818}
04-27 04:11:32.853 E/GeckoConsole(   84): Content JS LOG at dummy file:392 in GaiaApps.displayedApp: app with origin 'app://homescreen.gaiamobile.org' is displayed
04-27 04:11:32.903 I/Gecko   (   84): 1398597092907	Marionette	DEBUG	Got request: switchToFrame, data: {"to":"0","sessionId":"3-b2g","name":"switchToFrame","parameters":{"id":null,"focus":true}}, id: {9f7d4366-41fd-4922-bfef-23b1709cf50d}
04-27 04:11:32.903 I/Gecko   (   84): 1398597092909	Marionette	INFO	Switched to frame: {"frameValue":null}
04-27 04:11:33.003 I/Gecko   (   84): 1398597093012	Marionette	INFO	sendToClient: {"from":"0","ok":true}, {9f7d4366-41fd-4922-bfef-23b1709cf50d}, {9f7d4366-41fd-4922-bfef-23b1709cf50d}
04-27 04:11:33.013 I/Gecko   (   84): 1398597093017	Marionette	DEBUG	Got request: switchToFrame, data: {"to":"0","sessionId":"3-b2g","name":"switchToFrame","parameters":{"id":null,"focus":true}}, id: {a5cc7529-c05f-4b45-bd41-04e7b44fa971}
04-27 04:11:33.013 I/Gecko   (   84): 1398597093019	Marionette	INFO	Switched to frame: {"frameValue":null}
04-27 04:11:33.013 I/Gecko   (   84): [Parent 84] WARNING: pipe error (164): Connection reset by peer: file ../../../gecko/ipc/chromium/src/chrome/common/ipc_channel_posix.cc, line 446
04-27 04:11:33.053 I/Gecko   (   84): 
04-27 04:11:33.053 I/Gecko   (   84): ###!!! [Parent][MessageChannel] Error: Channel error: cannot send/recv
04-27 04:11:33.053 I/Gecko   (   84): 
04-27 04:11:33.083 I/Gecko   (   84): [Parent 84] WARNING: pipe error (165): Connection reset by peer: file ../../../gecko/ipc/chromium/src/chrome/common/ipc_channel_posix.cc, line 446
04-27 04:11:33.123 I/GeckoDump(   84): Crash reporter : Can't fetch app.reportCrashes. Exception: [Exception... "Component returned failure code: 0x8000ffff (NS_ERROR_UNEXPECTED) [nsIPrefBranch.getBoolPref]"  nsresult: "0x8000ffff (NS_ERROR_UNEXPECTED)"  location: "JS frame :: chrome://browser/content/shell.js :: shell_reportCrash :: line 7"  data: no]
04-27 04:11:33.143 I/Gecko   (   84): [Parent 84] WARNING: waitpid failed pid:3912 errno:10: file ../../../gecko/ipc/chromium/src/base/process_util_posix.cc, line 254
04-27 04:11:33.193 I/Gecko   (   84): 1398597093202	Marionette	INFO	sendToClient: {"from":"0","ok":true}, {a5cc7529-c05f-4b45-bd41-04e7b44fa971}, {a5cc7529-c05f-4b45-bd41-04e7b44fa971}
04-27 04:11:33.223 I/Gecko   (   84): 1398597093232	Marionette	DEBUG	Got request: executeWithCallback, data: {"to":"0","sessionId":"3-b2g","name":"executeAsyncScript","parameters":{"specialPowers":false,"scriptTimeout":null,"newSandbox":true,"args":[],"filename":"gaia_test.py","script":"return GaiaApps.displayedApp();","line":66}}, id: {bd338900-8bdf-4e8f-9566-a64b3d473c92}
04-27 04:11:33.333 E/GeckoConsole(   84): Content JS LOG at dummy file:392 in GaiaApps.displayedApp: app with origin 'app://homescreen.gaiamobile.org' is displayed
04-27 04:11:33.333 I/Gecko   (   84): 1398597093346	Marionette	INFO	sendToClient: {"from":"0","value":{"frame":{"ELEMENT":"{8331b9e6-a882-481b-b768-5e636b68f67f}"},"src":"app://homescreen.gaiamobile.org/index.html#root","name":"Homescreen","origin":"app://homescreen.gaiamobile.org"}}, {bd338900-8bdf-4e8f-9566-a64b3d473c92}, {bd338900-8bdf-4e8f-9566-a64b3d473c92}
04-27 04:11:33.353 I/Gecko   (   84): 1398597093362	Marionette	DEBUG	Got request: switchToFrame, data: {"to":"0","sessionId":"3-b2g","name":"switchToFrame","parameters":{"focus":true,"element":"{8331b9e6-a882-481b-b768-5e636b68f67f}"}}, id: {9fb2b4ca-e4f8-48ff-8a43-7e61410ff31b}
04-27 04:11:33.383 I/Gecko   (   84): 1398597093389	Marionette	INFO	Switched to frame: {"frameValue":"{8331b9e6-a882-481b-b768-5e636b68f67f}"}
04-27 04:11:33.383 I/Gecko   (   84): 1398597093391	Marionette	INFO	trying remote frame 0
04-27 04:11:33.383 I/Gecko   (   84): 1398597093392	Marionette	INFO	trying remote frame 1
04-27 04:11:33.383 I/Gecko   (   84): 1398597093393	Marionette	INFO	trying remote frame 2
04-27 04:11:33.393 I/Gecko   (   84): 1398597093397	Marionette	INFO	trying remote frame 3
04-27 04:11:33.393 I/Gecko   (   84): 1398597093398	Marionette	INFO	trying remote frame 4
04-27 04:11:33.393 I/Gecko   (   84): 1398597093399	Marionette	INFO	trying remote frame 5
04-27 04:11:33.393 I/Gecko   (   84): 1398597093400	Marionette	INFO	deleting frame
04-27 04:11:33.413 I/Gecko   (   84): 1398597093419	Marionette	INFO	frame-manager load script: [object ChromeMessageSender]
04-27 04:11:33.833 I/Gecko   ( 4016): ###################################### forms.js loaded
04-27 04:11:33.933 I/Gecko   ( 4016): ############################### browserElementPanning.js loaded
04-27 04:11:33.953 I/Gecko   ( 4016): ######################## BrowserElementChildPreload.js loaded
