--------- beginning of /dev/log/main
04-27 17:33:00.310 I/Gecko   (   84): 1398645180314	Marionette	INFO	sendToClient: {"from":"0","ok":true}, {c9aa0486-4c4a-4d9a-ac57-2e5d1881e738}, {c9aa0486-4c4a-4d9a-ac57-2e5d1881e738}
04-27 17:33:00.310 I/Gecko   (   84): 1398645180322	Marionette	DEBUG	Got request: switchToFrame, data: {"to":"0","sessionId":"3-b2g","name":"switchToFrame","parameters":{"id":null,"focus":true}}, id: {c58d6182-be5d-4200-9554-4e580e907adf}
04-27 17:33:00.320 I/Gecko   (   84): 1398645180325	Marionette	INFO	Switched to frame: {"frameValue":null}
04-27 17:33:00.430 I/Gecko   (   84): 1398645180436	Marionette	INFO	sendToClient: {"from":"0","ok":true}, {c58d6182-be5d-4200-9554-4e580e907adf}, {c58d6182-be5d-4200-9554-4e580e907adf}
04-27 17:33:00.430 I/Gecko   (   84): 1398645180442	Marionette	DEBUG	Got request: executeWithCallback, data: {"to":"0","sessionId":"3-b2g","name":"executeAsyncScript","parameters":{"specialPowers":false,"scriptTimeout":null,"newSandbox":true,"args":[],"filename":"gaia_test.py","script":"return GaiaApps.displayedApp();","line":66}}, id: {b7674aa5-1496-49d7-8ae4-8228b825f4e2}
04-27 17:33:00.520 I/Gecko   (   84): 1398645180529	Marionette	INFO	sendToClient: {"from":"0","value":{"frame":{"ELEMENT":"{da2eaa0d-023e-4d83-b0e0-a0e220a9adb3}"},"src":"app://homescreen.gaiamobile.org/index.html#root","name":"Homescreen","origin":"app://homescreen.gaiamobile.org"}}, {b7674aa5-1496-49d7-8ae4-8228b825f4e2}, {b7674aa5-1496-49d7-8ae4-8228b825f4e2}
04-27 17:33:00.520 E/GeckoConsole(   84): Content JS LOG at dummy file:392 in GaiaApps.displayedApp: app with origin 'app://homescreen.gaiamobile.org' is displayed
04-27 17:33:00.550 I/Gecko   (   84): 1398645180558	Marionette	DEBUG	Got request: switchToFrame, data: {"to":"0","sessionId":"3-b2g","name":"switchToFrame","parameters":{"id":null,"focus":true}}, id: {a2b2a332-7e75-4185-aed6-6cf6f15dfea5}
04-27 17:33:00.600 I/Gecko   (   84): 1398645180611	Marionette	INFO	Switched to frame: {"frameValue":null}
04-27 17:33:00.910 E/GeckoConsole( 3643): Content JS ERROR at app://homescreen.gaiamobile.org/gaia_build_defer_index.js:390 in loadSVConfFileError: Failed parsing singleVariant configuration file [js/singlevariantconf.json]:  [Exception... "File error: Not found"  nsresult: "0x80520012 (NS_ERROR_FILE_NOT_FOUND)"  location: "JS frame :: app://homescreen.gaiamobile.org/gaia_build_defer_index.js :: loadFile :: line 382"  data: no]
04-27 17:33:00.990 I/Gecko   (   84): 1398645181002	Marionette	INFO	sendToClient: {"from":"0","ok":true}, {a2b2a332-7e75-4185-aed6-6cf6f15dfea5}, {a2b2a332-7e75-4185-aed6-6cf6f15dfea5}
04-27 17:33:01.050 I/Gecko   (   84): 1398645181056	Marionette	DEBUG	Got request: switchToFrame, data: {"to":"0","sessionId":"3-b2g","name":"switchToFrame","parameters":{"id":null,"focus":true}}, id: {b37a6225-f3c1-4c75-bd07-334c7334b755}
04-27 17:33:01.050 I/Gecko   (   84): 1398645181058	Marionette	INFO	Switched to frame: {"frameValue":null}
04-27 17:33:01.160 I/Gecko   (   84): 1398645181165	Marionette	INFO	sendToClient: {"from":"0","ok":true}, {b37a6225-f3c1-4c75-bd07-334c7334b755}, {b37a6225-f3c1-4c75-bd07-334c7334b755}
04-27 17:33:01.160 I/Gecko   (   84): 1398645181171	Marionette	DEBUG	Got request: executeWithCallback, data: {"to":"0","sessionId":"3-b2g","name":"executeAsyncScript","parameters":{"specialPowers":false,"scriptTimeout":null,"newSandbox":true,"args":[],"filename":"gaia_test.py","script":"return GaiaApps.displayedApp();","line":66}}, id: {57d206f4-d2e3-438c-82ee-593a6caeb216}
04-27 17:33:01.230 I/Gecko   (   84): 1398645181240	Marionette	INFO	sendToClient: {"from":"0","value":{"frame":{"ELEMENT":"{da2eaa0d-023e-4d83-b0e0-a0e220a9adb3}"},"src":"app://homescreen.gaiamobile.org/index.html#root","name":"Homescreen","origin":"app://homescreen.gaiamobile.org"}}, {57d206f4-d2e3-438c-82ee-593a6caeb216}, {57d206f4-d2e3-438c-82ee-593a6caeb216}
04-27 17:33:01.240 I/Gecko   (   84): 1398645181248	Marionette	DEBUG	Got request: switchToFrame, data: {"to":"0","sessionId":"3-b2g","name":"switchToFrame","parameters":{"focus":true,"element":"{da2eaa0d-023e-4d83-b0e0-a0e220a9adb3}"}}, id: {a9cdd779-64d2-4cda-972c-b1cebc1a3fe9}
04-27 17:33:01.260 I/Gecko   (   84): 1398645181268	Marionette	INFO	Switched to frame: {"frameValue":"{da2eaa0d-023e-4d83-b0e0-a0e220a9adb3}"}
04-27 17:33:01.260 E/GeckoConsole(   84): Content JS LOG at dummy file:392 in GaiaApps.displayedApp: app with origin 'app://homescreen.gaiamobile.org' is displayed
04-27 17:33:01.260 I/Gecko   (   84): 1398645181271	Marionette	INFO	trying remote frame 0
04-27 17:33:01.260 I/Gecko   (   84): 1398645181273	Marionette	INFO	trying remote frame 1
04-27 17:33:01.270 I/Gecko   (   84): 1398645181274	Marionette	INFO	trying remote frame 2
04-27 17:33:01.280 I/Gecko   (   84): 1398645181284	Marionette	INFO	trying remote frame 3
04-27 17:33:01.280 I/Gecko   (   84): 1398645181285	Marionette	INFO	trying remote frame 4
04-27 17:33:01.280 I/Gecko   (   84): 1398645181286	Marionette	INFO	deleting frame
04-27 17:33:01.280 I/Gecko   (   84): 1398645181291	Marionette	INFO	frame-manager load script: [object ChromeMessageSender]
04-27 17:33:01.380 W/WifiHW  (   84): wifi_command: SIGNAL_POLL
04-27 17:33:02.250 I/Gecko   (   84): 1398645182254	Marionette	INFO	sendToClient: {"from":"0","ok":true}, {a9cdd779-64d2-4cda-972c-b1cebc1a3fe9}, {a9cdd779-64d2-4cda-972c-b1cebc1a3fe9}
04-27 17:33:02.300 V/AudioPolicyManagerBase(   89): startOutput() output 1, stream 1, session 7
04-27 17:33:02.300 V/AudioPolicyManagerBase(   89): changeRefCount() stream 1, count 1
04-27 17:33:02.300 V/AudioPolicyManagerBase(   89): getDeviceForStrategy() from cache strategy 0, device 2
04-27 17:33:02.300 V/AudioPolicyManagerBase(   89): getNewDevice() selected device 2
04-27 17:33:02.300 D/AudioPolicyManagerBase(   89): setOutputDevice() output 1 device 2 delayMs 0
04-27 17:33:02.300 V/AudioPolicyManagerBase(   89): setOutputDevice() setting same device 2 or null device for output 1
04-27 17:33:02.300 E/AudioPolicyManagerBase(   89): checkAndSetVolume stream=1, index=0, output=1, device=2
04-27 17:33:02.300 E/AudioPolicyManagerBase(   89): computeVolume, streamDesc=0x31bbb8
04-27 17:33:02.350 W/AudioFlinger(   89): Thread AudioOut_1 cannot connect to the power manager service
04-27 17:33:02.350 V/AudioPolicyManagerBase(   89): stopOutput() output 1, stream 1, session 7
04-27 17:33:02.350 V/AudioPolicyManagerBase(   89): changeRefCount() stream 1, count 0
04-27 17:33:02.350 V/AudioPolicyManagerBase(   89): getNewDevice() selected device 0
04-27 17:33:02.350 D/AudioPolicyManagerBase(   89): setOutputDevice() output 1 device 0 delayMs 290
04-27 17:33:02.350 V/AudioPolicyManagerBase(   89): setOutputDevice() setting same device 0 or null device for output 1
04-27 17:33:02.360 V/AudioPolicyManagerBase(   89): startOutput() output 1, stream 1, session 7
04-27 17:33:02.360 V/AudioPolicyManagerBase(   89): changeRefCount() stream 1, count 1
04-27 17:33:02.360 V/AudioPolicyManagerBase(   89): getDeviceForStrategy() from cache strategy 0, device 2
04-27 17:33:02.360 V/AudioPolicyManagerBase(   89): getNewDevice() selected device 2
04-27 17:33:02.360 D/AudioPolicyManagerBase(   89): setOutputDevice() output 1 device 2 delayMs 0
04-27 17:33:02.360 V/AudioPolicyManagerBase(   89): setOutputDevice() setting same device 2 or null device for output 1
04-27 17:33:02.360 E/AudioPolicyManagerBase(   89): checkAndSetVolume stream=1, index=0, output=1, device=2
04-27 17:33:02.360 E/AudioPolicyManagerBase(   89): computeVolume, streamDesc=0x31bbb8
04-27 17:33:02.360 V/AudioPolicyManagerBase(   89): stopOutput() output 1, stream 1, session 7
04-27 17:33:02.360 V/AudioPolicyManagerBase(   89): changeRefCount() stream 1, count 0
04-27 17:33:02.360 V/AudioPolicyManagerBase(   89): getNewDevice() selected device 0
04-27 17:33:02.360 D/AudioPolicyManagerBase(   89): setOutputDevice() output 1 device 0 delayMs 290
04-27 17:33:02.360 V/AudioPolicyManagerBase(   89): setOutputDevice() setting same device 0 or null device for output 1
04-27 17:33:02.370 V/AudioPolicyManagerBase(   89): releaseOutput() 1
04-27 17:33:02.420 I/Gecko   (   84): 1398645182431	Marionette	INFO	sendToClient: {"from":"0","value":{"ELEMENT":"{24704dd4-de9c-477a-93d7-bb9a191b37e3}"}}, {8f617fcc-6059-46c3-a73a-1ce2813887e5}, {8f617fcc-6059-46c3-a73a-1ce2813887e5}
04-27 17:33:02.770 E/GeckoConsole( 3643): [JavaScript Warning: "Use of getAttributeNode() is deprecated. Use getAttribute() instead." {file: "chrome://marionette/content/atoms.js" line: 25}]
04-27 17:33:02.780 E/GeckoConsole( 3643): [JavaScript Warning: "Use of attributes' specified attribute is deprecated. It always returns true." {file: "chrome://marionette/content/atoms.js" line: 25}]
04-27 17:33:02.780 I/Gecko   (   84): 1398645182787	Marionette	INFO	sendToClient: {"from":"0","value":"normal"}, {2e1a80e2-ee4b-42dc-8f4c-4f7b770079ce}, {2e1a80e2-ee4b-42dc-8f4c-4f7b770079ce}
04-27 17:33:02.790 I/Gecko   (   84): 1398645182793	Marionette	DEBUG	Got request: switchToFrame, data: {"to":"0","sessionId":"3-b2g","name":"switchToFrame","parameters":{"id":null,"focus":true}}, id: {a22bca2a-d09a-42ce-af89-824e49d345fa}
04-27 17:33:02.800 I/Gecko   (   84): 1398645182812	Marionette	INFO	Switched to frame: {"frameValue":null}
04-27 17:33:02.910 I/Gecko   (   84): 1398645182916	Marionette	INFO	sendToClient: {"from":"0","ok":true}, {a22bca2a-d09a-42ce-af89-824e49d345fa}, {a22bca2a-d09a-42ce-af89-824e49d345fa}
04-27 17:33:02.910 I/Gecko   (   84): 1398645182922	Marionette	DEBUG	Got request: execute, data: {"to":"0","sessionId":"3-b2g","name":"executeScript","parameters":{"specialPowers":false,"scriptTimeout":null,"newSandbox":true,"args":[],"filename":"gaia_test.py","script":"window.wrappedJSObject.dispatchEvent(new Event('home'));","line":788}}, id: {2ef092b1-3604-4c45-b5b1-49da0da60d71}
04-27 17:33:02.990 I/Gecko   (   84): 1398645182997	Marionette	INFO	sendToClient: {"from":"0","value":null}, {2ef092b1-3604-4c45-b5b1-49da0da60d71}, {2ef092b1-3604-4c45-b5b1-49da0da60d71}
04-27 17:33:03.010 I/Gecko   (   84): 1398645183003	Marionette	DEBUG	Got request: switchToFrame, data: {"to":"0","sessionId":"3-b2g","name":"switchToFrame","parameters":{"id":null,"focus":true}}, id: {00807582-1245-4ca0-9322-020d6b804534}
04-27 17:33:03.010 I/Gecko   (   84): 1398645183019	Marionette	INFO	Switched to frame: {"frameValue":null}
04-27 17:33:03.110 I/Gecko   (   84): 1398645183122	Marionette	INFO	sendToClient: {"from":"0","ok":true}, {00807582-1245-4ca0-9322-020d6b804534}, {00807582-1245-4ca0-9322-020d6b804534}
04-27 17:33:03.120 I/Gecko   (   84): 1398645183128	Marionette	DEBUG	Got request: switchToFrame, data: {"to":"0","sessionId":"3-b2g","name":"switchToFrame","parameters":{"id":null,"focus":true}}, id: {d602b985-9fb1-4512-a040-32235a483bf5}
04-27 17:33:03.120 I/Gecko   (   84): 1398645183130	Marionette	INFO	Switched to frame: {"frameValue":null}
04-27 17:33:03.230 I/Gecko   (   84): 1398645183237	Marionette	INFO	sendToClient: {"from":"0","ok":true}, {d602b985-9fb1-4512-a040-32235a483bf5}, {d602b985-9fb1-4512-a040-32235a483bf5}
04-27 17:33:03.250 I/Gecko   (   84): 1398645183259	Marionette	DEBUG	Got request: executeWithCallback, data: {"to":"0","sessionId":"3-b2g","name":"executeAsyncScript","parameters":{"specialPowers":false,"scriptTimeout":null,"newSandbox":true,"args":[],"filename":"gaia_test.py","script":"return GaiaApps.displayedApp();","line":66}}, id: {396cf72e-7af8-4884-aea7-f1a73846d8ae}
04-27 17:33:03.330 I/Gecko   (   84): 1398645183338	Marionette	INFO	sendToClient: {"from":"0","value":{"frame":{"ELEMENT":"{da2eaa0d-023e-4d83-b0e0-a0e220a9adb3}"},"src":"app://homescreen.gaiamobile.org/index.html#rootSun%20Apr%2027%202014%2017:33:02%20GMT-0700%20(UTC)","name":"Homescreen","origin":"app://homescreen.gaiamobile.org"}}, {396cf72e-7af8-4884-aea7-f1a73846d8ae}, {396cf72e-7af8-4884-aea7-f1a73846d8ae}
04-27 17:33:03.340 E/GeckoConsole(   84): Content JS LOG at dummy file:392 in GaiaApps.displayedApp: app with origin 'app://homescreen.gaiamobile.org' is displayed
04-27 17:33:03.350 I/Gecko   (   84): 1398645183359	Marionette	DEBUG	Got request: switchToFrame, data: {"to":"0","sessionId":"3-b2g","name":"switchToFrame","parameters":{"focus":true,"element":"{da2eaa0d-023e-4d83-b0e0-a0e220a9adb3}"}}, id: {16d42040-e779-4692-ba25-fe669402a136}
04-27 17:33:03.370 I/Gecko   (   84): 1398645183378	Marionette	INFO	Switched to frame: {"frameValue":"{da2eaa0d-023e-4d83-b0e0-a0e220a9adb3}"}
04-27 17:33:03.380 I/Gecko   (   84): 1398645183385	Marionette	INFO	trying remote frame 0
04-27 17:33:03.380 I/Gecko   (   84): 1398645183386	Marionette	INFO	trying remote frame 1
04-27 17:33:03.380 I/Gecko   (   84): 1398645183390	Marionette	INFO	trying remote frame 2
04-27 17:33:03.380 I/Gecko   (   84): 1398645183391	Marionette	INFO	trying remote frame 3
04-27 17:33:03.380 I/Gecko   (   84): 1398645183391	Marionette	INFO	trying remote frame 4
04-27 17:33:04.240 I/Gecko   (   84): 1398645184248	Marionette	INFO	sendToClient: {"from":"0","ok":true}, {16d42040-e779-4692-ba25-fe669402a136}, {16d42040-e779-4692-ba25-fe669402a136}
04-27 17:33:04.250 I/Gecko   (   84): 1398645184256	Marionette	DEBUG	Got request: execute, data: {"to":"0","sessionId":"3-b2g","name":"executeScript","parameters":{"specialPowers":false,"scriptTimeout":null,"newSandbox":true,"args":[],"filename":"gaia_test.py","script":"return window.wrappedJSObject.GridManager.pageHelper.getCurrentPageNumber();","line":784}}, id: {03a5228c-f25a-4a20-a051-edd4664f8a01}
04-27 17:33:04.600 I/Gecko   (   84): 1398645184608	Marionette	INFO	sendToClient: {"from":"0","value":0}, {03a5228c-f25a-4a20-a051-edd4664f8a01}, {03a5228c-f25a-4a20-a051-edd4664f8a01}
04-27 17:33:04.920 I/Gecko   (   84): 1398645184923	Marionette	INFO	sendToClient: {"from":"0","value":["{96522594-7d9f-424a-baf0-a721abdb3ef0}","{36ba3ae2-3097-4fc8-8a66-9a1423a83810}","{164b3504-6bdf-4394-8243-f3a3b47c4af9}","{45e978f2-4f2c-4f54-afc8-1ecfb16cfe0d}","{f364e923-ba9a-49a8-8db5-aa93338588d1}","{eb0aee42-b35b-4f5c-a850-27f7319b3eec}","{0ff9d4b9-a4e1-48d8-af7f-f1ca08848b13}","{ad5a4e8e-dfd1-4c17-86a6-55edcabaa4e8}","{e21536a3-57b2-4a26-9b35-7e7fd1930c75}","{2fd23c33-c01d-4eae-840f-31accdb2b2a1}","{ad4a72fc-f0bd-4781-a10a-ce2910c49715}","{9ce74d77-e8ef-4fc3-b368-41bb69e56944}","{fd23fe79-b7a8-4d0d-9478-878d713553b3}","{50e2681f-a488-4e87-9916-70487138e256}","{75166335-99e5-476d-a84e-1f0c9c99df52}","{ac93aba1-dd5f-4ec2-ae35-901c2a5efe45}","{f4cf4b79-ddcb-4fce-911a-6af8181e7577}","{ac8d84b1-a85e-4527-9250-0fd7e6e8eba5}","{cc4079ba-b3b5-42d9-b6c8-83f7d8a45b97}","{4fe674d7-a2bc-45cb-84f2-a0546c953ddc}","{252d0c44-cd0e-4658-9583-b1881e3ab5de}","{14d17df1-c208-474a-b40f-a2db4258fe45}","{1f0c6534-3d22-4853-ab21-e537dd915b8f}","{f301ae41-21dd
04-27 17:33:05.050 I/Gecko   (   84): 1398645185056	Marionette	INFO	sendToClient: {"from":"0","value":"app://homescreen.gaiamobile.org/index.html#rootSun%20Apr%2027%202014%2017:33:02%20GMT-0700%20(UTC)"}, {0c63f63f-a200-439c-9256-ec76a5c3a57d}, {0c63f63f-a200-439c-9256-ec76a5c3a57d}
04-27 17:33:05.050 I/Gecko   (   84): 1398645185062	Marionette	DEBUG	Got request: switchToFrame, data: {"to":"0","sessionId":"3-b2g","name":"switchToFrame","parameters":{"id":null,"focus":true}}, id: {c54e6a6b-ae03-404c-abec-d307b3b13dcb}
04-27 17:33:05.070 I/Gecko   (   84): 1398645185078	Marionette	INFO	Switched to frame: {"frameValue":null}
04-27 17:33:05.170 I/Gecko   (   84): 1398645185181	Marionette	INFO	sendToClient: {"from":"0","ok":true}, {c54e6a6b-ae03-404c-abec-d307b3b13dcb}, {c54e6a6b-ae03-404c-abec-d307b3b13dcb}
04-27 17:33:05.180 I/Gecko   (   84): 1398645185187	Marionette	DEBUG	Got request: switchToFrame, data: {"to":"0","sessionId":"3-b2g","name":"switchToFrame","parameters":{"id":null,"focus":true}}, id: {a98bccac-f94d-4963-bbf5-bd9df517548b}
04-27 17:33:05.180 I/Gecko   (   84): 1398645185189	Marionette	INFO	Switched to frame: {"frameValue":null}
04-27 17:33:05.540 I/Gecko   (   84): 1398645185550	Marionette	INFO	sendToClient: {"from":"0","ok":true}, {a98bccac-f94d-4963-bbf5-bd9df517548b}, {a98bccac-f94d-4963-bbf5-bd9df517548b}
04-27 17:33:05.570 I/Gecko   (   84): 1398645185581	Marionette	DEBUG	Got request: executeWithCallback, data: {"to":"0","sessionId":"3-b2g","name":"executeAsyncScript","parameters":{"specialPowers":false,"scriptTimeout":30000,"newSandbox":true,"args":[],"filename":"app_checker.py","script":"GaiaApps.launchWithManifestURL('https://marketplace.firefox.com/app/456c45a3-7bb4-4a6a-b91e-c0377708066c/manifest.webapp')","line":106}}, id: {ff367bd9-f344-4952-949a-def416c51574}
04-27 17:33:08.950 W/WifiHW  (   84): wifi_command: SIGNAL_POLL
04-27 17:33:09.460 I/Gonk    (   84): Setting nice for pid 3653 to 18
04-27 17:33:09.460 I/Gonk    (   84): Changed nice for pid 3653 from 0 to 18.
04-27 17:33:09.470 I/Gecko   (   84): [Parent 84] WARNING: waitpid failed pid:3653 errno:10: file ../../../gecko/ipc/chromium/src/base/process_util_posix.cc, line 254
04-27 17:33:09.470 I/Gonk    (   84): Setting nice for pid 3653 to 1
04-27 17:33:09.470 I/Gonk    (   84): Changed nice for pid 3653 from 18 to 1.
04-27 17:33:09.520 E/GeckoConsole(   84): Content JS LOG at dummy file:334 in GaiaApps.launch: launching app with name 'Level'
04-27 17:33:10.080 E/[Gralloc-ERROR](   84): int gralloc_register_buffer(const gralloc_module_t*, const native_handle_t*):79 Unable to register handle 0x4432b650 coming from different process: 84
04-27 17:33:10.080 E/[Gralloc-ERROR](   84): int gralloc_register_buffer(const gralloc_module_t*, const native_handle_t*):79 Unable to register handle 0x443a0060 coming from different process: 84
04-27 17:33:10.180 E/[Gralloc-ERROR](   84): int gralloc_register_buffer(const gralloc_module_t*, const native_handle_t*):79 Unable to register handle 0x443a0100 coming from different process: 84
04-27 17:33:10.180 E/[Gralloc-ERROR](   84): int gralloc_register_buffer(const gralloc_module_t*, const native_handle_t*):79 Unable to register handle 0x443a0380 coming from different process: 84
04-27 17:33:10.370 I/Gonk    (   84): Setting nice for pid 3643 to 18
04-27 17:33:10.370 I/Gonk    (   84): Changed nice for pid 3643 from 1 to 18.
04-27 17:33:12.330 I/Gecko   (   84): 
04-27 17:33:12.330 I/Gecko   (   84): ###!!! [Parent][MessageChannel] Error: Channel error: cannot send/recv
04-27 17:33:12.330 I/Gecko   (   84): 
04-27 17:33:12.390 I/GeckoDump(   84): Crash reporter : Can't fetch app.reportCrashes. Exception: [Exception... "Component returned failure code: 0x8000ffff (NS_ERROR_UNEXPECTED) [nsIPrefBranch.getBoolPref]"  nsresult: "0x8000ffff (NS_ERROR_UNEXPECTED)"  location: "JS frame :: chrome://browser/content/shell.js :: shell_reportCrash :: line 7"  data: no]
04-27 17:33:12.390 I/Gecko   (   84): [Parent 84] WARNING: waitpid failed pid:3643 errno:10: file ../../../gecko/ipc/chromium/src/base/process_util_posix.cc, line 254
04-27 17:33:14.010 W/WifiHW  (   84): wifi_command: SIGNAL_POLL
04-27 17:33:14.390 I/Gecko   (   84): [Parent 84] WARNING: waitpid failed pid:3643 errno:10: file ../../../gecko/ipc/chromium/src/base/process_util_posix.cc, line 254
04-27 17:33:14.390 I/Gecko   (   84): [Parent 84] WARNING: Failed to deliver SIGKILL to 3643!(3).: file ../../../gecko/ipc/chromium/src/chrome/common/process_watcher_posix_sigchld.cc, line 118
04-27 17:33:14.560 E/GeckoConsole( 3653): [JavaScript Error: "TypeError: a is null" {file: "app://{afc5d352-74c1-4ef1-b2a6-fb3cd79dba8f}/js/script.js" line: 1}]
04-27 17:33:14.810 I/Gonk    (   84): Setting nice for pid 3765 to 18
04-27 17:33:14.810 I/Gonk    (   84): Changed nice for pid 3765 from 0 to 18.
04-27 17:33:14.870 E/GeckoConsole(   84): Content JS LOG at dummy file:326 in GaiaApps.launch/appOpen/<: app with origin 'app://{afc5d352-74c1-4ef1-b2a6-fb3cd79dba8f}' has launched
04-27 17:33:14.870 I/Gecko   (   84): 1398645194876	Marionette	INFO	sendToClient: {"from":"0","value":{"frame":{"ELEMENT":"{cf880515-c977-4d35-b381-ffdb8899820d}"},"src":"app://{afc5d352-74c1-4ef1-b2a6-fb3cd79dba8f}/level.html","name":"Level","origin":"app://{afc5d352-74c1-4ef1-b2a6-fb3cd79dba8f}"}}, {ff367bd9-f344-4952-949a-def416c51574}, {ff367bd9-f344-4952-949a-def416c51574}
04-27 17:33:15.380 I/Gonk    (   84): Setting nice for pid 3765 to 18
04-27 17:33:15.380 I/Gonk    (   84): Changed nice for pid 3765 from 18 to 18.
04-27 17:33:15.380 I/Gecko   (   84): [Parent 84] WARNING: waitpid failed pid:3765 errno:10: file ../../../gecko/ipc/chromium/src/base/process_util_posix.cc, line 254
04-27 17:33:15.390 E/[Gralloc-ERROR](   84): int gralloc_unregister_buffer(const gralloc_module_t*, const native_handle_t*):274 Trying to unregister buffer 0x443a0060 from process 84 that was not created in current process: 84
04-27 17:33:15.390 E/[Gralloc-ERROR](   84): int gralloc_unregister_buffer(const gralloc_module_t*, const native_handle_t*):274 Trying to unregister buffer 0x4432b650 from process 84 that was not created in current process: 84
04-27 17:33:15.390 E/[Gralloc-ERROR](   84): int gralloc_unregister_buffer(const gralloc_module_t*, const native_handle_t*):274 Trying to unregister buffer 0x443a0100 from process 84 that was not created in current process: 84
04-27 17:33:15.390 E/[Gralloc-ERROR](   84): int gralloc_unregister_buffer(const gralloc_module_t*, const native_handle_t*):274 Trying to unregister buffer 0x443a0380 from process 84 that was not created in current process: 84
04-27 17:33:15.400 I/Gonk    (   84): Setting nice for pid 3773 to 18
04-27 17:33:15.400 I/Gonk    (   84): Changed nice for pid 3773 from 0 to 18.
04-27 17:33:15.490 I/Gecko   (   84): 1398645195494	Marionette	DEBUG	Got request: switchToFrame, data: {"to":"0","sessionId":"3-b2g","name":"switchToFrame","parameters":{"focus":true,"element":"{cf880515-c977-4d35-b381-ffdb8899820d}"}}, id: {717bd3d3-1ced-4be5-9dc3-fcf4f65d3585}
04-27 17:33:15.560 I/Gecko   (   84): 1398645195568	Marionette	INFO	Switched to frame: {"frameValue":"{cf880515-c977-4d35-b381-ffdb8899820d}"}
04-27 17:33:15.570 I/Gecko   (   84): 1398645195581	Marionette	INFO	trying remote frame 0
04-27 17:33:15.580 I/Gecko   (   84): 1398645195583	Marionette	INFO	trying remote frame 1
04-27 17:33:15.580 I/Gecko   (   84): 1398645195584	Marionette	INFO	trying remote frame 2
04-27 17:33:15.580 I/Gecko   (   84): 1398645195585	Marionette	INFO	trying remote frame 3
04-27 17:33:15.580 I/Gecko   (   84): 1398645195586	Marionette	INFO	trying remote frame 4
04-27 17:33:15.580 I/Gecko   (   84): 1398645195587	Marionette	INFO	deleting frame
04-27 17:33:15.580 I/Gecko   (   84): 1398645195592	Marionette	INFO	frame-manager load script: [object ChromeMessageSender]
04-27 17:33:16.150 I/Gecko   (   84): 1398645196155	Marionette	INFO	sendToClient: {"from":"0","ok":true}, {717bd3d3-1ced-4be5-9dc3-fcf4f65d3585}, {717bd3d3-1ced-4be5-9dc3-fcf4f65d3585}
04-27 17:33:16.170 I/Gecko   (   84): 1398645196180	Marionette	INFO	sendToClient: {"from":"0","value":"app://{afc5d352-74c1-4ef1-b2a6-fb3cd79dba8f}/level.html"}, {06786683-4bc1-4217-89bc-741dc2b4be74}, {06786683-4bc1-4217-89bc-741dc2b4be74}
04-27 17:33:16.180 I/Gecko   (   84): 1398645196186	Marionette	DEBUG	Got request: execute, data: {"to":"0","sessionId":"3-b2g","name":"executeScript","parameters":{"specialPowers":false,"scriptTimeout":null,"newSandbox":true,"args":[],"filename":"app_checker.py","script":"return window.document.readyState;","line":191}}, id: {2f510408-99ee-4cc8-b25a-c436ce13f3b7}
04-27 17:33:16.300 I/Gecko   (   84): 1398645196304	Marionette	INFO	sendToClient: {"from":"0","value":"complete"}, {2f510408-99ee-4cc8-b25a-c436ce13f3b7}, {2f510408-99ee-4cc8-b25a-c436ce13f3b7}
04-27 17:33:16.310 I/Gecko   (   84): 1398645196313	Marionette	INFO	sendToClient: {"from":"0","value":"app://{afc5d352-74c1-4ef1-b2a6-fb3cd79dba8f}/level.html"}, {10e10562-36b6-4cfd-9256-2decc1aa9278}, {10e10562-36b6-4cfd-9256-2decc1aa9278}
04-27 17:33:16.320 I/Gecko   ( 3653): Attempting load of libEGL.so
04-27 17:33:16.380 D/libEGL  ( 3653): loaded /system/lib/egl/libEGL_mali.so
04-27 17:33:16.380 I/Gonk    (   84): Setting nice for pid 3765 to 18
04-27 17:33:16.380 I/Gonk    (   84): Changed nice for pid 3765 from 18 to 18.
04-27 17:33:16.400 D/libEGL  ( 3653): loaded /system/lib/egl/libGLESv1_CM_mali.so
04-27 17:33:16.400 D/libEGL  ( 3653): loaded /system/lib/egl/libGLESv2_mali.so
04-27 17:33:16.450 I/Gecko   ( 3653): SharedSurface_Gralloc::Create -------
04-27 17:33:16.480 I/Gecko   ( 3653): SharedSurface_Gralloc::Create: success -- surface 0x4435fb40, GraphicBuffer 0x44346b80.
04-27 17:33:16.680 I/Gecko   (   84): 
04-27 17:33:16.680 I/Gecko   (   84): ###!!! [Parent][MessageChannel] Error: Channel error: cannot send/recv
04-27 17:33:16.680 I/Gecko   (   84): 
04-27 17:33:16.890 I/GeckoDump(   84): Crash reporter : Can't fetch app.reportCrashes. Exception: [Exception... "Component returned failure code: 0x8000ffff (NS_ERROR_UNEXPECTED) [nsIPrefBranch.getBoolPref]"  nsresult: "0x8000ffff (NS_ERROR_UNEXPECTED)"  location: "JS frame :: chrome://browser/content/shell.js :: shell_reportCrash :: line 7"  data: no]
04-27 17:33:16.940 I/Gecko   (   84): [Parent 84] WARNING: waitpid failed pid:3765 errno:10: file ../../../gecko/ipc/chromium/src/base/process_util_posix.cc, line 254
04-27 17:33:17.760 I/Gecko   (   84): 1398645197749	Marionette	INFO	sendToClient: {"from":"0","value":"iVBORw0KGgoAAAANSUhEUgAAAUAAAAHMCAYAAACk4nEJAAAgAElEQVR4nOydeVQTWfq/p1271dbeW0UBW1xABEFwwYVNUUFQUVQQQURFQUUMYRVBBVREUAx72AJhD6tBQcEFBRUNKhpcWpyZ/vbQv+k/Muc400y3p+fz+6MqRYoEN1BUbs55Dpqq3FQqyZP3ve+9t/4yQcsJBEJfAQAdHR0EQp/wl77+AhD6N0SAhL6ECJDQpxABEvoSIkBCn0IESOhLiAAJfQoRIKEvIQIk9ClEgIS+hAiQ0KcQARL6EiJAQp9CBEjoS95bATptDEfHsw50POuAhTmnz4+H8HZ4WwLkcDkqEQqEkP0qY/bjJfAgrhK/0y+dUCAEh8sBL4H3zp7P3c0d1rbWsLa1hrubO4QCodJ+0lYpOFzOWz8eVedc2ipF29O2d/o+dHS8BwIMDuSj41kHRCUNrPslTVLIb7w4EXO/gZE7auskAAChoLbPv8CEnvG2BGhtaw1RiQjSFimDqEQEewd7hB8MZ/YLDgxWKYO3RdvTNljbWqOhsQFtj9/+Fz46Khr2DvYQV4gZ8dfW1cLewV5JdpJmCaxtrd/6Mak65/Ifp3f1PsjpcwF2POtgROe1g4cJWk6wMOdA8aYoQFFJA3O/pEna519gQs94mwKUNEtY9+E50NDYwPqSv2sBSprejWQ6OjogrhLD2tYabU/bgOed5xnPwYhYMRJ7VwIEwDqevngf5PSpAJ02hrNE194uwwQtJ4RHClUKsOv+RIAfPu9SgIpfckmTpNsvnrhKrJQySlulrO3RUdFKbUdHRaO2rvaFQvLa5QVrW2twuByWfOTpp+Jzdk0TeQk8iApF4CXwYO9gz7yG7uBwOYiOUT5OOfwUvkoBCgVC5jjsHeyVjkP2qwzhB8OZfaxtrZXSefnrkTRJ4LXDixVtdk2BOVwO7B3s4e7mzu
04-27 17:33:18.180 I/Gecko   (   84): 1398645198187	Marionette	INFO	sendToClient: {"from":"0","ok":true}, {5c123226-7bb4-40b3-81fd-a4f00da12f6d}, {5c123226-7bb4-40b3-81fd-a4f00da12f6d}
04-27 17:33:18.190 I/Gecko   (   84): 1398645198195	Marionette	DEBUG	Got request: switchToFrame, data: {"to":"0","sessionId":"3-b2g","name":"switchToFrame","parameters":{"id":null,"focus":true}}, id: {1aca155a-ab1a-4453-ad8c-8f416b44b5bb}
04-27 17:33:18.220 I/Gecko   (   84): 1398645198227	Marionette	INFO	Switched to frame: {"frameValue":null}
04-27 17:33:18.320 I/Gecko   (   84): 1398645198331	Marionette	INFO	sendToClient: {"from":"0","ok":true}, {1aca155a-ab1a-4453-ad8c-8f416b44b5bb}, {1aca155a-ab1a-4453-ad8c-8f416b44b5bb}
04-27 17:33:18.330 I/Gecko   (   84): 1398645198337	Marionette	DEBUG	Got request: executeWithCallback, data: {"to":"0","sessionId":"3-b2g","name":"executeAsyncScript","parameters":{"specialPowers":false,"scriptTimeout":null,"newSandbox":true,"args":[],"filename":"gaia_test.py","script":"return GaiaApps.displayedApp();","line":66}}, id: {5e21554b-6e0e-462e-8757-3bea0144ce40}
04-27 17:33:18.500 E/GeckoConsole(   84): Content JS LOG at dummy file:392 in GaiaApps.displayedApp: app with origin 'app://{afc5d352-74c1-4ef1-b2a6-fb3cd79dba8f}' is displayed
04-27 17:33:18.500 I/Gecko   (   84): 1398645198510	Marionette	INFO	sendToClient: {"from":"0","value":{"frame":{"ELEMENT":"{cf880515-c977-4d35-b381-ffdb8899820d}"},"src":"app://{afc5d352-74c1-4ef1-b2a6-fb3cd79dba8f}/level.html","name":"Level","origin":"app://{afc5d352-74c1-4ef1-b2a6-fb3cd79dba8f}"}}, {5e21554b-6e0e-462e-8757-3bea0144ce40}, {5e21554b-6e0e-462e-8757-3bea0144ce40}
04-27 17:33:18.520 I/Gecko   (   84): 1398645198527	Marionette	DEBUG	Got request: switchToFrame, data: {"to":"0","sessionId":"3-b2g","name":"switchToFrame","parameters":{"id":null,"focus":true}}, id: {10277950-6053-4261-94ea-e007ca5c6f33}
04-27 17:33:18.520 I/Gecko   (   84): 1398645198529	Marionette	INFO	Switched to frame: {"frameValue":null}
04-27 17:33:18.620 I/Gecko   (   84): 1398645198633	Marionette	INFO	sendToClient: {"from":"0","ok":true}, {10277950-6053-4261-94ea-e007ca5c6f33}, {10277950-6053-4261-94ea-e007ca5c6f33}
04-27 17:33:18.630 I/Gecko   (   84): 1398645198639	Marionette	DEBUG	Got request: execute, data: {"to":"0","sessionId":"3-b2g","name":"executeScript","parameters":{"specialPowers":false,"scriptTimeout":null,"newSandbox":true,"args":[],"filename":"gaia_test.py","script":"window.wrappedJSObject.dispatchEvent(new Event('home'));","line":788}}, id: {05b6b73b-93c8-4593-8199-dae1794ad7cd}
04-27 17:33:18.770 I/Gonk    (   84): Setting nice for pid 3773 to 18
04-27 17:33:18.770 I/Gonk    (   84): Changed nice for pid 3773 from 18 to 18.
04-27 17:33:18.770 I/Gecko   (   84): [Parent 84] WARNING: waitpid failed pid:3773 errno:10: file ../../../gecko/ipc/chromium/src/base/process_util_posix.cc, line 254
04-27 17:33:18.780 I/Gonk    (   84): Setting nice for pid 3773 to 1
04-27 17:33:18.780 I/Gonk    (   84): Changed nice for pid 3773 from 18 to 1.
04-27 17:33:18.830 I/Gecko   (   84): 1398645198842	Marionette	INFO	sendToClient: {"from":"0","value":null}, {05b6b73b-93c8-4593-8199-dae1794ad7cd}, {05b6b73b-93c8-4593-8199-dae1794ad7cd}
04-27 17:33:18.870 I/Gecko   (   84): 1398645198879	Marionette	DEBUG	Got request: switchToFrame, data: {"to":"0","sessionId":"3-b2g","name":"switchToFrame","parameters":{"id":null,"focus":true}}, id: {fbef559b-c2b6-4f8c-a92c-42c36bd77f80}
04-27 17:33:18.880 I/Gecko   (   84): 1398645198885	Marionette	INFO	Switched to frame: {"frameValue":null}
04-27 17:33:18.940 I/Gecko   (   84): [Parent 84] WARNING: waitpid failed pid:3765 errno:10: file ../../../gecko/ipc/chromium/src/base/process_util_posix.cc, line 254
04-27 17:33:18.940 I/Gecko   (   84): [Parent 84] WARNING: Failed to deliver SIGKILL to 3765!(3).: file ../../../gecko/ipc/chromium/src/chrome/common/process_watcher_posix_sigchld.cc, line 118
04-27 17:33:18.980 I/Gecko   (   84): 1398645198989	Marionette	INFO	sendToClient: {"from":"0","ok":true}, {fbef559b-c2b6-4f8c-a92c-42c36bd77f80}, {fbef559b-c2b6-4f8c-a92c-42c36bd77f80}
04-27 17:33:18.990 I/Gecko   (   84): 1398645198998	Marionette	DEBUG	Got request: executeWithCallback, data: {"to":"0","sessionId":"3-b2g","name":"executeAsyncScript","parameters":{"specialPowers":false,"scriptTimeout":null,"newSandbox":true,"args":[],"filename":"gaia_test.py","script":"return GaiaApps.displayedApp();","line":66}}, id: {53c1cca0-4e52-4270-92a9-d372b37bf60e}
04-27 17:33:19.070 W/WifiHW  (   84): wifi_command: SIGNAL_POLL
04-27 17:33:19.080 I/Gecko   (   84): 1398645199086	Marionette	INFO	sendToClient: {"from":"0","value":{"frame":{"ELEMENT":"{7d914650-1d37-47f0-bf46-55bd193e4d65}"},"src":"app://homescreen.gaiamobile.org/index.html#root","name":"Homescreen","origin":"app://homescreen.gaiamobile.org"}}, {53c1cca0-4e52-4270-92a9-d372b37bf60e}, {53c1cca0-4e52-4270-92a9-d372b37bf60e}
04-27 17:33:19.080 E/GeckoConsole(   84): Content JS LOG at dummy file:392 in GaiaApps.displayedApp: app with origin 'app://homescreen.gaiamobile.org' is displayed
04-27 17:33:19.100 I/Gecko   (   84): 1398645199107	Marionette	DEBUG	Got request: switchToFrame, data: {"to":"0","sessionId":"3-b2g","name":"switchToFrame","parameters":{"id":null,"focus":true}}, id: {11cce253-83d9-4ac7-a519-61d3b33b3d37}
04-27 17:33:19.100 I/Gecko   (   84): 1398645199109	Marionette	INFO	Switched to frame: {"frameValue":null}
04-27 17:33:19.210 I/Gecko   (   84): 1398645199216	Marionette	INFO	sendToClient: {"from":"0","ok":true}, {11cce253-83d9-4ac7-a519-61d3b33b3d37}, {11cce253-83d9-4ac7-a519-61d3b33b3d37}
04-27 17:33:19.210 I/Gecko   (   84): 1398645199222	Marionette	DEBUG	Got request: switchToFrame, data: {"to":"0","sessionId":"3-b2g","name":"switchToFrame","parameters":{"id":null,"focus":true}}, id: {4b53f5ba-c2b7-43ae-8403-84e63e495355}
04-27 17:33:19.220 I/Gecko   (   84): 1398645199224	Marionette	INFO	Switched to frame: {"frameValue":null}
04-27 17:33:20.520 I/Gecko   (   84): 1398645200532	Marionette	INFO	sendToClient: {"from":"0","ok":true}, {4b53f5ba-c2b7-43ae-8403-84e63e495355}, {4b53f5ba-c2b7-43ae-8403-84e63e495355}
04-27 17:33:21.420 I/Gonk    (   84): Setting nice for pid 3786 to 18
04-27 17:33:21.420 I/Gonk    (   84): Changed nice for pid 3786 from 0 to 18.
04-27 17:33:21.590 E/[Gralloc-ERROR](   84): int gralloc_register_buffer(const gralloc_module_t*, const native_handle_t*):79 Unable to register handle 0x45f196a0 coming from different process: 84
04-27 17:33:21.600 E/[Gralloc-ERROR](   84): int gralloc_register_buffer(const gralloc_module_t*, const native_handle_t*):79 Unable to register handle 0x45f19740 coming from different process: 84
04-27 17:33:22.120 I/Gecko   (   84): 1398645202126	Marionette	DEBUG	Got request: executeWithCallback, data: {"to":"0","sessionId":"3-b2g","name":"executeAsyncScript","parameters":{"specialPowers":false,"scriptTimeout":null,"newSandbox":true,"args":[],"filename":"gaia_test.py","script":"return GaiaApps.displayedApp();","line":66}}, id: {50d68b30-d2cb-49b3-b879-4310228cf49c}
04-27 17:33:22.120 E/[Gralloc-ERROR](   84): int gralloc_unregister_buffer(const gralloc_module_t*, const native_handle_t*):274 Trying to unregister buffer 0x45f19740 from process 84 that was not created in current process: 84
04-27 17:33:22.130 E/[Gralloc-ERROR](   84): int gralloc_unregister_buffer(const gralloc_module_t*, const native_handle_t*):274 Trying to unregister buffer 0x45f196a0 from process 84 that was not created in current process: 84
04-27 17:33:22.490 I/Gonk    (   84): Setting nice for pid 3653 to 18
04-27 17:33:22.490 I/Gonk    (   84): Changed nice for pid 3653 from 1 to 18.
04-27 17:33:22.580 E/GeckoConsole(   84): Content JS LOG at dummy file:392 in GaiaApps.displayedApp: app with origin 'app://homescreen.gaiamobile.org' is displayed
04-27 17:33:22.590 I/Gecko   (   84): 1398645202600	Marionette	INFO	sendToClient: {"from":"0","value":{"frame":{"ELEMENT":"{7d914650-1d37-47f0-bf46-55bd193e4d65}"},"src":"app://homescreen.gaiamobile.org/index.html#root","name":"Homescreen","origin":"app://homescreen.gaiamobile.org"}}, {50d68b30-d2cb-49b3-b879-4310228cf49c}, {50d68b30-d2cb-49b3-b879-4310228cf49c}
04-27 17:33:22.710 I/Gecko   (   84): 1398645202720	Marionette	DEBUG	Got request: switchToFrame, data: {"to":"0","sessionId":"3-b2g","name":"switchToFrame","parameters":{"focus":true,"element":"{7d914650-1d37-47f0-bf46-55bd193e4d65}"}}, id: {9e6b960b-7792-4176-9df8-ba318c745c51}
04-27 17:33:22.730 I/Gecko   (   84): 1398645202742	Marionette	INFO	Switched to frame: {"frameValue":"{7d914650-1d37-47f0-bf46-55bd193e4d65}"}
04-27 17:33:22.740 I/Gecko   (   84): 1398645202746	Marionette	INFO	trying remote frame 0
04-27 17:33:22.750 I/Gecko   (   84): 1398645202761	Marionette	INFO	trying remote frame 1
04-27 17:33:22.750 I/Gecko   (   84): 1398645202762	Marionette	INFO	trying remote frame 2
04-27 17:33:22.760 I/Gecko   (   84): 1398645202764	Marionette	INFO	trying remote frame 3
04-27 17:33:22.760 I/Gecko   (   84): 1398645202768	Marionette	INFO	trying remote frame 4
04-27 17:33:22.770 I/Gecko   (   84): 1398645202774	Marionette	INFO	deleting frame
04-27 17:33:22.770 I/Gecko   (   84): 1398645202780	Marionette	INFO	frame-manager load script: [object ChromeMessageSender]
04-27 17:33:22.800 I/log     ( 3796): <4>0[ 1608.764409] select 3653 (Level), adj 10, size 6963, to kill 
04-27 17:33:23.580 I/Gecko   ( 3773): ###################################### forms.js loaded
04-27 17:33:23.630 I/Gecko   ( 3773): ############################### browserElementPanning.js loaded
04-27 17:33:23.670 I/Gecko   ( 3773): ######################## BrowserElementChildPreload.js loaded
04-27 17:33:24.100 W/WifiHW  (   84): wifi_command: SIGNAL_POLL
04-27 17:33:25.040 I/Gecko   (   84): 
04-27 17:33:25.040 I/Gecko   (   84): ###!!! [Parent][MessageChannel] Error: Channel error: cannot send/recv
04-27 17:33:25.040 I/Gecko   (   84): 
04-27 17:33:25.200 I/GeckoDump(   84): Crash reporter : Can't fetch app.reportCrashes. Exception: [Exception... "Component returned failure code: 0x8000ffff (NS_ERROR_UNEXPECTED) [nsIPrefBranch.getBoolPref]"  nsresult: "0x8000ffff (NS_ERROR_UNEXPECTED)"  location: "JS frame :: chrome://browser/content/shell.js :: shell_reportCrash :: line 7"  data: no]
04-27 17:33:25.220 I/Gecko   (   84): [Parent 84] WARNING: waitpid failed pid:3653 errno:10: file ../../../gecko/ipc/chromium/src/base/process_util_posix.cc, line 254
04-27 17:33:26.540 I/Gecko   (   84): 1398645206538	Marionette	INFO	sendToClient: {"from":"0","ok":true}, {9e6b960b-7792-4176-9df8-ba318c745c51}, {9e6b960b-7792-4176-9df8-ba318c745c51}
04-27 17:33:26.890 I/Gecko   (   84): 1398645206897	Marionette	INFO	sendToClient: {"from":"0","value":"app://homescreen.gaiamobile.org/index.html#root"}, {76ad9bfd-c3d2-4673-9c8b-3cf0f5c469c6}, {76ad9bfd-c3d2-4673-9c8b-3cf0f5c469c6}
04-27 17:33:26.900 I/Gecko   (   84): 1398645206903	Marionette	DEBUG	Got request: switchToFrame, data: {"to":"0","sessionId":"3-b2g","name":"switchToFrame","parameters":{"id":null,"focus":true}}, id: {4d277b15-a55b-4c49-82e9-5bf16d8156da}
04-27 17:33:26.950 I/Gecko   (   84): 1398645206953	Marionette	INFO	Switched to frame: {"frameValue":null}
04-27 17:33:27.050 I/Gecko   (   84): 1398645207060	Marionette	INFO	sendToClient: {"from":"0","ok":true}, {4d277b15-a55b-4c49-82e9-5bf16d8156da}, {4d277b15-a55b-4c49-82e9-5bf16d8156da}
04-27 17:33:27.060 I/Gecko   (   84): 1398645207067	Marionette	DEBUG	Got request: switchToFrame, data: {"to":"0","sessionId":"3-b2g","name":"switchToFrame","parameters":{"id":null,"focus":true}}, id: {d1bc027e-b937-478d-82b9-e32a28c53993}
04-27 17:33:27.060 I/Gecko   (   84): 1398645207069	Marionette	INFO	Switched to frame: {"frameValue":null}
04-27 17:33:27.170 I/Gecko   (   84): 1398645207176	Marionette	INFO	sendToClient: {"from":"0","ok":true}, {d1bc027e-b937-478d-82b9-e32a28c53993}, {d1bc027e-b937-478d-82b9-e32a28c53993}
04-27 17:33:27.170 I/Gecko   (   84): 1398645207181	Marionette	DEBUG	Got request: executeWithCallback, data: {"to":"0","sessionId":"3-b2g","name":"executeAsyncScript","parameters":{"specialPowers":false,"scriptTimeout":null,"newSandbox":true,"args":[],"filename":"gaia_test.py","script":"GaiaApps.killAll()","line":91}}, id: {fada72a4-0f8a-4953-a918-b4e4e3166dfb}
04-27 17:33:27.220 I/Gecko   (   84): [Parent 84] WARNING: waitpid failed pid:3653 errno:10: file ../../../gecko/ipc/chromium/src/base/process_util_posix.cc, line 254
04-27 17:33:27.220 I/Gecko   (   84): [Parent 84] WARNING: Failed to deliver SIGKILL to 3653!(3).: file ../../../gecko/ipc/chromium/src/chrome/common/process_watcher_posix_sigchld.cc, line 118
04-27 17:33:27.260 I/Gecko   (   84): 1398645207266	Marionette	INFO	sendToClient: {"from":"0","value":true}, {fada72a4-0f8a-4953-a918-b4e4e3166dfb}, {fada72a4-0f8a-4953-a918-b4e4e3166dfb}
04-27 17:33:27.260 I/Gecko   (   84): 1398645207271	Marionette	DEBUG	Got request: switchToFrame, data: {"to":"0","sessionId":"3-b2g","name":"switchToFrame","parameters":{"id":null,"focus":true}}, id: {6f0cbd3a-a418-41e0-ab36-cdfa95e33753}
04-27 17:33:27.260 I/Gecko   (   84): 1398645207273	Marionette	INFO	Switched to frame: {"frameValue":null}
04-27 17:33:27.370 I/Gecko   (   84): 1398645207375	Marionette	INFO	sendToClient: {"from":"0","ok":true}, {6f0cbd3a-a418-41e0-ab36-cdfa95e33753}, {6f0cbd3a-a418-41e0-ab36-cdfa95e33753}
04-27 17:33:27.370 I/Gecko   (   84): 1398645207381	Marionette	DEBUG	Got request: executeWithCallback, data: {"to":"0","sessionId":"3-b2g","name":"executeAsyncScript","parameters":{"specialPowers":false,"scriptTimeout":60000,"newSandbox":true,"args":[],"filename":"app_checker.py","script":"\n        GaiaApps.locateWithManifestURL('https://marketplace.firefox.com/app/456c45a3-7bb4-4a6a-b91e-c0377708066c/manifest.webapp',\n                                       null,\n                                       function uninstall(app) {\n                                       navigator.mozApps.mgmt.uninstall(app);\n                                       marionetteScriptFinished(true);\n                                       });\n        ","line":129}}, id: {c5eb357c-2a8d-46d0-94b4-ef5f51bb0f2c}
04-27 17:33:27.440 I/Gecko   (   84): -- webapps.js uninstall https://marketplace.firefox.com/app/456c45a3-7bb4-4a6a-b91e-c0377708066c/manifest.webapp
04-27 17:33:27.940 I/Gecko   (   84): 1398645207951	Marionette	INFO	sendToClient: {"from":"0","value":true}, {c5eb357c-2a8d-46d0-94b4-ef5f51bb0f2c}, {c5eb357c-2a8d-46d0-94b4-ef5f51bb0f2c}