--------- beginning of /dev/log/main
04-24 18:49:58.567 I/Gecko   (   84): 1398390598581	Marionette	DEBUG	Got request: switchToFrame, data: {"to":"0","sessionId":"3-b2g","name":"switchToFrame","parameters":{"id":null,"focus":true}}, id: {fce35e71-de22-4c8d-b29c-afa9afcc4c82}
04-24 18:49:58.577 I/Gecko   (   84): 1398390598587	Marionette	INFO	Switched to frame: {"frameValue":null}
04-24 18:49:58.677 I/Gecko   (   84): 1398390598692	Marionette	INFO	sendToClient: {"from":"0","ok":true}, {fce35e71-de22-4c8d-b29c-afa9afcc4c82}, {fce35e71-de22-4c8d-b29c-afa9afcc4c82}
04-24 18:49:58.687 I/Gecko   (   84): 1398390598699	Marionette	DEBUG	Got request: executeWithCallback, data: {"to":"0","sessionId":"3-b2g","name":"executeAsyncScript","parameters":{"specialPowers":false,"scriptTimeout":null,"newSandbox":true,"args":[],"filename":"gaia_test.py","script":"return GaiaApps.displayedApp();","line":66}}, id: {417cf712-f716-4703-9f93-8c4902ffd497}
04-24 18:49:58.707 I/Gecko   (  514): ###################################### forms.js loaded
04-24 18:49:58.757 I/Gecko   (   84): 1398390598771	Marionette	INFO	sendToClient: {"from":"0","value":{"frame":{"ELEMENT":"{0d10353b-e86a-4d65-95d0-2cb653832048}"},"src":"app://homescreen.gaiamobile.org/index.html#root","name":"Homescreen","origin":"app://homescreen.gaiamobile.org"}}, {417cf712-f716-4703-9f93-8c4902ffd497}, {417cf712-f716-4703-9f93-8c4902ffd497}
04-24 18:49:58.767 E/GeckoConsole(   84): Content JS LOG at dummy file:392 in GaiaApps.displayedApp: app with origin 'app://homescreen.gaiamobile.org' is displayed
04-24 18:49:58.767 I/Gecko   (  514): ############################### browserElementPanning.js loaded
04-24 18:49:58.777 I/Gecko   (   84): 1398390598788	Marionette	DEBUG	Got request: switchToFrame, data: {"to":"0","sessionId":"3-b2g","name":"switchToFrame","parameters":{"focus":true,"element":"{0d10353b-e86a-4d65-95d0-2cb653832048}"}}, id: {ec28086d-ba76-4520-a7d8-133af9e67e78}
04-24 18:49:58.807 I/Gecko   (   84): 1398390598816	Marionette	INFO	Switched to frame: {"frameValue":"{0d10353b-e86a-4d65-95d0-2cb653832048}"}
04-24 18:49:58.827 I/Gecko   (   84): 1398390598829	Marionette	INFO	trying remote frame 0
04-24 18:49:58.827 I/Gecko   (   84): 1398390598837	Marionette	INFO	deleting frame
04-24 18:49:58.857 I/Gecko   (   84): 1398390598864	Marionette	INFO	frame-manager load script: [object ChromeMessageSender]
04-24 18:49:58.857 I/Gecko   (  514): ######################## BrowserElementChildPreload.js loaded
04-24 18:49:59.557 E/[Gralloc-ERROR](   84): int gralloc_register_buffer(const gralloc_module_t*, const native_handle_t*):79 Unable to register handle 0x45ddfbf0 coming from different process: 84
04-24 18:49:59.587 E/[Gralloc-ERROR](   84): int gralloc_register_buffer(const gralloc_module_t*, const native_handle_t*):79 Unable to register handle 0x45ddfc90 coming from different process: 84
04-24 18:49:59.627 E/[Gralloc-ERROR](   84): int gralloc_register_buffer(const gralloc_module_t*, const native_handle_t*):79 Unable to register handle 0x45ddff10 coming from different process: 84
04-24 18:49:59.627 E/[Gralloc-ERROR](   84): int gralloc_register_buffer(const gralloc_module_t*, const native_handle_t*):79 Unable to register handle 0x45f3f100 coming from different process: 84
04-24 18:49:59.837 E/[Gralloc-ERROR](   84): int gralloc_unregister_buffer(const gralloc_module_t*, const native_handle_t*):274 Trying to unregister buffer 0x45ddfc90 from process 84 that was not created in current process: 84
04-24 18:49:59.837 E/[Gralloc-ERROR](   84): int gralloc_unregister_buffer(const gralloc_module_t*, const native_handle_t*):274 Trying to unregister buffer 0x45ddfbf0 from process 84 that was not created in current process: 84
04-24 18:49:59.837 E/[Gralloc-ERROR](   84): int gralloc_unregister_buffer(const gralloc_module_t*, const native_handle_t*):274 Trying to unregister buffer 0x45f3f100 from process 84 that was not created in current process: 84
04-24 18:49:59.837 E/[Gralloc-ERROR](   84): int gralloc_unregister_buffer(const gralloc_module_t*, const native_handle_t*):274 Trying to unregister buffer 0x45ddff10 from process 84 that was not created in current process: 84
04-24 18:49:59.867 W/WifiHW  (   84): wifi_command: SIGNAL_POLL
04-24 18:50:00.457 E/[Gralloc-ERROR](   84): int gralloc_unregister_buffer(const gralloc_module_t*, const native_handle_t*):274 Trying to unregister buffer 0x4a4624c0 from process 84 that was not created in current process: 84
04-24 18:50:00.457 E/[Gralloc-ERROR](   84): int gralloc_unregister_buffer(const gralloc_module_t*, const native_handle_t*):274 Trying to unregister buffer 0x4a462420 from process 84 that was not created in current process: 84
04-24 18:50:00.907 E/Profiler(   84): BPUnw: [1 total] thread_unregister_for_profiling(me=0x6dc1c8)  (NOT REGISTERED) 
04-24 18:50:01.397 I/Gecko   (   84): 1398390601412	Marionette	INFO	sendToClient: {"from":"0","ok":true}, {ec28086d-ba76-4520-a7d8-133af9e67e78}, {ec28086d-ba76-4520-a7d8-133af9e67e78}
04-24 18:50:01.647 I/Gecko   (   84): 1398390601654	Marionette	INFO	sendToClient: {"from":"0","value":[]}, {814faf56-bb6d-4c2f-b813-23902fdf00d0}, {814faf56-bb6d-4c2f-b813-23902fdf00d0}
04-24 18:50:01.707 I/Gecko   (   84): 1398390601719	Marionette	INFO	sendToClient: {"from":"0","value":[]}, {01b55ad5-e460-4c27-8739-873c6fd70d6a}, {01b55ad5-e460-4c27-8739-873c6fd70d6a}
04-24 18:50:02.737 E/GeckoConsole(  514): Content JS ERROR at app://homescreen.gaiamobile.org/gaia_build_defer_index.js:390 in loadSVConfFileError: Failed parsing singleVariant configuration file [js/singlevariantconf.json]:  [Exception... "File error: Not found"  nsresult: "0x80520012 (NS_ERROR_FILE_NOT_FOUND)"  location: "JS frame :: app://homescreen.gaiamobile.org/gaia_build_defer_index.js :: loadFile :: line 382"  data: no]
04-24 18:50:03.207 I/Gonk    (   84): Setting nice for pid 544 to 18
04-24 18:50:03.207 I/Gonk    (   84): Changed nice for pid 544 from 0 to 18.
04-24 18:50:04.807 I/Gecko   (   84): 1398390604818	Marionette	INFO	sendToClient: {"from":"0","value":["{dcfb4c63-5025-48de-a9a8-6d3514635b68}","{7d4101ae-2d1c-4485-94f8-a446e1b9b2e5}","{cd9b5fb2-fbca-4a7a-bad9-bc29f918ac84}","{e814d354-db83-43ab-bbdc-3859b5e43b83}","{347293a2-8b12-4cb0-966d-12eb165d337a}","{1ff5d96a-5884-4998-be84-3a9cc7008a31}","{b6f219fb-cc13-4da3-ba5b-839dddfba4dc}","{72771794-f3c2-425e-af33-308a9449b6f4}","{08611c19-da13-4962-acc1-1f9b0dea393c}","{2e7f238f-53c5-4ac8-89c9-378330b52232}","{95de52aa-9d35-4e73-8bb8-4f781563dd61}","{f0d63459-9975-4e35-8bba-08b38dbdfee1}","{9b413884-abbe-464d-8586-17e1c707d237}","{03764cbf-0261-4cce-978a-340a9461e4c6}","{e53478e8-f220-4b5c-9f95-7127ea717374}","{3450acd9-91ff-4d94-9add-f74cadb35a66}","{8690b053-45d2-4bc9-91b3-627f83d9af6d}","{24fc8940-15c0-4312-976b-d7190f19d883}","{a9cf104b-0d40-44d8-a6a2-ede109162529}","{bbb0b057-5ba8-4683-9deb-c4e67917258d}","{f63eb7d7-5030-4546-ab80-8a4333b59146}","{1d2918a2-f0c3-404e-8f4b-c2a088ae95e0}"]}, {55150be6-8272-4b2b-a336-a4e58fe77693}, {55150be6-827
04-24 18:50:04.897 W/WifiHW  (   84): wifi_command: SIGNAL_POLL
04-24 18:50:05.627 E/GeckoConsole(  514): Content JS WARN at app://homescreen.gaiamobile.org/gaia_build_defer_index.js:184 in isHiddenApp: Unexpected role when checking hidden app: undefined
04-24 18:50:05.627 E/GeckoConsole(  514): Content JS WARN at app://homescreen.gaiamobile.org/gaia_build_defer_index.js:184 in isHiddenApp: Unexpected role when checking hidden app: undefined
04-24 18:50:05.627 E/GeckoConsole(  514): Content JS WARN at app://homescreen.gaiamobile.org/gaia_build_defer_index.js:184 in isHiddenApp: Unexpected role when checking hidden app: undefined
04-24 18:50:05.637 E/GeckoConsole(  514): Content JS WARN at app://homescreen.gaiamobile.org/gaia_build_defer_index.js:184 in isHiddenApp: Unexpected role when checking hidden app: undefined
04-24 18:50:05.637 E/GeckoConsole(  514): Content JS WARN at app://homescreen.gaiamobile.org/gaia_build_defer_index.js:184 in isHiddenApp: Unexpected role when checking hidden app: undefined
04-24 18:50:05.637 E/GeckoConsole(  514): Content JS WARN at app://homescreen.gaiamobile.org/gaia_build_defer_index.js:184 in isHiddenApp: Unexpected role when checking hidden app: undefined
04-24 18:50:05.637 E/GeckoConsole(  514): Content JS WARN at app://homescreen.gaiamobile.org/gaia_build_defer_index.js:184 in isHiddenApp: Unexpected role when checking hidden app: undefined
04-24 18:50:05.637 E/GeckoConsole(  514): Content JS WARN at app://homescreen.gaiamobile.org/gaia_build_defer_index.js:184 in isHiddenApp: Unexpected role when checking hidden app: undefined
04-24 18:50:05.637 E/GeckoConsole(  514): Content JS WARN at app://homescreen.gaiamobile.org/gaia_build_defer_index.js:184 in isHiddenApp: Unexpected role when checking hidden app: undefined
04-24 18:50:05.657 E/GeckoConsole(  514): Content JS WARN at app://homescreen.gaiamobile.org/gaia_build_defer_index.js:184 in isHiddenApp: Unexpected role when checking hidden app: undefined
04-24 18:50:05.657 E/GeckoConsole(  514): Content JS WARN at app://homescreen.gaiamobile.org/gaia_build_defer_index.js:184 in isHiddenApp: Unexpected role when checking hidden app: undefined
04-24 18:50:05.657 E/GeckoConsole(  514): Content JS WARN at app://homescreen.gaiamobile.org/gaia_build_defer_index.js:184 in isHiddenApp: Unexpected role when checking hidden app: undefined
04-24 18:50:05.657 E/GeckoConsole(  514): Content JS WARN at app://homescreen.gaiamobile.org/gaia_build_defer_index.js:184 in isHiddenApp: Unexpected role when checking hidden app: undefined
04-24 18:50:05.657 E/GeckoConsole(  514): Content JS WARN at app://homescreen.gaiamobile.org/gaia_build_defer_index.js:184 in isHiddenApp: Unexpected role when checking hidden app: undefined
04-24 18:50:05.657 E/GeckoConsole(  514): Content JS WARN at app://homescreen.gaiamobile.org/gaia_build_defer_index.js:184 in isHiddenApp: Unexpected role when checking hidden app: undefined
04-24 18:50:05.667 E/GeckoConsole(  514): Content JS WARN at app://homescreen.gaiamobile.org/gaia_build_defer_index.js:184 in isHiddenApp: Unexpected role when checking hidden app: undefined
04-24 18:50:05.667 E/GeckoConsole(  514): Content JS WARN at app://homescreen.gaiamobile.org/gaia_build_defer_index.js:184 in isHiddenApp: Unexpected role when checking hidden app: undefined
04-24 18:50:05.667 E/GeckoConsole(  514): Content JS WARN at app://homescreen.gaiamobile.org/gaia_build_defer_index.js:184 in isHiddenApp: Unexpected role when checking hidden app: undefined
04-24 18:50:05.667 E/GeckoConsole(  514): Content JS WARN at app://homescreen.gaiamobile.org/gaia_build_defer_index.js:184 in isHiddenApp: Unexpected role when checking hidden app: undefined
04-24 18:50:07.007 I/Gecko   (   84): 1398390607020	Marionette	INFO	sendToClient: {"from":"0","value":["{dcfb4c63-5025-48de-a9a8-6d3514635b68}","{7d4101ae-2d1c-4485-94f8-a446e1b9b2e5}","{cd9b5fb2-fbca-4a7a-bad9-bc29f918ac84}","{e814d354-db83-43ab-bbdc-3859b5e43b83}","{347293a2-8b12-4cb0-966d-12eb165d337a}","{1ff5d96a-5884-4998-be84-3a9cc7008a31}","{b6f219fb-cc13-4da3-ba5b-839dddfba4dc}","{72771794-f3c2-425e-af33-308a9449b6f4}","{08611c19-da13-4962-acc1-1f9b0dea393c}","{2e7f238f-53c5-4ac8-89c9-378330b52232}","{95de52aa-9d35-4e73-8bb8-4f781563dd61}","{f0d63459-9975-4e35-8bba-08b38dbdfee1}","{9b413884-abbe-464d-8586-17e1c707d237}","{03764cbf-0261-4cce-978a-340a9461e4c6}","{e53478e8-f220-4b5c-9f95-7127ea717374}","{3450acd9-91ff-4d94-9add-f74cadb35a66}","{8690b053-45d2-4bc9-91b3-627f83d9af6d}","{24fc8940-15c0-4312-976b-d7190f19d883}","{7e21f01f-4136-48ff-aa2e-ed8e39e4760d}","{a9cf104b-0d40-44d8-a6a2-ede109162529}","{bbb0b057-5ba8-4683-9deb-c4e67917258d}","{f63eb7d7-5030-4546-ab80-8a4333b59146}","{1d2918a2-f0c3-404e-8f4b-c2a088ae95e0}"]}, {6f3cc114-bd
04-24 18:50:07.127 I/Gecko   (   84): 1398390607141	Marionette	INFO	sendToClient: {"from":"0","value":"<div><img src=\"blob:48219c60-0524-4f13-9907-0efe791e07fa\" style=\"visibility: visible;\" role=\"presentation\" height=\"64\" width=\"64\"><span class=\"labelWrapper\"><span>Social</span></span></div><span data-is-icon=\"true\" class=\"options\"></span>"}, {081c4b4a-dce9-4960-a179-0b063ac09dc2}, {081c4b4a-dce9-4960-a179-0b063ac09dc2}
04-24 18:50:07.137 I/Gecko   (   84): 1398390607152	Marionette	INFO	sendToClient: {"from":"0","value":"<div><img src=\"blob:702153f5-077d-489f-9ec0-c0c5c629e4a8\" style=\"visibility: visible;\" role=\"presentation\" height=\"64\" width=\"64\"><span class=\"labelWrapper\"><span>Games</span></span></div><span data-is-icon=\"true\" class=\"options\"></span>"}, {cda851ae-5f0a-431e-8d57-84f53c80e355}, {cda851ae-5f0a-431e-8d57-84f53c80e355}
04-24 18:50:07.147 I/Gecko   (   84): 1398390607162	Marionette	INFO	sendToClient: {"from":"0","value":"<div><img src=\"blob:5351b8c2-5354-4cd4-a815-6529f203d045\" style=\"visibility: visible;\" role=\"presentation\" height=\"64\" width=\"64\"><span class=\"labelWrapper\"><span>Music</span></span></div><span data-is-icon=\"true\" class=\"options\"></span>"}, {fbc0d71b-64d8-45de-bd96-88c664d1bbe8}, {fbc0d71b-64d8-45de-bd96-88c664d1bbe8}
04-24 18:50:07.157 I/Gecko   (   84): 1398390607172	Marionette	INFO	sendToClient: {"from":"0","value":"<div><img src=\"blob:55e52f5a-f1cd-406f-bd27-4b885245aeaf\" style=\"visibility: visible;\" role=\"presentation\" height=\"64\" width=\"64\"><span class=\"labelWrapper\"><span>Showbiz</span></span></div><span data-is-icon=\"true\" class=\"options\"></span>"}, {e34ca82c-8809-42d8-b75b-4728285cca9e}, {e34ca82c-8809-42d8-b75b-4728285cca9e}
04-24 18:50:07.197 I/Gecko   (   84): 1398390607211	Marionette	INFO	sendToClient: {"from":"0","value":"<div><img src=\"blob:1fbe54db-3070-45d1-8d46-a94ab8609133\" style=\"visibility: visible;\" role=\"presentation\" height=\"64\" width=\"64\"><span class=\"labelWrapper\"><span>Camera</span></span></div>"}, {ef56e9ba-8157-4491-9688-47a9d69d7c8e}, {ef56e9ba-8157-4491-9688-47a9d69d7c8e}
04-24 18:50:07.287 I/Gecko   (   84): 1398390607302	Marionette	INFO	sendToClient: {"from":"0","value":"<div><img src=\"blob:93ed7146-b345-4473-b827-cdb4dd919555\" style=\"visibility: visible;\" role=\"presentation\" height=\"64\" width=\"64\"><span class=\"labelWrapper\"><span>Gallery</span></span></div>"}, {a4081cd0-ec3a-4495-a311-212b235ecbb5}, {a4081cd0-ec3a-4495-a311-212b235ecbb5}
04-24 18:50:07.307 I/Gecko   (   84): 1398390607314	Marionette	INFO	sendToClient: {"from":"0","value":"<div><img src=\"blob:ff9524c8-5844-4bf1-ae03-4b9ac810f6ed\" style=\"visibility: visible;\" role=\"presentation\" height=\"64\" width=\"64\"><span class=\"labelWrapper\"><span>FM Radio</span></span></div>"}, {5f8909df-75af-483d-a60d-2ae769dd2b6c}, {5f8909df-75af-483d-a60d-2ae769dd2b6c}
04-24 18:50:07.317 I/Gecko   (   84): 1398390607325	Marionette	INFO	sendToClient: {"from":"0","value":"<div><img src=\"blob:529ade1d-5502-4014-b752-a5897217453d\" style=\"visibility: visible;\" role=\"presentation\" height=\"64\" width=\"64\"><span class=\"labelWrapper\"><span>Settings</span></span></div>"}, {dfa8f47e-d431-460a-886a-406bdb9e42fb}, {dfa8f47e-d431-460a-886a-406bdb9e42fb}
04-24 18:50:07.367 I/Gecko   (   84): 1398390607381	Marionette	INFO	sendToClient: {"from":"0","value":"<div><img src=\"blob:6389bb58-23d7-41a9-8359-ffc2ea2f02c0\" style=\"visibility: visible;\" role=\"presentation\" height=\"64\" width=\"64\"><span class=\"labelWrapper\"><span>Marketplace</span></span></div>"}, {893c5dcb-03d0-424b-8851-eca9c2b63df4}, {893c5dcb-03d0-424b-8851-eca9c2b63df4}
04-24 18:50:07.387 I/Gecko   (   84): 1398390607394	Marionette	INFO	sendToClient: {"from":"0","value":"<div><img src=\"blob:f46acfa0-21d0-42e0-a193-0968a91cc15b\" style=\"visibility: visible;\" role=\"presentation\" height=\"64\" width=\"64\"><span class=\"labelWrapper\"><span>Calendar</span></span></div>"}, {04446f3a-c093-4966-b250-977b99a5ef1d}, {04446f3a-c093-4966-b250-977b99a5ef1d}
04-24 18:50:07.397 I/Gecko   (   84): 1398390607404	Marionette	INFO	sendToClient: {"from":"0","value":"<div><img src=\"blob:97b6b744-f768-4790-ad63-fd2b1bbfe01a\" style=\"visibility: visible;\" role=\"presentation\" height=\"64\" width=\"64\"><span class=\"labelWrapper\"><span>Clock</span></span></div>"}, {56c1d7f0-1308-48ab-881f-7cee15a07ea4}, {56c1d7f0-1308-48ab-881f-7cee15a07ea4}
04-24 18:50:07.407 I/Gecko   (   84): 1398390607415	Marionette	INFO	sendToClient: {"from":"0","value":"<div><img src=\"blob:f63bd7ef-fdab-4e90-911f-e42f6ffdb288\" style=\"visibility: visible;\" role=\"presentation\" height=\"64\" width=\"64\"><span class=\"labelWrapper\"><span>Usage</span></span></div>"}, {3b06c1a7-9deb-44b4-a5ee-bea33a42c4bb}, {3b06c1a7-9deb-44b4-a5ee-bea33a42c4bb}
04-24 18:50:07.417 I/Gecko   (   84): 1398390607425	Marionette	INFO	sendToClient: {"from":"0","value":"<div><img src=\"blob:f7a18b33-18cd-421c-93d7-629eedfe3aa3\" style=\"visibility: visible;\" role=\"presentation\" height=\"64\" width=\"64\"><span class=\"labelWrapper\"><span>E-Mail</span></span></div>"}, {ce45a675-ffcb-42cc-bd88-abc975489626}, {ce45a675-ffcb-42cc-bd88-abc975489626}
04-24 18:50:07.427 I/Gecko   (   84): 1398390607436	Marionette	INFO	sendToClient: {"from":"0","value":"<div><img src=\"blob:a025b9d6-9a5f-4a0c-85ff-ac36e593d024\" style=\"visibility: visible;\" role=\"presentation\" height=\"64\" width=\"64\"><span class=\"labelWrapper\"><span>Music</span></span></div>"}, {0d6a4d22-6be3-4007-b959-87c9b17aa934}, {0d6a4d22-6be3-4007-b959-87c9b17aa934}
04-24 18:50:07.437 I/Gecko   (   84): 1398390607446	Marionette	INFO	sendToClient: {"from":"0","value":"<div><img src=\"blob:df15bd58-a33b-4f0d-8e31-84a2cc79d7e7\" style=\"visibility: visible;\" role=\"presentation\" height=\"64\" width=\"64\"><span class=\"labelWrapper\"><span>Video</span></span></div>"}, {1e637d5a-b970-43b8-ab1e-0a55d2db8089}, {1e637d5a-b970-43b8-ab1e-0a55d2db8089}
04-24 18:50:07.447 I/Gecko   (   84): 1398390607456	Marionette	INFO	sendToClient: {"from":"0","value":"<div><img src=\"blob:d2c6db0b-4a3b-46ce-abae-add522c27537\" style=\"visibility: visible;\" role=\"presentation\" height=\"64\" width=\"64\"><span class=\"labelWrapper\"><span>ConnectA2</span></span></div><span data-is-icon=\"true\" class=\"options\"></span>"}, {c9687705-f705-40f4-a39f-a981176ff7c1}, {c9687705-f705-40f4-a39f-a981176ff7c1}
04-24 18:50:07.457 I/Gecko   (   84): 1398390607466	Marionette	INFO	sendToClient: {"from":"0","value":"<div><img src=\"blob:414135a5-7b03-432d-bdbc-88dcf3f97878\" style=\"visibility: visible;\" role=\"presentation\" height=\"64\" width=\"64\"><span class=\"labelWrapper\"><span>Word Wars</span></span></div><span data-is-icon=\"true\" class=\"options\"></span>"}, {9928d8a3-66ee-426a-9e0b-84e2d9941345}, {9928d8a3-66ee-426a-9e0b-84e2d9941345}
04-24 18:50:07.467 I/Gecko   (   84): 1398390607480	Marionette	INFO	sendToClient: {"from":"0","value":"<div><img src=\"blob:052f518a-c549-40d7-8203-37f9c89270bf\" style=\"visibility: visible;\" role=\"presentation\" height=\"64\" width=\"64\"><span class=\"labelWrapper\"><span>Rormix</span></span></div><span data-is-icon=\"true\" class=\"options\"></span>"}, {efc4e17e-6848-4779-aabb-e28f474eee6a}, {efc4e17e-6848-4779-aabb-e28f474eee6a}
04-24 18:50:07.487 I/Gecko   (   84): 1398390607494	Marionette	INFO	sendToClient: {"from":"0","value":"<div><img src=\"blob:109f4505-21d9-45c8-956e-4f3c6a58a0f8\" style=\"visibility: visible;\" role=\"presentation\" height=\"64\" width=\"64\"><span class=\"labelWrapper\"><span>tvQu Online</span></span></div><span data-is-icon=\"true\" class=\"options\"></span>"}, {df4f116a-90fa-4723-9ac4-d2ad0240bf0d}, {df4f116a-90fa-4723-9ac4-d2ad0240bf0d}
04-24 18:50:07.487 I/Gecko   (   84): 1398390607504	Marionette	INFO	sendToClient: {"from":"0","value":"<div><img src=\"blob:4e43aa93-c1e7-4d39-b913-f77bf03b4c97\" style=\"visibility: visible;\" role=\"presentation\" height=\"64\" width=\"64\"><span class=\"labelWrapper\"><span>Phone</span></span></div>"}, {b96f2a5d-b4cd-4914-a346-ef90476670a8}, {b96f2a5d-b4cd-4914-a346-ef90476670a8}
04-24 18:50:07.497 I/Gecko   (   84): 1398390607514	Marionette	INFO	sendToClient: {"from":"0","value":"<div><img src=\"blob:48f59cf0-3af2-4bcc-a54e-9b77a1dcbd88\" style=\"visibility: visible;\" role=\"presentation\" height=\"64\" width=\"64\"><span class=\"labelWrapper\"><span>Messages</span></span></div>"}, {b3e242c1-8501-41cb-8e09-26050bb05210}, {b3e242c1-8501-41cb-8e09-26050bb05210}
04-24 18:50:07.507 I/Gecko   (   84): 1398390607524	Marionette	INFO	sendToClient: {"from":"0","value":"<div><img src=\"blob:ed4588f3-a8a3-47a6-a787-b65c6b14269d\" style=\"visibility: visible;\" role=\"presentation\" height=\"64\" width=\"64\"><span class=\"labelWrapper\"><span>Contacts</span></span></div>"}, {806c6d1e-fb51-4da5-a090-1c1d30309c34}, {806c6d1e-fb51-4da5-a090-1c1d30309c34}
04-24 18:50:07.517 I/Gecko   (   84): 1398390607533	Marionette	INFO	sendToClient: {"from":"0","value":"<div><img src=\"blob:2ec6550a-2569-4c25-baee-0ea5278145f2\" style=\"visibility: visible;\" role=\"presentation\" height=\"64\" width=\"64\"><span class=\"labelWrapper\"><span>Browser</span></span></div>"}, {7593be86-2b69-4326-8f5d-17e7033396af}, {7593be86-2b69-4326-8f5d-17e7033396af}
04-24 18:50:08.287 I/Gecko   (  544): ###################################### forms.js loaded
04-24 18:50:08.317 I/Gecko   (  544): ############################### browserElementPanning.js loaded
04-24 18:50:08.337 I/Gecko   (  544): ######################## BrowserElementChildPreload.js loaded
04-24 18:50:09.567 I/Gecko   (   84): 1398390609575	Marionette	INFO	sendToClient: {"from":"0","value":["{dcfb4c63-5025-48de-a9a8-6d3514635b68}","{7d4101ae-2d1c-4485-94f8-a446e1b9b2e5}","{cd9b5fb2-fbca-4a7a-bad9-bc29f918ac84}","{e814d354-db83-43ab-bbdc-3859b5e43b83}","{347293a2-8b12-4cb0-966d-12eb165d337a}","{1ff5d96a-5884-4998-be84-3a9cc7008a31}","{b6f219fb-cc13-4da3-ba5b-839dddfba4dc}","{72771794-f3c2-425e-af33-308a9449b6f4}","{08611c19-da13-4962-acc1-1f9b0dea393c}","{2e7f238f-53c5-4ac8-89c9-378330b52232}","{95de52aa-9d35-4e73-8bb8-4f781563dd61}","{f0d63459-9975-4e35-8bba-08b38dbdfee1}","{9b413884-abbe-464d-8586-17e1c707d237}","{03764cbf-0261-4cce-978a-340a9461e4c6}","{e53478e8-f220-4b5c-9f95-7127ea717374}","{3450acd9-91ff-4d94-9add-f74cadb35a66}","{8690b053-45d2-4bc9-91b3-627f83d9af6d}","{24fc8940-15c0-4312-976b-d7190f19d883}","{7e21f01f-4136-48ff-aa2e-ed8e39e4760d}","{a9cf104b-0d40-44d8-a6a2-ede109162529}","{bbb0b057-5ba8-4683-9deb-c4e67917258d}","{f63eb7d7-5030-4546-ab80-8a4333b59146}","{1d2918a2-f0c3-404e-8f4b-c2a088ae95e0}"]}, {7175b347-4a
04-24 18:50:09.577 I/Gecko   (   84): 1398390609588	Marionette	INFO	sendToClient: {"from":"0","value":"<div><img src=\"blob:48219c60-0524-4f13-9907-0efe791e07fa\" style=\"visibility: visible;\" role=\"presentation\" height=\"64\" width=\"64\"><span class=\"labelWrapper\"><span>Social</span></span></div><span data-is-icon=\"true\" class=\"options\"></span>"}, {4cd7c8fd-8ea7-480d-a701-1a5225805122}, {4cd7c8fd-8ea7-480d-a701-1a5225805122}
04-24 18:50:09.587 I/Gecko   (   84): 1398390609599	Marionette	INFO	sendToClient: {"from":"0","value":"<div><img src=\"blob:702153f5-077d-489f-9ec0-c0c5c629e4a8\" style=\"visibility: visible;\" role=\"presentation\" height=\"64\" width=\"64\"><span class=\"labelWrapper\"><span>Games</span></span></div><span data-is-icon=\"true\" class=\"options\"></span>"}, {a70d44e2-1d29-4335-8d05-8c4ce65d4a99}, {a70d44e2-1d29-4335-8d05-8c4ce65d4a99}
04-24 18:50:09.637 I/Gecko   (   84): 1398390609653	Marionette	INFO	sendToClient: {"from":"0","value":"<div><img src=\"blob:5351b8c2-5354-4cd4-a815-6529f203d045\" style=\"visibility: visible;\" role=\"presentation\" height=\"64\" width=\"64\"><span class=\"labelWrapper\"><span>Music</span></span></div><span data-is-icon=\"true\" class=\"options\"></span>"}, {bd93d7fa-27b5-4e5e-b961-4e1b8bd2af87}, {bd93d7fa-27b5-4e5e-b961-4e1b8bd2af87}
04-24 18:50:09.657 I/Gecko   (   84): 1398390609669	Marionette	INFO	sendToClient: {"from":"0","value":"<div><img src=\"blob:55e52f5a-f1cd-406f-bd27-4b885245aeaf\" style=\"visibility: visible;\" role=\"presentation\" height=\"64\" width=\"64\"><span class=\"labelWrapper\"><span>Showbiz</span></span></div><span data-is-icon=\"true\" class=\"options\"></span>"}, {16dddde7-fc77-43c7-9645-8e47a9588f6a}, {16dddde7-fc77-43c7-9645-8e47a9588f6a}
04-24 18:50:09.667 I/Gecko   (   84): 1398390609680	Marionette	INFO	sendToClient: {"from":"0","value":"<div><img src=\"blob:1fbe54db-3070-45d1-8d46-a94ab8609133\" style=\"visibility: visible;\" role=\"presentation\" height=\"64\" width=\"64\"><span class=\"labelWrapper\"><span>Camera</span></span></div>"}, {3236d5a0-31f2-41a3-ad6b-8ad4d39d1733}, {3236d5a0-31f2-41a3-ad6b-8ad4d39d1733}
04-24 18:50:09.677 I/Gecko   (   84): 1398390609690	Marionette	INFO	sendToClient: {"from":"0","value":"<div><img src=\"blob:93ed7146-b345-4473-b827-cdb4dd919555\" style=\"visibility: visible;\" role=\"presentation\" height=\"64\" width=\"64\"><span class=\"labelWrapper\"><span>Gallery</span></span></div>"}, {5db6ed07-bbca-4177-b884-73346faaaeb2}, {5db6ed07-bbca-4177-b884-73346faaaeb2}
04-24 18:50:09.687 I/Gecko   (   84): 1398390609701	Marionette	INFO	sendToClient: {"from":"0","value":"<div><img src=\"blob:ff9524c8-5844-4bf1-ae03-4b9ac810f6ed\" style=\"visibility: visible;\" role=\"presentation\" height=\"64\" width=\"64\"><span class=\"labelWrapper\"><span>FM Radio</span></span></div>"}, {4b2dedc0-297e-4fd3-ba61-30df6b2ab622}, {4b2dedc0-297e-4fd3-ba61-30df6b2ab622}
04-24 18:50:09.697 I/Gecko   (   84): 1398390609713	Marionette	INFO	sendToClient: {"from":"0","value":"<div><img src=\"blob:529ade1d-5502-4014-b752-a5897217453d\" style=\"visibility: visible;\" role=\"presentation\" height=\"64\" width=\"64\"><span class=\"labelWrapper\"><span>Settings</span></span></div>"}, {792aa563-e6d3-4390-aa38-63ae866ecd92}, {792aa563-e6d3-4390-aa38-63ae866ecd92}
04-24 18:50:09.707 I/Gecko   (   84): 1398390609723	Marionette	INFO	sendToClient: {"from":"0","value":"<div><img src=\"blob:6389bb58-23d7-41a9-8359-ffc2ea2f02c0\" style=\"visibility: visible;\" role=\"presentation\" height=\"64\" width=\"64\"><span class=\"labelWrapper\"><span>Marketplace</span></span></div>"}, {f8b5178b-2c77-47dd-9984-99e1cdd43043}, {f8b5178b-2c77-47dd-9984-99e1cdd43043}
04-24 18:50:09.717 I/Gecko   (   84): 1398390609734	Marionette	INFO	sendToClient: {"from":"0","value":"<div><img src=\"blob:f46acfa0-21d0-42e0-a193-0968a91cc15b\" style=\"visibility: visible;\" role=\"presentation\" height=\"64\" width=\"64\"><span class=\"labelWrapper\"><span>Calendar</span></span></div>"}, {45f84cc9-16bf-40a6-a10a-8d462e5ad51c}, {45f84cc9-16bf-40a6-a10a-8d462e5ad51c}
04-24 18:50:09.767 I/Gecko   (   84): 1398390609781	Marionette	INFO	sendToClient: {"from":"0","value":"<div><img src=\"blob:97b6b744-f768-4790-ad63-fd2b1bbfe01a\" style=\"visibility: visible;\" role=\"presentation\" height=\"64\" width=\"64\"><span class=\"labelWrapper\"><span>Clock</span></span></div>"}, {d83d5ada-2ceb-4641-ba55-e4111e8a7ba3}, {d83d5ada-2ceb-4641-ba55-e4111e8a7ba3}
04-24 18:50:09.797 I/Gecko   (   84): 1398390609813	Marionette	INFO	sendToClient: {"from":"0","value":"<div><img src=\"blob:f63bd7ef-fdab-4e90-911f-e42f6ffdb288\" style=\"visibility: visible;\" role=\"presentation\" height=\"64\" width=\"64\"><span class=\"labelWrapper\"><span>Usage</span></span></div>"}, {79351579-4f9d-43e4-81d2-cb45ef9a9af0}, {79351579-4f9d-43e4-81d2-cb45ef9a9af0}
04-24 18:50:09.817 I/Gecko   (   84): 1398390609830	Marionette	INFO	sendToClient: {"from":"0","value":"<div><img src=\"blob:f7a18b33-18cd-421c-93d7-629eedfe3aa3\" style=\"visibility: visible;\" role=\"presentation\" height=\"64\" width=\"64\"><span class=\"labelWrapper\"><span>E-Mail</span></span></div>"}, {4e91dcca-24c2-4100-b7ed-cfff18a39aad}, {4e91dcca-24c2-4100-b7ed-cfff18a39aad}
04-24 18:50:09.837 I/Gecko   (   84): 1398390609847	Marionette	INFO	sendToClient: {"from":"0","value":"<div><img src=\"blob:a025b9d6-9a5f-4a0c-85ff-ac36e593d024\" style=\"visibility: visible;\" role=\"presentation\" height=\"64\" width=\"64\"><span class=\"labelWrapper\"><span>Music</span></span></div>"}, {b37b9c90-bb71-4a28-85d0-2db65f9e7956}, {b37b9c90-bb71-4a28-85d0-2db65f9e7956}
04-24 18:50:09.847 I/Gecko   (   84): 1398390609860	Marionette	INFO	sendToClient: {"from":"0","value":"<div><img src=\"blob:df15bd58-a33b-4f0d-8e31-84a2cc79d7e7\" style=\"visibility: visible;\" role=\"presentation\" height=\"64\" width=\"64\"><span class=\"labelWrapper\"><span>Video</span></span></div>"}, {5932236a-1ea1-491d-9463-f174e11b1d3d}, {5932236a-1ea1-491d-9463-f174e11b1d3d}
04-24 18:50:09.867 I/Gecko   (   84): 1398390609876	Marionette	INFO	sendToClient: {"from":"0","value":"<div><img src=\"blob:d2c6db0b-4a3b-46ce-abae-add522c27537\" style=\"visibility: visible;\" role=\"presentation\" height=\"64\" width=\"64\"><span class=\"labelWrapper\"><span>ConnectA2</span></span></div><span data-is-icon=\"true\" class=\"options\"></span>"}, {be77b1fc-0546-4546-8e26-e06197cc1edf}, {be77b1fc-0546-4546-8e26-e06197cc1edf}
04-24 18:50:09.877 I/Gecko   (   84): 1398390609889	Marionette	INFO	sendToClient: {"from":"0","value":"<div><img src=\"blob:414135a5-7b03-432d-bdbc-88dcf3f97878\" style=\"visibility: visible;\" role=\"presentation\" height=\"64\" width=\"64\"><span class=\"labelWrapper\"><span>Word Wars</span></span></div><span data-is-icon=\"true\" class=\"options\"></span>"}, {43fd5fc1-b649-4913-a2da-1174d7e9184e}, {43fd5fc1-b649-4913-a2da-1174d7e9184e}
04-24 18:50:09.887 I/Gecko   (   84): 1398390609900	Marionette	INFO	sendToClient: {"from":"0","value":"<div><img src=\"blob:052f518a-c549-40d7-8203-37f9c89270bf\" style=\"visibility: visible;\" role=\"presentation\" height=\"64\" width=\"64\"><span class=\"labelWrapper\"><span>Rormix</span></span></div><span data-is-icon=\"true\" class=\"options\"></span>"}, {8bb7175f-1d1e-4a23-b9fc-4d1bec5106cb}, {8bb7175f-1d1e-4a23-b9fc-4d1bec5106cb}
04-24 18:50:09.897 I/Gecko   (   84): 1398390609911	Marionette	INFO	sendToClient: {"from":"0","value":"<div><img src=\"blob:109f4505-21d9-45c8-956e-4f3c6a58a0f8\" style=\"visibility: visible;\" role=\"presentation\" height=\"64\" width=\"64\"><span class=\"labelWrapper\"><span>tvQu Online</span></span></div><span data-is-icon=\"true\" class=\"options\"></span>"}, {9a6188d4-fb41-483d-ab65-de41bbb8100a}, {9a6188d4-fb41-483d-ab65-de41bbb8100a}
04-24 18:50:09.907 W/WifiHW  (   84): wifi_command: SIGNAL_POLL
04-24 18:50:09.947 I/Gecko   (   84): 1398390609956	Marionette	INFO	sendToClient: {"from":"0","value":"<div><img src=\"blob:4e43aa93-c1e7-4d39-b913-f77bf03b4c97\" style=\"visibility: visible;\" role=\"presentation\" height=\"64\" width=\"64\"><span class=\"labelWrapper\"><span>Phone</span></span></div>"}, {616c3937-52ce-4fe3-ae91-9e44cb5da712}, {616c3937-52ce-4fe3-ae91-9e44cb5da712}
04-24 18:50:09.957 I/Gecko   (   84): 1398390609973	Marionette	INFO	sendToClient: {"from":"0","value":"<div><img src=\"blob:48f59cf0-3af2-4bcc-a54e-9b77a1dcbd88\" style=\"visibility: visible;\" role=\"presentation\" height=\"64\" width=\"64\"><span class=\"labelWrapper\"><span>Messages</span></span></div>"}, {031dec63-904f-4e67-b8fd-50a0a3ce9152}, {031dec63-904f-4e67-b8fd-50a0a3ce9152}
04-24 18:50:09.977 I/Gecko   (   84): 1398390609990	Marionette	INFO	sendToClient: {"from":"0","value":"<div><img src=\"blob:ed4588f3-a8a3-47a6-a787-b65c6b14269d\" style=\"visibility: visible;\" role=\"presentation\" height=\"64\" width=\"64\"><span class=\"labelWrapper\"><span>Contacts</span></span></div>"}, {2141727a-6668-4d56-93fa-0cb94e857479}, {2141727a-6668-4d56-93fa-0cb94e857479}
04-24 18:50:09.997 I/Gecko   (   84): 1398390610005	Marionette	INFO	sendToClient: {"from":"0","value":"<div><img src=\"blob:2ec6550a-2569-4c25-baee-0ea5278145f2\" style=\"visibility: visible;\" role=\"presentation\" height=\"64\" width=\"64\"><span class=\"labelWrapper\"><span>Browser</span></span></div>"}, {f4ee7b4e-14b4-4ea5-a416-db3ae0140ab0}, {f4ee7b4e-14b4-4ea5-a416-db3ae0140ab0}
04-24 18:50:10.397 I/Gecko   (   84): -*- RadioInterface[1]: _lastKnownHomeNetwork: 214-07
04-24 18:50:12.027 I/Gecko   (   84): 1398390612039	Marionette	INFO	sendToClient: {"from":"0","value":["{dcfb4c63-5025-48de-a9a8-6d3514635b68}","{7d4101ae-2d1c-4485-94f8-a446e1b9b2e5}","{cd9b5fb2-fbca-4a7a-bad9-bc29f918ac84}","{e814d354-db83-43ab-bbdc-3859b5e43b83}","{347293a2-8b12-4cb0-966d-12eb165d337a}","{1ff5d96a-5884-4998-be84-3a9cc7008a31}","{b6f219fb-cc13-4da3-ba5b-839dddfba4dc}","{72771794-f3c2-425e-af33-308a9449b6f4}","{08611c19-da13-4962-acc1-1f9b0dea393c}","{2e7f238f-53c5-4ac8-89c9-378330b52232}","{95de52aa-9d35-4e73-8bb8-4f781563dd61}","{f0d63459-9975-4e35-8bba-08b38dbdfee1}","{9b413884-abbe-464d-8586-17e1c707d237}","{03764cbf-0261-4cce-978a-340a9461e4c6}","{e53478e8-f220-4b5c-9f95-7127ea717374}","{3450acd9-91ff-4d94-9add-f74cadb35a66}","{8690b053-45d2-4bc9-91b3-627f83d9af6d}","{24fc8940-15c0-4312-976b-d7190f19d883}","{7e21f01f-4136-48ff-aa2e-ed8e39e4760d}","{a9cf104b-0d40-44d8-a6a2-ede109162529}","{bbb0b057-5ba8-4683-9deb-c4e67917258d}","{f63eb7d7-5030-4546-ab80-8a4333b59146}","{1d2918a2-f0c3-404e-8f4b-c2a088ae95e0}"]}, {ffbee836-7e
04-24 18:50:12.037 I/Gecko   (   84): 1398390612052	Marionette	INFO	sendToClient: {"from":"0","value":"<div><img src=\"blob:48219c60-0524-4f13-9907-0efe791e07fa\" style=\"visibility: visible;\" role=\"presentation\" height=\"64\" width=\"64\"><span class=\"labelWrapper\"><span>Social</span></span></div><span data-is-icon=\"true\" class=\"options\"></span>"}, {7da78fdc-38e9-427a-a579-1a61c42057ed}, {7da78fdc-38e9-427a-a579-1a61c42057ed}
04-24 18:50:12.047 I/Gecko   (   84): 1398390612062	Marionette	INFO	sendToClient: {"from":"0","value":"<div><img src=\"blob:702153f5-077d-489f-9ec0-c0c5c629e4a8\" style=\"visibility: visible;\" role=\"presentation\" height=\"64\" width=\"64\"><span class=\"labelWrapper\"><span>Games</span></span></div><span data-is-icon=\"true\" class=\"options\"></span>"}, {dd341d23-322b-45b1-ba24-890cbb1099cc}, {dd341d23-322b-45b1-ba24-890cbb1099cc}
04-24 18:50:12.067 I/Gecko   (   84): 1398390612076	Marionette	INFO	sendToClient: {"from":"0","value":"<div><img src=\"blob:5351b8c2-5354-4cd4-a815-6529f203d045\" style=\"visibility: visible;\" role=\"presentation\" height=\"64\" width=\"64\"><span class=\"labelWrapper\"><span>Music</span></span></div><span data-is-icon=\"true\" class=\"options\"></span>"}, {c0fe211a-2ce2-4a0a-aaeb-61de67feb366}, {c0fe211a-2ce2-4a0a-aaeb-61de67feb366}
04-24 18:50:12.097 I/Gecko   (   84): 1398390612108	Marionette	INFO	sendToClient: {"from":"0","value":"<div><img src=\"blob:55e52f5a-f1cd-406f-bd27-4b885245aeaf\" style=\"visibility: visible;\" role=\"presentation\" height=\"64\" width=\"64\"><span class=\"labelWrapper\"><span>Showbiz</span></span></div><span data-is-icon=\"true\" class=\"options\"></span>"}, {a7020e96-22df-4f34-8105-6eacf2b508a5}, {a7020e96-22df-4f34-8105-6eacf2b508a5}
04-24 18:50:12.107 I/Gecko   (   84): 1398390612119	Marionette	INFO	sendToClient: {"from":"0","value":"<div><img src=\"blob:1fbe54db-3070-45d1-8d46-a94ab8609133\" style=\"visibility: visible;\" role=\"presentation\" height=\"64\" width=\"64\"><span class=\"labelWrapper\"><span>Camera</span></span></div>"}, {0406bb24-dce4-4415-b3b6-c9b98be2bafc}, {0406bb24-dce4-4415-b3b6-c9b98be2bafc}
04-24 18:50:12.117 I/Gecko   (   84): 1398390612133	Marionette	INFO	sendToClient: {"from":"0","value":"<div><img src=\"blob:93ed7146-b345-4473-b827-cdb4dd919555\" style=\"visibility: visible;\" role=\"presentation\" height=\"64\" width=\"64\"><span class=\"labelWrapper\"><span>Gallery</span></span></div>"}, {d531ccb1-7280-4ed3-b181-3313b2a9820c}, {d531ccb1-7280-4ed3-b181-3313b2a9820c}
04-24 18:50:12.137 I/Gecko   (   84): 1398390612145	Marionette	INFO	sendToClient: {"from":"0","value":"<div><img src=\"blob:ff9524c8-5844-4bf1-ae03-4b9ac810f6ed\" style=\"visibility: visible;\" role=\"presentation\" height=\"64\" width=\"64\"><span class=\"labelWrapper\"><span>FM Radio</span></span></div>"}, {9cc99710-5475-4cac-a02f-f7fe6fa5324a}, {9cc99710-5475-4cac-a02f-f7fe6fa5324a}
04-24 18:50:12.147 I/Gecko   (   84): 1398390612163	Marionette	INFO	sendToClient: {"from":"0","value":"<div><img src=\"blob:529ade1d-5502-4014-b752-a5897217453d\" style=\"visibility: visible;\" role=\"presentation\" height=\"64\" width=\"64\"><span class=\"labelWrapper\"><span>Settings</span></span></div>"}, {6ef00252-f017-431d-8e43-72f85f3ec170}, {6ef00252-f017-431d-8e43-72f85f3ec170}
04-24 18:50:12.157 I/Gecko   (   84): 1398390612174	Marionette	INFO	sendToClient: {"from":"0","value":"<div><img src=\"blob:6389bb58-23d7-41a9-8359-ffc2ea2f02c0\" style=\"visibility: visible;\" role=\"presentation\" height=\"64\" width=\"64\"><span class=\"labelWrapper\"><span>Marketplace</span></span></div>"}, {647e5b1f-ee90-47de-895c-e361270ed78e}, {647e5b1f-ee90-47de-895c-e361270ed78e}
04-24 18:50:12.177 I/Gecko   (   84): 1398390612184	Marionette	INFO	sendToClient: {"from":"0","value":"<div><img src=\"blob:f46acfa0-21d0-42e0-a193-0968a91cc15b\" style=\"visibility: visible;\" role=\"presentation\" height=\"64\" width=\"64\"><span class=\"labelWrapper\"><span>Calendar</span></span></div>"}, {1ad6ad7f-92fc-476c-adfc-81f1b38994b2}, {1ad6ad7f-92fc-476c-adfc-81f1b38994b2}
04-24 18:50:12.187 I/Gecko   (   84): 1398390612196	Marionette	INFO	sendToClient: {"from":"0","value":"<div><img src=\"blob:97b6b744-f768-4790-ad63-fd2b1bbfe01a\" style=\"visibility: visible;\" role=\"presentation\" height=\"64\" width=\"64\"><span class=\"labelWrapper\"><span>Clock</span></span></div>"}, {46757f22-badf-4730-900c-82527dbd8b2f}, {46757f22-badf-4730-900c-82527dbd8b2f}
04-24 18:50:12.197 I/Gecko   (   84): 1398390612207	Marionette	INFO	sendToClient: {"from":"0","value":"<div><img src=\"blob:f63bd7ef-fdab-4e90-911f-e42f6ffdb288\" style=\"visibility: visible;\" role=\"presentation\" height=\"64\" width=\"64\"><span class=\"labelWrapper\"><span>Usage</span></span></div>"}, {faaf9e4c-2431-432b-ac8c-39cc6dc57547}, {faaf9e4c-2431-432b-ac8c-39cc6dc57547}
04-24 18:50:12.207 I/Gecko   (   84): 1398390612217	Marionette	INFO	sendToClient: {"from":"0","value":"<div><img src=\"blob:f7a18b33-18cd-421c-93d7-629eedfe3aa3\" style=\"visibility: visible;\" role=\"presentation\" height=\"64\" width=\"64\"><span class=\"labelWrapper\"><span>E-Mail</span></span></div>"}, {7b37b64e-398f-43d7-b7fd-9bfc424db54f}, {7b37b64e-398f-43d7-b7fd-9bfc424db54f}
04-24 18:50:12.227 I/Gecko   (   84): 1398390612235	Marionette	INFO	sendToClient: {"from":"0","value":"<div><img src=\"blob:a025b9d6-9a5f-4a0c-85ff-ac36e593d024\" style=\"visibility: visible;\" role=\"presentation\" height=\"64\" width=\"64\"><span class=\"labelWrapper\"><span>Music</span></span></div>"}, {3f84e726-acad-4682-a814-71c87fa0c163}, {3f84e726-acad-4682-a814-71c87fa0c163}
04-24 18:50:12.237 I/Gecko   (   84): 1398390612247	Marionette	INFO	sendToClient: {"from":"0","value":"<div><img src=\"blob:df15bd58-a33b-4f0d-8e31-84a2cc79d7e7\" style=\"visibility: visible;\" role=\"presentation\" height=\"64\" width=\"64\"><span class=\"labelWrapper\"><span>Video</span></span></div>"}, {6dbe97ff-585b-436a-a021-825d461efcb3}, {6dbe97ff-585b-436a-a021-825d461efcb3}
04-24 18:50:12.247 I/Gecko   (   84): 1398390612258	Marionette	INFO	sendToClient: {"from":"0","value":"<div><img src=\"blob:d2c6db0b-4a3b-46ce-abae-add522c27537\" style=\"visibility: visible;\" role=\"presentation\" height=\"64\" width=\"64\"><span class=\"labelWrapper\"><span>ConnectA2</span></span></div><span data-is-icon=\"true\" class=\"options\"></span>"}, {52c6b94f-a4e6-4b6a-b461-6a026b5d2e7a}, {52c6b94f-a4e6-4b6a-b461-6a026b5d2e7a}
04-24 18:50:12.257 I/Gecko   (   84): 1398390612269	Marionette	INFO	sendToClient: {"from":"0","value":"<div><img src=\"blob:414135a5-7b03-432d-bdbc-88dcf3f97878\" style=\"visibility: visible;\" role=\"presentation\" height=\"64\" width=\"64\"><span class=\"labelWrapper\"><span>Word Wars</span></span></div><span data-is-icon=\"true\" class=\"options\"></span>"}, {b45b6995-923f-4dfa-bb69-990edd3c3661}, {b45b6995-923f-4dfa-bb69-990edd3c3661}
04-24 18:50:12.267 I/Gecko   (   84): 1398390612280	Marionette	INFO	sendToClient: {"from":"0","value":"<div><img src=\"blob:052f518a-c549-40d7-8203-37f9c89270bf\" style=\"visibility: visible;\" role=\"presentation\" height=\"64\" width=\"64\"><span class=\"labelWrapper\"><span>Rormix</span></span></div><span data-is-icon=\"true\" class=\"options\"></span>"}, {05631638-5cf7-4bf2-8df5-4ee99f6bf2b6}, {05631638-5cf7-4bf2-8df5-4ee99f6bf2b6}
04-24 18:50:12.297 I/Gecko   (   84): 1398390612311	Marionette	INFO	sendToClient: {"from":"0","value":"<div><img src=\"blob:109f4505-21d9-45c8-956e-4f3c6a58a0f8\" style=\"visibility: visible;\" role=\"presentation\" height=\"64\" width=\"64\"><span class=\"labelWrapper\"><span>tvQu Online</span></span></div><span data-is-icon=\"true\" class=\"options\"></span>"}, {ef2879a8-7a2d-4f5d-9a74-8b6f09d3f387}, {ef2879a8-7a2d-4f5d-9a74-8b6f09d3f387}
04-24 18:50:12.307 I/Gecko   (   84): 1398390612323	Marionette	INFO	sendToClient: {"from":"0","value":"<div><img src=\"blob:4e43aa93-c1e7-4d39-b913-f77bf03b4c97\" style=\"visibility: visible;\" role=\"presentation\" height=\"64\" width=\"64\"><span class=\"labelWrapper\"><span>Phone</span></span></div>"}, {dd2f19ac-4ad1-495e-8a48-91433d30c46e}, {dd2f19ac-4ad1-495e-8a48-91433d30c46e}
04-24 18:50:12.327 I/Gecko   (   84): 1398390612334	Marionette	INFO	sendToClient: {"from":"0","value":"<div><img src=\"blob:48f59cf0-3af2-4bcc-a54e-9b77a1dcbd88\" style=\"visibility: visible;\" role=\"presentation\" height=\"64\" width=\"64\"><span class=\"labelWrapper\"><span>Messages</span></span></div>"}, {569449d7-fe6b-4cd3-862d-89b432e624c5}, {569449d7-fe6b-4cd3-862d-89b432e624c5}
04-24 18:50:12.337 I/Gecko   (   84): 1398390612344	Marionette	INFO	sendToClient: {"from":"0","value":"<div><img src=\"blob:ed4588f3-a8a3-47a6-a787-b65c6b14269d\" style=\"visibility: visible;\" role=\"presentation\" height=\"64\" width=\"64\"><span class=\"labelWrapper\"><span>Contacts</span></span></div>"}, {03605595-26c5-4f7f-83e8-f604324694bd}, {03605595-26c5-4f7f-83e8-f604324694bd}
04-24 18:50:12.347 I/Gecko   (   84): 1398390612356	Marionette	INFO	sendToClient: {"from":"0","value":"<div><img src=\"blob:2ec6550a-2569-4c25-baee-0ea5278145f2\" style=\"visibility: visible;\" role=\"presentation\" height=\"64\" width=\"64\"><span class=\"labelWrapper\"><span>Browser</span></span></div>"}, {38ccd3d4-e4ea-4f3b-b219-2c3d984f370b}, {38ccd3d4-e4ea-4f3b-b219-2c3d984f370b}
04-24 18:50:12.367 I/Gecko   (   84): 1398390612381	Marionette	INFO	sendToClient: {"from":"0","value":"app://homescreen.gaiamobile.org/index.html#root"}, {97e11ed0-6a6d-4de1-a584-de4de5788621}, {97e11ed0-6a6d-4de1-a584-de4de5788621}
04-24 18:50:12.377 I/Gecko   (   84): 1398390612388	Marionette	DEBUG	Got request: switchToFrame, data: {"to":"0","sessionId":"3-b2g","name":"switchToFrame","parameters":{"id":null,"focus":true}}, id: {ac0f85ad-4903-46a9-8042-7f6ae764bd3a}
04-24 18:50:12.397 I/Gecko   (   84): 1398390612406	Marionette	INFO	Switched to frame: {"frameValue":null}
04-24 18:50:12.517 I/Gecko   (   84): 1398390612525	Marionette	INFO	sendToClient: {"from":"0","ok":true}, {ac0f85ad-4903-46a9-8042-7f6ae764bd3a}, {ac0f85ad-4903-46a9-8042-7f6ae764bd3a}
04-24 18:50:12.517 I/Gecko   (   84): 1398390612531	Marionette	DEBUG	Got request: switchToFrame, data: {"to":"0","sessionId":"3-b2g","name":"switchToFrame","parameters":{"id":null,"focus":true}}, id: {a7e8b77d-22fc-4874-9db1-089ca7ad913d}
04-24 18:50:12.517 I/Gecko   (   84): 1398390612533	Marionette	INFO	Switched to frame: {"frameValue":null}
04-24 18:50:12.627 I/Gecko   (   84): 1398390612635	Marionette	INFO	sendToClient: {"from":"0","ok":true}, {a7e8b77d-22fc-4874-9db1-089ca7ad913d}, {a7e8b77d-22fc-4874-9db1-089ca7ad913d}
04-24 18:50:12.637 I/Gecko   (   84): 1398390612651	Marionette	DEBUG	Got request: executeWithCallback, data: {"to":"0","sessionId":"3-b2g","name":"executeAsyncScript","parameters":{"specialPowers":false,"scriptTimeout":30000,"newSandbox":true,"args":[],"filename":"app_checker.py","script":"GaiaApps.launchWithManifestURL('https://marketplace.firefox.com/app/9b62ee2b-0037-4101-afbf-758471dcf9f4/manifest.webapp')","line":106}}, id: {816350e4-1cd5-4855-8af8-0008a0edf9df}
04-24 18:50:12.787 I/Gonk    (   84): Setting nice for pid 544 to 18
04-24 18:50:12.797 I/Gonk    (   84): Changed nice for pid 544 from 18 to 18.
04-24 18:50:12.797 I/Gecko   (   84): [Parent 84] WARNING: waitpid failed pid:544 errno:10: file ../../../gecko/ipc/chromium/src/base/process_util_posix.cc, line 254
04-24 18:50:12.817 I/Gonk    (   84): Setting nice for pid 544 to 1
04-24 18:50:12.817 I/Gonk    (   84): Changed nice for pid 544 from 18 to 1.
04-24 18:50:12.897 E/GeckoConsole(   84): Content JS LOG at dummy file:334 in GaiaApps.launch: launching app with name 'tvQu Online'
04-24 18:50:13.047 E/[Gralloc-ERROR](   84): int gralloc_register_buffer(const gralloc_module_t*, const native_handle_t*):79 Unable to register handle 0x49827060 coming from different process: 84
04-24 18:50:13.047 E/[Gralloc-ERROR](   84): int gralloc_register_buffer(const gralloc_module_t*, const native_handle_t*):79 Unable to register handle 0x49827150 coming from different process: 84
04-24 18:50:13.047 E/[Gralloc-ERROR](   84): int gralloc_register_buffer(const gralloc_module_t*, const native_handle_t*):79 Unable to register handle 0x49827240 coming from different process: 84
04-24 18:50:13.047 E/[Gralloc-ERROR](   84): int gralloc_register_buffer(const gralloc_module_t*, const native_handle_t*):79 Unable to register handle 0x49827330 coming from different process: 84
04-24 18:50:13.167 D/Sensors (   84): activate handle=0; drv=0
04-24 18:50:13.187 D/Sensors (   84): Lis3dhSensor: Control set 1
04-24 18:50:13.187 D/Sensors (   84): Lis3dhSensor: mEnabled = 1
04-24 18:50:13.267 I/Gonk    (   84): Setting nice for pid 514 to 18
04-24 18:50:13.267 I/Gonk    (   84): Changed nice for pid 514 from 1 to 18.
04-24 18:50:13.597 I/log     (  579): <4>0[ 74.531394] select 514 (Homescreen), adj 8, size 7255, to kill 
04-24 18:50:13.697 E/GeckoConsole(  544): [JavaScript Error: "The character encoding of the HTML document was not declared. The document will render with garbled text in some browser configurations if the document contains characters from outside the US-ASCII range. The character encoding of the page must be declared in the document or in the transfer protocol." {file: "app://{9e1993a6-44f4-47a9-b9fe-aea0a8bc51b0}/index.html" line: 0}]
04-24 18:50:14.267 E/GeckoConsole(   84): Content JS LOG at dummy file:326 in GaiaApps.launch/appOpen/<: app with origin 'app://{9e1993a6-44f4-47a9-b9fe-aea0a8bc51b0}' has launched
04-24 18:50:14.267 I/Gecko   (   84): 1398390614280	Marionette	INFO	sendToClient: {"from":"0","value":{"frame":{"ELEMENT":"{c4bb4dcc-9de0-497e-93a1-a18715f6f0e4}"},"src":"app://{9e1993a6-44f4-47a9-b9fe-aea0a8bc51b0}/index.html","name":"tvQu Online","origin":"app://{9e1993a6-44f4-47a9-b9fe-aea0a8bc51b0}"}}, {816350e4-1cd5-4855-8af8-0008a0edf9df}, {816350e4-1cd5-4855-8af8-0008a0edf9df}
04-24 18:50:14.297 E/[Gralloc-ERROR](   84): int gralloc_unregister_buffer(const gralloc_module_t*, const native_handle_t*):274 Trying to unregister buffer 0x49827060 from process 84 that was not created in current process: 84
04-24 18:50:14.297 E/[Gralloc-ERROR](   84): int gralloc_unregister_buffer(const gralloc_module_t*, const native_handle_t*):274 Trying to unregister buffer 0x49827150 from process 84 that was not created in current process: 84
04-24 18:50:14.297 E/[Gralloc-ERROR](   84): int gralloc_unregister_buffer(const gralloc_module_t*, const native_handle_t*):274 Trying to unregister buffer 0x49827330 from process 84 that was not created in current process: 84
04-24 18:50:14.297 E/[Gralloc-ERROR](   84): int gralloc_unregister_buffer(const gralloc_module_t*, const native_handle_t*):274 Trying to unregister buffer 0x49827240 from process 84 that was not created in current process: 84
04-24 18:50:14.307 I/Gecko   (   84): 1398390614316	Marionette	DEBUG	Got request: switchToFrame, data: {"to":"0","sessionId":"3-b2g","name":"switchToFrame","parameters":{"focus":true,"element":"{c4bb4dcc-9de0-497e-93a1-a18715f6f0e4}"}}, id: {e3db12aa-d4d7-400e-8fae-4efca6cc0398}
04-24 18:50:14.317 I/Gecko   (   84): 1398390614324	Marionette	INFO	Switched to frame: {"frameValue":"{c4bb4dcc-9de0-497e-93a1-a18715f6f0e4}"}
04-24 18:50:14.317 I/Gecko   (   84): 1398390614327	Marionette	INFO	trying remote frame 0
04-24 18:50:14.317 I/Gecko   (   84): 1398390614333	Marionette	INFO	frame-manager load script: [object ChromeMessageSender]
04-24 18:50:14.767 I/Gecko   (   84): 1398390614780	Marionette	INFO	sendToClient: {"from":"0","ok":true}, {e3db12aa-d4d7-400e-8fae-4efca6cc0398}, {e3db12aa-d4d7-400e-8fae-4efca6cc0398}
04-24 18:50:14.777 I/Gecko   (   84): 1398390614792	Marionette	INFO	sendToClient: {"from":"0","value":"app://{9e1993a6-44f4-47a9-b9fe-aea0a8bc51b0}/index.html"}, {1d25d8e4-0f28-483c-9310-ea49a6bb43e0}, {1d25d8e4-0f28-483c-9310-ea49a6bb43e0}
04-24 18:50:14.787 I/Gecko   (   84): [Parent 84] WARNING: pipe error (119): Connection reset by peer: file ../../../gecko/ipc/chromium/src/chrome/common/ipc_channel_posix.cc, line 446
04-24 18:50:14.787 I/Gecko   (   84): 
04-24 18:50:14.787 I/Gecko   (   84): ###!!! [Parent][MessageChannel] Error: Channel error: cannot send/recv
04-24 18:50:14.787 I/Gecko   (   84): 
04-24 18:50:14.797 E/GeckoConsole(   84): [JavaScript Error: "[Exception... "Component returned failure code: 0x80070057 (NS_ERROR_ILLEGAL_VALUE) [nsIXPCComponents_Utils.isDeadWrapper]"  nsresult: "0x80070057 (NS_ERROR_ILLEGAL_VALUE)"  location: "JS frame :: resource://gre/modules/BrowserElementParent.jsm :: BrowserElementParent.prototype._isAlive :: line 34"  data: no]" {file: "resource://gre/modules/BrowserElementParent.jsm" line: 34}]
04-24 18:50:14.827 I/Gecko   (   84): [Parent 84] WARNING: waitpid failed pid:514 errno:10: file ../../../gecko/ipc/chromium/src/base/process_util_posix.cc, line 254
