--------- beginning of /dev/log/main
04-25 02:16:28.899 I/Gecko   (   84): 1398417388915	Marionette	INFO	sendToClient: {"from":"0","ok":true}, {107d5fdd-08ab-48c2-9e80-a36812c55161}, {107d5fdd-08ab-48c2-9e80-a36812c55161}
04-25 02:16:28.939 I/Gecko   (   84): 1398417388949	Marionette	DEBUG	Got request: switchToFrame, data: {"to":"0","sessionId":"3-b2g","name":"switchToFrame","parameters":{"id":null,"focus":true}}, id: {462443d4-ccac-4751-be36-37ac236bc379}
04-25 02:16:28.939 I/Gecko   (   84): 1398417388951	Marionette	INFO	Switched to frame: {"frameValue":null}
04-25 02:16:29.039 I/Gecko   (   84): 1398417389054	Marionette	INFO	sendToClient: {"from":"0","ok":true}, {462443d4-ccac-4751-be36-37ac236bc379}, {462443d4-ccac-4751-be36-37ac236bc379}
04-25 02:16:29.049 I/Gecko   (   84): 1398417389060	Marionette	DEBUG	Got request: executeWithCallback, data: {"to":"0","sessionId":"3-b2g","name":"executeAsyncScript","parameters":{"specialPowers":false,"scriptTimeout":null,"newSandbox":true,"args":[],"filename":"gaia_test.py","script":"return GaiaApps.displayedApp();","line":66}}, id: {184f6843-9f17-4a55-85fb-42a14f98eaf1}
04-25 02:16:29.099 I/Gecko   (   84): 1398417389115	Marionette	INFO	sendToClient: {"from":"0","value":{"frame":{"ELEMENT":"{b5c8bc27-5623-42ec-ba4c-1826c8e4fba4}"},"src":"app://homescreen.gaiamobile.org/index.html#root","name":"Homescreen","origin":"app://homescreen.gaiamobile.org"}}, {184f6843-9f17-4a55-85fb-42a14f98eaf1}, {184f6843-9f17-4a55-85fb-42a14f98eaf1}
04-25 02:16:29.119 E/GeckoConsole(   84): Content JS LOG at dummy file:392 in GaiaApps.displayedApp: app with origin 'app://homescreen.gaiamobile.org' is displayed
04-25 02:16:29.119 I/Gecko   (   84): 1398417389131	Marionette	DEBUG	Got request: switchToFrame, data: {"to":"0","sessionId":"3-b2g","name":"switchToFrame","parameters":{"id":null,"focus":true}}, id: {7cb5cd9f-50ab-4932-9e4c-b6ea760127af}
04-25 02:16:29.119 I/Gecko   (   84): 1398417389133	Marionette	INFO	Switched to frame: {"frameValue":null}
04-25 02:16:29.229 I/Gecko   (   84): 1398417389239	Marionette	INFO	sendToClient: {"from":"0","ok":true}, {7cb5cd9f-50ab-4932-9e4c-b6ea760127af}, {7cb5cd9f-50ab-4932-9e4c-b6ea760127af}
04-25 02:16:29.229 I/Gecko   (   84): 1398417389244	Marionette	DEBUG	Got request: switchToFrame, data: {"to":"0","sessionId":"3-b2g","name":"switchToFrame","parameters":{"id":null,"focus":true}}, id: {7d24a229-0d33-4b38-ac76-6c85c0e283b6}
04-25 02:16:29.229 I/Gecko   (   84): 1398417389246	Marionette	INFO	Switched to frame: {"frameValue":null}
04-25 02:16:29.359 I/Gecko   (   84): 1398417389368	Marionette	INFO	sendToClient: {"from":"0","ok":true}, {7d24a229-0d33-4b38-ac76-6c85c0e283b6}, {7d24a229-0d33-4b38-ac76-6c85c0e283b6}
04-25 02:16:29.359 I/Gecko   (   84): 1398417389374	Marionette	DEBUG	Got request: executeWithCallback, data: {"to":"0","sessionId":"3-b2g","name":"executeAsyncScript","parameters":{"specialPowers":false,"scriptTimeout":null,"newSandbox":true,"args":[],"filename":"gaia_test.py","script":"return GaiaApps.displayedApp();","line":66}}, id: {0553d57f-b246-445d-89b4-8953e0d1cd9b}
04-25 02:16:29.399 E/GeckoConsole( 1671): Content JS ERROR at app://homescreen.gaiamobile.org/gaia_build_defer_index.js:390 in loadSVConfFileError: Failed parsing singleVariant configuration file [js/singlevariantconf.json]:  [Exception... "File error: Not found"  nsresult: "0x80520012 (NS_ERROR_FILE_NOT_FOUND)"  location: "JS frame :: app://homescreen.gaiamobile.org/gaia_build_defer_index.js :: loadFile :: line 382"  data: no]
04-25 02:16:29.439 E/GeckoConsole(   84): Content JS LOG at dummy file:392 in GaiaApps.displayedApp: app with origin 'app://homescreen.gaiamobile.org' is displayed
04-25 02:16:29.449 I/Gecko   (   84): 1398417389459	Marionette	INFO	sendToClient: {"from":"0","value":{"frame":{"ELEMENT":"{b5c8bc27-5623-42ec-ba4c-1826c8e4fba4}"},"src":"app://homescreen.gaiamobile.org/index.html#root","name":"Homescreen","origin":"app://homescreen.gaiamobile.org"}}, {0553d57f-b246-445d-89b4-8953e0d1cd9b}, {0553d57f-b246-445d-89b4-8953e0d1cd9b}
04-25 02:16:29.459 I/Gecko   (   84): 1398417389472	Marionette	DEBUG	Got request: switchToFrame, data: {"to":"0","sessionId":"3-b2g","name":"switchToFrame","parameters":{"focus":true,"element":"{b5c8bc27-5623-42ec-ba4c-1826c8e4fba4}"}}, id: {8ec532e6-87ea-4702-9217-35330ba81315}
04-25 02:16:29.489 I/Gecko   (   84): 1398417389507	Marionette	INFO	Switched to frame: {"frameValue":"{b5c8bc27-5623-42ec-ba4c-1826c8e4fba4}"}
04-25 02:16:29.499 I/Gecko   (   84): 1398417389509	Marionette	INFO	trying remote frame 0
04-25 02:16:29.499 I/Gecko   (   84): 1398417389510	Marionette	INFO	trying remote frame 1
04-25 02:16:29.499 I/Gecko   (   84): 1398417389511	Marionette	INFO	trying remote frame 2
04-25 02:16:29.499 I/Gecko   (   84): 1398417389512	Marionette	INFO	deleting frame
04-25 02:16:29.519 I/Gecko   (   84): 1398417389528	Marionette	INFO	frame-manager load script: [object ChromeMessageSender]
04-25 02:16:29.869 I/Gecko   (   84): 1398417389878	Marionette	INFO	sendToClient: {"from":"0","ok":true}, {8ec532e6-87ea-4702-9217-35330ba81315}, {8ec532e6-87ea-4702-9217-35330ba81315}
04-25 02:16:29.939 I/Gecko   (   84): 1398417389954	Marionette	INFO	sendToClient: {"from":"0","value":{"ELEMENT":"{c02d9c48-983c-4f25-adf0-9f1f9c1bd559}"}}, {e3ac79c9-d5fc-43cb-be82-039810fbb812}, {e3ac79c9-d5fc-43cb-be82-039810fbb812}
04-25 02:16:30.449 E/GeckoConsole( 1671): [JavaScript Warning: "Use of getAttributeNode() is deprecated. Use getAttribute() instead." {file: "chrome://marionette/content/atoms.js" line: 25}]
04-25 02:16:30.459 E/GeckoConsole( 1671): [JavaScript Warning: "Use of attributes' specified attribute is deprecated. It always returns true." {file: "chrome://marionette/content/atoms.js" line: 25}]
04-25 02:16:30.459 I/Gecko   (   84): 1398417390470	Marionette	INFO	sendToClient: {"from":"0","value":"normal"}, {7acd64fe-f670-4ba4-9e6c-bdce5fdf11af}, {7acd64fe-f670-4ba4-9e6c-bdce5fdf11af}
04-25 02:16:30.469 I/Gecko   (   84): 1398417390477	Marionette	DEBUG	Got request: switchToFrame, data: {"to":"0","sessionId":"3-b2g","name":"switchToFrame","parameters":{"id":null,"focus":true}}, id: {e984d16a-436c-4fad-bd22-28f3c1636224}
04-25 02:16:30.479 I/Gecko   (   84): 1398417390491	Marionette	INFO	Switched to frame: {"frameValue":null}
04-25 02:16:30.589 I/Gecko   (   84): 1398417390601	Marionette	INFO	sendToClient: {"from":"0","ok":true}, {e984d16a-436c-4fad-bd22-28f3c1636224}, {e984d16a-436c-4fad-bd22-28f3c1636224}
04-25 02:16:30.619 I/Gecko   (   84): 1398417390629	Marionette	DEBUG	Got request: execute, data: {"to":"0","sessionId":"3-b2g","name":"executeScript","parameters":{"specialPowers":false,"scriptTimeout":null,"newSandbox":true,"args":[],"filename":"gaia_test.py","script":"window.wrappedJSObject.dispatchEvent(new Event('home'));","line":788}}, id: {048f9567-56e8-47c4-9eda-2aa294a32f62}
04-25 02:16:30.699 I/Gecko   (   84): 1398417390715	Marionette	INFO	sendToClient: {"from":"0","value":null}, {048f9567-56e8-47c4-9eda-2aa294a32f62}, {048f9567-56e8-47c4-9eda-2aa294a32f62}
04-25 02:16:30.719 I/Gecko   (   84): 1398417390732	Marionette	DEBUG	Got request: switchToFrame, data: {"to":"0","sessionId":"3-b2g","name":"switchToFrame","parameters":{"id":null,"focus":true}}, id: {fcb8a4df-646b-4299-972e-f1f5dd5af5c5}
04-25 02:16:30.719 I/Gecko   (   84): 1398417390734	Marionette	INFO	Switched to frame: {"frameValue":null}
04-25 02:16:30.879 I/Gecko   (   84): 1398417390889	Marionette	INFO	sendToClient: {"from":"0","ok":true}, {fcb8a4df-646b-4299-972e-f1f5dd5af5c5}, {fcb8a4df-646b-4299-972e-f1f5dd5af5c5}
04-25 02:16:30.879 I/Gecko   (   84): 1398417390896	Marionette	DEBUG	Got request: switchToFrame, data: {"to":"0","sessionId":"3-b2g","name":"switchToFrame","parameters":{"id":null,"focus":true}}, id: {d8f3bc47-f7f5-4e68-94ee-f8d67c4cda09}
04-25 02:16:30.889 I/Gecko   (   84): 1398417390903	Marionette	INFO	Switched to frame: {"frameValue":null}
04-25 02:16:30.989 I/Gecko   (   84): 1398417391006	Marionette	INFO	sendToClient: {"from":"0","ok":true}, {d8f3bc47-f7f5-4e68-94ee-f8d67c4cda09}, {d8f3bc47-f7f5-4e68-94ee-f8d67c4cda09}
04-25 02:16:30.999 I/Gecko   (   84): 1398417391012	Marionette	DEBUG	Got request: executeWithCallback, data: {"to":"0","sessionId":"3-b2g","name":"executeAsyncScript","parameters":{"specialPowers":false,"scriptTimeout":null,"newSandbox":true,"args":[],"filename":"gaia_test.py","script":"return GaiaApps.displayedApp();","line":66}}, id: {6c808fea-e355-415e-9f88-c1c3471c9e02}
04-25 02:16:31.059 I/Gecko   (   84): 1398417391073	Marionette	INFO	sendToClient: {"from":"0","value":{"frame":{"ELEMENT":"{b5c8bc27-5623-42ec-ba4c-1826c8e4fba4}"},"src":"app://homescreen.gaiamobile.org/index.html#rootFri%20Apr%2025%202014%2002:16:30%20GMT-0700%20(UTC)","name":"Homescreen","origin":"app://homescreen.gaiamobile.org"}}, {6c808fea-e355-415e-9f88-c1c3471c9e02}, {6c808fea-e355-415e-9f88-c1c3471c9e02}
04-25 02:16:31.069 I/Gecko   (   84): 1398417391079	Marionette	DEBUG	Got request: switchToFrame, data: {"to":"0","sessionId":"3-b2g","name":"switchToFrame","parameters":{"focus":true,"element":"{b5c8bc27-5623-42ec-ba4c-1826c8e4fba4}"}}, id: {f5a65096-bba6-4ff6-8d90-47ea913666cf}
04-25 02:16:31.089 I/Gecko   (   84): 1398417391097	Marionette	INFO	Switched to frame: {"frameValue":"{b5c8bc27-5623-42ec-ba4c-1826c8e4fba4}"}
04-25 02:16:31.099 E/GeckoConsole(   84): Content JS LOG at dummy file:392 in GaiaApps.displayedApp: app with origin 'app://homescreen.gaiamobile.org' is displayed
04-25 02:16:31.109 I/Gecko   (   84): 1398417391119	Marionette	INFO	trying remote frame 0
04-25 02:16:31.109 I/Gecko   (   84): 1398417391120	Marionette	INFO	trying remote frame 1
04-25 02:16:31.109 I/Gecko   (   84): 1398417391120	Marionette	INFO	trying remote frame 2
04-25 02:16:31.709 I/Gecko   (   84): 1398417391722	Marionette	INFO	sendToClient: {"from":"0","ok":true}, {f5a65096-bba6-4ff6-8d90-47ea913666cf}, {f5a65096-bba6-4ff6-8d90-47ea913666cf}
04-25 02:16:31.719 I/Gecko   (   84): 1398417391732	Marionette	DEBUG	Got request: execute, data: {"to":"0","sessionId":"3-b2g","name":"executeScript","parameters":{"specialPowers":false,"scriptTimeout":null,"newSandbox":true,"args":[],"filename":"gaia_test.py","script":"return window.wrappedJSObject.GridManager.pageHelper.getCurrentPageNumber();","line":784}}, id: {d57c4cb2-96f8-4343-91c8-63d08087c00e}
04-25 02:16:31.899 V/AudioPolicyManagerBase(   89): startOutput() output 1, stream 1, session 6
04-25 02:16:31.899 V/AudioPolicyManagerBase(   89): changeRefCount() stream 1, count 1
04-25 02:16:31.899 V/AudioPolicyManagerBase(   89): getDeviceForStrategy() from cache strategy 0, device 2
04-25 02:16:31.899 V/AudioPolicyManagerBase(   89): getNewDevice() selected device 2
04-25 02:16:31.899 D/AudioPolicyManagerBase(   89): setOutputDevice() output 1 device 2 delayMs 0
04-25 02:16:31.899 V/AudioPolicyManagerBase(   89): setOutputDevice() setting same device 2 or null device for output 1
04-25 02:16:31.899 E/AudioPolicyManagerBase(   89): checkAndSetVolume stream=1, index=0, output=1, device=2
04-25 02:16:31.899 E/AudioPolicyManagerBase(   89): computeVolume, streamDesc=0x1c7cbb8
04-25 02:16:31.929 W/AudioFlinger(   89): Thread AudioOut_1 cannot connect to the power manager service
04-25 02:16:31.929 V/AudioPolicyManagerBase(   89): stopOutput() output 1, stream 1, session 6
04-25 02:16:31.929 V/AudioPolicyManagerBase(   89): changeRefCount() stream 1, count 0
04-25 02:16:31.929 V/AudioPolicyManagerBase(   89): getNewDevice() selected device 0
04-25 02:16:31.929 D/AudioPolicyManagerBase(   89): setOutputDevice() output 1 device 0 delayMs 290
04-25 02:16:31.929 V/AudioPolicyManagerBase(   89): setOutputDevice() setting same device 0 or null device for output 1
04-25 02:16:31.929 V/AudioPolicyManagerBase(   89): releaseOutput() 1
04-25 02:16:31.989 I/Gecko   (   84): 1398417392001	Marionette	INFO	sendToClient: {"from":"0","value":0}, {d57c4cb2-96f8-4343-91c8-63d08087c00e}, {d57c4cb2-96f8-4343-91c8-63d08087c00e}
04-25 02:16:32.219 I/Gecko   (   84): 1398417392237	Marionette	INFO	sendToClient: {"from":"0","value":["{6e80b76f-4dd7-4d92-96b7-e89461ce7dbd}","{323c403b-2ff6-42ce-a3b7-b955a3a33eac}","{692cc6a7-48a0-4f21-9f84-9455a86416db}","{a115072f-3e2b-4241-b2cb-82b0c5a4944b}","{e9df14e5-106f-4e3c-b7ac-b5e686da0e96}","{e5e81933-5978-43af-8435-920c84a40da1}","{2e9b9f4b-e74e-4a26-b276-885e7856a69a}","{db377e51-672a-437a-a34e-33250ff5dc30}","{1df487b4-1ac8-4206-a3fb-353140693659}","{5f5106ac-1549-4ee5-b0af-387141cbea69}","{386299b9-e222-4875-88ca-a0c3e7603a87}","{28e3df32-a65b-448a-8d37-8083320e50bb}","{0ce30498-ba62-4265-927b-6745acecc2f0}","{d6f0d899-8d82-4c13-a631-7923b0626a49}","{7afe2347-2edc-4ecd-8e2c-53091d9ac8f2}","{fde6739d-2d1d-4452-8f73-48a46aca953c}","{0444f999-7c86-4a48-8cfe-a41bf8c59872}","{b1f6d0aa-406d-4ece-92e2-56573d646922}","{ca99d94e-14b1-4bb4-9c83-a752f2428ff8}","{80bae313-b38e-45e8-8bc0-1f46c5834813}","{22ba0f50-7845-4441-aff4-884bc2292d95}","{20375de0-bfcd-437e-8528-854b7a61019c}","{8dce6c49-3480-41c8-a04a-9d50f076ec57}","{42bc5f90-1fb4
04-25 02:16:33.329 I/Gecko   (   84): 1398417393341	Marionette	INFO	sendToClient: {"from":"0","value":"app://homescreen.gaiamobile.org/index.html#rootFri%20Apr%2025%202014%2002:16:30%20GMT-0700%20(UTC)"}, {449db1a9-bdfb-4391-be71-62b5076112af}, {449db1a9-bdfb-4391-be71-62b5076112af}
04-25 02:16:33.339 I/Gecko   (   84): 1398417393348	Marionette	DEBUG	Got request: switchToFrame, data: {"to":"0","sessionId":"3-b2g","name":"switchToFrame","parameters":{"id":null,"focus":true}}, id: {444ab050-64ac-4140-91cf-bbc9535b7dce}
04-25 02:16:33.429 I/Gecko   (   84): 1398417393438	Marionette	INFO	Switched to frame: {"frameValue":null}
04-25 02:16:33.509 W/WifiHW  (   84): wifi_command: SIGNAL_POLL
04-25 02:16:33.539 E/GeckoConsole( 1671): Content JS WARN at app://homescreen.gaiamobile.org/gaia_build_defer_index.js:184 in isHiddenApp: Unexpected role when checking hidden app: undefined
04-25 02:16:33.539 E/GeckoConsole( 1671): Content JS WARN at app://homescreen.gaiamobile.org/gaia_build_defer_index.js:184 in isHiddenApp: Unexpected role when checking hidden app: undefined
04-25 02:16:33.549 I/Gecko   (   84): 1398417393563	Marionette	INFO	sendToClient: {"from":"0","ok":true}, {444ab050-64ac-4140-91cf-bbc9535b7dce}, {444ab050-64ac-4140-91cf-bbc9535b7dce}
04-25 02:16:33.559 I/Gecko   (   84): 1398417393569	Marionette	DEBUG	Got request: switchToFrame, data: {"to":"0","sessionId":"3-b2g","name":"switchToFrame","parameters":{"id":null,"focus":true}}, id: {26b1c522-e7ca-43aa-946f-2e15d22c49ef}
04-25 02:16:33.559 I/Gecko   (   84): 1398417393571	Marionette	INFO	Switched to frame: {"frameValue":null}
04-25 02:16:33.559 E/GeckoConsole( 1671): Content JS WARN at app://homescreen.gaiamobile.org/gaia_build_defer_index.js:184 in isHiddenApp: Unexpected role when checking hidden app: undefined
04-25 02:16:33.559 E/GeckoConsole( 1671): Content JS WARN at app://homescreen.gaiamobile.org/gaia_build_defer_index.js:184 in isHiddenApp: Unexpected role when checking hidden app: undefined
04-25 02:16:33.559 E/GeckoConsole( 1671): Content JS WARN at app://homescreen.gaiamobile.org/gaia_build_defer_index.js:184 in isHiddenApp: Unexpected role when checking hidden app: undefined
04-25 02:16:33.569 E/GeckoConsole( 1671): Content JS WARN at app://homescreen.gaiamobile.org/gaia_build_defer_index.js:184 in isHiddenApp: Unexpected role when checking hidden app: undefined
04-25 02:16:33.589 E/GeckoConsole( 1671): Content JS WARN at app://homescreen.gaiamobile.org/gaia_build_defer_index.js:184 in isHiddenApp: Unexpected role when checking hidden app: undefined
04-25 02:16:33.589 E/GeckoConsole( 1671): Content JS WARN at app://homescreen.gaiamobile.org/gaia_build_defer_index.js:184 in isHiddenApp: Unexpected role when checking hidden app: undefined
04-25 02:16:33.589 E/GeckoConsole( 1671): Content JS WARN at app://homescreen.gaiamobile.org/gaia_build_defer_index.js:184 in isHiddenApp: Unexpected role when checking hidden app: undefined
04-25 02:16:33.589 E/GeckoConsole( 1671): Content JS WARN at app://homescreen.gaiamobile.org/gaia_build_defer_index.js:184 in isHiddenApp: Unexpected role when checking hidden app: undefined
04-25 02:16:33.589 E/GeckoConsole( 1671): Content JS WARN at app://homescreen.gaiamobile.org/gaia_build_defer_index.js:184 in isHiddenApp: Unexpected role when checking hidden app: undefined
04-25 02:16:33.589 E/GeckoConsole( 1671): Content JS WARN at app://homescreen.gaiamobile.org/gaia_build_defer_index.js:184 in isHiddenApp: Unexpected role when checking hidden app: undefined
04-25 02:16:33.589 E/GeckoConsole( 1671): Content JS WARN at app://homescreen.gaiamobile.org/gaia_build_defer_index.js:184 in isHiddenApp: Unexpected role when checking hidden app: undefined
04-25 02:16:33.589 E/GeckoConsole( 1671): Content JS WARN at app://homescreen.gaiamobile.org/gaia_build_defer_index.js:184 in isHiddenApp: Unexpected role when checking hidden app: undefined
04-25 02:16:33.589 E/GeckoConsole( 1671): Content JS WARN at app://homescreen.gaiamobile.org/gaia_build_defer_index.js:184 in isHiddenApp: Unexpected role when checking hidden app: undefined
04-25 02:16:33.589 E/GeckoConsole( 1671): Content JS WARN at app://homescreen.gaiamobile.org/gaia_build_defer_index.js:184 in isHiddenApp: Unexpected role when checking hidden app: undefined
04-25 02:16:33.589 E/GeckoConsole( 1671): Content JS WARN at app://homescreen.gaiamobile.org/gaia_build_defer_index.js:184 in isHiddenApp: Unexpected role when checking hidden app: undefined
04-25 02:16:33.599 E/GeckoConsole( 1671): Content JS WARN at app://homescreen.gaiamobile.org/gaia_build_defer_index.js:184 in isHiddenApp: Unexpected role when checking hidden app: undefined
04-25 02:16:33.609 E/GeckoConsole( 1671): Content JS WARN at app://homescreen.gaiamobile.org/gaia_build_defer_index.js:184 in isHiddenApp: Unexpected role when checking hidden app: undefined
04-25 02:16:33.609 E/GeckoConsole( 1671): Content JS WARN at app://homescreen.gaiamobile.org/gaia_build_defer_index.js:184 in isHiddenApp: Unexpected role when checking hidden app: undefined
04-25 02:16:33.609 E/GeckoConsole( 1671): Content JS WARN at app://homescreen.gaiamobile.org/gaia_build_defer_index.js:184 in isHiddenApp: Unexpected role when checking hidden app: undefined
04-25 02:16:33.609 E/GeckoConsole( 1671): Content JS WARN at app://homescreen.gaiamobile.org/gaia_build_defer_index.js:184 in isHiddenApp: Unexpected role when checking hidden app: undefined
04-25 02:16:33.609 E/GeckoConsole( 1671): Content JS WARN at app://homescreen.gaiamobile.org/gaia_build_defer_index.js:184 in isHiddenApp: Unexpected role when checking hidden app: undefined
04-25 02:16:33.669 I/Gecko   (   84): 1398417393682	Marionette	INFO	sendToClient: {"from":"0","ok":true}, {26b1c522-e7ca-43aa-946f-2e15d22c49ef}, {26b1c522-e7ca-43aa-946f-2e15d22c49ef}
04-25 02:16:33.679 I/Gecko   (   84): 1398417393691	Marionette	DEBUG	Got request: executeWithCallback, data: {"to":"0","sessionId":"3-b2g","name":"executeAsyncScript","parameters":{"specialPowers":false,"scriptTimeout":30000,"newSandbox":true,"args":[],"filename":"app_checker.py","script":"GaiaApps.launchWithManifestURL('https://marketplace.firefox.com/app/12fc77c0-dd96-4117-8d0e-0b60610f0131/manifest.webapp')","line":106}}, id: {307e6bf1-9ec2-48a5-aa2b-9b2b1b7bfe37}
04-25 02:16:34.079 I/Gonk    (   84): Setting nice for pid 1679 to 18
04-25 02:16:34.079 I/Gonk    (   84): Changed nice for pid 1679 from 18 to 18.
04-25 02:16:34.079 I/Gecko   (   84): [Parent 84] WARNING: waitpid failed pid:1679 errno:10: file ../../../gecko/ipc/chromium/src/base/process_util_posix.cc, line 254
04-25 02:16:34.089 I/Gonk    (   84): Setting nice for pid 1679 to 1
04-25 02:16:34.089 I/Gonk    (   84): Changed nice for pid 1679 from 18 to 1.
04-25 02:16:34.159 E/GeckoConsole(   84): Content JS LOG at dummy file:334 in GaiaApps.launch: launching app with name 'AVG LinkScanner'
04-25 02:16:34.379 D/Sensors (   84): activate handle=0; drv=0
04-25 02:16:34.399 D/Sensors (   84): Lis3dhSensor: Control set 1
04-25 02:16:34.399 D/Sensors (   84): Lis3dhSensor: mEnabled = 1
04-25 02:16:34.489 E/[Gralloc-ERROR](   84): int gralloc_register_buffer(const gralloc_module_t*, const native_handle_t*):79 Unable to register handle 0x4435b240 coming from different process: 84
04-25 02:16:34.499 E/[Gralloc-ERROR](   84): int gralloc_register_buffer(const gralloc_module_t*, const native_handle_t*):79 Unable to register handle 0x443613d0 coming from different process: 84
04-25 02:16:34.529 E/[Gralloc-ERROR](   84): int gralloc_register_buffer(const gralloc_module_t*, const native_handle_t*):79 Unable to register handle 0x453f8880 coming from different process: 84
04-25 02:16:34.529 E/[Gralloc-ERROR](   84): int gralloc_register_buffer(const gralloc_module_t*, const native_handle_t*):79 Unable to register handle 0x49d7c510 coming from different process: 84
04-25 02:16:34.639 I/Gonk    (   84): Setting nice for pid 1671 to 18
04-25 02:16:34.669 I/Gonk    (   84): Changed nice for pid 1671 from 1 to 18.
04-25 02:16:36.279 I/Gecko   ( 1679): ###################################### forms.js loaded
04-25 02:16:36.299 I/Gecko   ( 1679): ############################### browserElementPanning.js loaded
04-25 02:16:36.319 I/Gecko   ( 1679): ######################## BrowserElementChildPreload.js loaded
04-25 02:16:36.719 I/Gecko   (   84): 
04-25 02:16:36.719 I/Gecko   (   84): ###!!! [Parent][MessageChannel] Error: Channel error: cannot send/recv
04-25 02:16:36.719 I/Gecko   (   84): 
04-25 02:16:36.769 I/Gecko   (   84): [Parent 84] WARNING: pipe error (142): Connection reset by peer: file ../../../gecko/ipc/chromium/src/chrome/common/ipc_channel_posix.cc, line 446
04-25 02:16:36.789 I/Gecko   (   84): [Parent 84] WARNING: waitpid failed pid:1671 errno:10: file ../../../gecko/ipc/chromium/src/base/process_util_posix.cc, line 254
04-25 02:16:37.889 I/Gonk    (   84): Setting nice for pid 1735 to 18
04-25 02:16:37.889 I/Gonk    (   84): Changed nice for pid 1735 from 0 to 18.
04-25 02:16:38.519 W/WifiHW  (   84): wifi_command: SIGNAL_POLL
04-25 02:16:38.559 E/GeckoConsole( 1679): [JavaScript Warning: "Unknown property 'box-sizing'.  Declaration dropped." {file: "app://{2158f604-f814-404e-89ac-d4c6918aae31}/util.css" line: 36 column: 12 source: "  box-sizing: border-box;"}]
04-25 02:16:38.609 E/GeckoConsole( 1679): [JavaScript Warning: "Unknown property '-moz-background-size'.  Declaration dropped." {file: "app://{2158f604-f814-404e-89ac-d4c6918aae31}/style/drawer.css" line: 12 column: 22 source: "  -moz-background-size: cover;"}]
04-25 02:16:38.609 E/GeckoConsole( 1679): [JavaScript Warning: "Unknown property '-moz-background-size'.  Declaration dropped." {file: "app://{2158f604-f814-404e-89ac-d4c6918aae31}/style/drawer.css" line: 40 column: 22 source: "  -moz-background-size: cover;"}]
04-25 02:16:38.639 E/GeckoConsole( 1679): [JavaScript Warning: "Unknown property 'box-sizing'.  Declaration dropped." {file: "app://{2158f604-f814-404e-89ac-d4c6918aae31}/cross_browser.css" line: 9 column: 12 source: "  box-sizing: border-box;"}]
04-25 02:16:38.639 E/GeckoConsole( 1679): [JavaScript Warning: "Unknown property 'box-sizing'.  Declaration dropped." {file: "app://{2158f604-f814-404e-89ac-d4c6918aae31}/cross_browser.css" line: 17 column: 12 source: "  box-sizing: border-box;"}]
04-25 02:16:38.639 E/GeckoConsole( 1679): [JavaScript Warning: "Unknown property 'box-sizing'.  Declaration dropped." {file: "app://{2158f604-f814-404e-89ac-d4c6918aae31}/cross_browser.css" line: 30 column: 12 source: "  box-sizing: border-box;"}]
04-25 02:16:38.639 E/GeckoConsole( 1679): [JavaScript Warning: "Unknown property 'box-sizing'.  Declaration dropped." {file: "app://{2158f604-f814-404e-89ac-d4c6918aae31}/cross_browser.css" line: 54 column: 12 source: "  box-sizing: border-box;"}]
04-25 02:16:38.639 E/GeckoConsole( 1679): [JavaScript Warning: "Unknown property 'box-sizing'.  Declaration dropped." {file: "app://{2158f604-f814-404e-89ac-d4c6918aae31}/cross_browser.css" line: 60 column: 12 source: "  box-sizing: border-box;"}]
04-25 02:16:38.639 E/GeckoConsole( 1679): [JavaScript Warning: "Unknown property 'box-sizing'.  Declaration dropped." {file: "app://{2158f604-f814-404e-89ac-d4c6918aae31}/cross_browser.css" line: 67 column: 12 source: "  box-sizing: border-box;"}]
04-25 02:16:38.639 E/GeckoConsole( 1679): [JavaScript Warning: "Unknown property 'box-sizing'.  Declaration dropped." {file: "app://{2158f604-f814-404e-89ac-d4c6918aae31}/cross_browser.css" line: 90 column: 12 source: "  box-sizing: border-box;"}]
04-25 02:16:38.639 E/GeckoConsole( 1679): [JavaScript Warning: "Unknown property 'box-sizing'.  Declaration dropped." {file: "app://{2158f604-f814-404e-89ac-d4c6918aae31}/cross_browser.css" line: 99 column: 12 source: "  box-sizing: border-box;"}]
04-25 02:16:38.639 E/GeckoConsole( 1679): [JavaScript Warning: "Unknown property 'box-sizing'.  Declaration dropped." {file: "app://{2158f604-f814-404e-89ac-d4c6918aae31}/cross_browser.css" line: 104 column: 12 source: "  box-sizing: border-box;"}]
04-25 02:16:38.639 E/GeckoConsole( 1679): [JavaScript Warning: "Unknown property 'box-sizing'.  Declaration dropped." {file: "app://{2158f604-f814-404e-89ac-d4c6918aae31}/cross_browser.css" line: 140 column: 12 source: "  box-sizing: border-box;"}]
04-25 02:16:38.639 E/GeckoConsole( 1679): [JavaScript Warning: "Unknown property 'box-sizing'.  Declaration dropped." {file: "app://{2158f604-f814-404e-89ac-d4c6918aae31}/cross_browser.css" line: 161 column: 12 source: "  box-sizing: border-box;"}]
04-25 02:16:38.639 E/GeckoConsole( 1679): [JavaScript Warning: "Unknown pseudo-class or pseudo-element '-webkit-progress-bar'.  Ruleset ignored due to bad selector." {file: "app://{2158f604-f814-404e-89ac-d4c6918aae31}/cross_browser.css" line: 174 column: 23 source: "progress:not([value])::-webkit-progress-bar {"}]
04-25 02:16:38.649 E/GeckoConsole( 1679): [JavaScript Warning: "Unknown pseudo-class or pseudo-element '-webkit-progress-bar'.  Ruleset ignored due to bad selector." {file: "app://{2158f604-f814-404e-89ac-d4c6918aae31}/cross_browser.css" line: 178 column: 17 source: "progress[value]::-webkit-progress-bar {"}]
04-25 02:16:38.649 E/GeckoConsole( 1679): [JavaScript Warning: "Unknown pseudo-class or pseudo-element '-webkit-progress-value'.  Ruleset ignored due to bad selector." {file: "app://{2158f604-f814-404e-89ac-d4c6918aae31}/cross_browser.css" line: 182 column: 17 source: "progress[value]::-webkit-progress-value {"}]
04-25 02:16:38.649 E/GeckoConsole( 1679): [JavaScript Warning: "Unknown pseudo-class or pseudo-element '-webkit-progress-bar'.  Ruleset ignored due to bad selector." {file: "app://{2158f604-f814-404e-89ac-d4c6918aae31}/cross_browser.css" line: 186 column: 31 source: "progress[value].pack-activity::-webkit-progress-bar {"}]
04-25 02:16:38.649 E/GeckoConsole( 1679): [JavaScript Warning: "Unknown pseudo-class or pseudo-element '-webkit-progress-bar'.  Ruleset ignored due to bad selector." {file: "app://{2158f604-f814-404e-89ac-d4c6918aae31}/cross_browser.css" line: 191 column: 37 source: "progress[value].pack-activity.light::-webkit-progress-bar {"}]
04-25 02:16:38.649 E/GeckoConsole( 1679): [JavaScript Warning: "Unknown pseudo-class or pseudo-element '-webkit-progress-value'.  Ruleset ignored due to bad selector." {file: "app://{2158f604-f814-404e-89ac-d4c6918aae31}/cross_browser.css" line: 210 column: 29 source: "div[role="slider"] progress::-webkit-progress-value {"}]
04-25 02:16:38.649 E/GeckoConsole( 1679): [JavaScript Warning: "Unknown property 'box-sizing'.  Declaration dropped." {file: "app://{2158f604-f814-404e-89ac-d4c6918aae31}/cross_browser.css" line: 249 column: 12 source: "  box-sizing: border-box;"}]
04-25 02:16:38.789 I/Gecko   (   84): [Parent 84] WARNING: waitpid failed pid:1671 errno:10: file ../../../gecko/ipc/chromium/src/base/process_util_posix.cc, line 254
04-25 02:16:38.789 I/Gecko   (   84): [Parent 84] WARNING: Failed to deliver SIGKILL to 1671!(3).: file ../../../gecko/ipc/chromium/src/chrome/common/process_watcher_posix_sigchld.cc, line 118
04-25 02:16:41.329 I/Gonk    (   84): Setting nice for pid 1735 to 18
04-25 02:16:41.329 I/Gonk    (   84): Changed nice for pid 1735 from 18 to 18.
04-25 02:16:41.329 I/Gecko   (   84): [Parent 84] WARNING: waitpid failed pid:1735 errno:10: file ../../../gecko/ipc/chromium/src/base/process_util_posix.cc, line 254
04-25 02:16:41.349 I/Gonk    (   84): Setting nice for pid 1735 to 1
04-25 02:16:41.349 I/Gonk    (   84): Changed nice for pid 1735 from 18 to 1.
04-25 02:16:41.369 I/Gonk    (   84): Setting nice for pid 1735 to 18
04-25 02:16:41.369 I/Gonk    (   84): Changed nice for pid 1735 from 1 to 18.
04-25 02:16:41.549 E/GeckoConsole(   84): Content JS LOG at dummy file:326 in GaiaApps.launch/appOpen/<: app with origin 'app://{2158f604-f814-404e-89ac-d4c6918aae31}' has launched
04-25 02:16:41.549 I/Gecko   (   84): 1398417401564	Marionette	INFO	sendToClient: {"from":"0","value":{"frame":{"ELEMENT":"{717c5f07-2553-4a77-96a8-c0d8de5c1a91}"},"src":"app://{2158f604-f814-404e-89ac-d4c6918aae31}/index.html","name":"AVG LinkScanner","origin":"app://{2158f604-f814-404e-89ac-d4c6918aae31}"}}, {307e6bf1-9ec2-48a5-aa2b-9b2b1b7bfe37}, {307e6bf1-9ec2-48a5-aa2b-9b2b1b7bfe37}
04-25 02:16:41.559 E/[Gralloc-ERROR](   84): int gralloc_unregister_buffer(const gralloc_module_t*, const native_handle_t*):274 Trying to unregister buffer 0x443613d0 from process 84 that was not created in current process: 84
04-25 02:16:41.559 E/[Gralloc-ERROR](   84): int gralloc_unregister_buffer(const gralloc_module_t*, const native_handle_t*):274 Trying to unregister buffer 0x4435b240 from process 84 that was not created in current process: 84
04-25 02:16:41.559 E/[Gralloc-ERROR](   84): int gralloc_unregister_buffer(const gralloc_module_t*, const native_handle_t*):274 Trying to unregister buffer 0x49d7c510 from process 84 that was not created in current process: 84
04-25 02:16:41.559 E/[Gralloc-ERROR](   84): int gralloc_unregister_buffer(const gralloc_module_t*, const native_handle_t*):274 Trying to unregister buffer 0x453f8880 from process 84 that was not created in current process: 84
04-25 02:16:41.579 I/Gecko   (   84): 1398417401594	Marionette	DEBUG	Got request: switchToFrame, data: {"to":"0","sessionId":"3-b2g","name":"switchToFrame","parameters":{"focus":true,"element":"{717c5f07-2553-4a77-96a8-c0d8de5c1a91}"}}, id: {ec509971-cf7d-4d40-a472-897a25d60f17}
04-25 02:16:41.589 I/Gecko   (   84): 1398417401603	Marionette	INFO	Switched to frame: {"frameValue":"{717c5f07-2553-4a77-96a8-c0d8de5c1a91}"}
04-25 02:16:41.589 I/Gecko   (   84): 1398417401605	Marionette	INFO	trying remote frame 0
04-25 02:16:41.599 I/Gecko   (   84): 1398417401613	Marionette	INFO	trying remote frame 1
04-25 02:16:41.599 I/Gecko   (   84): 1398417401614	Marionette	INFO	trying remote frame 2
04-25 02:16:41.599 I/Gecko   (   84): 1398417401615	Marionette	INFO	deleting frame
04-25 02:16:41.619 I/Gecko   (   84): 1398417401635	Marionette	INFO	frame-manager load script: [object ChromeMessageSender]
04-25 02:16:41.809 I/Gecko   (   84): [Parent 84] WARNING: pipe error (142): Connection reset by peer: file ../../../gecko/ipc/chromium/src/chrome/common/ipc_channel_posix.cc, line 446
04-25 02:16:41.809 I/Gecko   (   84): 
04-25 02:16:41.809 I/Gecko   (   84): ###!!! [Parent][MessageChannel] Error: Channel error: cannot send/recv
04-25 02:16:41.809 I/Gecko   (   84): 
04-25 02:16:41.899 I/Gecko   (   84): [Parent 84] WARNING: waitpid failed pid:1735 errno:10: file ../../../gecko/ipc/chromium/src/base/process_util_posix.cc, line 254
04-25 02:16:42.169 I/Gecko   (   84): 1398417402180	Marionette	INFO	sendToClient: {"from":"0","ok":true}, {ec509971-cf7d-4d40-a472-897a25d60f17}, {ec509971-cf7d-4d40-a472-897a25d60f17}
04-25 02:16:42.189 I/Gecko   (   84): 1398417402206	Marionette	INFO	sendToClient: {"from":"0","value":"app://{2158f604-f814-404e-89ac-d4c6918aae31}/index.html"}, {4ff28048-42d0-4830-929f-8916b479e11e}, {4ff28048-42d0-4830-929f-8916b479e11e}
04-25 02:16:42.199 I/Gecko   (   84): 1398417402211	Marionette	DEBUG	Got request: execute, data: {"to":"0","sessionId":"3-b2g","name":"executeScript","parameters":{"specialPowers":false,"scriptTimeout":null,"newSandbox":true,"args":[],"filename":"app_checker.py","script":"return window.document.readyState;","line":191}}, id: {ebc14b1a-5f5e-4fa2-86bf-7e993d097d02}
04-25 02:16:42.229 I/Gecko   (   84): 1398417402244	Marionette	INFO	sendToClient: {"from":"0","value":"complete"}, {ebc14b1a-5f5e-4fa2-86bf-7e993d097d02}, {ebc14b1a-5f5e-4fa2-86bf-7e993d097d02}
04-25 02:16:42.259 I/Gecko   (   84): 1398417402270	Marionette	INFO	sendToClient: {"from":"0","value":"app://{2158f604-f814-404e-89ac-d4c6918aae31}/index.html"}, {f63acfc9-bf6d-454b-b1c6-fea6b66fb4b8}, {f63acfc9-bf6d-454b-b1c6-fea6b66fb4b8}
04-25 02:16:42.269 I/Gecko   ( 1679): Attempting load of libEGL.so
04-25 02:16:42.329 D/libEGL  ( 1679): loaded /system/lib/egl/libEGL_mali.so
04-25 02:16:42.339 D/libEGL  ( 1679): loaded /system/lib/egl/libGLESv1_CM_mali.so
04-25 02:16:42.339 D/libEGL  ( 1679): loaded /system/lib/egl/libGLESv2_mali.so
04-25 02:16:42.379 I/Gecko   ( 1679): SharedSurface_Gralloc::Create -------
04-25 02:16:42.419 I/Gecko   ( 1679): SharedSurface_Gralloc::Create: success -- surface 0x442ed140, GraphicBuffer 0x442fc480.
04-25 02:16:43.429 I/Gonk    (   84): Setting nice for pid 1751 to 18
04-25 02:16:43.439 I/Gonk    (   84): Changed nice for pid 1751 from 0 to 18.
04-25 02:16:43.579 W/WifiHW  (   84): wifi_command: SIGNAL_POLL
04-25 02:16:43.689 I/Gecko   (   84): 1398417403699	Marionette	INFO	sendToClient: {"from":"0","value":"iVBORw0KGgoAAAANSUhEUgAAAUAAAAHMCAYAAACk4nEJAAAgAElEQVR4nOzdeVQUd94v/j7nPufe+Z1n7lyeSWaGqElkYhIwTgJxoXFDUBAQRNHGDYm470tETTRuCU1QcUVUwJ1N4r5EEuISjQririhuqCCLRkUEFQXh/fuju6urqmuv6kWt7znvI11dXd1A98vPd6lC4+ETBC+fMMeNn9wMVDy+gbaLF08c/fi8CRkGj45hcG7ha4gr6V/T11xxtUL4nlNSvISluRLxYE8zyzhJiTNT3MTlXTc4vesCp3dd8Be+ODkz56+mOJnzF0M0f3GC5i9/MeS/mKKBxqNjELw6khBk+9oREJSEovIAcsFoTThshpIAIIUfYxh3QobBy28gXOjwKYUW/X6loXM14aYQgny4CYbSRgg2czNECoTvmv4VAKAYBJkAZEPQQ2tlAE3A0qFVqirkRXGgbTEkQ6FANUmH1R4ISqkczTFA50WKL2WboQp0cw+SX9FJwcsYF8WrPIkVIBeIkqpEKyPICKBABN8lf+1CqQZZUeQE0LIS1PBVgh4dg+DlE2QJlbVjFwAdE0EuGB21CywEP7b96MfxDRkGD58w+QC+Lt1cuRAq1R1mwFAagh7SqkAWAHm7xSK6who6gowVoE8QPDoaQkaKftsqCFqjKnSEbrHQCknmcRy9AhR8PFM32NHiCPgpNj4ovFuszLigFQDk7QaLrAI9tL6GCpCpClSgMvSgRfFq0FEBVCAUaNhgFFhJ2q8LLBxItzYKdIPtWiHS0VIYRoefHHGTXgGydIUFAyh1QsRD60vBjgKVjyVgYkPBlBwl8ZOFowmL1xtLJdG1dSVp+Jo0G2xv/By9EpSNoZIQulmGAE3khMi7bvxVIBeAFpWgM0MlSJsUMQEoFzpRKJKwVbwSVKRCtBN8Aio6WyNoizFIi26woyIoCkQbwScZQ+
04-25 02:16:43.909 I/Gecko   (   84): [Parent 84] WARNING: waitpid failed pid:1735 errno:10: file ../../../gecko/ipc/chromium/src/base/process_util_posix.cc, line 254
04-25 02:16:43.909 I/Gecko   (   84): [Parent 84] WARNING: Failed to deliver SIGKILL to 1735!(3).: file ../../../gecko/ipc/chromium/src/chrome/common/process_watcher_posix_sigchld.cc, line 118
04-25 02:16:43.959 I/Gecko   (   84): 1398417403970	Marionette	INFO	sendToClient: {"from":"0","ok":true}, {fe5dfeab-6cd6-4492-be7d-881d0b8a1c42}, {fe5dfeab-6cd6-4492-be7d-881d0b8a1c42}
04-25 02:16:43.969 I/Gecko   (   84): 1398417403977	Marionette	DEBUG	Got request: switchToFrame, data: {"to":"0","sessionId":"3-b2g","name":"switchToFrame","parameters":{"id":null,"focus":true}}, id: {931f55e5-10af-4aed-93fa-f4e5ab9dfd71}
04-25 02:16:43.989 I/Gecko   (   84): 1398417404005	Marionette	INFO	Switched to frame: {"frameValue":null}
04-25 02:16:44.119 I/Gecko   (   84): 1398417404136	Marionette	INFO	sendToClient: {"from":"0","ok":true}, {931f55e5-10af-4aed-93fa-f4e5ab9dfd71}, {931f55e5-10af-4aed-93fa-f4e5ab9dfd71}
04-25 02:16:44.149 I/Gecko   (   84): 1398417404157	Marionette	DEBUG	Got request: executeWithCallback, data: {"to":"0","sessionId":"3-b2g","name":"executeAsyncScript","parameters":{"specialPowers":false,"scriptTimeout":null,"newSandbox":true,"args":[],"filename":"gaia_test.py","script":"return GaiaApps.displayedApp();","line":66}}, id: {591d6853-a4bb-4b6b-bfb2-584e33d5108f}
04-25 02:16:44.359 E/GeckoConsole(   84): Content JS LOG at dummy file:392 in GaiaApps.displayedApp: app with origin 'app://{2158f604-f814-404e-89ac-d4c6918aae31}' is displayed
04-25 02:16:44.369 I/Gecko   (   84): 1398417404378	Marionette	INFO	sendToClient: {"from":"0","value":{"frame":{"ELEMENT":"{717c5f07-2553-4a77-96a8-c0d8de5c1a91}"},"src":"app://{2158f604-f814-404e-89ac-d4c6918aae31}/index.html","name":"AVG LinkScanner","origin":"app://{2158f604-f814-404e-89ac-d4c6918aae31}"}}, {591d6853-a4bb-4b6b-bfb2-584e33d5108f}, {591d6853-a4bb-4b6b-bfb2-584e33d5108f}
04-25 02:16:44.409 I/Gecko   (   84): 1398417404422	Marionette	DEBUG	Got request: switchToFrame, data: {"to":"0","sessionId":"3-b2g","name":"switchToFrame","parameters":{"id":null,"focus":true}}, id: {bbc9a8a8-ce2a-4811-8716-69e1369ae2b6}
04-25 02:16:44.419 I/Gecko   (   84): 1398417404429	Marionette	INFO	Switched to frame: {"frameValue":null}
04-25 02:16:44.589 I/Gecko   (   84): 1398417404600	Marionette	INFO	sendToClient: {"from":"0","ok":true}, {bbc9a8a8-ce2a-4811-8716-69e1369ae2b6}, {bbc9a8a8-ce2a-4811-8716-69e1369ae2b6}
04-25 02:16:44.589 I/Gecko   (   84): 1398417404607	Marionette	DEBUG	Got request: execute, data: {"to":"0","sessionId":"3-b2g","name":"executeScript","parameters":{"specialPowers":false,"scriptTimeout":null,"newSandbox":true,"args":[],"filename":"gaia_test.py","script":"window.wrappedJSObject.dispatchEvent(new Event('home'));","line":788}}, id: {600b269b-9ecd-43f2-81e7-0945edaa1963}
04-25 02:16:44.679 I/Gonk    (   84): Setting nice for pid 1751 to 18
04-25 02:16:44.679 I/Gonk    (   84): Changed nice for pid 1751 from 18 to 18.
04-25 02:16:44.679 I/Gecko   (   84): [Parent 84] WARNING: waitpid failed pid:1751 errno:10: file ../../../gecko/ipc/chromium/src/base/process_util_posix.cc, line 254
04-25 02:16:44.689 I/Gonk    (   84): Setting nice for pid 1751 to 1
04-25 02:16:44.689 I/Gonk    (   84): Changed nice for pid 1751 from 18 to 1.
04-25 02:16:44.729 D/Sensors (   84): activate handle=0; drv=0
04-25 02:16:44.739 D/Sensors (   84): Lis3dhSensor: Control set 0
04-25 02:16:44.739 D/Sensors (   84): Lis3dhSensor: mEnabled = 0
04-25 02:16:44.769 I/Gecko   (   84): 1398417404780	Marionette	INFO	sendToClient: {"from":"0","value":null}, {600b269b-9ecd-43f2-81e7-0945edaa1963}, {600b269b-9ecd-43f2-81e7-0945edaa1963}
04-25 02:16:44.819 I/Gecko   (   84): 1398417404829	Marionette	DEBUG	Got request: switchToFrame, data: {"to":"0","sessionId":"3-b2g","name":"switchToFrame","parameters":{"id":null,"focus":true}}, id: {de00c66f-1beb-4cc2-961f-5d711e801e82}
04-25 02:16:44.819 I/Gecko   (   84): 1398417404835	Marionette	INFO	Switched to frame: {"frameValue":null}
04-25 02:16:44.939 I/Gecko   (   84): 1398417404949	Marionette	INFO	sendToClient: {"from":"0","ok":true}, {de00c66f-1beb-4cc2-961f-5d711e801e82}, {de00c66f-1beb-4cc2-961f-5d711e801e82}
04-25 02:16:44.959 I/Gecko   (   84): 1398417404969	Marionette	DEBUG	Got request: executeWithCallback, data: {"to":"0","sessionId":"3-b2g","name":"executeAsyncScript","parameters":{"specialPowers":false,"scriptTimeout":null,"newSandbox":true,"args":[],"filename":"gaia_test.py","script":"return GaiaApps.displayedApp();","line":66}}, id: {41c975b5-74d8-44c1-8a80-057a97cb580c}
04-25 02:16:45.019 I/Gecko   (   84): 1398417405027	Marionette	INFO	sendToClient: {"from":"0","value":{"frame":{"ELEMENT":"{66fd8f3e-736d-49a3-9556-083398867a4d}"},"src":"app://homescreen.gaiamobile.org/index.html#root","name":"Homescreen","origin":"app://homescreen.gaiamobile.org"}}, {41c975b5-74d8-44c1-8a80-057a97cb580c}, {41c975b5-74d8-44c1-8a80-057a97cb580c}
04-25 02:16:45.019 E/GeckoConsole(   84): Content JS LOG at dummy file:392 in GaiaApps.displayedApp: app with origin 'app://homescreen.gaiamobile.org' is displayed
04-25 02:16:45.029 I/Gecko   (   84): 1398417405039	Marionette	DEBUG	Got request: switchToFrame, data: {"to":"0","sessionId":"3-b2g","name":"switchToFrame","parameters":{"id":null,"focus":true}}, id: {5f231b22-2ad6-4ece-944d-008beddefb48}
04-25 02:16:45.029 I/Gecko   (   84): 1398417405041	Marionette	INFO	Switched to frame: {"frameValue":null}
04-25 02:16:45.139 I/Gecko   (   84): 1398417405149	Marionette	INFO	sendToClient: {"from":"0","ok":true}, {5f231b22-2ad6-4ece-944d-008beddefb48}, {5f231b22-2ad6-4ece-944d-008beddefb48}
04-25 02:16:45.139 I/Gecko   (   84): 1398417405156	Marionette	DEBUG	Got request: switchToFrame, data: {"to":"0","sessionId":"3-b2g","name":"switchToFrame","parameters":{"id":null,"focus":true}}, id: {46677f01-b1f5-42ca-a330-198cd07bd85d}
04-25 02:16:45.169 I/Gecko   (   84): 1398417405177	Marionette	INFO	Switched to frame: {"frameValue":null}
04-25 02:16:45.269 I/Gecko   (   84): 1398417405280	Marionette	INFO	sendToClient: {"from":"0","ok":true}, {46677f01-b1f5-42ca-a330-198cd07bd85d}, {46677f01-b1f5-42ca-a330-198cd07bd85d}
04-25 02:16:45.269 I/Gecko   (   84): 1398417405286	Marionette	DEBUG	Got request: executeWithCallback, data: {"to":"0","sessionId":"3-b2g","name":"executeAsyncScript","parameters":{"specialPowers":false,"scriptTimeout":null,"newSandbox":true,"args":[],"filename":"gaia_test.py","script":"return GaiaApps.displayedApp();","line":66}}, id: {95ec3a8b-96ee-42d4-85b3-e361f342a4c1}
04-25 02:16:45.319 I/Gecko   (   84): 1398417405333	Marionette	INFO	sendToClient: {"from":"0","value":{"frame":{"ELEMENT":"{66fd8f3e-736d-49a3-9556-083398867a4d}"},"src":"app://homescreen.gaiamobile.org/index.html#root","name":"Homescreen","origin":"app://homescreen.gaiamobile.org"}}, {95ec3a8b-96ee-42d4-85b3-e361f342a4c1}, {95ec3a8b-96ee-42d4-85b3-e361f342a4c1}
04-25 02:16:45.379 E/GeckoConsole(   84): Content JS LOG at dummy file:392 in GaiaApps.displayedApp: app with origin 'app://homescreen.gaiamobile.org' is displayed
04-25 02:16:45.379 I/Gecko   (   84): 1398417405394	Marionette	DEBUG	Got request: switchToFrame, data: {"to":"0","sessionId":"3-b2g","name":"switchToFrame","parameters":{"focus":true,"element":"{66fd8f3e-736d-49a3-9556-083398867a4d}"}}, id: {6da1493d-664d-4fb7-81d8-f01a305ce0b1}
04-25 02:16:45.399 I/Gecko   (   84): 1398417405416	Marionette	INFO	Switched to frame: {"frameValue":"{66fd8f3e-736d-49a3-9556-083398867a4d}"}
04-25 02:16:45.409 I/Gecko   (   84): 1398417405419	Marionette	INFO	trying remote frame 0
04-25 02:16:45.419 I/Gecko   (   84): 1398417405434	Marionette	INFO	trying remote frame 1
04-25 02:16:45.419 I/Gecko   (   84): 1398417405436	Marionette	INFO	trying remote frame 2
04-25 02:16:45.429 I/Gecko   (   84): 1398417405437	Marionette	INFO	deleting frame
04-25 02:16:45.429 I/Gecko   (   84): 1398417405442	Marionette	INFO	frame-manager load script: [object ChromeMessageSender]
04-25 02:16:46.019 E/[Gralloc-ERROR](   84): int gralloc_register_buffer(const gralloc_module_t*, const native_handle_t*):79 Unable to register handle 0x453f0470 coming from different process: 84
04-25 02:16:46.019 E/[Gralloc-ERROR](   84): int gralloc_register_buffer(const gralloc_module_t*, const native_handle_t*):79 Unable to register handle 0x453f0510 coming from different process: 84
04-25 02:16:46.279 E/[Gralloc-ERROR](   84): int gralloc_unregister_buffer(const gralloc_module_t*, const native_handle_t*):274 Trying to unregister buffer 0x453f0510 from process 84 that was not created in current process: 84
04-25 02:16:46.279 E/[Gralloc-ERROR](   84): int gralloc_unregister_buffer(const gralloc_module_t*, const native_handle_t*):274 Trying to unregister buffer 0x453f0470 from process 84 that was not created in current process: 84
04-25 02:16:46.649 I/Gonk    (   84): Setting nice for pid 1679 to 18
04-25 02:16:46.649 I/Gonk    (   84): Changed nice for pid 1679 from 1 to 18.
04-25 02:16:47.039 I/Gecko   ( 1751): ###################################### forms.js loaded
04-25 02:16:47.079 I/Gecko   ( 1751): ############################### browserElementPanning.js loaded
04-25 02:16:47.129 I/Gecko   ( 1751): ######################## BrowserElementChildPreload.js loaded
04-25 02:16:47.539 I/Gecko   (   84): 
04-25 02:16:47.539 I/Gecko   (   84): ###!!! [Parent][MessageChannel] Error: Channel error: cannot send/recv
04-25 02:16:47.539 I/Gecko   (   84): 
04-25 02:16:47.749 I/Gecko   (   84): [Parent 84] WARNING: waitpid failed pid:1679 errno:10: file ../../../gecko/ipc/chromium/src/base/process_util_posix.cc, line 254
04-25 02:16:48.279 I/Gecko   (   84): 1398417408289	Marionette	INFO	sendToClient: {"from":"0","ok":true}, {6da1493d-664d-4fb7-81d8-f01a305ce0b1}, {6da1493d-664d-4fb7-81d8-f01a305ce0b1}
04-25 02:16:48.539 W/WifiHW  (   84): wifi_command: SIGNAL_POLL
04-25 02:16:48.599 I/Gecko   (   84): 1398417408609	Marionette	INFO	sendToClient: {"from":"0","value":"app://homescreen.gaiamobile.org/index.html#root"}, {fc65bd7a-89d0-44e1-b490-9212d6e9fc8d}, {fc65bd7a-89d0-44e1-b490-9212d6e9fc8d}
04-25 02:16:48.609 I/Gecko   (   84): 1398417408624	Marionette	DEBUG	Got request: switchToFrame, data: {"to":"0","sessionId":"3-b2g","name":"switchToFrame","parameters":{"id":null,"focus":true}}, id: {dfb79351-9971-4bcd-b169-7f58d8efe3a1}
04-25 02:16:48.629 I/Gecko   (   84): 1398417408646	Marionette	INFO	Switched to frame: {"frameValue":null}
04-25 02:16:48.749 I/Gecko   (   84): 1398417408761	Marionette	INFO	sendToClient: {"from":"0","ok":true}, {dfb79351-9971-4bcd-b169-7f58d8efe3a1}, {dfb79351-9971-4bcd-b169-7f58d8efe3a1}
04-25 02:16:48.749 I/Gecko   (   84): 1398417408767	Marionette	DEBUG	Got request: switchToFrame, data: {"to":"0","sessionId":"3-b2g","name":"switchToFrame","parameters":{"id":null,"focus":true}}, id: {081b872c-ca83-44ee-bfea-cc2d24a16376}
04-25 02:16:48.759 I/Gecko   (   84): 1398417408769	Marionette	INFO	Switched to frame: {"frameValue":null}
04-25 02:16:48.869 I/Gecko   (   84): 1398417408879	Marionette	INFO	sendToClient: {"from":"0","ok":true}, {081b872c-ca83-44ee-bfea-cc2d24a16376}, {081b872c-ca83-44ee-bfea-cc2d24a16376}
04-25 02:16:48.869 I/Gecko   (   84): 1398417408885	Marionette	DEBUG	Got request: executeWithCallback, data: {"to":"0","sessionId":"3-b2g","name":"executeAsyncScript","parameters":{"specialPowers":false,"scriptTimeout":null,"newSandbox":true,"args":[],"filename":"gaia_test.py","script":"GaiaApps.killAll()","line":91}}, id: {5eeb68b4-2338-43d8-82ad-70558bf270be}
04-25 02:16:48.929 I/Gecko   (   84): 1398417408939	Marionette	INFO	sendToClient: {"from":"0","value":true}, {5eeb68b4-2338-43d8-82ad-70558bf270be}, {5eeb68b4-2338-43d8-82ad-70558bf270be}
04-25 02:16:48.939 I/Gecko   (   84): 1398417408952	Marionette	DEBUG	Got request: switchToFrame, data: {"to":"0","sessionId":"3-b2g","name":"switchToFrame","parameters":{"id":null,"focus":true}}, id: {e4d02695-c290-46ae-bb5f-ce9016615e48}
04-25 02:16:48.939 I/Gecko   (   84): 1398417408954	Marionette	INFO	Switched to frame: {"frameValue":null}
04-25 02:16:49.049 I/Gecko   (   84): 1398417409063	Marionette	INFO	sendToClient: {"from":"0","ok":true}, {e4d02695-c290-46ae-bb5f-ce9016615e48}, {e4d02695-c290-46ae-bb5f-ce9016615e48}
04-25 02:16:49.059 I/Gecko   (   84): 1398417409074	Marionette	DEBUG	Got request: executeWithCallback, data: {"to":"0","sessionId":"3-b2g","name":"executeAsyncScript","parameters":{"specialPowers":false,"scriptTimeout":60000,"newSandbox":true,"args":[],"filename":"app_checker.py","script":"\n        GaiaApps.locateWithManifestURL('https://marketplace.firefox.com/app/12fc77c0-dd96-4117-8d0e-0b60610f0131/manifest.webapp',\n                                       null,\n                                       function uninstall(app) {\n                                       navigator.mozApps.mgmt.uninstall(app);\n                                       marionetteScriptFinished(true);\n                                       });\n        ","line":129}}, id: {20cce86f-e8bf-45b5-95e4-af15ea0e1edb}
04-25 02:16:49.099 I/Gecko   (   84): -- webapps.js uninstall https://marketplace.firefox.com/app/12fc77c0-dd96-4117-8d0e-0b60610f0131/manifest.webapp
04-25 02:16:49.349 I/Gecko   (   84): 1398417409360	Marionette	INFO	sendToClient: {"from":"0","value":true}, {20cce86f-e8bf-45b5-95e4-af15ea0e1edb}, {20cce86f-e8bf-45b5-95e4-af15ea0e1edb}
04-25 02:16:49.749 I/Gecko   (   84): [Parent 84] WARNING: waitpid failed pid:1679 errno:10: file ../../../gecko/ipc/chromium/src/base/process_util_posix.cc, line 254
04-25 02:16:49.749 I/Gecko   (   84): [Parent 84] WARNING: Failed to deliver SIGKILL to 1679!(3).: file ../../../gecko/ipc/chromium/src/chrome/common/process_watcher_posix_sigchld.cc, line 118