--------- beginning of /dev/log/main
04-25 23:17:57.310 I/Gecko   (   84): 1398493077316	Marionette	INFO	sendToClient: {"from":"0","ok":true}, {5a05c294-192c-419f-a205-a7bac4c5e079}, {5a05c294-192c-419f-a205-a7bac4c5e079}
04-25 23:17:57.370 I/Gecko   (   84): 1398493077378	Marionette	DEBUG	Got request: switchToFrame, data: {"to":"0","sessionId":"3-b2g","name":"switchToFrame","parameters":{"id":null,"focus":true}}, id: {28b4da1b-e1a4-4889-9509-3a333a57f2e2}
04-25 23:17:57.380 I/Gecko   (   84): 1398493077384	Marionette	INFO	Switched to frame: {"frameValue":null}
04-25 23:17:57.470 E/GeckoConsole( 2197): Content JS ERROR at app://homescreen.gaiamobile.org/gaia_build_defer_index.js:390 in loadSVConfFileError: Failed parsing singleVariant configuration file [js/singlevariantconf.json]:  [Exception... "File error: Not found"  nsresult: "0x80520012 (NS_ERROR_FILE_NOT_FOUND)"  location: "JS frame :: app://homescreen.gaiamobile.org/gaia_build_defer_index.js :: loadFile :: line 382"  data: no]
04-25 23:17:57.480 I/Gecko   (   84): 1398493077487	Marionette	INFO	sendToClient: {"from":"0","ok":true}, {28b4da1b-e1a4-4889-9509-3a333a57f2e2}, {28b4da1b-e1a4-4889-9509-3a333a57f2e2}
04-25 23:17:57.490 I/Gecko   (   84): 1398493077494	Marionette	DEBUG	Got request: executeWithCallback, data: {"to":"0","sessionId":"3-b2g","name":"executeAsyncScript","parameters":{"specialPowers":false,"scriptTimeout":null,"newSandbox":true,"args":[],"filename":"gaia_test.py","script":"return GaiaApps.displayedApp();","line":66}}, id: {6e5ca5e8-e5d4-4e25-8708-7ce220bbb142}
04-25 23:17:57.580 I/Gecko   (   84): 1398493077585	Marionette	INFO	sendToClient: {"from":"0","value":{"frame":{"ELEMENT":"{71fcb036-9f97-4ef3-8d26-abc1102c083a}"},"src":"app://homescreen.gaiamobile.org/index.html#root","name":"Homescreen","origin":"app://homescreen.gaiamobile.org"}}, {6e5ca5e8-e5d4-4e25-8708-7ce220bbb142}, {6e5ca5e8-e5d4-4e25-8708-7ce220bbb142}
04-25 23:17:57.580 E/GeckoConsole(   84): Content JS LOG at dummy file:392 in GaiaApps.displayedApp: app with origin 'app://homescreen.gaiamobile.org' is displayed
04-25 23:17:57.590 I/Gecko   (   84): 1398493077598	Marionette	DEBUG	Got request: switchToFrame, data: {"to":"0","sessionId":"3-b2g","name":"switchToFrame","parameters":{"id":null,"focus":true}}, id: {f2b03f1f-2e7a-4fcd-8bd1-7537e772f098}
04-25 23:17:57.590 I/Gecko   (   84): 1398493077600	Marionette	INFO	Switched to frame: {"frameValue":null}
04-25 23:17:57.690 I/Gecko   (   84): 1398493077702	Marionette	INFO	sendToClient: {"from":"0","ok":true}, {f2b03f1f-2e7a-4fcd-8bd1-7537e772f098}, {f2b03f1f-2e7a-4fcd-8bd1-7537e772f098}
04-25 23:17:57.700 I/Gecko   (   84): 1398493077710	Marionette	DEBUG	Got request: switchToFrame, data: {"to":"0","sessionId":"3-b2g","name":"switchToFrame","parameters":{"id":null,"focus":true}}, id: {85b8742b-65c8-4c1a-a0d9-71307ff130b4}
04-25 23:17:57.710 I/Gecko   (   84): 1398493077714	Marionette	INFO	Switched to frame: {"frameValue":null}
04-25 23:17:57.810 I/Gecko   (   84): 1398493077816	Marionette	INFO	sendToClient: {"from":"0","ok":true}, {85b8742b-65c8-4c1a-a0d9-71307ff130b4}, {85b8742b-65c8-4c1a-a0d9-71307ff130b4}
04-25 23:17:57.810 I/Gecko   (   84): 1398493077822	Marionette	DEBUG	Got request: executeWithCallback, data: {"to":"0","sessionId":"3-b2g","name":"executeAsyncScript","parameters":{"specialPowers":false,"scriptTimeout":null,"newSandbox":true,"args":[],"filename":"gaia_test.py","script":"return GaiaApps.displayedApp();","line":66}}, id: {2fc1331d-09c4-43e7-b24f-894cd4f07566}
04-25 23:17:57.870 I/Gecko   (   84): 1398493077879	Marionette	INFO	sendToClient: {"from":"0","value":{"frame":{"ELEMENT":"{71fcb036-9f97-4ef3-8d26-abc1102c083a}"},"src":"app://homescreen.gaiamobile.org/index.html#root","name":"Homescreen","origin":"app://homescreen.gaiamobile.org"}}, {2fc1331d-09c4-43e7-b24f-894cd4f07566}, {2fc1331d-09c4-43e7-b24f-894cd4f07566}
04-25 23:17:57.880 I/Gecko   (   84): 1398493077884	Marionette	DEBUG	Got request: switchToFrame, data: {"to":"0","sessionId":"3-b2g","name":"switchToFrame","parameters":{"focus":true,"element":"{71fcb036-9f97-4ef3-8d26-abc1102c083a}"}}, id: {da83538c-fd61-45d2-834b-97db760c69e1}
04-25 23:17:57.890 I/Gecko   (   84): 1398493077896	Marionette	INFO	Switched to frame: {"frameValue":"{71fcb036-9f97-4ef3-8d26-abc1102c083a}"}
04-25 23:17:57.890 E/GeckoConsole(   84): Content JS LOG at dummy file:392 in GaiaApps.displayedApp: app with origin 'app://homescreen.gaiamobile.org' is displayed
04-25 23:17:57.900 I/Gecko   (   84): 1398493077904	Marionette	INFO	trying remote frame 0
04-25 23:17:57.900 I/Gecko   (   84): 1398493077905	Marionette	INFO	trying remote frame 1
04-25 23:17:57.900 I/Gecko   (   84): 1398493077906	Marionette	INFO	trying remote frame 2
04-25 23:17:57.900 I/Gecko   (   84): 1398493077907	Marionette	INFO	trying remote frame 3
04-25 23:17:57.900 I/Gecko   (   84): 1398493077908	Marionette	INFO	deleting frame
04-25 23:17:57.910 I/Gecko   (   84): 1398493077919	Marionette	INFO	frame-manager load script: [object ChromeMessageSender]
04-25 23:17:58.070 W/WifiHW  (   84): wifi_command: SIGNAL_POLL
04-25 23:17:58.480 I/Gecko   (   84): 1398493078492	Marionette	INFO	sendToClient: {"from":"0","ok":true}, {da83538c-fd61-45d2-834b-97db760c69e1}, {da83538c-fd61-45d2-834b-97db760c69e1}
04-25 23:17:58.600 I/Gecko   (   84): 1398493078612	Marionette	INFO	sendToClient: {"from":"0","value":{"ELEMENT":"{57e66464-60df-4ff9-b226-e5bbe536592f}"}}, {f5e24f8e-e85b-4637-bcb7-e6ea90445266}, {f5e24f8e-e85b-4637-bcb7-e6ea90445266}
04-25 23:17:58.860 E/GeckoConsole( 2197): [JavaScript Warning: "Use of getAttributeNode() is deprecated. Use getAttribute() instead." {file: "chrome://marionette/content/atoms.js" line: 25}]
04-25 23:17:58.870 E/GeckoConsole( 2197): [JavaScript Warning: "Use of attributes' specified attribute is deprecated. It always returns true." {file: "chrome://marionette/content/atoms.js" line: 25}]
04-25 23:17:58.870 I/Gecko   (   84): 1398493078878	Marionette	INFO	sendToClient: {"from":"0","value":"normal"}, {033d3963-1e93-4a61-ae33-d617f5bed43d}, {033d3963-1e93-4a61-ae33-d617f5bed43d}
04-25 23:17:58.880 I/Gecko   (   84): 1398493078884	Marionette	DEBUG	Got request: switchToFrame, data: {"to":"0","sessionId":"3-b2g","name":"switchToFrame","parameters":{"id":null,"focus":true}}, id: {21e11005-7ba5-49fb-b9e6-ccd9b123a46f}
04-25 23:17:58.890 I/Gecko   (   84): 1398493078894	Marionette	INFO	Switched to frame: {"frameValue":null}
04-25 23:17:59.000 I/Gecko   (   84): 1398493079006	Marionette	INFO	sendToClient: {"from":"0","ok":true}, {21e11005-7ba5-49fb-b9e6-ccd9b123a46f}, {21e11005-7ba5-49fb-b9e6-ccd9b123a46f}
04-25 23:17:59.000 I/Gecko   (   84): 1398493079012	Marionette	DEBUG	Got request: execute, data: {"to":"0","sessionId":"3-b2g","name":"executeScript","parameters":{"specialPowers":false,"scriptTimeout":null,"newSandbox":true,"args":[],"filename":"gaia_test.py","script":"window.wrappedJSObject.dispatchEvent(new Event('home'));","line":788}}, id: {ca167f87-b659-40b2-839f-b37b471e732c}
04-25 23:17:59.080 I/Gecko   (   84): 1398493079089	Marionette	INFO	sendToClient: {"from":"0","value":null}, {ca167f87-b659-40b2-839f-b37b471e732c}, {ca167f87-b659-40b2-839f-b37b471e732c}
04-25 23:17:59.090 I/Gecko   (   84): 1398493079101	Marionette	DEBUG	Got request: switchToFrame, data: {"to":"0","sessionId":"3-b2g","name":"switchToFrame","parameters":{"id":null,"focus":true}}, id: {e1ac4091-c052-40e1-b323-9c089b937b34}
04-25 23:17:59.100 I/Gecko   (   84): 1398493079104	Marionette	INFO	Switched to frame: {"frameValue":null}
04-25 23:17:59.210 I/Gecko   (   84): 1398493079214	Marionette	INFO	sendToClient: {"from":"0","ok":true}, {e1ac4091-c052-40e1-b323-9c089b937b34}, {e1ac4091-c052-40e1-b323-9c089b937b34}
04-25 23:17:59.210 I/Gecko   (   84): 1398493079220	Marionette	DEBUG	Got request: switchToFrame, data: {"to":"0","sessionId":"3-b2g","name":"switchToFrame","parameters":{"id":null,"focus":true}}, id: {a8b9d755-057c-4ef8-a055-70f9a2719301}
04-25 23:17:59.210 I/Gecko   (   84): 1398493079221	Marionette	INFO	Switched to frame: {"frameValue":null}
04-25 23:17:59.320 I/Gecko   (   84): 1398493079324	Marionette	INFO	sendToClient: {"from":"0","ok":true}, {a8b9d755-057c-4ef8-a055-70f9a2719301}, {a8b9d755-057c-4ef8-a055-70f9a2719301}
04-25 23:17:59.380 I/Gecko   (   84): 1398493079391	Marionette	DEBUG	Got request: executeWithCallback, data: {"to":"0","sessionId":"3-b2g","name":"executeAsyncScript","parameters":{"specialPowers":false,"scriptTimeout":null,"newSandbox":true,"args":[],"filename":"gaia_test.py","script":"return GaiaApps.displayedApp();","line":66}}, id: {be40fc4e-2777-4f82-8798-8b81172fecb9}
04-25 23:17:59.430 I/Gecko   (   84): 1398493079442	Marionette	INFO	sendToClient: {"from":"0","value":{"frame":{"ELEMENT":"{71fcb036-9f97-4ef3-8d26-abc1102c083a}"},"src":"app://homescreen.gaiamobile.org/index.html#rootFri%20Apr%2025%202014%2023:17:59%20GMT-0700%20(UTC)","name":"Homescreen","origin":"app://homescreen.gaiamobile.org"}}, {be40fc4e-2777-4f82-8798-8b81172fecb9}, {be40fc4e-2777-4f82-8798-8b81172fecb9}
04-25 23:17:59.460 E/GeckoConsole(   84): Content JS LOG at dummy file:392 in GaiaApps.displayedApp: app with origin 'app://homescreen.gaiamobile.org' is displayed
04-25 23:17:59.480 I/Gecko   (   84): 1398493079488	Marionette	DEBUG	Got request: switchToFrame, data: {"to":"0","sessionId":"3-b2g","name":"switchToFrame","parameters":{"focus":true,"element":"{71fcb036-9f97-4ef3-8d26-abc1102c083a}"}}, id: {81fd68aa-997d-494a-8265-05483826eb13}
04-25 23:17:59.500 I/Gecko   (   84): 1398493079512	Marionette	INFO	Switched to frame: {"frameValue":"{71fcb036-9f97-4ef3-8d26-abc1102c083a}"}
04-25 23:17:59.510 I/Gecko   (   84): 1398493079514	Marionette	INFO	trying remote frame 0
04-25 23:17:59.510 I/Gecko   (   84): 1398493079516	Marionette	INFO	trying remote frame 1
04-25 23:17:59.510 I/Gecko   (   84): 1398493079518	Marionette	INFO	trying remote frame 2
04-25 23:17:59.510 I/Gecko   (   84): 1398493079520	Marionette	INFO	trying remote frame 3
04-25 23:17:59.620 I/Gecko   (   84): 1398493079631	Marionette	INFO	sendToClient: {"from":"0","ok":true}, {81fd68aa-997d-494a-8265-05483826eb13}, {81fd68aa-997d-494a-8265-05483826eb13}
04-25 23:17:59.630 I/Gecko   (   84): 1398493079638	Marionette	DEBUG	Got request: execute, data: {"to":"0","sessionId":"3-b2g","name":"executeScript","parameters":{"specialPowers":false,"scriptTimeout":null,"newSandbox":true,"args":[],"filename":"gaia_test.py","script":"return window.wrappedJSObject.GridManager.pageHelper.getCurrentPageNumber();","line":784}}, id: {edc0d2e5-ec6e-4db9-8801-effe866d11b9}
04-25 23:17:59.670 I/Gecko   (   84): 1398493079676	Marionette	INFO	sendToClient: {"from":"0","value":0}, {edc0d2e5-ec6e-4db9-8801-effe866d11b9}, {edc0d2e5-ec6e-4db9-8801-effe866d11b9}
04-25 23:17:59.730 I/Gecko   (   84): 1398493079735	Marionette	INFO	sendToClient: {"from":"0","value":["{d47d537f-99ce-48a5-84c3-b7711f57e9bc}","{880c16d0-4a51-4a5b-8772-53a6629f7a25}","{3f81b36b-2c1a-4523-95cc-185050b89d96}","{798444d7-341e-43b5-b4d4-2c97777935e2}","{a7f1e168-eb86-4b2c-8314-7a71645de972}","{ef41e9f8-f406-491a-adac-cfac29d3d4b4}","{accc61c3-41e8-48ce-8d21-62d3e1101571}","{1ba0eb45-365c-465f-b815-7593ec2285be}","{45e587d9-d13e-4ee8-8b46-371bf5b340d8}","{e5677389-364e-415b-ad1a-355810eacda1}","{b9003b75-7e1f-4efd-b7c3-90068f6ec320}","{462ec9c8-b441-4801-89a9-cdf008d7a5b4}","{765b7abd-4e99-4998-98fe-bdb308c1e9bb}","{6524bc74-f1c1-4080-b4bf-193062e841f4}","{159e1a3a-f03a-464c-bc88-b6ea7feb125a}","{1739d78e-6c0d-489e-b40b-a3cf37b88ec3}","{750d6f28-23f6-48ac-8ef5-1b999f40e33d}","{7ad25a96-133a-4651-a061-8f506abf8e1a}","{35e04424-f145-41ec-badf-9a94418d655a}","{d7b53609-a49f-4794-863d-3ba537e8be6c}","{a1e14ac5-1e4f-4107-9203-f23058a3e764}","{fb900451-e256-4860-92c4-ea816bc858f1}","{3c327019-61f1-4b47-97ed-b05b694a00bb}","{fde03596-558a
04-25 23:17:59.760 I/Gecko   (   84): 1398493079766	Marionette	INFO	sendToClient: {"from":"0","value":"app://homescreen.gaiamobile.org/index.html#rootFri%20Apr%2025%202014%2023:17:59%20GMT-0700%20(UTC)"}, {2daea52a-5a19-4720-815d-b8865cf2fd70}, {2daea52a-5a19-4720-815d-b8865cf2fd70}
04-25 23:17:59.760 I/Gecko   (   84): 1398493079772	Marionette	DEBUG	Got request: switchToFrame, data: {"to":"0","sessionId":"3-b2g","name":"switchToFrame","parameters":{"id":null,"focus":true}}, id: {6642a7c3-4c7c-43f3-8652-8618dad494fb}
04-25 23:17:59.970 I/Gecko   (   84): 1398493079974	Marionette	INFO	Switched to frame: {"frameValue":null}
04-25 23:18:00.210 I/Gecko   (   84): 1398493080217	Marionette	INFO	sendToClient: {"from":"0","ok":true}, {6642a7c3-4c7c-43f3-8652-8618dad494fb}, {6642a7c3-4c7c-43f3-8652-8618dad494fb}
04-25 23:18:00.250 I/Gecko   (   84): 1398493080256	Marionette	DEBUG	Got request: switchToFrame, data: {"to":"0","sessionId":"3-b2g","name":"switchToFrame","parameters":{"id":null,"focus":true}}, id: {6ebd2cb6-4305-4cac-9137-78402ba1783f}
04-25 23:18:00.250 V/AudioPolicyManagerBase(   91): startOutput() output 1, stream 1, session 7
04-25 23:18:00.250 V/AudioPolicyManagerBase(   91): changeRefCount() stream 1, count 1
04-25 23:18:00.250 V/AudioPolicyManagerBase(   91): getDeviceForStrategy() from cache strategy 0, device 2
04-25 23:18:00.250 V/AudioPolicyManagerBase(   91): getNewDevice() selected device 2
04-25 23:18:00.250 D/AudioPolicyManagerBase(   91): setOutputDevice() output 1 device 2 delayMs 0
04-25 23:18:00.250 V/AudioPolicyManagerBase(   91): setOutputDevice() setting same device 2 or null device for output 1
04-25 23:18:00.250 E/AudioPolicyManagerBase(   91): checkAndSetVolume stream=1, index=0, output=1, device=2
04-25 23:18:00.250 E/AudioPolicyManagerBase(   91): computeVolume, streamDesc=0x13eebb8
04-25 23:18:00.270 I/Gecko   (   84): 1398493080275	Marionette	INFO	Switched to frame: {"frameValue":null}
04-25 23:18:00.280 W/AudioFlinger(   91): Thread AudioOut_1 cannot connect to the power manager service
04-25 23:18:00.280 V/AudioPolicyManagerBase(   91): stopOutput() output 1, stream 1, session 7
04-25 23:18:00.280 V/AudioPolicyManagerBase(   91): changeRefCount() stream 1, count 0
04-25 23:18:00.280 V/AudioPolicyManagerBase(   91): getNewDevice() selected device 0
04-25 23:18:00.280 D/AudioPolicyManagerBase(   91): setOutputDevice() output 1 device 0 delayMs 290
04-25 23:18:00.280 V/AudioPolicyManagerBase(   91): setOutputDevice() setting same device 0 or null device for output 1
04-25 23:18:00.280 V/AudioPolicyManagerBase(   91): releaseOutput() 1
04-25 23:18:00.380 I/Gecko   (   84): 1398493080385	Marionette	INFO	sendToClient: {"from":"0","ok":true}, {6ebd2cb6-4305-4cac-9137-78402ba1783f}, {6ebd2cb6-4305-4cac-9137-78402ba1783f}
04-25 23:18:00.380 I/Gecko   (   84): 1398493080391	Marionette	DEBUG	Got request: executeWithCallback, data: {"to":"0","sessionId":"3-b2g","name":"executeAsyncScript","parameters":{"specialPowers":false,"scriptTimeout":30000,"newSandbox":true,"args":[],"filename":"app_checker.py","script":"GaiaApps.launchWithManifestURL('https://marketplace.firefox.com/app/7017fee8-fcca-4dc7-ac39-71ddc8032c96/manifest.webapp')","line":106}}, id: {627b332c-e931-4ffb-9f63-24704421f5fc}
04-25 23:18:00.580 I/Gonk    (   84): Setting nice for pid 2205 to 18
04-25 23:18:00.580 I/Gonk    (   84): Changed nice for pid 2205 from 18 to 18.
04-25 23:18:00.580 I/Gecko   (   84): [Parent 84] WARNING: waitpid failed pid:2205 errno:10: file ../../../gecko/ipc/chromium/src/base/process_util_posix.cc, line 254
04-25 23:18:00.600 I/Gonk    (   84): Setting nice for pid 2205 to 1
04-25 23:18:00.600 I/Gonk    (   84): Changed nice for pid 2205 from 18 to 1.
04-25 23:18:00.660 E/GeckoConsole(   84): Content JS LOG at dummy file:334 in GaiaApps.launch: launching app with name 'Lyrics'
04-25 23:18:00.870 E/[Gralloc-ERROR](   84): int gralloc_register_buffer(const gralloc_module_t*, const native_handle_t*):79 Unable to register handle 0x49ffa100 coming from different process: 84
04-25 23:18:00.870 E/[Gralloc-ERROR](   84): int gralloc_register_buffer(const gralloc_module_t*, const native_handle_t*):79 Unable to register handle 0x49ffa1a0 coming from different process: 84
04-25 23:18:00.900 E/[Gralloc-ERROR](   84): int gralloc_register_buffer(const gralloc_module_t*, const native_handle_t*):79 Unable to register handle 0x49ffa9c0 coming from different process: 84
04-25 23:18:00.900 E/[Gralloc-ERROR](   84): int gralloc_register_buffer(const gralloc_module_t*, const native_handle_t*):79 Unable to register handle 0x49ffaa60 coming from different process: 84
04-25 23:18:00.990 D/Sensors (   84): activate handle=0; drv=0
04-25 23:18:01.000 D/Sensors (   84): Lis3dhSensor: Control set 1
04-25 23:18:01.000 D/Sensors (   84): Lis3dhSensor: mEnabled = 1
04-25 23:18:01.100 I/Gonk    (   84): Setting nice for pid 2197 to 18
04-25 23:18:01.100 I/Gonk    (   84): Changed nice for pid 2197 from 1 to 18.
04-25 23:18:01.960 I/Gecko   ( 2205): ###################################### forms.js loaded
04-25 23:18:01.980 I/Gecko   ( 2205): ############################### browserElementPanning.js loaded
04-25 23:18:02.000 I/Gecko   ( 2205): ######################## BrowserElementChildPreload.js loaded
04-25 23:18:02.090 I/Gecko   (   84): 
04-25 23:18:02.090 I/Gecko   (   84): ###!!! [Parent][MessageChannel] Error: Channel error: cannot send/recv
04-25 23:18:02.090 I/Gecko   (   84): 
04-25 23:18:02.140 I/Gecko   (   84): [Parent 84] WARNING: waitpid failed pid:2197 errno:10: file ../../../gecko/ipc/chromium/src/base/process_util_posix.cc, line 254
04-25 23:18:02.510 E/GeckoConsole( 2205): [JavaScript Warning: "SyntaxError: Using //@ to indicate sourceMappingURL pragmas is deprecated. Use //# instead" {file: "app://{45041559-a9e0-4607-8f26-26f31a22326c}/js/jquery.min.js" line: 1}]
04-25 23:18:02.670 I/Gonk    (   84): Setting nice for pid 2269 to 18
04-25 23:18:02.670 I/Gonk    (   84): Changed nice for pid 2269 from 0 to 18.
04-25 23:18:02.830 E/GeckoConsole( 2205): [JavaScript Error: "The character encoding of the HTML document was not declared. The document will render with garbled text in some browser configurations if the document contains characters from outside the US-ASCII range. The character encoding of the page must be declared in the document or in the transfer protocol." {file: "app://{45041559-a9e0-4607-8f26-26f31a22326c}/index.html" line: 0}]
04-25 23:18:02.980 E/GeckoConsole( 2205): [JavaScript Warning: "Unknown property 'box-sizing'.  Declaration dropped." {file: "app://{45041559-a9e0-4607-8f26-26f31a22326c}/index.html" line: 0 column: 10 source: "box-sizing:border-box;-moz-box-sizing:border-box;-webkit-box-sizing:border-box;padding:1px;border:1px;display:block;width:4px;margin-top:1%;position:absolute;top:1%;"}]
04-25 23:18:02.980 E/GeckoConsole( 2205): [JavaScript Warning: "Unknown property 'box-sizing'.  Declaration dropped." {file: "app://{45041559-a9e0-4607-8f26-26f31a22326c}/index.html" line: 0 column: 52 source: "padding:0;margin:0;border:0;display:block;box-sizing:content-box;-moz-box-sizing:content-box;-webkit-box-sizing:content-box;"}]
04-25 23:18:02.980 E/GeckoConsole( 2205): [JavaScript Warning: "Unknown property 'box-sizing'.  Declaration dropped." {file: "app://{45041559-a9e0-4607-8f26-26f31a22326c}/index.html" line: 0 column: 52 source: "padding:0;margin:0;border:0;display:block;box-sizing:content-box;-moz-box-sizing:content-box;-webkit-box-sizing:content-box;"}]
04-25 23:18:03.070 W/WifiHW  (   84): wifi_command: SIGNAL_POLL
04-25 23:18:03.220 E/GeckoConsole( 2205): [JavaScript Error: "downloadable font: table 'GSUB': OpenType layout data discarded (font-family: "League Gothic" style:normal weight:normal stretch:normal src index:0)
04-25 23:18:03.220 E/GeckoConsole( 2205): source: app://{45041559-a9e0-4607-8f26-26f31a22326c}/css/fonts/LeagueGothic.otf" {file: "app://{45041559-a9e0-4607-8f26-26f31a22326c}/css/style.css" line: 0 column: 0 source: "@font-face {
04-25 23:18:03.220 E/GeckoConsole( 2205):   font-family: "League Gothic";
04-25 23:18:03.220 E/GeckoConsole( 2205):   src: url("fonts/LeagueGothic.otf");
04-25 23:18:03.220 E/GeckoConsole( 2205): }"}]
04-25 23:18:03.330 I/Gonk    (   84): Setting nice for pid 2269 to 18
04-25 23:18:03.330 I/Gonk    (   84): Changed nice for pid 2269 from 18 to 18.
04-25 23:18:03.330 I/Gecko   (   84): [Parent 84] WARNING: waitpid failed pid:2269 errno:10: file ../../../gecko/ipc/chromium/src/base/process_util_posix.cc, line 254
04-25 23:18:03.330 I/Gonk    (   84): Setting nice for pid 2269 to 1
04-25 23:18:03.330 I/Gonk    (   84): Changed nice for pid 2269 from 18 to 1.
04-25 23:18:03.350 I/Gonk    (   84): Setting nice for pid 2269 to 18
04-25 23:18:03.350 I/Gonk    (   84): Changed nice for pid 2269 from 1 to 18.
04-25 23:18:03.590 E/GeckoConsole(   84): Content JS LOG at dummy file:326 in GaiaApps.launch/appOpen/<: app with origin 'app://{45041559-a9e0-4607-8f26-26f31a22326c}' has launched
04-25 23:18:03.600 I/Gecko   (   84): 1398493083604	Marionette	INFO	sendToClient: {"from":"0","value":{"frame":{"ELEMENT":"{c2271c3c-ef38-44f5-a97c-127e53ea8969}"},"src":"app://{45041559-a9e0-4607-8f26-26f31a22326c}/index.html","name":"Lyrics","origin":"app://{45041559-a9e0-4607-8f26-26f31a22326c}"}}, {627b332c-e931-4ffb-9f63-24704421f5fc}, {627b332c-e931-4ffb-9f63-24704421f5fc}
04-25 23:18:03.600 E/[Gralloc-ERROR](   84): int gralloc_unregister_buffer(const gralloc_module_t*, const native_handle_t*):274 Trying to unregister buffer 0x49ffa1a0 from process 84 that was not created in current process: 84
04-25 23:18:03.600 E/[Gralloc-ERROR](   84): int gralloc_unregister_buffer(const gralloc_module_t*, const native_handle_t*):274 Trying to unregister buffer 0x49ffa100 from process 84 that was not created in current process: 84
04-25 23:18:03.600 E/[Gralloc-ERROR](   84): int gralloc_unregister_buffer(const gralloc_module_t*, const native_handle_t*):274 Trying to unregister buffer 0x49ffaa60 from process 84 that was not created in current process: 84
04-25 23:18:03.600 E/[Gralloc-ERROR](   84): int gralloc_unregister_buffer(const gralloc_module_t*, const native_handle_t*):274 Trying to unregister buffer 0x49ffa9c0 from process 84 that was not created in current process: 84
04-25 23:18:03.610 I/Gecko   (   84): 1398493083616	Marionette	DEBUG	Got request: switchToFrame, data: {"to":"0","sessionId":"3-b2g","name":"switchToFrame","parameters":{"focus":true,"element":"{c2271c3c-ef38-44f5-a97c-127e53ea8969}"}}, id: {2ea831a5-1fb7-4531-9346-d46a23bcb045}
04-25 23:18:03.620 I/Gecko   (   84): 1398493083627	Marionette	INFO	Switched to frame: {"frameValue":"{c2271c3c-ef38-44f5-a97c-127e53ea8969}"}
04-25 23:18:03.630 I/Gecko   (   84): 1398493083641	Marionette	INFO	trying remote frame 0
04-25 23:18:03.640 I/Gecko   (   84): 1398493083644	Marionette	INFO	trying remote frame 1
04-25 23:18:03.640 I/Gecko   (   84): 1398493083646	Marionette	INFO	trying remote frame 2
04-25 23:18:03.650 I/Gecko   (   84): 1398493083654	Marionette	INFO	trying remote frame 3
04-25 23:18:03.650 I/Gecko   (   84): 1398493083654	Marionette	INFO	deleting frame
04-25 23:18:03.650 I/Gecko   (   84): 1398493083659	Marionette	INFO	frame-manager load script: [object ChromeMessageSender]
04-25 23:18:04.140 I/Gecko   (   84): [Parent 84] WARNING: waitpid failed pid:2197 errno:10: file ../../../gecko/ipc/chromium/src/base/process_util_posix.cc, line 254
04-25 23:18:04.140 I/Gecko   (   84): [Parent 84] WARNING: Failed to deliver SIGKILL to 2197!(3).: file ../../../gecko/ipc/chromium/src/chrome/common/process_watcher_posix_sigchld.cc, line 118
04-25 23:18:04.530 I/Gecko   (   84): 1398493084540	Marionette	INFO	sendToClient: {"from":"0","ok":true}, {2ea831a5-1fb7-4531-9346-d46a23bcb045}, {2ea831a5-1fb7-4531-9346-d46a23bcb045}
04-25 23:18:04.590 I/Gecko   (   84): 1398493084595	Marionette	INFO	sendToClient: {"from":"0","value":"app://{45041559-a9e0-4607-8f26-26f31a22326c}/index.html"}, {f9cfe58e-2510-4f98-b509-ad212b2ecd18}, {f9cfe58e-2510-4f98-b509-ad212b2ecd18}
04-25 23:18:04.600 I/Gecko   (   84): 1398493084612	Marionette	DEBUG	Got request: execute, data: {"to":"0","sessionId":"3-b2g","name":"executeScript","parameters":{"specialPowers":false,"scriptTimeout":null,"newSandbox":true,"args":[],"filename":"app_checker.py","script":"return window.document.readyState;","line":191}}, id: {be81e6e6-9867-4965-97c4-ef26dc3e9b52}
04-25 23:18:04.690 I/Gecko   (   84): 1398493084694	Marionette	INFO	sendToClient: {"from":"0","value":"complete"}, {be81e6e6-9867-4965-97c4-ef26dc3e9b52}, {be81e6e6-9867-4965-97c4-ef26dc3e9b52}
04-25 23:18:04.700 I/Gecko   (   84): 1398493084704	Marionette	INFO	sendToClient: {"from":"0","value":"app://{45041559-a9e0-4607-8f26-26f31a22326c}/index.html"}, {77bd24e4-ac7c-47f8-a6f3-f0b53ba341f8}, {77bd24e4-ac7c-47f8-a6f3-f0b53ba341f8}
04-25 23:18:04.710 I/Gecko   ( 2205): Attempting load of libEGL.so
04-25 23:18:04.740 D/libEGL  ( 2205): loaded /system/lib/egl/libEGL_mali.so
04-25 23:18:04.770 D/libEGL  ( 2205): loaded /system/lib/egl/libGLESv1_CM_mali.so
04-25 23:18:04.770 D/libEGL  ( 2205): loaded /system/lib/egl/libGLESv2_mali.so
04-25 23:18:04.830 I/log     ( 2282): <4>0[ 756.033667] select 2269 ((Preallocated a), adj 8, size 2628, to kill 
04-25 23:18:04.840 I/Gecko   ( 2205): SharedSurface_Gralloc::Create -------
04-25 23:18:04.850 I/Gecko   ( 2205): SharedSurface_Gralloc::Create: success -- surface 0x4328be00, GraphicBuffer 0x43e7a800.
04-25 23:18:05.200 I/Gecko   (   84): 
04-25 23:18:05.200 I/Gecko   (   84): ###!!! [Parent][MessageChannel] Error: Channel error: cannot send/recv
04-25 23:18:05.200 I/Gecko   (   84): 
04-25 23:18:05.360 I/Gecko   (   84): [Parent 84] WARNING: waitpid failed pid:2269 errno:10: file ../../../gecko/ipc/chromium/src/base/process_util_posix.cc, line 254
04-25 23:18:05.730 I/Gecko   (   84): 1398493085741	Marionette	INFO	sendToClient: {"from":"0","value":"iVBORw0KGgoAAAANSUhEUgAAAUAAAAHMCAYAAACk4nEJAAAgAElEQVR4nO3deXRU5f3H8f49Mf1p1bZIOeqxnlIvAVkDNBZcDlULQgtB0cqi1LjhAm4VrCKIFawFIceDBwwBIiAoSFgSJEBiZBMpYd8EwaBAwpKQkHXm+/sjZ57OnX0ySWbi933PeZ0T7nPvfZ75zs0nc5+5M/zsmmuuEX8cDgeiEKiuAOLHzwI1xDpAWrtYP7EAQiMACUBALQKQAATUIgAJQEAtApAABNQiAAlAQC0CkAAE1CIACUBALQKQAATUavIATExMlBtuuEF69OghnTp1inkQxXsAPvjgg7Jo0SLJzc2V/Px8IGZyc3Nl0aJF8sADD8Q8mFpVAF511VUyatQoyc7OlrKyMnEv27Zti1kAXX311TJw4EDp27evJCQkxGUAvv/++7J7924g7syYMSPm4RT3AXjFFVdIWlqanDlzRvwts2bNikn4tWnTRg4ePGjGkZmZGXcBmJaWJt9//z0Qtx577LGYB1TcBmCbNm0kLy9PREROnjwpI0eOlKqqKlsAjhw5MiYB+NJLL/mEcUtfjocqfGFhoZSWlgJxq7CwMOYBFZcB2LZtWzlw4ICIiBw6dEjatWsnvXv39gkdy7JiEoCvvvqqz1i6desWVwFYXFwsFy5cAOJWcXFxzAMq7gIwISFB1q9fLyIiVVVV0r59e3E4HPLss8/aAqe0tDQmc28Oh0Ouv/56OXnypBnLihUrWnwsoQpfVlYGxL1YB1TcBeDgwYNNsMyZM8esX7hwoS0Ac3JyYhJ+br/+9a/l4Ycflvvuu0+uuOKKFu8/VOEvXboExL1YB1TcBeCyZctMyN11111m/aFDh2wBOGnSpJgGYLgSExOlbdu2kpiYGHS7hIQEad++vTz88MPSr1+/qAOwsrISiHuxDqi4C8Bdu3aZkLvxxhvF4W
04-25 23:18:05.980 I/Gecko   (   84): 1398493085990	Marionette	INFO	sendToClient: {"from":"0","ok":true}, {c4cf5286-d8c4-4599-bab9-ea25190d2c82}, {c4cf5286-d8c4-4599-bab9-ea25190d2c82}
04-25 23:18:06.060 I/Gecko   (   84): 1398493086068	Marionette	DEBUG	Got request: switchToFrame, data: {"to":"0","sessionId":"3-b2g","name":"switchToFrame","parameters":{"id":null,"focus":true}}, id: {7aa24d15-3d77-4972-bd65-c06f816654ed}
04-25 23:18:06.080 I/Gecko   (   84): 1398493086092	Marionette	INFO	Switched to frame: {"frameValue":null}
04-25 23:18:06.300 I/Gecko   (   84): 1398493086309	Marionette	INFO	sendToClient: {"from":"0","ok":true}, {7aa24d15-3d77-4972-bd65-c06f816654ed}, {7aa24d15-3d77-4972-bd65-c06f816654ed}
04-25 23:18:06.310 I/Gecko   (   84): 1398493086316	Marionette	DEBUG	Got request: executeWithCallback, data: {"to":"0","sessionId":"3-b2g","name":"executeAsyncScript","parameters":{"specialPowers":false,"scriptTimeout":null,"newSandbox":true,"args":[],"filename":"gaia_test.py","script":"return GaiaApps.displayedApp();","line":66}}, id: {8b4e74e6-4fc5-4fac-8a33-b1c3252f427d}
04-25 23:18:06.380 I/Gecko   (   84): 1398493086383	Marionette	INFO	sendToClient: {"from":"0","value":{"frame":{"ELEMENT":"{c2271c3c-ef38-44f5-a97c-127e53ea8969}"},"src":"app://{45041559-a9e0-4607-8f26-26f31a22326c}/index.html","name":"Lyrics","origin":"app://{45041559-a9e0-4607-8f26-26f31a22326c}"}}, {8b4e74e6-4fc5-4fac-8a33-b1c3252f427d}, {8b4e74e6-4fc5-4fac-8a33-b1c3252f427d}
04-25 23:18:06.400 E/GeckoConsole(   84): Content JS LOG at dummy file:392 in GaiaApps.displayedApp: app with origin 'app://{45041559-a9e0-4607-8f26-26f31a22326c}' is displayed
04-25 23:18:06.530 I/Gecko   (   84): 1398493086537	Marionette	DEBUG	Got request: switchToFrame, data: {"to":"0","sessionId":"3-b2g","name":"switchToFrame","parameters":{"id":null,"focus":true}}, id: {18f955ab-4b8f-4054-9075-2c059cda44f3}
04-25 23:18:06.670 I/Gecko   (   84): 1398493086674	Marionette	INFO	Switched to frame: {"frameValue":null}
04-25 23:18:06.790 I/Gecko   (   84): 1398493086798	Marionette	INFO	sendToClient: {"from":"0","ok":true}, {18f955ab-4b8f-4054-9075-2c059cda44f3}, {18f955ab-4b8f-4054-9075-2c059cda44f3}
04-25 23:18:06.800 I/Gecko   (   84): 1398493086804	Marionette	DEBUG	Got request: execute, data: {"to":"0","sessionId":"3-b2g","name":"executeScript","parameters":{"specialPowers":false,"scriptTimeout":null,"newSandbox":true,"args":[],"filename":"gaia_test.py","script":"window.wrappedJSObject.dispatchEvent(new Event('home'));","line":788}}, id: {7cc88344-0ecb-4f8a-885b-e0116d5bbe15}
04-25 23:18:06.910 D/Sensors (   84): activate handle=0; drv=0
04-25 23:18:06.910 D/Sensors (   84): Lis3dhSensor: Control set 0
04-25 23:18:06.910 D/Sensors (   84): Lis3dhSensor: mEnabled = 0
04-25 23:18:07.140 I/Gonk    (   84): Setting nice for pid 2283 to 18
04-25 23:18:07.140 I/Gonk    (   84): Changed nice for pid 2283 from 0 to 18.
04-25 23:18:07.150 I/Gecko   (   84): 1398493087162	Marionette	INFO	sendToClient: {"from":"0","value":null}, {7cc88344-0ecb-4f8a-885b-e0116d5bbe15}, {7cc88344-0ecb-4f8a-885b-e0116d5bbe15}
04-25 23:18:07.170 I/Gonk    (   84): Setting nice for pid 2283 to 18
04-25 23:18:07.170 I/Gonk    (   84): Changed nice for pid 2283 from 18 to 18.
04-25 23:18:07.170 I/Gecko   (   84): [Parent 84] WARNING: waitpid failed pid:2283 errno:10: file ../../../gecko/ipc/chromium/src/base/process_util_posix.cc, line 254
04-25 23:18:07.180 I/Gonk    (   84): Setting nice for pid 2283 to 1
04-25 23:18:07.180 I/Gonk    (   84): Changed nice for pid 2283 from 18 to 1.
04-25 23:18:07.190 I/Gecko   (   84): 1398493087195	Marionette	DEBUG	Got request: switchToFrame, data: {"to":"0","sessionId":"3-b2g","name":"switchToFrame","parameters":{"id":null,"focus":true}}, id: {e64e2770-e649-4302-abf5-c1995d0aa581}
04-25 23:18:07.190 I/Gecko   (   84): 1398493087197	Marionette	INFO	Switched to frame: {"frameValue":null}
04-25 23:18:07.290 I/Gecko   (   84): 1398493087301	Marionette	INFO	sendToClient: {"from":"0","ok":true}, {e64e2770-e649-4302-abf5-c1995d0aa581}, {e64e2770-e649-4302-abf5-c1995d0aa581}
04-25 23:18:07.310 I/Gecko   (   84): 1398493087317	Marionette	DEBUG	Got request: executeWithCallback, data: {"to":"0","sessionId":"3-b2g","name":"executeAsyncScript","parameters":{"specialPowers":false,"scriptTimeout":null,"newSandbox":true,"args":[],"filename":"gaia_test.py","script":"return GaiaApps.displayedApp();","line":66}}, id: {1c1e69e9-5938-445e-94fe-8d9afbb71513}
04-25 23:18:07.360 I/Gecko   (   84): [Parent 84] WARNING: waitpid failed pid:2269 errno:10: file ../../../gecko/ipc/chromium/src/base/process_util_posix.cc, line 254
04-25 23:18:07.360 I/Gecko   (   84): [Parent 84] WARNING: Failed to deliver SIGKILL to 2269!(3).: file ../../../gecko/ipc/chromium/src/chrome/common/process_watcher_posix_sigchld.cc, line 118
04-25 23:18:07.370 E/GeckoConsole(   84): Content JS LOG at dummy file:392 in GaiaApps.displayedApp: app with origin 'app://homescreen.gaiamobile.org' is displayed
04-25 23:18:07.380 I/Gecko   (   84): 1398493087384	Marionette	INFO	sendToClient: {"from":"0","value":{"frame":{"ELEMENT":"{fa5290e0-3373-4350-93e6-c4d1e3ef434e}"},"src":"app://homescreen.gaiamobile.org/index.html#root","name":"Homescreen","origin":"app://homescreen.gaiamobile.org"}}, {1c1e69e9-5938-445e-94fe-8d9afbb71513}, {1c1e69e9-5938-445e-94fe-8d9afbb71513}
04-25 23:18:07.400 I/Gecko   (   84): 1398493087405	Marionette	DEBUG	Got request: switchToFrame, data: {"to":"0","sessionId":"3-b2g","name":"switchToFrame","parameters":{"id":null,"focus":true}}, id: {72ea6cb3-a61b-44ad-bceb-14a9fa3108b5}
04-25 23:18:07.410 I/Gecko   (   84): 1398493087415	Marionette	INFO	Switched to frame: {"frameValue":null}
04-25 23:18:07.510 I/Gecko   (   84): 1398493087518	Marionette	INFO	sendToClient: {"from":"0","ok":true}, {72ea6cb3-a61b-44ad-bceb-14a9fa3108b5}, {72ea6cb3-a61b-44ad-bceb-14a9fa3108b5}
04-25 23:18:07.540 I/Gecko   (   84): 1398493087544	Marionette	DEBUG	Got request: switchToFrame, data: {"to":"0","sessionId":"3-b2g","name":"switchToFrame","parameters":{"id":null,"focus":true}}, id: {b4403508-47e3-4553-8679-9c5755b697f8}
04-25 23:18:07.540 I/Gecko   (   84): 1398493087545	Marionette	INFO	Switched to frame: {"frameValue":null}
04-25 23:18:07.640 I/Gecko   (   84): 1398493087648	Marionette	INFO	sendToClient: {"from":"0","ok":true}, {b4403508-47e3-4553-8679-9c5755b697f8}, {b4403508-47e3-4553-8679-9c5755b697f8}
04-25 23:18:07.650 I/Gecko   (   84): 1398493087654	Marionette	DEBUG	Got request: executeWithCallback, data: {"to":"0","sessionId":"3-b2g","name":"executeAsyncScript","parameters":{"specialPowers":false,"scriptTimeout":null,"newSandbox":true,"args":[],"filename":"gaia_test.py","script":"return GaiaApps.displayedApp();","line":66}}, id: {a3654225-dca9-411b-aa01-8ba20d8b0696}
04-25 23:18:07.720 E/GeckoConsole(   84): Content JS LOG at dummy file:392 in GaiaApps.displayedApp: app with origin 'app://homescreen.gaiamobile.org' is displayed
04-25 23:18:07.720 I/Gecko   (   84): 1398493087730	Marionette	INFO	sendToClient: {"from":"0","value":{"frame":{"ELEMENT":"{fa5290e0-3373-4350-93e6-c4d1e3ef434e}"},"src":"app://homescreen.gaiamobile.org/index.html#root","name":"Homescreen","origin":"app://homescreen.gaiamobile.org"}}, {a3654225-dca9-411b-aa01-8ba20d8b0696}, {a3654225-dca9-411b-aa01-8ba20d8b0696}
04-25 23:18:07.730 I/Gecko   (   84): 1398493087736	Marionette	DEBUG	Got request: switchToFrame, data: {"to":"0","sessionId":"3-b2g","name":"switchToFrame","parameters":{"focus":true,"element":"{fa5290e0-3373-4350-93e6-c4d1e3ef434e}"}}, id: {3e88adae-5457-4e4c-838a-f1ffaf00f788}
04-25 23:18:07.760 I/Gecko   (   84): 1398493087770	Marionette	INFO	Switched to frame: {"frameValue":"{fa5290e0-3373-4350-93e6-c4d1e3ef434e}"}
04-25 23:18:07.780 I/Gecko   (   84): 1398493087790	Marionette	INFO	trying remote frame 0
04-25 23:18:07.780 I/Gecko   (   84): 1398493087791	Marionette	INFO	trying remote frame 1
04-25 23:18:07.780 I/Gecko   (   84): 1398493087792	Marionette	INFO	trying remote frame 2
04-25 23:18:07.790 I/Gecko   (   84): 1398493087793	Marionette	INFO	trying remote frame 3
04-25 23:18:07.790 I/Gecko   (   84): 1398493087794	Marionette	INFO	deleting frame
04-25 23:18:07.790 I/Gecko   (   84): 1398493087799	Marionette	INFO	frame-manager load script: [object ChromeMessageSender]
04-25 23:18:08.240 E/[Gralloc-ERROR](   84): int gralloc_register_buffer(const gralloc_module_t*, const native_handle_t*):79 Unable to register handle 0x45161560 coming from different process: 84
04-25 23:18:08.240 E/[Gralloc-ERROR](   84): int gralloc_register_buffer(const gralloc_module_t*, const native_handle_t*):79 Unable to register handle 0x451687e0 coming from different process: 84
04-25 23:18:08.410 W/WifiHW  (   84): wifi_command: SIGNAL_POLL
04-25 23:18:09.000 I/Gonk    (   84): Setting nice for pid 2205 to 18
04-25 23:18:09.000 I/Gonk    (   84): Changed nice for pid 2205 from 1 to 18.
04-25 23:18:09.080 I/Gonk    (   84): Setting nice for pid 2291 to 18
04-25 23:18:09.080 I/Gonk    (   84): Changed nice for pid 2291 from 0 to 18.
04-25 23:18:09.120 E/[Gralloc-ERROR](   84): int gralloc_unregister_buffer(const gralloc_module_t*, const native_handle_t*):274 Trying to unregister buffer 0x451687e0 from process 84 that was not created in current process: 84
04-25 23:18:09.120 E/[Gralloc-ERROR](   84): int gralloc_unregister_buffer(const gralloc_module_t*, const native_handle_t*):274 Trying to unregister buffer 0x45161560 from process 84 that was not created in current process: 84
04-25 23:18:09.320 I/log     ( 2301): <4>0[ 760.502208] select 2205 (Lyrics), adj 10, size 6364, to kill 
04-25 23:18:10.410 I/Gecko   ( 2283): ###################################### forms.js loaded
04-25 23:18:10.450 I/Gecko   ( 2283): ############################### browserElementPanning.js loaded
04-25 23:18:10.470 I/Gecko   ( 2283): ######################## BrowserElementChildPreload.js loaded
04-25 23:18:11.340 I/Gecko   (   84): 
04-25 23:18:11.340 I/Gecko   (   84): ###!!! [Parent][MessageChannel] Error: Channel error: cannot send/recv
04-25 23:18:11.340 I/Gecko   (   84): 
04-25 23:18:11.450 I/Gecko   (   84): [Parent 84] WARNING: waitpid failed pid:2205 errno:10: file ../../../gecko/ipc/chromium/src/base/process_util_posix.cc, line 254
04-25 23:18:11.910 I/Gecko   (   84): 1398493091914	Marionette	INFO	sendToClient: {"from":"0","ok":true}, {3e88adae-5457-4e4c-838a-f1ffaf00f788}, {3e88adae-5457-4e4c-838a-f1ffaf00f788}
04-25 23:18:12.300 I/Gecko   (   84): 1398493092306	Marionette	INFO	sendToClient: {"from":"0","value":"app://homescreen.gaiamobile.org/index.html#root"}, {92730788-8ef3-425e-9820-b2c7220489c7}, {92730788-8ef3-425e-9820-b2c7220489c7}
04-25 23:18:12.310 I/Gecko   (   84): 1398493092313	Marionette	DEBUG	Got request: switchToFrame, data: {"to":"0","sessionId":"3-b2g","name":"switchToFrame","parameters":{"id":null,"focus":true}}, id: {cc6ec09f-2d35-4e1b-8f6f-0b4488d80b0c}
04-25 23:18:12.330 I/Gecko   (   84): 1398493092337	Marionette	INFO	Switched to frame: {"frameValue":null}
04-25 23:18:12.430 I/Gecko   (   84): 1398493092440	Marionette	INFO	sendToClient: {"from":"0","ok":true}, {cc6ec09f-2d35-4e1b-8f6f-0b4488d80b0c}, {cc6ec09f-2d35-4e1b-8f6f-0b4488d80b0c}
04-25 23:18:12.440 I/Gecko   (   84): 1398493092446	Marionette	DEBUG	Got request: switchToFrame, data: {"to":"0","sessionId":"3-b2g","name":"switchToFrame","parameters":{"id":null,"focus":true}}, id: {04a567f8-e74d-4855-8faa-12c185f95d58}
04-25 23:18:12.440 I/Gecko   (   84): 1398493092448	Marionette	INFO	Switched to frame: {"frameValue":null}
04-25 23:18:12.550 I/Gecko   (   84): 1398493092555	Marionette	INFO	sendToClient: {"from":"0","ok":true}, {04a567f8-e74d-4855-8faa-12c185f95d58}, {04a567f8-e74d-4855-8faa-12c185f95d58}
04-25 23:18:12.550 I/Gecko   (   84): 1398493092562	Marionette	DEBUG	Got request: executeWithCallback, data: {"to":"0","sessionId":"3-b2g","name":"executeAsyncScript","parameters":{"specialPowers":false,"scriptTimeout":null,"newSandbox":true,"args":[],"filename":"gaia_test.py","script":"GaiaApps.killAll()","line":91}}, id: {8d78887a-24aa-4262-8a92-5fa23515663a}
04-25 23:18:12.680 I/Gecko   (   84): 1398493092685	Marionette	INFO	sendToClient: {"from":"0","value":true}, {8d78887a-24aa-4262-8a92-5fa23515663a}, {8d78887a-24aa-4262-8a92-5fa23515663a}
04-25 23:18:12.680 I/Gecko   (   84): 1398493092691	Marionette	DEBUG	Got request: switchToFrame, data: {"to":"0","sessionId":"3-b2g","name":"switchToFrame","parameters":{"id":null,"focus":true}}, id: {71f2dcec-e5e7-48c5-b628-03b07b7e5722}
04-25 23:18:12.690 I/Gecko   (   84): 1398493092695	Marionette	INFO	Switched to frame: {"frameValue":null}
04-25 23:18:12.790 I/Gecko   (   84): 1398493092797	Marionette	INFO	sendToClient: {"from":"0","ok":true}, {71f2dcec-e5e7-48c5-b628-03b07b7e5722}, {71f2dcec-e5e7-48c5-b628-03b07b7e5722}
04-25 23:18:12.800 I/Gecko   (   84): 1398493092805	Marionette	DEBUG	Got request: executeWithCallback, data: {"to":"0","sessionId":"3-b2g","name":"executeAsyncScript","parameters":{"specialPowers":false,"scriptTimeout":60000,"newSandbox":true,"args":[],"filename":"app_checker.py","script":"\n        GaiaApps.locateWithManifestURL('https://marketplace.firefox.com/app/7017fee8-fcca-4dc7-ac39-71ddc8032c96/manifest.webapp',\n                                       null,\n                                       function uninstall(app) {\n                                       navigator.mozApps.mgmt.uninstall(app);\n                                       marionetteScriptFinished(true);\n                                       });\n        ","line":129}}, id: {3cf8ea95-9698-4163-93a4-734c5e5d1433}
04-25 23:18:12.870 I/Gecko   (   84): -- webapps.js uninstall https://marketplace.firefox.com/app/7017fee8-fcca-4dc7-ac39-71ddc8032c96/manifest.webapp
04-25 23:18:13.260 I/Gecko   (   84): 1398493093264	Marionette	INFO	sendToClient: {"from":"0","value":true}, {3cf8ea95-9698-4163-93a4-734c5e5d1433}, {3cf8ea95-9698-4163-93a4-734c5e5d1433}
04-25 23:18:13.450 I/Gecko   (   84): [Parent 84] WARNING: waitpid failed pid:2205 errno:10: file ../../../gecko/ipc/chromium/src/base/process_util_posix.cc, line 254
04-25 23:18:13.450 I/Gecko   (   84): [Parent 84] WARNING: Failed to deliver SIGKILL to 2205!(3).: file ../../../gecko/ipc/chromium/src/chrome/common/process_watcher_posix_sigchld.cc, line 118
04-25 23:18:13.810 W/WifiHW  (   84): wifi_command: SIGNAL_POLL
04-25 23:18:13.900 I/GeckoDump(   84): XXX FIXME : Got a mozContentEvent: inputmethod-update-layouts