--------- beginning of /dev/log/main
04-26 05:59:50.710 I/Gecko   (   84): 1398517190724	Marionette	INFO	sendToClient: {"from":"0","ok":true}, {f0a93890-35e1-4099-a247-edfe8665125f}, {f0a93890-35e1-4099-a247-edfe8665125f}
04-26 05:59:50.850 I/Gecko   (   84): 1398517190862	Marionette	DEBUG	Got request: switchToFrame, data: {"to":"0","sessionId":"3-b2g","name":"switchToFrame","parameters":{"id":null,"focus":true}}, id: {8fd0e929-713c-4cf4-807f-fd846f82b854}
04-26 05:59:50.880 I/Gecko   (   84): 1398517190892	Marionette	INFO	Switched to frame: {"frameValue":null}
04-26 05:59:50.980 I/Gecko   (   84): 1398517190995	Marionette	INFO	sendToClient: {"from":"0","ok":true}, {8fd0e929-713c-4cf4-807f-fd846f82b854}, {8fd0e929-713c-4cf4-807f-fd846f82b854}
04-26 05:59:50.990 I/Gecko   (   84): 1398517191003	Marionette	DEBUG	Got request: executeWithCallback, data: {"to":"0","sessionId":"3-b2g","name":"executeAsyncScript","parameters":{"specialPowers":false,"scriptTimeout":null,"newSandbox":true,"args":[],"filename":"gaia_test.py","script":"return GaiaApps.displayedApp();","line":66}}, id: {893162de-499d-48e7-91b2-d5b322ab1196}
04-26 05:59:51.170 E/GeckoConsole(   84): Content JS LOG at dummy file:392 in GaiaApps.displayedApp: app with origin 'app://homescreen.gaiamobile.org' is displayed
04-26 05:59:51.210 I/Gecko   (   84): 1398517191221	Marionette	INFO	sendToClient: {"from":"0","value":{"frame":{"ELEMENT":"{93a3c91d-28e8-4331-aacb-0ab01dd94ebe}"},"src":"app://homescreen.gaiamobile.org/index.html#root","name":"Homescreen","origin":"app://homescreen.gaiamobile.org"}}, {893162de-499d-48e7-91b2-d5b322ab1196}, {893162de-499d-48e7-91b2-d5b322ab1196}
04-26 05:59:51.210 V/AudioPolicyManagerBase(   89): startOutput() output 1, stream 1, session 9
04-26 05:59:51.210 V/AudioPolicyManagerBase(   89): changeRefCount() stream 1, count 1
04-26 05:59:51.210 V/AudioPolicyManagerBase(   89): getDeviceForStrategy() from cache strategy 0, device 2
04-26 05:59:51.210 V/AudioPolicyManagerBase(   89): getNewDevice() selected device 2
04-26 05:59:51.210 D/AudioPolicyManagerBase(   89): setOutputDevice() output 1 device 2 delayMs 0
04-26 05:59:51.210 V/AudioPolicyManagerBase(   89): setOutputDevice() setting same device 2 or null device for output 1
04-26 05:59:51.210 E/AudioPolicyManagerBase(   89): checkAndSetVolume stream=1, index=0, output=1, device=2
04-26 05:59:51.210 E/AudioPolicyManagerBase(   89): computeVolume, streamDesc=0x132ebb8
04-26 05:59:51.220 I/Gecko   (   84): 1398517191230	Marionette	DEBUG	Got request: switchToFrame, data: {"to":"0","sessionId":"3-b2g","name":"switchToFrame","parameters":{"id":null,"focus":true}}, id: {6adf2c09-e76c-43ca-a256-b46e11f90e91}
04-26 05:59:51.220 I/Gecko   (   84): 1398517191232	Marionette	INFO	Switched to frame: {"frameValue":null}
04-26 05:59:51.280 W/AudioFlinger(   89): Thread AudioOut_1 cannot connect to the power manager service
04-26 05:59:51.280 V/AudioPolicyManagerBase(   89): stopOutput() output 1, stream 1, session 9
04-26 05:59:51.280 V/AudioPolicyManagerBase(   89): changeRefCount() stream 1, count 0
04-26 05:59:51.280 V/AudioPolicyManagerBase(   89): getNewDevice() selected device 0
04-26 05:59:51.280 D/AudioPolicyManagerBase(   89): setOutputDevice() output 1 device 0 delayMs 290
04-26 05:59:51.280 V/AudioPolicyManagerBase(   89): setOutputDevice() setting same device 0 or null device for output 1
04-26 05:59:51.300 E/GeckoConsole( 3073): Content JS ERROR at app://homescreen.gaiamobile.org/gaia_build_defer_index.js:390 in loadSVConfFileError: Failed parsing singleVariant configuration file [js/singlevariantconf.json]:  [Exception... "File error: Not found"  nsresult: "0x80520012 (NS_ERROR_FILE_NOT_FOUND)"  location: "JS frame :: app://homescreen.gaiamobile.org/gaia_build_defer_index.js :: loadFile :: line 382"  data: no]
04-26 05:59:51.310 V/AudioPolicyManagerBase(   89): startOutput() output 1, stream 1, session 9
04-26 05:59:51.310 V/AudioPolicyManagerBase(   89): changeRefCount() stream 1, count 1
04-26 05:59:51.310 V/AudioPolicyManagerBase(   89): getDeviceForStrategy() from cache strategy 0, device 2
04-26 05:59:51.310 V/AudioPolicyManagerBase(   89): getNewDevice() selected device 2
04-26 05:59:51.310 D/AudioPolicyManagerBase(   89): setOutputDevice() output 1 device 2 delayMs 0
04-26 05:59:51.310 V/AudioPolicyManagerBase(   89): setOutputDevice() setting same device 2 or null device for output 1
04-26 05:59:51.310 E/AudioPolicyManagerBase(   89): checkAndSetVolume stream=1, index=0, output=1, device=2
04-26 05:59:51.310 E/AudioPolicyManagerBase(   89): computeVolume, streamDesc=0x132ebb8
04-26 05:59:51.310 V/AudioPolicyManagerBase(   89): stopOutput() output 1, stream 1, session 9
04-26 05:59:51.310 V/AudioPolicyManagerBase(   89): changeRefCount() stream 1, count 0
04-26 05:59:51.310 V/AudioPolicyManagerBase(   89): getNewDevice() selected device 0
04-26 05:59:51.310 D/AudioPolicyManagerBase(   89): setOutputDevice() output 1 device 0 delayMs 290
04-26 05:59:51.310 V/AudioPolicyManagerBase(   89): setOutputDevice() setting same device 0 or null device for output 1
04-26 05:59:51.310 V/AudioPolicyManagerBase(   89): releaseOutput() 1
04-26 05:59:51.320 I/Gecko   (   84): 1398517191334	Marionette	INFO	sendToClient: {"from":"0","ok":true}, {6adf2c09-e76c-43ca-a256-b46e11f90e91}, {6adf2c09-e76c-43ca-a256-b46e11f90e91}
04-26 05:59:51.330 I/Gecko   (   84): 1398517191340	Marionette	DEBUG	Got request: switchToFrame, data: {"to":"0","sessionId":"3-b2g","name":"switchToFrame","parameters":{"id":null,"focus":true}}, id: {58da763d-2eb8-443a-9306-2a9419f4fc01}
04-26 05:59:51.330 I/Gecko   (   84): 1398517191343	Marionette	INFO	Switched to frame: {"frameValue":null}
04-26 05:59:51.430 I/Gecko   (   84): 1398517191449	Marionette	INFO	sendToClient: {"from":"0","ok":true}, {58da763d-2eb8-443a-9306-2a9419f4fc01}, {58da763d-2eb8-443a-9306-2a9419f4fc01}
04-26 05:59:51.440 I/Gecko   (   84): 1398517191455	Marionette	DEBUG	Got request: executeWithCallback, data: {"to":"0","sessionId":"3-b2g","name":"executeAsyncScript","parameters":{"specialPowers":false,"scriptTimeout":null,"newSandbox":true,"args":[],"filename":"gaia_test.py","script":"return GaiaApps.displayedApp();","line":66}}, id: {04a5b4d0-cd26-4431-87f7-546ec87f2540}
04-26 05:59:51.560 E/GeckoConsole(   84): Content JS LOG at dummy file:392 in GaiaApps.displayedApp: app with origin 'app://homescreen.gaiamobile.org' is displayed
04-26 05:59:51.560 I/Gecko   (   84): 1398517191572	Marionette	INFO	sendToClient: {"from":"0","value":{"frame":{"ELEMENT":"{93a3c91d-28e8-4331-aacb-0ab01dd94ebe}"},"src":"app://homescreen.gaiamobile.org/index.html#root","name":"Homescreen","origin":"app://homescreen.gaiamobile.org"}}, {04a5b4d0-cd26-4431-87f7-546ec87f2540}, {04a5b4d0-cd26-4431-87f7-546ec87f2540}
04-26 05:59:51.580 I/Gecko   (   84): 1398517191591	Marionette	DEBUG	Got request: switchToFrame, data: {"to":"0","sessionId":"3-b2g","name":"switchToFrame","parameters":{"focus":true,"element":"{93a3c91d-28e8-4331-aacb-0ab01dd94ebe}"}}, id: {92689895-1b32-484f-8d52-51c251e931a8}
04-26 05:59:51.610 I/Gecko   (   84): 1398517191622	Marionette	INFO	Switched to frame: {"frameValue":"{93a3c91d-28e8-4331-aacb-0ab01dd94ebe}"}
04-26 05:59:51.610 I/Gecko   (   84): 1398517191624	Marionette	INFO	trying remote frame 0
04-26 05:59:51.630 I/Gecko   (   84): 1398517191643	Marionette	INFO	trying remote frame 1
04-26 05:59:51.630 I/Gecko   (   84): 1398517191644	Marionette	INFO	trying remote frame 2
04-26 05:59:51.630 I/Gecko   (   84): 1398517191645	Marionette	INFO	trying remote frame 3
04-26 05:59:51.630 I/Gecko   (   84): 1398517191646	Marionette	INFO	deleting frame
04-26 05:59:51.640 I/Gecko   (   84): 1398517191651	Marionette	INFO	frame-manager load script: [object ChromeMessageSender]
04-26 05:59:51.740 W/WifiHW  (   84): wifi_command: SIGNAL_POLL
04-26 05:59:52.130 I/Gecko   (   84): 1398517192145	Marionette	INFO	sendToClient: {"from":"0","ok":true}, {92689895-1b32-484f-8d52-51c251e931a8}, {92689895-1b32-484f-8d52-51c251e931a8}
04-26 05:59:52.320 I/Gecko   (   84): 1398517192332	Marionette	INFO	sendToClient: {"from":"0","value":{"ELEMENT":"{207c0124-0e02-4407-85c5-80136a7ac91c}"}}, {bb5164b5-ae8a-4d88-af72-01436218a93c}, {bb5164b5-ae8a-4d88-af72-01436218a93c}
04-26 05:59:52.490 E/GeckoConsole( 3073): [JavaScript Warning: "Use of getAttributeNode() is deprecated. Use getAttribute() instead." {file: "chrome://marionette/content/atoms.js" line: 25}]
04-26 05:59:52.490 E/GeckoConsole( 3073): [JavaScript Warning: "Use of attributes' specified attribute is deprecated. It always returns true." {file: "chrome://marionette/content/atoms.js" line: 25}]
04-26 05:59:52.490 I/Gecko   (   84): 1398517192508	Marionette	INFO	sendToClient: {"from":"0","value":"normal"}, {640c6905-8863-48ed-ab90-671832f2b2b5}, {640c6905-8863-48ed-ab90-671832f2b2b5}
04-26 05:59:52.500 I/Gecko   (   84): 1398517192514	Marionette	DEBUG	Got request: switchToFrame, data: {"to":"0","sessionId":"3-b2g","name":"switchToFrame","parameters":{"id":null,"focus":true}}, id: {32c763f7-7724-4f4b-8c16-aeae7bcbd69a}
04-26 05:59:52.510 I/Gecko   (   84): 1398517192526	Marionette	INFO	Switched to frame: {"frameValue":null}
04-26 05:59:52.620 I/Gecko   (   84): 1398517192634	Marionette	INFO	sendToClient: {"from":"0","ok":true}, {32c763f7-7724-4f4b-8c16-aeae7bcbd69a}, {32c763f7-7724-4f4b-8c16-aeae7bcbd69a}
04-26 05:59:52.630 I/Gecko   (   84): 1398517192640	Marionette	DEBUG	Got request: execute, data: {"to":"0","sessionId":"3-b2g","name":"executeScript","parameters":{"specialPowers":false,"scriptTimeout":null,"newSandbox":true,"args":[],"filename":"gaia_test.py","script":"window.wrappedJSObject.dispatchEvent(new Event('home'));","line":788}}, id: {bcf50fab-1009-45c4-bf28-e048e4dc1125}
04-26 05:59:52.680 I/Gecko   (   84): 1398517192690	Marionette	INFO	sendToClient: {"from":"0","value":null}, {bcf50fab-1009-45c4-bf28-e048e4dc1125}, {bcf50fab-1009-45c4-bf28-e048e4dc1125}
04-26 05:59:52.680 I/Gecko   (   84): 1398517192698	Marionette	DEBUG	Got request: switchToFrame, data: {"to":"0","sessionId":"3-b2g","name":"switchToFrame","parameters":{"id":null,"focus":true}}, id: {54d2d247-dd4b-48b7-a37c-0ced5c88ff64}
04-26 05:59:52.690 I/Gecko   (   84): 1398517192705	Marionette	INFO	Switched to frame: {"frameValue":null}
04-26 05:59:52.800 I/Gecko   (   84): 1398517192813	Marionette	INFO	sendToClient: {"from":"0","ok":true}, {54d2d247-dd4b-48b7-a37c-0ced5c88ff64}, {54d2d247-dd4b-48b7-a37c-0ced5c88ff64}
04-26 05:59:52.800 I/Gecko   (   84): 1398517192818	Marionette	DEBUG	Got request: switchToFrame, data: {"to":"0","sessionId":"3-b2g","name":"switchToFrame","parameters":{"id":null,"focus":true}}, id: {18241ba1-f027-42ab-8117-c3b66d751bc6}
04-26 05:59:52.810 I/Gecko   (   84): 1398517192827	Marionette	INFO	Switched to frame: {"frameValue":null}
04-26 05:59:52.920 I/Gecko   (   84): 1398517192930	Marionette	INFO	sendToClient: {"from":"0","ok":true}, {18241ba1-f027-42ab-8117-c3b66d751bc6}, {18241ba1-f027-42ab-8117-c3b66d751bc6}
04-26 05:59:52.920 I/Gecko   (   84): 1398517192936	Marionette	DEBUG	Got request: executeWithCallback, data: {"to":"0","sessionId":"3-b2g","name":"executeAsyncScript","parameters":{"specialPowers":false,"scriptTimeout":null,"newSandbox":true,"args":[],"filename":"gaia_test.py","script":"return GaiaApps.displayedApp();","line":66}}, id: {ee276664-453f-4096-881b-6a35fcfd7a79}
04-26 05:59:52.980 I/Gecko   (   84): 1398517192994	Marionette	INFO	sendToClient: {"from":"0","value":{"frame":{"ELEMENT":"{93a3c91d-28e8-4331-aacb-0ab01dd94ebe}"},"src":"app://homescreen.gaiamobile.org/index.html#rootSat%20Apr%2026%202014%2005:59:52%20GMT-0700%20(UTC)","name":"Homescreen","origin":"app://homescreen.gaiamobile.org"}}, {ee276664-453f-4096-881b-6a35fcfd7a79}, {ee276664-453f-4096-881b-6a35fcfd7a79}
04-26 05:59:52.990 E/GeckoConsole(   84): Content JS LOG at dummy file:392 in GaiaApps.displayedApp: app with origin 'app://homescreen.gaiamobile.org' is displayed
04-26 05:59:53.000 I/Gecko   (   84): 1398517193012	Marionette	DEBUG	Got request: switchToFrame, data: {"to":"0","sessionId":"3-b2g","name":"switchToFrame","parameters":{"focus":true,"element":"{93a3c91d-28e8-4331-aacb-0ab01dd94ebe}"}}, id: {3e56fca0-2d86-47f1-bb9d-eb38bdab4731}
04-26 05:59:53.030 I/Gecko   (   84): 1398517193044	Marionette	INFO	Switched to frame: {"frameValue":"{93a3c91d-28e8-4331-aacb-0ab01dd94ebe}"}
04-26 05:59:53.030 I/Gecko   (   84): 1398517193046	Marionette	INFO	trying remote frame 0
04-26 05:59:53.030 I/Gecko   (   84): 1398517193049	Marionette	INFO	trying remote frame 1
04-26 05:59:53.030 I/Gecko   (   84): 1398517193050	Marionette	INFO	trying remote frame 2
04-26 05:59:53.050 I/Gecko   (   84): 1398517193061	Marionette	INFO	trying remote frame 3
04-26 05:59:53.400 I/Gecko   (   84): 1398517193417	Marionette	INFO	sendToClient: {"from":"0","ok":true}, {3e56fca0-2d86-47f1-bb9d-eb38bdab4731}, {3e56fca0-2d86-47f1-bb9d-eb38bdab4731}
04-26 05:59:53.410 I/Gecko   (   84): 1398517193424	Marionette	DEBUG	Got request: execute, data: {"to":"0","sessionId":"3-b2g","name":"executeScript","parameters":{"specialPowers":false,"scriptTimeout":null,"newSandbox":true,"args":[],"filename":"gaia_test.py","script":"return window.wrappedJSObject.GridManager.pageHelper.getCurrentPageNumber();","line":784}}, id: {8588f225-84b7-40e1-b3fd-6900466baac7}
04-26 05:59:53.540 I/Gecko   (   84): 1398517193554	Marionette	INFO	sendToClient: {"from":"0","value":0}, {8588f225-84b7-40e1-b3fd-6900466baac7}, {8588f225-84b7-40e1-b3fd-6900466baac7}
04-26 05:59:53.760 I/Gecko   (   84): 1398517193771	Marionette	INFO	sendToClient: {"from":"0","value":["{429da22c-11db-4876-8a40-43239fc61335}","{1320d477-3023-419b-a461-76c2ecc35632}","{2fcf3527-bc60-4642-aa61-9b7e2d5de80f}","{267d2ec8-ac02-4686-a0ad-12b01cf379c4}","{0b7507aa-00de-41af-a455-a7d36948cdad}","{209d973b-596a-409f-9c21-24dafa4d478f}","{d9167c04-05b9-49bb-ad0c-e00a33852b01}","{aecfc54e-575b-4934-921d-ac48405115cd}","{7e61f621-13c8-40d5-8fbc-696116df83d9}","{5fae13d3-5c7e-4fb9-965c-dbf94cc4ede6}","{a00be4f3-7820-451d-a25a-ac5d9095838c}","{15e31bc1-d7ba-41c6-815d-fa7df721b531}","{655bc078-55dd-43a4-8601-9aa942cd793e}","{e2b85945-d57b-482d-a773-9c58e6a7aad3}","{6bfaa4c9-2cc9-4098-8f86-4acffe9bfb55}","{03031ddb-cb6f-4a73-b619-bee816baa86f}","{f0d6c8b0-647d-4157-aec7-0820afc84437}","{0ff09c80-17c7-4f6a-ab31-4d31270fc324}","{618e7eba-7212-4078-97d9-ae67e4969619}","{aa8995f7-2c04-4d8a-990a-6d2fe26c29f0}","{ed26dd45-ca59-439a-bffa-68d3136feba2}","{a3aaab6f-e01b-4813-9353-2e9416535532}","{79f5ae2c-85a1-4f2b-8343-a4017035de3b}","{61b3505c-9f7c
04-26 05:59:53.820 I/Gecko   (   84): 1398517193834	Marionette	INFO	sendToClient: {"from":"0","value":"app://homescreen.gaiamobile.org/index.html#rootSat%20Apr%2026%202014%2005:59:52%20GMT-0700%20(UTC)"}, {a465c9b2-0019-4943-ad13-0cdc14d36421}, {a465c9b2-0019-4943-ad13-0cdc14d36421}
04-26 05:59:53.850 I/Gecko   (   84): 1398517193865	Marionette	DEBUG	Got request: switchToFrame, data: {"to":"0","sessionId":"3-b2g","name":"switchToFrame","parameters":{"id":null,"focus":true}}, id: {053643aa-8e44-46da-97c5-475ce09bc8c3}
04-26 05:59:53.870 I/Gecko   (   84): 1398517193881	Marionette	INFO	Switched to frame: {"frameValue":null}
04-26 05:59:53.980 I/Gecko   (   84): 1398517193990	Marionette	INFO	sendToClient: {"from":"0","ok":true}, {053643aa-8e44-46da-97c5-475ce09bc8c3}, {053643aa-8e44-46da-97c5-475ce09bc8c3}
04-26 05:59:54.000 I/Gecko   (   84): 1398517194019	Marionette	DEBUG	Got request: switchToFrame, data: {"to":"0","sessionId":"3-b2g","name":"switchToFrame","parameters":{"id":null,"focus":true}}, id: {12f6b9fc-c007-4464-b3e0-9e9b9b1c421e}
04-26 05:59:54.010 I/Gecko   (   84): 1398517194027	Marionette	INFO	Switched to frame: {"frameValue":null}
04-26 05:59:54.110 I/Gecko   (   84): 1398517194129	Marionette	INFO	sendToClient: {"from":"0","ok":true}, {12f6b9fc-c007-4464-b3e0-9e9b9b1c421e}, {12f6b9fc-c007-4464-b3e0-9e9b9b1c421e}
04-26 05:59:54.120 I/Gecko   (   84): 1398517194135	Marionette	DEBUG	Got request: executeWithCallback, data: {"to":"0","sessionId":"3-b2g","name":"executeAsyncScript","parameters":{"specialPowers":false,"scriptTimeout":30000,"newSandbox":true,"args":[],"filename":"app_checker.py","script":"GaiaApps.launchWithManifestURL('https://marketplace.firefox.com/app/4bcda4fb-d624-4d97-8c10-02ea23fd9539/manifest.webapp')","line":106}}, id: {a4e57467-86fd-463d-ae86-2354a04225e3}
04-26 05:59:54.320 I/Gonk    (   84): Setting nice for pid 3086 to 18
04-26 05:59:54.320 I/Gonk    (   84): Changed nice for pid 3086 from 18 to 18.
04-26 05:59:54.330 I/Gecko   (   84): [Parent 84] WARNING: waitpid failed pid:3086 errno:10: file ../../../gecko/ipc/chromium/src/base/process_util_posix.cc, line 254
04-26 05:59:54.350 I/Gonk    (   84): Setting nice for pid 3086 to 1
04-26 05:59:54.360 I/Gonk    (   84): Changed nice for pid 3086 from 18 to 1.
04-26 05:59:54.430 D/Sensors (   84): activate handle=0; drv=0
04-26 05:59:54.450 D/Sensors (   84): Lis3dhSensor: Control set 1
04-26 05:59:54.450 D/Sensors (   84): Lis3dhSensor: mEnabled = 1
04-26 05:59:54.780 I/InputReader(   84): Reconfiguring input devices.  changes=0x00000004
04-26 05:59:54.780 I/InputReader(   84): Device reconfigured: id=6, name='ms-msg21xx', size 320x480, orientation 1, mode 1, display id 0
04-26 05:59:54.800 E/GeckoConsole(   84): Content JS LOG at dummy file:334 in GaiaApps.launch: launching app with name 'Magic Stones'
04-26 05:59:54.900 E/[Gralloc-ERROR](   84): int gralloc_register_buffer(const gralloc_module_t*, const native_handle_t*):79 Unable to register handle 0x45e07b00 coming from different process: 84
04-26 05:59:54.940 E/[Gralloc-ERROR](   84): int gralloc_register_buffer(const gralloc_module_t*, const native_handle_t*):79 Unable to register handle 0x45e079c0 coming from different process: 84
04-26 05:59:55.140 E/[Gralloc-ERROR](   84): int gralloc_register_buffer(const gralloc_module_t*, const native_handle_t*):79 Unable to register handle 0x45e7c510 coming from different process: 84
04-26 05:59:55.190 E/[Gralloc-ERROR](   84): int gralloc_register_buffer(const gralloc_module_t*, const native_handle_t*):79 Unable to register handle 0x45e7c5b0 coming from different process: 84
04-26 05:59:55.820 E/[Gralloc-ERROR](   84): int gralloc_unregister_buffer(const gralloc_module_t*, const native_handle_t*):274 Trying to unregister buffer 0x4422cce0 from process 84 that was not created in current process: 84
04-26 05:59:55.820 E/[Gralloc-ERROR](   84): int gralloc_unregister_buffer(const gralloc_module_t*, const native_handle_t*):274 Trying to unregister buffer 0x4422cec0 from process 84 that was not created in current process: 84
04-26 05:59:55.970 I/Gonk    (   84): Setting nice for pid 3073 to 18
04-26 05:59:55.970 I/Gonk    (   84): Changed nice for pid 3073 from 1 to 18.
04-26 05:59:56.340 I/log     ( 3151): <4>0[ 1229.556763] select 3073 (Homescreen), adj 8, size 7282, to kill 
04-26 05:59:56.740 W/WifiHW  (   84): wifi_command: SIGNAL_POLL
04-26 05:59:57.290 I/Gecko   ( 3086): ###################################### forms.js loaded
04-26 05:59:57.310 I/Gecko   ( 3086): ############################### browserElementPanning.js loaded
04-26 05:59:57.370 I/Gecko   ( 3086): ######################## BrowserElementChildPreload.js loaded
04-26 05:59:57.380 I/Gecko   (   84): 
04-26 05:59:57.380 I/Gecko   (   84): ###!!! [Parent][MessageChannel] Error: Channel error: cannot send/recv
04-26 05:59:57.380 I/Gecko   (   84): 
04-26 05:59:57.420 I/GeckoDump(   84): Crash reporter : Can't fetch app.reportCrashes. Exception: [Exception... "Component returned failure code: 0x8000ffff (NS_ERROR_UNEXPECTED) [nsIPrefBranch.getBoolPref]"  nsresult: "0x8000ffff (NS_ERROR_UNEXPECTED)"  location: "JS frame :: chrome://browser/content/shell.js :: shell_reportCrash :: line 7"  data: no]
04-26 05:59:57.420 I/Gecko   (   84): [Parent 84] WARNING: waitpid failed pid:3073 errno:10: file ../../../gecko/ipc/chromium/src/base/process_util_posix.cc, line 254
04-26 05:59:57.970 E/GeckoConsole( 3086): [JavaScript Warning: "Error in parsing value for 'margin'.  Declaration dropped." {file: "app://{85e0853e-6298-4d02-bde0-e302c2eb48e9}/index.html" line: 17 column: 9 source: "	margin: none;"}]
04-26 05:59:57.970 E/GeckoConsole( 3086): [JavaScript Warning: "Unknown property '-moz-border-radius'.  Declaration dropped." {file: "app://{85e0853e-6298-4d02-bde0-e302c2eb48e9}/index.html" line: 227 column: 19 source: "	-moz-border-radius: 40px;"}]
04-26 05:59:57.970 E/GeckoConsole( 3086): [JavaScript Warning: "Unknown property '-moz-box-shadow'.  Declaration dropped." {file: "app://{85e0853e-6298-4d02-bde0-e302c2eb48e9}/index.html" line: 231 column: 16 source: "	-moz-box-shadow: 3px 3px 10px 0 #000;"}]
04-26 05:59:57.970 E/GeckoConsole( 3086): [JavaScript Warning: "Unknown property '-moz-border-radius'.  Declaration dropped." {file: "app://{85e0853e-6298-4d02-bde0-e302c2eb48e9}/index.html" line: 251 column: 19 source: "	-moz-border-radius: 40px;"}]
04-26 05:59:57.970 E/GeckoConsole( 3086): [JavaScript Warning: "Unknown property '-moz-box-shadow'.  Declaration dropped." {file: "app://{85e0853e-6298-4d02-bde0-e302c2eb48e9}/index.html" line: 255 column: 16 source: "	-moz-box-shadow: 3px 3px 10px 0 #000;"}]
04-26 05:59:59.030 I/Gonk    (   84): Setting nice for pid 3160 to 18
04-26 05:59:59.030 I/Gonk    (   84): Changed nice for pid 3160 from 0 to 18.
04-26 05:59:59.420 I/Gecko   (   84): [Parent 84] WARNING: waitpid failed pid:3073 errno:10: file ../../../gecko/ipc/chromium/src/base/process_util_posix.cc, line 254
04-26 05:59:59.420 I/Gecko   (   84): [Parent 84] WARNING: Failed to deliver SIGKILL to 3073!(3).: file ../../../gecko/ipc/chromium/src/chrome/common/process_watcher_posix_sigchld.cc, line 118
04-26 06:00:00.100 I/Gonk    (   84): Setting nice for pid 3160 to 18
04-26 06:00:00.100 I/Gonk    (   84): Changed nice for pid 3160 from 18 to 18.
04-26 06:00:00.100 I/Gecko   (   84): [Parent 84] WARNING: waitpid failed pid:3160 errno:10: file ../../../gecko/ipc/chromium/src/base/process_util_posix.cc, line 254
04-26 06:00:00.100 I/Gonk    (   84): Setting nice for pid 3160 to 1
04-26 06:00:00.110 I/Gonk    (   84): Changed nice for pid 3160 from 18 to 1.
04-26 06:00:00.130 I/Gonk    (   84): Setting nice for pid 3160 to 18
04-26 06:00:00.130 I/Gonk    (   84): Changed nice for pid 3160 from 1 to 18.
04-26 06:00:00.380 E/GeckoConsole( 3086): Content JS LOG at app://{85e0853e-6298-4d02-bde0-e302c2eb48e9}/index.html:439 in i: init
04-26 06:00:00.380 E/GeckoConsole( 3086): Content JS LOG at app://{85e0853e-6298-4d02-bde0-e302c2eb48e9}/index.html:1057 in aci: update image loading
04-26 06:00:00.480 E/GeckoConsole(   84): Content JS LOG at dummy file:326 in GaiaApps.launch/appOpen/<: app with origin 'app://{85e0853e-6298-4d02-bde0-e302c2eb48e9}' has launched
04-26 06:00:00.490 I/Gecko   (   84): 1398517200504	Marionette	INFO	sendToClient: {"from":"0","value":{"frame":{"ELEMENT":"{b03b268d-9833-40c2-920b-1685013c462f}"},"src":"app://{85e0853e-6298-4d02-bde0-e302c2eb48e9}/index.html","name":"Magic Stones","origin":"app://{85e0853e-6298-4d02-bde0-e302c2eb48e9}"}}, {a4e57467-86fd-463d-ae86-2354a04225e3}, {a4e57467-86fd-463d-ae86-2354a04225e3}
04-26 06:00:00.510 E/GeckoConsole( 3086): Content JS LOG at app://{85e0853e-6298-4d02-bde0-e302c2eb48e9}/index.html:1057 in aci: update image loading
04-26 06:00:00.520 E/[Gralloc-ERROR](   84): int gralloc_unregister_buffer(const gralloc_module_t*, const native_handle_t*):274 Trying to unregister buffer 0x45e7c5b0 from process 84 that was not created in current process: 84
04-26 06:00:00.520 E/[Gralloc-ERROR](   84): int gralloc_unregister_buffer(const gralloc_module_t*, const native_handle_t*):274 Trying to unregister buffer 0x45e7c510 from process 84 that was not created in current process: 84
04-26 06:00:00.530 I/Gecko   (   84): 1398517200544	Marionette	DEBUG	Got request: switchToFrame, data: {"to":"0","sessionId":"3-b2g","name":"switchToFrame","parameters":{"focus":true,"element":"{b03b268d-9833-40c2-920b-1685013c462f}"}}, id: {764c8d87-8e33-4dee-a1ea-01116b8c953d}
04-26 06:00:00.560 I/Gecko   (   84): 1398517200570	Marionette	INFO	Switched to frame: {"frameValue":"{b03b268d-9833-40c2-920b-1685013c462f}"}
04-26 06:00:00.560 I/Gecko   (   84): 1398517200573	Marionette	INFO	trying remote frame 0
04-26 06:00:00.560 I/Gecko   (   84): 1398517200574	Marionette	INFO	trying remote frame 1
04-26 06:00:00.580 I/Gecko   (   84): 1398517200591	Marionette	INFO	trying remote frame 2
04-26 06:00:00.580 I/Gecko   (   84): 1398517200592	Marionette	INFO	trying remote frame 3
04-26 06:00:00.580 I/Gecko   (   84): 1398517200593	Marionette	INFO	deleting frame
04-26 06:00:00.580 I/Gecko   (   84): 1398517200598	Marionette	INFO	frame-manager load script: [object ChromeMessageSender]
04-26 06:00:00.990 I/Gecko   (   84): 1398517201009	Marionette	INFO	sendToClient: {"from":"0","ok":true}, {764c8d87-8e33-4dee-a1ea-01116b8c953d}, {764c8d87-8e33-4dee-a1ea-01116b8c953d}
04-26 06:00:01.010 I/Gecko   (   84): 1398517201021	Marionette	INFO	sendToClient: {"from":"0","value":"app://{85e0853e-6298-4d02-bde0-e302c2eb48e9}/index.html"}, {0de869f0-d841-4fdd-b7fd-429cc70946b6}, {0de869f0-d841-4fdd-b7fd-429cc70946b6}
04-26 06:00:01.010 I/Gecko   (   84): 1398517201027	Marionette	DEBUG	Got request: execute, data: {"to":"0","sessionId":"3-b2g","name":"executeScript","parameters":{"specialPowers":false,"scriptTimeout":null,"newSandbox":true,"args":[],"filename":"app_checker.py","script":"return window.document.readyState;","line":191}}, id: {310e2fa0-9f9a-41af-ad64-95374c61753a}
04-26 06:00:01.040 I/Gecko   (   84): 1398517201051	Marionette	INFO	sendToClient: {"from":"0","value":"complete"}, {310e2fa0-9f9a-41af-ad64-95374c61753a}, {310e2fa0-9f9a-41af-ad64-95374c61753a}
04-26 06:00:01.040 I/Gecko   (   84): 1398517201059	Marionette	INFO	sendToClient: {"from":"0","value":"app://{85e0853e-6298-4d02-bde0-e302c2eb48e9}/index.html"}, {89a792b0-2eec-432b-9305-0a83fd9bb203}, {89a792b0-2eec-432b-9305-0a83fd9bb203}
04-26 06:00:01.070 I/Gecko   ( 3086): Attempting load of libEGL.so
04-26 06:00:01.090 D/libEGL  ( 3086): loaded /system/lib/egl/libEGL_mali.so
04-26 06:00:01.120 D/libEGL  ( 3086): loaded /system/lib/egl/libGLESv1_CM_mali.so
04-26 06:00:01.120 D/libEGL  ( 3086): loaded /system/lib/egl/libGLESv2_mali.so
04-26 06:00:01.200 I/Gecko   ( 3086): SharedSurface_Gralloc::Create -------
04-26 06:00:01.220 I/Gecko   ( 3086): SharedSurface_Gralloc::Create: success -- surface 0x440fd140, GraphicBuffer 0x4328a080.
04-26 06:00:01.750 W/WifiHW  (   84): wifi_command: SIGNAL_POLL
04-26 06:00:02.450 I/Gecko   (   84): 1398517202463	Marionette	INFO	sendToClient: {"from":"0","value":"iVBORw0KGgoAAAANSUhEUgAAAeAAAAFACAYAAABkyK97AAAGNUlEQVR4nO3UsQ3AQBDDsNt/6WSLV2EaYK/Kd3cfAPBcHgAAi/IAAFiUBwDAojwAABblAQCwKA8AgEV5AAAsygMAYFEeAACL8gAAWJQHAMCiPAAAFuUBALAoDwCARXkAACzKAwBgUR4AAIvyAABYlAcAwKI8AAAW5QEAsCgPAIBFeQAALMoDAGBRHgAAi/IAAFiUBwDAojwAABblAQCwKA8AgEV5AAAsygMAYFEeAACL8gAAWJQHAMCiPAAAFuUBALAoDwCARXkAACzKAwBgUR4AAIvyAABYlAcAwKI8AAAW5QEAsCgPAIBFeQAALMoDAGBRHgAAi/IAAFiUBwDAojwAABblAQCwKA8AgEV5AAAsygMAYFEeAACL8gAAWJQHAMCiPAAAFuUBALAoDwCARXkAACzKAwBgUR4AAIvyAABYlAcAwKI8AAAW5QEAsCgPAIBFeQAALMoDAGBRHgAAi/IAAFiUBwDAojwAABblAQCwKA8AgEV5AAAsygMAYFEeAACL8gAAWJQHAMCiPAAAFuUBALAoDwCARXkAACzKAwBgUR4AAIvyAABYlAcAwKI8AAAW5QEAsCgPAIBFeQAALMoDAGBRHgAAi/IAAFiUBwDAojwAABblAQCwKA8AgEV5AAAsygMAYFEeAACL8gAAWJQHAMCiPAAAFuUBALAoDwCARXkAACzKAwBgUR4AAIvyAABYlAcAwKI8AAAW5QEAsCgPAIBFeQAALMoDAGBRHgAAi/IAAFiUBwDAojwAABblAQCwKA8AgEV5AAAsygMAYFEeAACL8gAAWJQHAMCiPAAAFuUBALAoDwCARXkAACzKAwBgUR4AAIvyAABYlAcAwKI8AAAW5QEAsCgPAIBFeQAALMoDAGBRHpAzM7Nm9f/H8oCcmZk1q/8/lg
04-26 06:00:02.600 I/Gecko   (   84): 1398517202610	Marionette	INFO	sendToClient: {"from":"0","ok":true}, {92ffc668-7f8f-4ec1-889c-1cd1212b05c8}, {92ffc668-7f8f-4ec1-889c-1cd1212b05c8}
04-26 06:00:02.600 I/Gecko   (   84): 
04-26 06:00:02.600 I/Gecko   (   84): ###!!! [Parent][MessageChannel] Error: Channel error: cannot send/recv
04-26 06:00:02.600 I/Gecko   (   84): 
04-26 06:00:02.660 I/GeckoDump(   84): Crash reporter : Can't fetch app.reportCrashes. Exception: [Exception... "Component returned failure code: 0x8000ffff (NS_ERROR_UNEXPECTED) [nsIPrefBranch.getBoolPref]"  nsresult: "0x8000ffff (NS_ERROR_UNEXPECTED)"  location: "JS frame :: chrome://browser/content/shell.js :: shell_reportCrash :: line 7"  data: no]
04-26 06:00:02.660 I/Gecko   (   84): [Parent 84] WARNING: waitpid failed pid:3160 errno:10: file ../../../gecko/ipc/chromium/src/base/process_util_posix.cc, line 254
04-26 06:00:02.670 I/Gecko   (   84): 1398517202684	Marionette	DEBUG	Got request: switchToFrame, data: {"to":"0","sessionId":"3-b2g","name":"switchToFrame","parameters":{"id":null,"focus":true}}, id: {e676a2b6-76d9-42a3-a15f-94b637ae333b}
04-26 06:00:02.680 I/Gecko   (   84): 1398517202699	Marionette	INFO	Switched to frame: {"frameValue":null}
04-26 06:00:02.790 I/Gecko   (   84): 1398517202807	Marionette	INFO	sendToClient: {"from":"0","ok":true}, {e676a2b6-76d9-42a3-a15f-94b637ae333b}, {e676a2b6-76d9-42a3-a15f-94b637ae333b}
04-26 06:00:02.800 I/Gecko   (   84): 1398517202813	Marionette	DEBUG	Got request: executeWithCallback, data: {"to":"0","sessionId":"3-b2g","name":"executeAsyncScript","parameters":{"specialPowers":false,"scriptTimeout":null,"newSandbox":true,"args":[],"filename":"gaia_test.py","script":"return GaiaApps.displayedApp();","line":66}}, id: {82c9cc52-922b-475f-9b77-5dbf5315f2a2}
04-26 06:00:02.860 I/Gecko   (   84): 1398517202870	Marionette	INFO	sendToClient: {"from":"0","value":{"frame":{"ELEMENT":"{b03b268d-9833-40c2-920b-1685013c462f}"},"src":"app://{85e0853e-6298-4d02-bde0-e302c2eb48e9}/index.html","name":"Magic Stones","origin":"app://{85e0853e-6298-4d02-bde0-e302c2eb48e9}"}}, {82c9cc52-922b-475f-9b77-5dbf5315f2a2}, {82c9cc52-922b-475f-9b77-5dbf5315f2a2}
04-26 06:00:02.860 I/Gecko   (   84): 1398517202876	Marionette	DEBUG	Got request: switchToFrame, data: {"to":"0","sessionId":"3-b2g","name":"switchToFrame","parameters":{"id":null,"focus":true}}, id: {cf6f82bc-542e-4a13-8a79-01493ec82d73}
04-26 06:00:02.860 E/GeckoConsole(   84): Content JS LOG at dummy file:392 in GaiaApps.displayedApp: app with origin 'app://{85e0853e-6298-4d02-bde0-e302c2eb48e9}' is displayed
04-26 06:00:02.870 I/Gecko   (   84): 1398517202880	Marionette	INFO	Switched to frame: {"frameValue":null}
04-26 06:00:02.970 I/Gecko   (   84): 1398517202983	Marionette	INFO	sendToClient: {"from":"0","ok":true}, {cf6f82bc-542e-4a13-8a79-01493ec82d73}, {cf6f82bc-542e-4a13-8a79-01493ec82d73}
04-26 06:00:02.970 I/Gecko   (   84): 1398517202988	Marionette	DEBUG	Got request: execute, data: {"to":"0","sessionId":"3-b2g","name":"executeScript","parameters":{"specialPowers":false,"scriptTimeout":null,"newSandbox":true,"args":[],"filename":"gaia_test.py","script":"window.wrappedJSObject.dispatchEvent(new Event('home'));","line":788}}, id: {bcfef8c6-a002-4911-bc8f-e50649d1ad7f}
04-26 06:00:03.080 D/Sensors (   84): activate handle=0; drv=0
04-26 06:00:03.100 D/Sensors (   84): Lis3dhSensor: Control set 0
04-26 06:00:03.100 D/Sensors (   84): Lis3dhSensor: mEnabled = 0
04-26 06:00:03.420 E/GeckoConsole( 3086): Content JS LOG at app://{85e0853e-6298-4d02-bde0-e302c2eb48e9}/index.html:480 in mp: show screen l
04-26 06:00:03.590 I/InputReader(   84): Reconfiguring input devices.  changes=0x00000004
04-26 06:00:03.590 I/InputReader(   84): Device reconfigured: id=6, name='ms-msg21xx', size 320x480, orientation 0, mode 1, display id 0
04-26 06:00:03.660 E/[Gralloc-ERROR](   84): int gralloc_register_buffer(const gralloc_module_t*, const native_handle_t*):79 Unable to register handle 0x452df510 coming from different process: 84
04-26 06:00:03.720 E/[Gralloc-ERROR](   84): int gralloc_register_buffer(const gralloc_module_t*, const native_handle_t*):79 Unable to register handle 0x452df5b0 coming from different process: 84
04-26 06:00:03.940 I/Gonk    (   84): Setting nice for pid 3176 to 18
04-26 06:00:03.940 I/Gonk    (   84): Changed nice for pid 3176 from 0 to 18.
04-26 06:00:03.970 E/[Gralloc-ERROR](   84): int gralloc_unregister_buffer(const gralloc_module_t*, const native_handle_t*):274 Trying to unregister buffer 0x45e079c0 from process 84 that was not created in current process: 84
04-26 06:00:03.970 I/Gecko   (   84): 1398517203985	Marionette	INFO	sendToClient: {"from":"0","value":null}, {bcfef8c6-a002-4911-bc8f-e50649d1ad7f}, {bcfef8c6-a002-4911-bc8f-e50649d1ad7f}
04-26 06:00:04.480 E/[Gralloc-ERROR](   84): int gralloc_unregister_buffer(const gralloc_module_t*, const native_handle_t*):274 Trying to unregister buffer 0x45e07b00 from process 84 that was not created in current process: 84
04-26 06:00:04.480 I/Gonk    (   84): Setting nice for pid 3176 to 18
04-26 06:00:04.480 I/Gonk    (   84): Changed nice for pid 3176 from 18 to 18.
04-26 06:00:04.480 I/Gecko   (   84): [Parent 84] WARNING: waitpid failed pid:3176 errno:10: file ../../../gecko/ipc/chromium/src/base/process_util_posix.cc, line 254
04-26 06:00:04.500 I/Gonk    (   84): Setting nice for pid 3176 to 1
04-26 06:00:04.500 I/Gonk    (   84): Changed nice for pid 3176 from 18 to 1.
04-26 06:00:04.530 I/Gecko   (   84): 1398517204549	Marionette	DEBUG	Got request: switchToFrame, data: {"to":"0","sessionId":"3-b2g","name":"switchToFrame","parameters":{"id":null,"focus":true}}, id: {c6a91594-5d52-4c70-8851-fb96ce521161}
04-26 06:00:04.540 I/Gecko   (   84): 1398517204556	Marionette	INFO	Switched to frame: {"frameValue":null}
04-26 06:00:04.660 I/Gecko   (   84): [Parent 84] WARNING: waitpid failed pid:3160 errno:10: file ../../../gecko/ipc/chromium/src/base/process_util_posix.cc, line 254
04-26 06:00:04.660 I/Gecko   (   84): [Parent 84] WARNING: Failed to deliver SIGKILL to 3160!(3).: file ../../../gecko/ipc/chromium/src/chrome/common/process_watcher_posix_sigchld.cc, line 118
04-26 06:00:05.050 I/Gecko   (   84): 1398517205069	Marionette	INFO	sendToClient: {"from":"0","ok":true}, {c6a91594-5d52-4c70-8851-fb96ce521161}, {c6a91594-5d52-4c70-8851-fb96ce521161}
04-26 06:00:05.220 I/Gonk    (   84): Setting nice for pid 3184 to 18
04-26 06:00:05.230 I/Gonk    (   84): Changed nice for pid 3184 from 0 to 18.
04-26 06:00:05.260 I/Gecko   (   84): 1398517205271	Marionette	DEBUG	Got request: executeWithCallback, data: {"to":"0","sessionId":"3-b2g","name":"executeAsyncScript","parameters":{"specialPowers":false,"scriptTimeout":null,"newSandbox":true,"args":[],"filename":"gaia_test.py","script":"return GaiaApps.displayedApp();","line":66}}, id: {8dba7d63-d964-4ef7-82eb-01a5490470dc}
04-26 06:00:05.430 E/GeckoConsole(   84): Content JS LOG at dummy file:392 in GaiaApps.displayedApp: app with origin 'app://homescreen.gaiamobile.org' is displayed
04-26 06:00:05.430 I/Gecko   (   84): 1398517205447	Marionette	INFO	sendToClient: {"from":"0","value":{"frame":{"ELEMENT":"{d3cba485-4b2e-40af-9666-f8859cb3e468}"},"src":"app://homescreen.gaiamobile.org/index.html#root","name":"Homescreen","origin":"app://homescreen.gaiamobile.org"}}, {8dba7d63-d964-4ef7-82eb-01a5490470dc}, {8dba7d63-d964-4ef7-82eb-01a5490470dc}
04-26 06:00:05.450 I/Gonk    (   84): Setting nice for pid 3086 to 18
04-26 06:00:05.450 I/Gonk    (   84): Changed nice for pid 3086 from 1 to 18.
04-26 06:00:05.450 I/Gecko   (   84): 1398517205469	Marionette	DEBUG	Got request: switchToFrame, data: {"to":"0","sessionId":"3-b2g","name":"switchToFrame","parameters":{"id":null,"focus":true}}, id: {fdc9e52d-c40a-4fb2-9f66-06ee42829761}
04-26 06:00:05.460 I/Gecko   (   84): 1398517205471	Marionette	INFO	Switched to frame: {"frameValue":null}
04-26 06:00:05.580 I/Gecko   (   84): 1398517205593	Marionette	INFO	sendToClient: {"from":"0","ok":true}, {fdc9e52d-c40a-4fb2-9f66-06ee42829761}, {fdc9e52d-c40a-4fb2-9f66-06ee42829761}
04-26 06:00:05.590 I/Gecko   (   84): 1398517205604	Marionette	DEBUG	Got request: switchToFrame, data: {"to":"0","sessionId":"3-b2g","name":"switchToFrame","parameters":{"id":null,"focus":true}}, id: {ce38ff03-867d-4be8-8f4a-111960181851}
04-26 06:00:05.590 I/Gecko   (   84): 1398517205606	Marionette	INFO	Switched to frame: {"frameValue":null}
04-26 06:00:05.720 I/Gecko   (   84): 1398517205736	Marionette	INFO	sendToClient: {"from":"0","ok":true}, {ce38ff03-867d-4be8-8f4a-111960181851}, {ce38ff03-867d-4be8-8f4a-111960181851}
04-26 06:00:05.740 I/Gecko   (   84): 1398517205756	Marionette	DEBUG	Got request: executeWithCallback, data: {"to":"0","sessionId":"3-b2g","name":"executeAsyncScript","parameters":{"specialPowers":false,"scriptTimeout":null,"newSandbox":true,"args":[],"filename":"gaia_test.py","script":"return GaiaApps.displayedApp();","line":66}}, id: {65210b34-054b-4cb9-af01-789148705367}
04-26 06:00:05.820 E/GeckoConsole(   84): Content JS LOG at dummy file:392 in GaiaApps.displayedApp: app with origin 'app://homescreen.gaiamobile.org' is displayed
04-26 06:00:05.830 I/Gecko   (   84): 1398517205841	Marionette	INFO	sendToClient: {"from":"0","value":{"frame":{"ELEMENT":"{d3cba485-4b2e-40af-9666-f8859cb3e468}"},"src":"app://homescreen.gaiamobile.org/index.html#root","name":"Homescreen","origin":"app://homescreen.gaiamobile.org"}}, {65210b34-054b-4cb9-af01-789148705367}, {65210b34-054b-4cb9-af01-789148705367}
04-26 06:00:05.880 I/Gecko   (   84): 1398517205895	Marionette	DEBUG	Got request: switchToFrame, data: {"to":"0","sessionId":"3-b2g","name":"switchToFrame","parameters":{"focus":true,"element":"{d3cba485-4b2e-40af-9666-f8859cb3e468}"}}, id: {56d287c0-5b94-43d5-9c3a-7b2a83db0d82}
04-26 06:00:05.890 I/Gecko   (   84): 1398517205903	Marionette	INFO	Switched to frame: {"frameValue":"{d3cba485-4b2e-40af-9666-f8859cb3e468}"}
04-26 06:00:05.890 I/Gecko   (   84): 1398517205905	Marionette	INFO	trying remote frame 0
04-26 06:00:05.890 I/Gecko   (   84): 1398517205907	Marionette	INFO	trying remote frame 1
04-26 06:00:05.910 I/Gecko   (   84): 1398517205909	Marionette	INFO	trying remote frame 2
04-26 06:00:05.910 I/Gecko   (   84): 1398517205921	Marionette	INFO	trying remote frame 3
04-26 06:00:05.910 I/Gecko   (   84): 1398517205922	Marionette	INFO	deleting frame
04-26 06:00:05.910 I/Gecko   (   84): 1398517205927	Marionette	INFO	frame-manager load script: [object ChromeMessageSender]
04-26 06:00:06.760 W/WifiHW  (   84): wifi_command: SIGNAL_POLL
04-26 06:00:06.940 I/Gecko   ( 3176): ###################################### forms.js loaded
04-26 06:00:06.970 I/Gecko   ( 3176): ############################### browserElementPanning.js loaded
04-26 06:00:07.000 I/Gecko   (   84): 
04-26 06:00:07.000 I/Gecko   (   84): ###!!! [Parent][MessageChannel] Error: Channel error: cannot send/recv
04-26 06:00:07.000 I/Gecko   (   84): 
04-26 06:00:07.010 I/Gecko   ( 3176): ######################## BrowserElementChildPreload.js loaded
04-26 06:00:07.120 I/GeckoDump(   84): Crash reporter : Can't fetch app.reportCrashes. Exception: [Exception... "Component returned failure code: 0x8000ffff (NS_ERROR_UNEXPECTED) [nsIPrefBranch.getBoolPref]"  nsresult: "0x8000ffff (NS_ERROR_UNEXPECTED)"  location: "JS frame :: chrome://browser/content/shell.js :: shell_reportCrash :: line 7"  data: no]
04-26 06:00:07.140 I/Gecko   (   84): [Parent 84] WARNING: waitpid failed pid:3086 errno:10: file ../../../gecko/ipc/chromium/src/base/process_util_posix.cc, line 254
04-26 06:00:08.090 I/Gecko   (   84): 1398517208100	Marionette	INFO	sendToClient: {"from":"0","ok":true}, {56d287c0-5b94-43d5-9c3a-7b2a83db0d82}, {56d287c0-5b94-43d5-9c3a-7b2a83db0d82}
04-26 06:00:08.390 I/Gecko   (   84): 1398517208406	Marionette	INFO	sendToClient: {"from":"0","value":"app://homescreen.gaiamobile.org/index.html#root"}, {b5c517f6-2b0f-47d7-9d86-2c2ef62913fd}, {b5c517f6-2b0f-47d7-9d86-2c2ef62913fd}
04-26 06:00:08.410 I/Gecko   (   84): 1398517208423	Marionette	DEBUG	Got request: switchToFrame, data: {"to":"0","sessionId":"3-b2g","name":"switchToFrame","parameters":{"id":null,"focus":true}}, id: {6fad076f-4ed9-4d96-afb8-07be609ebb58}
04-26 06:00:08.450 I/Gecko   (   84): 1398517208461	Marionette	INFO	Switched to frame: {"frameValue":null}
04-26 06:00:08.550 I/Gecko   (   84): 1398517208567	Marionette	INFO	sendToClient: {"from":"0","ok":true}, {6fad076f-4ed9-4d96-afb8-07be609ebb58}, {6fad076f-4ed9-4d96-afb8-07be609ebb58}
04-26 06:00:08.560 I/Gecko   (   84): 1398517208575	Marionette	DEBUG	Got request: switchToFrame, data: {"to":"0","sessionId":"3-b2g","name":"switchToFrame","parameters":{"id":null,"focus":true}}, id: {039e0b0e-0c35-4547-adc4-a209b473d97d}
04-26 06:00:08.560 I/Gecko   (   84): 1398517208577	Marionette	INFO	Switched to frame: {"frameValue":null}
04-26 06:00:08.670 I/Gecko   (   84): 1398517208682	Marionette	INFO	sendToClient: {"from":"0","ok":true}, {039e0b0e-0c35-4547-adc4-a209b473d97d}, {039e0b0e-0c35-4547-adc4-a209b473d97d}
04-26 06:00:08.680 I/Gecko   (   84): 1398517208691	Marionette	DEBUG	Got request: executeWithCallback, data: {"to":"0","sessionId":"3-b2g","name":"executeAsyncScript","parameters":{"specialPowers":false,"scriptTimeout":null,"newSandbox":true,"args":[],"filename":"gaia_test.py","script":"GaiaApps.killAll()","line":91}}, id: {c69dfb71-8ce0-4364-b975-35f992713f16}
04-26 06:00:08.720 I/Gecko   (   84): 1398517208735	Marionette	INFO	sendToClient: {"from":"0","value":true}, {c69dfb71-8ce0-4364-b975-35f992713f16}, {c69dfb71-8ce0-4364-b975-35f992713f16}
04-26 06:00:08.730 I/Gecko   (   84): 1398517208741	Marionette	DEBUG	Got request: switchToFrame, data: {"to":"0","sessionId":"3-b2g","name":"switchToFrame","parameters":{"id":null,"focus":true}}, id: {a5f761b6-5fc3-4e10-a023-59932694102b}
04-26 06:00:08.740 I/Gecko   (   84): 1398517208752	Marionette	INFO	Switched to frame: {"frameValue":null}
04-26 06:00:08.840 I/Gecko   (   84): 1398517208854	Marionette	INFO	sendToClient: {"from":"0","ok":true}, {a5f761b6-5fc3-4e10-a023-59932694102b}, {a5f761b6-5fc3-4e10-a023-59932694102b}
04-26 06:00:08.850 I/Gecko   (   84): 1398517208865	Marionette	DEBUG	Got request: executeWithCallback, data: {"to":"0","sessionId":"3-b2g","name":"executeAsyncScript","parameters":{"specialPowers":false,"scriptTimeout":60000,"newSandbox":true,"args":[],"filename":"app_checker.py","script":"\n        GaiaApps.locateWithManifestURL('https://marketplace.firefox.com/app/4bcda4fb-d624-4d97-8c10-02ea23fd9539/manifest.webapp',\n                                       null,\n                                       function uninstall(app) {\n                                       navigator.mozApps.mgmt.uninstall(app);\n                                       marionetteScriptFinished(true);\n                                       });\n        ","line":129}}, id: {51c78819-9cb4-4c10-b508-030a1644a603}
04-26 06:00:08.900 I/Gecko   (   84): -- webapps.js uninstall https://marketplace.firefox.com/app/4bcda4fb-d624-4d97-8c10-02ea23fd9539/manifest.webapp
04-26 06:00:09.140 I/Gecko   (   84): [Parent 84] WARNING: waitpid failed pid:3086 errno:10: file ../../../gecko/ipc/chromium/src/base/process_util_posix.cc, line 254
04-26 06:00:09.140 I/Gecko   (   84): [Parent 84] WARNING: Failed to deliver SIGKILL to 3086!(3).: file ../../../gecko/ipc/chromium/src/chrome/common/process_watcher_posix_sigchld.cc, line 118
04-26 06:00:09.330 I/Gecko   (   84): 1398517209341	Marionette	INFO	sendToClient: {"from":"0","value":true}, {51c78819-9cb4-4c10-b508-030a1644a603}, {51c78819-9cb4-4c10-b508-030a1644a603}