--------- beginning of /dev/log/main
04-24 23:19:44.927 E/Profiler( 1373): BEGIN mozilla_sampler_init
04-24 23:19:44.957 E/Profiler( 1373): BPUnw: [1 total] thread_register_for_profiling(me=0x4011a488, stacktop=0xbed049b7)
04-24 23:19:44.957 E/Profiler( 1373): SPS:
04-24 23:19:44.957 E/Profiler( 1373): SPS: Unwind mode       = pseudo
04-24 23:19:44.957 E/Profiler( 1373): SPS: Sampling interval = 0 ms (zero means "platform default")
04-24 23:19:44.957 E/Profiler( 1373): SPS: Entry store size  = 0 (zero means "platform default")
04-24 23:19:44.957 E/Profiler( 1373): SPS: UnwindStackScan   = 0 (max dubious frames per unwind).
04-24 23:19:44.957 E/Profiler( 1373): SPS: Use env var MOZ_PROFILER_MODE=help for further information.
04-24 23:19:44.957 E/Profiler( 1373): SPS:
04-24 23:19:44.957 E/Profiler( 1373): Registering start signal
04-24 23:19:45.627 I/Gecko   (   84): 1398406785631	Marionette	INFO	sendToClient: {"from":"0","ok":true}, {20a09c10-f2d4-4b8e-b1e3-97c8fd0b790d}, {20a09c10-f2d4-4b8e-b1e3-97c8fd0b790d}
04-24 23:19:45.817 I/Gecko   (   84): 1398406785825	Marionette	DEBUG	Got request: switchToFrame, data: {"to":"0","sessionId":"3-b2g","name":"switchToFrame","parameters":{"id":null,"focus":true}}, id: {bf91a7b5-ce97-472a-b66f-ea5a95bc176a}
04-24 23:19:45.887 I/Gecko   (   84): 1398406785892	Marionette	INFO	Switched to frame: {"frameValue":null}
04-24 23:19:46.547 I/Gecko   (   84): 1398406786555	Marionette	INFO	sendToClient: {"from":"0","ok":true}, {bf91a7b5-ce97-472a-b66f-ea5a95bc176a}, {bf91a7b5-ce97-472a-b66f-ea5a95bc176a}
04-24 23:19:46.657 I/Gecko   (   84): 1398406786668	Marionette	DEBUG	Got request: executeWithCallback, data: {"to":"0","sessionId":"3-b2g","name":"executeAsyncScript","parameters":{"specialPowers":false,"scriptTimeout":null,"newSandbox":true,"args":[],"filename":"gaia_test.py","script":"return GaiaApps.displayedApp();","line":66}}, id: {787dcb4f-a0bd-4d3e-aa6f-fecf790cd3ee}
04-24 23:19:47.117 E/GeckoConsole( 1373): Could not read chrome manifest 'file:///system/b2g/chrome.manifest'.
04-24 23:19:47.797 E/GeckoConsole(   84): Content JS LOG at dummy file:392 in GaiaApps.displayedApp: app with origin 'http://marriedgames.org' is displayed
04-24 23:19:47.887 I/Gecko   (   84): 1398406787891	Marionette	INFO	sendToClient: {"from":"0","value":{"frame":{"ELEMENT":"{8b415d6e-f293-40bb-9a9d-d0f7756367f5}"},"src":"http://marriedgames.org/","name":"MarriedGames.org","origin":"http://marriedgames.org"}}, {787dcb4f-a0bd-4d3e-aa6f-fecf790cd3ee}, {787dcb4f-a0bd-4d3e-aa6f-fecf790cd3ee}
04-24 23:19:48.047 I/Gecko   (   84): 1398406788053	Marionette	DEBUG	Got request: switchToFrame, data: {"to":"0","sessionId":"3-b2g","name":"switchToFrame","parameters":{"id":null,"focus":true}}, id: {dd222d33-1c43-4264-b006-2c43ffead64e}
04-24 23:19:48.067 I/Gecko   (   84): 1398406788070	Marionette	INFO	Switched to frame: {"frameValue":null}
04-24 23:19:48.207 I/Gecko   (   84): 1398406788215	Marionette	INFO	sendToClient: {"from":"0","ok":true}, {dd222d33-1c43-4264-b006-2c43ffead64e}, {dd222d33-1c43-4264-b006-2c43ffead64e}
04-24 23:19:48.217 I/Gecko   (   84): 1398406788221	Marionette	DEBUG	Got request: execute, data: {"to":"0","sessionId":"3-b2g","name":"executeScript","parameters":{"specialPowers":false,"scriptTimeout":null,"newSandbox":true,"args":[],"filename":"gaia_test.py","script":"window.wrappedJSObject.dispatchEvent(new Event('home'));","line":788}}, id: {ae559e27-7122-427d-a9dc-95ec2ac07674}
04-24 23:19:48.927 I/Gonk    (   84): Setting nice for pid 1346 to 18
04-24 23:19:48.927 I/Gonk    (   84): Changed nice for pid 1346 from 0 to 18.
04-24 23:19:48.947 I/Gecko   (   84): [Parent 84] WARNING: waitpid failed pid:1346 errno:10: file ../../../gecko/ipc/chromium/src/base/process_util_posix.cc, line 254
04-24 23:19:48.997 I/Gonk    (   84): Setting nice for pid 1346 to 1
04-24 23:19:48.997 I/Gonk    (   84): Changed nice for pid 1346 from 18 to 1.
04-24 23:19:49.137 I/Gonk    (   84): Setting nice for pid 1324 to 18
04-24 23:19:49.137 I/Gonk    (   84): Changed nice for pid 1324 from 1 to 18.
04-24 23:19:49.197 D/Sensors (   84): activate handle=0; drv=0
04-24 23:19:49.217 D/Sensors (   84): Lis3dhSensor: Control set 0
04-24 23:19:49.217 D/Sensors (   84): Lis3dhSensor: mEnabled = 0
04-24 23:19:49.367 I/Gecko   (   84): 1398406789371	Marionette	INFO	sendToClient: {"from":"0","value":null}, {ae559e27-7122-427d-a9dc-95ec2ac07674}, {ae559e27-7122-427d-a9dc-95ec2ac07674}
04-24 23:19:49.767 W/WifiHW  (   84): wifi_command: SIGNAL_POLL
04-24 23:19:49.887 E/[Gralloc-ERROR](   84): int gralloc_unregister_buffer(const gralloc_module_t*, const native_handle_t*):274 Trying to unregister buffer 0x49723ab0 from process 84 that was not created in current process: 84
04-24 23:19:49.897 E/[Gralloc-ERROR](   84): int gralloc_unregister_buffer(const gralloc_module_t*, const native_handle_t*):274 Trying to unregister buffer 0x497238d0 from process 84 that was not created in current process: 84
04-24 23:19:49.897 E/[Gralloc-ERROR](   84): int gralloc_unregister_buffer(const gralloc_module_t*, const native_handle_t*):274 Trying to unregister buffer 0x49723c40 from process 84 that was not created in current process: 84
04-24 23:19:49.907 E/[Gralloc-ERROR](   84): int gralloc_unregister_buffer(const gralloc_module_t*, const native_handle_t*):274 Trying to unregister buffer 0x49723ba0 from process 84 that was not created in current process: 84
04-24 23:19:49.907 I/Gecko   (   84): 1398406789914	Marionette	DEBUG	Got request: switchToFrame, data: {"to":"0","sessionId":"3-b2g","name":"switchToFrame","parameters":{"id":null,"focus":true}}, id: {be80b05c-3dc1-4a43-a416-f501638eb540}
04-24 23:19:49.917 I/Gecko   (   84): 1398406789921	Marionette	INFO	Switched to frame: {"frameValue":null}
04-24 23:19:50.577 I/log     ( 1387): <4>0[ 349.621850] select 1324 (MarriedGames.or), adj 10, size 8166, to kill 
04-24 23:19:51.097 I/Gecko   (   84): 1398406791107	Marionette	INFO	sendToClient: {"from":"0","ok":true}, {be80b05c-3dc1-4a43-a416-f501638eb540}, {be80b05c-3dc1-4a43-a416-f501638eb540}
04-24 23:19:51.347 E/[Gralloc-ERROR](   84): int gralloc_register_buffer(const gralloc_module_t*, const native_handle_t*):79 Unable to register handle 0x44253f10 coming from different process: 84
04-24 23:19:51.347 E/[Gralloc-ERROR](   84): int gralloc_register_buffer(const gralloc_module_t*, const native_handle_t*):79 Unable to register handle 0x44253fb0 coming from different process: 84
04-24 23:19:51.607 E/[Gralloc-ERROR](   84): int gralloc_unregister_buffer(const gralloc_module_t*, const native_handle_t*):274 Trying to unregister buffer 0x44253fb0 from process 84 that was not created in current process: 84
04-24 23:19:51.627 E/[Gralloc-ERROR](   84): int gralloc_unregister_buffer(const gralloc_module_t*, const native_handle_t*):274 Trying to unregister buffer 0x44253f10 from process 84 that was not created in current process: 84
04-24 23:19:51.627 I/Gecko   (   84): 1398406791632	Marionette	DEBUG	Got request: executeWithCallback, data: {"to":"0","sessionId":"3-b2g","name":"executeAsyncScript","parameters":{"specialPowers":false,"scriptTimeout":null,"newSandbox":true,"args":[],"filename":"gaia_test.py","script":"return GaiaApps.displayedApp();","line":66}}, id: {f37c4649-512d-4d4e-8c4e-07f36630a569}
04-24 23:19:51.887 I/Gecko   (   84): 1398406791899	Marionette	INFO	sendToClient: {"from":"0","value":{"frame":{"ELEMENT":"{10213226-6bc1-402f-8179-dbe7109ee432}"},"src":"app://homescreen.gaiamobile.org/index.html#root","name":"Homescreen","origin":"app://homescreen.gaiamobile.org"}}, {f37c4649-512d-4d4e-8c4e-07f36630a569}, {f37c4649-512d-4d4e-8c4e-07f36630a569}
04-24 23:19:51.897 E/GeckoConsole(   84): Content JS LOG at dummy file:392 in GaiaApps.displayedApp: app with origin 'app://homescreen.gaiamobile.org' is displayed
04-24 23:19:51.937 I/Gecko   (   84): 1398406791946	Marionette	DEBUG	Got request: switchToFrame, data: {"to":"0","sessionId":"3-b2g","name":"switchToFrame","parameters":{"id":null,"focus":true}}, id: {86d5cc37-4baf-4fad-9deb-6067b30168b9}
04-24 23:19:51.957 I/Gecko   (   84): 1398406791965	Marionette	INFO	Switched to frame: {"frameValue":null}
04-24 23:19:52.067 I/Gecko   (   84): 1398406792072	Marionette	INFO	sendToClient: {"from":"0","ok":true}, {86d5cc37-4baf-4fad-9deb-6067b30168b9}, {86d5cc37-4baf-4fad-9deb-6067b30168b9}
04-24 23:19:52.067 I/Gecko   (   84): 1398406792077	Marionette	DEBUG	Got request: switchToFrame, data: {"to":"0","sessionId":"3-b2g","name":"switchToFrame","parameters":{"id":null,"focus":true}}, id: {a6bc641f-8325-4dcf-becc-b4bf683ff3c6}
04-24 23:19:52.067 I/Gecko   (   84): 1398406792079	Marionette	INFO	Switched to frame: {"frameValue":null}
04-24 23:19:52.187 I/Gecko   (   84): 1398406792191	Marionette	INFO	sendToClient: {"from":"0","ok":true}, {a6bc641f-8325-4dcf-becc-b4bf683ff3c6}, {a6bc641f-8325-4dcf-becc-b4bf683ff3c6}
04-24 23:19:52.187 I/Gecko   (   84): 1398406792197	Marionette	DEBUG	Got request: executeWithCallback, data: {"to":"0","sessionId":"3-b2g","name":"executeAsyncScript","parameters":{"specialPowers":false,"scriptTimeout":null,"newSandbox":true,"args":[],"filename":"gaia_test.py","script":"return GaiaApps.displayedApp();","line":66}}, id: {ed5b43d7-a4c0-46ad-aa38-2ef2fd032d6f}
04-24 23:19:52.297 E/GeckoConsole(   84): Content JS LOG at dummy file:392 in GaiaApps.displayedApp: app with origin 'app://homescreen.gaiamobile.org' is displayed
04-24 23:19:52.307 I/Gecko   (   84): 1398406792310	Marionette	INFO	sendToClient: {"from":"0","value":{"frame":{"ELEMENT":"{10213226-6bc1-402f-8179-dbe7109ee432}"},"src":"app://homescreen.gaiamobile.org/index.html#root","name":"Homescreen","origin":"app://homescreen.gaiamobile.org"}}, {ed5b43d7-a4c0-46ad-aa38-2ef2fd032d6f}, {ed5b43d7-a4c0-46ad-aa38-2ef2fd032d6f}
04-24 23:19:52.307 I/Gecko   (   84): 1398406792318	Marionette	DEBUG	Got request: switchToFrame, data: {"to":"0","sessionId":"3-b2g","name":"switchToFrame","parameters":{"focus":true,"element":"{10213226-6bc1-402f-8179-dbe7109ee432}"}}, id: {e4c3557e-40db-43be-9bdb-d8059f3fb291}
04-24 23:19:52.367 I/Gecko   (   84): 1398406792371	Marionette	INFO	Switched to frame: {"frameValue":"{10213226-6bc1-402f-8179-dbe7109ee432}"}
04-24 23:19:52.377 I/Gonk    (   84): Setting nice for pid 1393 to 18
04-24 23:19:52.397 I/Gonk    (   84): Changed nice for pid 1393 from 0 to 18.
04-24 23:19:52.407 I/Gecko   (   84): 1398406792411	Marionette	INFO	trying remote frame 0
04-24 23:19:52.417 I/Gecko   (   84): 1398406792426	Marionette	INFO	trying remote frame 1
04-24 23:19:52.447 I/Gecko   (   84): 1398406792458	Marionette	INFO	deleting frame
04-24 23:19:52.477 I/Gecko   (   84): 1398406792484	Marionette	INFO	frame-manager load script: [object ChromeMessageSender]
04-24 23:19:52.877 I/Gecko   (   84): [Parent 84] WARNING: pipe error (157): Connection reset by peer: file ../../../gecko/ipc/chromium/src/chrome/common/ipc_channel_posix.cc, line 446
04-24 23:19:52.877 I/Gecko   (   84): 
04-24 23:19:52.877 I/Gecko   (   84): ###!!! [Parent][MessageChannel] Error: Channel error: cannot send/recv
04-24 23:19:52.877 I/Gecko   (   84): 
04-24 23:19:52.957 I/Gecko   (   84): [Parent 84] WARNING: waitpid failed pid:1324 errno:10: file ../../../gecko/ipc/chromium/src/base/process_util_posix.cc, line 254
04-24 23:19:53.407 I/Gecko   (   84): 1398406793409	Marionette	INFO	sendToClient: {"from":"0","ok":true}, {e4c3557e-40db-43be-9bdb-d8059f3fb291}, {e4c3557e-40db-43be-9bdb-d8059f3fb291}
04-24 23:19:53.447 I/Gecko   (   84): 1398406793458	Marionette	INFO	sendToClient: {"from":"0","value":[]}, {f230a326-b5be-4ed3-a583-96aa01e53ce7}, {f230a326-b5be-4ed3-a583-96aa01e53ce7}
04-24 23:19:53.547 I/Gecko   (   84): 1398406793549	Marionette	INFO	sendToClient: {"from":"0","value":"app://homescreen.gaiamobile.org/index.html#root"}, {73b9fd8d-de94-4c56-8ded-92c3bdea4f75}, {73b9fd8d-de94-4c56-8ded-92c3bdea4f75}
04-24 23:19:53.547 I/Gecko   (   84): 1398406793555	Marionette	DEBUG	Got request: switchToFrame, data: {"to":"0","sessionId":"3-b2g","name":"switchToFrame","parameters":{"id":null,"focus":true}}, id: {f97170f3-7f03-4cb4-a790-8024f13e399a}
04-24 23:19:53.567 I/Gecko   (   84): 1398406793572	Marionette	INFO	Switched to frame: {"frameValue":null}
04-24 23:19:53.677 I/Gecko   (   84): 1398406793686	Marionette	INFO	sendToClient: {"from":"0","ok":true}, {f97170f3-7f03-4cb4-a790-8024f13e399a}, {f97170f3-7f03-4cb4-a790-8024f13e399a}
04-24 23:19:53.687 I/Gecko   (   84): 1398406793692	Marionette	DEBUG	Got request: switchToFrame, data: {"to":"0","sessionId":"3-b2g","name":"switchToFrame","parameters":{"id":null,"focus":true}}, id: {0f5f8484-b6bf-4b11-b2b0-225e8fcc41e6}
04-24 23:19:53.687 I/Gecko   (   84): 1398406793694	Marionette	INFO	Switched to frame: {"frameValue":null}
04-24 23:19:53.797 I/Gecko   (   84): 1398406793801	Marionette	INFO	sendToClient: {"from":"0","ok":true}, {0f5f8484-b6bf-4b11-b2b0-225e8fcc41e6}, {0f5f8484-b6bf-4b11-b2b0-225e8fcc41e6}
04-24 23:19:53.797 I/Gecko   (   84): 1398406793807	Marionette	DEBUG	Got request: executeWithCallback, data: {"to":"0","sessionId":"3-b2g","name":"executeAsyncScript","parameters":{"specialPowers":false,"scriptTimeout":30000,"newSandbox":true,"args":[],"filename":"app_checker.py","script":"GaiaApps.launchWithManifestURL('http://marriedgames.org/manifest.webapp')","line":106}}, id: {61a242f0-fcde-4914-a1c2-1fcdc412fc68}
04-24 23:19:53.947 I/Gonk    (   84): Setting nice for pid 1393 to 18
04-24 23:19:53.947 I/Gonk    (   84): Changed nice for pid 1393 from 18 to 18.
04-24 23:19:53.947 I/Gecko   (   84): [Parent 84] WARNING: waitpid failed pid:1393 errno:10: file ../../../gecko/ipc/chromium/src/base/process_util_posix.cc, line 254
04-24 23:19:53.957 I/Gonk    (   84): Setting nice for pid 1393 to 1
04-24 23:19:53.957 I/Gonk    (   84): Changed nice for pid 1393 from 18 to 1.
04-24 23:19:53.967 E/GeckoConsole(   84): Content JS LOG at dummy file:334 in GaiaApps.launch: launching app with name 'MarriedGames.org'
04-24 23:19:54.117 E/[Gralloc-ERROR](   84): int gralloc_register_buffer(const gralloc_module_t*, const native_handle_t*):79 Unable to register handle 0x45fd6880 coming from different process: 84
04-24 23:19:54.117 E/[Gralloc-ERROR](   84): int gralloc_register_buffer(const gralloc_module_t*, const native_handle_t*):79 Unable to register handle 0x45fd6920 coming from different process: 84
04-24 23:19:54.117 E/[Gralloc-ERROR](   84): int gralloc_register_buffer(const gralloc_module_t*, const native_handle_t*):79 Unable to register handle 0x45fd69c0 coming from different process: 84
04-24 23:19:54.117 E/[Gralloc-ERROR](   84): int gralloc_register_buffer(const gralloc_module_t*, const native_handle_t*):79 Unable to register handle 0x45fd6a60 coming from different process: 84
04-24 23:19:54.307 D/Sensors (   84): activate handle=0; drv=0
04-24 23:19:54.317 D/Sensors (   84): Lis3dhSensor: Control set 1
04-24 23:19:54.317 D/Sensors (   84): Lis3dhSensor: mEnabled = 1
04-24 23:19:54.357 I/Gonk    (   84): Setting nice for pid 1346 to 18
04-24 23:19:54.357 I/Gonk    (   84): Changed nice for pid 1346 from 1 to 18.
04-24 23:19:54.777 W/WifiHW  (   84): wifi_command: SIGNAL_POLL
04-24 23:19:54.957 I/Gecko   (   84): [Parent 84] WARNING: waitpid failed pid:1324 errno:10: file ../../../gecko/ipc/chromium/src/base/process_util_posix.cc, line 254
04-24 23:19:54.957 I/Gecko   (   84): [Parent 84] WARNING: Failed to deliver SIGKILL to 1324!(3).: file ../../../gecko/ipc/chromium/src/chrome/common/process_watcher_posix_sigchld.cc, line 118
04-24 23:19:55.077 I/Gecko   (   84): 
04-24 23:19:55.077 I/Gecko   (   84): ###!!! [Parent][MessageChannel] Error: Channel error: cannot send/recv
04-24 23:19:55.077 I/Gecko   (   84): 
04-24 23:19:55.097 I/Gecko   (   84): [Parent 84] WARNING: waitpid failed pid:1346 errno:10: file ../../../gecko/ipc/chromium/src/base/process_util_posix.cc, line 254
04-24 23:19:55.227 I/Gecko   ( 1393): ###################################### forms.js loaded
04-24 23:19:55.247 I/Gecko   ( 1393): ############################### browserElementPanning.js loaded
04-24 23:19:55.267 I/Gecko   ( 1393): ######################## BrowserElementChildPreload.js loaded
04-24 23:19:56.627 E/GeckoConsole( 1393): [JavaScript Warning: "Expected 'none' or URL but found 'Alpha('.  Error in parsing value for 'filter'.  Declaration dropped." {file: "http://ajax.googleapis.com/ajax/libs/jqueryui/1.10.3/themes/black-tie/jquery-ui.css?ver=3.8.1" line: 51 column: 8 source: "	filter:Alpha(Opacity=0);"}]
04-24 23:19:56.647 E/GeckoConsole( 1393): [JavaScript Warning: "Expected 'none' or URL but found 'alpha('.  Error in parsing value for 'filter'.  Declaration dropped." {file: "http://ajax.googleapis.com/ajax/libs/jqueryui/1.10.3/themes/black-tie/jquery-ui.css?ver=3.8.1" line: 535 column: 9 source: "	filter: alpha(opacity=25);"}]
04-24 23:19:56.657 E/GeckoConsole( 1393): [JavaScript Warning: "Expected 'none' or URL but found 'Alpha('.  Error in parsing value for 'filter'.  Declaration dropped." {file: "http://ajax.googleapis.com/ajax/libs/jqueryui/1.10.3/themes/black-tie/jquery-ui.css?ver=3.8.1" line: 909 column: 8 source: "	filter:Alpha(Opacity=70);"}]
04-24 23:19:56.667 E/GeckoConsole( 1393): [JavaScript Warning: "Expected 'none' or URL but found 'Alpha('.  Error in parsing value for 'filter'.  Declaration dropped." {file: "http://ajax.googleapis.com/ajax/libs/jqueryui/1.10.3/themes/black-tie/jquery-ui.css?ver=3.8.1" line: 916 column: 8 source: "	filter:Alpha(Opacity=35);"}]
04-24 23:19:56.667 E/GeckoConsole( 1393): [JavaScript Warning: "Expected 'none' or URL but found 'Alpha('.  Error in parsing value for 'filter'.  Declaration dropped." {file: "http://ajax.googleapis.com/ajax/libs/jqueryui/1.10.3/themes/black-tie/jquery-ui.css?ver=3.8.1" line: 920 column: 8 source: "	filter:Alpha(Opacity=35); /* For IE8 - See #6059 */"}]
04-24 23:19:56.677 E/GeckoConsole( 1393): [JavaScript Warning: "Expected 'none' or URL but found 'Alpha('.  Error in parsing value for 'filter'.  Declaration dropped." {file: "http://ajax.googleapis.com/ajax/libs/jqueryui/1.10.3/themes/black-tie/jquery-ui.css?ver=3.8.1" line: 1168 column: 9 source: "	filter: Alpha(Opacity=30);"}]
04-24 23:19:56.697 E/GeckoConsole( 1393): [JavaScript Warning: "Expected 'none' or URL but found 'Alpha('.  Error in parsing value for 'filter'.  Declaration dropped." {file: "http://ajax.googleapis.com/ajax/libs/jqueryui/1.10.3/themes/black-tie/jquery-ui.css?ver=3.8.1" line: 1175 column: 9 source: "	filter: Alpha(Opacity=20);"}]
04-24 23:19:56.707 E/GeckoConsole( 1393): [JavaScript Warning: "Unknown property '-moz-border-radius'.  Declaration dropped." {file: "http://marriedgames.org/wp-content/plugins/wysija-newsletters/css/validationEngine.jquery.css?ver=2.6.5" line: 1 column: 2325 source: ".widget_wysija_cont .inputContainer{position:relative;float:left}.widget_wysija_cont .ajaxSubmit{padding:20px;background:#55ea55;border:1px solid #999;display:none}.formError{position:absolute;top:300px;left:300px;display:block;z-index:5000;cursor:pointer}.formError .formErrorContent{background:none repeat scroll 0 0 #8E2121;border:1px solid #BBBBBB;color:#FFFFFF;font-family:tahoma;font-size:11px;padding:4px 10px;position:relative;width:150px;z-index:5001}.widget_wysija_cont .formError .formErrorArrow{width:15px;margin:-2px 0 0 13px;position:relative;z-index:5006}.widget_wysija_cont .formError .formErrorArrowBottom{margin:0px 0 0 12px;top:2px}.widget_wysija_cont .formError .formErrorArrow div{border-left:2px solid #ddd;border-right:2px solid #ddd;font-size:0px;height:1px;background:#8E
04-24 23:19:56.757 E/GeckoConsole( 1393): [JavaScript Warning: "Expected 'none' or URL but found 'alpha('.  Error in parsing value for 'filter'.  Declaration dropped." {file: "http://marriedgames.org/wp-content/plugins/jetpack/modules/likes/style.css?ver=2.9.3" line: 35 column: 9 source: "	filter: alpha(opacity=88);"}]
04-24 23:19:56.757 E/GeckoConsole( 1393): [JavaScript Warning: "Error in parsing value for 'background'.  Declaration dropped." {file: "http://marriedgames.org/wp-content/plugins/jetpack/modules/likes/style.css?ver=2.9.3" line: 134 column: 13 source: "	background: -webkit-gradient(linear, left top, left bottom, color-stop(0%,#f7f7f7), color-stop(100%,#efefef));"}]
04-24 23:19:56.757 E/GeckoConsole( 1393): [JavaScript Warning: "Error in parsing value for 'background'.  Declaration dropped." {file: "http://marriedgames.org/wp-content/plugins/jetpack/modules/likes/style.css?ver=2.9.3" line: 135 column: 13 source: "	background: -webkit-linear-gradient(top, #f7f7f7 0%,#efefef 100%);"}]
04-24 23:19:56.757 E/GeckoConsole( 1393): [JavaScript Warning: "Error in parsing value for 'background'.  Declaration dropped." {file: "http://marriedgames.org/wp-content/plugins/jetpack/modules/likes/style.css?ver=2.9.3" line: 136 column: 13 source: "	background: -o-linear-gradient(top, #f7f7f7 0%,#efefef 100%);"}]
04-24 23:19:56.767 E/GeckoConsole( 1393): [JavaScript Warning: "Error in parsing value for 'background'.  Declaration dropped." {file: "http://marriedgames.org/wp-content/plugins/jetpack/modules/likes/style.css?ver=2.9.3" line: 137 column: 13 source: "	background: -ms-linear-gradient(top, #f7f7f7 0%,#efefef 100%);"}]
04-24 23:19:56.767 E/GeckoConsole( 1393): [JavaScript Warning: "Expected color but found 'top'.  Error in parsing value for 'background'.  Declaration dropped." {file: "http://marriedgames.org/wp-content/plugins/jetpack/modules/likes/style.css?ver=2.9.3" line: 138 column: 29 source: "	background: linear-gradient(top, #f7f7f7 0%,#efefef 100%);"}]
04-24 23:19:56.777 E/GeckoConsole( 1393): [JavaScript Warning: "Expected ';' or '}' to terminate declaration but found '!'.  Declaration dropped." {file: "http://marriedgames.org/wp-content/themes/marriedgames.org/style.css?ver=3.8.1" line: 181 column: 24 source: "	color:white !important !important;"}]
04-24 23:19:56.777 E/GeckoConsole( 1393): [JavaScript Warning: "Error in parsing value for 'box-shadow'.  Declaration dropped." {file: "http://marriedgames.org/wp-content/themes/marriedgames.org/style.css?ver=3.8.1" line: 216 column: 14 source: "	box-shadow: 0;"}]
04-24 23:19:56.777 E/GeckoConsole( 1393): [JavaScript Warning: "Expected ';' or '}' to terminate declaration but found '!'.  Declaration dropped." {file: "http://marriedgames.org/wp-content/themes/marriedgames.org/style.css?ver=3.8.1" line: 222 column: 24 source: "	color:black !important !important;"}]
04-24 23:19:56.777 E/GeckoConsole( 1393): [JavaScript Warning: "Error in parsing value for 'box-shadow'.  Declaration dropped." {file: "http://marriedgames.org/wp-content/themes/marriedgames.org/style.css?ver=3.8.1" line: 241 column: 14 source: "	box-shadow: 0;"}]
04-24 23:19:56.787 E/GeckoConsole( 1393): [JavaScript Warning: "Error in parsing value for 'padding-bottom'.  Declaration dropped." {file: "http://marriedgames.org/wp-content/themes/marriedgames.org/style.css?ver=3.8.1" line: 386 column: 33 source: "dt:last-of-type { padding-bottom:none; }"}]
04-24 23:19:56.787 E/GeckoConsole( 1393): [JavaScript Warning: "Error in parsing value for 'background'.  Declaration dropped." {file: "http://marriedgames.org/wp-content/themes/marriedgames.org/style.css?ver=3.8.1" line: 423 column: 13 source: "	background: -webkit-gradient(linear, left top, left bottom, color-stop(0%,rgb(255,192,225)), color-stop(100%,rgb(255,0,128))); /* Chrome,Safari4+ */"}]
04-24 23:19:56.787 E/GeckoConsole( 1393): [JavaScript Warning: "Error in parsing value for 'background'.  Declaration dropped." {file: "http://marriedgames.org/wp-content/themes/marriedgames.org/style.css?ver=3.8.1" line: 424 column: 13 source: "	background: -webkit-linear-gradient(top,  rgb(255,128,192) 0%,rgb(255,0,128) 100%); /* Chrome10+,Safari5.1+ */"}]
04-24 23:19:56.787 E/GeckoConsole( 1393): [JavaScript Warning: "Error in parsing value for 'background'.  Declaration dropped." {file: "http://marriedgames.org/wp-content/themes/marriedgames.org/style.css?ver=3.8.1" line: 425 column: 13 source: "	background: -o-linear-gradient(top,  rgb(255,128,192) 0%,rgb(255,0,128) 100%); /* Opera 11.10+ */"}]
04-24 23:19:56.787 E/GeckoConsole( 1393): [JavaScript Warning: "Error in parsing value for 'background'.  Declaration dropped." {file: "http://marriedgames.org/wp-content/themes/marriedgames.org/style.css?ver=3.8.1" line: 426 column: 13 source: "	background: -ms-linear-gradient(top,  rgb(255,128,192) 0%,rgb(255,0,128) 100%); /* IE10+ */"}]
04-24 23:19:56.787 E/GeckoConsole( 1393): [JavaScript Warning: "Expected 'none' or URL but found 'progid'.  Error in parsing value for 'filter'.  Declaration dropped." {file: "http://marriedgames.org/wp-content/themes/marriedgames.org/style.css?ver=3.8.1" line: 428 column: 9 source: "	filter: progid:DXImageTransform.Microsoft.gradient( startColorstr='rgb(255,128,192)', endColorstr='rgb(255,0,128)',GradientType=0 ); /* IE6-8 */	"}]
04-24 23:19:56.787 E/GeckoConsole( 1393): [JavaScript Warning: "Error in parsing value for 'background'.  Declaration dropped." {file: "http://marriedgames.org/wp-content/themes/marriedgames.org/style.css?ver=3.8.1" line: 643 column: 13 source: "	background: -webkit-gradient(linear, left top, left bottom, color-stop(0%,#545454), color-stop(100%,#000000)); /* Chrome,Safari4+ */"}]
04-24 23:19:56.797 E/GeckoConsole( 1393): [JavaScript Warning: "Error in parsing value for 'background'.  Declaration dropped." {file: "http://marriedgames.org/wp-content/themes/marriedgames.org/style.css?ver=3.8.1" line: 644 column: 13 source: "	background: -webkit-linear-gradient(top,  #545454 0%,#000000 100%); /* Chrome10+,Safari5.1+ */"}]
04-24 23:19:56.797 E/GeckoConsole( 1393): [JavaScript Warning: "Error in parsing value for 'background'.  Declaration dropped." {file: "http://marriedgames.org/wp-content/themes/marriedgames.org/style.css?ver=3.8.1" line: 645 column: 13 source: "	background: -o-linear-gradient(top,  #545454 0%,#000000 100%); /* Opera 11.10+ */"}]
04-24 23:19:56.797 E/GeckoConsole( 1393): [JavaScript Warning: "Error in parsing value for 'background'.  Declaration dropped." {file: "http://marriedgames.org/wp-content/themes/marriedgames.org/style.css?ver=3.8.1" line: 646 column: 13 source: "	background: -ms-linear-gradient(top,  #545454 0%,#000000 100%); /* IE10+ */"}]
04-24 23:19:56.797 E/GeckoConsole( 1393): [JavaScript Warning: "Expected 'none' or URL but found 'progid'.  Error in parsing value for 'filter'.  Declaration dropped." {file: "http://marriedgames.org/wp-content/themes/marriedgames.org/style.css?ver=3.8.1" line: 648 column: 9 source: "	filter: progid:DXImageTransform.Microsoft.gradient( startColorstr='#545454', endColorstr='#000000',GradientType=0 ); /* IE6-8 */"}]
04-24 23:19:56.797 E/GeckoConsole( 1393): [JavaScript Warning: "Error in parsing value for 'background'.  Declaration dropped." {file: "http://marriedgames.org/wp-content/themes/marriedgames.org/style.css?ver=3.8.1" line: 661 column: 13 source: "	background: -webkit-gradient(linear, left top, left bottom, color-stop(0%,#7c7c7c), color-stop(100%,#000000)); /* Chrome,Safari4+ */"}]
04-24 23:19:56.797 E/GeckoConsole( 1393): [JavaScript Warning: "Error in parsing value for 'background'.  Declaration dropped." {file: "http://marriedgames.org/wp-content/themes/marriedgames.org/style.css?ver=3.8.1" line: 662 column: 13 source: "	background: -webkit-linear-gradient(top,  #7c7c7c 0%,#000000 100%); /* Chrome10+,Safari5.1+ */"}]
04-24 23:19:56.797 E/GeckoConsole( 1393): [JavaScript Warning: "Error in parsing value for 'background'.  Declaration dropped." {file: "http://marriedgames.org/wp-content/themes/marriedgames.org/style.css?ver=3.8.1" line: 663 column: 13 source: "	background: -o-linear-gradient(top,  #7c7c7c 0%,#000000 100%); /* Opera 11.10+ */"}]
04-24 23:19:56.797 E/GeckoConsole( 1393): [JavaScript Warning: "Error in parsing value for 'background'.  Declaration dropped." {file: "http://marriedgames.org/wp-content/themes/marriedgames.org/style.css?ver=3.8.1" line: 664 column: 13 source: "	background: -ms-linear-gradient(top,  #7c7c7c 0%,#000000 100%); /* IE10+ */"}]
04-24 23:19:56.797 E/GeckoConsole( 1393): [JavaScript Warning: "Expected 'none' or URL but found 'progid'.  Error in parsing value for 'filter'.  Declaration dropped." {file: "http://marriedgames.org/wp-content/themes/marriedgames.org/style.css?ver=3.8.1" line: 666 column: 9 source: "	filter: progid:DXImageTransform.Microsoft.gradient( startColorstr='#7c7c7c', endColorstr='#000000',GradientType=0 ); /* IE6-8 */"}]
04-24 23:19:56.797 E/GeckoConsole( 1393): [JavaScript Warning: "Unknown property 'user-select'.  Declaration dropped." {file: "http://marriedgames.org/wp-content/themes/marriedgames.org/style.css?ver=3.8.1" line: 692 column: 276 source: ".menu li a { z-index:10000; padding:8px 16px; background:rgb(128,0,64); color:white; display:block; -webkit-transition-duration: 0.5s; -moz-transition-duration: 0.5s; transition-duration: 0.5s; -webkit-user-select:none; -moz-user-select:none; -ms-user-select:none; user-select:none; position:relative; }"}]
04-24 23:19:56.797 E/GeckoConsole( 1393): [JavaScript Warning: "Unknown property '-moz-box-shadow'.  Declaration dropped." {file: "http://marriedgames.org/wp-content/themes/marriedgames.org/style.css?ver=3.8.1" line: 695 column: 91 source: ".menu li a:active { -webkit-box-shadow: inset 0 1px 4px rgba(0, 0, 0, 0.6); -moz-box-shadow: inset 0 1px 4px rgba(0, 0, 0, 0.6); box-shadow: inset 0 1px 4px rgba(0, 0, 0, 0.6); background: rgb(255,0,128); border: solid 1px #203E5F; }"}]
04-24 23:19:56.797 E/GeckoConsole( 1393): [JavaScript Warning: "Expected declaration but found '*'.  Skipped to next declaration." {file: "http://marriedgames.org/wp-content/themes/marriedgames.org/style.css?ver=3.8.1" line: 781 column: 1 source: "	*list-style: decimal; /* Keep using default numbering for IE6/7 */"}]
04-24 23:19:56.797 E/GeckoConsole( 1393): [JavaScript Warning: "Expected declaration but found '*'.  Skipped to next declaration." {file: "http://marriedgames.org/wp-content/themes/marriedgames.org/style.css?ver=3.8.1" line: 792 column: 1 source: "	*padding: 5%;"}]
04-24 23:19:56.797 E/GeckoConsole( 1393): [JavaScript Warning: "Error in parsing value for 'font-weight'.  Declaration dropped." {file: "http://marriedgames.org/wp-content/themes/marriedgames.org/style.css?ver=3.8.1" line: 874 column: 50 source: ".catalogue caption { text-align:left; font-weight:2em; }"}]
04-24 23:19:56.807 E/GeckoConsole( 1393): [JavaScript Warning: "Error in parsing value for 'background'.  Declaration dropped." {file: "http://marriedgames.org/wp-content/themes/marriedgames.org/style.css?ver=3.8.1" line: 1264 column: 13 source: "	background: -webkit-gradient(linear, left top, left bottom, color-stop(0%,rgb(255,0,128)), color-stop(100%,rgb(255,128,192))); /* Chrome,Safari4+ */"}]
04-24 23:19:56.807 E/GeckoConsole( 1393): [JavaScript Warning: "Error in parsing value for 'background'.  Declaration dropped." {file: "http://marriedgames.org/wp-content/themes/marriedgames.org/style.css?ver=3.8.1" line: 1265 column: 13 source: "	background: -webkit-linear-gradient(top,  rgb(255,0,128) 0%,rgb(255,128,192) 100%); /* Chrome10+,Safari5.1+ */"}]
04-24 23:19:56.807 E/GeckoConsole( 1393): [JavaScript Warning: "Error in parsing value for 'background'.  Declaration dropped." {file: "http://marriedgames.org/wp-content/themes/marriedgames.org/style.css?ver=3.8.1" line: 1266 column: 13 source: "	background: -o-linear-gradient(top,  rgb(255,0,128) 0%,rgb(255,128,192) 100%); /* Opera 11.10+ */"}]
04-24 23:19:56.807 E/GeckoConsole( 1393): [JavaScript Warning: "Error in parsing value for 'background'.  Declaration dropped." {file: "http://marriedgames.org/wp-content/themes/marriedgames.org/style.css?ver=3.8.1" line: 1267 column: 13 source: "	background: -ms-linear-gradient(top,  rgb(255,0,128) 0%,rgb(255,128,192) 100%); /* IE10+ */"}]
04-24 23:19:56.807 E/GeckoConsole( 1393): [JavaScript Warning: "Expected 'none' or URL but found 'progid'.  Error in parsing value for 'filter'.  Declaration dropped." {file: "http://marriedgames.org/wp-content/themes/marriedgames.org/style.css?ver=3.8.1" line: 1269 column: 9 source: "	filter: progid:DXImageTransform.Microsoft.gradient( startColorstr='rgb(255,0,128)', endColorstr='rgb(255,128,192)',GradientType=0 ); /* IE6-8 */"}]
04-24 23:19:56.817 E/GeckoConsole( 1393): [JavaScript Warning: "Expected 'none' or URL but found 'alpha('.  Error in parsing value for 'filter'.  Declaration dropped." {file: "http://marriedgames.org/wp-content/themes/marriedgames.org/style.css?ver=3.8.1" line: 1404 column: 9 source: "	filter: alpha(opacity=50);"}]
04-24 23:19:56.817 E/GeckoConsole( 1393): [JavaScript Warning: "Unknown property '-moz-border-radius'.  Declaration dropped." {file: "http://marriedgames.org/wp-content/plugins/jetpack/modules/sharedaddy/sharing.css?ver=2.9.3" line: 21 column: 19 source: "	-moz-border-radius: 0 !important;"}]
04-24 23:19:56.817 E/GeckoConsole( 1393): [JavaScript Warning: "Unknown property 'zoom'.  Declaration dropped." {file: "http://marriedgames.org/wp-content/plugins/jetpack/modules/sharedaddy/sharing.css?ver=2.9.3" line: 97 column: 5 source: "	zoom: 1;"}]
04-24 23:19:56.817 E/GeckoConsole( 1393): [JavaScript Warning: "Error in parsing value for 'background'.  Declaration dropped." {file: "http://marriedgames.org/wp-content/plugins/jetpack/modules/sharedaddy/sharing.css?ver=2.9.3" line: 152 column: 13 source: "	background: -webkit-gradient(linear, left top, left bottom, color-stop(0%,#f7f7f7), color-stop(100%,#efefef));"}]
04-24 23:19:56.817 E/GeckoConsole( 1393): [JavaScript Warning: "Error in parsing value for 'background'.  Declaration dropped." {file: "http://marriedgames.org/wp-content/plugins/jetpack/modules/sharedaddy/sharing.css?ver=2.9.3" line: 153 column: 13 source: "	background: -webkit-linear-gradient(top, #f7f7f7 0%,#efefef 100%);"}]
04-24 23:19:56.817 E/GeckoConsole( 1393): [JavaScript Warning: "Error in parsing value for 'background'.  Declaration dropped." {file: "http://marriedgames.org/wp-content/plugins/jetpack/modules/sharedaddy/sharing.css?ver=2.9.3" line: 154 column: 13 source: "	background: -o-linear-gradient(top, #f7f7f7 0%,#efefef 100%);"}]
04-24 23:19:56.817 E/GeckoConsole( 1393): [JavaScript Warning: "Error in parsing value for 'background'.  Declaration dropped." {file: "http://marriedgames.org/wp-content/plugins/jetpack/modules/sharedaddy/sharing.css?ver=2.9.3" line: 155 column: 13 source: "	background: -ms-linear-gradient(top, #f7f7f7 0%,#efefef 100%);"}]
04-24 23:19:56.817 E/GeckoConsole( 1393): [JavaScript Warning: "Expected color but found 'top'.  Error in parsing value for 'background'.  Declaration dropped." {file: "http://marriedgames.org/wp-content/plugins/jetpack/modules/sharedaddy/sharing.css?ver=2.9.3" line: 156 column: 29 source: "	background: linear-gradient(top, #f7f7f7 0%,#efefef 100%);"}]
04-24 23:19:56.827 E/GeckoConsole( 1393): [JavaScript Warning: "Error in parsing value for 'background'.  Declaration dropped." {file: "http://marriedgames.org/wp-content/plugins/jetpack/modules/sharedaddy/sharing.css?ver=2.9.3" line: 174 column: 13 source: "	background: -webkit-gradient(linear, left top, left bottom, color-stop(0%,#efefef), color-stop(100%,#eee));"}]
04-24 23:19:56.827 E/GeckoConsole( 1393): [JavaScript Warning: "Error in parsing value for 'background'.  Declaration dropped." {file: "http://marriedgames.org/wp-content/plugins/jetpack/modules/sharedaddy/sharing.css?ver=2.9.3" line: 175 column: 13 source: "	background: -webkit-linear-gradient(top, #efefef 0%,#eee 100%);"}]
04-24 23:19:56.827 E/GeckoConsole( 1393): [JavaScript Warning: "Error in parsing value for 'background'.  Declaration dropped." {file: "http://marriedgames.org/wp-content/plugins/jetpack/modules/sharedaddy/sharing.css?ver=2.9.3" line: 176 column: 13 source: "	background: -o-linear-gradient(top, #efefef 0%,#eee 100%);"}]
04-24 23:19:56.827 E/GeckoConsole( 1393): [JavaScript Warning: "Error in parsing value for 'background'.  Declaration dropped." {file: "http://marriedgames.org/wp-content/plugins/jetpack/modules/sharedaddy/sharing.css?ver=2.9.3" line: 177 column: 13 source: "	background: -ms-linear-gradient(top, #efefef 0%,#eee 100%);"}]
04-24 23:19:56.827 E/GeckoConsole( 1393): [JavaScript Warning: "Expected color but found 'top'.  Error in parsing value for 'background'.  Declaration dropped." {file: "http://marriedgames.org/wp-content/plugins/jetpack/modules/sharedaddy/sharing.css?ver=2.9.3" line: 178 column: 29 source: "	background: linear-gradient(top, #efefef 0%,#eee 100%);"}]
04-24 23:19:56.827 E/GeckoConsole( 1393): [JavaScript Warning: "Expected media feature name but found '-moz-min-device-pixel-ratio'." {file: "http://marriedgames.org/wp-content/plugins/jetpack/modules/sharedaddy/sharing.css?ver=2.9.3" line: 333 column: 24 source: "@media only screen and (-moz-min-device-pixel-ratio: 1.5), only screen and (-o-min-device-pixel-ratio: 3/2), only screen and (-webkit-min-device-pixel-ratio: 1.5), only screen and (min-device-pixel-ratio: 1.5), only screen and (min-resolution: 120dpi) {"}]
04-24 23:19:56.827 E/GeckoConsole( 1393): [JavaScript Warning: "Expected media feature name but found '-o-min-device-pixel-ratio'." {file: "http://marriedgames.org/wp-content/plugins/jetpack/modules/sharedaddy/sharing.css?ver=2.9.3" line: 333 column: 76 source: "@media only screen and (-moz-min-device-pixel-ratio: 1.5), only screen and (-o-min-device-pixel-ratio: 3/2), only screen and (-webkit-min-device-pixel-ratio: 1.5), only screen and (min-device-pixel-ratio: 1.5), only screen and (min-resolution: 120dpi) {"}]
04-24 23:19:56.827 E/GeckoConsole( 1393): [JavaScript Warning: "Expected media feature name but found '-webkit-min-device-pixel-ratio'." {file: "http://marriedgames.org/wp-content/plugins/jetpack/modules/sharedaddy/sharing.css?ver=2.9.3" line: 333 column: 126 source: "@media only screen and (-moz-min-device-pixel-ratio: 1.5), only screen and (-o-min-device-pixel-ratio: 3/2), only screen and (-webkit-min-device-pixel-ratio: 1.5), only screen and (min-device-pixel-ratio: 1.5), only screen and (min-resolution: 120dpi) {"}]
04-24 23:19:56.827 E/GeckoConsole( 1393): [JavaScript Warning: "Expected media feature name but found 'min-device-pixel-ratio'." {file: "http://marriedgames.org/wp-content/plugins/jetpack/modules/sharedaddy/sharing.css?ver=2.9.3" line: 333 column: 181 source: "@media only screen and (-moz-min-device-pixel-ratio: 1.5), only screen and (-o-min-device-pixel-ratio: 3/2), only screen and (-webkit-min-device-pixel-ratio: 1.5), only screen and (min-device-pixel-ratio: 1.5), only screen and (min-resolution: 120dpi) {"}]
04-24 23:19:56.827 E/GeckoConsole( 1393): [JavaScript Warning: "Unknown property '-moz-border-radius'.  Declaration dropped." {file: "http://marriedgames.org/wp-content/plugins/jetpack/modules/sharedaddy/sharing.css?ver=2.9.3" line: 422 column: 19 source: "	-moz-border-radius: 3px !important;"}]
04-24 23:19:56.827 E/GeckoConsole( 1393): [JavaScript Warning: "Unknown property '-moz-box-shadow'.  Declaration dropped." {file: "http://marriedgames.org/wp-content/plugins/jetpack/modules/sharedaddy/sharing.css?ver=2.9.3" line: 425 column: 16 source: "	-moz-box-shadow: 0px 2px 8px #ccc;"}]
04-24 23:19:56.827 E/GeckoConsole( 1393): [JavaScript Warning: "Unknown property '-moz-box-shadow'.  Declaration dropped." {file: "http://marriedgames.org/wp-content/plugins/jetpack/modules/sharedaddy/sharing.css?ver=2.9.3" line: 429 column: 16 source: "	-moz-box-shadow: 0px 2px 8px rgba(0, 0, 0, .2);"}]
04-24 23:19:56.827 E/GeckoConsole( 1393): [JavaScript Warning: "Unknown property '-moz-border-radius'.  Declaration dropped." {file: "http://marriedgames.org/wp-content/plugins/jetpack/modules/sharedaddy/sharing.css?ver=2.9.3" line: 454 column: 19 source: "	-moz-border-radius: 3px;"}]
04-24 23:19:56.827 E/GeckoConsole( 1393): [JavaScript Warning: "Unknown property '-moz-box-shadow'.  Declaration dropped." {file: "http://marriedgames.org/wp-content/plugins/jetpack/modules/sharedaddy/sharing.css?ver=2.9.3" line: 457 column: 16 source: "	-moz-box-shadow: 0px 2px 8px #ccc;"}]
04-24 23:19:56.827 E/GeckoConsole( 1393): [JavaScript Warning: "Unknown property '-moz-box-shadow'.  Declaration dropped." {file: "http://marriedgames.org/wp-content/plugins/jetpack/modules/sharedaddy/sharing.css?ver=2.9.3" line: 461 column: 16 source: "	-moz-box-shadow: 0px 2px 8px rgba(0, 0, 0, .2);"}]
04-24 23:19:57.097 I/Gecko   (   84): [Parent 84] WARNING: waitpid failed pid:1346 errno:10: file ../../../gecko/ipc/chromium/src/base/process_util_posix.cc, line 254
04-24 23:19:57.097 I/Gecko   (   84): [Parent 84] WARNING: Failed to deliver SIGKILL to 1346!(3).: file ../../../gecko/ipc/chromium/src/chrome/common/process_watcher_posix_sigchld.cc, line 118
04-24 23:19:57.847 E/GeckoConsole( 1393): [JavaScript Warning: "Expected 'important' but found 'imporant'.  Expected ';' to terminate declaration but found 'imporant'.  Declaration dropped." {file: "http://marriedgames.org/" line: 0 column: 50 source: "font-family: sexy !important; margin: 25px 0 0 0 !imporant; display:inline-block !important; font-size:32px !important; line-height:56px !important;"}]
04-24 23:19:59.217 I/Gonk    (   84): Setting nice for pid 1413 to 18
04-24 23:19:59.257 I/Gonk    (   84): Changed nice for pid 1413 from 0 to 18.
04-24 23:19:59.847 W/WifiHW  (   84): wifi_command: SIGNAL_POLL
04-24 23:20:02.127 E/GeckoConsole( 1393): [JavaScript Warning: "Content Security Policy: allow directive is deprecated, use the equivalent default-src directive instead"]
04-24 23:20:02.167 E/GeckoConsole( 1393): [JavaScript Warning: "The X-Content-Security-Policy and X-Content-Security-Report-Only headers will be deprecated in the future. Please use the Content-Security-Policy and Content-Security-Report-Only headers with CSP spec compliant syntax instead." {file: "https://s-static.ak.facebook.com/connect/xd_arbiter/dgdTycPTSRj.js?version=40#channel=f3b71a4f080aef8&origin=http%3A%2F%2Fmarriedgames.org" line: 0}]
04-24 23:20:03.727 I/Gecko   ( 1413): ###################################### forms.js loaded
04-24 23:20:03.767 I/Gecko   ( 1413): ############################### browserElementPanning.js loaded
04-24 23:20:03.797 I/Gecko   ( 1413): ######################## BrowserElementChildPreload.js loaded
04-24 23:20:04.867 W/WifiHW  (   84): wifi_command: SIGNAL_POLL
04-24 23:20:09.887 W/WifiHW  (   84): wifi_command: SIGNAL_POLL
04-24 23:20:14.887 W/WifiHW  (   84): wifi_command: SIGNAL_POLL
04-24 23:20:18.397 E/GeckoConsole( 1393): [JavaScript Warning: "Expected media feature name but found '-webkit-min-device-pixel-ratio'." {file: "from DOM" line: 0 column: 1 source: "(-webkit-min-device-pixel-ratio: 1.5),                      (min--moz-device-pixel-ratio: 1.5),                      (-o-min-device-pixel-ratio: 3/2),                      (min-resolution: 1.5dppx)"}]
04-24 23:20:18.407 E/GeckoConsole( 1393): [JavaScript Warning: "Expected media feature name but found '-o-min-device-pixel-ratio'." {file: "from DOM" line: 0 column: 118 source: "(-webkit-min-device-pixel-ratio: 1.5),                      (min--moz-device-pixel-ratio: 1.5),                      (-o-min-device-pixel-ratio: 3/2),                      (min-resolution: 1.5dppx)"}]
04-24 23:20:19.917 W/WifiHW  (   84): wifi_command: SIGNAL_POLL
04-24 23:20:20.157 E/GeckoConsole( 1393): [JavaScript Warning: "Unknown property 'box-sizing'.  Declaration dropped." {file: "http://marriedgames.org/" line: 0 column: 10 source: "box-sizing:border-box;-moz-box-sizing:border-box;-webkit-box-sizing:border-box;padding:1px;border:1px;display:block;width:4px;margin-top:1%;position:absolute;top:1%;"}]
04-24 23:20:20.177 E/GeckoConsole( 1393): [JavaScript Warning: "Unknown property 'box-sizing'.  Declaration dropped." {file: "http://marriedgames.org/" line: 0 column: 52 source: "padding:0;margin:0;border:0;display:block;box-sizing:content-box;-moz-box-sizing:content-box;-webkit-box-sizing:content-box;"}]
04-24 23:20:20.177 E/GeckoConsole( 1393): [JavaScript Warning: "Unknown property 'box-sizing'.  Declaration dropped." {file: "http://marriedgames.org/" line: 0 column: 52 source: "padding:0;margin:0;border:0;display:block;box-sizing:content-box;-moz-box-sizing:content-box;-webkit-box-sizing:content-box;"}]
04-24 23:20:20.187 E/GeckoConsole( 1393): [JavaScript Error: "TypeError: jQuery.browser is undefined" {file: "http://marriedgames.org/wp-content/plugins/gd-star-rating/js/gdsr.js?ver=1.9.22" line: 1}]
04-24 23:20:20.207 E/GeckoConsole( 1393): [JavaScript Warning: "Unknown property 'box-sizing'.  Declaration dropped." {file: "http://marriedgames.org/" line: 0 column: 10 source: "box-sizing:border-box;-moz-box-sizing:border-box;-webkit-box-sizing:border-box;padding:1px;border:1px;display:block;width:4px;margin-top:1%;position:absolute;top:1%;"}]
04-24 23:20:20.207 E/GeckoConsole( 1393): [JavaScript Warning: "Unknown property 'box-sizing'.  Declaration dropped." {file: "http://marriedgames.org/" line: 0 column: 52 source: "padding:0;margin:0;border:0;display:block;box-sizing:content-box;-moz-box-sizing:content-box;-webkit-box-sizing:content-box;"}]
04-24 23:20:20.207 E/GeckoConsole( 1393): [JavaScript Warning: "Unknown property 'box-sizing'.  Declaration dropped." {file: "http://marriedgames.org/" line: 0 column: 52 source: "padding:0;margin:0;border:0;display:block;box-sizing:content-box;-moz-box-sizing:content-box;-webkit-box-sizing:content-box;"}]
04-24 23:20:20.647 E/GeckoConsole( 1393): [JavaScript Warning: "Unknown property '-moz-border-radius'.  Declaration dropped." {file: "http://marriedgames.org/" line: 2 column: 184 source: ".fb_dialog{background:rgba(82, 82, 82, .7);position:absolute;top:-10000px;z-index:10001}.fb_reset .fb_dialog_legacy{overflow:visible}.fb_dialog_advanced{padding:10px;-moz-border-radius:8px;-webkit-border-radius:8px;border-radius:8px}.fb_dialog_content{background:#fff;color:#333}.fb_dialog_close_icon{background:url(http://static.ak.fbcdn.net/rsrc.php/v2/yq/r/IE9JII6Z1Ys.png) no-repeat scroll 0 0 transparent;_background-image:url(http://static.ak.fbcdn.net/rsrc.php/v2/yL/r/s816eWC-2sl.gif);cursor:pointer;display:block;height:15px;position:absolute;right:18px;top:17px;width:15px}.fb_dialog_mobile .fb_dialog_close_icon{top:5px;left:5px;right:auto}.fb_dialog_padding{background-color:transparent;position:absolute;width:1px;z-index:-1}.fb_dialog_close_icon:hover{background:url(http://static.ak.fbcdn.net/rsrc.php/v2/yq/r/IE9JII6Z1Ys.png) no-repeat scroll 0 -15px transpare
04-24 23:20:20.647 E/GeckoConsole( 1393): [JavaScript Warning: "Expected 'none' or URL but found 'alpha('.  Error in parsing value for 'filter'.  Declaration dropped." {file: "http://marriedgames.org/" line: 2 column: 2112 source: ".fb_dialog{background:rgba(82, 82, 82, .7);position:absolute;top:-10000px;z-index:10001}.fb_reset .fb_dialog_legacy{overflow:visible}.fb_dialog_advanced{padding:10px;-moz-border-radius:8px;-webkit-border-radius:8px;border-radius:8px}.fb_dialog_content{background:#fff;color:#333}.fb_dialog_close_icon{background:url(http://static.ak.fbcdn.net/rsrc.php/v2/yq/r/IE9JII6Z1Ys.png) no-repeat scroll 0 0 transparent;_background-image:url(http://static.ak.fbcdn.net/rsrc.php/v2/yL/r/s816eWC-2sl.gif);cursor:pointer;display:block;height:15px;position:absolute;right:18px;top:17px;width:15px}.fb_dialog_mobile .fb_dialog_close_icon{top:5px;left:5px;right:auto}.fb_dialog_padding{background-color:transparent;position:absolute;width:1px;z-index:-1}.fb_dialog_close_icon:hover{background:url(http://static.ak.fbcdn.net/rsrc.php/v2/yq/r/IE9JII6Z
04-24 23:20:20.657 E/GeckoConsole( 1393): [JavaScript Warning: "Error in parsing value for 'background'.  Declaration dropped." {file: "http://marriedgames.org/" line: 2 column: 3578 source: ".fb_dialog{background:rgba(82, 82, 82, .7);position:absolute;top:-10000px;z-index:10001}.fb_reset .fb_dialog_legacy{overflow:visible}.fb_dialog_advanced{padding:10px;-moz-border-radius:8px;-webkit-border-radius:8px;border-radius:8px}.fb_dialog_content{background:#fff;color:#333}.fb_dialog_close_icon{background:url(http://static.ak.fbcdn.net/rsrc.php/v2/yq/r/IE9JII6Z1Ys.png) no-repeat scroll 0 0 transparent;_background-image:url(http://static.ak.fbcdn.net/rsrc.php/v2/yL/r/s816eWC-2sl.gif);cursor:pointer;display:block;height:15px;position:absolute;right:18px;top:17px;width:15px}.fb_dialog_mobile .fb_dialog_close_icon{top:5px;left:5px;right:auto}.fb_dialog_padding{background-color:transparent;position:absolute;width:1px;z-index:-1}.fb_dialog_close_icon:hover{background:url(http://static.ak.fbcdn.net/rsrc.php/v2/yq/r/IE9JII6Z1Ys.png) no-repeat scroll 0 -15px transp
04-24 23:20:20.657 E/GeckoConsole( 1393): [JavaScript Warning: "Error in parsing value for 'background'.  Declaration dropped." {file: "http://marriedgames.org/" line: 2 column: 4247 source: ".fb_dialog{background:rgba(82, 82, 82, .7);position:absolute;top:-10000px;z-index:10001}.fb_reset .fb_dialog_legacy{overflow:visible}.fb_dialog_advanced{padding:10px;-moz-border-radius:8px;-webkit-border-radius:8px;border-radius:8px}.fb_dialog_content{background:#fff;color:#333}.fb_dialog_close_icon{background:url(http://static.ak.fbcdn.net/rsrc.php/v2/yq/r/IE9JII6Z1Ys.png) no-repeat scroll 0 0 transparent;_background-image:url(http://static.ak.fbcdn.net/rsrc.php/v2/yL/r/s816eWC-2sl.gif);cursor:pointer;display:block;height:15px;position:absolute;right:18px;top:17px;width:15px}.fb_dialog_mobile .fb_dialog_close_icon{top:5px;left:5px;right:auto}.fb_dialog_padding{background-color:transparent;position:absolute;width:1px;z-index:-1}.fb_dialog_close_icon:hover{background:url(http://static.ak.fbcdn.net/rsrc.php/v2/yq/r/IE9JII6Z1Ys.png) no-repeat scroll 0 -15px transp
