--------- beginning of /dev/log/main
04-27 00:08:52.698 I/Gecko   (   84): 1398582532713	Marionette	INFO	sendToClient: {"from":"0","ok":true}, {1992d763-1f54-4788-8946-f61a08a5b868}, {1992d763-1f54-4788-8946-f61a08a5b868}
04-27 00:08:52.708 I/Gecko   (   84): 1398582532723	Marionette	DEBUG	Got request: switchToFrame, data: {"to":"0","sessionId":"3-b2g","name":"switchToFrame","parameters":{"id":null,"focus":true}}, id: {b71df847-f483-42ef-a5c7-30543801c63d}
04-27 00:08:52.718 I/Gecko   (   84): 1398582532731	Marionette	INFO	Switched to frame: {"frameValue":null}
04-27 00:08:52.828 I/Gecko   (   84): 1398582532840	Marionette	INFO	sendToClient: {"from":"0","ok":true}, {b71df847-f483-42ef-a5c7-30543801c63d}, {b71df847-f483-42ef-a5c7-30543801c63d}
04-27 00:08:52.828 I/Gecko   (   84): 1398582532847	Marionette	DEBUG	Got request: executeWithCallback, data: {"to":"0","sessionId":"3-b2g","name":"executeAsyncScript","parameters":{"specialPowers":false,"scriptTimeout":null,"newSandbox":true,"args":[],"filename":"gaia_test.py","script":"return GaiaApps.displayedApp();","line":66}}, id: {680ab9fc-3f80-4037-a756-de2c8cb4d63c}
04-27 00:08:52.988 E/GeckoConsole(   84): Content JS LOG at dummy file:392 in GaiaApps.displayedApp: app with origin 'app://homescreen.gaiamobile.org' is displayed
04-27 00:08:52.988 I/Gecko   (   84): 1398582533002	Marionette	INFO	sendToClient: {"from":"0","value":{"frame":{"ELEMENT":"{602e2930-15c0-4d6e-ab49-bb6c8e6e2e70}"},"src":"app://homescreen.gaiamobile.org/index.html#root","name":"Homescreen","origin":"app://homescreen.gaiamobile.org"}}, {680ab9fc-3f80-4037-a756-de2c8cb4d63c}, {680ab9fc-3f80-4037-a756-de2c8cb4d63c}
04-27 00:08:52.988 I/Gecko   (   84): 1398582533008	Marionette	DEBUG	Got request: switchToFrame, data: {"to":"0","sessionId":"3-b2g","name":"switchToFrame","parameters":{"id":null,"focus":true}}, id: {15c1f63e-9fc7-4db4-8613-cad2011c9a0d}
04-27 00:08:52.998 I/Gecko   (   84): 1398582533011	Marionette	INFO	Switched to frame: {"frameValue":null}
04-27 00:08:53.098 I/Gecko   (   84): 1398582533113	Marionette	INFO	sendToClient: {"from":"0","ok":true}, {15c1f63e-9fc7-4db4-8613-cad2011c9a0d}, {15c1f63e-9fc7-4db4-8613-cad2011c9a0d}
04-27 00:08:53.108 I/Gecko   (   84): 1398582533125	Marionette	DEBUG	Got request: switchToFrame, data: {"to":"0","sessionId":"3-b2g","name":"switchToFrame","parameters":{"id":null,"focus":true}}, id: {11008686-d626-40e3-9e2e-7711129cbac4}
04-27 00:08:53.108 I/Gecko   (   84): 1398582533127	Marionette	INFO	Switched to frame: {"frameValue":null}
04-27 00:08:53.218 I/Gecko   (   84): 1398582533230	Marionette	INFO	sendToClient: {"from":"0","ok":true}, {11008686-d626-40e3-9e2e-7711129cbac4}, {11008686-d626-40e3-9e2e-7711129cbac4}
04-27 00:08:53.218 I/Gecko   (   84): 1398582533236	Marionette	DEBUG	Got request: executeWithCallback, data: {"to":"0","sessionId":"3-b2g","name":"executeAsyncScript","parameters":{"specialPowers":false,"scriptTimeout":null,"newSandbox":true,"args":[],"filename":"gaia_test.py","script":"return GaiaApps.displayedApp();","line":66}}, id: {530b6389-9b7d-416a-8b2a-219cee37f2b1}
04-27 00:08:53.248 I/Gecko   (   84): 1398582533267	Marionette	INFO	sendToClient: {"from":"0","value":{"frame":{"ELEMENT":"{602e2930-15c0-4d6e-ab49-bb6c8e6e2e70}"},"src":"app://homescreen.gaiamobile.org/index.html#root","name":"Homescreen","origin":"app://homescreen.gaiamobile.org"}}, {530b6389-9b7d-416a-8b2a-219cee37f2b1}, {530b6389-9b7d-416a-8b2a-219cee37f2b1}
04-27 00:08:53.258 I/Gecko   (   84): 1398582533273	Marionette	DEBUG	Got request: switchToFrame, data: {"to":"0","sessionId":"3-b2g","name":"switchToFrame","parameters":{"focus":true,"element":"{602e2930-15c0-4d6e-ab49-bb6c8e6e2e70}"}}, id: {d3ad7bab-d7cb-4b0b-bfb9-4987869b240f}
04-27 00:08:53.278 I/Gecko   (   84): 1398582533295	Marionette	INFO	Switched to frame: {"frameValue":"{602e2930-15c0-4d6e-ab49-bb6c8e6e2e70}"}
04-27 00:08:53.288 E/GeckoConsole(   84): Content JS LOG at dummy file:392 in GaiaApps.displayedApp: app with origin 'app://homescreen.gaiamobile.org' is displayed
04-27 00:08:53.298 I/Gecko   (   84): 1398582533312	Marionette	INFO	trying remote frame 0
04-27 00:08:53.308 I/Gecko   (   84): 1398582533320	Marionette	INFO	trying remote frame 1
04-27 00:08:53.308 I/Gecko   (   84): 1398582533321	Marionette	INFO	trying remote frame 2
04-27 00:08:53.308 I/Gecko   (   84): 1398582533322	Marionette	INFO	trying remote frame 3
04-27 00:08:53.308 I/Gecko   (   84): 1398582533324	Marionette	INFO	trying remote frame 4
04-27 00:08:53.308 I/Gecko   (   84): 1398582533325	Marionette	INFO	trying remote frame 5
04-27 00:08:53.318 I/Gecko   (   84): 1398582533330	Marionette	INFO	deleting frame
04-27 00:08:53.348 I/Gecko   (   84): 1398582533367	Marionette	INFO	frame-manager load script: [object ChromeMessageSender]
04-27 00:08:53.828 I/Gecko   (   84): 1398582533841	Marionette	INFO	sendToClient: {"from":"0","ok":true}, {d3ad7bab-d7cb-4b0b-bfb9-4987869b240f}, {d3ad7bab-d7cb-4b0b-bfb9-4987869b240f}
04-27 00:08:53.848 I/Gecko   (   84): 1398582533868	Marionette	INFO	sendToClient: {"from":"0","value":{"ELEMENT":"{4afe9a61-cecf-4aa7-aacc-cdc256f19d66}"}}, {21c25ba7-2977-4c74-b998-c7786e73bd14}, {21c25ba7-2977-4c74-b998-c7786e73bd14}
04-27 00:08:53.968 W/WifiHW  (   84): wifi_command: SIGNAL_POLL
04-27 00:08:54.038 E/GeckoConsole( 3820): [JavaScript Warning: "Use of getAttributeNode() is deprecated. Use getAttribute() instead." {file: "chrome://marionette/content/atoms.js" line: 25}]
04-27 00:08:54.038 E/GeckoConsole( 3820): [JavaScript Warning: "Use of attributes' specified attribute is deprecated. It always returns true." {file: "chrome://marionette/content/atoms.js" line: 25}]
04-27 00:08:54.038 I/Gecko   (   84): 1398582534053	Marionette	INFO	sendToClient: {"from":"0","value":"normal"}, {85f990c0-c81b-4ae0-8aff-0c7606ed461b}, {85f990c0-c81b-4ae0-8aff-0c7606ed461b}
04-27 00:08:54.048 I/Gecko   (   84): 1398582534063	Marionette	DEBUG	Got request: switchToFrame, data: {"to":"0","sessionId":"3-b2g","name":"switchToFrame","parameters":{"id":null,"focus":true}}, id: {b28faf09-2fcf-47ef-9bb8-7f8e58a81b97}
04-27 00:08:54.058 I/Gecko   (   84): 1398582534076	Marionette	INFO	Switched to frame: {"frameValue":null}
04-27 00:08:54.168 I/Gecko   (   84): 1398582534179	Marionette	INFO	sendToClient: {"from":"0","ok":true}, {b28faf09-2fcf-47ef-9bb8-7f8e58a81b97}, {b28faf09-2fcf-47ef-9bb8-7f8e58a81b97}
04-27 00:08:54.168 I/Gecko   (   84): 1398582534185	Marionette	DEBUG	Got request: execute, data: {"to":"0","sessionId":"3-b2g","name":"executeScript","parameters":{"specialPowers":false,"scriptTimeout":null,"newSandbox":true,"args":[],"filename":"gaia_test.py","script":"window.wrappedJSObject.dispatchEvent(new Event('home'));","line":788}}, id: {9d03413a-f1a5-4add-b1ae-9538fac3cc6b}
04-27 00:08:54.218 I/Gecko   (   84): 1398582534233	Marionette	INFO	sendToClient: {"from":"0","value":null}, {9d03413a-f1a5-4add-b1ae-9538fac3cc6b}, {9d03413a-f1a5-4add-b1ae-9538fac3cc6b}
04-27 00:08:54.228 I/Gecko   (   84): 1398582534244	Marionette	DEBUG	Got request: switchToFrame, data: {"to":"0","sessionId":"3-b2g","name":"switchToFrame","parameters":{"id":null,"focus":true}}, id: {e785ab72-2007-4126-adbf-1658cc647222}
04-27 00:08:54.238 I/Gecko   (   84): 1398582534250	Marionette	INFO	Switched to frame: {"frameValue":null}
04-27 00:08:54.338 I/Gecko   (   84): 1398582534353	Marionette	INFO	sendToClient: {"from":"0","ok":true}, {e785ab72-2007-4126-adbf-1658cc647222}, {e785ab72-2007-4126-adbf-1658cc647222}
04-27 00:08:54.348 I/Gecko   (   84): 1398582534359	Marionette	DEBUG	Got request: switchToFrame, data: {"to":"0","sessionId":"3-b2g","name":"switchToFrame","parameters":{"id":null,"focus":true}}, id: {9708ed7a-4476-4efd-9d82-ba31746ea959}
04-27 00:08:54.348 I/Gecko   (   84): 1398582534360	Marionette	INFO	Switched to frame: {"frameValue":null}
04-27 00:08:54.448 I/Gecko   (   84): 1398582534463	Marionette	INFO	sendToClient: {"from":"0","ok":true}, {9708ed7a-4476-4efd-9d82-ba31746ea959}, {9708ed7a-4476-4efd-9d82-ba31746ea959}
04-27 00:08:54.468 I/Gecko   (   84): 1398582534481	Marionette	DEBUG	Got request: executeWithCallback, data: {"to":"0","sessionId":"3-b2g","name":"executeAsyncScript","parameters":{"specialPowers":false,"scriptTimeout":null,"newSandbox":true,"args":[],"filename":"gaia_test.py","script":"return GaiaApps.displayedApp();","line":66}}, id: {e21a7150-2680-4fd7-a39f-853e25a8da38}
04-27 00:08:54.498 I/Gecko   (   84): 1398582534510	Marionette	INFO	sendToClient: {"from":"0","value":{"frame":{"ELEMENT":"{602e2930-15c0-4d6e-ab49-bb6c8e6e2e70}"},"src":"app://homescreen.gaiamobile.org/index.html#rootSun%20Apr%2027%202014%2000:08:54%20GMT-0700%20(UTC)","name":"Homescreen","origin":"app://homescreen.gaiamobile.org"}}, {e21a7150-2680-4fd7-a39f-853e25a8da38}, {e21a7150-2680-4fd7-a39f-853e25a8da38}
04-27 00:08:54.498 I/Gecko   (   84): 1398582534516	Marionette	DEBUG	Got request: switchToFrame, data: {"to":"0","sessionId":"3-b2g","name":"switchToFrame","parameters":{"focus":true,"element":"{602e2930-15c0-4d6e-ab49-bb6c8e6e2e70}"}}, id: {f6765b23-edd5-4005-9407-8fac65b8018c}
04-27 00:08:54.508 I/Gecko   (   84): 1398582534523	Marionette	INFO	Switched to frame: {"frameValue":"{602e2930-15c0-4d6e-ab49-bb6c8e6e2e70}"}
04-27 00:08:54.508 E/GeckoConsole(   84): Content JS LOG at dummy file:392 in GaiaApps.displayedApp: app with origin 'app://homescreen.gaiamobile.org' is displayed
04-27 00:08:54.508 I/Gecko   (   84): 1398582534526	Marionette	INFO	trying remote frame 0
04-27 00:08:54.508 I/Gecko   (   84): 1398582534527	Marionette	INFO	trying remote frame 1
04-27 00:08:54.518 I/Gecko   (   84): 1398582534528	Marionette	INFO	trying remote frame 2
04-27 00:08:54.518 I/Gecko   (   84): 1398582534529	Marionette	INFO	trying remote frame 3
04-27 00:08:54.518 I/Gecko   (   84): 1398582534530	Marionette	INFO	trying remote frame 4
04-27 00:08:54.518 I/Gecko   (   84): 1398582534531	Marionette	INFO	trying remote frame 5
04-27 00:08:54.528 I/Gecko   (   84): 1398582534543	Marionette	INFO	sendToClient: {"from":"0","ok":true}, {f6765b23-edd5-4005-9407-8fac65b8018c}, {f6765b23-edd5-4005-9407-8fac65b8018c}
04-27 00:08:54.538 I/Gecko   (   84): 1398582534553	Marionette	DEBUG	Got request: execute, data: {"to":"0","sessionId":"3-b2g","name":"executeScript","parameters":{"specialPowers":false,"scriptTimeout":null,"newSandbox":true,"args":[],"filename":"gaia_test.py","script":"return window.wrappedJSObject.GridManager.pageHelper.getCurrentPageNumber();","line":784}}, id: {3a4053aa-743b-44ee-bd53-e0e928470237}
04-27 00:08:54.568 I/Gecko   (   84): 1398582534588	Marionette	INFO	sendToClient: {"from":"0","value":0}, {3a4053aa-743b-44ee-bd53-e0e928470237}, {3a4053aa-743b-44ee-bd53-e0e928470237}
04-27 00:08:54.668 I/Gecko   (   84): 1398582534685	Marionette	INFO	sendToClient: {"from":"0","value":["{4b49ba90-9c08-4793-a130-c458333bea56}","{974a591f-d1c6-421b-8f46-4577e06d15a2}","{e652c29c-3eee-4ceb-b578-70bb2b55244d}","{82b99193-a5d0-472c-b99a-44f6ee4701c7}","{c87a97a5-32b1-4e77-8f85-5acd64c53b96}","{040484bb-14b2-459b-af91-f79ad0b267d3}","{263b6372-f76e-49c3-9564-bae455894d5a}","{6c7751f9-66c6-4b0b-aae2-158a98240ade}","{00fc646d-4408-4d8a-8de8-cfb6819b027c}","{28cf7bf2-266f-4e5f-acf4-2f7cff5e7596}","{cffe7a6d-7156-4ebc-a456-9f4d3f9d45dd}","{b967b610-deac-4101-b928-5549505fab73}","{0ca8524b-ed42-45ec-a3a5-7237f9e1f3b7}","{323528b6-cbfc-49bd-baea-490f98d54d5d}","{2b92198a-26d3-4b2a-9def-c6363a5be7ef}","{ca83f3d1-31ff-48d3-b1ab-bc8f5c0e51f2}","{bc324dc1-7af9-47dc-b4e5-eb34e4d277d0}","{d7af0731-d693-4256-8b2d-69f579f31cd1}","{ceb4a819-ef55-43df-8d64-51ef91b604f4}","{79a6c2b0-2681-4268-8f02-e6c790f02552}","{f5803e87-a150-480b-8a63-57a477702d30}","{d25270e6-75af-4558-ba06-9c950581a08d}","{d276af8d-8760-4155-ac67-30dd3d3f446c}","{2d7a02b9-6b8e
04-27 00:08:54.678 I/Gecko   (   84): 1398582534694	Marionette	INFO	sendToClient: {"from":"0","value":"app://homescreen.gaiamobile.org/index.html#rootSun%20Apr%2027%202014%2000:08:54%20GMT-0700%20(UTC)"}, {30f6fb3f-19ce-490c-bdc6-1785d6acadab}, {30f6fb3f-19ce-490c-bdc6-1785d6acadab}
04-27 00:08:54.688 I/Gecko   (   84): 1398582534700	Marionette	DEBUG	Got request: switchToFrame, data: {"to":"0","sessionId":"3-b2g","name":"switchToFrame","parameters":{"id":null,"focus":true}}, id: {14cba853-d814-4e91-a950-5006f2512279}
04-27 00:08:54.698 I/Gecko   (   84): 1398582534709	Marionette	INFO	Switched to frame: {"frameValue":null}
04-27 00:08:54.798 I/Gecko   (   84): 1398582534812	Marionette	INFO	sendToClient: {"from":"0","ok":true}, {14cba853-d814-4e91-a950-5006f2512279}, {14cba853-d814-4e91-a950-5006f2512279}
04-27 00:08:54.798 I/Gecko   (   84): 1398582534817	Marionette	DEBUG	Got request: switchToFrame, data: {"to":"0","sessionId":"3-b2g","name":"switchToFrame","parameters":{"id":null,"focus":true}}, id: {729440cd-e1e6-448a-94cf-93617cf370b9}
04-27 00:08:54.808 I/Gecko   (   84): 1398582534824	Marionette	INFO	Switched to frame: {"frameValue":null}
04-27 00:08:54.908 I/Gecko   (   84): 1398582534927	Marionette	INFO	sendToClient: {"from":"0","ok":true}, {729440cd-e1e6-448a-94cf-93617cf370b9}, {729440cd-e1e6-448a-94cf-93617cf370b9}
04-27 00:08:54.918 I/Gecko   (   84): 1398582534932	Marionette	DEBUG	Got request: executeWithCallback, data: {"to":"0","sessionId":"3-b2g","name":"executeAsyncScript","parameters":{"specialPowers":false,"scriptTimeout":30000,"newSandbox":true,"args":[],"filename":"app_checker.py","script":"GaiaApps.launchWithManifestURL('http://submathbalance.dseffects.com/MathBalance.webapp')","line":106}}, id: {9d27c708-c0e2-4aaf-9563-721ce9d7f4e9}
04-27 00:08:55.038 I/Gonk    (   84): Setting nice for pid 3849 to 18
04-27 00:08:55.038 I/Gonk    (   84): Changed nice for pid 3849 from 0 to 18.
04-27 00:08:55.048 I/Gecko   (   84): [Parent 84] WARNING: waitpid failed pid:3849 errno:10: file ../../../gecko/ipc/chromium/src/base/process_util_posix.cc, line 254
04-27 00:08:55.068 I/Gonk    (   84): Setting nice for pid 3849 to 1
04-27 00:08:55.068 I/Gonk    (   84): Changed nice for pid 3849 from 18 to 1.
04-27 00:08:55.088 E/GeckoConsole(   84): Content JS LOG at dummy file:334 in GaiaApps.launch: launching app with name 'MathBalance'
04-27 00:08:55.428 E/[Gralloc-ERROR](   84): int gralloc_register_buffer(const gralloc_module_t*, const native_handle_t*):79 Unable to register handle 0x45b64560 coming from different process: 84
04-27 00:08:55.428 E/[Gralloc-ERROR](   84): int gralloc_register_buffer(const gralloc_module_t*, const native_handle_t*):79 Unable to register handle 0x45b64600 coming from different process: 84
04-27 00:08:55.448 E/[Gralloc-ERROR](   84): int gralloc_register_buffer(const gralloc_module_t*, const native_handle_t*):79 Unable to register handle 0x45b646a0 coming from different process: 84
04-27 00:08:55.448 E/[Gralloc-ERROR](   84): int gralloc_register_buffer(const gralloc_module_t*, const native_handle_t*):79 Unable to register handle 0x45b64740 coming from different process: 84
04-27 00:08:55.518 D/Sensors (   84): activate handle=0; drv=0
04-27 00:08:55.528 D/Sensors (   84): Lis3dhSensor: Control set 1
04-27 00:08:55.528 D/Sensors (   84): Lis3dhSensor: mEnabled = 1
04-27 00:08:55.648 I/Gonk    (   84): Setting nice for pid 3820 to 18
04-27 00:08:55.648 I/Gonk    (   84): Changed nice for pid 3820 from 1 to 18.
04-27 00:08:56.018 I/Gecko   (   84): 
04-27 00:08:56.018 I/Gecko   (   84): ###!!! [Parent][MessageChannel] Error: Channel error: cannot send/recv
04-27 00:08:56.018 I/Gecko   (   84): 
04-27 00:08:56.058 I/GeckoDump(   84): Crash reporter : Can't fetch app.reportCrashes. Exception: [Exception... "Component returned failure code: 0x8000ffff (NS_ERROR_UNEXPECTED) [nsIPrefBranch.getBoolPref]"  nsresult: "0x8000ffff (NS_ERROR_UNEXPECTED)"  location: "JS frame :: chrome://browser/content/shell.js :: shell_reportCrash :: line 7"  data: no]
04-27 00:08:56.078 I/Gecko   (   84): [Parent 84] WARNING: waitpid failed pid:3820 errno:10: file ../../../gecko/ipc/chromium/src/base/process_util_posix.cc, line 254
04-27 00:08:56.588 E/GeckoConsole( 3849): [JavaScript Warning: "An unbalanced tree was written using document.write() causing data from the network to be reparsed. For more information https://developer.mozilla.org/en/Optimizing_Your_Pages_for_Speculative_Parsing" {file: "http://submathbalance.dseffects.com/MathBalance.php?pid=6900" line: 68}]
04-27 00:08:56.638 E/GeckoConsole( 3849): [JavaScript Error: "NS_ERROR_DOM_QUOTA_REACHED: Persistent storage maximum size reached" {file: "http://submathbalance.dseffects.com/MathBalance.php?pid=6900" line: 72}]
04-27 00:08:56.748 E/GeckoConsole( 3849): [JavaScript Warning: "Error in parsing value for 'height'.  Declaration dropped." {file: "http://submathbalance.dseffects.com/MathBalance.php?pid=6900" line: 0 column: 40 source: "display:inline-table;border:none;height:undefinedpx;margin:0;padding:0;position:relative;visibility:visible;width:undefinedpx;background-color:transparent"}]
04-27 00:08:56.748 E/GeckoConsole( 3849): [JavaScript Warning: "Error in parsing value for 'width'.  Declaration dropped." {file: "http://submathbalance.dseffects.com/MathBalance.php?pid=6900" line: 0 column: 114 source: "display:inline-table;border:none;height:undefinedpx;margin:0;padding:0;position:relative;visibility:visible;width:undefinedpx;background-color:transparent"}]
04-27 00:08:56.748 E/GeckoConsole( 3849): [JavaScript Warning: "Error in parsing value for 'height'.  Declaration dropped." {file: "http://submathbalance.dseffects.com/MathBalance.php?pid=6900" line: 0 column: 33 source: "display:block;border:none;height:undefinedpx;margin:0;padding:0;position:relative;visibility:visible;width:undefinedpx;background-color:transparent"}]
04-27 00:08:56.748 E/GeckoConsole( 3849): [JavaScript Warning: "Error in parsing value for 'width'.  Declaration dropped." {file: "http://submathbalance.dseffects.com/MathBalance.php?pid=6900" line: 0 column: 107 source: "display:block;border:none;height:undefinedpx;margin:0;padding:0;position:relative;visibility:visible;width:undefinedpx;background-color:transparent"}]
04-27 00:08:57.038 E/GeckoConsole( 3849): [JavaScript Warning: "Unknown property '-moz-border-radius'.  Declaration dropped." {file: "http://submathbalance.dseffects.com/MathBalance.php?pid=6900" line: 0 column: 18 source: "-moz-border-radius:16px;-webkit-border-radius:16px;"}]
04-27 00:08:57.358 E/GeckoConsole( 3849): [JavaScript Warning: "Unknown property '-moz-opacity'.  Declaration dropped." {file: "http://submathbalance.dseffects.com/MathBalance.php?pid=6900" line: 0 column: 90 source: "position:absolute;top:896px;left:134px;visibility:visible;z-Index:2;opacity:1;-moz-opacity:1;filter:alpha(opacity=100);background-color:#000000;border:1px solid #000;width:500px;height:32px;font-size:24px;color:#ffffff;text-align:center;-moz-border-radius:16;-webkit-border-radius:16px;"}]
04-27 00:08:57.368 E/GeckoConsole( 3849): [JavaScript Warning: "Expected 'none' or URL but found 'alpha('.  Error in parsing value for 'filter'.  Declaration dropped." {file: "http://submathbalance.dseffects.com/MathBalance.php?pid=6900" line: 0 column: 100 source: "position:absolute;top:896px;left:134px;visibility:visible;z-Index:2;opacity:1;-moz-opacity:1;filter:alpha(opacity=100);background-color:#000000;border:1px solid #000;width:500px;height:32px;font-size:24px;color:#ffffff;text-align:center;-moz-border-radius:16;-webkit-border-radius:16px;"}]
04-27 00:08:57.378 E/GeckoConsole( 3849): [JavaScript Warning: "Unknown property '-moz-border-radius'.  Declaration dropped." {file: "http://submathbalance.dseffects.com/MathBalance.php?pid=6900" line: 0 column: 255 source: "position:absolute;top:896px;left:134px;visibility:visible;z-Index:2;opacity:1;-moz-opacity:1;filter:alpha(opacity=100);background-color:#000000;border:1px solid #000;width:500px;height:32px;font-size:24px;color:#ffffff;text-align:center;-moz-border-radius:16;-webkit-border-radius:16px;"}]
04-27 00:08:57.388 E/GeckoConsole( 3849): [JavaScript Warning: "Unknown property '-moz-opacity'.  Declaration dropped." {file: "http://submathbalance.dseffects.com/MathBalance.php?pid=6900" line: 0 column: 90 source: "position:absolute;top:896px;left:134px;visibility:visible;z-Index:3;opacity:1;-moz-opacity:1;filter:alpha(opacity=100);background-color:#00bfdf;width:0px;height:32px;-moz-border-radius:16;-webkit-border-radius:16px;"}]
04-27 00:08:57.398 E/GeckoConsole( 3849): [JavaScript Warning: "Expected 'none' or URL but found 'alpha('.  Error in parsing value for 'filter'.  Declaration dropped." {file: "http://submathbalance.dseffects.com/MathBalance.php?pid=6900" line: 0 column: 100 source: "position:absolute;top:896px;left:134px;visibility:visible;z-Index:3;opacity:1;-moz-opacity:1;filter:alpha(opacity=100);background-color:#00bfdf;width:0px;height:32px;-moz-border-radius:16;-webkit-border-radius:16px;"}]
04-27 00:08:57.398 E/GeckoConsole( 3849): [JavaScript Warning: "Unknown property '-moz-border-radius'.  Declaration dropped." {file: "http://submathbalance.dseffects.com/MathBalance.php?pid=6900" line: 0 column: 184 source: "position:absolute;top:896px;left:134px;visibility:visible;z-Index:3;opacity:1;-moz-opacity:1;filter:alpha(opacity=100);background-color:#00bfdf;width:0px;height:32px;-moz-border-radius:16;-webkit-border-radius:16px;"}]
04-27 00:08:57.678 E/GeckoConsole( 3849): [JavaScript Warning: "Unknown property '-moz-opacity'.  Declaration dropped." {file: "http://submathbalance.dseffects.com/MathBalance.php?pid=6900" line: 0 column: 87 source: "position:absolute;top:0px;left:0px;z-Index:1;visibility:hidden;opacity:0.6;-moz-opacity:0.6;filter:alpha(opacity=60);"}]
04-27 00:08:57.698 E/GeckoConsole( 3849): [JavaScript Warning: "Expected 'none' or URL but found 'alpha('.  Error in parsing value for 'filter'.  Declaration dropped." {file: "http://submathbalance.dseffects.com/MathBalance.php?pid=6900" line: 0 column: 99 source: "position:absolute;top:0px;left:0px;z-Index:1;visibility:hidden;opacity:0.6;-moz-opacity:0.6;filter:alpha(opacity=60);"}]
04-27 00:08:57.788 E/GeckoConsole( 3849): [JavaScript Error: "The character encoding of the HTML document was not declared. The document will render with garbled text in some browser configurations if the document contains characters from outside the US-ASCII range. The character encoding of the page must be declared in the document or in the transfer protocol." {file: "http://submathbalance.dseffects.com/MathBalance.php?pid=6900" line: 0}]
04-27 00:08:58.078 I/Gecko   (   84): [Parent 84] WARNING: waitpid failed pid:3820 errno:10: file ../../../gecko/ipc/chromium/src/base/process_util_posix.cc, line 254
04-27 00:08:58.078 I/Gecko   (   84): [Parent 84] WARNING: Failed to deliver SIGKILL to 3820!(3).: file ../../../gecko/ipc/chromium/src/chrome/common/process_watcher_posix_sigchld.cc, line 118
04-27 00:08:58.968 W/WifiHW  (   84): wifi_command: SIGNAL_POLL
04-27 00:09:00.838 I/Gonk    (   84): Setting nice for pid 3937 to 18
04-27 00:09:00.838 I/Gonk    (   84): Changed nice for pid 3937 from 0 to 18.
04-27 00:09:07.578 I/GonkMemoryPressure(   84): Checking to see if memory pressure is over.
04-27 00:09:07.578 I/GonkMemoryPressure(   84): Memory pressure is over.
04-27 00:09:07.578 I/GonkMemoryPressure( 3849): Checking to see if memory pressure is over.
04-27 00:09:07.578 I/GonkMemoryPressure( 3849): Memory pressure is over.
04-27 00:09:07.638 I/GonkMemoryPressure( 3217): Checking to see if memory pressure is over.
04-27 00:09:07.638 I/GonkMemoryPressure( 3217): Memory pressure is over.
04-27 00:09:07.868 I/GonkMemoryPressure( 3937): Checking to see if memory pressure is over.
04-27 00:09:07.948 I/GonkMemoryPressure( 3937): Memory pressure is over.
04-27 00:09:12.708 I/GonkMemoryPressure( 3849): Checking to see if memory pressure is over.
04-27 00:09:12.718 I/GonkMemoryPressure( 3217): Checking to see if memory pressure is over.
04-27 00:09:12.758 I/GonkMemoryPressure(   84): Checking to see if memory pressure is over.
04-27 00:09:12.818 I/GonkMemoryPressure(   84): Memory pressure is over.
04-27 00:09:12.908 I/GonkMemoryPressure( 3217): Memory pressure is over.
04-27 00:09:12.908 I/GonkMemoryPressure( 3849): Memory pressure is over.
04-27 00:09:14.358 I/GonkMemoryPressure( 3937): Checking to see if memory pressure is over.
04-27 00:09:14.448 I/GonkMemoryPressure( 3937): Memory pressure is over.
04-27 00:09:17.918 I/GonkMemoryPressure(   84): Checking to see if memory pressure is over.
04-27 00:09:17.928 I/GonkMemoryPressure( 3217): Checking to see if memory pressure is over.
04-27 00:09:17.928 I/GonkMemoryPressure( 3217): Memory pressure is over.
04-27 00:09:17.928 I/GonkMemoryPressure( 3849): Checking to see if memory pressure is over.
04-27 00:09:17.928 I/GonkMemoryPressure( 3849): Memory pressure is over.
04-27 00:09:18.028 I/GonkMemoryPressure(   84): Memory pressure is over.
04-27 00:09:19.598 I/GonkMemoryPressure( 3937): Checking to see if memory pressure is over.
04-27 00:09:19.678 I/GonkMemoryPressure( 3937): Memory pressure is over.
04-27 00:09:20.858 E/Profiler(   84): BPUnw: [1 total] thread_unregister_for_profiling(me=0xd3eea8)  (NOT REGISTERED) 
04-27 00:09:20.898 E/Profiler(   84): BPUnw: [1 total] thread_unregister_for_profiling(me=0xd2f608)  (NOT REGISTERED) 
04-27 00:09:20.938 E/Profiler(   84): BPUnw: [1 total] thread_unregister_for_profiling(me=0xd3a3f8)  (NOT REGISTERED) 
04-27 00:09:20.998 E/Profiler(   84): BPUnw: [1 total] thread_unregister_for_profiling(me=0xd27e88)  (NOT REGISTERED) 
04-27 00:09:22.978 I/GonkMemoryPressure( 3217): Checking to see if memory pressure is over.
04-27 00:09:22.978 I/GonkMemoryPressure( 3217): Memory pressure is over.
04-27 00:09:22.998 I/GonkMemoryPressure( 3849): Checking to see if memory pressure is over.
04-27 00:09:22.998 I/GonkMemoryPressure( 3849): Memory pressure is over.
04-27 00:09:23.038 I/GonkMemoryPressure(   84): Checking to see if memory pressure is over.
04-27 00:09:23.038 I/GonkMemoryPressure(   84): Memory pressure is over.
04-27 00:09:24.738 I/GonkMemoryPressure( 3937): Checking to see if memory pressure is over.
04-27 00:09:24.768 I/GonkMemoryPressure( 3937): Memory pressure is over.
04-27 00:09:28.058 I/GonkMemoryPressure(   84): Checking to see if memory pressure is over.
04-27 00:09:28.058 I/GonkMemoryPressure(   84): Memory pressure is over.
04-27 00:09:28.058 I/GonkMemoryPressure( 3849): Checking to see if memory pressure is over.
04-27 00:09:28.058 I/GonkMemoryPressure( 3849): Memory pressure is over.
04-27 00:09:28.058 I/GonkMemoryPressure( 3217): Checking to see if memory pressure is over.
04-27 00:09:28.058 I/GonkMemoryPressure( 3217): Memory pressure is over.
04-27 00:09:30.048 I/GonkMemoryPressure( 3937): Checking to see if memory pressure is over.
04-27 00:09:30.548 I/GonkMemoryPressure( 3937): Memory pressure is over.
04-27 00:09:33.098 I/GonkMemoryPressure( 3217): Checking to see if memory pressure is over.
04-27 00:09:33.108 I/GonkMemoryPressure( 3849): Checking to see if memory pressure is over.
04-27 00:09:33.108 I/GonkMemoryPressure( 3849): Memory pressure is over.
04-27 00:09:33.108 I/GonkMemoryPressure(   84): Checking to see if memory pressure is over.
04-27 00:09:33.108 I/GonkMemoryPressure(   84): Memory pressure is over.
04-27 00:09:33.108 I/GonkMemoryPressure( 3217): Memory pressure is over.
04-27 00:09:36.518 I/GonkMemoryPressure( 3937): Checking to see if memory pressure is over.
04-27 00:09:37.128 I/GonkMemoryPressure( 3937): Memory pressure is over.
04-27 00:09:38.118 I/GonkMemoryPressure( 3217): Checking to see if memory pressure is over.
04-27 00:09:38.128 I/GonkMemoryPressure(   84): Checking to see if memory pressure is over.
04-27 00:09:38.128 I/GonkMemoryPressure(   84): Memory pressure is over.
04-27 00:09:38.128 I/GonkMemoryPressure( 3849): Checking to see if memory pressure is over.
04-27 00:09:38.128 I/GonkMemoryPressure( 3849): Memory pressure is over.
04-27 00:09:38.128 I/GonkMemoryPressure( 3217): Memory pressure is over.
04-27 00:09:38.658 W/WifiHW  (   84): wifi_command: SIGNAL_POLL
04-27 00:09:41.028 D/Sensors (   84): SensorTMD2771::readEvents()======data_fd=53,count=16
04-27 00:09:41.028 D/Sensors (   84): SensorTMD2771::processEvent()=====code=40::value=2 
04-27 00:09:41.028 D/Sensors (   84): SensorTMD2771: mPendingEvents[Light].light = 2.000000
04-27 00:09:42.218 I/GonkMemoryPressure( 3937): Checking to see if memory pressure is over.
04-27 00:09:42.278 I/GonkMemoryPressure( 3937): Memory pressure is over.
04-27 00:09:42.708 I/GeckoDump(   84): Crash reporter : Can't fetch app.reportCrashes. Exception: [Exception... "Component returned failure code: 0x8000ffff (NS_ERROR_UNEXPECTED) [nsIPrefBranch.getBoolPref]"  nsresult: "0x8000ffff (NS_ERROR_UNEXPECTED)"  location: "JS frame :: chrome://browser/content/shell.js :: shell_reportCrash :: line 7"  data: no]
04-27 00:09:43.028 E/Profiler(   84): BPUnw: [1 total] thread_unregister_for_profiling(me=0xd398e0)  (NOT REGISTERED) 
04-27 00:09:43.148 I/GonkMemoryPressure(   84): Checking to see if memory pressure is over.
04-27 00:09:43.148 I/GonkMemoryPressure(   84): Memory pressure is over.
04-27 00:09:43.148 I/GonkMemoryPressure( 3217): Checking to see if memory pressure is over.
04-27 00:09:43.148 I/GonkMemoryPressure( 3217): Memory pressure is over.
04-27 00:09:43.148 I/GonkMemoryPressure( 3849): Checking to see if memory pressure is over.
04-27 00:09:43.148 I/GonkMemoryPressure( 3849): Memory pressure is over.
04-27 00:09:46.628 I/Gecko   (   84): 1398582586643	Marionette	INFO	sendToClient: {"from":"0","error":{"message":"timed out","status":28,"stacktrace":null}}, {9d27c708-c0e2-4aaf-9563-721ce9d7f4e9}, {9d27c708-c0e2-4aaf-9563-721ce9d7f4e9}
04-27 00:09:47.408 I/GonkMemoryPressure( 3937): Checking to see if memory pressure is over.
04-27 00:09:47.488 I/GonkMemoryPressure( 3937): Memory pressure is over.
04-27 00:09:47.758 W/WifiHW  (   84): wifi_command: SIGNAL_POLL
04-27 00:09:48.338 I/GonkMemoryPressure( 3849): Checking to see if memory pressure is over.
04-27 00:09:48.338 I/GonkMemoryPressure( 3849): Memory pressure is over.
04-27 00:09:48.338 I/GonkMemoryPressure( 3217): Checking to see if memory pressure is over.
04-27 00:09:48.338 I/GonkMemoryPressure( 3217): Memory pressure is over.
04-27 00:09:48.338 I/GonkMemoryPressure(   84): Checking to see if memory pressure is over.
04-27 00:09:48.338 I/GonkMemoryPressure(   84): Memory pressure is over.
04-27 00:09:49.918 E/GeckoConsole( 3849): Content JS WARN at http://connect.facebook.net/en_US/all.js#xfbml=1:53 in i: Invalid App Id: Must be a number or numeric string representing the application id.
04-27 00:09:49.928 E/GeckoConsole( 3849): Content JS WARN at http://connect.facebook.net/en_US/all.js#xfbml=1:53 in i: FB.getLoginStatus() called before calling FB.init().
04-27 00:09:50.238 I/Gecko   (   84): 1398582590248	Marionette	DEBUG	Got request: switchToFrame, data: {"to":"0","sessionId":"3-b2g","name":"switchToFrame","parameters":{"id":null,"focus":true}}, id: {d8209ad4-1153-48fc-910e-5f4b865ada7e}
04-27 00:09:50.428 I/Gecko   (   84): 1398582590438	Marionette	INFO	Switched to frame: {"frameValue":null}
04-27 00:09:50.538 I/Gecko   (   84): 1398582590553	Marionette	INFO	sendToClient: {"from":"0","ok":true}, {d8209ad4-1153-48fc-910e-5f4b865ada7e}, {d8209ad4-1153-48fc-910e-5f4b865ada7e}
04-27 00:09:50.588 E/GeckoConsole( 3849): [JavaScript Warning: "Error in parsing value for 'height'.  Declaration dropped." {file: "http://googleads.g.doubleclick.net/pagead/ads?client=ca-undefined&format=undefinedxundefined&output=html&adk=2842047771&lmt=1398582536&ea=0&flash=0&url=http%3A%2F%2Fsubmathbalance.dseffects.com%2FMathBalance.php%3Fpid%3D6900&dt=1398582536701&bpp=136&bdt=587&shv=r20140422&cbv=r20140417&saldr=sa&correlator=1398582538414&frm=20&ga_vid=190551395.1398582539&ga_sid=1398582539&ga_hid=695147122&ga_fc=0&u_tz=-420&u_his=1&u_java=0&u_h=480&u_w=320&u_ah=480&u_aw=320&u_cd=16&u_nplug=0&u_nmime=0&dff=sans-serif&dfs=16&adx=-74&ady=15&biw=320&bih=460&eid=317150304&oid=3&rx=0&eae=6&fc=2&vis=1&fu=0&ifi=1&dtd=2016" line: 22 column: 73 source: "#adunit {background-color: #ffffff;height: 0px;width: 0px;}#ads {height: -18px;left: 0px;position: absolute;top: 18px;width: 0px;}#ads ul{list-style: none;}#ads ul li {clear: both;float: left;line-height: 0;overflow: hidden;position: relative;  }#ads table {border-collapse: collapse;border-spacing: 0
04-27 00:09:50.608 E/GeckoConsole( 3849): [JavaScript Warning: "Error in parsing value for 'word-break'.  Declaration dropped." {file: "http://googleads.g.doubleclick.net/pagead/ads?client=ca-undefined&format=undefinedxundefined&output=html&adk=2842047771&lmt=1398582536&ea=0&flash=0&url=http%3A%2F%2Fsubmathbalance.dseffects.com%2FMathBalance.php%3Fpid%3D6900&dt=1398582536701&bpp=136&bdt=587&shv=r20140422&cbv=r20140417&saldr=sa&correlator=1398582538414&frm=20&ga_vid=190551395.1398582539&ga_sid=1398582539&ga_hid=695147122&ga_fc=0&u_tz=-420&u_his=1&u_java=0&u_h=480&u_w=320&u_ah=480&u_aw=320&u_cd=16&u_nplug=0&u_nmime=0&dff=sans-serif&dfs=16&adx=-74&ady=15&biw=320&bih=460&eid=317150304&oid=3&rx=0&eae=6&fc=2&vis=1&fu=0&ifi=1&dtd=2016" line: 22 column: 507 source: "#adunit {background-color: #ffffff;height: 0px;width: 0px;}#ads {height: -18px;left: 0px;position: absolute;top: 18px;width: 0px;}#ads ul{list-style: none;}#ads ul li {clear: both;float: left;line-height: 0;overflow: hidden;position: relative;  }#ads table {border-collapse: collapse;border-spaci
04-27 00:09:50.828 I/Gecko   (   84): 1398582590846	Marionette	DEBUG	Got request: executeWithCallback, data: {"to":"0","sessionId":"3-b2g","name":"executeAsyncScript","parameters":{"specialPowers":false,"scriptTimeout":60000,"newSandbox":true,"args":[],"filename":"app_checker.py","script":"\n        GaiaApps.locateWithManifestURL('http://submathbalance.dseffects.com/MathBalance.webapp',\n                                       null,\n                                       function uninstall(app) {\n                                       navigator.mozApps.mgmt.uninstall(app);\n                                       marionetteScriptFinished(true);\n                                       });\n        ","line":129}}, id: {d609da73-eb38-4481-9d26-ccc830231175}
04-27 00:09:51.058 I/Gecko   (   84): -- webapps.js uninstall http://submathbalance.dseffects.com/MathBalance.webapp
04-27 00:09:52.888 I/Gecko   (   84): 1398582592904	Marionette	INFO	sendToClient: {"from":"0","value":true}, {d609da73-eb38-4481-9d26-ccc830231175}, {d609da73-eb38-4481-9d26-ccc830231175}
04-27 00:09:53.188 E/GeckoConsole( 3849): [JavaScript Warning: "Content Security Policy: allow directive is deprecated, use the equivalent default-src directive instead"]
04-27 00:09:53.498 E/GeckoConsole( 3849): [JavaScript Warning: "The X-Content-Security-Policy and X-Content-Security-Report-Only headers will be deprecated in the future. Please use the Content-Security-Policy and Content-Security-Report-Only headers with CSP spec compliant syntax instead." {file: "https://s-static.ak.facebook.com/connect/xd_arbiter/dgdTycPTSRj.js?version=40#channel=f2640a0000404b6&origin=http%3A%2F%2Fsubmathbalance.dseffects.com" line: 0}]
04-27 00:09:53.608 W/WifiHW  (   84): wifi_command: SIGNAL_POLL