--------- beginning of /dev/log/main
04-26 02:36:58.385 I/Gecko   (   84): [Parent 84] WARNING: waitpid failed pid:759 errno:10: file ../../../gecko/ipc/chromium/src/base/process_util_posix.cc, line 254
04-26 02:36:58.385 I/Gecko   (   84): [Parent 84] WARNING: Failed to deliver SIGKILL to 759!(3).: file ../../../gecko/ipc/chromium/src/chrome/common/process_watcher_posix_sigchld.cc, line 118
04-26 02:36:58.665 V/AudioPolicyManagerBase(   89): getDeviceForStrategy() from cache strategy 0, device 2
04-26 02:36:58.675 V/AudioPolicyManagerBase(   89): getOutput() stream 1, samplingRate 0, format 0, channels 3, flags 0
04-26 02:36:58.755 I/Gecko   (   84): 1398505018765	Marionette	INFO	sendToClient: {"from":"0","ok":true}, {4687bec7-8a7f-42b4-8555-b698142f8b4e}, {4687bec7-8a7f-42b4-8555-b698142f8b4e}
04-26 02:36:58.965 V/AudioPolicyManagerBase(   89): startOutput() output 1, stream 1, session 2
04-26 02:36:58.965 V/AudioPolicyManagerBase(   89): startReadingThread
04-26 02:36:58.965 V/AudioPolicyManagerBase(   89): changeRefCount() stream 1, count 1
04-26 02:36:58.965 V/AudioPolicyManagerBase(   89): getDeviceForStrategy() from cache strategy 0, device 2
04-26 02:36:58.965 V/AudioPolicyManagerBase(   89): getNewDevice() selected device 2
04-26 02:36:58.965 D/AudioPolicyManagerBase(   89): setOutputDevice() output 1 device 2 delayMs 0
04-26 02:36:58.965 V/AudioPolicyManagerBase(   89): setOutputDevice() setting same device 2 or null device for output 1
04-26 02:36:58.965 E/AudioPolicyManagerBase(   89): checkAndSetVolume stream=1, index=0, output=1, device=2
04-26 02:36:58.965 E/AudioPolicyManagerBase(   89): computeVolume, streamDesc=0x14b8bb8
04-26 02:36:58.975 V/AudioPolicyManagerBase(   89): ThreadWrapper 0x14b8b40
04-26 02:36:58.975 V/AudioPolicyManagerBase(   89): threadFunc in
04-26 02:36:59.045 W/AudioFlinger(   89): Thread AudioOut_1 cannot connect to the power manager service
04-26 02:36:59.045 V/AudioPolicyManagerBase(   89): stopOutput() output 1, stream 1, session 2
04-26 02:36:59.045 V/AudioPolicyManagerBase(   89): stopReadingThread
04-26 02:36:59.075 V/AudioPolicyManagerBase(   89): threadFunc exit
04-26 02:36:59.075 V/AudioPolicyManagerBase(   89): changeRefCount() stream 1, count 0
04-26 02:36:59.075 V/AudioPolicyManagerBase(   89): getNewDevice() selected device 0
04-26 02:36:59.075 D/AudioPolicyManagerBase(   89): setOutputDevice() output 1 device 0 delayMs 290
04-26 02:36:59.075 V/AudioPolicyManagerBase(   89): setOutputDevice() setting same device 0 or null device for output 1
04-26 02:36:59.135 V/AudioPolicyManagerBase(   89): startOutput() output 1, stream 1, session 2
04-26 02:36:59.135 V/AudioPolicyManagerBase(   89): changeRefCount() stream 1, count 1
04-26 02:36:59.135 V/AudioPolicyManagerBase(   89): getDeviceForStrategy() from cache strategy 0, device 2
04-26 02:36:59.135 V/AudioPolicyManagerBase(   89): getNewDevice() selected device 2
04-26 02:36:59.135 D/AudioPolicyManagerBase(   89): setOutputDevice() output 1 device 2 delayMs 0
04-26 02:36:59.135 V/AudioPolicyManagerBase(   89): setOutputDevice() setting same device 2 or null device for output 1
04-26 02:36:59.135 E/AudioPolicyManagerBase(   89): checkAndSetVolume stream=1, index=0, output=1, device=2
04-26 02:36:59.135 E/AudioPolicyManagerBase(   89): computeVolume, streamDesc=0x14b8bb8
04-26 02:36:59.135 I/Gonk    (   84): Setting nice for pid 842 to 18
04-26 02:36:59.135 I/Gonk    (   84): Changed nice for pid 842 from 0 to 18.
04-26 02:36:59.155 V/AudioPolicyManagerBase(   89): stopOutput() output 1, stream 1, session 2
04-26 02:36:59.155 V/AudioPolicyManagerBase(   89): changeRefCount() stream 1, count 0
04-26 02:36:59.155 V/AudioPolicyManagerBase(   89): getNewDevice() selected device 0
04-26 02:36:59.155 D/AudioPolicyManagerBase(   89): setOutputDevice() output 1 device 0 delayMs 290
04-26 02:36:59.155 V/AudioPolicyManagerBase(   89): setOutputDevice() setting same device 0 or null device for output 1
04-26 02:36:59.175 V/AudioPolicyManagerBase(   89): releaseOutput() 1
04-26 02:36:59.265 W/WifiHW  (   84): wifi_command: SIGNAL_POLL
04-26 02:36:59.345 I/Gecko   (   84): 1398505019355	Marionette	DEBUG	Got request: switchToFrame, data: {"to":"0","sessionId":"3-b2g","name":"switchToFrame","parameters":{"id":null,"focus":true}}, id: {4b1d232f-4933-44ef-b227-a1cfba9185d1}
04-26 02:36:59.365 I/Gecko   (   84): 1398505019374	Marionette	INFO	Switched to frame: {"frameValue":null}
04-26 02:36:59.405 E/GeckoConsole(  816): Content JS ERROR at app://homescreen.gaiamobile.org/gaia_build_defer_index.js:390 in loadSVConfFileError: Failed parsing singleVariant configuration file [js/singlevariantconf.json]:  [Exception... "File error: Not found"  nsresult: "0x80520012 (NS_ERROR_FILE_NOT_FOUND)"  location: "JS frame :: app://homescreen.gaiamobile.org/gaia_build_defer_index.js :: loadFile :: line 382"  data: no]
04-26 02:36:59.475 I/Gecko   (   84): 1398505019483	Marionette	INFO	sendToClient: {"from":"0","ok":true}, {4b1d232f-4933-44ef-b227-a1cfba9185d1}, {4b1d232f-4933-44ef-b227-a1cfba9185d1}
04-26 02:36:59.485 I/Gecko   (   84): 1398505019497	Marionette	DEBUG	Got request: executeWithCallback, data: {"to":"0","sessionId":"3-b2g","name":"executeAsyncScript","parameters":{"specialPowers":false,"scriptTimeout":null,"newSandbox":true,"args":[],"filename":"gaia_test.py","script":"return GaiaApps.displayedApp();","line":66}}, id: {6a9eed9f-bba4-4030-b688-c498adb02860}
04-26 02:36:59.565 I/Gecko   (   84): 1398505019573	Marionette	INFO	sendToClient: {"from":"0","value":{"frame":{"ELEMENT":"{d9f4d8ff-86aa-41fd-b357-6ffb64192e40}"},"src":"app://homescreen.gaiamobile.org/index.html#root","name":"Homescreen","origin":"app://homescreen.gaiamobile.org"}}, {6a9eed9f-bba4-4030-b688-c498adb02860}, {6a9eed9f-bba4-4030-b688-c498adb02860}
04-26 02:36:59.565 E/GeckoConsole(   84): Content JS LOG at dummy file:392 in GaiaApps.displayedApp: app with origin 'app://homescreen.gaiamobile.org' is displayed
04-26 02:36:59.575 I/Gecko   (   84): 1398505019584	Marionette	DEBUG	Got request: switchToFrame, data: {"to":"0","sessionId":"3-b2g","name":"switchToFrame","parameters":{"id":null,"focus":true}}, id: {e5b36375-14f8-41b9-8349-ba873bd1c11b}
04-26 02:36:59.575 I/Gecko   (   84): 1398505019585	Marionette	INFO	Switched to frame: {"frameValue":null}
04-26 02:36:59.675 I/Gecko   (   84): 1398505019687	Marionette	INFO	sendToClient: {"from":"0","ok":true}, {e5b36375-14f8-41b9-8349-ba873bd1c11b}, {e5b36375-14f8-41b9-8349-ba873bd1c11b}
04-26 02:36:59.685 I/Gecko   (   84): 1398505019699	Marionette	DEBUG	Got request: switchToFrame, data: {"to":"0","sessionId":"3-b2g","name":"switchToFrame","parameters":{"id":null,"focus":true}}, id: {85f0be38-c291-4d8b-bb47-fe2e5866debe}
04-26 02:36:59.695 I/Gecko   (   84): 1398505019710	Marionette	INFO	Switched to frame: {"frameValue":null}
04-26 02:36:59.805 I/Gecko   (   84): 1398505019814	Marionette	INFO	sendToClient: {"from":"0","ok":true}, {85f0be38-c291-4d8b-bb47-fe2e5866debe}, {85f0be38-c291-4d8b-bb47-fe2e5866debe}
04-26 02:36:59.805 I/Gecko   (   84): 1398505019819	Marionette	DEBUG	Got request: executeWithCallback, data: {"to":"0","sessionId":"3-b2g","name":"executeAsyncScript","parameters":{"specialPowers":false,"scriptTimeout":null,"newSandbox":true,"args":[],"filename":"gaia_test.py","script":"return GaiaApps.displayedApp();","line":66}}, id: {5d4ea6c2-1f2b-4ae9-b59f-a4640cac6ae6}
04-26 02:36:59.865 I/Gecko   (   84): 1398505019872	Marionette	INFO	sendToClient: {"from":"0","value":{"frame":{"ELEMENT":"{d9f4d8ff-86aa-41fd-b357-6ffb64192e40}"},"src":"app://homescreen.gaiamobile.org/index.html#root","name":"Homescreen","origin":"app://homescreen.gaiamobile.org"}}, {5d4ea6c2-1f2b-4ae9-b59f-a4640cac6ae6}, {5d4ea6c2-1f2b-4ae9-b59f-a4640cac6ae6}
04-26 02:36:59.875 E/GeckoConsole(   84): Content JS LOG at dummy file:392 in GaiaApps.displayedApp: app with origin 'app://homescreen.gaiamobile.org' is displayed
04-26 02:36:59.875 I/Gecko   (   84): 1398505019890	Marionette	DEBUG	Got request: switchToFrame, data: {"to":"0","sessionId":"3-b2g","name":"switchToFrame","parameters":{"focus":true,"element":"{d9f4d8ff-86aa-41fd-b357-6ffb64192e40}"}}, id: {cadc5b94-814d-4e21-96d4-3481c9283bc3}
04-26 02:36:59.885 I/Gecko   (   84): 1398505019896	Marionette	INFO	Switched to frame: {"frameValue":"{d9f4d8ff-86aa-41fd-b357-6ffb64192e40}"}
04-26 02:36:59.895 I/Gecko   (   84): 1398505019904	Marionette	INFO	trying remote frame 0
04-26 02:36:59.905 I/Gecko   (   84): 1398505019912	Marionette	INFO	deleting frame
04-26 02:36:59.905 I/Gecko   (   84): 1398505019917	Marionette	INFO	frame-manager load script: [object ChromeMessageSender]
04-26 02:37:00.475 I/Gecko   (   84): 1398505020486	Marionette	INFO	sendToClient: {"from":"0","ok":true}, {cadc5b94-814d-4e21-96d4-3481c9283bc3}, {cadc5b94-814d-4e21-96d4-3481c9283bc3}
04-26 02:37:00.595 I/Gecko   (   84): 1398505020603	Marionette	INFO	sendToClient: {"from":"0","value":{"ELEMENT":"{04812256-f90f-44d5-8c6a-d3687a5a8a81}"}}, {54f798a7-7856-4acb-9bd9-8eca362c8d19}, {54f798a7-7856-4acb-9bd9-8eca362c8d19}
04-26 02:37:00.855 E/GeckoConsole(  816): [JavaScript Warning: "Use of getAttributeNode() is deprecated. Use getAttribute() instead." {file: "chrome://marionette/content/atoms.js" line: 25}]
04-26 02:37:00.885 E/GeckoConsole(  816): [JavaScript Warning: "Use of attributes' specified attribute is deprecated. It always returns true." {file: "chrome://marionette/content/atoms.js" line: 25}]
04-26 02:37:00.885 I/Gecko   (   84): 1398505020893	Marionette	INFO	sendToClient: {"from":"0","value":"normal"}, {b45a8916-12c5-4951-8ef7-5e47fd6dbb02}, {b45a8916-12c5-4951-8ef7-5e47fd6dbb02}
04-26 02:37:00.885 I/Gecko   (   84): 1398505020898	Marionette	DEBUG	Got request: switchToFrame, data: {"to":"0","sessionId":"3-b2g","name":"switchToFrame","parameters":{"id":null,"focus":true}}, id: {b649bbd3-d7b4-4cf2-9eb0-0bac0baf4911}
04-26 02:37:00.905 I/Gecko   (   84): 1398505020911	Marionette	INFO	Switched to frame: {"frameValue":null}
04-26 02:37:01.005 I/Gecko   (   84): 1398505021013	Marionette	INFO	sendToClient: {"from":"0","ok":true}, {b649bbd3-d7b4-4cf2-9eb0-0bac0baf4911}, {b649bbd3-d7b4-4cf2-9eb0-0bac0baf4911}
04-26 02:37:01.005 I/Gecko   (   84): 1398505021019	Marionette	DEBUG	Got request: execute, data: {"to":"0","sessionId":"3-b2g","name":"executeScript","parameters":{"specialPowers":false,"scriptTimeout":null,"newSandbox":true,"args":[],"filename":"gaia_test.py","script":"window.wrappedJSObject.dispatchEvent(new Event('home'));","line":788}}, id: {33a49728-8b23-481c-8f6c-c92e32deea86}
04-26 02:37:01.055 I/Gecko   (   84): 1398505021065	Marionette	INFO	sendToClient: {"from":"0","value":null}, {33a49728-8b23-481c-8f6c-c92e32deea86}, {33a49728-8b23-481c-8f6c-c92e32deea86}
04-26 02:37:01.065 I/Gecko   (   84): 1398505021078	Marionette	DEBUG	Got request: switchToFrame, data: {"to":"0","sessionId":"3-b2g","name":"switchToFrame","parameters":{"id":null,"focus":true}}, id: {df231892-0931-4a3a-8455-1acbccece2da}
04-26 02:37:01.075 I/Gecko   (   84): 1398505021085	Marionette	INFO	Switched to frame: {"frameValue":null}
04-26 02:37:01.185 I/Gecko   (   84): 1398505021192	Marionette	INFO	sendToClient: {"from":"0","ok":true}, {df231892-0931-4a3a-8455-1acbccece2da}, {df231892-0931-4a3a-8455-1acbccece2da}
04-26 02:37:01.425 I/Gecko   (   84): 1398505021435	Marionette	DEBUG	Got request: switchToFrame, data: {"to":"0","sessionId":"3-b2g","name":"switchToFrame","parameters":{"id":null,"focus":true}}, id: {538aa2f6-a45a-498f-ba4d-4ffce2b730ff}
04-26 02:37:01.425 I/Gecko   (   84): 1398505021437	Marionette	INFO	Switched to frame: {"frameValue":null}
04-26 02:37:01.535 I/Gecko   (   84): 1398505021544	Marionette	INFO	sendToClient: {"from":"0","ok":true}, {538aa2f6-a45a-498f-ba4d-4ffce2b730ff}, {538aa2f6-a45a-498f-ba4d-4ffce2b730ff}
04-26 02:37:01.535 I/Gecko   (   84): 1398505021550	Marionette	DEBUG	Got request: executeWithCallback, data: {"to":"0","sessionId":"3-b2g","name":"executeAsyncScript","parameters":{"specialPowers":false,"scriptTimeout":null,"newSandbox":true,"args":[],"filename":"gaia_test.py","script":"return GaiaApps.displayedApp();","line":66}}, id: {b1cc6091-8078-4a35-bd3f-a5fe7f1574c7}
04-26 02:37:01.625 E/GeckoConsole(   84): Content JS LOG at dummy file:392 in GaiaApps.displayedApp: app with origin 'app://homescreen.gaiamobile.org' is displayed
04-26 02:37:01.625 I/Gecko   (   84): 1398505021634	Marionette	INFO	sendToClient: {"from":"0","value":{"frame":{"ELEMENT":"{d9f4d8ff-86aa-41fd-b357-6ffb64192e40}"},"src":"app://homescreen.gaiamobile.org/index.html#rootSat%20Apr%2026%202014%2002:37:01%20GMT-0700%20(UTC)","name":"Homescreen","origin":"app://homescreen.gaiamobile.org"}}, {b1cc6091-8078-4a35-bd3f-a5fe7f1574c7}, {b1cc6091-8078-4a35-bd3f-a5fe7f1574c7}
04-26 02:37:01.645 I/Gecko   (   84): 1398505021655	Marionette	DEBUG	Got request: switchToFrame, data: {"to":"0","sessionId":"3-b2g","name":"switchToFrame","parameters":{"focus":true,"element":"{d9f4d8ff-86aa-41fd-b357-6ffb64192e40}"}}, id: {a9b49991-c40d-4372-9c8f-68f24619c334}
04-26 02:37:01.655 I/Gecko   (   84): 1398505021665	Marionette	INFO	Switched to frame: {"frameValue":"{d9f4d8ff-86aa-41fd-b357-6ffb64192e40}"}
04-26 02:37:01.655 I/Gecko   (   84): 1398505021670	Marionette	INFO	trying remote frame 0
04-26 02:37:01.945 I/Gecko   (   84): 1398505021954	Marionette	INFO	sendToClient: {"from":"0","ok":true}, {a9b49991-c40d-4372-9c8f-68f24619c334}, {a9b49991-c40d-4372-9c8f-68f24619c334}
04-26 02:37:01.955 I/Gecko   (   84): 1398505021965	Marionette	DEBUG	Got request: execute, data: {"to":"0","sessionId":"3-b2g","name":"executeScript","parameters":{"specialPowers":false,"scriptTimeout":null,"newSandbox":true,"args":[],"filename":"gaia_test.py","script":"return window.wrappedJSObject.GridManager.pageHelper.getCurrentPageNumber();","line":784}}, id: {d4b23de5-51b5-42cf-a482-28667ed06787}
04-26 02:37:02.225 I/Gecko   (   84): 1398505022238	Marionette	INFO	sendToClient: {"from":"0","value":0}, {d4b23de5-51b5-42cf-a482-28667ed06787}, {d4b23de5-51b5-42cf-a482-28667ed06787}
04-26 02:37:04.215 I/Gecko   (   84): 1398505024227	Marionette	INFO	sendToClient: {"from":"0","value":["{5254f7a0-948c-4741-b7bb-badbc8ddd28a}","{9924dcb1-7b37-413c-9c40-6290fe37c3e5}","{9d200fa1-3539-45ed-a199-68a329bea15c}","{65e565e2-fbbc-42bb-b8e0-5db83103cdaf}","{9cc45b89-ad81-4d8f-b553-a2d29162de48}","{f86422a5-4a0c-47c7-98e1-9b769d7adf80}","{375cd2f8-b03c-40f7-a605-4a13bdb4adea}","{995d881d-60f7-4b9e-ba55-a197857bb50c}","{dcf87a4f-1eb7-472d-82fe-249869afe805}","{c1289502-9c8b-4d04-a9cb-1d74b85672a5}","{2ea25070-0f52-47af-b5b9-ed6799abcfa1}","{7f36c965-fa5b-4cc9-a828-5d7401753270}","{a086fcfd-854b-4149-9bde-7af0a2d69fc3}","{95e4e463-b9f3-4498-a170-af687dd7e410}","{41bb4270-ce9b-4c1a-b966-ca9705d6f673}","{e22a489d-d1c8-4c54-be0b-c83909906433}","{63d7fd26-028c-4ab9-afdf-ada018f37892}","{99edca78-c00e-478d-9e7c-6fc0ef7a590a}","{38f928e6-77b7-4d87-8232-8d5f1355c2a1}","{7dd4d9c0-a183-41ba-b83d-56b4e079e2f3}","{7d30197f-7aef-463d-8d9a-2ea29b9146df}","{ce311ecf-54c9-47be-aa38-c3e218b74e6e}","{6f44ddad-080b-4323-aea5-fa4d14183653}","{2ebc5daa-0787
04-26 02:37:04.295 W/WifiHW  (   84): wifi_command: SIGNAL_POLL
04-26 02:37:04.755 E/GeckoConsole(  816): Content JS WARN at app://homescreen.gaiamobile.org/gaia_build_defer_index.js:184 in isHiddenApp: Unexpected role when checking hidden app: undefined
04-26 02:37:04.775 E/GeckoConsole(  816): Content JS WARN at app://homescreen.gaiamobile.org/gaia_build_defer_index.js:184 in isHiddenApp: Unexpected role when checking hidden app: undefined
04-26 02:37:04.785 E/GeckoConsole(  816): Content JS WARN at app://homescreen.gaiamobile.org/gaia_build_defer_index.js:184 in isHiddenApp: Unexpected role when checking hidden app: undefined
04-26 02:37:04.785 E/GeckoConsole(  816): Content JS WARN at app://homescreen.gaiamobile.org/gaia_build_defer_index.js:184 in isHiddenApp: Unexpected role when checking hidden app: undefined
04-26 02:37:04.785 E/GeckoConsole(  816): Content JS WARN at app://homescreen.gaiamobile.org/gaia_build_defer_index.js:184 in isHiddenApp: Unexpected role when checking hidden app: undefined
04-26 02:37:04.785 E/GeckoConsole(  816): Content JS WARN at app://homescreen.gaiamobile.org/gaia_build_defer_index.js:184 in isHiddenApp: Unexpected role when checking hidden app: undefined
04-26 02:37:04.785 E/GeckoConsole(  816): Content JS WARN at app://homescreen.gaiamobile.org/gaia_build_defer_index.js:184 in isHiddenApp: Unexpected role when checking hidden app: undefined
04-26 02:37:04.795 E/GeckoConsole(  816): Content JS WARN at app://homescreen.gaiamobile.org/gaia_build_defer_index.js:184 in isHiddenApp: Unexpected role when checking hidden app: undefined
04-26 02:37:04.795 E/GeckoConsole(  816): Content JS WARN at app://homescreen.gaiamobile.org/gaia_build_defer_index.js:184 in isHiddenApp: Unexpected role when checking hidden app: undefined
04-26 02:37:04.805 E/GeckoConsole(  816): Content JS WARN at app://homescreen.gaiamobile.org/gaia_build_defer_index.js:184 in isHiddenApp: Unexpected role when checking hidden app: undefined
04-26 02:37:04.805 E/GeckoConsole(  816): Content JS WARN at app://homescreen.gaiamobile.org/gaia_build_defer_index.js:184 in isHiddenApp: Unexpected role when checking hidden app: undefined
04-26 02:37:04.805 E/GeckoConsole(  816): Content JS WARN at app://homescreen.gaiamobile.org/gaia_build_defer_index.js:184 in isHiddenApp: Unexpected role when checking hidden app: undefined
04-26 02:37:04.805 E/GeckoConsole(  816): Content JS WARN at app://homescreen.gaiamobile.org/gaia_build_defer_index.js:184 in isHiddenApp: Unexpected role when checking hidden app: undefined
04-26 02:37:04.805 E/GeckoConsole(  816): Content JS WARN at app://homescreen.gaiamobile.org/gaia_build_defer_index.js:184 in isHiddenApp: Unexpected role when checking hidden app: undefined
04-26 02:37:04.805 E/GeckoConsole(  816): Content JS WARN at app://homescreen.gaiamobile.org/gaia_build_defer_index.js:184 in isHiddenApp: Unexpected role when checking hidden app: undefined
04-26 02:37:04.805 E/GeckoConsole(  816): Content JS WARN at app://homescreen.gaiamobile.org/gaia_build_defer_index.js:184 in isHiddenApp: Unexpected role when checking hidden app: undefined
04-26 02:37:04.805 E/GeckoConsole(  816): Content JS WARN at app://homescreen.gaiamobile.org/gaia_build_defer_index.js:184 in isHiddenApp: Unexpected role when checking hidden app: undefined
04-26 02:37:04.805 E/GeckoConsole(  816): Content JS WARN at app://homescreen.gaiamobile.org/gaia_build_defer_index.js:184 in isHiddenApp: Unexpected role when checking hidden app: undefined
04-26 02:37:04.815 E/GeckoConsole(  816): Content JS WARN at app://homescreen.gaiamobile.org/gaia_build_defer_index.js:184 in isHiddenApp: Unexpected role when checking hidden app: undefined
04-26 02:37:04.815 E/GeckoConsole(  816): Content JS WARN at app://homescreen.gaiamobile.org/gaia_build_defer_index.js:184 in isHiddenApp: Unexpected role when checking hidden app: undefined
04-26 02:37:04.815 E/GeckoConsole(  816): Content JS WARN at app://homescreen.gaiamobile.org/gaia_build_defer_index.js:184 in isHiddenApp: Unexpected role when checking hidden app: undefined
04-26 02:37:04.825 E/GeckoConsole(  816): Content JS WARN at app://homescreen.gaiamobile.org/gaia_build_defer_index.js:184 in isHiddenApp: Unexpected role when checking hidden app: undefined
04-26 02:37:04.825 E/GeckoConsole(  816): Content JS WARN at app://homescreen.gaiamobile.org/gaia_build_defer_index.js:184 in isHiddenApp: Unexpected role when checking hidden app: undefined
04-26 02:37:04.825 E/GeckoConsole(  816): Content JS WARN at app://homescreen.gaiamobile.org/gaia_build_defer_index.js:184 in isHiddenApp: Unexpected role when checking hidden app: undefined
04-26 02:37:04.825 E/GeckoConsole(  816): Content JS WARN at app://homescreen.gaiamobile.org/gaia_build_defer_index.js:184 in isHiddenApp: Unexpected role when checking hidden app: undefined
04-26 02:37:04.825 E/GeckoConsole(  816): Content JS WARN at app://homescreen.gaiamobile.org/gaia_build_defer_index.js:184 in isHiddenApp: Unexpected role when checking hidden app: undefined
04-26 02:37:04.825 E/GeckoConsole(  816): Content JS WARN at app://homescreen.gaiamobile.org/gaia_build_defer_index.js:184 in isHiddenApp: Unexpected role when checking hidden app: undefined
04-26 02:37:04.825 E/GeckoConsole(  816): Content JS WARN at app://homescreen.gaiamobile.org/gaia_build_defer_index.js:184 in isHiddenApp: Unexpected role when checking hidden app: undefined
04-26 02:37:04.825 E/GeckoConsole(  816): Content JS WARN at app://homescreen.gaiamobile.org/gaia_build_defer_index.js:184 in isHiddenApp: Unexpected role when checking hidden app: undefined
04-26 02:37:05.245 I/Gecko   (   84): 1398505025255	Marionette	INFO	sendToClient: {"from":"0","value":"app://homescreen.gaiamobile.org/index.html#rootSat%20Apr%2026%202014%2002:37:01%20GMT-0700%20(UTC)"}, {76ff214d-3f14-499e-a484-7bf85c0d0fff}, {76ff214d-3f14-499e-a484-7bf85c0d0fff}
04-26 02:37:05.255 I/Gecko   (   84): 1398505025264	Marionette	DEBUG	Got request: switchToFrame, data: {"to":"0","sessionId":"3-b2g","name":"switchToFrame","parameters":{"id":null,"focus":true}}, id: {0da4c78b-40c2-44a8-b410-e3c20b39f0ee}
04-26 02:37:05.285 I/Gecko   (   84): 1398505025301	Marionette	INFO	Switched to frame: {"frameValue":null}
04-26 02:37:05.415 I/Gecko   (   84): 1398505025426	Marionette	INFO	sendToClient: {"from":"0","ok":true}, {0da4c78b-40c2-44a8-b410-e3c20b39f0ee}, {0da4c78b-40c2-44a8-b410-e3c20b39f0ee}
04-26 02:37:05.425 I/Gecko   (   84): 1398505025440	Marionette	DEBUG	Got request: switchToFrame, data: {"to":"0","sessionId":"3-b2g","name":"switchToFrame","parameters":{"id":null,"focus":true}}, id: {9a7a24f1-2ad7-4ccc-9bf5-481eb0045e84}
04-26 02:37:05.435 I/Gecko   (   84): 1398505025446	Marionette	INFO	Switched to frame: {"frameValue":null}
04-26 02:37:06.155 I/Gecko   (   84): 1398505026169	Marionette	INFO	sendToClient: {"from":"0","ok":true}, {9a7a24f1-2ad7-4ccc-9bf5-481eb0045e84}, {9a7a24f1-2ad7-4ccc-9bf5-481eb0045e84}
04-26 02:37:06.175 I/Gecko   (   84): 1398505026186	Marionette	DEBUG	Got request: executeWithCallback, data: {"to":"0","sessionId":"3-b2g","name":"executeAsyncScript","parameters":{"specialPowers":false,"scriptTimeout":30000,"newSandbox":true,"args":[],"filename":"app_checker.py","script":"GaiaApps.launchWithManifestURL('https://marketplace.firefox.com/app/007d6e93-2176-4bb8-9286-b637fc0ec8c1/manifest.webapp')","line":106}}, id: {55e68649-5293-48aa-8e2e-298637a7697f}
04-26 02:37:06.595 I/Gonk    (   84): Setting nice for pid 842 to 18
04-26 02:37:06.595 I/Gonk    (   84): Changed nice for pid 842 from 18 to 18.
04-26 02:37:06.595 I/Gecko   (   84): [Parent 84] WARNING: waitpid failed pid:842 errno:10: file ../../../gecko/ipc/chromium/src/base/process_util_posix.cc, line 254
04-26 02:37:06.605 I/Gonk    (   84): Setting nice for pid 842 to 1
04-26 02:37:06.605 I/Gonk    (   84): Changed nice for pid 842 from 18 to 1.
04-26 02:37:06.655 E/GeckoConsole(   84): Content JS LOG at dummy file:334 in GaiaApps.launch: launching app with name 'McEntrega'
04-26 02:37:07.275 D/Sensors (   84): activate handle=0; drv=0
04-26 02:37:07.285 D/Sensors (   84): Lis3dhSensor: Control set 1
04-26 02:37:07.285 D/Sensors (   84): Lis3dhSensor: mEnabled = 1
04-26 02:37:07.385 E/[Gralloc-ERROR](   84): int gralloc_register_buffer(const gralloc_module_t*, const native_handle_t*):79 Unable to register handle 0x433b9650 coming from different process: 84
04-26 02:37:07.415 E/[Gralloc-ERROR](   84): int gralloc_register_buffer(const gralloc_module_t*, const native_handle_t*):79 Unable to register handle 0x433b99c0 coming from different process: 84
04-26 02:37:07.445 E/[Gralloc-ERROR](   84): int gralloc_register_buffer(const gralloc_module_t*, const native_handle_t*):79 Unable to register handle 0x433b9c40 coming from different process: 84
04-26 02:37:07.485 E/[Gralloc-ERROR](   84): int gralloc_register_buffer(const gralloc_module_t*, const native_handle_t*):79 Unable to register handle 0x433b9e20 coming from different process: 84
04-26 02:37:07.605 I/Gonk    (   84): Setting nice for pid 816 to 18
04-26 02:37:07.605 I/Gonk    (   84): Changed nice for pid 816 from 1 to 18.
04-26 02:37:08.245 I/log     (  892): <4>0[ 408.663744] select 816 (Homescreen), adj 8, size 7618, to kill 
04-26 02:37:08.705 I/Gecko   (  842): ###################################### forms.js loaded
04-26 02:37:08.725 I/Gecko   (  842): ############################### browserElementPanning.js loaded
04-26 02:37:08.745 I/Gecko   (   84): 
04-26 02:37:08.745 I/Gecko   (   84): ###!!! [Parent][MessageChannel] Error: Channel error: cannot send/recv
04-26 02:37:08.745 I/Gecko   (   84): 
04-26 02:37:08.775 I/Gecko   (  842): ######################## BrowserElementChildPreload.js loaded
04-26 02:37:08.795 I/GeckoDump(   84): Crash reporter : Can't fetch app.reportCrashes. Exception: [Exception... "Component returned failure code: 0x8000ffff (NS_ERROR_UNEXPECTED) [nsIPrefBranch.getBoolPref]"  nsresult: "0x8000ffff (NS_ERROR_UNEXPECTED)"  location: "JS frame :: chrome://browser/content/shell.js :: shell_reportCrash :: line 7"  data: no]
04-26 02:37:08.795 I/Gecko   (   84): [Parent 84] WARNING: waitpid failed pid:816 errno:10: file ../../../gecko/ipc/chromium/src/base/process_util_posix.cc, line 254
04-26 02:37:09.345 W/WifiHW  (   84): wifi_command: SIGNAL_POLL
04-26 02:37:10.025 I/Gonk    (   84): Setting nice for pid 901 to 18
04-26 02:37:10.025 I/Gonk    (   84): Changed nice for pid 901 from 0 to 18.
04-26 02:37:10.025 E/[Gralloc-ERROR](   84): int gralloc_unregister_buffer(const gralloc_module_t*, const native_handle_t*):274 Trying to unregister buffer 0x433b9650 from process 84 that was not created in current process: 84
04-26 02:37:10.045 E/GeckoConsole(   84): Content JS LOG at dummy file:326 in GaiaApps.launch/appOpen/<: app with origin 'app://{bac5d7b4-05d3-4924-b526-2be381cb54cc}' has launched
04-26 02:37:10.045 I/Gecko   (   84): 1398505030055	Marionette	INFO	sendToClient: {"from":"0","value":{"frame":{"ELEMENT":"{a50e7798-af3e-4ada-bb0c-299aacba42bc}"},"src":"app://{bac5d7b4-05d3-4924-b526-2be381cb54cc}/index.html","name":"McEntrega","origin":"app://{bac5d7b4-05d3-4924-b526-2be381cb54cc}"}}, {55e68649-5293-48aa-8e2e-298637a7697f}, {55e68649-5293-48aa-8e2e-298637a7697f}
04-26 02:37:10.085 E/[Gralloc-ERROR](   84): int gralloc_register_buffer(const gralloc_module_t*, const native_handle_t*):79 Unable to register handle 0x45158380 coming from different process: 84
04-26 02:37:10.085 E/[Gralloc-ERROR](   84): int gralloc_register_buffer(const gralloc_module_t*, const native_handle_t*):79 Unable to register handle 0x45158560 coming from different process: 84
04-26 02:37:10.145 E/[Gralloc-ERROR](   84): int gralloc_register_buffer(const gralloc_module_t*, const native_handle_t*):79 Unable to register handle 0x45160150 coming from different process: 84
04-26 02:37:10.145 E/[Gralloc-ERROR](   84): int gralloc_register_buffer(const gralloc_module_t*, const native_handle_t*):79 Unable to register handle 0x451a1c40 coming from different process: 84
04-26 02:37:10.155 E/[Gralloc-ERROR](   84): int gralloc_unregister_buffer(const gralloc_module_t*, const native_handle_t*):274 Trying to unregister buffer 0x433b99c0 from process 84 that was not created in current process: 84
04-26 02:37:10.155 I/Gonk    (   84): Setting nice for pid 901 to 18
04-26 02:37:10.155 I/Gonk    (   84): Changed nice for pid 901 from 18 to 18.
04-26 02:37:10.155 I/Gecko   (   84): [Parent 84] WARNING: waitpid failed pid:901 errno:10: file ../../../gecko/ipc/chromium/src/base/process_util_posix.cc, line 254
04-26 02:37:10.185 I/Gecko   (   84): 1398505030200	Marionette	DEBUG	Got request: switchToFrame, data: {"to":"0","sessionId":"3-b2g","name":"switchToFrame","parameters":{"focus":true,"element":"{a50e7798-af3e-4ada-bb0c-299aacba42bc}"}}, id: {f70d8527-5906-4dd8-a7de-ac96c93dcff3}
04-26 02:37:10.195 I/Gecko   (   84): 1398505030209	Marionette	INFO	Switched to frame: {"frameValue":"{a50e7798-af3e-4ada-bb0c-299aacba42bc}"}
04-26 02:37:10.205 I/Gecko   (   84): 1398505030213	Marionette	INFO	trying remote frame 0
04-26 02:37:10.205 I/Gecko   (   84): 1398505030215	Marionette	INFO	deleting frame
04-26 02:37:10.205 I/Gecko   (   84): 1398505030220	Marionette	INFO	frame-manager load script: [object ChromeMessageSender]
04-26 02:37:10.705 E/[Gralloc-ERROR](   84): int gralloc_register_buffer(const gralloc_module_t*, const native_handle_t*):79 Unable to register handle 0x44655bf0 coming from different process: 84
04-26 02:37:10.705 E/[Gralloc-ERROR](   84): int gralloc_register_buffer(const gralloc_module_t*, const native_handle_t*):79 Unable to register handle 0x44655d80 coming from different process: 84
04-26 02:37:10.715 E/[Gralloc-ERROR](   84): int gralloc_unregister_buffer(const gralloc_module_t*, const native_handle_t*):274 Trying to unregister buffer 0x433b9e20 from process 84 that was not created in current process: 84
04-26 02:37:10.715 E/[Gralloc-ERROR](   84): int gralloc_unregister_buffer(const gralloc_module_t*, const native_handle_t*):274 Trying to unregister buffer 0x433b9c40 from process 84 that was not created in current process: 84
04-26 02:37:10.715 E/[Gralloc-ERROR](   84): int gralloc_unregister_buffer(const gralloc_module_t*, const native_handle_t*):274 Trying to unregister buffer 0x45158560 from process 84 that was not created in current process: 84
04-26 02:37:10.715 E/[Gralloc-ERROR](   84): int gralloc_unregister_buffer(const gralloc_module_t*, const native_handle_t*):274 Trying to unregister buffer 0x45158380 from process 84 that was not created in current process: 84
04-26 02:37:10.715 E/[Gralloc-ERROR](   84): int gralloc_unregister_buffer(const gralloc_module_t*, const native_handle_t*):274 Trying to unregister buffer 0x451a1c40 from process 84 that was not created in current process: 84
04-26 02:37:10.715 E/[Gralloc-ERROR](   84): int gralloc_unregister_buffer(const gralloc_module_t*, const native_handle_t*):274 Trying to unregister buffer 0x45160150 from process 84 that was not created in current process: 84
04-26 02:37:10.775 I/Gecko   (   84): 1398505030785	Marionette	INFO	sendToClient: {"from":"0","ok":true}, {f70d8527-5906-4dd8-a7de-ac96c93dcff3}, {f70d8527-5906-4dd8-a7de-ac96c93dcff3}
04-26 02:37:10.805 I/Gecko   (   84): [Parent 84] WARNING: waitpid failed pid:816 errno:10: file ../../../gecko/ipc/chromium/src/base/process_util_posix.cc, line 254
04-26 02:37:10.805 I/Gecko   (   84): [Parent 84] WARNING: Failed to deliver SIGKILL to 816!(3).: file ../../../gecko/ipc/chromium/src/chrome/common/process_watcher_posix_sigchld.cc, line 118
04-26 02:37:10.905 I/Gecko   (   84): 1398505030915	Marionette	INFO	sendToClient: {"from":"0","value":"http://www.mcentrega.com.br/pls/mcdentrega/SPH_HOME_PRG"}, {33fa0249-0f71-41a3-99c0-e4bf00f0dbba}, {33fa0249-0f71-41a3-99c0-e4bf00f0dbba}
04-26 02:37:10.915 I/Gecko   (   84): 1398505030927	Marionette	DEBUG	Got request: execute, data: {"to":"0","sessionId":"3-b2g","name":"executeScript","parameters":{"specialPowers":false,"scriptTimeout":null,"newSandbox":true,"args":[],"filename":"app_checker.py","script":"return window.document.readyState;","line":191}}, id: {a2b3cda9-06d5-4f44-b19c-2513e88131e9}
04-26 02:37:11.035 I/Gecko   (   84): 1398505031050	Marionette	INFO	sendToClient: {"from":"0","value":"loading"}, {a2b3cda9-06d5-4f44-b19c-2513e88131e9}, {a2b3cda9-06d5-4f44-b19c-2513e88131e9}
04-26 02:37:11.155 I/Gecko   (   84): 1398505031170	Marionette	DEBUG	Got request: execute, data: {"to":"0","sessionId":"3-b2g","name":"executeScript","parameters":{"specialPowers":false,"scriptTimeout":null,"newSandbox":true,"args":[],"filename":"app_checker.py","script":"return window.document.readyState;","line":191}}, id: {1a12cbe4-b702-4426-b494-06cee57fead3}
04-26 02:37:11.165 I/Gonk    (   84): Setting nice for pid 901 to 18
04-26 02:37:11.165 I/Gonk    (   84): Changed nice for pid 901 from 18 to 18.
04-26 02:37:11.205 I/Gecko   (   84): 1398505031214	Marionette	INFO	sendToClient: {"from":"0","value":"loading"}, {1a12cbe4-b702-4426-b494-06cee57fead3}, {1a12cbe4-b702-4426-b494-06cee57fead3}
04-26 02:37:11.315 E/[Gralloc-ERROR](   84): int gralloc_register_buffer(const gralloc_module_t*, const native_handle_t*):79 Unable to register handle 0x4513d330 coming from different process: 84
04-26 02:37:11.315 E/[Gralloc-ERROR](   84): int gralloc_register_buffer(const gralloc_module_t*, const native_handle_t*):79 Unable to register handle 0x4513dc40 coming from different process: 84
04-26 02:37:11.315 E/[Gralloc-ERROR](   84): int gralloc_register_buffer(const gralloc_module_t*, const native_handle_t*):79 Unable to register handle 0x45158290 coming from different process: 84
04-26 02:37:11.315 E/[Gralloc-ERROR](   84): int gralloc_register_buffer(const gralloc_module_t*, const native_handle_t*):79 Unable to register handle 0x451583d0 coming from different process: 84
04-26 02:37:11.325 E/[Gralloc-ERROR](   84): int gralloc_register_buffer(const gralloc_module_t*, const native_handle_t*):79 Unable to register handle 0x45c28290 coming from different process: 84
04-26 02:37:11.325 E/[Gralloc-ERROR](   84): int gralloc_register_buffer(const gralloc_module_t*, const native_handle_t*):79 Unable to register handle 0x45cc03d0 coming from different process: 84
04-26 02:37:11.335 E/[Gralloc-ERROR](   84): int gralloc_unregister_buffer(const gralloc_module_t*, const native_handle_t*):274 Trying to unregister buffer 0x44655d80 from process 84 that was not created in current process: 84
04-26 02:37:11.335 E/[Gralloc-ERROR](   84): int gralloc_unregister_buffer(const gralloc_module_t*, const native_handle_t*):274 Trying to unregister buffer 0x44655bf0 from process 84 that was not created in current process: 84
04-26 02:37:11.335 I/Gecko   (   84): 1398505031344	Marionette	DEBUG	Got request: execute, data: {"to":"0","sessionId":"3-b2g","name":"executeScript","parameters":{"specialPowers":false,"scriptTimeout":null,"newSandbox":true,"args":[],"filename":"app_checker.py","script":"return window.document.readyState;","line":191}}, id: {5a6a068f-ab46-4ada-906c-149e83de199f}
04-26 02:37:11.385 I/Gecko   (   84): 1398505031396	Marionette	INFO	sendToClient: {"from":"0","value":"loading"}, {5a6a068f-ab46-4ada-906c-149e83de199f}, {5a6a068f-ab46-4ada-906c-149e83de199f}
04-26 02:37:11.495 I/Gecko   (   84): 1398505031503	Marionette	DEBUG	Got request: execute, data: {"to":"0","sessionId":"3-b2g","name":"executeScript","parameters":{"specialPowers":false,"scriptTimeout":null,"newSandbox":true,"args":[],"filename":"app_checker.py","script":"return window.document.readyState;","line":191}}, id: {80638167-b2d7-497f-aa60-d377630a8c88}
04-26 02:37:11.525 I/Gecko   (   84): 1398505031533	Marionette	INFO	sendToClient: {"from":"0","value":"loading"}, {80638167-b2d7-497f-aa60-d377630a8c88}, {80638167-b2d7-497f-aa60-d377630a8c88}
04-26 02:37:11.665 I/Gecko   (   84): 
04-26 02:37:11.665 I/Gecko   (   84): ###!!! [Parent][MessageChannel] Error: Channel error: cannot send/recv
04-26 02:37:11.665 I/Gecko   (   84): 
04-26 02:37:11.765 I/GeckoDump(   84): Crash reporter : Can't fetch app.reportCrashes. Exception: [Exception... "Component returned failure code: 0x8000ffff (NS_ERROR_UNEXPECTED) [nsIPrefBranch.getBoolPref]"  nsresult: "0x8000ffff (NS_ERROR_UNEXPECTED)"  location: "JS frame :: chrome://browser/content/shell.js :: shell_reportCrash :: line 7"  data: no]
04-26 02:37:11.905 I/Gonk    (   84): Setting nice for pid 909 to 18
04-26 02:37:11.905 I/Gonk    (   84): Changed nice for pid 909 from 0 to 18.
04-26 02:37:11.905 E/[Gralloc-ERROR](   84): int gralloc_unregister_buffer(const gralloc_module_t*, const native_handle_t*):274 Trying to unregister buffer 0x451583d0 from process 84 that was not created in current process: 84
04-26 02:37:11.905 I/Gecko   (   84): [Parent 84] WARNING: waitpid failed pid:901 errno:10: file ../../../gecko/ipc/chromium/src/base/process_util_posix.cc, line 254
04-26 02:37:11.915 E/[Gralloc-ERROR](   84): int gralloc_unregister_buffer(const gralloc_module_t*, const native_handle_t*):274 Trying to unregister buffer 0x45158290 from process 84 that was not created in current process: 84
04-26 02:37:11.955 I/Gecko   (   84): 1398505031971	Marionette	DEBUG	Got request: execute, data: {"to":"0","sessionId":"3-b2g","name":"executeScript","parameters":{"specialPowers":false,"scriptTimeout":null,"newSandbox":true,"args":[],"filename":"app_checker.py","script":"return window.document.readyState;","line":191}}, id: {818a61e7-46bf-413d-a803-bbbb0d1b776d}
04-26 02:37:11.985 E/[Gralloc-ERROR](   84): int gralloc_unregister_buffer(const gralloc_module_t*, const native_handle_t*):274 Trying to unregister buffer 0x45cc03d0 from process 84 that was not created in current process: 84
04-26 02:37:11.985 E/[Gralloc-ERROR](   84): int gralloc_unregister_buffer(const gralloc_module_t*, const native_handle_t*):274 Trying to unregister buffer 0x45c28290 from process 84 that was not created in current process: 84
04-26 02:37:12.015 I/Gecko   (   84): 1398505032023	Marionette	INFO	sendToClient: {"from":"0","value":"loading"}, {818a61e7-46bf-413d-a803-bbbb0d1b776d}, {818a61e7-46bf-413d-a803-bbbb0d1b776d}
04-26 02:37:12.155 I/Gecko   (   84): 1398505032168	Marionette	DEBUG	Got request: execute, data: {"to":"0","sessionId":"3-b2g","name":"executeScript","parameters":{"specialPowers":false,"scriptTimeout":null,"newSandbox":true,"args":[],"filename":"app_checker.py","script":"return window.document.readyState;","line":191}}, id: {5a0e9016-867a-4d3a-bf83-4a286b6a0502}
04-26 02:37:12.795 I/Gecko   (   84): 1398505032801	Marionette	INFO	sendToClient: {"from":"0","value":"loading"}, {5a0e9016-867a-4d3a-bf83-4a286b6a0502}, {5a0e9016-867a-4d3a-bf83-4a286b6a0502}
04-26 02:37:13.025 I/Gecko   (   84): 1398505033036	Marionette	DEBUG	Got request: execute, data: {"to":"0","sessionId":"3-b2g","name":"executeScript","parameters":{"specialPowers":false,"scriptTimeout":null,"newSandbox":true,"args":[],"filename":"app_checker.py","script":"return window.document.readyState;","line":191}}, id: {d4e0d7c9-efff-47ac-9786-a638201804dd}
04-26 02:37:13.905 I/Gecko   (   84): [Parent 84] WARNING: waitpid failed pid:901 errno:10: file ../../../gecko/ipc/chromium/src/base/process_util_posix.cc, line 254
04-26 02:37:13.905 I/Gecko   (   84): [Parent 84] WARNING: Failed to deliver SIGKILL to 901!(3).: file ../../../gecko/ipc/chromium/src/chrome/common/process_watcher_posix_sigchld.cc, line 118
04-26 02:37:15.935 W/WifiHW  (   84): wifi_command: SIGNAL_POLL
04-26 02:37:16.945 E/GeckoConsole(  842): [JavaScript Warning: "Unknown property 'box-sizing'.  Declaration dropped." {file: "http://www.mcentrega.com.br/pls/mcdentrega/SPH_HOME_PRG" line: 0 column: 10 source: "box-sizing:border-box;-moz-box-sizing:border-box;-webkit-box-sizing:border-box;padding:1px;border:1px;display:block;width:4px;margin-top:1%;position:absolute;top:1%;"}]
04-26 02:37:17.065 I/Gecko   (   84): 1398505037080	Marionette	INFO	sendToClient: {"from":"0","value":"interactive"}, {d4e0d7c9-efff-47ac-9786-a638201804dd}, {d4e0d7c9-efff-47ac-9786-a638201804dd}
04-26 02:37:19.895 I/Gecko   (   84): 1398505039908	Marionette	DEBUG	Got request: execute, data: {"to":"0","sessionId":"3-b2g","name":"executeScript","parameters":{"specialPowers":false,"scriptTimeout":null,"newSandbox":true,"args":[],"filename":"app_checker.py","script":"return window.document.readyState;","line":191}}, id: {d540a3cd-78d1-4054-8d89-f2f1b604f827}
04-26 02:37:23.335 W/WifiHW  (   84): wifi_command: SIGNAL_POLL
04-26 02:37:23.385 I/Gecko   (   84): 1398505043400	Marionette	INFO	sendToClient: {"from":"0","value":"interactive"}, {d540a3cd-78d1-4054-8d89-f2f1b604f827}, {d540a3cd-78d1-4054-8d89-f2f1b604f827}
04-26 02:37:23.495 I/Gecko   (   84): 1398505043508	Marionette	DEBUG	Got request: execute, data: {"to":"0","sessionId":"3-b2g","name":"executeScript","parameters":{"specialPowers":false,"scriptTimeout":null,"newSandbox":true,"args":[],"filename":"app_checker.py","script":"return window.document.readyState;","line":191}}, id: {d98dbb97-80c2-49ad-a800-2b39e8125a48}
04-26 02:37:23.665 I/Gecko   (   84): 1398505043673	Marionette	INFO	sendToClient: {"from":"0","value":"complete"}, {d98dbb97-80c2-49ad-a800-2b39e8125a48}, {d98dbb97-80c2-49ad-a800-2b39e8125a48}
04-26 02:37:23.705 I/Gecko   (   84): 1398505043721	Marionette	INFO	sendToClient: {"from":"0","value":"http://www.mcentrega.com.br/pls/mcdentrega/SPH_HOME_PRG"}, {1d2f5083-25ad-4600-b91f-51455c0601e4}, {1d2f5083-25ad-4600-b91f-51455c0601e4}
04-26 02:37:23.745 I/Gecko   (  842): Attempting load of libEGL.so
04-26 02:37:23.785 D/libEGL  (  842): loaded /system/lib/egl/libEGL_mali.so
04-26 02:37:23.795 D/libEGL  (  842): loaded /system/lib/egl/libGLESv1_CM_mali.so
04-26 02:37:23.805 D/libEGL  (  842): loaded /system/lib/egl/libGLESv2_mali.so
04-26 02:37:23.845 I/Gecko   (  842): SharedSurface_Gralloc::Create -------
04-26 02:37:23.865 I/Gecko   (  842): SharedSurface_Gralloc::Create: success -- surface 0x441b2180, GraphicBuffer 0x436ea380.
04-26 02:37:24.835 I/Gecko   (   84): 1398505044830	Marionette	INFO	sendToClient: {"from":"0","value":"iVBORw0KGgoAAAANSUhEUgAAAUAAAAHMCAYAAACk4nEJAAAgAElEQVR4nOy9f3hbxZ3vn+/z3Hu/2ZbezW5L65ZAYuDuVoVNq2XbRaWlrbbtbQV7F7QPW6qWbUGXtrcq3WW1sLeooV1QWUjVtOSrTcEVDhjkgluZ4iADpjI/XI4BwVESJ0ckSo5ClDBJlHgSnySTREne3z9m5uhItuXfsROP8ryfyNL5MWfOzOt8fsyMFmSaXFBSUlKaj1qQOacZSkpKSvNRCoBKSkrzVgqASkpK81YKgEpKSvNWCoBKSkrzVgqASkpK81YKgEpKSvNWCoBKSkrzVgqASkpK81YjAvCViy7Ahv/5QZih953V0q84b9ZvgJKS0uypBoCvXHQB3rl7EZBdOC9kht436zdASUlp9mQDcMP//CAqL/xRDSBOPvtenOh6/1mnU6+cA2QX4v7b3oeLliyd9ZugpKQ0O1qQOacZr31ssQ2/U6+cAxa7FNb3Po2hb33urJN5/Sex+9E/VgBUUlLiAGRr38Utvt4/xqHwJzH0rc/hwN9dDnr5RzH40UvOGm1d9hH84oILsGPNexQAlZSUsMD4+ybb5T38o8sw9K3PgV7+UexffPFZp43nXYj7PrhYAVBJSQmZc5qxQCY9Tj77Xm75fe6yWQeVAqCSktLp0IKDj3MYHHvwf2DoW5/D/uY/mzJorOsX48QzfwK89cc42Xsujvzf88e136DrQrDY+3Bq4Bxg2zmo/Oa9OPCZpTMOQO1zzUpKSvNQwwE4RcgcuvlDwM7LAfIdYPd3gH33AIXPofLoYmz68EUN4XfihXOAwTDf953rgf0/ATYvQeGm8QFUAVBJSWkimlYAWoHzgHc+DuxbhYPZP8X9P/wAjOf+GDjwc2CzF6nYBXjk/JEheOLldwNDPwO2Xome1nOx5r5zgR0uYCiFg6+9D//y2SXYrgCopK
04-26 02:37:25.295 I/Gecko   (   84): 1398505045310	Marionette	INFO	sendToClient: {"from":"0","ok":true}, {9ea14d9c-8e76-4baa-81a1-7d9cc45b5b69}, {9ea14d9c-8e76-4baa-81a1-7d9cc45b5b69}
04-26 02:37:25.305 I/Gecko   (   84): 1398505045317	Marionette	DEBUG	Got request: switchToFrame, data: {"to":"0","sessionId":"3-b2g","name":"switchToFrame","parameters":{"id":null,"focus":true}}, id: {6d3b4256-9ddf-4ef5-918c-2ab52f67c611}
04-26 02:37:25.355 I/Gecko   (   84): 1398505045369	Marionette	INFO	Switched to frame: {"frameValue":null}
04-26 02:37:25.465 I/Gecko   (   84): 1398505045481	Marionette	INFO	sendToClient: {"from":"0","ok":true}, {6d3b4256-9ddf-4ef5-918c-2ab52f67c611}, {6d3b4256-9ddf-4ef5-918c-2ab52f67c611}
04-26 02:37:25.475 I/Gecko   (   84): 1398505045487	Marionette	DEBUG	Got request: executeWithCallback, data: {"to":"0","sessionId":"3-b2g","name":"executeAsyncScript","parameters":{"specialPowers":false,"scriptTimeout":null,"newSandbox":true,"args":[],"filename":"gaia_test.py","script":"return GaiaApps.displayedApp();","line":66}}, id: {eefa1179-b538-4d3b-ba8c-906ab8fc3aa5}
04-26 02:37:25.585 E/GeckoConsole(   84): Content JS LOG at dummy file:392 in GaiaApps.displayedApp: app with origin 'app://{bac5d7b4-05d3-4924-b526-2be381cb54cc}' is displayed
04-26 02:37:25.595 I/Gecko   (   84): 1398505045602	Marionette	INFO	sendToClient: {"from":"0","value":{"frame":{"ELEMENT":"{a50e7798-af3e-4ada-bb0c-299aacba42bc}"},"src":"app://{bac5d7b4-05d3-4924-b526-2be381cb54cc}/index.html","name":"McEntrega","origin":"app://{bac5d7b4-05d3-4924-b526-2be381cb54cc}"}}, {eefa1179-b538-4d3b-ba8c-906ab8fc3aa5}, {eefa1179-b538-4d3b-ba8c-906ab8fc3aa5}
04-26 02:37:25.595 I/Gecko   (   84): 1398505045607	Marionette	DEBUG	Got request: switchToFrame, data: {"to":"0","sessionId":"3-b2g","name":"switchToFrame","parameters":{"id":null,"focus":true}}, id: {510ca712-b9aa-4442-abd3-0f8427e79e22}
04-26 02:37:25.595 I/Gecko   (   84): 1398505045609	Marionette	INFO	Switched to frame: {"frameValue":null}
04-26 02:37:25.705 I/Gecko   (   84): 1398505045712	Marionette	INFO	sendToClient: {"from":"0","ok":true}, {510ca712-b9aa-4442-abd3-0f8427e79e22}, {510ca712-b9aa-4442-abd3-0f8427e79e22}
04-26 02:37:25.725 I/Gecko   (   84): 1398505045731	Marionette	DEBUG	Got request: execute, data: {"to":"0","sessionId":"3-b2g","name":"executeScript","parameters":{"specialPowers":false,"scriptTimeout":null,"newSandbox":true,"args":[],"filename":"gaia_test.py","script":"window.wrappedJSObject.dispatchEvent(new Event('home'));","line":788}}, id: {1f5887ac-21b5-4a3f-9f86-f29195bb59ae}
04-26 02:37:25.805 I/Gonk    (   84): Setting nice for pid 909 to 18
04-26 02:37:25.805 I/Gonk    (   84): Changed nice for pid 909 from 18 to 18.
04-26 02:37:25.805 I/Gecko   (   84): [Parent 84] WARNING: waitpid failed pid:909 errno:10: file ../../../gecko/ipc/chromium/src/base/process_util_posix.cc, line 254
04-26 02:37:25.805 I/Gonk    (   84): Setting nice for pid 909 to 1
04-26 02:37:25.805 I/Gonk    (   84): Changed nice for pid 909 from 18 to 1.
04-26 02:37:25.835 D/Sensors (   84): activate handle=0; drv=0
04-26 02:37:25.835 D/Sensors (   84): Lis3dhSensor: Control set 0
04-26 02:37:25.835 D/Sensors (   84): Lis3dhSensor: mEnabled = 0
04-26 02:37:25.895 I/Gecko   (   84): 1398505045906	Marionette	INFO	sendToClient: {"from":"0","value":null}, {1f5887ac-21b5-4a3f-9f86-f29195bb59ae}, {1f5887ac-21b5-4a3f-9f86-f29195bb59ae}
04-26 02:37:25.925 I/Gecko   (   84): 1398505045938	Marionette	DEBUG	Got request: switchToFrame, data: {"to":"0","sessionId":"3-b2g","name":"switchToFrame","parameters":{"id":null,"focus":true}}, id: {f4cecc2e-8b41-48d9-8ee8-9e1625d1b23c}
04-26 02:37:25.925 I/Gecko   (   84): 1398505045940	Marionette	INFO	Switched to frame: {"frameValue":null}
04-26 02:37:26.035 I/Gecko   (   84): 1398505046047	Marionette	INFO	sendToClient: {"from":"0","ok":true}, {f4cecc2e-8b41-48d9-8ee8-9e1625d1b23c}, {f4cecc2e-8b41-48d9-8ee8-9e1625d1b23c}
04-26 02:37:26.045 I/Gecko   (   84): 1398505046056	Marionette	DEBUG	Got request: executeWithCallback, data: {"to":"0","sessionId":"3-b2g","name":"executeAsyncScript","parameters":{"specialPowers":false,"scriptTimeout":null,"newSandbox":true,"args":[],"filename":"gaia_test.py","script":"return GaiaApps.displayedApp();","line":66}}, id: {94f5be05-7060-463d-b921-51ea4197ecdc}
04-26 02:37:26.095 I/Gecko   (   84): 1398505046108	Marionette	INFO	sendToClient: {"from":"0","value":{"frame":{"ELEMENT":"{0efd6d16-7c78-48fb-8f50-a788de66bb87}"},"src":"app://homescreen.gaiamobile.org/index.html#root","name":"Homescreen","origin":"app://homescreen.gaiamobile.org"}}, {94f5be05-7060-463d-b921-51ea4197ecdc}, {94f5be05-7060-463d-b921-51ea4197ecdc}
04-26 02:37:26.105 I/Gecko   (   84): 1398505046116	Marionette	DEBUG	Got request: switchToFrame, data: {"to":"0","sessionId":"3-b2g","name":"switchToFrame","parameters":{"id":null,"focus":true}}, id: {f7051ab4-8051-4114-ae6d-7e842109a12f}
04-26 02:37:26.115 E/GeckoConsole(   84): Content JS LOG at dummy file:392 in GaiaApps.displayedApp: app with origin 'app://homescreen.gaiamobile.org' is displayed
04-26 02:37:26.115 I/Gecko   (   84): 1398505046128	Marionette	INFO	Switched to frame: {"frameValue":null}
04-26 02:37:26.215 I/Gecko   (   84): 1398505046230	Marionette	INFO	sendToClient: {"from":"0","ok":true}, {f7051ab4-8051-4114-ae6d-7e842109a12f}, {f7051ab4-8051-4114-ae6d-7e842109a12f}
04-26 02:37:26.225 I/Gecko   (   84): 1398505046236	Marionette	DEBUG	Got request: switchToFrame, data: {"to":"0","sessionId":"3-b2g","name":"switchToFrame","parameters":{"id":null,"focus":true}}, id: {10af62fa-611f-40db-a78c-928ce454d4ae}
04-26 02:37:26.225 I/Gecko   (   84): 1398505046238	Marionette	INFO	Switched to frame: {"frameValue":null}
04-26 02:37:26.315 I/Gecko   (  909): ###################################### forms.js loaded
04-26 02:37:26.335 I/Gecko   (   84): 1398505046343	Marionette	INFO	sendToClient: {"from":"0","ok":true}, {10af62fa-611f-40db-a78c-928ce454d4ae}, {10af62fa-611f-40db-a78c-928ce454d4ae}
04-26 02:37:26.335 I/Gecko   (   84): 1398505046349	Marionette	DEBUG	Got request: executeWithCallback, data: {"to":"0","sessionId":"3-b2g","name":"executeAsyncScript","parameters":{"specialPowers":false,"scriptTimeout":null,"newSandbox":true,"args":[],"filename":"gaia_test.py","script":"return GaiaApps.displayedApp();","line":66}}, id: {21ca44bc-20fd-4df6-9e02-319fbb5e032c}
04-26 02:37:26.405 I/Gecko   (  909): ############################### browserElementPanning.js loaded
04-26 02:37:26.405 I/Gecko   (   84): 1398505046411	Marionette	INFO	sendToClient: {"from":"0","value":{"frame":{"ELEMENT":"{0efd6d16-7c78-48fb-8f50-a788de66bb87}"},"src":"app://homescreen.gaiamobile.org/index.html#root","name":"Homescreen","origin":"app://homescreen.gaiamobile.org"}}, {21ca44bc-20fd-4df6-9e02-319fbb5e032c}, {21ca44bc-20fd-4df6-9e02-319fbb5e032c}
04-26 02:37:26.415 E/GeckoConsole(   84): Content JS LOG at dummy file:392 in GaiaApps.displayedApp: app with origin 'app://homescreen.gaiamobile.org' is displayed
04-26 02:37:26.415 I/Gecko   (   84): 1398505046425	Marionette	DEBUG	Got request: switchToFrame, data: {"to":"0","sessionId":"3-b2g","name":"switchToFrame","parameters":{"focus":true,"element":"{0efd6d16-7c78-48fb-8f50-a788de66bb87}"}}, id: {b4146d31-e89e-41bb-b4b7-11f56d57555b}
04-26 02:37:26.435 I/Gecko   (   84): 1398505046442	Marionette	INFO	Switched to frame: {"frameValue":"{0efd6d16-7c78-48fb-8f50-a788de66bb87}"}
04-26 02:37:26.435 I/Gecko   (   84): 1398505046444	Marionette	INFO	trying remote frame 0
04-26 02:37:26.445 I/Gecko   (   84): 1398505046452	Marionette	INFO	deleting frame
04-26 02:37:26.445 I/Gecko   (   84): 1398505046459	Marionette	INFO	frame-manager load script: [object ChromeMessageSender]
