--------- beginning of /dev/log/main
04-27 17:19:42.760 I/Gecko   (   84): 1398644382766	Marionette	INFO	sendToClient: {"from":"0","ok":true}, {11ee6644-e3f5-4333-9544-823c242c4c15}, {11ee6644-e3f5-4333-9544-823c242c4c15}
04-27 17:19:42.780 I/Gecko   (   84): 1398644382788	Marionette	DEBUG	Got request: switchToFrame, data: {"to":"0","sessionId":"3-b2g","name":"switchToFrame","parameters":{"id":null,"focus":true}}, id: {37e4adc4-c0a7-48a1-a65c-5931699f48cb}
04-27 17:19:42.780 I/Gecko   (   84): 1398644382790	Marionette	INFO	Switched to frame: {"frameValue":null}
04-27 17:19:42.900 I/Gecko   (   84): 1398644382905	Marionette	INFO	sendToClient: {"from":"0","ok":true}, {37e4adc4-c0a7-48a1-a65c-5931699f48cb}, {37e4adc4-c0a7-48a1-a65c-5931699f48cb}
04-27 17:19:42.900 I/Gecko   (   84): 1398644382912	Marionette	DEBUG	Got request: executeWithCallback, data: {"to":"0","sessionId":"3-b2g","name":"executeAsyncScript","parameters":{"specialPowers":false,"scriptTimeout":null,"newSandbox":true,"args":[],"filename":"gaia_test.py","script":"return GaiaApps.displayedApp();","line":66}}, id: {be09686b-9c6b-4d8b-814a-0e1e3370af8e}
04-27 17:19:42.990 E/GeckoConsole( 1875): Content JS ERROR at app://homescreen.gaiamobile.org/gaia_build_defer_index.js:390 in loadSVConfFileError: Failed parsing singleVariant configuration file [js/singlevariantconf.json]:  [Exception... "File error: Not found"  nsresult: "0x80520012 (NS_ERROR_FILE_NOT_FOUND)"  location: "JS frame :: app://homescreen.gaiamobile.org/gaia_build_defer_index.js :: loadFile :: line 382"  data: no]
04-27 17:19:43.040 I/Gecko   (   84): 1398644383023	Marionette	INFO	sendToClient: {"from":"0","value":{"frame":{"ELEMENT":"{9350a9d1-4f7a-4bf2-b27a-b95eee643eb2}"},"src":"app://homescreen.gaiamobile.org/index.html#root","name":"Homescreen","origin":"app://homescreen.gaiamobile.org"}}, {be09686b-9c6b-4d8b-814a-0e1e3370af8e}, {be09686b-9c6b-4d8b-814a-0e1e3370af8e}
04-27 17:19:43.040 E/GeckoConsole(   84): Content JS LOG at dummy file:392 in GaiaApps.displayedApp: app with origin 'app://homescreen.gaiamobile.org' is displayed
04-27 17:19:43.050 I/Gecko   (   84): 1398644383059	Marionette	DEBUG	Got request: switchToFrame, data: {"to":"0","sessionId":"3-b2g","name":"switchToFrame","parameters":{"id":null,"focus":true}}, id: {a4c7c134-4bba-4ba8-b2c0-29a48bfe4fad}
04-27 17:19:43.050 I/Gecko   (   84): 1398644383061	Marionette	INFO	Switched to frame: {"frameValue":null}
04-27 17:19:43.160 I/Gecko   (   84): 1398644383163	Marionette	INFO	sendToClient: {"from":"0","ok":true}, {a4c7c134-4bba-4ba8-b2c0-29a48bfe4fad}, {a4c7c134-4bba-4ba8-b2c0-29a48bfe4fad}
04-27 17:19:43.210 I/Gecko   (   84): 1398644383219	Marionette	DEBUG	Got request: switchToFrame, data: {"to":"0","sessionId":"3-b2g","name":"switchToFrame","parameters":{"id":null,"focus":true}}, id: {c42b9c34-201e-4edd-b5af-b0bfe8b7ac41}
04-27 17:19:43.210 I/Gecko   (   84): 1398644383222	Marionette	INFO	Switched to frame: {"frameValue":null}
04-27 17:19:43.320 I/Gecko   (   84): 1398644383324	Marionette	INFO	sendToClient: {"from":"0","ok":true}, {c42b9c34-201e-4edd-b5af-b0bfe8b7ac41}, {c42b9c34-201e-4edd-b5af-b0bfe8b7ac41}
04-27 17:19:43.320 I/Gecko   (   84): 1398644383330	Marionette	DEBUG	Got request: executeWithCallback, data: {"to":"0","sessionId":"3-b2g","name":"executeAsyncScript","parameters":{"specialPowers":false,"scriptTimeout":null,"newSandbox":true,"args":[],"filename":"gaia_test.py","script":"return GaiaApps.displayedApp();","line":66}}, id: {f92e9699-8937-4904-bfca-2841c8069ca2}
04-27 17:19:43.390 I/Gecko   (   84): 1398644383399	Marionette	INFO	sendToClient: {"from":"0","value":{"frame":{"ELEMENT":"{9350a9d1-4f7a-4bf2-b27a-b95eee643eb2}"},"src":"app://homescreen.gaiamobile.org/index.html#root","name":"Homescreen","origin":"app://homescreen.gaiamobile.org"}}, {f92e9699-8937-4904-bfca-2841c8069ca2}, {f92e9699-8937-4904-bfca-2841c8069ca2}
04-27 17:19:43.400 I/Gecko   (   84): 1398644383406	Marionette	DEBUG	Got request: switchToFrame, data: {"to":"0","sessionId":"3-b2g","name":"switchToFrame","parameters":{"focus":true,"element":"{9350a9d1-4f7a-4bf2-b27a-b95eee643eb2}"}}, id: {9e533ada-9ac8-4d82-8157-ee9633fd9407}
04-27 17:19:43.400 E/GeckoConsole(   84): Content JS LOG at dummy file:392 in GaiaApps.displayedApp: app with origin 'app://homescreen.gaiamobile.org' is displayed
04-27 17:19:43.410 I/Gecko   (   84): 1398644383421	Marionette	INFO	Switched to frame: {"frameValue":"{9350a9d1-4f7a-4bf2-b27a-b95eee643eb2}"}
04-27 17:19:43.420 I/Gecko   (   84): 1398644383433	Marionette	INFO	trying remote frame 0
04-27 17:19:43.440 I/Gecko   (   84): 1398644383444	Marionette	INFO	trying remote frame 1
04-27 17:19:43.440 I/Gecko   (   84): 1398644383445	Marionette	INFO	deleting frame
04-27 17:19:43.440 I/Gecko   (   84): 1398644383451	Marionette	INFO	frame-manager load script: [object ChromeMessageSender]
04-27 17:19:43.770 I/Gecko   (   84): 1398644383779	Marionette	INFO	sendToClient: {"from":"0","ok":true}, {9e533ada-9ac8-4d82-8157-ee9633fd9407}, {9e533ada-9ac8-4d82-8157-ee9633fd9407}
04-27 17:19:43.900 I/Gecko   (   84): 1398644383904	Marionette	INFO	sendToClient: {"from":"0","value":{"ELEMENT":"{d500db27-a318-406b-a1ab-3e4cabc111b1}"}}, {cdff3e6a-53f8-4677-bd5b-74eec5b32ef1}, {cdff3e6a-53f8-4677-bd5b-74eec5b32ef1}
04-27 17:19:44.190 E/GeckoConsole( 1875): [JavaScript Warning: "Use of getAttributeNode() is deprecated. Use getAttribute() instead." {file: "chrome://marionette/content/atoms.js" line: 25}]
04-27 17:19:44.200 E/GeckoConsole( 1875): [JavaScript Warning: "Use of attributes' specified attribute is deprecated. It always returns true." {file: "chrome://marionette/content/atoms.js" line: 25}]
04-27 17:19:44.200 I/Gecko   (   84): 1398644384207	Marionette	INFO	sendToClient: {"from":"0","value":"normal"}, {d0ed2682-43c4-43b9-a074-5471405e7e01}, {d0ed2682-43c4-43b9-a074-5471405e7e01}
04-27 17:19:44.210 I/Gecko   (   84): 1398644384214	Marionette	DEBUG	Got request: switchToFrame, data: {"to":"0","sessionId":"3-b2g","name":"switchToFrame","parameters":{"id":null,"focus":true}}, id: {a3751bb2-875c-4b3e-8e28-230ca0f88f97}
04-27 17:19:44.210 I/Gecko   (   84): 1398644384222	Marionette	INFO	Switched to frame: {"frameValue":null}
04-27 17:19:44.330 I/Gecko   (   84): 1398644384339	Marionette	INFO	sendToClient: {"from":"0","ok":true}, {a3751bb2-875c-4b3e-8e28-230ca0f88f97}, {a3751bb2-875c-4b3e-8e28-230ca0f88f97}
04-27 17:19:44.340 I/Gecko   (   84): 1398644384347	Marionette	DEBUG	Got request: execute, data: {"to":"0","sessionId":"3-b2g","name":"executeScript","parameters":{"specialPowers":false,"scriptTimeout":null,"newSandbox":true,"args":[],"filename":"gaia_test.py","script":"window.wrappedJSObject.dispatchEvent(new Event('home'));","line":788}}, id: {ef40237a-b8f7-4ef3-9124-ecab5a05c297}
04-27 17:19:44.440 I/Gecko   (   84): 1398644384443	Marionette	INFO	sendToClient: {"from":"0","value":null}, {ef40237a-b8f7-4ef3-9124-ecab5a05c297}, {ef40237a-b8f7-4ef3-9124-ecab5a05c297}
04-27 17:19:44.450 I/Gecko   (   84): 1398644384456	Marionette	DEBUG	Got request: switchToFrame, data: {"to":"0","sessionId":"3-b2g","name":"switchToFrame","parameters":{"id":null,"focus":true}}, id: {be52c6e3-2d3e-44cc-b4c9-860aa56eb24e}
04-27 17:19:44.450 I/Gecko   (   84): 1398644384458	Marionette	INFO	Switched to frame: {"frameValue":null}
04-27 17:19:44.550 I/Gecko   (   84): 1398644384561	Marionette	INFO	sendToClient: {"from":"0","ok":true}, {be52c6e3-2d3e-44cc-b4c9-860aa56eb24e}, {be52c6e3-2d3e-44cc-b4c9-860aa56eb24e}
04-27 17:19:44.560 I/Gecko   (   84): 1398644384568	Marionette	DEBUG	Got request: switchToFrame, data: {"to":"0","sessionId":"3-b2g","name":"switchToFrame","parameters":{"id":null,"focus":true}}, id: {f0c663eb-ab2b-42ae-807f-342577c9016c}
04-27 17:19:44.560 I/Gecko   (   84): 1398644384570	Marionette	INFO	Switched to frame: {"frameValue":null}
04-27 17:19:44.800 I/Gecko   (   84): 1398644384807	Marionette	INFO	sendToClient: {"from":"0","ok":true}, {f0c663eb-ab2b-42ae-807f-342577c9016c}, {f0c663eb-ab2b-42ae-807f-342577c9016c}
04-27 17:19:44.850 I/Gecko   (   84): 1398644384857	Marionette	DEBUG	Got request: executeWithCallback, data: {"to":"0","sessionId":"3-b2g","name":"executeAsyncScript","parameters":{"specialPowers":false,"scriptTimeout":null,"newSandbox":true,"args":[],"filename":"gaia_test.py","script":"return GaiaApps.displayedApp();","line":66}}, id: {40ce5086-6be7-436a-bc68-a693b7031fdf}
04-27 17:19:44.890 I/Gecko   (   84): 1398644384899	Marionette	INFO	sendToClient: {"from":"0","value":{"frame":{"ELEMENT":"{9350a9d1-4f7a-4bf2-b27a-b95eee643eb2}"},"src":"app://homescreen.gaiamobile.org/index.html#rootSun%20Apr%2027%202014%2017:19:44%20GMT-0700%20(UTC)","name":"Homescreen","origin":"app://homescreen.gaiamobile.org"}}, {40ce5086-6be7-436a-bc68-a693b7031fdf}, {40ce5086-6be7-436a-bc68-a693b7031fdf}
04-27 17:19:44.900 E/GeckoConsole(   84): Content JS LOG at dummy file:392 in GaiaApps.displayedApp: app with origin 'app://homescreen.gaiamobile.org' is displayed
04-27 17:19:44.910 I/Gecko   (   84): 1398644384915	Marionette	DEBUG	Got request: switchToFrame, data: {"to":"0","sessionId":"3-b2g","name":"switchToFrame","parameters":{"focus":true,"element":"{9350a9d1-4f7a-4bf2-b27a-b95eee643eb2}"}}, id: {80e62f14-cfcd-46f9-bed2-292d08931817}
04-27 17:19:44.910 I/Gecko   (   84): 1398644384920	Marionette	INFO	Switched to frame: {"frameValue":"{9350a9d1-4f7a-4bf2-b27a-b95eee643eb2}"}
04-27 17:19:44.920 I/Gecko   (   84): 1398644384926	Marionette	INFO	trying remote frame 0
04-27 17:19:44.920 I/Gecko   (   84): 1398644384930	Marionette	INFO	trying remote frame 1
04-27 17:19:45.300 I/Gecko   (   84): 1398644385307	Marionette	INFO	sendToClient: {"from":"0","ok":true}, {80e62f14-cfcd-46f9-bed2-292d08931817}, {80e62f14-cfcd-46f9-bed2-292d08931817}
04-27 17:19:45.310 I/Gecko   (   84): 1398644385314	Marionette	DEBUG	Got request: execute, data: {"to":"0","sessionId":"3-b2g","name":"executeScript","parameters":{"specialPowers":false,"scriptTimeout":null,"newSandbox":true,"args":[],"filename":"gaia_test.py","script":"return window.wrappedJSObject.GridManager.pageHelper.getCurrentPageNumber();","line":784}}, id: {3fd56af0-24f8-45cc-bc36-cc247a232c44}
04-27 17:19:45.600 I/Gecko   (   84): 1398644385612	Marionette	INFO	sendToClient: {"from":"0","value":0}, {3fd56af0-24f8-45cc-bc36-cc247a232c44}, {3fd56af0-24f8-45cc-bc36-cc247a232c44}
04-27 17:19:45.680 W/WifiHW  (   84): wifi_command: SIGNAL_POLL
04-27 17:19:45.930 I/Gecko   (   84): 1398644385935	Marionette	INFO	sendToClient: {"from":"0","value":["{0276575e-e5e9-4301-b49a-f304b8299d18}","{7c522587-0321-4535-9978-ea2042b0484f}","{acf33508-e91a-4ef3-8cc6-332e65afcafc}","{95642474-722c-407c-8e43-fb7c768122d0}","{4485c436-1ffc-4d63-b0a9-0536c5705d63}","{08b89972-3b08-4445-b5d7-bd0bfda2290e}","{e319c688-43f9-4005-8734-f1d0e6432eee}","{2e6ff7ea-65d6-49e0-9444-5f2ba7299cdb}","{cbc2f116-c9ff-4a10-8345-60b7590bb3cc}","{d6cd41dc-e056-4062-8326-39a329b7d7e2}","{4ee3289a-a331-4b65-baad-078d6fc7a948}","{fb7e1c96-3461-45c7-b5ea-8468ef0e8908}","{51d2a648-368f-4965-aa3a-95a1a718ca88}","{968c48cb-7d1a-4575-9514-03e1b06ec298}","{96c56fcf-31ff-4520-b443-553ddfacb497}","{d261420f-3f98-4a7e-a553-b67cad7bcc60}","{a20d61a4-6d92-4d00-a6e6-5c1d55675fcf}","{277bef62-5805-49fc-bf5e-919edac68793}","{d3bc539b-c7a5-4a43-bc94-0b3d58275f1b}","{eef92301-9972-477e-b7d3-64fbaeac7052}","{77ed93e8-704d-40a8-b629-bbcf977c3d63}","{b613a22e-b0fd-415c-960a-f4e9819144da}","{b866f1f6-e10f-4589-a181-c6698e97a4d2}","{8376a372-87fc
04-27 17:19:45.990 I/Gecko   (   84): 1398644386001	Marionette	INFO	sendToClient: {"from":"0","value":"app://homescreen.gaiamobile.org/index.html#rootSun%20Apr%2027%202014%2017:19:44%20GMT-0700%20(UTC)"}, {a32fcdf0-0c8e-48c8-ad83-9c02f720c164}, {a32fcdf0-0c8e-48c8-ad83-9c02f720c164}
04-27 17:19:46.000 I/Gecko   (   84): 1398644386012	Marionette	DEBUG	Got request: switchToFrame, data: {"to":"0","sessionId":"3-b2g","name":"switchToFrame","parameters":{"id":null,"focus":true}}, id: {ed54f26c-529d-491d-8d3f-2fcea84f3853}
04-27 17:19:46.030 I/Gecko   (   84): 1398644386034	Marionette	INFO	Switched to frame: {"frameValue":null}
04-27 17:19:46.170 I/Gecko   (   84): 1398644386175	Marionette	INFO	sendToClient: {"from":"0","ok":true}, {ed54f26c-529d-491d-8d3f-2fcea84f3853}, {ed54f26c-529d-491d-8d3f-2fcea84f3853}
04-27 17:19:46.190 I/Gecko   (   84): 1398644386195	Marionette	DEBUG	Got request: switchToFrame, data: {"to":"0","sessionId":"3-b2g","name":"switchToFrame","parameters":{"id":null,"focus":true}}, id: {3496a78e-3bfb-4ba8-a582-fee4cc8915ac}
04-27 17:19:46.190 I/Gecko   (   84): 1398644386203	Marionette	INFO	Switched to frame: {"frameValue":null}
04-27 17:19:46.390 I/Gecko   (   84): 1398644386393	Marionette	INFO	sendToClient: {"from":"0","ok":true}, {3496a78e-3bfb-4ba8-a582-fee4cc8915ac}, {3496a78e-3bfb-4ba8-a582-fee4cc8915ac}
04-27 17:19:46.410 I/Gecko   (   84): 1398644386421	Marionette	DEBUG	Got request: executeWithCallback, data: {"to":"0","sessionId":"3-b2g","name":"executeAsyncScript","parameters":{"specialPowers":false,"scriptTimeout":30000,"newSandbox":true,"args":[],"filename":"app_checker.py","script":"GaiaApps.launchWithManifestURL('http://m.iboa.pl/MiBOA/manifest.webapp')","line":106}}, id: {99376ff2-e99f-48ee-878e-44822fd71eb7}
04-27 17:19:46.590 I/Gonk    (   84): Setting nice for pid 1884 to 18
04-27 17:19:46.590 I/Gonk    (   84): Changed nice for pid 1884 from 18 to 18.
04-27 17:19:46.590 I/Gecko   (   84): [Parent 84] WARNING: waitpid failed pid:1884 errno:10: file ../../../gecko/ipc/chromium/src/base/process_util_posix.cc, line 254
04-27 17:19:46.590 I/Gonk    (   84): Setting nice for pid 1884 to 1
04-27 17:19:46.590 I/Gonk    (   84): Changed nice for pid 1884 from 18 to 1.
04-27 17:19:46.630 E/GeckoConsole(   84): Content JS LOG at dummy file:334 in GaiaApps.launch: launching app with name 'MiBOA'
04-27 17:19:46.740 E/[Gralloc-ERROR](   84): int gralloc_register_buffer(const gralloc_module_t*, const native_handle_t*):79 Unable to register handle 0x479d97e0 coming from different process: 84
04-27 17:19:46.750 E/[Gralloc-ERROR](   84): int gralloc_register_buffer(const gralloc_module_t*, const native_handle_t*):79 Unable to register handle 0x479d9880 coming from different process: 84
04-27 17:19:46.770 E/[Gralloc-ERROR](   84): int gralloc_register_buffer(const gralloc_module_t*, const native_handle_t*):79 Unable to register handle 0x479d9920 coming from different process: 84
04-27 17:19:46.770 E/[Gralloc-ERROR](   84): int gralloc_register_buffer(const gralloc_module_t*, const native_handle_t*):79 Unable to register handle 0x479d99c0 coming from different process: 84
04-27 17:19:47.210 I/Gonk    (   84): Setting nice for pid 1875 to 18
04-27 17:19:47.210 I/Gonk    (   84): Changed nice for pid 1875 from 1 to 18.
04-27 17:19:47.390 V/AudioPolicyManagerBase(   89): startOutput() output 1, stream 1, session 4
04-27 17:19:47.390 V/AudioPolicyManagerBase(   89): changeRefCount() stream 1, count 1
04-27 17:19:47.390 V/AudioPolicyManagerBase(   89): getDeviceForStrategy() from cache strategy 0, device 2
04-27 17:19:47.390 V/AudioPolicyManagerBase(   89): getNewDevice() selected device 2
04-27 17:19:47.390 D/AudioPolicyManagerBase(   89): setOutputDevice() output 1 device 2 delayMs 0
04-27 17:19:47.390 V/AudioPolicyManagerBase(   89): setOutputDevice() setting same device 2 or null device for output 1
04-27 17:19:47.390 E/AudioPolicyManagerBase(   89): checkAndSetVolume stream=1, index=0, output=1, device=2
04-27 17:19:47.390 E/AudioPolicyManagerBase(   89): computeVolume, streamDesc=0x31bbb8
04-27 17:19:47.450 W/AudioFlinger(   89): Thread AudioOut_1 cannot connect to the power manager service
04-27 17:19:47.450 V/AudioPolicyManagerBase(   89): stopOutput() output 1, stream 1, session 4
04-27 17:19:47.450 V/AudioPolicyManagerBase(   89): changeRefCount() stream 1, count 0
04-27 17:19:47.450 V/AudioPolicyManagerBase(   89): getNewDevice() selected device 0
04-27 17:19:47.450 D/AudioPolicyManagerBase(   89): setOutputDevice() output 1 device 0 delayMs 290
04-27 17:19:47.450 V/AudioPolicyManagerBase(   89): setOutputDevice() setting same device 0 or null device for output 1
04-27 17:19:47.480 V/AudioPolicyManagerBase(   89): startOutput() output 1, stream 1, session 4
04-27 17:19:47.480 V/AudioPolicyManagerBase(   89): changeRefCount() stream 1, count 1
04-27 17:19:47.480 V/AudioPolicyManagerBase(   89): getDeviceForStrategy() from cache strategy 0, device 2
04-27 17:19:47.480 V/AudioPolicyManagerBase(   89): getNewDevice() selected device 2
04-27 17:19:47.480 D/AudioPolicyManagerBase(   89): setOutputDevice() output 1 device 2 delayMs 0
04-27 17:19:47.480 V/AudioPolicyManagerBase(   89): setOutputDevice() setting same device 2 or null device for output 1
04-27 17:19:47.480 E/AudioPolicyManagerBase(   89): checkAndSetVolume stream=1, index=0, output=1, device=2
04-27 17:19:47.480 E/AudioPolicyManagerBase(   89): computeVolume, streamDesc=0x31bbb8
04-27 17:19:47.480 V/AudioPolicyManagerBase(   89): stopOutput() output 1, stream 1, session 4
04-27 17:19:47.480 V/AudioPolicyManagerBase(   89): changeRefCount() stream 1, count 0
04-27 17:19:47.480 V/AudioPolicyManagerBase(   89): getNewDevice() selected device 0
04-27 17:19:47.480 D/AudioPolicyManagerBase(   89): setOutputDevice() output 1 device 0 delayMs 290
04-27 17:19:47.480 V/AudioPolicyManagerBase(   89): setOutputDevice() setting same device 0 or null device for output 1
04-27 17:19:47.490 V/AudioPolicyManagerBase(   89): releaseOutput() 1
04-27 17:19:47.960 I/log     ( 1984): <4>0[ 793.966185] select 1875 (Homescreen), adj 8, size 6823, to kill 
04-27 17:19:48.630 I/Gecko   ( 1884): ###################################### forms.js loaded
04-27 17:19:48.650 I/Gecko   ( 1884): ############################### browserElementPanning.js loaded
04-27 17:19:48.670 I/Gecko   ( 1884): ######################## BrowserElementChildPreload.js loaded
04-27 17:19:48.690 I/Gecko   (   84): [Parent 84] WARNING: pipe error (100): Connection reset by peer: file ../../../gecko/ipc/chromium/src/chrome/common/ipc_channel_posix.cc, line 446
04-27 17:19:48.720 I/Gecko   (   84): 
04-27 17:19:48.720 I/Gecko   (   84): ###!!! [Parent][MessageChannel] Error: Channel error: cannot send/recv
04-27 17:19:48.720 I/Gecko   (   84): 
04-27 17:19:48.770 I/GeckoDump(   84): Crash reporter : Can't fetch app.reportCrashes. Exception: [Exception... "Component returned failure code: 0x8000ffff (NS_ERROR_UNEXPECTED) [nsIPrefBranch.getBoolPref]"  nsresult: "0x8000ffff (NS_ERROR_UNEXPECTED)"  location: "JS frame :: chrome://browser/content/shell.js :: shell_reportCrash :: line 7"  data: no]
04-27 17:19:48.800 I/Gecko   (   84): [Parent 84] WARNING: waitpid failed pid:1875 errno:10: file ../../../gecko/ipc/chromium/src/base/process_util_posix.cc, line 254
04-27 17:19:50.680 W/WifiHW  (   84): wifi_command: SIGNAL_POLL
04-27 17:19:50.740 E/GeckoConsole( 1884): [JavaScript Warning: "Unknown property '-moz-background-size'.  Declaration dropped." {file: "http://m.iboa.pl/MiBOA/css/tnkstyle.css" line: 65 column: 24 source: "    -moz-background-size: 50px;"}]
04-27 17:19:50.740 E/GeckoConsole( 1884): [JavaScript Warning: "Expected 'none' or URL but found 'progid'.  Error in parsing value for 'filter'.  Declaration dropped." {file: "http://m.iboa.pl/MiBOA/css/tnkstyle.css" line: 70 column: 12 source: "    filter: progid:DXImageTransform.Microsoft.AlphaImageLoader( src='http://m.iboa.pl/MiBOA/tnkimages/logo.jpg', sizingMethod='scale');"}]
04-27 17:19:50.740 E/GeckoConsole( 1884): [JavaScript Warning: "Unknown property '-moz-background-size'.  Declaration dropped." {file: "http://m.iboa.pl/MiBOA/css/tnkstyle.css" line: 85 column: 24 source: "    -moz-background-size: 120px;"}]
04-27 17:19:50.740 E/GeckoConsole( 1884): [JavaScript Warning: "Expected 'none' or URL but found 'progid'.  Error in parsing value for 'filter'.  Declaration dropped." {file: "http://m.iboa.pl/MiBOA/css/tnkstyle.css" line: 90 column: 12 source: "    filter: progid:DXImageTransform.Microsoft.AlphaImageLoader( src='http://m.iboa.pl/MiBOA/tnkimages/logo-text.jpg', sizingMethod='scale');"}]
04-27 17:19:50.740 E/GeckoConsole( 1884): [JavaScript Warning: "Error in parsing value for 'background'.  Declaration dropped." {file: "http://m.iboa.pl/MiBOA/css/tnkstyle.css" line: 106 column: 12 source: "background: -webkit-gradient(linear, left top, left bottom, color-stop(0%,rgba(255,255,255,1)), color-stop(100%,rgba(230,230,230,1))); /* Chrome,Safari4+ */"}]
04-27 17:19:50.740 E/GeckoConsole( 1884): [JavaScript Warning: "Error in parsing value for 'background'.  Declaration dropped." {file: "http://m.iboa.pl/MiBOA/css/tnkstyle.css" line: 107 column: 12 source: "background: -webkit-linear-gradient(top,  rgba(255,255,255,1) 0%,rgba(230,230,230,1) 100%); /* Chrome10+,Safari5.1+ */"}]
04-27 17:19:50.740 E/GeckoConsole( 1884): [JavaScript Warning: "Error in parsing value for 'background'.  Declaration dropped." {file: "http://m.iboa.pl/MiBOA/css/tnkstyle.css" line: 108 column: 12 source: "background: -o-linear-gradient(top,  rgba(255,255,255,1) 0%,rgba(230,230,230,1) 100%); /* Opera 11.10+ */"}]
04-27 17:19:50.740 E/GeckoConsole( 1884): [JavaScript Warning: "Error in parsing value for 'background'.  Declaration dropped." {file: "http://m.iboa.pl/MiBOA/css/tnkstyle.css" line: 109 column: 12 source: "background: -ms-linear-gradient(top,  rgba(255,255,255,1) 0%,rgba(230,230,230,1) 100%); /* IE10+ */"}]
04-27 17:19:50.740 E/GeckoConsole( 1884): [JavaScript Warning: "Expected 'none' or URL but found 'progid'.  Error in parsing value for 'filter'.  Declaration dropped." {file: "http://m.iboa.pl/MiBOA/css/tnkstyle.css" line: 111 column: 8 source: "filter: progid:DXImageTransform.Microsoft.gradient( startColorstr='#ffffff', endColorstr='#e6e6e6',GradientType=0 ); /* IE6-9 */"}]
04-27 17:19:50.750 E/GeckoConsole( 1884): [JavaScript Warning: "Unknown property '-moz-border-radius'.  Declaration dropped." {file: "http://m.iboa.pl/MiBOA/css/tnkstyle.css" line: 216 column: 22 source: "    -moz-border-radius: 2px;"}]
04-27 17:19:50.760 E/GeckoConsole( 1884): [JavaScript Warning: "Unknown property '-moz-box-shadow'.  Declaration dropped." {file: "http://m.iboa.pl/MiBOA/css/tnkstyle.css" line: 218 column: 19 source: "    -moz-box-shadow: inset 1px 0 50px 0  #f2f2f2;"}]
04-27 17:19:50.760 E/GeckoConsole( 1884): [JavaScript Warning: "Expected color but found '#f2f2f2\9 '.  Error in parsing value for 'background'.  Declaration dropped." {file: "http://m.iboa.pl/MiBOA/css/tnkstyle.css" line: 221 column: 16 source: "    background: #f2f2f2\9; /* IE 8 and below */"}]
04-27 17:19:50.760 E/GeckoConsole( 1884): [JavaScript Warning: "Error in parsing value for 'vertical-align'.  Declaration dropped." {file: "http://m.iboa.pl/MiBOA/css/tnkstyle.css" line: 429 column: 20 source: "    vertical-align: right;"}]
04-27 17:19:50.780 E/GeckoConsole( 1884): [JavaScript Warning: "Unknown property '-moz-border-radius'.  Declaration dropped." {file: "http://m.iboa.pl/MiBOA/css/tnkstyle.css" line: 487 column: 22 source: "    -moz-border-radius: 4px;"}]
04-27 17:19:50.780 E/GeckoConsole( 1884): [JavaScript Warning: "Unknown property '-moz-box-shadow'.  Declaration dropped." {file: "http://m.iboa.pl/MiBOA/css/tnkstyle.css" line: 489 column: 19 source: "    -moz-box-shadow: inset 4px 0 0 0  #e0e0e0;"}]
04-27 17:19:50.790 E/GeckoConsole( 1884): [JavaScript Warning: "Unknown property '-moz-border-radius'.  Declaration dropped." {file: "http://m.iboa.pl/MiBOA/css/tnkstyle.css" line: 504 column: 22 source: "    -moz-border-radius: 4px;"}]
04-27 17:19:50.790 E/GeckoConsole( 1884): [JavaScript Warning: "Unknown property '-moz-box-shadow'.  Declaration dropped." {file: "http://m.iboa.pl/MiBOA/css/tnkstyle.css" line: 506 column: 19 source: "    -moz-box-shadow: inset 4px 0 0 0  #e0e0e0;"}]
04-27 17:19:50.790 E/GeckoConsole( 1884): [JavaScript Warning: "Unknown property '-moz-border-radius'.  Declaration dropped." {file: "http://m.iboa.pl/MiBOA/css/tnkstyle.css" line: 659 column: 22 source: "    -moz-border-radius: 2px;"}]
04-27 17:19:50.790 E/GeckoConsole( 1884): [JavaScript Warning: "Unknown property '-moz-box-shadow'.  Declaration dropped." {file: "http://m.iboa.pl/MiBOA/css/tnkstyle.css" line: 661 column: 19 source: "    -moz-box-shadow: inset 1px 0 50px 0  #f2f2f2;"}]
04-27 17:19:50.790 E/GeckoConsole( 1884): [JavaScript Warning: "Expected color but found '#f2f2f2\9 '.  Error in parsing value for 'background'.  Declaration dropped." {file: "http://m.iboa.pl/MiBOA/css/tnkstyle.css" line: 664 column: 16 source: "    background: #f2f2f2\9; /* IE 8 and below */"}]
04-27 17:19:50.800 E/GeckoConsole( 1884): [JavaScript Warning: "Expected 'none' or URL but found 'Alpha('.  Error in parsing value for 'filter'.  Declaration dropped." {file: "http://m.iboa.pl/MiBOA/jquery/jqueryloading.css" line: 2 column: 160 source: ".ui-loading .ui-loader{display:block}.ui-loader{display:none;z-index:9999999;position:fixed;top:50%;left:50%;border:0}.ui-loader-default{background:none;filter:Alpha(Opacity=18);opacity:.18;width:46px;height:46px;margin-left:-23px;margin-top:-23px}.ui-loader-verbose{width:200px;filter:Alpha(Opacity=88);opacity:.88;box-shadow:0 1px 1px -1px #fff;height:auto;margin-left:-110px;margin-top:-43px;padding:10px}.ui-loader-default h1{font-size:0;width:0;height:0;overflow:hidden}.ui-loader-verbose h1{font-size:16px;margin:0;text-align:center}.ui-loader .ui-icon{background-color:#000;display:block;margin:0;width:44px;height:44px;padding:1px;-webkit-border-radius:36px;border-radius:36px}.ui-loader-verbose .ui-icon{margin:0 auto 10px;filter:Alpha(Opacity=75);opacity:.75}"}]
04-27 17:19:50.810 I/Gecko   (   84): [Parent 84] WARNING: waitpid failed pid:1875 errno:10: file ../../../gecko/ipc/chromium/src/base/process_util_posix.cc, line 254
04-27 17:19:50.810 I/Gecko   (   84): [Parent 84] WARNING: Failed to deliver SIGKILL to 1875!(3).: file ../../../gecko/ipc/chromium/src/chrome/common/process_watcher_posix_sigchld.cc, line 118
04-27 17:19:50.810 E/GeckoConsole( 1884): [JavaScript Warning: "Expected 'none' or URL but found 'Alpha('.  Error in parsing value for 'filter'.  Declaration dropped." {file: "http://m.iboa.pl/MiBOA/jquery/jqueryloading.css" line: 2 column: 286 source: ".ui-loading .ui-loader{display:block}.ui-loader{display:none;z-index:9999999;position:fixed;top:50%;left:50%;border:0}.ui-loader-default{background:none;filter:Alpha(Opacity=18);opacity:.18;width:46px;height:46px;margin-left:-23px;margin-top:-23px}.ui-loader-verbose{width:200px;filter:Alpha(Opacity=88);opacity:.88;box-shadow:0 1px 1px -1px #fff;height:auto;margin-left:-110px;margin-top:-43px;padding:10px}.ui-loader-default h1{font-size:0;width:0;height:0;overflow:hidden}.ui-loader-verbose h1{font-size:16px;margin:0;text-align:center}.ui-loader .ui-icon{background-color:#000;display:block;margin:0;width:44px;height:44px;padding:1px;-webkit-border-radius:36px;border-radius:36px}.ui-loader-verbose .ui-icon{margin:0 auto 10px;filter:Alpha(Opacity=75);opacity:.75}"}]
04-27 17:19:50.810 E/GeckoConsole( 1884): [JavaScript Warning: "Expected 'none' or URL but found 'Alpha('.  Error in parsing value for 'filter'.  Declaration dropped." {file: "http://m.iboa.pl/MiBOA/jquery/jqueryloading.css" line: 2 column: 739 source: ".ui-loading .ui-loader{display:block}.ui-loader{display:none;z-index:9999999;position:fixed;top:50%;left:50%;border:0}.ui-loader-default{background:none;filter:Alpha(Opacity=18);opacity:.18;width:46px;height:46px;margin-left:-23px;margin-top:-23px}.ui-loader-verbose{width:200px;filter:Alpha(Opacity=88);opacity:.88;box-shadow:0 1px 1px -1px #fff;height:auto;margin-left:-110px;margin-top:-43px;padding:10px}.ui-loader-default h1{font-size:0;width:0;height:0;overflow:hidden}.ui-loader-verbose h1{font-size:16px;margin:0;text-align:center}.ui-loader .ui-icon{background-color:#000;display:block;margin:0;width:44px;height:44px;padding:1px;-webkit-border-radius:36px;border-radius:36px}.ui-loader-verbose .ui-icon{margin:0 auto 10px;filter:Alpha(Opacity=75);opacity:.75}"}]
04-27 17:19:50.920 E/GeckoConsole( 1884): [JavaScript Warning: "SyntaxError: Using //@ to indicate sourceMappingURL pragmas is deprecated. Use //# instead" {file: "http://m.iboa.pl/MiBOA/js/jquery-1.9.1.min.js" line: 1}]
04-27 17:19:50.970 E/GeckoConsole( 1884): [JavaScript Warning: "Error: http://m.iboa.pl/MiBOA/js/jquery-1.9.1.min.js is being assigned a //# sourceMappingURL, but already has one"]
04-27 17:19:52.090 I/Gonk    (   84): Setting nice for pid 1993 to 18
04-27 17:19:52.100 I/Gonk    (   84): Changed nice for pid 1993 from 0 to 18.
04-27 17:19:52.590 E/GeckoConsole( 1884): [JavaScript Warning: "Expected media feature name but found '-webkit-transform-3d'." {file: "from DOM" line: 0 column: 1 source: "(-Webkit-transform-3d),(-Moz-transform-3d),(-O-transform-3d),(transform-3d)"}]
04-27 17:19:52.590 E/GeckoConsole( 1884): [JavaScript Warning: "Expected media feature name but found '-moz-transform-3d'." {file: "from DOM" line: 0 column: 24 source: "(-Webkit-transform-3d),(-Moz-transform-3d),(-O-transform-3d),(transform-3d)"}]
04-27 17:19:52.590 E/GeckoConsole( 1884): [JavaScript Warning: "Expected media feature name but found '-o-transform-3d'." {file: "from DOM" line: 0 column: 44 source: "(-Webkit-transform-3d),(-Moz-transform-3d),(-O-transform-3d),(transform-3d)"}]
04-27 17:19:52.590 E/GeckoConsole( 1884): [JavaScript Warning: "Expected media feature name but found 'transform-3d'." {file: "from DOM" line: 0 column: 62 source: "(-Webkit-transform-3d),(-Moz-transform-3d),(-O-transform-3d),(transform-3d)"}]
04-27 17:19:52.700 E/GeckoConsole( 1884): [JavaScript Warning: "Error in parsing value for 'pointer-events'.  Declaration dropped." {file: "http://m.iboa.pl/ffOS" line: 0 column: 0 source: "x"}]
04-27 17:19:53.840 E/GeckoConsole( 1884): [JavaScript Warning: "Unknown property 'box-sizing'.  Declaration dropped." {file: "http://m.iboa.pl/ffOS" line: 0 column: 10 source: "box-sizing:border-box;-moz-box-sizing:border-box;-webkit-box-sizing:border-box;padding:1px;border:1px;display:block;width:4px;margin-top:1%;position:absolute;top:1%;"}]
04-27 17:19:53.840 E/GeckoConsole( 1884): [JavaScript Warning: "Unknown property 'box-sizing'.  Declaration dropped." {file: "http://m.iboa.pl/ffOS" line: 0 column: 52 source: "padding:0;margin:0;border:0;display:block;box-sizing:content-box;-moz-box-sizing:content-box;-webkit-box-sizing:content-box;"}]
04-27 17:19:53.840 E/GeckoConsole( 1884): [JavaScript Warning: "Unknown property 'box-sizing'.  Declaration dropped." {file: "http://m.iboa.pl/ffOS" line: 0 column: 52 source: "padding:0;margin:0;border:0;display:block;box-sizing:content-box;-moz-box-sizing:content-box;-webkit-box-sizing:content-box;"}]
04-27 17:19:54.010 E/GeckoConsole( 1884): [JavaScript Warning: "Empty string passed to getElementById()." {file: "http://m.iboa.pl/MiBOA/jquery/jquery.mobile-1.3.0.js" line: 10978}]
04-27 17:19:54.140 E/GeckoConsole( 1884): [JavaScript Warning: "Use of getAttributeNode() is deprecated. Use getAttribute() instead." {file: "http://m.iboa.pl/MiBOA/js/jquery-1.9.1.min.js" line: 4}]
04-27 17:19:54.140 E/GeckoConsole( 1884): [JavaScript Warning: "Use of attributes' specified attribute is deprecated. It always returns true." {file: "http://m.iboa.pl/MiBOA/js/jquery-1.9.1.min.js" line: 4}]
04-27 17:19:55.060 E/GeckoConsole( 1884): [JavaScript Warning: "Use of getPreventDefault() is deprecated.  Use defaultPrevented instead." {file: "http://m.iboa.pl/MiBOA/js/jquery-1.9.1.min.js" line: 3}]
04-27 17:19:55.700 W/WifiHW  (   84): wifi_command: SIGNAL_POLL
04-27 17:19:57.980 I/Gonk    (   84): Setting nice for pid 1993 to 18
04-27 17:19:57.980 I/Gonk    (   84): Changed nice for pid 1993 from 18 to 18.
04-27 17:19:57.990 I/Gecko   (   84): [Parent 84] WARNING: waitpid failed pid:1993 errno:10: file ../../../gecko/ipc/chromium/src/base/process_util_posix.cc, line 254
04-27 17:19:57.990 I/Gonk    (   84): Setting nice for pid 1993 to 1
04-27 17:19:57.990 I/Gonk    (   84): Changed nice for pid 1993 from 18 to 1.
04-27 17:19:58.000 I/Gonk    (   84): Setting nice for pid 1993 to 18
04-27 17:19:58.000 I/Gonk    (   84): Changed nice for pid 1993 from 1 to 18.
04-27 17:19:58.200 E/[Gralloc-ERROR](   84): int gralloc_unregister_buffer(const gralloc_module_t*, const native_handle_t*):274 Trying to unregister buffer 0x479d9880 from process 84 that was not created in current process: 84
04-27 17:19:58.200 E/GeckoConsole(   84): Content JS LOG at dummy file:326 in GaiaApps.launch/appOpen/<: app with origin 'http://m.iboa.pl' has launched
04-27 17:19:58.200 I/Gecko   (   84): 1398644398210	Marionette	INFO	sendToClient: {"from":"0","value":{"frame":{"ELEMENT":"{d9bce11a-aca7-4083-91c8-2c319f72edca}"},"src":"http://m.iboa.pl/ffOS","name":"MiBOA","origin":"http://m.iboa.pl"}}, {99376ff2-e99f-48ee-878e-44822fd71eb7}, {99376ff2-e99f-48ee-878e-44822fd71eb7}
04-27 17:19:58.220 E/[Gralloc-ERROR](   84): int gralloc_unregister_buffer(const gralloc_module_t*, const native_handle_t*):274 Trying to unregister buffer 0x479d97e0 from process 84 that was not created in current process: 84
04-27 17:19:58.220 E/[Gralloc-ERROR](   84): int gralloc_unregister_buffer(const gralloc_module_t*, const native_handle_t*):274 Trying to unregister buffer 0x479d99c0 from process 84 that was not created in current process: 84
04-27 17:19:58.220 E/[Gralloc-ERROR](   84): int gralloc_unregister_buffer(const gralloc_module_t*, const native_handle_t*):274 Trying to unregister buffer 0x479d9920 from process 84 that was not created in current process: 84
04-27 17:19:58.230 I/Gecko   (   84): 1398644398235	Marionette	DEBUG	Got request: switchToFrame, data: {"to":"0","sessionId":"3-b2g","name":"switchToFrame","parameters":{"focus":true,"element":"{d9bce11a-aca7-4083-91c8-2c319f72edca}"}}, id: {73a445a2-cd1c-42a7-a536-4aaa39b3ac92}
04-27 17:19:58.260 I/Gecko   (   84): 1398644398269	Marionette	INFO	Switched to frame: {"frameValue":"{d9bce11a-aca7-4083-91c8-2c319f72edca}"}
04-27 17:19:58.260 I/Gecko   (   84): 1398644398272	Marionette	INFO	trying remote frame 0
04-27 17:19:58.270 I/Gecko   (   84): 1398644398274	Marionette	INFO	trying remote frame 1
04-27 17:19:58.270 I/Gecko   (   84): 1398644398275	Marionette	INFO	deleting frame
04-27 17:19:58.270 I/Gecko   (   84): 1398644398281	Marionette	INFO	frame-manager load script: [object ChromeMessageSender]
04-27 17:19:58.770 I/Gecko   (   84): 1398644398781	Marionette	INFO	sendToClient: {"from":"0","ok":true}, {73a445a2-cd1c-42a7-a536-4aaa39b3ac92}, {73a445a2-cd1c-42a7-a536-4aaa39b3ac92}
04-27 17:19:58.790 I/Gecko   (   84): 1398644398797	Marionette	INFO	sendToClient: {"from":"0","value":"http://m.iboa.pl/ffOS"}, {97dc3ad5-8678-4ecd-89b5-c3887951ccb6}, {97dc3ad5-8678-4ecd-89b5-c3887951ccb6}
04-27 17:19:58.800 I/Gecko   (   84): 1398644398805	Marionette	DEBUG	Got request: execute, data: {"to":"0","sessionId":"3-b2g","name":"executeScript","parameters":{"specialPowers":false,"scriptTimeout":null,"newSandbox":true,"args":[],"filename":"app_checker.py","script":"return window.document.readyState;","line":191}}, id: {aadbe7b5-aae0-43e2-96bb-f821f6d24ec3}
04-27 17:19:58.830 I/Gecko   (   84): 1398644398839	Marionette	INFO	sendToClient: {"from":"0","value":"complete"}, {aadbe7b5-aae0-43e2-96bb-f821f6d24ec3}, {aadbe7b5-aae0-43e2-96bb-f821f6d24ec3}
04-27 17:19:58.850 I/Gecko   (   84): 1398644398861	Marionette	INFO	sendToClient: {"from":"0","value":"http://m.iboa.pl/ffOS"}, {acf9ceec-487c-46ea-9e87-72109cb1e19a}, {acf9ceec-487c-46ea-9e87-72109cb1e19a}
04-27 17:19:58.880 I/Gecko   ( 1884): Attempting load of libEGL.so
04-27 17:19:58.940 D/libEGL  ( 1884): loaded /system/lib/egl/libEGL_mali.so
04-27 17:19:58.970 D/libEGL  ( 1884): loaded /system/lib/egl/libGLESv1_CM_mali.so
04-27 17:19:58.980 D/libEGL  ( 1884): loaded /system/lib/egl/libGLESv2_mali.so
04-27 17:19:59.040 I/Gecko   ( 1884): SharedSurface_Gralloc::Create -------
04-27 17:19:59.090 I/Gecko   ( 1884): SharedSurface_Gralloc::Create: success -- surface 0x43f71940, GraphicBuffer 0x43fe1a00.
04-27 17:20:00.140 I/Gecko   (   84): 1398644400142	Marionette	INFO	sendToClient: {"from":"0","value":"iVBORw0KGgoAAAANSUhEUgAAAUAAAAHMCAYAAACk4nEJAAAgAElEQVR4nO3deVyU9aI/8Mfy1Onc7q+zdU/ndpa7nX73bPee3+VgnVNGvdJTlmXLtdLKpVOmprmMuKa5kZghgwiCiqaBa24ppSAimDuo4Iow7DAww8DsC7N8fn+MPDKyqDjAA9/P+/X6lPOs33lgPj7PPINIICISlNTdAyAi6i4sQCISFguQiITFAiQiYbEAiUhYLEAiEhYLkIiExQIkImGxAIlIWCxAIhIWC5CIhMUCJCJhsQCJSFgsQCISFguQiITFAiQiYbEAiUhYLEAiEhYLkIiExQIkImGxAIlIWCxAIhIWC5CIhMUCJCJhsQCJSFgsQCISFguQiITFAiQiYbEAiUhYLEAiEhYLkIiExQIkImGxAIlIWCxAIhJWcAvQB8Db9AeP/38t5vm5ce2xD/A0n+VtuSwRUWe48wJsbET9vG9gGPklrKM2wzZyM/QjN8M4cjMsI7fCOGobdCM3Qz96M4wjt0A3YjO0ozdDN3oz6q4t1xTH2hOAN7A3iYg6yx0XoA9A7W8/Q600C6XSDGilWSiTpqHm3imoG7YO9f1iUSWpUHXXFFRJKlhG7IH5+bUok8Khk6aiss8UlPZRQSupYB66CfC4rm+YiKgTBeUSWPdvEdBJM1F691RoJRXclxsAGwAf0DArFVopHFppKqqlWUC5Dz444HO6Yd99Gdo+E1DdZxoqpAmof26Nv/jcgCsYAyMiakdwCvAXEdD1mYXivhMAfeA8y6xUaCX/GV6VpAIqGgLmu09WQyupUCepoH18TTCGQ0R0S4JSgLU/+wRlkgru72r8E9yQL2FvVoDwAYYZX6NMCof2D1HBGA4R0S0JSgFqfzwX1ffPgK/Rf+u2+dt37RbgtQW9JjdqvhcO7a8igjEcIqJbEpQCLP2HebDM2Al4rjVas4
04-27 17:20:00.470 I/Gecko   (   84): 1398644400474	Marionette	INFO	sendToClient: {"from":"0","ok":true}, {add6080a-68a0-43a7-9f48-8544794fb2dc}, {add6080a-68a0-43a7-9f48-8544794fb2dc}
04-27 17:20:00.470 I/Gecko   (   84): 1398644400480	Marionette	DEBUG	Got request: switchToFrame, data: {"to":"0","sessionId":"3-b2g","name":"switchToFrame","parameters":{"id":null,"focus":true}}, id: {f7d460a7-52fa-4d00-a7c7-8dc89102c9da}
04-27 17:20:00.490 I/Gecko   (   84): 1398644400498	Marionette	INFO	Switched to frame: {"frameValue":null}
04-27 17:20:00.550 I/Gecko   (   84): 
04-27 17:20:00.550 I/Gecko   (   84): ###!!! [Parent][MessageChannel] Error: Channel error: cannot send/recv
04-27 17:20:00.550 I/Gecko   (   84): 
04-27 17:20:00.730 I/GeckoDump(   84): Crash reporter : Can't fetch app.reportCrashes. Exception: [Exception... "Component returned failure code: 0x8000ffff (NS_ERROR_UNEXPECTED) [nsIPrefBranch.getBoolPref]"  nsresult: "0x8000ffff (NS_ERROR_UNEXPECTED)"  location: "JS frame :: chrome://browser/content/shell.js :: shell_reportCrash :: line 7"  data: no]
04-27 17:20:00.800 I/Gecko   (   84): [Parent 84] WARNING: waitpid failed pid:1993 errno:10: file ../../../gecko/ipc/chromium/src/base/process_util_posix.cc, line 254
04-27 17:20:00.830 W/WifiHW  (   84): wifi_command: SIGNAL_POLL
04-27 17:20:00.880 I/Gecko   (   84): 1398644400890	Marionette	INFO	sendToClient: {"from":"0","ok":true}, {f7d460a7-52fa-4d00-a7c7-8dc89102c9da}, {f7d460a7-52fa-4d00-a7c7-8dc89102c9da}
04-27 17:20:00.960 I/Gecko   (   84): 1398644400969	Marionette	DEBUG	Got request: executeWithCallback, data: {"to":"0","sessionId":"3-b2g","name":"executeAsyncScript","parameters":{"specialPowers":false,"scriptTimeout":null,"newSandbox":true,"args":[],"filename":"gaia_test.py","script":"return GaiaApps.displayedApp();","line":66}}, id: {4423d843-298d-470b-b96d-ae4a72d23dce}
04-27 17:20:01.090 I/Gecko   (   84): 1398644401101	Marionette	INFO	sendToClient: {"from":"0","value":{"frame":{"ELEMENT":"{d9bce11a-aca7-4083-91c8-2c319f72edca}"},"src":"http://m.iboa.pl/ffOS","name":"MiBOA","origin":"http://m.iboa.pl"}}, {4423d843-298d-470b-b96d-ae4a72d23dce}, {4423d843-298d-470b-b96d-ae4a72d23dce}
04-27 17:20:01.110 E/GeckoConsole(   84): Content JS LOG at dummy file:392 in GaiaApps.displayedApp: app with origin 'http://m.iboa.pl' is displayed
04-27 17:20:01.110 I/Gecko   (   84): 1398644401120	Marionette	DEBUG	Got request: switchToFrame, data: {"to":"0","sessionId":"3-b2g","name":"switchToFrame","parameters":{"id":null,"focus":true}}, id: {709b21dd-c3ad-44df-b400-4f822266f9e2}
04-27 17:20:01.110 I/Gecko   (   84): 1398644401123	Marionette	INFO	Switched to frame: {"frameValue":null}
04-27 17:20:01.220 I/Gecko   (   84): 1398644401229	Marionette	INFO	sendToClient: {"from":"0","ok":true}, {709b21dd-c3ad-44df-b400-4f822266f9e2}, {709b21dd-c3ad-44df-b400-4f822266f9e2}
04-27 17:20:01.230 I/Gecko   (   84): 1398644401240	Marionette	DEBUG	Got request: execute, data: {"to":"0","sessionId":"3-b2g","name":"executeScript","parameters":{"specialPowers":false,"scriptTimeout":null,"newSandbox":true,"args":[],"filename":"gaia_test.py","script":"window.wrappedJSObject.dispatchEvent(new Event('home'));","line":788}}, id: {3c5d43b7-02df-4036-b052-b9fb42d19a54}
04-27 17:20:01.480 I/Gonk    (   84): Setting nice for pid 2012 to 18
04-27 17:20:01.480 I/Gonk    (   84): Changed nice for pid 2012 from 0 to 18.
04-27 17:20:01.480 I/Gecko   (   84): 1398644401490	Marionette	INFO	sendToClient: {"from":"0","value":null}, {3c5d43b7-02df-4036-b052-b9fb42d19a54}, {3c5d43b7-02df-4036-b052-b9fb42d19a54}
04-27 17:20:02.380 I/Gonk    (   84): Setting nice for pid 2012 to 18
04-27 17:20:02.380 I/Gonk    (   84): Changed nice for pid 2012 from 18 to 18.
04-27 17:20:02.380 I/Gecko   (   84): [Parent 84] WARNING: waitpid failed pid:2012 errno:10: file ../../../gecko/ipc/chromium/src/base/process_util_posix.cc, line 254
04-27 17:20:02.390 I/Gonk    (   84): Setting nice for pid 2012 to 1
04-27 17:20:02.390 I/Gonk    (   84): Changed nice for pid 2012 from 18 to 1.
04-27 17:20:02.800 I/Gecko   (   84): [Parent 84] WARNING: waitpid failed pid:1993 errno:10: file ../../../gecko/ipc/chromium/src/base/process_util_posix.cc, line 254
04-27 17:20:02.800 I/Gecko   (   84): [Parent 84] WARNING: Failed to deliver SIGKILL to 1993!(3).: file ../../../gecko/ipc/chromium/src/chrome/common/process_watcher_posix_sigchld.cc, line 118
04-27 17:20:02.920 I/Gecko   (   84): 1398644402926	Marionette	DEBUG	Got request: switchToFrame, data: {"to":"0","sessionId":"3-b2g","name":"switchToFrame","parameters":{"id":null,"focus":true}}, id: {28dd61e1-f36d-4e47-b458-d5ca73b14f25}
04-27 17:20:02.950 I/Gecko   (   84): 1398644402956	Marionette	INFO	Switched to frame: {"frameValue":null}
04-27 17:20:03.150 I/Gonk    (   84): Setting nice for pid 2020 to 18
04-27 17:20:03.150 I/Gonk    (   84): Changed nice for pid 2020 from 0 to 18.
04-27 17:20:03.180 I/Gecko   (   84): 1398644403184	Marionette	INFO	sendToClient: {"from":"0","ok":true}, {28dd61e1-f36d-4e47-b458-d5ca73b14f25}, {28dd61e1-f36d-4e47-b458-d5ca73b14f25}
04-27 17:20:03.280 I/Gecko   (   84): 1398644403290	Marionette	DEBUG	Got request: executeWithCallback, data: {"to":"0","sessionId":"3-b2g","name":"executeAsyncScript","parameters":{"specialPowers":false,"scriptTimeout":null,"newSandbox":true,"args":[],"filename":"gaia_test.py","script":"return GaiaApps.displayedApp();","line":66}}, id: {7f7a8f7e-b4a9-46f9-83db-ff91a5ca0d7d}
04-27 17:20:03.470 I/Gonk    (   84): Setting nice for pid 1884 to 18
04-27 17:20:03.470 I/Gonk    (   84): Changed nice for pid 1884 from 1 to 18.
04-27 17:20:03.530 E/GeckoConsole(   84): Content JS LOG at dummy file:392 in GaiaApps.displayedApp: app with origin 'app://homescreen.gaiamobile.org' is displayed
04-27 17:20:03.530 I/Gecko   (   84): 1398644403538	Marionette	INFO	sendToClient: {"from":"0","value":{"frame":{"ELEMENT":"{ef1d2bb0-1f02-4169-a727-52d8773103f6}"},"src":"app://homescreen.gaiamobile.org/index.html#root","name":"Homescreen","origin":"app://homescreen.gaiamobile.org"}}, {7f7a8f7e-b4a9-46f9-83db-ff91a5ca0d7d}, {7f7a8f7e-b4a9-46f9-83db-ff91a5ca0d7d}
04-27 17:20:03.550 I/Gecko   (   84): 1398644403562	Marionette	DEBUG	Got request: switchToFrame, data: {"to":"0","sessionId":"3-b2g","name":"switchToFrame","parameters":{"id":null,"focus":true}}, id: {621f5e45-4e24-4170-ab5f-c80053866812}
04-27 17:20:03.570 I/Gecko   (   84): 1398644403574	Marionette	INFO	Switched to frame: {"frameValue":null}
04-27 17:20:03.680 I/Gecko   (   84): 1398644403685	Marionette	INFO	sendToClient: {"from":"0","ok":true}, {621f5e45-4e24-4170-ab5f-c80053866812}, {621f5e45-4e24-4170-ab5f-c80053866812}
04-27 17:20:03.680 I/Gecko   (   84): 1398644403691	Marionette	DEBUG	Got request: switchToFrame, data: {"to":"0","sessionId":"3-b2g","name":"switchToFrame","parameters":{"id":null,"focus":true}}, id: {a397151a-8979-4c43-b2ff-917c5c37f6e8}
04-27 17:20:03.680 I/Gecko   (   84): 1398644403693	Marionette	INFO	Switched to frame: {"frameValue":null}
04-27 17:20:03.830 I/Gecko   (   84): 1398644403835	Marionette	INFO	sendToClient: {"from":"0","ok":true}, {a397151a-8979-4c43-b2ff-917c5c37f6e8}, {a397151a-8979-4c43-b2ff-917c5c37f6e8}
04-27 17:20:03.830 I/Gecko   (   84): 1398644403840	Marionette	DEBUG	Got request: executeWithCallback, data: {"to":"0","sessionId":"3-b2g","name":"executeAsyncScript","parameters":{"specialPowers":false,"scriptTimeout":null,"newSandbox":true,"args":[],"filename":"gaia_test.py","script":"return GaiaApps.displayedApp();","line":66}}, id: {1c0302aa-bbe4-4246-a755-14c19975a960}
04-27 17:20:03.900 I/Gecko   (   84): 1398644403903	Marionette	INFO	sendToClient: {"from":"0","value":{"frame":{"ELEMENT":"{ef1d2bb0-1f02-4169-a727-52d8773103f6}"},"src":"app://homescreen.gaiamobile.org/index.html#root","name":"Homescreen","origin":"app://homescreen.gaiamobile.org"}}, {1c0302aa-bbe4-4246-a755-14c19975a960}, {1c0302aa-bbe4-4246-a755-14c19975a960}
04-27 17:20:03.900 E/GeckoConsole(   84): Content JS LOG at dummy file:392 in GaiaApps.displayedApp: app with origin 'app://homescreen.gaiamobile.org' is displayed
04-27 17:20:03.900 I/Gecko   (   84): 1398644403910	Marionette	DEBUG	Got request: switchToFrame, data: {"to":"0","sessionId":"3-b2g","name":"switchToFrame","parameters":{"focus":true,"element":"{ef1d2bb0-1f02-4169-a727-52d8773103f6}"}}, id: {9daa8cc9-8444-4d3c-814b-c505aae344dd}
04-27 17:20:03.910 I/Gecko   (   84): 1398644403917	Marionette	INFO	Switched to frame: {"frameValue":"{ef1d2bb0-1f02-4169-a727-52d8773103f6}"}
04-27 17:20:03.910 I/Gecko   (   84): 1398644403923	Marionette	INFO	trying remote frame 0
04-27 17:20:03.930 I/Gecko   (   84): 1398644403941	Marionette	INFO	trying remote frame 1
04-27 17:20:03.940 I/Gecko   (   84): 1398644403944	Marionette	INFO	deleting frame
04-27 17:20:03.950 I/Gecko   (   84): 1398644403958	Marionette	INFO	frame-manager load script: [object ChromeMessageSender]
04-27 17:20:04.650 I/Gecko   (   84): 
04-27 17:20:04.650 I/Gecko   (   84): ###!!! [Parent][MessageChannel] Error: Channel error: cannot send/recv
04-27 17:20:04.650 I/Gecko   (   84): 
04-27 17:20:04.730 I/GeckoDump(   84): Crash reporter : Can't fetch app.reportCrashes. Exception: [Exception... "Component returned failure code: 0x8000ffff (NS_ERROR_UNEXPECTED) [nsIPrefBranch.getBoolPref]"  nsresult: "0x8000ffff (NS_ERROR_UNEXPECTED)"  location: "JS frame :: chrome://browser/content/shell.js :: shell_reportCrash :: line 7"  data: no]
04-27 17:20:04.940 I/Gecko   (   84): [Parent 84] WARNING: waitpid failed pid:1884 errno:10: file ../../../gecko/ipc/chromium/src/base/process_util_posix.cc, line 254
04-27 17:20:05.020 I/Gecko   ( 2012): ###################################### forms.js loaded
04-27 17:20:05.050 I/Gecko   ( 2012): ############################### browserElementPanning.js loaded
04-27 17:20:05.070 I/Gecko   ( 2012): ######################## BrowserElementChildPreload.js loaded
04-27 17:20:05.860 W/WifiHW  (   84): wifi_command: SIGNAL_POLL
04-27 17:20:06.300 I/Gecko   (   84): 1398644406311	Marionette	INFO	sendToClient: {"from":"0","ok":true}, {9daa8cc9-8444-4d3c-814b-c505aae344dd}, {9daa8cc9-8444-4d3c-814b-c505aae344dd}
04-27 17:20:06.940 I/Gecko   (   84): [Parent 84] WARNING: waitpid failed pid:1884 errno:10: file ../../../gecko/ipc/chromium/src/base/process_util_posix.cc, line 254
04-27 17:20:06.940 I/Gecko   (   84): [Parent 84] WARNING: Failed to deliver SIGKILL to 1884!(3).: file ../../../gecko/ipc/chromium/src/chrome/common/process_watcher_posix_sigchld.cc, line 118
04-27 17:20:07.140 I/Gecko   (   84): 1398644407149	Marionette	INFO	sendToClient: {"from":"0","value":"app://homescreen.gaiamobile.org/index.html#root"}, {96d30cf5-4fc6-456c-9e0a-e6fd360d5024}, {96d30cf5-4fc6-456c-9e0a-e6fd360d5024}
04-27 17:20:07.150 I/Gecko   (   84): 1398644407155	Marionette	DEBUG	Got request: switchToFrame, data: {"to":"0","sessionId":"3-b2g","name":"switchToFrame","parameters":{"id":null,"focus":true}}, id: {b91e5273-12ca-4054-87fe-730e9fb0cc70}
04-27 17:20:07.180 I/Gecko   (   84): 1398644407186	Marionette	INFO	Switched to frame: {"frameValue":null}
04-27 17:20:07.340 I/Gecko   (   84): 1398644407347	Marionette	INFO	sendToClient: {"from":"0","ok":true}, {b91e5273-12ca-4054-87fe-730e9fb0cc70}, {b91e5273-12ca-4054-87fe-730e9fb0cc70}
04-27 17:20:07.340 I/Gecko   (   84): 1398644407353	Marionette	DEBUG	Got request: switchToFrame, data: {"to":"0","sessionId":"3-b2g","name":"switchToFrame","parameters":{"id":null,"focus":true}}, id: {9fbfb94f-2148-4060-acba-33202d3a6522}
04-27 17:20:07.350 I/Gecko   (   84): 1398644407356	Marionette	INFO	Switched to frame: {"frameValue":null}
04-27 17:20:07.450 I/Gecko   (   84): 1398644407459	Marionette	INFO	sendToClient: {"from":"0","ok":true}, {9fbfb94f-2148-4060-acba-33202d3a6522}, {9fbfb94f-2148-4060-acba-33202d3a6522}
04-27 17:20:07.470 I/Gecko   (   84): 1398644407482	Marionette	DEBUG	Got request: executeWithCallback, data: {"to":"0","sessionId":"3-b2g","name":"executeAsyncScript","parameters":{"specialPowers":false,"scriptTimeout":null,"newSandbox":true,"args":[],"filename":"gaia_test.py","script":"GaiaApps.killAll()","line":91}}, id: {198b6a04-348f-4581-bb08-e575206c494d}
04-27 17:20:07.530 I/Gecko   (   84): 1398644407535	Marionette	INFO	sendToClient: {"from":"0","value":true}, {198b6a04-348f-4581-bb08-e575206c494d}, {198b6a04-348f-4581-bb08-e575206c494d}
04-27 17:20:07.530 I/Gecko   (   84): 1398644407540	Marionette	DEBUG	Got request: switchToFrame, data: {"to":"0","sessionId":"3-b2g","name":"switchToFrame","parameters":{"id":null,"focus":true}}, id: {af0156c3-f5f5-4837-9736-db5223127fdc}
04-27 17:20:07.530 I/Gecko   (   84): 1398644407542	Marionette	INFO	Switched to frame: {"frameValue":null}
