04-24 20:05:10.461 I/Gecko   (   84): 1398395110448	Marionette	INFO	sendToClient: {"from":"0","ok":true}, {63415a5c-6ad7-4a40-9cdb-50166fb744bc}, {63415a5c-6ad7-4a40-9cdb-50166fb744bc}
04-24 20:05:11.621 I/Gecko   (   84): 1398395111630	Marionette	INFO	sendToClient: {"from":"0","value":"http://mymenstrualcalendar.beoware.com/index-en.html"}, {5ab482ca-7b41-4388-9abc-b92de082750e}, {5ab482ca-7b41-4388-9abc-b92de082750e}
04-24 20:05:11.641 I/Gecko   (   84): 1398395111649	Marionette	DEBUG	Got request: execute, data: {"to":"0","sessionId":"3-b2g","name":"executeScript","parameters":{"specialPowers":false,"scriptTimeout":null,"newSandbox":true,"args":[],"filename":"app_checker.py","script":"return window.document.readyState;","line":191}}, id: {f360e3e6-f6a8-4117-b08b-b9290bc7d63b}
04-24 20:05:11.991 W/WifiHW  (   84): wifi_command: SIGNAL_POLL
04-24 20:05:12.081 E/Profiler(   84): BPUnw: [1 total] thread_unregister_for_profiling(me=0x858440)  (NOT REGISTERED) 
04-24 20:05:12.391 E/Profiler(   84): BPUnw: [1 total] thread_unregister_for_profiling(me=0x841008)  (NOT REGISTERED) 
04-24 20:05:12.651 I/Gecko   (   84): 1398395112658	Marionette	INFO	sendToClient: {"from":"0","value":"complete"}, {f360e3e6-f6a8-4117-b08b-b9290bc7d63b}, {f360e3e6-f6a8-4117-b08b-b9290bc7d63b}
04-24 20:05:12.671 E/Profiler(   84): BPUnw: [1 total] thread_unregister_for_profiling(me=0x840e08)  (NOT REGISTERED) 
04-24 20:05:12.691 E/Profiler(   84): BPUnw: [1 total] thread_unregister_for_profiling(me=0x852830)  (NOT REGISTERED) 
04-24 20:05:12.931 I/Gecko   (   84): 1398395112945	Marionette	INFO	sendToClient: {"from":"0","value":"http://mymenstrualcalendar.beoware.com/index-en.html"}, {74850a1a-6efe-471d-81b8-771660656d4f}, {74850a1a-6efe-471d-81b8-771660656d4f}
04-24 20:05:13.121 I/Gecko   (  998): Attempting load of libEGL.so
04-24 20:05:13.411 D/libEGL  (  998): loaded /system/lib/egl/libEGL_mali.so
04-24 20:05:13.421 D/libEGL  (  998): loaded /system/lib/egl/libGLESv1_CM_mali.so
04-24 20:05:13.441 D/libEGL  (  998): loaded /system/lib/egl/libGLESv2_mali.so
04-24 20:05:13.511 I/Gecko   (  998): SharedSurface_Gralloc::Create -------
04-24 20:05:13.601 I/Gecko   (  998): SharedSurface_Gralloc::Create: success -- surface 0x4467b440, GraphicBuffer 0x449da780.
04-24 20:05:13.741 I/Gonk    (   84): Setting nice for pid 1079 to 18
04-24 20:05:13.741 I/Gonk    (   84): Changed nice for pid 1079 from 0 to 18.
04-24 20:05:15.331 D/Sensors (   84): SensorTMD2771::readEvents()======data_fd=53,count=16
04-24 20:05:15.341 D/Sensors (   84): SensorTMD2771::processEvent()=====code=40::value=90 
04-24 20:05:15.341 D/Sensors (   84): SensorTMD2771: mPendingEvents[Light].light = 90.000000
04-24 20:05:15.941 D/Sensors (   84): SensorTMD2771::readEvents()======data_fd=53,count=16
04-24 20:05:15.941 D/Sensors (   84): SensorTMD2771::processEvent()=====code=40::value=477 
04-24 20:05:15.941 D/Sensors (   84): SensorTMD2771: mPendingEvents[Light].light = 477.000000
04-24 20:05:19.481 I/GonkMemoryPressure(   84): Checking to see if memory pressure is over.
04-24 20:05:19.481 I/GonkMemoryPressure(   84): Memory pressure is over.
04-24 20:05:19.481 I/GonkMemoryPressure( 1079): Checking to see if memory pressure is over.
04-24 20:05:19.481 I/GonkMemoryPressure( 1079): Memory pressure is over.
04-24 20:05:19.541 I/GonkMemoryPressure(  998): Checking to see if memory pressure is over.
04-24 20:05:19.541 I/GonkMemoryPressure(  998): Memory pressure is over.
04-24 20:05:20.801 I/Gecko   (  998): [SharedSurface_Gralloc 0x4467b440] destroyed
04-24 20:05:21.241 I/Gecko   (   84): 1398395121251	Marionette	INFO	sendToClient: {"from":"0","value":"iVBORw0KGgoAAAANSUhEUgAAAUAAAAHMCAYAAACk4nEJAAAgAElEQVR4nOydd3wT9f/Hr2WKX0AUBMqmBfyqvy9qmLJEZQq4FQEZgoKCDEGRIYRVoMheZW+hQJmlBTpooaV7jzRJR5I2aZtmNOMyUHz9/qiNpLmMjjSFfv54Pnhwufvc5z539+xn3edNGY1GEAgEQkOEcnUGCAQCwVUQARIIhAYLESCBQGiwEAESCIQGCxEggUBosBABEgiEBgsRIIFAaLAQARIIhAYLESCBQGiwEAESCIQGCxEggUBosBABEgiEBgsRIIFAaLAQARIIhAYLESCBQGiwEAESCIQGCxEggUBosBABEgiEBgsRIIFAaLAQARIIhAYLESCBQGiwEAESCIQGCxEggUBosBABEgiEBgsRIIFAaLAQARIIhAZLvROgTqeDVquFSqWCQqFAaWkppFJpnSGTyVBWVgaNRgOdTgeDweDyMiEQCM6hXgiQpmkolUoUFhaCz+cjKysL6enpSElJQVJSUp2SnJyM1NRUZGZmgsfjIS8vD1KpFCqVisiQQHjGcJkADQYDtFotZDIZcnNzkZmZCS6XC5FIhOLiYpSWlkIul0OpVNYpCoUCMpkMJSUlKCwsRG5uLrKyspCdnQ2JRAKlUgm9Xu/yG0cgEGqOSwRI0zRkMhlEIhE4HA7y8/MhkUhQWlpqan7SNA2dTge9Xl/n0DRt1gwvLi5GQUEB+Hw+cnJyTCJ09Hr9/f0RHR1NapAEQj2jzgWoVCohEomQlZUFHo8HpVJpkp2rhGePiryp1WoUFxeDy+UiKysLEonEodqgt7c3mjZtinXr1rn8hhNcR7okHT/f/hnTLk9DVnGWy/NDqEMB6vV6aDQaCAQC8Hg8CAQCyGQy0DTNKB2tVgtVWRl09UCAT4pQrVajpKQEOTk54PF4KC0ttTtYsm3bNlAUBYqiMG
04-24 20:05:21.661 W/WifiHW  (   84): wifi_command: SIGNAL_POLL
04-24 20:05:24.011 I/Gecko   (   84): 1398395124020	Marionette	INFO	sendToClient: {"from":"0","ok":true}, {3eac67c7-66c2-44df-8473-3065a33ab7df}, {3eac67c7-66c2-44df-8473-3065a33ab7df}
04-24 20:05:25.901 I/Gecko   (   84): 1398395125907	Marionette	DEBUG	Got request: switchToFrame, data: {"to":"0","sessionId":"3-b2g","name":"switchToFrame","parameters":{"id":null,"focus":true}}, id: {fba18477-6429-45a9-b69a-3b5c0870fa20}
04-24 20:05:25.981 I/Gecko   (   84): 1398395125990	Marionette	INFO	Switched to frame: {"frameValue":null}
04-24 20:05:26.191 I/Gecko   (   84): 1398395126200	Marionette	INFO	sendToClient: {"from":"0","ok":true}, {fba18477-6429-45a9-b69a-3b5c0870fa20}, {fba18477-6429-45a9-b69a-3b5c0870fa20}
04-24 20:05:26.241 I/Gecko   (   84): 1398395126247	Marionette	DEBUG	Got request: executeWithCallback, data: {"to":"0","sessionId":"3-b2g","name":"executeAsyncScript","parameters":{"specialPowers":false,"scriptTimeout":null,"newSandbox":true,"args":[],"filename":"gaia_test.py","script":"return GaiaApps.displayedApp();","line":66}}, id: {4ec831d9-8571-4269-bd39-0bee15a7b516}
04-24 20:05:27.061 W/WifiHW  (   84): wifi_command: SIGNAL_POLL
04-24 20:05:27.071 E/GeckoConsole(   84): Content JS LOG at dummy file:392 in GaiaApps.displayedApp: app with origin 'http://mymenstrualcalendar.beoware.com' is displayed
04-24 20:05:27.121 I/Gecko   (   84): 1398395127108	Marionette	INFO	sendToClient: {"from":"0","value":{"frame":{"ELEMENT":"{0706250b-2ec4-46bf-94a8-d34fcfc64f8d}"},"src":"http://mymenstrualcalendar.beoware.com/index-en.html","name":"My menstrual calendar","origin":"http://mymenstrualcalendar.beoware.com"}}, {4ec831d9-8571-4269-bd39-0bee15a7b516}, {4ec831d9-8571-4269-bd39-0bee15a7b516}
04-24 20:05:27.221 I/Gecko   (   84): 1398395127234	Marionette	DEBUG	Got request: switchToFrame, data: {"to":"0","sessionId":"3-b2g","name":"switchToFrame","parameters":{"id":null,"focus":true}}, id: {9cc68ff0-e687-44a8-9da5-03ab2d7cf3a9}
04-24 20:05:27.231 I/Gecko   (   84): 1398395127237	Marionette	INFO	Switched to frame: {"frameValue":null}
04-24 20:05:27.371 I/Gecko   (   84): 1398395127380	Marionette	INFO	sendToClient: {"from":"0","ok":true}, {9cc68ff0-e687-44a8-9da5-03ab2d7cf3a9}, {9cc68ff0-e687-44a8-9da5-03ab2d7cf3a9}
04-24 20:05:27.391 I/Gecko   (   84): 1398395127403	Marionette	DEBUG	Got request: execute, data: {"to":"0","sessionId":"3-b2g","name":"executeScript","parameters":{"specialPowers":false,"scriptTimeout":null,"newSandbox":true,"args":[],"filename":"gaia_test.py","script":"window.wrappedJSObject.dispatchEvent(new Event('home'));","line":788}}, id: {0faa51ca-5820-49ed-a682-7bb56d6c8f21}
04-24 20:05:27.941 I/Gonk    (   84): Setting nice for pid 1079 to 18
04-24 20:05:27.941 I/Gonk    (   84): Changed nice for pid 1079 from 18 to 18.
04-24 20:05:27.941 I/Gecko   (   84): [Parent 84] WARNING: waitpid failed pid:1079 errno:10: file ../../../gecko/ipc/chromium/src/base/process_util_posix.cc, line 254
04-24 20:05:28.041 I/Gonk    (   84): Setting nice for pid 1079 to 1
04-24 20:05:28.051 I/Gonk    (   84): Changed nice for pid 1079 from 18 to 1.
04-24 20:05:28.211 D/Sensors (   84): activate handle=0; drv=0
04-24 20:05:28.221 D/Sensors (   84): Lis3dhSensor: Control set 0
04-24 20:05:28.221 D/Sensors (   84): Lis3dhSensor: mEnabled = 0
04-24 20:05:28.471 I/Gecko   (   84): 1398395128485	Marionette	INFO	sendToClient: {"from":"0","value":null}, {0faa51ca-5820-49ed-a682-7bb56d6c8f21}, {0faa51ca-5820-49ed-a682-7bb56d6c8f21}
04-24 20:05:28.661 I/Gecko   (   84): 1398395128674	Marionette	DEBUG	Got request: switchToFrame, data: {"to":"0","sessionId":"3-b2g","name":"switchToFrame","parameters":{"id":null,"focus":true}}, id: {b56cd643-9850-473a-b68d-d1b1af8f7df0}
04-24 20:05:28.681 I/Gecko   (   84): 1398395128687	Marionette	INFO	Switched to frame: {"frameValue":null}
04-24 20:05:28.751 E/Profiler( 1089): BEGIN mozilla_sampler_init
04-24 20:05:28.791 E/Profiler( 1089): BPUnw: [1 total] thread_register_for_profiling(me=0x40107488, stacktop=0xbeae09b7)
04-24 20:05:28.811 E/Profiler( 1089): SPS:
04-24 20:05:28.811 E/Profiler( 1089): SPS: Unwind mode       = pseudo
04-24 20:05:28.811 E/Profiler( 1089): SPS: Sampling interval = 0 ms (zero means "platform default")
04-24 20:05:28.811 E/Profiler( 1089): SPS: Entry store size  = 0 (zero means "platform default")
04-24 20:05:28.811 E/Profiler( 1089): SPS: UnwindStackScan   = 0 (max dubious frames per unwind).
04-24 20:05:28.811 E/Profiler( 1089): SPS: Use env var MOZ_PROFILER_MODE=help for further information.
04-24 20:05:28.811 E/Profiler( 1089): SPS:
04-24 20:05:28.811 E/Profiler( 1089): Registering start signal
04-24 20:05:28.811 I/Gecko   (   84): 1398395128826	Marionette	INFO	sendToClient: {"from":"0","ok":true}, {b56cd643-9850-473a-b68d-d1b1af8f7df0}, {b56cd643-9850-473a-b68d-d1b1af8f7df0}
04-24 20:05:28.841 I/Gecko   (   84): 1398395128854	Marionette	DEBUG	Got request: executeWithCallback, data: {"to":"0","sessionId":"3-b2g","name":"executeAsyncScript","parameters":{"specialPowers":false,"scriptTimeout":null,"newSandbox":true,"args":[],"filename":"gaia_test.py","script":"return GaiaApps.displayedApp();","line":66}}, id: {55e3dd1d-f52e-43eb-bc77-b0976a14adb7}
04-24 20:05:29.121 E/GeckoConsole(   84): Content JS LOG at dummy file:392 in GaiaApps.displayedApp: app with origin 'app://homescreen.gaiamobile.org' is displayed
04-24 20:05:29.131 I/Gecko   (   84): 1398395129138	Marionette	INFO	sendToClient: {"from":"0","value":{"frame":{"ELEMENT":"{a6d91fea-1fea-48e9-95c7-8fd4fb2ea6b8}"},"src":"app://homescreen.gaiamobile.org/index.html#root","name":"Homescreen","origin":"app://homescreen.gaiamobile.org"}}, {55e3dd1d-f52e-43eb-bc77-b0976a14adb7}, {55e3dd1d-f52e-43eb-bc77-b0976a14adb7}
04-24 20:05:29.141 I/Gecko   (   84): 1398395129155	Marionette	DEBUG	Got request: switchToFrame, data: {"to":"0","sessionId":"3-b2g","name":"switchToFrame","parameters":{"id":null,"focus":true}}, id: {7b66a172-94a7-4b7d-896d-a82a1ba99542}
04-24 20:05:29.151 I/Gecko   (   84): 1398395129157	Marionette	INFO	Switched to frame: {"frameValue":null}
04-24 20:05:29.511 E/GeckoConsole( 1089): Could not read chrome manifest 'file:///system/b2g/chrome.manifest'.
04-24 20:05:30.011 I/Gecko   (   84): 1398395130021	Marionette	INFO	sendToClient: {"from":"0","ok":true}, {7b66a172-94a7-4b7d-896d-a82a1ba99542}, {7b66a172-94a7-4b7d-896d-a82a1ba99542}
04-24 20:05:30.811 I/Gonk    (   84): Setting nice for pid 998 to 18
04-24 20:05:30.811 I/Gonk    (   84): Changed nice for pid 998 from 1 to 18.
04-24 20:05:31.281 I/Gecko   (   84): 1398395131288	Marionette	DEBUG	Got request: switchToFrame, data: {"to":"0","sessionId":"3-b2g","name":"switchToFrame","parameters":{"id":null,"focus":true}}, id: {14088008-d628-4fc1-93b2-a77ffb6fed47}
04-24 20:05:31.431 I/Gecko   (   84): 1398395131442	Marionette	INFO	Switched to frame: {"frameValue":null}
04-24 20:05:31.611 I/Gecko   (   84): 1398395131618	Marionette	INFO	sendToClient: {"from":"0","ok":true}, {14088008-d628-4fc1-93b2-a77ffb6fed47}, {14088008-d628-4fc1-93b2-a77ffb6fed47}
04-24 20:05:31.631 I/Gecko   (   84): 1398395131644	Marionette	DEBUG	Got request: executeWithCallback, data: {"to":"0","sessionId":"3-b2g","name":"executeAsyncScript","parameters":{"specialPowers":false,"scriptTimeout":null,"newSandbox":true,"args":[],"filename":"gaia_test.py","script":"return GaiaApps.displayedApp();","line":66}}, id: {2e803cf9-c090-4e98-a6e8-94fb99bdd3d9}
04-24 20:05:32.071 E/GeckoConsole(   84): Content JS LOG at dummy file:392 in GaiaApps.displayedApp: app with origin 'app://homescreen.gaiamobile.org' is displayed
04-24 20:05:32.071 I/Gecko   (   84): 1398395132080	Marionette	INFO	sendToClient: {"from":"0","value":{"frame":{"ELEMENT":"{a6d91fea-1fea-48e9-95c7-8fd4fb2ea6b8}"},"src":"app://homescreen.gaiamobile.org/index.html#root","name":"Homescreen","origin":"app://homescreen.gaiamobile.org"}}, {2e803cf9-c090-4e98-a6e8-94fb99bdd3d9}, {2e803cf9-c090-4e98-a6e8-94fb99bdd3d9}
04-24 20:05:32.081 W/WifiHW  (   84): wifi_command: SIGNAL_POLL
04-24 20:05:32.421 I/Gecko   (   84): 1398395132426	Marionette	DEBUG	Got request: switchToFrame, data: {"to":"0","sessionId":"3-b2g","name":"switchToFrame","parameters":{"focus":true,"element":"{a6d91fea-1fea-48e9-95c7-8fd4fb2ea6b8}"}}, id: {9ed04d99-bc3e-4a47-a30b-70a2e55b2a4a}
04-24 20:05:32.531 I/Gecko   (   84): 1398395132542	Marionette	INFO	Switched to frame: {"frameValue":"{a6d91fea-1fea-48e9-95c7-8fd4fb2ea6b8}"}
04-24 20:05:32.691 I/Gecko   (   84): 1398395132705	Marionette	INFO	trying remote frame 0
04-24 20:05:32.741 I/Gecko   (   84): 1398395132748	Marionette	INFO	deleting frame
04-24 20:05:32.751 I/Gecko   (   84): 1398395132762	Marionette	INFO	frame-manager load script: [object ChromeMessageSender]
04-24 20:05:34.551 I/Gecko   ( 1079): ###################################### forms.js loaded
04-24 20:05:34.611 I/Gonk    (   84): Setting nice for pid 1102 to 18
04-24 20:05:34.611 I/Gonk    (   84): Changed nice for pid 1102 from 0 to 18.
04-24 20:05:34.711 I/Gecko   (   84): [Parent 84] WARNING: pipe error (71): Connection reset by peer: file ../../../gecko/ipc/chromium/src/chrome/common/ipc_channel_posix.cc, line 446
04-24 20:05:34.721 I/Gecko   ( 1079): ############################### browserElementPanning.js loaded
04-24 20:05:34.721 I/Gecko   (   84): 
04-24 20:05:34.721 I/Gecko   (   84): ###!!! [Parent][MessageChannel] Error: Channel error: cannot send/recv
04-24 20:05:34.721 I/Gecko   (   84): 
04-24 20:05:34.811 I/Gecko   ( 1079): ######################## BrowserElementChildPreload.js loaded
04-24 20:05:34.901 I/Gecko   (   84): [Parent 84] WARNING: waitpid failed pid:998 errno:10: file ../../../gecko/ipc/chromium/src/base/process_util_posix.cc, line 254
04-24 20:05:36.171 I/Gecko   (   84): 1398395136186	Marionette	INFO	sendToClient: {"from":"0","ok":true}, {9ed04d99-bc3e-4a47-a30b-70a2e55b2a4a}, {9ed04d99-bc3e-4a47-a30b-70a2e55b2a4a}
04-24 20:05:36.561 I/Gecko   (   84): 1398395136570	Marionette	INFO	sendToClient: {"from":"0","value":"app://homescreen.gaiamobile.org/index.html#root"}, {c12820d4-6cdb-4924-ae8a-949bcfdaa4dd}, {c12820d4-6cdb-4924-ae8a-949bcfdaa4dd}
04-24 20:05:36.611 I/Gecko   (   84): 1398395136618	Marionette	DEBUG	Got request: switchToFrame, data: {"to":"0","sessionId":"3-b2g","name":"switchToFrame","parameters":{"id":null,"focus":true}}, id: {ffd384cd-0bb7-4c0d-afc5-e50de1893240}
04-24 20:05:36.631 I/Gecko   (   84): 1398395136639	Marionette	INFO	Switched to frame: {"frameValue":null}
04-24 20:05:36.731 I/Gecko   (   84): 1398395136742	Marionette	INFO	sendToClient: {"from":"0","ok":true}, {ffd384cd-0bb7-4c0d-afc5-e50de1893240}, {ffd384cd-0bb7-4c0d-afc5-e50de1893240}
04-24 20:05:36.741 I/Gecko   (   84): 1398395136750	Marionette	DEBUG	Got request: switchToFrame, data: {"to":"0","sessionId":"3-b2g","name":"switchToFrame","parameters":{"id":null,"focus":true}}, id: {47ddc19e-994d-414b-b8e8-d48b43f7fd3f}
04-24 20:05:36.741 I/Gecko   (   84): 1398395136752	Marionette	INFO	Switched to frame: {"frameValue":null}
04-24 20:05:36.871 I/Gecko   (   84): 1398395136883	Marionette	INFO	sendToClient: {"from":"0","ok":true}, {47ddc19e-994d-414b-b8e8-d48b43f7fd3f}, {47ddc19e-994d-414b-b8e8-d48b43f7fd3f}
04-24 20:05:36.891 I/Gecko   (   84): 1398395136902	Marionette	DEBUG	Got request: executeWithCallback, data: {"to":"0","sessionId":"3-b2g","name":"executeAsyncScript","parameters":{"specialPowers":false,"scriptTimeout":null,"newSandbox":true,"args":[],"filename":"gaia_test.py","script":"GaiaApps.killAll()","line":91}}, id: {a33d1d3d-e73f-4fa5-9422-ae6a8dca771d}
04-24 20:05:36.901 I/Gecko   (   84): [Parent 84] WARNING: waitpid failed pid:998 errno:10: file ../../../gecko/ipc/chromium/src/base/process_util_posix.cc, line 254
04-24 20:05:36.901 I/Gecko   (   84): [Parent 84] WARNING: Failed to deliver SIGKILL to 998!(3).: file ../../../gecko/ipc/chromium/src/chrome/common/process_watcher_posix_sigchld.cc, line 118
04-24 20:05:37.301 E/GeckoConsole(   84): Content JS LOG at dummy file:266 in GaiaApps.kill: terminating app with origin 'app://browser.gaiamobile.org'
04-24 20:05:37.301 E/GeckoConsole(   84): Content JS LOG at dummy file:258 in GaiaApps.kill/gt_onAppTerminated/<: app with origin 'app://browser.gaiamobile.org' has terminated
04-24 20:05:37.321 W/WifiHW  (   84): wifi_command: SIGNAL_POLL
04-24 20:05:37.921 I/Gecko   (   84): 1398395137931	Marionette	INFO	sendToClient: {"from":"0","value":true}, {a33d1d3d-e73f-4fa5-9422-ae6a8dca771d}, {a33d1d3d-e73f-4fa5-9422-ae6a8dca771d}