--------- beginning of /dev/log/main
04-25 09:08:20.873 I/Gecko   (   84): 1398442100875	Marionette	INFO	sendToClient: {"from":"0","ok":true}, {e2a8d2a6-4e77-48d9-ba58-a1aaf1abd231}, {e2a8d2a6-4e77-48d9-ba58-a1aaf1abd231}
04-25 09:08:20.893 W/WifiHW  (   84): wifi_command: SIGNAL_POLL
04-25 09:08:20.933 I/Gecko   (   84): 1398442100935	Marionette	DEBUG	Got request: switchToFrame, data: {"to":"0","sessionId":"3-b2g","name":"switchToFrame","parameters":{"id":null,"focus":true}}, id: {2206eb5d-bc0e-4563-a924-671f499362d3}
04-25 09:08:20.933 I/Gecko   (   84): 1398442100938	Marionette	INFO	Switched to frame: {"frameValue":null}
04-25 09:08:21.053 I/Gecko   (   84): 1398442101058	Marionette	INFO	sendToClient: {"from":"0","ok":true}, {2206eb5d-bc0e-4563-a924-671f499362d3}, {2206eb5d-bc0e-4563-a924-671f499362d3}
04-25 09:08:21.053 I/Gecko   (   84): 1398442101064	Marionette	DEBUG	Got request: executeWithCallback, data: {"to":"0","sessionId":"3-b2g","name":"executeAsyncScript","parameters":{"specialPowers":false,"scriptTimeout":null,"newSandbox":true,"args":[],"filename":"gaia_test.py","script":"return GaiaApps.displayedApp();","line":66}}, id: {9a141691-03bc-4dc3-9d93-b15ab875fb42}
04-25 09:08:21.193 E/GeckoConsole(   84): Content JS LOG at dummy file:392 in GaiaApps.displayedApp: app with origin 'app://homescreen.gaiamobile.org' is displayed
04-25 09:08:21.193 I/Gecko   (   84): 1398442101203	Marionette	INFO	sendToClient: {"from":"0","value":{"frame":{"ELEMENT":"{e31a0881-8726-4921-abf6-e06fe968336f}"},"src":"app://homescreen.gaiamobile.org/index.html#root","name":"Homescreen","origin":"app://homescreen.gaiamobile.org"}}, {9a141691-03bc-4dc3-9d93-b15ab875fb42}, {9a141691-03bc-4dc3-9d93-b15ab875fb42}
04-25 09:08:21.223 I/Gecko   (   84): 1398442101233	Marionette	DEBUG	Got request: switchToFrame, data: {"to":"0","sessionId":"3-b2g","name":"switchToFrame","parameters":{"id":null,"focus":true}}, id: {4f3af5f8-43bd-4403-a5c9-ef599b230b39}
04-25 09:08:21.233 I/Gecko   (   84): 1398442101236	Marionette	INFO	Switched to frame: {"frameValue":null}
04-25 09:08:21.333 I/Gecko   (   84): 1398442101343	Marionette	INFO	sendToClient: {"from":"0","ok":true}, {4f3af5f8-43bd-4403-a5c9-ef599b230b39}, {4f3af5f8-43bd-4403-a5c9-ef599b230b39}
04-25 09:08:21.343 I/Gecko   (   84): 1398442101350	Marionette	DEBUG	Got request: switchToFrame, data: {"to":"0","sessionId":"3-b2g","name":"switchToFrame","parameters":{"id":null,"focus":true}}, id: {9963fca9-d59c-4e7f-a228-942bd2498031}
04-25 09:08:21.343 I/Gecko   (   84): 1398442101352	Marionette	INFO	Switched to frame: {"frameValue":null}
04-25 09:08:21.343 E/GeckoConsole(  802): Content JS ERROR at app://homescreen.gaiamobile.org/gaia_build_defer_index.js:390 in loadSVConfFileError: Failed parsing singleVariant configuration file [js/singlevariantconf.json]:  [Exception... "File error: Not found"  nsresult: "0x80520012 (NS_ERROR_FILE_NOT_FOUND)"  location: "JS frame :: app://homescreen.gaiamobile.org/gaia_build_defer_index.js :: loadFile :: line 382"  data: no]
04-25 09:08:21.453 I/Gecko   (   84): 1398442101455	Marionette	INFO	sendToClient: {"from":"0","ok":true}, {9963fca9-d59c-4e7f-a228-942bd2498031}, {9963fca9-d59c-4e7f-a228-942bd2498031}
04-25 09:08:21.453 I/Gecko   (   84): 1398442101461	Marionette	DEBUG	Got request: executeWithCallback, data: {"to":"0","sessionId":"3-b2g","name":"executeAsyncScript","parameters":{"specialPowers":false,"scriptTimeout":null,"newSandbox":true,"args":[],"filename":"gaia_test.py","script":"return GaiaApps.displayedApp();","line":66}}, id: {67b81652-e775-4984-8cf2-8594955d1c2b}
04-25 09:08:21.523 I/Gecko   (   84): 1398442101530	Marionette	INFO	sendToClient: {"from":"0","value":{"frame":{"ELEMENT":"{e31a0881-8726-4921-abf6-e06fe968336f}"},"src":"app://homescreen.gaiamobile.org/index.html#root","name":"Homescreen","origin":"app://homescreen.gaiamobile.org"}}, {67b81652-e775-4984-8cf2-8594955d1c2b}, {67b81652-e775-4984-8cf2-8594955d1c2b}
04-25 09:08:21.523 E/GeckoConsole(   84): Content JS LOG at dummy file:392 in GaiaApps.displayedApp: app with origin 'app://homescreen.gaiamobile.org' is displayed
04-25 09:08:21.533 I/Gecko   (   84): 1398442101537	Marionette	DEBUG	Got request: switchToFrame, data: {"to":"0","sessionId":"3-b2g","name":"switchToFrame","parameters":{"focus":true,"element":"{e31a0881-8726-4921-abf6-e06fe968336f}"}}, id: {c979311b-0e5d-4f71-bc9b-8466297ceeee}
04-25 09:08:21.533 I/Gecko   (   84): 1398442101543	Marionette	INFO	Switched to frame: {"frameValue":"{e31a0881-8726-4921-abf6-e06fe968336f}"}
04-25 09:08:21.543 I/Gecko   (   84): 1398442101550	Marionette	INFO	trying remote frame 0
04-25 09:08:21.553 I/Gecko   (   84): 1398442101555	Marionette	INFO	deleting frame
04-25 09:08:21.553 I/Gecko   (   84): 1398442101560	Marionette	INFO	frame-manager load script: [object ChromeMessageSender]
04-25 09:08:21.963 I/Gecko   (   84): 1398442101969	Marionette	INFO	sendToClient: {"from":"0","ok":true}, {c979311b-0e5d-4f71-bc9b-8466297ceeee}, {c979311b-0e5d-4f71-bc9b-8466297ceeee}
04-25 09:08:22.323 I/Gecko   (   84): 1398442102327	Marionette	INFO	sendToClient: {"from":"0","value":{"ELEMENT":"{3259f6f8-2349-4ccb-aa73-f47323601502}"}}, {d1f684db-00e1-4341-92b6-b5459fe810c5}, {d1f684db-00e1-4341-92b6-b5459fe810c5}
04-25 09:08:22.503 E/GeckoConsole(  802): [JavaScript Warning: "Use of getAttributeNode() is deprecated. Use getAttribute() instead." {file: "chrome://marionette/content/atoms.js" line: 25}]
04-25 09:08:22.503 E/GeckoConsole(  802): [JavaScript Warning: "Use of attributes' specified attribute is deprecated. It always returns true." {file: "chrome://marionette/content/atoms.js" line: 25}]
04-25 09:08:22.503 I/Gecko   (   84): 1398442102514	Marionette	INFO	sendToClient: {"from":"0","value":"normal"}, {f4644f8d-4fe9-43b7-b26c-5615cc7dc962}, {f4644f8d-4fe9-43b7-b26c-5615cc7dc962}
04-25 09:08:22.513 I/Gecko   (   84): 1398442102520	Marionette	DEBUG	Got request: switchToFrame, data: {"to":"0","sessionId":"3-b2g","name":"switchToFrame","parameters":{"id":null,"focus":true}}, id: {72c255aa-c67d-433b-9f1b-bd9ba1fd8daf}
04-25 09:08:22.553 I/Gecko   (   84): 1398442102564	Marionette	INFO	Switched to frame: {"frameValue":null}
04-25 09:08:22.663 I/Gecko   (   84): 1398442102667	Marionette	INFO	sendToClient: {"from":"0","ok":true}, {72c255aa-c67d-433b-9f1b-bd9ba1fd8daf}, {72c255aa-c67d-433b-9f1b-bd9ba1fd8daf}
04-25 09:08:22.673 I/Gecko   (   84): 1398442102679	Marionette	DEBUG	Got request: execute, data: {"to":"0","sessionId":"3-b2g","name":"executeScript","parameters":{"specialPowers":false,"scriptTimeout":null,"newSandbox":true,"args":[],"filename":"gaia_test.py","script":"window.wrappedJSObject.dispatchEvent(new Event('home'));","line":788}}, id: {9d2a6b3a-2a48-4fd2-bad5-02168a55fb62}
04-25 09:08:22.733 I/Gecko   (   84): 1398442102739	Marionette	INFO	sendToClient: {"from":"0","value":null}, {9d2a6b3a-2a48-4fd2-bad5-02168a55fb62}, {9d2a6b3a-2a48-4fd2-bad5-02168a55fb62}
04-25 09:08:22.743 I/Gecko   (   84): 1398442102751	Marionette	DEBUG	Got request: switchToFrame, data: {"to":"0","sessionId":"3-b2g","name":"switchToFrame","parameters":{"id":null,"focus":true}}, id: {9e1540b2-b929-4c61-a152-34c44eb84db0}
04-25 09:08:22.743 I/Gecko   (   84): 1398442102753	Marionette	INFO	Switched to frame: {"frameValue":null}
04-25 09:08:22.853 I/Gecko   (   84): 1398442102856	Marionette	INFO	sendToClient: {"from":"0","ok":true}, {9e1540b2-b929-4c61-a152-34c44eb84db0}, {9e1540b2-b929-4c61-a152-34c44eb84db0}
04-25 09:08:22.853 I/Gecko   (   84): 1398442102861	Marionette	DEBUG	Got request: switchToFrame, data: {"to":"0","sessionId":"3-b2g","name":"switchToFrame","parameters":{"id":null,"focus":true}}, id: {6febfdd3-1179-4c6b-8fa0-5083c487e1b0}
04-25 09:08:22.853 I/Gecko   (   84): 1398442102863	Marionette	INFO	Switched to frame: {"frameValue":null}
04-25 09:08:23.153 I/Gecko   (   84): 1398442103157	Marionette	INFO	sendToClient: {"from":"0","ok":true}, {6febfdd3-1179-4c6b-8fa0-5083c487e1b0}, {6febfdd3-1179-4c6b-8fa0-5083c487e1b0}
04-25 09:08:23.163 I/Gecko   (   84): 1398442103169	Marionette	DEBUG	Got request: executeWithCallback, data: {"to":"0","sessionId":"3-b2g","name":"executeAsyncScript","parameters":{"specialPowers":false,"scriptTimeout":null,"newSandbox":true,"args":[],"filename":"gaia_test.py","script":"return GaiaApps.displayedApp();","line":66}}, id: {1c14175b-8699-4090-b764-3359ec985ac0}
04-25 09:08:23.243 E/GeckoConsole(   84): Content JS LOG at dummy file:392 in GaiaApps.displayedApp: app with origin 'app://homescreen.gaiamobile.org' is displayed
04-25 09:08:23.243 I/Gecko   (   84): 1398442103253	Marionette	INFO	sendToClient: {"from":"0","value":{"frame":{"ELEMENT":"{e31a0881-8726-4921-abf6-e06fe968336f}"},"src":"app://homescreen.gaiamobile.org/index.html#rootFri%20Apr%2025%202014%2009:08:22%20GMT-0700%20(UTC)","name":"Homescreen","origin":"app://homescreen.gaiamobile.org"}}, {1c14175b-8699-4090-b764-3359ec985ac0}, {1c14175b-8699-4090-b764-3359ec985ac0}
04-25 09:08:23.253 I/Gecko   (   84): 1398442103259	Marionette	DEBUG	Got request: switchToFrame, data: {"to":"0","sessionId":"3-b2g","name":"switchToFrame","parameters":{"focus":true,"element":"{e31a0881-8726-4921-abf6-e06fe968336f}"}}, id: {1e0ad513-8952-4f09-8206-79c409f1334b}
04-25 09:08:23.273 I/Gecko   (   84): 1398442103283	Marionette	INFO	Switched to frame: {"frameValue":"{e31a0881-8726-4921-abf6-e06fe968336f}"}
04-25 09:08:23.323 I/Gecko   (   84): 1398442103330	Marionette	INFO	trying remote frame 0
04-25 09:08:23.573 V/AudioPolicyManagerBase(   89): startOutput() output 1, stream 1, session 3
04-25 09:08:23.573 V/AudioPolicyManagerBase(   89): changeRefCount() stream 1, count 1
04-25 09:08:23.573 V/AudioPolicyManagerBase(   89): getDeviceForStrategy() from cache strategy 0, device 2
04-25 09:08:23.573 V/AudioPolicyManagerBase(   89): getNewDevice() selected device 2
04-25 09:08:23.573 D/AudioPolicyManagerBase(   89): setOutputDevice() output 1 device 2 delayMs 0
04-25 09:08:23.573 V/AudioPolicyManagerBase(   89): setOutputDevice() setting same device 2 or null device for output 1
04-25 09:08:23.573 E/AudioPolicyManagerBase(   89): checkAndSetVolume stream=1, index=0, output=1, device=2
04-25 09:08:23.573 E/AudioPolicyManagerBase(   89): computeVolume, streamDesc=0x197bb8
04-25 09:08:23.613 W/AudioFlinger(   89): Thread AudioOut_1 cannot connect to the power manager service
04-25 09:08:23.613 V/AudioPolicyManagerBase(   89): stopOutput() output 1, stream 1, session 3
04-25 09:08:23.613 V/AudioPolicyManagerBase(   89): changeRefCount() stream 1, count 0
04-25 09:08:23.613 V/AudioPolicyManagerBase(   89): getNewDevice() selected device 0
04-25 09:08:23.613 D/AudioPolicyManagerBase(   89): setOutputDevice() output 1 device 0 delayMs 290
04-25 09:08:23.613 V/AudioPolicyManagerBase(   89): setOutputDevice() setting same device 0 or null device for output 1
04-25 09:08:23.623 V/AudioPolicyManagerBase(   89): startOutput() output 1, stream 1, session 3
04-25 09:08:23.623 V/AudioPolicyManagerBase(   89): changeRefCount() stream 1, count 1
04-25 09:08:23.623 V/AudioPolicyManagerBase(   89): getDeviceForStrategy() from cache strategy 0, device 2
04-25 09:08:23.623 V/AudioPolicyManagerBase(   89): getNewDevice() selected device 2
04-25 09:08:23.623 D/AudioPolicyManagerBase(   89): setOutputDevice() output 1 device 2 delayMs 0
04-25 09:08:23.623 V/AudioPolicyManagerBase(   89): setOutputDevice() setting same device 2 or null device for output 1
04-25 09:08:23.623 E/AudioPolicyManagerBase(   89): checkAndSetVolume stream=1, index=0, output=1, device=2
04-25 09:08:23.623 E/AudioPolicyManagerBase(   89): computeVolume, streamDesc=0x197bb8
04-25 09:08:23.623 V/AudioPolicyManagerBase(   89): stopOutput() output 1, stream 1, session 3
04-25 09:08:23.623 V/AudioPolicyManagerBase(   89): changeRefCount() stream 1, count 0
04-25 09:08:23.623 V/AudioPolicyManagerBase(   89): getNewDevice() selected device 0
04-25 09:08:23.623 D/AudioPolicyManagerBase(   89): setOutputDevice() output 1 device 0 delayMs 290
04-25 09:08:23.623 V/AudioPolicyManagerBase(   89): setOutputDevice() setting same device 0 or null device for output 1
04-25 09:08:23.633 V/AudioPolicyManagerBase(   89): releaseOutput() 1
04-25 09:08:23.843 I/Gecko   (   84): 1398442103847	Marionette	INFO	sendToClient: {"from":"0","ok":true}, {1e0ad513-8952-4f09-8206-79c409f1334b}, {1e0ad513-8952-4f09-8206-79c409f1334b}
04-25 09:08:23.843 I/Gecko   (   84): 1398442103854	Marionette	DEBUG	Got request: execute, data: {"to":"0","sessionId":"3-b2g","name":"executeScript","parameters":{"specialPowers":false,"scriptTimeout":null,"newSandbox":true,"args":[],"filename":"gaia_test.py","script":"return window.wrappedJSObject.GridManager.pageHelper.getCurrentPageNumber();","line":784}}, id: {b823a693-6af4-4d88-8a2a-2cb0ccfad5e8}
04-25 09:08:23.953 I/Gecko   (   84): 1398442103960	Marionette	INFO	sendToClient: {"from":"0","value":0}, {b823a693-6af4-4d88-8a2a-2cb0ccfad5e8}, {b823a693-6af4-4d88-8a2a-2cb0ccfad5e8}
04-25 09:08:24.153 I/Gecko   (   84): 1398442104158	Marionette	INFO	sendToClient: {"from":"0","value":["{632f97a8-52b4-42f6-ab48-905ef05a8c29}","{fc91efe6-4fc9-4eb4-8036-dbe742b5e7cd}","{fdffbb44-d4e0-4b63-9dfb-1ca53f59b73c}","{dfce4400-85d5-42b2-9b50-b31791856358}","{2794e7cb-bf22-4ef4-96e9-6e29a7647875}","{e169e93d-a8df-4b90-94e1-672893f1aaa6}","{94ce7644-0136-4898-b3ce-e3182652ee51}","{0151475c-2cc2-409a-8bb2-90e07642f5ee}","{e429ce52-5970-4d94-8e57-82de375332d2}","{8b1801a7-e09e-4940-8f88-bedf9a8a8f8d}","{bea98465-da7e-4826-98d6-9b3684da9382}","{963024b0-0f9e-4a7f-bffb-605676e818f4}","{3f05afcf-9ca5-4638-8c1d-f5dd3d846b66}","{191d31a0-e85b-476c-a1e6-97e272635e09}","{47cc81dc-ceb2-4af6-87a8-ea3cb31bc3b2}","{c0bca1b0-60ab-440c-9ab0-36da82986921}","{690de4a1-afd7-4717-afa0-81c705dc4164}","{088998ee-2162-49b0-8cd7-b4552da5aa27}","{c1f5b427-1662-4297-bff1-b8f0d8080240}","{3bf1c373-e538-43d6-bad7-28c994972de4}","{c2feace5-aff2-440a-b15a-f468dfb2b1a8}","{ca5c0d5a-182f-4d19-ba67-f07c2c9e7624}","{896543c3-ae2d-434a-ad9e-f374d889eb99}","{961638f1-5b05
04-25 09:08:25.143 I/Gecko   (   84): 1398442105148	Marionette	INFO	sendToClient: {"from":"0","value":"app://homescreen.gaiamobile.org/index.html#rootFri%20Apr%2025%202014%2009:08:22%20GMT-0700%20(UTC)"}, {91bbd1ce-dc7e-482c-9963-be5584dc1446}, {91bbd1ce-dc7e-482c-9963-be5584dc1446}
04-25 09:08:25.143 I/Gecko   (   84): 1398442105154	Marionette	DEBUG	Got request: switchToFrame, data: {"to":"0","sessionId":"3-b2g","name":"switchToFrame","parameters":{"id":null,"focus":true}}, id: {deb1dd7b-20a8-448f-8da9-937397e5d0b1}
04-25 09:08:25.183 I/Gecko   (   84): 1398442105187	Marionette	INFO	Switched to frame: {"frameValue":null}
04-25 09:08:25.283 I/Gecko   (   84): 1398442105292	Marionette	INFO	sendToClient: {"from":"0","ok":true}, {deb1dd7b-20a8-448f-8da9-937397e5d0b1}, {deb1dd7b-20a8-448f-8da9-937397e5d0b1}
04-25 09:08:25.293 I/Gecko   (   84): 1398442105297	Marionette	DEBUG	Got request: switchToFrame, data: {"to":"0","sessionId":"3-b2g","name":"switchToFrame","parameters":{"id":null,"focus":true}}, id: {7546b728-30e1-4cab-8b01-5e1f4a3f68c6}
04-25 09:08:25.293 I/Gecko   (   84): 1398442105299	Marionette	INFO	Switched to frame: {"frameValue":null}
04-25 09:08:25.293 E/GeckoConsole(  802): Content JS WARN at app://homescreen.gaiamobile.org/gaia_build_defer_index.js:184 in isHiddenApp: Unexpected role when checking hidden app: undefined
04-25 09:08:25.303 E/GeckoConsole(  802): Content JS WARN at app://homescreen.gaiamobile.org/gaia_build_defer_index.js:184 in isHiddenApp: Unexpected role when checking hidden app: undefined
04-25 09:08:25.303 E/GeckoConsole(  802): Content JS WARN at app://homescreen.gaiamobile.org/gaia_build_defer_index.js:184 in isHiddenApp: Unexpected role when checking hidden app: undefined
04-25 09:08:25.303 E/GeckoConsole(  802): Content JS WARN at app://homescreen.gaiamobile.org/gaia_build_defer_index.js:184 in isHiddenApp: Unexpected role when checking hidden app: undefined
04-25 09:08:25.303 E/GeckoConsole(  802): Content JS WARN at app://homescreen.gaiamobile.org/gaia_build_defer_index.js:184 in isHiddenApp: Unexpected role when checking hidden app: undefined
04-25 09:08:25.303 E/GeckoConsole(  802): Content JS WARN at app://homescreen.gaiamobile.org/gaia_build_defer_index.js:184 in isHiddenApp: Unexpected role when checking hidden app: undefined
04-25 09:08:25.303 E/GeckoConsole(  802): Content JS WARN at app://homescreen.gaiamobile.org/gaia_build_defer_index.js:184 in isHiddenApp: Unexpected role when checking hidden app: undefined
04-25 09:08:25.303 E/GeckoConsole(  802): Content JS WARN at app://homescreen.gaiamobile.org/gaia_build_defer_index.js:184 in isHiddenApp: Unexpected role when checking hidden app: undefined
04-25 09:08:25.303 E/GeckoConsole(  802): Content JS WARN at app://homescreen.gaiamobile.org/gaia_build_defer_index.js:184 in isHiddenApp: Unexpected role when checking hidden app: undefined
04-25 09:08:25.303 E/GeckoConsole(  802): Content JS WARN at app://homescreen.gaiamobile.org/gaia_build_defer_index.js:184 in isHiddenApp: Unexpected role when checking hidden app: undefined
04-25 09:08:25.303 E/GeckoConsole(  802): Content JS WARN at app://homescreen.gaiamobile.org/gaia_build_defer_index.js:184 in isHiddenApp: Unexpected role when checking hidden app: undefined
04-25 09:08:25.303 E/GeckoConsole(  802): Content JS WARN at app://homescreen.gaiamobile.org/gaia_build_defer_index.js:184 in isHiddenApp: Unexpected role when checking hidden app: undefined
04-25 09:08:25.313 E/GeckoConsole(  802): Content JS WARN at app://homescreen.gaiamobile.org/gaia_build_defer_index.js:184 in isHiddenApp: Unexpected role when checking hidden app: undefined
04-25 09:08:25.313 E/GeckoConsole(  802): Content JS WARN at app://homescreen.gaiamobile.org/gaia_build_defer_index.js:184 in isHiddenApp: Unexpected role when checking hidden app: undefined
04-25 09:08:25.313 E/GeckoConsole(  802): Content JS WARN at app://homescreen.gaiamobile.org/gaia_build_defer_index.js:184 in isHiddenApp: Unexpected role when checking hidden app: undefined
04-25 09:08:25.313 E/GeckoConsole(  802): Content JS WARN at app://homescreen.gaiamobile.org/gaia_build_defer_index.js:184 in isHiddenApp: Unexpected role when checking hidden app: undefined
04-25 09:08:25.313 E/GeckoConsole(  802): Content JS WARN at app://homescreen.gaiamobile.org/gaia_build_defer_index.js:184 in isHiddenApp: Unexpected role when checking hidden app: undefined
04-25 09:08:25.313 E/GeckoConsole(  802): Content JS WARN at app://homescreen.gaiamobile.org/gaia_build_defer_index.js:184 in isHiddenApp: Unexpected role when checking hidden app: undefined
04-25 09:08:25.313 E/GeckoConsole(  802): Content JS WARN at app://homescreen.gaiamobile.org/gaia_build_defer_index.js:184 in isHiddenApp: Unexpected role when checking hidden app: undefined
04-25 09:08:25.313 E/GeckoConsole(  802): Content JS WARN at app://homescreen.gaiamobile.org/gaia_build_defer_index.js:184 in isHiddenApp: Unexpected role when checking hidden app: undefined
04-25 09:08:25.313 E/GeckoConsole(  802): Content JS WARN at app://homescreen.gaiamobile.org/gaia_build_defer_index.js:184 in isHiddenApp: Unexpected role when checking hidden app: undefined
04-25 09:08:25.313 E/GeckoConsole(  802): Content JS WARN at app://homescreen.gaiamobile.org/gaia_build_defer_index.js:184 in isHiddenApp: Unexpected role when checking hidden app: undefined
04-25 09:08:25.313 E/GeckoConsole(  802): Content JS WARN at app://homescreen.gaiamobile.org/gaia_build_defer_index.js:184 in isHiddenApp: Unexpected role when checking hidden app: undefined
04-25 09:08:25.313 E/GeckoConsole(  802): Content JS WARN at app://homescreen.gaiamobile.org/gaia_build_defer_index.js:184 in isHiddenApp: Unexpected role when checking hidden app: undefined
04-25 09:08:25.313 E/GeckoConsole(  802): Content JS WARN at app://homescreen.gaiamobile.org/gaia_build_defer_index.js:184 in isHiddenApp: Unexpected role when checking hidden app: undefined
04-25 09:08:25.443 I/Gecko   (   84): 1398442105445	Marionette	INFO	sendToClient: {"from":"0","ok":true}, {7546b728-30e1-4cab-8b01-5e1f4a3f68c6}, {7546b728-30e1-4cab-8b01-5e1f4a3f68c6}
04-25 09:08:25.443 I/Gecko   (   84): 1398442105452	Marionette	DEBUG	Got request: executeWithCallback, data: {"to":"0","sessionId":"3-b2g","name":"executeAsyncScript","parameters":{"specialPowers":false,"scriptTimeout":30000,"newSandbox":true,"args":[],"filename":"app_checker.py","script":"GaiaApps.launchWithManifestURL('http://mobileapps.movistar.com.uy/Chat/manifest.webapp')","line":106}}, id: {6266379a-c89a-4176-a437-9a5e20cecdd7}
04-25 09:08:25.533 E/GeckoConsole(   84): Content JS LOG at dummy file:334 in GaiaApps.launch: launching app with name 'Movistar Chat'
04-25 09:08:25.713 I/Gonk    (   84): Setting nice for pid 810 to 18
04-25 09:08:25.713 I/Gonk    (   84): Changed nice for pid 810 from 18 to 18.
04-25 09:08:25.713 I/Gecko   (   84): [Parent 84] WARNING: waitpid failed pid:810 errno:10: file ../../../gecko/ipc/chromium/src/base/process_util_posix.cc, line 254
04-25 09:08:25.713 I/Gonk    (   84): Setting nice for pid 810 to 1
04-25 09:08:25.723 I/Gonk    (   84): Changed nice for pid 810 from 18 to 1.
04-25 09:08:25.993 E/[Gralloc-ERROR](   84): int gralloc_register_buffer(const gralloc_module_t*, const native_handle_t*):79 Unable to register handle 0x4a4ff650 coming from different process: 84
04-25 09:08:26.013 E/[Gralloc-ERROR](   84): int gralloc_register_buffer(const gralloc_module_t*, const native_handle_t*):79 Unable to register handle 0x4a4ff740 coming from different process: 84
04-25 09:08:26.033 E/[Gralloc-ERROR](   84): int gralloc_register_buffer(const gralloc_module_t*, const native_handle_t*):79 Unable to register handle 0x4a4ffb00 coming from different process: 84
04-25 09:08:26.033 E/[Gralloc-ERROR](   84): int gralloc_register_buffer(const gralloc_module_t*, const native_handle_t*):79 Unable to register handle 0x4a4ffce0 coming from different process: 84
04-25 09:08:26.103 W/WifiHW  (   84): wifi_command: SIGNAL_POLL
04-25 09:08:26.193 D/Sensors (   84): activate handle=0; drv=0
04-25 09:08:26.203 D/Sensors (   84): Lis3dhSensor: Control set 1
04-25 09:08:26.203 D/Sensors (   84): Lis3dhSensor: mEnabled = 1
04-25 09:08:26.273 I/Gonk    (   84): Setting nice for pid 802 to 18
04-25 09:08:26.273 I/Gonk    (   84): Changed nice for pid 802 from 1 to 18.
04-25 09:08:26.683 I/Gonk    (   84): Setting nice for pid 864 to 18
04-25 09:08:26.693 I/Gonk    (   84): Changed nice for pid 864 from 0 to 18.
04-25 09:08:27.523 I/Gecko   (   84): 
04-25 09:08:27.523 I/Gecko   (   84): ###!!! [Parent][MessageChannel] Error: Channel error: cannot send/recv
04-25 09:08:27.523 I/Gecko   (   84): 
04-25 09:08:27.573 I/Gecko   (   84): [Parent 84] WARNING: waitpid failed pid:802 errno:10: file ../../../gecko/ipc/chromium/src/base/process_util_posix.cc, line 254
04-25 09:08:27.793 I/Gecko   (  810): ###################################### forms.js loaded
04-25 09:08:27.833 I/Gecko   (  810): ############################### browserElementPanning.js loaded
04-25 09:08:27.853 I/Gecko   (  810): ######################## BrowserElementChildPreload.js loaded
04-25 09:08:28.923 E/GeckoConsole(  810): [JavaScript Warning: "Error in parsing value for 'cursor'.  Declaration dropped." {file: "http://mobileapps.movistar.com.uy/Chat/" line: 16 column: 87 source: "         .expandable { text-decoration:underline; font-weight:bold; color:navy; cursor:hand; }"}]
04-25 09:08:29.483 I/Gonk    (   84): Setting nice for pid 864 to 18
04-25 09:08:29.483 I/Gonk    (   84): Changed nice for pid 864 from 18 to 18.
04-25 09:08:29.483 I/Gecko   (   84): [Parent 84] WARNING: waitpid failed pid:864 errno:10: file ../../../gecko/ipc/chromium/src/base/process_util_posix.cc, line 254
04-25 09:08:29.483 I/Gonk    (   84): Setting nice for pid 864 to 1
04-25 09:08:29.483 I/Gonk    (   84): Changed nice for pid 864 from 18 to 1.
04-25 09:08:29.503 I/Gonk    (   84): Setting nice for pid 864 to 18
04-25 09:08:29.503 I/Gonk    (   84): Changed nice for pid 864 from 1 to 18.
04-25 09:08:29.573 I/Gecko   (   84): [Parent 84] WARNING: waitpid failed pid:802 errno:10: file ../../../gecko/ipc/chromium/src/base/process_util_posix.cc, line 254
04-25 09:08:29.573 I/Gecko   (   84): [Parent 84] WARNING: Failed to deliver SIGKILL to 802!(3).: file ../../../gecko/ipc/chromium/src/chrome/common/process_watcher_posix_sigchld.cc, line 118
04-25 09:08:29.733 I/Gecko   (   84): 1398442109742	Marionette	INFO	sendToClient: {"from":"0","value":{"frame":{"ELEMENT":"{7c78bdf8-bec1-4d78-91e4-c79d651a57b3}"},"src":"http://mobileapps.movistar.com.uy/Chat/","name":"Movistar Chat","origin":"http://mobileapps.movistar.com.uy"}}, {6266379a-c89a-4176-a437-9a5e20cecdd7}, {6266379a-c89a-4176-a437-9a5e20cecdd7}
04-25 09:08:29.743 E/GeckoConsole(   84): Content JS LOG at dummy file:326 in GaiaApps.launch/appOpen/<: app with origin 'http://mobileapps.movistar.com.uy' has launched
04-25 09:08:29.883 E/[Gralloc-ERROR](   84): int gralloc_unregister_buffer(const gralloc_module_t*, const native_handle_t*):274 Trying to unregister buffer 0x4a4ff740 from process 84 that was not created in current process: 84
04-25 09:08:29.883 E/[Gralloc-ERROR](   84): int gralloc_unregister_buffer(const gralloc_module_t*, const native_handle_t*):274 Trying to unregister buffer 0x4a4ff650 from process 84 that was not created in current process: 84
04-25 09:08:29.883 E/[Gralloc-ERROR](   84): int gralloc_unregister_buffer(const gralloc_module_t*, const native_handle_t*):274 Trying to unregister buffer 0x4a4ffce0 from process 84 that was not created in current process: 84
04-25 09:08:29.883 E/[Gralloc-ERROR](   84): int gralloc_unregister_buffer(const gralloc_module_t*, const native_handle_t*):274 Trying to unregister buffer 0x4a4ffb00 from process 84 that was not created in current process: 84
04-25 09:08:29.933 I/Gecko   (   84): 1398442109938	Marionette	DEBUG	Got request: switchToFrame, data: {"to":"0","sessionId":"3-b2g","name":"switchToFrame","parameters":{"focus":true,"element":"{7c78bdf8-bec1-4d78-91e4-c79d651a57b3}"}}, id: {1e01b7a1-0f12-4f2a-a1f4-21e1c12e3ffa}
04-25 09:08:29.943 I/Gecko   (   84): 1398442109954	Marionette	INFO	Switched to frame: {"frameValue":"{7c78bdf8-bec1-4d78-91e4-c79d651a57b3}"}
04-25 09:08:29.953 I/Gecko   (   84): 1398442109957	Marionette	INFO	trying remote frame 0
04-25 09:08:29.953 I/Gecko   (   84): 1398442109959	Marionette	INFO	deleting frame
04-25 09:08:29.953 I/Gecko   (   84): 1398442109964	Marionette	INFO	frame-manager load script: [object ChromeMessageSender]
04-25 09:08:30.443 I/log     (  880): <4>0[ 174.357959] select 864 ((Preallocated a), adj 8, size 2946, to kill 
04-25 09:08:30.523 I/Gecko   (   84): 1398442110530	Marionette	INFO	sendToClient: {"from":"0","ok":true}, {1e01b7a1-0f12-4f2a-a1f4-21e1c12e3ffa}, {1e01b7a1-0f12-4f2a-a1f4-21e1c12e3ffa}
04-25 09:08:30.563 I/Gecko   (   84): 1398442110565	Marionette	INFO	sendToClient: {"from":"0","value":"http://mobileapps.movistar.com.uy/Chat/"}, {de9ef3bf-5aa4-418a-87e8-de610f2a176c}, {de9ef3bf-5aa4-418a-87e8-de610f2a176c}
04-25 09:08:30.563 I/Gecko   (   84): 
04-25 09:08:30.563 I/Gecko   (   84): ###!!! [Parent][MessageChannel] Error: Channel error: cannot send/recv
04-25 09:08:30.563 I/Gecko   (   84): 
04-25 09:08:30.633 I/Gecko   (   84): [Parent 84] WARNING: waitpid failed pid:864 errno:10: file ../../../gecko/ipc/chromium/src/base/process_util_posix.cc, line 254
04-25 09:08:30.643 I/Gecko   (   84): 1398442110645	Marionette	DEBUG	Got request: execute, data: {"to":"0","sessionId":"3-b2g","name":"executeScript","parameters":{"specialPowers":false,"scriptTimeout":null,"newSandbox":true,"args":[],"filename":"app_checker.py","script":"return window.document.readyState;","line":191}}, id: {e970f1ea-da4c-4f0a-aa10-6b1c6a004790}
04-25 09:08:30.703 I/Gecko   (   84): 1398442110710	Marionette	INFO	sendToClient: {"from":"0","value":"complete"}, {e970f1ea-da4c-4f0a-aa10-6b1c6a004790}, {e970f1ea-da4c-4f0a-aa10-6b1c6a004790}
04-25 09:08:30.713 I/Gecko   (   84): 1398442110718	Marionette	INFO	sendToClient: {"from":"0","value":"http://mobileapps.movistar.com.uy/Chat/"}, {8e1dcfc3-9305-4f7e-806d-f2f93ec29d62}, {8e1dcfc3-9305-4f7e-806d-f2f93ec29d62}
04-25 09:08:30.723 I/Gecko   (  810): Attempting load of libEGL.so
04-25 09:08:30.743 D/libEGL  (  810): loaded /system/lib/egl/libEGL_mali.so
04-25 09:08:30.793 D/libEGL  (  810): loaded /system/lib/egl/libGLESv1_CM_mali.so
04-25 09:08:30.803 D/libEGL  (  810): loaded /system/lib/egl/libGLESv2_mali.so
04-25 09:08:30.823 I/Gecko   (  810): SharedSurface_Gralloc::Create -------
04-25 09:08:30.843 I/Gecko   (  810): SharedSurface_Gralloc::Create: success -- surface 0x43d93a00, GraphicBuffer 0x43d8a700.
04-25 09:08:31.973 W/WifiHW  (   84): wifi_command: SIGNAL_POLL
04-25 09:08:32.103 I/Gecko   (   84): 1398442112112	Marionette	INFO	sendToClient: {"from":"0","value":"iVBORw0KGgoAAAANSUhEUgAAAUAAAAHMCAYAAACk4nEJAAAgAElEQVR4nOydeXgVRdr2K5CQlYARgRDCzrDJGha3YRlRZtR5AYFRh0GGVwUBUT5RNIhDECRBhgQGMiCETQQGRUQHlR00QMAAYQ+RAAECJGwhhGwk59zfH/12p7tPVXf1OScLOfW7rnMp3V1VTz1VfafXuwkEAoHAQyGVHYBAIBBUFkIABQKBxyIEUCAQeCxCAAUCgcciBFAgEHgsQgAFAoHHIgRQIBB4LEIABQKBxyIEUCAQeCxCAAUCgcciBFAgEHgsQgAFAoHHIgRQIBB4LEIABQKBxyIEUCAQeCxCAAUCgcciBFAgEHgsQgAFAoHHIgRQUL0pLQXWrwcuXqzsSARVECGAAtdJTgb+9S/g2rXKjsSRQ4cAQoCWLSs7EkEVRAigwDWys4FatSSReeaZyo7GkdmzpdhGj67sSARVEGsCeP06MH06MGQI0K0b0KcP8OabwE8/AXZ7+UT4IPLjj8AHHxj/9uyp7CjdQ0YG4O0ticyTT5Z/ezNmSPnbsoVv+wEDpNj+8x/X6xJUO/gF8KuvgKAgaTLRfr//PXD5cjmG+gDxwQfsPMm/tWsrO0r3ceYMsGoVkJNT/m116iTl76OPzLctLgYCAqTts7Jcq0tQLeETwBMnAD8/abL88Y/A3r3Sqc/Bg0BcHBASAtSoAfzwQzmH+4AgC2CTJtLRMe1382ZlR/lg8sIL/KL1yy/Sto8+6npdgmoJnwB+9JE0URo3BoqKHNdnZQH//a+bQ3uAkQWwQ4fKjqT6MX48v2hFRUnbvv2263UJqiV8AjhwoDRRBgyw3sL9+9IdwscfBxo2BHr1AsaOBY4fp28/Zw4wfDhw4ABw65Z08bpJE+B3vwM++0xa9+mn7Pbef1/a5ptvyi+Oe/eM++yMAPK0xxuTzQasXg08+ywQHg
04-25 09:08:32.363 I/Gecko   (   84): 1398442112373	Marionette	INFO	sendToClient: {"from":"0","ok":true}, {aefca760-f968-42aa-b769-190ba8b153ab}, {aefca760-f968-42aa-b769-190ba8b153ab}
04-25 09:08:32.373 I/Gecko   (   84): 1398442112381	Marionette	DEBUG	Got request: switchToFrame, data: {"to":"0","sessionId":"3-b2g","name":"switchToFrame","parameters":{"id":null,"focus":true}}, id: {79e7f476-3d3d-4e56-9f95-51b9be342e6f}
04-25 09:08:32.383 I/Gecko   (   84): 1398442112394	Marionette	INFO	Switched to frame: {"frameValue":null}
04-25 09:08:32.493 I/Gecko   (   84): 1398442112498	Marionette	INFO	sendToClient: {"from":"0","ok":true}, {79e7f476-3d3d-4e56-9f95-51b9be342e6f}, {79e7f476-3d3d-4e56-9f95-51b9be342e6f}
04-25 09:08:32.493 I/Gecko   (   84): 1398442112504	Marionette	DEBUG	Got request: executeWithCallback, data: {"to":"0","sessionId":"3-b2g","name":"executeAsyncScript","parameters":{"specialPowers":false,"scriptTimeout":null,"newSandbox":true,"args":[],"filename":"gaia_test.py","script":"return GaiaApps.displayedApp();","line":66}}, id: {d5047cec-a041-4dc7-8e26-ad1b9b36de04}
04-25 09:08:32.563 I/Gecko   (   84): 1398442112570	Marionette	INFO	sendToClient: {"from":"0","value":{"frame":{"ELEMENT":"{7c78bdf8-bec1-4d78-91e4-c79d651a57b3}"},"src":"http://mobileapps.movistar.com.uy/Chat/","name":"Movistar Chat","origin":"http://mobileapps.movistar.com.uy"}}, {d5047cec-a041-4dc7-8e26-ad1b9b36de04}, {d5047cec-a041-4dc7-8e26-ad1b9b36de04}
04-25 09:08:32.573 I/Gecko   (   84): 1398442112576	Marionette	DEBUG	Got request: switchToFrame, data: {"to":"0","sessionId":"3-b2g","name":"switchToFrame","parameters":{"id":null,"focus":true}}, id: {30b8298a-9eb3-494d-9590-596272cb8754}
04-25 09:08:32.573 I/Gecko   (   84): 1398442112578	Marionette	INFO	Switched to frame: {"frameValue":null}
04-25 09:08:32.573 E/GeckoConsole(   84): Content JS LOG at dummy file:392 in GaiaApps.displayedApp: app with origin 'http://mobileapps.movistar.com.uy' is displayed
04-25 09:08:32.633 I/Gecko   (   84): [Parent 84] WARNING: waitpid failed pid:864 errno:10: file ../../../gecko/ipc/chromium/src/base/process_util_posix.cc, line 254
04-25 09:08:32.633 I/Gecko   (   84): [Parent 84] WARNING: Failed to deliver SIGKILL to 864!(3).: file ../../../gecko/ipc/chromium/src/chrome/common/process_watcher_posix_sigchld.cc, line 118
04-25 09:08:32.673 I/Gecko   (   84): 1398442112680	Marionette	INFO	sendToClient: {"from":"0","ok":true}, {30b8298a-9eb3-494d-9590-596272cb8754}, {30b8298a-9eb3-494d-9590-596272cb8754}
04-25 09:08:32.683 I/Gecko   (   84): 1398442112688	Marionette	DEBUG	Got request: execute, data: {"to":"0","sessionId":"3-b2g","name":"executeScript","parameters":{"specialPowers":false,"scriptTimeout":null,"newSandbox":true,"args":[],"filename":"gaia_test.py","script":"window.wrappedJSObject.dispatchEvent(new Event('home'));","line":788}}, id: {81980764-4ae3-473b-ae92-b299a52931c4}
04-25 09:08:32.813 D/Sensors (   84): activate handle=0; drv=0
04-25 09:08:32.823 D/Sensors (   84): Lis3dhSensor: Control set 0
04-25 09:08:32.823 D/Sensors (   84): Lis3dhSensor: mEnabled = 0
04-25 09:08:32.873 I/Gonk    (   84): Setting nice for pid 884 to 18
04-25 09:08:32.873 I/Gonk    (   84): Changed nice for pid 884 from 0 to 18.
04-25 09:08:32.893 I/Gecko   (   84): 1398442112898	Marionette	INFO	sendToClient: {"from":"0","value":null}, {81980764-4ae3-473b-ae92-b299a52931c4}, {81980764-4ae3-473b-ae92-b299a52931c4}
04-25 09:08:32.913 I/Gonk    (   84): Setting nice for pid 884 to 18
04-25 09:08:32.913 I/Gonk    (   84): Changed nice for pid 884 from 0 to 18.
04-25 09:08:32.913 I/Gecko   (   84): [Parent 84] WARNING: waitpid failed pid:884 errno:10: file ../../../gecko/ipc/chromium/src/base/process_util_posix.cc, line 254
04-25 09:08:32.923 I/Gonk    (   84): Setting nice for pid 884 to 1
04-25 09:08:32.923 I/Gonk    (   84): Changed nice for pid 884 from 18 to 1.
04-25 09:08:32.933 I/Gecko   (   84): 1398442112942	Marionette	DEBUG	Got request: switchToFrame, data: {"to":"0","sessionId":"3-b2g","name":"switchToFrame","parameters":{"id":null,"focus":true}}, id: {981167fe-ba58-4f5a-8804-fe57093074f6}
04-25 09:08:32.953 I/Gecko   (   84): 1398442112961	Marionette	INFO	Switched to frame: {"frameValue":null}
04-25 09:08:33.053 I/Gecko   (   84): 1398442113063	Marionette	INFO	sendToClient: {"from":"0","ok":true}, {981167fe-ba58-4f5a-8804-fe57093074f6}, {981167fe-ba58-4f5a-8804-fe57093074f6}
04-25 09:08:33.063 I/Gecko   (   84): 1398442113069	Marionette	DEBUG	Got request: executeWithCallback, data: {"to":"0","sessionId":"3-b2g","name":"executeAsyncScript","parameters":{"specialPowers":false,"scriptTimeout":null,"newSandbox":true,"args":[],"filename":"gaia_test.py","script":"return GaiaApps.displayedApp();","line":66}}, id: {7aebf475-0064-4670-976c-32642e376f19}
04-25 09:08:33.113 I/Gecko   (   84): 1398442113117	Marionette	INFO	sendToClient: {"from":"0","value":{"frame":{"ELEMENT":"{5ad408a3-98e2-4e62-a6bb-c139c31b55b4}"},"src":"app://homescreen.gaiamobile.org/index.html#root","name":"Homescreen","origin":"app://homescreen.gaiamobile.org"}}, {7aebf475-0064-4670-976c-32642e376f19}, {7aebf475-0064-4670-976c-32642e376f19}
04-25 09:08:33.123 E/GeckoConsole(   84): Content JS LOG at dummy file:392 in GaiaApps.displayedApp: app with origin 'app://homescreen.gaiamobile.org' is displayed
04-25 09:08:33.123 I/Gecko   (   84): 1398442113131	Marionette	DEBUG	Got request: switchToFrame, data: {"to":"0","sessionId":"3-b2g","name":"switchToFrame","parameters":{"id":null,"focus":true}}, id: {b132a771-f74b-46c8-bcb3-49f28cf16322}
04-25 09:08:33.123 I/Gecko   (   84): 1398442113133	Marionette	INFO	Switched to frame: {"frameValue":null}
04-25 09:08:33.233 I/Gecko   (   84): 1398442113236	Marionette	INFO	sendToClient: {"from":"0","ok":true}, {b132a771-f74b-46c8-bcb3-49f28cf16322}, {b132a771-f74b-46c8-bcb3-49f28cf16322}
04-25 09:08:33.233 I/Gecko   (   84): 1398442113242	Marionette	DEBUG	Got request: switchToFrame, data: {"to":"0","sessionId":"3-b2g","name":"switchToFrame","parameters":{"id":null,"focus":true}}, id: {7b7a0ac9-4bc6-4a7c-8f7f-436cdd4fd30e}
04-25 09:08:33.233 I/Gecko   (   84): 1398442113244	Marionette	INFO	Switched to frame: {"frameValue":null}
04-25 09:08:33.363 I/Gecko   (   84): 1398442113366	Marionette	INFO	sendToClient: {"from":"0","ok":true}, {7b7a0ac9-4bc6-4a7c-8f7f-436cdd4fd30e}, {7b7a0ac9-4bc6-4a7c-8f7f-436cdd4fd30e}
04-25 09:08:33.363 I/Gecko   (   84): 1398442113373	Marionette	DEBUG	Got request: executeWithCallback, data: {"to":"0","sessionId":"3-b2g","name":"executeAsyncScript","parameters":{"specialPowers":false,"scriptTimeout":null,"newSandbox":true,"args":[],"filename":"gaia_test.py","script":"return GaiaApps.displayedApp();","line":66}}, id: {7d827313-fa27-4711-aec2-ec4abbced103}
04-25 09:08:33.433 E/GeckoConsole(   84): Content JS LOG at dummy file:392 in GaiaApps.displayedApp: app with origin 'app://homescreen.gaiamobile.org' is displayed
04-25 09:08:33.433 I/Gecko   (   84): 1398442113437	Marionette	INFO	sendToClient: {"from":"0","value":{"frame":{"ELEMENT":"{5ad408a3-98e2-4e62-a6bb-c139c31b55b4}"},"src":"app://homescreen.gaiamobile.org/index.html#root","name":"Homescreen","origin":"app://homescreen.gaiamobile.org"}}, {7d827313-fa27-4711-aec2-ec4abbced103}, {7d827313-fa27-4711-aec2-ec4abbced103}
04-25 09:08:33.433 I/Gecko   (   84): 1398442113443	Marionette	DEBUG	Got request: switchToFrame, data: {"to":"0","sessionId":"3-b2g","name":"switchToFrame","parameters":{"focus":true,"element":"{5ad408a3-98e2-4e62-a6bb-c139c31b55b4}"}}, id: {9e61d837-35e3-45ac-9ccb-3561e3f48d08}
04-25 09:08:33.443 I/Gecko   (   84): 1398442113450	Marionette	INFO	Switched to frame: {"frameValue":"{5ad408a3-98e2-4e62-a6bb-c139c31b55b4}"}
04-25 09:08:33.453 I/Gecko   (   84): 1398442113457	Marionette	INFO	trying remote frame 0
04-25 09:08:33.453 I/Gecko   (   84): 1398442113459	Marionette	INFO	deleting frame
04-25 09:08:33.453 I/Gecko   (   84): 1398442113464	Marionette	INFO	frame-manager load script: [object ChromeMessageSender]
04-25 09:08:34.103 I/Gonk    (   84): Setting nice for pid 894 to 18
04-25 09:08:34.103 I/Gonk    (   84): Changed nice for pid 894 from 0 to 18.
04-25 09:08:34.233 E/[Gralloc-ERROR](   84): int gralloc_register_buffer(const gralloc_module_t*, const native_handle_t*):79 Unable to register handle 0x450a26a0 coming from different process: 84
04-25 09:08:34.243 E/[Gralloc-ERROR](   84): int gralloc_register_buffer(const gralloc_module_t*, const native_handle_t*):79 Unable to register handle 0x450a2790 coming from different process: 84
04-25 09:08:34.653 E/[Gralloc-ERROR](   84): int gralloc_unregister_buffer(const gralloc_module_t*, const native_handle_t*):274 Trying to unregister buffer 0x450a2790 from process 84 that was not created in current process: 84
04-25 09:08:34.653 E/[Gralloc-ERROR](   84): int gralloc_unregister_buffer(const gralloc_module_t*, const native_handle_t*):274 Trying to unregister buffer 0x450a26a0 from process 84 that was not created in current process: 84
04-25 09:08:34.943 I/Gonk    (   84): Setting nice for pid 810 to 18
04-25 09:08:34.943 I/Gonk    (   84): Changed nice for pid 810 from 1 to 18.
04-25 09:08:35.733 I/Gecko   (  884): ###################################### forms.js loaded
04-25 09:08:35.763 I/Gecko   (  884): ############################### browserElementPanning.js loaded
04-25 09:08:35.823 I/Gecko   (  884): ######################## BrowserElementChildPreload.js loaded
04-25 09:08:36.543 I/Gecko   (   84): 
04-25 09:08:36.543 I/Gecko   (   84): ###!!! [Parent][MessageChannel] Error: Channel error: cannot send/recv
04-25 09:08:36.543 I/Gecko   (   84): 
04-25 09:08:36.663 I/Gecko   (   84): [Parent 84] WARNING: waitpid failed pid:810 errno:10: file ../../../gecko/ipc/chromium/src/base/process_util_posix.cc, line 254
04-25 09:08:37.003 W/WifiHW  (   84): wifi_command: SIGNAL_POLL
04-25 09:08:37.453 I/Gecko   (   84): 1398442117461	Marionette	INFO	sendToClient: {"from":"0","ok":true}, {9e61d837-35e3-45ac-9ccb-3561e3f48d08}, {9e61d837-35e3-45ac-9ccb-3561e3f48d08}
04-25 09:08:38.043 I/Gecko   (   84): 1398442118047	Marionette	INFO	sendToClient: {"from":"0","value":"app://homescreen.gaiamobile.org/index.html#root"}, {af6e834c-1449-40db-8927-947d505a5841}, {af6e834c-1449-40db-8927-947d505a5841}
04-25 09:08:38.153 I/Gecko   (   84): 1398442118158	Marionette	DEBUG	Got request: switchToFrame, data: {"to":"0","sessionId":"3-b2g","name":"switchToFrame","parameters":{"id":null,"focus":true}}, id: {02ebec83-9cfb-4746-883f-3a69c43c17c8}
04-25 09:08:38.173 I/Gecko   (   84): 1398442118179	Marionette	INFO	Switched to frame: {"frameValue":null}
04-25 09:08:38.283 I/Gecko   (   84): 1398442118288	Marionette	INFO	sendToClient: {"from":"0","ok":true}, {02ebec83-9cfb-4746-883f-3a69c43c17c8}, {02ebec83-9cfb-4746-883f-3a69c43c17c8}
04-25 09:08:38.283 I/Gecko   (   84): 1398442118293	Marionette	DEBUG	Got request: switchToFrame, data: {"to":"0","sessionId":"3-b2g","name":"switchToFrame","parameters":{"id":null,"focus":true}}, id: {ff9e5e0b-b5fd-455f-b898-c6fd6d0e160a}
04-25 09:08:38.303 I/Gecko   (   84): 1398442118306	Marionette	INFO	Switched to frame: {"frameValue":null}
04-25 09:08:38.403 I/Gecko   (   84): 1398442118408	Marionette	INFO	sendToClient: {"from":"0","ok":true}, {ff9e5e0b-b5fd-455f-b898-c6fd6d0e160a}, {ff9e5e0b-b5fd-455f-b898-c6fd6d0e160a}
04-25 09:08:38.403 I/Gecko   (   84): 1398442118414	Marionette	DEBUG	Got request: executeWithCallback, data: {"to":"0","sessionId":"3-b2g","name":"executeAsyncScript","parameters":{"specialPowers":false,"scriptTimeout":null,"newSandbox":true,"args":[],"filename":"gaia_test.py","script":"GaiaApps.killAll()","line":91}}, id: {ff4ec957-e771-4c3d-ac92-1152df9c0c9e}
04-25 09:08:38.453 I/Gecko   (   84): 1398442118461	Marionette	INFO	sendToClient: {"from":"0","value":true}, {ff4ec957-e771-4c3d-ac92-1152df9c0c9e}, {ff4ec957-e771-4c3d-ac92-1152df9c0c9e}
04-25 09:08:38.463 I/Gecko   (   84): 1398442118469	Marionette	DEBUG	Got request: switchToFrame, data: {"to":"0","sessionId":"3-b2g","name":"switchToFrame","parameters":{"id":null,"focus":true}}, id: {f8249c89-a988-42bd-b6bf-bd5cb7e97549}
04-25 09:08:38.463 I/Gecko   (   84): 1398442118471	Marionette	INFO	Switched to frame: {"frameValue":null}
04-25 09:08:38.573 I/Gecko   (   84): 1398442118576	Marionette	INFO	sendToClient: {"from":"0","ok":true}, {f8249c89-a988-42bd-b6bf-bd5cb7e97549}, {f8249c89-a988-42bd-b6bf-bd5cb7e97549}
04-25 09:08:38.573 I/Gecko   (   84): 1398442118582	Marionette	DEBUG	Got request: executeWithCallback, data: {"to":"0","sessionId":"3-b2g","name":"executeAsyncScript","parameters":{"specialPowers":false,"scriptTimeout":60000,"newSandbox":true,"args":[],"filename":"app_checker.py","script":"\n        GaiaApps.locateWithManifestURL('http://mobileapps.movistar.com.uy/Chat/manifest.webapp',\n                                       null,\n                                       function uninstall(app) {\n                                       navigator.mozApps.mgmt.uninstall(app);\n                                       marionetteScriptFinished(true);\n                                       });\n        ","line":129}}, id: {3a2643f7-194a-4cb5-a2d3-b75a57989e77}
04-25 09:08:38.603 I/Gecko   (   84): -- webapps.js uninstall http://mobileapps.movistar.com.uy/Chat/manifest.webapp
04-25 09:08:38.663 I/Gecko   (   84): [Parent 84] WARNING: waitpid failed pid:810 errno:10: file ../../../gecko/ipc/chromium/src/base/process_util_posix.cc, line 254
04-25 09:08:38.663 I/Gecko   (   84): [Parent 84] WARNING: Failed to deliver SIGKILL to 810!(3).: file ../../../gecko/ipc/chromium/src/chrome/common/process_watcher_posix_sigchld.cc, line 118
04-25 09:08:39.073 I/Gecko   (   84): 1398442119077	Marionette	INFO	sendToClient: {"from":"0","value":true}, {3a2643f7-194a-4cb5-a2d3-b75a57989e77}, {3a2643f7-194a-4cb5-a2d3-b75a57989e77}
04-25 09:08:39.703 I/GeckoDump(   84): XXX FIXME : Got a mozContentEvent: inputmethod-update-layouts