--------- beginning of /dev/log/main
04-27 13:43:11.905 I/Gecko   (   84): 1398631391916	Marionette	INFO	sendToClient: {"from":"0","ok":true}, {1dccd863-49c4-42d0-bec0-f882357e846f}, {1dccd863-49c4-42d0-bec0-f882357e846f}
04-27 13:43:11.915 V/AudioPolicyManagerBase(   89): startOutput() output 1, stream 1, session 3
04-27 13:43:11.915 V/AudioPolicyManagerBase(   89): changeRefCount() stream 1, count 1
04-27 13:43:11.915 V/AudioPolicyManagerBase(   89): getDeviceForStrategy() from cache strategy 0, device 2
04-27 13:43:11.915 V/AudioPolicyManagerBase(   89): getNewDevice() selected device 2
04-27 13:43:11.915 D/AudioPolicyManagerBase(   89): setOutputDevice() output 1 device 2 delayMs 0
04-27 13:43:11.915 V/AudioPolicyManagerBase(   89): setOutputDevice() setting same device 2 or null device for output 1
04-27 13:43:11.915 E/AudioPolicyManagerBase(   89): checkAndSetVolume stream=1, index=0, output=1, device=2
04-27 13:43:11.915 E/AudioPolicyManagerBase(   89): computeVolume, streamDesc=0x13e3bb8
04-27 13:43:11.945 I/Gecko   (   84): 1398631391958	Marionette	DEBUG	Got request: switchToFrame, data: {"to":"0","sessionId":"3-b2g","name":"switchToFrame","parameters":{"id":null,"focus":true}}, id: {7e7c1a66-550f-4ced-bd4e-58cd394af129}
04-27 13:43:11.965 I/Gecko   (   84): 1398631391977	Marionette	INFO	Switched to frame: {"frameValue":null}
04-27 13:43:11.975 W/AudioFlinger(   89): Thread AudioOut_1 cannot connect to the power manager service
04-27 13:43:11.975 V/AudioPolicyManagerBase(   89): stopOutput() output 1, stream 1, session 3
04-27 13:43:11.975 V/AudioPolicyManagerBase(   89): changeRefCount() stream 1, count 0
04-27 13:43:11.975 V/AudioPolicyManagerBase(   89): getNewDevice() selected device 0
04-27 13:43:11.975 D/AudioPolicyManagerBase(   89): setOutputDevice() output 1 device 0 delayMs 290
04-27 13:43:11.975 V/AudioPolicyManagerBase(   89): setOutputDevice() setting same device 0 or null device for output 1
04-27 13:43:11.995 V/AudioPolicyManagerBase(   89): startOutput() output 1, stream 1, session 3
04-27 13:43:11.995 V/AudioPolicyManagerBase(   89): changeRefCount() stream 1, count 1
04-27 13:43:11.995 V/AudioPolicyManagerBase(   89): getDeviceForStrategy() from cache strategy 0, device 2
04-27 13:43:11.995 V/AudioPolicyManagerBase(   89): getNewDevice() selected device 2
04-27 13:43:11.995 D/AudioPolicyManagerBase(   89): setOutputDevice() output 1 device 2 delayMs 0
04-27 13:43:11.995 V/AudioPolicyManagerBase(   89): setOutputDevice() setting same device 2 or null device for output 1
04-27 13:43:11.995 E/AudioPolicyManagerBase(   89): checkAndSetVolume stream=1, index=0, output=1, device=2
04-27 13:43:11.995 E/AudioPolicyManagerBase(   89): computeVolume, streamDesc=0x13e3bb8
04-27 13:43:11.995 V/AudioPolicyManagerBase(   89): stopOutput() output 1, stream 1, session 3
04-27 13:43:11.995 V/AudioPolicyManagerBase(   89): changeRefCount() stream 1, count 0
04-27 13:43:11.995 V/AudioPolicyManagerBase(   89): getNewDevice() selected device 0
04-27 13:43:11.995 D/AudioPolicyManagerBase(   89): setOutputDevice() output 1 device 0 delayMs 290
04-27 13:43:11.995 V/AudioPolicyManagerBase(   89): setOutputDevice() setting same device 0 or null device for output 1
04-27 13:43:12.015 V/AudioPolicyManagerBase(   89): releaseOutput() 1
04-27 13:43:12.075 I/Gecko   (   84): 1398631392084	Marionette	INFO	sendToClient: {"from":"0","ok":true}, {7e7c1a66-550f-4ced-bd4e-58cd394af129}, {7e7c1a66-550f-4ced-bd4e-58cd394af129}
04-27 13:43:12.075 I/Gecko   (   84): 1398631392089	Marionette	DEBUG	Got request: executeWithCallback, data: {"to":"0","sessionId":"3-b2g","name":"executeAsyncScript","parameters":{"specialPowers":false,"scriptTimeout":null,"newSandbox":true,"args":[],"filename":"gaia_test.py","script":"return GaiaApps.displayedApp();","line":66}}, id: {3dfb56d0-935c-403c-a2f1-15200e754d7e}
04-27 13:43:12.195 E/GeckoConsole(   84): Content JS LOG at dummy file:392 in GaiaApps.displayedApp: app with origin 'app://homescreen.gaiamobile.org' is displayed
04-27 13:43:12.195 I/Gecko   (   84): 1398631392209	Marionette	INFO	sendToClient: {"from":"0","value":{"frame":{"ELEMENT":"{1d644dc4-5372-4cc3-bf2a-b0274dea4e4c}"},"src":"app://homescreen.gaiamobile.org/index.html#root","name":"Homescreen","origin":"app://homescreen.gaiamobile.org"}}, {3dfb56d0-935c-403c-a2f1-15200e754d7e}, {3dfb56d0-935c-403c-a2f1-15200e754d7e}
04-27 13:43:12.225 I/Gecko   (   84): 1398631392233	Marionette	DEBUG	Got request: switchToFrame, data: {"to":"0","sessionId":"3-b2g","name":"switchToFrame","parameters":{"id":null,"focus":true}}, id: {332881b8-a012-4ff9-aacc-fa74a9e879db}
04-27 13:43:12.225 I/Gecko   (   84): 1398631392235	Marionette	INFO	Switched to frame: {"frameValue":null}
04-27 13:43:12.325 I/Gecko   (   84): 1398631392337	Marionette	INFO	sendToClient: {"from":"0","ok":true}, {332881b8-a012-4ff9-aacc-fa74a9e879db}, {332881b8-a012-4ff9-aacc-fa74a9e879db}
04-27 13:43:12.335 I/Gecko   (   84): 1398631392347	Marionette	DEBUG	Got request: switchToFrame, data: {"to":"0","sessionId":"3-b2g","name":"switchToFrame","parameters":{"id":null,"focus":true}}, id: {76b52d95-381f-46c5-ae1d-bcdb275fec83}
04-27 13:43:12.345 E/GeckoConsole( 1022): Content JS ERROR at app://homescreen.gaiamobile.org/gaia_build_defer_index.js:390 in loadSVConfFileError: Failed parsing singleVariant configuration file [js/singlevariantconf.json]:  [Exception... "File error: Not found"  nsresult: "0x80520012 (NS_ERROR_FILE_NOT_FOUND)"  location: "JS frame :: app://homescreen.gaiamobile.org/gaia_build_defer_index.js :: loadFile :: line 382"  data: no]
04-27 13:43:12.345 I/Gecko   (   84): 1398631392358	Marionette	INFO	Switched to frame: {"frameValue":null}
04-27 13:43:12.445 I/Gecko   (   84): 1398631392460	Marionette	INFO	sendToClient: {"from":"0","ok":true}, {76b52d95-381f-46c5-ae1d-bcdb275fec83}, {76b52d95-381f-46c5-ae1d-bcdb275fec83}
04-27 13:43:12.455 I/Gecko   (   84): 1398631392466	Marionette	DEBUG	Got request: executeWithCallback, data: {"to":"0","sessionId":"3-b2g","name":"executeAsyncScript","parameters":{"specialPowers":false,"scriptTimeout":null,"newSandbox":true,"args":[],"filename":"gaia_test.py","script":"return GaiaApps.displayedApp();","line":66}}, id: {4be4c5a2-0dda-4a52-994a-71c48c442293}
04-27 13:43:12.505 E/GeckoConsole(   84): Content JS LOG at dummy file:392 in GaiaApps.displayedApp: app with origin 'app://homescreen.gaiamobile.org' is displayed
04-27 13:43:12.515 I/Gecko   (   84): 1398631392530	Marionette	INFO	sendToClient: {"from":"0","value":{"frame":{"ELEMENT":"{1d644dc4-5372-4cc3-bf2a-b0274dea4e4c}"},"src":"app://homescreen.gaiamobile.org/index.html#root","name":"Homescreen","origin":"app://homescreen.gaiamobile.org"}}, {4be4c5a2-0dda-4a52-994a-71c48c442293}, {4be4c5a2-0dda-4a52-994a-71c48c442293}
04-27 13:43:12.525 I/Gecko   (   84): 1398631392538	Marionette	DEBUG	Got request: switchToFrame, data: {"to":"0","sessionId":"3-b2g","name":"switchToFrame","parameters":{"focus":true,"element":"{1d644dc4-5372-4cc3-bf2a-b0274dea4e4c}"}}, id: {93ebd814-876a-41db-b0bd-9d540b3794e6}
04-27 13:43:12.575 I/Gecko   (   84): 1398631392584	Marionette	INFO	Switched to frame: {"frameValue":"{1d644dc4-5372-4cc3-bf2a-b0274dea4e4c}"}
04-27 13:43:12.575 I/Gecko   (   84): 1398631392588	Marionette	INFO	trying remote frame 0
04-27 13:43:12.575 I/Gecko   (   84): 1398631392590	Marionette	INFO	deleting frame
04-27 13:43:12.595 I/Gecko   (   84): 1398631392607	Marionette	INFO	frame-manager load script: [object ChromeMessageSender]
04-27 13:43:12.935 I/Gecko   (   84): 1398631392946	Marionette	INFO	sendToClient: {"from":"0","ok":true}, {93ebd814-876a-41db-b0bd-9d540b3794e6}, {93ebd814-876a-41db-b0bd-9d540b3794e6}
04-27 13:43:13.245 I/Gecko   (   84): 1398631393259	Marionette	INFO	sendToClient: {"from":"0","value":{"ELEMENT":"{18ae9430-3422-4bac-9ab3-e370e47b9f7b}"}}, {ea3bd58c-4ada-41cf-a05d-fb6cbc3c96b0}, {ea3bd58c-4ada-41cf-a05d-fb6cbc3c96b0}
04-27 13:43:13.575 W/WifiHW  (   84): wifi_command: SIGNAL_POLL
04-27 13:43:13.625 E/GeckoConsole( 1022): [JavaScript Warning: "Use of getAttributeNode() is deprecated. Use getAttribute() instead." {file: "chrome://marionette/content/atoms.js" line: 25}]
04-27 13:43:13.655 E/GeckoConsole( 1022): [JavaScript Warning: "Use of attributes' specified attribute is deprecated. It always returns true." {file: "chrome://marionette/content/atoms.js" line: 25}]
04-27 13:43:13.665 I/Gecko   (   84): 1398631393672	Marionette	INFO	sendToClient: {"from":"0","value":"normal"}, {2c7ba190-1963-45fb-bfc6-3d297716c449}, {2c7ba190-1963-45fb-bfc6-3d297716c449}
04-27 13:43:13.665 I/Gecko   (   84): 1398631393681	Marionette	DEBUG	Got request: switchToFrame, data: {"to":"0","sessionId":"3-b2g","name":"switchToFrame","parameters":{"id":null,"focus":true}}, id: {b82ec22f-a71d-4c3c-83dc-f000e351ea21}
04-27 13:43:13.695 I/Gecko   (   84): 1398631393704	Marionette	INFO	Switched to frame: {"frameValue":null}
04-27 13:43:13.795 I/Gecko   (   84): 1398631393808	Marionette	INFO	sendToClient: {"from":"0","ok":true}, {b82ec22f-a71d-4c3c-83dc-f000e351ea21}, {b82ec22f-a71d-4c3c-83dc-f000e351ea21}
04-27 13:43:13.805 I/Gecko   (   84): 1398631393814	Marionette	DEBUG	Got request: execute, data: {"to":"0","sessionId":"3-b2g","name":"executeScript","parameters":{"specialPowers":false,"scriptTimeout":null,"newSandbox":true,"args":[],"filename":"gaia_test.py","script":"window.wrappedJSObject.dispatchEvent(new Event('home'));","line":788}}, id: {b21002df-014a-4434-8afd-147e34f70991}
04-27 13:43:13.885 I/Gecko   (   84): 1398631393893	Marionette	INFO	sendToClient: {"from":"0","value":null}, {b21002df-014a-4434-8afd-147e34f70991}, {b21002df-014a-4434-8afd-147e34f70991}
04-27 13:43:13.895 I/Gecko   (   84): 1398631393902	Marionette	DEBUG	Got request: switchToFrame, data: {"to":"0","sessionId":"3-b2g","name":"switchToFrame","parameters":{"id":null,"focus":true}}, id: {6a860ed9-5ac5-44b6-a5a9-7b2727fce988}
04-27 13:43:13.895 I/Gecko   (   84): 1398631393904	Marionette	INFO	Switched to frame: {"frameValue":null}
04-27 13:43:13.995 I/Gecko   (   84): 1398631394011	Marionette	INFO	sendToClient: {"from":"0","ok":true}, {6a860ed9-5ac5-44b6-a5a9-7b2727fce988}, {6a860ed9-5ac5-44b6-a5a9-7b2727fce988}
04-27 13:43:14.005 I/Gecko   (   84): 1398631394018	Marionette	DEBUG	Got request: switchToFrame, data: {"to":"0","sessionId":"3-b2g","name":"switchToFrame","parameters":{"id":null,"focus":true}}, id: {efcd32d5-4e50-45b9-b11f-b47252baf912}
04-27 13:43:14.005 I/Gecko   (   84): 1398631394019	Marionette	INFO	Switched to frame: {"frameValue":null}
04-27 13:43:14.115 I/Gecko   (   84): 1398631394122	Marionette	INFO	sendToClient: {"from":"0","ok":true}, {efcd32d5-4e50-45b9-b11f-b47252baf912}, {efcd32d5-4e50-45b9-b11f-b47252baf912}
04-27 13:43:14.115 I/Gecko   (   84): 1398631394128	Marionette	DEBUG	Got request: executeWithCallback, data: {"to":"0","sessionId":"3-b2g","name":"executeAsyncScript","parameters":{"specialPowers":false,"scriptTimeout":null,"newSandbox":true,"args":[],"filename":"gaia_test.py","script":"return GaiaApps.displayedApp();","line":66}}, id: {dac4f0ce-a48b-4a2d-8564-c6a8c95ef548}
04-27 13:43:14.185 I/Gecko   (   84): 1398631394200	Marionette	INFO	sendToClient: {"from":"0","value":{"frame":{"ELEMENT":"{1d644dc4-5372-4cc3-bf2a-b0274dea4e4c}"},"src":"app://homescreen.gaiamobile.org/index.html#rootSun%20Apr%2027%202014%2013:43:13%20GMT-0700%20(UTC)","name":"Homescreen","origin":"app://homescreen.gaiamobile.org"}}, {dac4f0ce-a48b-4a2d-8564-c6a8c95ef548}, {dac4f0ce-a48b-4a2d-8564-c6a8c95ef548}
04-27 13:43:14.195 E/GeckoConsole(   84): Content JS LOG at dummy file:392 in GaiaApps.displayedApp: app with origin 'app://homescreen.gaiamobile.org' is displayed
04-27 13:43:14.205 I/Gecko   (   84): 1398631394214	Marionette	DEBUG	Got request: switchToFrame, data: {"to":"0","sessionId":"3-b2g","name":"switchToFrame","parameters":{"focus":true,"element":"{1d644dc4-5372-4cc3-bf2a-b0274dea4e4c}"}}, id: {1bcd459c-a485-43ae-9668-580be05d57b8}
04-27 13:43:14.215 I/Gecko   (   84): 1398631394227	Marionette	INFO	Switched to frame: {"frameValue":"{1d644dc4-5372-4cc3-bf2a-b0274dea4e4c}"}
04-27 13:43:14.215 I/Gecko   (   84): 1398631394229	Marionette	INFO	trying remote frame 0
04-27 13:43:14.935 I/Gecko   (   84): 1398631394947	Marionette	INFO	sendToClient: {"from":"0","ok":true}, {1bcd459c-a485-43ae-9668-580be05d57b8}, {1bcd459c-a485-43ae-9668-580be05d57b8}
04-27 13:43:14.945 I/Gecko   (   84): 1398631394955	Marionette	DEBUG	Got request: execute, data: {"to":"0","sessionId":"3-b2g","name":"executeScript","parameters":{"specialPowers":false,"scriptTimeout":null,"newSandbox":true,"args":[],"filename":"gaia_test.py","script":"return window.wrappedJSObject.GridManager.pageHelper.getCurrentPageNumber();","line":784}}, id: {f7e11332-d6a8-4519-ad4a-2bd49dbd87b4}
04-27 13:43:15.305 I/Gecko   (   84): 1398631395315	Marionette	INFO	sendToClient: {"from":"0","value":0}, {f7e11332-d6a8-4519-ad4a-2bd49dbd87b4}, {f7e11332-d6a8-4519-ad4a-2bd49dbd87b4}
04-27 13:43:16.565 I/Gecko   (   84): 1398631396572	Marionette	INFO	sendToClient: {"from":"0","value":["{9fd0dc5f-d0f4-4de1-83a4-97e134a80290}","{4510447e-e85b-48b5-a00f-6fb49f796d5f}","{f407f1d2-e553-48e2-b406-de4845697b43}","{05d36257-261b-4780-8017-ce64b558c994}","{5f20aa54-8e77-4f91-bc5e-3aaec2ff6199}","{af962d88-b105-432c-bcf4-025500abea19}","{8cfe6172-c5d8-4717-9e55-007353cd5efa}","{f75f3f11-f454-4d87-bf9f-4d8f386b7d54}","{31d8d872-86cd-48d5-8311-d572a839e032}","{2d913dea-e5e6-4169-b8fd-f69d9b4d28e5}","{800317c4-c1ae-4b34-9765-a6430dec1298}","{8f7f2a5a-0ff5-4140-9d26-daff883b2df5}","{894631fa-a619-45af-b6b7-5d0b3842ba4c}","{6f5646e1-42b0-4e08-8307-ab38c1720fc1}","{d56ff224-2701-400f-921c-b2e7f25872ef}","{aada8714-a9ca-4250-bd56-c466b9cdd007}","{b0098a4a-5369-4edc-ba32-26c96a191377}","{ea99d492-1018-478c-ac3d-705e0976a768}","{7c8e7bd5-d4c4-4f44-a9a4-395becbff3ce}","{22e80f97-e42f-4de8-9c14-46915ae79b27}","{89c74f03-35e4-494b-b675-20904703e284}","{f04bdf2f-7de5-4362-9b91-dd2ed409a12b}","{7287d4e2-f8ce-45c2-aa77-c84545dcddb6}","{4deb7956-acce
04-27 13:43:16.865 I/Gecko   (   84): 1398631396873	Marionette	INFO	sendToClient: {"from":"0","value":"app://homescreen.gaiamobile.org/index.html#rootSun%20Apr%2027%202014%2013:43:13%20GMT-0700%20(UTC)"}, {cb8741ed-3c6c-4b6a-b5d7-5c3d9f087164}, {cb8741ed-3c6c-4b6a-b5d7-5c3d9f087164}
04-27 13:43:16.875 I/Gecko   (   84): 1398631396882	Marionette	DEBUG	Got request: switchToFrame, data: {"to":"0","sessionId":"3-b2g","name":"switchToFrame","parameters":{"id":null,"focus":true}}, id: {a4b11d26-b057-48e4-a002-e25212f415c1}
04-27 13:43:16.925 I/Gecko   (   84): 1398631396935	Marionette	INFO	Switched to frame: {"frameValue":null}
04-27 13:43:17.035 I/Gecko   (   84): 1398631397042	Marionette	INFO	sendToClient: {"from":"0","ok":true}, {a4b11d26-b057-48e4-a002-e25212f415c1}, {a4b11d26-b057-48e4-a002-e25212f415c1}
04-27 13:43:17.035 I/Gecko   (   84): 1398631397048	Marionette	DEBUG	Got request: switchToFrame, data: {"to":"0","sessionId":"3-b2g","name":"switchToFrame","parameters":{"id":null,"focus":true}}, id: {3c7f641a-5fc8-4ed3-bcde-c501fa6f5fb6}
04-27 13:43:17.035 I/Gecko   (   84): 1398631397050	Marionette	INFO	Switched to frame: {"frameValue":null}
04-27 13:43:17.355 I/Gecko   (   84): 1398631397365	Marionette	INFO	sendToClient: {"from":"0","ok":true}, {3c7f641a-5fc8-4ed3-bcde-c501fa6f5fb6}, {3c7f641a-5fc8-4ed3-bcde-c501fa6f5fb6}
04-27 13:43:17.365 I/Gecko   (   84): 1398631397372	Marionette	DEBUG	Got request: executeWithCallback, data: {"to":"0","sessionId":"3-b2g","name":"executeAsyncScript","parameters":{"specialPowers":false,"scriptTimeout":30000,"newSandbox":true,"args":[],"filename":"app_checker.py","script":"GaiaApps.launchWithManifestURL('https://marketplace.firefox.com/app/0e32faf7-8595-4ccb-9448-48904d07a500/manifest.webapp')","line":106}}, id: {d3b93378-fc3a-465a-97ef-996b886ec4b4}
04-27 13:43:17.575 E/GeckoConsole(   84): Content JS LOG at dummy file:334 in GaiaApps.launch: launching app with name 'Mr.SS'
04-27 13:43:17.725 I/Gonk    (   84): Setting nice for pid 1034 to 18
04-27 13:43:17.725 I/Gonk    (   84): Changed nice for pid 1034 from 0 to 18.
04-27 13:43:17.735 I/Gecko   (   84): [Parent 84] WARNING: waitpid failed pid:1034 errno:10: file ../../../gecko/ipc/chromium/src/base/process_util_posix.cc, line 254
04-27 13:43:17.755 I/Gonk    (   84): Setting nice for pid 1034 to 1
04-27 13:43:17.755 I/Gonk    (   84): Changed nice for pid 1034 from 18 to 1.
04-27 13:43:18.355 D/Sensors (   84): activate handle=0; drv=0
04-27 13:43:18.365 D/Sensors (   84): Lis3dhSensor: Control set 1
04-27 13:43:18.365 D/Sensors (   84): Lis3dhSensor: mEnabled = 1
04-27 13:43:18.455 E/[Gralloc-ERROR](   84): int gralloc_register_buffer(const gralloc_module_t*, const native_handle_t*):79 Unable to register handle 0x4aaa3bf0 coming from different process: 84
04-27 13:43:18.495 E/[Gralloc-ERROR](   84): int gralloc_register_buffer(const gralloc_module_t*, const native_handle_t*):79 Unable to register handle 0x4aaa3ce0 coming from different process: 84
04-27 13:43:18.515 E/[Gralloc-ERROR](   84): int gralloc_register_buffer(const gralloc_module_t*, const native_handle_t*):79 Unable to register handle 0x4aaa3dd0 coming from different process: 84
04-27 13:43:18.515 E/[Gralloc-ERROR](   84): int gralloc_register_buffer(const gralloc_module_t*, const native_handle_t*):79 Unable to register handle 0x4aaa3e70 coming from different process: 84
04-27 13:43:18.735 W/WifiHW  (   84): wifi_command: SIGNAL_POLL
04-27 13:43:18.755 I/Gonk    (   84): Setting nice for pid 1022 to 18
04-27 13:43:18.755 I/Gonk    (   84): Changed nice for pid 1022 from 1 to 18.
04-27 13:43:19.865 I/Gecko   (   84): 
04-27 13:43:19.865 I/Gecko   (   84): ###!!! [Parent][MessageChannel] Error: Channel error: cannot send/recv
04-27 13:43:19.865 I/Gecko   (   84): 
04-27 13:43:19.955 I/GeckoDump(   84): Crash reporter : Can't fetch app.reportCrashes. Exception: [Exception... "Component returned failure code: 0x8000ffff (NS_ERROR_UNEXPECTED) [nsIPrefBranch.getBoolPref]"  nsresult: "0x8000ffff (NS_ERROR_UNEXPECTED)"  location: "JS frame :: chrome://browser/content/shell.js :: shell_reportCrash :: line 7"  data: no]
04-27 13:43:19.965 I/Gecko   (   84): [Parent 84] WARNING: waitpid failed pid:1022 errno:10: file ../../../gecko/ipc/chromium/src/base/process_util_posix.cc, line 254
04-27 13:43:21.185 E/GeckoConsole( 1034): [JavaScript Warning: "Unknown property 'box-sizing'.  Declaration dropped." {file: "app://{19d1373c-6af7-460a-b72e-b6a5e89312dd}/index.html" line: 0 column: 67 source: "-webkit-box-sizing:border-box;-moz-box-sizing:border-box;box-sizing:border-box;padding:1px;border:1px;display:block;width:4px;margin-top:1%;position:absolute;top:1%"}]
04-27 13:43:21.205 E/GeckoConsole( 1034): [JavaScript Warning: "Unknown property 'box-sizing'.  Declaration dropped." {file: "app://{19d1373c-6af7-460a-b72e-b6a5e89312dd}/index.html" line: 0 column: 111 source: "padding:0;margin:0;border:0;display:block;-webkit-box-sizing:content-box;-moz-box-sizing:content-box;box-sizing:content-box"}]
04-27 13:43:21.205 E/GeckoConsole( 1034): [JavaScript Warning: "Unknown property 'box-sizing'.  Declaration dropped." {file: "app://{19d1373c-6af7-460a-b72e-b6a5e89312dd}/index.html" line: 0 column: 111 source: "padding:0;margin:0;border:0;display:block;-webkit-box-sizing:content-box;-moz-box-sizing:content-box;box-sizing:content-box"}]
04-27 13:43:21.935 I/Gonk    (   84): Setting nice for pid 1139 to 18
04-27 13:43:21.945 I/Gonk    (   84): Changed nice for pid 1139 from 0 to 18.
04-27 13:43:21.965 I/Gecko   (   84): [Parent 84] WARNING: waitpid failed pid:1022 errno:10: file ../../../gecko/ipc/chromium/src/base/process_util_posix.cc, line 254
04-27 13:43:21.965 I/Gecko   (   84): [Parent 84] WARNING: Failed to deliver SIGKILL to 1022!(3).: file ../../../gecko/ipc/chromium/src/chrome/common/process_watcher_posix_sigchld.cc, line 118
04-27 13:43:21.995 E/GeckoConsole(   84): Content JS LOG at dummy file:326 in GaiaApps.launch/appOpen/<: app with origin 'app://{19d1373c-6af7-460a-b72e-b6a5e89312dd}' has launched
04-27 13:43:22.005 I/Gecko   (   84): 1398631402016	Marionette	INFO	sendToClient: {"from":"0","value":{"frame":{"ELEMENT":"{f5274323-1143-4236-b094-9b037be44226}"},"src":"app://{19d1373c-6af7-460a-b72e-b6a5e89312dd}/index.html","name":"Mr.SS","origin":"app://{19d1373c-6af7-460a-b72e-b6a5e89312dd}"}}, {d3b93378-fc3a-465a-97ef-996b886ec4b4}, {d3b93378-fc3a-465a-97ef-996b886ec4b4}
04-27 13:43:22.045 E/[Gralloc-ERROR](   84): int gralloc_unregister_buffer(const gralloc_module_t*, const native_handle_t*):274 Trying to unregister buffer 0x4aaa3ce0 from process 84 that was not created in current process: 84
04-27 13:43:22.045 E/[Gralloc-ERROR](   84): int gralloc_unregister_buffer(const gralloc_module_t*, const native_handle_t*):274 Trying to unregister buffer 0x4aaa3bf0 from process 84 that was not created in current process: 84
04-27 13:43:22.045 E/[Gralloc-ERROR](   84): int gralloc_unregister_buffer(const gralloc_module_t*, const native_handle_t*):274 Trying to unregister buffer 0x4aaa3e70 from process 84 that was not created in current process: 84
04-27 13:43:22.045 E/[Gralloc-ERROR](   84): int gralloc_unregister_buffer(const gralloc_module_t*, const native_handle_t*):274 Trying to unregister buffer 0x4aaa3dd0 from process 84 that was not created in current process: 84
04-27 13:43:22.055 I/Gonk    (   84): Setting nice for pid 1139 to 18
04-27 13:43:22.055 I/Gonk    (   84): Changed nice for pid 1139 from 18 to 18.
04-27 13:43:22.055 I/Gecko   (   84): [Parent 84] WARNING: waitpid failed pid:1139 errno:10: file ../../../gecko/ipc/chromium/src/base/process_util_posix.cc, line 254
04-27 13:43:22.085 I/Gecko   (   84): 1398631402095	Marionette	DEBUG	Got request: switchToFrame, data: {"to":"0","sessionId":"3-b2g","name":"switchToFrame","parameters":{"focus":true,"element":"{f5274323-1143-4236-b094-9b037be44226}"}}, id: {fa836bfd-808f-4851-b275-f3036749509a}
04-27 13:43:22.095 I/Gecko   (   84): 1398631402108	Marionette	INFO	Switched to frame: {"frameValue":"{f5274323-1143-4236-b094-9b037be44226}"}
04-27 13:43:22.105 I/Gecko   (   84): 1398631402115	Marionette	INFO	trying remote frame 0
04-27 13:43:22.105 I/Gecko   (   84): 1398631402116	Marionette	INFO	deleting frame
04-27 13:43:22.115 I/Gecko   (   84): 1398631402127	Marionette	INFO	frame-manager load script: [object ChromeMessageSender]
04-27 13:43:22.795 I/Gonk    (   84): Setting nice for pid 1147 to 18
04-27 13:43:22.795 I/Gonk    (   84): Changed nice for pid 1147 from 0 to 18.
04-27 13:43:23.055 I/Gecko   (   84): 1398631403064	Marionette	INFO	sendToClient: {"from":"0","ok":true}, {fa836bfd-808f-4851-b275-f3036749509a}, {fa836bfd-808f-4851-b275-f3036749509a}
04-27 13:43:23.055 I/Gonk    (   84): Setting nice for pid 1139 to 18
04-27 13:43:23.055 I/Gonk    (   84): Changed nice for pid 1139 from 18 to 18.
04-27 13:43:23.175 I/Gecko   (   84): 1398631403186	Marionette	INFO	sendToClient: {"from":"0","value":"app://{19d1373c-6af7-460a-b72e-b6a5e89312dd}/index.html"}, {d6f50f57-3ba2-49a4-a780-9411dfe6756d}, {d6f50f57-3ba2-49a4-a780-9411dfe6756d}
04-27 13:43:23.185 I/Gecko   (   84): 1398631403193	Marionette	DEBUG	Got request: execute, data: {"to":"0","sessionId":"3-b2g","name":"executeScript","parameters":{"specialPowers":false,"scriptTimeout":null,"newSandbox":true,"args":[],"filename":"app_checker.py","script":"return window.document.readyState;","line":191}}, id: {2cfd3566-80d2-4d0a-9fd0-2c0ffd81d14b}
04-27 13:43:23.335 I/Gecko   (   84): 1398631403348	Marionette	INFO	sendToClient: {"from":"0","value":"complete"}, {2cfd3566-80d2-4d0a-9fd0-2c0ffd81d14b}, {2cfd3566-80d2-4d0a-9fd0-2c0ffd81d14b}
04-27 13:43:23.565 I/Gecko   (   84): 
04-27 13:43:23.565 I/Gecko   (   84): ###!!! [Parent][MessageChannel] Error: Channel error: cannot send/recv
04-27 13:43:23.565 I/Gecko   (   84): 
04-27 13:43:23.605 I/GeckoDump(   84): Crash reporter : Can't fetch app.reportCrashes. Exception: [Exception... "Component returned failure code: 0x8000ffff (NS_ERROR_UNEXPECTED) [nsIPrefBranch.getBoolPref]"  nsresult: "0x8000ffff (NS_ERROR_UNEXPECTED)"  location: "JS frame :: chrome://browser/content/shell.js :: shell_reportCrash :: line 7"  data: no]
04-27 13:43:23.615 I/Gecko   (   84): [Parent 84] WARNING: waitpid failed pid:1139 errno:10: file ../../../gecko/ipc/chromium/src/base/process_util_posix.cc, line 254
04-27 13:43:23.615 I/Gecko   (   84): 1398631403629	Marionette	INFO	sendToClient: {"from":"0","value":"app://{19d1373c-6af7-460a-b72e-b6a5e89312dd}/index.html"}, {7865e061-6d46-4663-bb19-ffc036e37c97}, {7865e061-6d46-4663-bb19-ffc036e37c97}
04-27 13:43:23.635 I/Gecko   ( 1034): Attempting load of libEGL.so
04-27 13:43:23.695 D/libEGL  ( 1034): loaded /system/lib/egl/libEGL_mali.so
04-27 13:43:23.705 D/libEGL  ( 1034): loaded /system/lib/egl/libGLESv1_CM_mali.so
04-27 13:43:23.715 D/libEGL  ( 1034): loaded /system/lib/egl/libGLESv2_mali.so
04-27 13:43:23.745 W/WifiHW  (   84): wifi_command: SIGNAL_POLL
04-27 13:43:23.805 I/Gecko   ( 1034): SharedSurface_Gralloc::Create -------
04-27 13:43:23.865 I/Gecko   ( 1034): SharedSurface_Gralloc::Create: success -- surface 0x43d2e940, GraphicBuffer 0x43d07e00.
04-27 13:43:24.775 I/Gecko   (   84): [Parent 84] WARNING: waitpid failed pid:1139 errno:10: file ../../../gecko/ipc/chromium/src/base/process_util_posix.cc, line 254
04-27 13:43:24.805 I/GeckoDump(   84): Crash reporter : Can't fetch app.reportCrashes. Exception: [Exception... "Component returned failure code: 0x8000ffff (NS_ERROR_UNEXPECTED) [nsIPrefBranch.getBoolPref]"  nsresult: "0x8000ffff (NS_ERROR_UNEXPECTED)"  location: "JS frame :: chrome://browser/content/shell.js :: shell_reportCrash :: line 7"  data: no]
04-27 13:43:24.825 I/Gecko   (   84): 1398631404821	Marionette	INFO	sendToClient: {"from":"0","value":"iVBORw0KGgoAAAANSUhEUgAAAUAAAAHMCAYAAACk4nEJAAAgAElEQVR4nOydP2jbXBv2NXjQoEGDBg0eEsiQQIYEMiSQJYYMMWSIIUMEGYLIEA4dwqFDOXQphw7l8AxFdCiiQ0EdCu5Q8DMU3KXgDgV3KLhDwR06aOigocMZOlzfcJ8jHStO3+f9vqd8w1vDhWRZcRwn/uW6/5xbHv7c/tz+3P7c/kdv3v/vF/Dn9uf25/bn9v/r9geAf25/bn9u/7O3PwD8c/tz+3P7n739AeCf25/bn9v/7O0PAP/c/tz+3P5nb38A+Of25/bn9j97+wPAP7c/tz+3/9nbPwfg91mjymra0mzxPHOu/m7k7OP7lFS2NVsqbQRne9vX6O9T6O9ToJoA3yfA9zFQtvTdagSUI+D7ECiNvo8cDYHvhdkOgWrU0nhRP9qa0Ov4MWn23ffMvg/1fec1L1M5uqlvQ+Br8X+vbwXwNSd9MbL3vxbAt5xU5nRuLee41ffMKDcqSFVuVCzqR1tDo5HR2NlfIvt7+D42+0N6Hvv89vuXhfn9Fr+W/dm+2vd06OwXwJdb9KkAPhq9z4EPBfAhJ320983jdv99TnpXAH/nwOsCeFEAL4bAkyH0dQZ9oYDLHPpIQe8rVLsS1a6E3qdttSNRbklUWwrVlkK5rlBuWkmUWwrllkS5JVCuC8zXJMqtjLSfYb4rgDs5cC8H7mXAA7O9nwPXGXBHka4UcKGgF5SRLkm4k9HXXOfA3ZbuZLX0nQz6KkN1qRpdmeNW1/a5Fo/jOifZ57ui52qkoC/VbwBgNft/Uw0+B37fpw0oXQi2j5mv0bdC0wXhFLqcQpcT6NLApBwD34y+jqBrDaG/DKG/FKTPOfTn5o9afzVg+GZg8M18iL63IenoV3CsJo7a/zxcTRb13XmOpWAcNfD+p/rmqvi1/hM0rGroLVEbfguwGw
04-27 13:43:25.035 I/Gecko   (   84): 1398631405049	Marionette	INFO	sendToClient: {"from":"0","ok":true}, {54b801e7-d644-47ec-9211-bc4430dec2d1}, {54b801e7-d644-47ec-9211-bc4430dec2d1}
04-27 13:43:25.045 I/Gecko   (   84): 1398631405055	Marionette	DEBUG	Got request: switchToFrame, data: {"to":"0","sessionId":"3-b2g","name":"switchToFrame","parameters":{"id":null,"focus":true}}, id: {6e98eac3-32f9-4b97-be1d-a7d6ecfc2579}
04-27 13:43:25.065 I/Gecko   (   84): 1398631405078	Marionette	INFO	Switched to frame: {"frameValue":null}
04-27 13:43:25.175 I/Gecko   (   84): 1398631405183	Marionette	INFO	sendToClient: {"from":"0","ok":true}, {6e98eac3-32f9-4b97-be1d-a7d6ecfc2579}, {6e98eac3-32f9-4b97-be1d-a7d6ecfc2579}
04-27 13:43:25.175 I/Gecko   (   84): 1398631405189	Marionette	DEBUG	Got request: executeWithCallback, data: {"to":"0","sessionId":"3-b2g","name":"executeAsyncScript","parameters":{"specialPowers":false,"scriptTimeout":null,"newSandbox":true,"args":[],"filename":"gaia_test.py","script":"return GaiaApps.displayedApp();","line":66}}, id: {cd1d8253-b88c-44ec-8b27-1770b5fb2881}
04-27 13:43:25.335 I/Gecko   (   84): 1398631405342	Marionette	INFO	sendToClient: {"from":"0","value":{"frame":{"ELEMENT":"{f5274323-1143-4236-b094-9b037be44226}"},"src":"app://{19d1373c-6af7-460a-b72e-b6a5e89312dd}/index.html","name":"Mr.SS","origin":"app://{19d1373c-6af7-460a-b72e-b6a5e89312dd}"}}, {cd1d8253-b88c-44ec-8b27-1770b5fb2881}, {cd1d8253-b88c-44ec-8b27-1770b5fb2881}
04-27 13:43:25.335 I/Gecko   (   84): 1398631405348	Marionette	DEBUG	Got request: switchToFrame, data: {"to":"0","sessionId":"3-b2g","name":"switchToFrame","parameters":{"id":null,"focus":true}}, id: {e5149b9c-6c06-43e2-999a-c965e204e7cf}
04-27 13:43:25.335 I/Gecko   (   84): 1398631405349	Marionette	INFO	Switched to frame: {"frameValue":null}
04-27 13:43:25.355 E/GeckoConsole(   84): Content JS LOG at dummy file:392 in GaiaApps.displayedApp: app with origin 'app://{19d1373c-6af7-460a-b72e-b6a5e89312dd}' is displayed
04-27 13:43:25.445 I/Gecko   (   84): 1398631405452	Marionette	INFO	sendToClient: {"from":"0","ok":true}, {e5149b9c-6c06-43e2-999a-c965e204e7cf}, {e5149b9c-6c06-43e2-999a-c965e204e7cf}
04-27 13:43:25.445 I/Gecko   (   84): 1398631405458	Marionette	DEBUG	Got request: execute, data: {"to":"0","sessionId":"3-b2g","name":"executeScript","parameters":{"specialPowers":false,"scriptTimeout":null,"newSandbox":true,"args":[],"filename":"gaia_test.py","script":"window.wrappedJSObject.dispatchEvent(new Event('home'));","line":788}}, id: {5f4ead70-f740-454b-bc9b-845d554fccdc}
04-27 13:43:25.565 I/Gonk    (   84): Setting nice for pid 1147 to 18
04-27 13:43:25.565 I/Gonk    (   84): Changed nice for pid 1147 from 18 to 18.
04-27 13:43:25.565 I/Gecko   (   84): [Parent 84] WARNING: waitpid failed pid:1147 errno:10: file ../../../gecko/ipc/chromium/src/base/process_util_posix.cc, line 254
04-27 13:43:25.575 I/Gonk    (   84): Setting nice for pid 1147 to 1
04-27 13:43:25.575 I/Gonk    (   84): Changed nice for pid 1147 from 18 to 1.
04-27 13:43:25.595 D/Sensors (   84): activate handle=0; drv=0
04-27 13:43:25.595 D/Sensors (   84): Lis3dhSensor: Control set 0
04-27 13:43:25.595 D/Sensors (   84): Lis3dhSensor: mEnabled = 0
04-27 13:43:25.615 I/Gecko   (   84): [Parent 84] WARNING: waitpid failed pid:1139 errno:10: file ../../../gecko/ipc/chromium/src/base/process_util_posix.cc, line 254
04-27 13:43:25.615 I/Gecko   (   84): [Parent 84] WARNING: Failed to deliver SIGKILL to 1139!(3).: file ../../../gecko/ipc/chromium/src/chrome/common/process_watcher_posix_sigchld.cc, line 118
04-27 13:43:25.665 I/Gecko   (   84): 1398631405681	Marionette	INFO	sendToClient: {"from":"0","value":null}, {5f4ead70-f740-454b-bc9b-845d554fccdc}, {5f4ead70-f740-454b-bc9b-845d554fccdc}
04-27 13:43:25.695 I/Gecko   (   84): 1398631405702	Marionette	DEBUG	Got request: switchToFrame, data: {"to":"0","sessionId":"3-b2g","name":"switchToFrame","parameters":{"id":null,"focus":true}}, id: {6999ee25-9967-414e-8b68-b29d2f7e0e93}
04-27 13:43:25.695 I/Gecko   (   84): 1398631405704	Marionette	INFO	Switched to frame: {"frameValue":null}
04-27 13:43:25.805 I/Gecko   (   84): 1398631405814	Marionette	INFO	sendToClient: {"from":"0","ok":true}, {6999ee25-9967-414e-8b68-b29d2f7e0e93}, {6999ee25-9967-414e-8b68-b29d2f7e0e93}
04-27 13:43:25.805 I/Gecko   (   84): 1398631405821	Marionette	DEBUG	Got request: executeWithCallback, data: {"to":"0","sessionId":"3-b2g","name":"executeAsyncScript","parameters":{"specialPowers":false,"scriptTimeout":null,"newSandbox":true,"args":[],"filename":"gaia_test.py","script":"return GaiaApps.displayedApp();","line":66}}, id: {49dd0fa2-1b7b-4116-8cba-1268754a2d07}
04-27 13:43:25.885 E/GeckoConsole(   84): Content JS LOG at dummy file:392 in GaiaApps.displayedApp: app with origin 'app://homescreen.gaiamobile.org' is displayed
04-27 13:43:25.885 I/Gecko   (   84): 1398631405895	Marionette	INFO	sendToClient: {"from":"0","value":{"frame":{"ELEMENT":"{2317eab8-12c1-4df4-ad90-177842eafc9e}"},"src":"app://homescreen.gaiamobile.org/index.html#root","name":"Homescreen","origin":"app://homescreen.gaiamobile.org"}}, {49dd0fa2-1b7b-4116-8cba-1268754a2d07}, {49dd0fa2-1b7b-4116-8cba-1268754a2d07}
04-27 13:43:25.885 I/Gecko   (   84): 1398631405900	Marionette	DEBUG	Got request: switchToFrame, data: {"to":"0","sessionId":"3-b2g","name":"switchToFrame","parameters":{"id":null,"focus":true}}, id: {88a6dffa-373c-4308-81ab-7f088b575bff}
04-27 13:43:25.895 I/Gecko   (   84): 1398631405902	Marionette	INFO	Switched to frame: {"frameValue":null}
04-27 13:43:25.995 I/Gecko   (   84): 1398631406005	Marionette	INFO	sendToClient: {"from":"0","ok":true}, {88a6dffa-373c-4308-81ab-7f088b575bff}, {88a6dffa-373c-4308-81ab-7f088b575bff}
04-27 13:43:25.995 I/Gecko   (   84): 1398631406010	Marionette	DEBUG	Got request: switchToFrame, data: {"to":"0","sessionId":"3-b2g","name":"switchToFrame","parameters":{"id":null,"focus":true}}, id: {d08014e2-ab62-4508-b55f-60475fad50ed}
04-27 13:43:26.005 I/Gecko   (   84): 1398631406012	Marionette	INFO	Switched to frame: {"frameValue":null}
04-27 13:43:26.105 I/Gecko   (   84): 1398631406115	Marionette	INFO	sendToClient: {"from":"0","ok":true}, {d08014e2-ab62-4508-b55f-60475fad50ed}, {d08014e2-ab62-4508-b55f-60475fad50ed}
04-27 13:43:26.105 I/Gecko   (   84): 1398631406121	Marionette	DEBUG	Got request: executeWithCallback, data: {"to":"0","sessionId":"3-b2g","name":"executeAsyncScript","parameters":{"specialPowers":false,"scriptTimeout":null,"newSandbox":true,"args":[],"filename":"gaia_test.py","script":"return GaiaApps.displayedApp();","line":66}}, id: {2be98e62-88ed-41c4-a01f-009629c14a02}
04-27 13:43:26.185 I/Gecko   (   84): 1398631406192	Marionette	INFO	sendToClient: {"from":"0","value":{"frame":{"ELEMENT":"{2317eab8-12c1-4df4-ad90-177842eafc9e}"},"src":"app://homescreen.gaiamobile.org/index.html#root","name":"Homescreen","origin":"app://homescreen.gaiamobile.org"}}, {2be98e62-88ed-41c4-a01f-009629c14a02}, {2be98e62-88ed-41c4-a01f-009629c14a02}
04-27 13:43:26.195 E/GeckoConsole(   84): Content JS LOG at dummy file:392 in GaiaApps.displayedApp: app with origin 'app://homescreen.gaiamobile.org' is displayed
04-27 13:43:26.195 I/Gecko   (   84): 1398631406208	Marionette	DEBUG	Got request: switchToFrame, data: {"to":"0","sessionId":"3-b2g","name":"switchToFrame","parameters":{"focus":true,"element":"{2317eab8-12c1-4df4-ad90-177842eafc9e}"}}, id: {cc9a228a-3d9f-44aa-b3d8-22dedcbe83ba}
04-27 13:43:26.215 I/Gecko   (   84): 1398631406222	Marionette	INFO	Switched to frame: {"frameValue":"{2317eab8-12c1-4df4-ad90-177842eafc9e}"}
04-27 13:43:26.215 I/Gecko   (   84): 1398631406224	Marionette	INFO	trying remote frame 0
04-27 13:43:26.215 I/Gecko   (   84): 1398631406225	Marionette	INFO	deleting frame
04-27 13:43:26.215 I/Gecko   (   84): 1398631406230	Marionette	INFO	frame-manager load script: [object ChromeMessageSender]
04-27 13:43:26.815 E/[Gralloc-ERROR](   84): int gralloc_register_buffer(const gralloc_module_t*, const native_handle_t*):79 Unable to register handle 0x44d4d150 coming from different process: 84
04-27 13:43:26.815 E/[Gralloc-ERROR](   84): int gralloc_register_buffer(const gralloc_module_t*, const native_handle_t*):79 Unable to register handle 0x44d4d470 coming from different process: 84
04-27 13:43:27.195 I/Gecko   ( 1147): ###################################### forms.js loaded
04-27 13:43:27.415 I/Gecko   ( 1147): ############################### browserElementPanning.js loaded
04-27 13:43:27.435 E/[Gralloc-ERROR](   84): int gralloc_unregister_buffer(const gralloc_module_t*, const native_handle_t*):274 Trying to unregister buffer 0x44d4d470 from process 84 that was not created in current process: 84
04-27 13:43:27.435 E/[Gralloc-ERROR](   84): int gralloc_unregister_buffer(const gralloc_module_t*, const native_handle_t*):274 Trying to unregister buffer 0x44d4d150 from process 84 that was not created in current process: 84
04-27 13:43:27.535 I/Gonk    (   84): Setting nice for pid 1034 to 18
04-27 13:43:27.535 I/Gonk    (   84): Changed nice for pid 1034 from 1 to 18.
04-27 13:43:27.575 I/Gecko   ( 1147): ######################## BrowserElementChildPreload.js loaded
04-27 13:43:29.475 W/WifiHW  (   84): wifi_command: SIGNAL_POLL
04-27 13:43:31.945 I/Gecko   (   84): 
04-27 13:43:31.945 I/Gecko   (   84): ###!!! [Parent][MessageChannel] Error: Channel error: cannot send/recv
04-27 13:43:31.945 I/Gecko   (   84): 
04-27 13:43:32.125 I/GeckoDump(   84): Crash reporter : Can't fetch app.reportCrashes. Exception: [Exception... "Component returned failure code: 0x8000ffff (NS_ERROR_UNEXPECTED) [nsIPrefBranch.getBoolPref]"  nsresult: "0x8000ffff (NS_ERROR_UNEXPECTED)"  location: "JS frame :: chrome://browser/content/shell.js :: shell_reportCrash :: line 7"  data: no]
04-27 13:43:32.155 I/Gecko   (   84): [Parent 84] WARNING: waitpid failed pid:1034 errno:10: file ../../../gecko/ipc/chromium/src/base/process_util_posix.cc, line 254
04-27 13:43:32.985 I/Gecko   (   84): 1398631412997	Marionette	INFO	sendToClient: {"from":"0","ok":true}, {cc9a228a-3d9f-44aa-b3d8-22dedcbe83ba}, {cc9a228a-3d9f-44aa-b3d8-22dedcbe83ba}
04-27 13:43:33.475 E/Profiler( 1160): BEGIN mozilla_sampler_init
04-27 13:43:33.515 E/Profiler( 1160): BPUnw: [1 total] thread_register_for_profiling(me=0x400ad488, stacktop=0xbedf09b7)
04-27 13:43:33.515 E/Profiler( 1160): SPS:
04-27 13:43:33.515 E/Profiler( 1160): SPS: Unwind mode       = pseudo
04-27 13:43:33.515 E/Profiler( 1160): SPS: Sampling interval = 0 ms (zero means "platform default")
04-27 13:43:33.515 E/Profiler( 1160): SPS: Entry store size  = 0 (zero means "platform default")
04-27 13:43:33.515 E/Profiler( 1160): SPS: UnwindStackScan   = 0 (max dubious frames per unwind).
04-27 13:43:33.515 E/Profiler( 1160): SPS: Use env var MOZ_PROFILER_MODE=help for further information.
04-27 13:43:33.515 E/Profiler( 1160): SPS:
04-27 13:43:33.515 E/Profiler( 1160): Registering start signal
04-27 13:43:33.845 E/GeckoConsole( 1160): Could not read chrome manifest 'file:///system/b2g/chrome.manifest'.
04-27 13:43:34.155 I/Gecko   (   84): [Parent 84] WARNING: waitpid failed pid:1034 errno:10: file ../../../gecko/ipc/chromium/src/base/process_util_posix.cc, line 254
04-27 13:43:34.155 I/Gecko   (   84): [Parent 84] WARNING: Failed to deliver SIGKILL to 1034!(3).: file ../../../gecko/ipc/chromium/src/chrome/common/process_watcher_posix_sigchld.cc, line 118
04-27 13:43:34.255 I/Gecko   (   84): 1398631414270	Marionette	INFO	sendToClient: {"from":"0","value":"app://homescreen.gaiamobile.org/index.html#root"}, {56b27af9-fe50-45f9-97e5-449ebcccb6a1}, {56b27af9-fe50-45f9-97e5-449ebcccb6a1}
04-27 13:43:34.265 I/Gecko   (   84): 1398631414276	Marionette	DEBUG	Got request: switchToFrame, data: {"to":"0","sessionId":"3-b2g","name":"switchToFrame","parameters":{"id":null,"focus":true}}, id: {6ee1308b-73c6-4530-afca-20989ce79270}
04-27 13:43:34.305 I/Gecko   (   84): 1398631414319	Marionette	INFO	Switched to frame: {"frameValue":null}
04-27 13:43:34.455 I/Gecko   (   84): 1398631414467	Marionette	INFO	sendToClient: {"from":"0","ok":true}, {6ee1308b-73c6-4530-afca-20989ce79270}, {6ee1308b-73c6-4530-afca-20989ce79270}
04-27 13:43:34.465 I/Gecko   (   84): 1398631414473	Marionette	DEBUG	Got request: switchToFrame, data: {"to":"0","sessionId":"3-b2g","name":"switchToFrame","parameters":{"id":null,"focus":true}}, id: {059819c5-c122-4738-bcb7-26d2e016c252}
04-27 13:43:34.465 I/Gecko   (   84): 1398631414475	Marionette	INFO	Switched to frame: {"frameValue":null}
04-27 13:43:34.505 W/WifiHW  (   84): wifi_command: SIGNAL_POLL
04-27 13:43:34.575 I/Gecko   (   84): 1398631414586	Marionette	INFO	sendToClient: {"from":"0","ok":true}, {059819c5-c122-4738-bcb7-26d2e016c252}, {059819c5-c122-4738-bcb7-26d2e016c252}
04-27 13:43:34.605 I/Gecko   (   84): 1398631414620	Marionette	DEBUG	Got request: executeWithCallback, data: {"to":"0","sessionId":"3-b2g","name":"executeAsyncScript","parameters":{"specialPowers":false,"scriptTimeout":null,"newSandbox":true,"args":[],"filename":"gaia_test.py","script":"GaiaApps.killAll()","line":91}}, id: {ddc6e013-fa51-499f-ab7d-14afb80300bf}
04-27 13:43:34.835 I/Gecko   (   84): 1398631414843	Marionette	INFO	sendToClient: {"from":"0","value":true}, {ddc6e013-fa51-499f-ab7d-14afb80300bf}, {ddc6e013-fa51-499f-ab7d-14afb80300bf}
04-27 13:43:35.295 I/Gecko   (   84): 1398631415302	Marionette	DEBUG	Got request: switchToFrame, data: {"to":"0","sessionId":"3-b2g","name":"switchToFrame","parameters":{"id":null,"focus":true}}, id: {763d6629-f377-4376-9ff1-a39ccc48b837}
04-27 13:43:35.295 I/Gecko   (   84): 1398631415305	Marionette	INFO	Switched to frame: {"frameValue":null}
04-27 13:43:35.415 I/Gecko   (   84): 1398631415423	Marionette	INFO	sendToClient: {"from":"0","ok":true}, {763d6629-f377-4376-9ff1-a39ccc48b837}, {763d6629-f377-4376-9ff1-a39ccc48b837}
04-27 13:43:35.425 I/Gecko   (   84): 1398631415435	Marionette	DEBUG	Got request: executeWithCallback, data: {"to":"0","sessionId":"3-b2g","name":"executeAsyncScript","parameters":{"specialPowers":false,"scriptTimeout":60000,"newSandbox":true,"args":[],"filename":"app_checker.py","script":"\n        GaiaApps.locateWithManifestURL('https://marketplace.firefox.com/app/0e32faf7-8595-4ccb-9448-48904d07a500/manifest.webapp',\n                                       null,\n                                       function uninstall(app) {\n                                       navigator.mozApps.mgmt.uninstall(app);\n                                       marionetteScriptFinished(true);\n                                       });\n        ","line":129}}, id: {e40647b8-40b6-42e4-995e-abb4266dd24f}
04-27 13:43:35.505 I/Gecko   (   84): -- webapps.js uninstall https://marketplace.firefox.com/app/0e32faf7-8595-4ccb-9448-48904d07a500/manifest.webapp
04-27 13:43:37.035 I/Gecko   (   84): 1398631417050	Marionette	INFO	sendToClient: {"from":"0","value":true}, {e40647b8-40b6-42e4-995e-abb4266dd24f}, {e40647b8-40b6-42e4-995e-abb4266dd24f}