--------- beginning of /dev/log/main
04-25 19:32:23.114 I/Gecko   (   84): 1398479543128	Marionette	INFO	sendToClient: {"from":"0","ok":true}, {abcda803-375c-416b-bf06-2be28a9cff52}, {abcda803-375c-416b-bf06-2be28a9cff52}
04-25 19:32:23.154 I/Gecko   (   84): 1398479543166	Marionette	DEBUG	Got request: switchToFrame, data: {"to":"0","sessionId":"3-b2g","name":"switchToFrame","parameters":{"id":null,"focus":true}}, id: {5fb54ad6-10e3-41b1-a395-7b7f896127b5}
04-25 19:32:23.154 I/Gecko   (   84): 1398479543168	Marionette	INFO	Switched to frame: {"frameValue":null}
04-25 19:32:23.264 I/Gecko   (   84): 1398479543276	Marionette	INFO	sendToClient: {"from":"0","ok":true}, {5fb54ad6-10e3-41b1-a395-7b7f896127b5}, {5fb54ad6-10e3-41b1-a395-7b7f896127b5}
04-25 19:32:23.264 I/Gecko   (   84): 1398479543282	Marionette	DEBUG	Got request: executeWithCallback, data: {"to":"0","sessionId":"3-b2g","name":"executeAsyncScript","parameters":{"specialPowers":false,"scriptTimeout":null,"newSandbox":true,"args":[],"filename":"gaia_test.py","script":"return GaiaApps.displayedApp();","line":66}}, id: {70ef0d37-0174-4999-9e8d-1d385be26d2f}
04-25 19:32:23.304 I/Gecko   (   84): 1398479543319	Marionette	INFO	sendToClient: {"from":"0","value":{"frame":{"ELEMENT":"{ee9c33c3-aa0e-4661-889d-fbf6c653ced1}"},"src":"app://homescreen.gaiamobile.org/index.html#root","name":"Homescreen","origin":"app://homescreen.gaiamobile.org"}}, {70ef0d37-0174-4999-9e8d-1d385be26d2f}, {70ef0d37-0174-4999-9e8d-1d385be26d2f}
04-25 19:32:23.314 I/Gecko   (   84): 1398479543327	Marionette	DEBUG	Got request: switchToFrame, data: {"to":"0","sessionId":"3-b2g","name":"switchToFrame","parameters":{"id":null,"focus":true}}, id: {388b4361-3be2-4e7c-b73d-805b1a4dcec3}
04-25 19:32:23.314 E/GeckoConsole(   84): Content JS LOG at dummy file:392 in GaiaApps.displayedApp: app with origin 'app://homescreen.gaiamobile.org' is displayed
04-25 19:32:23.324 I/Gecko   (   84): 1398479543335	Marionette	INFO	Switched to frame: {"frameValue":null}
04-25 19:32:23.424 I/Gecko   (   84): 1398479543438	Marionette	INFO	sendToClient: {"from":"0","ok":true}, {388b4361-3be2-4e7c-b73d-805b1a4dcec3}, {388b4361-3be2-4e7c-b73d-805b1a4dcec3}
04-25 19:32:23.434 I/Gecko   (   84): 1398479543444	Marionette	DEBUG	Got request: switchToFrame, data: {"to":"0","sessionId":"3-b2g","name":"switchToFrame","parameters":{"id":null,"focus":true}}, id: {0bf1214b-02c0-4a0e-b6da-712ae2b21c1a}
04-25 19:32:23.434 I/Gecko   (   84): 1398479543446	Marionette	INFO	Switched to frame: {"frameValue":null}
04-25 19:32:23.474 E/GeckoConsole( 1099): Content JS ERROR at app://homescreen.gaiamobile.org/gaia_build_defer_index.js:390 in loadSVConfFileError: Failed parsing singleVariant configuration file [js/singlevariantconf.json]:  [Exception... "File error: Not found"  nsresult: "0x80520012 (NS_ERROR_FILE_NOT_FOUND)"  location: "JS frame :: app://homescreen.gaiamobile.org/gaia_build_defer_index.js :: loadFile :: line 382"  data: no]
04-25 19:32:23.554 I/Gecko   (   84): 1398479543566	Marionette	INFO	sendToClient: {"from":"0","ok":true}, {0bf1214b-02c0-4a0e-b6da-712ae2b21c1a}, {0bf1214b-02c0-4a0e-b6da-712ae2b21c1a}
04-25 19:32:23.554 I/Gecko   (   84): 1398479543572	Marionette	DEBUG	Got request: executeWithCallback, data: {"to":"0","sessionId":"3-b2g","name":"executeAsyncScript","parameters":{"specialPowers":false,"scriptTimeout":null,"newSandbox":true,"args":[],"filename":"gaia_test.py","script":"return GaiaApps.displayedApp();","line":66}}, id: {eff34f03-9a23-4413-8e41-03f422b29212}
04-25 19:32:23.634 I/Gecko   (   84): 1398479543646	Marionette	INFO	sendToClient: {"from":"0","value":{"frame":{"ELEMENT":"{ee9c33c3-aa0e-4661-889d-fbf6c653ced1}"},"src":"app://homescreen.gaiamobile.org/index.html#root","name":"Homescreen","origin":"app://homescreen.gaiamobile.org"}}, {eff34f03-9a23-4413-8e41-03f422b29212}, {eff34f03-9a23-4413-8e41-03f422b29212}
04-25 19:32:23.644 E/GeckoConsole(   84): Content JS LOG at dummy file:392 in GaiaApps.displayedApp: app with origin 'app://homescreen.gaiamobile.org' is displayed
04-25 19:32:23.644 I/Gecko   (   84): 1398479543661	Marionette	DEBUG	Got request: switchToFrame, data: {"to":"0","sessionId":"3-b2g","name":"switchToFrame","parameters":{"focus":true,"element":"{ee9c33c3-aa0e-4661-889d-fbf6c653ced1}"}}, id: {9b053eb5-7d83-4597-b904-86bea7b07b76}
04-25 19:32:23.654 I/Gecko   (   84): 1398479543670	Marionette	INFO	Switched to frame: {"frameValue":"{ee9c33c3-aa0e-4661-889d-fbf6c653ced1}"}
04-25 19:32:23.664 I/Gecko   (   84): 1398479543680	Marionette	INFO	trying remote frame 0
04-25 19:32:23.664 I/Gecko   (   84): 1398479543682	Marionette	INFO	trying remote frame 1
04-25 19:32:23.664 I/Gecko   (   84): 1398479543682	Marionette	INFO	trying remote frame 2
04-25 19:32:23.664 I/Gecko   (   84): 1398479543683	Marionette	INFO	deleting frame
04-25 19:32:23.674 I/Gecko   (   84): 1398479543688	Marionette	INFO	frame-manager load script: [object ChromeMessageSender]
04-25 19:32:23.934 I/Gecko   (   84): 1398479543951	Marionette	INFO	sendToClient: {"from":"0","ok":true}, {9b053eb5-7d83-4597-b904-86bea7b07b76}, {9b053eb5-7d83-4597-b904-86bea7b07b76}
04-25 19:32:24.074 I/Gecko   (   84): 1398479544092	Marionette	INFO	sendToClient: {"from":"0","value":{"ELEMENT":"{fa795fcb-a46e-4d14-afb4-8b4e2a8cdb9e}"}}, {69654545-cbfa-4289-96b9-ab2113a31660}, {69654545-cbfa-4289-96b9-ab2113a31660}
04-25 19:32:24.354 E/GeckoConsole( 1099): [JavaScript Warning: "Use of getAttributeNode() is deprecated. Use getAttribute() instead." {file: "chrome://marionette/content/atoms.js" line: 25}]
04-25 19:32:24.374 E/GeckoConsole( 1099): [JavaScript Warning: "Use of attributes' specified attribute is deprecated. It always returns true." {file: "chrome://marionette/content/atoms.js" line: 25}]
04-25 19:32:24.374 I/Gecko   (   84): 1398479544393	Marionette	INFO	sendToClient: {"from":"0","value":"normal"}, {4751dfc1-611d-4f19-b40d-f45f49a3cbec}, {4751dfc1-611d-4f19-b40d-f45f49a3cbec}
04-25 19:32:24.384 I/Gecko   (   84): 1398479544400	Marionette	DEBUG	Got request: switchToFrame, data: {"to":"0","sessionId":"3-b2g","name":"switchToFrame","parameters":{"id":null,"focus":true}}, id: {dc2ffd5d-af58-4412-81ac-104245240171}
04-25 19:32:24.404 I/Gecko   (   84): 1398479544417	Marionette	INFO	Switched to frame: {"frameValue":null}
04-25 19:32:24.504 I/Gecko   (   84): 1398479544520	Marionette	INFO	sendToClient: {"from":"0","ok":true}, {dc2ffd5d-af58-4412-81ac-104245240171}, {dc2ffd5d-af58-4412-81ac-104245240171}
04-25 19:32:24.514 I/Gecko   (   84): 1398479544526	Marionette	DEBUG	Got request: execute, data: {"to":"0","sessionId":"3-b2g","name":"executeScript","parameters":{"specialPowers":false,"scriptTimeout":null,"newSandbox":true,"args":[],"filename":"gaia_test.py","script":"window.wrappedJSObject.dispatchEvent(new Event('home'));","line":788}}, id: {aea3f3d9-c8b5-4a96-9351-323a94b0e8b0}
04-25 19:32:24.584 I/Gecko   (   84): 1398479544599	Marionette	INFO	sendToClient: {"from":"0","value":null}, {aea3f3d9-c8b5-4a96-9351-323a94b0e8b0}, {aea3f3d9-c8b5-4a96-9351-323a94b0e8b0}
04-25 19:32:24.594 I/Gecko   (   84): 1398479544607	Marionette	DEBUG	Got request: switchToFrame, data: {"to":"0","sessionId":"3-b2g","name":"switchToFrame","parameters":{"id":null,"focus":true}}, id: {67111941-42e0-4d9b-aa77-400ef5c3383b}
04-25 19:32:24.604 I/Gecko   (   84): 1398479544615	Marionette	INFO	Switched to frame: {"frameValue":null}
04-25 19:32:24.704 I/Gecko   (   84): 1398479544721	Marionette	INFO	sendToClient: {"from":"0","ok":true}, {67111941-42e0-4d9b-aa77-400ef5c3383b}, {67111941-42e0-4d9b-aa77-400ef5c3383b}
04-25 19:32:24.714 I/Gecko   (   84): 1398479544727	Marionette	DEBUG	Got request: switchToFrame, data: {"to":"0","sessionId":"3-b2g","name":"switchToFrame","parameters":{"id":null,"focus":true}}, id: {0cb819c8-a536-437a-8aa4-236409c1050b}
04-25 19:32:24.714 I/Gecko   (   84): 1398479544729	Marionette	INFO	Switched to frame: {"frameValue":null}
04-25 19:32:24.814 I/Gecko   (   84): 1398479544833	Marionette	INFO	sendToClient: {"from":"0","ok":true}, {0cb819c8-a536-437a-8aa4-236409c1050b}, {0cb819c8-a536-437a-8aa4-236409c1050b}
04-25 19:32:24.824 I/Gecko   (   84): 1398479544838	Marionette	DEBUG	Got request: executeWithCallback, data: {"to":"0","sessionId":"3-b2g","name":"executeAsyncScript","parameters":{"specialPowers":false,"scriptTimeout":null,"newSandbox":true,"args":[],"filename":"gaia_test.py","script":"return GaiaApps.displayedApp();","line":66}}, id: {71e4a213-a15f-4aad-b5cf-436a913b8065}
04-25 19:32:24.904 I/Gecko   (   84): 1398479544919	Marionette	INFO	sendToClient: {"from":"0","value":{"frame":{"ELEMENT":"{ee9c33c3-aa0e-4661-889d-fbf6c653ced1}"},"src":"app://homescreen.gaiamobile.org/index.html#rootFri%20Apr%2025%202014%2019:32:24%20GMT-0700%20(UTC)","name":"Homescreen","origin":"app://homescreen.gaiamobile.org"}}, {71e4a213-a15f-4aad-b5cf-436a913b8065}, {71e4a213-a15f-4aad-b5cf-436a913b8065}
04-25 19:32:24.944 E/GeckoConsole(   84): Content JS LOG at dummy file:392 in GaiaApps.displayedApp: app with origin 'app://homescreen.gaiamobile.org' is displayed
04-25 19:32:24.944 I/Gecko   (   84): 1398479544957	Marionette	DEBUG	Got request: switchToFrame, data: {"to":"0","sessionId":"3-b2g","name":"switchToFrame","parameters":{"focus":true,"element":"{ee9c33c3-aa0e-4661-889d-fbf6c653ced1}"}}, id: {f4141b1a-0b7b-441a-8b58-c1e2b4ed270a}
04-25 19:32:24.954 I/Gecko   (   84): 1398479544969	Marionette	INFO	Switched to frame: {"frameValue":"{ee9c33c3-aa0e-4661-889d-fbf6c653ced1}"}
04-25 19:32:24.964 I/Gecko   (   84): 1398479544976	Marionette	INFO	trying remote frame 0
04-25 19:32:24.964 I/Gecko   (   84): 1398479544977	Marionette	INFO	trying remote frame 1
04-25 19:32:24.964 I/Gecko   (   84): 1398479544978	Marionette	INFO	trying remote frame 2
04-25 19:32:25.274 I/Gecko   (   84): 1398479545284	Marionette	INFO	sendToClient: {"from":"0","ok":true}, {f4141b1a-0b7b-441a-8b58-c1e2b4ed270a}, {f4141b1a-0b7b-441a-8b58-c1e2b4ed270a}
04-25 19:32:25.294 I/Gecko   (   84): 1398479545304	Marionette	DEBUG	Got request: execute, data: {"to":"0","sessionId":"3-b2g","name":"executeScript","parameters":{"specialPowers":false,"scriptTimeout":null,"newSandbox":true,"args":[],"filename":"gaia_test.py","script":"return window.wrappedJSObject.GridManager.pageHelper.getCurrentPageNumber();","line":784}}, id: {549f73e4-936a-4146-b65f-68ff1df0245e}
04-25 19:32:25.304 W/WifiHW  (   84): wifi_command: SIGNAL_POLL
04-25 19:32:25.584 I/Gecko   (   84): 1398479545595	Marionette	INFO	sendToClient: {"from":"0","value":0}, {549f73e4-936a-4146-b65f-68ff1df0245e}, {549f73e4-936a-4146-b65f-68ff1df0245e}
04-25 19:32:25.814 I/Gecko   (   84): 1398479545826	Marionette	INFO	sendToClient: {"from":"0","value":["{5d3daab6-282d-4a3b-9488-d2be5f957669}","{7cc5ca72-0121-4876-8179-1312ceff46c9}","{8e6febf7-ec9b-4a49-8122-8deea47d3f70}","{022c31f1-2ca9-404e-94a6-b7dc7a89fa1f}","{a08ce527-7d0b-4722-9751-d60fe5e8f9bc}","{a5b32f79-3002-419d-86ef-2e8d4043f3b5}","{c010ac08-955f-4d35-ae50-5668baa942fd}","{e2ab9a0d-b980-43e2-947a-2a4274993aa1}","{dcba8916-5325-4941-9fba-17b327c68903}","{986793d0-202a-4eb1-aca9-7984437ca90c}","{1b719b78-03d1-41e5-b3e6-8b6ed2243bf3}","{1387c49c-1c47-43aa-a9ec-3e8e25325178}","{0b36d143-aab8-461f-a2e4-9d8147e56092}","{91a58ff2-e355-4167-a97d-73917683a6a1}","{4dbc530f-9e3d-4f1f-9a95-2d4802d8fddd}","{72268a1a-bec4-4403-b4b5-dfce0857e27b}","{12e1446b-5372-4ab5-8f72-1a1a27a735e2}","{9faf6597-2de0-4944-a508-746ca6db8b3e}","{82e91bab-1e4f-4dc2-9705-2ada21c1fe61}","{836d5894-ebb4-4fb0-a7a8-54336131c349}","{26c90e24-8feb-444e-a4c4-810868ae5982}","{1f2e9315-dcec-49e4-a46f-79af2b957eb1}","{601f9033-d562-4599-9f57-c3977ce65a00}","{f6eb117b-5bf1
04-25 19:32:26.864 I/Gecko   (   84): 1398479546876	Marionette	INFO	sendToClient: {"from":"0","value":"app://homescreen.gaiamobile.org/index.html#rootFri%20Apr%2025%202014%2019:32:24%20GMT-0700%20(UTC)"}, {2becb318-7895-454d-9046-747cd84a3ad0}, {2becb318-7895-454d-9046-747cd84a3ad0}
04-25 19:32:26.864 I/Gecko   (   84): 1398479546883	Marionette	DEBUG	Got request: switchToFrame, data: {"to":"0","sessionId":"3-b2g","name":"switchToFrame","parameters":{"id":null,"focus":true}}, id: {a032e5e6-7cdf-4c4f-b54a-29f9133d6014}
04-25 19:32:26.894 I/Gecko   (   84): 1398479546911	Marionette	INFO	Switched to frame: {"frameValue":null}
04-25 19:32:27.014 I/Gecko   (   84): 1398479547029	Marionette	INFO	sendToClient: {"from":"0","ok":true}, {a032e5e6-7cdf-4c4f-b54a-29f9133d6014}, {a032e5e6-7cdf-4c4f-b54a-29f9133d6014}
04-25 19:32:27.024 I/Gecko   (   84): 1398479547035	Marionette	DEBUG	Got request: switchToFrame, data: {"to":"0","sessionId":"3-b2g","name":"switchToFrame","parameters":{"id":null,"focus":true}}, id: {3aad2670-71ed-4276-ac54-a54740602e89}
04-25 19:32:27.024 I/Gecko   (   84): 1398479547040	Marionette	INFO	Switched to frame: {"frameValue":null}
04-25 19:32:27.054 E/GeckoConsole( 1099): Content JS WARN at app://homescreen.gaiamobile.org/gaia_build_defer_index.js:184 in isHiddenApp: Unexpected role when checking hidden app: undefined
04-25 19:32:27.054 E/GeckoConsole( 1099): Content JS WARN at app://homescreen.gaiamobile.org/gaia_build_defer_index.js:184 in isHiddenApp: Unexpected role when checking hidden app: undefined
04-25 19:32:27.054 E/GeckoConsole( 1099): Content JS WARN at app://homescreen.gaiamobile.org/gaia_build_defer_index.js:184 in isHiddenApp: Unexpected role when checking hidden app: undefined
04-25 19:32:27.054 E/GeckoConsole( 1099): Content JS WARN at app://homescreen.gaiamobile.org/gaia_build_defer_index.js:184 in isHiddenApp: Unexpected role when checking hidden app: undefined
04-25 19:32:27.054 E/GeckoConsole( 1099): Content JS WARN at app://homescreen.gaiamobile.org/gaia_build_defer_index.js:184 in isHiddenApp: Unexpected role when checking hidden app: undefined
04-25 19:32:27.054 E/GeckoConsole( 1099): Content JS WARN at app://homescreen.gaiamobile.org/gaia_build_defer_index.js:184 in isHiddenApp: Unexpected role when checking hidden app: undefined
04-25 19:32:27.054 E/GeckoConsole( 1099): Content JS WARN at app://homescreen.gaiamobile.org/gaia_build_defer_index.js:184 in isHiddenApp: Unexpected role when checking hidden app: undefined
04-25 19:32:27.054 E/GeckoConsole( 1099): Content JS WARN at app://homescreen.gaiamobile.org/gaia_build_defer_index.js:184 in isHiddenApp: Unexpected role when checking hidden app: undefined
04-25 19:32:27.054 E/GeckoConsole( 1099): Content JS WARN at app://homescreen.gaiamobile.org/gaia_build_defer_index.js:184 in isHiddenApp: Unexpected role when checking hidden app: undefined
04-25 19:32:27.064 E/GeckoConsole( 1099): Content JS WARN at app://homescreen.gaiamobile.org/gaia_build_defer_index.js:184 in isHiddenApp: Unexpected role when checking hidden app: undefined
04-25 19:32:27.064 E/GeckoConsole( 1099): Content JS WARN at app://homescreen.gaiamobile.org/gaia_build_defer_index.js:184 in isHiddenApp: Unexpected role when checking hidden app: undefined
04-25 19:32:27.064 E/GeckoConsole( 1099): Content JS WARN at app://homescreen.gaiamobile.org/gaia_build_defer_index.js:184 in isHiddenApp: Unexpected role when checking hidden app: undefined
04-25 19:32:27.064 E/GeckoConsole( 1099): Content JS WARN at app://homescreen.gaiamobile.org/gaia_build_defer_index.js:184 in isHiddenApp: Unexpected role when checking hidden app: undefined
04-25 19:32:27.064 E/GeckoConsole( 1099): Content JS WARN at app://homescreen.gaiamobile.org/gaia_build_defer_index.js:184 in isHiddenApp: Unexpected role when checking hidden app: undefined
04-25 19:32:27.064 E/GeckoConsole( 1099): Content JS WARN at app://homescreen.gaiamobile.org/gaia_build_defer_index.js:184 in isHiddenApp: Unexpected role when checking hidden app: undefined
04-25 19:32:27.064 E/GeckoConsole( 1099): Content JS WARN at app://homescreen.gaiamobile.org/gaia_build_defer_index.js:184 in isHiddenApp: Unexpected role when checking hidden app: undefined
04-25 19:32:27.064 E/GeckoConsole( 1099): Content JS WARN at app://homescreen.gaiamobile.org/gaia_build_defer_index.js:184 in isHiddenApp: Unexpected role when checking hidden app: undefined
04-25 19:32:27.064 E/GeckoConsole( 1099): Content JS WARN at app://homescreen.gaiamobile.org/gaia_build_defer_index.js:184 in isHiddenApp: Unexpected role when checking hidden app: undefined
04-25 19:32:27.064 E/GeckoConsole( 1099): Content JS WARN at app://homescreen.gaiamobile.org/gaia_build_defer_index.js:184 in isHiddenApp: Unexpected role when checking hidden app: undefined
04-25 19:32:27.064 E/GeckoConsole( 1099): Content JS WARN at app://homescreen.gaiamobile.org/gaia_build_defer_index.js:184 in isHiddenApp: Unexpected role when checking hidden app: undefined
04-25 19:32:27.064 E/GeckoConsole( 1099): Content JS WARN at app://homescreen.gaiamobile.org/gaia_build_defer_index.js:184 in isHiddenApp: Unexpected role when checking hidden app: undefined
04-25 19:32:27.064 E/GeckoConsole( 1099): Content JS WARN at app://homescreen.gaiamobile.org/gaia_build_defer_index.js:184 in isHiddenApp: Unexpected role when checking hidden app: undefined
04-25 19:32:27.064 E/GeckoConsole( 1099): Content JS WARN at app://homescreen.gaiamobile.org/gaia_build_defer_index.js:184 in isHiddenApp: Unexpected role when checking hidden app: undefined
04-25 19:32:27.064 E/GeckoConsole( 1099): Content JS WARN at app://homescreen.gaiamobile.org/gaia_build_defer_index.js:184 in isHiddenApp: Unexpected role when checking hidden app: undefined
04-25 19:32:27.074 E/GeckoConsole( 1099): Content JS WARN at app://homescreen.gaiamobile.org/gaia_build_defer_index.js:184 in isHiddenApp: Unexpected role when checking hidden app: undefined
04-25 19:32:27.074 E/GeckoConsole( 1099): Content JS WARN at app://homescreen.gaiamobile.org/gaia_build_defer_index.js:184 in isHiddenApp: Unexpected role when checking hidden app: undefined
04-25 19:32:27.074 E/GeckoConsole( 1099): Content JS WARN at app://homescreen.gaiamobile.org/gaia_build_defer_index.js:184 in isHiddenApp: Unexpected role when checking hidden app: undefined
04-25 19:32:27.074 E/GeckoConsole( 1099): Content JS WARN at app://homescreen.gaiamobile.org/gaia_build_defer_index.js:184 in isHiddenApp: Unexpected role when checking hidden app: undefined
04-25 19:32:27.134 I/Gecko   (   84): 1398479547151	Marionette	INFO	sendToClient: {"from":"0","ok":true}, {3aad2670-71ed-4276-ac54-a54740602e89}, {3aad2670-71ed-4276-ac54-a54740602e89}
04-25 19:32:27.144 I/Gecko   (   84): 1398479547158	Marionette	DEBUG	Got request: executeWithCallback, data: {"to":"0","sessionId":"3-b2g","name":"executeAsyncScript","parameters":{"specialPowers":false,"scriptTimeout":30000,"newSandbox":true,"args":[],"filename":"app_checker.py","script":"GaiaApps.launchWithManifestURL('https://marketplace.firefox.com/app/1f8d406a-2cfc-4954-8828-e13222065c01/manifest.webapp')","line":106}}, id: {da90793d-54eb-44b6-8114-83a9ba2b9894}
04-25 19:32:27.404 I/Gonk    (   84): Setting nice for pid 1108 to 18
04-25 19:32:27.414 I/Gonk    (   84): Changed nice for pid 1108 from 18 to 18.
04-25 19:32:27.414 I/Gecko   (   84): [Parent 84] WARNING: waitpid failed pid:1108 errno:10: file ../../../gecko/ipc/chromium/src/base/process_util_posix.cc, line 254
04-25 19:32:27.414 I/Gonk    (   84): Setting nice for pid 1108 to 1
04-25 19:32:27.414 I/Gonk    (   84): Changed nice for pid 1108 from 18 to 1.
04-25 19:32:27.454 E/GeckoConsole(   84): Content JS LOG at dummy file:334 in GaiaApps.launch: launching app with name 'multiConvert'
04-25 19:32:27.634 E/[Gralloc-ERROR](   84): int gralloc_register_buffer(const gralloc_module_t*, const native_handle_t*):79 Unable to register handle 0x4a5471f0 coming from different process: 84
04-25 19:32:27.634 E/[Gralloc-ERROR](   84): int gralloc_register_buffer(const gralloc_module_t*, const native_handle_t*):79 Unable to register handle 0x4a547290 coming from different process: 84
04-25 19:32:27.644 E/[Gralloc-ERROR](   84): int gralloc_register_buffer(const gralloc_module_t*, const native_handle_t*):79 Unable to register handle 0x4a5473d0 coming from different process: 84
04-25 19:32:27.644 E/[Gralloc-ERROR](   84): int gralloc_register_buffer(const gralloc_module_t*, const native_handle_t*):79 Unable to register handle 0x4a547560 coming from different process: 84
04-25 19:32:27.964 D/Sensors (   84): activate handle=0; drv=0
04-25 19:32:27.984 D/Sensors (   84): Lis3dhSensor: Control set 1
04-25 19:32:27.984 D/Sensors (   84): Lis3dhSensor: mEnabled = 1
04-25 19:32:28.004 I/Gonk    (   84): Setting nice for pid 1099 to 18
04-25 19:32:28.014 I/Gonk    (   84): Changed nice for pid 1099 from 1 to 18.
04-25 19:32:28.284 V/AudioPolicyManagerBase(   89): startOutput() output 1, stream 1, session 4
04-25 19:32:28.284 V/AudioPolicyManagerBase(   89): changeRefCount() stream 1, count 1
04-25 19:32:28.284 V/AudioPolicyManagerBase(   89): getDeviceForStrategy() from cache strategy 0, device 2
04-25 19:32:28.284 V/AudioPolicyManagerBase(   89): getNewDevice() selected device 2
04-25 19:32:28.284 D/AudioPolicyManagerBase(   89): setOutputDevice() output 1 device 2 delayMs 0
04-25 19:32:28.284 V/AudioPolicyManagerBase(   89): setOutputDevice() setting same device 2 or null device for output 1
04-25 19:32:28.284 E/AudioPolicyManagerBase(   89): checkAndSetVolume stream=1, index=0, output=1, device=2
04-25 19:32:28.284 E/AudioPolicyManagerBase(   89): computeVolume, streamDesc=0x1a95bb8
04-25 19:32:28.324 W/AudioFlinger(   89): Thread AudioOut_1 cannot connect to the power manager service
04-25 19:32:28.324 V/AudioPolicyManagerBase(   89): stopOutput() output 1, stream 1, session 4
04-25 19:32:28.324 V/AudioPolicyManagerBase(   89): changeRefCount() stream 1, count 0
04-25 19:32:28.324 V/AudioPolicyManagerBase(   89): getNewDevice() selected device 0
04-25 19:32:28.324 D/AudioPolicyManagerBase(   89): setOutputDevice() output 1 device 0 delayMs 290
04-25 19:32:28.324 V/AudioPolicyManagerBase(   89): setOutputDevice() setting same device 0 or null device for output 1
04-25 19:32:28.324 V/AudioPolicyManagerBase(   89): releaseOutput() 1
04-25 19:32:28.974 I/Gecko   ( 1108): ###################################### forms.js loaded
04-25 19:32:29.004 I/Gecko   ( 1108): ############################### browserElementPanning.js loaded
04-25 19:32:29.024 I/Gecko   ( 1108): ######################## BrowserElementChildPreload.js loaded
04-25 19:32:29.544 I/Gecko   (   84): [Parent 84] WARNING: pipe error (143): Connection reset by peer: file ../../../gecko/ipc/chromium/src/chrome/common/ipc_channel_posix.cc, line 446
04-25 19:32:29.544 I/Gecko   (   84): 
04-25 19:32:29.544 I/Gecko   (   84): ###!!! [Parent][MessageChannel] Error: Channel error: cannot send/recv
04-25 19:32:29.544 I/Gecko   (   84): 
04-25 19:32:29.614 I/Gecko   (   84): [Parent 84] WARNING: waitpid failed pid:1099 errno:10: file ../../../gecko/ipc/chromium/src/base/process_util_posix.cc, line 254
04-25 19:32:29.624 E/GeckoConsole( 1108): [JavaScript Error: "The character encoding of the HTML document was not declared. The document will render with garbled text in some browser configurations if the document contains characters from outside the US-ASCII range. The character encoding of the page must be declared in the document or in the transfer protocol." {file: "app://{d0cef025-6390-44ac-8fc6-bde1e695a0a8}/index.html" line: 0}]
04-25 19:32:29.624 E/GeckoConsole( 1108): [JavaScript Warning: "Unknown property 'box-sizing'.  Declaration dropped." {file: "app://{d0cef025-6390-44ac-8fc6-bde1e695a0a8}/style.css" line: 156 column: 11 source: "	box-sizing:border-box;"}]
04-25 19:32:29.624 E/GeckoConsole( 1108): [JavaScript Warning: "Unknown property 'box-sizing'.  Declaration dropped." {file: "app://{d0cef025-6390-44ac-8fc6-bde1e695a0a8}/style.css" line: 166 column: 11 source: "	box-sizing:border-box;"}]
04-25 19:32:30.134 I/Gonk    (   84): Setting nice for pid 1171 to 18
04-25 19:32:30.134 I/Gonk    (   84): Changed nice for pid 1171 from 0 to 18.
04-25 19:32:30.134 E/[Gralloc-ERROR](   84): int gralloc_unregister_buffer(const gralloc_module_t*, const native_handle_t*):274 Trying to unregister buffer 0x4a547290 from process 84 that was not created in current process: 84
04-25 19:32:30.154 E/GeckoConsole(   84): Content JS LOG at dummy file:326 in GaiaApps.launch/appOpen/<: app with origin 'app://{d0cef025-6390-44ac-8fc6-bde1e695a0a8}' has launched
04-25 19:32:30.164 I/Gecko   (   84): 1398479550175	Marionette	INFO	sendToClient: {"from":"0","value":{"frame":{"ELEMENT":"{657cff3a-6f34-4b1c-b8c4-b6c7666b0cb9}"},"src":"app://{d0cef025-6390-44ac-8fc6-bde1e695a0a8}/index.html","name":"multiConvert","origin":"app://{d0cef025-6390-44ac-8fc6-bde1e695a0a8}"}}, {da90793d-54eb-44b6-8114-83a9ba2b9894}, {da90793d-54eb-44b6-8114-83a9ba2b9894}
04-25 19:32:30.174 E/[Gralloc-ERROR](   84): int gralloc_unregister_buffer(const gralloc_module_t*, const native_handle_t*):274 Trying to unregister buffer 0x4a5471f0 from process 84 that was not created in current process: 84
04-25 19:32:30.174 E/[Gralloc-ERROR](   84): int gralloc_unregister_buffer(const gralloc_module_t*, const native_handle_t*):274 Trying to unregister buffer 0x4a547560 from process 84 that was not created in current process: 84
04-25 19:32:30.174 E/[Gralloc-ERROR](   84): int gralloc_unregister_buffer(const gralloc_module_t*, const native_handle_t*):274 Trying to unregister buffer 0x4a5473d0 from process 84 that was not created in current process: 84
04-25 19:32:30.174 I/Gonk    (   84): Setting nice for pid 1171 to 18
04-25 19:32:30.184 I/Gonk    (   84): Changed nice for pid 1171 from 18 to 18.
04-25 19:32:30.184 I/Gecko   (   84): [Parent 84] WARNING: waitpid failed pid:1171 errno:10: file ../../../gecko/ipc/chromium/src/base/process_util_posix.cc, line 254
04-25 19:32:30.254 I/Gecko   (   84): 1398479550247	Marionette	DEBUG	Got request: switchToFrame, data: {"to":"0","sessionId":"3-b2g","name":"switchToFrame","parameters":{"focus":true,"element":"{657cff3a-6f34-4b1c-b8c4-b6c7666b0cb9}"}}, id: {849ad04e-d4ca-4c8c-be60-9c04d0eebbe2}
04-25 19:32:30.274 I/Gecko   (   84): 1398479550288	Marionette	INFO	Switched to frame: {"frameValue":"{657cff3a-6f34-4b1c-b8c4-b6c7666b0cb9}"}
04-25 19:32:30.284 I/Gecko   (   84): 1398479550301	Marionette	INFO	trying remote frame 0
04-25 19:32:30.284 I/Gecko   (   84): 1398479550303	Marionette	INFO	trying remote frame 1
04-25 19:32:30.294 I/Gecko   (   84): 1398479550304	Marionette	INFO	trying remote frame 2
04-25 19:32:30.294 I/Gecko   (   84): 1398479550305	Marionette	INFO	deleting frame
04-25 19:32:30.294 I/Gecko   (   84): 1398479550311	Marionette	INFO	frame-manager load script: [object ChromeMessageSender]
04-25 19:32:30.394 W/WifiHW  (   84): wifi_command: SIGNAL_POLL
04-25 19:32:30.784 I/Gecko   (   84): 1398479550794	Marionette	INFO	sendToClient: {"from":"0","ok":true}, {849ad04e-d4ca-4c8c-be60-9c04d0eebbe2}, {849ad04e-d4ca-4c8c-be60-9c04d0eebbe2}
04-25 19:32:30.794 I/Gecko   (   84): 1398479550808	Marionette	INFO	sendToClient: {"from":"0","value":"app://{d0cef025-6390-44ac-8fc6-bde1e695a0a8}/index.html"}, {5eeb12db-73c3-445d-aca9-3857348fc430}, {5eeb12db-73c3-445d-aca9-3857348fc430}
04-25 19:32:30.804 I/Gecko   (   84): 1398479550814	Marionette	DEBUG	Got request: execute, data: {"to":"0","sessionId":"3-b2g","name":"executeScript","parameters":{"specialPowers":false,"scriptTimeout":null,"newSandbox":true,"args":[],"filename":"app_checker.py","script":"return window.document.readyState;","line":191}}, id: {40033ce5-16e1-4877-a6e8-f00b18bc6b6c}
04-25 19:32:30.844 I/Gecko   (   84): 1398479550858	Marionette	INFO	sendToClient: {"from":"0","value":"complete"}, {40033ce5-16e1-4877-a6e8-f00b18bc6b6c}, {40033ce5-16e1-4877-a6e8-f00b18bc6b6c}
04-25 19:32:30.894 I/Gecko   (   84): 1398479550911	Marionette	INFO	sendToClient: {"from":"0","value":"app://{d0cef025-6390-44ac-8fc6-bde1e695a0a8}/index.html"}, {1eadf211-422c-4274-96f7-badc90b9f2cc}, {1eadf211-422c-4274-96f7-badc90b9f2cc}
04-25 19:32:30.914 I/Gecko   ( 1108): Attempting load of libEGL.so
04-25 19:32:30.934 D/libEGL  ( 1108): loaded /system/lib/egl/libEGL_mali.so
04-25 19:32:30.954 D/libEGL  ( 1108): loaded /system/lib/egl/libGLESv1_CM_mali.so
04-25 19:32:30.954 D/libEGL  ( 1108): loaded /system/lib/egl/libGLESv2_mali.so
04-25 19:32:30.984 I/Gecko   ( 1108): SharedSurface_Gralloc::Create -------
04-25 19:32:30.984 I/Gecko   ( 1108): SharedSurface_Gralloc::Create: success -- surface 0x43f854c0, GraphicBuffer 0x43f4ce80.
04-25 19:32:31.224 I/Gonk    (   84): Setting nice for pid 1171 to 18
04-25 19:32:31.234 I/Gonk    (   84): Changed nice for pid 1171 from 18 to 18.
04-25 19:32:31.424 I/Gecko   (   84): 
04-25 19:32:31.424 I/Gecko   (   84): ###!!! [Parent][MessageChannel] Error: Channel error: cannot send/recv
04-25 19:32:31.424 I/Gecko   (   84): 
04-25 19:32:31.454 I/Gecko   (   84): [Parent 84] WARNING: waitpid failed pid:1171 errno:10: file ../../../gecko/ipc/chromium/src/base/process_util_posix.cc, line 254
04-25 19:32:31.614 I/Gecko   (   84): [Parent 84] WARNING: waitpid failed pid:1099 errno:10: file ../../../gecko/ipc/chromium/src/base/process_util_posix.cc, line 254
04-25 19:32:31.614 I/Gecko   (   84): [Parent 84] WARNING: Failed to deliver SIGKILL to 1099!(3).: file ../../../gecko/ipc/chromium/src/chrome/common/process_watcher_posix_sigchld.cc, line 118
04-25 19:32:31.644 I/Gecko   (   84): 1398479551662	Marionette	INFO	sendToClient: {"from":"0","value":"iVBORw0KGgoAAAANSUhEUgAAAUAAAAHMCAYAAACk4nEJAAAgAElEQVR4nOzd519Uab7v/f4Dzn3O2WefHWfOzN6zZzrMTE9P756OtlkLFSUYCCoZyTmuikAVFFWAIAiKCkiGIgfJIEgQQWhRbFAkl2TW2f267z/gez8oWVoCKhR0Sdfvwfs1Q9WqdBV++rrWWlV8wLIsCCHEEH2g7ydACCH6QgEkhBgsCiAhxGBRAAkhBosCSAgxWBRAQojBogASQgwWBZAQYrAogIQQg0UBJIQYLAogIcRgUQAJIQZrxwdwbm4Ot2/fxu3btzEzM7PttyOE/HLs+AAODQ2Bx+OBx+NhYGBgW273448/oq2tDW1tbRgcHMTy8rLeXzchRHcUwDfcrra2FnZ2dtx2KywsLJCZmYmlpSW9v35CyOb9ogPY2NiIgIAAhIeHr7rd8vIyJiYmMDExsWbIrl69yt2vp6cnkpKSkJSUBF9fX+7y4OBgLCws6H0M9O1N40zI++wXHcCCggLweDxYWVlt6D5ramrA4/FgZGSE4uLiVde3t7fj+PHj4PF4uHbtmt7HQN82O86E6BsF8DWLi4s4e/YseDweEhIS1t3u5s2b4PF4OH36tMHvE6QAkp1qUwG8d+8e+Hw+UlJSsLy8jJKSEvj4+MDKygrOzs64ceMGtzQcHR1FXFwcHBwcYG1tDT6fj/7+/lX32d7eDj6fj4iIiDUfs6OjA3w+f9Uya60ANjY2gs/nw9nZGTweD8bGxuDz+eDz+bh//z5YlsX4+Dh32dOnT7n7u3PnDjf7e/bs2bpj8OrjPnnyROu6+fl5ZGdnc2NiY2MDiUSC9vb2t44ny7Kor6+Hv78/rKysYG9vj7i4OIyNja15G5FItO4yPDExEXw+H+Xl5Ws+P3d3d1haWsLBwQFKpRJDQ0PrPrfk5GQsLy8jOzsbjo6OcHJyeqdxJu
04-25 19:32:31.854 I/Gecko   (   84): 1398479551870	Marionette	INFO	sendToClient: {"from":"0","ok":true}, {8b152920-07e6-4a31-8f3f-3cb83cd81bfe}, {8b152920-07e6-4a31-8f3f-3cb83cd81bfe}
04-25 19:32:31.864 I/Gecko   (   84): 1398479551878	Marionette	DEBUG	Got request: switchToFrame, data: {"to":"0","sessionId":"3-b2g","name":"switchToFrame","parameters":{"id":null,"focus":true}}, id: {38ab9aca-2b4e-43c9-a72b-42db34795c69}
04-25 19:32:31.874 I/Gecko   (   84): 1398479551890	Marionette	INFO	Switched to frame: {"frameValue":null}
04-25 19:32:32.574 I/Gecko   (   84): 1398479552588	Marionette	INFO	sendToClient: {"from":"0","ok":true}, {38ab9aca-2b4e-43c9-a72b-42db34795c69}, {38ab9aca-2b4e-43c9-a72b-42db34795c69}
04-25 19:32:32.594 I/Gecko   (   84): 1398479552604	Marionette	DEBUG	Got request: executeWithCallback, data: {"to":"0","sessionId":"3-b2g","name":"executeAsyncScript","parameters":{"specialPowers":false,"scriptTimeout":null,"newSandbox":true,"args":[],"filename":"gaia_test.py","script":"return GaiaApps.displayedApp();","line":66}}, id: {e296c904-54f5-4c38-86cb-0f130cadb07b}
04-25 19:32:32.714 I/Gonk    (   84): Setting nice for pid 1185 to 18
04-25 19:32:32.714 I/Gonk    (   84): Changed nice for pid 1185 from 0 to 18.
04-25 19:32:32.844 I/Gecko   (   84): 1398479552861	Marionette	INFO	sendToClient: {"from":"0","value":{"frame":{"ELEMENT":"{657cff3a-6f34-4b1c-b8c4-b6c7666b0cb9}"},"src":"app://{d0cef025-6390-44ac-8fc6-bde1e695a0a8}/index.html","name":"multiConvert","origin":"app://{d0cef025-6390-44ac-8fc6-bde1e695a0a8}"}}, {e296c904-54f5-4c38-86cb-0f130cadb07b}, {e296c904-54f5-4c38-86cb-0f130cadb07b}
04-25 19:32:32.844 E/GeckoConsole(   84): Content JS LOG at dummy file:392 in GaiaApps.displayedApp: app with origin 'app://{d0cef025-6390-44ac-8fc6-bde1e695a0a8}' is displayed
04-25 19:32:32.854 I/Gecko   (   84): 1398479552871	Marionette	DEBUG	Got request: switchToFrame, data: {"to":"0","sessionId":"3-b2g","name":"switchToFrame","parameters":{"id":null,"focus":true}}, id: {81b0f0f8-deba-49f3-b5ce-6b9e5a3036d9}
04-25 19:32:32.854 I/Gecko   (   84): 1398479552873	Marionette	INFO	Switched to frame: {"frameValue":null}
04-25 19:32:32.994 I/Gecko   (   84): 1398479553004	Marionette	INFO	sendToClient: {"from":"0","ok":true}, {81b0f0f8-deba-49f3-b5ce-6b9e5a3036d9}, {81b0f0f8-deba-49f3-b5ce-6b9e5a3036d9}
04-25 19:32:32.994 I/Gecko   (   84): 1398479553011	Marionette	DEBUG	Got request: execute, data: {"to":"0","sessionId":"3-b2g","name":"executeScript","parameters":{"specialPowers":false,"scriptTimeout":null,"newSandbox":true,"args":[],"filename":"gaia_test.py","script":"window.wrappedJSObject.dispatchEvent(new Event('home'));","line":788}}, id: {59bfbdc2-da24-4827-b5a6-d03ebe3f1beb}
04-25 19:32:33.094 I/Gonk    (   84): Setting nice for pid 1185 to 18
04-25 19:32:33.094 I/Gonk    (   84): Changed nice for pid 1185 from 18 to 18.
04-25 19:32:33.094 I/Gecko   (   84): [Parent 84] WARNING: waitpid failed pid:1185 errno:10: file ../../../gecko/ipc/chromium/src/base/process_util_posix.cc, line 254
04-25 19:32:33.094 I/Gonk    (   84): Setting nice for pid 1185 to 1
04-25 19:32:33.094 I/Gonk    (   84): Changed nice for pid 1185 from 18 to 1.
04-25 19:32:33.114 D/Sensors (   84): activate handle=0; drv=0
04-25 19:32:33.114 D/Sensors (   84): Lis3dhSensor: Control set 0
04-25 19:32:33.114 D/Sensors (   84): Lis3dhSensor: mEnabled = 0
04-25 19:32:33.224 I/Gecko   (   84): 1398479553235	Marionette	INFO	sendToClient: {"from":"0","value":null}, {59bfbdc2-da24-4827-b5a6-d03ebe3f1beb}, {59bfbdc2-da24-4827-b5a6-d03ebe3f1beb}
04-25 19:32:33.264 I/Gecko   (   84): 1398479553278	Marionette	DEBUG	Got request: switchToFrame, data: {"to":"0","sessionId":"3-b2g","name":"switchToFrame","parameters":{"id":null,"focus":true}}, id: {6a134813-aa9a-464b-a800-67910cc5e8e9}
04-25 19:32:33.264 I/Gecko   (   84): 1398479553280	Marionette	INFO	Switched to frame: {"frameValue":null}
04-25 19:32:33.384 I/Gecko   (   84): 1398479553398	Marionette	INFO	sendToClient: {"from":"0","ok":true}, {6a134813-aa9a-464b-a800-67910cc5e8e9}, {6a134813-aa9a-464b-a800-67910cc5e8e9}
04-25 19:32:33.394 I/Gecko   (   84): 1398479553408	Marionette	DEBUG	Got request: executeWithCallback, data: {"to":"0","sessionId":"3-b2g","name":"executeAsyncScript","parameters":{"specialPowers":false,"scriptTimeout":null,"newSandbox":true,"args":[],"filename":"gaia_test.py","script":"return GaiaApps.displayedApp();","line":66}}, id: {fef374a1-e6e3-4825-bde0-aa7946e6c0ed}
04-25 19:32:33.454 E/GeckoConsole(   84): Content JS LOG at dummy file:392 in GaiaApps.displayedApp: app with origin 'app://homescreen.gaiamobile.org' is displayed
04-25 19:32:33.454 I/Gecko   (   84): 1398479553472	Marionette	INFO	sendToClient: {"from":"0","value":{"frame":{"ELEMENT":"{0b484c5b-7b06-4c1f-9c76-61442f004ec8}"},"src":"app://homescreen.gaiamobile.org/index.html#root","name":"Homescreen","origin":"app://homescreen.gaiamobile.org"}}, {fef374a1-e6e3-4825-bde0-aa7946e6c0ed}, {fef374a1-e6e3-4825-bde0-aa7946e6c0ed}
04-25 19:32:33.464 I/Gecko   (   84): [Parent 84] WARNING: waitpid failed pid:1171 errno:10: file ../../../gecko/ipc/chromium/src/base/process_util_posix.cc, line 254
04-25 19:32:33.464 I/Gecko   (   84): [Parent 84] WARNING: Failed to deliver SIGKILL to 1171!(3).: file ../../../gecko/ipc/chromium/src/chrome/common/process_watcher_posix_sigchld.cc, line 118
04-25 19:32:33.464 I/Gecko   (   84): 1398479553479	Marionette	DEBUG	Got request: switchToFrame, data: {"to":"0","sessionId":"3-b2g","name":"switchToFrame","parameters":{"id":null,"focus":true}}, id: {29679a58-a44a-41ad-8735-4288c5d08fb2}
04-25 19:32:33.514 I/Gecko   (   84): 1398479553530	Marionette	INFO	Switched to frame: {"frameValue":null}
04-25 19:32:33.664 I/Gecko   (   84): 1398479553677	Marionette	INFO	sendToClient: {"from":"0","ok":true}, {29679a58-a44a-41ad-8735-4288c5d08fb2}, {29679a58-a44a-41ad-8735-4288c5d08fb2}
04-25 19:32:33.674 I/Gecko   (   84): 1398479553683	Marionette	DEBUG	Got request: switchToFrame, data: {"to":"0","sessionId":"3-b2g","name":"switchToFrame","parameters":{"id":null,"focus":true}}, id: {3e14edb1-c027-4875-9462-8d28565c22b7}
04-25 19:32:33.684 I/Gecko   (   84): 1398479553697	Marionette	INFO	Switched to frame: {"frameValue":null}
04-25 19:32:33.794 I/Gecko   (   84): 1398479553807	Marionette	INFO	sendToClient: {"from":"0","ok":true}, {3e14edb1-c027-4875-9462-8d28565c22b7}, {3e14edb1-c027-4875-9462-8d28565c22b7}
04-25 19:32:33.804 I/Gecko   (   84): 1398479553814	Marionette	DEBUG	Got request: executeWithCallback, data: {"to":"0","sessionId":"3-b2g","name":"executeAsyncScript","parameters":{"specialPowers":false,"scriptTimeout":null,"newSandbox":true,"args":[],"filename":"gaia_test.py","script":"return GaiaApps.displayedApp();","line":66}}, id: {58fdfbb4-aefd-4828-949a-f157938fa2c1}
04-25 19:32:33.864 E/GeckoConsole(   84): Content JS LOG at dummy file:392 in GaiaApps.displayedApp: app with origin 'app://homescreen.gaiamobile.org' is displayed
04-25 19:32:33.864 I/Gecko   (   84): 1398479553881	Marionette	INFO	sendToClient: {"from":"0","value":{"frame":{"ELEMENT":"{0b484c5b-7b06-4c1f-9c76-61442f004ec8}"},"src":"app://homescreen.gaiamobile.org/index.html#root","name":"Homescreen","origin":"app://homescreen.gaiamobile.org"}}, {58fdfbb4-aefd-4828-949a-f157938fa2c1}, {58fdfbb4-aefd-4828-949a-f157938fa2c1}
04-25 19:32:33.954 I/Gecko   (   84): 1398479553964	Marionette	DEBUG	Got request: switchToFrame, data: {"to":"0","sessionId":"3-b2g","name":"switchToFrame","parameters":{"focus":true,"element":"{0b484c5b-7b06-4c1f-9c76-61442f004ec8}"}}, id: {17fb0012-6341-4a86-aa59-e3d8a77399d0}
04-25 19:32:33.954 I/Gecko   (   84): 1398479553971	Marionette	INFO	Switched to frame: {"frameValue":"{0b484c5b-7b06-4c1f-9c76-61442f004ec8}"}
04-25 19:32:33.964 I/Gecko   (   84): 1398479553975	Marionette	INFO	trying remote frame 0
04-25 19:32:33.974 I/Gecko   (   84): 1398479553984	Marionette	INFO	trying remote frame 1
04-25 19:32:33.974 I/Gecko   (   84): 1398479553985	Marionette	INFO	trying remote frame 2
04-25 19:32:33.974 I/Gecko   (   84): 1398479553986	Marionette	INFO	deleting frame
04-25 19:32:33.974 I/Gecko   (   84): 1398479553991	Marionette	INFO	frame-manager load script: [object ChromeMessageSender]
04-25 19:32:34.504 E/[Gralloc-ERROR](   84): int gralloc_register_buffer(const gralloc_module_t*, const native_handle_t*):79 Unable to register handle 0x4a547dd0 coming from different process: 84
04-25 19:32:34.504 E/[Gralloc-ERROR](   84): int gralloc_register_buffer(const gralloc_module_t*, const native_handle_t*):79 Unable to register handle 0x4a547f10 coming from different process: 84
04-25 19:32:35.754 E/[Gralloc-ERROR](   84): int gralloc_unregister_buffer(const gralloc_module_t*, const native_handle_t*):274 Trying to unregister buffer 0x4a547f10 from process 84 that was not created in current process: 84
04-25 19:32:35.754 E/[Gralloc-ERROR](   84): int gralloc_unregister_buffer(const gralloc_module_t*, const native_handle_t*):274 Trying to unregister buffer 0x4a547dd0 from process 84 that was not created in current process: 84
04-25 19:32:35.874 I/Gonk    (   84): Setting nice for pid 1193 to 18
04-25 19:32:35.884 I/Gonk    (   84): Changed nice for pid 1193 from 0 to 18.
04-25 19:32:35.894 W/WifiHW  (   84): wifi_command: SIGNAL_POLL
04-25 19:32:35.914 I/Gonk    (   84): Setting nice for pid 1108 to 18
04-25 19:32:35.924 I/Gonk    (   84): Changed nice for pid 1108 from 1 to 18.
04-25 19:32:36.494 I/Gecko   ( 1185): ###################################### forms.js loaded
04-25 19:32:36.534 I/Gecko   ( 1185): ############################### browserElementPanning.js loaded
04-25 19:32:36.564 I/Gecko   ( 1185): ######################## BrowserElementChildPreload.js loaded
04-25 19:32:36.874 I/Gecko   (   84): 
04-25 19:32:36.874 I/Gecko   (   84): ###!!! [Parent][MessageChannel] Error: Channel error: cannot send/recv
04-25 19:32:36.874 I/Gecko   (   84): 
04-25 19:32:36.944 I/Gecko   (   84): [Parent 84] WARNING: waitpid failed pid:1108 errno:10: file ../../../gecko/ipc/chromium/src/base/process_util_posix.cc, line 254
04-25 19:32:37.974 I/Gecko   (   84): 1398479557985	Marionette	INFO	sendToClient: {"from":"0","ok":true}, {17fb0012-6341-4a86-aa59-e3d8a77399d0}, {17fb0012-6341-4a86-aa59-e3d8a77399d0}
04-25 19:32:38.334 I/Gecko   (   84): 1398479558346	Marionette	INFO	sendToClient: {"from":"0","value":"app://homescreen.gaiamobile.org/index.html#root"}, {8b2b3b81-515d-4e69-8745-a53a903ab698}, {8b2b3b81-515d-4e69-8745-a53a903ab698}
04-25 19:32:38.344 I/Gecko   (   84): 1398479558357	Marionette	DEBUG	Got request: switchToFrame, data: {"to":"0","sessionId":"3-b2g","name":"switchToFrame","parameters":{"id":null,"focus":true}}, id: {6929d0e3-39de-4426-b293-f41966a013ec}
04-25 19:32:38.374 I/Gecko   (   84): 1398479558392	Marionette	INFO	Switched to frame: {"frameValue":null}
04-25 19:32:38.504 I/Gecko   (   84): 1398479558516	Marionette	INFO	sendToClient: {"from":"0","ok":true}, {6929d0e3-39de-4426-b293-f41966a013ec}, {6929d0e3-39de-4426-b293-f41966a013ec}
04-25 19:32:38.504 I/Gecko   (   84): 1398479558523	Marionette	DEBUG	Got request: switchToFrame, data: {"to":"0","sessionId":"3-b2g","name":"switchToFrame","parameters":{"id":null,"focus":true}}, id: {6c03de46-9d35-4bf3-a5dd-4961f3e80b67}
04-25 19:32:38.514 I/Gecko   (   84): 1398479558525	Marionette	INFO	Switched to frame: {"frameValue":null}
04-25 19:32:38.624 I/Gecko   (   84): 1398479558636	Marionette	INFO	sendToClient: {"from":"0","ok":true}, {6c03de46-9d35-4bf3-a5dd-4961f3e80b67}, {6c03de46-9d35-4bf3-a5dd-4961f3e80b67}
04-25 19:32:38.624 I/Gecko   (   84): 1398479558643	Marionette	DEBUG	Got request: executeWithCallback, data: {"to":"0","sessionId":"3-b2g","name":"executeAsyncScript","parameters":{"specialPowers":false,"scriptTimeout":null,"newSandbox":true,"args":[],"filename":"gaia_test.py","script":"GaiaApps.killAll()","line":91}}, id: {b4c722c5-71a9-4fa2-a786-3f499253c7a1}
04-25 19:32:38.744 I/Gecko   (   84): 1398479558756	Marionette	INFO	sendToClient: {"from":"0","value":true}, {b4c722c5-71a9-4fa2-a786-3f499253c7a1}, {b4c722c5-71a9-4fa2-a786-3f499253c7a1}
04-25 19:32:38.754 I/Gecko   (   84): 1398479558769	Marionette	DEBUG	Got request: switchToFrame, data: {"to":"0","sessionId":"3-b2g","name":"switchToFrame","parameters":{"id":null,"focus":true}}, id: {ad16d6b8-d9b1-45d3-bdc1-27c5e38cb309}
04-25 19:32:38.754 I/Gecko   (   84): 1398479558771	Marionette	INFO	Switched to frame: {"frameValue":null}
04-25 19:32:38.864 I/Gecko   (   84): 1398479558873	Marionette	INFO	sendToClient: {"from":"0","ok":true}, {ad16d6b8-d9b1-45d3-bdc1-27c5e38cb309}, {ad16d6b8-d9b1-45d3-bdc1-27c5e38cb309}
04-25 19:32:38.864 I/Gecko   (   84): 1398479558880	Marionette	DEBUG	Got request: executeWithCallback, data: {"to":"0","sessionId":"3-b2g","name":"executeAsyncScript","parameters":{"specialPowers":false,"scriptTimeout":60000,"newSandbox":true,"args":[],"filename":"app_checker.py","script":"\n        GaiaApps.locateWithManifestURL('https://marketplace.firefox.com/app/1f8d406a-2cfc-4954-8828-e13222065c01/manifest.webapp',\n                                       null,\n                                       function uninstall(app) {\n                                       navigator.mozApps.mgmt.uninstall(app);\n                                       marionetteScriptFinished(true);\n                                       });\n        ","line":129}}, id: {6273d9d0-ca30-4a8a-abe5-dddc59ad29f5}
04-25 19:32:38.924 I/Gecko   (   84): -- webapps.js uninstall https://marketplace.firefox.com/app/1f8d406a-2cfc-4954-8828-e13222065c01/manifest.webapp
04-25 19:32:38.944 I/Gecko   (   84): [Parent 84] WARNING: waitpid failed pid:1108 errno:10: file ../../../gecko/ipc/chromium/src/base/process_util_posix.cc, line 254
04-25 19:32:38.944 I/Gecko   (   84): [Parent 84] WARNING: Failed to deliver SIGKILL to 1108!(3).: file ../../../gecko/ipc/chromium/src/chrome/common/process_watcher_posix_sigchld.cc, line 118
04-25 19:32:39.234 I/Gecko   (   84): 1398479559245	Marionette	INFO	sendToClient: {"from":"0","value":true}, {6273d9d0-ca30-4a8a-abe5-dddc59ad29f5}, {6273d9d0-ca30-4a8a-abe5-dddc59ad29f5}