--------- beginning of /dev/log/main
04-25 16:52:06.186 I/Gecko   (   84): 1398469926200	Marionette	DEBUG	Got request: switchToFrame, data: {"to":"0","sessionId":"3-b2g","name":"switchToFrame","parameters":{"id":null,"focus":true}}, id: {289079f5-16fb-4dfc-9366-a1cc0dd04ae5}
04-25 16:52:06.186 I/Gecko   (   84): 1398469926202	Marionette	INFO	Switched to frame: {"frameValue":null}
04-25 16:52:06.286 I/Gecko   (   84): 1398469926305	Marionette	INFO	sendToClient: {"from":"0","ok":true}, {289079f5-16fb-4dfc-9366-a1cc0dd04ae5}, {289079f5-16fb-4dfc-9366-a1cc0dd04ae5}
04-25 16:52:06.306 I/Gecko   (   84): 1398469926325	Marionette	DEBUG	Got request: executeWithCallback, data: {"to":"0","sessionId":"3-b2g","name":"executeAsyncScript","parameters":{"specialPowers":false,"scriptTimeout":null,"newSandbox":true,"args":[],"filename":"gaia_test.py","script":"return GaiaApps.displayedApp();","line":66}}, id: {5242559f-ccf7-4c02-b652-03cb39e78611}
04-25 16:52:06.396 I/Gecko   (   84): 1398469926407	Marionette	INFO	sendToClient: {"from":"0","value":{"frame":{"ELEMENT":"{3d92cf68-aa24-4c7d-8bc2-4b151aa65122}"},"src":"app://homescreen.gaiamobile.org/index.html#root","name":"Homescreen","origin":"app://homescreen.gaiamobile.org"}}, {5242559f-ccf7-4c02-b652-03cb39e78611}, {5242559f-ccf7-4c02-b652-03cb39e78611}
04-25 16:52:06.396 E/GeckoConsole(   84): Content JS LOG at dummy file:392 in GaiaApps.displayedApp: app with origin 'app://homescreen.gaiamobile.org' is displayed
04-25 16:52:06.406 I/Gecko   (   84): 1398469926419	Marionette	DEBUG	Got request: switchToFrame, data: {"to":"0","sessionId":"3-b2g","name":"switchToFrame","parameters":{"id":null,"focus":true}}, id: {680b240e-0aa9-4e40-bb6a-8f3412144574}
04-25 16:52:06.406 I/Gecko   (   84): 1398469926420	Marionette	INFO	Switched to frame: {"frameValue":null}
04-25 16:52:06.506 I/Gecko   (   84): 1398469926525	Marionette	INFO	sendToClient: {"from":"0","ok":true}, {680b240e-0aa9-4e40-bb6a-8f3412144574}, {680b240e-0aa9-4e40-bb6a-8f3412144574}
04-25 16:52:06.516 I/Gecko   (   84): 1398469926534	Marionette	DEBUG	Got request: switchToFrame, data: {"to":"0","sessionId":"3-b2g","name":"switchToFrame","parameters":{"id":null,"focus":true}}, id: {a144a902-db41-44ff-9a7b-9054ee573235}
04-25 16:52:06.526 I/Gecko   (   84): 1398469926538	Marionette	INFO	Switched to frame: {"frameValue":null}
04-25 16:52:06.636 I/Gecko   (   84): 1398469926646	Marionette	INFO	sendToClient: {"from":"0","ok":true}, {a144a902-db41-44ff-9a7b-9054ee573235}, {a144a902-db41-44ff-9a7b-9054ee573235}
04-25 16:52:06.636 I/Gecko   (   84): 1398469926654	Marionette	DEBUG	Got request: executeWithCallback, data: {"to":"0","sessionId":"3-b2g","name":"executeAsyncScript","parameters":{"specialPowers":false,"scriptTimeout":null,"newSandbox":true,"args":[],"filename":"gaia_test.py","script":"return GaiaApps.displayedApp();","line":66}}, id: {51d8745b-50d7-40dc-b8fc-cca9c3e8a3de}
04-25 16:52:06.706 I/Gecko   (   84): 1398469926723	Marionette	INFO	sendToClient: {"from":"0","value":{"frame":{"ELEMENT":"{3d92cf68-aa24-4c7d-8bc2-4b151aa65122}"},"src":"app://homescreen.gaiamobile.org/index.html#root","name":"Homescreen","origin":"app://homescreen.gaiamobile.org"}}, {51d8745b-50d7-40dc-b8fc-cca9c3e8a3de}, {51d8745b-50d7-40dc-b8fc-cca9c3e8a3de}
04-25 16:52:06.736 E/GeckoConsole(   84): Content JS LOG at dummy file:392 in GaiaApps.displayedApp: app with origin 'app://homescreen.gaiamobile.org' is displayed
04-25 16:52:06.736 I/Gecko   (   84): 1398469926754	Marionette	DEBUG	Got request: switchToFrame, data: {"to":"0","sessionId":"3-b2g","name":"switchToFrame","parameters":{"focus":true,"element":"{3d92cf68-aa24-4c7d-8bc2-4b151aa65122}"}}, id: {34842740-102b-4b0d-9bcb-4b278eabafa0}
04-25 16:52:06.746 I/Gecko   (   84): 1398469926764	Marionette	INFO	Switched to frame: {"frameValue":"{3d92cf68-aa24-4c7d-8bc2-4b151aa65122}"}
04-25 16:52:06.766 I/Gecko   (   84): 1398469926785	Marionette	INFO	trying remote frame 0
04-25 16:52:06.776 I/Gecko   ( 1241): ###################################### forms.js loaded
04-25 16:52:06.776 I/Gecko   (   84): 1398469926794	Marionette	INFO	trying remote frame 1
04-25 16:52:06.776 I/Gecko   (   84): 1398469926795	Marionette	INFO	deleting frame
04-25 16:52:06.786 I/Gecko   (   84): 1398469926803	Marionette	INFO	frame-manager load script: [object ChromeMessageSender]
04-25 16:52:06.816 I/Gecko   ( 1241): ############################### browserElementPanning.js loaded
04-25 16:52:06.846 I/Gecko   ( 1241): ######################## BrowserElementChildPreload.js loaded
04-25 16:52:07.616 E/[Gralloc-ERROR](   84): int gralloc_register_buffer(const gralloc_module_t*, const native_handle_t*):79 Unable to register handle 0x4555ba60 coming from different process: 84
04-25 16:52:07.656 E/[Gralloc-ERROR](   84): int gralloc_register_buffer(const gralloc_module_t*, const native_handle_t*):79 Unable to register handle 0x4555bb00 coming from different process: 84
04-25 16:52:07.706 E/[Gralloc-ERROR](   84): int gralloc_register_buffer(const gralloc_module_t*, const native_handle_t*):79 Unable to register handle 0x46372e20 coming from different process: 84
04-25 16:52:07.706 E/[Gralloc-ERROR](   84): int gralloc_register_buffer(const gralloc_module_t*, const native_handle_t*):79 Unable to register handle 0x47352470 coming from different process: 84
04-25 16:52:07.916 E/Profiler(   84): BPUnw: [1 total] thread_unregister_for_profiling(me=0x1cb1e08)  (NOT REGISTERED) 
04-25 16:52:07.946 E/[Gralloc-ERROR](   84): int gralloc_unregister_buffer(const gralloc_module_t*, const native_handle_t*):274 Trying to unregister buffer 0x4555be70 from process 84 that was not created in current process: 84
04-25 16:52:07.946 E/[Gralloc-ERROR](   84): int gralloc_unregister_buffer(const gralloc_module_t*, const native_handle_t*):274 Trying to unregister buffer 0x4555bdd0 from process 84 that was not created in current process: 84
04-25 16:52:07.996 E/[Gralloc-ERROR](   84): int gralloc_unregister_buffer(const gralloc_module_t*, const native_handle_t*):274 Trying to unregister buffer 0x4555bb00 from process 84 that was not created in current process: 84
04-25 16:52:07.996 E/[Gralloc-ERROR](   84): int gralloc_unregister_buffer(const gralloc_module_t*, const native_handle_t*):274 Trying to unregister buffer 0x4555ba60 from process 84 that was not created in current process: 84
04-25 16:52:07.996 E/[Gralloc-ERROR](   84): int gralloc_unregister_buffer(const gralloc_module_t*, const native_handle_t*):274 Trying to unregister buffer 0x47352470 from process 84 that was not created in current process: 84
04-25 16:52:07.996 E/[Gralloc-ERROR](   84): int gralloc_unregister_buffer(const gralloc_module_t*, const native_handle_t*):274 Trying to unregister buffer 0x46372e20 from process 84 that was not created in current process: 84
04-25 16:52:09.356 I/Gecko   (   84): 1398469929375	Marionette	INFO	sendToClient: {"from":"0","ok":true}, {34842740-102b-4b0d-9bcb-4b278eabafa0}, {34842740-102b-4b0d-9bcb-4b278eabafa0}
04-25 16:52:09.686 I/Gecko   (   84): 1398469929703	Marionette	INFO	sendToClient: {"from":"0","value":[]}, {6be4460f-ef1a-4364-b986-40e583964a8d}, {6be4460f-ef1a-4364-b986-40e583964a8d}
04-25 16:52:09.886 E/Profiler(   84): BPUnw: [1 total] thread_unregister_for_profiling(me=0x1cb9608)  (NOT REGISTERED) 
04-25 16:52:09.956 I/Gecko   (   84): 1398469929967	Marionette	INFO	sendToClient: {"from":"0","value":[]}, {712ee2ec-291e-41eb-a19e-de1917dd9b3b}, {712ee2ec-291e-41eb-a19e-de1917dd9b3b}
04-25 16:52:09.956 E/Profiler(   84): BPUnw: [1 total] thread_unregister_for_profiling(me=0x1cbf400)  (NOT REGISTERED) 
04-25 16:52:10.696 W/WifiHW  (   84): wifi_command: SIGNAL_POLL
04-25 16:52:11.336 I/Gonk    (   84): Setting nice for pid 1265 to 18
04-25 16:52:11.336 I/Gonk    (   84): Changed nice for pid 1265 from 0 to 18.
04-25 16:52:11.536 E/GeckoConsole( 1241): Content JS ERROR at app://homescreen.gaiamobile.org/gaia_build_defer_index.js:390 in loadSVConfFileError: Failed parsing singleVariant configuration file [js/singlevariantconf.json]:  [Exception... "File error: Not found"  nsresult: "0x80520012 (NS_ERROR_FILE_NOT_FOUND)"  location: "JS frame :: app://homescreen.gaiamobile.org/gaia_build_defer_index.js :: loadFile :: line 382"  data: no]
04-25 16:52:12.236 I/Gecko   (   84): 1398469932252	Marionette	INFO	sendToClient: {"from":"0","value":["{a9c981b8-5431-45ac-b800-ce92f98df84b}","{96964f53-0393-48a4-82ed-77f23e251172}","{33a28a7b-cf30-4dcf-ab4e-7af7b486fed7}","{c4ef85b4-200e-4a2c-8512-49fdffbbf8c0}"]}, {8b8a6e31-3130-485d-93f0-1b650fe52742}, {8b8a6e31-3130-485d-93f0-1b650fe52742}
04-25 16:52:12.446 I/Gecko   (   84): 1398469932463	Marionette	INFO	sendToClient: {"from":"0","value":"<div><img src=\"blob:01cdb5d2-fa50-48df-9710-e0a7b6f9bb2f\" style=\"visibility: hidden;\" role=\"presentation\" height=\"64\" width=\"64\"><span class=\"labelWrapper\"><span>Phone</span></span></div>"}, {e583f518-a0ba-46d0-9e82-6f0a04f6955f}, {e583f518-a0ba-46d0-9e82-6f0a04f6955f}
04-25 16:52:12.646 I/Gecko   (   84): 1398469932659	Marionette	INFO	sendToClient: {"from":"0","value":"<div><img src=\"blob:95bd01a4-deca-41c9-b65a-d1d7bf9c1e0c\" style=\"visibility: hidden;\" role=\"presentation\" height=\"64\" width=\"64\"><span class=\"labelWrapper\"><span>Messages</span></span></div>"}, {153ca89e-b177-40d4-a2ea-fd4dae17e91f}, {153ca89e-b177-40d4-a2ea-fd4dae17e91f}
04-25 16:52:12.866 I/Gecko   (   84): 1398469932879	Marionette	INFO	sendToClient: {"from":"0","value":"<div><img src=\"blob:28be1919-abec-4f06-b10f-5f396a383f97\" style=\"visibility: visible;\" role=\"presentation\" height=\"64\" width=\"64\"><span class=\"labelWrapper\"><span>Contacts</span></span></div>"}, {c64346db-1f41-45ed-8317-78b67d05f002}, {c64346db-1f41-45ed-8317-78b67d05f002}
04-25 16:52:13.046 I/Gecko   (   84): 1398469933065	Marionette	INFO	sendToClient: {"from":"0","value":"<div><img src=\"blob:dfa87b5f-fb31-402b-95ef-89eedddf68ec\" style=\"visibility: visible;\" role=\"presentation\" height=\"64\" width=\"64\"><span class=\"labelWrapper\"><span>Browser</span></span></div>"}, {be86d376-8a6b-4798-8d78-d9c7dab56f09}, {be86d376-8a6b-4798-8d78-d9c7dab56f09}
04-25 16:52:15.726 W/WifiHW  (   84): wifi_command: SIGNAL_POLL
04-25 16:52:15.926 E/GeckoConsole( 1241): Content JS WARN at app://homescreen.gaiamobile.org/gaia_build_defer_index.js:184 in isHiddenApp: Unexpected role when checking hidden app: undefined
04-25 16:52:15.926 E/GeckoConsole( 1241): Content JS WARN at app://homescreen.gaiamobile.org/gaia_build_defer_index.js:184 in isHiddenApp: Unexpected role when checking hidden app: undefined
04-25 16:52:15.946 E/GeckoConsole( 1241): Content JS WARN at app://homescreen.gaiamobile.org/gaia_build_defer_index.js:184 in isHiddenApp: Unexpected role when checking hidden app: undefined
04-25 16:52:15.946 E/GeckoConsole( 1241): Content JS WARN at app://homescreen.gaiamobile.org/gaia_build_defer_index.js:184 in isHiddenApp: Unexpected role when checking hidden app: undefined
04-25 16:52:15.946 E/GeckoConsole( 1241): Content JS WARN at app://homescreen.gaiamobile.org/gaia_build_defer_index.js:184 in isHiddenApp: Unexpected role when checking hidden app: undefined
04-25 16:52:15.946 E/GeckoConsole( 1241): Content JS WARN at app://homescreen.gaiamobile.org/gaia_build_defer_index.js:184 in isHiddenApp: Unexpected role when checking hidden app: undefined
04-25 16:52:15.946 E/GeckoConsole( 1241): Content JS WARN at app://homescreen.gaiamobile.org/gaia_build_defer_index.js:184 in isHiddenApp: Unexpected role when checking hidden app: undefined
04-25 16:52:15.946 E/GeckoConsole( 1241): Content JS WARN at app://homescreen.gaiamobile.org/gaia_build_defer_index.js:184 in isHiddenApp: Unexpected role when checking hidden app: undefined
04-25 16:52:15.956 E/GeckoConsole( 1241): Content JS WARN at app://homescreen.gaiamobile.org/gaia_build_defer_index.js:184 in isHiddenApp: Unexpected role when checking hidden app: undefined
04-25 16:52:15.956 E/GeckoConsole( 1241): Content JS WARN at app://homescreen.gaiamobile.org/gaia_build_defer_index.js:184 in isHiddenApp: Unexpected role when checking hidden app: undefined
04-25 16:52:15.956 E/GeckoConsole( 1241): Content JS WARN at app://homescreen.gaiamobile.org/gaia_build_defer_index.js:184 in isHiddenApp: Unexpected role when checking hidden app: undefined
04-25 16:52:15.956 E/GeckoConsole( 1241): Content JS WARN at app://homescreen.gaiamobile.org/gaia_build_defer_index.js:184 in isHiddenApp: Unexpected role when checking hidden app: undefined
04-25 16:52:15.956 E/GeckoConsole( 1241): Content JS WARN at app://homescreen.gaiamobile.org/gaia_build_defer_index.js:184 in isHiddenApp: Unexpected role when checking hidden app: undefined
04-25 16:52:15.966 E/GeckoConsole( 1241): Content JS WARN at app://homescreen.gaiamobile.org/gaia_build_defer_index.js:184 in isHiddenApp: Unexpected role when checking hidden app: undefined
04-25 16:52:15.966 E/GeckoConsole( 1241): Content JS WARN at app://homescreen.gaiamobile.org/gaia_build_defer_index.js:184 in isHiddenApp: Unexpected role when checking hidden app: undefined
04-25 16:52:15.966 E/GeckoConsole( 1241): Content JS WARN at app://homescreen.gaiamobile.org/gaia_build_defer_index.js:184 in isHiddenApp: Unexpected role when checking hidden app: undefined
04-25 16:52:15.966 E/GeckoConsole( 1241): Content JS WARN at app://homescreen.gaiamobile.org/gaia_build_defer_index.js:184 in isHiddenApp: Unexpected role when checking hidden app: undefined
04-25 16:52:15.966 E/GeckoConsole( 1241): Content JS WARN at app://homescreen.gaiamobile.org/gaia_build_defer_index.js:184 in isHiddenApp: Unexpected role when checking hidden app: undefined
04-25 16:52:15.966 E/GeckoConsole( 1241): Content JS WARN at app://homescreen.gaiamobile.org/gaia_build_defer_index.js:184 in isHiddenApp: Unexpected role when checking hidden app: undefined
04-25 16:52:15.966 E/GeckoConsole( 1241): Content JS WARN at app://homescreen.gaiamobile.org/gaia_build_defer_index.js:184 in isHiddenApp: Unexpected role when checking hidden app: undefined
04-25 16:52:15.966 E/GeckoConsole( 1241): Content JS WARN at app://homescreen.gaiamobile.org/gaia_build_defer_index.js:184 in isHiddenApp: Unexpected role when checking hidden app: undefined
04-25 16:52:15.976 E/GeckoConsole( 1241): Content JS WARN at app://homescreen.gaiamobile.org/gaia_build_defer_index.js:184 in isHiddenApp: Unexpected role when checking hidden app: undefined
04-25 16:52:15.986 E/GeckoConsole( 1241): Content JS WARN at app://homescreen.gaiamobile.org/gaia_build_defer_index.js:184 in isHiddenApp: Unexpected role when checking hidden app: undefined
04-25 16:52:15.986 E/GeckoConsole( 1241): Content JS WARN at app://homescreen.gaiamobile.org/gaia_build_defer_index.js:184 in isHiddenApp: Unexpected role when checking hidden app: undefined
04-25 16:52:15.986 E/GeckoConsole( 1241): Content JS WARN at app://homescreen.gaiamobile.org/gaia_build_defer_index.js:184 in isHiddenApp: Unexpected role when checking hidden app: undefined
04-25 16:52:15.986 E/GeckoConsole( 1241): Content JS WARN at app://homescreen.gaiamobile.org/gaia_build_defer_index.js:184 in isHiddenApp: Unexpected role when checking hidden app: undefined
04-25 16:52:15.996 E/GeckoConsole( 1241): Content JS WARN at app://homescreen.gaiamobile.org/gaia_build_defer_index.js:184 in isHiddenApp: Unexpected role when checking hidden app: undefined
04-25 16:52:16.116 I/Gecko   (   84): 1398469936134	Marionette	INFO	sendToClient: {"from":"0","value":["{c9df578d-c538-402e-91e2-c5ce86ba06e0}","{06664d86-0896-4073-8e24-dee935c001b5}","{c82b398b-cfe5-4f18-8076-e6c944563c0e}","{f9106f8f-c567-40bf-bfeb-c4093e4739b3}","{45ca1198-b284-490a-bf68-7f6fc7eebe7e}","{98fb16a7-bbd9-45c1-82e3-ca16ad685b2f}","{97118660-81d4-4b0f-98c8-8cf3b2d4a77e}","{9920244d-3b85-45ea-a26c-e8d9cbe342b3}","{45c9ba5e-b680-4478-bf6d-5c774ea7427f}","{fcb2341d-4f23-4e1a-b00e-4aca935c5c85}","{8b41614e-f568-484c-85e8-2d8df1f4b38c}","{9e08bb3f-ff20-4d75-8f56-2e00db50a3ae}","{893f4a59-7329-46ac-8d94-06f5a07350a7}","{3c171fea-468d-42d3-9a4b-dcfe739a7b26}","{9afbee8f-b9b3-447c-98f6-3c929d2736a8}","{5d677ab9-9045-41c2-8d58-d39da3c1c32e}","{9aa215be-fe18-4519-9089-4e757e57305a}","{946c31c7-00ee-41db-8b5f-8e85d9680ecf}","{6ae86266-c004-40b4-8d5e-5eb6c2e1070a}","{65e7095d-582e-44f5-a1b8-13632a381e3a}","{d955e0ce-9351-4b1d-aeea-1a83d709ea63}","{d4cc48f7-edb3-4718-a5bd-34a7719d1592}","{8cef7e04-0ba2-4521-8764-f282f22aef06}","{61d2e9af-9570
04-25 16:52:16.346 I/Gecko   ( 1265): ###################################### forms.js loaded
04-25 16:52:16.446 I/Gecko   ( 1265): ############################### browserElementPanning.js loaded
04-25 16:52:16.636 I/Gecko   ( 1265): ######################## BrowserElementChildPreload.js loaded
04-25 16:52:18.026 I/Gecko   (   84): 1398469938043	Marionette	INFO	sendToClient: {"from":"0","value":"<div><img src=\"blob:eb6c587f-1795-42bd-bdd1-4d52f8801688\" style=\"visibility: visible;\" role=\"presentation\" height=\"64\" width=\"64\"><span class=\"labelWrapper\"><span>Social</span></span></div><span data-is-icon=\"true\" class=\"options\"></span>"}, {fa65f072-c454-45ad-a3c8-af35e6eed679}, {fa65f072-c454-45ad-a3c8-af35e6eed679}
04-25 16:52:18.556 I/Gecko   (   84): 1398469938567	Marionette	INFO	sendToClient: {"from":"0","value":"<div><img src=\"blob:46380e65-aa27-40ef-8605-c7cd1387a020\" style=\"visibility: visible;\" role=\"presentation\" height=\"64\" width=\"64\"><span class=\"labelWrapper\"><span>Games</span></span></div><span data-is-icon=\"true\" class=\"options\"></span>"}, {148f1876-46d6-45ee-b708-9d9108e85ceb}, {148f1876-46d6-45ee-b708-9d9108e85ceb}
04-25 16:52:18.646 I/Gecko   (   84): 1398469938662	Marionette	INFO	sendToClient: {"from":"0","value":"<div><img src=\"blob:cb0e2512-a1ea-4fb4-b54a-293e0f7c2121\" style=\"visibility: visible;\" role=\"presentation\" height=\"64\" width=\"64\"><span class=\"labelWrapper\"><span>Music</span></span></div><span data-is-icon=\"true\" class=\"options\"></span>"}, {b3bd7799-1247-479f-97f0-d1abdb892309}, {b3bd7799-1247-479f-97f0-d1abdb892309}
04-25 16:52:18.656 I/Gecko   (   84): 1398469938673	Marionette	INFO	sendToClient: {"from":"0","value":"<div><img src=\"blob:cda27ee9-b856-469f-b13a-56ba5f554d47\" style=\"visibility: visible;\" role=\"presentation\" height=\"64\" width=\"64\"><span class=\"labelWrapper\"><span>Showbiz</span></span></div><span data-is-icon=\"true\" class=\"options\"></span>"}, {5cbcf662-ce17-41d8-9b24-cba3c9ccfea7}, {5cbcf662-ce17-41d8-9b24-cba3c9ccfea7}
04-25 16:52:18.666 I/Gecko   (   84): 1398469938684	Marionette	INFO	sendToClient: {"from":"0","value":"<div><img src=\"blob:842dc9b6-702e-4099-bb66-1a5c6c6eb453\" style=\"visibility: visible;\" role=\"presentation\" height=\"64\" width=\"64\"><span class=\"labelWrapper\"><span>Camera</span></span></div>"}, {05fdcc8e-892b-453d-a3a4-de392e82b8b0}, {05fdcc8e-892b-453d-a3a4-de392e82b8b0}
04-25 16:52:18.796 I/Gecko   (   84): 1398469938810	Marionette	INFO	sendToClient: {"from":"0","value":"<div><img src=\"blob:e3742d4d-4e12-4004-b2de-25fb1ef66494\" style=\"visibility: visible;\" role=\"presentation\" height=\"64\" width=\"64\"><span class=\"labelWrapper\"><span>Gallery</span></span></div>"}, {7306c7a5-63c1-490d-8eb1-09d64f2aef66}, {7306c7a5-63c1-490d-8eb1-09d64f2aef66}
04-25 16:52:18.866 I/Gecko   (   84): 1398469938881	Marionette	INFO	sendToClient: {"from":"0","value":"<div><img src=\"blob:3c27c0d1-e5e9-4105-ada1-e9d3027e2a7f\" style=\"visibility: visible;\" role=\"presentation\" height=\"64\" width=\"64\"><span class=\"labelWrapper\"><span>FM Radio</span></span></div>"}, {732e0e2f-8d66-437f-aaa8-4849807f4bf1}, {732e0e2f-8d66-437f-aaa8-4849807f4bf1}
04-25 16:52:18.926 I/Gecko   (   84): 1398469938945	Marionette	INFO	sendToClient: {"from":"0","value":"<div><img src=\"blob:88832fa8-dc39-4135-bae7-ec6b2367ed09\" style=\"visibility: visible;\" role=\"presentation\" height=\"64\" width=\"64\"><span class=\"labelWrapper\"><span>Settings</span></span></div>"}, {dd0f1305-d1da-4857-8b20-e3ee52d3f7d9}, {dd0f1305-d1da-4857-8b20-e3ee52d3f7d9}
04-25 16:52:18.976 I/Gecko   (   84): 1398469938987	Marionette	INFO	sendToClient: {"from":"0","value":"<div><img src=\"blob:aaeaae57-26d7-46d3-9136-3bc65e30bae1\" style=\"visibility: visible;\" role=\"presentation\" height=\"64\" width=\"64\"><span class=\"labelWrapper\"><span>Marketplace</span></span></div>"}, {25f3b507-0b6a-410a-8e0c-af49e256aab6}, {25f3b507-0b6a-410a-8e0c-af49e256aab6}
04-25 16:52:19.086 I/Gecko   (   84): 1398469939097	Marionette	INFO	sendToClient: {"from":"0","value":"<div><img src=\"blob:cf6fb2f7-f186-489b-b6a2-8ec670e65304\" style=\"visibility: visible;\" role=\"presentation\" height=\"64\" width=\"64\"><span class=\"labelWrapper\"><span>Calendar</span></span></div>"}, {8f23afd0-9b41-4d12-a329-39951ec32721}, {8f23afd0-9b41-4d12-a329-39951ec32721}
04-25 16:52:19.096 I/Gecko   (   84): 1398469939109	Marionette	INFO	sendToClient: {"from":"0","value":"<div><img src=\"blob:bfe1fc65-43a5-484c-b47e-77976d27e338\" style=\"visibility: visible;\" role=\"presentation\" height=\"64\" width=\"64\"><span class=\"labelWrapper\"><span>Clock</span></span></div>"}, {f46b397b-62dc-4ec9-bee0-ce3dcf1eae2e}, {f46b397b-62dc-4ec9-bee0-ce3dcf1eae2e}
04-25 16:52:19.116 I/Gecko   (   84): 1398469939127	Marionette	INFO	sendToClient: {"from":"0","value":"<div><img src=\"blob:989eea5e-11fe-4a70-9258-2b0b49d3cfe2\" style=\"visibility: visible;\" role=\"presentation\" height=\"64\" width=\"64\"><span class=\"labelWrapper\"><span>Usage</span></span></div>"}, {a1f67f20-4134-444b-9536-cd24fe647646}, {a1f67f20-4134-444b-9536-cd24fe647646}
04-25 16:52:19.126 I/Gecko   (   84): 1398469939139	Marionette	INFO	sendToClient: {"from":"0","value":"<div><img src=\"blob:cf87b291-fd01-4598-a686-123e4c222548\" style=\"visibility: visible;\" role=\"presentation\" height=\"64\" width=\"64\"><span class=\"labelWrapper\"><span>E-Mail</span></span></div>"}, {3ecca6c9-98c6-4900-93ed-4d5f0a8610cc}, {3ecca6c9-98c6-4900-93ed-4d5f0a8610cc}
04-25 16:52:19.136 I/Gecko   (   84): 1398469939150	Marionette	INFO	sendToClient: {"from":"0","value":"<div><img src=\"blob:1036108a-ad01-4eac-8e8b-1c2d69135c1d\" style=\"visibility: visible;\" role=\"presentation\" height=\"64\" width=\"64\"><span class=\"labelWrapper\"><span>Music</span></span></div>"}, {2eee2b3a-affc-4cfe-b0b4-6731700bc385}, {2eee2b3a-affc-4cfe-b0b4-6731700bc385}
04-25 16:52:19.146 I/Gecko   (   84): 1398469939160	Marionette	INFO	sendToClient: {"from":"0","value":"<div><img src=\"blob:01c148c0-5523-47e5-9cf6-df022a221e72\" style=\"visibility: visible;\" role=\"presentation\" height=\"64\" width=\"64\"><span class=\"labelWrapper\"><span>Video</span></span></div>"}, {83607838-5345-43ff-a771-e2cc987cfb0b}, {83607838-5345-43ff-a771-e2cc987cfb0b}
04-25 16:52:19.156 I/Gecko   (   84): 1398469939171	Marionette	INFO	sendToClient: {"from":"0","value":"<div><img src=\"blob:1af8a4f8-58d7-4e43-bcf0-f3b9407f6a9d\" style=\"visibility: visible;\" role=\"presentation\" height=\"64\" width=\"64\"><span class=\"labelWrapper\"><span>ConnectA2</span></span></div><span data-is-icon=\"true\" class=\"options\"></span>"}, {10109621-6467-46f9-842e-c4079bf6e6d3}, {10109621-6467-46f9-842e-c4079bf6e6d3}
04-25 16:52:19.166 I/Gecko   (   84): 1398469939181	Marionette	INFO	sendToClient: {"from":"0","value":"<div><img src=\"blob:2b153dfd-b861-42a5-a12f-2bf394255806\" style=\"visibility: visible;\" role=\"presentation\" height=\"64\" width=\"64\"><span class=\"labelWrapper\"><span>Word Wars</span></span></div><span data-is-icon=\"true\" class=\"options\"></span>"}, {39788f3a-767f-4306-99a9-5f732f34d034}, {39788f3a-767f-4306-99a9-5f732f34d034}
04-25 16:52:19.226 I/Gecko   (   84): 1398469939243	Marionette	INFO	sendToClient: {"from":"0","value":"<div><img src=\"blob:8cecf7cd-424a-4a34-870b-705d9819ac72\" style=\"visibility: visible;\" role=\"presentation\" height=\"64\" width=\"64\"><span class=\"labelWrapper\"><span>Rormix</span></span></div><span data-is-icon=\"true\" class=\"options\"></span>"}, {c8b767a9-10ad-43c9-b8b8-1d0d022ddd75}, {c8b767a9-10ad-43c9-b8b8-1d0d022ddd75}
04-25 16:52:19.236 I/Gecko   (   84): 1398469939253	Marionette	INFO	sendToClient: {"from":"0","value":"<div><img src=\"blob:265982b4-9be3-4dba-a45d-d4acc2f88235\" style=\"visibility: visible;\" role=\"presentation\" height=\"64\" width=\"64\"><span class=\"labelWrapper\"><span>Cheer Up!</span></span></div><span data-is-icon=\"true\" class=\"options\"></span>"}, {8de8e25f-c770-442f-8ed7-aa5f4678f563}, {8de8e25f-c770-442f-8ed7-aa5f4678f563}
04-25 16:52:19.246 I/Gecko   (   84): 1398469939263	Marionette	INFO	sendToClient: {"from":"0","value":"<div><img src=\"blob:d39bec27-3fec-41df-bf3d-ce575c988436\" style=\"visibility: visible;\" role=\"presentation\" height=\"64\" width=\"64\"><span class=\"labelWrapper mask\"><span>Duck Sounds</span></span></div><span data-is-icon=\"true\" class=\"options\"></span>"}, {40cc6289-ead7-4c16-bb62-881f61b58698}, {40cc6289-ead7-4c16-bb62-881f61b58698}
04-25 16:52:19.266 I/Gecko   (   84): 1398469939285	Marionette	INFO	sendToClient: {"from":"0","value":"<div><img src=\"blob:0052e685-a73a-47c5-b6cd-bf85b74dd61f\" style=\"visibility: visible;\" role=\"presentation\" height=\"64\" width=\"64\"><span class=\"labelWrapper mask\"><span>Alarm Sounds</span></span></div><span data-is-icon=\"true\" class=\"options\"></span>"}, {b7036e58-4034-4dbd-9ee3-a44fe1fd373b}, {b7036e58-4034-4dbd-9ee3-a44fe1fd373b}
04-25 16:52:19.276 I/Gecko   (   84): 1398469939295	Marionette	INFO	sendToClient: {"from":"0","value":"<div><img src=\"blob:fd8e6926-a8cf-4600-9601-aefb307a26f7\" style=\"visibility: visible;\" role=\"presentation\" height=\"64\" width=\"64\"><span class=\"labelWrapper\"><span>Art</span></span></div><span data-is-icon=\"true\" class=\"options\"></span>"}, {ac47888d-f476-4a95-91e4-7ce7b4ff0267}, {ac47888d-f476-4a95-91e4-7ce7b4ff0267}
04-25 16:52:19.286 I/Gecko   (   84): 1398469939305	Marionette	INFO	sendToClient: {"from":"0","value":"<div><img src=\"blob:dc31c402-3922-490a-8cac-48d0cb9c00d9\" style=\"visibility: visible;\" role=\"presentation\" height=\"64\" width=\"64\"><span class=\"labelWrapper\"><span>Marketplace</span></span></div><span data-is-icon=\"true\" class=\"options\"></span>"}, {a9c7490b-94fd-4a7d-9811-78d87ce02729}, {a9c7490b-94fd-4a7d-9811-78d87ce02729}
04-25 16:52:19.296 I/Gecko   (   84): 1398469939315	Marionette	INFO	sendToClient: {"from":"0","value":"<div><img src=\"blob:6a216048-2431-4b2f-865f-17f4da2dbd33\" style=\"visibility: visible;\" role=\"presentation\" height=\"64\" width=\"64\"><span class=\"labelWrapper\"><span>VTCS 13</span></span></div><span data-is-icon=\"true\" class=\"options\"></span>"}, {ccc4f54b-064e-4346-9c00-917d6e2f45d0}, {ccc4f54b-064e-4346-9c00-917d6e2f45d0}
04-25 16:52:19.316 I/Gecko   (   84): 1398469939326	Marionette	INFO	sendToClient: {"from":"0","value":"<div><img src=\"blob:df99238d-46aa-455d-a5a8-bd1422586f36\" style=\"visibility: visible;\" role=\"presentation\" height=\"64\" width=\"64\"><span class=\"labelWrapper mask\"><span>inca-challenge</span></span></div><span data-is-icon=\"true\" class=\"options\"></span>"}, {24c43fc2-6ec5-4abb-ad76-9a75fc4d45c9}, {24c43fc2-6ec5-4abb-ad76-9a75fc4d45c9}
04-25 16:52:19.386 I/Gecko   (   84): 1398469939392	Marionette	INFO	sendToClient: {"from":"0","value":"<div><img src=\"blob:088197f6-9bc7-4f7b-94b6-e2b338bc13cc\" style=\"visibility: visible;\" role=\"presentation\" height=\"64\" width=\"64\"><span class=\"labelWrapper\"><span>KAYAK</span></span></div><span data-is-icon=\"true\" class=\"options\"></span>"}, {2bc0d970-769e-40b2-9798-f4ae9dc1e69a}, {2bc0d970-769e-40b2-9798-f4ae9dc1e69a}
04-25 16:52:19.406 I/Gecko   (   84): 1398469939417	Marionette	INFO	sendToClient: {"from":"0","value":"<div><img src=\"blob:4d287e8e-4e7f-40ea-a895-c4b40278915b\" style=\"visibility: visible;\" role=\"presentation\" height=\"64\" width=\"64\"><span class=\"labelWrapper mask\"><span>Multitouch detect</span></span></div><span data-is-icon=\"true\" class=\"options\"></span>"}, {f6f9a505-dbbb-49e9-a7ba-2782355efbf8}, {f6f9a505-dbbb-49e9-a7ba-2782355efbf8}
04-25 16:52:19.416 I/Gecko   (   84): 1398469939429	Marionette	INFO	sendToClient: {"from":"0","value":"<div><img src=\"blob:01cdb5d2-fa50-48df-9710-e0a7b6f9bb2f\" style=\"visibility: visible;\" role=\"presentation\" height=\"64\" width=\"64\"><span class=\"labelWrapper\"><span>Phone</span></span></div>"}, {347e45fd-8646-4d47-bc29-ce782d04d506}, {347e45fd-8646-4d47-bc29-ce782d04d506}
04-25 16:52:19.426 I/Gecko   (   84): 1398469939441	Marionette	INFO	sendToClient: {"from":"0","value":"<div><img src=\"blob:95bd01a4-deca-41c9-b65a-d1d7bf9c1e0c\" style=\"visibility: visible;\" role=\"presentation\" height=\"64\" width=\"64\"><span class=\"labelWrapper\"><span>Messages</span></span></div>"}, {f4aa6cec-d3d7-4690-a670-c3dff406d965}, {f4aa6cec-d3d7-4690-a670-c3dff406d965}
04-25 16:52:19.436 I/Gecko   (   84): 1398469939451	Marionette	INFO	sendToClient: {"from":"0","value":"<div><img src=\"blob:28be1919-abec-4f06-b10f-5f396a383f97\" style=\"visibility: visible;\" role=\"presentation\" height=\"64\" width=\"64\"><span class=\"labelWrapper\"><span>Contacts</span></span></div>"}, {72020098-7ca7-4737-a4ee-e46206c88b56}, {72020098-7ca7-4737-a4ee-e46206c88b56}
04-25 16:52:19.456 I/Gecko   (   84): 1398469939472	Marionette	INFO	sendToClient: {"from":"0","value":"<div><img src=\"blob:dfa87b5f-fb31-402b-95ef-89eedddf68ec\" style=\"visibility: visible;\" role=\"presentation\" height=\"64\" width=\"64\"><span class=\"labelWrapper\"><span>Browser</span></span></div>"}, {69fdb7d3-4561-493e-bf4e-d39fa6745d53}, {69fdb7d3-4561-493e-bf4e-d39fa6745d53}
04-25 16:52:20.736 W/WifiHW  (   84): wifi_command: SIGNAL_POLL
04-25 16:52:21.556 I/Gecko   (   84): 1398469941572	Marionette	INFO	sendToClient: {"from":"0","value":["{c9df578d-c538-402e-91e2-c5ce86ba06e0}","{06664d86-0896-4073-8e24-dee935c001b5}","{c82b398b-cfe5-4f18-8076-e6c944563c0e}","{f9106f8f-c567-40bf-bfeb-c4093e4739b3}","{45ca1198-b284-490a-bf68-7f6fc7eebe7e}","{98fb16a7-bbd9-45c1-82e3-ca16ad685b2f}","{97118660-81d4-4b0f-98c8-8cf3b2d4a77e}","{9920244d-3b85-45ea-a26c-e8d9cbe342b3}","{45c9ba5e-b680-4478-bf6d-5c774ea7427f}","{fcb2341d-4f23-4e1a-b00e-4aca935c5c85}","{8b41614e-f568-484c-85e8-2d8df1f4b38c}","{9e08bb3f-ff20-4d75-8f56-2e00db50a3ae}","{893f4a59-7329-46ac-8d94-06f5a07350a7}","{3c171fea-468d-42d3-9a4b-dcfe739a7b26}","{9afbee8f-b9b3-447c-98f6-3c929d2736a8}","{5d677ab9-9045-41c2-8d58-d39da3c1c32e}","{9aa215be-fe18-4519-9089-4e757e57305a}","{946c31c7-00ee-41db-8b5f-8e85d9680ecf}","{6ae86266-c004-40b4-8d5e-5eb6c2e1070a}","{65e7095d-582e-44f5-a1b8-13632a381e3a}","{d955e0ce-9351-4b1d-aeea-1a83d709ea63}","{d4cc48f7-edb3-4718-a5bd-34a7719d1592}","{8cef7e04-0ba2-4521-8764-f282f22aef06}","{61d2e9af-9570
04-25 16:52:21.566 I/Gecko   (   84): 1398469941584	Marionette	INFO	sendToClient: {"from":"0","value":"<div><img src=\"blob:eb6c587f-1795-42bd-bdd1-4d52f8801688\" style=\"visibility: visible;\" role=\"presentation\" height=\"64\" width=\"64\"><span class=\"labelWrapper\"><span>Social</span></span></div><span data-is-icon=\"true\" class=\"options\"></span>"}, {82772444-3bcf-4644-90b4-c051b95e4728}, {82772444-3bcf-4644-90b4-c051b95e4728}
04-25 16:52:21.576 I/Gecko   (   84): 1398469941593	Marionette	INFO	sendToClient: {"from":"0","value":"<div><img src=\"blob:46380e65-aa27-40ef-8605-c7cd1387a020\" style=\"visibility: visible;\" role=\"presentation\" height=\"64\" width=\"64\"><span class=\"labelWrapper\"><span>Games</span></span></div><span data-is-icon=\"true\" class=\"options\"></span>"}, {02c4ceba-2bbf-4e0a-9a5d-9572d06389d0}, {02c4ceba-2bbf-4e0a-9a5d-9572d06389d0}
04-25 16:52:21.586 I/Gecko   (   84): 1398469941603	Marionette	INFO	sendToClient: {"from":"0","value":"<div><img src=\"blob:cb0e2512-a1ea-4fb4-b54a-293e0f7c2121\" style=\"visibility: visible;\" role=\"presentation\" height=\"64\" width=\"64\"><span class=\"labelWrapper\"><span>Music</span></span></div><span data-is-icon=\"true\" class=\"options\"></span>"}, {f6c6c4b9-bbff-46a7-a489-8dc73eec6a33}, {f6c6c4b9-bbff-46a7-a489-8dc73eec6a33}
04-25 16:52:21.596 I/Gecko   (   84): 1398469941613	Marionette	INFO	sendToClient: {"from":"0","value":"<div><img src=\"blob:cda27ee9-b856-469f-b13a-56ba5f554d47\" style=\"visibility: visible;\" role=\"presentation\" height=\"64\" width=\"64\"><span class=\"labelWrapper\"><span>Showbiz</span></span></div><span data-is-icon=\"true\" class=\"options\"></span>"}, {d38247dc-0223-458f-92c0-8082250f7919}, {d38247dc-0223-458f-92c0-8082250f7919}
04-25 16:52:21.606 I/Gecko   (   84): 1398469941623	Marionette	INFO	sendToClient: {"from":"0","value":"<div><img src=\"blob:842dc9b6-702e-4099-bb66-1a5c6c6eb453\" style=\"visibility: visible;\" role=\"presentation\" height=\"64\" width=\"64\"><span class=\"labelWrapper\"><span>Camera</span></span></div>"}, {1d667e83-f3ce-40ca-931b-ce83332c0ed6}, {1d667e83-f3ce-40ca-931b-ce83332c0ed6}
04-25 16:52:21.616 I/Gecko   (   84): 1398469941632	Marionette	INFO	sendToClient: {"from":"0","value":"<div><img src=\"blob:e3742d4d-4e12-4004-b2de-25fb1ef66494\" style=\"visibility: visible;\" role=\"presentation\" height=\"64\" width=\"64\"><span class=\"labelWrapper\"><span>Gallery</span></span></div>"}, {bec5251e-f614-455a-a31b-e0941465b8c7}, {bec5251e-f614-455a-a31b-e0941465b8c7}
04-25 16:52:21.626 I/Gecko   (   84): 1398469941642	Marionette	INFO	sendToClient: {"from":"0","value":"<div><img src=\"blob:3c27c0d1-e5e9-4105-ada1-e9d3027e2a7f\" style=\"visibility: visible;\" role=\"presentation\" height=\"64\" width=\"64\"><span class=\"labelWrapper\"><span>FM Radio</span></span></div>"}, {4144dcc2-1b10-42ad-bbf6-ed9f8080c2d0}, {4144dcc2-1b10-42ad-bbf6-ed9f8080c2d0}
04-25 16:52:21.636 I/Gecko   (   84): 1398469941651	Marionette	INFO	sendToClient: {"from":"0","value":"<div><img src=\"blob:88832fa8-dc39-4135-bae7-ec6b2367ed09\" style=\"visibility: visible;\" role=\"presentation\" height=\"64\" width=\"64\"><span class=\"labelWrapper\"><span>Settings</span></span></div>"}, {772e24f0-fafc-4d0f-aaae-69fa2962a89a}, {772e24f0-fafc-4d0f-aaae-69fa2962a89a}
04-25 16:52:21.646 I/Gecko   (   84): 1398469941662	Marionette	INFO	sendToClient: {"from":"0","value":"<div><img src=\"blob:aaeaae57-26d7-46d3-9136-3bc65e30bae1\" style=\"visibility: visible;\" role=\"presentation\" height=\"64\" width=\"64\"><span class=\"labelWrapper\"><span>Marketplace</span></span></div>"}, {fd0d48bb-90c6-4a05-b2ba-f0ac8a3ad1ce}, {fd0d48bb-90c6-4a05-b2ba-f0ac8a3ad1ce}
04-25 16:52:21.656 I/Gecko   (   84): 1398469941671	Marionette	INFO	sendToClient: {"from":"0","value":"<div><img src=\"blob:cf6fb2f7-f186-489b-b6a2-8ec670e65304\" style=\"visibility: visible;\" role=\"presentation\" height=\"64\" width=\"64\"><span class=\"labelWrapper\"><span>Calendar</span></span></div>"}, {41d69bdc-c623-4476-a116-94d08be54042}, {41d69bdc-c623-4476-a116-94d08be54042}
04-25 16:52:21.666 I/Gecko   (   84): 1398469941680	Marionette	INFO	sendToClient: {"from":"0","value":"<div><img src=\"blob:bfe1fc65-43a5-484c-b47e-77976d27e338\" style=\"visibility: visible;\" role=\"presentation\" height=\"64\" width=\"64\"><span class=\"labelWrapper\"><span>Clock</span></span></div>"}, {e6ddb6a7-ffa8-450e-aaf6-6674230b862b}, {e6ddb6a7-ffa8-450e-aaf6-6674230b862b}
04-25 16:52:21.676 I/Gecko   (   84): 1398469941690	Marionette	INFO	sendToClient: {"from":"0","value":"<div><img src=\"blob:989eea5e-11fe-4a70-9258-2b0b49d3cfe2\" style=\"visibility: visible;\" role=\"presentation\" height=\"64\" width=\"64\"><span class=\"labelWrapper\"><span>Usage</span></span></div>"}, {57f3e06a-05d0-42d3-a51d-ee4b7edc3bf5}, {57f3e06a-05d0-42d3-a51d-ee4b7edc3bf5}
04-25 16:52:21.686 I/Gecko   (   84): 1398469941700	Marionette	INFO	sendToClient: {"from":"0","value":"<div><img src=\"blob:cf87b291-fd01-4598-a686-123e4c222548\" style=\"visibility: visible;\" role=\"presentation\" height=\"64\" width=\"64\"><span class=\"labelWrapper\"><span>E-Mail</span></span></div>"}, {98fd5d98-92af-48a2-9e54-b2101591660e}, {98fd5d98-92af-48a2-9e54-b2101591660e}
04-25 16:52:21.696 I/Gecko   (   84): 1398469941709	Marionette	INFO	sendToClient: {"from":"0","value":"<div><img src=\"blob:1036108a-ad01-4eac-8e8b-1c2d69135c1d\" style=\"visibility: visible;\" role=\"presentation\" height=\"64\" width=\"64\"><span class=\"labelWrapper\"><span>Music</span></span></div>"}, {63f3a6fe-f6f0-4eda-98dc-61a4795aac5b}, {63f3a6fe-f6f0-4eda-98dc-61a4795aac5b}
04-25 16:52:21.706 I/Gecko   (   84): 1398469941719	Marionette	INFO	sendToClient: {"from":"0","value":"<div><img src=\"blob:01c148c0-5523-47e5-9cf6-df022a221e72\" style=\"visibility: visible;\" role=\"presentation\" height=\"64\" width=\"64\"><span class=\"labelWrapper\"><span>Video</span></span></div>"}, {29fae32c-7a45-4d57-88cd-27db92355a2f}, {29fae32c-7a45-4d57-88cd-27db92355a2f}
04-25 16:52:21.726 I/Gecko   (   84): 1398469941740	Marionette	INFO	sendToClient: {"from":"0","value":"<div><img src=\"blob:1af8a4f8-58d7-4e43-bcf0-f3b9407f6a9d\" style=\"visibility: visible;\" role=\"presentation\" height=\"64\" width=\"64\"><span class=\"labelWrapper\"><span>ConnectA2</span></span></div><span data-is-icon=\"true\" class=\"options\"></span>"}, {1a368200-a26f-4f53-a2d0-0d5472a7fd9b}, {1a368200-a26f-4f53-a2d0-0d5472a7fd9b}
04-25 16:52:21.736 I/Gecko   (   84): 1398469941750	Marionette	INFO	sendToClient: {"from":"0","value":"<div><img src=\"blob:2b153dfd-b861-42a5-a12f-2bf394255806\" style=\"visibility: visible;\" role=\"presentation\" height=\"64\" width=\"64\"><span class=\"labelWrapper\"><span>Word Wars</span></span></div><span data-is-icon=\"true\" class=\"options\"></span>"}, {de251591-e77a-4e61-847f-400bb7534aef}, {de251591-e77a-4e61-847f-400bb7534aef}
04-25 16:52:21.746 I/Gecko   (   84): 1398469941759	Marionette	INFO	sendToClient: {"from":"0","value":"<div><img src=\"blob:8cecf7cd-424a-4a34-870b-705d9819ac72\" style=\"visibility: visible;\" role=\"presentation\" height=\"64\" width=\"64\"><span class=\"labelWrapper\"><span>Rormix</span></span></div><span data-is-icon=\"true\" class=\"options\"></span>"}, {baa98aa8-495f-4737-ba60-03f0e26411a1}, {baa98aa8-495f-4737-ba60-03f0e26411a1}
04-25 16:52:21.756 I/Gecko   (   84): 1398469941769	Marionette	INFO	sendToClient: {"from":"0","value":"<div><img src=\"blob:265982b4-9be3-4dba-a45d-d4acc2f88235\" style=\"visibility: visible;\" role=\"presentation\" height=\"64\" width=\"64\"><span class=\"labelWrapper\"><span>Cheer Up!</span></span></div><span data-is-icon=\"true\" class=\"options\"></span>"}, {d05fc93f-b394-4b3a-bc1c-1304ac8b21e4}, {d05fc93f-b394-4b3a-bc1c-1304ac8b21e4}
04-25 16:52:21.766 I/Gecko   (   84): 1398469941778	Marionette	INFO	sendToClient: {"from":"0","value":"<div><img src=\"blob:d39bec27-3fec-41df-bf3d-ce575c988436\" style=\"visibility: visible;\" role=\"presentation\" height=\"64\" width=\"64\"><span class=\"labelWrapper mask\"><span>Duck Sounds</span></span></div><span data-is-icon=\"true\" class=\"options\"></span>"}, {3f6bfc77-4a9d-4cad-9120-1f838f35804c}, {3f6bfc77-4a9d-4cad-9120-1f838f35804c}
04-25 16:52:21.776 I/Gecko   (   84): 1398469941789	Marionette	INFO	sendToClient: {"from":"0","value":"<div><img src=\"blob:0052e685-a73a-47c5-b6cd-bf85b74dd61f\" style=\"visibility: visible;\" role=\"presentation\" height=\"64\" width=\"64\"><span class=\"labelWrapper mask\"><span>Alarm Sounds</span></span></div><span data-is-icon=\"true\" class=\"options\"></span>"}, {770ed47d-033a-4870-bf43-c5ccbebc1699}, {770ed47d-033a-4870-bf43-c5ccbebc1699}
04-25 16:52:21.786 I/Gecko   (   84): 1398469941799	Marionette	INFO	sendToClient: {"from":"0","value":"<div><img src=\"blob:fd8e6926-a8cf-4600-9601-aefb307a26f7\" style=\"visibility: visible;\" role=\"presentation\" height=\"64\" width=\"64\"><span class=\"labelWrapper\"><span>Art</span></span></div><span data-is-icon=\"true\" class=\"options\"></span>"}, {c9ea928b-b504-4d14-96e1-8709ce9ccd75}, {c9ea928b-b504-4d14-96e1-8709ce9ccd75}
04-25 16:52:21.796 I/Gecko   (   84): 1398469941808	Marionette	INFO	sendToClient: {"from":"0","value":"<div><img src=\"blob:dc31c402-3922-490a-8cac-48d0cb9c00d9\" style=\"visibility: visible;\" role=\"presentation\" height=\"64\" width=\"64\"><span class=\"labelWrapper\"><span>Marketplace</span></span></div><span data-is-icon=\"true\" class=\"options\"></span>"}, {b2134c93-1897-4395-be34-5473c69b707c}, {b2134c93-1897-4395-be34-5473c69b707c}
04-25 16:52:21.806 I/Gecko   (   84): 1398469941818	Marionette	INFO	sendToClient: {"from":"0","value":"<div><img src=\"blob:6a216048-2431-4b2f-865f-17f4da2dbd33\" style=\"visibility: visible;\" role=\"presentation\" height=\"64\" width=\"64\"><span class=\"labelWrapper\"><span>VTCS 13</span></span></div><span data-is-icon=\"true\" class=\"options\"></span>"}, {66a81335-69fd-421e-a9c3-29fd7aa1ed52}, {66a81335-69fd-421e-a9c3-29fd7aa1ed52}
04-25 16:52:21.816 I/Gecko   (   84): 1398469941835	Marionette	INFO	sendToClient: {"from":"0","value":"<div><img src=\"blob:df99238d-46aa-455d-a5a8-bd1422586f36\" style=\"visibility: visible;\" role=\"presentation\" height=\"64\" width=\"64\"><span class=\"labelWrapper mask\"><span>inca-challenge</span></span></div><span data-is-icon=\"true\" class=\"options\"></span>"}, {b997c5ee-07f6-4b41-b8c2-4b0537fb6bf1}, {b997c5ee-07f6-4b41-b8c2-4b0537fb6bf1}
04-25 16:52:21.826 I/Gecko   (   84): 1398469941845	Marionette	INFO	sendToClient: {"from":"0","value":"<div><img src=\"blob:088197f6-9bc7-4f7b-94b6-e2b338bc13cc\" style=\"visibility: visible;\" role=\"presentation\" height=\"64\" width=\"64\"><span class=\"labelWrapper\"><span>KAYAK</span></span></div><span data-is-icon=\"true\" class=\"options\"></span>"}, {b7fbe317-57c0-425d-8967-79f5d4745ffe}, {b7fbe317-57c0-425d-8967-79f5d4745ffe}
04-25 16:52:21.836 I/Gecko   (   84): 1398469941854	Marionette	INFO	sendToClient: {"from":"0","value":"<div><img src=\"blob:4d287e8e-4e7f-40ea-a895-c4b40278915b\" style=\"visibility: visible;\" role=\"presentation\" height=\"64\" width=\"64\"><span class=\"labelWrapper mask\"><span>Multitouch detect</span></span></div><span data-is-icon=\"true\" class=\"options\"></span>"}, {f29d17a4-b3c4-410b-a067-5288211dfbea}, {f29d17a4-b3c4-410b-a067-5288211dfbea}
04-25 16:52:21.846 I/Gecko   (   84): 1398469941864	Marionette	INFO	sendToClient: {"from":"0","value":"<div><img src=\"blob:01cdb5d2-fa50-48df-9710-e0a7b6f9bb2f\" style=\"visibility: visible;\" role=\"presentation\" height=\"64\" width=\"64\"><span class=\"labelWrapper\"><span>Phone</span></span></div>"}, {0089cc53-70b6-4fff-a5f9-651b7bb2f47f}, {0089cc53-70b6-4fff-a5f9-651b7bb2f47f}
04-25 16:52:21.856 I/Gecko   (   84): 1398469941873	Marionette	INFO	sendToClient: {"from":"0","value":"<div><img src=\"blob:95bd01a4-deca-41c9-b65a-d1d7bf9c1e0c\" style=\"visibility: visible;\" role=\"presentation\" height=\"64\" width=\"64\"><span class=\"labelWrapper\"><span>Messages</span></span></div>"}, {1154a69b-1a0b-4a74-90e7-2f86ee6a1d39}, {1154a69b-1a0b-4a74-90e7-2f86ee6a1d39}
04-25 16:52:21.866 I/Gecko   (   84): 1398469941883	Marionette	INFO	sendToClient: {"from":"0","value":"<div><img src=\"blob:28be1919-abec-4f06-b10f-5f396a383f97\" style=\"visibility: visible;\" role=\"presentation\" height=\"64\" width=\"64\"><span class=\"labelWrapper\"><span>Contacts</span></span></div>"}, {8387933f-7e88-48db-b717-2a8b24129e37}, {8387933f-7e88-48db-b717-2a8b24129e37}
04-25 16:52:21.876 I/Gecko   (   84): 1398469941892	Marionette	INFO	sendToClient: {"from":"0","value":"<div><img src=\"blob:dfa87b5f-fb31-402b-95ef-89eedddf68ec\" style=\"visibility: visible;\" role=\"presentation\" height=\"64\" width=\"64\"><span class=\"labelWrapper\"><span>Browser</span></span></div>"}, {9034dfe1-453b-4313-895e-249585717868}, {9034dfe1-453b-4313-895e-249585717868}
04-25 16:52:21.886 I/Gecko   (   84): 1398469941900	Marionette	INFO	sendToClient: {"from":"0","value":"app://homescreen.gaiamobile.org/index.html#root"}, {81af6881-c846-4c65-9f62-031dbc253b5c}, {81af6881-c846-4c65-9f62-031dbc253b5c}
04-25 16:52:21.896 I/Gecko   (   84): 1398469941906	Marionette	DEBUG	Got request: switchToFrame, data: {"to":"0","sessionId":"3-b2g","name":"switchToFrame","parameters":{"id":null,"focus":true}}, id: {ce55b66f-7235-4cd0-9fb1-0a89b03efa50}
04-25 16:52:21.906 I/Gecko   (   84): 1398469941919	Marionette	INFO	Switched to frame: {"frameValue":null}
04-25 16:52:22.036 I/Gecko   (   84): 1398469942052	Marionette	INFO	sendToClient: {"from":"0","ok":true}, {ce55b66f-7235-4cd0-9fb1-0a89b03efa50}, {ce55b66f-7235-4cd0-9fb1-0a89b03efa50}
04-25 16:52:22.046 I/Gecko   (   84): 1398469942058	Marionette	DEBUG	Got request: switchToFrame, data: {"to":"0","sessionId":"3-b2g","name":"switchToFrame","parameters":{"id":null,"focus":true}}, id: {258e57c4-11ad-41f3-8056-26dbc9405d66}
04-25 16:52:22.046 I/Gecko   (   84): 1398469942060	Marionette	INFO	Switched to frame: {"frameValue":null}
04-25 16:52:22.146 I/Gecko   (   84): 1398469942162	Marionette	INFO	sendToClient: {"from":"0","ok":true}, {258e57c4-11ad-41f3-8056-26dbc9405d66}, {258e57c4-11ad-41f3-8056-26dbc9405d66}
04-25 16:52:22.156 I/Gecko   (   84): 1398469942168	Marionette	DEBUG	Got request: executeWithCallback, data: {"to":"0","sessionId":"3-b2g","name":"executeAsyncScript","parameters":{"specialPowers":false,"scriptTimeout":30000,"newSandbox":true,"args":[],"filename":"app_checker.py","script":"GaiaApps.launchWithManifestURL('http://multitouchdetect.exam-engine.urll.us/manifest.webapp')","line":106}}, id: {c8b32bf7-1dfa-4cd1-a8d2-25eb85c71a10}
04-25 16:52:22.506 I/Gonk    (   84): Setting nice for pid 1265 to 18
04-25 16:52:22.506 I/Gonk    (   84): Changed nice for pid 1265 from 0 to 18.
04-25 16:52:22.506 I/Gecko   (   84): [Parent 84] WARNING: waitpid failed pid:1265 errno:10: file ../../../gecko/ipc/chromium/src/base/process_util_posix.cc, line 254
04-25 16:52:22.546 I/Gonk    (   84): Setting nice for pid 1265 to 1
04-25 16:52:22.546 I/Gonk    (   84): Changed nice for pid 1265 from 18 to 1.
04-25 16:52:22.596 E/GeckoConsole(   84): Content JS LOG at dummy file:334 in GaiaApps.launch: launching app with name 'Multitouch detect'
04-25 16:52:22.966 E/[Gralloc-ERROR](   84): int gralloc_register_buffer(const gralloc_module_t*, const native_handle_t*):79 Unable to register handle 0x45c0af10 coming from different process: 84
04-25 16:52:23.006 E/[Gralloc-ERROR](   84): int gralloc_register_buffer(const gralloc_module_t*, const native_handle_t*):79 Unable to register handle 0x45cb68d0 coming from different process: 84
04-25 16:52:23.066 E/[Gralloc-ERROR](   84): int gralloc_register_buffer(const gralloc_module_t*, const native_handle_t*):79 Unable to register handle 0x45cb6970 coming from different process: 84
04-25 16:52:23.066 E/[Gralloc-ERROR](   84): int gralloc_register_buffer(const gralloc_module_t*, const native_handle_t*):79 Unable to register handle 0x45cb6ab0 coming from different process: 84
04-25 16:52:23.316 D/Sensors (   84): activate handle=0; drv=0
04-25 16:52:23.326 D/Sensors (   84): Lis3dhSensor: Control set 1
04-25 16:52:23.326 D/Sensors (   84): Lis3dhSensor: mEnabled = 1
04-25 16:52:23.526 I/Gonk    (   84): Setting nice for pid 1241 to 18
04-25 16:52:23.546 I/Gonk    (   84): Changed nice for pid 1241 from 1 to 18.
04-25 16:52:23.896 I/Gecko   (   84): 
04-25 16:52:23.896 I/Gecko   (   84): ###!!! [Parent][MessageChannel] Error: Channel error: cannot send/recv
04-25 16:52:23.896 I/Gecko   (   84): 
04-25 16:52:23.946 I/Gecko   (   84): [Parent 84] WARNING: waitpid failed pid:1241 errno:10: file ../../../gecko/ipc/chromium/src/base/process_util_posix.cc, line 254
04-25 16:52:24.816 E/GeckoConsole( 1265): [JavaScript Warning: "SyntaxError: Using //@ to indicate sourceMappingURL pragmas is deprecated. Use //# instead" {file: "http://multitouchdetect.exam-engine.urll.us/js/jquery.js" line: 1}]
04-25 16:52:24.876 E/GeckoConsole( 1265): [JavaScript Warning: "Error: http://multitouchdetect.exam-engine.urll.us/js/jquery.js is being assigned a //# sourceMappingURL, but already has one"]
04-25 16:52:25.256 E/GeckoConsole( 1265): [JavaScript Warning: "Unknown property 'box-sizing'.  Declaration dropped." {file: "http://multitouchdetect.exam-engine.urll.us/index.html" line: 0 column: 10 source: "box-sizing:border-box;-moz-box-sizing:border-box;-webkit-box-sizing:border-box;padding:1px;border:1px;display:block;width:4px;margin-top:1%;position:absolute;top:1%;"}]
04-25 16:52:25.266 E/GeckoConsole( 1265): [JavaScript Warning: "Unknown property 'box-sizing'.  Declaration dropped." {file: "http://multitouchdetect.exam-engine.urll.us/index.html" line: 0 column: 52 source: "padding:0;margin:0;border:0;display:block;box-sizing:content-box;-moz-box-sizing:content-box;-webkit-box-sizing:content-box;"}]
04-25 16:52:25.266 E/GeckoConsole( 1265): [JavaScript Warning: "Unknown property 'box-sizing'.  Declaration dropped." {file: "http://multitouchdetect.exam-engine.urll.us/index.html" line: 0 column: 52 source: "padding:0;margin:0;border:0;display:block;box-sizing:content-box;-moz-box-sizing:content-box;-webkit-box-sizing:content-box;"}]
04-25 16:52:25.636 I/Gonk    (   84): Setting nice for pid 1322 to 18
04-25 16:52:25.636 I/Gonk    (   84): Changed nice for pid 1322 from 0 to 18.
04-25 16:52:25.636 E/GeckoConsole(   84): Content JS LOG at dummy file:326 in GaiaApps.launch/appOpen/<: app with origin 'http://multitouchdetect.exam-engine.urll.us' has launched
04-25 16:52:25.656 I/Gecko   (   84): 1398469945668	Marionette	INFO	sendToClient: {"from":"0","value":{"frame":{"ELEMENT":"{fb559486-087d-4161-8d35-e97b65c75edf}"},"src":"http://multitouchdetect.exam-engine.urll.us/index.html","name":"Multitouch detect","origin":"http://multitouchdetect.exam-engine.urll.us"}}, {c8b32bf7-1dfa-4cd1-a8d2-25eb85c71a10}, {c8b32bf7-1dfa-4cd1-a8d2-25eb85c71a10}
04-25 16:52:25.656 E/[Gralloc-ERROR](   84): int gralloc_unregister_buffer(const gralloc_module_t*, const native_handle_t*):274 Trying to unregister buffer 0x45c0af10 from process 84 that was not created in current process: 84
