04-26 04:32:50.572 I/Gonk    (   84): Setting nice for pid 1398 to 18
04-26 04:32:50.572 I/Gonk    (   84): Changed nice for pid 1398 from 18 to 18.
04-26 04:32:50.572 I/Gecko   (   84): [Parent 84] WARNING: waitpid failed pid:1398 errno:10: file ../../../gecko/ipc/chromium/src/base/process_util_posix.cc, line 254
04-26 04:32:50.592 I/Gonk    (   84): Setting nice for pid 1398 to 1
04-26 04:32:50.592 I/Gonk    (   84): Changed nice for pid 1398 from 18 to 1.
04-26 04:32:50.792 I/GonkMemoryPressure( 1398): Checking to see if memory pressure is over.
04-26 04:32:50.792 I/GonkMemoryPressure( 1398): Memory pressure is over.
04-26 04:32:51.072 D/Sensors (   84): activate handle=0; drv=0
04-26 04:32:51.082 D/Sensors (   84): Lis3dhSensor: Control set 1
04-26 04:32:51.082 D/Sensors (   84): Lis3dhSensor: mEnabled = 1
04-26 04:32:51.312 E/[Gralloc-ERROR](   84): int gralloc_register_buffer(const gralloc_module_t*, const native_handle_t*):79 Unable to register handle 0x45d19970 coming from different process: 84
04-26 04:32:51.322 E/[Gralloc-ERROR](   84): int gralloc_register_buffer(const gralloc_module_t*, const native_handle_t*):79 Unable to register handle 0x45d19a10 coming from different process: 84
04-26 04:32:51.502 I/GonkMemoryPressure(   84): Checking to see if memory pressure is over.
04-26 04:32:51.502 I/GonkMemoryPressure(   84): Memory pressure is over.
04-26 04:32:51.522 I/GonkMemoryPressure( 1369): Checking to see if memory pressure is over.
04-26 04:32:51.522 I/GonkMemoryPressure( 1369): Memory pressure is over.
04-26 04:32:51.602 I/Gonk    (   84): Setting nice for pid 1369 to 18
04-26 04:32:51.602 I/Gonk    (   84): Changed nice for pid 1369 from 1 to 18.
04-26 04:32:52.642 E/GeckoConsole( 1398): [JavaScript Warning: "Unknown property 'touch-action-delay'.  Declaration dropped." {file: "app://{095b4540-d109-4e9e-b3f4-c05796f522c6}/index.html" line: 24 column: 21 source: "			touch-action-delay: none;"}]
04-26 04:32:52.652 E/GeckoConsole( 1398): [JavaScript Warning: "Unknown property 'touch-action'.  Declaration dropped." {file: "app://{095b4540-d109-4e9e-b3f4-c05796f522c6}/index.html" line: 25 column: 15 source: "			touch-action: none;"}]
04-26 04:32:52.652 E/GeckoConsole( 1398): [JavaScript Warning: "Unknown property 'touch-action-delay'.  Declaration dropped." {file: "app://{095b4540-d109-4e9e-b3f4-c05796f522c6}/index.html" line: 29 column: 21 source: "			touch-action-delay: none;"}]
04-26 04:32:52.652 E/GeckoConsole( 1398): [JavaScript Warning: "Unknown property 'touch-action'.  Declaration dropped." {file: "app://{095b4540-d109-4e9e-b3f4-c05796f522c6}/index.html" line: 30 column: 15 source: "			touch-action: none;"}]
04-26 04:32:53.192 I/Gecko   (   84): [Parent 84] WARNING: pipe error (95): Connection reset by peer: file ../../../gecko/ipc/chromium/src/chrome/common/ipc_channel_posix.cc, line 446
04-26 04:32:53.192 I/Gecko   (   84): 
04-26 04:32:53.192 I/Gecko   (   84): ###!!! [Parent][MessageChannel] Error: Channel error: cannot send/recv
04-26 04:32:53.192 I/Gecko   (   84): 
04-26 04:32:53.272 I/GeckoDump(   84): Crash reporter : Can't fetch app.reportCrashes. Exception: [Exception... "Component returned failure code: 0x8000ffff (NS_ERROR_UNEXPECTED) [nsIPrefBranch.getBoolPref]"  nsresult: "0x8000ffff (NS_ERROR_UNEXPECTED)"  location: "JS frame :: chrome://browser/content/shell.js :: shell_reportCrash :: line 7"  data: no]
04-26 04:32:53.272 I/Gecko   (   84): [Parent 84] WARNING: waitpid failed pid:1369 errno:10: file ../../../gecko/ipc/chromium/src/base/process_util_posix.cc, line 254
04-26 04:32:54.172 E/GeckoConsole( 1398): [JavaScript Warning: "Unknown property 'box-sizing'.  Declaration dropped." {file: "app://{095b4540-d109-4e9e-b3f4-c05796f522c6}/index.html" line: 0 column: 67 source: "-webkit-box-sizing:border-box;-moz-box-sizing:border-box;box-sizing:border-box;padding:1px;border:1px;display:block;width:4px;margin-top:1%;position:absolute;top:1%"}]
04-26 04:32:54.182 E/GeckoConsole( 1398): [JavaScript Warning: "Unknown property 'box-sizing'.  Declaration dropped." {file: "app://{095b4540-d109-4e9e-b3f4-c05796f522c6}/index.html" line: 0 column: 111 source: "padding:0;margin:0;border:0;display:block;-webkit-box-sizing:content-box;-moz-box-sizing:content-box;box-sizing:content-box"}]
04-26 04:32:54.182 E/GeckoConsole( 1398): [JavaScript Warning: "Unknown property 'box-sizing'.  Declaration dropped." {file: "app://{095b4540-d109-4e9e-b3f4-c05796f522c6}/index.html" line: 0 column: 111 source: "padding:0;margin:0;border:0;display:block;-webkit-box-sizing:content-box;-moz-box-sizing:content-box;box-sizing:content-box"}]
04-26 04:32:54.332 W/WifiHW  (   84): wifi_command: SIGNAL_POLL
04-26 04:32:55.272 I/Gecko   (   84): [Parent 84] WARNING: waitpid failed pid:1369 errno:10: file ../../../gecko/ipc/chromium/src/base/process_util_posix.cc, line 254
04-26 04:32:55.272 I/Gecko   (   84): [Parent 84] WARNING: Failed to deliver SIGKILL to 1369!(3).: file ../../../gecko/ipc/chromium/src/chrome/common/process_watcher_posix_sigchld.cc, line 118
04-26 04:32:55.972 I/Gonk    (   84): Setting nice for pid 1464 to 18
04-26 04:32:55.972 I/Gonk    (   84): Changed nice for pid 1464 from 0 to 18.
04-26 04:32:59.352 W/WifiHW  (   84): wifi_command: SIGNAL_POLL
04-26 04:33:00.702 I/Gecko   ( 1464): ###################################### forms.js loaded
04-26 04:33:00.842 I/Gecko   ( 1398): Attempting load of libEGL.so
04-26 04:33:00.842 I/Gecko   ( 1464): ############################### browserElementPanning.js loaded
04-26 04:33:00.972 I/Gecko   ( 1464): ######################## BrowserElementChildPreload.js loaded
04-26 04:33:01.232 D/libEGL  ( 1398): loaded /system/lib/egl/libEGL_mali.so
04-26 04:33:01.302 D/libEGL  ( 1398): loaded /system/lib/egl/libGLESv1_CM_mali.so
04-26 04:33:01.322 D/libEGL  ( 1398): loaded /system/lib/egl/libGLESv2_mali.so
04-26 04:33:01.552 I/Gecko   ( 1398): SharedSurface_Gralloc::Create -------
04-26 04:33:01.892 I/Gecko   ( 1398): SharedSurface_Gralloc::Create: success -- surface 0x45b3f7c0, GraphicBuffer 0x43dc6280.
04-26 04:33:03.592 I/Gecko   ( 1398): SharedSurface_Gralloc::Create -------
04-26 04:33:03.782 I/Gecko   ( 1398): SharedSurface_Gralloc::Create: success -- surface 0x45b3fc80, GraphicBuffer 0x435ffe00.
04-26 04:33:04.372 W/WifiHW  (   84): wifi_command: SIGNAL_POLL
04-26 04:33:08.112 I/Gecko   (   84): 
04-26 04:33:08.112 I/Gecko   (   84): ###!!! [Parent][MessageChannel] Error: Channel error: cannot send/recv
04-26 04:33:08.112 I/Gecko   (   84): 
04-26 04:33:08.242 I/Gonk    (   84): Setting nice for pid 1464 to 18
04-26 04:33:08.242 I/Gonk    (   84): Changed nice for pid 1464 from 0 to 18.
04-26 04:33:08.242 I/Gecko   (   84): [Parent 84] WARNING: waitpid failed pid:1464 errno:10: file ../../../gecko/ipc/chromium/src/base/process_util_posix.cc, line 254
04-26 04:33:08.242 I/Gonk    (   84): Setting nice for pid 1464 to 1
04-26 04:33:08.242 I/Gonk    (   84): Changed nice for pid 1464 from 18 to 1.
04-26 04:33:08.352 D/Sensors (   84): activate handle=0; drv=0
04-26 04:33:08.352 D/Sensors (   84): Lis3dhSensor: Control set 0
04-26 04:33:08.352 D/Sensors (   84): Lis3dhSensor: mEnabled = 0
04-26 04:33:08.392 I/GeckoDump(   84): Crash reporter : Can't fetch app.reportCrashes. Exception: [Exception... "Component returned failure code: 0x8000ffff (NS_ERROR_UNEXPECTED) [nsIPrefBranch.getBoolPref]"  nsresult: "0x8000ffff (NS_ERROR_UNEXPECTED)"  location: "JS frame :: chrome://browser/content/shell.js :: shell_reportCrash :: line 7"  data: no]
04-26 04:33:08.612 I/Gecko   (   84): [Parent 84] WARNING: waitpid failed pid:1398 errno:10: file ../../../gecko/ipc/chromium/src/base/process_util_posix.cc, line 254
04-26 04:33:08.652 E/[Gralloc-ERROR](   84): int gralloc_unregister_buffer(const gralloc_module_t*, const native_handle_t*):274 Trying to unregister buffer 0x45d19970 from process 84 that was not created in current process: 84
04-26 04:33:08.652 E/[Gralloc-ERROR](   84): int gralloc_unregister_buffer(const gralloc_module_t*, const native_handle_t*):274 Trying to unregister buffer 0x45d19a10 from process 84 that was not created in current process: 84
04-26 04:33:09.402 E/[Gralloc-ERROR](   84): int gralloc_register_buffer(const gralloc_module_t*, const native_handle_t*):79 Unable to register handle 0x4412d290 coming from different process: 84
04-26 04:33:09.402 E/[Gralloc-ERROR](   84): int gralloc_register_buffer(const gralloc_module_t*, const native_handle_t*):79 Unable to register handle 0x4412d600 coming from different process: 84
04-26 04:33:09.412 E/[Gralloc-ERROR](   84): int gralloc_register_buffer(const gralloc_module_t*, const native_handle_t*):79 Unable to register handle 0x4412d740 coming from different process: 84
04-26 04:33:09.422 E/[Gralloc-ERROR](   84): int gralloc_register_buffer(const gralloc_module_t*, const native_handle_t*):79 Unable to register handle 0x4412d970 coming from different process: 84
04-26 04:33:09.452 W/WifiHW  (   84): wifi_command: SIGNAL_POLL
04-26 04:33:09.762 E/[Gralloc-ERROR](   84): int gralloc_unregister_buffer(const gralloc_module_t*, const native_handle_t*):274 Trying to unregister buffer 0x4412d600 from process 84 that was not created in current process: 84
04-26 04:33:09.762 E/[Gralloc-ERROR](   84): int gralloc_unregister_buffer(const gralloc_module_t*, const native_handle_t*):274 Trying to unregister buffer 0x4412d290 from process 84 that was not created in current process: 84
04-26 04:33:09.782 E/[Gralloc-ERROR](   84): int gralloc_unregister_buffer(const gralloc_module_t*, const native_handle_t*):274 Trying to unregister buffer 0x4412d970 from process 84 that was not created in current process: 84
04-26 04:33:09.782 E/[Gralloc-ERROR](   84): int gralloc_unregister_buffer(const gralloc_module_t*, const native_handle_t*):274 Trying to unregister buffer 0x4412d740 from process 84 that was not created in current process: 84
04-26 04:33:10.602 E/GeckoConsole( 1464): Content JS ERROR at app://homescreen.gaiamobile.org/gaia_build_defer_index.js:390 in loadSVConfFileError: Failed parsing singleVariant configuration file [js/singlevariantconf.json]:  [Exception... "File error: Not found"  nsresult: "0x80520012 (NS_ERROR_FILE_NOT_FOUND)"  location: "JS frame :: app://homescreen.gaiamobile.org/gaia_build_defer_index.js :: loadFile :: line 382"  data: no]
04-26 04:33:10.612 I/Gecko   (   84): [Parent 84] WARNING: waitpid failed pid:1398 errno:10: file ../../../gecko/ipc/chromium/src/base/process_util_posix.cc, line 254
04-26 04:33:10.612 I/Gecko   (   84): [Parent 84] WARNING: Failed to deliver SIGKILL to 1398!(3).: file ../../../gecko/ipc/chromium/src/chrome/common/process_watcher_posix_sigchld.cc, line 118
04-26 04:33:13.402 E/GeckoConsole( 1464): Content JS WARN at app://homescreen.gaiamobile.org/gaia_build_defer_index.js:184 in isHiddenApp: Unexpected role when checking hidden app: undefined
04-26 04:33:13.402 E/GeckoConsole( 1464): Content JS WARN at app://homescreen.gaiamobile.org/gaia_build_defer_index.js:184 in isHiddenApp: Unexpected role when checking hidden app: undefined
04-26 04:33:13.402 E/GeckoConsole( 1464): Content JS WARN at app://homescreen.gaiamobile.org/gaia_build_defer_index.js:184 in isHiddenApp: Unexpected role when checking hidden app: undefined
04-26 04:33:13.402 E/GeckoConsole( 1464): Content JS WARN at app://homescreen.gaiamobile.org/gaia_build_defer_index.js:184 in isHiddenApp: Unexpected role when checking hidden app: undefined
04-26 04:33:13.402 E/GeckoConsole( 1464): Content JS WARN at app://homescreen.gaiamobile.org/gaia_build_defer_index.js:184 in isHiddenApp: Unexpected role when checking hidden app: undefined
04-26 04:33:13.422 E/GeckoConsole( 1464): Content JS WARN at app://homescreen.gaiamobile.org/gaia_build_defer_index.js:184 in isHiddenApp: Unexpected role when checking hidden app: undefined
04-26 04:33:13.422 E/GeckoConsole( 1464): Content JS WARN at app://homescreen.gaiamobile.org/gaia_build_defer_index.js:184 in isHiddenApp: Unexpected role when checking hidden app: undefined
04-26 04:33:13.422 E/GeckoConsole( 1464): Content JS WARN at app://homescreen.gaiamobile.org/gaia_build_defer_index.js:184 in isHiddenApp: Unexpected role when checking hidden app: undefined
04-26 04:33:13.422 E/GeckoConsole( 1464): Content JS WARN at app://homescreen.gaiamobile.org/gaia_build_defer_index.js:184 in isHiddenApp: Unexpected role when checking hidden app: undefined
04-26 04:33:13.422 E/GeckoConsole( 1464): Content JS WARN at app://homescreen.gaiamobile.org/gaia_build_defer_index.js:184 in isHiddenApp: Unexpected role when checking hidden app: undefined
04-26 04:33:13.422 E/GeckoConsole( 1464): Content JS WARN at app://homescreen.gaiamobile.org/gaia_build_defer_index.js:184 in isHiddenApp: Unexpected role when checking hidden app: undefined
04-26 04:33:13.422 E/GeckoConsole( 1464): Content JS WARN at app://homescreen.gaiamobile.org/gaia_build_defer_index.js:184 in isHiddenApp: Unexpected role when checking hidden app: undefined
04-26 04:33:13.422 E/GeckoConsole( 1464): Content JS WARN at app://homescreen.gaiamobile.org/gaia_build_defer_index.js:184 in isHiddenApp: Unexpected role when checking hidden app: undefined
04-26 04:33:13.422 E/GeckoConsole( 1464): Content JS WARN at app://homescreen.gaiamobile.org/gaia_build_defer_index.js:184 in isHiddenApp: Unexpected role when checking hidden app: undefined
04-26 04:33:13.432 I/Gonk    (   84): Setting nice for pid 1531 to 18
04-26 04:33:13.432 E/GeckoConsole( 1464): Content JS WARN at app://homescreen.gaiamobile.org/gaia_build_defer_index.js:184 in isHiddenApp: Unexpected role when checking hidden app: undefined
04-26 04:33:13.452 I/Gonk    (   84): Changed nice for pid 1531 from 0 to 18.
04-26 04:33:13.452 E/GeckoConsole( 1464): Content JS WARN at app://homescreen.gaiamobile.org/gaia_build_defer_index.js:184 in isHiddenApp: Unexpected role when checking hidden app: undefined
04-26 04:33:13.452 E/GeckoConsole( 1464): Content JS WARN at app://homescreen.gaiamobile.org/gaia_build_defer_index.js:184 in isHiddenApp: Unexpected role when checking hidden app: undefined
04-26 04:33:13.452 E/GeckoConsole( 1464): Content JS WARN at app://homescreen.gaiamobile.org/gaia_build_defer_index.js:184 in isHiddenApp: Unexpected role when checking hidden app: undefined
04-26 04:33:13.452 E/GeckoConsole( 1464): Content JS WARN at app://homescreen.gaiamobile.org/gaia_build_defer_index.js:184 in isHiddenApp: Unexpected role when checking hidden app: undefined
04-26 04:33:13.452 E/GeckoConsole( 1464): Content JS WARN at app://homescreen.gaiamobile.org/gaia_build_defer_index.js:184 in isHiddenApp: Unexpected role when checking hidden app: undefined
04-26 04:33:13.452 E/GeckoConsole( 1464): Content JS WARN at app://homescreen.gaiamobile.org/gaia_build_defer_index.js:184 in isHiddenApp: Unexpected role when checking hidden app: undefined
04-26 04:33:13.452 E/GeckoConsole( 1464): Content JS WARN at app://homescreen.gaiamobile.org/gaia_build_defer_index.js:184 in isHiddenApp: Unexpected role when checking hidden app: undefined
04-26 04:33:13.452 E/GeckoConsole( 1464): Content JS WARN at app://homescreen.gaiamobile.org/gaia_build_defer_index.js:184 in isHiddenApp: Unexpected role when checking hidden app: undefined
04-26 04:33:13.452 E/GeckoConsole( 1464): Content JS WARN at app://homescreen.gaiamobile.org/gaia_build_defer_index.js:184 in isHiddenApp: Unexpected role when checking hidden app: undefined
04-26 04:33:13.452 E/GeckoConsole( 1464): Content JS WARN at app://homescreen.gaiamobile.org/gaia_build_defer_index.js:184 in isHiddenApp: Unexpected role when checking hidden app: undefined
04-26 04:33:13.452 E/GeckoConsole( 1464): Content JS WARN at app://homescreen.gaiamobile.org/gaia_build_defer_index.js:184 in isHiddenApp: Unexpected role when checking hidden app: undefined
04-26 04:33:13.452 E/GeckoConsole( 1464): Content JS WARN at app://homescreen.gaiamobile.org/gaia_build_defer_index.js:184 in isHiddenApp: Unexpected role when checking hidden app: undefined
04-26 04:33:13.452 E/GeckoConsole( 1464): Content JS WARN at app://homescreen.gaiamobile.org/gaia_build_defer_index.js:184 in isHiddenApp: Unexpected role when checking hidden app: undefined
04-26 04:33:13.452 E/GeckoConsole( 1464): Content JS WARN at app://homescreen.gaiamobile.org/gaia_build_defer_index.js:184 in isHiddenApp: Unexpected role when checking hidden app: undefined
04-26 04:33:13.452 E/GeckoConsole( 1464): Content JS WARN at app://homescreen.gaiamobile.org/gaia_build_defer_index.js:184 in isHiddenApp: Unexpected role when checking hidden app: undefined
04-26 04:33:14.462 W/WifiHW  (   84): wifi_command: SIGNAL_POLL
04-26 04:33:15.002 I/Gecko   ( 1531): ###################################### forms.js loaded
04-26 04:33:15.032 I/Gecko   ( 1531): ############################### browserElementPanning.js loaded
04-26 04:33:15.052 I/Gecko   ( 1531): ######################## BrowserElementChildPreload.js loaded
04-26 04:33:19.462 W/WifiHW  (   84): wifi_command: SIGNAL_POLL
04-26 04:33:20.212 I/Gecko   (   84): 1398512000221	Marionette	INFO	sendToClient: {"from":"0","error":{"message":"timed out","status":28,"stacktrace":null}}, {2abbbdb4-dd22-49a4-a8b0-10ffb4b47e4c}, {2abbbdb4-dd22-49a4-a8b0-10ffb4b47e4c}