--------- beginning of /dev/log/main
04-27 05:41:12.730 V/AudioPolicyManagerBase(   89): startOutput() output 1, stream 1, session 4
04-27 05:41:12.730 V/AudioPolicyManagerBase(   89): changeRefCount() stream 1, count 1
04-27 05:41:12.730 V/AudioPolicyManagerBase(   89): getDeviceForStrategy() from cache strategy 0, device 2
04-27 05:41:12.730 V/AudioPolicyManagerBase(   89): getNewDevice() selected device 2
04-27 05:41:12.730 D/AudioPolicyManagerBase(   89): setOutputDevice() output 1 device 2 delayMs 0
04-27 05:41:12.730 V/AudioPolicyManagerBase(   89): setOutputDevice() setting same device 2 or null device for output 1
04-27 05:41:12.730 E/AudioPolicyManagerBase(   89): checkAndSetVolume stream=1, index=0, output=1, device=2
04-27 05:41:12.730 E/AudioPolicyManagerBase(   89): computeVolume, streamDesc=0xcacbb8
04-27 05:41:12.770 W/AudioFlinger(   89): Thread AudioOut_1 cannot connect to the power manager service
04-27 05:41:12.770 V/AudioPolicyManagerBase(   89): stopOutput() output 1, stream 1, session 4
04-27 05:41:12.770 V/AudioPolicyManagerBase(   89): changeRefCount() stream 1, count 0
04-27 05:41:12.770 V/AudioPolicyManagerBase(   89): getNewDevice() selected device 0
04-27 05:41:12.770 D/AudioPolicyManagerBase(   89): setOutputDevice() output 1 device 0 delayMs 290
04-27 05:41:12.770 V/AudioPolicyManagerBase(   89): setOutputDevice() setting same device 0 or null device for output 1
04-27 05:41:12.780 V/AudioPolicyManagerBase(   89): startOutput() output 1, stream 1, session 4
04-27 05:41:12.780 V/AudioPolicyManagerBase(   89): changeRefCount() stream 1, count 1
04-27 05:41:12.780 V/AudioPolicyManagerBase(   89): getDeviceForStrategy() from cache strategy 0, device 2
04-27 05:41:12.780 V/AudioPolicyManagerBase(   89): getNewDevice() selected device 2
04-27 05:41:12.780 D/AudioPolicyManagerBase(   89): setOutputDevice() output 1 device 2 delayMs 0
04-27 05:41:12.780 V/AudioPolicyManagerBase(   89): setOutputDevice() setting same device 2 or null device for output 1
04-27 05:41:12.780 E/AudioPolicyManagerBase(   89): checkAndSetVolume stream=1, index=0, output=1, device=2
04-27 05:41:12.780 E/AudioPolicyManagerBase(   89): computeVolume, streamDesc=0xcacbb8
04-27 05:41:12.780 V/AudioPolicyManagerBase(   89): stopOutput() output 1, stream 1, session 4
04-27 05:41:12.780 V/AudioPolicyManagerBase(   89): changeRefCount() stream 1, count 0
04-27 05:41:12.780 V/AudioPolicyManagerBase(   89): getNewDevice() selected device 0
04-27 05:41:12.780 D/AudioPolicyManagerBase(   89): setOutputDevice() output 1 device 0 delayMs 290
04-27 05:41:12.780 V/AudioPolicyManagerBase(   89): setOutputDevice() setting same device 0 or null device for output 1
04-27 05:41:12.790 V/AudioPolicyManagerBase(   89): releaseOutput() 1
04-27 05:41:13.070 E/GeckoConsole( 1954): Content JS ERROR at app://homescreen.gaiamobile.org/gaia_build_defer_index.js:390 in loadSVConfFileError: Failed parsing singleVariant configuration file [js/singlevariantconf.json]:  [Exception... "File error: Not found"  nsresult: "0x80520012 (NS_ERROR_FILE_NOT_FOUND)"  location: "JS frame :: app://homescreen.gaiamobile.org/gaia_build_defer_index.js :: loadFile :: line 382"  data: no]
04-27 05:41:13.120 I/Gecko   (   84): 1398602473124	Marionette	INFO	sendToClient: {"from":"0","ok":true}, {fe2bf490-e955-4b35-a907-c00d4a7ede25}, {fe2bf490-e955-4b35-a907-c00d4a7ede25}
04-27 05:41:13.140 I/Gecko   (   84): 1398602473150	Marionette	DEBUG	Got request: switchToFrame, data: {"to":"0","sessionId":"3-b2g","name":"switchToFrame","parameters":{"id":null,"focus":true}}, id: {f392ad26-d8b6-4bbf-8f76-23555fc87863}
04-27 05:41:13.170 I/Gecko   (   84): 1398602473173	Marionette	INFO	Switched to frame: {"frameValue":null}
04-27 05:41:13.270 I/Gecko   (   84): 1398602473277	Marionette	INFO	sendToClient: {"from":"0","ok":true}, {f392ad26-d8b6-4bbf-8f76-23555fc87863}, {f392ad26-d8b6-4bbf-8f76-23555fc87863}
04-27 05:41:13.280 I/Gecko   (   84): 1398602473283	Marionette	DEBUG	Got request: executeWithCallback, data: {"to":"0","sessionId":"3-b2g","name":"executeAsyncScript","parameters":{"specialPowers":false,"scriptTimeout":null,"newSandbox":true,"args":[],"filename":"gaia_test.py","script":"return GaiaApps.displayedApp();","line":66}}, id: {c9cf4f6c-4016-4810-893c-048f827bff20}
04-27 05:41:13.340 I/Gecko   (   84): 1398602473350	Marionette	INFO	sendToClient: {"from":"0","value":{"frame":{"ELEMENT":"{3d9927e3-c1f3-45fa-b3a9-f60b296dd27a}"},"src":"app://homescreen.gaiamobile.org/index.html#root","name":"Homescreen","origin":"app://homescreen.gaiamobile.org"}}, {c9cf4f6c-4016-4810-893c-048f827bff20}, {c9cf4f6c-4016-4810-893c-048f827bff20}
04-27 05:41:13.340 E/GeckoConsole(   84): Content JS LOG at dummy file:392 in GaiaApps.displayedApp: app with origin 'app://homescreen.gaiamobile.org' is displayed
04-27 05:41:13.350 I/Gecko   (   84): 1398602473358	Marionette	DEBUG	Got request: switchToFrame, data: {"to":"0","sessionId":"3-b2g","name":"switchToFrame","parameters":{"id":null,"focus":true}}, id: {1b2ac08b-99ce-47d9-9390-35452d8f69d2}
04-27 05:41:13.370 I/Gecko   (   84): 1398602473376	Marionette	INFO	Switched to frame: {"frameValue":null}
04-27 05:41:13.470 I/Gecko   (   84): 1398602473478	Marionette	INFO	sendToClient: {"from":"0","ok":true}, {1b2ac08b-99ce-47d9-9390-35452d8f69d2}, {1b2ac08b-99ce-47d9-9390-35452d8f69d2}
04-27 05:41:13.480 I/Gecko   (   84): 1398602473484	Marionette	DEBUG	Got request: switchToFrame, data: {"to":"0","sessionId":"3-b2g","name":"switchToFrame","parameters":{"id":null,"focus":true}}, id: {ed1b0463-1c77-497c-b8e0-c22016b63a18}
04-27 05:41:13.480 I/Gecko   (   84): 1398602473486	Marionette	INFO	Switched to frame: {"frameValue":null}
04-27 05:41:13.590 I/Gecko   (   84): 1398602473595	Marionette	INFO	sendToClient: {"from":"0","ok":true}, {ed1b0463-1c77-497c-b8e0-c22016b63a18}, {ed1b0463-1c77-497c-b8e0-c22016b63a18}
04-27 05:41:13.590 I/Gecko   (   84): 1398602473601	Marionette	DEBUG	Got request: executeWithCallback, data: {"to":"0","sessionId":"3-b2g","name":"executeAsyncScript","parameters":{"specialPowers":false,"scriptTimeout":null,"newSandbox":true,"args":[],"filename":"gaia_test.py","script":"return GaiaApps.displayedApp();","line":66}}, id: {eb44e7d7-fd20-44ad-b5bc-a644e6ad8f43}
04-27 05:41:13.690 I/Gecko   (   84): 1398602473695	Marionette	INFO	sendToClient: {"from":"0","value":{"frame":{"ELEMENT":"{3d9927e3-c1f3-45fa-b3a9-f60b296dd27a}"},"src":"app://homescreen.gaiamobile.org/index.html#root","name":"Homescreen","origin":"app://homescreen.gaiamobile.org"}}, {eb44e7d7-fd20-44ad-b5bc-a644e6ad8f43}, {eb44e7d7-fd20-44ad-b5bc-a644e6ad8f43}
04-27 05:41:13.690 E/GeckoConsole(   84): Content JS LOG at dummy file:392 in GaiaApps.displayedApp: app with origin 'app://homescreen.gaiamobile.org' is displayed
04-27 05:41:13.750 I/Gecko   (   84): 1398602473758	Marionette	DEBUG	Got request: switchToFrame, data: {"to":"0","sessionId":"3-b2g","name":"switchToFrame","parameters":{"focus":true,"element":"{3d9927e3-c1f3-45fa-b3a9-f60b296dd27a}"}}, id: {eeefe14f-b472-46f3-b748-3a3dd893ce5f}
04-27 05:41:13.760 I/Gecko   (   84): 1398602473766	Marionette	INFO	Switched to frame: {"frameValue":"{3d9927e3-c1f3-45fa-b3a9-f60b296dd27a}"}
04-27 05:41:13.780 I/Gecko   (   84): 1398602473785	Marionette	INFO	trying remote frame 0
04-27 05:41:13.790 I/Gecko   (   84): 1398602473794	Marionette	INFO	trying remote frame 1
04-27 05:41:13.790 I/Gecko   (   84): 1398602473795	Marionette	INFO	trying remote frame 2
04-27 05:41:13.790 I/Gecko   (   84): 1398602473796	Marionette	INFO	deleting frame
04-27 05:41:13.790 I/Gecko   (   84): 1398602473801	Marionette	INFO	frame-manager load script: [object ChromeMessageSender]
04-27 05:41:14.260 I/Gecko   (   84): 1398602474272	Marionette	INFO	sendToClient: {"from":"0","ok":true}, {eeefe14f-b472-46f3-b748-3a3dd893ce5f}, {eeefe14f-b472-46f3-b748-3a3dd893ce5f}
04-27 05:41:14.370 I/Gecko   (   84): 1398602474379	Marionette	INFO	sendToClient: {"from":"0","value":{"ELEMENT":"{eb00303a-9346-4a9f-95d6-9bea26a96f16}"}}, {9f54f204-54a7-43e0-bc92-f83a22eb3fa7}, {9f54f204-54a7-43e0-bc92-f83a22eb3fa7}
04-27 05:41:14.680 E/GeckoConsole( 1954): [JavaScript Warning: "Use of getAttributeNode() is deprecated. Use getAttribute() instead." {file: "chrome://marionette/content/atoms.js" line: 25}]
04-27 05:41:14.690 E/GeckoConsole( 1954): [JavaScript Warning: "Use of attributes' specified attribute is deprecated. It always returns true." {file: "chrome://marionette/content/atoms.js" line: 25}]
04-27 05:41:14.690 I/Gecko   (   84): 1398602474697	Marionette	INFO	sendToClient: {"from":"0","value":"normal"}, {1be05f65-1f63-49da-9a5d-88235a615410}, {1be05f65-1f63-49da-9a5d-88235a615410}
04-27 05:41:14.700 I/Gecko   (   84): 1398602474703	Marionette	DEBUG	Got request: switchToFrame, data: {"to":"0","sessionId":"3-b2g","name":"switchToFrame","parameters":{"id":null,"focus":true}}, id: {a7d426af-b5c6-41b8-b724-7ecbe62247cc}
04-27 05:41:14.710 I/Gecko   (   84): 1398602474715	Marionette	INFO	Switched to frame: {"frameValue":null}
04-27 05:41:14.810 I/Gecko   (   84): 1398602474818	Marionette	INFO	sendToClient: {"from":"0","ok":true}, {a7d426af-b5c6-41b8-b724-7ecbe62247cc}, {a7d426af-b5c6-41b8-b724-7ecbe62247cc}
04-27 05:41:14.820 I/Gecko   (   84): 1398602474824	Marionette	DEBUG	Got request: execute, data: {"to":"0","sessionId":"3-b2g","name":"executeScript","parameters":{"specialPowers":false,"scriptTimeout":null,"newSandbox":true,"args":[],"filename":"gaia_test.py","script":"window.wrappedJSObject.dispatchEvent(new Event('home'));","line":788}}, id: {22e77131-8426-416b-ab3c-8f14ae207152}
04-27 05:41:14.870 I/Gecko   (   84): 1398602474874	Marionette	INFO	sendToClient: {"from":"0","value":null}, {22e77131-8426-416b-ab3c-8f14ae207152}, {22e77131-8426-416b-ab3c-8f14ae207152}
04-27 05:41:14.880 I/Gecko   (   84): 1398602474888	Marionette	DEBUG	Got request: switchToFrame, data: {"to":"0","sessionId":"3-b2g","name":"switchToFrame","parameters":{"id":null,"focus":true}}, id: {95502018-9240-475d-aaae-605061654591}
04-27 05:41:14.880 I/Gecko   (   84): 1398602474890	Marionette	INFO	Switched to frame: {"frameValue":null}
04-27 05:41:14.980 I/Gecko   (   84): 1398602474992	Marionette	INFO	sendToClient: {"from":"0","ok":true}, {95502018-9240-475d-aaae-605061654591}, {95502018-9240-475d-aaae-605061654591}
04-27 05:41:14.990 I/Gecko   (   84): 1398602474998	Marionette	DEBUG	Got request: switchToFrame, data: {"to":"0","sessionId":"3-b2g","name":"switchToFrame","parameters":{"id":null,"focus":true}}, id: {6885fe28-0c85-402d-b5c4-b72a20c5dc55}
04-27 05:41:14.990 I/Gecko   (   84): 1398602475000	Marionette	INFO	Switched to frame: {"frameValue":null}
04-27 05:41:15.090 I/Gecko   (   84): 1398602475102	Marionette	INFO	sendToClient: {"from":"0","ok":true}, {6885fe28-0c85-402d-b5c4-b72a20c5dc55}, {6885fe28-0c85-402d-b5c4-b72a20c5dc55}
04-27 05:41:15.100 I/Gecko   (   84): 1398602475109	Marionette	DEBUG	Got request: executeWithCallback, data: {"to":"0","sessionId":"3-b2g","name":"executeAsyncScript","parameters":{"specialPowers":false,"scriptTimeout":null,"newSandbox":true,"args":[],"filename":"gaia_test.py","script":"return GaiaApps.displayedApp();","line":66}}, id: {9f6c2796-d283-4106-9c47-9315700f990a}
04-27 05:41:15.220 I/Gecko   (   84): 1398602475228	Marionette	INFO	sendToClient: {"from":"0","value":{"frame":{"ELEMENT":"{3d9927e3-c1f3-45fa-b3a9-f60b296dd27a}"},"src":"app://homescreen.gaiamobile.org/index.html#rootSun%20Apr%2027%202014%2005:41:14%20GMT-0700%20(UTC)","name":"Homescreen","origin":"app://homescreen.gaiamobile.org"}}, {9f6c2796-d283-4106-9c47-9315700f990a}, {9f6c2796-d283-4106-9c47-9315700f990a}
04-27 05:41:15.220 E/GeckoConsole(   84): Content JS LOG at dummy file:392 in GaiaApps.displayedApp: app with origin 'app://homescreen.gaiamobile.org' is displayed
04-27 05:41:15.240 I/Gecko   (   84): 1398602475251	Marionette	DEBUG	Got request: switchToFrame, data: {"to":"0","sessionId":"3-b2g","name":"switchToFrame","parameters":{"focus":true,"element":"{3d9927e3-c1f3-45fa-b3a9-f60b296dd27a}"}}, id: {fc770749-aefc-4534-9d5c-9cee18917ba3}
04-27 05:41:15.250 I/Gecko   (   84): 1398602475257	Marionette	INFO	Switched to frame: {"frameValue":"{3d9927e3-c1f3-45fa-b3a9-f60b296dd27a}"}
04-27 05:41:15.270 I/Gecko   (   84): 1398602475275	Marionette	INFO	trying remote frame 0
04-27 05:41:15.270 I/Gecko   (   84): 1398602475282	Marionette	INFO	trying remote frame 1
04-27 05:41:15.280 I/Gecko   (   84): 1398602475285	Marionette	INFO	trying remote frame 2
04-27 05:41:15.360 W/WifiHW  (   84): wifi_command: SIGNAL_POLL
04-27 05:41:15.690 I/Gecko   (   84): 1398602475700	Marionette	INFO	sendToClient: {"from":"0","ok":true}, {fc770749-aefc-4534-9d5c-9cee18917ba3}, {fc770749-aefc-4534-9d5c-9cee18917ba3}
04-27 05:41:15.700 I/Gecko   (   84): 1398602475707	Marionette	DEBUG	Got request: execute, data: {"to":"0","sessionId":"3-b2g","name":"executeScript","parameters":{"specialPowers":false,"scriptTimeout":null,"newSandbox":true,"args":[],"filename":"gaia_test.py","script":"return window.wrappedJSObject.GridManager.pageHelper.getCurrentPageNumber();","line":784}}, id: {667c0ef4-89c9-4f9b-b18c-02cab62f4a99}
04-27 05:41:15.950 I/Gecko   (   84): 1398602475953	Marionette	INFO	sendToClient: {"from":"0","value":0}, {667c0ef4-89c9-4f9b-b18c-02cab62f4a99}, {667c0ef4-89c9-4f9b-b18c-02cab62f4a99}
04-27 05:41:16.170 I/Gecko   (   84): 1398602476175	Marionette	INFO	sendToClient: {"from":"0","value":["{b36341cc-571f-46b8-bdb7-d0e69da04f01}","{6b2e4e45-cd72-4882-91d0-077eebba4888}","{380b7c2d-8234-4a41-8fb5-6a00a833a723}","{f93349bb-0527-4f31-b512-8dcbc13afcf0}","{16ba03a4-7d82-451d-ad8f-2ee815e276e1}","{d4ede13d-2a33-4331-b0eb-c8abbadb34f4}","{06674057-34ae-4cef-aa35-0b9e0b723e90}","{19a83dc0-a59e-4e4b-aaed-2bc2e2fce249}","{872a4c60-f34f-4cd6-91bb-7ca7f61e79f3}","{7076f8b7-7266-4b6c-985c-9d87e7c60c35}","{581d696e-b039-4c4d-849c-7c5cde6689d5}","{b3eeedfc-adb1-4f5c-8b4a-2660121ac334}","{1413f149-cdef-4e0e-bbc7-f5763140b719}","{e876affa-c9d8-4b79-99ba-c08887c9b723}","{786cf9ec-278f-4f13-a0d0-b609ce980a2b}","{c1e5aedd-cf07-44da-bc81-df47da949ea4}","{4e4a7efd-de81-4775-9c1a-d3b5350ad1ad}","{ac665f4d-524f-4fb7-8dc1-65782eee2770}","{cac4c433-3987-4669-bb24-94928992f20d}","{1ce78aa7-f4d1-4a21-b92f-9138470dfc49}","{1bbc530c-a24a-4aae-b0e6-d305cdaf537e}","{6215d242-3fe3-4998-a9de-aca7d4b92df4}","{8c6f907e-ccc0-4541-b363-3b81698a6fea}","{4727fed5-27d5
04-27 05:41:16.230 I/Gecko   (   84): 1398602476236	Marionette	INFO	sendToClient: {"from":"0","value":"app://homescreen.gaiamobile.org/index.html#rootSun%20Apr%2027%202014%2005:41:14%20GMT-0700%20(UTC)"}, {5bec4e24-7b2f-49fc-8cf4-bcf23a5ef412}, {5bec4e24-7b2f-49fc-8cf4-bcf23a5ef412}
04-27 05:41:16.280 I/Gecko   (   84): 1398602476285	Marionette	DEBUG	Got request: switchToFrame, data: {"to":"0","sessionId":"3-b2g","name":"switchToFrame","parameters":{"id":null,"focus":true}}, id: {83fe780f-e374-420b-a0a4-94f21f067cc1}
04-27 05:41:16.300 I/Gecko   (   84): 1398602476305	Marionette	INFO	Switched to frame: {"frameValue":null}
04-27 05:41:17.240 I/Gecko   (   84): 1398602477244	Marionette	INFO	sendToClient: {"from":"0","ok":true}, {83fe780f-e374-420b-a0a4-94f21f067cc1}, {83fe780f-e374-420b-a0a4-94f21f067cc1}
04-27 05:41:17.870 I/Gecko   (   84): 1398602477875	Marionette	DEBUG	Got request: switchToFrame, data: {"to":"0","sessionId":"3-b2g","name":"switchToFrame","parameters":{"id":null,"focus":true}}, id: {ded300c2-1cb0-4e95-8cee-5944933ed283}
04-27 05:41:17.980 I/Gecko   (   84): 1398602477984	Marionette	INFO	Switched to frame: {"frameValue":null}
04-27 05:41:18.100 I/Gecko   (   84): 1398602478109	Marionette	INFO	sendToClient: {"from":"0","ok":true}, {ded300c2-1cb0-4e95-8cee-5944933ed283}, {ded300c2-1cb0-4e95-8cee-5944933ed283}
04-27 05:41:18.110 I/Gecko   (   84): 1398602478121	Marionette	DEBUG	Got request: executeWithCallback, data: {"to":"0","sessionId":"3-b2g","name":"executeAsyncScript","parameters":{"specialPowers":false,"scriptTimeout":30000,"newSandbox":true,"args":[],"filename":"app_checker.py","script":"GaiaApps.launchWithManifestURL('https://marketplace.firefox.com/app/4602a1ea-b57f-41a7-a765-af8a0777abe3/manifest.webapp')","line":106}}, id: {94495731-4217-4957-928f-e5d0bd5bcd8d}
04-27 05:41:18.500 I/Gonk    (   84): Setting nice for pid 1965 to 18
04-27 05:41:18.500 I/Gonk    (   84): Changed nice for pid 1965 from 0 to 18.
04-27 05:41:18.520 I/Gecko   (   84): [Parent 84] WARNING: waitpid failed pid:1965 errno:10: file ../../../gecko/ipc/chromium/src/base/process_util_posix.cc, line 254
04-27 05:41:18.560 I/Gonk    (   84): Setting nice for pid 1965 to 1
04-27 05:41:18.560 I/Gonk    (   84): Changed nice for pid 1965 from 18 to 1.
04-27 05:41:18.590 E/GeckoConsole(   84): Content JS LOG at dummy file:334 in GaiaApps.launch: launching app with name 'Ohmetro'
04-27 05:41:19.100 D/Sensors (   84): activate handle=0; drv=0
04-27 05:41:19.110 D/Sensors (   84): Lis3dhSensor: Control set 1
04-27 05:41:19.110 D/Sensors (   84): Lis3dhSensor: mEnabled = 1
04-27 05:41:19.300 E/[Gralloc-ERROR](   84): int gralloc_register_buffer(const gralloc_module_t*, const native_handle_t*):79 Unable to register handle 0x48b82f60 coming from different process: 84
04-27 05:41:19.380 E/[Gralloc-ERROR](   84): int gralloc_register_buffer(const gralloc_module_t*, const native_handle_t*):79 Unable to register handle 0x499ae1f0 coming from different process: 84
04-27 05:41:19.690 I/Gonk    (   84): Setting nice for pid 1954 to 18
04-27 05:41:19.690 I/Gonk    (   84): Changed nice for pid 1954 from 1 to 18.
04-27 05:41:20.420 W/WifiHW  (   84): wifi_command: SIGNAL_POLL
04-27 05:41:21.570 I/Gecko   (   84): 
04-27 05:41:21.570 I/Gecko   (   84): ###!!! [Parent][MessageChannel] Error: Channel error: cannot send/recv
04-27 05:41:21.570 I/Gecko   (   84): 
04-27 05:41:21.680 I/GeckoDump(   84): Crash reporter : Can't fetch app.reportCrashes. Exception: [Exception... "Component returned failure code: 0x8000ffff (NS_ERROR_UNEXPECTED) [nsIPrefBranch.getBoolPref]"  nsresult: "0x8000ffff (NS_ERROR_UNEXPECTED)"  location: "JS frame :: chrome://browser/content/shell.js :: shell_reportCrash :: line 7"  data: no]
04-27 05:41:21.720 I/Gecko   (   84): [Parent 84] WARNING: waitpid failed pid:1954 errno:10: file ../../../gecko/ipc/chromium/src/base/process_util_posix.cc, line 254
04-27 05:41:22.180 E/GeckoConsole( 1965): [JavaScript Warning: "Unknown property 'box-sizing'.  Declaration dropped." {file: "app://{b2e612ed-9e4b-4a9e-b003-a7d13d70b0a6}/index.html" line: 0 column: 10 source: "box-sizing:border-box;-moz-box-sizing:border-box;-webkit-box-sizing:border-box;padding:1px;border:1px;display:block;width:4px;margin-top:1%;position:absolute;top:1%;"}]
04-27 05:41:22.220 E/GeckoConsole( 1965): [JavaScript Warning: "Unknown property 'box-sizing'.  Declaration dropped." {file: "app://{b2e612ed-9e4b-4a9e-b003-a7d13d70b0a6}/index.html" line: 0 column: 52 source: "padding:0;margin:0;border:0;display:block;box-sizing:content-box;-moz-box-sizing:content-box;-webkit-box-sizing:content-box;"}]
04-27 05:41:22.230 E/GeckoConsole( 1965): [JavaScript Warning: "Unknown property 'box-sizing'.  Declaration dropped." {file: "app://{b2e612ed-9e4b-4a9e-b003-a7d13d70b0a6}/index.html" line: 0 column: 52 source: "padding:0;margin:0;border:0;display:block;box-sizing:content-box;-moz-box-sizing:content-box;-webkit-box-sizing:content-box;"}]
04-27 05:41:23.010 I/Gonk    (   84): Setting nice for pid 2060 to 18
04-27 05:41:23.010 I/Gonk    (   84): Changed nice for pid 2060 from 0 to 18.
04-27 05:41:23.300 E/GeckoConsole(   84): Content JS LOG at dummy file:326 in GaiaApps.launch/appOpen/<: app with origin 'app://{b2e612ed-9e4b-4a9e-b003-a7d13d70b0a6}' has launched
04-27 05:41:23.300 E/[Gralloc-ERROR](   84): int gralloc_unregister_buffer(const gralloc_module_t*, const native_handle_t*):274 Trying to unregister buffer 0x48b82f60 from process 84 that was not created in current process: 84
04-27 05:41:23.300 I/Gecko   (   84): 1398602483310	Marionette	INFO	sendToClient: {"from":"0","value":{"frame":{"ELEMENT":"{1c5d8361-eee1-48c3-a168-e3c9a441b491}"},"src":"app://{b2e612ed-9e4b-4a9e-b003-a7d13d70b0a6}/index.html","name":"Ohmetro","origin":"app://{b2e612ed-9e4b-4a9e-b003-a7d13d70b0a6}"}}, {94495731-4217-4957-928f-e5d0bd5bcd8d}, {94495731-4217-4957-928f-e5d0bd5bcd8d}
04-27 05:41:23.470 E/[Gralloc-ERROR](   84): int gralloc_unregister_buffer(const gralloc_module_t*, const native_handle_t*):274 Trying to unregister buffer 0x499ae1f0 from process 84 that was not created in current process: 84
04-27 05:41:23.470 I/Gonk    (   84): Setting nice for pid 2060 to 18
04-27 05:41:23.470 I/Gonk    (   84): Changed nice for pid 2060 from 18 to 18.
04-27 05:41:23.470 I/Gecko   (   84): [Parent 84] WARNING: waitpid failed pid:2060 errno:10: file ../../../gecko/ipc/chromium/src/base/process_util_posix.cc, line 254
04-27 05:41:23.580 I/Gonk    (   84): Setting nice for pid 2068 to 18
04-27 05:41:23.580 I/Gonk    (   84): Changed nice for pid 2068 from 0 to 18.
04-27 05:41:23.650 I/Gecko   (   84): 1398602483653	Marionette	DEBUG	Got request: switchToFrame, data: {"to":"0","sessionId":"3-b2g","name":"switchToFrame","parameters":{"focus":true,"element":"{1c5d8361-eee1-48c3-a168-e3c9a441b491}"}}, id: {9ab90000-8adf-403f-a70b-c7749ecb539a}
04-27 05:41:23.650 I/Gecko   (   84): 1398602483662	Marionette	INFO	Switched to frame: {"frameValue":"{1c5d8361-eee1-48c3-a168-e3c9a441b491}"}
04-27 05:41:23.660 I/Gecko   (   84): 1398602483665	Marionette	INFO	trying remote frame 0
04-27 05:41:23.680 I/Gecko   (   84): 1398602483673	Marionette	INFO	trying remote frame 1
04-27 05:41:23.680 I/Gecko   (   84): 1398602483685	Marionette	INFO	trying remote frame 2
04-27 05:41:23.680 I/Gecko   (   84): 1398602483686	Marionette	INFO	deleting frame
04-27 05:41:23.680 I/Gecko   (   84): 1398602483692	Marionette	INFO	frame-manager load script: [object ChromeMessageSender]
04-27 05:41:23.720 I/Gecko   (   84): [Parent 84] WARNING: waitpid failed pid:1954 errno:10: file ../../../gecko/ipc/chromium/src/base/process_util_posix.cc, line 254
04-27 05:41:23.720 I/Gecko   (   84): [Parent 84] WARNING: Failed to deliver SIGKILL to 1954!(3).: file ../../../gecko/ipc/chromium/src/chrome/common/process_watcher_posix_sigchld.cc, line 118
04-27 05:41:24.270 I/Gecko   (   84): 1398602484281	Marionette	INFO	sendToClient: {"from":"0","ok":true}, {9ab90000-8adf-403f-a70b-c7749ecb539a}, {9ab90000-8adf-403f-a70b-c7749ecb539a}
04-27 05:41:24.290 I/Gecko   (   84): 1398602484293	Marionette	INFO	sendToClient: {"from":"0","value":"app://{b2e612ed-9e4b-4a9e-b003-a7d13d70b0a6}/index.html"}, {44cdb199-5ef5-4cd1-93dd-fc8a56e30e08}, {44cdb199-5ef5-4cd1-93dd-fc8a56e30e08}
04-27 05:41:24.290 I/Gecko   (   84): 1398602484299	Marionette	DEBUG	Got request: execute, data: {"to":"0","sessionId":"3-b2g","name":"executeScript","parameters":{"specialPowers":false,"scriptTimeout":null,"newSandbox":true,"args":[],"filename":"app_checker.py","script":"return window.document.readyState;","line":191}}, id: {df056bd5-3803-43c3-a4dd-d08a5f04b5b9}
04-27 05:41:24.380 I/Gecko   (   84): 1398602484392	Marionette	INFO	sendToClient: {"from":"0","value":"complete"}, {df056bd5-3803-43c3-a4dd-d08a5f04b5b9}, {df056bd5-3803-43c3-a4dd-d08a5f04b5b9}
04-27 05:41:24.390 I/Gecko   (   84): 1398602484400	Marionette	INFO	sendToClient: {"from":"0","value":"app://{b2e612ed-9e4b-4a9e-b003-a7d13d70b0a6}/index.html"}, {0fcdf063-0831-420d-92c1-af4c959ebcc2}, {0fcdf063-0831-420d-92c1-af4c959ebcc2}
04-27 05:41:24.400 I/Gecko   ( 1965): Attempting load of libEGL.so
04-27 05:41:24.480 I/Gonk    (   84): Setting nice for pid 2060 to 18
04-27 05:41:24.480 I/Gonk    (   84): Changed nice for pid 2060 from 18 to 18.
04-27 05:41:24.530 D/libEGL  ( 1965): loaded /system/lib/egl/libEGL_mali.so
04-27 05:41:24.690 D/libEGL  ( 1965): loaded /system/lib/egl/libGLESv1_CM_mali.so
04-27 05:41:24.700 D/libEGL  ( 1965): loaded /system/lib/egl/libGLESv2_mali.so
04-27 05:41:24.830 I/Gecko   ( 1965): SharedSurface_Gralloc::Create -------
04-27 05:41:24.870 I/Gecko   ( 1965): SharedSurface_Gralloc::Create: success -- surface 0x43d50a00, GraphicBuffer 0x43d67400.
04-27 05:41:25.280 I/log     ( 2079): <4>0[ 765.856832] select 2060 ((Preallocated a), adj 8, size 2587, to kill 
04-27 05:41:26.440 I/Gecko   (   84): 
04-27 05:41:26.440 I/Gecko   (   84): ###!!! [Parent][MessageChannel] Error: Channel error: cannot send/recv
04-27 05:41:26.440 I/Gecko   (   84): 
04-27 05:41:26.460 W/WifiHW  (   84): wifi_command: SIGNAL_POLL
04-27 05:41:26.550 I/GeckoDump(   84): Crash reporter : Can't fetch app.reportCrashes. Exception: [Exception... "Component returned failure code: 0x8000ffff (NS_ERROR_UNEXPECTED) [nsIPrefBranch.getBoolPref]"  nsresult: "0x8000ffff (NS_ERROR_UNEXPECTED)"  location: "JS frame :: chrome://browser/content/shell.js :: shell_reportCrash :: line 7"  data: no]
04-27 05:41:26.580 I/Gecko   (   84): 1398602486563	Marionette	INFO	sendToClient: {"from":"0","value":"iVBORw0KGgoAAAANSUhEUgAAAUAAAAHgCAYAAADUjLREAAAgAElEQVR4nOyd51tbR95A909bRHeJS1zAYGw6CBV6kQCJajCmmN57k+jNYGwMpvdimo3tbHZTNtl3W7JxenzeDxJO4kiOY0mArbnPc57sYrhTNPdo7sxvZv7k4OCAQCAQ2CN/OuwMCAQCwWEhBCgQCOwWIUCBQGC3CAEKBAK7RQhQIBDYLUKAAoHAbhECFAgEdosQoEAgsFuEAAUCgd0iBCgQCOwWIUCBQGC3CAEKBAK75a0WoIuLCzdv3iQ6OvrQ8yIQCN4+3koBOjo6kpWVxWeffQbAp59+ipub26HnSyAQvF28VQKUSCQkJyfz4Ycf8vLV1NR06PkTCARvF2+FACUSCdHR0Tx8+PA34tu/fvjhB3x8fA49rwKB4O3hyAtQJpOxvr5uVny/vNbW1pBIJIeeZ4FA8HZwZAXo7+/P7Ozsa4kP4NmzZ/T393P8+PFDz7tAIHg7OHIC9Pb25u7duzx//vy1xLezs8P169dxd3c/9LwLBIK3iyMjwAsXLjAwMMBPP/30u9L76quv6Onpwd/f/9DzLRAI3l4OXYCnT59Gp9Px/fff/674tra2yMrKEiEvAoHAKhyqACUSCU+fPn2l9L788ks6Ozvx9fU99MoSCATvFofeA9RoNCbFt7GxQWZmpujtCQQCm3HoApRIJKysrADwxRdfoNfruXLlyqFXjEAgePc5dAE6ODjg4+NDWloaLi4uh54XgUBgPxwJAb7rODo64uTkdOj5EAgEv0YI0Mp4eXlRV1fH8PAwa2trfPrpp/z444+EhIQcet4EAsGvEQK0Mlqt1uSkjhCgQHD0EAK0MkKAAsHbgxCglRECFAjeHo6cAE+fPo1CoSArK4vCwkJqamqor6+nrKyM3NxcVCoV3t7eR3ZSQQhQIHh7OHQBnjx5kvT0dE
04-27 05:41:26.650 I/Gecko   (   84): [Parent 84] WARNING: waitpid failed pid:2060 errno:10: file ../../../gecko/ipc/chromium/src/base/process_util_posix.cc, line 254
04-27 05:41:27.010 I/Gecko   (   84): 1398602487014	Marionette	INFO	sendToClient: {"from":"0","ok":true}, {9ec3a05e-3213-492d-97ea-4a7d39e04528}, {9ec3a05e-3213-492d-97ea-4a7d39e04528}
04-27 05:41:27.040 I/Gecko   (   84): 1398602487049	Marionette	DEBUG	Got request: switchToFrame, data: {"to":"0","sessionId":"3-b2g","name":"switchToFrame","parameters":{"id":null,"focus":true}}, id: {719d48b1-181f-456b-a21f-deb28cce7237}
04-27 05:41:27.070 I/Gecko   (   84): 1398602487080	Marionette	INFO	Switched to frame: {"frameValue":null}
04-27 05:41:27.210 I/Gecko   (   84): 1398602487214	Marionette	INFO	sendToClient: {"from":"0","ok":true}, {719d48b1-181f-456b-a21f-deb28cce7237}, {719d48b1-181f-456b-a21f-deb28cce7237}
04-27 05:41:27.210 I/Gecko   (   84): 1398602487221	Marionette	DEBUG	Got request: executeWithCallback, data: {"to":"0","sessionId":"3-b2g","name":"executeAsyncScript","parameters":{"specialPowers":false,"scriptTimeout":null,"newSandbox":true,"args":[],"filename":"gaia_test.py","script":"return GaiaApps.displayedApp();","line":66}}, id: {b9424aed-2aca-4fc6-9fe6-e1085daa69b4}
04-27 05:41:27.320 I/Gecko   (   84): 1398602487326	Marionette	INFO	sendToClient: {"from":"0","value":{"frame":{"ELEMENT":"{1c5d8361-eee1-48c3-a168-e3c9a441b491}"},"src":"app://{b2e612ed-9e4b-4a9e-b003-a7d13d70b0a6}/index.html","name":"Ohmetro","origin":"app://{b2e612ed-9e4b-4a9e-b003-a7d13d70b0a6}"}}, {b9424aed-2aca-4fc6-9fe6-e1085daa69b4}, {b9424aed-2aca-4fc6-9fe6-e1085daa69b4}
04-27 05:41:27.320 I/Gecko   (   84): 1398602487332	Marionette	DEBUG	Got request: switchToFrame, data: {"to":"0","sessionId":"3-b2g","name":"switchToFrame","parameters":{"id":null,"focus":true}}, id: {55fdca5c-d692-44f7-8483-ec3c4d6b92d0}
04-27 05:41:27.330 E/GeckoConsole(   84): Content JS LOG at dummy file:392 in GaiaApps.displayedApp: app with origin 'app://{b2e612ed-9e4b-4a9e-b003-a7d13d70b0a6}' is displayed
04-27 05:41:27.330 I/Gecko   (   84): 1398602487338	Marionette	INFO	Switched to frame: {"frameValue":null}
04-27 05:41:27.440 I/Gecko   (   84): 1398602487446	Marionette	INFO	sendToClient: {"from":"0","ok":true}, {55fdca5c-d692-44f7-8483-ec3c4d6b92d0}, {55fdca5c-d692-44f7-8483-ec3c4d6b92d0}
04-27 05:41:27.440 I/Gecko   (   84): 1398602487451	Marionette	DEBUG	Got request: execute, data: {"to":"0","sessionId":"3-b2g","name":"executeScript","parameters":{"specialPowers":false,"scriptTimeout":null,"newSandbox":true,"args":[],"filename":"gaia_test.py","script":"window.wrappedJSObject.dispatchEvent(new Event('home'));","line":788}}, id: {3c3e1b7c-531b-4651-86a5-a9168d0686aa}
04-27 05:41:27.550 I/Gonk    (   84): Setting nice for pid 2068 to 18
04-27 05:41:27.550 I/Gonk    (   84): Changed nice for pid 2068 from 18 to 18.
04-27 05:41:27.550 I/Gecko   (   84): [Parent 84] WARNING: waitpid failed pid:2068 errno:10: file ../../../gecko/ipc/chromium/src/base/process_util_posix.cc, line 254
04-27 05:41:27.550 I/Gonk    (   84): Setting nice for pid 2068 to 1
04-27 05:41:27.550 I/Gonk    (   84): Changed nice for pid 2068 from 18 to 1.
04-27 05:41:27.560 D/Sensors (   84): activate handle=0; drv=0
04-27 05:41:27.560 D/Sensors (   84): Lis3dhSensor: Control set 0
04-27 05:41:27.560 D/Sensors (   84): Lis3dhSensor: mEnabled = 0
04-27 05:41:27.820 I/Gecko   (   84): 1398602487829	Marionette	INFO	sendToClient: {"from":"0","value":null}, {3c3e1b7c-531b-4651-86a5-a9168d0686aa}, {3c3e1b7c-531b-4651-86a5-a9168d0686aa}
04-27 05:41:27.900 E/[Gralloc-ERROR](   84): int gralloc_register_buffer(const gralloc_module_t*, const native_handle_t*):79 Unable to register handle 0x444490b0 coming from different process: 84
04-27 05:41:27.910 E/[Gralloc-ERROR](   84): int gralloc_register_buffer(const gralloc_module_t*, const native_handle_t*):79 Unable to register handle 0x44449150 coming from different process: 84
04-27 05:41:28.010 I/Gecko   (   84): 1398602488020	Marionette	DEBUG	Got request: switchToFrame, data: {"to":"0","sessionId":"3-b2g","name":"switchToFrame","parameters":{"id":null,"focus":true}}, id: {2a2a5230-ea38-4992-b1ad-05cbe32580a1}
04-27 05:41:28.010 I/Gecko   (   84): 1398602488023	Marionette	INFO	Switched to frame: {"frameValue":null}
04-27 05:41:28.130 I/Gecko   (   84): 1398602488141	Marionette	INFO	sendToClient: {"from":"0","ok":true}, {2a2a5230-ea38-4992-b1ad-05cbe32580a1}, {2a2a5230-ea38-4992-b1ad-05cbe32580a1}
04-27 05:41:28.160 I/Gecko   (   84): 1398602488168	Marionette	DEBUG	Got request: executeWithCallback, data: {"to":"0","sessionId":"3-b2g","name":"executeAsyncScript","parameters":{"specialPowers":false,"scriptTimeout":null,"newSandbox":true,"args":[],"filename":"gaia_test.py","script":"return GaiaApps.displayedApp();","line":66}}, id: {2a314c51-d180-4a00-8ba2-f6a2043a8bb8}
04-27 05:41:28.240 E/GeckoConsole(   84): Content JS LOG at dummy file:392 in GaiaApps.displayedApp: app with origin 'app://homescreen.gaiamobile.org' is displayed
04-27 05:41:28.240 I/Gecko   (   84): 1398602488245	Marionette	INFO	sendToClient: {"from":"0","value":{"frame":{"ELEMENT":"{e7e8149e-c3db-4e23-8a3e-e88e5545ccd2}"},"src":"app://homescreen.gaiamobile.org/index.html#root","name":"Homescreen","origin":"app://homescreen.gaiamobile.org"}}, {2a314c51-d180-4a00-8ba2-f6a2043a8bb8}, {2a314c51-d180-4a00-8ba2-f6a2043a8bb8}
04-27 05:41:28.250 I/Gecko   (   84): 1398602488263	Marionette	DEBUG	Got request: switchToFrame, data: {"to":"0","sessionId":"3-b2g","name":"switchToFrame","parameters":{"id":null,"focus":true}}, id: {8e3b241a-a249-4c72-8f72-d84e6aad35d7}
04-27 05:41:28.280 I/Gecko   (   84): 1398602488284	Marionette	INFO	Switched to frame: {"frameValue":null}
04-27 05:41:28.380 I/Gecko   (   84): 1398602488391	Marionette	INFO	sendToClient: {"from":"0","ok":true}, {8e3b241a-a249-4c72-8f72-d84e6aad35d7}, {8e3b241a-a249-4c72-8f72-d84e6aad35d7}
04-27 05:41:28.400 I/Gecko   (   84): 1398602488409	Marionette	DEBUG	Got request: switchToFrame, data: {"to":"0","sessionId":"3-b2g","name":"switchToFrame","parameters":{"id":null,"focus":true}}, id: {45f9c5b4-402b-43ae-b093-a8352ba6d56b}
04-27 05:41:28.420 I/Gecko   (   84): 1398602488428	Marionette	INFO	Switched to frame: {"frameValue":null}
04-27 05:41:28.630 I/Gonk    (   84): Setting nice for pid 2082 to 18
04-27 05:41:28.630 I/Gonk    (   84): Changed nice for pid 2082 from 0 to 18.
04-27 05:41:28.650 I/Gecko   (   84): [Parent 84] WARNING: waitpid failed pid:2060 errno:10: file ../../../gecko/ipc/chromium/src/base/process_util_posix.cc, line 254
04-27 05:41:28.650 I/Gecko   (   84): [Parent 84] WARNING: Failed to deliver SIGKILL to 2060!(3).: file ../../../gecko/ipc/chromium/src/chrome/common/process_watcher_posix_sigchld.cc, line 118
04-27 05:41:28.880 I/Gecko   (   84): 1398602488890	Marionette	INFO	sendToClient: {"from":"0","ok":true}, {45f9c5b4-402b-43ae-b093-a8352ba6d56b}, {45f9c5b4-402b-43ae-b093-a8352ba6d56b}
04-27 05:41:29.050 I/Gecko   (   84): 1398602489054	Marionette	DEBUG	Got request: executeWithCallback, data: {"to":"0","sessionId":"3-b2g","name":"executeAsyncScript","parameters":{"specialPowers":false,"scriptTimeout":null,"newSandbox":true,"args":[],"filename":"gaia_test.py","script":"return GaiaApps.displayedApp();","line":66}}, id: {08cd0acb-13e1-44cb-8a08-704448fd9284}
04-27 05:41:29.050 E/[Gralloc-ERROR](   84): int gralloc_unregister_buffer(const gralloc_module_t*, const native_handle_t*):274 Trying to unregister buffer 0x44449150 from process 84 that was not created in current process: 84
04-27 05:41:29.060 E/[Gralloc-ERROR](   84): int gralloc_unregister_buffer(const gralloc_module_t*, const native_handle_t*):274 Trying to unregister buffer 0x444490b0 from process 84 that was not created in current process: 84
04-27 05:41:29.170 I/Gecko   (   84): 1398602489182	Marionette	INFO	sendToClient: {"from":"0","value":{"frame":{"ELEMENT":"{e7e8149e-c3db-4e23-8a3e-e88e5545ccd2}"},"src":"app://homescreen.gaiamobile.org/index.html#root","name":"Homescreen","origin":"app://homescreen.gaiamobile.org"}}, {08cd0acb-13e1-44cb-8a08-704448fd9284}, {08cd0acb-13e1-44cb-8a08-704448fd9284}
04-27 05:41:29.180 E/GeckoConsole(   84): Content JS LOG at dummy file:392 in GaiaApps.displayedApp: app with origin 'app://homescreen.gaiamobile.org' is displayed
04-27 05:41:29.180 I/Gecko   (   84): 1398602489189	Marionette	DEBUG	Got request: switchToFrame, data: {"to":"0","sessionId":"3-b2g","name":"switchToFrame","parameters":{"focus":true,"element":"{e7e8149e-c3db-4e23-8a3e-e88e5545ccd2}"}}, id: {702e4240-5449-4fd9-94f2-e3113713ea2c}
04-27 05:41:29.220 I/Gecko   (   84): 1398602489226	Marionette	INFO	Switched to frame: {"frameValue":"{e7e8149e-c3db-4e23-8a3e-e88e5545ccd2}"}
04-27 05:41:29.230 I/Gecko   (   84): 1398602489240	Marionette	INFO	trying remote frame 0
04-27 05:41:29.240 I/Gecko   (   84): 1398602489246	Marionette	INFO	trying remote frame 1
04-27 05:41:29.260 I/Gecko   (   84): 1398602489263	Marionette	INFO	trying remote frame 2
04-27 05:41:29.260 I/Gecko   (   84): 1398602489265	Marionette	INFO	deleting frame
04-27 05:41:29.290 I/Gecko   (   84): 1398602489300	Marionette	INFO	frame-manager load script: [object ChromeMessageSender]
04-27 05:41:29.420 I/Gonk    (   84): Setting nice for pid 1965 to 18
04-27 05:41:29.420 I/Gonk    (   84): Changed nice for pid 1965 from 1 to 18.
04-27 05:41:30.110 I/Gecko   ( 2068): ###################################### forms.js loaded
04-27 05:41:30.180 I/Gecko   ( 2068): ############################### browserElementPanning.js loaded
04-27 05:41:30.200 I/Gecko   ( 2068): ######################## BrowserElementChildPreload.js loaded
04-27 05:41:30.400 I/Gecko   (   84): 
04-27 05:41:30.400 I/Gecko   (   84): ###!!! [Parent][MessageChannel] Error: Channel error: cannot send/recv
04-27 05:41:30.400 I/Gecko   (   84): 
04-27 05:41:30.490 I/GeckoDump(   84): Crash reporter : Can't fetch app.reportCrashes. Exception: [Exception... "Component returned failure code: 0x8000ffff (NS_ERROR_UNEXPECTED) [nsIPrefBranch.getBoolPref]"  nsresult: "0x8000ffff (NS_ERROR_UNEXPECTED)"  location: "JS frame :: chrome://browser/content/shell.js :: shell_reportCrash :: line 7"  data: no]
04-27 05:41:30.490 I/Gecko   (   84): [Parent 84] WARNING: waitpid failed pid:1965 errno:10: file ../../../gecko/ipc/chromium/src/base/process_util_posix.cc, line 254
04-27 05:41:31.450 W/WifiHW  (   84): wifi_command: SIGNAL_POLL
04-27 05:41:32.320 I/Gecko   (   84): 1398602492331	Marionette	INFO	sendToClient: {"from":"0","ok":true}, {702e4240-5449-4fd9-94f2-e3113713ea2c}, {702e4240-5449-4fd9-94f2-e3113713ea2c}
04-27 05:41:32.490 I/Gecko   (   84): [Parent 84] WARNING: waitpid failed pid:1965 errno:10: file ../../../gecko/ipc/chromium/src/base/process_util_posix.cc, line 254
04-27 05:41:32.490 I/Gecko   (   84): [Parent 84] WARNING: Failed to deliver SIGKILL to 1965!(3).: file ../../../gecko/ipc/chromium/src/chrome/common/process_watcher_posix_sigchld.cc, line 118
04-27 05:41:33.310 I/Gecko   (   84): 1398602493317	Marionette	INFO	sendToClient: {"from":"0","value":"app://homescreen.gaiamobile.org/index.html#root"}, {27a71092-1358-4265-ad7f-0e0a8520c842}, {27a71092-1358-4265-ad7f-0e0a8520c842}
04-27 05:41:33.320 I/Gecko   (   84): 1398602493326	Marionette	DEBUG	Got request: switchToFrame, data: {"to":"0","sessionId":"3-b2g","name":"switchToFrame","parameters":{"id":null,"focus":true}}, id: {ef57c2c1-e97f-410a-a783-8beb6acdc750}
04-27 05:41:33.350 I/Gecko   (   84): 1398602493357	Marionette	INFO	Switched to frame: {"frameValue":null}
04-27 05:41:33.460 I/Gecko   (   84): 1398602493470	Marionette	INFO	sendToClient: {"from":"0","ok":true}, {ef57c2c1-e97f-410a-a783-8beb6acdc750}, {ef57c2c1-e97f-410a-a783-8beb6acdc750}
04-27 05:41:33.500 I/Gecko   (   84): 1398602493505	Marionette	DEBUG	Got request: switchToFrame, data: {"to":"0","sessionId":"3-b2g","name":"switchToFrame","parameters":{"id":null,"focus":true}}, id: {f3fa88c4-d667-4a12-9915-1ec0a44fd31e}
04-27 05:41:33.500 I/Gecko   (   84): 1398602493507	Marionette	INFO	Switched to frame: {"frameValue":null}
04-27 05:41:33.600 I/Gecko   (   84): 1398602493612	Marionette	INFO	sendToClient: {"from":"0","ok":true}, {f3fa88c4-d667-4a12-9915-1ec0a44fd31e}, {f3fa88c4-d667-4a12-9915-1ec0a44fd31e}
04-27 05:41:33.610 I/Gecko   (   84): 1398602493618	Marionette	DEBUG	Got request: executeWithCallback, data: {"to":"0","sessionId":"3-b2g","name":"executeAsyncScript","parameters":{"specialPowers":false,"scriptTimeout":null,"newSandbox":true,"args":[],"filename":"gaia_test.py","script":"GaiaApps.killAll()","line":91}}, id: {df0ad503-571e-41dc-9392-5b00777b914f}
04-27 05:41:33.690 I/Gecko   (   84): 1398602493695	Marionette	INFO	sendToClient: {"from":"0","value":true}, {df0ad503-571e-41dc-9392-5b00777b914f}, {df0ad503-571e-41dc-9392-5b00777b914f}
04-27 05:41:33.700 I/Gecko   (   84): 1398602493707	Marionette	DEBUG	Got request: switchToFrame, data: {"to":"0","sessionId":"3-b2g","name":"switchToFrame","parameters":{"id":null,"focus":true}}, id: {39b28dd0-a4b2-481d-b706-7a259774e315}
04-27 05:41:33.700 I/Gecko   (   84): 1398602493709	Marionette	INFO	Switched to frame: {"frameValue":null}
04-27 05:41:33.800 I/Gecko   (   84): 1398602493811	Marionette	INFO	sendToClient: {"from":"0","ok":true}, {39b28dd0-a4b2-481d-b706-7a259774e315}, {39b28dd0-a4b2-481d-b706-7a259774e315}
04-27 05:41:33.810 I/Gecko   (   84): 1398602493817	Marionette	DEBUG	Got request: executeWithCallback, data: {"to":"0","sessionId":"3-b2g","name":"executeAsyncScript","parameters":{"specialPowers":false,"scriptTimeout":60000,"newSandbox":true,"args":[],"filename":"app_checker.py","script":"\n        GaiaApps.locateWithManifestURL('https://marketplace.firefox.com/app/4602a1ea-b57f-41a7-a765-af8a0777abe3/manifest.webapp',\n                                       null,\n                                       function uninstall(app) {\n                                       navigator.mozApps.mgmt.uninstall(app);\n                                       marionetteScriptFinished(true);\n                                       });\n        ","line":129}}, id: {f0bf12ef-4f37-48e7-9a0f-323f367f02c1}
04-27 05:41:33.820 I/Gecko   ( 2082): ###################################### forms.js loaded
04-27 05:41:33.870 I/Gecko   (   84): -- webapps.js uninstall https://marketplace.firefox.com/app/4602a1ea-b57f-41a7-a765-af8a0777abe3/manifest.webapp
04-27 05:41:33.960 I/Gecko   ( 2082): ############################### browserElementPanning.js loaded
04-27 05:41:34.070 I/Gecko   ( 2082): ######################## BrowserElementChildPreload.js loaded
04-27 05:41:34.440 I/Gecko   (   84): 1398602494444	Marionette	INFO	sendToClient: {"from":"0","value":true}, {f0bf12ef-4f37-48e7-9a0f-323f367f02c1}, {f0bf12ef-4f37-48e7-9a0f-323f367f02c1}