--------- beginning of /dev/log/main
04-24 19:37:30.555 I/Gecko   (   84): 1398393450574	Marionette	INFO	sendToClient: {"from":"0","ok":true}, {69832aff-e2ab-4144-aef2-663ee18c30c2}, {69832aff-e2ab-4144-aef2-663ee18c30c2}
04-24 19:37:30.595 I/Gecko   (   84): 1398393450613	Marionette	DEBUG	Got request: switchToFrame, data: {"to":"0","sessionId":"3-b2g","name":"switchToFrame","parameters":{"id":null,"focus":true}}, id: {8d764f7d-91d2-42b8-818a-acd0085a1b2a}
04-24 19:37:30.605 I/Gecko   (   84): 1398393450617	Marionette	INFO	Switched to frame: {"frameValue":null}
04-24 19:37:30.715 I/Gecko   (   84): 1398393450725	Marionette	INFO	sendToClient: {"from":"0","ok":true}, {8d764f7d-91d2-42b8-818a-acd0085a1b2a}, {8d764f7d-91d2-42b8-818a-acd0085a1b2a}
04-24 19:37:30.715 I/Gecko   (   84): 1398393450731	Marionette	DEBUG	Got request: executeWithCallback, data: {"to":"0","sessionId":"3-b2g","name":"executeAsyncScript","parameters":{"specialPowers":false,"scriptTimeout":null,"newSandbox":true,"args":[],"filename":"gaia_test.py","script":"return GaiaApps.displayedApp();","line":66}}, id: {411b9001-8069-481b-9981-4a4c0dc6f0af}
04-24 19:37:30.825 E/GeckoConsole(   84): Content JS LOG at dummy file:392 in GaiaApps.displayedApp: app with origin 'app://homescreen.gaiamobile.org' is displayed
04-24 19:37:30.825 I/Gecko   (   84): 1398393450837	Marionette	INFO	sendToClient: {"from":"0","value":{"frame":{"ELEMENT":"{d501be8b-a0f7-4536-a36e-e1a2300558fd}"},"src":"app://homescreen.gaiamobile.org/index.html#root","name":"Homescreen","origin":"app://homescreen.gaiamobile.org"}}, {411b9001-8069-481b-9981-4a4c0dc6f0af}, {411b9001-8069-481b-9981-4a4c0dc6f0af}
04-24 19:37:30.825 I/Gecko   (   84): 1398393450842	Marionette	DEBUG	Got request: switchToFrame, data: {"to":"0","sessionId":"3-b2g","name":"switchToFrame","parameters":{"id":null,"focus":true}}, id: {8362b282-b648-4a24-b21f-d922f773afaa}
04-24 19:37:30.825 I/Gecko   (   84): 1398393450843	Marionette	INFO	Switched to frame: {"frameValue":null}
04-24 19:37:30.935 I/Gecko   (   84): 1398393450946	Marionette	INFO	sendToClient: {"from":"0","ok":true}, {8362b282-b648-4a24-b21f-d922f773afaa}, {8362b282-b648-4a24-b21f-d922f773afaa}
04-24 19:37:30.945 I/Gecko   (   84): 1398393450955	Marionette	DEBUG	Got request: switchToFrame, data: {"to":"0","sessionId":"3-b2g","name":"switchToFrame","parameters":{"id":null,"focus":true}}, id: {17382fdd-5c27-4c76-87f2-32f2257f34f2}
04-24 19:37:30.945 I/Gecko   (   84): 1398393450957	Marionette	INFO	Switched to frame: {"frameValue":null}
04-24 19:37:31.055 I/Gecko   (   84): 1398393451066	Marionette	INFO	sendToClient: {"from":"0","ok":true}, {17382fdd-5c27-4c76-87f2-32f2257f34f2}, {17382fdd-5c27-4c76-87f2-32f2257f34f2}
04-24 19:37:31.055 I/Gecko   (   84): 1398393451071	Marionette	DEBUG	Got request: executeWithCallback, data: {"to":"0","sessionId":"3-b2g","name":"executeAsyncScript","parameters":{"specialPowers":false,"scriptTimeout":null,"newSandbox":true,"args":[],"filename":"gaia_test.py","script":"return GaiaApps.displayedApp();","line":66}}, id: {2baf532d-61cf-434b-9dbc-58aa6f570a18}
04-24 19:37:31.145 I/Gecko   (   84): 1398393451155	Marionette	INFO	sendToClient: {"from":"0","value":{"frame":{"ELEMENT":"{d501be8b-a0f7-4536-a36e-e1a2300558fd}"},"src":"app://homescreen.gaiamobile.org/index.html#root","name":"Homescreen","origin":"app://homescreen.gaiamobile.org"}}, {2baf532d-61cf-434b-9dbc-58aa6f570a18}, {2baf532d-61cf-434b-9dbc-58aa6f570a18}
04-24 19:37:31.145 E/GeckoConsole(   84): Content JS LOG at dummy file:392 in GaiaApps.displayedApp: app with origin 'app://homescreen.gaiamobile.org' is displayed
04-24 19:37:31.155 I/Gecko   (   84): 1398393451169	Marionette	DEBUG	Got request: switchToFrame, data: {"to":"0","sessionId":"3-b2g","name":"switchToFrame","parameters":{"focus":true,"element":"{d501be8b-a0f7-4536-a36e-e1a2300558fd}"}}, id: {ceea6001-e4c8-418e-8065-b0e73b90c131}
04-24 19:37:31.165 I/Gecko   (   84): 1398393451183	Marionette	INFO	Switched to frame: {"frameValue":"{d501be8b-a0f7-4536-a36e-e1a2300558fd}"}
04-24 19:37:31.185 I/Gecko   (   84): 1398393451203	Marionette	INFO	trying remote frame 0
04-24 19:37:31.215 I/Gecko   (   84): 1398393451229	Marionette	INFO	trying remote frame 1
04-24 19:37:31.215 I/Gecko   (   84): 1398393451230	Marionette	INFO	trying remote frame 2
04-24 19:37:31.215 I/Gecko   (   84): 1398393451233	Marionette	INFO	deleting frame
04-24 19:37:31.235 I/Gecko   (   84): 1398393451252	Marionette	INFO	frame-manager load script: [object ChromeMessageSender]
04-24 19:37:31.295 E/GeckoConsole( 2933): Content JS ERROR at app://homescreen.gaiamobile.org/gaia_build_defer_index.js:390 in loadSVConfFileError: Failed parsing singleVariant configuration file [js/singlevariantconf.json]:  [Exception... "File error: Not found"  nsresult: "0x80520012 (NS_ERROR_FILE_NOT_FOUND)"  location: "JS frame :: app://homescreen.gaiamobile.org/gaia_build_defer_index.js :: loadFile :: line 382"  data: no]
04-24 19:37:31.555 I/Gecko   (   84): 1398393451571	Marionette	INFO	sendToClient: {"from":"0","ok":true}, {ceea6001-e4c8-418e-8065-b0e73b90c131}, {ceea6001-e4c8-418e-8065-b0e73b90c131}
04-24 19:37:31.655 I/Gecko   (   84): 1398393451670	Marionette	INFO	sendToClient: {"from":"0","value":{"ELEMENT":"{3b739f1e-bd0d-4dae-9a10-8cfbad10f292}"}}, {d7c5c71e-ab6b-4d11-8f48-4878d20a7723}, {d7c5c71e-ab6b-4d11-8f48-4878d20a7723}
04-24 19:37:31.745 E/GeckoConsole( 2933): [JavaScript Warning: "Use of getAttributeNode() is deprecated. Use getAttribute() instead." {file: "chrome://marionette/content/atoms.js" line: 25}]
04-24 19:37:31.755 E/GeckoConsole( 2933): [JavaScript Warning: "Use of attributes' specified attribute is deprecated. It always returns true." {file: "chrome://marionette/content/atoms.js" line: 25}]
04-24 19:37:31.755 I/Gecko   (   84): 1398393451772	Marionette	INFO	sendToClient: {"from":"0","value":"normal"}, {fa7730b5-ebcd-4779-ae03-d534ecee4964}, {fa7730b5-ebcd-4779-ae03-d534ecee4964}
04-24 19:37:31.765 I/Gecko   (   84): 1398393451778	Marionette	DEBUG	Got request: switchToFrame, data: {"to":"0","sessionId":"3-b2g","name":"switchToFrame","parameters":{"id":null,"focus":true}}, id: {34c860e5-7473-422f-85bd-6de2f434d1cf}
04-24 19:37:31.785 I/Gecko   (   84): 1398393451797	Marionette	INFO	Switched to frame: {"frameValue":null}
04-24 19:37:31.885 I/Gecko   (   84): 1398393451900	Marionette	INFO	sendToClient: {"from":"0","ok":true}, {34c860e5-7473-422f-85bd-6de2f434d1cf}, {34c860e5-7473-422f-85bd-6de2f434d1cf}
04-24 19:37:31.895 I/Gecko   (   84): 1398393451906	Marionette	DEBUG	Got request: execute, data: {"to":"0","sessionId":"3-b2g","name":"executeScript","parameters":{"specialPowers":false,"scriptTimeout":null,"newSandbox":true,"args":[],"filename":"gaia_test.py","script":"window.wrappedJSObject.dispatchEvent(new Event('home'));","line":788}}, id: {3e05057a-2076-4e62-a36f-c734ab097f54}
04-24 19:37:31.985 I/Gecko   (   84): 1398393451998	Marionette	INFO	sendToClient: {"from":"0","value":null}, {3e05057a-2076-4e62-a36f-c734ab097f54}, {3e05057a-2076-4e62-a36f-c734ab097f54}
04-24 19:37:31.995 I/Gecko   (   84): 1398393452010	Marionette	DEBUG	Got request: switchToFrame, data: {"to":"0","sessionId":"3-b2g","name":"switchToFrame","parameters":{"id":null,"focus":true}}, id: {dc7e6432-bd57-479e-b460-b6b80c65b547}
04-24 19:37:31.995 I/Gecko   (   84): 1398393452012	Marionette	INFO	Switched to frame: {"frameValue":null}
04-24 19:37:32.105 I/Gecko   (   84): 1398393452117	Marionette	INFO	sendToClient: {"from":"0","ok":true}, {dc7e6432-bd57-479e-b460-b6b80c65b547}, {dc7e6432-bd57-479e-b460-b6b80c65b547}
04-24 19:37:32.105 I/Gecko   (   84): 1398393452123	Marionette	DEBUG	Got request: switchToFrame, data: {"to":"0","sessionId":"3-b2g","name":"switchToFrame","parameters":{"id":null,"focus":true}}, id: {66c019c8-8c79-498f-bf52-b3c4723cea30}
04-24 19:37:32.115 I/Gecko   (   84): 1398393452125	Marionette	INFO	Switched to frame: {"frameValue":null}
04-24 19:37:32.215 I/Gecko   (   84): 1398393452230	Marionette	INFO	sendToClient: {"from":"0","ok":true}, {66c019c8-8c79-498f-bf52-b3c4723cea30}, {66c019c8-8c79-498f-bf52-b3c4723cea30}
04-24 19:37:32.235 I/Gecko   (   84): 1398393452251	Marionette	DEBUG	Got request: executeWithCallback, data: {"to":"0","sessionId":"3-b2g","name":"executeAsyncScript","parameters":{"specialPowers":false,"scriptTimeout":null,"newSandbox":true,"args":[],"filename":"gaia_test.py","script":"return GaiaApps.displayedApp();","line":66}}, id: {4dd1030f-6cb3-435d-ba3c-0893c372d924}
04-24 19:37:32.305 I/Gecko   (   84): 1398393452315	Marionette	INFO	sendToClient: {"from":"0","value":{"frame":{"ELEMENT":"{d501be8b-a0f7-4536-a36e-e1a2300558fd}"},"src":"app://homescreen.gaiamobile.org/index.html#rootThu%20Apr%2024%202014%2019:37:31%20GMT-0700%20(UTC)","name":"Homescreen","origin":"app://homescreen.gaiamobile.org"}}, {4dd1030f-6cb3-435d-ba3c-0893c372d924}, {4dd1030f-6cb3-435d-ba3c-0893c372d924}
04-24 19:37:32.305 I/Gecko   (   84): 1398393452323	Marionette	DEBUG	Got request: switchToFrame, data: {"to":"0","sessionId":"3-b2g","name":"switchToFrame","parameters":{"focus":true,"element":"{d501be8b-a0f7-4536-a36e-e1a2300558fd}"}}, id: {b8e95e0d-6497-4798-aee7-5ff4118fed2b}
04-24 19:37:32.315 E/GeckoConsole(   84): Content JS LOG at dummy file:392 in GaiaApps.displayedApp: app with origin 'app://homescreen.gaiamobile.org' is displayed
04-24 19:37:32.325 I/Gecko   (   84): 1398393452340	Marionette	INFO	Switched to frame: {"frameValue":"{d501be8b-a0f7-4536-a36e-e1a2300558fd}"}
04-24 19:37:32.335 I/Gecko   (   84): 1398393452347	Marionette	INFO	trying remote frame 0
04-24 19:37:32.335 I/Gecko   (   84): 1398393452348	Marionette	INFO	trying remote frame 1
04-24 19:37:32.335 I/Gecko   (   84): 1398393452349	Marionette	INFO	trying remote frame 2
04-24 19:37:32.405 I/Gecko   (   84): 1398393452418	Marionette	INFO	sendToClient: {"from":"0","ok":true}, {b8e95e0d-6497-4798-aee7-5ff4118fed2b}, {b8e95e0d-6497-4798-aee7-5ff4118fed2b}
04-24 19:37:32.415 I/Gecko   (   84): 1398393452424	Marionette	DEBUG	Got request: execute, data: {"to":"0","sessionId":"3-b2g","name":"executeScript","parameters":{"specialPowers":false,"scriptTimeout":null,"newSandbox":true,"args":[],"filename":"gaia_test.py","script":"return window.wrappedJSObject.GridManager.pageHelper.getCurrentPageNumber();","line":784}}, id: {bf427618-f55d-4e2f-a7b6-4d0eac1efa10}
04-24 19:37:32.765 I/Gecko   (   84): 1398393452776	Marionette	INFO	sendToClient: {"from":"0","value":0}, {bf427618-f55d-4e2f-a7b6-4d0eac1efa10}, {bf427618-f55d-4e2f-a7b6-4d0eac1efa10}
04-24 19:37:32.975 I/Gecko   (   84): 1398393452986	Marionette	INFO	sendToClient: {"from":"0","value":["{da272d77-f87e-4ed6-b41c-0c163c5d4ada}","{524a6682-c68b-45ba-8f0a-c95db1decf12}","{1009ce15-1ebf-4551-a49c-8a4e8fcdbd7b}","{0084aaf4-38d0-469e-8a3c-6be80fc79850}","{d67853e1-a1a2-4663-96c0-94c3920a5d60}","{ecfb99b7-e9a2-4fda-a979-e08a3bc6532d}","{c2374f35-73fd-4945-81fb-590cbca6879b}","{410a0a96-3163-437b-bc1f-7d1a264a3af6}","{a47982ba-610b-46d7-9da9-625a4fbcc052}","{75845cfe-c93e-44a7-9ad8-c7e46ca2d945}","{51c3c06c-2024-4051-b5cc-054bd561dba4}","{ac378127-f49b-44fe-8150-548a2e00715d}","{06828072-4b05-48d7-913a-0dd1713d0fd1}","{98355646-9a83-4388-aa73-35d2dab781da}","{22972b8c-c320-4976-8864-23d048c184fd}","{4252c79c-2f31-4b60-a261-27e605979496}","{ab3db90b-8e9c-4a50-9117-4763e12903c3}","{8a1c7a3b-4937-4e29-84b6-278fb26602f7}","{bbbe2f62-2d16-4f56-a317-a53b1a2c788b}","{9003cfd1-f264-43ea-b62c-3a2faba52a72}","{d373ed16-793b-45ad-9111-5da82410e381}","{e90c27d3-775a-4ae2-82a0-6702bcdc093b}","{a0050b91-882a-409d-b303-e09fe3d649d4}"]}, {a0ea3328-72
04-24 19:37:33.175 I/Gecko   (   84): 1398393453194	Marionette	INFO	sendToClient: {"from":"0","value":"app://homescreen.gaiamobile.org/index.html#rootThu%20Apr%2024%202014%2019:37:31%20GMT-0700%20(UTC)"}, {3081951b-b0ff-461a-9fc6-771b16975031}, {3081951b-b0ff-461a-9fc6-771b16975031}
04-24 19:37:33.215 I/Gecko   (   84): 1398393453225	Marionette	DEBUG	Got request: switchToFrame, data: {"to":"0","sessionId":"3-b2g","name":"switchToFrame","parameters":{"id":null,"focus":true}}, id: {582df708-77e2-4dbe-8402-552a820f83eb}
04-24 19:37:33.235 I/Gecko   (   84): 1398393453247	Marionette	INFO	Switched to frame: {"frameValue":null}
04-24 19:37:33.345 I/Gecko   (   84): 1398393453357	Marionette	INFO	sendToClient: {"from":"0","ok":true}, {582df708-77e2-4dbe-8402-552a820f83eb}, {582df708-77e2-4dbe-8402-552a820f83eb}
04-24 19:37:33.365 I/Gecko   (   84): 1398393453380	Marionette	DEBUG	Got request: switchToFrame, data: {"to":"0","sessionId":"3-b2g","name":"switchToFrame","parameters":{"id":null,"focus":true}}, id: {a9ac7c5b-4c0d-4b54-8803-939003cc5da3}
04-24 19:37:33.375 I/Gecko   (   84): 1398393453387	Marionette	INFO	Switched to frame: {"frameValue":null}
04-24 19:37:33.475 I/Gecko   (   84): 1398393453492	Marionette	INFO	sendToClient: {"from":"0","ok":true}, {a9ac7c5b-4c0d-4b54-8803-939003cc5da3}, {a9ac7c5b-4c0d-4b54-8803-939003cc5da3}
04-24 19:37:33.485 I/Gecko   (   84): 1398393453500	Marionette	DEBUG	Got request: executeWithCallback, data: {"to":"0","sessionId":"3-b2g","name":"executeAsyncScript","parameters":{"specialPowers":false,"scriptTimeout":30000,"newSandbox":true,"args":[],"filename":"app_checker.py","script":"GaiaApps.launchWithManifestURL('https://marketplace.firefox.com/app/4e118fac-e233-42b9-8a29-83f829b31670/manifest.webapp')","line":106}}, id: {d7448d55-cad0-4cc3-abe3-4da4a71ad10c}
04-24 19:37:33.685 I/Gonk    (   84): Setting nice for pid 2941 to 18
04-24 19:37:33.685 I/Gonk    (   84): Changed nice for pid 2941 from 18 to 18.
04-24 19:37:33.685 I/Gecko   (   84): [Parent 84] WARNING: waitpid failed pid:2941 errno:10: file ../../../gecko/ipc/chromium/src/base/process_util_posix.cc, line 254
04-24 19:37:33.715 I/Gonk    (   84): Setting nice for pid 2941 to 1
04-24 19:37:33.715 I/Gonk    (   84): Changed nice for pid 2941 from 18 to 1.
04-24 19:37:33.745 E/GeckoConsole(   84): Content JS LOG at dummy file:334 in GaiaApps.launch: launching app with name 'OrbLand Labyrinth Free'
04-24 19:37:34.135 E/[Gralloc-ERROR](   84): int gralloc_register_buffer(const gralloc_module_t*, const native_handle_t*):79 Unable to register handle 0x45d2d6a0 coming from different process: 84
04-24 19:37:34.185 E/[Gralloc-ERROR](   84): int gralloc_register_buffer(const gralloc_module_t*, const native_handle_t*):79 Unable to register handle 0x45d2d790 coming from different process: 84
04-24 19:37:34.345 I/Gonk    (   84): Setting nice for pid 2933 to 18
04-24 19:37:34.345 I/Gonk    (   84): Changed nice for pid 2933 from 1 to 18.
04-24 19:37:34.865 I/log     ( 2993): <4>0[ 1235.936425] select 2933 (Homescreen), adj 8, size 6949, to kill 
04-24 19:37:35.015 W/WifiHW  (   84): wifi_command: SIGNAL_POLL
04-24 19:37:35.565 I/Gecko   (   84): 
04-24 19:37:35.565 I/Gecko   (   84): ###!!! [Parent][MessageChannel] Error: Channel error: cannot send/recv
04-24 19:37:35.565 I/Gecko   (   84): 
04-24 19:37:35.615 I/Gecko   (   84): [Parent 84] WARNING: waitpid failed pid:2933 errno:10: file ../../../gecko/ipc/chromium/src/base/process_util_posix.cc, line 254
04-24 19:37:35.665 I/Gecko   ( 2941): ###################################### forms.js loaded
04-24 19:37:35.695 I/Gecko   ( 2941): ############################### browserElementPanning.js loaded
04-24 19:37:35.715 I/Gecko   ( 2941): ######################## BrowserElementChildPreload.js loaded
04-24 19:37:36.335 E/GeckoConsole( 2941): [JavaScript Warning: "Unrecognized at-rule or error parsing at-rule '@viewport'." {file: "app://{bd5f3cd1-f6f8-4078-ad5d-f9ad7551ebb0}/css/styles_main.css" line: 11 column: 0 source: "@viewport {"}]
04-24 19:37:36.335 E/GeckoConsole( 2941): [JavaScript Warning: "Expected declaration but found '/'.  Skipped to next declaration." {file: "app://{bd5f3cd1-f6f8-4078-ad5d-f9ad7551ebb0}/css/styles_main.css" line: 117 column: 4 source: "    //background: url(../images/list-separator-light.png) bottom left repeat-x; /* bevel shadow and highlight at bottom */"}]
04-24 19:37:36.335 E/GeckoConsole( 2941): [JavaScript Warning: "Expected declaration but found '/'.  Skipped to next declaration." {file: "app://{bd5f3cd1-f6f8-4078-ad5d-f9ad7551ebb0}/css/styles_main.css" line: 135 column: 4 source: "    //text-shadow: 0.1rem 0.1rem 0 rgba(255,255,255,0.3);"}]
04-24 19:37:36.335 E/GeckoConsole( 2941): [JavaScript Warning: "Error in parsing value for 'font'.  Declaration dropped." {file: "app://{bd5f3cd1-f6f8-4078-ad5d-f9ad7551ebb0}/css/styles_main.css" line: 156 column: 8 source: "  font: 'MozTT', Sans-serif;"}]
04-24 19:37:36.335 E/GeckoConsole( 2941): [JavaScript Warning: "Expected declaration but found '/'.  Skipped to next declaration." {file: "app://{bd5f3cd1-f6f8-4078-ad5d-f9ad7551ebb0}/css/styles_main.css" line: 157 column: 2 source: "  //color: #333;"}]
04-24 19:37:36.335 E/GeckoConsole( 2941): [JavaScript Warning: "Unknown pseudo-class or pseudo-element 'recommend'.  Ruleset ignored due to bad selector." {file: "app://{bd5f3cd1-f6f8-4078-ad5d-f9ad7551ebb0}/css/styles_main.css" line: 172 column: 12 source: ".msg_button:recommend {"}]
04-24 19:37:36.335 E/GeckoConsole( 2941): [JavaScript Warning: "Expected declaration but found '/'.  Skipped to next declaration." {file: "app://{bd5f3cd1-f6f8-4078-ad5d-f9ad7551ebb0}/css/styles_main.css" line: 242 column: 4 source: "    //font-weight: bold;   "}]
04-24 19:37:36.335 E/GeckoConsole( 2941): [JavaScript Warning: "Expected declaration but found '/'.  Skipped to next declaration." {file: "app://{bd5f3cd1-f6f8-4078-ad5d-f9ad7551ebb0}/css/styles_main.css" line: 246 column: 35 source: "    text-shadow:black -3px 3px 7px;//, red 5px 5px 3px;"}]
04-24 19:37:36.445 E/GeckoConsole( 2941): [JavaScript Warning: "Error in parsing value for 'background'.  Declaration dropped." {file: "app://{bd5f3cd1-f6f8-4078-ad5d-f9ad7551ebb0}/css/install-button.css" line: 4 column: 16 source: "    background: -webkit-gradient(linear, left top, left bottom, color-stop(0%,#0088cc), color-stop(100%,#0055cc)); /* Chrome,Safari4+ */"}]
04-24 19:37:36.445 E/GeckoConsole( 2941): [JavaScript Warning: "Error in parsing value for 'background'.  Declaration dropped." {file: "app://{bd5f3cd1-f6f8-4078-ad5d-f9ad7551ebb0}/css/install-button.css" line: 5 column: 16 source: "    background: -webkit-linear-gradient(top,  #0088cc 0%,#0055cc 100%); /* Chrome10+,Safari5.1+ */"}]
04-24 19:37:36.445 E/GeckoConsole( 2941): [JavaScript Warning: "Error in parsing value for 'background'.  Declaration dropped." {file: "app://{bd5f3cd1-f6f8-4078-ad5d-f9ad7551ebb0}/css/install-button.css" line: 6 column: 16 source: "    background: -o-linear-gradient(top,  #0088cc 0%,#0055cc 100%); /* Opera 11.10+ */"}]
04-24 19:37:36.445 E/GeckoConsole( 2941): [JavaScript Warning: "Error in parsing value for 'background'.  Declaration dropped." {file: "app://{bd5f3cd1-f6f8-4078-ad5d-f9ad7551ebb0}/css/install-button.css" line: 7 column: 16 source: "    background: -ms-linear-gradient(top,  #0088cc 0%,#0055cc 100%); /* IE10+ */"}]
04-24 19:37:36.445 E/GeckoConsole( 2941): [JavaScript Warning: "Expected 'none' or URL but found 'progid'.  Error in parsing value for 'filter'.  Declaration dropped." {file: "app://{bd5f3cd1-f6f8-4078-ad5d-f9ad7551ebb0}/css/install-button.css" line: 9 column: 12 source: "    filter: progid:DXImageTransform.Microsoft.gradient( startColorstr='#0088cc', endColorstr='#0055cc',GradientType=0 ); /* IE6-9 */"}]
04-24 19:37:37.615 I/Gecko   (   84): [Parent 84] WARNING: waitpid failed pid:2933 errno:10: file ../../../gecko/ipc/chromium/src/base/process_util_posix.cc, line 254
04-24 19:37:37.615 I/Gecko   (   84): [Parent 84] WARNING: Failed to deliver SIGKILL to 2933!(3).: file ../../../gecko/ipc/chromium/src/chrome/common/process_watcher_posix_sigchld.cc, line 118
04-24 19:37:37.835 E/GeckoConsole( 2941): Content JS LOG at app://{bd5f3cd1-f6f8-4078-ad5d-f9ad7551ebb0}/js/app.js:44 in anonymous: loading done
04-24 19:37:37.835 E/GeckoConsole( 2941): Content JS DEBUG at app://{bd5f3cd1-f6f8-4078-ad5d-f9ad7551ebb0}/js/controllers/view-controller.js:56 in ViewController.prototype.show: screen wake lock requested
04-24 19:37:37.835 E/GeckoConsole( 2941): Content JS WARN at app://{bd5f3cd1-f6f8-4078-ad5d-f9ad7551ebb0}/js/controllers/view-controller.js:63 in ViewController.prototype.show: screen.lockOrientation not available
04-24 19:37:38.585 I/Gonk    (   84): Setting nice for pid 3008 to 18
04-24 19:37:38.585 I/Gonk    (   84): Changed nice for pid 3008 from 0 to 18.
04-24 19:37:38.835 E/GeckoConsole( 2941): Content JS WARN at app://{bd5f3cd1-f6f8-4078-ad5d-f9ad7551ebb0}/js/controllers/view-controller.js:191 in ViewController.prototype.on_load: screen.lockOrientation not available
04-24 19:37:38.835 I/Gonk    (   84): Setting nice for pid 3008 to 18
04-24 19:37:38.835 I/Gonk    (   84): Changed nice for pid 3008 from 18 to 18.
04-24 19:37:38.835 I/Gecko   (   84): [Parent 84] WARNING: waitpid failed pid:3008 errno:10: file ../../../gecko/ipc/chromium/src/base/process_util_posix.cc, line 254
04-24 19:37:38.855 I/Gonk    (   84): Setting nice for pid 3008 to 1
04-24 19:37:38.855 I/Gonk    (   84): Changed nice for pid 3008 from 18 to 1.
04-24 19:37:38.855 I/Gonk    (   84): Setting nice for pid 3008 to 18
04-24 19:37:38.855 I/Gonk    (   84): Changed nice for pid 3008 from 1 to 18.
04-24 19:37:39.035 E/GeckoConsole(   84): Content JS LOG at dummy file:326 in GaiaApps.launch/appOpen/<: app with origin 'app://{bd5f3cd1-f6f8-4078-ad5d-f9ad7551ebb0}' has launched
04-24 19:37:39.035 I/Gecko   (   84): 1398393459050	Marionette	INFO	sendToClient: {"from":"0","value":{"frame":{"ELEMENT":"{f759026f-c3b5-4696-b6d8-df7ebc4187df}"},"src":"app://{bd5f3cd1-f6f8-4078-ad5d-f9ad7551ebb0}/index.html","name":"OrbLand Labyrinth Free","origin":"app://{bd5f3cd1-f6f8-4078-ad5d-f9ad7551ebb0}"}}, {d7448d55-cad0-4cc3-abe3-4da4a71ad10c}, {d7448d55-cad0-4cc3-abe3-4da4a71ad10c}
04-24 19:37:39.035 E/[Gralloc-ERROR](   84): int gralloc_unregister_buffer(const gralloc_module_t*, const native_handle_t*):274 Trying to unregister buffer 0x45d2d790 from process 84 that was not created in current process: 84
04-24 19:37:39.035 E/[Gralloc-ERROR](   84): int gralloc_unregister_buffer(const gralloc_module_t*, const native_handle_t*):274 Trying to unregister buffer 0x45d2d6a0 from process 84 that was not created in current process: 84
04-24 19:37:39.095 I/Gecko   (   84): 1398393459106	Marionette	DEBUG	Got request: switchToFrame, data: {"to":"0","sessionId":"3-b2g","name":"switchToFrame","parameters":{"focus":true,"element":"{f759026f-c3b5-4696-b6d8-df7ebc4187df}"}}, id: {f1cb9533-3e84-489e-8b13-6c2e587ccf26}
04-24 19:37:39.105 I/Gecko   (   84): 1398393459114	Marionette	INFO	Switched to frame: {"frameValue":"{f759026f-c3b5-4696-b6d8-df7ebc4187df}"}
04-24 19:37:39.105 I/Gecko   (   84): 1398393459118	Marionette	INFO	trying remote frame 0
04-24 19:37:39.115 I/Gecko   (   84): 1398393459126	Marionette	INFO	trying remote frame 1
04-24 19:37:39.115 I/Gecko   (   84): 1398393459127	Marionette	INFO	trying remote frame 2
04-24 19:37:39.115 I/Gecko   (   84): 1398393459127	Marionette	INFO	deleting frame
04-24 19:37:39.125 I/Gecko   (   84): 1398393459136	Marionette	INFO	frame-manager load script: [object ChromeMessageSender]
04-24 19:37:39.745 I/Gecko   (   84): 
04-24 19:37:39.745 I/Gecko   (   84): ###!!! [Parent][MessageChannel] Error: Channel error: cannot send/recv
04-24 19:37:39.745 I/Gecko   (   84): 
04-24 19:37:39.765 I/Gecko   (   84): [Parent 84] WARNING: waitpid failed pid:3008 errno:10: file ../../../gecko/ipc/chromium/src/base/process_util_posix.cc, line 254
04-24 19:37:39.825 I/Gecko   (   84): 1398393459838	Marionette	INFO	sendToClient: {"from":"0","ok":true}, {f1cb9533-3e84-489e-8b13-6c2e587ccf26}, {f1cb9533-3e84-489e-8b13-6c2e587ccf26}
04-24 19:37:40.035 W/WifiHW  (   84): wifi_command: SIGNAL_POLL
04-24 19:37:40.045 I/Gecko   (   84): 1398393460059	Marionette	INFO	sendToClient: {"from":"0","value":"app://{bd5f3cd1-f6f8-4078-ad5d-f9ad7551ebb0}/index.html"}, {2d121025-8ddd-46f8-908c-c8e3b40b0756}, {2d121025-8ddd-46f8-908c-c8e3b40b0756}
04-24 19:37:40.055 I/Gecko   (   84): 1398393460069	Marionette	DEBUG	Got request: execute, data: {"to":"0","sessionId":"3-b2g","name":"executeScript","parameters":{"specialPowers":false,"scriptTimeout":null,"newSandbox":true,"args":[],"filename":"app_checker.py","script":"return window.document.readyState;","line":191}}, id: {c3cb64c9-2581-4bcb-a64c-85cc2407cdf7}
04-24 19:37:40.205 I/Gecko   (   84): 1398393460215	Marionette	INFO	sendToClient: {"from":"0","value":"complete"}, {c3cb64c9-2581-4bcb-a64c-85cc2407cdf7}, {c3cb64c9-2581-4bcb-a64c-85cc2407cdf7}
04-24 19:37:40.215 I/Gecko   (   84): 1398393460225	Marionette	INFO	sendToClient: {"from":"0","value":"app://{bd5f3cd1-f6f8-4078-ad5d-f9ad7551ebb0}/index.html"}, {80ae43be-4bfb-4304-8d44-c655233079e6}, {80ae43be-4bfb-4304-8d44-c655233079e6}
04-24 19:37:40.225 I/Gecko   ( 2941): Attempting load of libEGL.so
04-24 19:37:40.275 D/libEGL  ( 2941): loaded /system/lib/egl/libEGL_mali.so
04-24 19:37:40.285 D/libEGL  ( 2941): loaded /system/lib/egl/libGLESv1_CM_mali.so
04-24 19:37:40.295 D/libEGL  ( 2941): loaded /system/lib/egl/libGLESv2_mali.so
04-24 19:37:40.355 I/Gecko   ( 2941): SharedSurface_Gralloc::Create -------
04-24 19:37:40.365 I/Gecko   ( 2941): SharedSurface_Gralloc::Create: success -- surface 0x44af0900, GraphicBuffer 0x4328ba80.
04-24 19:37:41.535 I/Gecko   (   84): 1398393461529	Marionette	INFO	sendToClient: {"from":"0","value":"iVBORw0KGgoAAAANSUhEUgAAAUAAAAHgCAYAAADUjLREAAAgAElEQVR4nNTdd1xUx/4/fjtgR+wFS+wNew2WWBITW+zYBZWyFmAtwKapm06uvWvsGjWWJIZEVCyIK6y6iSQag6yosGty7w3f+7kt90Z4/f44bWbOnLKAufn9MQ8Vl91z5sw8z/s9M2e2XGF2MrwuO7xOO7wOG7zpNuFPpx1elx2Fd5NReDcZ3myxuITXudOtcKdZ4E6zwuu0oTBbea38epcdXqcNbocNXof4OpddeK34foXZySh0JaPQaYfXYZc/v9BpF17rEo7D67LDm22nf4f8P6d43OlWpTiIPx3Ev9OtxHnahPPMpov0vvJnSO+dZhXOOc0i/92dZpX/Ty7S5zpt8Lps/HMg6+uuXSnZQinMFj/faafOzS2/N3FeTqnYtIuDqQupzsq6UJ8pXU918UrtgrpG5HsR1yvNAneqBV62pFnVn0m2C+k6OsV61Ksfl1j0XsPWWTrTptJtdFtItcCdEgF3inj8DqkPiO3/bjIKc4i2kE22E6bIbZ3oq+RnptvounNIbcVG9WXp87x3k1F4l2zzSjtxi+3M7SB+n6rTZKrvudNtYl+wyC5INgjnIxlCnItY54Xca6E4IRThvAV3rEo93uXUHXmNxL9L50NZlZ2MciUC0EkAyL6pfDD6AHoZAL0SgA7l8ykA5YaQrFSKK5muTLJBkuCVEYBuCkDi73InZQBMfzYAUrhq4sf5WVkBqIUB7zUaAKqQ0wJQ+v9nDaCLKT4DSPQdEsFUi4CfHoBMJy7k4WcGQE7daQHovZvMvDd53gJ8brKdGQDoTbf6CKBBHUvXjQLQJgMouGMAIHG9VABmmwUwmw+gULlmAVQqkgXQ6+IDWOgkGgIBYCEJYDYBoIttkAyATuLfKgBtCjhMY5Mr1UFUPoscD0Dp/0kAWfh5+PkKID
04-24 19:37:41.765 I/Gecko   (   84): [Parent 84] WARNING: waitpid failed pid:3008 errno:10: file ../../../gecko/ipc/chromium/src/base/process_util_posix.cc, line 254
04-24 19:37:41.765 I/Gecko   (   84): [Parent 84] WARNING: Failed to deliver SIGKILL to 3008!(3).: file ../../../gecko/ipc/chromium/src/chrome/common/process_watcher_posix_sigchld.cc, line 118
04-24 19:37:41.905 I/Gecko   (   84): 1398393461918	Marionette	INFO	sendToClient: {"from":"0","ok":true}, {0de0e341-dc6c-4222-a62a-cda345ed476c}, {0de0e341-dc6c-4222-a62a-cda345ed476c}
04-24 19:37:42.505 I/Gecko   (   84): 1398393462516	Marionette	DEBUG	Got request: switchToFrame, data: {"to":"0","sessionId":"3-b2g","name":"switchToFrame","parameters":{"id":null,"focus":true}}, id: {5276eb2f-12ef-4cd8-ba6c-ba68ccebb410}
04-24 19:37:42.525 I/Gecko   (   84): 1398393462543	Marionette	INFO	Switched to frame: {"frameValue":null}
04-24 19:37:42.635 V/AudioPolicyManagerBase(   91): startOutput() output 1, stream 1, session 11
04-24 19:37:42.635 V/AudioPolicyManagerBase(   91): changeRefCount() stream 1, count 1
04-24 19:37:42.635 V/AudioPolicyManagerBase(   91): getDeviceForStrategy() from cache strategy 0, device 2
04-24 19:37:42.635 V/AudioPolicyManagerBase(   91): getNewDevice() selected device 2
04-24 19:37:42.635 D/AudioPolicyManagerBase(   91): setOutputDevice() output 1 device 2 delayMs 0
04-24 19:37:42.635 V/AudioPolicyManagerBase(   91): setOutputDevice() setting same device 2 or null device for output 1
04-24 19:37:42.635 E/AudioPolicyManagerBase(   91): checkAndSetVolume stream=1, index=0, output=1, device=2
04-24 19:37:42.635 E/AudioPolicyManagerBase(   91): computeVolume, streamDesc=0x126dbb8
04-24 19:37:42.645 I/Gecko   (   84): 1398393462656	Marionette	INFO	sendToClient: {"from":"0","ok":true}, {5276eb2f-12ef-4cd8-ba6c-ba68ccebb410}, {5276eb2f-12ef-4cd8-ba6c-ba68ccebb410}
04-24 19:37:42.645 I/Gecko   (   84): 1398393462662	Marionette	DEBUG	Got request: executeWithCallback, data: {"to":"0","sessionId":"3-b2g","name":"executeAsyncScript","parameters":{"specialPowers":false,"scriptTimeout":null,"newSandbox":true,"args":[],"filename":"gaia_test.py","script":"return GaiaApps.displayedApp();","line":66}}, id: {8ec1c7f0-17bf-4ce2-845e-10cd34237de3}
04-24 19:37:42.695 W/AudioFlinger(   91): Thread AudioOut_1 cannot connect to the power manager service
04-24 19:37:42.695 V/AudioPolicyManagerBase(   91): stopOutput() output 1, stream 1, session 11
04-24 19:37:42.695 V/AudioPolicyManagerBase(   91): changeRefCount() stream 1, count 0
04-24 19:37:42.695 V/AudioPolicyManagerBase(   91): getNewDevice() selected device 0
04-24 19:37:42.695 D/AudioPolicyManagerBase(   91): setOutputDevice() output 1 device 0 delayMs 290
04-24 19:37:42.695 V/AudioPolicyManagerBase(   91): setOutputDevice() setting same device 0 or null device for output 1
04-24 19:37:42.695 V/AudioPolicyManagerBase(   91): releaseOutput() 1
04-24 19:37:42.925 E/GeckoConsole(   84): Content JS LOG at dummy file:392 in GaiaApps.displayedApp: app with origin 'app://{bd5f3cd1-f6f8-4078-ad5d-f9ad7551ebb0}' is displayed
04-24 19:37:42.925 I/Gecko   (   84): 1398393462937	Marionette	INFO	sendToClient: {"from":"0","value":{"frame":{"ELEMENT":"{f759026f-c3b5-4696-b6d8-df7ebc4187df}"},"src":"app://{bd5f3cd1-f6f8-4078-ad5d-f9ad7551ebb0}/index.html","name":"OrbLand Labyrinth Free","origin":"app://{bd5f3cd1-f6f8-4078-ad5d-f9ad7551ebb0}"}}, {8ec1c7f0-17bf-4ce2-845e-10cd34237de3}, {8ec1c7f0-17bf-4ce2-845e-10cd34237de3}
04-24 19:37:42.935 I/Gecko   (   84): 1398393462947	Marionette	DEBUG	Got request: switchToFrame, data: {"to":"0","sessionId":"3-b2g","name":"switchToFrame","parameters":{"id":null,"focus":true}}, id: {22725166-96cc-40f2-8390-0a3e8b38710f}
04-24 19:37:42.935 I/Gecko   (   84): 1398393462949	Marionette	INFO	Switched to frame: {"frameValue":null}
04-24 19:37:43.035 I/Gecko   (   84): 1398393463051	Marionette	INFO	sendToClient: {"from":"0","ok":true}, {22725166-96cc-40f2-8390-0a3e8b38710f}, {22725166-96cc-40f2-8390-0a3e8b38710f}
04-24 19:37:43.045 I/Gecko   (   84): 1398393463057	Marionette	DEBUG	Got request: execute, data: {"to":"0","sessionId":"3-b2g","name":"executeScript","parameters":{"specialPowers":false,"scriptTimeout":null,"newSandbox":true,"args":[],"filename":"gaia_test.py","script":"window.wrappedJSObject.dispatchEvent(new Event('home'));","line":788}}, id: {6b1daa5c-55da-49bc-82d8-796b03509b3d}
04-24 19:37:43.655 I/Gonk    (   84): Setting nice for pid 3022 to 18
04-24 19:37:43.665 I/Gonk    (   84): Changed nice for pid 3022 from 0 to 18.
04-24 19:37:43.675 I/Gecko   (   84): 1398393463686	Marionette	INFO	sendToClient: {"from":"0","value":null}, {6b1daa5c-55da-49bc-82d8-796b03509b3d}, {6b1daa5c-55da-49bc-82d8-796b03509b3d}
04-24 19:37:43.755 E/[Gralloc-ERROR](   84): int gralloc_register_buffer(const gralloc_module_t*, const native_handle_t*):79 Unable to register handle 0x432c26f0 coming from different process: 84
04-24 19:37:43.755 E/[Gralloc-ERROR](   84): int gralloc_register_buffer(const gralloc_module_t*, const native_handle_t*):79 Unable to register handle 0x432c2830 coming from different process: 84
04-24 19:37:43.825 I/Gonk    (   84): Setting nice for pid 3022 to 18
04-24 19:37:43.825 I/Gonk    (   84): Changed nice for pid 3022 from 18 to 18.
04-24 19:37:43.835 I/Gecko   (   84): [Parent 84] WARNING: waitpid failed pid:3022 errno:10: file ../../../gecko/ipc/chromium/src/base/process_util_posix.cc, line 254
04-24 19:37:43.855 I/Gonk    (   84): Setting nice for pid 3022 to 1
04-24 19:37:43.855 I/Gonk    (   84): Changed nice for pid 3022 from 18 to 1.
04-24 19:37:44.045 I/Gonk    (   84): Setting nice for pid 3030 to 18
04-24 19:37:44.045 I/Gonk    (   84): Changed nice for pid 3030 from 0 to 18.
04-24 19:37:44.075 I/Gecko   (   84): 1398393464088	Marionette	DEBUG	Got request: switchToFrame, data: {"to":"0","sessionId":"3-b2g","name":"switchToFrame","parameters":{"id":null,"focus":true}}, id: {71a02499-f29f-4323-9fbb-a1a14481f84a}
04-24 19:37:44.085 I/Gecko   (   84): 1398393464103	Marionette	INFO	Switched to frame: {"frameValue":null}
04-24 19:37:44.225 I/Gecko   (   84): 1398393464235	Marionette	INFO	sendToClient: {"from":"0","ok":true}, {71a02499-f29f-4323-9fbb-a1a14481f84a}, {71a02499-f29f-4323-9fbb-a1a14481f84a}
04-24 19:37:44.235 I/Gecko   (   84): 1398393464248	Marionette	DEBUG	Got request: executeWithCallback, data: {"to":"0","sessionId":"3-b2g","name":"executeAsyncScript","parameters":{"specialPowers":false,"scriptTimeout":null,"newSandbox":true,"args":[],"filename":"gaia_test.py","script":"return GaiaApps.displayedApp();","line":66}}, id: {bef77edb-9466-4107-9626-480ba8944f91}
04-24 19:37:44.675 E/GeckoConsole(   84): Content JS LOG at dummy file:392 in GaiaApps.displayedApp: app with origin 'app://homescreen.gaiamobile.org' is displayed
04-24 19:37:44.675 I/Gecko   (   84): 1398393464691	Marionette	INFO	sendToClient: {"from":"0","value":{"frame":{"ELEMENT":"{82f82a34-1537-4179-979d-086f77ebbd54}"},"src":"app://homescreen.gaiamobile.org/index.html#root","name":"Homescreen","origin":"app://homescreen.gaiamobile.org"}}, {bef77edb-9466-4107-9626-480ba8944f91}, {bef77edb-9466-4107-9626-480ba8944f91}
04-24 19:37:44.945 I/Gecko   (   84): 1398393464963	Marionette	DEBUG	Got request: switchToFrame, data: {"to":"0","sessionId":"3-b2g","name":"switchToFrame","parameters":{"id":null,"focus":true}}, id: {67e18634-65c3-43d3-b6b1-651d7793c4f2}
04-24 19:37:44.965 I/Gecko   (   84): 1398393464982	Marionette	INFO	Switched to frame: {"frameValue":null}
04-24 19:37:44.985 E/[Gralloc-ERROR](   84): int gralloc_unregister_buffer(const gralloc_module_t*, const native_handle_t*):274 Trying to unregister buffer 0x432c2830 from process 84 that was not created in current process: 84
04-24 19:37:44.985 E/[Gralloc-ERROR](   84): int gralloc_unregister_buffer(const gralloc_module_t*, const native_handle_t*):274 Trying to unregister buffer 0x432c26f0 from process 84 that was not created in current process: 84
04-24 19:37:45.045 W/WifiHW  (   84): wifi_command: SIGNAL_POLL
04-24 19:37:45.075 I/Gecko   (   84): 1398393465085	Marionette	INFO	sendToClient: {"from":"0","ok":true}, {67e18634-65c3-43d3-b6b1-651d7793c4f2}, {67e18634-65c3-43d3-b6b1-651d7793c4f2}
04-24 19:37:45.075 I/Gecko   (   84): 1398393465094	Marionette	DEBUG	Got request: switchToFrame, data: {"to":"0","sessionId":"3-b2g","name":"switchToFrame","parameters":{"id":null,"focus":true}}, id: {f5376564-f989-43ef-a5f5-960e435b9bb2}
04-24 19:37:45.095 I/Gecko   (   84): 1398393465108	Marionette	INFO	Switched to frame: {"frameValue":null}
04-24 19:37:45.205 I/Gecko   (   84): 1398393465216	Marionette	INFO	sendToClient: {"from":"0","ok":true}, {f5376564-f989-43ef-a5f5-960e435b9bb2}, {f5376564-f989-43ef-a5f5-960e435b9bb2}
04-24 19:37:45.265 I/Gecko   (   84): 1398393465283	Marionette	DEBUG	Got request: executeWithCallback, data: {"to":"0","sessionId":"3-b2g","name":"executeAsyncScript","parameters":{"specialPowers":false,"scriptTimeout":null,"newSandbox":true,"args":[],"filename":"gaia_test.py","script":"return GaiaApps.displayedApp();","line":66}}, id: {eb468bdb-3492-4488-a888-e0faf2f7cd69}
04-24 19:37:45.355 I/Gonk    (   84): Setting nice for pid 2941 to 18
04-24 19:37:45.365 I/Gonk    (   84): Changed nice for pid 2941 from 1 to 18.
04-24 19:37:45.365 I/Gecko   (   84): 1398393465381	Marionette	INFO	sendToClient: {"from":"0","value":{"frame":{"ELEMENT":"{82f82a34-1537-4179-979d-086f77ebbd54}"},"src":"app://homescreen.gaiamobile.org/index.html#root","name":"Homescreen","origin":"app://homescreen.gaiamobile.org"}}, {eb468bdb-3492-4488-a888-e0faf2f7cd69}, {eb468bdb-3492-4488-a888-e0faf2f7cd69}
04-24 19:37:45.365 E/GeckoConsole(   84): Content JS LOG at dummy file:392 in GaiaApps.displayedApp: app with origin 'app://homescreen.gaiamobile.org' is displayed
04-24 19:37:45.375 I/Gecko   (   84): 1398393465389	Marionette	DEBUG	Got request: switchToFrame, data: {"to":"0","sessionId":"3-b2g","name":"switchToFrame","parameters":{"focus":true,"element":"{82f82a34-1537-4179-979d-086f77ebbd54}"}}, id: {4050bf64-4636-4cf7-be11-0f887d2b5c2e}
04-24 19:37:45.385 I/Gecko   (   84): 1398393465401	Marionette	INFO	Switched to frame: {"frameValue":"{82f82a34-1537-4179-979d-086f77ebbd54}"}
04-24 19:37:45.405 I/Gecko   (   84): 1398393465415	Marionette	INFO	trying remote frame 0
04-24 19:37:45.415 I/Gecko   (   84): 1398393465432	Marionette	INFO	trying remote frame 1
04-24 19:37:45.425 I/Gecko   (   84): 1398393465436	Marionette	INFO	trying remote frame 2
04-24 19:37:45.455 I/Gecko   (   84): 1398393465469	Marionette	INFO	deleting frame
04-24 19:37:45.495 I/Gecko   (   84): 1398393465509	Marionette	INFO	frame-manager load script: [object ChromeMessageSender]
04-24 19:37:46.375 I/Gecko   (   84): 
04-24 19:37:46.375 I/Gecko   (   84): ###!!! [Parent][MessageChannel] Error: Channel error: cannot send/recv
04-24 19:37:46.375 I/Gecko   (   84): 
04-24 19:37:46.545 I/Gecko   (   84): [Parent 84] WARNING: waitpid failed pid:2941 errno:10: file ../../../gecko/ipc/chromium/src/base/process_util_posix.cc, line 254
04-24 19:37:46.575 I/Gecko   ( 3022): ###################################### forms.js loaded
04-24 19:37:46.635 I/Gecko   ( 3022): ############################### browserElementPanning.js loaded
04-24 19:37:46.695 I/Gecko   ( 3022): ######################## BrowserElementChildPreload.js loaded
04-24 19:37:48.475 I/Gecko   (   84): 1398393468487	Marionette	INFO	sendToClient: {"from":"0","ok":true}, {4050bf64-4636-4cf7-be11-0f887d2b5c2e}, {4050bf64-4636-4cf7-be11-0f887d2b5c2e}
04-24 19:37:48.545 I/Gecko   (   84): [Parent 84] WARNING: waitpid failed pid:2941 errno:10: file ../../../gecko/ipc/chromium/src/base/process_util_posix.cc, line 254
04-24 19:37:48.545 I/Gecko   (   84): [Parent 84] WARNING: Failed to deliver SIGKILL to 2941!(3).: file ../../../gecko/ipc/chromium/src/chrome/common/process_watcher_posix_sigchld.cc, line 118
04-24 19:37:48.855 I/Gecko   (   84): 1398393468872	Marionette	INFO	sendToClient: {"from":"0","value":"app://homescreen.gaiamobile.org/index.html#root"}, {9fe1f29c-cd74-458a-9f93-fd0f2a8ae702}, {9fe1f29c-cd74-458a-9f93-fd0f2a8ae702}
04-24 19:37:48.865 I/Gecko   (   84): 1398393468878	Marionette	DEBUG	Got request: switchToFrame, data: {"to":"0","sessionId":"3-b2g","name":"switchToFrame","parameters":{"id":null,"focus":true}}, id: {4371895f-5f70-454d-a357-0c2df907a27c}
04-24 19:37:48.895 I/Gecko   (   84): 1398393468908	Marionette	INFO	Switched to frame: {"frameValue":null}
04-24 19:37:48.995 I/Gecko   (   84): 1398393469011	Marionette	INFO	sendToClient: {"from":"0","ok":true}, {4371895f-5f70-454d-a357-0c2df907a27c}, {4371895f-5f70-454d-a357-0c2df907a27c}
04-24 19:37:49.005 I/Gecko   (   84): 1398393469017	Marionette	DEBUG	Got request: switchToFrame, data: {"to":"0","sessionId":"3-b2g","name":"switchToFrame","parameters":{"id":null,"focus":true}}, id: {3a298f59-1565-4036-940a-b110da9b9054}
04-24 19:37:49.005 I/Gecko   (   84): 1398393469018	Marionette	INFO	Switched to frame: {"frameValue":null}
04-24 19:37:49.125 I/Gecko   (   84): 1398393469139	Marionette	INFO	sendToClient: {"from":"0","ok":true}, {3a298f59-1565-4036-940a-b110da9b9054}, {3a298f59-1565-4036-940a-b110da9b9054}
04-24 19:37:49.135 I/Gecko   (   84): 1398393469145	Marionette	DEBUG	Got request: executeWithCallback, data: {"to":"0","sessionId":"3-b2g","name":"executeAsyncScript","parameters":{"specialPowers":false,"scriptTimeout":null,"newSandbox":true,"args":[],"filename":"gaia_test.py","script":"GaiaApps.killAll()","line":91}}, id: {5b7e84df-1fca-4bb4-8d63-a1d8dfa9448d}
04-24 19:37:49.185 I/Gecko   (   84): 1398393469196	Marionette	INFO	sendToClient: {"from":"0","value":true}, {5b7e84df-1fca-4bb4-8d63-a1d8dfa9448d}, {5b7e84df-1fca-4bb4-8d63-a1d8dfa9448d}
04-24 19:37:49.185 I/Gecko   (   84): 1398393469202	Marionette	DEBUG	Got request: switchToFrame, data: {"to":"0","sessionId":"3-b2g","name":"switchToFrame","parameters":{"id":null,"focus":true}}, id: {a34c6e73-d64d-48d5-8309-13ab2bd1c5ef}
04-24 19:37:49.185 I/Gecko   (   84): 1398393469203	Marionette	INFO	Switched to frame: {"frameValue":null}
04-24 19:37:49.295 I/Gecko   (   84): 1398393469306	Marionette	INFO	sendToClient: {"from":"0","ok":true}, {a34c6e73-d64d-48d5-8309-13ab2bd1c5ef}, {a34c6e73-d64d-48d5-8309-13ab2bd1c5ef}
04-24 19:37:49.295 I/Gecko   (   84): 1398393469312	Marionette	DEBUG	Got request: executeWithCallback, data: {"to":"0","sessionId":"3-b2g","name":"executeAsyncScript","parameters":{"specialPowers":false,"scriptTimeout":60000,"newSandbox":true,"args":[],"filename":"app_checker.py","script":"\n        GaiaApps.locateWithManifestURL('https://marketplace.firefox.com/app/4e118fac-e233-42b9-8a29-83f829b31670/manifest.webapp',\n                                       null,\n                                       function uninstall(app) {\n                                       navigator.mozApps.mgmt.uninstall(app);\n                                       marionetteScriptFinished(true);\n                                       });\n        ","line":129}}, id: {8dde298f-9af6-417a-b126-0cd45011ecb3}
04-24 19:37:49.345 I/Gecko   (   84): -- webapps.js uninstall https://marketplace.firefox.com/app/4e118fac-e233-42b9-8a29-83f829b31670/manifest.webapp
04-24 19:37:49.825 I/Gecko   (   84): 1398393469836	Marionette	INFO	sendToClient: {"from":"0","value":true}, {8dde298f-9af6-417a-b126-0cd45011ecb3}, {8dde298f-9af6-417a-b126-0cd45011ecb3}
04-24 19:37:50.365 W/WifiHW  (   84): wifi_command: SIGNAL_POLL