--------- beginning of /dev/log/main
04-27 17:41:21.500 I/Gecko   (   84): 1398645681509	Marionette	INFO	sendToClient: {"from":"0","ok":true}, {0640bc5f-26ff-4049-bd29-afcaa9df43b4}, {0640bc5f-26ff-4049-bd29-afcaa9df43b4}
04-27 17:41:21.560 I/Gecko   (   84): 1398645681566	Marionette	DEBUG	Got request: switchToFrame, data: {"to":"0","sessionId":"3-b2g","name":"switchToFrame","parameters":{"id":null,"focus":true}}, id: {413d56d3-c68f-441f-ba5f-f4c0f7c583cf}
04-27 17:41:21.560 I/Gecko   (   84): 1398645681568	Marionette	INFO	Switched to frame: {"frameValue":null}
04-27 17:41:21.660 I/Gecko   (   84): 1398645681671	Marionette	INFO	sendToClient: {"from":"0","ok":true}, {413d56d3-c68f-441f-ba5f-f4c0f7c583cf}, {413d56d3-c68f-441f-ba5f-f4c0f7c583cf}
04-27 17:41:21.670 I/Gecko   (   84): 1398645681679	Marionette	DEBUG	Got request: executeWithCallback, data: {"to":"0","sessionId":"3-b2g","name":"executeAsyncScript","parameters":{"specialPowers":false,"scriptTimeout":null,"newSandbox":true,"args":[],"filename":"gaia_test.py","script":"return GaiaApps.displayedApp();","line":66}}, id: {ab459d36-4f0b-45af-be99-3aed02fbb783}
04-27 17:41:21.800 I/Gecko   (   84): 1398645681808	Marionette	INFO	sendToClient: {"from":"0","value":{"frame":{"ELEMENT":"{60562375-911c-48e8-9be4-351fb4a1fabc}"},"src":"app://homescreen.gaiamobile.org/index.html#root","name":"Homescreen","origin":"app://homescreen.gaiamobile.org"}}, {ab459d36-4f0b-45af-be99-3aed02fbb783}, {ab459d36-4f0b-45af-be99-3aed02fbb783}
04-27 17:41:21.800 E/GeckoConsole(   84): Content JS LOG at dummy file:392 in GaiaApps.displayedApp: app with origin 'app://homescreen.gaiamobile.org' is displayed
04-27 17:41:21.820 W/WifiHW  (   84): wifi_command: SIGNAL_POLL
04-27 17:41:21.860 I/Gecko   (   84): 1398645681866	Marionette	DEBUG	Got request: switchToFrame, data: {"to":"0","sessionId":"3-b2g","name":"switchToFrame","parameters":{"id":null,"focus":true}}, id: {3f7c0781-d0c1-4f0b-a0e2-d93afa1faf21}
04-27 17:41:21.860 I/Gecko   (   84): 1398645681868	Marionette	INFO	Switched to frame: {"frameValue":null}
04-27 17:41:22.140 E/GeckoConsole( 4752): Content JS ERROR at app://homescreen.gaiamobile.org/gaia_build_defer_index.js:390 in loadSVConfFileError: Failed parsing singleVariant configuration file [js/singlevariantconf.json]:  [Exception... "File error: Not found"  nsresult: "0x80520012 (NS_ERROR_FILE_NOT_FOUND)"  location: "JS frame :: app://homescreen.gaiamobile.org/gaia_build_defer_index.js :: loadFile :: line 382"  data: no]
04-27 17:41:22.180 I/Gecko   (   84): 1398645682185	Marionette	INFO	sendToClient: {"from":"0","ok":true}, {3f7c0781-d0c1-4f0b-a0e2-d93afa1faf21}, {3f7c0781-d0c1-4f0b-a0e2-d93afa1faf21}
04-27 17:41:22.260 I/Gecko   (   84): 1398645682269	Marionette	DEBUG	Got request: switchToFrame, data: {"to":"0","sessionId":"3-b2g","name":"switchToFrame","parameters":{"id":null,"focus":true}}, id: {190dd272-5c26-4c0f-9f74-bb09e6ccda89}
04-27 17:41:22.280 I/Gecko   (   84): 1398645682285	Marionette	INFO	Switched to frame: {"frameValue":null}
04-27 17:41:22.380 I/Gecko   (   84): 1398645682388	Marionette	INFO	sendToClient: {"from":"0","ok":true}, {190dd272-5c26-4c0f-9f74-bb09e6ccda89}, {190dd272-5c26-4c0f-9f74-bb09e6ccda89}
04-27 17:41:22.390 I/Gecko   (   84): 1398645682395	Marionette	DEBUG	Got request: executeWithCallback, data: {"to":"0","sessionId":"3-b2g","name":"executeAsyncScript","parameters":{"specialPowers":false,"scriptTimeout":null,"newSandbox":true,"args":[],"filename":"gaia_test.py","script":"return GaiaApps.displayedApp();","line":66}}, id: {68895c8e-ff34-428b-b4b2-34429d031357}
04-27 17:41:22.450 I/Gecko   (   84): 1398645682454	Marionette	INFO	sendToClient: {"from":"0","value":{"frame":{"ELEMENT":"{60562375-911c-48e8-9be4-351fb4a1fabc}"},"src":"app://homescreen.gaiamobile.org/index.html#root","name":"Homescreen","origin":"app://homescreen.gaiamobile.org"}}, {68895c8e-ff34-428b-b4b2-34429d031357}, {68895c8e-ff34-428b-b4b2-34429d031357}
04-27 17:41:22.470 E/GeckoConsole(   84): Content JS LOG at dummy file:392 in GaiaApps.displayedApp: app with origin 'app://homescreen.gaiamobile.org' is displayed
04-27 17:41:22.470 I/Gecko   (   84): 1398645682476	Marionette	DEBUG	Got request: switchToFrame, data: {"to":"0","sessionId":"3-b2g","name":"switchToFrame","parameters":{"focus":true,"element":"{60562375-911c-48e8-9be4-351fb4a1fabc}"}}, id: {82a00fd5-9073-4023-abb4-6beca93507ee}
04-27 17:41:22.470 I/Gecko   (   84): 1398645682482	Marionette	INFO	Switched to frame: {"frameValue":"{60562375-911c-48e8-9be4-351fb4a1fabc}"}
04-27 17:41:22.500 I/Gecko   (   84): 1398645682508	Marionette	INFO	trying remote frame 0
04-27 17:41:22.510 I/Gecko   (   84): 1398645682516	Marionette	INFO	trying remote frame 1
04-27 17:41:22.520 I/Gecko   (   84): 1398645682525	Marionette	INFO	trying remote frame 2
04-27 17:41:22.520 I/Gecko   (   84): 1398645682526	Marionette	INFO	trying remote frame 3
04-27 17:41:22.520 I/Gecko   (   84): 1398645682527	Marionette	INFO	trying remote frame 4
04-27 17:41:22.520 I/Gecko   (   84): 1398645682528	Marionette	INFO	trying remote frame 5
04-27 17:41:22.520 I/Gecko   (   84): 1398645682528	Marionette	INFO	trying remote frame 6
04-27 17:41:22.520 I/Gecko   (   84): 1398645682529	Marionette	INFO	deleting frame
04-27 17:41:22.530 I/Gecko   (   84): 1398645682540	Marionette	INFO	frame-manager load script: [object ChromeMessageSender]
04-27 17:41:22.850 I/Gecko   (   84): 1398645682855	Marionette	INFO	sendToClient: {"from":"0","ok":true}, {82a00fd5-9073-4023-abb4-6beca93507ee}, {82a00fd5-9073-4023-abb4-6beca93507ee}
04-27 17:41:23.170 I/Gecko   (   84): 1398645683179	Marionette	INFO	sendToClient: {"from":"0","value":{"ELEMENT":"{cecd75f3-2d79-438e-944b-cb847edcb222}"}}, {40dbc115-da0c-4a09-94d8-2255d659b798}, {40dbc115-da0c-4a09-94d8-2255d659b798}
04-27 17:41:23.340 E/GeckoConsole( 4752): [JavaScript Warning: "Use of getAttributeNode() is deprecated. Use getAttribute() instead." {file: "chrome://marionette/content/atoms.js" line: 25}]
04-27 17:41:23.340 E/GeckoConsole( 4752): [JavaScript Warning: "Use of attributes' specified attribute is deprecated. It always returns true." {file: "chrome://marionette/content/atoms.js" line: 25}]
04-27 17:41:23.340 I/Gecko   (   84): 1398645683349	Marionette	INFO	sendToClient: {"from":"0","value":"normal"}, {71f9e620-2698-4a76-8761-e332bac04d05}, {71f9e620-2698-4a76-8761-e332bac04d05}
04-27 17:41:23.350 I/Gecko   (   84): 1398645683355	Marionette	DEBUG	Got request: switchToFrame, data: {"to":"0","sessionId":"3-b2g","name":"switchToFrame","parameters":{"id":null,"focus":true}}, id: {799d296d-8cb4-4788-9109-bfcc0e46a26e}
04-27 17:41:23.360 I/Gecko   (   84): 1398645683369	Marionette	INFO	Switched to frame: {"frameValue":null}
04-27 17:41:23.460 I/Gecko   (   84): 1398645683472	Marionette	INFO	sendToClient: {"from":"0","ok":true}, {799d296d-8cb4-4788-9109-bfcc0e46a26e}, {799d296d-8cb4-4788-9109-bfcc0e46a26e}
04-27 17:41:23.470 I/Gecko   (   84): 1398645683478	Marionette	DEBUG	Got request: execute, data: {"to":"0","sessionId":"3-b2g","name":"executeScript","parameters":{"specialPowers":false,"scriptTimeout":null,"newSandbox":true,"args":[],"filename":"gaia_test.py","script":"window.wrappedJSObject.dispatchEvent(new Event('home'));","line":788}}, id: {f4e36faf-1d9f-459f-8446-048fa3565f03}
04-27 17:41:23.530 I/Gecko   (   84): 1398645683542	Marionette	INFO	sendToClient: {"from":"0","value":null}, {f4e36faf-1d9f-459f-8446-048fa3565f03}, {f4e36faf-1d9f-459f-8446-048fa3565f03}
04-27 17:41:23.550 I/Gecko   (   84): 1398645683555	Marionette	DEBUG	Got request: switchToFrame, data: {"to":"0","sessionId":"3-b2g","name":"switchToFrame","parameters":{"id":null,"focus":true}}, id: {8a818246-b336-44ad-b805-d77ee0c80a8c}
04-27 17:41:23.550 I/Gecko   (   84): 1398645683557	Marionette	INFO	Switched to frame: {"frameValue":null}
04-27 17:41:23.650 I/Gecko   (   84): 1398645683660	Marionette	INFO	sendToClient: {"from":"0","ok":true}, {8a818246-b336-44ad-b805-d77ee0c80a8c}, {8a818246-b336-44ad-b805-d77ee0c80a8c}
04-27 17:41:23.660 I/Gecko   (   84): 1398645683666	Marionette	DEBUG	Got request: switchToFrame, data: {"to":"0","sessionId":"3-b2g","name":"switchToFrame","parameters":{"id":null,"focus":true}}, id: {19390680-f059-4078-8387-3b94db7653ad}
04-27 17:41:23.660 I/Gecko   (   84): 1398645683667	Marionette	INFO	Switched to frame: {"frameValue":null}
04-27 17:41:23.770 I/Gecko   (   84): 1398645683776	Marionette	INFO	sendToClient: {"from":"0","ok":true}, {19390680-f059-4078-8387-3b94db7653ad}, {19390680-f059-4078-8387-3b94db7653ad}
04-27 17:41:23.770 I/Gecko   (   84): 1398645683781	Marionette	DEBUG	Got request: executeWithCallback, data: {"to":"0","sessionId":"3-b2g","name":"executeAsyncScript","parameters":{"specialPowers":false,"scriptTimeout":null,"newSandbox":true,"args":[],"filename":"gaia_test.py","script":"return GaiaApps.displayedApp();","line":66}}, id: {a0fa8cd5-a164-46f6-b628-295ac8ea5683}
04-27 17:41:23.890 I/Gecko   (   84): 1398645683894	Marionette	INFO	sendToClient: {"from":"0","value":{"frame":{"ELEMENT":"{60562375-911c-48e8-9be4-351fb4a1fabc}"},"src":"app://homescreen.gaiamobile.org/index.html#rootSun%20Apr%2027%202014%2017:41:23%20GMT-0700%20(UTC)","name":"Homescreen","origin":"app://homescreen.gaiamobile.org"}}, {a0fa8cd5-a164-46f6-b628-295ac8ea5683}, {a0fa8cd5-a164-46f6-b628-295ac8ea5683}
04-27 17:41:23.900 E/GeckoConsole(   84): Content JS LOG at dummy file:392 in GaiaApps.displayedApp: app with origin 'app://homescreen.gaiamobile.org' is displayed
04-27 17:41:23.900 I/Gecko   (   84): 1398645683913	Marionette	DEBUG	Got request: switchToFrame, data: {"to":"0","sessionId":"3-b2g","name":"switchToFrame","parameters":{"focus":true,"element":"{60562375-911c-48e8-9be4-351fb4a1fabc}"}}, id: {90e72517-0641-4b3c-ac5c-bdd68d283f6a}
04-27 17:41:23.910 I/Gecko   (   84): 1398645683918	Marionette	INFO	Switched to frame: {"frameValue":"{60562375-911c-48e8-9be4-351fb4a1fabc}"}
04-27 17:41:23.920 I/Gecko   (   84): 1398645683925	Marionette	INFO	trying remote frame 0
04-27 17:41:23.920 I/Gecko   (   84): 1398645683926	Marionette	INFO	trying remote frame 1
04-27 17:41:23.930 I/Gecko   (   84): 1398645683934	Marionette	INFO	trying remote frame 2
04-27 17:41:23.930 I/Gecko   (   84): 1398645683935	Marionette	INFO	trying remote frame 3
04-27 17:41:23.930 I/Gecko   (   84): 1398645683941	Marionette	INFO	trying remote frame 4
04-27 17:41:23.930 I/Gecko   (   84): 1398645683942	Marionette	INFO	trying remote frame 5
04-27 17:41:23.930 I/Gecko   (   84): 1398645683942	Marionette	INFO	trying remote frame 6
04-27 17:41:24.280 I/Gecko   (   84): 1398645684285	Marionette	INFO	sendToClient: {"from":"0","ok":true}, {90e72517-0641-4b3c-ac5c-bdd68d283f6a}, {90e72517-0641-4b3c-ac5c-bdd68d283f6a}
04-27 17:41:24.280 I/Gecko   (   84): 1398645684292	Marionette	DEBUG	Got request: execute, data: {"to":"0","sessionId":"3-b2g","name":"executeScript","parameters":{"specialPowers":false,"scriptTimeout":null,"newSandbox":true,"args":[],"filename":"gaia_test.py","script":"return window.wrappedJSObject.GridManager.pageHelper.getCurrentPageNumber();","line":784}}, id: {c44f5327-a948-40fb-bc79-c1daed5b6c03}
04-27 17:41:24.580 I/Gecko   (   84): 1398645684590	Marionette	INFO	sendToClient: {"from":"0","value":0}, {c44f5327-a948-40fb-bc79-c1daed5b6c03}, {c44f5327-a948-40fb-bc79-c1daed5b6c03}
04-27 17:41:24.980 I/Gecko   (   84): 1398645684985	Marionette	INFO	sendToClient: {"from":"0","value":["{ce2d4f2a-a3a7-4c0d-a463-8f23de9092d6}","{f7992608-fa48-4124-938f-e8c362488e94}","{17dfa4a9-e486-4463-8707-c63dd108e8f3}","{c16e8901-8b46-434e-9482-30df9aaddf40}","{0cffb95b-fb75-494b-b2fe-c1a0e743431f}","{97f140b4-ecba-44db-889e-945a215f806c}","{41f05a40-92e2-4f61-9252-5ddbbf4ad3f7}","{d4e4c5f6-0284-4a72-b9e6-832afa8f7694}","{c9e32831-63ee-4b1b-9505-928c04fb10de}","{bc37f019-9bec-472f-bf2c-1930a80be9a9}","{3a556313-e63a-4750-b91f-9bec22925b50}","{0975d8b6-cee5-4ba8-ad87-5897231aee40}","{368338d7-8c4d-432a-8ced-54a75ae36636}","{ad5d252c-5313-42bb-ba39-c71e4ffc1c63}","{5ac5ae65-fb6d-4fb3-a43d-4b512d48fcb4}","{c3661050-bcd7-411d-bb16-ab2c553d742f}","{b48984f3-c192-47a7-be28-d49b8e27f3d3}","{7a327635-0389-4f8c-95af-1c03ba045115}","{eb7c22ab-f05b-4243-bc53-72e4ce28e492}","{55643863-a7a9-4593-9df8-263d408d74ab}","{6aac176c-0e08-4f2f-9916-ef0c8836e180}","{b5b9decf-ec1f-4ce8-ac97-c30935653d8f}","{190ad5c8-8986-4d1e-9fb8-c046e88cc609}","{417eeade-eb58
04-27 17:41:25.130 I/Gecko   (   84): 1398645685140	Marionette	INFO	sendToClient: {"from":"0","value":"app://homescreen.gaiamobile.org/index.html#rootSun%20Apr%2027%202014%2017:41:23%20GMT-0700%20(UTC)"}, {5cce0e49-dfa4-44a0-926b-d500cccb2bc4}, {5cce0e49-dfa4-44a0-926b-d500cccb2bc4}
04-27 17:41:25.140 I/Gecko   (   84): 1398645685147	Marionette	DEBUG	Got request: switchToFrame, data: {"to":"0","sessionId":"3-b2g","name":"switchToFrame","parameters":{"id":null,"focus":true}}, id: {7fe5cd87-5e52-4175-9f57-14bb90f76645}
04-27 17:41:25.150 I/Gecko   (   84): 1398645685157	Marionette	INFO	Switched to frame: {"frameValue":null}
04-27 17:41:25.250 I/Gecko   (   84): 1398645685262	Marionette	INFO	sendToClient: {"from":"0","ok":true}, {7fe5cd87-5e52-4175-9f57-14bb90f76645}, {7fe5cd87-5e52-4175-9f57-14bb90f76645}
04-27 17:41:25.260 I/Gecko   (   84): 1398645685268	Marionette	DEBUG	Got request: switchToFrame, data: {"to":"0","sessionId":"3-b2g","name":"switchToFrame","parameters":{"id":null,"focus":true}}, id: {52650bcb-85ee-4742-bc69-28bff13b37fc}
04-27 17:41:25.260 I/Gecko   (   84): 1398645685269	Marionette	INFO	Switched to frame: {"frameValue":null}
04-27 17:41:25.370 I/Gecko   (   84): 1398645685379	Marionette	INFO	sendToClient: {"from":"0","ok":true}, {52650bcb-85ee-4742-bc69-28bff13b37fc}, {52650bcb-85ee-4742-bc69-28bff13b37fc}
04-27 17:41:25.600 I/Gecko   (   84): 1398645685604	Marionette	DEBUG	Got request: executeWithCallback, data: {"to":"0","sessionId":"3-b2g","name":"executeAsyncScript","parameters":{"specialPowers":false,"scriptTimeout":30000,"newSandbox":true,"args":[],"filename":"app_checker.py","script":"GaiaApps.launchWithManifestURL('http://picross.penduin.net/manifest.webapp')","line":106}}, id: {86b4dfa2-9bb9-402c-b2e6-f06935e2ff84}
04-27 17:41:25.830 I/Gonk    (   84): Setting nice for pid 4762 to 18
04-27 17:41:25.840 I/Gonk    (   84): Changed nice for pid 4762 from 18 to 18.
04-27 17:41:25.840 I/Gecko   (   84): [Parent 84] WARNING: waitpid failed pid:4762 errno:10: file ../../../gecko/ipc/chromium/src/base/process_util_posix.cc, line 254
04-27 17:41:25.860 I/Gonk    (   84): Setting nice for pid 4762 to 1
04-27 17:41:25.860 I/Gonk    (   84): Changed nice for pid 4762 from 18 to 1.
04-27 17:41:25.870 V/AudioPolicyManagerBase(   89): startOutput() output 1, stream 1, session 9
04-27 17:41:25.870 V/AudioPolicyManagerBase(   89): changeRefCount() stream 1, count 1
04-27 17:41:25.870 V/AudioPolicyManagerBase(   89): getDeviceForStrategy() from cache strategy 0, device 2
04-27 17:41:25.870 V/AudioPolicyManagerBase(   89): getNewDevice() selected device 2
04-27 17:41:25.870 D/AudioPolicyManagerBase(   89): setOutputDevice() output 1 device 2 delayMs 0
04-27 17:41:25.870 V/AudioPolicyManagerBase(   89): setOutputDevice() setting same device 2 or null device for output 1
04-27 17:41:25.870 E/AudioPolicyManagerBase(   89): checkAndSetVolume stream=1, index=0, output=1, device=2
04-27 17:41:25.870 E/AudioPolicyManagerBase(   89): computeVolume, streamDesc=0x31bbb8
04-27 17:41:25.920 W/AudioFlinger(   89): Thread AudioOut_1 cannot connect to the power manager service
04-27 17:41:25.920 V/AudioPolicyManagerBase(   89): stopOutput() output 1, stream 1, session 9
04-27 17:41:25.920 V/AudioPolicyManagerBase(   89): changeRefCount() stream 1, count 0
04-27 17:41:25.920 V/AudioPolicyManagerBase(   89): getNewDevice() selected device 0
04-27 17:41:25.920 D/AudioPolicyManagerBase(   89): setOutputDevice() output 1 device 0 delayMs 290
04-27 17:41:25.920 V/AudioPolicyManagerBase(   89): setOutputDevice() setting same device 0 or null device for output 1
04-27 17:41:25.930 E/GeckoConsole(   84): Content JS LOG at dummy file:334 in GaiaApps.launch: launching app with name 'Picross'
04-27 17:41:25.930 V/AudioPolicyManagerBase(   89): startOutput() output 1, stream 1, session 9
04-27 17:41:25.930 V/AudioPolicyManagerBase(   89): changeRefCount() stream 1, count 1
04-27 17:41:25.930 V/AudioPolicyManagerBase(   89): getDeviceForStrategy() from cache strategy 0, device 2
04-27 17:41:25.930 V/AudioPolicyManagerBase(   89): getNewDevice() selected device 2
04-27 17:41:25.930 D/AudioPolicyManagerBase(   89): setOutputDevice() output 1 device 2 delayMs 0
04-27 17:41:25.930 V/AudioPolicyManagerBase(   89): setOutputDevice() setting same device 2 or null device for output 1
04-27 17:41:25.930 E/AudioPolicyManagerBase(   89): checkAndSetVolume stream=1, index=0, output=1, device=2
04-27 17:41:25.930 E/AudioPolicyManagerBase(   89): computeVolume, streamDesc=0x31bbb8
04-27 17:41:25.940 V/AudioPolicyManagerBase(   89): stopOutput() output 1, stream 1, session 9
04-27 17:41:25.940 V/AudioPolicyManagerBase(   89): changeRefCount() stream 1, count 0
04-27 17:41:25.940 V/AudioPolicyManagerBase(   89): getNewDevice() selected device 0
04-27 17:41:25.940 D/AudioPolicyManagerBase(   89): setOutputDevice() output 1 device 0 delayMs 290
04-27 17:41:25.940 V/AudioPolicyManagerBase(   89): setOutputDevice() setting same device 0 or null device for output 1
04-27 17:41:25.940 V/AudioPolicyManagerBase(   89): releaseOutput() 1
04-27 17:41:26.110 E/[Gralloc-ERROR](   84): int gralloc_register_buffer(const gralloc_module_t*, const native_handle_t*):79 Unable to register handle 0x469a6f10 coming from different process: 84
04-27 17:41:26.110 E/[Gralloc-ERROR](   84): int gralloc_register_buffer(const gralloc_module_t*, const native_handle_t*):79 Unable to register handle 0x469a6fb0 coming from different process: 84
04-27 17:41:26.120 E/[Gralloc-ERROR](   84): int gralloc_register_buffer(const gralloc_module_t*, const native_handle_t*):79 Unable to register handle 0x469ad100 coming from different process: 84
04-27 17:41:26.120 E/[Gralloc-ERROR](   84): int gralloc_register_buffer(const gralloc_module_t*, const native_handle_t*):79 Unable to register handle 0x469ad240 coming from different process: 84
04-27 17:41:26.280 D/Sensors (   84): activate handle=0; drv=0
04-27 17:41:26.280 D/Sensors (   84): Lis3dhSensor: Control set 1
04-27 17:41:26.280 D/Sensors (   84): Lis3dhSensor: mEnabled = 1
04-27 17:41:26.340 I/Gonk    (   84): Setting nice for pid 4752 to 18
04-27 17:41:26.340 I/Gonk    (   84): Changed nice for pid 4752 from 1 to 18.
04-27 17:41:26.850 W/WifiHW  (   84): wifi_command: SIGNAL_POLL
04-27 17:41:27.450 I/Gonk    (   84): Setting nice for pid 4858 to 18
04-27 17:41:27.470 I/Gonk    (   84): Changed nice for pid 4858 from 0 to 18.
04-27 17:41:27.610 I/Gecko   (   84): [Parent 84] WARNING: pipe error (116): Connection reset by peer: file ../../../gecko/ipc/chromium/src/chrome/common/ipc_channel_posix.cc, line 446
04-27 17:41:27.620 I/Gecko   (   84): 
04-27 17:41:27.620 I/Gecko   (   84): ###!!! [Parent][MessageChannel] Error: Channel error: cannot send/recv
04-27 17:41:27.620 I/Gecko   (   84): 
04-27 17:41:27.660 I/GeckoDump(   84): Crash reporter : Can't fetch app.reportCrashes. Exception: [Exception... "Component returned failure code: 0x8000ffff (NS_ERROR_UNEXPECTED) [nsIPrefBranch.getBoolPref]"  nsresult: "0x8000ffff (NS_ERROR_UNEXPECTED)"  location: "JS frame :: chrome://browser/content/shell.js :: shell_reportCrash :: line 7"  data: no]
04-27 17:41:27.680 I/Gecko   (   84): [Parent 84] WARNING: waitpid failed pid:4752 errno:10: file ../../../gecko/ipc/chromium/src/base/process_util_posix.cc, line 254
04-27 17:41:27.810 I/Gecko   ( 4762): ###################################### forms.js loaded
04-27 17:41:27.830 I/Gecko   ( 4762): ############################### browserElementPanning.js loaded
04-27 17:41:27.850 I/Gecko   ( 4762): ######################## BrowserElementChildPreload.js loaded
04-27 17:41:28.550 E/GeckoConsole( 4762): [JavaScript Warning: "Unknown property 'user-select'.  Declaration dropped." {file: "http://picross.penduin.net/enyo/enyo.css" line: 51 column: 12 source: "	user-select: none;"}]
04-27 17:41:28.550 E/GeckoConsole( 4762): [JavaScript Warning: "Unknown pseudo-class or pseudo-element 'selection'.  Ruleset ignored due to bad selector." {file: "http://picross.penduin.net/enyo/enyo.css" line: 54 column: 20 source: ".enyo-unselectable::selection, .enyo-unselectable ::selection {"}]
04-27 17:41:28.550 E/GeckoConsole( 4762): [JavaScript Warning: "Unknown property 'user-select'.  Declaration dropped." {file: "http://picross.penduin.net/enyo/enyo.css" line: 63 column: 12 source: "	user-select: text;"}]
04-27 17:41:28.550 E/GeckoConsole( 4762): [JavaScript Warning: "Unknown pseudo-class or pseudo-element 'selection'.  Ruleset ignored due to bad selector." {file: "http://picross.penduin.net/enyo/enyo.css" line: 66 column: 18 source: ".enyo-selectable::selection, .enyo-selectable ::selection {"}]
04-27 17:41:28.550 E/GeckoConsole( 4762): [JavaScript Warning: "Unknown property 'box-sizing'.  Declaration dropped." {file: "http://picross.penduin.net/enyo/enyo.css" line: 88 column: 11 source: "	box-sizing: border-box;"}]
04-27 17:41:28.550 E/GeckoConsole( 4762): [JavaScript Warning: "Unknown property 'box-sizing'.  Declaration dropped." {file: "http://picross.penduin.net/enyo/enyo.css" line: 107 column: 11 source: "	box-sizing: border-box;"}]
04-27 17:41:29.250 E/GeckoConsole( 4762): [JavaScript Warning: "Unknown property 'Xbackground-position'.  Declaration dropped." {file: "http://picross.penduin.net/lib/onyx/source/css/Checkbox.css" line: 14 column: 21 source: "	Xbackground-position: -1px -33px;"}]
04-27 17:41:29.350 E/GeckoConsole( 4762): [JavaScript Warning: "Unknown property 'box-sizing'.  Declaration dropped." {file: "http://picross.penduin.net/lib/onyx/source/css/Toolbar.css" line: 22 column: 11 source: "	box-sizing: border-box;"}]
04-27 17:41:29.360 E/GeckoConsole( 4762): [JavaScript Warning: "Unknown pseudo-class or pseudo-element '-webkit-input-placeholder'.  Ruleset ignored due to bad selector." {file: "http://picross.penduin.net/lib/onyx/source/css/Toolbar.css" line: 59 column: 55 source: ".onyx-toolbar .onyx-input-decorator .onyx-input:focus::-webkit-input-placeholder {"}]
04-27 17:41:29.380 E/GeckoConsole( 4762): [JavaScript Warning: "Error in parsing value for 'background-image'.  Declaration dropped." {file: "http://picross.penduin.net/lib/onyx/source/css/ProgressBar.css" line: 18 column: 19 source: "	background-image: -webkit-gradient(linear, 0 100%, 100% 0, color-stop(0.25, rgba(255, 255, 255, 0.15)), color-stop(0.25, transparent), color-stop(0.5, transparent), color-stop(0.5, rgba(255, 255, 255, 0.15)), color-stop(0.75, rgba(255, 255, 255, 0.15)), color-stop(0.75, transparent), to(transparent));"}]
04-27 17:41:29.380 E/GeckoConsole( 4762): [JavaScript Warning: "Error in parsing value for 'background-image'.  Declaration dropped." {file: "http://picross.penduin.net/lib/onyx/source/css/ProgressBar.css" line: 19 column: 19 source: "	background-image: -webkit-linear-gradient(-45deg, rgba(255, 255, 255, 0.15) 25%, transparent 25%, transparent 50%, rgba(255, 255, 255, 0.15) 50%, rgba(255, 255, 255, 0.15) 75%, transparent 75%, transparent);"}]
04-27 17:41:29.380 E/GeckoConsole( 4762): [JavaScript Warning: "Error in parsing value for 'background-image'.  Declaration dropped." {file: "http://picross.penduin.net/lib/onyx/source/css/ProgressBar.css" line: 21 column: 19 source: "	background-image: -ms-linear-gradient(-45deg, rgba(255, 255, 255, 0.15) 25%, transparent 25%, transparent 50%, rgba(255, 255, 255, 0.15) 50%, rgba(255, 255, 255, 0.15) 75%, transparent 75%, transparent);"}]
04-27 17:41:29.380 E/GeckoConsole( 4762): [JavaScript Warning: "Error in parsing value for 'background-image'.  Declaration dropped." {file: "http://picross.penduin.net/lib/onyx/source/css/ProgressBar.css" line: 22 column: 19 source: "	background-image: -o-linear-gradient(-45deg, rgba(255, 255, 255, 0.15) 25%, transparent 25%, transparent 50%, rgba(255, 255, 255, 0.15) 50%, rgba(255, 255, 255, 0.15) 75%, transparent 75%, transparent);"}]
04-27 17:41:29.680 I/Gecko   (   84): [Parent 84] WARNING: waitpid failed pid:4752 errno:10: file ../../../gecko/ipc/chromium/src/base/process_util_posix.cc, line 254
04-27 17:41:29.680 I/Gecko   (   84): [Parent 84] WARNING: Failed to deliver SIGKILL to 4752!(3).: file ../../../gecko/ipc/chromium/src/chrome/common/process_watcher_posix_sigchld.cc, line 118
04-27 17:41:32.720 W/WifiHW  (   84): wifi_command: SIGNAL_POLL
04-27 17:41:32.870 E/GeckoConsole( 4762): [JavaScript Warning: "Unknown property 'box-sizing'.  Declaration dropped." {file: "http://picross.penduin.net/lib/layout/fittable/source/FittableLayout.css" line: 6 column: 11 source: "	box-sizing: border-box;"}]
04-27 17:41:32.870 E/GeckoConsole( 4762): [JavaScript Warning: "Unknown property 'box-sizing'.  Declaration dropped." {file: "http://picross.penduin.net/lib/layout/fittable/source/FittableLayout.css" line: 42 column: 11 source: "	box-sizing: border-box;"}]
04-27 17:41:33.270 E/GeckoConsole( 4762): [JavaScript Warning: "Unknown property 'box-sizing'.  Declaration dropped." {file: "http://picross.penduin.net/lib/NotificationTheme/css/Badged.css" line: 15 column: 11 source: "	box-sizing: border-box;"}]
04-27 17:41:33.280 E/GeckoConsole( 4762): [JavaScript Warning: "Unknown property 'box-sizing'.  Declaration dropped." {file: "http://picross.penduin.net/lib/NotificationTheme/css/Badged.css" line: 63 column: 11 source: "	box-sizing: border-box;"}]
04-27 17:41:33.440 E/GeckoConsole( 4762): [JavaScript Warning: "Unknown property 'box-sizing'.  Declaration dropped." {file: "http://picross.penduin.net/lib/NotificationTheme/css/MessageBar.css" line: 14 column: 11 source: "	box-sizing: border-box;"}]
04-27 17:41:34.670 E/GeckoConsole( 4762): [JavaScript Warning: "Unknown property '-moz-border-radius'.  Declaration dropped." {file: "http://picross.penduin.net/picross.css" line: 122 column: 19 source: "	-moz-border-radius: 12px;"}]
04-27 17:41:34.670 E/GeckoConsole( 4762): [JavaScript Warning: "Unknown property '-moz-box-shadow'.  Declaration dropped." {file: "http://picross.penduin.net/picross.css" line: 123 column: 16 source: "	-moz-box-shadow: 0px 5px 20px rgba(0, 0, 0, 0.5);"}]
04-27 17:41:36.560 E/GeckoConsole(   84): [JavaScript Error: "Error installing app from: http://picross.penduin.net: MULTIPLE_APPS_PER_ORIGIN_FORBIDDEN" {file: "resource://gre/modules/Webapps.jsm" line: 215}]
04-27 17:41:37.190 I/Gonk    (   84): Setting nice for pid 4858 to 18
04-27 17:41:37.190 I/Gonk    (   84): Changed nice for pid 4858 from 18 to 18.
04-27 17:41:37.190 I/Gecko   (   84): [Parent 84] WARNING: waitpid failed pid:4858 errno:10: file ../../../gecko/ipc/chromium/src/base/process_util_posix.cc, line 254
04-27 17:41:37.190 I/Gonk    (   84): Setting nice for pid 4858 to 1
04-27 17:41:37.190 I/Gonk    (   84): Changed nice for pid 4858 from 18 to 1.
04-27 17:41:37.230 I/Gonk    (   84): Setting nice for pid 4858 to 18
04-27 17:41:37.230 I/Gonk    (   84): Changed nice for pid 4858 from 1 to 18.
04-27 17:41:37.380 I/Gecko   (   84): 1398645697383	Marionette	INFO	sendToClient: {"from":"0","value":{"frame":{"ELEMENT":"{2d4b54a6-ca62-4bdc-8ad9-d4515d7758c6}"},"src":"http://picross.penduin.net/index.html","name":"Picross","origin":"http://picross.penduin.net"}}, {86b4dfa2-9bb9-402c-b2e6-f06935e2ff84}, {86b4dfa2-9bb9-402c-b2e6-f06935e2ff84}
04-27 17:41:37.380 E/GeckoConsole(   84): Content JS LOG at dummy file:326 in GaiaApps.launch/appOpen/<: app with origin 'http://picross.penduin.net' has launched
04-27 17:41:37.380 E/[Gralloc-ERROR](   84): int gralloc_unregister_buffer(const gralloc_module_t*, const native_handle_t*):274 Trying to unregister buffer 0x469a6fb0 from process 84 that was not created in current process: 84
04-27 17:41:37.380 E/[Gralloc-ERROR](   84): int gralloc_unregister_buffer(const gralloc_module_t*, const native_handle_t*):274 Trying to unregister buffer 0x469a6f10 from process 84 that was not created in current process: 84
04-27 17:41:37.380 E/[Gralloc-ERROR](   84): int gralloc_unregister_buffer(const gralloc_module_t*, const native_handle_t*):274 Trying to unregister buffer 0x469ad100 from process 84 that was not created in current process: 84
04-27 17:41:37.380 E/[Gralloc-ERROR](   84): int gralloc_unregister_buffer(const gralloc_module_t*, const native_handle_t*):274 Trying to unregister buffer 0x469ad240 from process 84 that was not created in current process: 84
04-27 17:41:37.400 I/Gecko   (   84): 1398645697405	Marionette	DEBUG	Got request: switchToFrame, data: {"to":"0","sessionId":"3-b2g","name":"switchToFrame","parameters":{"focus":true,"element":"{2d4b54a6-ca62-4bdc-8ad9-d4515d7758c6}"}}, id: {987cf9a1-1d0f-4f72-8c37-17c37491edd7}
04-27 17:41:37.420 I/Gecko   (   84): 1398645697425	Marionette	INFO	Switched to frame: {"frameValue":"{2d4b54a6-ca62-4bdc-8ad9-d4515d7758c6}"}
04-27 17:41:37.420 I/Gecko   (   84): 1398645697427	Marionette	INFO	trying remote frame 0
04-27 17:41:37.430 I/Gecko   (   84): 1398645697433	Marionette	INFO	trying remote frame 1
04-27 17:41:37.430 I/Gecko   (   84): 1398645697434	Marionette	INFO	trying remote frame 2
04-27 17:41:37.430 I/Gecko   (   84): 1398645697435	Marionette	INFO	trying remote frame 3
04-27 17:41:37.430 I/Gecko   (   84): 1398645697436	Marionette	INFO	trying remote frame 4
04-27 17:41:37.430 I/Gecko   (   84): 1398645697436	Marionette	INFO	trying remote frame 5
04-27 17:41:37.430 I/Gecko   (   84): 1398645697437	Marionette	INFO	trying remote frame 6
04-27 17:41:37.430 I/Gecko   (   84): 1398645697438	Marionette	INFO	deleting frame
04-27 17:41:37.430 I/Gecko   (   84): 1398645697443	Marionette	INFO	frame-manager load script: [object ChromeMessageSender]
04-27 17:41:38.350 W/WifiHW  (   84): wifi_command: SIGNAL_POLL
04-27 17:41:38.370 I/Gecko   (   84): 
04-27 17:41:38.370 I/Gecko   (   84): ###!!! [Parent][MessageChannel] Error: Channel error: cannot send/recv
04-27 17:41:38.370 I/Gecko   (   84): 
04-27 17:41:38.480 I/GeckoDump(   84): Crash reporter : Can't fetch app.reportCrashes. Exception: [Exception... "Component returned failure code: 0x8000ffff (NS_ERROR_UNEXPECTED) [nsIPrefBranch.getBoolPref]"  nsresult: "0x8000ffff (NS_ERROR_UNEXPECTED)"  location: "JS frame :: chrome://browser/content/shell.js :: shell_reportCrash :: line 7"  data: no]
04-27 17:41:38.520 I/Gecko   (   84): 1398645698533	Marionette	INFO	sendToClient: {"from":"0","ok":true}, {987cf9a1-1d0f-4f72-8c37-17c37491edd7}, {987cf9a1-1d0f-4f72-8c37-17c37491edd7}
04-27 17:41:38.540 I/Gecko   (   84): [Parent 84] WARNING: waitpid failed pid:4858 errno:10: file ../../../gecko/ipc/chromium/src/base/process_util_posix.cc, line 254
04-27 17:41:38.610 I/Gecko   (   84): 1398645698621	Marionette	INFO	sendToClient: {"from":"0","value":"http://picross.penduin.net/index.html"}, {46088a2b-f921-4098-a2ba-921f0726ddd3}, {46088a2b-f921-4098-a2ba-921f0726ddd3}
04-27 17:41:38.620 I/Gecko   (   84): 1398645698628	Marionette	DEBUG	Got request: execute, data: {"to":"0","sessionId":"3-b2g","name":"executeScript","parameters":{"specialPowers":false,"scriptTimeout":null,"newSandbox":true,"args":[],"filename":"app_checker.py","script":"return window.document.readyState;","line":191}}, id: {ec54a9ea-7092-4d7b-ac1e-a1b91fcfea5d}
04-27 17:41:38.650 I/Gecko   (   84): 1398645698656	Marionette	INFO	sendToClient: {"from":"0","value":"complete"}, {ec54a9ea-7092-4d7b-ac1e-a1b91fcfea5d}, {ec54a9ea-7092-4d7b-ac1e-a1b91fcfea5d}
04-27 17:41:38.660 I/Gecko   (   84): 1398645698664	Marionette	INFO	sendToClient: {"from":"0","value":"http://picross.penduin.net/index.html"}, {a29a576c-4271-4938-9935-71d45aa98332}, {a29a576c-4271-4938-9935-71d45aa98332}
04-27 17:41:38.670 I/Gecko   ( 4762): Attempting load of libEGL.so
04-27 17:41:38.720 D/libEGL  ( 4762): loaded /system/lib/egl/libEGL_mali.so
04-27 17:41:38.780 D/libEGL  ( 4762): loaded /system/lib/egl/libGLESv1_CM_mali.so
04-27 17:41:38.780 D/libEGL  ( 4762): loaded /system/lib/egl/libGLESv2_mali.so
04-27 17:41:38.800 I/Gecko   ( 4762): SharedSurface_Gralloc::Create -------
04-27 17:41:38.820 I/Gecko   ( 4762): SharedSurface_Gralloc::Create: success -- surface 0x43d5ba00, GraphicBuffer 0x43d47e00.
04-27 17:41:39.810 I/Gecko   (   84): 1398645699815	Marionette	INFO	sendToClient: {"from":"0","value":"iVBORw0KGgoAAAANSUhEUgAAAUAAAAHMCAYAAACk4nEJAAAgAElEQVR4nOyd+XMUR5r++Sv2+8NM7I4nNmY2Efd9Y3xhAzaHWXPY4MEYGxCXLAuQG4ERQoAQAgnRIJAEEjq4BEgICR2tCwECCXEYAwaEOXzgIQbvbnh3dsYbfr4/QKWzst6sahhDt6xXEU+0Kiuruqoy81PPm5lV3WnQoEFgsVisjqhOgwYNwpgxY1gsFqtDiQHIYrE6rBiALBarw4oByGKxOqwYgCwWq8OKAchisTqsGIAsFqvDigHIYrE6rBiALBarw4oByGKxOqwYgCwWq8OKAchisTqsGIAsFqvDigHYzjR9+nRUVVXZVFhYaFvOzc115FmzZo0jLTk52bZcUVGBAwcO2NKys7Md2yUkJDjSQn1dWKwnEQOwnYkByGL9cmIAtjMxAFmsX04MwHamYAFYWVmJqqoqlJeXo7KykgHIYhFiALYzPY4DLCsrw8cff8wOkMUyiAHYzvQ4DrCmpgY7duxgALJYBjEA25keB4DV1dUIBAIyBLbSampqUFlZ6QrAiooKBiDrVy8GYDvT44TABQUFmDt3LmpqarBmzRpUV1cjLS0Ny5YtQyAQMAKwpKQEs2bNQnFxMQOQ9asWA7Cd6XEAuG/fPixatAiBQEACcMuWLUhMTHQFYGlpKT744AMcOXKEAcj6VYsB2M40ffp02b9nhbKFhYWorKxEXV2dLQSuqqrC8ePHbSFwTU0NGhoaZAhspQUCAVsI3NjYaAuBrXyVlZVISEiQ4XRtbS0qKytDfl1YrCcRA7CdyXKAK1euxKpVq6QDrKmpwbx583DkyBHpAOvq6hAbGysdYFVVFQ4cOIB58+ahpqZGOsDY2FisX79eAtDa19GjRyUAa2trZehsOcCcnBwsXLgQgUAg5NeFxXoSMQDbmSwAxsbGwufzSQBWV1dj/f
04-27 17:41:40.110 I/Gecko   (   84): 1398645700122	Marionette	INFO	sendToClient: {"from":"0","ok":true}, {1c37f79c-fe05-4ae1-bf6c-35aa0f8d61a7}, {1c37f79c-fe05-4ae1-bf6c-35aa0f8d61a7}
04-27 17:41:40.120 I/Gecko   (   84): 1398645700128	Marionette	DEBUG	Got request: switchToFrame, data: {"to":"0","sessionId":"3-b2g","name":"switchToFrame","parameters":{"id":null,"focus":true}}, id: {4da9f6c3-cc45-443b-9dbe-0d9eac73cf67}
04-27 17:41:40.140 I/Gecko   (   84): 1398645700144	Marionette	INFO	Switched to frame: {"frameValue":null}
04-27 17:41:40.240 I/Gecko   (   84): 1398645700248	Marionette	INFO	sendToClient: {"from":"0","ok":true}, {4da9f6c3-cc45-443b-9dbe-0d9eac73cf67}, {4da9f6c3-cc45-443b-9dbe-0d9eac73cf67}
04-27 17:41:40.250 I/Gecko   (   84): 1398645700256	Marionette	DEBUG	Got request: executeWithCallback, data: {"to":"0","sessionId":"3-b2g","name":"executeAsyncScript","parameters":{"specialPowers":false,"scriptTimeout":null,"newSandbox":true,"args":[],"filename":"gaia_test.py","script":"return GaiaApps.displayedApp();","line":66}}, id: {686bf5a6-4701-4c41-9f81-f8e9fa23b8db}
04-27 17:41:40.350 I/Gecko   (   84): 1398645700358	Marionette	INFO	sendToClient: {"from":"0","value":{"frame":{"ELEMENT":"{2d4b54a6-ca62-4bdc-8ad9-d4515d7758c6}"},"src":"http://picross.penduin.net/index.html","name":"Picross","origin":"http://picross.penduin.net"}}, {686bf5a6-4701-4c41-9f81-f8e9fa23b8db}, {686bf5a6-4701-4c41-9f81-f8e9fa23b8db}
04-27 17:41:40.360 I/Gecko   (   84): 1398645700364	Marionette	DEBUG	Got request: switchToFrame, data: {"to":"0","sessionId":"3-b2g","name":"switchToFrame","parameters":{"id":null,"focus":true}}, id: {415bba29-7c6d-4602-932a-c7e3e24bfe07}
04-27 17:41:40.360 E/GeckoConsole(   84): Content JS LOG at dummy file:392 in GaiaApps.displayedApp: app with origin 'http://picross.penduin.net' is displayed
04-27 17:41:40.360 I/Gecko   (   84): 1398645700369	Marionette	INFO	Switched to frame: {"frameValue":null}
04-27 17:41:40.460 I/Gecko   (   84): 1398645700471	Marionette	INFO	sendToClient: {"from":"0","ok":true}, {415bba29-7c6d-4602-932a-c7e3e24bfe07}, {415bba29-7c6d-4602-932a-c7e3e24bfe07}
04-27 17:41:40.470 I/Gecko   (   84): 1398645700476	Marionette	DEBUG	Got request: execute, data: {"to":"0","sessionId":"3-b2g","name":"executeScript","parameters":{"specialPowers":false,"scriptTimeout":null,"newSandbox":true,"args":[],"filename":"gaia_test.py","script":"window.wrappedJSObject.dispatchEvent(new Event('home'));","line":788}}, id: {c5eb87df-14ee-4d59-8642-6efbaa8f5113}
04-27 17:41:40.550 I/Gecko   (   84): [Parent 84] WARNING: waitpid failed pid:4858 errno:10: file ../../../gecko/ipc/chromium/src/base/process_util_posix.cc, line 254
04-27 17:41:40.550 I/Gecko   (   84): [Parent 84] WARNING: Failed to deliver SIGKILL to 4858!(3).: file ../../../gecko/ipc/chromium/src/chrome/common/process_watcher_posix_sigchld.cc, line 118
04-27 17:41:40.620 D/Sensors (   84): activate handle=0; drv=0
04-27 17:41:40.630 D/Sensors (   84): Lis3dhSensor: Control set 0
04-27 17:41:40.630 D/Sensors (   84): Lis3dhSensor: mEnabled = 0
04-27 17:41:40.770 I/Gonk    (   84): Setting nice for pid 4883 to 18
04-27 17:41:40.770 I/Gonk    (   84): Changed nice for pid 4883 from 0 to 18.
04-27 17:41:40.800 I/Gecko   (   84): 1398645700804	Marionette	INFO	sendToClient: {"from":"0","value":null}, {c5eb87df-14ee-4d59-8642-6efbaa8f5113}, {c5eb87df-14ee-4d59-8642-6efbaa8f5113}
04-27 17:41:40.840 I/Gonk    (   84): Setting nice for pid 4883 to 18
04-27 17:41:40.840 I/Gonk    (   84): Changed nice for pid 4883 from 18 to 18.
04-27 17:41:40.840 I/Gecko   (   84): [Parent 84] WARNING: waitpid failed pid:4883 errno:10: file ../../../gecko/ipc/chromium/src/base/process_util_posix.cc, line 254
04-27 17:41:40.840 I/Gonk    (   84): Setting nice for pid 4883 to 1
04-27 17:41:40.840 I/Gonk    (   84): Changed nice for pid 4883 from 18 to 1.
04-27 17:41:40.860 I/Gecko   (   84): 1398645700863	Marionette	DEBUG	Got request: switchToFrame, data: {"to":"0","sessionId":"3-b2g","name":"switchToFrame","parameters":{"id":null,"focus":true}}, id: {a47cb3d2-8660-4f0f-95bc-a4e59aefa16d}
04-27 17:41:40.860 I/Gecko   (   84): 1398645700865	Marionette	INFO	Switched to frame: {"frameValue":null}
04-27 17:41:40.960 I/Gecko   (   84): 1398645700968	Marionette	INFO	sendToClient: {"from":"0","ok":true}, {a47cb3d2-8660-4f0f-95bc-a4e59aefa16d}, {a47cb3d2-8660-4f0f-95bc-a4e59aefa16d}
04-27 17:41:40.970 I/Gecko   (   84): 1398645700974	Marionette	DEBUG	Got request: executeWithCallback, data: {"to":"0","sessionId":"3-b2g","name":"executeAsyncScript","parameters":{"specialPowers":false,"scriptTimeout":null,"newSandbox":true,"args":[],"filename":"gaia_test.py","script":"return GaiaApps.displayedApp();","line":66}}, id: {3e61d43d-e2c1-4bb1-899e-79bc04e69e02}
04-27 17:41:41.030 E/GeckoConsole(   84): Content JS LOG at dummy file:392 in GaiaApps.displayedApp: app with origin 'app://homescreen.gaiamobile.org' is displayed
04-27 17:41:41.030 I/Gecko   (   84): 1398645701038	Marionette	INFO	sendToClient: {"from":"0","value":{"frame":{"ELEMENT":"{a24b9045-1ed8-4ef4-8dc6-baf9222cc198}"},"src":"app://homescreen.gaiamobile.org/index.html#root","name":"Homescreen","origin":"app://homescreen.gaiamobile.org"}}, {3e61d43d-e2c1-4bb1-899e-79bc04e69e02}, {3e61d43d-e2c1-4bb1-899e-79bc04e69e02}
04-27 17:41:41.040 I/Gecko   (   84): 1398645701044	Marionette	DEBUG	Got request: switchToFrame, data: {"to":"0","sessionId":"3-b2g","name":"switchToFrame","parameters":{"id":null,"focus":true}}, id: {74c86f28-b168-45b6-a6c7-bb3fcf1737fa}
04-27 17:41:41.040 I/Gecko   (   84): 1398645701046	Marionette	INFO	Switched to frame: {"frameValue":null}
04-27 17:41:41.140 I/Gecko   (   84): 1398645701148	Marionette	INFO	sendToClient: {"from":"0","ok":true}, {74c86f28-b168-45b6-a6c7-bb3fcf1737fa}, {74c86f28-b168-45b6-a6c7-bb3fcf1737fa}
04-27 17:41:41.150 I/Gecko   (   84): 1398645701154	Marionette	DEBUG	Got request: switchToFrame, data: {"to":"0","sessionId":"3-b2g","name":"switchToFrame","parameters":{"id":null,"focus":true}}, id: {a482711e-5976-4e1e-8d75-171627088fab}
04-27 17:41:41.150 I/Gecko   (   84): 1398645701156	Marionette	INFO	Switched to frame: {"frameValue":null}
04-27 17:41:41.260 I/Gecko   (   84): 1398645701265	Marionette	INFO	sendToClient: {"from":"0","ok":true}, {a482711e-5976-4e1e-8d75-171627088fab}, {a482711e-5976-4e1e-8d75-171627088fab}
04-27 17:41:41.260 I/Gecko   (   84): 1398645701272	Marionette	DEBUG	Got request: executeWithCallback, data: {"to":"0","sessionId":"3-b2g","name":"executeAsyncScript","parameters":{"specialPowers":false,"scriptTimeout":null,"newSandbox":true,"args":[],"filename":"gaia_test.py","script":"return GaiaApps.displayedApp();","line":66}}, id: {dd8a044b-b009-43b4-9fa5-2e6a9330197a}
04-27 17:41:41.320 I/Gecko   (   84): 1398645701324	Marionette	INFO	sendToClient: {"from":"0","value":{"frame":{"ELEMENT":"{a24b9045-1ed8-4ef4-8dc6-baf9222cc198}"},"src":"app://homescreen.gaiamobile.org/index.html#root","name":"Homescreen","origin":"app://homescreen.gaiamobile.org"}}, {dd8a044b-b009-43b4-9fa5-2e6a9330197a}, {dd8a044b-b009-43b4-9fa5-2e6a9330197a}
04-27 17:41:41.320 E/GeckoConsole(   84): Content JS LOG at dummy file:392 in GaiaApps.displayedApp: app with origin 'app://homescreen.gaiamobile.org' is displayed
04-27 17:41:41.350 I/Gecko   (   84): 1398645701360	Marionette	DEBUG	Got request: switchToFrame, data: {"to":"0","sessionId":"3-b2g","name":"switchToFrame","parameters":{"focus":true,"element":"{a24b9045-1ed8-4ef4-8dc6-baf9222cc198}"}}, id: {f43651f6-1870-463d-b976-4aefead82445}
04-27 17:41:41.360 I/Gecko   (   84): 1398645701370	Marionette	INFO	Switched to frame: {"frameValue":"{a24b9045-1ed8-4ef4-8dc6-baf9222cc198}"}
04-27 17:41:41.390 I/Gecko   (   84): 1398645701396	Marionette	INFO	trying remote frame 0
04-27 17:41:41.420 I/Gecko   (   84): 1398645701425	Marionette	INFO	trying remote frame 1
04-27 17:41:41.420 I/Gecko   (   84): 1398645701426	Marionette	INFO	trying remote frame 2
04-27 17:41:41.420 I/Gecko   (   84): 1398645701427	Marionette	INFO	trying remote frame 3
04-27 17:41:41.420 I/Gecko   (   84): 1398645701428	Marionette	INFO	trying remote frame 4
04-27 17:41:41.420 I/Gecko   (   84): 1398645701429	Marionette	INFO	trying remote frame 5
04-27 17:41:41.420 I/Gecko   (   84): 1398645701430	Marionette	INFO	trying remote frame 6
04-27 17:41:41.430 I/Gecko   (   84): 1398645701434	Marionette	INFO	deleting frame
04-27 17:41:41.430 I/Gecko   (   84): 1398645701439	Marionette	INFO	frame-manager load script: [object ChromeMessageSender]
04-27 17:41:44.470 I/Gonk    (   84): Setting nice for pid 4891 to 18
04-27 17:41:44.480 I/Gonk    (   84): Changed nice for pid 4891 from 0 to 18.
04-27 17:41:44.720 I/Gonk    (   84): Setting nice for pid 4762 to 18
04-27 17:41:44.720 I/Gonk    (   84): Changed nice for pid 4762 from 1 to 18.
04-27 17:41:44.840 W/WifiHW  (   84): wifi_command: SIGNAL_POLL
04-27 17:41:45.700 I/Gecko   ( 4883): ###################################### forms.js loaded
04-27 17:41:45.720 I/Gecko   (   84): [Parent 84] WARNING: pipe error (144): Connection reset by peer: file ../../../gecko/ipc/chromium/src/chrome/common/ipc_channel_posix.cc, line 446
04-27 17:41:45.740 I/Gecko   (   84): 
04-27 17:41:45.740 I/Gecko   (   84): ###!!! [Parent][MessageChannel] Error: Channel error: cannot send/recv
04-27 17:41:45.740 I/Gecko   (   84): 
04-27 17:41:45.830 I/Gecko   ( 4883): ############################### browserElementPanning.js loaded
04-27 17:41:45.860 I/Gecko   ( 4883): ######################## BrowserElementChildPreload.js loaded
04-27 17:41:45.880 I/Gecko   (   84): [Parent 84] WARNING: pipe error (148): Connection reset by peer: file ../../../gecko/ipc/chromium/src/chrome/common/ipc_channel_posix.cc, line 446
04-27 17:41:45.920 I/GeckoDump(   84): Crash reporter : Can't fetch app.reportCrashes. Exception: [Exception... "Component returned failure code: 0x8000ffff (NS_ERROR_UNEXPECTED) [nsIPrefBranch.getBoolPref]"  nsresult: "0x8000ffff (NS_ERROR_UNEXPECTED)"  location: "JS frame :: chrome://browser/content/shell.js :: shell_reportCrash :: line 7"  data: no]
04-27 17:41:45.970 I/Gecko   (   84): [Parent 84] WARNING: waitpid failed pid:4762 errno:10: file ../../../gecko/ipc/chromium/src/base/process_util_posix.cc, line 254
04-27 17:41:47.570 I/Gecko   (   84): 1398645707581	Marionette	INFO	sendToClient: {"from":"0","ok":true}, {f43651f6-1870-463d-b976-4aefead82445}, {f43651f6-1870-463d-b976-4aefead82445}
04-27 17:41:47.970 I/Gecko   (   84): [Parent 84] WARNING: waitpid failed pid:4762 errno:10: file ../../../gecko/ipc/chromium/src/base/process_util_posix.cc, line 254
04-27 17:41:47.970 I/Gecko   (   84): [Parent 84] WARNING: Failed to deliver SIGKILL to 4762!(3).: file ../../../gecko/ipc/chromium/src/chrome/common/process_watcher_posix_sigchld.cc, line 118
04-27 17:41:48.050 I/Gecko   (   84): 1398645708059	Marionette	INFO	sendToClient: {"from":"0","value":"app://homescreen.gaiamobile.org/index.html#root"}, {7a01feeb-8c8a-43b7-81a1-55a161971718}, {7a01feeb-8c8a-43b7-81a1-55a161971718}
04-27 17:41:48.080 I/Gecko   (   84): 1398645708091	Marionette	DEBUG	Got request: switchToFrame, data: {"to":"0","sessionId":"3-b2g","name":"switchToFrame","parameters":{"id":null,"focus":true}}, id: {0e89d25e-1d8e-4173-9c65-c907474c69aa}
04-27 17:41:48.120 I/Gecko   (   84): 1398645708132	Marionette	INFO	Switched to frame: {"frameValue":null}
04-27 17:41:48.230 I/Gecko   (   84): 1398645708238	Marionette	INFO	sendToClient: {"from":"0","ok":true}, {0e89d25e-1d8e-4173-9c65-c907474c69aa}, {0e89d25e-1d8e-4173-9c65-c907474c69aa}
04-27 17:41:48.240 I/Gecko   (   84): 1398645708246	Marionette	DEBUG	Got request: switchToFrame, data: {"to":"0","sessionId":"3-b2g","name":"switchToFrame","parameters":{"id":null,"focus":true}}, id: {a5787842-b3cd-4995-8772-8cbe12c22abb}
04-27 17:41:48.240 I/Gecko   (   84): 1398645708248	Marionette	INFO	Switched to frame: {"frameValue":null}
04-27 17:41:48.350 I/Gecko   (   84): 1398645708353	Marionette	INFO	sendToClient: {"from":"0","ok":true}, {a5787842-b3cd-4995-8772-8cbe12c22abb}, {a5787842-b3cd-4995-8772-8cbe12c22abb}
04-27 17:41:48.350 I/Gecko   (   84): 1398645708361	Marionette	DEBUG	Got request: executeWithCallback, data: {"to":"0","sessionId":"3-b2g","name":"executeAsyncScript","parameters":{"specialPowers":false,"scriptTimeout":null,"newSandbox":true,"args":[],"filename":"gaia_test.py","script":"GaiaApps.killAll()","line":91}}, id: {97894b03-b1f3-4fc0-b62b-4d92144c0782}
04-27 17:41:48.390 I/Gecko   (   84): 1398645708402	Marionette	INFO	sendToClient: {"from":"0","value":true}, {97894b03-b1f3-4fc0-b62b-4d92144c0782}, {97894b03-b1f3-4fc0-b62b-4d92144c0782}
04-27 17:41:48.420 I/Gecko   (   84): 1398645708426	Marionette	DEBUG	Got request: switchToFrame, data: {"to":"0","sessionId":"3-b2g","name":"switchToFrame","parameters":{"id":null,"focus":true}}, id: {1e4aa64e-9b52-445f-a4a2-25399136aa96}
04-27 17:41:48.420 I/Gecko   (   84): 1398645708428	Marionette	INFO	Switched to frame: {"frameValue":null}
04-27 17:41:48.800 I/Gecko   (   84): 1398645708810	Marionette	INFO	sendToClient: {"from":"0","ok":true}, {1e4aa64e-9b52-445f-a4a2-25399136aa96}, {1e4aa64e-9b52-445f-a4a2-25399136aa96}
04-27 17:41:48.830 I/Gecko   (   84): 1398645708836	Marionette	DEBUG	Got request: executeWithCallback, data: {"to":"0","sessionId":"3-b2g","name":"executeAsyncScript","parameters":{"specialPowers":false,"scriptTimeout":60000,"newSandbox":true,"args":[],"filename":"app_checker.py","script":"\n        GaiaApps.locateWithManifestURL('http://picross.penduin.net/manifest.webapp',\n                                       null,\n                                       function uninstall(app) {\n                                       navigator.mozApps.mgmt.uninstall(app);\n                                       marionetteScriptFinished(true);\n                                       });\n        ","line":129}}, id: {0a18d0f5-3202-4e72-9c0c-5f8c9d9fb87e}
04-27 17:41:48.900 I/Gecko   (   84): -- webapps.js uninstall http://picross.penduin.net/manifest.webapp
04-27 17:41:51.670 I/Gecko   (   84): 1398645711675	Marionette	INFO	sendToClient: {"from":"0","value":true}, {0a18d0f5-3202-4e72-9c0c-5f8c9d9fb87e}, {0a18d0f5-3202-4e72-9c0c-5f8c9d9fb87e}
04-27 17:41:52.150 W/WifiHW  (   84): wifi_command: SIGNAL_POLL