--------- beginning of /dev/log/main
04-25 06:51:34.090 I/Gecko   (   84): 1398433894104	Marionette	INFO	sendToClient: {"from":"0","ok":true}, {816d5fb4-43a5-4c52-9e8e-a0caf0e69df9}, {816d5fb4-43a5-4c52-9e8e-a0caf0e69df9}
04-25 06:51:34.460 I/Gecko   (   84): 1398433894471	Marionette	DEBUG	Got request: switchToFrame, data: {"to":"0","sessionId":"3-b2g","name":"switchToFrame","parameters":{"id":null,"focus":true}}, id: {13fec5b5-e455-4516-810d-5411aa000b76}
04-25 06:51:34.480 I/Gecko   (   84): 1398433894495	Marionette	INFO	Switched to frame: {"frameValue":null}
04-25 06:51:34.490 E/GeckoConsole( 1813): Content JS ERROR at app://homescreen.gaiamobile.org/gaia_build_defer_index.js:390 in loadSVConfFileError: Failed parsing singleVariant configuration file [js/singlevariantconf.json]:  [Exception... "File error: Not found"  nsresult: "0x80520012 (NS_ERROR_FILE_NOT_FOUND)"  location: "JS frame :: app://homescreen.gaiamobile.org/gaia_build_defer_index.js :: loadFile :: line 382"  data: no]
04-25 06:51:34.600 I/Gecko   (   84): 1398433894612	Marionette	INFO	sendToClient: {"from":"0","ok":true}, {13fec5b5-e455-4516-810d-5411aa000b76}, {13fec5b5-e455-4516-810d-5411aa000b76}
04-25 06:51:34.620 I/Gecko   (   84): 1398433894633	Marionette	DEBUG	Got request: executeWithCallback, data: {"to":"0","sessionId":"3-b2g","name":"executeAsyncScript","parameters":{"specialPowers":false,"scriptTimeout":null,"newSandbox":true,"args":[],"filename":"gaia_test.py","script":"return GaiaApps.displayedApp();","line":66}}, id: {1c4ba93c-b0fd-4a87-8432-ec3085559daf}
04-25 06:51:34.730 V/AudioPolicyManagerBase(   89): startOutput() output 1, stream 1, session 5
04-25 06:51:34.730 V/AudioPolicyManagerBase(   89): changeRefCount() stream 1, count 1
04-25 06:51:34.730 V/AudioPolicyManagerBase(   89): getDeviceForStrategy() from cache strategy 0, device 2
04-25 06:51:34.730 V/AudioPolicyManagerBase(   89): getNewDevice() selected device 2
04-25 06:51:34.730 D/AudioPolicyManagerBase(   89): setOutputDevice() output 1 device 2 delayMs 0
04-25 06:51:34.730 V/AudioPolicyManagerBase(   89): setOutputDevice() setting same device 2 or null device for output 1
04-25 06:51:34.730 E/AudioPolicyManagerBase(   89): checkAndSetVolume stream=1, index=0, output=1, device=2
04-25 06:51:34.730 E/AudioPolicyManagerBase(   89): computeVolume, streamDesc=0xf3bbb8
04-25 06:51:34.780 W/AudioFlinger(   89): Thread AudioOut_1 cannot connect to the power manager service
04-25 06:51:34.780 V/AudioPolicyManagerBase(   89): stopOutput() output 1, stream 1, session 5
04-25 06:51:34.780 V/AudioPolicyManagerBase(   89): changeRefCount() stream 1, count 0
04-25 06:51:34.780 V/AudioPolicyManagerBase(   89): getNewDevice() selected device 0
04-25 06:51:34.780 D/AudioPolicyManagerBase(   89): setOutputDevice() output 1 device 0 delayMs 290
04-25 06:51:34.780 V/AudioPolicyManagerBase(   89): setOutputDevice() setting same device 0 or null device for output 1
04-25 06:51:34.790 V/AudioPolicyManagerBase(   89): startOutput() output 1, stream 1, session 5
04-25 06:51:34.790 V/AudioPolicyManagerBase(   89): changeRefCount() stream 1, count 1
04-25 06:51:34.790 V/AudioPolicyManagerBase(   89): getDeviceForStrategy() from cache strategy 0, device 2
04-25 06:51:34.790 V/AudioPolicyManagerBase(   89): getNewDevice() selected device 2
04-25 06:51:34.790 D/AudioPolicyManagerBase(   89): setOutputDevice() output 1 device 2 delayMs 0
04-25 06:51:34.790 V/AudioPolicyManagerBase(   89): setOutputDevice() setting same device 2 or null device for output 1
04-25 06:51:34.790 E/AudioPolicyManagerBase(   89): checkAndSetVolume stream=1, index=0, output=1, device=2
04-25 06:51:34.790 E/AudioPolicyManagerBase(   89): computeVolume, streamDesc=0xf3bbb8
04-25 06:51:34.790 V/AudioPolicyManagerBase(   89): stopOutput() output 1, stream 1, session 5
04-25 06:51:34.790 V/AudioPolicyManagerBase(   89): changeRefCount() stream 1, count 0
04-25 06:51:34.790 V/AudioPolicyManagerBase(   89): getNewDevice() selected device 0
04-25 06:51:34.790 D/AudioPolicyManagerBase(   89): setOutputDevice() output 1 device 0 delayMs 290
04-25 06:51:34.790 V/AudioPolicyManagerBase(   89): setOutputDevice() setting same device 0 or null device for output 1
04-25 06:51:34.800 I/Gecko   (   84): 1398433894817	Marionette	INFO	sendToClient: {"from":"0","value":{"frame":{"ELEMENT":"{0cba4540-fba1-4594-960a-faa09896240b}"},"src":"app://homescreen.gaiamobile.org/index.html#root","name":"Homescreen","origin":"app://homescreen.gaiamobile.org"}}, {1c4ba93c-b0fd-4a87-8432-ec3085559daf}, {1c4ba93c-b0fd-4a87-8432-ec3085559daf}
04-25 06:51:34.810 V/AudioPolicyManagerBase(   89): releaseOutput() 1
04-25 06:51:34.810 E/GeckoConsole(   84): Content JS LOG at dummy file:392 in GaiaApps.displayedApp: app with origin 'app://homescreen.gaiamobile.org' is displayed
04-25 06:51:34.830 I/Gecko   (   84): 1398433894844	Marionette	DEBUG	Got request: switchToFrame, data: {"to":"0","sessionId":"3-b2g","name":"switchToFrame","parameters":{"id":null,"focus":true}}, id: {3d792cb4-caeb-43c1-ba9b-1eef3aa63fb7}
04-25 06:51:34.850 I/Gecko   (   84): 1398433894861	Marionette	INFO	Switched to frame: {"frameValue":null}
04-25 06:51:34.950 I/Gecko   (   84): 1398433894964	Marionette	INFO	sendToClient: {"from":"0","ok":true}, {3d792cb4-caeb-43c1-ba9b-1eef3aa63fb7}, {3d792cb4-caeb-43c1-ba9b-1eef3aa63fb7}
04-25 06:51:34.960 I/Gecko   (   84): 1398433894971	Marionette	DEBUG	Got request: switchToFrame, data: {"to":"0","sessionId":"3-b2g","name":"switchToFrame","parameters":{"id":null,"focus":true}}, id: {38bc07e4-3bf3-4787-ba2f-facdd90d08c0}
04-25 06:51:34.960 I/Gecko   (   84): 1398433894973	Marionette	INFO	Switched to frame: {"frameValue":null}
04-25 06:51:35.060 I/Gecko   (   84): 1398433895075	Marionette	INFO	sendToClient: {"from":"0","ok":true}, {38bc07e4-3bf3-4787-ba2f-facdd90d08c0}, {38bc07e4-3bf3-4787-ba2f-facdd90d08c0}
04-25 06:51:35.070 I/Gecko   (   84): 1398433895082	Marionette	DEBUG	Got request: executeWithCallback, data: {"to":"0","sessionId":"3-b2g","name":"executeAsyncScript","parameters":{"specialPowers":false,"scriptTimeout":null,"newSandbox":true,"args":[],"filename":"gaia_test.py","script":"return GaiaApps.displayedApp();","line":66}}, id: {9640eac0-1025-4edb-8093-7fcb19f308b4}
04-25 06:51:35.140 I/Gecko   (   84): 1398433895153	Marionette	INFO	sendToClient: {"from":"0","value":{"frame":{"ELEMENT":"{0cba4540-fba1-4594-960a-faa09896240b}"},"src":"app://homescreen.gaiamobile.org/index.html#root","name":"Homescreen","origin":"app://homescreen.gaiamobile.org"}}, {9640eac0-1025-4edb-8093-7fcb19f308b4}, {9640eac0-1025-4edb-8093-7fcb19f308b4}
04-25 06:51:35.140 E/GeckoConsole(   84): Content JS LOG at dummy file:392 in GaiaApps.displayedApp: app with origin 'app://homescreen.gaiamobile.org' is displayed
04-25 06:51:35.150 I/Gecko   (   84): 1398433895160	Marionette	DEBUG	Got request: switchToFrame, data: {"to":"0","sessionId":"3-b2g","name":"switchToFrame","parameters":{"focus":true,"element":"{0cba4540-fba1-4594-960a-faa09896240b}"}}, id: {276c3c6b-ade2-4fd7-95f0-33e6209d3c53}
04-25 06:51:35.160 I/Gecko   (   84): 1398433895174	Marionette	INFO	Switched to frame: {"frameValue":"{0cba4540-fba1-4594-960a-faa09896240b}"}
04-25 06:51:35.160 I/Gecko   (   84): 1398433895176	Marionette	INFO	trying remote frame 0
04-25 06:51:35.180 I/Gecko   (   84): 1398433895190	Marionette	INFO	trying remote frame 1
04-25 06:51:35.180 I/Gecko   (   84): 1398433895194	Marionette	INFO	trying remote frame 2
04-25 06:51:35.180 I/Gecko   (   84): 1398433895195	Marionette	INFO	trying remote frame 3
04-25 06:51:35.180 I/Gecko   (   84): 1398433895196	Marionette	INFO	deleting frame
04-25 06:51:35.190 I/Gecko   (   84): 1398433895208	Marionette	INFO	frame-manager load script: [object ChromeMessageSender]
04-25 06:51:35.220 W/WifiHW  (   84): wifi_command: SIGNAL_POLL
04-25 06:51:35.730 I/Gecko   (   84): 1398433895742	Marionette	INFO	sendToClient: {"from":"0","ok":true}, {276c3c6b-ade2-4fd7-95f0-33e6209d3c53}, {276c3c6b-ade2-4fd7-95f0-33e6209d3c53}
04-25 06:51:35.860 I/Gecko   (   84): 1398433895877	Marionette	INFO	sendToClient: {"from":"0","value":{"ELEMENT":"{3c048683-b234-40ac-9a77-c277a3ea45a3}"}}, {e2f42f4e-4b99-420d-868c-82a547a1838a}, {e2f42f4e-4b99-420d-868c-82a547a1838a}
04-25 06:51:36.120 E/GeckoConsole( 1813): [JavaScript Warning: "Use of getAttributeNode() is deprecated. Use getAttribute() instead." {file: "chrome://marionette/content/atoms.js" line: 25}]
04-25 06:51:36.130 E/GeckoConsole( 1813): [JavaScript Warning: "Use of attributes' specified attribute is deprecated. It always returns true." {file: "chrome://marionette/content/atoms.js" line: 25}]
04-25 06:51:36.130 I/Gecko   (   84): 1398433896145	Marionette	INFO	sendToClient: {"from":"0","value":"normal"}, {68cc0a58-3b69-4430-b5e6-7335a0dfdda1}, {68cc0a58-3b69-4430-b5e6-7335a0dfdda1}
04-25 06:51:36.150 I/Gecko   (   84): 1398433896163	Marionette	DEBUG	Got request: switchToFrame, data: {"to":"0","sessionId":"3-b2g","name":"switchToFrame","parameters":{"id":null,"focus":true}}, id: {b7801129-2607-4091-8f04-e8fa522802de}
04-25 06:51:36.160 I/Gecko   (   84): 1398433896178	Marionette	INFO	Switched to frame: {"frameValue":null}
04-25 06:51:36.270 I/Gecko   (   84): 1398433896288	Marionette	INFO	sendToClient: {"from":"0","ok":true}, {b7801129-2607-4091-8f04-e8fa522802de}, {b7801129-2607-4091-8f04-e8fa522802de}
04-25 06:51:36.280 I/Gecko   (   84): 1398433896294	Marionette	DEBUG	Got request: execute, data: {"to":"0","sessionId":"3-b2g","name":"executeScript","parameters":{"specialPowers":false,"scriptTimeout":null,"newSandbox":true,"args":[],"filename":"gaia_test.py","script":"window.wrappedJSObject.dispatchEvent(new Event('home'));","line":788}}, id: {031f18b1-6ec0-4995-91a7-d4c896285f0a}
04-25 06:51:36.370 I/Gecko   (   84): 1398433896383	Marionette	INFO	sendToClient: {"from":"0","value":null}, {031f18b1-6ec0-4995-91a7-d4c896285f0a}, {031f18b1-6ec0-4995-91a7-d4c896285f0a}
04-25 06:51:36.380 I/Gecko   (   84): 1398433896395	Marionette	DEBUG	Got request: switchToFrame, data: {"to":"0","sessionId":"3-b2g","name":"switchToFrame","parameters":{"id":null,"focus":true}}, id: {0c82a020-f860-41a5-b0c1-266a7d411d6d}
04-25 06:51:36.380 I/Gecko   (   84): 1398433896397	Marionette	INFO	Switched to frame: {"frameValue":null}
04-25 06:51:36.490 I/Gecko   (   84): 1398433896502	Marionette	INFO	sendToClient: {"from":"0","ok":true}, {0c82a020-f860-41a5-b0c1-266a7d411d6d}, {0c82a020-f860-41a5-b0c1-266a7d411d6d}
04-25 06:51:36.490 I/Gecko   (   84): 1398433896509	Marionette	DEBUG	Got request: switchToFrame, data: {"to":"0","sessionId":"3-b2g","name":"switchToFrame","parameters":{"id":null,"focus":true}}, id: {ace06b7b-6ee0-45f6-ba01-27fc43d00211}
04-25 06:51:36.500 I/Gecko   (   84): 1398433896511	Marionette	INFO	Switched to frame: {"frameValue":null}
04-25 06:51:36.600 I/Gecko   (   84): 1398433896613	Marionette	INFO	sendToClient: {"from":"0","ok":true}, {ace06b7b-6ee0-45f6-ba01-27fc43d00211}, {ace06b7b-6ee0-45f6-ba01-27fc43d00211}
04-25 06:51:36.610 I/Gecko   (   84): 1398433896620	Marionette	DEBUG	Got request: executeWithCallback, data: {"to":"0","sessionId":"3-b2g","name":"executeAsyncScript","parameters":{"specialPowers":false,"scriptTimeout":null,"newSandbox":true,"args":[],"filename":"gaia_test.py","script":"return GaiaApps.displayedApp();","line":66}}, id: {e7a749e5-5b95-4b07-b91f-8ea70b6fae7b}
04-25 06:51:36.700 E/GeckoConsole(   84): Content JS LOG at dummy file:392 in GaiaApps.displayedApp: app with origin 'app://homescreen.gaiamobile.org' is displayed
04-25 06:51:36.700 I/Gecko   (   84): 1398433896713	Marionette	INFO	sendToClient: {"from":"0","value":{"frame":{"ELEMENT":"{0cba4540-fba1-4594-960a-faa09896240b}"},"src":"app://homescreen.gaiamobile.org/index.html#rootFri%20Apr%2025%202014%2006:51:36%20GMT-0700%20(UTC)","name":"Homescreen","origin":"app://homescreen.gaiamobile.org"}}, {e7a749e5-5b95-4b07-b91f-8ea70b6fae7b}, {e7a749e5-5b95-4b07-b91f-8ea70b6fae7b}
04-25 06:51:36.710 I/Gecko   (   84): 1398433896719	Marionette	DEBUG	Got request: switchToFrame, data: {"to":"0","sessionId":"3-b2g","name":"switchToFrame","parameters":{"focus":true,"element":"{0cba4540-fba1-4594-960a-faa09896240b}"}}, id: {e45ca674-775b-414c-802c-582044ca17af}
04-25 06:51:36.710 I/Gecko   (   84): 1398433896724	Marionette	INFO	Switched to frame: {"frameValue":"{0cba4540-fba1-4594-960a-faa09896240b}"}
04-25 06:51:36.720 I/Gecko   (   84): 1398433896736	Marionette	INFO	trying remote frame 0
04-25 06:51:36.720 I/Gecko   (   84): 1398433896737	Marionette	INFO	trying remote frame 1
04-25 06:51:36.720 I/Gecko   (   84): 1398433896738	Marionette	INFO	trying remote frame 2
04-25 06:51:36.720 I/Gecko   (   84): 1398433896739	Marionette	INFO	trying remote frame 3
04-25 06:51:36.800 I/Gecko   (   84): 1398433896814	Marionette	INFO	sendToClient: {"from":"0","ok":true}, {e45ca674-775b-414c-802c-582044ca17af}, {e45ca674-775b-414c-802c-582044ca17af}
04-25 06:51:36.810 I/Gecko   (   84): 1398433896821	Marionette	DEBUG	Got request: execute, data: {"to":"0","sessionId":"3-b2g","name":"executeScript","parameters":{"specialPowers":false,"scriptTimeout":null,"newSandbox":true,"args":[],"filename":"gaia_test.py","script":"return window.wrappedJSObject.GridManager.pageHelper.getCurrentPageNumber();","line":784}}, id: {f0eb7452-6eaf-4a99-835d-67499fc5fdaf}
04-25 06:51:37.000 I/Gecko   (   84): 1398433897018	Marionette	INFO	sendToClient: {"from":"0","value":0}, {f0eb7452-6eaf-4a99-835d-67499fc5fdaf}, {f0eb7452-6eaf-4a99-835d-67499fc5fdaf}
04-25 06:51:38.280 I/Gecko   (   84): 1398433898294	Marionette	INFO	sendToClient: {"from":"0","value":["{f91203f5-554c-4b2f-9981-dd078198acdb}","{6b0eae8d-5a04-41e0-a82a-ba8314638853}","{b1a028bc-47f9-4292-ae5f-effbc07e22f3}","{a058a478-8d8c-45b7-a12f-07f96a767030}","{ee0b2e40-b190-4878-808c-3e34cd0ae17b}","{f9496844-0c8b-44d1-9c10-746e94c08884}","{61117a84-f7d6-4a86-8a37-7ecf317424f3}","{4a311e6e-311a-41ee-a389-5aec8af660f6}","{bf0e73d9-d432-467a-8a28-888ca4b769ff}","{5ab036be-9b6a-4eda-8707-7c9f587bbf1f}","{7d3634de-a507-43fb-9d4c-0083d8311c2c}","{b846428c-5db1-445b-add0-757187bfe4f4}","{79218f7e-0d22-4b05-bee4-65545335b2e9}","{b1f70e65-2fd3-44fd-9a90-0a6f2a01526f}","{362851a9-a985-4387-803a-57483d2d3531}","{c9a09d6a-51bb-48f5-b11b-dcb6a2b99bd0}","{477967ff-1716-46e0-82dd-cbba2c874b9b}","{5f94a025-d452-45bf-b202-b1d6a6bbcfdf}","{8049bb2d-855f-49e2-8ad0-c1e26b97a503}","{ddedb868-a471-4f5c-85b9-052faa4fb3b8}","{0456efe4-b0d1-4088-89cf-92d87a06e760}","{a8644cb8-88b1-4e15-90ad-f2bcb2882877}","{cecaceaf-e970-420c-8598-c41db5804a3f}","{c6e88c6b-71db
04-25 06:51:38.290 E/GeckoConsole( 1813): Content JS WARN at app://homescreen.gaiamobile.org/gaia_build_defer_index.js:184 in isHiddenApp: Unexpected role when checking hidden app: undefined
04-25 06:51:38.290 E/GeckoConsole( 1813): Content JS WARN at app://homescreen.gaiamobile.org/gaia_build_defer_index.js:184 in isHiddenApp: Unexpected role when checking hidden app: undefined
04-25 06:51:38.300 E/GeckoConsole( 1813): Content JS WARN at app://homescreen.gaiamobile.org/gaia_build_defer_index.js:184 in isHiddenApp: Unexpected role when checking hidden app: undefined
04-25 06:51:38.300 E/GeckoConsole( 1813): Content JS WARN at app://homescreen.gaiamobile.org/gaia_build_defer_index.js:184 in isHiddenApp: Unexpected role when checking hidden app: undefined
04-25 06:51:38.300 E/GeckoConsole( 1813): Content JS WARN at app://homescreen.gaiamobile.org/gaia_build_defer_index.js:184 in isHiddenApp: Unexpected role when checking hidden app: undefined
04-25 06:51:38.300 E/GeckoConsole( 1813): Content JS WARN at app://homescreen.gaiamobile.org/gaia_build_defer_index.js:184 in isHiddenApp: Unexpected role when checking hidden app: undefined
04-25 06:51:38.300 E/GeckoConsole( 1813): Content JS WARN at app://homescreen.gaiamobile.org/gaia_build_defer_index.js:184 in isHiddenApp: Unexpected role when checking hidden app: undefined
04-25 06:51:38.300 E/GeckoConsole( 1813): Content JS WARN at app://homescreen.gaiamobile.org/gaia_build_defer_index.js:184 in isHiddenApp: Unexpected role when checking hidden app: undefined
04-25 06:51:38.300 E/GeckoConsole( 1813): Content JS WARN at app://homescreen.gaiamobile.org/gaia_build_defer_index.js:184 in isHiddenApp: Unexpected role when checking hidden app: undefined
04-25 06:51:38.300 E/GeckoConsole( 1813): Content JS WARN at app://homescreen.gaiamobile.org/gaia_build_defer_index.js:184 in isHiddenApp: Unexpected role when checking hidden app: undefined
04-25 06:51:38.300 E/GeckoConsole( 1813): Content JS WARN at app://homescreen.gaiamobile.org/gaia_build_defer_index.js:184 in isHiddenApp: Unexpected role when checking hidden app: undefined
04-25 06:51:38.300 E/GeckoConsole( 1813): Content JS WARN at app://homescreen.gaiamobile.org/gaia_build_defer_index.js:184 in isHiddenApp: Unexpected role when checking hidden app: undefined
04-25 06:51:38.300 E/GeckoConsole( 1813): Content JS WARN at app://homescreen.gaiamobile.org/gaia_build_defer_index.js:184 in isHiddenApp: Unexpected role when checking hidden app: undefined
04-25 06:51:38.300 E/GeckoConsole( 1813): Content JS WARN at app://homescreen.gaiamobile.org/gaia_build_defer_index.js:184 in isHiddenApp: Unexpected role when checking hidden app: undefined
04-25 06:51:38.300 E/GeckoConsole( 1813): Content JS WARN at app://homescreen.gaiamobile.org/gaia_build_defer_index.js:184 in isHiddenApp: Unexpected role when checking hidden app: undefined
04-25 06:51:38.300 E/GeckoConsole( 1813): Content JS WARN at app://homescreen.gaiamobile.org/gaia_build_defer_index.js:184 in isHiddenApp: Unexpected role when checking hidden app: undefined
04-25 06:51:38.310 E/GeckoConsole( 1813): Content JS WARN at app://homescreen.gaiamobile.org/gaia_build_defer_index.js:184 in isHiddenApp: Unexpected role when checking hidden app: undefined
04-25 06:51:38.310 E/GeckoConsole( 1813): Content JS WARN at app://homescreen.gaiamobile.org/gaia_build_defer_index.js:184 in isHiddenApp: Unexpected role when checking hidden app: undefined
04-25 06:51:38.310 E/GeckoConsole( 1813): Content JS WARN at app://homescreen.gaiamobile.org/gaia_build_defer_index.js:184 in isHiddenApp: Unexpected role when checking hidden app: undefined
04-25 06:51:38.310 E/GeckoConsole( 1813): Content JS WARN at app://homescreen.gaiamobile.org/gaia_build_defer_index.js:184 in isHiddenApp: Unexpected role when checking hidden app: undefined
04-25 06:51:38.310 E/GeckoConsole( 1813): Content JS WARN at app://homescreen.gaiamobile.org/gaia_build_defer_index.js:184 in isHiddenApp: Unexpected role when checking hidden app: undefined
04-25 06:51:38.310 E/GeckoConsole( 1813): Content JS WARN at app://homescreen.gaiamobile.org/gaia_build_defer_index.js:184 in isHiddenApp: Unexpected role when checking hidden app: undefined
04-25 06:51:38.310 E/GeckoConsole( 1813): Content JS WARN at app://homescreen.gaiamobile.org/gaia_build_defer_index.js:184 in isHiddenApp: Unexpected role when checking hidden app: undefined
04-25 06:51:38.310 E/GeckoConsole( 1813): Content JS WARN at app://homescreen.gaiamobile.org/gaia_build_defer_index.js:184 in isHiddenApp: Unexpected role when checking hidden app: undefined
04-25 06:51:39.270 I/Gecko   (   84): 1398433899289	Marionette	INFO	sendToClient: {"from":"0","value":"app://homescreen.gaiamobile.org/index.html#rootFri%20Apr%2025%202014%2006:51:36%20GMT-0700%20(UTC)"}, {158ef2ea-7b31-429e-9620-aedc81784e09}, {158ef2ea-7b31-429e-9620-aedc81784e09}
04-25 06:51:39.330 I/Gecko   (   84): 1398433899342	Marionette	DEBUG	Got request: switchToFrame, data: {"to":"0","sessionId":"3-b2g","name":"switchToFrame","parameters":{"id":null,"focus":true}}, id: {fa320fe1-c17d-4355-b56f-1b3a269c7f42}
04-25 06:51:39.450 I/Gecko   (   84): 1398433899466	Marionette	INFO	Switched to frame: {"frameValue":null}
04-25 06:51:39.570 I/Gecko   (   84): 1398433899588	Marionette	INFO	sendToClient: {"from":"0","ok":true}, {fa320fe1-c17d-4355-b56f-1b3a269c7f42}, {fa320fe1-c17d-4355-b56f-1b3a269c7f42}
04-25 06:51:39.580 I/Gecko   (   84): 1398433899595	Marionette	DEBUG	Got request: switchToFrame, data: {"to":"0","sessionId":"3-b2g","name":"switchToFrame","parameters":{"id":null,"focus":true}}, id: {d441e4a5-8aaa-4024-8a54-2b10c1f58b9b}
04-25 06:51:39.580 I/Gecko   (   84): 1398433899597	Marionette	INFO	Switched to frame: {"frameValue":null}
04-25 06:51:39.720 I/Gecko   (   84): 1398433899729	Marionette	INFO	sendToClient: {"from":"0","ok":true}, {d441e4a5-8aaa-4024-8a54-2b10c1f58b9b}, {d441e4a5-8aaa-4024-8a54-2b10c1f58b9b}
04-25 06:51:39.730 I/Gecko   (   84): 1398433899748	Marionette	DEBUG	Got request: executeWithCallback, data: {"to":"0","sessionId":"3-b2g","name":"executeAsyncScript","parameters":{"specialPowers":false,"scriptTimeout":30000,"newSandbox":true,"args":[],"filename":"app_checker.py","script":"GaiaApps.launchWithManifestURL('https://marketplace.firefox.com/app/8e023044-3551-4de4-9eac-bc35f5c8b9e4/manifest.webapp')","line":106}}, id: {4f60f46a-eac2-4434-8418-d90809a15293}
04-25 06:51:39.850 I/Gonk    (   84): Setting nice for pid 1823 to 18
04-25 06:51:39.850 I/Gonk    (   84): Changed nice for pid 1823 from 0 to 18.
04-25 06:51:39.860 I/Gecko   (   84): [Parent 84] WARNING: waitpid failed pid:1823 errno:10: file ../../../gecko/ipc/chromium/src/base/process_util_posix.cc, line 254
04-25 06:51:39.890 I/Gonk    (   84): Setting nice for pid 1823 to 1
04-25 06:51:39.890 I/Gonk    (   84): Changed nice for pid 1823 from 18 to 1.
04-25 06:51:39.980 E/GeckoConsole(   84): Content JS LOG at dummy file:334 in GaiaApps.launch: launching app with name 'Pixel Fire'
04-25 06:51:40.360 D/Sensors (   84): activate handle=0; drv=0
04-25 06:51:40.370 D/Sensors (   84): Lis3dhSensor: Control set 1
04-25 06:51:40.370 D/Sensors (   84): Lis3dhSensor: mEnabled = 1
04-25 06:51:40.440 E/[Gralloc-ERROR](   84): int gralloc_register_buffer(const gralloc_module_t*, const native_handle_t*):79 Unable to register handle 0x49324bf0 coming from different process: 84
04-25 06:51:40.460 E/[Gralloc-ERROR](   84): int gralloc_register_buffer(const gralloc_module_t*, const native_handle_t*):79 Unable to register handle 0x49324d30 coming from different process: 84
04-25 06:51:40.520 I/Gonk    (   84): Setting nice for pid 1882 to 18
04-25 06:51:40.520 I/Gonk    (   84): Changed nice for pid 1882 from 0 to 18.
04-25 06:51:40.580 W/WifiHW  (   84): wifi_command: SIGNAL_POLL
04-25 06:51:40.700 I/Gonk    (   84): Setting nice for pid 1813 to 18
04-25 06:51:40.700 I/Gonk    (   84): Changed nice for pid 1813 from 1 to 18.
04-25 06:51:40.920 I/log     ( 1890): <4>0[ 670.471709] select 1813 (Homescreen), adj 8, size 7618, to kill 
04-25 06:51:41.820 E/GeckoConsole( 1823): [JavaScript Warning: "Unknown property 'zoom'.  Declaration dropped." {file: "app://{fa28d061-4aad-4853-bd12-91a7d2661398}/css/style.css" line: 206 column: 5 source: "	zoom: 1; "}]
04-25 06:51:41.820 E/GeckoConsole( 1823): [JavaScript Warning: "Unknown property '-moz-border-radius'.  Declaration dropped." {file: "app://{fa28d061-4aad-4853-bd12-91a7d2661398}/css/colpick.css" line: 16 column: 19 source: "	-moz-border-radius: 5px;"}]
04-25 06:51:41.820 E/GeckoConsole( 1823): [JavaScript Warning: "Unknown property 'user-select'.  Declaration dropped." {file: "app://{fa28d061-4aad-4853-bd12-91a7d2661398}/css/colpick.css" line: 24 column: 12 source: "	user-select: none;"}]
04-25 06:51:41.820 E/GeckoConsole( 1823): [JavaScript Warning: "Expected 'none' or URL but found 'progid'.  Error in parsing value for 'filter'.  Declaration dropped." {file: "app://{fa28d061-4aad-4853-bd12-91a7d2661398}/css/colpick.css" line: 43 column: 10 source: "	filter:  progid:DXImageTransform.Microsoft.gradient(GradientType=1,startColorstr='#ffffff', endColorstr='#00ffffff'); /* IE6 & IE7 */"}]
04-25 06:51:41.820 E/GeckoConsole( 1823): [JavaScript Warning: "Expected 'none' or URL but found 'progid'.  Error in parsing value for 'filter'.  Declaration dropped." {file: "app://{fa28d061-4aad-4853-bd12-91a7d2661398}/css/colpick.css" line: 53 column: 10 source: "	filter:  progid:DXImageTransform.Microsoft.gradient(GradientType=0,startColorstr='#00000000', endColorstr='#000000'); /* IE6 & IE7 */"}]
04-25 06:51:41.820 E/GeckoConsole( 1823): [JavaScript Warning: "Unknown property '-moz-border-radius'.  Declaration dropped." {file: "app://{fa28d061-4aad-4853-bd12-91a7d2661398}/css/colpick.css" line: 140 column: 19 source: "	-moz-border-radius: 3px;"}]
04-25 06:51:41.820 E/GeckoConsole( 1823): [JavaScript Warning: "Unknown property '-moz-border-radius'.  Declaration dropped." {file: "app://{fa28d061-4aad-4853-bd12-91a7d2661398}/css/colpick.css" line: 249 column: 19 source: "	-moz-border-radius: 3px;"}]
04-25 06:51:41.840 E/GeckoConsole( 1823): [JavaScript Warning: "SyntaxError: Using //@ to indicate sourceMappingURL pragmas is deprecated. Use //# instead" {file: "app://{fa28d061-4aad-4853-bd12-91a7d2661398}/js/jquery-1.10.2.min.js" line: 1}]
04-25 06:51:42.270 I/Gecko   (   84): 
04-25 06:51:42.270 I/Gecko   (   84): ###!!! [Parent][MessageChannel] Error: Channel error: cannot send/recv
04-25 06:51:42.270 I/Gecko   (   84): 
04-25 06:51:42.330 I/Gecko   (   84): [Parent 84] WARNING: waitpid failed pid:1813 errno:10: file ../../../gecko/ipc/chromium/src/base/process_util_posix.cc, line 254
04-25 06:51:42.480 E/GeckoConsole( 1823): [JavaScript Warning: "Error in parsing value for 'right'.  Declaration dropped." {file: "app://{fa28d061-4aad-4853-bd12-91a7d2661398}/index.html" line: 0 column: 25 source: "position:absolute; right:10; top:5;"}]
04-25 06:51:42.480 E/GeckoConsole( 1823): [JavaScript Warning: "Error in parsing value for 'top'.  Declaration dropped." {file: "app://{fa28d061-4aad-4853-bd12-91a7d2661398}/index.html" line: 0 column: 33 source: "position:absolute; right:10; top:5;"}]
04-25 06:51:42.480 E/GeckoConsole( 1823): [JavaScript Warning: "Expected end of value but found 'id'.  Error in parsing value for 'display'.  Declaration dropped." {file: "app://{fa28d061-4aad-4853-bd12-91a7d2661398}/index.html" line: 0 column: 13 source: "display:none id="}]
04-25 06:51:42.500 E/GeckoConsole( 1823): [JavaScript Error: "The character encoding of the HTML document was not declared. The document will render with garbled text in some browser configurations if the document contains characters from outside the US-ASCII range. The character encoding of the page must be declared in the document or in the transfer protocol." {file: "app://{fa28d061-4aad-4853-bd12-91a7d2661398}/index.html" line: 0}]
04-25 06:51:42.670 E/GeckoConsole( 1823): [JavaScript Warning: "Content Security Policy: The page's settings blocked the loading of a resource: An attempt to execute inline scripts has been blocked" {file: "app://{fa28d061-4aad-4853-bd12-91a7d2661398}/index.html" line: 0 column: 0 source: "onsubmit attribute on DIV element"}]
04-25 06:51:42.670 E/GeckoConsole( 1823): [JavaScript Warning: "Content Security Policy: The page's settings blocked the loading of a resource: An attempt to execute inline scripts has been blocked" {file: "app://{fa28d061-4aad-4853-bd12-91a7d2661398}/index.html" line: 0 column: 0 source: "onchange attribute on DIV element"}]
04-25 06:51:42.670 E/GeckoConsole( 1823): [JavaScript Warning: "Content Security Policy: The page's settings blocked the loading of a resource: An attempt to execute inline scripts has been blocked" {file: "app://{fa28d061-4aad-4853-bd12-91a7d2661398}/index.html" line: 0 column: 0 source: "onsubmit attribute on DIV element"}]
04-25 06:51:42.680 E/GeckoConsole( 1823): [JavaScript Warning: "Content Security Policy: The page's settings blocked the loading of a resource: An attempt to execute inline scripts has been blocked" {file: "app://{fa28d061-4aad-4853-bd12-91a7d2661398}/index.html" line: 0 column: 0 source: "onchange attribute on DIV element"}]
04-25 06:51:42.820 E/GeckoConsole( 1823): [JavaScript Warning: "Unknown property 'box-sizing'.  Declaration dropped." {file: "app://{fa28d061-4aad-4853-bd12-91a7d2661398}/index.html" line: 0 column: 10 source: "box-sizing:border-box;-moz-box-sizing:border-box;-webkit-box-sizing:border-box;padding:1px;border:1px;display:block;width:4px;margin-top:1%;position:absolute;top:1%;"}]
04-25 06:51:42.830 E/GeckoConsole( 1823): [JavaScript Warning: "Unknown property 'box-sizing'.  Declaration dropped." {file: "app://{fa28d061-4aad-4853-bd12-91a7d2661398}/index.html" line: 0 column: 52 source: "padding:0;margin:0;border:0;display:block;box-sizing:content-box;-moz-box-sizing:content-box;-webkit-box-sizing:content-box;"}]
04-25 06:51:42.830 E/GeckoConsole( 1823): [JavaScript Warning: "Unknown property 'box-sizing'.  Declaration dropped." {file: "app://{fa28d061-4aad-4853-bd12-91a7d2661398}/index.html" line: 0 column: 52 source: "padding:0;margin:0;border:0;display:block;box-sizing:content-box;-moz-box-sizing:content-box;-webkit-box-sizing:content-box;"}]
04-25 06:51:43.270 E/GeckoConsole( 1823): [JavaScript Warning: "Error in parsing value for 'background'.  Declaration dropped." {file: "app://{fa28d061-4aad-4853-bd12-91a7d2661398}/index.html" line: 0 column: 11 source: "background:-webkit-linear-gradient(top center,#ff0000,#ff0080,#ff00ff,#8000ff,#0000ff,#0080ff,#00ffff,#00ff80,#00ff00,#80ff00,#ffff00,#ff8000,#ff0000); background:-moz-linear-gradient(top center,#ff0000,#ff0080,#ff00ff,#8000ff,#0000ff,#0080ff,#00ffff,#00ff80,#00ff00,#80ff00,#ffff00,#ff8000,#ff0000); background:linear-gradient(to bottom,#ff0000,#ff0080,#ff00ff,#8000ff,#0000ff,#0080ff,#00ffff,#00ff80,#00ff00,#80ff00,#ffff00,#ff8000,#ff0000); "}]
04-25 06:51:44.340 I/Gecko   (   84): [Parent 84] WARNING: waitpid failed pid:1813 errno:10: file ../../../gecko/ipc/chromium/src/base/process_util_posix.cc, line 254
04-25 06:51:44.340 I/Gecko   (   84): [Parent 84] WARNING: Failed to deliver SIGKILL to 1813!(3).: file ../../../gecko/ipc/chromium/src/chrome/common/process_watcher_posix_sigchld.cc, line 118
04-25 06:51:44.540 E/GeckoConsole( 1823): [JavaScript Error: "Load denied by X-Frame-Options: http://error404.000webhost.com/? does not permit framing."]
04-25 06:51:44.650 I/Gonk    (   84): Setting nice for pid 1882 to 18
04-25 06:51:44.650 I/Gonk    (   84): Changed nice for pid 1882 from 18 to 18.
04-25 06:51:44.650 I/Gecko   (   84): [Parent 84] WARNING: waitpid failed pid:1882 errno:10: file ../../../gecko/ipc/chromium/src/base/process_util_posix.cc, line 254
04-25 06:51:44.660 I/Gonk    (   84): Setting nice for pid 1882 to 1
04-25 06:51:44.660 I/Gonk    (   84): Changed nice for pid 1882 from 18 to 1.
04-25 06:51:44.670 I/Gonk    (   84): Setting nice for pid 1882 to 18
04-25 06:51:44.670 I/Gonk    (   84): Changed nice for pid 1882 from 1 to 18.
04-25 06:51:44.830 E/GeckoConsole(   84): Content JS LOG at dummy file:326 in GaiaApps.launch/appOpen/<: app with origin 'app://{fa28d061-4aad-4853-bd12-91a7d2661398}' has launched
04-25 06:51:44.830 I/Gecko   (   84): 1398433904841	Marionette	INFO	sendToClient: {"from":"0","value":{"frame":{"ELEMENT":"{7694c59c-2baf-45a7-999e-6612ea473a7b}"},"src":"app://{fa28d061-4aad-4853-bd12-91a7d2661398}/index.html","name":"Pixel Fire","origin":"app://{fa28d061-4aad-4853-bd12-91a7d2661398}"}}, {4f60f46a-eac2-4434-8418-d90809a15293}, {4f60f46a-eac2-4434-8418-d90809a15293}
04-25 06:51:44.830 E/[Gralloc-ERROR](   84): int gralloc_unregister_buffer(const gralloc_module_t*, const native_handle_t*):274 Trying to unregister buffer 0x49324bf0 from process 84 that was not created in current process: 84
04-25 06:51:44.830 E/[Gralloc-ERROR](   84): int gralloc_unregister_buffer(const gralloc_module_t*, const native_handle_t*):274 Trying to unregister buffer 0x49324d30 from process 84 that was not created in current process: 84
04-25 06:51:44.840 I/Gecko   (   84): 1398433904854	Marionette	DEBUG	Got request: switchToFrame, data: {"to":"0","sessionId":"3-b2g","name":"switchToFrame","parameters":{"focus":true,"element":"{7694c59c-2baf-45a7-999e-6612ea473a7b}"}}, id: {c6e35fef-1126-450e-92e9-cd847c9c7b9b}
04-25 06:51:44.870 I/Gecko   (   84): 1398433904885	Marionette	INFO	Switched to frame: {"frameValue":"{7694c59c-2baf-45a7-999e-6612ea473a7b}"}
04-25 06:51:44.880 I/Gecko   (   84): 1398433904890	Marionette	INFO	trying remote frame 0
04-25 06:51:44.880 I/Gecko   (   84): 1398433904892	Marionette	INFO	trying remote frame 1
04-25 06:51:44.880 I/Gecko   (   84): 1398433904893	Marionette	INFO	trying remote frame 2
04-25 06:51:44.880 I/Gecko   (   84): 1398433904893	Marionette	INFO	trying remote frame 3
04-25 06:51:44.880 I/Gecko   (   84): 1398433904894	Marionette	INFO	deleting frame
04-25 06:51:44.890 I/Gecko   (   84): 1398433904900	Marionette	INFO	frame-manager load script: [object ChromeMessageSender]
04-25 06:51:45.350 I/Gecko   (   84): 1398433905368	Marionette	INFO	sendToClient: {"from":"0","ok":true}, {c6e35fef-1126-450e-92e9-cd847c9c7b9b}, {c6e35fef-1126-450e-92e9-cd847c9c7b9b}
04-25 06:51:45.380 I/Gecko   (   84): 1398433905389	Marionette	INFO	sendToClient: {"from":"0","value":"app://{fa28d061-4aad-4853-bd12-91a7d2661398}/index.html"}, {36824403-1c47-4703-9586-d353fe5fc44c}, {36824403-1c47-4703-9586-d353fe5fc44c}
04-25 06:51:45.380 I/Gecko   (   84): 1398433905396	Marionette	DEBUG	Got request: execute, data: {"to":"0","sessionId":"3-b2g","name":"executeScript","parameters":{"specialPowers":false,"scriptTimeout":null,"newSandbox":true,"args":[],"filename":"app_checker.py","script":"return window.document.readyState;","line":191}}, id: {85d44948-dc6b-40f4-b4c1-8c75e6d22929}
04-25 06:51:45.430 I/Gecko   (   84): 1398433905440	Marionette	INFO	sendToClient: {"from":"0","value":"complete"}, {85d44948-dc6b-40f4-b4c1-8c75e6d22929}, {85d44948-dc6b-40f4-b4c1-8c75e6d22929}
04-25 06:51:45.430 I/Gecko   (   84): 1398433905449	Marionette	INFO	sendToClient: {"from":"0","value":"app://{fa28d061-4aad-4853-bd12-91a7d2661398}/index.html"}, {638b4570-71e8-49d0-94d1-6dc6088c5015}, {638b4570-71e8-49d0-94d1-6dc6088c5015}
04-25 06:51:45.450 I/Gecko   ( 1823): Attempting load of libEGL.so
04-25 06:51:45.530 D/libEGL  ( 1823): loaded /system/lib/egl/libEGL_mali.so
04-25 06:51:45.550 D/libEGL  ( 1823): loaded /system/lib/egl/libGLESv1_CM_mali.so
04-25 06:51:45.550 D/libEGL  ( 1823): loaded /system/lib/egl/libGLESv2_mali.so
04-25 06:51:45.580 I/Gecko   ( 1823): SharedSurface_Gralloc::Create -------
04-25 06:51:45.580 I/Gecko   ( 1823): SharedSurface_Gralloc::Create: success -- surface 0x43db3e80, GraphicBuffer 0x43c50080.
04-25 06:51:45.600 W/WifiHW  (   84): wifi_command: SIGNAL_POLL
04-25 06:51:46.580 I/log     ( 1897): <4>0[ 675.987037] select 1882 ((Preallocated a), adj 8, size 3207, to kill 
04-25 06:51:46.800 I/Gecko   (   84): 1398433906816	Marionette	INFO	sendToClient: {"from":"0","value":"iVBORw0KGgoAAAANSUhEUgAAAUAAAAHgCAYAAADUjLREAAAgAElEQVR4nOy9V3AbeX7vyxfbu3v8wnff8OgqP9ytOWPftauO7+w5rq1bxz7rOXXPrr0e7+ysJ+zOaCSNAhVIiqKonChSgZQ0EqlEiaLENKJE5MwIEsw5iTkHAAQYAPB7H8BuAiRCI3cDv0/Vt8RhABpA92d+/9hJ2NoCAGBrC+zXBEEQCUASKz4SIEEQCUYSthxwC0EQRIKQ5Fb5kQAJgkggtgVIFSBBEIlHEhx2ZwXosJMACYJIKKgCJAgiYUliKz8SIEEQCcbOKDA1gQmCSDCSWPmRAAmCSDDcK0CHPdbHQxAEETV2+gCpAiQIIsFIcmv+kgAJgkggqA+QIIiEheYBEgSRsNBmCARBJCxUARIEkbDsEiDtB0gQhPBYXV0N6neSWPExIiQIghAIq6ur+PTTT5GcnIza2lqvv5ebm4vk5GQUFha6fd+lAiQBEgQhLD799FN88MEHPgWYm5vL/o4XAdKW+ARBCIvV1VXk5uaisLDQrwAlEokXAQIkQIIgBIs/AQJAbW2tDwECJECCIARJ6AIk8REEIVCoAiQIImEJTYAkPYIgBAwJkCCIhCU8TWCCIAiBUVhYiEOHDiE5ORlnzpxBaWkpAKC0tNTt6zNnziA5ORmHDh1yk2BEBfjgwYOwRiKRYHl5OerPHehzNDc3B/Q+TU9Pe32s6enpqL2/gTx/uF57LODj+xaN8zIa111BQQEKCgpQWFiIwsJCPH78GI8fP8aTJ0/w9OlTPH36FM+ePUNRURGKiorw4sULvHjxAsXFxXj16hVev36N169fo6ysDOXl5aisrMQPP/yAqqoqvHv3DtXV1VhaWgLgnAeYnJzslk8//RSAc4K069e7f49ZFucuwDA3h7/99tuIRCKRRPW5A30OrVYb0Ps0PDzs9bGGh4ej/v
04-25 06:51:47.020 I/Gecko   (   84): 1398433907037	Marionette	INFO	sendToClient: {"from":"0","ok":true}, {9759fa64-f817-47dc-9d67-f5dac3821c2a}, {9759fa64-f817-47dc-9d67-f5dac3821c2a}
04-25 06:51:47.040 I/Gecko   (   84): 1398433907052	Marionette	DEBUG	Got request: switchToFrame, data: {"to":"0","sessionId":"3-b2g","name":"switchToFrame","parameters":{"id":null,"focus":true}}, id: {9d63a341-ca12-4518-952d-70208476e710}
04-25 06:51:47.060 I/Gecko   (   84): 1398433907073	Marionette	INFO	Switched to frame: {"frameValue":null}
04-25 06:51:47.060 I/Gecko   (   84): 
04-25 06:51:47.060 I/Gecko   (   84): ###!!! [Parent][MessageChannel] Error: Channel error: cannot send/recv
04-25 06:51:47.060 I/Gecko   (   84): 
04-25 06:51:47.150 I/Gecko   (   84): [Parent 84] WARNING: waitpid failed pid:1882 errno:10: file ../../../gecko/ipc/chromium/src/base/process_util_posix.cc, line 254
04-25 06:51:47.170 I/Gecko   (   84): 1398433907185	Marionette	INFO	sendToClient: {"from":"0","ok":true}, {9d63a341-ca12-4518-952d-70208476e710}, {9d63a341-ca12-4518-952d-70208476e710}
04-25 06:51:47.180 I/Gecko   (   84): 1398433907192	Marionette	DEBUG	Got request: executeWithCallback, data: {"to":"0","sessionId":"3-b2g","name":"executeAsyncScript","parameters":{"specialPowers":false,"scriptTimeout":null,"newSandbox":true,"args":[],"filename":"gaia_test.py","script":"return GaiaApps.displayedApp();","line":66}}, id: {31b57cbf-43a0-4df1-b7fa-c76577443c08}
04-25 06:51:47.260 I/Gecko   (   84): 1398433907275	Marionette	INFO	sendToClient: {"from":"0","value":{"frame":{"ELEMENT":"{7694c59c-2baf-45a7-999e-6612ea473a7b}"},"src":"app://{fa28d061-4aad-4853-bd12-91a7d2661398}/index.html","name":"Pixel Fire","origin":"app://{fa28d061-4aad-4853-bd12-91a7d2661398}"}}, {31b57cbf-43a0-4df1-b7fa-c76577443c08}, {31b57cbf-43a0-4df1-b7fa-c76577443c08}
04-25 06:51:47.270 E/GeckoConsole(   84): Content JS LOG at dummy file:392 in GaiaApps.displayedApp: app with origin 'app://{fa28d061-4aad-4853-bd12-91a7d2661398}' is displayed
04-25 06:51:47.270 I/Gecko   (   84): 1398433907284	Marionette	DEBUG	Got request: switchToFrame, data: {"to":"0","sessionId":"3-b2g","name":"switchToFrame","parameters":{"id":null,"focus":true}}, id: {47aa9e45-1d12-435e-956a-0c9543786b26}
04-25 06:51:47.270 I/Gecko   (   84): 1398433907286	Marionette	INFO	Switched to frame: {"frameValue":null}
04-25 06:51:47.370 I/Gecko   (   84): 1398433907388	Marionette	INFO	sendToClient: {"from":"0","ok":true}, {47aa9e45-1d12-435e-956a-0c9543786b26}, {47aa9e45-1d12-435e-956a-0c9543786b26}
04-25 06:51:47.380 I/Gecko   (   84): 1398433907395	Marionette	DEBUG	Got request: execute, data: {"to":"0","sessionId":"3-b2g","name":"executeScript","parameters":{"specialPowers":false,"scriptTimeout":null,"newSandbox":true,"args":[],"filename":"gaia_test.py","script":"window.wrappedJSObject.dispatchEvent(new Event('home'));","line":788}}, id: {94a9d748-0643-4483-afeb-cd71963c1749}
04-25 06:51:47.550 D/Sensors (   84): activate handle=0; drv=0
04-25 06:51:47.550 D/Sensors (   84): Lis3dhSensor: Control set 0
04-25 06:51:47.550 D/Sensors (   84): Lis3dhSensor: mEnabled = 0
04-25 06:51:47.870 I/Gonk    (   84): Setting nice for pid 1900 to 18
04-25 06:51:47.870 I/Gonk    (   84): Changed nice for pid 1900 from 0 to 18.
04-25 06:51:47.890 I/Gecko   (   84): 1398433907900	Marionette	INFO	sendToClient: {"from":"0","value":null}, {94a9d748-0643-4483-afeb-cd71963c1749}, {94a9d748-0643-4483-afeb-cd71963c1749}
04-25 06:51:47.900 E/[Gralloc-ERROR](   84): int gralloc_register_buffer(const gralloc_module_t*, const native_handle_t*):79 Unable to register handle 0x4495fb50 coming from different process: 84
04-25 06:51:47.900 E/[Gralloc-ERROR](   84): int gralloc_register_buffer(const gralloc_module_t*, const native_handle_t*):79 Unable to register handle 0x44992970 coming from different process: 84
04-25 06:51:47.950 I/Gonk    (   84): Setting nice for pid 1900 to 18
04-25 06:51:47.950 I/Gonk    (   84): Changed nice for pid 1900 from 18 to 18.
04-25 06:51:47.950 I/Gecko   (   84): [Parent 84] WARNING: waitpid failed pid:1900 errno:10: file ../../../gecko/ipc/chromium/src/base/process_util_posix.cc, line 254
04-25 06:51:47.950 I/Gonk    (   84): Setting nice for pid 1900 to 1
04-25 06:51:47.950 I/Gonk    (   84): Changed nice for pid 1900 from 18 to 1.
04-25 06:51:48.000 I/Gecko   (   84): 1398433908012	Marionette	DEBUG	Got request: switchToFrame, data: {"to":"0","sessionId":"3-b2g","name":"switchToFrame","parameters":{"id":null,"focus":true}}, id: {a1af540d-e7ba-415a-9231-83a670085b61}
04-25 06:51:48.000 I/Gecko   (   84): 1398433908014	Marionette	INFO	Switched to frame: {"frameValue":null}
04-25 06:51:49.150 I/Gecko   (   84): [Parent 84] WARNING: waitpid failed pid:1882 errno:10: file ../../../gecko/ipc/chromium/src/base/process_util_posix.cc, line 254
04-25 06:51:49.150 I/Gecko   (   84): [Parent 84] WARNING: Failed to deliver SIGKILL to 1882!(3).: file ../../../gecko/ipc/chromium/src/chrome/common/process_watcher_posix_sigchld.cc, line 118
04-25 06:51:49.330 I/Gecko   (   84): 1398433909348	Marionette	INFO	sendToClient: {"from":"0","ok":true}, {a1af540d-e7ba-415a-9231-83a670085b61}, {a1af540d-e7ba-415a-9231-83a670085b61}
04-25 06:51:49.680 I/Gonk    (   84): Setting nice for pid 1908 to 18
04-25 06:51:49.680 I/Gonk    (   84): Changed nice for pid 1908 from 0 to 18.
04-25 06:51:49.700 E/[Gralloc-ERROR](   84): int gralloc_unregister_buffer(const gralloc_module_t*, const native_handle_t*):274 Trying to unregister buffer 0x44992970 from process 84 that was not created in current process: 84
04-25 06:51:49.810 E/[Gralloc-ERROR](   84): int gralloc_unregister_buffer(const gralloc_module_t*, const native_handle_t*):274 Trying to unregister buffer 0x4495fb50 from process 84 that was not created in current process: 84
04-25 06:51:49.910 I/Gecko   (   84): 1398433909920	Marionette	DEBUG	Got request: executeWithCallback, data: {"to":"0","sessionId":"3-b2g","name":"executeAsyncScript","parameters":{"specialPowers":false,"scriptTimeout":null,"newSandbox":true,"args":[],"filename":"gaia_test.py","script":"return GaiaApps.displayedApp();","line":66}}, id: {b5edbe7a-49a8-4e3f-bc64-5ee19e245458}
04-25 06:51:49.950 I/Gonk    (   84): Setting nice for pid 1823 to 18
04-25 06:51:49.950 I/Gonk    (   84): Changed nice for pid 1823 from 1 to 18.
04-25 06:51:50.100 I/Gecko   (   84): 1398433910114	Marionette	INFO	sendToClient: {"from":"0","value":{"frame":{"ELEMENT":"{379a3a81-fa3e-42d6-ba3f-a729514f442b}"},"src":"app://homescreen.gaiamobile.org/index.html#root","name":"Homescreen","origin":"app://homescreen.gaiamobile.org"}}, {b5edbe7a-49a8-4e3f-bc64-5ee19e245458}, {b5edbe7a-49a8-4e3f-bc64-5ee19e245458}
04-25 06:51:50.100 E/GeckoConsole(   84): Content JS LOG at dummy file:392 in GaiaApps.displayedApp: app with origin 'app://homescreen.gaiamobile.org' is displayed
04-25 06:51:50.110 I/Gecko   (   84): 1398433910123	Marionette	DEBUG	Got request: switchToFrame, data: {"to":"0","sessionId":"3-b2g","name":"switchToFrame","parameters":{"id":null,"focus":true}}, id: {aebe918e-7190-43df-9119-89d8e659405c}
04-25 06:51:50.110 I/Gecko   (   84): 1398433910125	Marionette	INFO	Switched to frame: {"frameValue":null}
04-25 06:51:50.230 I/Gecko   (   84): 1398433910247	Marionette	INFO	sendToClient: {"from":"0","ok":true}, {aebe918e-7190-43df-9119-89d8e659405c}, {aebe918e-7190-43df-9119-89d8e659405c}
04-25 06:51:50.240 I/Gecko   (   84): 1398433910253	Marionette	DEBUG	Got request: switchToFrame, data: {"to":"0","sessionId":"3-b2g","name":"switchToFrame","parameters":{"id":null,"focus":true}}, id: {e9ab84e8-15b5-4a6e-a4ca-2126e4ce3fae}
04-25 06:51:50.250 I/Gecko   (   84): 1398433910261	Marionette	INFO	Switched to frame: {"frameValue":null}
04-25 06:51:50.390 I/Gecko   (   84): [Parent 84] WARNING: pipe error (159): Connection reset by peer: file ../../../gecko/ipc/chromium/src/chrome/common/ipc_channel_posix.cc, line 446
04-25 06:51:50.440 I/Gecko   (   84): 
04-25 06:51:50.440 I/Gecko   (   84): ###!!! [Parent][MessageChannel] Error: Channel error: cannot send/recv
04-25 06:51:50.440 I/Gecko   (   84): 
04-25 06:51:50.480 I/Gecko   (   84): 1398433910496	Marionette	INFO	sendToClient: {"from":"0","ok":true}, {e9ab84e8-15b5-4a6e-a4ca-2126e4ce3fae}, {e9ab84e8-15b5-4a6e-a4ca-2126e4ce3fae}
04-25 06:51:50.490 I/Gecko   (   84): [Parent 84] WARNING: waitpid failed pid:1823 errno:10: file ../../../gecko/ipc/chromium/src/base/process_util_posix.cc, line 254
04-25 06:51:50.550 I/Gecko   (   84): 1398433910565	Marionette	DEBUG	Got request: executeWithCallback, data: {"to":"0","sessionId":"3-b2g","name":"executeAsyncScript","parameters":{"specialPowers":false,"scriptTimeout":null,"newSandbox":true,"args":[],"filename":"gaia_test.py","script":"return GaiaApps.displayedApp();","line":66}}, id: {42eedc96-0b0f-4cc3-89a3-285344e265b6}
04-25 06:51:50.610 I/Gecko   (   84): 1398433910628	Marionette	INFO	sendToClient: {"from":"0","value":{"frame":{"ELEMENT":"{379a3a81-fa3e-42d6-ba3f-a729514f442b}"},"src":"app://homescreen.gaiamobile.org/index.html#root","name":"Homescreen","origin":"app://homescreen.gaiamobile.org"}}, {42eedc96-0b0f-4cc3-89a3-285344e265b6}, {42eedc96-0b0f-4cc3-89a3-285344e265b6}
04-25 06:51:50.620 W/WifiHW  (   84): wifi_command: SIGNAL_POLL
04-25 06:51:50.630 I/Gecko   (   84): 1398433910647	Marionette	DEBUG	Got request: switchToFrame, data: {"to":"0","sessionId":"3-b2g","name":"switchToFrame","parameters":{"focus":true,"element":"{379a3a81-fa3e-42d6-ba3f-a729514f442b}"}}, id: {c259fec9-228f-4ca9-b350-5c4ae9c6c694}
04-25 06:51:50.640 E/GeckoConsole(   84): Content JS LOG at dummy file:392 in GaiaApps.displayedApp: app with origin 'app://homescreen.gaiamobile.org' is displayed
04-25 06:51:50.660 I/Gecko   (   84): 1398433910673	Marionette	INFO	Switched to frame: {"frameValue":"{379a3a81-fa3e-42d6-ba3f-a729514f442b}"}
04-25 06:51:50.720 I/Gecko   (   84): 1398433910732	Marionette	INFO	trying remote frame 0
04-25 06:51:50.730 I/Gecko   (   84): 1398433910740	Marionette	INFO	trying remote frame 1
04-25 06:51:50.730 I/Gecko   (   84): 1398433910741	Marionette	INFO	trying remote frame 2
04-25 06:51:50.730 I/Gecko   (   84): 1398433910742	Marionette	INFO	trying remote frame 3
04-25 06:51:50.730 I/Gecko   (   84): 1398433910743	Marionette	INFO	deleting frame
04-25 06:51:50.730 I/Gecko   (   84): 1398433910748	Marionette	INFO	frame-manager load script: [object ChromeMessageSender]
04-25 06:51:51.150 I/Gecko   ( 1900): ###################################### forms.js loaded
04-25 06:51:51.210 I/Gecko   ( 1900): ############################### browserElementPanning.js loaded
04-25 06:51:51.250 I/Gecko   ( 1900): ######################## BrowserElementChildPreload.js loaded
04-25 06:51:52.140 I/Gecko   (   84): 1398433912157	Marionette	INFO	sendToClient: {"from":"0","ok":true}, {c259fec9-228f-4ca9-b350-5c4ae9c6c694}, {c259fec9-228f-4ca9-b350-5c4ae9c6c694}
04-25 06:51:52.490 I/Gecko   (   84): [Parent 84] WARNING: waitpid failed pid:1823 errno:10: file ../../../gecko/ipc/chromium/src/base/process_util_posix.cc, line 254
04-25 06:51:52.490 I/Gecko   (   84): [Parent 84] WARNING: Failed to deliver SIGKILL to 1823!(3).: file ../../../gecko/ipc/chromium/src/chrome/common/process_watcher_posix_sigchld.cc, line 118
04-25 06:51:52.520 I/Gecko   (   84): 1398433912534	Marionette	INFO	sendToClient: {"from":"0","value":"app://homescreen.gaiamobile.org/index.html#root"}, {4022c7c7-f0cc-4f8e-9b1f-9eb0bc2c3237}, {4022c7c7-f0cc-4f8e-9b1f-9eb0bc2c3237}
04-25 06:51:52.580 I/Gecko   (   84): 1398433912591	Marionette	DEBUG	Got request: switchToFrame, data: {"to":"0","sessionId":"3-b2g","name":"switchToFrame","parameters":{"id":null,"focus":true}}, id: {d1d7d3a8-ae94-4cc7-8cb9-0bf2da2c1d30}
04-25 06:51:52.610 I/Gecko   (   84): 1398433912622	Marionette	INFO	Switched to frame: {"frameValue":null}
04-25 06:51:52.720 I/Gecko   (   84): 1398433912730	Marionette	INFO	sendToClient: {"from":"0","ok":true}, {d1d7d3a8-ae94-4cc7-8cb9-0bf2da2c1d30}, {d1d7d3a8-ae94-4cc7-8cb9-0bf2da2c1d30}
04-25 06:51:52.720 I/Gecko   (   84): 1398433912736	Marionette	DEBUG	Got request: switchToFrame, data: {"to":"0","sessionId":"3-b2g","name":"switchToFrame","parameters":{"id":null,"focus":true}}, id: {42b8eb65-268f-4cec-b685-9e4c2f0241bf}
04-25 06:51:52.720 I/Gecko   (   84): 1398433912738	Marionette	INFO	Switched to frame: {"frameValue":null}
04-25 06:51:52.900 I/Gecko   (   84): 1398433912918	Marionette	INFO	sendToClient: {"from":"0","ok":true}, {42b8eb65-268f-4cec-b685-9e4c2f0241bf}, {42b8eb65-268f-4cec-b685-9e4c2f0241bf}
04-25 06:51:52.910 I/Gecko   (   84): 1398433912924	Marionette	DEBUG	Got request: executeWithCallback, data: {"to":"0","sessionId":"3-b2g","name":"executeAsyncScript","parameters":{"specialPowers":false,"scriptTimeout":null,"newSandbox":true,"args":[],"filename":"gaia_test.py","script":"GaiaApps.killAll()","line":91}}, id: {0681ec9f-67db-420c-a875-6b0624fcb986}
04-25 06:51:52.980 I/Gecko   (   84): 1398433912991	Marionette	INFO	sendToClient: {"from":"0","value":true}, {0681ec9f-67db-420c-a875-6b0624fcb986}, {0681ec9f-67db-420c-a875-6b0624fcb986}
04-25 06:51:52.980 I/Gecko   (   84): 1398433912997	Marionette	DEBUG	Got request: switchToFrame, data: {"to":"0","sessionId":"3-b2g","name":"switchToFrame","parameters":{"id":null,"focus":true}}, id: {a94191b2-c8af-4fa4-a44e-5407e38a88c9}
04-25 06:51:52.980 I/Gecko   (   84): 1398433912998	Marionette	INFO	Switched to frame: {"frameValue":null}
04-25 06:51:53.090 I/Gecko   (   84): 1398433913100	Marionette	INFO	sendToClient: {"from":"0","ok":true}, {a94191b2-c8af-4fa4-a44e-5407e38a88c9}, {a94191b2-c8af-4fa4-a44e-5407e38a88c9}
