--------- beginning of /dev/log/main
04-27 22:37:16.054 V/AudioPolicyManagerBase(   89): getDeviceForStrategy() from cache strategy 0, device 2
04-27 22:37:16.064 V/AudioPolicyManagerBase(   89): getOutput() stream 1, samplingRate 0, format 0, channels 3, flags 0
04-27 22:37:16.194 V/AudioPolicyManagerBase(   89): startOutput() output 1, stream 1, session 2
04-27 22:37:16.194 V/AudioPolicyManagerBase(   89): startReadingThread
04-27 22:37:16.194 V/AudioPolicyManagerBase(   89): changeRefCount() stream 1, count 1
04-27 22:37:16.194 V/AudioPolicyManagerBase(   89): getDeviceForStrategy() from cache strategy 0, device 2
04-27 22:37:16.194 V/AudioPolicyManagerBase(   89): getNewDevice() selected device 2
04-27 22:37:16.194 D/AudioPolicyManagerBase(   89): setOutputDevice() output 1 device 2 delayMs 0
04-27 22:37:16.194 V/AudioPolicyManagerBase(   89): setOutputDevice() setting same device 2 or null device for output 1
04-27 22:37:16.194 E/AudioPolicyManagerBase(   89): checkAndSetVolume stream=1, index=0, output=1, device=2
04-27 22:37:16.194 E/AudioPolicyManagerBase(   89): computeVolume, streamDesc=0x1e96bb8
04-27 22:37:16.224 V/AudioPolicyManagerBase(   89): ThreadWrapper 0x1e96b40
04-27 22:37:16.224 V/AudioPolicyManagerBase(   89): threadFunc in
04-27 22:37:16.244 W/AudioFlinger(   89): Thread AudioOut_1 cannot connect to the power manager service
04-27 22:37:16.244 V/AudioPolicyManagerBase(   89): stopOutput() output 1, stream 1, session 2
04-27 22:37:16.244 V/AudioPolicyManagerBase(   89): stopReadingThread
04-27 22:37:16.254 I/Gecko   (   84): 1398663436265	Marionette	INFO	sendToClient: {"from":"0","ok":true}, {3c2c8fbc-e2da-46f1-b7de-7c025e54b143}, {3c2c8fbc-e2da-46f1-b7de-7c025e54b143}
04-27 22:37:16.274 I/Gecko   (   84): 1398663436283	Marionette	DEBUG	Got request: switchToFrame, data: {"to":"0","sessionId":"3-b2g","name":"switchToFrame","parameters":{"id":null,"focus":true}}, id: {d5125052-3521-4249-a696-d284811872f5}
04-27 22:37:16.274 I/Gecko   (   84): 1398663436285	Marionette	INFO	Switched to frame: {"frameValue":null}
04-27 22:37:16.324 V/AudioPolicyManagerBase(   89): threadFunc exit
04-27 22:37:16.324 V/AudioPolicyManagerBase(   89): changeRefCount() stream 1, count 0
04-27 22:37:16.324 V/AudioPolicyManagerBase(   89): getNewDevice() selected device 0
04-27 22:37:16.324 D/AudioPolicyManagerBase(   89): setOutputDevice() output 1 device 0 delayMs 290
04-27 22:37:16.324 V/AudioPolicyManagerBase(   89): setOutputDevice() setting same device 0 or null device for output 1
04-27 22:37:16.334 V/AudioPolicyManagerBase(   89): startOutput() output 1, stream 1, session 2
04-27 22:37:16.334 V/AudioPolicyManagerBase(   89): changeRefCount() stream 1, count 1
04-27 22:37:16.334 V/AudioPolicyManagerBase(   89): getDeviceForStrategy() from cache strategy 0, device 2
04-27 22:37:16.334 V/AudioPolicyManagerBase(   89): getNewDevice() selected device 2
04-27 22:37:16.334 D/AudioPolicyManagerBase(   89): setOutputDevice() output 1 device 2 delayMs 0
04-27 22:37:16.334 V/AudioPolicyManagerBase(   89): setOutputDevice() setting same device 2 or null device for output 1
04-27 22:37:16.334 E/AudioPolicyManagerBase(   89): checkAndSetVolume stream=1, index=0, output=1, device=2
04-27 22:37:16.334 E/AudioPolicyManagerBase(   89): computeVolume, streamDesc=0x1e96bb8
04-27 22:37:16.334 V/AudioPolicyManagerBase(   89): stopOutput() output 1, stream 1, session 2
04-27 22:37:16.334 V/AudioPolicyManagerBase(   89): changeRefCount() stream 1, count 0
04-27 22:37:16.334 V/AudioPolicyManagerBase(   89): getNewDevice() selected device 0
04-27 22:37:16.334 D/AudioPolicyManagerBase(   89): setOutputDevice() output 1 device 0 delayMs 290
04-27 22:37:16.334 V/AudioPolicyManagerBase(   89): setOutputDevice() setting same device 0 or null device for output 1
04-27 22:37:16.364 V/AudioPolicyManagerBase(   89): releaseOutput() 1
04-27 22:37:16.384 I/Gecko   (   84): 1398663436390	Marionette	INFO	sendToClient: {"from":"0","ok":true}, {d5125052-3521-4249-a696-d284811872f5}, {d5125052-3521-4249-a696-d284811872f5}
04-27 22:37:16.384 I/Gecko   (   84): 1398663436396	Marionette	DEBUG	Got request: executeWithCallback, data: {"to":"0","sessionId":"3-b2g","name":"executeAsyncScript","parameters":{"specialPowers":false,"scriptTimeout":null,"newSandbox":true,"args":[],"filename":"gaia_test.py","script":"return GaiaApps.displayedApp();","line":66}}, id: {192d902b-ee56-4559-af9a-b94f75638971}
04-27 22:37:16.454 I/Gecko   (   84): 1398663436463	Marionette	INFO	sendToClient: {"from":"0","value":{"frame":{"ELEMENT":"{02c97520-f7d0-4ace-adfc-1b7829eb866c}"},"src":"app://homescreen.gaiamobile.org/index.html#root","name":"Homescreen","origin":"app://homescreen.gaiamobile.org"}}, {192d902b-ee56-4559-af9a-b94f75638971}, {192d902b-ee56-4559-af9a-b94f75638971}
04-27 22:37:16.474 E/GeckoConsole(   84): Content JS LOG at dummy file:392 in GaiaApps.displayedApp: app with origin 'app://homescreen.gaiamobile.org' is displayed
04-27 22:37:16.474 I/Gecko   (   84): 1398663436483	Marionette	DEBUG	Got request: switchToFrame, data: {"to":"0","sessionId":"3-b2g","name":"switchToFrame","parameters":{"id":null,"focus":true}}, id: {48dfcadb-2486-472c-9cb2-726fd9d429c5}
04-27 22:37:16.484 I/Gecko   (   84): 1398663436491	Marionette	INFO	Switched to frame: {"frameValue":null}
04-27 22:37:16.584 I/Gecko   (   84): 1398663436594	Marionette	INFO	sendToClient: {"from":"0","ok":true}, {48dfcadb-2486-472c-9cb2-726fd9d429c5}, {48dfcadb-2486-472c-9cb2-726fd9d429c5}
04-27 22:37:16.594 I/Gecko   (   84): 1398663436600	Marionette	DEBUG	Got request: switchToFrame, data: {"to":"0","sessionId":"3-b2g","name":"switchToFrame","parameters":{"id":null,"focus":true}}, id: {3b9b6889-6c1a-47e4-a2ee-98c25d9e578e}
04-27 22:37:16.604 I/Gecko   (   84): 1398663436610	Marionette	INFO	Switched to frame: {"frameValue":null}
04-27 22:37:16.724 I/Gecko   (   84): 1398663436731	Marionette	INFO	sendToClient: {"from":"0","ok":true}, {3b9b6889-6c1a-47e4-a2ee-98c25d9e578e}, {3b9b6889-6c1a-47e4-a2ee-98c25d9e578e}
04-27 22:37:16.814 I/Gecko   (   84): 1398663436822	Marionette	DEBUG	Got request: executeWithCallback, data: {"to":"0","sessionId":"3-b2g","name":"executeAsyncScript","parameters":{"specialPowers":false,"scriptTimeout":null,"newSandbox":true,"args":[],"filename":"gaia_test.py","script":"return GaiaApps.displayedApp();","line":66}}, id: {8fcd8cf2-9025-4f99-8dd1-e8b5d25995b5}
04-27 22:37:16.904 I/Gecko   (   84): 1398663436915	Marionette	INFO	sendToClient: {"from":"0","value":{"frame":{"ELEMENT":"{02c97520-f7d0-4ace-adfc-1b7829eb866c}"},"src":"app://homescreen.gaiamobile.org/index.html#root","name":"Homescreen","origin":"app://homescreen.gaiamobile.org"}}, {8fcd8cf2-9025-4f99-8dd1-e8b5d25995b5}, {8fcd8cf2-9025-4f99-8dd1-e8b5d25995b5}
04-27 22:37:16.904 E/GeckoConsole(   84): Content JS LOG at dummy file:392 in GaiaApps.displayedApp: app with origin 'app://homescreen.gaiamobile.org' is displayed
04-27 22:37:16.934 E/GeckoConsole( 1075): Content JS ERROR at app://homescreen.gaiamobile.org/gaia_build_defer_index.js:390 in loadSVConfFileError: Failed parsing singleVariant configuration file [js/singlevariantconf.json]:  [Exception... "File error: Not found"  nsresult: "0x80520012 (NS_ERROR_FILE_NOT_FOUND)"  location: "JS frame :: app://homescreen.gaiamobile.org/gaia_build_defer_index.js :: loadFile :: line 382"  data: no]
04-27 22:37:16.954 I/Gecko   (   84): 1398663436969	Marionette	DEBUG	Got request: switchToFrame, data: {"to":"0","sessionId":"3-b2g","name":"switchToFrame","parameters":{"focus":true,"element":"{02c97520-f7d0-4ace-adfc-1b7829eb866c}"}}, id: {5172f319-0dfc-4c6d-ab13-89330a8d72c3}
04-27 22:37:16.974 I/Gecko   (   84): 1398663436980	Marionette	INFO	Switched to frame: {"frameValue":"{02c97520-f7d0-4ace-adfc-1b7829eb866c}"}
04-27 22:37:16.974 I/Gecko   (   84): 1398663436989	Marionette	INFO	trying remote frame 0
04-27 22:37:16.984 I/Gecko   (   84): 1398663436990	Marionette	INFO	deleting frame
04-27 22:37:16.984 I/Gecko   (   84): 1398663436997	Marionette	INFO	frame-manager load script: [object ChromeMessageSender]
04-27 22:37:17.434 I/Gecko   (   84): 1398663437447	Marionette	INFO	sendToClient: {"from":"0","ok":true}, {5172f319-0dfc-4c6d-ab13-89330a8d72c3}, {5172f319-0dfc-4c6d-ab13-89330a8d72c3}
04-27 22:37:17.514 I/Gecko   (   84): 1398663437523	Marionette	INFO	sendToClient: {"from":"0","value":{"ELEMENT":"{b1bf5667-9b8e-454a-af0d-4656deae3751}"}}, {3091adae-f064-449c-9174-ac20598fa030}, {3091adae-f064-449c-9174-ac20598fa030}
04-27 22:37:18.014 E/GeckoConsole( 1075): [JavaScript Warning: "Use of getAttributeNode() is deprecated. Use getAttribute() instead." {file: "chrome://marionette/content/atoms.js" line: 25}]
04-27 22:37:18.014 E/GeckoConsole( 1075): [JavaScript Warning: "Use of attributes' specified attribute is deprecated. It always returns true." {file: "chrome://marionette/content/atoms.js" line: 25}]
04-27 22:37:18.014 I/Gecko   (   84): 1398663438028	Marionette	INFO	sendToClient: {"from":"0","value":"normal"}, {0b88dd0e-bb5f-44ed-bc86-01677cc681f8}, {0b88dd0e-bb5f-44ed-bc86-01677cc681f8}
04-27 22:37:18.024 I/Gecko   (   84): 1398663438034	Marionette	DEBUG	Got request: switchToFrame, data: {"to":"0","sessionId":"3-b2g","name":"switchToFrame","parameters":{"id":null,"focus":true}}, id: {79623fcb-a22e-4b15-8bdf-75ae4741e343}
04-27 22:37:18.034 I/Gecko   (   84): 1398663438047	Marionette	INFO	Switched to frame: {"frameValue":null}
04-27 22:37:18.154 I/Gecko   (   84): 1398663438161	Marionette	INFO	sendToClient: {"from":"0","ok":true}, {79623fcb-a22e-4b15-8bdf-75ae4741e343}, {79623fcb-a22e-4b15-8bdf-75ae4741e343}
04-27 22:37:18.164 I/Gecko   (   84): 1398663438172	Marionette	DEBUG	Got request: execute, data: {"to":"0","sessionId":"3-b2g","name":"executeScript","parameters":{"specialPowers":false,"scriptTimeout":null,"newSandbox":true,"args":[],"filename":"gaia_test.py","script":"window.wrappedJSObject.dispatchEvent(new Event('home'));","line":788}}, id: {63d9bb59-8ba6-4fcb-b88a-576fbe756a82}
04-27 22:37:18.234 I/Gecko   (   84): 1398663438242	Marionette	INFO	sendToClient: {"from":"0","value":null}, {63d9bb59-8ba6-4fcb-b88a-576fbe756a82}, {63d9bb59-8ba6-4fcb-b88a-576fbe756a82}
04-27 22:37:18.254 I/Gecko   (   84): 1398663438262	Marionette	DEBUG	Got request: switchToFrame, data: {"to":"0","sessionId":"3-b2g","name":"switchToFrame","parameters":{"id":null,"focus":true}}, id: {c25eef4f-3eca-4ad9-8813-198e01ae2b07}
04-27 22:37:18.254 I/Gecko   (   84): 1398663438266	Marionette	INFO	Switched to frame: {"frameValue":null}
04-27 22:37:18.364 I/Gecko   (   84): 1398663438374	Marionette	INFO	sendToClient: {"from":"0","ok":true}, {c25eef4f-3eca-4ad9-8813-198e01ae2b07}, {c25eef4f-3eca-4ad9-8813-198e01ae2b07}
04-27 22:37:18.374 I/Gecko   (   84): 1398663438383	Marionette	DEBUG	Got request: switchToFrame, data: {"to":"0","sessionId":"3-b2g","name":"switchToFrame","parameters":{"id":null,"focus":true}}, id: {28ee7174-7cc8-47f8-9198-6af6aab46c60}
04-27 22:37:18.374 I/Gecko   (   84): 1398663438384	Marionette	INFO	Switched to frame: {"frameValue":null}
04-27 22:37:18.474 I/Gecko   (   84): 1398663438487	Marionette	INFO	sendToClient: {"from":"0","ok":true}, {28ee7174-7cc8-47f8-9198-6af6aab46c60}, {28ee7174-7cc8-47f8-9198-6af6aab46c60}
04-27 22:37:18.484 I/Gecko   (   84): 1398663438493	Marionette	DEBUG	Got request: executeWithCallback, data: {"to":"0","sessionId":"3-b2g","name":"executeAsyncScript","parameters":{"specialPowers":false,"scriptTimeout":null,"newSandbox":true,"args":[],"filename":"gaia_test.py","script":"return GaiaApps.displayedApp();","line":66}}, id: {0a709b81-5013-428d-ae3d-5b02431554ad}
04-27 22:37:18.544 I/Gecko   (   84): 1398663438558	Marionette	INFO	sendToClient: {"from":"0","value":{"frame":{"ELEMENT":"{02c97520-f7d0-4ace-adfc-1b7829eb866c}"},"src":"app://homescreen.gaiamobile.org/index.html#rootSun%20Apr%2027%202014%2022:37:18%20GMT-0700%20(UTC)","name":"Homescreen","origin":"app://homescreen.gaiamobile.org"}}, {0a709b81-5013-428d-ae3d-5b02431554ad}, {0a709b81-5013-428d-ae3d-5b02431554ad}
04-27 22:37:18.554 I/Gecko   (   84): 1398663438565	Marionette	DEBUG	Got request: switchToFrame, data: {"to":"0","sessionId":"3-b2g","name":"switchToFrame","parameters":{"focus":true,"element":"{02c97520-f7d0-4ace-adfc-1b7829eb866c}"}}, id: {c282a11f-0818-4037-8f30-54a1f6387629}
04-27 22:37:18.554 E/GeckoConsole(   84): Content JS LOG at dummy file:392 in GaiaApps.displayedApp: app with origin 'app://homescreen.gaiamobile.org' is displayed
04-27 22:37:18.574 I/Gecko   (   84): 1398663438583	Marionette	INFO	Switched to frame: {"frameValue":"{02c97520-f7d0-4ace-adfc-1b7829eb866c}"}
04-27 22:37:18.574 I/Gecko   (   84): 1398663438585	Marionette	INFO	trying remote frame 0
04-27 22:37:19.094 W/WifiHW  (   84): wifi_command: SIGNAL_POLL
04-27 22:37:19.124 I/Gecko   (   84): 1398663439133	Marionette	INFO	sendToClient: {"from":"0","ok":true}, {c282a11f-0818-4037-8f30-54a1f6387629}, {c282a11f-0818-4037-8f30-54a1f6387629}
04-27 22:37:19.134 I/Gecko   (   84): 1398663439141	Marionette	DEBUG	Got request: execute, data: {"to":"0","sessionId":"3-b2g","name":"executeScript","parameters":{"specialPowers":false,"scriptTimeout":null,"newSandbox":true,"args":[],"filename":"gaia_test.py","script":"return window.wrappedJSObject.GridManager.pageHelper.getCurrentPageNumber();","line":784}}, id: {ed709bbf-d0cd-48ec-b010-d750ab5374b2}
04-27 22:37:19.584 I/Gecko   (   84): 1398663439594	Marionette	INFO	sendToClient: {"from":"0","value":0}, {ed709bbf-d0cd-48ec-b010-d750ab5374b2}, {ed709bbf-d0cd-48ec-b010-d750ab5374b2}
04-27 22:37:20.594 I/Gecko   (   84): 1398663440601	Marionette	INFO	sendToClient: {"from":"0","value":["{d73b23f7-24b0-40fa-bcbb-b51839ea5d26}","{3eda5056-0e82-44d8-ac8d-1d24ab0dc75f}","{d917b3c5-0a49-4698-8417-a25503d7e0b2}","{c4eb42bc-9f0d-432b-94e5-2a5acfce8eae}","{37d15538-63ca-44a6-89de-0d66e6b3ac88}","{e1bd8f90-f14d-4bb6-958b-a56c74d99edc}","{2f199ac2-94b0-4aca-aed5-5f0c1b35f0e2}","{ff89feb8-f3ae-4c8a-8825-f56ccdf5ebe2}","{26e59931-ba02-464e-ac5e-8d69e93f4b31}","{44f8f541-6e0d-4a16-a0f9-1306ea175846}","{898c4e4b-32b5-4d79-a69a-3c6af0db0550}","{6f441dfe-b295-4d83-9aa5-fa59d23d1376}","{0ae62fba-3de5-4f4f-bfc6-81c53c77834b}","{70eebb41-0091-4eac-9266-b37d68b6d369}","{6c7af660-39ef-41d2-a866-187c657891a6}","{209d464b-744c-4931-ac73-d78e9113de28}","{52b22896-2e2b-4d37-8eca-c047176206bb}","{520b054a-0b65-46f9-9f47-364b412dbe23}","{98659e54-0c4d-4fae-bb0a-ccfc416718b3}","{4ae3f6d1-ff37-4711-9edd-757bf6848a0b}","{6beca100-30f7-47ab-ba3f-64e2f5ea0936}","{e90773ec-6360-47d2-9bdf-eaad92fa94c2}","{e3df16a8-21ed-4275-afa1-cff3fa20302a}","{ce9c53dd-7002
04-27 22:37:20.874 I/Gecko   (   84): 1398663440887	Marionette	INFO	sendToClient: {"from":"0","value":"app://homescreen.gaiamobile.org/index.html#rootSun%20Apr%2027%202014%2022:37:18%20GMT-0700%20(UTC)"}, {95102600-a2ad-4863-8ca6-e0cf7e0fe588}, {95102600-a2ad-4863-8ca6-e0cf7e0fe588}
04-27 22:37:20.914 I/Gecko   (   84): 1398663440926	Marionette	DEBUG	Got request: switchToFrame, data: {"to":"0","sessionId":"3-b2g","name":"switchToFrame","parameters":{"id":null,"focus":true}}, id: {ed8a06bd-57ce-4b0c-8382-f1124c327a67}
04-27 22:37:20.954 I/Gecko   (   84): 1398663440962	Marionette	INFO	Switched to frame: {"frameValue":null}
04-27 22:37:21.054 I/Gecko   (   84): 1398663441068	Marionette	INFO	sendToClient: {"from":"0","ok":true}, {ed8a06bd-57ce-4b0c-8382-f1124c327a67}, {ed8a06bd-57ce-4b0c-8382-f1124c327a67}
04-27 22:37:21.064 I/Gecko   (   84): 1398663441078	Marionette	DEBUG	Got request: switchToFrame, data: {"to":"0","sessionId":"3-b2g","name":"switchToFrame","parameters":{"id":null,"focus":true}}, id: {28d02109-314e-4ff8-b928-efc483d67df4}
04-27 22:37:21.084 I/Gecko   (   84): 1398663441079	Marionette	INFO	Switched to frame: {"frameValue":null}
04-27 22:37:21.364 I/Gecko   (   84): 1398663441375	Marionette	INFO	sendToClient: {"from":"0","ok":true}, {28d02109-314e-4ff8-b928-efc483d67df4}, {28d02109-314e-4ff8-b928-efc483d67df4}
04-27 22:37:21.434 I/Gecko   (   84): 1398663441448	Marionette	DEBUG	Got request: executeWithCallback, data: {"to":"0","sessionId":"3-b2g","name":"executeAsyncScript","parameters":{"specialPowers":false,"scriptTimeout":30000,"newSandbox":true,"args":[],"filename":"app_checker.py","script":"GaiaApps.launchWithManifestURL('https://marketplace.firefox.com/app/83054faa-6215-46ee-9d58-aedc777ba7ab/manifest.webapp')","line":106}}, id: {31bba536-ed79-48a7-ad66-dc171a3a75bf}
04-27 22:37:21.654 I/Gonk    (   84): Setting nice for pid 1083 to 18
04-27 22:37:21.654 I/Gonk    (   84): Changed nice for pid 1083 from 18 to 18.
04-27 22:37:21.664 I/Gecko   (   84): [Parent 84] WARNING: waitpid failed pid:1083 errno:10: file ../../../gecko/ipc/chromium/src/base/process_util_posix.cc, line 254
04-27 22:37:21.684 I/Gonk    (   84): Setting nice for pid 1083 to 1
04-27 22:37:21.684 I/Gonk    (   84): Changed nice for pid 1083 from 18 to 1.
04-27 22:37:21.814 E/GeckoConsole(   84): Content JS LOG at dummy file:334 in GaiaApps.launch: launching app with name 'Planning Poker'
04-27 22:37:21.874 E/[Gralloc-ERROR](   84): int gralloc_register_buffer(const gralloc_module_t*, const native_handle_t*):79 Unable to register handle 0x48d444c0 coming from different process: 84
04-27 22:37:21.924 E/[Gralloc-ERROR](   84): int gralloc_register_buffer(const gralloc_module_t*, const native_handle_t*):79 Unable to register handle 0x48d44650 coming from different process: 84
04-27 22:37:21.964 E/[Gralloc-ERROR](   84): int gralloc_register_buffer(const gralloc_module_t*, const native_handle_t*):79 Unable to register handle 0x48d446f0 coming from different process: 84
04-27 22:37:21.974 E/[Gralloc-ERROR](   84): int gralloc_register_buffer(const gralloc_module_t*, const native_handle_t*):79 Unable to register handle 0x48d44920 coming from different process: 84
04-27 22:37:22.224 I/Gonk    (   84): Setting nice for pid 1075 to 18
04-27 22:37:22.224 I/Gonk    (   84): Changed nice for pid 1075 from 1 to 18.
04-27 22:37:22.244 D/Sensors (   84): activate handle=0; drv=0
04-27 22:37:22.254 D/Sensors (   84): Lis3dhSensor: Control set 1
04-27 22:37:22.254 D/Sensors (   84): Lis3dhSensor: mEnabled = 1
04-27 22:37:22.354 I/Gonk    (   84): Setting nice for pid 1198 to 18
04-27 22:37:22.354 I/Gonk    (   84): Changed nice for pid 1198 from 0 to 18.
04-27 22:37:23.134 I/Gecko   (   84): 
04-27 22:37:23.134 I/Gecko   (   84): ###!!! [Parent][MessageChannel] Error: Channel error: cannot send/recv
04-27 22:37:23.134 I/Gecko   (   84): 
04-27 22:37:23.234 I/GeckoDump(   84): Crash reporter : Can't fetch app.reportCrashes. Exception: [Exception... "Component returned failure code: 0x8000ffff (NS_ERROR_UNEXPECTED) [nsIPrefBranch.getBoolPref]"  nsresult: "0x8000ffff (NS_ERROR_UNEXPECTED)"  location: "JS frame :: chrome://browser/content/shell.js :: shell_reportCrash :: line 7"  data: no]
04-27 22:37:23.364 I/Gecko   (   84): [Parent 84] WARNING: waitpid failed pid:1075 errno:10: file ../../../gecko/ipc/chromium/src/base/process_util_posix.cc, line 254
04-27 22:37:23.754 I/Gecko   ( 1083): ###################################### forms.js loaded
04-27 22:37:23.774 I/Gecko   ( 1083): ############################### browserElementPanning.js loaded
04-27 22:37:23.794 I/Gecko   ( 1083): ######################## BrowserElementChildPreload.js loaded
04-27 22:37:24.104 W/WifiHW  (   84): wifi_command: SIGNAL_POLL
04-27 22:37:24.764 E/GeckoConsole( 1083): [JavaScript Warning: "Error in parsing value for 'margin'.  Declaration dropped." {file: "app://{7dcaa7ae-9bd7-40e6-a7ec-9c3a164bc6a3}/css/pp.css" line: 6 column: 10 source: "  margin: 10;"}]
04-27 22:37:25.224 I/Gonk    (   84): Setting nice for pid 1198 to 18
04-27 22:37:25.224 I/Gonk    (   84): Changed nice for pid 1198 from 18 to 18.
04-27 22:37:25.224 I/Gecko   (   84): [Parent 84] WARNING: waitpid failed pid:1198 errno:10: file ../../../gecko/ipc/chromium/src/base/process_util_posix.cc, line 254
04-27 22:37:25.234 I/Gonk    (   84): Setting nice for pid 1198 to 1
04-27 22:37:25.234 I/Gonk    (   84): Changed nice for pid 1198 from 18 to 1.
04-27 22:37:25.234 I/Gonk    (   84): Setting nice for pid 1198 to 18
04-27 22:37:25.234 I/Gonk    (   84): Changed nice for pid 1198 from 1 to 18.
04-27 22:37:25.364 I/Gecko   (   84): [Parent 84] WARNING: waitpid failed pid:1075 errno:10: file ../../../gecko/ipc/chromium/src/base/process_util_posix.cc, line 254
04-27 22:37:25.364 I/Gecko   (   84): [Parent 84] WARNING: Failed to deliver SIGKILL to 1075!(3).: file ../../../gecko/ipc/chromium/src/chrome/common/process_watcher_posix_sigchld.cc, line 118
04-27 22:37:25.574 I/Gecko   (   84): 1398663445585	Marionette	INFO	sendToClient: {"from":"0","value":{"frame":{"ELEMENT":"{6552cc1f-5d76-449b-b68d-44bb72008fcf}"},"src":"app://{7dcaa7ae-9bd7-40e6-a7ec-9c3a164bc6a3}/index.html","name":"Planning Poker","origin":"app://{7dcaa7ae-9bd7-40e6-a7ec-9c3a164bc6a3}"}}, {31bba536-ed79-48a7-ad66-dc171a3a75bf}, {31bba536-ed79-48a7-ad66-dc171a3a75bf}
04-27 22:37:25.574 E/GeckoConsole(   84): Content JS LOG at dummy file:326 in GaiaApps.launch/appOpen/<: app with origin 'app://{7dcaa7ae-9bd7-40e6-a7ec-9c3a164bc6a3}' has launched
04-27 22:37:25.684 I/Gecko   (   84): [Parent 84] WARNING: pipe error (157): Connection reset by peer: file ../../../gecko/ipc/chromium/src/chrome/common/ipc_channel_posix.cc, line 446
04-27 22:37:25.804 E/[Gralloc-ERROR](   84): int gralloc_unregister_buffer(const gralloc_module_t*, const native_handle_t*):274 Trying to unregister buffer 0x48d44650 from process 84 that was not created in current process: 84
04-27 22:37:25.804 E/[Gralloc-ERROR](   84): int gralloc_unregister_buffer(const gralloc_module_t*, const native_handle_t*):274 Trying to unregister buffer 0x48d444c0 from process 84 that was not created in current process: 84
04-27 22:37:25.814 E/[Gralloc-ERROR](   84): int gralloc_unregister_buffer(const gralloc_module_t*, const native_handle_t*):274 Trying to unregister buffer 0x48d44920 from process 84 that was not created in current process: 84
04-27 22:37:25.814 E/[Gralloc-ERROR](   84): int gralloc_unregister_buffer(const gralloc_module_t*, const native_handle_t*):274 Trying to unregister buffer 0x48d446f0 from process 84 that was not created in current process: 84
04-27 22:37:25.814 I/Gecko   (   84): 
04-27 22:37:25.814 I/Gecko   (   84): ###!!! [Parent][MessageChannel] Error: Channel error: cannot send/recv
04-27 22:37:25.814 I/Gecko   (   84): 
04-27 22:37:25.844 I/GeckoDump(   84): Crash reporter : Can't fetch app.reportCrashes. Exception: [Exception... "Component returned failure code: 0x8000ffff (NS_ERROR_UNEXPECTED) [nsIPrefBranch.getBoolPref]"  nsresult: "0x8000ffff (NS_ERROR_UNEXPECTED)"  location: "JS frame :: chrome://browser/content/shell.js :: shell_reportCrash :: line 7"  data: no]
04-27 22:37:25.874 I/Gecko   (   84): [Parent 84] WARNING: waitpid failed pid:1198 errno:10: file ../../../gecko/ipc/chromium/src/base/process_util_posix.cc, line 254
04-27 22:37:25.884 I/Gecko   (   84): 1398663445894	Marionette	DEBUG	Got request: switchToFrame, data: {"to":"0","sessionId":"3-b2g","name":"switchToFrame","parameters":{"focus":true,"element":"{6552cc1f-5d76-449b-b68d-44bb72008fcf}"}}, id: {612ac096-8432-442e-9709-164d55ad827a}
04-27 22:37:25.894 I/Gecko   (   84): 1398663445908	Marionette	INFO	Switched to frame: {"frameValue":"{6552cc1f-5d76-449b-b68d-44bb72008fcf}"}
04-27 22:37:25.904 I/Gecko   (   84): 1398663445911	Marionette	INFO	trying remote frame 0
04-27 22:37:25.904 I/Gecko   (   84): 1398663445912	Marionette	INFO	deleting frame
04-27 22:37:25.904 I/Gecko   (   84): 1398663445917	Marionette	INFO	frame-manager load script: [object ChromeMessageSender]
04-27 22:37:26.354 I/Gecko   (   84): 1398663446366	Marionette	INFO	sendToClient: {"from":"0","ok":true}, {612ac096-8432-442e-9709-164d55ad827a}, {612ac096-8432-442e-9709-164d55ad827a}
04-27 22:37:26.374 I/Gecko   (   84): 1398663446386	Marionette	INFO	sendToClient: {"from":"0","value":"app://{7dcaa7ae-9bd7-40e6-a7ec-9c3a164bc6a3}/index.html"}, {97bf58c3-13cc-4bcf-b17c-d06c9040bf0a}, {97bf58c3-13cc-4bcf-b17c-d06c9040bf0a}
04-27 22:37:26.384 I/Gecko   (   84): 1398663446392	Marionette	DEBUG	Got request: execute, data: {"to":"0","sessionId":"3-b2g","name":"executeScript","parameters":{"specialPowers":false,"scriptTimeout":null,"newSandbox":true,"args":[],"filename":"app_checker.py","script":"return window.document.readyState;","line":191}}, id: {a4e2bec7-f36e-4286-b813-f906bc6c9ba3}
04-27 22:37:26.424 I/Gecko   (   84): 1398663446434	Marionette	INFO	sendToClient: {"from":"0","value":"complete"}, {a4e2bec7-f36e-4286-b813-f906bc6c9ba3}, {a4e2bec7-f36e-4286-b813-f906bc6c9ba3}
04-27 22:37:26.434 I/Gecko   (   84): 1398663446442	Marionette	INFO	sendToClient: {"from":"0","value":"app://{7dcaa7ae-9bd7-40e6-a7ec-9c3a164bc6a3}/index.html"}, {ffd359ea-6efe-42e9-8471-293dd2c5bf1f}, {ffd359ea-6efe-42e9-8471-293dd2c5bf1f}
04-27 22:37:26.454 I/Gecko   ( 1083): Attempting load of libEGL.so
04-27 22:37:26.484 D/libEGL  ( 1083): loaded /system/lib/egl/libEGL_mali.so
04-27 22:37:26.504 D/libEGL  ( 1083): loaded /system/lib/egl/libGLESv1_CM_mali.so
04-27 22:37:26.504 D/libEGL  ( 1083): loaded /system/lib/egl/libGLESv2_mali.so
04-27 22:37:26.564 I/Gecko   ( 1083): SharedSurface_Gralloc::Create -------
04-27 22:37:26.604 I/Gecko   ( 1083): SharedSurface_Gralloc::Create: success -- surface 0x43d6e240, GraphicBuffer 0x43d45500.
04-27 22:37:27.314 I/Gecko   (   84): 1398663447329	Marionette	INFO	sendToClient: {"from":"0","value":"iVBORw0KGgoAAAANSUhEUgAAAUAAAAHMCAYAAACk4nEJAAAVj0lEQVR4nO3d6VdUZ7aA8f4zU9omrck1Q2fZZjCJnaSTXDvD6lsYRCQmBBXRoIkaMU4xVYwiIJPMgyDzWDKWYFEU7PvBa3I70QapXbzUu5+z1u87+7DOA1XnPe/503PBkACARX9y/QMAgCsEEIBZBBCAWQQQgFkEEIBZBBCAWQQQgFkEEIBZBBCAWQQQgFkEEIBZBBCAWQQQgFkEEIBZBBCAWQQQgFkEEIBZBBCAWQQQgFkEEIBZBBCAWQQQgFkEEIBZBBCAWQQQgFkEEIBZBBCAWQQQgFkEEIBZBBCAWQQQgFkEEIBZBBCAWQQQgFkEEIBZBBCAWQQQgFkEEIBZBBCAWQQQgFkEEIBZBBCAWQQQgFkEEIBZBBCAWQQQgFkEEIBZBBCAWQQQgFkEEIBZBBCAWQQQgFkEEIBZBBCAWQQQgFkEEIBZBBCAWQQQgFkEEIBZBBCAWQQQgFkEEIBZBBCAWQQQgFkEEIBZBBCAWQQQgFkEEIBZBBCAWQQQgFkEEIBZBBCAWQQQgFkEEIBZBBCAWQQQgFkEEIBZBBCAWQQQgFkEEIBZBBCAWQQQgFkEEIBZBBCAWQQQgFkEEIBZBBCAWQQQgFkEEIBZBBCAWQQQgFkEEIBZBBCAWQQQgFkEEIBZBBCAWQQQgFkEEIBZBBCbJhAMyY7MYtmdUy57v62U/QU18uHpWnn7eJW89nWF7DpcKtsyws5/TthBAKHuv46UySdn6iUv1Ck3GoekfWha5haWJLGyKus5YvGEDEaicqtzXL6/2SsZRU3yRt4t4gh1BBBJC2SE5f1Tt+V81T3pn5hfV+Q2ckQfxqW8bUwyLzXLzqxS53Mj/RFAbNi7J2sk3DQsswtLKYve047Eyqo0909JzrU2+fOXxc7PBdITAcQzCQRD8vm5Rm
04-27 22:37:27.544 I/Gecko   (   84): 1398663447554	Marionette	INFO	sendToClient: {"from":"0","ok":true}, {4471676a-7e5b-4d25-852d-a1f269266a41}, {4471676a-7e5b-4d25-852d-a1f269266a41}
04-27 22:37:27.554 I/Gecko   (   84): 1398663447562	Marionette	DEBUG	Got request: switchToFrame, data: {"to":"0","sessionId":"3-b2g","name":"switchToFrame","parameters":{"id":null,"focus":true}}, id: {164d1290-19a0-46e4-9f58-8d7d14fc4946}
04-27 22:37:27.564 I/Gecko   (   84): 1398663447577	Marionette	INFO	Switched to frame: {"frameValue":null}
04-27 22:37:27.664 I/Gecko   (   84): 1398663447679	Marionette	INFO	sendToClient: {"from":"0","ok":true}, {164d1290-19a0-46e4-9f58-8d7d14fc4946}, {164d1290-19a0-46e4-9f58-8d7d14fc4946}
04-27 22:37:27.674 I/Gecko   (   84): 1398663447685	Marionette	DEBUG	Got request: executeWithCallback, data: {"to":"0","sessionId":"3-b2g","name":"executeAsyncScript","parameters":{"specialPowers":false,"scriptTimeout":null,"newSandbox":true,"args":[],"filename":"gaia_test.py","script":"return GaiaApps.displayedApp();","line":66}}, id: {03a0be42-3c3f-4da9-9835-af5b039ac90f}
04-27 22:37:27.784 I/Gecko   (   84): 1398663447794	Marionette	INFO	sendToClient: {"from":"0","value":{"frame":{"ELEMENT":"{6552cc1f-5d76-449b-b68d-44bb72008fcf}"},"src":"app://{7dcaa7ae-9bd7-40e6-a7ec-9c3a164bc6a3}/index.html","name":"Planning Poker","origin":"app://{7dcaa7ae-9bd7-40e6-a7ec-9c3a164bc6a3}"}}, {03a0be42-3c3f-4da9-9835-af5b039ac90f}, {03a0be42-3c3f-4da9-9835-af5b039ac90f}
04-27 22:37:27.784 E/GeckoConsole(   84): Content JS LOG at dummy file:392 in GaiaApps.displayedApp: app with origin 'app://{7dcaa7ae-9bd7-40e6-a7ec-9c3a164bc6a3}' is displayed
04-27 22:37:27.794 I/Gecko   (   84): 1398663447802	Marionette	DEBUG	Got request: switchToFrame, data: {"to":"0","sessionId":"3-b2g","name":"switchToFrame","parameters":{"id":null,"focus":true}}, id: {56c2e8dd-27f3-4f8e-867b-07e47ce43a36}
04-27 22:37:27.794 I/Gecko   (   84): 1398663447804	Marionette	INFO	Switched to frame: {"frameValue":null}
04-27 22:37:27.884 I/Gecko   (   84): [Parent 84] WARNING: waitpid failed pid:1198 errno:10: file ../../../gecko/ipc/chromium/src/base/process_util_posix.cc, line 254
04-27 22:37:27.884 I/Gecko   (   84): [Parent 84] WARNING: Failed to deliver SIGKILL to 1198!(3).: file ../../../gecko/ipc/chromium/src/chrome/common/process_watcher_posix_sigchld.cc, line 118
04-27 22:37:27.894 I/Gecko   (   84): 1398663447906	Marionette	INFO	sendToClient: {"from":"0","ok":true}, {56c2e8dd-27f3-4f8e-867b-07e47ce43a36}, {56c2e8dd-27f3-4f8e-867b-07e47ce43a36}
04-27 22:37:27.904 I/Gecko   (   84): 1398663447912	Marionette	DEBUG	Got request: execute, data: {"to":"0","sessionId":"3-b2g","name":"executeScript","parameters":{"specialPowers":false,"scriptTimeout":null,"newSandbox":true,"args":[],"filename":"gaia_test.py","script":"window.wrappedJSObject.dispatchEvent(new Event('home'));","line":788}}, id: {5e48426c-fa01-4139-b078-506956f3f91e}
04-27 22:37:28.054 D/Sensors (   84): activate handle=0; drv=0
04-27 22:37:28.074 D/Sensors (   84): Lis3dhSensor: Control set 0
04-27 22:37:28.074 D/Sensors (   84): Lis3dhSensor: mEnabled = 0
04-27 22:37:28.244 I/Gonk    (   84): Setting nice for pid 1217 to 18
04-27 22:37:28.254 I/Gonk    (   84): Changed nice for pid 1217 from 0 to 18.
04-27 22:37:28.284 I/Gecko   (   84): 1398663448291	Marionette	INFO	sendToClient: {"from":"0","value":null}, {5e48426c-fa01-4139-b078-506956f3f91e}, {5e48426c-fa01-4139-b078-506956f3f91e}
04-27 22:37:28.314 I/Gonk    (   84): Setting nice for pid 1217 to 18
04-27 22:37:28.314 I/Gonk    (   84): Changed nice for pid 1217 from 18 to 18.
04-27 22:37:28.314 I/Gecko   (   84): [Parent 84] WARNING: waitpid failed pid:1217 errno:10: file ../../../gecko/ipc/chromium/src/base/process_util_posix.cc, line 254
04-27 22:37:28.314 I/Gonk    (   84): Setting nice for pid 1217 to 1
04-27 22:37:28.314 I/Gonk    (   84): Changed nice for pid 1217 from 18 to 1.
04-27 22:37:28.334 I/Gecko   (   84): 1398663448349	Marionette	DEBUG	Got request: switchToFrame, data: {"to":"0","sessionId":"3-b2g","name":"switchToFrame","parameters":{"id":null,"focus":true}}, id: {1e32ec97-3029-45f8-823c-1ea98e932853}
04-27 22:37:28.344 I/Gecko   (   84): 1398663448351	Marionette	INFO	Switched to frame: {"frameValue":null}
04-27 22:37:28.444 I/Gecko   (   84): 1398663448454	Marionette	INFO	sendToClient: {"from":"0","ok":true}, {1e32ec97-3029-45f8-823c-1ea98e932853}, {1e32ec97-3029-45f8-823c-1ea98e932853}
04-27 22:37:28.464 I/Gecko   (   84): 1398663448460	Marionette	DEBUG	Got request: executeWithCallback, data: {"to":"0","sessionId":"3-b2g","name":"executeAsyncScript","parameters":{"specialPowers":false,"scriptTimeout":null,"newSandbox":true,"args":[],"filename":"gaia_test.py","script":"return GaiaApps.displayedApp();","line":66}}, id: {8adf6b85-00fb-4a5e-8266-0ecdb13a562e}
04-27 22:37:28.544 E/GeckoConsole(   84): Content JS LOG at dummy file:392 in GaiaApps.displayedApp: app with origin 'app://homescreen.gaiamobile.org' is displayed
04-27 22:37:28.554 I/Gecko   (   84): 1398663448561	Marionette	INFO	sendToClient: {"from":"0","value":{"frame":{"ELEMENT":"{28927c19-2223-4ede-8418-26d2c5caca77}"},"src":"app://homescreen.gaiamobile.org/index.html#root","name":"Homescreen","origin":"app://homescreen.gaiamobile.org"}}, {8adf6b85-00fb-4a5e-8266-0ecdb13a562e}, {8adf6b85-00fb-4a5e-8266-0ecdb13a562e}
04-27 22:37:28.554 I/Gecko   (   84): 1398663448567	Marionette	DEBUG	Got request: switchToFrame, data: {"to":"0","sessionId":"3-b2g","name":"switchToFrame","parameters":{"id":null,"focus":true}}, id: {2090f96e-1d60-4563-9081-8c3e45666cc4}
04-27 22:37:28.554 I/Gecko   (   84): 1398663448568	Marionette	INFO	Switched to frame: {"frameValue":null}
04-27 22:37:28.664 I/Gecko   (   84): 1398663448671	Marionette	INFO	sendToClient: {"from":"0","ok":true}, {2090f96e-1d60-4563-9081-8c3e45666cc4}, {2090f96e-1d60-4563-9081-8c3e45666cc4}
04-27 22:37:28.664 I/Gecko   (   84): 1398663448676	Marionette	DEBUG	Got request: switchToFrame, data: {"to":"0","sessionId":"3-b2g","name":"switchToFrame","parameters":{"id":null,"focus":true}}, id: {5ba3b043-00cd-4526-b854-f6988801921b}
04-27 22:37:28.664 I/Gecko   (   84): 1398663448678	Marionette	INFO	Switched to frame: {"frameValue":null}
04-27 22:37:28.774 I/Gecko   (   84): 1398663448782	Marionette	INFO	sendToClient: {"from":"0","ok":true}, {5ba3b043-00cd-4526-b854-f6988801921b}, {5ba3b043-00cd-4526-b854-f6988801921b}
04-27 22:37:28.774 I/Gecko   (   84): 1398663448788	Marionette	DEBUG	Got request: executeWithCallback, data: {"to":"0","sessionId":"3-b2g","name":"executeAsyncScript","parameters":{"specialPowers":false,"scriptTimeout":null,"newSandbox":true,"args":[],"filename":"gaia_test.py","script":"return GaiaApps.displayedApp();","line":66}}, id: {fd5deb60-85e0-43c2-be1d-7929f95f3c5f}
04-27 22:37:28.844 I/Gecko   (   84): 1398663448856	Marionette	INFO	sendToClient: {"from":"0","value":{"frame":{"ELEMENT":"{28927c19-2223-4ede-8418-26d2c5caca77}"},"src":"app://homescreen.gaiamobile.org/index.html#root","name":"Homescreen","origin":"app://homescreen.gaiamobile.org"}}, {fd5deb60-85e0-43c2-be1d-7929f95f3c5f}, {fd5deb60-85e0-43c2-be1d-7929f95f3c5f}
04-27 22:37:28.854 E/GeckoConsole(   84): Content JS LOG at dummy file:392 in GaiaApps.displayedApp: app with origin 'app://homescreen.gaiamobile.org' is displayed
04-27 22:37:28.854 I/Gecko   (   84): 1398663448866	Marionette	DEBUG	Got request: switchToFrame, data: {"to":"0","sessionId":"3-b2g","name":"switchToFrame","parameters":{"focus":true,"element":"{28927c19-2223-4ede-8418-26d2c5caca77}"}}, id: {c0502ac1-ba55-4cab-9ed4-259d3db24c8f}
04-27 22:37:28.864 I/Gecko   (   84): 1398663448876	Marionette	INFO	Switched to frame: {"frameValue":"{28927c19-2223-4ede-8418-26d2c5caca77}"}
04-27 22:37:28.884 I/Gecko   (   84): 1398663448892	Marionette	INFO	trying remote frame 0
04-27 22:37:28.884 I/Gecko   (   84): 1398663448893	Marionette	INFO	deleting frame
04-27 22:37:28.884 I/Gecko   (   84): 1398663448899	Marionette	INFO	frame-manager load script: [object ChromeMessageSender]
04-27 22:37:29.304 E/[Gralloc-ERROR](   84): int gralloc_register_buffer(const gralloc_module_t*, const native_handle_t*):79 Unable to register handle 0x4435bec0 coming from different process: 84
04-27 22:37:29.324 E/[Gralloc-ERROR](   84): int gralloc_register_buffer(const gralloc_module_t*, const native_handle_t*):79 Unable to register handle 0x4435bfb0 coming from different process: 84
04-27 22:37:29.514 W/WifiHW  (   84): wifi_command: SIGNAL_POLL
04-27 22:37:29.694 E/[Gralloc-ERROR](   84): int gralloc_unregister_buffer(const gralloc_module_t*, const native_handle_t*):274 Trying to unregister buffer 0x4435bfb0 from process 84 that was not created in current process: 84
04-27 22:37:29.694 E/[Gralloc-ERROR](   84): int gralloc_unregister_buffer(const gralloc_module_t*, const native_handle_t*):274 Trying to unregister buffer 0x4435bec0 from process 84 that was not created in current process: 84
04-27 22:37:31.124 I/Gonk    (   84): Setting nice for pid 1083 to 18
04-27 22:37:31.124 I/Gonk    (   84): Changed nice for pid 1083 from 1 to 18.
04-27 22:37:31.274 I/Gonk    (   84): Setting nice for pid 1229 to 18
04-27 22:37:31.274 I/Gonk    (   84): Changed nice for pid 1229 from 0 to 18.
04-27 22:37:31.334 I/Gecko   (   84): [Parent 84] WARNING: pipe error (149): Connection reset by peer: file ../../../gecko/ipc/chromium/src/chrome/common/ipc_channel_posix.cc, line 446
04-27 22:37:31.414 I/Gecko   (   84): 
04-27 22:37:31.414 I/Gecko   (   84): ###!!! [Parent][MessageChannel] Error: Channel error: cannot send/recv
04-27 22:37:31.414 I/Gecko   (   84): 
04-27 22:37:31.474 I/GeckoDump(   84): Crash reporter : Can't fetch app.reportCrashes. Exception: [Exception... "Component returned failure code: 0x8000ffff (NS_ERROR_UNEXPECTED) [nsIPrefBranch.getBoolPref]"  nsresult: "0x8000ffff (NS_ERROR_UNEXPECTED)"  location: "JS frame :: chrome://browser/content/shell.js :: shell_reportCrash :: line 7"  data: no]
04-27 22:37:31.594 I/Gecko   (   84): [Parent 84] WARNING: waitpid failed pid:1083 errno:10: file ../../../gecko/ipc/chromium/src/base/process_util_posix.cc, line 254
04-27 22:37:32.364 I/Gecko   ( 1217): ###################################### forms.js loaded
04-27 22:37:32.464 I/Gecko   ( 1217): ############################### browserElementPanning.js loaded
04-27 22:37:32.524 I/Gecko   ( 1217): ######################## BrowserElementChildPreload.js loaded
04-27 22:37:33.594 I/Gecko   (   84): [Parent 84] WARNING: waitpid failed pid:1083 errno:10: file ../../../gecko/ipc/chromium/src/base/process_util_posix.cc, line 254
04-27 22:37:33.594 I/Gecko   (   84): [Parent 84] WARNING: Failed to deliver SIGKILL to 1083!(3).: file ../../../gecko/ipc/chromium/src/chrome/common/process_watcher_posix_sigchld.cc, line 118
04-27 22:37:34.044 I/Gecko   ( 1229): ###################################### forms.js loaded
04-27 22:37:34.124 I/Gecko   ( 1229): ############################### browserElementPanning.js loaded
04-27 22:37:34.164 I/Gecko   ( 1229): ######################## BrowserElementChildPreload.js loaded
04-27 22:37:34.454 W/WifiHW  (   84): wifi_command: SIGNAL_POLL
04-27 22:37:35.054 I/Gecko   (   84): 1398663455067	Marionette	INFO	sendToClient: {"from":"0","ok":true}, {c0502ac1-ba55-4cab-9ed4-259d3db24c8f}, {c0502ac1-ba55-4cab-9ed4-259d3db24c8f}
04-27 22:37:35.404 I/Gecko   (   84): 1398663455418	Marionette	INFO	sendToClient: {"from":"0","value":"app://homescreen.gaiamobile.org/index.html#root"}, {06d2a894-6749-479c-82fc-26d884738c17}, {06d2a894-6749-479c-82fc-26d884738c17}
04-27 22:37:35.414 I/Gecko   (   84): 1398663455424	Marionette	DEBUG	Got request: switchToFrame, data: {"to":"0","sessionId":"3-b2g","name":"switchToFrame","parameters":{"id":null,"focus":true}}, id: {15d507ce-570b-4dca-9672-68557345a9d3}
04-27 22:37:35.454 I/Gecko   (   84): 1398663455460	Marionette	INFO	Switched to frame: {"frameValue":null}
04-27 22:37:35.554 I/Gecko   (   84): 1398663455564	Marionette	INFO	sendToClient: {"from":"0","ok":true}, {15d507ce-570b-4dca-9672-68557345a9d3}, {15d507ce-570b-4dca-9672-68557345a9d3}
04-27 22:37:35.554 I/Gecko   (   84): 1398663455569	Marionette	DEBUG	Got request: switchToFrame, data: {"to":"0","sessionId":"3-b2g","name":"switchToFrame","parameters":{"id":null,"focus":true}}, id: {87a2d540-9f9c-403a-9293-1ead2a026a70}
04-27 22:37:35.564 I/Gecko   (   84): 1398663455571	Marionette	INFO	Switched to frame: {"frameValue":null}
04-27 22:37:35.674 I/Gecko   (   84): 1398663455682	Marionette	INFO	sendToClient: {"from":"0","ok":true}, {87a2d540-9f9c-403a-9293-1ead2a026a70}, {87a2d540-9f9c-403a-9293-1ead2a026a70}
04-27 22:37:35.684 I/Gecko   (   84): 1398663455694	Marionette	DEBUG	Got request: executeWithCallback, data: {"to":"0","sessionId":"3-b2g","name":"executeAsyncScript","parameters":{"specialPowers":false,"scriptTimeout":null,"newSandbox":true,"args":[],"filename":"gaia_test.py","script":"GaiaApps.killAll()","line":91}}, id: {5cd0dbb0-751f-474d-b5ec-03f1cc724962}
04-27 22:37:35.744 I/Gecko   (   84): 1398663455751	Marionette	INFO	sendToClient: {"from":"0","value":true}, {5cd0dbb0-751f-474d-b5ec-03f1cc724962}, {5cd0dbb0-751f-474d-b5ec-03f1cc724962}
04-27 22:37:35.744 I/Gecko   (   84): 1398663455757	Marionette	DEBUG	Got request: switchToFrame, data: {"to":"0","sessionId":"3-b2g","name":"switchToFrame","parameters":{"id":null,"focus":true}}, id: {0c8d16ad-5553-418f-a493-f7dcca730d73}
04-27 22:37:35.754 I/Gecko   (   84): 1398663455761	Marionette	INFO	Switched to frame: {"frameValue":null}
04-27 22:37:35.854 I/Gecko   (   84): 1398663455864	Marionette	INFO	sendToClient: {"from":"0","ok":true}, {0c8d16ad-5553-418f-a493-f7dcca730d73}, {0c8d16ad-5553-418f-a493-f7dcca730d73}
04-27 22:37:35.864 I/Gecko   (   84): 1398663455870	Marionette	DEBUG	Got request: executeWithCallback, data: {"to":"0","sessionId":"3-b2g","name":"executeAsyncScript","parameters":{"specialPowers":false,"scriptTimeout":60000,"newSandbox":true,"args":[],"filename":"app_checker.py","script":"\n        GaiaApps.locateWithManifestURL('https://marketplace.firefox.com/app/83054faa-6215-46ee-9d58-aedc777ba7ab/manifest.webapp',\n                                       null,\n                                       function uninstall(app) {\n                                       navigator.mozApps.mgmt.uninstall(app);\n                                       marionetteScriptFinished(true);\n                                       });\n        ","line":129}}, id: {f437cd22-10f2-442b-ba8c-5880ef1df13a}
04-27 22:37:35.904 I/Gecko   (   84): -- webapps.js uninstall https://marketplace.firefox.com/app/83054faa-6215-46ee-9d58-aedc777ba7ab/manifest.webapp
04-27 22:37:36.344 I/Gecko   (   84): 1398663456351	Marionette	INFO	sendToClient: {"from":"0","value":true}, {f437cd22-10f2-442b-ba8c-5880ef1df13a}, {f437cd22-10f2-442b-ba8c-5880ef1df13a}