04-28 03:08:15.028 I/Gecko   (   84): 1398679695044	Marionette	INFO	sendToClient: {"from":"0","value":"<div><img src=\"blob:eb238a45-527e-40f1-a86d-0420c2db4389\" style=\"visibility: visible;\" role=\"presentation\" height=\"64\" width=\"64\"><span class=\"labelWrapper\"><span>Los Colores</span></span></div><span data-is-icon=\"true\" class=\"options\"></span>"}, {4ecd4757-b713-4ec0-8c74-d90ab78213ea}, {4ecd4757-b713-4ec0-8c74-d90ab78213ea}
04-28 03:08:15.038 I/Gecko   (   84): 1398679695054	Marionette	INFO	sendToClient: {"from":"0","value":"<div><img src=\"blob:38c7c37d-9b81-464e-afb9-afb2c19a6aba\" style=\"visibility: visible;\" role=\"presentation\" height=\"64\" width=\"64\"><span class=\"labelWrapper\"><span>Transporte</span></span></div><span data-is-icon=\"true\" class=\"options\"></span>"}, {1799e60d-2738-41bd-8b44-a7d2b0ac5823}, {1799e60d-2738-41bd-8b44-a7d2b0ac5823}
04-28 03:08:15.048 I/Gecko   (   84): 1398679695065	Marionette	INFO	sendToClient: {"from":"0","value":"<div><img src=\"blob:8e6db90f-a586-4081-aa3e-18d9a31595bd\" style=\"visibility: visible;\" role=\"presentation\" height=\"64\" width=\"64\"><span class=\"labelWrapper mask\"><span>Basic Immunology</span></span></div><span data-is-icon=\"true\" class=\"options\"></span>"}, {673ba534-ed4c-48b3-ae98-fd05ae066dd1}, {673ba534-ed4c-48b3-ae98-fd05ae066dd1}
04-28 03:08:15.058 I/Gecko   (   84): 1398679695076	Marionette	INFO	sendToClient: {"from":"0","value":"<div><img src=\"blob:4e9d59bf-b9fb-41f3-ac78-12bfc0819255\" style=\"visibility: visible;\" role=\"presentation\" height=\"64\" width=\"64\"><span class=\"labelWrapper mask\"><span>Muscle &amp; Brain</span></span></div><span data-is-icon=\"true\" class=\"options\"></span>"}, {abb2b8a0-aded-429a-87e7-89b8ff20f779}, {abb2b8a0-aded-429a-87e7-89b8ff20f779}
04-28 03:08:15.068 I/Gecko   (   84): 1398679695086	Marionette	INFO	sendToClient: {"from":"0","value":"<div><img src=\"blob:2466f9d3-4160-4488-b075-641f9b93369e\" style=\"visibility: visible;\" role=\"presentation\" height=\"64\" width=\"64\"><span class=\"labelWrapper\"><span>PongArena</span></span></div><span data-is-icon=\"true\" class=\"options\"></span>"}, {d7c91956-20d4-4c50-beb7-400ac4ecaa32}, {d7c91956-20d4-4c50-beb7-400ac4ecaa32}
04-28 03:08:15.078 I/Gecko   (   84): 1398679695096	Marionette	INFO	sendToClient: {"from":"0","value":"<div><img src=\"blob:e48238a8-cd0f-4279-8f2c-6aea3b891f86\" style=\"visibility: visible;\" role=\"presentation\" height=\"64\" width=\"64\"><span class=\"labelWrapper\"><span>Phone</span></span></div>"}, {3f6c7d87-1d18-4645-8338-492fde488ea0}, {3f6c7d87-1d18-4645-8338-492fde488ea0}
04-28 03:08:15.088 I/Gecko   (   84): 1398679695107	Marionette	INFO	sendToClient: {"from":"0","value":"<div><img src=\"blob:17de3de4-2e10-45f5-85e6-bf9cdf39428c\" style=\"visibility: visible;\" role=\"presentation\" height=\"64\" width=\"64\"><span class=\"labelWrapper\"><span>Messages</span></span></div>"}, {3f4d2bf2-c375-4cbb-be7f-2cee0d35ae04}, {3f4d2bf2-c375-4cbb-be7f-2cee0d35ae04}
04-28 03:08:15.108 I/Gecko   (   84): 1398679695119	Marionette	INFO	sendToClient: {"from":"0","value":"<div><img src=\"blob:27fe6d6e-77f5-4d0a-8c66-183dc202249b\" style=\"visibility: visible;\" role=\"presentation\" height=\"64\" width=\"64\"><span class=\"labelWrapper\"><span>Contacts</span></span></div>"}, {305bf6d1-7183-4aae-ab5d-0284084ce5f6}, {305bf6d1-7183-4aae-ab5d-0284084ce5f6}
04-28 03:08:15.118 I/Gecko   (   84): 1398679695130	Marionette	INFO	sendToClient: {"from":"0","value":"<div><img src=\"blob:575923c7-81c1-4320-a4ef-0bd9fc5d6267\" style=\"visibility: visible;\" role=\"presentation\" height=\"64\" width=\"64\"><span class=\"labelWrapper\"><span>Browser</span></span></div>"}, {bdb59e66-0d6f-45b5-8e75-cabd7bdedc0e}, {bdb59e66-0d6f-45b5-8e75-cabd7bdedc0e}
04-28 03:08:15.138 I/Gecko   (   84): 1398679695155	Marionette	INFO	sendToClient: {"from":"0","value":"app://homescreen.gaiamobile.org/index.html#root"}, {7c57a88f-9795-4753-92cc-dbb8188b667a}, {7c57a88f-9795-4753-92cc-dbb8188b667a}
04-28 03:08:15.148 I/Gecko   (   84): 1398679695161	Marionette	DEBUG	Got request: switchToFrame, data: {"to":"0","sessionId":"3-b2g","name":"switchToFrame","parameters":{"id":null,"focus":true}}, id: {7a1a97f2-cfaf-4f0e-a0f8-2e0a7155e240}
04-28 03:08:15.168 I/Gecko   (   84): 1398679695182	Marionette	INFO	Switched to frame: {"frameValue":null}
04-28 03:08:15.358 I/Gecko   (   84): 1398679695370	Marionette	INFO	sendToClient: {"from":"0","ok":true}, {7a1a97f2-cfaf-4f0e-a0f8-2e0a7155e240}, {7a1a97f2-cfaf-4f0e-a0f8-2e0a7155e240}
04-28 03:08:15.358 I/Gecko   (   84): 1398679695376	Marionette	DEBUG	Got request: switchToFrame, data: {"to":"0","sessionId":"3-b2g","name":"switchToFrame","parameters":{"id":null,"focus":true}}, id: {0d8a759c-1719-4e4f-93b7-37763e282ec1}
04-28 03:08:15.368 I/Gecko   (   84): 1398679695378	Marionette	INFO	Switched to frame: {"frameValue":null}
04-28 03:08:15.468 I/Gecko   (   84): 1398679695481	Marionette	INFO	sendToClient: {"from":"0","ok":true}, {0d8a759c-1719-4e4f-93b7-37763e282ec1}, {0d8a759c-1719-4e4f-93b7-37763e282ec1}
04-28 03:08:15.468 I/Gecko   (   84): 1398679695487	Marionette	DEBUG	Got request: executeWithCallback, data: {"to":"0","sessionId":"3-b2g","name":"executeAsyncScript","parameters":{"specialPowers":false,"scriptTimeout":30000,"newSandbox":true,"args":[],"filename":"app_checker.py","script":"GaiaApps.launchWithManifestURL('https://marketplace.firefox.com/app/4eb3b5bc-b935-4ac8-871d-e6882278c205/manifest.webapp')","line":106}}, id: {c2d17ff7-e14b-436c-9b94-617e84dda05e}
04-28 03:08:15.668 E/GeckoConsole(   84): Content JS LOG at dummy file:334 in GaiaApps.launch: launching app with name 'PongArena'
04-28 03:08:16.048 I/Gonk    (   84): Setting nice for pid 1378 to 18
04-28 03:08:16.048 I/Gonk    (   84): Changed nice for pid 1378 from 0 to 18.
04-28 03:08:16.048 I/Gecko   (   84): [Parent 84] WARNING: waitpid failed pid:1378 errno:10: file ../../../gecko/ipc/chromium/src/base/process_util_posix.cc, line 254
04-28 03:08:16.088 I/Gonk    (   84): Setting nice for pid 1378 to 1
04-28 03:08:16.088 I/Gonk    (   84): Changed nice for pid 1378 from 18 to 1.
04-28 03:08:16.208 I/GonkMemoryPressure( 1378): Checking to see if memory pressure is over.
04-28 03:08:16.208 I/GonkMemoryPressure( 1378): Memory pressure is over.
04-28 03:08:16.638 E/[Gralloc-ERROR](   84): int gralloc_register_buffer(const gralloc_module_t*, const native_handle_t*):79 Unable to register handle 0x45d6ad30 coming from different process: 84
04-28 03:08:16.658 E/[Gralloc-ERROR](   84): int gralloc_register_buffer(const gralloc_module_t*, const native_handle_t*):79 Unable to register handle 0x45db5100 coming from different process: 84
04-28 03:08:16.678 E/[Gralloc-ERROR](   84): int gralloc_register_buffer(const gralloc_module_t*, const native_handle_t*):79 Unable to register handle 0x45db5240 coming from different process: 84
04-28 03:08:16.678 E/[Gralloc-ERROR](   84): int gralloc_register_buffer(const gralloc_module_t*, const native_handle_t*):79 Unable to register handle 0x45db5330 coming from different process: 84
04-28 03:08:16.888 D/Sensors (   84): activate handle=0; drv=0
04-28 03:08:16.888 D/Sensors (   84): Lis3dhSensor: Control set 1
04-28 03:08:16.888 D/Sensors (   84): Lis3dhSensor: mEnabled = 1
04-28 03:08:16.928 I/Gonk    (   84): Setting nice for pid 1345 to 18
04-28 03:08:16.938 I/Gonk    (   84): Changed nice for pid 1345 from 1 to 18.
04-28 03:08:17.168 W/WifiHW  (   84): wifi_command: SIGNAL_POLL
04-28 03:08:17.198 I/log     ( 1497): <4>0[ 300.799983] select 1345 (Homescreen), adj 8, size 6580, to kill 
04-28 03:08:17.438 I/Gecko   (   84): 
04-28 03:08:17.438 I/Gecko   (   84): ###!!! [Parent][MessageChannel] Error: Channel error: cannot send/recv
04-28 03:08:17.438 I/Gecko   (   84): 
04-28 03:08:17.458 I/Gecko   (   84): [Parent 84] WARNING: pipe error (157): Connection reset by peer: file ../../../gecko/ipc/chromium/src/chrome/common/ipc_channel_posix.cc, line 446
04-28 03:08:17.478 I/GonkMemoryPressure(   84): Checking to see if memory pressure is over.
04-28 03:08:17.478 I/GonkMemoryPressure(   84): Memory pressure is over.
04-28 03:08:17.588 I/GeckoDump(   84): Crash reporter : Can't fetch app.reportCrashes. Exception: [Exception... "Component returned failure code: 0x8000ffff (NS_ERROR_UNEXPECTED) [nsIPrefBranch.getBoolPref]"  nsresult: "0x8000ffff (NS_ERROR_UNEXPECTED)"  location: "JS frame :: chrome://browser/content/shell.js :: shell_reportCrash :: line 7"  data: no]
04-28 03:08:17.638 I/Gecko   (   84): [Parent 84] WARNING: waitpid failed pid:1345 errno:10: file ../../../gecko/ipc/chromium/src/base/process_util_posix.cc, line 254
04-28 03:08:19.438 E/GeckoConsole( 1378): Content JS LOG at app://{0fd17f5f-b768-4664-8673-aa66ea292614}/js/custom/main.js:101 in anonymous: My Custom loads
04-28 03:08:19.638 I/Gecko   (   84): [Parent 84] WARNING: waitpid failed pid:1345 errno:10: file ../../../gecko/ipc/chromium/src/base/process_util_posix.cc, line 254
04-28 03:08:19.638 I/Gecko   (   84): [Parent 84] WARNING: Failed to deliver SIGKILL to 1345!(3).: file ../../../gecko/ipc/chromium/src/chrome/common/process_watcher_posix_sigchld.cc, line 118
04-28 03:08:21.198 I/Gonk    (   84): Setting nice for pid 1504 to 18
04-28 03:08:21.218 I/Gonk    (   84): Changed nice for pid 1504 from 0 to 18.
04-28 03:08:22.688 W/WifiHW  (   84): wifi_command: SIGNAL_POLL
04-28 03:08:24.988 I/Gecko   ( 1378): Attempting load of libEGL.so
04-28 03:08:25.258 D/libEGL  ( 1378): loaded /system/lib/egl/libEGL_mali.so
04-28 03:08:25.278 D/libEGL  ( 1378): loaded /system/lib/egl/libGLESv1_CM_mali.so
04-28 03:08:25.298 D/libEGL  ( 1378): loaded /system/lib/egl/libGLESv2_mali.so
04-28 03:08:25.438 I/Gecko   ( 1378): SharedSurface_Gralloc::Create -------
04-28 03:08:25.458 I/Gecko   ( 1378): SharedSurface_Gralloc::Create: success -- surface 0x430cedc0, GraphicBuffer 0x435c1300.
04-28 03:08:28.838 I/Gecko   ( 1378): SharedSurface_Gralloc::Create -------
04-28 03:08:28.908 I/Gecko   ( 1378): SharedSurface_Gralloc::Create: success -- surface 0x4308fc40, GraphicBuffer 0x435ebc00.
04-28 03:08:29.798 I/Gecko   ( 1378): [SharedSurface_Gralloc 0x430cedc0] destroyed
04-28 03:08:29.978 I/Gecko   ( 1378): SharedSurface_Gralloc::Create -------
04-28 03:08:30.048 I/Gecko   ( 1378): SharedSurface_Gralloc::Create: success -- surface 0x430ce840, GraphicBuffer 0x435c1100.
04-28 03:08:30.528 W/WifiHW  (   84): wifi_command: SIGNAL_POLL
04-28 03:08:30.758 I/GonkMemoryPressure( 1378): Checking to see if memory pressure is over.
04-28 03:08:30.758 I/GonkMemoryPressure( 1378): Memory pressure is over.
04-28 03:08:30.758 I/GonkMemoryPressure( 1504): Checking to see if memory pressure is over.
04-28 03:08:30.778 I/GonkMemoryPressure(   84): Checking to see if memory pressure is over.
04-28 03:08:30.778 I/GonkMemoryPressure(   84): Memory pressure is over.
04-28 03:08:30.928 I/GonkMemoryPressure( 1504): Memory pressure is over.
04-28 03:08:31.068 I/Gecko   ( 1378): [SharedSurface_Gralloc 0x4308fc40] destroyed
04-28 03:08:31.238 I/Gecko   ( 1378): SharedSurface_Gralloc::Create -------
04-28 03:08:31.288 I/Gecko   ( 1378): SharedSurface_Gralloc::Create: success -- surface 0x4308fc40, GraphicBuffer 0x435c2f80.
04-28 03:08:33.028 I/Gecko   ( 1378): [SharedSurface_Gralloc 0x430ce840] destroyed
04-28 03:08:34.488 E/Profiler(   84): BPUnw: [1 total] thread_unregister_for_profiling(me=0xe89e10)  (NOT REGISTERED) 
04-28 03:08:34.718 E/Profiler(   84): BPUnw: [1 total] thread_unregister_for_profiling(me=0xe7b748)  (NOT REGISTERED) 
04-28 03:08:34.738 E/Profiler(   84): BPUnw: [1 total] thread_unregister_for_profiling(me=0xe73e88)  (NOT REGISTERED) 
04-28 03:08:39.938 I/GonkMemoryPressure(   84): Checking to see if memory pressure is over.
04-28 03:08:39.958 I/GonkMemoryPressure(   84): Memory pressure is over.
04-28 03:08:40.028 I/GonkMemoryPressure( 1504): Checking to see if memory pressure is over.
04-28 03:08:40.038 I/GonkMemoryPressure( 1504): Memory pressure is over.
04-28 03:08:40.858 W/WifiHW  (   84): wifi_command: SIGNAL_POLL
04-28 03:08:40.918 I/Gecko   (   84): 
04-28 03:08:40.918 I/Gecko   (   84): ###!!! [Parent][MessageChannel] Error: Channel error: cannot send/recv
04-28 03:08:40.918 I/Gecko   (   84): 
04-28 03:08:41.158 I/Gonk    (   84): Setting nice for pid 1504 to 18
04-28 03:08:41.158 I/Gonk    (   84): Changed nice for pid 1504 from 0 to 18.
04-28 03:08:41.158 I/Gecko   (   84): [Parent 84] WARNING: waitpid failed pid:1504 errno:10: file ../../../gecko/ipc/chromium/src/base/process_util_posix.cc, line 254
04-28 03:08:41.178 I/Gonk    (   84): Setting nice for pid 1504 to 1
04-28 03:08:41.178 I/Gonk    (   84): Changed nice for pid 1504 from 18 to 1.
04-28 03:08:41.238 D/Sensors (   84): activate handle=0; drv=0
04-28 03:08:41.238 D/Sensors (   84): Lis3dhSensor: Control set 0
04-28 03:08:41.238 D/Sensors (   84): Lis3dhSensor: mEnabled = 0
04-28 03:08:41.328 I/GeckoDump(   84): Crash reporter : Can't fetch app.reportCrashes. Exception: [Exception... "Component returned failure code: 0x8000ffff (NS_ERROR_UNEXPECTED) [nsIPrefBranch.getBoolPref]"  nsresult: "0x8000ffff (NS_ERROR_UNEXPECTED)"  location: "JS frame :: chrome://browser/content/shell.js :: shell_reportCrash :: line 7"  data: no]
04-28 03:08:41.538 I/Gecko   ( 1504): ###################################### forms.js loaded
04-28 03:08:41.668 I/Gecko   ( 1504): ############################### browserElementPanning.js loaded
04-28 03:08:41.718 I/Gecko   ( 1504): ######################## BrowserElementChildPreload.js loaded
04-28 03:08:41.798 I/Gecko   (   84): [Parent 84] WARNING: waitpid failed pid:1378 errno:10: file ../../../gecko/ipc/chromium/src/base/process_util_posix.cc, line 254
04-28 03:08:41.878 E/[Gralloc-ERROR](   84): int gralloc_unregister_buffer(const gralloc_module_t*, const native_handle_t*):274 Trying to unregister buffer 0x45db5100 from process 84 that was not created in current process: 84
04-28 03:08:41.878 E/[Gralloc-ERROR](   84): int gralloc_unregister_buffer(const gralloc_module_t*, const native_handle_t*):274 Trying to unregister buffer 0x45d6ad30 from process 84 that was not created in current process: 84
04-28 03:08:41.878 E/[Gralloc-ERROR](   84): int gralloc_unregister_buffer(const gralloc_module_t*, const native_handle_t*):274 Trying to unregister buffer 0x45db5330 from process 84 that was not created in current process: 84
04-28 03:08:41.878 E/[Gralloc-ERROR](   84): int gralloc_unregister_buffer(const gralloc_module_t*, const native_handle_t*):274 Trying to unregister buffer 0x45db5240 from process 84 that was not created in current process: 84
04-28 03:08:42.358 E/[Gralloc-ERROR](   84): int gralloc_register_buffer(const gralloc_module_t*, const native_handle_t*):79 Unable to register handle 0x444a14c0 coming from different process: 84
04-28 03:08:42.358 E/[Gralloc-ERROR](   84): int gralloc_register_buffer(const gralloc_module_t*, const native_handle_t*):79 Unable to register handle 0x444a1790 coming from different process: 84
04-28 03:08:42.368 E/[Gralloc-ERROR](   84): int gralloc_register_buffer(const gralloc_module_t*, const native_handle_t*):79 Unable to register handle 0x444a1d80 coming from different process: 84
04-28 03:08:42.378 E/[Gralloc-ERROR](   84): int gralloc_register_buffer(const gralloc_module_t*, const native_handle_t*):79 Unable to register handle 0x444ca1a0 coming from different process: 84
04-28 03:08:42.618 E/[Gralloc-ERROR](   84): int gralloc_unregister_buffer(const gralloc_module_t*, const native_handle_t*):274 Trying to unregister buffer 0x444a1790 from process 84 that was not created in current process: 84
04-28 03:08:42.618 E/[Gralloc-ERROR](   84): int gralloc_unregister_buffer(const gralloc_module_t*, const native_handle_t*):274 Trying to unregister buffer 0x444a14c0 from process 84 that was not created in current process: 84
04-28 03:08:42.618 E/[Gralloc-ERROR](   84): int gralloc_unregister_buffer(const gralloc_module_t*, const native_handle_t*):274 Trying to unregister buffer 0x444ca1a0 from process 84 that was not created in current process: 84
04-28 03:08:42.618 E/[Gralloc-ERROR](   84): int gralloc_unregister_buffer(const gralloc_module_t*, const native_handle_t*):274 Trying to unregister buffer 0x444a1d80 from process 84 that was not created in current process: 84
04-28 03:08:43.798 I/Gecko   (   84): [Parent 84] WARNING: waitpid failed pid:1378 errno:10: file ../../../gecko/ipc/chromium/src/base/process_util_posix.cc, line 254
04-28 03:08:43.798 I/Gecko   (   84): [Parent 84] WARNING: Failed to deliver SIGKILL to 1378!(3).: file ../../../gecko/ipc/chromium/src/chrome/common/process_watcher_posix_sigchld.cc, line 118
04-28 03:08:44.158 E/GeckoConsole( 1504): Content JS ERROR at app://homescreen.gaiamobile.org/gaia_build_defer_index.js:390 in loadSVConfFileError: Failed parsing singleVariant configuration file [js/singlevariantconf.json]:  [Exception... "File error: Not found"  nsresult: "0x80520012 (NS_ERROR_FILE_NOT_FOUND)"  location: "JS frame :: app://homescreen.gaiamobile.org/gaia_build_defer_index.js :: loadFile :: line 382"  data: no]
04-28 03:08:45.558 I/Gecko   (   84): 1398679725576	Marionette	INFO	sendToClient: {"from":"0","error":{"message":"timed out","status":28,"stacktrace":null}}, {c2d17ff7-e14b-436c-9b94-617e84dda05e}, {c2d17ff7-e14b-436c-9b94-617e84dda05e}