--------- beginning of /dev/log/system
04-25 01:45:18.890 I/Vold    (   78): Vold 2.1 (the revenge) firing up
04-25 01:45:18.890 D/Vold    (   78): Volume sdcard state changing -1 (Initializing) -> 0 (No-Media)
04-25 01:45:18.970 D/Vold    (   78): Volume sdcard state changing 0 (No-Media) -> 2 (Pending)
04-25 01:45:18.970 D/Vold    (   78): Volume sdcard state changing 2 (Pending) -> 1 (Idle-Unmounted)
04-25 01:45:23.860 D/VoldCmdListener(   78): volume list
04-25 01:45:23.870 D/VoldCmdListener(   78): volume mount sdcard
04-25 01:45:23.870 I/Vold    (   78): /dev/block/vold/179:1 being considered for volume sdcard
04-25 01:45:23.870 D/Vold    (   78): Volume sdcard state changing 1 (Idle-Unmounted) -> 3 (Checking)
04-25 01:45:23.870 W/Vold    (   78): Skipping fs checks
04-25 01:45:23.910 I/Vold    (   78): Device /dev/block/vold/179:1, target /mnt/sdcard mounted @ /mnt/secure/staging
04-25 01:45:23.910 D/Vold    (   78): Volume sdcard state changing 3 (Checking) -> 4 (Mounted)
--------- beginning of /dev/log/main
04-25 01:45:25.290 E/eng_rf_nv_update(  101): [eng_rf_nv_update]: end eng rf nv update!
04-25 01:45:25.290 D/BTWIFIMAC(   94): read_btwifimac_from_modem modem_fd=7
04-25 01:45:25.290 D/BTWIFIMAC(   94): ===========BT MAC===========
04-25 01:45:25.290 D/BTWIFIMAC(   94): read_btwifimac_from_modem: send 39,1,AT+SNVM=0,401
04-25 01:45:25.290 D/BTWIFIMAC(   94): send_to_modem
04-25 01:45:25.290 D/BTWIFIMAC(   94): recv_from_modem: Waiting modem response ... fd=7
04-25 01:45:25.290 D/SPRDENG (  169): eng_servermodem_comm: use SIM1 /dev/CHNPTY13
04-25 01:45:25.290 D/SPRDENG (  169): AT > AT+SNVM=0,401
04-25 01:45:25.290 D/SPRDENG (  169): 41
04-25 01:45:25.290 D/SPRDENG (  169): 54
04-25 01:45:25.290 D/SPRDENG (  169): 2b
04-25 01:45:25.290 D/SPRDENG (  169): 53
04-25 01:45:25.290 D/SPRDENG (  169): 4e
04-25 01:45:25.290 D/SPRDENG (  169): 56
04-25 01:45:25.290 D/SPRDENG (  169): 4d
04-25 01:45:25.290 D/SPRDENG (  169): 3d
04-25 01:45:25.290 D/SPRDENG (  169): 30
04-25 01:45:25.290 D/SPRDENG (  169): 2c
04-25 01:45:25.290 D/SPRDENG (  169): 34
04-25 01:45:25.290 D/SPRDENG (  169): 30
04-25 01:45:25.290 D/SPRDENG (  169): 31
04-25 01:45:25.290 D/SPRDENG (  169): eng_modem2server: use SIM1 /dev/CHNPTY13
04-25 01:45:25.300 D/SPRDENG (  169): AT < 
04-25 01:45:25.300 D/SPRDENG (  169): +SNVM: 8,FFFFFFFFFFFF2500
04-25 01:45:25.300 D/SPRDENG (  169): 
04-25 01:45:25.300 D/SPRDENG (  169): OK
04-25 01:45:25.300 D/SPRDENG (  169): 
04-25 01:45:25.300 D/BTWIFIMAC(   94): recv_from_modem: Receive 1 Modem Response
04-25 01:45:25.300 D/BTWIFIMAC(   94): read_btwifimac_from_modem: BT timeout=35, response=
04-25 01:45:25.300 D/BTWIFIMAC(   94): +SNVM: 8,FFFFFFFFFFFF2500
04-25 01:45:25.300 D/BTWIFIMAC(   94): 
04-25 01:45:25.300 D/BTWIFIMAC(   94): OK
04-25 01:45:25.300 D/BTWIFIMAC(   94): 
04-25 01:45:25.300 I/logwrapper(   83): /system/bin/eng_rf_nv_update terminated by exit(0)
04-25 01:45:25.400 D/BTWIFIMAC(   94): get_macaddress: mac address is FF:FF:FF:FF:FF:FF
04-25 01:45:25.400 D/BTWIFIMAC(   94): ===========WIFI MAC===========
04-25 01:45:25.400 D/BTWIFIMAC(   94): read_btwifimac_from_modem: send 39,1,AT+SNVM=0,409
04-25 01:45:25.400 D/BTWIFIMAC(   94): send_to_modem
04-25 01:45:25.400 D/BTWIFIMAC(   94): recv_from_modem: Waiting modem response ... fd=7
04-25 01:45:25.400 D/SPRDENG (  169): eng_servermodem_comm: use SIM1 /dev/CHNPTY13
04-25 01:45:25.400 D/SPRDENG (  169): AT > AT+SNVM=0,409
04-25 01:45:25.400 D/SPRDENG (  169): 41
04-25 01:45:25.400 D/SPRDENG (  169): 54
04-25 01:45:25.400 D/SPRDENG (  169): 2b
04-25 01:45:25.400 D/SPRDENG (  169): 53
04-25 01:45:25.400 D/SPRDENG (  169): 4e
04-25 01:45:25.400 D/SPRDENG (  169): 56
04-25 01:45:25.400 D/SPRDENG (  169): 4d
04-25 01:45:25.400 D/SPRDENG (  169): 3d
04-25 01:45:25.400 D/SPRDENG (  169): 30
04-25 01:45:25.400 D/SPRDENG (  169): 2c
04-25 01:45:25.400 D/SPRDENG (  169): 34
04-25 01:45:25.400 D/SPRDENG (  169): 30
04-25 01:45:25.400 D/SPRDENG (  169): 39
04-25 01:45:25.400 D/SPRDENG (  169): eng_modem2server: use SIM1 /dev/CHNPTY13
04-25 01:45:25.400 D/SPRDENG (  169): AT < 
04-25 01:45:25.400 D/SPRDENG (  169): +SNVM: 20,FFFFFFFFFFFF0000000000000000000000000000
04-25 01:45:25.400 D/SPRDENG (  169): 
04-25 01:45:25.400 D/SPRDENG (  169): OK
04-25 01:45:25.400 D/SPRDENG (  169): 
04-25 01:45:25.400 D/BTWIFIMAC(   94): recv_from_modem: Receive 1 Modem Response
04-25 01:45:25.400 D/BTWIFIMAC(   94): read_btwifimac_from_modem: WIFI timeout=60, response=
04-25 01:45:25.400 D/BTWIFIMAC(   94): +SNVM: 20,FFFFFFFFFFFF0000000000000000000000000000
04-25 01:45:25.400 D/BTWIFIMAC(   94): 
04-25 01:45:25.400 D/BTWIFIMAC(   94): OK
04-25 01:45:25.400 D/BTWIFIMAC(   94): 
04-25 01:45:25.400 D/BTWIFIMAC(   94): get_macaddress: mac address is FF:FF:FF:FF:FF:FF
04-25 01:45:25.400 D/BTWIFIMAC(   94): bt_ok:0 wifi_ok:0 
04-25 01:45:25.400 D/BTWIFIMAC(   94): +mac_rand+
04-25 01:45:25.400 D/BTWIFIMAC(   94): mac_rand: /data/rand_mac.txt exists
04-25 01:45:25.400 D/BTWIFIMAC(   94): mac_rand: read /data/rand_mac.txt 00:65:51:4d:eb:0e;00:df:2e:66:ac:0a
04-25 01:45:25.400 D/BTWIFIMAC(   94): mac_rand: read btmac=00:65:51:4d:eb:0e, wifimac=00:df:2e:66:ac:0a
04-25 01:45:25.400 D/BTWIFIMAC(   94): property ro.mac.wifi=00:df:2e:66:ac:0a, ro.mac.bluetooth=00:65:51:4d:eb:0e
04-25 01:45:25.400 D/BTWIFIMAC(   94): write_mac2file: mac=00:df:2e:66:ac:0a, fd[/data/wifimac.txt]=9
04-25 01:45:25.400 D/BTWIFIMAC(   94): write_mac2file: mac=00:65:51:4d:eb:0e, fd[/data/btmac.txt]=9
04-25 01:45:25.410 D/BTWIFIMAC(   94): begin to run  trout_genpskey
04-25 01:45:25.410 D/BTWIFIMAC(   94): run trout_genpskey, ret=0
04-25 01:45:25.420 D/pskey_bt(  329): set BT mac
04-25 01:45:25.420 D/pskey_bt(  329): main, bt_mac from nv:
04-25 01:45:25.420 D/pskey_bt(  329): get_pskey_from_file
04-25 01:45:25.440 D/pskey_bt(  329): open bt pskey structure file fd=7
04-25 01:45:25.440 D/pskey_bt(  329): buf from pskey file:2048
04-25 01:45:25.440 D/pskey_bt(  329): parser_pskey_info
04-25 01:45:25.440 D/pskey_bt(  329): char:0, 0
04-25 01:45:25.440 D/pskey_bt(  329): get_one_item(data) = 0x0
04-25 01:45:25.440 D/pskey_bt(  329): get_next_u8: here:0
04-25 01:45:25.440 D/pskey_bt(  329): char:1, 1
04-25 01:45:25.440 D/pskey_bt(  329): get_one_item(data) = 0x1
04-25 01:45:25.440 D/pskey_bt(  329): get_next_u8: here:1
04-25 01:45:25.440 D/pskey_bt(  329): char:1, 1
04-25 01:45:25.440 D/pskey_bt(  329): get_one_item(data) = 0x1
04-25 01:45:25.440 D/pskey_bt(  329): get_next_u8: here:1
04-25 01:45:25.440 D/pskey_bt(  329): char:1, 1
04-25 01:45:25.440 D/pskey_bt(  329): get_one_item(data) = 0x1
04-25 01:45:25.440 D/pskey_bt(  329): get_next_u8: here:1
04-25 01:45:25.440 D/pskey_bt(  329): char:0, 0
04-25 01:45:25.440 D/pskey_bt(  329): char:1, 1
04-25 01:45:25.440 D/pskey_bt(  329): char:8, 8
04-25 01:45:25.440 D/pskey_bt(  329): char:C, C
04-25 01:45:25.440 D/pskey_bt(  329): char:B, B
04-25 01:45:25.440 D/pskey_bt(  329): char:A, A
04-25 01:45:25.440 D/pskey_bt(  329): char:8, 8
04-25 01:45:25.440 D/pskey_bt(  329): char:0, 0
04-25 01:45:25.440 D/pskey_bt(  329): get_one_item(data) = 0x18cba80
04-25 01:45:25.440 D/pskey_bt(  329): get_next_u32: here:18cba80
04-25 01:45:25.440 D/pskey_bt(  329): char:1, 1
04-25 01:45:25.440 D/pskey_bt(  329): char:f, f
04-25 01:45:25.440 D/pskey_bt(  329): char:0, 0
04-25 01:45:25.440 D/pskey_bt(  329): char:0, 0
04-25 01:45:25.440 D/pskey_bt(  329): get_one_item(data) = 0x1f00
04-25 01:45:25.440 D/pskey_bt(  329): get_next_u32: here:1f00
04-25 01:45:25.440 D/pskey_bt(  329): char:1, 1
04-25 01:45:25.440 D/pskey_bt(  329): char:E, E
04-25 01:45:25.440 D/pskey_bt(  329): get_one_item(data) = 0x1e
04-25 01:45:25.440 D/pskey_bt(  329): get_next_u32: here:1e
04-25 01:45:25.440 D/pskey_bt(  329): char:7, 7
04-25 01:45:25.440 D/pskey_bt(  329): char:B, B
04-25 01:45:25.440 D/pskey_bt(  329): char:0, 0
04-25 01:45:25.440 D/pskey_bt(  329): char:0, 0
04-25 01:45:25.440 D/pskey_bt(  329): char:7, 7
04-25 01:45:25.440 D/pskey_bt(  329): char:C, C
04-25 01:45:25.440 D/pskey_bt(  329): get_one_item(data) = 0x7b007c
04-25 01:45:25.440 D/pskey_bt(  329): get_next_u32: here:7b007c
04-25 01:45:25.440 D/pskey_bt(  329): char:3, 3
04-25 01:45:25.440 D/pskey_bt(  329): char:7, 7
04-25 01:45:25.440 D/pskey_bt(  329): char:0, 0
04-25 01:45:25.440 D/pskey_bt(  329): char:0, 0
04-25 01:45:25.440 D/pskey_bt(  329): char:7, 7
04-25 01:45:25.440 D/pskey_bt(  329): char:A, A
04-25 01:45:25.440 D/pskey_bt(  329): get_one_item(data) = 0x37007a
04-25 01:45:25.440 D/pskey_bt(  329): get_next_u32: here:37007a
04-25 01:45:25.440 D/pskey_bt(  329): char:3, 3
04-25 01:45:25.440 D/pskey_bt(  329): char:5, 5
04-25 01:45:25.440 D/pskey_bt(  329): char:0, 0
04-25 01:45:25.440 D/pskey_bt(  329): char:0, 0
04-25 01:45:25.440 D/pskey_bt(  329): char:3, 3
04-25 01:45:25.440 D/pskey_bt(  329): char:6, 6
04-25 01:45:25.440 D/pskey_bt(  329): get_one_item(data) = 0x350036
04-25 01:45:25.440 D/pskey_bt(  329): get_next_u32: here:350036
04-25 01:45:25.440 D/pskey_bt(  329): char:2, 2
04-25 01:45:25.440 D/pskey_bt(  329): char:9, 9
04-25 01:45:25.440 D/pskey_bt(  329): char:0, 0
04-25 01:45:25.440 D/pskey_bt(  329): char:0, 0
04-25 01:45:25.440 D/pskey_bt(  329): char:3, 3
04-25 01:45:25.440 D/pskey_bt(  329): char:4, 4
04-25 01:45:25.440 D/pskey_bt(  329): get_one_item(data) = 0x290034
04-25 01:45:25.440 D/pskey_bt(  329): get_next_u32: here:290034
04-25 01:45:25.440 D/pskey_bt(  329): char:0, 0
04-25 01:45:25.440 D/pskey_bt(  329): char:A, A
04-25 01:45:25.440 D/pskey_bt(  329): char:0, 0
04-25 01:45:25.440 D/pskey_bt(  329): char:0, 0
04-25 01:45:25.440 D/pskey_bt(  329): char:2, 2
04-25 01:45:25.440 D/pskey_bt(  329): char:8, 8
04-25 01:45:25.440 D/pskey_bt(  329): get_one_item(data) = 0xa0028
04-25 01:45:25.440 D/pskey_bt(  329): get_next_u32: here:a0028
04-25 01:45:25.440 D/pskey_bt(  329): char:0, 0
04-25 01:45:25.440 D/pskey_bt(  329): char:0, 0
04-25 01:45:25.440 D/pskey_bt(  329): char:0, 0
04-25 01:45:25.440 D/pskey_bt(  329): char:6, 6
04-25 01:45:25.440 D/pskey_bt(  329): char:0, 0
04-25 01:45:25.440 D/pskey_bt(  329): char:0, 0
04-25 01:45:25.440 D/pskey_bt(  329): char:0, 0
04-25 01:45:25.440 D/pskey_bt(  329): char:9, 9
04-25 01:45:25.440 D/pskey_bt(  329): get_one_item(data) = 0x60009
04-25 01:45:25.440 D/pskey_bt(  329): get_next_u32: here:60009
04-25 01:45:25.440 D/pskey_bt(  329): end of buff, str=},
04-25 01:45:25.440 D/pskey_bt(  329): {0x0B,0x0A,0x09, 0x08, 0x07},
04-25 01:45:25.440 D/pskey_bt(  329): {0xFF, 0xFF, 0x8D, 0xFE, 0x9B, 0x3F, 0x79, 0x83,
04-25 01:45:25.440 D/pskey_bt(  329):   0xFF, 0xA7, 0xFF, 0x7F, 0x00, 0xE0, 0xF7, 0x3E},
04-25 01:45:25.440 D/pskey_bt(  329): {0xFF, 0xFF, 0xFF, 0xFF, 0xFF, 0xFF},
04-25 01:45:25.440 D/pskey_bt(  329): 0,
04-25 01:45:25.440 D/pskey_bt(  329): 1,
04-25 01:45:25.440 D/pskey_bt(  329): 5,
04-25 01:45:25.440 D/pskey_bt(  329): 0xE,
04-25 01:45:25.440 D/pskey_bt(  329): 1,
04-25 01:45:25.440 D/pskey_bt(  329): 1,
04-25 01:45:25.440 D/pskey_bt(  329): 0x50000000,
04-25 01:45:25.440 D/pskey_bt(  329): 0x50000150,
04-25 01:45:25.440 D/pskey_bt(  329): 0x50000150,
04-25 01:45:25.440 D/pskey_bt(  329): 0x50000154,
04-25 01:45:25.440 D/pskey_bt(  329): 0xFFFFFFFF,
04-25 01:45:25.440 D/pskey_bt(  329): 0x100,
04-25 01:45:25.440 D/pskey_bt(  329): 0xA0,
04-25 01:45:25.440 D/pskey_bt(  329): 0xDC,
04-25 01:45:25.440 D/pskey_bt(  329): 0x20,
04-25 01:45:25.440 D/pskey_bt(  329): 0x55,
04-25 01:45:25.440 D/pskey_bt(  329): 0x64,
04-25 01:45:25.440 D/pskey_bt(  329): 0,
04-25 01:45:25.440 D/pskey_bt(  329): 0x8,
04-25 01:45:25.440 D/pskey_bt(  329): 0x13C,
04-25 01:45:25.440 D/pskey_bt(  329): 0x2,
04-25 01:45:25.440 D/pskey_bt(  329): 0xD704,
04-25 01:45:25.440 D/pskey_bt(  329): 0x88888888,
04-25 01:45:25.440 D/pskey_bt(  329): 0x6,
04-25 01:45:25.440 D/pskey_bt(  329): 0x0,
04-25 01:45:25.440 D/pskey_bt(  329): {0x0001,0x0000,0x0000,0x0000,0x0000,0x0000,0x0000,0x0000,0x0000
04-25 01:45:25.440 D/pskey_bt(  329): char:0, 0
04-25 01:45:25.440 D/pskey_bt(  329): char:B, B
04-25 01:45:25.440 D/pskey_bt(  329): get_one_item(data) = 0xb
04-25 01:45:25.440 D/pskey_bt(  329): get_next_u32: here:b
04-25 01:45:25.440 D/pskey_bt(  329): char:0, 0
04-25 01:45:25.440 D/pskey_bt(  329): char:A, A
04-25 01:45:25.440 D/pskey_bt(  329): get_one_item(data) = 0xa
04-25 01:45:25.440 D/pskey_bt(  329): get_next_u32: here:a
04-25 01:45:25.440 D/pskey_bt(  329): char:0, 0
04-25 01:45:25.440 D/pskey_bt(  329): char:9, 9
04-25 01:45:25.440 D/pskey_bt(  329): get_one_item(data) = 0x9
04-25 01:45:25.440 D/pskey_bt(  329): get_next_u32: here:9
04-25 01:45:25.440 D/pskey_bt(  329): char:0, 0
04-25 01:45:25.440 D/pskey_bt(  329): char:8, 8
04-25 01:45:25.440 D/pskey_bt(  329): get_one_item(data) = 0x8
04-25 01:45:25.440 D/pskey_bt(  329): get_next_u32: here:8
04-25 01:45:25.440 D/pskey_bt(  329): char:0, 0
04-25 01:45:25.440 D/pskey_bt(  329): char:7, 7
04-25 01:45:25.440 D/pskey_bt(  329): get_one_item(data) = 0x7
04-25 01:45:25.440 D/pskey_bt(  329): get_next_u32: here:7
04-25 01:45:25.440 D/pskey_bt(  329): end of buff, str=},
04-25 01:45:25.440 D/pskey_bt(  329): {0xFF, 0xFF, 0x8D, 0xFE, 0x9B, 0x3F, 0x79, 0x83,
04-25 01:45:25.440 D/pskey_bt(  329):   0xFF, 0xA7, 0xFF, 0x7F, 0x00, 0xE0, 0xF7, 0x3E},
04-25 01:45:25.440 D/pskey_bt(  329): {0xFF, 0xFF, 0xFF, 0xFF, 0xFF, 0xFF},
04-25 01:45:25.440 D/pskey_bt(  329): 0,
04-25 01:45:25.440 D/pskey_bt(  329): 1,
04-25 01:45:25.440 D/pskey_bt(  329): 5,
04-25 01:45:25.440 D/pskey_bt(  329): 0xE,
04-25 01:45:25.440 D/pskey_bt(  329): 1,
04-25 01:45:25.440 D/pskey_bt(  329): 1,
04-25 01:45:25.440 D/pskey_bt(  329): 0x50000000,
04-25 01:45:25.440 D/pskey_bt(  329): 0x50000150,
04-25 01:45:25.440 D/pskey_bt(  329): 0x50000150,
04-25 01:45:25.440 D/pskey_bt(  329): 0x50000154,
04-25 01:45:25.440 D/pskey_bt(  329): 0xFFFFFFFF,
04-25 01:45:25.440 D/pskey_bt(  329): 0x100,
04-25 01:45:25.440 D/pskey_bt(  329): 0xA0,
04-25 01:45:25.440 D/pskey_bt(  329): 0xDC,
04-25 01:45:25.440 D/pskey_bt(  329): 0x20,
04-25 01:45:25.440 D/pskey_bt(  329): 0x55,
04-25 01:45:25.440 D/pskey_bt(  329): 0x64,
04-25 01:45:25.440 D/pskey_bt(  329): 0,
04-25 01:45:25.440 D/pskey_bt(  329): 0x8,
04-25 01:45:25.440 D/pskey_bt(  329): 0x13C,
04-25 01:45:25.440 D/pskey_bt(  329): 0x2,
04-25 01:45:25.440 D/pskey_bt(  329): 0xD704,
04-25 01:45:25.440 D/pskey_bt(  329): 0x88888888,
04-25 01:45:25.440 D/pskey_bt(  329): 0x6,
04-25 01:45:25.440 D/pskey_bt(  329): 0x0,
04-25 01:45:25.440 D/pskey_bt(  329): {0x0001,0x0000,0x0000,0x0000,0x0000,0x0000,0x0000,0x0000,0x0000
04-25 01:45:25.440 D/pskey_bt(  329): char:F, F
04-25 01:45:25.440 D/pskey_bt(  329): char:F, F
04-25 01:45:25.440 D/pskey_bt(  329): get_one_item(data) = 0xff
04-25 01:45:25.440 D/pskey_bt(  329): get_next_u8: here:ff
04-25 01:45:25.440 D/pskey_bt(  329): char:F, F
04-25 01:45:25.440 D/pskey_bt(  329): char:F, F
04-25 01:45:25.440 D/pskey_bt(  329): get_one_item(data) = 0xff
04-25 01:45:25.440 D/pskey_bt(  329): get_next_u8: here:ff
04-25 01:45:25.440 D/pskey_bt(  329): char:8, 8
04-25 01:45:25.440 D/pskey_bt(  329): char:D, D
04-25 01:45:25.440 D/pskey_bt(  329): get_one_item(data) = 0x8d
04-25 01:45:25.440 D/pskey_bt(  329): get_next_u8: here:8d
04-25 01:45:25.440 D/pskey_bt(  329): char:F, F
04-25 01:45:25.440 D/pskey_bt(  329): char:E, E
04-25 01:45:25.440 D/pskey_bt(  329): get_one_item(data) = 0xfe
04-25 01:45:25.440 D/pskey_bt(  329): get_next_u8: here:fe
04-25 01:45:25.440 D/pskey_bt(  329): char:9, 9
04-25 01:45:25.440 D/pskey_bt(  329): char:B, B
04-25 01:45:25.440 D/pskey_bt(  329): get_one_item(data) = 0x9b
04-25 01:45:25.440 D/pskey_bt(  329): get_next_u8: here:9b
04-25 01:45:25.440 D/pskey_bt(  329): char:3, 3
04-25 01:45:25.440 D/pskey_bt(  329): char:F, F
04-25 01:45:25.440 D/pskey_bt(  329): get_one_item(data) = 0x3f
04-25 01:45:25.440 D/pskey_bt(  329): get_next_u8: here:3f
04-25 01:45:25.440 D/pskey_bt(  329): char:7, 7
04-25 01:45:25.440 D/pskey_bt(  329): char:9, 9
04-25 01:45:25.440 D/pskey_bt(  329): get_one_item(data) = 0x79
04-25 01:45:25.440 D/pskey_bt(  329): get_next_u8: here:79
04-25 01:45:25.440 D/pskey_bt(  329): char:8, 8
04-25 01:45:25.440 D/pskey_bt(  329): char:3, 3
04-25 01:45:25.440 D/pskey_bt(  329): get_one_item(data) = 0x83
04-25 01:45:25.440 D/pskey_bt(  329): get_next_u8: here:83
04-25 01:45:25.440 D/pskey_bt(  329): char:F, F
04-25 01:45:25.440 D/pskey_bt(  329): char:F, F
04-25 01:45:25.440 D/pskey_bt(  329): get_one_item(data) = 0xff
04-25 01:45:25.440 D/pskey_bt(  329): get_next_u8: here:ff
04-25 01:45:25.440 D/pskey_bt(  329): char:A, A
04-25 01:45:25.440 D/pskey_bt(  329): char:7, 7
04-25 01:45:25.440 D/pskey_bt(  329): get_one_item(data) = 0xa7
04-25 01:45:25.440 D/pskey_bt(  329): get_next_u8: here:a7
04-25 01:45:25.440 D/pskey_bt(  329): char:F, F
04-25 01:45:25.440 D/pskey_bt(  329): char:F, F
04-25 01:45:25.440 D/pskey_bt(  329): get_one_item(data) = 0xff
04-25 01:45:25.440 D/pskey_bt(  329): get_next_u8: here:ff
04-25 01:45:25.440 D/pskey_bt(  329): char:7, 7
04-25 01:45:25.440 D/pskey_bt(  329): char:F, F
04-25 01:45:25.440 D/pskey_bt(  329): get_one_item(data) = 0x7f
04-25 01:45:25.440 D/pskey_bt(  329): get_next_u8: here:7f
04-25 01:45:25.440 D/pskey_bt(  329): char:0, 0
04-25 01:45:25.440 D/pskey_bt(  329): char:0, 0
04-25 01:45:25.440 D/pskey_bt(  329): get_one_item(data) = 0x0
04-25 01:45:25.440 D/pskey_bt(  329): get_next_u8: here:0
04-25 01:45:25.440 D/pskey_bt(  329): char:E, E
04-25 01:45:25.440 D/pskey_bt(  329): char:0, 0
04-25 01:45:25.440 D/pskey_bt(  329): get_one_item(data) = 0xe0
04-25 01:45:25.440 D/pskey_bt(  329): get_next_u8: here:e0
04-25 01:45:25.440 D/pskey_bt(  329): char:F, F
04-25 01:45:25.440 D/pskey_bt(  329): char:7, 7
04-25 01:45:25.440 D/pskey_bt(  329): get_one_item(data) = 0xf7
04-25 01:45:25.440 D/pskey_bt(  329): get_next_u8: here:f7
04-25 01:45:25.440 D/pskey_bt(  329): char:3, 3
04-25 01:45:25.440 D/pskey_bt(  329): char:E, E
04-25 01:45:25.440 D/pskey_bt(  329): get_one_item(data) = 0x3e
04-25 01:45:25.440 D/pskey_bt(  329): get_next_u8: here:3e
04-25 01:45:25.440 D/pskey_bt(  329): end of buff, str=},
04-25 01:45:25.440 D/pskey_bt(  329): {0xFF, 0xFF, 0xFF, 0xFF, 0xFF, 0xFF},
04-25 01:45:25.440 D/pskey_bt(  329): 0,
04-25 01:45:25.440 D/pskey_bt(  329): 1,
04-25 01:45:25.440 D/pskey_bt(  329): 5,
04-25 01:45:25.440 D/pskey_bt(  329): 0xE,
04-25 01:45:25.440 D/pskey_bt(  329): 1,
04-25 01:45:25.440 D/pskey_bt(  329): 1,
04-25 01:45:25.440 D/pskey_bt(  329): 0x50000000,
04-25 01:45:25.440 D/pskey_bt(  329): 0x50000150,
04-25 01:45:25.440 D/pskey_bt(  329): 0x50000150,
04-25 01:45:25.440 D/pskey_bt(  329): 0x50000154,
04-25 01:45:25.440 D/pskey_bt(  329): 0xFFFFFFFF,
04-25 01:45:25.440 D/pskey_bt(  329): 0x100,
04-25 01:45:25.440 D/pskey_bt(  329): 0xA0,
04-25 01:45:25.440 D/pskey_bt(  329): 0xDC,
04-25 01:45:25.440 D/pskey_bt(  329): 0x20,
04-25 01:45:25.440 D/pskey_bt(  329): 0x55,
04-25 01:45:25.440 D/pskey_bt(  329): 0x64,
04-25 01:45:25.440 D/pskey_bt(  329): 0,
04-25 01:45:25.440 D/pskey_bt(  329): 0x8,
04-25 01:45:25.440 D/pskey_bt(  329): 0x13C,
04-25 01:45:25.440 D/pskey_bt(  329): 0x2,
04-25 01:45:25.440 D/pskey_bt(  329): 0xD704,
04-25 01:45:25.440 D/pskey_bt(  329): 0x88888888,
04-25 01:45:25.440 D/pskey_bt(  329): 0x6,
04-25 01:45:25.440 D/pskey_bt(  329): 0x0,
04-25 01:45:25.440 D/pskey_bt(  329): {0x0001,0x0000,0x0000,0x0000,0x0000,0x0000,0x0000,0x0000,0x0000
04-25 01:45:25.440 D/pskey_bt(  329): char:F, F
04-25 01:45:25.440 D/pskey_bt(  329): char:F, F
04-25 01:45:25.440 D/pskey_bt(  329): get_one_item(data) = 0xff
04-25 01:45:25.440 D/pskey_bt(  329): get_next_u8: here:ff
04-25 01:45:25.440 D/pskey_bt(  329): char:F, F
04-25 01:45:25.440 D/pskey_bt(  329): char:F, F
04-25 01:45:25.440 D/pskey_bt(  329): get_one_item(data) = 0xff
04-25 01:45:25.440 D/pskey_bt(  329): get_next_u8: here:ff
04-25 01:45:25.440 D/pskey_bt(  329): char:F, F
04-25 01:45:25.440 D/pskey_bt(  329): char:F, F
04-25 01:45:25.440 D/pskey_bt(  329): get_one_item(data) = 0xff
04-25 01:45:25.440 D/pskey_bt(  329): get_next_u8: here:ff
04-25 01:45:25.440 D/pskey_bt(  329): char:F, F
04-25 01:45:25.440 D/pskey_bt(  329): char:F, F
04-25 01:45:25.440 D/pskey_bt(  329): get_one_item(data) = 0xff
04-25 01:45:25.440 D/pskey_bt(  329): get_next_u8: here:ff
04-25 01:45:25.440 D/pskey_bt(  329): char:F, F
04-25 01:45:25.440 D/pskey_bt(  329): char:F, F
04-25 01:45:25.440 D/pskey_bt(  329): get_one_item(data) = 0xff
04-25 01:45:25.440 D/pskey_bt(  329): get_next_u8: here:ff
04-25 01:45:25.440 D/pskey_bt(  329): char:F, F
04-25 01:45:25.440 D/pskey_bt(  329): char:F, F
04-25 01:45:25.440 D/pskey_bt(  329): get_one_item(data) = 0xff
04-25 01:45:25.440 D/pskey_bt(  329): get_next_u8: here:ff
04-25 01:45:25.440 D/pskey_bt(  329): end of buff, str=},
04-25 01:45:25.440 D/pskey_bt(  329): 0,
04-25 01:45:25.440 D/pskey_bt(  329): 1,
04-25 01:45:25.440 D/pskey_bt(  329): 5,
04-25 01:45:25.440 D/pskey_bt(  329): 0xE,
04-25 01:45:25.440 D/pskey_bt(  329): 1,
04-25 01:45:25.440 D/pskey_bt(  329): 1,
04-25 01:45:25.440 D/pskey_bt(  329): 0x50000000,
04-25 01:45:25.440 D/pskey_bt(  329): 0x50000150,
04-25 01:45:25.440 D/pskey_bt(  329): 0x50000150,
04-25 01:45:25.440 D/pskey_bt(  329): 0x50000154,
04-25 01:45:25.440 D/pskey_bt(  329): 0xFFFFFFFF,
04-25 01:45:25.440 D/pskey_bt(  329): 0x100,
04-25 01:45:25.440 D/pskey_bt(  329): 0xA0,
04-25 01:45:25.440 D/pskey_bt(  329): 0xDC,
04-25 01:45:25.440 D/pskey_bt(  329): 0x20,
04-25 01:45:25.440 D/pskey_bt(  329): 0x55,
04-25 01:45:25.440 D/pskey_bt(  329): 0x64,
04-25 01:45:25.440 D/pskey_bt(  329): 0,
04-25 01:45:25.440 D/pskey_bt(  329): 0x8,
04-25 01:45:25.440 D/pskey_bt(  329): 0x13C,
04-25 01:45:25.440 D/pskey_bt(  329): 0x2,
04-25 01:45:25.440 D/pskey_bt(  329): 0xD704,
04-25 01:45:25.440 D/pskey_bt(  329): 0x88888888,
04-25 01:45:25.440 D/pskey_bt(  329): 0x6,
04-25 01:45:25.440 D/pskey_bt(  329): 0x0,
04-25 01:45:25.440 D/pskey_bt(  329): {0x0001,0x0000,0x0000,0x0000,0x0000,0x0000,0x0000,0x0000,0x0000
04-25 01:45:25.440 D/pskey_bt(  329): char:0, 0
04-25 01:45:25.440 D/pskey_bt(  329): get_one_item(data) = 0x0
04-25 01:45:25.440 D/pskey_bt(  329): get_next_u8: here:0
04-25 01:45:25.440 D/pskey_bt(  329): char:1, 1
04-25 01:45:25.440 D/pskey_bt(  329): get_one_item(data) = 0x1
04-25 01:45:25.440 D/pskey_bt(  329): get_next_u8: here:1
04-25 01:45:25.440 D/pskey_bt(  329): char:5, 5
04-25 01:45:25.440 D/pskey_bt(  329): get_one_item(data) = 0x5
04-25 01:45:25.440 D/pskey_bt(  329): get_next_u8: here:5
04-25 01:45:25.440 D/pskey_bt(  329): char:E, E
04-25 01:45:25.440 D/pskey_bt(  329): get_one_item(data) = 0xe
04-25 01:45:25.440 D/pskey_bt(  329): get_next_u8: here:e
04-25 01:45:25.440 D/pskey_bt(  329): char:1, 1
04-25 01:45:25.440 D/pskey_bt(  329): get_one_item(data) = 0x1
04-25 01:45:25.440 D/pskey_bt(  329): get_next_u8: here:1
04-25 01:45:25.440 D/pskey_bt(  329): char:1, 1
04-25 01:45:25.440 D/pskey_bt(  329): get_one_item(data) = 0x1
04-25 01:45:25.440 D/pskey_bt(  329): get_next_u8: here:1
04-25 01:45:25.440 D/pskey_bt(  329): char:5, 5
04-25 01:45:25.440 D/pskey_bt(  329): char:0, 0
04-25 01:45:25.440 D/pskey_bt(  329): char:0, 0
04-25 01:45:25.440 D/pskey_bt(  329): char:0, 0
04-25 01:45:25.440 D/pskey_bt(  329): char:0, 0
04-25 01:45:25.440 D/pskey_bt(  329): char:0, 0
04-25 01:45:25.440 D/pskey_bt(  329): char:0, 0
04-25 01:45:25.440 D/pskey_bt(  329): char:0, 0
04-25 01:45:25.440 D/pskey_bt(  329): get_one_item(data) = 0x50000000
04-25 01:45:25.440 D/pskey_bt(  329): get_next_u32: here:50000000
04-25 01:45:25.440 D/pskey_bt(  329): char:5, 5
04-25 01:45:25.440 D/pskey_bt(  329): char:0, 0
04-25 01:45:25.440 D/pskey_bt(  329): char:0, 0
04-25 01:45:25.440 D/pskey_bt(  329): char:0, 0
04-25 01:45:25.440 D/pskey_bt(  329): char:0, 0
04-25 01:45:25.440 D/pskey_bt(  329): char:1, 1
04-25 01:45:25.440 D/pskey_bt(  329): char:5, 5
04-25 01:45:25.440 D/pskey_bt(  329): char:0, 0
04-25 01:45:25.440 D/pskey_bt(  329): get_one_item(data) = 0x50000150
04-25 01:45:25.440 D/pskey_bt(  329): get_next_u32: here:50000150
04-25 01:45:25.440 D/pskey_bt(  329): char:5, 5
04-25 01:45:25.440 D/pskey_bt(  329): char:0, 0
04-25 01:45:25.440 D/pskey_bt(  329): char:0, 0
04-25 01:45:25.440 D/pskey_bt(  329): char:0, 0
04-25 01:45:25.440 D/pskey_bt(  329): char:0, 0
04-25 01:45:25.440 D/pskey_bt(  329): char:1, 1
04-25 01:45:25.440 D/pskey_bt(  329): char:5, 5
04-25 01:45:25.440 D/pskey_bt(  329): char:0, 0
04-25 01:45:25.440 D/pskey_bt(  329): get_one_item(data) = 0x50000150
04-25 01:45:25.440 D/pskey_bt(  329): get_next_u32: here:50000150
04-25 01:45:25.440 D/pskey_bt(  329): char:5, 5
04-25 01:45:25.440 D/pskey_bt(  329): char:0, 0
04-25 01:45:25.440 D/pskey_bt(  329): char:0, 0
04-25 01:45:25.440 D/pskey_bt(  329): char:0, 0
04-25 01:45:25.440 D/pskey_bt(  329): char:0, 0
04-25 01:45:25.440 D/pskey_bt(  329): char:1, 1
04-25 01:45:25.440 D/pskey_bt(  329): char:5, 5
04-25 01:45:25.440 D/pskey_bt(  329): char:4, 4
04-25 01:45:25.440 D/pskey_bt(  329): get_one_item(data) = 0x50000154
04-25 01:45:25.440 D/pskey_bt(  329): get_next_u32: here:50000154
04-25 01:45:25.440 D/pskey_bt(  329): char:F, F
04-25 01:45:25.440 D/pskey_bt(  329): char:F, F
04-25 01:45:25.440 D/pskey_bt(  329): char:F, F
04-25 01:45:25.440 D/pskey_bt(  329): char:F, F
04-25 01:45:25.440 D/pskey_bt(  329): char:F, F
04-25 01:45:25.440 D/pskey_bt(  329): char:F, F
04-25 01:45:25.440 D/pskey_bt(  329): char:F, F
04-25 01:45:25.440 D/pskey_bt(  329): char:F, F
04-25 01:45:25.440 D/pskey_bt(  329): get_one_item(data) = 0xffffffff
04-25 01:45:25.440 D/pskey_bt(  329): get_next_u32: here:ffffffff
04-25 01:45:25.440 D/pskey_bt(  329): char:1, 1
04-25 01:45:25.440 D/pskey_bt(  329): char:0, 0
04-25 01:45:25.440 D/pskey_bt(  329): char:0, 0
04-25 01:45:25.440 D/pskey_bt(  329): get_one_item(data) = 0x100
04-25 01:45:25.440 D/pskey_bt(  329): get_next_u16: here:100
04-25 01:45:25.440 D/pskey_bt(  329): char:A, A
04-25 01:45:25.440 D/pskey_bt(  329): char:0, 0
04-25 01:45:25.440 D/pskey_bt(  329): get_one_item(data) = 0xa0
04-25 01:45:25.440 D/pskey_bt(  329): get_next_u16: here:a0
04-25 01:45:25.440 D/pskey_bt(  329): char:D, D
04-25 01:45:25.440 D/pskey_bt(  329): char:C, C
04-25 01:45:25.440 D/pskey_bt(  329): get_one_item(data) = 0xdc
04-25 01:45:25.440 D/pskey_bt(  329): get_next_u16: here:dc
04-25 01:45:25.440 D/pskey_bt(  329): char:2, 2
04-25 01:45:25.440 D/pskey_bt(  329): char:0, 0
04-25 01:45:25.440 D/pskey_bt(  329): get_one_item(data) = 0x20
04-25 01:45:25.440 D/pskey_bt(  329): get_next_u16: here:20
04-25 01:45:25.440 D/pskey_bt(  329): char:5, 5
04-25 01:45:25.440 D/pskey_bt(  329): char:5, 5
04-25 01:45:25.440 D/pskey_bt(  329): get_one_item(data) = 0x55
04-25 01:45:25.440 D/pskey_bt(  329): get_next_u16: here:55
04-25 01:45:25.440 D/pskey_bt(  329): char:6, 6
04-25 01:45:25.440 D/pskey_bt(  329): char:4, 4
04-25 01:45:25.440 D/pskey_bt(  329): get_one_item(data) = 0x64
04-25 01:45:25.440 D/pskey_bt(  329): get_next_u16: here:64
04-25 01:45:25.440 D/pskey_bt(  329): char:0, 0
04-25 01:45:25.440 D/pskey_bt(  329): get_one_item(data) = 0x0
04-25 01:45:25.440 D/pskey_bt(  329): get_next_u32: here:0
04-25 01:45:25.440 D/pskey_bt(  329): char:8, 8
04-25 01:45:25.440 D/pskey_bt(  329): get_one_item(data) = 0x8
04-25 01:45:25.440 D/pskey_bt(  329): get_next_u16: here:8
04-25 01:45:25.440 D/pskey_bt(  329): char:1, 1
04-25 01:45:25.440 D/pskey_bt(  329): char:3, 3
04-25 01:45:25.440 D/pskey_bt(  329): char:C, C
04-25 01:45:25.440 D/pskey_bt(  329): get_one_item(data) = 0x13c
04-25 01:45:25.440 D/pskey_bt(  329): get_next_u16: here:13c
04-25 01:45:25.440 D/pskey_bt(  329): char:2, 2
04-25 01:45:25.440 D/pskey_bt(  329): get_one_item(data) = 0x2
04-25 01:45:25.440 D/pskey_bt(  329): get_next_u16: here:2
04-25 01:45:25.440 D/pskey_bt(  329): char:D, D
04-25 01:45:25.440 D/pskey_bt(  329): char:7, 7
04-25 01:45:25.440 D/pskey_bt(  329): char:0, 0
04-25 01:45:25.440 D/pskey_bt(  329): char:4, 4
04-25 01:45:25.440 D/pskey_bt(  329): get_one_item(data) = 0xd704
04-25 01:45:25.440 D/pskey_bt(  329): get_next_u16: here:d704
04-25 01:45:25.440 D/pskey_bt(  329): char:8, 8
04-25 01:45:25.440 D/pskey_bt(  329): char:8, 8
04-25 01:45:25.440 D/pskey_bt(  329): char:8, 8
04-25 01:45:25.440 D/pskey_bt(  329): char:8, 8
04-25 01:45:25.440 D/pskey_bt(  329): char:8, 8
04-25 01:45:25.440 D/pskey_bt(  329): char:8, 8
04-25 01:45:25.440 D/pskey_bt(  329): char:8, 8
04-25 01:45:25.440 D/pskey_bt(  329): char:8, 8
04-25 01:45:25.440 D/pskey_bt(  329): get_one_item(data) = 0x88888888
04-25 01:45:25.440 D/pskey_bt(  329): get_next_u32: here:88888888
04-25 01:45:25.440 D/pskey_bt(  329): char:6, 6
04-25 01:45:25.440 D/pskey_bt(  329): get_one_item(data) = 0x6
04-25 01:45:25.440 D/pskey_bt(  329): get_next_u16: here:6
04-25 01:45:25.440 D/pskey_bt(  329): char:0, 0
04-25 01:45:25.440 D/pskey_bt(  329): get_one_item(data) = 0x0
04-25 01:45:25.440 D/pskey_bt(  329): get_next_u16: here:0
04-25 01:45:25.440 D/pskey_bt(  329): char:0, 0
04-25 01:45:25.440 D/pskey_bt(  329): char:0, 0
04-25 01:45:25.440 D/pskey_bt(  329): char:0, 0
04-25 01:45:25.440 D/pskey_bt(  329): char:1, 1
04-25 01:45:25.440 D/pskey_bt(  329): get_one_item(data) = 0x1
04-25 01:45:25.440 D/pskey_bt(  329): get_next_u32: here:1
04-25 01:45:25.440 D/pskey_bt(  329): char:0, 0
04-25 01:45:25.440 D/pskey_bt(  329): char:0, 0
04-25 01:45:25.440 D/pskey_bt(  329): char:0, 0
04-25 01:45:25.440 D/pskey_bt(  329): char:0, 0
04-25 01:45:25.440 D/pskey_bt(  329): get_one_item(data) = 0x0
04-25 01:45:25.440 D/pskey_bt(  329): get_next_u32: here:0
04-25 01:45:25.440 D/pskey_bt(  329): char:0, 0
04-25 01:45:25.440 D/pskey_bt(  329): char:0, 0
04-25 01:45:25.440 D/pskey_bt(  329): char:0, 0
04-25 01:45:25.440 D/pskey_bt(  329): char:0, 0
04-25 01:45:25.440 D/pskey_bt(  329): get_one_item(data) = 0x0
04-25 01:45:25.440 D/pskey_bt(  329): get_next_u32: here:0
04-25 01:45:25.440 D/pskey_bt(  329): char:0, 0
04-25 01:45:25.440 D/pskey_bt(  329): char:0, 0
04-25 01:45:25.440 D/pskey_bt(  329): char:0, 0
04-25 01:45:25.440 D/pskey_bt(  329): char:0, 0
04-25 01:45:25.440 D/pskey_bt(  329): get_one_item(data) = 0x0
04-25 01:45:25.440 D/pskey_bt(  329): get_next_u32: here:0
04-25 01:45:25.440 D/pskey_bt(  329): char:0, 0
04-25 01:45:25.440 D/pskey_bt(  329): char:0, 0
04-25 01:45:25.440 D/pskey_bt(  329): char:0, 0
04-25 01:45:25.440 D/pskey_bt(  329): char:0, 0
04-25 01:45:25.440 D/pskey_bt(  329): get_one_item(data) = 0x0
04-25 01:45:25.440 D/pskey_bt(  329): get_next_u32: here:0
04-25 01:45:25.440 D/pskey_bt(  329): char:0, 0
04-25 01:45:25.440 D/pskey_bt(  329): char:0, 0
04-25 01:45:25.440 D/pskey_bt(  329): char:0, 0
04-25 01:45:25.440 D/pskey_bt(  329): char:0, 0
04-25 01:45:25.440 D/pskey_bt(  329): get_one_item(data) = 0x0
04-25 01:45:25.440 D/pskey_bt(  329): get_next_u32: here:0
04-25 01:45:25.440 D/pskey_bt(  329): char:0, 0
04-25 01:45:25.440 D/pskey_bt(  329): char:0, 0
04-25 01:45:25.440 D/pskey_bt(  329): char:0, 0
04-25 01:45:25.440 D/pskey_bt(  329): char:0, 0
04-25 01:45:25.440 D/pskey_bt(  329): get_one_item(data) = 0x0
04-25 01:45:25.440 D/pskey_bt(  329): get_next_u32: here:0
04-25 01:45:25.440 D/pskey_bt(  329): char:0, 0
04-25 01:45:25.440 D/pskey_bt(  329): char:0, 0
04-25 01:45:25.440 D/pskey_bt(  329): char:0, 0
04-25 01:45:25.440 D/pskey_bt(  329): char:0, 0
04-25 01:45:25.440 D/pskey_bt(  329): get_one_item(data) = 0x0
04-25 01:45:25.440 D/pskey_bt(  329): get_next_u32: here:0
04-25 01:45:25.440 D/pskey_bt(  329): char:0, 0
04-25 01:45:25.440 D/pskey_bt(  329): char:0, 0
04-25 01:45:25.440 D/pskey_bt(  329): char:0, 0
04-25 01:45:25.440 D/pskey_bt(  329): char:0, 0
04-25 01:45:25.440 D/pskey_bt(  329): get_one_item(data) = 0x0
04-25 01:45:25.440 D/pskey_bt(  329): get_next_u32: here:0
04-25 01:45:25.440 D/pskey_bt(  329): get_one_item(data) = 0x0
04-25 01:45:25.440 D/pskey_bt(  329): get_next_u32: here:0
04-25 01:45:25.440 D/pskey_bt(  329): leave out tmp_buff=
04-25 01:45:25.440 D/pskey_bt(  329): parse pskey success, tmp_buff=0x18e4120
04-25 01:45:25.440 D/pskey_bt(  329): ret get pskey from file =0
04-25 01:45:25.440 D/pskey_bt(  329): data/btmac.txt does not exist 0 
04-25 01:45:25.540 D/pskey_bt(  329): tmp_mac:0065514deb0e
04-25 01:45:25.540 D/pskey_bt(  329): e  
04-25 01:45:25.540 D/pskey_bt(  329): eb  
04-25 01:45:25.540 D/pskey_bt(  329): 4d  
04-25 01:45:25.540 D/pskey_bt(  329): 51  
04-25 01:45:25.540 D/pskey_bt(  329): 65  
04-25 01:45:25.540 D/pskey_bt(  329): 0  
04-25 01:45:25.760 I/nsVolume(   84): nsVolume: sdcard state Mounted @ '/mnt/sdcard' gen 1 locked 0 fake 0 media 1 sharing 0 formatting 0
04-25 01:45:25.760 I/AutoMounter(   84): UpdateState: umsAvail:1 umsEnabled:1 mode:0 usbCablePluggedIn:1 tryToShare:0
04-25 01:45:25.760 I/AutoMounter(   84): UpdateState: Volume sdcard is Mounted and inserted @ /mnt/sdcard gen 1 locked 0 sharing n
04-25 01:45:25.760 I/AutoMounter(   84): UpdateState: umsAvail:1 umsEnabled:1 mode:0 usbCablePluggedIn:1 tryToShare:0
04-25 01:45:25.760 I/AutoMounter(   84): UpdateState: Volume sdcard is Mounted and inserted @ /mnt/sdcard gen 1 locked 0 sharing n
04-25 01:45:25.860 I/Gonk    (   84): RIL[0]: OnConnectSuccess
04-25 01:45:26.040 I/Gonk    (   84): RIL[1]: OnConnectSuccess
04-25 01:45:26.250 I/Gecko   (   84): 1398415526260	Marionette	DEBUG	accepted connection on 127.0.0.1:60407
04-25 01:45:26.570 E/bluedroid(   84): test bt_is_enabled
04-25 01:45:27.320 D/NetUtils(   84): failed to remove default route for wlan0: No such device
04-25 01:45:27.330 W/WifiHW  (   84): wifi_load_driver enter 262
04-25 01:45:27.330 W/WifiHW  (   84): DRIVER_MODULE_PATH= DRIVER_MODULE_ARG= 
04-25 01:45:27.330 W/WifiHW  (   84): driver insmod complete 
04-25 01:45:27.330 W/WifiHW  (   84): Driver() loaded succesffuly
04-25 01:45:27.560 W/WifiHW  (   87): wifi_change_fw_path: /system/lib/modules/itm_sta.ko
04-25 01:45:27.560 D/WifiHW  (   87): Unable to unload driver module "itm_ap.ko": No such file or directory
04-25 01:45:27.760 D/WifiHW  (   87): Unable to unload driver module "itm_sta.ko": No such file or directory
04-25 01:45:27.960 W/WifiHW  (   87): insmod filename=/system/lib/modules/itm_sta.ko args= 
04-25 01:45:28.160 V/AudioPolicyManagerBase(   89): setStreamVolumeIndex() stream 3, index 0
04-25 01:45:28.160 E/AudioPolicyManagerBase(   89): checkAndSetVolume stream=3, index=0, output=1, device=2
04-25 01:45:28.160 E/AudioPolicyManagerBase(   89): computeVolume, streamDesc=0x6cfbf0
04-25 01:45:28.160 V/AudioPolicyManagerBase(   89): setStreamVolume() for output 1 stream 3, volume 0.000000, delay 0
04-25 01:45:28.160 V/AudioPolicyManagerBase(   89): setStreamVolumeIndex() stream 1, index 0
04-25 01:45:28.160 E/AudioPolicyManagerBase(   89): checkAndSetVolume stream=1, index=0, output=1, device=2
04-25 01:45:28.160 E/AudioPolicyManagerBase(   89): computeVolume, streamDesc=0x6cfbb8
04-25 01:45:28.160 V/AudioPolicyManagerBase(   89): setStreamVolume() for output 1 stream 1, volume 0.000000, delay 0
04-25 01:45:28.160 V/AudioPolicyManagerBase(   89): setStreamVolumeIndex() stream 5, index 0
04-25 01:45:28.160 E/AudioPolicyManagerBase(   89): checkAndSetVolume stream=5, index=0, output=1, device=2
04-25 01:45:28.160 E/AudioPolicyManagerBase(   89): computeVolume, streamDesc=0x6cfc28
04-25 01:45:28.160 V/AudioPolicyManagerBase(   89): setStreamVolume() for output 1 stream 5, volume 0.000000, delay 0
04-25 01:45:28.160 V/AudioPolicyManagerBase(   89): setStreamVolumeIndex() stream 2, index 0
04-25 01:45:28.160 E/AudioPolicyManagerBase(   89): checkAndSetVolume stream=2, index=0, output=1, device=2
04-25 01:45:28.160 E/AudioPolicyManagerBase(   89): computeVolume, streamDesc=0x6cfbd4
04-25 01:45:28.160 V/AudioPolicyManagerBase(   89): setStreamVolume() for output 1 stream 2, volume 0.000000, delay 0
04-25 01:45:28.170 V/AudioPolicyManagerBase(   89): setStreamVolumeIndex() stream 4, index 15
04-25 01:45:28.170 E/AudioPolicyManagerBase(   89): checkAndSetVolume stream=4, index=15, output=1, device=2
04-25 01:45:28.170 E/AudioPolicyManagerBase(   89): computeVolume, streamDesc=0x6cfc0c
04-25 01:45:28.170 V/AudioPolicyManagerBase(   89): VOLUME vol index=[66 100 100], dB=[-10.2 0.0 0.0] ampl=1.00000
04-25 01:45:28.170 V/AudioPolicyManagerBase(   89): setStreamVolumeIndex() stream 0, index 5
04-25 01:45:28.170 E/AudioPolicyManagerBase(   89): checkAndSetVolume stream=0, index=5, output=1, device=2
04-25 01:45:28.170 E/AudioPolicyManagerBase(   89): computeVolume, streamDesc=0x6cfb9c
04-25 01:45:28.170 V/AudioPolicyManagerBase(   89): VOLUME vol index=[66 100 100], dB=[-17.0 0.0 0.0] ampl=1.00000
04-25 01:45:28.170 V/AudioPolicyManagerBase(   89): setStreamVolumeIndex() stream 6, index 15
04-25 01:45:28.170 V/AudioPolicyManagerBase(   89): checkAndSetVolume() cannot set stream 6 volume with force use = 0 for comm
04-25 01:45:28.450 I/Gecko   (   84): -*- RadioInterface[0]: _lastKnownHomeNetwork: 310-410
04-25 01:45:28.450 I/Gecko   (   84): -*- RadioInterface[1]: _lastKnownHomeNetwork: 214-07
04-25 01:45:28.980 E/Profiler(  348): BEGIN mozilla_sampler_init
04-25 01:45:28.980 E/Profiler(  348): BPUnw: [1 total] thread_register_for_profiling(me=0x400b3488, stacktop=0xbea9c9b7)
04-25 01:45:28.980 E/Profiler(  348): SPS:
04-25 01:45:28.980 E/Profiler(  348): SPS: Unwind mode       = pseudo
04-25 01:45:28.980 E/Profiler(  348): SPS: Sampling interval = 0 ms (zero means "platform default")
04-25 01:45:28.980 E/Profiler(  348): SPS: Entry store size  = 0 (zero means "platform default")
04-25 01:45:28.980 E/Profiler(  348): SPS: UnwindStackScan   = 0 (max dubious frames per unwind).
04-25 01:45:28.980 E/Profiler(  348): SPS: Use env var MOZ_PROFILER_MODE=help for further information.
04-25 01:45:28.980 E/Profiler(  348): SPS:
04-25 01:45:28.980 E/Profiler(  348): Registering start signal
04-25 01:45:29.210 I/Gecko   (   84): -*- RadioInterface[0]: _lastKnownHomeNetwork: 310-410
04-25 01:45:29.300 I/VolumeManager(   84): SetSharingMode for volume sdcard to 1 canBeShared = 1
04-25 01:45:29.300 I/AutoMounter(   84): UpdateState: umsAvail:1 umsEnabled:1 mode:0 usbCablePluggedIn:1 tryToShare:0
04-25 01:45:29.300 I/AutoMounter(   84): UpdateState: Volume sdcard is Mounted and inserted @ /mnt/sdcard gen 1 locked 0 sharing y
04-25 01:45:29.410 E/GeckoConsole(  348): Could not read chrome manifest 'file:///system/b2g/chrome.manifest'.
04-25 01:45:29.540 I/Gecko   (   84): ###################################### forms.js loaded
04-25 01:45:29.550 I/Gecko   (   84): ############################### browserElementPanning.js loaded
04-25 01:45:29.590 I/Gecko   (   84): ######################## BrowserElementChildPreload.js loaded
04-25 01:45:29.630 I/Gecko   (   84): *** UTM:SVC TimerManager:registerTimer - id: user-agent-updates-timer
04-25 01:45:29.650 E/GeckoConsole(   84): UTM:SVC TimerManager:registerTimer - id: user-agent-updates-timer
04-25 01:45:30.440 E/Profiler(   84): BPUnw: [1 total] thread_unregister_for_profiling(me=0x96b2f8)  (NOT REGISTERED) 
04-25 01:45:31.160 D/SoftapController(   87): Softap fwReload - Ok
04-25 01:45:31.160 E/BandwidthController(   87): No such iface wlan0 to delete
04-25 01:45:31.260 E/GeckoConsole(   84): [JavaScript Warning: "Error in parsing value for 'font-weight'.  Declaration dropped." {file: "app://system.gaiamobile.org/style/shrinking_ui/shrinking_ui.css" line: 9 column: 15 source: "  font-weight: medium;"}]
04-25 01:45:31.680 D/Sensors (   84): activate handle=0; drv=0
04-25 01:45:31.680 D/Sensors (   84): Lis3dhSensor: Control set 0
04-25 01:45:31.680 D/Sensors (   84): Lis3dhSensor: mEnabled = 0
04-25 01:45:31.690 I/Gecko   (   84): MobileConnection initialized
04-25 01:45:31.690 I/Gecko   (   84): MobileConnection initialized
04-25 01:45:32.230 I/Gecko   (   84): Attempting load of libEGL.so
04-25 01:45:32.280 D/libEGL  (   84): loaded /system/lib/egl/libEGL_mali.so
04-25 01:45:32.320 D/libEGL  (   84): loaded /system/lib/egl/libGLESv1_CM_mali.so
04-25 01:45:32.320 D/libEGL  (   84): loaded /system/lib/egl/libGLESv2_mali.so
04-25 01:45:32.340 I/HWComposer(   84): Creating new instance
04-25 01:45:32.340 E/HWComposer(   84): Failed to initialize hwc
04-25 01:45:32.410 E/GeckoConsole(   84): OpenGL compositor Initialized Succesfully.
04-25 01:45:32.410 E/GeckoConsole(   84): Version: OpenGL ES 2.0 Spreadtrum Build
04-25 01:45:32.410 E/GeckoConsole(   84): Vendor: ARM
04-25 01:45:32.410 E/GeckoConsole(   84): Renderer: Mali-300
04-25 01:45:32.410 E/GeckoConsole(   84): FBO Texture Target: TEXTURE_2D
04-25 01:45:32.850 I/Gonk    (   84): Setting nice for pid 360 to 18
04-25 01:45:32.850 I/Gonk    (   84): Changed nice for pid 360 from 0 to 18.
04-25 01:45:33.080 I/Gecko   (   84): 1398415533087	Marionette	DEBUG	accepted connection on 127.0.0.1:60408
04-25 01:45:33.450 E/WifiHW  (   84): Leo ensure_config_file_exists config_file=/data/misc/wifi/wpa_supplicant.conf
04-25 01:45:33.450 E/WifiHW  (   84): daemon_cmd=wpa_supplicant:-iwlan0 -c/data/misc/wifi/wpa_supplicant.conf
04-25 01:45:34.370 E/slog    (  317): handle_top_logdir: slog use external storage [17]
04-25 01:45:34.780 I/power   (   84): *** set_screen_state 1
04-25 01:45:34.790 D/Sensors (   84): activate handle=3; drv=1
04-25 01:45:34.790 D/Sensors (   84): SensorTMD2771::setEnable=0= en=1; newState=1; what=0; mEnabled=0
04-25 01:45:35.030 D/Sensors (   84): taos ---Light::TAOS_IOCTL_ALS_ON=== err=0
04-25 01:45:35.030 D/Sensors (   84): SensorTMD2771::setEnable=1= en=1; newState=1; what=0; mEnabled=1
04-25 01:45:35.030 D/Sensors (   84): SensorTMD2771::getEnable===mEnabled=0x1; enable=1
04-25 01:45:35.100 I/GeckoDump(   84): XXX FIXME : Got a mozContentEvent: nfc-hardware-state-change
04-25 01:45:35.180 I/Gecko   (   84): ############################### browserElementPanning.js loaded
04-25 01:45:35.220 I/Gecko   (   84): ######################## BrowserElementChildPreload.js loaded
04-25 01:45:35.270 I/GeckoDump(   84): XXX FIXME : Got a mozContentEvent: system-message-listener-ready
04-25 01:45:36.290 I/Gecko   (   84): 1398415536294	Marionette	INFO	loaded marionette-listener.js
04-25 01:45:36.290 I/Gecko   (   84): 1398415536298	Marionette	INFO	sendToClient: {"from":"0","value":"3-b2g"}, {cbe450b0-71df-4d7f-9754-10e04cd73215}, {cbe450b0-71df-4d7f-9754-10e04cd73215}
04-25 01:45:36.310 W/WifiHW  (   84): wifi_command: LOG_LEVEL
04-25 01:45:36.310 W/WifiHW  (   84): wifi_command: STATUS
04-25 01:45:36.510 E/GeckoConsole(   84): [JavaScript Warning: "Error in parsing value for 'padding'.  Declaration dropped." {file: "app://callscreen.gaiamobile.org/style/oncall.css" line: 280 column: 13 source: "    padding: none;"}]
04-25 01:45:36.810 I/Gecko   (   84): MobileConnection initialized
04-25 01:45:36.810 I/Gecko   (   84): MobileConnection initialized
04-25 01:45:36.830 E/Profiler(   84): BPUnw: [1 total] thread_unregister_for_profiling(me=0x96b238)  (NOT REGISTERED) 
04-25 01:45:36.830 W/WifiHW  (   84): wifi_command: LIST_NETWORKS
04-25 01:45:36.830 W/WifiHW  (   84): wifi_command: DRIVER MACADDR
04-25 01:45:37.110 V/AudioPolicyManagerBase(   89): getDeviceForStrategy() from cache strategy 0, device 2
04-25 01:45:37.110 V/AudioPolicyManagerBase(   89): getOutput() stream 3, samplingRate 0, format 0, channels 3, flags 0
04-25 01:45:37.140 W/WifiHW  (   84): wifi_command: GET_NETWORK 0 ssid
04-25 01:45:37.140 W/WifiHW  (   84): wifi_command: GET_NETWORK 0 bssid
04-25 01:45:37.140 W/WifiHW  (   84): wifi_command: GET_NETWORK 0 psk
04-25 01:45:37.140 W/WifiHW  (   84): wifi_command: GET_NETWORK 0 wep_key0
04-25 01:45:37.140 W/WifiHW  (   84): wifi_command: GET_NETWORK 0 wep_key1
04-25 01:45:37.140 W/WifiHW  (   84): wifi_command: GET_NETWORK 0 wep_key2
04-25 01:45:37.150 W/WifiHW  (   84): wifi_command: GET_NETWORK 0 wep_key3
04-25 01:45:37.150 W/WifiHW  (   84): wifi_command: GET_NETWORK 0 wep_tx_keyidx
04-25 01:45:37.150 W/WifiHW  (   84): wifi_command: GET_NETWORK 0 priority
04-25 01:45:37.150 W/WifiHW  (   84): wifi_command: GET_NETWORK 0 key_mgmt
04-25 01:45:37.150 W/WifiHW  (   84): wifi_command: GET_NETWORK 0 scan_ssid
04-25 01:45:37.150 W/WifiHW  (   84): wifi_command: GET_NETWORK 0 disabled
04-25 01:45:37.150 W/WifiHW  (   84): wifi_command: GET_NETWORK 0 identity
04-25 01:45:37.150 W/WifiHW  (   84): wifi_command: GET_NETWORK 0 password
04-25 01:45:37.150 W/WifiHW  (   84): wifi_command: GET_NETWORK 0 auth_alg
04-25 01:45:37.150 W/WifiHW  (   84): wifi_command: GET_NETWORK 0 phase1
04-25 01:45:37.150 W/WifiHW  (   84): wifi_command: GET_NETWORK 0 phase2
04-25 01:45:37.150 W/WifiHW  (   84): wifi_command: GET_NETWORK 0 eap
04-25 01:45:37.150 W/WifiHW  (   84): wifi_command: GET_NETWORK 0 pin
04-25 01:45:37.150 W/WifiHW  (   84): wifi_command: GET_NETWORK 0 pcsc
04-25 01:45:37.410 W/WifiHW  (   84): wifi_command: ENABLE_NETWORK 0
04-25 01:45:37.410 W/WifiHW  (   84): wifi_command: AP_SCAN 1
04-25 01:45:37.530 W/WifiHW  (   84): wifi_command: SAVE_CONFIG
04-25 01:45:37.540 I/Gecko   (   84): 1398415537550	Marionette	INFO	sendToClient: {"from":"0","value":{"ELEMENT":"{e1db213c-5e00-4ab5-8270-3794b6d4c736}"}}, {3ed91e2d-0eac-4d3e-bbd2-27f29d640872}, {3ed91e2d-0eac-4d3e-bbd2-27f29d640872}
04-25 01:45:37.620 I/Gecko   (   84): 1398415537629	Marionette	INFO	sendToClient: {"from":"0","value":false}, {2cfa505c-6d4b-4c51-95a5-913e1df43be8}, {2cfa505c-6d4b-4c51-95a5-913e1df43be8}
04-25 01:45:37.790 I/Gecko   (   84): 1398415537794	Marionette	INFO	sendToClient: {"from":"0","value":{"ELEMENT":"{e1db213c-5e00-4ab5-8270-3794b6d4c736}"}}, {2e361eaa-78a0-496a-9ab9-7f6e1c9675fe}, {2e361eaa-78a0-496a-9ab9-7f6e1c9675fe}
04-25 01:45:37.930 I/Gecko   (   84): 1398415537940	Marionette	INFO	sendToClient: {"from":"0","value":false}, {a5705f31-5bfd-4180-97da-317a2547e7b3}, {a5705f31-5bfd-4180-97da-317a2547e7b3}
04-25 01:45:38.900 I/Gecko   (   84): 1398415538908	Marionette	INFO	sendToClient: {"from":"0","value":{"ELEMENT":"{e1db213c-5e00-4ab5-8270-3794b6d4c736}"}}, {a4e0f423-4c5b-4d59-8aeb-2e0422963b3e}, {a4e0f423-4c5b-4d59-8aeb-2e0422963b3e}
04-25 01:45:38.960 I/Gecko   (   84): 1398415538963	Marionette	INFO	sendToClient: {"from":"0","value":false}, {67a5ca72-699b-43ab-a16a-7bdeef2d8868}, {67a5ca72-699b-43ab-a16a-7bdeef2d8868}
04-25 01:45:39.100 I/Gecko   (   84): 1398415539108	Marionette	INFO	sendToClient: {"from":"0","value":{"ELEMENT":"{e1db213c-5e00-4ab5-8270-3794b6d4c736}"}}, {b39bf448-b277-4fbc-a1e6-73148abccaaa}, {b39bf448-b277-4fbc-a1e6-73148abccaaa}
04-25 01:45:39.150 I/Gecko   (   84): 1398415539159	Marionette	INFO	sendToClient: {"from":"0","value":false}, {fb0b17f8-3e58-4623-b4fe-c6e456896b14}, {fb0b17f8-3e58-4623-b4fe-c6e456896b14}
04-25 01:45:39.250 I/GeckoDump(   84): XXX FIXME : Got a mozContentEvent: accessibility-screenreader
04-25 01:45:39.300 I/GeckoDump(   84): XXX FIXME : Got a mozContentEvent: nfc-hardware-state-change
04-25 01:45:39.600 W/WifiHW  (   84): wifi_command: DRIVER SCAN-ACTIVE
04-25 01:45:39.750 W/WifiHW  (   84): wifi_command: SCAN
04-25 01:45:39.810 W/WifiHW  (   84): wifi_command: DRIVER SCAN-PASSIVE
04-25 01:45:39.810 I/Gecko   (   84): 1398415539821	Marionette	INFO	sendToClient: {"from":"0","value":{"ELEMENT":"{e1db213c-5e00-4ab5-8270-3794b6d4c736}"}}, {e2470c1c-e177-46c5-97fb-1267da4a54e8}, {e2470c1c-e177-46c5-97fb-1267da4a54e8}
04-25 01:45:40.070 I/Gecko   (   84): 1398415540075	Marionette	INFO	sendToClient: {"from":"0","value":true}, {66e6ba8e-60b3-42f8-832d-4b4a8a269aa4}, {66e6ba8e-60b3-42f8-832d-4b4a8a269aa4}
04-25 01:45:40.330 I/FMRadio (   84): FMRadio is initialized.
04-25 01:45:40.340 E/GeckoConsole(   84): Content JS ERROR at app://system.gaiamobile.org/js/telephony_settings.js:23 in set_vpm_error: Error setting voice privacy.
04-25 01:45:40.340 E/GeckoConsole(   84): Content JS ERROR at app://system.gaiamobile.org/js/telephony_settings.js:23 in set_vpm_error: Error setting voice privacy.
04-25 01:45:40.350 E/GeckoConsole(   84): Content JS ERROR at app://system.gaiamobile.org/js/telephony_settings.js:42 in set_vpm_error: Error roaming preference.
04-25 01:45:40.350 E/GeckoConsole(   84): Content JS ERROR at app://system.gaiamobile.org/js/telephony_settings.js:42 in set_vpm_error: Error roaming preference.
04-25 01:45:41.080 E/Profiler(   84): BPUnw: [1 total] thread_unregister_for_profiling(me=0x96e590)  (NOT REGISTERED) 
04-25 01:45:41.400 I/GeckoDump(   84): XXX FIXME : Got a mozContentEvent: inputmethod-update-layouts
04-25 01:45:41.460 I/Gecko   (   84): ############################### browserElementPanning.js loaded
04-25 01:45:41.500 I/Gecko   (   84): ######################## BrowserElementChildPreload.js loaded
04-25 01:45:41.560 I/GeckoDump(   84): XXX FIXME : Got a mozContentEvent: inputmethod-update-layouts
04-25 01:45:42.370 E/GeckoConsole(   84): [JavaScript Warning: "Error in parsing value for 'font-weight'.  Declaration dropped." {file: "app://keyboard.gaiamobile.org/style/keyboard.css" line: 133 column: 15 source: "  font-weight: medium;"}]
04-25 01:45:42.500 I/Gecko   (   84): 1398415542509	Marionette	INFO	sendToClient: {"from":"0","ok":true}, {39a48b1d-3d72-44ed-9e16-49094f227eee}, {39a48b1d-3d72-44ed-9e16-49094f227eee}
04-25 01:45:42.700 I/Gecko   (   84): 1398415542701	Marionette	DEBUG	Got request: switchToFrame, data: {"to":"0","sessionId":"3-b2g","name":"switchToFrame","parameters":{"id":null,"focus":true}}, id: {13927baf-6166-4142-9b93-d6d4d54b2890}
04-25 01:45:42.720 I/Gecko   (   84): 1398415542730	Marionette	INFO	Switched to frame: {"frameValue":null}
04-25 01:45:42.800 W/WifiHW  (   84): wifi_command: SCAN_RESULTS
04-25 01:45:42.800 W/WifiHW  (   84): wifi_command: DRIVER SCAN-PASSIVE
04-25 01:45:42.830 W/WifiHW  (   84): wifi_command: GET_NETWORK 0 ssid
04-25 01:45:42.840 W/WifiHW  (   84): wifi_command: GET_NETWORK 0 bssid
04-25 01:45:42.840 W/WifiHW  (   84): wifi_command: GET_NETWORK 0 psk
04-25 01:45:42.840 W/WifiHW  (   84): wifi_command: GET_NETWORK 0 wep_key0
04-25 01:45:42.840 W/WifiHW  (   84): wifi_command: GET_NETWORK 0 wep_key1
