04-28 00:09:27.210 I/Gecko   (   84): 1398668967219	Marionette	INFO	sendToClient: {"from":"0","value":{"frame":{"ELEMENT":"{be3c05f8-b486-4f8e-a2a8-e045ef00b5aa}"},"src":"http://www.sicilianelmondo.com/webapp/proverbi-ff","name":"Proverbi","origin":"http://www.sicilianelmondo.com"}}, {5b90e5c1-acbf-487d-87cc-4038e7a8ea7a}, {5b90e5c1-acbf-487d-87cc-4038e7a8ea7a}
04-28 00:09:27.270 I/Gecko   (   84): 1398668967274	Marionette	DEBUG	Got request: switchToFrame, data: {"to":"0","sessionId":"3-b2g","name":"switchToFrame","parameters":{"id":null,"focus":true}}, id: {adad80dd-20d9-4f8d-9ab8-388cc54969b0}
04-28 00:09:27.270 I/Gecko   (   84): 1398668967277	Marionette	INFO	Switched to frame: {"frameValue":null}
04-28 00:09:28.700 I/GonkMemoryPressure( 2359): Checking to see if memory pressure is over.
04-28 00:09:28.760 I/GonkMemoryPressure( 2359): Memory pressure is over.
04-28 00:09:30.720 I/Gecko   (   84): 1398668970731	Marionette	INFO	sendToClient: {"from":"0","ok":true}, {adad80dd-20d9-4f8d-9ab8-388cc54969b0}, {adad80dd-20d9-4f8d-9ab8-388cc54969b0}
04-28 00:09:30.730 W/WifiHW  (   84): wifi_command: SIGNAL_POLL
04-28 00:09:30.760 I/Gecko   (   84): 1398668970766	Marionette	DEBUG	Got request: execute, data: {"to":"0","sessionId":"3-b2g","name":"executeScript","parameters":{"specialPowers":false,"scriptTimeout":null,"newSandbox":true,"args":[],"filename":"gaia_test.py","script":"window.wrappedJSObject.dispatchEvent(new Event('home'));","line":788}}, id: {5848f126-baab-4d54-8dc6-8161bf32c1e6}
04-28 00:09:31.670 I/Gonk    (   84): Setting nice for pid 2359 to 18
04-28 00:09:31.670 I/Gonk    (   84): Changed nice for pid 2359 from 18 to 18.
04-28 00:09:31.670 I/Gecko   (   84): [Parent 84] WARNING: waitpid failed pid:2359 errno:10: file ../../../gecko/ipc/chromium/src/base/process_util_posix.cc, line 254
04-28 00:09:31.750 I/Gonk    (   84): Setting nice for pid 2359 to 1
04-28 00:09:31.760 I/Gonk    (   84): Changed nice for pid 2359 from 18 to 1.
04-28 00:09:31.960 D/Sensors (   84): activate handle=0; drv=0
04-28 00:09:31.960 D/Sensors (   84): Lis3dhSensor: Control set 0
04-28 00:09:31.960 D/Sensors (   84): Lis3dhSensor: mEnabled = 0
04-28 00:09:32.280 I/Gecko   (   84): 1398668972286	Marionette	INFO	sendToClient: {"from":"0","value":null}, {5848f126-baab-4d54-8dc6-8161bf32c1e6}, {5848f126-baab-4d54-8dc6-8161bf32c1e6}
04-28 00:09:32.370 I/GonkMemoryPressure(   84): Checking to see if memory pressure is over.
04-28 00:09:32.370 I/GonkMemoryPressure(   84): Memory pressure is over.
04-28 00:09:32.370 I/GonkMemoryPressure( 2329): Checking to see if memory pressure is over.
04-28 00:09:32.370 I/GonkMemoryPressure( 2329): Memory pressure is over.
04-28 00:09:32.470 I/Gecko   (   84): 1398668972478	Marionette	DEBUG	Got request: switchToFrame, data: {"to":"0","sessionId":"3-b2g","name":"switchToFrame","parameters":{"id":null,"focus":true}}, id: {e6159c5e-208f-4b9d-88c0-d5492a105c59}
04-28 00:09:32.500 I/Gecko   (   84): 1398668972508	Marionette	INFO	Switched to frame: {"frameValue":null}
04-28 00:09:32.630 I/Gecko   (   84): 1398668972640	Marionette	INFO	sendToClient: {"from":"0","ok":true}, {e6159c5e-208f-4b9d-88c0-d5492a105c59}, {e6159c5e-208f-4b9d-88c0-d5492a105c59}
04-28 00:09:32.660 I/Gecko   (   84): 1398668972667	Marionette	DEBUG	Got request: executeWithCallback, data: {"to":"0","sessionId":"3-b2g","name":"executeAsyncScript","parameters":{"specialPowers":false,"scriptTimeout":null,"newSandbox":true,"args":[],"filename":"gaia_test.py","script":"return GaiaApps.displayedApp();","line":66}}, id: {db8f7973-3a0a-4f5b-bb8d-9f982234550d}
04-28 00:09:33.950 I/GonkMemoryPressure( 2359): Checking to see if memory pressure is over.
04-28 00:09:33.950 I/GonkMemoryPressure( 2359): Memory pressure is over.
04-28 00:09:34.230 I/log     ( 2398): OOM Message Logger Started 
04-28 00:09:38.970 I/GonkMemoryPressure( 2359): Checking to see if memory pressure is over.
04-28 00:09:38.980 I/GonkMemoryPressure( 2329): Checking to see if memory pressure is over.
04-28 00:09:38.980 I/GonkMemoryPressure( 2329): Memory pressure is over.
04-28 00:09:38.980 I/GonkMemoryPressure(   84): Checking to see if memory pressure is over.
04-28 00:09:38.980 I/GonkMemoryPressure(   84): Memory pressure is over.
04-28 00:09:38.990 I/GonkMemoryPressure( 2359): Memory pressure is over.
04-28 00:09:41.160 E/Profiler( 2396): BEGIN mozilla_sampler_init
04-28 00:09:41.250 E/Profiler( 2396): BPUnw: [1 total] thread_register_for_profiling(me=0x40066488, stacktop=0xbebeb9b7)
04-28 00:09:41.250 E/Profiler( 2396): SPS:
04-28 00:09:41.250 E/Profiler( 2396): SPS: Unwind mode       = pseudo
04-28 00:09:41.250 E/Profiler( 2396): SPS: Sampling interval = 0 ms (zero means "platform default")
04-28 00:09:41.250 E/Profiler( 2396): SPS: Entry store size  = 0 (zero means "platform default")
04-28 00:09:41.250 E/Profiler( 2396): SPS: UnwindStackScan   = 0 (max dubious frames per unwind).
04-28 00:09:41.250 E/Profiler( 2396): SPS: Use env var MOZ_PROFILER_MODE=help for further information.
04-28 00:09:41.250 E/Profiler( 2396): SPS:
04-28 00:09:41.250 E/Profiler( 2396): Registering start signal
04-28 00:09:42.240 E/GeckoConsole(   84): Content JS LOG at dummy file:392 in GaiaApps.displayedApp: app with origin 'app://homescreen.gaiamobile.org' is displayed
04-28 00:09:44.010 I/GonkMemoryPressure( 2329): Checking to see if memory pressure is over.
04-28 00:09:44.020 I/GonkMemoryPressure(   84): Checking to see if memory pressure is over.
04-28 00:09:44.020 I/GonkMemoryPressure(   84): Memory pressure is over.
04-28 00:09:44.020 I/GonkMemoryPressure( 2329): Memory pressure is over.
04-28 00:09:44.040 I/GonkMemoryPressure( 2359): Checking to see if memory pressure is over.
04-28 00:09:44.050 I/GonkMemoryPressure( 2359): Memory pressure is over.
04-28 00:09:47.880 I/Gecko   (   84): 1398668987888	Marionette	INFO	sendToClient: {"from":"0","value":{"frame":{"ELEMENT":"{43e5384c-7d69-44f3-9d56-255fbfa085df}"},"src":"app://homescreen.gaiamobile.org/index.html#root","name":"Homescreen","origin":"app://homescreen.gaiamobile.org"}}, {db8f7973-3a0a-4f5b-bb8d-9f982234550d}, {db8f7973-3a0a-4f5b-bb8d-9f982234550d}
04-28 00:09:49.090 I/GonkMemoryPressure( 2359): Checking to see if memory pressure is over.
04-28 00:09:49.090 I/GonkMemoryPressure( 2329): Checking to see if memory pressure is over.
04-28 00:09:49.090 I/GonkMemoryPressure( 2329): Memory pressure is over.
04-28 00:09:49.110 I/GonkMemoryPressure( 2359): Memory pressure is over.
04-28 00:09:49.110 I/GonkMemoryPressure(   84): Checking to see if memory pressure is over.
04-28 00:09:49.110 I/GonkMemoryPressure(   84): Memory pressure is over.
04-28 00:09:54.260 I/GonkMemoryPressure( 2329): Checking to see if memory pressure is over.
04-28 00:09:54.260 I/GonkMemoryPressure( 2329): Memory pressure is over.
04-28 00:09:54.260 I/GonkMemoryPressure(   84): Checking to see if memory pressure is over.
04-28 00:09:54.260 I/GonkMemoryPressure(   84): Memory pressure is over.
04-28 00:09:54.270 I/GonkMemoryPressure( 2359): Checking to see if memory pressure is over.
04-28 00:09:54.270 I/GonkMemoryPressure( 2359): Memory pressure is over.
04-28 00:09:58.380 I/Gecko   (   84): [Parent 84] WARNING: pipe error (123): Connection reset by peer: file ../../../gecko/ipc/chromium/src/chrome/common/ipc_channel_posix.cc, line 446
04-28 00:09:58.380 I/Gecko   (   84): [Parent 84] WARNING: pipe error (129): Connection reset by peer: file ../../../gecko/ipc/chromium/src/chrome/common/ipc_channel_posix.cc, line 446
04-28 00:09:59.370 I/GonkMemoryPressure(   84): Checking to see if memory pressure is over.
04-28 00:09:59.380 I/GonkMemoryPressure(   84): Memory pressure is over.
04-28 00:09:59.380 I/GonkMemoryPressure( 2359): Checking to see if memory pressure is over.
04-28 00:09:59.380 I/GonkMemoryPressure( 2359): Memory pressure is over.
04-28 00:09:59.380 I/GonkMemoryPressure( 2329): Checking to see if memory pressure is over.
04-28 00:09:59.380 I/GonkMemoryPressure( 2329): Memory pressure is over.
04-28 00:10:04.450 I/GonkMemoryPressure( 2329): Checking to see if memory pressure is over.
04-28 00:10:04.470 I/GonkMemoryPressure(   84): Checking to see if memory pressure is over.
04-28 00:10:04.470 I/GonkMemoryPressure(   84): Memory pressure is over.
04-28 00:10:04.490 I/GonkMemoryPressure( 2329): Memory pressure is over.
04-28 00:10:04.510 I/GonkMemoryPressure( 2359): Checking to see if memory pressure is over.
04-28 00:10:04.530 I/GonkMemoryPressure( 2359): Memory pressure is over.
04-28 00:10:07.670 I/Gonk    (   84): Setting nice for pid 2329 to 18
04-28 00:10:07.700 I/Gonk    (   84): Changed nice for pid 2329 from 1 to 18.
04-28 00:10:08.540 W/WifiHW  (   84): wifi_command: SIGNAL_POLL
04-28 00:10:08.600 I/Gecko   (   84): 
04-28 00:10:08.600 I/Gecko   (   84): ###!!! [Parent][OnMaybeDequeueOne] Error: Channel error: cannot send/recv
04-28 00:10:08.600 I/Gecko   (   84): 
04-28 00:10:09.100 I/Gecko   (   84): 
04-28 00:10:09.100 I/Gecko   (   84): ###!!! [Parent][MessageChannel] Error: Channel error: cannot send/recv
04-28 00:10:09.100 I/Gecko   (   84): 
04-28 00:10:09.110 I/Gecko   (   84): 
04-28 00:10:09.110 I/Gecko   (   84): ###!!! [Parent][OnMaybeDequeueOne] Error: Channel error: cannot send/recv
04-28 00:10:09.110 I/Gecko   (   84): 
04-28 00:10:09.110 I/Gecko   (   84): 
04-28 00:10:09.110 I/Gecko   (   84): ###!!! [Parent][OnMaybeDequeueOne] Error: Channel error: cannot send/recv
04-28 00:10:09.110 I/Gecko   (   84): 
04-28 00:10:09.150 I/Gecko   (   84): 
04-28 00:10:09.150 I/Gecko   (   84): ###!!! [Parent][MessageChannel] Error: Channel error: cannot send/recv
04-28 00:10:09.150 I/Gecko   (   84): 
04-28 00:10:09.310 I/GeckoDump(   84): Crash reporter : Can't fetch app.reportCrashes. Exception: [Exception... "Component returned failure code: 0x8000ffff (NS_ERROR_UNEXPECTED) [nsIPrefBranch.getBoolPref]"  nsresult: "0x8000ffff (NS_ERROR_UNEXPECTED)"  location: "JS frame :: chrome://browser/content/shell.js :: shell_reportCrash :: line 7"  data: no]
04-28 00:10:09.420 I/Gecko   (   84): [Parent 84] WARNING: waitpid failed pid:2329 errno:10: file ../../../gecko/ipc/chromium/src/base/process_util_posix.cc, line 254
04-28 00:10:09.470 I/Gecko   (   84): 1398669009454	Marionette	DEBUG	Got request: switchToFrame, data: {"to":"0","sessionId":"3-b2g","name":"switchToFrame","parameters":{"id":null,"focus":true}}, id: {13787e91-4440-4852-bb5e-6849c599c639}
04-28 00:10:09.510 I/Gecko   (   84): 1398669009515	Marionette	INFO	Switched to frame: {"frameValue":null}
04-28 00:10:09.510 I/GonkMemoryPressure(   84): Checking to see if memory pressure is over.
04-28 00:10:09.510 I/GonkMemoryPressure(   84): Memory pressure is over.
04-28 00:10:09.620 I/GonkMemoryPressure( 2359): Checking to see if memory pressure is over.
04-28 00:10:09.620 I/GonkMemoryPressure( 2359): Memory pressure is over.
04-28 00:10:09.640 I/Gecko   (   84): 1398669009650	Marionette	INFO	sendToClient: {"from":"0","ok":true}, {13787e91-4440-4852-bb5e-6849c599c639}, {13787e91-4440-4852-bb5e-6849c599c639}
04-28 00:10:09.650 I/Gecko   (   84): 1398669009656	Marionette	DEBUG	Got request: switchToFrame, data: {"to":"0","sessionId":"3-b2g","name":"switchToFrame","parameters":{"id":null,"focus":true}}, id: {532f6e16-be7b-40b4-869b-2b910b7f290e}
04-28 00:10:09.650 I/Gecko   (   84): 1398669009658	Marionette	INFO	Switched to frame: {"frameValue":null}
04-28 00:10:09.760 I/Gecko   (   84): 1398669009765	Marionette	INFO	sendToClient: {"from":"0","ok":true}, {532f6e16-be7b-40b4-869b-2b910b7f290e}, {532f6e16-be7b-40b4-869b-2b910b7f290e}
04-28 00:10:09.760 I/Gecko   (   84): 1398669009770	Marionette	DEBUG	Got request: executeWithCallback, data: {"to":"0","sessionId":"3-b2g","name":"executeAsyncScript","parameters":{"specialPowers":false,"scriptTimeout":null,"newSandbox":true,"args":[],"filename":"gaia_test.py","script":"return GaiaApps.displayedApp();","line":66}}, id: {4007d499-d33f-404e-aaff-570b50e75773}
04-28 00:10:09.880 E/GeckoConsole(   84): Content JS LOG at dummy file:392 in GaiaApps.displayedApp: app with origin 'app://homescreen.gaiamobile.org' is displayed
04-28 00:10:09.880 I/Gecko   (   84): 1398669009889	Marionette	INFO	sendToClient: {"from":"0","value":{"frame":{"ELEMENT":"{43e5384c-7d69-44f3-9d56-255fbfa085df}"},"src":"app://homescreen.gaiamobile.org/index.html#root","name":"Homescreen","origin":"app://homescreen.gaiamobile.org"}}, {4007d499-d33f-404e-aaff-570b50e75773}, {4007d499-d33f-404e-aaff-570b50e75773}
04-28 00:10:09.900 I/Gecko   (   84): 1398669009908	Marionette	DEBUG	Got request: switchToFrame, data: {"to":"0","sessionId":"3-b2g","name":"switchToFrame","parameters":{"focus":true,"element":"{43e5384c-7d69-44f3-9d56-255fbfa085df}"}}, id: {be4bc3dc-9320-4ebe-9edc-03b02da0cae8}
04-28 00:10:09.930 I/Gecko   (   84): 1398669009939	Marionette	INFO	Switched to frame: {"frameValue":"{43e5384c-7d69-44f3-9d56-255fbfa085df}"}
04-28 00:10:09.970 I/Gecko   (   84): 1398669009973	Marionette	INFO	trying remote frame 0
04-28 00:10:09.970 I/Gecko   (   84): 1398669009974	Marionette	INFO	trying remote frame 1
04-28 00:10:09.970 I/Gecko   (   84): 1398669009975	Marionette	INFO	trying remote frame 2
04-28 00:10:09.970 I/Gecko   (   84): 1398669009976	Marionette	INFO	deleting frame
04-28 00:10:09.970 I/Gecko   (   84): 1398669009981	Marionette	INFO	frame-manager load script: [object ChromeMessageSender]
04-28 00:10:10.460 I/Gecko   ( 2359): ###################################### forms.js loaded
04-28 00:10:10.500 I/Gecko   ( 2359): ############################### browserElementPanning.js loaded
04-28 00:10:10.520 I/Gecko   ( 2359): ######################## BrowserElementChildPreload.js loaded
04-28 00:10:11.430 I/Gecko   (   84): [Parent 84] WARNING: waitpid failed pid:2329 errno:10: file ../../../gecko/ipc/chromium/src/base/process_util_posix.cc, line 254
04-28 00:10:11.430 I/Gecko   (   84): [Parent 84] WARNING: Failed to deliver SIGKILL to 2329!(3).: file ../../../gecko/ipc/chromium/src/chrome/common/process_watcher_posix_sigchld.cc, line 118
04-28 00:10:11.810 I/Gecko   (   84): 1398669011804	Marionette	INFO	sendToClient: {"from":"0","ok":true}, {be4bc3dc-9320-4ebe-9edc-03b02da0cae8}, {be4bc3dc-9320-4ebe-9edc-03b02da0cae8}
04-28 00:10:12.330 I/Gecko   (   84): 1398669012339	Marionette	INFO	sendToClient: {"from":"0","value":"app://homescreen.gaiamobile.org/index.html#root"}, {76d8f4ac-17e6-46d1-b8ab-3597830c10fa}, {76d8f4ac-17e6-46d1-b8ab-3597830c10fa}
04-28 00:10:12.340 I/Gecko   (   84): 1398669012345	Marionette	DEBUG	Got request: switchToFrame, data: {"to":"0","sessionId":"3-b2g","name":"switchToFrame","parameters":{"id":null,"focus":true}}, id: {d84a003b-c9c6-4b81-a8e2-cf82403383c9}
04-28 00:10:12.420 I/Gecko   (   84): 1398669012425	Marionette	INFO	Switched to frame: {"frameValue":null}
04-28 00:10:12.520 I/Gecko   (   84): 1398669012528	Marionette	INFO	sendToClient: {"from":"0","ok":true}, {d84a003b-c9c6-4b81-a8e2-cf82403383c9}, {d84a003b-c9c6-4b81-a8e2-cf82403383c9}
04-28 00:10:12.530 I/Gecko   (   84): 1398669012533	Marionette	DEBUG	Got request: switchToFrame, data: {"to":"0","sessionId":"3-b2g","name":"switchToFrame","parameters":{"id":null,"focus":true}}, id: {c49f029c-6bb3-4b15-b9ff-4cd5f62ab001}
04-28 00:10:12.530 I/Gecko   (   84): 1398669012535	Marionette	INFO	Switched to frame: {"frameValue":null}
04-28 00:10:12.650 I/Gecko   (   84): 1398669012655	Marionette	INFO	sendToClient: {"from":"0","ok":true}, {c49f029c-6bb3-4b15-b9ff-4cd5f62ab001}, {c49f029c-6bb3-4b15-b9ff-4cd5f62ab001}
04-28 00:10:12.650 I/Gecko   (   84): 1398669012661	Marionette	DEBUG	Got request: executeWithCallback, data: {"to":"0","sessionId":"3-b2g","name":"executeAsyncScript","parameters":{"specialPowers":false,"scriptTimeout":null,"newSandbox":true,"args":[],"filename":"gaia_test.py","script":"GaiaApps.killAll()","line":91}}, id: {16aa18fe-34b8-4c6b-abe0-0cbefbf7ac7e}
04-28 00:10:13.150 E/GeckoConsole(   84): Content JS LOG at dummy file:266 in GaiaApps.kill: terminating app with origin 'app://browser.gaiamobile.org'
04-28 00:10:13.160 E/GeckoConsole(   84): Content JS LOG at dummy file:258 in GaiaApps.kill/gt_onAppTerminated/<: app with origin 'app://browser.gaiamobile.org' has terminated
04-28 00:10:13.480 I/Gecko   (   84): 1398669013492	Marionette	INFO	sendToClient: {"from":"0","value":true}, {16aa18fe-34b8-4c6b-abe0-0cbefbf7ac7e}, {16aa18fe-34b8-4c6b-abe0-0cbefbf7ac7e}
04-28 00:10:13.570 W/WifiHW  (   84): wifi_command: SIGNAL_POLL
04-28 00:10:13.620 I/Gecko   (   84): 1398669013629	Marionette	DEBUG	Got request: switchToFrame, data: {"to":"0","sessionId":"3-b2g","name":"switchToFrame","parameters":{"id":null,"focus":true}}, id: {82fe1275-3d8c-4dca-8c32-1bfbde046523}
04-28 00:10:13.620 I/Gecko   (   84): 1398669013631	Marionette	INFO	Switched to frame: {"frameValue":null}
04-28 00:10:13.740 I/Gecko   (   84): 1398669013745	Marionette	INFO	sendToClient: {"from":"0","ok":true}, {82fe1275-3d8c-4dca-8c32-1bfbde046523}, {82fe1275-3d8c-4dca-8c32-1bfbde046523}
04-28 00:10:13.740 I/Gecko   (   84): 1398669013751	Marionette	DEBUG	Got request: executeWithCallback, data: {"to":"0","sessionId":"3-b2g","name":"executeAsyncScript","parameters":{"specialPowers":false,"scriptTimeout":60000,"newSandbox":true,"args":[],"filename":"app_checker.py","script":"\n        GaiaApps.locateWithManifestURL('http://www.sicilianelmondo.com/webapp/proverbi-ff/manifest.webapp',\n                                       null,\n                                       function uninstall(app) {\n                                       navigator.mozApps.mgmt.uninstall(app);\n                                       marionetteScriptFinished(true);\n                                       });\n        ","line":129}}, id: {9a937918-dcc0-47a1-82e8-03ffd16bd71f}
04-28 00:10:13.800 I/Gecko   (   84): -- webapps.js uninstall http://www.sicilianelmondo.com/webapp/proverbi-ff/manifest.webapp
04-28 00:10:14.780 I/Gecko   (   84): 1398669014791	Marionette	INFO	sendToClient: {"from":"0","value":true}, {9a937918-dcc0-47a1-82e8-03ffd16bd71f}, {9a937918-dcc0-47a1-82e8-03ffd16bd71f}