--------- beginning of /dev/log/main
04-24 15:29:43.544 V/AudioPolicyManagerBase(   89): getDeviceForStrategy() from cache strategy 0, device 2
04-24 15:29:43.544 V/AudioPolicyManagerBase(   89): getOutput() stream 1, samplingRate 0, format 0, channels 3, flags 0
04-24 15:29:43.624 V/AudioPolicyManagerBase(   89): startOutput() output 1, stream 1, session 2
04-24 15:29:43.624 V/AudioPolicyManagerBase(   89): startReadingThread
04-24 15:29:43.624 V/AudioPolicyManagerBase(   89): changeRefCount() stream 1, count 1
04-24 15:29:43.624 V/AudioPolicyManagerBase(   89): getDeviceForStrategy() from cache strategy 0, device 2
04-24 15:29:43.624 V/AudioPolicyManagerBase(   89): getNewDevice() selected device 2
04-24 15:29:43.624 D/AudioPolicyManagerBase(   89): setOutputDevice() output 1 device 2 delayMs 0
04-24 15:29:43.624 V/AudioPolicyManagerBase(   89): setOutputDevice() setting same device 2 or null device for output 1
04-24 15:29:43.624 E/AudioPolicyManagerBase(   89): checkAndSetVolume stream=1, index=0, output=1, device=2
04-24 15:29:43.624 E/AudioPolicyManagerBase(   89): computeVolume, streamDesc=0x1d02bb8
04-24 15:29:43.634 V/AudioPolicyManagerBase(   89): ThreadWrapper 0x1d02b40
04-24 15:29:43.634 V/AudioPolicyManagerBase(   89): threadFunc in
04-24 15:29:43.664 W/AudioFlinger(   89): Thread AudioOut_1 cannot connect to the power manager service
04-24 15:29:43.664 V/AudioPolicyManagerBase(   89): stopOutput() output 1, stream 1, session 2
04-24 15:29:43.664 V/AudioPolicyManagerBase(   89): stopReadingThread
04-24 15:29:43.704 I/Gecko   (   84): 1398378583716	Marionette	INFO	sendToClient: {"from":"0","ok":true}, {dd5b9690-b5cb-446b-b82a-5be3d8f74d98}, {dd5b9690-b5cb-446b-b82a-5be3d8f74d98}
04-24 15:29:43.724 I/Gecko   (   84): 1398378583742	Marionette	DEBUG	Got request: switchToFrame, data: {"to":"0","sessionId":"3-b2g","name":"switchToFrame","parameters":{"id":null,"focus":true}}, id: {dd89fd9e-34dc-4d25-8ec5-09d91def02e9}
04-24 15:29:43.734 V/AudioPolicyManagerBase(   89): threadFunc exit
04-24 15:29:43.734 V/AudioPolicyManagerBase(   89): changeRefCount() stream 1, count 0
04-24 15:29:43.734 V/AudioPolicyManagerBase(   89): getNewDevice() selected device 0
04-24 15:29:43.734 D/AudioPolicyManagerBase(   89): setOutputDevice() output 1 device 0 delayMs 290
04-24 15:29:43.734 V/AudioPolicyManagerBase(   89): setOutputDevice() setting same device 0 or null device for output 1
04-24 15:29:43.754 I/Gecko   (   84): 1398378583759	Marionette	INFO	Switched to frame: {"frameValue":null}
04-24 15:29:43.754 V/AudioPolicyManagerBase(   89): startOutput() output 1, stream 1, session 2
04-24 15:29:43.754 V/AudioPolicyManagerBase(   89): changeRefCount() stream 1, count 1
04-24 15:29:43.754 V/AudioPolicyManagerBase(   89): getDeviceForStrategy() from cache strategy 0, device 2
04-24 15:29:43.754 V/AudioPolicyManagerBase(   89): getNewDevice() selected device 2
04-24 15:29:43.754 D/AudioPolicyManagerBase(   89): setOutputDevice() output 1 device 2 delayMs 0
04-24 15:29:43.754 V/AudioPolicyManagerBase(   89): setOutputDevice() setting same device 2 or null device for output 1
04-24 15:29:43.754 E/AudioPolicyManagerBase(   89): checkAndSetVolume stream=1, index=0, output=1, device=2
04-24 15:29:43.754 E/AudioPolicyManagerBase(   89): computeVolume, streamDesc=0x1d02bb8
04-24 15:29:43.754 V/AudioPolicyManagerBase(   89): stopOutput() output 1, stream 1, session 2
04-24 15:29:43.754 V/AudioPolicyManagerBase(   89): changeRefCount() stream 1, count 0
04-24 15:29:43.754 V/AudioPolicyManagerBase(   89): getNewDevice() selected device 0
04-24 15:29:43.754 D/AudioPolicyManagerBase(   89): setOutputDevice() output 1 device 0 delayMs 290
04-24 15:29:43.754 V/AudioPolicyManagerBase(   89): setOutputDevice() setting same device 0 or null device for output 1
04-24 15:29:43.764 V/AudioPolicyManagerBase(   89): releaseOutput() 1
04-24 15:29:43.854 I/Gecko   (   84): 1398378583870	Marionette	INFO	sendToClient: {"from":"0","ok":true}, {dd89fd9e-34dc-4d25-8ec5-09d91def02e9}, {dd89fd9e-34dc-4d25-8ec5-09d91def02e9}
04-24 15:29:43.864 I/Gecko   (   84): 1398378583877	Marionette	DEBUG	Got request: executeWithCallback, data: {"to":"0","sessionId":"3-b2g","name":"executeAsyncScript","parameters":{"specialPowers":false,"scriptTimeout":null,"newSandbox":true,"args":[],"filename":"gaia_test.py","script":"return GaiaApps.displayedApp();","line":66}}, id: {8de006ea-9c84-4f70-8663-6be907477255}
04-24 15:29:43.954 I/Gecko   (   84): 1398378583973	Marionette	INFO	sendToClient: {"from":"0","value":{"frame":{"ELEMENT":"{b8454cd8-1225-4430-8fb5-feef80e468ff}"},"src":"app://homescreen.gaiamobile.org/index.html#root","name":"Homescreen","origin":"app://homescreen.gaiamobile.org"}}, {8de006ea-9c84-4f70-8663-6be907477255}, {8de006ea-9c84-4f70-8663-6be907477255}
04-24 15:29:43.964 E/GeckoConsole(   84): Content JS LOG at dummy file:392 in GaiaApps.displayedApp: app with origin 'app://homescreen.gaiamobile.org' is displayed
04-24 15:29:43.974 I/Gecko   (   84): 1398378583989	Marionette	DEBUG	Got request: switchToFrame, data: {"to":"0","sessionId":"3-b2g","name":"switchToFrame","parameters":{"id":null,"focus":true}}, id: {638b4cb9-6ed4-4731-b852-e1d34f7f6115}
04-24 15:29:43.974 I/Gecko   (   84): 1398378583991	Marionette	INFO	Switched to frame: {"frameValue":null}
04-24 15:29:43.994 E/GeckoConsole(  779): Content JS ERROR at app://homescreen.gaiamobile.org/gaia_build_defer_index.js:390 in loadSVConfFileError: Failed parsing singleVariant configuration file [js/singlevariantconf.json]:  [Exception... "File error: Not found"  nsresult: "0x80520012 (NS_ERROR_FILE_NOT_FOUND)"  location: "JS frame :: app://homescreen.gaiamobile.org/gaia_build_defer_index.js :: loadFile :: line 382"  data: no]
04-24 15:29:44.074 I/Gecko   (   84): 1398378584093	Marionette	INFO	sendToClient: {"from":"0","ok":true}, {638b4cb9-6ed4-4731-b852-e1d34f7f6115}, {638b4cb9-6ed4-4731-b852-e1d34f7f6115}
04-24 15:29:44.084 I/Gecko   (   84): 1398378584099	Marionette	DEBUG	Got request: switchToFrame, data: {"to":"0","sessionId":"3-b2g","name":"switchToFrame","parameters":{"id":null,"focus":true}}, id: {9e71e3fd-4a79-4ea1-b404-c6e3f51a2983}
04-24 15:29:44.084 I/Gecko   (   84): 1398378584101	Marionette	INFO	Switched to frame: {"frameValue":null}
04-24 15:29:44.224 I/Gecko   (   84): 1398378584239	Marionette	INFO	sendToClient: {"from":"0","ok":true}, {9e71e3fd-4a79-4ea1-b404-c6e3f51a2983}, {9e71e3fd-4a79-4ea1-b404-c6e3f51a2983}
04-24 15:29:44.234 I/Gecko   (   84): 1398378584246	Marionette	DEBUG	Got request: executeWithCallback, data: {"to":"0","sessionId":"3-b2g","name":"executeAsyncScript","parameters":{"specialPowers":false,"scriptTimeout":null,"newSandbox":true,"args":[],"filename":"gaia_test.py","script":"return GaiaApps.displayedApp();","line":66}}, id: {0a810159-9556-4554-bf31-da829e66b962}
04-24 15:29:44.274 I/Gecko   (   84): 1398378584294	Marionette	INFO	sendToClient: {"from":"0","value":{"frame":{"ELEMENT":"{b8454cd8-1225-4430-8fb5-feef80e468ff}"},"src":"app://homescreen.gaiamobile.org/index.html#root","name":"Homescreen","origin":"app://homescreen.gaiamobile.org"}}, {0a810159-9556-4554-bf31-da829e66b962}, {0a810159-9556-4554-bf31-da829e66b962}
04-24 15:29:44.284 W/WifiHW  (   84): wifi_command: SIGNAL_POLL
04-24 15:29:44.294 E/GeckoConsole(   84): Content JS LOG at dummy file:392 in GaiaApps.displayedApp: app with origin 'app://homescreen.gaiamobile.org' is displayed
04-24 15:29:44.304 I/Gecko   (   84): 1398378584320	Marionette	DEBUG	Got request: switchToFrame, data: {"to":"0","sessionId":"3-b2g","name":"switchToFrame","parameters":{"focus":true,"element":"{b8454cd8-1225-4430-8fb5-feef80e468ff}"}}, id: {4ee96f7f-927f-4fa4-8967-fcce711d2d1d}
04-24 15:29:44.324 I/Gecko   (   84): 1398378584338	Marionette	INFO	Switched to frame: {"frameValue":"{b8454cd8-1225-4430-8fb5-feef80e468ff}"}
04-24 15:29:44.334 I/Gecko   (   84): 1398378584352	Marionette	INFO	trying remote frame 0
04-24 15:29:44.334 I/Gecko   (   84): 1398378584353	Marionette	INFO	deleting frame
04-24 15:29:44.344 I/Gecko   (   84): 1398378584358	Marionette	INFO	frame-manager load script: [object ChromeMessageSender]
04-24 15:29:44.794 I/Gecko   (   84): 1398378584809	Marionette	INFO	sendToClient: {"from":"0","ok":true}, {4ee96f7f-927f-4fa4-8967-fcce711d2d1d}, {4ee96f7f-927f-4fa4-8967-fcce711d2d1d}
04-24 15:29:44.894 I/Gecko   (   84): 1398378584911	Marionette	INFO	sendToClient: {"from":"0","value":{"ELEMENT":"{a8b60d0d-9132-4041-87e2-3da9272cd076}"}}, {e5dfb7c3-2ae1-463c-9a5d-11c8550e9d72}, {e5dfb7c3-2ae1-463c-9a5d-11c8550e9d72}
04-24 15:29:45.124 E/GeckoConsole(  779): [JavaScript Warning: "Use of getAttributeNode() is deprecated. Use getAttribute() instead." {file: "chrome://marionette/content/atoms.js" line: 25}]
04-24 15:29:45.144 E/GeckoConsole(  779): [JavaScript Warning: "Use of attributes' specified attribute is deprecated. It always returns true." {file: "chrome://marionette/content/atoms.js" line: 25}]
04-24 15:29:45.144 I/Gecko   (   84): 1398378585156	Marionette	INFO	sendToClient: {"from":"0","value":"normal"}, {6d6f8eca-b31f-4ba5-8d97-ce873e61cc43}, {6d6f8eca-b31f-4ba5-8d97-ce873e61cc43}
04-24 15:29:45.154 I/Gecko   (   84): 1398378585165	Marionette	DEBUG	Got request: switchToFrame, data: {"to":"0","sessionId":"3-b2g","name":"switchToFrame","parameters":{"id":null,"focus":true}}, id: {0ee6d3a3-a43d-4d91-bc9b-54ea60179dcb}
04-24 15:29:45.174 I/Gecko   (   84): 1398378585188	Marionette	INFO	Switched to frame: {"frameValue":null}
04-24 15:29:45.274 I/Gecko   (   84): 1398378585292	Marionette	INFO	sendToClient: {"from":"0","ok":true}, {0ee6d3a3-a43d-4d91-bc9b-54ea60179dcb}, {0ee6d3a3-a43d-4d91-bc9b-54ea60179dcb}
04-24 15:29:45.284 I/Gecko   (   84): 1398378585298	Marionette	DEBUG	Got request: execute, data: {"to":"0","sessionId":"3-b2g","name":"executeScript","parameters":{"specialPowers":false,"scriptTimeout":null,"newSandbox":true,"args":[],"filename":"gaia_test.py","script":"window.wrappedJSObject.dispatchEvent(new Event('home'));","line":788}}, id: {8185e8f9-09ce-440d-9d00-c3f899efcb42}
04-24 15:29:45.354 I/Gecko   (   84): 1398378585371	Marionette	INFO	sendToClient: {"from":"0","value":null}, {8185e8f9-09ce-440d-9d00-c3f899efcb42}, {8185e8f9-09ce-440d-9d00-c3f899efcb42}
04-24 15:29:45.364 I/Gecko   (   84): 1398378585377	Marionette	DEBUG	Got request: switchToFrame, data: {"to":"0","sessionId":"3-b2g","name":"switchToFrame","parameters":{"id":null,"focus":true}}, id: {3abddde7-b043-407a-b948-7d0bfb67c3f8}
04-24 15:29:45.364 I/Gecko   (   84): 1398378585380	Marionette	INFO	Switched to frame: {"frameValue":null}
04-24 15:29:45.474 I/Gecko   (   84): 1398378585488	Marionette	INFO	sendToClient: {"from":"0","ok":true}, {3abddde7-b043-407a-b948-7d0bfb67c3f8}, {3abddde7-b043-407a-b948-7d0bfb67c3f8}
04-24 15:29:45.484 I/Gecko   (   84): 1398378585495	Marionette	DEBUG	Got request: switchToFrame, data: {"to":"0","sessionId":"3-b2g","name":"switchToFrame","parameters":{"id":null,"focus":true}}, id: {e806b89e-b74e-4387-8011-143073faf471}
04-24 15:29:45.484 I/Gecko   (   84): 1398378585497	Marionette	INFO	Switched to frame: {"frameValue":null}
04-24 15:29:45.654 I/Gecko   (   84): 1398378585671	Marionette	INFO	sendToClient: {"from":"0","ok":true}, {e806b89e-b74e-4387-8011-143073faf471}, {e806b89e-b74e-4387-8011-143073faf471}
04-24 15:29:45.664 I/Gecko   (   84): 1398378585679	Marionette	DEBUG	Got request: executeWithCallback, data: {"to":"0","sessionId":"3-b2g","name":"executeAsyncScript","parameters":{"specialPowers":false,"scriptTimeout":null,"newSandbox":true,"args":[],"filename":"gaia_test.py","script":"return GaiaApps.displayedApp();","line":66}}, id: {a3dd986b-16f5-45a2-a40c-f528892bd83d}
04-24 15:29:45.714 I/Gecko   (   84): 1398378585731	Marionette	INFO	sendToClient: {"from":"0","value":{"frame":{"ELEMENT":"{b8454cd8-1225-4430-8fb5-feef80e468ff}"},"src":"app://homescreen.gaiamobile.org/index.html#rootThu%20Apr%2024%202014%2015:29:45%20GMT-0700%20(UTC)","name":"Homescreen","origin":"app://homescreen.gaiamobile.org"}}, {a3dd986b-16f5-45a2-a40c-f528892bd83d}, {a3dd986b-16f5-45a2-a40c-f528892bd83d}
04-24 15:29:45.724 E/GeckoConsole(   84): Content JS LOG at dummy file:392 in GaiaApps.displayedApp: app with origin 'app://homescreen.gaiamobile.org' is displayed
04-24 15:29:45.734 I/Gecko   (   84): 1398378585748	Marionette	DEBUG	Got request: switchToFrame, data: {"to":"0","sessionId":"3-b2g","name":"switchToFrame","parameters":{"focus":true,"element":"{b8454cd8-1225-4430-8fb5-feef80e468ff}"}}, id: {a3230a60-8bc7-4763-875a-dfb23bda841e}
04-24 15:29:45.744 I/Gecko   (   84): 1398378585759	Marionette	INFO	Switched to frame: {"frameValue":"{b8454cd8-1225-4430-8fb5-feef80e468ff}"}
04-24 15:29:45.744 I/Gecko   (   84): 1398378585761	Marionette	INFO	trying remote frame 0
04-24 15:29:46.574 I/Gecko   (   84): 1398378586589	Marionette	INFO	sendToClient: {"from":"0","ok":true}, {a3230a60-8bc7-4763-875a-dfb23bda841e}, {a3230a60-8bc7-4763-875a-dfb23bda841e}
04-24 15:29:46.584 I/Gecko   (   84): 1398378586596	Marionette	DEBUG	Got request: execute, data: {"to":"0","sessionId":"3-b2g","name":"executeScript","parameters":{"specialPowers":false,"scriptTimeout":null,"newSandbox":true,"args":[],"filename":"gaia_test.py","script":"return window.wrappedJSObject.GridManager.pageHelper.getCurrentPageNumber();","line":784}}, id: {9158f7cd-fce0-4554-baea-43269f6d7d88}
04-24 15:29:46.644 E/GeckoConsole(  779): Content JS WARN at app://homescreen.gaiamobile.org/gaia_build_defer_index.js:184 in isHiddenApp: Unexpected role when checking hidden app: undefined
04-24 15:29:46.684 E/GeckoConsole(  779): Content JS WARN at app://homescreen.gaiamobile.org/gaia_build_defer_index.js:184 in isHiddenApp: Unexpected role when checking hidden app: undefined
04-24 15:29:46.684 E/GeckoConsole(  779): Content JS WARN at app://homescreen.gaiamobile.org/gaia_build_defer_index.js:184 in isHiddenApp: Unexpected role when checking hidden app: undefined
04-24 15:29:46.684 E/GeckoConsole(  779): Content JS WARN at app://homescreen.gaiamobile.org/gaia_build_defer_index.js:184 in isHiddenApp: Unexpected role when checking hidden app: undefined
04-24 15:29:46.684 E/GeckoConsole(  779): Content JS WARN at app://homescreen.gaiamobile.org/gaia_build_defer_index.js:184 in isHiddenApp: Unexpected role when checking hidden app: undefined
04-24 15:29:46.684 E/GeckoConsole(  779): Content JS WARN at app://homescreen.gaiamobile.org/gaia_build_defer_index.js:184 in isHiddenApp: Unexpected role when checking hidden app: undefined
04-24 15:29:46.684 E/GeckoConsole(  779): Content JS WARN at app://homescreen.gaiamobile.org/gaia_build_defer_index.js:184 in isHiddenApp: Unexpected role when checking hidden app: undefined
04-24 15:29:46.684 E/GeckoConsole(  779): Content JS WARN at app://homescreen.gaiamobile.org/gaia_build_defer_index.js:184 in isHiddenApp: Unexpected role when checking hidden app: undefined
04-24 15:29:46.684 E/GeckoConsole(  779): Content JS WARN at app://homescreen.gaiamobile.org/gaia_build_defer_index.js:184 in isHiddenApp: Unexpected role when checking hidden app: undefined
04-24 15:29:46.684 E/GeckoConsole(  779): Content JS WARN at app://homescreen.gaiamobile.org/gaia_build_defer_index.js:184 in isHiddenApp: Unexpected role when checking hidden app: undefined
04-24 15:29:46.694 E/GeckoConsole(  779): Content JS WARN at app://homescreen.gaiamobile.org/gaia_build_defer_index.js:184 in isHiddenApp: Unexpected role when checking hidden app: undefined
04-24 15:29:46.694 E/GeckoConsole(  779): Content JS WARN at app://homescreen.gaiamobile.org/gaia_build_defer_index.js:184 in isHiddenApp: Unexpected role when checking hidden app: undefined
04-24 15:29:46.694 E/GeckoConsole(  779): Content JS WARN at app://homescreen.gaiamobile.org/gaia_build_defer_index.js:184 in isHiddenApp: Unexpected role when checking hidden app: undefined
04-24 15:29:46.694 E/GeckoConsole(  779): Content JS WARN at app://homescreen.gaiamobile.org/gaia_build_defer_index.js:184 in isHiddenApp: Unexpected role when checking hidden app: undefined
04-24 15:29:46.694 E/GeckoConsole(  779): Content JS WARN at app://homescreen.gaiamobile.org/gaia_build_defer_index.js:184 in isHiddenApp: Unexpected role when checking hidden app: undefined
04-24 15:29:46.694 E/GeckoConsole(  779): Content JS WARN at app://homescreen.gaiamobile.org/gaia_build_defer_index.js:184 in isHiddenApp: Unexpected role when checking hidden app: undefined
04-24 15:29:46.694 E/GeckoConsole(  779): Content JS WARN at app://homescreen.gaiamobile.org/gaia_build_defer_index.js:184 in isHiddenApp: Unexpected role when checking hidden app: undefined
04-24 15:29:46.774 I/Gecko   (   84): 1398378586788	Marionette	INFO	sendToClient: {"from":"0","value":0}, {9158f7cd-fce0-4554-baea-43269f6d7d88}, {9158f7cd-fce0-4554-baea-43269f6d7d88}
04-24 15:29:46.934 I/Gecko   (   84): 1398378586952	Marionette	INFO	sendToClient: {"from":"0","value":["{6e1cb35a-9181-4679-ab9b-2d8ec5651743}","{144b0a07-b6b1-4251-883c-df599f2fd50b}","{109e593e-90c3-42a8-96c2-d1e6806868d8}","{75f622c9-a36a-43be-9a24-53fb7510def0}","{8d0e715d-c87f-49d6-84d0-bd77d60174a5}","{86985a82-bd8b-4af0-bae3-992912f6d434}","{8f4f70e0-9c12-41b0-83e5-ea405e2ce20f}","{0c4c48ca-234f-4416-86ff-83c4e2a6ace1}","{45470c3e-bb05-4cce-a5a2-75bb76f94d11}","{e843115b-76b3-493a-b46f-32a248199010}","{01af6ec3-5f50-4b4b-852a-7c7e0b9b9fc1}","{2a8f4eef-ec84-4752-9c87-469bebd59813}","{a26b8132-c973-454e-9d1a-881935d46058}","{636d12ff-94bc-4afd-9e11-766614d5c792}","{eba8ef0f-401d-48c3-94bc-29a9014013ae}","{20e04b1e-9c05-4238-b883-9755887c455b}","{01f0ec10-cecc-4984-82b6-ccc80b9fb6d3}","{413f68e1-cec8-4bd4-9586-d625cb09632c}","{306466ae-2d3f-498a-b9e4-0c91acab2983}","{0fe73bc7-57bc-432a-9fab-d6086e172091}","{22a80b8d-76a1-4ff7-a2f0-1232b0adb810}"]}, {b4a65cd4-30fb-48d8-89bf-ece9644f1083}, {b4a65cd4-30fb-48d8-89bf-ece9644f1083}
04-24 15:29:46.974 I/Gecko   (   84): 1398378586992	Marionette	INFO	sendToClient: {"from":"0","value":"app://homescreen.gaiamobile.org/index.html#rootThu%20Apr%2024%202014%2015:29:45%20GMT-0700%20(UTC)"}, {973f7153-c272-4f49-926a-dedebd9d35be}, {973f7153-c272-4f49-926a-dedebd9d35be}
04-24 15:29:46.984 I/Gecko   (   84): 1398378586999	Marionette	DEBUG	Got request: switchToFrame, data: {"to":"0","sessionId":"3-b2g","name":"switchToFrame","parameters":{"id":null,"focus":true}}, id: {d03f7fb4-4293-4340-940d-4fa55427ee6e}
04-24 15:29:46.994 I/Gecko   (   84): 1398378587011	Marionette	INFO	Switched to frame: {"frameValue":null}
04-24 15:29:47.104 I/Gecko   (   84): 1398378587114	Marionette	INFO	sendToClient: {"from":"0","ok":true}, {d03f7fb4-4293-4340-940d-4fa55427ee6e}, {d03f7fb4-4293-4340-940d-4fa55427ee6e}
04-24 15:29:47.104 I/Gecko   (   84): 1398378587120	Marionette	DEBUG	Got request: switchToFrame, data: {"to":"0","sessionId":"3-b2g","name":"switchToFrame","parameters":{"id":null,"focus":true}}, id: {ec8c05fb-4154-4318-a305-e6453df302bd}
04-24 15:29:47.104 I/Gecko   (   84): 1398378587122	Marionette	INFO	Switched to frame: {"frameValue":null}
04-24 15:29:47.634 I/Gecko   (   84): 1398378587647	Marionette	INFO	sendToClient: {"from":"0","ok":true}, {ec8c05fb-4154-4318-a305-e6453df302bd}, {ec8c05fb-4154-4318-a305-e6453df302bd}
04-24 15:29:47.644 I/Gecko   (   84): 1398378587654	Marionette	DEBUG	Got request: executeWithCallback, data: {"to":"0","sessionId":"3-b2g","name":"executeAsyncScript","parameters":{"specialPowers":false,"scriptTimeout":30000,"newSandbox":true,"args":[],"filename":"app_checker.py","script":"GaiaApps.launchWithManifestURL('http://qr.penduin.net/manifest.webapp')","line":106}}, id: {8857bc2f-903d-45a8-9934-9b3d612d963c}
04-24 15:29:47.764 I/Gonk    (   84): Setting nice for pid 792 to 18
04-24 15:29:47.764 I/Gonk    (   84): Changed nice for pid 792 from 18 to 18.
04-24 15:29:47.764 I/Gecko   (   84): [Parent 84] WARNING: waitpid failed pid:792 errno:10: file ../../../gecko/ipc/chromium/src/base/process_util_posix.cc, line 254
04-24 15:29:47.784 I/Gonk    (   84): Setting nice for pid 792 to 1
04-24 15:29:47.794 I/Gonk    (   84): Changed nice for pid 792 from 18 to 1.
04-24 15:29:47.804 E/GeckoConsole(   84): Content JS LOG at dummy file:334 in GaiaApps.launch: launching app with name 'QR Scanner'
04-24 15:29:47.934 E/[Gralloc-ERROR](   84): int gralloc_register_buffer(const gralloc_module_t*, const native_handle_t*):79 Unable to register handle 0x49683240 coming from different process: 84
04-24 15:29:47.954 E/[Gralloc-ERROR](   84): int gralloc_register_buffer(const gralloc_module_t*, const native_handle_t*):79 Unable to register handle 0x496832e0 coming from different process: 84
04-24 15:29:47.984 E/[Gralloc-ERROR](   84): int gralloc_register_buffer(const gralloc_module_t*, const native_handle_t*):79 Unable to register handle 0x49683380 coming from different process: 84
04-24 15:29:47.984 E/[Gralloc-ERROR](   84): int gralloc_register_buffer(const gralloc_module_t*, const native_handle_t*):79 Unable to register handle 0x49683420 coming from different process: 84
04-24 15:29:48.164 D/Sensors (   84): activate handle=0; drv=0
04-24 15:29:48.174 D/Sensors (   84): Lis3dhSensor: Control set 1
04-24 15:29:48.174 D/Sensors (   84): Lis3dhSensor: mEnabled = 1
04-24 15:29:48.314 I/Gonk    (   84): Setting nice for pid 779 to 18
04-24 15:29:48.314 I/Gonk    (   84): Changed nice for pid 779 from 1 to 18.
04-24 15:29:48.594 I/log     (  842): <4>0[ 329.824431] select 779 (Homescreen), adj 8, size 6591, to kill 
04-24 15:29:48.964 I/Gecko   (  792): ###################################### forms.js loaded
04-24 15:29:49.034 I/Gecko   (  792): ############################### browserElementPanning.js loaded
04-24 15:29:49.074 I/Gecko   (  792): ######################## BrowserElementChildPreload.js loaded
04-24 15:29:49.194 I/Gonk    (   84): Setting nice for pid 845 to 18
04-24 15:29:49.194 I/Gonk    (   84): Changed nice for pid 845 from 0 to 18.
04-24 15:29:49.344 W/WifiHW  (   84): wifi_command: SIGNAL_POLL
04-24 15:29:49.824 I/Gecko   (   84): 
04-24 15:29:49.824 I/Gecko   (   84): ###!!! [Parent][MessageChannel] Error: Channel error: cannot send/recv
04-24 15:29:49.824 I/Gecko   (   84): 
04-24 15:29:49.874 I/Gecko   (   84): [Parent 84] WARNING: waitpid failed pid:779 errno:10: file ../../../gecko/ipc/chromium/src/base/process_util_posix.cc, line 254
04-24 15:29:50.094 E/GeckoConsole(  792): [JavaScript Warning: "Error in parsing value for 'background'.  Declaration dropped." {file: "http://qr.penduin.net/qr.css" line: 87 column: 13 source: "  background:-webkit-gradient(linear,left top,left bottom,color-stop(0%,#6a7b86),color-stop(100%,#424f5a));"}]
04-24 15:29:50.094 E/GeckoConsole(  792): [JavaScript Warning: "Error in parsing value for 'background'.  Declaration dropped." {file: "http://qr.penduin.net/qr.css" line: 88 column: 13 source: "  background:-webkit-linear-gradient(top,#6a7b86 0%,#424f5a 100%);"}]
04-24 15:29:50.104 E/GeckoConsole(  792): [JavaScript Warning: "Error in parsing value for 'background'.  Declaration dropped." {file: "http://qr.penduin.net/qr.css" line: 89 column: 13 source: "  background:-o-linear-gradient(top,#6a7b86 0%,#424f5a 100%);"}]
04-24 15:29:50.104 E/GeckoConsole(  792): [JavaScript Warning: "Error in parsing value for 'background'.  Declaration dropped." {file: "http://qr.penduin.net/qr.css" line: 90 column: 13 source: "  background:-ms-linear-gradient(top,#6a7b86 0%,#424f5a 100%);"}]
04-24 15:29:50.104 E/GeckoConsole(  792): [JavaScript Warning: "Expected color but found 'top'.  Error in parsing value for 'background'.  Declaration dropped." {file: "http://qr.penduin.net/qr.css" line: 91 column: 29 source: "  background:linear-gradient(top,#6a7b86 0%,#424f5a 100%);"}]
04-24 15:29:50.104 E/GeckoConsole(  792): [JavaScript Warning: "Expected 'none' or URL but found 'progid'.  Error in parsing value for 'filter'.  Declaration dropped." {file: "http://qr.penduin.net/qr.css" line: 92 column: 9 source: "  filter:progid:DXImageTransform.Microsoft.gradient(startColorstr='#6a7b86',endColorstr='#424f5a',GradientType=0);"}]
04-24 15:29:50.104 E/GeckoConsole(  792): [JavaScript Warning: "Error in parsing value for 'background'.  Declaration dropped." {file: "http://qr.penduin.net/qr.css" line: 131 column: 13 source: "  background:-webkit-gradient(linear,left top,left bottom,color-stop(0%,#b4beca),color-stop(100%,#e1e5eB));"}]
04-24 15:29:50.104 E/GeckoConsole(  792): [JavaScript Warning: "Error in parsing value for 'background'.  Declaration dropped." {file: "http://qr.penduin.net/qr.css" line: 132 column: 13 source: "  background:-webkit-linear-gradient(top,#b4beca 0%,#e1e5eB 100%);"}]
04-24 15:29:50.104 E/GeckoConsole(  792): [JavaScript Warning: "Error in parsing value for 'background'.  Declaration dropped." {file: "http://qr.penduin.net/qr.css" line: 133 column: 13 source: "  background:-o-linear-gradient(top,#b4beca 0%,#e1e5eB 100%);"}]
04-24 15:29:50.114 E/GeckoConsole(  792): [JavaScript Warning: "Error in parsing value for 'background'.  Declaration dropped." {file: "http://qr.penduin.net/qr.css" line: 134 column: 13 source: "  background:-ms-linear-gradient(top,#b4beca 0%,#e1e5eB 100%);"}]
04-24 15:29:50.114 E/GeckoConsole(  792): [JavaScript Warning: "Expected color but found 'top'.  Error in parsing value for 'background'.  Declaration dropped." {file: "http://qr.penduin.net/qr.css" line: 135 column: 29 source: "  background:linear-gradient(top,#b4beca 0%,#e1e5eB 100%);"}]
04-24 15:29:50.114 E/GeckoConsole(  792): [JavaScript Warning: "Expected 'none' or URL but found 'progid'.  Error in parsing value for 'filter'.  Declaration dropped." {file: "http://qr.penduin.net/qr.css" line: 136 column: 9 source: "  filter:progid:DXImageTransform.Microsoft.gradient(startColorstr='#b4beca',endColorstr='#e1e5eB',GradientType=0);"}]
04-24 15:29:50.844 I/Gonk    (   84): Setting nice for pid 845 to 18
04-24 15:29:50.844 I/Gonk    (   84): Changed nice for pid 845 from 18 to 18.
04-24 15:29:50.844 I/Gecko   (   84): [Parent 84] WARNING: waitpid failed pid:845 errno:10: file ../../../gecko/ipc/chromium/src/base/process_util_posix.cc, line 254
04-24 15:29:50.844 I/Gonk    (   84): Setting nice for pid 845 to 1
04-24 15:29:50.844 I/Gonk    (   84): Changed nice for pid 845 from 18 to 1.
04-24 15:29:50.854 I/Gonk    (   84): Setting nice for pid 845 to 18
04-24 15:29:50.854 I/Gonk    (   84): Changed nice for pid 845 from 1 to 18.
04-24 15:29:51.094 E/[Gralloc-ERROR](   84): int gralloc_unregister_buffer(const gralloc_module_t*, const native_handle_t*):274 Trying to unregister buffer 0x496832e0 from process 84 that was not created in current process: 84
04-24 15:29:51.094 E/GeckoConsole(   84): Content JS LOG at dummy file:326 in GaiaApps.launch/appOpen/<: app with origin 'http://qr.penduin.net' has launched
04-24 15:29:51.094 I/Gecko   (   84): 1398378591113	Marionette	INFO	sendToClient: {"from":"0","value":{"frame":{"ELEMENT":"{67102f80-b9d2-4740-b2ec-eade07d9fc68}"},"src":"http://qr.penduin.net/index.html","name":"QR Scanner","origin":"http://qr.penduin.net"}}, {8857bc2f-903d-45a8-9934-9b3d612d963c}, {8857bc2f-903d-45a8-9934-9b3d612d963c}
04-24 15:29:51.304 E/[Gralloc-ERROR](   84): int gralloc_unregister_buffer(const gralloc_module_t*, const native_handle_t*):274 Trying to unregister buffer 0x49683240 from process 84 that was not created in current process: 84
04-24 15:29:51.304 E/[Gralloc-ERROR](   84): int gralloc_unregister_buffer(const gralloc_module_t*, const native_handle_t*):274 Trying to unregister buffer 0x49683420 from process 84 that was not created in current process: 84
04-24 15:29:51.304 E/[Gralloc-ERROR](   84): int gralloc_unregister_buffer(const gralloc_module_t*, const native_handle_t*):274 Trying to unregister buffer 0x49683380 from process 84 that was not created in current process: 84
04-24 15:29:51.374 I/Gecko   (   84): 1398378591390	Marionette	DEBUG	Got request: switchToFrame, data: {"to":"0","sessionId":"3-b2g","name":"switchToFrame","parameters":{"focus":true,"element":"{67102f80-b9d2-4740-b2ec-eade07d9fc68}"}}, id: {7d96282a-4122-4621-a053-35c24bd4a070}
04-24 15:29:51.384 I/Gecko   (   84): 1398378591397	Marionette	INFO	Switched to frame: {"frameValue":"{67102f80-b9d2-4740-b2ec-eade07d9fc68}"}
04-24 15:29:51.384 I/Gecko   (   84): 1398378591399	Marionette	INFO	trying remote frame 0
04-24 15:29:51.384 I/Gecko   (   84): 1398378591400	Marionette	INFO	deleting frame
04-24 15:29:51.394 I/Gecko   (   84): 1398378591405	Marionette	INFO	frame-manager load script: [object ChromeMessageSender]
04-24 15:29:51.794 I/Gecko   (   84): 1398378591806	Marionette	INFO	sendToClient: {"from":"0","ok":true}, {7d96282a-4122-4621-a053-35c24bd4a070}, {7d96282a-4122-4621-a053-35c24bd4a070}
04-24 15:29:51.804 I/Gecko   (   84): 1398378591819	Marionette	INFO	sendToClient: {"from":"0","value":"http://qr.penduin.net/index.html"}, {94f235fe-1ff2-4d47-ae8a-7e4cf2bad798}, {94f235fe-1ff2-4d47-ae8a-7e4cf2bad798}
04-24 15:29:51.814 I/Gecko   (   84): 1398378591826	Marionette	DEBUG	Got request: execute, data: {"to":"0","sessionId":"3-b2g","name":"executeScript","parameters":{"specialPowers":false,"scriptTimeout":null,"newSandbox":true,"args":[],"filename":"app_checker.py","script":"return window.document.readyState;","line":191}}, id: {a0c8bb97-e561-4abb-b12f-3379f2be74a8}
04-24 15:29:51.874 I/Gecko   (   84): [Parent 84] WARNING: waitpid failed pid:779 errno:10: file ../../../gecko/ipc/chromium/src/base/process_util_posix.cc, line 254
04-24 15:29:51.874 I/Gecko   (   84): [Parent 84] WARNING: Failed to deliver SIGKILL to 779!(3).: file ../../../gecko/ipc/chromium/src/chrome/common/process_watcher_posix_sigchld.cc, line 118
04-24 15:29:51.894 I/Gecko   (   84): 1398378591908	Marionette	INFO	sendToClient: {"from":"0","value":"complete"}, {a0c8bb97-e561-4abb-b12f-3379f2be74a8}, {a0c8bb97-e561-4abb-b12f-3379f2be74a8}
04-24 15:29:51.904 I/Gecko   (   84): 1398378591921	Marionette	INFO	sendToClient: {"from":"0","value":"http://qr.penduin.net/index.html"}, {57957818-7476-45dd-b3d9-8dee17bb97c3}, {57957818-7476-45dd-b3d9-8dee17bb97c3}
04-24 15:29:51.914 I/Gecko   (  792): Attempting load of libEGL.so
04-24 15:29:51.934 D/libEGL  (  792): loaded /system/lib/egl/libEGL_mali.so
04-24 15:29:51.964 D/libEGL  (  792): loaded /system/lib/egl/libGLESv1_CM_mali.so
04-24 15:29:51.964 D/libEGL  (  792): loaded /system/lib/egl/libGLESv2_mali.so
04-24 15:29:52.004 I/Gecko   (  792): SharedSurface_Gralloc::Create -------
04-24 15:29:52.014 I/Gecko   (  792): SharedSurface_Gralloc::Create: success -- surface 0x43e127c0, GraphicBuffer 0x43dd8900.
04-24 15:29:52.054 I/Gecko   (   84): 
04-24 15:29:52.054 I/Gecko   (   84): ###!!! [Parent][MessageChannel] Error: Channel error: cannot send/recv
04-24 15:29:52.054 I/Gecko   (   84): 
04-24 15:29:52.094 I/Gecko   (   84): [Parent 84] WARNING: waitpid failed pid:845 errno:10: file ../../../gecko/ipc/chromium/src/base/process_util_posix.cc, line 254
04-24 15:29:52.744 I/Gecko   (   84): 1398378592758	Marionette	INFO	sendToClient: {"from":"0","value":"iVBORw0KGgoAAAANSUhEUgAAAUAAAAHMCAYAAACk4nEJAAAgAElEQVR4nO29ebxtVZXfe6yYqopJVV6XT+Uln8T3ktRLxUq9SvKs1LNipSqvpLTsSzoVlb6HS9/3jSiI2KO0CggKCsLFddStcyEumVvcsC69oCBKDwrSd5d7x/tjrTnnGGPOtc8995x517l7/fbn8/3APXvv1e01f2t0c8y5uXf8Gzruhgto7qw3AQDAsIAAAjCFz/8N/cNz3tL/cYA8QAABmMJn/ge95ry39X8cIA8QQACm8Mm/pn/6xXf1fxwgDxBAAKbw8b+if3bBlv0fB8gDBBCAKZz6l/QvLtq2/+MAeYAAAjCFU95Ir714u/6PA+QBAgjAFE76C/p3X/lQ/8cB8gABBGAKx7+BXnfZzv0fB8gDBBCAKRzz5/SnX9+t/+MAeYAAAjCFI/4rvf6Kvfo/DpAHCCAAUzj0z+gvrtyv/+MAeYAAAjCFg/4f+qvVB/Z/HCAPEEAAprD/f6EtisP6Pw6QBwggAFPY9z/RW791ZP/HAfIAAQRgCnv9Kb3rO8f2fxwgD0sRwH/6xXfR2791NO167Rm07fdOpn+7QMHov774/fRHl+7o+T8v+QD97rlv3eiDf/U5b6bXX7EXvd+cQjt+/2O0RXEY/ZPz39H/RQWzw+7/N2393RP7Pw6Qh40RwNec9zY645av08vr1pJ+lQ+uoX9/6Y7J733/oZujzxMRPfr8b+hTt15B/+YrH9zgY9iiOIx+8pv7om298MpL9LGbL6N/hBZGYDnY+T/S+80p/R8HyMNiBfB3zv07uubBm4iI6FcvPEmn3vRV2s58hA6//lyaPHYXERE9/uLT9Cdf2zX6rhPAb/7yR3T49efS0ZMv0mdvu4rueeohIiJ68qVnO8WT818u35NeeOUlIiL6xr0/pB2uOY12/P7H6NO3foOeefl5Ii
04-24 15:29:52.964 I/Gecko   (   84): 1398378592981	Marionette	INFO	sendToClient: {"from":"0","ok":true}, {fbe40432-638b-4da9-a5db-8ea01b5e16f8}, {fbe40432-638b-4da9-a5db-8ea01b5e16f8}
04-24 15:29:52.974 I/Gecko   (   84): 1398378592988	Marionette	DEBUG	Got request: switchToFrame, data: {"to":"0","sessionId":"3-b2g","name":"switchToFrame","parameters":{"id":null,"focus":true}}, id: {2e10d827-c657-481a-8225-ddd02ad341a0}
04-24 15:29:52.984 I/Gecko   (   84): 1398378593000	Marionette	INFO	Switched to frame: {"frameValue":null}
04-24 15:29:53.084 I/Gecko   (   84): 1398378593103	Marionette	INFO	sendToClient: {"from":"0","ok":true}, {2e10d827-c657-481a-8225-ddd02ad341a0}, {2e10d827-c657-481a-8225-ddd02ad341a0}
04-24 15:29:53.094 I/Gecko   (   84): 1398378593110	Marionette	DEBUG	Got request: executeWithCallback, data: {"to":"0","sessionId":"3-b2g","name":"executeAsyncScript","parameters":{"specialPowers":false,"scriptTimeout":null,"newSandbox":true,"args":[],"filename":"gaia_test.py","script":"return GaiaApps.displayedApp();","line":66}}, id: {60434a2a-6b22-4888-967e-79c02d095d29}
04-24 15:29:53.144 I/Gecko   (   84): 1398378593157	Marionette	INFO	sendToClient: {"from":"0","value":{"frame":{"ELEMENT":"{67102f80-b9d2-4740-b2ec-eade07d9fc68}"},"src":"http://qr.penduin.net/index.html","name":"QR Scanner","origin":"http://qr.penduin.net"}}, {60434a2a-6b22-4888-967e-79c02d095d29}, {60434a2a-6b22-4888-967e-79c02d095d29}
04-24 15:29:53.144 I/Gecko   (   84): 1398378593163	Marionette	DEBUG	Got request: switchToFrame, data: {"to":"0","sessionId":"3-b2g","name":"switchToFrame","parameters":{"id":null,"focus":true}}, id: {c14a014e-7da2-464f-ae26-dd8fb025b358}
04-24 15:29:53.154 I/Gecko   (   84): 1398378593165	Marionette	INFO	Switched to frame: {"frameValue":null}
04-24 15:29:53.154 E/GeckoConsole(   84): Content JS LOG at dummy file:392 in GaiaApps.displayedApp: app with origin 'http://qr.penduin.net' is displayed
04-24 15:29:53.254 I/Gecko   (   84): 1398378593267	Marionette	INFO	sendToClient: {"from":"0","ok":true}, {c14a014e-7da2-464f-ae26-dd8fb025b358}, {c14a014e-7da2-464f-ae26-dd8fb025b358}
04-24 15:29:53.254 I/Gecko   (   84): 1398378593273	Marionette	DEBUG	Got request: execute, data: {"to":"0","sessionId":"3-b2g","name":"executeScript","parameters":{"specialPowers":false,"scriptTimeout":null,"newSandbox":true,"args":[],"filename":"gaia_test.py","script":"window.wrappedJSObject.dispatchEvent(new Event('home'));","line":788}}, id: {02194474-a40f-4cb1-810d-e80b60a3844b}
04-24 15:29:53.394 D/Sensors (   84): activate handle=0; drv=0
04-24 15:29:53.404 D/Sensors (   84): Lis3dhSensor: Control set 0
04-24 15:29:53.404 D/Sensors (   84): Lis3dhSensor: mEnabled = 0
04-24 15:29:53.474 I/Gonk    (   84): Setting nice for pid 861 to 18
04-24 15:29:53.474 I/Gonk    (   84): Changed nice for pid 861 from 0 to 18.
04-24 15:29:53.484 I/Gecko   (   84): 1398378593497	Marionette	INFO	sendToClient: {"from":"0","value":null}, {02194474-a40f-4cb1-810d-e80b60a3844b}, {02194474-a40f-4cb1-810d-e80b60a3844b}
04-24 15:29:53.544 I/Gonk    (   84): Setting nice for pid 861 to 18
04-24 15:29:53.544 I/Gonk    (   84): Changed nice for pid 861 from 18 to 18.
04-24 15:29:53.544 I/Gecko   (   84): [Parent 84] WARNING: waitpid failed pid:861 errno:10: file ../../../gecko/ipc/chromium/src/base/process_util_posix.cc, line 254
04-24 15:29:53.544 I/Gonk    (   84): Setting nice for pid 861 to 1
04-24 15:29:53.544 I/Gonk    (   84): Changed nice for pid 861 from 18 to 1.
04-24 15:29:53.584 I/Gecko   (   84): 1398378593595	Marionette	DEBUG	Got request: switchToFrame, data: {"to":"0","sessionId":"3-b2g","name":"switchToFrame","parameters":{"id":null,"focus":true}}, id: {ade6dd45-86a0-4107-917e-084b37c696f5}
04-24 15:29:53.584 I/Gecko   (   84): 1398378593597	Marionette	INFO	Switched to frame: {"frameValue":null}
04-24 15:29:53.684 I/Gecko   (   84): 1398378593700	Marionette	INFO	sendToClient: {"from":"0","ok":true}, {ade6dd45-86a0-4107-917e-084b37c696f5}, {ade6dd45-86a0-4107-917e-084b37c696f5}
04-24 15:29:53.694 I/Gecko   (   84): 1398378593707	Marionette	DEBUG	Got request: executeWithCallback, data: {"to":"0","sessionId":"3-b2g","name":"executeAsyncScript","parameters":{"specialPowers":false,"scriptTimeout":null,"newSandbox":true,"args":[],"filename":"gaia_test.py","script":"return GaiaApps.displayedApp();","line":66}}, id: {b7724023-6139-4995-9db2-c38f46783715}
04-24 15:29:53.764 I/Gecko   (   84): 1398378593780	Marionette	INFO	sendToClient: {"from":"0","value":{"frame":{"ELEMENT":"{815f2042-854b-4947-91e2-5f2c20e7a931}"},"src":"app://homescreen.gaiamobile.org/index.html#root","name":"Homescreen","origin":"app://homescreen.gaiamobile.org"}}, {b7724023-6139-4995-9db2-c38f46783715}, {b7724023-6139-4995-9db2-c38f46783715}
04-24 15:29:53.774 E/GeckoConsole(   84): Content JS LOG at dummy file:392 in GaiaApps.displayedApp: app with origin 'app://homescreen.gaiamobile.org' is displayed
04-24 15:29:53.774 I/Gecko   (   84): 1398378593792	Marionette	DEBUG	Got request: switchToFrame, data: {"to":"0","sessionId":"3-b2g","name":"switchToFrame","parameters":{"id":null,"focus":true}}, id: {00972669-2e0e-4077-bf21-11712134f746}
04-24 15:29:53.784 I/Gecko   (   84): 1398378593796	Marionette	INFO	Switched to frame: {"frameValue":null}
04-24 15:29:53.884 I/Gecko   (   84): 1398378593900	Marionette	INFO	sendToClient: {"from":"0","ok":true}, {00972669-2e0e-4077-bf21-11712134f746}, {00972669-2e0e-4077-bf21-11712134f746}
04-24 15:29:53.894 I/Gecko   (   84): 1398378593907	Marionette	DEBUG	Got request: switchToFrame, data: {"to":"0","sessionId":"3-b2g","name":"switchToFrame","parameters":{"id":null,"focus":true}}, id: {3809862c-ad50-4c4c-b4e6-e94014345b73}
04-24 15:29:53.904 I/Gecko   (   84): 1398378593916	Marionette	INFO	Switched to frame: {"frameValue":null}
04-24 15:29:54.004 I/Gecko   (   84): 1398378594019	Marionette	INFO	sendToClient: {"from":"0","ok":true}, {3809862c-ad50-4c4c-b4e6-e94014345b73}, {3809862c-ad50-4c4c-b4e6-e94014345b73}
04-24 15:29:54.014 I/Gecko   (   84): 1398378594025	Marionette	DEBUG	Got request: executeWithCallback, data: {"to":"0","sessionId":"3-b2g","name":"executeAsyncScript","parameters":{"specialPowers":false,"scriptTimeout":null,"newSandbox":true,"args":[],"filename":"gaia_test.py","script":"return GaiaApps.displayedApp();","line":66}}, id: {701dc702-781f-4d39-be0c-ddddf3fa6bd7}
04-24 15:29:54.074 I/Gecko   (   84): 1398378594087	Marionette	INFO	sendToClient: {"from":"0","value":{"frame":{"ELEMENT":"{815f2042-854b-4947-91e2-5f2c20e7a931}"},"src":"app://homescreen.gaiamobile.org/index.html#root","name":"Homescreen","origin":"app://homescreen.gaiamobile.org"}}, {701dc702-781f-4d39-be0c-ddddf3fa6bd7}, {701dc702-781f-4d39-be0c-ddddf3fa6bd7}
04-24 15:29:54.084 E/GeckoConsole(   84): Content JS LOG at dummy file:392 in GaiaApps.displayedApp: app with origin 'app://homescreen.gaiamobile.org' is displayed
04-24 15:29:54.084 I/Gecko   (   84): 1398378594101	Marionette	DEBUG	Got request: switchToFrame, data: {"to":"0","sessionId":"3-b2g","name":"switchToFrame","parameters":{"focus":true,"element":"{815f2042-854b-4947-91e2-5f2c20e7a931}"}}, id: {b57bd552-e05b-468c-93bf-408889ddcf7e}
04-24 15:29:54.094 I/Gecko   (   84): [Parent 84] WARNING: waitpid failed pid:845 errno:10: file ../../../gecko/ipc/chromium/src/base/process_util_posix.cc, line 254
04-24 15:29:54.094 I/Gecko   (   84): [Parent 84] WARNING: Failed to deliver SIGKILL to 845!(3).: file ../../../gecko/ipc/chromium/src/chrome/common/process_watcher_posix_sigchld.cc, line 118
04-24 15:29:54.104 I/Gecko   (   84): 1398378594116	Marionette	INFO	Switched to frame: {"frameValue":"{815f2042-854b-4947-91e2-5f2c20e7a931}"}
04-24 15:29:54.104 I/Gecko   (   84): 1398378594118	Marionette	INFO	trying remote frame 0
04-24 15:29:54.104 I/Gecko   (   84): 1398378594119	Marionette	INFO	deleting frame
04-24 15:29:54.124 I/Gecko   (   84): 1398378594124	Marionette	INFO	frame-manager load script: [object ChromeMessageSender]
04-24 15:29:54.354 W/WifiHW  (   84): wifi_command: SIGNAL_POLL
04-24 15:29:54.734 E/[Gralloc-ERROR](   84): int gralloc_register_buffer(const gralloc_module_t*, const native_handle_t*):79 Unable to register handle 0x452e48d0 coming from different process: 84
04-24 15:29:54.734 E/[Gralloc-ERROR](   84): int gralloc_register_buffer(const gralloc_module_t*, const native_handle_t*):79 Unable to register handle 0x45f4d5b0 coming from different process: 84
04-24 15:29:54.904 E/[Gralloc-ERROR](   84): int gralloc_unregister_buffer(const gralloc_module_t*, const native_handle_t*):274 Trying to unregister buffer 0x45f4d5b0 from process 84 that was not created in current process: 84
04-24 15:29:54.904 E/[Gralloc-ERROR](   84): int gralloc_unregister_buffer(const gralloc_module_t*, const native_handle_t*):274 Trying to unregister buffer 0x452e48d0 from process 84 that was not created in current process: 84
04-24 15:29:55.324 I/Gonk    (   84): Setting nice for pid 792 to 18
04-24 15:29:55.324 I/Gonk    (   84): Changed nice for pid 792 from 1 to 18.
04-24 15:29:55.904 I/Gonk    (   84): Setting nice for pid 871 to 18
04-24 15:29:55.904 I/Gonk    (   84): Changed nice for pid 871 from 0 to 18.
04-24 15:29:56.564 I/Gecko   (  861): ###################################### forms.js loaded
04-24 15:29:56.624 I/Gecko   (  861): ############################### browserElementPanning.js loaded
04-24 15:29:56.644 I/Gecko   (  861): ######################## BrowserElementChildPreload.js loaded
04-24 15:29:56.774 I/Gecko   (   84): [Parent 84] WARNING: pipe error (131): Connection reset by peer: file ../../../gecko/ipc/chromium/src/chrome/common/ipc_channel_posix.cc, line 446
04-24 15:29:56.774 I/Gecko   (   84): 
04-24 15:29:56.774 I/Gecko   (   84): ###!!! [Parent][MessageChannel] Error: Channel error: cannot send/recv
04-24 15:29:56.774 I/Gecko   (   84): 
04-24 15:29:56.864 I/Gecko   (   84): [Parent 84] WARNING: waitpid failed pid:792 errno:10: file ../../../gecko/ipc/chromium/src/base/process_util_posix.cc, line 254
04-24 15:29:57.794 I/Gecko   (   84): 1398378597805	Marionette	INFO	sendToClient: {"from":"0","ok":true}, {b57bd552-e05b-468c-93bf-408889ddcf7e}, {b57bd552-e05b-468c-93bf-408889ddcf7e}
04-24 15:29:58.084 I/Gecko   (   84): 1398378598096	Marionette	INFO	sendToClient: {"from":"0","value":"app://homescreen.gaiamobile.org/index.html#root"}, {292428f8-7090-4b4a-9c32-bd238636f4bf}, {292428f8-7090-4b4a-9c32-bd238636f4bf}
04-24 15:29:58.084 I/Gecko   (   84): 1398378598103	Marionette	DEBUG	Got request: switchToFrame, data: {"to":"0","sessionId":"3-b2g","name":"switchToFrame","parameters":{"id":null,"focus":true}}, id: {0118e2de-5bbc-4cb4-bcd8-349381e706c0}
04-24 15:29:58.114 I/Gecko   (   84): 1398378598128	Marionette	INFO	Switched to frame: {"frameValue":null}
04-24 15:29:58.234 I/Gecko   (   84): 1398378598248	Marionette	INFO	sendToClient: {"from":"0","ok":true}, {0118e2de-5bbc-4cb4-bcd8-349381e706c0}, {0118e2de-5bbc-4cb4-bcd8-349381e706c0}
04-24 15:29:58.244 I/Gecko   (   84): 1398378598255	Marionette	DEBUG	Got request: switchToFrame, data: {"to":"0","sessionId":"3-b2g","name":"switchToFrame","parameters":{"id":null,"focus":true}}, id: {420dbcf7-c2a8-4f80-a45d-2a29f0bc3dbc}
04-24 15:29:58.244 I/Gecko   (   84): 1398378598257	Marionette	INFO	Switched to frame: {"frameValue":null}
04-24 15:29:58.344 I/Gecko   (   84): 1398378598362	Marionette	INFO	sendToClient: {"from":"0","ok":true}, {420dbcf7-c2a8-4f80-a45d-2a29f0bc3dbc}, {420dbcf7-c2a8-4f80-a45d-2a29f0bc3dbc}
04-24 15:29:58.354 I/Gecko   (   84): 1398378598368	Marionette	DEBUG	Got request: executeWithCallback, data: {"to":"0","sessionId":"3-b2g","name":"executeAsyncScript","parameters":{"specialPowers":false,"scriptTimeout":null,"newSandbox":true,"args":[],"filename":"gaia_test.py","script":"GaiaApps.killAll()","line":91}}, id: {ac627f26-494b-40cf-9279-64f0afe5ab5b}
04-24 15:29:58.404 I/Gecko   (   84): 1398378598416	Marionette	INFO	sendToClient: {"from":"0","value":true}, {ac627f26-494b-40cf-9279-64f0afe5ab5b}, {ac627f26-494b-40cf-9279-64f0afe5ab5b}
04-24 15:29:58.414 I/Gecko   (   84): 1398378598430	Marionette	DEBUG	Got request: switchToFrame, data: {"to":"0","sessionId":"3-b2g","name":"switchToFrame","parameters":{"id":null,"focus":true}}, id: {e553438d-a540-49c5-a88d-8672cf3ca6bc}
04-24 15:29:58.414 I/Gecko   (   84): 1398378598431	Marionette	INFO	Switched to frame: {"frameValue":null}
04-24 15:29:58.524 I/Gecko   (   84): 1398378598534	Marionette	INFO	sendToClient: {"from":"0","ok":true}, {e553438d-a540-49c5-a88d-8672cf3ca6bc}, {e553438d-a540-49c5-a88d-8672cf3ca6bc}
04-24 15:29:58.524 I/Gecko   (   84): 1398378598541	Marionette	DEBUG	Got request: executeWithCallback, data: {"to":"0","sessionId":"3-b2g","name":"executeAsyncScript","parameters":{"specialPowers":false,"scriptTimeout":60000,"newSandbox":true,"args":[],"filename":"app_checker.py","script":"\n        GaiaApps.locateWithManifestURL('http://qr.penduin.net/manifest.webapp',\n                                       null,\n                                       function uninstall(app) {\n                                       navigator.mozApps.mgmt.uninstall(app);\n                                       marionetteScriptFinished(true);\n                                       });\n        ","line":129}}, id: {104a12f2-c9c6-4b3a-90e2-d1567e68fa13}
04-24 15:29:58.564 I/Gecko   (   84): -- webapps.js uninstall http://qr.penduin.net/manifest.webapp
04-24 15:29:58.864 I/Gecko   (   84): [Parent 84] WARNING: waitpid failed pid:792 errno:10: file ../../../gecko/ipc/chromium/src/base/process_util_posix.cc, line 254
04-24 15:29:58.864 I/Gecko   (   84): [Parent 84] WARNING: Failed to deliver SIGKILL to 792!(3).: file ../../../gecko/ipc/chromium/src/chrome/common/process_watcher_posix_sigchld.cc, line 118
04-24 15:29:59.174 I/Gecko   (   84): 1398378599185	Marionette	INFO	sendToClient: {"from":"0","value":true}, {104a12f2-c9c6-4b3a-90e2-d1567e68fa13}, {104a12f2-c9c6-4b3a-90e2-d1567e68fa13}