--------- beginning of /dev/log/main
04-27 02:39:36.627 I/Gecko   (   85): 1398591576645	Marionette	INFO	sendToClient: {"from":"0","ok":true}, {3ad7b6af-d60d-42c3-a1fb-40d9e51c53af}, {3ad7b6af-d60d-42c3-a1fb-40d9e51c53af}
04-27 02:39:36.637 I/Gecko   (   85): 1398591576657	Marionette	DEBUG	Got request: switchToFrame, data: {"to":"0","sessionId":"3-b2g","name":"switchToFrame","parameters":{"id":null,"focus":true}}, id: {b8c91460-ecd6-4fe9-b9b9-3b9f6811a0fa}
04-27 02:39:36.647 I/Gecko   (   85): 1398591576663	Marionette	INFO	Switched to frame: {"frameValue":null}
04-27 02:39:36.757 I/Gecko   (   85): 1398591576768	Marionette	INFO	sendToClient: {"from":"0","ok":true}, {b8c91460-ecd6-4fe9-b9b9-3b9f6811a0fa}, {b8c91460-ecd6-4fe9-b9b9-3b9f6811a0fa}
04-27 02:39:36.757 I/Gecko   (   85): 1398591576774	Marionette	DEBUG	Got request: executeWithCallback, data: {"to":"0","sessionId":"3-b2g","name":"executeAsyncScript","parameters":{"specialPowers":false,"scriptTimeout":null,"newSandbox":true,"args":[],"filename":"gaia_test.py","script":"return GaiaApps.displayedApp();","line":66}}, id: {42f01a4c-4556-4fbf-8447-220cf76f09fc}
04-27 02:39:36.857 E/GeckoConsole(   85): Content JS LOG at dummy file:392 in GaiaApps.displayedApp: app with origin 'app://homescreen.gaiamobile.org' is displayed
04-27 02:39:36.857 I/Gecko   (   85): 1398591576874	Marionette	INFO	sendToClient: {"from":"0","value":{"frame":{"ELEMENT":"{afd6c324-8b74-4004-b23a-78ec486e9cc4}"},"src":"app://homescreen.gaiamobile.org/index.html#root","name":"Homescreen","origin":"app://homescreen.gaiamobile.org"}}, {42f01a4c-4556-4fbf-8447-220cf76f09fc}, {42f01a4c-4556-4fbf-8447-220cf76f09fc}
04-27 02:39:36.907 I/Gecko   (   85): 1398591576920	Marionette	DEBUG	Got request: switchToFrame, data: {"to":"0","sessionId":"3-b2g","name":"switchToFrame","parameters":{"id":null,"focus":true}}, id: {4fe81f87-fa2e-474b-aece-cb12c574ea31}
04-27 02:39:36.907 I/Gecko   (   85): 1398591576922	Marionette	INFO	Switched to frame: {"frameValue":null}
04-27 02:39:37.007 I/Gecko   (   85): 1398591577025	Marionette	INFO	sendToClient: {"from":"0","ok":true}, {4fe81f87-fa2e-474b-aece-cb12c574ea31}, {4fe81f87-fa2e-474b-aece-cb12c574ea31}
04-27 02:39:37.017 I/Gecko   (   85): 1398591577031	Marionette	DEBUG	Got request: switchToFrame, data: {"to":"0","sessionId":"3-b2g","name":"switchToFrame","parameters":{"id":null,"focus":true}}, id: {5bc36705-fb1c-40df-a672-aef0eb5c4ae1}
04-27 02:39:37.017 I/Gecko   (   85): 1398591577033	Marionette	INFO	Switched to frame: {"frameValue":null}
04-27 02:39:37.127 I/Gecko   (   85): 1398591577137	Marionette	INFO	sendToClient: {"from":"0","ok":true}, {5bc36705-fb1c-40df-a672-aef0eb5c4ae1}, {5bc36705-fb1c-40df-a672-aef0eb5c4ae1}
04-27 02:39:37.127 I/Gecko   (   85): 1398591577143	Marionette	DEBUG	Got request: executeWithCallback, data: {"to":"0","sessionId":"3-b2g","name":"executeAsyncScript","parameters":{"specialPowers":false,"scriptTimeout":null,"newSandbox":true,"args":[],"filename":"gaia_test.py","script":"return GaiaApps.displayedApp();","line":66}}, id: {c6f7cdc3-7ad3-44b9-82b9-4de182827c42}
04-27 02:39:37.197 I/Gecko   (   85): 1398591577215	Marionette	INFO	sendToClient: {"from":"0","value":{"frame":{"ELEMENT":"{afd6c324-8b74-4004-b23a-78ec486e9cc4}"},"src":"app://homescreen.gaiamobile.org/index.html#root","name":"Homescreen","origin":"app://homescreen.gaiamobile.org"}}, {c6f7cdc3-7ad3-44b9-82b9-4de182827c42}, {c6f7cdc3-7ad3-44b9-82b9-4de182827c42}
04-27 02:39:37.207 E/GeckoConsole(   85): Content JS LOG at dummy file:392 in GaiaApps.displayedApp: app with origin 'app://homescreen.gaiamobile.org' is displayed
04-27 02:39:37.227 I/Gecko   (   85): 1398591577239	Marionette	DEBUG	Got request: switchToFrame, data: {"to":"0","sessionId":"3-b2g","name":"switchToFrame","parameters":{"focus":true,"element":"{afd6c324-8b74-4004-b23a-78ec486e9cc4}"}}, id: {970a95ae-c763-49d6-8133-1919bc52fcf8}
04-27 02:39:37.247 I/Gecko   (   85): 1398591577259	Marionette	INFO	Switched to frame: {"frameValue":"{afd6c324-8b74-4004-b23a-78ec486e9cc4}"}
04-27 02:39:37.247 I/Gecko   (   85): 1398591577261	Marionette	INFO	trying remote frame 0
04-27 02:39:37.257 I/Gecko   (   85): 1398591577274	Marionette	INFO	trying remote frame 1
04-27 02:39:37.267 I/Gecko   (   85): 1398591577278	Marionette	INFO	trying remote frame 2
04-27 02:39:37.267 I/Gecko   (   85): 1398591577279	Marionette	INFO	trying remote frame 3
04-27 02:39:37.277 I/Gecko   (   85): 1398591577287	Marionette	INFO	deleting frame
04-27 02:39:37.277 I/Gecko   (   85): 1398591577294	Marionette	INFO	frame-manager load script: [object ChromeMessageSender]
04-27 02:39:37.327 E/GeckoConsole( 2582): Content JS ERROR at app://homescreen.gaiamobile.org/gaia_build_defer_index.js:390 in loadSVConfFileError: Failed parsing singleVariant configuration file [js/singlevariantconf.json]:  [Exception... "File error: Not found"  nsresult: "0x80520012 (NS_ERROR_FILE_NOT_FOUND)"  location: "JS frame :: app://homescreen.gaiamobile.org/gaia_build_defer_index.js :: loadFile :: line 382"  data: no]
04-27 02:39:37.727 I/Gecko   (   85): 1398591577741	Marionette	INFO	sendToClient: {"from":"0","ok":true}, {970a95ae-c763-49d6-8133-1919bc52fcf8}, {970a95ae-c763-49d6-8133-1919bc52fcf8}
04-27 02:39:37.877 I/Gecko   (   85): 1398591577887	Marionette	INFO	sendToClient: {"from":"0","value":{"ELEMENT":"{561c14c0-783b-4783-a7c0-3c41cbfb9edc}"}}, {fac4dd49-e63f-4746-9b3c-fb49373fbaf6}, {fac4dd49-e63f-4746-9b3c-fb49373fbaf6}
04-27 02:39:38.067 E/GeckoConsole( 2582): [JavaScript Warning: "Use of getAttributeNode() is deprecated. Use getAttribute() instead." {file: "chrome://marionette/content/atoms.js" line: 25}]
04-27 02:39:38.067 E/GeckoConsole( 2582): [JavaScript Warning: "Use of attributes' specified attribute is deprecated. It always returns true." {file: "chrome://marionette/content/atoms.js" line: 25}]
04-27 02:39:38.067 I/Gecko   (   85): 1398591578083	Marionette	INFO	sendToClient: {"from":"0","value":"normal"}, {492f6d10-b51f-4012-aa74-4311f48b578d}, {492f6d10-b51f-4012-aa74-4311f48b578d}
04-27 02:39:38.077 I/Gecko   (   85): 1398591578089	Marionette	DEBUG	Got request: switchToFrame, data: {"to":"0","sessionId":"3-b2g","name":"switchToFrame","parameters":{"id":null,"focus":true}}, id: {1d57bea0-ff5a-4daa-bb1f-cf7da6ed3968}
04-27 02:39:38.087 I/Gecko   (   85): 1398591578099	Marionette	INFO	Switched to frame: {"frameValue":null}
04-27 02:39:38.197 I/Gecko   (   85): 1398591578210	Marionette	INFO	sendToClient: {"from":"0","ok":true}, {1d57bea0-ff5a-4daa-bb1f-cf7da6ed3968}, {1d57bea0-ff5a-4daa-bb1f-cf7da6ed3968}
04-27 02:39:38.197 I/Gecko   (   85): 1398591578216	Marionette	DEBUG	Got request: execute, data: {"to":"0","sessionId":"3-b2g","name":"executeScript","parameters":{"specialPowers":false,"scriptTimeout":null,"newSandbox":true,"args":[],"filename":"gaia_test.py","script":"window.wrappedJSObject.dispatchEvent(new Event('home'));","line":788}}, id: {ea8f6128-4542-49f4-b170-daecc8d79ccd}
04-27 02:39:38.277 I/Gecko   (   85): 1398591578290	Marionette	INFO	sendToClient: {"from":"0","value":null}, {ea8f6128-4542-49f4-b170-daecc8d79ccd}, {ea8f6128-4542-49f4-b170-daecc8d79ccd}
04-27 02:39:38.287 I/Gecko   (   85): 1398591578300	Marionette	DEBUG	Got request: switchToFrame, data: {"to":"0","sessionId":"3-b2g","name":"switchToFrame","parameters":{"id":null,"focus":true}}, id: {dbd4f034-2f45-4ddb-8d2d-36f03374bec1}
04-27 02:39:38.307 I/Gecko   (   85): 1398591578320	Marionette	INFO	Switched to frame: {"frameValue":null}
04-27 02:39:38.407 I/Gecko   (   85): 1398591578423	Marionette	INFO	sendToClient: {"from":"0","ok":true}, {dbd4f034-2f45-4ddb-8d2d-36f03374bec1}, {dbd4f034-2f45-4ddb-8d2d-36f03374bec1}
04-27 02:39:38.417 I/Gecko   (   85): 1398591578429	Marionette	DEBUG	Got request: switchToFrame, data: {"to":"0","sessionId":"3-b2g","name":"switchToFrame","parameters":{"id":null,"focus":true}}, id: {cf45b242-162d-4459-a4c7-17f0bb63f0d6}
04-27 02:39:38.417 I/Gecko   (   85): 1398591578431	Marionette	INFO	Switched to frame: {"frameValue":null}
04-27 02:39:38.517 I/Gecko   (   85): 1398591578535	Marionette	INFO	sendToClient: {"from":"0","ok":true}, {cf45b242-162d-4459-a4c7-17f0bb63f0d6}, {cf45b242-162d-4459-a4c7-17f0bb63f0d6}
04-27 02:39:38.527 I/Gecko   (   85): 1398591578543	Marionette	DEBUG	Got request: executeWithCallback, data: {"to":"0","sessionId":"3-b2g","name":"executeAsyncScript","parameters":{"specialPowers":false,"scriptTimeout":null,"newSandbox":true,"args":[],"filename":"gaia_test.py","script":"return GaiaApps.displayedApp();","line":66}}, id: {49611e8c-48f0-4a78-b090-74f3fd57b487}
04-27 02:39:38.637 I/Gecko   (   85): 1398591578655	Marionette	INFO	sendToClient: {"from":"0","value":{"frame":{"ELEMENT":"{afd6c324-8b74-4004-b23a-78ec486e9cc4}"},"src":"app://homescreen.gaiamobile.org/index.html#rootSun%20Apr%2027%202014%2002:39:38%20GMT-0700%20(UTC)","name":"Homescreen","origin":"app://homescreen.gaiamobile.org"}}, {49611e8c-48f0-4a78-b090-74f3fd57b487}, {49611e8c-48f0-4a78-b090-74f3fd57b487}
04-27 02:39:38.637 E/GeckoConsole(   85): Content JS LOG at dummy file:392 in GaiaApps.displayedApp: app with origin 'app://homescreen.gaiamobile.org' is displayed
04-27 02:39:38.667 I/Gecko   (   85): 1398591578678	Marionette	DEBUG	Got request: switchToFrame, data: {"to":"0","sessionId":"3-b2g","name":"switchToFrame","parameters":{"focus":true,"element":"{afd6c324-8b74-4004-b23a-78ec486e9cc4}"}}, id: {52b3a94b-4cde-4a82-9d1d-53f5aa356d4b}
04-27 02:39:38.667 I/Gecko   (   85): 1398591578683	Marionette	INFO	Switched to frame: {"frameValue":"{afd6c324-8b74-4004-b23a-78ec486e9cc4}"}
04-27 02:39:38.677 I/Gecko   (   85): 1398591578689	Marionette	INFO	trying remote frame 0
04-27 02:39:38.697 I/Gecko   (   85): 1398591578708	Marionette	INFO	trying remote frame 1
04-27 02:39:38.697 I/Gecko   (   85): 1398591578709	Marionette	INFO	trying remote frame 2
04-27 02:39:38.697 I/Gecko   (   85): 1398591578710	Marionette	INFO	trying remote frame 3
04-27 02:39:38.787 I/Gecko   (   85): 1398591578804	Marionette	INFO	sendToClient: {"from":"0","ok":true}, {52b3a94b-4cde-4a82-9d1d-53f5aa356d4b}, {52b3a94b-4cde-4a82-9d1d-53f5aa356d4b}
04-27 02:39:38.797 I/Gecko   (   85): 1398591578811	Marionette	DEBUG	Got request: execute, data: {"to":"0","sessionId":"3-b2g","name":"executeScript","parameters":{"specialPowers":false,"scriptTimeout":null,"newSandbox":true,"args":[],"filename":"gaia_test.py","script":"return window.wrappedJSObject.GridManager.pageHelper.getCurrentPageNumber();","line":784}}, id: {22cd2f8c-1fe1-4b4c-8744-537bd1d7879b}
04-27 02:39:39.097 I/Gecko   (   85): 1398591579113	Marionette	INFO	sendToClient: {"from":"0","value":0}, {22cd2f8c-1fe1-4b4c-8744-537bd1d7879b}, {22cd2f8c-1fe1-4b4c-8744-537bd1d7879b}
04-27 02:39:39.577 I/Gecko   (   85): 1398591579595	Marionette	INFO	sendToClient: {"from":"0","value":["{ca409fe5-313a-4d95-8bd3-096fe6ab288b}","{f49cecdb-6a1e-4f53-9b66-d4098546efec}","{1f096562-28d4-4be8-88e0-cf4d7ccb18e6}","{8e4a8441-e06c-4885-a5c6-484511839136}","{bda76e76-775b-4664-ab16-34b955330c15}","{e909ab95-33f5-4782-926e-4d7dda1b9e2b}","{38406233-36de-49d8-9448-fdff2d81b116}","{d021f401-29e3-44b3-849f-fd0728603fae}","{15dd5229-28cd-446b-b37f-f7788beccfb9}","{0a792448-2795-4fce-9781-1f724a66eeba}","{b1b6846f-613a-4688-8015-b88e742cc2f9}","{6d5a2aa6-31b0-42ad-9937-d7772abe1628}","{eb9f007c-d791-4b9f-aecb-abf314cf1192}","{321ca742-1015-4203-820d-f4e39f53b22a}","{97019ed0-e53e-4183-9377-4545e4b8c92b}","{6a2d15bf-9cae-41ae-9983-5b19ae2a753d}","{fbd1d596-f41c-4e36-ac4b-3bdbc993b8ff}","{b5adfe30-ece7-4c22-81e0-add138c0fe4a}","{da78d3d8-225d-4dbe-b728-8a0372aeaa9a}","{9f5464be-1b40-4921-83f7-80ba868d713b}","{cc57493d-cbc7-42f7-bcf3-28ecb23438fd}","{a6ba0f87-6276-46a3-88d7-619270625214}","{0543fe0e-eed1-47b7-be7d-3b7be7235649}","{208d0624-0198
04-27 02:39:40.387 I/Gecko   (   85): 1398591580401	Marionette	INFO	sendToClient: {"from":"0","value":"app://homescreen.gaiamobile.org/index.html#rootSun%20Apr%2027%202014%2002:39:38%20GMT-0700%20(UTC)"}, {3172f48f-ecc2-41b2-b28b-c0ad5b8fab31}, {3172f48f-ecc2-41b2-b28b-c0ad5b8fab31}
04-27 02:39:40.417 I/Gecko   (   85): 1398591580435	Marionette	DEBUG	Got request: switchToFrame, data: {"to":"0","sessionId":"3-b2g","name":"switchToFrame","parameters":{"id":null,"focus":true}}, id: {27c2b66c-87ed-400c-8888-98d9a20f921d}
04-27 02:39:40.437 I/Gecko   (   85): 1398591580452	Marionette	INFO	Switched to frame: {"frameValue":null}
04-27 02:39:40.547 I/Gecko   (   85): 1398591580559	Marionette	INFO	sendToClient: {"from":"0","ok":true}, {27c2b66c-87ed-400c-8888-98d9a20f921d}, {27c2b66c-87ed-400c-8888-98d9a20f921d}
04-27 02:39:40.547 I/Gecko   (   85): 1398591580565	Marionette	DEBUG	Got request: switchToFrame, data: {"to":"0","sessionId":"3-b2g","name":"switchToFrame","parameters":{"id":null,"focus":true}}, id: {69ab558e-63bd-4f08-9171-0fbcfe510e7d}
04-27 02:39:40.557 I/Gecko   (   85): 1398591580567	Marionette	INFO	Switched to frame: {"frameValue":null}
04-27 02:39:40.577 W/WifiHW  (   85): wifi_command: SIGNAL_POLL
04-27 02:39:40.667 V/AudioPolicyManagerBase(   90): startOutput() output 1, stream 1, session 5
04-27 02:39:40.667 V/AudioPolicyManagerBase(   90): changeRefCount() stream 1, count 1
04-27 02:39:40.667 V/AudioPolicyManagerBase(   90): getDeviceForStrategy() from cache strategy 0, device 2
04-27 02:39:40.667 V/AudioPolicyManagerBase(   90): getNewDevice() selected device 2
04-27 02:39:40.667 D/AudioPolicyManagerBase(   90): setOutputDevice() output 1 device 2 delayMs 0
04-27 02:39:40.667 V/AudioPolicyManagerBase(   90): setOutputDevice() setting same device 2 or null device for output 1
04-27 02:39:40.667 E/AudioPolicyManagerBase(   90): checkAndSetVolume stream=1, index=0, output=1, device=2
04-27 02:39:40.667 E/AudioPolicyManagerBase(   90): computeVolume, streamDesc=0x462bb8
04-27 02:39:40.667 I/Gecko   (   85): 1398591580680	Marionette	INFO	sendToClient: {"from":"0","ok":true}, {69ab558e-63bd-4f08-9171-0fbcfe510e7d}, {69ab558e-63bd-4f08-9171-0fbcfe510e7d}
04-27 02:39:40.687 I/Gecko   (   85): 1398591580705	Marionette	DEBUG	Got request: executeWithCallback, data: {"to":"0","sessionId":"3-b2g","name":"executeAsyncScript","parameters":{"specialPowers":false,"scriptTimeout":30000,"newSandbox":true,"args":[],"filename":"app_checker.py","script":"GaiaApps.launchWithManifestURL('http://sajirdalas.github.io/BTGRadioHyrule/manifest.webapp')","line":106}}, id: {c8dd27d2-3be8-4614-9eb9-6ffeb6367096}
04-27 02:39:40.767 W/AudioFlinger(   90): Thread AudioOut_1 cannot connect to the power manager service
04-27 02:39:40.767 V/AudioPolicyManagerBase(   90): stopOutput() output 1, stream 1, session 5
04-27 02:39:40.767 V/AudioPolicyManagerBase(   90): changeRefCount() stream 1, count 0
04-27 02:39:40.767 V/AudioPolicyManagerBase(   90): getNewDevice() selected device 0
04-27 02:39:40.767 D/AudioPolicyManagerBase(   90): setOutputDevice() output 1 device 0 delayMs 290
04-27 02:39:40.767 V/AudioPolicyManagerBase(   90): setOutputDevice() setting same device 0 or null device for output 1
04-27 02:39:40.777 V/AudioPolicyManagerBase(   90): startOutput() output 1, stream 1, session 5
04-27 02:39:40.777 V/AudioPolicyManagerBase(   90): changeRefCount() stream 1, count 1
04-27 02:39:40.777 V/AudioPolicyManagerBase(   90): getDeviceForStrategy() from cache strategy 0, device 2
04-27 02:39:40.777 V/AudioPolicyManagerBase(   90): getNewDevice() selected device 2
04-27 02:39:40.777 D/AudioPolicyManagerBase(   90): setOutputDevice() output 1 device 2 delayMs 0
04-27 02:39:40.777 V/AudioPolicyManagerBase(   90): setOutputDevice() setting same device 2 or null device for output 1
04-27 02:39:40.777 E/AudioPolicyManagerBase(   90): checkAndSetVolume stream=1, index=0, output=1, device=2
04-27 02:39:40.777 E/AudioPolicyManagerBase(   90): computeVolume, streamDesc=0x462bb8
04-27 02:39:40.777 V/AudioPolicyManagerBase(   90): stopOutput() output 1, stream 1, session 5
04-27 02:39:40.777 V/AudioPolicyManagerBase(   90): changeRefCount() stream 1, count 0
04-27 02:39:40.777 V/AudioPolicyManagerBase(   90): getNewDevice() selected device 0
04-27 02:39:40.777 D/AudioPolicyManagerBase(   90): setOutputDevice() output 1 device 0 delayMs 290
04-27 02:39:40.777 V/AudioPolicyManagerBase(   90): setOutputDevice() setting same device 0 or null device for output 1
04-27 02:39:40.787 V/AudioPolicyManagerBase(   90): releaseOutput() 1
04-27 02:39:40.927 I/Gonk    (   85): Setting nice for pid 2600 to 18
04-27 02:39:40.927 I/Gonk    (   85): Changed nice for pid 2600 from 18 to 18.
04-27 02:39:40.927 I/Gecko   (   85): [Parent 85] WARNING: waitpid failed pid:2600 errno:10: file ../../../gecko/ipc/chromium/src/base/process_util_posix.cc, line 254
04-27 02:39:40.937 I/Gonk    (   85): Setting nice for pid 2600 to 1
04-27 02:39:40.937 I/Gonk    (   85): Changed nice for pid 2600 from 18 to 1.
04-27 02:39:40.957 E/GeckoConsole(   85): Content JS LOG at dummy file:334 in GaiaApps.launch: launching app with name 'Radio Hyrule Unofficial'
04-27 02:39:41.627 E/[Gralloc-ERROR](   85): int gralloc_register_buffer(const gralloc_module_t*, const native_handle_t*):79 Unable to register handle 0x45d729c0 coming from different process: 85
04-27 02:39:41.627 E/[Gralloc-ERROR](   85): int gralloc_register_buffer(const gralloc_module_t*, const native_handle_t*):79 Unable to register handle 0x45d72bf0 coming from different process: 85
04-27 02:39:41.727 E/[Gralloc-ERROR](   85): int gralloc_register_buffer(const gralloc_module_t*, const native_handle_t*):79 Unable to register handle 0x45d72c90 coming from different process: 85
04-27 02:39:41.727 E/[Gralloc-ERROR](   85): int gralloc_register_buffer(const gralloc_module_t*, const native_handle_t*):79 Unable to register handle 0x45d72ec0 coming from different process: 85
04-27 02:39:41.777 D/Sensors (   85): activate handle=0; drv=0
04-27 02:39:41.787 D/Sensors (   85): Lis3dhSensor: Control set 1
04-27 02:39:41.787 D/Sensors (   85): Lis3dhSensor: mEnabled = 1
04-27 02:39:41.857 I/Gonk    (   85): Setting nice for pid 2582 to 18
04-27 02:39:41.857 I/Gonk    (   85): Changed nice for pid 2582 from 1 to 18.
04-27 02:39:42.507 I/log     ( 2676): <4>0[ 1000.297214] select 2582 (Homescreen), adj 8, size 7037, to kill 
04-27 02:39:43.167 I/Gecko   ( 2600): ###################################### forms.js loaded
04-27 02:39:43.197 I/Gecko   ( 2600): ############################### browserElementPanning.js loaded
04-27 02:39:43.227 I/Gecko   ( 2600): ######################## BrowserElementChildPreload.js loaded
04-27 02:39:43.247 I/Gecko   (   85): 
04-27 02:39:43.247 I/Gecko   (   85): ###!!! [Parent][MessageChannel] Error: Channel error: cannot send/recv
04-27 02:39:43.247 I/Gecko   (   85): 
04-27 02:39:43.307 I/GeckoDump(   85): Crash reporter : Can't fetch app.reportCrashes. Exception: [Exception... "Component returned failure code: 0x8000ffff (NS_ERROR_UNEXPECTED) [nsIPrefBranch.getBoolPref]"  nsresult: "0x8000ffff (NS_ERROR_UNEXPECTED)"  location: "JS frame :: chrome://browser/content/shell.js :: shell_reportCrash :: line 7"  data: no]
04-27 02:39:43.307 I/Gecko   (   85): [Parent 85] WARNING: waitpid failed pid:2582 errno:10: file ../../../gecko/ipc/chromium/src/base/process_util_posix.cc, line 254
04-27 02:39:43.927 E/GeckoConsole( 2600): [JavaScript Warning: "SyntaxError: Using //@ to indicate sourceMappingURL pragmas is deprecated. Use //# instead" {file: "http://sajirdalas.github.io/BTGRadioHyrule/js/vendor/jquery-1.9.1.min.js" line: 1}]
04-27 02:39:43.977 E/GeckoConsole( 2600): [JavaScript Warning: "Error: http://sajirdalas.github.io/BTGRadioHyrule/js/vendor/jquery-1.9.1.min.js is being assigned a //# sourceMappingURL, but already has one"]
04-27 02:39:44.547 E/GeckoConsole( 2600): [JavaScript Warning: "Unknown property 'box-sizing'.  Declaration dropped." {file: "http://sajirdalas.github.io/BTGRadioHyrule/index.html" line: 0 column: 10 source: "box-sizing:border-box;-moz-box-sizing:border-box;-webkit-box-sizing:border-box;padding:1px;border:1px;display:block;width:4px;margin-top:1%;position:absolute;top:1%;"}]
04-27 02:39:44.577 E/GeckoConsole( 2600): [JavaScript Warning: "Unknown property 'box-sizing'.  Declaration dropped." {file: "http://sajirdalas.github.io/BTGRadioHyrule/index.html" line: 0 column: 52 source: "padding:0;margin:0;border:0;display:block;box-sizing:content-box;-moz-box-sizing:content-box;-webkit-box-sizing:content-box;"}]
04-27 02:39:44.577 E/GeckoConsole( 2600): [JavaScript Warning: "Unknown property 'box-sizing'.  Declaration dropped." {file: "http://sajirdalas.github.io/BTGRadioHyrule/index.html" line: 0 column: 52 source: "padding:0;margin:0;border:0;display:block;box-sizing:content-box;-moz-box-sizing:content-box;-webkit-box-sizing:content-box;"}]
04-27 02:39:44.697 E/GeckoConsole( 2600): [JavaScript Warning: "Use of getPreventDefault() is deprecated.  Use defaultPrevented instead." {file: "http://sajirdalas.github.io/BTGRadioHyrule/js/vendor/jquery-1.9.1.min.js" line: 3}]
04-27 02:39:45.307 I/Gecko   (   85): [Parent 85] WARNING: waitpid failed pid:2582 errno:10: file ../../../gecko/ipc/chromium/src/base/process_util_posix.cc, line 254
04-27 02:39:45.307 I/Gecko   (   85): [Parent 85] WARNING: Failed to deliver SIGKILL to 2582!(3).: file ../../../gecko/ipc/chromium/src/chrome/common/process_watcher_posix_sigchld.cc, line 118
04-27 02:39:45.627 I/Gonk    (   85): Setting nice for pid 2686 to 18
04-27 02:39:45.627 I/Gonk    (   85): Changed nice for pid 2686 from 0 to 18.
04-27 02:39:45.677 E/GeckoConsole(   85): Content JS LOG at dummy file:326 in GaiaApps.launch/appOpen/<: app with origin 'http://sajirdalas.github.io' has launched
04-27 02:39:45.677 I/Gecko   (   85): 1398591585696	Marionette	INFO	sendToClient: {"from":"0","value":{"frame":{"ELEMENT":"{33c5c6fb-5559-4c98-b8f8-dfd289d95527}"},"src":"http://sajirdalas.github.io/BTGRadioHyrule/index.html","name":"Radio Hyrule Unofficial","origin":"http://sajirdalas.github.io"}}, {c8dd27d2-3be8-4614-9eb9-6ffeb6367096}, {c8dd27d2-3be8-4614-9eb9-6ffeb6367096}
04-27 02:39:45.717 W/WifiHW  (   85): wifi_command: SIGNAL_POLL
04-27 02:39:45.727 E/[Gralloc-ERROR](   85): int gralloc_unregister_buffer(const gralloc_module_t*, const native_handle_t*):274 Trying to unregister buffer 0x45d72bf0 from process 85 that was not created in current process: 85
04-27 02:39:45.737 E/[Gralloc-ERROR](   85): int gralloc_unregister_buffer(const gralloc_module_t*, const native_handle_t*):274 Trying to unregister buffer 0x45d729c0 from process 85 that was not created in current process: 85
04-27 02:39:45.737 E/[Gralloc-ERROR](   85): int gralloc_unregister_buffer(const gralloc_module_t*, const native_handle_t*):274 Trying to unregister buffer 0x45d72ec0 from process 85 that was not created in current process: 85
04-27 02:39:45.737 E/[Gralloc-ERROR](   85): int gralloc_unregister_buffer(const gralloc_module_t*, const native_handle_t*):274 Trying to unregister buffer 0x45d72c90 from process 85 that was not created in current process: 85
04-27 02:39:45.737 I/Gonk    (   85): Setting nice for pid 2686 to 18
04-27 02:39:45.737 I/Gonk    (   85): Changed nice for pid 2686 from 18 to 18.
04-27 02:39:45.737 I/Gecko   (   85): [Parent 85] WARNING: waitpid failed pid:2686 errno:10: file ../../../gecko/ipc/chromium/src/base/process_util_posix.cc, line 254
04-27 02:39:45.867 I/Gecko   (   85): 1398591585884	Marionette	DEBUG	Got request: switchToFrame, data: {"to":"0","sessionId":"3-b2g","name":"switchToFrame","parameters":{"focus":true,"element":"{33c5c6fb-5559-4c98-b8f8-dfd289d95527}"}}, id: {1b962e7f-e68e-4b20-bcc7-74de8bc53013}
04-27 02:39:45.927 I/Gecko   (   85): 1398591585941	Marionette	INFO	Switched to frame: {"frameValue":"{33c5c6fb-5559-4c98-b8f8-dfd289d95527}"}
04-27 02:39:45.957 I/Gecko   (   85): 1398591585969	Marionette	INFO	trying remote frame 0
04-27 02:39:45.957 I/Gecko   (   85): 1398591585974	Marionette	INFO	trying remote frame 1
04-27 02:39:45.967 I/Gecko   (   85): 1398591585982	Marionette	INFO	trying remote frame 2
04-27 02:39:45.967 I/Gecko   (   85): 1398591585983	Marionette	INFO	trying remote frame 3
04-27 02:39:45.977 I/Gecko   (   85): 1398591585991	Marionette	INFO	deleting frame
04-27 02:39:45.987 I/Gecko   (   85): 1398591586006	Marionette	INFO	frame-manager load script: [object ChromeMessageSender]
04-27 02:39:46.027 I/Gonk    (   85): Setting nice for pid 2694 to 18
04-27 02:39:46.027 I/Gonk    (   85): Changed nice for pid 2694 from 0 to 18.
04-27 02:39:46.797 I/Gonk    (   85): Setting nice for pid 2686 to 18
04-27 02:39:46.797 I/Gonk    (   85): Changed nice for pid 2686 from 18 to 18.
04-27 02:39:47.317 I/Gecko   (   85): [Parent 85] WARNING: pipe error (124): Connection reset by peer: file ../../../gecko/ipc/chromium/src/chrome/common/ipc_channel_posix.cc, line 446
04-27 02:39:47.337 I/Gecko   (   85): 
04-27 02:39:47.337 I/Gecko   (   85): ###!!! [Parent][MessageChannel] Error: Channel error: cannot send/recv
04-27 02:39:47.337 I/Gecko   (   85): 
04-27 02:39:47.467 I/GeckoDump(   85): Crash reporter : Can't fetch app.reportCrashes. Exception: [Exception... "Component returned failure code: 0x8000ffff (NS_ERROR_UNEXPECTED) [nsIPrefBranch.getBoolPref]"  nsresult: "0x8000ffff (NS_ERROR_UNEXPECTED)"  location: "JS frame :: chrome://browser/content/shell.js :: shell_reportCrash :: line 7"  data: no]
04-27 02:39:47.477 I/Gecko   (   85): [Parent 85] WARNING: waitpid failed pid:2686 errno:10: file ../../../gecko/ipc/chromium/src/base/process_util_posix.cc, line 254
04-27 02:39:47.717 I/Gecko   (   85): 1398591587729	Marionette	INFO	sendToClient: {"from":"0","ok":true}, {1b962e7f-e68e-4b20-bcc7-74de8bc53013}, {1b962e7f-e68e-4b20-bcc7-74de8bc53013}
04-27 02:39:48.277 I/Gecko   (   85): 1398591588294	Marionette	INFO	sendToClient: {"from":"0","value":"http://sajirdalas.github.io/BTGRadioHyrule/index.html"}, {274df0d1-9407-4fb4-b0d5-e7b94f22cd6e}, {274df0d1-9407-4fb4-b0d5-e7b94f22cd6e}
04-27 02:39:48.297 I/Gecko   (   85): 1398591588311	Marionette	DEBUG	Got request: execute, data: {"to":"0","sessionId":"3-b2g","name":"executeScript","parameters":{"specialPowers":false,"scriptTimeout":null,"newSandbox":true,"args":[],"filename":"app_checker.py","script":"return window.document.readyState;","line":191}}, id: {a89a98fa-6143-444a-946c-70e51d13fbd4}
04-27 02:39:48.487 I/Gecko   (   85): 1398591588504	Marionette	INFO	sendToClient: {"from":"0","value":"complete"}, {a89a98fa-6143-444a-946c-70e51d13fbd4}, {a89a98fa-6143-444a-946c-70e51d13fbd4}
04-27 02:39:48.517 I/Gecko   (   85): 1398591588530	Marionette	INFO	sendToClient: {"from":"0","value":"http://sajirdalas.github.io/BTGRadioHyrule/index.html"}, {0355c195-7a1c-45d5-9e7a-17288496dc01}, {0355c195-7a1c-45d5-9e7a-17288496dc01}
04-27 02:39:48.547 I/Gecko   ( 2600): Attempting load of libEGL.so
04-27 02:39:48.647 D/libEGL  ( 2600): loaded /system/lib/egl/libEGL_mali.so
04-27 02:39:48.777 D/libEGL  ( 2600): loaded /system/lib/egl/libGLESv1_CM_mali.so
04-27 02:39:48.807 D/libEGL  ( 2600): loaded /system/lib/egl/libGLESv2_mali.so
04-27 02:39:48.997 I/Gecko   ( 2600): SharedSurface_Gralloc::Create -------
04-27 02:39:49.057 I/Gecko   ( 2600): SharedSurface_Gralloc::Create: success -- surface 0x43bedcc0, GraphicBuffer 0x43f26c00.
04-27 02:39:49.477 I/Gecko   (   85): [Parent 85] WARNING: waitpid failed pid:2686 errno:10: file ../../../gecko/ipc/chromium/src/base/process_util_posix.cc, line 254
04-27 02:39:49.477 I/Gecko   (   85): [Parent 85] WARNING: Failed to deliver SIGKILL to 2686!(3).: file ../../../gecko/ipc/chromium/src/chrome/common/process_watcher_posix_sigchld.cc, line 118
04-27 02:39:50.787 I/Gecko   (   85): 1398591590765	Marionette	INFO	sendToClient: {"from":"0","value":"iVBORw0KGgoAAAANSUhEUgAAAUAAAAHMCAYAAACk4nEJAAAgAElEQVR4nKy9Z7AcR3YmeiMef/Qb3Q1BEkIraeNpNJKeXAylwWisVqt40pNWit2nlTZ2Ja1GI1ErM5zRDGfoOSQoWtCBsCQIwlyAsPQgQYIQLby5sBckSHTfdtW+y3V3ta/23/uRmVVZWVl178zcG9Fxu7uq0pxz8jtfnjyZPRWZjiASiYD9X7ZsGaaumyLf0dfUdVPkuuS1bPkyz72RaVKGc23aXyb73ilj2TLyDKsrwn037S3bKT8iaQv3DN/mqeumfH3wlS/7Xqwv4r9HfC9tY8TbR/6a+CyTp+deXgZiG7iypX3i5RSJeMqU9V+Ug6fvQpvFdk1dN+XKfypAj5xOPLYVICuxvZ62R4S2SPri64dwr6gL0fb5l7QuiTyXLVvmsfFly5f52y6p32M7nIxE+xflKLMF0QZ934llCnWHtc2nm6D3gpx9Nho0FoX7fbizhHg1JTPYSIR85iufmpryCNBzv3B92bJlvgHAPjOFOeWzhkxNeZTi+Rxxy3cMlWufU/605Hnhuqc90wu3P6x8XklB7RPl6/kv1s8plK8/VD4y/YRcX9TnoPaJ9y+iPVJ98vJbLtgbp2+pfkV5SNobpF9noAjtY/IW7V2mP7H9bLDJ9C+7ny/fcRgh9i2TP3/dcSSy8SLar6AfHjSD9O+7X9T/AvLy2LPE3mT2ytu/iEdLjVdTHk8g8YgebzQd8Sjdg/QBLCHII3n+y14hqO9BdAZCnJflPYLoHXghiR7O53kl9XnqXu59XuqpJf3xeVmurMUwG48XD6k7kEFIypV5Zd/3kYB2hOhHVjbvpWWy8NiNUJ+UEUiuh90nk6mjg5DrYj99/ZfpJEh304J+FmijjCUFymza20bfc0E2I/nekUnQOAnTb8Q7Rnx4Itoe117POODvW2K8ml
04-27 02:39:50.937 W/WifiHW  (   85): wifi_command: SIGNAL_POLL
04-27 02:39:51.827 I/Gecko   (   85): 1398591591847	Marionette	INFO	sendToClient: {"from":"0","ok":true}, {0f2b25ed-e26f-44f6-a238-88bb391eba0d}, {0f2b25ed-e26f-44f6-a238-88bb391eba0d}
04-27 02:39:51.857 I/Gecko   (   85): 1398591591872	Marionette	DEBUG	Got request: switchToFrame, data: {"to":"0","sessionId":"3-b2g","name":"switchToFrame","parameters":{"id":null,"focus":true}}, id: {affe07fb-8c83-4b86-b152-9ba5c705d011}
04-27 02:39:51.927 I/Gecko   (   85): 1398591591945	Marionette	INFO	Switched to frame: {"frameValue":null}
04-27 02:39:52.037 I/Gecko   (   85): 1398591592052	Marionette	INFO	sendToClient: {"from":"0","ok":true}, {affe07fb-8c83-4b86-b152-9ba5c705d011}, {affe07fb-8c83-4b86-b152-9ba5c705d011}
04-27 02:39:52.057 I/Gecko   (   85): 1398591592074	Marionette	DEBUG	Got request: executeWithCallback, data: {"to":"0","sessionId":"3-b2g","name":"executeAsyncScript","parameters":{"specialPowers":false,"scriptTimeout":null,"newSandbox":true,"args":[],"filename":"gaia_test.py","script":"return GaiaApps.displayedApp();","line":66}}, id: {9f6adfa9-9519-4aa8-8bb6-595cdb15d736}
04-27 02:39:52.257 I/Gecko   (   85): 1398591592273	Marionette	INFO	sendToClient: {"from":"0","value":{"frame":{"ELEMENT":"{33c5c6fb-5559-4c98-b8f8-dfd289d95527}"},"src":"http://sajirdalas.github.io/BTGRadioHyrule/index.html","name":"Radio Hyrule Unofficial","origin":"http://sajirdalas.github.io"}}, {9f6adfa9-9519-4aa8-8bb6-595cdb15d736}, {9f6adfa9-9519-4aa8-8bb6-595cdb15d736}
04-27 02:39:52.257 E/GeckoConsole(   85): Content JS LOG at dummy file:392 in GaiaApps.displayedApp: app with origin 'http://sajirdalas.github.io' is displayed
04-27 02:39:52.277 I/Gecko   (   85): 1398591592290	Marionette	DEBUG	Got request: switchToFrame, data: {"to":"0","sessionId":"3-b2g","name":"switchToFrame","parameters":{"id":null,"focus":true}}, id: {16304a81-e8e6-49fc-bb10-572b6c0b3602}
04-27 02:39:52.277 I/Gecko   (   85): 1398591592292	Marionette	INFO	Switched to frame: {"frameValue":null}
04-27 02:39:52.377 I/Gecko   (   85): 1398591592395	Marionette	INFO	sendToClient: {"from":"0","ok":true}, {16304a81-e8e6-49fc-bb10-572b6c0b3602}, {16304a81-e8e6-49fc-bb10-572b6c0b3602}
04-27 02:39:52.387 I/Gecko   (   85): 1398591592401	Marionette	DEBUG	Got request: execute, data: {"to":"0","sessionId":"3-b2g","name":"executeScript","parameters":{"specialPowers":false,"scriptTimeout":null,"newSandbox":true,"args":[],"filename":"gaia_test.py","script":"window.wrappedJSObject.dispatchEvent(new Event('home'));","line":788}}, id: {91b4232c-b6ef-475b-a2cf-94d469ef8b82}
04-27 02:39:52.667 I/Gonk    (   85): Setting nice for pid 2694 to 18
04-27 02:39:52.667 I/Gonk    (   85): Changed nice for pid 2694 from 18 to 18.
04-27 02:39:52.667 I/Gecko   (   85): [Parent 85] WARNING: waitpid failed pid:2694 errno:10: file ../../../gecko/ipc/chromium/src/base/process_util_posix.cc, line 254
04-27 02:39:52.717 I/Gonk    (   85): Setting nice for pid 2694 to 1
04-27 02:39:52.717 I/Gonk    (   85): Changed nice for pid 2694 from 18 to 1.
04-27 02:39:52.767 D/Sensors (   85): activate handle=0; drv=0
04-27 02:39:52.767 D/Sensors (   85): Lis3dhSensor: Control set 0
04-27 02:39:52.767 D/Sensors (   85): Lis3dhSensor: mEnabled = 0
04-27 02:39:52.897 I/Gecko   (   85): 1398591592909	Marionette	INFO	sendToClient: {"from":"0","value":null}, {91b4232c-b6ef-475b-a2cf-94d469ef8b82}, {91b4232c-b6ef-475b-a2cf-94d469ef8b82}
04-27 02:39:52.967 I/Gecko   (   85): 1398591592980	Marionette	DEBUG	Got request: switchToFrame, data: {"to":"0","sessionId":"3-b2g","name":"switchToFrame","parameters":{"id":null,"focus":true}}, id: {cd98fe40-53d0-4509-8210-f3cc50418699}
04-27 02:39:52.977 I/Gecko   (   85): 1398591592988	Marionette	INFO	Switched to frame: {"frameValue":null}
04-27 02:39:53.077 I/Gecko   (   85): 1398591593091	Marionette	INFO	sendToClient: {"from":"0","ok":true}, {cd98fe40-53d0-4509-8210-f3cc50418699}, {cd98fe40-53d0-4509-8210-f3cc50418699}
04-27 02:39:53.077 I/Gecko   (   85): 1398591593097	Marionette	DEBUG	Got request: executeWithCallback, data: {"to":"0","sessionId":"3-b2g","name":"executeAsyncScript","parameters":{"specialPowers":false,"scriptTimeout":null,"newSandbox":true,"args":[],"filename":"gaia_test.py","script":"return GaiaApps.displayedApp();","line":66}}, id: {e684fc64-1786-474b-950e-72e728ce1245}
04-27 02:39:53.137 I/Gecko   (   85): 1398591593156	Marionette	INFO	sendToClient: {"from":"0","value":{"frame":{"ELEMENT":"{6dd2b424-520d-4cc6-8508-ef5fa2fb5df3}"},"src":"app://homescreen.gaiamobile.org/index.html#root","name":"Homescreen","origin":"app://homescreen.gaiamobile.org"}}, {e684fc64-1786-474b-950e-72e728ce1245}, {e684fc64-1786-474b-950e-72e728ce1245}
04-27 02:39:53.147 I/Gecko   (   85): 1398591593163	Marionette	DEBUG	Got request: switchToFrame, data: {"to":"0","sessionId":"3-b2g","name":"switchToFrame","parameters":{"id":null,"focus":true}}, id: {79328949-6cc4-4ab0-a963-913de7411daf}
04-27 02:39:53.197 E/GeckoConsole(   85): Content JS LOG at dummy file:392 in GaiaApps.displayedApp: app with origin 'app://homescreen.gaiamobile.org' is displayed
04-27 02:39:53.217 I/Gecko   (   85): 1398591593229	Marionette	INFO	Switched to frame: {"frameValue":null}
04-27 02:39:53.317 I/Gecko   (   85): 1398591593332	Marionette	INFO	sendToClient: {"from":"0","ok":true}, {79328949-6cc4-4ab0-a963-913de7411daf}, {79328949-6cc4-4ab0-a963-913de7411daf}
04-27 02:39:53.327 I/Gecko   (   85): 1398591593339	Marionette	DEBUG	Got request: switchToFrame, data: {"to":"0","sessionId":"3-b2g","name":"switchToFrame","parameters":{"id":null,"focus":true}}, id: {f140e526-4d2a-4c79-bdc9-537601a4deaf}
04-27 02:39:53.327 I/Gecko   (   85): 1398591593343	Marionette	INFO	Switched to frame: {"frameValue":null}
04-27 02:39:53.427 I/Gecko   (   85): 1398591593446	Marionette	INFO	sendToClient: {"from":"0","ok":true}, {f140e526-4d2a-4c79-bdc9-537601a4deaf}, {f140e526-4d2a-4c79-bdc9-537601a4deaf}
04-27 02:39:53.437 I/Gecko   (   85): 1398591593453	Marionette	DEBUG	Got request: executeWithCallback, data: {"to":"0","sessionId":"3-b2g","name":"executeAsyncScript","parameters":{"specialPowers":false,"scriptTimeout":null,"newSandbox":true,"args":[],"filename":"gaia_test.py","script":"return GaiaApps.displayedApp();","line":66}}, id: {5ffac1d8-5e19-41c8-9fc8-ac9e485674fa}
04-27 02:39:53.517 I/Gecko   (   85): 1398591593529	Marionette	INFO	sendToClient: {"from":"0","value":{"frame":{"ELEMENT":"{6dd2b424-520d-4cc6-8508-ef5fa2fb5df3}"},"src":"app://homescreen.gaiamobile.org/index.html#root","name":"Homescreen","origin":"app://homescreen.gaiamobile.org"}}, {5ffac1d8-5e19-41c8-9fc8-ac9e485674fa}, {5ffac1d8-5e19-41c8-9fc8-ac9e485674fa}
04-27 02:39:53.527 E/GeckoConsole(   85): Content JS LOG at dummy file:392 in GaiaApps.displayedApp: app with origin 'app://homescreen.gaiamobile.org' is displayed
04-27 02:39:53.527 I/Gecko   (   85): 1398591593544	Marionette	DEBUG	Got request: switchToFrame, data: {"to":"0","sessionId":"3-b2g","name":"switchToFrame","parameters":{"focus":true,"element":"{6dd2b424-520d-4cc6-8508-ef5fa2fb5df3}"}}, id: {e22da945-1cf9-4ec0-ab63-4404c57fd1ff}
04-27 02:39:53.597 I/Gecko   (   85): 1398591593611	Marionette	INFO	Switched to frame: {"frameValue":"{6dd2b424-520d-4cc6-8508-ef5fa2fb5df3}"}
04-27 02:39:53.607 I/Gecko   (   85): 1398591593622	Marionette	INFO	trying remote frame 0
04-27 02:39:53.607 I/Gecko   (   85): 1398591593624	Marionette	INFO	trying remote frame 1
04-27 02:39:53.607 I/Gecko   (   85): 1398591593625	Marionette	INFO	trying remote frame 2
04-27 02:39:53.607 I/Gecko   (   85): 1398591593627	Marionette	INFO	trying remote frame 3
04-27 02:39:53.617 I/Gecko   (   85): 1398591593628	Marionette	INFO	deleting frame
04-27 02:39:53.627 I/Gecko   (   85): 1398591593641	Marionette	INFO	frame-manager load script: [object ChromeMessageSender]
04-27 02:39:55.157 I/Gonk    (   85): Setting nice for pid 2600 to 18
04-27 02:39:55.157 I/Gonk    (   85): Changed nice for pid 2600 from 1 to 18.
04-27 02:39:56.367 W/WifiHW  (   85): wifi_command: SIGNAL_POLL
04-27 02:39:56.687 I/Gecko   ( 2694): ###################################### forms.js loaded
04-27 02:39:56.777 I/Gecko   ( 2694): ############################### browserElementPanning.js loaded
04-27 02:39:56.817 I/Gecko   ( 2694): ######################## BrowserElementChildPreload.js loaded
04-27 02:39:56.827 I/Gecko   (   85): 
04-27 02:39:56.827 I/Gecko   (   85): ###!!! [Parent][MessageChannel] Error: Channel error: cannot send/recv
04-27 02:39:56.827 I/Gecko   (   85): 
04-27 02:39:57.047 I/GeckoDump(   85): Crash reporter : Can't fetch app.reportCrashes. Exception: [Exception... "Component returned failure code: 0x8000ffff (NS_ERROR_UNEXPECTED) [nsIPrefBranch.getBoolPref]"  nsresult: "0x8000ffff (NS_ERROR_UNEXPECTED)"  location: "JS frame :: chrome://browser/content/shell.js :: shell_reportCrash :: line 7"  data: no]
04-27 02:39:57.057 I/Gecko   (   85): [Parent 85] WARNING: waitpid failed pid:2600 errno:10: file ../../../gecko/ipc/chromium/src/base/process_util_posix.cc, line 254
04-27 02:39:57.927 I/Gonk    (   85): Setting nice for pid 2713 to 18
04-27 02:39:57.927 I/Gonk    (   85): Changed nice for pid 2713 from 0 to 18.
04-27 02:39:59.057 I/Gecko   (   85): 1398591599076	Marionette	INFO	sendToClient: {"from":"0","ok":true}, {e22da945-1cf9-4ec0-ab63-4404c57fd1ff}, {e22da945-1cf9-4ec0-ab63-4404c57fd1ff}
04-27 02:39:59.067 I/Gecko   (   85): [Parent 85] WARNING: waitpid failed pid:2600 errno:10: file ../../../gecko/ipc/chromium/src/base/process_util_posix.cc, line 254
04-27 02:39:59.067 I/Gecko   (   85): [Parent 85] WARNING: Failed to deliver SIGKILL to 2600!(3).: file ../../../gecko/ipc/chromium/src/chrome/common/process_watcher_posix_sigchld.cc, line 118
04-27 02:40:00.307 I/Gecko   (   85): 1398591600318	Marionette	INFO	sendToClient: {"from":"0","value":"app://homescreen.gaiamobile.org/index.html#root"}, {312356ea-df8f-40c2-95d2-c9e81c2d4aad}, {312356ea-df8f-40c2-95d2-c9e81c2d4aad}
04-27 02:40:00.317 I/Gecko   (   85): 1398591600332	Marionette	DEBUG	Got request: switchToFrame, data: {"to":"0","sessionId":"3-b2g","name":"switchToFrame","parameters":{"id":null,"focus":true}}, id: {06a3f2e1-2e7d-43a1-8643-b6bbe986e73a}
04-27 02:40:00.337 I/Gecko   (   85): 1398591600355	Marionette	INFO	Switched to frame: {"frameValue":null}
04-27 02:40:00.447 I/Gecko   (   85): 1398591600463	Marionette	INFO	sendToClient: {"from":"0","ok":true}, {06a3f2e1-2e7d-43a1-8643-b6bbe986e73a}, {06a3f2e1-2e7d-43a1-8643-b6bbe986e73a}
04-27 02:40:00.457 I/Gecko   (   85): 1398591600469	Marionette	DEBUG	Got request: switchToFrame, data: {"to":"0","sessionId":"3-b2g","name":"switchToFrame","parameters":{"id":null,"focus":true}}, id: {282d21ca-cdda-4fc8-9328-e39df0787bf4}
04-27 02:40:00.457 I/Gecko   (   85): 1398591600471	Marionette	INFO	Switched to frame: {"frameValue":null}
04-27 02:40:00.557 I/Gecko   (   85): 1398591600574	Marionette	INFO	sendToClient: {"from":"0","ok":true}, {282d21ca-cdda-4fc8-9328-e39df0787bf4}, {282d21ca-cdda-4fc8-9328-e39df0787bf4}
04-27 02:40:00.567 I/Gecko   (   85): 1398591600582	Marionette	DEBUG	Got request: executeWithCallback, data: {"to":"0","sessionId":"3-b2g","name":"executeAsyncScript","parameters":{"specialPowers":false,"scriptTimeout":null,"newSandbox":true,"args":[],"filename":"gaia_test.py","script":"GaiaApps.killAll()","line":91}}, id: {8aee232e-53d0-4a55-a61e-d967ef116a7a}
04-27 02:40:00.947 I/Gecko   (   85): 1398591600958	Marionette	INFO	sendToClient: {"from":"0","value":true}, {8aee232e-53d0-4a55-a61e-d967ef116a7a}, {8aee232e-53d0-4a55-a61e-d967ef116a7a}
04-27 02:40:01.197 I/Gecko   (   85): 1398591601210	Marionette	DEBUG	Got request: switchToFrame, data: {"to":"0","sessionId":"3-b2g","name":"switchToFrame","parameters":{"id":null,"focus":true}}, id: {d1f5386f-1f08-4bf0-9691-8841b648cbe7}
04-27 02:40:01.207 I/Gecko   (   85): 1398591601219	Marionette	INFO	Switched to frame: {"frameValue":null}
04-27 02:40:01.307 I/Gecko   (   85): 1398591601321	Marionette	INFO	sendToClient: {"from":"0","ok":true}, {d1f5386f-1f08-4bf0-9691-8841b648cbe7}, {d1f5386f-1f08-4bf0-9691-8841b648cbe7}
04-27 02:40:01.317 I/Gecko   (   85): 1398591601329	Marionette	DEBUG	Got request: executeWithCallback, data: {"to":"0","sessionId":"3-b2g","name":"executeAsyncScript","parameters":{"specialPowers":false,"scriptTimeout":60000,"newSandbox":true,"args":[],"filename":"app_checker.py","script":"\n        GaiaApps.locateWithManifestURL('http://sajirdalas.github.io/BTGRadioHyrule/manifest.webapp',\n                                       null,\n                                       function uninstall(app) {\n                                       navigator.mozApps.mgmt.uninstall(app);\n                                       marionetteScriptFinished(true);\n                                       });\n        ","line":129}}, id: {f2a2e1d4-0f9d-4622-ac1c-552e7d11ae2b}
04-27 02:40:01.367 I/Gecko   (   85): -- webapps.js uninstall http://sajirdalas.github.io/BTGRadioHyrule/manifest.webapp
04-27 02:40:01.407 W/WifiHW  (   85): wifi_command: SIGNAL_POLL
04-27 02:40:01.757 I/Gecko   ( 2713): ###################################### forms.js loaded
04-27 02:40:01.907 I/Gecko   ( 2713): ############################### browserElementPanning.js loaded
04-27 02:40:02.007 I/Gecko   ( 2713): ######################## BrowserElementChildPreload.js loaded
04-27 02:40:02.127 I/Gecko   (   85): 1398591602140	Marionette	INFO	sendToClient: {"from":"0","value":true}, {f2a2e1d4-0f9d-4622-ac1c-552e7d11ae2b}, {f2a2e1d4-0f9d-4622-ac1c-552e7d11ae2b}