--------- beginning of /dev/log/main
04-26 06:02:17.560 I/Gecko   (   84): 1398517337571	Marionette	INFO	sendToClient: {"from":"0","value":"<div><img src=\"blob:14982fa9-33e8-46e1-bc95-6824e7b67406\" style=\"visibility: visible;\" role=\"presentation\" height=\"64\" width=\"64\"><span class=\"labelWrapper\"><span>Word Wars</span></span></div><span data-is-icon=\"true\" class=\"options\"></span>"}, {4dbdd828-c065-401c-8cfc-25a58da61e24}, {4dbdd828-c065-401c-8cfc-25a58da61e24}
04-26 06:02:17.580 I/Gecko   (   84): 1398517337587	Marionette	INFO	sendToClient: {"from":"0","value":"<div><img src=\"blob:0ffd3f37-98d4-439b-b6b0-00429d66b856\" style=\"visibility: visible;\" role=\"presentation\" height=\"64\" width=\"64\"><span class=\"labelWrapper\"><span>Rormix</span></span></div><span data-is-icon=\"true\" class=\"options\"></span>"}, {caac96d7-98fe-4a51-9a85-db0bbbaac13b}, {caac96d7-98fe-4a51-9a85-db0bbbaac13b}
04-26 06:02:17.660 I/Gecko   (   84): 1398517337679	Marionette	INFO	sendToClient: {"from":"0","value":"<div><img src=\"blob:0a8038fd-3d4a-446c-b4bd-5783c02db37a\" style=\"visibility: visible;\" role=\"presentation\" height=\"64\" width=\"64\"><span class=\"labelWrapper\"><span>Cheer Up!</span></span></div><span data-is-icon=\"true\" class=\"options\"></span>"}, {2b4f2da3-0b5f-4dd4-b0c1-e8fb2710605b}, {2b4f2da3-0b5f-4dd4-b0c1-e8fb2710605b}
04-26 06:02:17.680 I/Gecko   (   84): 1398517337692	Marionette	INFO	sendToClient: {"from":"0","value":"<div><img src=\"blob:45d15878-924f-4202-bc00-f0dc42156614\" style=\"visibility: visible;\" role=\"presentation\" height=\"64\" width=\"64\"><span class=\"labelWrapper mask\"><span>Duck Sounds</span></span></div><span data-is-icon=\"true\" class=\"options\"></span>"}, {ab5b6b50-e275-483f-880e-8b14ae558fb7}, {ab5b6b50-e275-483f-880e-8b14ae558fb7}
04-26 06:02:17.690 I/Gecko   (   84): 1398517337709	Marionette	INFO	sendToClient: {"from":"0","value":"<div><img src=\"blob:0093b8a0-0bfd-4501-8300-7ef170443f1f\" style=\"visibility: visible;\" role=\"presentation\" height=\"64\" width=\"64\"><span class=\"labelWrapper mask\"><span>Alarm Sounds</span></span></div><span data-is-icon=\"true\" class=\"options\"></span>"}, {72a638d8-b349-4a14-b408-2bbd0fa2e643}, {72a638d8-b349-4a14-b408-2bbd0fa2e643}
04-26 06:02:17.720 I/Gecko   (   84): 1398517337731	Marionette	INFO	sendToClient: {"from":"0","value":"<div><img src=\"blob:244323c8-266c-497f-b104-f4f30ec1b498\" style=\"visibility: visible;\" role=\"presentation\" height=\"64\" width=\"64\"><span class=\"labelWrapper\"><span>Art</span></span></div><span data-is-icon=\"true\" class=\"options\"></span>"}, {3d0ddd63-74b0-4842-8409-a3c48da2b63c}, {3d0ddd63-74b0-4842-8409-a3c48da2b63c}
04-26 06:02:17.730 I/Gecko   (   84): 1398517337746	Marionette	INFO	sendToClient: {"from":"0","value":"<div><img src=\"blob:3ac0c341-91d5-4ea9-9591-2dcdb8543f8f\" style=\"visibility: visible;\" role=\"presentation\" height=\"64\" width=\"64\"><span class=\"labelWrapper\"><span>Marketplace</span></span></div><span data-is-icon=\"true\" class=\"options\"></span>"}, {a7c9d02a-ea10-48c4-98fd-cead23e5578e}, {a7c9d02a-ea10-48c4-98fd-cead23e5578e}
04-26 06:02:17.750 I/Gecko   (   84): 1398517337763	Marionette	INFO	sendToClient: {"from":"0","value":"<div><img src=\"blob:4dc5afce-1210-4678-97e1-1a4faa6b995a\" style=\"visibility: visible;\" role=\"presentation\" height=\"64\" width=\"64\"><span class=\"labelWrapper\"><span>VTCS 13</span></span></div><span data-is-icon=\"true\" class=\"options\"></span>"}, {8a9270a0-764b-4b2c-835c-4276f93e14d0}, {8a9270a0-764b-4b2c-835c-4276f93e14d0}
04-26 06:02:17.760 I/Gecko   (   84): 1398517337774	Marionette	INFO	sendToClient: {"from":"0","value":"<div><img src=\"blob:acd3e529-1824-48b5-a7bc-ff3d24443c19\" style=\"visibility: visible;\" role=\"presentation\" height=\"64\" width=\"64\"><span class=\"labelWrapper mask\"><span>inca-challenge</span></span></div><span data-is-icon=\"true\" class=\"options\"></span>"}, {1a634ad1-6378-4b23-a34c-3c997a949e46}, {1a634ad1-6378-4b23-a34c-3c997a949e46}
04-26 06:02:17.790 I/Gecko   (   84): 1398517337803	Marionette	INFO	sendToClient: {"from":"0","value":"<div><img src=\"blob:917750fc-9519-4b7e-be55-16f832569f66\" style=\"visibility: visible;\" role=\"presentation\" height=\"64\" width=\"64\"><span class=\"labelWrapper\"><span>KAYAK</span></span></div><span data-is-icon=\"true\" class=\"options\"></span>"}, {89998978-b994-4b19-9010-b4839a892e50}, {89998978-b994-4b19-9010-b4839a892e50}
04-26 06:02:17.820 I/Gecko   (   84): 1398517337836	Marionette	INFO	sendToClient: {"from":"0","value":"<div><img src=\"blob:c8eff547-bbb2-47cd-a912-9d4908943a9b\" style=\"visibility: visible;\" role=\"presentation\" height=\"64\" width=\"64\"><span class=\"labelWrapper mask\"><span>Real Headshot</span></span></div><span data-is-icon=\"true\" class=\"options\"></span>"}, {5b7dd175-8e29-41c3-9d54-09bfc9d43049}, {5b7dd175-8e29-41c3-9d54-09bfc9d43049}
04-26 06:02:17.830 I/Gecko   (   84): 1398517337848	Marionette	INFO	sendToClient: {"from":"0","value":"<div><img src=\"blob:823ea994-b719-4c21-897b-de2c59e6d65a\" style=\"visibility: visible;\" role=\"presentation\" height=\"64\" width=\"64\"><span class=\"labelWrapper mask\"><span>Orion Nebula</span></span></div><span data-is-icon=\"true\" class=\"options\"></span>"}, {36bd4a92-cdf6-4b10-a476-e92eae77ee60}, {36bd4a92-cdf6-4b10-a476-e92eae77ee60}
04-26 06:02:17.860 I/Gecko   (   84): 1398517337871	Marionette	INFO	sendToClient: {"from":"0","value":"<div><img src=\"blob:2821eaab-82e2-4bf7-810c-519773964ebb\" style=\"visibility: visible;\" role=\"presentation\" height=\"64\" width=\"64\"><span class=\"labelWrapper mask\"><span>Galinha Pintadinha</span></span></div><span data-is-icon=\"true\" class=\"options\"></span>"}, {ee068bd6-2850-43f5-bbeb-ef77ebbe110d}, {ee068bd6-2850-43f5-bbeb-ef77ebbe110d}
04-26 06:02:17.880 I/Gecko   (   84): 1398517337891	Marionette	INFO	sendToClient: {"from":"0","value":"<div><img src=\"blob:f8b0713a-82e4-4f86-83bf-bae41141d225\" style=\"visibility: visible;\" role=\"presentation\" height=\"64\" width=\"64\"><span class=\"labelWrapper mask\"><span>Octopus Blast: ink rush</span></span></div><span data-is-icon=\"true\" class=\"options\"></span>"}, {a14f263b-ce20-41af-a301-c2f8b409e384}, {a14f263b-ce20-41af-a301-c2f8b409e384}
04-26 06:02:17.890 I/Gecko   (   84): 1398517337901	Marionette	INFO	sendToClient: {"from":"0","value":"<div><img src=\"blob:9b5a5628-2e2c-4dab-a5b4-2dc82905f142\" style=\"visibility: visible;\" role=\"presentation\" height=\"64\" width=\"64\"><span class=\"labelWrapper mask\"><span>Skyrock.mobi</span></span></div><span data-is-icon=\"true\" class=\"options\"></span>"}, {19657614-3d7b-4dc3-8414-7e9a3081cc9b}, {19657614-3d7b-4dc3-8414-7e9a3081cc9b}
04-26 06:02:17.910 I/Gecko   (   84): 1398517337926	Marionette	INFO	sendToClient: {"from":"0","value":"<div><img src=\"blob:0b90410e-8311-4493-b5dd-634f2bce3793\" style=\"visibility: visible;\" role=\"presentation\" height=\"64\" width=\"64\"><span class=\"labelWrapper\"><span>RarEfeitos</span></span></div><span data-is-icon=\"true\" class=\"options\"></span>"}, {89028ac5-6388-4e8a-8a28-7360db15b0ee}, {89028ac5-6388-4e8a-8a28-7360db15b0ee}
04-26 06:02:17.940 I/Gecko   (   84): 1398517337958	Marionette	INFO	sendToClient: {"from":"0","value":"<div><img src=\"blob:3c9c9abd-a38f-4e7f-8844-faf4548b5245\" style=\"visibility: visible;\" role=\"presentation\" height=\"64\" width=\"64\"><span class=\"labelWrapper\"><span>Phone</span></span></div>"}, {3310bf77-9b30-4bc5-ae15-2e5a8196a540}, {3310bf77-9b30-4bc5-ae15-2e5a8196a540}
04-26 06:02:17.950 I/Gecko   (   84): 1398517337968	Marionette	INFO	sendToClient: {"from":"0","value":"<div><img src=\"blob:29010894-9a7c-4c47-af2e-47f88a530b7f\" style=\"visibility: visible;\" role=\"presentation\" height=\"64\" width=\"64\"><span class=\"labelWrapper\"><span>Messages</span></span></div>"}, {5360352d-1d6e-4189-a316-e5431156ad99}, {5360352d-1d6e-4189-a316-e5431156ad99}
04-26 06:02:17.960 I/Gecko   (   84): 1398517337979	Marionette	INFO	sendToClient: {"from":"0","value":"<div><img src=\"blob:1016d3fd-b7f8-47b2-ae68-d38f5b2c096a\" style=\"visibility: visible;\" role=\"presentation\" height=\"64\" width=\"64\"><span class=\"labelWrapper\"><span>Contacts</span></span></div>"}, {978eb562-fe9f-4aec-aa27-36e89febe65d}, {978eb562-fe9f-4aec-aa27-36e89febe65d}
04-26 06:02:17.970 I/Gecko   (   84): 1398517337989	Marionette	INFO	sendToClient: {"from":"0","value":"<div><img src=\"blob:0c76d1ed-9e05-4fb0-a031-3d9525461bce\" style=\"visibility: visible;\" role=\"presentation\" height=\"64\" width=\"64\"><span class=\"labelWrapper\"><span>Browser</span></span></div>"}, {0f5c40d9-a6f5-4af8-8935-fc02d7fb648b}, {0f5c40d9-a6f5-4af8-8935-fc02d7fb648b}
04-26 06:02:19.140 I/Gecko   ( 3579): ###################################### forms.js loaded
04-26 06:02:19.180 I/Gecko   ( 3579): ############################### browserElementPanning.js loaded
04-26 06:02:19.210 I/Gecko   ( 3579): ######################## BrowserElementChildPreload.js loaded
04-26 06:02:20.040 I/Gecko   (   84): 1398517340047	Marionette	INFO	sendToClient: {"from":"0","value":["{750ad2f3-0962-4c6a-8d7b-4812a14beb51}","{8b31410e-d4ff-450b-8e99-d9f15c1ee873}","{350b01c1-0680-4e2a-af64-0fca43388243}","{c18866be-ad79-4219-9786-34a27e169e80}","{8a3b2ad2-6244-4920-9a1b-d7e7bb271031}","{da479a32-0f8c-4de4-95e8-97177fbe7606}","{8a7d5016-e4b4-4704-a02f-cb358d012ae6}","{0538bbc1-c0cf-49b3-a22b-239f6fe553ed}","{21fbf25b-3811-4a11-b5a2-a70ca3808d91}","{37a0a2b3-ed75-4490-81dc-fc3da09c32bf}","{a8a27381-3a58-4962-ab28-a38cfb33709b}","{1854aa73-0275-4df1-afd8-5d98c3cf126d}","{a3742463-02ee-4092-80fb-58c0eded540a}","{564e0277-e50a-470e-ad0e-24b27d5d8231}","{eaca11cd-9040-4181-a3e4-e800460f1095}","{4a3f8ecb-45d4-40ef-8597-bc3f6c7cf4fa}","{629c3edc-2652-4ea2-b62f-d0c888cc8842}","{9ded8a17-c7fa-4727-bc10-47271ddf197d}","{b0f75675-39b6-4064-a771-4b8e447ae9da}","{cca7c7a8-6383-4a1d-893a-ad96cfb201c2}","{6faacff1-7233-4f71-a40b-4f266d0a65eb}","{51c6f0b0-4576-4b4b-b5be-4fb3ca0eb003}","{afffaa31-1f80-4b81-a4b2-9a07bb89f605}","{70985ec4-cb16
04-26 06:02:20.330 I/Gecko   (   84): 1398517340344	Marionette	INFO	sendToClient: {"from":"0","value":"<div><img src=\"blob:9f942593-867c-40a5-9bf3-6fd59bfb9fff\" style=\"visibility: visible;\" role=\"presentation\" height=\"64\" width=\"64\"><span class=\"labelWrapper\"><span>Social</span></span></div><span data-is-icon=\"true\" class=\"options\"></span>"}, {abd97aad-0e48-44e0-9729-46d0b7edc112}, {abd97aad-0e48-44e0-9729-46d0b7edc112}
04-26 06:02:20.420 I/Gecko   (   84): 1398517340431	Marionette	INFO	sendToClient: {"from":"0","value":"<div><img src=\"blob:0a37c76e-8f7e-42be-a3e6-9fbf1e85ce88\" style=\"visibility: visible;\" role=\"presentation\" height=\"64\" width=\"64\"><span class=\"labelWrapper\"><span>Games</span></span></div><span data-is-icon=\"true\" class=\"options\"></span>"}, {79fe81cf-0c94-46a7-9919-031ee1c88d99}, {79fe81cf-0c94-46a7-9919-031ee1c88d99}
04-26 06:02:20.430 I/Gecko   (   84): 1398517340445	Marionette	INFO	sendToClient: {"from":"0","value":"<div><img src=\"blob:18d2d90e-8e09-493c-85da-4a76d239fa91\" style=\"visibility: visible;\" role=\"presentation\" height=\"64\" width=\"64\"><span class=\"labelWrapper\"><span>Music</span></span></div><span data-is-icon=\"true\" class=\"options\"></span>"}, {f4c38bf7-5884-4fa3-8bde-60a4ece62b10}, {f4c38bf7-5884-4fa3-8bde-60a4ece62b10}
04-26 06:02:20.440 I/Gecko   (   84): 1398517340455	Marionette	INFO	sendToClient: {"from":"0","value":"<div><img src=\"blob:76b38013-ea3a-4863-a4ba-1ad86e6c046a\" style=\"visibility: visible;\" role=\"presentation\" height=\"64\" width=\"64\"><span class=\"labelWrapper\"><span>Showbiz</span></span></div><span data-is-icon=\"true\" class=\"options\"></span>"}, {dfb63446-7085-40de-b75f-9966372a1f32}, {dfb63446-7085-40de-b75f-9966372a1f32}
04-26 06:02:20.450 I/Gecko   (   84): 1398517340466	Marionette	INFO	sendToClient: {"from":"0","value":"<div><img src=\"blob:ceba46ce-8bf8-4499-98e4-f4919dcb4cc8\" style=\"visibility: visible;\" role=\"presentation\" height=\"64\" width=\"64\"><span class=\"labelWrapper\"><span>Camera</span></span></div>"}, {4113e349-bc4b-40da-97cb-c8b39cca41be}, {4113e349-bc4b-40da-97cb-c8b39cca41be}
04-26 06:02:20.460 I/Gecko   (   84): 1398517340476	Marionette	INFO	sendToClient: {"from":"0","value":"<div><img src=\"blob:2b2cfc27-f09e-4a2b-9f63-601de9c0ebfc\" style=\"visibility: visible;\" role=\"presentation\" height=\"64\" width=\"64\"><span class=\"labelWrapper\"><span>Gallery</span></span></div>"}, {4da87b50-76b6-457c-8543-44266be182dd}, {4da87b50-76b6-457c-8543-44266be182dd}
04-26 06:02:20.480 I/Gecko   (   84): 1398517340497	Marionette	INFO	sendToClient: {"from":"0","value":"<div><img src=\"blob:aca7d524-c34e-441a-a8b5-83e450b841ab\" style=\"visibility: visible;\" role=\"presentation\" height=\"64\" width=\"64\"><span class=\"labelWrapper\"><span>FM Radio</span></span></div>"}, {737dcd8f-183e-4654-b266-3822c9e00de2}, {737dcd8f-183e-4654-b266-3822c9e00de2}
04-26 06:02:20.490 I/Gecko   (   84): 1398517340507	Marionette	INFO	sendToClient: {"from":"0","value":"<div><img src=\"blob:7fc0ab1f-6919-4f2c-95f1-6c3618c3bc64\" style=\"visibility: visible;\" role=\"presentation\" height=\"64\" width=\"64\"><span class=\"labelWrapper\"><span>Settings</span></span></div>"}, {9f03d914-d77a-4cd2-8339-d9af69518b50}, {9f03d914-d77a-4cd2-8339-d9af69518b50}
04-26 06:02:20.510 I/Gecko   (   84): 1398517340521	Marionette	INFO	sendToClient: {"from":"0","value":"<div><img src=\"blob:529c7bfc-eab4-40a6-9b33-a77d8f7c02fb\" style=\"visibility: visible;\" role=\"presentation\" height=\"64\" width=\"64\"><span class=\"labelWrapper\"><span>Marketplace</span></span></div>"}, {4bfaa62b-41b2-4989-8983-d52596d6fc6e}, {4bfaa62b-41b2-4989-8983-d52596d6fc6e}
04-26 06:02:20.520 I/Gecko   (   84): 1398517340532	Marionette	INFO	sendToClient: {"from":"0","value":"<div><img src=\"blob:dd1e872f-9c8d-4443-bbcd-1ec0ec70c72d\" style=\"visibility: visible;\" role=\"presentation\" height=\"64\" width=\"64\"><span class=\"labelWrapper\"><span>Calendar</span></span></div>"}, {ca8c6d1d-e027-4dd4-b6c9-9ac3213bc2de}, {ca8c6d1d-e027-4dd4-b6c9-9ac3213bc2de}
04-26 06:02:20.530 I/Gecko   (   84): 1398517340542	Marionette	INFO	sendToClient: {"from":"0","value":"<div><img src=\"blob:38420790-cf26-4a96-b066-0926d9c901ef\" style=\"visibility: visible;\" role=\"presentation\" height=\"64\" width=\"64\"><span class=\"labelWrapper\"><span>Clock</span></span></div>"}, {4a1cfd04-3d06-4c2d-82fb-364440610194}, {4a1cfd04-3d06-4c2d-82fb-364440610194}
04-26 06:02:20.540 I/Gecko   (   84): 1398517340553	Marionette	INFO	sendToClient: {"from":"0","value":"<div><img src=\"blob:07f01c18-09cd-4a51-bcc1-69f1bb41bd12\" style=\"visibility: visible;\" role=\"presentation\" height=\"64\" width=\"64\"><span class=\"labelWrapper\"><span>Usage</span></span></div>"}, {3d27ef3b-be12-4972-a523-04ee3e76b6c6}, {3d27ef3b-be12-4972-a523-04ee3e76b6c6}
04-26 06:02:20.550 I/Gecko   (   84): 1398517340563	Marionette	INFO	sendToClient: {"from":"0","value":"<div><img src=\"blob:b83c6c12-7e44-4cf2-890d-d657d0a2d9ac\" style=\"visibility: visible;\" role=\"presentation\" height=\"64\" width=\"64\"><span class=\"labelWrapper\"><span>E-Mail</span></span></div>"}, {f801c54e-c7be-45f1-b30c-b8f7dcc35d6a}, {f801c54e-c7be-45f1-b30c-b8f7dcc35d6a}
04-26 06:02:20.560 I/Gecko   (   84): 1398517340574	Marionette	INFO	sendToClient: {"from":"0","value":"<div><img src=\"blob:d075314f-5607-48a2-abe8-fdadb0d67f17\" style=\"visibility: visible;\" role=\"presentation\" height=\"64\" width=\"64\"><span class=\"labelWrapper\"><span>Music</span></span></div>"}, {861f28ab-4d64-458f-a954-226a43324fd5}, {861f28ab-4d64-458f-a954-226a43324fd5}
04-26 06:02:20.570 I/Gecko   (   84): 1398517340584	Marionette	INFO	sendToClient: {"from":"0","value":"<div><img src=\"blob:a303d1d3-9a92-4c7e-bb28-9e08023e1c6c\" style=\"visibility: visible;\" role=\"presentation\" height=\"64\" width=\"64\"><span class=\"labelWrapper\"><span>Video</span></span></div>"}, {aa5aeb11-8304-431c-88cc-88dde7d54e0a}, {aa5aeb11-8304-431c-88cc-88dde7d54e0a}
04-26 06:02:20.590 I/Gecko   (   84): 1398517340606	Marionette	INFO	sendToClient: {"from":"0","value":"<div><img src=\"blob:15a8db1c-8d34-4abe-b926-1a8808ab74ed\" style=\"visibility: visible;\" role=\"presentation\" height=\"64\" width=\"64\"><span class=\"labelWrapper\"><span>ConnectA2</span></span></div><span data-is-icon=\"true\" class=\"options\"></span>"}, {e1acd4b6-4f5d-445d-a820-127bc7cdaf9c}, {e1acd4b6-4f5d-445d-a820-127bc7cdaf9c}
04-26 06:02:20.610 I/Gecko   (   84): 1398517340622	Marionette	INFO	sendToClient: {"from":"0","value":"<div><img src=\"blob:14982fa9-33e8-46e1-bc95-6824e7b67406\" style=\"visibility: visible;\" role=\"presentation\" height=\"64\" width=\"64\"><span class=\"labelWrapper\"><span>Word Wars</span></span></div><span data-is-icon=\"true\" class=\"options\"></span>"}, {a9d4f129-be5c-4960-95a5-dad3dbd733c3}, {a9d4f129-be5c-4960-95a5-dad3dbd733c3}
04-26 06:02:20.620 I/Gecko   (   84): 1398517340634	Marionette	INFO	sendToClient: {"from":"0","value":"<div><img src=\"blob:0ffd3f37-98d4-439b-b6b0-00429d66b856\" style=\"visibility: visible;\" role=\"presentation\" height=\"64\" width=\"64\"><span class=\"labelWrapper\"><span>Rormix</span></span></div><span data-is-icon=\"true\" class=\"options\"></span>"}, {994db937-c6b8-420d-a777-93f46e62cc5a}, {994db937-c6b8-420d-a777-93f46e62cc5a}
04-26 06:02:20.630 I/Gecko   (   84): 1398517340645	Marionette	INFO	sendToClient: {"from":"0","value":"<div><img src=\"blob:0a8038fd-3d4a-446c-b4bd-5783c02db37a\" style=\"visibility: visible;\" role=\"presentation\" height=\"64\" width=\"64\"><span class=\"labelWrapper\"><span>Cheer Up!</span></span></div><span data-is-icon=\"true\" class=\"options\"></span>"}, {d933c3a5-0853-4a5a-a4ee-7f34389ed39f}, {d933c3a5-0853-4a5a-a4ee-7f34389ed39f}
04-26 06:02:20.640 I/Gecko   (   84): 1398517340655	Marionette	INFO	sendToClient: {"from":"0","value":"<div><img src=\"blob:45d15878-924f-4202-bc00-f0dc42156614\" style=\"visibility: visible;\" role=\"presentation\" height=\"64\" width=\"64\"><span class=\"labelWrapper mask\"><span>Duck Sounds</span></span></div><span data-is-icon=\"true\" class=\"options\"></span>"}, {7b50e2a2-3ffd-475b-89fe-9c0670b2e43a}, {7b50e2a2-3ffd-475b-89fe-9c0670b2e43a}
04-26 06:02:20.650 I/Gecko   (   84): 1398517340665	Marionette	INFO	sendToClient: {"from":"0","value":"<div><img src=\"blob:0093b8a0-0bfd-4501-8300-7ef170443f1f\" style=\"visibility: visible;\" role=\"presentation\" height=\"64\" width=\"64\"><span class=\"labelWrapper mask\"><span>Alarm Sounds</span></span></div><span data-is-icon=\"true\" class=\"options\"></span>"}, {e09af852-177e-48d3-984a-beeaeaa2239f}, {e09af852-177e-48d3-984a-beeaeaa2239f}
04-26 06:02:20.660 I/Gecko   (   84): 1398517340675	Marionette	INFO	sendToClient: {"from":"0","value":"<div><img src=\"blob:244323c8-266c-497f-b104-f4f30ec1b498\" style=\"visibility: visible;\" role=\"presentation\" height=\"64\" width=\"64\"><span class=\"labelWrapper\"><span>Art</span></span></div><span data-is-icon=\"true\" class=\"options\"></span>"}, {5b13876e-db8f-4a79-8251-06328bd3cf5b}, {5b13876e-db8f-4a79-8251-06328bd3cf5b}
04-26 06:02:20.670 I/Gecko   (   84): 1398517340686	Marionette	INFO	sendToClient: {"from":"0","value":"<div><img src=\"blob:3ac0c341-91d5-4ea9-9591-2dcdb8543f8f\" style=\"visibility: visible;\" role=\"presentation\" height=\"64\" width=\"64\"><span class=\"labelWrapper\"><span>Marketplace</span></span></div><span data-is-icon=\"true\" class=\"options\"></span>"}, {a3e5e647-4dbb-4774-a7ea-442af1982397}, {a3e5e647-4dbb-4774-a7ea-442af1982397}
04-26 06:02:20.680 I/Gecko   (   84): 1398517340699	Marionette	INFO	sendToClient: {"from":"0","value":"<div><img src=\"blob:4dc5afce-1210-4678-97e1-1a4faa6b995a\" style=\"visibility: visible;\" role=\"presentation\" height=\"64\" width=\"64\"><span class=\"labelWrapper\"><span>VTCS 13</span></span></div><span data-is-icon=\"true\" class=\"options\"></span>"}, {e5a6661f-fe75-40cd-9c9b-c969d9173fcd}, {e5a6661f-fe75-40cd-9c9b-c969d9173fcd}
04-26 06:02:20.690 I/Gecko   (   84): 1398517340709	Marionette	INFO	sendToClient: {"from":"0","value":"<div><img src=\"blob:acd3e529-1824-48b5-a7bc-ff3d24443c19\" style=\"visibility: visible;\" role=\"presentation\" height=\"64\" width=\"64\"><span class=\"labelWrapper mask\"><span>inca-challenge</span></span></div><span data-is-icon=\"true\" class=\"options\"></span>"}, {b9fa64d6-d4ac-41a3-9bda-7798dcdea657}, {b9fa64d6-d4ac-41a3-9bda-7798dcdea657}
04-26 06:02:20.710 I/Gecko   (   84): 1398517340720	Marionette	INFO	sendToClient: {"from":"0","value":"<div><img src=\"blob:917750fc-9519-4b7e-be55-16f832569f66\" style=\"visibility: visible;\" role=\"presentation\" height=\"64\" width=\"64\"><span class=\"labelWrapper\"><span>KAYAK</span></span></div><span data-is-icon=\"true\" class=\"options\"></span>"}, {102dbf6b-23a9-488d-95a7-17d870ad410e}, {102dbf6b-23a9-488d-95a7-17d870ad410e}
04-26 06:02:20.720 I/Gecko   (   84): 1398517340731	Marionette	INFO	sendToClient: {"from":"0","value":"<div><img src=\"blob:c8eff547-bbb2-47cd-a912-9d4908943a9b\" style=\"visibility: visible;\" role=\"presentation\" height=\"64\" width=\"64\"><span class=\"labelWrapper mask\"><span>Real Headshot</span></span></div><span data-is-icon=\"true\" class=\"options\"></span>"}, {29b0792f-c6b0-48e0-9017-31466cd46411}, {29b0792f-c6b0-48e0-9017-31466cd46411}
04-26 06:02:20.730 I/Gecko   (   84): 1398517340745	Marionette	INFO	sendToClient: {"from":"0","value":"<div><img src=\"blob:823ea994-b719-4c21-897b-de2c59e6d65a\" style=\"visibility: visible;\" role=\"presentation\" height=\"64\" width=\"64\"><span class=\"labelWrapper mask\"><span>Orion Nebula</span></span></div><span data-is-icon=\"true\" class=\"options\"></span>"}, {9c3bfc25-e0fc-4214-98e9-1b22c943cb56}, {9c3bfc25-e0fc-4214-98e9-1b22c943cb56}
04-26 06:02:20.740 I/Gecko   (   84): 1398517340757	Marionette	INFO	sendToClient: {"from":"0","value":"<div><img src=\"blob:2821eaab-82e2-4bf7-810c-519773964ebb\" style=\"visibility: visible;\" role=\"presentation\" height=\"64\" width=\"64\"><span class=\"labelWrapper mask\"><span>Galinha Pintadinha</span></span></div><span data-is-icon=\"true\" class=\"options\"></span>"}, {2b725a31-def5-4144-b60e-853a00de3b0d}, {2b725a31-def5-4144-b60e-853a00de3b0d}
04-26 06:02:20.750 I/Gecko   (   84): 1398517340767	Marionette	INFO	sendToClient: {"from":"0","value":"<div><img src=\"blob:f8b0713a-82e4-4f86-83bf-bae41141d225\" style=\"visibility: visible;\" role=\"presentation\" height=\"64\" width=\"64\"><span class=\"labelWrapper mask\"><span>Octopus Blast: ink rush</span></span></div><span data-is-icon=\"true\" class=\"options\"></span>"}, {e5918316-6e62-44bf-b33a-e556b12adad6}, {e5918316-6e62-44bf-b33a-e556b12adad6}
04-26 06:02:20.760 I/Gecko   (   84): 1398517340777	Marionette	INFO	sendToClient: {"from":"0","value":"<div><img src=\"blob:9b5a5628-2e2c-4dab-a5b4-2dc82905f142\" style=\"visibility: visible;\" role=\"presentation\" height=\"64\" width=\"64\"><span class=\"labelWrapper mask\"><span>Skyrock.mobi</span></span></div><span data-is-icon=\"true\" class=\"options\"></span>"}, {2c0cd5f7-531a-44b5-99c8-50f940692272}, {2c0cd5f7-531a-44b5-99c8-50f940692272}
04-26 06:02:20.770 I/Gecko   (   84): 1398517340788	Marionette	INFO	sendToClient: {"from":"0","value":"<div><img src=\"blob:0b90410e-8311-4493-b5dd-634f2bce3793\" style=\"visibility: visible;\" role=\"presentation\" height=\"64\" width=\"64\"><span class=\"labelWrapper\"><span>RarEfeitos</span></span></div><span data-is-icon=\"true\" class=\"options\"></span>"}, {4c565b74-3d11-4603-8cde-2c2977809ed7}, {4c565b74-3d11-4603-8cde-2c2977809ed7}
04-26 06:02:20.800 I/Gecko   (   84): 1398517340813	Marionette	INFO	sendToClient: {"from":"0","value":"<div><img src=\"blob:3c9c9abd-a38f-4e7f-8844-faf4548b5245\" style=\"visibility: visible;\" role=\"presentation\" height=\"64\" width=\"64\"><span class=\"labelWrapper\"><span>Phone</span></span></div>"}, {e1aa4ca5-8a4b-4982-a457-a0f186842756}, {e1aa4ca5-8a4b-4982-a457-a0f186842756}
04-26 06:02:20.810 I/Gecko   (   84): 1398517340823	Marionette	INFO	sendToClient: {"from":"0","value":"<div><img src=\"blob:29010894-9a7c-4c47-af2e-47f88a530b7f\" style=\"visibility: visible;\" role=\"presentation\" height=\"64\" width=\"64\"><span class=\"labelWrapper\"><span>Messages</span></span></div>"}, {96e36320-98e5-448f-8bf9-fe5ccfd8fd2f}, {96e36320-98e5-448f-8bf9-fe5ccfd8fd2f}
04-26 06:02:20.820 I/Gecko   (   84): 1398517340833	Marionette	INFO	sendToClient: {"from":"0","value":"<div><img src=\"blob:1016d3fd-b7f8-47b2-ae68-d38f5b2c096a\" style=\"visibility: visible;\" role=\"presentation\" height=\"64\" width=\"64\"><span class=\"labelWrapper\"><span>Contacts</span></span></div>"}, {195d877d-88af-4c97-bf84-51add0b11ebe}, {195d877d-88af-4c97-bf84-51add0b11ebe}
04-26 06:02:20.830 I/Gecko   (   84): 1398517340844	Marionette	INFO	sendToClient: {"from":"0","value":"<div><img src=\"blob:0c76d1ed-9e05-4fb0-a031-3d9525461bce\" style=\"visibility: visible;\" role=\"presentation\" height=\"64\" width=\"64\"><span class=\"labelWrapper\"><span>Browser</span></span></div>"}, {ca95fc64-3f52-488f-bb2a-d24e6d9dca72}, {ca95fc64-3f52-488f-bb2a-d24e6d9dca72}
04-26 06:02:21.860 W/WifiHW  (   84): wifi_command: SIGNAL_POLL
04-26 06:02:22.870 I/Gecko   (   84): 1398517342880	Marionette	INFO	sendToClient: {"from":"0","value":["{750ad2f3-0962-4c6a-8d7b-4812a14beb51}","{8b31410e-d4ff-450b-8e99-d9f15c1ee873}","{350b01c1-0680-4e2a-af64-0fca43388243}","{c18866be-ad79-4219-9786-34a27e169e80}","{8a3b2ad2-6244-4920-9a1b-d7e7bb271031}","{da479a32-0f8c-4de4-95e8-97177fbe7606}","{8a7d5016-e4b4-4704-a02f-cb358d012ae6}","{0538bbc1-c0cf-49b3-a22b-239f6fe553ed}","{21fbf25b-3811-4a11-b5a2-a70ca3808d91}","{37a0a2b3-ed75-4490-81dc-fc3da09c32bf}","{a8a27381-3a58-4962-ab28-a38cfb33709b}","{1854aa73-0275-4df1-afd8-5d98c3cf126d}","{a3742463-02ee-4092-80fb-58c0eded540a}","{564e0277-e50a-470e-ad0e-24b27d5d8231}","{eaca11cd-9040-4181-a3e4-e800460f1095}","{4a3f8ecb-45d4-40ef-8597-bc3f6c7cf4fa}","{629c3edc-2652-4ea2-b62f-d0c888cc8842}","{9ded8a17-c7fa-4727-bc10-47271ddf197d}","{b0f75675-39b6-4064-a771-4b8e447ae9da}","{cca7c7a8-6383-4a1d-893a-ad96cfb201c2}","{6faacff1-7233-4f71-a40b-4f266d0a65eb}","{51c6f0b0-4576-4b4b-b5be-4fb3ca0eb003}","{afffaa31-1f80-4b81-a4b2-9a07bb89f605}","{70985ec4-cb16
04-26 06:02:22.880 I/Gecko   (   84): 1398517342891	Marionette	INFO	sendToClient: {"from":"0","value":"<div><img src=\"blob:9f942593-867c-40a5-9bf3-6fd59bfb9fff\" style=\"visibility: visible;\" role=\"presentation\" height=\"64\" width=\"64\"><span class=\"labelWrapper\"><span>Social</span></span></div><span data-is-icon=\"true\" class=\"options\"></span>"}, {73d0bc5b-e27b-4198-ab62-68fbe3029714}, {73d0bc5b-e27b-4198-ab62-68fbe3029714}
04-26 06:02:22.890 I/Gecko   (   84): 1398517342901	Marionette	INFO	sendToClient: {"from":"0","value":"<div><img src=\"blob:0a37c76e-8f7e-42be-a3e6-9fbf1e85ce88\" style=\"visibility: visible;\" role=\"presentation\" height=\"64\" width=\"64\"><span class=\"labelWrapper\"><span>Games</span></span></div><span data-is-icon=\"true\" class=\"options\"></span>"}, {9b125d23-97a8-470c-aefc-a5758ceefe45}, {9b125d23-97a8-470c-aefc-a5758ceefe45}
04-26 06:02:22.900 I/Gecko   (   84): 1398517342911	Marionette	INFO	sendToClient: {"from":"0","value":"<div><img src=\"blob:18d2d90e-8e09-493c-85da-4a76d239fa91\" style=\"visibility: visible;\" role=\"presentation\" height=\"64\" width=\"64\"><span class=\"labelWrapper\"><span>Music</span></span></div><span data-is-icon=\"true\" class=\"options\"></span>"}, {860e0c82-5c8c-4f4c-8bb5-ba6d5f0f2829}, {860e0c82-5c8c-4f4c-8bb5-ba6d5f0f2829}
04-26 06:02:22.910 I/Gecko   (   84): 1398517342921	Marionette	INFO	sendToClient: {"from":"0","value":"<div><img src=\"blob:76b38013-ea3a-4863-a4ba-1ad86e6c046a\" style=\"visibility: visible;\" role=\"presentation\" height=\"64\" width=\"64\"><span class=\"labelWrapper\"><span>Showbiz</span></span></div><span data-is-icon=\"true\" class=\"options\"></span>"}, {b58934ff-b13d-46b7-8eb0-fb958be412be}, {b58934ff-b13d-46b7-8eb0-fb958be412be}
04-26 06:02:22.920 I/Gecko   (   84): 1398517342932	Marionette	INFO	sendToClient: {"from":"0","value":"<div><img src=\"blob:ceba46ce-8bf8-4499-98e4-f4919dcb4cc8\" style=\"visibility: visible;\" role=\"presentation\" height=\"64\" width=\"64\"><span class=\"labelWrapper\"><span>Camera</span></span></div>"}, {9ab59bfa-7776-4ffb-bc7e-165b34e3cf51}, {9ab59bfa-7776-4ffb-bc7e-165b34e3cf51}
04-26 06:02:22.930 I/Gecko   (   84): 1398517342941	Marionette	INFO	sendToClient: {"from":"0","value":"<div><img src=\"blob:2b2cfc27-f09e-4a2b-9f63-601de9c0ebfc\" style=\"visibility: visible;\" role=\"presentation\" height=\"64\" width=\"64\"><span class=\"labelWrapper\"><span>Gallery</span></span></div>"}, {45591dd2-ff56-45f6-b763-297516ad084f}, {45591dd2-ff56-45f6-b763-297516ad084f}
04-26 06:02:22.950 I/Gecko   (   84): 1398517342963	Marionette	INFO	sendToClient: {"from":"0","value":"<div><img src=\"blob:aca7d524-c34e-441a-a8b5-83e450b841ab\" style=\"visibility: visible;\" role=\"presentation\" height=\"64\" width=\"64\"><span class=\"labelWrapper\"><span>FM Radio</span></span></div>"}, {45dab422-5663-431b-a358-e0d0d0fbf4d0}, {45dab422-5663-431b-a358-e0d0d0fbf4d0}
04-26 06:02:22.960 I/Gecko   (   84): 1398517342973	Marionette	INFO	sendToClient: {"from":"0","value":"<div><img src=\"blob:7fc0ab1f-6919-4f2c-95f1-6c3618c3bc64\" style=\"visibility: visible;\" role=\"presentation\" height=\"64\" width=\"64\"><span class=\"labelWrapper\"><span>Settings</span></span></div>"}, {d8eecd9c-988e-48b6-ab3f-371d62a9cdee}, {d8eecd9c-988e-48b6-ab3f-371d62a9cdee}
04-26 06:02:22.970 I/Gecko   (   84): 1398517342983	Marionette	INFO	sendToClient: {"from":"0","value":"<div><img src=\"blob:529c7bfc-eab4-40a6-9b33-a77d8f7c02fb\" style=\"visibility: visible;\" role=\"presentation\" height=\"64\" width=\"64\"><span class=\"labelWrapper\"><span>Marketplace</span></span></div>"}, {410eb687-8e54-4936-9ace-5d3a32221591}, {410eb687-8e54-4936-9ace-5d3a32221591}
04-26 06:02:22.980 I/Gecko   (   84): 1398517342993	Marionette	INFO	sendToClient: {"from":"0","value":"<div><img src=\"blob:dd1e872f-9c8d-4443-bbcd-1ec0ec70c72d\" style=\"visibility: visible;\" role=\"presentation\" height=\"64\" width=\"64\"><span class=\"labelWrapper\"><span>Calendar</span></span></div>"}, {dda47a5a-ab52-45ab-8db4-643b9bfcc7d5}, {dda47a5a-ab52-45ab-8db4-643b9bfcc7d5}
04-26 06:02:22.990 I/Gecko   (   84): 1398517343003	Marionette	INFO	sendToClient: {"from":"0","value":"<div><img src=\"blob:38420790-cf26-4a96-b066-0926d9c901ef\" style=\"visibility: visible;\" role=\"presentation\" height=\"64\" width=\"64\"><span class=\"labelWrapper\"><span>Clock</span></span></div>"}, {d0b04387-052b-4647-8090-9afb3f4f7126}, {d0b04387-052b-4647-8090-9afb3f4f7126}
04-26 06:02:23.000 I/Gecko   (   84): 1398517343013	Marionette	INFO	sendToClient: {"from":"0","value":"<div><img src=\"blob:07f01c18-09cd-4a51-bcc1-69f1bb41bd12\" style=\"visibility: visible;\" role=\"presentation\" height=\"64\" width=\"64\"><span class=\"labelWrapper\"><span>Usage</span></span></div>"}, {7abaa45f-64bc-4da6-a1b9-6fa2f0105e4f}, {7abaa45f-64bc-4da6-a1b9-6fa2f0105e4f}
04-26 06:02:23.010 I/Gecko   (   84): 1398517343023	Marionette	INFO	sendToClient: {"from":"0","value":"<div><img src=\"blob:b83c6c12-7e44-4cf2-890d-d657d0a2d9ac\" style=\"visibility: visible;\" role=\"presentation\" height=\"64\" width=\"64\"><span class=\"labelWrapper\"><span>E-Mail</span></span></div>"}, {853383d5-6dba-47ef-b73e-436431f4a354}, {853383d5-6dba-47ef-b73e-436431f4a354}
04-26 06:02:23.020 I/Gecko   (   84): 1398517343033	Marionette	INFO	sendToClient: {"from":"0","value":"<div><img src=\"blob:d075314f-5607-48a2-abe8-fdadb0d67f17\" style=\"visibility: visible;\" role=\"presentation\" height=\"64\" width=\"64\"><span class=\"labelWrapper\"><span>Music</span></span></div>"}, {e103537c-27b1-402e-a19d-47da939cd361}, {e103537c-27b1-402e-a19d-47da939cd361}
04-26 06:02:23.030 I/Gecko   (   84): 1398517343044	Marionette	INFO	sendToClient: {"from":"0","value":"<div><img src=\"blob:a303d1d3-9a92-4c7e-bb28-9e08023e1c6c\" style=\"visibility: visible;\" role=\"presentation\" height=\"64\" width=\"64\"><span class=\"labelWrapper\"><span>Video</span></span></div>"}, {bfd38176-a64e-47be-a4ef-06843d11afbb}, {bfd38176-a64e-47be-a4ef-06843d11afbb}
04-26 06:02:23.040 I/Gecko   (   84): 1398517343055	Marionette	INFO	sendToClient: {"from":"0","value":"<div><img src=\"blob:15a8db1c-8d34-4abe-b926-1a8808ab74ed\" style=\"visibility: visible;\" role=\"presentation\" height=\"64\" width=\"64\"><span class=\"labelWrapper\"><span>ConnectA2</span></span></div><span data-is-icon=\"true\" class=\"options\"></span>"}, {ae2f8054-f1e1-4d53-af81-9e1d25736a88}, {ae2f8054-f1e1-4d53-af81-9e1d25736a88}
04-26 06:02:23.050 I/Gecko   (   84): 1398517343065	Marionette	INFO	sendToClient: {"from":"0","value":"<div><img src=\"blob:14982fa9-33e8-46e1-bc95-6824e7b67406\" style=\"visibility: visible;\" role=\"presentation\" height=\"64\" width=\"64\"><span class=\"labelWrapper\"><span>Word Wars</span></span></div><span data-is-icon=\"true\" class=\"options\"></span>"}, {cde9a9cd-33d6-49ad-897d-3ca615404af3}, {cde9a9cd-33d6-49ad-897d-3ca615404af3}
04-26 06:02:23.060 I/Gecko   (   84): 1398517343075	Marionette	INFO	sendToClient: {"from":"0","value":"<div><img src=\"blob:0ffd3f37-98d4-439b-b6b0-00429d66b856\" style=\"visibility: visible;\" role=\"presentation\" height=\"64\" width=\"64\"><span class=\"labelWrapper\"><span>Rormix</span></span></div><span data-is-icon=\"true\" class=\"options\"></span>"}, {5a7c2421-1920-4ec6-a482-4ff689e803ed}, {5a7c2421-1920-4ec6-a482-4ff689e803ed}
04-26 06:02:23.070 I/Gecko   (   84): 1398517343085	Marionette	INFO	sendToClient: {"from":"0","value":"<div><img src=\"blob:0a8038fd-3d4a-446c-b4bd-5783c02db37a\" style=\"visibility: visible;\" role=\"presentation\" height=\"64\" width=\"64\"><span class=\"labelWrapper\"><span>Cheer Up!</span></span></div><span data-is-icon=\"true\" class=\"options\"></span>"}, {ef0ec20f-9914-41ee-8111-45eb7d1a0298}, {ef0ec20f-9914-41ee-8111-45eb7d1a0298}
04-26 06:02:23.080 I/Gecko   (   84): 1398517343095	Marionette	INFO	sendToClient: {"from":"0","value":"<div><img src=\"blob:45d15878-924f-4202-bc00-f0dc42156614\" style=\"visibility: visible;\" role=\"presentation\" height=\"64\" width=\"64\"><span class=\"labelWrapper mask\"><span>Duck Sounds</span></span></div><span data-is-icon=\"true\" class=\"options\"></span>"}, {045ccbbe-e46b-4b44-9c56-c8e9c860a254}, {045ccbbe-e46b-4b44-9c56-c8e9c860a254}
04-26 06:02:23.090 I/Gecko   (   84): 1398517343106	Marionette	INFO	sendToClient: {"from":"0","value":"<div><img src=\"blob:0093b8a0-0bfd-4501-8300-7ef170443f1f\" style=\"visibility: visible;\" role=\"presentation\" height=\"64\" width=\"64\"><span class=\"labelWrapper mask\"><span>Alarm Sounds</span></span></div><span data-is-icon=\"true\" class=\"options\"></span>"}, {43c8be2d-f0fc-41eb-9d75-d93dac4ddd79}, {43c8be2d-f0fc-41eb-9d75-d93dac4ddd79}
04-26 06:02:23.100 I/Gecko   (   84): 1398517343116	Marionette	INFO	sendToClient: {"from":"0","value":"<div><img src=\"blob:244323c8-266c-497f-b104-f4f30ec1b498\" style=\"visibility: visible;\" role=\"presentation\" height=\"64\" width=\"64\"><span class=\"labelWrapper\"><span>Art</span></span></div><span data-is-icon=\"true\" class=\"options\"></span>"}, {f4bba93c-d1d0-47cb-9076-cd906ff1428a}, {f4bba93c-d1d0-47cb-9076-cd906ff1428a}
04-26 06:02:23.110 I/Gecko   (   84): 1398517343125	Marionette	INFO	sendToClient: {"from":"0","value":"<div><img src=\"blob:3ac0c341-91d5-4ea9-9591-2dcdb8543f8f\" style=\"visibility: visible;\" role=\"presentation\" height=\"64\" width=\"64\"><span class=\"labelWrapper\"><span>Marketplace</span></span></div><span data-is-icon=\"true\" class=\"options\"></span>"}, {6b25bf51-10fe-44a2-93e2-9a97de8f4df2}, {6b25bf51-10fe-44a2-93e2-9a97de8f4df2}
04-26 06:02:23.120 I/Gecko   (   84): 1398517343135	Marionette	INFO	sendToClient: {"from":"0","value":"<div><img src=\"blob:4dc5afce-1210-4678-97e1-1a4faa6b995a\" style=\"visibility: visible;\" role=\"presentation\" height=\"64\" width=\"64\"><span class=\"labelWrapper\"><span>VTCS 13</span></span></div><span data-is-icon=\"true\" class=\"options\"></span>"}, {b18a7ba9-b823-48ac-9b9f-b49def4b7f0e}, {b18a7ba9-b823-48ac-9b9f-b49def4b7f0e}
04-26 06:02:23.130 I/Gecko   (   84): 1398517343145	Marionette	INFO	sendToClient: {"from":"0","value":"<div><img src=\"blob:acd3e529-1824-48b5-a7bc-ff3d24443c19\" style=\"visibility: visible;\" role=\"presentation\" height=\"64\" width=\"64\"><span class=\"labelWrapper mask\"><span>inca-challenge</span></span></div><span data-is-icon=\"true\" class=\"options\"></span>"}, {bc0156ef-964d-4205-8429-9a4064586859}, {bc0156ef-964d-4205-8429-9a4064586859}
04-26 06:02:23.160 I/Gecko   (   84): 1398517343172	Marionette	INFO	sendToClient: {"from":"0","value":"<div><img src=\"blob:917750fc-9519-4b7e-be55-16f832569f66\" style=\"visibility: visible;\" role=\"presentation\" height=\"64\" width=\"64\"><span class=\"labelWrapper\"><span>KAYAK</span></span></div><span data-is-icon=\"true\" class=\"options\"></span>"}, {578056b6-0be8-4b8a-ac14-3eecb4d7237e}, {578056b6-0be8-4b8a-ac14-3eecb4d7237e}
04-26 06:02:23.170 I/Gecko   (   84): 1398517343182	Marionette	INFO	sendToClient: {"from":"0","value":"<div><img src=\"blob:c8eff547-bbb2-47cd-a912-9d4908943a9b\" style=\"visibility: visible;\" role=\"presentation\" height=\"64\" width=\"64\"><span class=\"labelWrapper mask\"><span>Real Headshot</span></span></div><span data-is-icon=\"true\" class=\"options\"></span>"}, {8f55a157-8f7c-45d0-934e-c5866808f0ec}, {8f55a157-8f7c-45d0-934e-c5866808f0ec}
04-26 06:02:23.180 I/Gecko   (   84): 1398517343192	Marionette	INFO	sendToClient: {"from":"0","value":"<div><img src=\"blob:823ea994-b719-4c21-897b-de2c59e6d65a\" style=\"visibility: visible;\" role=\"presentation\" height=\"64\" width=\"64\"><span class=\"labelWrapper mask\"><span>Orion Nebula</span></span></div><span data-is-icon=\"true\" class=\"options\"></span>"}, {2c01abfd-1f42-4ab5-bff8-74bd063f1320}, {2c01abfd-1f42-4ab5-bff8-74bd063f1320}
04-26 06:02:23.190 I/Gecko   (   84): 1398517343202	Marionette	INFO	sendToClient: {"from":"0","value":"<div><img src=\"blob:2821eaab-82e2-4bf7-810c-519773964ebb\" style=\"visibility: visible;\" role=\"presentation\" height=\"64\" width=\"64\"><span class=\"labelWrapper mask\"><span>Galinha Pintadinha</span></span></div><span data-is-icon=\"true\" class=\"options\"></span>"}, {c2825c0f-8e14-4a6f-a82b-bf2d80c7d855}, {c2825c0f-8e14-4a6f-a82b-bf2d80c7d855}
04-26 06:02:23.200 I/Gecko   (   84): 1398517343212	Marionette	INFO	sendToClient: {"from":"0","value":"<div><img src=\"blob:f8b0713a-82e4-4f86-83bf-bae41141d225\" style=\"visibility: visible;\" role=\"presentation\" height=\"64\" width=\"64\"><span class=\"labelWrapper mask\"><span>Octopus Blast: ink rush</span></span></div><span data-is-icon=\"true\" class=\"options\"></span>"}, {6db500ff-b782-43c6-98d5-d0a34b5176ab}, {6db500ff-b782-43c6-98d5-d0a34b5176ab}
04-26 06:02:23.210 I/Gecko   (   84): 1398517343222	Marionette	INFO	sendToClient: {"from":"0","value":"<div><img src=\"blob:9b5a5628-2e2c-4dab-a5b4-2dc82905f142\" style=\"visibility: visible;\" role=\"presentation\" height=\"64\" width=\"64\"><span class=\"labelWrapper mask\"><span>Skyrock.mobi</span></span></div><span data-is-icon=\"true\" class=\"options\"></span>"}, {37e1821c-c5d8-47b5-8f7d-7f1e4b854291}, {37e1821c-c5d8-47b5-8f7d-7f1e4b854291}
04-26 06:02:23.220 I/Gecko   (   84): 1398517343232	Marionette	INFO	sendToClient: {"from":"0","value":"<div><img src=\"blob:0b90410e-8311-4493-b5dd-634f2bce3793\" style=\"visibility: visible;\" role=\"presentation\" height=\"64\" width=\"64\"><span class=\"labelWrapper\"><span>RarEfeitos</span></span></div><span data-is-icon=\"true\" class=\"options\"></span>"}, {fe6d0a4e-5086-4bc3-ad09-1f5342683865}, {fe6d0a4e-5086-4bc3-ad09-1f5342683865}
04-26 06:02:23.230 I/Gecko   (   84): 1398517343244	Marionette	INFO	sendToClient: {"from":"0","value":"<div><img src=\"blob:3c9c9abd-a38f-4e7f-8844-faf4548b5245\" style=\"visibility: visible;\" role=\"presentation\" height=\"64\" width=\"64\"><span class=\"labelWrapper\"><span>Phone</span></span></div>"}, {3c458c2e-5550-445f-b085-45e748fc516f}, {3c458c2e-5550-445f-b085-45e748fc516f}
04-26 06:02:23.240 I/Gecko   (   84): 1398517343255	Marionette	INFO	sendToClient: {"from":"0","value":"<div><img src=\"blob:29010894-9a7c-4c47-af2e-47f88a530b7f\" style=\"visibility: visible;\" role=\"presentation\" height=\"64\" width=\"64\"><span class=\"labelWrapper\"><span>Messages</span></span></div>"}, {1a9c499f-d840-46d9-9d53-c7395cabb8e0}, {1a9c499f-d840-46d9-9d53-c7395cabb8e0}
04-26 06:02:23.250 I/Gecko   (   84): 1398517343268	Marionette	INFO	sendToClient: {"from":"0","value":"<div><img src=\"blob:1016d3fd-b7f8-47b2-ae68-d38f5b2c096a\" style=\"visibility: visible;\" role=\"presentation\" height=\"64\" width=\"64\"><span class=\"labelWrapper\"><span>Contacts</span></span></div>"}, {762f2955-ecd1-4098-85e7-225fee3b2fe1}, {762f2955-ecd1-4098-85e7-225fee3b2fe1}
04-26 06:02:23.260 I/Gecko   (   84): 1398517343278	Marionette	INFO	sendToClient: {"from":"0","value":"<div><img src=\"blob:0c76d1ed-9e05-4fb0-a031-3d9525461bce\" style=\"visibility: visible;\" role=\"presentation\" height=\"64\" width=\"64\"><span class=\"labelWrapper\"><span>Browser</span></span></div>"}, {005e4608-1a15-42c5-a45a-a51c8a0e5945}, {005e4608-1a15-42c5-a45a-a51c8a0e5945}
04-26 06:02:23.280 I/Gecko   (   84): 1398517343298	Marionette	INFO	sendToClient: {"from":"0","value":"app://homescreen.gaiamobile.org/index.html#root"}, {ab9f7008-7bea-4176-bd0b-8be8d97d4aaf}, {ab9f7008-7bea-4176-bd0b-8be8d97d4aaf}
04-26 06:02:23.290 I/Gecko   (   84): 1398517343304	Marionette	DEBUG	Got request: switchToFrame, data: {"to":"0","sessionId":"3-b2g","name":"switchToFrame","parameters":{"id":null,"focus":true}}, id: {c58b34f3-e62a-4159-a9b5-bc2cd9640271}
04-26 06:02:23.320 I/Gecko   (   84): 1398517343337	Marionette	INFO	Switched to frame: {"frameValue":null}
04-26 06:02:23.430 I/Gecko   (   84): 1398517343447	Marionette	INFO	sendToClient: {"from":"0","ok":true}, {c58b34f3-e62a-4159-a9b5-bc2cd9640271}, {c58b34f3-e62a-4159-a9b5-bc2cd9640271}
04-26 06:02:23.440 I/Gecko   (   84): 1398517343454	Marionette	DEBUG	Got request: switchToFrame, data: {"to":"0","sessionId":"3-b2g","name":"switchToFrame","parameters":{"id":null,"focus":true}}, id: {832982f9-5e06-4822-b82e-a9ae6cfdad04}
04-26 06:02:23.440 I/Gecko   (   84): 1398517343456	Marionette	INFO	Switched to frame: {"frameValue":null}
04-26 06:02:23.540 I/Gecko   (   84): 1398517343558	Marionette	INFO	sendToClient: {"from":"0","ok":true}, {832982f9-5e06-4822-b82e-a9ae6cfdad04}, {832982f9-5e06-4822-b82e-a9ae6cfdad04}
04-26 06:02:23.560 I/Gecko   (   84): 1398517343576	Marionette	DEBUG	Got request: executeWithCallback, data: {"to":"0","sessionId":"3-b2g","name":"executeAsyncScript","parameters":{"specialPowers":false,"scriptTimeout":30000,"newSandbox":true,"args":[],"filename":"app_checker.py","script":"GaiaApps.launchWithManifestURL('https://marketplace.firefox.com/app/ab08e534-b352-40ed-bca2-7c440cbbcbf9/manifest.webapp')","line":106}}, id: {a306cbb3-9e98-4714-bd9c-d4d373d41739}
04-26 06:02:24.310 I/Gonk    (   84): Setting nice for pid 3579 to 18
04-26 06:02:24.310 I/Gonk    (   84): Changed nice for pid 3579 from 18 to 18.
04-26 06:02:24.310 I/Gecko   (   84): [Parent 84] WARNING: waitpid failed pid:3579 errno:10: file ../../../gecko/ipc/chromium/src/base/process_util_posix.cc, line 254
04-26 06:02:24.350 I/Gonk    (   84): Setting nice for pid 3579 to 1
04-26 06:02:24.350 I/Gonk    (   84): Changed nice for pid 3579 from 18 to 1.
04-26 06:02:25.570 I/GonkMemoryPressure( 3579): Checking to see if memory pressure is over.
04-26 06:02:25.590 I/GonkMemoryPressure( 3579): Memory pressure is over.
04-26 06:02:26.930 E/GeckoConsole(   84): Content JS LOG at dummy file:334 in GaiaApps.launch: launching app with name 'RarEfeitos'
04-26 06:02:27.400 W/WifiHW  (   84): wifi_command: SIGNAL_POLL
04-26 06:02:27.420 D/Sensors (   84): activate handle=0; drv=0
04-26 06:02:27.420 D/Sensors (   84): Lis3dhSensor: Control set 1
04-26 06:02:27.420 D/Sensors (   84): Lis3dhSensor: mEnabled = 1
04-26 06:02:27.620 E/[Gralloc-ERROR](   84): int gralloc_register_buffer(const gralloc_module_t*, const native_handle_t*):79 Unable to register handle 0x4370c600 coming from different process: 84
04-26 06:02:27.630 E/[Gralloc-ERROR](   84): int gralloc_register_buffer(const gralloc_module_t*, const native_handle_t*):79 Unable to register handle 0x43752fb0 coming from different process: 84
04-26 06:02:27.700 E/[Gralloc-ERROR](   84): int gralloc_register_buffer(const gralloc_module_t*, const native_handle_t*):79 Unable to register handle 0x437ac100 coming from different process: 84
04-26 06:02:27.710 E/[Gralloc-ERROR](   84): int gralloc_register_buffer(const gralloc_module_t*, const native_handle_t*):79 Unable to register handle 0x437ac240 coming from different process: 84
04-26 06:02:28.080 I/Gonk    (   84): Setting nice for pid 3549 to 18
04-26 06:02:28.080 I/Gonk    (   84): Changed nice for pid 3549 from 1 to 18.
04-26 06:02:28.730 E/GeckoConsole( 3579): [JavaScript Warning: "Error in parsing value for 'overflow'.  Declaration dropped." {file: "app://{d2aaa319-5769-41a2-bd12-5d562ab1d0e2}/rarefeitos.css" line: 55 column: 11 source: "	overflow: hide;"}]
04-26 06:02:28.790 I/GonkMemoryPressure(   84): Checking to see if memory pressure is over.
04-26 06:02:28.790 I/GonkMemoryPressure(   84): Memory pressure is over.
04-26 06:02:29.190 I/Gecko   (   84): [Parent 84] WARNING: pipe error (184): Connection reset by peer: file ../../../gecko/ipc/chromium/src/chrome/common/ipc_channel_posix.cc, line 446
04-26 06:02:29.190 I/Gecko   (   84): 
04-26 06:02:29.190 I/Gecko   (   84): ###!!! [Parent][MessageChannel] Error: Channel error: cannot send/recv
04-26 06:02:29.190 I/Gecko   (   84): 
04-26 06:02:29.340 I/GeckoDump(   84): Crash reporter : Can't fetch app.reportCrashes. Exception: [Exception... "Component returned failure code: 0x8000ffff (NS_ERROR_UNEXPECTED) [nsIPrefBranch.getBoolPref]"  nsresult: "0x8000ffff (NS_ERROR_UNEXPECTED)"  location: "JS frame :: chrome://browser/content/shell.js :: shell_reportCrash :: line 7"  data: no]
04-26 06:02:29.360 I/Gecko   (   84): [Parent 84] WARNING: waitpid failed pid:3549 errno:10: file ../../../gecko/ipc/chromium/src/base/process_util_posix.cc, line 254
04-26 06:02:29.400 E/GeckoConsole( 3579): [JavaScript Warning: "Use of getAttributeNode() is deprecated. Use getAttribute() instead." {file: "app://{d2aaa319-5769-41a2-bd12-5d562ab1d0e2}/mootools-core-1.4.5-full-compat-yc.js" line: 343}]
04-26 06:02:29.460 I/Gonk    (   84): Setting nice for pid 3643 to 18
04-26 06:02:29.460 I/Gonk    (   84): Changed nice for pid 3643 from 0 to 18.
04-26 06:02:31.050 I/GonkMemoryPressure( 3579): Checking to see if memory pressure is over.
04-26 06:02:31.090 I/GonkMemoryPressure( 3579): Memory pressure is over.
04-26 06:02:31.360 I/Gecko   (   84): [Parent 84] WARNING: waitpid failed pid:3549 errno:10: file ../../../gecko/ipc/chromium/src/base/process_util_posix.cc, line 254
04-26 06:02:31.360 I/Gecko   (   84): [Parent 84] WARNING: Failed to deliver SIGKILL to 3549!(3).: file ../../../gecko/ipc/chromium/src/chrome/common/process_watcher_posix_sigchld.cc, line 118
04-26 06:02:32.420 W/WifiHW  (   84): wifi_command: SIGNAL_POLL
04-26 06:02:32.880 I/Gecko   ( 3643): ###################################### forms.js loaded
04-26 06:02:33.040 I/Gecko   ( 3643): ############################### browserElementPanning.js loaded
04-26 06:02:33.160 I/Gecko   ( 3643): ######################## BrowserElementChildPreload.js loaded
04-26 06:02:33.270 I/Gonk    (   84): Setting nice for pid 3643 to 18
04-26 06:02:33.270 I/Gonk    (   84): Changed nice for pid 3643 from 0 to 18.
04-26 06:02:33.270 I/Gecko   (   84): [Parent 84] WARNING: waitpid failed pid:3643 errno:10: file ../../../gecko/ipc/chromium/src/base/process_util_posix.cc, line 254
04-26 06:02:33.290 I/Gonk    (   84): Setting nice for pid 3643 to 1
04-26 06:02:33.290 I/Gonk    (   84): Changed nice for pid 3643 from 18 to 1.
04-26 06:02:33.300 I/Gonk    (   84): Setting nice for pid 3643 to 18
04-26 06:02:33.300 I/Gonk    (   84): Changed nice for pid 3643 from 1 to 18.
04-26 06:02:33.570 E/[Gralloc-ERROR](   84): int gralloc_unregister_buffer(const gralloc_module_t*, const native_handle_t*):274 Trying to unregister buffer 0x4370c600 from process 84 that was not created in current process: 84
04-26 06:02:33.570 E/GeckoConsole(   84): Content JS LOG at dummy file:326 in GaiaApps.launch/appOpen/<: app with origin 'app://{d2aaa319-5769-41a2-bd12-5d562ab1d0e2}' has launched
04-26 06:02:33.580 I/Gecko   (   84): 1398517353591	Marionette	INFO	sendToClient: {"from":"0","value":{"frame":{"ELEMENT":"{bbefe087-471a-4205-b6f0-28c01f0b6f42}"},"src":"app://{d2aaa319-5769-41a2-bd12-5d562ab1d0e2}/index.html","name":"RarEfeitos","origin":"app://{d2aaa319-5769-41a2-bd12-5d562ab1d0e2}"}}, {a306cbb3-9e98-4714-bd9c-d4d373d41739}, {a306cbb3-9e98-4714-bd9c-d4d373d41739}
04-26 06:02:33.610 E/[Gralloc-ERROR](   84): int gralloc_unregister_buffer(const gralloc_module_t*, const native_handle_t*):274 Trying to unregister buffer 0x43752fb0 from process 84 that was not created in current process: 84
04-26 06:02:33.610 E/[Gralloc-ERROR](   84): int gralloc_unregister_buffer(const gralloc_module_t*, const native_handle_t*):274 Trying to unregister buffer 0x437ac240 from process 84 that was not created in current process: 84
04-26 06:02:33.610 E/[Gralloc-ERROR](   84): int gralloc_unregister_buffer(const gralloc_module_t*, const native_handle_t*):274 Trying to unregister buffer 0x437ac100 from process 84 that was not created in current process: 84
