--------- beginning of /dev/log/main
04-27 13:49:03.575 I/Gecko   (   84): 1398631743587	Marionette	INFO	sendToClient: {"from":"0","ok":true}, {2fed27db-6b34-45ea-8126-745f9a457f33}, {2fed27db-6b34-45ea-8126-745f9a457f33}
04-27 13:49:03.635 I/Gecko   (   84): 1398631743644	Marionette	DEBUG	Got request: switchToFrame, data: {"to":"0","sessionId":"3-b2g","name":"switchToFrame","parameters":{"id":null,"focus":true}}, id: {dfac16bd-0dce-4b58-9878-bcbe00a19cc9}
04-27 13:49:03.655 I/Gecko   (   84): 1398631743666	Marionette	INFO	Switched to frame: {"frameValue":null}
04-27 13:49:03.755 E/GeckoConsole( 1691): Content JS ERROR at app://homescreen.gaiamobile.org/gaia_build_defer_index.js:390 in loadSVConfFileError: Failed parsing singleVariant configuration file [js/singlevariantconf.json]:  [Exception... "File error: Not found"  nsresult: "0x80520012 (NS_ERROR_FILE_NOT_FOUND)"  location: "JS frame :: app://homescreen.gaiamobile.org/gaia_build_defer_index.js :: loadFile :: line 382"  data: no]
04-27 13:49:03.765 I/Gecko   (   84): 1398631743774	Marionette	INFO	sendToClient: {"from":"0","ok":true}, {dfac16bd-0dce-4b58-9878-bcbe00a19cc9}, {dfac16bd-0dce-4b58-9878-bcbe00a19cc9}
04-27 13:49:03.765 I/Gecko   (   84): 1398631743779	Marionette	DEBUG	Got request: executeWithCallback, data: {"to":"0","sessionId":"3-b2g","name":"executeAsyncScript","parameters":{"specialPowers":false,"scriptTimeout":null,"newSandbox":true,"args":[],"filename":"gaia_test.py","script":"return GaiaApps.displayedApp();","line":66}}, id: {b34b90d1-de1d-4171-bb8a-cfbc7bdb12f5}
04-27 13:49:03.865 I/Gecko   (   84): 1398631743874	Marionette	INFO	sendToClient: {"from":"0","value":{"frame":{"ELEMENT":"{f0c0784c-1322-4006-af41-aea27550414e}"},"src":"app://homescreen.gaiamobile.org/index.html#root","name":"Homescreen","origin":"app://homescreen.gaiamobile.org"}}, {b34b90d1-de1d-4171-bb8a-cfbc7bdb12f5}, {b34b90d1-de1d-4171-bb8a-cfbc7bdb12f5}
04-27 13:49:03.865 E/GeckoConsole(   84): Content JS LOG at dummy file:392 in GaiaApps.displayedApp: app with origin 'app://homescreen.gaiamobile.org' is displayed
04-27 13:49:03.875 I/Gecko   (   84): 1398631743884	Marionette	DEBUG	Got request: switchToFrame, data: {"to":"0","sessionId":"3-b2g","name":"switchToFrame","parameters":{"id":null,"focus":true}}, id: {11366e85-749e-4980-b2c0-6a86e39d60a6}
04-27 13:49:03.875 I/Gecko   (   84): 1398631743886	Marionette	INFO	Switched to frame: {"frameValue":null}
04-27 13:49:04.005 I/Gecko   (   84): 1398631744014	Marionette	INFO	sendToClient: {"from":"0","ok":true}, {11366e85-749e-4980-b2c0-6a86e39d60a6}, {11366e85-749e-4980-b2c0-6a86e39d60a6}
04-27 13:49:04.085 I/Gecko   (   84): 1398631744093	Marionette	DEBUG	Got request: switchToFrame, data: {"to":"0","sessionId":"3-b2g","name":"switchToFrame","parameters":{"id":null,"focus":true}}, id: {84d5c5b7-86c0-4039-ab81-79d529ae9e13}
04-27 13:49:04.085 I/Gecko   (   84): 1398631744095	Marionette	INFO	Switched to frame: {"frameValue":null}
04-27 13:49:04.185 I/Gecko   (   84): 1398631744198	Marionette	INFO	sendToClient: {"from":"0","ok":true}, {84d5c5b7-86c0-4039-ab81-79d529ae9e13}, {84d5c5b7-86c0-4039-ab81-79d529ae9e13}
04-27 13:49:04.195 I/Gecko   (   84): 1398631744204	Marionette	DEBUG	Got request: executeWithCallback, data: {"to":"0","sessionId":"3-b2g","name":"executeAsyncScript","parameters":{"specialPowers":false,"scriptTimeout":null,"newSandbox":true,"args":[],"filename":"gaia_test.py","script":"return GaiaApps.displayedApp();","line":66}}, id: {313ee3bf-451b-4762-91dc-5d30b294a02d}
04-27 13:49:04.285 E/GeckoConsole(   84): Content JS LOG at dummy file:392 in GaiaApps.displayedApp: app with origin 'app://homescreen.gaiamobile.org' is displayed
04-27 13:49:04.285 I/Gecko   (   84): 1398631744295	Marionette	INFO	sendToClient: {"from":"0","value":{"frame":{"ELEMENT":"{f0c0784c-1322-4006-af41-aea27550414e}"},"src":"app://homescreen.gaiamobile.org/index.html#root","name":"Homescreen","origin":"app://homescreen.gaiamobile.org"}}, {313ee3bf-451b-4762-91dc-5d30b294a02d}, {313ee3bf-451b-4762-91dc-5d30b294a02d}
04-27 13:49:04.305 I/Gecko   (   84): 1398631744317	Marionette	DEBUG	Got request: switchToFrame, data: {"to":"0","sessionId":"3-b2g","name":"switchToFrame","parameters":{"focus":true,"element":"{f0c0784c-1322-4006-af41-aea27550414e}"}}, id: {ecb8a516-6fda-4ef3-9f07-eea5bbd1ef29}
04-27 13:49:04.335 I/Gecko   (   84): 1398631744344	Marionette	INFO	Switched to frame: {"frameValue":"{f0c0784c-1322-4006-af41-aea27550414e}"}
04-27 13:49:04.335 I/Gecko   (   84): 1398631744351	Marionette	INFO	trying remote frame 0
04-27 13:49:04.345 I/Gecko   (   84): 1398631744353	Marionette	INFO	trying remote frame 1
04-27 13:49:04.345 I/Gecko   (   84): 1398631744354	Marionette	INFO	deleting frame
04-27 13:49:04.355 I/Gecko   (   84): 1398631744363	Marionette	INFO	frame-manager load script: [object ChromeMessageSender]
04-27 13:49:04.455 W/WifiHW  (   84): wifi_command: SIGNAL_POLL
04-27 13:49:04.815 I/Gecko   (   84): 1398631744831	Marionette	INFO	sendToClient: {"from":"0","ok":true}, {ecb8a516-6fda-4ef3-9f07-eea5bbd1ef29}, {ecb8a516-6fda-4ef3-9f07-eea5bbd1ef29}
04-27 13:49:04.925 I/Gecko   (   84): 1398631744934	Marionette	INFO	sendToClient: {"from":"0","value":{"ELEMENT":"{2b967b2c-012b-4680-a3e5-326bffd837cc}"}}, {1b17cdc0-c06b-459b-959f-1b95b7ec308e}, {1b17cdc0-c06b-459b-959f-1b95b7ec308e}
04-27 13:49:05.195 E/GeckoConsole( 1691): [JavaScript Warning: "Use of getAttributeNode() is deprecated. Use getAttribute() instead." {file: "chrome://marionette/content/atoms.js" line: 25}]
04-27 13:49:05.205 E/GeckoConsole( 1691): [JavaScript Warning: "Use of attributes' specified attribute is deprecated. It always returns true." {file: "chrome://marionette/content/atoms.js" line: 25}]
04-27 13:49:05.205 I/Gecko   (   84): 1398631745215	Marionette	INFO	sendToClient: {"from":"0","value":"normal"}, {4e8de468-0518-4fac-aca2-fe11bc2a1cb5}, {4e8de468-0518-4fac-aca2-fe11bc2a1cb5}
04-27 13:49:05.205 I/Gecko   (   84): 1398631745221	Marionette	DEBUG	Got request: switchToFrame, data: {"to":"0","sessionId":"3-b2g","name":"switchToFrame","parameters":{"id":null,"focus":true}}, id: {7333f8bb-8c2e-45cd-a63b-9e90eb668b6c}
04-27 13:49:05.225 I/Gecko   (   84): 1398631745233	Marionette	INFO	Switched to frame: {"frameValue":null}
04-27 13:49:05.325 I/Gecko   (   84): 1398631745336	Marionette	INFO	sendToClient: {"from":"0","ok":true}, {7333f8bb-8c2e-45cd-a63b-9e90eb668b6c}, {7333f8bb-8c2e-45cd-a63b-9e90eb668b6c}
04-27 13:49:05.325 I/Gecko   (   84): 1398631745342	Marionette	DEBUG	Got request: execute, data: {"to":"0","sessionId":"3-b2g","name":"executeScript","parameters":{"specialPowers":false,"scriptTimeout":null,"newSandbox":true,"args":[],"filename":"gaia_test.py","script":"window.wrappedJSObject.dispatchEvent(new Event('home'));","line":788}}, id: {349c440a-758d-4ac7-8a79-1080ddad9dab}
04-27 13:49:05.385 I/Gecko   (   84): 1398631745396	Marionette	INFO	sendToClient: {"from":"0","value":null}, {349c440a-758d-4ac7-8a79-1080ddad9dab}, {349c440a-758d-4ac7-8a79-1080ddad9dab}
04-27 13:49:05.395 I/Gecko   (   84): 1398631745406	Marionette	DEBUG	Got request: switchToFrame, data: {"to":"0","sessionId":"3-b2g","name":"switchToFrame","parameters":{"id":null,"focus":true}}, id: {6dec7409-aa16-45e3-ba8e-43316d327bf0}
04-27 13:49:05.395 I/Gecko   (   84): 1398631745408	Marionette	INFO	Switched to frame: {"frameValue":null}
04-27 13:49:05.495 I/Gecko   (   84): 1398631745511	Marionette	INFO	sendToClient: {"from":"0","ok":true}, {6dec7409-aa16-45e3-ba8e-43316d327bf0}, {6dec7409-aa16-45e3-ba8e-43316d327bf0}
04-27 13:49:05.835 I/Gecko   (   84): 1398631745844	Marionette	DEBUG	Got request: switchToFrame, data: {"to":"0","sessionId":"3-b2g","name":"switchToFrame","parameters":{"id":null,"focus":true}}, id: {b8b216e4-cb88-47bb-befd-a2722f71a003}
04-27 13:49:05.855 I/Gecko   (   84): 1398631745865	Marionette	INFO	Switched to frame: {"frameValue":null}
04-27 13:49:05.975 I/Gecko   (   84): 1398631745985	Marionette	INFO	sendToClient: {"from":"0","ok":true}, {b8b216e4-cb88-47bb-befd-a2722f71a003}, {b8b216e4-cb88-47bb-befd-a2722f71a003}
04-27 13:49:06.005 I/Gecko   (   84): 1398631746019	Marionette	DEBUG	Got request: executeWithCallback, data: {"to":"0","sessionId":"3-b2g","name":"executeAsyncScript","parameters":{"specialPowers":false,"scriptTimeout":null,"newSandbox":true,"args":[],"filename":"gaia_test.py","script":"return GaiaApps.displayedApp();","line":66}}, id: {87f70112-78a7-4e17-b6e4-e593a7d5deef}
04-27 13:49:06.075 E/GeckoConsole(   84): Content JS LOG at dummy file:392 in GaiaApps.displayedApp: app with origin 'app://homescreen.gaiamobile.org' is displayed
04-27 13:49:06.075 I/Gecko   (   84): 1398631746084	Marionette	INFO	sendToClient: {"from":"0","value":{"frame":{"ELEMENT":"{f0c0784c-1322-4006-af41-aea27550414e}"},"src":"app://homescreen.gaiamobile.org/index.html#rootSun%20Apr%2027%202014%2013:49:05%20GMT-0700%20(UTC)","name":"Homescreen","origin":"app://homescreen.gaiamobile.org"}}, {87f70112-78a7-4e17-b6e4-e593a7d5deef}, {87f70112-78a7-4e17-b6e4-e593a7d5deef}
04-27 13:49:06.075 I/Gecko   (   84): 1398631746090	Marionette	DEBUG	Got request: switchToFrame, data: {"to":"0","sessionId":"3-b2g","name":"switchToFrame","parameters":{"focus":true,"element":"{f0c0784c-1322-4006-af41-aea27550414e}"}}, id: {c613ef02-6607-4e51-96b5-94086a057802}
04-27 13:49:06.085 I/Gecko   (   84): 1398631746097	Marionette	INFO	Switched to frame: {"frameValue":"{f0c0784c-1322-4006-af41-aea27550414e}"}
04-27 13:49:06.095 I/Gecko   (   84): 1398631746104	Marionette	INFO	trying remote frame 0
04-27 13:49:06.095 I/Gecko   (   84): 1398631746105	Marionette	INFO	trying remote frame 1
04-27 13:49:06.775 I/Gecko   (   84): 1398631746789	Marionette	INFO	sendToClient: {"from":"0","ok":true}, {c613ef02-6607-4e51-96b5-94086a057802}, {c613ef02-6607-4e51-96b5-94086a057802}
04-27 13:49:06.795 I/Gecko   (   84): 1398631746806	Marionette	DEBUG	Got request: execute, data: {"to":"0","sessionId":"3-b2g","name":"executeScript","parameters":{"specialPowers":false,"scriptTimeout":null,"newSandbox":true,"args":[],"filename":"gaia_test.py","script":"return window.wrappedJSObject.GridManager.pageHelper.getCurrentPageNumber();","line":784}}, id: {39238c8e-95c7-492f-891c-02c5229f5f43}
04-27 13:49:06.825 V/AudioPolicyManagerBase(   89): startOutput() output 1, stream 1, session 4
04-27 13:49:06.825 V/AudioPolicyManagerBase(   89): changeRefCount() stream 1, count 1
04-27 13:49:06.825 V/AudioPolicyManagerBase(   89): getDeviceForStrategy() from cache strategy 0, device 2
04-27 13:49:06.825 V/AudioPolicyManagerBase(   89): getNewDevice() selected device 2
04-27 13:49:06.825 D/AudioPolicyManagerBase(   89): setOutputDevice() output 1 device 2 delayMs 0
04-27 13:49:06.825 V/AudioPolicyManagerBase(   89): setOutputDevice() setting same device 2 or null device for output 1
04-27 13:49:06.825 E/AudioPolicyManagerBase(   89): checkAndSetVolume stream=1, index=0, output=1, device=2
04-27 13:49:06.825 E/AudioPolicyManagerBase(   89): computeVolume, streamDesc=0x13e3bb8
04-27 13:49:06.865 W/AudioFlinger(   89): Thread AudioOut_1 cannot connect to the power manager service
04-27 13:49:06.865 V/AudioPolicyManagerBase(   89): stopOutput() output 1, stream 1, session 4
04-27 13:49:06.865 V/AudioPolicyManagerBase(   89): changeRefCount() stream 1, count 0
04-27 13:49:06.865 V/AudioPolicyManagerBase(   89): getNewDevice() selected device 0
04-27 13:49:06.865 D/AudioPolicyManagerBase(   89): setOutputDevice() output 1 device 0 delayMs 290
04-27 13:49:06.865 V/AudioPolicyManagerBase(   89): setOutputDevice() setting same device 0 or null device for output 1
04-27 13:49:06.875 V/AudioPolicyManagerBase(   89): startOutput() output 1, stream 1, session 4
04-27 13:49:06.875 V/AudioPolicyManagerBase(   89): changeRefCount() stream 1, count 1
04-27 13:49:06.875 V/AudioPolicyManagerBase(   89): getDeviceForStrategy() from cache strategy 0, device 2
04-27 13:49:06.875 V/AudioPolicyManagerBase(   89): getNewDevice() selected device 2
04-27 13:49:06.875 D/AudioPolicyManagerBase(   89): setOutputDevice() output 1 device 2 delayMs 0
04-27 13:49:06.875 V/AudioPolicyManagerBase(   89): setOutputDevice() setting same device 2 or null device for output 1
04-27 13:49:06.875 E/AudioPolicyManagerBase(   89): checkAndSetVolume stream=1, index=0, output=1, device=2
04-27 13:49:06.875 E/AudioPolicyManagerBase(   89): computeVolume, streamDesc=0x13e3bb8
04-27 13:49:06.875 V/AudioPolicyManagerBase(   89): stopOutput() output 1, stream 1, session 4
04-27 13:49:06.875 V/AudioPolicyManagerBase(   89): changeRefCount() stream 1, count 0
04-27 13:49:06.875 V/AudioPolicyManagerBase(   89): getNewDevice() selected device 0
04-27 13:49:06.875 D/AudioPolicyManagerBase(   89): setOutputDevice() output 1 device 0 delayMs 290
04-27 13:49:06.875 V/AudioPolicyManagerBase(   89): setOutputDevice() setting same device 0 or null device for output 1
04-27 13:49:06.895 V/AudioPolicyManagerBase(   89): releaseOutput() 1
04-27 13:49:07.145 I/Gecko   (   84): 1398631747158	Marionette	INFO	sendToClient: {"from":"0","value":0}, {39238c8e-95c7-492f-891c-02c5229f5f43}, {39238c8e-95c7-492f-891c-02c5229f5f43}
04-27 13:49:07.315 I/Gecko   (   84): 1398631747330	Marionette	INFO	sendToClient: {"from":"0","value":["{6ca3e59b-118c-4895-9465-16ad75c64c7f}","{78b1dad1-d43d-4927-bb26-90705db0cf65}","{c5945855-1321-42eb-8916-8bc9e641c050}","{cf5c4a30-4f92-4be7-bdfc-ed2e819a948c}","{e96591be-92be-4ddb-b9c8-b7a1003092d0}","{6a10007e-eab9-49f7-a3ea-a13ccfd6e18f}","{30462de2-9323-4530-b4d9-6aa9d9c60347}","{5ed96678-d4bb-4c1b-94ed-5a2b9acf908a}","{4e21717f-9836-471b-9769-6ba14dbf73aa}","{b1532299-240b-4dac-af80-3541388299a7}","{c8a6fa2a-5391-4b05-b862-03c17afd5c1e}","{99b57eef-cc76-482e-a19a-dd9d44f7203f}","{14ae881d-62c1-4607-9928-3967565516e1}","{0fecfc7a-c15a-4e0b-b932-627e494d044e}","{31e9b36d-1add-4642-b584-5d1cfa919810}","{2f64974a-26f8-40a5-8c60-ab7d419b655a}","{f7952bab-7cb9-49ca-ab0d-7808b72cac95}","{b8d634dd-54c3-47c4-a1fc-5e6175923bb2}","{6b5d0581-fffb-4b44-af97-e3064a8e75f9}","{9b7c1c89-435d-4377-b848-619a8f51424e}","{2646c8f4-2633-4981-b49a-9b9b385ae0af}","{1102b7bf-b88e-4d62-88c1-b30849e9ea33}","{8ea2259b-0188-4ec9-b520-fbc61d91ed28}","{fa919e06-5084
04-27 13:49:07.465 I/Gecko   (   84): 1398631747476	Marionette	INFO	sendToClient: {"from":"0","value":"app://homescreen.gaiamobile.org/index.html#rootSun%20Apr%2027%202014%2013:49:05%20GMT-0700%20(UTC)"}, {fd4263c5-3756-4d00-8f74-3db3a76be2be}, {fd4263c5-3756-4d00-8f74-3db3a76be2be}
04-27 13:49:07.495 I/Gecko   (   84): 1398631747510	Marionette	DEBUG	Got request: switchToFrame, data: {"to":"0","sessionId":"3-b2g","name":"switchToFrame","parameters":{"id":null,"focus":true}}, id: {d5830e70-2dc1-40d5-a750-99906e03e102}
04-27 13:49:07.515 I/Gecko   (   84): 1398631747527	Marionette	INFO	Switched to frame: {"frameValue":null}
04-27 13:49:07.625 I/Gecko   (   84): 1398631747635	Marionette	INFO	sendToClient: {"from":"0","ok":true}, {d5830e70-2dc1-40d5-a750-99906e03e102}, {d5830e70-2dc1-40d5-a750-99906e03e102}
04-27 13:49:07.655 I/Gecko   (   84): 1398631747670	Marionette	DEBUG	Got request: switchToFrame, data: {"to":"0","sessionId":"3-b2g","name":"switchToFrame","parameters":{"id":null,"focus":true}}, id: {e80c7ead-ef96-4f65-aca2-a57e7c7a83cc}
04-27 13:49:07.665 I/Gecko   (   84): 1398631747676	Marionette	INFO	Switched to frame: {"frameValue":null}
04-27 13:49:07.775 I/Gecko   (   84): 1398631747786	Marionette	INFO	sendToClient: {"from":"0","ok":true}, {e80c7ead-ef96-4f65-aca2-a57e7c7a83cc}, {e80c7ead-ef96-4f65-aca2-a57e7c7a83cc}
04-27 13:49:07.795 I/Gecko   (   84): 1398631747806	Marionette	DEBUG	Got request: executeWithCallback, data: {"to":"0","sessionId":"3-b2g","name":"executeAsyncScript","parameters":{"specialPowers":false,"scriptTimeout":30000,"newSandbox":true,"args":[],"filename":"app_checker.py","script":"GaiaApps.launchWithManifestURL('https://marketplace.firefox.com/app/5c44520c-f828-4017-b933-370eabbb6d4e/manifest.webapp')","line":106}}, id: {924ee4b3-7e2f-4ac0-937e-7f9bc91fe734}
04-27 13:49:07.905 I/Gonk    (   84): Setting nice for pid 1704 to 18
04-27 13:49:07.905 I/Gonk    (   84): Changed nice for pid 1704 from 18 to 18.
04-27 13:49:07.905 I/Gecko   (   84): [Parent 84] WARNING: waitpid failed pid:1704 errno:10: file ../../../gecko/ipc/chromium/src/base/process_util_posix.cc, line 254
04-27 13:49:07.925 I/Gonk    (   84): Setting nice for pid 1704 to 1
04-27 13:49:07.925 I/Gonk    (   84): Changed nice for pid 1704 from 18 to 1.
04-27 13:49:07.955 E/GeckoConsole(   84): Content JS LOG at dummy file:334 in GaiaApps.launch: launching app with name 'Medidor de Resistencias'
04-27 13:49:08.175 E/[Gralloc-ERROR](   84): int gralloc_register_buffer(const gralloc_module_t*, const native_handle_t*):79 Unable to register handle 0x45fc8a10 coming from different process: 84
04-27 13:49:08.175 E/[Gralloc-ERROR](   84): int gralloc_register_buffer(const gralloc_module_t*, const native_handle_t*):79 Unable to register handle 0x45fc8ab0 coming from different process: 84
04-27 13:49:08.285 D/Sensors (   84): activate handle=0; drv=0
04-27 13:49:08.295 D/Sensors (   84): Lis3dhSensor: Control set 1
04-27 13:49:08.295 D/Sensors (   84): Lis3dhSensor: mEnabled = 1
04-27 13:49:08.415 I/Gonk    (   84): Setting nice for pid 1691 to 18
04-27 13:49:08.425 I/Gonk    (   84): Changed nice for pid 1691 from 1 to 18.
04-27 13:49:09.145 I/Gonk    (   84): Setting nice for pid 1799 to 18
04-27 13:49:09.145 I/Gonk    (   84): Changed nice for pid 1799 from 0 to 18.
04-27 13:49:09.535 W/WifiHW  (   84): wifi_command: SIGNAL_POLL
04-27 13:49:10.065 I/Gecko   ( 1704): ###################################### forms.js loaded
04-27 13:49:10.085 I/Gecko   ( 1704): ############################### browserElementPanning.js loaded
04-27 13:49:10.105 I/Gecko   ( 1704): ######################## BrowserElementChildPreload.js loaded
04-27 13:49:10.435 I/Gecko   (   84): [Parent 84] WARNING: pipe error (99): Connection reset by peer: file ../../../gecko/ipc/chromium/src/chrome/common/ipc_channel_posix.cc, line 446
04-27 13:49:10.655 I/Gecko   (   84): 
04-27 13:49:10.655 I/Gecko   (   84): ###!!! [Parent][MessageChannel] Error: Channel error: cannot send/recv
04-27 13:49:10.655 I/Gecko   (   84): 
04-27 13:49:10.675 I/GeckoDump(   84): Crash reporter : Can't fetch app.reportCrashes. Exception: [Exception... "Component returned failure code: 0x8000ffff (NS_ERROR_UNEXPECTED) [nsIPrefBranch.getBoolPref]"  nsresult: "0x8000ffff (NS_ERROR_UNEXPECTED)"  location: "JS frame :: chrome://browser/content/shell.js :: shell_reportCrash :: line 7"  data: no]
04-27 13:49:10.685 I/Gecko   (   84): [Parent 84] WARNING: waitpid failed pid:1691 errno:10: file ../../../gecko/ipc/chromium/src/base/process_util_posix.cc, line 254
04-27 13:49:11.495 E/GeckoConsole( 1704): [JavaScript Warning: "The character encoding of a framed document was not declared. The document may appear different if viewed without the document framing it." {file: "app://{31ef300b-ae26-401e-97de-d57b40f611c9}/edge_includes/jquery-1.7.1.min.js" line: 0}]
04-27 13:49:11.495 E/GeckoConsole( 1704): [JavaScript Warning: "The character encoding of a framed document was not declared. The document may appear different if viewed without the document framing it." {file: "app://{31ef300b-ae26-401e-97de-d57b40f611c9}/edge_includes/edge.2.0.0.min.js" line: 0}]
04-27 13:49:11.505 E/GeckoConsole( 1704): [JavaScript Warning: "The character encoding of a framed document was not declared. The document may appear different if viewed without the document framing it." {file: "app://{31ef300b-ae26-401e-97de-d57b40f611c9}/index_edge.js" line: 0}]
04-27 13:49:11.525 E/GeckoConsole( 1704): [JavaScript Warning: "The character encoding of a framed document was not declared. The document may appear different if viewed without the document framing it." {file: "app://{31ef300b-ae26-401e-97de-d57b40f611c9}/index_edgeActions.js" line: 0}]
04-27 13:49:11.715 I/Gonk    (   84): Setting nice for pid 1799 to 18
04-27 13:49:11.715 I/Gonk    (   84): Changed nice for pid 1799 from 18 to 18.
04-27 13:49:11.725 I/Gecko   (   84): [Parent 84] WARNING: waitpid failed pid:1799 errno:10: file ../../../gecko/ipc/chromium/src/base/process_util_posix.cc, line 254
04-27 13:49:11.755 I/Gonk    (   84): Setting nice for pid 1799 to 1
04-27 13:49:11.755 I/Gonk    (   84): Changed nice for pid 1799 from 18 to 1.
04-27 13:49:11.785 I/Gonk    (   84): Setting nice for pid 1799 to 18
04-27 13:49:11.785 I/Gonk    (   84): Changed nice for pid 1799 from 1 to 18.
04-27 13:49:12.405 I/Gecko   (   84): [Parent 84] WARNING: pipe error (139): Connection reset by peer: file ../../../gecko/ipc/chromium/src/chrome/common/ipc_channel_posix.cc, line 446
04-27 13:49:12.435 I/Gecko   (   84): 
04-27 13:49:12.435 I/Gecko   (   84): ###!!! [Parent][MessageChannel] Error: Channel error: cannot send/recv
04-27 13:49:12.435 I/Gecko   (   84): 
04-27 13:49:12.435 I/Gecko   (   84): [Parent 84] WARNING: FileDescriptorSet destroyed with unconsumed descriptors: file ../../../gecko/ipc/chromium/src/chrome/common/file_descriptor_set_posix.cc, line 20
04-27 13:49:12.455 E/GeckoConsole(   84): Content JS LOG at dummy file:326 in GaiaApps.launch/appOpen/<: app with origin 'app://{31ef300b-ae26-401e-97de-d57b40f611c9}' has launched
04-27 13:49:12.465 I/Gecko   (   84): 1398631752472	Marionette	INFO	sendToClient: {"from":"0","value":{"frame":{"ELEMENT":"{a57e7eab-a4c1-45c1-a069-459a3800f02b}"},"src":"app://{31ef300b-ae26-401e-97de-d57b40f611c9}/index.html","name":"Medidor de Resistencias","origin":"app://{31ef300b-ae26-401e-97de-d57b40f611c9}"}}, {924ee4b3-7e2f-4ac0-937e-7f9bc91fe734}, {924ee4b3-7e2f-4ac0-937e-7f9bc91fe734}
04-27 13:49:12.675 I/Gecko   (   84): 
04-27 13:49:12.675 I/Gecko   (   84): ###!!! [Parent][MessageChannel] Error: Channel error: cannot send/recv
04-27 13:49:12.675 I/Gecko   (   84): 
04-27 13:49:12.685 I/Gecko   (   84): [Parent 84] WARNING: waitpid failed pid:1691 errno:10: file ../../../gecko/ipc/chromium/src/base/process_util_posix.cc, line 254
04-27 13:49:12.685 I/Gecko   (   84): [Parent 84] WARNING: Failed to deliver SIGKILL to 1691!(3).: file ../../../gecko/ipc/chromium/src/chrome/common/process_watcher_posix_sigchld.cc, line 118
04-27 13:49:12.695 I/GeckoDump(   84): Crash reporter : Can't fetch app.reportCrashes. Exception: [Exception... "Component returned failure code: 0x8000ffff (NS_ERROR_UNEXPECTED) [nsIPrefBranch.getBoolPref]"  nsresult: "0x8000ffff (NS_ERROR_UNEXPECTED)"  location: "JS frame :: chrome://browser/content/shell.js :: shell_reportCrash :: line 7"  data: no]
04-27 13:49:12.705 E/[Gralloc-ERROR](   84): int gralloc_unregister_buffer(const gralloc_module_t*, const native_handle_t*):274 Trying to unregister buffer 0x45fc8ab0 from process 84 that was not created in current process: 84
04-27 13:49:12.725 E/[Gralloc-ERROR](   84): int gralloc_unregister_buffer(const gralloc_module_t*, const native_handle_t*):274 Trying to unregister buffer 0x45fc8a10 from process 84 that was not created in current process: 84
04-27 13:49:12.735 I/Gecko   (   84): [Parent 84] WARNING: waitpid failed pid:1799 errno:10: file ../../../gecko/ipc/chromium/src/base/process_util_posix.cc, line 254
04-27 13:49:12.735 I/Gecko   (   84): 1398631752746	Marionette	DEBUG	Got request: switchToFrame, data: {"to":"0","sessionId":"3-b2g","name":"switchToFrame","parameters":{"focus":true,"element":"{a57e7eab-a4c1-45c1-a069-459a3800f02b}"}}, id: {edf700b9-d7b1-41f3-bc25-2153a6a0f707}
04-27 13:49:12.765 I/Gecko   (   84): 1398631752776	Marionette	INFO	Switched to frame: {"frameValue":"{a57e7eab-a4c1-45c1-a069-459a3800f02b}"}
04-27 13:49:12.765 I/Gecko   (   84): 1398631752778	Marionette	INFO	trying remote frame 0
04-27 13:49:12.765 I/Gecko   (   84): 1398631752779	Marionette	INFO	trying remote frame 1
04-27 13:49:12.765 I/Gecko   (   84): 1398631752780	Marionette	INFO	deleting frame
04-27 13:49:12.775 I/Gecko   (   84): 1398631752790	Marionette	INFO	frame-manager load script: [object ChromeMessageSender]
04-27 13:49:13.355 I/Gecko   (   84): 1398631753370	Marionette	INFO	sendToClient: {"from":"0","ok":true}, {edf700b9-d7b1-41f3-bc25-2153a6a0f707}, {edf700b9-d7b1-41f3-bc25-2153a6a0f707}
04-27 13:49:13.445 I/Gecko   (   84): 1398631753456	Marionette	INFO	sendToClient: {"from":"0","value":"app://{31ef300b-ae26-401e-97de-d57b40f611c9}/index.html"}, {dd208245-6c28-4775-bfc0-64bc35125cd7}, {dd208245-6c28-4775-bfc0-64bc35125cd7}
04-27 13:49:13.455 I/Gecko   (   84): 1398631753462	Marionette	DEBUG	Got request: execute, data: {"to":"0","sessionId":"3-b2g","name":"executeScript","parameters":{"specialPowers":false,"scriptTimeout":null,"newSandbox":true,"args":[],"filename":"app_checker.py","script":"return window.document.readyState;","line":191}}, id: {31292b35-907a-4005-b3f9-3b9dc8240383}
04-27 13:49:13.525 I/Gecko   (   84): 1398631753539	Marionette	INFO	sendToClient: {"from":"0","value":"complete"}, {31292b35-907a-4005-b3f9-3b9dc8240383}, {31292b35-907a-4005-b3f9-3b9dc8240383}
04-27 13:49:13.645 I/Gecko   (   84): 1398631753655	Marionette	INFO	sendToClient: {"from":"0","value":"app://{31ef300b-ae26-401e-97de-d57b40f611c9}/index.html"}, {8761d14d-02e4-4520-a622-4e7be5611f36}, {8761d14d-02e4-4520-a622-4e7be5611f36}
04-27 13:49:13.655 I/Gecko   ( 1704): Attempting load of libEGL.so
04-27 13:49:13.735 D/libEGL  ( 1704): loaded /system/lib/egl/libEGL_mali.so
04-27 13:49:13.765 D/libEGL  ( 1704): loaded /system/lib/egl/libGLESv1_CM_mali.so
04-27 13:49:13.775 D/libEGL  ( 1704): loaded /system/lib/egl/libGLESv2_mali.so
04-27 13:49:13.825 I/Gecko   ( 1704): SharedSurface_Gralloc::Create -------
04-27 13:49:13.865 I/Gecko   ( 1704): SharedSurface_Gralloc::Create: success -- surface 0x4328a3c0, GraphicBuffer 0x4424a080.
04-27 13:49:14.735 I/Gecko   (   84): [Parent 84] WARNING: waitpid failed pid:1799 errno:10: file ../../../gecko/ipc/chromium/src/base/process_util_posix.cc, line 254
04-27 13:49:14.735 I/Gecko   (   84): [Parent 84] WARNING: Failed to deliver SIGKILL to 1799!(3).: file ../../../gecko/ipc/chromium/src/chrome/common/process_watcher_posix_sigchld.cc, line 118
04-27 13:49:14.735 W/WifiHW  (   84): wifi_command: SIGNAL_POLL
04-27 13:49:14.915 I/Gecko   (   84): 1398631754926	Marionette	INFO	sendToClient: {"from":"0","value":"iVBORw0KGgoAAAANSUhEUgAAAUAAAAHgCAYAAADUjLREAAAGMUlEQVR4nO3UMQEAAAiAMPuX1hgebAm4mAWImu8AgC8GCGQZIJBlgECWAQJZBghkGSCQZYBAlgECWQYIZBkgkGWAQJYBAlkGCGQZIJBlgECWAQJZBghkGSCQZYBAlgECWQYIZBkgkGWAQJYBAlkGCGQZIJBlgECWAQJZBghkGSCQZYBAlgECWQYIZBkgkGWAQJYBAlkGCGQZIJBlgECWAQJZBghkGSCQZYBAlgECWQYIZBkgkGWAQJYBAlkGCGQZIJBlgECWAQJZBghkGSCQZYBAlgECWQYIZBkgkGWAQJYBAlkGCGQZIJBlgECWAQJZBghkGSCQZYBAlgECWQYIZBkgkGWAQJYBAlkGCGQZIJBlgECWAQJZBghkGSCQZYBAlgECWQYIZBkgkGWAQJYBAlkGCGQZIJBlgECWAQJZBghkGSCQZYBAlgECWQYIZBkgkGWAQJYBAlkGCGQZIJBlgECWAQJZBghkGSCQZYBAlgECWQYIZBkgkGWAQJYBAlkGCGQZIJBlgECWAQJZBghkGSCQZYBAlgECWQYIZBkgkGWAQJYBAlkGCGQZIJBlgECWAQJZBghkGSCQZYBAlgECWQYIZBkgkGWAQJYBAlkGCGQZIJBlgECWAQJZBghkGSCQZYBAlgECWQYIZBkgkGWAQJYBAlkGCGQZIJBlgECWAQJZBghkGSCQZYBAlgECWQYIZBkgkGWAQJYBAlkGCGQZIJBlgECWAQJZBghkGSCQZYBAlgECWQYIZBkgkGWAQJYBAlkGCGQZIJBlgECWAQJZBghkGSCQZYBAlgECWQYIZBkgkGWAQJYBAlkGCGQZIJBlgECWAQJZBghkGSCQZYBAlgECWQYIZBkgkGWAQJYBAlkGCGQZIJBlgECWAQJZBghkGSCQZYBAlgECWQ
04-27 13:49:15.145 I/Gecko   (   84): 1398631755158	Marionette	INFO	sendToClient: {"from":"0","ok":true}, {72b24e2f-a2e9-4599-94a0-55c0aa977b4c}, {72b24e2f-a2e9-4599-94a0-55c0aa977b4c}
04-27 13:49:15.905 I/Gecko   (   84): 1398631755912	Marionette	DEBUG	Got request: switchToFrame, data: {"to":"0","sessionId":"3-b2g","name":"switchToFrame","parameters":{"id":null,"focus":true}}, id: {75f00089-7184-4b57-a028-e832f7abc740}
04-27 13:49:15.925 I/Gecko   (   84): 1398631755937	Marionette	INFO	Switched to frame: {"frameValue":null}
04-27 13:49:16.045 I/Gecko   (   84): 1398631756052	Marionette	INFO	sendToClient: {"from":"0","ok":true}, {75f00089-7184-4b57-a028-e832f7abc740}, {75f00089-7184-4b57-a028-e832f7abc740}
04-27 13:49:16.045 I/Gecko   (   84): 1398631756059	Marionette	DEBUG	Got request: executeWithCallback, data: {"to":"0","sessionId":"3-b2g","name":"executeAsyncScript","parameters":{"specialPowers":false,"scriptTimeout":null,"newSandbox":true,"args":[],"filename":"gaia_test.py","script":"return GaiaApps.displayedApp();","line":66}}, id: {bb966cca-c67b-49ec-9735-bbc4d1971d4e}
04-27 13:49:16.275 I/Gonk    (   84): Setting nice for pid 1822 to 18
04-27 13:49:16.275 I/Gonk    (   84): Changed nice for pid 1822 from 0 to 18.
04-27 13:49:16.305 I/Gecko   (   84): 1398631756313	Marionette	INFO	sendToClient: {"from":"0","value":{"frame":{"ELEMENT":"{a57e7eab-a4c1-45c1-a069-459a3800f02b}"},"src":"app://{31ef300b-ae26-401e-97de-d57b40f611c9}/index.html","name":"Medidor de Resistencias","origin":"app://{31ef300b-ae26-401e-97de-d57b40f611c9}"}}, {bb966cca-c67b-49ec-9735-bbc4d1971d4e}, {bb966cca-c67b-49ec-9735-bbc4d1971d4e}
04-27 13:49:16.305 E/GeckoConsole(   84): Content JS LOG at dummy file:392 in GaiaApps.displayedApp: app with origin 'app://{31ef300b-ae26-401e-97de-d57b40f611c9}' is displayed
04-27 13:49:16.335 I/Gecko   (   84): 1398631756322	Marionette	DEBUG	Got request: switchToFrame, data: {"to":"0","sessionId":"3-b2g","name":"switchToFrame","parameters":{"id":null,"focus":true}}, id: {e23b892a-4f9c-437b-b76a-0ea5eda9ae41}
04-27 13:49:16.335 I/Gecko   (   84): 1398631756344	Marionette	INFO	Switched to frame: {"frameValue":null}
04-27 13:49:16.435 I/Gecko   (   84): 1398631756447	Marionette	INFO	sendToClient: {"from":"0","ok":true}, {e23b892a-4f9c-437b-b76a-0ea5eda9ae41}, {e23b892a-4f9c-437b-b76a-0ea5eda9ae41}
04-27 13:49:16.455 I/Gecko   (   84): 1398631756463	Marionette	DEBUG	Got request: execute, data: {"to":"0","sessionId":"3-b2g","name":"executeScript","parameters":{"specialPowers":false,"scriptTimeout":null,"newSandbox":true,"args":[],"filename":"gaia_test.py","script":"window.wrappedJSObject.dispatchEvent(new Event('home'));","line":788}}, id: {dd70577d-096c-4772-91bd-09314380a115}
04-27 13:49:16.565 I/Gonk    (   84): Setting nice for pid 1822 to 18
04-27 13:49:16.565 I/Gonk    (   84): Changed nice for pid 1822 from 18 to 18.
04-27 13:49:16.565 I/Gecko   (   84): [Parent 84] WARNING: waitpid failed pid:1822 errno:10: file ../../../gecko/ipc/chromium/src/base/process_util_posix.cc, line 254
04-27 13:49:16.565 I/Gonk    (   84): Setting nice for pid 1822 to 1
04-27 13:49:16.565 I/Gonk    (   84): Changed nice for pid 1822 from 18 to 1.
04-27 13:49:16.635 D/Sensors (   84): activate handle=0; drv=0
04-27 13:49:16.635 D/Sensors (   84): Lis3dhSensor: Control set 0
04-27 13:49:16.635 D/Sensors (   84): Lis3dhSensor: mEnabled = 0
04-27 13:49:16.895 I/Gecko   (   84): 1398631756909	Marionette	INFO	sendToClient: {"from":"0","value":null}, {dd70577d-096c-4772-91bd-09314380a115}, {dd70577d-096c-4772-91bd-09314380a115}
04-27 13:49:16.965 E/[Gralloc-ERROR](   84): int gralloc_register_buffer(const gralloc_module_t*, const native_handle_t*):79 Unable to register handle 0x444aae70 coming from different process: 84
04-27 13:49:16.985 E/[Gralloc-ERROR](   84): int gralloc_register_buffer(const gralloc_module_t*, const native_handle_t*):79 Unable to register handle 0x444aaf10 coming from different process: 84
04-27 13:49:17.045 I/Gecko   (   84): 1398631757057	Marionette	DEBUG	Got request: switchToFrame, data: {"to":"0","sessionId":"3-b2g","name":"switchToFrame","parameters":{"id":null,"focus":true}}, id: {75a19b22-24f7-41de-be0a-bff8295be45a}
04-27 13:49:17.045 I/Gecko   (   84): 1398631757059	Marionette	INFO	Switched to frame: {"frameValue":null}
04-27 13:49:17.155 I/Gecko   (   84): 1398631757164	Marionette	INFO	sendToClient: {"from":"0","ok":true}, {75a19b22-24f7-41de-be0a-bff8295be45a}, {75a19b22-24f7-41de-be0a-bff8295be45a}
04-27 13:49:17.175 I/Gecko   (   84): 1398631757186	Marionette	DEBUG	Got request: executeWithCallback, data: {"to":"0","sessionId":"3-b2g","name":"executeAsyncScript","parameters":{"specialPowers":false,"scriptTimeout":null,"newSandbox":true,"args":[],"filename":"gaia_test.py","script":"return GaiaApps.displayedApp();","line":66}}, id: {ccaab2a1-71ac-440e-9d38-cb8fc39734f3}
04-27 13:49:17.295 I/Gecko   (   84): 1398631757302	Marionette	INFO	sendToClient: {"from":"0","value":{"frame":{"ELEMENT":"{658dd4dc-a8b2-44b4-8a9d-1b822be67337}"},"src":"app://homescreen.gaiamobile.org/index.html#root","name":"Homescreen","origin":"app://homescreen.gaiamobile.org"}}, {ccaab2a1-71ac-440e-9d38-cb8fc39734f3}, {ccaab2a1-71ac-440e-9d38-cb8fc39734f3}
04-27 13:49:17.305 E/GeckoConsole(   84): Content JS LOG at dummy file:392 in GaiaApps.displayedApp: app with origin 'app://homescreen.gaiamobile.org' is displayed
04-27 13:49:17.345 I/Gecko   (   84): 1398631757361	Marionette	DEBUG	Got request: switchToFrame, data: {"to":"0","sessionId":"3-b2g","name":"switchToFrame","parameters":{"id":null,"focus":true}}, id: {e1d0b871-58da-41c4-b210-6479bd61624b}
04-27 13:49:17.445 I/Gecko   (   84): 1398631757452	Marionette	INFO	Switched to frame: {"frameValue":null}
04-27 13:49:17.595 I/Gecko   (   84): 1398631757609	Marionette	INFO	sendToClient: {"from":"0","ok":true}, {e1d0b871-58da-41c4-b210-6479bd61624b}, {e1d0b871-58da-41c4-b210-6479bd61624b}
04-27 13:49:17.625 I/Gecko   (   84): 1398631757638	Marionette	DEBUG	Got request: switchToFrame, data: {"to":"0","sessionId":"3-b2g","name":"switchToFrame","parameters":{"id":null,"focus":true}}, id: {cf731dbd-82a6-4d78-83b4-835c9a7ef093}
04-27 13:49:17.635 I/Gecko   (   84): 1398631757648	Marionette	INFO	Switched to frame: {"frameValue":null}
04-27 13:49:18.095 I/Gecko   (   84): 1398631758107	Marionette	INFO	sendToClient: {"from":"0","ok":true}, {cf731dbd-82a6-4d78-83b4-835c9a7ef093}, {cf731dbd-82a6-4d78-83b4-835c9a7ef093}
04-27 13:49:18.125 E/[Gralloc-ERROR](   84): int gralloc_unregister_buffer(const gralloc_module_t*, const native_handle_t*):274 Trying to unregister buffer 0x444aaf10 from process 84 that was not created in current process: 84
04-27 13:49:18.125 E/[Gralloc-ERROR](   84): int gralloc_unregister_buffer(const gralloc_module_t*, const native_handle_t*):274 Trying to unregister buffer 0x444aae70 from process 84 that was not created in current process: 84
04-27 13:49:18.135 I/Gecko   (   84): 1398631758148	Marionette	DEBUG	Got request: executeWithCallback, data: {"to":"0","sessionId":"3-b2g","name":"executeAsyncScript","parameters":{"specialPowers":false,"scriptTimeout":null,"newSandbox":true,"args":[],"filename":"gaia_test.py","script":"return GaiaApps.displayedApp();","line":66}}, id: {e4b3f2a3-8ac6-4762-9063-abff44f480f3}
04-27 13:49:18.305 E/GeckoConsole(   84): Content JS LOG at dummy file:392 in GaiaApps.displayedApp: app with origin 'app://homescreen.gaiamobile.org' is displayed
04-27 13:49:18.305 I/Gecko   (   84): 1398631758317	Marionette	INFO	sendToClient: {"from":"0","value":{"frame":{"ELEMENT":"{658dd4dc-a8b2-44b4-8a9d-1b822be67337}"},"src":"app://homescreen.gaiamobile.org/index.html#root","name":"Homescreen","origin":"app://homescreen.gaiamobile.org"}}, {e4b3f2a3-8ac6-4762-9063-abff44f480f3}, {e4b3f2a3-8ac6-4762-9063-abff44f480f3}
04-27 13:49:18.325 I/Gecko   (   84): 1398631758334	Marionette	DEBUG	Got request: switchToFrame, data: {"to":"0","sessionId":"3-b2g","name":"switchToFrame","parameters":{"focus":true,"element":"{658dd4dc-a8b2-44b4-8a9d-1b822be67337}"}}, id: {a17c032c-da67-411a-99a8-68380f884e21}
04-27 13:49:18.335 I/Gecko   (   84): 1398631758349	Marionette	INFO	Switched to frame: {"frameValue":"{658dd4dc-a8b2-44b4-8a9d-1b822be67337}"}
04-27 13:49:18.335 I/Gecko   (   84): 1398631758351	Marionette	INFO	trying remote frame 0
04-27 13:49:18.375 I/Gecko   (   84): 1398631758385	Marionette	INFO	trying remote frame 1
04-27 13:49:18.375 I/Gecko   (   84): 1398631758386	Marionette	INFO	deleting frame
04-27 13:49:18.375 I/Gecko   (   84): 1398631758391	Marionette	INFO	frame-manager load script: [object ChromeMessageSender]
04-27 13:49:18.485 I/Gonk    (   84): Setting nice for pid 1704 to 18
04-27 13:49:18.485 I/Gonk    (   84): Changed nice for pid 1704 from 1 to 18.
04-27 13:49:19.765 W/WifiHW  (   84): wifi_command: SIGNAL_POLL
04-27 13:49:19.815 I/Gecko   ( 1822): ###################################### forms.js loaded
04-27 13:49:19.885 I/Gecko   ( 1822): ############################### browserElementPanning.js loaded
04-27 13:49:19.935 I/Gecko   ( 1822): ######################## BrowserElementChildPreload.js loaded
04-27 13:49:20.345 I/Gecko   (   84): 
04-27 13:49:20.345 I/Gecko   (   84): ###!!! [Parent][MessageChannel] Error: Channel error: cannot send/recv
04-27 13:49:20.345 I/Gecko   (   84): 
04-27 13:49:20.425 I/GeckoDump(   84): Crash reporter : Can't fetch app.reportCrashes. Exception: [Exception... "Component returned failure code: 0x8000ffff (NS_ERROR_UNEXPECTED) [nsIPrefBranch.getBoolPref]"  nsresult: "0x8000ffff (NS_ERROR_UNEXPECTED)"  location: "JS frame :: chrome://browser/content/shell.js :: shell_reportCrash :: line 7"  data: no]
04-27 13:49:20.485 I/Gecko   (   84): [Parent 84] WARNING: waitpid failed pid:1704 errno:10: file ../../../gecko/ipc/chromium/src/base/process_util_posix.cc, line 254
04-27 13:49:21.285 I/Gecko   (   84): 1398631761299	Marionette	INFO	sendToClient: {"from":"0","ok":true}, {a17c032c-da67-411a-99a8-68380f884e21}, {a17c032c-da67-411a-99a8-68380f884e21}
04-27 13:49:21.695 I/Gonk    (   84): Setting nice for pid 1838 to 18
04-27 13:49:21.695 I/Gonk    (   84): Changed nice for pid 1838 from 0 to 18.
04-27 13:49:21.845 I/Gecko   (   84): 1398631761854	Marionette	INFO	sendToClient: {"from":"0","value":"app://homescreen.gaiamobile.org/index.html#root"}, {e20b3678-c8ab-4e1f-8f20-f50d0cae5058}, {e20b3678-c8ab-4e1f-8f20-f50d0cae5058}
04-27 13:49:21.845 I/Gecko   (   84): 1398631761860	Marionette	DEBUG	Got request: switchToFrame, data: {"to":"0","sessionId":"3-b2g","name":"switchToFrame","parameters":{"id":null,"focus":true}}, id: {12bb14b5-1075-410e-ad8c-b5c788951639}
04-27 13:49:21.885 I/Gecko   (   84): 1398631761896	Marionette	INFO	Switched to frame: {"frameValue":null}
04-27 13:49:21.985 I/Gecko   (   84): 1398631762001	Marionette	INFO	sendToClient: {"from":"0","ok":true}, {12bb14b5-1075-410e-ad8c-b5c788951639}, {12bb14b5-1075-410e-ad8c-b5c788951639}
04-27 13:49:21.995 I/Gecko   (   84): 1398631762007	Marionette	DEBUG	Got request: switchToFrame, data: {"to":"0","sessionId":"3-b2g","name":"switchToFrame","parameters":{"id":null,"focus":true}}, id: {7e401dda-72c1-4b65-81a9-edb0b6e579ae}
04-27 13:49:21.995 I/Gecko   (   84): 1398631762009	Marionette	INFO	Switched to frame: {"frameValue":null}
04-27 13:49:22.095 I/Gecko   (   84): 1398631762111	Marionette	INFO	sendToClient: {"from":"0","ok":true}, {7e401dda-72c1-4b65-81a9-edb0b6e579ae}, {7e401dda-72c1-4b65-81a9-edb0b6e579ae}
04-27 13:49:22.125 I/Gecko   (   84): 1398631762135	Marionette	DEBUG	Got request: executeWithCallback, data: {"to":"0","sessionId":"3-b2g","name":"executeAsyncScript","parameters":{"specialPowers":false,"scriptTimeout":null,"newSandbox":true,"args":[],"filename":"gaia_test.py","script":"GaiaApps.killAll()","line":91}}, id: {c53654e4-a07d-48bf-a80e-75d35554fc60}
04-27 13:49:22.215 I/Gecko   (   84): 1398631762225	Marionette	INFO	sendToClient: {"from":"0","value":true}, {c53654e4-a07d-48bf-a80e-75d35554fc60}, {c53654e4-a07d-48bf-a80e-75d35554fc60}
04-27 13:49:22.235 I/Gecko   (   84): 1398631762246	Marionette	DEBUG	Got request: switchToFrame, data: {"to":"0","sessionId":"3-b2g","name":"switchToFrame","parameters":{"id":null,"focus":true}}, id: {7e11b0ae-1998-445e-840f-2a99a654f30a}
04-27 13:49:22.235 I/Gecko   (   84): 1398631762248	Marionette	INFO	Switched to frame: {"frameValue":null}
04-27 13:49:22.345 I/Gecko   (   84): 1398631762354	Marionette	INFO	sendToClient: {"from":"0","ok":true}, {7e11b0ae-1998-445e-840f-2a99a654f30a}, {7e11b0ae-1998-445e-840f-2a99a654f30a}
04-27 13:49:22.345 I/Gecko   (   84): 1398631762360	Marionette	DEBUG	Got request: executeWithCallback, data: {"to":"0","sessionId":"3-b2g","name":"executeAsyncScript","parameters":{"specialPowers":false,"scriptTimeout":60000,"newSandbox":true,"args":[],"filename":"app_checker.py","script":"\n        GaiaApps.locateWithManifestURL('https://marketplace.firefox.com/app/5c44520c-f828-4017-b933-370eabbb6d4e/manifest.webapp',\n                                       null,\n                                       function uninstall(app) {\n                                       navigator.mozApps.mgmt.uninstall(app);\n                                       marionetteScriptFinished(true);\n                                       });\n        ","line":129}}, id: {f92b2c63-7c1c-4633-8e6e-e2980a859811}
04-27 13:49:22.385 I/Gecko   (   84): -- webapps.js uninstall https://marketplace.firefox.com/app/5c44520c-f828-4017-b933-370eabbb6d4e/manifest.webapp
04-27 13:49:22.495 I/Gecko   (   84): [Parent 84] WARNING: waitpid failed pid:1704 errno:10: file ../../../gecko/ipc/chromium/src/base/process_util_posix.cc, line 254
04-27 13:49:22.495 I/Gecko   (   84): [Parent 84] WARNING: Failed to deliver SIGKILL to 1704!(3).: file ../../../gecko/ipc/chromium/src/chrome/common/process_watcher_posix_sigchld.cc, line 118
04-27 13:49:22.875 I/Gecko   (   84): 1398631762883	Marionette	INFO	sendToClient: {"from":"0","value":true}, {f92b2c63-7c1c-4633-8e6e-e2980a859811}, {f92b2c63-7c1c-4633-8e6e-e2980a859811}