04-26 19:28:48.179 I/Gecko   (   84): 1398565728196	Marionette	INFO	sendToClient: {"from":"0","value":""}, {5309a01e-43dc-400d-9afb-8320e9cfdbbb}, {5309a01e-43dc-400d-9afb-8320e9cfdbbb}
04-26 19:28:48.249 I/Gecko   (   84): 1398565728261	Marionette	INFO	sendToClient: {"from":"0","value":""}, {f2cce38e-a47e-47c6-97b8-9a791eaba7b1}, {f2cce38e-a47e-47c6-97b8-9a791eaba7b1}
04-26 19:28:48.299 I/Gecko   (   84): 1398565728312	Marionette	INFO	sendToClient: {"from":"0","value":""}, {c8577e99-ccdb-4e01-8217-51f0f7c8c4e0}, {c8577e99-ccdb-4e01-8217-51f0f7c8c4e0}
04-26 19:28:48.329 I/Gecko   ( 4030): ###################################### forms.js loaded
04-26 19:28:48.339 I/Gecko   (   84): 1398565728350	Marionette	INFO	sendToClient: {"from":"0","value":""}, {e8e8571c-00a7-495d-abc0-df673eb11f25}, {e8e8571c-00a7-495d-abc0-df673eb11f25}
04-26 19:28:48.399 I/Gecko   ( 4030): ############################### browserElementPanning.js loaded
04-26 19:28:48.409 I/Gecko   (   84): 1398565728427	Marionette	INFO	sendToClient: {"from":"0","value":""}, {f7f443aa-26f3-4ce7-90c3-74433961944d}, {f7f443aa-26f3-4ce7-90c3-74433961944d}
04-26 19:28:48.449 I/Gecko   ( 4030): ######################## BrowserElementChildPreload.js loaded
04-26 19:28:48.459 I/Gecko   (   84): 1398565728470	Marionette	INFO	sendToClient: {"from":"0","value":""}, {d72f46cd-fb80-4f37-a41c-c4b64e5f5882}, {d72f46cd-fb80-4f37-a41c-c4b64e5f5882}
04-26 19:28:48.469 I/Gecko   (   84): 1398565728488	Marionette	INFO	sendToClient: {"from":"0","value":""}, {5ff75daa-4623-4089-ad56-6c7a51868f03}, {5ff75daa-4623-4089-ad56-6c7a51868f03}
04-26 19:28:48.499 I/Gecko   (   84): 1398565728510	Marionette	INFO	sendToClient: {"from":"0","value":""}, {9fc27b65-9375-4b52-b43b-333a2cbb6fe2}, {9fc27b65-9375-4b52-b43b-333a2cbb6fe2}
04-26 19:28:48.519 I/Gecko   (   84): 1398565728536	Marionette	INFO	sendToClient: {"from":"0","value":""}, {8d25905d-3b5e-4a0e-9b37-06110fd85622}, {8d25905d-3b5e-4a0e-9b37-06110fd85622}
04-26 19:28:48.549 I/Gecko   (   84): 1398565728563	Marionette	INFO	sendToClient: {"from":"0","value":""}, {a316254c-ee9d-4b51-b0af-fdf67022bde7}, {a316254c-ee9d-4b51-b0af-fdf67022bde7}
04-26 19:28:48.559 I/Gecko   (   84): 1398565728578	Marionette	INFO	sendToClient: {"from":"0","value":""}, {f771450b-1d23-4e7e-b910-c8caaed84e64}, {f771450b-1d23-4e7e-b910-c8caaed84e64}
04-26 19:28:48.609 I/Gecko   (   84): 1398565728628	Marionette	INFO	sendToClient: {"from":"0","value":""}, {48ce7998-fe8b-4f97-ad66-c40cc864d66e}, {48ce7998-fe8b-4f97-ad66-c40cc864d66e}
04-26 19:28:48.629 I/Gecko   (   84): 1398565728646	Marionette	INFO	sendToClient: {"from":"0","value":""}, {d3106f93-3ac8-4dd8-be67-7e4703f02f7c}, {d3106f93-3ac8-4dd8-be67-7e4703f02f7c}
04-26 19:28:48.659 I/Gecko   (   84): 1398565728678	Marionette	INFO	sendToClient: {"from":"0","value":""}, {c33b72fd-4e4c-489a-9e33-8a1a244d9db4}, {c33b72fd-4e4c-489a-9e33-8a1a244d9db4}
04-26 19:28:48.699 I/Gecko   (   84): 1398565728713	Marionette	INFO	sendToClient: {"from":"0","value":""}, {a6b05165-704f-4b2a-9231-505b8d3177dc}, {a6b05165-704f-4b2a-9231-505b8d3177dc}
04-26 19:28:48.739 I/Gecko   (   84): 1398565728751	Marionette	INFO	sendToClient: {"from":"0","value":""}, {a197315b-29b3-4fca-845a-c802f60904e8}, {a197315b-29b3-4fca-845a-c802f60904e8}
04-26 19:28:48.749 I/Gecko   (   84): 1398565728763	Marionette	INFO	sendToClient: {"from":"0","value":""}, {0d7820d5-ca88-4501-ad2c-b13abdb77a42}, {0d7820d5-ca88-4501-ad2c-b13abdb77a42}
04-26 19:28:48.769 I/Gecko   (   84): 1398565728788	Marionette	INFO	sendToClient: {"from":"0","value":""}, {4b4d4c9f-2397-4d91-af16-16b1eb8d8c78}, {4b4d4c9f-2397-4d91-af16-16b1eb8d8c78}
04-26 19:28:48.909 I/Gecko   (   84): 1398565728924	Marionette	INFO	sendToClient: {"from":"0","value":""}, {30a1cd69-41b0-4395-92b7-85869c66edea}, {30a1cd69-41b0-4395-92b7-85869c66edea}
04-26 19:28:48.969 I/Gecko   (   84): 1398565728989	Marionette	INFO	sendToClient: {"from":"0","value":""}, {1b78f0d3-e162-4ee1-ab29-356ee9ce47e3}, {1b78f0d3-e162-4ee1-ab29-356ee9ce47e3}
04-26 19:28:48.999 I/Gecko   (   84): 1398565729018	Marionette	INFO	sendToClient: {"from":"0","value":""}, {c60e7b05-b348-45f1-ac34-fbd33cbd1fbf}, {c60e7b05-b348-45f1-ac34-fbd33cbd1fbf}
04-26 19:28:49.049 I/Gecko   (   84): 1398565729060	Marionette	INFO	sendToClient: {"from":"0","value":""}, {04f592b3-bf55-48e4-baf2-5ecd39f95e4a}, {04f592b3-bf55-48e4-baf2-5ecd39f95e4a}
04-26 19:28:49.069 I/Gecko   (   84): 1398565729085	Marionette	INFO	sendToClient: {"from":"0","value":""}, {9352728c-53eb-442a-8808-15d7857185d6}, {9352728c-53eb-442a-8808-15d7857185d6}
04-26 19:28:49.109 I/Gecko   (   84): 1398565729125	Marionette	INFO	sendToClient: {"from":"0","value":""}, {f76c12a2-6475-4280-a413-d44970998a16}, {f76c12a2-6475-4280-a413-d44970998a16}
04-26 19:28:49.139 I/Gecko   (   84): 1398565729149	Marionette	INFO	sendToClient: {"from":"0","value":""}, {f743273e-3ec2-4a9e-b3b0-488853643880}, {f743273e-3ec2-4a9e-b3b0-488853643880}
04-26 19:28:49.169 I/Gecko   (   84): 1398565729180	Marionette	INFO	sendToClient: {"from":"0","value":""}, {1a23256d-ddd8-490a-a683-acea0044acb0}, {1a23256d-ddd8-490a-a683-acea0044acb0}
04-26 19:28:49.199 I/Gecko   (   84): 1398565729199	Marionette	INFO	sendToClient: {"from":"0","value":""}, {c49d267e-5604-4426-a3dd-0f90fc8e4a74}, {c49d267e-5604-4426-a3dd-0f90fc8e4a74}
04-26 19:28:49.229 I/Gecko   (   84): 1398565729241	Marionette	INFO	sendToClient: {"from":"0","value":""}, {17e64be2-7c7e-4282-868f-de44a7aabddd}, {17e64be2-7c7e-4282-868f-de44a7aabddd}
04-26 19:28:49.259 I/Gecko   (   84): 1398565729270	Marionette	INFO	sendToClient: {"from":"0","value":""}, {17b32335-17ce-4381-b330-b683261cdff0}, {17b32335-17ce-4381-b330-b683261cdff0}
04-26 19:28:49.279 I/Gecko   (   84): 1398565729292	Marionette	INFO	sendToClient: {"from":"0","value":""}, {f39c96e4-c319-411c-9640-696ab05592f9}, {f39c96e4-c319-411c-9640-696ab05592f9}
04-26 19:28:49.309 I/Gecko   (   84): 1398565729321	Marionette	INFO	sendToClient: {"from":"0","value":""}, {5b3d2227-89c0-4e91-85d5-f91367472b3b}, {5b3d2227-89c0-4e91-85d5-f91367472b3b}
04-26 19:28:49.339 I/Gecko   (   84): 1398565729353	Marionette	INFO	sendToClient: {"from":"0","value":""}, {e7d7b257-f8f6-4d88-a166-f9b3b9ca22b4}, {e7d7b257-f8f6-4d88-a166-f9b3b9ca22b4}
04-26 19:28:49.359 I/Gecko   (   84): 1398565729377	Marionette	INFO	sendToClient: {"from":"0","value":""}, {76a3b600-59e6-41b6-bf03-b73cb6af6345}, {76a3b600-59e6-41b6-bf03-b73cb6af6345}
04-26 19:28:49.399 I/Gecko   (   84): 1398565729413	Marionette	INFO	sendToClient: {"from":"0","value":""}, {016de7c4-8a60-48cc-8e8b-6f46bd1337fe}, {016de7c4-8a60-48cc-8e8b-6f46bd1337fe}
04-26 19:28:49.439 I/Gecko   (   84): 1398565729454	Marionette	INFO	sendToClient: {"from":"0","value":""}, {4aeb3368-cccc-4016-9414-642a947f25e5}, {4aeb3368-cccc-4016-9414-642a947f25e5}
04-26 19:28:49.439 I/Gecko   ( 4030): ###################################### forms.js loaded
04-26 19:28:49.469 I/Gecko   (   84): 1398565729480	Marionette	INFO	sendToClient: {"from":"0","value":""}, {1fbf821b-9305-4d81-b896-1725c76cbaf3}, {1fbf821b-9305-4d81-b896-1725c76cbaf3}
04-26 19:28:49.489 I/Gecko   ( 4030): ############################### browserElementPanning.js loaded
04-26 19:28:49.499 I/Gecko   (   84): 1398565729514	Marionette	INFO	sendToClient: {"from":"0","value":""}, {352f64bc-6bcd-46c1-96c2-82a84878ddb6}, {352f64bc-6bcd-46c1-96c2-82a84878ddb6}
04-26 19:28:49.529 I/Gecko   (   84): 1398565729548	Marionette	INFO	sendToClient: {"from":"0","value":""}, {21e39c5c-9420-446c-afef-fa3665622f9e}, {21e39c5c-9420-446c-afef-fa3665622f9e}
04-26 19:28:49.569 I/Gecko   (   84): 1398565729580	Marionette	INFO	sendToClient: {"from":"0","value":""}, {d6b31bc7-c75e-4fa9-8006-ec210cdedbab}, {d6b31bc7-c75e-4fa9-8006-ec210cdedbab}
04-26 19:28:49.579 I/Gecko   ( 4030): ######################## BrowserElementChildPreload.js loaded
04-26 19:28:49.599 W/WifiHW  (   84): wifi_command: SIGNAL_POLL
04-26 19:28:49.619 I/Gecko   (   84): 1398565729630	Marionette	INFO	sendToClient: {"from":"0","value":""}, {283a8117-54b4-4b6c-9d70-3bcbdcdbfed5}, {283a8117-54b4-4b6c-9d70-3bcbdcdbfed5}
04-26 19:28:49.679 I/Gecko   (   84): 1398565729694	Marionette	INFO	sendToClient: {"from":"0","value":""}, {2624a421-3ba7-4661-85d3-b2fa26d5112e}, {2624a421-3ba7-4661-85d3-b2fa26d5112e}
04-26 19:28:49.729 I/Gecko   (   84): 1398565729745	Marionette	INFO	sendToClient: {"from":"0","value":""}, {12826f82-9341-4b6a-9396-ef8e6a19e635}, {12826f82-9341-4b6a-9396-ef8e6a19e635}
04-26 19:28:49.749 I/GeckoDump(   84): XXX FIXME : Got a mozContentEvent: undefined
04-26 19:28:49.869 I/Gecko   (   84): 1398565729888	Marionette	INFO	sendToClient: {"from":"0","value":""}, {f24f424c-c899-4358-9c46-52f16adf25b8}, {f24f424c-c899-4358-9c46-52f16adf25b8}
04-26 19:28:50.019 I/Gecko   (   84): 1398565730032	Marionette	INFO	sendToClient: {"from":"0","value":""}, {3dcbb552-4a3d-417f-844f-4402274c5956}, {3dcbb552-4a3d-417f-844f-4402274c5956}
04-26 19:28:50.139 I/Gonk    (   84): Setting nice for pid 4055 to 18
04-26 19:28:50.139 I/Gonk    (   84): Changed nice for pid 4055 from 0 to 18.
04-26 19:28:50.289 I/Gecko   (   84): 1398565730301	Marionette	INFO	sendToClient: {"from":"0","value":""}, {453f39e4-467b-43fb-ba50-96b775502b2a}, {453f39e4-467b-43fb-ba50-96b775502b2a}
04-26 19:28:50.379 I/Gecko   (   84): 1398565730396	Marionette	INFO	sendToClient: {"from":"0","value":""}, {aaa09335-5886-4523-8049-921df9686803}, {aaa09335-5886-4523-8049-921df9686803}
04-26 19:28:50.479 I/Gecko   (   84): 1398565730491	Marionette	INFO	sendToClient: {"from":"0","value":""}, {87870ad3-227b-4ba9-8a47-1dcc910fb204}, {87870ad3-227b-4ba9-8a47-1dcc910fb204}
04-26 19:28:50.499 I/Gecko   (   84): 1398565730519	Marionette	INFO	sendToClient: {"from":"0","value":""}, {7806e75f-c7e3-4183-8e53-639eff0b8dab}, {7806e75f-c7e3-4183-8e53-639eff0b8dab}
04-26 19:28:50.539 I/Gecko   (   84): 1398565730555	Marionette	INFO	sendToClient: {"from":"0","value":""}, {a24f9ee5-ca8c-4f0f-9fe4-de8c9690fd0c}, {a24f9ee5-ca8c-4f0f-9fe4-de8c9690fd0c}
04-26 19:28:50.659 I/Gecko   (   84): 1398565730673	Marionette	INFO	sendToClient: {"from":"0","value":""}, {30bb4809-daba-4632-b5f9-3b5ab2a5fe3a}, {30bb4809-daba-4632-b5f9-3b5ab2a5fe3a}
04-26 19:28:50.699 I/Gecko   (   84): 1398565730717	Marionette	INFO	sendToClient: {"from":"0","value":""}, {890a7511-27d8-4a93-97a3-8aada868c434}, {890a7511-27d8-4a93-97a3-8aada868c434}
04-26 19:28:50.729 I/Gecko   (   84): 1398565730744	Marionette	INFO	sendToClient: {"from":"0","value":""}, {c2f40914-da40-46c6-9c87-48c3bbb1c96d}, {c2f40914-da40-46c6-9c87-48c3bbb1c96d}
04-26 19:28:50.799 I/Gecko   (   84): 1398565730810	Marionette	INFO	sendToClient: {"from":"0","value":""}, {d44ed6f8-9c45-4e78-9c0a-02e0d415be5b}, {d44ed6f8-9c45-4e78-9c0a-02e0d415be5b}
04-26 19:28:50.839 I/Gecko   (   84): 1398565730852	Marionette	INFO	sendToClient: {"from":"0","value":""}, {5ee19ef7-7eff-468b-9a5b-9337cf778d13}, {5ee19ef7-7eff-468b-9a5b-9337cf778d13}
04-26 19:28:50.839 I/Gecko   (   84): 1398565730859	Marionette	DEBUG	Got request: switchToFrame, data: {"to":"0","sessionId":"3-b2g","name":"switchToFrame","parameters":{"id":null,"focus":true}}, id: {dd81138b-5475-4aca-a721-9be0037acbec}
04-26 19:28:50.849 I/Gecko   (   84): 1398565730861	Marionette	INFO	Switched to frame: {"frameValue":null}
04-26 19:28:50.959 I/Gecko   (   84): 1398565730975	Marionette	INFO	sendToClient: {"from":"0","ok":true}, {dd81138b-5475-4aca-a721-9be0037acbec}, {dd81138b-5475-4aca-a721-9be0037acbec}
04-26 19:28:50.979 I/Gecko   (   84): 1398565730993	Marionette	DEBUG	Got request: switchToFrame, data: {"to":"0","sessionId":"3-b2g","name":"switchToFrame","parameters":{"id":null,"focus":true}}, id: {0402ca44-51ec-490f-90cf-1c216beed0cb}
04-26 19:28:50.989 I/Gecko   (   84): 1398565731001	Marionette	INFO	Switched to frame: {"frameValue":null}
04-26 19:28:51.079 E/GeckoConsole( 4030): [JavaScript Error: "uncaught exception: target window is same as present window -- not allowed"]
04-26 19:28:51.089 I/Gecko   (   84): 1398565731103	Marionette	INFO	sendToClient: {"from":"0","ok":true}, {0402ca44-51ec-490f-90cf-1c216beed0cb}, {0402ca44-51ec-490f-90cf-1c216beed0cb}
04-26 19:28:51.099 I/Gecko   (   84): 1398565731111	Marionette	DEBUG	Got request: executeWithCallback, data: {"to":"0","sessionId":"3-b2g","name":"executeAsyncScript","parameters":{"specialPowers":false,"scriptTimeout":null,"newSandbox":true,"args":[],"filename":"gaia_test.py","script":"return GaiaApps.displayedApp();","line":66}}, id: {860de69d-0caf-4695-963a-5753cefddbe0}
04-26 19:28:51.449 E/GeckoConsole(   84): Content JS LOG at dummy file:392 in GaiaApps.displayedApp: app with origin 'app://browser.gaiamobile.org' is displayed
04-26 19:28:51.509 I/Gecko   (   84): 1398565731527	Marionette	INFO	sendToClient: {"from":"0","value":{"frame":{"ELEMENT":"{5774bfb3-1459-484a-9f3a-d53c8ace2959}"},"src":"app://browser.gaiamobile.org/index.html","name":"Browser","origin":"app://browser.gaiamobile.org"}}, {860de69d-0caf-4695-963a-5753cefddbe0}, {860de69d-0caf-4695-963a-5753cefddbe0}
04-26 19:28:51.599 I/Gecko   (   84): 1398565731615	Marionette	DEBUG	Got request: switchToFrame, data: {"to":"0","sessionId":"3-b2g","name":"switchToFrame","parameters":{"focus":true,"element":"{5774bfb3-1459-484a-9f3a-d53c8ace2959}"}}, id: {6fdfd1c5-3a35-4abe-84c7-5b69c5925f0f}
04-26 19:28:51.659 I/Gecko   (   84): 1398565731676	Marionette	INFO	Switched to frame: {"frameValue":"{5774bfb3-1459-484a-9f3a-d53c8ace2959}"}
04-26 19:28:51.799 I/GeckoDump(   84): XXX FIXME : Got a mozContentEvent: undefined
04-26 19:28:51.919 I/Gecko   ( 4030): WARNING: child tried to open http IPDL channel w/o security info
04-26 19:28:51.919 I/Gecko   ( 4030): WARNING: child tried to open http IPDL channel w/o security info
04-26 19:28:51.919 I/Gecko   ( 4030): WARNING: child tried to open http IPDL channel w/o security info
04-26 19:28:51.919 I/Gecko   ( 4030): WARNING: child tried to open http IPDL channel w/o security info
04-26 19:28:51.919 I/Gecko   ( 4030): WARNING: child tried to open http IPDL channel w/o security info
04-26 19:28:51.919 I/Gecko   ( 4030): WARNING: child tried to open http IPDL channel w/o security info
04-26 19:28:51.919 I/Gecko   ( 4030): WARNING: child tried to open http IPDL channel w/o security info
04-26 19:28:51.919 I/Gecko   ( 4030): WARNING: child tried to open http IPDL channel w/o security info
04-26 19:28:51.919 I/Gecko   ( 4030): WARNING: child tried to open http IPDL channel w/o security info
04-26 19:28:51.919 I/Gecko   ( 4030): WARNING: child tried to open http IPDL channel w/o security info
04-26 19:28:52.529 E/GeckoConsole(   84): Content JS LOG at https://marketplace.cdn.mozilla.net/media/fireplace/js/include.js?b=1398192110201:5 in s/<: [mkt] Reloading chrome
04-26 19:28:52.539 I/Gecko   (   84): 1398565732550	Marionette	INFO	sendToClient: {"from":"0","ok":true}, {6fdfd1c5-3a35-4abe-84c7-5b69c5925f0f}, {6fdfd1c5-3a35-4abe-84c7-5b69c5925f0f}
04-26 19:28:52.539 I/Gecko   (   84): [Parent 84] WARNING: waitpid failed pid:4030 errno:10: file ../../../gecko/ipc/chromium/src/base/process_util_posix.cc, line 254
04-26 19:28:52.599 I/Gecko   (   84): 1398565732609	Marionette	INFO	sendToClient: {"from":"0","value":"https://marketplace.firefox.com/"}, {6a5fcc07-17ee-43d0-a489-37582d82a55f}, {6a5fcc07-17ee-43d0-a489-37582d82a55f}
04-26 19:28:52.599 I/Gecko   (   84): 1398565732615	Marionette	DEBUG	Got request: execute, data: {"to":"0","sessionId":"3-b2g","name":"executeScript","parameters":{"specialPowers":false,"scriptTimeout":null,"newSandbox":true,"args":[],"filename":"app_checker.py","script":"return window.wrappedJSObject.marionette_install_result","line":339}}, id: {132994d2-6fa0-4170-9dc9-b2de790b2e1b}
04-26 19:28:52.639 I/Gecko   (   84): 1398565732658	Marionette	INFO	sendToClient: {"from":"0","value":"REINSTALL_FORBIDDEN"}, {132994d2-6fa0-4170-9dc9-b2de790b2e1b}, {132994d2-6fa0-4170-9dc9-b2de790b2e1b}
04-26 19:28:52.649 I/Gecko   (   84): 1398565732663	Marionette	DEBUG	Got request: switchToFrame, data: {"to":"0","sessionId":"3-b2g","name":"switchToFrame","parameters":{"id":null,"focus":true}}, id: {d4a6f561-ba8b-42c8-af4f-d90a3cfaa0bd}
04-26 19:28:52.669 I/Gecko   (   84): 1398565732680	Marionette	INFO	Switched to frame: {"frameValue":null}
04-26 19:28:52.769 I/Gecko   (   84): 1398565732782	Marionette	INFO	sendToClient: {"from":"0","ok":true}, {d4a6f561-ba8b-42c8-af4f-d90a3cfaa0bd}, {d4a6f561-ba8b-42c8-af4f-d90a3cfaa0bd}
04-26 19:28:52.769 I/Gecko   (   84): 1398565732788	Marionette	DEBUG	Got request: executeWithCallback, data: {"to":"0","sessionId":"3-b2g","name":"executeAsyncScript","parameters":{"specialPowers":false,"scriptTimeout":60000,"newSandbox":true,"args":[],"filename":"app_checker.py","script":"\n        GaiaApps.locateWithManifestURL('https://marketplace.firefox.com/app/33a97572-c81c-4bea-98ed-7f371054e8aa/manifest.webapp',\n                                       null,\n                                       function uninstall(app) {\n                                       navigator.mozApps.mgmt.uninstall(app);\n                                       marionetteScriptFinished(true);\n                                       });\n        ","line":129}}, id: {34f88c2a-91ec-40c5-be9c-2b96e70b80bb}
04-26 19:28:52.829 I/Gecko   (   84): 1398565732842	Marionette	INFO	sendToClient: {"from":"0","error":{"message":"TypeError: app.manifest is undefined","status":17,"stacktrace":"execute_async_script @app_checker.py, line 129\ninline javascript, line 221\nsrc: \"      appName = app.manifest.name;\""}}, {34f88c2a-91ec-40c5-be9c-2b96e70b80bb}, {34f88c2a-91ec-40c5-be9c-2b96e70b80bb}