--------- beginning of /dev/log/main
04-27 21:29:01.607 I/Gecko   (   84): 1398659341619	Marionette	INFO	sendToClient: {"from":"0","ok":true}, {0686025f-420d-4dab-9ab1-418c4ef62628}, {0686025f-420d-4dab-9ab1-418c4ef62628}
04-27 21:29:01.687 I/Gecko   (   84): 1398659341701	Marionette	DEBUG	Got request: switchToFrame, data: {"to":"0","sessionId":"3-b2g","name":"switchToFrame","parameters":{"id":null,"focus":true}}, id: {a48218e1-9474-41d2-abc4-f1b79d22c47a}
04-27 21:29:01.697 I/Gecko   (   84): 1398659341704	Marionette	INFO	Switched to frame: {"frameValue":null}
04-27 21:29:01.807 I/Gecko   (   84): 1398659341815	Marionette	INFO	sendToClient: {"from":"0","ok":true}, {a48218e1-9474-41d2-abc4-f1b79d22c47a}, {a48218e1-9474-41d2-abc4-f1b79d22c47a}
04-27 21:29:01.817 I/Gecko   (   84): 1398659341827	Marionette	DEBUG	Got request: executeWithCallback, data: {"to":"0","sessionId":"3-b2g","name":"executeAsyncScript","parameters":{"specialPowers":false,"scriptTimeout":null,"newSandbox":true,"args":[],"filename":"gaia_test.py","script":"return GaiaApps.displayedApp();","line":66}}, id: {0d10a4a5-2e90-49af-8f58-a0ec8516993b}
04-27 21:29:01.837 E/GeckoConsole( 1016): Content JS ERROR at app://homescreen.gaiamobile.org/gaia_build_defer_index.js:390 in loadSVConfFileError: Failed parsing singleVariant configuration file [js/singlevariantconf.json]:  [Exception... "File error: Not found"  nsresult: "0x80520012 (NS_ERROR_FILE_NOT_FOUND)"  location: "JS frame :: app://homescreen.gaiamobile.org/gaia_build_defer_index.js :: loadFile :: line 382"  data: no]
04-27 21:29:01.907 I/Gecko   (   84): 1398659341914	Marionette	INFO	sendToClient: {"from":"0","value":{"frame":{"ELEMENT":"{fec324a7-e11b-41be-a3c7-02b00ea02265}"},"src":"app://homescreen.gaiamobile.org/index.html#root","name":"Homescreen","origin":"app://homescreen.gaiamobile.org"}}, {0d10a4a5-2e90-49af-8f58-a0ec8516993b}, {0d10a4a5-2e90-49af-8f58-a0ec8516993b}
04-27 21:29:01.907 E/GeckoConsole(   84): Content JS LOG at dummy file:392 in GaiaApps.displayedApp: app with origin 'app://homescreen.gaiamobile.org' is displayed
04-27 21:29:01.957 I/Gecko   (   84): 1398659341966	Marionette	DEBUG	Got request: switchToFrame, data: {"to":"0","sessionId":"3-b2g","name":"switchToFrame","parameters":{"id":null,"focus":true}}, id: {7fd4f82f-fdfa-4a5b-a00e-00df29dd25c8}
04-27 21:29:01.957 I/Gecko   (   84): 1398659341971	Marionette	INFO	Switched to frame: {"frameValue":null}
04-27 21:29:02.097 I/Gecko   (   84): 1398659342112	Marionette	INFO	sendToClient: {"from":"0","ok":true}, {7fd4f82f-fdfa-4a5b-a00e-00df29dd25c8}, {7fd4f82f-fdfa-4a5b-a00e-00df29dd25c8}
04-27 21:29:02.127 I/Gecko   (   84): 1398659342138	Marionette	DEBUG	Got request: switchToFrame, data: {"to":"0","sessionId":"3-b2g","name":"switchToFrame","parameters":{"id":null,"focus":true}}, id: {814c5559-0d46-4e41-8a72-22798ac7e74f}
04-27 21:29:02.127 I/Gecko   (   84): 1398659342140	Marionette	INFO	Switched to frame: {"frameValue":null}
04-27 21:29:02.237 I/Gecko   (   84): 1398659342245	Marionette	INFO	sendToClient: {"from":"0","ok":true}, {814c5559-0d46-4e41-8a72-22798ac7e74f}, {814c5559-0d46-4e41-8a72-22798ac7e74f}
04-27 21:29:02.237 I/Gecko   (   84): 1398659342251	Marionette	DEBUG	Got request: executeWithCallback, data: {"to":"0","sessionId":"3-b2g","name":"executeAsyncScript","parameters":{"specialPowers":false,"scriptTimeout":null,"newSandbox":true,"args":[],"filename":"gaia_test.py","script":"return GaiaApps.displayedApp();","line":66}}, id: {0af27ddb-3af4-4ff0-b0dd-68040bbf4d0d}
04-27 21:29:04.267 W/WifiHW  (   84): wifi_command: SIGNAL_POLL
04-27 21:29:04.317 E/GeckoConsole(   84): Content JS LOG at dummy file:392 in GaiaApps.displayedApp: app with origin 'app://homescreen.gaiamobile.org' is displayed
04-27 21:29:04.327 I/Gecko   (   84): 1398659344334	Marionette	INFO	sendToClient: {"from":"0","value":{"frame":{"ELEMENT":"{fec324a7-e11b-41be-a3c7-02b00ea02265}"},"src":"app://homescreen.gaiamobile.org/index.html#root","name":"Homescreen","origin":"app://homescreen.gaiamobile.org"}}, {0af27ddb-3af4-4ff0-b0dd-68040bbf4d0d}, {0af27ddb-3af4-4ff0-b0dd-68040bbf4d0d}
04-27 21:29:04.517 I/Gecko   (   84): 1398659344532	Marionette	DEBUG	Got request: switchToFrame, data: {"to":"0","sessionId":"3-b2g","name":"switchToFrame","parameters":{"focus":true,"element":"{fec324a7-e11b-41be-a3c7-02b00ea02265}"}}, id: {d8c38b67-dd51-4623-a48c-555ffca3ea64}
04-27 21:29:04.607 I/Gecko   (   84): 1398659344603	Marionette	INFO	Switched to frame: {"frameValue":"{fec324a7-e11b-41be-a3c7-02b00ea02265}"}
04-27 21:29:04.607 I/Gecko   (   84): 1398659344617	Marionette	INFO	trying remote frame 0
04-27 21:29:04.607 I/Gecko   (   84): 1398659344618	Marionette	INFO	deleting frame
04-27 21:29:04.617 I/Gecko   (   84): 1398659344631	Marionette	INFO	frame-manager load script: [object ChromeMessageSender]
04-27 21:29:05.677 V/AudioPolicyManagerBase(   89): startOutput() output 1, stream 1, session 3
04-27 21:29:05.677 V/AudioPolicyManagerBase(   89): changeRefCount() stream 1, count 1
04-27 21:29:05.677 V/AudioPolicyManagerBase(   89): getDeviceForStrategy() from cache strategy 0, device 2
04-27 21:29:05.677 V/AudioPolicyManagerBase(   89): getNewDevice() selected device 2
04-27 21:29:05.677 D/AudioPolicyManagerBase(   89): setOutputDevice() output 1 device 2 delayMs 0
04-27 21:29:05.677 V/AudioPolicyManagerBase(   89): setOutputDevice() setting same device 2 or null device for output 1
04-27 21:29:05.677 E/AudioPolicyManagerBase(   89): checkAndSetVolume stream=1, index=0, output=1, device=2
04-27 21:29:05.677 E/AudioPolicyManagerBase(   89): computeVolume, streamDesc=0x1176bb8
04-27 21:29:05.707 W/AudioFlinger(   89): Thread AudioOut_1 cannot connect to the power manager service
04-27 21:29:05.707 V/AudioPolicyManagerBase(   89): stopOutput() output 1, stream 1, session 3
04-27 21:29:05.707 V/AudioPolicyManagerBase(   89): changeRefCount() stream 1, count 0
04-27 21:29:05.707 V/AudioPolicyManagerBase(   89): getNewDevice() selected device 0
04-27 21:29:05.707 D/AudioPolicyManagerBase(   89): setOutputDevice() output 1 device 0 delayMs 290
04-27 21:29:05.707 V/AudioPolicyManagerBase(   89): setOutputDevice() setting same device 0 or null device for output 1
04-27 21:29:05.727 V/AudioPolicyManagerBase(   89): releaseOutput() 1
04-27 21:29:05.737 I/audio_hw_primary(   89): select_devices_signal starting...
04-27 21:29:05.737 I/audio_hw_primary(   89): select_devices_signal finished.
04-27 21:29:05.737 W/audio_hw_primary(   89): open s_tinycard in
04-27 21:29:05.737 W/audio_hw_primary(   89): open s_tinycard successfully
04-27 21:29:05.737 I/audio_hw_primary(   89): Changing devices: 0x00000002
04-27 21:29:05.737 I/audio_hw_primary(   89): Set 'HeadPhone Function'.0 to 0
04-27 21:29:05.737 I/audio_hw_primary(   89): Set 'Earpiece Function'.0 to 0
04-27 21:29:05.737 I/audio_hw_primary(   89): Set 'Mic Function'.0 to 0
04-27 21:29:05.737 I/audio_hw_primary(   89): Set 'HP Mic Function'.0 to 0
04-27 21:29:05.737 I/audio_hw_primary(   89): Set 'Line Function'.0 to 0
04-27 21:29:05.737 I/audio_hw_primary(   89): Changing devices, mask: 0x00004002
04-27 21:29:05.757 I/Gecko   (   84): 1398659345767	Marionette	INFO	sendToClient: {"from":"0","ok":true}, {d8c38b67-dd51-4623-a48c-555ffca3ea64}, {d8c38b67-dd51-4623-a48c-555ffca3ea64}
04-27 21:29:05.867 I/audio_hw_primary(   89): Set 'Speaker Function'.0 to 1
04-27 21:29:05.867 W/audio_hw_primary(   89): GetAudio_pga_nv, dac_pga_gain_l:0xc3 adc_pga_gain_l:0xc fm_pga_gain_l:0xff fm_pga_gain_r:0xff device:0x2 vol_level:0x1 
04-27 21:29:05.867 D/audio_pga(   89): 'speaker-l' apply
04-27 21:29:05.867 I/audio_pga(   89): 'Master Playback Volume' set to 12
04-27 21:29:05.867 I/audio_pga(   89): 'Inter PA Playback Volume' set to 12
04-27 21:29:05.867 I/audio_pga(   89): 'VBC DACL DG Set' set to 0
04-27 21:29:05.867 I/audio_pga(   89): 'VBC DACL DG Switch' set to 0
04-27 21:29:05.867 D/audio_pga(   89): 'speaker-r' apply
04-27 21:29:05.867 I/audio_pga(   89): 'Master Playback Volume' set to 12
04-27 21:29:05.867 I/audio_pga(   89): 'Inter PA Playback Volume' set to 12
04-27 21:29:05.867 I/audio_pga(   89): 'VBC DACR DG Set' set to 0
04-27 21:29:05.867 I/audio_pga(   89): 'VBC DACR DG Switch' set to 0
04-27 21:29:05.867 W/audio_hw_primary(   89): SetAudio_gain_by_devices out, devices:0x2 
04-27 21:29:05.867 I/audio_hw_primary(   89): stream_routing_thread looping done.
04-27 21:29:05.867 I/audio_hw_primary(   89): stream_routing_thread looping now...
04-27 21:29:05.987 I/Gecko   (   84): 1398659346000	Marionette	INFO	sendToClient: {"from":"0","value":{"ELEMENT":"{e0f52508-dd73-44bd-b3ac-0b9a8b0813f7}"}}, {aa96e22f-b5fa-4558-8000-a0bcc1a7ee9a}, {aa96e22f-b5fa-4558-8000-a0bcc1a7ee9a}
04-27 21:29:06.607 E/GeckoConsole( 1016): [JavaScript Warning: "Use of getAttributeNode() is deprecated. Use getAttribute() instead." {file: "chrome://marionette/content/atoms.js" line: 25}]
04-27 21:29:06.607 E/GeckoConsole( 1016): [JavaScript Warning: "Use of attributes' specified attribute is deprecated. It always returns true." {file: "chrome://marionette/content/atoms.js" line: 25}]
04-27 21:29:06.607 I/Gecko   (   84): 1398659346616	Marionette	INFO	sendToClient: {"from":"0","value":"normal"}, {5a9d4f20-67a2-4b67-80de-333756f9dcf3}, {5a9d4f20-67a2-4b67-80de-333756f9dcf3}
04-27 21:29:06.617 I/Gecko   (   84): 1398659346622	Marionette	DEBUG	Got request: switchToFrame, data: {"to":"0","sessionId":"3-b2g","name":"switchToFrame","parameters":{"id":null,"focus":true}}, id: {fda8a113-100d-48b7-bdbd-19da649b84f7}
04-27 21:29:06.647 I/Gecko   (   84): 1398659346653	Marionette	INFO	Switched to frame: {"frameValue":null}
04-27 21:29:06.747 I/Gecko   (   84): 1398659346756	Marionette	INFO	sendToClient: {"from":"0","ok":true}, {fda8a113-100d-48b7-bdbd-19da649b84f7}, {fda8a113-100d-48b7-bdbd-19da649b84f7}
04-27 21:29:06.747 I/Gecko   (   84): 1398659346762	Marionette	DEBUG	Got request: execute, data: {"to":"0","sessionId":"3-b2g","name":"executeScript","parameters":{"specialPowers":false,"scriptTimeout":null,"newSandbox":true,"args":[],"filename":"gaia_test.py","script":"window.wrappedJSObject.dispatchEvent(new Event('home'));","line":788}}, id: {64a235db-33cc-4cb8-8ca4-5620ad9530ec}
04-27 21:29:06.877 I/Gecko   (   84): 1398659346885	Marionette	INFO	sendToClient: {"from":"0","value":null}, {64a235db-33cc-4cb8-8ca4-5620ad9530ec}, {64a235db-33cc-4cb8-8ca4-5620ad9530ec}
04-27 21:29:06.887 I/Gecko   (   84): 1398659346896	Marionette	DEBUG	Got request: switchToFrame, data: {"to":"0","sessionId":"3-b2g","name":"switchToFrame","parameters":{"id":null,"focus":true}}, id: {4c675a08-3d26-4db0-8bec-75d2a6c98bb2}
04-27 21:29:06.887 I/Gecko   (   84): 1398659346898	Marionette	INFO	Switched to frame: {"frameValue":null}
04-27 21:29:06.987 I/Gecko   (   84): 1398659347001	Marionette	INFO	sendToClient: {"from":"0","ok":true}, {4c675a08-3d26-4db0-8bec-75d2a6c98bb2}, {4c675a08-3d26-4db0-8bec-75d2a6c98bb2}
04-27 21:29:06.997 I/Gecko   (   84): 1398659347007	Marionette	DEBUG	Got request: switchToFrame, data: {"to":"0","sessionId":"3-b2g","name":"switchToFrame","parameters":{"id":null,"focus":true}}, id: {2909799e-4a96-4fc9-9e87-1abddfc8ccc0}
04-27 21:29:06.997 I/Gecko   (   84): 1398659347009	Marionette	INFO	Switched to frame: {"frameValue":null}
04-27 21:29:07.107 I/Gecko   (   84): 1398659347121	Marionette	INFO	sendToClient: {"from":"0","ok":true}, {2909799e-4a96-4fc9-9e87-1abddfc8ccc0}, {2909799e-4a96-4fc9-9e87-1abddfc8ccc0}
04-27 21:29:07.117 I/Gecko   (   84): 1398659347128	Marionette	DEBUG	Got request: executeWithCallback, data: {"to":"0","sessionId":"3-b2g","name":"executeAsyncScript","parameters":{"specialPowers":false,"scriptTimeout":null,"newSandbox":true,"args":[],"filename":"gaia_test.py","script":"return GaiaApps.displayedApp();","line":66}}, id: {615a98fd-98fe-4b84-84c9-84d56636e411}
04-27 21:29:07.187 I/Gecko   (   84): 1398659347196	Marionette	INFO	sendToClient: {"from":"0","value":{"frame":{"ELEMENT":"{fec324a7-e11b-41be-a3c7-02b00ea02265}"},"src":"app://homescreen.gaiamobile.org/index.html#rootSun%20Apr%2027%202014%2021:29:06%20GMT-0700%20(UTC)","name":"Homescreen","origin":"app://homescreen.gaiamobile.org"}}, {615a98fd-98fe-4b84-84c9-84d56636e411}, {615a98fd-98fe-4b84-84c9-84d56636e411}
04-27 21:29:07.187 E/GeckoConsole(   84): Content JS LOG at dummy file:392 in GaiaApps.displayedApp: app with origin 'app://homescreen.gaiamobile.org' is displayed
04-27 21:29:07.197 I/Gecko   (   84): 1398659347211	Marionette	DEBUG	Got request: switchToFrame, data: {"to":"0","sessionId":"3-b2g","name":"switchToFrame","parameters":{"focus":true,"element":"{fec324a7-e11b-41be-a3c7-02b00ea02265}"}}, id: {3bd18d98-4726-454e-b65b-dbad5eb5fba7}
04-27 21:29:07.217 I/Gecko   (   84): 1398659347224	Marionette	INFO	Switched to frame: {"frameValue":"{fec324a7-e11b-41be-a3c7-02b00ea02265}"}
04-27 21:29:07.217 I/Gecko   (   84): 1398659347227	Marionette	INFO	trying remote frame 0
04-27 21:29:07.417 I/Gecko   (   84): 1398659347430	Marionette	INFO	sendToClient: {"from":"0","ok":true}, {3bd18d98-4726-454e-b65b-dbad5eb5fba7}, {3bd18d98-4726-454e-b65b-dbad5eb5fba7}
04-27 21:29:07.427 I/Gecko   (   84): 1398659347437	Marionette	DEBUG	Got request: execute, data: {"to":"0","sessionId":"3-b2g","name":"executeScript","parameters":{"specialPowers":false,"scriptTimeout":null,"newSandbox":true,"args":[],"filename":"gaia_test.py","script":"return window.wrappedJSObject.GridManager.pageHelper.getCurrentPageNumber();","line":784}}, id: {fda9d921-6b66-4786-bfef-fad867baad35}
04-27 21:29:07.687 I/Gecko   (   84): 1398659347699	Marionette	INFO	sendToClient: {"from":"0","value":0}, {fda9d921-6b66-4786-bfef-fad867baad35}, {fda9d921-6b66-4786-bfef-fad867baad35}
04-27 21:29:08.087 I/Gecko   (   84): 1398659348098	Marionette	INFO	sendToClient: {"from":"0","value":["{bce211e8-23ce-4554-8167-c632c05de298}","{224b1fca-030f-47d4-a827-812b651305b7}","{db0de58e-bf87-4ca4-bba9-0e2a45f9f8d9}","{31d27a78-f9bd-4592-ba5e-35e0516c3101}","{83980a42-b604-4c89-a8e7-62a828a4edef}","{fa5d84ba-2cc6-41e0-a56e-cbc74083e238}","{eaf07354-f0ba-4d3f-85b4-7611b2cb5641}","{07531db1-9e83-4f97-b43b-68bb683a252d}","{aa34e547-c66a-4474-9f49-afe06f1ca2f8}","{d275121d-32f0-4275-b3f7-fe13e0b1a63e}","{acec07aa-efd9-49ab-9aa1-3ef4f6a2e6c4}","{f4ef2405-18f1-49b8-aaa0-ef2c35ec49bf}","{374a54de-2c93-4010-9d39-3dd740a42697}","{6dfe712e-0290-4c38-a7a9-079cf4e9cb4b}","{91685680-86c7-45ef-9701-04224ebda3e7}","{05690999-55a3-468e-8431-2e75b43e74bc}","{63dc27d2-5273-4e8f-9775-14d78ef1ac21}","{4f788c9a-44ae-4f55-a2a3-ac45bfdf6c9a}","{7c93c3e4-4282-4fcb-9ebf-443a9876b92a}","{c42cac24-42c4-46bb-861b-ca4303171e8d}","{856da2a9-6660-48f2-86f5-e35a63340c29}","{897352ef-4eb2-4646-8f59-c4f13507d1c1}","{f4ba4b74-842c-4eff-a583-ea48b6c59af4}","{f54add05-816f
04-27 21:29:08.307 I/Gecko   (   84): 1398659348316	Marionette	INFO	sendToClient: {"from":"0","value":"app://homescreen.gaiamobile.org/index.html#rootSun%20Apr%2027%202014%2021:29:06%20GMT-0700%20(UTC)"}, {f6d682d8-eb7b-4a8f-909d-b6a3ab43aae9}, {f6d682d8-eb7b-4a8f-909d-b6a3ab43aae9}
04-27 21:29:08.317 I/Gecko   (   84): 1398659348323	Marionette	DEBUG	Got request: switchToFrame, data: {"to":"0","sessionId":"3-b2g","name":"switchToFrame","parameters":{"id":null,"focus":true}}, id: {f9458e91-2f0d-4ce8-8102-7487f3cefc1f}
04-27 21:29:08.337 I/Gecko   (   84): 1398659348343	Marionette	INFO	Switched to frame: {"frameValue":null}
04-27 21:29:08.437 I/Gecko   (   84): 1398659348446	Marionette	INFO	sendToClient: {"from":"0","ok":true}, {f9458e91-2f0d-4ce8-8102-7487f3cefc1f}, {f9458e91-2f0d-4ce8-8102-7487f3cefc1f}
04-27 21:29:08.437 I/Gecko   (   84): 1398659348452	Marionette	DEBUG	Got request: switchToFrame, data: {"to":"0","sessionId":"3-b2g","name":"switchToFrame","parameters":{"id":null,"focus":true}}, id: {9c1d4082-a507-44ba-a8b5-d5817b7ba712}
04-27 21:29:08.447 I/Gecko   (   84): 1398659348454	Marionette	INFO	Switched to frame: {"frameValue":null}
04-27 21:29:08.737 W/audio_hw_primary(   89): do_output_standby.mode:0 
04-27 21:29:08.787 I/Gecko   (   84): 1398659348797	Marionette	INFO	sendToClient: {"from":"0","ok":true}, {9c1d4082-a507-44ba-a8b5-d5817b7ba712}, {9c1d4082-a507-44ba-a8b5-d5817b7ba712}
04-27 21:29:08.797 I/Gecko   (   84): 1398659348808	Marionette	DEBUG	Got request: executeWithCallback, data: {"to":"0","sessionId":"3-b2g","name":"executeAsyncScript","parameters":{"specialPowers":false,"scriptTimeout":30000,"newSandbox":true,"args":[],"filename":"app_checker.py","script":"GaiaApps.launchWithManifestURL('http://bozos.github.io/rock-paper-scissors/manifest.webapp')","line":106}}, id: {2d1ff161-8341-4538-8173-4efa49eed5bf}
04-27 21:29:08.987 I/Gonk    (   84): Setting nice for pid 1023 to 18
04-27 21:29:08.987 I/Gonk    (   84): Changed nice for pid 1023 from 18 to 18.
04-27 21:29:08.987 I/Gecko   (   84): [Parent 84] WARNING: waitpid failed pid:1023 errno:10: file ../../../gecko/ipc/chromium/src/base/process_util_posix.cc, line 254
04-27 21:29:09.027 I/Gonk    (   84): Setting nice for pid 1023 to 1
04-27 21:29:09.027 I/Gonk    (   84): Changed nice for pid 1023 from 18 to 1.
04-27 21:29:09.097 E/GeckoConsole(   84): Content JS LOG at dummy file:334 in GaiaApps.launch: launching app with name 'RPS'
04-27 21:29:09.317 E/[Gralloc-ERROR](   84): int gralloc_register_buffer(const gralloc_module_t*, const native_handle_t*):79 Unable to register handle 0x45447600 coming from different process: 84
04-27 21:29:09.377 E/[Gralloc-ERROR](   84): int gralloc_register_buffer(const gralloc_module_t*, const native_handle_t*):79 Unable to register handle 0x454476a0 coming from different process: 84
04-27 21:29:09.407 E/[Gralloc-ERROR](   84): int gralloc_register_buffer(const gralloc_module_t*, const native_handle_t*):79 Unable to register handle 0x45447e20 coming from different process: 84
04-27 21:29:09.407 E/[Gralloc-ERROR](   84): int gralloc_register_buffer(const gralloc_module_t*, const native_handle_t*):79 Unable to register handle 0x45465a10 coming from different process: 84
04-27 21:29:09.457 D/Sensors (   84): activate handle=0; drv=0
04-27 21:29:09.477 D/Sensors (   84): Lis3dhSensor: Control set 1
04-27 21:29:09.477 D/Sensors (   84): Lis3dhSensor: mEnabled = 1
04-27 21:29:09.507 W/WifiHW  (   84): wifi_command: SIGNAL_POLL
04-27 21:29:10.867 I/Gonk    (   84): Setting nice for pid 1016 to 18
04-27 21:29:10.867 I/Gonk    (   84): Changed nice for pid 1016 from 1 to 18.
04-27 21:29:11.937 I/Gecko   ( 1023): ###################################### forms.js loaded
04-27 21:29:11.967 I/Gecko   ( 1023): ############################### browserElementPanning.js loaded
04-27 21:29:11.997 I/Gecko   ( 1023): ######################## BrowserElementChildPreload.js loaded
04-27 21:29:12.097 I/Gecko   (   84): 
04-27 21:29:12.097 I/Gecko   (   84): ###!!! [Parent][MessageChannel] Error: Channel error: cannot send/recv
04-27 21:29:12.097 I/Gecko   (   84): 
04-27 21:29:12.137 I/GeckoDump(   84): Crash reporter : Can't fetch app.reportCrashes. Exception: [Exception... "Component returned failure code: 0x8000ffff (NS_ERROR_UNEXPECTED) [nsIPrefBranch.getBoolPref]"  nsresult: "0x8000ffff (NS_ERROR_UNEXPECTED)"  location: "JS frame :: chrome://browser/content/shell.js :: shell_reportCrash :: line 7"  data: no]
04-27 21:29:12.157 I/Gecko   (   84): [Parent 84] WARNING: waitpid failed pid:1016 errno:10: file ../../../gecko/ipc/chromium/src/base/process_util_posix.cc, line 254
04-27 21:29:14.157 I/Gecko   (   84): [Parent 84] WARNING: waitpid failed pid:1016 errno:10: file ../../../gecko/ipc/chromium/src/base/process_util_posix.cc, line 254
04-27 21:29:14.157 I/Gecko   (   84): [Parent 84] WARNING: Failed to deliver SIGKILL to 1016!(3).: file ../../../gecko/ipc/chromium/src/chrome/common/process_watcher_posix_sigchld.cc, line 118
04-27 21:29:14.247 I/Gonk    (   84): Setting nice for pid 1137 to 18
04-27 21:29:14.247 I/Gonk    (   84): Changed nice for pid 1137 from 0 to 18.
04-27 21:29:14.267 E/GeckoConsole(   84): Content JS LOG at dummy file:326 in GaiaApps.launch/appOpen/<: app with origin 'http://bozos.github.io' has launched
04-27 21:29:14.267 I/Gecko   (   84): 1398659354276	Marionette	INFO	sendToClient: {"from":"0","value":{"frame":{"ELEMENT":"{c366e99f-28be-425c-8fb7-83c1b0779f5c}"},"src":"http://bozos.github.io/rock-paper-scissors/","name":"RPS","origin":"http://bozos.github.io"}}, {2d1ff161-8341-4538-8173-4efa49eed5bf}, {2d1ff161-8341-4538-8173-4efa49eed5bf}
04-27 21:29:14.277 E/[Gralloc-ERROR](   84): int gralloc_unregister_buffer(const gralloc_module_t*, const native_handle_t*):274 Trying to unregister buffer 0x454476a0 from process 84 that was not created in current process: 84
04-27 21:29:14.277 E/[Gralloc-ERROR](   84): int gralloc_unregister_buffer(const gralloc_module_t*, const native_handle_t*):274 Trying to unregister buffer 0x45447600 from process 84 that was not created in current process: 84
04-27 21:29:14.277 E/[Gralloc-ERROR](   84): int gralloc_unregister_buffer(const gralloc_module_t*, const native_handle_t*):274 Trying to unregister buffer 0x45465a10 from process 84 that was not created in current process: 84
04-27 21:29:14.277 E/[Gralloc-ERROR](   84): int gralloc_unregister_buffer(const gralloc_module_t*, const native_handle_t*):274 Trying to unregister buffer 0x45447e20 from process 84 that was not created in current process: 84
04-27 21:29:14.327 I/Gonk    (   84): Setting nice for pid 1137 to 18
04-27 21:29:14.327 I/Gonk    (   84): Changed nice for pid 1137 from 18 to 18.
04-27 21:29:14.327 I/Gecko   (   84): [Parent 84] WARNING: waitpid failed pid:1137 errno:10: file ../../../gecko/ipc/chromium/src/base/process_util_posix.cc, line 254
04-27 21:29:14.357 I/Gecko   (   84): 1398659354368	Marionette	DEBUG	Got request: switchToFrame, data: {"to":"0","sessionId":"3-b2g","name":"switchToFrame","parameters":{"focus":true,"element":"{c366e99f-28be-425c-8fb7-83c1b0779f5c}"}}, id: {16255f88-2f58-4ca8-9347-3eac9983e162}
04-27 21:29:14.407 I/Gecko   (   84): 1398659354416	Marionette	INFO	Switched to frame: {"frameValue":"{c366e99f-28be-425c-8fb7-83c1b0779f5c}"}
04-27 21:29:14.417 I/Gonk    (   84): Setting nice for pid 1145 to 18
04-27 21:29:14.427 I/Gonk    (   84): Changed nice for pid 1145 from 0 to 18.
04-27 21:29:14.447 I/Gecko   (   84): 1398659354455	Marionette	INFO	trying remote frame 0
04-27 21:29:14.447 I/Gecko   (   84): 1398659354456	Marionette	INFO	deleting frame
04-27 21:29:14.447 I/Gecko   (   84): 1398659354462	Marionette	INFO	frame-manager load script: [object ChromeMessageSender]
04-27 21:29:14.537 W/WifiHW  (   84): wifi_command: SIGNAL_POLL
04-27 21:29:15.157 I/Gecko   (   84): 1398659355171	Marionette	INFO	sendToClient: {"from":"0","ok":true}, {16255f88-2f58-4ca8-9347-3eac9983e162}, {16255f88-2f58-4ca8-9347-3eac9983e162}
04-27 21:29:15.177 I/Gecko   (   84): 1398659355192	Marionette	INFO	sendToClient: {"from":"0","value":"http://bozos.github.io/rock-paper-scissors/"}, {4eb244cd-e7b5-43d2-a4d2-f8b415b0a28d}, {4eb244cd-e7b5-43d2-a4d2-f8b415b0a28d}
04-27 21:29:15.187 I/Gecko   (   84): 1398659355199	Marionette	DEBUG	Got request: execute, data: {"to":"0","sessionId":"3-b2g","name":"executeScript","parameters":{"specialPowers":false,"scriptTimeout":null,"newSandbox":true,"args":[],"filename":"app_checker.py","script":"return window.document.readyState;","line":191}}, id: {b5c21d39-3b59-48ab-8e5a-e4201e0401ca}
04-27 21:29:15.247 I/Gecko   (   84): 1398659355257	Marionette	INFO	sendToClient: {"from":"0","value":"complete"}, {b5c21d39-3b59-48ab-8e5a-e4201e0401ca}, {b5c21d39-3b59-48ab-8e5a-e4201e0401ca}
04-27 21:29:15.257 I/Gecko   (   84): 1398659355265	Marionette	INFO	sendToClient: {"from":"0","value":"http://bozos.github.io/rock-paper-scissors/"}, {1b7ed7b0-dd0c-44de-be04-ee2cc18117ea}, {1b7ed7b0-dd0c-44de-be04-ee2cc18117ea}
04-27 21:29:15.267 I/Gecko   ( 1023): Attempting load of libEGL.so
04-27 21:29:15.337 I/Gonk    (   84): Setting nice for pid 1137 to 18
04-27 21:29:15.337 I/Gonk    (   84): Changed nice for pid 1137 from 18 to 18.
04-27 21:29:15.347 D/libEGL  ( 1023): loaded /system/lib/egl/libEGL_mali.so
04-27 21:29:15.377 D/libEGL  ( 1023): loaded /system/lib/egl/libGLESv1_CM_mali.so
04-27 21:29:15.377 D/libEGL  ( 1023): loaded /system/lib/egl/libGLESv2_mali.so
04-27 21:29:15.427 I/Gecko   ( 1023): SharedSurface_Gralloc::Create -------
04-27 21:29:15.467 I/Gecko   ( 1023): SharedSurface_Gralloc::Create: success -- surface 0x43e56740, GraphicBuffer 0x435a2f00.
04-27 21:29:15.707 I/log     ( 1156): <4>0[ 204.932225] select 1137 ((Preallocated a), adj 8, size 2628, to kill 
04-27 21:29:15.897 I/Gecko   (   84): 
04-27 21:29:15.897 I/Gecko   (   84): ###!!! [Parent][MessageChannel] Error: Channel error: cannot send/recv
04-27 21:29:15.897 I/Gecko   (   84): 
04-27 21:29:16.147 I/GeckoDump(   84): Crash reporter : Can't fetch app.reportCrashes. Exception: [Exception... "Component returned failure code: 0x8000ffff (NS_ERROR_UNEXPECTED) [nsIPrefBranch.getBoolPref]"  nsresult: "0x8000ffff (NS_ERROR_UNEXPECTED)"  location: "JS frame :: chrome://browser/content/shell.js :: shell_reportCrash :: line 7"  data: no]
04-27 21:29:16.157 I/Gecko   (   84): [Parent 84] WARNING: waitpid failed pid:1137 errno:10: file ../../../gecko/ipc/chromium/src/base/process_util_posix.cc, line 254
04-27 21:29:16.387 I/Gecko   (   84): 1398659356381	Marionette	INFO	sendToClient: {"from":"0","value":"iVBORw0KGgoAAAANSUhEUgAAAUAAAAHMCAYAAACk4nEJAAAgAElEQVR4nOydd1xUx97/1fTkibk3T3KfJPd3c2/y3NzHJN4bOyggIGBL7GJDjQ1LrLGEGNtiAxFFbIgVxYJYULCgIIJY6FIWkTL03rvU/fz+OMsC7gF2l11ml515vd5/wM45O+d7vuezc2a+850ehBAwGAyGNtKDdgMYDAaDFkwAGQyG1sIEkMFgaC1MABkMhtbCBJDBYGgtTAAZDIbWwgSQwWBoLUwAGQyG1sIEkMFgaC1MABkMhtbCBJDBYGgtTAAZDIbWwgSQwWBoLUwAGQyG1sIEkMFgaC1MABkMhtbCBJDBYGgtTAAZDIbWwgSQwWBoLUwAGQyG1sIEkMFgaC1MABkMhtbCBJDBYGgtTAAZDIbWwgSQwWBoLUwAGQyG1sIEkMFgaC1MABkMhtbCBJDBYGgtTAAZDIbWwgSQwWBoLUwAGQyG1sIEkMFgaC1MABkMhtbCBJDBYGgtTAAZDIbWwgSQwWBoLUwAGQyG1qKWAnj37l388ccfmDVrFsaPH49Ro0bByMgIenp60NfXh6mpKaZPn47Nmzfj1q1bSEhIoN7m14mOjsaWLVswYMAADBo0CHZ2dp06n7e3NzZt2gQLC4t2bbJlyxbcvn1bLW2ijvj4+GD9+vUYPnw4vv76a3z66af46KOP8Kc//QlGRkZISkqi3kaG6lBLAZw4cSJ69OghM2+88Qa+//577Nu3Ty0e/NDQUHz88cet2jh37twutcmbb76JQYMG4dSpU9TtoW4kJCRg586d+Mtf/tKuDT/66CPqbWWoFrUUQAcHB7ke9pb8v//3/+Dr60u1/Tdv3pRql6WlJTWbDBgwAOHh4dTvqzrg7++Pb775Ria7DR8+XGnfKxQKERkZifj4eOo2YDSjlgIYGxuLP//5z7xO2bNnT/Tq1atdx/
04-27 21:29:16.677 I/Gecko   (   84): 1398659356691	Marionette	INFO	sendToClient: {"from":"0","ok":true}, {412e03e8-7d8c-4c07-99aa-740809359d95}, {412e03e8-7d8c-4c07-99aa-740809359d95}
04-27 21:29:16.697 I/Gecko   (   84): 1398659356708	Marionette	DEBUG	Got request: switchToFrame, data: {"to":"0","sessionId":"3-b2g","name":"switchToFrame","parameters":{"id":null,"focus":true}}, id: {877cd146-b5b2-460b-8e19-823b1170e634}
04-27 21:29:16.727 I/Gecko   (   84): 1398659356733	Marionette	INFO	Switched to frame: {"frameValue":null}
04-27 21:29:16.827 I/Gecko   (   84): 1398659356836	Marionette	INFO	sendToClient: {"from":"0","ok":true}, {877cd146-b5b2-460b-8e19-823b1170e634}, {877cd146-b5b2-460b-8e19-823b1170e634}
04-27 21:29:16.827 I/Gecko   (   84): 1398659356842	Marionette	DEBUG	Got request: executeWithCallback, data: {"to":"0","sessionId":"3-b2g","name":"executeAsyncScript","parameters":{"specialPowers":false,"scriptTimeout":null,"newSandbox":true,"args":[],"filename":"gaia_test.py","script":"return GaiaApps.displayedApp();","line":66}}, id: {c46ef797-60b8-466a-87de-466fdab538b7}
04-27 21:29:16.917 I/Gecko   (   84): 1398659356930	Marionette	INFO	sendToClient: {"from":"0","value":{"frame":{"ELEMENT":"{c366e99f-28be-425c-8fb7-83c1b0779f5c}"},"src":"http://bozos.github.io/rock-paper-scissors/","name":"RPS","origin":"http://bozos.github.io"}}, {c46ef797-60b8-466a-87de-466fdab538b7}, {c46ef797-60b8-466a-87de-466fdab538b7}
04-27 21:29:16.927 E/GeckoConsole(   84): Content JS LOG at dummy file:392 in GaiaApps.displayedApp: app with origin 'http://bozos.github.io' is displayed
04-27 21:29:16.927 I/Gecko   (   84): 1398659356942	Marionette	DEBUG	Got request: switchToFrame, data: {"to":"0","sessionId":"3-b2g","name":"switchToFrame","parameters":{"id":null,"focus":true}}, id: {715dbf54-3c0f-4dec-8862-6e8fed2a5866}
04-27 21:29:16.937 I/Gecko   (   84): 1398659356944	Marionette	INFO	Switched to frame: {"frameValue":null}
04-27 21:29:17.037 I/Gecko   (   84): 1398659357052	Marionette	INFO	sendToClient: {"from":"0","ok":true}, {715dbf54-3c0f-4dec-8862-6e8fed2a5866}, {715dbf54-3c0f-4dec-8862-6e8fed2a5866}
04-27 21:29:17.057 I/Gecko   (   84): 1398659357068	Marionette	DEBUG	Got request: execute, data: {"to":"0","sessionId":"3-b2g","name":"executeScript","parameters":{"specialPowers":false,"scriptTimeout":null,"newSandbox":true,"args":[],"filename":"gaia_test.py","script":"window.wrappedJSObject.dispatchEvent(new Event('home'));","line":788}}, id: {eccde4ec-2d52-4f07-a311-d0753b31eb31}
04-27 21:29:17.157 I/Gonk    (   84): Setting nice for pid 1145 to 18
04-27 21:29:17.157 I/Gonk    (   84): Changed nice for pid 1145 from 18 to 18.
04-27 21:29:17.157 I/Gecko   (   84): [Parent 84] WARNING: waitpid failed pid:1145 errno:10: file ../../../gecko/ipc/chromium/src/base/process_util_posix.cc, line 254
04-27 21:29:17.157 I/Gonk    (   84): Setting nice for pid 1145 to 1
04-27 21:29:17.157 I/Gonk    (   84): Changed nice for pid 1145 from 18 to 1.
04-27 21:29:17.227 D/Sensors (   84): activate handle=0; drv=0
04-27 21:29:17.227 D/Sensors (   84): Lis3dhSensor: Control set 0
04-27 21:29:17.227 D/Sensors (   84): Lis3dhSensor: mEnabled = 0
04-27 21:29:17.257 I/Gecko   (   84): 1398659357263	Marionette	INFO	sendToClient: {"from":"0","value":null}, {eccde4ec-2d52-4f07-a311-d0753b31eb31}, {eccde4ec-2d52-4f07-a311-d0753b31eb31}
04-27 21:29:17.277 I/Gecko   (   84): 1398659357284	Marionette	DEBUG	Got request: switchToFrame, data: {"to":"0","sessionId":"3-b2g","name":"switchToFrame","parameters":{"id":null,"focus":true}}, id: {4fdabd72-fdf0-426b-98b1-c3662e08c5ed}
04-27 21:29:17.277 I/Gecko   (   84): 1398659357292	Marionette	INFO	Switched to frame: {"frameValue":null}
04-27 21:29:17.387 I/Gecko   (   84): 1398659357400	Marionette	INFO	sendToClient: {"from":"0","ok":true}, {4fdabd72-fdf0-426b-98b1-c3662e08c5ed}, {4fdabd72-fdf0-426b-98b1-c3662e08c5ed}
04-27 21:29:17.397 I/Gecko   (   84): 1398659357407	Marionette	DEBUG	Got request: executeWithCallback, data: {"to":"0","sessionId":"3-b2g","name":"executeAsyncScript","parameters":{"specialPowers":false,"scriptTimeout":null,"newSandbox":true,"args":[],"filename":"gaia_test.py","script":"return GaiaApps.displayedApp();","line":66}}, id: {9571ccc1-71d3-41f1-9248-53ec1a17e62e}
04-27 21:29:17.447 I/Gecko   (   84): 1398659357458	Marionette	INFO	sendToClient: {"from":"0","value":{"frame":{"ELEMENT":"{4748263a-93ce-45b5-84e4-83916402c533}"},"src":"app://homescreen.gaiamobile.org/index.html#root","name":"Homescreen","origin":"app://homescreen.gaiamobile.org"}}, {9571ccc1-71d3-41f1-9248-53ec1a17e62e}, {9571ccc1-71d3-41f1-9248-53ec1a17e62e}
04-27 21:29:17.457 E/GeckoConsole(   84): Content JS LOG at dummy file:392 in GaiaApps.displayedApp: app with origin 'app://homescreen.gaiamobile.org' is displayed
04-27 21:29:17.477 I/Gecko   (   84): 1398659357491	Marionette	DEBUG	Got request: switchToFrame, data: {"to":"0","sessionId":"3-b2g","name":"switchToFrame","parameters":{"id":null,"focus":true}}, id: {53a83809-c05b-43d9-8bbd-17011a5aa09d}
04-27 21:29:17.507 I/Gecko   (   84): 1398659357517	Marionette	INFO	Switched to frame: {"frameValue":null}
04-27 21:29:17.607 I/Gecko   (   84): 1398659357621	Marionette	INFO	sendToClient: {"from":"0","ok":true}, {53a83809-c05b-43d9-8bbd-17011a5aa09d}, {53a83809-c05b-43d9-8bbd-17011a5aa09d}
04-27 21:29:17.617 I/Gecko   (   84): 1398659357627	Marionette	DEBUG	Got request: switchToFrame, data: {"to":"0","sessionId":"3-b2g","name":"switchToFrame","parameters":{"id":null,"focus":true}}, id: {d367d25a-5578-4033-93c4-cd894512cb33}
04-27 21:29:17.617 I/Gecko   (   84): 1398659357629	Marionette	INFO	Switched to frame: {"frameValue":null}
04-27 21:29:17.727 I/Gecko   (   84): 1398659357735	Marionette	INFO	sendToClient: {"from":"0","ok":true}, {d367d25a-5578-4033-93c4-cd894512cb33}, {d367d25a-5578-4033-93c4-cd894512cb33}
04-27 21:29:17.757 I/Gecko   (   84): 1398659357768	Marionette	DEBUG	Got request: executeWithCallback, data: {"to":"0","sessionId":"3-b2g","name":"executeAsyncScript","parameters":{"specialPowers":false,"scriptTimeout":null,"newSandbox":true,"args":[],"filename":"gaia_test.py","script":"return GaiaApps.displayedApp();","line":66}}, id: {68e96feb-5b34-4f79-a292-0f967ea4f68c}
04-27 21:29:17.857 E/GeckoConsole(   84): Content JS LOG at dummy file:392 in GaiaApps.displayedApp: app with origin 'app://homescreen.gaiamobile.org' is displayed
04-27 21:29:17.887 I/Gecko   (   84): 1398659357894	Marionette	INFO	sendToClient: {"from":"0","value":{"frame":{"ELEMENT":"{4748263a-93ce-45b5-84e4-83916402c533}"},"src":"app://homescreen.gaiamobile.org/index.html#root","name":"Homescreen","origin":"app://homescreen.gaiamobile.org"}}, {68e96feb-5b34-4f79-a292-0f967ea4f68c}, {68e96feb-5b34-4f79-a292-0f967ea4f68c}
04-27 21:29:17.897 I/Gecko   (   84): 1398659357911	Marionette	DEBUG	Got request: switchToFrame, data: {"to":"0","sessionId":"3-b2g","name":"switchToFrame","parameters":{"focus":true,"element":"{4748263a-93ce-45b5-84e4-83916402c533}"}}, id: {8a6397ff-d3ff-4f12-95a9-bf443e42c03c}
04-27 21:29:17.907 I/Gecko   (   84): 1398659357919	Marionette	INFO	Switched to frame: {"frameValue":"{4748263a-93ce-45b5-84e4-83916402c533}"}
04-27 21:29:17.927 I/Gecko   (   84): 1398659357935	Marionette	INFO	trying remote frame 0
04-27 21:29:17.927 I/Gecko   (   84): 1398659357936	Marionette	INFO	deleting frame
04-27 21:29:17.927 I/Gecko   (   84): 1398659357941	Marionette	INFO	frame-manager load script: [object ChromeMessageSender]
04-27 21:29:18.157 I/Gecko   (   84): [Parent 84] WARNING: waitpid failed pid:1137 errno:10: file ../../../gecko/ipc/chromium/src/base/process_util_posix.cc, line 254
04-27 21:29:18.157 I/Gecko   (   84): [Parent 84] WARNING: Failed to deliver SIGKILL to 1137!(3).: file ../../../gecko/ipc/chromium/src/chrome/common/process_watcher_posix_sigchld.cc, line 118
04-27 21:29:18.527 E/[Gralloc-ERROR](   84): int gralloc_register_buffer(const gralloc_module_t*, const native_handle_t*):79 Unable to register handle 0x44a12330 coming from different process: 84
04-27 21:29:18.527 E/[Gralloc-ERROR](   84): int gralloc_register_buffer(const gralloc_module_t*, const native_handle_t*):79 Unable to register handle 0x44a12ab0 coming from different process: 84
04-27 21:29:18.787 E/[Gralloc-ERROR](   84): int gralloc_unregister_buffer(const gralloc_module_t*, const native_handle_t*):274 Trying to unregister buffer 0x44a12ab0 from process 84 that was not created in current process: 84
04-27 21:29:18.787 E/[Gralloc-ERROR](   84): int gralloc_unregister_buffer(const gralloc_module_t*, const native_handle_t*):274 Trying to unregister buffer 0x44a12330 from process 84 that was not created in current process: 84
04-27 21:29:19.077 I/Gecko   ( 1145): ###################################### forms.js loaded
04-27 21:29:19.127 I/Gonk    (   84): Setting nice for pid 1023 to 18
04-27 21:29:19.127 I/Gonk    (   84): Changed nice for pid 1023 from 1 to 18.
04-27 21:29:19.177 I/Gecko   ( 1145): ############################### browserElementPanning.js loaded
04-27 21:29:19.207 I/Gecko   ( 1145): ######################## BrowserElementChildPreload.js loaded
04-27 21:29:19.457 I/Gonk    (   84): Setting nice for pid 1160 to 18
04-27 21:29:19.457 I/Gonk    (   84): Changed nice for pid 1160 from 0 to 18.
04-27 21:29:19.537 W/WifiHW  (   84): wifi_command: SIGNAL_POLL
04-27 21:29:20.147 I/Gecko   (   84): 
04-27 21:29:20.147 I/Gecko   (   84): ###!!! [Parent][MessageChannel] Error: Channel error: cannot send/recv
04-27 21:29:20.147 I/Gecko   (   84): 
04-27 21:29:20.307 I/GeckoDump(   84): Crash reporter : Can't fetch app.reportCrashes. Exception: [Exception... "Component returned failure code: 0x8000ffff (NS_ERROR_UNEXPECTED) [nsIPrefBranch.getBoolPref]"  nsresult: "0x8000ffff (NS_ERROR_UNEXPECTED)"  location: "JS frame :: chrome://browser/content/shell.js :: shell_reportCrash :: line 7"  data: no]
04-27 21:29:20.317 I/Gecko   (   84): [Parent 84] WARNING: waitpid failed pid:1023 errno:10: file ../../../gecko/ipc/chromium/src/base/process_util_posix.cc, line 254
04-27 21:29:20.897 I/Gecko   (   84): 1398659360904	Marionette	INFO	sendToClient: {"from":"0","ok":true}, {8a6397ff-d3ff-4f12-95a9-bf443e42c03c}, {8a6397ff-d3ff-4f12-95a9-bf443e42c03c}
04-27 21:29:21.357 I/Gecko   (   84): 1398659361371	Marionette	INFO	sendToClient: {"from":"0","value":"app://homescreen.gaiamobile.org/index.html#root"}, {e7a5351d-8e1c-43ed-bfa1-aa1293164ad1}, {e7a5351d-8e1c-43ed-bfa1-aa1293164ad1}
04-27 21:29:21.367 I/Gecko   (   84): 1398659361378	Marionette	DEBUG	Got request: switchToFrame, data: {"to":"0","sessionId":"3-b2g","name":"switchToFrame","parameters":{"id":null,"focus":true}}, id: {26de74d7-14b4-42fc-84dd-27abbc0ba2f9}
04-27 21:29:21.397 I/Gecko   (   84): 1398659361406	Marionette	INFO	Switched to frame: {"frameValue":null}
04-27 21:29:21.457 I/Gecko   ( 1160): ###################################### forms.js loaded
04-27 21:29:21.497 I/Gecko   ( 1160): ############################### browserElementPanning.js loaded
04-27 21:29:21.517 I/Gecko   (   84): 1398659361525	Marionette	INFO	sendToClient: {"from":"0","ok":true}, {26de74d7-14b4-42fc-84dd-27abbc0ba2f9}, {26de74d7-14b4-42fc-84dd-27abbc0ba2f9}
04-27 21:29:21.517 I/Gecko   (   84): 1398659361531	Marionette	DEBUG	Got request: switchToFrame, data: {"to":"0","sessionId":"3-b2g","name":"switchToFrame","parameters":{"id":null,"focus":true}}, id: {28a2d705-4dad-4ce3-9f8a-ddc9c6a2443d}
04-27 21:29:21.517 I/Gecko   (   84): 1398659361532	Marionette	INFO	Switched to frame: {"frameValue":null}
04-27 21:29:21.567 I/Gecko   ( 1160): ######################## BrowserElementChildPreload.js loaded
04-27 21:29:21.637 I/Gecko   (   84): 1398659361645	Marionette	INFO	sendToClient: {"from":"0","ok":true}, {28a2d705-4dad-4ce3-9f8a-ddc9c6a2443d}, {28a2d705-4dad-4ce3-9f8a-ddc9c6a2443d}
04-27 21:29:21.637 I/Gecko   (   84): 1398659361651	Marionette	DEBUG	Got request: executeWithCallback, data: {"to":"0","sessionId":"3-b2g","name":"executeAsyncScript","parameters":{"specialPowers":false,"scriptTimeout":null,"newSandbox":true,"args":[],"filename":"gaia_test.py","script":"GaiaApps.killAll()","line":91}}, id: {f7a81e81-a51c-44e0-a666-d2d8954acd6f}
04-27 21:29:21.737 I/Gecko   (   84): 1398659361746	Marionette	INFO	sendToClient: {"from":"0","value":true}, {f7a81e81-a51c-44e0-a666-d2d8954acd6f}, {f7a81e81-a51c-44e0-a666-d2d8954acd6f}
04-27 21:29:21.767 I/Gecko   (   84): 1398659361774	Marionette	DEBUG	Got request: switchToFrame, data: {"to":"0","sessionId":"3-b2g","name":"switchToFrame","parameters":{"id":null,"focus":true}}, id: {857a0751-b65e-44bb-9c16-030222981702}
04-27 21:29:21.767 I/Gecko   (   84): 1398659361775	Marionette	INFO	Switched to frame: {"frameValue":null}
04-27 21:29:21.867 I/Gecko   (   84): 1398659361878	Marionette	INFO	sendToClient: {"from":"0","ok":true}, {857a0751-b65e-44bb-9c16-030222981702}, {857a0751-b65e-44bb-9c16-030222981702}
04-27 21:29:21.877 I/Gecko   (   84): 1398659361884	Marionette	DEBUG	Got request: executeWithCallback, data: {"to":"0","sessionId":"3-b2g","name":"executeAsyncScript","parameters":{"specialPowers":false,"scriptTimeout":60000,"newSandbox":true,"args":[],"filename":"app_checker.py","script":"\n        GaiaApps.locateWithManifestURL('http://bozos.github.io/rock-paper-scissors/manifest.webapp',\n                                       null,\n                                       function uninstall(app) {\n                                       navigator.mozApps.mgmt.uninstall(app);\n                                       marionetteScriptFinished(true);\n                                       });\n        ","line":129}}, id: {1e316c94-393d-46ba-8b8e-d8be5c46a12e}
04-27 21:29:21.937 I/Gecko   (   84): -- webapps.js uninstall http://bozos.github.io/rock-paper-scissors/manifest.webapp
04-27 21:29:22.317 I/Gecko   (   84): [Parent 84] WARNING: waitpid failed pid:1023 errno:10: file ../../../gecko/ipc/chromium/src/base/process_util_posix.cc, line 254
04-27 21:29:22.317 I/Gecko   (   84): [Parent 84] WARNING: Failed to deliver SIGKILL to 1023!(3).: file ../../../gecko/ipc/chromium/src/chrome/common/process_watcher_posix_sigchld.cc, line 118
04-27 21:29:22.417 I/Gecko   (   84): 1398659362424	Marionette	INFO	sendToClient: {"from":"0","value":true}, {1e316c94-393d-46ba-8b8e-d8be5c46a12e}, {1e316c94-393d-46ba-8b8e-d8be5c46a12e}