--------- beginning of /dev/log/main
04-28 02:41:13.347 I/Gecko   (   84): 1398678073360	Marionette	INFO	sendToClient: {"from":"0","ok":true}, {8275f89c-84a0-4b3f-a471-dfd2c55e7f5f}, {8275f89c-84a0-4b3f-a471-dfd2c55e7f5f}
04-28 02:41:13.377 I/Gecko   (   84): 1398678073386	Marionette	DEBUG	Got request: switchToFrame, data: {"to":"0","sessionId":"3-b2g","name":"switchToFrame","parameters":{"id":null,"focus":true}}, id: {1f6e7847-8f53-409b-b8ed-c10b49a0914a}
04-28 02:41:13.387 I/Gecko   (   84): 1398678073393	Marionette	INFO	Switched to frame: {"frameValue":null}
04-28 02:41:13.487 I/Gecko   (   84): 1398678073496	Marionette	INFO	sendToClient: {"from":"0","ok":true}, {1f6e7847-8f53-409b-b8ed-c10b49a0914a}, {1f6e7847-8f53-409b-b8ed-c10b49a0914a}
04-28 02:41:13.497 I/Gecko   (   84): 1398678073503	Marionette	DEBUG	Got request: executeWithCallback, data: {"to":"0","sessionId":"3-b2g","name":"executeAsyncScript","parameters":{"specialPowers":false,"scriptTimeout":null,"newSandbox":true,"args":[],"filename":"gaia_test.py","script":"return GaiaApps.displayedApp();","line":66}}, id: {5398ec65-9a74-4357-925a-34a60f5ac2d5}
04-28 02:41:13.577 I/Gecko   (   84): 1398678073583	Marionette	INFO	sendToClient: {"from":"0","value":{"frame":{"ELEMENT":"{82e479f4-3187-4170-b2f2-ab980a7d4e54}"},"src":"app://homescreen.gaiamobile.org/index.html#root","name":"Homescreen","origin":"app://homescreen.gaiamobile.org"}}, {5398ec65-9a74-4357-925a-34a60f5ac2d5}, {5398ec65-9a74-4357-925a-34a60f5ac2d5}
04-28 02:41:13.577 E/GeckoConsole(   84): Content JS LOG at dummy file:392 in GaiaApps.displayedApp: app with origin 'app://homescreen.gaiamobile.org' is displayed
04-28 02:41:13.587 I/Gecko   (   84): 1398678073595	Marionette	DEBUG	Got request: switchToFrame, data: {"to":"0","sessionId":"3-b2g","name":"switchToFrame","parameters":{"id":null,"focus":true}}, id: {aae126b3-8e3c-4bf1-a1e5-63f10c3681d1}
04-28 02:41:13.607 I/Gecko   (   84): 1398678073604	Marionette	INFO	Switched to frame: {"frameValue":null}
04-28 02:41:13.717 I/Gecko   (   84): 1398678073724	Marionette	INFO	sendToClient: {"from":"0","ok":true}, {aae126b3-8e3c-4bf1-a1e5-63f10c3681d1}, {aae126b3-8e3c-4bf1-a1e5-63f10c3681d1}
04-28 02:41:13.737 I/Gecko   (   84): 1398678073745	Marionette	DEBUG	Got request: switchToFrame, data: {"to":"0","sessionId":"3-b2g","name":"switchToFrame","parameters":{"id":null,"focus":true}}, id: {6c879387-5909-45b9-8fd9-6a1a5966a091}
04-28 02:41:13.747 I/Gecko   (   84): 1398678073755	Marionette	INFO	Switched to frame: {"frameValue":null}
04-28 02:41:13.767 E/GeckoConsole( 1674): Content JS ERROR at app://homescreen.gaiamobile.org/gaia_build_defer_index.js:390 in loadSVConfFileError: Failed parsing singleVariant configuration file [js/singlevariantconf.json]:  [Exception... "File error: Not found"  nsresult: "0x80520012 (NS_ERROR_FILE_NOT_FOUND)"  location: "JS frame :: app://homescreen.gaiamobile.org/gaia_build_defer_index.js :: loadFile :: line 382"  data: no]
04-28 02:41:13.847 I/Gecko   (   84): 1398678073857	Marionette	INFO	sendToClient: {"from":"0","ok":true}, {6c879387-5909-45b9-8fd9-6a1a5966a091}, {6c879387-5909-45b9-8fd9-6a1a5966a091}
04-28 02:41:13.857 I/Gecko   (   84): 1398678073863	Marionette	DEBUG	Got request: executeWithCallback, data: {"to":"0","sessionId":"3-b2g","name":"executeAsyncScript","parameters":{"specialPowers":false,"scriptTimeout":null,"newSandbox":true,"args":[],"filename":"gaia_test.py","script":"return GaiaApps.displayedApp();","line":66}}, id: {17861db2-593f-4156-bf06-af163cf3ba8e}
04-28 02:41:13.907 I/Gecko   (   84): 1398678073912	Marionette	INFO	sendToClient: {"from":"0","value":{"frame":{"ELEMENT":"{82e479f4-3187-4170-b2f2-ab980a7d4e54}"},"src":"app://homescreen.gaiamobile.org/index.html#root","name":"Homescreen","origin":"app://homescreen.gaiamobile.org"}}, {17861db2-593f-4156-bf06-af163cf3ba8e}, {17861db2-593f-4156-bf06-af163cf3ba8e}
04-28 02:41:13.907 E/GeckoConsole(   84): Content JS LOG at dummy file:392 in GaiaApps.displayedApp: app with origin 'app://homescreen.gaiamobile.org' is displayed
04-28 02:41:13.917 I/Gecko   (   84): 1398678073929	Marionette	DEBUG	Got request: switchToFrame, data: {"to":"0","sessionId":"3-b2g","name":"switchToFrame","parameters":{"focus":true,"element":"{82e479f4-3187-4170-b2f2-ab980a7d4e54}"}}, id: {6e1c287d-4ae1-4911-b189-1e5ae0cf95ab}
04-28 02:41:13.937 I/Gecko   (   84): 1398678073951	Marionette	INFO	Switched to frame: {"frameValue":"{82e479f4-3187-4170-b2f2-ab980a7d4e54}"}
04-28 02:41:13.967 I/Gecko   (   84): 1398678073979	Marionette	INFO	trying remote frame 0
04-28 02:41:13.967 I/Gecko   (   84): 1398678073981	Marionette	INFO	trying remote frame 1
04-28 02:41:13.977 I/Gecko   (   84): 1398678073984	Marionette	INFO	trying remote frame 2
04-28 02:41:13.977 I/Gecko   (   84): 1398678073985	Marionette	INFO	deleting frame
04-28 02:41:13.987 I/Gecko   (   84): 1398678073996	Marionette	INFO	frame-manager load script: [object ChromeMessageSender]
04-28 02:41:14.377 W/WifiHW  (   84): wifi_command: SIGNAL_POLL
04-28 02:41:14.517 I/Gecko   (   84): 1398678074529	Marionette	INFO	sendToClient: {"from":"0","ok":true}, {6e1c287d-4ae1-4911-b189-1e5ae0cf95ab}, {6e1c287d-4ae1-4911-b189-1e5ae0cf95ab}
04-28 02:41:14.677 I/Gecko   (   84): 1398678074686	Marionette	INFO	sendToClient: {"from":"0","value":{"ELEMENT":"{73d6e48b-eaf1-4349-a6c7-1e66ae2ac490}"}}, {1aee43f0-0eb3-4eb7-95ab-021ce6a2ec34}, {1aee43f0-0eb3-4eb7-95ab-021ce6a2ec34}
04-28 02:41:14.847 E/GeckoConsole( 1674): [JavaScript Warning: "Use of getAttributeNode() is deprecated. Use getAttribute() instead." {file: "chrome://marionette/content/atoms.js" line: 25}]
04-28 02:41:14.847 E/GeckoConsole( 1674): [JavaScript Warning: "Use of attributes' specified attribute is deprecated. It always returns true." {file: "chrome://marionette/content/atoms.js" line: 25}]
04-28 02:41:14.847 I/Gecko   (   84): 1398678074857	Marionette	INFO	sendToClient: {"from":"0","value":"normal"}, {bc76c10e-fc6e-43c2-93d8-05333caa2a52}, {bc76c10e-fc6e-43c2-93d8-05333caa2a52}
04-28 02:41:14.857 I/Gecko   (   84): 1398678074863	Marionette	DEBUG	Got request: switchToFrame, data: {"to":"0","sessionId":"3-b2g","name":"switchToFrame","parameters":{"id":null,"focus":true}}, id: {03ff2332-e6d1-4887-b5e7-b02e81d19608}
04-28 02:41:14.867 I/Gecko   (   84): 1398678074873	Marionette	INFO	Switched to frame: {"frameValue":null}
04-28 02:41:14.967 I/Gecko   (   84): 1398678074981	Marionette	INFO	sendToClient: {"from":"0","ok":true}, {03ff2332-e6d1-4887-b5e7-b02e81d19608}, {03ff2332-e6d1-4887-b5e7-b02e81d19608}
04-28 02:41:14.997 I/Gecko   (   84): 1398678075005	Marionette	DEBUG	Got request: execute, data: {"to":"0","sessionId":"3-b2g","name":"executeScript","parameters":{"specialPowers":false,"scriptTimeout":null,"newSandbox":true,"args":[],"filename":"gaia_test.py","script":"window.wrappedJSObject.dispatchEvent(new Event('home'));","line":788}}, id: {e0193a23-9c9b-491b-a6d8-d02da679e95d}
04-28 02:41:15.067 I/Gecko   (   84): 1398678075080	Marionette	INFO	sendToClient: {"from":"0","value":null}, {e0193a23-9c9b-491b-a6d8-d02da679e95d}, {e0193a23-9c9b-491b-a6d8-d02da679e95d}
04-28 02:41:15.087 I/Gecko   (   84): 1398678075093	Marionette	DEBUG	Got request: switchToFrame, data: {"to":"0","sessionId":"3-b2g","name":"switchToFrame","parameters":{"id":null,"focus":true}}, id: {6adb477e-05a0-47a3-9c8d-fbb10fe65cce}
04-28 02:41:15.087 I/Gecko   (   84): 1398678075096	Marionette	INFO	Switched to frame: {"frameValue":null}
04-28 02:41:15.187 I/Gecko   (   84): 1398678075199	Marionette	INFO	sendToClient: {"from":"0","ok":true}, {6adb477e-05a0-47a3-9c8d-fbb10fe65cce}, {6adb477e-05a0-47a3-9c8d-fbb10fe65cce}
04-28 02:41:15.197 I/Gecko   (   84): 1398678075206	Marionette	DEBUG	Got request: switchToFrame, data: {"to":"0","sessionId":"3-b2g","name":"switchToFrame","parameters":{"id":null,"focus":true}}, id: {f422a9b5-57c3-47f3-b009-6116f6782649}
04-28 02:41:15.197 I/Gecko   (   84): 1398678075208	Marionette	INFO	Switched to frame: {"frameValue":null}
04-28 02:41:15.307 I/Gecko   (   84): 1398678075314	Marionette	INFO	sendToClient: {"from":"0","ok":true}, {f422a9b5-57c3-47f3-b009-6116f6782649}, {f422a9b5-57c3-47f3-b009-6116f6782649}
04-28 02:41:15.307 I/Gecko   (   84): 1398678075320	Marionette	DEBUG	Got request: executeWithCallback, data: {"to":"0","sessionId":"3-b2g","name":"executeAsyncScript","parameters":{"specialPowers":false,"scriptTimeout":null,"newSandbox":true,"args":[],"filename":"gaia_test.py","script":"return GaiaApps.displayedApp();","line":66}}, id: {a2595ea7-9ba4-4a2f-a54e-455acc179f4c}
04-28 02:41:15.457 E/GeckoConsole(   84): Content JS LOG at dummy file:392 in GaiaApps.displayedApp: app with origin 'app://homescreen.gaiamobile.org' is displayed
04-28 02:41:15.477 I/Gecko   (   84): 1398678075483	Marionette	INFO	sendToClient: {"from":"0","value":{"frame":{"ELEMENT":"{82e479f4-3187-4170-b2f2-ab980a7d4e54}"},"src":"app://homescreen.gaiamobile.org/index.html#rootMon%20Apr%2028%202014%2002:41:15%20GMT-0700%20(UTC)","name":"Homescreen","origin":"app://homescreen.gaiamobile.org"}}, {a2595ea7-9ba4-4a2f-a54e-455acc179f4c}, {a2595ea7-9ba4-4a2f-a54e-455acc179f4c}
04-28 02:41:15.477 I/Gecko   (   84): 1398678075489	Marionette	DEBUG	Got request: switchToFrame, data: {"to":"0","sessionId":"3-b2g","name":"switchToFrame","parameters":{"focus":true,"element":"{82e479f4-3187-4170-b2f2-ab980a7d4e54}"}}, id: {6d9c7011-dad8-494d-9a26-440b50920851}
04-28 02:41:15.487 I/Gecko   (   84): 1398678075501	Marionette	INFO	Switched to frame: {"frameValue":"{82e479f4-3187-4170-b2f2-ab980a7d4e54}"}
04-28 02:41:15.497 I/Gecko   (   84): 1398678075503	Marionette	INFO	trying remote frame 0
04-28 02:41:15.497 I/Gecko   (   84): 1398678075504	Marionette	INFO	trying remote frame 1
04-28 02:41:15.497 I/Gecko   (   84): 1398678075505	Marionette	INFO	trying remote frame 2
04-28 02:41:15.857 I/Gecko   (   84): 1398678075863	Marionette	INFO	sendToClient: {"from":"0","ok":true}, {6d9c7011-dad8-494d-9a26-440b50920851}, {6d9c7011-dad8-494d-9a26-440b50920851}
04-28 02:41:15.857 I/Gecko   (   84): 1398678075870	Marionette	DEBUG	Got request: execute, data: {"to":"0","sessionId":"3-b2g","name":"executeScript","parameters":{"specialPowers":false,"scriptTimeout":null,"newSandbox":true,"args":[],"filename":"gaia_test.py","script":"return window.wrappedJSObject.GridManager.pageHelper.getCurrentPageNumber();","line":784}}, id: {650aa1d5-d65e-4e0e-8b92-2cc610c651ec}
04-28 02:41:16.107 I/Gecko   (   84): 1398678076119	Marionette	INFO	sendToClient: {"from":"0","value":0}, {650aa1d5-d65e-4e0e-8b92-2cc610c651ec}, {650aa1d5-d65e-4e0e-8b92-2cc610c651ec}
04-28 02:41:16.447 I/Gecko   (   84): 1398678076457	Marionette	INFO	sendToClient: {"from":"0","value":["{bc42720f-15bf-4ba0-9737-0596f1ebdbcc}","{f4cc96f3-c3ef-4925-8527-aa707105769a}","{83c67902-ee68-4c2a-9f8f-2e2e1f94c8f2}","{e6fbbf64-252d-49ee-a8b8-bacbf7e0bcd5}","{a54693da-fb8b-4a3f-b7b7-f4bf84abeaba}","{dc9a9645-da09-4d9e-91f0-b56eede8b5a7}","{d66af4bc-b175-45fb-adc1-9cb01d245c1a}","{14e329f3-e4c3-4f57-8d2b-6017febbffbb}","{d726d113-08bf-4963-a49a-9da937f8e700}","{410eee77-3f6b-4bad-a2ab-9126a7dd2132}","{22b12ab3-f744-4641-906a-9862e44142b2}","{8e24fe1a-6dda-474e-b7db-544ab8bd61ee}","{d8a055f7-0a59-4c37-bdff-6fb386c4e6a8}","{f0fa221a-8712-4b78-b751-f17890ccca6e}","{dee441d7-02f9-4ddc-b7bc-89801ddf4ed1}","{a5752c09-6b0e-4d95-9ae3-70440e1994a3}","{e4d0c9b9-d540-48f3-9039-e4d7d4e113f4}","{bd9707a3-103d-4eb2-8569-4903d7f4ae6b}","{67e50073-eef5-41ef-9489-eedf65115149}","{912ed384-0394-456f-8d2d-1bc3e5439028}","{cae36ddb-1f2e-49ae-b104-da6aa582668d}","{5d282a87-e512-41be-9500-92b51703294f}","{c41d9f74-71f8-4460-b0ec-090170200863}","{868381a2-f12a
04-28 02:41:16.657 I/Gecko   (   84): 1398678076667	Marionette	INFO	sendToClient: {"from":"0","value":"app://homescreen.gaiamobile.org/index.html#rootMon%20Apr%2028%202014%2002:41:15%20GMT-0700%20(UTC)"}, {e4090b2a-287e-4103-bcd0-f7a18901bb45}, {e4090b2a-287e-4103-bcd0-f7a18901bb45}
04-28 02:41:16.667 I/Gecko   (   84): 1398678076673	Marionette	DEBUG	Got request: switchToFrame, data: {"to":"0","sessionId":"3-b2g","name":"switchToFrame","parameters":{"id":null,"focus":true}}, id: {3435afa5-80c3-4cd8-b1dd-994131f3bac4}
04-28 02:41:16.677 I/Gecko   (   84): 1398678076688	Marionette	INFO	Switched to frame: {"frameValue":null}
04-28 02:41:16.777 I/Gecko   (   84): 1398678076791	Marionette	INFO	sendToClient: {"from":"0","ok":true}, {3435afa5-80c3-4cd8-b1dd-994131f3bac4}, {3435afa5-80c3-4cd8-b1dd-994131f3bac4}
04-28 02:41:16.787 I/Gecko   (   84): 1398678076797	Marionette	DEBUG	Got request: switchToFrame, data: {"to":"0","sessionId":"3-b2g","name":"switchToFrame","parameters":{"id":null,"focus":true}}, id: {6e1e7364-c787-4561-b14b-3c92ba0e8355}
04-28 02:41:16.787 I/Gecko   (   84): 1398678076799	Marionette	INFO	Switched to frame: {"frameValue":null}
04-28 02:41:16.947 I/Gecko   (   84): 1398678076953	Marionette	INFO	sendToClient: {"from":"0","ok":true}, {6e1e7364-c787-4561-b14b-3c92ba0e8355}, {6e1e7364-c787-4561-b14b-3c92ba0e8355}
04-28 02:41:16.957 I/Gecko   (   84): 1398678076966	Marionette	DEBUG	Got request: executeWithCallback, data: {"to":"0","sessionId":"3-b2g","name":"executeAsyncScript","parameters":{"specialPowers":false,"scriptTimeout":30000,"newSandbox":true,"args":[],"filename":"app_checker.py","script":"GaiaApps.launchWithManifestURL('https://marketplace.firefox.com/app/dd8b9fd3-066c-40e9-80ff-997689c9477a/manifest.webapp')","line":106}}, id: {fd74a4f7-e6c3-4950-adc6-eaa535b60da4}
04-28 02:41:17.357 I/Gonk    (   84): Setting nice for pid 1682 to 18
04-28 02:41:17.357 I/Gonk    (   84): Changed nice for pid 1682 from 18 to 18.
04-28 02:41:17.357 I/Gecko   (   84): [Parent 84] WARNING: waitpid failed pid:1682 errno:10: file ../../../gecko/ipc/chromium/src/base/process_util_posix.cc, line 254
04-28 02:41:17.357 I/Gonk    (   84): Setting nice for pid 1682 to 1
04-28 02:41:17.357 I/Gonk    (   84): Changed nice for pid 1682 from 18 to 1.
04-28 02:41:17.407 E/GeckoConsole(   84): Content JS LOG at dummy file:334 in GaiaApps.launch: launching app with name 'Russian Radios'
04-28 02:41:18.027 E/[Gralloc-ERROR](   84): int gralloc_register_buffer(const gralloc_module_t*, const native_handle_t*):79 Unable to register handle 0x491fda60 coming from different process: 84
04-28 02:41:18.097 E/[Gralloc-ERROR](   84): int gralloc_register_buffer(const gralloc_module_t*, const native_handle_t*):79 Unable to register handle 0x491fdd80 coming from different process: 84
04-28 02:41:18.167 E/[Gralloc-ERROR](   84): int gralloc_register_buffer(const gralloc_module_t*, const native_handle_t*):79 Unable to register handle 0x491fdec0 coming from different process: 84
04-28 02:41:18.167 E/[Gralloc-ERROR](   84): int gralloc_register_buffer(const gralloc_module_t*, const native_handle_t*):79 Unable to register handle 0x49db3060 coming from different process: 84
04-28 02:41:18.377 V/AudioPolicyManagerBase(   91): startOutput() output 1, stream 1, session 4
04-28 02:41:18.377 V/AudioPolicyManagerBase(   91): changeRefCount() stream 1, count 1
04-28 02:41:18.377 V/AudioPolicyManagerBase(   91): getDeviceForStrategy() from cache strategy 0, device 2
04-28 02:41:18.377 V/AudioPolicyManagerBase(   91): getNewDevice() selected device 2
04-28 02:41:18.377 D/AudioPolicyManagerBase(   91): setOutputDevice() output 1 device 2 delayMs 0
04-28 02:41:18.377 V/AudioPolicyManagerBase(   91): setOutputDevice() setting same device 2 or null device for output 1
04-28 02:41:18.377 E/AudioPolicyManagerBase(   91): checkAndSetVolume stream=1, index=0, output=1, device=2
04-28 02:41:18.377 E/AudioPolicyManagerBase(   91): computeVolume, streamDesc=0x1e0cbb8
04-28 02:41:18.447 W/AudioFlinger(   91): Thread AudioOut_1 cannot connect to the power manager service
04-28 02:41:18.457 W/libOpenSLES(   84): Leaving BufferQueue::Enqueue (SL_RESULT_BUFFER_INSUFFICIENT)
04-28 02:41:18.457 W/libOpenSLES(   84): Leaving BufferQueue::Enqueue (SL_RESULT_BUFFER_INSUFFICIENT)
04-28 02:41:18.457 W/libOpenSLES(   84): Leaving BufferQueue::Enqueue (SL_RESULT_BUFFER_INSUFFICIENT)
04-28 02:41:18.457 V/AudioPolicyManagerBase(   91): stopOutput() output 1, stream 1, session 4
04-28 02:41:18.457 V/AudioPolicyManagerBase(   91): changeRefCount() stream 1, count 0
04-28 02:41:18.457 V/AudioPolicyManagerBase(   91): getNewDevice() selected device 0
04-28 02:41:18.457 D/AudioPolicyManagerBase(   91): setOutputDevice() output 1 device 0 delayMs 290
04-28 02:41:18.457 V/AudioPolicyManagerBase(   91): setOutputDevice() setting same device 0 or null device for output 1
04-28 02:41:18.477 V/AudioPolicyManagerBase(   91): releaseOutput() 1
04-28 02:41:18.477 I/audio_hw_primary(   91): select_devices_signal starting...
04-28 02:41:18.477 I/audio_hw_primary(   91): select_devices_signal finished.
04-28 02:41:18.477 W/audio_hw_primary(   91): open s_tinycard in
04-28 02:41:18.477 W/audio_hw_primary(   91): open s_tinycard successfully
04-28 02:41:18.477 I/audio_hw_primary(   91): Changing devices: 0x00000002
04-28 02:41:18.477 I/audio_hw_primary(   91): Set 'HeadPhone Function'.0 to 0
04-28 02:41:18.477 I/audio_hw_primary(   91): Set 'Earpiece Function'.0 to 0
04-28 02:41:18.477 I/audio_hw_primary(   91): Set 'Mic Function'.0 to 0
04-28 02:41:18.477 I/audio_hw_primary(   91): Set 'HP Mic Function'.0 to 0
04-28 02:41:18.477 I/audio_hw_primary(   91): Set 'Line Function'.0 to 0
04-28 02:41:18.477 I/audio_hw_primary(   91): Changing devices, mask: 0x00004002
04-28 02:41:18.497 I/Gonk    (   84): Setting nice for pid 1674 to 18
04-28 02:41:18.497 I/Gonk    (   84): Changed nice for pid 1674 from 1 to 18.
04-28 02:41:18.617 I/audio_hw_primary(   91): Set 'Speaker Function'.0 to 1
04-28 02:41:18.617 W/audio_hw_primary(   91): GetAudio_pga_nv, dac_pga_gain_l:0xc3 adc_pga_gain_l:0xc fm_pga_gain_l:0xff fm_pga_gain_r:0xff device:0x2 vol_level:0x1 
04-28 02:41:18.617 D/audio_pga(   91): 'speaker-l' apply
04-28 02:41:18.617 I/audio_pga(   91): 'Master Playback Volume' set to 12
04-28 02:41:18.617 I/audio_pga(   91): 'Inter PA Playback Volume' set to 12
04-28 02:41:18.617 I/audio_pga(   91): 'VBC DACL DG Set' set to 0
04-28 02:41:18.617 I/audio_pga(   91): 'VBC DACL DG Switch' set to 0
04-28 02:41:18.617 D/audio_pga(   91): 'speaker-r' apply
04-28 02:41:18.617 I/audio_pga(   91): 'Master Playback Volume' set to 12
04-28 02:41:18.617 I/audio_pga(   91): 'Inter PA Playback Volume' set to 12
04-28 02:41:18.617 I/audio_pga(   91): 'VBC DACR DG Set' set to 0
04-28 02:41:18.617 I/audio_pga(   91): 'VBC DACR DG Switch' set to 0
04-28 02:41:18.617 W/audio_hw_primary(   91): SetAudio_gain_by_devices out, devices:0x2 
04-28 02:41:18.617 I/audio_hw_primary(   91): stream_routing_thread looping done.
04-28 02:41:18.617 I/audio_hw_primary(   91): stream_routing_thread looping now...
04-28 02:41:18.967 I/Gonk    (   84): Setting nice for pid 1794 to 18
04-28 02:41:18.967 I/Gonk    (   84): Changed nice for pid 1794 from 0 to 18.
04-28 02:41:19.377 W/WifiHW  (   84): wifi_command: SIGNAL_POLL
04-28 02:41:19.587 I/Gecko   ( 1682): ###################################### forms.js loaded
04-28 02:41:19.627 I/Gecko   ( 1682): ############################### browserElementPanning.js loaded
04-28 02:41:19.657 I/Gecko   ( 1682): ######################## BrowserElementChildPreload.js loaded
04-28 02:41:19.727 I/Gecko   (   84): 
04-28 02:41:19.727 I/Gecko   (   84): ###!!! [Parent][MessageChannel] Error: Channel error: cannot send/recv
04-28 02:41:19.727 I/Gecko   (   84): 
04-28 02:41:19.777 I/GeckoDump(   84): Crash reporter : Can't fetch app.reportCrashes. Exception: [Exception... "Component returned failure code: 0x8000ffff (NS_ERROR_UNEXPECTED) [nsIPrefBranch.getBoolPref]"  nsresult: "0x8000ffff (NS_ERROR_UNEXPECTED)"  location: "JS frame :: chrome://browser/content/shell.js :: shell_reportCrash :: line 7"  data: no]
04-28 02:41:19.797 I/Gecko   (   84): [Parent 84] WARNING: waitpid failed pid:1674 errno:10: file ../../../gecko/ipc/chromium/src/base/process_util_posix.cc, line 254
04-28 02:41:20.277 E/GeckoConsole( 1682): [JavaScript Warning: "Unknown property '-moz-box-shadow'.  Declaration dropped." {file: "app://{a3ae86ea-565f-4d51-9a72-4d0caed08f4b}/css/index.css" line: 37 column: 16 source: "	-moz-box-shadow: 0 3px 4px 2px #333333;"}]
04-28 02:41:20.277 E/GeckoConsole( 1682): [JavaScript Warning: "Error in parsing value for 'background-repeat'.  Declaration dropped." {file: "app://{a3ae86ea-565f-4d51-9a72-4d0caed08f4b}/css/index.css" line: 41 column: 30 source: " 	background-repeat: repeat-y repeat-x;"}]
04-28 02:41:20.277 E/GeckoConsole( 1682): [JavaScript Warning: "Unknown property '-moz-box-shadow'.  Declaration dropped." {file: "app://{a3ae86ea-565f-4d51-9a72-4d0caed08f4b}/css/index.css" line: 96 column: 16 source: "	-moz-box-shadow: 0 -3px 4px 2px #333333;"}]
04-28 02:41:20.277 E/GeckoConsole( 1682): [JavaScript Warning: "Expected color but found 'rgba'.  Error in parsing value for 'color'.  Declaration dropped." {file: "app://{a3ae86ea-565f-4d51-9a72-4d0caed08f4b}/css/index.css" line: 143 column: 11 source: "    color: rgba (35,35,35);"}]
04-28 02:41:20.277 E/GeckoConsole( 1682): [JavaScript Warning: "Unknown property 'box-sizing'.  Declaration dropped." {file: "app://{a3ae86ea-565f-4d51-9a72-4d0caed08f4b}/css/index.css" line: 171 column: 11 source: "	box-sizing: border-box;"}]
04-28 02:41:20.327 E/GeckoConsole( 1682): [JavaScript Error: "downloadable font: download failed (font-family: "mozTT" style:normal weight:normal stretch:normal src index:0): status=2152857618
04-28 02:41:20.327 E/GeckoConsole( 1682): source: app://{a3ae86ea-565f-4d51-9a72-4d0caed08f4b}/fonts/moztt_regular-webfont.woff" {file: "app://{a3ae86ea-565f-4d51-9a72-4d0caed08f4b}/css/index.css" line: 0 column: 0 source: "@font-face {
04-28 02:41:20.327 E/GeckoConsole( 1682):   font-family: "mozTT";
04-28 02:41:20.327 E/GeckoConsole( 1682):   font-style: normal;
04-28 02:41:20.327 E/GeckoConsole( 1682):   font-weight: normal;
04-28 02:41:20.327 E/GeckoConsole( 1682):   src: url("../fonts/moztt_regular-webfont.woff") format("woff");
04-28 02:41:20.327 E/GeckoConsole( 1682): }"}]
04-28 02:41:20.337 E/GeckoConsole( 1682): [JavaScript Error: "downloadable font: download failed (font-family: "mozTT" style:normal weight:500 stretch:normal src index:0): status=2152857618
04-28 02:41:20.337 E/GeckoConsole( 1682): source: app://{a3ae86ea-565f-4d51-9a72-4d0caed08f4b}/fonts/moztt_medium-webfont.woff" {file: "app://{a3ae86ea-565f-4d51-9a72-4d0caed08f4b}/css/index.css" line: 0 column: 0 source: "@font-face {
04-28 02:41:20.337 E/GeckoConsole( 1682):   font-family: "mozTT";
04-28 02:41:20.337 E/GeckoConsole( 1682):   font-style: normal;
04-28 02:41:20.337 E/GeckoConsole( 1682):   font-weight: 500;
04-28 02:41:20.337 E/GeckoConsole( 1682):   src: url("../fonts/moztt_medium-webfont.woff") format("woff");
04-28 02:41:20.337 E/GeckoConsole( 1682): }"}]
04-28 02:41:20.497 I/Gonk    (   84): Setting nice for pid 1794 to 18
04-28 02:41:20.497 I/Gonk    (   84): Changed nice for pid 1794 from 18 to 18.
04-28 02:41:20.497 I/Gecko   (   84): [Parent 84] WARNING: waitpid failed pid:1794 errno:10: file ../../../gecko/ipc/chromium/src/base/process_util_posix.cc, line 254
04-28 02:41:20.507 I/Gonk    (   84): Setting nice for pid 1794 to 1
04-28 02:41:20.507 I/Gonk    (   84): Changed nice for pid 1794 from 18 to 1.
04-28 02:41:20.517 I/Gonk    (   84): Setting nice for pid 1794 to 18
04-28 02:41:20.517 I/Gonk    (   84): Changed nice for pid 1794 from 1 to 18.
04-28 02:41:20.807 E/GeckoConsole(   84): Content JS LOG at dummy file:326 in GaiaApps.launch/appOpen/<: app with origin 'app://{a3ae86ea-565f-4d51-9a72-4d0caed08f4b}' has launched
04-28 02:41:20.807 I/Gecko   (   84): 1398678080815	Marionette	INFO	sendToClient: {"from":"0","value":{"frame":{"ELEMENT":"{54423280-c397-4da1-8520-85690cc22527}"},"src":"app://{a3ae86ea-565f-4d51-9a72-4d0caed08f4b}/index.html","name":"Russian Radios","origin":"app://{a3ae86ea-565f-4d51-9a72-4d0caed08f4b}"}}, {fd74a4f7-e6c3-4950-adc6-eaa535b60da4}, {fd74a4f7-e6c3-4950-adc6-eaa535b60da4}
04-28 02:41:20.807 E/[Gralloc-ERROR](   84): int gralloc_unregister_buffer(const gralloc_module_t*, const native_handle_t*):274 Trying to unregister buffer 0x491fdd80 from process 84 that was not created in current process: 84
04-28 02:41:20.817 E/[Gralloc-ERROR](   84): int gralloc_unregister_buffer(const gralloc_module_t*, const native_handle_t*):274 Trying to unregister buffer 0x491fda60 from process 84 that was not created in current process: 84
04-28 02:41:20.817 E/[Gralloc-ERROR](   84): int gralloc_unregister_buffer(const gralloc_module_t*, const native_handle_t*):274 Trying to unregister buffer 0x49db3060 from process 84 that was not created in current process: 84
04-28 02:41:20.817 E/[Gralloc-ERROR](   84): int gralloc_unregister_buffer(const gralloc_module_t*, const native_handle_t*):274 Trying to unregister buffer 0x491fdec0 from process 84 that was not created in current process: 84
04-28 02:41:20.827 I/Gecko   (   84): 1398678080840	Marionette	DEBUG	Got request: switchToFrame, data: {"to":"0","sessionId":"3-b2g","name":"switchToFrame","parameters":{"focus":true,"element":"{54423280-c397-4da1-8520-85690cc22527}"}}, id: {9c7a8569-930d-4647-bd9e-33990fbce993}
04-28 02:41:20.837 I/Gecko   (   84): 1398678080847	Marionette	INFO	Switched to frame: {"frameValue":"{54423280-c397-4da1-8520-85690cc22527}"}
04-28 02:41:20.837 I/Gecko   (   84): 1398678080850	Marionette	INFO	trying remote frame 0
04-28 02:41:20.847 I/Gecko   (   84): 1398678080853	Marionette	INFO	trying remote frame 1
04-28 02:41:20.847 I/Gecko   (   84): 1398678080854	Marionette	INFO	trying remote frame 2
04-28 02:41:20.857 I/Gecko   (   84): 1398678080854	Marionette	INFO	deleting frame
04-28 02:41:20.867 I/Gecko   (   84): 1398678080871	Marionette	INFO	frame-manager load script: [object ChromeMessageSender]
04-28 02:41:21.337 I/Gecko   (   84): 1398678081344	Marionette	INFO	sendToClient: {"from":"0","ok":true}, {9c7a8569-930d-4647-bd9e-33990fbce993}, {9c7a8569-930d-4647-bd9e-33990fbce993}
04-28 02:41:21.347 I/Gecko   (   84): 1398678081357	Marionette	INFO	sendToClient: {"from":"0","value":"app://{a3ae86ea-565f-4d51-9a72-4d0caed08f4b}/index.html"}, {7813e51d-7e3c-4e63-97e4-c205e052c431}, {7813e51d-7e3c-4e63-97e4-c205e052c431}
04-28 02:41:21.357 I/Gecko   (   84): 1398678081363	Marionette	DEBUG	Got request: execute, data: {"to":"0","sessionId":"3-b2g","name":"executeScript","parameters":{"specialPowers":false,"scriptTimeout":null,"newSandbox":true,"args":[],"filename":"app_checker.py","script":"return window.document.readyState;","line":191}}, id: {b9e2d0d1-9d36-4b97-aa66-f650892c5f3e}
04-28 02:41:21.387 I/Gecko   (   84): 1398678081395	Marionette	INFO	sendToClient: {"from":"0","value":"complete"}, {b9e2d0d1-9d36-4b97-aa66-f650892c5f3e}, {b9e2d0d1-9d36-4b97-aa66-f650892c5f3e}
04-28 02:41:21.397 I/Gecko   (   84): 1398678081407	Marionette	INFO	sendToClient: {"from":"0","value":"app://{a3ae86ea-565f-4d51-9a72-4d0caed08f4b}/index.html"}, {01375e4a-0850-4a35-ad02-0e035ed9c6bc}, {01375e4a-0850-4a35-ad02-0e035ed9c6bc}
04-28 02:41:21.407 I/Gecko   ( 1682): Attempting load of libEGL.so
04-28 02:41:21.437 D/libEGL  ( 1682): loaded /system/lib/egl/libEGL_mali.so
04-28 02:41:21.447 D/libEGL  ( 1682): loaded /system/lib/egl/libGLESv1_CM_mali.so
04-28 02:41:21.457 D/libEGL  ( 1682): loaded /system/lib/egl/libGLESv2_mali.so
04-28 02:41:21.477 I/Gecko   ( 1682): SharedSurface_Gralloc::Create -------
04-28 02:41:21.507 W/audio_hw_primary(   91): do_output_standby.mode:0 
04-28 02:41:21.517 I/Gecko   ( 1682): SharedSurface_Gralloc::Create: success -- surface 0x432b0900, GraphicBuffer 0x43d5af80.
04-28 02:41:21.797 I/Gecko   (   84): [Parent 84] WARNING: waitpid failed pid:1674 errno:10: file ../../../gecko/ipc/chromium/src/base/process_util_posix.cc, line 254
04-28 02:41:21.797 I/Gecko   (   84): [Parent 84] WARNING: Failed to deliver SIGKILL to 1674!(3).: file ../../../gecko/ipc/chromium/src/chrome/common/process_watcher_posix_sigchld.cc, line 118
04-28 02:41:22.887 I/Gecko   (   84): 
04-28 02:41:22.887 I/Gecko   (   84): ###!!! [Parent][MessageChannel] Error: Channel error: cannot send/recv
04-28 02:41:22.887 I/Gecko   (   84): 
04-28 02:41:22.987 I/GeckoDump(   84): Crash reporter : Can't fetch app.reportCrashes. Exception: [Exception... "Component returned failure code: 0x8000ffff (NS_ERROR_UNEXPECTED) [nsIPrefBranch.getBoolPref]"  nsresult: "0x8000ffff (NS_ERROR_UNEXPECTED)"  location: "JS frame :: chrome://browser/content/shell.js :: shell_reportCrash :: line 7"  data: no]
04-28 02:41:22.997 I/Gecko   (   84): 1398678083010	Marionette	INFO	sendToClient: {"from":"0","value":"iVBORw0KGgoAAAANSUhEUgAAAUAAAAHMCAYAAACk4nEJAAAgAElEQVR4nOydd1hUSbr/2bl/3PTbezdN2L13j+KYw4yKaXRm1BFzRjFgziCKETFhzpJzzgqCBEFAgkpSFAXEgHQO0A00NKExsrv3+/vjNMdu6Ka7UadhqXmezzNSp07VW29VfbvqVJ06Jm//9ncQCARCb8TkTevfQCAQCL0RIoAEAqHXQgSQQCD0WogAEgiEXgsRQAKB0Gsxed36NxAIBEJvhAgggUDotRABJBAIvRYigAQCoddCBJBAIPRaiAASCIReCxFAAoHQazF51fo3dMp7AoFA6KHo0DcToxtIIBAIRoIIIIHwkbS8a0XpsxcQSauNbkt3oaf4pEcKoFzxCi+5fFTXyY1uS2+i6fVb8MSVEEtrjG5Ld8J6uy0oisK3336Lm7cyjG7Pr4lQIgVHKELT67c90ic9TgCnTJ0KiqJAUVS3duw/G2vWrkOfPn1AURR8/AOMbk93ob65hWmPFEXBerut0W36NXFydQNFUejTpw+22WzvcT7RKYAt71u1smbdeowaNRqjRo2Gu5cXE56WlcWEjxo1Gpl37zLXwqOuMOHbbGw6TV8To0aNVhHAWwbf3xNRvHuPqloZikqf4N7DIqPksXDxYsbv3v7+n73M23fsUGtDo0aNxuQpU7Bs+QoccTyGZxUso9dLG/MWLGB8ExIeYTQ7jOEzJ1dXpuxWq1Z3O5/oFMCPSXzX3r1MIe327GHCnd3c1H4BvPz8mGtHjx1nwo84HjM4z94ogJ6+vkyZly1fYZQ8fm0BXL12nVob0oRvYKDR66blfStqGxpxLT4BOQX3jGqHMXymTQC7i0908VEC6OHjwxR+qeUyJtzG1lbN6Xvt7TVWUmhEpMZ0Fe/ea81TXwHsLI2uxNPnPsW793qlZ2ieqn7WRwC7UiZdeWgTwM/lZ9
04-28 02:41:23.057 I/Gecko   (   84): [Parent 84] WARNING: waitpid failed pid:1794 errno:10: file ../../../gecko/ipc/chromium/src/base/process_util_posix.cc, line 254
04-28 02:41:23.377 I/Gecko   (   84): 1398678083388	Marionette	INFO	sendToClient: {"from":"0","ok":true}, {38d9d8d4-2c7d-4dd0-9a6f-b3cd37db443f}, {38d9d8d4-2c7d-4dd0-9a6f-b3cd37db443f}
04-28 02:41:23.457 I/Gecko   (   84): 1398678083470	Marionette	DEBUG	Got request: switchToFrame, data: {"to":"0","sessionId":"3-b2g","name":"switchToFrame","parameters":{"id":null,"focus":true}}, id: {ac3fe3b6-1d78-4d72-b8c9-08d9fb54099b}
04-28 02:41:23.477 I/Gecko   (   84): 1398678083484	Marionette	INFO	Switched to frame: {"frameValue":null}
04-28 02:41:23.587 I/Gecko   (   84): 1398678083595	Marionette	INFO	sendToClient: {"from":"0","ok":true}, {ac3fe3b6-1d78-4d72-b8c9-08d9fb54099b}, {ac3fe3b6-1d78-4d72-b8c9-08d9fb54099b}
04-28 02:41:23.597 I/Gecko   (   84): 1398678083602	Marionette	DEBUG	Got request: executeWithCallback, data: {"to":"0","sessionId":"3-b2g","name":"executeAsyncScript","parameters":{"specialPowers":false,"scriptTimeout":null,"newSandbox":true,"args":[],"filename":"gaia_test.py","script":"return GaiaApps.displayedApp();","line":66}}, id: {6e2f32ca-a952-4738-b5f4-b8e3f18ce77a}
04-28 02:41:23.657 I/Gecko   (   84): 1398678083664	Marionette	INFO	sendToClient: {"from":"0","value":{"frame":{"ELEMENT":"{54423280-c397-4da1-8520-85690cc22527}"},"src":"app://{a3ae86ea-565f-4d51-9a72-4d0caed08f4b}/index.html","name":"Russian Radios","origin":"app://{a3ae86ea-565f-4d51-9a72-4d0caed08f4b}"}}, {6e2f32ca-a952-4738-b5f4-b8e3f18ce77a}, {6e2f32ca-a952-4738-b5f4-b8e3f18ce77a}
04-28 02:41:23.657 I/Gecko   (   84): 1398678083670	Marionette	DEBUG	Got request: switchToFrame, data: {"to":"0","sessionId":"3-b2g","name":"switchToFrame","parameters":{"id":null,"focus":true}}, id: {e03d2e2b-90da-4387-be9e-4018aadb2716}
04-28 02:41:23.667 I/Gecko   (   84): 1398678083672	Marionette	INFO	Switched to frame: {"frameValue":null}
04-28 02:41:23.667 E/GeckoConsole(   84): Content JS LOG at dummy file:392 in GaiaApps.displayedApp: app with origin 'app://{a3ae86ea-565f-4d51-9a72-4d0caed08f4b}' is displayed
04-28 02:41:23.767 I/Gecko   (   84): 1398678083774	Marionette	INFO	sendToClient: {"from":"0","ok":true}, {e03d2e2b-90da-4387-be9e-4018aadb2716}, {e03d2e2b-90da-4387-be9e-4018aadb2716}
04-28 02:41:23.767 I/Gecko   (   84): 1398678083780	Marionette	DEBUG	Got request: execute, data: {"to":"0","sessionId":"3-b2g","name":"executeScript","parameters":{"specialPowers":false,"scriptTimeout":null,"newSandbox":true,"args":[],"filename":"gaia_test.py","script":"window.wrappedJSObject.dispatchEvent(new Event('home'));","line":788}}, id: {a1afca02-5530-47e2-9044-08d19361d555}
04-28 02:41:23.967 I/Gonk    (   84): Setting nice for pid 1813 to 18
04-28 02:41:23.967 I/Gonk    (   84): Changed nice for pid 1813 from 0 to 18.
04-28 02:41:24.017 I/Gecko   (   84): 1398678084027	Marionette	INFO	sendToClient: {"from":"0","value":null}, {a1afca02-5530-47e2-9044-08d19361d555}, {a1afca02-5530-47e2-9044-08d19361d555}
04-28 02:41:24.027 I/Gonk    (   84): Setting nice for pid 1813 to 18
04-28 02:41:24.027 I/Gonk    (   84): Changed nice for pid 1813 from 0 to 18.
04-28 02:41:24.027 I/Gecko   (   84): [Parent 84] WARNING: waitpid failed pid:1813 errno:10: file ../../../gecko/ipc/chromium/src/base/process_util_posix.cc, line 254
04-28 02:41:24.037 I/Gonk    (   84): Setting nice for pid 1813 to 1
04-28 02:41:24.037 I/Gonk    (   84): Changed nice for pid 1813 from 18 to 1.
04-28 02:41:24.047 I/Gecko   (   84): 1398678084061	Marionette	DEBUG	Got request: switchToFrame, data: {"to":"0","sessionId":"3-b2g","name":"switchToFrame","parameters":{"id":null,"focus":true}}, id: {4600c0ed-86ba-4f6e-b563-bc4677bdfb8a}
04-28 02:41:24.057 I/Gecko   (   84): 1398678084063	Marionette	INFO	Switched to frame: {"frameValue":null}
04-28 02:41:24.157 I/Gecko   (   84): 1398678084168	Marionette	INFO	sendToClient: {"from":"0","ok":true}, {4600c0ed-86ba-4f6e-b563-bc4677bdfb8a}, {4600c0ed-86ba-4f6e-b563-bc4677bdfb8a}
04-28 02:41:24.167 I/Gecko   (   84): 1398678084177	Marionette	DEBUG	Got request: executeWithCallback, data: {"to":"0","sessionId":"3-b2g","name":"executeAsyncScript","parameters":{"specialPowers":false,"scriptTimeout":null,"newSandbox":true,"args":[],"filename":"gaia_test.py","script":"return GaiaApps.displayedApp();","line":66}}, id: {4bb483ab-0a9d-4b29-a750-3168886e25d2}
04-28 02:41:24.257 I/Gecko   (   84): 1398678084266	Marionette	INFO	sendToClient: {"from":"0","value":{"frame":{"ELEMENT":"{590eed1c-0bf4-4f28-8683-f2a0b4b9b545}"},"src":"app://homescreen.gaiamobile.org/index.html#root","name":"Homescreen","origin":"app://homescreen.gaiamobile.org"}}, {4bb483ab-0a9d-4b29-a750-3168886e25d2}, {4bb483ab-0a9d-4b29-a750-3168886e25d2}
04-28 02:41:24.267 E/GeckoConsole(   84): Content JS LOG at dummy file:392 in GaiaApps.displayedApp: app with origin 'app://homescreen.gaiamobile.org' is displayed
04-28 02:41:24.887 W/WifiHW  (   84): wifi_command: SIGNAL_POLL
04-28 02:41:25.057 I/Gecko   (   84): [Parent 84] WARNING: waitpid failed pid:1794 errno:10: file ../../../gecko/ipc/chromium/src/base/process_util_posix.cc, line 254
04-28 02:41:25.057 I/Gecko   (   84): [Parent 84] WARNING: Failed to deliver SIGKILL to 1794!(3).: file ../../../gecko/ipc/chromium/src/chrome/common/process_watcher_posix_sigchld.cc, line 118
04-28 02:41:25.317 I/Gecko   (   84): 1398678085325	Marionette	DEBUG	Got request: switchToFrame, data: {"to":"0","sessionId":"3-b2g","name":"switchToFrame","parameters":{"id":null,"focus":true}}, id: {9d9fc299-d0c4-4f1c-bcfa-fc4835312459}
04-28 02:41:25.627 I/Gecko   (   84): 1398678085641	Marionette	INFO	Switched to frame: {"frameValue":null}
04-28 02:41:25.697 I/Gonk    (   84): Setting nice for pid 1823 to 18
04-28 02:41:25.707 I/Gonk    (   84): Changed nice for pid 1823 from 0 to 18.
04-28 02:41:25.797 I/Gecko   (   84): 1398678085805	Marionette	INFO	sendToClient: {"from":"0","ok":true}, {9d9fc299-d0c4-4f1c-bcfa-fc4835312459}, {9d9fc299-d0c4-4f1c-bcfa-fc4835312459}
04-28 02:41:25.807 I/Gecko   (   84): 1398678085817	Marionette	DEBUG	Got request: switchToFrame, data: {"to":"0","sessionId":"3-b2g","name":"switchToFrame","parameters":{"id":null,"focus":true}}, id: {e3e54260-1e19-48a9-af62-f46cf3ed079a}
04-28 02:41:25.817 I/Gecko   (   84): 1398678085823	Marionette	INFO	Switched to frame: {"frameValue":null}
04-28 02:41:26.067 I/Gonk    (   84): Setting nice for pid 1682 to 18
04-28 02:41:26.067 I/Gonk    (   84): Changed nice for pid 1682 from 1 to 18.
04-28 02:41:26.067 I/Gecko   (   84): 1398678086081	Marionette	INFO	sendToClient: {"from":"0","ok":true}, {e3e54260-1e19-48a9-af62-f46cf3ed079a}, {e3e54260-1e19-48a9-af62-f46cf3ed079a}
04-28 02:41:26.087 I/Gecko   (   84): 1398678086093	Marionette	DEBUG	Got request: executeWithCallback, data: {"to":"0","sessionId":"3-b2g","name":"executeAsyncScript","parameters":{"specialPowers":false,"scriptTimeout":null,"newSandbox":true,"args":[],"filename":"gaia_test.py","script":"return GaiaApps.displayedApp();","line":66}}, id: {0d678774-6b31-4cf0-b554-f2ffcc9e8fbf}
04-28 02:41:26.577 I/Gecko   (   84): 1398678086586	Marionette	INFO	sendToClient: {"from":"0","value":{"frame":{"ELEMENT":"{590eed1c-0bf4-4f28-8683-f2a0b4b9b545}"},"src":"app://homescreen.gaiamobile.org/index.html#root","name":"Homescreen","origin":"app://homescreen.gaiamobile.org"}}, {0d678774-6b31-4cf0-b554-f2ffcc9e8fbf}, {0d678774-6b31-4cf0-b554-f2ffcc9e8fbf}
04-28 02:41:26.577 E/GeckoConsole(   84): Content JS LOG at dummy file:392 in GaiaApps.displayedApp: app with origin 'app://homescreen.gaiamobile.org' is displayed
04-28 02:41:27.117 I/Gecko   (   84): 1398678087122	Marionette	DEBUG	Got request: switchToFrame, data: {"to":"0","sessionId":"3-b2g","name":"switchToFrame","parameters":{"focus":true,"element":"{590eed1c-0bf4-4f28-8683-f2a0b4b9b545}"}}, id: {536a1ac5-6581-4a93-98ee-473439968d9e}
04-28 02:41:27.187 I/Gecko   (   84): 1398678087193	Marionette	INFO	Switched to frame: {"frameValue":"{590eed1c-0bf4-4f28-8683-f2a0b4b9b545}"}
04-28 02:41:27.187 I/Gecko   (   84): 1398678087199	Marionette	INFO	trying remote frame 0
04-28 02:41:27.207 I/Gecko   (   84): 1398678087213	Marionette	INFO	trying remote frame 1
04-28 02:41:27.207 I/Gecko   (   84): 1398678087214	Marionette	INFO	trying remote frame 2
04-28 02:41:27.207 I/Gecko   (   84): 1398678087215	Marionette	INFO	deleting frame
04-28 02:41:27.227 I/Gecko   (   84): 1398678087240	Marionette	INFO	frame-manager load script: [object ChromeMessageSender]
04-28 02:41:27.407 I/Gecko   (   84): 
04-28 02:41:27.407 I/Gecko   (   84): ###!!! [Parent][MessageChannel] Error: Channel error: cannot send/recv
04-28 02:41:27.407 I/Gecko   (   84): 
04-28 02:41:27.467 I/GeckoDump(   84): Crash reporter : Can't fetch app.reportCrashes. Exception: [Exception... "Component returned failure code: 0x8000ffff (NS_ERROR_UNEXPECTED) [nsIPrefBranch.getBoolPref]"  nsresult: "0x8000ffff (NS_ERROR_UNEXPECTED)"  location: "JS frame :: chrome://browser/content/shell.js :: shell_reportCrash :: line 7"  data: no]
04-28 02:41:27.497 I/Gecko   (   84): [Parent 84] WARNING: waitpid failed pid:1682 errno:10: file ../../../gecko/ipc/chromium/src/base/process_util_posix.cc, line 254
04-28 02:41:27.777 I/Gecko   ( 1813): ###################################### forms.js loaded
04-28 02:41:27.807 I/Gecko   ( 1813): ############################### browserElementPanning.js loaded
04-28 02:41:27.837 I/Gecko   ( 1813): ######################## BrowserElementChildPreload.js loaded
04-28 02:41:29.227 I/Gecko   (   84): 1398678089240	Marionette	INFO	sendToClient: {"from":"0","ok":true}, {536a1ac5-6581-4a93-98ee-473439968d9e}, {536a1ac5-6581-4a93-98ee-473439968d9e}
04-28 02:41:29.497 I/Gecko   (   84): [Parent 84] WARNING: waitpid failed pid:1682 errno:10: file ../../../gecko/ipc/chromium/src/base/process_util_posix.cc, line 254
04-28 02:41:29.497 I/Gecko   (   84): [Parent 84] WARNING: Failed to deliver SIGKILL to 1682!(3).: file ../../../gecko/ipc/chromium/src/chrome/common/process_watcher_posix_sigchld.cc, line 118
04-28 02:41:29.567 I/Gecko   (   84): 1398678089575	Marionette	INFO	sendToClient: {"from":"0","value":"app://homescreen.gaiamobile.org/index.html#root"}, {7bd33f8a-3026-4087-b953-3df611bc68f4}, {7bd33f8a-3026-4087-b953-3df611bc68f4}
04-28 02:41:29.587 I/Gecko   (   84): 1398678089593	Marionette	DEBUG	Got request: switchToFrame, data: {"to":"0","sessionId":"3-b2g","name":"switchToFrame","parameters":{"id":null,"focus":true}}, id: {b8fa23dd-a819-42a2-bccf-3d3da959d7a0}
04-28 02:41:29.607 I/Gecko   (   84): 1398678089615	Marionette	INFO	Switched to frame: {"frameValue":null}
04-28 02:41:29.717 I/Gecko   (   84): 1398678089724	Marionette	INFO	sendToClient: {"from":"0","ok":true}, {b8fa23dd-a819-42a2-bccf-3d3da959d7a0}, {b8fa23dd-a819-42a2-bccf-3d3da959d7a0}
04-28 02:41:29.717 I/Gecko   (   84): 1398678089730	Marionette	DEBUG	Got request: switchToFrame, data: {"to":"0","sessionId":"3-b2g","name":"switchToFrame","parameters":{"id":null,"focus":true}}, id: {9c057d64-7e32-4fb5-91cf-b0438e165d4f}
04-28 02:41:29.727 I/Gecko   (   84): 1398678089732	Marionette	INFO	Switched to frame: {"frameValue":null}
04-28 02:41:29.837 I/Gecko   (   84): 1398678089842	Marionette	INFO	sendToClient: {"from":"0","ok":true}, {9c057d64-7e32-4fb5-91cf-b0438e165d4f}, {9c057d64-7e32-4fb5-91cf-b0438e165d4f}
04-28 02:41:29.837 I/Gecko   (   84): 1398678089849	Marionette	DEBUG	Got request: executeWithCallback, data: {"to":"0","sessionId":"3-b2g","name":"executeAsyncScript","parameters":{"specialPowers":false,"scriptTimeout":null,"newSandbox":true,"args":[],"filename":"gaia_test.py","script":"GaiaApps.killAll()","line":91}}, id: {44d44bc5-c43a-4a83-a4ba-2899f20102ba}
04-28 02:41:29.937 W/WifiHW  (   84): wifi_command: SIGNAL_POLL
04-28 02:41:29.957 I/Gecko   (   84): 1398678089968	Marionette	INFO	sendToClient: {"from":"0","value":true}, {44d44bc5-c43a-4a83-a4ba-2899f20102ba}, {44d44bc5-c43a-4a83-a4ba-2899f20102ba}
04-28 02:41:30.327 I/Gecko   (   84): 1398678090332	Marionette	DEBUG	Got request: switchToFrame, data: {"to":"0","sessionId":"3-b2g","name":"switchToFrame","parameters":{"id":null,"focus":true}}, id: {6dae6c30-e165-45ef-9a7e-bdc62d1fb6c3}
04-28 02:41:30.327 I/Gecko   (   84): 1398678090335	Marionette	INFO	Switched to frame: {"frameValue":null}
04-28 02:41:30.437 I/Gecko   (   84): 1398678090442	Marionette	INFO	sendToClient: {"from":"0","ok":true}, {6dae6c30-e165-45ef-9a7e-bdc62d1fb6c3}, {6dae6c30-e165-45ef-9a7e-bdc62d1fb6c3}
04-28 02:41:30.447 I/Gecko   (   84): 1398678090458	Marionette	DEBUG	Got request: executeWithCallback, data: {"to":"0","sessionId":"3-b2g","name":"executeAsyncScript","parameters":{"specialPowers":false,"scriptTimeout":60000,"newSandbox":true,"args":[],"filename":"app_checker.py","script":"\n        GaiaApps.locateWithManifestURL('https://marketplace.firefox.com/app/dd8b9fd3-066c-40e9-80ff-997689c9477a/manifest.webapp',\n                                       null,\n                                       function uninstall(app) {\n                                       navigator.mozApps.mgmt.uninstall(app);\n                                       marionetteScriptFinished(true);\n                                       });\n        ","line":129}}, id: {507a3f2d-cfa1-4427-a02b-5657bec6b3c1}
04-28 02:41:30.537 I/Gecko   (   84): -- webapps.js uninstall https://marketplace.firefox.com/app/dd8b9fd3-066c-40e9-80ff-997689c9477a/manifest.webapp
04-28 02:41:30.987 I/Gecko   (   84): 1398678090993	Marionette	INFO	sendToClient: {"from":"0","value":true}, {507a3f2d-cfa1-4427-a02b-5657bec6b3c1}, {507a3f2d-cfa1-4427-a02b-5657bec6b3c1}