--------- beginning of /dev/log/main
04-25 22:59:33.322 I/Gecko   (   84): 1398491973333	Marionette	INFO	sendToClient: {"from":"0","ok":true}, {51d71556-1e8e-4990-92cd-5b66bd840606}, {51d71556-1e8e-4990-92cd-5b66bd840606}
04-25 22:59:33.352 I/Gecko   (   84): 1398491973364	Marionette	DEBUG	Got request: switchToFrame, data: {"to":"0","sessionId":"3-b2g","name":"switchToFrame","parameters":{"id":null,"focus":true}}, id: {88c98b21-a375-425f-860c-7a58f4f73957}
04-25 22:59:33.362 I/Gecko   (   84): 1398491973374	Marionette	INFO	Switched to frame: {"frameValue":null}
04-25 22:59:33.452 E/GeckoConsole( 1367): Content JS ERROR at app://homescreen.gaiamobile.org/gaia_build_defer_index.js:390 in loadSVConfFileError: Failed parsing singleVariant configuration file [js/singlevariantconf.json]:  [Exception... "File error: Not found"  nsresult: "0x80520012 (NS_ERROR_FILE_NOT_FOUND)"  location: "JS frame :: app://homescreen.gaiamobile.org/gaia_build_defer_index.js :: loadFile :: line 382"  data: no]
04-25 22:59:33.462 I/Gecko   (   84): 1398491973478	Marionette	INFO	sendToClient: {"from":"0","ok":true}, {88c98b21-a375-425f-860c-7a58f4f73957}, {88c98b21-a375-425f-860c-7a58f4f73957}
04-25 22:59:33.472 I/Gecko   (   84): 1398491973486	Marionette	DEBUG	Got request: executeWithCallback, data: {"to":"0","sessionId":"3-b2g","name":"executeAsyncScript","parameters":{"specialPowers":false,"scriptTimeout":null,"newSandbox":true,"args":[],"filename":"gaia_test.py","script":"return GaiaApps.displayedApp();","line":66}}, id: {c66d3f20-36cb-453c-878c-baae97e82192}
04-25 22:59:33.552 I/Gecko   (   84): 1398491973563	Marionette	INFO	sendToClient: {"from":"0","value":{"frame":{"ELEMENT":"{8f4e690d-feba-46af-8041-a4263d4371a2}"},"src":"app://homescreen.gaiamobile.org/index.html#root","name":"Homescreen","origin":"app://homescreen.gaiamobile.org"}}, {c66d3f20-36cb-453c-878c-baae97e82192}, {c66d3f20-36cb-453c-878c-baae97e82192}
04-25 22:59:33.562 E/GeckoConsole(   84): Content JS LOG at dummy file:392 in GaiaApps.displayedApp: app with origin 'app://homescreen.gaiamobile.org' is displayed
04-25 22:59:33.562 I/Gecko   (   84): 1398491973577	Marionette	DEBUG	Got request: switchToFrame, data: {"to":"0","sessionId":"3-b2g","name":"switchToFrame","parameters":{"id":null,"focus":true}}, id: {68e4eae9-8f2e-4770-955d-a62c7db5f006}
04-25 22:59:33.562 I/Gecko   (   84): 1398491973579	Marionette	INFO	Switched to frame: {"frameValue":null}
04-25 22:59:33.672 I/Gecko   (   84): 1398491973683	Marionette	INFO	sendToClient: {"from":"0","ok":true}, {68e4eae9-8f2e-4770-955d-a62c7db5f006}, {68e4eae9-8f2e-4770-955d-a62c7db5f006}
04-25 22:59:33.672 I/Gecko   (   84): 1398491973689	Marionette	DEBUG	Got request: switchToFrame, data: {"to":"0","sessionId":"3-b2g","name":"switchToFrame","parameters":{"id":null,"focus":true}}, id: {fad22f43-2a13-4a44-b4d8-c716f429f520}
04-25 22:59:33.682 I/Gecko   (   84): 1398491973693	Marionette	INFO	Switched to frame: {"frameValue":null}
04-25 22:59:33.782 I/Gecko   (   84): 1398491973797	Marionette	INFO	sendToClient: {"from":"0","ok":true}, {fad22f43-2a13-4a44-b4d8-c716f429f520}, {fad22f43-2a13-4a44-b4d8-c716f429f520}
04-25 22:59:33.792 I/Gecko   (   84): 1398491973803	Marionette	DEBUG	Got request: executeWithCallback, data: {"to":"0","sessionId":"3-b2g","name":"executeAsyncScript","parameters":{"specialPowers":false,"scriptTimeout":null,"newSandbox":true,"args":[],"filename":"gaia_test.py","script":"return GaiaApps.displayedApp();","line":66}}, id: {25c8a1e1-0378-44f2-a790-97972102ce5a}
04-25 22:59:33.852 I/Gecko   (   84): 1398491973866	Marionette	INFO	sendToClient: {"from":"0","value":{"frame":{"ELEMENT":"{8f4e690d-feba-46af-8041-a4263d4371a2}"},"src":"app://homescreen.gaiamobile.org/index.html#root","name":"Homescreen","origin":"app://homescreen.gaiamobile.org"}}, {25c8a1e1-0378-44f2-a790-97972102ce5a}, {25c8a1e1-0378-44f2-a790-97972102ce5a}
04-25 22:59:33.862 E/GeckoConsole(   84): Content JS LOG at dummy file:392 in GaiaApps.displayedApp: app with origin 'app://homescreen.gaiamobile.org' is displayed
04-25 22:59:33.922 I/Gecko   (   84): 1398491973937	Marionette	DEBUG	Got request: switchToFrame, data: {"to":"0","sessionId":"3-b2g","name":"switchToFrame","parameters":{"focus":true,"element":"{8f4e690d-feba-46af-8041-a4263d4371a2}"}}, id: {bf1be190-1fbf-4ced-ab12-64e5076d17f0}
04-25 22:59:33.942 I/Gecko   (   84): 1398491973955	Marionette	INFO	Switched to frame: {"frameValue":"{8f4e690d-feba-46af-8041-a4263d4371a2}"}
04-25 22:59:33.952 I/Gecko   (   84): 1398491973963	Marionette	INFO	trying remote frame 0
04-25 22:59:33.952 I/Gecko   (   84): 1398491973964	Marionette	INFO	trying remote frame 1
04-25 22:59:33.952 I/Gecko   (   84): 1398491973965	Marionette	INFO	deleting frame
04-25 22:59:33.952 I/Gecko   (   84): 1398491973970	Marionette	INFO	frame-manager load script: [object ChromeMessageSender]
04-25 22:59:34.442 I/Gecko   (   84): 1398491974453	Marionette	INFO	sendToClient: {"from":"0","ok":true}, {bf1be190-1fbf-4ced-ab12-64e5076d17f0}, {bf1be190-1fbf-4ced-ab12-64e5076d17f0}
04-25 22:59:34.552 I/Gecko   (   84): 1398491974567	Marionette	INFO	sendToClient: {"from":"0","value":{"ELEMENT":"{e0fdf211-5fad-4fc5-8c13-5e15354c7011}"}}, {946440e1-578d-4293-bbc6-853eb3fe6e71}, {946440e1-578d-4293-bbc6-853eb3fe6e71}
04-25 22:59:34.912 V/AudioPolicyManagerBase(   89): startOutput() output 1, stream 1, session 4
04-25 22:59:34.912 V/AudioPolicyManagerBase(   89): changeRefCount() stream 1, count 1
04-25 22:59:34.912 V/AudioPolicyManagerBase(   89): getDeviceForStrategy() from cache strategy 0, device 2
04-25 22:59:34.912 V/AudioPolicyManagerBase(   89): getNewDevice() selected device 2
04-25 22:59:34.912 D/AudioPolicyManagerBase(   89): setOutputDevice() output 1 device 2 delayMs 0
04-25 22:59:34.912 V/AudioPolicyManagerBase(   89): setOutputDevice() setting same device 2 or null device for output 1
04-25 22:59:34.912 E/AudioPolicyManagerBase(   89): checkAndSetVolume stream=1, index=0, output=1, device=2
04-25 22:59:34.912 E/AudioPolicyManagerBase(   89): computeVolume, streamDesc=0x127dbb8
04-25 22:59:34.962 W/AudioFlinger(   89): Thread AudioOut_1 cannot connect to the power manager service
04-25 22:59:34.962 V/AudioPolicyManagerBase(   89): stopOutput() output 1, stream 1, session 4
04-25 22:59:34.962 V/AudioPolicyManagerBase(   89): changeRefCount() stream 1, count 0
04-25 22:59:34.962 V/AudioPolicyManagerBase(   89): getNewDevice() selected device 0
04-25 22:59:34.962 D/AudioPolicyManagerBase(   89): setOutputDevice() output 1 device 0 delayMs 290
04-25 22:59:34.962 V/AudioPolicyManagerBase(   89): setOutputDevice() setting same device 0 or null device for output 1
04-25 22:59:34.972 V/AudioPolicyManagerBase(   89): startOutput() output 1, stream 1, session 4
04-25 22:59:34.972 V/AudioPolicyManagerBase(   89): changeRefCount() stream 1, count 1
04-25 22:59:34.972 V/AudioPolicyManagerBase(   89): getDeviceForStrategy() from cache strategy 0, device 2
04-25 22:59:34.972 V/AudioPolicyManagerBase(   89): getNewDevice() selected device 2
04-25 22:59:34.972 D/AudioPolicyManagerBase(   89): setOutputDevice() output 1 device 2 delayMs 0
04-25 22:59:34.972 V/AudioPolicyManagerBase(   89): setOutputDevice() setting same device 2 or null device for output 1
04-25 22:59:34.972 E/AudioPolicyManagerBase(   89): checkAndSetVolume stream=1, index=0, output=1, device=2
04-25 22:59:34.972 E/AudioPolicyManagerBase(   89): computeVolume, streamDesc=0x127dbb8
04-25 22:59:34.972 V/AudioPolicyManagerBase(   89): stopOutput() output 1, stream 1, session 4
04-25 22:59:34.972 V/AudioPolicyManagerBase(   89): changeRefCount() stream 1, count 0
04-25 22:59:34.972 V/AudioPolicyManagerBase(   89): getNewDevice() selected device 0
04-25 22:59:34.972 D/AudioPolicyManagerBase(   89): setOutputDevice() output 1 device 0 delayMs 290
04-25 22:59:34.972 V/AudioPolicyManagerBase(   89): setOutputDevice() setting same device 0 or null device for output 1
04-25 22:59:34.982 V/AudioPolicyManagerBase(   89): releaseOutput() 1
04-25 22:59:35.062 E/GeckoConsole( 1367): [JavaScript Warning: "Use of getAttributeNode() is deprecated. Use getAttribute() instead." {file: "chrome://marionette/content/atoms.js" line: 25}]
04-25 22:59:35.062 E/GeckoConsole( 1367): [JavaScript Warning: "Use of attributes' specified attribute is deprecated. It always returns true." {file: "chrome://marionette/content/atoms.js" line: 25}]
04-25 22:59:35.062 I/Gecko   (   84): 1398491975079	Marionette	INFO	sendToClient: {"from":"0","value":"normal"}, {72af04ab-ab20-4510-b61b-3242618e143d}, {72af04ab-ab20-4510-b61b-3242618e143d}
04-25 22:59:35.072 I/Gecko   (   84): 1398491975085	Marionette	DEBUG	Got request: switchToFrame, data: {"to":"0","sessionId":"3-b2g","name":"switchToFrame","parameters":{"id":null,"focus":true}}, id: {40def3ac-3cb5-4b97-bbc8-f3bd609526df}
04-25 22:59:35.092 I/Gecko   (   84): 1398491975103	Marionette	INFO	Switched to frame: {"frameValue":null}
04-25 22:59:35.192 I/Gecko   (   84): 1398491975206	Marionette	INFO	sendToClient: {"from":"0","ok":true}, {40def3ac-3cb5-4b97-bbc8-f3bd609526df}, {40def3ac-3cb5-4b97-bbc8-f3bd609526df}
04-25 22:59:35.202 I/Gecko   (   84): 1398491975212	Marionette	DEBUG	Got request: execute, data: {"to":"0","sessionId":"3-b2g","name":"executeScript","parameters":{"specialPowers":false,"scriptTimeout":null,"newSandbox":true,"args":[],"filename":"gaia_test.py","script":"window.wrappedJSObject.dispatchEvent(new Event('home'));","line":788}}, id: {11fc31e8-9508-46b5-be8d-9fd01ec5f56e}
04-25 22:59:35.292 W/WifiHW  (   84): wifi_command: SIGNAL_POLL
04-25 22:59:35.312 I/Gecko   (   84): 1398491975322	Marionette	INFO	sendToClient: {"from":"0","value":null}, {11fc31e8-9508-46b5-be8d-9fd01ec5f56e}, {11fc31e8-9508-46b5-be8d-9fd01ec5f56e}
04-25 22:59:35.332 I/Gecko   (   84): 1398491975344	Marionette	DEBUG	Got request: switchToFrame, data: {"to":"0","sessionId":"3-b2g","name":"switchToFrame","parameters":{"id":null,"focus":true}}, id: {14e1ef41-8cac-4fc9-9a45-098ff581a05f}
04-25 22:59:35.332 I/Gecko   (   84): 1398491975346	Marionette	INFO	Switched to frame: {"frameValue":null}
04-25 22:59:35.442 I/Gecko   (   84): 1398491975457	Marionette	INFO	sendToClient: {"from":"0","ok":true}, {14e1ef41-8cac-4fc9-9a45-098ff581a05f}, {14e1ef41-8cac-4fc9-9a45-098ff581a05f}
04-25 22:59:35.452 I/Gecko   (   84): 1398491975463	Marionette	DEBUG	Got request: switchToFrame, data: {"to":"0","sessionId":"3-b2g","name":"switchToFrame","parameters":{"id":null,"focus":true}}, id: {709650c0-9bc7-491b-b2de-6594109cc037}
04-25 22:59:35.452 I/Gecko   (   84): 1398491975465	Marionette	INFO	Switched to frame: {"frameValue":null}
04-25 22:59:35.552 I/Gecko   (   84): 1398491975567	Marionette	INFO	sendToClient: {"from":"0","ok":true}, {709650c0-9bc7-491b-b2de-6594109cc037}, {709650c0-9bc7-491b-b2de-6594109cc037}
04-25 22:59:35.562 I/Gecko   (   84): 1398491975574	Marionette	DEBUG	Got request: executeWithCallback, data: {"to":"0","sessionId":"3-b2g","name":"executeAsyncScript","parameters":{"specialPowers":false,"scriptTimeout":null,"newSandbox":true,"args":[],"filename":"gaia_test.py","script":"return GaiaApps.displayedApp();","line":66}}, id: {fcffd53d-885b-41fb-8385-92c3b594af67}
04-25 22:59:35.632 I/Gecko   (   84): 1398491975646	Marionette	INFO	sendToClient: {"from":"0","value":{"frame":{"ELEMENT":"{8f4e690d-feba-46af-8041-a4263d4371a2}"},"src":"app://homescreen.gaiamobile.org/index.html#rootFri%20Apr%2025%202014%2022:59:35%20GMT-0700%20(UTC)","name":"Homescreen","origin":"app://homescreen.gaiamobile.org"}}, {fcffd53d-885b-41fb-8385-92c3b594af67}, {fcffd53d-885b-41fb-8385-92c3b594af67}
04-25 22:59:35.642 E/GeckoConsole(   84): Content JS LOG at dummy file:392 in GaiaApps.displayedApp: app with origin 'app://homescreen.gaiamobile.org' is displayed
04-25 22:59:35.652 I/Gecko   (   84): 1398491975663	Marionette	DEBUG	Got request: switchToFrame, data: {"to":"0","sessionId":"3-b2g","name":"switchToFrame","parameters":{"focus":true,"element":"{8f4e690d-feba-46af-8041-a4263d4371a2}"}}, id: {2c26d050-c50e-47f4-a963-d23819ef3454}
04-25 22:59:35.662 I/Gecko   (   84): 1398491975673	Marionette	INFO	Switched to frame: {"frameValue":"{8f4e690d-feba-46af-8041-a4263d4371a2}"}
04-25 22:59:35.672 I/Gecko   (   84): 1398491975682	Marionette	INFO	trying remote frame 0
04-25 22:59:35.682 I/Gecko   (   84): 1398491975691	Marionette	INFO	trying remote frame 1
04-25 22:59:35.962 I/Gecko   (   84): 1398491975977	Marionette	INFO	sendToClient: {"from":"0","ok":true}, {2c26d050-c50e-47f4-a963-d23819ef3454}, {2c26d050-c50e-47f4-a963-d23819ef3454}
04-25 22:59:35.972 I/Gecko   (   84): 1398491975984	Marionette	DEBUG	Got request: execute, data: {"to":"0","sessionId":"3-b2g","name":"executeScript","parameters":{"specialPowers":false,"scriptTimeout":null,"newSandbox":true,"args":[],"filename":"gaia_test.py","script":"return window.wrappedJSObject.GridManager.pageHelper.getCurrentPageNumber();","line":784}}, id: {33db5aaf-c111-4fc4-88a2-f056d7d617e5}
04-25 22:59:36.042 I/Gecko   (   84): 1398491976056	Marionette	INFO	sendToClient: {"from":"0","value":0}, {33db5aaf-c111-4fc4-88a2-f056d7d617e5}, {33db5aaf-c111-4fc4-88a2-f056d7d617e5}
04-25 22:59:36.242 I/Gecko   (   84): 1398491976252	Marionette	INFO	sendToClient: {"from":"0","value":["{b8a78c5a-319c-437b-8f8d-80452231796d}","{d31690ef-7e64-4f9a-b2c2-0c1be2b45b2b}","{960a0dcd-487c-4b6c-accb-f18c1fbc27f0}","{acfa01b5-0b1c-4cdf-8249-f1e50e57e2f8}","{427bed5a-0721-4e86-9332-8234135676a7}","{121ddf93-2841-4315-9b19-eeaebba19ae0}","{b36279d8-e555-4bf7-a3ec-73c1fc4b0a58}","{639eb1ef-a0de-47b1-a083-67542926b370}","{729146fc-6aff-411e-a414-fe75dbdfc26b}","{ee3a4e72-6d32-4eac-a46e-ce6ce3d74ca7}","{2a63622f-2710-4a3e-8ad2-9bb3f75489db}","{72b016e7-4f7c-45e5-9fdf-50ba9d06a2d3}","{8b8edbb0-1953-4528-b387-8edaf16ccfab}","{5ab029f8-9a09-4859-b197-9f2e4ce38a79}","{050530fe-66c4-487b-96d8-0d1ef45767e3}","{1f0d43e5-e93b-4058-860c-094cadea4339}","{e6bf2b9b-0290-448a-a7f1-a204224b33c7}","{3e5fcb8e-e653-4cdd-851f-f9a74227e7ec}","{23a7b5e4-1b2a-425f-9020-b5db8022ce99}","{bc541b13-b169-4031-98a2-1144cccc5543}","{04db744b-5721-40c0-a48b-8cc4df0eb5e5}","{74f4c4ec-22fa-4adc-b974-61cd3f7df51c}","{fb8da328-01ee-4aca-8949-a42c41a80966}","{f6b059eb-8173
04-25 22:59:37.522 I/Gecko   (   84): 1398491977535	Marionette	INFO	sendToClient: {"from":"0","value":"app://homescreen.gaiamobile.org/index.html#rootFri%20Apr%2025%202014%2022:59:35%20GMT-0700%20(UTC)"}, {0e0a1794-394d-4c7b-a83c-a33456f66e6a}, {0e0a1794-394d-4c7b-a83c-a33456f66e6a}
04-25 22:59:37.532 I/Gecko   (   84): 1398491977541	Marionette	DEBUG	Got request: switchToFrame, data: {"to":"0","sessionId":"3-b2g","name":"switchToFrame","parameters":{"id":null,"focus":true}}, id: {62486c19-ada9-4192-9df3-b4a42a499589}
04-25 22:59:37.542 E/GeckoConsole( 1367): Content JS WARN at app://homescreen.gaiamobile.org/gaia_build_defer_index.js:184 in isHiddenApp: Unexpected role when checking hidden app: undefined
04-25 22:59:37.542 E/GeckoConsole( 1367): Content JS WARN at app://homescreen.gaiamobile.org/gaia_build_defer_index.js:184 in isHiddenApp: Unexpected role when checking hidden app: undefined
04-25 22:59:37.542 E/GeckoConsole( 1367): Content JS WARN at app://homescreen.gaiamobile.org/gaia_build_defer_index.js:184 in isHiddenApp: Unexpected role when checking hidden app: undefined
04-25 22:59:37.542 I/Gecko   (   84): 1398491977556	Marionette	INFO	Switched to frame: {"frameValue":null}
04-25 22:59:37.542 E/GeckoConsole( 1367): Content JS WARN at app://homescreen.gaiamobile.org/gaia_build_defer_index.js:184 in isHiddenApp: Unexpected role when checking hidden app: undefined
04-25 22:59:37.542 E/GeckoConsole( 1367): Content JS WARN at app://homescreen.gaiamobile.org/gaia_build_defer_index.js:184 in isHiddenApp: Unexpected role when checking hidden app: undefined
04-25 22:59:37.542 E/GeckoConsole( 1367): Content JS WARN at app://homescreen.gaiamobile.org/gaia_build_defer_index.js:184 in isHiddenApp: Unexpected role when checking hidden app: undefined
04-25 22:59:37.542 E/GeckoConsole( 1367): Content JS WARN at app://homescreen.gaiamobile.org/gaia_build_defer_index.js:184 in isHiddenApp: Unexpected role when checking hidden app: undefined
04-25 22:59:37.552 E/GeckoConsole( 1367): Content JS WARN at app://homescreen.gaiamobile.org/gaia_build_defer_index.js:184 in isHiddenApp: Unexpected role when checking hidden app: undefined
04-25 22:59:37.552 E/GeckoConsole( 1367): Content JS WARN at app://homescreen.gaiamobile.org/gaia_build_defer_index.js:184 in isHiddenApp: Unexpected role when checking hidden app: undefined
04-25 22:59:37.552 E/GeckoConsole( 1367): Content JS WARN at app://homescreen.gaiamobile.org/gaia_build_defer_index.js:184 in isHiddenApp: Unexpected role when checking hidden app: undefined
04-25 22:59:37.552 E/GeckoConsole( 1367): Content JS WARN at app://homescreen.gaiamobile.org/gaia_build_defer_index.js:184 in isHiddenApp: Unexpected role when checking hidden app: undefined
04-25 22:59:37.552 E/GeckoConsole( 1367): Content JS WARN at app://homescreen.gaiamobile.org/gaia_build_defer_index.js:184 in isHiddenApp: Unexpected role when checking hidden app: undefined
04-25 22:59:37.552 E/GeckoConsole( 1367): Content JS WARN at app://homescreen.gaiamobile.org/gaia_build_defer_index.js:184 in isHiddenApp: Unexpected role when checking hidden app: undefined
04-25 22:59:37.552 E/GeckoConsole( 1367): Content JS WARN at app://homescreen.gaiamobile.org/gaia_build_defer_index.js:184 in isHiddenApp: Unexpected role when checking hidden app: undefined
04-25 22:59:37.552 E/GeckoConsole( 1367): Content JS WARN at app://homescreen.gaiamobile.org/gaia_build_defer_index.js:184 in isHiddenApp: Unexpected role when checking hidden app: undefined
04-25 22:59:37.552 E/GeckoConsole( 1367): Content JS WARN at app://homescreen.gaiamobile.org/gaia_build_defer_index.js:184 in isHiddenApp: Unexpected role when checking hidden app: undefined
04-25 22:59:37.552 E/GeckoConsole( 1367): Content JS WARN at app://homescreen.gaiamobile.org/gaia_build_defer_index.js:184 in isHiddenApp: Unexpected role when checking hidden app: undefined
04-25 22:59:37.552 E/GeckoConsole( 1367): Content JS WARN at app://homescreen.gaiamobile.org/gaia_build_defer_index.js:184 in isHiddenApp: Unexpected role when checking hidden app: undefined
04-25 22:59:37.552 E/GeckoConsole( 1367): Content JS WARN at app://homescreen.gaiamobile.org/gaia_build_defer_index.js:184 in isHiddenApp: Unexpected role when checking hidden app: undefined
04-25 22:59:37.552 E/GeckoConsole( 1367): Content JS WARN at app://homescreen.gaiamobile.org/gaia_build_defer_index.js:184 in isHiddenApp: Unexpected role when checking hidden app: undefined
04-25 22:59:37.562 E/GeckoConsole( 1367): Content JS WARN at app://homescreen.gaiamobile.org/gaia_build_defer_index.js:184 in isHiddenApp: Unexpected role when checking hidden app: undefined
04-25 22:59:37.562 E/GeckoConsole( 1367): Content JS WARN at app://homescreen.gaiamobile.org/gaia_build_defer_index.js:184 in isHiddenApp: Unexpected role when checking hidden app: undefined
04-25 22:59:37.562 E/GeckoConsole( 1367): Content JS WARN at app://homescreen.gaiamobile.org/gaia_build_defer_index.js:184 in isHiddenApp: Unexpected role when checking hidden app: undefined
04-25 22:59:37.562 E/GeckoConsole( 1367): Content JS WARN at app://homescreen.gaiamobile.org/gaia_build_defer_index.js:184 in isHiddenApp: Unexpected role when checking hidden app: undefined
04-25 22:59:37.562 E/GeckoConsole( 1367): Content JS WARN at app://homescreen.gaiamobile.org/gaia_build_defer_index.js:184 in isHiddenApp: Unexpected role when checking hidden app: undefined
04-25 22:59:37.572 E/GeckoConsole( 1367): Content JS WARN at app://homescreen.gaiamobile.org/gaia_build_defer_index.js:184 in isHiddenApp: Unexpected role when checking hidden app: undefined
04-25 22:59:37.572 E/GeckoConsole( 1367): Content JS WARN at app://homescreen.gaiamobile.org/gaia_build_defer_index.js:184 in isHiddenApp: Unexpected role when checking hidden app: undefined
04-25 22:59:37.572 E/GeckoConsole( 1367): Content JS WARN at app://homescreen.gaiamobile.org/gaia_build_defer_index.js:184 in isHiddenApp: Unexpected role when checking hidden app: undefined
04-25 22:59:37.572 E/GeckoConsole( 1367): Content JS WARN at app://homescreen.gaiamobile.org/gaia_build_defer_index.js:184 in isHiddenApp: Unexpected role when checking hidden app: undefined
04-25 22:59:37.642 I/Gecko   (   84): 1398491977660	Marionette	INFO	sendToClient: {"from":"0","ok":true}, {62486c19-ada9-4192-9df3-b4a42a499589}, {62486c19-ada9-4192-9df3-b4a42a499589}
04-25 22:59:37.652 I/Gecko   (   84): 1398491977667	Marionette	DEBUG	Got request: switchToFrame, data: {"to":"0","sessionId":"3-b2g","name":"switchToFrame","parameters":{"id":null,"focus":true}}, id: {16e08f8a-99b2-4015-9221-35b543bdf9e3}
04-25 22:59:37.652 I/Gecko   (   84): 1398491977669	Marionette	INFO	Switched to frame: {"frameValue":null}
04-25 22:59:37.762 I/Gecko   (   84): 1398491977774	Marionette	INFO	sendToClient: {"from":"0","ok":true}, {16e08f8a-99b2-4015-9221-35b543bdf9e3}, {16e08f8a-99b2-4015-9221-35b543bdf9e3}
04-25 22:59:37.762 I/Gecko   (   84): 1398491977780	Marionette	DEBUG	Got request: executeWithCallback, data: {"to":"0","sessionId":"3-b2g","name":"executeAsyncScript","parameters":{"specialPowers":false,"scriptTimeout":30000,"newSandbox":true,"args":[],"filename":"app_checker.py","script":"GaiaApps.launchWithManifestURL('http://sm.nomeata.de/sm.webapp')","line":106}}, id: {d9b72d39-27b5-4727-aa07-bd761798c227}
04-25 22:59:38.062 I/Gonk    (   84): Setting nice for pid 1384 to 18
04-25 22:59:38.062 I/Gonk    (   84): Changed nice for pid 1384 from 18 to 18.
04-25 22:59:38.062 I/Gecko   (   84): [Parent 84] WARNING: waitpid failed pid:1384 errno:10: file ../../../gecko/ipc/chromium/src/base/process_util_posix.cc, line 254
04-25 22:59:38.072 I/Gonk    (   84): Setting nice for pid 1384 to 1
04-25 22:59:38.072 I/Gonk    (   84): Changed nice for pid 1384 from 18 to 1.
04-25 22:59:38.202 E/GeckoConsole(   84): Content JS LOG at dummy file:334 in GaiaApps.launch: launching app with name 'Screen-Message'
04-25 22:59:38.362 E/[Gralloc-ERROR](   84): int gralloc_register_buffer(const gralloc_module_t*, const native_handle_t*):79 Unable to register handle 0x477cdba0 coming from different process: 84
04-25 22:59:38.382 E/[Gralloc-ERROR](   84): int gralloc_register_buffer(const gralloc_module_t*, const native_handle_t*):79 Unable to register handle 0x477cdc40 coming from different process: 84
04-25 22:59:38.402 E/[Gralloc-ERROR](   84): int gralloc_register_buffer(const gralloc_module_t*, const native_handle_t*):79 Unable to register handle 0x477cdce0 coming from different process: 84
04-25 22:59:38.402 E/[Gralloc-ERROR](   84): int gralloc_register_buffer(const gralloc_module_t*, const native_handle_t*):79 Unable to register handle 0x4782c560 coming from different process: 84
04-25 22:59:38.522 D/Sensors (   84): activate handle=0; drv=0
04-25 22:59:38.532 D/Sensors (   84): Lis3dhSensor: Control set 1
04-25 22:59:38.532 D/Sensors (   84): Lis3dhSensor: mEnabled = 1
04-25 22:59:38.642 I/Gonk    (   84): Setting nice for pid 1367 to 18
04-25 22:59:38.642 I/Gonk    (   84): Changed nice for pid 1367 from 1 to 18.
04-25 22:59:39.532 I/Gonk    (   84): Setting nice for pid 1437 to 18
04-25 22:59:39.532 I/Gonk    (   84): Changed nice for pid 1437 from 0 to 18.
04-25 22:59:40.292 I/Gecko   (   84): 
04-25 22:59:40.292 I/Gecko   (   84): ###!!! [Parent][MessageChannel] Error: Channel error: cannot send/recv
04-25 22:59:40.292 I/Gecko   (   84): 
04-25 22:59:40.352 W/WifiHW  (   84): wifi_command: SIGNAL_POLL
04-25 22:59:40.362 I/Gecko   (   84): [Parent 84] WARNING: waitpid failed pid:1367 errno:10: file ../../../gecko/ipc/chromium/src/base/process_util_posix.cc, line 254
04-25 22:59:40.612 I/Gecko   ( 1384): ###################################### forms.js loaded
04-25 22:59:40.652 I/Gecko   ( 1384): ############################### browserElementPanning.js loaded
04-25 22:59:40.672 I/Gecko   ( 1384): ######################## BrowserElementChildPreload.js loaded
04-25 22:59:41.522 E/GeckoConsole( 1384): [JavaScript Error: "The character encoding of the HTML document was not declared. The document will render with garbled text in some browser configurations if the document contains characters from outside the US-ASCII range. The character encoding of the page must be declared in the document or in the transfer protocol." {file: "http://sm.nomeata.de/webapp.html" line: 0}]
04-25 22:59:41.822 I/Gonk    (   84): Setting nice for pid 1437 to 18
04-25 22:59:41.822 I/Gonk    (   84): Changed nice for pid 1437 from 18 to 18.
04-25 22:59:41.822 I/Gecko   (   84): [Parent 84] WARNING: waitpid failed pid:1437 errno:10: file ../../../gecko/ipc/chromium/src/base/process_util_posix.cc, line 254
04-25 22:59:41.822 I/Gonk    (   84): Setting nice for pid 1437 to 1
04-25 22:59:41.822 I/Gonk    (   84): Changed nice for pid 1437 from 18 to 1.
04-25 22:59:41.862 I/Gonk    (   84): Setting nice for pid 1437 to 18
04-25 22:59:41.862 I/Gonk    (   84): Changed nice for pid 1437 from 1 to 18.
04-25 22:59:42.182 E/[Gralloc-ERROR](   84): int gralloc_unregister_buffer(const gralloc_module_t*, const native_handle_t*):274 Trying to unregister buffer 0x477cdc40 from process 84 that was not created in current process: 84
04-25 22:59:42.182 E/GeckoConsole(   84): Content JS LOG at dummy file:326 in GaiaApps.launch/appOpen/<: app with origin 'http://sm.nomeata.de' has launched
04-25 22:59:42.192 I/Gecko   (   84): 1398491982202	Marionette	INFO	sendToClient: {"from":"0","value":{"frame":{"ELEMENT":"{5160248f-2378-4584-b0d1-0e5257efb313}"},"src":"http://sm.nomeata.de/webapp.html","name":"Screen-Message","origin":"http://sm.nomeata.de"}}, {d9b72d39-27b5-4727-aa07-bd761798c227}, {d9b72d39-27b5-4727-aa07-bd761798c227}
04-25 22:59:42.202 E/[Gralloc-ERROR](   84): int gralloc_unregister_buffer(const gralloc_module_t*, const native_handle_t*):274 Trying to unregister buffer 0x477cdba0 from process 84 that was not created in current process: 84
04-25 22:59:42.222 E/[Gralloc-ERROR](   84): int gralloc_unregister_buffer(const gralloc_module_t*, const native_handle_t*):274 Trying to unregister buffer 0x4782c560 from process 84 that was not created in current process: 84
04-25 22:59:42.222 E/[Gralloc-ERROR](   84): int gralloc_unregister_buffer(const gralloc_module_t*, const native_handle_t*):274 Trying to unregister buffer 0x477cdce0 from process 84 that was not created in current process: 84
04-25 22:59:42.252 I/Gecko   (   84): 1398491982262	Marionette	DEBUG	Got request: switchToFrame, data: {"to":"0","sessionId":"3-b2g","name":"switchToFrame","parameters":{"focus":true,"element":"{5160248f-2378-4584-b0d1-0e5257efb313}"}}, id: {fe6babfc-588d-45bd-a0c9-cb9037b41877}
04-25 22:59:42.342 I/Gecko   (   84): 1398491982355	Marionette	INFO	Switched to frame: {"frameValue":"{5160248f-2378-4584-b0d1-0e5257efb313}"}
04-25 22:59:42.362 I/Gecko   (   84): [Parent 84] WARNING: waitpid failed pid:1367 errno:10: file ../../../gecko/ipc/chromium/src/base/process_util_posix.cc, line 254
04-25 22:59:42.362 I/Gecko   (   84): [Parent 84] WARNING: Failed to deliver SIGKILL to 1367!(3).: file ../../../gecko/ipc/chromium/src/chrome/common/process_watcher_posix_sigchld.cc, line 118
04-25 22:59:42.362 I/Gecko   (   84): 1398491982377	Marionette	INFO	trying remote frame 0
04-25 22:59:42.362 I/Gecko   (   84): 1398491982378	Marionette	INFO	trying remote frame 1
04-25 22:59:42.362 I/Gecko   (   84): 1398491982379	Marionette	INFO	deleting frame
04-25 22:59:42.372 I/Gecko   (   84): 1398491982385	Marionette	INFO	frame-manager load script: [object ChromeMessageSender]
04-25 22:59:42.912 I/Gecko   (   84): 1398491982925	Marionette	INFO	sendToClient: {"from":"0","ok":true}, {fe6babfc-588d-45bd-a0c9-cb9037b41877}, {fe6babfc-588d-45bd-a0c9-cb9037b41877}
04-25 22:59:43.472 I/Gecko   (   84): 
04-25 22:59:43.472 I/Gecko   (   84): ###!!! [Parent][MessageChannel] Error: Channel error: cannot send/recv
04-25 22:59:43.472 I/Gecko   (   84): 
04-25 22:59:43.512 I/Gecko   (   84): 1398491983527	Marionette	INFO	sendToClient: {"from":"0","value":"http://sm.nomeata.de/webapp.html#t=%3A-)"}, {f5d17f43-a9e9-4d2a-8634-ac4cd6ef7495}, {f5d17f43-a9e9-4d2a-8634-ac4cd6ef7495}
04-25 22:59:43.542 I/Gecko   (   84): [Parent 84] WARNING: waitpid failed pid:1437 errno:10: file ../../../gecko/ipc/chromium/src/base/process_util_posix.cc, line 254
04-25 22:59:43.642 I/Gecko   (   84): 1398491983650	Marionette	DEBUG	Got request: execute, data: {"to":"0","sessionId":"3-b2g","name":"executeScript","parameters":{"specialPowers":false,"scriptTimeout":null,"newSandbox":true,"args":[],"filename":"app_checker.py","script":"return window.document.readyState;","line":191}}, id: {2fc8621f-a61e-4048-8589-cc2dbcc3dc7a}
04-25 22:59:43.802 E/[Gralloc-ERROR](   84): int gralloc_register_buffer(const gralloc_module_t*, const native_handle_t*):79 Unable to register handle 0x45d07d30 coming from different process: 84
04-25 22:59:43.842 E/[Gralloc-ERROR](   84): int gralloc_register_buffer(const gralloc_module_t*, const native_handle_t*):79 Unable to register handle 0x45d07dd0 coming from different process: 84
04-25 22:59:43.892 E/[Gralloc-ERROR](   84): int gralloc_register_buffer(const gralloc_module_t*, const native_handle_t*):79 Unable to register handle 0x45d07e70 coming from different process: 84
04-25 22:59:43.892 E/[Gralloc-ERROR](   84): int gralloc_register_buffer(const gralloc_module_t*, const native_handle_t*):79 Unable to register handle 0x45d07f60 coming from different process: 84
04-25 22:59:43.902 I/Gecko   (   84): 1398491983913	Marionette	INFO	sendToClient: {"from":"0","value":"complete"}, {2fc8621f-a61e-4048-8589-cc2dbcc3dc7a}, {2fc8621f-a61e-4048-8589-cc2dbcc3dc7a}
04-25 22:59:43.922 E/[Gralloc-ERROR](   84): int gralloc_register_buffer(const gralloc_module_t*, const native_handle_t*):79 Unable to register handle 0x45d2c740 coming from different process: 84
04-25 22:59:43.942 E/[Gralloc-ERROR](   84): int gralloc_register_buffer(const gralloc_module_t*, const native_handle_t*):79 Unable to register handle 0x45d2c880 coming from different process: 84
04-25 22:59:43.992 E/[Gralloc-ERROR](   84): int gralloc_unregister_buffer(const gralloc_module_t*, const native_handle_t*):274 Trying to unregister buffer 0x45d07dd0 from process 84 that was not created in current process: 84
04-25 22:59:43.992 E/[Gralloc-ERROR](   84): int gralloc_unregister_buffer(const gralloc_module_t*, const native_handle_t*):274 Trying to unregister buffer 0x45d07d30 from process 84 that was not created in current process: 84
04-25 22:59:43.992 I/Gecko   (   84): 1398491984008	Marionette	INFO	sendToClient: {"from":"0","value":"http://sm.nomeata.de/webapp.html#t=%3A-)"}, {647d3f03-0178-4742-8515-bacea19c25d3}, {647d3f03-0178-4742-8515-bacea19c25d3}
04-25 22:59:44.012 I/Gecko   ( 1384): Attempting load of libEGL.so
04-25 22:59:44.062 D/libEGL  ( 1384): loaded /system/lib/egl/libEGL_mali.so
04-25 22:59:44.102 D/libEGL  ( 1384): loaded /system/lib/egl/libGLESv1_CM_mali.so
04-25 22:59:44.112 D/libEGL  ( 1384): loaded /system/lib/egl/libGLESv2_mali.so
04-25 22:59:44.162 I/Gecko   ( 1384): SharedSurface_Gralloc::Create -------
04-25 22:59:44.192 I/Gecko   ( 1384): SharedSurface_Gralloc::Create: success -- surface 0x435b9580, GraphicBuffer 0x436e5500.
04-25 22:59:44.902 E/[Gralloc-ERROR](   84): int gralloc_register_buffer(const gralloc_module_t*, const native_handle_t*):79 Unable to register handle 0x446186a0 coming from different process: 84
04-25 22:59:44.942 E/[Gralloc-ERROR](   84): int gralloc_register_buffer(const gralloc_module_t*, const native_handle_t*):79 Unable to register handle 0x446188d0 coming from different process: 84
04-25 22:59:45.052 E/[Gralloc-ERROR](   84): int gralloc_unregister_buffer(const gralloc_module_t*, const native_handle_t*):274 Trying to unregister buffer 0x45d07e70 from process 84 that was not created in current process: 84
04-25 22:59:45.052 E/[Gralloc-ERROR](   84): int gralloc_unregister_buffer(const gralloc_module_t*, const native_handle_t*):274 Trying to unregister buffer 0x45d07f60 from process 84 that was not created in current process: 84
04-25 22:59:45.072 E/[Gralloc-ERROR](   84): int gralloc_unregister_buffer(const gralloc_module_t*, const native_handle_t*):274 Trying to unregister buffer 0x45d2c880 from process 84 that was not created in current process: 84
04-25 22:59:45.072 E/[Gralloc-ERROR](   84): int gralloc_unregister_buffer(const gralloc_module_t*, const native_handle_t*):274 Trying to unregister buffer 0x45d2c740 from process 84 that was not created in current process: 84
04-25 22:59:45.362 W/WifiHW  (   84): wifi_command: SIGNAL_POLL
04-25 22:59:45.542 I/Gecko   (   84): [Parent 84] WARNING: waitpid failed pid:1437 errno:10: file ../../../gecko/ipc/chromium/src/base/process_util_posix.cc, line 254
04-25 22:59:45.542 I/Gecko   (   84): [Parent 84] WARNING: Failed to deliver SIGKILL to 1437!(3).: file ../../../gecko/ipc/chromium/src/chrome/common/process_watcher_posix_sigchld.cc, line 118
04-25 22:59:45.722 I/Gecko   (   84): 1398491985718	Marionette	INFO	sendToClient: {"from":"0","value":"iVBORw0KGgoAAAANSUhEUgAAAUAAAAHMCAYAAACk4nEJAAAgAElEQVR4nO2d+XcUVdrH+19LCBJNZBDDwGQGYZABZlBcQBH0tWPCKhAhRAMBBBQCaCQaEARBw6rs26tsRrYhCAGBhJC97/vDPfV2d9Jbdfr201X38znnew50Vzr11PJJbX2fQEApRQghVkZ8BgghRCriM0AIIVIRnwFCCJGK+AwQQohUxGeAEEKkIj4DhBAiFfEZIIQQqYjPACGESEV8BgghRCriM0AIIVIRnwFCCJGK+AwQQohUxGeAEEKkknSC27dVoLFRBT79VAU++0wFdu1SgZaWwdPduaMC33+vAhs3qsCmTSqwf78KdHSE329vV4Fvv1WBU6dU4MkT/e81a1TgyJHoz7l5U/+OTz9Vge3bVeD8eRUIhWLPWyrTOr/39GkV6O5WgcOHVaCuTgU2bFCBgwdVoK9PfiUQQmSS8M0TJ1QgGFSBsjIVqK1VgdWrVaCiQv//3r3wdKdPq0B5uX79k09UoKpK/9zKlSrQ36+naW3Vr9XWqkBNjf53MBgtwOPHVeCDD1Rg4UItqGXL9DQNDYPFluq0zu+trtaprFSBzZtVYPFi/fqePfIrgRAik7hv9PWpwPz5WhJ37oRfb29XgQsXwv9/8ECLaP58fUTmvH7tmgpcvx7+vyOiYFBL6/JlfYTY1aXfv39ff86yZSrQ1qZf6+3VR53BoApcvRr+LDfTRv7e+vrwEd/Vq/q1ZcvkVwIhRCZx33j6NCyOP/+M/wHffKOn2bkz8S+KFNHBg4Pf//rr2O85otqyJb1pnd+7cGH06e6TJ+H5kV4JhBCZJHzz88+1IBYt0tfabt8efCq6apWeJvKoMFYcEZWXR18bdOKcFl+8qK/VObl7V7/+8cfpTev83iVLon9fZycCJMT2JHyzs1MFduzQ1/0cWVRVqcCvv4anWb
04-25 22:59:45.942 I/Gecko   (   84): 1398491985952	Marionette	INFO	sendToClient: {"from":"0","ok":true}, {70a4092c-776e-498a-912f-33daf263a210}, {70a4092c-776e-498a-912f-33daf263a210}
04-25 22:59:45.952 I/Gecko   (   84): 1398491985966	Marionette	DEBUG	Got request: switchToFrame, data: {"to":"0","sessionId":"3-b2g","name":"switchToFrame","parameters":{"id":null,"focus":true}}, id: {6698f972-4339-4d2c-b8ae-3b6f87666d83}
04-25 22:59:45.962 I/Gecko   (   84): 1398491985980	Marionette	INFO	Switched to frame: {"frameValue":null}
04-25 22:59:46.092 I/Gecko   (   84): 1398491986104	Marionette	INFO	sendToClient: {"from":"0","ok":true}, {6698f972-4339-4d2c-b8ae-3b6f87666d83}, {6698f972-4339-4d2c-b8ae-3b6f87666d83}
04-25 22:59:46.092 I/Gecko   (   84): 1398491986110	Marionette	DEBUG	Got request: executeWithCallback, data: {"to":"0","sessionId":"3-b2g","name":"executeAsyncScript","parameters":{"specialPowers":false,"scriptTimeout":null,"newSandbox":true,"args":[],"filename":"gaia_test.py","script":"return GaiaApps.displayedApp();","line":66}}, id: {f1176bc0-e983-4929-893a-dd6c317692d5}
04-25 22:59:46.162 I/Gecko   (   84): 1398491986174	Marionette	INFO	sendToClient: {"from":"0","value":{"frame":{"ELEMENT":"{5160248f-2378-4584-b0d1-0e5257efb313}"},"src":"http://sm.nomeata.de/webapp.html","name":"Screen-Message","origin":"http://sm.nomeata.de"}}, {f1176bc0-e983-4929-893a-dd6c317692d5}, {f1176bc0-e983-4929-893a-dd6c317692d5}
04-25 22:59:46.172 E/GeckoConsole(   84): Content JS LOG at dummy file:392 in GaiaApps.displayedApp: app with origin 'http://sm.nomeata.de' is displayed
04-25 22:59:46.172 I/Gecko   (   84): 1398491986184	Marionette	DEBUG	Got request: switchToFrame, data: {"to":"0","sessionId":"3-b2g","name":"switchToFrame","parameters":{"id":null,"focus":true}}, id: {e0564257-2424-4b65-be1d-008817bf4409}
04-25 22:59:46.172 I/Gecko   (   84): 1398491986185	Marionette	INFO	Switched to frame: {"frameValue":null}
04-25 22:59:46.282 I/Gecko   (   84): 1398491986294	Marionette	INFO	sendToClient: {"from":"0","ok":true}, {e0564257-2424-4b65-be1d-008817bf4409}, {e0564257-2424-4b65-be1d-008817bf4409}
04-25 22:59:46.292 I/Gecko   (   84): 1398491986307	Marionette	DEBUG	Got request: execute, data: {"to":"0","sessionId":"3-b2g","name":"executeScript","parameters":{"specialPowers":false,"scriptTimeout":null,"newSandbox":true,"args":[],"filename":"gaia_test.py","script":"window.wrappedJSObject.dispatchEvent(new Event('home'));","line":788}}, id: {5a5d15c3-74e2-40ca-99c8-1d989b5c1947}
04-25 22:59:46.532 D/Sensors (   84): activate handle=0; drv=0
04-25 22:59:46.532 D/Sensors (   84): Lis3dhSensor: Control set 0
04-25 22:59:46.532 D/Sensors (   84): Lis3dhSensor: mEnabled = 0
04-25 22:59:46.692 I/Gonk    (   84): Setting nice for pid 1456 to 18
04-25 22:59:46.692 I/Gonk    (   84): Changed nice for pid 1456 from 0 to 18.
04-25 22:59:46.742 I/Gecko   (   84): 1398491986754	Marionette	INFO	sendToClient: {"from":"0","value":null}, {5a5d15c3-74e2-40ca-99c8-1d989b5c1947}, {5a5d15c3-74e2-40ca-99c8-1d989b5c1947}
04-25 22:59:46.742 E/[Gralloc-ERROR](   84): int gralloc_unregister_buffer(const gralloc_module_t*, const native_handle_t*):274 Trying to unregister buffer 0x446188d0 from process 84 that was not created in current process: 84
04-25 22:59:46.742 E/[Gralloc-ERROR](   84): int gralloc_unregister_buffer(const gralloc_module_t*, const native_handle_t*):274 Trying to unregister buffer 0x446186a0 from process 84 that was not created in current process: 84
04-25 22:59:46.752 I/Gonk    (   84): Setting nice for pid 1456 to 18
04-25 22:59:46.752 I/Gonk    (   84): Changed nice for pid 1456 from 18 to 18.
04-25 22:59:46.752 I/Gecko   (   84): [Parent 84] WARNING: waitpid failed pid:1456 errno:10: file ../../../gecko/ipc/chromium/src/base/process_util_posix.cc, line 254
04-25 22:59:46.752 I/Gonk    (   84): Setting nice for pid 1456 to 1
04-25 22:59:46.752 I/Gonk    (   84): Changed nice for pid 1456 from 18 to 1.
04-25 22:59:46.932 I/Gecko   (   84): 1398491986944	Marionette	DEBUG	Got request: switchToFrame, data: {"to":"0","sessionId":"3-b2g","name":"switchToFrame","parameters":{"id":null,"focus":true}}, id: {0e3ef3d9-3c0e-41ae-a857-1b472df4228e}
04-25 22:59:46.962 I/Gonk    (   84): Setting nice for pid 1464 to 18
04-25 22:59:46.962 I/Gonk    (   84): Changed nice for pid 1464 from 0 to 18.
04-25 22:59:46.982 I/Gecko   (   84): 1398491986992	Marionette	INFO	Switched to frame: {"frameValue":null}
04-25 22:59:47.082 I/Gecko   (   84): 1398491987096	Marionette	INFO	sendToClient: {"from":"0","ok":true}, {0e3ef3d9-3c0e-41ae-a857-1b472df4228e}, {0e3ef3d9-3c0e-41ae-a857-1b472df4228e}
04-25 22:59:47.152 I/Gecko   (   84): 1398491987165	Marionette	DEBUG	Got request: executeWithCallback, data: {"to":"0","sessionId":"3-b2g","name":"executeAsyncScript","parameters":{"specialPowers":false,"scriptTimeout":null,"newSandbox":true,"args":[],"filename":"gaia_test.py","script":"return GaiaApps.displayedApp();","line":66}}, id: {a1f708ba-5142-40d4-bef6-b77891459f56}
04-25 22:59:47.322 I/Gecko   (   84): 1398491987340	Marionette	INFO	sendToClient: {"from":"0","value":{"frame":{"ELEMENT":"{35c0263f-5961-418a-a93e-f7f624287116}"},"src":"app://homescreen.gaiamobile.org/index.html#root","name":"Homescreen","origin":"app://homescreen.gaiamobile.org"}}, {a1f708ba-5142-40d4-bef6-b77891459f56}, {a1f708ba-5142-40d4-bef6-b77891459f56}
04-25 22:59:47.352 E/GeckoConsole(   84): Content JS LOG at dummy file:392 in GaiaApps.displayedApp: app with origin 'app://homescreen.gaiamobile.org' is displayed
04-25 22:59:47.382 I/Gecko   (   84): 1398491987392	Marionette	DEBUG	Got request: switchToFrame, data: {"to":"0","sessionId":"3-b2g","name":"switchToFrame","parameters":{"id":null,"focus":true}}, id: {e8a0887c-1284-4de7-9a93-5face1c71368}
04-25 22:59:47.382 I/Gecko   (   84): 1398491987398	Marionette	INFO	Switched to frame: {"frameValue":null}
04-25 22:59:48.102 E/[Gralloc-ERROR](   84): int gralloc_register_buffer(const gralloc_module_t*, const native_handle_t*):79 Unable to register handle 0x45d2cf10 coming from different process: 84
04-25 22:59:48.102 E/[Gralloc-ERROR](   84): int gralloc_register_buffer(const gralloc_module_t*, const native_handle_t*):79 Unable to register handle 0x45d3a150 coming from different process: 84
04-25 22:59:48.202 I/Gecko   (   84): 1398491988220	Marionette	INFO	sendToClient: {"from":"0","ok":true}, {e8a0887c-1284-4de7-9a93-5face1c71368}, {e8a0887c-1284-4de7-9a93-5face1c71368}
04-25 22:59:48.712 E/[Gralloc-ERROR](   84): int gralloc_unregister_buffer(const gralloc_module_t*, const native_handle_t*):274 Trying to unregister buffer 0x45d3a150 from process 84 that was not created in current process: 84
04-25 22:59:48.712 E/[Gralloc-ERROR](   84): int gralloc_unregister_buffer(const gralloc_module_t*, const native_handle_t*):274 Trying to unregister buffer 0x45d2cf10 from process 84 that was not created in current process: 84
04-25 22:59:48.742 I/Gecko   (   84): 1398491988753	Marionette	DEBUG	Got request: switchToFrame, data: {"to":"0","sessionId":"3-b2g","name":"switchToFrame","parameters":{"id":null,"focus":true}}, id: {8c62db99-5d8c-46d5-982b-5e1e9de4ff76}
04-25 22:59:48.782 I/Gecko   (   84): 1398491988792	Marionette	INFO	Switched to frame: {"frameValue":null}
04-25 22:59:48.862 I/Gonk    (   84): Setting nice for pid 1384 to 18
04-25 22:59:48.862 I/Gonk    (   84): Changed nice for pid 1384 from 1 to 18.
04-25 22:59:48.882 I/Gecko   (   84): 1398491988897	Marionette	INFO	sendToClient: {"from":"0","ok":true}, {8c62db99-5d8c-46d5-982b-5e1e9de4ff76}, {8c62db99-5d8c-46d5-982b-5e1e9de4ff76}
04-25 22:59:48.892 I/Gecko   (   84): 1398491988904	Marionette	DEBUG	Got request: executeWithCallback, data: {"to":"0","sessionId":"3-b2g","name":"executeAsyncScript","parameters":{"specialPowers":false,"scriptTimeout":null,"newSandbox":true,"args":[],"filename":"gaia_test.py","script":"return GaiaApps.displayedApp();","line":66}}, id: {c45e2453-3d6e-4fb7-9630-11fc93561004}
04-25 22:59:49.022 I/Gecko   (   84): 1398491989032	Marionette	INFO	sendToClient: {"from":"0","value":{"frame":{"ELEMENT":"{35c0263f-5961-418a-a93e-f7f624287116}"},"src":"app://homescreen.gaiamobile.org/index.html#root","name":"Homescreen","origin":"app://homescreen.gaiamobile.org"}}, {c45e2453-3d6e-4fb7-9630-11fc93561004}, {c45e2453-3d6e-4fb7-9630-11fc93561004}
04-25 22:59:49.022 E/GeckoConsole(   84): Content JS LOG at dummy file:392 in GaiaApps.displayedApp: app with origin 'app://homescreen.gaiamobile.org' is displayed
04-25 22:59:49.052 I/Gecko   (   84): 1398491989062	Marionette	DEBUG	Got request: switchToFrame, data: {"to":"0","sessionId":"3-b2g","name":"switchToFrame","parameters":{"focus":true,"element":"{35c0263f-5961-418a-a93e-f7f624287116}"}}, id: {6f2c2363-7131-4ec4-9325-916032a27f47}
04-25 22:59:49.062 I/Gecko   (   84): 1398491989078	Marionette	INFO	Switched to frame: {"frameValue":"{35c0263f-5961-418a-a93e-f7f624287116}"}
04-25 22:59:49.062 I/Gecko   (   84): 1398491989080	Marionette	INFO	trying remote frame 0
04-25 22:59:49.072 I/Gecko   (   84): 1398491989081	Marionette	INFO	trying remote frame 1
04-25 22:59:49.082 I/Gecko   (   84): 1398491989091	Marionette	INFO	deleting frame
04-25 22:59:49.082 I/Gecko   (   84): 1398491989097	Marionette	INFO	frame-manager load script: [object ChromeMessageSender]
04-25 22:59:50.072 I/Gecko   (   84): 
04-25 22:59:50.072 I/Gecko   (   84): ###!!! [Parent][MessageChannel] Error: Channel error: cannot send/recv
04-25 22:59:50.072 I/Gecko   (   84): 
04-25 22:59:50.232 I/Gecko   (   84): [Parent 84] WARNING: waitpid failed pid:1384 errno:10: file ../../../gecko/ipc/chromium/src/base/process_util_posix.cc, line 254
04-25 22:59:50.372 W/WifiHW  (   84): wifi_command: SIGNAL_POLL
04-25 22:59:50.432 I/Gecko   ( 1456): ###################################### forms.js loaded
04-25 22:59:50.472 I/Gecko   ( 1456): ############################### browserElementPanning.js loaded
04-25 22:59:50.492 I/Gecko   ( 1456): ######################## BrowserElementChildPreload.js loaded
04-25 22:59:51.462 I/Gecko   (   84): 1398491991475	Marionette	INFO	sendToClient: {"from":"0","ok":true}, {6f2c2363-7131-4ec4-9325-916032a27f47}, {6f2c2363-7131-4ec4-9325-916032a27f47}
04-25 22:59:51.762 I/Gecko   (   84): 1398491991775	Marionette	INFO	sendToClient: {"from":"0","value":"app://homescreen.gaiamobile.org/index.html#root"}, {0d1b6ad4-9219-494e-806d-d9e45fcab306}, {0d1b6ad4-9219-494e-806d-d9e45fcab306}
04-25 22:59:51.772 I/Gecko   (   84): 1398491991783	Marionette	DEBUG	Got request: switchToFrame, data: {"to":"0","sessionId":"3-b2g","name":"switchToFrame","parameters":{"id":null,"focus":true}}, id: {13f72070-45f9-43a9-b6ad-770a9d7d54e9}
04-25 22:59:51.792 I/Gecko   (   84): 1398491991803	Marionette	INFO	Switched to frame: {"frameValue":null}
04-25 22:59:51.892 I/Gecko   (   84): 1398491991908	Marionette	INFO	sendToClient: {"from":"0","ok":true}, {13f72070-45f9-43a9-b6ad-770a9d7d54e9}, {13f72070-45f9-43a9-b6ad-770a9d7d54e9}
04-25 22:59:51.912 I/Gecko   (   84): 1398491991930	Marionette	DEBUG	Got request: switchToFrame, data: {"to":"0","sessionId":"3-b2g","name":"switchToFrame","parameters":{"id":null,"focus":true}}, id: {95f717e0-4e3c-417c-aebc-ae9d1ec04b81}
04-25 22:59:51.922 I/Gecko   (   84): 1398491991937	Marionette	INFO	Switched to frame: {"frameValue":null}
04-25 22:59:52.152 I/Gecko   (   84): 1398491992162	Marionette	INFO	sendToClient: {"from":"0","ok":true}, {95f717e0-4e3c-417c-aebc-ae9d1ec04b81}, {95f717e0-4e3c-417c-aebc-ae9d1ec04b81}
04-25 22:59:52.152 I/Gecko   (   84): 1398491992169	Marionette	DEBUG	Got request: executeWithCallback, data: {"to":"0","sessionId":"3-b2g","name":"executeAsyncScript","parameters":{"specialPowers":false,"scriptTimeout":null,"newSandbox":true,"args":[],"filename":"gaia_test.py","script":"GaiaApps.killAll()","line":91}}, id: {32d8e8c5-b7c5-4c81-b78d-bd40e2a06edf}
04-25 22:59:52.202 I/Gecko   (   84): 1398491992213	Marionette	INFO	sendToClient: {"from":"0","value":true}, {32d8e8c5-b7c5-4c81-b78d-bd40e2a06edf}, {32d8e8c5-b7c5-4c81-b78d-bd40e2a06edf}
04-25 22:59:52.202 I/Gecko   (   84): 1398491992218	Marionette	DEBUG	Got request: switchToFrame, data: {"to":"0","sessionId":"3-b2g","name":"switchToFrame","parameters":{"id":null,"focus":true}}, id: {ec45922b-d401-4006-9a1f-339802749ed4}
04-25 22:59:52.212 I/Gecko   (   84): 1398491992221	Marionette	INFO	Switched to frame: {"frameValue":null}
04-25 22:59:52.232 I/Gecko   (   84): [Parent 84] WARNING: waitpid failed pid:1384 errno:10: file ../../../gecko/ipc/chromium/src/base/process_util_posix.cc, line 254
04-25 22:59:52.232 I/Gecko   (   84): [Parent 84] WARNING: Failed to deliver SIGKILL to 1384!(3).: file ../../../gecko/ipc/chromium/src/chrome/common/process_watcher_posix_sigchld.cc, line 118
04-25 22:59:52.322 I/Gecko   (   84): 1398491992333	Marionette	INFO	sendToClient: {"from":"0","ok":true}, {ec45922b-d401-4006-9a1f-339802749ed4}, {ec45922b-d401-4006-9a1f-339802749ed4}
04-25 22:59:52.322 I/Gecko   (   84): 1398491992340	Marionette	DEBUG	Got request: executeWithCallback, data: {"to":"0","sessionId":"3-b2g","name":"executeAsyncScript","parameters":{"specialPowers":false,"scriptTimeout":60000,"newSandbox":true,"args":[],"filename":"app_checker.py","script":"\n        GaiaApps.locateWithManifestURL('http://sm.nomeata.de/sm.webapp',\n                                       null,\n                                       function uninstall(app) {\n                                       navigator.mozApps.mgmt.uninstall(app);\n                                       marionetteScriptFinished(true);\n                                       });\n        ","line":129}}, id: {e8dee7fb-cacb-45c9-92be-8b4070616fef}
04-25 22:59:52.372 I/Gecko   (   84): -- webapps.js uninstall http://sm.nomeata.de/sm.webapp
04-25 22:59:52.802 I/Gecko   (   84): 1398491992812	Marionette	INFO	sendToClient: {"from":"0","value":true}, {e8dee7fb-cacb-45c9-92be-8b4070616fef}, {e8dee7fb-cacb-45c9-92be-8b4070616fef}