--------- beginning of /dev/log/main
04-25 13:41:40.221 I/Gecko   (   84): 1398458500239	Marionette	INFO	sendToClient: {"from":"0","ok":true}, {d0ad9e1a-1f99-4664-960d-5e074b2d3698}, {d0ad9e1a-1f99-4664-960d-5e074b2d3698}
04-25 13:41:40.281 I/Gecko   (   84): 1398458500291	Marionette	DEBUG	Got request: switchToFrame, data: {"to":"0","sessionId":"3-b2g","name":"switchToFrame","parameters":{"id":null,"focus":true}}, id: {4a908a1d-8bae-4475-9002-80a15aaa97a4}
04-25 13:41:40.281 I/Gecko   (   84): 1398458500294	Marionette	INFO	Switched to frame: {"frameValue":null}
04-25 13:41:40.351 E/GeckoConsole(  773): Content JS ERROR at app://homescreen.gaiamobile.org/gaia_build_defer_index.js:390 in loadSVConfFileError: Failed parsing singleVariant configuration file [js/singlevariantconf.json]:  [Exception... "File error: Not found"  nsresult: "0x80520012 (NS_ERROR_FILE_NOT_FOUND)"  location: "JS frame :: app://homescreen.gaiamobile.org/gaia_build_defer_index.js :: loadFile :: line 382"  data: no]
04-25 13:41:40.391 I/Gecko   (   84): 1398458500402	Marionette	INFO	sendToClient: {"from":"0","ok":true}, {4a908a1d-8bae-4475-9002-80a15aaa97a4}, {4a908a1d-8bae-4475-9002-80a15aaa97a4}
04-25 13:41:40.391 I/Gecko   (   84): 1398458500408	Marionette	DEBUG	Got request: executeWithCallback, data: {"to":"0","sessionId":"3-b2g","name":"executeAsyncScript","parameters":{"specialPowers":false,"scriptTimeout":null,"newSandbox":true,"args":[],"filename":"gaia_test.py","script":"return GaiaApps.displayedApp();","line":66}}, id: {4bcb03bb-24a5-4203-8799-14257f00fe3a}
04-25 13:41:40.461 I/Gecko   (   84): 1398458500477	Marionette	INFO	sendToClient: {"from":"0","value":{"frame":{"ELEMENT":"{91647ed4-6b44-4a2e-be1a-85564af9446d}"},"src":"app://homescreen.gaiamobile.org/index.html#root","name":"Homescreen","origin":"app://homescreen.gaiamobile.org"}}, {4bcb03bb-24a5-4203-8799-14257f00fe3a}, {4bcb03bb-24a5-4203-8799-14257f00fe3a}
04-25 13:41:40.461 E/GeckoConsole(   84): Content JS LOG at dummy file:392 in GaiaApps.displayedApp: app with origin 'app://homescreen.gaiamobile.org' is displayed
04-25 13:41:40.491 I/Gecko   (   84): 1398458500503	Marionette	DEBUG	Got request: switchToFrame, data: {"to":"0","sessionId":"3-b2g","name":"switchToFrame","parameters":{"id":null,"focus":true}}, id: {aca93316-86ad-429c-b327-d90b422de903}
04-25 13:41:40.491 I/Gecko   (   84): 1398458500505	Marionette	INFO	Switched to frame: {"frameValue":null}
04-25 13:41:40.591 I/Gecko   (   84): 1398458500607	Marionette	INFO	sendToClient: {"from":"0","ok":true}, {aca93316-86ad-429c-b327-d90b422de903}, {aca93316-86ad-429c-b327-d90b422de903}
04-25 13:41:40.601 I/Gecko   (   84): 1398458500614	Marionette	DEBUG	Got request: switchToFrame, data: {"to":"0","sessionId":"3-b2g","name":"switchToFrame","parameters":{"id":null,"focus":true}}, id: {c7c80e9f-42a1-4ef9-a567-6a1f5f11b7f8}
04-25 13:41:40.601 I/Gecko   (   84): 1398458500616	Marionette	INFO	Switched to frame: {"frameValue":null}
04-25 13:41:40.711 I/Gecko   (   84): 1398458500722	Marionette	INFO	sendToClient: {"from":"0","ok":true}, {c7c80e9f-42a1-4ef9-a567-6a1f5f11b7f8}, {c7c80e9f-42a1-4ef9-a567-6a1f5f11b7f8}
04-25 13:41:40.711 I/Gecko   (   84): 1398458500728	Marionette	DEBUG	Got request: executeWithCallback, data: {"to":"0","sessionId":"3-b2g","name":"executeAsyncScript","parameters":{"specialPowers":false,"scriptTimeout":null,"newSandbox":true,"args":[],"filename":"gaia_test.py","script":"return GaiaApps.displayedApp();","line":66}}, id: {f6f18670-bf62-4fa7-8d87-5db524b50570}
04-25 13:41:40.801 E/GeckoConsole(   84): Content JS LOG at dummy file:392 in GaiaApps.displayedApp: app with origin 'app://homescreen.gaiamobile.org' is displayed
04-25 13:41:40.811 I/Gecko   (   84): 1398458500822	Marionette	INFO	sendToClient: {"from":"0","value":{"frame":{"ELEMENT":"{91647ed4-6b44-4a2e-be1a-85564af9446d}"},"src":"app://homescreen.gaiamobile.org/index.html#root","name":"Homescreen","origin":"app://homescreen.gaiamobile.org"}}, {f6f18670-bf62-4fa7-8d87-5db524b50570}, {f6f18670-bf62-4fa7-8d87-5db524b50570}
04-25 13:41:40.821 I/Gecko   (   84): 1398458500833	Marionette	DEBUG	Got request: switchToFrame, data: {"to":"0","sessionId":"3-b2g","name":"switchToFrame","parameters":{"focus":true,"element":"{91647ed4-6b44-4a2e-be1a-85564af9446d}"}}, id: {864850f2-5a77-45c9-b242-d12cbbc00a5d}
04-25 13:41:40.831 I/Gecko   (   84): 1398458500845	Marionette	INFO	Switched to frame: {"frameValue":"{91647ed4-6b44-4a2e-be1a-85564af9446d}"}
04-25 13:41:40.841 I/Gecko   (   84): 1398458500854	Marionette	INFO	trying remote frame 0
04-25 13:41:40.841 I/Gecko   (   84): 1398458500856	Marionette	INFO	deleting frame
04-25 13:41:40.871 I/Gecko   (   84): 1398458500884	Marionette	INFO	frame-manager load script: [object ChromeMessageSender]
04-25 13:41:41.231 I/Gecko   (   84): 1398458501242	Marionette	INFO	sendToClient: {"from":"0","ok":true}, {864850f2-5a77-45c9-b242-d12cbbc00a5d}, {864850f2-5a77-45c9-b242-d12cbbc00a5d}
04-25 13:41:41.341 I/Gecko   (   84): 1398458501353	Marionette	INFO	sendToClient: {"from":"0","value":{"ELEMENT":"{72600cce-978a-4a52-9803-89753ab74014}"}}, {e7b583cc-cff4-4091-a31c-d0c66568da4a}, {e7b583cc-cff4-4091-a31c-d0c66568da4a}
04-25 13:41:41.541 W/WifiHW  (   84): wifi_command: SIGNAL_POLL
04-25 13:41:41.721 E/GeckoConsole(  773): [JavaScript Warning: "Use of getAttributeNode() is deprecated. Use getAttribute() instead." {file: "chrome://marionette/content/atoms.js" line: 25}]
04-25 13:41:41.721 E/GeckoConsole(  773): [JavaScript Warning: "Use of attributes' specified attribute is deprecated. It always returns true." {file: "chrome://marionette/content/atoms.js" line: 25}]
04-25 13:41:41.731 I/Gecko   (   84): 1398458501741	Marionette	INFO	sendToClient: {"from":"0","value":"normal"}, {d526a020-5eae-4ffa-95a5-9417fa2b20a8}, {d526a020-5eae-4ffa-95a5-9417fa2b20a8}
04-25 13:41:41.731 I/Gecko   (   84): 1398458501747	Marionette	DEBUG	Got request: switchToFrame, data: {"to":"0","sessionId":"3-b2g","name":"switchToFrame","parameters":{"id":null,"focus":true}}, id: {d3add382-ebf1-4839-b119-d9f9d97102c2}
04-25 13:41:41.741 I/Gecko   (   84): 1398458501757	Marionette	INFO	Switched to frame: {"frameValue":null}
04-25 13:41:41.851 I/Gecko   (   84): 1398458501864	Marionette	INFO	sendToClient: {"from":"0","ok":true}, {d3add382-ebf1-4839-b119-d9f9d97102c2}, {d3add382-ebf1-4839-b119-d9f9d97102c2}
04-25 13:41:41.861 I/Gecko   (   84): 1398458501870	Marionette	DEBUG	Got request: execute, data: {"to":"0","sessionId":"3-b2g","name":"executeScript","parameters":{"specialPowers":false,"scriptTimeout":null,"newSandbox":true,"args":[],"filename":"gaia_test.py","script":"window.wrappedJSObject.dispatchEvent(new Event('home'));","line":788}}, id: {861c5c5d-d0ad-40b8-aeea-34bf2d16287d}
04-25 13:41:41.931 I/Gecko   (   84): 1398458501945	Marionette	INFO	sendToClient: {"from":"0","value":null}, {861c5c5d-d0ad-40b8-aeea-34bf2d16287d}, {861c5c5d-d0ad-40b8-aeea-34bf2d16287d}
04-25 13:41:41.941 I/Gecko   (   84): 1398458501953	Marionette	DEBUG	Got request: switchToFrame, data: {"to":"0","sessionId":"3-b2g","name":"switchToFrame","parameters":{"id":null,"focus":true}}, id: {2689162d-a632-457e-8070-1495bcd295ea}
04-25 13:41:41.941 I/Gecko   (   84): 1398458501955	Marionette	INFO	Switched to frame: {"frameValue":null}
04-25 13:41:42.061 I/Gecko   (   84): 1398458502072	Marionette	INFO	sendToClient: {"from":"0","ok":true}, {2689162d-a632-457e-8070-1495bcd295ea}, {2689162d-a632-457e-8070-1495bcd295ea}
04-25 13:41:42.061 I/Gecko   (   84): 1398458502078	Marionette	DEBUG	Got request: switchToFrame, data: {"to":"0","sessionId":"3-b2g","name":"switchToFrame","parameters":{"id":null,"focus":true}}, id: {b12bb3ff-3c22-44d6-ac9d-dc77e1bb3968}
04-25 13:41:42.071 I/Gecko   (   84): 1398458502080	Marionette	INFO	Switched to frame: {"frameValue":null}
04-25 13:41:42.171 I/Gecko   (   84): 1398458502183	Marionette	INFO	sendToClient: {"from":"0","ok":true}, {b12bb3ff-3c22-44d6-ac9d-dc77e1bb3968}, {b12bb3ff-3c22-44d6-ac9d-dc77e1bb3968}
04-25 13:41:42.191 I/Gecko   (   84): 1398458502204	Marionette	DEBUG	Got request: executeWithCallback, data: {"to":"0","sessionId":"3-b2g","name":"executeAsyncScript","parameters":{"specialPowers":false,"scriptTimeout":null,"newSandbox":true,"args":[],"filename":"gaia_test.py","script":"return GaiaApps.displayedApp();","line":66}}, id: {5ae4ebaf-e406-4128-b696-822d7f522e24}
04-25 13:41:42.281 E/GeckoConsole(   84): Content JS LOG at dummy file:392 in GaiaApps.displayedApp: app with origin 'app://homescreen.gaiamobile.org' is displayed
04-25 13:41:42.301 I/Gecko   (   84): 1398458502310	Marionette	INFO	sendToClient: {"from":"0","value":{"frame":{"ELEMENT":"{91647ed4-6b44-4a2e-be1a-85564af9446d}"},"src":"app://homescreen.gaiamobile.org/index.html#rootFri%20Apr%2025%202014%2013:41:41%20GMT-0700%20(UTC)","name":"Homescreen","origin":"app://homescreen.gaiamobile.org"}}, {5ae4ebaf-e406-4128-b696-822d7f522e24}, {5ae4ebaf-e406-4128-b696-822d7f522e24}
04-25 13:41:42.311 I/Gecko   (   84): 1398458502320	Marionette	DEBUG	Got request: switchToFrame, data: {"to":"0","sessionId":"3-b2g","name":"switchToFrame","parameters":{"focus":true,"element":"{91647ed4-6b44-4a2e-be1a-85564af9446d}"}}, id: {a79a8636-a4ad-40b0-b038-c24a907c2a65}
04-25 13:41:42.321 I/Gecko   (   84): 1398458502331	Marionette	INFO	Switched to frame: {"frameValue":"{91647ed4-6b44-4a2e-be1a-85564af9446d}"}
04-25 13:41:42.321 I/Gecko   (   84): 1398458502333	Marionette	INFO	trying remote frame 0
04-25 13:41:42.411 I/Gecko   (   84): 1398458502429	Marionette	INFO	sendToClient: {"from":"0","ok":true}, {a79a8636-a4ad-40b0-b038-c24a907c2a65}, {a79a8636-a4ad-40b0-b038-c24a907c2a65}
04-25 13:41:42.421 I/Gecko   (   84): 1398458502435	Marionette	DEBUG	Got request: execute, data: {"to":"0","sessionId":"3-b2g","name":"executeScript","parameters":{"specialPowers":false,"scriptTimeout":null,"newSandbox":true,"args":[],"filename":"gaia_test.py","script":"return window.wrappedJSObject.GridManager.pageHelper.getCurrentPageNumber();","line":784}}, id: {3f2721a5-2b2f-4e7e-a699-f3eccbc2ff4a}
04-25 13:41:42.631 I/Gecko   (   84): 1398458502641	Marionette	INFO	sendToClient: {"from":"0","value":0}, {3f2721a5-2b2f-4e7e-a699-f3eccbc2ff4a}, {3f2721a5-2b2f-4e7e-a699-f3eccbc2ff4a}
04-25 13:41:43.661 I/Gecko   (   84): 1398458503675	Marionette	INFO	sendToClient: {"from":"0","value":["{b495b748-3ec0-4ead-aa93-53960e793451}","{97640043-78b5-47dc-834f-c523245f40c6}","{c5eec9a4-330a-4e26-9cd3-014e1886a4e1}","{7c1ecc19-5745-4695-b622-89e7b851424c}","{e003c4cb-f15d-4ec3-8b9f-ccb5ad1c82f3}","{26030f85-ecc9-4577-b328-bf6820e8cf97}","{6d83a4c1-c641-4991-9e7b-122a3e40a195}","{56d4f381-eed7-45d4-b005-47cf922aaddb}","{fa2bf2c6-0bf0-41c2-9787-4e1986c9555a}","{efb711ef-c498-4384-83db-a0b7f89cae75}","{136aa400-762b-497d-a332-fbd3e90fbcec}","{8f69e899-ae27-4f7d-95e2-d81d3d290c69}","{a78f7923-4ad6-4d42-8666-d20602085220}","{e22f7e61-211b-4559-a525-cd62239c47bb}","{168a7771-d7b0-45fd-9be1-6e8029b013a3}","{d7cc2edc-2fc4-4d82-8265-5df1f6deca2a}","{4f4fad7c-6267-472e-8f0b-b2e6d29e6e1a}","{ab96b77f-15dd-4714-a7cd-a4b16ccb524c}","{45c5345a-8d76-41b2-bd3a-05845ae802db}","{dee01c4e-7dc8-42fa-b06f-b2b1c7b70559}","{c8567568-b944-46c3-b19e-2e60cacb0304}","{fff58ebb-f49e-45e1-9dcd-c0cc2057d9ab}","{62857ccc-3d9d-4e97-b7ef-9c92b6467572}","{7dea8c0e-868c
04-25 13:41:43.771 E/GeckoConsole(  773): Content JS WARN at app://homescreen.gaiamobile.org/gaia_build_defer_index.js:184 in isHiddenApp: Unexpected role when checking hidden app: undefined
04-25 13:41:43.771 E/GeckoConsole(  773): Content JS WARN at app://homescreen.gaiamobile.org/gaia_build_defer_index.js:184 in isHiddenApp: Unexpected role when checking hidden app: undefined
04-25 13:41:43.771 E/GeckoConsole(  773): Content JS WARN at app://homescreen.gaiamobile.org/gaia_build_defer_index.js:184 in isHiddenApp: Unexpected role when checking hidden app: undefined
04-25 13:41:43.771 E/GeckoConsole(  773): Content JS WARN at app://homescreen.gaiamobile.org/gaia_build_defer_index.js:184 in isHiddenApp: Unexpected role when checking hidden app: undefined
04-25 13:41:43.771 E/GeckoConsole(  773): Content JS WARN at app://homescreen.gaiamobile.org/gaia_build_defer_index.js:184 in isHiddenApp: Unexpected role when checking hidden app: undefined
04-25 13:41:43.771 E/GeckoConsole(  773): Content JS WARN at app://homescreen.gaiamobile.org/gaia_build_defer_index.js:184 in isHiddenApp: Unexpected role when checking hidden app: undefined
04-25 13:41:43.771 E/GeckoConsole(  773): Content JS WARN at app://homescreen.gaiamobile.org/gaia_build_defer_index.js:184 in isHiddenApp: Unexpected role when checking hidden app: undefined
04-25 13:41:43.771 E/GeckoConsole(  773): Content JS WARN at app://homescreen.gaiamobile.org/gaia_build_defer_index.js:184 in isHiddenApp: Unexpected role when checking hidden app: undefined
04-25 13:41:43.771 E/GeckoConsole(  773): Content JS WARN at app://homescreen.gaiamobile.org/gaia_build_defer_index.js:184 in isHiddenApp: Unexpected role when checking hidden app: undefined
04-25 13:41:43.771 E/GeckoConsole(  773): Content JS WARN at app://homescreen.gaiamobile.org/gaia_build_defer_index.js:184 in isHiddenApp: Unexpected role when checking hidden app: undefined
04-25 13:41:43.781 E/GeckoConsole(  773): Content JS WARN at app://homescreen.gaiamobile.org/gaia_build_defer_index.js:184 in isHiddenApp: Unexpected role when checking hidden app: undefined
04-25 13:41:43.781 E/GeckoConsole(  773): Content JS WARN at app://homescreen.gaiamobile.org/gaia_build_defer_index.js:184 in isHiddenApp: Unexpected role when checking hidden app: undefined
04-25 13:41:43.781 E/GeckoConsole(  773): Content JS WARN at app://homescreen.gaiamobile.org/gaia_build_defer_index.js:184 in isHiddenApp: Unexpected role when checking hidden app: undefined
04-25 13:41:43.781 E/GeckoConsole(  773): Content JS WARN at app://homescreen.gaiamobile.org/gaia_build_defer_index.js:184 in isHiddenApp: Unexpected role when checking hidden app: undefined
04-25 13:41:43.781 E/GeckoConsole(  773): Content JS WARN at app://homescreen.gaiamobile.org/gaia_build_defer_index.js:184 in isHiddenApp: Unexpected role when checking hidden app: undefined
04-25 13:41:43.781 E/GeckoConsole(  773): Content JS WARN at app://homescreen.gaiamobile.org/gaia_build_defer_index.js:184 in isHiddenApp: Unexpected role when checking hidden app: undefined
04-25 13:41:43.781 E/GeckoConsole(  773): Content JS WARN at app://homescreen.gaiamobile.org/gaia_build_defer_index.js:184 in isHiddenApp: Unexpected role when checking hidden app: undefined
04-25 13:41:43.781 E/GeckoConsole(  773): Content JS WARN at app://homescreen.gaiamobile.org/gaia_build_defer_index.js:184 in isHiddenApp: Unexpected role when checking hidden app: undefined
04-25 13:41:43.781 E/GeckoConsole(  773): Content JS WARN at app://homescreen.gaiamobile.org/gaia_build_defer_index.js:184 in isHiddenApp: Unexpected role when checking hidden app: undefined
04-25 13:41:43.781 E/GeckoConsole(  773): Content JS WARN at app://homescreen.gaiamobile.org/gaia_build_defer_index.js:184 in isHiddenApp: Unexpected role when checking hidden app: undefined
04-25 13:41:43.781 E/GeckoConsole(  773): Content JS WARN at app://homescreen.gaiamobile.org/gaia_build_defer_index.js:184 in isHiddenApp: Unexpected role when checking hidden app: undefined
04-25 13:41:43.781 E/GeckoConsole(  773): Content JS WARN at app://homescreen.gaiamobile.org/gaia_build_defer_index.js:184 in isHiddenApp: Unexpected role when checking hidden app: undefined
04-25 13:41:43.781 E/GeckoConsole(  773): Content JS WARN at app://homescreen.gaiamobile.org/gaia_build_defer_index.js:184 in isHiddenApp: Unexpected role when checking hidden app: undefined
04-25 13:41:43.781 E/GeckoConsole(  773): Content JS WARN at app://homescreen.gaiamobile.org/gaia_build_defer_index.js:184 in isHiddenApp: Unexpected role when checking hidden app: undefined
04-25 13:41:43.791 E/GeckoConsole(  773): Content JS WARN at app://homescreen.gaiamobile.org/gaia_build_defer_index.js:184 in isHiddenApp: Unexpected role when checking hidden app: undefined
04-25 13:41:43.791 E/GeckoConsole(  773): Content JS WARN at app://homescreen.gaiamobile.org/gaia_build_defer_index.js:184 in isHiddenApp: Unexpected role when checking hidden app: undefined
04-25 13:41:43.791 E/GeckoConsole(  773): Content JS WARN at app://homescreen.gaiamobile.org/gaia_build_defer_index.js:184 in isHiddenApp: Unexpected role when checking hidden app: undefined
04-25 13:41:43.901 I/Gecko   (   84): 1398458503912	Marionette	INFO	sendToClient: {"from":"0","value":"app://homescreen.gaiamobile.org/index.html#rootFri%20Apr%2025%202014%2013:41:41%20GMT-0700%20(UTC)"}, {f0ae44ff-5ae7-4460-8a58-27e1f84f3c67}, {f0ae44ff-5ae7-4460-8a58-27e1f84f3c67}
04-25 13:41:43.901 I/Gecko   (   84): 1398458503918	Marionette	DEBUG	Got request: switchToFrame, data: {"to":"0","sessionId":"3-b2g","name":"switchToFrame","parameters":{"id":null,"focus":true}}, id: {df84e803-1083-4458-84de-789b439e01b2}
04-25 13:41:43.911 I/Gecko   (   84): 1398458503927	Marionette	INFO	Switched to frame: {"frameValue":null}
04-25 13:41:44.021 I/Gecko   (   84): 1398458504031	Marionette	INFO	sendToClient: {"from":"0","ok":true}, {df84e803-1083-4458-84de-789b439e01b2}, {df84e803-1083-4458-84de-789b439e01b2}
04-25 13:41:44.021 I/Gecko   (   84): 1398458504039	Marionette	DEBUG	Got request: switchToFrame, data: {"to":"0","sessionId":"3-b2g","name":"switchToFrame","parameters":{"id":null,"focus":true}}, id: {d656418d-551b-41a0-a5bf-15a03ec76aa6}
04-25 13:41:44.081 I/Gecko   (   84): 1398458504099	Marionette	INFO	Switched to frame: {"frameValue":null}
04-25 13:41:44.191 I/Gecko   (   84): 1398458504206	Marionette	INFO	sendToClient: {"from":"0","ok":true}, {d656418d-551b-41a0-a5bf-15a03ec76aa6}, {d656418d-551b-41a0-a5bf-15a03ec76aa6}
04-25 13:41:44.201 I/Gecko   (   84): 1398458504213	Marionette	DEBUG	Got request: executeWithCallback, data: {"to":"0","sessionId":"3-b2g","name":"executeAsyncScript","parameters":{"specialPowers":false,"scriptTimeout":30000,"newSandbox":true,"args":[],"filename":"app_checker.py","script":"GaiaApps.launchWithManifestURL('https://marketplace.firefox.com/app/316a020f-606d-4b9b-ae4c-6e0b688668ec/manifest.webapp')","line":106}}, id: {03d0c970-010c-4e2d-8df5-f45e9402a24d}
04-25 13:41:44.311 I/Gonk    (   84): Setting nice for pid 781 to 18
04-25 13:41:44.311 I/Gonk    (   84): Changed nice for pid 781 from 18 to 18.
04-25 13:41:44.311 I/Gecko   (   84): [Parent 84] WARNING: waitpid failed pid:781 errno:10: file ../../../gecko/ipc/chromium/src/base/process_util_posix.cc, line 254
04-25 13:41:44.311 I/Gonk    (   84): Setting nice for pid 781 to 1
04-25 13:41:44.311 I/Gonk    (   84): Changed nice for pid 781 from 18 to 1.
04-25 13:41:44.381 E/GeckoConsole(   84): Content JS LOG at dummy file:334 in GaiaApps.launch: launching app with name 'Shooting Rocket'
04-25 13:41:44.641 E/[Gralloc-ERROR](   84): int gralloc_register_buffer(const gralloc_module_t*, const native_handle_t*):79 Unable to register handle 0x481c85b0 coming from different process: 84
04-25 13:41:44.661 E/[Gralloc-ERROR](   84): int gralloc_register_buffer(const gralloc_module_t*, const native_handle_t*):79 Unable to register handle 0x481c8650 coming from different process: 84
04-25 13:41:44.681 E/[Gralloc-ERROR](   84): int gralloc_register_buffer(const gralloc_module_t*, const native_handle_t*):79 Unable to register handle 0x481c87e0 coming from different process: 84
04-25 13:41:44.681 E/[Gralloc-ERROR](   84): int gralloc_register_buffer(const gralloc_module_t*, const native_handle_t*):79 Unable to register handle 0x481c8880 coming from different process: 84
04-25 13:41:44.731 D/Sensors (   84): activate handle=0; drv=0
04-25 13:41:44.751 D/Sensors (   84): Lis3dhSensor: Control set 1
04-25 13:41:44.751 D/Sensors (   84): Lis3dhSensor: mEnabled = 1
04-25 13:41:45.051 I/Gonk    (   84): Setting nice for pid 773 to 18
04-25 13:41:45.051 I/Gonk    (   84): Changed nice for pid 773 from 1 to 18.
04-25 13:41:45.611 V/AudioPolicyManagerBase(   89): getDeviceForStrategy() from cache strategy 0, device 2
04-25 13:41:45.631 V/AudioPolicyManagerBase(   89): getOutput() stream 1, samplingRate 0, format 0, channels 3, flags 0
04-25 13:41:45.781 V/AudioPolicyManagerBase(   89): startOutput() output 1, stream 1, session 2
04-25 13:41:45.781 V/AudioPolicyManagerBase(   89): startReadingThread
04-25 13:41:45.781 V/AudioPolicyManagerBase(   89): changeRefCount() stream 1, count 1
04-25 13:41:45.781 V/AudioPolicyManagerBase(   89): getDeviceForStrategy() from cache strategy 0, device 2
04-25 13:41:45.781 V/AudioPolicyManagerBase(   89): getNewDevice() selected device 2
04-25 13:41:45.781 D/AudioPolicyManagerBase(   89): setOutputDevice() output 1 device 2 delayMs 0
04-25 13:41:45.781 V/AudioPolicyManagerBase(   89): setOutputDevice() setting same device 2 or null device for output 1
04-25 13:41:45.781 E/AudioPolicyManagerBase(   89): checkAndSetVolume stream=1, index=0, output=1, device=2
04-25 13:41:45.781 E/AudioPolicyManagerBase(   89): computeVolume, streamDesc=0xf59bb8
04-25 13:41:45.811 V/AudioPolicyManagerBase(   89): ThreadWrapper 0xf59b40
04-25 13:41:45.811 V/AudioPolicyManagerBase(   89): threadFunc in
04-25 13:41:45.931 W/AudioFlinger(   89): Thread AudioOut_1 cannot connect to the power manager service
04-25 13:41:45.931 V/AudioPolicyManagerBase(   89): stopOutput() output 1, stream 1, session 2
04-25 13:41:45.931 V/AudioPolicyManagerBase(   89): stopReadingThread
04-25 13:41:45.961 I/Gonk    (   84): Setting nice for pid 837 to 18
04-25 13:41:45.961 I/Gonk    (   84): Changed nice for pid 837 from 0 to 18.
04-25 13:41:46.011 V/AudioPolicyManagerBase(   89): threadFunc exit
04-25 13:41:46.021 V/AudioPolicyManagerBase(   89): changeRefCount() stream 1, count 0
04-25 13:41:46.021 V/AudioPolicyManagerBase(   89): getNewDevice() selected device 0
04-25 13:41:46.021 D/AudioPolicyManagerBase(   89): setOutputDevice() output 1 device 0 delayMs 290
04-25 13:41:46.021 V/AudioPolicyManagerBase(   89): setOutputDevice() setting same device 0 or null device for output 1
04-25 13:41:46.031 V/AudioPolicyManagerBase(   89): startOutput() output 1, stream 1, session 2
04-25 13:41:46.031 V/AudioPolicyManagerBase(   89): changeRefCount() stream 1, count 1
04-25 13:41:46.031 V/AudioPolicyManagerBase(   89): getDeviceForStrategy() from cache strategy 0, device 2
04-25 13:41:46.031 V/AudioPolicyManagerBase(   89): getNewDevice() selected device 2
04-25 13:41:46.031 D/AudioPolicyManagerBase(   89): setOutputDevice() output 1 device 2 delayMs 0
04-25 13:41:46.031 V/AudioPolicyManagerBase(   89): setOutputDevice() setting same device 2 or null device for output 1
04-25 13:41:46.031 E/AudioPolicyManagerBase(   89): checkAndSetVolume stream=1, index=0, output=1, device=2
04-25 13:41:46.031 E/AudioPolicyManagerBase(   89): computeVolume, streamDesc=0xf59bb8
04-25 13:41:46.031 V/AudioPolicyManagerBase(   89): stopOutput() output 1, stream 1, session 2
04-25 13:41:46.031 V/AudioPolicyManagerBase(   89): changeRefCount() stream 1, count 0
04-25 13:41:46.031 V/AudioPolicyManagerBase(   89): getNewDevice() selected device 0
04-25 13:41:46.031 D/AudioPolicyManagerBase(   89): setOutputDevice() output 1 device 0 delayMs 290
04-25 13:41:46.031 V/AudioPolicyManagerBase(   89): setOutputDevice() setting same device 0 or null device for output 1
04-25 13:41:46.041 V/AudioPolicyManagerBase(   89): releaseOutput() 1
04-25 13:41:46.421 I/Gecko   (  781): ###################################### forms.js loaded
04-25 13:41:46.461 I/Gecko   (  781): ############################### browserElementPanning.js loaded
04-25 13:41:46.491 I/Gecko   (  781): ######################## BrowserElementChildPreload.js loaded
04-25 13:41:46.551 W/WifiHW  (   84): wifi_command: SIGNAL_POLL
04-25 13:41:46.741 I/Gecko   (   84): 
04-25 13:41:46.741 I/Gecko   (   84): ###!!! [Parent][MessageChannel] Error: Channel error: cannot send/recv
04-25 13:41:46.741 I/Gecko   (   84): 
04-25 13:41:46.791 I/Gecko   (   84): [Parent 84] WARNING: waitpid failed pid:773 errno:10: file ../../../gecko/ipc/chromium/src/base/process_util_posix.cc, line 254
04-25 13:41:46.801 I/Gecko   (   84): [Parent 84] WARNING: pipe error (126): Connection reset by peer: file ../../../gecko/ipc/chromium/src/chrome/common/ipc_channel_posix.cc, line 446
04-25 13:41:47.401 E/GeckoConsole(  781): [JavaScript Error: "The character encoding of the HTML document was not declared. The document will render with garbled text in some browser configurations if the document contains characters from outside the US-ASCII range. The character encoding of the page must be declared in the document or in the transfer protocol." {file: "app://{5b83c78d-8e59-4c4e-af3e-c38e049a08a0}/index.html" line: 0}]
04-25 13:41:47.451 I/Gecko   (  781): Attempting load of libEGL.so
04-25 13:41:47.531 D/libEGL  (  781): loaded /system/lib/egl/libEGL_mali.so
04-25 13:41:47.551 D/libEGL  (  781): loaded /system/lib/egl/libGLESv1_CM_mali.so
04-25 13:41:47.551 D/libEGL  (  781): loaded /system/lib/egl/libGLESv2_mali.so
04-25 13:41:47.581 I/Gecko   (  781): SharedSurface_Gralloc::Create -------
04-25 13:41:47.581 I/Gecko   (  781): SharedSurface_Gralloc::Create: success -- surface 0x43c36280, GraphicBuffer 0x43682200.
04-25 13:41:48.231 I/Gonk    (   84): Setting nice for pid 837 to 18
04-25 13:41:48.241 I/Gonk    (   84): Changed nice for pid 837 from 18 to 18.
04-25 13:41:48.241 I/Gecko   (   84): [Parent 84] WARNING: waitpid failed pid:837 errno:10: file ../../../gecko/ipc/chromium/src/base/process_util_posix.cc, line 254
04-25 13:41:48.251 I/Gonk    (   84): Setting nice for pid 837 to 1
04-25 13:41:48.251 I/Gonk    (   84): Changed nice for pid 837 from 18 to 1.
04-25 13:41:48.261 I/Gonk    (   84): Setting nice for pid 837 to 18
04-25 13:41:48.261 I/Gonk    (   84): Changed nice for pid 837 from 1 to 18.
04-25 13:41:48.481 I/Gecko   (  781): SharedSurface_Gralloc::Create -------
04-25 13:41:48.511 I/Gecko   (  781): SharedSurface_Gralloc::Create: success -- surface 0x435f8540, GraphicBuffer 0x435d4f80.
04-25 13:41:48.631 E/GeckoConsole(   84): Content JS LOG at dummy file:326 in GaiaApps.launch/appOpen/<: app with origin 'app://{5b83c78d-8e59-4c4e-af3e-c38e049a08a0}' has launched
04-25 13:41:48.641 I/Gecko   (   84): 1398458508657	Marionette	INFO	sendToClient: {"from":"0","value":{"frame":{"ELEMENT":"{a8655d27-c3e2-48d5-a8de-88702398be90}"},"src":"app://{5b83c78d-8e59-4c4e-af3e-c38e049a08a0}/index.html","name":"Shooting Rocket","origin":"app://{5b83c78d-8e59-4c4e-af3e-c38e049a08a0}"}}, {03d0c970-010c-4e2d-8df5-f45e9402a24d}, {03d0c970-010c-4e2d-8df5-f45e9402a24d}
04-25 13:41:48.671 E/[Gralloc-ERROR](   84): int gralloc_unregister_buffer(const gralloc_module_t*, const native_handle_t*):274 Trying to unregister buffer 0x481c85b0 from process 84 that was not created in current process: 84
04-25 13:41:48.681 E/[Gralloc-ERROR](   84): int gralloc_unregister_buffer(const gralloc_module_t*, const native_handle_t*):274 Trying to unregister buffer 0x481c8650 from process 84 that was not created in current process: 84
04-25 13:41:48.681 E/[Gralloc-ERROR](   84): int gralloc_unregister_buffer(const gralloc_module_t*, const native_handle_t*):274 Trying to unregister buffer 0x481c87e0 from process 84 that was not created in current process: 84
04-25 13:41:48.681 E/[Gralloc-ERROR](   84): int gralloc_unregister_buffer(const gralloc_module_t*, const native_handle_t*):274 Trying to unregister buffer 0x481c8880 from process 84 that was not created in current process: 84
04-25 13:41:48.691 I/Gecko   (   84): 1398458508704	Marionette	DEBUG	Got request: switchToFrame, data: {"to":"0","sessionId":"3-b2g","name":"switchToFrame","parameters":{"focus":true,"element":"{a8655d27-c3e2-48d5-a8de-88702398be90}"}}, id: {16dfdc78-3daa-40bc-b740-3c164c09f58b}
04-25 13:41:48.701 I/Gecko   (   84): 1398458508715	Marionette	INFO	Switched to frame: {"frameValue":"{a8655d27-c3e2-48d5-a8de-88702398be90}"}
04-25 13:41:48.711 I/Gecko   (   84): 1398458508724	Marionette	INFO	trying remote frame 0
04-25 13:41:48.711 I/Gecko   (   84): 1398458508729	Marionette	INFO	deleting frame
04-25 13:41:48.721 I/Gecko   (   84): 1398458508735	Marionette	INFO	frame-manager load script: [object ChromeMessageSender]
04-25 13:41:48.781 I/Gecko   (  781): SharedSurface_Gralloc::Create -------
04-25 13:41:48.781 I/Gecko   (  781): SharedSurface_Gralloc::Create: success -- surface 0x435f88c0, GraphicBuffer 0x435fa700.
04-25 13:41:48.791 I/Gecko   (   84): [Parent 84] WARNING: waitpid failed pid:773 errno:10: file ../../../gecko/ipc/chromium/src/base/process_util_posix.cc, line 254
04-25 13:41:48.791 I/Gecko   (   84): [Parent 84] WARNING: Failed to deliver SIGKILL to 773!(3).: file ../../../gecko/ipc/chromium/src/chrome/common/process_watcher_posix_sigchld.cc, line 118
04-25 13:41:50.291 I/Gecko   (   84): 1398458510305	Marionette	INFO	sendToClient: {"from":"0","ok":true}, {16dfdc78-3daa-40bc-b740-3c164c09f58b}, {16dfdc78-3daa-40bc-b740-3c164c09f58b}
04-25 13:41:50.771 I/Gecko   (   84): 
04-25 13:41:50.771 I/Gecko   (   84): ###!!! [Parent][MessageChannel] Error: Channel error: cannot send/recv
04-25 13:41:50.771 I/Gecko   (   84): 
04-25 13:41:50.951 I/Gecko   (   84): 1398458510963	Marionette	INFO	sendToClient: {"from":"0","value":"app://{5b83c78d-8e59-4c4e-af3e-c38e049a08a0}/index.html"}, {c8564dc8-be2d-45e1-997a-d05018b7364d}, {c8564dc8-be2d-45e1-997a-d05018b7364d}
04-25 13:41:50.951 I/Gecko   (   84): [Parent 84] WARNING: waitpid failed pid:837 errno:10: file ../../../gecko/ipc/chromium/src/base/process_util_posix.cc, line 254
04-25 13:41:51.231 I/Gecko   (   84): 1398458511249	Marionette	DEBUG	Got request: execute, data: {"to":"0","sessionId":"3-b2g","name":"executeScript","parameters":{"specialPowers":false,"scriptTimeout":null,"newSandbox":true,"args":[],"filename":"app_checker.py","script":"return window.document.readyState;","line":191}}, id: {0207bc06-0e6e-4449-bc46-ef6783b29564}
04-25 13:41:51.541 I/Gecko   (   84): 1398458511551	Marionette	INFO	sendToClient: {"from":"0","value":"complete"}, {0207bc06-0e6e-4449-bc46-ef6783b29564}, {0207bc06-0e6e-4449-bc46-ef6783b29564}
04-25 13:41:51.581 W/WifiHW  (   84): wifi_command: SIGNAL_POLL
04-25 13:41:51.871 I/Gecko   (   84): 1398458511889	Marionette	INFO	sendToClient: {"from":"0","value":"app://{5b83c78d-8e59-4c4e-af3e-c38e049a08a0}/index.html"}, {ce690454-41a3-4ad5-a51f-76d8e43cc543}, {ce690454-41a3-4ad5-a51f-76d8e43cc543}
04-25 13:41:51.981 I/Gecko   (  781): SharedSurface_Gralloc::Create -------
04-25 13:41:52.031 I/Gecko   (  781): SharedSurface_Gralloc::Create: success -- surface 0x44271d00, GraphicBuffer 0x44a01a80.
04-25 13:41:52.461 I/Gonk    (   84): Setting nice for pid 861 to 18
04-25 13:41:52.461 I/Gonk    (   84): Changed nice for pid 861 from 0 to 18.
04-25 13:41:52.951 I/Gecko   (   84): [Parent 84] WARNING: waitpid failed pid:837 errno:10: file ../../../gecko/ipc/chromium/src/base/process_util_posix.cc, line 254
04-25 13:41:52.951 I/Gecko   (   84): [Parent 84] WARNING: Failed to deliver SIGKILL to 837!(3).: file ../../../gecko/ipc/chromium/src/chrome/common/process_watcher_posix_sigchld.cc, line 118
04-25 13:41:54.321 I/Gecko   (   84): 1398458514337	Marionette	INFO	sendToClient: {"from":"0","value":"iVBORw0KGgoAAAANSUhEUgAAAUAAAAHMCAYAAACk4nEJAAAgAElEQVR4nO2d6VsUV/qwyzXuml2zzEwySSaZTCarMWqSiY0iNM0OoiyKoCiiiAgiS+9s3TTNvgoqWfj0+/L+hc/7oa2mqrq2U9s5VfV8uK8raZuuqlOn7jrLc57DneAawQne2N0Efzt+C97Y3eTI8azmWy4IAcRSSg5UQcmBKurngbBB0e4yKD9eD0W7yxw7JuekRE4euAGnDrVSlxkJp7hGOMdA5fAiKEBESOmhasfrg6MCPME1wgdH2+CtvS3UxaaHj7gauMBAxfAqKECE59LecggdrXX8uI4L8J391+H9I23U5aZHfrQrhddBASI8ZUdqoXh/hePHdVyAJ7hGeO/wTXhn/3XqklPiC5SfI6AAkQAXhOL9FVB2xPnWX4CjJMA39zTDh8fa4fVd7E2IfIvycwwUIBLgghA6WguX9pZTOTYVAZ7gGuHkwVY4eeAGdeGJ5Ue/MvgJFCBScqAKSg9VUzs+NQG+visXFvPmnmbq4sOZXnqVHwXoX2iEvUihJsATXCO8+xr9sJhTXA3KjxIoQH9DI+xFClUBnuByYTFv76MTFoMzvXRBAfoXWmEvUqgL8O19LfDBUefDYnCmlz4oQP9CK+xFCnUBnuByYTHvvubchAjKjw1QgP6EZtiLFCYE6GRYDIa5sAMK0J/QDHuRwoQAT3CvwmIO2jshgmEubIEC9B+0w16kMCPA13c1wYfH2m0JizmF8mMSFKC/YCHsRQozAjzB5dYJv3f4puXyO8tAQSOFoAD9BQthL1KYEuAJrhHeP2JdWAzG+LENCtA/FO+vYCLsRQpzAnxrrzVhMRjjxz4oQP8QOspG2IsU5gR4gmuEU4daTYXFoPzcAQrQH7A28SGESQGaSZ+P8nMPKEDvw+LEhxAmBXiCM5Y+HwOc3QUK0PuwOP
04-25 13:41:54.791 I/Gecko   (   84): 1398458514806	Marionette	INFO	sendToClient: {"from":"0","ok":true}, {9e6d8baf-dc80-4297-807f-91f283e92900}, {9e6d8baf-dc80-4297-807f-91f283e92900}
04-25 13:41:56.211 I/Gecko   (   84): 1398458516223	Marionette	DEBUG	Got request: switchToFrame, data: {"to":"0","sessionId":"3-b2g","name":"switchToFrame","parameters":{"id":null,"focus":true}}, id: {7efd41df-75e2-48cd-a6d2-809dbecd2b8e}
04-25 13:41:56.291 I/Gecko   (   84): 1398458516307	Marionette	INFO	Switched to frame: {"frameValue":null}
04-25 13:41:56.661 W/WifiHW  (   84): wifi_command: SIGNAL_POLL
04-25 13:41:56.701 I/Gecko   (   84): 1398458516714	Marionette	INFO	sendToClient: {"from":"0","ok":true}, {7efd41df-75e2-48cd-a6d2-809dbecd2b8e}, {7efd41df-75e2-48cd-a6d2-809dbecd2b8e}
04-25 13:41:56.731 I/Gecko   (   84): 1398458516745	Marionette	DEBUG	Got request: executeWithCallback, data: {"to":"0","sessionId":"3-b2g","name":"executeAsyncScript","parameters":{"specialPowers":false,"scriptTimeout":null,"newSandbox":true,"args":[],"filename":"gaia_test.py","script":"return GaiaApps.displayedApp();","line":66}}, id: {bfd1dc3b-6148-4f4f-a89f-46bd67a52a76}
04-25 13:41:57.171 E/GeckoConsole(   84): Content JS LOG at dummy file:392 in GaiaApps.displayedApp: app with origin 'app://{5b83c78d-8e59-4c4e-af3e-c38e049a08a0}' is displayed
04-25 13:41:57.171 I/Gecko   (   84): 1398458517185	Marionette	INFO	sendToClient: {"from":"0","value":{"frame":{"ELEMENT":"{a8655d27-c3e2-48d5-a8de-88702398be90}"},"src":"app://{5b83c78d-8e59-4c4e-af3e-c38e049a08a0}/index.html","name":"Shooting Rocket","origin":"app://{5b83c78d-8e59-4c4e-af3e-c38e049a08a0}"}}, {bfd1dc3b-6148-4f4f-a89f-46bd67a52a76}, {bfd1dc3b-6148-4f4f-a89f-46bd67a52a76}
04-25 13:41:57.191 I/Gecko   (   84): 1398458517204	Marionette	DEBUG	Got request: switchToFrame, data: {"to":"0","sessionId":"3-b2g","name":"switchToFrame","parameters":{"id":null,"focus":true}}, id: {093b4c36-5e7a-41aa-995f-ef9c57d435bf}
04-25 13:41:57.211 I/Gecko   (   84): 1398458517222	Marionette	INFO	Switched to frame: {"frameValue":null}
04-25 13:41:57.521 I/Gecko   (   84): 1398458517534	Marionette	INFO	sendToClient: {"from":"0","ok":true}, {093b4c36-5e7a-41aa-995f-ef9c57d435bf}, {093b4c36-5e7a-41aa-995f-ef9c57d435bf}
04-25 13:41:57.761 I/Gecko   (   84): 1398458517777	Marionette	DEBUG	Got request: execute, data: {"to":"0","sessionId":"3-b2g","name":"executeScript","parameters":{"specialPowers":false,"scriptTimeout":null,"newSandbox":true,"args":[],"filename":"gaia_test.py","script":"window.wrappedJSObject.dispatchEvent(new Event('home'));","line":788}}, id: {332df18f-13a4-4e9a-afd7-a3e8464c2f3a}
04-25 13:41:57.991 I/Gonk    (   84): Setting nice for pid 861 to 18
04-25 13:41:57.991 I/Gonk    (   84): Changed nice for pid 861 from 18 to 18.
04-25 13:41:58.001 I/Gecko   (   84): [Parent 84] WARNING: waitpid failed pid:861 errno:10: file ../../../gecko/ipc/chromium/src/base/process_util_posix.cc, line 254
04-25 13:41:58.001 I/Gonk    (   84): Setting nice for pid 861 to 1
04-25 13:41:58.001 I/Gonk    (   84): Changed nice for pid 861 from 18 to 1.
04-25 13:41:58.051 D/Sensors (   84): activate handle=0; drv=0
04-25 13:41:58.051 D/Sensors (   84): Lis3dhSensor: Control set 0
04-25 13:41:58.051 D/Sensors (   84): Lis3dhSensor: mEnabled = 0
04-25 13:41:58.171 I/Gecko   (   84): 1398458518181	Marionette	INFO	sendToClient: {"from":"0","value":null}, {332df18f-13a4-4e9a-afd7-a3e8464c2f3a}, {332df18f-13a4-4e9a-afd7-a3e8464c2f3a}
04-25 13:42:00.511 I/Gecko   (   84): 1398458520521	Marionette	DEBUG	Got request: switchToFrame, data: {"to":"0","sessionId":"3-b2g","name":"switchToFrame","parameters":{"id":null,"focus":true}}, id: {e16edd44-40ab-4b52-a3a1-f472a0b3a4e6}
04-25 13:42:00.601 I/Gecko   (   84): 1398458520615	Marionette	INFO	Switched to frame: {"frameValue":null}
04-25 13:42:00.861 I/Gonk    (   84): Setting nice for pid 781 to 18
04-25 13:42:00.861 I/Gonk    (   84): Changed nice for pid 781 from 1 to 18.
04-25 13:42:01.031 I/Gecko   (   84): 1398458521047	Marionette	INFO	sendToClient: {"from":"0","ok":true}, {e16edd44-40ab-4b52-a3a1-f472a0b3a4e6}, {e16edd44-40ab-4b52-a3a1-f472a0b3a4e6}
04-25 13:42:01.141 I/Gecko   (   84): 1398458521152	Marionette	DEBUG	Got request: executeWithCallback, data: {"to":"0","sessionId":"3-b2g","name":"executeAsyncScript","parameters":{"specialPowers":false,"scriptTimeout":null,"newSandbox":true,"args":[],"filename":"gaia_test.py","script":"return GaiaApps.displayedApp();","line":66}}, id: {c4dc9748-2128-47d9-92a7-e69aa03a0e61}
04-25 13:42:01.391 E/GeckoConsole(   84): Content JS LOG at dummy file:392 in GaiaApps.displayedApp: app with origin 'app://homescreen.gaiamobile.org' is displayed
04-25 13:42:01.391 I/Gecko   (   84): 1398458521404	Marionette	INFO	sendToClient: {"from":"0","value":{"frame":{"ELEMENT":"{daf98228-27b2-4c76-b4da-a5f8a8b5cdb3}"},"src":"app://homescreen.gaiamobile.org/index.html#root","name":"Homescreen","origin":"app://homescreen.gaiamobile.org"}}, {c4dc9748-2128-47d9-92a7-e69aa03a0e61}, {c4dc9748-2128-47d9-92a7-e69aa03a0e61}
04-25 13:42:01.411 I/Gecko   (   84): 1398458521429	Marionette	DEBUG	Got request: switchToFrame, data: {"to":"0","sessionId":"3-b2g","name":"switchToFrame","parameters":{"id":null,"focus":true}}, id: {a942811a-46a1-4d1e-912a-95eef49148ae}
04-25 13:42:01.431 I/Gecko   (   84): 1398458521440	Marionette	INFO	Switched to frame: {"frameValue":null}
04-25 13:42:01.531 I/Gecko   (   84): 1398458521543	Marionette	INFO	sendToClient: {"from":"0","ok":true}, {a942811a-46a1-4d1e-912a-95eef49148ae}, {a942811a-46a1-4d1e-912a-95eef49148ae}
04-25 13:42:01.531 I/Gecko   (   84): 1398458521549	Marionette	DEBUG	Got request: switchToFrame, data: {"to":"0","sessionId":"3-b2g","name":"switchToFrame","parameters":{"id":null,"focus":true}}, id: {80f68ebf-2a44-4350-8a0f-e01a9f81c328}
04-25 13:42:01.541 I/Gecko   (   84): 1398458521551	Marionette	INFO	Switched to frame: {"frameValue":null}
04-25 13:42:01.641 I/Gecko   (   84): 
04-25 13:42:01.641 I/Gecko   (   84): ###!!! [Parent][MessageChannel] Error: Channel error: cannot send/recv
04-25 13:42:01.641 I/Gecko   (   84): 
04-25 13:42:01.871 I/Gecko   (   84): [Parent 84] WARNING: waitpid failed pid:781 errno:10: file ../../../gecko/ipc/chromium/src/base/process_util_posix.cc, line 254
04-25 13:42:01.881 W/WifiHW  (   84): wifi_command: SIGNAL_POLL
04-25 13:42:01.901 I/Gecko   (   84): 1398458521911	Marionette	INFO	sendToClient: {"from":"0","ok":true}, {80f68ebf-2a44-4350-8a0f-e01a9f81c328}, {80f68ebf-2a44-4350-8a0f-e01a9f81c328}
04-25 13:42:01.951 I/Gecko   (   84): 1398458521962	Marionette	DEBUG	Got request: executeWithCallback, data: {"to":"0","sessionId":"3-b2g","name":"executeAsyncScript","parameters":{"specialPowers":false,"scriptTimeout":null,"newSandbox":true,"args":[],"filename":"gaia_test.py","script":"return GaiaApps.displayedApp();","line":66}}, id: {95f604c7-e38c-4f0b-9794-f8cd25e04675}
04-25 13:42:02.031 E/GeckoConsole(   84): Content JS LOG at dummy file:392 in GaiaApps.displayedApp: app with origin 'app://homescreen.gaiamobile.org' is displayed
04-25 13:42:02.031 I/Gecko   (   84): 1398458522046	Marionette	INFO	sendToClient: {"from":"0","value":{"frame":{"ELEMENT":"{daf98228-27b2-4c76-b4da-a5f8a8b5cdb3}"},"src":"app://homescreen.gaiamobile.org/index.html#root","name":"Homescreen","origin":"app://homescreen.gaiamobile.org"}}, {95f604c7-e38c-4f0b-9794-f8cd25e04675}, {95f604c7-e38c-4f0b-9794-f8cd25e04675}
04-25 13:42:02.071 I/Gecko   (   84): 1398458522085	Marionette	DEBUG	Got request: switchToFrame, data: {"to":"0","sessionId":"3-b2g","name":"switchToFrame","parameters":{"focus":true,"element":"{daf98228-27b2-4c76-b4da-a5f8a8b5cdb3}"}}, id: {d9d228d8-b952-43bd-8332-8f28640cdbbb}
04-25 13:42:02.081 I/Gecko   (   84): 1398458522098	Marionette	INFO	Switched to frame: {"frameValue":"{daf98228-27b2-4c76-b4da-a5f8a8b5cdb3}"}
04-25 13:42:02.101 I/Gecko   (   84): 1398458522115	Marionette	INFO	trying remote frame 0
04-25 13:42:02.111 I/Gecko   (   84): 1398458522121	Marionette	INFO	deleting frame
04-25 13:42:02.111 I/Gecko   (   84): 1398458522127	Marionette	INFO	frame-manager load script: [object ChromeMessageSender]
04-25 13:42:02.351 I/Gecko   (  861): ###################################### forms.js loaded
04-25 13:42:02.371 I/Gecko   (  861): ############################### browserElementPanning.js loaded
04-25 13:42:02.391 I/Gecko   (  861): ######################## BrowserElementChildPreload.js loaded
04-25 13:42:03.071 I/Gonk    (   84): Setting nice for pid 878 to 18
04-25 13:42:03.091 I/Gonk    (   84): Changed nice for pid 878 from 0 to 18.
04-25 13:42:03.361 I/Gecko   (   84): 1398458523378	Marionette	INFO	sendToClient: {"from":"0","ok":true}, {d9d228d8-b952-43bd-8332-8f28640cdbbb}, {d9d228d8-b952-43bd-8332-8f28640cdbbb}
04-25 13:42:03.771 I/Gecko   (   84): 1398458523782	Marionette	INFO	sendToClient: {"from":"0","value":"app://homescreen.gaiamobile.org/index.html#root"}, {bf258ef0-1a78-4208-9df8-28335a044eb5}, {bf258ef0-1a78-4208-9df8-28335a044eb5}
04-25 13:42:03.771 I/Gecko   (   84): 1398458523788	Marionette	DEBUG	Got request: switchToFrame, data: {"to":"0","sessionId":"3-b2g","name":"switchToFrame","parameters":{"id":null,"focus":true}}, id: {9c71355c-6877-4d8c-af70-d3840289bd34}
04-25 13:42:03.811 I/Gecko   (   84): 1398458523827	Marionette	INFO	Switched to frame: {"frameValue":null}
04-25 13:42:03.871 I/Gecko   (   84): [Parent 84] WARNING: waitpid failed pid:781 errno:10: file ../../../gecko/ipc/chromium/src/base/process_util_posix.cc, line 254
04-25 13:42:03.871 I/Gecko   (   84): [Parent 84] WARNING: Failed to deliver SIGKILL to 781!(3).: file ../../../gecko/ipc/chromium/src/chrome/common/process_watcher_posix_sigchld.cc, line 118
04-25 13:42:03.911 I/Gecko   (   84): 1398458523929	Marionette	INFO	sendToClient: {"from":"0","ok":true}, {9c71355c-6877-4d8c-af70-d3840289bd34}, {9c71355c-6877-4d8c-af70-d3840289bd34}
04-25 13:42:03.921 I/Gecko   (   84): 1398458523934	Marionette	DEBUG	Got request: switchToFrame, data: {"to":"0","sessionId":"3-b2g","name":"switchToFrame","parameters":{"id":null,"focus":true}}, id: {1ac906ff-c896-4afd-b9ef-ad66a8f96844}
04-25 13:42:03.921 I/Gecko   (   84): 1398458523936	Marionette	INFO	Switched to frame: {"frameValue":null}
04-25 13:42:04.031 I/Gecko   (   84): 1398458524042	Marionette	INFO	sendToClient: {"from":"0","ok":true}, {1ac906ff-c896-4afd-b9ef-ad66a8f96844}, {1ac906ff-c896-4afd-b9ef-ad66a8f96844}
04-25 13:42:04.031 I/Gecko   (   84): 1398458524048	Marionette	DEBUG	Got request: executeWithCallback, data: {"to":"0","sessionId":"3-b2g","name":"executeAsyncScript","parameters":{"specialPowers":false,"scriptTimeout":null,"newSandbox":true,"args":[],"filename":"gaia_test.py","script":"GaiaApps.killAll()","line":91}}, id: {eacdb771-ba0a-469b-b439-8c6f3175b3cf}
04-25 13:42:04.161 I/Gecko   (   84): 1398458524175	Marionette	INFO	sendToClient: {"from":"0","value":true}, {eacdb771-ba0a-469b-b439-8c6f3175b3cf}, {eacdb771-ba0a-469b-b439-8c6f3175b3cf}
04-25 13:42:04.171 I/Gecko   (   84): 1398458524182	Marionette	DEBUG	Got request: switchToFrame, data: {"to":"0","sessionId":"3-b2g","name":"switchToFrame","parameters":{"id":null,"focus":true}}, id: {e0e079dc-622c-4b8a-b51a-696bf5868119}
04-25 13:42:04.181 I/Gecko   (   84): 1398458524198	Marionette	INFO	Switched to frame: {"frameValue":null}
04-25 13:42:04.291 I/Gecko   (   84): 1398458524301	Marionette	INFO	sendToClient: {"from":"0","ok":true}, {e0e079dc-622c-4b8a-b51a-696bf5868119}, {e0e079dc-622c-4b8a-b51a-696bf5868119}
04-25 13:42:04.291 I/Gecko   (   84): 1398458524307	Marionette	DEBUG	Got request: executeWithCallback, data: {"to":"0","sessionId":"3-b2g","name":"executeAsyncScript","parameters":{"specialPowers":false,"scriptTimeout":60000,"newSandbox":true,"args":[],"filename":"app_checker.py","script":"\n        GaiaApps.locateWithManifestURL('https://marketplace.firefox.com/app/316a020f-606d-4b9b-ae4c-6e0b688668ec/manifest.webapp',\n                                       null,\n                                       function uninstall(app) {\n                                       navigator.mozApps.mgmt.uninstall(app);\n                                       marionetteScriptFinished(true);\n                                       });\n        ","line":129}}, id: {a767874c-61e0-4a6c-abae-bc016195f4fd}
04-25 13:42:04.381 I/Gecko   (   84): -- webapps.js uninstall https://marketplace.firefox.com/app/316a020f-606d-4b9b-ae4c-6e0b688668ec/manifest.webapp
04-25 13:42:04.721 I/Gecko   (   84): 1398458524737	Marionette	INFO	sendToClient: {"from":"0","value":true}, {a767874c-61e0-4a6c-abae-bc016195f4fd}, {a767874c-61e0-4a6c-abae-bc016195f4fd}