--------- beginning of /dev/log/main
04-26 17:09:52.568 I/Gecko   (   84): 1398557392586	Marionette	INFO	sendToClient: {"from":"0","ok":true}, {483f6862-e94c-4de7-921d-294b389f3877}, {483f6862-e94c-4de7-921d-294b389f3877}
04-26 17:09:52.598 I/Gecko   (   84): 1398557392617	Marionette	DEBUG	Got request: switchToFrame, data: {"to":"0","sessionId":"3-b2g","name":"switchToFrame","parameters":{"id":null,"focus":true}}, id: {d0d5c8a1-f1a3-453c-bb6e-500ef147ee22}
04-26 17:09:52.618 I/Gecko   (   84): 1398557392631	Marionette	INFO	Switched to frame: {"frameValue":null}
04-26 17:09:52.678 E/GeckoConsole( 2250): Content JS ERROR at app://homescreen.gaiamobile.org/gaia_build_defer_index.js:390 in loadSVConfFileError: Failed parsing singleVariant configuration file [js/singlevariantconf.json]:  [Exception... "File error: Not found"  nsresult: "0x80520012 (NS_ERROR_FILE_NOT_FOUND)"  location: "JS frame :: app://homescreen.gaiamobile.org/gaia_build_defer_index.js :: loadFile :: line 382"  data: no]
04-26 17:09:52.718 I/Gecko   (   84): 1398557392734	Marionette	INFO	sendToClient: {"from":"0","ok":true}, {d0d5c8a1-f1a3-453c-bb6e-500ef147ee22}, {d0d5c8a1-f1a3-453c-bb6e-500ef147ee22}
04-26 17:09:52.728 I/Gecko   (   84): 1398557392744	Marionette	DEBUG	Got request: executeWithCallback, data: {"to":"0","sessionId":"3-b2g","name":"executeAsyncScript","parameters":{"specialPowers":false,"scriptTimeout":null,"newSandbox":true,"args":[],"filename":"gaia_test.py","script":"return GaiaApps.displayedApp();","line":66}}, id: {5719052e-4fd1-403d-962a-95926e179fd2}
04-26 17:09:52.798 I/Gecko   (   84): 1398557392808	Marionette	INFO	sendToClient: {"from":"0","value":{"frame":{"ELEMENT":"{7d7f5ac5-8a1d-4b01-8ffa-fa56c43744ad}"},"src":"app://homescreen.gaiamobile.org/index.html#root","name":"Homescreen","origin":"app://homescreen.gaiamobile.org"}}, {5719052e-4fd1-403d-962a-95926e179fd2}, {5719052e-4fd1-403d-962a-95926e179fd2}
04-26 17:09:52.798 E/GeckoConsole(   84): Content JS LOG at dummy file:392 in GaiaApps.displayedApp: app with origin 'app://homescreen.gaiamobile.org' is displayed
04-26 17:09:52.798 I/Gecko   (   84): 1398557392815	Marionette	DEBUG	Got request: switchToFrame, data: {"to":"0","sessionId":"3-b2g","name":"switchToFrame","parameters":{"id":null,"focus":true}}, id: {eecceadf-a6c2-45c7-972a-06350678b25d}
04-26 17:09:52.818 I/Gecko   (   84): 1398557392831	Marionette	INFO	Switched to frame: {"frameValue":null}
04-26 17:09:52.948 I/Gecko   (   84): 1398557392961	Marionette	INFO	sendToClient: {"from":"0","ok":true}, {eecceadf-a6c2-45c7-972a-06350678b25d}, {eecceadf-a6c2-45c7-972a-06350678b25d}
04-26 17:09:52.948 I/Gecko   (   84): 1398557392967	Marionette	DEBUG	Got request: switchToFrame, data: {"to":"0","sessionId":"3-b2g","name":"switchToFrame","parameters":{"id":null,"focus":true}}, id: {19334929-7bc8-4c19-8f2e-fb7c1f051961}
04-26 17:09:52.958 I/Gecko   (   84): 1398557392969	Marionette	INFO	Switched to frame: {"frameValue":null}
04-26 17:09:53.068 I/Gecko   (   84): 1398557393079	Marionette	INFO	sendToClient: {"from":"0","ok":true}, {19334929-7bc8-4c19-8f2e-fb7c1f051961}, {19334929-7bc8-4c19-8f2e-fb7c1f051961}
04-26 17:09:53.078 I/Gecko   (   84): 1398557393092	Marionette	DEBUG	Got request: executeWithCallback, data: {"to":"0","sessionId":"3-b2g","name":"executeAsyncScript","parameters":{"specialPowers":false,"scriptTimeout":null,"newSandbox":true,"args":[],"filename":"gaia_test.py","script":"return GaiaApps.displayedApp();","line":66}}, id: {b2fd70d9-0881-4c36-8009-ee4a4a7d3aed}
04-26 17:09:53.178 E/GeckoConsole(   84): Content JS LOG at dummy file:392 in GaiaApps.displayedApp: app with origin 'app://homescreen.gaiamobile.org' is displayed
04-26 17:09:53.188 I/Gecko   (   84): 1398557393206	Marionette	INFO	sendToClient: {"from":"0","value":{"frame":{"ELEMENT":"{7d7f5ac5-8a1d-4b01-8ffa-fa56c43744ad}"},"src":"app://homescreen.gaiamobile.org/index.html#root","name":"Homescreen","origin":"app://homescreen.gaiamobile.org"}}, {b2fd70d9-0881-4c36-8009-ee4a4a7d3aed}, {b2fd70d9-0881-4c36-8009-ee4a4a7d3aed}
04-26 17:09:53.228 I/Gecko   (   84): 1398557393247	Marionette	DEBUG	Got request: switchToFrame, data: {"to":"0","sessionId":"3-b2g","name":"switchToFrame","parameters":{"focus":true,"element":"{7d7f5ac5-8a1d-4b01-8ffa-fa56c43744ad}"}}, id: {39815f0d-aae4-4309-98d6-0065cc509c35}
04-26 17:09:53.268 I/Gecko   (   84): 1398557393279	Marionette	INFO	Switched to frame: {"frameValue":"{7d7f5ac5-8a1d-4b01-8ffa-fa56c43744ad}"}
04-26 17:09:53.268 I/Gecko   (   84): 1398557393281	Marionette	INFO	trying remote frame 0
04-26 17:09:53.268 I/Gecko   (   84): 1398557393286	Marionette	INFO	trying remote frame 1
04-26 17:09:53.268 I/Gecko   (   84): 1398557393287	Marionette	INFO	deleting frame
04-26 17:09:53.278 I/Gecko   (   84): 1398557393293	Marionette	INFO	frame-manager load script: [object ChromeMessageSender]
04-26 17:09:54.188 W/WifiHW  (   84): wifi_command: SIGNAL_POLL
04-26 17:09:54.308 I/Gecko   (   84): 1398557394323	Marionette	INFO	sendToClient: {"from":"0","ok":true}, {39815f0d-aae4-4309-98d6-0065cc509c35}, {39815f0d-aae4-4309-98d6-0065cc509c35}
04-26 17:09:54.528 I/Gecko   (   84): 1398557394546	Marionette	INFO	sendToClient: {"from":"0","value":{"ELEMENT":"{028dc2fe-2421-41ce-9b7d-305b5790ff7e}"}}, {8a43abb2-863e-4ae9-8bbc-825598ce382f}, {8a43abb2-863e-4ae9-8bbc-825598ce382f}
04-26 17:09:55.138 E/GeckoConsole( 2250): [JavaScript Warning: "Use of getAttributeNode() is deprecated. Use getAttribute() instead." {file: "chrome://marionette/content/atoms.js" line: 25}]
04-26 17:09:55.238 E/GeckoConsole( 2250): [JavaScript Warning: "Use of attributes' specified attribute is deprecated. It always returns true." {file: "chrome://marionette/content/atoms.js" line: 25}]
04-26 17:09:55.238 I/Gecko   (   84): 1398557395251	Marionette	INFO	sendToClient: {"from":"0","value":"normal"}, {c73b0e34-0b9f-4c30-a588-616e2b8b68af}, {c73b0e34-0b9f-4c30-a588-616e2b8b68af}
04-26 17:09:55.238 I/Gecko   (   84): 1398557395258	Marionette	DEBUG	Got request: switchToFrame, data: {"to":"0","sessionId":"3-b2g","name":"switchToFrame","parameters":{"id":null,"focus":true}}, id: {801a2e40-8cfc-406e-b41d-64e35dbb4e8b}
04-26 17:09:55.268 I/Gecko   (   84): 1398557395281	Marionette	INFO	Switched to frame: {"frameValue":null}
04-26 17:09:55.318 I/Gecko   ( 2275): ###################################### forms.js loaded
04-26 17:09:55.348 I/Gecko   ( 2275): ############################### browserElementPanning.js loaded
04-26 17:09:55.378 I/Gecko   (   84): 1398557395391	Marionette	INFO	sendToClient: {"from":"0","ok":true}, {801a2e40-8cfc-406e-b41d-64e35dbb4e8b}, {801a2e40-8cfc-406e-b41d-64e35dbb4e8b}
04-26 17:09:55.378 I/Gecko   (   84): 1398557395397	Marionette	DEBUG	Got request: execute, data: {"to":"0","sessionId":"3-b2g","name":"executeScript","parameters":{"specialPowers":false,"scriptTimeout":null,"newSandbox":true,"args":[],"filename":"gaia_test.py","script":"window.wrappedJSObject.dispatchEvent(new Event('home'));","line":788}}, id: {eeba2036-a671-4c56-899d-dac37db588fe}
04-26 17:09:55.448 I/Gecko   ( 2275): ######################## BrowserElementChildPreload.js loaded
04-26 17:09:55.558 I/Gecko   (   84): 1398557395569	Marionette	INFO	sendToClient: {"from":"0","value":null}, {eeba2036-a671-4c56-899d-dac37db588fe}, {eeba2036-a671-4c56-899d-dac37db588fe}
04-26 17:09:55.568 I/Gecko   (   84): 1398557395582	Marionette	DEBUG	Got request: switchToFrame, data: {"to":"0","sessionId":"3-b2g","name":"switchToFrame","parameters":{"id":null,"focus":true}}, id: {2897a441-ab7b-41c1-88f4-bdaf51bf0239}
04-26 17:09:55.568 I/Gecko   (   84): 1398557395584	Marionette	INFO	Switched to frame: {"frameValue":null}
04-26 17:09:55.668 I/Gecko   (   84): 1398557395686	Marionette	INFO	sendToClient: {"from":"0","ok":true}, {2897a441-ab7b-41c1-88f4-bdaf51bf0239}, {2897a441-ab7b-41c1-88f4-bdaf51bf0239}
04-26 17:09:55.678 I/Gecko   (   84): 1398557395692	Marionette	DEBUG	Got request: switchToFrame, data: {"to":"0","sessionId":"3-b2g","name":"switchToFrame","parameters":{"id":null,"focus":true}}, id: {2f7b3131-caaf-4b3c-933d-e5e10688a8cd}
04-26 17:09:55.688 I/Gecko   (   84): 1398557395701	Marionette	INFO	Switched to frame: {"frameValue":null}
04-26 17:09:55.808 I/Gecko   (   84): 1398557395823	Marionette	INFO	sendToClient: {"from":"0","ok":true}, {2f7b3131-caaf-4b3c-933d-e5e10688a8cd}, {2f7b3131-caaf-4b3c-933d-e5e10688a8cd}
04-26 17:09:55.818 I/Gecko   (   84): 1398557395829	Marionette	DEBUG	Got request: executeWithCallback, data: {"to":"0","sessionId":"3-b2g","name":"executeAsyncScript","parameters":{"specialPowers":false,"scriptTimeout":null,"newSandbox":true,"args":[],"filename":"gaia_test.py","script":"return GaiaApps.displayedApp();","line":66}}, id: {73496e06-fddf-4a6c-a16d-8d4143ccf194}
04-26 17:09:55.938 I/Gecko   (   84): 1398557395950	Marionette	INFO	sendToClient: {"from":"0","value":{"frame":{"ELEMENT":"{7d7f5ac5-8a1d-4b01-8ffa-fa56c43744ad}"},"src":"app://homescreen.gaiamobile.org/index.html#rootSat%20Apr%2026%202014%2017:09:55%20GMT-0700%20(UTC)","name":"Homescreen","origin":"app://homescreen.gaiamobile.org"}}, {73496e06-fddf-4a6c-a16d-8d4143ccf194}, {73496e06-fddf-4a6c-a16d-8d4143ccf194}
04-26 17:09:55.948 E/GeckoConsole(   84): Content JS LOG at dummy file:392 in GaiaApps.displayedApp: app with origin 'app://homescreen.gaiamobile.org' is displayed
04-26 17:09:55.958 I/Gecko   (   84): 1398557395973	Marionette	DEBUG	Got request: switchToFrame, data: {"to":"0","sessionId":"3-b2g","name":"switchToFrame","parameters":{"focus":true,"element":"{7d7f5ac5-8a1d-4b01-8ffa-fa56c43744ad}"}}, id: {9a27215c-f9f9-455e-94b9-e1cd9a403fa8}
04-26 17:09:55.978 I/Gecko   (   84): 1398557395989	Marionette	INFO	Switched to frame: {"frameValue":"{7d7f5ac5-8a1d-4b01-8ffa-fa56c43744ad}"}
04-26 17:09:55.988 I/Gecko   (   84): 1398557396001	Marionette	INFO	trying remote frame 0
04-26 17:09:55.988 I/Gecko   (   84): 1398557396007	Marionette	INFO	trying remote frame 1
04-26 17:09:56.638 I/Gecko   (   84): 1398557396657	Marionette	INFO	sendToClient: {"from":"0","ok":true}, {9a27215c-f9f9-455e-94b9-e1cd9a403fa8}, {9a27215c-f9f9-455e-94b9-e1cd9a403fa8}
04-26 17:09:56.648 I/Gecko   (   84): 1398557396664	Marionette	DEBUG	Got request: execute, data: {"to":"0","sessionId":"3-b2g","name":"executeScript","parameters":{"specialPowers":false,"scriptTimeout":null,"newSandbox":true,"args":[],"filename":"gaia_test.py","script":"return window.wrappedJSObject.GridManager.pageHelper.getCurrentPageNumber();","line":784}}, id: {564e4421-a7a7-43cd-ae24-9203e4ea7054}
04-26 17:09:56.848 I/Gecko   (   84): 1398557396860	Marionette	INFO	sendToClient: {"from":"0","value":0}, {564e4421-a7a7-43cd-ae24-9203e4ea7054}, {564e4421-a7a7-43cd-ae24-9203e4ea7054}
04-26 17:09:57.248 I/Gecko   (   84): 1398557397260	Marionette	INFO	sendToClient: {"from":"0","value":["{94bfd875-ec81-4953-aed5-6d41f4f37dce}","{3ca4a75d-7613-4306-8d91-78802350ae02}","{42e59a35-8022-413a-9722-b20c6d1feda2}","{d90b84ee-6ffc-449d-aeda-018ef180b23e}","{b5d79bf8-0b50-4c5e-9a9e-267f1c090eb0}","{e418bd80-43a3-4360-813c-ee0a77254e80}","{68ce6c63-576e-4b30-8127-01341853a2ac}","{e271b22b-1b63-462d-94fc-32505ba94bf4}","{3e111c88-5440-4080-bd34-eabf1e864a2b}","{50f681d0-d708-4413-9a44-dee4aa60cd36}","{521aec8f-5f5d-4d6e-a035-5a2876290db3}","{0d0a8110-f4a9-447c-a7e5-41d3ebcc345b}","{cf59f232-0f48-4e0b-adf9-68c01b005b7c}","{f7366db6-db10-4368-9f3e-9602a4c6744a}","{53fb0f22-f148-4941-98e8-c7e5b6de9756}","{7c03d817-e1af-4b45-b553-aa1d668f0281}","{bc619974-e8a5-4882-915a-ee65529cf1a7}","{22d9d5f7-afa3-4669-b215-6d997a29f051}","{68e6d46b-74ca-4c8a-a10b-f0b9c66afbd4}","{42b28e31-99dd-402a-bee9-efa422d7fea2}","{f81d2319-9a47-4e66-a512-da153b1898ad}","{3f8fb1a3-1482-4ff7-b9f2-6f2c4e2296b8}","{1d446cb8-36f1-41e9-9499-f84d37dd6882}","{b846892e-cbb9
04-26 17:09:57.518 V/AudioPolicyManagerBase(   89): startOutput() output 1, stream 1, session 5
04-26 17:09:57.518 V/AudioPolicyManagerBase(   89): changeRefCount() stream 1, count 1
04-26 17:09:57.518 V/AudioPolicyManagerBase(   89): getDeviceForStrategy() from cache strategy 0, device 2
04-26 17:09:57.518 V/AudioPolicyManagerBase(   89): getNewDevice() selected device 2
04-26 17:09:57.518 D/AudioPolicyManagerBase(   89): setOutputDevice() output 1 device 2 delayMs 0
04-26 17:09:57.518 V/AudioPolicyManagerBase(   89): setOutputDevice() setting same device 2 or null device for output 1
04-26 17:09:57.518 E/AudioPolicyManagerBase(   89): checkAndSetVolume stream=1, index=0, output=1, device=2
04-26 17:09:57.518 E/AudioPolicyManagerBase(   89): computeVolume, streamDesc=0xf29bb8
04-26 17:09:57.578 W/AudioFlinger(   89): Thread AudioOut_1 cannot connect to the power manager service
04-26 17:09:57.578 V/AudioPolicyManagerBase(   89): stopOutput() output 1, stream 1, session 5
04-26 17:09:57.578 V/AudioPolicyManagerBase(   89): changeRefCount() stream 1, count 0
04-26 17:09:57.578 V/AudioPolicyManagerBase(   89): getNewDevice() selected device 0
04-26 17:09:57.578 D/AudioPolicyManagerBase(   89): setOutputDevice() output 1 device 0 delayMs 290
04-26 17:09:57.578 V/AudioPolicyManagerBase(   89): setOutputDevice() setting same device 0 or null device for output 1
04-26 17:09:57.588 V/AudioPolicyManagerBase(   89): startOutput() output 1, stream 1, session 5
04-26 17:09:57.588 V/AudioPolicyManagerBase(   89): changeRefCount() stream 1, count 1
04-26 17:09:57.588 V/AudioPolicyManagerBase(   89): getDeviceForStrategy() from cache strategy 0, device 2
04-26 17:09:57.588 V/AudioPolicyManagerBase(   89): getNewDevice() selected device 2
04-26 17:09:57.588 D/AudioPolicyManagerBase(   89): setOutputDevice() output 1 device 2 delayMs 0
04-26 17:09:57.588 V/AudioPolicyManagerBase(   89): setOutputDevice() setting same device 2 or null device for output 1
04-26 17:09:57.588 E/AudioPolicyManagerBase(   89): checkAndSetVolume stream=1, index=0, output=1, device=2
04-26 17:09:57.588 E/AudioPolicyManagerBase(   89): computeVolume, streamDesc=0xf29bb8
04-26 17:09:57.598 V/AudioPolicyManagerBase(   89): stopOutput() output 1, stream 1, session 5
04-26 17:09:57.598 V/AudioPolicyManagerBase(   89): changeRefCount() stream 1, count 0
04-26 17:09:57.598 V/AudioPolicyManagerBase(   89): getNewDevice() selected device 0
04-26 17:09:57.598 D/AudioPolicyManagerBase(   89): setOutputDevice() output 1 device 0 delayMs 290
04-26 17:09:57.598 V/AudioPolicyManagerBase(   89): setOutputDevice() setting same device 0 or null device for output 1
04-26 17:09:57.608 V/AudioPolicyManagerBase(   89): releaseOutput() 1
04-26 17:09:59.198 W/WifiHW  (   84): wifi_command: SIGNAL_POLL
04-26 17:09:59.398 I/Gecko   (   84): 1398557399409	Marionette	INFO	sendToClient: {"from":"0","value":"app://homescreen.gaiamobile.org/index.html#rootSat%20Apr%2026%202014%2017:09:55%20GMT-0700%20(UTC)"}, {a9bcedde-9178-452e-8a91-4d76cd87de94}, {a9bcedde-9178-452e-8a91-4d76cd87de94}
04-26 17:09:59.398 I/Gecko   (   84): 1398557399415	Marionette	DEBUG	Got request: switchToFrame, data: {"to":"0","sessionId":"3-b2g","name":"switchToFrame","parameters":{"id":null,"focus":true}}, id: {5ab87974-005a-43b5-ad12-deae7e37873d}
04-26 17:09:59.448 I/Gecko   (   84): 1398557399461	Marionette	INFO	Switched to frame: {"frameValue":null}
04-26 17:09:59.548 I/Gecko   (   84): 1398557399567	Marionette	INFO	sendToClient: {"from":"0","ok":true}, {5ab87974-005a-43b5-ad12-deae7e37873d}, {5ab87974-005a-43b5-ad12-deae7e37873d}
04-26 17:09:59.558 I/Gecko   (   84): 1398557399572	Marionette	DEBUG	Got request: switchToFrame, data: {"to":"0","sessionId":"3-b2g","name":"switchToFrame","parameters":{"id":null,"focus":true}}, id: {bc87a0a9-d0bc-4974-aca3-9959409d388b}
04-26 17:09:59.558 I/Gecko   (   84): 1398557399574	Marionette	INFO	Switched to frame: {"frameValue":null}
04-26 17:09:59.648 E/GeckoConsole( 2250): Content JS WARN at app://homescreen.gaiamobile.org/gaia_build_defer_index.js:184 in isHiddenApp: Unexpected role when checking hidden app: undefined
04-26 17:09:59.658 E/GeckoConsole( 2250): Content JS WARN at app://homescreen.gaiamobile.org/gaia_build_defer_index.js:184 in isHiddenApp: Unexpected role when checking hidden app: undefined
04-26 17:09:59.658 E/GeckoConsole( 2250): Content JS WARN at app://homescreen.gaiamobile.org/gaia_build_defer_index.js:184 in isHiddenApp: Unexpected role when checking hidden app: undefined
04-26 17:09:59.658 E/GeckoConsole( 2250): Content JS WARN at app://homescreen.gaiamobile.org/gaia_build_defer_index.js:184 in isHiddenApp: Unexpected role when checking hidden app: undefined
04-26 17:09:59.658 E/GeckoConsole( 2250): Content JS WARN at app://homescreen.gaiamobile.org/gaia_build_defer_index.js:184 in isHiddenApp: Unexpected role when checking hidden app: undefined
04-26 17:09:59.658 E/GeckoConsole( 2250): Content JS WARN at app://homescreen.gaiamobile.org/gaia_build_defer_index.js:184 in isHiddenApp: Unexpected role when checking hidden app: undefined
04-26 17:09:59.658 E/GeckoConsole( 2250): Content JS WARN at app://homescreen.gaiamobile.org/gaia_build_defer_index.js:184 in isHiddenApp: Unexpected role when checking hidden app: undefined
04-26 17:09:59.658 E/GeckoConsole( 2250): Content JS WARN at app://homescreen.gaiamobile.org/gaia_build_defer_index.js:184 in isHiddenApp: Unexpected role when checking hidden app: undefined
04-26 17:09:59.658 E/GeckoConsole( 2250): Content JS WARN at app://homescreen.gaiamobile.org/gaia_build_defer_index.js:184 in isHiddenApp: Unexpected role when checking hidden app: undefined
04-26 17:09:59.658 E/GeckoConsole( 2250): Content JS WARN at app://homescreen.gaiamobile.org/gaia_build_defer_index.js:184 in isHiddenApp: Unexpected role when checking hidden app: undefined
04-26 17:09:59.658 E/GeckoConsole( 2250): Content JS WARN at app://homescreen.gaiamobile.org/gaia_build_defer_index.js:184 in isHiddenApp: Unexpected role when checking hidden app: undefined
04-26 17:09:59.658 E/GeckoConsole( 2250): Content JS WARN at app://homescreen.gaiamobile.org/gaia_build_defer_index.js:184 in isHiddenApp: Unexpected role when checking hidden app: undefined
04-26 17:09:59.658 E/GeckoConsole( 2250): Content JS WARN at app://homescreen.gaiamobile.org/gaia_build_defer_index.js:184 in isHiddenApp: Unexpected role when checking hidden app: undefined
04-26 17:09:59.658 E/GeckoConsole( 2250): Content JS WARN at app://homescreen.gaiamobile.org/gaia_build_defer_index.js:184 in isHiddenApp: Unexpected role when checking hidden app: undefined
04-26 17:09:59.658 E/GeckoConsole( 2250): Content JS WARN at app://homescreen.gaiamobile.org/gaia_build_defer_index.js:184 in isHiddenApp: Unexpected role when checking hidden app: undefined
04-26 17:09:59.668 E/GeckoConsole( 2250): Content JS WARN at app://homescreen.gaiamobile.org/gaia_build_defer_index.js:184 in isHiddenApp: Unexpected role when checking hidden app: undefined
04-26 17:09:59.668 E/GeckoConsole( 2250): Content JS WARN at app://homescreen.gaiamobile.org/gaia_build_defer_index.js:184 in isHiddenApp: Unexpected role when checking hidden app: undefined
04-26 17:09:59.668 I/Gecko   (   84): 1398557399680	Marionette	INFO	sendToClient: {"from":"0","ok":true}, {bc87a0a9-d0bc-4974-aca3-9959409d388b}, {bc87a0a9-d0bc-4974-aca3-9959409d388b}
04-26 17:09:59.668 I/Gecko   (   84): 1398557399686	Marionette	DEBUG	Got request: executeWithCallback, data: {"to":"0","sessionId":"3-b2g","name":"executeAsyncScript","parameters":{"specialPowers":false,"scriptTimeout":30000,"newSandbox":true,"args":[],"filename":"app_checker.py","script":"GaiaApps.launchWithManifestURL('http://snowman.softgames.de/snowman/mozilla/manifest.webapp')","line":106}}, id: {3f325a42-e7e8-4f2a-8709-94a8fa35933c}
04-26 17:09:59.678 E/GeckoConsole( 2250): Content JS WARN at app://homescreen.gaiamobile.org/gaia_build_defer_index.js:184 in isHiddenApp: Unexpected role when checking hidden app: undefined
04-26 17:09:59.678 E/GeckoConsole( 2250): Content JS WARN at app://homescreen.gaiamobile.org/gaia_build_defer_index.js:184 in isHiddenApp: Unexpected role when checking hidden app: undefined
04-26 17:09:59.678 E/GeckoConsole( 2250): Content JS WARN at app://homescreen.gaiamobile.org/gaia_build_defer_index.js:184 in isHiddenApp: Unexpected role when checking hidden app: undefined
04-26 17:09:59.688 E/GeckoConsole( 2250): Content JS WARN at app://homescreen.gaiamobile.org/gaia_build_defer_index.js:184 in isHiddenApp: Unexpected role when checking hidden app: undefined
04-26 17:09:59.688 E/GeckoConsole( 2250): Content JS WARN at app://homescreen.gaiamobile.org/gaia_build_defer_index.js:184 in isHiddenApp: Unexpected role when checking hidden app: undefined
04-26 17:09:59.698 E/GeckoConsole( 2250): Content JS WARN at app://homescreen.gaiamobile.org/gaia_build_defer_index.js:184 in isHiddenApp: Unexpected role when checking hidden app: undefined
04-26 17:09:59.698 E/GeckoConsole( 2250): Content JS WARN at app://homescreen.gaiamobile.org/gaia_build_defer_index.js:184 in isHiddenApp: Unexpected role when checking hidden app: undefined
04-26 17:09:59.698 E/GeckoConsole( 2250): Content JS WARN at app://homescreen.gaiamobile.org/gaia_build_defer_index.js:184 in isHiddenApp: Unexpected role when checking hidden app: undefined
04-26 17:09:59.698 E/GeckoConsole( 2250): Content JS WARN at app://homescreen.gaiamobile.org/gaia_build_defer_index.js:184 in isHiddenApp: Unexpected role when checking hidden app: undefined
04-26 17:09:59.708 E/GeckoConsole( 2250): Content JS WARN at app://homescreen.gaiamobile.org/gaia_build_defer_index.js:184 in isHiddenApp: Unexpected role when checking hidden app: undefined
04-26 17:09:59.718 E/GeckoConsole( 2250): Content JS WARN at app://homescreen.gaiamobile.org/gaia_build_defer_index.js:184 in isHiddenApp: Unexpected role when checking hidden app: undefined
04-26 17:09:59.718 E/GeckoConsole( 2250): Content JS WARN at app://homescreen.gaiamobile.org/gaia_build_defer_index.js:184 in isHiddenApp: Unexpected role when checking hidden app: undefined
04-26 17:09:59.718 E/GeckoConsole( 2250): Content JS WARN at app://homescreen.gaiamobile.org/gaia_build_defer_index.js:184 in isHiddenApp: Unexpected role when checking hidden app: undefined
04-26 17:09:59.738 E/GeckoConsole( 2250): Content JS WARN at app://homescreen.gaiamobile.org/gaia_build_defer_index.js:184 in isHiddenApp: Unexpected role when checking hidden app: undefined
04-26 17:09:59.748 E/GeckoConsole( 2250): Content JS WARN at app://homescreen.gaiamobile.org/gaia_build_defer_index.js:184 in isHiddenApp: Unexpected role when checking hidden app: undefined
04-26 17:09:59.748 E/GeckoConsole( 2250): Content JS WARN at app://homescreen.gaiamobile.org/gaia_build_defer_index.js:184 in isHiddenApp: Unexpected role when checking hidden app: undefined
04-26 17:09:59.748 E/GeckoConsole( 2250): Content JS WARN at app://homescreen.gaiamobile.org/gaia_build_defer_index.js:184 in isHiddenApp: Unexpected role when checking hidden app: undefined
04-26 17:09:59.748 E/GeckoConsole( 2250): Content JS WARN at app://homescreen.gaiamobile.org/gaia_build_defer_index.js:184 in isHiddenApp: Unexpected role when checking hidden app: undefined
04-26 17:09:59.748 E/GeckoConsole( 2250): Content JS WARN at app://homescreen.gaiamobile.org/gaia_build_defer_index.js:184 in isHiddenApp: Unexpected role when checking hidden app: undefined
04-26 17:09:59.748 E/GeckoConsole( 2250): Content JS WARN at app://homescreen.gaiamobile.org/gaia_build_defer_index.js:184 in isHiddenApp: Unexpected role when checking hidden app: undefined
04-26 17:09:59.748 E/GeckoConsole( 2250): Content JS WARN at app://homescreen.gaiamobile.org/gaia_build_defer_index.js:184 in isHiddenApp: Unexpected role when checking hidden app: undefined
04-26 17:09:59.748 E/GeckoConsole( 2250): Content JS WARN at app://homescreen.gaiamobile.org/gaia_build_defer_index.js:184 in isHiddenApp: Unexpected role when checking hidden app: undefined
04-26 17:09:59.748 E/GeckoConsole( 2250): Content JS WARN at app://homescreen.gaiamobile.org/gaia_build_defer_index.js:184 in isHiddenApp: Unexpected role when checking hidden app: undefined
04-26 17:09:59.748 E/GeckoConsole( 2250): Content JS WARN at app://homescreen.gaiamobile.org/gaia_build_defer_index.js:184 in isHiddenApp: Unexpected role when checking hidden app: undefined
04-26 17:09:59.748 E/GeckoConsole( 2250): Content JS WARN at app://homescreen.gaiamobile.org/gaia_build_defer_index.js:184 in isHiddenApp: Unexpected role when checking hidden app: undefined
04-26 17:09:59.748 E/GeckoConsole( 2250): Content JS WARN at app://homescreen.gaiamobile.org/gaia_build_defer_index.js:184 in isHiddenApp: Unexpected role when checking hidden app: undefined
04-26 17:09:59.748 E/GeckoConsole( 2250): Content JS WARN at app://homescreen.gaiamobile.org/gaia_build_defer_index.js:184 in isHiddenApp: Unexpected role when checking hidden app: undefined
04-26 17:09:59.968 I/Gonk    (   84): Setting nice for pid 2275 to 18
04-26 17:09:59.998 I/Gonk    (   84): Changed nice for pid 2275 from 0 to 18.
04-26 17:09:59.998 I/Gecko   (   84): [Parent 84] WARNING: waitpid failed pid:2275 errno:10: file ../../../gecko/ipc/chromium/src/base/process_util_posix.cc, line 254
04-26 17:10:00.018 I/Gonk    (   84): Setting nice for pid 2275 to 1
04-26 17:10:00.018 I/Gonk    (   84): Changed nice for pid 2275 from 18 to 1.
04-26 17:10:00.088 E/GeckoConsole(   84): Content JS LOG at dummy file:334 in GaiaApps.launch: launching app with name 'Snowman'
04-26 17:10:00.348 E/[Gralloc-ERROR](   84): int gralloc_register_buffer(const gralloc_module_t*, const native_handle_t*):79 Unable to register handle 0x49cb5510 coming from different process: 84
04-26 17:10:00.408 E/[Gralloc-ERROR](   84): int gralloc_register_buffer(const gralloc_module_t*, const native_handle_t*):79 Unable to register handle 0x49cb5650 coming from different process: 84
04-26 17:10:00.458 E/[Gralloc-ERROR](   84): int gralloc_register_buffer(const gralloc_module_t*, const native_handle_t*):79 Unable to register handle 0x49cb57e0 coming from different process: 84
04-26 17:10:00.458 E/[Gralloc-ERROR](   84): int gralloc_register_buffer(const gralloc_module_t*, const native_handle_t*):79 Unable to register handle 0x49cb5970 coming from different process: 84
04-26 17:10:00.708 D/Sensors (   84): activate handle=0; drv=0
04-26 17:10:00.748 D/Sensors (   84): Lis3dhSensor: Control set 1
04-26 17:10:00.748 D/Sensors (   84): Lis3dhSensor: mEnabled = 1
04-26 17:10:00.898 I/Gonk    (   84): Setting nice for pid 2250 to 18
04-26 17:10:00.908 I/Gonk    (   84): Changed nice for pid 2250 from 1 to 18.
04-26 17:10:01.908 I/Gecko   (   84): [Parent 84] WARNING: pipe error (133): Connection reset by peer: file ../../../gecko/ipc/chromium/src/chrome/common/ipc_channel_posix.cc, line 446
04-26 17:10:01.918 I/Gecko   (   84): 
04-26 17:10:01.918 I/Gecko   (   84): ###!!! [Parent][MessageChannel] Error: Channel error: cannot send/recv
04-26 17:10:01.918 I/Gecko   (   84): 
04-26 17:10:01.958 I/GeckoDump(   84): Crash reporter : Can't fetch app.reportCrashes. Exception: [Exception... "Component returned failure code: 0x8000ffff (NS_ERROR_UNEXPECTED) [nsIPrefBranch.getBoolPref]"  nsresult: "0x8000ffff (NS_ERROR_UNEXPECTED)"  location: "JS frame :: chrome://browser/content/shell.js :: shell_reportCrash :: line 7"  data: no]
04-26 17:10:01.998 E/GeckoConsole(   84): [JavaScript Error: "AbortError"]
04-26 17:10:01.998 I/Gecko   (   84): [Parent 84] WARNING: waitpid failed pid:2250 errno:10: file ../../../gecko/ipc/chromium/src/base/process_util_posix.cc, line 254
04-26 17:10:02.058 I/Gecko   (   84): 1398557402069	Marionette	INFO	sendToClient: {"from":"0","error":{"message":"AbortError","status":17,"stacktrace":"@, line 0"}}, {3f325a42-e7e8-4f2a-8709-94a8fa35933c}, {3f325a42-e7e8-4f2a-8709-94a8fa35933c}
04-26 17:10:02.078 I/Gecko   (   84): 1398557402096	Marionette	DEBUG	Got request: switchToFrame, data: {"to":"0","sessionId":"3-b2g","name":"switchToFrame","parameters":{"id":null,"focus":true}}, id: {212bdc18-79c1-492b-bb9c-de2f567a7acb}
04-26 17:10:02.078 I/Gecko   (   84): 1398557402098	Marionette	INFO	Switched to frame: {"frameValue":null}
04-26 17:10:02.238 I/Gecko   (   84): 1398557402258	Marionette	INFO	sendToClient: {"from":"0","ok":true}, {212bdc18-79c1-492b-bb9c-de2f567a7acb}, {212bdc18-79c1-492b-bb9c-de2f567a7acb}
04-26 17:10:02.278 I/Gecko   (   84): 1398557402289	Marionette	DEBUG	Got request: executeWithCallback, data: {"to":"0","sessionId":"3-b2g","name":"executeAsyncScript","parameters":{"specialPowers":false,"scriptTimeout":60000,"newSandbox":true,"args":[],"filename":"app_checker.py","script":"\n        GaiaApps.locateWithManifestURL('http://snowman.softgames.de/snowman/mozilla/manifest.webapp',\n                                       null,\n                                       function uninstall(app) {\n                                       navigator.mozApps.mgmt.uninstall(app);\n                                       marionetteScriptFinished(true);\n                                       });\n        ","line":129}}, id: {d17683ff-2ac6-4363-9c14-b463f41d4a1e}
04-26 17:10:02.358 I/Gecko   (   84): -- webapps.js uninstall http://snowman.softgames.de/snowman/mozilla/manifest.webapp
04-26 17:10:02.968 I/Gecko   (   84): 1398557402980	Marionette	INFO	sendToClient: {"from":"0","value":true}, {d17683ff-2ac6-4363-9c14-b463f41d4a1e}, {d17683ff-2ac6-4363-9c14-b463f41d4a1e}