--------- beginning of /dev/log/main
04-24 23:05:06.664 V/AudioPolicyManagerBase(   89): startOutput() output 1, stream 1, session 5
04-24 23:05:06.664 V/AudioPolicyManagerBase(   89): changeRefCount() stream 1, count 1
04-24 23:05:06.664 V/AudioPolicyManagerBase(   89): getDeviceForStrategy() from cache strategy 0, device 2
04-24 23:05:06.664 V/AudioPolicyManagerBase(   89): getNewDevice() selected device 2
04-24 23:05:06.664 D/AudioPolicyManagerBase(   89): setOutputDevice() output 1 device 2 delayMs 0
04-24 23:05:06.664 V/AudioPolicyManagerBase(   89): setOutputDevice() setting same device 2 or null device for output 1
04-24 23:05:06.664 E/AudioPolicyManagerBase(   89): checkAndSetVolume stream=1, index=0, output=1, device=2
04-24 23:05:06.664 E/AudioPolicyManagerBase(   89): computeVolume, streamDesc=0x1ac6bb8
04-24 23:05:06.694 W/AudioFlinger(   89): Thread AudioOut_1 cannot connect to the power manager service
04-24 23:05:06.694 V/AudioPolicyManagerBase(   89): stopOutput() output 1, stream 1, session 5
04-24 23:05:06.694 V/AudioPolicyManagerBase(   89): changeRefCount() stream 1, count 0
04-24 23:05:06.694 V/AudioPolicyManagerBase(   89): getNewDevice() selected device 0
04-24 23:05:06.694 D/AudioPolicyManagerBase(   89): setOutputDevice() output 1 device 0 delayMs 290
04-24 23:05:06.694 V/AudioPolicyManagerBase(   89): setOutputDevice() setting same device 0 or null device for output 1
04-24 23:05:06.714 V/AudioPolicyManagerBase(   89): startOutput() output 1, stream 1, session 5
04-24 23:05:06.714 V/AudioPolicyManagerBase(   89): changeRefCount() stream 1, count 1
04-24 23:05:06.714 V/AudioPolicyManagerBase(   89): getDeviceForStrategy() from cache strategy 0, device 2
04-24 23:05:06.714 V/AudioPolicyManagerBase(   89): getNewDevice() selected device 2
04-24 23:05:06.714 D/AudioPolicyManagerBase(   89): setOutputDevice() output 1 device 2 delayMs 0
04-24 23:05:06.714 V/AudioPolicyManagerBase(   89): setOutputDevice() setting same device 2 or null device for output 1
04-24 23:05:06.714 E/AudioPolicyManagerBase(   89): checkAndSetVolume stream=1, index=0, output=1, device=2
04-24 23:05:06.714 E/AudioPolicyManagerBase(   89): computeVolume, streamDesc=0x1ac6bb8
04-24 23:05:06.714 V/AudioPolicyManagerBase(   89): stopOutput() output 1, stream 1, session 5
04-24 23:05:06.714 V/AudioPolicyManagerBase(   89): changeRefCount() stream 1, count 0
04-24 23:05:06.714 V/AudioPolicyManagerBase(   89): getNewDevice() selected device 0
04-24 23:05:06.714 D/AudioPolicyManagerBase(   89): setOutputDevice() output 1 device 0 delayMs 290
04-24 23:05:06.714 V/AudioPolicyManagerBase(   89): setOutputDevice() setting same device 0 or null device for output 1
04-24 23:05:06.734 V/AudioPolicyManagerBase(   89): releaseOutput() 1
04-24 23:05:06.914 I/Gecko   (   84): 1398405906924	Marionette	INFO	sendToClient: {"from":"0","ok":true}, {05de620e-ddc2-4124-a61f-aa4afc006ad5}, {05de620e-ddc2-4124-a61f-aa4afc006ad5}
04-24 23:05:06.994 I/Gecko   (   84): 1398405907003	Marionette	DEBUG	Got request: switchToFrame, data: {"to":"0","sessionId":"3-b2g","name":"switchToFrame","parameters":{"id":null,"focus":true}}, id: {acf6af09-8c49-431e-9d0b-3638e572e608}
04-24 23:05:06.994 W/WifiHW  (   84): wifi_command: SIGNAL_POLL
04-24 23:05:07.014 I/Gecko   (   84): 1398405907022	Marionette	INFO	Switched to frame: {"frameValue":null}
04-24 23:05:07.114 I/Gecko   (   84): 1398405907125	Marionette	INFO	sendToClient: {"from":"0","ok":true}, {acf6af09-8c49-431e-9d0b-3638e572e608}, {acf6af09-8c49-431e-9d0b-3638e572e608}
04-24 23:05:07.124 I/Gecko   (   84): 1398405907132	Marionette	DEBUG	Got request: executeWithCallback, data: {"to":"0","sessionId":"3-b2g","name":"executeAsyncScript","parameters":{"specialPowers":false,"scriptTimeout":null,"newSandbox":true,"args":[],"filename":"gaia_test.py","script":"return GaiaApps.displayedApp();","line":66}}, id: {894f9a0b-f3c8-4212-84f4-3f1dd6d80eca}
04-24 23:05:07.254 E/GeckoConsole(   84): Content JS LOG at dummy file:392 in GaiaApps.displayedApp: app with origin 'app://homescreen.gaiamobile.org' is displayed
04-24 23:05:07.254 I/Gecko   (   84): 1398405907268	Marionette	INFO	sendToClient: {"from":"0","value":{"frame":{"ELEMENT":"{307da12d-2d5e-4fb3-b105-c76fe63045ec}"},"src":"app://homescreen.gaiamobile.org/index.html#root","name":"Homescreen","origin":"app://homescreen.gaiamobile.org"}}, {894f9a0b-f3c8-4212-84f4-3f1dd6d80eca}, {894f9a0b-f3c8-4212-84f4-3f1dd6d80eca}
04-24 23:05:07.294 I/Gecko   (   84): 1398405907301	Marionette	DEBUG	Got request: switchToFrame, data: {"to":"0","sessionId":"3-b2g","name":"switchToFrame","parameters":{"id":null,"focus":true}}, id: {cb0028be-95e8-4b4e-ad7d-334a60cad70f}
04-24 23:05:07.294 I/Gecko   (   84): 1398405907303	Marionette	INFO	Switched to frame: {"frameValue":null}
04-24 23:05:07.394 E/GeckoConsole( 1487): Content JS ERROR at app://homescreen.gaiamobile.org/gaia_build_defer_index.js:390 in loadSVConfFileError: Failed parsing singleVariant configuration file [js/singlevariantconf.json]:  [Exception... "File error: Not found"  nsresult: "0x80520012 (NS_ERROR_FILE_NOT_FOUND)"  location: "JS frame :: app://homescreen.gaiamobile.org/gaia_build_defer_index.js :: loadFile :: line 382"  data: no]
04-24 23:05:07.394 I/Gecko   (   84): 1398405907405	Marionette	INFO	sendToClient: {"from":"0","ok":true}, {cb0028be-95e8-4b4e-ad7d-334a60cad70f}, {cb0028be-95e8-4b4e-ad7d-334a60cad70f}
04-24 23:05:07.404 I/Gecko   (   84): 1398405907412	Marionette	DEBUG	Got request: switchToFrame, data: {"to":"0","sessionId":"3-b2g","name":"switchToFrame","parameters":{"id":null,"focus":true}}, id: {4dfbb405-e035-4a9c-b251-3e715ce043fc}
04-24 23:05:07.414 I/Gecko   (   84): 1398405907421	Marionette	INFO	Switched to frame: {"frameValue":null}
04-24 23:05:07.534 I/Gecko   (   84): 1398405907540	Marionette	INFO	sendToClient: {"from":"0","ok":true}, {4dfbb405-e035-4a9c-b251-3e715ce043fc}, {4dfbb405-e035-4a9c-b251-3e715ce043fc}
04-24 23:05:07.534 I/Gecko   (   84): 1398405907546	Marionette	DEBUG	Got request: executeWithCallback, data: {"to":"0","sessionId":"3-b2g","name":"executeAsyncScript","parameters":{"specialPowers":false,"scriptTimeout":null,"newSandbox":true,"args":[],"filename":"gaia_test.py","script":"return GaiaApps.displayedApp();","line":66}}, id: {11f2fb39-7564-4813-8887-499544f5c9b3}
04-24 23:05:07.594 I/Gecko   (   84): 1398405907606	Marionette	INFO	sendToClient: {"from":"0","value":{"frame":{"ELEMENT":"{307da12d-2d5e-4fb3-b105-c76fe63045ec}"},"src":"app://homescreen.gaiamobile.org/index.html#root","name":"Homescreen","origin":"app://homescreen.gaiamobile.org"}}, {11f2fb39-7564-4813-8887-499544f5c9b3}, {11f2fb39-7564-4813-8887-499544f5c9b3}
04-24 23:05:07.604 E/GeckoConsole(   84): Content JS LOG at dummy file:392 in GaiaApps.displayedApp: app with origin 'app://homescreen.gaiamobile.org' is displayed
04-24 23:05:07.604 I/Gecko   (   84): 1398405907616	Marionette	DEBUG	Got request: switchToFrame, data: {"to":"0","sessionId":"3-b2g","name":"switchToFrame","parameters":{"focus":true,"element":"{307da12d-2d5e-4fb3-b105-c76fe63045ec}"}}, id: {6b2f37d1-9554-487e-be20-a4fe0ddfec86}
04-24 23:05:07.634 I/Gecko   (   84): 1398405907641	Marionette	INFO	Switched to frame: {"frameValue":"{307da12d-2d5e-4fb3-b105-c76fe63045ec}"}
04-24 23:05:07.644 I/Gecko   (   84): 1398405907651	Marionette	INFO	trying remote frame 0
04-24 23:05:07.644 I/Gecko   (   84): 1398405907653	Marionette	INFO	trying remote frame 1
04-24 23:05:07.644 I/Gecko   (   84): 1398405907656	Marionette	INFO	deleting frame
04-24 23:05:07.654 I/Gecko   (   84): 1398405907666	Marionette	INFO	frame-manager load script: [object ChromeMessageSender]
04-24 23:05:08.004 I/Gecko   (   84): 1398405908015	Marionette	INFO	sendToClient: {"from":"0","ok":true}, {6b2f37d1-9554-487e-be20-a4fe0ddfec86}, {6b2f37d1-9554-487e-be20-a4fe0ddfec86}
04-24 23:05:08.204 I/Gecko   (   84): 1398405908216	Marionette	INFO	sendToClient: {"from":"0","value":{"ELEMENT":"{d9911b89-cc48-4933-90b5-1d72e01e7578}"}}, {d0621ff5-d87e-4746-9ad9-6f0a756cd808}, {d0621ff5-d87e-4746-9ad9-6f0a756cd808}
04-24 23:05:08.484 E/GeckoConsole( 1487): [JavaScript Warning: "Use of getAttributeNode() is deprecated. Use getAttribute() instead." {file: "chrome://marionette/content/atoms.js" line: 25}]
04-24 23:05:08.494 E/GeckoConsole( 1487): [JavaScript Warning: "Use of attributes' specified attribute is deprecated. It always returns true." {file: "chrome://marionette/content/atoms.js" line: 25}]
04-24 23:05:08.494 I/Gecko   (   84): 1398405908502	Marionette	INFO	sendToClient: {"from":"0","value":"normal"}, {87d697ce-72a8-446a-af3b-bc5330c66391}, {87d697ce-72a8-446a-af3b-bc5330c66391}
04-24 23:05:08.494 I/Gecko   (   84): 1398405908508	Marionette	DEBUG	Got request: switchToFrame, data: {"to":"0","sessionId":"3-b2g","name":"switchToFrame","parameters":{"id":null,"focus":true}}, id: {7877f641-d2c7-43f5-9b24-977fb6c9a652}
04-24 23:05:08.514 I/Gecko   (   84): 1398405908521	Marionette	INFO	Switched to frame: {"frameValue":null}
04-24 23:05:08.614 I/Gecko   (   84): 1398405908623	Marionette	INFO	sendToClient: {"from":"0","ok":true}, {7877f641-d2c7-43f5-9b24-977fb6c9a652}, {7877f641-d2c7-43f5-9b24-977fb6c9a652}
04-24 23:05:08.624 I/Gecko   (   84): 1398405908630	Marionette	DEBUG	Got request: execute, data: {"to":"0","sessionId":"3-b2g","name":"executeScript","parameters":{"specialPowers":false,"scriptTimeout":null,"newSandbox":true,"args":[],"filename":"gaia_test.py","script":"window.wrappedJSObject.dispatchEvent(new Event('home'));","line":788}}, id: {58ed3c22-6569-423b-b3c5-b46b205dbb91}
04-24 23:05:08.664 I/Gecko   (   84): 1398405908675	Marionette	INFO	sendToClient: {"from":"0","value":null}, {58ed3c22-6569-423b-b3c5-b46b205dbb91}, {58ed3c22-6569-423b-b3c5-b46b205dbb91}
04-24 23:05:08.674 I/Gecko   (   84): 1398405908684	Marionette	DEBUG	Got request: switchToFrame, data: {"to":"0","sessionId":"3-b2g","name":"switchToFrame","parameters":{"id":null,"focus":true}}, id: {1cc50cbb-5816-41a0-b2fe-e1fdf3e212d6}
04-24 23:05:08.674 I/Gecko   (   84): 1398405908689	Marionette	INFO	Switched to frame: {"frameValue":null}
04-24 23:05:08.794 I/Gecko   (   84): 1398405908801	Marionette	INFO	sendToClient: {"from":"0","ok":true}, {1cc50cbb-5816-41a0-b2fe-e1fdf3e212d6}, {1cc50cbb-5816-41a0-b2fe-e1fdf3e212d6}
04-24 23:05:08.794 I/Gecko   (   84): 1398405908807	Marionette	DEBUG	Got request: switchToFrame, data: {"to":"0","sessionId":"3-b2g","name":"switchToFrame","parameters":{"id":null,"focus":true}}, id: {a84ee343-f19d-4076-b31f-fcfcf6c4409c}
04-24 23:05:08.804 I/Gecko   (   84): 1398405908810	Marionette	INFO	Switched to frame: {"frameValue":null}
04-24 23:05:08.914 I/Gecko   (   84): 1398405908921	Marionette	INFO	sendToClient: {"from":"0","ok":true}, {a84ee343-f19d-4076-b31f-fcfcf6c4409c}, {a84ee343-f19d-4076-b31f-fcfcf6c4409c}
04-24 23:05:08.914 I/Gecko   (   84): 1398405908927	Marionette	DEBUG	Got request: executeWithCallback, data: {"to":"0","sessionId":"3-b2g","name":"executeAsyncScript","parameters":{"specialPowers":false,"scriptTimeout":null,"newSandbox":true,"args":[],"filename":"gaia_test.py","script":"return GaiaApps.displayedApp();","line":66}}, id: {c50f43d7-764d-4ddf-a7b4-b336b409a2f3}
04-24 23:05:09.024 I/Gecko   (   84): 1398405909033	Marionette	INFO	sendToClient: {"from":"0","value":{"frame":{"ELEMENT":"{307da12d-2d5e-4fb3-b105-c76fe63045ec}"},"src":"app://homescreen.gaiamobile.org/index.html#rootThu%20Apr%2024%202014%2023:05:08%20GMT-0700%20(UTC)","name":"Homescreen","origin":"app://homescreen.gaiamobile.org"}}, {c50f43d7-764d-4ddf-a7b4-b336b409a2f3}, {c50f43d7-764d-4ddf-a7b4-b336b409a2f3}
04-24 23:05:09.034 E/GeckoConsole(   84): Content JS LOG at dummy file:392 in GaiaApps.displayedApp: app with origin 'app://homescreen.gaiamobile.org' is displayed
04-24 23:05:09.044 I/Gecko   (   84): 1398405909053	Marionette	DEBUG	Got request: switchToFrame, data: {"to":"0","sessionId":"3-b2g","name":"switchToFrame","parameters":{"focus":true,"element":"{307da12d-2d5e-4fb3-b105-c76fe63045ec}"}}, id: {57e816ed-9430-4a46-a7e3-68d344bda5e7}
04-24 23:05:09.044 I/Gecko   (   84): 1398405909058	Marionette	INFO	Switched to frame: {"frameValue":"{307da12d-2d5e-4fb3-b105-c76fe63045ec}"}
04-24 23:05:09.064 I/Gecko   (   84): 1398405909071	Marionette	INFO	trying remote frame 0
04-24 23:05:09.074 I/Gecko   (   84): 1398405909080	Marionette	INFO	trying remote frame 1
04-24 23:05:09.394 I/Gecko   (   84): 1398405909408	Marionette	INFO	sendToClient: {"from":"0","ok":true}, {57e816ed-9430-4a46-a7e3-68d344bda5e7}, {57e816ed-9430-4a46-a7e3-68d344bda5e7}
04-24 23:05:09.414 I/Gecko   (   84): 1398405909421	Marionette	DEBUG	Got request: execute, data: {"to":"0","sessionId":"3-b2g","name":"executeScript","parameters":{"specialPowers":false,"scriptTimeout":null,"newSandbox":true,"args":[],"filename":"gaia_test.py","script":"return window.wrappedJSObject.GridManager.pageHelper.getCurrentPageNumber();","line":784}}, id: {6f3558eb-7d09-4ff9-b616-05f311d39223}
04-24 23:05:09.644 I/Gecko   (   84): 1398405909653	Marionette	INFO	sendToClient: {"from":"0","value":0}, {6f3558eb-7d09-4ff9-b616-05f311d39223}, {6f3558eb-7d09-4ff9-b616-05f311d39223}
04-24 23:05:09.814 I/Gecko   (   84): 1398405909822	Marionette	INFO	sendToClient: {"from":"0","value":["{3e7aa84e-a469-4f5a-95c1-74f0b1ed47c0}","{67fedb82-a5f3-41b5-8cd9-0f6643556332}","{1468e171-2a39-4aad-b727-78b5fcf33065}","{8a923b0e-cc53-406e-8751-300f030df406}","{9e9a8945-24e4-4f68-b00f-46246827d654}","{0d9410e4-5928-4d8b-accf-c88a3e6932b2}","{032f1581-08c5-49ff-9b93-47b7bda1fe69}","{9e96a23d-39ce-402a-a117-0953af10eb0a}","{20cbb0bf-fc45-4772-9ce8-4db7b7ed52fa}","{8fdfc3cd-5ba9-49bc-9dde-b804b72e4c81}","{ee203719-c1be-479a-ba1e-1b47456a087e}","{9b3c6e59-b83d-489b-9c27-66a9a7715778}","{e5abc698-0ac3-4a9f-826a-cb8bf182ec9b}","{36ba315b-5a83-41b4-9389-a3ba2e6f638f}","{e2fde35b-e1f2-48c2-b249-50315b8d1e18}","{c1e8fb87-023d-43e8-8e4e-e26ef6b6b0d2}","{12ab3f9b-63e0-4519-8afa-ae07ce09c2ca}","{d01309d8-c9d5-4b9e-a44b-a691ea3f9f51}","{5c90e47e-1dad-48d6-b8c1-a297a0d43672}","{28d7c4a3-0e88-456e-ac72-27e094c5757f}","{087f6721-5d4f-41c8-a486-6b46ff8d7e69}","{d7347c3c-d9d7-4047-868e-2e8f4a8fccc5}","{e89f7859-76d5-49e3-9426-a4324801950b}","{782de885-ea6f
04-24 23:05:11.524 I/Gecko   (   84): 1398405911531	Marionette	INFO	sendToClient: {"from":"0","value":"app://homescreen.gaiamobile.org/index.html#rootThu%20Apr%2024%202014%2023:05:08%20GMT-0700%20(UTC)"}, {17acd1da-8fca-4071-b5a7-5e3bd5dbbd98}, {17acd1da-8fca-4071-b5a7-5e3bd5dbbd98}
04-24 23:05:11.624 I/Gecko   (   84): 1398405911634	Marionette	DEBUG	Got request: switchToFrame, data: {"to":"0","sessionId":"3-b2g","name":"switchToFrame","parameters":{"id":null,"focus":true}}, id: {0171a3cd-965d-478d-bf0c-2ab5d570f4a6}
04-24 23:05:11.654 I/Gecko   (   84): 1398405911663	Marionette	INFO	Switched to frame: {"frameValue":null}
04-24 23:05:11.754 E/GeckoConsole( 1487): Content JS WARN at app://homescreen.gaiamobile.org/gaia_build_defer_index.js:184 in isHiddenApp: Unexpected role when checking hidden app: undefined
04-24 23:05:11.754 I/Gecko   (   84): 1398405911767	Marionette	INFO	sendToClient: {"from":"0","ok":true}, {0171a3cd-965d-478d-bf0c-2ab5d570f4a6}, {0171a3cd-965d-478d-bf0c-2ab5d570f4a6}
04-24 23:05:11.764 I/Gecko   (   84): 1398405911773	Marionette	DEBUG	Got request: switchToFrame, data: {"to":"0","sessionId":"3-b2g","name":"switchToFrame","parameters":{"id":null,"focus":true}}, id: {a2325b0d-42d5-4a3c-9177-c6eb4a46a82f}
04-24 23:05:11.764 I/Gecko   (   84): 1398405911775	Marionette	INFO	Switched to frame: {"frameValue":null}
04-24 23:05:11.774 E/GeckoConsole( 1487): Content JS WARN at app://homescreen.gaiamobile.org/gaia_build_defer_index.js:184 in isHiddenApp: Unexpected role when checking hidden app: undefined
04-24 23:05:11.784 E/GeckoConsole( 1487): Content JS WARN at app://homescreen.gaiamobile.org/gaia_build_defer_index.js:184 in isHiddenApp: Unexpected role when checking hidden app: undefined
04-24 23:05:11.784 E/GeckoConsole( 1487): Content JS WARN at app://homescreen.gaiamobile.org/gaia_build_defer_index.js:184 in isHiddenApp: Unexpected role when checking hidden app: undefined
04-24 23:05:11.784 E/GeckoConsole( 1487): Content JS WARN at app://homescreen.gaiamobile.org/gaia_build_defer_index.js:184 in isHiddenApp: Unexpected role when checking hidden app: undefined
04-24 23:05:11.784 E/GeckoConsole( 1487): Content JS WARN at app://homescreen.gaiamobile.org/gaia_build_defer_index.js:184 in isHiddenApp: Unexpected role when checking hidden app: undefined
04-24 23:05:11.784 E/GeckoConsole( 1487): Content JS WARN at app://homescreen.gaiamobile.org/gaia_build_defer_index.js:184 in isHiddenApp: Unexpected role when checking hidden app: undefined
04-24 23:05:11.784 E/GeckoConsole( 1487): Content JS WARN at app://homescreen.gaiamobile.org/gaia_build_defer_index.js:184 in isHiddenApp: Unexpected role when checking hidden app: undefined
04-24 23:05:11.784 E/GeckoConsole( 1487): Content JS WARN at app://homescreen.gaiamobile.org/gaia_build_defer_index.js:184 in isHiddenApp: Unexpected role when checking hidden app: undefined
04-24 23:05:11.784 E/GeckoConsole( 1487): Content JS WARN at app://homescreen.gaiamobile.org/gaia_build_defer_index.js:184 in isHiddenApp: Unexpected role when checking hidden app: undefined
04-24 23:05:11.794 E/GeckoConsole( 1487): Content JS WARN at app://homescreen.gaiamobile.org/gaia_build_defer_index.js:184 in isHiddenApp: Unexpected role when checking hidden app: undefined
04-24 23:05:11.794 E/GeckoConsole( 1487): Content JS WARN at app://homescreen.gaiamobile.org/gaia_build_defer_index.js:184 in isHiddenApp: Unexpected role when checking hidden app: undefined
04-24 23:05:11.794 E/GeckoConsole( 1487): Content JS WARN at app://homescreen.gaiamobile.org/gaia_build_defer_index.js:184 in isHiddenApp: Unexpected role when checking hidden app: undefined
04-24 23:05:11.794 E/GeckoConsole( 1487): Content JS WARN at app://homescreen.gaiamobile.org/gaia_build_defer_index.js:184 in isHiddenApp: Unexpected role when checking hidden app: undefined
04-24 23:05:11.794 E/GeckoConsole( 1487): Content JS WARN at app://homescreen.gaiamobile.org/gaia_build_defer_index.js:184 in isHiddenApp: Unexpected role when checking hidden app: undefined
04-24 23:05:11.794 E/GeckoConsole( 1487): Content JS WARN at app://homescreen.gaiamobile.org/gaia_build_defer_index.js:184 in isHiddenApp: Unexpected role when checking hidden app: undefined
04-24 23:05:11.794 E/GeckoConsole( 1487): Content JS WARN at app://homescreen.gaiamobile.org/gaia_build_defer_index.js:184 in isHiddenApp: Unexpected role when checking hidden app: undefined
04-24 23:05:11.794 E/GeckoConsole( 1487): Content JS WARN at app://homescreen.gaiamobile.org/gaia_build_defer_index.js:184 in isHiddenApp: Unexpected role when checking hidden app: undefined
04-24 23:05:11.794 E/GeckoConsole( 1487): Content JS WARN at app://homescreen.gaiamobile.org/gaia_build_defer_index.js:184 in isHiddenApp: Unexpected role when checking hidden app: undefined
04-24 23:05:11.794 E/GeckoConsole( 1487): Content JS WARN at app://homescreen.gaiamobile.org/gaia_build_defer_index.js:184 in isHiddenApp: Unexpected role when checking hidden app: undefined
04-24 23:05:11.794 E/GeckoConsole( 1487): Content JS WARN at app://homescreen.gaiamobile.org/gaia_build_defer_index.js:184 in isHiddenApp: Unexpected role when checking hidden app: undefined
04-24 23:05:11.794 E/GeckoConsole( 1487): Content JS WARN at app://homescreen.gaiamobile.org/gaia_build_defer_index.js:184 in isHiddenApp: Unexpected role when checking hidden app: undefined
04-24 23:05:11.884 I/Gecko   (   84): 1398405911897	Marionette	INFO	sendToClient: {"from":"0","ok":true}, {a2325b0d-42d5-4a3c-9177-c6eb4a46a82f}, {a2325b0d-42d5-4a3c-9177-c6eb4a46a82f}
04-24 23:05:11.894 I/Gecko   (   84): 1398405911903	Marionette	DEBUG	Got request: executeWithCallback, data: {"to":"0","sessionId":"3-b2g","name":"executeAsyncScript","parameters":{"specialPowers":false,"scriptTimeout":30000,"newSandbox":true,"args":[],"filename":"app_checker.py","script":"GaiaApps.launchWithManifestURL('http://divelapps.appspot.com/socialshare.webapp')","line":106}}, id: {047dbdfa-c238-4d97-93f5-658ed21467ed}
04-24 23:05:12.114 W/WifiHW  (   84): wifi_command: SIGNAL_POLL
04-24 23:05:12.304 I/Gonk    (   84): Setting nice for pid 1497 to 18
04-24 23:05:12.314 I/Gonk    (   84): Changed nice for pid 1497 from 18 to 18.
04-24 23:05:12.314 I/Gecko   (   84): [Parent 84] WARNING: waitpid failed pid:1497 errno:10: file ../../../gecko/ipc/chromium/src/base/process_util_posix.cc, line 254
04-24 23:05:12.334 I/Gonk    (   84): Setting nice for pid 1497 to 1
04-24 23:05:12.334 I/Gonk    (   84): Changed nice for pid 1497 from 18 to 1.
04-24 23:05:12.394 E/GeckoConsole(   84): Content JS LOG at dummy file:334 in GaiaApps.launch: launching app with name 'Social Share'
04-24 23:05:13.084 D/Sensors (   84): activate handle=0; drv=0
04-24 23:05:13.094 D/Sensors (   84): Lis3dhSensor: Control set 1
04-24 23:05:13.094 D/Sensors (   84): Lis3dhSensor: mEnabled = 1
04-24 23:05:13.374 I/Gonk    (   84): Setting nice for pid 1548 to 18
04-24 23:05:13.384 I/Gonk    (   84): Changed nice for pid 1548 from 0 to 18.
04-24 23:05:13.444 I/Gonk    (   84): Setting nice for pid 1487 to 18
04-24 23:05:13.444 I/Gonk    (   84): Changed nice for pid 1487 from 1 to 18.
04-24 23:05:14.654 I/Gecko   ( 1497): ###################################### forms.js loaded
04-24 23:05:14.674 I/Gecko   ( 1497): ############################### browserElementPanning.js loaded
04-24 23:05:14.694 I/Gecko   ( 1497): ######################## BrowserElementChildPreload.js loaded
04-24 23:05:14.734 I/Gecko   (   84): [Parent 84] WARNING: pipe error (130): Connection reset by peer: file ../../../gecko/ipc/chromium/src/chrome/common/ipc_channel_posix.cc, line 446
04-24 23:05:14.744 I/Gecko   (   84): 
04-24 23:05:14.744 I/Gecko   (   84): ###!!! [Parent][MessageChannel] Error: Channel error: cannot send/recv
04-24 23:05:14.744 I/Gecko   (   84): 
04-24 23:05:14.834 I/Gecko   (   84): [Parent 84] WARNING: waitpid failed pid:1487 errno:10: file ../../../gecko/ipc/chromium/src/base/process_util_posix.cc, line 254
04-24 23:05:15.424 E/GeckoConsole( 1497): [JavaScript Warning: "Unknown property '-moz-background-size'.  Declaration dropped." {file: "http://divelapps.appspot.com/socialshare.css" line: 7 column: 28 source: "        -moz-background-size: cover;"}]
04-24 23:05:16.834 I/Gecko   (   84): [Parent 84] WARNING: waitpid failed pid:1487 errno:10: file ../../../gecko/ipc/chromium/src/base/process_util_posix.cc, line 254
04-24 23:05:16.834 I/Gecko   (   84): [Parent 84] WARNING: Failed to deliver SIGKILL to 1487!(3).: file ../../../gecko/ipc/chromium/src/chrome/common/process_watcher_posix_sigchld.cc, line 118
04-24 23:05:16.964 E/GeckoConsole( 1497): [JavaScript Error: "TypeError: window.external is undefined" {file: "http://divelapps.appspot.com/socialshare.js" line: 44}]
04-24 23:05:17.084 I/Gonk    (   84): Setting nice for pid 1548 to 18
04-24 23:05:17.094 I/Gonk    (   84): Changed nice for pid 1548 from 18 to 18.
04-24 23:05:17.094 I/Gecko   (   84): [Parent 84] WARNING: waitpid failed pid:1548 errno:10: file ../../../gecko/ipc/chromium/src/base/process_util_posix.cc, line 254
04-24 23:05:17.104 I/Gonk    (   84): Setting nice for pid 1548 to 1
04-24 23:05:17.104 I/Gonk    (   84): Changed nice for pid 1548 from 18 to 1.
04-24 23:05:17.124 I/Gonk    (   84): Setting nice for pid 1548 to 18
04-24 23:05:17.124 I/Gonk    (   84): Changed nice for pid 1548 from 1 to 18.
04-24 23:05:17.334 W/WifiHW  (   84): wifi_command: SIGNAL_POLL
04-24 23:05:17.354 I/Gecko   (   84): 1398405917361	Marionette	INFO	sendToClient: {"from":"0","value":{"frame":{"ELEMENT":"{0a62c5ce-cf37-4799-b3cd-d8c9261a9a3a}"},"src":"http://divelapps.appspot.com/socialshare.html","name":"Social Share","origin":"http://divelapps.appspot.com"}}, {047dbdfa-c238-4d97-93f5-658ed21467ed}, {047dbdfa-c238-4d97-93f5-658ed21467ed}
04-24 23:05:17.354 E/GeckoConsole(   84): Content JS LOG at dummy file:326 in GaiaApps.launch/appOpen/<: app with origin 'http://divelapps.appspot.com' has launched
04-24 23:05:17.374 I/Gecko   (   84): 1398405917386	Marionette	DEBUG	Got request: switchToFrame, data: {"to":"0","sessionId":"3-b2g","name":"switchToFrame","parameters":{"focus":true,"element":"{0a62c5ce-cf37-4799-b3cd-d8c9261a9a3a}"}}, id: {08b3b59c-16d1-416e-bd23-a1631250d3e7}
04-24 23:05:17.394 I/Gecko   (   84): 1398405917407	Marionette	INFO	Switched to frame: {"frameValue":"{0a62c5ce-cf37-4799-b3cd-d8c9261a9a3a}"}
04-24 23:05:17.414 I/Gecko   (   84): 1398405917425	Marionette	INFO	trying remote frame 0
04-24 23:05:17.424 I/Gecko   (   84): 1398405917431	Marionette	INFO	trying remote frame 1
04-24 23:05:17.424 I/Gecko   (   84): 1398405917432	Marionette	INFO	deleting frame
04-24 23:05:17.444 I/Gecko   (   84): 1398405917450	Marionette	INFO	frame-manager load script: [object ChromeMessageSender]
04-24 23:05:17.944 I/Gecko   (   84): 1398405917958	Marionette	INFO	sendToClient: {"from":"0","ok":true}, {08b3b59c-16d1-416e-bd23-a1631250d3e7}, {08b3b59c-16d1-416e-bd23-a1631250d3e7}
04-24 23:05:17.964 I/Gecko   (   84): 1398405917971	Marionette	INFO	sendToClient: {"from":"0","value":"http://divelapps.appspot.com/socialshare.html"}, {9a51c9d9-186e-4a55-bbb7-ebd08ac1fb8a}, {9a51c9d9-186e-4a55-bbb7-ebd08ac1fb8a}
04-24 23:05:17.984 I/Gecko   (   84): 1398405917996	Marionette	DEBUG	Got request: execute, data: {"to":"0","sessionId":"3-b2g","name":"executeScript","parameters":{"specialPowers":false,"scriptTimeout":null,"newSandbox":true,"args":[],"filename":"app_checker.py","script":"return window.document.readyState;","line":191}}, id: {2fa1e919-c573-41b5-a59b-4a45d7dee21d}
04-24 23:05:18.054 I/Gecko   (   84): 1398405918061	Marionette	INFO	sendToClient: {"from":"0","value":"complete"}, {2fa1e919-c573-41b5-a59b-4a45d7dee21d}, {2fa1e919-c573-41b5-a59b-4a45d7dee21d}
04-24 23:05:18.054 I/Gecko   (   84): 1398405918069	Marionette	INFO	sendToClient: {"from":"0","value":"http://divelapps.appspot.com/socialshare.html"}, {e2e4adbf-1ef4-46e7-82f9-c3de8cb18bfa}, {e2e4adbf-1ef4-46e7-82f9-c3de8cb18bfa}
04-24 23:05:18.074 I/Gecko   ( 1497): Attempting load of libEGL.so
04-24 23:05:18.104 D/libEGL  ( 1497): loaded /system/lib/egl/libEGL_mali.so
04-24 23:05:18.114 D/libEGL  ( 1497): loaded /system/lib/egl/libGLESv1_CM_mali.so
04-24 23:05:18.134 D/libEGL  ( 1497): loaded /system/lib/egl/libGLESv2_mali.so
04-24 23:05:18.194 I/Gecko   ( 1497): SharedSurface_Gralloc::Create -------
04-24 23:05:18.234 I/Gecko   ( 1497): SharedSurface_Gralloc::Create: success -- surface 0x440b9400, GraphicBuffer 0x442a9300.
04-24 23:05:18.964 I/log     ( 1569): <4>0[ 573.846786] select 1548 ((Preallocated a), adj 8, size 2940, to kill 
04-24 23:05:18.974 I/Gecko   (   84): 
04-24 23:05:18.974 I/Gecko   (   84): ###!!! [Parent][MessageChannel] Error: Channel error: cannot send/recv
04-24 23:05:18.974 I/Gecko   (   84): 
04-24 23:05:19.114 I/Gecko   (   84): [Parent 84] WARNING: waitpid failed pid:1548 errno:10: file ../../../gecko/ipc/chromium/src/base/process_util_posix.cc, line 254
04-24 23:05:19.544 I/Gecko   (   84): 1398405919533	Marionette	INFO	sendToClient: {"from":"0","value":"iVBORw0KGgoAAAANSUhEUgAAAUAAAAHgCAYAAADUjLREAAAgAElEQVR4nOy9eZwV5ZU+Xg2yKUFBiRmD0WggLhHHKHFXjICjMRqj0YxLdNRRErdEzcSFRozRKKCRMXFFUTSi4C4gCqgoaiQoS7OINCCrCAjdffveW7cBz+8Pc8pTTz3nrYuZZD6/7+Dn836k7616l7M85znnfatu1NLSIpVKRSqVisRxHGyVSkXs9XhfuVzOtDiOpVQqSXNzsxSLRYnjWFpaWpJWqVSkXC5LqVSSYrEoxWJRyuVyMpZeg/3r9c3NzVIoFKRQKEhzc7OUy+VM/3qvjq3zLpfLUigUpLGxMblf54CtVCpJHMeyceNG2bRpk1QqFfcaXW9zc7OUSqXUXHV95XI5+Uzva2lpSfpvaWlxdaD3lkqlRFZMH5VKRTZu3Jh8pvNSeRUKhaQf+52dk+ohjuPUOlWeTP92zbYfva6lpUU2bdqUrNPTtZ2/tSeUsZWrvb9YLEqhUJCmpqbE9qzc7X3WZmzT6/X+jRs3Zq5B+2Tja9Mxre6wH5UX/m2v0791PiF/tP3l2U+5XE7Zrr0+5Be2WV/WMdBvrT+h/Ji/5OGStlKplNh2SK/aIgZ+HpD9PQBojQjvR6cJAaBexwAw714LgDovC4AhJVuQ2rRpUwII1pG2FAD1OmuICIAoS+tc1QAgrhcDxpYCoF7LjLIaANT5btq0KeO8NiBaPeYBoA2cKKMvA4AMLLzgbWX+zwZA9EfPh70AamXmAaBdyz8CAFkAyQNAti60i0KhkAB4qEWMXaEh5wEgMwCcsO2rmmtQ4Z4SLCBaZwsBgh1PhcX6sg1lwBzJAiCCBfaFzoLr9kDfkxO7Xr/HPrxmZZEXdb0Wkp3OwwKJzpvpBoETWSezWbRfuyYG0qH52MCB13msiwGQAiEGwGqJBc7HAzdrexgMLAGwvoQ+iY
04-24 23:05:19.884 I/Gecko   (   84): 1398405919892	Marionette	INFO	sendToClient: {"from":"0","ok":true}, {511c4c11-17db-4bd1-9bbf-354ab76e3a6b}, {511c4c11-17db-4bd1-9bbf-354ab76e3a6b}
04-24 23:05:19.894 I/Gecko   (   84): 1398405919904	Marionette	DEBUG	Got request: switchToFrame, data: {"to":"0","sessionId":"3-b2g","name":"switchToFrame","parameters":{"id":null,"focus":true}}, id: {b1ad18d7-47a7-4cc0-9e3a-ad08037ff7fb}
04-24 23:05:19.904 I/Gecko   (   84): 1398405919917	Marionette	INFO	Switched to frame: {"frameValue":null}
04-24 23:05:20.024 I/Gecko   (   84): 1398405920030	Marionette	INFO	sendToClient: {"from":"0","ok":true}, {b1ad18d7-47a7-4cc0-9e3a-ad08037ff7fb}, {b1ad18d7-47a7-4cc0-9e3a-ad08037ff7fb}
04-24 23:05:20.024 I/Gecko   (   84): 1398405920036	Marionette	DEBUG	Got request: executeWithCallback, data: {"to":"0","sessionId":"3-b2g","name":"executeAsyncScript","parameters":{"specialPowers":false,"scriptTimeout":null,"newSandbox":true,"args":[],"filename":"gaia_test.py","script":"return GaiaApps.displayedApp();","line":66}}, id: {f333534a-d708-4d0d-ae1e-ced6705e251d}
04-24 23:05:20.104 I/Gecko   (   84): 1398405920114	Marionette	INFO	sendToClient: {"from":"0","value":{"frame":{"ELEMENT":"{0a62c5ce-cf37-4799-b3cd-d8c9261a9a3a}"},"src":"http://divelapps.appspot.com/socialshare.html","name":"Social Share","origin":"http://divelapps.appspot.com"}}, {f333534a-d708-4d0d-ae1e-ced6705e251d}, {f333534a-d708-4d0d-ae1e-ced6705e251d}
04-24 23:05:20.114 I/Gecko   (   84): 1398405920120	Marionette	DEBUG	Got request: switchToFrame, data: {"to":"0","sessionId":"3-b2g","name":"switchToFrame","parameters":{"id":null,"focus":true}}, id: {f443181e-093a-41d0-90f8-383942176e77}
04-24 23:05:20.114 I/Gecko   (   84): 1398405920122	Marionette	INFO	Switched to frame: {"frameValue":null}
04-24 23:05:20.114 E/GeckoConsole(   84): Content JS LOG at dummy file:392 in GaiaApps.displayedApp: app with origin 'http://divelapps.appspot.com' is displayed
04-24 23:05:20.214 I/Gecko   (   84): 1398405920225	Marionette	INFO	sendToClient: {"from":"0","ok":true}, {f443181e-093a-41d0-90f8-383942176e77}, {f443181e-093a-41d0-90f8-383942176e77}
04-24 23:05:20.224 I/Gecko   (   84): 1398405920230	Marionette	DEBUG	Got request: execute, data: {"to":"0","sessionId":"3-b2g","name":"executeScript","parameters":{"specialPowers":false,"scriptTimeout":null,"newSandbox":true,"args":[],"filename":"gaia_test.py","script":"window.wrappedJSObject.dispatchEvent(new Event('home'));","line":788}}, id: {7fb70a69-dd75-4430-be2d-29e3a9361ead}
04-24 23:05:20.404 D/Sensors (   84): activate handle=0; drv=0
04-24 23:05:20.404 D/Sensors (   84): Lis3dhSensor: Control set 0
04-24 23:05:20.404 D/Sensors (   84): Lis3dhSensor: mEnabled = 0
04-24 23:05:21.114 I/Gecko   (   84): [Parent 84] WARNING: waitpid failed pid:1548 errno:10: file ../../../gecko/ipc/chromium/src/base/process_util_posix.cc, line 254
04-24 23:05:21.114 I/Gecko   (   84): [Parent 84] WARNING: Failed to deliver SIGKILL to 1548!(3).: file ../../../gecko/ipc/chromium/src/chrome/common/process_watcher_posix_sigchld.cc, line 118
04-24 23:05:21.304 I/Gonk    (   84): Setting nice for pid 1572 to 18
04-24 23:05:21.304 I/Gonk    (   84): Changed nice for pid 1572 from 0 to 18.
04-24 23:05:21.354 I/Gecko   (   84): 1398405921364	Marionette	INFO	sendToClient: {"from":"0","value":null}, {7fb70a69-dd75-4430-be2d-29e3a9361ead}, {7fb70a69-dd75-4430-be2d-29e3a9361ead}
04-24 23:05:21.404 E/[Gralloc-ERROR](   84): int gralloc_register_buffer(const gralloc_module_t*, const native_handle_t*):79 Unable to register handle 0x443f2dd0 coming from different process: 84
04-24 23:05:21.404 E/[Gralloc-ERROR](   84): int gralloc_register_buffer(const gralloc_module_t*, const native_handle_t*):79 Unable to register handle 0x443f2ec0 coming from different process: 84
04-24 23:05:21.464 I/Gonk    (   84): Setting nice for pid 1572 to 18
04-24 23:05:21.464 I/Gonk    (   84): Changed nice for pid 1572 from 18 to 18.
04-24 23:05:21.464 I/Gecko   (   84): [Parent 84] WARNING: waitpid failed pid:1572 errno:10: file ../../../gecko/ipc/chromium/src/base/process_util_posix.cc, line 254
04-24 23:05:21.464 I/Gonk    (   84): Setting nice for pid 1572 to 1
04-24 23:05:21.464 I/Gonk    (   84): Changed nice for pid 1572 from 18 to 1.
04-24 23:05:22.204 I/Gecko   (   84): 1398405922214	Marionette	DEBUG	Got request: switchToFrame, data: {"to":"0","sessionId":"3-b2g","name":"switchToFrame","parameters":{"id":null,"focus":true}}, id: {46b3ac59-9a5e-45d2-a038-d3272a888b06}
04-24 23:05:22.284 E/[Gralloc-ERROR](   84): int gralloc_unregister_buffer(const gralloc_module_t*, const native_handle_t*):274 Trying to unregister buffer 0x443f2ec0 from process 84 that was not created in current process: 84
04-24 23:05:22.294 E/[Gralloc-ERROR](   84): int gralloc_unregister_buffer(const gralloc_module_t*, const native_handle_t*):274 Trying to unregister buffer 0x443f2dd0 from process 84 that was not created in current process: 84
04-24 23:05:22.294 I/Gonk    (   84): Setting nice for pid 1580 to 18
04-24 23:05:22.294 I/Gonk    (   84): Changed nice for pid 1580 from 0 to 18.
04-24 23:05:22.354 I/Gecko   (   84): 1398405922323	Marionette	INFO	Switched to frame: {"frameValue":null}
04-24 23:05:22.494 W/WifiHW  (   84): wifi_command: SIGNAL_POLL
04-24 23:05:22.544 I/Gonk    (   84): Setting nice for pid 1497 to 18
04-24 23:05:22.544 I/Gonk    (   84): Changed nice for pid 1497 from 1 to 18.
04-24 23:05:22.554 I/Gecko   (   84): 1398405922560	Marionette	INFO	sendToClient: {"from":"0","ok":true}, {46b3ac59-9a5e-45d2-a038-d3272a888b06}, {46b3ac59-9a5e-45d2-a038-d3272a888b06}
04-24 23:05:22.674 I/Gecko   (   84): 1398405922686	Marionette	DEBUG	Got request: executeWithCallback, data: {"to":"0","sessionId":"3-b2g","name":"executeAsyncScript","parameters":{"specialPowers":false,"scriptTimeout":null,"newSandbox":true,"args":[],"filename":"gaia_test.py","script":"return GaiaApps.displayedApp();","line":66}}, id: {9ff08922-565d-4f44-bde5-6e48aef6b5ce}
04-24 23:05:22.834 I/Gecko   (   84): 1398405922844	Marionette	INFO	sendToClient: {"from":"0","value":{"frame":{"ELEMENT":"{cf2da73d-5832-4cbd-8a1a-902273043d58}"},"src":"app://homescreen.gaiamobile.org/index.html#root","name":"Homescreen","origin":"app://homescreen.gaiamobile.org"}}, {9ff08922-565d-4f44-bde5-6e48aef6b5ce}, {9ff08922-565d-4f44-bde5-6e48aef6b5ce}
04-24 23:05:22.834 E/GeckoConsole(   84): Content JS LOG at dummy file:392 in GaiaApps.displayedApp: app with origin 'app://homescreen.gaiamobile.org' is displayed
04-24 23:05:22.844 I/Gecko   (   84): 1398405922855	Marionette	DEBUG	Got request: switchToFrame, data: {"to":"0","sessionId":"3-b2g","name":"switchToFrame","parameters":{"id":null,"focus":true}}, id: {efb52235-af88-4827-8d7c-1a0bca197209}
04-24 23:05:22.854 I/Gecko   (   84): 1398405922861	Marionette	INFO	Switched to frame: {"frameValue":null}
04-24 23:05:22.994 I/Gecko   (   84): 1398405923002	Marionette	INFO	sendToClient: {"from":"0","ok":true}, {efb52235-af88-4827-8d7c-1a0bca197209}, {efb52235-af88-4827-8d7c-1a0bca197209}
04-24 23:05:23.004 I/Gecko   (   84): 1398405923018	Marionette	DEBUG	Got request: switchToFrame, data: {"to":"0","sessionId":"3-b2g","name":"switchToFrame","parameters":{"id":null,"focus":true}}, id: {bc7c6f28-9d69-4058-9191-49b7c5366581}
04-24 23:05:23.024 I/Gecko   (   84): 1398405923031	Marionette	INFO	Switched to frame: {"frameValue":null}
04-24 23:05:23.144 I/Gecko   (   84): 1398405923154	Marionette	INFO	sendToClient: {"from":"0","ok":true}, {bc7c6f28-9d69-4058-9191-49b7c5366581}, {bc7c6f28-9d69-4058-9191-49b7c5366581}
04-24 23:05:23.154 I/Gecko   (   84): 1398405923163	Marionette	DEBUG	Got request: executeWithCallback, data: {"to":"0","sessionId":"3-b2g","name":"executeAsyncScript","parameters":{"specialPowers":false,"scriptTimeout":null,"newSandbox":true,"args":[],"filename":"gaia_test.py","script":"return GaiaApps.displayedApp();","line":66}}, id: {17de426a-d9a2-402f-b578-1d1ec4ff8f8c}
04-24 23:05:23.254 E/GeckoConsole(   84): Content JS LOG at dummy file:392 in GaiaApps.displayedApp: app with origin 'app://homescreen.gaiamobile.org' is displayed
04-24 23:05:23.304 I/Gecko   (   84): 1398405923312	Marionette	INFO	sendToClient: {"from":"0","value":{"frame":{"ELEMENT":"{cf2da73d-5832-4cbd-8a1a-902273043d58}"},"src":"app://homescreen.gaiamobile.org/index.html#root","name":"Homescreen","origin":"app://homescreen.gaiamobile.org"}}, {17de426a-d9a2-402f-b578-1d1ec4ff8f8c}, {17de426a-d9a2-402f-b578-1d1ec4ff8f8c}
04-24 23:05:23.304 I/Gecko   (   84): 1398405923319	Marionette	DEBUG	Got request: switchToFrame, data: {"to":"0","sessionId":"3-b2g","name":"switchToFrame","parameters":{"focus":true,"element":"{cf2da73d-5832-4cbd-8a1a-902273043d58}"}}, id: {ba3606d3-7d52-429d-9df4-d9a8661d6fa7}
04-24 23:05:23.324 I/Gecko   (   84): 1398405923338	Marionette	INFO	Switched to frame: {"frameValue":"{cf2da73d-5832-4cbd-8a1a-902273043d58}"}
04-24 23:05:23.334 I/Gecko   (   84): 1398405923341	Marionette	INFO	trying remote frame 0
04-24 23:05:23.344 I/Gecko   (   84): 1398405923358	Marionette	INFO	trying remote frame 1
04-24 23:05:23.354 I/Gecko   (   84): 1398405923362	Marionette	INFO	deleting frame
04-24 23:05:23.354 I/Gecko   (   84): 1398405923367	Marionette	INFO	frame-manager load script: [object ChromeMessageSender]
04-24 23:05:23.784 I/Gecko   (   84): 
04-24 23:05:23.784 I/Gecko   (   84): ###!!! [Parent][MessageChannel] Error: Channel error: cannot send/recv
04-24 23:05:23.784 I/Gecko   (   84): 
04-24 23:05:23.884 I/Gecko   (   84): [Parent 84] WARNING: waitpid failed pid:1497 errno:10: file ../../../gecko/ipc/chromium/src/base/process_util_posix.cc, line 254
04-24 23:05:24.104 I/Gecko   ( 1572): ###################################### forms.js loaded
04-24 23:05:24.124 I/Gecko   ( 1572): ############################### browserElementPanning.js loaded
04-24 23:05:24.144 I/Gecko   ( 1572): ######################## BrowserElementChildPreload.js loaded
04-24 23:05:25.344 I/Gecko   (   84): 1398405925355	Marionette	INFO	sendToClient: {"from":"0","ok":true}, {ba3606d3-7d52-429d-9df4-d9a8661d6fa7}, {ba3606d3-7d52-429d-9df4-d9a8661d6fa7}
04-24 23:05:25.744 I/Gecko   (   84): 1398405925752	Marionette	INFO	sendToClient: {"from":"0","value":"app://homescreen.gaiamobile.org/index.html#root"}, {65b8ba2b-774a-4c6d-9467-e9cbd54bffbb}, {65b8ba2b-774a-4c6d-9467-e9cbd54bffbb}
04-24 23:05:25.784 I/Gecko   (   84): 1398405925793	Marionette	DEBUG	Got request: switchToFrame, data: {"to":"0","sessionId":"3-b2g","name":"switchToFrame","parameters":{"id":null,"focus":true}}, id: {41cfb38f-a7c6-4ebe-bb87-ff5a09b733d3}
04-24 23:05:25.804 I/Gecko   (   84): 1398405925812	Marionette	INFO	Switched to frame: {"frameValue":null}
04-24 23:05:25.884 I/Gecko   (   84): [Parent 84] WARNING: waitpid failed pid:1497 errno:10: file ../../../gecko/ipc/chromium/src/base/process_util_posix.cc, line 254
04-24 23:05:25.884 I/Gecko   (   84): [Parent 84] WARNING: Failed to deliver SIGKILL to 1497!(3).: file ../../../gecko/ipc/chromium/src/chrome/common/process_watcher_posix_sigchld.cc, line 118
04-24 23:05:25.904 I/Gecko   (   84): 1398405925919	Marionette	INFO	sendToClient: {"from":"0","ok":true}, {41cfb38f-a7c6-4ebe-bb87-ff5a09b733d3}, {41cfb38f-a7c6-4ebe-bb87-ff5a09b733d3}
04-24 23:05:25.914 I/Gecko   (   84): 1398405925924	Marionette	DEBUG	Got request: switchToFrame, data: {"to":"0","sessionId":"3-b2g","name":"switchToFrame","parameters":{"id":null,"focus":true}}, id: {4da63d65-2675-42df-b69f-5a7b936b4394}
04-24 23:05:25.914 I/Gecko   (   84): 1398405925926	Marionette	INFO	Switched to frame: {"frameValue":null}
04-24 23:05:26.014 I/Gecko   (   84): 1398405926028	Marionette	INFO	sendToClient: {"from":"0","ok":true}, {4da63d65-2675-42df-b69f-5a7b936b4394}, {4da63d65-2675-42df-b69f-5a7b936b4394}
04-24 23:05:26.024 I/Gecko   (   84): 1398405926034	Marionette	DEBUG	Got request: executeWithCallback, data: {"to":"0","sessionId":"3-b2g","name":"executeAsyncScript","parameters":{"specialPowers":false,"scriptTimeout":null,"newSandbox":true,"args":[],"filename":"gaia_test.py","script":"GaiaApps.killAll()","line":91}}, id: {482556b9-f93b-4da0-bc48-b953beaf8fb2}
04-24 23:05:26.094 I/Gecko   (   84): 1398405926102	Marionette	INFO	sendToClient: {"from":"0","value":true}, {482556b9-f93b-4da0-bc48-b953beaf8fb2}, {482556b9-f93b-4da0-bc48-b953beaf8fb2}
04-24 23:05:26.114 I/Gecko   (   84): 1398405926129	Marionette	DEBUG	Got request: switchToFrame, data: {"to":"0","sessionId":"3-b2g","name":"switchToFrame","parameters":{"id":null,"focus":true}}, id: {2b8858fa-4809-4dee-b44e-c480a0064674}
04-24 23:05:26.124 I/Gecko   (   84): 1398405926131	Marionette	INFO	Switched to frame: {"frameValue":null}
04-24 23:05:26.234 I/Gecko   (   84): 1398405926242	Marionette	INFO	sendToClient: {"from":"0","ok":true}, {2b8858fa-4809-4dee-b44e-c480a0064674}, {2b8858fa-4809-4dee-b44e-c480a0064674}
04-24 23:05:26.234 I/Gecko   (   84): 1398405926248	Marionette	DEBUG	Got request: executeWithCallback, data: {"to":"0","sessionId":"3-b2g","name":"executeAsyncScript","parameters":{"specialPowers":false,"scriptTimeout":60000,"newSandbox":true,"args":[],"filename":"app_checker.py","script":"\n        GaiaApps.locateWithManifestURL('http://divelapps.appspot.com/socialshare.webapp',\n                                       null,\n                                       function uninstall(app) {\n                                       navigator.mozApps.mgmt.uninstall(app);\n                                       marionetteScriptFinished(true);\n                                       });\n        ","line":129}}, id: {fe13f161-90f7-482e-94f5-d5c0880a54f5}
04-24 23:05:26.284 I/Gecko   (   84): -- webapps.js uninstall http://divelapps.appspot.com/socialshare.webapp
04-24 23:05:26.794 I/Gecko   (   84): 1398405926800	Marionette	INFO	sendToClient: {"from":"0","value":true}, {fe13f161-90f7-482e-94f5-d5c0880a54f5}, {fe13f161-90f7-482e-94f5-d5c0880a54f5}
04-24 23:05:27.284 I/GeckoDump(   84): XXX FIXME : Got a mozContentEvent: inputmethod-update-layouts
04-24 23:05:27.484 W/WifiHW  (   84): wifi_command: SIGNAL_POLL