--------- beginning of /dev/log/main
04-25 05:02:01.977 I/Gecko   (   84): 1398427321988	Marionette	INFO	sendToClient: {"from":"0","ok":true}, {80862055-45b8-49da-9d21-bfc4a7f6170a}, {80862055-45b8-49da-9d21-bfc4a7f6170a}
04-25 05:02:02.077 I/Gecko   (   84): 1398427322085	Marionette	DEBUG	Got request: switchToFrame, data: {"to":"0","sessionId":"3-b2g","name":"switchToFrame","parameters":{"id":null,"focus":true}}, id: {0bffe39e-4712-4752-b56e-1136227c46e8}
04-25 05:02:02.077 I/Gecko   (   84): 1398427322090	Marionette	INFO	Switched to frame: {"frameValue":null}
04-25 05:02:02.137 V/AudioPolicyManagerBase(   89): startOutput() output 1, stream 1, session 11
04-25 05:02:02.137 V/AudioPolicyManagerBase(   89): changeRefCount() stream 1, count 1
04-25 05:02:02.137 V/AudioPolicyManagerBase(   89): getDeviceForStrategy() from cache strategy 0, device 2
04-25 05:02:02.137 V/AudioPolicyManagerBase(   89): getNewDevice() selected device 2
04-25 05:02:02.137 D/AudioPolicyManagerBase(   89): setOutputDevice() output 1 device 2 delayMs 0
04-25 05:02:02.137 V/AudioPolicyManagerBase(   89): setOutputDevice() setting same device 2 or null device for output 1
04-25 05:02:02.137 E/AudioPolicyManagerBase(   89): checkAndSetVolume stream=1, index=0, output=1, device=2
04-25 05:02:02.137 E/AudioPolicyManagerBase(   89): computeVolume, streamDesc=0x9e8bb8
04-25 05:02:02.167 I/Gonk    (   84): Setting nice for pid 2124 to 18
04-25 05:02:02.167 I/Gonk    (   84): Changed nice for pid 2124 from 0 to 18.
04-25 05:02:02.177 I/Gecko   (   84): 1398427322194	Marionette	INFO	sendToClient: {"from":"0","ok":true}, {0bffe39e-4712-4752-b56e-1136227c46e8}, {0bffe39e-4712-4752-b56e-1136227c46e8}
04-25 05:02:02.197 I/Gecko   (   84): 1398427322209	Marionette	DEBUG	Got request: executeWithCallback, data: {"to":"0","sessionId":"3-b2g","name":"executeAsyncScript","parameters":{"specialPowers":false,"scriptTimeout":null,"newSandbox":true,"args":[],"filename":"gaia_test.py","script":"return GaiaApps.displayedApp();","line":66}}, id: {3bce9650-317e-4790-9150-91c5546fd413}
04-25 05:02:02.227 W/AudioFlinger(   89): Thread AudioOut_1 cannot connect to the power manager service
04-25 05:02:02.237 V/AudioPolicyManagerBase(   89): stopOutput() output 1, stream 1, session 11
04-25 05:02:02.237 V/AudioPolicyManagerBase(   89): changeRefCount() stream 1, count 0
04-25 05:02:02.237 V/AudioPolicyManagerBase(   89): getNewDevice() selected device 0
04-25 05:02:02.237 D/AudioPolicyManagerBase(   89): setOutputDevice() output 1 device 0 delayMs 290
04-25 05:02:02.237 V/AudioPolicyManagerBase(   89): setOutputDevice() setting same device 0 or null device for output 1
04-25 05:02:02.247 V/AudioPolicyManagerBase(   89): startOutput() output 1, stream 1, session 11
04-25 05:02:02.247 V/AudioPolicyManagerBase(   89): changeRefCount() stream 1, count 1
04-25 05:02:02.247 V/AudioPolicyManagerBase(   89): getDeviceForStrategy() from cache strategy 0, device 2
04-25 05:02:02.247 V/AudioPolicyManagerBase(   89): getNewDevice() selected device 2
04-25 05:02:02.247 D/AudioPolicyManagerBase(   89): setOutputDevice() output 1 device 2 delayMs 0
04-25 05:02:02.247 V/AudioPolicyManagerBase(   89): setOutputDevice() setting same device 2 or null device for output 1
04-25 05:02:02.247 E/AudioPolicyManagerBase(   89): checkAndSetVolume stream=1, index=0, output=1, device=2
04-25 05:02:02.247 E/AudioPolicyManagerBase(   89): computeVolume, streamDesc=0x9e8bb8
04-25 05:02:02.247 V/AudioPolicyManagerBase(   89): stopOutput() output 1, stream 1, session 11
04-25 05:02:02.247 V/AudioPolicyManagerBase(   89): changeRefCount() stream 1, count 0
04-25 05:02:02.247 V/AudioPolicyManagerBase(   89): getNewDevice() selected device 0
04-25 05:02:02.247 D/AudioPolicyManagerBase(   89): setOutputDevice() output 1 device 0 delayMs 290
04-25 05:02:02.247 V/AudioPolicyManagerBase(   89): setOutputDevice() setting same device 0 or null device for output 1
04-25 05:02:02.257 V/AudioPolicyManagerBase(   89): releaseOutput() 1
04-25 05:02:02.307 I/Gecko   (   84): 1398427322319	Marionette	INFO	sendToClient: {"from":"0","value":{"frame":{"ELEMENT":"{13d1f3aa-e37e-4986-8216-6dfa4ef9addc}"},"src":"app://homescreen.gaiamobile.org/index.html#root","name":"Homescreen","origin":"app://homescreen.gaiamobile.org"}}, {3bce9650-317e-4790-9150-91c5546fd413}, {3bce9650-317e-4790-9150-91c5546fd413}
04-25 05:02:02.317 E/GeckoConsole(   84): Content JS LOG at dummy file:392 in GaiaApps.displayedApp: app with origin 'app://homescreen.gaiamobile.org' is displayed
04-25 05:02:02.317 I/Gecko   (   84): 1398427322331	Marionette	DEBUG	Got request: switchToFrame, data: {"to":"0","sessionId":"3-b2g","name":"switchToFrame","parameters":{"id":null,"focus":true}}, id: {9e354a34-459f-43b2-8635-ddbadff251b4}
04-25 05:02:02.317 I/Gecko   (   84): 1398427322333	Marionette	INFO	Switched to frame: {"frameValue":null}
04-25 05:02:02.427 I/Gecko   (   84): 1398427322436	Marionette	INFO	sendToClient: {"from":"0","ok":true}, {9e354a34-459f-43b2-8635-ddbadff251b4}, {9e354a34-459f-43b2-8635-ddbadff251b4}
04-25 05:02:02.437 I/Gecko   (   84): 1398427322453	Marionette	DEBUG	Got request: switchToFrame, data: {"to":"0","sessionId":"3-b2g","name":"switchToFrame","parameters":{"id":null,"focus":true}}, id: {8bba7d6a-a1e9-4152-9be9-f1899a8fb02e}
04-25 05:02:02.457 I/Gecko   (   84): 1398427322465	Marionette	INFO	Switched to frame: {"frameValue":null}
04-25 05:02:02.467 E/GeckoConsole( 2096): Content JS ERROR at app://homescreen.gaiamobile.org/gaia_build_defer_index.js:390 in loadSVConfFileError: Failed parsing singleVariant configuration file [js/singlevariantconf.json]:  [Exception... "File error: Not found"  nsresult: "0x80520012 (NS_ERROR_FILE_NOT_FOUND)"  location: "JS frame :: app://homescreen.gaiamobile.org/gaia_build_defer_index.js :: loadFile :: line 382"  data: no]
04-25 05:02:02.557 I/Gecko   (   84): 1398427322568	Marionette	INFO	sendToClient: {"from":"0","ok":true}, {8bba7d6a-a1e9-4152-9be9-f1899a8fb02e}, {8bba7d6a-a1e9-4152-9be9-f1899a8fb02e}
04-25 05:02:02.567 I/Gecko   (   84): 1398427322575	Marionette	DEBUG	Got request: executeWithCallback, data: {"to":"0","sessionId":"3-b2g","name":"executeAsyncScript","parameters":{"specialPowers":false,"scriptTimeout":null,"newSandbox":true,"args":[],"filename":"gaia_test.py","script":"return GaiaApps.displayedApp();","line":66}}, id: {523df08a-64ac-462d-a56d-35e16bb2cbe7}
04-25 05:02:02.617 I/Gecko   (   84): 1398427322632	Marionette	INFO	sendToClient: {"from":"0","value":{"frame":{"ELEMENT":"{13d1f3aa-e37e-4986-8216-6dfa4ef9addc}"},"src":"app://homescreen.gaiamobile.org/index.html#root","name":"Homescreen","origin":"app://homescreen.gaiamobile.org"}}, {523df08a-64ac-462d-a56d-35e16bb2cbe7}, {523df08a-64ac-462d-a56d-35e16bb2cbe7}
04-25 05:02:02.627 E/GeckoConsole(   84): Content JS LOG at dummy file:392 in GaiaApps.displayedApp: app with origin 'app://homescreen.gaiamobile.org' is displayed
04-25 05:02:02.627 I/Gecko   (   84): 1398427322639	Marionette	DEBUG	Got request: switchToFrame, data: {"to":"0","sessionId":"3-b2g","name":"switchToFrame","parameters":{"focus":true,"element":"{13d1f3aa-e37e-4986-8216-6dfa4ef9addc}"}}, id: {0f947be1-a093-4cc8-907a-91fe1c1ff22b}
04-25 05:02:02.657 I/Gecko   (   84): 1398427322668	Marionette	INFO	Switched to frame: {"frameValue":"{13d1f3aa-e37e-4986-8216-6dfa4ef9addc}"}
04-25 05:02:02.667 I/Gecko   (   84): 1398427322678	Marionette	INFO	trying remote frame 0
04-25 05:02:02.667 I/Gecko   (   84): 1398427322679	Marionette	INFO	trying remote frame 1
04-25 05:02:02.667 I/Gecko   (   84): 1398427322680	Marionette	INFO	trying remote frame 2
04-25 05:02:02.667 I/Gecko   (   84): 1398427322681	Marionette	INFO	trying remote frame 3
04-25 05:02:02.667 I/Gecko   (   84): 1398427322681	Marionette	INFO	deleting frame
04-25 05:02:02.687 I/Gecko   (   84): 1398427322700	Marionette	INFO	frame-manager load script: [object ChromeMessageSender]
04-25 05:02:02.967 I/Gecko   (   84): 1398427322976	Marionette	INFO	sendToClient: {"from":"0","ok":true}, {0f947be1-a093-4cc8-907a-91fe1c1ff22b}, {0f947be1-a093-4cc8-907a-91fe1c1ff22b}
04-25 05:02:03.157 I/Gecko   (   84): 1398427323168	Marionette	INFO	sendToClient: {"from":"0","value":{"ELEMENT":"{a861aba5-3ea6-453b-8baf-586d4e19edac}"}}, {47de988e-e306-4f5d-a8dd-975fff6b28bd}, {47de988e-e306-4f5d-a8dd-975fff6b28bd}
04-25 05:02:03.427 E/GeckoConsole( 2096): [JavaScript Warning: "Use of getAttributeNode() is deprecated. Use getAttribute() instead." {file: "chrome://marionette/content/atoms.js" line: 25}]
04-25 05:02:03.427 E/GeckoConsole( 2096): [JavaScript Warning: "Use of attributes' specified attribute is deprecated. It always returns true." {file: "chrome://marionette/content/atoms.js" line: 25}]
04-25 05:02:03.427 I/Gecko   (   84): 1398427323441	Marionette	INFO	sendToClient: {"from":"0","value":"normal"}, {c0d0ee6a-6f3f-4e92-8013-8313ba6fd2b0}, {c0d0ee6a-6f3f-4e92-8013-8313ba6fd2b0}
04-25 05:02:03.437 I/Gecko   (   84): 1398427323447	Marionette	DEBUG	Got request: switchToFrame, data: {"to":"0","sessionId":"3-b2g","name":"switchToFrame","parameters":{"id":null,"focus":true}}, id: {59cb5489-11f8-4762-b803-35c28f77e59b}
04-25 05:02:03.447 I/Gecko   (   84): 1398427323462	Marionette	INFO	Switched to frame: {"frameValue":null}
04-25 05:02:03.557 I/Gecko   (   84): 1398427323565	Marionette	INFO	sendToClient: {"from":"0","ok":true}, {59cb5489-11f8-4762-b803-35c28f77e59b}, {59cb5489-11f8-4762-b803-35c28f77e59b}
04-25 05:02:03.567 I/Gecko   (   84): 1398427323582	Marionette	DEBUG	Got request: execute, data: {"to":"0","sessionId":"3-b2g","name":"executeScript","parameters":{"specialPowers":false,"scriptTimeout":null,"newSandbox":true,"args":[],"filename":"gaia_test.py","script":"window.wrappedJSObject.dispatchEvent(new Event('home'));","line":788}}, id: {4cf84026-0106-49fe-9c63-7cb06a9ef6f6}
04-25 05:02:03.617 I/Gecko   (   84): 1398427323630	Marionette	INFO	sendToClient: {"from":"0","value":null}, {4cf84026-0106-49fe-9c63-7cb06a9ef6f6}, {4cf84026-0106-49fe-9c63-7cb06a9ef6f6}
04-25 05:02:03.627 I/Gecko   (   84): 1398427323639	Marionette	DEBUG	Got request: switchToFrame, data: {"to":"0","sessionId":"3-b2g","name":"switchToFrame","parameters":{"id":null,"focus":true}}, id: {552a8928-3682-45ca-bf39-b0737513857d}
04-25 05:02:03.627 I/Gecko   (   84): 1398427323643	Marionette	INFO	Switched to frame: {"frameValue":null}
04-25 05:02:03.747 I/Gecko   (   84): 1398427323756	Marionette	INFO	sendToClient: {"from":"0","ok":true}, {552a8928-3682-45ca-bf39-b0737513857d}, {552a8928-3682-45ca-bf39-b0737513857d}
04-25 05:02:03.757 I/Gecko   (   84): 1398427323769	Marionette	DEBUG	Got request: switchToFrame, data: {"to":"0","sessionId":"3-b2g","name":"switchToFrame","parameters":{"id":null,"focus":true}}, id: {5189de07-0fda-4358-9e95-fe429a45c96f}
04-25 05:02:03.757 I/Gecko   (   84): 1398427323773	Marionette	INFO	Switched to frame: {"frameValue":null}
04-25 05:02:03.867 I/Gecko   (   84): 1398427323876	Marionette	INFO	sendToClient: {"from":"0","ok":true}, {5189de07-0fda-4358-9e95-fe429a45c96f}, {5189de07-0fda-4358-9e95-fe429a45c96f}
04-25 05:02:03.887 I/Gecko   (   84): 1398427323901	Marionette	DEBUG	Got request: executeWithCallback, data: {"to":"0","sessionId":"3-b2g","name":"executeAsyncScript","parameters":{"specialPowers":false,"scriptTimeout":null,"newSandbox":true,"args":[],"filename":"gaia_test.py","script":"return GaiaApps.displayedApp();","line":66}}, id: {703e8a74-c30b-49cf-b9e2-23eb897741df}
04-25 05:02:03.937 I/Gecko   (   84): 1398427323952	Marionette	INFO	sendToClient: {"from":"0","value":{"frame":{"ELEMENT":"{13d1f3aa-e37e-4986-8216-6dfa4ef9addc}"},"src":"app://homescreen.gaiamobile.org/index.html#rootFri%20Apr%2025%202014%2005:02:03%20GMT-0700%20(UTC)","name":"Homescreen","origin":"app://homescreen.gaiamobile.org"}}, {703e8a74-c30b-49cf-b9e2-23eb897741df}, {703e8a74-c30b-49cf-b9e2-23eb897741df}
04-25 05:02:03.967 E/GeckoConsole(   84): Content JS LOG at dummy file:392 in GaiaApps.displayedApp: app with origin 'app://homescreen.gaiamobile.org' is displayed
04-25 05:02:03.977 I/Gecko   (   84): 1398427323992	Marionette	DEBUG	Got request: switchToFrame, data: {"to":"0","sessionId":"3-b2g","name":"switchToFrame","parameters":{"focus":true,"element":"{13d1f3aa-e37e-4986-8216-6dfa4ef9addc}"}}, id: {e0ab6a70-521a-410e-b29c-80290f540cfd}
04-25 05:02:03.987 I/Gecko   (   84): 1398427323998	Marionette	INFO	Switched to frame: {"frameValue":"{13d1f3aa-e37e-4986-8216-6dfa4ef9addc}"}
04-25 05:02:03.997 I/Gecko   (   84): 1398427324006	Marionette	INFO	trying remote frame 0
04-25 05:02:03.997 I/Gecko   (   84): 1398427324007	Marionette	INFO	trying remote frame 1
04-25 05:02:03.997 I/Gecko   (   84): 1398427324007	Marionette	INFO	trying remote frame 2
04-25 05:02:03.997 I/Gecko   (   84): 1398427324008	Marionette	INFO	trying remote frame 3
04-25 05:02:04.227 I/Gecko   (   84): 1398427324243	Marionette	INFO	sendToClient: {"from":"0","ok":true}, {e0ab6a70-521a-410e-b29c-80290f540cfd}, {e0ab6a70-521a-410e-b29c-80290f540cfd}
04-25 05:02:04.237 I/Gecko   (   84): 1398427324251	Marionette	DEBUG	Got request: execute, data: {"to":"0","sessionId":"3-b2g","name":"executeScript","parameters":{"specialPowers":false,"scriptTimeout":null,"newSandbox":true,"args":[],"filename":"gaia_test.py","script":"return window.wrappedJSObject.GridManager.pageHelper.getCurrentPageNumber();","line":784}}, id: {05b854a3-b65d-43ca-a12b-363644a61b0e}
04-25 05:02:04.587 I/Gecko   (   84): 1398427324596	Marionette	INFO	sendToClient: {"from":"0","value":0}, {05b854a3-b65d-43ca-a12b-363644a61b0e}, {05b854a3-b65d-43ca-a12b-363644a61b0e}
04-25 05:02:04.827 I/Gecko   (   84): 1398427324836	Marionette	INFO	sendToClient: {"from":"0","value":["{efdca37e-58e5-4b43-962f-b77eea89c46e}","{99c69309-e90e-40b5-8fcc-a56dbe1af856}","{70f2240b-d84e-41d7-bb00-5cc39bf8cb71}","{98575871-7e50-47af-b379-df053caae8a2}","{2cb2bb89-a59b-4b45-b1eb-4265b51f04d5}","{186af972-5c3f-4b6c-bb28-787d21f379c6}","{09f16663-1717-4735-abff-ab0a0307e366}","{425fd391-ea35-401d-a38f-fb4fcd98a3e5}","{722798ec-5a18-4e62-a729-1849f1f03a1f}","{4194b880-d064-4879-b33d-f1074bf7bc31}","{c96318e5-275d-4bad-a4ce-b8f160e54b72}","{7d9f2bab-5b36-42c9-8e5b-8f4b26cfad9b}","{09f32985-6050-4f9f-9b3c-60c9326c5780}","{a5060f61-18c5-4147-a96b-c86699ae0a13}","{e8e5fc79-2248-42ad-a371-1fd01b0acd2e}","{6c8ee96d-87a1-48bd-996b-19c31343340f}","{69ee4e75-2603-4ffc-a313-8c189d181d3d}","{30e7dfb9-fd07-4c73-bdf7-50508c064743}","{9b5ba271-d580-415a-9ac8-60783cea899f}","{c4819087-ba54-4fe9-bcab-fe75c041eae6}","{d2977a13-fbbb-4a30-872b-4964dd2689ef}","{84b4d995-6191-4093-b71c-1f9ef0f97c79}","{c5f33559-e618-4b15-b2dd-31daef201e0c}","{5b29ee4b-1929
04-25 05:02:06.217 E/GeckoConsole( 2096): Content JS WARN at app://homescreen.gaiamobile.org/gaia_build_defer_index.js:184 in isHiddenApp: Unexpected role when checking hidden app: undefined
04-25 05:02:06.217 E/GeckoConsole( 2096): Content JS WARN at app://homescreen.gaiamobile.org/gaia_build_defer_index.js:184 in isHiddenApp: Unexpected role when checking hidden app: undefined
04-25 05:02:06.227 E/GeckoConsole( 2096): Content JS WARN at app://homescreen.gaiamobile.org/gaia_build_defer_index.js:184 in isHiddenApp: Unexpected role when checking hidden app: undefined
04-25 05:02:06.227 E/GeckoConsole( 2096): Content JS WARN at app://homescreen.gaiamobile.org/gaia_build_defer_index.js:184 in isHiddenApp: Unexpected role when checking hidden app: undefined
04-25 05:02:06.227 E/GeckoConsole( 2096): Content JS WARN at app://homescreen.gaiamobile.org/gaia_build_defer_index.js:184 in isHiddenApp: Unexpected role when checking hidden app: undefined
04-25 05:02:06.227 E/GeckoConsole( 2096): Content JS WARN at app://homescreen.gaiamobile.org/gaia_build_defer_index.js:184 in isHiddenApp: Unexpected role when checking hidden app: undefined
04-25 05:02:06.227 E/GeckoConsole( 2096): Content JS WARN at app://homescreen.gaiamobile.org/gaia_build_defer_index.js:184 in isHiddenApp: Unexpected role when checking hidden app: undefined
04-25 05:02:06.227 E/GeckoConsole( 2096): Content JS WARN at app://homescreen.gaiamobile.org/gaia_build_defer_index.js:184 in isHiddenApp: Unexpected role when checking hidden app: undefined
04-25 05:02:06.227 E/GeckoConsole( 2096): Content JS WARN at app://homescreen.gaiamobile.org/gaia_build_defer_index.js:184 in isHiddenApp: Unexpected role when checking hidden app: undefined
04-25 05:02:06.227 E/GeckoConsole( 2096): Content JS WARN at app://homescreen.gaiamobile.org/gaia_build_defer_index.js:184 in isHiddenApp: Unexpected role when checking hidden app: undefined
04-25 05:02:06.227 E/GeckoConsole( 2096): Content JS WARN at app://homescreen.gaiamobile.org/gaia_build_defer_index.js:184 in isHiddenApp: Unexpected role when checking hidden app: undefined
04-25 05:02:06.227 E/GeckoConsole( 2096): Content JS WARN at app://homescreen.gaiamobile.org/gaia_build_defer_index.js:184 in isHiddenApp: Unexpected role when checking hidden app: undefined
04-25 05:02:06.227 E/GeckoConsole( 2096): Content JS WARN at app://homescreen.gaiamobile.org/gaia_build_defer_index.js:184 in isHiddenApp: Unexpected role when checking hidden app: undefined
04-25 05:02:06.227 E/GeckoConsole( 2096): Content JS WARN at app://homescreen.gaiamobile.org/gaia_build_defer_index.js:184 in isHiddenApp: Unexpected role when checking hidden app: undefined
04-25 05:02:06.227 E/GeckoConsole( 2096): Content JS WARN at app://homescreen.gaiamobile.org/gaia_build_defer_index.js:184 in isHiddenApp: Unexpected role when checking hidden app: undefined
04-25 05:02:06.227 E/GeckoConsole( 2096): Content JS WARN at app://homescreen.gaiamobile.org/gaia_build_defer_index.js:184 in isHiddenApp: Unexpected role when checking hidden app: undefined
04-25 05:02:06.237 E/GeckoConsole( 2096): Content JS WARN at app://homescreen.gaiamobile.org/gaia_build_defer_index.js:184 in isHiddenApp: Unexpected role when checking hidden app: undefined
04-25 05:02:06.237 E/GeckoConsole( 2096): Content JS WARN at app://homescreen.gaiamobile.org/gaia_build_defer_index.js:184 in isHiddenApp: Unexpected role when checking hidden app: undefined
04-25 05:02:06.237 E/GeckoConsole( 2096): Content JS WARN at app://homescreen.gaiamobile.org/gaia_build_defer_index.js:184 in isHiddenApp: Unexpected role when checking hidden app: undefined
04-25 05:02:06.237 E/GeckoConsole( 2096): Content JS WARN at app://homescreen.gaiamobile.org/gaia_build_defer_index.js:184 in isHiddenApp: Unexpected role when checking hidden app: undefined
04-25 05:02:06.237 E/GeckoConsole( 2096): Content JS WARN at app://homescreen.gaiamobile.org/gaia_build_defer_index.js:184 in isHiddenApp: Unexpected role when checking hidden app: undefined
04-25 05:02:06.237 E/GeckoConsole( 2096): Content JS WARN at app://homescreen.gaiamobile.org/gaia_build_defer_index.js:184 in isHiddenApp: Unexpected role when checking hidden app: undefined
04-25 05:02:06.237 E/GeckoConsole( 2096): Content JS WARN at app://homescreen.gaiamobile.org/gaia_build_defer_index.js:184 in isHiddenApp: Unexpected role when checking hidden app: undefined
04-25 05:02:06.237 E/GeckoConsole( 2096): Content JS WARN at app://homescreen.gaiamobile.org/gaia_build_defer_index.js:184 in isHiddenApp: Unexpected role when checking hidden app: undefined
04-25 05:02:06.987 I/Gecko   (   84): 1398427326996	Marionette	INFO	sendToClient: {"from":"0","value":"app://homescreen.gaiamobile.org/index.html#rootFri%20Apr%2025%202014%2005:02:03%20GMT-0700%20(UTC)"}, {a714c97f-0f72-4c72-a556-324c03349b28}, {a714c97f-0f72-4c72-a556-324c03349b28}
04-25 05:02:07.027 W/WifiHW  (   84): wifi_command: SIGNAL_POLL
04-25 05:02:07.077 I/Gecko   (   84): 1398427327088	Marionette	DEBUG	Got request: switchToFrame, data: {"to":"0","sessionId":"3-b2g","name":"switchToFrame","parameters":{"id":null,"focus":true}}, id: {ca868143-6635-48bb-9e74-45694ae782df}
04-25 05:02:07.237 I/Gecko   (   84): 1398427327248	Marionette	INFO	Switched to frame: {"frameValue":null}
04-25 05:02:07.367 I/Gecko   (   84): 1398427327379	Marionette	INFO	sendToClient: {"from":"0","ok":true}, {ca868143-6635-48bb-9e74-45694ae782df}, {ca868143-6635-48bb-9e74-45694ae782df}
04-25 05:02:07.377 I/Gecko   (   84): 1398427327387	Marionette	DEBUG	Got request: switchToFrame, data: {"to":"0","sessionId":"3-b2g","name":"switchToFrame","parameters":{"id":null,"focus":true}}, id: {0030bbf5-d32e-490c-9b43-adf3f97edebc}
04-25 05:02:07.377 I/Gecko   (   84): 1398427327390	Marionette	INFO	Switched to frame: {"frameValue":null}
04-25 05:02:07.487 I/Gecko   (   84): 1398427327499	Marionette	INFO	sendToClient: {"from":"0","ok":true}, {0030bbf5-d32e-490c-9b43-adf3f97edebc}, {0030bbf5-d32e-490c-9b43-adf3f97edebc}
04-25 05:02:07.497 I/Gecko   (   84): 1398427327506	Marionette	DEBUG	Got request: executeWithCallback, data: {"to":"0","sessionId":"3-b2g","name":"executeAsyncScript","parameters":{"specialPowers":false,"scriptTimeout":30000,"newSandbox":true,"args":[],"filename":"app_checker.py","script":"GaiaApps.launchWithManifestURL('http://k5e.github.io/spclock/app/manifest.webapp')","line":106}}, id: {d84789f4-8396-4eea-9502-c24c4a61f51d}
04-25 05:02:07.667 I/Gonk    (   84): Setting nice for pid 2124 to 18
04-25 05:02:07.677 I/Gonk    (   84): Changed nice for pid 2124 from 18 to 18.
04-25 05:02:07.677 I/Gecko   (   84): [Parent 84] WARNING: waitpid failed pid:2124 errno:10: file ../../../gecko/ipc/chromium/src/base/process_util_posix.cc, line 254
04-25 05:02:07.687 I/Gonk    (   84): Setting nice for pid 2124 to 1
04-25 05:02:07.687 I/Gonk    (   84): Changed nice for pid 2124 from 18 to 1.
04-25 05:02:07.757 E/GeckoConsole(   84): Content JS LOG at dummy file:334 in GaiaApps.launch: launching app with name 'SpeakerClock'
04-25 05:02:08.067 E/[Gralloc-ERROR](   84): int gralloc_register_buffer(const gralloc_module_t*, const native_handle_t*):79 Unable to register handle 0x46913100 coming from different process: 84
04-25 05:02:08.077 E/[Gralloc-ERROR](   84): int gralloc_register_buffer(const gralloc_module_t*, const native_handle_t*):79 Unable to register handle 0x469131f0 coming from different process: 84
04-25 05:02:08.137 D/Sensors (   84): activate handle=0; drv=0
04-25 05:02:08.137 D/Sensors (   84): Lis3dhSensor: Control set 1
04-25 05:02:08.147 D/Sensors (   84): Lis3dhSensor: mEnabled = 1
04-25 05:02:08.347 I/Gonk    (   84): Setting nice for pid 2096 to 18
04-25 05:02:08.347 I/Gonk    (   84): Changed nice for pid 2096 from 1 to 18.
04-25 05:02:09.797 I/Gecko   ( 2124): ###################################### forms.js loaded
04-25 05:02:09.857 I/Gecko   ( 2124): ############################### browserElementPanning.js loaded
04-25 05:02:09.897 I/Gecko   ( 2124): ######################## BrowserElementChildPreload.js loaded
04-25 05:02:09.917 I/Gonk    (   84): Setting nice for pid 2165 to 18
04-25 05:02:09.917 I/Gonk    (   84): Changed nice for pid 2165 from 0 to 18.
04-25 05:02:10.027 I/Gecko   (   84): 
04-25 05:02:10.027 I/Gecko   (   84): ###!!! [Parent][MessageChannel] Error: Channel error: cannot send/recv
04-25 05:02:10.027 I/Gecko   (   84): 
04-25 05:02:10.087 I/Gecko   (   84): [Parent 84] WARNING: waitpid failed pid:2096 errno:10: file ../../../gecko/ipc/chromium/src/base/process_util_posix.cc, line 254
04-25 05:02:10.567 E/GeckoConsole( 2124): [JavaScript Warning: "Unknown property 'user-select'.  Declaration dropped." {file: "http://k5e.github.io/spclock/app/build/enyo.css" line: 51 column: 12 source: "	user-select: none;"}]
04-25 05:02:10.587 E/GeckoConsole( 2124): [JavaScript Warning: "Unknown pseudo-class or pseudo-element 'selection'.  Ruleset ignored due to bad selector." {file: "http://k5e.github.io/spclock/app/build/enyo.css" line: 54 column: 20 source: ".enyo-unselectable::selection, .enyo-unselectable ::selection {"}]
04-25 05:02:10.587 E/GeckoConsole( 2124): [JavaScript Warning: "Unknown property 'user-select'.  Declaration dropped." {file: "http://k5e.github.io/spclock/app/build/enyo.css" line: 63 column: 12 source: "	user-select: text;"}]
04-25 05:02:10.587 E/GeckoConsole( 2124): [JavaScript Warning: "Unknown pseudo-class or pseudo-element 'selection'.  Ruleset ignored due to bad selector." {file: "http://k5e.github.io/spclock/app/build/enyo.css" line: 66 column: 18 source: ".enyo-selectable::selection, .enyo-selectable ::selection {"}]
04-25 05:02:10.587 E/GeckoConsole( 2124): [JavaScript Warning: "Unknown property 'box-sizing'.  Declaration dropped." {file: "http://k5e.github.io/spclock/app/build/enyo.css" line: 88 column: 11 source: "	box-sizing: border-box;"}]
04-25 05:02:10.587 E/GeckoConsole( 2124): [JavaScript Warning: "Unknown property 'box-sizing'.  Declaration dropped." {file: "http://k5e.github.io/spclock/app/build/enyo.css" line: 107 column: 11 source: "	box-sizing: border-box;"}]
04-25 05:02:10.597 E/GeckoConsole( 2124): [JavaScript Warning: "Unknown property 'box-sizing'.  Declaration dropped." {file: "http://k5e.github.io/spclock/app/build/app.css" line: 9 column: 11 source: "	box-sizing: border-box;"}]
04-25 05:02:10.597 E/GeckoConsole( 2124): [JavaScript Warning: "Unknown property 'box-sizing'.  Declaration dropped." {file: "http://k5e.github.io/spclock/app/build/app.css" line: 45 column: 11 source: "	box-sizing: border-box;"}]
04-25 05:02:10.597 E/GeckoConsole( 2124): [JavaScript Warning: "Unknown property 'box-sizing'.  Declaration dropped." {file: "http://k5e.github.io/spclock/app/build/app.css" line: 170 column: 11 source: "	box-sizing: border-box;"}]
04-25 05:02:10.597 E/GeckoConsole( 2124): [JavaScript Warning: "Error in parsing value for 'max-width'.  Declaration dropped." {file: "http://k5e.github.io/spclock/app/build/app.css" line: 182 column: 12 source: "	max-width: auto !important;"}]
04-25 05:02:10.597 E/GeckoConsole( 2124): [JavaScript Warning: "Error in parsing value for 'max-height'.  Declaration dropped." {file: "http://k5e.github.io/spclock/app/build/app.css" line: 184 column: 13 source: "	max-height: auto !important;"}]
04-25 05:02:10.597 E/GeckoConsole( 2124): [JavaScript Warning: "Expected 'none' or URL but found 'alpha('.  Error in parsing value for 'filter'.  Declaration dropped." {file: "http://k5e.github.io/spclock/app/build/app.css" line: 313 column: 10 source: "  filter: alpha(opacity=40);"}]
04-25 05:02:10.597 E/GeckoConsole( 2124): [JavaScript Warning: "Expected 'none' or URL but found 'alpha('.  Error in parsing value for 'filter'.  Declaration dropped." {file: "http://k5e.github.io/spclock/app/build/app.css" line: 377 column: 10 source: "  filter: alpha(opacity=40);"}]
04-25 05:02:10.597 E/GeckoConsole( 2124): [JavaScript Warning: "Expected 'none' or URL but found 'alpha('.  Error in parsing value for 'filter'.  Declaration dropped." {file: "http://k5e.github.io/spclock/app/build/app.css" line: 501 column: 10 source: "  filter: alpha(opacity=40);"}]
04-25 05:02:10.597 E/GeckoConsole( 2124): [JavaScript Warning: "Unknown property 'user-select'.  Declaration dropped." {file: "http://k5e.github.io/spclock/app/build/app.css" line: 567 column: 13 source: "  user-select: none;"}]
04-25 05:02:10.597 E/GeckoConsole( 2124): [JavaScript Warning: "Expected 'none' or URL but found 'alpha('.  Error in parsing value for 'filter'.  Declaration dropped." {file: "http://k5e.github.io/spclock/app/build/app.css" line: 569 column: 10 source: "  filter: alpha(opacity=40);"}]
04-25 05:02:10.597 E/GeckoConsole( 2124): [JavaScript Warning: "Unknown property 'box-sizing'.  Declaration dropped." {file: "http://k5e.github.io/spclock/app/build/app.css" line: 590 column: 12 source: "  box-sizing: border-box;"}]
04-25 05:02:10.607 E/GeckoConsole( 2124): [JavaScript Warning: "Expected 'none' or URL but found 'alpha('.  Error in parsing value for 'filter'.  Declaration dropped." {file: "http://k5e.github.io/spclock/app/build/app.css" line: 734 column: 10 source: "  filter: alpha(opacity=65);"}]
04-25 05:02:10.607 E/GeckoConsole( 2124): [JavaScript Warning: "Expected 'none' or URL but found 'alpha('.  Error in parsing value for 'filter'.  Declaration dropped." {file: "http://k5e.github.io/spclock/app/build/app.css" line: 790 column: 10 source: "  filter: alpha(opacity=40);"}]
04-25 05:02:10.607 E/GeckoConsole( 2124): [JavaScript Warning: "Unknown property 'box-sizing'.  Declaration dropped." {file: "http://k5e.github.io/spclock/app/build/app.css" line: 830 column: 12 source: "  box-sizing: border-box;"}]
04-25 05:02:10.607 E/GeckoConsole( 2124): [JavaScript Warning: "Unknown pseudo-class or pseudo-element '-webkit-input-placeholder'.  Ruleset ignored due to bad selector." {file: "http://k5e.github.io/spclock/app/build/app.css" line: 860 column: 55 source: ".onyx-toolbar .onyx-input-decorator .onyx-input:focus::-webkit-input-placeholder {"}]
04-25 05:02:10.607 E/GeckoConsole( 2124): [JavaScript Warning: "Error in parsing value for 'background-image'.  Declaration dropped." {file: "http://k5e.github.io/spclock/app/build/app.css" line: 939 column: 20 source: "  background-image: -webkit-gradient(linear, 0 100%, 100% 0, color-stop(0.25, rgba(255, 255, 255, 0.15)), color-stop(0.25, transparent), color-stop(0.5, transparent), color-stop(0.5, rgba(255, 255, 255, 0.15)), color-stop(0.75, rgba(255, 255, 255, 0.15)), color-stop(0.75, transparent), to(transparent));"}]
04-25 05:02:10.607 E/GeckoConsole( 2124): [JavaScript Warning: "Error in parsing value for 'background-image'.  Declaration dropped." {file: "http://k5e.github.io/spclock/app/build/app.css" line: 940 column: 20 source: "  background-image: -webkit-linear-gradient(-45deg, rgba(255, 255, 255, 0.15) 25%, transparent 25%, transparent 50%, rgba(255, 255, 255, 0.15) 50%, rgba(255, 255, 255, 0.15) 75%, transparent 75%, transparent);"}]
04-25 05:02:10.607 E/GeckoConsole( 2124): [JavaScript Warning: "Error in parsing value for 'background-image'.  Declaration dropped." {file: "http://k5e.github.io/spclock/app/build/app.css" line: 942 column: 20 source: "  background-image: -ms-linear-gradient(-45deg, rgba(255, 255, 255, 0.15) 25%, transparent 25%, transparent 50%, rgba(255, 255, 255, 0.15) 50%, rgba(255, 255, 255, 0.15) 75%, transparent 75%, transparent);"}]
04-25 05:02:10.607 E/GeckoConsole( 2124): [JavaScript Warning: "Error in parsing value for 'background-image'.  Declaration dropped." {file: "http://k5e.github.io/spclock/app/build/app.css" line: 943 column: 20 source: "  background-image: -o-linear-gradient(-45deg, rgba(255, 255, 255, 0.15) 25%, transparent 25%, transparent 50%, rgba(255, 255, 255, 0.15) 50%, rgba(255, 255, 255, 0.15) 75%, transparent 75%, transparent);"}]
04-25 05:02:10.607 E/GeckoConsole( 2124): [JavaScript Warning: "Unknown property 'box-sizing'.  Declaration dropped." {file: "http://k5e.github.io/spclock/app/build/app.css" line: 1064 column: 12 source: "  box-sizing: border-box;"}]
04-25 05:02:12.017 W/WifiHW  (   84): wifi_command: SIGNAL_POLL
04-25 05:02:12.087 I/Gecko   (   84): [Parent 84] WARNING: waitpid failed pid:2096 errno:10: file ../../../gecko/ipc/chromium/src/base/process_util_posix.cc, line 254
04-25 05:02:12.087 I/Gecko   (   84): [Parent 84] WARNING: Failed to deliver SIGKILL to 2096!(3).: file ../../../gecko/ipc/chromium/src/chrome/common/process_watcher_posix_sigchld.cc, line 118
04-25 05:02:12.297 I/Gonk    (   84): Setting nice for pid 2165 to 18
04-25 05:02:12.297 I/Gonk    (   84): Changed nice for pid 2165 from 18 to 18.
04-25 05:02:12.297 I/Gecko   (   84): [Parent 84] WARNING: waitpid failed pid:2165 errno:10: file ../../../gecko/ipc/chromium/src/base/process_util_posix.cc, line 254
04-25 05:02:12.297 I/Gonk    (   84): Setting nice for pid 2165 to 1
04-25 05:02:12.297 I/Gonk    (   84): Changed nice for pid 2165 from 18 to 1.
04-25 05:02:12.317 I/Gonk    (   84): Setting nice for pid 2165 to 18
04-25 05:02:12.317 I/Gonk    (   84): Changed nice for pid 2165 from 1 to 18.
04-25 05:02:12.517 E/[Gralloc-ERROR](   84): int gralloc_unregister_buffer(const gralloc_module_t*, const native_handle_t*):274 Trying to unregister buffer 0x46913100 from process 84 that was not created in current process: 84
04-25 05:02:12.527 E/GeckoConsole(   84): Content JS LOG at dummy file:326 in GaiaApps.launch/appOpen/<: app with origin 'http://k5e.github.io' has launched
04-25 05:02:12.527 I/Gecko   (   84): 1398427332537	Marionette	INFO	sendToClient: {"from":"0","value":{"frame":{"ELEMENT":"{a54e5d3a-7109-4a1c-8a79-9d2485a7c51f}"},"src":"http://k5e.github.io/spclock/app/index.html","name":"SpeakerClock","origin":"http://k5e.github.io"}}, {d84789f4-8396-4eea-9502-c24c4a61f51d}, {d84789f4-8396-4eea-9502-c24c4a61f51d}
04-25 05:02:12.767 E/[Gralloc-ERROR](   84): int gralloc_unregister_buffer(const gralloc_module_t*, const native_handle_t*):274 Trying to unregister buffer 0x469131f0 from process 84 that was not created in current process: 84
04-25 05:02:12.767 E/GeckoConsole(   84): Offline cache doesn't need to update, URL=http://k5e.github.io/spclock/app/manifest.appcache
04-25 05:02:12.827 I/Gecko   (   84): 1398427332839	Marionette	DEBUG	Got request: switchToFrame, data: {"to":"0","sessionId":"3-b2g","name":"switchToFrame","parameters":{"focus":true,"element":"{a54e5d3a-7109-4a1c-8a79-9d2485a7c51f}"}}, id: {589011a0-b185-42e1-a222-33e413ca7d53}
04-25 05:02:12.837 I/Gecko   (   84): 1398427332851	Marionette	INFO	Switched to frame: {"frameValue":"{a54e5d3a-7109-4a1c-8a79-9d2485a7c51f}"}
04-25 05:02:12.847 I/Gecko   (   84): 1398427332855	Marionette	INFO	trying remote frame 0
04-25 05:02:12.847 I/Gecko   (   84): 1398427332857	Marionette	INFO	trying remote frame 1
04-25 05:02:12.847 I/Gecko   (   84): 1398427332859	Marionette	INFO	trying remote frame 2
04-25 05:02:12.847 I/Gecko   (   84): 1398427332860	Marionette	INFO	trying remote frame 3
04-25 05:02:12.847 I/Gecko   (   84): 1398427332863	Marionette	INFO	deleting frame
04-25 05:02:12.857 I/Gecko   (   84): 1398427332870	Marionette	INFO	frame-manager load script: [object ChromeMessageSender]
04-25 05:02:13.377 I/Gecko   (   84): 1398427333387	Marionette	INFO	sendToClient: {"from":"0","ok":true}, {589011a0-b185-42e1-a222-33e413ca7d53}, {589011a0-b185-42e1-a222-33e413ca7d53}
04-25 05:02:13.397 I/Gecko   (   84): 1398427333414	Marionette	INFO	sendToClient: {"from":"0","value":"http://k5e.github.io/spclock/app/index.html"}, {59c7ece7-32c2-4b87-89f4-b772ce7c3b72}, {59c7ece7-32c2-4b87-89f4-b772ce7c3b72}
04-25 05:02:13.407 I/Gecko   (   84): 1398427333420	Marionette	DEBUG	Got request: execute, data: {"to":"0","sessionId":"3-b2g","name":"executeScript","parameters":{"specialPowers":false,"scriptTimeout":null,"newSandbox":true,"args":[],"filename":"app_checker.py","script":"return window.document.readyState;","line":191}}, id: {a2046e86-4882-4c20-8f37-3dde71952c1d}
04-25 05:02:13.457 I/Gecko   (   84): 1398427333471	Marionette	INFO	sendToClient: {"from":"0","value":"complete"}, {a2046e86-4882-4c20-8f37-3dde71952c1d}, {a2046e86-4882-4c20-8f37-3dde71952c1d}
04-25 05:02:13.467 I/Gecko   (   84): 1398427333479	Marionette	INFO	sendToClient: {"from":"0","value":"http://k5e.github.io/spclock/app/index.html"}, {2925ce6a-c820-423c-b8ad-671f468e28e4}, {2925ce6a-c820-423c-b8ad-671f468e28e4}
04-25 05:02:13.477 I/Gecko   ( 2124): Attempting load of libEGL.so
04-25 05:02:13.517 D/libEGL  ( 2124): loaded /system/lib/egl/libEGL_mali.so
04-25 05:02:13.537 D/libEGL  ( 2124): loaded /system/lib/egl/libGLESv1_CM_mali.so
04-25 05:02:13.537 D/libEGL  ( 2124): loaded /system/lib/egl/libGLESv2_mali.so
04-25 05:02:13.617 I/Gecko   ( 2124): SharedSurface_Gralloc::Create -------
04-25 05:02:13.637 I/Gecko   ( 2124): SharedSurface_Gralloc::Create: success -- surface 0x432b1500, GraphicBuffer 0x440db100.
04-25 05:02:14.287 I/log     ( 2184): <4>0[ 733.097744] select 2165 ((Preallocated a), adj 8, size 2883, to kill 
04-25 05:02:14.477 I/Gecko   (   84): 1398427334492	Marionette	INFO	sendToClient: {"from":"0","value":"iVBORw0KGgoAAAANSUhEUgAAAUAAAAHgCAYAAADUjLREAAAgAElEQVR4nO3deXgUdZoHcAIqPLMosjujEnVAGdYEcpCEEEg6SefuTkhACOGUKyEcAvPIoiKigsg5yEA4HEBkQQUEZkEgHDFcIZAQctIQLkUDZMdhGHHjuSJ89w+erk2Tq6uT8HZ1fX2ez/PMNNW/3/etrnrTXVVd3SI4OBhERHrUIjg4GH369CEi0hU2QCLSLTZAItItNkAi0i02QCLSLTZAItItNkAi0i02QCLSLTZAItItNkAislu40YjAnj3h5++vKYE9eyLcaKxRDxsgEdkl3GiEMSICY9PT8er06ZoyNj0dRqMRxnuaIBsgEdmlR2AgRo8Zg+EvvICBKSmaMvyFFzBq9Gj0CAy0qYkNkIjs4ufvr8nmV70J+vn729TEBkhEdvHz9xdvYo3FBkhEDmEDJCLdYgMkIt1y6QaYkJBARFQnV2mA1WvSfQPs27eveAZXrldv69eVsQHaqV+/fuIvVkPGjBmDGzdu4J///Kd4lqaUlJSExMTEGo/Pnj0b//M//4OCggKuX3KISzfA+Pj4Rpk0aRLy8/NRVVUFALh+/ToKCwsxY8aMRo/dHNLT0wEAN2/evG9zTp8+HZcvX0ZeXl6TjpuUlIS1a9fCYrHg559/xi+//ILLly9jy5YtGDBgAOLj4/GnP/0JAFBQUOCy65eal5+fH5IHDmwWaWPHYv6CBVj87rsYN358s83j5+dnU5PSAM1ms8OmTp2KW7duAQCKi4uRmZmJkpIS/O///i8A4P3332/U+M2h+g56v+acMmUKAODq1atNNuaAAQNw5swZpZacnBxkZ2fjv//7vwEAhw4dgtlsVhrgyZMnXXb9UvPq7ueHAcnJTWpgSgo2bd6Mqqoqxc2bN7F8xYomn2tAcjK6+/nZ1NQkDbC8vBwA8MEHH9g8np
04-25 05:02:14.527 I/Gecko   (   84): 
04-25 05:02:14.527 I/Gecko   (   84): ###!!! [Parent][MessageChannel] Error: Channel error: cannot send/recv
04-25 05:02:14.527 I/Gecko   (   84): 
04-25 05:02:14.597 I/Gecko   (   84): [Parent 84] WARNING: waitpid failed pid:2165 errno:10: file ../../../gecko/ipc/chromium/src/base/process_util_posix.cc, line 254
04-25 05:02:14.657 I/Gecko   (   84): 1398427334672	Marionette	INFO	sendToClient: {"from":"0","ok":true}, {8296754f-4b83-4d82-af21-58186b943989}, {8296754f-4b83-4d82-af21-58186b943989}
04-25 05:02:14.667 I/Gecko   (   84): 1398427334682	Marionette	DEBUG	Got request: switchToFrame, data: {"to":"0","sessionId":"3-b2g","name":"switchToFrame","parameters":{"id":null,"focus":true}}, id: {c3168c50-9876-423f-b91d-007c1b36a2ae}
04-25 05:02:14.687 I/Gecko   (   84): 1398427334696	Marionette	INFO	Switched to frame: {"frameValue":null}
04-25 05:02:14.787 I/Gecko   (   84): 1398427334798	Marionette	INFO	sendToClient: {"from":"0","ok":true}, {c3168c50-9876-423f-b91d-007c1b36a2ae}, {c3168c50-9876-423f-b91d-007c1b36a2ae}
04-25 05:02:14.787 I/Gecko   (   84): 1398427334804	Marionette	DEBUG	Got request: executeWithCallback, data: {"to":"0","sessionId":"3-b2g","name":"executeAsyncScript","parameters":{"specialPowers":false,"scriptTimeout":null,"newSandbox":true,"args":[],"filename":"gaia_test.py","script":"return GaiaApps.displayedApp();","line":66}}, id: {eefd623e-53ce-4373-80d2-3d347871b382}
04-25 05:02:14.907 I/Gecko   (   84): 1398427334917	Marionette	INFO	sendToClient: {"from":"0","value":{"frame":{"ELEMENT":"{a54e5d3a-7109-4a1c-8a79-9d2485a7c51f}"},"src":"http://k5e.github.io/spclock/app/index.html","name":"SpeakerClock","origin":"http://k5e.github.io"}}, {eefd623e-53ce-4373-80d2-3d347871b382}, {eefd623e-53ce-4373-80d2-3d347871b382}
04-25 05:02:14.907 I/Gecko   (   84): 1398427334923	Marionette	DEBUG	Got request: switchToFrame, data: {"to":"0","sessionId":"3-b2g","name":"switchToFrame","parameters":{"id":null,"focus":true}}, id: {83884b27-ea38-4585-a83d-52f264d2ddda}
04-25 05:02:14.917 E/GeckoConsole(   84): Content JS LOG at dummy file:392 in GaiaApps.displayedApp: app with origin 'http://k5e.github.io' is displayed
04-25 05:02:14.917 I/Gecko   (   84): 1398427334927	Marionette	INFO	Switched to frame: {"frameValue":null}
04-25 05:02:15.017 I/Gecko   (   84): 1398427335029	Marionette	INFO	sendToClient: {"from":"0","ok":true}, {83884b27-ea38-4585-a83d-52f264d2ddda}, {83884b27-ea38-4585-a83d-52f264d2ddda}
04-25 05:02:15.027 I/Gecko   (   84): 1398427335035	Marionette	DEBUG	Got request: execute, data: {"to":"0","sessionId":"3-b2g","name":"executeScript","parameters":{"specialPowers":false,"scriptTimeout":null,"newSandbox":true,"args":[],"filename":"gaia_test.py","script":"window.wrappedJSObject.dispatchEvent(new Event('home'));","line":788}}, id: {946713ad-6ad8-481d-8bb3-7ad92f91dfcb}
04-25 05:02:15.117 D/Sensors (   84): activate handle=0; drv=0
04-25 05:02:15.157 D/Sensors (   84): Lis3dhSensor: Control set 0
04-25 05:02:15.157 D/Sensors (   84): Lis3dhSensor: mEnabled = 0
04-25 05:02:15.467 I/Gonk    (   84): Setting nice for pid 2185 to 18
04-25 05:02:15.467 I/Gonk    (   84): Changed nice for pid 2185 from 0 to 18.
04-25 05:02:15.467 I/Gecko   (   84): 1398427335478	Marionette	INFO	sendToClient: {"from":"0","value":null}, {946713ad-6ad8-481d-8bb3-7ad92f91dfcb}, {946713ad-6ad8-481d-8bb3-7ad92f91dfcb}
04-25 05:02:15.537 E/[Gralloc-ERROR](   84): int gralloc_register_buffer(const gralloc_module_t*, const native_handle_t*):79 Unable to register handle 0x44d8c380 coming from different process: 84
04-25 05:02:15.537 E/[Gralloc-ERROR](   84): int gralloc_register_buffer(const gralloc_module_t*, const native_handle_t*):79 Unable to register handle 0x44d8c470 coming from different process: 84
04-25 05:02:15.587 I/Gonk    (   84): Setting nice for pid 2185 to 18
04-25 05:02:15.587 I/Gonk    (   84): Changed nice for pid 2185 from 18 to 18.
04-25 05:02:15.597 I/Gecko   (   84): [Parent 84] WARNING: waitpid failed pid:2185 errno:10: file ../../../gecko/ipc/chromium/src/base/process_util_posix.cc, line 254
04-25 05:02:15.597 I/Gonk    (   84): Setting nice for pid 2185 to 1
04-25 05:02:15.597 I/Gonk    (   84): Changed nice for pid 2185 from 18 to 1.
04-25 05:02:15.647 I/Gecko   (   84): 1398427335664	Marionette	DEBUG	Got request: switchToFrame, data: {"to":"0","sessionId":"3-b2g","name":"switchToFrame","parameters":{"id":null,"focus":true}}, id: {e45b1086-79a5-4604-bfb2-3f9c4ceb0209}
04-25 05:02:15.667 I/Gecko   (   84): 1398427335675	Marionette	INFO	Switched to frame: {"frameValue":null}
04-25 05:02:15.767 I/Gecko   (   84): 1398427335779	Marionette	INFO	sendToClient: {"from":"0","ok":true}, {e45b1086-79a5-4604-bfb2-3f9c4ceb0209}, {e45b1086-79a5-4604-bfb2-3f9c4ceb0209}
04-25 05:02:15.787 I/Gecko   (   84): 1398427335801	Marionette	DEBUG	Got request: executeWithCallback, data: {"to":"0","sessionId":"3-b2g","name":"executeAsyncScript","parameters":{"specialPowers":false,"scriptTimeout":null,"newSandbox":true,"args":[],"filename":"gaia_test.py","script":"return GaiaApps.displayedApp();","line":66}}, id: {021039e1-f7db-458e-8178-ca12a862a75d}
04-25 05:02:15.997 I/Gecko   (   84): 1398427336008	Marionette	INFO	sendToClient: {"from":"0","value":{"frame":{"ELEMENT":"{bd5dfb1c-36d3-4272-89ef-0bda82f5f16c}"},"src":"app://homescreen.gaiamobile.org/index.html#root","name":"Homescreen","origin":"app://homescreen.gaiamobile.org"}}, {021039e1-f7db-458e-8178-ca12a862a75d}, {021039e1-f7db-458e-8178-ca12a862a75d}
04-25 05:02:16.007 E/GeckoConsole(   84): Content JS LOG at dummy file:392 in GaiaApps.displayedApp: app with origin 'app://homescreen.gaiamobile.org' is displayed
04-25 05:02:16.057 I/Gecko   (   84): 1398427336066	Marionette	DEBUG	Got request: switchToFrame, data: {"to":"0","sessionId":"3-b2g","name":"switchToFrame","parameters":{"id":null,"focus":true}}, id: {809027c9-1481-4b55-a0ba-6d1ba442c028}
04-25 05:02:16.077 I/Gecko   (   84): 1398427336087	Marionette	INFO	Switched to frame: {"frameValue":null}
04-25 05:02:16.407 I/Gecko   (   84): 1398427336419	Marionette	INFO	sendToClient: {"from":"0","ok":true}, {809027c9-1481-4b55-a0ba-6d1ba442c028}, {809027c9-1481-4b55-a0ba-6d1ba442c028}
04-25 05:02:16.597 I/Gecko   (   84): [Parent 84] WARNING: waitpid failed pid:2165 errno:10: file ../../../gecko/ipc/chromium/src/base/process_util_posix.cc, line 254
04-25 05:02:16.597 I/Gecko   (   84): [Parent 84] WARNING: Failed to deliver SIGKILL to 2165!(3).: file ../../../gecko/ipc/chromium/src/chrome/common/process_watcher_posix_sigchld.cc, line 118
04-25 05:02:16.717 E/[Gralloc-ERROR](   84): int gralloc_unregister_buffer(const gralloc_module_t*, const native_handle_t*):274 Trying to unregister buffer 0x44d8c470 from process 84 that was not created in current process: 84
04-25 05:02:16.717 E/[Gralloc-ERROR](   84): int gralloc_unregister_buffer(const gralloc_module_t*, const native_handle_t*):274 Trying to unregister buffer 0x44d8c380 from process 84 that was not created in current process: 84
04-25 05:02:16.717 I/Gecko   (   84): 1398427336729	Marionette	DEBUG	Got request: switchToFrame, data: {"to":"0","sessionId":"3-b2g","name":"switchToFrame","parameters":{"id":null,"focus":true}}, id: {9683203f-662d-4834-bea9-35e343735041}
04-25 05:02:16.727 I/Gecko   (   84): 1398427336740	Marionette	INFO	Switched to frame: {"frameValue":null}
04-25 05:02:16.877 I/Gecko   (   84): 1398427336885	Marionette	INFO	sendToClient: {"from":"0","ok":true}, {9683203f-662d-4834-bea9-35e343735041}, {9683203f-662d-4834-bea9-35e343735041}
04-25 05:02:16.907 I/Gecko   (   84): 1398427336917	Marionette	DEBUG	Got request: executeWithCallback, data: {"to":"0","sessionId":"3-b2g","name":"executeAsyncScript","parameters":{"specialPowers":false,"scriptTimeout":null,"newSandbox":true,"args":[],"filename":"gaia_test.py","script":"return GaiaApps.displayedApp();","line":66}}, id: {bbc40eb6-23be-405a-b198-89f86059898e}
04-25 05:02:17.067 I/Gonk    (   84): Setting nice for pid 2124 to 18
04-25 05:02:17.067 I/Gonk    (   84): Changed nice for pid 2124 from 1 to 18.
04-25 05:02:17.067 W/WifiHW  (   84): wifi_command: SIGNAL_POLL
04-25 05:02:17.077 I/Gecko   (   84): 1398427337088	Marionette	INFO	sendToClient: {"from":"0","value":{"frame":{"ELEMENT":"{bd5dfb1c-36d3-4272-89ef-0bda82f5f16c}"},"src":"app://homescreen.gaiamobile.org/index.html#root","name":"Homescreen","origin":"app://homescreen.gaiamobile.org"}}, {bbc40eb6-23be-405a-b198-89f86059898e}, {bbc40eb6-23be-405a-b198-89f86059898e}
04-25 05:02:17.087 E/GeckoConsole(   84): Content JS LOG at dummy file:392 in GaiaApps.displayedApp: app with origin 'app://homescreen.gaiamobile.org' is displayed
04-25 05:02:17.147 I/Gecko   (   84): 1398427337156	Marionette	DEBUG	Got request: switchToFrame, data: {"to":"0","sessionId":"3-b2g","name":"switchToFrame","parameters":{"focus":true,"element":"{bd5dfb1c-36d3-4272-89ef-0bda82f5f16c}"}}, id: {e9162cca-4ad6-4844-bf44-b6c070da39eb}
04-25 05:02:17.147 I/Gecko   (   84): 1398427337163	Marionette	INFO	Switched to frame: {"frameValue":"{bd5dfb1c-36d3-4272-89ef-0bda82f5f16c}"}
04-25 05:02:17.187 I/Gecko   (   84): 1398427337199	Marionette	INFO	trying remote frame 0
04-25 05:02:17.187 I/Gecko   (   84): 1398427337200	Marionette	INFO	trying remote frame 1
04-25 05:02:17.187 I/Gecko   (   84): 1398427337201	Marionette	INFO	trying remote frame 2
04-25 05:02:17.187 I/Gecko   (   84): 1398427337202	Marionette	INFO	trying remote frame 3
04-25 05:02:17.187 I/Gecko   (   84): 1398427337203	Marionette	INFO	deleting frame
04-25 05:02:17.197 I/Gecko   (   84): 1398427337208	Marionette	INFO	frame-manager load script: [object ChromeMessageSender]
04-25 05:02:17.547 I/Gonk    (   84): Setting nice for pid 2195 to 18
04-25 05:02:17.547 I/Gonk    (   84): Changed nice for pid 2195 from 0 to 18.
04-25 05:02:17.737 I/log     ( 2197): <4>0[ 736.243961] select 2124 (SpeakerClock), adj 10, size 7070, to kill 
04-25 05:02:18.377 I/Gecko   ( 2185): ###################################### forms.js loaded
04-25 05:02:18.397 I/Gecko   ( 2185): ############################### browserElementPanning.js loaded
04-25 05:02:18.427 I/Gecko   ( 2185): ######################## BrowserElementChildPreload.js loaded
04-25 05:02:18.577 I/Gecko   (   84): 
04-25 05:02:18.577 I/Gecko   (   84): ###!!! [Parent][MessageChannel] Error: Channel error: cannot send/recv
04-25 05:02:18.577 I/Gecko   (   84): 
04-25 05:02:18.687 I/Gecko   (   84): [Parent 84] WARNING: waitpid failed pid:2124 errno:10: file ../../../gecko/ipc/chromium/src/base/process_util_posix.cc, line 254
04-25 05:02:19.287 I/Gecko   (   84): 1398427339295	Marionette	INFO	sendToClient: {"from":"0","ok":true}, {e9162cca-4ad6-4844-bf44-b6c070da39eb}, {e9162cca-4ad6-4844-bf44-b6c070da39eb}
04-25 05:02:19.517 I/Gecko   (   84): 1398427339528	Marionette	INFO	sendToClient: {"from":"0","value":"app://homescreen.gaiamobile.org/index.html#root"}, {dace4c0e-450f-42aa-80f0-935c11e46531}, {dace4c0e-450f-42aa-80f0-935c11e46531}
04-25 05:02:19.527 I/Gecko   (   84): 1398427339536	Marionette	DEBUG	Got request: switchToFrame, data: {"to":"0","sessionId":"3-b2g","name":"switchToFrame","parameters":{"id":null,"focus":true}}, id: {00b03209-fc74-4e87-9a06-4b6146229af5}
04-25 05:02:19.567 I/Gecko   (   84): 1398427339580	Marionette	INFO	Switched to frame: {"frameValue":null}
04-25 05:02:19.677 I/Gecko   (   84): 1398427339686	Marionette	INFO	sendToClient: {"from":"0","ok":true}, {00b03209-fc74-4e87-9a06-4b6146229af5}, {00b03209-fc74-4e87-9a06-4b6146229af5}
04-25 05:02:19.677 I/Gecko   (   84): 1398427339692	Marionette	DEBUG	Got request: switchToFrame, data: {"to":"0","sessionId":"3-b2g","name":"switchToFrame","parameters":{"id":null,"focus":true}}, id: {3228de3f-9e83-457e-be67-e16eb6e17d22}
04-25 05:02:19.677 I/Gecko   (   84): 1398427339694	Marionette	INFO	Switched to frame: {"frameValue":null}
04-25 05:02:19.797 I/Gecko   (   84): 1398427339806	Marionette	INFO	sendToClient: {"from":"0","ok":true}, {3228de3f-9e83-457e-be67-e16eb6e17d22}, {3228de3f-9e83-457e-be67-e16eb6e17d22}
04-25 05:02:19.797 I/Gecko   (   84): 1398427339813	Marionette	DEBUG	Got request: executeWithCallback, data: {"to":"0","sessionId":"3-b2g","name":"executeAsyncScript","parameters":{"specialPowers":false,"scriptTimeout":null,"newSandbox":true,"args":[],"filename":"gaia_test.py","script":"GaiaApps.killAll()","line":91}}, id: {35526d33-61df-458b-bca4-bc161c75055e}
04-25 05:02:19.867 I/Gecko   (   84): 1398427339878	Marionette	INFO	sendToClient: {"from":"0","value":true}, {35526d33-61df-458b-bca4-bc161c75055e}, {35526d33-61df-458b-bca4-bc161c75055e}
04-25 05:02:19.867 I/Gecko   (   84): 1398427339883	Marionette	DEBUG	Got request: switchToFrame, data: {"to":"0","sessionId":"3-b2g","name":"switchToFrame","parameters":{"id":null,"focus":true}}, id: {68662121-8dbe-4da8-a2aa-fdf76c60285c}
04-25 05:02:19.877 I/Gecko   (   84): 1398427339885	Marionette	INFO	Switched to frame: {"frameValue":null}
04-25 05:02:19.977 I/Gecko   (   84): 1398427339988	Marionette	INFO	sendToClient: {"from":"0","ok":true}, {68662121-8dbe-4da8-a2aa-fdf76c60285c}, {68662121-8dbe-4da8-a2aa-fdf76c60285c}
