--------- beginning of /dev/log/main
04-26 07:15:38.203 E/GeckoConsole(  914): Content JS ERROR at app://homescreen.gaiamobile.org/gaia_build_defer_index.js:390 in loadSVConfFileError: Failed parsing singleVariant configuration file [js/singlevariantconf.json]:  [Exception... "File error: Not found"  nsresult: "0x80520012 (NS_ERROR_FILE_NOT_FOUND)"  location: "JS frame :: app://homescreen.gaiamobile.org/gaia_build_defer_index.js :: loadFile :: line 382"  data: no]
04-26 07:15:38.203 I/Gecko   (   84): 1398521738222	Marionette	INFO	sendToClient: {"from":"0","ok":true}, {fdd89c3e-6603-4639-9098-c7c1d388235a}, {fdd89c3e-6603-4639-9098-c7c1d388235a}
04-26 07:15:38.283 I/Gecko   (   84): 1398521738295	Marionette	DEBUG	Got request: switchToFrame, data: {"to":"0","sessionId":"3-b2g","name":"switchToFrame","parameters":{"id":null,"focus":true}}, id: {f99c16f0-148a-4992-a333-db2097f3155d}
04-26 07:15:38.293 I/Gecko   (   84): 1398521738304	Marionette	INFO	Switched to frame: {"frameValue":null}
04-26 07:15:38.393 I/Gecko   (   84): 1398521738407	Marionette	INFO	sendToClient: {"from":"0","ok":true}, {f99c16f0-148a-4992-a333-db2097f3155d}, {f99c16f0-148a-4992-a333-db2097f3155d}
04-26 07:15:38.403 I/Gecko   (   84): 1398521738415	Marionette	DEBUG	Got request: executeWithCallback, data: {"to":"0","sessionId":"3-b2g","name":"executeAsyncScript","parameters":{"specialPowers":false,"scriptTimeout":null,"newSandbox":true,"args":[],"filename":"gaia_test.py","script":"return GaiaApps.displayedApp();","line":66}}, id: {04c804bd-303e-48ae-9300-7b15523ea9c5}
04-26 07:15:38.473 I/Gecko   (   84): 1398521738484	Marionette	INFO	sendToClient: {"from":"0","value":{"frame":{"ELEMENT":"{796487c3-d54f-40fe-8773-808642d10cb8}"},"src":"app://homescreen.gaiamobile.org/index.html#root","name":"Homescreen","origin":"app://homescreen.gaiamobile.org"}}, {04c804bd-303e-48ae-9300-7b15523ea9c5}, {04c804bd-303e-48ae-9300-7b15523ea9c5}
04-26 07:15:38.473 E/GeckoConsole(   84): Content JS LOG at dummy file:392 in GaiaApps.displayedApp: app with origin 'app://homescreen.gaiamobile.org' is displayed
04-26 07:15:38.483 I/Gecko   (   84): 1398521738495	Marionette	DEBUG	Got request: switchToFrame, data: {"to":"0","sessionId":"3-b2g","name":"switchToFrame","parameters":{"id":null,"focus":true}}, id: {aeceac1a-149a-4848-a598-d5db9e5c183e}
04-26 07:15:38.483 I/Gecko   (   84): 1398521738496	Marionette	INFO	Switched to frame: {"frameValue":null}
04-26 07:15:38.613 I/Gecko   (   84): 1398521738624	Marionette	INFO	sendToClient: {"from":"0","ok":true}, {aeceac1a-149a-4848-a598-d5db9e5c183e}, {aeceac1a-149a-4848-a598-d5db9e5c183e}
04-26 07:15:38.853 I/Gecko   (   84): 1398521738867	Marionette	DEBUG	Got request: switchToFrame, data: {"to":"0","sessionId":"3-b2g","name":"switchToFrame","parameters":{"id":null,"focus":true}}, id: {bedf416a-1af8-4a5f-9bc5-93f892dd0c3e}
04-26 07:15:38.853 I/Gecko   (   84): 1398521738869	Marionette	INFO	Switched to frame: {"frameValue":null}
04-26 07:15:38.953 I/Gecko   (   84): 1398521738972	Marionette	INFO	sendToClient: {"from":"0","ok":true}, {bedf416a-1af8-4a5f-9bc5-93f892dd0c3e}, {bedf416a-1af8-4a5f-9bc5-93f892dd0c3e}
04-26 07:15:38.963 I/Gecko   (   84): 1398521738979	Marionette	DEBUG	Got request: executeWithCallback, data: {"to":"0","sessionId":"3-b2g","name":"executeAsyncScript","parameters":{"specialPowers":false,"scriptTimeout":null,"newSandbox":true,"args":[],"filename":"gaia_test.py","script":"return GaiaApps.displayedApp();","line":66}}, id: {008ff163-98db-42f0-89d9-fc73b137885a}
04-26 07:15:39.003 I/Gecko   (   84): 1398521739022	Marionette	INFO	sendToClient: {"from":"0","value":{"frame":{"ELEMENT":"{796487c3-d54f-40fe-8773-808642d10cb8}"},"src":"app://homescreen.gaiamobile.org/index.html#root","name":"Homescreen","origin":"app://homescreen.gaiamobile.org"}}, {008ff163-98db-42f0-89d9-fc73b137885a}, {008ff163-98db-42f0-89d9-fc73b137885a}
04-26 07:15:39.023 E/GeckoConsole(   84): Content JS LOG at dummy file:392 in GaiaApps.displayedApp: app with origin 'app://homescreen.gaiamobile.org' is displayed
04-26 07:15:39.023 I/Gecko   (   84): 1398521739041	Marionette	DEBUG	Got request: switchToFrame, data: {"to":"0","sessionId":"3-b2g","name":"switchToFrame","parameters":{"focus":true,"element":"{796487c3-d54f-40fe-8773-808642d10cb8}"}}, id: {5481b724-7f95-4211-a7bb-03e500d132e2}
04-26 07:15:39.033 I/Gecko   (   84): 1398521739048	Marionette	INFO	Switched to frame: {"frameValue":"{796487c3-d54f-40fe-8773-808642d10cb8}"}
04-26 07:15:39.033 I/Gecko   (   84): 1398521739051	Marionette	INFO	trying remote frame 0
04-26 07:15:39.033 I/Gecko   (   84): 1398521739052	Marionette	INFO	trying remote frame 1
04-26 07:15:39.103 I/Gecko   (   84): 1398521739118	Marionette	INFO	sendToClient: {"from":"0","ok":true}, {5481b724-7f95-4211-a7bb-03e500d132e2}, {5481b724-7f95-4211-a7bb-03e500d132e2}
04-26 07:15:39.313 I/Gecko   (   84): 1398521739323	Marionette	INFO	sendToClient: {"from":"0","value":{"ELEMENT":"{ae7a61a9-dc3f-45b5-b365-a8044bae7906}"}}, {73ccf73a-d1e0-4026-9870-c944e48f855a}, {73ccf73a-d1e0-4026-9870-c944e48f855a}
04-26 07:15:39.673 E/GeckoConsole(  914): [JavaScript Warning: "Use of getAttributeNode() is deprecated. Use getAttribute() instead." {file: "chrome://marionette/content/atoms.js" line: 25}]
04-26 07:15:39.673 E/GeckoConsole(  914): [JavaScript Warning: "Use of attributes' specified attribute is deprecated. It always returns true." {file: "chrome://marionette/content/atoms.js" line: 25}]
04-26 07:15:39.673 I/Gecko   (   84): 1398521739688	Marionette	INFO	sendToClient: {"from":"0","value":"normal"}, {2df96322-f0f7-45d8-b1fd-a6fadd6c4753}, {2df96322-f0f7-45d8-b1fd-a6fadd6c4753}
04-26 07:15:39.683 I/Gecko   (   84): 1398521739694	Marionette	DEBUG	Got request: switchToFrame, data: {"to":"0","sessionId":"3-b2g","name":"switchToFrame","parameters":{"id":null,"focus":true}}, id: {35ba4a9f-71b9-43a0-ba68-dc5a133249de}
04-26 07:15:39.693 I/Gecko   (   84): 1398521739705	Marionette	INFO	Switched to frame: {"frameValue":null}
04-26 07:15:39.803 I/Gecko   (   84): 1398521739814	Marionette	INFO	sendToClient: {"from":"0","ok":true}, {35ba4a9f-71b9-43a0-ba68-dc5a133249de}, {35ba4a9f-71b9-43a0-ba68-dc5a133249de}
04-26 07:15:39.803 I/Gecko   (   84): 1398521739820	Marionette	DEBUG	Got request: execute, data: {"to":"0","sessionId":"3-b2g","name":"executeScript","parameters":{"specialPowers":false,"scriptTimeout":null,"newSandbox":true,"args":[],"filename":"gaia_test.py","script":"window.wrappedJSObject.dispatchEvent(new Event('home'));","line":788}}, id: {4fd05871-1fd5-445f-805c-46643f5eb518}
04-26 07:15:39.883 I/Gecko   (   84): 1398521739896	Marionette	INFO	sendToClient: {"from":"0","value":null}, {4fd05871-1fd5-445f-805c-46643f5eb518}, {4fd05871-1fd5-445f-805c-46643f5eb518}
04-26 07:15:39.893 I/Gecko   (   84): 1398521739904	Marionette	DEBUG	Got request: switchToFrame, data: {"to":"0","sessionId":"3-b2g","name":"switchToFrame","parameters":{"id":null,"focus":true}}, id: {0a672774-1d55-4c7a-85ea-7b0fc9aeec42}
04-26 07:15:39.903 I/Gecko   (   84): 1398521739914	Marionette	INFO	Switched to frame: {"frameValue":null}
04-26 07:15:40.003 I/Gecko   (   84): 1398521740016	Marionette	INFO	sendToClient: {"from":"0","ok":true}, {0a672774-1d55-4c7a-85ea-7b0fc9aeec42}, {0a672774-1d55-4c7a-85ea-7b0fc9aeec42}
04-26 07:15:40.013 I/Gecko   (   84): 1398521740025	Marionette	DEBUG	Got request: switchToFrame, data: {"to":"0","sessionId":"3-b2g","name":"switchToFrame","parameters":{"id":null,"focus":true}}, id: {b33f72bf-3b81-4157-bada-6922a556d495}
04-26 07:15:40.013 I/Gecko   (   84): 1398521740026	Marionette	INFO	Switched to frame: {"frameValue":null}
04-26 07:15:40.113 I/Gecko   (   84): 1398521740129	Marionette	INFO	sendToClient: {"from":"0","ok":true}, {b33f72bf-3b81-4157-bada-6922a556d495}, {b33f72bf-3b81-4157-bada-6922a556d495}
04-26 07:15:40.123 I/Gecko   (   84): 1398521740136	Marionette	DEBUG	Got request: executeWithCallback, data: {"to":"0","sessionId":"3-b2g","name":"executeAsyncScript","parameters":{"specialPowers":false,"scriptTimeout":null,"newSandbox":true,"args":[],"filename":"gaia_test.py","script":"return GaiaApps.displayedApp();","line":66}}, id: {dad8d183-2213-4c71-851d-7ab1b1d123d8}
04-26 07:15:40.203 E/GeckoConsole(   84): Content JS LOG at dummy file:392 in GaiaApps.displayedApp: app with origin 'app://homescreen.gaiamobile.org' is displayed
04-26 07:15:40.203 I/Gecko   (   84): 1398521740215	Marionette	INFO	sendToClient: {"from":"0","value":{"frame":{"ELEMENT":"{796487c3-d54f-40fe-8773-808642d10cb8}"},"src":"app://homescreen.gaiamobile.org/index.html#rootSat%20Apr%2026%202014%2007:15:39%20GMT-0700%20(UTC)","name":"Homescreen","origin":"app://homescreen.gaiamobile.org"}}, {dad8d183-2213-4c71-851d-7ab1b1d123d8}, {dad8d183-2213-4c71-851d-7ab1b1d123d8}
04-26 07:15:40.203 I/Gecko   (   84): 1398521740221	Marionette	DEBUG	Got request: switchToFrame, data: {"to":"0","sessionId":"3-b2g","name":"switchToFrame","parameters":{"focus":true,"element":"{796487c3-d54f-40fe-8773-808642d10cb8}"}}, id: {caf6a22e-0d3f-486a-8022-0fc25f7cdf9f}
04-26 07:15:40.213 I/Gecko   (   84): 1398521740227	Marionette	INFO	Switched to frame: {"frameValue":"{796487c3-d54f-40fe-8773-808642d10cb8}"}
04-26 07:15:40.213 I/Gecko   (   84): 1398521740231	Marionette	INFO	trying remote frame 0
04-26 07:15:40.223 I/Gecko   (   84): 1398521740233	Marionette	INFO	trying remote frame 1
04-26 07:15:40.433 I/Gecko   (   84): 1398521740445	Marionette	INFO	sendToClient: {"from":"0","ok":true}, {caf6a22e-0d3f-486a-8022-0fc25f7cdf9f}, {caf6a22e-0d3f-486a-8022-0fc25f7cdf9f}
04-26 07:15:40.433 I/Gecko   (   84): 1398521740452	Marionette	DEBUG	Got request: execute, data: {"to":"0","sessionId":"3-b2g","name":"executeScript","parameters":{"specialPowers":false,"scriptTimeout":null,"newSandbox":true,"args":[],"filename":"gaia_test.py","script":"return window.wrappedJSObject.GridManager.pageHelper.getCurrentPageNumber();","line":784}}, id: {031b466a-0dbc-47ea-8f5b-c744a7123171}
04-26 07:15:41.583 I/Gecko   (   84): 1398521741593	Marionette	INFO	sendToClient: {"from":"0","value":0}, {031b466a-0dbc-47ea-8f5b-c744a7123171}, {031b466a-0dbc-47ea-8f5b-c744a7123171}
04-26 07:15:41.753 E/GeckoConsole(  914): Content JS WARN at app://homescreen.gaiamobile.org/gaia_build_defer_index.js:184 in isHiddenApp: Unexpected role when checking hidden app: undefined
04-26 07:15:41.763 E/GeckoConsole(  914): Content JS WARN at app://homescreen.gaiamobile.org/gaia_build_defer_index.js:184 in isHiddenApp: Unexpected role when checking hidden app: undefined
04-26 07:15:41.763 E/GeckoConsole(  914): Content JS WARN at app://homescreen.gaiamobile.org/gaia_build_defer_index.js:184 in isHiddenApp: Unexpected role when checking hidden app: undefined
04-26 07:15:41.763 E/GeckoConsole(  914): Content JS WARN at app://homescreen.gaiamobile.org/gaia_build_defer_index.js:184 in isHiddenApp: Unexpected role when checking hidden app: undefined
04-26 07:15:41.763 E/GeckoConsole(  914): Content JS WARN at app://homescreen.gaiamobile.org/gaia_build_defer_index.js:184 in isHiddenApp: Unexpected role when checking hidden app: undefined
04-26 07:15:41.763 E/GeckoConsole(  914): Content JS WARN at app://homescreen.gaiamobile.org/gaia_build_defer_index.js:184 in isHiddenApp: Unexpected role when checking hidden app: undefined
04-26 07:15:41.763 E/GeckoConsole(  914): Content JS WARN at app://homescreen.gaiamobile.org/gaia_build_defer_index.js:184 in isHiddenApp: Unexpected role when checking hidden app: undefined
04-26 07:15:41.763 E/GeckoConsole(  914): Content JS WARN at app://homescreen.gaiamobile.org/gaia_build_defer_index.js:184 in isHiddenApp: Unexpected role when checking hidden app: undefined
04-26 07:15:41.763 E/GeckoConsole(  914): Content JS WARN at app://homescreen.gaiamobile.org/gaia_build_defer_index.js:184 in isHiddenApp: Unexpected role when checking hidden app: undefined
04-26 07:15:41.763 E/GeckoConsole(  914): Content JS WARN at app://homescreen.gaiamobile.org/gaia_build_defer_index.js:184 in isHiddenApp: Unexpected role when checking hidden app: undefined
04-26 07:15:41.763 E/GeckoConsole(  914): Content JS WARN at app://homescreen.gaiamobile.org/gaia_build_defer_index.js:184 in isHiddenApp: Unexpected role when checking hidden app: undefined
04-26 07:15:41.763 E/GeckoConsole(  914): Content JS WARN at app://homescreen.gaiamobile.org/gaia_build_defer_index.js:184 in isHiddenApp: Unexpected role when checking hidden app: undefined
04-26 07:15:41.773 E/GeckoConsole(  914): Content JS WARN at app://homescreen.gaiamobile.org/gaia_build_defer_index.js:184 in isHiddenApp: Unexpected role when checking hidden app: undefined
04-26 07:15:41.773 E/GeckoConsole(  914): Content JS WARN at app://homescreen.gaiamobile.org/gaia_build_defer_index.js:184 in isHiddenApp: Unexpected role when checking hidden app: undefined
04-26 07:15:41.773 E/GeckoConsole(  914): Content JS WARN at app://homescreen.gaiamobile.org/gaia_build_defer_index.js:184 in isHiddenApp: Unexpected role when checking hidden app: undefined
04-26 07:15:41.773 E/GeckoConsole(  914): Content JS WARN at app://homescreen.gaiamobile.org/gaia_build_defer_index.js:184 in isHiddenApp: Unexpected role when checking hidden app: undefined
04-26 07:15:41.773 E/GeckoConsole(  914): Content JS WARN at app://homescreen.gaiamobile.org/gaia_build_defer_index.js:184 in isHiddenApp: Unexpected role when checking hidden app: undefined
04-26 07:15:41.773 E/GeckoConsole(  914): Content JS WARN at app://homescreen.gaiamobile.org/gaia_build_defer_index.js:184 in isHiddenApp: Unexpected role when checking hidden app: undefined
04-26 07:15:41.773 E/GeckoConsole(  914): Content JS WARN at app://homescreen.gaiamobile.org/gaia_build_defer_index.js:184 in isHiddenApp: Unexpected role when checking hidden app: undefined
04-26 07:15:41.773 E/GeckoConsole(  914): Content JS WARN at app://homescreen.gaiamobile.org/gaia_build_defer_index.js:184 in isHiddenApp: Unexpected role when checking hidden app: undefined
04-26 07:15:41.773 E/GeckoConsole(  914): Content JS WARN at app://homescreen.gaiamobile.org/gaia_build_defer_index.js:184 in isHiddenApp: Unexpected role when checking hidden app: undefined
04-26 07:15:41.773 E/GeckoConsole(  914): Content JS WARN at app://homescreen.gaiamobile.org/gaia_build_defer_index.js:184 in isHiddenApp: Unexpected role when checking hidden app: undefined
04-26 07:15:41.773 E/GeckoConsole(  914): Content JS WARN at app://homescreen.gaiamobile.org/gaia_build_defer_index.js:184 in isHiddenApp: Unexpected role when checking hidden app: undefined
04-26 07:15:41.773 E/GeckoConsole(  914): Content JS WARN at app://homescreen.gaiamobile.org/gaia_build_defer_index.js:184 in isHiddenApp: Unexpected role when checking hidden app: undefined
04-26 07:15:41.773 E/GeckoConsole(  914): Content JS WARN at app://homescreen.gaiamobile.org/gaia_build_defer_index.js:184 in isHiddenApp: Unexpected role when checking hidden app: undefined
04-26 07:15:41.773 E/GeckoConsole(  914): Content JS WARN at app://homescreen.gaiamobile.org/gaia_build_defer_index.js:184 in isHiddenApp: Unexpected role when checking hidden app: undefined
04-26 07:15:41.783 E/GeckoConsole(  914): Content JS WARN at app://homescreen.gaiamobile.org/gaia_build_defer_index.js:184 in isHiddenApp: Unexpected role when checking hidden app: undefined
04-26 07:15:41.783 E/GeckoConsole(  914): Content JS WARN at app://homescreen.gaiamobile.org/gaia_build_defer_index.js:184 in isHiddenApp: Unexpected role when checking hidden app: undefined
04-26 07:15:41.783 E/GeckoConsole(  914): Content JS WARN at app://homescreen.gaiamobile.org/gaia_build_defer_index.js:184 in isHiddenApp: Unexpected role when checking hidden app: undefined
04-26 07:15:41.783 E/GeckoConsole(  914): Content JS WARN at app://homescreen.gaiamobile.org/gaia_build_defer_index.js:184 in isHiddenApp: Unexpected role when checking hidden app: undefined
04-26 07:15:41.783 E/GeckoConsole(  914): Content JS WARN at app://homescreen.gaiamobile.org/gaia_build_defer_index.js:184 in isHiddenApp: Unexpected role when checking hidden app: undefined
04-26 07:15:41.783 E/GeckoConsole(  914): Content JS WARN at app://homescreen.gaiamobile.org/gaia_build_defer_index.js:184 in isHiddenApp: Unexpected role when checking hidden app: undefined
04-26 07:15:41.783 E/GeckoConsole(  914): Content JS WARN at app://homescreen.gaiamobile.org/gaia_build_defer_index.js:184 in isHiddenApp: Unexpected role when checking hidden app: undefined
04-26 07:15:41.933 I/Gecko   (   84): 1398521741949	Marionette	INFO	sendToClient: {"from":"0","value":["{6ff725df-388f-4c7e-a290-3613a0a9ec5a}","{1035b497-c5ac-489e-a0f6-7005486ca570}","{57594159-e9cc-49a7-bb9a-4527f969a5fd}","{5e998ec0-e149-41f9-9e20-ccdf177396d2}","{16e297cd-62a1-4f69-ac03-2ae13912000e}","{5d936549-e162-49e9-b6c9-5fc3161bba19}","{a241e9d0-aeb2-4fcc-b2fe-6995789a4bab}","{b4d6cbe0-60d0-4fc3-8e6f-0fe318ae0e70}","{9fe53f02-8639-4bd0-b0b9-784ca22c92df}","{21daf5cd-f72c-4766-aec4-f99af650227b}","{13717ba5-e6be-44f8-b302-e7607ada4634}","{4ad84901-b24b-4c07-8cac-766691afe669}","{03ea2369-5f49-4530-ac2a-73cf1131a6a5}","{fe733d4f-4276-4472-81a9-12bc69ff324f}","{a8a2321c-9cee-4975-b6ad-4dc528f7c84e}","{2b6143a7-8c50-4524-9140-0a6b488d2368}","{768d8f29-7ad8-4860-a0ca-2be8f9a39d5d}","{7158f92d-9e64-41a8-9e81-037dd2b6399d}","{5a4904e4-a157-47b0-aeb0-6570f0824706}","{3f4707b4-b406-4ebe-bf97-c87e6fc31d28}","{2187f179-688e-4b6f-9a10-e02c56a49be4}","{7a57b0fd-fa2c-4d7e-b345-4e294647e50c}","{2a817451-9627-4508-971d-6824d5a93e2a}","{f550db86-0a5d
04-26 07:15:42.113 I/Gecko   (   84): 1398521742124	Marionette	INFO	sendToClient: {"from":"0","value":"app://homescreen.gaiamobile.org/index.html#rootSat%20Apr%2026%202014%2007:15:39%20GMT-0700%20(UTC)"}, {8d385afe-854c-45a6-987d-9c7e5b871ceb}, {8d385afe-854c-45a6-987d-9c7e5b871ceb}
04-26 07:15:42.123 I/Gecko   (   84): 1398521742134	Marionette	DEBUG	Got request: switchToFrame, data: {"to":"0","sessionId":"3-b2g","name":"switchToFrame","parameters":{"id":null,"focus":true}}, id: {4f19b8ef-f317-4cbc-8a5b-597b574777e8}
04-26 07:15:42.133 I/Gecko   (   84): 1398521742147	Marionette	INFO	Switched to frame: {"frameValue":null}
04-26 07:15:42.153 W/WifiHW  (   84): wifi_command: SIGNAL_POLL
04-26 07:15:42.253 I/Gecko   (   84): 1398521742269	Marionette	INFO	sendToClient: {"from":"0","ok":true}, {4f19b8ef-f317-4cbc-8a5b-597b574777e8}, {4f19b8ef-f317-4cbc-8a5b-597b574777e8}
04-26 07:15:42.263 I/Gecko   (   84): 1398521742275	Marionette	DEBUG	Got request: switchToFrame, data: {"to":"0","sessionId":"3-b2g","name":"switchToFrame","parameters":{"id":null,"focus":true}}, id: {35088114-49b1-4536-9908-e7464c3d0105}
04-26 07:15:42.263 I/Gecko   (   84): 1398521742276	Marionette	INFO	Switched to frame: {"frameValue":null}
04-26 07:15:42.373 I/Gecko   (   84): 1398521742383	Marionette	INFO	sendToClient: {"from":"0","ok":true}, {35088114-49b1-4536-9908-e7464c3d0105}, {35088114-49b1-4536-9908-e7464c3d0105}
04-26 07:15:42.373 I/Gecko   (   84): 1398521742389	Marionette	DEBUG	Got request: executeWithCallback, data: {"to":"0","sessionId":"3-b2g","name":"executeAsyncScript","parameters":{"specialPowers":false,"scriptTimeout":30000,"newSandbox":true,"args":[],"filename":"app_checker.py","script":"GaiaApps.launchWithManifestURL('https://marketplace.firefox.com/app/1fdbd28c-b78e-4b29-9b46-129dd68e4852/manifest.webapp')","line":106}}, id: {b006dc51-b247-4d02-8def-ca43c7c24d71}
04-26 07:15:42.503 I/Gonk    (   84): Setting nice for pid 931 to 18
04-26 07:15:42.503 I/Gonk    (   84): Changed nice for pid 931 from 18 to 18.
04-26 07:15:42.503 I/Gecko   (   84): [Parent 84] WARNING: waitpid failed pid:931 errno:10: file ../../../gecko/ipc/chromium/src/base/process_util_posix.cc, line 254
04-26 07:15:42.513 I/Gonk    (   84): Setting nice for pid 931 to 1
04-26 07:15:42.513 I/Gonk    (   84): Changed nice for pid 931 from 18 to 1.
04-26 07:15:42.563 E/GeckoConsole(   84): Content JS LOG at dummy file:334 in GaiaApps.launch: launching app with name 'Sudoku'
04-26 07:15:42.763 E/[Gralloc-ERROR](   84): int gralloc_register_buffer(const gralloc_module_t*, const native_handle_t*):79 Unable to register handle 0x49bbce20 coming from different process: 84
04-26 07:15:42.773 E/[Gralloc-ERROR](   84): int gralloc_register_buffer(const gralloc_module_t*, const native_handle_t*):79 Unable to register handle 0x49bbcec0 coming from different process: 84
04-26 07:15:43.033 I/Gonk    (   84): Setting nice for pid 914 to 18
04-26 07:15:43.033 I/Gonk    (   84): Changed nice for pid 914 from 1 to 18.
04-26 07:15:43.513 I/Gecko   (   84): [Parent 84] WARNING: pipe error (140): Connection reset by peer: file ../../../gecko/ipc/chromium/src/chrome/common/ipc_channel_posix.cc, line 446
04-26 07:15:43.633 I/Gecko   (   84): 
04-26 07:15:43.633 I/Gecko   (   84): ###!!! [Parent][MessageChannel] Error: Channel error: cannot send/recv
04-26 07:15:43.633 I/Gecko   (   84): 
04-26 07:15:43.713 I/GeckoDump(   84): Crash reporter : Can't fetch app.reportCrashes. Exception: [Exception... "Component returned failure code: 0x8000ffff (NS_ERROR_UNEXPECTED) [nsIPrefBranch.getBoolPref]"  nsresult: "0x8000ffff (NS_ERROR_UNEXPECTED)"  location: "JS frame :: chrome://browser/content/shell.js :: shell_reportCrash :: line 7"  data: no]
04-26 07:15:43.713 V/AudioPolicyManagerBase(   89): startOutput() output 1, stream 1, session 3
04-26 07:15:43.713 V/AudioPolicyManagerBase(   89): changeRefCount() stream 1, count 1
04-26 07:15:43.713 V/AudioPolicyManagerBase(   89): getDeviceForStrategy() from cache strategy 0, device 2
04-26 07:15:43.713 V/AudioPolicyManagerBase(   89): getNewDevice() selected device 2
04-26 07:15:43.713 D/AudioPolicyManagerBase(   89): setOutputDevice() output 1 device 2 delayMs 0
04-26 07:15:43.713 V/AudioPolicyManagerBase(   89): setOutputDevice() setting same device 2 or null device for output 1
04-26 07:15:43.713 E/AudioPolicyManagerBase(   89): checkAndSetVolume stream=1, index=0, output=1, device=2
04-26 07:15:43.713 E/AudioPolicyManagerBase(   89): computeVolume, streamDesc=0x123abb8
04-26 07:15:43.793 W/AudioFlinger(   89): Thread AudioOut_1 cannot connect to the power manager service
04-26 07:15:43.793 V/AudioPolicyManagerBase(   89): stopOutput() output 1, stream 1, session 3
04-26 07:15:43.793 V/AudioPolicyManagerBase(   89): changeRefCount() stream 1, count 0
04-26 07:15:43.793 V/AudioPolicyManagerBase(   89): getNewDevice() selected device 0
04-26 07:15:43.793 D/AudioPolicyManagerBase(   89): setOutputDevice() output 1 device 0 delayMs 290
04-26 07:15:43.793 V/AudioPolicyManagerBase(   89): setOutputDevice() setting same device 0 or null device for output 1
04-26 07:15:43.793 I/Gecko   (   84): [Parent 84] WARNING: waitpid failed pid:914 errno:10: file ../../../gecko/ipc/chromium/src/base/process_util_posix.cc, line 254
04-26 07:15:43.813 V/AudioPolicyManagerBase(   89): startOutput() output 1, stream 1, session 3
04-26 07:15:43.813 V/AudioPolicyManagerBase(   89): changeRefCount() stream 1, count 1
04-26 07:15:43.813 V/AudioPolicyManagerBase(   89): getDeviceForStrategy() from cache strategy 0, device 2
04-26 07:15:43.813 V/AudioPolicyManagerBase(   89): getNewDevice() selected device 2
04-26 07:15:43.813 D/AudioPolicyManagerBase(   89): setOutputDevice() output 1 device 2 delayMs 0
04-26 07:15:43.813 V/AudioPolicyManagerBase(   89): setOutputDevice() setting same device 2 or null device for output 1
04-26 07:15:43.813 E/AudioPolicyManagerBase(   89): checkAndSetVolume stream=1, index=0, output=1, device=2
04-26 07:15:43.813 E/AudioPolicyManagerBase(   89): computeVolume, streamDesc=0x123abb8
04-26 07:15:43.813 V/AudioPolicyManagerBase(   89): stopOutput() output 1, stream 1, session 3
04-26 07:15:43.813 V/AudioPolicyManagerBase(   89): changeRefCount() stream 1, count 0
04-26 07:15:43.813 V/AudioPolicyManagerBase(   89): getNewDevice() selected device 0
04-26 07:15:43.813 D/AudioPolicyManagerBase(   89): setOutputDevice() output 1 device 0 delayMs 290
04-26 07:15:43.813 V/AudioPolicyManagerBase(   89): setOutputDevice() setting same device 0 or null device for output 1
04-26 07:15:43.813 V/AudioPolicyManagerBase(   89): releaseOutput() 1
04-26 07:15:44.293 I/Gecko   (  931): ###################################### forms.js loaded
04-26 07:15:44.313 I/Gecko   (  931): ############################### browserElementPanning.js loaded
04-26 07:15:44.333 I/Gecko   (  931): ######################## BrowserElementChildPreload.js loaded
04-26 07:15:45.063 E/GeckoConsole(  931): [JavaScript Warning: "Unknown property '-moz-border-radius'.  Declaration dropped." {file: "app://{5dee7c02-cdfe-48d7-a44c-4f31b2537fea}/css/style.css" line: 93 column: 22 source: "    -moz-border-radius: 10px;"}]
04-26 07:15:45.063 E/GeckoConsole(  931): [JavaScript Warning: "Unknown property '-moz-box-shadow'.  Declaration dropped." {file: "app://{5dee7c02-cdfe-48d7-a44c-4f31b2537fea}/css/style.css" line: 96 column: 19 source: "    -moz-box-shadow: 10px 10px 5px #888;"}]
04-26 07:15:45.063 E/GeckoConsole(  931): [JavaScript Warning: "Expected color but found '#jj77cc'.  Error in parsing value for 'background-color'.  Declaration dropped." {file: "app://{5dee7c02-cdfe-48d7-a44c-4f31b2537fea}/css/sudoku.css" line: 48 column: 22 source: "				background-color: #jj77cc;"}]
04-26 07:15:45.093 E/GeckoConsole(  931): [JavaScript Warning: "Error in parsing value for 'background'.  Declaration dropped." {file: "app://{5dee7c02-cdfe-48d7-a44c-4f31b2537fea}/css/sudoku.css" line: 149 column: 14 source: "			background:url(../images/Puzzle solved.png) no-repeat;"}]
04-26 07:15:45.763 I/Gecko   (  931): Attempting load of libEGL.so
04-26 07:15:45.803 I/Gecko   (   84): [Parent 84] WARNING: waitpid failed pid:914 errno:10: file ../../../gecko/ipc/chromium/src/base/process_util_posix.cc, line 254
04-26 07:15:45.803 I/Gecko   (   84): [Parent 84] WARNING: Failed to deliver SIGKILL to 914!(3).: file ../../../gecko/ipc/chromium/src/chrome/common/process_watcher_posix_sigchld.cc, line 118
04-26 07:15:45.973 D/libEGL  (  931): loaded /system/lib/egl/libEGL_mali.so
04-26 07:15:46.053 D/libEGL  (  931): loaded /system/lib/egl/libGLESv1_CM_mali.so
04-26 07:15:46.053 D/libEGL  (  931): loaded /system/lib/egl/libGLESv2_mali.so
04-26 07:15:46.133 I/Gecko   (  931): SharedSurface_Gralloc::Create -------
04-26 07:15:46.143 I/Gecko   (  931): SharedSurface_Gralloc::Create: success -- surface 0x435385c0, GraphicBuffer 0x43f4ab00.
04-26 07:15:46.883 E/GeckoConsole(  931): [JavaScript Warning: "Unknown property 'repeat'.  Declaration dropped." {file: "app://{5dee7c02-cdfe-48d7-a44c-4f31b2537fea}/index.html" line: 0 column: 72 source: "background-image:url('images/back-gp.png');width:79px;height:29px;repeat:no-repeat;margin-left:240px;margin-top: -30px;"}]
04-26 07:15:47.123 W/WifiHW  (   84): wifi_command: SIGNAL_POLL
04-26 07:15:47.293 I/Gonk    (   84): Setting nice for pid 1010 to 18
04-26 07:15:47.293 I/Gonk    (   84): Changed nice for pid 1010 from 0 to 18.
04-26 07:15:47.413 E/GeckoConsole(  931): [JavaScript Warning: "Unknown property 'box-sizing'.  Declaration dropped." {file: "app://{5dee7c02-cdfe-48d7-a44c-4f31b2537fea}/index.html" line: 0 column: 10 source: "box-sizing:border-box;-moz-box-sizing:border-box;-webkit-box-sizing:border-box;padding:1px;border:1px;display:block;width:4px;margin-top:1%;position:absolute;top:1%;"}]
04-26 07:15:47.503 D/Sensors (   84): activate handle=0; drv=0
04-26 07:15:47.503 D/Sensors (   84): Lis3dhSensor: Control set 1
04-26 07:15:47.503 D/Sensors (   84): Lis3dhSensor: mEnabled = 1
04-26 07:15:48.313 I/Gecko   (  931): SharedSurface_Gralloc::Create -------
04-26 07:15:48.333 I/Gecko   (  931): SharedSurface_Gralloc::Create: success -- surface 0x44829bc0, GraphicBuffer 0x43fd6f00.
04-26 07:15:48.793 I/Gecko   (  931): SharedSurface_Gralloc::Create -------
04-26 07:15:48.793 I/Gecko   (  931): SharedSurface_Gralloc::Create: success -- surface 0x440c2680, GraphicBuffer 0x43fd6d80.
04-26 07:15:49.953 I/Gonk    (   84): Setting nice for pid 1010 to 18
04-26 07:15:49.953 I/Gonk    (   84): Changed nice for pid 1010 from 18 to 18.
04-26 07:15:49.953 I/Gecko   (   84): [Parent 84] WARNING: waitpid failed pid:1010 errno:10: file ../../../gecko/ipc/chromium/src/base/process_util_posix.cc, line 254
04-26 07:15:49.963 I/Gonk    (   84): Setting nice for pid 1010 to 1
04-26 07:15:49.963 I/Gonk    (   84): Changed nice for pid 1010 from 18 to 1.
04-26 07:15:49.973 I/Gonk    (   84): Setting nice for pid 1010 to 18
04-26 07:15:49.973 I/Gonk    (   84): Changed nice for pid 1010 from 1 to 18.
04-26 07:15:50.133 E/GeckoConsole(   84): Content JS LOG at dummy file:326 in GaiaApps.launch/appOpen/<: app with origin 'app://{5dee7c02-cdfe-48d7-a44c-4f31b2537fea}' has launched
04-26 07:15:50.133 I/Gecko   (   84): 1398521750150	Marionette	INFO	sendToClient: {"from":"0","value":{"frame":{"ELEMENT":"{92e820cf-29c8-46ae-abf1-040f4b2e0d98}"},"src":"app://{5dee7c02-cdfe-48d7-a44c-4f31b2537fea}/index.html","name":"Sudoku","origin":"app://{5dee7c02-cdfe-48d7-a44c-4f31b2537fea}"}}, {b006dc51-b247-4d02-8def-ca43c7c24d71}, {b006dc51-b247-4d02-8def-ca43c7c24d71}
04-26 07:15:50.143 E/[Gralloc-ERROR](   84): int gralloc_unregister_buffer(const gralloc_module_t*, const native_handle_t*):274 Trying to unregister buffer 0x49bbcec0 from process 84 that was not created in current process: 84
04-26 07:15:50.143 E/[Gralloc-ERROR](   84): int gralloc_unregister_buffer(const gralloc_module_t*, const native_handle_t*):274 Trying to unregister buffer 0x49bbce20 from process 84 that was not created in current process: 84
04-26 07:15:50.163 I/Gecko   (   84): 1398521750173	Marionette	DEBUG	Got request: switchToFrame, data: {"to":"0","sessionId":"3-b2g","name":"switchToFrame","parameters":{"focus":true,"element":"{92e820cf-29c8-46ae-abf1-040f4b2e0d98}"}}, id: {48e0252b-4c63-4254-b93c-ae581a2288ca}
04-26 07:15:50.163 I/Gecko   (   84): 1398521750182	Marionette	INFO	Switched to frame: {"frameValue":"{92e820cf-29c8-46ae-abf1-040f4b2e0d98}"}
04-26 07:15:50.173 I/Gecko   (   84): 1398521750189	Marionette	INFO	trying remote frame 0
04-26 07:15:50.193 I/Gecko   (   84): 1398521750203	Marionette	INFO	trying remote frame 1
04-26 07:15:50.193 I/Gecko   (   84): 1398521750204	Marionette	INFO	deleting frame
04-26 07:15:50.193 I/Gecko   (   84): 1398521750209	Marionette	INFO	frame-manager load script: [object ChromeMessageSender]
04-26 07:15:50.753 I/Gecko   (   84): 1398521750763	Marionette	INFO	sendToClient: {"from":"0","ok":true}, {48e0252b-4c63-4254-b93c-ae581a2288ca}, {48e0252b-4c63-4254-b93c-ae581a2288ca}
04-26 07:15:50.943 I/Gecko   (   84): 1398521750958	Marionette	INFO	sendToClient: {"from":"0","value":"app://{5dee7c02-cdfe-48d7-a44c-4f31b2537fea}/index.html"}, {663ae51a-19c8-4873-887e-65a517227eb2}, {663ae51a-19c8-4873-887e-65a517227eb2}
04-26 07:15:50.953 I/Gecko   (   84): 1398521750965	Marionette	DEBUG	Got request: execute, data: {"to":"0","sessionId":"3-b2g","name":"executeScript","parameters":{"specialPowers":false,"scriptTimeout":null,"newSandbox":true,"args":[],"filename":"app_checker.py","script":"return window.document.readyState;","line":191}}, id: {6763e09c-16e9-4c1d-8290-4a7ad1d607b9}
04-26 07:15:51.053 I/Gecko   (   84): 1398521751069	Marionette	INFO	sendToClient: {"from":"0","value":"complete"}, {6763e09c-16e9-4c1d-8290-4a7ad1d607b9}, {6763e09c-16e9-4c1d-8290-4a7ad1d607b9}
04-26 07:15:51.073 I/Gecko   (   84): 1398521751092	Marionette	INFO	sendToClient: {"from":"0","value":"app://{5dee7c02-cdfe-48d7-a44c-4f31b2537fea}/index.html"}, {9ee80955-efea-48eb-bd22-4bfb859ce408}, {9ee80955-efea-48eb-bd22-4bfb859ce408}
04-26 07:15:51.093 I/Gecko   (  931): SharedSurface_Gralloc::Create -------
04-26 07:15:51.103 I/Gecko   (  931): SharedSurface_Gralloc::Create: success -- surface 0x447cca80, GraphicBuffer 0x42db6b80.
04-26 07:15:51.153 I/Gecko   (  931): SharedSurface_Gralloc::Create -------
04-26 07:15:51.183 I/Gecko   (  931): SharedSurface_Gralloc::Create: success -- surface 0x447cce40, GraphicBuffer 0x447a5d00.
04-26 07:15:51.613 I/Gecko   (   84): 
04-26 07:15:51.613 I/Gecko   (   84): ###!!! [Parent][MessageChannel] Error: Channel error: cannot send/recv
04-26 07:15:51.613 I/Gecko   (   84): 
04-26 07:15:51.803 I/GeckoDump(   84): Crash reporter : Can't fetch app.reportCrashes. Exception: [Exception... "Component returned failure code: 0x8000ffff (NS_ERROR_UNEXPECTED) [nsIPrefBranch.getBoolPref]"  nsresult: "0x8000ffff (NS_ERROR_UNEXPECTED)"  location: "JS frame :: chrome://browser/content/shell.js :: shell_reportCrash :: line 7"  data: no]
04-26 07:15:51.803 I/Gecko   (   84): [Parent 84] WARNING: waitpid failed pid:1010 errno:10: file ../../../gecko/ipc/chromium/src/base/process_util_posix.cc, line 254
04-26 07:15:52.063 I/Gecko   (   84): 1398521752081	Marionette	INFO	sendToClient: {"from":"0","value":"iVBORw0KGgoAAAANSUhEUgAAAUAAAAHgCAYAAADUjLREAAAgAElEQVR4nO3dX2wj92EncDlPbp+2h3vYHu6hutsDTNcPlrMFTJ9flsYGMBdbYGmoODFQAIXeAAqjAiqt4mRm70Fh9nDKREU3tILKky1OzajoZkfBqR4eqmRYIKpHQHQeAdV1BETwCIhwOw9C/AMqYAeoUH3vYTgjDjmkqD+7kvb3/QA/eC0Nh8Oh5svfv/mxr/9aHiws51UAwPd9FpZzKX3nfQGwyF0YgCznWRiALOdaGIAs51kYgCznWhiALOdZGIAs51oYgCznWRiALOdaGIAs51kYgCznWhiALOdZGIAs51oYgCznWS5sAOaHK/D3fPh7PjI3Sud+PCzPpjyrACxNlBKLNq9B7Ipou+psFUbNeK4XnTavoTRRQnW2+tyerzBSQPZ2FtnbWRRGCtDmtbbtnE0HpYnSMz+epHPubDpwt93n+j74/gUIwPKkCn/Ph75oxX5urzkIVR/o0c8Hrhdg1m0AgDZvnvsFzHK68qwCMHs7C31Rh7PhREVf1JEbzKEyVYm2K0+WE8PgWRV320X2dhbWqgV369lf8Mq0gtxgDsaSEQW/WTeRG8y1hZ29biN7O/vMjynpnIcfTs/rfQjLuQegv+dHQVccraL/Wh6ZGyU0aw5AfdGKfm6vOed+AbOcrjzLALTX7djPsA9Yq1bsIn/eAWivPZ+Q8X0fRs1A9nYW7rYL7B+eZ+wjCuLmmtjzCkAAseM5j/chLOcagPnhSizoPE+g/1oelftaYgC2bs8AvPzleQZg80Vur9kdLzyjZrQ1GZ1NJ/Z7ZVpp27cyrcCsm10DqThWRPZ2FqWJUix8wuZn83O2NhOrs1Xoj3RUZ6vIDeai19CplCZKUGbajzMs6pyaGIDavBYdR24w13YcYlegMlWJtsnezrY158PXY6/ZKI4WY7
04-26 07:15:52.143 W/WifiHW  (   84): wifi_command: SIGNAL_POLL
04-26 07:15:52.503 I/Gecko   (   84): 1398521752515	Marionette	INFO	sendToClient: {"from":"0","ok":true}, {59e8cbe6-ca6f-43ad-a9ec-22098261b983}, {59e8cbe6-ca6f-43ad-a9ec-22098261b983}
04-26 07:15:52.523 I/Gecko   (   84): 1398521752536	Marionette	DEBUG	Got request: switchToFrame, data: {"to":"0","sessionId":"3-b2g","name":"switchToFrame","parameters":{"id":null,"focus":true}}, id: {464b0d84-ab6b-4ae0-9457-09b0393b775f}
04-26 07:15:52.543 I/Gecko   (   84): 1398521752558	Marionette	INFO	Switched to frame: {"frameValue":null}
04-26 07:15:52.653 I/Gecko   (   84): 1398521752665	Marionette	INFO	sendToClient: {"from":"0","ok":true}, {464b0d84-ab6b-4ae0-9457-09b0393b775f}, {464b0d84-ab6b-4ae0-9457-09b0393b775f}
04-26 07:15:52.653 I/Gecko   (   84): 1398521752671	Marionette	DEBUG	Got request: executeWithCallback, data: {"to":"0","sessionId":"3-b2g","name":"executeAsyncScript","parameters":{"specialPowers":false,"scriptTimeout":null,"newSandbox":true,"args":[],"filename":"gaia_test.py","script":"return GaiaApps.displayedApp();","line":66}}, id: {4fe3b030-f6e8-4df3-a20f-36d914dfa006}
04-26 07:15:52.833 E/GeckoConsole(   84): Content JS LOG at dummy file:392 in GaiaApps.displayedApp: app with origin 'app://{5dee7c02-cdfe-48d7-a44c-4f31b2537fea}' is displayed
04-26 07:15:52.833 I/Gecko   (   84): 1398521752847	Marionette	INFO	sendToClient: {"from":"0","value":{"frame":{"ELEMENT":"{92e820cf-29c8-46ae-abf1-040f4b2e0d98}"},"src":"app://{5dee7c02-cdfe-48d7-a44c-4f31b2537fea}/index.html","name":"Sudoku","origin":"app://{5dee7c02-cdfe-48d7-a44c-4f31b2537fea}"}}, {4fe3b030-f6e8-4df3-a20f-36d914dfa006}, {4fe3b030-f6e8-4df3-a20f-36d914dfa006}
04-26 07:15:52.843 I/Gecko   (   84): 1398521752853	Marionette	DEBUG	Got request: switchToFrame, data: {"to":"0","sessionId":"3-b2g","name":"switchToFrame","parameters":{"id":null,"focus":true}}, id: {3cb40837-5c10-4897-af84-6c4792c70992}
04-26 07:15:52.843 I/Gecko   (   84): 1398521752855	Marionette	INFO	Switched to frame: {"frameValue":null}
04-26 07:15:52.943 I/Gecko   (   84): 1398521752958	Marionette	INFO	sendToClient: {"from":"0","ok":true}, {3cb40837-5c10-4897-af84-6c4792c70992}, {3cb40837-5c10-4897-af84-6c4792c70992}
04-26 07:15:52.953 I/Gecko   (   84): 1398521752965	Marionette	DEBUG	Got request: execute, data: {"to":"0","sessionId":"3-b2g","name":"executeScript","parameters":{"specialPowers":false,"scriptTimeout":null,"newSandbox":true,"args":[],"filename":"gaia_test.py","script":"window.wrappedJSObject.dispatchEvent(new Event('home'));","line":788}}, id: {daed082b-7590-4dac-bb0f-3ab9e611a7a2}
04-26 07:15:53.073 D/Sensors (   84): activate handle=0; drv=0
04-26 07:15:53.083 D/Sensors (   84): Lis3dhSensor: Control set 0
04-26 07:15:53.083 D/Sensors (   84): Lis3dhSensor: mEnabled = 0
04-26 07:15:53.453 I/Gonk    (   84): Setting nice for pid 1024 to 18
04-26 07:15:53.453 I/Gonk    (   84): Changed nice for pid 1024 from 0 to 18.
04-26 07:15:53.463 I/Gecko   (   84): 1398521753480	Marionette	INFO	sendToClient: {"from":"0","value":null}, {daed082b-7590-4dac-bb0f-3ab9e611a7a2}, {daed082b-7590-4dac-bb0f-3ab9e611a7a2}
04-26 07:15:53.483 E/[Gralloc-ERROR](   84): int gralloc_register_buffer(const gralloc_module_t*, const native_handle_t*):79 Unable to register handle 0x461970b0 coming from different process: 84
04-26 07:15:53.483 E/[Gralloc-ERROR](   84): int gralloc_register_buffer(const gralloc_module_t*, const native_handle_t*):79 Unable to register handle 0x46197470 coming from different process: 84
04-26 07:15:53.533 I/Gonk    (   84): Setting nice for pid 1024 to 18
04-26 07:15:53.533 I/Gonk    (   84): Changed nice for pid 1024 from 18 to 18.
04-26 07:15:53.533 I/Gecko   (   84): [Parent 84] WARNING: waitpid failed pid:1024 errno:10: file ../../../gecko/ipc/chromium/src/base/process_util_posix.cc, line 254
04-26 07:15:53.543 I/Gonk    (   84): Setting nice for pid 1024 to 1
04-26 07:15:53.543 I/Gonk    (   84): Changed nice for pid 1024 from 18 to 1.
04-26 07:15:53.823 I/Gecko   (   84): [Parent 84] WARNING: waitpid failed pid:1010 errno:10: file ../../../gecko/ipc/chromium/src/base/process_util_posix.cc, line 254
04-26 07:15:53.823 I/Gecko   (   84): [Parent 84] WARNING: Failed to deliver SIGKILL to 1010!(3).: file ../../../gecko/ipc/chromium/src/chrome/common/process_watcher_posix_sigchld.cc, line 118
04-26 07:15:54.983 I/Gonk    (   84): Setting nice for pid 1034 to 18
04-26 07:15:54.983 I/Gonk    (   84): Changed nice for pid 1034 from 0 to 18.
04-26 07:15:55.003 I/Gecko   (   84): 1398521755014	Marionette	DEBUG	Got request: switchToFrame, data: {"to":"0","sessionId":"3-b2g","name":"switchToFrame","parameters":{"id":null,"focus":true}}, id: {59041cc1-9605-4a25-b7ae-34585b86cccd}
04-26 07:15:55.163 E/[Gralloc-ERROR](   84): int gralloc_unregister_buffer(const gralloc_module_t*, const native_handle_t*):274 Trying to unregister buffer 0x46197470 from process 84 that was not created in current process: 84
04-26 07:15:55.173 I/Gecko   (   84): 1398521755186	Marionette	INFO	Switched to frame: {"frameValue":null}
04-26 07:15:55.203 E/[Gralloc-ERROR](   84): int gralloc_unregister_buffer(const gralloc_module_t*, const native_handle_t*):274 Trying to unregister buffer 0x461970b0 from process 84 that was not created in current process: 84
04-26 07:15:55.303 I/Gecko   (   84): 1398521755322	Marionette	INFO	sendToClient: {"from":"0","ok":true}, {59041cc1-9605-4a25-b7ae-34585b86cccd}, {59041cc1-9605-4a25-b7ae-34585b86cccd}
04-26 07:15:55.363 I/Gecko   (   84): 1398521755374	Marionette	DEBUG	Got request: executeWithCallback, data: {"to":"0","sessionId":"3-b2g","name":"executeAsyncScript","parameters":{"specialPowers":false,"scriptTimeout":null,"newSandbox":true,"args":[],"filename":"gaia_test.py","script":"return GaiaApps.displayedApp();","line":66}}, id: {f5d52e8f-0864-4dc0-867e-94bce0c33d16}
04-26 07:15:55.553 I/Gecko   (   84): 1398521755571	Marionette	INFO	sendToClient: {"from":"0","value":{"frame":{"ELEMENT":"{319499ae-5c3d-496f-b3a5-f9209f95aa5b}"},"src":"app://homescreen.gaiamobile.org/index.html#root","name":"Homescreen","origin":"app://homescreen.gaiamobile.org"}}, {f5d52e8f-0864-4dc0-867e-94bce0c33d16}, {f5d52e8f-0864-4dc0-867e-94bce0c33d16}
04-26 07:15:55.563 E/GeckoConsole(   84): Content JS LOG at dummy file:392 in GaiaApps.displayedApp: app with origin 'app://homescreen.gaiamobile.org' is displayed
04-26 07:15:55.573 I/Gonk    (   84): Setting nice for pid 931 to 18
04-26 07:15:55.573 I/Gonk    (   84): Changed nice for pid 931 from 1 to 18.
04-26 07:15:55.603 I/Gecko   (   84): 1398521755615	Marionette	DEBUG	Got request: switchToFrame, data: {"to":"0","sessionId":"3-b2g","name":"switchToFrame","parameters":{"id":null,"focus":true}}, id: {e231b251-fbf8-4c47-9cc2-afc58f4c3e81}
04-26 07:15:55.603 I/Gecko   (   84): 1398521755617	Marionette	INFO	Switched to frame: {"frameValue":null}
04-26 07:15:55.703 I/Gecko   (   84): 1398521755720	Marionette	INFO	sendToClient: {"from":"0","ok":true}, {e231b251-fbf8-4c47-9cc2-afc58f4c3e81}, {e231b251-fbf8-4c47-9cc2-afc58f4c3e81}
04-26 07:15:55.723 I/Gecko   (   84): 1398521755738	Marionette	DEBUG	Got request: switchToFrame, data: {"to":"0","sessionId":"3-b2g","name":"switchToFrame","parameters":{"id":null,"focus":true}}, id: {5e26990b-d297-4ab5-9fe9-dd5c4ae2ec24}
04-26 07:15:55.733 I/Gecko   (   84): 1398521755746	Marionette	INFO	Switched to frame: {"frameValue":null}
04-26 07:15:55.873 I/Gecko   (   84): 1398521755885	Marionette	INFO	sendToClient: {"from":"0","ok":true}, {5e26990b-d297-4ab5-9fe9-dd5c4ae2ec24}, {5e26990b-d297-4ab5-9fe9-dd5c4ae2ec24}
04-26 07:15:55.873 I/Gecko   (   84): 1398521755891	Marionette	DEBUG	Got request: executeWithCallback, data: {"to":"0","sessionId":"3-b2g","name":"executeAsyncScript","parameters":{"specialPowers":false,"scriptTimeout":null,"newSandbox":true,"args":[],"filename":"gaia_test.py","script":"return GaiaApps.displayedApp();","line":66}}, id: {3f3e1a92-0372-404b-b05c-42b24c3036fd}
04-26 07:15:55.943 E/GeckoConsole(   84): Content JS LOG at dummy file:392 in GaiaApps.displayedApp: app with origin 'app://homescreen.gaiamobile.org' is displayed
04-26 07:15:55.953 I/Gecko   (   84): 1398521755964	Marionette	INFO	sendToClient: {"from":"0","value":{"frame":{"ELEMENT":"{319499ae-5c3d-496f-b3a5-f9209f95aa5b}"},"src":"app://homescreen.gaiamobile.org/index.html#root","name":"Homescreen","origin":"app://homescreen.gaiamobile.org"}}, {3f3e1a92-0372-404b-b05c-42b24c3036fd}, {3f3e1a92-0372-404b-b05c-42b24c3036fd}
04-26 07:15:55.953 I/Gecko   (   84): 1398521755970	Marionette	DEBUG	Got request: switchToFrame, data: {"to":"0","sessionId":"3-b2g","name":"switchToFrame","parameters":{"focus":true,"element":"{319499ae-5c3d-496f-b3a5-f9209f95aa5b}"}}, id: {5f238839-a28b-4d47-9efd-f82cda434c61}
04-26 07:15:55.973 I/Gecko   (   84): 1398521755984	Marionette	INFO	Switched to frame: {"frameValue":"{319499ae-5c3d-496f-b3a5-f9209f95aa5b}"}
04-26 07:15:56.023 I/Gecko   (   84): 1398521756038	Marionette	INFO	trying remote frame 0
04-26 07:15:56.033 I/Gecko   (   84): 1398521756046	Marionette	INFO	trying remote frame 1
04-26 07:15:56.043 I/Gecko   (   84): 1398521756062	Marionette	INFO	frame-manager load script: [object ChromeMessageSender]
04-26 07:15:56.683 I/Gecko   (   84): [Parent 84] WARNING: pipe error (154): Connection reset by peer: file ../../../gecko/ipc/chromium/src/chrome/common/ipc_channel_posix.cc, line 446
04-26 07:15:56.753 I/Gecko   (   84): 
04-26 07:15:56.753 I/Gecko   (   84): ###!!! [Parent][MessageChannel] Error: Channel error: cannot send/recv
04-26 07:15:56.753 I/Gecko   (   84): 
04-26 07:15:56.813 I/GeckoDump(   84): Crash reporter : Can't fetch app.reportCrashes. Exception: [Exception... "Component returned failure code: 0x8000ffff (NS_ERROR_UNEXPECTED) [nsIPrefBranch.getBoolPref]"  nsresult: "0x8000ffff (NS_ERROR_UNEXPECTED)"  location: "JS frame :: chrome://browser/content/shell.js :: shell_reportCrash :: line 7"  data: no]
04-26 07:15:56.833 I/Gecko   (   84): [Parent 84] WARNING: waitpid failed pid:931 errno:10: file ../../../gecko/ipc/chromium/src/base/process_util_posix.cc, line 254
04-26 07:15:56.973 I/Gecko   ( 1024): ###################################### forms.js loaded
04-26 07:15:57.043 I/Gecko   ( 1024): ############################### browserElementPanning.js loaded
04-26 07:15:57.063 I/Gecko   ( 1024): ######################## BrowserElementChildPreload.js loaded
04-26 07:15:57.253 W/WifiHW  (   84): wifi_command: SIGNAL_POLL
04-26 07:15:58.133 I/Gecko   (   84): 1398521758147	Marionette	INFO	sendToClient: {"from":"0","ok":true}, {5f238839-a28b-4d47-9efd-f82cda434c61}, {5f238839-a28b-4d47-9efd-f82cda434c61}
04-26 07:15:58.453 I/Gecko   (   84): 1398521758470	Marionette	INFO	sendToClient: {"from":"0","value":"app://homescreen.gaiamobile.org/index.html#root"}, {f8d78976-c3e0-481e-a574-ac40d9237323}, {f8d78976-c3e0-481e-a574-ac40d9237323}
04-26 07:15:58.463 I/Gecko   (   84): 1398521758477	Marionette	DEBUG	Got request: switchToFrame, data: {"to":"0","sessionId":"3-b2g","name":"switchToFrame","parameters":{"id":null,"focus":true}}, id: {5d674613-7679-40e8-b204-32a63f2c07a7}
04-26 07:15:58.503 I/Gecko   (   84): 1398521758513	Marionette	INFO	Switched to frame: {"frameValue":null}
04-26 07:15:58.603 I/Gecko   (   84): 1398521758616	Marionette	INFO	sendToClient: {"from":"0","ok":true}, {5d674613-7679-40e8-b204-32a63f2c07a7}, {5d674613-7679-40e8-b204-32a63f2c07a7}
04-26 07:15:58.603 I/Gecko   (   84): 1398521758622	Marionette	DEBUG	Got request: switchToFrame, data: {"to":"0","sessionId":"3-b2g","name":"switchToFrame","parameters":{"id":null,"focus":true}}, id: {dd5a54e0-e9f8-43c8-90dd-8694cb9db239}
04-26 07:15:58.613 I/Gecko   (   84): 1398521758628	Marionette	INFO	Switched to frame: {"frameValue":null}
04-26 07:15:58.723 I/Gecko   (   84): 1398521758737	Marionette	INFO	sendToClient: {"from":"0","ok":true}, {dd5a54e0-e9f8-43c8-90dd-8694cb9db239}, {dd5a54e0-e9f8-43c8-90dd-8694cb9db239}
04-26 07:15:58.733 I/Gecko   (   84): 1398521758743	Marionette	DEBUG	Got request: executeWithCallback, data: {"to":"0","sessionId":"3-b2g","name":"executeAsyncScript","parameters":{"specialPowers":false,"scriptTimeout":null,"newSandbox":true,"args":[],"filename":"gaia_test.py","script":"GaiaApps.killAll()","line":91}}, id: {74685da0-5a2c-4bd3-84c7-878baa51b0e6}
04-26 07:15:58.773 I/Gecko   (   84): 1398521758791	Marionette	INFO	sendToClient: {"from":"0","value":true}, {74685da0-5a2c-4bd3-84c7-878baa51b0e6}, {74685da0-5a2c-4bd3-84c7-878baa51b0e6}
04-26 07:15:58.783 I/Gecko   (   84): 1398521758797	Marionette	DEBUG	Got request: switchToFrame, data: {"to":"0","sessionId":"3-b2g","name":"switchToFrame","parameters":{"id":null,"focus":true}}, id: {073d052b-9bf8-4bce-b2f9-79cc465fbfac}
04-26 07:15:58.793 I/Gecko   (   84): 1398521758804	Marionette	INFO	Switched to frame: {"frameValue":null}
04-26 07:15:58.833 I/Gecko   (   84): [Parent 84] WARNING: waitpid failed pid:931 errno:10: file ../../../gecko/ipc/chromium/src/base/process_util_posix.cc, line 254
04-26 07:15:58.833 I/Gecko   (   84): [Parent 84] WARNING: Failed to deliver SIGKILL to 931!(3).: file ../../../gecko/ipc/chromium/src/chrome/common/process_watcher_posix_sigchld.cc, line 118
04-26 07:15:58.893 I/Gecko   (   84): 1398521758907	Marionette	INFO	sendToClient: {"from":"0","ok":true}, {073d052b-9bf8-4bce-b2f9-79cc465fbfac}, {073d052b-9bf8-4bce-b2f9-79cc465fbfac}
04-26 07:15:58.903 I/Gecko   (   84): 1398521758915	Marionette	DEBUG	Got request: executeWithCallback, data: {"to":"0","sessionId":"3-b2g","name":"executeAsyncScript","parameters":{"specialPowers":false,"scriptTimeout":60000,"newSandbox":true,"args":[],"filename":"app_checker.py","script":"\n        GaiaApps.locateWithManifestURL('https://marketplace.firefox.com/app/1fdbd28c-b78e-4b29-9b46-129dd68e4852/manifest.webapp',\n                                       null,\n                                       function uninstall(app) {\n                                       navigator.mozApps.mgmt.uninstall(app);\n                                       marionetteScriptFinished(true);\n                                       });\n        ","line":129}}, id: {b5d2064f-f839-4c1b-92e0-a4d9913b48b0}
04-26 07:15:58.953 I/Gecko   (   84): -- webapps.js uninstall https://marketplace.firefox.com/app/1fdbd28c-b78e-4b29-9b46-129dd68e4852/manifest.webapp
04-26 07:15:59.373 I/Gecko   (   84): 1398521759387	Marionette	INFO	sendToClient: {"from":"0","value":true}, {b5d2064f-f839-4c1b-92e0-a4d9913b48b0}, {b5d2064f-f839-4c1b-92e0-a4d9913b48b0}