--------- beginning of /dev/log/main
04-28 01:31:29.129 V/AudioPolicyManagerBase(   89): startOutput() output 1, stream 1, session 4
04-28 01:31:29.129 V/AudioPolicyManagerBase(   89): changeRefCount() stream 1, count 1
04-28 01:31:29.129 V/AudioPolicyManagerBase(   89): getDeviceForStrategy() from cache strategy 0, device 2
04-28 01:31:29.129 V/AudioPolicyManagerBase(   89): getNewDevice() selected device 2
04-28 01:31:29.129 D/AudioPolicyManagerBase(   89): setOutputDevice() output 1 device 2 delayMs 0
04-28 01:31:29.129 V/AudioPolicyManagerBase(   89): setOutputDevice() setting same device 2 or null device for output 1
04-28 01:31:29.129 E/AudioPolicyManagerBase(   89): checkAndSetVolume stream=1, index=0, output=1, device=2
04-28 01:31:29.129 E/AudioPolicyManagerBase(   89): computeVolume, streamDesc=0x1674bb8
04-28 01:31:29.229 W/AudioFlinger(   89): Thread AudioOut_1 cannot connect to the power manager service
04-28 01:31:29.229 V/AudioPolicyManagerBase(   89): stopOutput() output 1, stream 1, session 4
04-28 01:31:29.229 V/AudioPolicyManagerBase(   89): changeRefCount() stream 1, count 0
04-28 01:31:29.229 V/AudioPolicyManagerBase(   89): getNewDevice() selected device 0
04-28 01:31:29.229 D/AudioPolicyManagerBase(   89): setOutputDevice() output 1 device 0 delayMs 290
04-28 01:31:29.229 V/AudioPolicyManagerBase(   89): setOutputDevice() setting same device 0 or null device for output 1
04-28 01:31:29.229 V/AudioPolicyManagerBase(   89): releaseOutput() 1
04-28 01:31:29.289 I/Gecko   (   84): 1398673889297	Marionette	INFO	sendToClient: {"from":"0","ok":true}, {45144893-2ccb-48f4-9ff5-47a72e0b28c4}, {45144893-2ccb-48f4-9ff5-47a72e0b28c4}
04-28 01:31:29.349 I/Gecko   (   84): 1398673889358	Marionette	DEBUG	Got request: switchToFrame, data: {"to":"0","sessionId":"3-b2g","name":"switchToFrame","parameters":{"id":null,"focus":true}}, id: {4579100a-86e7-47ef-a347-de7996d09eae}
04-28 01:31:29.369 I/Gecko   (   84): 1398673889376	Marionette	INFO	Switched to frame: {"frameValue":null}
04-28 01:31:29.469 I/Gecko   (   84): 1398673889481	Marionette	INFO	sendToClient: {"from":"0","ok":true}, {4579100a-86e7-47ef-a347-de7996d09eae}, {4579100a-86e7-47ef-a347-de7996d09eae}
04-28 01:31:29.479 I/Gecko   (   84): 1398673889489	Marionette	DEBUG	Got request: executeWithCallback, data: {"to":"0","sessionId":"3-b2g","name":"executeAsyncScript","parameters":{"specialPowers":false,"scriptTimeout":null,"newSandbox":true,"args":[],"filename":"gaia_test.py","script":"return GaiaApps.displayedApp();","line":66}}, id: {295b9975-c6ca-465c-8bf0-0c470b992edb}
04-28 01:31:29.639 I/Gecko   (   84): 1398673889647	Marionette	INFO	sendToClient: {"from":"0","value":{"frame":{"ELEMENT":"{4df7453a-44b1-40b2-8141-501894adf398}"},"src":"app://homescreen.gaiamobile.org/index.html#root","name":"Homescreen","origin":"app://homescreen.gaiamobile.org"}}, {295b9975-c6ca-465c-8bf0-0c470b992edb}, {295b9975-c6ca-465c-8bf0-0c470b992edb}
04-28 01:31:29.649 E/GeckoConsole(   84): Content JS LOG at dummy file:392 in GaiaApps.displayedApp: app with origin 'app://homescreen.gaiamobile.org' is displayed
04-28 01:31:29.849 I/Gecko   (   84): 1398673889854	Marionette	DEBUG	Got request: switchToFrame, data: {"to":"0","sessionId":"3-b2g","name":"switchToFrame","parameters":{"id":null,"focus":true}}, id: {dc5fc3e1-6060-4332-bac9-b635fcdcd6a5}
04-28 01:31:29.849 I/Gecko   (   84): 1398673889862	Marionette	INFO	Switched to frame: {"frameValue":null}
04-28 01:31:29.939 I/Gecko   ( 1705): ###################################### forms.js loaded
04-28 01:31:29.959 I/Gecko   (   84): 1398673889964	Marionette	INFO	sendToClient: {"from":"0","ok":true}, {dc5fc3e1-6060-4332-bac9-b635fcdcd6a5}, {dc5fc3e1-6060-4332-bac9-b635fcdcd6a5}
04-28 01:31:29.959 I/Gecko   (   84): 1398673889970	Marionette	DEBUG	Got request: switchToFrame, data: {"to":"0","sessionId":"3-b2g","name":"switchToFrame","parameters":{"id":null,"focus":true}}, id: {30cf7e5c-7dbb-49ce-8f88-d0c7f07289e5}
04-28 01:31:29.959 I/Gecko   (   84): 1398673889972	Marionette	INFO	Switched to frame: {"frameValue":null}
04-28 01:31:30.019 I/Gecko   ( 1705): ############################### browserElementPanning.js loaded
04-28 01:31:30.049 I/Gecko   ( 1705): ######################## BrowserElementChildPreload.js loaded
04-28 01:31:30.069 I/Gecko   (   84): 1398673890077	Marionette	INFO	sendToClient: {"from":"0","ok":true}, {30cf7e5c-7dbb-49ce-8f88-d0c7f07289e5}, {30cf7e5c-7dbb-49ce-8f88-d0c7f07289e5}
04-28 01:31:30.069 I/Gecko   (   84): 1398673890083	Marionette	DEBUG	Got request: executeWithCallback, data: {"to":"0","sessionId":"3-b2g","name":"executeAsyncScript","parameters":{"specialPowers":false,"scriptTimeout":null,"newSandbox":true,"args":[],"filename":"gaia_test.py","script":"return GaiaApps.displayedApp();","line":66}}, id: {d678ed38-48b5-4fbc-8d2e-e65925d2890e}
04-28 01:31:30.159 E/GeckoConsole(   84): Content JS LOG at dummy file:392 in GaiaApps.displayedApp: app with origin 'app://homescreen.gaiamobile.org' is displayed
04-28 01:31:30.159 I/Gecko   (   84): 1398673890170	Marionette	INFO	sendToClient: {"from":"0","value":{"frame":{"ELEMENT":"{4df7453a-44b1-40b2-8141-501894adf398}"},"src":"app://homescreen.gaiamobile.org/index.html#root","name":"Homescreen","origin":"app://homescreen.gaiamobile.org"}}, {d678ed38-48b5-4fbc-8d2e-e65925d2890e}, {d678ed38-48b5-4fbc-8d2e-e65925d2890e}
04-28 01:31:30.219 I/Gecko   (   84): 1398673890232	Marionette	DEBUG	Got request: switchToFrame, data: {"to":"0","sessionId":"3-b2g","name":"switchToFrame","parameters":{"focus":true,"element":"{4df7453a-44b1-40b2-8141-501894adf398}"}}, id: {87ea337f-3761-4a0a-9c55-67f5639de11d}
04-28 01:31:30.249 I/Gecko   (   84): 1398673890254	Marionette	INFO	Switched to frame: {"frameValue":"{4df7453a-44b1-40b2-8141-501894adf398}"}
04-28 01:31:30.249 I/Gecko   (   84): 1398673890257	Marionette	INFO	trying remote frame 0
04-28 01:31:30.269 I/Gecko   (   84): 1398673890281	Marionette	INFO	trying remote frame 1
04-28 01:31:30.289 I/Gecko   (   84): 1398673890294	Marionette	INFO	trying remote frame 2
04-28 01:31:30.289 I/Gecko   (   84): 1398673890300	Marionette	INFO	deleting frame
04-28 01:31:30.309 I/Gecko   (   84): 1398673890318	Marionette	INFO	frame-manager load script: [object ChromeMessageSender]
04-28 01:31:30.389 W/WifiHW  (   84): wifi_command: SIGNAL_POLL
04-28 01:31:31.099 E/GeckoConsole( 1685): Content JS ERROR at app://homescreen.gaiamobile.org/gaia_build_defer_index.js:390 in loadSVConfFileError: Failed parsing singleVariant configuration file [js/singlevariantconf.json]:  [Exception... "File error: Not found"  nsresult: "0x80520012 (NS_ERROR_FILE_NOT_FOUND)"  location: "JS frame :: app://homescreen.gaiamobile.org/gaia_build_defer_index.js :: loadFile :: line 382"  data: no]
04-28 01:31:31.759 I/Gecko   (   84): 1398673891769	Marionette	INFO	sendToClient: {"from":"0","ok":true}, {87ea337f-3761-4a0a-9c55-67f5639de11d}, {87ea337f-3761-4a0a-9c55-67f5639de11d}
04-28 01:31:31.919 I/Gecko   (   84): 1398673891925	Marionette	INFO	sendToClient: {"from":"0","value":{"ELEMENT":"{5bfdbfdf-607d-4ba0-a9aa-928f783b8940}"}}, {c28d33a4-4c0f-4ffd-9ceb-0a93e85d5bbf}, {c28d33a4-4c0f-4ffd-9ceb-0a93e85d5bbf}
04-28 01:31:32.219 E/GeckoConsole( 1685): [JavaScript Warning: "Use of getAttributeNode() is deprecated. Use getAttribute() instead." {file: "chrome://marionette/content/atoms.js" line: 25}]
04-28 01:31:32.219 E/GeckoConsole( 1685): [JavaScript Warning: "Use of attributes' specified attribute is deprecated. It always returns true." {file: "chrome://marionette/content/atoms.js" line: 25}]
04-28 01:31:32.229 I/Gecko   (   84): 1398673892234	Marionette	INFO	sendToClient: {"from":"0","value":"normal"}, {e6a9af93-519d-4b72-aafe-63b68f9d923d}, {e6a9af93-519d-4b72-aafe-63b68f9d923d}
04-28 01:31:32.229 I/Gecko   (   84): 1398673892240	Marionette	DEBUG	Got request: switchToFrame, data: {"to":"0","sessionId":"3-b2g","name":"switchToFrame","parameters":{"id":null,"focus":true}}, id: {c11243a4-1bda-4b06-854a-9f05aaef4a33}
04-28 01:31:32.249 I/Gecko   (   84): 1398673892257	Marionette	INFO	Switched to frame: {"frameValue":null}
04-28 01:31:32.359 I/Gecko   (   84): 1398673892363	Marionette	INFO	sendToClient: {"from":"0","ok":true}, {c11243a4-1bda-4b06-854a-9f05aaef4a33}, {c11243a4-1bda-4b06-854a-9f05aaef4a33}
04-28 01:31:32.359 I/Gecko   (   84): 1398673892369	Marionette	DEBUG	Got request: execute, data: {"to":"0","sessionId":"3-b2g","name":"executeScript","parameters":{"specialPowers":false,"scriptTimeout":null,"newSandbox":true,"args":[],"filename":"gaia_test.py","script":"window.wrappedJSObject.dispatchEvent(new Event('home'));","line":788}}, id: {f54c8831-58d1-43c2-add9-2850310d1279}
04-28 01:31:32.429 I/Gecko   (   84): 1398673892435	Marionette	INFO	sendToClient: {"from":"0","value":null}, {f54c8831-58d1-43c2-add9-2850310d1279}, {f54c8831-58d1-43c2-add9-2850310d1279}
04-28 01:31:32.429 I/Gecko   (   84): 1398673892441	Marionette	DEBUG	Got request: switchToFrame, data: {"to":"0","sessionId":"3-b2g","name":"switchToFrame","parameters":{"id":null,"focus":true}}, id: {3d63591d-1324-41af-ac9b-6d8ce632b63a}
04-28 01:31:32.439 I/Gecko   (   84): 1398673892444	Marionette	INFO	Switched to frame: {"frameValue":null}
04-28 01:31:32.539 I/Gecko   (   84): 1398673892546	Marionette	INFO	sendToClient: {"from":"0","ok":true}, {3d63591d-1324-41af-ac9b-6d8ce632b63a}, {3d63591d-1324-41af-ac9b-6d8ce632b63a}
04-28 01:31:32.539 I/Gecko   (   84): 1398673892552	Marionette	DEBUG	Got request: switchToFrame, data: {"to":"0","sessionId":"3-b2g","name":"switchToFrame","parameters":{"id":null,"focus":true}}, id: {a0242465-9a15-44aa-884c-489b1cfe90f1}
04-28 01:31:32.549 I/Gecko   (   84): 1398673892554	Marionette	INFO	Switched to frame: {"frameValue":null}
04-28 01:31:33.309 I/Gecko   (   84): 1398673893315	Marionette	INFO	sendToClient: {"from":"0","ok":true}, {a0242465-9a15-44aa-884c-489b1cfe90f1}, {a0242465-9a15-44aa-884c-489b1cfe90f1}
04-28 01:31:33.459 I/Gecko   (   84): 1398673893464	Marionette	DEBUG	Got request: executeWithCallback, data: {"to":"0","sessionId":"3-b2g","name":"executeAsyncScript","parameters":{"specialPowers":false,"scriptTimeout":null,"newSandbox":true,"args":[],"filename":"gaia_test.py","script":"return GaiaApps.displayedApp();","line":66}}, id: {6ff89302-bafd-4e61-b754-19ff4d8a4284}
04-28 01:31:33.629 I/Gecko   (   84): 1398673893640	Marionette	INFO	sendToClient: {"from":"0","value":{"frame":{"ELEMENT":"{4df7453a-44b1-40b2-8141-501894adf398}"},"src":"app://homescreen.gaiamobile.org/index.html#rootMon%20Apr%2028%202014%2001:31:32%20GMT-0700%20(UTC)","name":"Homescreen","origin":"app://homescreen.gaiamobile.org"}}, {6ff89302-bafd-4e61-b754-19ff4d8a4284}, {6ff89302-bafd-4e61-b754-19ff4d8a4284}
04-28 01:31:33.639 E/GeckoConsole(   84): Content JS LOG at dummy file:392 in GaiaApps.displayedApp: app with origin 'app://homescreen.gaiamobile.org' is displayed
04-28 01:31:33.639 E/Profiler(   84): BPUnw: [1 total] thread_unregister_for_profiling(me=0x8a0308)  (NOT REGISTERED) 
04-28 01:31:33.649 I/Gecko   (   84): 1398673893658	Marionette	DEBUG	Got request: switchToFrame, data: {"to":"0","sessionId":"3-b2g","name":"switchToFrame","parameters":{"focus":true,"element":"{4df7453a-44b1-40b2-8141-501894adf398}"}}, id: {1aed54f8-3058-4dcc-8fbe-976214f1980e}
04-28 01:31:33.669 I/Gecko   (   84): 1398673893680	Marionette	INFO	Switched to frame: {"frameValue":"{4df7453a-44b1-40b2-8141-501894adf398}"}
04-28 01:31:33.699 I/Gecko   (   84): 1398673893713	Marionette	INFO	trying remote frame 0
04-28 01:31:33.719 I/Gecko   (   84): 1398673893730	Marionette	INFO	trying remote frame 1
04-28 01:31:33.719 I/Gecko   (   84): 1398673893731	Marionette	INFO	trying remote frame 2
04-28 01:31:34.139 I/Gecko   (   84): 1398673894148	Marionette	INFO	sendToClient: {"from":"0","ok":true}, {1aed54f8-3058-4dcc-8fbe-976214f1980e}, {1aed54f8-3058-4dcc-8fbe-976214f1980e}
04-28 01:31:34.149 I/Gecko   (   84): 1398673894156	Marionette	DEBUG	Got request: execute, data: {"to":"0","sessionId":"3-b2g","name":"executeScript","parameters":{"specialPowers":false,"scriptTimeout":null,"newSandbox":true,"args":[],"filename":"gaia_test.py","script":"return window.wrappedJSObject.GridManager.pageHelper.getCurrentPageNumber();","line":784}}, id: {b18308fb-e9d5-4caa-a562-33420e841d00}
04-28 01:31:34.919 I/Gecko   (   84): 1398673894927	Marionette	INFO	sendToClient: {"from":"0","value":0}, {b18308fb-e9d5-4caa-a562-33420e841d00}, {b18308fb-e9d5-4caa-a562-33420e841d00}
04-28 01:31:35.409 I/Gecko   (   84): 1398673895418	Marionette	INFO	sendToClient: {"from":"0","value":["{4b17ca00-4cdf-47a5-8625-648718257945}","{6a3edaf0-da85-451b-9a76-bd5819c5f59e}","{d4c7b7ff-ff10-4a3f-bf25-672a94286fb8}","{f3ba6a65-4f5c-4c8e-84b3-b14cd4a596fb}","{a196db13-38df-45b6-8d4c-8a6e12375f2e}","{21aaaf15-58f2-476e-939f-f4c2910aa0dc}","{ccdd663c-9a80-4c2b-8401-090fca460602}","{ec323505-e2fd-47c0-8cb2-f67c3e1c1a76}","{3f9535c7-25f6-4abb-babd-15c7ab0b438d}","{ee15a637-3c11-4aa1-95fd-d2ae7efafe2f}","{785abed6-5d14-4076-9289-5d775e89e4e7}","{e41f7212-99c5-4bc1-9ecd-e9100ddcd374}","{c64cfb7f-a290-457c-90cd-d5acc6ca1201}","{781d69b5-31b0-48ab-a7b9-036f1fc9d1cb}","{ceddb95b-8316-482a-b847-4d309d5d3a26}","{0e7ec272-fcb7-43cc-8a33-8d2b13a20127}","{63bb3ab2-0f0c-4212-adda-239732ac2d4e}","{3a383e55-d2c9-45fd-8292-67907727662b}","{830ea03d-2959-4534-ab4c-61cb9c828689}","{e50e6b10-0896-4962-8806-31d29eb87550}","{86bdd187-44b2-4b43-9437-4faec7100067}","{eb833e1f-bf39-4e43-b712-1c999bf8877f}","{884f1bdc-cd46-4336-baa7-36d146471473}","{71a2ff71-aa5f
04-28 01:31:35.429 W/WifiHW  (   84): wifi_command: SIGNAL_POLL
04-28 01:31:35.739 I/Gecko   (   84): 1398673895751	Marionette	INFO	sendToClient: {"from":"0","value":"app://homescreen.gaiamobile.org/index.html#rootMon%20Apr%2028%202014%2001:31:32%20GMT-0700%20(UTC)"}, {95777c7d-75e5-44df-b305-c3cf6c1b6708}, {95777c7d-75e5-44df-b305-c3cf6c1b6708}
04-28 01:31:35.749 I/Gecko   (   84): 1398673895757	Marionette	DEBUG	Got request: switchToFrame, data: {"to":"0","sessionId":"3-b2g","name":"switchToFrame","parameters":{"id":null,"focus":true}}, id: {680b46b4-6724-4e5f-82f4-2948d92418e4}
04-28 01:31:35.759 I/Gecko   (   84): 1398673895772	Marionette	INFO	Switched to frame: {"frameValue":null}
04-28 01:31:35.869 I/Gecko   (   84): 1398673895876	Marionette	INFO	sendToClient: {"from":"0","ok":true}, {680b46b4-6724-4e5f-82f4-2948d92418e4}, {680b46b4-6724-4e5f-82f4-2948d92418e4}
04-28 01:31:35.869 I/Gecko   (   84): 1398673895881	Marionette	DEBUG	Got request: switchToFrame, data: {"to":"0","sessionId":"3-b2g","name":"switchToFrame","parameters":{"id":null,"focus":true}}, id: {1ef65182-d3e9-4433-90a3-3a3cb5d6e7c6}
04-28 01:31:35.879 I/Gecko   (   84): 1398673895884	Marionette	INFO	Switched to frame: {"frameValue":null}
04-28 01:31:35.979 I/Gecko   (   84): 1398673895987	Marionette	INFO	sendToClient: {"from":"0","ok":true}, {1ef65182-d3e9-4433-90a3-3a3cb5d6e7c6}, {1ef65182-d3e9-4433-90a3-3a3cb5d6e7c6}
04-28 01:31:35.989 I/Gecko   (   84): 1398673895993	Marionette	DEBUG	Got request: executeWithCallback, data: {"to":"0","sessionId":"3-b2g","name":"executeAsyncScript","parameters":{"specialPowers":false,"scriptTimeout":30000,"newSandbox":true,"args":[],"filename":"app_checker.py","script":"GaiaApps.launchWithManifestURL('https://marketplace.firefox.com/app/55f9b047-c8b5-44ed-9ac9-3c4224ae11e3/manifest.webapp')","line":106}}, id: {61933ccc-e86a-4503-a603-8a297213c0fa}
04-28 01:31:36.189 I/Gonk    (   84): Setting nice for pid 1705 to 18
04-28 01:31:36.209 I/Gonk    (   84): Changed nice for pid 1705 from 0 to 18.
04-28 01:31:36.209 I/Gecko   (   84): [Parent 84] WARNING: waitpid failed pid:1705 errno:10: file ../../../gecko/ipc/chromium/src/base/process_util_posix.cc, line 254
04-28 01:31:36.229 I/Gonk    (   84): Setting nice for pid 1705 to 1
04-28 01:31:36.229 I/Gonk    (   84): Changed nice for pid 1705 from 18 to 1.
04-28 01:31:36.259 E/GeckoConsole(   84): Content JS LOG at dummy file:334 in GaiaApps.launch: launching app with name 'Suna un taxi'
04-28 01:31:36.599 D/Sensors (   84): activate handle=0; drv=0
04-28 01:31:36.599 D/Sensors (   84): Lis3dhSensor: Control set 1
04-28 01:31:36.599 D/Sensors (   84): Lis3dhSensor: mEnabled = 1
04-28 01:31:36.659 E/[Gralloc-ERROR](   84): int gralloc_register_buffer(const gralloc_module_t*, const native_handle_t*):79 Unable to register handle 0x44d9dd80 coming from different process: 84
04-28 01:31:36.689 E/[Gralloc-ERROR](   84): int gralloc_register_buffer(const gralloc_module_t*, const native_handle_t*):79 Unable to register handle 0x44db2100 coming from different process: 84
04-28 01:31:36.709 E/[Gralloc-ERROR](   84): int gralloc_register_buffer(const gralloc_module_t*, const native_handle_t*):79 Unable to register handle 0x44db21a0 coming from different process: 84
04-28 01:31:36.719 E/[Gralloc-ERROR](   84): int gralloc_register_buffer(const gralloc_module_t*, const native_handle_t*):79 Unable to register handle 0x44db22e0 coming from different process: 84
04-28 01:31:36.819 I/Gonk    (   84): Setting nice for pid 1685 to 18
04-28 01:31:36.819 I/Gonk    (   84): Changed nice for pid 1685 from 1 to 18.
04-28 01:31:37.609 E/GeckoConsole( 1705): [JavaScript Warning: "SyntaxError: Using //@ to indicate sourceMappingURL pragmas is deprecated. Use //# instead" {file: "app://{297a3b87-e0bb-4fb0-9050-c47464d8c1db}/js/jquery.min.js" line: 1}]
04-28 01:31:38.229 I/Gecko   (   84): 
04-28 01:31:38.229 I/Gecko   (   84): ###!!! [Parent][MessageChannel] Error: Channel error: cannot send/recv
04-28 01:31:38.229 I/Gecko   (   84): 
04-28 01:31:38.239 E/GeckoConsole( 1705): [JavaScript Error: "The character encoding of the HTML document was not declared. The document will render with garbled text in some browser configurations if the document contains characters from outside the US-ASCII range. The character encoding of the page must be declared in the document or in the transfer protocol." {file: "app://{297a3b87-e0bb-4fb0-9050-c47464d8c1db}/index.html" line: 0}]
04-28 01:31:38.299 I/GeckoDump(   84): Crash reporter : Can't fetch app.reportCrashes. Exception: [Exception... "Component returned failure code: 0x8000ffff (NS_ERROR_UNEXPECTED) [nsIPrefBranch.getBoolPref]"  nsresult: "0x8000ffff (NS_ERROR_UNEXPECTED)"  location: "JS frame :: chrome://browser/content/shell.js :: shell_reportCrash :: line 7"  data: no]
04-28 01:31:38.299 I/Gecko   (   84): [Parent 84] WARNING: waitpid failed pid:1685 errno:10: file ../../../gecko/ipc/chromium/src/base/process_util_posix.cc, line 254
04-28 01:31:39.639 E/GeckoConsole( 1705): [JavaScript Warning: "Unknown property 'box-sizing'.  Declaration dropped." {file: "app://{297a3b87-e0bb-4fb0-9050-c47464d8c1db}/index.html" line: 0 column: 10 source: "box-sizing:border-box;-moz-box-sizing:border-box;-webkit-box-sizing:border-box;padding:1px;border:1px;display:block;width:4px;margin-top:1%;position:absolute;top:1%;"}]
04-28 01:31:39.649 E/GeckoConsole( 1705): [JavaScript Warning: "Unknown property 'box-sizing'.  Declaration dropped." {file: "app://{297a3b87-e0bb-4fb0-9050-c47464d8c1db}/index.html" line: 0 column: 52 source: "padding:0;margin:0;border:0;display:block;box-sizing:content-box;-moz-box-sizing:content-box;-webkit-box-sizing:content-box;"}]
04-28 01:31:39.649 E/GeckoConsole( 1705): [JavaScript Warning: "Unknown property 'box-sizing'.  Declaration dropped." {file: "app://{297a3b87-e0bb-4fb0-9050-c47464d8c1db}/index.html" line: 0 column: 52 source: "padding:0;margin:0;border:0;display:block;box-sizing:content-box;-moz-box-sizing:content-box;-webkit-box-sizing:content-box;"}]
04-28 01:31:40.299 I/Gecko   (   84): [Parent 84] WARNING: waitpid failed pid:1685 errno:10: file ../../../gecko/ipc/chromium/src/base/process_util_posix.cc, line 254
04-28 01:31:40.299 I/Gecko   (   84): [Parent 84] WARNING: Failed to deliver SIGKILL to 1685!(3).: file ../../../gecko/ipc/chromium/src/chrome/common/process_watcher_posix_sigchld.cc, line 118
04-28 01:31:40.709 I/Gonk    (   84): Setting nice for pid 1826 to 18
04-28 01:31:40.709 I/Gonk    (   84): Changed nice for pid 1826 from 0 to 18.
04-28 01:31:40.729 E/[Gralloc-ERROR](   84): int gralloc_unregister_buffer(const gralloc_module_t*, const native_handle_t*):274 Trying to unregister buffer 0x44db2100 from process 84 that was not created in current process: 84
04-28 01:31:40.729 E/GeckoConsole(   84): Content JS LOG at dummy file:326 in GaiaApps.launch/appOpen/<: app with origin 'app://{297a3b87-e0bb-4fb0-9050-c47464d8c1db}' has launched
04-28 01:31:40.739 I/Gecko   (   84): 1398673900749	Marionette	INFO	sendToClient: {"from":"0","value":{"frame":{"ELEMENT":"{1883c255-8f4c-434d-ae45-6aaddb9f36fa}"},"src":"app://{297a3b87-e0bb-4fb0-9050-c47464d8c1db}/index.html","name":"Suna un taxi","origin":"app://{297a3b87-e0bb-4fb0-9050-c47464d8c1db}"}}, {61933ccc-e86a-4503-a603-8a297213c0fa}, {61933ccc-e86a-4503-a603-8a297213c0fa}
04-28 01:31:40.749 W/WifiHW  (   84): wifi_command: SIGNAL_POLL
04-28 01:31:40.759 E/[Gralloc-ERROR](   84): int gralloc_unregister_buffer(const gralloc_module_t*, const native_handle_t*):274 Trying to unregister buffer 0x44d9dd80 from process 84 that was not created in current process: 84
04-28 01:31:40.769 E/[Gralloc-ERROR](   84): int gralloc_unregister_buffer(const gralloc_module_t*, const native_handle_t*):274 Trying to unregister buffer 0x44db22e0 from process 84 that was not created in current process: 84
04-28 01:31:40.769 E/[Gralloc-ERROR](   84): int gralloc_unregister_buffer(const gralloc_module_t*, const native_handle_t*):274 Trying to unregister buffer 0x44db21a0 from process 84 that was not created in current process: 84
04-28 01:31:40.779 I/Gonk    (   84): Setting nice for pid 1826 to 18
04-28 01:31:40.779 I/Gonk    (   84): Changed nice for pid 1826 from 18 to 18.
04-28 01:31:40.779 I/Gecko   (   84): [Parent 84] WARNING: waitpid failed pid:1826 errno:10: file ../../../gecko/ipc/chromium/src/base/process_util_posix.cc, line 254
04-28 01:31:40.789 I/Gecko   (   84): 1398673900800	Marionette	DEBUG	Got request: switchToFrame, data: {"to":"0","sessionId":"3-b2g","name":"switchToFrame","parameters":{"focus":true,"element":"{1883c255-8f4c-434d-ae45-6aaddb9f36fa}"}}, id: {5ec6da34-1371-4395-af24-5fd1530803b8}
04-28 01:31:40.869 I/Gecko   (   84): 1398673900874	Marionette	INFO	Switched to frame: {"frameValue":"{1883c255-8f4c-434d-ae45-6aaddb9f36fa}"}
04-28 01:31:40.879 I/Gecko   (   84): 1398673900886	Marionette	INFO	trying remote frame 0
04-28 01:31:40.889 I/Gecko   (   84): 1398673900897	Marionette	INFO	trying remote frame 1
04-28 01:31:40.909 I/Gecko   (   84): 1398673900920	Marionette	INFO	trying remote frame 2
04-28 01:31:40.919 I/Gecko   (   84): 1398673900927	Marionette	INFO	deleting frame
04-28 01:31:40.919 I/Gecko   (   84): 1398673900932	Marionette	INFO	frame-manager load script: [object ChromeMessageSender]
04-28 01:31:41.229 I/Gonk    (   84): Setting nice for pid 1834 to 18
04-28 01:31:41.229 I/Gonk    (   84): Changed nice for pid 1834 from 0 to 18.
04-28 01:31:41.579 I/Gecko   (   84): 1398673901586	Marionette	INFO	sendToClient: {"from":"0","ok":true}, {5ec6da34-1371-4395-af24-5fd1530803b8}, {5ec6da34-1371-4395-af24-5fd1530803b8}
04-28 01:31:41.629 I/Gecko   (   84): 1398673901642	Marionette	INFO	sendToClient: {"from":"0","value":"app://{297a3b87-e0bb-4fb0-9050-c47464d8c1db}/index.html"}, {6739af90-7610-41aa-bee2-e95fb3903186}, {6739af90-7610-41aa-bee2-e95fb3903186}
04-28 01:31:41.639 I/Gecko   (   84): 1398673901649	Marionette	DEBUG	Got request: execute, data: {"to":"0","sessionId":"3-b2g","name":"executeScript","parameters":{"specialPowers":false,"scriptTimeout":null,"newSandbox":true,"args":[],"filename":"app_checker.py","script":"return window.document.readyState;","line":191}}, id: {2cc19910-62dd-4b98-b998-ddbfbdfa62fa}
04-28 01:31:41.739 I/Gecko   (   84): 1398673901746	Marionette	INFO	sendToClient: {"from":"0","value":"complete"}, {2cc19910-62dd-4b98-b998-ddbfbdfa62fa}, {2cc19910-62dd-4b98-b998-ddbfbdfa62fa}
04-28 01:31:41.749 I/Gecko   (   84): 1398673901754	Marionette	INFO	sendToClient: {"from":"0","value":"app://{297a3b87-e0bb-4fb0-9050-c47464d8c1db}/index.html"}, {30df9d04-7e0c-4d97-8c33-f0efaa640b60}, {30df9d04-7e0c-4d97-8c33-f0efaa640b60}
04-28 01:31:41.759 I/Gecko   ( 1705): Attempting load of libEGL.so
04-28 01:31:41.779 I/Gonk    (   84): Setting nice for pid 1826 to 18
04-28 01:31:41.779 I/Gonk    (   84): Changed nice for pid 1826 from 18 to 18.
04-28 01:31:41.799 D/libEGL  ( 1705): loaded /system/lib/egl/libEGL_mali.so
04-28 01:31:41.809 D/libEGL  ( 1705): loaded /system/lib/egl/libGLESv1_CM_mali.so
04-28 01:31:41.819 D/libEGL  ( 1705): loaded /system/lib/egl/libGLESv2_mali.so
04-28 01:31:41.889 I/Gecko   ( 1705): SharedSurface_Gralloc::Create -------
04-28 01:31:41.919 I/Gecko   ( 1705): SharedSurface_Gralloc::Create: success -- surface 0x4362c300, GraphicBuffer 0x43fad300.
04-28 01:31:42.109 I/log     ( 1845): <4>0[ 374.095469] select 1826 ((Preallocated a), adj 8, size 2529, to kill 
04-28 01:31:42.609 I/Gecko   (   84): 
04-28 01:31:42.609 I/Gecko   (   84): ###!!! [Parent][MessageChannel] Error: Channel error: cannot send/recv
04-28 01:31:42.609 I/Gecko   (   84): 
04-28 01:31:42.679 I/GeckoDump(   84): Crash reporter : Can't fetch app.reportCrashes. Exception: [Exception... "Component returned failure code: 0x8000ffff (NS_ERROR_UNEXPECTED) [nsIPrefBranch.getBoolPref]"  nsresult: "0x8000ffff (NS_ERROR_UNEXPECTED)"  location: "JS frame :: chrome://browser/content/shell.js :: shell_reportCrash :: line 7"  data: no]
04-28 01:31:42.679 I/Gecko   (   84): [Parent 84] WARNING: waitpid failed pid:1826 errno:10: file ../../../gecko/ipc/chromium/src/base/process_util_posix.cc, line 254
04-28 01:31:43.419 I/Gecko   (   84): 1398673903426	Marionette	INFO	sendToClient: {"from":"0","value":"iVBORw0KGgoAAAANSUhEUgAAAUAAAAHMCAYAAACk4nEJAAAgAElEQVR4nOydd1wUZ/7HHyyo0fScphtbyt0lJrlLLvEXvZy5M7nEJCZeiunN9GaL0WAsoLSlqaggKEFARVSsYBfBgtKRIr0IIr333c/vj8d1d9k2uyw7u+z3eb3eL5nZZ575Ps/MvJ15pjwMmxkIgiBsESZ2AARBEGJBAiQIwmYhARIEYbOQAAmCsFnYpYUMBEEQtggr+52BIAjCFmGQMBAEQdgiJhGgzJ2h05WhzYWheRVD00qGRoIgCBPRtJK7pc2FocuNO8ciBNjtxgOrXMZQ4sCQv4gh51fxr+0Jgug/5PzK3VLiwF3T4szdI6oAu90YGpwYih0Y8gJeRcrRLTgXE42YmBiCIAiTci4mGilHtyDX/xWUOHD39FaCRgtQ5s7P/IodGIoOuyMtLRWpqQRBEH1LWloqig65otiBO6g3EjRagJ2uDFeXMVwOew8lJSUEQRBmo7S0BJfD3sPVa5fDZhdgqzM/+6vLiUF1dTVBEIRZqb10AsUODLWOIgiweRVD3iKG+qvFqK2tJQiCMCv1V4uRt4hfiZpdgE0r+d2Z+vp6giAIUbi0kKH8dxEE2HhNgI2NjQRBEKJwaSF/o0M0ATY3NxMEQYiC6AJsbW0lCIIQBdEF2N7eThAEIQqiC7Cjo4MgCEIURBdgV1cXQRCEKIguwO7ublHp7OxEe3u7qOtva2sTvR0IwhYRXYBSqVQwHR0dKCwsNGgZfVRVVSEjI8OkZRpCdXU1Ll682GflNzU1obi4WLT6EYQlI7oAZTKZYNra2hAfH6/xt87OTuTm5hpUnkwmQ3V1NTIzMw1ezlTU1NQgIyOjz8rv7OxETU2NaPUjCEtGdAEaktrb23H+/Hl0dHSgsbERmZmZKCsrAwAUFhYiJiYGDQ0N6OjoQENDAzIyMtDZ2Y
04-28 01:31:43.759 I/Gecko   (   84): 1398673903763	Marionette	INFO	sendToClient: {"from":"0","ok":true}, {bb09b006-edcb-4780-81c3-4be34dd1a513}, {bb09b006-edcb-4780-81c3-4be34dd1a513}
04-28 01:31:43.899 I/Gecko   (   84): 1398673903912	Marionette	DEBUG	Got request: switchToFrame, data: {"to":"0","sessionId":"3-b2g","name":"switchToFrame","parameters":{"id":null,"focus":true}}, id: {478e014d-cfdf-4665-bdf6-28edcdb463fc}
04-28 01:31:43.949 I/Gecko   (   84): 1398673903962	Marionette	INFO	Switched to frame: {"frameValue":null}
04-28 01:31:44.059 I/Gecko   (   84): 1398673904066	Marionette	INFO	sendToClient: {"from":"0","ok":true}, {478e014d-cfdf-4665-bdf6-28edcdb463fc}, {478e014d-cfdf-4665-bdf6-28edcdb463fc}
04-28 01:31:44.059 I/Gecko   (   84): 1398673904072	Marionette	DEBUG	Got request: executeWithCallback, data: {"to":"0","sessionId":"3-b2g","name":"executeAsyncScript","parameters":{"specialPowers":false,"scriptTimeout":null,"newSandbox":true,"args":[],"filename":"gaia_test.py","script":"return GaiaApps.displayedApp();","line":66}}, id: {76974bbc-e723-4545-960b-24846aec322e}
04-28 01:31:44.139 I/Gecko   (   84): 1398673904148	Marionette	INFO	sendToClient: {"from":"0","value":{"frame":{"ELEMENT":"{1883c255-8f4c-434d-ae45-6aaddb9f36fa}"},"src":"app://{297a3b87-e0bb-4fb0-9050-c47464d8c1db}/index.html","name":"Suna un taxi","origin":"app://{297a3b87-e0bb-4fb0-9050-c47464d8c1db}"}}, {76974bbc-e723-4545-960b-24846aec322e}, {76974bbc-e723-4545-960b-24846aec322e}
04-28 01:31:44.149 E/GeckoConsole(   84): Content JS LOG at dummy file:392 in GaiaApps.displayedApp: app with origin 'app://{297a3b87-e0bb-4fb0-9050-c47464d8c1db}' is displayed
04-28 01:31:44.159 I/Gecko   (   84): 1398673904163	Marionette	DEBUG	Got request: switchToFrame, data: {"to":"0","sessionId":"3-b2g","name":"switchToFrame","parameters":{"id":null,"focus":true}}, id: {22944c85-7695-4190-9930-e133fddde81e}
04-28 01:31:44.159 I/Gecko   (   84): 1398673904165	Marionette	INFO	Switched to frame: {"frameValue":null}
04-28 01:31:44.329 I/Gecko   (   84): 1398673904336	Marionette	INFO	sendToClient: {"from":"0","ok":true}, {22944c85-7695-4190-9930-e133fddde81e}, {22944c85-7695-4190-9930-e133fddde81e}
04-28 01:31:44.339 I/Gecko   (   84): 1398673904345	Marionette	DEBUG	Got request: execute, data: {"to":"0","sessionId":"3-b2g","name":"executeScript","parameters":{"specialPowers":false,"scriptTimeout":null,"newSandbox":true,"args":[],"filename":"gaia_test.py","script":"window.wrappedJSObject.dispatchEvent(new Event('home'));","line":788}}, id: {59b78b23-2888-40c8-8492-dc040dfcf616}
04-28 01:31:44.439 I/Gonk    (   84): Setting nice for pid 1834 to 18
04-28 01:31:44.439 I/Gonk    (   84): Changed nice for pid 1834 from 18 to 18.
04-28 01:31:44.439 I/Gecko   (   84): [Parent 84] WARNING: waitpid failed pid:1834 errno:10: file ../../../gecko/ipc/chromium/src/base/process_util_posix.cc, line 254
04-28 01:31:44.449 I/Gonk    (   84): Setting nice for pid 1834 to 1
04-28 01:31:44.449 I/Gonk    (   84): Changed nice for pid 1834 from 18 to 1.
04-28 01:31:44.469 D/Sensors (   84): activate handle=0; drv=0
04-28 01:31:44.469 D/Sensors (   84): Lis3dhSensor: Control set 0
04-28 01:31:44.469 D/Sensors (   84): Lis3dhSensor: mEnabled = 0
04-28 01:31:44.549 I/Gecko   (   84): 1398673904559	Marionette	INFO	sendToClient: {"from":"0","value":null}, {59b78b23-2888-40c8-8492-dc040dfcf616}, {59b78b23-2888-40c8-8492-dc040dfcf616}
04-28 01:31:44.569 I/Gecko   (   84): 1398673904579	Marionette	DEBUG	Got request: switchToFrame, data: {"to":"0","sessionId":"3-b2g","name":"switchToFrame","parameters":{"id":null,"focus":true}}, id: {08560c22-029e-46b4-a1bc-de52fd0bb4bd}
04-28 01:31:44.579 I/Gecko   (   84): 1398673904585	Marionette	INFO	Switched to frame: {"frameValue":null}
04-28 01:31:44.679 I/Gecko   (   84): [Parent 84] WARNING: waitpid failed pid:1826 errno:10: file ../../../gecko/ipc/chromium/src/base/process_util_posix.cc, line 254
04-28 01:31:44.679 I/Gecko   (   84): [Parent 84] WARNING: Failed to deliver SIGKILL to 1826!(3).: file ../../../gecko/ipc/chromium/src/chrome/common/process_watcher_posix_sigchld.cc, line 118
04-28 01:31:44.679 I/Gecko   (   84): 1398673904688	Marionette	INFO	sendToClient: {"from":"0","ok":true}, {08560c22-029e-46b4-a1bc-de52fd0bb4bd}, {08560c22-029e-46b4-a1bc-de52fd0bb4bd}
04-28 01:31:44.689 I/Gecko   (   84): 1398673904694	Marionette	DEBUG	Got request: executeWithCallback, data: {"to":"0","sessionId":"3-b2g","name":"executeAsyncScript","parameters":{"specialPowers":false,"scriptTimeout":null,"newSandbox":true,"args":[],"filename":"gaia_test.py","script":"return GaiaApps.displayedApp();","line":66}}, id: {dcc52a40-4271-46b9-8fe5-a84e938b730d}
04-28 01:31:44.749 I/Gecko   (   84): 1398673904758	Marionette	INFO	sendToClient: {"from":"0","value":{"frame":{"ELEMENT":"{868ee0fb-d1bf-4c99-99d8-a7e560202a2d}"},"src":"app://homescreen.gaiamobile.org/index.html#root","name":"Homescreen","origin":"app://homescreen.gaiamobile.org"}}, {dcc52a40-4271-46b9-8fe5-a84e938b730d}, {dcc52a40-4271-46b9-8fe5-a84e938b730d}
04-28 01:31:44.759 E/GeckoConsole(   84): Content JS LOG at dummy file:392 in GaiaApps.displayedApp: app with origin 'app://homescreen.gaiamobile.org' is displayed
04-28 01:31:44.759 I/Gecko   (   84): 1398673904772	Marionette	DEBUG	Got request: switchToFrame, data: {"to":"0","sessionId":"3-b2g","name":"switchToFrame","parameters":{"id":null,"focus":true}}, id: {2806a007-8ffc-4441-a8f2-1426d9d87b1f}
04-28 01:31:44.779 I/Gecko   (   84): 1398673904784	Marionette	INFO	Switched to frame: {"frameValue":null}
04-28 01:31:44.889 I/Gecko   (   84): 1398673904894	Marionette	INFO	sendToClient: {"from":"0","ok":true}, {2806a007-8ffc-4441-a8f2-1426d9d87b1f}, {2806a007-8ffc-4441-a8f2-1426d9d87b1f}
04-28 01:31:44.899 I/Gecko   (   84): 1398673904905	Marionette	DEBUG	Got request: switchToFrame, data: {"to":"0","sessionId":"3-b2g","name":"switchToFrame","parameters":{"id":null,"focus":true}}, id: {74b7ed7a-f97b-4246-98d9-2f5b99984a20}
04-28 01:31:44.899 I/Gecko   (   84): 1398673904907	Marionette	INFO	Switched to frame: {"frameValue":null}
04-28 01:31:44.999 I/Gecko   (   84): 1398673905010	Marionette	INFO	sendToClient: {"from":"0","ok":true}, {74b7ed7a-f97b-4246-98d9-2f5b99984a20}, {74b7ed7a-f97b-4246-98d9-2f5b99984a20}
04-28 01:31:45.009 I/Gecko   (   84): 1398673905016	Marionette	DEBUG	Got request: executeWithCallback, data: {"to":"0","sessionId":"3-b2g","name":"executeAsyncScript","parameters":{"specialPowers":false,"scriptTimeout":null,"newSandbox":true,"args":[],"filename":"gaia_test.py","script":"return GaiaApps.displayedApp();","line":66}}, id: {1f8ba9ab-9e0b-4e08-96cd-0d919eb534e9}
04-28 01:31:45.059 I/Gecko   (   84): 1398673905072	Marionette	INFO	sendToClient: {"from":"0","value":{"frame":{"ELEMENT":"{868ee0fb-d1bf-4c99-99d8-a7e560202a2d}"},"src":"app://homescreen.gaiamobile.org/index.html#root","name":"Homescreen","origin":"app://homescreen.gaiamobile.org"}}, {1f8ba9ab-9e0b-4e08-96cd-0d919eb534e9}, {1f8ba9ab-9e0b-4e08-96cd-0d919eb534e9}
04-28 01:31:45.079 E/GeckoConsole(   84): Content JS LOG at dummy file:392 in GaiaApps.displayedApp: app with origin 'app://homescreen.gaiamobile.org' is displayed
04-28 01:31:45.089 I/Gecko   (   84): 1398673905098	Marionette	DEBUG	Got request: switchToFrame, data: {"to":"0","sessionId":"3-b2g","name":"switchToFrame","parameters":{"focus":true,"element":"{868ee0fb-d1bf-4c99-99d8-a7e560202a2d}"}}, id: {ab200a41-04eb-4eb3-982e-12ad0672af2a}
04-28 01:31:45.119 I/Gecko   (   84): 1398673905126	Marionette	INFO	Switched to frame: {"frameValue":"{868ee0fb-d1bf-4c99-99d8-a7e560202a2d}"}
04-28 01:31:45.119 I/Gecko   (   84): 1398673905129	Marionette	INFO	trying remote frame 0
04-28 01:31:45.129 I/Gecko   (   84): 1398673905141	Marionette	INFO	trying remote frame 1
04-28 01:31:45.149 I/Gecko   (   84): 1398673905162	Marionette	INFO	trying remote frame 2
04-28 01:31:45.159 I/Gecko   (   84): 1398673905163	Marionette	INFO	deleting frame
04-28 01:31:45.159 I/Gecko   (   84): 1398673905168	Marionette	INFO	frame-manager load script: [object ChromeMessageSender]
04-28 01:31:46.849 W/WifiHW  (   84): wifi_command: SIGNAL_POLL
04-28 01:31:46.909 I/Gonk    (   84): Setting nice for pid 1705 to 18
04-28 01:31:46.909 I/Gonk    (   84): Changed nice for pid 1705 from 1 to 18.
04-28 01:31:47.059 I/Gonk    (   84): Setting nice for pid 1848 to 18
04-28 01:31:47.059 I/Gonk    (   84): Changed nice for pid 1848 from 0 to 18.
04-28 01:31:47.179 I/Gonk    (   84): Setting nice for pid 1856 to 18
04-28 01:31:47.179 I/Gonk    (   84): Changed nice for pid 1856 from 0 to 18.
04-28 01:31:47.769 I/Gecko   ( 1834): ###################################### forms.js loaded
04-28 01:31:47.849 I/Gecko   ( 1834): ############################### browserElementPanning.js loaded
04-28 01:31:47.879 I/Gecko   ( 1834): ######################## BrowserElementChildPreload.js loaded
04-28 01:31:48.309 I/Gecko   (   84): 
04-28 01:31:48.309 I/Gecko   (   84): ###!!! [Parent][MessageChannel] Error: Channel error: cannot send/recv
04-28 01:31:48.309 I/Gecko   (   84): 
04-28 01:31:48.439 I/GeckoDump(   84): Crash reporter : Can't fetch app.reportCrashes. Exception: [Exception... "Component returned failure code: 0x8000ffff (NS_ERROR_UNEXPECTED) [nsIPrefBranch.getBoolPref]"  nsresult: "0x8000ffff (NS_ERROR_UNEXPECTED)"  location: "JS frame :: chrome://browser/content/shell.js :: shell_reportCrash :: line 7"  data: no]
04-28 01:31:48.449 I/Gecko   (   84): [Parent 84] WARNING: waitpid failed pid:1705 errno:10: file ../../../gecko/ipc/chromium/src/base/process_util_posix.cc, line 254
04-28 01:31:48.999 I/Gecko   (   84): 1398673909007	Marionette	INFO	sendToClient: {"from":"0","ok":true}, {ab200a41-04eb-4eb3-982e-12ad0672af2a}, {ab200a41-04eb-4eb3-982e-12ad0672af2a}
04-28 01:31:49.429 I/Gecko   (   84): 1398673909436	Marionette	INFO	sendToClient: {"from":"0","value":"app://homescreen.gaiamobile.org/index.html#root"}, {1f49e6b0-4b63-49a6-8993-2abc7cc05302}, {1f49e6b0-4b63-49a6-8993-2abc7cc05302}
04-28 01:31:49.439 I/Gecko   (   84): 1398673909449	Marionette	DEBUG	Got request: switchToFrame, data: {"to":"0","sessionId":"3-b2g","name":"switchToFrame","parameters":{"id":null,"focus":true}}, id: {5cc118a2-d373-4604-a305-e81e55fea7b6}
04-28 01:31:49.469 I/Gecko   (   84): 1398673909481	Marionette	INFO	Switched to frame: {"frameValue":null}
04-28 01:31:49.589 I/Gecko   (   84): 1398673909596	Marionette	INFO	sendToClient: {"from":"0","ok":true}, {5cc118a2-d373-4604-a305-e81e55fea7b6}, {5cc118a2-d373-4604-a305-e81e55fea7b6}
04-28 01:31:49.589 I/Gecko   (   84): 1398673909601	Marionette	DEBUG	Got request: switchToFrame, data: {"to":"0","sessionId":"3-b2g","name":"switchToFrame","parameters":{"id":null,"focus":true}}, id: {271c7458-b9f4-49b7-96ee-cc926f119723}
04-28 01:31:49.599 I/Gecko   (   84): 1398673909603	Marionette	INFO	Switched to frame: {"frameValue":null}
04-28 01:31:49.709 I/Gecko   (   84): 1398673909715	Marionette	INFO	sendToClient: {"from":"0","ok":true}, {271c7458-b9f4-49b7-96ee-cc926f119723}, {271c7458-b9f4-49b7-96ee-cc926f119723}
04-28 01:31:49.709 I/Gecko   (   84): 1398673909721	Marionette	DEBUG	Got request: executeWithCallback, data: {"to":"0","sessionId":"3-b2g","name":"executeAsyncScript","parameters":{"specialPowers":false,"scriptTimeout":null,"newSandbox":true,"args":[],"filename":"gaia_test.py","script":"GaiaApps.killAll()","line":91}}, id: {ad94d9e6-b136-465f-8a24-0bac01bd1763}
04-28 01:31:49.779 I/Gecko   (   84): 1398673909790	Marionette	INFO	sendToClient: {"from":"0","value":true}, {ad94d9e6-b136-465f-8a24-0bac01bd1763}, {ad94d9e6-b136-465f-8a24-0bac01bd1763}
04-28 01:31:49.789 I/Gecko   (   84): 1398673909796	Marionette	DEBUG	Got request: switchToFrame, data: {"to":"0","sessionId":"3-b2g","name":"switchToFrame","parameters":{"id":null,"focus":true}}, id: {f3a08f7d-a7bf-4d69-80f4-3eb4d9207a42}
04-28 01:31:49.789 I/Gecko   (   84): 1398673909797	Marionette	INFO	Switched to frame: {"frameValue":null}
04-28 01:31:49.889 I/Gecko   (   84): 1398673909900	Marionette	INFO	sendToClient: {"from":"0","ok":true}, {f3a08f7d-a7bf-4d69-80f4-3eb4d9207a42}, {f3a08f7d-a7bf-4d69-80f4-3eb4d9207a42}
04-28 01:31:49.899 I/Gecko   (   84): 1398673909906	Marionette	DEBUG	Got request: executeWithCallback, data: {"to":"0","sessionId":"3-b2g","name":"executeAsyncScript","parameters":{"specialPowers":false,"scriptTimeout":60000,"newSandbox":true,"args":[],"filename":"app_checker.py","script":"\n        GaiaApps.locateWithManifestURL('https://marketplace.firefox.com/app/55f9b047-c8b5-44ed-9ac9-3c4224ae11e3/manifest.webapp',\n                                       null,\n                                       function uninstall(app) {\n                                       navigator.mozApps.mgmt.uninstall(app);\n                                       marionetteScriptFinished(true);\n                                       });\n        ","line":129}}, id: {19f1fbf2-17fe-451e-b3a6-ffb30eafd21d}
04-28 01:31:49.929 I/Gecko   (   84): -- webapps.js uninstall https://marketplace.firefox.com/app/55f9b047-c8b5-44ed-9ac9-3c4224ae11e3/manifest.webapp
04-28 01:31:50.349 I/Gecko   (   84): 1398673910353	Marionette	INFO	sendToClient: {"from":"0","value":true}, {19f1fbf2-17fe-451e-b3a6-ffb30eafd21d}, {19f1fbf2-17fe-451e-b3a6-ffb30eafd21d}
04-28 01:31:50.449 I/Gecko   (   84): [Parent 84] WARNING: waitpid failed pid:1705 errno:10: file ../../../gecko/ipc/chromium/src/base/process_util_posix.cc, line 254
04-28 01:31:50.449 I/Gecko   (   84): [Parent 84] WARNING: Failed to deliver SIGKILL to 1705!(3).: file ../../../gecko/ipc/chromium/src/chrome/common/process_watcher_posix_sigchld.cc, line 118