--------- beginning of /dev/log/main
04-25 12:16:55.569 V/AudioPolicyManagerBase(   89): startOutput() output 1, stream 1, session 7
04-25 12:16:55.569 V/AudioPolicyManagerBase(   89): changeRefCount() stream 1, count 1
04-25 12:16:55.569 V/AudioPolicyManagerBase(   89): getDeviceForStrategy() from cache strategy 0, device 2
04-25 12:16:55.569 V/AudioPolicyManagerBase(   89): getNewDevice() selected device 2
04-25 12:16:55.569 D/AudioPolicyManagerBase(   89): setOutputDevice() output 1 device 2 delayMs 0
04-25 12:16:55.569 V/AudioPolicyManagerBase(   89): setOutputDevice() setting same device 2 or null device for output 1
04-25 12:16:55.569 E/AudioPolicyManagerBase(   89): checkAndSetVolume stream=1, index=0, output=1, device=2
04-25 12:16:55.569 E/AudioPolicyManagerBase(   89): computeVolume, streamDesc=0x10aabb8
04-25 12:16:55.639 W/AudioFlinger(   89): Thread AudioOut_1 cannot connect to the power manager service
04-25 12:16:55.639 V/AudioPolicyManagerBase(   89): stopOutput() output 1, stream 1, session 7
04-25 12:16:55.639 V/AudioPolicyManagerBase(   89): changeRefCount() stream 1, count 0
04-25 12:16:55.639 V/AudioPolicyManagerBase(   89): getNewDevice() selected device 0
04-25 12:16:55.639 D/AudioPolicyManagerBase(   89): setOutputDevice() output 1 device 0 delayMs 290
04-25 12:16:55.639 V/AudioPolicyManagerBase(   89): setOutputDevice() setting same device 0 or null device for output 1
04-25 12:16:55.659 V/AudioPolicyManagerBase(   89): startOutput() output 1, stream 1, session 7
04-25 12:16:55.659 V/AudioPolicyManagerBase(   89): changeRefCount() stream 1, count 1
04-25 12:16:55.659 V/AudioPolicyManagerBase(   89): getDeviceForStrategy() from cache strategy 0, device 2
04-25 12:16:55.659 V/AudioPolicyManagerBase(   89): getNewDevice() selected device 2
04-25 12:16:55.659 D/AudioPolicyManagerBase(   89): setOutputDevice() output 1 device 2 delayMs 0
04-25 12:16:55.659 V/AudioPolicyManagerBase(   89): setOutputDevice() setting same device 2 or null device for output 1
04-25 12:16:55.659 E/AudioPolicyManagerBase(   89): checkAndSetVolume stream=1, index=0, output=1, device=2
04-25 12:16:55.659 E/AudioPolicyManagerBase(   89): computeVolume, streamDesc=0x10aabb8
04-25 12:16:55.659 V/AudioPolicyManagerBase(   89): stopOutput() output 1, stream 1, session 7
04-25 12:16:55.659 V/AudioPolicyManagerBase(   89): changeRefCount() stream 1, count 0
04-25 12:16:55.659 V/AudioPolicyManagerBase(   89): getNewDevice() selected device 0
04-25 12:16:55.659 D/AudioPolicyManagerBase(   89): setOutputDevice() output 1 device 0 delayMs 290
04-25 12:16:55.659 V/AudioPolicyManagerBase(   89): setOutputDevice() setting same device 0 or null device for output 1
04-25 12:16:55.669 V/AudioPolicyManagerBase(   89): releaseOutput() 1
04-25 12:16:55.949 I/Gecko   (   84): 1398453415966	Marionette	INFO	sendToClient: {"from":"0","ok":true}, {6e0850fd-858c-4b0f-beac-03f26e627970}, {6e0850fd-858c-4b0f-beac-03f26e627970}
04-25 12:16:55.969 I/Gecko   (   84): 1398453415984	Marionette	DEBUG	Got request: switchToFrame, data: {"to":"0","sessionId":"3-b2g","name":"switchToFrame","parameters":{"id":null,"focus":true}}, id: {86eb74a7-9040-4229-b2e1-53edf0bb31cf}
04-25 12:16:55.969 I/Gecko   (   84): 1398453415986	Marionette	INFO	Switched to frame: {"frameValue":null}
04-25 12:16:56.079 I/Gecko   (   84): 1398453416089	Marionette	INFO	sendToClient: {"from":"0","ok":true}, {86eb74a7-9040-4229-b2e1-53edf0bb31cf}, {86eb74a7-9040-4229-b2e1-53edf0bb31cf}
04-25 12:16:56.079 I/Gecko   (   84): 1398453416095	Marionette	DEBUG	Got request: executeWithCallback, data: {"to":"0","sessionId":"3-b2g","name":"executeAsyncScript","parameters":{"specialPowers":false,"scriptTimeout":null,"newSandbox":true,"args":[],"filename":"gaia_test.py","script":"return GaiaApps.displayedApp();","line":66}}, id: {8234aa37-b787-4a04-9516-996c790cff9c}
04-25 12:16:56.169 E/GeckoConsole(   84): Content JS LOG at dummy file:392 in GaiaApps.displayedApp: app with origin 'app://homescreen.gaiamobile.org' is displayed
04-25 12:16:56.169 I/Gecko   (   84): 1398453416188	Marionette	INFO	sendToClient: {"from":"0","value":{"frame":{"ELEMENT":"{a45f4ea5-e163-48bb-b42a-28b2afd092a1}"},"src":"app://homescreen.gaiamobile.org/index.html#root","name":"Homescreen","origin":"app://homescreen.gaiamobile.org"}}, {8234aa37-b787-4a04-9516-996c790cff9c}, {8234aa37-b787-4a04-9516-996c790cff9c}
04-25 12:16:56.189 I/Gecko   (   84): 1398453416202	Marionette	DEBUG	Got request: switchToFrame, data: {"to":"0","sessionId":"3-b2g","name":"switchToFrame","parameters":{"id":null,"focus":true}}, id: {50bbdfcd-97f4-4f36-8d62-76a329546049}
04-25 12:16:56.199 I/Gecko   (   84): 1398453416210	Marionette	INFO	Switched to frame: {"frameValue":null}
04-25 12:16:56.299 I/Gecko   (   84): 1398453416312	Marionette	INFO	sendToClient: {"from":"0","ok":true}, {50bbdfcd-97f4-4f36-8d62-76a329546049}, {50bbdfcd-97f4-4f36-8d62-76a329546049}
04-25 12:16:56.299 I/Gecko   (   84): 1398453416317	Marionette	DEBUG	Got request: switchToFrame, data: {"to":"0","sessionId":"3-b2g","name":"switchToFrame","parameters":{"id":null,"focus":true}}, id: {9b155ad6-b5e0-4c45-9cf7-d309b31accab}
04-25 12:16:56.309 I/Gecko   (   84): 1398453416320	Marionette	INFO	Switched to frame: {"frameValue":null}
04-25 12:16:56.409 I/Gecko   (   84): 1398453416423	Marionette	INFO	sendToClient: {"from":"0","ok":true}, {9b155ad6-b5e0-4c45-9cf7-d309b31accab}, {9b155ad6-b5e0-4c45-9cf7-d309b31accab}
04-25 12:16:56.419 I/Gecko   (   84): 1398453416431	Marionette	DEBUG	Got request: executeWithCallback, data: {"to":"0","sessionId":"3-b2g","name":"executeAsyncScript","parameters":{"specialPowers":false,"scriptTimeout":null,"newSandbox":true,"args":[],"filename":"gaia_test.py","script":"return GaiaApps.displayedApp();","line":66}}, id: {7fb0b4ad-806c-4836-a4a4-12cd84c086af}
04-25 12:16:56.529 I/Gecko   (   84): 1398453416546	Marionette	INFO	sendToClient: {"from":"0","value":{"frame":{"ELEMENT":"{a45f4ea5-e163-48bb-b42a-28b2afd092a1}"},"src":"app://homescreen.gaiamobile.org/index.html#root","name":"Homescreen","origin":"app://homescreen.gaiamobile.org"}}, {7fb0b4ad-806c-4836-a4a4-12cd84c086af}, {7fb0b4ad-806c-4836-a4a4-12cd84c086af}
04-25 12:16:56.539 E/GeckoConsole(   84): Content JS LOG at dummy file:392 in GaiaApps.displayedApp: app with origin 'app://homescreen.gaiamobile.org' is displayed
04-25 12:16:56.549 I/Gecko   (   84): 1398453416562	Marionette	DEBUG	Got request: switchToFrame, data: {"to":"0","sessionId":"3-b2g","name":"switchToFrame","parameters":{"focus":true,"element":"{a45f4ea5-e163-48bb-b42a-28b2afd092a1}"}}, id: {6329a412-ded0-4eda-99e5-10491746d0b1}
04-25 12:16:56.559 E/GeckoConsole( 2118): Content JS ERROR at app://homescreen.gaiamobile.org/gaia_build_defer_index.js:390 in loadSVConfFileError: Failed parsing singleVariant configuration file [js/singlevariantconf.json]:  [Exception... "File error: Not found"  nsresult: "0x80520012 (NS_ERROR_FILE_NOT_FOUND)"  location: "JS frame :: app://homescreen.gaiamobile.org/gaia_build_defer_index.js :: loadFile :: line 382"  data: no]
04-25 12:16:56.569 I/Gecko   (   84): 1398453416580	Marionette	INFO	Switched to frame: {"frameValue":"{a45f4ea5-e163-48bb-b42a-28b2afd092a1}"}
04-25 12:16:56.579 I/Gecko   (   84): 1398453416589	Marionette	INFO	trying remote frame 0
04-25 12:16:56.579 I/Gecko   (   84): 1398453416591	Marionette	INFO	trying remote frame 1
04-25 12:16:56.579 I/Gecko   (   84): 1398453416592	Marionette	INFO	trying remote frame 2
04-25 12:16:56.579 I/Gecko   (   84): 1398453416597	Marionette	INFO	trying remote frame 3
04-25 12:16:56.579 I/Gecko   (   84): 1398453416598	Marionette	INFO	trying remote frame 4
04-25 12:16:56.589 I/Gecko   (   84): 1398453416600	Marionette	INFO	deleting frame
04-25 12:16:56.589 I/Gecko   (   84): 1398453416605	Marionette	INFO	frame-manager load script: [object ChromeMessageSender]
04-25 12:16:57.019 I/Gecko   (   84): 1398453417033	Marionette	INFO	sendToClient: {"from":"0","ok":true}, {6329a412-ded0-4eda-99e5-10491746d0b1}, {6329a412-ded0-4eda-99e5-10491746d0b1}
04-25 12:16:57.129 I/Gecko   (   84): 1398453417144	Marionette	INFO	sendToClient: {"from":"0","value":{"ELEMENT":"{d2fd12fb-a779-40a7-b91c-67834bfa360c}"}}, {b94f66b5-bf9a-4c0a-b696-cbaefd6368b1}, {b94f66b5-bf9a-4c0a-b696-cbaefd6368b1}
04-25 12:16:57.459 E/GeckoConsole( 2118): [JavaScript Warning: "Use of getAttributeNode() is deprecated. Use getAttribute() instead." {file: "chrome://marionette/content/atoms.js" line: 25}]
04-25 12:16:57.459 E/GeckoConsole( 2118): [JavaScript Warning: "Use of attributes' specified attribute is deprecated. It always returns true." {file: "chrome://marionette/content/atoms.js" line: 25}]
04-25 12:16:57.469 I/Gecko   (   84): 1398453417479	Marionette	INFO	sendToClient: {"from":"0","value":"normal"}, {705e69f3-3ef1-43e8-b447-700e0ef227f7}, {705e69f3-3ef1-43e8-b447-700e0ef227f7}
04-25 12:16:57.469 I/Gecko   (   84): 1398453417485	Marionette	DEBUG	Got request: switchToFrame, data: {"to":"0","sessionId":"3-b2g","name":"switchToFrame","parameters":{"id":null,"focus":true}}, id: {bc8b1d87-90e6-4292-9d0b-1a85d86cab3b}
04-25 12:16:57.489 I/Gecko   (   84): 1398453417502	Marionette	INFO	Switched to frame: {"frameValue":null}
04-25 12:16:57.599 I/Gecko   (   84): 1398453417609	Marionette	INFO	sendToClient: {"from":"0","ok":true}, {bc8b1d87-90e6-4292-9d0b-1a85d86cab3b}, {bc8b1d87-90e6-4292-9d0b-1a85d86cab3b}
04-25 12:16:57.599 I/Gecko   (   84): 1398453417615	Marionette	DEBUG	Got request: execute, data: {"to":"0","sessionId":"3-b2g","name":"executeScript","parameters":{"specialPowers":false,"scriptTimeout":null,"newSandbox":true,"args":[],"filename":"gaia_test.py","script":"window.wrappedJSObject.dispatchEvent(new Event('home'));","line":788}}, id: {92532d58-ec78-49ba-9219-234c567e1330}
04-25 12:16:57.689 I/Gecko   (   84): 1398453417701	Marionette	INFO	sendToClient: {"from":"0","value":null}, {92532d58-ec78-49ba-9219-234c567e1330}, {92532d58-ec78-49ba-9219-234c567e1330}
04-25 12:16:57.689 I/Gecko   (   84): 1398453417707	Marionette	DEBUG	Got request: switchToFrame, data: {"to":"0","sessionId":"3-b2g","name":"switchToFrame","parameters":{"id":null,"focus":true}}, id: {aa6bff23-0fce-45b6-b6d1-e353bc75c9cf}
04-25 12:16:57.699 I/Gecko   (   84): 1398453417710	Marionette	INFO	Switched to frame: {"frameValue":null}
04-25 12:16:57.799 I/Gecko   (   84): 1398453417816	Marionette	INFO	sendToClient: {"from":"0","ok":true}, {aa6bff23-0fce-45b6-b6d1-e353bc75c9cf}, {aa6bff23-0fce-45b6-b6d1-e353bc75c9cf}
04-25 12:16:57.809 I/Gecko   (   84): 1398453417822	Marionette	DEBUG	Got request: switchToFrame, data: {"to":"0","sessionId":"3-b2g","name":"switchToFrame","parameters":{"id":null,"focus":true}}, id: {6f5b7908-1471-4216-ba52-e16918eddd80}
04-25 12:16:57.809 I/Gecko   (   84): 1398453417825	Marionette	INFO	Switched to frame: {"frameValue":null}
04-25 12:16:57.919 I/Gecko   (   84): 1398453417934	Marionette	INFO	sendToClient: {"from":"0","ok":true}, {6f5b7908-1471-4216-ba52-e16918eddd80}, {6f5b7908-1471-4216-ba52-e16918eddd80}
04-25 12:16:57.929 I/Gecko   (   84): 1398453417940	Marionette	DEBUG	Got request: executeWithCallback, data: {"to":"0","sessionId":"3-b2g","name":"executeAsyncScript","parameters":{"specialPowers":false,"scriptTimeout":null,"newSandbox":true,"args":[],"filename":"gaia_test.py","script":"return GaiaApps.displayedApp();","line":66}}, id: {e2f217f2-d03b-4c6f-8de8-1b4055e91f2c}
04-25 12:16:57.979 I/Gecko   (   84): 1398453417992	Marionette	INFO	sendToClient: {"from":"0","value":{"frame":{"ELEMENT":"{a45f4ea5-e163-48bb-b42a-28b2afd092a1}"},"src":"app://homescreen.gaiamobile.org/index.html#rootFri%20Apr%2025%202014%2012:16:57%20GMT-0700%20(UTC)","name":"Homescreen","origin":"app://homescreen.gaiamobile.org"}}, {e2f217f2-d03b-4c6f-8de8-1b4055e91f2c}, {e2f217f2-d03b-4c6f-8de8-1b4055e91f2c}
04-25 12:16:57.989 E/GeckoConsole(   84): Content JS LOG at dummy file:392 in GaiaApps.displayedApp: app with origin 'app://homescreen.gaiamobile.org' is displayed
04-25 12:16:57.989 I/Gecko   (   84): 1398453418004	Marionette	DEBUG	Got request: switchToFrame, data: {"to":"0","sessionId":"3-b2g","name":"switchToFrame","parameters":{"focus":true,"element":"{a45f4ea5-e163-48bb-b42a-28b2afd092a1}"}}, id: {8f3902ec-b0c3-4c33-8af2-0ee0efeb95eb}
04-25 12:16:57.999 I/Gecko   (   84): 1398453418014	Marionette	INFO	Switched to frame: {"frameValue":"{a45f4ea5-e163-48bb-b42a-28b2afd092a1}"}
04-25 12:16:58.009 I/Gecko   (   84): 1398453418020	Marionette	INFO	trying remote frame 0
04-25 12:16:58.009 I/Gecko   (   84): 1398453418025	Marionette	INFO	trying remote frame 1
04-25 12:16:58.009 I/Gecko   (   84): 1398453418026	Marionette	INFO	trying remote frame 2
04-25 12:16:58.009 I/Gecko   (   84): 1398453418027	Marionette	INFO	trying remote frame 3
04-25 12:16:58.009 I/Gecko   (   84): 1398453418028	Marionette	INFO	trying remote frame 4
04-25 12:16:58.309 I/Gecko   (   84): 1398453418327	Marionette	INFO	sendToClient: {"from":"0","ok":true}, {8f3902ec-b0c3-4c33-8af2-0ee0efeb95eb}, {8f3902ec-b0c3-4c33-8af2-0ee0efeb95eb}
04-25 12:16:58.329 I/Gecko   (   84): 1398453418345	Marionette	DEBUG	Got request: execute, data: {"to":"0","sessionId":"3-b2g","name":"executeScript","parameters":{"specialPowers":false,"scriptTimeout":null,"newSandbox":true,"args":[],"filename":"gaia_test.py","script":"return window.wrappedJSObject.GridManager.pageHelper.getCurrentPageNumber();","line":784}}, id: {c1f7dca6-d89d-4aa6-a8b2-16765a1ef66a}
04-25 12:16:58.609 I/Gecko   (   84): 1398453418623	Marionette	INFO	sendToClient: {"from":"0","value":0}, {c1f7dca6-d89d-4aa6-a8b2-16765a1ef66a}, {c1f7dca6-d89d-4aa6-a8b2-16765a1ef66a}
04-25 12:16:59.349 I/Gecko   (   84): 1398453419367	Marionette	INFO	sendToClient: {"from":"0","value":["{b4860078-6b2c-44a1-9c7b-13a5b24f06ce}","{8432f2f5-fea4-44eb-ad89-555febfc7ede}","{2252a788-8d53-44c9-9f71-b81cb9504c55}","{197e3dd9-4e2c-40e7-ab02-cb94ef3cbd26}","{7eb73cc2-04d6-41b8-8d6d-bfbb8a53aa63}","{7debfcb5-e679-4f43-9526-04e109cc5bd5}","{9d3481b2-6014-4217-85f4-dc266bb81585}","{8df6e9ce-c191-4c40-b714-527395d68a27}","{447a95b3-e193-4f0c-bcbc-c0f3119ab4e2}","{3525d04b-8267-4552-8d43-7781e31fca41}","{78e87ddc-7fa4-4640-804b-4f55eb5f106e}","{b40426a5-604f-464c-88a8-bc3ad1745667}","{c2ea3b76-b40e-4aff-b47b-957565c6fdc5}","{5e5e1d16-ab0b-491b-a789-d1c40c120a75}","{a9f67127-7541-44f4-b4b5-9a6fb1d6fddf}","{c7f573cc-cfbe-4cf9-ab29-b80d5a5ec8c1}","{ef61b696-894a-4180-93ed-3fad1d1f4ecc}","{f38192f7-edb4-4906-8c35-3633c876a552}","{06cf2ae7-9d6a-4f4a-86f9-637a065f5e66}","{2e1f5ece-808e-4fc4-b994-c83939e735fb}","{7d174356-60c0-4380-b8f0-9e74367bf30a}","{d506ed2c-28df-4abc-b84d-eba34e20b6af}","{625bdb72-ed8a-4fc2-9838-2af921a9b869}","{a1f1b127-79d4
04-25 12:16:59.599 I/Gecko   (   84): 1398453419611	Marionette	INFO	sendToClient: {"from":"0","value":"app://homescreen.gaiamobile.org/index.html#rootFri%20Apr%2025%202014%2012:16:57%20GMT-0700%20(UTC)"}, {46000dfb-4c20-4f91-83c7-879a6c59977b}, {46000dfb-4c20-4f91-83c7-879a6c59977b}
04-25 12:16:59.699 I/Gecko   (   84): 1398453419717	Marionette	DEBUG	Got request: switchToFrame, data: {"to":"0","sessionId":"3-b2g","name":"switchToFrame","parameters":{"id":null,"focus":true}}, id: {97d9e4e7-99a2-4b3d-8898-a5ae826716c4}
04-25 12:16:59.719 I/Gecko   (   84): 1398453419734	Marionette	INFO	Switched to frame: {"frameValue":null}
04-25 12:16:59.839 I/Gecko   (   84): 1398453419857	Marionette	INFO	sendToClient: {"from":"0","ok":true}, {97d9e4e7-99a2-4b3d-8898-a5ae826716c4}, {97d9e4e7-99a2-4b3d-8898-a5ae826716c4}
04-25 12:16:59.869 W/WifiHW  (   84): wifi_command: SIGNAL_POLL
04-25 12:16:59.899 I/Gecko   (   84): 1398453419909	Marionette	DEBUG	Got request: switchToFrame, data: {"to":"0","sessionId":"3-b2g","name":"switchToFrame","parameters":{"id":null,"focus":true}}, id: {730e7917-6d99-449b-a8fe-11aa4c77fa81}
04-25 12:16:59.909 I/Gecko   (   84): 1398453419926	Marionette	INFO	Switched to frame: {"frameValue":null}
04-25 12:17:00.019 I/Gecko   (   84): 1398453420037	Marionette	INFO	sendToClient: {"from":"0","ok":true}, {730e7917-6d99-449b-a8fe-11aa4c77fa81}, {730e7917-6d99-449b-a8fe-11aa4c77fa81}
04-25 12:17:00.049 I/Gecko   (   84): 1398453420059	Marionette	DEBUG	Got request: executeWithCallback, data: {"to":"0","sessionId":"3-b2g","name":"executeAsyncScript","parameters":{"specialPowers":false,"scriptTimeout":30000,"newSandbox":true,"args":[],"filename":"app_checker.py","script":"GaiaApps.launchWithManifestURL('https://marketplace.firefox.com/app/6c348f71-2e89-4af0-827d-608822e3a1b8/manifest.webapp')","line":106}}, id: {19226ecf-29cb-4180-91b1-71a6a34e0a99}
04-25 12:17:00.149 I/Gonk    (   84): Setting nice for pid 2163 to 18
04-25 12:17:00.149 I/Gonk    (   84): Changed nice for pid 2163 from 18 to 18.
04-25 12:17:00.149 I/Gecko   (   84): [Parent 84] WARNING: waitpid failed pid:2163 errno:10: file ../../../gecko/ipc/chromium/src/base/process_util_posix.cc, line 254
04-25 12:17:00.159 I/Gonk    (   84): Setting nice for pid 2163 to 1
04-25 12:17:00.159 I/Gonk    (   84): Changed nice for pid 2163 from 18 to 1.
04-25 12:17:00.179 E/GeckoConsole(   84): Content JS LOG at dummy file:334 in GaiaApps.launch: launching app with name 'Swiper'
04-25 12:17:00.469 E/[Gralloc-ERROR](   84): int gralloc_register_buffer(const gralloc_module_t*, const native_handle_t*):79 Unable to register handle 0x462196a0 coming from different process: 84
04-25 12:17:00.539 E/[Gralloc-ERROR](   84): int gralloc_register_buffer(const gralloc_module_t*, const native_handle_t*):79 Unable to register handle 0x46219740 coming from different process: 84
04-25 12:17:00.609 D/Sensors (   84): activate handle=0; drv=0
04-25 12:17:00.619 D/Sensors (   84): Lis3dhSensor: Control set 1
04-25 12:17:00.619 D/Sensors (   84): Lis3dhSensor: mEnabled = 1
04-25 12:17:00.689 I/Gonk    (   84): Setting nice for pid 2118 to 18
04-25 12:17:00.689 I/Gonk    (   84): Changed nice for pid 2118 from 1 to 18.
04-25 12:17:02.429 I/Gecko   ( 2163): ###################################### forms.js loaded
04-25 12:17:02.459 I/Gecko   ( 2163): ############################### browserElementPanning.js loaded
04-25 12:17:02.489 I/Gecko   ( 2163): ######################## BrowserElementChildPreload.js loaded
04-25 12:17:02.559 I/Gecko   (   84): [Parent 84] WARNING: pipe error (140): Connection reset by peer: file ../../../gecko/ipc/chromium/src/chrome/common/ipc_channel_posix.cc, line 446
04-25 12:17:02.569 I/Gecko   (   84): 
04-25 12:17:02.569 I/Gecko   (   84): ###!!! [Parent][MessageChannel] Error: Channel error: cannot send/recv
04-25 12:17:02.569 I/Gecko   (   84): 
04-25 12:17:02.609 I/Gecko   (   84): [Parent 84] WARNING: waitpid failed pid:2118 errno:10: file ../../../gecko/ipc/chromium/src/base/process_util_posix.cc, line 254
04-25 12:17:03.409 I/Gecko   ( 2163): Attempting load of libEGL.so
04-25 12:17:03.519 D/libEGL  ( 2163): loaded /system/lib/egl/libEGL_mali.so
04-25 12:17:03.539 D/libEGL  ( 2163): loaded /system/lib/egl/libGLESv1_CM_mali.so
04-25 12:17:03.549 D/libEGL  ( 2163): loaded /system/lib/egl/libGLESv2_mali.so
04-25 12:17:03.599 I/Gecko   ( 2163): SharedSurface_Gralloc::Create -------
04-25 12:17:03.619 I/Gecko   ( 2163): SharedSurface_Gralloc::Create: success -- surface 0x436cb440, GraphicBuffer 0x43606700.
04-25 12:17:03.789 E/GeckoConsole( 2163): [JavaScript Warning: "Unknown property 'user-select'.  Declaration dropped." {file: "app://{6bd2b018-7d42-4ed4-aefe-28d003b25100}/index.html" line: 9 column: 138 source: "html{height: 100%; width: 100%;-webkit-user-select: none;-khtml-user-select: none;-moz-user-select: none;-ms-user-select: none;user-select: none;}html,body{color:white; padding: 0; margin: 0; font-size: 20px; background: #575757;}#center{margin: auto;text-align: center;}#cr-stage{box-shadow:inset 0 0 10px #000000;margin: auto;text-align: center;}"}]
04-25 12:17:03.809 E/GeckoConsole( 2163): [JavaScript Warning: "Unknown property '-moz-box-shadow'.  Declaration dropped." {file: "app://{6bd2b018-7d42-4ed4-aefe-28d003b25100}/index.html" line: 24 column: 17 source: "		-moz-box-shadow:    0px 6px 8px rgba(50, 50, 50, 0.5);"}]
04-25 12:17:03.819 E/GeckoConsole( 2163): [JavaScript Error: "The character encoding of the HTML document was not declared. The document will render with garbled text in some browser configurations if the document contains characters from outside the US-ASCII range. The character encoding of the page must be declared in the document or in the transfer protocol." {file: "app://{6bd2b018-7d42-4ed4-aefe-28d003b25100}/index.html" line: 0}]
04-25 12:17:03.929 E/GeckoConsole( 2163): [JavaScript Warning: "Expected color but found 'assets'.  Error in parsing value for 'background'.  Declaration dropped." {file: "app://{6bd2b018-7d42-4ed4-aefe-28d003b25100}/index.html" line: 0 column: 0 source: "assets/images/background.png"}]
04-25 12:17:04.109 E/GeckoConsole( 2163): [JavaScript Warning: "Expected color but found 'undefined'.  Error in parsing value for 'color'.  Declaration dropped." {file: "app://{6bd2b018-7d42-4ed4-aefe-28d003b25100}/index.html" line: 0 column: 0 source: "undefined"}]
04-25 12:17:04.609 I/Gecko   (   84): [Parent 84] WARNING: waitpid failed pid:2118 errno:10: file ../../../gecko/ipc/chromium/src/base/process_util_posix.cc, line 254
04-25 12:17:04.609 I/Gecko   (   84): [Parent 84] WARNING: Failed to deliver SIGKILL to 2118!(3).: file ../../../gecko/ipc/chromium/src/chrome/common/process_watcher_posix_sigchld.cc, line 118
04-25 12:17:04.999 I/Gecko   ( 2163): SharedSurface_Gralloc::Create -------
04-25 12:17:05.039 I/Gecko   ( 2163): SharedSurface_Gralloc::Create: success -- surface 0x43ebac80, GraphicBuffer 0x435fa400.
04-25 12:17:05.209 I/Gonk    (   84): Setting nice for pid 2233 to 18
04-25 12:17:05.209 I/Gonk    (   84): Changed nice for pid 2233 from 0 to 18.
04-25 12:17:05.229 E/GeckoConsole(   84): Content JS LOG at dummy file:326 in GaiaApps.launch/appOpen/<: app with origin 'app://{6bd2b018-7d42-4ed4-aefe-28d003b25100}' has launched
04-25 12:17:05.229 E/[Gralloc-ERROR](   84): int gralloc_unregister_buffer(const gralloc_module_t*, const native_handle_t*):274 Trying to unregister buffer 0x46219740 from process 84 that was not created in current process: 84
04-25 12:17:05.229 I/Gecko   (   84): 1398453425244	Marionette	INFO	sendToClient: {"from":"0","value":{"frame":{"ELEMENT":"{e2e4f768-f61a-49de-8839-ba0ec3c77aa2}"},"src":"app://{6bd2b018-7d42-4ed4-aefe-28d003b25100}/index.html","name":"Swiper","origin":"app://{6bd2b018-7d42-4ed4-aefe-28d003b25100}"}}, {19226ecf-29cb-4180-91b1-71a6a34e0a99}, {19226ecf-29cb-4180-91b1-71a6a34e0a99}
04-25 12:17:05.249 E/[Gralloc-ERROR](   84): int gralloc_unregister_buffer(const gralloc_module_t*, const native_handle_t*):274 Trying to unregister buffer 0x462196a0 from process 84 that was not created in current process: 84
04-25 12:17:05.259 W/WifiHW  (   84): wifi_command: SIGNAL_POLL
04-25 12:17:05.299 I/Gonk    (   84): Setting nice for pid 2233 to 18
04-25 12:17:05.299 I/Gonk    (   84): Changed nice for pid 2233 from 18 to 18.
04-25 12:17:05.309 I/Gecko   (   84): [Parent 84] WARNING: waitpid failed pid:2233 errno:10: file ../../../gecko/ipc/chromium/src/base/process_util_posix.cc, line 254
04-25 12:17:05.389 I/Gonk    (   84): Setting nice for pid 2241 to 18
04-25 12:17:05.389 I/Gonk    (   84): Changed nice for pid 2241 from 0 to 18.
04-25 12:17:05.459 I/Gecko   (   84): 1398453425471	Marionette	DEBUG	Got request: switchToFrame, data: {"to":"0","sessionId":"3-b2g","name":"switchToFrame","parameters":{"focus":true,"element":"{e2e4f768-f61a-49de-8839-ba0ec3c77aa2}"}}, id: {9771784f-2114-467d-bcce-581ab100f657}
04-25 12:17:05.479 I/Gecko   (   84): 1398453425492	Marionette	INFO	Switched to frame: {"frameValue":"{e2e4f768-f61a-49de-8839-ba0ec3c77aa2}"}
04-25 12:17:05.479 I/Gecko   (   84): 1398453425494	Marionette	INFO	trying remote frame 0
04-25 12:17:05.489 I/Gecko   (   84): 1398453425501	Marionette	INFO	trying remote frame 1
04-25 12:17:05.489 I/Gecko   (   84): 1398453425502	Marionette	INFO	trying remote frame 2
04-25 12:17:05.489 I/Gecko   (   84): 1398453425503	Marionette	INFO	trying remote frame 3
04-25 12:17:05.489 I/Gecko   (   84): 1398453425504	Marionette	INFO	trying remote frame 4
04-25 12:17:05.489 I/Gecko   (   84): 1398453425504	Marionette	INFO	deleting frame
04-25 12:17:05.559 I/Gecko   (   84): 1398453425573	Marionette	INFO	frame-manager load script: [object ChromeMessageSender]
04-25 12:17:05.619 E/GeckoConsole( 2163): [JavaScript Warning: "Invalid URI. Load of media resource  failed." {file: "app://{6bd2b018-7d42-4ed4-aefe-28d003b25100}/index.html" line: 0}]
04-25 12:17:05.619 E/GeckoConsole( 2163): [JavaScript Warning: "Invalid URI. Load of media resource  failed." {file: "app://{6bd2b018-7d42-4ed4-aefe-28d003b25100}/index.html" line: 0}]
04-25 12:17:06.019 I/Gecko   ( 2163): SharedSurface_Gralloc::Create -------
04-25 12:17:06.049 I/Gecko   ( 2163): SharedSurface_Gralloc::Create: success -- surface 0x445c9300, GraphicBuffer 0x43fb4d80.
04-25 12:17:06.319 I/Gonk    (   84): Setting nice for pid 2233 to 18
04-25 12:17:06.319 I/Gonk    (   84): Changed nice for pid 2233 from 18 to 18.
04-25 12:17:06.579 I/Gecko   (   84): 1398453426595	Marionette	INFO	sendToClient: {"from":"0","ok":true}, {9771784f-2114-467d-bcce-581ab100f657}, {9771784f-2114-467d-bcce-581ab100f657}
04-25 12:17:06.989 I/Gecko   (   84): 1398453427002	Marionette	INFO	sendToClient: {"from":"0","value":"app://{6bd2b018-7d42-4ed4-aefe-28d003b25100}/index.html"}, {bfbf8ea2-643e-40b4-a370-a2a0a1852ef6}, {bfbf8ea2-643e-40b4-a370-a2a0a1852ef6}
04-25 12:17:07.039 I/Gecko   (   84): 1398453427059	Marionette	DEBUG	Got request: execute, data: {"to":"0","sessionId":"3-b2g","name":"executeScript","parameters":{"specialPowers":false,"scriptTimeout":null,"newSandbox":true,"args":[],"filename":"app_checker.py","script":"return window.document.readyState;","line":191}}, id: {dd2c4856-1703-4b4a-900b-34fb1b7306d1}
04-25 12:17:07.639 I/Gecko   (   84): 1398453427653	Marionette	INFO	sendToClient: {"from":"0","value":"complete"}, {dd2c4856-1703-4b4a-900b-34fb1b7306d1}, {dd2c4856-1703-4b4a-900b-34fb1b7306d1}
04-25 12:17:07.699 I/SprdOMXPlugin(   89): makeComponentInstance 'OMX.sprd.mp3.decoder'
04-25 12:17:07.839 I/Gecko   (   84): 1398453427854	Marionette	INFO	sendToClient: {"from":"0","value":"app://{6bd2b018-7d42-4ed4-aefe-28d003b25100}/index.html"}, {f7632745-4110-41ff-902f-615b4ade38a7}, {f7632745-4110-41ff-902f-615b4ade38a7}
04-25 12:17:07.859 I/SPRDMP3 (   89): MP3_ARM_DEC_Construct=0
04-25 12:17:07.859 I/Gecko   (   84): 
04-25 12:17:07.859 I/Gecko   (   84): ###!!! [Parent][MessageChannel] Error: Channel error: cannot send/recv
04-25 12:17:07.859 I/Gecko   (   84): 
04-25 12:17:07.909 I/SprdOMXPlugin(   89): makeComponentInstance 'OMX.sprd.mp3.decoder'
04-25 12:17:07.909 I/SPRDMP3 (   89): MP3_ARM_DEC_Construct=0
04-25 12:17:07.909 I/SprdOMXPlugin(   89): makeComponentInstance 'OMX.sprd.mp3.decoder'
04-25 12:17:07.909 I/SPRDMP3 (   89): MP3_ARM_DEC_Construct=0
04-25 12:17:07.909 I/SprdOMXPlugin(   89): makeComponentInstance 'OMX.sprd.mp3.decoder'
04-25 12:17:07.909 I/SPRDMP3 (   89): MP3_ARM_DEC_Construct=0
04-25 12:17:07.909 I/SPRDMP3 (   89): mp3 decoder params chanel:1, sampleRate:44100
04-25 12:17:07.909 I/SPRDMP3 (   89): mp3 decoder params chanel:2, sampleRate:44100
04-25 12:17:07.909 I/SPRDMP3 (   89): mp3 decoder params chanel:2, sampleRate:44100
04-25 12:17:07.919 I/SPRDMP3 (   89): mp3 decoder params chanel:2, sampleRate:44100
04-25 12:17:07.919 I/SprdSimpleOMXComponent(   89): useBuffer, push buffer, buffer=0x10cf838,header=0x10cf420, pBuffer=0x40a19000
04-25 12:17:07.919 I/SprdSimpleOMXComponent(   89): useBuffer, push buffer, buffer=0x10cf9b0,header=0x10cf340, pBuffer=0x40b39000
04-25 12:17:07.919 I/SprdSimpleOMXComponent(   89): useBuffer, push buffer, buffer=0x10cfb60,header=0x10cf660, pBuffer=0x40ef9000
04-25 12:17:07.929 I/SprdSimpleOMXComponent(   89): useBuffer, push buffer, buffer=0x10cf840,header=0x10cf500, pBuffer=0x40a1b000
04-25 12:17:07.929 I/SprdSimpleOMXComponent(   89): useBuffer, push buffer, buffer=0x10cf9b8,header=0x10cf7c8, pBuffer=0x40b3b000
04-25 12:17:07.929 I/SprdSimpleOMXComponent(   89): useBuffer, push buffer, buffer=0x10cfb68,header=0x10cfd28, pBuffer=0x40efb000
04-25 12:17:07.929 I/SprdSimpleOMXComponent(   89): useBuffer, push buffer, buffer=0x10cf848,header=0x10cfe38, pBuffer=0x40a1d000
04-25 12:17:07.929 I/SprdSimpleOMXComponent(   89): useBuffer, push buffer, buffer=0x10cf9c0,header=0x10b9438, pBuffer=0x40b3d000
04-25 12:17:07.929 I/SprdSimpleOMXComponent(   89): useBuffer, push buffer, buffer=0x10cfb70,header=0x10b9518, pBuffer=0x40efd000
04-25 12:17:07.929 I/SprdSimpleOMXComponent(   89): useBuffer, push buffer, buffer=0x10cf9c8,header=0x10c06c8, pBuffer=0x40b3f000
04-25 12:17:07.929 I/SprdSimpleOMXComponent(   89): useBuffer, push buffer, buffer=0x10cf850,header=0x10c05b8, pBuffer=0x40a1f000
04-25 12:17:07.929 I/SprdSimpleOMXComponent(   89): useBuffer, push buffer, buffer=0x10cfb78,header=0x10c08e0, pBuffer=0x40eff000
04-25 12:17:07.929 I/SprdSimpleOMXComponent(   89): useBuffer, push buffer, buffer=0x10d6280,header=0x10c0a48, pBuffer=0x41178000
04-25 12:17:07.929 I/SprdSimpleOMXComponent(   89): useBuffer, push buffer, buffer=0x10d6448,header=0x10d6210, pBuffer=0x413d2000
04-25 12:17:07.929 I/SprdSimpleOMXComponent(   89): useBuffer, push buffer, buffer=0x10cf9e8,header=0x10d6010, pBuffer=0x41427000
04-25 12:17:07.929 I/SprdSimpleOMXComponent(   89): useBuffer, push buffer, buffer=0x10d6288,header=0x10d5eb0, pBuffer=0x4117a400
04-25 12:17:07.929 I/SprdSimpleOMXComponent(   89): useBuffer, push buffer, buffer=0x10d6450,header=0x10d65a8, pBuffer=0x413d4400
04-25 12:17:07.929 I/SprdSimpleOMXComponent(   89): useBuffer, push buffer, buffer=0x10cf9f0,header=0x10d6710, pBuffer=0x41429400
04-25 12:17:07.929 I/SprdSimpleOMXComponent(   89): useBuffer, push buffer, buffer=0x10d6290,header=0x10d6820, pBuffer=0x4117c800
04-25 12:17:07.929 I/SprdSimpleOMXComponent(   89): useBuffer, push buffer, buffer=0x10d6458,header=0x10d6d38, pBuffer=0x413d6800
04-25 12:17:07.929 I/SprdSimpleOMXComponent(   89): useBuffer, push buffer, buffer=0x10d6298,header=0x10d6c88, pBuffer=0x4117ec00
04-25 12:17:07.929 I/SprdSimpleOMXComponent(   89): useBuffer, push buffer, buffer=0x10cf9f8,header=0x10d6b78, pBuffer=0x4142b800
04-25 12:17:07.929 I/SprdSimpleOMXComponent(   89): useBuffer, push buffer, buffer=0x10d6460,header=0x10d7130, pBuffer=0x413d8c00
04-25 12:17:07.929 I/SprdSimpleOMXComponent(   89): useBuffer, push buffer, buffer=0x10cfa00,header=0x10d7080, pBuffer=0x4142dc00
04-25 12:17:07.939 I/SprdSimpleOMXComponent(   89): useBuffer, push buffer, buffer=0x10dae98,header=0x10dae30, pBuffer=0x417ce000
04-25 12:17:07.939 I/SprdSimpleOMXComponent(   89): useBuffer, push buffer, buffer=0x10daea0,header=0x10dafb0, pBuffer=0x417d0000
04-25 12:17:07.939 I/SprdSimpleOMXComponent(   89): useBuffer, push buffer, buffer=0x10daea8,header=0x10db118, pBuffer=0x417d2000
04-25 12:17:07.949 I/SprdSimpleOMXComponent(   89): useBuffer, push buffer, buffer=0x10daeb0,header=0x10db280, pBuffer=0x417d4000
04-25 12:17:07.949 I/SprdSimpleOMXComponent(   89): useBuffer, push buffer, buffer=0x10db558,header=0x10db4f0, pBuffer=0x41b26000
04-25 12:17:07.949 I/SprdSimpleOMXComponent(   89): useBuffer, push buffer, buffer=0x10db560,header=0x10db660, pBuffer=0x41b28400
04-25 12:17:07.949 I/SprdSimpleOMXComponent(   89): useBuffer, push buffer, buffer=0x10db568,header=0x10db7c8, pBuffer=0x41b2a800
04-25 12:17:07.949 I/SprdSimpleOMXComponent(   89): useBuffer, push buffer, buffer=0x10db570,header=0x10db930, pBuffer=0x41b2cc00
04-25 12:17:08.039 I/Gecko   (   84): [Parent 84] WARNING: waitpid failed pid:2233 errno:10: file ../../../gecko/ipc/chromium/src/base/process_util_posix.cc, line 254
04-25 12:17:08.059 I/Gecko   ( 2163): SharedSurface_Gralloc::Create -------
04-25 12:17:08.069 I/Gecko   ( 2163): SharedSurface_Gralloc::Create: success -- surface 0x44b63900, GraphicBuffer 0x445b4480.
04-25 12:17:08.259 I/Gecko   ( 2163): SharedSurface_Gralloc::Create -------
04-25 12:17:08.269 I/Gecko   ( 2163): SharedSurface_Gralloc::Create: success -- surface 0x44b63c80, GraphicBuffer 0x445b4a80.
04-25 12:17:10.039 I/Gecko   (   84): [Parent 84] WARNING: waitpid failed pid:2233 errno:10: file ../../../gecko/ipc/chromium/src/base/process_util_posix.cc, line 254
04-25 12:17:10.069 I/Gecko   (   84): [Parent 84] WARNING: Failed to deliver SIGKILL to 2233!(3).: file ../../../gecko/ipc/chromium/src/chrome/common/process_watcher_posix_sigchld.cc, line 118
04-25 12:17:10.429 W/WifiHW  (   84): wifi_command: SIGNAL_POLL
04-25 12:17:10.529 I/SprdSimpleOMXComponent(   89): fillThisBuffer, buffer: 0x10d6280, header: 0x10c0a48, iRefCount: 0
04-25 12:17:10.529 I/SprdSimpleOMXComponent(   89): fillThisBuffer, buffer: 0x10d6288, header: 0x10d5eb0, iRefCount: 0
04-25 12:17:10.529 I/SprdSimpleOMXComponent(   89): fillThisBuffer, buffer: 0x10d6290, header: 0x10d6820, iRefCount: 0
04-25 12:17:10.539 I/SprdSimpleOMXComponent(   89): fillThisBuffer, buffer: 0x10d6448, header: 0x10d6210, iRefCount: 0
04-25 12:17:10.539 I/SprdSimpleOMXComponent(   89): fillThisBuffer, buffer: 0x10d6450, header: 0x10d65a8, iRefCount: 0
04-25 12:17:10.549 E/MP3Extractor( 2163): Unable to resync. Signalling end of stream.
04-25 12:17:10.549 I/SprdSimpleOMXComponent(   89): fillThisBuffer, buffer: 0x10d6458, header: 0x10d6d38, iRefCount: 0
04-25 12:17:10.549 I/SprdSimpleOMXComponent(   89): fillThisBuffer, buffer: 0x10d6460, header: 0x10d7130, iRefCount: 0
04-25 12:17:10.549 I/SprdSimpleOMXComponent(   89): fillThisBuffer, buffer: 0x10cf9e8, header: 0x10d6010, iRefCount: 0
04-25 12:17:10.569 I/SprdSimpleOMXComponent(   89): fillThisBuffer, buffer: 0x10cf9f0, header: 0x10d6710, iRefCount: 0
04-25 12:17:10.569 I/SprdSimpleOMXComponent(   89): fillThisBuffer, buffer: 0x10cf9f8, header: 0x10d6b78, iRefCount: 0
04-25 12:17:10.569 I/SprdSimpleOMXComponent(   89): fillThisBuffer, buffer: 0x10cfa00, header: 0x10d7080, iRefCount: 0
04-25 12:17:10.599 I/SprdSimpleOMXComponent(   89): fillThisBuffer, buffer: 0x10db558, header: 0x10db4f0, iRefCount: 0
04-25 12:17:10.599 I/SprdSimpleOMXComponent(   89): fillThisBuffer, buffer: 0x10db560, header: 0x10db660, iRefCount: 0
04-25 12:17:10.609 I/SprdSimpleOMXComponent(   89): fillThisBuffer, buffer: 0x10db568, header: 0x10db7c8, iRefCount: 0
04-25 12:17:10.609 I/SprdSimpleOMXComponent(   89): fillThisBuffer, buffer: 0x10db570, header: 0x10db930, iRefCount: 0
04-25 12:17:10.639 I/SprdSimpleOMXComponent(   89): fillThisBuffer, buffer: 0x10d6298, header: 0x10d6c88, iRefCount: 0
04-25 12:17:10.659 I/SprdSimpleOMXComponent(   89): fillThisBuffer, buffer: 0x10d6280, header: 0x10c0a48, iRefCount: 0
04-25 12:17:10.659 I/SprdSimpleOMXComponent(   89): fillThisBuffer, buffer: 0x10cf9e8, header: 0x10d6010, iRefCount: 0
04-25 12:17:10.669 I/SprdSimpleOMXComponent(   89): fillThisBuffer, buffer: 0x10cf9f0, header: 0x10d6710, iRefCount: 0
04-25 12:17:10.669 I/SprdSimpleOMXComponent(   89): fillThisBuffer, buffer: 0x10d6288, header: 0x10d5eb0, iRefCount: 0
04-25 12:17:10.669 I/SprdSimpleOMXComponent(   89): fillThisBuffer, buffer: 0x10cf9f8, header: 0x10d6b78, iRefCount: 0
04-25 12:17:10.669 I/SprdSimpleOMXComponent(   89): fillThisBuffer, buffer: 0x10d6290, header: 0x10d6820, iRefCount: 0
04-25 12:17:10.679 I/Gecko   (   84): 1398453430614	Marionette	INFO	sendToClient: {"from":"0","value":"iVBORw0KGgoAAAANSUhEUgAAAUAAAAHgCAYAAADUjLREAAAgAElEQVR4nOy9X1MbWZYv6o9wH+6NmJh7ztzbUzOnXNN2tXEXBjVgjLABJX8kJRJICQJJKYGkREgiSUAkibEQshEJNigLDkK4MSPVcDlSe2raOh0dUYpzIuYeP87j/Tq/+7B2pqjPYD9k2ICUuffaa++11m/91sp7v/uHv8Xvv/2/0f/4W9i7fovRvu/h7HuI0d7fYeiHf0T/7/4eU89/h+lnv8Xok28RmHgK/1An/COd8HOd8Ax2wjPUCVffI3j6OxEYe4rQpA0L03YkpocRGLHBM/AI/sFH8A88gn+gE66eRwhN2BAa60RgqBMBzo5EwIVU2IXAmB2hyacITT5FYKwT9u//Fv6BB3B134e/7xH8/Y8QGLEhwHXCP9SJ4R8ewP79N7A/+gauvgdYmLTDP2KDn3uKwMRThCaeIuR+Cv+IDYGRpwhwTxEYscE/9AievvtwPbmP0cf36f4Dj+Dqf4DAUCf8/Q/g6X8AT98jBLin1tgDIzZ4+h/BM0BzH370DfxDjxCYeIrAmA2JmWF4OBtc/Z1wDTyCa+ARRvvY+IcewdP3AE+//VsM9zygObqfwtX/CJ7BTgQ4G0ITNG8/9wiuwU6M9jyAq+c+RrvvY/jJAyz4hxHy2hEYe0qycj+Fq+8BXP0PEOI62Zgf0LwnhxFyP0XITfIKjNngH6F7BrhOBEY6ERqzITT2FP7BRwhw9LNnsBP+oUfwD3UyWT/FgncYC5N2jHbfh3+wE/4Bkp+n/z5CEzYkpoexMG2HZ5DWltbVBk/PA3j6ae0X3DYERh5h9Ml9eJgsQxNP4Rl8dOeeDxAYscH+/Tfs+aQ7ngG6n5+zITBmQ2CE5D/afR/2x7QG/oEHGH1y/6uOfsE6GuXt4Lq/xdTAD/A8/R4T3f+I0e5vwNs74B2yYW
04-25 12:17:10.689 I/SprdSimpleOMXComponent(   89): fillThisBuffer, buffer: 0x10d6298, header: 0x10d6c88, iRefCount: 0
04-25 12:17:10.689 I/SprdSimpleOMXComponent(   89): fillThisBuffer, buffer: 0x10d6280, header: 0x10c0a48, iRefCount: 0
04-25 12:17:10.689 I/SprdSimpleOMXComponent(   89): fillThisBuffer, buffer: 0x10d6288, header: 0x10d5eb0, iRefCount: 0
04-25 12:17:10.689 I/SprdSimpleOMXComponent(   89): fillThisBuffer, buffer: 0x10d6290, header: 0x10d6820, iRefCount: 0
04-25 12:17:10.689 I/SprdSimpleOMXComponent(   89): fillThisBuffer, buffer: 0x10cfa00, header: 0x10d7080, iRefCount: 0
04-25 12:17:10.689 I/SprdSimpleOMXComponent(   89): fillThisBuffer, buffer: 0x10cf9e8, header: 0x10d6010, iRefCount: 0
04-25 12:17:10.689 I/SprdSimpleOMXComponent(   89): fillThisBuffer, buffer: 0x10cf9f0, header: 0x10d6710, iRefCount: 0
04-25 12:17:10.689 I/SprdSimpleOMXComponent(   89): fillThisBuffer, buffer: 0x10cf9f8, header: 0x10d6b78, iRefCount: 0
04-25 12:17:10.699 I/SprdSimpleOMXComponent(   89): fillThisBuffer, buffer: 0x10d6298, header: 0x10d6c88, iRefCount: 0
04-25 12:17:10.699 I/SprdSimpleOMXComponent(   89): fillThisBuffer, buffer: 0x10d6280, header: 0x10c0a48, iRefCount: 0
04-25 12:17:10.699 I/SprdSimpleOMXComponent(   89): fillThisBuffer, buffer: 0x10cfa00, header: 0x10d7080, iRefCount: 0
04-25 12:17:10.699 I/SprdSimpleOMXComponent(   89): fillThisBuffer, buffer: 0x10cf9e8, header: 0x10d6010, iRefCount: 0
04-25 12:17:10.699 I/SprdSimpleOMXComponent(   89): fillThisBuffer, buffer: 0x10d6288, header: 0x10d5eb0, iRefCount: 0
04-25 12:17:10.699 I/SprdSimpleOMXComponent(   89): fillThisBuffer, buffer: 0x10cf9f0, header: 0x10d6710, iRefCount: 0
04-25 12:17:10.709 I/SprdSimpleOMXComponent(   89): fillThisBuffer, buffer: 0x10d6290, header: 0x10d6820, iRefCount: 0
04-25 12:17:10.709 I/SprdSimpleOMXComponent(   89): fillThisBuffer, buffer: 0x10cf9f8, header: 0x10d6b78, iRefCount: 0
04-25 12:17:10.709 I/SprdSimpleOMXComponent(   89): fillThisBuffer, buffer: 0x10db558, header: 0x10db4f0, iRefCount: 0
04-25 12:17:10.709 I/SprdSimpleOMXComponent(   89): fillThisBuffer, buffer: 0x10cfa00, header: 0x10d7080, iRefCount: 0
04-25 12:17:10.719 I/SprdSimpleOMXComponent(   89): fillThisBuffer, buffer: 0x10cf9e8, header: 0x10d6010, iRefCount: 0
04-25 12:17:10.719 I/SprdSimpleOMXComponent(   89): fillThisBuffer, buffer: 0x10cf9f0, header: 0x10d6710, iRefCount: 0
04-25 12:17:10.719 I/SprdSimpleOMXComponent(   89): fillThisBuffer, buffer: 0x10db560, header: 0x10db660, iRefCount: 0
04-25 12:17:10.719 I/SprdSimpleOMXComponent(   89): fillThisBuffer, buffer: 0x10cf9f8, header: 0x10d6b78, iRefCount: 0
04-25 12:17:10.719 I/SprdSimpleOMXComponent(   89): fillThisBuffer, buffer: 0x10cfa00, header: 0x10d7080, iRefCount: 0
04-25 12:17:10.719 I/SprdSimpleOMXComponent(   89): fillThisBuffer, buffer: 0x10db568, header: 0x10db7c8, iRefCount: 0
04-25 12:17:10.739 I/SprdSimpleOMXComponent(   89): fillThisBuffer, buffer: 0x10db570, header: 0x10db930, iRefCount: 0
04-25 12:17:10.739 I/SprdSimpleOMXComponent(   89): fillThisBuffer, buffer: 0x10cf9e8, header: 0x10d6010, iRefCount: 0
04-25 12:17:10.739 I/SprdSimpleOMXComponent(   89): fillThisBuffer, buffer: 0x10db558, header: 0x10db4f0, iRefCount: 0
04-25 12:17:10.759 I/SprdSimpleOMXComponent(   89): fillThisBuffer, buffer: 0x10d6298, header: 0x10d6c88, iRefCount: 0
04-25 12:17:10.759 I/SprdSimpleOMXComponent(   89): fillThisBuffer, buffer: 0x10d6280, header: 0x10c0a48, iRefCount: 0
04-25 12:17:10.759 I/SprdSimpleOMXComponent(   89): fillThisBuffer, buffer: 0x10db560, header: 0x10db660, iRefCount: 0
04-25 12:17:10.759 I/SprdSimpleOMXComponent(   89): fillThisBuffer, buffer: 0x10cf9f0, header: 0x10d6710, iRefCount: 0
04-25 12:17:10.759 I/SprdSimpleOMXComponent(   89): fillThisBuffer, buffer: 0x10cf9f8, header: 0x10d6b78, iRefCount: 0
04-25 12:17:10.759 I/SprdSimpleOMXComponent(   89): fillThisBuffer, buffer: 0x10db568, header: 0x10db7c8, iRefCount: 0
04-25 12:17:10.769 I/SprdSimpleOMXComponent(   89): fillThisBuffer, buffer: 0x10cfa00, header: 0x10d7080, iRefCount: 0
04-25 12:17:10.779 I/SprdSimpleOMXComponent(   89): fillThisBuffer, buffer: 0x10d6288, header: 0x10d5eb0, iRefCount: 0
04-25 12:17:10.779 I/SprdSimpleOMXComponent(   89): fillThisBuffer, buffer: 0x10d6290, header: 0x10d6820, iRefCount: 0
04-25 12:17:10.779 I/SprdSimpleOMXComponent(   89): fillThisBuffer, buffer: 0x10d6298, header: 0x10d6c88, iRefCount: 0
04-25 12:17:10.779 I/SprdSimpleOMXComponent(   89): fillThisBuffer, buffer: 0x10d6280, header: 0x10c0a48, iRefCount: 0
04-25 12:17:10.779 I/SprdSimpleOMXComponent(   89): fillThisBuffer, buffer: 0x10db570, header: 0x10db930, iRefCount: 0
04-25 12:17:10.779 I/SprdSimpleOMXComponent(   89): fillThisBuffer, buffer: 0x10db558, header: 0x10db4f0, iRefCount: 0
04-25 12:17:10.779 I/SprdSimpleOMXComponent(   89): fillThisBuffer, buffer: 0x10db560, header: 0x10db660, iRefCount: 0
04-25 12:17:10.779 I/SprdSimpleOMXComponent(   89): fillThisBuffer, buffer: 0x10d6288, header: 0x10d5eb0, iRefCount: 0
04-25 12:17:10.779 I/SprdSimpleOMXComponent(   89): fillThisBuffer, buffer: 0x10d6290, header: 0x10d6820, iRefCount: 0
04-25 12:17:10.789 I/SprdSimpleOMXComponent(   89): fillThisBuffer, buffer: 0x10d6298, header: 0x10d6c88, iRefCount: 0
04-25 12:17:10.789 I/SprdSimpleOMXComponent(   89): fillThisBuffer, buffer: 0x10d6280, header: 0x10c0a48, iRefCount: 0
04-25 12:17:10.789 I/SprdSimpleOMXComponent(   89): fillThisBuffer, buffer: 0x10db568, header: 0x10db7c8, iRefCount: 0
04-25 12:17:10.789 I/SprdSimpleOMXComponent(   89): fillThisBuffer, buffer: 0x10d6288, header: 0x10d5eb0, iRefCount: 0
04-25 12:17:10.789 I/SprdSimpleOMXComponent(   89): fillThisBuffer, buffer: 0x10d6290, header: 0x10d6820, iRefCount: 0
04-25 12:17:10.789 I/SprdSimpleOMXComponent(   89): fillThisBuffer, buffer: 0x10d6298, header: 0x10d6c88, iRefCount: 0
04-25 12:17:10.789 I/SprdSimpleOMXComponent(   89): fillThisBuffer, buffer: 0x10cf9e8, header: 0x10d6010, iRefCount: 0
04-25 12:17:10.799 I/SprdSimpleOMXComponent(   89): fillThisBuffer, buffer: 0x10db570, header: 0x10db930, iRefCount: 0
04-25 12:17:10.799 I/SprdSimpleOMXComponent(   89): fillThisBuffer, buffer: 0x10db558, header: 0x10db4f0, iRefCount: 0
04-25 12:17:10.799 I/SprdSimpleOMXComponent(   89): fillThisBuffer, buffer: 0x10db560, header: 0x10db660, iRefCount: 0
04-25 12:17:10.799 I/SprdSimpleOMXComponent(   89): fillThisBuffer, buffer: 0x10d6280, header: 0x10c0a48, iRefCount: 0
04-25 12:17:10.799 I/SprdSimpleOMXComponent(   89): fillThisBuffer, buffer: 0x10db568, header: 0x10db7c8, iRefCount: 0
04-25 12:17:10.799 I/SprdSimpleOMXComponent(   89): fillThisBuffer, buffer: 0x10cf9f0, header: 0x10d6710, iRefCount: 0
04-25 12:17:10.799 I/SprdSimpleOMXComponent(   89): fillThisBuffer, buffer: 0x10d6288, header: 0x10d5eb0, iRefCount: 0
04-25 12:17:10.799 I/SprdSimpleOMXComponent(   89): fillThisBuffer, buffer: 0x10cf9f8, header: 0x10d6b78, iRefCount: 0
04-25 12:17:10.809 I/SprdSimpleOMXComponent(   89): fillThisBuffer, buffer: 0x10d6290, header: 0x10d6820, iRefCount: 0
04-25 12:17:10.809 E/MP3Extractor( 2163): Unable to resync. Signalling end of stream.
04-25 12:17:10.809 I/SprdSimpleOMXComponent(   89): fillThisBuffer, buffer: 0x10d6298, header: 0x10d6c88, iRefCount: 0
04-25 12:17:10.809 I/SprdSimpleOMXComponent(   89): fillThisBuffer, buffer: 0x10cfa00, header: 0x10d7080, iRefCount: 0
04-25 12:17:10.809 I/SprdSimpleOMXComponent(   89): fillThisBuffer, buffer: 0x10db570, header: 0x10db930, iRefCount: 0
04-25 12:17:10.809 I/SprdSimpleOMXComponent(   89): fillThisBuffer, buffer: 0x10db558, header: 0x10db4f0, iRefCount: 0
04-25 12:17:10.809 I/SprdSimpleOMXComponent(   89): fillThisBuffer, buffer: 0x10db560, header: 0x10db660, iRefCount: 0
04-25 12:17:10.809 I/SprdSimpleOMXComponent(   89): fillThisBuffer, buffer: 0x10db568, header: 0x10db7c8, iRefCount: 0
04-25 12:17:10.819 I/SprdSimpleOMXComponent(   89): fillThisBuffer, buffer: 0x10d6280, header: 0x10c0a48, iRefCount: 0
04-25 12:17:10.819 I/SprdSimpleOMXComponent(   89): fillThisBuffer, buffer: 0x10cf9e8, header: 0x10d6010, iRefCount: 0
04-25 12:17:10.819 I/SprdSimpleOMXComponent(   89): fillThisBuffer, buffer: 0x10cf9f0, header: 0x10d6710, iRefCount: 0
04-25 12:17:10.819 I/SprdSimpleOMXComponent(   89): fillThisBuffer, buffer: 0x10d6448, header: 0x10d6210, iRefCount: 0
04-25 12:17:10.819 I/SprdSimpleOMXComponent(   89): fillThisBuffer, buffer: 0x10db570, header: 0x10db930, iRefCount: 0
04-25 12:17:10.819 I/SprdSimpleOMXComponent(   89): fillThisBuffer, buffer: 0x10d6288, header: 0x10d5eb0, iRefCount: 0
04-25 12:17:10.819 I/SprdSimpleOMXComponent(   89): fillThisBuffer, buffer: 0x10d6450, header: 0x10d65a8, iRefCount: 0
04-25 12:17:10.829 I/SprdSimpleOMXComponent(   89): fillThisBuffer, buffer: 0x10d6290, header: 0x10d6820, iRefCount: 0
04-25 12:17:10.829 I/SprdSimpleOMXComponent(   89): fillThisBuffer, buffer: 0x10d6458, header: 0x10d6d38, iRefCount: 0
04-25 12:17:10.829 I/SprdSimpleOMXComponent(   89): fillThisBuffer, buffer: 0x10cf9f8, header: 0x10d6b78, iRefCount: 0
04-25 12:17:10.839 I/SprdSimpleOMXComponent(   89): fillThisBuffer, buffer: 0x10d6298, header: 0x10d6c88, iRefCount: 0
04-25 12:17:10.849 I/SprdSimpleOMXComponent(   89): fillThisBuffer, buffer: 0x10cfa00, header: 0x10d7080, iRefCount: 0
04-25 12:17:10.849 I/SprdSimpleOMXComponent(   89): fillThisBuffer, buffer: 0x10d6280, header: 0x10c0a48, iRefCount: 0
04-25 12:17:10.849 I/SprdSimpleOMXComponent(   89): fillThisBuffer, buffer: 0x10d6288, header: 0x10d5eb0, iRefCount: 0
04-25 12:17:10.859 I/SprdSimpleOMXComponent(   89): fillThisBuffer, buffer: 0x10cf9e8, header: 0x10d6010, iRefCount: 0
04-25 12:17:10.859 I/SprdSimpleOMXComponent(   89): fillThisBuffer, buffer: 0x10d6290, header: 0x10d6820, iRefCount: 0
04-25 12:17:10.869 I/SprdSimpleOMXComponent(   89): fillThisBuffer, buffer: 0x10cf9f0, header: 0x10d6710, iRefCount: 0
04-25 12:17:10.869 I/SprdSimpleOMXComponent(   89): fillThisBuffer, buffer: 0x10cf9f8, header: 0x10d6b78, iRefCount: 0
04-25 12:17:10.869 I/SprdSimpleOMXComponent(   89): fillThisBuffer, buffer: 0x10cfa00, header: 0x10d7080, iRefCount: 0
04-25 12:17:10.879 I/SprdSimpleOMXComponent(   89): fillThisBuffer, buffer: 0x10d6298, header: 0x10d6c88, iRefCount: 0
04-25 12:17:10.879 I/SprdSimpleOMXComponent(   89): fillThisBuffer, buffer: 0x10d6280, header: 0x10c0a48, iRefCount: 0
04-25 12:17:10.879 I/SprdSimpleOMXComponent(   89): fillThisBuffer, buffer: 0x10d6288, header: 0x10d5eb0, iRefCount: 0
04-25 12:17:10.879 I/SprdSimpleOMXComponent(   89): fillThisBuffer, buffer: 0x10cf9e8, header: 0x10d6010, iRefCount: 0
04-25 12:17:10.889 I/SprdSimpleOMXComponent(   89): fillThisBuffer, buffer: 0x10cf9f0, header: 0x10d6710, iRefCount: 0
04-25 12:17:10.889 I/SprdSimpleOMXComponent(   89): fillThisBuffer, buffer: 0x10cf9f8, header: 0x10d6b78, iRefCount: 0
04-25 12:17:10.889 I/SprdSimpleOMXComponent(   89): fillThisBuffer, buffer: 0x10cfa00, header: 0x10d7080, iRefCount: 0
04-25 12:17:10.889 I/SprdSimpleOMXComponent(   89): fillThisBuffer, buffer: 0x10cf9e8, header: 0x10d6010, iRefCount: 0
04-25 12:17:10.889 I/SprdSimpleOMXComponent(   89): fillThisBuffer, buffer: 0x10cf9f0, header: 0x10d6710, iRefCount: 0
04-25 12:17:11.489 I/Gecko   (   84): 1398453431505	Marionette	INFO	sendToClient: {"from":"0","ok":true}, {83454498-5841-4ab6-9f0d-c8e708ad9a58}, {83454498-5841-4ab6-9f0d-c8e708ad9a58}
04-25 12:17:11.529 I/Gecko   (   84): 1398453431540	Marionette	DEBUG	Got request: switchToFrame, data: {"to":"0","sessionId":"3-b2g","name":"switchToFrame","parameters":{"id":null,"focus":true}}, id: {8ef10aa1-ec7f-4a55-b546-23f6b72ef4ff}
04-25 12:17:11.579 I/Gecko   (   84): 1398453431591	Marionette	INFO	Switched to frame: {"frameValue":null}
04-25 12:17:11.779 I/Gecko   (   84): 1398453431794	Marionette	INFO	sendToClient: {"from":"0","ok":true}, {8ef10aa1-ec7f-4a55-b546-23f6b72ef4ff}, {8ef10aa1-ec7f-4a55-b546-23f6b72ef4ff}
04-25 12:17:11.789 I/Gecko   (   84): 1398453431802	Marionette	DEBUG	Got request: executeWithCallback, data: {"to":"0","sessionId":"3-b2g","name":"executeAsyncScript","parameters":{"specialPowers":false,"scriptTimeout":null,"newSandbox":true,"args":[],"filename":"gaia_test.py","script":"return GaiaApps.displayedApp();","line":66}}, id: {5a814937-4ab9-42dc-9f73-c72d34f69b66}
04-25 12:17:12.069 I/Gecko   (   84): 1398453432083	Marionette	INFO	sendToClient: {"from":"0","value":{"frame":{"ELEMENT":"{e2e4f768-f61a-49de-8839-ba0ec3c77aa2}"},"src":"app://{6bd2b018-7d42-4ed4-aefe-28d003b25100}/index.html","name":"Swiper","origin":"app://{6bd2b018-7d42-4ed4-aefe-28d003b25100}"}}, {5a814937-4ab9-42dc-9f73-c72d34f69b66}, {5a814937-4ab9-42dc-9f73-c72d34f69b66}
04-25 12:17:12.069 E/GeckoConsole(   84): Content JS LOG at dummy file:392 in GaiaApps.displayedApp: app with origin 'app://{6bd2b018-7d42-4ed4-aefe-28d003b25100}' is displayed
04-25 12:17:12.079 I/Gecko   (   84): 1398453432092	Marionette	DEBUG	Got request: switchToFrame, data: {"to":"0","sessionId":"3-b2g","name":"switchToFrame","parameters":{"id":null,"focus":true}}, id: {5c653032-23b7-4d18-9399-6ad72e10c51b}
04-25 12:17:12.079 I/Gecko   (   84): 1398453432096	Marionette	INFO	Switched to frame: {"frameValue":null}
04-25 12:17:12.349 I/Gecko   (   84): 1398453432368	Marionette	INFO	sendToClient: {"from":"0","ok":true}, {5c653032-23b7-4d18-9399-6ad72e10c51b}, {5c653032-23b7-4d18-9399-6ad72e10c51b}
