04-26 09:45:32.215 I/Gonk    (   84): Setting nice for pid 1667 to 18
04-26 09:45:32.225 I/Gonk    (   84): Changed nice for pid 1667 from 0 to 18.
04-26 09:45:32.355 D/libEGL  ( 1551): loaded /system/lib/egl/libEGL_mali.so
04-26 09:45:32.425 D/libEGL  ( 1551): loaded /system/lib/egl/libGLESv1_CM_mali.so
04-26 09:45:32.425 D/libEGL  ( 1551): loaded /system/lib/egl/libGLESv2_mali.so
04-26 09:45:32.525 I/Gecko   ( 1551): SharedSurface_Gralloc::Create -------
04-26 09:45:32.625 I/Gecko   ( 1551): SharedSurface_Gralloc::Create: success -- surface 0x452cd880, GraphicBuffer 0x452b9600.
04-26 09:45:38.535 I/GonkMemoryPressure(   84): Checking to see if memory pressure is over.
04-26 09:45:38.555 I/GonkMemoryPressure(   84): Memory pressure is over.
04-26 09:45:38.575 I/GonkMemoryPressure( 1551): Checking to see if memory pressure is over.
04-26 09:45:38.575 I/GonkMemoryPressure( 1551): Memory pressure is over.
04-26 09:45:38.705 I/GonkMemoryPressure( 1667): Checking to see if memory pressure is over.
04-26 09:45:39.005 I/GonkMemoryPressure( 1667): Memory pressure is over.
04-26 09:45:43.615 I/GonkMemoryPressure( 1551): Checking to see if memory pressure is over.
04-26 09:45:43.615 I/GonkMemoryPressure( 1551): Memory pressure is over.
04-26 09:45:43.615 I/GonkMemoryPressure(   84): Checking to see if memory pressure is over.
04-26 09:45:43.615 I/GonkMemoryPressure(   84): Memory pressure is over.
04-26 09:45:44.905 I/GonkMemoryPressure( 1667): Checking to see if memory pressure is over.
04-26 09:45:45.105 I/GonkMemoryPressure( 1667): Memory pressure is over.
04-26 09:45:45.155 I/Gecko   ( 1551): [SharedSurface_Gralloc 0x452cd880] destroyed
04-26 09:45:48.655 I/GonkMemoryPressure( 1551): Checking to see if memory pressure is over.
04-26 09:45:48.655 I/GonkMemoryPressure( 1551): Memory pressure is over.
04-26 09:45:48.685 I/GonkMemoryPressure(   84): Checking to see if memory pressure is over.
04-26 09:45:48.685 I/GonkMemoryPressure(   84): Memory pressure is over.
04-26 09:45:50.265 I/GonkMemoryPressure( 1667): Checking to see if memory pressure is over.
04-26 09:45:50.415 I/GonkMemoryPressure( 1667): Memory pressure is over.
04-26 09:45:53.075 W/WifiHW  (   84): wifi_command: SIGNAL_POLL
04-26 09:45:53.225 I/Gecko   (   84): 1398530753204	Marionette	INFO	sendToClient: {"from":"0","value":"iVBORw0KGgoAAAANSUhEUgAAAUAAAAHgCAYAAADUjLREAAAgAElEQVR4nOydZ3gU5dfGA4L9rwYsKRTpCKL4IiAI0nYjLSBFOkoRBBFBAUEjTaSG0CMlhiKGFkCKdBJq+lKlQyjpIQkhvWyy9/ths5OZ2ZnZ2ckm2TjnXNfvQ2aeeeY8Ze5M23scNBoNCIIg1IhDeSdAEARRXpAAEgShWkgACYJQLSSABEGoFhJAgiBUCwkgQRCqhQSQIAjVQgJIEIRqIQEkCEK1kAASBKFaSAAJglAtFVoAtVotPDw80K9fP7i5ueGLL75A7969OcvLO8eyZNiwYWZtroh9Ud459+rVC19++SXc3NzKvS+I0sXuBNDLywujRo1i/v7yyy/h5eWFbt26QaPRoEePHnB3d4dGo8Hnn38OnU6HuXPnok+fPtDpdJg4cSJneXm3pywJDQ2Fh4cHZ1lF7IvyznncuHHQ6XRWCzB7bhIVA7sTQJ1OxzmIp0+fDp1Ox0ysgIAALFq0iFnfv39/aLVajgCyl5d3e8oSIQGsqH1RnjkrFUD+3CTsnwolgF5eXggJCcH+/fvh7e2Nnj17wtvbGyNHjuQI4Keffsos/+GHH+Dt7c2wZs0adO3aFR4eHli7di02b96M6dOncw621atXY8KECVi9ejXWrVuHoUOHwsPDA5s3b8acOXOYst26dcPChQuxZcsWLF68GD169GDqmDx5MjZt2gQfHx9MnTpV8GDu3r07s72npyd69eplsV6pdWwBnDZtGlasWMHpI43GeJbi6emJzZs345dffuHkJSfn1atXY+LEiVizZg18fHyYek3rxowZg5UrV2LOnDkW8xWriz1+lsZKKmetVotVq1Yx/xQ1Gg2mTJkiKFK9evXCihUrsHHjRqxcuZIjgFJ9ZoI/N7t16ya5nVBfic0Ha+sp6bwUGxc5xw07F0vl7YEKJY
04-26 09:45:53.985 I/GonkMemoryPressure(   84): Checking to see if memory pressure is over.
04-26 09:45:53.985 I/GonkMemoryPressure(   84): Memory pressure is over.
04-26 09:45:53.985 I/GonkMemoryPressure( 1551): Checking to see if memory pressure is over.
04-26 09:45:53.985 I/GonkMemoryPressure( 1551): Memory pressure is over.
04-26 09:45:54.705 I/Gecko   (   84): 1398530754716	Marionette	INFO	sendToClient: {"from":"0","ok":true}, {2f59ed2b-f96e-4f2f-9d8c-8b52732014f9}, {2f59ed2b-f96e-4f2f-9d8c-8b52732014f9}
04-26 09:45:55.235 I/Gecko   (   84): 1398530755243	Marionette	DEBUG	Got request: switchToFrame, data: {"to":"0","sessionId":"3-b2g","name":"switchToFrame","parameters":{"id":null,"focus":true}}, id: {deafd028-6989-402c-bead-20c59922238b}
04-26 09:45:55.395 I/Gecko   (   84): 1398530755406	Marionette	INFO	Switched to frame: {"frameValue":null}
04-26 09:45:55.605 I/Gecko   (   84): 1398530755615	Marionette	INFO	sendToClient: {"from":"0","ok":true}, {deafd028-6989-402c-bead-20c59922238b}, {deafd028-6989-402c-bead-20c59922238b}
04-26 09:45:55.835 I/GonkMemoryPressure( 1667): Checking to see if memory pressure is over.
04-26 09:45:55.855 I/Gecko   (   84): 1398530755862	Marionette	DEBUG	Got request: executeWithCallback, data: {"to":"0","sessionId":"3-b2g","name":"executeAsyncScript","parameters":{"specialPowers":false,"scriptTimeout":null,"newSandbox":true,"args":[],"filename":"gaia_test.py","script":"return GaiaApps.displayedApp();","line":66}}, id: {23d53ea2-2d2f-48d9-8454-5c1acbba5303}
04-26 09:45:55.905 I/GonkMemoryPressure( 1667): Memory pressure is over.
04-26 09:45:56.135 E/GeckoConsole(   84): Content JS LOG at dummy file:392 in GaiaApps.displayedApp: app with origin 'http://www.telepizza.es' is displayed
04-26 09:45:56.145 I/Gecko   (   84): 1398530756152	Marionette	INFO	sendToClient: {"from":"0","value":{"frame":{"ELEMENT":"{4b8aff48-39aa-45c3-9e60-d12afff69615}"},"src":"http://www.telepizza.es/app/index/co/firefoxos/1.0","name":"Telepizza 2.0","origin":"http://www.telepizza.es"}}, {23d53ea2-2d2f-48d9-8454-5c1acbba5303}, {23d53ea2-2d2f-48d9-8454-5c1acbba5303}
04-26 09:45:56.165 I/Gecko   (   84): 1398530756178	Marionette	DEBUG	Got request: switchToFrame, data: {"to":"0","sessionId":"3-b2g","name":"switchToFrame","parameters":{"id":null,"focus":true}}, id: {c6438211-96bb-4645-a5f7-c6bc344340b2}
04-26 09:45:56.225 I/Gecko   (   84): 1398530756235	Marionette	INFO	Switched to frame: {"frameValue":null}
04-26 09:45:56.415 I/Gecko   (   84): 1398530756420	Marionette	INFO	sendToClient: {"from":"0","ok":true}, {c6438211-96bb-4645-a5f7-c6bc344340b2}, {c6438211-96bb-4645-a5f7-c6bc344340b2}
04-26 09:45:56.415 I/Gecko   (   84): 1398530756426	Marionette	DEBUG	Got request: execute, data: {"to":"0","sessionId":"3-b2g","name":"executeScript","parameters":{"specialPowers":false,"scriptTimeout":null,"newSandbox":true,"args":[],"filename":"gaia_test.py","script":"window.wrappedJSObject.dispatchEvent(new Event('home'));","line":788}}, id: {406dc9c5-a551-4e74-a8e2-809f3e4afa39}
04-26 09:45:56.675 I/Gonk    (   84): Setting nice for pid 1667 to 18
04-26 09:45:56.675 I/Gonk    (   84): Changed nice for pid 1667 from 18 to 18.
04-26 09:45:56.675 I/Gecko   (   84): [Parent 84] WARNING: waitpid failed pid:1667 errno:10: file ../../../gecko/ipc/chromium/src/base/process_util_posix.cc, line 254
04-26 09:45:56.805 I/Gonk    (   84): Setting nice for pid 1667 to 1
04-26 09:45:56.805 I/Gonk    (   84): Changed nice for pid 1667 from 18 to 1.
04-26 09:45:56.875 D/Sensors (   84): activate handle=0; drv=0
04-26 09:45:56.875 D/Sensors (   84): Lis3dhSensor: Control set 0
04-26 09:45:56.875 D/Sensors (   84): Lis3dhSensor: mEnabled = 0
04-26 09:45:57.645 I/Gecko   (   84): 1398530757651	Marionette	INFO	sendToClient: {"from":"0","value":null}, {406dc9c5-a551-4e74-a8e2-809f3e4afa39}, {406dc9c5-a551-4e74-a8e2-809f3e4afa39}
04-26 09:45:57.725 E/[Gralloc-ERROR](   84): int gralloc_register_buffer(const gralloc_module_t*, const native_handle_t*):79 Unable to register handle 0x44a5c790 coming from different process: 84
04-26 09:45:57.725 E/[Gralloc-ERROR](   84): int gralloc_register_buffer(const gralloc_module_t*, const native_handle_t*):79 Unable to register handle 0x44a5ca60 coming from different process: 84
04-26 09:46:01.565 E/Profiler(   84): BPUnw: [1 total] thread_unregister_for_profiling(me=0x1512f08)  (NOT REGISTERED) 
04-26 09:46:04.005 I/GonkMemoryPressure(   84): Checking to see if memory pressure is over.
04-26 09:46:04.035 I/GonkMemoryPressure(   84): Memory pressure is over.
04-26 09:46:04.035 I/GonkMemoryPressure( 1667): Checking to see if memory pressure is over.
04-26 09:46:04.035 I/GonkMemoryPressure( 1667): Memory pressure is over.
04-26 09:46:04.035 I/GonkMemoryPressure( 1551): Checking to see if memory pressure is over.
04-26 09:46:04.035 I/GonkMemoryPressure( 1551): Memory pressure is over.
04-26 09:46:09.125 W/WifiHW  (   84): wifi_command: SIGNAL_POLL
04-26 09:46:09.285 I/GonkMemoryPressure( 1551): Checking to see if memory pressure is over.
04-26 09:46:09.285 I/GonkMemoryPressure( 1551): Memory pressure is over.
04-26 09:46:09.285 I/GonkMemoryPressure( 1667): Checking to see if memory pressure is over.
04-26 09:46:09.285 I/GonkMemoryPressure( 1667): Memory pressure is over.
04-26 09:46:09.285 I/GonkMemoryPressure(   84): Checking to see if memory pressure is over.
04-26 09:46:09.285 I/GonkMemoryPressure(   84): Memory pressure is over.
04-26 09:46:09.425 I/Gonk    (   84): Setting nice for pid 1551 to 18
04-26 09:46:09.445 I/Gonk    (   84): Changed nice for pid 1551 from 1 to 18.
04-26 09:46:09.785 I/Gecko   (   84): 1398530769783	Marionette	DEBUG	Got request: switchToFrame, data: {"to":"0","sessionId":"3-b2g","name":"switchToFrame","parameters":{"id":null,"focus":true}}, id: {588ed112-3663-48d3-aa1c-c4084789d46a}
04-26 09:46:10.095 E/[Gralloc-ERROR](   84): int gralloc_unregister_buffer(const gralloc_module_t*, const native_handle_t*):274 Trying to unregister buffer 0x44a5ca60 from process 84 that was not created in current process: 84
04-26 09:46:10.105 E/[Gralloc-ERROR](   84): int gralloc_unregister_buffer(const gralloc_module_t*, const native_handle_t*):274 Trying to unregister buffer 0x44a5c790 from process 84 that was not created in current process: 84
04-26 09:46:10.135 E/Profiler(   84): BPUnw: [1 total] thread_unregister_for_profiling(me=0x15121c8)  (NOT REGISTERED) 
04-26 09:46:10.225 I/Gonk    (   84): Setting nice for pid 1691 to 18
04-26 09:46:10.225 I/Gonk    (   84): Changed nice for pid 1691 from 0 to 18.
04-26 09:46:10.385 I/Gecko   (   84): 1398530770398	Marionette	INFO	Switched to frame: {"frameValue":null}
04-26 09:46:10.865 I/Gecko   (   84): 1398530770874	Marionette	INFO	sendToClient: {"from":"0","ok":true}, {588ed112-3663-48d3-aa1c-c4084789d46a}, {588ed112-3663-48d3-aa1c-c4084789d46a}
04-26 09:46:10.905 I/Gecko   (   84): 1398530770913	Marionette	DEBUG	Got request: executeWithCallback, data: {"to":"0","sessionId":"3-b2g","name":"executeAsyncScript","parameters":{"specialPowers":false,"scriptTimeout":null,"newSandbox":true,"args":[],"filename":"gaia_test.py","script":"return GaiaApps.displayedApp();","line":66}}, id: {73b8fcbe-1998-4e03-a7d3-f90b1f5ddf12}
04-26 09:46:11.085 I/Gecko   (   84): 1398530771095	Marionette	INFO	sendToClient: {"from":"0","value":{"frame":{"ELEMENT":"{bbc0e975-6988-4d04-9273-2d1f7cba0c25}"},"src":"app://homescreen.gaiamobile.org/index.html#root","name":"Homescreen","origin":"app://homescreen.gaiamobile.org"}}, {73b8fcbe-1998-4e03-a7d3-f90b1f5ddf12}, {73b8fcbe-1998-4e03-a7d3-f90b1f5ddf12}
04-26 09:46:11.095 E/GeckoConsole(   84): Content JS LOG at dummy file:392 in GaiaApps.displayedApp: app with origin 'app://homescreen.gaiamobile.org' is displayed
04-26 09:46:11.105 I/Gecko   (   84): 1398530771113	Marionette	DEBUG	Got request: switchToFrame, data: {"to":"0","sessionId":"3-b2g","name":"switchToFrame","parameters":{"id":null,"focus":true}}, id: {fe59d457-a660-4041-a968-779ec3c438e3}
04-26 09:46:11.105 I/Gecko   (   84): 1398530771115	Marionette	INFO	Switched to frame: {"frameValue":null}
04-26 09:46:11.185 I/Gecko   ( 1667): ###################################### forms.js loaded
04-26 09:46:11.215 I/Gecko   (   84): 1398530771225	Marionette	INFO	sendToClient: {"from":"0","ok":true}, {fe59d457-a660-4041-a968-779ec3c438e3}, {fe59d457-a660-4041-a968-779ec3c438e3}
04-26 09:46:11.225 I/Gecko   (   84): 1398530771234	Marionette	DEBUG	Got request: switchToFrame, data: {"to":"0","sessionId":"3-b2g","name":"switchToFrame","parameters":{"id":null,"focus":true}}, id: {343da796-297c-46a1-9a6d-5b368fd6dad5}
04-26 09:46:11.225 I/Gecko   (   84): 1398530771236	Marionette	INFO	Switched to frame: {"frameValue":null}
04-26 09:46:11.245 I/Gecko   ( 1667): ############################### browserElementPanning.js loaded
04-26 09:46:11.265 I/Gecko   ( 1667): ######################## BrowserElementChildPreload.js loaded
04-26 09:46:11.325 I/Gecko   (   84): 1398530771338	Marionette	INFO	sendToClient: {"from":"0","ok":true}, {343da796-297c-46a1-9a6d-5b368fd6dad5}, {343da796-297c-46a1-9a6d-5b368fd6dad5}
04-26 09:46:11.335 I/Gecko   (   84): 1398530771344	Marionette	DEBUG	Got request: executeWithCallback, data: {"to":"0","sessionId":"3-b2g","name":"executeAsyncScript","parameters":{"specialPowers":false,"scriptTimeout":null,"newSandbox":true,"args":[],"filename":"gaia_test.py","script":"return GaiaApps.displayedApp();","line":66}}, id: {66597f4e-ef8d-4186-a6af-d77ab88193a2}
04-26 09:46:11.375 I/Gecko   (   84): 1398530771384	Marionette	INFO	sendToClient: {"from":"0","value":{"frame":{"ELEMENT":"{bbc0e975-6988-4d04-9273-2d1f7cba0c25}"},"src":"app://homescreen.gaiamobile.org/index.html#root","name":"Homescreen","origin":"app://homescreen.gaiamobile.org"}}, {66597f4e-ef8d-4186-a6af-d77ab88193a2}, {66597f4e-ef8d-4186-a6af-d77ab88193a2}
04-26 09:46:11.385 I/Gecko   (   84): 1398530771392	Marionette	DEBUG	Got request: switchToFrame, data: {"to":"0","sessionId":"3-b2g","name":"switchToFrame","parameters":{"focus":true,"element":"{bbc0e975-6988-4d04-9273-2d1f7cba0c25}"}}, id: {a1012da9-ab24-43d7-9ce4-1df6c99988c3}
04-26 09:46:11.425 I/Gecko   (   84): 1398530771436	Marionette	INFO	Switched to frame: {"frameValue":"{bbc0e975-6988-4d04-9273-2d1f7cba0c25}"}
04-26 09:46:11.435 E/GeckoConsole(   84): Content JS LOG at dummy file:392 in GaiaApps.displayedApp: app with origin 'app://homescreen.gaiamobile.org' is displayed
04-26 09:46:11.435 I/Gecko   (   84): 1398530771443	Marionette	INFO	trying remote frame 0
04-26 09:46:11.445 I/Gecko   (   84): 1398530771451	Marionette	INFO	trying remote frame 1
04-26 09:46:11.455 I/Gecko   (   84): 1398530771468	Marionette	INFO	frame-manager load script: [object ChromeMessageSender]
04-26 09:46:11.725 I/Gecko   (   84): [Parent 84] WARNING: pipe error (105): Connection reset by peer: file ../../../gecko/ipc/chromium/src/chrome/common/ipc_channel_posix.cc, line 446
04-26 09:46:11.725 I/Gecko   (   84): 
04-26 09:46:11.725 I/Gecko   (   84): ###!!! [Parent][MessageChannel] Error: Channel error: cannot send/recv
04-26 09:46:11.725 I/Gecko   (   84): 
04-26 09:46:11.825 I/GeckoDump(   84): Crash reporter : Can't fetch app.reportCrashes. Exception: [Exception... "Component returned failure code: 0x8000ffff (NS_ERROR_UNEXPECTED) [nsIPrefBranch.getBoolPref]"  nsresult: "0x8000ffff (NS_ERROR_UNEXPECTED)"  location: "JS frame :: chrome://browser/content/shell.js :: shell_reportCrash :: line 7"  data: no]
04-26 09:46:11.845 I/Gecko   (   84): [Parent 84] WARNING: waitpid failed pid:1551 errno:10: file ../../../gecko/ipc/chromium/src/base/process_util_posix.cc, line 254
04-26 09:46:12.485 I/GonkMemoryPressure( 1691): Checking to see if memory pressure is over.
04-26 09:46:12.515 I/GonkMemoryPressure( 1691): Memory pressure is over.
04-26 09:46:12.785 I/Gecko   (   84): 1398530772797	Marionette	INFO	sendToClient: {"from":"0","ok":true}, {a1012da9-ab24-43d7-9ce4-1df6c99988c3}, {a1012da9-ab24-43d7-9ce4-1df6c99988c3}
04-26 09:46:13.185 I/Gecko   (   84): 1398530773197	Marionette	INFO	sendToClient: {"from":"0","value":"app://homescreen.gaiamobile.org/index.html#root"}, {dedcf811-a77c-4a7a-819e-9e019a89259c}, {dedcf811-a77c-4a7a-819e-9e019a89259c}
04-26 09:46:13.195 I/Gecko   (   84): 1398530773203	Marionette	DEBUG	Got request: switchToFrame, data: {"to":"0","sessionId":"3-b2g","name":"switchToFrame","parameters":{"id":null,"focus":true}}, id: {12e928cf-2649-422a-8a71-5d561ea7e409}
04-26 09:46:13.235 I/Gecko   (   84): 1398530773241	Marionette	INFO	Switched to frame: {"frameValue":null}
04-26 09:46:13.335 I/Gecko   (   84): 1398530773345	Marionette	INFO	sendToClient: {"from":"0","ok":true}, {12e928cf-2649-422a-8a71-5d561ea7e409}, {12e928cf-2649-422a-8a71-5d561ea7e409}
04-26 09:46:13.345 I/Gecko   (   84): 1398530773351	Marionette	DEBUG	Got request: switchToFrame, data: {"to":"0","sessionId":"3-b2g","name":"switchToFrame","parameters":{"id":null,"focus":true}}, id: {ca65ab17-e778-41bf-bbe4-39134c7fe427}
04-26 09:46:13.345 I/Gecko   (   84): 1398530773353	Marionette	INFO	Switched to frame: {"frameValue":null}
04-26 09:46:13.445 I/Gecko   (   84): 1398530773455	Marionette	INFO	sendToClient: {"from":"0","ok":true}, {ca65ab17-e778-41bf-bbe4-39134c7fe427}, {ca65ab17-e778-41bf-bbe4-39134c7fe427}
04-26 09:46:13.455 I/Gecko   (   84): 1398530773461	Marionette	DEBUG	Got request: executeWithCallback, data: {"to":"0","sessionId":"3-b2g","name":"executeAsyncScript","parameters":{"specialPowers":false,"scriptTimeout":null,"newSandbox":true,"args":[],"filename":"gaia_test.py","script":"GaiaApps.killAll()","line":91}}, id: {34201617-924f-4a59-abe3-ef5aa7646776}
04-26 09:46:13.845 I/Gecko   (   84): [Parent 84] WARNING: waitpid failed pid:1551 errno:10: file ../../../gecko/ipc/chromium/src/base/process_util_posix.cc, line 254
04-26 09:46:13.845 I/Gecko   (   84): [Parent 84] WARNING: Failed to deliver SIGKILL to 1551!(3).: file ../../../gecko/ipc/chromium/src/chrome/common/process_watcher_posix_sigchld.cc, line 118
04-26 09:46:13.955 E/GeckoConsole(   84): Content JS LOG at dummy file:266 in GaiaApps.kill: terminating app with origin 'app://browser.gaiamobile.org'
04-26 09:46:13.955 E/GeckoConsole(   84): Content JS LOG at dummy file:258 in GaiaApps.kill/gt_onAppTerminated/<: app with origin 'app://browser.gaiamobile.org' has terminated
04-26 09:46:14.105 I/Gecko   (   84): 1398530774110	Marionette	INFO	sendToClient: {"from":"0","value":true}, {34201617-924f-4a59-abe3-ef5aa7646776}, {34201617-924f-4a59-abe3-ef5aa7646776}
04-26 09:46:14.135 W/WifiHW  (   84): wifi_command: SIGNAL_POLL