--------- beginning of /dev/log/main
04-26 20:46:13.140 E/GeckoConsole(  879): Content JS ERROR at app://homescreen.gaiamobile.org/gaia_build_defer_index.js:390 in loadSVConfFileError: Failed parsing singleVariant configuration file [js/singlevariantconf.json]:  [Exception... "File error: Not found"  nsresult: "0x80520012 (NS_ERROR_FILE_NOT_FOUND)"  location: "JS frame :: app://homescreen.gaiamobile.org/gaia_build_defer_index.js :: loadFile :: line 382"  data: no]
04-26 20:46:13.900 I/Gecko   (   84): 1398570373919	Marionette	INFO	sendToClient: {"from":"0","ok":true}, {179c6a53-c585-45f0-9dd1-443916710a2a}, {179c6a53-c585-45f0-9dd1-443916710a2a}
04-26 20:46:14.020 W/WifiHW  (   84): wifi_command: SIGNAL_POLL
04-26 20:46:14.100 I/Gecko   (   84): 1398570374116	Marionette	DEBUG	Got request: switchToFrame, data: {"to":"0","sessionId":"3-b2g","name":"switchToFrame","parameters":{"id":null,"focus":true}}, id: {3b20cf10-6279-491a-8b14-e4bf8af927e0}
04-26 20:46:14.100 I/Gecko   (   84): 1398570374118	Marionette	INFO	Switched to frame: {"frameValue":null}
04-26 20:46:14.220 I/Gecko   (   84): 1398570374232	Marionette	INFO	sendToClient: {"from":"0","ok":true}, {3b20cf10-6279-491a-8b14-e4bf8af927e0}, {3b20cf10-6279-491a-8b14-e4bf8af927e0}
04-26 20:46:14.230 I/Gecko   (   84): 1398570374245	Marionette	DEBUG	Got request: executeWithCallback, data: {"to":"0","sessionId":"3-b2g","name":"executeAsyncScript","parameters":{"specialPowers":false,"scriptTimeout":null,"newSandbox":true,"args":[],"filename":"gaia_test.py","script":"return GaiaApps.displayedApp();","line":66}}, id: {56cbb2f9-fe8b-4047-8780-2c12dc9c13ac}
04-26 20:46:14.290 I/Gecko   (   84): 1398570374306	Marionette	INFO	sendToClient: {"from":"0","value":{"frame":{"ELEMENT":"{c5d28f69-575e-4553-978f-0c292a871a52}"},"src":"app://homescreen.gaiamobile.org/index.html#root","name":"Homescreen","origin":"app://homescreen.gaiamobile.org"}}, {56cbb2f9-fe8b-4047-8780-2c12dc9c13ac}, {56cbb2f9-fe8b-4047-8780-2c12dc9c13ac}
04-26 20:46:14.300 E/GeckoConsole(   84): Content JS LOG at dummy file:392 in GaiaApps.displayedApp: app with origin 'app://homescreen.gaiamobile.org' is displayed
04-26 20:46:14.310 I/Gecko   (   84): 1398570374323	Marionette	DEBUG	Got request: switchToFrame, data: {"to":"0","sessionId":"3-b2g","name":"switchToFrame","parameters":{"id":null,"focus":true}}, id: {fa49d7ae-3ec5-4d02-b643-6c703f99f028}
04-26 20:46:14.310 I/Gecko   (   84): 1398570374325	Marionette	INFO	Switched to frame: {"frameValue":null}
04-26 20:46:14.450 I/Gecko   (   84): 1398570374462	Marionette	INFO	sendToClient: {"from":"0","ok":true}, {fa49d7ae-3ec5-4d02-b643-6c703f99f028}, {fa49d7ae-3ec5-4d02-b643-6c703f99f028}
04-26 20:46:14.450 I/Gecko   (   84): 1398570374468	Marionette	DEBUG	Got request: switchToFrame, data: {"to":"0","sessionId":"3-b2g","name":"switchToFrame","parameters":{"id":null,"focus":true}}, id: {fbccd78c-424a-446d-bcd6-6b2aac5b2aae}
04-26 20:46:14.450 I/Gecko   (   84): 1398570374469	Marionette	INFO	Switched to frame: {"frameValue":null}
04-26 20:46:14.570 I/Gecko   (   84): 1398570374585	Marionette	INFO	sendToClient: {"from":"0","ok":true}, {fbccd78c-424a-446d-bcd6-6b2aac5b2aae}, {fbccd78c-424a-446d-bcd6-6b2aac5b2aae}
04-26 20:46:14.580 I/Gecko   (   84): 1398570374591	Marionette	DEBUG	Got request: executeWithCallback, data: {"to":"0","sessionId":"3-b2g","name":"executeAsyncScript","parameters":{"specialPowers":false,"scriptTimeout":null,"newSandbox":true,"args":[],"filename":"gaia_test.py","script":"return GaiaApps.displayedApp();","line":66}}, id: {3b52d25a-4683-4739-a533-2bef520c56a9}
04-26 20:46:14.650 E/GeckoConsole(   84): Content JS LOG at dummy file:392 in GaiaApps.displayedApp: app with origin 'app://homescreen.gaiamobile.org' is displayed
04-26 20:46:14.660 I/Gecko   (   84): 1398570374671	Marionette	INFO	sendToClient: {"from":"0","value":{"frame":{"ELEMENT":"{c5d28f69-575e-4553-978f-0c292a871a52}"},"src":"app://homescreen.gaiamobile.org/index.html#root","name":"Homescreen","origin":"app://homescreen.gaiamobile.org"}}, {3b52d25a-4683-4739-a533-2bef520c56a9}, {3b52d25a-4683-4739-a533-2bef520c56a9}
04-26 20:46:14.670 I/Gecko   (   84): 1398570374685	Marionette	DEBUG	Got request: switchToFrame, data: {"to":"0","sessionId":"3-b2g","name":"switchToFrame","parameters":{"focus":true,"element":"{c5d28f69-575e-4553-978f-0c292a871a52}"}}, id: {31def40e-21fd-42a8-be6f-44942ae5c6fb}
04-26 20:46:14.710 I/Gecko   (   84): 1398570374721	Marionette	INFO	Switched to frame: {"frameValue":"{c5d28f69-575e-4553-978f-0c292a871a52}"}
04-26 20:46:14.710 I/Gecko   (   84): 1398570374724	Marionette	INFO	trying remote frame 0
04-26 20:46:14.710 I/Gecko   (   84): 1398570374725	Marionette	INFO	deleting frame
04-26 20:46:14.710 I/Gecko   (   84): 1398570374729	Marionette	INFO	frame-manager load script: [object ChromeMessageSender]
04-26 20:46:15.190 I/Gecko   (   84): 1398570375202	Marionette	INFO	sendToClient: {"from":"0","ok":true}, {31def40e-21fd-42a8-be6f-44942ae5c6fb}, {31def40e-21fd-42a8-be6f-44942ae5c6fb}
04-26 20:46:15.300 I/Gecko   (   84): 1398570375317	Marionette	INFO	sendToClient: {"from":"0","value":{"ELEMENT":"{548705a8-759f-4be3-a92d-c4eb47125121}"}}, {a8b67e67-0abb-4ed5-88d4-969b8e61d35b}, {a8b67e67-0abb-4ed5-88d4-969b8e61d35b}
04-26 20:46:15.720 E/GeckoConsole(  879): [JavaScript Warning: "Use of getAttributeNode() is deprecated. Use getAttribute() instead." {file: "chrome://marionette/content/atoms.js" line: 25}]
04-26 20:46:15.740 E/GeckoConsole(  879): [JavaScript Warning: "Use of attributes' specified attribute is deprecated. It always returns true." {file: "chrome://marionette/content/atoms.js" line: 25}]
04-26 20:46:15.750 I/Gecko   (   84): 1398570375761	Marionette	INFO	sendToClient: {"from":"0","value":"normal"}, {009f711b-a98d-4dda-9ec5-b6a3d4c4018c}, {009f711b-a98d-4dda-9ec5-b6a3d4c4018c}
04-26 20:46:15.750 I/Gecko   (   84): 1398570375768	Marionette	DEBUG	Got request: switchToFrame, data: {"to":"0","sessionId":"3-b2g","name":"switchToFrame","parameters":{"id":null,"focus":true}}, id: {93ab2aca-8db8-4619-83a4-ef74d954e05a}
04-26 20:46:15.760 I/Gecko   (   84): 1398570375779	Marionette	INFO	Switched to frame: {"frameValue":null}
04-26 20:46:15.870 I/Gecko   (   84): 1398570375884	Marionette	INFO	sendToClient: {"from":"0","ok":true}, {93ab2aca-8db8-4619-83a4-ef74d954e05a}, {93ab2aca-8db8-4619-83a4-ef74d954e05a}
04-26 20:46:15.870 I/Gecko   (   84): 1398570375890	Marionette	DEBUG	Got request: execute, data: {"to":"0","sessionId":"3-b2g","name":"executeScript","parameters":{"specialPowers":false,"scriptTimeout":null,"newSandbox":true,"args":[],"filename":"gaia_test.py","script":"window.wrappedJSObject.dispatchEvent(new Event('home'));","line":788}}, id: {e0c6a223-d9be-4242-9a4d-ff6f7682a604}
04-26 20:46:15.950 I/Gecko   (   84): 1398570375968	Marionette	INFO	sendToClient: {"from":"0","value":null}, {e0c6a223-d9be-4242-9a4d-ff6f7682a604}, {e0c6a223-d9be-4242-9a4d-ff6f7682a604}
04-26 20:46:15.970 I/Gecko   (   84): 1398570375982	Marionette	DEBUG	Got request: switchToFrame, data: {"to":"0","sessionId":"3-b2g","name":"switchToFrame","parameters":{"id":null,"focus":true}}, id: {1c4d9d02-dabf-4da8-872a-f879aa0306d2}
04-26 20:46:15.970 I/Gecko   (   84): 1398570375984	Marionette	INFO	Switched to frame: {"frameValue":null}
04-26 20:46:16.070 I/Gecko   (   84): 1398570376087	Marionette	INFO	sendToClient: {"from":"0","ok":true}, {1c4d9d02-dabf-4da8-872a-f879aa0306d2}, {1c4d9d02-dabf-4da8-872a-f879aa0306d2}
04-26 20:46:16.080 I/Gecko   (   84): 1398570376092	Marionette	DEBUG	Got request: switchToFrame, data: {"to":"0","sessionId":"3-b2g","name":"switchToFrame","parameters":{"id":null,"focus":true}}, id: {9fa0f7cd-345e-4152-99b8-fb27c3822dbf}
04-26 20:46:16.080 I/Gecko   (   84): 1398570376094	Marionette	INFO	Switched to frame: {"frameValue":null}
04-26 20:46:16.180 I/Gecko   (   84): 1398570376196	Marionette	INFO	sendToClient: {"from":"0","ok":true}, {9fa0f7cd-345e-4152-99b8-fb27c3822dbf}, {9fa0f7cd-345e-4152-99b8-fb27c3822dbf}
04-26 20:46:16.190 I/Gecko   (   84): 1398570376203	Marionette	DEBUG	Got request: executeWithCallback, data: {"to":"0","sessionId":"3-b2g","name":"executeAsyncScript","parameters":{"specialPowers":false,"scriptTimeout":null,"newSandbox":true,"args":[],"filename":"gaia_test.py","script":"return GaiaApps.displayedApp();","line":66}}, id: {833353e1-4398-458b-b8b7-765120837cef}
04-26 20:46:16.250 I/Gecko   (   84): 1398570376269	Marionette	INFO	sendToClient: {"from":"0","value":{"frame":{"ELEMENT":"{c5d28f69-575e-4553-978f-0c292a871a52}"},"src":"app://homescreen.gaiamobile.org/index.html#rootSat%20Apr%2026%202014%2020:46:15%20GMT-0700%20(UTC)","name":"Homescreen","origin":"app://homescreen.gaiamobile.org"}}, {833353e1-4398-458b-b8b7-765120837cef}, {833353e1-4398-458b-b8b7-765120837cef}
04-26 20:46:16.270 E/GeckoConsole(   84): Content JS LOG at dummy file:392 in GaiaApps.displayedApp: app with origin 'app://homescreen.gaiamobile.org' is displayed
04-26 20:46:16.270 I/Gecko   (   84): 1398570376284	Marionette	DEBUG	Got request: switchToFrame, data: {"to":"0","sessionId":"3-b2g","name":"switchToFrame","parameters":{"focus":true,"element":"{c5d28f69-575e-4553-978f-0c292a871a52}"}}, id: {e6a7502a-3183-4c2f-b686-e2e03c9d432c}
04-26 20:46:16.270 I/Gecko   (   84): 1398570376289	Marionette	INFO	Switched to frame: {"frameValue":"{c5d28f69-575e-4553-978f-0c292a871a52}"}
04-26 20:46:16.280 I/Gecko   (   84): 1398570376299	Marionette	INFO	trying remote frame 0
04-26 20:46:16.570 I/Gecko   (   84): 1398570376584	Marionette	INFO	sendToClient: {"from":"0","ok":true}, {e6a7502a-3183-4c2f-b686-e2e03c9d432c}, {e6a7502a-3183-4c2f-b686-e2e03c9d432c}
04-26 20:46:16.580 I/Gecko   (   84): 1398570376592	Marionette	DEBUG	Got request: execute, data: {"to":"0","sessionId":"3-b2g","name":"executeScript","parameters":{"specialPowers":false,"scriptTimeout":null,"newSandbox":true,"args":[],"filename":"gaia_test.py","script":"return window.wrappedJSObject.GridManager.pageHelper.getCurrentPageNumber();","line":784}}, id: {191205c5-8321-4c87-9887-b9eb97bdd944}
04-26 20:46:16.660 I/Gecko   (   84): 1398570376677	Marionette	INFO	sendToClient: {"from":"0","value":0}, {191205c5-8321-4c87-9887-b9eb97bdd944}, {191205c5-8321-4c87-9887-b9eb97bdd944}
04-26 20:46:17.010 I/Gecko   (   84): 1398570377028	Marionette	INFO	sendToClient: {"from":"0","value":["{7366e566-006d-403d-8642-ba4d1e9d97e1}","{ec19f612-4045-4987-b05d-e5d09257b4c9}","{34a71b52-054c-418b-859e-01781fa85ed3}","{3d4c78e6-9c21-4649-a663-eb7f72487025}","{3b56a88d-ec5f-45f1-ad84-a04daaceb6bd}","{c26b6de7-d389-46c0-818f-7ae497afb02e}","{e9b62778-4b70-4170-9eb4-2f7c4fd2e491}","{de03141f-e35c-411a-8c54-a8c377ce4974}","{aeb8e20a-5097-42cf-ab5f-121c68e3168c}","{2bc32b0b-d80c-478e-bcd4-3a8bbda93d71}","{03fe6b4d-0571-4f37-bb2a-7e8404979436}","{8a89f0d0-e44b-4b55-9fdd-0fbba91c95fc}","{c530b8de-a7fd-4b57-9f63-468cb692afbd}","{d41b6118-c65e-46e9-abd1-d7d2a3f7bef7}","{eaf3e3f1-ba01-40ac-888d-9046bff2c5a9}","{042d2c8e-201b-49f8-ad4c-e23afb459aeb}","{59c2fd08-2f1f-4557-b149-d115a374ac34}","{0bc2586d-d35f-4b57-a6f0-ec56fc1f290e}","{83cf7797-9009-4ac7-884a-f15325d65432}","{7d68d598-4ea6-4e1c-9ced-33e4b96fd40e}","{1e6eddfc-e24d-4abb-bade-619fd6532d72}","{dd63e752-cba8-4f03-aa32-2cad62e2cd52}","{c27b6eec-3d70-4f3a-b936-fba67c3ffee3}","{a6ac6e5a-c32e
04-26 20:46:18.240 V/AudioPolicyManagerBase(   89): startOutput() output 1, stream 1, session 3
04-26 20:46:18.240 V/AudioPolicyManagerBase(   89): changeRefCount() stream 1, count 1
04-26 20:46:18.240 V/AudioPolicyManagerBase(   89): getDeviceForStrategy() from cache strategy 0, device 2
04-26 20:46:18.240 V/AudioPolicyManagerBase(   89): getNewDevice() selected device 2
04-26 20:46:18.240 D/AudioPolicyManagerBase(   89): setOutputDevice() output 1 device 2 delayMs 0
04-26 20:46:18.240 V/AudioPolicyManagerBase(   89): setOutputDevice() setting same device 2 or null device for output 1
04-26 20:46:18.240 E/AudioPolicyManagerBase(   89): checkAndSetVolume stream=1, index=0, output=1, device=2
04-26 20:46:18.240 E/AudioPolicyManagerBase(   89): computeVolume, streamDesc=0x78bb8
04-26 20:46:18.290 W/AudioFlinger(   89): Thread AudioOut_1 cannot connect to the power manager service
04-26 20:46:18.290 V/AudioPolicyManagerBase(   89): stopOutput() output 1, stream 1, session 3
04-26 20:46:18.290 V/AudioPolicyManagerBase(   89): changeRefCount() stream 1, count 0
04-26 20:46:18.290 V/AudioPolicyManagerBase(   89): getNewDevice() selected device 0
04-26 20:46:18.290 D/AudioPolicyManagerBase(   89): setOutputDevice() output 1 device 0 delayMs 290
04-26 20:46:18.290 V/AudioPolicyManagerBase(   89): setOutputDevice() setting same device 0 or null device for output 1
04-26 20:46:18.300 V/AudioPolicyManagerBase(   89): startOutput() output 1, stream 1, session 3
04-26 20:46:18.300 V/AudioPolicyManagerBase(   89): changeRefCount() stream 1, count 1
04-26 20:46:18.300 V/AudioPolicyManagerBase(   89): getDeviceForStrategy() from cache strategy 0, device 2
04-26 20:46:18.300 V/AudioPolicyManagerBase(   89): getNewDevice() selected device 2
04-26 20:46:18.300 D/AudioPolicyManagerBase(   89): setOutputDevice() output 1 device 2 delayMs 0
04-26 20:46:18.300 V/AudioPolicyManagerBase(   89): setOutputDevice() setting same device 2 or null device for output 1
04-26 20:46:18.300 E/AudioPolicyManagerBase(   89): checkAndSetVolume stream=1, index=0, output=1, device=2
04-26 20:46:18.300 E/AudioPolicyManagerBase(   89): computeVolume, streamDesc=0x78bb8
04-26 20:46:18.300 V/AudioPolicyManagerBase(   89): stopOutput() output 1, stream 1, session 3
04-26 20:46:18.300 V/AudioPolicyManagerBase(   89): changeRefCount() stream 1, count 0
04-26 20:46:18.300 V/AudioPolicyManagerBase(   89): getNewDevice() selected device 0
04-26 20:46:18.300 D/AudioPolicyManagerBase(   89): setOutputDevice() output 1 device 0 delayMs 290
04-26 20:46:18.300 V/AudioPolicyManagerBase(   89): setOutputDevice() setting same device 0 or null device for output 1
04-26 20:46:18.300 V/AudioPolicyManagerBase(   89): releaseOutput() 1
04-26 20:46:19.030 W/WifiHW  (   84): wifi_command: SIGNAL_POLL
04-26 20:46:19.060 I/Gecko   (   84): 1398570379074	Marionette	INFO	sendToClient: {"from":"0","value":"app://homescreen.gaiamobile.org/index.html#rootSat%20Apr%2026%202014%2020:46:15%20GMT-0700%20(UTC)"}, {e43d598a-c3f8-45d8-8e84-55da05238527}, {e43d598a-c3f8-45d8-8e84-55da05238527}
04-26 20:46:19.110 I/Gecko   (   84): 1398570379127	Marionette	DEBUG	Got request: switchToFrame, data: {"to":"0","sessionId":"3-b2g","name":"switchToFrame","parameters":{"id":null,"focus":true}}, id: {5e23e538-a8e9-457b-ad73-f148eb2ae0b0}
04-26 20:46:19.130 I/Gecko   (   84): 1398570379149	Marionette	INFO	Switched to frame: {"frameValue":null}
04-26 20:46:19.260 I/Gecko   (   84): 1398570379273	Marionette	INFO	sendToClient: {"from":"0","ok":true}, {5e23e538-a8e9-457b-ad73-f148eb2ae0b0}, {5e23e538-a8e9-457b-ad73-f148eb2ae0b0}
04-26 20:46:19.280 I/Gecko   (   84): 1398570379296	Marionette	DEBUG	Got request: switchToFrame, data: {"to":"0","sessionId":"3-b2g","name":"switchToFrame","parameters":{"id":null,"focus":true}}, id: {0591269c-4dc7-4e31-99a7-2766263e91e9}
04-26 20:46:19.280 I/Gecko   (   84): 1398570379298	Marionette	INFO	Switched to frame: {"frameValue":null}
04-26 20:46:19.380 E/GeckoConsole(  879): Content JS WARN at app://homescreen.gaiamobile.org/gaia_build_defer_index.js:184 in isHiddenApp: Unexpected role when checking hidden app: undefined
04-26 20:46:19.380 E/GeckoConsole(  879): Content JS WARN at app://homescreen.gaiamobile.org/gaia_build_defer_index.js:184 in isHiddenApp: Unexpected role when checking hidden app: undefined
04-26 20:46:19.390 E/GeckoConsole(  879): Content JS WARN at app://homescreen.gaiamobile.org/gaia_build_defer_index.js:184 in isHiddenApp: Unexpected role when checking hidden app: undefined
04-26 20:46:19.390 I/Gecko   (   84): 1398570379402	Marionette	INFO	sendToClient: {"from":"0","ok":true}, {0591269c-4dc7-4e31-99a7-2766263e91e9}, {0591269c-4dc7-4e31-99a7-2766263e91e9}
04-26 20:46:19.390 I/Gecko   (   84): 1398570379408	Marionette	DEBUG	Got request: executeWithCallback, data: {"to":"0","sessionId":"3-b2g","name":"executeAsyncScript","parameters":{"specialPowers":false,"scriptTimeout":30000,"newSandbox":true,"args":[],"filename":"app_checker.py","script":"GaiaApps.launchWithManifestURL('https://marketplace.firefox.com/app/e4d67f6a-c98d-4121-bfb5-4df2d1a7dbea/manifest.webapp')","line":106}}, id: {a35733c3-11dc-49df-baa7-ccc9d5b56d8d}
04-26 20:46:19.400 E/GeckoConsole(  879): Content JS WARN at app://homescreen.gaiamobile.org/gaia_build_defer_index.js:184 in isHiddenApp: Unexpected role when checking hidden app: undefined
04-26 20:46:19.410 E/GeckoConsole(  879): Content JS WARN at app://homescreen.gaiamobile.org/gaia_build_defer_index.js:184 in isHiddenApp: Unexpected role when checking hidden app: undefined
04-26 20:46:19.420 E/GeckoConsole(  879): Content JS WARN at app://homescreen.gaiamobile.org/gaia_build_defer_index.js:184 in isHiddenApp: Unexpected role when checking hidden app: undefined
04-26 20:46:19.420 E/GeckoConsole(  879): Content JS WARN at app://homescreen.gaiamobile.org/gaia_build_defer_index.js:184 in isHiddenApp: Unexpected role when checking hidden app: undefined
04-26 20:46:19.420 E/GeckoConsole(  879): Content JS WARN at app://homescreen.gaiamobile.org/gaia_build_defer_index.js:184 in isHiddenApp: Unexpected role when checking hidden app: undefined
04-26 20:46:19.480 E/GeckoConsole(  879): Content JS WARN at app://homescreen.gaiamobile.org/gaia_build_defer_index.js:184 in isHiddenApp: Unexpected role when checking hidden app: undefined
04-26 20:46:19.480 E/GeckoConsole(  879): Content JS WARN at app://homescreen.gaiamobile.org/gaia_build_defer_index.js:184 in isHiddenApp: Unexpected role when checking hidden app: undefined
04-26 20:46:19.480 E/GeckoConsole(  879): Content JS WARN at app://homescreen.gaiamobile.org/gaia_build_defer_index.js:184 in isHiddenApp: Unexpected role when checking hidden app: undefined
04-26 20:46:19.480 E/GeckoConsole(  879): Content JS WARN at app://homescreen.gaiamobile.org/gaia_build_defer_index.js:184 in isHiddenApp: Unexpected role when checking hidden app: undefined
04-26 20:46:19.480 E/GeckoConsole(  879): Content JS WARN at app://homescreen.gaiamobile.org/gaia_build_defer_index.js:184 in isHiddenApp: Unexpected role when checking hidden app: undefined
04-26 20:46:19.480 E/GeckoConsole(  879): Content JS WARN at app://homescreen.gaiamobile.org/gaia_build_defer_index.js:184 in isHiddenApp: Unexpected role when checking hidden app: undefined
04-26 20:46:19.480 E/GeckoConsole(  879): Content JS WARN at app://homescreen.gaiamobile.org/gaia_build_defer_index.js:184 in isHiddenApp: Unexpected role when checking hidden app: undefined
04-26 20:46:19.480 E/GeckoConsole(  879): Content JS WARN at app://homescreen.gaiamobile.org/gaia_build_defer_index.js:184 in isHiddenApp: Unexpected role when checking hidden app: undefined
04-26 20:46:19.480 E/GeckoConsole(  879): Content JS WARN at app://homescreen.gaiamobile.org/gaia_build_defer_index.js:184 in isHiddenApp: Unexpected role when checking hidden app: undefined
04-26 20:46:19.500 E/GeckoConsole(  879): Content JS WARN at app://homescreen.gaiamobile.org/gaia_build_defer_index.js:184 in isHiddenApp: Unexpected role when checking hidden app: undefined
04-26 20:46:19.500 E/GeckoConsole(  879): Content JS WARN at app://homescreen.gaiamobile.org/gaia_build_defer_index.js:184 in isHiddenApp: Unexpected role when checking hidden app: undefined
04-26 20:46:19.500 E/GeckoConsole(  879): Content JS WARN at app://homescreen.gaiamobile.org/gaia_build_defer_index.js:184 in isHiddenApp: Unexpected role when checking hidden app: undefined
04-26 20:46:19.500 E/GeckoConsole(  879): Content JS WARN at app://homescreen.gaiamobile.org/gaia_build_defer_index.js:184 in isHiddenApp: Unexpected role when checking hidden app: undefined
04-26 20:46:19.500 E/GeckoConsole(  879): Content JS WARN at app://homescreen.gaiamobile.org/gaia_build_defer_index.js:184 in isHiddenApp: Unexpected role when checking hidden app: undefined
04-26 20:46:19.500 E/GeckoConsole(  879): Content JS WARN at app://homescreen.gaiamobile.org/gaia_build_defer_index.js:184 in isHiddenApp: Unexpected role when checking hidden app: undefined
04-26 20:46:19.500 E/GeckoConsole(  879): Content JS WARN at app://homescreen.gaiamobile.org/gaia_build_defer_index.js:184 in isHiddenApp: Unexpected role when checking hidden app: undefined
04-26 20:46:19.500 E/GeckoConsole(  879): Content JS WARN at app://homescreen.gaiamobile.org/gaia_build_defer_index.js:184 in isHiddenApp: Unexpected role when checking hidden app: undefined
04-26 20:46:19.500 E/GeckoConsole(  879): Content JS WARN at app://homescreen.gaiamobile.org/gaia_build_defer_index.js:184 in isHiddenApp: Unexpected role when checking hidden app: undefined
04-26 20:46:19.500 E/GeckoConsole(  879): Content JS WARN at app://homescreen.gaiamobile.org/gaia_build_defer_index.js:184 in isHiddenApp: Unexpected role when checking hidden app: undefined
04-26 20:46:19.500 E/GeckoConsole(  879): Content JS WARN at app://homescreen.gaiamobile.org/gaia_build_defer_index.js:184 in isHiddenApp: Unexpected role when checking hidden app: undefined
04-26 20:46:19.500 E/GeckoConsole(  879): Content JS WARN at app://homescreen.gaiamobile.org/gaia_build_defer_index.js:184 in isHiddenApp: Unexpected role when checking hidden app: undefined
04-26 20:46:19.500 E/GeckoConsole(  879): Content JS WARN at app://homescreen.gaiamobile.org/gaia_build_defer_index.js:184 in isHiddenApp: Unexpected role when checking hidden app: undefined
04-26 20:46:19.500 E/GeckoConsole(  879): Content JS WARN at app://homescreen.gaiamobile.org/gaia_build_defer_index.js:184 in isHiddenApp: Unexpected role when checking hidden app: undefined
04-26 20:46:19.500 E/GeckoConsole(  879): Content JS WARN at app://homescreen.gaiamobile.org/gaia_build_defer_index.js:184 in isHiddenApp: Unexpected role when checking hidden app: undefined
04-26 20:46:19.510 E/GeckoConsole(  879): Content JS WARN at app://homescreen.gaiamobile.org/gaia_build_defer_index.js:184 in isHiddenApp: Unexpected role when checking hidden app: undefined
04-26 20:46:19.520 E/GeckoConsole(  879): Content JS WARN at app://homescreen.gaiamobile.org/gaia_build_defer_index.js:184 in isHiddenApp: Unexpected role when checking hidden app: undefined
04-26 20:46:19.520 E/GeckoConsole(  879): Content JS WARN at app://homescreen.gaiamobile.org/gaia_build_defer_index.js:184 in isHiddenApp: Unexpected role when checking hidden app: undefined
04-26 20:46:19.520 E/GeckoConsole(  879): Content JS WARN at app://homescreen.gaiamobile.org/gaia_build_defer_index.js:184 in isHiddenApp: Unexpected role when checking hidden app: undefined
04-26 20:46:19.520 E/GeckoConsole(  879): Content JS WARN at app://homescreen.gaiamobile.org/gaia_build_defer_index.js:184 in isHiddenApp: Unexpected role when checking hidden app: undefined
04-26 20:46:19.520 E/GeckoConsole(  879): Content JS WARN at app://homescreen.gaiamobile.org/gaia_build_defer_index.js:184 in isHiddenApp: Unexpected role when checking hidden app: undefined
04-26 20:46:19.520 E/GeckoConsole(  879): Content JS WARN at app://homescreen.gaiamobile.org/gaia_build_defer_index.js:184 in isHiddenApp: Unexpected role when checking hidden app: undefined
04-26 20:46:19.520 E/GeckoConsole(  879): Content JS WARN at app://homescreen.gaiamobile.org/gaia_build_defer_index.js:184 in isHiddenApp: Unexpected role when checking hidden app: undefined
04-26 20:46:19.520 E/GeckoConsole(  879): Content JS WARN at app://homescreen.gaiamobile.org/gaia_build_defer_index.js:184 in isHiddenApp: Unexpected role when checking hidden app: undefined
04-26 20:46:19.520 E/GeckoConsole(  879): Content JS WARN at app://homescreen.gaiamobile.org/gaia_build_defer_index.js:184 in isHiddenApp: Unexpected role when checking hidden app: undefined
04-26 20:46:19.520 E/GeckoConsole(  879): Content JS WARN at app://homescreen.gaiamobile.org/gaia_build_defer_index.js:184 in isHiddenApp: Unexpected role when checking hidden app: undefined
04-26 20:46:19.520 E/GeckoConsole(  879): Content JS WARN at app://homescreen.gaiamobile.org/gaia_build_defer_index.js:184 in isHiddenApp: Unexpected role when checking hidden app: undefined
04-26 20:46:19.520 E/GeckoConsole(  879): Content JS WARN at app://homescreen.gaiamobile.org/gaia_build_defer_index.js:184 in isHiddenApp: Unexpected role when checking hidden app: undefined
04-26 20:46:19.520 E/GeckoConsole(  879): Content JS WARN at app://homescreen.gaiamobile.org/gaia_build_defer_index.js:184 in isHiddenApp: Unexpected role when checking hidden app: undefined
04-26 20:46:19.540 E/GeckoConsole(  879): Content JS WARN at app://homescreen.gaiamobile.org/gaia_build_defer_index.js:184 in isHiddenApp: Unexpected role when checking hidden app: undefined
04-26 20:46:19.650 I/Gonk    (   84): Setting nice for pid 899 to 18
04-26 20:46:19.650 I/Gonk    (   84): Changed nice for pid 899 from 18 to 18.
04-26 20:46:19.660 I/Gecko   (   84): [Parent 84] WARNING: waitpid failed pid:899 errno:10: file ../../../gecko/ipc/chromium/src/base/process_util_posix.cc, line 254
04-26 20:46:19.680 I/Gonk    (   84): Setting nice for pid 899 to 1
04-26 20:46:19.680 I/Gonk    (   84): Changed nice for pid 899 from 18 to 1.
04-26 20:46:19.720 E/GeckoConsole(   84): Content JS LOG at dummy file:334 in GaiaApps.launch: launching app with name 'TestUrLove'
04-26 20:46:20.240 D/Sensors (   84): activate handle=0; drv=0
04-26 20:46:20.260 D/Sensors (   84): Lis3dhSensor: Control set 1
04-26 20:46:20.260 D/Sensors (   84): Lis3dhSensor: mEnabled = 1
04-26 20:46:20.450 E/[Gralloc-ERROR](   84): int gralloc_register_buffer(const gralloc_module_t*, const native_handle_t*):79 Unable to register handle 0x46592ce0 coming from different process: 84
04-26 20:46:20.500 E/[Gralloc-ERROR](   84): int gralloc_register_buffer(const gralloc_module_t*, const native_handle_t*):79 Unable to register handle 0x46592dd0 coming from different process: 84
04-26 20:46:20.620 I/Gonk    (   84): Setting nice for pid 879 to 18
04-26 20:46:20.620 I/Gonk    (   84): Changed nice for pid 879 from 1 to 18.
04-26 20:46:22.910 I/log     (  969): <4>0[ 187.618493] select 879 (Homescreen), adj 8, size 7957, to kill 
04-26 20:46:23.340 I/Gecko   (  899): ###################################### forms.js loaded
04-26 20:46:23.390 I/Gecko   (  899): ############################### browserElementPanning.js loaded
04-26 20:46:23.410 I/Gecko   (  899): ######################## BrowserElementChildPreload.js loaded
04-26 20:46:23.850 I/Gecko   (   84): 
04-26 20:46:23.850 I/Gecko   (   84): ###!!! [Parent][MessageChannel] Error: Channel error: cannot send/recv
04-26 20:46:23.850 I/Gecko   (   84): 
04-26 20:46:23.950 I/GeckoDump(   84): Crash reporter : Can't fetch app.reportCrashes. Exception: [Exception... "Component returned failure code: 0x8000ffff (NS_ERROR_UNEXPECTED) [nsIPrefBranch.getBoolPref]"  nsresult: "0x8000ffff (NS_ERROR_UNEXPECTED)"  location: "JS frame :: chrome://browser/content/shell.js :: shell_reportCrash :: line 7"  data: no]
04-26 20:46:24.030 E/GeckoConsole(   84): [JavaScript Error: "AbortError"]
04-26 20:46:24.030 I/Gecko   (   84): [Parent 84] WARNING: waitpid failed pid:879 errno:10: file ../../../gecko/ipc/chromium/src/base/process_util_posix.cc, line 254
04-26 20:46:24.030 I/Gecko   (   84): 1398570384048	Marionette	INFO	sendToClient: {"from":"0","error":{"message":"AbortError","status":17,"stacktrace":"@, line 0"}}, {a35733c3-11dc-49df-baa7-ccc9d5b56d8d}, {a35733c3-11dc-49df-baa7-ccc9d5b56d8d}
04-26 20:46:24.040 W/WifiHW  (   84): wifi_command: SIGNAL_POLL
04-26 20:46:24.070 I/Gecko   (   84): 1398570384087	Marionette	DEBUG	Got request: switchToFrame, data: {"to":"0","sessionId":"3-b2g","name":"switchToFrame","parameters":{"id":null,"focus":true}}, id: {431d9473-f91b-4eec-9c4f-8f033d231f3a}
04-26 20:46:24.080 I/Gecko   (   84): 1398570384092	Marionette	INFO	Switched to frame: {"frameValue":null}
04-26 20:46:24.170 E/GeckoConsole(  899): [JavaScript Error: "The character encoding of the HTML document was not declared. The document will render with garbled text in some browser configurations if the document contains characters from outside the US-ASCII range. The character encoding of the page must be declared in the document or in the transfer protocol." {file: "app://{4e270ad1-38ea-4a4a-bfae-2c4d05cd8567}/homepage.html" line: 0}]
04-26 20:46:24.180 I/Gecko   (   84): 1398570384196	Marionette	INFO	sendToClient: {"from":"0","ok":true}, {431d9473-f91b-4eec-9c4f-8f033d231f3a}, {431d9473-f91b-4eec-9c4f-8f033d231f3a}
04-26 20:46:24.190 I/Gecko   (   84): 1398570384203	Marionette	DEBUG	Got request: executeWithCallback, data: {"to":"0","sessionId":"3-b2g","name":"executeAsyncScript","parameters":{"specialPowers":false,"scriptTimeout":60000,"newSandbox":true,"args":[],"filename":"app_checker.py","script":"\n        GaiaApps.locateWithManifestURL('https://marketplace.firefox.com/app/e4d67f6a-c98d-4121-bfb5-4df2d1a7dbea/manifest.webapp',\n                                       null,\n                                       function uninstall(app) {\n                                       navigator.mozApps.mgmt.uninstall(app);\n                                       marionetteScriptFinished(true);\n                                       });\n        ","line":129}}, id: {30e08ddf-8b16-479e-a607-fb2b2b10f788}
04-26 20:46:24.250 I/Gecko   (   84): -- webapps.js uninstall https://marketplace.firefox.com/app/e4d67f6a-c98d-4121-bfb5-4df2d1a7dbea/manifest.webapp
04-26 20:46:24.620 I/Gecko   (   84): 1398570384633	Marionette	INFO	sendToClient: {"from":"0","value":true}, {30e08ddf-8b16-479e-a607-fb2b2b10f788}, {30e08ddf-8b16-479e-a607-fb2b2b10f788}
04-26 20:46:25.060 I/Gonk    (   84): Setting nice for pid 977 to 18
04-26 20:46:25.070 I/Gonk    (   84): Changed nice for pid 977 from 0 to 18.
04-26 20:46:25.100 E/GeckoConsole(   84): Content JS LOG at dummy file:326 in GaiaApps.launch/appOpen/<: app with origin 'app://{4e270ad1-38ea-4a4a-bfae-2c4d05cd8567}' has launched