--------- beginning of /dev/log/main
04-25 02:13:08.019 I/Gecko   (   84): 1398417188028	Marionette	INFO	sendToClient: {"from":"0","ok":true}, {51f87bf5-ce2d-4977-8447-d1d75c89a3c2}, {51f87bf5-ce2d-4977-8447-d1d75c89a3c2}
04-25 02:13:08.049 I/Gecko   (   84): 1398417188059	Marionette	DEBUG	Got request: switchToFrame, data: {"to":"0","sessionId":"3-b2g","name":"switchToFrame","parameters":{"id":null,"focus":true}}, id: {3d99fa49-71fc-430b-a948-13f9de48258d}
04-25 02:13:08.049 I/Gecko   (   84): 1398417188061	Marionette	INFO	Switched to frame: {"frameValue":null}
04-25 02:13:08.149 I/Gecko   (   84): 1398417188166	Marionette	INFO	sendToClient: {"from":"0","ok":true}, {3d99fa49-71fc-430b-a948-13f9de48258d}, {3d99fa49-71fc-430b-a948-13f9de48258d}
04-25 02:13:08.179 I/Gecko   (   84): 1398417188188	Marionette	DEBUG	Got request: executeWithCallback, data: {"to":"0","sessionId":"3-b2g","name":"executeAsyncScript","parameters":{"specialPowers":false,"scriptTimeout":null,"newSandbox":true,"args":[],"filename":"gaia_test.py","script":"return GaiaApps.displayedApp();","line":66}}, id: {8a8f1931-6c47-4466-ab68-767673dbe6f2}
04-25 02:13:08.259 E/GeckoConsole(   84): Content JS LOG at dummy file:392 in GaiaApps.displayedApp: app with origin 'app://homescreen.gaiamobile.org' is displayed
04-25 02:13:08.259 I/Gecko   (   84): 1398417188276	Marionette	INFO	sendToClient: {"from":"0","value":{"frame":{"ELEMENT":"{2f420323-0426-4f0b-88d3-9ce3bda583c9}"},"src":"app://homescreen.gaiamobile.org/index.html#root","name":"Homescreen","origin":"app://homescreen.gaiamobile.org"}}, {8a8f1931-6c47-4466-ab68-767673dbe6f2}, {8a8f1931-6c47-4466-ab68-767673dbe6f2}
04-25 02:13:08.279 I/Gecko   (   84): 1398417188290	Marionette	DEBUG	Got request: switchToFrame, data: {"to":"0","sessionId":"3-b2g","name":"switchToFrame","parameters":{"id":null,"focus":true}}, id: {a8443c96-caaf-43fd-87b4-fb8084ae5dfd}
04-25 02:13:08.289 I/Gecko   (   84): 1398417188298	Marionette	INFO	Switched to frame: {"frameValue":null}
04-25 02:13:08.389 I/Gecko   (   84): 1398417188401	Marionette	INFO	sendToClient: {"from":"0","ok":true}, {a8443c96-caaf-43fd-87b4-fb8084ae5dfd}, {a8443c96-caaf-43fd-87b4-fb8084ae5dfd}
04-25 02:13:08.399 I/Gecko   (   84): 1398417188407	Marionette	DEBUG	Got request: switchToFrame, data: {"to":"0","sessionId":"3-b2g","name":"switchToFrame","parameters":{"id":null,"focus":true}}, id: {9f907bad-790b-425a-8cfb-19191a745591}
04-25 02:13:08.399 I/Gecko   (   84): 1398417188409	Marionette	INFO	Switched to frame: {"frameValue":null}
04-25 02:13:08.419 E/GeckoConsole( 1128): Content JS ERROR at app://homescreen.gaiamobile.org/gaia_build_defer_index.js:390 in loadSVConfFileError: Failed parsing singleVariant configuration file [js/singlevariantconf.json]:  [Exception... "File error: Not found"  nsresult: "0x80520012 (NS_ERROR_FILE_NOT_FOUND)"  location: "JS frame :: app://homescreen.gaiamobile.org/gaia_build_defer_index.js :: loadFile :: line 382"  data: no]
04-25 02:13:08.549 I/Gecko   (   84): 1398417188558	Marionette	INFO	sendToClient: {"from":"0","ok":true}, {9f907bad-790b-425a-8cfb-19191a745591}, {9f907bad-790b-425a-8cfb-19191a745591}
04-25 02:13:08.549 I/Gecko   (   84): 1398417188564	Marionette	DEBUG	Got request: executeWithCallback, data: {"to":"0","sessionId":"3-b2g","name":"executeAsyncScript","parameters":{"specialPowers":false,"scriptTimeout":null,"newSandbox":true,"args":[],"filename":"gaia_test.py","script":"return GaiaApps.displayedApp();","line":66}}, id: {df860de1-f99d-46bd-9577-ffe0f553f79c}
04-25 02:13:08.619 I/Gecko   (   84): 1398417188628	Marionette	INFO	sendToClient: {"from":"0","value":{"frame":{"ELEMENT":"{2f420323-0426-4f0b-88d3-9ce3bda583c9}"},"src":"app://homescreen.gaiamobile.org/index.html#root","name":"Homescreen","origin":"app://homescreen.gaiamobile.org"}}, {df860de1-f99d-46bd-9577-ffe0f553f79c}, {df860de1-f99d-46bd-9577-ffe0f553f79c}
04-25 02:13:08.619 E/GeckoConsole(   84): Content JS LOG at dummy file:392 in GaiaApps.displayedApp: app with origin 'app://homescreen.gaiamobile.org' is displayed
04-25 02:13:08.639 I/Gecko   (   84): 1398417188655	Marionette	DEBUG	Got request: switchToFrame, data: {"to":"0","sessionId":"3-b2g","name":"switchToFrame","parameters":{"focus":true,"element":"{2f420323-0426-4f0b-88d3-9ce3bda583c9}"}}, id: {e60bf09a-464e-416b-b45f-3d1e979c7091}
04-25 02:13:08.659 I/Gecko   (   84): 1398417188675	Marionette	INFO	Switched to frame: {"frameValue":"{2f420323-0426-4f0b-88d3-9ce3bda583c9}"}
04-25 02:13:08.689 I/Gecko   (   84): 1398417188698	Marionette	INFO	trying remote frame 0
04-25 02:13:08.699 I/Gecko   (   84): 1398417188714	Marionette	INFO	trying remote frame 1
04-25 02:13:08.719 I/Gecko   (   84): 1398417188731	Marionette	INFO	deleting frame
04-25 02:13:08.719 I/Gecko   (   84): 1398417188736	Marionette	INFO	frame-manager load script: [object ChromeMessageSender]
04-25 02:13:09.199 W/WifiHW  (   84): wifi_command: SIGNAL_POLL
04-25 02:13:09.549 I/Gecko   (   84): 1398417189566	Marionette	INFO	sendToClient: {"from":"0","ok":true}, {e60bf09a-464e-416b-b45f-3d1e979c7091}, {e60bf09a-464e-416b-b45f-3d1e979c7091}
04-25 02:13:09.579 V/AudioPolicyManagerBase(   89): startOutput() output 1, stream 1, session 4
04-25 02:13:09.579 V/AudioPolicyManagerBase(   89): changeRefCount() stream 1, count 1
04-25 02:13:09.579 V/AudioPolicyManagerBase(   89): getDeviceForStrategy() from cache strategy 0, device 2
04-25 02:13:09.579 V/AudioPolicyManagerBase(   89): getNewDevice() selected device 2
04-25 02:13:09.579 D/AudioPolicyManagerBase(   89): setOutputDevice() output 1 device 2 delayMs 0
04-25 02:13:09.579 V/AudioPolicyManagerBase(   89): setOutputDevice() setting same device 2 or null device for output 1
04-25 02:13:09.579 E/AudioPolicyManagerBase(   89): checkAndSetVolume stream=1, index=0, output=1, device=2
04-25 02:13:09.579 E/AudioPolicyManagerBase(   89): computeVolume, streamDesc=0x1c7cbb8
04-25 02:13:09.629 W/AudioFlinger(   89): Thread AudioOut_1 cannot connect to the power manager service
04-25 02:13:09.629 V/AudioPolicyManagerBase(   89): stopOutput() output 1, stream 1, session 4
04-25 02:13:09.629 V/AudioPolicyManagerBase(   89): changeRefCount() stream 1, count 0
04-25 02:13:09.629 V/AudioPolicyManagerBase(   89): getNewDevice() selected device 0
04-25 02:13:09.629 D/AudioPolicyManagerBase(   89): setOutputDevice() output 1 device 0 delayMs 290
04-25 02:13:09.629 V/AudioPolicyManagerBase(   89): setOutputDevice() setting same device 0 or null device for output 1
04-25 02:13:09.639 V/AudioPolicyManagerBase(   89): startOutput() output 1, stream 1, session 4
04-25 02:13:09.639 V/AudioPolicyManagerBase(   89): changeRefCount() stream 1, count 1
04-25 02:13:09.639 V/AudioPolicyManagerBase(   89): getDeviceForStrategy() from cache strategy 0, device 2
04-25 02:13:09.639 V/AudioPolicyManagerBase(   89): getNewDevice() selected device 2
04-25 02:13:09.639 D/AudioPolicyManagerBase(   89): setOutputDevice() output 1 device 2 delayMs 0
04-25 02:13:09.639 V/AudioPolicyManagerBase(   89): setOutputDevice() setting same device 2 or null device for output 1
04-25 02:13:09.639 E/AudioPolicyManagerBase(   89): checkAndSetVolume stream=1, index=0, output=1, device=2
04-25 02:13:09.639 E/AudioPolicyManagerBase(   89): computeVolume, streamDesc=0x1c7cbb8
04-25 02:13:09.639 V/AudioPolicyManagerBase(   89): stopOutput() output 1, stream 1, session 4
04-25 02:13:09.639 V/AudioPolicyManagerBase(   89): changeRefCount() stream 1, count 0
04-25 02:13:09.639 V/AudioPolicyManagerBase(   89): getNewDevice() selected device 0
04-25 02:13:09.639 D/AudioPolicyManagerBase(   89): setOutputDevice() output 1 device 0 delayMs 290
04-25 02:13:09.639 V/AudioPolicyManagerBase(   89): setOutputDevice() setting same device 0 or null device for output 1
04-25 02:13:09.679 V/AudioPolicyManagerBase(   89): releaseOutput() 1
04-25 02:13:09.939 I/Gecko   (   84): 1398417189954	Marionette	INFO	sendToClient: {"from":"0","value":{"ELEMENT":"{9796d19f-b148-4cee-9c17-8d101591c43c}"}}, {8e4f0707-36d7-45cf-9f55-b1b9246eb620}, {8e4f0707-36d7-45cf-9f55-b1b9246eb620}
04-25 02:13:10.169 E/GeckoConsole( 1128): [JavaScript Warning: "Use of getAttributeNode() is deprecated. Use getAttribute() instead." {file: "chrome://marionette/content/atoms.js" line: 25}]
04-25 02:13:10.179 E/GeckoConsole( 1128): [JavaScript Warning: "Use of attributes' specified attribute is deprecated. It always returns true." {file: "chrome://marionette/content/atoms.js" line: 25}]
04-25 02:13:10.179 I/Gecko   (   84): 1398417190195	Marionette	INFO	sendToClient: {"from":"0","value":"normal"}, {e654051d-f194-4048-a7db-62668a039167}, {e654051d-f194-4048-a7db-62668a039167}
04-25 02:13:10.189 I/Gecko   (   84): 1398417190205	Marionette	DEBUG	Got request: switchToFrame, data: {"to":"0","sessionId":"3-b2g","name":"switchToFrame","parameters":{"id":null,"focus":true}}, id: {2d691564-20a1-46a0-8c72-39f777b63b51}
04-25 02:13:10.209 I/Gecko   (   84): 1398417190218	Marionette	INFO	Switched to frame: {"frameValue":null}
04-25 02:13:10.309 I/Gecko   (   84): 1398417190323	Marionette	INFO	sendToClient: {"from":"0","ok":true}, {2d691564-20a1-46a0-8c72-39f777b63b51}, {2d691564-20a1-46a0-8c72-39f777b63b51}
04-25 02:13:10.319 I/Gecko   (   84): 1398417190332	Marionette	DEBUG	Got request: execute, data: {"to":"0","sessionId":"3-b2g","name":"executeScript","parameters":{"specialPowers":false,"scriptTimeout":null,"newSandbox":true,"args":[],"filename":"gaia_test.py","script":"window.wrappedJSObject.dispatchEvent(new Event('home'));","line":788}}, id: {7e9c735e-fabd-46b2-963f-0ad5f6f03636}
04-25 02:13:10.409 I/Gecko   (   84): 1398417190423	Marionette	INFO	sendToClient: {"from":"0","value":null}, {7e9c735e-fabd-46b2-963f-0ad5f6f03636}, {7e9c735e-fabd-46b2-963f-0ad5f6f03636}
04-25 02:13:10.429 I/Gecko   (   84): 1398417190444	Marionette	DEBUG	Got request: switchToFrame, data: {"to":"0","sessionId":"3-b2g","name":"switchToFrame","parameters":{"id":null,"focus":true}}, id: {e27064b7-4aec-4081-9872-8c57d08a0b0c}
04-25 02:13:10.429 I/Gecko   (   84): 1398417190446	Marionette	INFO	Switched to frame: {"frameValue":null}
04-25 02:13:10.539 I/Gecko   (   84): 1398417190553	Marionette	INFO	sendToClient: {"from":"0","ok":true}, {e27064b7-4aec-4081-9872-8c57d08a0b0c}, {e27064b7-4aec-4081-9872-8c57d08a0b0c}
04-25 02:13:10.549 I/Gecko   (   84): 1398417190559	Marionette	DEBUG	Got request: switchToFrame, data: {"to":"0","sessionId":"3-b2g","name":"switchToFrame","parameters":{"id":null,"focus":true}}, id: {347b7dc9-5d7c-4776-8069-fa1cfc3c6877}
04-25 02:13:10.549 I/Gecko   (   84): 1398417190561	Marionette	INFO	Switched to frame: {"frameValue":null}
04-25 02:13:10.649 I/Gecko   (   84): 1398417190664	Marionette	INFO	sendToClient: {"from":"0","ok":true}, {347b7dc9-5d7c-4776-8069-fa1cfc3c6877}, {347b7dc9-5d7c-4776-8069-fa1cfc3c6877}
04-25 02:13:10.659 I/Gecko   (   84): 1398417190672	Marionette	DEBUG	Got request: executeWithCallback, data: {"to":"0","sessionId":"3-b2g","name":"executeAsyncScript","parameters":{"specialPowers":false,"scriptTimeout":null,"newSandbox":true,"args":[],"filename":"gaia_test.py","script":"return GaiaApps.displayedApp();","line":66}}, id: {12aa0b31-fa5b-43ff-8fd5-099f592c1afe}
04-25 02:13:10.729 I/Gecko   (   84): 1398417190746	Marionette	INFO	sendToClient: {"from":"0","value":{"frame":{"ELEMENT":"{2f420323-0426-4f0b-88d3-9ce3bda583c9}"},"src":"app://homescreen.gaiamobile.org/index.html#rootFri%20Apr%2025%202014%2002:13:10%20GMT-0700%20(UTC)","name":"Homescreen","origin":"app://homescreen.gaiamobile.org"}}, {12aa0b31-fa5b-43ff-8fd5-099f592c1afe}, {12aa0b31-fa5b-43ff-8fd5-099f592c1afe}
04-25 02:13:10.739 E/GeckoConsole(   84): Content JS LOG at dummy file:392 in GaiaApps.displayedApp: app with origin 'app://homescreen.gaiamobile.org' is displayed
04-25 02:13:10.739 I/Gecko   (   84): 1398417190756	Marionette	DEBUG	Got request: switchToFrame, data: {"to":"0","sessionId":"3-b2g","name":"switchToFrame","parameters":{"focus":true,"element":"{2f420323-0426-4f0b-88d3-9ce3bda583c9}"}}, id: {4705bece-aedb-4c0a-8185-e0e01153fce9}
04-25 02:13:10.759 I/Gecko   (   84): 1398417190771	Marionette	INFO	Switched to frame: {"frameValue":"{2f420323-0426-4f0b-88d3-9ce3bda583c9}"}
04-25 02:13:10.769 I/Gecko   (   84): 1398417190779	Marionette	INFO	trying remote frame 0
04-25 02:13:10.769 I/Gecko   (   84): 1398417190780	Marionette	INFO	trying remote frame 1
04-25 02:13:11.099 I/Gecko   (   84): 1398417191110	Marionette	INFO	sendToClient: {"from":"0","ok":true}, {4705bece-aedb-4c0a-8185-e0e01153fce9}, {4705bece-aedb-4c0a-8185-e0e01153fce9}
04-25 02:13:11.109 I/Gecko   (   84): 1398417191118	Marionette	DEBUG	Got request: execute, data: {"to":"0","sessionId":"3-b2g","name":"executeScript","parameters":{"specialPowers":false,"scriptTimeout":null,"newSandbox":true,"args":[],"filename":"gaia_test.py","script":"return window.wrappedJSObject.GridManager.pageHelper.getCurrentPageNumber();","line":784}}, id: {53bc3fa0-09b0-44df-a7d5-b3cc31ba6bfb}
04-25 02:13:11.229 I/Gecko   (   84): 1398417191242	Marionette	INFO	sendToClient: {"from":"0","value":0}, {53bc3fa0-09b0-44df-a7d5-b3cc31ba6bfb}, {53bc3fa0-09b0-44df-a7d5-b3cc31ba6bfb}
04-25 02:13:11.389 I/Gecko   (   84): 1398417191399	Marionette	INFO	sendToClient: {"from":"0","value":["{a3a86c35-7e10-4f31-bfda-c97755cbf6db}","{0ba680ae-1611-403e-a0c3-d62eedd73b1c}","{d1d70ed3-b646-4711-8560-85cf53989bb4}","{cafeeb75-136f-4eb9-88bd-47cfe2ee6cde}","{a246f77c-ab30-4a34-a9da-28a229a75d75}","{8094b109-5a91-4a0f-a221-95e26bae347b}","{28ce6e92-e0ba-47a0-a2dc-2d589bdbb083}","{a50a46da-7047-48c7-a810-cfd3464e7998}","{6deb47a5-27e3-42c6-b819-13cb875b9844}","{897afce8-ada9-4ef5-b5e0-02349d43ff26}","{d909df0a-c489-4234-9711-bff53b099830}","{fc5c90b8-367f-484a-ac73-aecfbe87545a}","{7d6ae629-18c3-432f-afe3-41a4d7073b5f}","{a583d6bf-a440-4db0-b627-365212e6024d}","{8598ecc3-f7c5-49aa-89e3-0125af384f2d}","{1d99ba19-863c-4616-a78e-6720bef98610}","{3da26ef9-c968-45da-add6-c1c676aa9c39}","{ef06d1d1-c2a0-461e-83d8-50f91bae9984}","{64e0f7ff-e9ae-45c5-81b4-52bc7d06a8a2}","{b94f660f-447b-4406-9445-faf859af4c44}","{d4742d68-e69d-4eb3-bee9-afaaeb4939fd}","{9637f002-ca82-4992-9cfc-291e78a2bfd7}","{30718462-0909-4c90-9bf4-c7351b289b97}","{6eb30215-24bc
04-25 02:13:11.439 I/Gecko   (   84): 1398417191451	Marionette	INFO	sendToClient: {"from":"0","value":"app://homescreen.gaiamobile.org/index.html#rootFri%20Apr%2025%202014%2002:13:10%20GMT-0700%20(UTC)"}, {3fc00404-ab09-458a-bd33-06b78f8f5c8f}, {3fc00404-ab09-458a-bd33-06b78f8f5c8f}
04-25 02:13:11.459 I/Gecko   (   84): 1398417191473	Marionette	DEBUG	Got request: switchToFrame, data: {"to":"0","sessionId":"3-b2g","name":"switchToFrame","parameters":{"id":null,"focus":true}}, id: {9802c101-5dbe-42ea-b433-4ff313016fad}
04-25 02:13:11.479 I/Gecko   (   84): 1398417191489	Marionette	INFO	Switched to frame: {"frameValue":null}
04-25 02:13:11.589 I/Gecko   (   84): 1398417191598	Marionette	INFO	sendToClient: {"from":"0","ok":true}, {9802c101-5dbe-42ea-b433-4ff313016fad}, {9802c101-5dbe-42ea-b433-4ff313016fad}
04-25 02:13:11.609 I/Gecko   (   84): 1398417191620	Marionette	DEBUG	Got request: switchToFrame, data: {"to":"0","sessionId":"3-b2g","name":"switchToFrame","parameters":{"id":null,"focus":true}}, id: {82f9f413-f322-42a4-8bb5-81d1cbc92693}
04-25 02:13:11.619 I/Gecko   (   84): 1398417191628	Marionette	INFO	Switched to frame: {"frameValue":null}
04-25 02:13:11.719 I/Gecko   (   84): 1398417191730	Marionette	INFO	sendToClient: {"from":"0","ok":true}, {82f9f413-f322-42a4-8bb5-81d1cbc92693}, {82f9f413-f322-42a4-8bb5-81d1cbc92693}
04-25 02:13:11.719 I/Gecko   (   84): 1398417191736	Marionette	DEBUG	Got request: executeWithCallback, data: {"to":"0","sessionId":"3-b2g","name":"executeAsyncScript","parameters":{"specialPowers":false,"scriptTimeout":30000,"newSandbox":true,"args":[],"filename":"app_checker.py","script":"GaiaApps.launchWithManifestURL('https://marketplace.firefox.com/app/33c36d90-82e0-46fb-9910-b3ec387d9b39/manifest.webapp')","line":106}}, id: {b0e7832d-9c69-4e8d-93a9-824525e6a02b}
04-25 02:13:11.899 I/Gonk    (   84): Setting nice for pid 1146 to 18
04-25 02:13:11.899 I/Gonk    (   84): Changed nice for pid 1146 from 18 to 18.
04-25 02:13:11.909 I/Gecko   (   84): [Parent 84] WARNING: waitpid failed pid:1146 errno:10: file ../../../gecko/ipc/chromium/src/base/process_util_posix.cc, line 254
04-25 02:13:11.929 I/Gonk    (   84): Setting nice for pid 1146 to 1
04-25 02:13:11.929 I/Gonk    (   84): Changed nice for pid 1146 from 18 to 1.
04-25 02:13:11.999 E/GeckoConsole(   84): Content JS LOG at dummy file:334 in GaiaApps.launch: launching app with name 'Text Editor'
04-25 02:13:12.309 E/[Gralloc-ERROR](   84): int gralloc_register_buffer(const gralloc_module_t*, const native_handle_t*):79 Unable to register handle 0x4669dce0 coming from different process: 84
04-25 02:13:12.369 E/[Gralloc-ERROR](   84): int gralloc_register_buffer(const gralloc_module_t*, const native_handle_t*):79 Unable to register handle 0x4669dd80 coming from different process: 84
04-25 02:13:12.449 D/Sensors (   84): activate handle=0; drv=0
04-25 02:13:12.459 D/Sensors (   84): Lis3dhSensor: Control set 1
04-25 02:13:12.459 D/Sensors (   84): Lis3dhSensor: mEnabled = 1
04-25 02:13:12.539 I/Gonk    (   84): Setting nice for pid 1128 to 18
04-25 02:13:12.539 I/Gonk    (   84): Changed nice for pid 1128 from 1 to 18.
04-25 02:13:13.749 I/Gonk    (   84): Setting nice for pid 1195 to 18
04-25 02:13:13.749 I/Gonk    (   84): Changed nice for pid 1195 from 0 to 18.
04-25 02:13:14.069 I/Gecko   (   84): 
04-25 02:13:14.069 I/Gecko   (   84): ###!!! [Parent][MessageChannel] Error: Channel error: cannot send/recv
04-25 02:13:14.069 I/Gecko   (   84): 
04-25 02:13:14.189 I/Gecko   (   84): [Parent 84] WARNING: waitpid failed pid:1128 errno:10: file ../../../gecko/ipc/chromium/src/base/process_util_posix.cc, line 254
04-25 02:13:14.219 W/WifiHW  (   84): wifi_command: SIGNAL_POLL
04-25 02:13:14.499 I/Gecko   ( 1146): ###################################### forms.js loaded
04-25 02:13:14.549 I/Gecko   ( 1146): ############################### browserElementPanning.js loaded
04-25 02:13:14.669 I/Gecko   ( 1146): ######################## BrowserElementChildPreload.js loaded
04-25 02:13:15.669 I/Gecko   ( 1195): ###################################### forms.js loaded
04-25 02:13:15.719 I/Gecko   ( 1195): ############################### browserElementPanning.js loaded
04-25 02:13:15.799 I/Gecko   ( 1195): ######################## BrowserElementChildPreload.js loaded
04-25 02:13:16.189 I/Gecko   (   84): [Parent 84] WARNING: waitpid failed pid:1128 errno:10: file ../../../gecko/ipc/chromium/src/base/process_util_posix.cc, line 254
04-25 02:13:16.189 I/Gecko   (   84): [Parent 84] WARNING: Failed to deliver SIGKILL to 1128!(3).: file ../../../gecko/ipc/chromium/src/chrome/common/process_watcher_posix_sigchld.cc, line 118
04-25 02:13:16.499 E/GeckoConsole( 1146): [JavaScript Warning: "Unknown property 'user-select'.  Declaration dropped." {file: "app://{63b3c88a-a8b3-46f6-90b4-962697256fa4}/build/enyo.css" line: 55 column: 12 source: "	user-select: none;"}]
04-25 02:13:16.499 E/GeckoConsole( 1146): [JavaScript Warning: "Unknown pseudo-class or pseudo-element 'selection'.  Ruleset ignored due to bad selector." {file: "app://{63b3c88a-a8b3-46f6-90b4-962697256fa4}/build/enyo.css" line: 58 column: 20 source: ".enyo-unselectable::selection, .enyo-unselectable ::selection {"}]
04-25 02:13:16.499 E/GeckoConsole( 1146): [JavaScript Warning: "Unknown property 'user-select'.  Declaration dropped." {file: "app://{63b3c88a-a8b3-46f6-90b4-962697256fa4}/build/enyo.css" line: 67 column: 12 source: "	user-select: text;"}]
04-25 02:13:16.499 E/GeckoConsole( 1146): [JavaScript Warning: "Unknown pseudo-class or pseudo-element 'selection'.  Ruleset ignored due to bad selector." {file: "app://{63b3c88a-a8b3-46f6-90b4-962697256fa4}/build/enyo.css" line: 70 column: 18 source: ".enyo-selectable::selection, .enyo-selectable ::selection {"}]
04-25 02:13:16.499 E/GeckoConsole( 1146): [JavaScript Warning: "Unknown property 'box-sizing'.  Declaration dropped." {file: "app://{63b3c88a-a8b3-46f6-90b4-962697256fa4}/build/enyo.css" line: 92 column: 11 source: "	box-sizing: border-box;"}]
04-25 02:13:16.499 E/GeckoConsole( 1146): [JavaScript Warning: "Unknown property 'box-sizing'.  Declaration dropped." {file: "app://{63b3c88a-a8b3-46f6-90b4-962697256fa4}/build/enyo.css" line: 111 column: 11 source: "	box-sizing: border-box;"}]
04-25 02:13:16.499 E/GeckoConsole( 1146): [JavaScript Warning: "Unknown property 'box-sizing'.  Declaration dropped." {file: "app://{63b3c88a-a8b3-46f6-90b4-962697256fa4}/build/app.css" line: 9 column: 11 source: "	box-sizing: border-box;"}]
04-25 02:13:16.509 E/GeckoConsole( 1146): [JavaScript Warning: "Unknown property 'box-sizing'.  Declaration dropped." {file: "app://{63b3c88a-a8b3-46f6-90b4-962697256fa4}/build/app.css" line: 45 column: 11 source: "	box-sizing: border-box;"}]
04-25 02:13:16.509 E/GeckoConsole( 1146): [JavaScript Warning: "Unknown property 'box-sizing'.  Declaration dropped." {file: "app://{63b3c88a-a8b3-46f6-90b4-962697256fa4}/build/app.css" line: 206 column: 11 source: "	box-sizing: border-box;"}]
04-25 02:13:16.509 E/GeckoConsole( 1146): [JavaScript Warning: "Expected 'none' or URL but found 'alpha('.  Error in parsing value for 'filter'.  Declaration dropped." {file: "app://{63b3c88a-a8b3-46f6-90b4-962697256fa4}/build/app.css" line: 338 column: 10 source: "  filter: alpha(opacity=40);"}]
04-25 02:13:16.509 E/GeckoConsole( 1146): [JavaScript Warning: "Expected 'none' or URL but found 'alpha('.  Error in parsing value for 'filter'.  Declaration dropped." {file: "app://{63b3c88a-a8b3-46f6-90b4-962697256fa4}/build/app.css" line: 403 column: 10 source: "  filter: alpha(opacity=40);"}]
04-25 02:13:16.509 E/GeckoConsole( 1146): [JavaScript Warning: "Expected 'none' or URL but found 'alpha('.  Error in parsing value for 'filter'.  Declaration dropped." {file: "app://{63b3c88a-a8b3-46f6-90b4-962697256fa4}/build/app.css" line: 527 column: 10 source: "  filter: alpha(opacity=40);"}]
04-25 02:13:16.509 E/GeckoConsole( 1146): [JavaScript Warning: "Unknown property 'user-select'.  Declaration dropped." {file: "app://{63b3c88a-a8b3-46f6-90b4-962697256fa4}/build/app.css" line: 594 column: 13 source: "  user-select: none;"}]
04-25 02:13:16.509 E/GeckoConsole( 1146): [JavaScript Warning: "Expected 'none' or URL but found 'alpha('.  Error in parsing value for 'filter'.  Declaration dropped." {file: "app://{63b3c88a-a8b3-46f6-90b4-962697256fa4}/build/app.css" line: 596 column: 10 source: "  filter: alpha(opacity=40);"}]
04-25 02:13:16.509 E/GeckoConsole( 1146): [JavaScript Warning: "Unknown property 'box-sizing'.  Declaration dropped." {file: "app://{63b3c88a-a8b3-46f6-90b4-962697256fa4}/build/app.css" line: 617 column: 12 source: "  box-sizing: border-box;"}]
04-25 02:13:16.519 E/GeckoConsole( 1146): [JavaScript Warning: "Expected 'none' or URL but found 'alpha('.  Error in parsing value for 'filter'.  Declaration dropped." {file: "app://{63b3c88a-a8b3-46f6-90b4-962697256fa4}/build/app.css" line: 763 column: 10 source: "  filter: alpha(opacity=65);"}]
04-25 02:13:16.519 E/GeckoConsole( 1146): [JavaScript Warning: "Expected 'none' or URL but found 'alpha('.  Error in parsing value for 'filter'.  Declaration dropped." {file: "app://{63b3c88a-a8b3-46f6-90b4-962697256fa4}/build/app.css" line: 819 column: 10 source: "  filter: alpha(opacity=40);"}]
04-25 02:13:16.519 E/GeckoConsole( 1146): [JavaScript Warning: "Unknown property 'box-sizing'.  Declaration dropped." {file: "app://{63b3c88a-a8b3-46f6-90b4-962697256fa4}/build/app.css" line: 859 column: 12 source: "  box-sizing: border-box;"}]
04-25 02:13:16.519 E/GeckoConsole( 1146): [JavaScript Warning: "Unknown pseudo-class or pseudo-element '-webkit-input-placeholder'.  Ruleset ignored due to bad selector." {file: "app://{63b3c88a-a8b3-46f6-90b4-962697256fa4}/build/app.css" line: 889 column: 55 source: ".onyx-toolbar .onyx-input-decorator .onyx-input:focus::-webkit-input-placeholder {"}]
04-25 02:13:16.519 E/GeckoConsole( 1146): [JavaScript Warning: "Error in parsing value for 'background-image'.  Declaration dropped." {file: "app://{63b3c88a-a8b3-46f6-90b4-962697256fa4}/build/app.css" line: 969 column: 20 source: "  background-image: -webkit-gradient(linear, 0 100%, 100% 0, color-stop(0.25, rgba(255, 255, 255, 0.15)), color-stop(0.25, transparent), color-stop(0.5, transparent), color-stop(0.5, rgba(255, 255, 255, 0.15)), color-stop(0.75, rgba(255, 255, 255, 0.15)), color-stop(0.75, transparent), to(transparent));"}]
04-25 02:13:16.519 E/GeckoConsole( 1146): [JavaScript Warning: "Error in parsing value for 'background-image'.  Declaration dropped." {file: "app://{63b3c88a-a8b3-46f6-90b4-962697256fa4}/build/app.css" line: 970 column: 20 source: "  background-image: -webkit-linear-gradient(-45deg, rgba(255, 255, 255, 0.15) 25%, transparent 25%, transparent 50%, rgba(255, 255, 255, 0.15) 50%, rgba(255, 255, 255, 0.15) 75%, transparent 75%, transparent);"}]
04-25 02:13:16.519 E/GeckoConsole( 1146): [JavaScript Warning: "Error in parsing value for 'background-image'.  Declaration dropped." {file: "app://{63b3c88a-a8b3-46f6-90b4-962697256fa4}/build/app.css" line: 972 column: 20 source: "  background-image: -ms-linear-gradient(-45deg, rgba(255, 255, 255, 0.15) 25%, transparent 25%, transparent 50%, rgba(255, 255, 255, 0.15) 50%, rgba(255, 255, 255, 0.15) 75%, transparent 75%, transparent);"}]
04-25 02:13:16.519 E/GeckoConsole( 1146): [JavaScript Warning: "Error in parsing value for 'background-image'.  Declaration dropped." {file: "app://{63b3c88a-a8b3-46f6-90b4-962697256fa4}/build/app.css" line: 973 column: 20 source: "  background-image: -o-linear-gradient(-45deg, rgba(255, 255, 255, 0.15) 25%, transparent 25%, transparent 50%, rgba(255, 255, 255, 0.15) 50%, rgba(255, 255, 255, 0.15) 75%, transparent 75%, transparent);"}]
04-25 02:13:16.519 E/GeckoConsole( 1146): [JavaScript Warning: "Unknown property 'box-sizing'.  Declaration dropped." {file: "app://{63b3c88a-a8b3-46f6-90b4-962697256fa4}/build/app.css" line: 1095 column: 12 source: "  box-sizing: border-box;"}]
04-25 02:13:16.529 E/GeckoConsole( 1146): [JavaScript Warning: "Expected color but found 'pruple'.  Error in parsing value for 'background-color'.  Declaration dropped." {file: "app://{63b3c88a-a8b3-46f6-90b4-962697256fa4}/build/app.css" line: 1506 column: 20 source: "  background-color: pruple;"}]
04-25 02:13:18.439 E/GeckoConsole( 1146): Content JS LOG at app://{63b3c88a-a8b3-46f6-90b4-962697256fa4}/build/app.js:4424 in setLanguage: Language: en
04-25 02:13:19.249 W/WifiHW  (   84): wifi_command: SIGNAL_POLL
04-25 02:13:23.869 E/GeckoConsole( 1146): [JavaScript Warning: "Error in parsing value for 'height'.  Declaration dropped." {file: "app://{63b3c88a-a8b3-46f6-90b4-962697256fa4}/index.html" line: 0 column: 19 source: "margin:6px; height:-6px;"}]
04-25 02:13:24.369 I/Gonk    (   84): Setting nice for pid 1195 to 18
04-25 02:13:24.369 I/Gonk    (   84): Changed nice for pid 1195 from 0 to 18.
04-25 02:13:24.369 I/Gecko   (   84): [Parent 84] WARNING: waitpid failed pid:1195 errno:10: file ../../../gecko/ipc/chromium/src/base/process_util_posix.cc, line 254
04-25 02:13:24.409 I/Gonk    (   84): Setting nice for pid 1195 to 1
04-25 02:13:24.409 I/Gonk    (   84): Changed nice for pid 1195 from 18 to 1.
04-25 02:13:24.419 I/Gonk    (   84): Setting nice for pid 1195 to 18
04-25 02:13:24.419 I/Gonk    (   84): Changed nice for pid 1195 from 1 to 18.
04-25 02:13:24.759 W/WifiHW  (   84): wifi_command: SIGNAL_POLL
04-25 02:13:24.869 E/[Gralloc-ERROR](   84): int gralloc_unregister_buffer(const gralloc_module_t*, const native_handle_t*):274 Trying to unregister buffer 0x4669dd80 from process 84 that was not created in current process: 84
04-25 02:13:24.879 E/GeckoConsole(   84): Content JS LOG at dummy file:326 in GaiaApps.launch/appOpen/<: app with origin 'app://{63b3c88a-a8b3-46f6-90b4-962697256fa4}' has launched
04-25 02:13:24.879 I/Gecko   (   84): 1398417204891	Marionette	INFO	sendToClient: {"from":"0","value":{"frame":{"ELEMENT":"{2472d1d4-c755-4bdc-a0df-f9595c972941}"},"src":"app://{63b3c88a-a8b3-46f6-90b4-962697256fa4}/index.html","name":"Text Editor","origin":"app://{63b3c88a-a8b3-46f6-90b4-962697256fa4}"}}, {b0e7832d-9c69-4e8d-93a9-824525e6a02b}, {b0e7832d-9c69-4e8d-93a9-824525e6a02b}
04-25 02:13:24.889 E/[Gralloc-ERROR](   84): int gralloc_unregister_buffer(const gralloc_module_t*, const native_handle_t*):274 Trying to unregister buffer 0x4669dce0 from process 84 that was not created in current process: 84
04-25 02:13:24.939 I/Gecko   (   84): 1398417204956	Marionette	DEBUG	Got request: switchToFrame, data: {"to":"0","sessionId":"3-b2g","name":"switchToFrame","parameters":{"focus":true,"element":"{2472d1d4-c755-4bdc-a0df-f9595c972941}"}}, id: {7c0c0088-65eb-4f72-8bbf-fd81afd0d9f1}
04-25 02:13:24.959 I/Gecko   (   84): 1398417204977	Marionette	INFO	Switched to frame: {"frameValue":"{2472d1d4-c755-4bdc-a0df-f9595c972941}"}
04-25 02:13:24.989 I/Gecko   (   84): 1398417205002	Marionette	INFO	trying remote frame 0
04-25 02:13:24.989 I/Gecko   (   84): 1398417205003	Marionette	INFO	trying remote frame 1
04-25 02:13:24.999 I/Gecko   (   84): 1398417205011	Marionette	INFO	deleting frame
04-25 02:13:25.009 I/Gecko   (   84): 1398417205022	Marionette	INFO	frame-manager load script: [object ChromeMessageSender]
04-25 02:13:25.079 E/GeckoConsole( 1146): [JavaScript Error: "not well-formed" {file: "app://{63b3c88a-a8b3-46f6-90b4-962697256fa4}/manifest.webapp?jsonp=true&0.67839812332974" line: 1 column: 1 source: "{"}]
04-25 02:13:25.269 I/Gecko   (   84): [Parent 84] WARNING: pipe error (150): Connection reset by peer: file ../../../gecko/ipc/chromium/src/chrome/common/ipc_channel_posix.cc, line 446
04-25 02:13:25.269 I/Gecko   (   84): 
04-25 02:13:25.269 I/Gecko   (   84): ###!!! [Parent][MessageChannel] Error: Channel error: cannot send/recv
04-25 02:13:25.269 I/Gecko   (   84): 
04-25 02:13:25.339 I/Gecko   (   84): [Parent 84] WARNING: waitpid failed pid:1195 errno:10: file ../../../gecko/ipc/chromium/src/base/process_util_posix.cc, line 254
04-25 02:13:25.899 I/Gecko   (   84): 1398417205911	Marionette	INFO	sendToClient: {"from":"0","ok":true}, {7c0c0088-65eb-4f72-8bbf-fd81afd0d9f1}, {7c0c0088-65eb-4f72-8bbf-fd81afd0d9f1}
04-25 02:13:25.909 E/GeckoConsole( 1146): Content JS WARN at app://{63b3c88a-a8b3-46f6-90b4-962697256fa4}/build/enyo.js:212 in enyo.logging._log: Ajax request set to handleAs JSON but data was not in JSON format
04-25 02:13:26.059 I/Gecko   (   84): 1398417206072	Marionette	INFO	sendToClient: {"from":"0","value":"app://{63b3c88a-a8b3-46f6-90b4-962697256fa4}/index.html"}, {fc2669e8-0fc7-4eba-ac4a-72b08f1075ec}, {fc2669e8-0fc7-4eba-ac4a-72b08f1075ec}
04-25 02:13:26.069 I/Gecko   (   84): 1398417206080	Marionette	DEBUG	Got request: execute, data: {"to":"0","sessionId":"3-b2g","name":"executeScript","parameters":{"specialPowers":false,"scriptTimeout":null,"newSandbox":true,"args":[],"filename":"app_checker.py","script":"return window.document.readyState;","line":191}}, id: {c99db484-d2aa-4b6b-a993-248464c1c2f1}
04-25 02:13:26.149 I/Gecko   (   84): 1398417206163	Marionette	INFO	sendToClient: {"from":"0","value":"complete"}, {c99db484-d2aa-4b6b-a993-248464c1c2f1}, {c99db484-d2aa-4b6b-a993-248464c1c2f1}
04-25 02:13:26.299 I/Gecko   (   84): 1398417206309	Marionette	INFO	sendToClient: {"from":"0","value":"app://{63b3c88a-a8b3-46f6-90b4-962697256fa4}/index.html"}, {b5f4ff5a-e1fa-4156-928d-e6f6591f1cfe}, {b5f4ff5a-e1fa-4156-928d-e6f6591f1cfe}
04-25 02:13:26.409 I/Gecko   ( 1146): Attempting load of libEGL.so
04-25 02:13:26.639 D/libEGL  ( 1146): loaded /system/lib/egl/libEGL_mali.so
04-25 02:13:26.699 D/libEGL  ( 1146): loaded /system/lib/egl/libGLESv1_CM_mali.so
04-25 02:13:26.719 D/libEGL  ( 1146): loaded /system/lib/egl/libGLESv2_mali.so
04-25 02:13:26.829 I/Gecko   ( 1146): SharedSurface_Gralloc::Create -------
04-25 02:13:26.859 I/Gecko   ( 1146): SharedSurface_Gralloc::Create: success -- surface 0x4475c8c0, GraphicBuffer 0x44745d00.
04-25 02:13:27.339 I/Gecko   (   84): [Parent 84] WARNING: waitpid failed pid:1195 errno:10: file ../../../gecko/ipc/chromium/src/base/process_util_posix.cc, line 254
04-25 02:13:27.339 I/Gecko   (   84): [Parent 84] WARNING: Failed to deliver SIGKILL to 1195!(3).: file ../../../gecko/ipc/chromium/src/chrome/common/process_watcher_posix_sigchld.cc, line 118
04-25 02:13:27.889 I/Gecko   (   84): 1398417207904	Marionette	INFO	sendToClient: {"from":"0","value":"iVBORw0KGgoAAAANSUhEUgAAAUAAAAHgCAYAAADUjLREAAAgAElEQVR4nOydf3wU1bn/DxIw/JKQKoaClqC9urdoSAUkArYEohASQhYCshQQAkWMVNMYMEbAiylqCFExLBASlB8BjCZIMEACS4DAAkE3CSGbn8xObe/t1Xuv97a17W39Xj/fPzYz2dnM7JzZ7GY2cHy93i/Z2bNnnnmemU/OzJyZD3niiSfAYDAYtyPkiSeeQFxcHIPBYNxWMAFkMBi3LUwAGQzGbQsTQAaDcdvCBJDBYNy2MAFkMBi3LUwAGQzGbQsTQAaDcdvCBJDBYNy2MAFkMBi3LUwAGQzGbQsTQAaDcdvCBJDBYNy2iAI4e/bsW4KEhATdY1DCaDRi27ZteOmll26bbe4N+WPcvtxyAvj999/j66+/RlJSku6xuLNv3z4AwD/+8Q8888wz3erLaDSipKQE33zzDQDgj3/8I8rLy3Xfxt6SPwZj9mwvBXDOnDngOE7k5s2b+OKLL3Dq1Cm88cYbiIuL022DhP8WLFjQI+tLSEjAypUrER8fr9o2MzMT3377La5fv07V3hPHjx8HADQ1NeHIkSM4e/YsPv74Y913KH/m1Jf5YzBmz3YRwNjYWGri4+NFoamtrUVNTQ2amprwv//7vwAAjuOwYMECTX36CuG/pKQkv68rPj4e33//PQBg3rx5VL+Ji4vr9npnz56NP/3pTwCANWvW6JJnvXLqi/wxGAKiAM6aNYuauLg4UWhMJpO4fOHChWhsbAQAWK1WTX36CuG/+fPn+31drnkwGo09to16rZdtG+NWQxTAmTNnUjN7duep5qJFiyTfvfzyy+J1mri4OMycOROLFi1CWVkZ3n33XSxcuBBlZWVobm7Gnj17JL9ds2YNiouLUVdXB6vViv379yMpKUkxjk2bNqGyshINDQ347LPPsGLFCjGuefPmie
04-25 02:13:28.269 I/Gecko   (   84): 1398417208286	Marionette	INFO	sendToClient: {"from":"0","ok":true}, {9b6906d0-433c-4d7e-b106-d33bf3439318}, {9b6906d0-433c-4d7e-b106-d33bf3439318}
04-25 02:13:28.399 I/Gecko   (   84): 1398417208415	Marionette	DEBUG	Got request: switchToFrame, data: {"to":"0","sessionId":"3-b2g","name":"switchToFrame","parameters":{"id":null,"focus":true}}, id: {e4d5fb39-e7ae-4b1d-9676-591d03ae15a8}
04-25 02:13:28.429 I/Gecko   (   84): 1398417208439	Marionette	INFO	Switched to frame: {"frameValue":null}
04-25 02:13:28.529 I/Gecko   (   84): 1398417208542	Marionette	INFO	sendToClient: {"from":"0","ok":true}, {e4d5fb39-e7ae-4b1d-9676-591d03ae15a8}, {e4d5fb39-e7ae-4b1d-9676-591d03ae15a8}
04-25 02:13:28.539 I/Gecko   (   84): 1398417208548	Marionette	DEBUG	Got request: executeWithCallback, data: {"to":"0","sessionId":"3-b2g","name":"executeAsyncScript","parameters":{"specialPowers":false,"scriptTimeout":null,"newSandbox":true,"args":[],"filename":"gaia_test.py","script":"return GaiaApps.displayedApp();","line":66}}, id: {c3776f94-4493-48c0-9d8c-9ba91a90b0de}
04-25 02:13:28.629 I/Gecko   (   84): 1398417208645	Marionette	INFO	sendToClient: {"from":"0","value":{"frame":{"ELEMENT":"{2472d1d4-c755-4bdc-a0df-f9595c972941}"},"src":"app://{63b3c88a-a8b3-46f6-90b4-962697256fa4}/index.html","name":"Text Editor","origin":"app://{63b3c88a-a8b3-46f6-90b4-962697256fa4}"}}, {c3776f94-4493-48c0-9d8c-9ba91a90b0de}, {c3776f94-4493-48c0-9d8c-9ba91a90b0de}
04-25 02:13:28.639 E/GeckoConsole(   84): Content JS LOG at dummy file:392 in GaiaApps.displayedApp: app with origin 'app://{63b3c88a-a8b3-46f6-90b4-962697256fa4}' is displayed
04-25 02:13:28.649 I/Gecko   (   84): 1398417208666	Marionette	DEBUG	Got request: switchToFrame, data: {"to":"0","sessionId":"3-b2g","name":"switchToFrame","parameters":{"id":null,"focus":true}}, id: {9be8cc27-43ce-4ae2-9489-f15af9aff1cf}
04-25 02:13:28.659 I/Gecko   (   84): 1398417208669	Marionette	INFO	Switched to frame: {"frameValue":null}
04-25 02:13:28.779 I/Gecko   (   84): 1398417208788	Marionette	INFO	sendToClient: {"from":"0","ok":true}, {9be8cc27-43ce-4ae2-9489-f15af9aff1cf}, {9be8cc27-43ce-4ae2-9489-f15af9aff1cf}
04-25 02:13:28.779 I/Gecko   (   84): 1398417208796	Marionette	DEBUG	Got request: execute, data: {"to":"0","sessionId":"3-b2g","name":"executeScript","parameters":{"specialPowers":false,"scriptTimeout":null,"newSandbox":true,"args":[],"filename":"gaia_test.py","script":"window.wrappedJSObject.dispatchEvent(new Event('home'));","line":788}}, id: {f55cdfde-d5a3-4ca9-ae68-965e9b9a5d5c}
04-25 02:13:28.979 D/Sensors (   84): activate handle=0; drv=0
04-25 02:13:28.979 D/Sensors (   84): Lis3dhSensor: Control set 0
04-25 02:13:28.979 D/Sensors (   84): Lis3dhSensor: mEnabled = 0
04-25 02:13:29.359 I/Gonk    (   84): Setting nice for pid 1225 to 18
04-25 02:13:29.359 I/Gonk    (   84): Changed nice for pid 1225 from 0 to 18.
04-25 02:13:29.359 I/Gecko   (   84): 1398417209376	Marionette	INFO	sendToClient: {"from":"0","value":null}, {f55cdfde-d5a3-4ca9-ae68-965e9b9a5d5c}, {f55cdfde-d5a3-4ca9-ae68-965e9b9a5d5c}
04-25 02:13:29.419 E/[Gralloc-ERROR](   84): int gralloc_register_buffer(const gralloc_module_t*, const native_handle_t*):79 Unable to register handle 0x4422c060 coming from different process: 84
04-25 02:13:29.419 E/[Gralloc-ERROR](   84): int gralloc_register_buffer(const gralloc_module_t*, const native_handle_t*):79 Unable to register handle 0x4422c100 coming from different process: 84
04-25 02:13:29.449 I/Gonk    (   84): Setting nice for pid 1225 to 18
04-25 02:13:29.449 I/Gonk    (   84): Changed nice for pid 1225 from 18 to 18.
04-25 02:13:29.449 I/Gecko   (   84): [Parent 84] WARNING: waitpid failed pid:1225 errno:10: file ../../../gecko/ipc/chromium/src/base/process_util_posix.cc, line 254
04-25 02:13:29.459 I/Gonk    (   84): Setting nice for pid 1225 to 1
04-25 02:13:29.459 I/Gonk    (   84): Changed nice for pid 1225 from 18 to 1.
04-25 02:13:29.539 I/Gecko   (   84): 1398417209551	Marionette	DEBUG	Got request: switchToFrame, data: {"to":"0","sessionId":"3-b2g","name":"switchToFrame","parameters":{"id":null,"focus":true}}, id: {5227218a-c3d0-43ac-9bd9-d2d6bae19e9f}
04-25 02:13:29.539 I/Gecko   (   84): 1398417209553	Marionette	INFO	Switched to frame: {"frameValue":null}
04-25 02:13:29.639 I/Gecko   (   84): 1398417209656	Marionette	INFO	sendToClient: {"from":"0","ok":true}, {5227218a-c3d0-43ac-9bd9-d2d6bae19e9f}, {5227218a-c3d0-43ac-9bd9-d2d6bae19e9f}
04-25 02:13:29.649 I/Gecko   (   84): 1398417209666	Marionette	DEBUG	Got request: executeWithCallback, data: {"to":"0","sessionId":"3-b2g","name":"executeAsyncScript","parameters":{"specialPowers":false,"scriptTimeout":null,"newSandbox":true,"args":[],"filename":"gaia_test.py","script":"return GaiaApps.displayedApp();","line":66}}, id: {13eb9f96-3bbd-41e4-971c-b63a21afa01d}
04-25 02:13:29.799 E/GeckoConsole(   84): Content JS LOG at dummy file:392 in GaiaApps.displayedApp: app with origin 'app://homescreen.gaiamobile.org' is displayed
04-25 02:13:29.799 I/Gecko   (   84): 1398417209816	Marionette	INFO	sendToClient: {"from":"0","value":{"frame":{"ELEMENT":"{c6199b24-e1ef-4a36-8a1a-4bf94c285546}"},"src":"app://homescreen.gaiamobile.org/index.html#root","name":"Homescreen","origin":"app://homescreen.gaiamobile.org"}}, {13eb9f96-3bbd-41e4-971c-b63a21afa01d}, {13eb9f96-3bbd-41e4-971c-b63a21afa01d}
04-25 02:13:29.809 W/WifiHW  (   84): wifi_command: SIGNAL_POLL
04-25 02:13:29.839 I/Gecko   (   84): 1398417209856	Marionette	DEBUG	Got request: switchToFrame, data: {"to":"0","sessionId":"3-b2g","name":"switchToFrame","parameters":{"id":null,"focus":true}}, id: {237a60d9-f47d-4ce1-a077-a763b82cc4c1}
04-25 02:13:29.859 I/Gecko   (   84): 1398417209876	Marionette	INFO	Switched to frame: {"frameValue":null}
04-25 02:13:30.139 I/Gecko   (   84): 1398417210156	Marionette	INFO	sendToClient: {"from":"0","ok":true}, {237a60d9-f47d-4ce1-a077-a763b82cc4c1}, {237a60d9-f47d-4ce1-a077-a763b82cc4c1}
04-25 02:13:30.289 I/Gecko   (   84): 1398417210305	Marionette	DEBUG	Got request: switchToFrame, data: {"to":"0","sessionId":"3-b2g","name":"switchToFrame","parameters":{"id":null,"focus":true}}, id: {5bf15f92-90a0-4e37-b56a-8886e7f0f110}
04-25 02:13:30.429 I/Gecko   (   84): 1398417210440	Marionette	INFO	Switched to frame: {"frameValue":null}
04-25 02:13:30.439 E/[Gralloc-ERROR](   84): int gralloc_unregister_buffer(const gralloc_module_t*, const native_handle_t*):274 Trying to unregister buffer 0x4422c100 from process 84 that was not created in current process: 84
04-25 02:13:30.459 E/[Gralloc-ERROR](   84): int gralloc_unregister_buffer(const gralloc_module_t*, const native_handle_t*):274 Trying to unregister buffer 0x4422c060 from process 84 that was not created in current process: 84
04-25 02:13:30.529 I/Gecko   (   84): 1398417210544	Marionette	INFO	sendToClient: {"from":"0","ok":true}, {5bf15f92-90a0-4e37-b56a-8886e7f0f110}, {5bf15f92-90a0-4e37-b56a-8886e7f0f110}
04-25 02:13:30.549 I/Gecko   (   84): 1398417210559	Marionette	DEBUG	Got request: executeWithCallback, data: {"to":"0","sessionId":"3-b2g","name":"executeAsyncScript","parameters":{"specialPowers":false,"scriptTimeout":null,"newSandbox":true,"args":[],"filename":"gaia_test.py","script":"return GaiaApps.displayedApp();","line":66}}, id: {d78644ee-b23b-4422-82ad-63cf789948b9}
04-25 02:13:30.729 E/GeckoConsole(   84): Content JS LOG at dummy file:392 in GaiaApps.displayedApp: app with origin 'app://homescreen.gaiamobile.org' is displayed
04-25 02:13:30.729 I/Gecko   (   84): 1398417210741	Marionette	INFO	sendToClient: {"from":"0","value":{"frame":{"ELEMENT":"{c6199b24-e1ef-4a36-8a1a-4bf94c285546}"},"src":"app://homescreen.gaiamobile.org/index.html#root","name":"Homescreen","origin":"app://homescreen.gaiamobile.org"}}, {d78644ee-b23b-4422-82ad-63cf789948b9}, {d78644ee-b23b-4422-82ad-63cf789948b9}
04-25 02:13:30.799 I/Gecko   (   84): 1398417210808	Marionette	DEBUG	Got request: switchToFrame, data: {"to":"0","sessionId":"3-b2g","name":"switchToFrame","parameters":{"focus":true,"element":"{c6199b24-e1ef-4a36-8a1a-4bf94c285546}"}}, id: {10a0d219-7092-42da-a96e-497dd746310e}
04-25 02:13:30.809 I/Gecko   (   84): 1398417210824	Marionette	INFO	Switched to frame: {"frameValue":"{c6199b24-e1ef-4a36-8a1a-4bf94c285546}"}
04-25 02:13:30.839 I/Gonk    (   84): Setting nice for pid 1146 to 18
04-25 02:13:30.839 I/Gonk    (   84): Changed nice for pid 1146 from 1 to 18.
04-25 02:13:30.879 I/Gecko   (   84): 1398417210888	Marionette	INFO	trying remote frame 0
04-25 02:13:30.879 I/Gecko   (   84): 1398417210889	Marionette	INFO	trying remote frame 1
04-25 02:13:30.879 I/Gecko   (   84): 1398417210890	Marionette	INFO	deleting frame
04-25 02:13:30.879 I/Gecko   (   84): 1398417210894	Marionette	INFO	frame-manager load script: [object ChromeMessageSender]
04-25 02:13:31.749 I/Gecko   ( 1225): ###################################### forms.js loaded
04-25 02:13:31.779 I/Gecko   ( 1225): ############################### browserElementPanning.js loaded
04-25 02:13:31.799 I/Gecko   ( 1225): ######################## BrowserElementChildPreload.js loaded
04-25 02:13:32.259 I/Gecko   (   84): 
04-25 02:13:32.259 I/Gecko   (   84): ###!!! [Parent][MessageChannel] Error: Channel error: cannot send/recv
04-25 02:13:32.259 I/Gecko   (   84): 
04-25 02:13:32.339 I/Gecko   (   84): [Parent 84] WARNING: waitpid failed pid:1146 errno:10: file ../../../gecko/ipc/chromium/src/base/process_util_posix.cc, line 254
04-25 02:13:32.729 I/Gecko   (   84): 1398417212743	Marionette	INFO	sendToClient: {"from":"0","ok":true}, {10a0d219-7092-42da-a96e-497dd746310e}, {10a0d219-7092-42da-a96e-497dd746310e}
04-25 02:13:32.919 I/Gecko   (   84): 1398417212929	Marionette	INFO	sendToClient: {"from":"0","value":"app://homescreen.gaiamobile.org/index.html#root"}, {bb0c29b1-e3da-497a-8486-dede85fb1262}, {bb0c29b1-e3da-497a-8486-dede85fb1262}
04-25 02:13:32.919 I/Gecko   (   84): 1398417212935	Marionette	DEBUG	Got request: switchToFrame, data: {"to":"0","sessionId":"3-b2g","name":"switchToFrame","parameters":{"id":null,"focus":true}}, id: {73f1a091-ad87-424e-864d-dc0347ee559f}
04-25 02:13:32.929 I/Gecko   (   84): 1398417212946	Marionette	INFO	Switched to frame: {"frameValue":null}
04-25 02:13:33.039 I/Gecko   (   84): 1398417213050	Marionette	INFO	sendToClient: {"from":"0","ok":true}, {73f1a091-ad87-424e-864d-dc0347ee559f}, {73f1a091-ad87-424e-864d-dc0347ee559f}
04-25 02:13:33.039 I/Gecko   (   84): 1398417213056	Marionette	DEBUG	Got request: switchToFrame, data: {"to":"0","sessionId":"3-b2g","name":"switchToFrame","parameters":{"id":null,"focus":true}}, id: {f6ec5ad0-9726-4863-8267-079af8cf9da9}
04-25 02:13:33.049 I/Gecko   (   84): 1398417213060	Marionette	INFO	Switched to frame: {"frameValue":null}
04-25 02:13:33.159 I/Gecko   (   84): 1398417213171	Marionette	INFO	sendToClient: {"from":"0","ok":true}, {f6ec5ad0-9726-4863-8267-079af8cf9da9}, {f6ec5ad0-9726-4863-8267-079af8cf9da9}
04-25 02:13:33.169 I/Gecko   (   84): 1398417213178	Marionette	DEBUG	Got request: executeWithCallback, data: {"to":"0","sessionId":"3-b2g","name":"executeAsyncScript","parameters":{"specialPowers":false,"scriptTimeout":null,"newSandbox":true,"args":[],"filename":"gaia_test.py","script":"GaiaApps.killAll()","line":91}}, id: {cc659676-fb82-4278-a927-4e3132ab4d20}
04-25 02:13:33.219 I/Gecko   (   84): 1398417213230	Marionette	INFO	sendToClient: {"from":"0","value":true}, {cc659676-fb82-4278-a927-4e3132ab4d20}, {cc659676-fb82-4278-a927-4e3132ab4d20}
04-25 02:13:33.219 I/Gecko   (   84): 1398417213236	Marionette	DEBUG	Got request: switchToFrame, data: {"to":"0","sessionId":"3-b2g","name":"switchToFrame","parameters":{"id":null,"focus":true}}, id: {915a2286-3357-4cf9-9e70-59a22d685608}
04-25 02:13:33.229 I/Gecko   (   84): 1398417213239	Marionette	INFO	Switched to frame: {"frameValue":null}
04-25 02:13:33.339 I/Gecko   (   84): 1398417213349	Marionette	INFO	sendToClient: {"from":"0","ok":true}, {915a2286-3357-4cf9-9e70-59a22d685608}, {915a2286-3357-4cf9-9e70-59a22d685608}
04-25 02:13:33.339 I/Gecko   (   84): 1398417213355	Marionette	DEBUG	Got request: executeWithCallback, data: {"to":"0","sessionId":"3-b2g","name":"executeAsyncScript","parameters":{"specialPowers":false,"scriptTimeout":60000,"newSandbox":true,"args":[],"filename":"app_checker.py","script":"\n        GaiaApps.locateWithManifestURL('https://marketplace.firefox.com/app/33c36d90-82e0-46fb-9910-b3ec387d9b39/manifest.webapp',\n                                       null,\n                                       function uninstall(app) {\n                                       navigator.mozApps.mgmt.uninstall(app);\n                                       marionetteScriptFinished(true);\n                                       });\n        ","line":129}}, id: {c38cce13-5b2b-4f08-ae18-6490e3c9d061}
04-25 02:13:33.389 I/Gecko   (   84): -- webapps.js uninstall https://marketplace.firefox.com/app/33c36d90-82e0-46fb-9910-b3ec387d9b39/manifest.webapp
04-25 02:13:33.679 I/Gecko   (   84): 1398417213688	Marionette	INFO	sendToClient: {"from":"0","value":true}, {c38cce13-5b2b-4f08-ae18-6490e3c9d061}, {c38cce13-5b2b-4f08-ae18-6490e3c9d061}