--------- beginning of /dev/log/main
04-26 12:18:57.806 I/Gecko   (   84): 1398539937817	Marionette	INFO	sendToClient: {"from":"0","value":"<div><img src=\"blob:5028823a-5649-433a-8b43-1715362936f8\" style=\"visibility: visible;\" role=\"presentation\" height=\"64\" width=\"64\"><span class=\"labelWrapper\"><span>Showbiz</span></span></div><span data-is-icon=\"true\" class=\"options\"></span>"}, {13a5be08-f21e-4a35-abde-5e4331d7cd9e}, {13a5be08-f21e-4a35-abde-5e4331d7cd9e}
04-26 12:18:57.816 I/Gecko   (   84): 1398539937830	Marionette	INFO	sendToClient: {"from":"0","value":"<div><img src=\"blob:5eb48f55-539b-48a9-8601-d39465c6fb52\" style=\"visibility: visible;\" role=\"presentation\" height=\"64\" width=\"64\"><span class=\"labelWrapper\"><span>Camera</span></span></div>"}, {00e53680-6858-4370-be83-8e9cc264a868}, {00e53680-6858-4370-be83-8e9cc264a868}
04-26 12:18:57.826 I/Gecko   (   84): 1398539937846	Marionette	INFO	sendToClient: {"from":"0","value":"<div><img src=\"blob:8e1668c6-058d-4efb-ba3d-caab8f760259\" style=\"visibility: visible;\" role=\"presentation\" height=\"64\" width=\"64\"><span class=\"labelWrapper\"><span>Gallery</span></span></div>"}, {e51a36fd-a03b-4a9c-838b-01c121b08661}, {e51a36fd-a03b-4a9c-838b-01c121b08661}
04-26 12:18:57.846 I/Gecko   (   84): 1398539937865	Marionette	INFO	sendToClient: {"from":"0","value":"<div><img src=\"blob:7825a714-7dcd-4cb7-a1d5-1bf25e1d392d\" style=\"visibility: visible;\" role=\"presentation\" height=\"64\" width=\"64\"><span class=\"labelWrapper\"><span>FM Radio</span></span></div>"}, {3620eca3-f541-4417-985d-c4100a72667a}, {3620eca3-f541-4417-985d-c4100a72667a}
04-26 12:18:57.866 I/Gecko   (   84): 1398539937877	Marionette	INFO	sendToClient: {"from":"0","value":"<div><img src=\"blob:5bb8cae6-02db-4fa2-b1cb-0268796186ea\" style=\"visibility: visible;\" role=\"presentation\" height=\"64\" width=\"64\"><span class=\"labelWrapper\"><span>Settings</span></span></div>"}, {f838d65d-1f29-415f-b2ee-140ce8aeda2b}, {f838d65d-1f29-415f-b2ee-140ce8aeda2b}
04-26 12:18:57.886 I/Gecko   (   84): 1398539937896	Marionette	INFO	sendToClient: {"from":"0","value":"<div><img src=\"blob:3e07dac3-71d9-4bb3-bdcd-573f802f1632\" style=\"visibility: visible;\" role=\"presentation\" height=\"64\" width=\"64\"><span class=\"labelWrapper\"><span>Marketplace</span></span></div>"}, {c044a862-e0f9-480c-9919-789d337564e8}, {c044a862-e0f9-480c-9919-789d337564e8}
04-26 12:18:57.906 I/Gecko   (   84): 1398539937917	Marionette	INFO	sendToClient: {"from":"0","value":"<div><img src=\"blob:b4adcc02-21f0-4f10-ad7b-92b80a7678dd\" style=\"visibility: visible;\" role=\"presentation\" height=\"64\" width=\"64\"><span class=\"labelWrapper\"><span>Calendar</span></span></div>"}, {d4c22e20-53ed-4d23-8121-ea3870e98d9d}, {d4c22e20-53ed-4d23-8121-ea3870e98d9d}
04-26 12:18:57.936 I/Gecko   (   84): 1398539937947	Marionette	INFO	sendToClient: {"from":"0","value":"<div><img src=\"blob:28e43847-ed32-4d8b-beb5-92770dd0b68c\" style=\"visibility: visible;\" role=\"presentation\" height=\"64\" width=\"64\"><span class=\"labelWrapper\"><span>Clock</span></span></div>"}, {6ec01fd3-8861-4bb3-bd4b-2ce987282b96}, {6ec01fd3-8861-4bb3-bd4b-2ce987282b96}
04-26 12:18:57.956 I/Gecko   (   84): 1398539937968	Marionette	INFO	sendToClient: {"from":"0","value":"<div><img src=\"blob:aeb2fa41-d954-4d69-930d-2ea641ed28ee\" style=\"visibility: visible;\" role=\"presentation\" height=\"64\" width=\"64\"><span class=\"labelWrapper\"><span>Usage</span></span></div>"}, {092eaa3f-b394-4c2f-8cd1-806d6b16b2ec}, {092eaa3f-b394-4c2f-8cd1-806d6b16b2ec}
04-26 12:18:57.966 I/Gecko   (   84): 1398539937983	Marionette	INFO	sendToClient: {"from":"0","value":"<div><img src=\"blob:2f8d1e9e-5db2-4142-bc97-f3f16361f64b\" style=\"visibility: visible;\" role=\"presentation\" height=\"64\" width=\"64\"><span class=\"labelWrapper\"><span>E-Mail</span></span></div>"}, {78a0f8c1-b75b-4e64-94c6-8fe44d6e35b9}, {78a0f8c1-b75b-4e64-94c6-8fe44d6e35b9}
04-26 12:18:57.996 I/Gecko   (   84): 1398539938007	Marionette	INFO	sendToClient: {"from":"0","value":"<div><img src=\"blob:e140de29-bf5d-488b-a22f-823c01b9c5fe\" style=\"visibility: visible;\" role=\"presentation\" height=\"64\" width=\"64\"><span class=\"labelWrapper\"><span>Music</span></span></div>"}, {62326eff-783a-42de-adc6-803442ac4413}, {62326eff-783a-42de-adc6-803442ac4413}
04-26 12:18:58.006 I/Gecko   (   84): 1398539938024	Marionette	INFO	sendToClient: {"from":"0","value":"<div><img src=\"blob:9f11f49e-e859-444e-960c-222685808815\" style=\"visibility: visible;\" role=\"presentation\" height=\"64\" width=\"64\"><span class=\"labelWrapper\"><span>Video</span></span></div>"}, {310d7b1a-9f38-4af0-991b-d5bd8ccaf19f}, {310d7b1a-9f38-4af0-991b-d5bd8ccaf19f}
04-26 12:18:58.036 I/Gecko   (   84): 1398539938047	Marionette	INFO	sendToClient: {"from":"0","value":"<div><img src=\"blob:642963ad-a234-4319-86c1-64e4bab20911\" style=\"visibility: visible;\" role=\"presentation\" height=\"64\" width=\"64\"><span class=\"labelWrapper\"><span>ConnectA2</span></span></div><span data-is-icon=\"true\" class=\"options\"></span>"}, {e564d8d8-f0a6-4c07-bcdf-638d98c195f8}, {e564d8d8-f0a6-4c07-bcdf-638d98c195f8}
04-26 12:18:58.056 I/Gecko   (   84): 1398539938072	Marionette	INFO	sendToClient: {"from":"0","value":"<div><img src=\"blob:a5da8329-a2cc-46fc-a906-97c8ffa43fbb\" style=\"visibility: visible;\" role=\"presentation\" height=\"64\" width=\"64\"><span class=\"labelWrapper\"><span>Word Wars</span></span></div><span data-is-icon=\"true\" class=\"options\"></span>"}, {7e87cd70-3dbd-4e4b-8b80-9aa3177ec851}, {7e87cd70-3dbd-4e4b-8b80-9aa3177ec851}
04-26 12:18:58.066 I/Gecko   (   84): 1398539938085	Marionette	INFO	sendToClient: {"from":"0","value":"<div><img src=\"blob:3dec5ccc-8a7a-4ddd-9a6f-f1994187a021\" style=\"visibility: visible;\" role=\"presentation\" height=\"64\" width=\"64\"><span class=\"labelWrapper\"><span>Rormix</span></span></div><span data-is-icon=\"true\" class=\"options\"></span>"}, {7a7bae19-4b36-440a-bd04-84d613c18ace}, {7a7bae19-4b36-440a-bd04-84d613c18ace}
04-26 12:18:58.086 I/Gecko   (   84): 1398539938099	Marionette	INFO	sendToClient: {"from":"0","value":"<div><img src=\"blob:986d1b05-5296-4c61-ac95-9e36be8a891d\" style=\"visibility: visible;\" role=\"presentation\" height=\"64\" width=\"64\"><span class=\"labelWrapper\"><span>Cheer Up!</span></span></div><span data-is-icon=\"true\" class=\"options\"></span>"}, {48bd0d5a-f19d-41e0-b4ee-423f20384d5d}, {48bd0d5a-f19d-41e0-b4ee-423f20384d5d}
04-26 12:18:58.096 I/Gecko   (   84): 1398539938115	Marionette	INFO	sendToClient: {"from":"0","value":"<div><img src=\"blob:ab51f52a-b83e-45ab-b11d-defb198b7696\" style=\"visibility: visible;\" role=\"presentation\" height=\"64\" width=\"64\"><span class=\"labelWrapper mask\"><span>Duck Sounds</span></span></div><span data-is-icon=\"true\" class=\"options\"></span>"}, {4fe381d5-061e-4132-85a5-85b961c7ac3d}, {4fe381d5-061e-4132-85a5-85b961c7ac3d}
04-26 12:18:58.106 I/Gecko   (   84): 1398539938126	Marionette	INFO	sendToClient: {"from":"0","value":"<div><img src=\"blob:8a7c89d2-6d0b-4290-a7fa-7f2da0918e69\" style=\"visibility: visible;\" role=\"presentation\" height=\"64\" width=\"64\"><span class=\"labelWrapper mask\"><span>Alarm Sounds</span></span></div><span data-is-icon=\"true\" class=\"options\"></span>"}, {27732fd7-5fdc-48c5-aed4-685924e54c0e}, {27732fd7-5fdc-48c5-aed4-685924e54c0e}
04-26 12:18:58.136 I/Gecko   (   84): 1398539938147	Marionette	INFO	sendToClient: {"from":"0","value":"<div><img src=\"blob:e122f5b9-1871-41f5-880a-7e00fabb97b3\" style=\"visibility: visible;\" role=\"presentation\" height=\"64\" width=\"64\"><span class=\"labelWrapper\"><span>Art</span></span></div><span data-is-icon=\"true\" class=\"options\"></span>"}, {76982c3a-82fd-4fd4-b6de-1db2772aef39}, {76982c3a-82fd-4fd4-b6de-1db2772aef39}
04-26 12:18:58.156 I/Gecko   (   84): 1398539938168	Marionette	INFO	sendToClient: {"from":"0","value":"<div><img src=\"blob:41cc39cb-3789-4505-9fb8-ebdf88d85b88\" style=\"visibility: visible;\" role=\"presentation\" height=\"64\" width=\"64\"><span class=\"labelWrapper\"><span>Marketplace</span></span></div><span data-is-icon=\"true\" class=\"options\"></span>"}, {6c20e717-cde8-4cf5-ba15-f3f2a8120488}, {6c20e717-cde8-4cf5-ba15-f3f2a8120488}
04-26 12:18:58.166 I/Gecko   (   84): 1398539938178	Marionette	INFO	sendToClient: {"from":"0","value":"<div><img src=\"blob:b30ad851-77cb-4e07-97a7-007bb9b08fd5\" style=\"visibility: visible;\" role=\"presentation\" height=\"64\" width=\"64\"><span class=\"labelWrapper\"><span>VTCS 13</span></span></div><span data-is-icon=\"true\" class=\"options\"></span>"}, {1bddc89a-0acf-4d3c-9e8e-e4c429963f04}, {1bddc89a-0acf-4d3c-9e8e-e4c429963f04}
04-26 12:18:58.186 I/Gecko   (   84): 1398539938199	Marionette	INFO	sendToClient: {"from":"0","value":"<div><img src=\"blob:8c3d5ec6-64ec-41e5-9238-a9ebe479d73a\" style=\"visibility: visible;\" role=\"presentation\" height=\"64\" width=\"64\"><span class=\"labelWrapper mask\"><span>inca-challenge</span></span></div><span data-is-icon=\"true\" class=\"options\"></span>"}, {b17146e8-279f-4e5e-a816-0b3e93bbb02d}, {b17146e8-279f-4e5e-a816-0b3e93bbb02d}
04-26 12:18:58.196 I/Gecko   (   84): 1398539938210	Marionette	INFO	sendToClient: {"from":"0","value":"<div><img src=\"blob:08277b74-5556-416b-a3e6-042eef72eca9\" style=\"visibility: visible;\" role=\"presentation\" height=\"64\" width=\"64\"><span class=\"labelWrapper\"><span>KAYAK</span></span></div><span data-is-icon=\"true\" class=\"options\"></span>"}, {78812955-d5eb-4832-af29-48fc81b6b19a}, {78812955-d5eb-4832-af29-48fc81b6b19a}
04-26 12:18:58.216 I/Gecko   (   84): 1398539938227	Marionette	INFO	sendToClient: {"from":"0","value":"<div><img src=\"blob:b62dd96f-f602-4175-a793-4abc9eb18cd7\" style=\"visibility: visible;\" role=\"presentation\" height=\"64\" width=\"64\"><span class=\"labelWrapper mask\"><span>Real Headshot</span></span></div><span data-is-icon=\"true\" class=\"options\"></span>"}, {e269c12e-d96f-4fb7-8954-6dcd600ffd84}, {e269c12e-d96f-4fb7-8954-6dcd600ffd84}
04-26 12:18:58.226 I/Gecko   (   84): 1398539938238	Marionette	INFO	sendToClient: {"from":"0","value":"<div><img src=\"blob:8e1311fe-7924-4a07-b12d-3f8d246b9980\" style=\"visibility: visible;\" role=\"presentation\" height=\"64\" width=\"64\"><span class=\"labelWrapper mask\"><span>Orion Nebula</span></span></div><span data-is-icon=\"true\" class=\"options\"></span>"}, {bb872b75-2f78-4f7a-9e1b-1007b5d786fa}, {bb872b75-2f78-4f7a-9e1b-1007b5d786fa}
04-26 12:18:58.246 I/Gecko   (   84): 1398539938261	Marionette	INFO	sendToClient: {"from":"0","value":"<div><img src=\"blob:bde52a84-128c-462b-8bf1-15e63558c9a3\" style=\"visibility: visible;\" role=\"presentation\" height=\"64\" width=\"64\"><span class=\"labelWrapper mask\"><span>Galinha Pintadinha</span></span></div><span data-is-icon=\"true\" class=\"options\"></span>"}, {272ce051-8e30-46b9-a719-54447d916867}, {272ce051-8e30-46b9-a719-54447d916867}
04-26 12:18:58.256 I/Gecko   (   84): 1398539938272	Marionette	INFO	sendToClient: {"from":"0","value":"<div><img src=\"blob:92089cd9-1878-414b-b5d6-5ef585e24b9b\" style=\"visibility: visible;\" role=\"presentation\" height=\"64\" width=\"64\"><span class=\"labelWrapper mask\"><span>Octopus Blast: ink rush</span></span></div><span data-is-icon=\"true\" class=\"options\"></span>"}, {1e6926ef-1ca1-42f0-b2ad-2d194fcf360b}, {1e6926ef-1ca1-42f0-b2ad-2d194fcf360b}
04-26 12:18:58.276 I/Gecko   (   84): 1398539938289	Marionette	INFO	sendToClient: {"from":"0","value":"<div><img src=\"blob:952421f8-3ee1-49a7-9311-34ea5b9478e1\" style=\"visibility: visible;\" role=\"presentation\" height=\"64\" width=\"64\"><span class=\"labelWrapper mask\"><span>Skyrock.mobi</span></span></div><span data-is-icon=\"true\" class=\"options\"></span>"}, {310ad2e1-6d53-4908-8dc5-b7be391dbf62}, {310ad2e1-6d53-4908-8dc5-b7be391dbf62}
04-26 12:18:58.286 I/Gecko   (   84): 1398539938298	Marionette	INFO	sendToClient: {"from":"0","value":"<div><img src=\"blob:e8fa212b-4173-45fd-af18-0ce993ee36cd\" style=\"visibility: visible;\" role=\"presentation\" height=\"64\" width=\"64\"><span class=\"labelWrapper\"><span>IQ FitFun</span></span></div><span data-is-icon=\"true\" class=\"options\"></span>"}, {63856856-ccd3-46d7-8ad8-1f8652af89a3}, {63856856-ccd3-46d7-8ad8-1f8652af89a3}
04-26 12:18:58.386 I/Gecko   (   84): 1398539938398	Marionette	INFO	sendToClient: {"from":"0","value":"<div><img src=\"blob:8c350198-33f2-4e59-aeca-60da9f441d1f\" style=\"visibility: visible;\" role=\"presentation\" height=\"64\" width=\"64\"><span class=\"labelWrapper mask\"><span>Ali Babá Juego de Objetos Ocultos</span></span></div><span data-is-icon=\"true\" class=\"options\"></span>"}, {95339cdb-642b-4cc5-9855-f4ed76300f2a}, {95339cdb-642b-4cc5-9855-f4ed76300f2a}
04-26 12:18:58.416 I/Gecko   (   84): 1398539938427	Marionette	INFO	sendToClient: {"from":"0","value":"<div><img src=\"blob:2b93ea0b-0d5c-4828-8a00-a30a66f48513\" style=\"visibility: visible;\" role=\"presentation\" height=\"64\" width=\"64\"><span class=\"labelWrapper\"><span>Tic Tac Toe</span></span></div><span data-is-icon=\"true\" class=\"options\"></span>"}, {edc33658-dd83-4371-879f-a5cb44406e7f}, {edc33658-dd83-4371-879f-a5cb44406e7f}
04-26 12:18:58.426 I/Gecko   (   84): 1398539938438	Marionette	INFO	sendToClient: {"from":"0","value":"<div><img src=\"blob:2c45e38e-ecea-4732-b5c5-0d1ea9f30d3f\" style=\"visibility: visible;\" role=\"presentation\" height=\"64\" width=\"64\"><span class=\"labelWrapper\"><span>Phone</span></span></div>"}, {26e56ef2-52c1-444a-86be-2bbe772dcc1a}, {26e56ef2-52c1-444a-86be-2bbe772dcc1a}
04-26 12:18:58.436 I/Gecko   (   84): 1398539938451	Marionette	INFO	sendToClient: {"from":"0","value":"<div><img src=\"blob:479f119c-8cf4-438c-b7a5-3ab1bdc11f5e\" style=\"visibility: visible;\" role=\"presentation\" height=\"64\" width=\"64\"><span class=\"labelWrapper\"><span>Messages</span></span></div>"}, {5ec61d80-5099-46c6-8ec7-dcbd1b13f469}, {5ec61d80-5099-46c6-8ec7-dcbd1b13f469}
04-26 12:18:58.466 I/Gecko   (   84): 1398539938479	Marionette	INFO	sendToClient: {"from":"0","value":"<div><img src=\"blob:a50358cd-6c16-4fd0-a95c-3d0d0f70aaa8\" style=\"visibility: visible;\" role=\"presentation\" height=\"64\" width=\"64\"><span class=\"labelWrapper\"><span>Contacts</span></span></div>"}, {c764a499-613e-4e02-ae77-41927701414e}, {c764a499-613e-4e02-ae77-41927701414e}
04-26 12:18:59.386 I/Gecko   (   84): 1398539939405	Marionette	INFO	sendToClient: {"from":"0","value":"<div><img src=\"blob:cb6d9c1f-dd57-452e-86ca-523cd312cc57\" style=\"visibility: visible;\" role=\"presentation\" height=\"64\" width=\"64\"><span class=\"labelWrapper\"><span>Browser</span></span></div>"}, {aacf7d43-8a27-4fa2-88f9-9703d2236673}, {aacf7d43-8a27-4fa2-88f9-9703d2236673}
04-26 12:19:00.656 W/WifiHW  (   84): wifi_command: SIGNAL_POLL
04-26 12:19:02.476 I/Gecko   (   84): 1398539942495	Marionette	INFO	sendToClient: {"from":"0","value":["{65523536-049c-4b73-9f99-20736a4302f5}","{5ca7d9f1-fa16-4d5e-8d83-ce1f81685368}","{a2c2babe-9f9d-4d3e-9c11-4fb0cf675aec}","{8804e7ba-8484-4afb-ab99-b2240991c18e}","{831cbbbe-251d-465a-8ae4-7b9087c0c964}","{ce3608d9-0b43-4458-ae9e-f125e196d628}","{d6cd4574-bfb9-4e7a-ba93-f9b1436f9a20}","{d7f212b9-5402-4c3c-8f7e-fa4ee172ab21}","{3153b0ef-545e-4010-8540-ab4a519cea57}","{60f308ed-22b8-48dc-8501-5fc141bf2eed}","{6ec5871c-b666-416e-a0f1-6cd43e6c04e0}","{cb526de5-5474-4852-9968-7399496b5c7c}","{be4e50ef-7c44-4f57-b147-62de2e74731f}","{6fc7ca84-5fb5-4911-8ebf-eb2be47bd38f}","{e4337155-b23c-4d40-adcd-7a00a7bac81a}","{34020e13-3e7f-4b46-b5b8-869af472dafc}","{6235bf1f-14d9-47ba-b180-532328d99afb}","{67dcfacd-a660-45e5-a39e-175b39e56ab6}","{b60815d3-ce5b-40dc-84c6-25404a956cf8}","{db658d5a-2412-4ab4-9b6a-a1ab4de88f97}","{bd2e9be1-0fd6-47f8-8b6e-10ac7c172442}","{c4f2dbe6-9609-40ac-9db0-0980095458c2}","{e7ad213d-c500-495b-b5ea-b2cbec079276}","{e6cdf4a5-8697
04-26 12:19:02.506 I/Gecko   (   84): 1398539942518	Marionette	INFO	sendToClient: {"from":"0","value":"<div><img src=\"blob:4a7eaa83-c577-496a-8456-957a94561f2e\" style=\"visibility: visible;\" role=\"presentation\" height=\"64\" width=\"64\"><span class=\"labelWrapper\"><span>Social</span></span></div><span data-is-icon=\"true\" class=\"options\"></span>"}, {5467e645-59bf-4546-9a20-b3d062fb8842}, {5467e645-59bf-4546-9a20-b3d062fb8842}
04-26 12:19:02.516 I/Gecko   (   84): 1398539942527	Marionette	INFO	sendToClient: {"from":"0","value":"<div><img src=\"blob:8bfc2c23-27a2-4043-bf8a-25b5a8f3959e\" style=\"visibility: visible;\" role=\"presentation\" height=\"64\" width=\"64\"><span class=\"labelWrapper\"><span>Games</span></span></div><span data-is-icon=\"true\" class=\"options\"></span>"}, {d7c2f5a5-5ff8-4507-899a-1144238ec407}, {d7c2f5a5-5ff8-4507-899a-1144238ec407}
04-26 12:19:02.526 I/Gecko   (   84): 1398539942537	Marionette	INFO	sendToClient: {"from":"0","value":"<div><img src=\"blob:ec21ba41-40cf-4612-8611-a66297a5dd8a\" style=\"visibility: visible;\" role=\"presentation\" height=\"64\" width=\"64\"><span class=\"labelWrapper\"><span>Music</span></span></div><span data-is-icon=\"true\" class=\"options\"></span>"}, {5b50e5aa-0a2c-4be0-9798-f06624fcdad1}, {5b50e5aa-0a2c-4be0-9798-f06624fcdad1}
04-26 12:19:02.536 I/Gecko   (   84): 1398539942548	Marionette	INFO	sendToClient: {"from":"0","value":"<div><img src=\"blob:5028823a-5649-433a-8b43-1715362936f8\" style=\"visibility: visible;\" role=\"presentation\" height=\"64\" width=\"64\"><span class=\"labelWrapper\"><span>Showbiz</span></span></div><span data-is-icon=\"true\" class=\"options\"></span>"}, {ae3c1ba8-bf38-40df-a38d-be5b6ab15fc5}, {ae3c1ba8-bf38-40df-a38d-be5b6ab15fc5}
04-26 12:19:02.546 I/Gecko   (   84): 1398539942559	Marionette	INFO	sendToClient: {"from":"0","value":"<div><img src=\"blob:5eb48f55-539b-48a9-8601-d39465c6fb52\" style=\"visibility: visible;\" role=\"presentation\" height=\"64\" width=\"64\"><span class=\"labelWrapper\"><span>Camera</span></span></div>"}, {0f9924e3-6ba0-4bc9-a76a-9e20d7276c37}, {0f9924e3-6ba0-4bc9-a76a-9e20d7276c37}
04-26 12:19:02.556 I/Gecko   (   84): 1398539942570	Marionette	INFO	sendToClient: {"from":"0","value":"<div><img src=\"blob:8e1668c6-058d-4efb-ba3d-caab8f760259\" style=\"visibility: visible;\" role=\"presentation\" height=\"64\" width=\"64\"><span class=\"labelWrapper\"><span>Gallery</span></span></div>"}, {91901748-bb81-464a-9e23-2c673df1049a}, {91901748-bb81-464a-9e23-2c673df1049a}
04-26 12:19:02.566 I/Gecko   (   84): 1398539942582	Marionette	INFO	sendToClient: {"from":"0","value":"<div><img src=\"blob:7825a714-7dcd-4cb7-a1d5-1bf25e1d392d\" style=\"visibility: visible;\" role=\"presentation\" height=\"64\" width=\"64\"><span class=\"labelWrapper\"><span>FM Radio</span></span></div>"}, {657b6f91-4442-4ea1-8b1c-33c34088f228}, {657b6f91-4442-4ea1-8b1c-33c34088f228}
04-26 12:19:02.576 I/Gecko   (   84): 1398539942592	Marionette	INFO	sendToClient: {"from":"0","value":"<div><img src=\"blob:5bb8cae6-02db-4fa2-b1cb-0268796186ea\" style=\"visibility: visible;\" role=\"presentation\" height=\"64\" width=\"64\"><span class=\"labelWrapper\"><span>Settings</span></span></div>"}, {53d45ea4-fa08-413d-a38a-756a7be86858}, {53d45ea4-fa08-413d-a38a-756a7be86858}
04-26 12:19:02.586 I/Gecko   (   84): 1398539942602	Marionette	INFO	sendToClient: {"from":"0","value":"<div><img src=\"blob:3e07dac3-71d9-4bb3-bdcd-573f802f1632\" style=\"visibility: visible;\" role=\"presentation\" height=\"64\" width=\"64\"><span class=\"labelWrapper\"><span>Marketplace</span></span></div>"}, {7f27a8d1-3d53-4812-9cf9-ded10268fa3c}, {7f27a8d1-3d53-4812-9cf9-ded10268fa3c}
04-26 12:19:02.596 I/Gecko   (   84): 1398539942612	Marionette	INFO	sendToClient: {"from":"0","value":"<div><img src=\"blob:b4adcc02-21f0-4f10-ad7b-92b80a7678dd\" style=\"visibility: visible;\" role=\"presentation\" height=\"64\" width=\"64\"><span class=\"labelWrapper\"><span>Calendar</span></span></div>"}, {2f68714e-bdd6-44ed-ae37-287af1fe9693}, {2f68714e-bdd6-44ed-ae37-287af1fe9693}
04-26 12:19:02.606 I/Gecko   (   84): 1398539942622	Marionette	INFO	sendToClient: {"from":"0","value":"<div><img src=\"blob:28e43847-ed32-4d8b-beb5-92770dd0b68c\" style=\"visibility: visible;\" role=\"presentation\" height=\"64\" width=\"64\"><span class=\"labelWrapper\"><span>Clock</span></span></div>"}, {febbfdac-f931-49a1-a133-7961cd80c22a}, {febbfdac-f931-49a1-a133-7961cd80c22a}
04-26 12:19:02.616 I/Gecko   (   84): 1398539942631	Marionette	INFO	sendToClient: {"from":"0","value":"<div><img src=\"blob:aeb2fa41-d954-4d69-930d-2ea641ed28ee\" style=\"visibility: visible;\" role=\"presentation\" height=\"64\" width=\"64\"><span class=\"labelWrapper\"><span>Usage</span></span></div>"}, {d2573395-cabf-4572-af78-d55f1a887a2e}, {d2573395-cabf-4572-af78-d55f1a887a2e}
04-26 12:19:02.636 I/Gecko   (   84): 1398539942653	Marionette	INFO	sendToClient: {"from":"0","value":"<div><img src=\"blob:2f8d1e9e-5db2-4142-bc97-f3f16361f64b\" style=\"visibility: visible;\" role=\"presentation\" height=\"64\" width=\"64\"><span class=\"labelWrapper\"><span>E-Mail</span></span></div>"}, {41036c46-72b6-4664-b21e-f964e4075c2e}, {41036c46-72b6-4664-b21e-f964e4075c2e}
04-26 12:19:02.646 I/Gecko   (   84): 1398539942663	Marionette	INFO	sendToClient: {"from":"0","value":"<div><img src=\"blob:e140de29-bf5d-488b-a22f-823c01b9c5fe\" style=\"visibility: visible;\" role=\"presentation\" height=\"64\" width=\"64\"><span class=\"labelWrapper\"><span>Music</span></span></div>"}, {a080b85e-47b3-485c-a15c-6476a5e808e1}, {a080b85e-47b3-485c-a15c-6476a5e808e1}
04-26 12:19:02.656 I/Gecko   (   84): 1398539942675	Marionette	INFO	sendToClient: {"from":"0","value":"<div><img src=\"blob:9f11f49e-e859-444e-960c-222685808815\" style=\"visibility: visible;\" role=\"presentation\" height=\"64\" width=\"64\"><span class=\"labelWrapper\"><span>Video</span></span></div>"}, {f4dcb760-3660-4014-afc3-40a81af45992}, {f4dcb760-3660-4014-afc3-40a81af45992}
04-26 12:19:02.666 I/Gecko   (   84): 1398539942685	Marionette	INFO	sendToClient: {"from":"0","value":"<div><img src=\"blob:642963ad-a234-4319-86c1-64e4bab20911\" style=\"visibility: visible;\" role=\"presentation\" height=\"64\" width=\"64\"><span class=\"labelWrapper\"><span>ConnectA2</span></span></div><span data-is-icon=\"true\" class=\"options\"></span>"}, {fa4d5ad0-248c-428c-8532-68e375b8a3ba}, {fa4d5ad0-248c-428c-8532-68e375b8a3ba}
04-26 12:19:02.676 I/Gecko   (   84): 1398539942695	Marionette	INFO	sendToClient: {"from":"0","value":"<div><img src=\"blob:a5da8329-a2cc-46fc-a906-97c8ffa43fbb\" style=\"visibility: visible;\" role=\"presentation\" height=\"64\" width=\"64\"><span class=\"labelWrapper\"><span>Word Wars</span></span></div><span data-is-icon=\"true\" class=\"options\"></span>"}, {f759e7aa-9e6a-423b-bd30-976b1c11833f}, {f759e7aa-9e6a-423b-bd30-976b1c11833f}
04-26 12:19:02.686 I/Gecko   (   84): 1398539942705	Marionette	INFO	sendToClient: {"from":"0","value":"<div><img src=\"blob:3dec5ccc-8a7a-4ddd-9a6f-f1994187a021\" style=\"visibility: visible;\" role=\"presentation\" height=\"64\" width=\"64\"><span class=\"labelWrapper\"><span>Rormix</span></span></div><span data-is-icon=\"true\" class=\"options\"></span>"}, {65376421-6ec5-4974-af51-4d6221c6f93d}, {65376421-6ec5-4974-af51-4d6221c6f93d}
04-26 12:19:02.706 I/Gecko   (   84): 1398539942716	Marionette	INFO	sendToClient: {"from":"0","value":"<div><img src=\"blob:986d1b05-5296-4c61-ac95-9e36be8a891d\" style=\"visibility: visible;\" role=\"presentation\" height=\"64\" width=\"64\"><span class=\"labelWrapper\"><span>Cheer Up!</span></span></div><span data-is-icon=\"true\" class=\"options\"></span>"}, {b3e18054-e852-4401-9c07-c5d583dc545b}, {b3e18054-e852-4401-9c07-c5d583dc545b}
04-26 12:19:02.716 I/Gecko   (   84): 1398539942727	Marionette	INFO	sendToClient: {"from":"0","value":"<div><img src=\"blob:ab51f52a-b83e-45ab-b11d-defb198b7696\" style=\"visibility: visible;\" role=\"presentation\" height=\"64\" width=\"64\"><span class=\"labelWrapper mask\"><span>Duck Sounds</span></span></div><span data-is-icon=\"true\" class=\"options\"></span>"}, {52f76cc4-df35-4e28-9380-4e29e19e0b47}, {52f76cc4-df35-4e28-9380-4e29e19e0b47}
04-26 12:19:02.726 I/Gecko   (   84): 1398539942737	Marionette	INFO	sendToClient: {"from":"0","value":"<div><img src=\"blob:8a7c89d2-6d0b-4290-a7fa-7f2da0918e69\" style=\"visibility: visible;\" role=\"presentation\" height=\"64\" width=\"64\"><span class=\"labelWrapper mask\"><span>Alarm Sounds</span></span></div><span data-is-icon=\"true\" class=\"options\"></span>"}, {532dc0ca-1477-4360-aaeb-508ed1d953fd}, {532dc0ca-1477-4360-aaeb-508ed1d953fd}
04-26 12:19:02.736 I/Gecko   (   84): 1398539942749	Marionette	INFO	sendToClient: {"from":"0","value":"<div><img src=\"blob:e122f5b9-1871-41f5-880a-7e00fabb97b3\" style=\"visibility: visible;\" role=\"presentation\" height=\"64\" width=\"64\"><span class=\"labelWrapper\"><span>Art</span></span></div><span data-is-icon=\"true\" class=\"options\"></span>"}, {19c2efe7-37c9-4623-9c0b-52ff309e3fca}, {19c2efe7-37c9-4623-9c0b-52ff309e3fca}
04-26 12:19:02.746 I/Gecko   (   84): 1398539942759	Marionette	INFO	sendToClient: {"from":"0","value":"<div><img src=\"blob:41cc39cb-3789-4505-9fb8-ebdf88d85b88\" style=\"visibility: visible;\" role=\"presentation\" height=\"64\" width=\"64\"><span class=\"labelWrapper\"><span>Marketplace</span></span></div><span data-is-icon=\"true\" class=\"options\"></span>"}, {829c4ec8-0e84-440f-9c6b-9bc934c3f8fc}, {829c4ec8-0e84-440f-9c6b-9bc934c3f8fc}
04-26 12:19:02.756 I/Gecko   (   84): 1398539942771	Marionette	INFO	sendToClient: {"from":"0","value":"<div><img src=\"blob:b30ad851-77cb-4e07-97a7-007bb9b08fd5\" style=\"visibility: visible;\" role=\"presentation\" height=\"64\" width=\"64\"><span class=\"labelWrapper\"><span>VTCS 13</span></span></div><span data-is-icon=\"true\" class=\"options\"></span>"}, {dc08add0-33fb-4e5d-9587-691de8a4aa51}, {dc08add0-33fb-4e5d-9587-691de8a4aa51}
04-26 12:19:02.766 I/Gecko   (   84): 1398539942783	Marionette	INFO	sendToClient: {"from":"0","value":"<div><img src=\"blob:8c3d5ec6-64ec-41e5-9238-a9ebe479d73a\" style=\"visibility: visible;\" role=\"presentation\" height=\"64\" width=\"64\"><span class=\"labelWrapper mask\"><span>inca-challenge</span></span></div><span data-is-icon=\"true\" class=\"options\"></span>"}, {d6fe7c5f-cab3-4825-a86c-4b1d1eda706a}, {d6fe7c5f-cab3-4825-a86c-4b1d1eda706a}
04-26 12:19:02.776 I/Gecko   (   84): 1398539942793	Marionette	INFO	sendToClient: {"from":"0","value":"<div><img src=\"blob:08277b74-5556-416b-a3e6-042eef72eca9\" style=\"visibility: visible;\" role=\"presentation\" height=\"64\" width=\"64\"><span class=\"labelWrapper\"><span>KAYAK</span></span></div><span data-is-icon=\"true\" class=\"options\"></span>"}, {ae7af74e-a571-4d9b-80b8-feb63d809709}, {ae7af74e-a571-4d9b-80b8-feb63d809709}
04-26 12:19:02.786 I/Gecko   (   84): 1398539942803	Marionette	INFO	sendToClient: {"from":"0","value":"<div><img src=\"blob:b62dd96f-f602-4175-a793-4abc9eb18cd7\" style=\"visibility: visible;\" role=\"presentation\" height=\"64\" width=\"64\"><span class=\"labelWrapper mask\"><span>Real Headshot</span></span></div><span data-is-icon=\"true\" class=\"options\"></span>"}, {ad402128-b724-4c5a-8c61-dbfef5c1a4af}, {ad402128-b724-4c5a-8c61-dbfef5c1a4af}
04-26 12:19:02.796 I/Gecko   (   84): 1398539942813	Marionette	INFO	sendToClient: {"from":"0","value":"<div><img src=\"blob:8e1311fe-7924-4a07-b12d-3f8d246b9980\" style=\"visibility: visible;\" role=\"presentation\" height=\"64\" width=\"64\"><span class=\"labelWrapper mask\"><span>Orion Nebula</span></span></div><span data-is-icon=\"true\" class=\"options\"></span>"}, {1227dc8c-98ab-4c8f-83f7-61da12c0203f}, {1227dc8c-98ab-4c8f-83f7-61da12c0203f}
04-26 12:19:02.806 I/Gecko   (   84): 1398539942823	Marionette	INFO	sendToClient: {"from":"0","value":"<div><img src=\"blob:bde52a84-128c-462b-8bf1-15e63558c9a3\" style=\"visibility: visible;\" role=\"presentation\" height=\"64\" width=\"64\"><span class=\"labelWrapper mask\"><span>Galinha Pintadinha</span></span></div><span data-is-icon=\"true\" class=\"options\"></span>"}, {1f218854-acd6-438c-8540-ef6b82a5a678}, {1f218854-acd6-438c-8540-ef6b82a5a678}
04-26 12:19:02.816 I/Gecko   (   84): 1398539942834	Marionette	INFO	sendToClient: {"from":"0","value":"<div><img src=\"blob:92089cd9-1878-414b-b5d6-5ef585e24b9b\" style=\"visibility: visible;\" role=\"presentation\" height=\"64\" width=\"64\"><span class=\"labelWrapper mask\"><span>Octopus Blast: ink rush</span></span></div><span data-is-icon=\"true\" class=\"options\"></span>"}, {af113d11-a335-49c1-84e7-1b850193c0c1}, {af113d11-a335-49c1-84e7-1b850193c0c1}
04-26 12:19:02.826 I/Gecko   (   84): 1398539942844	Marionette	INFO	sendToClient: {"from":"0","value":"<div><img src=\"blob:952421f8-3ee1-49a7-9311-34ea5b9478e1\" style=\"visibility: visible;\" role=\"presentation\" height=\"64\" width=\"64\"><span class=\"labelWrapper mask\"><span>Skyrock.mobi</span></span></div><span data-is-icon=\"true\" class=\"options\"></span>"}, {101ae0d8-648b-495d-968b-8fe2af2d7b9e}, {101ae0d8-648b-495d-968b-8fe2af2d7b9e}
04-26 12:19:02.846 I/Gecko   (   84): 1398539942865	Marionette	INFO	sendToClient: {"from":"0","value":"<div><img src=\"blob:e8fa212b-4173-45fd-af18-0ce993ee36cd\" style=\"visibility: visible;\" role=\"presentation\" height=\"64\" width=\"64\"><span class=\"labelWrapper\"><span>IQ FitFun</span></span></div><span data-is-icon=\"true\" class=\"options\"></span>"}, {aa56483d-02d6-44b8-a1bc-ed79fd43ee21}, {aa56483d-02d6-44b8-a1bc-ed79fd43ee21}
04-26 12:19:02.866 I/Gecko   (   84): 1398539942882	Marionette	INFO	sendToClient: {"from":"0","value":"<div><img src=\"blob:8c350198-33f2-4e59-aeca-60da9f441d1f\" style=\"visibility: visible;\" role=\"presentation\" height=\"64\" width=\"64\"><span class=\"labelWrapper mask\"><span>Ali Babá Juego de Objetos Ocultos</span></span></div><span data-is-icon=\"true\" class=\"options\"></span>"}, {e27c3a01-57cd-403c-b9f9-df4ae56f0d68}, {e27c3a01-57cd-403c-b9f9-df4ae56f0d68}
04-26 12:19:02.876 I/Gecko   (   84): 1398539942893	Marionette	INFO	sendToClient: {"from":"0","value":"<div><img src=\"blob:2b93ea0b-0d5c-4828-8a00-a30a66f48513\" style=\"visibility: visible;\" role=\"presentation\" height=\"64\" width=\"64\"><span class=\"labelWrapper\"><span>Tic Tac Toe</span></span></div><span data-is-icon=\"true\" class=\"options\"></span>"}, {6cbff3b1-e483-4800-8f22-c54f4253d06d}, {6cbff3b1-e483-4800-8f22-c54f4253d06d}
04-26 12:19:02.886 I/Gecko   (   84): 1398539942903	Marionette	INFO	sendToClient: {"from":"0","value":"<div><img src=\"blob:2c45e38e-ecea-4732-b5c5-0d1ea9f30d3f\" style=\"visibility: visible;\" role=\"presentation\" height=\"64\" width=\"64\"><span class=\"labelWrapper\"><span>Phone</span></span></div>"}, {5160bead-e1a2-44d8-95cd-0cc9dbc3304d}, {5160bead-e1a2-44d8-95cd-0cc9dbc3304d}
04-26 12:19:02.896 I/Gecko   (   84): 1398539942914	Marionette	INFO	sendToClient: {"from":"0","value":"<div><img src=\"blob:479f119c-8cf4-438c-b7a5-3ab1bdc11f5e\" style=\"visibility: visible;\" role=\"presentation\" height=\"64\" width=\"64\"><span class=\"labelWrapper\"><span>Messages</span></span></div>"}, {743f96ea-91ba-4467-8d92-a3d082da8750}, {743f96ea-91ba-4467-8d92-a3d082da8750}
04-26 12:19:02.906 I/Gecko   (   84): 1398539942925	Marionette	INFO	sendToClient: {"from":"0","value":"<div><img src=\"blob:a50358cd-6c16-4fd0-a95c-3d0d0f70aaa8\" style=\"visibility: visible;\" role=\"presentation\" height=\"64\" width=\"64\"><span class=\"labelWrapper\"><span>Contacts</span></span></div>"}, {0f8851c7-24e9-43d3-9020-7ac7786ffecb}, {0f8851c7-24e9-43d3-9020-7ac7786ffecb}
04-26 12:19:02.916 I/Gecko   (   84): 1398539942935	Marionette	INFO	sendToClient: {"from":"0","value":"<div><img src=\"blob:cb6d9c1f-dd57-452e-86ca-523cd312cc57\" style=\"visibility: visible;\" role=\"presentation\" height=\"64\" width=\"64\"><span class=\"labelWrapper\"><span>Browser</span></span></div>"}, {dd83cea8-ff9c-4cde-834c-5f07bc81e6d2}, {dd83cea8-ff9c-4cde-834c-5f07bc81e6d2}
04-26 12:19:02.956 I/Gecko   (   84): 1398539942976	Marionette	INFO	sendToClient: {"from":"0","value":"app://homescreen.gaiamobile.org/index.html#root"}, {d9554072-5e4f-475b-aa42-7ff3748bc0c5}, {d9554072-5e4f-475b-aa42-7ff3748bc0c5}
04-26 12:19:02.976 I/Gecko   (   84): 1398539942987	Marionette	DEBUG	Got request: switchToFrame, data: {"to":"0","sessionId":"3-b2g","name":"switchToFrame","parameters":{"id":null,"focus":true}}, id: {a420c24c-cd1c-4573-ab8c-7997409bb78a}
04-26 12:19:02.996 I/Gecko   (   84): 1398539943007	Marionette	INFO	Switched to frame: {"frameValue":null}
04-26 12:19:03.126 I/Gecko   (   84): 1398539943146	Marionette	INFO	sendToClient: {"from":"0","ok":true}, {a420c24c-cd1c-4573-ab8c-7997409bb78a}, {a420c24c-cd1c-4573-ab8c-7997409bb78a}
04-26 12:19:03.136 I/Gecko   (   84): 1398539943152	Marionette	DEBUG	Got request: switchToFrame, data: {"to":"0","sessionId":"3-b2g","name":"switchToFrame","parameters":{"id":null,"focus":true}}, id: {17c37688-9950-42e5-9cf2-62e9d5ba0e89}
04-26 12:19:03.136 I/Gecko   (   84): 1398539943154	Marionette	INFO	Switched to frame: {"frameValue":null}
04-26 12:19:03.246 I/Gecko   (   84): 1398539943258	Marionette	INFO	sendToClient: {"from":"0","ok":true}, {17c37688-9950-42e5-9cf2-62e9d5ba0e89}, {17c37688-9950-42e5-9cf2-62e9d5ba0e89}
04-26 12:19:03.246 I/Gecko   (   84): 1398539943264	Marionette	DEBUG	Got request: executeWithCallback, data: {"to":"0","sessionId":"3-b2g","name":"executeAsyncScript","parameters":{"specialPowers":false,"scriptTimeout":30000,"newSandbox":true,"args":[],"filename":"app_checker.py","script":"GaiaApps.launchWithManifestURL('https://marketplace.firefox.com/app/fc57f68c-4143-4ce0-a2db-8b7654e6f605/manifest.webapp')","line":106}}, id: {57901534-415b-492e-b1eb-9610cec02a5e}
04-26 12:19:03.486 E/GeckoConsole(   84): Content JS LOG at dummy file:334 in GaiaApps.launch: launching app with name 'Tic Tac Toe'
04-26 12:19:03.716 I/Gonk    (   84): Setting nice for pid 4006 to 18
04-26 12:19:03.716 I/Gonk    (   84): Changed nice for pid 4006 from 0 to 18.
04-26 12:19:03.716 I/Gecko   (   84): [Parent 84] WARNING: waitpid failed pid:4006 errno:10: file ../../../gecko/ipc/chromium/src/base/process_util_posix.cc, line 254
04-26 12:19:03.726 I/Gonk    (   84): Setting nice for pid 4006 to 1
04-26 12:19:03.726 I/Gonk    (   84): Changed nice for pid 4006 from 18 to 1.
04-26 12:19:04.106 I/InputReader(   84): Reconfiguring input devices.  changes=0x00000004
04-26 12:19:04.106 I/InputReader(   84): Device reconfigured: id=6, name='ms-msg21xx', size 320x480, orientation 1, mode 1, display id 0
04-26 12:19:04.366 E/[Gralloc-ERROR](   84): int gralloc_register_buffer(const gralloc_module_t*, const native_handle_t*):79 Unable to register handle 0x45d39330 coming from different process: 84
04-26 12:19:04.396 E/[Gralloc-ERROR](   84): int gralloc_register_buffer(const gralloc_module_t*, const native_handle_t*):79 Unable to register handle 0x45d393d0 coming from different process: 84
04-26 12:19:04.436 E/[Gralloc-ERROR](   84): int gralloc_register_buffer(const gralloc_module_t*, const native_handle_t*):79 Unable to register handle 0x45d394c0 coming from different process: 84
04-26 12:19:04.446 E/[Gralloc-ERROR](   84): int gralloc_register_buffer(const gralloc_module_t*, const native_handle_t*):79 Unable to register handle 0x45d397e0 coming from different process: 84
04-26 12:19:04.646 I/Gonk    (   84): Setting nice for pid 3905 to 18
04-26 12:19:04.646 I/Gonk    (   84): Changed nice for pid 3905 from 1 to 18.
04-26 12:19:04.776 I/log     ( 4023): <4>0[ 1570.648845] select 3905 (Homescreen), adj 8, size 6195, to kill 
04-26 12:19:05.466 E/[Gralloc-ERROR](   84): int gralloc_unregister_buffer(const gralloc_module_t*, const native_handle_t*):274 Trying to unregister buffer 0x479f3d80 from process 84 that was not created in current process: 84
04-26 12:19:05.466 E/[Gralloc-ERROR](   84): int gralloc_unregister_buffer(const gralloc_module_t*, const native_handle_t*):274 Trying to unregister buffer 0x479f3e20 from process 84 that was not created in current process: 84
04-26 12:19:05.706 W/WifiHW  (   84): wifi_command: SIGNAL_POLL
04-26 12:19:06.566 I/Gecko   (   84): 
04-26 12:19:06.566 I/Gecko   (   84): ###!!! [Parent][MessageChannel] Error: Channel error: cannot send/recv
04-26 12:19:06.566 I/Gecko   (   84): 
04-26 12:19:06.686 I/GeckoDump(   84): Crash reporter : Can't fetch app.reportCrashes. Exception: [Exception... "Component returned failure code: 0x8000ffff (NS_ERROR_UNEXPECTED) [nsIPrefBranch.getBoolPref]"  nsresult: "0x8000ffff (NS_ERROR_UNEXPECTED)"  location: "JS frame :: chrome://browser/content/shell.js :: shell_reportCrash :: line 7"  data: no]
04-26 12:19:06.716 I/Gecko   (   84): [Parent 84] WARNING: waitpid failed pid:3905 errno:10: file ../../../gecko/ipc/chromium/src/base/process_util_posix.cc, line 254
04-26 12:19:07.366 E/GeckoConsole( 4006): [JavaScript Warning: "Unknown property '-moz-border-radius'.  Declaration dropped." {file: "app://{228e805b-86a7-4ed4-b104-58395b1a19c1}/css/style.css" line: 93 column: 22 source: "    -moz-border-radius: 10px;"}]
04-26 12:19:07.366 E/GeckoConsole( 4006): [JavaScript Warning: "Unknown property '-moz-box-shadow'.  Declaration dropped." {file: "app://{228e805b-86a7-4ed4-b104-58395b1a19c1}/css/style.css" line: 96 column: 19 source: "    -moz-box-shadow: 10px 10px 5px #888;"}]
04-26 12:19:08.216 I/Gecko   ( 4006): Attempting load of libEGL.so
04-26 12:19:08.536 D/libEGL  ( 4006): loaded /system/lib/egl/libEGL_mali.so
04-26 12:19:08.596 D/libEGL  ( 4006): loaded /system/lib/egl/libGLESv1_CM_mali.so
04-26 12:19:08.596 D/libEGL  ( 4006): loaded /system/lib/egl/libGLESv2_mali.so
04-26 12:19:08.646 I/Gecko   ( 4006): SharedSurface_Gralloc::Create -------
04-26 12:19:08.656 I/Gecko   ( 4006): SharedSurface_Gralloc::Create: success -- surface 0x444feec0, GraphicBuffer 0x43687400.
04-26 12:19:08.716 I/Gecko   (   84): [Parent 84] WARNING: waitpid failed pid:3905 errno:10: file ../../../gecko/ipc/chromium/src/base/process_util_posix.cc, line 254
04-26 12:19:08.716 I/Gecko   (   84): [Parent 84] WARNING: Failed to deliver SIGKILL to 3905!(3).: file ../../../gecko/ipc/chromium/src/chrome/common/process_watcher_posix_sigchld.cc, line 118
04-26 12:19:10.256 E/GeckoConsole( 4006): [JavaScript Warning: "Unknown property 'box-sizing'.  Declaration dropped." {file: "app://{228e805b-86a7-4ed4-b104-58395b1a19c1}/index.html" line: 0 column: 10 source: "box-sizing:border-box;-moz-box-sizing:border-box;-webkit-box-sizing:border-box;padding:1px;border:1px;display:block;width:4px;margin-top:1%;position:absolute;top:1%;"}]
04-26 12:19:10.726 W/WifiHW  (   84): wifi_command: SIGNAL_POLL
04-26 12:19:11.266 E/GeckoConsole( 4006): [JavaScript Warning: "Invalid URI. Load of media resource  failed." {file: "app://{228e805b-86a7-4ed4-b104-58395b1a19c1}/index.html" line: 0}]
04-26 12:19:11.266 E/GeckoConsole( 4006): [JavaScript Warning: "Invalid URI. Load of media resource  failed." {file: "app://{228e805b-86a7-4ed4-b104-58395b1a19c1}/index.html" line: 0}]
04-26 12:19:12.036 E/GeckoConsole( 4006): Content JS LOG at app://{228e805b-86a7-4ed4-b104-58395b1a19c1}/src/audio.js:31 in loadAudio: AAAUUUUUUUDDDDDDDDDDDIIIIIIIIIIIOOOOOOOOOOO LOADED
04-26 12:19:13.276 I/Gecko   ( 4006): SharedSurface_Gralloc::Create -------
04-26 12:19:13.316 I/Gecko   ( 4006): SharedSurface_Gralloc::Create: success -- surface 0x44979e80, GraphicBuffer 0x45907400.
04-26 12:19:13.836 I/Gecko   ( 4006): SharedSurface_Gralloc::Create -------
04-26 12:19:13.836 I/Gecko   ( 4006): SharedSurface_Gralloc::Create: success -- surface 0x451f1b40, GraphicBuffer 0x45907300.
04-26 12:19:14.616 E/GeckoConsole( 4006): Content JS LOG at app://{228e805b-86a7-4ed4-b104-58395b1a19c1}/src/game.js:49 in Game</<.initialize/<: ***************************************
04-26 12:19:14.616 E/GeckoConsole( 4006): Content JS LOG at app://{228e805b-86a7-4ed4-b104-58395b1a19c1}/src/game.js:50 in Game</<.initialize/<:  all assets are loaded 
04-26 12:19:14.626 E/GeckoConsole( 4006): Content JS LOG at app://{228e805b-86a7-4ed4-b104-58395b1a19c1}/src/game.js:51 in Game</<.initialize/<: ***************************************
04-26 12:19:14.626 E/GeckoConsole( 4006): Content JS LOG at app://{228e805b-86a7-4ed4-b104-58395b1a19c1}/src/scenes.js:6 in anonymous: TTSplash SCREEN
04-26 12:19:15.726 W/WifiHW  (   84): wifi_command: SIGNAL_POLL
04-26 12:19:16.186 I/Gonk    (   84): Setting nice for pid 3931 to 18
04-26 12:19:16.186 I/Gonk    (   84): Changed nice for pid 3931 from 0 to 18.
04-26 12:19:16.196 I/Gecko   (   84): [Parent 84] WARNING: waitpid failed pid:3931 errno:10: file ../../../gecko/ipc/chromium/src/base/process_util_posix.cc, line 254
04-26 12:19:16.196 I/Gonk    (   84): Setting nice for pid 3931 to 1
04-26 12:19:16.196 I/Gonk    (   84): Changed nice for pid 3931 from 18 to 1.
04-26 12:19:16.236 I/Gonk    (   84): Setting nice for pid 3931 to 18
04-26 12:19:16.236 I/Gonk    (   84): Changed nice for pid 3931 from 1 to 18.
04-26 12:19:16.636 E/[Gralloc-ERROR](   84): int gralloc_unregister_buffer(const gralloc_module_t*, const native_handle_t*):274 Trying to unregister buffer 0x45d394c0 from process 84 that was not created in current process: 84
04-26 12:19:16.636 E/GeckoConsole(   84): Content JS LOG at dummy file:326 in GaiaApps.launch/appOpen/<: app with origin 'app://{228e805b-86a7-4ed4-b104-58395b1a19c1}' has launched
04-26 12:19:16.646 I/Gecko   (   84): 1398539956658	Marionette	INFO	sendToClient: {"from":"0","value":{"frame":{"ELEMENT":"{5396cab1-9299-4747-8acb-9696f49be4e6}"},"src":"app://{228e805b-86a7-4ed4-b104-58395b1a19c1}/index.html","name":"Tic Tac Toe","origin":"app://{228e805b-86a7-4ed4-b104-58395b1a19c1}"}}, {57901534-415b-492e-b1eb-9610cec02a5e}, {57901534-415b-492e-b1eb-9610cec02a5e}
04-26 12:19:16.666 E/[Gralloc-ERROR](   84): int gralloc_unregister_buffer(const gralloc_module_t*, const native_handle_t*):274 Trying to unregister buffer 0x45d397e0 from process 84 that was not created in current process: 84
04-26 12:19:16.746 I/Gecko   (   84): 1398539956761	Marionette	DEBUG	Got request: switchToFrame, data: {"to":"0","sessionId":"3-b2g","name":"switchToFrame","parameters":{"focus":true,"element":"{5396cab1-9299-4747-8acb-9696f49be4e6}"}}, id: {eee77839-5a08-4fb0-9887-7e4c4615a3ce}
04-26 12:19:16.796 I/Gecko   (   84): 1398539956810	Marionette	INFO	Switched to frame: {"frameValue":"{5396cab1-9299-4747-8acb-9696f49be4e6}"}
04-26 12:19:16.816 I/Gecko   (   84): 1398539956830	Marionette	INFO	trying remote frame 0
04-26 12:19:16.866 I/Gecko   (   84): 1398539956880	Marionette	INFO	trying remote frame 1
04-26 12:19:16.866 I/Gecko   (   84): 1398539956885	Marionette	INFO	trying remote frame 2
04-26 12:19:16.896 I/Gecko   (   84): 1398539956914	Marionette	INFO	trying remote frame 3
04-26 12:19:16.916 I/Gecko   (   84): 1398539956927	Marionette	INFO	trying remote frame 4
04-26 12:19:16.916 I/Gecko   (   84): 1398539956934	Marionette	INFO	trying remote frame 5
04-26 12:19:16.916 I/Gecko   (   84): 1398539956935	Marionette	INFO	trying remote frame 6
04-26 12:19:16.956 I/Gecko   (   84): 1398539956968	Marionette	INFO	deleting frame
04-26 12:19:16.956 I/Gecko   (   84): 1398539956974	Marionette	INFO	frame-manager load script: [object ChromeMessageSender]
04-26 12:19:17.266 I/Gecko   ( 4006): SharedSurface_Gralloc::Create -------
04-26 12:19:17.356 I/Gecko   ( 4006): SharedSurface_Gralloc::Create: success -- surface 0x430ac040, GraphicBuffer 0x435d6a00.
04-26 12:19:17.496 E/GeckoConsole( 4006): Content JS LOG at app://{228e805b-86a7-4ed4-b104-58395b1a19c1}/src/scenes.js:19 in anonymous: GAME SPLASH SCREEN
04-26 12:19:17.516 I/Gecko   (   84): [Parent 84] WARNING: pipe error (100): Connection reset by peer: file ../../../gecko/ipc/chromium/src/chrome/common/ipc_channel_posix.cc, line 446
04-26 12:19:17.526 I/Gecko   (   84): 
04-26 12:19:17.526 I/Gecko   (   84): ###!!! [Parent][MessageChannel] Error: Channel error: cannot send/recv
04-26 12:19:17.526 I/Gecko   (   84): 
04-26 12:19:17.796 I/GeckoDump(   84): Crash reporter : Can't fetch app.reportCrashes. Exception: [Exception... "Component returned failure code: 0x8000ffff (NS_ERROR_UNEXPECTED) [nsIPrefBranch.getBoolPref]"  nsresult: "0x8000ffff (NS_ERROR_UNEXPECTED)"  location: "JS frame :: chrome://browser/content/shell.js :: shell_reportCrash :: line 7"  data: no]
04-26 12:19:17.826 I/Gecko   (   84): [Parent 84] WARNING: waitpid failed pid:3931 errno:10: file ../../../gecko/ipc/chromium/src/base/process_util_posix.cc, line 254
04-26 12:19:18.276 I/Gecko   (   84): 1398539958294	Marionette	INFO	sendToClient: {"from":"0","ok":true}, {eee77839-5a08-4fb0-9887-7e4c4615a3ce}, {eee77839-5a08-4fb0-9887-7e4c4615a3ce}
04-26 12:19:18.366 I/Gecko   (   84): 1398539958379	Marionette	INFO	sendToClient: {"from":"0","value":"app://{228e805b-86a7-4ed4-b104-58395b1a19c1}/index.html"}, {1d128fc7-9b1c-4090-bcef-a05da36d5587}, {1d128fc7-9b1c-4090-bcef-a05da36d5587}
04-26 12:19:18.366 I/Gecko   (   84): 1398539958386	Marionette	DEBUG	Got request: execute, data: {"to":"0","sessionId":"3-b2g","name":"executeScript","parameters":{"specialPowers":false,"scriptTimeout":null,"newSandbox":true,"args":[],"filename":"app_checker.py","script":"return window.document.readyState;","line":191}}, id: {5d3b5b28-2662-4bc4-9de4-1a057b4ee452}
04-26 12:19:18.466 I/Gecko   (   84): 1398539958478	Marionette	INFO	sendToClient: {"from":"0","value":"complete"}, {5d3b5b28-2662-4bc4-9de4-1a057b4ee452}, {5d3b5b28-2662-4bc4-9de4-1a057b4ee452}
04-26 12:19:18.476 I/Gecko   (   84): 1398539958486	Marionette	INFO	sendToClient: {"from":"0","value":"app://{228e805b-86a7-4ed4-b104-58395b1a19c1}/index.html"}, {59a20337-11ea-45b4-8544-99dafed7d758}, {59a20337-11ea-45b4-8544-99dafed7d758}
04-26 12:19:18.506 I/Gecko   ( 4006): SharedSurface_Gralloc::Create -------
04-26 12:19:18.536 I/Gecko   ( 4006): SharedSurface_Gralloc::Create: success -- surface 0x444fff00, GraphicBuffer 0x4403ad00.
04-26 12:19:19.826 I/Gecko   (   84): [Parent 84] WARNING: waitpid failed pid:3931 errno:10: file ../../../gecko/ipc/chromium/src/base/process_util_posix.cc, line 254
04-26 12:19:19.826 I/Gecko   (   84): [Parent 84] WARNING: Failed to deliver SIGKILL to 3931!(3).: file ../../../gecko/ipc/chromium/src/chrome/common/process_watcher_posix_sigchld.cc, line 118
04-26 12:19:20.066 I/Gecko   (   84): 1398539960060	Marionette	INFO	sendToClient: {"from":"0","value":"iVBORw0KGgoAAAANSUhEUgAAAeAAAAFACAYAAABkyK97AAAgAElEQVR4nOy9T2jk2p7n6YE34Ia7iIZcRIEXjsILq/GA1XhhNblJFbmwCi+swQPW4IJsdQ641LnIVieMR+WNS50LtyqhXapc5FMl9KXDMEmFF0FHLIIKL8pUGMZUeHGZyEXS4cWFCZiECRjDxCIX31mc8zv66YTCmfnuu+++rIpMflihkI6OFBH6nO/vz9FCq9lDbcWb29zm9o1Z8CzFZDKZ29zm9o0ZPgEAsDAH8Nzm9m3aHMBzm9u3aXMAz21u37jNATy3uX2bNgfw3Ob2jdscwHOb27dpcwDPbW7fuM0BPLe5fZs2B/Dc5vaN2xzAc5vbt2lzAM9tbt+4zQE8t7l9mzYH8Nzm9o3bHMBzm9u3aXMAz21u37jNATy3uX2bNgfw3Ob2jdscwHOb27dpcwDPbW7fuM0BPLe5fZs2B/Dc5vaN2xzAc5vbt2lzAM9tbt+4zQE8t7l9m/ZFADZ+D24yc5vb3MqNAAxA/LDv5A/8bozJBL/4TWZuP/NNnD7zO/b50+s79vnfzTLM7afYhNtE/u7IPvPZfRGAV/1f/CYzt9+NGavly3P7/bU5gP+J290EKPucCbCf2X88t59kk8lY/NbuJphMNCB/5vp/oQt6DuBvzbjXgg+gaJngaqz4qC3zbT3UVtzCNsVlf/59+D2zOYD/iZtUueOxBIH67OVN/m4sbSJsIu1ubr8Ny+E7EZeWexXG9392MwFsrPmo0U169QvU0Kq4uYsbPN2gizdraqe0rdX77Uv6YEyZmxtrw1iTturBWHVhrLkw1z1YGx6cxz7c7QDeXojgaYzwWYz4KEXyKkP2uoH6WR2Ndxka7+qon2Won2XI3qZITxMkJzHiowjBgQ//iQd3x4H92Ia1acJYM1BbrqK6VEXlQQWL3y0WrPLdIiqVCo
04-26 12:19:20.706 I/Gecko   (   84): 1398539960722	Marionette	INFO	sendToClient: {"from":"0","ok":true}, {312ca570-62a3-4922-9d1b-cfc97d8210dd}, {312ca570-62a3-4922-9d1b-cfc97d8210dd}
04-26 12:19:23.206 E/Profiler(   84): BPUnw: [1 total] thread_unregister_for_profiling(me=0x14a7a70)  (NOT REGISTERED) 
04-26 12:19:24.596 E/Profiler(   84): BPUnw: [1 total] thread_unregister_for_profiling(me=0x14a04f8)  (NOT REGISTERED) 
04-26 12:19:24.606 E/Profiler(   84): BPUnw: [1 total] thread_unregister_for_profiling(me=0x14a7a30)  (NOT REGISTERED) 
04-26 12:19:25.476 I/GonkMemoryPressure( 4006): Checking to see if memory pressure is over.
04-26 12:19:25.486 I/GonkMemoryPressure( 4006): Memory pressure is over.
04-26 12:19:25.486 I/GonkMemoryPressure(   84): Checking to see if memory pressure is over.
04-26 12:19:25.486 I/GonkMemoryPressure(   84): Memory pressure is over.
04-26 12:19:26.046 W/AudioFlinger(   89): Thread AudioOut_1 cannot connect to the power manager service
04-26 12:19:26.056 V/AudioPolicyManagerBase(   89): getDeviceForStrategy() from cache strategy 0, device 2
04-26 12:19:26.056 V/AudioPolicyManagerBase(   89): getOutput() stream 1, samplingRate 0, format 0, channels 3, flags 0
04-26 12:19:26.126 V/AudioPolicyManagerBase(   89): startOutput() output 1, stream 1, session 11
04-26 12:19:26.126 V/AudioPolicyManagerBase(   89): changeRefCount() stream 1, count 1
04-26 12:19:26.126 V/AudioPolicyManagerBase(   89): getDeviceForStrategy() from cache strategy 0, device 2
04-26 12:19:26.126 V/AudioPolicyManagerBase(   89): getNewDevice() selected device 2
04-26 12:19:26.126 D/AudioPolicyManagerBase(   89): setOutputDevice() output 1 device 2 delayMs 0
04-26 12:19:26.126 V/AudioPolicyManagerBase(   89): setOutputDevice() setting same device 2 or null device for output 1
04-26 12:19:26.126 E/AudioPolicyManagerBase(   89): checkAndSetVolume stream=1, index=0, output=1, device=2
04-26 12:19:26.126 E/AudioPolicyManagerBase(   89): computeVolume, streamDesc=0x927bb8
04-26 12:19:26.216 V/AudioPolicyManagerBase(   89): stopOutput() output 1, stream 1, session 11
04-26 12:19:26.216 V/AudioPolicyManagerBase(   89): changeRefCount() stream 1, count 0
04-26 12:19:26.216 V/AudioPolicyManagerBase(   89): getNewDevice() selected device 0
04-26 12:19:26.216 D/AudioPolicyManagerBase(   89): setOutputDevice() output 1 device 0 delayMs 290
04-26 12:19:26.216 V/AudioPolicyManagerBase(   89): setOutputDevice() setting same device 0 or null device for output 1
