04-25 02:41:26.701 E/[Gralloc-ERROR](   84): int gralloc_unregister_buffer(const gralloc_module_t*, const native_handle_t*):274 Trying to unregister buffer 0x441a0f10 from process 84 that was not created in current process: 84
04-25 02:41:26.711 E/[Gralloc-ERROR](   84): int gralloc_unregister_buffer(const gralloc_module_t*, const native_handle_t*):274 Trying to unregister buffer 0x441ca0b0 from process 84 that was not created in current process: 84
04-25 02:41:26.711 I/Gecko   (   84): [Parent 84] WARNING: waitpid failed pid:1360 errno:10: file ../../../gecko/ipc/chromium/src/base/process_util_posix.cc, line 254
04-25 02:41:26.811 I/Gecko   (   84): 1398418886823	Marionette	DEBUG	Got request: switchToFrame, data: {"to":"0","sessionId":"3-b2g","name":"switchToFrame","parameters":{"focus":true,"element":"{13692e6a-98d7-4f75-9085-9e3178c40919}"}}, id: {b2530358-4244-4989-8809-2f7505cc8ced}
04-25 02:41:26.861 I/Gecko   (   84): 1398418886877	Marionette	INFO	Switched to frame: {"frameValue":"{13692e6a-98d7-4f75-9085-9e3178c40919}"}
04-25 02:41:26.901 I/Gecko   (   84): 1398418886919	Marionette	INFO	trying remote frame 0
04-25 02:41:26.971 I/Gecko   (   84): 1398418886990	Marionette	INFO	trying remote frame 1
04-25 02:41:26.991 I/Gecko   (   84): 1398418887011	Marionette	INFO	deleting frame
04-25 02:41:27.001 I/Gecko   (   84): 1398418887017	Marionette	INFO	frame-manager load script: [object ChromeMessageSender]
04-25 02:41:27.351 I/Gecko   ( 1303): SharedSurface_Gralloc::Create -------
04-25 02:41:27.381 I/Gecko   ( 1303): SharedSurface_Gralloc::Create: success -- surface 0x452b4640, GraphicBuffer 0x435eeb00.
04-25 02:41:27.421 I/Gecko   ( 1303): [SharedSurface_Gralloc 0x4417f200] destroyed
04-25 02:41:27.421 I/Gecko   ( 1303): [SharedSurface_Gralloc 0x4417fc80] destroyed
04-25 02:41:27.431 I/Gecko   ( 1303): [SharedSurface_Gralloc 0x44a69440] destroyed
04-25 02:41:27.481 I/Gecko   ( 1303): SharedSurface_Gralloc::Create -------
04-25 02:41:27.481 I/Gecko   ( 1303): SharedSurface_Gralloc::Create: success -- surface 0x4417f2c0, GraphicBuffer 0x435ee180.
04-25 02:41:28.521 I/Gecko   (   84): 1398418888539	Marionette	INFO	sendToClient: {"from":"0","ok":true}, {b2530358-4244-4989-8809-2f7505cc8ced}, {b2530358-4244-4989-8809-2f7505cc8ced}
04-25 02:41:28.711 I/Gecko   (   84): [Parent 84] WARNING: waitpid failed pid:1360 errno:10: file ../../../gecko/ipc/chromium/src/base/process_util_posix.cc, line 254
04-25 02:41:28.711 I/Gecko   (   84): [Parent 84] WARNING: Failed to deliver SIGKILL to 1360!(3).: file ../../../gecko/ipc/chromium/src/chrome/common/process_watcher_posix_sigchld.cc, line 118
04-25 02:41:28.721 I/Gecko   (   84): 1398418888733	Marionette	INFO	sendToClient: {"from":"0","value":"app://{fe2071f5-7130-48b4-8f35-ed2eb8f7016c}/index.html"}, {eb173289-3ba6-4bd3-8532-e779b944e113}, {eb173289-3ba6-4bd3-8532-e779b944e113}
04-25 02:41:28.731 I/Gecko   (   84): 1398418888747	Marionette	DEBUG	Got request: execute, data: {"to":"0","sessionId":"3-b2g","name":"executeScript","parameters":{"specialPowers":false,"scriptTimeout":null,"newSandbox":true,"args":[],"filename":"app_checker.py","script":"return window.document.readyState;","line":191}}, id: {a31178aa-4c92-47ef-ab66-6d066fecdeff}
04-25 02:41:28.871 I/Gecko   (   84): 1398418888887	Marionette	INFO	sendToClient: {"from":"0","value":"complete"}, {a31178aa-4c92-47ef-ab66-6d066fecdeff}, {a31178aa-4c92-47ef-ab66-6d066fecdeff}
04-25 02:41:28.911 I/Gecko   (   84): 1398418888923	Marionette	INFO	sendToClient: {"from":"0","value":"app://{fe2071f5-7130-48b4-8f35-ed2eb8f7016c}/index.html"}, {5273dd63-c86b-46c2-9832-98dfde7cfc1a}, {5273dd63-c86b-46c2-9832-98dfde7cfc1a}
04-25 02:41:28.941 W/WifiHW  (   84): wifi_command: SIGNAL_POLL
04-25 02:41:29.111 I/Gecko   ( 1303): SharedSurface_Gralloc::Create -------
04-25 02:41:29.151 I/Gecko   ( 1303): SharedSurface_Gralloc::Create: success -- surface 0x44a86300, GraphicBuffer 0x44a72e00.
04-25 02:41:29.381 E/Profiler(   84): BPUnw: [1 total] thread_unregister_for_profiling(me=0x1c99278)  (NOT REGISTERED) 
04-25 02:41:29.681 E/Profiler(   84): BPUnw: [1 total] thread_unregister_for_profiling(me=0x1c81008)  (NOT REGISTERED) 
04-25 02:41:29.881 E/Profiler(   84): BPUnw: [1 total] thread_unregister_for_profiling(me=0x1c80dc8)  (NOT REGISTERED) 
04-25 02:41:30.181 E/Profiler(   84): BPUnw: [1 total] thread_unregister_for_profiling(me=0x1c80e08)  (NOT REGISTERED) 
04-25 02:41:30.191 E/Profiler(   84): BPUnw: [1 total] thread_unregister_for_profiling(me=0x1c992f8)  (NOT REGISTERED) 
04-25 02:41:33.541 I/Gecko   (   84): 1398418893436	Marionette	INFO	sendToClient: {"from":"0","value":"iVBORw0KGgoAAAANSUhEUgAAAUAAAAHgCAYAAADUjLREAAAgAElEQVR4nOy9539TV7q/nT9ikpnf5DwzJyeTMpNMepn0HpIw6QUSkhBaQgm9GGOMwQX33m3ce++9F7k3SZbkKrliU4wL4G5dzwsBodjGRbYM7BfXx2BLW0tba311r3W3+9409ce7QErXJeiehuZBCG+BoxVgMA1GVbA/ooC1LjHIzgxPew2Bu4d0WTefWAXzkVMqBuXTzwkBgTuF+6Jq23jT2Ie1LjHIz84sYOI+8JJPfxF3GewJzuS/NiF0Dk3pfJEKLC2BpQ08f8SNLzxzdD6BBQQWw33KQTXNfWN8aR/Bo/vsyW7omXXyF/WAnfjWC2V0gnN2Ldv8U6nqHNT5IhVYOrouQVRVK/865MS3Pvk6n8QCAgvlPtXQHxN7R0A6D263JK5WddtFkNMFtjcJYdMABJU2sNYlhpCyphm31QJ3B2ZJpTy235714bUYlKt1PpkFBObLDQLYfQlOxIt4cLslieL2OS2C/NPgeWVr7CjVWAciZR+/+aagF5GH5PQlnS9UgaVjq18qTxx0Ymdmr84ns4DAfLlFALsvgVeBlMf22SNSnp/zQqg9D9FKjdPk6u9OJpWy3S+NqOpWnS9UgaVB2T/BpzahvHTcF/3SSZ1PaAGB+TCtAHZfgr0h2Tyr70bbwOS8FsTN215pzyU88yUciy0kqqqVpvOjOl+0AtqloqOfN419+DlCLGyFBe4oZhTA7kuw2iqE33xTtLJIipTnCC1vwk8kxz1XTEJdOyJlH4qzI3RdVOt8EQssDvOkUp438kW/dELnk1pAYK7MKoDys8M8cciJJEmH1hZK+9AUuU1nyJB3kyHvpqKjn6bzY7QNTgohNHcwVZ0D/OeYFz+GVApWoMAdw6wC2H0JAksa2OSdtKSLp+uiWvAY3wXsCEjnDRN/jggCKH
04-25 02:41:33.811 I/Gonk    (   84): Setting nice for pid 1414 to 18
04-25 02:41:33.811 I/Gonk    (   84): Changed nice for pid 1414 from 0 to 18.
04-25 02:41:33.981 W/WifiHW  (   84): wifi_command: SIGNAL_POLL
04-25 02:41:34.661 I/GonkMemoryPressure(   84): Checking to see if memory pressure is over.
04-25 02:41:34.661 I/GonkMemoryPressure(   84): Memory pressure is over.
04-25 02:41:34.691 I/Gecko   (   84): 1398418894711	Marionette	INFO	sendToClient: {"from":"0","ok":true}, {1069ebc7-12ab-4fa7-b37a-b879d956228e}, {1069ebc7-12ab-4fa7-b37a-b879d956228e}
04-25 02:41:34.721 I/GonkMemoryPressure( 1303): Checking to see if memory pressure is over.
04-25 02:41:34.721 I/GonkMemoryPressure( 1303): Memory pressure is over.
04-25 02:41:34.781 I/Gecko   (   84): 1398418894799	Marionette	DEBUG	Got request: switchToFrame, data: {"to":"0","sessionId":"3-b2g","name":"switchToFrame","parameters":{"id":null,"focus":true}}, id: {b8f837bd-08cb-4c67-8bbe-534e918dd03f}
04-25 02:41:34.831 I/Gecko   (   84): 1398418894845	Marionette	INFO	Switched to frame: {"frameValue":null}
04-25 02:41:35.031 I/Gecko   (   84): 1398418895046	Marionette	INFO	sendToClient: {"from":"0","ok":true}, {b8f837bd-08cb-4c67-8bbe-534e918dd03f}, {b8f837bd-08cb-4c67-8bbe-534e918dd03f}
04-25 02:41:35.051 I/Gecko   (   84): 1398418895067	Marionette	DEBUG	Got request: executeWithCallback, data: {"to":"0","sessionId":"3-b2g","name":"executeAsyncScript","parameters":{"specialPowers":false,"scriptTimeout":null,"newSandbox":true,"args":[],"filename":"gaia_test.py","script":"return GaiaApps.displayedApp();","line":66}}, id: {df54e642-e808-4487-88e4-c69a33907fc2}
04-25 02:41:35.741 E/GeckoConsole(   84): Content JS LOG at dummy file:392 in GaiaApps.displayedApp: app with origin 'app://{fe2071f5-7130-48b4-8f35-ed2eb8f7016c}' is displayed
04-25 02:41:35.751 I/Gecko   (   84): 1398418895763	Marionette	INFO	sendToClient: {"from":"0","value":{"frame":{"ELEMENT":"{13692e6a-98d7-4f75-9085-9e3178c40919}"},"src":"app://{fe2071f5-7130-48b4-8f35-ed2eb8f7016c}/index.html","name":"Tiki Text","origin":"app://{fe2071f5-7130-48b4-8f35-ed2eb8f7016c}"}}, {df54e642-e808-4487-88e4-c69a33907fc2}, {df54e642-e808-4487-88e4-c69a33907fc2}
04-25 02:41:35.761 I/Gecko   (   84): 1398418895777	Marionette	DEBUG	Got request: switchToFrame, data: {"to":"0","sessionId":"3-b2g","name":"switchToFrame","parameters":{"id":null,"focus":true}}, id: {8a263e10-16fc-4236-8d8e-4afa61331c37}
04-25 02:41:35.761 I/Gecko   (   84): 1398418895779	Marionette	INFO	Switched to frame: {"frameValue":null}
04-25 02:41:35.871 I/Gecko   (   84): 1398418895883	Marionette	INFO	sendToClient: {"from":"0","ok":true}, {8a263e10-16fc-4236-8d8e-4afa61331c37}, {8a263e10-16fc-4236-8d8e-4afa61331c37}
04-25 02:41:35.871 I/Gecko   (   84): 1398418895889	Marionette	DEBUG	Got request: execute, data: {"to":"0","sessionId":"3-b2g","name":"executeScript","parameters":{"specialPowers":false,"scriptTimeout":null,"newSandbox":true,"args":[],"filename":"gaia_test.py","script":"window.wrappedJSObject.dispatchEvent(new Event('home'));","line":788}}, id: {4cb1cdac-f153-497e-bc81-b3e3f7117d33}
04-25 02:41:37.451 I/Gonk    (   84): Setting nice for pid 1414 to 18
04-25 02:41:37.461 I/Gonk    (   84): Changed nice for pid 1414 from 18 to 18.
04-25 02:41:37.471 I/Gecko   (   84): [Parent 84] WARNING: waitpid failed pid:1414 errno:10: file ../../../gecko/ipc/chromium/src/base/process_util_posix.cc, line 254
04-25 02:41:37.491 I/Gonk    (   84): Setting nice for pid 1414 to 1
04-25 02:41:37.491 I/Gonk    (   84): Changed nice for pid 1414 from 18 to 1.
04-25 02:41:37.801 D/Sensors (   84): activate handle=0; drv=0
04-25 02:41:37.801 D/Sensors (   84): Lis3dhSensor: Control set 0
04-25 02:41:37.801 D/Sensors (   84): Lis3dhSensor: mEnabled = 0
04-25 02:41:38.411 I/GonkMemoryPressure( 1414): Checking to see if memory pressure is over.
04-25 02:41:38.411 I/GonkMemoryPressure( 1414): Memory pressure is over.
04-25 02:41:41.161 I/GonkMemoryPressure( 1303): Checking to see if memory pressure is over.
04-25 02:41:41.161 I/GonkMemoryPressure( 1303): Memory pressure is over.
04-25 02:41:41.161 I/GonkMemoryPressure(   84): Checking to see if memory pressure is over.
04-25 02:41:41.161 I/GonkMemoryPressure(   84): Memory pressure is over.
04-25 02:41:41.431 I/Gecko   ( 1303): [SharedSurface_Gralloc 0x44a86300] destroyed
04-25 02:41:43.021 I/Gecko   (   84): 1398418903036	Marionette	INFO	sendToClient: {"from":"0","value":null}, {4cb1cdac-f153-497e-bc81-b3e3f7117d33}, {4cb1cdac-f153-497e-bc81-b3e3f7117d33}
04-25 02:41:43.121 W/WifiHW  (   84): wifi_command: SIGNAL_POLL
04-25 02:41:43.301 I/Gonk    (   84): Setting nice for pid 1303 to 18
04-25 02:41:43.301 I/Gonk    (   84): Changed nice for pid 1303 from 1 to 18.
04-25 02:41:43.541 I/log     ( 1430): <4>0[ 426.562908] select 1303 (Tiki Text), adj 10, size 8895, to kill 
04-25 02:41:43.561 I/Gonk    (   84): Setting nice for pid 1424 to 18
04-25 02:41:43.561 I/Gonk    (   84): Changed nice for pid 1424 from 0 to 18.
04-25 02:41:43.781 I/Gecko   (   84): 1398418903800	Marionette	DEBUG	Got request: switchToFrame, data: {"to":"0","sessionId":"3-b2g","name":"switchToFrame","parameters":{"id":null,"focus":true}}, id: {72d1bcdd-0f53-4070-a996-1a67b900a4bc}
04-25 02:41:43.801 I/Gecko   (   84): 1398418903821	Marionette	INFO	Switched to frame: {"frameValue":null}
04-25 02:41:43.911 I/Gecko   (   84): 1398418903925	Marionette	INFO	sendToClient: {"from":"0","ok":true}, {72d1bcdd-0f53-4070-a996-1a67b900a4bc}, {72d1bcdd-0f53-4070-a996-1a67b900a4bc}
04-25 02:41:43.911 I/Gecko   (   84): 1398418903931	Marionette	DEBUG	Got request: executeWithCallback, data: {"to":"0","sessionId":"3-b2g","name":"executeAsyncScript","parameters":{"specialPowers":false,"scriptTimeout":null,"newSandbox":true,"args":[],"filename":"gaia_test.py","script":"return GaiaApps.displayedApp();","line":66}}, id: {58b19ada-13c7-4ab9-8f48-d51c2a11c7c1}
04-25 02:41:44.131 I/Gecko   (   84): 1398418904137	Marionette	INFO	sendToClient: {"from":"0","value":{"frame":{"ELEMENT":"{c1c2076d-5aae-4c18-93a1-4fe3f7894752}"},"src":"app://homescreen.gaiamobile.org/index.html#root","name":"Homescreen","origin":"app://homescreen.gaiamobile.org"}}, {58b19ada-13c7-4ab9-8f48-d51c2a11c7c1}, {58b19ada-13c7-4ab9-8f48-d51c2a11c7c1}
04-25 02:41:44.131 E/GeckoConsole(   84): Content JS LOG at dummy file:392 in GaiaApps.displayedApp: app with origin 'app://homescreen.gaiamobile.org' is displayed
04-25 02:41:44.141 I/Gecko   (   84): 1398418904160	Marionette	DEBUG	Got request: switchToFrame, data: {"to":"0","sessionId":"3-b2g","name":"switchToFrame","parameters":{"id":null,"focus":true}}, id: {b010be12-28bd-47b2-91f0-c25941047394}
04-25 02:41:44.151 I/Gecko   (   84): 1398418904162	Marionette	INFO	Switched to frame: {"frameValue":null}
04-25 02:41:44.251 I/Gecko   (   84): 1398418904265	Marionette	INFO	sendToClient: {"from":"0","ok":true}, {b010be12-28bd-47b2-91f0-c25941047394}, {b010be12-28bd-47b2-91f0-c25941047394}
04-25 02:41:44.271 I/Gecko   (   84): 1398418904288	Marionette	DEBUG	Got request: switchToFrame, data: {"to":"0","sessionId":"3-b2g","name":"switchToFrame","parameters":{"id":null,"focus":true}}, id: {57448439-493e-4550-8239-d0795007579c}
04-25 02:41:44.271 I/Gecko   (   84): 1398418904290	Marionette	INFO	Switched to frame: {"frameValue":null}
04-25 02:41:44.381 I/Gecko   (   84): 1398418904393	Marionette	INFO	sendToClient: {"from":"0","ok":true}, {57448439-493e-4550-8239-d0795007579c}, {57448439-493e-4550-8239-d0795007579c}
04-25 02:41:44.391 I/Gecko   (   84): 1398418904410	Marionette	DEBUG	Got request: executeWithCallback, data: {"to":"0","sessionId":"3-b2g","name":"executeAsyncScript","parameters":{"specialPowers":false,"scriptTimeout":null,"newSandbox":true,"args":[],"filename":"gaia_test.py","script":"return GaiaApps.displayedApp();","line":66}}, id: {87729ecc-d9bb-43a2-9952-20e961faa8fe}
04-25 02:41:44.461 I/Gecko   (   84): 1398418904474	Marionette	INFO	sendToClient: {"from":"0","value":{"frame":{"ELEMENT":"{c1c2076d-5aae-4c18-93a1-4fe3f7894752}"},"src":"app://homescreen.gaiamobile.org/index.html#root","name":"Homescreen","origin":"app://homescreen.gaiamobile.org"}}, {87729ecc-d9bb-43a2-9952-20e961faa8fe}, {87729ecc-d9bb-43a2-9952-20e961faa8fe}
04-25 02:41:44.461 E/GeckoConsole(   84): Content JS LOG at dummy file:392 in GaiaApps.displayedApp: app with origin 'app://homescreen.gaiamobile.org' is displayed
04-25 02:41:44.471 I/Gecko   (   84): 1398418904481	Marionette	DEBUG	Got request: switchToFrame, data: {"to":"0","sessionId":"3-b2g","name":"switchToFrame","parameters":{"focus":true,"element":"{c1c2076d-5aae-4c18-93a1-4fe3f7894752}"}}, id: {e7466bcc-4062-4ec4-9226-7d8649c8673b}
04-25 02:41:44.491 I/Gecko   (   84): 1398418904507	Marionette	INFO	Switched to frame: {"frameValue":"{c1c2076d-5aae-4c18-93a1-4fe3f7894752}"}
04-25 02:41:44.501 I/Gecko   (   84): 1398418904514	Marionette	INFO	trying remote frame 0
04-25 02:41:44.501 I/Gecko   (   84): 1398418904521	Marionette	INFO	trying remote frame 1
04-25 02:41:44.511 I/Gecko   (   84): 1398418904527	Marionette	INFO	frame-manager load script: [object ChromeMessageSender]
04-25 02:41:44.951 I/Gecko   ( 1414): ###################################### forms.js loaded
04-25 02:41:44.971 I/Gecko   ( 1414): ############################### browserElementPanning.js loaded
04-25 02:41:44.991 I/Gecko   ( 1414): ######################## BrowserElementChildPreload.js loaded
04-25 02:41:45.111 I/Gecko   (   84): [Parent 84] WARNING: pipe error (161): Connection reset by peer: file ../../../gecko/ipc/chromium/src/chrome/common/ipc_channel_posix.cc, line 446
04-25 02:41:45.111 I/Gecko   (   84): 
04-25 02:41:45.111 I/Gecko   (   84): ###!!! [Parent][MessageChannel] Error: Channel error: cannot send/recv
04-25 02:41:45.111 I/Gecko   (   84): 
04-25 02:41:45.241 I/Gecko   (   84): [Parent 84] WARNING: waitpid failed pid:1303 errno:10: file ../../../gecko/ipc/chromium/src/base/process_util_posix.cc, line 254
04-25 02:41:45.571 I/GonkMemoryPressure( 1414): Checking to see if memory pressure is over.
04-25 02:41:45.571 I/GonkMemoryPressure( 1414): Memory pressure is over.
04-25 02:41:46.001 I/Gecko   (   84): 1398418906018	Marionette	INFO	sendToClient: {"from":"0","ok":true}, {e7466bcc-4062-4ec4-9226-7d8649c8673b}, {e7466bcc-4062-4ec4-9226-7d8649c8673b}
04-25 02:41:46.271 I/Gecko   (   84): 1398418906285	Marionette	INFO	sendToClient: {"from":"0","value":"app://homescreen.gaiamobile.org/index.html#root"}, {15408705-6108-4771-8b69-5f7b5d860d2c}, {15408705-6108-4771-8b69-5f7b5d860d2c}
04-25 02:41:46.271 I/Gecko   (   84): 1398418906290	Marionette	DEBUG	Got request: switchToFrame, data: {"to":"0","sessionId":"3-b2g","name":"switchToFrame","parameters":{"id":null,"focus":true}}, id: {85d0f7a2-f83a-4086-8256-69bdabfe639b}
04-25 02:41:46.301 I/Gecko   (   84): 1398418906313	Marionette	INFO	Switched to frame: {"frameValue":null}
04-25 02:41:46.401 I/Gecko   (   84): 1398418906418	Marionette	INFO	sendToClient: {"from":"0","ok":true}, {85d0f7a2-f83a-4086-8256-69bdabfe639b}, {85d0f7a2-f83a-4086-8256-69bdabfe639b}
04-25 02:41:46.411 I/Gecko   (   84): 1398418906424	Marionette	DEBUG	Got request: switchToFrame, data: {"to":"0","sessionId":"3-b2g","name":"switchToFrame","parameters":{"id":null,"focus":true}}, id: {707ae389-8d1d-4e95-bb00-4869afcb665c}
04-25 02:41:46.411 I/Gecko   (   84): 1398418906426	Marionette	INFO	Switched to frame: {"frameValue":null}
04-25 02:41:46.511 I/Gecko   (   84): 1398418906528	Marionette	INFO	sendToClient: {"from":"0","ok":true}, {707ae389-8d1d-4e95-bb00-4869afcb665c}, {707ae389-8d1d-4e95-bb00-4869afcb665c}
04-25 02:41:46.521 I/Gecko   (   84): 1398418906534	Marionette	DEBUG	Got request: executeWithCallback, data: {"to":"0","sessionId":"3-b2g","name":"executeAsyncScript","parameters":{"specialPowers":false,"scriptTimeout":null,"newSandbox":true,"args":[],"filename":"gaia_test.py","script":"GaiaApps.killAll()","line":91}}, id: {a2375601-6856-4385-9d54-0a1aa0e07639}
04-25 02:41:46.891 E/GeckoConsole(   84): Content JS LOG at dummy file:266 in GaiaApps.kill: terminating app with origin 'app://browser.gaiamobile.org'
04-25 02:41:46.891 E/GeckoConsole(   84): Content JS LOG at dummy file:258 in GaiaApps.kill/gt_onAppTerminated/<: app with origin 'app://browser.gaiamobile.org' has terminated
04-25 02:41:47.001 I/Gecko   (   84): 1398418907013	Marionette	INFO	sendToClient: {"from":"0","value":true}, {a2375601-6856-4385-9d54-0a1aa0e07639}, {a2375601-6856-4385-9d54-0a1aa0e07639}
04-25 02:41:47.241 I/Gecko   (   84): [Parent 84] WARNING: waitpid failed pid:1303 errno:10: file ../../../gecko/ipc/chromium/src/base/process_util_posix.cc, line 254
04-25 02:41:47.241 I/Gecko   (   84): [Parent 84] WARNING: Failed to deliver SIGKILL to 1303!(3).: file ../../../gecko/ipc/chromium/src/chrome/common/process_watcher_posix_sigchld.cc, line 118