--------- beginning of /dev/log/main
04-26 04:11:32.850 I/Gecko   (   84): 1398510692863	Marionette	INFO	sendToClient: {"from":"0","ok":true}, {91ef33ed-4ba8-4c33-8614-741ada3e07cf}, {91ef33ed-4ba8-4c33-8614-741ada3e07cf}
04-26 04:11:33.020 I/Gecko   (   84): 1398510693039	Marionette	DEBUG	Got request: switchToFrame, data: {"to":"0","sessionId":"3-b2g","name":"switchToFrame","parameters":{"id":null,"focus":true}}, id: {0b81ff5f-0050-4858-8f5c-e4e17bf98da5}
04-26 04:11:33.070 I/Gecko   (   84): 1398510693086	Marionette	INFO	Switched to frame: {"frameValue":null}
04-26 04:11:33.190 I/Gecko   (   84): 1398510693208	Marionette	INFO	sendToClient: {"from":"0","ok":true}, {0b81ff5f-0050-4858-8f5c-e4e17bf98da5}, {0b81ff5f-0050-4858-8f5c-e4e17bf98da5}
04-26 04:11:33.200 I/Gecko   (   84): 1398510693215	Marionette	DEBUG	Got request: executeWithCallback, data: {"to":"0","sessionId":"3-b2g","name":"executeAsyncScript","parameters":{"specialPowers":false,"scriptTimeout":null,"newSandbox":true,"args":[],"filename":"gaia_test.py","script":"return GaiaApps.displayedApp();","line":66}}, id: {69691245-c037-44f6-a4b2-31bab178ae41}
04-26 04:11:33.410 E/GeckoConsole(   84): Content JS LOG at dummy file:392 in GaiaApps.displayedApp: app with origin 'app://homescreen.gaiamobile.org' is displayed
04-26 04:11:33.420 I/Gecko   (   84): 1398510693432	Marionette	INFO	sendToClient: {"from":"0","value":{"frame":{"ELEMENT":"{241d754f-a20b-4d10-b086-0a1b3834ac06}"},"src":"app://homescreen.gaiamobile.org/index.html#root","name":"Homescreen","origin":"app://homescreen.gaiamobile.org"}}, {69691245-c037-44f6-a4b2-31bab178ae41}, {69691245-c037-44f6-a4b2-31bab178ae41}
04-26 04:11:33.440 I/Gecko   (   84): 1398510693453	Marionette	DEBUG	Got request: switchToFrame, data: {"to":"0","sessionId":"3-b2g","name":"switchToFrame","parameters":{"id":null,"focus":true}}, id: {4cd76ce1-22a7-453e-a181-0f9afbd4b5e2}
04-26 04:11:33.440 I/Gecko   (   84): 1398510693455	Marionette	INFO	Switched to frame: {"frameValue":null}
04-26 04:11:33.560 V/AudioPolicyManagerBase(   91): startOutput() output 1, stream 1, session 16
04-26 04:11:33.560 V/AudioPolicyManagerBase(   91): changeRefCount() stream 1, count 1
04-26 04:11:33.560 V/AudioPolicyManagerBase(   91): getDeviceForStrategy() from cache strategy 0, device 2
04-26 04:11:33.560 V/AudioPolicyManagerBase(   91): getNewDevice() selected device 2
04-26 04:11:33.560 D/AudioPolicyManagerBase(   91): setOutputDevice() output 1 device 2 delayMs 0
04-26 04:11:33.560 V/AudioPolicyManagerBase(   91): setOutputDevice() setting same device 2 or null device for output 1
04-26 04:11:33.560 E/AudioPolicyManagerBase(   91): checkAndSetVolume stream=1, index=0, output=1, device=2
04-26 04:11:33.560 E/AudioPolicyManagerBase(   91): computeVolume, streamDesc=0xd66bb8
04-26 04:11:33.570 I/Gecko   (   84): 1398510693584	Marionette	INFO	sendToClient: {"from":"0","ok":true}, {4cd76ce1-22a7-453e-a181-0f9afbd4b5e2}, {4cd76ce1-22a7-453e-a181-0f9afbd4b5e2}
04-26 04:11:33.580 I/Gecko   (   84): 1398510693590	Marionette	DEBUG	Got request: switchToFrame, data: {"to":"0","sessionId":"3-b2g","name":"switchToFrame","parameters":{"id":null,"focus":true}}, id: {4ed35c6f-25aa-487f-9ead-23685bf779f7}
04-26 04:11:33.580 I/Gecko   (   84): 1398510693592	Marionette	INFO	Switched to frame: {"frameValue":null}
04-26 04:11:33.630 W/AudioFlinger(   91): Thread AudioOut_1 cannot connect to the power manager service
04-26 04:11:33.630 V/AudioPolicyManagerBase(   91): stopOutput() output 1, stream 1, session 16
04-26 04:11:33.630 V/AudioPolicyManagerBase(   91): changeRefCount() stream 1, count 0
04-26 04:11:33.630 V/AudioPolicyManagerBase(   91): getNewDevice() selected device 0
04-26 04:11:33.630 D/AudioPolicyManagerBase(   91): setOutputDevice() output 1 device 0 delayMs 290
04-26 04:11:33.630 V/AudioPolicyManagerBase(   91): setOutputDevice() setting same device 0 or null device for output 1
04-26 04:11:33.640 V/AudioPolicyManagerBase(   91): startOutput() output 1, stream 1, session 16
04-26 04:11:33.640 V/AudioPolicyManagerBase(   91): changeRefCount() stream 1, count 1
04-26 04:11:33.640 V/AudioPolicyManagerBase(   91): getDeviceForStrategy() from cache strategy 0, device 2
04-26 04:11:33.640 V/AudioPolicyManagerBase(   91): getNewDevice() selected device 2
04-26 04:11:33.640 D/AudioPolicyManagerBase(   91): setOutputDevice() output 1 device 2 delayMs 0
04-26 04:11:33.640 V/AudioPolicyManagerBase(   91): setOutputDevice() setting same device 2 or null device for output 1
04-26 04:11:33.640 E/AudioPolicyManagerBase(   91): checkAndSetVolume stream=1, index=0, output=1, device=2
04-26 04:11:33.640 E/AudioPolicyManagerBase(   91): computeVolume, streamDesc=0xd66bb8
04-26 04:11:33.640 V/AudioPolicyManagerBase(   91): stopOutput() output 1, stream 1, session 16
04-26 04:11:33.640 V/AudioPolicyManagerBase(   91): changeRefCount() stream 1, count 0
04-26 04:11:33.640 V/AudioPolicyManagerBase(   91): getNewDevice() selected device 0
04-26 04:11:33.640 D/AudioPolicyManagerBase(   91): setOutputDevice() output 1 device 0 delayMs 290
04-26 04:11:33.640 V/AudioPolicyManagerBase(   91): setOutputDevice() setting same device 0 or null device for output 1
04-26 04:11:33.640 V/AudioPolicyManagerBase(   91): releaseOutput() 1
04-26 04:11:33.700 I/Gecko   (   84): 1398510693711	Marionette	INFO	sendToClient: {"from":"0","ok":true}, {4ed35c6f-25aa-487f-9ead-23685bf779f7}, {4ed35c6f-25aa-487f-9ead-23685bf779f7}
04-26 04:11:33.700 I/Gecko   (   84): 1398510693717	Marionette	DEBUG	Got request: executeWithCallback, data: {"to":"0","sessionId":"3-b2g","name":"executeAsyncScript","parameters":{"specialPowers":false,"scriptTimeout":null,"newSandbox":true,"args":[],"filename":"gaia_test.py","script":"return GaiaApps.displayedApp();","line":66}}, id: {4b12a38b-3c2e-4609-bdee-51c4a63413bb}
04-26 04:11:33.770 I/Gecko   (   84): 1398510693788	Marionette	INFO	sendToClient: {"from":"0","value":{"frame":{"ELEMENT":"{241d754f-a20b-4d10-b086-0a1b3834ac06}"},"src":"app://homescreen.gaiamobile.org/index.html#root","name":"Homescreen","origin":"app://homescreen.gaiamobile.org"}}, {4b12a38b-3c2e-4609-bdee-51c4a63413bb}, {4b12a38b-3c2e-4609-bdee-51c4a63413bb}
04-26 04:11:33.780 I/Gecko   (   84): 1398510693795	Marionette	DEBUG	Got request: switchToFrame, data: {"to":"0","sessionId":"3-b2g","name":"switchToFrame","parameters":{"focus":true,"element":"{241d754f-a20b-4d10-b086-0a1b3834ac06}"}}, id: {0a86e6f7-c833-49a0-b07e-be35a445eba9}
04-26 04:11:33.780 E/GeckoConsole(   84): Content JS LOG at dummy file:392 in GaiaApps.displayedApp: app with origin 'app://homescreen.gaiamobile.org' is displayed
04-26 04:11:33.830 I/Gecko   (   84): 1398510693844	Marionette	INFO	Switched to frame: {"frameValue":"{241d754f-a20b-4d10-b086-0a1b3834ac06}"}
04-26 04:11:33.850 I/Gecko   (   84): 1398510693864	Marionette	INFO	trying remote frame 0
04-26 04:11:33.870 I/Gecko   (   84): 1398510693889	Marionette	INFO	trying remote frame 1
04-26 04:11:33.880 I/Gecko   (   84): 1398510693893	Marionette	INFO	trying remote frame 2
04-26 04:11:33.880 I/Gecko   (   84): 1398510693896	Marionette	INFO	trying remote frame 3
04-26 04:11:33.880 I/Gecko   (   84): 1398510693897	Marionette	INFO	trying remote frame 4
04-26 04:11:33.890 I/Gecko   (   84): 1398510693900	Marionette	INFO	trying remote frame 5
04-26 04:11:33.890 I/Gecko   (   84): 1398510693901	Marionette	INFO	trying remote frame 6
04-26 04:11:33.890 I/Gecko   (   84): 1398510693903	Marionette	INFO	trying remote frame 7
04-26 04:11:33.900 I/Gecko   (   84): 1398510693916	Marionette	INFO	deleting frame
04-26 04:11:33.910 I/Gecko   (   84): 1398510693925	Marionette	INFO	frame-manager load script: [object ChromeMessageSender]
04-26 04:11:33.910 E/GeckoConsole( 4662): Content JS ERROR at app://homescreen.gaiamobile.org/gaia_build_defer_index.js:390 in loadSVConfFileError: Failed parsing singleVariant configuration file [js/singlevariantconf.json]:  [Exception... "File error: Not found"  nsresult: "0x80520012 (NS_ERROR_FILE_NOT_FOUND)"  location: "JS frame :: app://homescreen.gaiamobile.org/gaia_build_defer_index.js :: loadFile :: line 382"  data: no]
04-26 04:11:34.310 I/Gecko   (   84): 1398510694320	Marionette	INFO	sendToClient: {"from":"0","ok":true}, {0a86e6f7-c833-49a0-b07e-be35a445eba9}, {0a86e6f7-c833-49a0-b07e-be35a445eba9}
04-26 04:11:34.470 I/Gecko   (   84): 1398510694488	Marionette	INFO	sendToClient: {"from":"0","value":{"ELEMENT":"{ffbc6832-8e53-4456-986f-bebe56a1e14f}"}}, {648d233b-d2fc-4e56-bb13-c465c4184f53}, {648d233b-d2fc-4e56-bb13-c465c4184f53}
04-26 04:11:34.600 E/GeckoConsole( 4662): [JavaScript Warning: "Use of getAttributeNode() is deprecated. Use getAttribute() instead." {file: "chrome://marionette/content/atoms.js" line: 25}]
04-26 04:11:34.600 E/GeckoConsole( 4662): [JavaScript Warning: "Use of attributes' specified attribute is deprecated. It always returns true." {file: "chrome://marionette/content/atoms.js" line: 25}]
04-26 04:11:34.610 I/Gecko   (   84): 1398510694620	Marionette	INFO	sendToClient: {"from":"0","value":"normal"}, {c2f58b11-b06b-4e1c-b526-8e50a0131bba}, {c2f58b11-b06b-4e1c-b526-8e50a0131bba}
04-26 04:11:34.610 I/Gecko   (   84): 1398510694627	Marionette	DEBUG	Got request: switchToFrame, data: {"to":"0","sessionId":"3-b2g","name":"switchToFrame","parameters":{"id":null,"focus":true}}, id: {4993c7d6-357c-4c37-a891-149f329677ca}
04-26 04:11:34.650 I/Gecko   (   84): 1398510694663	Marionette	INFO	Switched to frame: {"frameValue":null}
04-26 04:11:34.750 I/Gecko   (   84): 1398510694766	Marionette	INFO	sendToClient: {"from":"0","ok":true}, {4993c7d6-357c-4c37-a891-149f329677ca}, {4993c7d6-357c-4c37-a891-149f329677ca}
04-26 04:11:34.760 I/Gecko   (   84): 1398510694772	Marionette	DEBUG	Got request: execute, data: {"to":"0","sessionId":"3-b2g","name":"executeScript","parameters":{"specialPowers":false,"scriptTimeout":null,"newSandbox":true,"args":[],"filename":"gaia_test.py","script":"window.wrappedJSObject.dispatchEvent(new Event('home'));","line":788}}, id: {f175bf40-f31e-4e34-a532-5b2246a99df5}
04-26 04:11:34.800 I/Gecko   (   84): 1398510694814	Marionette	INFO	sendToClient: {"from":"0","value":null}, {f175bf40-f31e-4e34-a532-5b2246a99df5}, {f175bf40-f31e-4e34-a532-5b2246a99df5}
04-26 04:11:34.810 I/Gecko   (   84): 1398510694826	Marionette	DEBUG	Got request: switchToFrame, data: {"to":"0","sessionId":"3-b2g","name":"switchToFrame","parameters":{"id":null,"focus":true}}, id: {66281e50-9c6a-48c7-83c8-5bcc0d73cdfa}
04-26 04:11:34.810 I/Gecko   (   84): 1398510694829	Marionette	INFO	Switched to frame: {"frameValue":null}
04-26 04:11:34.920 I/Gecko   (   84): 1398510694939	Marionette	INFO	sendToClient: {"from":"0","ok":true}, {66281e50-9c6a-48c7-83c8-5bcc0d73cdfa}, {66281e50-9c6a-48c7-83c8-5bcc0d73cdfa}
04-26 04:11:34.930 I/Gecko   (   84): 1398510694945	Marionette	DEBUG	Got request: switchToFrame, data: {"to":"0","sessionId":"3-b2g","name":"switchToFrame","parameters":{"id":null,"focus":true}}, id: {0ad56f33-d77d-4f87-b04c-8328fc978e95}
04-26 04:11:34.930 I/Gecko   (   84): 1398510694947	Marionette	INFO	Switched to frame: {"frameValue":null}
04-26 04:11:35.040 I/Gecko   (   84): 1398510695057	Marionette	INFO	sendToClient: {"from":"0","ok":true}, {0ad56f33-d77d-4f87-b04c-8328fc978e95}, {0ad56f33-d77d-4f87-b04c-8328fc978e95}
04-26 04:11:35.050 I/Gecko   (   84): 1398510695066	Marionette	DEBUG	Got request: executeWithCallback, data: {"to":"0","sessionId":"3-b2g","name":"executeAsyncScript","parameters":{"specialPowers":false,"scriptTimeout":null,"newSandbox":true,"args":[],"filename":"gaia_test.py","script":"return GaiaApps.displayedApp();","line":66}}, id: {3d68cf0b-1e5f-423f-af7f-21b9c1d3f99a}
04-26 04:11:35.100 E/GeckoConsole(   84): Content JS LOG at dummy file:392 in GaiaApps.displayedApp: app with origin 'app://homescreen.gaiamobile.org' is displayed
04-26 04:11:35.100 I/Gecko   (   84): 1398510695119	Marionette	INFO	sendToClient: {"from":"0","value":{"frame":{"ELEMENT":"{241d754f-a20b-4d10-b086-0a1b3834ac06}"},"src":"app://homescreen.gaiamobile.org/index.html#rootSat%20Apr%2026%202014%2004:11:34%20GMT-0700%20(UTC)","name":"Homescreen","origin":"app://homescreen.gaiamobile.org"}}, {3d68cf0b-1e5f-423f-af7f-21b9c1d3f99a}, {3d68cf0b-1e5f-423f-af7f-21b9c1d3f99a}
04-26 04:11:35.120 I/Gecko   (   84): 1398510695130	Marionette	DEBUG	Got request: switchToFrame, data: {"to":"0","sessionId":"3-b2g","name":"switchToFrame","parameters":{"focus":true,"element":"{241d754f-a20b-4d10-b086-0a1b3834ac06}"}}, id: {c1aefe1a-4bc2-445a-b6a5-eadc6b2d4e3e}
04-26 04:11:35.130 I/Gecko   (   84): 1398510695141	Marionette	INFO	Switched to frame: {"frameValue":"{241d754f-a20b-4d10-b086-0a1b3834ac06}"}
04-26 04:11:35.130 I/Gecko   (   84): 1398510695149	Marionette	INFO	trying remote frame 0
04-26 04:11:35.140 I/Gecko   (   84): 1398510695156	Marionette	INFO	trying remote frame 1
04-26 04:11:35.140 I/Gecko   (   84): 1398510695157	Marionette	INFO	trying remote frame 2
04-26 04:11:35.140 I/Gecko   (   84): 1398510695158	Marionette	INFO	trying remote frame 3
04-26 04:11:35.140 I/Gecko   (   84): 1398510695159	Marionette	INFO	trying remote frame 4
04-26 04:11:35.150 I/Gecko   (   84): 1398510695163	Marionette	INFO	trying remote frame 5
04-26 04:11:35.150 I/Gecko   (   84): 1398510695165	Marionette	INFO	trying remote frame 6
04-26 04:11:35.150 I/Gecko   (   84): 1398510695166	Marionette	INFO	trying remote frame 7
04-26 04:11:35.210 I/Gecko   (   84): 1398510695222	Marionette	INFO	sendToClient: {"from":"0","ok":true}, {c1aefe1a-4bc2-445a-b6a5-eadc6b2d4e3e}, {c1aefe1a-4bc2-445a-b6a5-eadc6b2d4e3e}
04-26 04:11:35.210 I/Gecko   (   84): 1398510695229	Marionette	DEBUG	Got request: execute, data: {"to":"0","sessionId":"3-b2g","name":"executeScript","parameters":{"specialPowers":false,"scriptTimeout":null,"newSandbox":true,"args":[],"filename":"gaia_test.py","script":"return window.wrappedJSObject.GridManager.pageHelper.getCurrentPageNumber();","line":784}}, id: {93241164-4165-4a0c-8de8-e327f2365ea1}
04-26 04:11:35.420 I/Gecko   (   84): 1398510695431	Marionette	INFO	sendToClient: {"from":"0","value":0}, {93241164-4165-4a0c-8de8-e327f2365ea1}, {93241164-4165-4a0c-8de8-e327f2365ea1}
04-26 04:11:35.850 I/Gecko   (   84): 1398510695863	Marionette	INFO	sendToClient: {"from":"0","value":["{19f2ee56-5578-4156-a4ff-32129c172e77}","{88dfb957-0608-4070-952e-4fee6fe210af}","{8d333a4d-cc57-483a-8755-707eaab0e640}","{1a6d8ee5-d7ff-42ce-81ba-127a08b05c90}","{ec772dfe-2b0c-4dd2-aab3-909b9826ad8f}","{950ac42e-de6f-434d-8102-e784b139254f}","{4a0f2b50-a240-41ae-922d-a08952c937bf}","{26692c57-0fa3-4b14-8cb4-d30dc47268a6}","{e013b06f-bce8-4633-8cb5-07fb7967b043}","{72c69ef0-7767-4f24-acc5-8602b8405a03}","{238afdd3-c43f-411f-8eba-2fb9b31a3b7b}","{d55aa8a3-06cb-4c43-b316-bff5de0ef8fb}","{3c80c703-9b4f-499c-873f-09db2aaf78d4}","{7009e1ac-6fcf-4a07-8e48-df862ca495e3}","{da84e17a-abb0-44db-8a85-d3cd38a75cc7}","{f9ec5a65-1eca-439c-8cd4-7cfaaf576626}","{d770bc51-65b1-4221-902e-48b15f514dc4}","{199adcea-92be-49fe-b991-c3b925c8e1c5}","{0234396b-9766-4cb4-a796-e20070c99a4c}","{150c46fd-d6e8-4d76-97f6-c09660e38dab}","{64d20cb5-b39f-4811-92f7-6f986b0afa1b}","{65e2e28d-5ee5-4b15-b630-8c412674f252}","{369e3183-1182-468c-a58c-9143392d7f0b}","{ad93c36d-fc09
04-26 04:11:36.070 W/WifiHW  (   84): wifi_command: SIGNAL_POLL
04-26 04:11:36.630 I/Gecko   (   84): 1398510696642	Marionette	INFO	sendToClient: {"from":"0","value":"app://homescreen.gaiamobile.org/index.html#rootSat%20Apr%2026%202014%2004:11:34%20GMT-0700%20(UTC)"}, {ab93b98b-980a-4287-9e27-38ab6181a6a5}, {ab93b98b-980a-4287-9e27-38ab6181a6a5}
04-26 04:11:36.630 I/Gecko   (   84): 1398510696648	Marionette	DEBUG	Got request: switchToFrame, data: {"to":"0","sessionId":"3-b2g","name":"switchToFrame","parameters":{"id":null,"focus":true}}, id: {adb0d4fb-4e4f-4f59-9b47-ddaea946eb1b}
04-26 04:11:36.670 I/Gecko   (   84): 1398510696681	Marionette	INFO	Switched to frame: {"frameValue":null}
04-26 04:11:36.770 I/Gecko   (   84): 1398510696789	Marionette	INFO	sendToClient: {"from":"0","ok":true}, {adb0d4fb-4e4f-4f59-9b47-ddaea946eb1b}, {adb0d4fb-4e4f-4f59-9b47-ddaea946eb1b}
04-26 04:11:36.780 I/Gecko   (   84): 1398510696794	Marionette	DEBUG	Got request: switchToFrame, data: {"to":"0","sessionId":"3-b2g","name":"switchToFrame","parameters":{"id":null,"focus":true}}, id: {de9029e6-a78d-4f8f-880f-35fa6a1df408}
04-26 04:11:36.780 I/Gecko   (   84): 1398510696796	Marionette	INFO	Switched to frame: {"frameValue":null}
04-26 04:11:36.890 I/Gecko   (   84): 1398510696902	Marionette	INFO	sendToClient: {"from":"0","ok":true}, {de9029e6-a78d-4f8f-880f-35fa6a1df408}, {de9029e6-a78d-4f8f-880f-35fa6a1df408}
04-26 04:11:36.890 I/Gecko   (   84): 1398510696908	Marionette	DEBUG	Got request: executeWithCallback, data: {"to":"0","sessionId":"3-b2g","name":"executeAsyncScript","parameters":{"specialPowers":false,"scriptTimeout":30000,"newSandbox":true,"args":[],"filename":"app_checker.py","script":"GaiaApps.launchWithManifestURL('http://www.quadpuzzle.ru/triplex/res/mozilla/manifest.webapp')","line":106}}, id: {0baf4cfe-6076-49ac-870c-266e8a8df6b4}
04-26 04:11:36.980 E/GeckoConsole(   84): Content JS LOG at dummy file:334 in GaiaApps.launch: launching app with name 'Triplex'
04-26 04:11:37.300 I/Gonk    (   84): Setting nice for pid 4687 to 18
04-26 04:11:37.300 I/Gonk    (   84): Changed nice for pid 4687 from 18 to 18.
04-26 04:11:37.300 I/Gecko   (   84): [Parent 84] WARNING: waitpid failed pid:4687 errno:10: file ../../../gecko/ipc/chromium/src/base/process_util_posix.cc, line 254
04-26 04:11:37.310 I/Gonk    (   84): Setting nice for pid 4687 to 1
04-26 04:11:37.310 I/Gonk    (   84): Changed nice for pid 4687 from 18 to 1.
04-26 04:11:37.530 E/[Gralloc-ERROR](   84): int gralloc_register_buffer(const gralloc_module_t*, const native_handle_t*):79 Unable to register handle 0x44b66600 coming from different process: 84
04-26 04:11:37.560 E/[Gralloc-ERROR](   84): int gralloc_register_buffer(const gralloc_module_t*, const native_handle_t*):79 Unable to register handle 0x44b666f0 coming from different process: 84
04-26 04:11:37.580 E/[Gralloc-ERROR](   84): int gralloc_register_buffer(const gralloc_module_t*, const native_handle_t*):79 Unable to register handle 0x44b66880 coming from different process: 84
04-26 04:11:37.580 E/[Gralloc-ERROR](   84): int gralloc_register_buffer(const gralloc_module_t*, const native_handle_t*):79 Unable to register handle 0x44b66920 coming from different process: 84
04-26 04:11:37.660 D/Sensors (   84): activate handle=0; drv=0
04-26 04:11:37.660 D/Sensors (   84): Lis3dhSensor: Control set 1
04-26 04:11:37.660 D/Sensors (   84): Lis3dhSensor: mEnabled = 1
04-26 04:11:37.760 I/Gonk    (   84): Setting nice for pid 4662 to 18
04-26 04:11:37.760 I/Gonk    (   84): Changed nice for pid 4662 from 1 to 18.
04-26 04:11:38.940 I/Gecko   (   84): [Parent 84] WARNING: pipe error (121): Connection reset by peer: file ../../../gecko/ipc/chromium/src/chrome/common/ipc_channel_posix.cc, line 446
04-26 04:11:38.960 I/Gecko   (   84): 
04-26 04:11:38.960 I/Gecko   (   84): ###!!! [Parent][MessageChannel] Error: Channel error: cannot send/recv
04-26 04:11:38.960 I/Gecko   (   84): 
04-26 04:11:39.030 I/GeckoDump(   84): Crash reporter : Can't fetch app.reportCrashes. Exception: [Exception... "Component returned failure code: 0x8000ffff (NS_ERROR_UNEXPECTED) [nsIPrefBranch.getBoolPref]"  nsresult: "0x8000ffff (NS_ERROR_UNEXPECTED)"  location: "JS frame :: chrome://browser/content/shell.js :: shell_reportCrash :: line 7"  data: no]
04-26 04:11:39.030 I/Gecko   (   84): [Parent 84] WARNING: waitpid failed pid:4662 errno:10: file ../../../gecko/ipc/chromium/src/base/process_util_posix.cc, line 254
04-26 04:11:39.100 I/Gecko   ( 4687): ###################################### forms.js loaded
04-26 04:11:39.120 I/Gecko   ( 4687): ############################### browserElementPanning.js loaded
04-26 04:11:39.140 I/Gecko   ( 4687): ######################## BrowserElementChildPreload.js loaded
04-26 04:11:39.650 E/GeckoConsole( 4687): [JavaScript Warning: "Unknown property 'user-select'.  Declaration dropped." {file: "http://www.quadpuzzle.ru/triplex/triplex.html" line: 37 column: 19 source: "        user-select: none;"}]
04-26 04:11:39.660 E/GeckoConsole( 4687): [JavaScript Warning: "Unknown property 'Xopacity'.  Declaration dropped." {file: "http://www.quadpuzzle.ru/triplex/triplex.html" line: 132 column: 16 source: "        Xopacity: 0.75;"}]
04-26 04:11:39.660 E/GeckoConsole( 4687): [JavaScript Warning: "Error in parsing value for '-moz-user-select'.  Declaration dropped." {file: "http://www.quadpuzzle.ru/triplex/triplex.html" line: 160 column: 26 source: "        -moz-user-select: visible;"}]
04-26 04:11:39.660 E/GeckoConsole( 4687): [JavaScript Warning: "Unknown property 'user-select'.  Declaration dropped." {file: "http://www.quadpuzzle.ru/triplex/triplex.html" line: 162 column: 19 source: "        user-select: visible;"}]
04-26 04:11:39.660 E/GeckoConsole( 4687): [JavaScript Warning: "Unexpected end of file while searching for ',' or '{'.  Ruleset ignored due to bad selector." {file: "http://www.quadpuzzle.ru/triplex/triplex.html" line: 248}]
04-26 04:11:39.660 E/GeckoConsole( 4687): [JavaScript Warning: "Unexpected end of file while searching for closing } of invalid rule set." {file: "http://www.quadpuzzle.ru/triplex/triplex.html" line: 248}]
04-26 04:11:41.030 I/Gecko   (   84): [Parent 84] WARNING: waitpid failed pid:4662 errno:10: file ../../../gecko/ipc/chromium/src/base/process_util_posix.cc, line 254
04-26 04:11:41.030 I/Gecko   (   84): [Parent 84] WARNING: Failed to deliver SIGKILL to 4662!(3).: file ../../../gecko/ipc/chromium/src/chrome/common/process_watcher_posix_sigchld.cc, line 118
04-26 04:11:41.270 W/WifiHW  (   84): wifi_command: SIGNAL_POLL
04-26 04:11:41.300 E/GeckoConsole( 4687): [JavaScript Warning: "Expected 'none' or URL but found 'progid'.  Error in parsing value for 'filter'.  Declaration dropped." {file: "http://www.quadpuzzle.ru/triplex/triplex.html" line: 0 column: 0 source: "progid:DXImageTransform.Microsoft.gradient(startColorstr='#ff0000', endColorstr='#770000')"}]
04-26 04:11:41.310 E/GeckoConsole( 4687): [JavaScript Warning: "Error in parsing value for 'background'.  Declaration dropped." {file: "http://www.quadpuzzle.ru/triplex/triplex.html" line: 0 column: 0 source: "-webkit-gradient(linear, left top, right bottom, from(#ff0000), to(#770000))"}]
04-26 04:11:41.310 E/GeckoConsole( 4687): [JavaScript Warning: "Error in parsing value for 'background'.  Declaration dropped." {file: "http://www.quadpuzzle.ru/triplex/triplex.html" line: 0 column: 0 source: "-o-linear-gradient(left top,  #ff0000,  #770000)"}]
04-26 04:11:41.310 E/GeckoConsole( 4687): [JavaScript Warning: "Error in parsing value for 'background'.  Declaration dropped." {file: "http://www.quadpuzzle.ru/triplex/triplex.html" line: 0 column: 0 source: "-ms-linear-gradient(left top,  #ff0000,  #770000)"}]
04-26 04:11:41.310 E/GeckoConsole( 4687): [JavaScript Warning: "Expected 'none' or URL but found 'progid'.  Error in parsing value for 'filter'.  Declaration dropped." {file: "http://www.quadpuzzle.ru/triplex/triplex.html" line: 0 column: 0 source: "progid:DXImageTransform.Microsoft.gradient(startColorstr='#ff0000', endColorstr='#770000')"}]
04-26 04:11:41.310 E/GeckoConsole( 4687): [JavaScript Warning: "Error in parsing value for 'background'.  Declaration dropped." {file: "http://www.quadpuzzle.ru/triplex/triplex.html" line: 0 column: 0 source: "-webkit-gradient(linear, left top, right bottom, from(#ff0000), to(#770000))"}]
04-26 04:11:41.310 E/GeckoConsole( 4687): [JavaScript Warning: "Error in parsing value for 'background'.  Declaration dropped." {file: "http://www.quadpuzzle.ru/triplex/triplex.html" line: 0 column: 0 source: "-o-linear-gradient(left top,  #ff0000,  #770000)"}]
04-26 04:11:41.310 E/GeckoConsole( 4687): [JavaScript Warning: "Error in parsing value for 'background'.  Declaration dropped." {file: "http://www.quadpuzzle.ru/triplex/triplex.html" line: 0 column: 0 source: "-ms-linear-gradient(left top,  #ff0000,  #770000)"}]
04-26 04:11:41.330 E/GeckoConsole( 4687): [JavaScript Warning: "Expected 'none' or URL but found 'progid'.  Error in parsing value for 'filter'.  Declaration dropped." {file: "http://www.quadpuzzle.ru/triplex/triplex.html" line: 0 column: 0 source: "progid:DXImageTransform.Microsoft.gradient(startColorstr='#ff0000', endColorstr='#770000')"}]
04-26 04:11:41.330 E/GeckoConsole( 4687): [JavaScript Warning: "Error in parsing value for 'background'.  Declaration dropped." {file: "http://www.quadpuzzle.ru/triplex/triplex.html" line: 0 column: 0 source: "-webkit-gradient(linear, left top, right bottom, from(#ff0000), to(#770000))"}]
04-26 04:11:41.330 E/GeckoConsole( 4687): [JavaScript Warning: "Error in parsing value for 'background'.  Declaration dropped." {file: "http://www.quadpuzzle.ru/triplex/triplex.html" line: 0 column: 0 source: "-o-linear-gradient(left top,  #ff0000,  #770000)"}]
04-26 04:11:41.330 E/GeckoConsole( 4687): [JavaScript Warning: "Error in parsing value for 'background'.  Declaration dropped." {file: "http://www.quadpuzzle.ru/triplex/triplex.html" line: 0 column: 0 source: "-ms-linear-gradient(left top,  #ff0000,  #770000)"}]
04-26 04:11:41.330 E/GeckoConsole( 4687): [JavaScript Warning: "Expected 'none' or URL but found 'progid'.  Error in parsing value for 'filter'.  Declaration dropped." {file: "http://www.quadpuzzle.ru/triplex/triplex.html" line: 0 column: 0 source: "progid:DXImageTransform.Microsoft.gradient(startColorstr='#00ff00', endColorstr='#007700')"}]
04-26 04:11:41.340 E/GeckoConsole( 4687): [JavaScript Warning: "Error in parsing value for 'background'.  Declaration dropped." {file: "http://www.quadpuzzle.ru/triplex/triplex.html" line: 0 column: 0 source: "-webkit-gradient(linear, left top, right bottom, from(#00ff00), to(#007700))"}]
04-26 04:11:41.340 E/GeckoConsole( 4687): [JavaScript Warning: "Error in parsing value for 'background'.  Declaration dropped." {file: "http://www.quadpuzzle.ru/triplex/triplex.html" line: 0 column: 0 source: "-o-linear-gradient(left top,  #00ff00,  #007700)"}]
04-26 04:11:41.340 E/GeckoConsole( 4687): [JavaScript Warning: "Error in parsing value for 'background'.  Declaration dropped." {file: "http://www.quadpuzzle.ru/triplex/triplex.html" line: 0 column: 0 source: "-ms-linear-gradient(left top,  #00ff00,  #007700)"}]
04-26 04:11:41.340 E/GeckoConsole( 4687): [JavaScript Warning: "Expected 'none' or URL but found 'progid'.  Error in parsing value for 'filter'.  Declaration dropped." {file: "http://www.quadpuzzle.ru/triplex/triplex.html" line: 0 column: 0 source: "progid:DXImageTransform.Microsoft.gradient(startColorstr='#00ff00', endColorstr='#007700')"}]
04-26 04:11:41.340 E/GeckoConsole( 4687): [JavaScript Warning: "Error in parsing value for 'background'.  Declaration dropped." {file: "http://www.quadpuzzle.ru/triplex/triplex.html" line: 0 column: 0 source: "-webkit-gradient(linear, left top, right bottom, from(#00ff00), to(#007700))"}]
04-26 04:11:41.340 E/GeckoConsole( 4687): [JavaScript Warning: "Error in parsing value for 'background'.  Declaration dropped." {file: "http://www.quadpuzzle.ru/triplex/triplex.html" line: 0 column: 0 source: "-o-linear-gradient(left top,  #00ff00,  #007700)"}]
04-26 04:11:41.340 E/GeckoConsole( 4687): [JavaScript Warning: "Error in parsing value for 'background'.  Declaration dropped." {file: "http://www.quadpuzzle.ru/triplex/triplex.html" line: 0 column: 0 source: "-ms-linear-gradient(left top,  #00ff00,  #007700)"}]
04-26 04:11:41.340 E/GeckoConsole( 4687): [JavaScript Warning: "Expected 'none' or URL but found 'progid'.  Error in parsing value for 'filter'.  Declaration dropped." {file: "http://www.quadpuzzle.ru/triplex/triplex.html" line: 0 column: 0 source: "progid:DXImageTransform.Microsoft.gradient(startColorstr='#00ff00', endColorstr='#007700')"}]
04-26 04:11:41.340 E/GeckoConsole( 4687): [JavaScript Warning: "Error in parsing value for 'background'.  Declaration dropped." {file: "http://www.quadpuzzle.ru/triplex/triplex.html" line: 0 column: 0 source: "-webkit-gradient(linear, left top, right bottom, from(#00ff00), to(#007700))"}]
04-26 04:11:41.340 E/GeckoConsole( 4687): [JavaScript Warning: "Error in parsing value for 'background'.  Declaration dropped." {file: "http://www.quadpuzzle.ru/triplex/triplex.html" line: 0 column: 0 source: "-o-linear-gradient(left top,  #00ff00,  #007700)"}]
04-26 04:11:41.340 E/GeckoConsole( 4687): [JavaScript Warning: "Error in parsing value for 'background'.  Declaration dropped." {file: "http://www.quadpuzzle.ru/triplex/triplex.html" line: 0 column: 0 source: "-ms-linear-gradient(left top,  #00ff00,  #007700)"}]
04-26 04:11:41.360 E/GeckoConsole( 4687): [JavaScript Warning: "Expected 'none' or URL but found 'progid'.  Error in parsing value for 'filter'.  Declaration dropped." {file: "http://www.quadpuzzle.ru/triplex/triplex.html" line: 0 column: 0 source: "progid:DXImageTransform.Microsoft.gradient(startColorstr='#333377', endColorstr='#6666ff')"}]
04-26 04:11:41.360 E/GeckoConsole( 4687): [JavaScript Warning: "Error in parsing value for 'background'.  Declaration dropped." {file: "http://www.quadpuzzle.ru/triplex/triplex.html" line: 0 column: 0 source: "-webkit-gradient(linear, left top, right bottom, from(#333377), to(#6666ff))"}]
04-26 04:11:41.360 E/GeckoConsole( 4687): [JavaScript Warning: "Error in parsing value for 'background'.  Declaration dropped." {file: "http://www.quadpuzzle.ru/triplex/triplex.html" line: 0 column: 0 source: "-o-linear-gradient(left top,  #333377,  #6666ff)"}]
04-26 04:11:41.360 E/GeckoConsole( 4687): [JavaScript Warning: "Error in parsing value for 'background'.  Declaration dropped." {file: "http://www.quadpuzzle.ru/triplex/triplex.html" line: 0 column: 0 source: "-ms-linear-gradient(left top,  #333377,  #6666ff)"}]
04-26 04:11:41.360 E/GeckoConsole( 4687): [JavaScript Warning: "Expected 'none' or URL but found 'progid'.  Error in parsing value for 'filter'.  Declaration dropped." {file: "http://www.quadpuzzle.ru/triplex/triplex.html" line: 0 column: 0 source: "progid:DXImageTransform.Microsoft.gradient(startColorstr='#6666ff', endColorstr='#333377')"}]
04-26 04:11:41.360 E/GeckoConsole( 4687): [JavaScript Warning: "Error in parsing value for 'background'.  Declaration dropped." {file: "http://www.quadpuzzle.ru/triplex/triplex.html" line: 0 column: 0 source: "-webkit-gradient(linear, left top, right bottom, from(#6666ff), to(#333377))"}]
04-26 04:11:41.360 E/GeckoConsole( 4687): [JavaScript Warning: "Error in parsing value for 'background'.  Declaration dropped." {file: "http://www.quadpuzzle.ru/triplex/triplex.html" line: 0 column: 0 source: "-o-linear-gradient(left top,  #6666ff,  #333377)"}]
04-26 04:11:41.370 E/GeckoConsole( 4687): [JavaScript Warning: "Error in parsing value for 'background'.  Declaration dropped." {file: "http://www.quadpuzzle.ru/triplex/triplex.html" line: 0 column: 0 source: "-ms-linear-gradient(left top,  #6666ff,  #333377)"}]
04-26 04:11:41.370 E/GeckoConsole( 4687): [JavaScript Warning: "Expected 'none' or URL but found 'progid'.  Error in parsing value for 'filter'.  Declaration dropped." {file: "http://www.quadpuzzle.ru/triplex/triplex.html" line: 0 column: 0 source: "progid:DXImageTransform.Microsoft.gradient(startColorstr='#6666ff', endColorstr='#333377')"}]
04-26 04:11:41.370 E/GeckoConsole( 4687): [JavaScript Warning: "Error in parsing value for 'background'.  Declaration dropped." {file: "http://www.quadpuzzle.ru/triplex/triplex.html" line: 0 column: 0 source: "-webkit-gradient(linear, left top, right bottom, from(#6666ff), to(#333377))"}]
04-26 04:11:41.370 E/GeckoConsole( 4687): [JavaScript Warning: "Error in parsing value for 'background'.  Declaration dropped." {file: "http://www.quadpuzzle.ru/triplex/triplex.html" line: 0 column: 0 source: "-o-linear-gradient(left top,  #6666ff,  #333377)"}]
04-26 04:11:41.370 E/GeckoConsole( 4687): [JavaScript Warning: "Error in parsing value for 'background'.  Declaration dropped." {file: "http://www.quadpuzzle.ru/triplex/triplex.html" line: 0 column: 0 source: "-ms-linear-gradient(left top,  #6666ff,  #333377)"}]
04-26 04:11:41.960 I/Gonk    (   84): Setting nice for pid 4759 to 18
04-26 04:11:41.970 I/Gonk    (   84): Changed nice for pid 4759 from 0 to 18.
04-26 04:11:42.010 E/GeckoConsole(   84): Content JS LOG at dummy file:326 in GaiaApps.launch/appOpen/<: app with origin 'http://www.quadpuzzle.ru' has launched
04-26 04:11:42.020 E/[Gralloc-ERROR](   84): int gralloc_unregister_buffer(const gralloc_module_t*, const native_handle_t*):274 Trying to unregister buffer 0x44b666f0 from process 84 that was not created in current process: 84
04-26 04:11:42.020 I/Gecko   (   84): 1398510702038	Marionette	INFO	sendToClient: {"from":"0","value":{"frame":{"ELEMENT":"{1a2f6b5a-99ad-4ec2-940d-8702da8c3f5d}"},"src":"http://www.quadpuzzle.ru/triplex/triplex.html","name":"Triplex","origin":"http://www.quadpuzzle.ru"}}, {0baf4cfe-6076-49ac-870c-266e8a8df6b4}, {0baf4cfe-6076-49ac-870c-266e8a8df6b4}
04-26 04:11:42.100 E/[Gralloc-ERROR](   84): int gralloc_unregister_buffer(const gralloc_module_t*, const native_handle_t*):274 Trying to unregister buffer 0x44b66600 from process 84 that was not created in current process: 84
04-26 04:11:42.100 E/[Gralloc-ERROR](   84): int gralloc_unregister_buffer(const gralloc_module_t*, const native_handle_t*):274 Trying to unregister buffer 0x44b66920 from process 84 that was not created in current process: 84
04-26 04:11:42.100 E/[Gralloc-ERROR](   84): int gralloc_unregister_buffer(const gralloc_module_t*, const native_handle_t*):274 Trying to unregister buffer 0x44b66880 from process 84 that was not created in current process: 84
04-26 04:11:42.100 I/Gonk    (   84): Setting nice for pid 4759 to 18
04-26 04:11:42.100 I/Gonk    (   84): Changed nice for pid 4759 from 18 to 18.
04-26 04:11:42.100 I/Gecko   (   84): [Parent 84] WARNING: waitpid failed pid:4759 errno:10: file ../../../gecko/ipc/chromium/src/base/process_util_posix.cc, line 254
04-26 04:11:42.140 I/Gecko   (   84): 1398510702157	Marionette	DEBUG	Got request: switchToFrame, data: {"to":"0","sessionId":"3-b2g","name":"switchToFrame","parameters":{"focus":true,"element":"{1a2f6b5a-99ad-4ec2-940d-8702da8c3f5d}"}}, id: {f2703e67-a3c5-47cf-b406-cf12745f7787}
04-26 04:11:42.150 I/Gecko   (   84): 1398510702164	Marionette	INFO	Switched to frame: {"frameValue":"{1a2f6b5a-99ad-4ec2-940d-8702da8c3f5d}"}
04-26 04:11:42.160 I/Gecko   (   84): 1398510702175	Marionette	INFO	trying remote frame 0
04-26 04:11:42.170 I/Gecko   (   84): 1398510702181	Marionette	INFO	trying remote frame 1
04-26 04:11:42.170 I/Gecko   (   84): 1398510702182	Marionette	INFO	trying remote frame 2
04-26 04:11:42.170 I/Gecko   (   84): 1398510702183	Marionette	INFO	trying remote frame 3
04-26 04:11:42.170 I/Gecko   (   84): 1398510702184	Marionette	INFO	trying remote frame 4
04-26 04:11:42.170 I/Gecko   (   84): 1398510702185	Marionette	INFO	trying remote frame 5
04-26 04:11:42.170 I/Gecko   (   84): 1398510702185	Marionette	INFO	trying remote frame 6
04-26 04:11:42.180 I/Gecko   (   84): 1398510702193	Marionette	INFO	trying remote frame 7
04-26 04:11:42.180 I/Gecko   (   84): 1398510702195	Marionette	INFO	deleting frame
04-26 04:11:42.190 I/Gecko   (   84): 1398510702206	Marionette	INFO	frame-manager load script: [object ChromeMessageSender]
04-26 04:11:42.420 I/Gonk    (   84): Setting nice for pid 4767 to 18
04-26 04:11:42.420 I/Gonk    (   84): Changed nice for pid 4767 from 0 to 18.
04-26 04:11:42.960 I/Gecko   (   84): 1398510702971	Marionette	INFO	sendToClient: {"from":"0","ok":true}, {f2703e67-a3c5-47cf-b406-cf12745f7787}, {f2703e67-a3c5-47cf-b406-cf12745f7787}
04-26 04:11:43.070 I/Gecko   (   84): 1398510703080	Marionette	INFO	sendToClient: {"from":"0","value":"http://www.quadpuzzle.ru/triplex/triplex.html"}, {025ecc40-25ab-4a13-823d-9aac46205047}, {025ecc40-25ab-4a13-823d-9aac46205047}
04-26 04:11:43.070 I/Gecko   (   84): 1398510703087	Marionette	DEBUG	Got request: execute, data: {"to":"0","sessionId":"3-b2g","name":"executeScript","parameters":{"specialPowers":false,"scriptTimeout":null,"newSandbox":true,"args":[],"filename":"app_checker.py","script":"return window.document.readyState;","line":191}}, id: {7b995b15-e396-4f3f-bed4-76050ec36a69}
04-26 04:11:43.110 I/Gonk    (   84): Setting nice for pid 4759 to 18
04-26 04:11:43.110 I/Gonk    (   84): Changed nice for pid 4759 from 18 to 18.
04-26 04:11:43.130 I/Gecko   (   84): 1398510703149	Marionette	INFO	sendToClient: {"from":"0","value":"complete"}, {7b995b15-e396-4f3f-bed4-76050ec36a69}, {7b995b15-e396-4f3f-bed4-76050ec36a69}
04-26 04:11:43.140 I/Gecko   (   84): 1398510703157	Marionette	INFO	sendToClient: {"from":"0","value":"http://www.quadpuzzle.ru/triplex/triplex.html"}, {ed78c66a-965c-49ae-a52a-c014f1c01fae}, {ed78c66a-965c-49ae-a52a-c014f1c01fae}
04-26 04:11:43.150 I/Gecko   ( 4687): Attempting load of libEGL.so
04-26 04:11:43.180 D/libEGL  ( 4687): loaded /system/lib/egl/libEGL_mali.so
04-26 04:11:43.200 D/libEGL  ( 4687): loaded /system/lib/egl/libGLESv1_CM_mali.so
04-26 04:11:43.200 D/libEGL  ( 4687): loaded /system/lib/egl/libGLESv2_mali.so
04-26 04:11:43.270 I/Gecko   ( 4687): SharedSurface_Gralloc::Create -------
04-26 04:11:43.300 I/Gecko   ( 4687): SharedSurface_Gralloc::Create: success -- surface 0x43ed9c80, GraphicBuffer 0x43e83e80.
04-26 04:11:43.530 I/Gecko   (   84): 
04-26 04:11:43.530 I/Gecko   (   84): ###!!! [Parent][MessageChannel] Error: Channel error: cannot send/recv
04-26 04:11:43.530 I/Gecko   (   84): 
04-26 04:11:43.670 I/GeckoDump(   84): Crash reporter : Can't fetch app.reportCrashes. Exception: [Exception... "Component returned failure code: 0x8000ffff (NS_ERROR_UNEXPECTED) [nsIPrefBranch.getBoolPref]"  nsresult: "0x8000ffff (NS_ERROR_UNEXPECTED)"  location: "JS frame :: chrome://browser/content/shell.js :: shell_reportCrash :: line 7"  data: no]
04-26 04:11:43.690 I/Gecko   (   84): [Parent 84] WARNING: waitpid failed pid:4759 errno:10: file ../../../gecko/ipc/chromium/src/base/process_util_posix.cc, line 254
04-26 04:11:44.380 I/Gecko   (   84): 1398510704396	Marionette	INFO	sendToClient: {"from":"0","value":"iVBORw0KGgoAAAANSUhEUgAAAUAAAAHMCAYAAACk4nEJAAAgAElEQVR4nO3d95/7Rp0/8Pmf7o6jhUACaUBCkg/pfatXlmRZ9tpeb/UWf4AABwE+n12v97OfhdAucJTkAoSj5Qg1dEJCDS30UA6+ENr7+4M98kiW5JE0o5mR54fX49P247Vs67nv6ch1XHAqDriOCxW7Am7NBcu2wDCNQqZsloU/B1FxKg64dVdMHMnjCnpdRKTmguM4oZ8R0zKhWqmKfz8yBpvmOi5YlgXVShVMyxz8W9WBVqMF7VYbUPA/ib5JdfjGtExwXRdq9Vo+N1tV/M2QKKJxEpCKUwHLGhQ9ZbPsAWhZlvj3IyV6rjMo6JyKA07Fgbpbh2azCe1WG9rtNrRX2n4ARd+YOvmmYle4VxmibwiNYIq4/tciiIoyqQ6up91qQ3t1gJ2XIX7t1SGAom9GHXHBHxTmEX0DaAQzp91qQ6PRgEa9AVV3VBXSVoa2bfv+jP9vmsrSMI3RnwNIu64LjfrgeTYbzRFwFEGib0Ad8TEtk92No3LlpxEcy0p7ZdBkxJVUuw3Ly8tQq9WgVq2B6wz6E8tm2YONpmosm2Uom2WvX45MtVL1mq6+r7fKUKvWoN1qw+rKKqyurUJnq+NlfWMdVtdWqfHTAOp4MS0zezVYJPw0gl68ZmM70IzEWR2k1WwN0mhBY7kBjusMPhPDQZeo19gHZs2FVqM1SrM1QJj4vjudHehsdWBrcwu2t7Zhp7MDO50dWFtfg53OzgBBstkbbAJrAHWiUqkMZgKkullEY6UR5JaV5oofjwTNTOZZa8Pm5qYHX1Taa5OfpwZQJzQaPyJpfyAULFLgN8wk/MYgjKgGNYA6oSmbZbomcbBDuqiRACAZIho+HNzcpc3m5uYAwrb/cTSAOrHxpstEVUGiYdII5o8gMY9OWNrJqkCc7a1tX0WoAd
04-26 04:11:44.680 I/Gecko   (   84): 1398510704698	Marionette	INFO	sendToClient: {"from":"0","ok":true}, {d67a0792-485c-4553-be2b-9f22f7372069}, {d67a0792-485c-4553-be2b-9f22f7372069}
04-26 04:11:44.690 I/Gecko   (   84): 1398510704704	Marionette	DEBUG	Got request: switchToFrame, data: {"to":"0","sessionId":"3-b2g","name":"switchToFrame","parameters":{"id":null,"focus":true}}, id: {1fbb82fa-5f1e-464d-9d1c-81cfcd23422f}
04-26 04:11:44.710 I/Gecko   (   84): 1398510704727	Marionette	INFO	Switched to frame: {"frameValue":null}
04-26 04:11:44.820 I/Gecko   (   84): 1398510704832	Marionette	INFO	sendToClient: {"from":"0","ok":true}, {1fbb82fa-5f1e-464d-9d1c-81cfcd23422f}, {1fbb82fa-5f1e-464d-9d1c-81cfcd23422f}
04-26 04:11:44.830 I/Gecko   (   84): 1398510704840	Marionette	DEBUG	Got request: executeWithCallback, data: {"to":"0","sessionId":"3-b2g","name":"executeAsyncScript","parameters":{"specialPowers":false,"scriptTimeout":null,"newSandbox":true,"args":[],"filename":"gaia_test.py","script":"return GaiaApps.displayedApp();","line":66}}, id: {b1c69f14-4fbf-4d83-997a-e366925819f8}
04-26 04:11:45.000 I/Gecko   (   84): 1398510705010	Marionette	INFO	sendToClient: {"from":"0","value":{"frame":{"ELEMENT":"{1a2f6b5a-99ad-4ec2-940d-8702da8c3f5d}"},"src":"http://www.quadpuzzle.ru/triplex/triplex.html","name":"Triplex","origin":"http://www.quadpuzzle.ru"}}, {b1c69f14-4fbf-4d83-997a-e366925819f8}, {b1c69f14-4fbf-4d83-997a-e366925819f8}
04-26 04:11:45.000 I/Gecko   (   84): 1398510705016	Marionette	DEBUG	Got request: switchToFrame, data: {"to":"0","sessionId":"3-b2g","name":"switchToFrame","parameters":{"id":null,"focus":true}}, id: {0ef5cd23-3703-4d45-8ce8-5e6cce602402}
04-26 04:11:45.010 E/GeckoConsole(   84): Content JS LOG at dummy file:392 in GaiaApps.displayedApp: app with origin 'http://www.quadpuzzle.ru' is displayed
04-26 04:11:45.030 I/Gecko   (   84): 1398510705041	Marionette	INFO	Switched to frame: {"frameValue":null}
04-26 04:11:45.130 I/Gecko   (   84): 1398510705144	Marionette	INFO	sendToClient: {"from":"0","ok":true}, {0ef5cd23-3703-4d45-8ce8-5e6cce602402}, {0ef5cd23-3703-4d45-8ce8-5e6cce602402}
04-26 04:11:45.140 I/Gecko   (   84): 1398510705150	Marionette	DEBUG	Got request: execute, data: {"to":"0","sessionId":"3-b2g","name":"executeScript","parameters":{"specialPowers":false,"scriptTimeout":null,"newSandbox":true,"args":[],"filename":"gaia_test.py","script":"window.wrappedJSObject.dispatchEvent(new Event('home'));","line":788}}, id: {ad0cd29b-64fb-4f9a-be2f-2351a92e2204}
04-26 04:11:45.290 I/Gonk    (   84): Setting nice for pid 4767 to 18
04-26 04:11:45.290 I/Gonk    (   84): Changed nice for pid 4767 from 18 to 18.
04-26 04:11:45.300 I/Gecko   (   84): [Parent 84] WARNING: waitpid failed pid:4767 errno:10: file ../../../gecko/ipc/chromium/src/base/process_util_posix.cc, line 254
04-26 04:11:45.300 I/Gonk    (   84): Setting nice for pid 4767 to 1
04-26 04:11:45.300 I/Gonk    (   84): Changed nice for pid 4767 from 18 to 1.
04-26 04:11:45.340 D/Sensors (   84): activate handle=0; drv=0
04-26 04:11:45.340 D/Sensors (   84): Lis3dhSensor: Control set 0
04-26 04:11:45.340 D/Sensors (   84): Lis3dhSensor: mEnabled = 0
04-26 04:11:45.370 I/Gecko   (   84): 1398510705388	Marionette	INFO	sendToClient: {"from":"0","value":null}, {ad0cd29b-64fb-4f9a-be2f-2351a92e2204}, {ad0cd29b-64fb-4f9a-be2f-2351a92e2204}
04-26 04:11:45.390 I/Gecko   (   84): 1398510705407	Marionette	DEBUG	Got request: switchToFrame, data: {"to":"0","sessionId":"3-b2g","name":"switchToFrame","parameters":{"id":null,"focus":true}}, id: {37a48088-6a8a-4a47-a273-dbf81f56a1bc}
04-26 04:11:45.390 I/Gecko   (   84): 1398510705409	Marionette	INFO	Switched to frame: {"frameValue":null}
04-26 04:11:45.520 I/Gecko   (   84): 1398510705535	Marionette	INFO	sendToClient: {"from":"0","ok":true}, {37a48088-6a8a-4a47-a273-dbf81f56a1bc}, {37a48088-6a8a-4a47-a273-dbf81f56a1bc}
04-26 04:11:45.690 I/Gecko   (   84): [Parent 84] WARNING: waitpid failed pid:4759 errno:10: file ../../../gecko/ipc/chromium/src/base/process_util_posix.cc, line 254
04-26 04:11:45.690 I/Gecko   (   84): [Parent 84] WARNING: Failed to deliver SIGKILL to 4759!(3).: file ../../../gecko/ipc/chromium/src/chrome/common/process_watcher_posix_sigchld.cc, line 118
04-26 04:11:45.740 I/Gecko   (   84): 1398510705759	Marionette	DEBUG	Got request: executeWithCallback, data: {"to":"0","sessionId":"3-b2g","name":"executeAsyncScript","parameters":{"specialPowers":false,"scriptTimeout":null,"newSandbox":true,"args":[],"filename":"gaia_test.py","script":"return GaiaApps.displayedApp();","line":66}}, id: {a6f90912-8558-4613-9025-e960ae53e731}
04-26 04:11:45.830 E/GeckoConsole(   84): Content JS LOG at dummy file:392 in GaiaApps.displayedApp: app with origin 'app://homescreen.gaiamobile.org' is displayed
04-26 04:11:45.830 I/Gecko   (   84): 1398510705846	Marionette	INFO	sendToClient: {"from":"0","value":{"frame":{"ELEMENT":"{bb9f01bd-56b9-4883-8af9-6625bce1137f}"},"src":"app://homescreen.gaiamobile.org/index.html#root","name":"Homescreen","origin":"app://homescreen.gaiamobile.org"}}, {a6f90912-8558-4613-9025-e960ae53e731}, {a6f90912-8558-4613-9025-e960ae53e731}
04-26 04:11:45.840 I/Gecko   (   84): 1398510705851	Marionette	DEBUG	Got request: switchToFrame, data: {"to":"0","sessionId":"3-b2g","name":"switchToFrame","parameters":{"id":null,"focus":true}}, id: {05baafec-57bf-480d-b6b1-13f69cd51d86}
04-26 04:11:45.860 I/Gecko   (   84): 1398510705875	Marionette	INFO	Switched to frame: {"frameValue":null}
04-26 04:11:45.960 I/Gecko   (   84): 1398510705978	Marionette	INFO	sendToClient: {"from":"0","ok":true}, {05baafec-57bf-480d-b6b1-13f69cd51d86}, {05baafec-57bf-480d-b6b1-13f69cd51d86}
04-26 04:11:45.970 I/Gecko   (   84): 1398510705984	Marionette	DEBUG	Got request: switchToFrame, data: {"to":"0","sessionId":"3-b2g","name":"switchToFrame","parameters":{"id":null,"focus":true}}, id: {f8e9ff6f-9426-47fd-95df-4651ad77bbb8}
04-26 04:11:45.980 I/Gecko   (   84): 1398510705999	Marionette	INFO	Switched to frame: {"frameValue":null}
04-26 04:11:46.100 I/Gecko   (   84): 1398510706114	Marionette	INFO	sendToClient: {"from":"0","ok":true}, {f8e9ff6f-9426-47fd-95df-4651ad77bbb8}, {f8e9ff6f-9426-47fd-95df-4651ad77bbb8}
04-26 04:11:46.110 I/Gecko   (   84): 1398510706126	Marionette	DEBUG	Got request: executeWithCallback, data: {"to":"0","sessionId":"3-b2g","name":"executeAsyncScript","parameters":{"specialPowers":false,"scriptTimeout":null,"newSandbox":true,"args":[],"filename":"gaia_test.py","script":"return GaiaApps.displayedApp();","line":66}}, id: {e7aff7da-e715-461d-bad1-e6925d20de3d}
04-26 04:11:46.210 I/Gecko   (   84): 1398510706225	Marionette	INFO	sendToClient: {"from":"0","value":{"frame":{"ELEMENT":"{bb9f01bd-56b9-4883-8af9-6625bce1137f}"},"src":"app://homescreen.gaiamobile.org/index.html#root","name":"Homescreen","origin":"app://homescreen.gaiamobile.org"}}, {e7aff7da-e715-461d-bad1-e6925d20de3d}, {e7aff7da-e715-461d-bad1-e6925d20de3d}
04-26 04:11:46.230 E/GeckoConsole(   84): Content JS LOG at dummy file:392 in GaiaApps.displayedApp: app with origin 'app://homescreen.gaiamobile.org' is displayed
04-26 04:11:46.250 I/Gecko   (   84): 1398510706261	Marionette	DEBUG	Got request: switchToFrame, data: {"to":"0","sessionId":"3-b2g","name":"switchToFrame","parameters":{"focus":true,"element":"{bb9f01bd-56b9-4883-8af9-6625bce1137f}"}}, id: {83f63b0f-b0ab-4f24-ac35-6a070de26093}
04-26 04:11:46.280 I/Gecko   (   84): 1398510706294	Marionette	INFO	Switched to frame: {"frameValue":"{bb9f01bd-56b9-4883-8af9-6625bce1137f}"}
04-26 04:11:46.280 I/Gecko   (   84): 1398510706298	Marionette	INFO	trying remote frame 0
04-26 04:11:46.280 I/Gecko   (   84): 1398510706299	Marionette	INFO	trying remote frame 1
04-26 04:11:46.290 I/Gecko   (   84): 1398510706300	Marionette	INFO	trying remote frame 2
04-26 04:11:46.290 I/Gecko   (   84): 1398510706301	Marionette	INFO	trying remote frame 3
04-26 04:11:46.290 I/Gecko   (   84): 1398510706302	Marionette	INFO	trying remote frame 4
04-26 04:11:46.300 I/Gecko   (   84): 1398510706310	Marionette	INFO	trying remote frame 5
04-26 04:11:46.300 I/Gecko   (   84): 1398510706311	Marionette	INFO	trying remote frame 6
04-26 04:11:46.300 I/Gecko   (   84): 1398510706319	Marionette	INFO	trying remote frame 7
04-26 04:11:46.310 I/Gecko   (   84): 1398510706320	Marionette	INFO	deleting frame
04-26 04:11:46.310 I/Gecko   (   84): 1398510706326	Marionette	INFO	frame-manager load script: [object ChromeMessageSender]
04-26 04:11:46.330 W/WifiHW  (   84): wifi_command: SIGNAL_POLL
04-26 04:11:47.230 I/Gonk    (   84): Setting nice for pid 4687 to 18
04-26 04:11:47.230 I/Gonk    (   84): Changed nice for pid 4687 from 1 to 18.
04-26 04:11:47.400 I/Gonk    (   84): Setting nice for pid 4780 to 18
04-26 04:11:47.400 I/Gonk    (   84): Changed nice for pid 4780 from 0 to 18.
04-26 04:11:47.850 I/Gecko   ( 4767): ###################################### forms.js loaded
04-26 04:11:47.960 I/Gecko   (   84): 
04-26 04:11:47.960 I/Gecko   (   84): ###!!! [Parent][MessageChannel] Error: Channel error: cannot send/recv
04-26 04:11:47.960 I/Gecko   (   84): 
04-26 04:11:47.970 I/Gecko   ( 4767): ############################### browserElementPanning.js loaded
04-26 04:11:48.030 I/Gecko   ( 4767): ######################## BrowserElementChildPreload.js loaded
04-26 04:11:48.070 I/GeckoDump(   84): Crash reporter : Can't fetch app.reportCrashes. Exception: [Exception... "Component returned failure code: 0x8000ffff (NS_ERROR_UNEXPECTED) [nsIPrefBranch.getBoolPref]"  nsresult: "0x8000ffff (NS_ERROR_UNEXPECTED)"  location: "JS frame :: chrome://browser/content/shell.js :: shell_reportCrash :: line 7"  data: no]
04-26 04:11:48.100 I/Gecko   (   84): [Parent 84] WARNING: waitpid failed pid:4687 errno:10: file ../../../gecko/ipc/chromium/src/base/process_util_posix.cc, line 254
04-26 04:11:48.910 I/Gecko   (   84): 1398510708928	Marionette	INFO	sendToClient: {"from":"0","ok":true}, {83f63b0f-b0ab-4f24-ac35-6a070de26093}, {83f63b0f-b0ab-4f24-ac35-6a070de26093}
04-26 04:11:49.250 I/Gecko   (   84): 1398510709260	Marionette	INFO	sendToClient: {"from":"0","value":"app://homescreen.gaiamobile.org/index.html#root"}, {c2d19807-4512-4ec4-ab87-7586243bbda2}, {c2d19807-4512-4ec4-ab87-7586243bbda2}
04-26 04:11:49.260 I/Gecko   (   84): 1398510709278	Marionette	DEBUG	Got request: switchToFrame, data: {"to":"0","sessionId":"3-b2g","name":"switchToFrame","parameters":{"id":null,"focus":true}}, id: {dfbc29ad-4e95-4f11-b83a-0e13faee5519}
04-26 04:11:49.280 I/Gecko   (   84): 1398510709295	Marionette	INFO	Switched to frame: {"frameValue":null}
