--------- beginning of /dev/log/main
04-24 16:15:11.794 I/Gonk    (   84): Setting nice for pid 541 to 1
04-24 16:15:11.794 I/Gonk    (   84): Changed nice for pid 541 from 18 to 1.
04-24 16:15:11.814 D/Sensors (   84): activate handle=0; drv=0
04-24 16:15:11.814 D/Sensors (   84): Lis3dhSensor: Control set 0
04-24 16:15:11.814 D/Sensors (   84): Lis3dhSensor: mEnabled = 0
04-24 16:15:11.824 I/Gecko   (   84): 1398381311838	Marionette	INFO	sendToClient: {"from":"0","value":null}, {fcc642af-18fb-4835-bfe9-f284a588504d}, {fcc642af-18fb-4835-bfe9-f284a588504d}
04-24 16:15:11.844 I/Gecko   (   84): 1398381311862	Marionette	DEBUG	Got request: switchToFrame, data: {"to":"0","sessionId":"3-b2g","name":"switchToFrame","parameters":{"id":null,"focus":true}}, id: {66a7a520-7f64-4ce1-807d-ff4bc5a57888}
04-24 16:15:11.854 I/Gecko   (   84): 1398381311865	Marionette	INFO	Switched to frame: {"frameValue":null}
04-24 16:15:11.954 I/Gecko   (   84): 1398381311970	Marionette	INFO	sendToClient: {"from":"0","ok":true}, {66a7a520-7f64-4ce1-807d-ff4bc5a57888}, {66a7a520-7f64-4ce1-807d-ff4bc5a57888}
04-24 16:15:11.964 I/Gecko   (   84): 1398381311978	Marionette	DEBUG	Got request: executeWithCallback, data: {"to":"0","sessionId":"3-b2g","name":"executeAsyncScript","parameters":{"specialPowers":false,"scriptTimeout":null,"newSandbox":true,"args":[],"filename":"gaia_test.py","script":"return GaiaApps.displayedApp();","line":66}}, id: {fbe83c7b-efe0-4101-ad27-d3bb8205b99e}
04-24 16:15:12.064 E/GeckoConsole(   84): Content JS LOG at dummy file:392 in GaiaApps.displayedApp: app with origin 'app://homescreen.gaiamobile.org' is displayed
04-24 16:15:12.064 I/Gecko   (   84): 1398381312076	Marionette	INFO	sendToClient: {"from":"0","value":{"frame":{"ELEMENT":"{5046783c-6469-4317-8e16-e408bb7fc985}"},"src":"app://homescreen.gaiamobile.org/index.html#root","name":"Homescreen","origin":"app://homescreen.gaiamobile.org"}}, {fbe83c7b-efe0-4101-ad27-d3bb8205b99e}, {fbe83c7b-efe0-4101-ad27-d3bb8205b99e}
04-24 16:15:12.074 I/Gecko   (   84): 1398381312093	Marionette	DEBUG	Got request: switchToFrame, data: {"to":"0","sessionId":"3-b2g","name":"switchToFrame","parameters":{"id":null,"focus":true}}, id: {cbbcb246-bd57-4b60-ab84-2fabd4cbd7a6}
04-24 16:15:12.084 I/Gecko   (   84): 1398381312095	Marionette	INFO	Switched to frame: {"frameValue":null}
04-24 16:15:12.184 I/Gecko   (   84): 1398381312201	Marionette	INFO	sendToClient: {"from":"0","ok":true}, {cbbcb246-bd57-4b60-ab84-2fabd4cbd7a6}, {cbbcb246-bd57-4b60-ab84-2fabd4cbd7a6}
04-24 16:15:12.214 I/Gecko   (   84): 1398381312231	Marionette	DEBUG	Got request: switchToFrame, data: {"to":"0","sessionId":"3-b2g","name":"switchToFrame","parameters":{"id":null,"focus":true}}, id: {ef82fcca-08f3-47bd-80b4-e8f01f2dd45d}
04-24 16:15:12.224 I/Gecko   (   84): 1398381312235	Marionette	INFO	Switched to frame: {"frameValue":null}
04-24 16:15:12.324 I/Gecko   (   84): 1398381312338	Marionette	INFO	sendToClient: {"from":"0","ok":true}, {ef82fcca-08f3-47bd-80b4-e8f01f2dd45d}, {ef82fcca-08f3-47bd-80b4-e8f01f2dd45d}
04-24 16:15:12.334 I/Gecko   (   84): 1398381312347	Marionette	DEBUG	Got request: executeWithCallback, data: {"to":"0","sessionId":"3-b2g","name":"executeAsyncScript","parameters":{"specialPowers":false,"scriptTimeout":null,"newSandbox":true,"args":[],"filename":"gaia_test.py","script":"return GaiaApps.displayedApp();","line":66}}, id: {8b12c5e4-3a46-4f8e-86d4-dd002ae18c00}
04-24 16:15:12.454 E/GeckoConsole(   84): Content JS LOG at dummy file:392 in GaiaApps.displayedApp: app with origin 'app://homescreen.gaiamobile.org' is displayed
04-24 16:15:12.464 I/Gecko   (   84): 1398381312476	Marionette	INFO	sendToClient: {"from":"0","value":{"frame":{"ELEMENT":"{5046783c-6469-4317-8e16-e408bb7fc985}"},"src":"app://homescreen.gaiamobile.org/index.html#root","name":"Homescreen","origin":"app://homescreen.gaiamobile.org"}}, {8b12c5e4-3a46-4f8e-86d4-dd002ae18c00}, {8b12c5e4-3a46-4f8e-86d4-dd002ae18c00}
04-24 16:15:12.484 I/Gecko   (   84): 1398381312498	Marionette	DEBUG	Got request: switchToFrame, data: {"to":"0","sessionId":"3-b2g","name":"switchToFrame","parameters":{"focus":true,"element":"{5046783c-6469-4317-8e16-e408bb7fc985}"}}, id: {df8bc29c-ea62-4aee-b96c-d621ec1d52b7}
04-24 16:15:12.504 I/Gecko   (   84): 1398381312514	Marionette	INFO	Switched to frame: {"frameValue":"{5046783c-6469-4317-8e16-e408bb7fc985}"}
04-24 16:15:12.604 I/Gecko   (   84): 1398381312614	Marionette	INFO	trying remote frame 0
04-24 16:15:12.614 I/Gecko   (   84): 1398381312626	Marionette	INFO	deleting frame
04-24 16:15:12.624 I/Gecko   (   84): 1398381312641	Marionette	INFO	frame-manager load script: [object ChromeMessageSender]
04-24 16:15:13.644 E/[Gralloc-ERROR](   84): int gralloc_register_buffer(const gralloc_module_t*, const native_handle_t*):79 Unable to register handle 0x44ecddd0 coming from different process: 84
04-24 16:15:13.664 E/[Gralloc-ERROR](   84): int gralloc_register_buffer(const gralloc_module_t*, const native_handle_t*):79 Unable to register handle 0x44ecde70 coming from different process: 84
04-24 16:15:14.534 E/[Gralloc-ERROR](   84): int gralloc_unregister_buffer(const gralloc_module_t*, const native_handle_t*):274 Trying to unregister buffer 0x44ecde70 from process 84 that was not created in current process: 84
04-24 16:15:14.534 E/[Gralloc-ERROR](   84): int gralloc_unregister_buffer(const gralloc_module_t*, const native_handle_t*):274 Trying to unregister buffer 0x44ecddd0 from process 84 that was not created in current process: 84
04-24 16:15:14.584 I/Gecko   (   84): 1398381314599	Marionette	INFO	sendToClient: {"from":"0","ok":true}, {df8bc29c-ea62-4aee-b96c-d621ec1d52b7}, {df8bc29c-ea62-4aee-b96c-d621ec1d52b7}
04-24 16:15:14.624 E/[Gralloc-ERROR](   84): int gralloc_unregister_buffer(const gralloc_module_t*, const native_handle_t*):274 Trying to unregister buffer 0x498ae150 from process 84 that was not created in current process: 84
04-24 16:15:14.624 E/[Gralloc-ERROR](   84): int gralloc_unregister_buffer(const gralloc_module_t*, const native_handle_t*):274 Trying to unregister buffer 0x47c85ab0 from process 84 that was not created in current process: 84
04-24 16:15:15.274 E/Profiler(   84): BPUnw: [1 total] thread_unregister_for_profiling(me=0x598480)  (NOT REGISTERED) 
04-24 16:15:15.614 I/Gecko   (   84): 1398381315630	Marionette	INFO	sendToClient: {"from":"0","value":[]}, {b5ba7b3c-f3d3-4178-8134-27f1efbc4232}, {b5ba7b3c-f3d3-4178-8134-27f1efbc4232}
04-24 16:15:15.684 W/WifiHW  (   84): wifi_command: SIGNAL_POLL
04-24 16:15:16.014 I/Gecko   (   84): 1398381316029	Marionette	INFO	sendToClient: {"from":"0","value":[]}, {5796fd68-c35a-4beb-ab32-61223f07fed9}, {5796fd68-c35a-4beb-ab32-61223f07fed9}
04-24 16:15:16.064 E/GeckoConsole(  541): Content JS ERROR at app://homescreen.gaiamobile.org/gaia_build_defer_index.js:390 in loadSVConfFileError: Failed parsing singleVariant configuration file [js/singlevariantconf.json]:  [Exception... "File error: Not found"  nsresult: "0x80520012 (NS_ERROR_FILE_NOT_FOUND)"  location: "JS frame :: app://homescreen.gaiamobile.org/gaia_build_defer_index.js :: loadFile :: line 382"  data: no]
04-24 16:15:16.974 I/Gonk    (   84): Setting nice for pid 570 to 18
04-24 16:15:16.974 I/Gonk    (   84): Changed nice for pid 570 from 0 to 18.
04-24 16:15:20.444 I/Gecko   (   84): -*- RadioInterface[1]: _lastKnownHomeNetwork: 214-07
04-24 16:15:20.454 I/Gecko   (  570): ###################################### forms.js loaded
04-24 16:15:20.474 I/Gecko   (   84): 1398381320488	Marionette	INFO	sendToClient: {"from":"0","value":["{6055e621-804d-4dcb-ab53-86072e79b5ed}","{d64b0ba7-0557-4824-86a1-c4e997b91c69}","{895a7bf1-efb1-4c7e-8f83-601112603e43}","{693f9f7f-7342-468b-b992-34616d30f2fb}","{4cd9b40c-de02-4a56-adec-47144fc5f6ad}","{20d4bd55-cec0-4580-8af7-a5b2d29df685}","{de0f3382-90a1-4649-b180-557b1c3d5dc9}","{5b01812a-199f-4146-8d57-10ed37c79fab}","{e41ec16f-dd68-4418-8b83-bfaf336c0b46}","{8db944e9-6f64-4775-808c-9e405d42f730}","{c0b936c8-2ef5-4203-bc18-5ff88575c7e3}","{708febd6-086c-47e7-9113-32094e46ddb8}","{1e08fb90-14aa-4fb4-8424-dafd9e75ae65}","{7e917806-37d0-4fd9-957c-9e4fcc447828}","{8a809148-f3f1-46af-9af0-7adedf5dabec}","{4d635eab-cfd7-4da2-ac9c-3d71145f7f15}","{9e75b53f-fbcf-44bc-b526-177cd85cfe99}","{6d6c756e-d946-44bd-86c8-062ed3a272e9}","{bce94671-bfe1-4491-b943-2659db2c8a12}","{7d417fc2-dbed-4874-a958-05c6c602113d}","{9815bef8-335d-4425-af8d-6911e69716b7}"]}, {36cc5e57-3f3c-4ea5-b2be-63fe9d238f96}, {36cc5e57-3f3c-4ea5-b2be-63fe9d238f96}
04-24 16:15:20.624 I/Gecko   (  570): ############################### browserElementPanning.js loaded
04-24 16:15:20.684 I/Gecko   (  570): ######################## BrowserElementChildPreload.js loaded
04-24 16:15:20.984 E/GeckoConsole(  541): Content JS WARN at app://homescreen.gaiamobile.org/gaia_build_defer_index.js:184 in isHiddenApp: Unexpected role when checking hidden app: undefined
04-24 16:15:20.984 E/GeckoConsole(  541): Content JS WARN at app://homescreen.gaiamobile.org/gaia_build_defer_index.js:184 in isHiddenApp: Unexpected role when checking hidden app: undefined
04-24 16:15:20.984 E/GeckoConsole(  541): Content JS WARN at app://homescreen.gaiamobile.org/gaia_build_defer_index.js:184 in isHiddenApp: Unexpected role when checking hidden app: undefined
04-24 16:15:20.984 E/GeckoConsole(  541): Content JS WARN at app://homescreen.gaiamobile.org/gaia_build_defer_index.js:184 in isHiddenApp: Unexpected role when checking hidden app: undefined
04-24 16:15:20.994 E/GeckoConsole(  541): Content JS WARN at app://homescreen.gaiamobile.org/gaia_build_defer_index.js:184 in isHiddenApp: Unexpected role when checking hidden app: undefined
04-24 16:15:21.014 E/GeckoConsole(  541): Content JS WARN at app://homescreen.gaiamobile.org/gaia_build_defer_index.js:184 in isHiddenApp: Unexpected role when checking hidden app: undefined
04-24 16:15:21.024 E/GeckoConsole(  541): Content JS WARN at app://homescreen.gaiamobile.org/gaia_build_defer_index.js:184 in isHiddenApp: Unexpected role when checking hidden app: undefined
04-24 16:15:21.024 E/GeckoConsole(  541): Content JS WARN at app://homescreen.gaiamobile.org/gaia_build_defer_index.js:184 in isHiddenApp: Unexpected role when checking hidden app: undefined
04-24 16:15:21.024 E/GeckoConsole(  541): Content JS WARN at app://homescreen.gaiamobile.org/gaia_build_defer_index.js:184 in isHiddenApp: Unexpected role when checking hidden app: undefined
04-24 16:15:21.024 E/GeckoConsole(  541): Content JS WARN at app://homescreen.gaiamobile.org/gaia_build_defer_index.js:184 in isHiddenApp: Unexpected role when checking hidden app: undefined
04-24 16:15:21.024 E/GeckoConsole(  541): Content JS WARN at app://homescreen.gaiamobile.org/gaia_build_defer_index.js:184 in isHiddenApp: Unexpected role when checking hidden app: undefined
04-24 16:15:21.024 E/GeckoConsole(  541): Content JS WARN at app://homescreen.gaiamobile.org/gaia_build_defer_index.js:184 in isHiddenApp: Unexpected role when checking hidden app: undefined
04-24 16:15:21.024 E/GeckoConsole(  541): Content JS WARN at app://homescreen.gaiamobile.org/gaia_build_defer_index.js:184 in isHiddenApp: Unexpected role when checking hidden app: undefined
04-24 16:15:21.074 E/GeckoConsole(  541): Content JS WARN at app://homescreen.gaiamobile.org/gaia_build_defer_index.js:184 in isHiddenApp: Unexpected role when checking hidden app: undefined
04-24 16:15:21.094 E/GeckoConsole(  541): Content JS WARN at app://homescreen.gaiamobile.org/gaia_build_defer_index.js:184 in isHiddenApp: Unexpected role when checking hidden app: undefined
04-24 16:15:21.094 E/GeckoConsole(  541): Content JS WARN at app://homescreen.gaiamobile.org/gaia_build_defer_index.js:184 in isHiddenApp: Unexpected role when checking hidden app: undefined
04-24 16:15:21.104 E/GeckoConsole(  541): Content JS WARN at app://homescreen.gaiamobile.org/gaia_build_defer_index.js:184 in isHiddenApp: Unexpected role when checking hidden app: undefined
04-24 16:15:21.184 W/WifiHW  (   84): wifi_command: SIGNAL_POLL
04-24 16:15:22.494 I/Gecko   (   84): 1398381322512	Marionette	INFO	sendToClient: {"from":"0","value":"<div><img src=\"blob:e0a39b73-fe54-4ed3-9e30-14b9e0ca6d86\" style=\"visibility: visible;\" role=\"presentation\" height=\"64\" width=\"64\"><span class=\"labelWrapper\"><span>Social</span></span></div><span data-is-icon=\"true\" class=\"options\"></span>"}, {8021f70a-15e3-4392-b266-f23af1b232cc}, {8021f70a-15e3-4392-b266-f23af1b232cc}
04-24 16:15:22.704 I/Gecko   (   84): 1398381322721	Marionette	INFO	sendToClient: {"from":"0","value":"<div><img src=\"blob:c2191966-ca0f-461b-88e4-306059f9861d\" style=\"visibility: visible;\" role=\"presentation\" height=\"64\" width=\"64\"><span class=\"labelWrapper\"><span>Games</span></span></div><span data-is-icon=\"true\" class=\"options\"></span>"}, {2869baf6-2cd0-4572-b91e-e6566fabfe3e}, {2869baf6-2cd0-4572-b91e-e6566fabfe3e}
04-24 16:15:23.044 I/Gecko   (   84): 1398381323056	Marionette	INFO	sendToClient: {"from":"0","value":"<div><img src=\"blob:f58ca529-b970-4f48-b12c-629ff6816a82\" style=\"visibility: visible;\" role=\"presentation\" height=\"64\" width=\"64\"><span class=\"labelWrapper\"><span>Music</span></span></div><span data-is-icon=\"true\" class=\"options\"></span>"}, {bf104dc3-eb63-45ae-918a-fc0f68f0fd3a}, {bf104dc3-eb63-45ae-918a-fc0f68f0fd3a}
04-24 16:15:23.164 I/Gecko   (   84): 1398381323180	Marionette	INFO	sendToClient: {"from":"0","value":"<div><img src=\"blob:54833bb0-c5a9-4f3a-a48b-225367d0db60\" style=\"visibility: visible;\" role=\"presentation\" height=\"64\" width=\"64\"><span class=\"labelWrapper\"><span>Showbiz</span></span></div><span data-is-icon=\"true\" class=\"options\"></span>"}, {e2e254be-49de-493f-95fe-848605a533d9}, {e2e254be-49de-493f-95fe-848605a533d9}
04-24 16:15:23.304 I/Gecko   (   84): 1398381323316	Marionette	INFO	sendToClient: {"from":"0","value":"<div><img src=\"blob:3256c2db-7bbb-4043-bfec-822b10f73697\" style=\"visibility: visible;\" role=\"presentation\" height=\"64\" width=\"64\"><span class=\"labelWrapper\"><span>Camera</span></span></div>"}, {daadf738-6a89-4dc0-8f92-bff9248188ef}, {daadf738-6a89-4dc0-8f92-bff9248188ef}
04-24 16:15:23.344 I/Gecko   (   84): 1398381323362	Marionette	INFO	sendToClient: {"from":"0","value":"<div><img src=\"blob:4d2a0cf1-ede3-433d-8031-17b9cf610ab5\" style=\"visibility: visible;\" role=\"presentation\" height=\"64\" width=\"64\"><span class=\"labelWrapper\"><span>Gallery</span></span></div>"}, {72e9fe1c-38b9-47e0-a514-81e91e17125c}, {72e9fe1c-38b9-47e0-a514-81e91e17125c}
04-24 16:15:23.364 I/Gecko   (   84): 1398381323382	Marionette	INFO	sendToClient: {"from":"0","value":"<div><img src=\"blob:e576bdad-09d1-4935-898b-2dd178458c68\" style=\"visibility: visible;\" role=\"presentation\" height=\"64\" width=\"64\"><span class=\"labelWrapper\"><span>FM Radio</span></span></div>"}, {c60bbb44-ef28-4cf8-bcbe-e4e43f25a734}, {c60bbb44-ef28-4cf8-bcbe-e4e43f25a734}
04-24 16:15:23.394 I/Gecko   (   84): 1398381323410	Marionette	INFO	sendToClient: {"from":"0","value":"<div><img src=\"blob:b8536b7d-0ef1-438c-a693-3933138777e9\" style=\"visibility: visible;\" role=\"presentation\" height=\"64\" width=\"64\"><span class=\"labelWrapper\"><span>Settings</span></span></div>"}, {384223e7-c55d-4f20-9837-e33cfb633b65}, {384223e7-c55d-4f20-9837-e33cfb633b65}
04-24 16:15:23.414 I/Gecko   (   84): 1398381323432	Marionette	INFO	sendToClient: {"from":"0","value":"<div><img src=\"blob:03861226-6803-45d9-b402-e17d29a39999\" style=\"visibility: visible;\" role=\"presentation\" height=\"64\" width=\"64\"><span class=\"labelWrapper\"><span>Marketplace</span></span></div>"}, {50aa7db8-6291-41f3-8f8c-2d3b29dcd64f}, {50aa7db8-6291-41f3-8f8c-2d3b29dcd64f}
04-24 16:15:23.454 I/Gecko   (   84): 1398381323467	Marionette	INFO	sendToClient: {"from":"0","value":"<div><img src=\"blob:97d91514-8882-43a1-913e-0ebacb4c8c0c\" style=\"visibility: visible;\" role=\"presentation\" height=\"64\" width=\"64\"><span class=\"labelWrapper\"><span>Calendar</span></span></div>"}, {589df478-72c1-40d5-a3fb-e93fb75c9628}, {589df478-72c1-40d5-a3fb-e93fb75c9628}
04-24 16:15:23.534 I/Gecko   (   84): 1398381323545	Marionette	INFO	sendToClient: {"from":"0","value":"<div><img src=\"blob:6038dd44-3a72-4eda-ab88-e196dbe84d0d\" style=\"visibility: visible;\" role=\"presentation\" height=\"64\" width=\"64\"><span class=\"labelWrapper\"><span>Clock</span></span></div>"}, {edda8192-918e-4215-a30b-f24ab3f98c55}, {edda8192-918e-4215-a30b-f24ab3f98c55}
04-24 16:15:23.564 I/Gecko   (   84): 1398381323574	Marionette	INFO	sendToClient: {"from":"0","value":"<div><img src=\"blob:6af6aeb5-1fa6-4d38-9ec4-ac88a73d4af0\" style=\"visibility: visible;\" role=\"presentation\" height=\"64\" width=\"64\"><span class=\"labelWrapper\"><span>Usage</span></span></div>"}, {efa9d176-6c4c-4cbc-b404-a027a63c7007}, {efa9d176-6c4c-4cbc-b404-a027a63c7007}
04-24 16:15:23.574 I/Gecko   (   84): 1398381323592	Marionette	INFO	sendToClient: {"from":"0","value":"<div><img src=\"blob:5add39f4-d4cd-4016-a676-bfbfd3f2f103\" style=\"visibility: visible;\" role=\"presentation\" height=\"64\" width=\"64\"><span class=\"labelWrapper\"><span>E-Mail</span></span></div>"}, {f16aeb33-3505-4024-ae4d-91fc5eafd740}, {f16aeb33-3505-4024-ae4d-91fc5eafd740}
04-24 16:15:23.594 I/Gecko   (   84): 1398381323606	Marionette	INFO	sendToClient: {"from":"0","value":"<div><img src=\"blob:de66d86b-e1b0-4aac-aa6d-878994947917\" style=\"visibility: visible;\" role=\"presentation\" height=\"64\" width=\"64\"><span class=\"labelWrapper\"><span>Music</span></span></div>"}, {7d6a65d9-12d9-44f7-90a7-1c1c82c1f47b}, {7d6a65d9-12d9-44f7-90a7-1c1c82c1f47b}
04-24 16:15:23.604 I/Gecko   (   84): 1398381323617	Marionette	INFO	sendToClient: {"from":"0","value":"<div><img src=\"blob:0b831cd7-4796-4198-9c09-c179de79e8c9\" style=\"visibility: visible;\" role=\"presentation\" height=\"64\" width=\"64\"><span class=\"labelWrapper\"><span>Video</span></span></div>"}, {70f34285-5797-4d9e-bfd4-40638e3b21cd}, {70f34285-5797-4d9e-bfd4-40638e3b21cd}
04-24 16:15:23.614 I/Gecko   (   84): 1398381323629	Marionette	INFO	sendToClient: {"from":"0","value":"<div><img src=\"blob:bb1eb935-5a41-4fc8-acb4-cd9b8b3ae607\" style=\"visibility: visible;\" role=\"presentation\" height=\"64\" width=\"64\"><span class=\"labelWrapper\"><span>ConnectA2</span></span></div><span data-is-icon=\"true\" class=\"options\"></span>"}, {daf17c80-8f14-4242-beef-344ed2b6bd73}, {daf17c80-8f14-4242-beef-344ed2b6bd73}
04-24 16:15:23.624 I/Gecko   (   84): 1398381323641	Marionette	INFO	sendToClient: {"from":"0","value":"<div><img src=\"blob:cc1636a3-cb4d-4594-af16-c8e7c4a47dca\" style=\"visibility: visible;\" role=\"presentation\" height=\"64\" width=\"64\"><span class=\"labelWrapper\"><span>UFart</span></span></div><span data-is-icon=\"true\" class=\"options\"></span>"}, {288740db-4263-4b4d-9e4b-446ffaf4909c}, {288740db-4263-4b4d-9e4b-446ffaf4909c}
04-24 16:15:23.664 I/Gecko   (   84): 1398381323680	Marionette	INFO	sendToClient: {"from":"0","value":"<div><img src=\"blob:3f2c3e30-3cbe-4b4e-9969-273cf902a19a\" style=\"visibility: visible;\" role=\"presentation\" height=\"64\" width=\"64\"><span class=\"labelWrapper\"><span>Phone</span></span></div>"}, {67c6c063-35a1-40d2-917f-5ef5ab60a220}, {67c6c063-35a1-40d2-917f-5ef5ab60a220}
04-24 16:15:23.684 I/Gecko   (   84): 1398381323699	Marionette	INFO	sendToClient: {"from":"0","value":"<div><img src=\"blob:746136b1-ab66-43a5-8fb3-3e71e93a878d\" style=\"visibility: visible;\" role=\"presentation\" height=\"64\" width=\"64\"><span class=\"labelWrapper\"><span>Messages</span></span></div>"}, {399ff49a-07f3-4f32-a790-e95707ee48b9}, {399ff49a-07f3-4f32-a790-e95707ee48b9}
04-24 16:15:23.714 I/Gecko   (   84): 1398381323729	Marionette	INFO	sendToClient: {"from":"0","value":"<div><img src=\"blob:f06cd54c-3f97-4adb-9610-441891c4def4\" style=\"visibility: visible;\" role=\"presentation\" height=\"64\" width=\"64\"><span class=\"labelWrapper\"><span>Contacts</span></span></div>"}, {efa4c9ee-2c0a-4e72-be28-d836899b4893}, {efa4c9ee-2c0a-4e72-be28-d836899b4893}
04-24 16:15:23.724 I/Gecko   (   84): 1398381323743	Marionette	INFO	sendToClient: {"from":"0","value":"<div><img src=\"blob:5b77dddf-f207-4711-be10-00c7c6c19ff6\" style=\"visibility: visible;\" role=\"presentation\" height=\"64\" width=\"64\"><span class=\"labelWrapper\"><span>Browser</span></span></div>"}, {4b89b07b-b25f-4d9c-be3e-0bf9b659f6b4}, {4b89b07b-b25f-4d9c-be3e-0bf9b659f6b4}
04-24 16:15:25.764 I/Gecko   (   84): 1398381325773	Marionette	INFO	sendToClient: {"from":"0","value":["{6055e621-804d-4dcb-ab53-86072e79b5ed}","{d64b0ba7-0557-4824-86a1-c4e997b91c69}","{895a7bf1-efb1-4c7e-8f83-601112603e43}","{693f9f7f-7342-468b-b992-34616d30f2fb}","{4cd9b40c-de02-4a56-adec-47144fc5f6ad}","{20d4bd55-cec0-4580-8af7-a5b2d29df685}","{de0f3382-90a1-4649-b180-557b1c3d5dc9}","{5b01812a-199f-4146-8d57-10ed37c79fab}","{e41ec16f-dd68-4418-8b83-bfaf336c0b46}","{8db944e9-6f64-4775-808c-9e405d42f730}","{c0b936c8-2ef5-4203-bc18-5ff88575c7e3}","{708febd6-086c-47e7-9113-32094e46ddb8}","{1e08fb90-14aa-4fb4-8424-dafd9e75ae65}","{7e917806-37d0-4fd9-957c-9e4fcc447828}","{8a809148-f3f1-46af-9af0-7adedf5dabec}","{4d635eab-cfd7-4da2-ac9c-3d71145f7f15}","{9e75b53f-fbcf-44bc-b526-177cd85cfe99}","{6d6c756e-d946-44bd-86c8-062ed3a272e9}","{bce94671-bfe1-4491-b943-2659db2c8a12}","{7d417fc2-dbed-4874-a958-05c6c602113d}","{9815bef8-335d-4425-af8d-6911e69716b7}"]}, {5b3c683d-ecf2-42f3-9812-561b7bcf76ca}, {5b3c683d-ecf2-42f3-9812-561b7bcf76ca}
04-24 16:15:25.774 I/Gecko   (   84): 1398381325786	Marionette	INFO	sendToClient: {"from":"0","value":"<div><img src=\"blob:e0a39b73-fe54-4ed3-9e30-14b9e0ca6d86\" style=\"visibility: visible;\" role=\"presentation\" height=\"64\" width=\"64\"><span class=\"labelWrapper\"><span>Social</span></span></div><span data-is-icon=\"true\" class=\"options\"></span>"}, {7426f3fa-3499-40c6-914b-689a45c1fb5c}, {7426f3fa-3499-40c6-914b-689a45c1fb5c}
04-24 16:15:25.784 I/Gecko   (   84): 1398381325796	Marionette	INFO	sendToClient: {"from":"0","value":"<div><img src=\"blob:c2191966-ca0f-461b-88e4-306059f9861d\" style=\"visibility: visible;\" role=\"presentation\" height=\"64\" width=\"64\"><span class=\"labelWrapper\"><span>Games</span></span></div><span data-is-icon=\"true\" class=\"options\"></span>"}, {bab0425a-f424-4295-b320-dbf00e8cd88c}, {bab0425a-f424-4295-b320-dbf00e8cd88c}
04-24 16:15:25.794 I/Gecko   (   84): 1398381325806	Marionette	INFO	sendToClient: {"from":"0","value":"<div><img src=\"blob:f58ca529-b970-4f48-b12c-629ff6816a82\" style=\"visibility: visible;\" role=\"presentation\" height=\"64\" width=\"64\"><span class=\"labelWrapper\"><span>Music</span></span></div><span data-is-icon=\"true\" class=\"options\"></span>"}, {25777642-2cd4-4a5f-84c3-f9eb8111d94e}, {25777642-2cd4-4a5f-84c3-f9eb8111d94e}
04-24 16:15:25.814 I/Gecko   (   84): 1398381325825	Marionette	INFO	sendToClient: {"from":"0","value":"<div><img src=\"blob:54833bb0-c5a9-4f3a-a48b-225367d0db60\" style=\"visibility: visible;\" role=\"presentation\" height=\"64\" width=\"64\"><span class=\"labelWrapper\"><span>Showbiz</span></span></div><span data-is-icon=\"true\" class=\"options\"></span>"}, {abe16013-f180-4143-982f-34f71898bea9}, {abe16013-f180-4143-982f-34f71898bea9}
04-24 16:15:25.824 I/Gecko   (   84): 1398381325836	Marionette	INFO	sendToClient: {"from":"0","value":"<div><img src=\"blob:3256c2db-7bbb-4043-bfec-822b10f73697\" style=\"visibility: visible;\" role=\"presentation\" height=\"64\" width=\"64\"><span class=\"labelWrapper\"><span>Camera</span></span></div>"}, {bd7c8e34-f0fb-4c4b-a62b-9a221a4f7e4e}, {bd7c8e34-f0fb-4c4b-a62b-9a221a4f7e4e}
04-24 16:15:25.834 I/Gecko   (   84): 1398381325847	Marionette	INFO	sendToClient: {"from":"0","value":"<div><img src=\"blob:4d2a0cf1-ede3-433d-8031-17b9cf610ab5\" style=\"visibility: visible;\" role=\"presentation\" height=\"64\" width=\"64\"><span class=\"labelWrapper\"><span>Gallery</span></span></div>"}, {2d41b593-d56c-4518-b288-82859059bd7e}, {2d41b593-d56c-4518-b288-82859059bd7e}
04-24 16:15:25.844 I/Gecko   (   84): 1398381325857	Marionette	INFO	sendToClient: {"from":"0","value":"<div><img src=\"blob:e576bdad-09d1-4935-898b-2dd178458c68\" style=\"visibility: visible;\" role=\"presentation\" height=\"64\" width=\"64\"><span class=\"labelWrapper\"><span>FM Radio</span></span></div>"}, {0e8089cd-2fd2-448d-8581-ad4c7230b7a9}, {0e8089cd-2fd2-448d-8581-ad4c7230b7a9}
04-24 16:15:25.854 I/Gecko   (   84): 1398381325869	Marionette	INFO	sendToClient: {"from":"0","value":"<div><img src=\"blob:b8536b7d-0ef1-438c-a693-3933138777e9\" style=\"visibility: visible;\" role=\"presentation\" height=\"64\" width=\"64\"><span class=\"labelWrapper\"><span>Settings</span></span></div>"}, {36e99c5f-a94a-4e5b-a661-476579f9e8d6}, {36e99c5f-a94a-4e5b-a661-476579f9e8d6}
04-24 16:15:25.864 I/Gecko   (   84): 1398381325879	Marionette	INFO	sendToClient: {"from":"0","value":"<div><img src=\"blob:03861226-6803-45d9-b402-e17d29a39999\" style=\"visibility: visible;\" role=\"presentation\" height=\"64\" width=\"64\"><span class=\"labelWrapper\"><span>Marketplace</span></span></div>"}, {6fcaf0ea-8eac-4d5e-9987-bc977439f13a}, {6fcaf0ea-8eac-4d5e-9987-bc977439f13a}
04-24 16:15:25.884 I/Gecko   (   84): 1398381325901	Marionette	INFO	sendToClient: {"from":"0","value":"<div><img src=\"blob:97d91514-8882-43a1-913e-0ebacb4c8c0c\" style=\"visibility: visible;\" role=\"presentation\" height=\"64\" width=\"64\"><span class=\"labelWrapper\"><span>Calendar</span></span></div>"}, {4e3d0f62-1b5a-4490-8258-687008254688}, {4e3d0f62-1b5a-4490-8258-687008254688}
04-24 16:15:25.894 I/Gecko   (   84): 1398381325911	Marionette	INFO	sendToClient: {"from":"0","value":"<div><img src=\"blob:6038dd44-3a72-4eda-ab88-e196dbe84d0d\" style=\"visibility: visible;\" role=\"presentation\" height=\"64\" width=\"64\"><span class=\"labelWrapper\"><span>Clock</span></span></div>"}, {5380c3b1-7437-4ddb-911b-ae29bd8c140c}, {5380c3b1-7437-4ddb-911b-ae29bd8c140c}
04-24 16:15:25.904 I/Gecko   (   84): 1398381325921	Marionette	INFO	sendToClient: {"from":"0","value":"<div><img src=\"blob:6af6aeb5-1fa6-4d38-9ec4-ac88a73d4af0\" style=\"visibility: visible;\" role=\"presentation\" height=\"64\" width=\"64\"><span class=\"labelWrapper\"><span>Usage</span></span></div>"}, {1f05427b-b339-4cab-82ce-da5e03e20954}, {1f05427b-b339-4cab-82ce-da5e03e20954}
04-24 16:15:25.914 I/Gecko   (   84): 1398381325931	Marionette	INFO	sendToClient: {"from":"0","value":"<div><img src=\"blob:5add39f4-d4cd-4016-a676-bfbfd3f2f103\" style=\"visibility: visible;\" role=\"presentation\" height=\"64\" width=\"64\"><span class=\"labelWrapper\"><span>E-Mail</span></span></div>"}, {fd761b84-6ae5-4290-9d3b-2e9d0dc1bf51}, {fd761b84-6ae5-4290-9d3b-2e9d0dc1bf51}
04-24 16:15:25.924 I/Gecko   (   84): 1398381325941	Marionette	INFO	sendToClient: {"from":"0","value":"<div><img src=\"blob:de66d86b-e1b0-4aac-aa6d-878994947917\" style=\"visibility: visible;\" role=\"presentation\" height=\"64\" width=\"64\"><span class=\"labelWrapper\"><span>Music</span></span></div>"}, {2ba196bc-4ee8-48d5-b4f9-f749fdef00ce}, {2ba196bc-4ee8-48d5-b4f9-f749fdef00ce}
04-24 16:15:25.934 I/Gecko   (   84): 1398381325951	Marionette	INFO	sendToClient: {"from":"0","value":"<div><img src=\"blob:0b831cd7-4796-4198-9c09-c179de79e8c9\" style=\"visibility: visible;\" role=\"presentation\" height=\"64\" width=\"64\"><span class=\"labelWrapper\"><span>Video</span></span></div>"}, {877c23bf-15fe-46be-b443-2886de3406d1}, {877c23bf-15fe-46be-b443-2886de3406d1}
04-24 16:15:25.944 I/Gecko   (   84): 1398381325962	Marionette	INFO	sendToClient: {"from":"0","value":"<div><img src=\"blob:bb1eb935-5a41-4fc8-acb4-cd9b8b3ae607\" style=\"visibility: visible;\" role=\"presentation\" height=\"64\" width=\"64\"><span class=\"labelWrapper\"><span>ConnectA2</span></span></div><span data-is-icon=\"true\" class=\"options\"></span>"}, {f0fc9071-0cf1-4a32-968a-3bcfd76c4f88}, {f0fc9071-0cf1-4a32-968a-3bcfd76c4f88}
04-24 16:15:25.964 I/Gecko   (   84): 1398381325980	Marionette	INFO	sendToClient: {"from":"0","value":"<div><img src=\"blob:cc1636a3-cb4d-4594-af16-c8e7c4a47dca\" style=\"visibility: visible;\" role=\"presentation\" height=\"64\" width=\"64\"><span class=\"labelWrapper\"><span>UFart</span></span></div><span data-is-icon=\"true\" class=\"options\"></span>"}, {a9bc6d35-507d-447d-b575-881c6a5a5d48}, {a9bc6d35-507d-447d-b575-881c6a5a5d48}
04-24 16:15:25.974 I/Gecko   (   84): 1398381325992	Marionette	INFO	sendToClient: {"from":"0","value":"<div><img src=\"blob:3f2c3e30-3cbe-4b4e-9969-273cf902a19a\" style=\"visibility: visible;\" role=\"presentation\" height=\"64\" width=\"64\"><span class=\"labelWrapper\"><span>Phone</span></span></div>"}, {71b64c90-7ba7-4464-8dab-7e60c8bff870}, {71b64c90-7ba7-4464-8dab-7e60c8bff870}
04-24 16:15:25.984 I/Gecko   (   84): 1398381326002	Marionette	INFO	sendToClient: {"from":"0","value":"<div><img src=\"blob:746136b1-ab66-43a5-8fb3-3e71e93a878d\" style=\"visibility: visible;\" role=\"presentation\" height=\"64\" width=\"64\"><span class=\"labelWrapper\"><span>Messages</span></span></div>"}, {32b8e386-4034-4fca-855e-ab0ba525b4ec}, {32b8e386-4034-4fca-855e-ab0ba525b4ec}
04-24 16:15:26.004 I/Gecko   (   84): 1398381326014	Marionette	INFO	sendToClient: {"from":"0","value":"<div><img src=\"blob:f06cd54c-3f97-4adb-9610-441891c4def4\" style=\"visibility: visible;\" role=\"presentation\" height=\"64\" width=\"64\"><span class=\"labelWrapper\"><span>Contacts</span></span></div>"}, {1f14e3d6-a6bf-440e-b35f-67bf7298aac4}, {1f14e3d6-a6bf-440e-b35f-67bf7298aac4}
04-24 16:15:26.014 I/Gecko   (   84): 1398381326025	Marionette	INFO	sendToClient: {"from":"0","value":"<div><img src=\"blob:5b77dddf-f207-4711-be10-00c7c6c19ff6\" style=\"visibility: visible;\" role=\"presentation\" height=\"64\" width=\"64\"><span class=\"labelWrapper\"><span>Browser</span></span></div>"}, {2aef7d3c-1d8d-438c-b525-c14954983998}, {2aef7d3c-1d8d-438c-b525-c14954983998}
04-24 16:15:26.174 W/WifiHW  (   84): wifi_command: SIGNAL_POLL
04-24 16:15:28.034 I/Gecko   (   84): 1398381328047	Marionette	INFO	sendToClient: {"from":"0","value":["{6055e621-804d-4dcb-ab53-86072e79b5ed}","{d64b0ba7-0557-4824-86a1-c4e997b91c69}","{895a7bf1-efb1-4c7e-8f83-601112603e43}","{693f9f7f-7342-468b-b992-34616d30f2fb}","{4cd9b40c-de02-4a56-adec-47144fc5f6ad}","{20d4bd55-cec0-4580-8af7-a5b2d29df685}","{de0f3382-90a1-4649-b180-557b1c3d5dc9}","{5b01812a-199f-4146-8d57-10ed37c79fab}","{e41ec16f-dd68-4418-8b83-bfaf336c0b46}","{8db944e9-6f64-4775-808c-9e405d42f730}","{c0b936c8-2ef5-4203-bc18-5ff88575c7e3}","{708febd6-086c-47e7-9113-32094e46ddb8}","{1e08fb90-14aa-4fb4-8424-dafd9e75ae65}","{7e917806-37d0-4fd9-957c-9e4fcc447828}","{8a809148-f3f1-46af-9af0-7adedf5dabec}","{4d635eab-cfd7-4da2-ac9c-3d71145f7f15}","{9e75b53f-fbcf-44bc-b526-177cd85cfe99}","{6d6c756e-d946-44bd-86c8-062ed3a272e9}","{bce94671-bfe1-4491-b943-2659db2c8a12}","{7d417fc2-dbed-4874-a958-05c6c602113d}","{9815bef8-335d-4425-af8d-6911e69716b7}"]}, {2247c1dc-f8eb-4b22-96e5-1e189849f230}, {2247c1dc-f8eb-4b22-96e5-1e189849f230}
04-24 16:15:28.044 I/Gecko   (   84): 1398381328057	Marionette	INFO	sendToClient: {"from":"0","value":"<div><img src=\"blob:e0a39b73-fe54-4ed3-9e30-14b9e0ca6d86\" style=\"visibility: visible;\" role=\"presentation\" height=\"64\" width=\"64\"><span class=\"labelWrapper\"><span>Social</span></span></div><span data-is-icon=\"true\" class=\"options\"></span>"}, {410aa049-627c-4001-978c-3bbfc309459c}, {410aa049-627c-4001-978c-3bbfc309459c}
04-24 16:15:28.064 I/Gecko   (   84): 1398381328076	Marionette	INFO	sendToClient: {"from":"0","value":"<div><img src=\"blob:c2191966-ca0f-461b-88e4-306059f9861d\" style=\"visibility: visible;\" role=\"presentation\" height=\"64\" width=\"64\"><span class=\"labelWrapper\"><span>Games</span></span></div><span data-is-icon=\"true\" class=\"options\"></span>"}, {c666de5f-2dfd-40d2-9905-79ee8144603a}, {c666de5f-2dfd-40d2-9905-79ee8144603a}
04-24 16:15:28.074 I/Gecko   (   84): 1398381328087	Marionette	INFO	sendToClient: {"from":"0","value":"<div><img src=\"blob:f58ca529-b970-4f48-b12c-629ff6816a82\" style=\"visibility: visible;\" role=\"presentation\" height=\"64\" width=\"64\"><span class=\"labelWrapper\"><span>Music</span></span></div><span data-is-icon=\"true\" class=\"options\"></span>"}, {8c6a9912-c0d2-405f-aa63-c289f65123ac}, {8c6a9912-c0d2-405f-aa63-c289f65123ac}
04-24 16:15:28.084 I/Gecko   (   84): 1398381328098	Marionette	INFO	sendToClient: {"from":"0","value":"<div><img src=\"blob:54833bb0-c5a9-4f3a-a48b-225367d0db60\" style=\"visibility: visible;\" role=\"presentation\" height=\"64\" width=\"64\"><span class=\"labelWrapper\"><span>Showbiz</span></span></div><span data-is-icon=\"true\" class=\"options\"></span>"}, {3d34503b-2adc-4878-a145-ed939d31859c}, {3d34503b-2adc-4878-a145-ed939d31859c}
04-24 16:15:28.094 I/Gecko   (   84): 1398381328110	Marionette	INFO	sendToClient: {"from":"0","value":"<div><img src=\"blob:3256c2db-7bbb-4043-bfec-822b10f73697\" style=\"visibility: visible;\" role=\"presentation\" height=\"64\" width=\"64\"><span class=\"labelWrapper\"><span>Camera</span></span></div>"}, {84049c2e-2cbf-4402-a467-eb911e3a5d03}, {84049c2e-2cbf-4402-a467-eb911e3a5d03}
04-24 16:15:28.104 I/Gecko   (   84): 1398381328120	Marionette	INFO	sendToClient: {"from":"0","value":"<div><img src=\"blob:4d2a0cf1-ede3-433d-8031-17b9cf610ab5\" style=\"visibility: visible;\" role=\"presentation\" height=\"64\" width=\"64\"><span class=\"labelWrapper\"><span>Gallery</span></span></div>"}, {3e3cb176-212a-46f6-83e7-a5b81e0a9e5f}, {3e3cb176-212a-46f6-83e7-a5b81e0a9e5f}
04-24 16:15:28.114 I/Gecko   (   84): 1398381328131	Marionette	INFO	sendToClient: {"from":"0","value":"<div><img src=\"blob:e576bdad-09d1-4935-898b-2dd178458c68\" style=\"visibility: visible;\" role=\"presentation\" height=\"64\" width=\"64\"><span class=\"labelWrapper\"><span>FM Radio</span></span></div>"}, {601edc35-07f8-428a-9889-ca9524a6de2a}, {601edc35-07f8-428a-9889-ca9524a6de2a}
04-24 16:15:28.144 I/Gecko   (   84): 1398381328153	Marionette	INFO	sendToClient: {"from":"0","value":"<div><img src=\"blob:b8536b7d-0ef1-438c-a693-3933138777e9\" style=\"visibility: visible;\" role=\"presentation\" height=\"64\" width=\"64\"><span class=\"labelWrapper\"><span>Settings</span></span></div>"}, {0cd77987-57c0-4e37-9bb2-940beb64c105}, {0cd77987-57c0-4e37-9bb2-940beb64c105}
04-24 16:15:28.154 I/Gecko   (   84): 1398381328165	Marionette	INFO	sendToClient: {"from":"0","value":"<div><img src=\"blob:03861226-6803-45d9-b402-e17d29a39999\" style=\"visibility: visible;\" role=\"presentation\" height=\"64\" width=\"64\"><span class=\"labelWrapper\"><span>Marketplace</span></span></div>"}, {3cf9ba56-ea4b-4df2-8366-52f4f432a808}, {3cf9ba56-ea4b-4df2-8366-52f4f432a808}
04-24 16:15:28.164 I/Gecko   (   84): 1398381328176	Marionette	INFO	sendToClient: {"from":"0","value":"<div><img src=\"blob:97d91514-8882-43a1-913e-0ebacb4c8c0c\" style=\"visibility: visible;\" role=\"presentation\" height=\"64\" width=\"64\"><span class=\"labelWrapper\"><span>Calendar</span></span></div>"}, {97dc8088-a07d-409c-ad95-572419cbc094}, {97dc8088-a07d-409c-ad95-572419cbc094}
04-24 16:15:28.174 I/Gecko   (   84): 1398381328187	Marionette	INFO	sendToClient: {"from":"0","value":"<div><img src=\"blob:6038dd44-3a72-4eda-ab88-e196dbe84d0d\" style=\"visibility: visible;\" role=\"presentation\" height=\"64\" width=\"64\"><span class=\"labelWrapper\"><span>Clock</span></span></div>"}, {7eb0b545-3698-46d0-a16e-c084b18e1658}, {7eb0b545-3698-46d0-a16e-c084b18e1658}
04-24 16:15:28.184 I/Gecko   (   84): 1398381328198	Marionette	INFO	sendToClient: {"from":"0","value":"<div><img src=\"blob:6af6aeb5-1fa6-4d38-9ec4-ac88a73d4af0\" style=\"visibility: visible;\" role=\"presentation\" height=\"64\" width=\"64\"><span class=\"labelWrapper\"><span>Usage</span></span></div>"}, {b0826821-5175-487d-a0c0-41564bd9eae8}, {b0826821-5175-487d-a0c0-41564bd9eae8}
04-24 16:15:28.204 I/Gecko   (   84): 1398381328217	Marionette	INFO	sendToClient: {"from":"0","value":"<div><img src=\"blob:5add39f4-d4cd-4016-a676-bfbfd3f2f103\" style=\"visibility: visible;\" role=\"presentation\" height=\"64\" width=\"64\"><span class=\"labelWrapper\"><span>E-Mail</span></span></div>"}, {70913d36-7046-48f9-8e17-7d3d469086a7}, {70913d36-7046-48f9-8e17-7d3d469086a7}
04-24 16:15:28.214 I/Gecko   (   84): 1398381328228	Marionette	INFO	sendToClient: {"from":"0","value":"<div><img src=\"blob:de66d86b-e1b0-4aac-aa6d-878994947917\" style=\"visibility: visible;\" role=\"presentation\" height=\"64\" width=\"64\"><span class=\"labelWrapper\"><span>Music</span></span></div>"}, {d8298e60-3229-4592-b7aa-814a22976418}, {d8298e60-3229-4592-b7aa-814a22976418}
04-24 16:15:28.234 I/Gecko   (   84): 1398381328252	Marionette	INFO	sendToClient: {"from":"0","value":"<div><img src=\"blob:0b831cd7-4796-4198-9c09-c179de79e8c9\" style=\"visibility: visible;\" role=\"presentation\" height=\"64\" width=\"64\"><span class=\"labelWrapper\"><span>Video</span></span></div>"}, {fb76330e-3e46-4f69-8acb-be81b49f2008}, {fb76330e-3e46-4f69-8acb-be81b49f2008}
04-24 16:15:28.254 I/Gecko   (   84): 1398381328263	Marionette	INFO	sendToClient: {"from":"0","value":"<div><img src=\"blob:bb1eb935-5a41-4fc8-acb4-cd9b8b3ae607\" style=\"visibility: visible;\" role=\"presentation\" height=\"64\" width=\"64\"><span class=\"labelWrapper\"><span>ConnectA2</span></span></div><span data-is-icon=\"true\" class=\"options\"></span>"}, {29c73243-cacf-4b50-9251-2d14f0f6f7f3}, {29c73243-cacf-4b50-9251-2d14f0f6f7f3}
04-24 16:15:28.274 I/Gecko   (   84): 1398381328283	Marionette	INFO	sendToClient: {"from":"0","value":"<div><img src=\"blob:cc1636a3-cb4d-4594-af16-c8e7c4a47dca\" style=\"visibility: visible;\" role=\"presentation\" height=\"64\" width=\"64\"><span class=\"labelWrapper\"><span>UFart</span></span></div><span data-is-icon=\"true\" class=\"options\"></span>"}, {c3ec8284-09a9-4dc4-b300-8972ce07271b}, {c3ec8284-09a9-4dc4-b300-8972ce07271b}
04-24 16:15:28.284 I/Gecko   (   84): 1398381328293	Marionette	INFO	sendToClient: {"from":"0","value":"<div><img src=\"blob:3f2c3e30-3cbe-4b4e-9969-273cf902a19a\" style=\"visibility: visible;\" role=\"presentation\" height=\"64\" width=\"64\"><span class=\"labelWrapper\"><span>Phone</span></span></div>"}, {26ae278f-cf71-4b56-992f-43085ad5882b}, {26ae278f-cf71-4b56-992f-43085ad5882b}
04-24 16:15:28.294 I/Gecko   (   84): 1398381328305	Marionette	INFO	sendToClient: {"from":"0","value":"<div><img src=\"blob:746136b1-ab66-43a5-8fb3-3e71e93a878d\" style=\"visibility: visible;\" role=\"presentation\" height=\"64\" width=\"64\"><span class=\"labelWrapper\"><span>Messages</span></span></div>"}, {fd4f8af3-e10e-4fa9-9ac5-02471c2f23cb}, {fd4f8af3-e10e-4fa9-9ac5-02471c2f23cb}
04-24 16:15:28.304 I/Gecko   (   84): 1398381328316	Marionette	INFO	sendToClient: {"from":"0","value":"<div><img src=\"blob:f06cd54c-3f97-4adb-9610-441891c4def4\" style=\"visibility: visible;\" role=\"presentation\" height=\"64\" width=\"64\"><span class=\"labelWrapper\"><span>Contacts</span></span></div>"}, {ed1e1055-c087-4347-be7f-673158ab20f6}, {ed1e1055-c087-4347-be7f-673158ab20f6}
04-24 16:15:28.314 I/Gecko   (   84): 1398381328326	Marionette	INFO	sendToClient: {"from":"0","value":"<div><img src=\"blob:5b77dddf-f207-4711-be10-00c7c6c19ff6\" style=\"visibility: visible;\" role=\"presentation\" height=\"64\" width=\"64\"><span class=\"labelWrapper\"><span>Browser</span></span></div>"}, {b70f438b-ac92-4398-b8e2-e4b42502627c}, {b70f438b-ac92-4398-b8e2-e4b42502627c}
04-24 16:15:28.334 I/Gecko   (   84): 1398381328346	Marionette	INFO	sendToClient: {"from":"0","value":"app://homescreen.gaiamobile.org/index.html#root"}, {8d9aacb8-9dfc-474a-90cd-7e75efe2ac6c}, {8d9aacb8-9dfc-474a-90cd-7e75efe2ac6c}
04-24 16:15:28.344 I/Gecko   (   84): 1398381328354	Marionette	DEBUG	Got request: switchToFrame, data: {"to":"0","sessionId":"3-b2g","name":"switchToFrame","parameters":{"id":null,"focus":true}}, id: {ef3c3581-5219-4664-b566-268e4c4f2089}
04-24 16:15:28.364 I/Gecko   (   84): 1398381328374	Marionette	INFO	Switched to frame: {"frameValue":null}
04-24 16:15:28.474 I/Gecko   (   84): 1398381328492	Marionette	INFO	sendToClient: {"from":"0","ok":true}, {ef3c3581-5219-4664-b566-268e4c4f2089}, {ef3c3581-5219-4664-b566-268e4c4f2089}
04-24 16:15:28.484 I/Gecko   (   84): 1398381328499	Marionette	DEBUG	Got request: switchToFrame, data: {"to":"0","sessionId":"3-b2g","name":"switchToFrame","parameters":{"id":null,"focus":true}}, id: {613bb461-bb46-4ddb-b02a-431198f625f3}
04-24 16:15:28.484 I/Gecko   (   84): 1398381328501	Marionette	INFO	Switched to frame: {"frameValue":null}
04-24 16:15:28.594 I/Gecko   (   84): 1398381328603	Marionette	INFO	sendToClient: {"from":"0","ok":true}, {613bb461-bb46-4ddb-b02a-431198f625f3}, {613bb461-bb46-4ddb-b02a-431198f625f3}
04-24 16:15:28.594 I/Gecko   (   84): 1398381328611	Marionette	DEBUG	Got request: executeWithCallback, data: {"to":"0","sessionId":"3-b2g","name":"executeAsyncScript","parameters":{"specialPowers":false,"scriptTimeout":30000,"newSandbox":true,"args":[],"filename":"app_checker.py","script":"GaiaApps.launchWithManifestURL('https://marketplace.firefox.com/app/67c191d3-ef12-42c7-900d-5e7b94bd148b/manifest.webapp')","line":106}}, id: {c153fa3b-b558-4c4c-9e5f-440eb260daab}
04-24 16:15:28.864 I/Gonk    (   84): Setting nice for pid 570 to 18
04-24 16:15:28.864 I/Gonk    (   84): Changed nice for pid 570 from 0 to 18.
04-24 16:15:28.864 I/Gecko   (   84): [Parent 84] WARNING: waitpid failed pid:570 errno:10: file ../../../gecko/ipc/chromium/src/base/process_util_posix.cc, line 254
04-24 16:15:28.864 I/Gonk    (   84): Setting nice for pid 570 to 1
04-24 16:15:28.864 I/Gonk    (   84): Changed nice for pid 570 from 18 to 1.
04-24 16:15:29.924 E/GeckoConsole(   84): Content JS LOG at dummy file:334 in GaiaApps.launch: launching app with name 'UFart'
04-24 16:15:30.114 E/[Gralloc-ERROR](   84): int gralloc_register_buffer(const gralloc_module_t*, const native_handle_t*):79 Unable to register handle 0x4a516b50 coming from different process: 84
04-24 16:15:30.154 E/[Gralloc-ERROR](   84): int gralloc_register_buffer(const gralloc_module_t*, const native_handle_t*):79 Unable to register handle 0x4a516c40 coming from different process: 84
04-24 16:15:30.154 E/[Gralloc-ERROR](   84): int gralloc_register_buffer(const gralloc_module_t*, const native_handle_t*):79 Unable to register handle 0x4a516ce0 coming from different process: 84
04-24 16:15:30.154 E/[Gralloc-ERROR](   84): int gralloc_register_buffer(const gralloc_module_t*, const native_handle_t*):79 Unable to register handle 0x4a516d80 coming from different process: 84
04-24 16:15:30.254 D/Sensors (   84): activate handle=0; drv=0
04-24 16:15:30.264 D/Sensors (   84): Lis3dhSensor: Control set 1
04-24 16:15:30.264 D/Sensors (   84): Lis3dhSensor: mEnabled = 1
04-24 16:15:30.424 I/Gonk    (   84): Setting nice for pid 541 to 18
04-24 16:15:30.434 I/Gonk    (   84): Changed nice for pid 541 from 1 to 18.
04-24 16:15:31.224 W/WifiHW  (   84): wifi_command: SIGNAL_POLL
04-24 16:15:31.374 E/GeckoConsole(  570): [JavaScript Warning: "Error in parsing value for 'background'.  Declaration dropped." {file: "app://{fa853ce2-c4b2-4ff3-b6b7-988d827bec8b}/css/styles.css" line: 39 column: 13 source: "	background: -webkit-gradient("}]
04-24 16:15:31.374 E/GeckoConsole(  570): [JavaScript Warning: "Unknown property '-moz-border-radius'.  Declaration dropped." {file: "app://{fa853ce2-c4b2-4ff3-b6b7-988d827bec8b}/css/styles.css" line: 43 column: 19 source: "	-moz-border-radius: 10px;"}]
04-24 16:15:31.374 E/GeckoConsole(  570): [JavaScript Warning: "Unknown property '-moz-box-shadow'.  Declaration dropped." {file: "app://{fa853ce2-c4b2-4ff3-b6b7-988d827bec8b}/css/styles.css" line: 47 column: 16 source: "	-moz-box-shadow:"}]
04-24 16:15:32.064 I/Gecko   (   84): 
04-24 16:15:32.064 I/Gecko   (   84): ###!!! [Parent][MessageChannel] Error: Channel error: cannot send/recv
04-24 16:15:32.064 I/Gecko   (   84): 
04-24 16:15:32.094 E/GeckoConsole(   84): [JavaScript Error: "[Exception... "Component returned failure code: 0x80070057 (NS_ERROR_ILLEGAL_VALUE) [nsIXPCComponents_Utils.isDeadWrapper]"  nsresult: "0x80070057 (NS_ERROR_ILLEGAL_VALUE)"  location: "JS frame :: resource://gre/modules/BrowserElementParent.jsm :: BrowserElementParent.prototype._isAlive :: line 34"  data: no]" {file: "resource://gre/modules/BrowserElementParent.jsm" line: 34}]
04-24 16:15:32.174 I/Gecko   (   84): [Parent 84] WARNING: waitpid failed pid:541 errno:10: file ../../../gecko/ipc/chromium/src/base/process_util_posix.cc, line 254
04-24 16:15:32.974 I/Gecko   (  570): No permission to use the keyboard API for app://{fa853ce2-c4b2-4ff3-b6b7-988d827bec8b}
04-24 16:15:34.134 I/Gonk    (   84): Setting nice for pid 610 to 18
04-24 16:15:34.134 I/Gonk    (   84): Changed nice for pid 610 from 0 to 18.
04-24 16:15:34.174 I/Gecko   (   84): [Parent 84] WARNING: waitpid failed pid:541 errno:10: file ../../../gecko/ipc/chromium/src/base/process_util_posix.cc, line 254
04-24 16:15:34.174 I/Gecko   (   84): [Parent 84] WARNING: Failed to deliver SIGKILL to 541!(3).: file ../../../gecko/ipc/chromium/src/chrome/common/process_watcher_posix_sigchld.cc, line 118
04-24 16:15:34.724 E/GeckoConsole(  570): [JavaScript Warning: "Unknown property 'box-sizing'.  Declaration dropped." {file: "app://{fa853ce2-c4b2-4ff3-b6b7-988d827bec8b}/index.html" line: 0 column: 10 source: "box-sizing:border-box;-moz-box-sizing:border-box;-webkit-box-sizing:border-box;padding:1px;border:1px;display:block;width:4px;margin-top:1%;position:absolute;top:1%;"}]
04-24 16:15:34.894 E/GeckoConsole(  570): Content JS LOG at app://{fa853ce2-c4b2-4ff3-b6b7-988d827bec8b}/js/cordova-2.7.0.js:966 in module.exports.runtime: Unknown user agent?!?!? defaulting to java
04-24 16:15:34.934 E/GeckoConsole(  570): [JavaScript Error: "TypeError: navigator.globalization is undefined" {file: "app://{fa853ce2-c4b2-4ff3-b6b7-988d827bec8b}/js/init.js" line: 9}]
04-24 16:15:35.124 I/Gonk    (   84): Setting nice for pid 610 to 18
04-24 16:15:35.124 I/Gonk    (   84): Changed nice for pid 610 from 18 to 18.
04-24 16:15:35.134 I/Gecko   (   84): [Parent 84] WARNING: waitpid failed pid:610 errno:10: file ../../../gecko/ipc/chromium/src/base/process_util_posix.cc, line 254
04-24 16:15:35.134 I/Gonk    (   84): Setting nice for pid 610 to 1
04-24 16:15:35.134 I/Gonk    (   84): Changed nice for pid 610 from 18 to 1.
04-24 16:15:35.154 I/Gonk    (   84): Setting nice for pid 610 to 18
04-24 16:15:35.154 I/Gonk    (   84): Changed nice for pid 610 from 1 to 18.
04-24 16:15:35.514 E/[Gralloc-ERROR](   84): int gralloc_unregister_buffer(const gralloc_module_t*, const native_handle_t*):274 Trying to unregister buffer 0x4a516b50 from process 84 that was not created in current process: 84
04-24 16:15:35.524 E/GeckoConsole(   84): Content JS LOG at dummy file:326 in GaiaApps.launch/appOpen/<: app with origin 'app://{fa853ce2-c4b2-4ff3-b6b7-988d827bec8b}' has launched
04-24 16:15:35.524 I/Gecko   (   84): 1398381335537	Marionette	INFO	sendToClient: {"from":"0","value":{"frame":{"ELEMENT":"{62d2651d-0de7-47ff-a79c-eb51beaefb0f}"},"src":"app://{fa853ce2-c4b2-4ff3-b6b7-988d827bec8b}/index.html","name":"UFart","origin":"app://{fa853ce2-c4b2-4ff3-b6b7-988d827bec8b}"}}, {c153fa3b-b558-4c4c-9e5f-440eb260daab}, {c153fa3b-b558-4c4c-9e5f-440eb260daab}
04-24 16:15:35.564 E/[Gralloc-ERROR](   84): int gralloc_unregister_buffer(const gralloc_module_t*, const native_handle_t*):274 Trying to unregister buffer 0x4a516c40 from process 84 that was not created in current process: 84
04-24 16:15:35.564 E/[Gralloc-ERROR](   84): int gralloc_unregister_buffer(const gralloc_module_t*, const native_handle_t*):274 Trying to unregister buffer 0x4a516d80 from process 84 that was not created in current process: 84
04-24 16:15:35.564 E/[Gralloc-ERROR](   84): int gralloc_unregister_buffer(const gralloc_module_t*, const native_handle_t*):274 Trying to unregister buffer 0x4a516ce0 from process 84 that was not created in current process: 84
04-24 16:15:35.574 I/Gecko   (   84): 1398381335588	Marionette	DEBUG	Got request: switchToFrame, data: {"to":"0","sessionId":"3-b2g","name":"switchToFrame","parameters":{"focus":true,"element":"{62d2651d-0de7-47ff-a79c-eb51beaefb0f}"}}, id: {f5673801-db62-4420-95a7-9d7d0794486d}
04-24 16:15:35.584 I/Gecko   (   84): 1398381335602	Marionette	INFO	Switched to frame: {"frameValue":"{62d2651d-0de7-47ff-a79c-eb51beaefb0f}"}
04-24 16:15:35.604 I/Gecko   (   84): 1398381335617	Marionette	INFO	trying remote frame 0
04-24 16:15:35.604 I/Gecko   (   84): 1398381335621	Marionette	INFO	deleting frame
04-24 16:15:35.624 I/Gecko   (   84): 1398381335633	Marionette	INFO	frame-manager load script: [object ChromeMessageSender]
04-24 16:15:36.064 I/log     (  618): <4>0[ 89.323368] select 610 ((Preallocated a), adj 8, size 2579, to kill 
04-24 16:15:36.154 I/Gecko   (   84): 1398381336167	Marionette	INFO	sendToClient: {"from":"0","ok":true}, {f5673801-db62-4420-95a7-9d7d0794486d}, {f5673801-db62-4420-95a7-9d7d0794486d}
04-24 16:15:36.214 I/Gecko   (   84): 1398381336224	Marionette	INFO	sendToClient: {"from":"0","value":"app://{fa853ce2-c4b2-4ff3-b6b7-988d827bec8b}/index.html"}, {354f9510-72b6-46f7-93a1-cac4c92495b3}, {354f9510-72b6-46f7-93a1-cac4c92495b3}
04-24 16:15:36.214 I/Gecko   (   84): 1398381336232	Marionette	DEBUG	Got request: execute, data: {"to":"0","sessionId":"3-b2g","name":"executeScript","parameters":{"specialPowers":false,"scriptTimeout":null,"newSandbox":true,"args":[],"filename":"app_checker.py","script":"return window.document.readyState;","line":191}}, id: {26b9b6b4-9e93-46fb-bfdd-4c1beee6e04f}
04-24 16:15:36.234 W/WifiHW  (   84): wifi_command: SIGNAL_POLL
