--------- beginning of /dev/log/main
04-26 02:40:39.745 I/Gecko   (   84): 1398505239754	Marionette	INFO	sendToClient: {"from":"0","value":"<div><img src=\"blob:deed3bee-7d5e-4af3-99bb-e8bd760eedbf\" style=\"visibility: visible;\" role=\"presentation\" height=\"64\" width=\"64\"><span class=\"labelWrapper\"><span>Video</span></span></div>"}, {cd06e098-e6b4-4ed9-a68f-f327ca540116}, {cd06e098-e6b4-4ed9-a68f-f327ca540116}
04-26 02:40:39.785 I/Gecko   (   84): 1398505239796	Marionette	INFO	sendToClient: {"from":"0","value":"<div><img src=\"blob:f195ea3d-357d-49a3-965f-885e8f63554f\" style=\"visibility: visible;\" role=\"presentation\" height=\"64\" width=\"64\"><span class=\"labelWrapper\"><span>ConnectA2</span></span></div><span data-is-icon=\"true\" class=\"options\"></span>"}, {bc830a4e-8f8b-462e-8331-2a6a4bf874cc}, {bc830a4e-8f8b-462e-8331-2a6a4bf874cc}
04-26 02:40:39.795 I/Gecko   (   84): 1398505239807	Marionette	INFO	sendToClient: {"from":"0","value":"<div><img src=\"blob:02f26336-8bea-4f89-91d3-1cdf460b0add\" style=\"visibility: visible;\" role=\"presentation\" height=\"64\" width=\"64\"><span class=\"labelWrapper\"><span>Word Wars</span></span></div><span data-is-icon=\"true\" class=\"options\"></span>"}, {1d1565b8-9e0c-4a01-9d29-f2742d5f6d3d}, {1d1565b8-9e0c-4a01-9d29-f2742d5f6d3d}
04-26 02:40:39.805 I/Gecko   (   84): 1398505239818	Marionette	INFO	sendToClient: {"from":"0","value":"<div><img src=\"blob:c7156e19-6ffc-4de6-a836-fbee1e08de10\" style=\"visibility: visible;\" role=\"presentation\" height=\"64\" width=\"64\"><span class=\"labelWrapper\"><span>Rormix</span></span></div><span data-is-icon=\"true\" class=\"options\"></span>"}, {6ba9d413-8c92-45da-9b70-72b2791f8c87}, {6ba9d413-8c92-45da-9b70-72b2791f8c87}
04-26 02:40:39.815 I/Gecko   (   84): 1398505239828	Marionette	INFO	sendToClient: {"from":"0","value":"<div><img src=\"blob:93a105fa-ad29-4ab6-96f6-232929dcc6a3\" style=\"visibility: visible;\" role=\"presentation\" height=\"64\" width=\"64\"><span class=\"labelWrapper\"><span>Cheer Up!</span></span></div><span data-is-icon=\"true\" class=\"options\"></span>"}, {d3f40267-a4f3-4b26-921f-b09c31e12277}, {d3f40267-a4f3-4b26-921f-b09c31e12277}
04-26 02:40:39.825 I/Gecko   (   84): 1398505239838	Marionette	INFO	sendToClient: {"from":"0","value":"<div><img src=\"blob:c2222971-3ed5-4fd7-8088-6b1f24e91884\" style=\"visibility: visible;\" role=\"presentation\" height=\"64\" width=\"64\"><span class=\"labelWrapper mask\"><span>Duck Sounds</span></span></div><span data-is-icon=\"true\" class=\"options\"></span>"}, {69889db1-7b03-448b-a0ba-821524e0f914}, {69889db1-7b03-448b-a0ba-821524e0f914}
04-26 02:40:39.835 I/Gecko   (   84): 1398505239849	Marionette	INFO	sendToClient: {"from":"0","value":"<div><img src=\"blob:6bac7a79-722f-43ca-abea-2f3d7fb6218a\" style=\"visibility: visible;\" role=\"presentation\" height=\"64\" width=\"64\"><span class=\"labelWrapper mask\"><span>Alarm Sounds</span></span></div><span data-is-icon=\"true\" class=\"options\"></span>"}, {55ac53dc-ea2e-432d-9578-dd15ce34f7d0}, {55ac53dc-ea2e-432d-9578-dd15ce34f7d0}
04-26 02:40:39.935 I/Gecko   (   84): 1398505239938	Marionette	INFO	sendToClient: {"from":"0","value":"<div><img src=\"blob:042afd30-0a26-4724-aaef-e7aba57f852a\" style=\"visibility: visible;\" role=\"presentation\" height=\"64\" width=\"64\"><span class=\"labelWrapper\"><span>Art</span></span></div><span data-is-icon=\"true\" class=\"options\"></span>"}, {9365c12c-9dfd-4047-85e1-532ea222a508}, {9365c12c-9dfd-4047-85e1-532ea222a508}
04-26 02:40:39.945 I/Gecko   (   84): 1398505239956	Marionette	INFO	sendToClient: {"from":"0","value":"<div><img src=\"blob:7e3310a6-3cb5-4ec3-bdf4-849086944b0c\" style=\"visibility: visible;\" role=\"presentation\" height=\"64\" width=\"64\"><span class=\"labelWrapper\"><span>Marketplace</span></span></div><span data-is-icon=\"true\" class=\"options\"></span>"}, {202fd0ac-c945-4dc8-b8fd-1a0fbcaa21bf}, {202fd0ac-c945-4dc8-b8fd-1a0fbcaa21bf}
04-26 02:40:39.955 I/Gecko   (   84): 1398505239967	Marionette	INFO	sendToClient: {"from":"0","value":"<div><img src=\"blob:a74494e3-eed4-4b73-a779-8360ef6a7ab9\" style=\"visibility: visible;\" role=\"presentation\" height=\"64\" width=\"64\"><span class=\"labelWrapper\"><span>VTCS 13</span></span></div><span data-is-icon=\"true\" class=\"options\"></span>"}, {f34693e8-91f7-41c6-a111-84e3b9b662f1}, {f34693e8-91f7-41c6-a111-84e3b9b662f1}
04-26 02:40:39.965 I/Gecko   (   84): 1398505239978	Marionette	INFO	sendToClient: {"from":"0","value":"<div><img src=\"blob:41343537-00b8-443a-a645-499686f2a4aa\" style=\"visibility: visible;\" role=\"presentation\" height=\"64\" width=\"64\"><span class=\"labelWrapper mask\"><span>inca-challenge</span></span></div><span data-is-icon=\"true\" class=\"options\"></span>"}, {28ef1ede-3aba-4421-a990-83f52b0980c8}, {28ef1ede-3aba-4421-a990-83f52b0980c8}
04-26 02:40:39.975 I/Gecko   (   84): 1398505239989	Marionette	INFO	sendToClient: {"from":"0","value":"<div><img src=\"blob:04e03fd0-c5db-454b-80d9-7d6c2e66b3a7\" style=\"visibility: visible;\" role=\"presentation\" height=\"64\" width=\"64\"><span class=\"labelWrapper\"><span>KAYAK</span></span></div><span data-is-icon=\"true\" class=\"options\"></span>"}, {2604607d-7131-4e37-9783-1619590f8224}, {2604607d-7131-4e37-9783-1619590f8224}
04-26 02:40:39.995 I/Gecko   (   84): 1398505240011	Marionette	INFO	sendToClient: {"from":"0","value":"<div><img src=\"blob:bc8a958e-c008-4c18-a723-6dd3142959ae\" style=\"visibility: visible;\" role=\"presentation\" height=\"64\" width=\"64\"><span class=\"labelWrapper mask\"><span>Real Headshot</span></span></div><span data-is-icon=\"true\" class=\"options\"></span>"}, {680f4bf5-1c6a-4542-ba16-9f1e41b23f58}, {680f4bf5-1c6a-4542-ba16-9f1e41b23f58}
04-26 02:40:40.015 I/Gecko   (   84): 1398505240030	Marionette	INFO	sendToClient: {"from":"0","value":"<div><img src=\"blob:57066142-0fd1-49de-b995-bffa4f89fe2e\" style=\"visibility: visible;\" role=\"presentation\" height=\"64\" width=\"64\"><span class=\"labelWrapper mask\"><span>Orion Nebula</span></span></div><span data-is-icon=\"true\" class=\"options\"></span>"}, {3b78a49e-fac7-4753-a310-f9182f5fca77}, {3b78a49e-fac7-4753-a310-f9182f5fca77}
04-26 02:40:40.115 I/Gecko   (   84): 1398505240124	Marionette	INFO	sendToClient: {"from":"0","value":"<div><img src=\"blob:c2939f26-c7e1-45c2-973b-a17d95179bc7\" style=\"visibility: visible;\" role=\"presentation\" height=\"64\" width=\"64\"><span class=\"labelWrapper\"><span>USB 3D</span></span></div><span data-is-icon=\"true\" class=\"options\"></span>"}, {990cec08-e404-420f-b90f-db00334665c5}, {990cec08-e404-420f-b90f-db00334665c5}
04-26 02:40:40.145 I/Gecko   (   84): 1398505240157	Marionette	INFO	sendToClient: {"from":"0","value":"<div><img src=\"blob:84386826-15ca-4500-bce4-29d8071e770c\" style=\"visibility: visible;\" role=\"presentation\" height=\"64\" width=\"64\"><span class=\"labelWrapper\"><span>Phone</span></span></div>"}, {3ae56242-c219-4887-af87-876540bc07d8}, {3ae56242-c219-4887-af87-876540bc07d8}
04-26 02:40:40.155 I/Gecko   (   84): 1398505240167	Marionette	INFO	sendToClient: {"from":"0","value":"<div><img src=\"blob:d50b348d-218f-4a3e-b45a-2ab854c9e6af\" style=\"visibility: visible;\" role=\"presentation\" height=\"64\" width=\"64\"><span class=\"labelWrapper\"><span>Messages</span></span></div>"}, {6b69bd17-d832-41f3-b14d-4361dd0fefda}, {6b69bd17-d832-41f3-b14d-4361dd0fefda}
04-26 02:40:40.175 I/Gecko   (   84): 1398505240182	Marionette	INFO	sendToClient: {"from":"0","value":"<div><img src=\"blob:a08ddd79-79eb-4db4-bc02-07d4f8891ab8\" style=\"visibility: visible;\" role=\"presentation\" height=\"64\" width=\"64\"><span class=\"labelWrapper\"><span>Contacts</span></span></div>"}, {a6aa072c-d8bf-4789-a076-ffacd4fa299e}, {a6aa072c-d8bf-4789-a076-ffacd4fa299e}
04-26 02:40:40.185 I/Gecko   (   84): 1398505240194	Marionette	INFO	sendToClient: {"from":"0","value":"<div><img src=\"blob:89357c4b-d402-43ab-a882-775f4b7bef23\" style=\"visibility: visible;\" role=\"presentation\" height=\"64\" width=\"64\"><span class=\"labelWrapper\"><span>Browser</span></span></div>"}, {05ff6586-5d35-4cfe-9bec-278e1d4ebe8e}, {05ff6586-5d35-4cfe-9bec-278e1d4ebe8e}
04-26 02:40:42.385 I/Gecko   (   84): 1398505242399	Marionette	INFO	sendToClient: {"from":"0","value":["{fb5ff2f0-222a-473a-8844-646b6db30406}","{cb9cb039-d081-4bd6-8b5f-b60757a17bd2}","{a7cd77a2-8249-4713-8d9b-ca0cf2edda10}","{a9cdc196-c4f5-4a03-9128-0b5325202e28}","{52a07717-5d70-43e8-96dc-e37c4778becd}","{c969d516-d1e0-40b8-863f-1a582bd83200}","{26e435c0-bdec-46e5-bf8d-2fa21e73bbd6}","{83636016-5f74-4471-bd3a-1db02782e0be}","{b968a8b0-6999-4011-b624-8a476bb43897}","{2d75f8f8-a875-446a-a8a3-93f06fcd47c2}","{c6e4404c-28e0-46a5-a8a1-cb78c9140570}","{1ff26d2f-27ba-4a94-9f87-34ddde083dda}","{c54dbff5-2e43-41c5-99c1-aadfa30cff66}","{4d0b6010-66e4-4e04-97f5-78d44d71270e}","{7c5a369e-4c61-40f8-8b4c-c6345fde59a8}","{862cd53f-f5f9-4519-a7af-3c0cb9670339}","{83cf4580-c813-47eb-a6a1-e847ee4d834b}","{0980eb28-a35e-4788-9951-5582cb55bbff}","{1ff474b1-8564-44e7-88f4-511a4ff5539f}","{e2df0689-9e53-4a75-a8d3-649cfcc69984}","{1ab7efb0-b353-408d-9ca0-dadc65d25f30}","{f99c78f1-328a-404a-a679-dcbec31cfd40}","{66f238fa-a6d6-4ba9-834a-c6df31ce1911}","{712ca3f4-7972
04-26 02:40:42.405 I/Gecko   (   84): 1398505242417	Marionette	INFO	sendToClient: {"from":"0","value":"<div><img src=\"blob:777adf78-92c1-44be-9659-282b145d3279\" style=\"visibility: visible;\" role=\"presentation\" height=\"64\" width=\"64\"><span class=\"labelWrapper\"><span>Social</span></span></div><span data-is-icon=\"true\" class=\"options\"></span>"}, {51064ea4-ce83-4e6e-9ea5-ca46f8616c23}, {51064ea4-ce83-4e6e-9ea5-ca46f8616c23}
04-26 02:40:42.435 I/Gecko   (   84): 1398505242444	Marionette	INFO	sendToClient: {"from":"0","value":"<div><img src=\"blob:57af203d-bf5a-40aa-8175-610b56252c67\" style=\"visibility: visible;\" role=\"presentation\" height=\"64\" width=\"64\"><span class=\"labelWrapper\"><span>Games</span></span></div><span data-is-icon=\"true\" class=\"options\"></span>"}, {11eeddeb-1a24-44ca-95d1-17fe62a681f6}, {11eeddeb-1a24-44ca-95d1-17fe62a681f6}
04-26 02:40:42.445 I/Gecko   (   84): 1398505242458	Marionette	INFO	sendToClient: {"from":"0","value":"<div><img src=\"blob:e58c66a2-79e2-4436-9d2f-f7696a0fcf9a\" style=\"visibility: visible;\" role=\"presentation\" height=\"64\" width=\"64\"><span class=\"labelWrapper\"><span>Music</span></span></div><span data-is-icon=\"true\" class=\"options\"></span>"}, {2c779341-bc63-40e6-a3c5-02b5187d1c8a}, {2c779341-bc63-40e6-a3c5-02b5187d1c8a}
04-26 02:40:42.465 I/Gecko   (   84): 1398505242471	Marionette	INFO	sendToClient: {"from":"0","value":"<div><img src=\"blob:42315c2e-bd6d-4311-8d98-efd0c38f1924\" style=\"visibility: visible;\" role=\"presentation\" height=\"64\" width=\"64\"><span class=\"labelWrapper\"><span>Showbiz</span></span></div><span data-is-icon=\"true\" class=\"options\"></span>"}, {72827956-ef40-4c92-b7b7-27d8d1dcddbe}, {72827956-ef40-4c92-b7b7-27d8d1dcddbe}
04-26 02:40:42.475 I/Gecko   (   84): 1398505242481	Marionette	INFO	sendToClient: {"from":"0","value":"<div><img src=\"blob:87c96839-51ec-4017-8b82-7e4eec47cf08\" style=\"visibility: visible;\" role=\"presentation\" height=\"64\" width=\"64\"><span class=\"labelWrapper\"><span>Camera</span></span></div>"}, {f872168a-e50c-485b-b554-f20afdbd9ab1}, {f872168a-e50c-485b-b554-f20afdbd9ab1}
04-26 02:40:42.485 I/Gecko   (   84): 1398505242492	Marionette	INFO	sendToClient: {"from":"0","value":"<div><img src=\"blob:14230e58-c66e-40b6-a344-15d316185ec6\" style=\"visibility: visible;\" role=\"presentation\" height=\"64\" width=\"64\"><span class=\"labelWrapper\"><span>Gallery</span></span></div>"}, {a9c75bdb-b128-494f-9819-b2e49666fb38}, {a9c75bdb-b128-494f-9819-b2e49666fb38}
04-26 02:40:42.515 I/Gecko   (   84): 1398505242523	Marionette	INFO	sendToClient: {"from":"0","value":"<div><img src=\"blob:d034036d-1166-45fa-9c72-dba5a38b8d97\" style=\"visibility: visible;\" role=\"presentation\" height=\"64\" width=\"64\"><span class=\"labelWrapper\"><span>FM Radio</span></span></div>"}, {497ef7be-2025-4f4e-a45d-619b456989a9}, {497ef7be-2025-4f4e-a45d-619b456989a9}
04-26 02:40:42.525 I/Gecko   (   84): 1398505242533	Marionette	INFO	sendToClient: {"from":"0","value":"<div><img src=\"blob:f679a504-5b7f-4a90-ac8c-d0e607d0cd40\" style=\"visibility: visible;\" role=\"presentation\" height=\"64\" width=\"64\"><span class=\"labelWrapper\"><span>Settings</span></span></div>"}, {6fa882fb-69e1-449e-bb40-46b2ef26359f}, {6fa882fb-69e1-449e-bb40-46b2ef26359f}
04-26 02:40:42.535 I/Gecko   (   84): 1398505242543	Marionette	INFO	sendToClient: {"from":"0","value":"<div><img src=\"blob:3c9711e5-51a4-48be-9be8-ac39d7b92ff1\" style=\"visibility: visible;\" role=\"presentation\" height=\"64\" width=\"64\"><span class=\"labelWrapper\"><span>Marketplace</span></span></div>"}, {b88859d1-fcd1-43f6-941e-22c0dac77ccf}, {b88859d1-fcd1-43f6-941e-22c0dac77ccf}
04-26 02:40:42.555 I/Gecko   (   84): 1398505242566	Marionette	INFO	sendToClient: {"from":"0","value":"<div><img src=\"blob:03fdebf5-ffbc-4518-a289-4b913d6ab1d8\" style=\"visibility: visible;\" role=\"presentation\" height=\"64\" width=\"64\"><span class=\"labelWrapper\"><span>Calendar</span></span></div>"}, {6a16edb8-66f1-4c01-82de-ffa395a86c69}, {6a16edb8-66f1-4c01-82de-ffa395a86c69}
04-26 02:40:42.565 I/Gecko   (   84): 1398505242576	Marionette	INFO	sendToClient: {"from":"0","value":"<div><img src=\"blob:edd62ce8-0578-4e77-a0bc-e8762a82b6b6\" style=\"visibility: visible;\" role=\"presentation\" height=\"64\" width=\"64\"><span class=\"labelWrapper\"><span>Clock</span></span></div>"}, {b9540440-a539-4976-9b8d-7d9510198acf}, {b9540440-a539-4976-9b8d-7d9510198acf}
04-26 02:40:42.575 I/Gecko   (   84): 1398505242586	Marionette	INFO	sendToClient: {"from":"0","value":"<div><img src=\"blob:dbf64600-a6be-4b73-ab60-433a4c392ba9\" style=\"visibility: visible;\" role=\"presentation\" height=\"64\" width=\"64\"><span class=\"labelWrapper\"><span>Usage</span></span></div>"}, {70733f01-7ee1-4660-85b9-6caaa5237135}, {70733f01-7ee1-4660-85b9-6caaa5237135}
04-26 02:40:42.585 I/Gecko   (   84): 1398505242595	Marionette	INFO	sendToClient: {"from":"0","value":"<div><img src=\"blob:875b59b0-781b-4156-bb25-53cf4b4a6805\" style=\"visibility: visible;\" role=\"presentation\" height=\"64\" width=\"64\"><span class=\"labelWrapper\"><span>E-Mail</span></span></div>"}, {fae168c7-9b90-4643-8b8a-9a5620c705d3}, {fae168c7-9b90-4643-8b8a-9a5620c705d3}
04-26 02:40:42.595 I/Gecko   (   84): 1398505242605	Marionette	INFO	sendToClient: {"from":"0","value":"<div><img src=\"blob:c4290172-ea66-4176-b2e2-1512acc1e366\" style=\"visibility: visible;\" role=\"presentation\" height=\"64\" width=\"64\"><span class=\"labelWrapper\"><span>Music</span></span></div>"}, {c6c33668-507c-4b71-9c52-08901db20f4c}, {c6c33668-507c-4b71-9c52-08901db20f4c}
04-26 02:40:42.605 I/Gecko   (   84): 1398505242618	Marionette	INFO	sendToClient: {"from":"0","value":"<div><img src=\"blob:deed3bee-7d5e-4af3-99bb-e8bd760eedbf\" style=\"visibility: visible;\" role=\"presentation\" height=\"64\" width=\"64\"><span class=\"labelWrapper\"><span>Video</span></span></div>"}, {e23c36e3-11c8-4060-978f-51db1047cbc7}, {e23c36e3-11c8-4060-978f-51db1047cbc7}
04-26 02:40:42.615 I/Gecko   (   84): 1398505242628	Marionette	INFO	sendToClient: {"from":"0","value":"<div><img src=\"blob:f195ea3d-357d-49a3-965f-885e8f63554f\" style=\"visibility: visible;\" role=\"presentation\" height=\"64\" width=\"64\"><span class=\"labelWrapper\"><span>ConnectA2</span></span></div><span data-is-icon=\"true\" class=\"options\"></span>"}, {2acce2ea-1263-46b9-a977-a5c07a3626ef}, {2acce2ea-1263-46b9-a977-a5c07a3626ef}
04-26 02:40:42.625 I/Gecko   (   84): 1398505242638	Marionette	INFO	sendToClient: {"from":"0","value":"<div><img src=\"blob:02f26336-8bea-4f89-91d3-1cdf460b0add\" style=\"visibility: visible;\" role=\"presentation\" height=\"64\" width=\"64\"><span class=\"labelWrapper\"><span>Word Wars</span></span></div><span data-is-icon=\"true\" class=\"options\"></span>"}, {e12ded56-9fb3-4b6c-977a-325ca0a54489}, {e12ded56-9fb3-4b6c-977a-325ca0a54489}
04-26 02:40:42.635 I/Gecko   (   84): 1398505242648	Marionette	INFO	sendToClient: {"from":"0","value":"<div><img src=\"blob:c7156e19-6ffc-4de6-a836-fbee1e08de10\" style=\"visibility: visible;\" role=\"presentation\" height=\"64\" width=\"64\"><span class=\"labelWrapper\"><span>Rormix</span></span></div><span data-is-icon=\"true\" class=\"options\"></span>"}, {6afdb343-63a4-4449-959a-bf62df671515}, {6afdb343-63a4-4449-959a-bf62df671515}
04-26 02:40:42.645 I/Gecko   (   84): 1398505242660	Marionette	INFO	sendToClient: {"from":"0","value":"<div><img src=\"blob:93a105fa-ad29-4ab6-96f6-232929dcc6a3\" style=\"visibility: visible;\" role=\"presentation\" height=\"64\" width=\"64\"><span class=\"labelWrapper\"><span>Cheer Up!</span></span></div><span data-is-icon=\"true\" class=\"options\"></span>"}, {005179cf-31b9-4fdb-8aba-92074533dc00}, {005179cf-31b9-4fdb-8aba-92074533dc00}
04-26 02:40:42.655 I/Gecko   (   84): 1398505242671	Marionette	INFO	sendToClient: {"from":"0","value":"<div><img src=\"blob:c2222971-3ed5-4fd7-8088-6b1f24e91884\" style=\"visibility: visible;\" role=\"presentation\" height=\"64\" width=\"64\"><span class=\"labelWrapper mask\"><span>Duck Sounds</span></span></div><span data-is-icon=\"true\" class=\"options\"></span>"}, {ef592c1f-5cea-4c78-ab74-cf9bbebfa452}, {ef592c1f-5cea-4c78-ab74-cf9bbebfa452}
04-26 02:40:42.665 I/Gecko   (   84): 1398505242680	Marionette	INFO	sendToClient: {"from":"0","value":"<div><img src=\"blob:6bac7a79-722f-43ca-abea-2f3d7fb6218a\" style=\"visibility: visible;\" role=\"presentation\" height=\"64\" width=\"64\"><span class=\"labelWrapper mask\"><span>Alarm Sounds</span></span></div><span data-is-icon=\"true\" class=\"options\"></span>"}, {cd00ea43-3734-4e04-97ef-f577d41556ea}, {cd00ea43-3734-4e04-97ef-f577d41556ea}
04-26 02:40:42.675 I/Gecko   (   84): 1398505242690	Marionette	INFO	sendToClient: {"from":"0","value":"<div><img src=\"blob:042afd30-0a26-4724-aaef-e7aba57f852a\" style=\"visibility: visible;\" role=\"presentation\" height=\"64\" width=\"64\"><span class=\"labelWrapper\"><span>Art</span></span></div><span data-is-icon=\"true\" class=\"options\"></span>"}, {a74ddf1c-f17b-4310-b78d-1ed79dd68e27}, {a74ddf1c-f17b-4310-b78d-1ed79dd68e27}
04-26 02:40:42.715 I/Gecko   (   84): 1398505242722	Marionette	INFO	sendToClient: {"from":"0","value":"<div><img src=\"blob:7e3310a6-3cb5-4ec3-bdf4-849086944b0c\" style=\"visibility: visible;\" role=\"presentation\" height=\"64\" width=\"64\"><span class=\"labelWrapper\"><span>Marketplace</span></span></div><span data-is-icon=\"true\" class=\"options\"></span>"}, {8327900c-9901-436e-a93e-233ca94acddb}, {8327900c-9901-436e-a93e-233ca94acddb}
04-26 02:40:42.725 I/Gecko   (   84): 1398505242733	Marionette	INFO	sendToClient: {"from":"0","value":"<div><img src=\"blob:a74494e3-eed4-4b73-a779-8360ef6a7ab9\" style=\"visibility: visible;\" role=\"presentation\" height=\"64\" width=\"64\"><span class=\"labelWrapper\"><span>VTCS 13</span></span></div><span data-is-icon=\"true\" class=\"options\"></span>"}, {a890c3eb-ed7d-44a4-9f63-fdf287f643e1}, {a890c3eb-ed7d-44a4-9f63-fdf287f643e1}
04-26 02:40:42.735 I/Gecko   (   84): 1398505242745	Marionette	INFO	sendToClient: {"from":"0","value":"<div><img src=\"blob:41343537-00b8-443a-a645-499686f2a4aa\" style=\"visibility: visible;\" role=\"presentation\" height=\"64\" width=\"64\"><span class=\"labelWrapper mask\"><span>inca-challenge</span></span></div><span data-is-icon=\"true\" class=\"options\"></span>"}, {79261aad-5283-47d0-b67a-6b04b8a247a8}, {79261aad-5283-47d0-b67a-6b04b8a247a8}
04-26 02:40:42.745 I/Gecko   (   84): 1398505242756	Marionette	INFO	sendToClient: {"from":"0","value":"<div><img src=\"blob:04e03fd0-c5db-454b-80d9-7d6c2e66b3a7\" style=\"visibility: visible;\" role=\"presentation\" height=\"64\" width=\"64\"><span class=\"labelWrapper\"><span>KAYAK</span></span></div><span data-is-icon=\"true\" class=\"options\"></span>"}, {7178a57b-5eac-4b47-bca9-76aafa2d2fd4}, {7178a57b-5eac-4b47-bca9-76aafa2d2fd4}
04-26 02:40:42.765 I/Gecko   (   84): 1398505242779	Marionette	INFO	sendToClient: {"from":"0","value":"<div><img src=\"blob:bc8a958e-c008-4c18-a723-6dd3142959ae\" style=\"visibility: visible;\" role=\"presentation\" height=\"64\" width=\"64\"><span class=\"labelWrapper mask\"><span>Real Headshot</span></span></div><span data-is-icon=\"true\" class=\"options\"></span>"}, {c29e4a23-6ed4-4ffe-a8d3-7eb94f475639}, {c29e4a23-6ed4-4ffe-a8d3-7eb94f475639}
04-26 02:40:42.775 I/Gecko   (   84): 1398505242789	Marionette	INFO	sendToClient: {"from":"0","value":"<div><img src=\"blob:57066142-0fd1-49de-b995-bffa4f89fe2e\" style=\"visibility: visible;\" role=\"presentation\" height=\"64\" width=\"64\"><span class=\"labelWrapper mask\"><span>Orion Nebula</span></span></div><span data-is-icon=\"true\" class=\"options\"></span>"}, {72f33871-b421-43f7-8a8a-95a64afe9fb8}, {72f33871-b421-43f7-8a8a-95a64afe9fb8}
04-26 02:40:42.785 I/Gecko   (   84): 1398505242799	Marionette	INFO	sendToClient: {"from":"0","value":"<div><img src=\"blob:c2939f26-c7e1-45c2-973b-a17d95179bc7\" style=\"visibility: visible;\" role=\"presentation\" height=\"64\" width=\"64\"><span class=\"labelWrapper\"><span>USB 3D</span></span></div><span data-is-icon=\"true\" class=\"options\"></span>"}, {29e18ced-d803-4e64-b0c6-52931d14d687}, {29e18ced-d803-4e64-b0c6-52931d14d687}
04-26 02:40:42.795 I/Gecko   (   84): 1398505242809	Marionette	INFO	sendToClient: {"from":"0","value":"<div><img src=\"blob:84386826-15ca-4500-bce4-29d8071e770c\" style=\"visibility: visible;\" role=\"presentation\" height=\"64\" width=\"64\"><span class=\"labelWrapper\"><span>Phone</span></span></div>"}, {60b1957d-d54f-4cc8-914a-0d663d664459}, {60b1957d-d54f-4cc8-914a-0d663d664459}
04-26 02:40:42.805 I/Gecko   (   84): 1398505242819	Marionette	INFO	sendToClient: {"from":"0","value":"<div><img src=\"blob:d50b348d-218f-4a3e-b45a-2ab854c9e6af\" style=\"visibility: visible;\" role=\"presentation\" height=\"64\" width=\"64\"><span class=\"labelWrapper\"><span>Messages</span></span></div>"}, {e72682e1-a1b8-4d9d-930d-608bf7f2562e}, {e72682e1-a1b8-4d9d-930d-608bf7f2562e}
04-26 02:40:42.815 I/Gecko   (   84): 1398505242828	Marionette	INFO	sendToClient: {"from":"0","value":"<div><img src=\"blob:a08ddd79-79eb-4db4-bc02-07d4f8891ab8\" style=\"visibility: visible;\" role=\"presentation\" height=\"64\" width=\"64\"><span class=\"labelWrapper\"><span>Contacts</span></span></div>"}, {2fb7757a-3d6d-4114-9e9a-2dc744e12b88}, {2fb7757a-3d6d-4114-9e9a-2dc744e12b88}
04-26 02:40:42.825 I/Gecko   (   84): 1398505242839	Marionette	INFO	sendToClient: {"from":"0","value":"<div><img src=\"blob:89357c4b-d402-43ab-a882-775f4b7bef23\" style=\"visibility: visible;\" role=\"presentation\" height=\"64\" width=\"64\"><span class=\"labelWrapper\"><span>Browser</span></span></div>"}, {1c383bd5-4146-468d-b59c-09cff98816fd}, {1c383bd5-4146-468d-b59c-09cff98816fd}
04-26 02:40:43.085 W/WifiHW  (   84): wifi_command: SIGNAL_POLL
04-26 02:40:44.865 I/Gecko   (   84): 1398505244873	Marionette	INFO	sendToClient: {"from":"0","value":["{fb5ff2f0-222a-473a-8844-646b6db30406}","{cb9cb039-d081-4bd6-8b5f-b60757a17bd2}","{a7cd77a2-8249-4713-8d9b-ca0cf2edda10}","{a9cdc196-c4f5-4a03-9128-0b5325202e28}","{52a07717-5d70-43e8-96dc-e37c4778becd}","{c969d516-d1e0-40b8-863f-1a582bd83200}","{26e435c0-bdec-46e5-bf8d-2fa21e73bbd6}","{83636016-5f74-4471-bd3a-1db02782e0be}","{b968a8b0-6999-4011-b624-8a476bb43897}","{2d75f8f8-a875-446a-a8a3-93f06fcd47c2}","{c6e4404c-28e0-46a5-a8a1-cb78c9140570}","{1ff26d2f-27ba-4a94-9f87-34ddde083dda}","{c54dbff5-2e43-41c5-99c1-aadfa30cff66}","{4d0b6010-66e4-4e04-97f5-78d44d71270e}","{7c5a369e-4c61-40f8-8b4c-c6345fde59a8}","{862cd53f-f5f9-4519-a7af-3c0cb9670339}","{83cf4580-c813-47eb-a6a1-e847ee4d834b}","{0980eb28-a35e-4788-9951-5582cb55bbff}","{1ff474b1-8564-44e7-88f4-511a4ff5539f}","{e2df0689-9e53-4a75-a8d3-649cfcc69984}","{1ab7efb0-b353-408d-9ca0-dadc65d25f30}","{f99c78f1-328a-404a-a679-dcbec31cfd40}","{66f238fa-a6d6-4ba9-834a-c6df31ce1911}","{712ca3f4-7972
04-26 02:40:44.875 I/Gecko   (   84): 1398505244884	Marionette	INFO	sendToClient: {"from":"0","value":"<div><img src=\"blob:777adf78-92c1-44be-9659-282b145d3279\" style=\"visibility: visible;\" role=\"presentation\" height=\"64\" width=\"64\"><span class=\"labelWrapper\"><span>Social</span></span></div><span data-is-icon=\"true\" class=\"options\"></span>"}, {5249dc49-11fb-4374-85be-8ebe448a20dd}, {5249dc49-11fb-4374-85be-8ebe448a20dd}
04-26 02:40:44.885 I/Gecko   (   84): 1398505244894	Marionette	INFO	sendToClient: {"from":"0","value":"<div><img src=\"blob:57af203d-bf5a-40aa-8175-610b56252c67\" style=\"visibility: visible;\" role=\"presentation\" height=\"64\" width=\"64\"><span class=\"labelWrapper\"><span>Games</span></span></div><span data-is-icon=\"true\" class=\"options\"></span>"}, {394d2d54-6533-41ce-913f-5832abb8e008}, {394d2d54-6533-41ce-913f-5832abb8e008}
04-26 02:40:44.895 I/Gecko   (   84): 1398505244905	Marionette	INFO	sendToClient: {"from":"0","value":"<div><img src=\"blob:e58c66a2-79e2-4436-9d2f-f7696a0fcf9a\" style=\"visibility: visible;\" role=\"presentation\" height=\"64\" width=\"64\"><span class=\"labelWrapper\"><span>Music</span></span></div><span data-is-icon=\"true\" class=\"options\"></span>"}, {4fc14b83-ff19-4370-bffc-d4d40381dc19}, {4fc14b83-ff19-4370-bffc-d4d40381dc19}
04-26 02:40:44.915 I/Gecko   (   84): 1398505244926	Marionette	INFO	sendToClient: {"from":"0","value":"<div><img src=\"blob:42315c2e-bd6d-4311-8d98-efd0c38f1924\" style=\"visibility: visible;\" role=\"presentation\" height=\"64\" width=\"64\"><span class=\"labelWrapper\"><span>Showbiz</span></span></div><span data-is-icon=\"true\" class=\"options\"></span>"}, {713e4534-25c6-4515-9c4b-097965bcbf39}, {713e4534-25c6-4515-9c4b-097965bcbf39}
04-26 02:40:44.925 I/Gecko   (   84): 1398505244936	Marionette	INFO	sendToClient: {"from":"0","value":"<div><img src=\"blob:87c96839-51ec-4017-8b82-7e4eec47cf08\" style=\"visibility: visible;\" role=\"presentation\" height=\"64\" width=\"64\"><span class=\"labelWrapper\"><span>Camera</span></span></div>"}, {3737351e-0586-4da8-bc06-60da0626fd56}, {3737351e-0586-4da8-bc06-60da0626fd56}
04-26 02:40:44.935 I/Gecko   (   84): 1398505244946	Marionette	INFO	sendToClient: {"from":"0","value":"<div><img src=\"blob:14230e58-c66e-40b6-a344-15d316185ec6\" style=\"visibility: visible;\" role=\"presentation\" height=\"64\" width=\"64\"><span class=\"labelWrapper\"><span>Gallery</span></span></div>"}, {f74ed96a-541b-486c-adff-3cd676c0970c}, {f74ed96a-541b-486c-adff-3cd676c0970c}
04-26 02:40:44.945 I/Gecko   (   84): 1398505244955	Marionette	INFO	sendToClient: {"from":"0","value":"<div><img src=\"blob:d034036d-1166-45fa-9c72-dba5a38b8d97\" style=\"visibility: visible;\" role=\"presentation\" height=\"64\" width=\"64\"><span class=\"labelWrapper\"><span>FM Radio</span></span></div>"}, {653bd328-46e3-4668-9c25-5cd1a4c1dd0a}, {653bd328-46e3-4668-9c25-5cd1a4c1dd0a}
04-26 02:40:44.955 I/Gecko   (   84): 1398505244965	Marionette	INFO	sendToClient: {"from":"0","value":"<div><img src=\"blob:f679a504-5b7f-4a90-ac8c-d0e607d0cd40\" style=\"visibility: visible;\" role=\"presentation\" height=\"64\" width=\"64\"><span class=\"labelWrapper\"><span>Settings</span></span></div>"}, {050400b9-8d02-450e-9e2e-11e61e36d648}, {050400b9-8d02-450e-9e2e-11e61e36d648}
04-26 02:40:44.965 I/Gecko   (   84): 1398505244975	Marionette	INFO	sendToClient: {"from":"0","value":"<div><img src=\"blob:3c9711e5-51a4-48be-9be8-ac39d7b92ff1\" style=\"visibility: visible;\" role=\"presentation\" height=\"64\" width=\"64\"><span class=\"labelWrapper\"><span>Marketplace</span></span></div>"}, {9dcb9c79-5a7e-4707-b001-1ab861754bd4}, {9dcb9c79-5a7e-4707-b001-1ab861754bd4}
04-26 02:40:44.975 I/Gecko   (   84): 1398505244985	Marionette	INFO	sendToClient: {"from":"0","value":"<div><img src=\"blob:03fdebf5-ffbc-4518-a289-4b913d6ab1d8\" style=\"visibility: visible;\" role=\"presentation\" height=\"64\" width=\"64\"><span class=\"labelWrapper\"><span>Calendar</span></span></div>"}, {efba40ff-92fc-4db4-a4f9-e57cbd88b2e9}, {efba40ff-92fc-4db4-a4f9-e57cbd88b2e9}
04-26 02:40:44.985 I/Gecko   (   84): 1398505244995	Marionette	INFO	sendToClient: {"from":"0","value":"<div><img src=\"blob:edd62ce8-0578-4e77-a0bc-e8762a82b6b6\" style=\"visibility: visible;\" role=\"presentation\" height=\"64\" width=\"64\"><span class=\"labelWrapper\"><span>Clock</span></span></div>"}, {28b2a0f8-2c74-44a9-8d5b-7a0371634de8}, {28b2a0f8-2c74-44a9-8d5b-7a0371634de8}
04-26 02:40:44.995 I/Gecko   (   84): 1398505245005	Marionette	INFO	sendToClient: {"from":"0","value":"<div><img src=\"blob:dbf64600-a6be-4b73-ab60-433a4c392ba9\" style=\"visibility: visible;\" role=\"presentation\" height=\"64\" width=\"64\"><span class=\"labelWrapper\"><span>Usage</span></span></div>"}, {774cee93-7b8b-435e-b7d8-86f042ac7774}, {774cee93-7b8b-435e-b7d8-86f042ac7774}
04-26 02:40:45.005 I/Gecko   (   84): 1398505245017	Marionette	INFO	sendToClient: {"from":"0","value":"<div><img src=\"blob:875b59b0-781b-4156-bb25-53cf4b4a6805\" style=\"visibility: visible;\" role=\"presentation\" height=\"64\" width=\"64\"><span class=\"labelWrapper\"><span>E-Mail</span></span></div>"}, {3ec836e1-f8a5-447b-9d7a-3dccc5f584b1}, {3ec836e1-f8a5-447b-9d7a-3dccc5f584b1}
04-26 02:40:45.015 I/Gecko   (   84): 1398505245027	Marionette	INFO	sendToClient: {"from":"0","value":"<div><img src=\"blob:c4290172-ea66-4176-b2e2-1512acc1e366\" style=\"visibility: visible;\" role=\"presentation\" height=\"64\" width=\"64\"><span class=\"labelWrapper\"><span>Music</span></span></div>"}, {3f5f7048-fb26-4e2b-923f-e2770b43d825}, {3f5f7048-fb26-4e2b-923f-e2770b43d825}
04-26 02:40:45.025 I/Gecko   (   84): 1398505245037	Marionette	INFO	sendToClient: {"from":"0","value":"<div><img src=\"blob:deed3bee-7d5e-4af3-99bb-e8bd760eedbf\" style=\"visibility: visible;\" role=\"presentation\" height=\"64\" width=\"64\"><span class=\"labelWrapper\"><span>Video</span></span></div>"}, {4c414b49-d758-47df-bfd9-40177b5539ca}, {4c414b49-d758-47df-bfd9-40177b5539ca}
04-26 02:40:45.035 I/Gecko   (   84): 1398505245047	Marionette	INFO	sendToClient: {"from":"0","value":"<div><img src=\"blob:f195ea3d-357d-49a3-965f-885e8f63554f\" style=\"visibility: visible;\" role=\"presentation\" height=\"64\" width=\"64\"><span class=\"labelWrapper\"><span>ConnectA2</span></span></div><span data-is-icon=\"true\" class=\"options\"></span>"}, {37829ee6-36b8-4480-9e55-489763f55ce6}, {37829ee6-36b8-4480-9e55-489763f55ce6}
04-26 02:40:45.045 I/Gecko   (   84): 1398505245057	Marionette	INFO	sendToClient: {"from":"0","value":"<div><img src=\"blob:02f26336-8bea-4f89-91d3-1cdf460b0add\" style=\"visibility: visible;\" role=\"presentation\" height=\"64\" width=\"64\"><span class=\"labelWrapper\"><span>Word Wars</span></span></div><span data-is-icon=\"true\" class=\"options\"></span>"}, {7ceb4131-16c9-45bd-b1f1-b1520895b6cd}, {7ceb4131-16c9-45bd-b1f1-b1520895b6cd}
04-26 02:40:45.055 I/Gecko   (   84): 1398505245067	Marionette	INFO	sendToClient: {"from":"0","value":"<div><img src=\"blob:c7156e19-6ffc-4de6-a836-fbee1e08de10\" style=\"visibility: visible;\" role=\"presentation\" height=\"64\" width=\"64\"><span class=\"labelWrapper\"><span>Rormix</span></span></div><span data-is-icon=\"true\" class=\"options\"></span>"}, {a6313002-019d-476c-8e04-6b57a91cdb73}, {a6313002-019d-476c-8e04-6b57a91cdb73}
04-26 02:40:45.065 I/Gecko   (   84): 1398505245076	Marionette	INFO	sendToClient: {"from":"0","value":"<div><img src=\"blob:93a105fa-ad29-4ab6-96f6-232929dcc6a3\" style=\"visibility: visible;\" role=\"presentation\" height=\"64\" width=\"64\"><span class=\"labelWrapper\"><span>Cheer Up!</span></span></div><span data-is-icon=\"true\" class=\"options\"></span>"}, {c9fb863b-3c2c-43b4-bafd-aff81e0a5230}, {c9fb863b-3c2c-43b4-bafd-aff81e0a5230}
04-26 02:40:45.075 I/Gecko   (   84): 1398505245086	Marionette	INFO	sendToClient: {"from":"0","value":"<div><img src=\"blob:c2222971-3ed5-4fd7-8088-6b1f24e91884\" style=\"visibility: visible;\" role=\"presentation\" height=\"64\" width=\"64\"><span class=\"labelWrapper mask\"><span>Duck Sounds</span></span></div><span data-is-icon=\"true\" class=\"options\"></span>"}, {81dfbd54-4d64-453e-8ae5-cc189fe79934}, {81dfbd54-4d64-453e-8ae5-cc189fe79934}
04-26 02:40:45.085 I/Gecko   (   84): 1398505245096	Marionette	INFO	sendToClient: {"from":"0","value":"<div><img src=\"blob:6bac7a79-722f-43ca-abea-2f3d7fb6218a\" style=\"visibility: visible;\" role=\"presentation\" height=\"64\" width=\"64\"><span class=\"labelWrapper mask\"><span>Alarm Sounds</span></span></div><span data-is-icon=\"true\" class=\"options\"></span>"}, {39a615d9-39d2-4b2b-82f8-f80c189c4f47}, {39a615d9-39d2-4b2b-82f8-f80c189c4f47}
04-26 02:40:45.095 I/Gecko   (   84): 1398505245106	Marionette	INFO	sendToClient: {"from":"0","value":"<div><img src=\"blob:042afd30-0a26-4724-aaef-e7aba57f852a\" style=\"visibility: visible;\" role=\"presentation\" height=\"64\" width=\"64\"><span class=\"labelWrapper\"><span>Art</span></span></div><span data-is-icon=\"true\" class=\"options\"></span>"}, {69d8f274-26a4-48e5-9359-5c2dbc97a79d}, {69d8f274-26a4-48e5-9359-5c2dbc97a79d}
04-26 02:40:45.115 I/Gecko   (   84): 1398505245128	Marionette	INFO	sendToClient: {"from":"0","value":"<div><img src=\"blob:7e3310a6-3cb5-4ec3-bdf4-849086944b0c\" style=\"visibility: visible;\" role=\"presentation\" height=\"64\" width=\"64\"><span class=\"labelWrapper\"><span>Marketplace</span></span></div><span data-is-icon=\"true\" class=\"options\"></span>"}, {11ab1670-3f9e-4ca1-92bd-0ef56e261174}, {11ab1670-3f9e-4ca1-92bd-0ef56e261174}
04-26 02:40:45.125 I/Gecko   (   84): 1398505245139	Marionette	INFO	sendToClient: {"from":"0","value":"<div><img src=\"blob:a74494e3-eed4-4b73-a779-8360ef6a7ab9\" style=\"visibility: visible;\" role=\"presentation\" height=\"64\" width=\"64\"><span class=\"labelWrapper\"><span>VTCS 13</span></span></div><span data-is-icon=\"true\" class=\"options\"></span>"}, {84d1ccf5-47ba-434b-a00c-98c9bd7d4028}, {84d1ccf5-47ba-434b-a00c-98c9bd7d4028}
04-26 02:40:45.135 I/Gecko   (   84): 1398505245149	Marionette	INFO	sendToClient: {"from":"0","value":"<div><img src=\"blob:41343537-00b8-443a-a645-499686f2a4aa\" style=\"visibility: visible;\" role=\"presentation\" height=\"64\" width=\"64\"><span class=\"labelWrapper mask\"><span>inca-challenge</span></span></div><span data-is-icon=\"true\" class=\"options\"></span>"}, {436475b4-aab7-452d-b7da-5b70cb14d236}, {436475b4-aab7-452d-b7da-5b70cb14d236}
04-26 02:40:45.145 I/Gecko   (   84): 1398505245158	Marionette	INFO	sendToClient: {"from":"0","value":"<div><img src=\"blob:04e03fd0-c5db-454b-80d9-7d6c2e66b3a7\" style=\"visibility: visible;\" role=\"presentation\" height=\"64\" width=\"64\"><span class=\"labelWrapper\"><span>KAYAK</span></span></div><span data-is-icon=\"true\" class=\"options\"></span>"}, {9d7d3729-1e8e-441e-ae49-b4695b394bce}, {9d7d3729-1e8e-441e-ae49-b4695b394bce}
04-26 02:40:45.155 I/Gecko   (   84): 1398505245168	Marionette	INFO	sendToClient: {"from":"0","value":"<div><img src=\"blob:bc8a958e-c008-4c18-a723-6dd3142959ae\" style=\"visibility: visible;\" role=\"presentation\" height=\"64\" width=\"64\"><span class=\"labelWrapper mask\"><span>Real Headshot</span></span></div><span data-is-icon=\"true\" class=\"options\"></span>"}, {a547133d-bee7-4575-90bd-f9a56437a146}, {a547133d-bee7-4575-90bd-f9a56437a146}
04-26 02:40:45.165 I/Gecko   (   84): 1398505245178	Marionette	INFO	sendToClient: {"from":"0","value":"<div><img src=\"blob:57066142-0fd1-49de-b995-bffa4f89fe2e\" style=\"visibility: visible;\" role=\"presentation\" height=\"64\" width=\"64\"><span class=\"labelWrapper mask\"><span>Orion Nebula</span></span></div><span data-is-icon=\"true\" class=\"options\"></span>"}, {ca591d4d-4b17-47d5-817c-7a7da84941a8}, {ca591d4d-4b17-47d5-817c-7a7da84941a8}
04-26 02:40:45.175 I/Gecko   (   84): 1398505245188	Marionette	INFO	sendToClient: {"from":"0","value":"<div><img src=\"blob:c2939f26-c7e1-45c2-973b-a17d95179bc7\" style=\"visibility: visible;\" role=\"presentation\" height=\"64\" width=\"64\"><span class=\"labelWrapper\"><span>USB 3D</span></span></div><span data-is-icon=\"true\" class=\"options\"></span>"}, {72182d7b-2db4-46ef-a7ff-019e6fdda1c3}, {72182d7b-2db4-46ef-a7ff-019e6fdda1c3}
04-26 02:40:45.185 I/Gecko   (   84): 1398505245198	Marionette	INFO	sendToClient: {"from":"0","value":"<div><img src=\"blob:84386826-15ca-4500-bce4-29d8071e770c\" style=\"visibility: visible;\" role=\"presentation\" height=\"64\" width=\"64\"><span class=\"labelWrapper\"><span>Phone</span></span></div>"}, {36bc0a99-439b-4f0e-9353-02618fd4af7d}, {36bc0a99-439b-4f0e-9353-02618fd4af7d}
04-26 02:40:45.195 I/Gecko   (   84): 1398505245207	Marionette	INFO	sendToClient: {"from":"0","value":"<div><img src=\"blob:d50b348d-218f-4a3e-b45a-2ab854c9e6af\" style=\"visibility: visible;\" role=\"presentation\" height=\"64\" width=\"64\"><span class=\"labelWrapper\"><span>Messages</span></span></div>"}, {65957b59-066b-40a3-8094-e7e636f1d4e0}, {65957b59-066b-40a3-8094-e7e636f1d4e0}
04-26 02:40:45.205 I/Gecko   (   84): 1398505245220	Marionette	INFO	sendToClient: {"from":"0","value":"<div><img src=\"blob:a08ddd79-79eb-4db4-bc02-07d4f8891ab8\" style=\"visibility: visible;\" role=\"presentation\" height=\"64\" width=\"64\"><span class=\"labelWrapper\"><span>Contacts</span></span></div>"}, {6d680177-e8a1-42bb-a9cb-2e686910d23e}, {6d680177-e8a1-42bb-a9cb-2e686910d23e}
04-26 02:40:45.215 I/Gecko   (   84): 1398505245230	Marionette	INFO	sendToClient: {"from":"0","value":"<div><img src=\"blob:89357c4b-d402-43ab-a882-775f4b7bef23\" style=\"visibility: visible;\" role=\"presentation\" height=\"64\" width=\"64\"><span class=\"labelWrapper\"><span>Browser</span></span></div>"}, {d5a00d56-8da1-4713-97e0-591a05a64578}, {d5a00d56-8da1-4713-97e0-591a05a64578}
04-26 02:40:45.225 I/Gecko   (   84): 1398505245240	Marionette	INFO	sendToClient: {"from":"0","value":"app://homescreen.gaiamobile.org/index.html#root"}, {5c3012d2-9ba7-4c9e-96b1-934e0b8c33be}, {5c3012d2-9ba7-4c9e-96b1-934e0b8c33be}
04-26 02:40:45.235 I/Gecko   (   84): 1398505245246	Marionette	DEBUG	Got request: switchToFrame, data: {"to":"0","sessionId":"3-b2g","name":"switchToFrame","parameters":{"id":null,"focus":true}}, id: {893fdadf-d5eb-4eed-80e9-405544167e43}
04-26 02:40:45.255 I/Gecko   (   84): 1398505245270	Marionette	INFO	Switched to frame: {"frameValue":null}
04-26 02:40:45.435 I/Gecko   (   84): 1398505245445	Marionette	INFO	sendToClient: {"from":"0","ok":true}, {893fdadf-d5eb-4eed-80e9-405544167e43}, {893fdadf-d5eb-4eed-80e9-405544167e43}
04-26 02:40:45.435 I/Gecko   (   84): 1398505245451	Marionette	DEBUG	Got request: switchToFrame, data: {"to":"0","sessionId":"3-b2g","name":"switchToFrame","parameters":{"id":null,"focus":true}}, id: {31764adb-6ca0-4031-a328-c4f6645f45af}
04-26 02:40:45.445 I/Gecko   (   84): 1398505245453	Marionette	INFO	Switched to frame: {"frameValue":null}
04-26 02:40:45.545 I/Gecko   (   84): 1398505245555	Marionette	INFO	sendToClient: {"from":"0","ok":true}, {31764adb-6ca0-4031-a328-c4f6645f45af}, {31764adb-6ca0-4031-a328-c4f6645f45af}
04-26 02:40:45.555 I/Gecko   (   84): 1398505245561	Marionette	DEBUG	Got request: executeWithCallback, data: {"to":"0","sessionId":"3-b2g","name":"executeAsyncScript","parameters":{"specialPowers":false,"scriptTimeout":30000,"newSandbox":true,"args":[],"filename":"app_checker.py","script":"GaiaApps.launchWithManifestURL('https://marketplace.firefox.com/app/acea17b0-5ada-474e-8d6a-08433a9a6c22/manifest.webapp')","line":106}}, id: {66fa0c76-0148-413e-a016-d1449cc07c0b}
04-26 02:40:45.985 I/Gonk    (   84): Setting nice for pid 1402 to 18
04-26 02:40:45.985 I/Gonk    (   84): Changed nice for pid 1402 from 0 to 18.
04-26 02:40:45.985 I/Gecko   (   84): [Parent 84] WARNING: waitpid failed pid:1402 errno:10: file ../../../gecko/ipc/chromium/src/base/process_util_posix.cc, line 254
04-26 02:40:46.045 I/Gonk    (   84): Setting nice for pid 1402 to 1
04-26 02:40:46.045 I/Gonk    (   84): Changed nice for pid 1402 from 18 to 1.
04-26 02:40:46.395 I/InputReader(   84): Reconfiguring input devices.  changes=0x00000004
04-26 02:40:46.395 I/InputReader(   84): Device reconfigured: id=6, name='ms-msg21xx', size 320x480, orientation 3, mode 1, display id 0
04-26 02:40:46.425 E/GeckoConsole(   84): Content JS LOG at dummy file:334 in GaiaApps.launch: launching app with name 'USB 3D'
04-26 02:40:46.525 E/[Gralloc-ERROR](   84): int gralloc_register_buffer(const gralloc_module_t*, const native_handle_t*):79 Unable to register handle 0x45e4f880 coming from different process: 84
04-26 02:40:46.555 E/[Gralloc-ERROR](   84): int gralloc_register_buffer(const gralloc_module_t*, const native_handle_t*):79 Unable to register handle 0x45e4fa10 coming from different process: 84
04-26 02:40:46.935 E/[Gralloc-ERROR](   84): int gralloc_unregister_buffer(const gralloc_module_t*, const native_handle_t*):274 Trying to unregister buffer 0x45f66d80 from process 84 that was not created in current process: 84
04-26 02:40:47.185 E/[Gralloc-ERROR](   84): int gralloc_register_buffer(const gralloc_module_t*, const native_handle_t*):79 Unable to register handle 0x45f66650 coming from different process: 84
04-26 02:40:47.185 E/[Gralloc-ERROR](   84): int gralloc_register_buffer(const gralloc_module_t*, const native_handle_t*):79 Unable to register handle 0x45f666f0 coming from different process: 84
04-26 02:40:47.185 E/[Gralloc-ERROR](   84): int gralloc_register_buffer(const gralloc_module_t*, const native_handle_t*):79 Unable to register handle 0x45f66830 coming from different process: 84
04-26 02:40:47.185 E/[Gralloc-ERROR](   84): int gralloc_register_buffer(const gralloc_module_t*, const native_handle_t*):79 Unable to register handle 0x45f66970 coming from different process: 84
04-26 02:40:47.205 E/[Gralloc-ERROR](   84): int gralloc_unregister_buffer(const gralloc_module_t*, const native_handle_t*):274 Trying to unregister buffer 0x45f66ce0 from process 84 that was not created in current process: 84
04-26 02:40:47.395 I/Gonk    (   84): Setting nice for pid 1378 to 18
04-26 02:40:47.395 I/Gonk    (   84): Changed nice for pid 1378 from 1 to 18.
04-26 02:40:48.545 W/WifiHW  (   84): wifi_command: SIGNAL_POLL
04-26 02:40:49.335 I/Gecko   (   84): 
04-26 02:40:49.335 I/Gecko   (   84): ###!!! [Parent][MessageChannel] Error: Channel error: cannot send/recv
04-26 02:40:49.335 I/Gecko   (   84): 
04-26 02:40:49.405 I/GeckoDump(   84): Crash reporter : Can't fetch app.reportCrashes. Exception: [Exception... "Component returned failure code: 0x8000ffff (NS_ERROR_UNEXPECTED) [nsIPrefBranch.getBoolPref]"  nsresult: "0x8000ffff (NS_ERROR_UNEXPECTED)"  location: "JS frame :: chrome://browser/content/shell.js :: shell_reportCrash :: line 7"  data: no]
04-26 02:40:49.425 I/Gecko   (   84): [Parent 84] WARNING: waitpid failed pid:1378 errno:10: file ../../../gecko/ipc/chromium/src/base/process_util_posix.cc, line 254
04-26 02:40:49.885 I/Gecko   ( 1402): Attempting load of libEGL.so
04-26 02:40:50.015 D/libEGL  ( 1402): loaded /system/lib/egl/libEGL_mali.so
04-26 02:40:50.035 D/libEGL  ( 1402): loaded /system/lib/egl/libGLESv1_CM_mali.so
04-26 02:40:50.035 D/libEGL  ( 1402): loaded /system/lib/egl/libGLESv2_mali.so
04-26 02:40:50.075 I/Gecko   ( 1402): SharedSurface_Gralloc::Create -------
04-26 02:40:50.085 I/Gecko   ( 1402): SharedSurface_Gralloc::Create: success -- surface 0x436cc0c0, GraphicBuffer 0x436a0180.
04-26 02:40:51.375 I/Gonk    (   84): Setting nice for pid 1472 to 18
04-26 02:40:51.375 I/Gonk    (   84): Changed nice for pid 1472 from 0 to 18.
04-26 02:40:51.425 I/Gecko   (   84): [Parent 84] WARNING: waitpid failed pid:1378 errno:10: file ../../../gecko/ipc/chromium/src/base/process_util_posix.cc, line 254
04-26 02:40:51.425 I/Gecko   (   84): [Parent 84] WARNING: Failed to deliver SIGKILL to 1378!(3).: file ../../../gecko/ipc/chromium/src/chrome/common/process_watcher_posix_sigchld.cc, line 118
04-26 02:40:54.455 W/WifiHW  (   84): wifi_command: SIGNAL_POLL
04-26 02:40:54.875 I/Gecko   ( 1402): SharedSurface_Gralloc::Create -------
04-26 02:40:54.925 I/Gecko   ( 1402): SharedSurface_Gralloc::Create: success -- surface 0x430cf840, GraphicBuffer 0x436cd080.
04-26 02:40:58.545 E/GeckoConsole( 1402): [JavaScript Warning: "Error: WebGL: linkProgram failed, with this log:
04-26 02:40:58.545 E/GeckoConsole( 1402): L0010 Uniform 'renderType' differ on precision
04-26 02:40:58.545 E/GeckoConsole( 1402): " {file: "app://{d7c3f4df-6ae2-4949-adc9-59f292d42a3f}/build/Three.js" line: 738}]
04-26 02:40:58.565 I/Gecko   ( 1402): SharedSurface_Gralloc::Create -------
04-26 02:40:58.575 I/Gecko   ( 1402): SharedSurface_Gralloc::Create: success -- surface 0x440b7f80, GraphicBuffer 0x436ce280.
04-26 02:40:58.575 I/Gecko   ( 1402): SharedSurface_Gralloc::Create -------
04-26 02:40:58.595 I/Gecko   ( 1402): SharedSurface_Gralloc::Create: success -- surface 0x440d20c0, GraphicBuffer 0x436ce400.
04-26 02:40:58.615 I/Gecko   ( 1402): SharedSurface_Gralloc::Create -------
04-26 02:40:58.645 I/Gecko   ( 1402): SharedSurface_Gralloc::Create: success -- surface 0x430cf8c0, GraphicBuffer 0x436cd180.
04-26 02:40:59.535 W/WifiHW  (   84): wifi_command: SIGNAL_POLL
04-26 02:41:00.505 I/GonkMemoryPressure(   84): Checking to see if memory pressure is over.
04-26 02:41:00.505 I/GonkMemoryPressure( 1402): Checking to see if memory pressure is over.
04-26 02:41:00.505 I/GonkMemoryPressure( 1402): Memory pressure is over.
04-26 02:41:00.505 I/GonkMemoryPressure(   84): Memory pressure is over.
04-26 02:41:00.505 I/GonkMemoryPressure( 1472): Checking to see if memory pressure is over.
04-26 02:41:00.505 I/GonkMemoryPressure( 1472): Memory pressure is over.
04-26 02:41:06.445 W/WifiHW  (   84): wifi_command: SIGNAL_POLL
04-26 02:41:06.695 I/GonkMemoryPressure(   84): Checking to see if memory pressure is over.
04-26 02:41:06.695 I/GonkMemoryPressure(   84): Memory pressure is over.
04-26 02:41:06.705 I/GonkMemoryPressure( 1402): Checking to see if memory pressure is over.
04-26 02:41:06.705 I/GonkMemoryPressure( 1402): Memory pressure is over.
04-26 02:41:07.485 I/GonkMemoryPressure( 1472): Checking to see if memory pressure is over.
04-26 02:41:07.655 I/GonkMemoryPressure( 1472): Memory pressure is over.
04-26 02:41:08.865 I/Gecko   ( 1402): [SharedSurface_Gralloc 0x436cc0c0] destroyed
04-26 02:41:09.405 E/Profiler(   84): BPUnw: [1 total] thread_unregister_for_profiling(me=0x19501c8)  (NOT REGISTERED) 
04-26 02:41:09.425 E/Profiler(   84): BPUnw: [1 total] thread_unregister_for_profiling(me=0x1950ec8)  (NOT REGISTERED) 
04-26 02:41:09.705 E/Profiler(   84): BPUnw: [1 total] thread_unregister_for_profiling(me=0x1950f08)  (NOT REGISTERED) 
04-26 02:41:09.775 E/Profiler(   84): BPUnw: [1 total] thread_unregister_for_profiling(me=0x1958608)  (NOT REGISTERED) 
04-26 02:41:10.025 E/GeckoConsole( 1402): Content JS LOG at app://{d7c3f4df-6ae2-4949-adc9-59f292d42a3f}/build/Three.js:265 in THREE.WebGLRenderer/j<: Mozilla/5.0 (Mobile; rv:28.0) Gecko/28.0 Firefox/28.0 | WebGL 1.0 | Mozilla | Mozilla | WebGL GLSL ES 1.0
04-26 02:41:10.205 E/Profiler(   84): BPUnw: [1 total] thread_unregister_for_profiling(me=0x1958708)  (NOT REGISTERED) 
04-26 02:41:11.435 I/Gonk    (   84): Setting nice for pid 1472 to 18
04-26 02:41:11.435 I/Gonk    (   84): Changed nice for pid 1472 from 18 to 18.
04-26 02:41:11.455 I/Gecko   (   84): [Parent 84] WARNING: waitpid failed pid:1472 errno:10: file ../../../gecko/ipc/chromium/src/base/process_util_posix.cc, line 254
04-26 02:41:11.515 I/Gonk    (   84): Setting nice for pid 1472 to 1
04-26 02:41:11.515 I/Gonk    (   84): Changed nice for pid 1472 from 18 to 1.
04-26 02:41:11.555 I/Gonk    (   84): Setting nice for pid 1472 to 18
04-26 02:41:11.555 I/Gonk    (   84): Changed nice for pid 1472 from 1 to 18.
04-26 02:41:11.905 E/[Gralloc-ERROR](   84): int gralloc_unregister_buffer(const gralloc_module_t*, const native_handle_t*):274 Trying to unregister buffer 0x45f666f0 from process 84 that was not created in current process: 84
04-26 02:41:11.905 W/WifiHW  (   84): wifi_command: SIGNAL_POLL
04-26 02:41:11.915 E/GeckoConsole(   84): Content JS LOG at dummy file:326 in GaiaApps.launch/appOpen/<: app with origin 'app://{d7c3f4df-6ae2-4949-adc9-59f292d42a3f}' has launched
04-26 02:41:11.925 I/Gecko   (   84): 1398505271933	Marionette	INFO	sendToClient: {"from":"0","value":{"frame":{"ELEMENT":"{8f578351-8207-443a-add8-2680ea63f57b}"},"src":"app://{d7c3f4df-6ae2-4949-adc9-59f292d42a3f}/index.html","name":"USB 3D","origin":"app://{d7c3f4df-6ae2-4949-adc9-59f292d42a3f}"}}, {66fa0c76-0148-413e-a016-d1449cc07c0b}, {66fa0c76-0148-413e-a016-d1449cc07c0b}
04-26 02:41:11.955 E/[Gralloc-ERROR](   84): int gralloc_unregister_buffer(const gralloc_module_t*, const native_handle_t*):274 Trying to unregister buffer 0x45f66650 from process 84 that was not created in current process: 84
04-26 02:41:11.955 E/[Gralloc-ERROR](   84): int gralloc_unregister_buffer(const gralloc_module_t*, const native_handle_t*):274 Trying to unregister buffer 0x45f66830 from process 84 that was not created in current process: 84
04-26 02:41:11.955 E/[Gralloc-ERROR](   84): int gralloc_unregister_buffer(const gralloc_module_t*, const native_handle_t*):274 Trying to unregister buffer 0x45f66970 from process 84 that was not created in current process: 84
04-26 02:41:11.965 I/Gecko   (   84): 1398505271975	Marionette	DEBUG	Got request: switchToFrame, data: {"to":"0","sessionId":"3-b2g","name":"switchToFrame","parameters":{"focus":true,"element":"{8f578351-8207-443a-add8-2680ea63f57b}"}}, id: {7479e561-e1e3-45c7-b731-602a332a0842}
04-26 02:41:11.985 I/Gecko   (   84): 1398505271991	Marionette	INFO	Switched to frame: {"frameValue":"{8f578351-8207-443a-add8-2680ea63f57b}"}
