--------- beginning of /dev/log/main
04-26 05:01:20.546 I/Gecko   (   84): [Parent 84] WARNING: waitpid failed pid:575 errno:10: file ../../../gecko/ipc/chromium/src/base/process_util_posix.cc, line 254
04-26 05:01:20.546 I/Gecko   (   84): [Parent 84] WARNING: Failed to deliver SIGKILL to 575!(3).: file ../../../gecko/ipc/chromium/src/chrome/common/process_watcher_posix_sigchld.cc, line 118
04-26 05:01:20.866 I/Gecko   (   84): 1398513680872	Marionette	INFO	sendToClient: {"from":"0","ok":true}, {2b619020-d355-4fcb-8b78-b44d894ce84b}, {2b619020-d355-4fcb-8b78-b44d894ce84b}
04-26 05:01:20.896 I/Gecko   (   84): 1398513680904	Marionette	DEBUG	Got request: switchToFrame, data: {"to":"0","sessionId":"3-b2g","name":"switchToFrame","parameters":{"id":null,"focus":true}}, id: {be58f1b4-672c-450d-999c-27e2f6ee9338}
04-26 05:01:20.916 I/Gecko   (   84): 1398513680920	Marionette	INFO	Switched to frame: {"frameValue":null}
04-26 05:01:20.926 E/GeckoConsole(  614): Content JS ERROR at app://homescreen.gaiamobile.org/gaia_build_defer_index.js:390 in loadSVConfFileError: Failed parsing singleVariant configuration file [js/singlevariantconf.json]:  [Exception... "File error: Not found"  nsresult: "0x80520012 (NS_ERROR_FILE_NOT_FOUND)"  location: "JS frame :: app://homescreen.gaiamobile.org/gaia_build_defer_index.js :: loadFile :: line 382"  data: no]
04-26 05:01:21.026 I/Gecko   (   84): 1398513681032	Marionette	INFO	sendToClient: {"from":"0","ok":true}, {be58f1b4-672c-450d-999c-27e2f6ee9338}, {be58f1b4-672c-450d-999c-27e2f6ee9338}
04-26 05:01:21.026 I/Gecko   (   84): 1398513681038	Marionette	DEBUG	Got request: executeWithCallback, data: {"to":"0","sessionId":"3-b2g","name":"executeAsyncScript","parameters":{"specialPowers":false,"scriptTimeout":null,"newSandbox":true,"args":[],"filename":"gaia_test.py","script":"return GaiaApps.displayedApp();","line":66}}, id: {05341d1f-c0ce-47d6-bbcc-a960d2514aa7}
04-26 05:01:21.086 I/Gecko   (   84): 1398513681095	Marionette	INFO	sendToClient: {"from":"0","value":{"frame":{"ELEMENT":"{f0e27429-225e-48a6-aaa8-2c641088e29a}"},"src":"app://homescreen.gaiamobile.org/index.html#root","name":"Homescreen","origin":"app://homescreen.gaiamobile.org"}}, {05341d1f-c0ce-47d6-bbcc-a960d2514aa7}, {05341d1f-c0ce-47d6-bbcc-a960d2514aa7}
04-26 05:01:21.086 E/GeckoConsole(   84): Content JS LOG at dummy file:392 in GaiaApps.displayedApp: app with origin 'app://homescreen.gaiamobile.org' is displayed
04-26 05:01:21.116 I/Gecko   (   84): 1398513681122	Marionette	DEBUG	Got request: switchToFrame, data: {"to":"0","sessionId":"3-b2g","name":"switchToFrame","parameters":{"id":null,"focus":true}}, id: {885b64cd-fbf9-405a-9ac7-97ee3a5925cc}
04-26 05:01:21.136 I/Gecko   (   84): 1398513681142	Marionette	INFO	Switched to frame: {"frameValue":null}
04-26 05:01:21.236 I/Gecko   (   84): 1398513681247	Marionette	INFO	sendToClient: {"from":"0","ok":true}, {885b64cd-fbf9-405a-9ac7-97ee3a5925cc}, {885b64cd-fbf9-405a-9ac7-97ee3a5925cc}
04-26 05:01:21.246 I/Gecko   (   84): 1398513681253	Marionette	DEBUG	Got request: switchToFrame, data: {"to":"0","sessionId":"3-b2g","name":"switchToFrame","parameters":{"id":null,"focus":true}}, id: {4aedf5fe-58b4-41df-bd64-dd58d468eb70}
04-26 05:01:21.246 I/Gecko   (   84): 1398513681255	Marionette	INFO	Switched to frame: {"frameValue":null}
04-26 05:01:21.376 I/Gecko   (   84): 1398513681381	Marionette	INFO	sendToClient: {"from":"0","ok":true}, {4aedf5fe-58b4-41df-bd64-dd58d468eb70}, {4aedf5fe-58b4-41df-bd64-dd58d468eb70}
04-26 05:01:21.396 I/Gecko   (   84): 1398513681402	Marionette	DEBUG	Got request: executeWithCallback, data: {"to":"0","sessionId":"3-b2g","name":"executeAsyncScript","parameters":{"specialPowers":false,"scriptTimeout":null,"newSandbox":true,"args":[],"filename":"gaia_test.py","script":"return GaiaApps.displayedApp();","line":66}}, id: {59304413-4ff2-4081-bf4b-61565141b779}
04-26 05:01:21.466 E/GeckoConsole(   84): Content JS LOG at dummy file:392 in GaiaApps.displayedApp: app with origin 'app://homescreen.gaiamobile.org' is displayed
04-26 05:01:21.476 I/Gecko   (   84): 1398513681483	Marionette	INFO	sendToClient: {"from":"0","value":{"frame":{"ELEMENT":"{f0e27429-225e-48a6-aaa8-2c641088e29a}"},"src":"app://homescreen.gaiamobile.org/index.html#root","name":"Homescreen","origin":"app://homescreen.gaiamobile.org"}}, {59304413-4ff2-4081-bf4b-61565141b779}, {59304413-4ff2-4081-bf4b-61565141b779}
04-26 05:01:21.476 I/Gecko   (   84): 1398513681488	Marionette	DEBUG	Got request: switchToFrame, data: {"to":"0","sessionId":"3-b2g","name":"switchToFrame","parameters":{"focus":true,"element":"{f0e27429-225e-48a6-aaa8-2c641088e29a}"}}, id: {6ec427b8-f4eb-4b9a-9ded-1716c61702a0}
04-26 05:01:21.506 I/Gecko   (   84): 1398513681511	Marionette	INFO	Switched to frame: {"frameValue":"{f0e27429-225e-48a6-aaa8-2c641088e29a}"}
04-26 05:01:21.506 I/Gecko   (   84): 1398513681513	Marionette	INFO	trying remote frame 0
04-26 05:01:21.506 I/Gecko   (   84): 1398513681514	Marionette	INFO	deleting frame
04-26 05:01:21.506 I/Gecko   (   84): 1398513681519	Marionette	INFO	frame-manager load script: [object ChromeMessageSender]
04-26 05:01:21.926 I/Gecko   (   84): 1398513681935	Marionette	INFO	sendToClient: {"from":"0","ok":true}, {6ec427b8-f4eb-4b9a-9ded-1716c61702a0}, {6ec427b8-f4eb-4b9a-9ded-1716c61702a0}
04-26 05:01:22.036 I/Gecko   (   84): 1398513682048	Marionette	INFO	sendToClient: {"from":"0","value":{"ELEMENT":"{8119f62c-2f51-4727-942e-8cfe3eacfe76}"}}, {0dc75550-a1c7-48b3-b42d-8e1532b105e0}, {0dc75550-a1c7-48b3-b42d-8e1532b105e0}
04-26 05:01:22.316 E/GeckoConsole(  614): [JavaScript Warning: "Use of getAttributeNode() is deprecated. Use getAttribute() instead." {file: "chrome://marionette/content/atoms.js" line: 25}]
04-26 05:01:22.336 E/GeckoConsole(  614): [JavaScript Warning: "Use of attributes' specified attribute is deprecated. It always returns true." {file: "chrome://marionette/content/atoms.js" line: 25}]
04-26 05:01:22.336 I/Gecko   (   84): 1398513682343	Marionette	INFO	sendToClient: {"from":"0","value":"normal"}, {3ee54713-b127-42b0-95c7-5ec5c5b1b152}, {3ee54713-b127-42b0-95c7-5ec5c5b1b152}
04-26 05:01:22.336 I/Gecko   (   84): 1398513682349	Marionette	DEBUG	Got request: switchToFrame, data: {"to":"0","sessionId":"3-b2g","name":"switchToFrame","parameters":{"id":null,"focus":true}}, id: {8ebb1998-9f45-4e5a-9da9-734f1245aeae}
04-26 05:01:22.356 I/Gecko   (   84): 1398513682362	Marionette	INFO	Switched to frame: {"frameValue":null}
04-26 05:01:22.456 I/Gecko   (   84): 1398513682465	Marionette	INFO	sendToClient: {"from":"0","ok":true}, {8ebb1998-9f45-4e5a-9da9-734f1245aeae}, {8ebb1998-9f45-4e5a-9da9-734f1245aeae}
04-26 05:01:22.466 I/Gecko   (   84): 1398513682471	Marionette	DEBUG	Got request: execute, data: {"to":"0","sessionId":"3-b2g","name":"executeScript","parameters":{"specialPowers":false,"scriptTimeout":null,"newSandbox":true,"args":[],"filename":"gaia_test.py","script":"window.wrappedJSObject.dispatchEvent(new Event('home'));","line":788}}, id: {afd5bf10-1d58-410d-b4d3-ca361a34e707}
04-26 05:01:22.596 I/Gecko   (   84): 1398513682610	Marionette	INFO	sendToClient: {"from":"0","value":null}, {afd5bf10-1d58-410d-b4d3-ca361a34e707}, {afd5bf10-1d58-410d-b4d3-ca361a34e707}
04-26 05:01:22.616 I/Gecko   (   84): 1398513682622	Marionette	DEBUG	Got request: switchToFrame, data: {"to":"0","sessionId":"3-b2g","name":"switchToFrame","parameters":{"id":null,"focus":true}}, id: {c180540f-355c-4a80-9eac-91d57c79a48a}
04-26 05:01:22.616 I/Gecko   (   84): 1398513682628	Marionette	INFO	Switched to frame: {"frameValue":null}
04-26 05:01:22.726 I/Gecko   (   84): 1398513682732	Marionette	INFO	sendToClient: {"from":"0","ok":true}, {c180540f-355c-4a80-9eac-91d57c79a48a}, {c180540f-355c-4a80-9eac-91d57c79a48a}
04-26 05:01:22.726 I/Gecko   (   84): 1398513682738	Marionette	DEBUG	Got request: switchToFrame, data: {"to":"0","sessionId":"3-b2g","name":"switchToFrame","parameters":{"id":null,"focus":true}}, id: {66919f0f-db72-42e6-83ab-522ddacad6c0}
04-26 05:01:22.726 I/Gecko   (   84): 1398513682740	Marionette	INFO	Switched to frame: {"frameValue":null}
04-26 05:01:22.836 I/Gecko   (   84): 1398513682842	Marionette	INFO	sendToClient: {"from":"0","ok":true}, {66919f0f-db72-42e6-83ab-522ddacad6c0}, {66919f0f-db72-42e6-83ab-522ddacad6c0}
04-26 05:01:22.836 I/Gecko   (   84): 1398513682848	Marionette	DEBUG	Got request: executeWithCallback, data: {"to":"0","sessionId":"3-b2g","name":"executeAsyncScript","parameters":{"specialPowers":false,"scriptTimeout":null,"newSandbox":true,"args":[],"filename":"gaia_test.py","script":"return GaiaApps.displayedApp();","line":66}}, id: {756485ed-5e83-452d-9ca9-f3045e79f084}
04-26 05:01:22.906 E/GeckoConsole(   84): Content JS LOG at dummy file:392 in GaiaApps.displayedApp: app with origin 'app://homescreen.gaiamobile.org' is displayed
04-26 05:01:22.906 I/Gecko   (   84): 1398513682918	Marionette	INFO	sendToClient: {"from":"0","value":{"frame":{"ELEMENT":"{f0e27429-225e-48a6-aaa8-2c641088e29a}"},"src":"app://homescreen.gaiamobile.org/index.html#rootSat%20Apr%2026%202014%2005:01:22%20GMT-0700%20(UTC)","name":"Homescreen","origin":"app://homescreen.gaiamobile.org"}}, {756485ed-5e83-452d-9ca9-f3045e79f084}, {756485ed-5e83-452d-9ca9-f3045e79f084}
04-26 05:01:22.916 I/Gecko   (   84): 1398513682928	Marionette	DEBUG	Got request: switchToFrame, data: {"to":"0","sessionId":"3-b2g","name":"switchToFrame","parameters":{"focus":true,"element":"{f0e27429-225e-48a6-aaa8-2c641088e29a}"}}, id: {8b511090-8631-4e67-8fec-72e3193246e7}
04-26 05:01:22.926 I/Gecko   (   84): 1398513682937	Marionette	INFO	Switched to frame: {"frameValue":"{f0e27429-225e-48a6-aaa8-2c641088e29a}"}
04-26 05:01:22.936 I/Gecko   (   84): 1398513682942	Marionette	INFO	trying remote frame 0
04-26 05:01:23.096 I/Gecko   (   84): 1398513683109	Marionette	INFO	sendToClient: {"from":"0","ok":true}, {8b511090-8631-4e67-8fec-72e3193246e7}, {8b511090-8631-4e67-8fec-72e3193246e7}
04-26 05:01:23.106 I/Gecko   (   84): 1398513683117	Marionette	DEBUG	Got request: execute, data: {"to":"0","sessionId":"3-b2g","name":"executeScript","parameters":{"specialPowers":false,"scriptTimeout":null,"newSandbox":true,"args":[],"filename":"gaia_test.py","script":"return window.wrappedJSObject.GridManager.pageHelper.getCurrentPageNumber();","line":784}}, id: {5fe9fcde-bf0d-451b-967c-61345251680d}
04-26 05:01:23.156 W/WifiHW  (   84): wifi_command: SIGNAL_POLL
04-26 05:01:23.436 I/Gecko   (   84): 1398513683448	Marionette	INFO	sendToClient: {"from":"0","value":0}, {5fe9fcde-bf0d-451b-967c-61345251680d}, {5fe9fcde-bf0d-451b-967c-61345251680d}
04-26 05:01:24.576 I/Gecko   (   84): 1398513684589	Marionette	INFO	sendToClient: {"from":"0","value":["{58a76178-e9f6-4f64-8e89-6ac8f8984018}","{5927ca70-59ba-4274-8c71-57ff1393c671}","{251cae94-0e67-49bc-a8ae-b6177154f814}","{4e7d901f-b528-4337-98e3-51211babba6a}","{640126c2-9d8d-4314-94a8-1d5b627bcca4}","{98a12140-9fe6-41ba-b115-ddf2fb60e294}","{1c9f5b5f-20ee-430a-b17e-a2940edd18b7}","{44219a87-01f3-443e-828b-9cd5495ce644}","{e9f0ed79-a5e8-4649-be32-41311c309682}","{913594d7-c166-42eb-b107-b10391ead809}","{8f924548-fc2b-4ba5-b76a-ec9cd1d7e4f9}","{72e1dc3f-41f6-4f78-b632-02dc9f6d910e}","{7a5e6507-c1bb-404e-804a-4ee501226829}","{c04af8d7-e591-402d-843e-63053f6345e6}","{58905fe2-e841-4ad3-889a-5c130368493e}","{ad818df4-02d6-431f-8323-81ee45d68fd9}","{7bd1a7c8-525e-4275-939b-8fc5d0f87fbe}","{7c34b22d-8a48-4156-8b09-ab42534deb80}","{9ec3a929-cf71-4a9b-865a-7f84be43cc11}","{2a50de92-8796-432e-9523-b3a96ce42d34}","{48d11318-9eef-451c-9528-9ab28091250c}","{747190b3-ba84-44af-8e8c-9aa723de4327}","{905fe105-37bb-48d2-a14e-6d83a1ded05b}","{cd1a1687-ada4
04-26 05:01:24.736 E/GeckoConsole(  614): Content JS WARN at app://homescreen.gaiamobile.org/gaia_build_defer_index.js:184 in isHiddenApp: Unexpected role when checking hidden app: undefined
04-26 05:01:24.736 E/GeckoConsole(  614): Content JS WARN at app://homescreen.gaiamobile.org/gaia_build_defer_index.js:184 in isHiddenApp: Unexpected role when checking hidden app: undefined
04-26 05:01:24.736 E/GeckoConsole(  614): Content JS WARN at app://homescreen.gaiamobile.org/gaia_build_defer_index.js:184 in isHiddenApp: Unexpected role when checking hidden app: undefined
04-26 05:01:24.736 E/GeckoConsole(  614): Content JS WARN at app://homescreen.gaiamobile.org/gaia_build_defer_index.js:184 in isHiddenApp: Unexpected role when checking hidden app: undefined
04-26 05:01:24.746 E/GeckoConsole(  614): Content JS WARN at app://homescreen.gaiamobile.org/gaia_build_defer_index.js:184 in isHiddenApp: Unexpected role when checking hidden app: undefined
04-26 05:01:24.746 E/GeckoConsole(  614): Content JS WARN at app://homescreen.gaiamobile.org/gaia_build_defer_index.js:184 in isHiddenApp: Unexpected role when checking hidden app: undefined
04-26 05:01:24.746 E/GeckoConsole(  614): Content JS WARN at app://homescreen.gaiamobile.org/gaia_build_defer_index.js:184 in isHiddenApp: Unexpected role when checking hidden app: undefined
04-26 05:01:24.746 E/GeckoConsole(  614): Content JS WARN at app://homescreen.gaiamobile.org/gaia_build_defer_index.js:184 in isHiddenApp: Unexpected role when checking hidden app: undefined
04-26 05:01:24.746 E/GeckoConsole(  614): Content JS WARN at app://homescreen.gaiamobile.org/gaia_build_defer_index.js:184 in isHiddenApp: Unexpected role when checking hidden app: undefined
04-26 05:01:24.746 E/GeckoConsole(  614): Content JS WARN at app://homescreen.gaiamobile.org/gaia_build_defer_index.js:184 in isHiddenApp: Unexpected role when checking hidden app: undefined
04-26 05:01:24.746 E/GeckoConsole(  614): Content JS WARN at app://homescreen.gaiamobile.org/gaia_build_defer_index.js:184 in isHiddenApp: Unexpected role when checking hidden app: undefined
04-26 05:01:24.746 E/GeckoConsole(  614): Content JS WARN at app://homescreen.gaiamobile.org/gaia_build_defer_index.js:184 in isHiddenApp: Unexpected role when checking hidden app: undefined
04-26 05:01:24.746 E/GeckoConsole(  614): Content JS WARN at app://homescreen.gaiamobile.org/gaia_build_defer_index.js:184 in isHiddenApp: Unexpected role when checking hidden app: undefined
04-26 05:01:24.746 E/GeckoConsole(  614): Content JS WARN at app://homescreen.gaiamobile.org/gaia_build_defer_index.js:184 in isHiddenApp: Unexpected role when checking hidden app: undefined
04-26 05:01:24.746 E/GeckoConsole(  614): Content JS WARN at app://homescreen.gaiamobile.org/gaia_build_defer_index.js:184 in isHiddenApp: Unexpected role when checking hidden app: undefined
04-26 05:01:24.746 E/GeckoConsole(  614): Content JS WARN at app://homescreen.gaiamobile.org/gaia_build_defer_index.js:184 in isHiddenApp: Unexpected role when checking hidden app: undefined
04-26 05:01:24.746 E/GeckoConsole(  614): Content JS WARN at app://homescreen.gaiamobile.org/gaia_build_defer_index.js:184 in isHiddenApp: Unexpected role when checking hidden app: undefined
04-26 05:01:24.756 E/GeckoConsole(  614): Content JS WARN at app://homescreen.gaiamobile.org/gaia_build_defer_index.js:184 in isHiddenApp: Unexpected role when checking hidden app: undefined
04-26 05:01:24.756 E/GeckoConsole(  614): Content JS WARN at app://homescreen.gaiamobile.org/gaia_build_defer_index.js:184 in isHiddenApp: Unexpected role when checking hidden app: undefined
04-26 05:01:24.756 E/GeckoConsole(  614): Content JS WARN at app://homescreen.gaiamobile.org/gaia_build_defer_index.js:184 in isHiddenApp: Unexpected role when checking hidden app: undefined
04-26 05:01:24.756 E/GeckoConsole(  614): Content JS WARN at app://homescreen.gaiamobile.org/gaia_build_defer_index.js:184 in isHiddenApp: Unexpected role when checking hidden app: undefined
04-26 05:01:24.756 E/GeckoConsole(  614): Content JS WARN at app://homescreen.gaiamobile.org/gaia_build_defer_index.js:184 in isHiddenApp: Unexpected role when checking hidden app: undefined
04-26 05:01:24.756 E/GeckoConsole(  614): Content JS WARN at app://homescreen.gaiamobile.org/gaia_build_defer_index.js:184 in isHiddenApp: Unexpected role when checking hidden app: undefined
04-26 05:01:24.756 E/GeckoConsole(  614): Content JS WARN at app://homescreen.gaiamobile.org/gaia_build_defer_index.js:184 in isHiddenApp: Unexpected role when checking hidden app: undefined
04-26 05:01:24.756 E/GeckoConsole(  614): Content JS WARN at app://homescreen.gaiamobile.org/gaia_build_defer_index.js:184 in isHiddenApp: Unexpected role when checking hidden app: undefined
04-26 05:01:24.756 E/GeckoConsole(  614): Content JS WARN at app://homescreen.gaiamobile.org/gaia_build_defer_index.js:184 in isHiddenApp: Unexpected role when checking hidden app: undefined
04-26 05:01:24.756 E/GeckoConsole(  614): Content JS WARN at app://homescreen.gaiamobile.org/gaia_build_defer_index.js:184 in isHiddenApp: Unexpected role when checking hidden app: undefined
04-26 05:01:24.756 E/GeckoConsole(  614): Content JS WARN at app://homescreen.gaiamobile.org/gaia_build_defer_index.js:184 in isHiddenApp: Unexpected role when checking hidden app: undefined
04-26 05:01:24.756 E/GeckoConsole(  614): Content JS WARN at app://homescreen.gaiamobile.org/gaia_build_defer_index.js:184 in isHiddenApp: Unexpected role when checking hidden app: undefined
04-26 05:01:24.756 E/GeckoConsole(  614): Content JS WARN at app://homescreen.gaiamobile.org/gaia_build_defer_index.js:184 in isHiddenApp: Unexpected role when checking hidden app: undefined
04-26 05:01:24.756 E/GeckoConsole(  614): Content JS WARN at app://homescreen.gaiamobile.org/gaia_build_defer_index.js:184 in isHiddenApp: Unexpected role when checking hidden app: undefined
04-26 05:01:25.026 I/Gecko   (   84): 1398513685033	Marionette	INFO	sendToClient: {"from":"0","value":"app://homescreen.gaiamobile.org/index.html#rootSat%20Apr%2026%202014%2005:01:22%20GMT-0700%20(UTC)"}, {ba54c10b-925b-46f2-b71a-18c57c83e992}, {ba54c10b-925b-46f2-b71a-18c57c83e992}
04-26 05:01:25.026 I/Gecko   (   84): 1398513685039	Marionette	DEBUG	Got request: switchToFrame, data: {"to":"0","sessionId":"3-b2g","name":"switchToFrame","parameters":{"id":null,"focus":true}}, id: {1e27601e-66f9-410d-ae2e-9cbcfcad7f01}
04-26 05:01:25.066 I/Gecko   (   84): 1398513685074	Marionette	INFO	Switched to frame: {"frameValue":null}
04-26 05:01:25.326 I/Gecko   (   84): 1398513685335	Marionette	INFO	sendToClient: {"from":"0","ok":true}, {1e27601e-66f9-410d-ae2e-9cbcfcad7f01}, {1e27601e-66f9-410d-ae2e-9cbcfcad7f01}
04-26 05:01:25.376 I/Gecko   (   84): 1398513685381	Marionette	DEBUG	Got request: switchToFrame, data: {"to":"0","sessionId":"3-b2g","name":"switchToFrame","parameters":{"id":null,"focus":true}}, id: {7ec4348c-db02-436f-be46-0f1d03b60497}
04-26 05:01:25.386 I/Gecko   (   84): 1398513685391	Marionette	INFO	Switched to frame: {"frameValue":null}
04-26 05:01:25.476 V/AudioPolicyManagerBase(   91): getDeviceForStrategy() from cache strategy 0, device 2
04-26 05:01:25.476 V/AudioPolicyManagerBase(   91): getOutput() stream 1, samplingRate 0, format 0, channels 3, flags 0
04-26 05:01:25.506 I/Gecko   (   84): 1398513685500	Marionette	INFO	sendToClient: {"from":"0","ok":true}, {7ec4348c-db02-436f-be46-0f1d03b60497}, {7ec4348c-db02-436f-be46-0f1d03b60497}
04-26 05:01:25.516 I/Gecko   (   84): 1398513685526	Marionette	DEBUG	Got request: executeWithCallback, data: {"to":"0","sessionId":"3-b2g","name":"executeAsyncScript","parameters":{"specialPowers":false,"scriptTimeout":30000,"newSandbox":true,"args":[],"filename":"app_checker.py","script":"GaiaApps.launchWithManifestURL('https://marketplace.firefox.com/app/81b80fae-9469-4c32-b1a1-9f8057202326/manifest.webapp')","line":106}}, id: {106e5a9e-2831-4ff1-b3fb-4e5b2c75fa2e}
04-26 05:01:25.586 V/AudioPolicyManagerBase(   91): startOutput() output 1, stream 1, session 2
04-26 05:01:25.586 V/AudioPolicyManagerBase(   91): startReadingThread
04-26 05:01:25.586 V/AudioPolicyManagerBase(   91): changeRefCount() stream 1, count 1
04-26 05:01:25.586 V/AudioPolicyManagerBase(   91): getDeviceForStrategy() from cache strategy 0, device 2
04-26 05:01:25.586 V/AudioPolicyManagerBase(   91): getNewDevice() selected device 2
04-26 05:01:25.586 D/AudioPolicyManagerBase(   91): setOutputDevice() output 1 device 2 delayMs 0
04-26 05:01:25.586 V/AudioPolicyManagerBase(   91): setOutputDevice() setting same device 2 or null device for output 1
04-26 05:01:25.586 E/AudioPolicyManagerBase(   91): checkAndSetVolume stream=1, index=0, output=1, device=2
04-26 05:01:25.586 E/AudioPolicyManagerBase(   91): computeVolume, streamDesc=0xdc0bb8
04-26 05:01:25.596 V/AudioPolicyManagerBase(   91): ThreadWrapper 0xdc0b40
04-26 05:01:25.596 V/AudioPolicyManagerBase(   91): threadFunc in
04-26 05:01:25.646 W/AudioFlinger(   91): Thread AudioOut_1 cannot connect to the power manager service
04-26 05:01:25.646 V/AudioPolicyManagerBase(   91): stopOutput() output 1, stream 1, session 2
04-26 05:01:25.646 V/AudioPolicyManagerBase(   91): stopReadingThread
04-26 05:01:25.696 V/AudioPolicyManagerBase(   91): threadFunc exit
04-26 05:01:25.696 V/AudioPolicyManagerBase(   91): changeRefCount() stream 1, count 0
04-26 05:01:25.696 V/AudioPolicyManagerBase(   91): getNewDevice() selected device 0
04-26 05:01:25.696 D/AudioPolicyManagerBase(   91): setOutputDevice() output 1 device 0 delayMs 290
04-26 05:01:25.696 V/AudioPolicyManagerBase(   91): setOutputDevice() setting same device 0 or null device for output 1
04-26 05:01:25.716 V/AudioPolicyManagerBase(   91): startOutput() output 1, stream 1, session 2
04-26 05:01:25.716 V/AudioPolicyManagerBase(   91): changeRefCount() stream 1, count 1
04-26 05:01:25.716 V/AudioPolicyManagerBase(   91): getDeviceForStrategy() from cache strategy 0, device 2
04-26 05:01:25.716 V/AudioPolicyManagerBase(   91): getNewDevice() selected device 2
04-26 05:01:25.716 D/AudioPolicyManagerBase(   91): setOutputDevice() output 1 device 2 delayMs 0
04-26 05:01:25.716 V/AudioPolicyManagerBase(   91): setOutputDevice() setting same device 2 or null device for output 1
04-26 05:01:25.716 E/AudioPolicyManagerBase(   91): checkAndSetVolume stream=1, index=0, output=1, device=2
04-26 05:01:25.716 E/AudioPolicyManagerBase(   91): computeVolume, streamDesc=0xdc0bb8
04-26 05:01:25.716 V/AudioPolicyManagerBase(   91): stopOutput() output 1, stream 1, session 2
04-26 05:01:25.716 V/AudioPolicyManagerBase(   91): changeRefCount() stream 1, count 0
04-26 05:01:25.716 V/AudioPolicyManagerBase(   91): getNewDevice() selected device 0
04-26 05:01:25.716 D/AudioPolicyManagerBase(   91): setOutputDevice() output 1 device 0 delayMs 290
04-26 05:01:25.716 V/AudioPolicyManagerBase(   91): setOutputDevice() setting same device 0 or null device for output 1
04-26 05:01:25.736 V/AudioPolicyManagerBase(   91): releaseOutput() 1
04-26 05:01:27.236 I/Gonk    (   84): Setting nice for pid 624 to 18
04-26 05:01:27.236 I/Gonk    (   84): Changed nice for pid 624 from 18 to 18.
04-26 05:01:27.236 I/Gecko   (   84): [Parent 84] WARNING: waitpid failed pid:624 errno:10: file ../../../gecko/ipc/chromium/src/base/process_util_posix.cc, line 254
04-26 05:01:27.246 I/Gonk    (   84): Setting nice for pid 624 to 1
04-26 05:01:27.246 I/Gonk    (   84): Changed nice for pid 624 from 18 to 1.
04-26 05:01:27.266 E/GeckoConsole(   84): Content JS LOG at dummy file:334 in GaiaApps.launch: launching app with name 'WhiteLantern'
04-26 05:01:27.416 E/[Gralloc-ERROR](   84): int gralloc_register_buffer(const gralloc_module_t*, const native_handle_t*):79 Unable to register handle 0x436bd830 coming from different process: 84
04-26 05:01:27.426 E/[Gralloc-ERROR](   84): int gralloc_register_buffer(const gralloc_module_t*, const native_handle_t*):79 Unable to register handle 0x436e7470 coming from different process: 84
04-26 05:01:27.446 E/[Gralloc-ERROR](   84): int gralloc_register_buffer(const gralloc_module_t*, const native_handle_t*):79 Unable to register handle 0x436e7600 coming from different process: 84
04-26 05:01:27.476 E/[Gralloc-ERROR](   84): int gralloc_register_buffer(const gralloc_module_t*, const native_handle_t*):79 Unable to register handle 0x436e7790 coming from different process: 84
04-26 05:01:27.586 D/Sensors (   84): activate handle=0; drv=0
04-26 05:01:27.596 D/Sensors (   84): Lis3dhSensor: Control set 1
04-26 05:01:27.596 D/Sensors (   84): Lis3dhSensor: mEnabled = 1
04-26 05:01:27.616 I/Gonk    (   84): Setting nice for pid 614 to 18
04-26 05:01:27.616 I/Gonk    (   84): Changed nice for pid 614 from 1 to 18.
04-26 05:01:28.156 W/WifiHW  (   84): wifi_command: SIGNAL_POLL
04-26 05:01:28.446 I/Gecko   (  624): ###################################### forms.js loaded
04-26 05:01:28.456 I/Gecko   (  624): ############################### browserElementPanning.js loaded
04-26 05:01:28.486 I/Gecko   (  624): ######################## BrowserElementChildPreload.js loaded
04-26 05:01:28.716 I/Gecko   (   84): 
04-26 05:01:28.716 I/Gecko   (   84): ###!!! [Parent][MessageChannel] Error: Channel error: cannot send/recv
04-26 05:01:28.716 I/Gecko   (   84): 
04-26 05:01:28.806 I/GeckoDump(   84): Crash reporter : Can't fetch app.reportCrashes. Exception: [Exception... "Component returned failure code: 0x8000ffff (NS_ERROR_UNEXPECTED) [nsIPrefBranch.getBoolPref]"  nsresult: "0x8000ffff (NS_ERROR_UNEXPECTED)"  location: "JS frame :: chrome://browser/content/shell.js :: shell_reportCrash :: line 7"  data: no]
04-26 05:01:28.816 I/Gecko   (   84): [Parent 84] WARNING: waitpid failed pid:614 errno:10: file ../../../gecko/ipc/chromium/src/base/process_util_posix.cc, line 254
04-26 05:01:29.516 I/Gonk    (   84): Setting nice for pid 694 to 18
04-26 05:01:29.516 I/Gonk    (   84): Changed nice for pid 694 from 0 to 18.
04-26 05:01:29.526 E/GeckoConsole(   84): Content JS LOG at dummy file:326 in GaiaApps.launch/appOpen/<: app with origin 'app://{f1d83f84-a889-47e4-a89a-dc4e963b2992}' has launched
04-26 05:01:29.536 E/[Gralloc-ERROR](   84): int gralloc_unregister_buffer(const gralloc_module_t*, const native_handle_t*):274 Trying to unregister buffer 0x436bd830 from process 84 that was not created in current process: 84
04-26 05:01:29.586 I/Gecko   (   84): 1398513689594	Marionette	INFO	sendToClient: {"from":"0","value":{"frame":{"ELEMENT":"{a422f3da-691c-4431-8b63-bacf88ba5da7}"},"src":"app://{f1d83f84-a889-47e4-a89a-dc4e963b2992}/index.html","name":"WhiteLantern","origin":"app://{f1d83f84-a889-47e4-a89a-dc4e963b2992}"}}, {106e5a9e-2831-4ff1-b3fb-4e5b2c75fa2e}, {106e5a9e-2831-4ff1-b3fb-4e5b2c75fa2e}
04-26 05:01:29.586 E/[Gralloc-ERROR](   84): int gralloc_unregister_buffer(const gralloc_module_t*, const native_handle_t*):274 Trying to unregister buffer 0x436e7470 from process 84 that was not created in current process: 84
04-26 05:01:29.586 E/[Gralloc-ERROR](   84): int gralloc_unregister_buffer(const gralloc_module_t*, const native_handle_t*):274 Trying to unregister buffer 0x436e7790 from process 84 that was not created in current process: 84
04-26 05:01:29.586 E/[Gralloc-ERROR](   84): int gralloc_unregister_buffer(const gralloc_module_t*, const native_handle_t*):274 Trying to unregister buffer 0x436e7600 from process 84 that was not created in current process: 84
04-26 05:01:29.596 I/Gonk    (   84): Setting nice for pid 694 to 18
04-26 05:01:29.596 I/Gonk    (   84): Changed nice for pid 694 from 18 to 18.
04-26 05:01:29.596 I/Gecko   (   84): [Parent 84] WARNING: waitpid failed pid:694 errno:10: file ../../../gecko/ipc/chromium/src/base/process_util_posix.cc, line 254
04-26 05:01:29.636 I/Gecko   (   84): 1398513689649	Marionette	DEBUG	Got request: switchToFrame, data: {"to":"0","sessionId":"3-b2g","name":"switchToFrame","parameters":{"focus":true,"element":"{a422f3da-691c-4431-8b63-bacf88ba5da7}"}}, id: {5192b56a-49d4-40a3-a42c-c34a397f0d58}
04-26 05:01:29.646 I/Gecko   (   84): 1398513689658	Marionette	INFO	Switched to frame: {"frameValue":"{a422f3da-691c-4431-8b63-bacf88ba5da7}"}
04-26 05:01:29.646 I/Gecko   (   84): 1398513689660	Marionette	INFO	trying remote frame 0
04-26 05:01:29.656 I/Gecko   (   84): 1398513689661	Marionette	INFO	deleting frame
04-26 05:01:29.656 I/Gecko   (   84): 1398513689666	Marionette	INFO	frame-manager load script: [object ChromeMessageSender]
04-26 05:01:30.186 I/Gecko   (   84): 1398513690197	Marionette	INFO	sendToClient: {"from":"0","ok":true}, {5192b56a-49d4-40a3-a42c-c34a397f0d58}, {5192b56a-49d4-40a3-a42c-c34a397f0d58}
04-26 05:01:30.196 I/Gecko   (   84): 1398513690210	Marionette	INFO	sendToClient: {"from":"0","value":"app://{f1d83f84-a889-47e4-a89a-dc4e963b2992}/index.html"}, {d34224fd-3089-40f0-9dc3-8261290d0c41}, {d34224fd-3089-40f0-9dc3-8261290d0c41}
04-26 05:01:30.206 I/Gecko   (   84): 1398513690216	Marionette	DEBUG	Got request: execute, data: {"to":"0","sessionId":"3-b2g","name":"executeScript","parameters":{"specialPowers":false,"scriptTimeout":null,"newSandbox":true,"args":[],"filename":"app_checker.py","script":"return window.document.readyState;","line":191}}, id: {043b2f9c-41a7-443a-b86d-f13f4c9faf17}
04-26 05:01:30.236 I/Gecko   (   84): 1398513690242	Marionette	INFO	sendToClient: {"from":"0","value":"complete"}, {043b2f9c-41a7-443a-b86d-f13f4c9faf17}, {043b2f9c-41a7-443a-b86d-f13f4c9faf17}
04-26 05:01:30.236 I/Gecko   (   84): 1398513690250	Marionette	INFO	sendToClient: {"from":"0","value":"app://{f1d83f84-a889-47e4-a89a-dc4e963b2992}/index.html"}, {f884c5bc-a22b-4d32-a658-b96096ba69fb}, {f884c5bc-a22b-4d32-a658-b96096ba69fb}
04-26 05:01:30.256 I/Gecko   (  624): Attempting load of libEGL.so
04-26 05:01:30.396 D/libEGL  (  624): loaded /system/lib/egl/libEGL_mali.so
04-26 05:01:30.416 D/libEGL  (  624): loaded /system/lib/egl/libGLESv1_CM_mali.so
04-26 05:01:30.446 D/libEGL  (  624): loaded /system/lib/egl/libGLESv2_mali.so
04-26 05:01:30.506 I/Gecko   (  624): SharedSurface_Gralloc::Create -------
04-26 05:01:30.526 I/Gecko   (  624): SharedSurface_Gralloc::Create: success -- surface 0x43d22fc0, GraphicBuffer 0x43d20e00.
04-26 05:01:30.666 I/Gonk    (   84): Setting nice for pid 694 to 18
04-26 05:01:30.666 I/Gonk    (   84): Changed nice for pid 694 from 18 to 18.
04-26 05:01:30.816 I/Gecko   (   84): [Parent 84] WARNING: waitpid failed pid:614 errno:10: file ../../../gecko/ipc/chromium/src/base/process_util_posix.cc, line 254
04-26 05:01:30.816 I/Gecko   (   84): [Parent 84] WARNING: Failed to deliver SIGKILL to 614!(3).: file ../../../gecko/ipc/chromium/src/chrome/common/process_watcher_posix_sigchld.cc, line 118
04-26 05:01:31.126 I/Gecko   (   84): [Parent 84] WARNING: pipe error (119): Connection reset by peer: file ../../../gecko/ipc/chromium/src/chrome/common/ipc_channel_posix.cc, line 446
04-26 05:01:31.126 I/Gecko   (   84): 
04-26 05:01:31.126 I/Gecko   (   84): ###!!! [Parent][MessageChannel] Error: Channel error: cannot send/recv
04-26 05:01:31.126 I/Gecko   (   84): 
04-26 05:01:31.186 I/GeckoDump(   84): Crash reporter : Can't fetch app.reportCrashes. Exception: [Exception... "Component returned failure code: 0x8000ffff (NS_ERROR_UNEXPECTED) [nsIPrefBranch.getBoolPref]"  nsresult: "0x8000ffff (NS_ERROR_UNEXPECTED)"  location: "JS frame :: chrome://browser/content/shell.js :: shell_reportCrash :: line 7"  data: no]
04-26 05:01:31.186 I/Gecko   (   84): [Parent 84] WARNING: waitpid failed pid:694 errno:10: file ../../../gecko/ipc/chromium/src/base/process_util_posix.cc, line 254
04-26 05:01:31.356 I/Gecko   (   84): 1398513691366	Marionette	INFO	sendToClient: {"from":"0","value":"iVBORw0KGgoAAAANSUhEUgAAAUAAAAHMCAYAAACk4nEJAAAF8ElEQVR4nO3UMQEAAAiAMPuX1hgebAm4mAWImu8AgC8GCGQZIJBlgECWAQJZBghkGSCQZYBAlgECWQYIZBkgkGWAQJYBAlkGCGQZIJBlgECWAQJZBghkGSCQZYBAlgECWQYIZBkgkGWAQJYBAlkGCGQZIJBlgECWAQJZBghkGSCQZYBAlgECWQYIZBkgkGWAQJYBAlkGCGQZIJBlgECWAQJZBghkGSCQZYBAlgECWQYIZBkgkGWAQJYBAlkGCGQZIJBlgECWAQJZBghkGSCQZYBAlgECWQYIZBkgkGWAQJYBAlkGCGQZIJBlgECWAQJZBghkGSCQZYBAlgECWQYIZBkgkGWAQJYBAlkGCGQZIJBlgECWAQJZBghkGSCQZYBAlgECWQYIZBkgkGWAQJYBAlkGCGQZIJBlgECWAQJZBghkGSCQZYBAlgECWQYIZBkgkGWAQJYBAlkGCGQZIJBlgECWAQJZBghkGSCQZYBAlgECWQYIZBkgkGWAQJYBAlkGCGQZIJBlgECWAQJZBghkGSCQZYBAlgECWQYIZBkgkGWAQJYBAlkGCGQZIJBlgECWAQJZBghkGSCQZYBAlgECWQYIZBkgkGWAQJYBAlkGCGQZIJBlgECWAQJZBghkGSCQZYBAlgECWQYIZBkgkGWAQJYBAlkGCGQZIJBlgECWAQJZBghkGSCQZYBAlgECWQYIZBkgkGWAQJYBAlkGCGQZIJBlgECWAQJZBghkGSCQZYBAlgECWQYIZBkgkGWAQJYBAlkGCGQZIJBlgECWAQJZBghkGSCQZYBAlgECWQYIZBkgkGWAQJYBAlkGCGQZIJBlgECWAQJZBghkGSCQZYBAlgECWQYIZBkgkGWAQJYBAlkGCGQZIJBlgECWAQJZBghkGSCQZYBAlgECWQ
04-26 05:01:31.736 I/Gecko   (   84): 1398513691742	Marionette	INFO	sendToClient: {"from":"0","ok":true}, {40a7a653-fae4-4bfa-ad14-33638e8e19a8}, {40a7a653-fae4-4bfa-ad14-33638e8e19a8}
04-26 05:01:31.736 I/Gecko   (   84): 1398513691750	Marionette	DEBUG	Got request: switchToFrame, data: {"to":"0","sessionId":"3-b2g","name":"switchToFrame","parameters":{"id":null,"focus":true}}, id: {90a0b6cb-e4e0-453f-abb1-1e0b6e32f82e}
04-26 05:01:31.756 I/Gecko   (   84): 1398513691763	Marionette	INFO	Switched to frame: {"frameValue":null}
04-26 05:01:31.856 I/Gecko   (   84): 1398513691865	Marionette	INFO	sendToClient: {"from":"0","ok":true}, {90a0b6cb-e4e0-453f-abb1-1e0b6e32f82e}, {90a0b6cb-e4e0-453f-abb1-1e0b6e32f82e}
04-26 05:01:31.866 I/Gecko   (   84): 1398513691873	Marionette	DEBUG	Got request: executeWithCallback, data: {"to":"0","sessionId":"3-b2g","name":"executeAsyncScript","parameters":{"specialPowers":false,"scriptTimeout":null,"newSandbox":true,"args":[],"filename":"gaia_test.py","script":"return GaiaApps.displayedApp();","line":66}}, id: {6d6f7f50-9c9a-449b-b265-7ac8b59ebccf}
04-26 05:01:31.896 I/Gecko   (   84): 1398513691909	Marionette	INFO	sendToClient: {"from":"0","value":{"frame":{"ELEMENT":"{a422f3da-691c-4431-8b63-bacf88ba5da7}"},"src":"app://{f1d83f84-a889-47e4-a89a-dc4e963b2992}/index.html","name":"WhiteLantern","origin":"app://{f1d83f84-a889-47e4-a89a-dc4e963b2992}"}}, {6d6f7f50-9c9a-449b-b265-7ac8b59ebccf}, {6d6f7f50-9c9a-449b-b265-7ac8b59ebccf}
04-26 05:01:31.906 I/Gecko   (   84): 1398513691915	Marionette	DEBUG	Got request: switchToFrame, data: {"to":"0","sessionId":"3-b2g","name":"switchToFrame","parameters":{"id":null,"focus":true}}, id: {59f8883f-8d19-4f6a-af43-7b47d9158b30}
04-26 05:01:31.906 I/Gecko   (   84): 1398513691917	Marionette	INFO	Switched to frame: {"frameValue":null}
04-26 05:01:31.906 E/GeckoConsole(   84): Content JS LOG at dummy file:392 in GaiaApps.displayedApp: app with origin 'app://{f1d83f84-a889-47e4-a89a-dc4e963b2992}' is displayed
04-26 05:01:32.006 I/Gecko   (   84): 1398513692019	Marionette	INFO	sendToClient: {"from":"0","ok":true}, {59f8883f-8d19-4f6a-af43-7b47d9158b30}, {59f8883f-8d19-4f6a-af43-7b47d9158b30}
04-26 05:01:32.016 I/Gecko   (   84): 1398513692025	Marionette	DEBUG	Got request: execute, data: {"to":"0","sessionId":"3-b2g","name":"executeScript","parameters":{"specialPowers":false,"scriptTimeout":null,"newSandbox":true,"args":[],"filename":"gaia_test.py","script":"window.wrappedJSObject.dispatchEvent(new Event('home'));","line":788}}, id: {9721e49e-bf01-4c2e-930e-31a4a0e0d869}
04-26 05:01:32.146 D/Sensors (   84): activate handle=0; drv=0
04-26 05:01:32.146 D/Sensors (   84): Lis3dhSensor: Control set 0
04-26 05:01:32.146 D/Sensors (   84): Lis3dhSensor: mEnabled = 0
04-26 05:01:32.286 I/Gonk    (   84): Setting nice for pid 707 to 18
04-26 05:01:32.286 I/Gonk    (   84): Changed nice for pid 707 from 0 to 18.
04-26 05:01:32.446 I/Gecko   (   84): 1398513692451	Marionette	INFO	sendToClient: {"from":"0","value":null}, {9721e49e-bf01-4c2e-930e-31a4a0e0d869}, {9721e49e-bf01-4c2e-930e-31a4a0e0d869}
04-26 05:01:32.456 I/Gonk    (   84): Setting nice for pid 707 to 18
04-26 05:01:32.456 I/Gonk    (   84): Changed nice for pid 707 from 18 to 18.
04-26 05:01:32.456 I/Gecko   (   84): [Parent 84] WARNING: waitpid failed pid:707 errno:10: file ../../../gecko/ipc/chromium/src/base/process_util_posix.cc, line 254
04-26 05:01:32.456 I/Gonk    (   84): Setting nice for pid 707 to 1
04-26 05:01:32.456 I/Gonk    (   84): Changed nice for pid 707 from 18 to 1.
04-26 05:01:32.466 I/Gecko   (   84): 1398513692479	Marionette	DEBUG	Got request: switchToFrame, data: {"to":"0","sessionId":"3-b2g","name":"switchToFrame","parameters":{"id":null,"focus":true}}, id: {306c6497-00e7-49c5-b215-11ab7eade3f4}
04-26 05:01:32.476 I/Gecko   (   84): 1398513692483	Marionette	INFO	Switched to frame: {"frameValue":null}
04-26 05:01:32.586 I/Gecko   (   84): 1398513692596	Marionette	INFO	sendToClient: {"from":"0","ok":true}, {306c6497-00e7-49c5-b215-11ab7eade3f4}, {306c6497-00e7-49c5-b215-11ab7eade3f4}
04-26 05:01:32.596 I/Gecko   (   84): 1398513692603	Marionette	DEBUG	Got request: executeWithCallback, data: {"to":"0","sessionId":"3-b2g","name":"executeAsyncScript","parameters":{"specialPowers":false,"scriptTimeout":null,"newSandbox":true,"args":[],"filename":"gaia_test.py","script":"return GaiaApps.displayedApp();","line":66}}, id: {506201ef-f29d-4fe2-a3e0-da598f7df35b}
04-26 05:01:32.646 I/Gecko   (   84): 1398513692658	Marionette	INFO	sendToClient: {"from":"0","value":{"frame":{"ELEMENT":"{0ba76701-1730-470b-9305-b96f937a2cfd}"},"src":"app://homescreen.gaiamobile.org/index.html#root","name":"Homescreen","origin":"app://homescreen.gaiamobile.org"}}, {506201ef-f29d-4fe2-a3e0-da598f7df35b}, {506201ef-f29d-4fe2-a3e0-da598f7df35b}
04-26 05:01:32.656 E/GeckoConsole(   84): Content JS LOG at dummy file:392 in GaiaApps.displayedApp: app with origin 'app://homescreen.gaiamobile.org' is displayed
04-26 05:01:32.666 I/Gecko   (   84): 1398513692671	Marionette	DEBUG	Got request: switchToFrame, data: {"to":"0","sessionId":"3-b2g","name":"switchToFrame","parameters":{"id":null,"focus":true}}, id: {789c4e0f-feee-4500-b715-e6d0c6ae76d6}
04-26 05:01:32.666 I/Gecko   (   84): 1398513692673	Marionette	INFO	Switched to frame: {"frameValue":null}
04-26 05:01:32.776 I/Gecko   (   84): 1398513692783	Marionette	INFO	sendToClient: {"from":"0","ok":true}, {789c4e0f-feee-4500-b715-e6d0c6ae76d6}, {789c4e0f-feee-4500-b715-e6d0c6ae76d6}
04-26 05:01:32.796 I/Gecko   (   84): 1398513692801	Marionette	DEBUG	Got request: switchToFrame, data: {"to":"0","sessionId":"3-b2g","name":"switchToFrame","parameters":{"id":null,"focus":true}}, id: {9477a6ed-28a5-4b9a-a930-1818d017dbf2}
04-26 05:01:32.796 I/Gecko   (   84): 1398513692803	Marionette	INFO	Switched to frame: {"frameValue":null}
04-26 05:01:33.186 I/Gecko   (   84): [Parent 84] WARNING: waitpid failed pid:694 errno:10: file ../../../gecko/ipc/chromium/src/base/process_util_posix.cc, line 254
04-26 05:01:33.186 I/Gecko   (   84): [Parent 84] WARNING: Failed to deliver SIGKILL to 694!(3).: file ../../../gecko/ipc/chromium/src/chrome/common/process_watcher_posix_sigchld.cc, line 118
04-26 05:01:33.386 W/WifiHW  (   84): wifi_command: SIGNAL_POLL
04-26 05:01:33.426 I/Gecko   (   84): 1398513693438	Marionette	INFO	sendToClient: {"from":"0","ok":true}, {9477a6ed-28a5-4b9a-a930-1818d017dbf2}, {9477a6ed-28a5-4b9a-a930-1818d017dbf2}
04-26 05:01:33.526 E/[Gralloc-ERROR](   84): int gralloc_register_buffer(const gralloc_module_t*, const native_handle_t*):79 Unable to register handle 0x44bd0e20 coming from different process: 84
04-26 05:01:33.526 E/[Gralloc-ERROR](   84): int gralloc_register_buffer(const gralloc_module_t*, const native_handle_t*):79 Unable to register handle 0x44bd0ec0 coming from different process: 84
04-26 05:01:33.746 I/Gecko   (   84): 1398513693760	Marionette	DEBUG	Got request: executeWithCallback, data: {"to":"0","sessionId":"3-b2g","name":"executeAsyncScript","parameters":{"specialPowers":false,"scriptTimeout":null,"newSandbox":true,"args":[],"filename":"gaia_test.py","script":"return GaiaApps.displayedApp();","line":66}}, id: {59a8d32e-3b20-4a87-8757-ec054f10896b}
04-26 05:01:33.756 E/[Gralloc-ERROR](   84): int gralloc_unregister_buffer(const gralloc_module_t*, const native_handle_t*):274 Trying to unregister buffer 0x44bd0ec0 from process 84 that was not created in current process: 84
04-26 05:01:33.756 E/[Gralloc-ERROR](   84): int gralloc_unregister_buffer(const gralloc_module_t*, const native_handle_t*):274 Trying to unregister buffer 0x44bd0e20 from process 84 that was not created in current process: 84
04-26 05:01:33.886 I/Gecko   (   84): 1398513693892	Marionette	INFO	sendToClient: {"from":"0","value":{"frame":{"ELEMENT":"{0ba76701-1730-470b-9305-b96f937a2cfd}"},"src":"app://homescreen.gaiamobile.org/index.html#root","name":"Homescreen","origin":"app://homescreen.gaiamobile.org"}}, {59a8d32e-3b20-4a87-8757-ec054f10896b}, {59a8d32e-3b20-4a87-8757-ec054f10896b}
04-26 05:01:33.886 E/GeckoConsole(   84): Content JS LOG at dummy file:392 in GaiaApps.displayedApp: app with origin 'app://homescreen.gaiamobile.org' is displayed
04-26 05:01:33.906 I/Gecko   (   84): 1398513693912	Marionette	DEBUG	Got request: switchToFrame, data: {"to":"0","sessionId":"3-b2g","name":"switchToFrame","parameters":{"focus":true,"element":"{0ba76701-1730-470b-9305-b96f937a2cfd}"}}, id: {3ff3a475-0c8a-41e9-8093-a12be1e62542}
04-26 05:01:33.966 I/Gecko   (   84): 1398513693980	Marionette	INFO	Switched to frame: {"frameValue":"{0ba76701-1730-470b-9305-b96f937a2cfd}"}
04-26 05:01:33.996 I/Gecko   (   84): 1398513694003	Marionette	INFO	trying remote frame 0
04-26 05:01:33.996 I/Gecko   (   84): 1398513694004	Marionette	INFO	deleting frame
04-26 05:01:34.006 I/Gecko   (   84): 1398513694014	Marionette	INFO	frame-manager load script: [object ChromeMessageSender]
04-26 05:01:34.186 I/Gonk    (   84): Setting nice for pid 624 to 18
04-26 05:01:34.186 I/Gonk    (   84): Changed nice for pid 624 from 1 to 18.
04-26 05:01:34.516 I/log     (  717): <4>0[ 101.138002] select 624 (WhiteLantern), adj 10, size 6233, to kill 
04-26 05:01:34.586 I/Gonk    (   84): Setting nice for pid 718 to 18
04-26 05:01:34.586 I/Gonk    (   84): Changed nice for pid 718 from 0 to 18.
04-26 05:01:35.506 I/Gecko   (   84): 
04-26 05:01:35.506 I/Gecko   (   84): ###!!! [Parent][MessageChannel] Error: Channel error: cannot send/recv
04-26 05:01:35.506 I/Gecko   (   84): 
04-26 05:01:35.626 I/GeckoDump(   84): Crash reporter : Can't fetch app.reportCrashes. Exception: [Exception... "Component returned failure code: 0x8000ffff (NS_ERROR_UNEXPECTED) [nsIPrefBranch.getBoolPref]"  nsresult: "0x8000ffff (NS_ERROR_UNEXPECTED)"  location: "JS frame :: chrome://browser/content/shell.js :: shell_reportCrash :: line 7"  data: no]
04-26 05:01:35.626 I/Gecko   (   84): [Parent 84] WARNING: waitpid failed pid:624 errno:10: file ../../../gecko/ipc/chromium/src/base/process_util_posix.cc, line 254
04-26 05:01:35.676 I/Gecko   (  707): ###################################### forms.js loaded
04-26 05:01:35.966 I/Gecko   (  707): ############################### browserElementPanning.js loaded
04-26 05:01:36.046 I/Gecko   (  707): ######################## BrowserElementChildPreload.js loaded
04-26 05:01:36.246 I/Gecko   (  718): ###################################### forms.js loaded
04-26 05:01:36.296 I/Gecko   (  718): ############################### browserElementPanning.js loaded
04-26 05:01:36.326 I/Gecko   (  718): ######################## BrowserElementChildPreload.js loaded
04-26 05:01:37.626 I/Gecko   (   84): [Parent 84] WARNING: waitpid failed pid:624 errno:10: file ../../../gecko/ipc/chromium/src/base/process_util_posix.cc, line 254
04-26 05:01:37.626 I/Gecko   (   84): [Parent 84] WARNING: Failed to deliver SIGKILL to 624!(3).: file ../../../gecko/ipc/chromium/src/chrome/common/process_watcher_posix_sigchld.cc, line 118
04-26 05:01:38.126 I/Gecko   (   84): 1398513698137	Marionette	INFO	sendToClient: {"from":"0","ok":true}, {3ff3a475-0c8a-41e9-8093-a12be1e62542}, {3ff3a475-0c8a-41e9-8093-a12be1e62542}
04-26 05:01:38.436 W/WifiHW  (   84): wifi_command: SIGNAL_POLL
04-26 05:01:38.816 I/Gecko   (   84): 1398513698822	Marionette	INFO	sendToClient: {"from":"0","value":"app://homescreen.gaiamobile.org/index.html#root"}, {efb4ad85-8d64-4ab3-b59e-cd9cc7c7d666}, {efb4ad85-8d64-4ab3-b59e-cd9cc7c7d666}
04-26 05:01:39.076 I/Gecko   (   84): 1398513699084	Marionette	DEBUG	Got request: switchToFrame, data: {"to":"0","sessionId":"3-b2g","name":"switchToFrame","parameters":{"id":null,"focus":true}}, id: {94a63122-a973-4708-8755-7c0a65dcd004}
04-26 05:01:39.206 I/Gecko   (   84): 1398513699212	Marionette	INFO	Switched to frame: {"frameValue":null}
04-26 05:01:39.316 I/Gecko   (   84): 1398513699323	Marionette	INFO	sendToClient: {"from":"0","ok":true}, {94a63122-a973-4708-8755-7c0a65dcd004}, {94a63122-a973-4708-8755-7c0a65dcd004}
04-26 05:01:39.316 I/Gecko   (   84): 1398513699329	Marionette	DEBUG	Got request: switchToFrame, data: {"to":"0","sessionId":"3-b2g","name":"switchToFrame","parameters":{"id":null,"focus":true}}, id: {ec0a46e4-e191-484f-af2e-da5ba87b328d}
04-26 05:01:39.326 I/Gecko   (   84): 1398513699331	Marionette	INFO	Switched to frame: {"frameValue":null}
04-26 05:01:39.436 I/Gecko   (   84): 1398513699443	Marionette	INFO	sendToClient: {"from":"0","ok":true}, {ec0a46e4-e191-484f-af2e-da5ba87b328d}, {ec0a46e4-e191-484f-af2e-da5ba87b328d}
04-26 05:01:39.456 I/Gecko   (   84): 1398513699461	Marionette	DEBUG	Got request: executeWithCallback, data: {"to":"0","sessionId":"3-b2g","name":"executeAsyncScript","parameters":{"specialPowers":false,"scriptTimeout":null,"newSandbox":true,"args":[],"filename":"gaia_test.py","script":"GaiaApps.killAll()","line":91}}, id: {0ccfcaf0-7b79-4f00-beea-1e92de6f0f89}
04-26 05:01:39.496 I/Gecko   (   84): 1398513699508	Marionette	INFO	sendToClient: {"from":"0","value":true}, {0ccfcaf0-7b79-4f00-beea-1e92de6f0f89}, {0ccfcaf0-7b79-4f00-beea-1e92de6f0f89}
04-26 05:01:39.506 I/Gecko   (   84): 1398513699516	Marionette	DEBUG	Got request: switchToFrame, data: {"to":"0","sessionId":"3-b2g","name":"switchToFrame","parameters":{"id":null,"focus":true}}, id: {d7af9ce2-ea69-473b-9c09-0c359696eec7}
04-26 05:01:39.516 I/Gecko   (   84): 1398513699522	Marionette	INFO	Switched to frame: {"frameValue":null}
04-26 05:01:39.616 I/Gecko   (   84): 1398513699625	Marionette	INFO	sendToClient: {"from":"0","ok":true}, {d7af9ce2-ea69-473b-9c09-0c359696eec7}, {d7af9ce2-ea69-473b-9c09-0c359696eec7}
04-26 05:01:39.626 I/Gecko   (   84): 1398513699631	Marionette	DEBUG	Got request: executeWithCallback, data: {"to":"0","sessionId":"3-b2g","name":"executeAsyncScript","parameters":{"specialPowers":false,"scriptTimeout":60000,"newSandbox":true,"args":[],"filename":"app_checker.py","script":"\n        GaiaApps.locateWithManifestURL('https://marketplace.firefox.com/app/81b80fae-9469-4c32-b1a1-9f8057202326/manifest.webapp',\n                                       null,\n                                       function uninstall(app) {\n                                       navigator.mozApps.mgmt.uninstall(app);\n                                       marionetteScriptFinished(true);\n                                       });\n        ","line":129}}, id: {7f110f7e-d647-412d-a85a-934faf7a4b7a}
04-26 05:01:39.686 I/Gecko   (   84): -- webapps.js uninstall https://marketplace.firefox.com/app/81b80fae-9469-4c32-b1a1-9f8057202326/manifest.webapp
04-26 05:01:40.316 I/Gecko   (   84): 1398513700329	Marionette	INFO	sendToClient: {"from":"0","value":true}, {7f110f7e-d647-412d-a85a-934faf7a4b7a}, {7f110f7e-d647-412d-a85a-934faf7a4b7a}