--------- beginning of /dev/log/main
04-26 15:20:17.058 I/Gecko   (   84): 1398550817069	Marionette	INFO	sendToClient: {"from":"0","ok":true}, {9fabad89-e7fd-4e0f-b0a9-de51b935b223}, {9fabad89-e7fd-4e0f-b0a9-de51b935b223}
04-26 15:20:17.078 I/Gecko   (   84): 1398550817093	Marionette	DEBUG	Got request: switchToFrame, data: {"to":"0","sessionId":"3-b2g","name":"switchToFrame","parameters":{"id":null,"focus":true}}, id: {0a15e51d-ca6a-4f1e-893f-f1ae381b07bb}
04-26 15:20:17.108 I/Gecko   (   84): 1398550817120	Marionette	INFO	Switched to frame: {"frameValue":null}
04-26 15:20:17.218 I/Gecko   (   84): 1398550817231	Marionette	INFO	sendToClient: {"from":"0","ok":true}, {0a15e51d-ca6a-4f1e-893f-f1ae381b07bb}, {0a15e51d-ca6a-4f1e-893f-f1ae381b07bb}
04-26 15:20:17.218 I/Gecko   (   84): 1398550817236	Marionette	DEBUG	Got request: executeWithCallback, data: {"to":"0","sessionId":"3-b2g","name":"executeAsyncScript","parameters":{"specialPowers":false,"scriptTimeout":null,"newSandbox":true,"args":[],"filename":"gaia_test.py","script":"return GaiaApps.displayedApp();","line":66}}, id: {5108facd-8dca-42e6-990e-01b11cec3ed0}
04-26 15:20:17.268 I/Gecko   (   84): 1398550817286	Marionette	INFO	sendToClient: {"from":"0","value":{"frame":{"ELEMENT":"{bb722772-6285-40b0-9304-a93325a8f697}"},"src":"app://homescreen.gaiamobile.org/index.html#root","name":"Homescreen","origin":"app://homescreen.gaiamobile.org"}}, {5108facd-8dca-42e6-990e-01b11cec3ed0}, {5108facd-8dca-42e6-990e-01b11cec3ed0}
04-26 15:20:17.278 E/GeckoConsole(   84): Content JS LOG at dummy file:392 in GaiaApps.displayedApp: app with origin 'app://homescreen.gaiamobile.org' is displayed
04-26 15:20:17.288 I/Gecko   (   84): 1398550817303	Marionette	DEBUG	Got request: switchToFrame, data: {"to":"0","sessionId":"3-b2g","name":"switchToFrame","parameters":{"id":null,"focus":true}}, id: {021c6232-56e8-4975-a45e-94aaf8492173}
04-26 15:20:17.308 I/Gecko   (   84): 1398550817319	Marionette	INFO	Switched to frame: {"frameValue":null}
04-26 15:20:17.408 I/Gecko   (   84): 1398550817421	Marionette	INFO	sendToClient: {"from":"0","ok":true}, {021c6232-56e8-4975-a45e-94aaf8492173}, {021c6232-56e8-4975-a45e-94aaf8492173}
04-26 15:20:17.408 I/Gecko   (   84): 1398550817427	Marionette	DEBUG	Got request: switchToFrame, data: {"to":"0","sessionId":"3-b2g","name":"switchToFrame","parameters":{"id":null,"focus":true}}, id: {e76cc2f1-6161-4dd4-80c2-123b39e7f661}
04-26 15:20:17.418 I/Gecko   (   84): 1398550817428	Marionette	INFO	Switched to frame: {"frameValue":null}
04-26 15:20:17.538 I/Gecko   (   84): 1398550817551	Marionette	INFO	sendToClient: {"from":"0","ok":true}, {e76cc2f1-6161-4dd4-80c2-123b39e7f661}, {e76cc2f1-6161-4dd4-80c2-123b39e7f661}
04-26 15:20:17.538 E/GeckoConsole( 1704): Content JS ERROR at app://homescreen.gaiamobile.org/gaia_build_defer_index.js:390 in loadSVConfFileError: Failed parsing singleVariant configuration file [js/singlevariantconf.json]:  [Exception... "File error: Not found"  nsresult: "0x80520012 (NS_ERROR_FILE_NOT_FOUND)"  location: "JS frame :: app://homescreen.gaiamobile.org/gaia_build_defer_index.js :: loadFile :: line 382"  data: no]
04-26 15:20:17.648 I/Gecko   (   84): 1398550817666	Marionette	DEBUG	Got request: executeWithCallback, data: {"to":"0","sessionId":"3-b2g","name":"executeAsyncScript","parameters":{"specialPowers":false,"scriptTimeout":null,"newSandbox":true,"args":[],"filename":"gaia_test.py","script":"return GaiaApps.displayedApp();","line":66}}, id: {7804bbb0-63e4-4bd0-8f49-03fb529e6c49}
04-26 15:20:17.728 I/Gecko   (   84): 1398550817741	Marionette	INFO	sendToClient: {"from":"0","value":{"frame":{"ELEMENT":"{bb722772-6285-40b0-9304-a93325a8f697}"},"src":"app://homescreen.gaiamobile.org/index.html#root","name":"Homescreen","origin":"app://homescreen.gaiamobile.org"}}, {7804bbb0-63e4-4bd0-8f49-03fb529e6c49}, {7804bbb0-63e4-4bd0-8f49-03fb529e6c49}
04-26 15:20:17.738 E/GeckoConsole(   84): Content JS LOG at dummy file:392 in GaiaApps.displayedApp: app with origin 'app://homescreen.gaiamobile.org' is displayed
04-26 15:20:17.768 I/Gecko   (   84): 1398550817787	Marionette	DEBUG	Got request: switchToFrame, data: {"to":"0","sessionId":"3-b2g","name":"switchToFrame","parameters":{"focus":true,"element":"{bb722772-6285-40b0-9304-a93325a8f697}"}}, id: {23a9dd96-1d6e-4274-811b-54695a025bd6}
04-26 15:20:17.778 I/Gecko   (   84): 1398550817794	Marionette	INFO	Switched to frame: {"frameValue":"{bb722772-6285-40b0-9304-a93325a8f697}"}
04-26 15:20:17.778 I/Gecko   (   84): 1398550817796	Marionette	INFO	trying remote frame 0
04-26 15:20:17.778 I/Gecko   (   84): 1398550817797	Marionette	INFO	trying remote frame 1
04-26 15:20:17.778 I/Gecko   (   84): 1398550817798	Marionette	INFO	trying remote frame 2
04-26 15:20:17.788 I/Gecko   (   84): 1398550817798	Marionette	INFO	deleting frame
04-26 15:20:17.788 I/Gecko   (   84): 1398550817803	Marionette	INFO	frame-manager load script: [object ChromeMessageSender]
04-26 15:20:18.328 I/Gecko   (   84): 1398550818344	Marionette	INFO	sendToClient: {"from":"0","ok":true}, {23a9dd96-1d6e-4274-811b-54695a025bd6}, {23a9dd96-1d6e-4274-811b-54695a025bd6}
04-26 15:20:18.498 I/Gecko   (   84): 1398550818512	Marionette	INFO	sendToClient: {"from":"0","value":{"ELEMENT":"{cfa7b753-211f-438d-98f0-9b5627a932eb}"}}, {1e0b72ae-e13c-4433-878e-b08fa494e3f9}, {1e0b72ae-e13c-4433-878e-b08fa494e3f9}
04-26 15:20:18.708 V/AudioPolicyManagerBase(   91): startOutput() output 1, stream 1, session 4
04-26 15:20:18.708 V/AudioPolicyManagerBase(   91): changeRefCount() stream 1, count 1
04-26 15:20:18.708 V/AudioPolicyManagerBase(   91): getDeviceForStrategy() from cache strategy 0, device 2
04-26 15:20:18.708 V/AudioPolicyManagerBase(   91): getNewDevice() selected device 2
04-26 15:20:18.708 D/AudioPolicyManagerBase(   91): setOutputDevice() output 1 device 2 delayMs 0
04-26 15:20:18.708 V/AudioPolicyManagerBase(   91): setOutputDevice() setting same device 2 or null device for output 1
04-26 15:20:18.708 E/AudioPolicyManagerBase(   91): checkAndSetVolume stream=1, index=0, output=1, device=2
04-26 15:20:18.708 E/AudioPolicyManagerBase(   91): computeVolume, streamDesc=0x2009bb8
04-26 15:20:18.748 W/AudioFlinger(   91): Thread AudioOut_1 cannot connect to the power manager service
04-26 15:20:18.748 V/AudioPolicyManagerBase(   91): stopOutput() output 1, stream 1, session 4
04-26 15:20:18.748 V/AudioPolicyManagerBase(   91): changeRefCount() stream 1, count 0
04-26 15:20:18.748 V/AudioPolicyManagerBase(   91): getNewDevice() selected device 0
04-26 15:20:18.748 D/AudioPolicyManagerBase(   91): setOutputDevice() output 1 device 0 delayMs 290
04-26 15:20:18.748 V/AudioPolicyManagerBase(   91): setOutputDevice() setting same device 0 or null device for output 1
04-26 15:20:18.748 V/AudioPolicyManagerBase(   91): releaseOutput() 1
04-26 15:20:18.908 E/GeckoConsole( 1704): [JavaScript Warning: "Use of getAttributeNode() is deprecated. Use getAttribute() instead." {file: "chrome://marionette/content/atoms.js" line: 25}]
04-26 15:20:18.918 E/GeckoConsole( 1704): [JavaScript Warning: "Use of attributes' specified attribute is deprecated. It always returns true." {file: "chrome://marionette/content/atoms.js" line: 25}]
04-26 15:20:18.918 I/Gecko   (   84): 1398550818933	Marionette	INFO	sendToClient: {"from":"0","value":"normal"}, {ddff5953-e159-4469-82ed-de7a3e573ad8}, {ddff5953-e159-4469-82ed-de7a3e573ad8}
04-26 15:20:18.928 I/Gecko   (   84): 1398550818940	Marionette	DEBUG	Got request: switchToFrame, data: {"to":"0","sessionId":"3-b2g","name":"switchToFrame","parameters":{"id":null,"focus":true}}, id: {d30b2194-bc15-4a83-ae3c-bfca63e6fc41}
04-26 15:20:18.938 I/Gecko   (   84): 1398550818957	Marionette	INFO	Switched to frame: {"frameValue":null}
04-26 15:20:19.048 I/Gecko   (   84): 1398550819064	Marionette	INFO	sendToClient: {"from":"0","ok":true}, {d30b2194-bc15-4a83-ae3c-bfca63e6fc41}, {d30b2194-bc15-4a83-ae3c-bfca63e6fc41}
04-26 15:20:19.058 I/Gecko   (   84): 1398550819072	Marionette	DEBUG	Got request: execute, data: {"to":"0","sessionId":"3-b2g","name":"executeScript","parameters":{"specialPowers":false,"scriptTimeout":null,"newSandbox":true,"args":[],"filename":"gaia_test.py","script":"window.wrappedJSObject.dispatchEvent(new Event('home'));","line":788}}, id: {e78200d8-6c1c-4dc1-b07b-1f8880291480}
04-26 15:20:19.128 I/Gecko   (   84): 1398550819147	Marionette	INFO	sendToClient: {"from":"0","value":null}, {e78200d8-6c1c-4dc1-b07b-1f8880291480}, {e78200d8-6c1c-4dc1-b07b-1f8880291480}
04-26 15:20:19.138 I/Gecko   (   84): 1398550819154	Marionette	DEBUG	Got request: switchToFrame, data: {"to":"0","sessionId":"3-b2g","name":"switchToFrame","parameters":{"id":null,"focus":true}}, id: {12d7e2ca-b576-4f74-ba8f-c48e8d6ca830}
04-26 15:20:19.138 I/Gecko   (   84): 1398550819156	Marionette	INFO	Switched to frame: {"frameValue":null}
04-26 15:20:19.248 I/Gecko   (   84): 1398550819260	Marionette	INFO	sendToClient: {"from":"0","ok":true}, {12d7e2ca-b576-4f74-ba8f-c48e8d6ca830}, {12d7e2ca-b576-4f74-ba8f-c48e8d6ca830}
04-26 15:20:19.248 I/Gecko   (   84): 1398550819267	Marionette	DEBUG	Got request: switchToFrame, data: {"to":"0","sessionId":"3-b2g","name":"switchToFrame","parameters":{"id":null,"focus":true}}, id: {de0f4260-de09-487a-8b0c-712fe85dcaf0}
04-26 15:20:19.258 I/Gecko   (   84): 1398550819271	Marionette	INFO	Switched to frame: {"frameValue":null}
04-26 15:20:19.358 I/Gecko   (   84): 1398550819374	Marionette	INFO	sendToClient: {"from":"0","ok":true}, {de0f4260-de09-487a-8b0c-712fe85dcaf0}, {de0f4260-de09-487a-8b0c-712fe85dcaf0}
04-26 15:20:19.368 I/Gecko   (   84): 1398550819380	Marionette	DEBUG	Got request: executeWithCallback, data: {"to":"0","sessionId":"3-b2g","name":"executeAsyncScript","parameters":{"specialPowers":false,"scriptTimeout":null,"newSandbox":true,"args":[],"filename":"gaia_test.py","script":"return GaiaApps.displayedApp();","line":66}}, id: {c3a50649-3c6c-4f67-93c8-1a48f6099b63}
04-26 15:20:19.418 I/Gecko   (   84): 1398550819434	Marionette	INFO	sendToClient: {"from":"0","value":{"frame":{"ELEMENT":"{bb722772-6285-40b0-9304-a93325a8f697}"},"src":"app://homescreen.gaiamobile.org/index.html#rootSat%20Apr%2026%202014%2015:20:19%20GMT-0700%20(UTC)","name":"Homescreen","origin":"app://homescreen.gaiamobile.org"}}, {c3a50649-3c6c-4f67-93c8-1a48f6099b63}, {c3a50649-3c6c-4f67-93c8-1a48f6099b63}
04-26 15:20:19.438 E/GeckoConsole(   84): Content JS LOG at dummy file:392 in GaiaApps.displayedApp: app with origin 'app://homescreen.gaiamobile.org' is displayed
04-26 15:20:19.438 I/Gecko   (   84): 1398550819455	Marionette	DEBUG	Got request: switchToFrame, data: {"to":"0","sessionId":"3-b2g","name":"switchToFrame","parameters":{"focus":true,"element":"{bb722772-6285-40b0-9304-a93325a8f697}"}}, id: {986d98cc-6169-4c8b-8237-e976633c9374}
04-26 15:20:19.448 I/Gecko   (   84): 1398550819463	Marionette	INFO	Switched to frame: {"frameValue":"{bb722772-6285-40b0-9304-a93325a8f697}"}
04-26 15:20:19.458 I/Gecko   (   84): 1398550819470	Marionette	INFO	trying remote frame 0
04-26 15:20:19.458 I/Gecko   (   84): 1398550819471	Marionette	INFO	trying remote frame 1
04-26 15:20:19.468 I/Gecko   (   84): 1398550819482	Marionette	INFO	trying remote frame 2
04-26 15:20:19.928 I/Gecko   (   84): 1398550819938	Marionette	INFO	sendToClient: {"from":"0","ok":true}, {986d98cc-6169-4c8b-8237-e976633c9374}, {986d98cc-6169-4c8b-8237-e976633c9374}
04-26 15:20:19.928 I/Gecko   (   84): 1398550819945	Marionette	DEBUG	Got request: execute, data: {"to":"0","sessionId":"3-b2g","name":"executeScript","parameters":{"specialPowers":false,"scriptTimeout":null,"newSandbox":true,"args":[],"filename":"gaia_test.py","script":"return window.wrappedJSObject.GridManager.pageHelper.getCurrentPageNumber();","line":784}}, id: {842870d4-5fe2-45ce-bb67-8214031cef1c}
04-26 15:20:20.108 I/Gecko   (   84): 1398550820121	Marionette	INFO	sendToClient: {"from":"0","value":0}, {842870d4-5fe2-45ce-bb67-8214031cef1c}, {842870d4-5fe2-45ce-bb67-8214031cef1c}
04-26 15:20:20.218 I/Gecko   (   84): 1398550820233	Marionette	INFO	sendToClient: {"from":"0","value":["{88177165-913a-4327-8d24-d91a1c5ba0bd}","{73fb3f8f-58fc-4244-9763-4a7ef9bae9ab}","{a864144c-08d1-41c7-bd05-8ea1e72d8d14}","{bd135584-4e5c-403f-99ce-7e8ffe4b3449}","{5bbd60e0-c4f4-4b60-b7e7-cb797b76b887}","{b8ae426d-d41c-4971-99bd-7c5b345d45bc}","{d49d78b6-a73d-4a86-8769-9a0a96f86094}","{10e9d726-ca29-4e5a-827e-79548b53ab3f}","{2926e813-653b-4cea-a453-8d45357fdfe3}","{cd7d35ab-c54a-47b8-b5c7-e73d5c3d4b44}","{68cdbcbf-4c65-47f8-85ef-cdb3239b47bf}","{603787f4-3f76-4382-b9a1-6e120ddda270}","{ace55a72-b238-480c-a398-fb3679374baa}","{3fc24bdf-c2a9-495e-8a9a-b3d4b7c293b7}","{9f5159fe-29f4-41e7-83e9-6161440a4979}","{e170ef7e-7b2e-4087-8add-6425509df37e}","{a8b1464f-1f7f-4871-b64b-ad35a47778a0}","{bd57f1b9-2d38-4774-ba64-9b46d8d3ac74}","{1de61ae2-aa87-4626-a933-3b941d02bd3d}","{60b061b2-27c3-4f26-9124-ced5c3549b11}","{41a7e0ee-c143-4240-bc9b-7e527019a8e3}","{c1b25325-c208-492a-bcf2-eb8f36b369f4}","{7ba03547-dec7-4b22-97ab-390b76ef29a4}","{8646cf70-3ee6
04-26 15:20:20.468 I/Gecko   (   84): 1398550820486	Marionette	INFO	sendToClient: {"from":"0","value":"app://homescreen.gaiamobile.org/index.html#rootSat%20Apr%2026%202014%2015:20:19%20GMT-0700%20(UTC)"}, {5ce25080-1313-46cc-8ea7-dba6c4da8903}, {5ce25080-1313-46cc-8ea7-dba6c4da8903}
04-26 15:20:20.488 I/Gecko   (   84): 1398550820493	Marionette	DEBUG	Got request: switchToFrame, data: {"to":"0","sessionId":"3-b2g","name":"switchToFrame","parameters":{"id":null,"focus":true}}, id: {748eb0f7-18d8-47e0-a29c-781c28866d60}
04-26 15:20:20.498 I/Gecko   (   84): 1398550820510	Marionette	INFO	Switched to frame: {"frameValue":null}
04-26 15:20:20.598 I/Gecko   (   84): 1398550820612	Marionette	INFO	sendToClient: {"from":"0","ok":true}, {748eb0f7-18d8-47e0-a29c-781c28866d60}, {748eb0f7-18d8-47e0-a29c-781c28866d60}
04-26 15:20:20.608 I/Gecko   (   84): 1398550820618	Marionette	DEBUG	Got request: switchToFrame, data: {"to":"0","sessionId":"3-b2g","name":"switchToFrame","parameters":{"id":null,"focus":true}}, id: {615a8c2f-301f-49e2-b27b-a64b2f626a87}
04-26 15:20:20.608 I/Gecko   (   84): 1398550820620	Marionette	INFO	Switched to frame: {"frameValue":null}
04-26 15:20:20.708 I/Gecko   (   84): 1398550820723	Marionette	INFO	sendToClient: {"from":"0","ok":true}, {615a8c2f-301f-49e2-b27b-a64b2f626a87}, {615a8c2f-301f-49e2-b27b-a64b2f626a87}
04-26 15:20:20.718 I/Gecko   (   84): 1398550820728	Marionette	DEBUG	Got request: executeWithCallback, data: {"to":"0","sessionId":"3-b2g","name":"executeAsyncScript","parameters":{"specialPowers":false,"scriptTimeout":30000,"newSandbox":true,"args":[],"filename":"app_checker.py","script":"GaiaApps.launchWithManifestURL('https://marketplace.firefox.com/app/e1f9431b-096e-4c26-9fe6-3a1b4d7c2cd3/manifest.webapp')","line":106}}, id: {41c0b6a2-e908-4532-aa9b-6d84dd3e79be}
04-26 15:20:21.198 I/Gonk    (   84): Setting nice for pid 1717 to 18
04-26 15:20:21.198 I/Gonk    (   84): Changed nice for pid 1717 from 18 to 18.
04-26 15:20:21.198 I/Gecko   (   84): [Parent 84] WARNING: waitpid failed pid:1717 errno:10: file ../../../gecko/ipc/chromium/src/base/process_util_posix.cc, line 254
04-26 15:20:21.228 I/Gonk    (   84): Setting nice for pid 1717 to 1
04-26 15:20:21.228 I/Gonk    (   84): Changed nice for pid 1717 from 18 to 1.
04-26 15:20:21.318 D/Sensors (   84): activate handle=0; drv=0
04-26 15:20:21.318 D/Sensors (   84): Lis3dhSensor: Control set 1
04-26 15:20:21.318 D/Sensors (   84): Lis3dhSensor: mEnabled = 1
04-26 15:20:21.658 I/InputReader(   84): Reconfiguring input devices.  changes=0x00000004
04-26 15:20:21.658 I/InputReader(   84): Device reconfigured: id=6, name='ms-msg21xx', size 320x480, orientation 1, mode 1, display id 0
04-26 15:20:21.678 E/GeckoConsole(   84): Content JS LOG at dummy file:334 in GaiaApps.launch: launching app with name 'Xmas Fun'
04-26 15:20:21.778 E/[Gralloc-ERROR](   84): int gralloc_register_buffer(const gralloc_module_t*, const native_handle_t*):79 Unable to register handle 0x461dbf60 coming from different process: 84
04-26 15:20:21.818 E/[Gralloc-ERROR](   84): int gralloc_register_buffer(const gralloc_module_t*, const native_handle_t*):79 Unable to register handle 0x461f9560 coming from different process: 84
04-26 15:20:21.958 W/WifiHW  (   84): wifi_command: SIGNAL_POLL
04-26 15:20:22.148 E/[Gralloc-ERROR](   84): int gralloc_register_buffer(const gralloc_module_t*, const native_handle_t*):79 Unable to register handle 0x434ef6f0 coming from different process: 84
04-26 15:20:22.158 E/[Gralloc-ERROR](   84): int gralloc_register_buffer(const gralloc_module_t*, const native_handle_t*):79 Unable to register handle 0x434ef790 coming from different process: 84
04-26 15:20:22.158 E/[Gralloc-ERROR](   84): int gralloc_unregister_buffer(const gralloc_module_t*, const native_handle_t*):274 Trying to unregister buffer 0x44a9b330 from process 84 that was not created in current process: 84
04-26 15:20:22.158 E/[Gralloc-ERROR](   84): int gralloc_unregister_buffer(const gralloc_module_t*, const native_handle_t*):274 Trying to unregister buffer 0x44a9b1f0 from process 84 that was not created in current process: 84
04-26 15:20:22.328 I/Gonk    (   84): Setting nice for pid 1704 to 18
04-26 15:20:22.328 I/Gonk    (   84): Changed nice for pid 1704 from 1 to 18.
04-26 15:20:22.638 I/log     ( 1786): <4>0[ 825.315361] select 1704 (Homescreen), adj 8, size 7656, to kill 
04-26 15:20:23.448 I/Gonk    (   84): Setting nice for pid 1787 to 18
04-26 15:20:23.458 I/Gonk    (   84): Changed nice for pid 1787 from 0 to 18.
04-26 15:20:23.878 I/Gecko   (   84): 
04-26 15:20:23.878 I/Gecko   (   84): ###!!! [Parent][MessageChannel] Error: Channel error: cannot send/recv
04-26 15:20:23.878 I/Gecko   (   84): 
04-26 15:20:23.928 I/GeckoDump(   84): Crash reporter : Can't fetch app.reportCrashes. Exception: [Exception... "Component returned failure code: 0x8000ffff (NS_ERROR_UNEXPECTED) [nsIPrefBranch.getBoolPref]"  nsresult: "0x8000ffff (NS_ERROR_UNEXPECTED)"  location: "JS frame :: chrome://browser/content/shell.js :: shell_reportCrash :: line 7"  data: no]
04-26 15:20:23.948 I/Gecko   (   84): [Parent 84] WARNING: waitpid failed pid:1704 errno:10: file ../../../gecko/ipc/chromium/src/base/process_util_posix.cc, line 254
04-26 15:20:24.168 I/Gecko   ( 1717): ###################################### forms.js loaded
04-26 15:20:24.188 I/Gecko   ( 1717): ############################### browserElementPanning.js loaded
04-26 15:20:24.208 I/Gecko   ( 1717): ######################## BrowserElementChildPreload.js loaded
04-26 15:20:25.798 E/GeckoConsole( 1717): [JavaScript Warning: "Unknown property 'text-aling'.  Declaration dropped." {file: "app://{f9c32177-bc7c-49a8-8413-4ece99f21f07}/index.htm" line: 57 column: 11 source: "	text-aling: center;"}]
04-26 15:20:25.798 E/GeckoConsole( 1717): [JavaScript Warning: "Unknown property 'align'.  Declaration dropped." {file: "app://{f9c32177-bc7c-49a8-8413-4ece99f21f07}/index.htm" line: 58 column: 6 source: "	align: center;"}]
04-26 15:20:25.958 I/Gecko   (   84): [Parent 84] WARNING: waitpid failed pid:1704 errno:10: file ../../../gecko/ipc/chromium/src/base/process_util_posix.cc, line 254
04-26 15:20:25.958 I/Gecko   (   84): [Parent 84] WARNING: Failed to deliver SIGKILL to 1704!(3).: file ../../../gecko/ipc/chromium/src/chrome/common/process_watcher_posix_sigchld.cc, line 118
04-26 15:20:26.738 I/Gonk    (   84): Setting nice for pid 1787 to 18
04-26 15:20:26.738 I/Gonk    (   84): Changed nice for pid 1787 from 18 to 18.
04-26 15:20:26.738 I/Gecko   (   84): [Parent 84] WARNING: waitpid failed pid:1787 errno:10: file ../../../gecko/ipc/chromium/src/base/process_util_posix.cc, line 254
04-26 15:20:26.738 I/Gonk    (   84): Setting nice for pid 1787 to 1
04-26 15:20:26.738 I/Gonk    (   84): Changed nice for pid 1787 from 18 to 1.
04-26 15:20:26.758 I/Gonk    (   84): Setting nice for pid 1787 to 18
04-26 15:20:26.758 I/Gonk    (   84): Changed nice for pid 1787 from 1 to 18.
04-26 15:20:26.808 E/GeckoConsole( 1717): [JavaScript Warning: "Unknown property '-moz-border-radius'.  Declaration dropped." {file: "app://{f9c32177-bc7c-49a8-8413-4ece99f21f07}/480px.htm" line: 128 column: 19 source: "	-moz-border-radius: 40px;"}]
04-26 15:20:26.808 E/GeckoConsole( 1717): [JavaScript Warning: "Unknown property '-moz-box-shadow'.  Declaration dropped." {file: "app://{f9c32177-bc7c-49a8-8413-4ece99f21f07}/480px.htm" line: 134 column: 16 source: "	-moz-box-shadow: 3px 3px 10px 0 #000;"}]
04-26 15:20:26.818 E/GeckoConsole( 1717): [JavaScript Warning: "Unknown property '-moz-border-radius'.  Declaration dropped." {file: "app://{f9c32177-bc7c-49a8-8413-4ece99f21f07}/480px.htm" line: 164 column: 19 source: "	-moz-border-radius: 40px;"}]
04-26 15:20:26.818 E/GeckoConsole( 1717): [JavaScript Warning: "Unknown property '-moz-box-shadow'.  Declaration dropped." {file: "app://{f9c32177-bc7c-49a8-8413-4ece99f21f07}/480px.htm" line: 170 column: 16 source: "	-moz-box-shadow: 3px 3px 10px 0 #000;"}]
04-26 15:20:27.298 E/GeckoConsole(   84): Content JS LOG at dummy file:326 in GaiaApps.launch/appOpen/<: app with origin 'app://{f9c32177-bc7c-49a8-8413-4ece99f21f07}' has launched
04-26 15:20:27.308 I/Gecko   (   84): 1398550827320	Marionette	INFO	sendToClient: {"from":"0","value":{"frame":{"ELEMENT":"{2a19d77c-9d1d-4ee3-9832-175be873ab34}"},"src":"app://{f9c32177-bc7c-49a8-8413-4ece99f21f07}/index.htm","name":"Xmas Fun","origin":"app://{f9c32177-bc7c-49a8-8413-4ece99f21f07}"}}, {41c0b6a2-e908-4532-aa9b-6d84dd3e79be}, {41c0b6a2-e908-4532-aa9b-6d84dd3e79be}
04-26 15:20:27.318 W/WifiHW  (   84): wifi_command: SIGNAL_POLL
04-26 15:20:27.338 E/[Gralloc-ERROR](   84): int gralloc_unregister_buffer(const gralloc_module_t*, const native_handle_t*):274 Trying to unregister buffer 0x434ef790 from process 84 that was not created in current process: 84
04-26 15:20:27.338 E/[Gralloc-ERROR](   84): int gralloc_unregister_buffer(const gralloc_module_t*, const native_handle_t*):274 Trying to unregister buffer 0x434ef6f0 from process 84 that was not created in current process: 84
04-26 15:20:27.448 I/Gecko   (   84): 1398550827463	Marionette	DEBUG	Got request: switchToFrame, data: {"to":"0","sessionId":"3-b2g","name":"switchToFrame","parameters":{"focus":true,"element":"{2a19d77c-9d1d-4ee3-9832-175be873ab34}"}}, id: {4147401e-cdf5-4998-9fb1-8ff267febbae}
04-26 15:20:27.478 I/Gecko   (   84): 1398550827488	Marionette	INFO	Switched to frame: {"frameValue":"{2a19d77c-9d1d-4ee3-9832-175be873ab34}"}
04-26 15:20:27.478 I/Gecko   (   84): 1398550827492	Marionette	INFO	trying remote frame 0
04-26 15:20:27.478 I/Gecko   (   84): 1398550827493	Marionette	INFO	trying remote frame 1
04-26 15:20:27.478 I/Gecko   (   84): 1398550827494	Marionette	INFO	trying remote frame 2
04-26 15:20:27.488 I/Gecko   (   84): 1398550827499	Marionette	INFO	deleting frame
04-26 15:20:27.498 I/Gecko   (   84): 1398550827509	Marionette	INFO	frame-manager load script: [object ChromeMessageSender]
04-26 15:20:27.548 I/Gecko   (   84): [Parent 84] WARNING: pipe error (144): Connection reset by peer: file ../../../gecko/ipc/chromium/src/chrome/common/ipc_channel_posix.cc, line 446
04-26 15:20:27.548 I/Gecko   (   84): 
04-26 15:20:27.548 I/Gecko   (   84): ###!!! [Parent][MessageChannel] Error: Channel error: cannot send/recv
04-26 15:20:27.548 I/Gecko   (   84): 
04-26 15:20:27.628 I/GeckoDump(   84): Crash reporter : Can't fetch app.reportCrashes. Exception: [Exception... "Component returned failure code: 0x8000ffff (NS_ERROR_UNEXPECTED) [nsIPrefBranch.getBoolPref]"  nsresult: "0x8000ffff (NS_ERROR_UNEXPECTED)"  location: "JS frame :: chrome://browser/content/shell.js :: shell_reportCrash :: line 7"  data: no]
04-26 15:20:27.638 I/Gecko   (   84): [Parent 84] WARNING: waitpid failed pid:1787 errno:10: file ../../../gecko/ipc/chromium/src/base/process_util_posix.cc, line 254
04-26 15:20:27.678 E/GeckoConsole( 1717): [JavaScript Warning: "The character encoding of a framed document was not declared. The document may appear different if viewed without the document framing it." {file: "app://{f9c32177-bc7c-49a8-8413-4ece99f21f07}/480px.htm" line: 0}]
04-26 15:20:28.098 I/Gecko   (   84): 1398550828113	Marionette	INFO	sendToClient: {"from":"0","ok":true}, {4147401e-cdf5-4998-9fb1-8ff267febbae}, {4147401e-cdf5-4998-9fb1-8ff267febbae}
04-26 15:20:28.418 I/Gecko   (   84): 1398550828434	Marionette	INFO	sendToClient: {"from":"0","value":"app://{f9c32177-bc7c-49a8-8413-4ece99f21f07}/index.htm"}, {1210c7bc-4a6f-4bab-beb1-fb1fc24244e6}, {1210c7bc-4a6f-4bab-beb1-fb1fc24244e6}
04-26 15:20:28.428 I/Gecko   (   84): 1398550828441	Marionette	DEBUG	Got request: execute, data: {"to":"0","sessionId":"3-b2g","name":"executeScript","parameters":{"specialPowers":false,"scriptTimeout":null,"newSandbox":true,"args":[],"filename":"app_checker.py","script":"return window.document.readyState;","line":191}}, id: {5850241b-f790-4c86-92e6-0890e88a9a11}
04-26 15:20:28.598 I/Gecko   (   84): 1398550828616	Marionette	INFO	sendToClient: {"from":"0","value":"complete"}, {5850241b-f790-4c86-92e6-0890e88a9a11}, {5850241b-f790-4c86-92e6-0890e88a9a11}
04-26 15:20:28.608 I/Gecko   (   84): 1398550828628	Marionette	INFO	sendToClient: {"from":"0","value":"app://{f9c32177-bc7c-49a8-8413-4ece99f21f07}/index.htm"}, {12a64a74-d464-44c7-bc24-62a1b9e93489}, {12a64a74-d464-44c7-bc24-62a1b9e93489}
04-26 15:20:28.638 I/Gecko   ( 1717): Attempting load of libEGL.so
04-26 15:20:28.648 D/libEGL  ( 1717): loaded /system/lib/egl/libEGL_mali.so
04-26 15:20:28.668 D/libEGL  ( 1717): loaded /system/lib/egl/libGLESv1_CM_mali.so
04-26 15:20:28.668 D/libEGL  ( 1717): loaded /system/lib/egl/libGLESv2_mali.so
04-26 15:20:28.738 I/Gecko   ( 1717): SharedSurface_Gralloc::Create -------
04-26 15:20:28.758 I/Gecko   ( 1717): SharedSurface_Gralloc::Create: success -- surface 0x442d3e40, GraphicBuffer 0x43faf500.
04-26 15:20:29.578 I/Gecko   (   84): 1398550829591	Marionette	INFO	sendToClient: {"from":"0","value":"iVBORw0KGgoAAAANSUhEUgAAAeAAAAFACAYAAABkyK97AAAGpklEQVR4nO3VwWklQAwFwZ9/0t4IPAcvuJFfCereSDDz+Xw+XwDAr8sDAGBRHgAAi/IAAFiUBwDAojwAABblAQCwKA8AgEV5AAAsygMAYFEeAACL8gAAWJQHAMCiPAAAFuUBALAoDwCARXkAACzKAwBgUR4AAIvyAABYlAcAwKI8AAAW5QEAsCgPAIBFeQAALMoDAGBRHgAAi/IAAFiUBwDAojwAABblAQCwKA8AgEV5AAAsygMAYFEeAACL8gAAWJQHAMCiPAAAFuUBALAoDwCARXkAACzKAwBgUR4AAIvyAABYlAcAwKI8AAAW5QEAsCgPAIBFeQAALMoDAGBRHgAAi/IAAFiUBwDAojwAABblAQCwKA8AgEV5AAAsygMAYFEeAACL8gAAWJQHAMCiPAAAFuUBALAoDwCARXkAACzKAwBgUR4AAIvyAABYlAcAwKI8AAAW5QEAsCgPAIBFeQAALMoDAGBRHgAAi/IAAFiUBwDAojwAABblAQCwKA8AgEV5AAAsygMAYFEeAACL8gAAWJQHAMCiPAAAFuUBALAoDwCARXkAACzKAwBgUR4AAIvyAABYlAcAwKI8AAAW5QEAsCgPAIBFeQAALMoDAGBRHgAAi/IAAFiUBwDAojwAABblAQCwKA8AgEV5AAAsygMAYFEeAACL8gAAWJQHAMCiPAAAFuUBALAoDwCARXkAACzKAwBgUR4AAIvyAABYlAcAwKI8AAAW5QEAsCgPAIBFeQAALMoDAGBRHgAAi/IAAFiUBwDAojwAABblAd8yxhhj/mfqf8wHfHjqGwBcdeANzQOey1uf+gYAVx14Q/OA5/LWp74BwFUH3tA84Lm89alvAHDVgTc0D3gub33qGwBcdeANzQOey1uf+gYAVx14Q/OA5/LWp74BwF
04-26 15:20:29.648 I/Gecko   (   84): [Parent 84] WARNING: waitpid failed pid:1787 errno:10: file ../../../gecko/ipc/chromium/src/base/process_util_posix.cc, line 254
04-26 15:20:29.648 I/Gecko   (   84): [Parent 84] WARNING: Failed to deliver SIGKILL to 1787!(3).: file ../../../gecko/ipc/chromium/src/chrome/common/process_watcher_posix_sigchld.cc, line 118
04-26 15:20:29.788 I/Gecko   (   84): 1398550829804	Marionette	INFO	sendToClient: {"from":"0","ok":true}, {990c0b41-a822-4971-810f-60d29598b2fc}, {990c0b41-a822-4971-810f-60d29598b2fc}
04-26 15:20:29.798 I/Gecko   (   84): 1398550829812	Marionette	DEBUG	Got request: switchToFrame, data: {"to":"0","sessionId":"3-b2g","name":"switchToFrame","parameters":{"id":null,"focus":true}}, id: {07ac81d5-4686-4f05-8e37-786d944729fe}
04-26 15:20:29.838 I/Gecko   (   84): 1398550829851	Marionette	INFO	Switched to frame: {"frameValue":null}
04-26 15:20:29.938 I/Gecko   (   84): 1398550829955	Marionette	INFO	sendToClient: {"from":"0","ok":true}, {07ac81d5-4686-4f05-8e37-786d944729fe}, {07ac81d5-4686-4f05-8e37-786d944729fe}
04-26 15:20:29.948 I/Gecko   (   84): 1398550829963	Marionette	DEBUG	Got request: executeWithCallback, data: {"to":"0","sessionId":"3-b2g","name":"executeAsyncScript","parameters":{"specialPowers":false,"scriptTimeout":null,"newSandbox":true,"args":[],"filename":"gaia_test.py","script":"return GaiaApps.displayedApp();","line":66}}, id: {9d2929ea-6d80-480b-b94b-29116bc769a4}
04-26 15:20:30.168 I/Gecko   (   84): 1398550830187	Marionette	INFO	sendToClient: {"from":"0","value":{"frame":{"ELEMENT":"{2a19d77c-9d1d-4ee3-9832-175be873ab34}"},"src":"app://{f9c32177-bc7c-49a8-8413-4ece99f21f07}/index.htm","name":"Xmas Fun","origin":"app://{f9c32177-bc7c-49a8-8413-4ece99f21f07}"}}, {9d2929ea-6d80-480b-b94b-29116bc769a4}, {9d2929ea-6d80-480b-b94b-29116bc769a4}
04-26 15:20:30.178 E/GeckoConsole(   84): Content JS LOG at dummy file:392 in GaiaApps.displayedApp: app with origin 'app://{f9c32177-bc7c-49a8-8413-4ece99f21f07}' is displayed
04-26 15:20:30.178 I/Gecko   (   84): 1398550830195	Marionette	DEBUG	Got request: switchToFrame, data: {"to":"0","sessionId":"3-b2g","name":"switchToFrame","parameters":{"id":null,"focus":true}}, id: {090f1c47-cef3-4ec3-bf63-2a45bd7422d3}
04-26 15:20:30.178 I/Gecko   (   84): 1398550830197	Marionette	INFO	Switched to frame: {"frameValue":null}
04-26 15:20:30.288 I/Gecko   (   84): 1398550830299	Marionette	INFO	sendToClient: {"from":"0","ok":true}, {090f1c47-cef3-4ec3-bf63-2a45bd7422d3}, {090f1c47-cef3-4ec3-bf63-2a45bd7422d3}
04-26 15:20:30.288 I/Gecko   (   84): 1398550830305	Marionette	DEBUG	Got request: execute, data: {"to":"0","sessionId":"3-b2g","name":"executeScript","parameters":{"specialPowers":false,"scriptTimeout":null,"newSandbox":true,"args":[],"filename":"gaia_test.py","script":"window.wrappedJSObject.dispatchEvent(new Event('home'));","line":788}}, id: {30c096e7-d130-4b1f-a626-29e204cc15b4}
04-26 15:20:30.408 D/Sensors (   84): activate handle=0; drv=0
04-26 15:20:30.418 D/Sensors (   84): Lis3dhSensor: Control set 0
04-26 15:20:30.418 D/Sensors (   84): Lis3dhSensor: mEnabled = 0
04-26 15:20:30.828 I/InputReader(   84): Reconfiguring input devices.  changes=0x00000004
04-26 15:20:30.828 I/InputReader(   84): Device reconfigured: id=6, name='ms-msg21xx', size 320x480, orientation 0, mode 1, display id 0
04-26 15:20:30.868 E/[Gralloc-ERROR](   84): int gralloc_register_buffer(const gralloc_module_t*, const native_handle_t*):79 Unable to register handle 0x44acdc40 coming from different process: 84
04-26 15:20:30.868 E/[Gralloc-ERROR](   84): int gralloc_register_buffer(const gralloc_module_t*, const native_handle_t*):79 Unable to register handle 0x44acdce0 coming from different process: 84
04-26 15:20:30.958 I/Gonk    (   84): Setting nice for pid 1810 to 18
04-26 15:20:30.958 I/Gonk    (   84): Changed nice for pid 1810 from 0 to 18.
04-26 15:20:30.998 E/[Gralloc-ERROR](   84): int gralloc_unregister_buffer(const gralloc_module_t*, const native_handle_t*):274 Trying to unregister buffer 0x461dbf60 from process 84 that was not created in current process: 84
04-26 15:20:31.008 I/Gecko   (   84): 1398550831025	Marionette	INFO	sendToClient: {"from":"0","value":null}, {30c096e7-d130-4b1f-a626-29e204cc15b4}, {30c096e7-d130-4b1f-a626-29e204cc15b4}
04-26 15:20:31.008 E/[Gralloc-ERROR](   84): int gralloc_unregister_buffer(const gralloc_module_t*, const native_handle_t*):274 Trying to unregister buffer 0x461f9560 from process 84 that was not created in current process: 84
04-26 15:20:31.088 I/Gonk    (   84): Setting nice for pid 1810 to 18
04-26 15:20:31.088 I/Gonk    (   84): Changed nice for pid 1810 from 18 to 18.
04-26 15:20:31.088 I/Gecko   (   84): [Parent 84] WARNING: waitpid failed pid:1810 errno:10: file ../../../gecko/ipc/chromium/src/base/process_util_posix.cc, line 254
04-26 15:20:31.088 I/Gonk    (   84): Setting nice for pid 1810 to 1
04-26 15:20:31.088 I/Gonk    (   84): Changed nice for pid 1810 from 18 to 1.
04-26 15:20:31.128 I/Gonk    (   84): Setting nice for pid 1818 to 18
04-26 15:20:31.128 I/Gonk    (   84): Changed nice for pid 1818 from 0 to 18.
04-26 15:20:31.148 I/Gecko   (   84): 1398550831163	Marionette	DEBUG	Got request: switchToFrame, data: {"to":"0","sessionId":"3-b2g","name":"switchToFrame","parameters":{"id":null,"focus":true}}, id: {bdb450d3-5423-43da-8957-a892fb8dd272}
04-26 15:20:31.158 I/Gecko   (   84): 1398550831169	Marionette	INFO	Switched to frame: {"frameValue":null}
04-26 15:20:31.258 I/Gecko   (   84): 1398550831273	Marionette	INFO	sendToClient: {"from":"0","ok":true}, {bdb450d3-5423-43da-8957-a892fb8dd272}, {bdb450d3-5423-43da-8957-a892fb8dd272}
04-26 15:20:31.268 I/Gecko   (   84): 1398550831286	Marionette	DEBUG	Got request: executeWithCallback, data: {"to":"0","sessionId":"3-b2g","name":"executeAsyncScript","parameters":{"specialPowers":false,"scriptTimeout":null,"newSandbox":true,"args":[],"filename":"gaia_test.py","script":"return GaiaApps.displayedApp();","line":66}}, id: {457084c6-a0c0-4d0d-b074-fbbb78906385}
04-26 15:20:32.398 I/Gecko   (   84): 1398550832410	Marionette	INFO	sendToClient: {"from":"0","value":{"frame":{"ELEMENT":"{74321ea7-3509-4cf5-84a7-480df157d9a6}"},"src":"app://homescreen.gaiamobile.org/index.html#root","name":"Homescreen","origin":"app://homescreen.gaiamobile.org"}}, {457084c6-a0c0-4d0d-b074-fbbb78906385}, {457084c6-a0c0-4d0d-b074-fbbb78906385}
04-26 15:20:32.408 E/GeckoConsole(   84): Content JS LOG at dummy file:392 in GaiaApps.displayedApp: app with origin 'app://homescreen.gaiamobile.org' is displayed
04-26 15:20:32.548 W/WifiHW  (   84): wifi_command: SIGNAL_POLL
04-26 15:20:32.758 I/Gecko   (   84): 1398550832777	Marionette	DEBUG	Got request: switchToFrame, data: {"to":"0","sessionId":"3-b2g","name":"switchToFrame","parameters":{"id":null,"focus":true}}, id: {d85acce8-fd78-4cb6-a3d9-5a4e95f8f111}
04-26 15:20:32.768 I/Gecko   (   84): 1398550832780	Marionette	INFO	Switched to frame: {"frameValue":null}
04-26 15:20:32.878 I/Gecko   (   84): 1398550832891	Marionette	INFO	sendToClient: {"from":"0","ok":true}, {d85acce8-fd78-4cb6-a3d9-5a4e95f8f111}, {d85acce8-fd78-4cb6-a3d9-5a4e95f8f111}
04-26 15:20:32.878 I/Gecko   (   84): 1398550832896	Marionette	DEBUG	Got request: switchToFrame, data: {"to":"0","sessionId":"3-b2g","name":"switchToFrame","parameters":{"id":null,"focus":true}}, id: {7a7c62e8-c352-46df-8953-daa97d4c05c3}
04-26 15:20:32.888 I/Gecko   (   84): 1398550832904	Marionette	INFO	Switched to frame: {"frameValue":null}
04-26 15:20:33.058 I/Gecko   (   84): 1398550833075	Marionette	INFO	sendToClient: {"from":"0","ok":true}, {7a7c62e8-c352-46df-8953-daa97d4c05c3}, {7a7c62e8-c352-46df-8953-daa97d4c05c3}
04-26 15:20:33.078 I/Gonk    (   84): Setting nice for pid 1717 to 18
04-26 15:20:33.078 I/Gonk    (   84): Changed nice for pid 1717 from 1 to 18.
04-26 15:20:33.088 I/Gecko   (   84): 1398550833100	Marionette	DEBUG	Got request: executeWithCallback, data: {"to":"0","sessionId":"3-b2g","name":"executeAsyncScript","parameters":{"specialPowers":false,"scriptTimeout":null,"newSandbox":true,"args":[],"filename":"gaia_test.py","script":"return GaiaApps.displayedApp();","line":66}}, id: {37e2996f-f30c-4ed4-be45-5b17345f9040}
04-26 15:20:33.228 I/Gecko   (   84): 1398550833236	Marionette	INFO	sendToClient: {"from":"0","value":{"frame":{"ELEMENT":"{74321ea7-3509-4cf5-84a7-480df157d9a6}"},"src":"app://homescreen.gaiamobile.org/index.html#root","name":"Homescreen","origin":"app://homescreen.gaiamobile.org"}}, {37e2996f-f30c-4ed4-be45-5b17345f9040}, {37e2996f-f30c-4ed4-be45-5b17345f9040}
04-26 15:20:33.238 E/GeckoConsole(   84): Content JS LOG at dummy file:392 in GaiaApps.displayedApp: app with origin 'app://homescreen.gaiamobile.org' is displayed
04-26 15:20:33.238 I/Gecko   (   84): 1398550833255	Marionette	DEBUG	Got request: switchToFrame, data: {"to":"0","sessionId":"3-b2g","name":"switchToFrame","parameters":{"focus":true,"element":"{74321ea7-3509-4cf5-84a7-480df157d9a6}"}}, id: {666c0886-755d-41fe-8ad4-2e1837f77e03}
04-26 15:20:33.248 I/Gecko   (   84): 1398550833263	Marionette	INFO	Switched to frame: {"frameValue":"{74321ea7-3509-4cf5-84a7-480df157d9a6}"}
04-26 15:20:33.268 I/Gecko   (   84): 1398550833278	Marionette	INFO	trying remote frame 0
04-26 15:20:33.268 I/Gecko   (   84): 1398550833279	Marionette	INFO	trying remote frame 1
04-26 15:20:33.268 I/Gecko   (   84): 1398550833281	Marionette	INFO	trying remote frame 2
04-26 15:20:33.268 I/Gecko   (   84): 1398550833281	Marionette	INFO	deleting frame
04-26 15:20:33.268 I/Gecko   (   84): 1398550833287	Marionette	INFO	frame-manager load script: [object ChromeMessageSender]
04-26 15:20:33.598 I/Gecko   (   84): 
04-26 15:20:33.598 I/Gecko   (   84): ###!!! [Parent][MessageChannel] Error: Channel error: cannot send/recv
04-26 15:20:33.598 I/Gecko   (   84): 
04-26 15:20:33.648 I/GeckoDump(   84): Crash reporter : Can't fetch app.reportCrashes. Exception: [Exception... "Component returned failure code: 0x8000ffff (NS_ERROR_UNEXPECTED) [nsIPrefBranch.getBoolPref]"  nsresult: "0x8000ffff (NS_ERROR_UNEXPECTED)"  location: "JS frame :: chrome://browser/content/shell.js :: shell_reportCrash :: line 7"  data: no]
04-26 15:20:33.688 I/Gecko   (   84): [Parent 84] WARNING: waitpid failed pid:1717 errno:10: file ../../../gecko/ipc/chromium/src/base/process_util_posix.cc, line 254
04-26 15:20:34.188 I/Gecko   ( 1810): ###################################### forms.js loaded
04-26 15:20:34.268 I/Gecko   ( 1810): ############################### browserElementPanning.js loaded
04-26 15:20:34.318 I/Gecko   ( 1810): ######################## BrowserElementChildPreload.js loaded
04-26 15:20:35.318 I/Gecko   (   84): 1398550835332	Marionette	INFO	sendToClient: {"from":"0","ok":true}, {666c0886-755d-41fe-8ad4-2e1837f77e03}, {666c0886-755d-41fe-8ad4-2e1837f77e03}
04-26 15:20:35.658 I/Gecko   (   84): 1398550835669	Marionette	INFO	sendToClient: {"from":"0","value":"app://homescreen.gaiamobile.org/index.html#root"}, {1dcd31a0-3b9e-4185-9b95-dde57b706a0c}, {1dcd31a0-3b9e-4185-9b95-dde57b706a0c}
04-26 15:20:35.658 I/Gecko   (   84): 1398550835675	Marionette	DEBUG	Got request: switchToFrame, data: {"to":"0","sessionId":"3-b2g","name":"switchToFrame","parameters":{"id":null,"focus":true}}, id: {f8eb48e6-9561-49d6-b194-d2b02fc8a503}
04-26 15:20:35.688 I/Gecko   (   84): [Parent 84] WARNING: waitpid failed pid:1717 errno:10: file ../../../gecko/ipc/chromium/src/base/process_util_posix.cc, line 254
04-26 15:20:35.688 I/Gecko   (   84): [Parent 84] WARNING: Failed to deliver SIGKILL to 1717!(3).: file ../../../gecko/ipc/chromium/src/chrome/common/process_watcher_posix_sigchld.cc, line 118
04-26 15:20:35.718 I/Gecko   (   84): 1398550835737	Marionette	INFO	Switched to frame: {"frameValue":null}
04-26 15:20:35.828 I/Gecko   (   84): 1398550835839	Marionette	INFO	sendToClient: {"from":"0","ok":true}, {f8eb48e6-9561-49d6-b194-d2b02fc8a503}, {f8eb48e6-9561-49d6-b194-d2b02fc8a503}
04-26 15:20:35.828 I/Gecko   (   84): 1398550835845	Marionette	DEBUG	Got request: switchToFrame, data: {"to":"0","sessionId":"3-b2g","name":"switchToFrame","parameters":{"id":null,"focus":true}}, id: {edad38e0-c136-4d10-8835-6c0dd0ced53a}
04-26 15:20:35.828 I/Gecko   (   84): 1398550835846	Marionette	INFO	Switched to frame: {"frameValue":null}
04-26 15:20:35.938 I/Gecko   (   84): 1398550835953	Marionette	INFO	sendToClient: {"from":"0","ok":true}, {edad38e0-c136-4d10-8835-6c0dd0ced53a}, {edad38e0-c136-4d10-8835-6c0dd0ced53a}
04-26 15:20:35.948 I/Gecko   (   84): 1398550835965	Marionette	DEBUG	Got request: executeWithCallback, data: {"to":"0","sessionId":"3-b2g","name":"executeAsyncScript","parameters":{"specialPowers":false,"scriptTimeout":null,"newSandbox":true,"args":[],"filename":"gaia_test.py","script":"GaiaApps.killAll()","line":91}}, id: {558fad41-4c47-4f79-a453-d2d37ab2914e}
04-26 15:20:36.088 I/Gecko   (   84): 1398550836099	Marionette	INFO	sendToClient: {"from":"0","value":true}, {558fad41-4c47-4f79-a453-d2d37ab2914e}, {558fad41-4c47-4f79-a453-d2d37ab2914e}
04-26 15:20:36.098 I/Gecko   (   84): 1398550836116	Marionette	DEBUG	Got request: switchToFrame, data: {"to":"0","sessionId":"3-b2g","name":"switchToFrame","parameters":{"id":null,"focus":true}}, id: {7d4b4dc3-3c48-4511-90f1-32db59b2a948}
04-26 15:20:36.108 I/Gecko   (   84): 1398550836118	Marionette	INFO	Switched to frame: {"frameValue":null}
04-26 15:20:36.208 I/Gecko   (   84): 1398550836221	Marionette	INFO	sendToClient: {"from":"0","ok":true}, {7d4b4dc3-3c48-4511-90f1-32db59b2a948}, {7d4b4dc3-3c48-4511-90f1-32db59b2a948}
04-26 15:20:36.208 I/Gecko   (   84): 1398550836227	Marionette	DEBUG	Got request: executeWithCallback, data: {"to":"0","sessionId":"3-b2g","name":"executeAsyncScript","parameters":{"specialPowers":false,"scriptTimeout":60000,"newSandbox":true,"args":[],"filename":"app_checker.py","script":"\n        GaiaApps.locateWithManifestURL('https://marketplace.firefox.com/app/e1f9431b-096e-4c26-9fe6-3a1b4d7c2cd3/manifest.webapp',\n                                       null,\n                                       function uninstall(app) {\n                                       navigator.mozApps.mgmt.uninstall(app);\n                                       marionetteScriptFinished(true);\n                                       });\n        ","line":129}}, id: {ae7d4d9a-705d-4364-b922-94c476368130}
04-26 15:20:36.248 I/Gecko   (   84): -- webapps.js uninstall https://marketplace.firefox.com/app/e1f9431b-096e-4c26-9fe6-3a1b4d7c2cd3/manifest.webapp
04-26 15:20:36.578 I/Gecko   (   84): 1398550836590	Marionette	INFO	sendToClient: {"from":"0","value":true}, {ae7d4d9a-705d-4364-b922-94c476368130}, {ae7d4d9a-705d-4364-b922-94c476368130}