--------- beginning of /dev/log/main
04-27 20:45:12.528 I/Gecko   (   84): 1398656712540	Marionette	INFO	sendToClient: {"from":"0","ok":true}, {987fbaee-6058-48da-8707-0ddbec063082}, {987fbaee-6058-48da-8707-0ddbec063082}
04-27 20:45:12.548 I/Gecko   (   84): 1398656712559	Marionette	DEBUG	Got request: switchToFrame, data: {"to":"0","sessionId":"3-b2g","name":"switchToFrame","parameters":{"id":null,"focus":true}}, id: {0a6e0bf2-15d1-4eb5-8049-2a08df26ab4f}
04-27 20:45:12.558 I/Gecko   (   84): 1398656712570	Marionette	INFO	Switched to frame: {"frameValue":null}
04-27 20:45:12.658 I/Gecko   (   84): 1398656712673	Marionette	INFO	sendToClient: {"from":"0","ok":true}, {0a6e0bf2-15d1-4eb5-8049-2a08df26ab4f}, {0a6e0bf2-15d1-4eb5-8049-2a08df26ab4f}
04-27 20:45:12.668 I/Gecko   (   84): 1398656712680	Marionette	DEBUG	Got request: executeWithCallback, data: {"to":"0","sessionId":"3-b2g","name":"executeAsyncScript","parameters":{"specialPowers":false,"scriptTimeout":null,"newSandbox":true,"args":[],"filename":"gaia_test.py","script":"return GaiaApps.displayedApp();","line":66}}, id: {0b5aaafb-9eb3-43a0-bc2b-979b3ee61ee5}
04-27 20:45:12.808 I/Gecko   (   84): 1398656712823	Marionette	INFO	sendToClient: {"from":"0","value":{"frame":{"ELEMENT":"{704d62be-79da-4775-acd1-52ef587494d6}"},"src":"app://homescreen.gaiamobile.org/index.html#root","name":"Homescreen","origin":"app://homescreen.gaiamobile.org"}}, {0b5aaafb-9eb3-43a0-bc2b-979b3ee61ee5}, {0b5aaafb-9eb3-43a0-bc2b-979b3ee61ee5}
04-27 20:45:12.808 E/GeckoConsole(   84): Content JS LOG at dummy file:392 in GaiaApps.displayedApp: app with origin 'app://homescreen.gaiamobile.org' is displayed
04-27 20:45:12.838 I/Gecko   (   84): 1398656712851	Marionette	DEBUG	Got request: switchToFrame, data: {"to":"0","sessionId":"3-b2g","name":"switchToFrame","parameters":{"id":null,"focus":true}}, id: {11ff0340-bda2-41c8-90f6-d0885ffa8515}
04-27 20:45:12.838 I/Gecko   (   84): 1398656712853	Marionette	INFO	Switched to frame: {"frameValue":null}
04-27 20:45:12.948 I/Gecko   (   84): 1398656712966	Marionette	INFO	sendToClient: {"from":"0","ok":true}, {11ff0340-bda2-41c8-90f6-d0885ffa8515}, {11ff0340-bda2-41c8-90f6-d0885ffa8515}
04-27 20:45:12.958 I/Gecko   (   84): 1398656712972	Marionette	DEBUG	Got request: switchToFrame, data: {"to":"0","sessionId":"3-b2g","name":"switchToFrame","parameters":{"id":null,"focus":true}}, id: {d7e9bf1f-08ac-48bf-82f0-d05e91775572}
04-27 20:45:12.958 I/Gecko   (   84): 1398656712973	Marionette	INFO	Switched to frame: {"frameValue":null}
04-27 20:45:13.028 E/GeckoConsole( 1412): Content JS ERROR at app://homescreen.gaiamobile.org/gaia_build_defer_index.js:390 in loadSVConfFileError: Failed parsing singleVariant configuration file [js/singlevariantconf.json]:  [Exception... "File error: Not found"  nsresult: "0x80520012 (NS_ERROR_FILE_NOT_FOUND)"  location: "JS frame :: app://homescreen.gaiamobile.org/gaia_build_defer_index.js :: loadFile :: line 382"  data: no]
04-27 20:45:13.068 I/Gecko   (   84): 1398656713079	Marionette	INFO	sendToClient: {"from":"0","ok":true}, {d7e9bf1f-08ac-48bf-82f0-d05e91775572}, {d7e9bf1f-08ac-48bf-82f0-d05e91775572}
04-27 20:45:13.068 I/Gecko   (   84): 1398656713086	Marionette	DEBUG	Got request: executeWithCallback, data: {"to":"0","sessionId":"3-b2g","name":"executeAsyncScript","parameters":{"specialPowers":false,"scriptTimeout":null,"newSandbox":true,"args":[],"filename":"gaia_test.py","script":"return GaiaApps.displayedApp();","line":66}}, id: {98088876-7aea-4a9b-b1d2-b7eb51dece72}
04-27 20:45:13.118 I/Gecko   (   84): 1398656713135	Marionette	INFO	sendToClient: {"from":"0","value":{"frame":{"ELEMENT":"{704d62be-79da-4775-acd1-52ef587494d6}"},"src":"app://homescreen.gaiamobile.org/index.html#root","name":"Homescreen","origin":"app://homescreen.gaiamobile.org"}}, {98088876-7aea-4a9b-b1d2-b7eb51dece72}, {98088876-7aea-4a9b-b1d2-b7eb51dece72}
04-27 20:45:13.118 E/GeckoConsole(   84): Content JS LOG at dummy file:392 in GaiaApps.displayedApp: app with origin 'app://homescreen.gaiamobile.org' is displayed
04-27 20:45:13.128 I/Gecko   (   84): 1398656713146	Marionette	DEBUG	Got request: switchToFrame, data: {"to":"0","sessionId":"3-b2g","name":"switchToFrame","parameters":{"focus":true,"element":"{704d62be-79da-4775-acd1-52ef587494d6}"}}, id: {40d81ee0-ad7c-439e-bab7-0c5fc40f435b}
04-27 20:45:13.208 I/Gecko   (   84): 1398656713220	Marionette	INFO	Switched to frame: {"frameValue":"{704d62be-79da-4775-acd1-52ef587494d6}"}
04-27 20:45:13.228 I/Gecko   (   84): 1398656713238	Marionette	INFO	trying remote frame 0
04-27 20:45:13.228 I/Gecko   (   84): 1398656713239	Marionette	INFO	deleting frame
04-27 20:45:13.228 I/Gecko   (   84): 1398656713245	Marionette	INFO	frame-manager load script: [object ChromeMessageSender]
04-27 20:45:13.678 I/Gecko   (   84): 1398656713691	Marionette	INFO	sendToClient: {"from":"0","ok":true}, {40d81ee0-ad7c-439e-bab7-0c5fc40f435b}, {40d81ee0-ad7c-439e-bab7-0c5fc40f435b}
04-27 20:45:13.838 I/Gecko   (   84): 1398656713853	Marionette	INFO	sendToClient: {"from":"0","value":{"ELEMENT":"{e6abab81-cdb3-4e7e-956f-f4a1e36fead7}"}}, {dea415b7-b693-4d14-81f4-318abdd48d71}, {dea415b7-b693-4d14-81f4-318abdd48d71}
04-27 20:45:14.038 E/GeckoConsole( 1412): [JavaScript Warning: "Use of getAttributeNode() is deprecated. Use getAttribute() instead." {file: "chrome://marionette/content/atoms.js" line: 25}]
04-27 20:45:14.048 E/GeckoConsole( 1412): [JavaScript Warning: "Use of attributes' specified attribute is deprecated. It always returns true." {file: "chrome://marionette/content/atoms.js" line: 25}]
04-27 20:45:14.048 I/Gecko   (   84): 1398656714061	Marionette	INFO	sendToClient: {"from":"0","value":"normal"}, {a6254c30-402c-4453-af51-8fcb75d0d1e4}, {a6254c30-402c-4453-af51-8fcb75d0d1e4}
04-27 20:45:14.048 I/Gecko   (   84): 1398656714067	Marionette	DEBUG	Got request: switchToFrame, data: {"to":"0","sessionId":"3-b2g","name":"switchToFrame","parameters":{"id":null,"focus":true}}, id: {6c343e59-b041-4f2e-8a73-52712045961c}
04-27 20:45:14.078 I/Gecko   (   84): 1398656714093	Marionette	INFO	Switched to frame: {"frameValue":null}
04-27 20:45:14.188 I/Gecko   (   84): 1398656714199	Marionette	INFO	sendToClient: {"from":"0","ok":true}, {6c343e59-b041-4f2e-8a73-52712045961c}, {6c343e59-b041-4f2e-8a73-52712045961c}
04-27 20:45:14.188 I/Gecko   (   84): 1398656714205	Marionette	DEBUG	Got request: execute, data: {"to":"0","sessionId":"3-b2g","name":"executeScript","parameters":{"specialPowers":false,"scriptTimeout":null,"newSandbox":true,"args":[],"filename":"gaia_test.py","script":"window.wrappedJSObject.dispatchEvent(new Event('home'));","line":788}}, id: {784c18dd-6d6f-414f-9921-339ba6a7670e}
04-27 20:45:14.268 I/Gecko   (   84): 1398656714283	Marionette	INFO	sendToClient: {"from":"0","value":null}, {784c18dd-6d6f-414f-9921-339ba6a7670e}, {784c18dd-6d6f-414f-9921-339ba6a7670e}
04-27 20:45:14.288 I/Gecko   (   84): 1398656714304	Marionette	DEBUG	Got request: switchToFrame, data: {"to":"0","sessionId":"3-b2g","name":"switchToFrame","parameters":{"id":null,"focus":true}}, id: {95f1d91e-0ec0-4f83-8d06-e76f139efc51}
04-27 20:45:14.288 I/Gecko   (   84): 1398656714305	Marionette	INFO	Switched to frame: {"frameValue":null}
04-27 20:45:14.408 I/Gecko   (   84): 1398656714419	Marionette	INFO	sendToClient: {"from":"0","ok":true}, {95f1d91e-0ec0-4f83-8d06-e76f139efc51}, {95f1d91e-0ec0-4f83-8d06-e76f139efc51}
04-27 20:45:14.448 I/Gecko   (   84): 1398656714462	Marionette	DEBUG	Got request: switchToFrame, data: {"to":"0","sessionId":"3-b2g","name":"switchToFrame","parameters":{"id":null,"focus":true}}, id: {3990a3e2-d8b8-4312-b26f-2fa8cccae048}
04-27 20:45:14.518 I/Gecko   (   84): 1398656714536	Marionette	INFO	Switched to frame: {"frameValue":null}
04-27 20:45:14.538 W/WifiHW  (   84): wifi_command: SIGNAL_POLL
04-27 20:45:14.628 I/Gecko   (   84): 1398656714638	Marionette	INFO	sendToClient: {"from":"0","ok":true}, {3990a3e2-d8b8-4312-b26f-2fa8cccae048}, {3990a3e2-d8b8-4312-b26f-2fa8cccae048}
04-27 20:45:14.628 I/Gecko   (   84): 1398656714644	Marionette	DEBUG	Got request: executeWithCallback, data: {"to":"0","sessionId":"3-b2g","name":"executeAsyncScript","parameters":{"specialPowers":false,"scriptTimeout":null,"newSandbox":true,"args":[],"filename":"gaia_test.py","script":"return GaiaApps.displayedApp();","line":66}}, id: {7e90a612-a1eb-46b8-a1c0-a71eefae1d79}
04-27 20:45:14.748 E/GeckoConsole(   84): Content JS LOG at dummy file:392 in GaiaApps.displayedApp: app with origin 'app://homescreen.gaiamobile.org' is displayed
04-27 20:45:14.748 I/Gecko   (   84): 1398656714761	Marionette	INFO	sendToClient: {"from":"0","value":{"frame":{"ELEMENT":"{704d62be-79da-4775-acd1-52ef587494d6}"},"src":"app://homescreen.gaiamobile.org/index.html#rootSun%20Apr%2027%202014%2020:45:14%20GMT-0700%20(UTC)","name":"Homescreen","origin":"app://homescreen.gaiamobile.org"}}, {7e90a612-a1eb-46b8-a1c0-a71eefae1d79}, {7e90a612-a1eb-46b8-a1c0-a71eefae1d79}
04-27 20:45:14.758 I/Gecko   (   84): 1398656714772	Marionette	DEBUG	Got request: switchToFrame, data: {"to":"0","sessionId":"3-b2g","name":"switchToFrame","parameters":{"focus":true,"element":"{704d62be-79da-4775-acd1-52ef587494d6}"}}, id: {299f352c-caaa-44d6-8173-8fba29dafb7e}
04-27 20:45:14.778 I/Gecko   (   84): 1398656714788	Marionette	INFO	Switched to frame: {"frameValue":"{704d62be-79da-4775-acd1-52ef587494d6}"}
04-27 20:45:14.778 I/Gecko   (   84): 1398656714793	Marionette	INFO	trying remote frame 0
04-27 20:45:15.598 V/AudioPolicyManagerBase(   91): startOutput() output 1, stream 1, session 3
04-27 20:45:15.598 V/AudioPolicyManagerBase(   91): changeRefCount() stream 1, count 1
04-27 20:45:15.598 V/AudioPolicyManagerBase(   91): getDeviceForStrategy() from cache strategy 0, device 2
04-27 20:45:15.598 V/AudioPolicyManagerBase(   91): getNewDevice() selected device 2
04-27 20:45:15.598 D/AudioPolicyManagerBase(   91): setOutputDevice() output 1 device 2 delayMs 0
04-27 20:45:15.598 V/AudioPolicyManagerBase(   91): setOutputDevice() setting same device 2 or null device for output 1
04-27 20:45:15.598 E/AudioPolicyManagerBase(   91): checkAndSetVolume stream=1, index=0, output=1, device=2
04-27 20:45:15.598 E/AudioPolicyManagerBase(   91): computeVolume, streamDesc=0x74cbb8
04-27 20:45:15.638 W/AudioFlinger(   91): Thread AudioOut_1 cannot connect to the power manager service
04-27 20:45:15.638 V/AudioPolicyManagerBase(   91): stopOutput() output 1, stream 1, session 3
04-27 20:45:15.638 V/AudioPolicyManagerBase(   91): changeRefCount() stream 1, count 0
04-27 20:45:15.638 V/AudioPolicyManagerBase(   91): getNewDevice() selected device 0
04-27 20:45:15.638 D/AudioPolicyManagerBase(   91): setOutputDevice() output 1 device 0 delayMs 290
04-27 20:45:15.638 V/AudioPolicyManagerBase(   91): setOutputDevice() setting same device 0 or null device for output 1
04-27 20:45:15.648 V/AudioPolicyManagerBase(   91): startOutput() output 1, stream 1, session 3
04-27 20:45:15.648 V/AudioPolicyManagerBase(   91): changeRefCount() stream 1, count 1
04-27 20:45:15.648 V/AudioPolicyManagerBase(   91): getDeviceForStrategy() from cache strategy 0, device 2
04-27 20:45:15.648 V/AudioPolicyManagerBase(   91): getNewDevice() selected device 2
04-27 20:45:15.648 D/AudioPolicyManagerBase(   91): setOutputDevice() output 1 device 2 delayMs 0
04-27 20:45:15.648 V/AudioPolicyManagerBase(   91): setOutputDevice() setting same device 2 or null device for output 1
04-27 20:45:15.648 E/AudioPolicyManagerBase(   91): checkAndSetVolume stream=1, index=0, output=1, device=2
04-27 20:45:15.648 E/AudioPolicyManagerBase(   91): computeVolume, streamDesc=0x74cbb8
04-27 20:45:15.648 V/AudioPolicyManagerBase(   91): stopOutput() output 1, stream 1, session 3
04-27 20:45:15.648 V/AudioPolicyManagerBase(   91): changeRefCount() stream 1, count 0
04-27 20:45:15.648 V/AudioPolicyManagerBase(   91): getNewDevice() selected device 0
04-27 20:45:15.648 D/AudioPolicyManagerBase(   91): setOutputDevice() output 1 device 0 delayMs 290
04-27 20:45:15.648 V/AudioPolicyManagerBase(   91): setOutputDevice() setting same device 0 or null device for output 1
04-27 20:45:15.658 V/AudioPolicyManagerBase(   91): releaseOutput() 1
04-27 20:45:15.788 I/Gecko   (   84): 1398656715801	Marionette	INFO	sendToClient: {"from":"0","ok":true}, {299f352c-caaa-44d6-8173-8fba29dafb7e}, {299f352c-caaa-44d6-8173-8fba29dafb7e}
04-27 20:45:15.798 I/Gecko   (   84): 1398656715814	Marionette	DEBUG	Got request: execute, data: {"to":"0","sessionId":"3-b2g","name":"executeScript","parameters":{"specialPowers":false,"scriptTimeout":null,"newSandbox":true,"args":[],"filename":"gaia_test.py","script":"return window.wrappedJSObject.GridManager.pageHelper.getCurrentPageNumber();","line":784}}, id: {d75b9746-271b-4280-87af-ed6cbd1494d5}
04-27 20:45:16.058 I/Gecko   (   84): 1398656716074	Marionette	INFO	sendToClient: {"from":"0","value":0}, {d75b9746-271b-4280-87af-ed6cbd1494d5}, {d75b9746-271b-4280-87af-ed6cbd1494d5}
04-27 20:45:16.378 I/Gecko   (   84): 1398656716397	Marionette	INFO	sendToClient: {"from":"0","value":["{1bda77db-4f33-4e02-8daf-2dac6b9e77ef}","{4497c6fb-e64e-49a5-8ecd-41267e721bb5}","{553fae12-3288-43bc-a366-fb56a97ffec7}","{91e96063-45a7-44b6-8a11-006d8af2e82b}","{5b46cc36-909c-4754-babb-882fc76bfd85}","{9b28d62d-264b-4874-9589-0f45b64e0e37}","{13ab90ee-6e84-47a8-8efe-0a4b39c08a0c}","{ab95b310-d028-44ba-8a8a-62c72b47ea68}","{6641211e-3ca3-4523-bc7a-f431bb247b79}","{fab770e2-eb9a-48f0-81ce-4ef6b366dfde}","{59824184-bd13-4511-9344-87aee8563ee6}","{5703f769-fa83-424b-8f86-a2a50a003c3b}","{4a22d194-ed73-458f-8859-8a4b6d178865}","{8f61c8cb-3767-4035-af74-4cda20c773de}","{81c1ee77-c589-4454-94d0-1f7123aa31f5}","{7d2406be-49a3-4bef-b29b-3d4ae486c6c2}","{d2603708-7462-472f-981a-02d4528b1e9b}","{633309fd-5674-41bd-969d-4fbc34507f0d}","{efdfe1f4-a460-4e7a-856d-678e2c0c75fc}","{5352ef95-edf2-450c-8f26-7c2e4510e1c8}","{a275dec4-62f5-4656-9797-c10c20d64ff1}","{455d39af-7a33-410a-8f3d-19b8cd624088}","{a23c7151-2c32-4d62-b9aa-08265c7ff021}","{b4dd6a2f-e740
04-27 20:45:16.528 I/Gecko   (   84): 1398656716546	Marionette	INFO	sendToClient: {"from":"0","value":"app://homescreen.gaiamobile.org/index.html#rootSun%20Apr%2027%202014%2020:45:14%20GMT-0700%20(UTC)"}, {fa1220d4-21d8-4668-b43f-953956d5afa3}, {fa1220d4-21d8-4668-b43f-953956d5afa3}
04-27 20:45:16.548 I/Gecko   (   84): 1398656716565	Marionette	DEBUG	Got request: switchToFrame, data: {"to":"0","sessionId":"3-b2g","name":"switchToFrame","parameters":{"id":null,"focus":true}}, id: {330979c3-f283-4fab-9270-98cff6d2b2e9}
04-27 20:45:16.578 I/Gecko   (   84): 1398656716589	Marionette	INFO	Switched to frame: {"frameValue":null}
04-27 20:45:16.678 I/Gecko   (   84): 1398656716695	Marionette	INFO	sendToClient: {"from":"0","ok":true}, {330979c3-f283-4fab-9270-98cff6d2b2e9}, {330979c3-f283-4fab-9270-98cff6d2b2e9}
04-27 20:45:16.688 I/Gecko   (   84): 1398656716701	Marionette	DEBUG	Got request: switchToFrame, data: {"to":"0","sessionId":"3-b2g","name":"switchToFrame","parameters":{"id":null,"focus":true}}, id: {8075b1a4-6e2e-49a1-8908-d8008c77f6bc}
04-27 20:45:16.688 I/Gecko   (   84): 1398656716703	Marionette	INFO	Switched to frame: {"frameValue":null}
04-27 20:45:16.788 I/Gecko   (   84): 1398656716805	Marionette	INFO	sendToClient: {"from":"0","ok":true}, {8075b1a4-6e2e-49a1-8908-d8008c77f6bc}, {8075b1a4-6e2e-49a1-8908-d8008c77f6bc}
04-27 20:45:16.798 I/Gecko   (   84): 1398656716811	Marionette	DEBUG	Got request: executeWithCallback, data: {"to":"0","sessionId":"3-b2g","name":"executeAsyncScript","parameters":{"specialPowers":false,"scriptTimeout":30000,"newSandbox":true,"args":[],"filename":"app_checker.py","script":"GaiaApps.launchWithManifestURL('https://marketplace.firefox.com/app/069a35e0-5af3-49e9-bdc7-8f7533f3e419/manifest.webapp')","line":106}}, id: {f50db664-e782-4a04-b16b-b92c4c8d7600}
04-27 20:45:19.688 I/Gonk    (   84): Setting nice for pid 1420 to 18
04-27 20:45:19.688 I/Gonk    (   84): Changed nice for pid 1420 from 18 to 18.
04-27 20:45:19.688 I/Gecko   (   84): [Parent 84] WARNING: waitpid failed pid:1420 errno:10: file ../../../gecko/ipc/chromium/src/base/process_util_posix.cc, line 254
04-27 20:45:19.718 I/Gonk    (   84): Setting nice for pid 1420 to 1
04-27 20:45:19.718 I/Gonk    (   84): Changed nice for pid 1420 from 18 to 1.
04-27 20:45:19.738 E/GeckoConsole(   84): Content JS LOG at dummy file:334 in GaiaApps.launch: launching app with name 'Polish road signs'
04-27 20:45:20.248 W/WifiHW  (   84): wifi_command: SIGNAL_POLL
04-27 20:45:20.548 E/[Gralloc-ERROR](   84): int gralloc_register_buffer(const gralloc_module_t*, const native_handle_t*):79 Unable to register handle 0x4433f0b0 coming from different process: 84
04-27 20:45:20.588 E/[Gralloc-ERROR](   84): int gralloc_register_buffer(const gralloc_module_t*, const native_handle_t*):79 Unable to register handle 0x4433f1a0 coming from different process: 84
04-27 20:45:20.668 E/[Gralloc-ERROR](   84): int gralloc_register_buffer(const gralloc_module_t*, const native_handle_t*):79 Unable to register handle 0x4433f290 coming from different process: 84
04-27 20:45:20.668 E/[Gralloc-ERROR](   84): int gralloc_register_buffer(const gralloc_module_t*, const native_handle_t*):79 Unable to register handle 0x4433f330 coming from different process: 84
04-27 20:45:20.798 D/Sensors (   84): activate handle=0; drv=0
04-27 20:45:20.828 D/Sensors (   84): Lis3dhSensor: Control set 1
04-27 20:45:20.828 D/Sensors (   84): Lis3dhSensor: mEnabled = 1
04-27 20:45:20.868 I/Gonk    (   84): Setting nice for pid 1412 to 18
04-27 20:45:20.868 I/Gonk    (   84): Changed nice for pid 1412 from 1 to 18.
04-27 20:45:21.388 I/Gecko   (   84): 
04-27 20:45:21.388 I/Gecko   (   84): ###!!! [Parent][MessageChannel] Error: Channel error: cannot send/recv
04-27 20:45:21.388 I/Gecko   (   84): 
04-27 20:45:21.488 I/GeckoDump(   84): Crash reporter : Can't fetch app.reportCrashes. Exception: [Exception... "Component returned failure code: 0x8000ffff (NS_ERROR_UNEXPECTED) [nsIPrefBranch.getBoolPref]"  nsresult: "0x8000ffff (NS_ERROR_UNEXPECTED)"  location: "JS frame :: chrome://browser/content/shell.js :: shell_reportCrash :: line 7"  data: no]
04-27 20:45:21.578 I/Gecko   (   84): [Parent 84] WARNING: waitpid failed pid:1412 errno:10: file ../../../gecko/ipc/chromium/src/base/process_util_posix.cc, line 254
04-27 20:45:21.648 I/Gonk    (   84): Setting nice for pid 1525 to 18
04-27 20:45:21.648 I/Gonk    (   84): Changed nice for pid 1525 from 0 to 18.
04-27 20:45:22.638 I/Gecko   ( 1420): ###################################### forms.js loaded
04-27 20:45:22.728 I/Gecko   ( 1420): ############################### browserElementPanning.js loaded
04-27 20:45:22.808 I/Gecko   ( 1420): ######################## BrowserElementChildPreload.js loaded
04-27 20:45:23.578 I/Gecko   (   84): [Parent 84] WARNING: waitpid failed pid:1412 errno:10: file ../../../gecko/ipc/chromium/src/base/process_util_posix.cc, line 254
04-27 20:45:23.578 I/Gecko   (   84): [Parent 84] WARNING: Failed to deliver SIGKILL to 1412!(3).: file ../../../gecko/ipc/chromium/src/chrome/common/process_watcher_posix_sigchld.cc, line 118
04-27 20:45:23.918 I/Gecko   ( 1525): ###################################### forms.js loaded
04-27 20:45:23.988 I/Gecko   ( 1525): ############################### browserElementPanning.js loaded
04-27 20:45:24.038 I/Gecko   ( 1525): ######################## BrowserElementChildPreload.js loaded
04-27 20:45:24.528 E/Profiler(   84): BPUnw: [1 total] thread_unregister_for_profiling(me=0x1ecea8)  (NOT REGISTERED) 
04-27 20:45:25.308 W/WifiHW  (   84): wifi_command: SIGNAL_POLL
04-27 20:45:25.928 I/Gonk    (   84): Setting nice for pid 1525 to 18
04-27 20:45:25.928 I/Gonk    (   84): Changed nice for pid 1525 from 0 to 18.
04-27 20:45:25.928 I/Gecko   (   84): [Parent 84] WARNING: waitpid failed pid:1525 errno:10: file ../../../gecko/ipc/chromium/src/base/process_util_posix.cc, line 254
04-27 20:45:25.928 I/Gonk    (   84): Setting nice for pid 1525 to 1
04-27 20:45:25.928 I/Gonk    (   84): Changed nice for pid 1525 from 18 to 1.
04-27 20:45:25.958 I/Gonk    (   84): Setting nice for pid 1525 to 18
04-27 20:45:25.968 I/Gonk    (   84): Changed nice for pid 1525 from 1 to 18.
04-27 20:45:26.148 E/GeckoConsole(   84): Content JS LOG at dummy file:326 in GaiaApps.launch/appOpen/<: app with origin 'app://{daf23075-1961-4b40-bce6-8454cbb392b1}' has launched
04-27 20:45:26.158 I/Gecko   (   84): 1398656726175	Marionette	INFO	sendToClient: {"from":"0","value":{"frame":{"ELEMENT":"{9ac81a08-7ffb-48ad-a398-3b71f7fe11da}"},"src":"app://{daf23075-1961-4b40-bce6-8454cbb392b1}/index.html","name":"Polish road signs","origin":"app://{daf23075-1961-4b40-bce6-8454cbb392b1}"}}, {f50db664-e782-4a04-b16b-b92c4c8d7600}, {f50db664-e782-4a04-b16b-b92c4c8d7600}
04-27 20:45:26.168 E/[Gralloc-ERROR](   84): int gralloc_unregister_buffer(const gralloc_module_t*, const native_handle_t*):274 Trying to unregister buffer 0x4433f1a0 from process 84 that was not created in current process: 84
04-27 20:45:26.168 E/[Gralloc-ERROR](   84): int gralloc_unregister_buffer(const gralloc_module_t*, const native_handle_t*):274 Trying to unregister buffer 0x4433f0b0 from process 84 that was not created in current process: 84
04-27 20:45:26.168 E/[Gralloc-ERROR](   84): int gralloc_unregister_buffer(const gralloc_module_t*, const native_handle_t*):274 Trying to unregister buffer 0x4433f330 from process 84 that was not created in current process: 84
04-27 20:45:26.168 E/[Gralloc-ERROR](   84): int gralloc_unregister_buffer(const gralloc_module_t*, const native_handle_t*):274 Trying to unregister buffer 0x4433f290 from process 84 that was not created in current process: 84
04-27 20:45:26.178 I/Gecko   (   84): 1398656726195	Marionette	DEBUG	Got request: switchToFrame, data: {"to":"0","sessionId":"3-b2g","name":"switchToFrame","parameters":{"focus":true,"element":"{9ac81a08-7ffb-48ad-a398-3b71f7fe11da}"}}, id: {cb33d5bc-83b9-42da-b2d5-1930b5a37658}
04-27 20:45:26.208 I/Gecko   (   84): 1398656726221	Marionette	INFO	Switched to frame: {"frameValue":"{9ac81a08-7ffb-48ad-a398-3b71f7fe11da}"}
04-27 20:45:26.248 I/Gecko   (   84): 1398656726259	Marionette	INFO	trying remote frame 0
04-27 20:45:26.248 I/Gecko   (   84): 1398656726259	Marionette	INFO	deleting frame
04-27 20:45:26.248 I/Gecko   (   84): 1398656726265	Marionette	INFO	frame-manager load script: [object ChromeMessageSender]
04-27 20:45:26.658 I/Gecko   (   84): 
04-27 20:45:26.658 I/Gecko   (   84): ###!!! [Parent][MessageChannel] Error: Channel error: cannot send/recv
04-27 20:45:26.658 I/Gecko   (   84): 
04-27 20:45:26.718 I/GeckoDump(   84): Crash reporter : Can't fetch app.reportCrashes. Exception: [Exception... "Component returned failure code: 0x8000ffff (NS_ERROR_UNEXPECTED) [nsIPrefBranch.getBoolPref]"  nsresult: "0x8000ffff (NS_ERROR_UNEXPECTED)"  location: "JS frame :: chrome://browser/content/shell.js :: shell_reportCrash :: line 7"  data: no]
04-27 20:45:26.728 I/Gecko   (   84): [Parent 84] WARNING: waitpid failed pid:1525 errno:10: file ../../../gecko/ipc/chromium/src/base/process_util_posix.cc, line 254
04-27 20:45:26.808 I/Gecko   (   84): 1398656726820	Marionette	INFO	sendToClient: {"from":"0","ok":true}, {cb33d5bc-83b9-42da-b2d5-1930b5a37658}, {cb33d5bc-83b9-42da-b2d5-1930b5a37658}
04-27 20:45:26.818 I/Gecko   (   84): 1398656726832	Marionette	INFO	sendToClient: {"from":"0","value":"app://{daf23075-1961-4b40-bce6-8454cbb392b1}/index.html"}, {6ebfe33f-8304-4bea-9203-0410e09c49fd}, {6ebfe33f-8304-4bea-9203-0410e09c49fd}
04-27 20:45:26.828 I/Gecko   (   84): 1398656726838	Marionette	DEBUG	Got request: execute, data: {"to":"0","sessionId":"3-b2g","name":"executeScript","parameters":{"specialPowers":false,"scriptTimeout":null,"newSandbox":true,"args":[],"filename":"app_checker.py","script":"return window.document.readyState;","line":191}}, id: {bf7e93ca-b8e9-4443-bdd7-ce6983656a86}
04-27 20:45:26.858 I/Gecko   (   84): 1398656726874	Marionette	INFO	sendToClient: {"from":"0","value":"complete"}, {bf7e93ca-b8e9-4443-bdd7-ce6983656a86}, {bf7e93ca-b8e9-4443-bdd7-ce6983656a86}
04-27 20:45:26.878 I/Gecko   (   84): 1398656726894	Marionette	INFO	sendToClient: {"from":"0","value":"app://{daf23075-1961-4b40-bce6-8454cbb392b1}/index.html"}, {15f037d8-7896-45db-8048-309045e1bfad}, {15f037d8-7896-45db-8048-309045e1bfad}
04-27 20:45:26.888 I/Gecko   ( 1420): Attempting load of libEGL.so
04-27 20:45:26.958 D/libEGL  ( 1420): loaded /system/lib/egl/libEGL_mali.so
04-27 20:45:27.008 D/libEGL  ( 1420): loaded /system/lib/egl/libGLESv1_CM_mali.so
04-27 20:45:27.018 D/libEGL  ( 1420): loaded /system/lib/egl/libGLESv2_mali.so
04-27 20:45:27.038 I/Gecko   ( 1420): SharedSurface_Gralloc::Create -------
04-27 20:45:27.048 I/Gecko   ( 1420): SharedSurface_Gralloc::Create: success -- surface 0x4411a040, GraphicBuffer 0x44107100.
04-27 20:45:27.868 I/Gecko   (   84): 1398656727867	Marionette	INFO	sendToClient: {"from":"0","value":"iVBORw0KGgoAAAANSUhEUgAAAUAAAAHMCAYAAACk4nEJAAAgAElEQVR4nOxdeXhU1fm+AaQWWaKgRKQ40eAvUwbM5E4gaQJCKgqBgCBKWYxiBRfUijZUVHApttZaC4qipYoVl4IKkopWUStaxACu7GtYDBESsl4XluT9/ZHcO9/5zncnARKGyuV5vofJXc5+3vt+yznHiPfFw5/ohz/gR3xC+Lc/sVbsa/G+eMQnxCOucxzifbX/2+/E++Kd+8q7dtp1v4NJQcQnhP+n6fsT/QgmBZ3f9j07Tfs9+7edf1znOKcM/oAf8T5SLl4ekpZzn+Sn5e1Tn3faycfKXnfNbgPX530u5SHt6fRDINwP9n3aPkrb+NTfvA94O9rlcfoh4EdcXFxtGequB0NBNR/apyR9Wj+7fE5dyLiideL37TSCSUGtHXmZ7TIFQ8Fw+5CxZI8HrewBvzN+lHFLxpLdHlI/0r+HDxuOYCio3mdjJS0jTXuP1of2TaQx6Ixv+hydqyQPZXyw8tB60jrSeSqNXToXpPZQximdy6GgWkY+ZxL9yOyXplzjc5Zej+0Qq7W3gjl1EgwFlfHFy8zbxFAGIRtA0uDlncY7SGlYOin55AmoncTvU8CkZaCDlA8GPnAd8cVr5aL3KJBKg5APMj4Y3TrPNT82qDjIuk0Yf2ItUGnpROhkPuh4nexJ43xcWJn4hOETT0yfgaQCeNKAZxPZbSIoYBkKOm0hAjP/MPn09Pj4ECeMUE5lErH0pbSkPqLjic4h+xntI0HHDBmz9kfL/r8hefI5qNWdtaOdrzbXKU745PahY8D5sNJ+IGOOtoc2ViIBMBkb9li2iRpPh/e7QRuPN6r9RY701aGDPj4hPoz8jCnRgRKfEB+eyMLkpYV3nXwEPLsFuiEpKQmmaXriiSdNLMFgEN0C3fSPAfsQKvhBhM59kRGzjyfFAAcbiN
04-27 20:45:28.118 I/Gecko   (   84): 1398656728137	Marionette	INFO	sendToClient: {"from":"0","ok":true}, {318258de-745b-42f2-9ad3-a4102946be2c}, {318258de-745b-42f2-9ad3-a4102946be2c}
04-27 20:45:28.128 I/Gecko   (   84): 1398656728143	Marionette	DEBUG	Got request: switchToFrame, data: {"to":"0","sessionId":"3-b2g","name":"switchToFrame","parameters":{"id":null,"focus":true}}, id: {93ad4d7d-48f8-4a17-bd0b-61f5d70839c0}
04-27 20:45:28.138 I/Gecko   (   84): 1398656728154	Marionette	INFO	Switched to frame: {"frameValue":null}
04-27 20:45:28.238 I/Gecko   (   84): 1398656728256	Marionette	INFO	sendToClient: {"from":"0","ok":true}, {93ad4d7d-48f8-4a17-bd0b-61f5d70839c0}, {93ad4d7d-48f8-4a17-bd0b-61f5d70839c0}
04-27 20:45:28.248 I/Gecko   (   84): 1398656728262	Marionette	DEBUG	Got request: executeWithCallback, data: {"to":"0","sessionId":"3-b2g","name":"executeAsyncScript","parameters":{"specialPowers":false,"scriptTimeout":null,"newSandbox":true,"args":[],"filename":"gaia_test.py","script":"return GaiaApps.displayedApp();","line":66}}, id: {e3e07bdc-3f72-4d7f-9c58-194b9aeee147}
04-27 20:45:28.338 I/Gecko   (   84): 1398656728352	Marionette	INFO	sendToClient: {"from":"0","value":{"frame":{"ELEMENT":"{9ac81a08-7ffb-48ad-a398-3b71f7fe11da}"},"src":"app://{daf23075-1961-4b40-bce6-8454cbb392b1}/index.html","name":"Polish road signs","origin":"app://{daf23075-1961-4b40-bce6-8454cbb392b1}"}}, {e3e07bdc-3f72-4d7f-9c58-194b9aeee147}, {e3e07bdc-3f72-4d7f-9c58-194b9aeee147}
04-27 20:45:28.348 I/Gecko   (   84): 1398656728358	Marionette	DEBUG	Got request: switchToFrame, data: {"to":"0","sessionId":"3-b2g","name":"switchToFrame","parameters":{"id":null,"focus":true}}, id: {db63f384-fd48-43aa-96cc-77789c5585cb}
04-27 20:45:28.348 I/Gecko   (   84): 1398656728360	Marionette	INFO	Switched to frame: {"frameValue":null}
04-27 20:45:28.348 E/GeckoConsole(   84): Content JS LOG at dummy file:392 in GaiaApps.displayedApp: app with origin 'app://{daf23075-1961-4b40-bce6-8454cbb392b1}' is displayed
04-27 20:45:28.448 I/Gecko   (   84): 1398656728462	Marionette	INFO	sendToClient: {"from":"0","ok":true}, {db63f384-fd48-43aa-96cc-77789c5585cb}, {db63f384-fd48-43aa-96cc-77789c5585cb}
04-27 20:45:28.458 I/Gecko   (   84): 1398656728468	Marionette	DEBUG	Got request: execute, data: {"to":"0","sessionId":"3-b2g","name":"executeScript","parameters":{"specialPowers":false,"scriptTimeout":null,"newSandbox":true,"args":[],"filename":"gaia_test.py","script":"window.wrappedJSObject.dispatchEvent(new Event('home'));","line":788}}, id: {7abfd312-0f52-45d2-ba74-492e8661e1ae}
04-27 20:45:28.578 D/Sensors (   84): activate handle=0; drv=0
04-27 20:45:28.578 D/Sensors (   84): Lis3dhSensor: Control set 0
04-27 20:45:28.578 D/Sensors (   84): Lis3dhSensor: mEnabled = 0
04-27 20:45:28.728 I/Gonk    (   84): Setting nice for pid 1552 to 18
04-27 20:45:28.728 I/Gonk    (   84): Changed nice for pid 1552 from 0 to 18.
04-27 20:45:28.728 I/Gecko   (   84): [Parent 84] WARNING: waitpid failed pid:1525 errno:10: file ../../../gecko/ipc/chromium/src/base/process_util_posix.cc, line 254
04-27 20:45:28.728 I/Gecko   (   84): [Parent 84] WARNING: Failed to deliver SIGKILL to 1525!(3).: file ../../../gecko/ipc/chromium/src/chrome/common/process_watcher_posix_sigchld.cc, line 118
04-27 20:45:28.748 I/Gecko   (   84): 1398656728761	Marionette	INFO	sendToClient: {"from":"0","value":null}, {7abfd312-0f52-45d2-ba74-492e8661e1ae}, {7abfd312-0f52-45d2-ba74-492e8661e1ae}
04-27 20:45:28.778 I/Gonk    (   84): Setting nice for pid 1552 to 18
04-27 20:45:28.778 I/Gonk    (   84): Changed nice for pid 1552 from 18 to 18.
04-27 20:45:28.778 I/Gecko   (   84): [Parent 84] WARNING: waitpid failed pid:1552 errno:10: file ../../../gecko/ipc/chromium/src/base/process_util_posix.cc, line 254
04-27 20:45:28.778 I/Gonk    (   84): Setting nice for pid 1552 to 1
04-27 20:45:28.778 I/Gonk    (   84): Changed nice for pid 1552 from 18 to 1.
04-27 20:45:28.788 I/Gecko   (   84): 1398656728805	Marionette	DEBUG	Got request: switchToFrame, data: {"to":"0","sessionId":"3-b2g","name":"switchToFrame","parameters":{"id":null,"focus":true}}, id: {b2037a0d-79ee-49b6-af31-af0fc63b67d8}
04-27 20:45:28.798 I/Gecko   (   84): 1398656728808	Marionette	INFO	Switched to frame: {"frameValue":null}
04-27 20:45:28.898 I/Gecko   (   84): 1398656728911	Marionette	INFO	sendToClient: {"from":"0","ok":true}, {b2037a0d-79ee-49b6-af31-af0fc63b67d8}, {b2037a0d-79ee-49b6-af31-af0fc63b67d8}
04-27 20:45:28.898 I/Gecko   (   84): 1398656728917	Marionette	DEBUG	Got request: executeWithCallback, data: {"to":"0","sessionId":"3-b2g","name":"executeAsyncScript","parameters":{"specialPowers":false,"scriptTimeout":null,"newSandbox":true,"args":[],"filename":"gaia_test.py","script":"return GaiaApps.displayedApp();","line":66}}, id: {1b230fa3-8dc9-45cf-a9bd-cd70a62fdd65}
04-27 20:45:28.998 I/Gecko   (   84): 1398656729015	Marionette	INFO	sendToClient: {"from":"0","value":{"frame":{"ELEMENT":"{b0a163c6-796e-4189-89ab-57af15cbba33}"},"src":"app://homescreen.gaiamobile.org/index.html#root","name":"Homescreen","origin":"app://homescreen.gaiamobile.org"}}, {1b230fa3-8dc9-45cf-a9bd-cd70a62fdd65}, {1b230fa3-8dc9-45cf-a9bd-cd70a62fdd65}
04-27 20:45:29.038 E/GeckoConsole(   84): Content JS LOG at dummy file:392 in GaiaApps.displayedApp: app with origin 'app://homescreen.gaiamobile.org' is displayed
04-27 20:45:29.048 I/Gecko   (   84): 1398656729063	Marionette	DEBUG	Got request: switchToFrame, data: {"to":"0","sessionId":"3-b2g","name":"switchToFrame","parameters":{"id":null,"focus":true}}, id: {aea45308-fbda-4443-b020-4d55e311d533}
04-27 20:45:29.048 I/Gecko   (   84): 1398656729065	Marionette	INFO	Switched to frame: {"frameValue":null}
04-27 20:45:29.158 I/Gecko   (   84): 1398656729177	Marionette	INFO	sendToClient: {"from":"0","ok":true}, {aea45308-fbda-4443-b020-4d55e311d533}, {aea45308-fbda-4443-b020-4d55e311d533}
04-27 20:45:29.178 I/Gecko   (   84): 1398656729194	Marionette	DEBUG	Got request: switchToFrame, data: {"to":"0","sessionId":"3-b2g","name":"switchToFrame","parameters":{"id":null,"focus":true}}, id: {aba545d0-ae0a-4e8f-996c-91c617123ddb}
04-27 20:45:29.178 I/Gecko   (   84): 1398656729195	Marionette	INFO	Switched to frame: {"frameValue":null}
04-27 20:45:30.158 I/Gecko   (   84): 1398656730170	Marionette	INFO	sendToClient: {"from":"0","ok":true}, {aba545d0-ae0a-4e8f-996c-91c617123ddb}, {aba545d0-ae0a-4e8f-996c-91c617123ddb}
04-27 20:45:30.178 I/Gonk    (   84): Setting nice for pid 1560 to 18
04-27 20:45:30.188 I/Gonk    (   84): Changed nice for pid 1560 from 0 to 18.
04-27 20:45:30.508 W/WifiHW  (   84): wifi_command: SIGNAL_POLL
04-27 20:45:30.518 I/Gecko   (   84): 1398656730531	Marionette	DEBUG	Got request: executeWithCallback, data: {"to":"0","sessionId":"3-b2g","name":"executeAsyncScript","parameters":{"specialPowers":false,"scriptTimeout":null,"newSandbox":true,"args":[],"filename":"gaia_test.py","script":"return GaiaApps.displayedApp();","line":66}}, id: {730fba32-6c17-4f19-aede-72d8152fd1a2}
04-27 20:45:30.828 I/Gecko   (   84): 1398656730843	Marionette	INFO	sendToClient: {"from":"0","value":{"frame":{"ELEMENT":"{b0a163c6-796e-4189-89ab-57af15cbba33}"},"src":"app://homescreen.gaiamobile.org/index.html#root","name":"Homescreen","origin":"app://homescreen.gaiamobile.org"}}, {730fba32-6c17-4f19-aede-72d8152fd1a2}, {730fba32-6c17-4f19-aede-72d8152fd1a2}
04-27 20:45:30.828 E/GeckoConsole(   84): Content JS LOG at dummy file:392 in GaiaApps.displayedApp: app with origin 'app://homescreen.gaiamobile.org' is displayed
04-27 20:45:30.848 I/Gonk    (   84): Setting nice for pid 1420 to 18
04-27 20:45:30.848 I/Gonk    (   84): Changed nice for pid 1420 from 1 to 18.
04-27 20:45:30.878 I/Gecko   (   84): 1398656730888	Marionette	DEBUG	Got request: switchToFrame, data: {"to":"0","sessionId":"3-b2g","name":"switchToFrame","parameters":{"focus":true,"element":"{b0a163c6-796e-4189-89ab-57af15cbba33}"}}, id: {65ddca91-5712-481b-8816-207e236632d5}
04-27 20:45:30.888 I/Gecko   (   84): 1398656730906	Marionette	INFO	Switched to frame: {"frameValue":"{b0a163c6-796e-4189-89ab-57af15cbba33}"}
04-27 20:45:30.898 I/Gecko   (   84): 1398656730913	Marionette	INFO	trying remote frame 0
04-27 20:45:30.898 I/Gecko   (   84): 1398656730914	Marionette	INFO	deleting frame
04-27 20:45:30.928 I/Gecko   (   84): 1398656730940	Marionette	INFO	frame-manager load script: [object ChromeMessageSender]
04-27 20:45:32.148 I/Gecko   (   84): 
04-27 20:45:32.148 I/Gecko   (   84): ###!!! [Parent][MessageChannel] Error: Channel error: cannot send/recv
04-27 20:45:32.148 I/Gecko   (   84): 
04-27 20:45:32.208 I/Gecko   ( 1552): ###################################### forms.js loaded
04-27 20:45:32.228 I/GeckoDump(   84): Crash reporter : Can't fetch app.reportCrashes. Exception: [Exception... "Component returned failure code: 0x8000ffff (NS_ERROR_UNEXPECTED) [nsIPrefBranch.getBoolPref]"  nsresult: "0x8000ffff (NS_ERROR_UNEXPECTED)"  location: "JS frame :: chrome://browser/content/shell.js :: shell_reportCrash :: line 7"  data: no]
04-27 20:45:32.228 I/Gecko   (   84): [Parent 84] WARNING: waitpid failed pid:1420 errno:10: file ../../../gecko/ipc/chromium/src/base/process_util_posix.cc, line 254
04-27 20:45:32.248 I/Gecko   ( 1552): ############################### browserElementPanning.js loaded
04-27 20:45:32.288 I/Gecko   ( 1552): ######################## BrowserElementChildPreload.js loaded
04-27 20:45:33.418 I/Gecko   (   84): 1398656733435	Marionette	INFO	sendToClient: {"from":"0","ok":true}, {65ddca91-5712-481b-8816-207e236632d5}, {65ddca91-5712-481b-8816-207e236632d5}
04-27 20:45:34.108 I/Gecko   (   84): 1398656734126	Marionette	INFO	sendToClient: {"from":"0","value":"app://homescreen.gaiamobile.org/index.html#root"}, {450c5c81-64ad-4bba-ac21-044745297307}, {450c5c81-64ad-4bba-ac21-044745297307}
04-27 20:45:34.158 I/Gecko   (   84): 1398656734174	Marionette	DEBUG	Got request: switchToFrame, data: {"to":"0","sessionId":"3-b2g","name":"switchToFrame","parameters":{"id":null,"focus":true}}, id: {5f27a840-486f-4345-9cb2-5226203cb2c6}
04-27 20:45:34.178 I/Gecko   (   84): 1398656734192	Marionette	INFO	Switched to frame: {"frameValue":null}
04-27 20:45:34.228 I/Gecko   (   84): [Parent 84] WARNING: waitpid failed pid:1420 errno:10: file ../../../gecko/ipc/chromium/src/base/process_util_posix.cc, line 254
04-27 20:45:34.228 I/Gecko   (   84): [Parent 84] WARNING: Failed to deliver SIGKILL to 1420!(3).: file ../../../gecko/ipc/chromium/src/chrome/common/process_watcher_posix_sigchld.cc, line 118
04-27 20:45:34.278 I/Gecko   (   84): 1398656734295	Marionette	INFO	sendToClient: {"from":"0","ok":true}, {5f27a840-486f-4345-9cb2-5226203cb2c6}, {5f27a840-486f-4345-9cb2-5226203cb2c6}
04-27 20:45:34.288 I/Gecko   (   84): 1398656734301	Marionette	DEBUG	Got request: switchToFrame, data: {"to":"0","sessionId":"3-b2g","name":"switchToFrame","parameters":{"id":null,"focus":true}}, id: {ead7fd32-9468-402c-b432-3bbeb1405d10}
04-27 20:45:34.288 I/Gecko   (   84): 1398656734302	Marionette	INFO	Switched to frame: {"frameValue":null}
04-27 20:45:34.398 I/Gecko   (   84): 1398656734410	Marionette	INFO	sendToClient: {"from":"0","ok":true}, {ead7fd32-9468-402c-b432-3bbeb1405d10}, {ead7fd32-9468-402c-b432-3bbeb1405d10}
04-27 20:45:34.398 I/Gecko   (   84): 1398656734416	Marionette	DEBUG	Got request: executeWithCallback, data: {"to":"0","sessionId":"3-b2g","name":"executeAsyncScript","parameters":{"specialPowers":false,"scriptTimeout":null,"newSandbox":true,"args":[],"filename":"gaia_test.py","script":"GaiaApps.killAll()","line":91}}, id: {3c0fc2e2-d972-408b-ad9f-2ed931871884}
04-27 20:45:34.468 I/Gecko   (   84): 1398656734482	Marionette	INFO	sendToClient: {"from":"0","value":true}, {3c0fc2e2-d972-408b-ad9f-2ed931871884}, {3c0fc2e2-d972-408b-ad9f-2ed931871884}
04-27 20:45:34.478 I/Gecko   (   84): 1398656734493	Marionette	DEBUG	Got request: switchToFrame, data: {"to":"0","sessionId":"3-b2g","name":"switchToFrame","parameters":{"id":null,"focus":true}}, id: {b4b1ebe6-676b-4177-948f-633bbd50fdb8}
04-27 20:45:34.478 I/Gecko   (   84): 1398656734495	Marionette	INFO	Switched to frame: {"frameValue":null}
04-27 20:45:34.668 I/Gecko   (   84): 1398656734685	Marionette	INFO	sendToClient: {"from":"0","ok":true}, {b4b1ebe6-676b-4177-948f-633bbd50fdb8}, {b4b1ebe6-676b-4177-948f-633bbd50fdb8}
04-27 20:45:34.678 I/Gecko   (   84): 1398656734692	Marionette	DEBUG	Got request: executeWithCallback, data: {"to":"0","sessionId":"3-b2g","name":"executeAsyncScript","parameters":{"specialPowers":false,"scriptTimeout":60000,"newSandbox":true,"args":[],"filename":"app_checker.py","script":"\n        GaiaApps.locateWithManifestURL('https://marketplace.firefox.com/app/069a35e0-5af3-49e9-bdc7-8f7533f3e419/manifest.webapp',\n                                       null,\n                                       function uninstall(app) {\n                                       navigator.mozApps.mgmt.uninstall(app);\n                                       marionetteScriptFinished(true);\n                                       });\n        ","line":129}}, id: {e78b7cd3-da84-44b2-9749-fb979ac2a410}
04-27 20:45:34.718 I/Gecko   (   84): -- webapps.js uninstall https://marketplace.firefox.com/app/069a35e0-5af3-49e9-bdc7-8f7533f3e419/manifest.webapp
04-27 20:45:34.978 I/Gecko   (   84): 1398656734997	Marionette	INFO	sendToClient: {"from":"0","value":true}, {e78b7cd3-da84-44b2-9749-fb979ac2a410}, {e78b7cd3-da84-44b2-9749-fb979ac2a410}