--------- beginning of /dev/log/main
04-26 06:29:47.508 I/Gecko   (   84): 1398518987521	Marionette	INFO	sendToClient: {"from":"0","ok":true}, {9b8aad4d-f731-4318-9729-166cf66b9705}, {9b8aad4d-f731-4318-9729-166cf66b9705}
04-26 06:29:47.648 I/Gecko   (   84): 1398518987666	Marionette	DEBUG	Got request: switchToFrame, data: {"to":"0","sessionId":"3-b2g","name":"switchToFrame","parameters":{"id":null,"focus":true}}, id: {f9f71898-fb2b-45ee-8689-b367d4dce1be}
04-26 06:29:47.668 I/Gecko   (   84): 1398518987680	Marionette	INFO	Switched to frame: {"frameValue":null}
04-26 06:29:47.768 I/Gecko   (   84): 1398518987782	Marionette	INFO	sendToClient: {"from":"0","ok":true}, {f9f71898-fb2b-45ee-8689-b367d4dce1be}, {f9f71898-fb2b-45ee-8689-b367d4dce1be}
04-26 06:29:47.778 I/Gecko   (   84): 1398518987788	Marionette	DEBUG	Got request: executeWithCallback, data: {"to":"0","sessionId":"3-b2g","name":"executeAsyncScript","parameters":{"specialPowers":false,"scriptTimeout":null,"newSandbox":true,"args":[],"filename":"gaia_test.py","script":"return GaiaApps.displayedApp();","line":66}}, id: {ecd950c4-16c3-4fc4-8063-c0bd38d4ced5}
04-26 06:29:47.818 E/GeckoConsole( 2275): Content JS ERROR at app://homescreen.gaiamobile.org/gaia_build_defer_index.js:390 in loadSVConfFileError: Failed parsing singleVariant configuration file [js/singlevariantconf.json]:  [Exception... "File error: Not found"  nsresult: "0x80520012 (NS_ERROR_FILE_NOT_FOUND)"  location: "JS frame :: app://homescreen.gaiamobile.org/gaia_build_defer_index.js :: loadFile :: line 382"  data: no]
04-26 06:29:47.848 E/GeckoConsole(   84): Content JS LOG at dummy file:392 in GaiaApps.displayedApp: app with origin 'app://homescreen.gaiamobile.org' is displayed
04-26 06:29:47.858 I/Gecko   (   84): 1398518987868	Marionette	INFO	sendToClient: {"from":"0","value":{"frame":{"ELEMENT":"{1a5c04c8-960c-40a9-9e6c-1796a3066217}"},"src":"app://homescreen.gaiamobile.org/index.html#root","name":"Homescreen","origin":"app://homescreen.gaiamobile.org"}}, {ecd950c4-16c3-4fc4-8063-c0bd38d4ced5}, {ecd950c4-16c3-4fc4-8063-c0bd38d4ced5}
04-26 06:29:47.868 I/Gecko   (   84): 1398518987887	Marionette	DEBUG	Got request: switchToFrame, data: {"to":"0","sessionId":"3-b2g","name":"switchToFrame","parameters":{"id":null,"focus":true}}, id: {93bcaedf-182a-44fa-a751-bd630cd57bb0}
04-26 06:29:47.878 I/Gecko   (   84): 1398518987889	Marionette	INFO	Switched to frame: {"frameValue":null}
04-26 06:29:47.978 I/Gecko   (   84): 1398518987991	Marionette	INFO	sendToClient: {"from":"0","ok":true}, {93bcaedf-182a-44fa-a751-bd630cd57bb0}, {93bcaedf-182a-44fa-a751-bd630cd57bb0}
04-26 06:29:47.978 I/Gecko   (   84): 1398518987996	Marionette	DEBUG	Got request: switchToFrame, data: {"to":"0","sessionId":"3-b2g","name":"switchToFrame","parameters":{"id":null,"focus":true}}, id: {c4b334ef-f628-4dae-9660-dac0c6a80b25}
04-26 06:29:47.988 I/Gecko   (   84): 1398518988004	Marionette	INFO	Switched to frame: {"frameValue":null}
04-26 06:29:48.198 I/Gecko   (   84): 1398518988211	Marionette	INFO	sendToClient: {"from":"0","ok":true}, {c4b334ef-f628-4dae-9660-dac0c6a80b25}, {c4b334ef-f628-4dae-9660-dac0c6a80b25}
04-26 06:29:48.218 I/Gecko   (   84): 1398518988230	Marionette	DEBUG	Got request: executeWithCallback, data: {"to":"0","sessionId":"3-b2g","name":"executeAsyncScript","parameters":{"specialPowers":false,"scriptTimeout":null,"newSandbox":true,"args":[],"filename":"gaia_test.py","script":"return GaiaApps.displayedApp();","line":66}}, id: {cd3619b2-9755-49de-aa13-1286096c6583}
04-26 06:29:48.288 E/GeckoConsole(   84): Content JS LOG at dummy file:392 in GaiaApps.displayedApp: app with origin 'app://homescreen.gaiamobile.org' is displayed
04-26 06:29:48.288 I/Gecko   (   84): 1398518988302	Marionette	INFO	sendToClient: {"from":"0","value":{"frame":{"ELEMENT":"{1a5c04c8-960c-40a9-9e6c-1796a3066217}"},"src":"app://homescreen.gaiamobile.org/index.html#root","name":"Homescreen","origin":"app://homescreen.gaiamobile.org"}}, {cd3619b2-9755-49de-aa13-1286096c6583}, {cd3619b2-9755-49de-aa13-1286096c6583}
04-26 06:29:48.308 I/Gecko   (   84): 1398518988321	Marionette	DEBUG	Got request: switchToFrame, data: {"to":"0","sessionId":"3-b2g","name":"switchToFrame","parameters":{"focus":true,"element":"{1a5c04c8-960c-40a9-9e6c-1796a3066217}"}}, id: {3832b9e0-83f9-4baa-8370-aaf3f2703472}
04-26 06:29:48.348 I/Gecko   (   84): 1398518988360	Marionette	INFO	Switched to frame: {"frameValue":"{1a5c04c8-960c-40a9-9e6c-1796a3066217}"}
04-26 06:29:48.358 I/Gecko   (   84): 1398518988369	Marionette	INFO	trying remote frame 0
04-26 06:29:48.358 I/Gecko   (   84): 1398518988370	Marionette	INFO	trying remote frame 1
04-26 06:29:48.358 I/Gecko   (   84): 1398518988371	Marionette	INFO	trying remote frame 2
04-26 06:29:48.358 I/Gecko   (   84): 1398518988372	Marionette	INFO	trying remote frame 3
04-26 06:29:48.358 I/Gecko   (   84): 1398518988373	Marionette	INFO	deleting frame
04-26 06:29:48.368 I/Gecko   (   84): 1398518988383	Marionette	INFO	frame-manager load script: [object ChromeMessageSender]
04-26 06:29:48.418 V/AudioPolicyManagerBase(   89): startOutput() output 1, stream 1, session 6
04-26 06:29:48.418 V/AudioPolicyManagerBase(   89): changeRefCount() stream 1, count 1
04-26 06:29:48.418 V/AudioPolicyManagerBase(   89): getDeviceForStrategy() from cache strategy 0, device 2
04-26 06:29:48.418 V/AudioPolicyManagerBase(   89): getNewDevice() selected device 2
04-26 06:29:48.418 D/AudioPolicyManagerBase(   89): setOutputDevice() output 1 device 2 delayMs 0
04-26 06:29:48.418 V/AudioPolicyManagerBase(   89): setOutputDevice() setting same device 2 or null device for output 1
04-26 06:29:48.418 E/AudioPolicyManagerBase(   89): checkAndSetVolume stream=1, index=0, output=1, device=2
04-26 06:29:48.418 E/AudioPolicyManagerBase(   89): computeVolume, streamDesc=0xad9bb8
04-26 06:29:48.428 W/AudioFlinger(   89): Thread AudioOut_1 cannot connect to the power manager service
04-26 06:29:48.438 V/AudioPolicyManagerBase(   89): stopOutput() output 1, stream 1, session 6
04-26 06:29:48.438 V/AudioPolicyManagerBase(   89): changeRefCount() stream 1, count 0
04-26 06:29:48.438 V/AudioPolicyManagerBase(   89): getNewDevice() selected device 0
04-26 06:29:48.438 D/AudioPolicyManagerBase(   89): setOutputDevice() output 1 device 0 delayMs 290
04-26 06:29:48.438 V/AudioPolicyManagerBase(   89): setOutputDevice() setting same device 0 or null device for output 1
04-26 06:29:48.438 V/AudioPolicyManagerBase(   89): releaseOutput() 1
04-26 06:29:48.808 I/Gecko   (   84): 1398518988824	Marionette	INFO	sendToClient: {"from":"0","ok":true}, {3832b9e0-83f9-4baa-8370-aaf3f2703472}, {3832b9e0-83f9-4baa-8370-aaf3f2703472}
04-26 06:29:49.038 I/Gecko   (   84): 1398518989049	Marionette	INFO	sendToClient: {"from":"0","value":{"ELEMENT":"{fd4d3815-9ff1-4814-829a-fa5b649d2fac}"}}, {d3e17aff-4366-4cba-b4f5-b402d2b59fc5}, {d3e17aff-4366-4cba-b4f5-b402d2b59fc5}
04-26 06:29:49.218 E/GeckoConsole( 2275): [JavaScript Warning: "Use of getAttributeNode() is deprecated. Use getAttribute() instead." {file: "chrome://marionette/content/atoms.js" line: 25}]
04-26 06:29:49.218 E/GeckoConsole( 2275): [JavaScript Warning: "Use of attributes' specified attribute is deprecated. It always returns true." {file: "chrome://marionette/content/atoms.js" line: 25}]
04-26 06:29:49.228 I/Gecko   (   84): 1398518989239	Marionette	INFO	sendToClient: {"from":"0","value":"normal"}, {acf66155-e4c7-46fc-a2df-bb6b24c52b30}, {acf66155-e4c7-46fc-a2df-bb6b24c52b30}
04-26 06:29:49.228 I/Gecko   (   84): 1398518989244	Marionette	DEBUG	Got request: switchToFrame, data: {"to":"0","sessionId":"3-b2g","name":"switchToFrame","parameters":{"id":null,"focus":true}}, id: {96fc2b77-b68a-4d73-925c-7fdc6ff5a2e2}
04-26 06:29:49.238 I/Gecko   (   84): 1398518989255	Marionette	INFO	Switched to frame: {"frameValue":null}
04-26 06:29:49.358 I/Gecko   (   84): 1398518989371	Marionette	INFO	sendToClient: {"from":"0","ok":true}, {96fc2b77-b68a-4d73-925c-7fdc6ff5a2e2}, {96fc2b77-b68a-4d73-925c-7fdc6ff5a2e2}
04-26 06:29:49.358 I/Gecko   (   84): 1398518989377	Marionette	DEBUG	Got request: execute, data: {"to":"0","sessionId":"3-b2g","name":"executeScript","parameters":{"specialPowers":false,"scriptTimeout":null,"newSandbox":true,"args":[],"filename":"gaia_test.py","script":"window.wrappedJSObject.dispatchEvent(new Event('home'));","line":788}}, id: {90915f3d-0411-43b3-8439-d035a371f876}
04-26 06:29:49.418 I/Gecko   (   84): 1398518989436	Marionette	INFO	sendToClient: {"from":"0","value":null}, {90915f3d-0411-43b3-8439-d035a371f876}, {90915f3d-0411-43b3-8439-d035a371f876}
04-26 06:29:49.438 I/Gecko   (   84): 1398518989451	Marionette	DEBUG	Got request: switchToFrame, data: {"to":"0","sessionId":"3-b2g","name":"switchToFrame","parameters":{"id":null,"focus":true}}, id: {f8fbf74a-0368-41ab-aedf-f5ce4a1b8b62}
04-26 06:29:49.438 I/Gecko   (   84): 1398518989453	Marionette	INFO	Switched to frame: {"frameValue":null}
04-26 06:29:49.548 I/Gecko   (   84): 1398518989560	Marionette	INFO	sendToClient: {"from":"0","ok":true}, {f8fbf74a-0368-41ab-aedf-f5ce4a1b8b62}, {f8fbf74a-0368-41ab-aedf-f5ce4a1b8b62}
04-26 06:29:49.558 I/Gecko   (   84): 1398518989577	Marionette	DEBUG	Got request: switchToFrame, data: {"to":"0","sessionId":"3-b2g","name":"switchToFrame","parameters":{"id":null,"focus":true}}, id: {e2d656f0-c91f-4698-bd3b-ab8109650022}
04-26 06:29:49.568 I/Gecko   (   84): 1398518989580	Marionette	INFO	Switched to frame: {"frameValue":null}
04-26 06:29:49.678 I/Gecko   (   84): 1398518989690	Marionette	INFO	sendToClient: {"from":"0","ok":true}, {e2d656f0-c91f-4698-bd3b-ab8109650022}, {e2d656f0-c91f-4698-bd3b-ab8109650022}
04-26 06:29:49.678 I/Gecko   (   84): 1398518989696	Marionette	DEBUG	Got request: executeWithCallback, data: {"to":"0","sessionId":"3-b2g","name":"executeAsyncScript","parameters":{"specialPowers":false,"scriptTimeout":null,"newSandbox":true,"args":[],"filename":"gaia_test.py","script":"return GaiaApps.displayedApp();","line":66}}, id: {591c3074-0713-40fe-ad44-9e4865f47fea}
04-26 06:29:49.748 I/Gecko   (   84): 1398518989759	Marionette	INFO	sendToClient: {"from":"0","value":{"frame":{"ELEMENT":"{1a5c04c8-960c-40a9-9e6c-1796a3066217}"},"src":"app://homescreen.gaiamobile.org/index.html#rootSat%20Apr%2026%202014%2006:29:49%20GMT-0700%20(UTC)","name":"Homescreen","origin":"app://homescreen.gaiamobile.org"}}, {591c3074-0713-40fe-ad44-9e4865f47fea}, {591c3074-0713-40fe-ad44-9e4865f47fea}
04-26 06:29:49.748 E/GeckoConsole(   84): Content JS LOG at dummy file:392 in GaiaApps.displayedApp: app with origin 'app://homescreen.gaiamobile.org' is displayed
04-26 06:29:49.758 I/Gecko   (   84): 1398518989774	Marionette	DEBUG	Got request: switchToFrame, data: {"to":"0","sessionId":"3-b2g","name":"switchToFrame","parameters":{"focus":true,"element":"{1a5c04c8-960c-40a9-9e6c-1796a3066217}"}}, id: {15142fce-8400-40d1-98fa-e12acd3c60d1}
04-26 06:29:49.768 I/Gecko   (   84): 1398518989782	Marionette	INFO	Switched to frame: {"frameValue":"{1a5c04c8-960c-40a9-9e6c-1796a3066217}"}
04-26 06:29:49.778 I/Gecko   (   84): 1398518989790	Marionette	INFO	trying remote frame 0
04-26 06:29:49.778 I/Gecko   (   84): 1398518989794	Marionette	INFO	trying remote frame 1
04-26 06:29:49.778 I/Gecko   (   84): 1398518989796	Marionette	INFO	trying remote frame 2
04-26 06:29:49.788 I/Gecko   (   84): 1398518989800	Marionette	INFO	trying remote frame 3
04-26 06:29:50.168 I/Gecko   (   84): 1398518990182	Marionette	INFO	sendToClient: {"from":"0","ok":true}, {15142fce-8400-40d1-98fa-e12acd3c60d1}, {15142fce-8400-40d1-98fa-e12acd3c60d1}
04-26 06:29:50.178 I/Gecko   (   84): 1398518990190	Marionette	DEBUG	Got request: execute, data: {"to":"0","sessionId":"3-b2g","name":"executeScript","parameters":{"specialPowers":false,"scriptTimeout":null,"newSandbox":true,"args":[],"filename":"gaia_test.py","script":"return window.wrappedJSObject.GridManager.pageHelper.getCurrentPageNumber();","line":784}}, id: {ec7ed490-b443-4449-821a-bce87fa13a10}
04-26 06:29:50.318 I/Gecko   (   84): 1398518990329	Marionette	INFO	sendToClient: {"from":"0","value":0}, {ec7ed490-b443-4449-821a-bce87fa13a10}, {ec7ed490-b443-4449-821a-bce87fa13a10}
04-26 06:29:50.368 W/WifiHW  (   84): wifi_command: SIGNAL_POLL
04-26 06:29:50.618 I/Gecko   (   84): 1398518990636	Marionette	INFO	sendToClient: {"from":"0","value":["{556f40d5-45e4-4cb1-a6c3-30f9333ff715}","{6b0ec4f6-aaf1-468b-958a-0b1e42dbee2b}","{070a0f0d-f9ee-4c1c-8479-ff80328830a9}","{b8400062-2203-4ce9-84a1-6add2c6377cd}","{421f6500-4143-4039-9737-5c8355c8e8ee}","{48b2d9b0-3835-4a76-8199-ea3286c61516}","{c9f7e725-a834-4d8d-9409-59b0cee66361}","{0e05d0f2-3c6f-40c3-9014-cf57075134ab}","{bef3d6da-5791-4f97-9f44-fe7db54fd4c7}","{3afb8d3f-c45c-4d29-a2ac-3a8413184542}","{bf4fe5ec-51a1-4341-afcd-21eb5e437176}","{127de472-c612-494a-b323-9764e8672638}","{2ce879d8-9360-45ec-999f-4b99cb3af420}","{1265a576-5c6c-4f82-9c12-ebbf68a7c766}","{fa16221f-ac44-477f-9298-13ef0e5e38c7}","{d0b0ab58-821d-410b-b758-2cb1f0f67261}","{7bddaca0-63e3-4da0-83eb-e2a9bdf4eac6}","{ed86fea4-9ad6-4b1d-8f31-3f4a75aad1c2}","{42810864-dea1-4b5c-ae50-ca18c305a833}","{8d8a6e1c-93f5-4740-a035-07e6205dda00}","{23676e8e-2c55-42f2-8a24-773e8c78dd3d}","{67571813-c09c-4932-b54c-e6a3efa77cfc}","{52a5520c-29b5-4da1-bc02-08493897664f}","{3b8bb06b-7b20
04-26 06:29:51.788 I/Gecko   (   84): 1398518991800	Marionette	INFO	sendToClient: {"from":"0","value":"app://homescreen.gaiamobile.org/index.html#rootSat%20Apr%2026%202014%2006:29:49%20GMT-0700%20(UTC)"}, {b91a2147-20a2-42c8-970d-d6d5135e4b57}, {b91a2147-20a2-42c8-970d-d6d5135e4b57}
04-26 06:29:51.788 I/Gecko   (   84): 1398518991807	Marionette	DEBUG	Got request: switchToFrame, data: {"to":"0","sessionId":"3-b2g","name":"switchToFrame","parameters":{"id":null,"focus":true}}, id: {b433a49b-db39-4f2e-b1fe-e30d54abf459}
04-26 06:29:51.808 I/Gecko   (   84): 1398518991818	Marionette	INFO	Switched to frame: {"frameValue":null}
04-26 06:29:51.918 I/Gecko   (   84): 1398518991935	Marionette	INFO	sendToClient: {"from":"0","ok":true}, {b433a49b-db39-4f2e-b1fe-e30d54abf459}, {b433a49b-db39-4f2e-b1fe-e30d54abf459}
04-26 06:29:51.928 I/Gecko   (   84): 1398518991943	Marionette	DEBUG	Got request: switchToFrame, data: {"to":"0","sessionId":"3-b2g","name":"switchToFrame","parameters":{"id":null,"focus":true}}, id: {b5f833c4-7d32-4269-b26e-7f459386f0ba}
04-26 06:29:51.938 I/Gecko   (   84): 1398518991949	Marionette	INFO	Switched to frame: {"frameValue":null}
04-26 06:29:51.948 E/GeckoConsole( 2275): Content JS WARN at app://homescreen.gaiamobile.org/gaia_build_defer_index.js:184 in isHiddenApp: Unexpected role when checking hidden app: undefined
04-26 06:29:51.948 E/GeckoConsole( 2275): Content JS WARN at app://homescreen.gaiamobile.org/gaia_build_defer_index.js:184 in isHiddenApp: Unexpected role when checking hidden app: undefined
04-26 06:29:51.948 E/GeckoConsole( 2275): Content JS WARN at app://homescreen.gaiamobile.org/gaia_build_defer_index.js:184 in isHiddenApp: Unexpected role when checking hidden app: undefined
04-26 06:29:51.948 E/GeckoConsole( 2275): Content JS WARN at app://homescreen.gaiamobile.org/gaia_build_defer_index.js:184 in isHiddenApp: Unexpected role when checking hidden app: undefined
04-26 06:29:51.948 E/GeckoConsole( 2275): Content JS WARN at app://homescreen.gaiamobile.org/gaia_build_defer_index.js:184 in isHiddenApp: Unexpected role when checking hidden app: undefined
04-26 06:29:51.948 E/GeckoConsole( 2275): Content JS WARN at app://homescreen.gaiamobile.org/gaia_build_defer_index.js:184 in isHiddenApp: Unexpected role when checking hidden app: undefined
04-26 06:29:51.948 E/GeckoConsole( 2275): Content JS WARN at app://homescreen.gaiamobile.org/gaia_build_defer_index.js:184 in isHiddenApp: Unexpected role when checking hidden app: undefined
04-26 06:29:51.948 E/GeckoConsole( 2275): Content JS WARN at app://homescreen.gaiamobile.org/gaia_build_defer_index.js:184 in isHiddenApp: Unexpected role when checking hidden app: undefined
04-26 06:29:51.958 E/GeckoConsole( 2275): Content JS WARN at app://homescreen.gaiamobile.org/gaia_build_defer_index.js:184 in isHiddenApp: Unexpected role when checking hidden app: undefined
04-26 06:29:51.958 E/GeckoConsole( 2275): Content JS WARN at app://homescreen.gaiamobile.org/gaia_build_defer_index.js:184 in isHiddenApp: Unexpected role when checking hidden app: undefined
04-26 06:29:51.958 E/GeckoConsole( 2275): Content JS WARN at app://homescreen.gaiamobile.org/gaia_build_defer_index.js:184 in isHiddenApp: Unexpected role when checking hidden app: undefined
04-26 06:29:51.958 E/GeckoConsole( 2275): Content JS WARN at app://homescreen.gaiamobile.org/gaia_build_defer_index.js:184 in isHiddenApp: Unexpected role when checking hidden app: undefined
04-26 06:29:51.958 E/GeckoConsole( 2275): Content JS WARN at app://homescreen.gaiamobile.org/gaia_build_defer_index.js:184 in isHiddenApp: Unexpected role when checking hidden app: undefined
04-26 06:29:51.958 E/GeckoConsole( 2275): Content JS WARN at app://homescreen.gaiamobile.org/gaia_build_defer_index.js:184 in isHiddenApp: Unexpected role when checking hidden app: undefined
04-26 06:29:51.958 E/GeckoConsole( 2275): Content JS WARN at app://homescreen.gaiamobile.org/gaia_build_defer_index.js:184 in isHiddenApp: Unexpected role when checking hidden app: undefined
04-26 06:29:51.958 E/GeckoConsole( 2275): Content JS WARN at app://homescreen.gaiamobile.org/gaia_build_defer_index.js:184 in isHiddenApp: Unexpected role when checking hidden app: undefined
04-26 06:29:51.958 E/GeckoConsole( 2275): Content JS WARN at app://homescreen.gaiamobile.org/gaia_build_defer_index.js:184 in isHiddenApp: Unexpected role when checking hidden app: undefined
04-26 06:29:51.958 E/GeckoConsole( 2275): Content JS WARN at app://homescreen.gaiamobile.org/gaia_build_defer_index.js:184 in isHiddenApp: Unexpected role when checking hidden app: undefined
04-26 06:29:51.958 E/GeckoConsole( 2275): Content JS WARN at app://homescreen.gaiamobile.org/gaia_build_defer_index.js:184 in isHiddenApp: Unexpected role when checking hidden app: undefined
04-26 06:29:51.958 E/GeckoConsole( 2275): Content JS WARN at app://homescreen.gaiamobile.org/gaia_build_defer_index.js:184 in isHiddenApp: Unexpected role when checking hidden app: undefined
04-26 06:29:51.958 E/GeckoConsole( 2275): Content JS WARN at app://homescreen.gaiamobile.org/gaia_build_defer_index.js:184 in isHiddenApp: Unexpected role when checking hidden app: undefined
04-26 06:29:51.958 E/GeckoConsole( 2275): Content JS WARN at app://homescreen.gaiamobile.org/gaia_build_defer_index.js:184 in isHiddenApp: Unexpected role when checking hidden app: undefined
04-26 06:29:51.968 E/GeckoConsole( 2275): Content JS WARN at app://homescreen.gaiamobile.org/gaia_build_defer_index.js:184 in isHiddenApp: Unexpected role when checking hidden app: undefined
04-26 06:29:51.968 E/GeckoConsole( 2275): Content JS WARN at app://homescreen.gaiamobile.org/gaia_build_defer_index.js:184 in isHiddenApp: Unexpected role when checking hidden app: undefined
04-26 06:29:51.968 E/GeckoConsole( 2275): Content JS WARN at app://homescreen.gaiamobile.org/gaia_build_defer_index.js:184 in isHiddenApp: Unexpected role when checking hidden app: undefined
04-26 06:29:51.968 E/GeckoConsole( 2275): Content JS WARN at app://homescreen.gaiamobile.org/gaia_build_defer_index.js:184 in isHiddenApp: Unexpected role when checking hidden app: undefined
04-26 06:29:51.968 E/GeckoConsole( 2275): Content JS WARN at app://homescreen.gaiamobile.org/gaia_build_defer_index.js:184 in isHiddenApp: Unexpected role when checking hidden app: undefined
04-26 06:29:51.968 E/GeckoConsole( 2275): Content JS WARN at app://homescreen.gaiamobile.org/gaia_build_defer_index.js:184 in isHiddenApp: Unexpected role when checking hidden app: undefined
04-26 06:29:51.968 E/GeckoConsole( 2275): Content JS WARN at app://homescreen.gaiamobile.org/gaia_build_defer_index.js:184 in isHiddenApp: Unexpected role when checking hidden app: undefined
04-26 06:29:51.968 E/GeckoConsole( 2275): Content JS WARN at app://homescreen.gaiamobile.org/gaia_build_defer_index.js:184 in isHiddenApp: Unexpected role when checking hidden app: undefined
04-26 06:29:51.968 E/GeckoConsole( 2275): Content JS WARN at app://homescreen.gaiamobile.org/gaia_build_defer_index.js:184 in isHiddenApp: Unexpected role when checking hidden app: undefined
04-26 06:29:51.968 E/GeckoConsole( 2275): Content JS WARN at app://homescreen.gaiamobile.org/gaia_build_defer_index.js:184 in isHiddenApp: Unexpected role when checking hidden app: undefined
04-26 06:29:52.038 I/Gecko   (   84): 1398518992052	Marionette	INFO	sendToClient: {"from":"0","ok":true}, {b5f833c4-7d32-4269-b26e-7f459386f0ba}, {b5f833c4-7d32-4269-b26e-7f459386f0ba}
04-26 06:29:52.068 I/Gecko   (   84): 1398518992081	Marionette	DEBUG	Got request: executeWithCallback, data: {"to":"0","sessionId":"3-b2g","name":"executeAsyncScript","parameters":{"specialPowers":false,"scriptTimeout":30000,"newSandbox":true,"args":[],"filename":"app_checker.py","script":"GaiaApps.launchWithManifestURL('http://zombiepop.justplaymobile.com/zombiepop.webapp')","line":106}}, id: {ce822894-2542-4799-b1a1-0d378cc2a9ca}
04-26 06:29:52.278 I/Gonk    (   84): Setting nice for pid 2284 to 18
04-26 06:29:52.278 I/Gonk    (   84): Changed nice for pid 2284 from 18 to 18.
04-26 06:29:52.278 I/Gecko   (   84): [Parent 84] WARNING: waitpid failed pid:2284 errno:10: file ../../../gecko/ipc/chromium/src/base/process_util_posix.cc, line 254
04-26 06:29:52.298 I/Gonk    (   84): Setting nice for pid 2284 to 1
04-26 06:29:52.308 I/Gonk    (   84): Changed nice for pid 2284 from 18 to 1.
04-26 06:29:52.378 D/Sensors (   84): activate handle=0; drv=0
04-26 06:29:52.388 D/Sensors (   84): Lis3dhSensor: Control set 1
04-26 06:29:52.388 D/Sensors (   84): Lis3dhSensor: mEnabled = 1
04-26 06:29:52.618 I/InputReader(   84): Reconfiguring input devices.  changes=0x00000004
04-26 06:29:52.618 I/InputReader(   84): Device reconfigured: id=6, name='ms-msg21xx', size 320x480, orientation 1, mode 1, display id 0
04-26 06:29:53.678 E/GeckoConsole(   84): Content JS LOG at dummy file:334 in GaiaApps.launch: launching app with name 'Zombie Pop'
04-26 06:29:53.888 E/[Gralloc-ERROR](   84): int gralloc_register_buffer(const gralloc_module_t*, const native_handle_t*):79 Unable to register handle 0x49e8ac40 coming from different process: 84
04-26 06:29:53.898 E/[Gralloc-ERROR](   84): int gralloc_register_buffer(const gralloc_module_t*, const native_handle_t*):79 Unable to register handle 0x49e8ace0 coming from different process: 84
04-26 06:29:54.188 I/Gonk    (   84): Setting nice for pid 2348 to 18
04-26 06:29:54.188 I/Gonk    (   84): Changed nice for pid 2348 from 0 to 18.
04-26 06:29:54.338 E/[Gralloc-ERROR](   84): int gralloc_unregister_buffer(const gralloc_module_t*, const native_handle_t*):274 Trying to unregister buffer 0x479a3290 from process 84 that was not created in current process: 84
04-26 06:29:54.338 E/[Gralloc-ERROR](   84): int gralloc_unregister_buffer(const gralloc_module_t*, const native_handle_t*):274 Trying to unregister buffer 0x480a3330 from process 84 that was not created in current process: 84
04-26 06:29:54.418 I/Gonk    (   84): Setting nice for pid 2275 to 18
04-26 06:29:54.418 I/Gonk    (   84): Changed nice for pid 2275 from 1 to 18.
04-26 06:29:54.698 I/log     ( 2356): <4>0[ 800.171011] select 2275 (Homescreen), adj 8, size 7601, to kill 
04-26 06:29:55.278 I/Gecko   ( 2284): ###################################### forms.js loaded
04-26 06:29:55.298 I/Gecko   ( 2284): ############################### browserElementPanning.js loaded
04-26 06:29:55.318 I/Gecko   ( 2284): ######################## BrowserElementChildPreload.js loaded
04-26 06:29:55.388 W/WifiHW  (   84): wifi_command: SIGNAL_POLL
04-26 06:29:56.818 E/GeckoConsole( 2284): [JavaScript Warning: "Error in parsing value for 'margin'.  Declaration dropped." {file: "http://zombiepop.justplaymobile.com/" line: 17 column: 20 source: "            margin: none;"}]
04-26 06:29:56.828 E/GeckoConsole( 2284): [JavaScript Warning: "Unknown property 'text-aling'.  Declaration dropped." {file: "http://zombiepop.justplaymobile.com/" line: 62 column: 11 source: "	text-aling: center;"}]
04-26 06:29:56.828 E/GeckoConsole( 2284): [JavaScript Warning: "Unknown property 'align'.  Declaration dropped." {file: "http://zombiepop.justplaymobile.com/" line: 63 column: 6 source: "	align: center;"}]
04-26 06:29:57.078 I/Gecko   (   84): 
04-26 06:29:57.078 I/Gecko   (   84): ###!!! [Parent][MessageChannel] Error: Channel error: cannot send/recv
04-26 06:29:57.078 I/Gecko   (   84): 
04-26 06:29:57.138 I/GeckoDump(   84): Crash reporter : Can't fetch app.reportCrashes. Exception: [Exception... "Component returned failure code: 0x8000ffff (NS_ERROR_UNEXPECTED) [nsIPrefBranch.getBoolPref]"  nsresult: "0x8000ffff (NS_ERROR_UNEXPECTED)"  location: "JS frame :: chrome://browser/content/shell.js :: shell_reportCrash :: line 7"  data: no]
04-26 06:29:57.168 I/Gecko   (   84): [Parent 84] WARNING: waitpid failed pid:2275 errno:10: file ../../../gecko/ipc/chromium/src/base/process_util_posix.cc, line 254
04-26 06:29:58.118 E/GeckoConsole( 2284): [JavaScript Warning: "Error in parsing value for 'margin'.  Declaration dropped." {file: "http://zombiepop.justplaymobile.com/480px.htm" line: 17 column: 9 source: "	margin: none;"}]
04-26 06:29:58.128 E/GeckoConsole( 2284): [JavaScript Warning: "Unknown property '-moz-border-radius'.  Declaration dropped." {file: "http://zombiepop.justplaymobile.com/480px.htm" line: 227 column: 19 source: "	-moz-border-radius: 40px;"}]
04-26 06:29:58.128 E/GeckoConsole( 2284): [JavaScript Warning: "Unknown property '-moz-box-shadow'.  Declaration dropped." {file: "http://zombiepop.justplaymobile.com/480px.htm" line: 231 column: 16 source: "	-moz-box-shadow: 3px 3px 10px 0 #000;"}]
04-26 06:29:58.128 E/GeckoConsole( 2284): [JavaScript Warning: "Unknown property '-moz-border-radius'.  Declaration dropped." {file: "http://zombiepop.justplaymobile.com/480px.htm" line: 251 column: 19 source: "	-moz-border-radius: 40px;"}]
04-26 06:29:58.128 E/GeckoConsole( 2284): [JavaScript Warning: "Unknown property '-moz-box-shadow'.  Declaration dropped." {file: "http://zombiepop.justplaymobile.com/480px.htm" line: 255 column: 16 source: "	-moz-box-shadow: 3px 3px 10px 0 #000;"}]
04-26 06:29:58.498 I/Gonk    (   84): Setting nice for pid 2348 to 18
04-26 06:29:58.498 I/Gonk    (   84): Changed nice for pid 2348 from 18 to 18.
04-26 06:29:58.498 I/Gecko   (   84): [Parent 84] WARNING: waitpid failed pid:2348 errno:10: file ../../../gecko/ipc/chromium/src/base/process_util_posix.cc, line 254
04-26 06:29:58.498 I/Gonk    (   84): Setting nice for pid 2348 to 1
04-26 06:29:58.498 I/Gonk    (   84): Changed nice for pid 2348 from 18 to 1.
04-26 06:29:58.508 I/Gonk    (   84): Setting nice for pid 2348 to 18
04-26 06:29:58.518 I/Gonk    (   84): Changed nice for pid 2348 from 1 to 18.
04-26 06:29:58.718 I/Gecko   (   84): 1398518998733	Marionette	INFO	sendToClient: {"from":"0","value":{"frame":{"ELEMENT":"{ff90c7c2-cb7e-4ff7-81c9-a868353800ec}"},"src":"http://zombiepop.justplaymobile.com/","name":"Zombie Pop","origin":"http://zombiepop.justplaymobile.com"}}, {ce822894-2542-4799-b1a1-0d378cc2a9ca}, {ce822894-2542-4799-b1a1-0d378cc2a9ca}
04-26 06:29:58.728 E/GeckoConsole(   84): Content JS LOG at dummy file:326 in GaiaApps.launch/appOpen/<: app with origin 'http://zombiepop.justplaymobile.com' has launched
04-26 06:29:58.788 I/Gecko   (   84): 1398518998803	Marionette	DEBUG	Got request: switchToFrame, data: {"to":"0","sessionId":"3-b2g","name":"switchToFrame","parameters":{"focus":true,"element":"{ff90c7c2-cb7e-4ff7-81c9-a868353800ec}"}}, id: {3a080ce2-d8a7-4f76-933b-fb343a77c9de}
04-26 06:29:58.798 I/Gecko   (   84): 1398518998815	Marionette	INFO	Switched to frame: {"frameValue":"{ff90c7c2-cb7e-4ff7-81c9-a868353800ec}"}
04-26 06:29:58.818 I/Gecko   (   84): 1398518998830	Marionette	INFO	trying remote frame 0
04-26 06:29:58.818 I/Gecko   (   84): 1398518998831	Marionette	INFO	trying remote frame 1
04-26 06:29:58.818 I/Gecko   (   84): 1398518998832	Marionette	INFO	trying remote frame 2
04-26 06:29:58.818 I/Gecko   (   84): 1398518998833	Marionette	INFO	trying remote frame 3
04-26 06:29:58.818 I/Gecko   (   84): 1398518998834	Marionette	INFO	deleting frame
04-26 06:29:58.828 I/Gecko   (   84): 1398518998839	Marionette	INFO	frame-manager load script: [object ChromeMessageSender]
04-26 06:29:59.168 I/Gecko   (   84): [Parent 84] WARNING: waitpid failed pid:2275 errno:10: file ../../../gecko/ipc/chromium/src/base/process_util_posix.cc, line 254
04-26 06:29:59.168 I/Gecko   (   84): [Parent 84] WARNING: Failed to deliver SIGKILL to 2275!(3).: file ../../../gecko/ipc/chromium/src/chrome/common/process_watcher_posix_sigchld.cc, line 118
04-26 06:29:59.418 I/Gecko   (   84): 1398518999434	Marionette	INFO	sendToClient: {"from":"0","ok":true}, {3a080ce2-d8a7-4f76-933b-fb343a77c9de}, {3a080ce2-d8a7-4f76-933b-fb343a77c9de}
04-26 06:29:59.508 I/Gecko   (   84): 
04-26 06:29:59.508 I/Gecko   (   84): ###!!! [Parent][MessageChannel] Error: Channel error: cannot send/recv
04-26 06:29:59.508 I/Gecko   (   84): 
04-26 06:29:59.528 I/GeckoDump(   84): Crash reporter : Can't fetch app.reportCrashes. Exception: [Exception... "Component returned failure code: 0x8000ffff (NS_ERROR_UNEXPECTED) [nsIPrefBranch.getBoolPref]"  nsresult: "0x8000ffff (NS_ERROR_UNEXPECTED)"  location: "JS frame :: chrome://browser/content/shell.js :: shell_reportCrash :: line 7"  data: no]
04-26 06:29:59.538 I/Gecko   (   84): [Parent 84] WARNING: waitpid failed pid:2348 errno:10: file ../../../gecko/ipc/chromium/src/base/process_util_posix.cc, line 254
04-26 06:29:59.618 I/Gecko   (   84): 1398518999630	Marionette	INFO	sendToClient: {"from":"0","value":"http://zombiepop.justplaymobile.com/"}, {2fa98c42-8925-4f44-8dc4-3ab4a67bcbc8}, {2fa98c42-8925-4f44-8dc4-3ab4a67bcbc8}
04-26 06:29:59.618 I/Gecko   (   84): 1398518999636	Marionette	DEBUG	Got request: execute, data: {"to":"0","sessionId":"3-b2g","name":"executeScript","parameters":{"specialPowers":false,"scriptTimeout":null,"newSandbox":true,"args":[],"filename":"app_checker.py","script":"return window.document.readyState;","line":191}}, id: {9db12514-4842-4f3a-9606-d5f9c31ccf14}
04-26 06:29:59.678 E/GeckoConsole( 2284): [JavaScript Warning: "The character encoding of a framed document was not declared. The document may appear different if viewed without the document framing it." {file: "http://zombiepop.justplaymobile.com/highscores.php" line: 0}]
04-26 06:29:59.688 I/Gecko   (   84): 1398518999698	Marionette	INFO	sendToClient: {"from":"0","value":"complete"}, {9db12514-4842-4f3a-9606-d5f9c31ccf14}, {9db12514-4842-4f3a-9606-d5f9c31ccf14}
04-26 06:29:59.988 I/Gecko   (   84): 1398519000001	Marionette	INFO	sendToClient: {"from":"0","value":"http://zombiepop.justplaymobile.com/"}, {1a60a05f-d2ef-4f2e-bd91-68171d479763}, {1a60a05f-d2ef-4f2e-bd91-68171d479763}
04-26 06:30:00.158 E/GeckoConsole( 2284): Content JS LOG at http://zombiepop.justplaymobile.com/480px.htm:444 in i: init
04-26 06:30:00.158 E/GeckoConsole( 2284): Content JS LOG at http://zombiepop.justplaymobile.com/480px.htm:1062 in aci: update image loading
04-26 06:30:00.288 I/Gecko   ( 2284): Attempting load of libEGL.so
04-26 06:30:00.318 D/libEGL  ( 2284): loaded /system/lib/egl/libEGL_mali.so
04-26 06:30:00.338 D/libEGL  ( 2284): loaded /system/lib/egl/libGLESv1_CM_mali.so
04-26 06:30:00.338 D/libEGL  ( 2284): loaded /system/lib/egl/libGLESv2_mali.so
04-26 06:30:00.388 I/Gecko   ( 2284): SharedSurface_Gralloc::Create -------
04-26 06:30:00.418 W/WifiHW  (   84): wifi_command: SIGNAL_POLL
04-26 06:30:00.438 I/Gecko   ( 2284): SharedSurface_Gralloc::Create: success -- surface 0x44326c00, GraphicBuffer 0x44305880.
04-26 06:30:01.138 I/Gecko   (   84): 1398519001153	Marionette	INFO	sendToClient: {"from":"0","value":"iVBORw0KGgoAAAANSUhEUgAAAeAAAAFACAYAAABkyK97AAAGNUlEQVR4nO3UsQ3AQBDDsNt/6WSLV2EaYK/Kd3cfAPBcHgAAi/IAAFiUBwDAojwAABblAQCwKA8AgEV5AAAsygMAYFEeAACL8gAAWJQHAMCiPAAAFuUBALAoDwCARXkAACzKAwBgUR4AAIvyAABYlAcAwKI8AAAW5QEAsCgPAIBFeQAALMoDAGBRHgAAi/IAAFiUBwDAojwAABblAQCwKA8AgEV5AAAsygMAYFEeAACL8gAAWJQHAMCiPAAAFuUBALAoDwCARXkAACzKAwBgUR4AAIvyAABYlAcAwKI8AAAW5QEAsCgPAIBFeQAALMoDAGBRHgAAi/IAAFiUBwDAojwAABblAQCwKA8AgEV5AAAsygMAYFEeAACL8gAAWJQHAMCiPAAAFuUBALAoDwCARXkAACzKAwBgUR4AAIvyAABYlAcAwKI8AAAW5QEAsCgPAIBFeQAALMoDAGBRHgAAi/IAAFiUBwDAojwAABblAQCwKA8AgEV5AAAsygMAYFEeAACL8gAAWJQHAMCiPAAAFuUBALAoDwCARXkAACzKAwBgUR4AAIvyAABYlAcAwKI8AAAW5QEAsCgPAIBFeQAALMoDAGBRHgAAi/IAAFiUBwDAojwAABblAQCwKA8AgEV5AAAsygMAYFEeAACL8gAAWJQHAMCiPAAAFuUBALAoDwCARXkAACzKAwBgUR4AAIvyAABYlAcAwKI8AAAW5QEAsCgPAIBFeQAALMoDAGBRHgAAi/IAAFiUBwDAojwAABblAQCwKA8AgEV5AAAsygMAYFEeAACL8gAAWJQHAMCiPAAAFuUBALAoDwCARXkAACzKAwBgUR4AAIvyAABYlAcAwKI8AAAW5QEAsCgPAIBFeQAALMoDAGBRHpAzM7Nm9f/H8oCcmZk1q/8/lg
04-26 06:30:01.168 E/GeckoConsole( 2284): Content JS LOG at http://zombiepop.justplaymobile.com/480px.htm:1062 in aci: update image loading
04-26 06:30:01.258 E/GeckoConsole( 2284): Content JS LOG at http://zombiepop.justplaymobile.com/480px.htm:1062 in aci: update image loading
04-26 06:30:01.418 I/Gecko   (   84): 1398519001431	Marionette	INFO	sendToClient: {"from":"0","ok":true}, {e785d6fd-3de8-4b2a-aded-390ea0bb18c0}, {e785d6fd-3de8-4b2a-aded-390ea0bb18c0}
04-26 06:30:01.468 I/Gecko   (   84): 1398519001483	Marionette	DEBUG	Got request: switchToFrame, data: {"to":"0","sessionId":"3-b2g","name":"switchToFrame","parameters":{"id":null,"focus":true}}, id: {c535f9d7-cead-47f5-a614-2b31bd13bfa2}
04-26 06:30:01.488 I/Gecko   (   84): 1398519001498	Marionette	INFO	Switched to frame: {"frameValue":null}
04-26 06:30:01.538 I/Gecko   (   84): [Parent 84] WARNING: waitpid failed pid:2348 errno:10: file ../../../gecko/ipc/chromium/src/base/process_util_posix.cc, line 254
04-26 06:30:01.538 I/Gecko   (   84): [Parent 84] WARNING: Failed to deliver SIGKILL to 2348!(3).: file ../../../gecko/ipc/chromium/src/chrome/common/process_watcher_posix_sigchld.cc, line 118
04-26 06:30:01.588 I/Gecko   (   84): 1398519001602	Marionette	INFO	sendToClient: {"from":"0","ok":true}, {c535f9d7-cead-47f5-a614-2b31bd13bfa2}, {c535f9d7-cead-47f5-a614-2b31bd13bfa2}
04-26 06:30:01.598 I/Gecko   (   84): 1398519001608	Marionette	DEBUG	Got request: executeWithCallback, data: {"to":"0","sessionId":"3-b2g","name":"executeAsyncScript","parameters":{"specialPowers":false,"scriptTimeout":null,"newSandbox":true,"args":[],"filename":"gaia_test.py","script":"return GaiaApps.displayedApp();","line":66}}, id: {ba9f30d7-e40c-433a-a901-3e6da2a25435}
04-26 06:30:01.698 I/Gecko   (   84): 1398519001714	Marionette	INFO	sendToClient: {"from":"0","value":{"frame":{"ELEMENT":"{ff90c7c2-cb7e-4ff7-81c9-a868353800ec}"},"src":"http://zombiepop.justplaymobile.com/","name":"Zombie Pop","origin":"http://zombiepop.justplaymobile.com"}}, {ba9f30d7-e40c-433a-a901-3e6da2a25435}, {ba9f30d7-e40c-433a-a901-3e6da2a25435}
04-26 06:30:01.698 E/GeckoConsole(   84): Content JS LOG at dummy file:392 in GaiaApps.displayedApp: app with origin 'http://zombiepop.justplaymobile.com' is displayed
04-26 06:30:01.708 I/Gecko   (   84): 1398519001723	Marionette	DEBUG	Got request: switchToFrame, data: {"to":"0","sessionId":"3-b2g","name":"switchToFrame","parameters":{"id":null,"focus":true}}, id: {69a1d68a-8b40-4f0b-9779-5d1eadb8d1b6}
04-26 06:30:01.708 I/Gecko   (   84): 1398519001725	Marionette	INFO	Switched to frame: {"frameValue":null}
04-26 06:30:01.808 I/Gecko   (   84): 1398519001827	Marionette	INFO	sendToClient: {"from":"0","ok":true}, {69a1d68a-8b40-4f0b-9779-5d1eadb8d1b6}, {69a1d68a-8b40-4f0b-9779-5d1eadb8d1b6}
04-26 06:30:01.818 I/Gecko   (   84): 1398519001832	Marionette	DEBUG	Got request: execute, data: {"to":"0","sessionId":"3-b2g","name":"executeScript","parameters":{"specialPowers":false,"scriptTimeout":null,"newSandbox":true,"args":[],"filename":"gaia_test.py","script":"window.wrappedJSObject.dispatchEvent(new Event('home'));","line":788}}, id: {56ea7900-f017-4310-a55b-ce9fbcdee9fe}
04-26 06:30:01.978 D/Sensors (   84): activate handle=0; drv=0
04-26 06:30:01.978 D/Sensors (   84): Lis3dhSensor: Control set 0
04-26 06:30:01.978 D/Sensors (   84): Lis3dhSensor: mEnabled = 0
04-26 06:30:02.288 I/InputReader(   84): Reconfiguring input devices.  changes=0x00000004
04-26 06:30:02.288 I/InputReader(   84): Device reconfigured: id=6, name='ms-msg21xx', size 320x480, orientation 0, mode 1, display id 0
04-26 06:30:02.378 E/[Gralloc-ERROR](   84): int gralloc_register_buffer(const gralloc_module_t*, const native_handle_t*):79 Unable to register handle 0x443f31a0 coming from different process: 84
04-26 06:30:02.398 E/[Gralloc-ERROR](   84): int gralloc_register_buffer(const gralloc_module_t*, const native_handle_t*):79 Unable to register handle 0x45e24e20 coming from different process: 84
04-26 06:30:02.498 I/Gonk    (   84): Setting nice for pid 2374 to 18
04-26 06:30:02.498 I/Gonk    (   84): Changed nice for pid 2374 from 0 to 18.
04-26 06:30:02.518 E/[Gralloc-ERROR](   84): int gralloc_unregister_buffer(const gralloc_module_t*, const native_handle_t*):274 Trying to unregister buffer 0x49e8ace0 from process 84 that was not created in current process: 84
04-26 06:30:02.548 I/Gecko   (   84): 1398519002563	Marionette	INFO	sendToClient: {"from":"0","value":null}, {56ea7900-f017-4310-a55b-ce9fbcdee9fe}, {56ea7900-f017-4310-a55b-ce9fbcdee9fe}
04-26 06:30:02.608 E/[Gralloc-ERROR](   84): int gralloc_unregister_buffer(const gralloc_module_t*, const native_handle_t*):274 Trying to unregister buffer 0x49e8ac40 from process 84 that was not created in current process: 84
04-26 06:30:03.208 E/GeckoConsole( 2284): Content JS LOG at http://zombiepop.justplaymobile.com/480px.htm:485 in mp: show screen l
04-26 06:30:03.668 I/Gonk    (   84): Setting nice for pid 2374 to 18
04-26 06:30:03.678 I/Gonk    (   84): Changed nice for pid 2374 from 18 to 18.
04-26 06:30:03.688 I/Gecko   (   84): [Parent 84] WARNING: waitpid failed pid:2374 errno:10: file ../../../gecko/ipc/chromium/src/base/process_util_posix.cc, line 254
04-26 06:30:03.698 I/Gonk    (   84): Setting nice for pid 2374 to 1
04-26 06:30:03.698 I/Gonk    (   84): Changed nice for pid 2374 from 18 to 1.
04-26 06:30:04.258 I/Gecko   (   84): 1398519004268	Marionette	DEBUG	Got request: switchToFrame, data: {"to":"0","sessionId":"3-b2g","name":"switchToFrame","parameters":{"id":null,"focus":true}}, id: {076405ef-ddbb-428e-8cc9-0ff74c2f0fbc}
04-26 06:30:04.318 I/Gecko   (   84): 1398519004332	Marionette	INFO	Switched to frame: {"frameValue":null}
04-26 06:30:04.458 I/Gecko   (   84): 1398519004477	Marionette	INFO	sendToClient: {"from":"0","ok":true}, {076405ef-ddbb-428e-8cc9-0ff74c2f0fbc}, {076405ef-ddbb-428e-8cc9-0ff74c2f0fbc}
04-26 06:30:04.488 I/Gecko   (   84): 1398519004499	Marionette	DEBUG	Got request: executeWithCallback, data: {"to":"0","sessionId":"3-b2g","name":"executeAsyncScript","parameters":{"specialPowers":false,"scriptTimeout":null,"newSandbox":true,"args":[],"filename":"gaia_test.py","script":"return GaiaApps.displayedApp();","line":66}}, id: {042c89ba-fd2b-4538-9012-d13b70ae5d1e}
04-26 06:30:04.628 I/Gecko   (   84): 1398519004641	Marionette	INFO	sendToClient: {"from":"0","value":{"frame":{"ELEMENT":"{103d569d-ad17-41c2-b8c8-f3bbb9ae9719}"},"src":"app://homescreen.gaiamobile.org/index.html#root","name":"Homescreen","origin":"app://homescreen.gaiamobile.org"}}, {042c89ba-fd2b-4538-9012-d13b70ae5d1e}, {042c89ba-fd2b-4538-9012-d13b70ae5d1e}
04-26 06:30:04.628 E/GeckoConsole(   84): Content JS LOG at dummy file:392 in GaiaApps.displayedApp: app with origin 'app://homescreen.gaiamobile.org' is displayed
04-26 06:30:04.658 I/Gecko   (   84): 1398519004671	Marionette	DEBUG	Got request: switchToFrame, data: {"to":"0","sessionId":"3-b2g","name":"switchToFrame","parameters":{"id":null,"focus":true}}, id: {28a4f31a-fa46-409a-a596-7aad97a5e300}
04-26 06:30:04.668 I/Gecko   (   84): 1398519004673	Marionette	INFO	Switched to frame: {"frameValue":null}
04-26 06:30:04.668 I/Gonk    (   84): Setting nice for pid 2284 to 18
04-26 06:30:04.668 I/Gonk    (   84): Changed nice for pid 2284 from 1 to 18.
04-26 06:30:04.768 I/Gecko   (   84): 1398519004787	Marionette	INFO	sendToClient: {"from":"0","ok":true}, {28a4f31a-fa46-409a-a596-7aad97a5e300}, {28a4f31a-fa46-409a-a596-7aad97a5e300}
04-26 06:30:04.808 I/Gecko   (   84): 1398519004822	Marionette	DEBUG	Got request: switchToFrame, data: {"to":"0","sessionId":"3-b2g","name":"switchToFrame","parameters":{"id":null,"focus":true}}, id: {a6c90855-6a69-468c-bf30-1515b6b5d40e}
04-26 06:30:04.808 I/Gecko   (   84): 1398519004825	Marionette	INFO	Switched to frame: {"frameValue":null}
04-26 06:30:04.938 I/Gecko   (   84): 1398519004945	Marionette	INFO	sendToClient: {"from":"0","ok":true}, {a6c90855-6a69-468c-bf30-1515b6b5d40e}, {a6c90855-6a69-468c-bf30-1515b6b5d40e}
04-26 06:30:04.948 I/Gecko   (   84): 1398519004961	Marionette	DEBUG	Got request: executeWithCallback, data: {"to":"0","sessionId":"3-b2g","name":"executeAsyncScript","parameters":{"specialPowers":false,"scriptTimeout":null,"newSandbox":true,"args":[],"filename":"gaia_test.py","script":"return GaiaApps.displayedApp();","line":66}}, id: {c0b28eb2-236c-479d-aed5-69fc6dc18e44}
04-26 06:30:05.008 I/Gecko   (   84): 1398519005024	Marionette	INFO	sendToClient: {"from":"0","value":{"frame":{"ELEMENT":"{103d569d-ad17-41c2-b8c8-f3bbb9ae9719}"},"src":"app://homescreen.gaiamobile.org/index.html#root","name":"Homescreen","origin":"app://homescreen.gaiamobile.org"}}, {c0b28eb2-236c-479d-aed5-69fc6dc18e44}, {c0b28eb2-236c-479d-aed5-69fc6dc18e44}
04-26 06:30:05.018 I/Gecko   (   84): 1398519005032	Marionette	DEBUG	Got request: switchToFrame, data: {"to":"0","sessionId":"3-b2g","name":"switchToFrame","parameters":{"focus":true,"element":"{103d569d-ad17-41c2-b8c8-f3bbb9ae9719}"}}, id: {73935594-2a3a-4af4-bada-06036369906b}
04-26 06:30:05.018 E/GeckoConsole(   84): Content JS LOG at dummy file:392 in GaiaApps.displayedApp: app with origin 'app://homescreen.gaiamobile.org' is displayed
04-26 06:30:05.038 I/Gecko   (   84): 1398519005048	Marionette	INFO	Switched to frame: {"frameValue":"{103d569d-ad17-41c2-b8c8-f3bbb9ae9719}"}
04-26 06:30:05.088 I/Gecko   (   84): 1398519005102	Marionette	INFO	trying remote frame 0
04-26 06:30:05.088 I/Gecko   (   84): 1398519005104	Marionette	INFO	trying remote frame 1
04-26 06:30:05.088 I/Gecko   (   84): 1398519005104	Marionette	INFO	trying remote frame 2
04-26 06:30:05.088 I/Gecko   (   84): 1398519005105	Marionette	INFO	trying remote frame 3
04-26 06:30:05.098 I/Gecko   (   84): 1398519005108	Marionette	INFO	deleting frame
04-26 06:30:05.098 I/Gecko   (   84): 1398519005114	Marionette	INFO	frame-manager load script: [object ChromeMessageSender]
04-26 06:30:05.418 W/WifiHW  (   84): wifi_command: SIGNAL_POLL
04-26 06:30:06.058 I/Gecko   ( 2374): ###################################### forms.js loaded
04-26 06:30:06.108 I/Gecko   ( 2374): ############################### browserElementPanning.js loaded
04-26 06:30:06.128 I/Gecko   ( 2374): ######################## BrowserElementChildPreload.js loaded
04-26 06:30:06.398 I/Gecko   (   84): 
04-26 06:30:06.398 I/Gecko   (   84): ###!!! [Parent][MessageChannel] Error: Channel error: cannot send/recv
04-26 06:30:06.398 I/Gecko   (   84): 
04-26 06:30:06.538 I/GeckoDump(   84): Crash reporter : Can't fetch app.reportCrashes. Exception: [Exception... "Component returned failure code: 0x8000ffff (NS_ERROR_UNEXPECTED) [nsIPrefBranch.getBoolPref]"  nsresult: "0x8000ffff (NS_ERROR_UNEXPECTED)"  location: "JS frame :: chrome://browser/content/shell.js :: shell_reportCrash :: line 7"  data: no]
04-26 06:30:06.548 I/Gecko   (   84): [Parent 84] WARNING: waitpid failed pid:2284 errno:10: file ../../../gecko/ipc/chromium/src/base/process_util_posix.cc, line 254
04-26 06:30:07.208 I/Gecko   (   84): 1398519007223	Marionette	INFO	sendToClient: {"from":"0","ok":true}, {73935594-2a3a-4af4-bada-06036369906b}, {73935594-2a3a-4af4-bada-06036369906b}
04-26 06:30:07.458 I/Gecko   (   84): 1398519007468	Marionette	INFO	sendToClient: {"from":"0","value":"app://homescreen.gaiamobile.org/index.html#root"}, {1017ca90-6f83-4ded-8c0f-151789351e3e}, {1017ca90-6f83-4ded-8c0f-151789351e3e}
04-26 06:30:07.468 I/Gecko   (   84): 1398519007485	Marionette	DEBUG	Got request: switchToFrame, data: {"to":"0","sessionId":"3-b2g","name":"switchToFrame","parameters":{"id":null,"focus":true}}, id: {98cb4930-c630-4f69-8343-301c79e94fcf}
04-26 06:30:07.488 I/Gecko   (   84): 1398519007501	Marionette	INFO	Switched to frame: {"frameValue":null}
04-26 06:30:07.598 I/Gecko   (   84): 1398519007610	Marionette	INFO	sendToClient: {"from":"0","ok":true}, {98cb4930-c630-4f69-8343-301c79e94fcf}, {98cb4930-c630-4f69-8343-301c79e94fcf}
04-26 06:30:07.598 I/Gecko   (   84): 1398519007615	Marionette	DEBUG	Got request: switchToFrame, data: {"to":"0","sessionId":"3-b2g","name":"switchToFrame","parameters":{"id":null,"focus":true}}, id: {7ec48aeb-4118-4da6-a3db-7616b1fbd8a3}
04-26 06:30:07.598 I/Gecko   (   84): 1398519007617	Marionette	INFO	Switched to frame: {"frameValue":null}
04-26 06:30:07.708 I/Gecko   (   84): 1398519007720	Marionette	INFO	sendToClient: {"from":"0","ok":true}, {7ec48aeb-4118-4da6-a3db-7616b1fbd8a3}, {7ec48aeb-4118-4da6-a3db-7616b1fbd8a3}
04-26 06:30:07.708 I/Gecko   (   84): 1398519007726	Marionette	DEBUG	Got request: executeWithCallback, data: {"to":"0","sessionId":"3-b2g","name":"executeAsyncScript","parameters":{"specialPowers":false,"scriptTimeout":null,"newSandbox":true,"args":[],"filename":"gaia_test.py","script":"GaiaApps.killAll()","line":91}}, id: {d1f38142-e282-4e38-be84-b0f0a1c6d8c4}
04-26 06:30:07.758 I/Gecko   (   84): 1398519007771	Marionette	INFO	sendToClient: {"from":"0","value":true}, {d1f38142-e282-4e38-be84-b0f0a1c6d8c4}, {d1f38142-e282-4e38-be84-b0f0a1c6d8c4}
04-26 06:30:07.758 I/Gecko   (   84): 1398519007777	Marionette	DEBUG	Got request: switchToFrame, data: {"to":"0","sessionId":"3-b2g","name":"switchToFrame","parameters":{"id":null,"focus":true}}, id: {72ee96e6-30dc-449d-9633-c98bdc54cd8c}
04-26 06:30:07.768 I/Gecko   (   84): 1398519007779	Marionette	INFO	Switched to frame: {"frameValue":null}
04-26 06:30:07.868 I/Gecko   (   84): 1398519007882	Marionette	INFO	sendToClient: {"from":"0","ok":true}, {72ee96e6-30dc-449d-9633-c98bdc54cd8c}, {72ee96e6-30dc-449d-9633-c98bdc54cd8c}
04-26 06:30:07.888 I/Gecko   (   84): 1398519007899	Marionette	DEBUG	Got request: executeWithCallback, data: {"to":"0","sessionId":"3-b2g","name":"executeAsyncScript","parameters":{"specialPowers":false,"scriptTimeout":60000,"newSandbox":true,"args":[],"filename":"app_checker.py","script":"\n        GaiaApps.locateWithManifestURL('http://zombiepop.justplaymobile.com/zombiepop.webapp',\n                                       null,\n                                       function uninstall(app) {\n                                       navigator.mozApps.mgmt.uninstall(app);\n                                       marionetteScriptFinished(true);\n                                       });\n        ","line":129}}, id: {a284300a-619a-412a-b5f5-477396466df5}
04-26 06:30:07.938 I/Gecko   (   84): -- webapps.js uninstall http://zombiepop.justplaymobile.com/zombiepop.webapp
04-26 06:30:08.388 I/Gecko   (   84): 1398519008402	Marionette	INFO	sendToClient: {"from":"0","value":true}, {a284300a-619a-412a-b5f5-477396466df5}, {a284300a-619a-412a-b5f5-477396466df5}
04-26 06:30:08.548 I/Gecko   (   84): [Parent 84] WARNING: waitpid failed pid:2284 errno:10: file ../../../gecko/ipc/chromium/src/base/process_util_posix.cc, line 254
04-26 06:30:08.548 I/Gecko   (   84): [Parent 84] WARNING: Failed to deliver SIGKILL to 2284!(3).: file ../../../gecko/ipc/chromium/src/chrome/common/process_watcher_posix_sigchld.cc, line 118