--------- beginning of /dev/log/system
04-25 11:55:44.910 I/Vold    (   78): Vold 2.1 (the revenge) firing up
04-25 11:55:44.950 D/Vold    (   78): Volume sdcard state changing -1 (Initializing) -> 0 (No-Media)
04-25 11:55:44.970 D/Vold    (   78): Volume sdcard state changing 0 (No-Media) -> 2 (Pending)
04-25 11:55:45.000 D/Vold    (   78): Volume sdcard state changing 2 (Pending) -> 1 (Idle-Unmounted)
04-25 11:55:50.110 D/VoldCmdListener(   78): volume list
04-25 11:55:50.120 D/VoldCmdListener(   78): volume mount sdcard
04-25 11:55:50.120 I/Vold    (   78): /dev/block/vold/179:1 being considered for volume sdcard
04-25 11:55:50.120 D/Vold    (   78): Volume sdcard state changing 1 (Idle-Unmounted) -> 3 (Checking)
04-25 11:55:50.120 W/Vold    (   78): Skipping fs checks
04-25 11:55:50.170 I/Vold    (   78): Device /dev/block/vold/179:1, target /mnt/sdcard mounted @ /mnt/secure/staging
04-25 11:55:50.180 D/Vold    (   78): Volume sdcard state changing 3 (Checking) -> 4 (Mounted)
--------- beginning of /dev/log/main
04-25 11:55:51.310 I/InputReader(   84): Device reconfigured: id=6, name='ms-msg21xx', size 320x480, orientation 0, mode 1, display id 0
04-25 11:55:51.310 I/InputReader(   84): Device added: id=6, name='ms-msg21xx', sources=0x00001103
04-25 11:55:51.310 I/InputReader(   84): Device added: id=0, name='sprd-keypad', sources=0x00000101
04-25 11:55:51.310 I/InputReader(   84): Device added: id=2, name='headset-keyboard', sources=0x00000101
04-25 11:55:51.480 D/BTWIFIMAC(   96): read_btwifimac_from_modem
04-25 11:55:51.480 D/BTWIFIMAC(   96): read_btwifimac_from_modem modem_fd=7
04-25 11:55:51.480 D/BTWIFIMAC(   96): ===========BT MAC===========
04-25 11:55:51.480 D/BTWIFIMAC(   96): read_btwifimac_from_modem: send 39,1,AT+SNVM=0,401
04-25 11:55:51.480 D/BTWIFIMAC(   96): send_to_modem
04-25 11:55:51.480 D/BTWIFIMAC(   96): recv_from_modem: Waiting modem response ... fd=7
04-25 11:55:51.480 D/SPRDENG (  160): eng_servermodem_comm: use SIM1 /dev/CHNPTY13
04-25 11:55:51.480 D/SPRDENG (  160): AT > AT+SNVM=0,401
04-25 11:55:51.480 D/SPRDENG (  160): 41
04-25 11:55:51.480 D/SPRDENG (  160): 54
04-25 11:55:51.480 D/SPRDENG (  160): 2b
04-25 11:55:51.480 D/SPRDENG (  160): 53
04-25 11:55:51.480 D/SPRDENG (  160): 4e
04-25 11:55:51.480 D/SPRDENG (  160): 56
04-25 11:55:51.480 D/SPRDENG (  160): 4d
04-25 11:55:51.480 D/SPRDENG (  160): 3d
04-25 11:55:51.480 D/SPRDENG (  160): 30
04-25 11:55:51.480 D/SPRDENG (  160): 2c
04-25 11:55:51.480 D/SPRDENG (  160): 34
04-25 11:55:51.480 D/SPRDENG (  160): 30
04-25 11:55:51.480 D/SPRDENG (  160): 31
04-25 11:55:51.480 D/SPRDENG (  160): eng_modem2server: use SIM1 /dev/CHNPTY13
04-25 11:55:51.480 D/SPRDENG (  160): AT < 
04-25 11:55:51.480 D/SPRDENG (  160): +SNVM: 8,FFFFFFFFFFFF2500
04-25 11:55:51.480 D/SPRDENG (  160): 
04-25 11:55:51.480 D/SPRDENG (  160): OK
04-25 11:55:51.480 D/SPRDENG (  160): 
04-25 11:55:51.480 D/BTWIFIMAC(   96): recv_from_modem: Receive 1 Modem Response
04-25 11:55:51.480 D/BTWIFIMAC(   96): read_btwifimac_from_modem: BT timeout=35, response=
04-25 11:55:51.480 D/BTWIFIMAC(   96): +SNVM: 8,FFFFFFFFFFFF2500
04-25 11:55:51.480 D/BTWIFIMAC(   96): 
04-25 11:55:51.480 D/BTWIFIMAC(   96): OK
04-25 11:55:51.480 D/BTWIFIMAC(   96): 
04-25 11:55:51.530 E/eng_rf_nv_update(   91): [set_rf_nvconf]: NV updated flag is 0xA5, don't need to update NV
04-25 11:55:51.530 E/eng_rf_nv_update(   91): [eng_rf_nv_update]: end eng rf nv update!
04-25 11:55:51.530 I/logwrapper(   83): /system/bin/eng_rf_nv_update terminated by exit(0)
04-25 11:55:51.580 D/BTWIFIMAC(   96): get_macaddress: mac address is FF:FF:FF:FF:FF:FF
04-25 11:55:51.580 D/BTWIFIMAC(   96): ===========WIFI MAC===========
04-25 11:55:51.580 D/BTWIFIMAC(   96): read_btwifimac_from_modem: send 39,1,AT+SNVM=0,409
04-25 11:55:51.580 D/BTWIFIMAC(   96): send_to_modem
04-25 11:55:51.580 D/BTWIFIMAC(   96): recv_from_modem: Waiting modem response ... fd=7
04-25 11:55:51.580 D/SPRDENG (  160): eng_servermodem_comm: use SIM1 /dev/CHNPTY13
04-25 11:55:51.580 D/SPRDENG (  160): AT > AT+SNVM=0,409
04-25 11:55:51.580 D/SPRDENG (  160): 41
04-25 11:55:51.580 D/SPRDENG (  160): 54
04-25 11:55:51.580 D/SPRDENG (  160): 2b
04-25 11:55:51.580 D/SPRDENG (  160): 53
04-25 11:55:51.580 D/SPRDENG (  160): 4e
04-25 11:55:51.580 D/SPRDENG (  160): 56
04-25 11:55:51.580 D/SPRDENG (  160): 4d
04-25 11:55:51.580 D/SPRDENG (  160): 3d
04-25 11:55:51.580 D/SPRDENG (  160): 30
04-25 11:55:51.580 D/SPRDENG (  160): 2c
04-25 11:55:51.580 D/SPRDENG (  160): 34
04-25 11:55:51.580 D/SPRDENG (  160): 30
04-25 11:55:51.580 D/SPRDENG (  160): 39
04-25 11:55:51.580 D/SPRDENG (  160): eng_modem2server: use SIM1 /dev/CHNPTY13
04-25 11:55:51.590 D/SPRDENG (  160): AT < 
04-25 11:55:51.590 D/SPRDENG (  160): +SNVM: 20,FFFFFFFFFFFF0000000000000000000000000000
04-25 11:55:51.590 D/SPRDENG (  160): 
04-25 11:55:51.590 D/SPRDENG (  160): OK
04-25 11:55:51.590 D/SPRDENG (  160): 
04-25 11:55:51.590 D/BTWIFIMAC(   96): recv_from_modem: Receive 1 Modem Response
04-25 11:55:51.590 D/BTWIFIMAC(   96): read_btwifimac_from_modem: WIFI timeout=60, response=
04-25 11:55:51.590 D/BTWIFIMAC(   96): +SNVM: 20,FFFFFFFFFFFF0000000000000000000000000000
04-25 11:55:51.590 D/BTWIFIMAC(   96): 
04-25 11:55:51.590 D/BTWIFIMAC(   96): OK
04-25 11:55:51.590 D/BTWIFIMAC(   96): 
04-25 11:55:51.590 D/BTWIFIMAC(   96): get_macaddress: mac address is FF:FF:FF:FF:FF:FF
04-25 11:55:51.590 D/BTWIFIMAC(   96): bt_ok:0 wifi_ok:0 
04-25 11:55:51.590 D/BTWIFIMAC(   96): +mac_rand+
04-25 11:55:51.590 D/BTWIFIMAC(   96): mac_rand: /data/rand_mac.txt exists
04-25 11:55:51.590 D/BTWIFIMAC(   96): mac_rand: read /data/rand_mac.txt 00:65:51:4d:eb:0e;00:df:2e:66:ac:0a
04-25 11:55:51.590 D/BTWIFIMAC(   96): mac_rand: read btmac=00:65:51:4d:eb:0e, wifimac=00:df:2e:66:ac:0a
04-25 11:55:51.590 D/BTWIFIMAC(   96): property ro.mac.wifi=00:df:2e:66:ac:0a, ro.mac.bluetooth=00:65:51:4d:eb:0e
04-25 11:55:51.590 D/BTWIFIMAC(   96): write_mac2file: mac=00:df:2e:66:ac:0a, fd[/data/wifimac.txt]=9
04-25 11:55:51.590 D/BTWIFIMAC(   96): write_mac2file: mac=00:65:51:4d:eb:0e, fd[/data/btmac.txt]=9
04-25 11:55:51.600 D/BTWIFIMAC(   96): begin to run  trout_genpskey
04-25 11:55:51.600 D/BTWIFIMAC(   96): run trout_genpskey, ret=0
04-25 11:55:51.610 D/pskey_bt(  329): set BT mac
04-25 11:55:51.610 D/pskey_bt(  329): main, bt_mac from nv:
04-25 11:55:51.610 D/pskey_bt(  329): get_pskey_from_file
04-25 11:55:51.620 D/pskey_bt(  329): open bt pskey structure file fd=7
04-25 11:55:51.620 D/pskey_bt(  329): buf from pskey file:2048
04-25 11:55:51.620 D/pskey_bt(  329): parser_pskey_info
04-25 11:55:51.620 D/pskey_bt(  329): char:0, 0
04-25 11:55:51.620 D/pskey_bt(  329): get_one_item(data) = 0x0
04-25 11:55:51.620 D/pskey_bt(  329): get_next_u8: here:0
04-25 11:55:51.620 D/pskey_bt(  329): char:1, 1
04-25 11:55:51.620 D/pskey_bt(  329): get_one_item(data) = 0x1
04-25 11:55:51.620 D/pskey_bt(  329): get_next_u8: here:1
04-25 11:55:51.620 D/pskey_bt(  329): char:1, 1
04-25 11:55:51.620 D/pskey_bt(  329): get_one_item(data) = 0x1
04-25 11:55:51.620 D/pskey_bt(  329): get_next_u8: here:1
04-25 11:55:51.630 D/pskey_bt(  329): char:1, 1
04-25 11:55:51.630 D/pskey_bt(  329): get_one_item(data) = 0x1
04-25 11:55:51.630 D/pskey_bt(  329): get_next_u8: here:1
04-25 11:55:51.630 D/pskey_bt(  329): char:0, 0
04-25 11:55:51.630 D/pskey_bt(  329): char:1, 1
04-25 11:55:51.630 D/pskey_bt(  329): char:8, 8
04-25 11:55:51.630 D/pskey_bt(  329): char:C, C
04-25 11:55:51.630 D/pskey_bt(  329): char:B, B
04-25 11:55:51.630 D/pskey_bt(  329): char:A, A
04-25 11:55:51.630 D/pskey_bt(  329): char:8, 8
04-25 11:55:51.630 D/pskey_bt(  329): char:0, 0
04-25 11:55:51.630 D/pskey_bt(  329): get_one_item(data) = 0x18cba80
04-25 11:55:51.630 D/pskey_bt(  329): get_next_u32: here:18cba80
04-25 11:55:51.630 D/pskey_bt(  329): char:1, 1
04-25 11:55:51.630 D/pskey_bt(  329): char:f, f
04-25 11:55:51.630 D/pskey_bt(  329): char:0, 0
04-25 11:55:51.630 D/pskey_bt(  329): char:0, 0
04-25 11:55:51.630 D/pskey_bt(  329): get_one_item(data) = 0x1f00
04-25 11:55:51.630 D/pskey_bt(  329): get_next_u32: here:1f00
04-25 11:55:51.630 D/pskey_bt(  329): char:1, 1
04-25 11:55:51.630 D/pskey_bt(  329): char:E, E
04-25 11:55:51.630 D/pskey_bt(  329): get_one_item(data) = 0x1e
04-25 11:55:51.630 D/pskey_bt(  329): get_next_u32: here:1e
04-25 11:55:51.630 D/pskey_bt(  329): char:7, 7
04-25 11:55:51.630 D/pskey_bt(  329): char:B, B
04-25 11:55:51.630 D/pskey_bt(  329): char:0, 0
04-25 11:55:51.630 D/pskey_bt(  329): char:0, 0
04-25 11:55:51.630 D/pskey_bt(  329): char:7, 7
04-25 11:55:51.630 D/pskey_bt(  329): char:C, C
04-25 11:55:51.630 D/pskey_bt(  329): get_one_item(data) = 0x7b007c
04-25 11:55:51.630 D/pskey_bt(  329): get_next_u32: here:7b007c
04-25 11:55:51.630 D/pskey_bt(  329): char:3, 3
04-25 11:55:51.630 D/pskey_bt(  329): char:7, 7
04-25 11:55:51.630 D/pskey_bt(  329): char:0, 0
04-25 11:55:51.630 D/pskey_bt(  329): char:0, 0
04-25 11:55:51.630 D/pskey_bt(  329): char:7, 7
04-25 11:55:51.630 D/pskey_bt(  329): char:A, A
04-25 11:55:51.630 D/pskey_bt(  329): get_one_item(data) = 0x37007a
04-25 11:55:51.630 D/pskey_bt(  329): get_next_u32: here:37007a
04-25 11:55:51.630 D/pskey_bt(  329): char:3, 3
04-25 11:55:51.630 D/pskey_bt(  329): char:5, 5
04-25 11:55:51.630 D/pskey_bt(  329): char:0, 0
04-25 11:55:51.630 D/pskey_bt(  329): char:0, 0
04-25 11:55:51.630 D/pskey_bt(  329): char:3, 3
04-25 11:55:51.630 D/pskey_bt(  329): char:6, 6
04-25 11:55:51.630 D/pskey_bt(  329): get_one_item(data) = 0x350036
04-25 11:55:51.630 D/pskey_bt(  329): get_next_u32: here:350036
04-25 11:55:51.630 D/pskey_bt(  329): char:2, 2
04-25 11:55:51.630 D/pskey_bt(  329): char:9, 9
04-25 11:55:51.630 D/pskey_bt(  329): char:0, 0
04-25 11:55:51.630 D/pskey_bt(  329): char:0, 0
04-25 11:55:51.630 D/pskey_bt(  329): char:3, 3
04-25 11:55:51.630 D/pskey_bt(  329): char:4, 4
04-25 11:55:51.630 D/pskey_bt(  329): get_one_item(data) = 0x290034
04-25 11:55:51.630 D/pskey_bt(  329): get_next_u32: here:290034
04-25 11:55:51.630 D/pskey_bt(  329): char:0, 0
04-25 11:55:51.630 D/pskey_bt(  329): char:A, A
04-25 11:55:51.630 D/pskey_bt(  329): char:0, 0
04-25 11:55:51.630 D/pskey_bt(  329): char:0, 0
04-25 11:55:51.630 D/pskey_bt(  329): char:2, 2
04-25 11:55:51.630 D/pskey_bt(  329): char:8, 8
04-25 11:55:51.630 D/pskey_bt(  329): get_one_item(data) = 0xa0028
04-25 11:55:51.630 D/pskey_bt(  329): get_next_u32: here:a0028
04-25 11:55:51.630 D/pskey_bt(  329): char:0, 0
04-25 11:55:51.630 D/pskey_bt(  329): char:0, 0
04-25 11:55:51.630 D/pskey_bt(  329): char:0, 0
04-25 11:55:51.630 D/pskey_bt(  329): char:6, 6
04-25 11:55:51.630 D/pskey_bt(  329): char:0, 0
04-25 11:55:51.630 D/pskey_bt(  329): char:0, 0
04-25 11:55:51.630 D/pskey_bt(  329): char:0, 0
04-25 11:55:51.630 D/pskey_bt(  329): char:9, 9
04-25 11:55:51.630 D/pskey_bt(  329): get_one_item(data) = 0x60009
04-25 11:55:51.630 D/pskey_bt(  329): get_next_u32: here:60009
04-25 11:55:51.630 D/pskey_bt(  329): end of buff, str=},
04-25 11:55:51.630 D/pskey_bt(  329): {0x0B,0x0A,0x09, 0x08, 0x07},
04-25 11:55:51.630 D/pskey_bt(  329): {0xFF, 0xFF, 0x8D, 0xFE, 0x9B, 0x3F, 0x79, 0x83,
04-25 11:55:51.630 D/pskey_bt(  329):   0xFF, 0xA7, 0xFF, 0x7F, 0x00, 0xE0, 0xF7, 0x3E},
04-25 11:55:51.630 D/pskey_bt(  329): {0xFF, 0xFF, 0xFF, 0xFF, 0xFF, 0xFF},
04-25 11:55:51.630 D/pskey_bt(  329): 0,
04-25 11:55:51.630 D/pskey_bt(  329): 1,
04-25 11:55:51.630 D/pskey_bt(  329): 5,
04-25 11:55:51.630 D/pskey_bt(  329): 0xE,
04-25 11:55:51.630 D/pskey_bt(  329): 1,
04-25 11:55:51.630 D/pskey_bt(  329): 1,
04-25 11:55:51.630 D/pskey_bt(  329): 0x50000000,
04-25 11:55:51.630 D/pskey_bt(  329): 0x50000150,
04-25 11:55:51.630 D/pskey_bt(  329): 0x50000150,
04-25 11:55:51.630 D/pskey_bt(  329): 0x50000154,
04-25 11:55:51.630 D/pskey_bt(  329): 0xFFFFFFFF,
04-25 11:55:51.630 D/pskey_bt(  329): 0x100,
04-25 11:55:51.630 D/pskey_bt(  329): 0xA0,
04-25 11:55:51.630 D/pskey_bt(  329): 0xDC,
04-25 11:55:51.630 D/pskey_bt(  329): 0x20,
04-25 11:55:51.630 D/pskey_bt(  329): 0x55,
04-25 11:55:51.630 D/pskey_bt(  329): 0x64,
04-25 11:55:51.630 D/pskey_bt(  329): 0,
04-25 11:55:51.630 D/pskey_bt(  329): 0x8,
04-25 11:55:51.630 D/pskey_bt(  329): 0x13C,
04-25 11:55:51.630 D/pskey_bt(  329): 0x2,
04-25 11:55:51.630 D/pskey_bt(  329): 0xD704,
04-25 11:55:51.630 D/pskey_bt(  329): 0x88888888,
04-25 11:55:51.630 D/pskey_bt(  329): 0x6,
04-25 11:55:51.630 D/pskey_bt(  329): 0x0,
04-25 11:55:51.630 D/pskey_bt(  329): {0x0001,0x0000,0x0000,0x0000,0x0000,0x0000,0x0000,0x0000,0x0000
04-25 11:55:51.630 D/pskey_bt(  329): char:0, 0
04-25 11:55:51.630 D/pskey_bt(  329): char:B, B
04-25 11:55:51.630 D/pskey_bt(  329): get_one_item(data) = 0xb
04-25 11:55:51.630 D/pskey_bt(  329): get_next_u32: here:b
04-25 11:55:51.630 D/pskey_bt(  329): char:0, 0
04-25 11:55:51.630 D/pskey_bt(  329): char:A, A
04-25 11:55:51.630 D/pskey_bt(  329): get_one_item(data) = 0xa
04-25 11:55:51.630 D/pskey_bt(  329): get_next_u32: here:a
04-25 11:55:51.630 D/pskey_bt(  329): char:0, 0
04-25 11:55:51.630 D/pskey_bt(  329): char:9, 9
04-25 11:55:51.630 D/pskey_bt(  329): get_one_item(data) = 0x9
04-25 11:55:51.630 D/pskey_bt(  329): get_next_u32: here:9
04-25 11:55:51.630 D/pskey_bt(  329): char:0, 0
04-25 11:55:51.630 D/pskey_bt(  329): char:8, 8
04-25 11:55:51.630 D/pskey_bt(  329): get_one_item(data) = 0x8
04-25 11:55:51.630 D/pskey_bt(  329): get_next_u32: here:8
04-25 11:55:51.630 D/pskey_bt(  329): char:0, 0
04-25 11:55:51.630 D/pskey_bt(  329): char:7, 7
04-25 11:55:51.630 D/pskey_bt(  329): get_one_item(data) = 0x7
04-25 11:55:51.630 D/pskey_bt(  329): get_next_u32: here:7
04-25 11:55:51.630 D/pskey_bt(  329): end of buff, str=},
04-25 11:55:51.630 D/pskey_bt(  329): {0xFF, 0xFF, 0x8D, 0xFE, 0x9B, 0x3F, 0x79, 0x83,
04-25 11:55:51.630 D/pskey_bt(  329):   0xFF, 0xA7, 0xFF, 0x7F, 0x00, 0xE0, 0xF7, 0x3E},
04-25 11:55:51.630 D/pskey_bt(  329): {0xFF, 0xFF, 0xFF, 0xFF, 0xFF, 0xFF},
04-25 11:55:51.630 D/pskey_bt(  329): 0,
04-25 11:55:51.630 D/pskey_bt(  329): 1,
04-25 11:55:51.630 D/pskey_bt(  329): 5,
04-25 11:55:51.630 D/pskey_bt(  329): 0xE,
04-25 11:55:51.630 D/pskey_bt(  329): 1,
04-25 11:55:51.630 D/pskey_bt(  329): 1,
04-25 11:55:51.630 D/pskey_bt(  329): 0x50000000,
04-25 11:55:51.630 D/pskey_bt(  329): 0x50000150,
04-25 11:55:51.630 D/pskey_bt(  329): 0x50000150,
04-25 11:55:51.630 D/pskey_bt(  329): 0x50000154,
04-25 11:55:51.630 D/pskey_bt(  329): 0xFFFFFFFF,
04-25 11:55:51.630 D/pskey_bt(  329): 0x100,
04-25 11:55:51.630 D/pskey_bt(  329): 0xA0,
04-25 11:55:51.630 D/pskey_bt(  329): 0xDC,
04-25 11:55:51.630 D/pskey_bt(  329): 0x20,
04-25 11:55:51.630 D/pskey_bt(  329): 0x55,
04-25 11:55:51.630 D/pskey_bt(  329): 0x64,
04-25 11:55:51.630 D/pskey_bt(  329): 0,
04-25 11:55:51.630 D/pskey_bt(  329): 0x8,
04-25 11:55:51.630 D/pskey_bt(  329): 0x13C,
04-25 11:55:51.630 D/pskey_bt(  329): 0x2,
04-25 11:55:51.630 D/pskey_bt(  329): 0xD704,
04-25 11:55:51.630 D/pskey_bt(  329): 0x88888888,
04-25 11:55:51.630 D/pskey_bt(  329): 0x6,
04-25 11:55:51.630 D/pskey_bt(  329): 0x0,
04-25 11:55:51.630 D/pskey_bt(  329): {0x0001,0x0000,0x0000,0x0000,0x0000,0x0000,0x0000,0x0000,0x0000
04-25 11:55:51.630 D/pskey_bt(  329): char:F, F
04-25 11:55:51.630 D/pskey_bt(  329): char:F, F
04-25 11:55:51.630 D/pskey_bt(  329): get_one_item(data) = 0xff
04-25 11:55:51.630 D/pskey_bt(  329): get_next_u8: here:ff
04-25 11:55:51.630 D/pskey_bt(  329): char:F, F
04-25 11:55:51.630 D/pskey_bt(  329): char:F, F
04-25 11:55:51.630 D/pskey_bt(  329): get_one_item(data) = 0xff
04-25 11:55:51.630 D/pskey_bt(  329): get_next_u8: here:ff
04-25 11:55:51.630 D/pskey_bt(  329): char:8, 8
04-25 11:55:51.630 D/pskey_bt(  329): char:D, D
04-25 11:55:51.630 D/pskey_bt(  329): get_one_item(data) = 0x8d
04-25 11:55:51.630 D/pskey_bt(  329): get_next_u8: here:8d
04-25 11:55:51.630 D/pskey_bt(  329): char:F, F
04-25 11:55:51.630 D/pskey_bt(  329): char:E, E
04-25 11:55:51.630 D/pskey_bt(  329): get_one_item(data) = 0xfe
04-25 11:55:51.630 D/pskey_bt(  329): get_next_u8: here:fe
04-25 11:55:51.630 D/pskey_bt(  329): char:9, 9
04-25 11:55:51.630 D/pskey_bt(  329): char:B, B
04-25 11:55:51.630 D/pskey_bt(  329): get_one_item(data) = 0x9b
04-25 11:55:51.630 D/pskey_bt(  329): get_next_u8: here:9b
04-25 11:55:51.630 D/pskey_bt(  329): char:3, 3
04-25 11:55:51.630 D/pskey_bt(  329): char:F, F
04-25 11:55:51.630 D/pskey_bt(  329): get_one_item(data) = 0x3f
04-25 11:55:51.630 D/pskey_bt(  329): get_next_u8: here:3f
04-25 11:55:51.630 D/pskey_bt(  329): char:7, 7
04-25 11:55:51.630 D/pskey_bt(  329): char:9, 9
04-25 11:55:51.630 D/pskey_bt(  329): get_one_item(data) = 0x79
04-25 11:55:51.630 D/pskey_bt(  329): get_next_u8: here:79
04-25 11:55:51.630 D/pskey_bt(  329): char:8, 8
04-25 11:55:51.630 D/pskey_bt(  329): char:3, 3
04-25 11:55:51.630 D/pskey_bt(  329): get_one_item(data) = 0x83
04-25 11:55:51.630 D/pskey_bt(  329): get_next_u8: here:83
04-25 11:55:51.630 D/pskey_bt(  329): char:F, F
04-25 11:55:51.630 D/pskey_bt(  329): char:F, F
04-25 11:55:51.630 D/pskey_bt(  329): get_one_item(data) = 0xff
04-25 11:55:51.630 D/pskey_bt(  329): get_next_u8: here:ff
04-25 11:55:51.630 D/pskey_bt(  329): char:A, A
04-25 11:55:51.630 D/pskey_bt(  329): char:7, 7
04-25 11:55:51.630 D/pskey_bt(  329): get_one_item(data) = 0xa7
04-25 11:55:51.630 D/pskey_bt(  329): get_next_u8: here:a7
04-25 11:55:51.630 D/pskey_bt(  329): char:F, F
04-25 11:55:51.630 D/pskey_bt(  329): char:F, F
04-25 11:55:51.630 D/pskey_bt(  329): get_one_item(data) = 0xff
04-25 11:55:51.630 D/pskey_bt(  329): get_next_u8: here:ff
04-25 11:55:51.630 D/pskey_bt(  329): char:7, 7
04-25 11:55:51.630 D/pskey_bt(  329): char:F, F
04-25 11:55:51.630 D/pskey_bt(  329): get_one_item(data) = 0x7f
04-25 11:55:51.630 D/pskey_bt(  329): get_next_u8: here:7f
04-25 11:55:51.630 D/pskey_bt(  329): char:0, 0
04-25 11:55:51.630 D/pskey_bt(  329): char:0, 0
04-25 11:55:51.630 D/pskey_bt(  329): get_one_item(data) = 0x0
04-25 11:55:51.630 D/pskey_bt(  329): get_next_u8: here:0
04-25 11:55:51.630 D/pskey_bt(  329): char:E, E
04-25 11:55:51.630 D/pskey_bt(  329): char:0, 0
04-25 11:55:51.630 D/pskey_bt(  329): get_one_item(data) = 0xe0
04-25 11:55:51.630 D/pskey_bt(  329): get_next_u8: here:e0
04-25 11:55:51.630 D/pskey_bt(  329): char:F, F
04-25 11:55:51.630 D/pskey_bt(  329): char:7, 7
04-25 11:55:51.630 D/pskey_bt(  329): get_one_item(data) = 0xf7
04-25 11:55:51.630 D/pskey_bt(  329): get_next_u8: here:f7
04-25 11:55:51.630 D/pskey_bt(  329): char:3, 3
04-25 11:55:51.630 D/pskey_bt(  329): char:E, E
04-25 11:55:51.630 D/pskey_bt(  329): get_one_item(data) = 0x3e
04-25 11:55:51.630 D/pskey_bt(  329): get_next_u8: here:3e
04-25 11:55:51.630 D/pskey_bt(  329): end of buff, str=},
04-25 11:55:51.630 D/pskey_bt(  329): {0xFF, 0xFF, 0xFF, 0xFF, 0xFF, 0xFF},
04-25 11:55:51.630 D/pskey_bt(  329): 0,
04-25 11:55:51.630 D/pskey_bt(  329): 1,
04-25 11:55:51.630 D/pskey_bt(  329): 5,
04-25 11:55:51.630 D/pskey_bt(  329): 0xE,
04-25 11:55:51.630 D/pskey_bt(  329): 1,
04-25 11:55:51.630 D/pskey_bt(  329): 1,
04-25 11:55:51.630 D/pskey_bt(  329): 0x50000000,
04-25 11:55:51.630 D/pskey_bt(  329): 0x50000150,
04-25 11:55:51.630 D/pskey_bt(  329): 0x50000150,
04-25 11:55:51.630 D/pskey_bt(  329): 0x50000154,
04-25 11:55:51.630 D/pskey_bt(  329): 0xFFFFFFFF,
04-25 11:55:51.630 D/pskey_bt(  329): 0x100,
04-25 11:55:51.630 D/pskey_bt(  329): 0xA0,
04-25 11:55:51.630 D/pskey_bt(  329): 0xDC,
04-25 11:55:51.630 D/pskey_bt(  329): 0x20,
04-25 11:55:51.630 D/pskey_bt(  329): 0x55,
04-25 11:55:51.630 D/pskey_bt(  329): 0x64,
04-25 11:55:51.630 D/pskey_bt(  329): 0,
04-25 11:55:51.630 D/pskey_bt(  329): 0x8,
04-25 11:55:51.630 D/pskey_bt(  329): 0x13C,
04-25 11:55:51.630 D/pskey_bt(  329): 0x2,
04-25 11:55:51.630 D/pskey_bt(  329): 0xD704,
04-25 11:55:51.630 D/pskey_bt(  329): 0x88888888,
04-25 11:55:51.630 D/pskey_bt(  329): 0x6,
04-25 11:55:51.630 D/pskey_bt(  329): 0x0,
04-25 11:55:51.630 D/pskey_bt(  329): {0x0001,0x0000,0x0000,0x0000,0x0000,0x0000,0x0000,0x0000,0x0000
04-25 11:55:51.630 D/pskey_bt(  329): char:F, F
04-25 11:55:51.630 D/pskey_bt(  329): char:F, F
04-25 11:55:51.630 D/pskey_bt(  329): get_one_item(data) = 0xff
04-25 11:55:51.630 D/pskey_bt(  329): get_next_u8: here:ff
04-25 11:55:51.630 D/pskey_bt(  329): char:F, F
04-25 11:55:51.630 D/pskey_bt(  329): char:F, F
04-25 11:55:51.630 D/pskey_bt(  329): get_one_item(data) = 0xff
04-25 11:55:51.630 D/pskey_bt(  329): get_next_u8: here:ff
04-25 11:55:51.630 D/pskey_bt(  329): char:F, F
04-25 11:55:51.630 D/pskey_bt(  329): char:F, F
04-25 11:55:51.630 D/pskey_bt(  329): get_one_item(data) = 0xff
04-25 11:55:51.630 D/pskey_bt(  329): get_next_u8: here:ff
04-25 11:55:51.630 D/pskey_bt(  329): char:F, F
04-25 11:55:51.630 D/pskey_bt(  329): char:F, F
04-25 11:55:51.630 D/pskey_bt(  329): get_one_item(data) = 0xff
04-25 11:55:51.630 D/pskey_bt(  329): get_next_u8: here:ff
04-25 11:55:51.630 D/pskey_bt(  329): char:F, F
04-25 11:55:51.630 D/pskey_bt(  329): char:F, F
04-25 11:55:51.630 D/pskey_bt(  329): get_one_item(data) = 0xff
04-25 11:55:51.630 D/pskey_bt(  329): get_next_u8: here:ff
04-25 11:55:51.630 D/pskey_bt(  329): char:F, F
04-25 11:55:51.630 D/pskey_bt(  329): char:F, F
04-25 11:55:51.630 D/pskey_bt(  329): get_one_item(data) = 0xff
04-25 11:55:51.630 D/pskey_bt(  329): get_next_u8: here:ff
04-25 11:55:51.630 D/pskey_bt(  329): end of buff, str=},
04-25 11:55:51.630 D/pskey_bt(  329): 0,
04-25 11:55:51.630 D/pskey_bt(  329): 1,
04-25 11:55:51.630 D/pskey_bt(  329): 5,
04-25 11:55:51.630 D/pskey_bt(  329): 0xE,
04-25 11:55:51.630 D/pskey_bt(  329): 1,
04-25 11:55:51.630 D/pskey_bt(  329): 1,
04-25 11:55:51.630 D/pskey_bt(  329): 0x50000000,
04-25 11:55:51.630 D/pskey_bt(  329): 0x50000150,
04-25 11:55:51.630 D/pskey_bt(  329): 0x50000150,
04-25 11:55:51.630 D/pskey_bt(  329): 0x50000154,
04-25 11:55:51.630 D/pskey_bt(  329): 0xFFFFFFFF,
04-25 11:55:51.630 D/pskey_bt(  329): 0x100,
04-25 11:55:51.630 D/pskey_bt(  329): 0xA0,
04-25 11:55:51.630 D/pskey_bt(  329): 0xDC,
04-25 11:55:51.630 D/pskey_bt(  329): 0x20,
04-25 11:55:51.630 D/pskey_bt(  329): 0x55,
04-25 11:55:51.630 D/pskey_bt(  329): 0x64,
04-25 11:55:51.630 D/pskey_bt(  329): 0,
04-25 11:55:51.630 D/pskey_bt(  329): 0x8,
04-25 11:55:51.630 D/pskey_bt(  329): 0x13C,
04-25 11:55:51.630 D/pskey_bt(  329): 0x2,
04-25 11:55:51.630 D/pskey_bt(  329): 0xD704,
04-25 11:55:51.630 D/pskey_bt(  329): 0x88888888,
04-25 11:55:51.630 D/pskey_bt(  329): 0x6,
04-25 11:55:51.630 D/pskey_bt(  329): 0x0,
04-25 11:55:51.630 D/pskey_bt(  329): {0x0001,0x0000,0x0000,0x0000,0x0000,0x0000,0x0000,0x0000,0x0000
04-25 11:55:51.630 D/pskey_bt(  329): char:0, 0
04-25 11:55:51.630 D/pskey_bt(  329): get_one_item(data) = 0x0
04-25 11:55:51.630 D/pskey_bt(  329): get_next_u8: here:0
04-25 11:55:51.630 D/pskey_bt(  329): char:1, 1
04-25 11:55:51.630 D/pskey_bt(  329): get_one_item(data) = 0x1
04-25 11:55:51.630 D/pskey_bt(  329): get_next_u8: here:1
04-25 11:55:51.630 D/pskey_bt(  329): char:5, 5
04-25 11:55:51.630 D/pskey_bt(  329): get_one_item(data) = 0x5
04-25 11:55:51.630 D/pskey_bt(  329): get_next_u8: here:5
04-25 11:55:51.630 D/pskey_bt(  329): char:E, E
04-25 11:55:51.630 D/pskey_bt(  329): get_one_item(data) = 0xe
04-25 11:55:51.630 D/pskey_bt(  329): get_next_u8: here:e
04-25 11:55:51.630 D/pskey_bt(  329): char:1, 1
04-25 11:55:51.630 D/pskey_bt(  329): get_one_item(data) = 0x1
04-25 11:55:51.630 D/pskey_bt(  329): get_next_u8: here:1
04-25 11:55:51.630 D/pskey_bt(  329): char:1, 1
04-25 11:55:51.630 D/pskey_bt(  329): get_one_item(data) = 0x1
04-25 11:55:51.630 D/pskey_bt(  329): get_next_u8: here:1
04-25 11:55:51.630 D/pskey_bt(  329): char:5, 5
04-25 11:55:51.630 D/pskey_bt(  329): char:0, 0
04-25 11:55:51.630 D/pskey_bt(  329): char:0, 0
04-25 11:55:51.630 D/pskey_bt(  329): char:0, 0
04-25 11:55:51.630 D/pskey_bt(  329): char:0, 0
04-25 11:55:51.630 D/pskey_bt(  329): char:0, 0
04-25 11:55:51.630 D/pskey_bt(  329): char:0, 0
04-25 11:55:51.630 D/pskey_bt(  329): char:0, 0
04-25 11:55:51.630 D/pskey_bt(  329): get_one_item(data) = 0x50000000
04-25 11:55:51.630 D/pskey_bt(  329): get_next_u32: here:50000000
04-25 11:55:51.630 D/pskey_bt(  329): char:5, 5
04-25 11:55:51.630 D/pskey_bt(  329): char:0, 0
04-25 11:55:51.630 D/pskey_bt(  329): char:0, 0
04-25 11:55:51.630 D/pskey_bt(  329): char:0, 0
04-25 11:55:51.630 D/pskey_bt(  329): char:0, 0
04-25 11:55:51.630 D/pskey_bt(  329): char:1, 1
04-25 11:55:51.630 D/pskey_bt(  329): char:5, 5
04-25 11:55:51.630 D/pskey_bt(  329): char:0, 0
04-25 11:55:51.630 D/pskey_bt(  329): get_one_item(data) = 0x50000150
04-25 11:55:51.630 D/pskey_bt(  329): get_next_u32: here:50000150
04-25 11:55:51.630 D/pskey_bt(  329): char:5, 5
04-25 11:55:51.630 D/pskey_bt(  329): char:0, 0
04-25 11:55:51.630 D/pskey_bt(  329): char:0, 0
04-25 11:55:51.630 D/pskey_bt(  329): char:0, 0
04-25 11:55:51.630 D/pskey_bt(  329): char:0, 0
04-25 11:55:51.630 D/pskey_bt(  329): char:1, 1
04-25 11:55:51.630 D/pskey_bt(  329): char:5, 5
04-25 11:55:51.630 D/pskey_bt(  329): char:0, 0
04-25 11:55:51.630 D/pskey_bt(  329): get_one_item(data) = 0x50000150
04-25 11:55:51.630 D/pskey_bt(  329): get_next_u32: here:50000150
04-25 11:55:51.630 D/pskey_bt(  329): char:5, 5
04-25 11:55:51.630 D/pskey_bt(  329): char:0, 0
04-25 11:55:51.630 D/pskey_bt(  329): char:0, 0
04-25 11:55:51.630 D/pskey_bt(  329): char:0, 0
04-25 11:55:51.630 D/pskey_bt(  329): char:0, 0
04-25 11:55:51.630 D/pskey_bt(  329): char:1, 1
04-25 11:55:51.630 D/pskey_bt(  329): char:5, 5
04-25 11:55:51.630 D/pskey_bt(  329): char:4, 4
04-25 11:55:51.630 D/pskey_bt(  329): get_one_item(data) = 0x50000154
04-25 11:55:51.630 D/pskey_bt(  329): get_next_u32: here:50000154
04-25 11:55:51.630 D/pskey_bt(  329): char:F, F
04-25 11:55:51.630 D/pskey_bt(  329): char:F, F
04-25 11:55:51.630 D/pskey_bt(  329): char:F, F
04-25 11:55:51.630 D/pskey_bt(  329): char:F, F
04-25 11:55:51.630 D/pskey_bt(  329): char:F, F
04-25 11:55:51.630 D/pskey_bt(  329): char:F, F
04-25 11:55:51.630 D/pskey_bt(  329): char:F, F
04-25 11:55:51.630 D/pskey_bt(  329): char:F, F
04-25 11:55:51.630 D/pskey_bt(  329): get_one_item(data) = 0xffffffff
04-25 11:55:51.630 D/pskey_bt(  329): get_next_u32: here:ffffffff
04-25 11:55:51.630 D/pskey_bt(  329): char:1, 1
04-25 11:55:51.630 D/pskey_bt(  329): char:0, 0
04-25 11:55:51.630 D/pskey_bt(  329): char:0, 0
04-25 11:55:51.630 D/pskey_bt(  329): get_one_item(data) = 0x100
04-25 11:55:51.630 D/pskey_bt(  329): get_next_u16: here:100
04-25 11:55:51.630 D/pskey_bt(  329): char:A, A
04-25 11:55:51.630 D/pskey_bt(  329): char:0, 0
04-25 11:55:51.630 D/pskey_bt(  329): get_one_item(data) = 0xa0
04-25 11:55:51.630 D/pskey_bt(  329): get_next_u16: here:a0
04-25 11:55:51.630 D/pskey_bt(  329): char:D, D
04-25 11:55:51.630 D/pskey_bt(  329): char:C, C
04-25 11:55:51.630 D/pskey_bt(  329): get_one_item(data) = 0xdc
04-25 11:55:51.630 D/pskey_bt(  329): get_next_u16: here:dc
04-25 11:55:51.630 D/pskey_bt(  329): char:2, 2
04-25 11:55:51.630 D/pskey_bt(  329): char:0, 0
04-25 11:55:51.630 D/pskey_bt(  329): get_one_item(data) = 0x20
04-25 11:55:51.630 D/pskey_bt(  329): get_next_u16: here:20
04-25 11:55:51.630 D/pskey_bt(  329): char:5, 5
04-25 11:55:51.630 D/pskey_bt(  329): char:5, 5
04-25 11:55:51.630 D/pskey_bt(  329): get_one_item(data) = 0x55
04-25 11:55:51.630 D/pskey_bt(  329): get_next_u16: here:55
04-25 11:55:51.630 D/pskey_bt(  329): char:6, 6
04-25 11:55:51.630 D/pskey_bt(  329): char:4, 4
04-25 11:55:51.630 D/pskey_bt(  329): get_one_item(data) = 0x64
04-25 11:55:51.630 D/pskey_bt(  329): get_next_u16: here:64
04-25 11:55:51.630 D/pskey_bt(  329): char:0, 0
04-25 11:55:51.630 D/pskey_bt(  329): get_one_item(data) = 0x0
04-25 11:55:51.630 D/pskey_bt(  329): get_next_u32: here:0
04-25 11:55:51.630 D/pskey_bt(  329): char:8, 8
04-25 11:55:51.630 D/pskey_bt(  329): get_one_item(data) = 0x8
04-25 11:55:51.630 D/pskey_bt(  329): get_next_u16: here:8
04-25 11:55:51.630 D/pskey_bt(  329): char:1, 1
04-25 11:55:51.630 D/pskey_bt(  329): char:3, 3
04-25 11:55:51.630 D/pskey_bt(  329): char:C, C
04-25 11:55:51.630 D/pskey_bt(  329): get_one_item(data) = 0x13c
04-25 11:55:51.630 D/pskey_bt(  329): get_next_u16: here:13c
04-25 11:55:51.630 D/pskey_bt(  329): char:2, 2
04-25 11:55:51.630 D/pskey_bt(  329): get_one_item(data) = 0x2
04-25 11:55:51.630 D/pskey_bt(  329): get_next_u16: here:2
04-25 11:55:51.630 D/pskey_bt(  329): char:D, D
04-25 11:55:51.630 D/pskey_bt(  329): char:7, 7
04-25 11:55:51.630 D/pskey_bt(  329): char:0, 0
04-25 11:55:51.630 D/pskey_bt(  329): char:4, 4
04-25 11:55:51.630 D/pskey_bt(  329): get_one_item(data) = 0xd704
04-25 11:55:51.630 D/pskey_bt(  329): get_next_u16: here:d704
04-25 11:55:51.630 D/pskey_bt(  329): char:8, 8
04-25 11:55:51.630 D/pskey_bt(  329): char:8, 8
04-25 11:55:51.630 D/pskey_bt(  329): char:8, 8
04-25 11:55:51.630 D/pskey_bt(  329): char:8, 8
04-25 11:55:51.630 D/pskey_bt(  329): char:8, 8
04-25 11:55:51.630 D/pskey_bt(  329): char:8, 8
04-25 11:55:51.630 D/pskey_bt(  329): char:8, 8
04-25 11:55:51.630 D/pskey_bt(  329): char:8, 8
04-25 11:55:51.630 D/pskey_bt(  329): get_one_item(data) = 0x88888888
04-25 11:55:51.630 D/pskey_bt(  329): get_next_u32: here:88888888
04-25 11:55:51.630 D/pskey_bt(  329): char:6, 6
04-25 11:55:51.630 D/pskey_bt(  329): get_one_item(data) = 0x6
04-25 11:55:51.630 D/pskey_bt(  329): get_next_u16: here:6
04-25 11:55:51.630 D/pskey_bt(  329): char:0, 0
04-25 11:55:51.630 D/pskey_bt(  329): get_one_item(data) = 0x0
04-25 11:55:51.630 D/pskey_bt(  329): get_next_u16: here:0
04-25 11:55:51.630 D/pskey_bt(  329): char:0, 0
04-25 11:55:51.630 D/pskey_bt(  329): char:0, 0
04-25 11:55:51.630 D/pskey_bt(  329): char:0, 0
04-25 11:55:51.630 D/pskey_bt(  329): char:1, 1
04-25 11:55:51.630 D/pskey_bt(  329): get_one_item(data) = 0x1
04-25 11:55:51.630 D/pskey_bt(  329): get_next_u32: here:1
04-25 11:55:51.630 D/pskey_bt(  329): char:0, 0
04-25 11:55:51.630 D/pskey_bt(  329): char:0, 0
04-25 11:55:51.630 D/pskey_bt(  329): char:0, 0
04-25 11:55:51.630 D/pskey_bt(  329): char:0, 0
04-25 11:55:51.630 D/pskey_bt(  329): get_one_item(data) = 0x0
04-25 11:55:51.630 D/pskey_bt(  329): get_next_u32: here:0
04-25 11:55:51.630 D/pskey_bt(  329): char:0, 0
04-25 11:55:51.630 D/pskey_bt(  329): char:0, 0
04-25 11:55:51.630 D/pskey_bt(  329): char:0, 0
04-25 11:55:51.630 D/pskey_bt(  329): char:0, 0
04-25 11:55:51.630 D/pskey_bt(  329): get_one_item(data) = 0x0
04-25 11:55:51.630 D/pskey_bt(  329): get_next_u32: here:0
04-25 11:55:51.630 D/pskey_bt(  329): char:0, 0
04-25 11:55:51.630 D/pskey_bt(  329): char:0, 0
04-25 11:55:51.630 D/pskey_bt(  329): char:0, 0
04-25 11:55:51.630 D/pskey_bt(  329): char:0, 0
04-25 11:55:51.630 D/pskey_bt(  329): get_one_item(data) = 0x0
04-25 11:55:51.630 D/pskey_bt(  329): get_next_u32: here:0
04-25 11:55:51.630 D/pskey_bt(  329): char:0, 0
04-25 11:55:51.630 D/pskey_bt(  329): char:0, 0
04-25 11:55:51.630 D/pskey_bt(  329): char:0, 0
04-25 11:55:51.630 D/pskey_bt(  329): char:0, 0
04-25 11:55:51.630 D/pskey_bt(  329): get_one_item(data) = 0x0
04-25 11:55:51.630 D/pskey_bt(  329): get_next_u32: here:0
04-25 11:55:51.630 D/pskey_bt(  329): char:0, 0
04-25 11:55:51.630 D/pskey_bt(  329): char:0, 0
04-25 11:55:51.630 D/pskey_bt(  329): char:0, 0
04-25 11:55:51.630 D/pskey_bt(  329): char:0, 0
04-25 11:55:51.630 D/pskey_bt(  329): get_one_item(data) = 0x0
04-25 11:55:51.630 D/pskey_bt(  329): get_next_u32: here:0
04-25 11:55:51.630 D/pskey_bt(  329): char:0, 0
04-25 11:55:51.630 D/pskey_bt(  329): char:0, 0
04-25 11:55:51.630 D/pskey_bt(  329): char:0, 0
04-25 11:55:51.630 D/pskey_bt(  329): char:0, 0
04-25 11:55:51.630 D/pskey_bt(  329): get_one_item(data) = 0x0
04-25 11:55:51.630 D/pskey_bt(  329): get_next_u32: here:0
04-25 11:55:51.630 D/pskey_bt(  329): char:0, 0
04-25 11:55:51.630 D/pskey_bt(  329): char:0, 0
04-25 11:55:51.630 D/pskey_bt(  329): char:0, 0
04-25 11:55:51.630 D/pskey_bt(  329): char:0, 0
04-25 11:55:51.630 D/pskey_bt(  329): get_one_item(data) = 0x0
04-25 11:55:51.630 D/pskey_bt(  329): get_next_u32: here:0
04-25 11:55:51.630 D/pskey_bt(  329): char:0, 0
04-25 11:55:51.630 D/pskey_bt(  329): char:0, 0
04-25 11:55:51.630 D/pskey_bt(  329): char:0, 0
04-25 11:55:51.630 D/pskey_bt(  329): char:0, 0
04-25 11:55:51.630 D/pskey_bt(  329): get_one_item(data) = 0x0
04-25 11:55:51.630 D/pskey_bt(  329): get_next_u32: here:0
04-25 11:55:51.630 D/pskey_bt(  329): get_one_item(data) = 0x0
04-25 11:55:51.630 D/pskey_bt(  329): get_next_u32: here:0
04-25 11:55:51.630 D/pskey_bt(  329): leave out tmp_buff=
04-25 11:55:51.630 D/pskey_bt(  329): parse pskey success, tmp_buff=0x324120
04-25 11:55:51.630 D/pskey_bt(  329): ret get pskey from file =0
04-25 11:55:51.630 D/pskey_bt(  329): data/btmac.txt does not exist 0 
04-25 11:55:51.730 D/pskey_bt(  329): tmp_mac:0065514deb0e
04-25 11:55:51.730 D/pskey_bt(  329): e  
04-25 11:55:51.730 D/pskey_bt(  329): eb  
04-25 11:55:51.730 D/pskey_bt(  329): 4d  
04-25 11:55:51.730 D/pskey_bt(  329): 51  
04-25 11:55:51.730 D/pskey_bt(  329): 65  
04-25 11:55:51.730 D/pskey_bt(  329): 0  
04-25 11:55:51.980 I/nsVolume(   84): nsVolume: sdcard state Mounted @ '/mnt/sdcard' gen 1 locked 0 fake 0 media 1 sharing 0 formatting 0
04-25 11:55:51.980 I/AutoMounter(   84): UpdateState: umsAvail:1 umsEnabled:1 mode:0 usbCablePluggedIn:1 tryToShare:0
04-25 11:55:51.980 I/AutoMounter(   84): UpdateState: Volume sdcard is Mounted and inserted @ /mnt/sdcard gen 1 locked 0 sharing n
04-25 11:55:51.980 I/AutoMounter(   84): UpdateState: umsAvail:1 umsEnabled:1 mode:0 usbCablePluggedIn:1 tryToShare:0
04-25 11:55:51.980 I/AutoMounter(   84): UpdateState: Volume sdcard is Mounted and inserted @ /mnt/sdcard gen 1 locked 0 sharing n
04-25 11:55:52.050 I/Gonk    (   84): RIL[0]: OnConnectSuccess
04-25 11:55:52.240 I/Gonk    (   84): RIL[1]: OnConnectSuccess
04-25 11:55:52.400 I/Gecko   (   84): 1398452152412	Marionette	DEBUG	accepted connection on 127.0.0.1:40547
04-25 11:55:52.770 E/bluedroid(   84): test bt_is_enabled
04-25 11:55:53.500 D/NetUtils(   84): failed to remove default route for wlan0: No such device
04-25 11:55:53.510 W/WifiHW  (   84): wifi_load_driver enter 262
04-25 11:55:53.510 W/WifiHW  (   84): DRIVER_MODULE_PATH= DRIVER_MODULE_ARG= 
04-25 11:55:53.510 W/WifiHW  (   84): driver insmod complete 
04-25 11:55:53.510 W/WifiHW  (   84): Driver() loaded succesffuly
04-25 11:55:53.760 W/WifiHW  (   87): wifi_change_fw_path: /system/lib/modules/itm_sta.ko
04-25 11:55:53.760 D/WifiHW  (   87): Unable to unload driver module "itm_ap.ko": No such file or directory
04-25 11:55:53.960 D/WifiHW  (   87): Unable to unload driver module "itm_sta.ko": No such file or directory
04-25 11:55:54.160 W/WifiHW  (   87): insmod filename=/system/lib/modules/itm_sta.ko args= 
04-25 11:55:54.300 V/AudioPolicyManagerBase(   89): setStreamVolumeIndex() stream 3, index 0
04-25 11:55:54.300 E/AudioPolicyManagerBase(   89): checkAndSetVolume stream=3, index=0, output=1, device=2
04-25 11:55:54.300 E/AudioPolicyManagerBase(   89): computeVolume, streamDesc=0xd14bf0
04-25 11:55:54.300 V/AudioPolicyManagerBase(   89): setStreamVolume() for output 1 stream 3, volume 0.000000, delay 0
04-25 11:55:54.310 V/AudioPolicyManagerBase(   89): setStreamVolumeIndex() stream 1, index 0
04-25 11:55:54.310 E/AudioPolicyManagerBase(   89): checkAndSetVolume stream=1, index=0, output=1, device=2
04-25 11:55:54.310 E/AudioPolicyManagerBase(   89): computeVolume, streamDesc=0xd14bb8
04-25 11:55:54.310 V/AudioPolicyManagerBase(   89): setStreamVolume() for output 1 stream 1, volume 0.000000, delay 0
04-25 11:55:54.350 V/AudioPolicyManagerBase(   89): setStreamVolumeIndex() stream 5, index 0
04-25 11:55:54.350 E/AudioPolicyManagerBase(   89): checkAndSetVolume stream=5, index=0, output=1, device=2
04-25 11:55:54.350 E/AudioPolicyManagerBase(   89): computeVolume, streamDesc=0xd14c28
04-25 11:55:54.350 V/AudioPolicyManagerBase(   89): setStreamVolume() for output 1 stream 5, volume 0.000000, delay 0
04-25 11:55:54.350 V/AudioPolicyManagerBase(   89): setStreamVolumeIndex() stream 2, index 0
04-25 11:55:54.350 E/AudioPolicyManagerBase(   89): checkAndSetVolume stream=2, index=0, output=1, device=2
04-25 11:55:54.350 E/AudioPolicyManagerBase(   89): computeVolume, streamDesc=0xd14bd4
04-25 11:55:54.350 V/AudioPolicyManagerBase(   89): setStreamVolume() for output 1 stream 2, volume 0.000000, delay 0
04-25 11:55:54.350 V/AudioPolicyManagerBase(   89): setStreamVolumeIndex() stream 4, index 15
04-25 11:55:54.350 E/AudioPolicyManagerBase(   89): checkAndSetVolume stream=4, index=15, output=1, device=2
04-25 11:55:54.350 E/AudioPolicyManagerBase(   89): computeVolume, streamDesc=0xd14c0c
04-25 11:55:54.350 V/AudioPolicyManagerBase(   89): VOLUME vol index=[66 100 100], dB=[-10.2 0.0 0.0] ampl=1.00000
04-25 11:55:54.350 V/AudioPolicyManagerBase(   89): setStreamVolumeIndex() stream 0, index 5
04-25 11:55:54.350 E/AudioPolicyManagerBase(   89): checkAndSetVolume stream=0, index=5, output=1, device=2
04-25 11:55:54.350 E/AudioPolicyManagerBase(   89): computeVolume, streamDesc=0xd14b9c
04-25 11:55:54.350 V/AudioPolicyManagerBase(   89): VOLUME vol index=[66 100 100], dB=[-17.0 0.0 0.0] ampl=1.00000
04-25 11:55:54.350 V/AudioPolicyManagerBase(   89): setStreamVolumeIndex() stream 6, index 15
04-25 11:55:54.350 V/AudioPolicyManagerBase(   89): checkAndSetVolume() cannot set stream 6 volume with force use = 0 for comm
04-25 11:55:54.710 I/Gecko   (   84): -*- RadioInterface[0]: _lastKnownHomeNetwork: 310-410
04-25 11:55:54.760 I/Gecko   (   84): -*- RadioInterface[1]: _lastKnownHomeNetwork: 214-07
04-25 11:55:55.220 E/Profiler(  349): BEGIN mozilla_sampler_init
04-25 11:55:55.220 E/Profiler(  349): BPUnw: [1 total] thread_register_for_profiling(me=0x40066488, stacktop=0xbe8b79b7)
04-25 11:55:55.220 E/Profiler(  349): SPS:
04-25 11:55:55.220 E/Profiler(  349): SPS: Unwind mode       = pseudo
04-25 11:55:55.220 E/Profiler(  349): SPS: Sampling interval = 0 ms (zero means "platform default")
04-25 11:55:55.220 E/Profiler(  349): SPS: Entry store size  = 0 (zero means "platform default")
04-25 11:55:55.220 E/Profiler(  349): SPS: UnwindStackScan   = 0 (max dubious frames per unwind).
04-25 11:55:55.220 E/Profiler(  349): SPS: Use env var MOZ_PROFILER_MODE=help for further information.
04-25 11:55:55.220 E/Profiler(  349): SPS:
04-25 11:55:55.220 E/Profiler(  349): Registering start signal
04-25 11:55:55.420 I/Gecko   (   84): -*- RadioInterface[0]: _lastKnownHomeNetwork: 310-410
04-25 11:55:55.560 I/VolumeManager(   84): SetSharingMode for volume sdcard to 1 canBeShared = 1
04-25 11:55:55.560 I/AutoMounter(   84): UpdateState: umsAvail:1 umsEnabled:1 mode:0 usbCablePluggedIn:1 tryToShare:0
04-25 11:55:55.560 I/AutoMounter(   84): UpdateState: Volume sdcard is Mounted and inserted @ /mnt/sdcard gen 1 locked 0 sharing y
04-25 11:55:55.700 E/GeckoConsole(  349): Could not read chrome manifest 'file:///system/b2g/chrome.manifest'.
04-25 11:55:55.960 I/Gecko   (   84): ###################################### forms.js loaded
04-25 11:55:55.980 I/Gecko   (   84): ############################### browserElementPanning.js loaded
04-25 11:55:56.070 I/Gecko   (   84): ######################## BrowserElementChildPreload.js loaded
04-25 11:55:56.170 I/Gecko   (   84): *** UTM:SVC TimerManager:registerTimer - id: user-agent-updates-timer
04-25 11:55:56.170 E/GeckoConsole(   84): UTM:SVC TimerManager:registerTimer - id: user-agent-updates-timer
04-25 11:55:56.460 E/Profiler(   84): BPUnw: [1 total] thread_unregister_for_profiling(me=0x1c9e2f8)  (NOT REGISTERED) 
04-25 11:55:57.150 D/SoftapController(   87): Softap fwReload - Ok
04-25 11:55:57.150 E/BandwidthController(   87): No such iface wlan0 to delete
04-25 11:55:57.470 E/GeckoConsole(   84): [JavaScript Warning: "Error in parsing value for 'font-weight'.  Declaration dropped." {file: "app://system.gaiamobile.org/style/shrinking_ui/shrinking_ui.css" line: 9 column: 15 source: "  font-weight: medium;"}]
04-25 11:55:57.970 D/Sensors (   84): activate handle=0; drv=0
04-25 11:55:57.970 D/Sensors (   84): Lis3dhSensor: Control set 0
04-25 11:55:57.970 D/Sensors (   84): Lis3dhSensor: mEnabled = 0
04-25 11:55:57.980 I/Gecko   (   84): MobileConnection initialized
04-25 11:55:57.980 I/Gecko   (   84): MobileConnection initialized
04-25 11:55:58.520 I/Gecko   (   84): Attempting load of libEGL.so
04-25 11:55:58.590 D/libEGL  (   84): loaded /system/lib/egl/libEGL_mali.so
04-25 11:55:58.620 D/libEGL  (   84): loaded /system/lib/egl/libGLESv1_CM_mali.so
04-25 11:55:58.630 D/libEGL  (   84): loaded /system/lib/egl/libGLESv2_mali.so
04-25 11:55:58.640 I/HWComposer(   84): Creating new instance
04-25 11:55:58.640 E/HWComposer(   84): Failed to initialize hwc
04-25 11:55:58.700 E/GeckoConsole(   84): OpenGL compositor Initialized Succesfully.
04-25 11:55:58.700 E/GeckoConsole(   84): Version: OpenGL ES 2.0 Spreadtrum Build
04-25 11:55:58.700 E/GeckoConsole(   84): Vendor: ARM
04-25 11:55:58.700 E/GeckoConsole(   84): Renderer: Mali-300
04-25 11:55:58.700 E/GeckoConsole(   84): FBO Texture Target: TEXTURE_2D
04-25 11:55:59.160 I/Gonk    (   84): Setting nice for pid 360 to 18
04-25 11:55:59.160 I/Gonk    (   84): Changed nice for pid 360 from 0 to 18.
04-25 11:55:59.350 I/Gecko   (   84): 1398452159360	Marionette	DEBUG	accepted connection on 127.0.0.1:40548
04-25 11:55:59.550 E/WifiHW  (   84): Leo ensure_config_file_exists config_file=/data/misc/wifi/wpa_supplicant.conf
04-25 11:55:59.550 E/WifiHW  (   84): daemon_cmd=wpa_supplicant:-iwlan0 -c/data/misc/wifi/wpa_supplicant.conf
04-25 11:56:00.510 E/slog    (  317): handle_top_logdir: slog use external storage [17]
04-25 11:56:01.440 I/power   (   84): *** set_screen_state 1
04-25 11:56:01.440 D/Sensors (   84): activate handle=3; drv=1
04-25 11:56:01.440 D/Sensors (   84): SensorTMD2771::setEnable=0= en=1; newState=1; what=0; mEnabled=0
04-25 11:56:01.590 D/Sensors (   84): taos ---Light::TAOS_IOCTL_ALS_ON=== err=0
04-25 11:56:01.590 D/Sensors (   84): SensorTMD2771::setEnable=1= en=1; newState=1; what=0; mEnabled=1
04-25 11:56:01.590 D/Sensors (   84): SensorTMD2771::getEnable===mEnabled=0x1; enable=1
04-25 11:56:01.600 I/GeckoDump(   84): XXX FIXME : Got a mozContentEvent: nfc-hardware-state-change
04-25 11:56:01.690 I/Gecko   (   84): ############################### browserElementPanning.js loaded
04-25 11:56:01.720 I/Gecko   (   84): ######################## BrowserElementChildPreload.js loaded
04-25 11:56:01.780 I/GeckoDump(   84): XXX FIXME : Got a mozContentEvent: system-message-listener-ready
04-25 11:56:01.830 W/WifiHW  (   84): wifi_command: LOG_LEVEL
04-25 11:56:01.830 W/WifiHW  (   84): wifi_command: STATUS
04-25 11:56:02.050 D/Sensors (   84): SensorTMD2771::readEvents()======data_fd=54,count=16
04-25 11:56:02.050 D/Sensors (   84): SensorTMD2771::processEvent()=====code=40::value=309 
04-25 11:56:02.050 D/Sensors (   84): SensorTMD2771: mPendingEvents[Light].light = 309.000000
04-25 11:56:02.100 W/WifiHW  (   84): wifi_command: LIST_NETWORKS
04-25 11:56:02.100 W/WifiHW  (   84): wifi_command: DRIVER MACADDR
04-25 11:56:02.720 E/Profiler(   84): BPUnw: [1 total] thread_unregister_for_profiling(me=0x1ca1610)  (NOT REGISTERED) 
04-25 11:56:02.870 I/Gecko   (   84): 1398452162874	Marionette	INFO	loaded marionette-listener.js
04-25 11:56:02.870 I/Gecko   (   84): 1398452162876	Marionette	INFO	sendToClient: {"from":"0","value":"3-b2g"}, {d8c74bd1-1551-45d7-82c1-8057ce3a5a35}, {d8c74bd1-1551-45d7-82c1-8057ce3a5a35}
04-25 11:56:02.890 W/WifiHW  (   84): wifi_command: GET_NETWORK 0 ssid
04-25 11:56:02.890 W/WifiHW  (   84): wifi_command: GET_NETWORK 0 bssid
04-25 11:56:02.890 W/WifiHW  (   84): wifi_command: GET_NETWORK 0 psk
04-25 11:56:02.890 W/WifiHW  (   84): wifi_command: GET_NETWORK 0 wep_key0
04-25 11:56:02.890 W/WifiHW  (   84): wifi_command: GET_NETWORK 0 wep_key1
04-25 11:56:02.890 W/WifiHW  (   84): wifi_command: GET_NETWORK 0 wep_key2
04-25 11:56:02.890 W/WifiHW  (   84): wifi_command: GET_NETWORK 0 wep_key3
04-25 11:56:02.890 W/WifiHW  (   84): wifi_command: GET_NETWORK 0 wep_tx_keyidx
04-25 11:56:02.890 W/WifiHW  (   84): wifi_command: GET_NETWORK 0 priority
04-25 11:56:02.890 W/WifiHW  (   84): wifi_command: GET_NETWORK 0 key_mgmt
04-25 11:56:02.890 W/WifiHW  (   84): wifi_command: GET_NETWORK 0 scan_ssid
04-25 11:56:02.890 W/WifiHW  (   84): wifi_command: GET_NETWORK 0 disabled
04-25 11:56:02.890 W/WifiHW  (   84): wifi_command: GET_NETWORK 0 identity
04-25 11:56:02.900 W/WifiHW  (   84): wifi_command: GET_NETWORK 0 password
04-25 11:56:02.900 W/WifiHW  (   84): wifi_command: GET_NETWORK 0 auth_alg
04-25 11:56:02.900 W/WifiHW  (   84): wifi_command: GET_NETWORK 0 phase1
04-25 11:56:02.900 W/WifiHW  (   84): wifi_command: GET_NETWORK 0 phase2
04-25 11:56:02.900 W/WifiHW  (   84): wifi_command: GET_NETWORK 0 eap
04-25 11:56:02.900 W/WifiHW  (   84): wifi_command: GET_NETWORK 0 pin
04-25 11:56:02.900 W/WifiHW  (   84): wifi_command: GET_NETWORK 0 pcsc
04-25 11:56:03.020 E/GeckoConsole(   84): [JavaScript Warning: "Error in parsing value for 'padding'.  Declaration dropped." {file: "app://callscreen.gaiamobile.org/style/oncall.css" line: 280 column: 13 source: "    padding: none;"}]
04-25 11:56:03.230 I/Gecko   (   84): MobileConnection initialized
04-25 11:56:03.230 I/Gecko   (   84): MobileConnection initialized
04-25 11:56:03.250 W/WifiHW  (   84): wifi_command: ENABLE_NETWORK 0
04-25 11:56:03.250 W/WifiHW  (   84): wifi_command: AP_SCAN 1
04-25 11:56:03.260 E/Profiler(   84): BPUnw: [1 total] thread_unregister_for_profiling(me=0x1ca1650)  (NOT REGISTERED) 
04-25 11:56:03.570 V/AudioPolicyManagerBase(   89): getDeviceForStrategy() from cache strategy 0, device 2
04-25 11:56:03.570 V/AudioPolicyManagerBase(   89): getOutput() stream 3, samplingRate 0, format 0, channels 3, flags 0
04-25 11:56:03.590 W/WifiHW  (   84): wifi_command: SAVE_CONFIG
04-25 11:56:04.000 I/Gecko   (   84): 1398452164011	Marionette	INFO	sendToClient: {"from":"0","value":{"ELEMENT":"{a16a47b0-5daa-407b-9515-a6d8b41a1114}"}}, {bb835816-5cc8-4cce-802a-a1d58283d13d}, {bb835816-5cc8-4cce-802a-a1d58283d13d}
04-25 11:56:04.090 I/Gecko   (   84): 1398452164096	Marionette	INFO	sendToClient: {"from":"0","value":false}, {79708a62-9112-4889-8712-fb4a485c1d58}, {79708a62-9112-4889-8712-fb4a485c1d58}
04-25 11:56:04.260 I/Gecko   (   84): 1398452164269	Marionette	INFO	sendToClient: {"from":"0","value":{"ELEMENT":"{a16a47b0-5daa-407b-9515-a6d8b41a1114}"}}, {44781ed4-2f5e-4a8d-aef2-2537323a91ce}, {44781ed4-2f5e-4a8d-aef2-2537323a91ce}
04-25 11:56:04.510 I/Gecko   (   84): 1398452164518	Marionette	INFO	sendToClient: {"from":"0","value":false}, {95a50629-720b-461f-a123-85e692c8edb4}, {95a50629-720b-461f-a123-85e692c8edb4}
04-25 11:56:05.360 I/Gecko   (   84): 1398452165365	Marionette	INFO	sendToClient: {"from":"0","value":{"ELEMENT":"{a16a47b0-5daa-407b-9515-a6d8b41a1114}"}}, {b4c85d1f-bde0-418c-be58-d1edfa91e68b}, {b4c85d1f-bde0-418c-be58-d1edfa91e68b}
04-25 11:56:05.410 I/Gecko   (   84): 1398452165422	Marionette	INFO	sendToClient: {"from":"0","value":false}, {3343d716-78dd-4abb-86da-645517f2a1f4}, {3343d716-78dd-4abb-86da-645517f2a1f4}
04-25 11:56:05.560 I/Gecko   (   84): 1398452165571	Marionette	INFO	sendToClient: {"from":"0","value":{"ELEMENT":"{a16a47b0-5daa-407b-9515-a6d8b41a1114}"}}, {dca38403-3f4a-4c2c-b7a6-121522654df6}, {dca38403-3f4a-4c2c-b7a6-121522654df6}
04-25 11:56:05.630 I/Gecko   (   84): 1398452165638	Marionette	INFO	sendToClient: {"from":"0","value":false}, {aac61209-4bb0-434a-9375-dc41cc14d1af}, {aac61209-4bb0-434a-9375-dc41cc14d1af}
04-25 11:56:05.710 I/GeckoDump(   84): XXX FIXME : Got a mozContentEvent: accessibility-screenreader
04-25 11:56:05.760 I/GeckoDump(   84): XXX FIXME : Got a mozContentEvent: nfc-hardware-state-change
04-25 11:56:06.050 W/WifiHW  (   84): wifi_command: DRIVER SCAN-ACTIVE
04-25 11:56:06.120 W/WifiHW  (   84): wifi_command: SCAN
04-25 11:56:06.210 W/WifiHW  (   84): wifi_command: DRIVER SCAN-PASSIVE
04-25 11:56:06.220 I/Gecko   (   84): 1398452166233	Marionette	INFO	sendToClient: {"from":"0","value":{"ELEMENT":"{a16a47b0-5daa-407b-9515-a6d8b41a1114}"}}, {e11e3bcd-9981-485d-b4e0-9fd7b27273c8}, {e11e3bcd-9981-485d-b4e0-9fd7b27273c8}
04-25 11:56:06.530 I/Gecko   (   84): 1398452166542	Marionette	INFO	sendToClient: {"from":"0","value":true}, {dcc54183-7fa7-4fdc-8afe-a3af563abb80}, {dcc54183-7fa7-4fdc-8afe-a3af563abb80}
04-25 11:56:06.810 E/GeckoConsole(   84): Content JS ERROR at app://system.gaiamobile.org/js/telephony_settings.js:23 in set_vpm_error: Error setting voice privacy.
04-25 11:56:06.810 E/GeckoConsole(   84): Content JS ERROR at app://system.gaiamobile.org/js/telephony_settings.js:23 in set_vpm_error: Error setting voice privacy.
04-25 11:56:06.810 E/GeckoConsole(   84): Content JS ERROR at app://system.gaiamobile.org/js/telephony_settings.js:42 in set_vpm_error: Error roaming preference.
04-25 11:56:06.810 E/GeckoConsole(   84): Content JS ERROR at app://system.gaiamobile.org/js/telephony_settings.js:42 in set_vpm_error: Error roaming preference.
04-25 11:56:06.840 I/FMRadio (   84): FMRadio is initialized.
04-25 11:56:07.540 E/Profiler(   84): BPUnw: [1 total] thread_unregister_for_profiling(me=0x1ca1590)  (NOT REGISTERED) 
04-25 11:56:07.850 I/GeckoDump(   84): XXX FIXME : Got a mozContentEvent: inputmethod-update-layouts
04-25 11:56:07.930 I/Gecko   (   84): ############################### browserElementPanning.js loaded
04-25 11:56:07.960 I/Gecko   (   84): ######################## BrowserElementChildPreload.js loaded
04-25 11:56:08.090 I/GeckoDump(   84): XXX FIXME : Got a mozContentEvent: inputmethod-update-layouts
04-25 11:56:08.960 E/GeckoConsole(   84): [JavaScript Warning: "Error in parsing value for 'font-weight'.  Declaration dropped." {file: "app://keyboard.gaiamobile.org/style/keyboard.css" line: 133 column: 15 source: "  font-weight: medium;"}]
